[2026-04-03T02:49:31.331+0600][0.005s][info][gc] Heuristics ergonomically sets -XX:+ExplicitGCInvokesConcurrent
[2026-04-03T02:49:31.331+0600][0.005s][info][gc] Heuristics ergonomically sets -XX:+ShenandoahImplicitGCInvokesConcurrent
[2026-04-03T02:49:31.332+0600][0.006s][info][gc] Using Shenandoah
[2026-04-03T02:49:31.333+0600][0.007s][info][gc,ergo] Pacer for Idle. Initial: 40960K, Alloc Tax Rate: 1.0x
[2026-04-03T02:49:31.333+0600][0.007s][info][gc,init] Version: 21.0.10+7-Ubuntu-124.04 (release)
[2026-04-03T02:49:31.333+0600][0.007s][info][gc,init] CPUs: 12 total, 12 available
[2026-04-03T02:49:31.333+0600][0.007s][info][gc,init] Memory: 15683M
[2026-04-03T02:49:31.333+0600][0.007s][info][gc,init] Large Page Support: Disabled
[2026-04-03T02:49:31.333+0600][0.007s][info][gc,init] NUMA Support: Disabled
[2026-04-03T02:49:31.333+0600][0.007s][info][gc,init] Compressed Oops: Enabled (32-bit)
[2026-04-03T02:49:31.333+0600][0.007s][info][gc,init] Heap Min Capacity: 6656K
[2026-04-03T02:49:31.333+0600][0.007s][info][gc,init] Heap Initial Capacity: 251392K
[2026-04-03T02:49:31.333+0600][0.007s][info][gc,init] Heap Max Capacity: 2000M
[2026-04-03T02:49:31.333+0600][0.007s][info][gc,init] Pre-touch: Disabled
[2026-04-03T02:49:31.333+0600][0.007s][info][gc,init] Mode: Snapshot-At-The-Beginning (SATB)
[2026-04-03T02:49:31.333+0600][0.007s][info][gc,init] Heuristics: Adaptive
[2026-04-03T02:49:31.333+0600][0.007s][info][gc,init] Heap Region Count: 4000
[2026-04-03T02:49:31.333+0600][0.007s][info][gc,init] Heap Region Size: 512K
[2026-04-03T02:49:31.333+0600][0.007s][info][gc,init] TLAB Size Max: 512K
[2026-04-03T02:49:31.333+0600][0.007s][info][gc,init] Humongous Object Threshold: 512K
[2026-04-03T02:49:31.333+0600][0.007s][info][gc,init] Parallel Workers: 6
[2026-04-03T02:49:31.333+0600][0.007s][info][gc,init] Concurrent Workers: 3
[2026-04-03T02:49:31.344+0600][0.017s][info][gc,metaspace] CDS archive(s) mapped at: [0x00007ab9f3000000-0x00007ab9f3c9c000-0x00007ab9f3c9c000), size 13221888, SharedBaseAddress: 0x00007ab9f3000000, ArchiveRelocationMode: 1.
[2026-04-03T02:49:31.344+0600][0.017s][info][gc,metaspace] Compressed class space mapped at: 0x00007ab9f4000000-0x00007aba34000000, reserved size: 1073741824
[2026-04-03T02:49:31.344+0600][0.017s][info][gc,metaspace] Narrow klass base: 0x00007ab9f3000000, Narrow klass shift: 0, Narrow klass range: 0x100000000
[2026-04-03T02:49:35.517+0600][4.191s][info][gc          ] Trigger: Metadata GC Threshold
[2026-04-03T02:49:35.517+0600][4.191s][info][gc,ergo     ] Free: 1531M, Max: 512K regular, 1531M humongous, Frag: 0% external, 0% internal; Reserve: 100M, Max: 512K
[2026-04-03T02:49:35.517+0600][4.191s][info][gc,start    ] GC(0) Concurrent reset
[2026-04-03T02:49:35.518+0600][4.191s][info][gc,task     ] GC(0) Using 3 of 6 workers for concurrent reset
[2026-04-03T02:49:35.518+0600][4.191s][info][gc,ergo     ] GC(0) Pacer for Reset. Non-Taxable: 2000M
[2026-04-03T02:49:35.518+0600][4.192s][info][gc          ] GC(0) Concurrent reset 0.768ms
[2026-04-03T02:49:35.519+0600][4.193s][info][gc,start    ] GC(0) Pause Init Mark (unload classes)
[2026-04-03T02:49:35.519+0600][4.193s][info][gc,task     ] GC(0) Using 6 of 6 workers for init marking
[2026-04-03T02:49:35.519+0600][4.193s][info][gc,ergo     ] GC(0) Pacer for Mark. Expected Live: 200M, Free: 1531M, Non-Taxable: 153M, Alloc Tax Rate: 0.2x
[2026-04-03T02:49:35.519+0600][4.193s][info][gc          ] GC(0) Pause Init Mark (unload classes) 0.590ms
[2026-04-03T02:49:35.519+0600][4.193s][info][gc,start    ] GC(0) Concurrent marking roots
[2026-04-03T02:49:35.519+0600][4.193s][info][gc,task     ] GC(0) Using 3 of 6 workers for concurrent marking roots
[2026-04-03T02:49:35.522+0600][4.196s][info][gc          ] GC(0) Concurrent marking roots 3.043ms
[2026-04-03T02:49:35.522+0600][4.196s][info][gc,start    ] GC(0) Concurrent marking (unload classes)
[2026-04-03T02:49:35.522+0600][4.196s][info][gc,task     ] GC(0) Using 3 of 6 workers for concurrent marking
[2026-04-03T02:49:35.532+0600][4.206s][info][gc          ] GC(0) Concurrent marking (unload classes) 9.448ms
[2026-04-03T02:49:35.532+0600][4.206s][info][gc,start    ] GC(0) Pause Final Mark (unload classes)
[2026-04-03T02:49:35.532+0600][4.206s][info][gc,task     ] GC(0) Using 6 of 6 workers for final marking
[2026-04-03T02:49:35.533+0600][4.206s][info][gc,ergo     ] GC(0) Adaptive CSet Selection. Target Free: 283M, Actual Free: 1630M, Max CSet: 85333K, Min Garbage: 0B
[2026-04-03T02:49:35.533+0600][4.207s][info][gc,ergo     ] GC(0) Collectable Garbage: 349M (99%), Immediate: 0B (0%), CSet: 349M (99%)
[2026-04-03T02:49:35.533+0600][4.207s][info][gc,ergo     ] GC(0) Pacer for Evacuation. Used CSet: 361M, Free: 1530M, Non-Taxable: 153M, Alloc Tax Rate: 1.1x
[2026-04-03T02:49:35.533+0600][4.207s][info][gc          ] GC(0) Pause Final Mark (unload classes) 0.739ms
[2026-04-03T02:49:35.533+0600][4.207s][info][gc,start    ] GC(0) Concurrent thread roots
[2026-04-03T02:49:35.533+0600][4.207s][info][gc,task     ] GC(0) Using 3 of 6 workers for Concurrent thread roots
[2026-04-03T02:49:35.533+0600][4.207s][info][gc          ] GC(0) Concurrent thread roots 0.524ms
[2026-04-03T02:49:35.534+0600][4.207s][info][gc,start    ] GC(0) Concurrent weak references
[2026-04-03T02:49:35.534+0600][4.207s][info][gc,task     ] GC(0) Using 3 of 6 workers for concurrent weak references
[2026-04-03T02:49:35.534+0600][4.208s][info][gc,ref      ] GC(0) Encountered references: Soft: 3500, Weak: 1468, Final: 0, Phantom: 563
[2026-04-03T02:49:35.534+0600][4.208s][info][gc,ref      ] GC(0) Discovered  references: Soft: 0, Weak: 1053, Final: 0, Phantom: 560
[2026-04-03T02:49:35.534+0600][4.208s][info][gc,ref      ] GC(0) Enqueued    references: Soft: 0, Weak: 460, Final: 0, Phantom: 0
[2026-04-03T02:49:35.534+0600][4.208s][info][gc          ] GC(0) Concurrent weak references 0.483ms
[2026-04-03T02:49:35.534+0600][4.208s][info][gc,start    ] GC(0) Concurrent weak roots
[2026-04-03T02:49:35.534+0600][4.208s][info][gc,task     ] GC(0) Using 3 of 6 workers for concurrent weak root
[2026-04-03T02:49:35.535+0600][4.209s][info][gc          ] GC(0) Concurrent weak roots 0.981ms
[2026-04-03T02:49:35.535+0600][4.209s][info][gc,start    ] GC(0) Concurrent cleanup
[2026-04-03T02:49:35.535+0600][4.209s][info][gc          ] GC(0) Concurrent cleanup 368M->368M(370M) 0.201ms
[2026-04-03T02:49:35.535+0600][4.209s][info][gc,ergo     ] GC(0) Free: 1530M, Max: 512K regular, 1530M humongous, Frag: 0% external, 0% internal; Reserve: 101888K, Max: 512K
[2026-04-03T02:49:35.535+0600][4.209s][info][gc,start    ] GC(0) Concurrent class unloading
[2026-04-03T02:49:35.535+0600][4.209s][info][gc,task     ] GC(0) Using 3 of 6 workers for concurrent class unloading
[2026-04-03T02:49:35.538+0600][4.211s][info][gc          ] GC(0) Concurrent class unloading 2.297ms
[2026-04-03T02:49:35.538+0600][4.212s][info][gc,start    ] GC(0) Concurrent strong roots
[2026-04-03T02:49:35.538+0600][4.212s][info][gc,task     ] GC(0) Using 3 of 6 workers for concurrent strong root
[2026-04-03T02:49:35.539+0600][4.213s][info][gc          ] GC(0) Concurrent strong roots 1.383ms
[2026-04-03T02:49:35.539+0600][4.213s][info][gc,start    ] GC(0) Concurrent evacuation
[2026-04-03T02:49:35.539+0600][4.213s][info][gc,task     ] GC(0) Using 3 of 6 workers for concurrent evacuation
[2026-04-03T02:49:35.546+0600][4.220s][info][gc          ] GC(0) Concurrent evacuation 7.332ms
[2026-04-03T02:49:35.547+0600][4.220s][info][gc,start    ] GC(0) Pause Init Update Refs
[2026-04-03T02:49:35.547+0600][4.220s][info][gc,ergo     ] GC(0) Pacer for Update Refs. Used: 382M, Free: 1530M, Non-Taxable: 153M, Alloc Tax Rate: 1.1x
[2026-04-03T02:49:35.547+0600][4.221s][info][gc          ] GC(0) Pause Init Update Refs 0.055ms
[2026-04-03T02:49:35.547+0600][4.221s][info][gc,start    ] GC(0) Concurrent update references
[2026-04-03T02:49:35.547+0600][4.221s][info][gc,task     ] GC(0) Using 3 of 6 workers for concurrent reference update
[2026-04-03T02:49:35.552+0600][4.226s][info][gc          ] GC(0) Concurrent update references 4.966ms
[2026-04-03T02:49:35.552+0600][4.226s][info][gc,start    ] GC(0) Concurrent update thread roots
[2026-04-03T02:49:35.553+0600][4.227s][info][gc          ] GC(0) Concurrent update thread roots 1.061ms
[2026-04-03T02:49:35.553+0600][4.227s][info][gc,start    ] GC(0) Pause Final Update Refs
[2026-04-03T02:49:35.553+0600][4.227s][info][gc,task     ] GC(0) Using 6 of 6 workers for final reference update
[2026-04-03T02:49:35.553+0600][4.227s][info][gc          ] GC(0) Pause Final Update Refs 0.156ms
[2026-04-03T02:49:35.553+0600][4.227s][info][gc,start    ] GC(0) Concurrent cleanup
[2026-04-03T02:49:35.554+0600][4.227s][info][gc          ] GC(0) Concurrent cleanup 382M->21M(384M) 0.288ms
[2026-04-03T02:49:35.554+0600][4.227s][info][gc,ergo     ] Free: 1876M, Max: 512K regular, 1515M humongous, Frag: 20% external, 0% internal; Reserve: 100M, Max: 512K
[2026-04-03T02:49:35.554+0600][4.227s][info][gc,stats    ] 
[2026-04-03T02:49:35.554+0600][4.227s][info][gc,stats    ] All times are wall-clock times, except per-root-class counters, that are sum over
[2026-04-03T02:49:35.554+0600][4.227s][info][gc,stats    ] all workers. Dividing the <total> over the root stage time estimates parallelism.
[2026-04-03T02:49:35.554+0600][4.227s][info][gc,stats    ] 
[2026-04-03T02:49:35.554+0600][4.227s][info][gc,stats    ] Concurrent Reset                    795 us
[2026-04-03T02:49:35.554+0600][4.227s][info][gc,stats    ] Pause Init Mark (G)                1428 us
[2026-04-03T02:49:35.554+0600][4.228s][info][gc,stats    ] Pause Init Mark (N)                 601 us
[2026-04-03T02:49:35.554+0600][4.228s][info][gc,stats    ]   Update Region States               59 us
[2026-04-03T02:49:35.554+0600][4.228s][info][gc,stats    ] Concurrent Mark Roots              3091 us, parallelism: 1.44x
[2026-04-03T02:49:35.554+0600][4.228s][info][gc,stats    ]   CMR: <total>                     4437 us
[2026-04-03T02:49:35.554+0600][4.228s][info][gc,stats    ]   CMR: Thread Roots                2935 us, workers (us): 2615, 320,   0, ---, ---, ---, 
[2026-04-03T02:49:35.554+0600][4.228s][info][gc,stats    ]   CMR: VM Strong Roots              681 us, workers (us): 243, 323, 116, ---, ---, ---, 
[2026-04-03T02:49:35.554+0600][4.228s][info][gc,stats    ]   CMR: CLDG Roots                   821 us, workers (us): ---, ---, 821, ---, ---, ---, 
[2026-04-03T02:49:35.554+0600][4.228s][info][gc,stats    ] Concurrent Marking                 9535 us
[2026-04-03T02:49:35.554+0600][4.228s][info][gc,stats    ] Pause Final Mark (G)                944 us
[2026-04-03T02:49:35.554+0600][4.228s][info][gc,stats    ] Pause Final Mark (N)                750 us
[2026-04-03T02:49:35.554+0600][4.228s][info][gc,stats    ]   Finish Mark                       297 us
[2026-04-03T02:49:35.554+0600][4.228s][info][gc,stats    ]   Update Region States               43 us
[2026-04-03T02:49:35.554+0600][4.228s][info][gc,stats    ]   Choose Collection Set             293 us
[2026-04-03T02:49:35.554+0600][4.228s][info][gc,stats    ]   Rebuild Free Set                   34 us
[2026-04-03T02:49:35.554+0600][4.228s][info][gc,stats    ] Concurrent Thread Roots             574 us, parallelism: 0.68x
[2026-04-03T02:49:35.554+0600][4.228s][info][gc,stats    ]   CTR: <total>                      392 us
[2026-04-03T02:49:35.554+0600][4.228s][info][gc,stats    ]   CTR: Thread Roots                 392 us, workers (us): 306,  77,   9, ---, ---, ---, 
[2026-04-03T02:49:35.554+0600][4.228s][info][gc,stats    ] Concurrent Weak References          495 us, parallelism: 1.12x
[2026-04-03T02:49:35.554+0600][4.228s][info][gc,stats    ]   CWRF: <total>                     552 us
[2026-04-03T02:49:35.554+0600][4.228s][info][gc,stats    ]   CWRF: Weak References             552 us, workers (us): 261, 290,   1, ---, ---, ---, 
[2026-04-03T02:49:35.554+0600][4.228s][info][gc,stats    ] Concurrent Weak Roots              1033 us
[2026-04-03T02:49:35.554+0600][4.228s][info][gc,stats    ]   Roots                             848 us, parallelism: 2.29x
[2026-04-03T02:49:35.554+0600][4.228s][info][gc,stats    ]     CWR: <total>                   1940 us
[2026-04-03T02:49:35.554+0600][4.228s][info][gc,stats    ]     CWR: Code Cache Roots           708 us, workers (us): 225, 250, 233, ---, ---, ---, 
[2026-04-03T02:49:35.554+0600][4.228s][info][gc,stats    ]     CWR: VM Weak Roots             1222 us, workers (us): 412, 427, 382, ---, ---, ---, 
[2026-04-03T02:49:35.554+0600][4.228s][info][gc,stats    ]     CWR: CLDG Roots                  11 us, workers (us):  11, ---, ---, ---, ---, ---, 
[2026-04-03T02:49:35.554+0600][4.228s][info][gc,stats    ]   Rendezvous                        111 us
[2026-04-03T02:49:35.554+0600][4.228s][info][gc,stats    ] Concurrent Cleanup                  222 us
[2026-04-03T02:49:35.554+0600][4.228s][info][gc,stats    ] Concurrent Class Unloading         2353 us
[2026-04-03T02:49:35.554+0600][4.228s][info][gc,stats    ]   Unlink Stale                     1358 us
[2026-04-03T02:49:35.554+0600][4.228s][info][gc,stats    ]     System Dictionary                40 us
[2026-04-03T02:49:35.554+0600][4.228s][info][gc,stats    ]     Weak Class Links                  0 us
[2026-04-03T02:49:35.554+0600][4.228s][info][gc,stats    ]     Code Roots                     1315 us
[2026-04-03T02:49:35.554+0600][4.228s][info][gc,stats    ]   Rendezvous                        119 us
[2026-04-03T02:49:35.554+0600][4.228s][info][gc,stats    ]   Purge Unlinked                    794 us
[2026-04-03T02:49:35.554+0600][4.228s][info][gc,stats    ]     Code Roots                      782 us
[2026-04-03T02:49:35.554+0600][4.228s][info][gc,stats    ]     CLDG                             12 us
[2026-04-03T02:49:35.554+0600][4.228s][info][gc,stats    ]     Exception Caches                  0 us
[2026-04-03T02:49:35.554+0600][4.228s][info][gc,stats    ] Concurrent Strong Roots            1429 us, parallelism: 0.84x
[2026-04-03T02:49:35.554+0600][4.228s][info][gc,stats    ]   CSR: <total>                     1198 us
[2026-04-03T02:49:35.554+0600][4.228s][info][gc,stats    ]   CSR: VM Strong Roots               18 us, workers (us):  11,   7,   0, ---, ---, ---, 
[2026-04-03T02:49:35.554+0600][4.228s][info][gc,stats    ]   CSR: CLDG Roots                  1180 us, workers (us): 1180, ---, ---, ---, ---, ---, 
[2026-04-03T02:49:35.554+0600][4.228s][info][gc,stats    ] Concurrent Evacuation              7396 us
[2026-04-03T02:49:35.554+0600][4.228s][info][gc,stats    ] Pause Init Update Refs (G)          310 us
[2026-04-03T02:49:35.554+0600][4.228s][info][gc,stats    ] Pause Init Update Refs (N)           87 us
[2026-04-03T02:49:35.554+0600][4.228s][info][gc,stats    ]   Manage GCLABs                       6 us
[2026-04-03T02:49:35.554+0600][4.228s][info][gc,stats    ] Concurrent Update Refs             5028 us
[2026-04-03T02:49:35.554+0600][4.228s][info][gc,stats    ] Concurrent Update Thread Roots     1092 us
[2026-04-03T02:49:35.554+0600][4.228s][info][gc,stats    ] Pause Final Update Refs (G)         295 us
[2026-04-03T02:49:35.554+0600][4.228s][info][gc,stats    ] Pause Final Update Refs (N)         175 us
[2026-04-03T02:49:35.554+0600][4.228s][info][gc,stats    ]   Update Region States               59 us
[2026-04-03T02:49:35.554+0600][4.228s][info][gc,stats    ]   Trash Collection Set               17 us
[2026-04-03T02:49:35.554+0600][4.228s][info][gc,stats    ]   Rebuild Free Set                   32 us
[2026-04-03T02:49:35.554+0600][4.228s][info][gc,stats    ] Concurrent Cleanup                  305 us
[2026-04-03T02:49:35.554+0600][4.228s][info][gc,stats    ] 
[2026-04-03T02:49:35.554+0600][4.228s][info][gc,stats    ] Allocation pacing accrued:
[2026-04-03T02:49:35.554+0600][4.228s][info][gc,stats    ]       0 of  4221 ms (  0.0%): <total>
[2026-04-03T02:49:35.554+0600][4.228s][info][gc,stats    ]       0 of  4221 ms (  0.0%): <average total>
[2026-04-03T02:49:35.554+0600][4.228s][info][gc,stats    ] 
[2026-04-03T02:49:35.554+0600][4.228s][info][gc,metaspace] Metaspace: 21217K(21568K)->21585K(21952K) NonClass: 18585K(18752K)->18894K(19072K) Class: 2631K(2816K)->2690K(2880K)
[2026-04-03T02:49:35.554+0600][4.228s][info][gc,ergo     ] Pacer for Idle. Initial: 40960K, Alloc Tax Rate: 1.0x
[2026-04-03T02:49:38.410+0600][7.083s][info][gc          ] Trigger: Metadata GC Threshold
[2026-04-03T02:49:38.410+0600][7.083s][info][gc,ergo     ] Free: 1751M, Max: 512K regular, 1515M humongous, Frag: 14% external, 0% internal; Reserve: 100M, Max: 512K
[2026-04-03T02:49:38.410+0600][7.084s][info][gc,start    ] GC(1) Concurrent reset
[2026-04-03T02:49:38.410+0600][7.084s][info][gc,task     ] GC(1) Using 3 of 6 workers for concurrent reset
[2026-04-03T02:49:38.410+0600][7.084s][info][gc,ergo     ] GC(1) Pacer for Reset. Non-Taxable: 2000M
[2026-04-03T02:49:38.418+0600][7.092s][info][gc          ] GC(1) Concurrent reset 8.296ms
[2026-04-03T02:49:38.418+0600][7.092s][info][gc,start    ] GC(1) Pause Init Mark (unload classes)
[2026-04-03T02:49:38.418+0600][7.092s][info][gc,task     ] GC(1) Using 6 of 6 workers for init marking
[2026-04-03T02:49:38.418+0600][7.092s][info][gc,ergo     ] GC(1) Pacer for Mark. Expected Live: 18335K, Free: 1751M, Non-Taxable: 175M, Alloc Tax Rate: 0.0x
[2026-04-03T02:49:38.418+0600][7.092s][info][gc          ] GC(1) Pause Init Mark (unload classes) 0.119ms
[2026-04-03T02:49:38.418+0600][7.092s][info][gc,start    ] GC(1) Concurrent marking roots
[2026-04-03T02:49:38.419+0600][7.092s][info][gc,task     ] GC(1) Using 3 of 6 workers for concurrent marking roots
[2026-04-03T02:49:38.420+0600][7.094s][info][gc          ] GC(1) Concurrent marking roots 1.421ms
[2026-04-03T02:49:38.420+0600][7.094s][info][gc,start    ] GC(1) Concurrent marking (unload classes)
[2026-04-03T02:49:38.420+0600][7.094s][info][gc,task     ] GC(1) Using 3 of 6 workers for concurrent marking
[2026-04-03T02:49:38.432+0600][7.105s][info][gc          ] GC(1) Concurrent marking (unload classes) 11.545ms
[2026-04-03T02:49:38.432+0600][7.106s][info][gc,start    ] GC(1) Pause Final Mark (unload classes)
[2026-04-03T02:49:38.432+0600][7.106s][info][gc,task     ] GC(1) Using 6 of 6 workers for final marking
[2026-04-03T02:49:38.432+0600][7.106s][info][gc,ergo     ] GC(1) Adaptive CSet Selection. Target Free: 283M, Actual Free: 1860M, Max CSet: 85333K, Min Garbage: 0B
[2026-04-03T02:49:38.432+0600][7.106s][info][gc,ergo     ] GC(1) Collectable Garbage: 119M (98%), Immediate: 11148K (9%), CSet: 108M (89%)
[2026-04-03T02:49:38.432+0600][7.106s][info][gc,ergo     ] GC(1) Pacer for Evacuation. Used CSet: 114M, Free: 1765M, Non-Taxable: 176M, Alloc Tax Rate: 1.1x
[2026-04-03T02:49:38.432+0600][7.106s][info][gc          ] GC(1) Pause Final Mark (unload classes) 0.563ms
[2026-04-03T02:49:38.432+0600][7.106s][info][gc,start    ] GC(1) Concurrent thread roots
[2026-04-03T02:49:38.432+0600][7.106s][info][gc,task     ] GC(1) Using 3 of 6 workers for Concurrent thread roots
[2026-04-03T02:49:38.433+0600][7.107s][info][gc          ] GC(1) Concurrent thread roots 0.362ms
[2026-04-03T02:49:38.433+0600][7.107s][info][gc,start    ] GC(1) Concurrent weak references
[2026-04-03T02:49:38.433+0600][7.107s][info][gc,task     ] GC(1) Using 3 of 6 workers for concurrent weak references
[2026-04-03T02:49:38.433+0600][7.107s][info][gc,ref      ] GC(1) Encountered references: Soft: 3857, Weak: 2537, Final: 80, Phantom: 569
[2026-04-03T02:49:38.433+0600][7.107s][info][gc,ref      ] GC(1) Discovered  references: Soft: 0, Weak: 1349, Final: 64, Phantom: 566
[2026-04-03T02:49:38.434+0600][7.107s][info][gc,ref      ] GC(1) Enqueued    references: Soft: 0, Weak: 477, Final: 0, Phantom: 1
[2026-04-03T02:49:38.434+0600][7.107s][info][gc          ] GC(1) Concurrent weak references 0.748ms
[2026-04-03T02:49:38.434+0600][7.107s][info][gc,start    ] GC(1) Concurrent weak roots
[2026-04-03T02:49:38.434+0600][7.107s][info][gc,task     ] GC(1) Using 3 of 6 workers for concurrent weak root
[2026-04-03T02:49:38.435+0600][7.109s][info][gc          ] GC(1) Concurrent weak roots 1.854ms
[2026-04-03T02:49:38.435+0600][7.109s][info][gc,start    ] GC(1) Concurrent cleanup
[2026-04-03T02:49:38.436+0600][7.110s][info][gc          ] GC(1) Concurrent cleanup 144M->133M(385M) 0.683ms
[2026-04-03T02:49:38.436+0600][7.110s][info][gc,ergo     ] GC(1) Free: 1765M, Max: 512K regular, 1515M humongous, Frag: 15% external, 0% internal; Reserve: 101468K, Max: 512K
[2026-04-03T02:49:38.436+0600][7.110s][info][gc,start    ] GC(1) Concurrent class unloading
[2026-04-03T02:49:38.436+0600][7.110s][info][gc,task     ] GC(1) Using 3 of 6 workers for concurrent class unloading
[2026-04-03T02:49:38.440+0600][7.113s][info][gc          ] GC(1) Concurrent class unloading 3.356ms
[2026-04-03T02:49:38.440+0600][7.113s][info][gc,start    ] GC(1) Concurrent strong roots
[2026-04-03T02:49:38.440+0600][7.113s][info][gc,task     ] GC(1) Using 3 of 6 workers for concurrent strong root
[2026-04-03T02:49:38.441+0600][7.115s][info][gc          ] GC(1) Concurrent strong roots 1.457ms
[2026-04-03T02:49:38.441+0600][7.115s][info][gc,start    ] GC(1) Concurrent evacuation
[2026-04-03T02:49:38.441+0600][7.115s][info][gc,task     ] GC(1) Using 3 of 6 workers for concurrent evacuation
[2026-04-03T02:49:38.446+0600][7.120s][info][gc          ] GC(1) Concurrent evacuation 5.225ms
[2026-04-03T02:49:38.447+0600][7.120s][info][gc,start    ] GC(1) Pause Init Update Refs
[2026-04-03T02:49:38.447+0600][7.120s][info][gc,ergo     ] GC(1) Pacer for Update Refs. Used: 140M, Free: 1764M, Non-Taxable: 176M, Alloc Tax Rate: 1.1x
[2026-04-03T02:49:38.447+0600][7.120s][info][gc          ] GC(1) Pause Init Update Refs 0.075ms
[2026-04-03T02:49:38.447+0600][7.121s][info][gc,start    ] GC(1) Concurrent update references
[2026-04-03T02:49:38.447+0600][7.121s][info][gc,task     ] GC(1) Using 3 of 6 workers for concurrent reference update
[2026-04-03T02:49:38.455+0600][7.129s][info][gc          ] GC(1) Concurrent update references 8.111ms
[2026-04-03T02:49:38.455+0600][7.129s][info][gc,start    ] GC(1) Concurrent update thread roots
[2026-04-03T02:49:38.455+0600][7.129s][info][gc          ] GC(1) Concurrent update thread roots 0.528ms
[2026-04-03T02:49:38.456+0600][7.129s][info][gc,start    ] GC(1) Pause Final Update Refs
[2026-04-03T02:49:38.456+0600][7.129s][info][gc,task     ] GC(1) Using 6 of 6 workers for final reference update
[2026-04-03T02:49:38.456+0600][7.130s][info][gc          ] GC(1) Pause Final Update Refs 0.166ms
[2026-04-03T02:49:38.456+0600][7.130s][info][gc,start    ] GC(1) Concurrent cleanup
[2026-04-03T02:49:38.457+0600][7.130s][info][gc          ] GC(1) Concurrent cleanup 142M->29M(392M) 0.724ms
[2026-04-03T02:49:38.457+0600][7.131s][info][gc,ergo     ] Free: 1869M, Max: 512K regular, 1598M humongous, Frag: 15% external, 0% internal; Reserve: 100M, Max: 512K
[2026-04-03T02:49:38.457+0600][7.131s][info][gc,stats    ] 
[2026-04-03T02:49:38.457+0600][7.131s][info][gc,stats    ] All times are wall-clock times, except per-root-class counters, that are sum over
[2026-04-03T02:49:38.457+0600][7.131s][info][gc,stats    ] all workers. Dividing the <total> over the root stage time estimates parallelism.
[2026-04-03T02:49:38.457+0600][7.131s][info][gc,stats    ] 
[2026-04-03T02:49:38.457+0600][7.131s][info][gc,stats    ] Concurrent Reset                   8359 us
[2026-04-03T02:49:38.457+0600][7.131s][info][gc,stats    ] Pause Init Mark (G)                 463 us
[2026-04-03T02:49:38.457+0600][7.131s][info][gc,stats    ] Pause Init Mark (N)                 127 us
[2026-04-03T02:49:38.457+0600][7.131s][info][gc,stats    ]   Update Region States               30 us
[2026-04-03T02:49:38.457+0600][7.131s][info][gc,stats    ] Concurrent Mark Roots              1468 us, parallelism: 1.96x
[2026-04-03T02:49:38.457+0600][7.131s][info][gc,stats    ]   CMR: <total>                     2882 us
[2026-04-03T02:49:38.457+0600][7.131s][info][gc,stats    ]   CMR: Thread Roots                2439 us, workers (us): 785, 1106, 547, ---, ---, ---, 
[2026-04-03T02:49:38.457+0600][7.131s][info][gc,stats    ]   CMR: VM Strong Roots              176 us, workers (us):  99,  76,   1, ---, ---, ---, 
[2026-04-03T02:49:38.457+0600][7.131s][info][gc,stats    ]   CMR: CLDG Roots                   268 us, workers (us): ---, ---, 268, ---, ---, ---, 
[2026-04-03T02:49:38.457+0600][7.131s][info][gc,stats    ] Concurrent Marking                11621 us
[2026-04-03T02:49:38.457+0600][7.131s][info][gc,stats    ] Pause Final Mark (G)                773 us
[2026-04-03T02:49:38.457+0600][7.131s][info][gc,stats    ] Pause Final Mark (N)                574 us
[2026-04-03T02:49:38.457+0600][7.131s][info][gc,stats    ]   Finish Mark                       202 us
[2026-04-03T02:49:38.457+0600][7.131s][info][gc,stats    ]   Update Region States               78 us
[2026-04-03T02:49:38.457+0600][7.131s][info][gc,stats    ]   Choose Collection Set             152 us
[2026-04-03T02:49:38.457+0600][7.131s][info][gc,stats    ]   Rebuild Free Set                   36 us
[2026-04-03T02:49:38.457+0600][7.131s][info][gc,stats    ] Concurrent Thread Roots             406 us, parallelism: 1.68x
[2026-04-03T02:49:38.457+0600][7.131s][info][gc,stats    ]   CTR: <total>                      682 us
[2026-04-03T02:49:38.457+0600][7.131s][info][gc,stats    ]   CTR: Thread Roots                 682 us, workers (us): 232, 246, 203, ---, ---, ---, 
[2026-04-03T02:49:38.457+0600][7.131s][info][gc,stats    ] Concurrent Weak References          758 us, parallelism: 0.84x
[2026-04-03T02:49:38.457+0600][7.131s][info][gc,stats    ]   CWRF: <total>                     635 us
[2026-04-03T02:49:38.457+0600][7.131s][info][gc,stats    ]   CWRF: Weak References             635 us, workers (us): 108,  49, 478, ---, ---, ---, 
[2026-04-03T02:49:38.457+0600][7.131s][info][gc,stats    ] Concurrent Weak Roots              1907 us
[2026-04-03T02:49:38.457+0600][7.131s][info][gc,stats    ]   Roots                            1536 us, parallelism: 2.51x
[2026-04-03T02:49:38.457+0600][7.131s][info][gc,stats    ]     CWR: <total>                   3853 us
[2026-04-03T02:49:38.457+0600][7.131s][info][gc,stats    ]     CWR: Code Cache Roots          1250 us, workers (us): 432, 406, 412, ---, ---, ---, 
[2026-04-03T02:49:38.457+0600][7.131s][info][gc,stats    ]     CWR: VM Weak Roots             2580 us, workers (us): 880, 880, 821, ---, ---, ---, 
[2026-04-03T02:49:38.457+0600][7.131s][info][gc,stats    ]     CWR: CLDG Roots                  22 us, workers (us):  22, ---, ---, ---, ---, ---, 
[2026-04-03T02:49:38.457+0600][7.131s][info][gc,stats    ]   Rendezvous                        297 us
[2026-04-03T02:49:38.457+0600][7.131s][info][gc,stats    ] Concurrent Cleanup                  698 us
[2026-04-03T02:49:38.457+0600][7.131s][info][gc,stats    ] Concurrent Class Unloading         3419 us
[2026-04-03T02:49:38.457+0600][7.131s][info][gc,stats    ]   Unlink Stale                     2220 us
[2026-04-03T02:49:38.457+0600][7.131s][info][gc,stats    ]     System Dictionary                27 us
[2026-04-03T02:49:38.457+0600][7.131s][info][gc,stats    ]     Weak Class Links                  0 us
[2026-04-03T02:49:38.457+0600][7.131s][info][gc,stats    ]     Code Roots                     2190 us
[2026-04-03T02:49:38.457+0600][7.131s][info][gc,stats    ]   Rendezvous                        104 us
[2026-04-03T02:49:38.457+0600][7.131s][info][gc,stats    ]   Purge Unlinked                   1012 us
[2026-04-03T02:49:38.457+0600][7.131s][info][gc,stats    ]     Code Roots                      992 us
[2026-04-03T02:49:38.457+0600][7.131s][info][gc,stats    ]     CLDG                             18 us
[2026-04-03T02:49:38.457+0600][7.131s][info][gc,stats    ]     Exception Caches                  0 us
[2026-04-03T02:49:38.457+0600][7.131s][info][gc,stats    ] Concurrent Strong Roots            1507 us, parallelism: 0.86x
[2026-04-03T02:49:38.457+0600][7.131s][info][gc,stats    ]   CSR: <total>                     1300 us
[2026-04-03T02:49:38.457+0600][7.131s][info][gc,stats    ]   CSR: VM Strong Roots               44 us, workers (us):  29,  14,   1, ---, ---, ---, 
[2026-04-03T02:49:38.457+0600][7.131s][info][gc,stats    ]   CSR: CLDG Roots                  1256 us, workers (us): ---, 1256, ---, ---, ---, ---, 
[2026-04-03T02:49:38.457+0600][7.131s][info][gc,stats    ] Concurrent Evacuation              5293 us
[2026-04-03T02:49:38.457+0600][7.131s][info][gc,stats    ] Pause Init Update Refs (G)          269 us
[2026-04-03T02:49:38.457+0600][7.131s][info][gc,stats    ] Pause Init Update Refs (N)           89 us
[2026-04-03T02:49:38.457+0600][7.131s][info][gc,stats    ]   Manage GCLABs                       8 us
[2026-04-03T02:49:38.457+0600][7.131s][info][gc,stats    ] Concurrent Update Refs             8211 us
[2026-04-03T02:49:38.457+0600][7.131s][info][gc,stats    ] Concurrent Update Thread Roots      577 us
[2026-04-03T02:49:38.457+0600][7.131s][info][gc,stats    ] Pause Final Update Refs (G)         390 us
[2026-04-03T02:49:38.457+0600][7.131s][info][gc,stats    ] Pause Final Update Refs (N)         177 us
[2026-04-03T02:49:38.457+0600][7.131s][info][gc,stats    ]   Update Region States               69 us
[2026-04-03T02:49:38.457+0600][7.131s][info][gc,stats    ]   Trash Collection Set                8 us
[2026-04-03T02:49:38.457+0600][7.131s][info][gc,stats    ]   Rebuild Free Set                   37 us
[2026-04-03T02:49:38.457+0600][7.131s][info][gc,stats    ] Concurrent Cleanup                  744 us
[2026-04-03T02:49:38.457+0600][7.131s][info][gc,stats    ] 
[2026-04-03T02:49:38.457+0600][7.131s][info][gc,stats    ] Allocation pacing accrued:
[2026-04-03T02:49:38.457+0600][7.131s][info][gc,stats    ]       0 of  2903 ms (  0.0%): <total>
[2026-04-03T02:49:38.457+0600][7.131s][info][gc,stats    ]       0 of  2903 ms (  0.0%): <average total>
[2026-04-03T02:49:38.457+0600][7.131s][info][gc,stats    ] 
[2026-04-03T02:49:38.457+0600][7.131s][info][gc,metaspace] Metaspace: 36248K(36672K)->36446K(36800K) NonClass: 31741K(32000K)->31906K(32128K) Class: 4506K(4672K)->4539K(4672K)
[2026-04-03T02:49:38.457+0600][7.131s][info][gc,ergo     ] Pacer for Idle. Initial: 40960K, Alloc Tax Rate: 1.0x
[2026-04-03T02:49:42.489+0600][11.163s][info][gc          ] Trigger: Metadata GC Threshold
[2026-04-03T02:49:42.489+0600][11.163s][info][gc,ergo     ] Free: 1686M, Max: 512K regular, 1598M humongous, Frag: 6% external, 0% internal; Reserve: 100M, Max: 512K
[2026-04-03T02:49:42.489+0600][11.163s][info][gc,start    ] GC(2) Concurrent reset
[2026-04-03T02:49:42.489+0600][11.163s][info][gc,task     ] GC(2) Using 3 of 6 workers for concurrent reset
[2026-04-03T02:49:42.489+0600][11.163s][info][gc,ergo     ] GC(2) Pacer for Reset. Non-Taxable: 2000M
[2026-04-03T02:49:42.490+0600][11.164s][info][gc          ] GC(2) Concurrent reset 0.930ms
[2026-04-03T02:49:42.491+0600][11.164s][info][gc,start    ] GC(2) Pause Init Mark (unload classes)
[2026-04-03T02:49:42.491+0600][11.165s][info][gc,task     ] GC(2) Using 6 of 6 workers for init marking
[2026-04-03T02:49:42.491+0600][11.165s][info][gc,ergo     ] GC(2) Pacer for Mark. Expected Live: 20286K, Free: 1686M, Non-Taxable: 168M, Alloc Tax Rate: 0.0x
[2026-04-03T02:49:42.491+0600][11.165s][info][gc          ] GC(2) Pause Init Mark (unload classes) 0.153ms
[2026-04-03T02:49:42.491+0600][11.165s][info][gc,start    ] GC(2) Concurrent marking roots
[2026-04-03T02:49:42.491+0600][11.165s][info][gc,task     ] GC(2) Using 3 of 6 workers for concurrent marking roots
[2026-04-03T02:49:42.492+0600][11.166s][info][gc          ] GC(2) Concurrent marking roots 1.518ms
[2026-04-03T02:49:42.492+0600][11.166s][info][gc,start    ] GC(2) Concurrent marking (unload classes)
[2026-04-03T02:49:42.492+0600][11.166s][info][gc,task     ] GC(2) Using 3 of 6 workers for concurrent marking
[2026-04-03T02:49:42.511+0600][11.185s][info][gc          ] GC(2) Concurrent marking (unload classes) 18.773ms
[2026-04-03T02:49:42.512+0600][11.185s][info][gc,start    ] GC(2) Pause Final Mark (unload classes)
[2026-04-03T02:49:42.512+0600][11.185s][info][gc,task     ] GC(2) Using 6 of 6 workers for final marking
[2026-04-03T02:49:42.512+0600][11.186s][info][gc,ergo     ] GC(2) Adaptive CSet Selection. Target Free: 283M, Actual Free: 1801M, Max CSet: 85333K, Min Garbage: 0B
[2026-04-03T02:49:42.512+0600][11.186s][info][gc,ergo     ] GC(2) Collectable Garbage: 174M (99%), Immediate: 16755K (9%), CSet: 158M (89%)
[2026-04-03T02:49:42.512+0600][11.186s][info][gc,ergo     ] GC(2) Pacer for Evacuation. Used CSet: 164M, Free: 1708M, Non-Taxable: 170M, Alloc Tax Rate: 1.1x
[2026-04-03T02:49:42.512+0600][11.186s][info][gc          ] GC(2) Pause Final Mark (unload classes) 0.745ms
[2026-04-03T02:49:42.512+0600][11.186s][info][gc,start    ] GC(2) Concurrent thread roots
[2026-04-03T02:49:42.512+0600][11.186s][info][gc,task     ] GC(2) Using 3 of 6 workers for Concurrent thread roots
[2026-04-03T02:49:42.513+0600][11.187s][info][gc          ] GC(2) Concurrent thread roots 0.763ms
[2026-04-03T02:49:42.513+0600][11.187s][info][gc,start    ] GC(2) Concurrent weak references
[2026-04-03T02:49:42.513+0600][11.187s][info][gc,task     ] GC(2) Using 3 of 6 workers for concurrent weak references
[2026-04-03T02:49:42.514+0600][11.187s][info][gc,ref      ] GC(2) Encountered references: Soft: 4001, Weak: 4488, Final: 82, Phantom: 588
[2026-04-03T02:49:42.514+0600][11.187s][info][gc,ref      ] GC(2) Discovered  references: Soft: 0, Weak: 774, Final: 0, Phantom: 582
[2026-04-03T02:49:42.514+0600][11.187s][info][gc,ref      ] GC(2) Enqueued    references: Soft: 0, Weak: 647, Final: 0, Phantom: 0
[2026-04-03T02:49:42.514+0600][11.187s][info][gc          ] GC(2) Concurrent weak references 0.384ms
[2026-04-03T02:49:42.514+0600][11.187s][info][gc,start    ] GC(2) Concurrent weak roots
[2026-04-03T02:49:42.514+0600][11.187s][info][gc,task     ] GC(2) Using 3 of 6 workers for concurrent weak root
[2026-04-03T02:49:42.516+0600][11.190s][info][gc          ] GC(2) Concurrent weak roots 2.330ms
[2026-04-03T02:49:42.516+0600][11.190s][info][gc,start    ] GC(2) Concurrent cleanup
[2026-04-03T02:49:42.517+0600][11.191s][info][gc          ] GC(2) Concurrent cleanup 206M->190M(392M) 0.786ms
[2026-04-03T02:49:42.517+0600][11.191s][info][gc,ergo     ] GC(2) Free: 1707M, Max: 512K regular, 1598M humongous, Frag: 7% external, 0% internal; Reserve: 101759K, Max: 512K
[2026-04-03T02:49:42.517+0600][11.191s][info][gc,start    ] GC(2) Concurrent class unloading
[2026-04-03T02:49:42.517+0600][11.191s][info][gc,task     ] GC(2) Using 3 of 6 workers for concurrent class unloading
[2026-04-03T02:49:42.522+0600][11.196s][info][gc          ] GC(2) Concurrent class unloading 5.057ms
[2026-04-03T02:49:42.522+0600][11.196s][info][gc,start    ] GC(2) Concurrent strong roots
[2026-04-03T02:49:42.522+0600][11.196s][info][gc,task     ] GC(2) Using 3 of 6 workers for concurrent strong root
[2026-04-03T02:49:42.525+0600][11.198s][info][gc          ] GC(2) Concurrent strong roots 2.533ms
[2026-04-03T02:49:42.525+0600][11.199s][info][gc,start    ] GC(2) Concurrent evacuation
[2026-04-03T02:49:42.525+0600][11.199s][info][gc,task     ] GC(2) Using 3 of 6 workers for concurrent evacuation
[2026-04-03T02:49:42.532+0600][11.206s][info][gc          ] GC(2) Concurrent evacuation 7.277ms
[2026-04-03T02:49:42.532+0600][11.206s][info][gc,start    ] GC(2) Pause Init Update Refs
[2026-04-03T02:49:42.532+0600][11.206s][info][gc,ergo     ] GC(2) Pacer for Update Refs. Used: 197M, Free: 1707M, Non-Taxable: 170M, Alloc Tax Rate: 1.1x
[2026-04-03T02:49:42.532+0600][11.206s][info][gc          ] GC(2) Pause Init Update Refs 0.111ms
[2026-04-03T02:49:42.532+0600][11.206s][info][gc,start    ] GC(2) Concurrent update references
[2026-04-03T02:49:42.532+0600][11.206s][info][gc,task     ] GC(2) Using 3 of 6 workers for concurrent reference update
[2026-04-03T02:49:42.545+0600][11.219s][info][gc          ] GC(2) Concurrent update references 12.597ms
[2026-04-03T02:49:42.545+0600][11.219s][info][gc,start    ] GC(2) Concurrent update thread roots
[2026-04-03T02:49:42.546+0600][11.220s][info][gc          ] GC(2) Concurrent update thread roots 0.982ms
[2026-04-03T02:49:42.547+0600][11.220s][info][gc,start    ] GC(2) Pause Final Update Refs
[2026-04-03T02:49:42.547+0600][11.220s][info][gc,task     ] GC(2) Using 6 of 6 workers for final reference update
[2026-04-03T02:49:42.547+0600][11.221s][info][gc          ] GC(2) Pause Final Update Refs 0.291ms
[2026-04-03T02:49:42.547+0600][11.221s][info][gc,start    ] GC(2) Concurrent cleanup
[2026-04-03T02:49:42.548+0600][11.222s][info][gc          ] GC(2) Concurrent cleanup 198M->33M(397M) 0.862ms
[2026-04-03T02:49:42.548+0600][11.222s][info][gc,ergo     ] Free: 1864M, Max: 512K regular, 1593M humongous, Frag: 15% external, 0% internal; Reserve: 100M, Max: 512K
[2026-04-03T02:49:42.548+0600][11.222s][info][gc,stats    ] 
[2026-04-03T02:49:42.548+0600][11.222s][info][gc,stats    ] All times are wall-clock times, except per-root-class counters, that are sum over
[2026-04-03T02:49:42.548+0600][11.222s][info][gc,stats    ] all workers. Dividing the <total> over the root stage time estimates parallelism.
[2026-04-03T02:49:42.548+0600][11.222s][info][gc,stats    ] 
[2026-04-03T02:49:42.548+0600][11.222s][info][gc,stats    ] Concurrent Reset                   1014 us
[2026-04-03T02:49:42.548+0600][11.222s][info][gc,stats    ] Pause Init Mark (G)                 591 us
[2026-04-03T02:49:42.548+0600][11.222s][info][gc,stats    ] Pause Init Mark (N)                 162 us
[2026-04-03T02:49:42.548+0600][11.222s][info][gc,stats    ]   Update Region States               36 us
[2026-04-03T02:49:42.548+0600][11.222s][info][gc,stats    ] Concurrent Mark Roots              1565 us, parallelism: 2.39x
[2026-04-03T02:49:42.548+0600][11.222s][info][gc,stats    ]   CMR: <total>                     3734 us
[2026-04-03T02:49:42.548+0600][11.222s][info][gc,stats    ]   CMR: Thread Roots                3425 us, workers (us): 1208, 1219, 998, ---, ---, ---, 
[2026-04-03T02:49:42.548+0600][11.222s][info][gc,stats    ]   CMR: VM Strong Roots               75 us, workers (us):  65,   9,   1, ---, ---, ---, 
[2026-04-03T02:49:42.548+0600][11.222s][info][gc,stats    ]   CMR: CLDG Roots                   233 us, workers (us): ---, ---, 233, ---, ---, ---, 
[2026-04-03T02:49:42.548+0600][11.222s][info][gc,stats    ] Concurrent Marking                18863 us
[2026-04-03T02:49:42.548+0600][11.222s][info][gc,stats    ] Pause Final Mark (G)               1084 us
[2026-04-03T02:49:42.548+0600][11.222s][info][gc,stats    ] Pause Final Mark (N)                791 us
[2026-04-03T02:49:42.548+0600][11.222s][info][gc,stats    ]   Finish Mark                       264 us
[2026-04-03T02:49:42.548+0600][11.222s][info][gc,stats    ]   Update Region States               68 us
[2026-04-03T02:49:42.548+0600][11.222s][info][gc,stats    ]   Choose Collection Set             239 us
[2026-04-03T02:49:42.548+0600][11.222s][info][gc,stats    ]   Rebuild Free Set                   48 us
[2026-04-03T02:49:42.548+0600][11.222s][info][gc,stats    ] Concurrent Thread Roots             822 us, parallelism: 1.99x
[2026-04-03T02:49:42.548+0600][11.222s][info][gc,stats    ]   CTR: <total>                     1632 us
[2026-04-03T02:49:42.548+0600][11.222s][info][gc,stats    ]   CTR: Thread Roots                1632 us, workers (us): 586, 563, 483, ---, ---, ---, 
[2026-04-03T02:49:42.548+0600][11.222s][info][gc,stats    ] Concurrent Weak References          399 us, parallelism: 1.06x
[2026-04-03T02:49:42.548+0600][11.222s][info][gc,stats    ]   CWRF: <total>                     422 us
[2026-04-03T02:49:42.548+0600][11.222s][info][gc,stats    ]   CWRF: Weak References             422 us, workers (us): 170, 143, 109, ---, ---, ---, 
[2026-04-03T02:49:42.548+0600][11.222s][info][gc,stats    ] Concurrent Weak Roots              2394 us
[2026-04-03T02:49:42.548+0600][11.222s][info][gc,stats    ]   Roots                            2104 us, parallelism: 2.29x
[2026-04-03T02:49:42.548+0600][11.222s][info][gc,stats    ]     CWR: <total>                   4811 us
[2026-04-03T02:49:42.548+0600][11.222s][info][gc,stats    ]     CWR: Code Cache Roots          1895 us, workers (us): 595, 664, 636, ---, ---, ---, 
[2026-04-03T02:49:42.548+0600][11.222s][info][gc,stats    ]     CWR: VM Weak Roots             2852 us, workers (us): 1065, 1076, 710, ---, ---, ---, 
[2026-04-03T02:49:42.548+0600][11.222s][info][gc,stats    ]     CWR: CLDG Roots                  65 us, workers (us):  65, ---, ---, ---, ---, ---, 
[2026-04-03T02:49:42.548+0600][11.222s][info][gc,stats    ]   Rendezvous                        192 us
[2026-04-03T02:49:42.548+0600][11.222s][info][gc,stats    ] Concurrent Cleanup                  818 us
[2026-04-03T02:49:42.548+0600][11.222s][info][gc,stats    ] Concurrent Class Unloading         5163 us
[2026-04-03T02:49:42.548+0600][11.222s][info][gc,stats    ]   Unlink Stale                     3808 us
[2026-04-03T02:49:42.548+0600][11.222s][info][gc,stats    ]     System Dictionary                73 us
[2026-04-03T02:49:42.548+0600][11.222s][info][gc,stats    ]     Weak Class Links                  1 us
[2026-04-03T02:49:42.548+0600][11.222s][info][gc,stats    ]     Code Roots                     3732 us
[2026-04-03T02:49:42.548+0600][11.222s][info][gc,stats    ]   Rendezvous                        203 us
[2026-04-03T02:49:42.548+0600][11.222s][info][gc,stats    ]   Purge Unlinked                   1010 us
[2026-04-03T02:49:42.548+0600][11.222s][info][gc,stats    ]     Code Roots                      986 us
[2026-04-03T02:49:42.548+0600][11.222s][info][gc,stats    ]     CLDG                             23 us
[2026-04-03T02:49:42.548+0600][11.222s][info][gc,stats    ]     Exception Caches                  1 us
[2026-04-03T02:49:42.548+0600][11.222s][info][gc,stats    ] Concurrent Strong Roots            2598 us, parallelism: 0.89x
[2026-04-03T02:49:42.548+0600][11.222s][info][gc,stats    ]   CSR: <total>                     2317 us
[2026-04-03T02:49:42.548+0600][11.222s][info][gc,stats    ]   CSR: VM Strong Roots               84 us, workers (us):  49,  35,   0, ---, ---, ---, 
[2026-04-03T02:49:42.548+0600][11.222s][info][gc,stats    ]   CSR: CLDG Roots                  2233 us, workers (us): ---, 2233, ---, ---, ---, ---, 
[2026-04-03T02:49:42.548+0600][11.222s][info][gc,stats    ] Concurrent Evacuation              7366 us
[2026-04-03T02:49:42.549+0600][11.222s][info][gc,stats    ] Pause Init Update Refs (G)          335 us
[2026-04-03T02:49:42.549+0600][11.222s][info][gc,stats    ] Pause Init Update Refs (N)          128 us
[2026-04-03T02:49:42.549+0600][11.222s][info][gc,stats    ]   Manage GCLABs                      12 us
[2026-04-03T02:49:42.549+0600][11.222s][info][gc,stats    ] Concurrent Update Refs            12682 us
[2026-04-03T02:49:42.549+0600][11.222s][info][gc,stats    ] Concurrent Update Thread Roots     1016 us
[2026-04-03T02:49:42.549+0600][11.222s][info][gc,stats    ] Pause Final Update Refs (G)         776 us
[2026-04-03T02:49:42.549+0600][11.222s][info][gc,stats    ] Pause Final Update Refs (N)         310 us
[2026-04-03T02:49:42.549+0600][11.222s][info][gc,stats    ]   Update Region States               97 us
[2026-04-03T02:49:42.549+0600][11.222s][info][gc,stats    ]   Trash Collection Set               15 us
[2026-04-03T02:49:42.549+0600][11.222s][info][gc,stats    ]   Rebuild Free Set                   54 us
[2026-04-03T02:49:42.549+0600][11.222s][info][gc,stats    ] Concurrent Cleanup                  890 us
[2026-04-03T02:49:42.549+0600][11.222s][info][gc,stats    ] 
[2026-04-03T02:49:42.549+0600][11.222s][info][gc,stats    ] Allocation pacing accrued:
[2026-04-03T02:49:42.549+0600][11.222s][info][gc,stats    ]       0 of  4091 ms (  0.0%): <total>
[2026-04-03T02:49:42.549+0600][11.222s][info][gc,stats    ]       0 of  4091 ms (  0.0%): <average total>
[2026-04-03T02:49:42.549+0600][11.223s][info][gc,stats    ] 
[2026-04-03T02:49:42.549+0600][11.223s][info][gc,metaspace] Metaspace: 60939K(61440K)->60971K(61440K) NonClass: 53488K(53824K)->53516K(53824K) Class: 7451K(7616K)->7455K(7616K)
[2026-04-03T02:49:42.549+0600][11.223s][info][gc,ergo     ] Pacer for Idle. Initial: 40960K, Alloc Tax Rate: 1.0x
[2026-04-03T02:49:45.914+0600][14.588s][info][gc          ] Trigger: Metadata GC Threshold
[2026-04-03T02:49:45.914+0600][14.588s][info][gc,ergo     ] Free: 1554M, Max: 512K regular, 1554M humongous, Frag: 0% external, 0% internal; Reserve: 100M, Max: 512K
[2026-04-03T02:49:45.915+0600][14.588s][info][gc,start    ] GC(3) Concurrent reset
[2026-04-03T02:49:45.915+0600][14.588s][info][gc,task     ] GC(3) Using 3 of 6 workers for concurrent reset
[2026-04-03T02:49:45.915+0600][14.588s][info][gc,ergo     ] GC(3) Pacer for Reset. Non-Taxable: 2000M
[2026-04-03T02:49:45.915+0600][14.589s][info][gc          ] GC(3) Concurrent reset 0.951ms
[2026-04-03T02:49:45.916+0600][14.590s][info][gc,start    ] GC(3) Pause Init Mark (unload classes)
[2026-04-03T02:49:45.916+0600][14.590s][info][gc,task     ] GC(3) Using 6 of 6 workers for init marking
[2026-04-03T02:49:45.916+0600][14.590s][info][gc,ergo     ] GC(3) Pacer for Mark. Expected Live: 23291K, Free: 1554M, Non-Taxable: 155M, Alloc Tax Rate: 0.0x
[2026-04-03T02:49:45.916+0600][14.590s][info][gc          ] GC(3) Pause Init Mark (unload classes) 0.115ms
[2026-04-03T02:49:45.916+0600][14.590s][info][gc,start    ] GC(3) Concurrent marking roots
[2026-04-03T02:49:45.916+0600][14.590s][info][gc,task     ] GC(3) Using 3 of 6 workers for concurrent marking roots
[2026-04-03T02:49:45.917+0600][14.590s][info][gc          ] GC(3) Concurrent marking roots 0.715ms
[2026-04-03T02:49:45.917+0600][14.591s][info][gc,start    ] GC(3) Concurrent marking (unload classes)
[2026-04-03T02:49:45.917+0600][14.591s][info][gc,task     ] GC(3) Using 3 of 6 workers for concurrent marking
[2026-04-03T02:49:45.943+0600][14.616s][info][gc          ] GC(3) Concurrent marking (unload classes) 25.945ms
[2026-04-03T02:49:45.943+0600][14.617s][info][gc,start    ] GC(3) Pause Final Mark (unload classes)
[2026-04-03T02:49:45.943+0600][14.617s][info][gc,task     ] GC(3) Using 6 of 6 workers for final marking
[2026-04-03T02:49:45.944+0600][14.617s][info][gc,ergo     ] GC(3) Adaptive CSet Selection. Target Free: 283M, Actual Free: 1657M, Max CSet: 85333K, Min Garbage: 0B
[2026-04-03T02:49:45.944+0600][14.618s][info][gc,ergo     ] GC(3) Collectable Garbage: 296M (99%), Immediate: 4737K (1%), CSet: 292M (97%)
[2026-04-03T02:49:45.944+0600][14.618s][info][gc,ergo     ] GC(3) Pacer for Evacuation. Used CSet: 307M, Free: 1558M, Non-Taxable: 155M, Alloc Tax Rate: 1.1x
[2026-04-03T02:49:45.944+0600][14.618s][info][gc          ] GC(3) Pause Final Mark (unload classes) 0.868ms
[2026-04-03T02:49:45.944+0600][14.618s][info][gc,start    ] GC(3) Concurrent thread roots
[2026-04-03T02:49:45.944+0600][14.618s][info][gc,task     ] GC(3) Using 3 of 6 workers for Concurrent thread roots
[2026-04-03T02:49:45.945+0600][14.619s][info][gc          ] GC(3) Concurrent thread roots 0.971ms
[2026-04-03T02:49:45.945+0600][14.619s][info][gc,start    ] GC(3) Concurrent weak references
[2026-04-03T02:49:45.945+0600][14.619s][info][gc,task     ] GC(3) Using 3 of 6 workers for concurrent weak references
[2026-04-03T02:49:45.946+0600][14.620s][info][gc,ref      ] GC(3) Encountered references: Soft: 4574, Weak: 13339, Final: 84, Phantom: 592
[2026-04-03T02:49:45.946+0600][14.620s][info][gc,ref      ] GC(3) Discovered  references: Soft: 0, Weak: 8037, Final: 0, Phantom: 576
[2026-04-03T02:49:45.946+0600][14.620s][info][gc,ref      ] GC(3) Enqueued    references: Soft: 0, Weak: 3557, Final: 0, Phantom: 1
[2026-04-03T02:49:45.946+0600][14.620s][info][gc          ] GC(3) Concurrent weak references 1.264ms
[2026-04-03T02:49:45.946+0600][14.620s][info][gc,start    ] GC(3) Concurrent weak roots
[2026-04-03T02:49:45.946+0600][14.620s][info][gc,task     ] GC(3) Using 3 of 6 workers for concurrent weak root
[2026-04-03T02:49:45.949+0600][14.623s][info][gc          ] GC(3) Concurrent weak roots 2.689ms
[2026-04-03T02:49:45.949+0600][14.623s][info][gc,start    ] GC(3) Concurrent cleanup
[2026-04-03T02:49:45.949+0600][14.623s][info][gc          ] GC(3) Concurrent cleanup 345M->340M(397M) 0.234ms
[2026-04-03T02:49:45.949+0600][14.623s][info][gc,ergo     ] GC(3) Free: 1558M, Max: 512K regular, 1552M humongous, Frag: 1% external, 0% internal; Reserve: 100352K, Max: 512K
[2026-04-03T02:49:45.949+0600][14.623s][info][gc,start    ] GC(3) Concurrent class unloading
[2026-04-03T02:49:45.949+0600][14.623s][info][gc,task     ] GC(3) Using 3 of 6 workers for concurrent class unloading
[2026-04-03T02:49:45.959+0600][14.633s][info][gc          ] GC(3) Concurrent class unloading 9.535ms
[2026-04-03T02:49:45.959+0600][14.633s][info][gc,start    ] GC(3) Concurrent strong roots
[2026-04-03T02:49:45.959+0600][14.633s][info][gc,task     ] GC(3) Using 3 of 6 workers for concurrent strong root
[2026-04-03T02:49:45.959+0600][14.633s][info][gc          ] GC(3) Concurrent strong roots 0.556ms
[2026-04-03T02:49:45.959+0600][14.633s][info][gc,start    ] GC(3) Concurrent evacuation
[2026-04-03T02:49:45.959+0600][14.633s][info][gc,task     ] GC(3) Using 3 of 6 workers for concurrent evacuation
[2026-04-03T02:49:45.974+0600][14.648s][info][gc          ] GC(3) Concurrent evacuation 14.172ms
[2026-04-03T02:49:45.974+0600][14.648s][info][gc,start    ] GC(3) Pause Init Update Refs
[2026-04-03T02:49:45.974+0600][14.648s][info][gc,ergo     ] GC(3) Pacer for Update Refs. Used: 357M, Free: 1556M, Non-Taxable: 155M, Alloc Tax Rate: 1.1x
[2026-04-03T02:49:45.974+0600][14.648s][info][gc          ] GC(3) Pause Init Update Refs 0.084ms
[2026-04-03T02:49:45.974+0600][14.648s][info][gc,start    ] GC(3) Concurrent update references
[2026-04-03T02:49:45.974+0600][14.648s][info][gc,task     ] GC(3) Using 3 of 6 workers for concurrent reference update
[2026-04-03T02:49:45.993+0600][14.666s][info][gc          ] GC(3) Concurrent update references 18.456ms
[2026-04-03T02:49:45.993+0600][14.666s][info][gc,start    ] GC(3) Concurrent update thread roots
[2026-04-03T02:49:45.993+0600][14.667s][info][gc          ] GC(3) Concurrent update thread roots 0.735ms
[2026-04-03T02:49:45.994+0600][14.667s][info][gc,start    ] GC(3) Pause Final Update Refs
[2026-04-03T02:49:45.994+0600][14.667s][info][gc,task     ] GC(3) Using 6 of 6 workers for final reference update
[2026-04-03T02:49:45.994+0600][14.668s][info][gc          ] GC(3) Pause Final Update Refs 0.281ms
[2026-04-03T02:49:45.994+0600][14.668s][info][gc,start    ] GC(3) Concurrent cleanup
[2026-04-03T02:49:45.995+0600][14.669s][info][gc          ] GC(3) Concurrent cleanup 357M->50M(410M) 0.869ms
[2026-04-03T02:49:45.995+0600][14.669s][info][gc,ergo     ] Free: 1847M, Max: 512K regular, 1537M humongous, Frag: 17% external, 0% internal; Reserve: 100M, Max: 512K
[2026-04-03T02:49:45.995+0600][14.669s][info][gc,stats    ] 
[2026-04-03T02:49:45.995+0600][14.669s][info][gc,stats    ] All times are wall-clock times, except per-root-class counters, that are sum over
[2026-04-03T02:49:45.995+0600][14.669s][info][gc,stats    ] all workers. Dividing the <total> over the root stage time estimates parallelism.
[2026-04-03T02:49:45.995+0600][14.669s][info][gc,stats    ] 
[2026-04-03T02:49:45.995+0600][14.669s][info][gc,stats    ] Concurrent Reset                   1000 us
[2026-04-03T02:49:45.995+0600][14.669s][info][gc,stats    ] Pause Init Mark (G)                 398 us
[2026-04-03T02:49:45.995+0600][14.669s][info][gc,stats    ] Pause Init Mark (N)                 125 us
[2026-04-03T02:49:45.995+0600][14.669s][info][gc,stats    ]   Update Region States               27 us
[2026-04-03T02:49:45.995+0600][14.669s][info][gc,stats    ] Concurrent Mark Roots               745 us, parallelism: 1.85x
[2026-04-03T02:49:45.995+0600][14.669s][info][gc,stats    ]   CMR: <total>                     1376 us
[2026-04-03T02:49:45.995+0600][14.669s][info][gc,stats    ]   CMR: Thread Roots                1126 us, workers (us): 220, 497, 409, ---, ---, ---, 
[2026-04-03T02:49:45.995+0600][14.669s][info][gc,stats    ]   CMR: VM Strong Roots               24 us, workers (us):  15,   8,   1, ---, ---, ---, 
[2026-04-03T02:49:45.995+0600][14.669s][info][gc,stats    ]   CMR: CLDG Roots                   226 us, workers (us): 226, ---, ---, ---, ---, ---, 
[2026-04-03T02:49:45.995+0600][14.669s][info][gc,stats    ] Concurrent Marking                26035 us
[2026-04-03T02:49:45.995+0600][14.669s][info][gc,stats    ] Pause Final Mark (G)               1210 us
[2026-04-03T02:49:45.995+0600][14.669s][info][gc,stats    ] Pause Final Mark (N)                882 us
[2026-04-03T02:49:45.995+0600][14.669s][info][gc,stats    ]   Finish Mark                       327 us
[2026-04-03T02:49:45.995+0600][14.669s][info][gc,stats    ]   Update Region States              115 us
[2026-04-03T02:49:45.995+0600][14.669s][info][gc,stats    ]   Choose Collection Set             289 us
[2026-04-03T02:49:45.995+0600][14.669s][info][gc,stats    ]   Rebuild Free Set                   34 us
[2026-04-03T02:49:45.995+0600][14.669s][info][gc,stats    ] Concurrent Thread Roots            1007 us, parallelism: 1.43x
[2026-04-03T02:49:45.995+0600][14.669s][info][gc,stats    ]   CTR: <total>                     1437 us
[2026-04-03T02:49:45.995+0600][14.669s][info][gc,stats    ]   CTR: Thread Roots                1437 us, workers (us): 777, 330, 331, ---, ---, ---, 
[2026-04-03T02:49:45.995+0600][14.669s][info][gc,stats    ] Concurrent Weak References         1277 us, parallelism: 1.67x
[2026-04-03T02:49:45.995+0600][14.669s][info][gc,stats    ]   CWRF: <total>                    2129 us
[2026-04-03T02:49:45.995+0600][14.669s][info][gc,stats    ]   CWRF: Weak References            2129 us, workers (us): 1078, 1014,  37, ---, ---, ---, 
[2026-04-03T02:49:45.995+0600][14.669s][info][gc,stats    ] Concurrent Weak Roots              2764 us
[2026-04-03T02:49:45.995+0600][14.669s][info][gc,stats    ]   Roots                            1680 us, parallelism: 2.42x
[2026-04-03T02:49:45.995+0600][14.669s][info][gc,stats    ]     CWR: <total>                   4071 us
[2026-04-03T02:49:45.995+0600][14.669s][info][gc,stats    ]     CWR: Code Cache Roots          1823 us, workers (us): 597, 648, 578, ---, ---, ---, 
[2026-04-03T02:49:45.995+0600][14.669s][info][gc,stats    ]     CWR: VM Weak Roots             2215 us, workers (us): 745, 751, 720, ---, ---, ---, 
[2026-04-03T02:49:45.995+0600][14.669s][info][gc,stats    ]     CWR: CLDG Roots                  33 us, workers (us): ---, ---,  33, ---, ---, ---, 
[2026-04-03T02:49:45.995+0600][14.669s][info][gc,stats    ]   Rendezvous                        979 us
[2026-04-03T02:49:45.995+0600][14.669s][info][gc,stats    ] Concurrent Cleanup                  263 us
[2026-04-03T02:49:45.995+0600][14.669s][info][gc,stats    ] Concurrent Class Unloading         9607 us
[2026-04-03T02:49:45.995+0600][14.669s][info][gc,stats    ]   Unlink Stale                     4918 us
[2026-04-03T02:49:45.995+0600][14.669s][info][gc,stats    ]     System Dictionary                57 us
[2026-04-03T02:49:45.995+0600][14.669s][info][gc,stats    ]     Weak Class Links                  0 us
[2026-04-03T02:49:45.995+0600][14.669s][info][gc,stats    ]     Code Roots                     4857 us
[2026-04-03T02:49:45.995+0600][14.669s][info][gc,stats    ]   Rendezvous                        294 us
[2026-04-03T02:49:45.995+0600][14.669s][info][gc,stats    ]   Purge Unlinked                   4290 us
[2026-04-03T02:49:45.995+0600][14.669s][info][gc,stats    ]     Code Roots                     4252 us
[2026-04-03T02:49:45.995+0600][14.669s][info][gc,stats    ]     CLDG                             36 us
[2026-04-03T02:49:45.995+0600][14.669s][info][gc,stats    ]     Exception Caches                  0 us
[2026-04-03T02:49:45.995+0600][14.669s][info][gc,stats    ] Concurrent Strong Roots             602 us, parallelism: 0.72x
[2026-04-03T02:49:45.995+0600][14.669s][info][gc,stats    ]   CSR: <total>                      431 us
[2026-04-03T02:49:45.995+0600][14.669s][info][gc,stats    ]   CSR: VM Strong Roots               20 us, workers (us):  18,   2,   0, ---, ---, ---, 
[2026-04-03T02:49:45.995+0600][14.669s][info][gc,stats    ]   CSR: CLDG Roots                   411 us, workers (us): 411, ---, ---, ---, ---, ---, 
[2026-04-03T02:49:45.995+0600][14.669s][info][gc,stats    ] Concurrent Evacuation             14270 us
[2026-04-03T02:49:45.995+0600][14.669s][info][gc,stats    ] Pause Init Update Refs (G)          342 us
[2026-04-03T02:49:45.995+0600][14.669s][info][gc,stats    ] Pause Init Update Refs (N)           95 us
[2026-04-03T02:49:45.995+0600][14.669s][info][gc,stats    ]   Manage GCLABs                      17 us
[2026-04-03T02:49:45.995+0600][14.669s][info][gc,stats    ] Concurrent Update Refs            18538 us
[2026-04-03T02:49:45.995+0600][14.669s][info][gc,stats    ] Concurrent Update Thread Roots      796 us
[2026-04-03T02:49:45.995+0600][14.669s][info][gc,stats    ] Pause Final Update Refs (G)         506 us
[2026-04-03T02:49:45.995+0600][14.669s][info][gc,stats    ] Pause Final Update Refs (N)         312 us
[2026-04-03T02:49:45.995+0600][14.669s][info][gc,stats    ]   Update Region States              102 us
[2026-04-03T02:49:45.995+0600][14.669s][info][gc,stats    ]   Trash Collection Set               44 us
[2026-04-03T02:49:45.995+0600][14.669s][info][gc,stats    ]   Rebuild Free Set                   45 us
[2026-04-03T02:49:45.995+0600][14.669s][info][gc,stats    ] Concurrent Cleanup                  895 us
[2026-04-03T02:49:45.995+0600][14.669s][info][gc,stats    ] 
[2026-04-03T02:49:45.995+0600][14.669s][info][gc,stats    ] Allocation pacing accrued:
[2026-04-03T02:49:45.995+0600][14.669s][info][gc,stats    ]       0 of  3447 ms (  0.0%): <total>
[2026-04-03T02:49:45.995+0600][14.669s][info][gc,stats    ]       0 of  3447 ms (  0.0%): <average total>
[2026-04-03T02:49:45.995+0600][14.669s][info][gc,stats    ] 
[2026-04-03T02:49:45.996+0600][14.669s][info][gc,metaspace] Metaspace: 101795K(102464K)->102194K(102784K) NonClass: 89094K(89472K)->89404K(89728K) Class: 12700K(12992K)->12790K(13056K)
[2026-04-03T02:49:45.996+0600][14.669s][info][gc,ergo     ] Pacer for Idle. Initial: 40960K, Alloc Tax Rate: 1.0x
[2026-04-03T02:49:49.527+0600][18.201s][info][gc          ] Trigger: Learning 5 of 5. Free (1399M) is below initial threshold (1400M)
[2026-04-03T02:49:49.528+0600][18.201s][info][gc,ergo     ] Free: 1399M, Max: 512K regular, 1399M humongous, Frag: 0% external, 0% internal; Reserve: 100M, Max: 512K
[2026-04-03T02:49:49.528+0600][18.201s][info][gc,start    ] GC(4) Concurrent reset
[2026-04-03T02:49:49.528+0600][18.201s][info][gc,task     ] GC(4) Using 3 of 6 workers for concurrent reset
[2026-04-03T02:49:49.528+0600][18.201s][info][gc,ergo     ] GC(4) Pacer for Reset. Non-Taxable: 2000M
[2026-04-03T02:49:49.529+0600][18.203s][info][gc          ] GC(4) Concurrent reset 1.617ms
[2026-04-03T02:49:49.530+0600][18.203s][info][gc,start    ] GC(4) Pause Init Mark (unload classes)
[2026-04-03T02:49:49.530+0600][18.203s][info][gc,task     ] GC(4) Using 6 of 6 workers for init marking
[2026-04-03T02:49:49.530+0600][18.204s][info][gc,ergo     ] GC(4) Pacer for Mark. Expected Live: 28276K, Free: 1399M, Non-Taxable: 139M, Alloc Tax Rate: 0.0x
[2026-04-03T02:49:49.530+0600][18.204s][info][gc          ] GC(4) Pause Init Mark (unload classes) 0.275ms
[2026-04-03T02:49:49.530+0600][18.204s][info][gc,start    ] GC(4) Concurrent marking roots
[2026-04-03T02:49:49.530+0600][18.204s][info][gc,task     ] GC(4) Using 3 of 6 workers for concurrent marking roots
[2026-04-03T02:49:49.531+0600][18.205s][info][gc          ] GC(4) Concurrent marking roots 1.513ms
[2026-04-03T02:49:49.531+0600][18.205s][info][gc,start    ] GC(4) Concurrent marking (unload classes)
[2026-04-03T02:49:49.531+0600][18.205s][info][gc,task     ] GC(4) Using 3 of 6 workers for concurrent marking
[2026-04-03T02:49:49.598+0600][18.272s][info][gc          ] GC(4) Concurrent marking (unload classes) 66.576ms
[2026-04-03T02:49:49.599+0600][18.273s][info][gc,start    ] GC(4) Pause Final Mark (unload classes)
[2026-04-03T02:49:49.599+0600][18.273s][info][gc,task     ] GC(4) Using 6 of 6 workers for final marking
[2026-04-03T02:49:49.599+0600][18.273s][info][gc,ergo     ] GC(4) Adaptive CSet Selection. Target Free: 283M, Actual Free: 1671M, Max CSet: 85333K, Min Garbage: 0B
[2026-04-03T02:49:49.600+0600][18.273s][info][gc,ergo     ] GC(4) Collectable Garbage: 376M (98%), Immediate: 195M (51%), CSet: 181M (47%)
[2026-04-03T02:49:49.600+0600][18.273s][info][gc,ergo     ] GC(4) Pacer for Evacuation. Used CSet: 203M, Free: 1602M, Non-Taxable: 160M, Alloc Tax Rate: 1.1x
[2026-04-03T02:49:49.600+0600][18.273s][info][gc          ] GC(4) Pause Final Mark (unload classes) 0.920ms
[2026-04-03T02:49:49.600+0600][18.274s][info][gc,start    ] GC(4) Concurrent thread roots
[2026-04-03T02:49:49.600+0600][18.274s][info][gc,task     ] GC(4) Using 3 of 6 workers for Concurrent thread roots
[2026-04-03T02:49:49.604+0600][18.277s][info][gc          ] GC(4) Concurrent thread roots 3.640ms
[2026-04-03T02:49:49.604+0600][18.277s][info][gc,start    ] GC(4) Concurrent weak references
[2026-04-03T02:49:49.604+0600][18.277s][info][gc,task     ] GC(4) Using 3 of 6 workers for concurrent weak references
[2026-04-03T02:49:49.610+0600][18.284s][info][gc,ref      ] GC(4) Encountered references: Soft: 5609, Weak: 15507, Final: 84, Phantom: 610
[2026-04-03T02:49:49.610+0600][18.284s][info][gc,ref      ] GC(4) Discovered  references: Soft: 0, Weak: 5435, Final: 0, Phantom: 607
[2026-04-03T02:49:49.611+0600][18.284s][info][gc,ref      ] GC(4) Enqueued    references: Soft: 0, Weak: 2762, Final: 0, Phantom: 1
[2026-04-03T02:49:49.611+0600][18.284s][info][gc          ] GC(4) Concurrent weak references 6.975ms
[2026-04-03T02:49:49.611+0600][18.284s][info][gc,start    ] GC(4) Concurrent weak roots
[2026-04-03T02:49:49.611+0600][18.284s][info][gc,task     ] GC(4) Using 3 of 6 workers for concurrent weak root
[2026-04-03T02:49:49.623+0600][18.297s][info][gc          ] GC(4) Concurrent weak roots 12.648ms
[2026-04-03T02:49:49.623+0600][18.297s][info][gc,start    ] GC(4) Concurrent cleanup
[2026-04-03T02:49:49.624+0600][18.298s][info][gc          ] GC(4) Concurrent cleanup 487M->292M(530M) 0.938ms
[2026-04-03T02:49:49.624+0600][18.298s][info][gc,ergo     ] GC(4) Free: 1599M, Max: 512K regular, 1372M humongous, Frag: 15% external, 0% internal; Reserve: 101570K, Max: 512K
[2026-04-03T02:49:49.624+0600][18.298s][info][gc,start    ] GC(4) Concurrent class unloading
[2026-04-03T02:49:49.624+0600][18.298s][info][gc,task     ] GC(4) Using 3 of 6 workers for concurrent class unloading
[2026-04-03T02:49:49.711+0600][18.385s][info][gc          ] GC(4) Concurrent class unloading 86.907ms
[2026-04-03T02:49:49.711+0600][18.385s][info][gc,start    ] GC(4) Concurrent strong roots
[2026-04-03T02:49:49.711+0600][18.385s][info][gc,task     ] GC(4) Using 3 of 6 workers for concurrent strong root
[2026-04-03T02:49:49.713+0600][18.387s][info][gc          ] GC(4) Concurrent strong roots 1.461ms
[2026-04-03T02:49:49.713+0600][18.387s][info][gc,start    ] GC(4) Concurrent evacuation
[2026-04-03T02:49:49.713+0600][18.387s][info][gc,task     ] GC(4) Using 3 of 6 workers for concurrent evacuation
[2026-04-03T02:49:49.772+0600][18.445s][info][gc          ] GC(4) Concurrent evacuation 58.612ms
[2026-04-03T02:49:49.772+0600][18.446s][info][gc,start    ] GC(4) Pause Init Update Refs
[2026-04-03T02:49:49.772+0600][18.446s][info][gc,ergo     ] GC(4) Pacer for Update Refs. Used: 328M, Free: 1586M, Non-Taxable: 158M, Alloc Tax Rate: 1.1x
[2026-04-03T02:49:49.772+0600][18.446s][info][gc          ] GC(4) Pause Init Update Refs 0.093ms
[2026-04-03T02:49:49.772+0600][18.446s][info][gc,start    ] GC(4) Concurrent update references
[2026-04-03T02:49:49.772+0600][18.446s][info][gc,task     ] GC(4) Using 3 of 6 workers for concurrent reference update
[2026-04-03T02:49:49.831+0600][18.505s][info][gc          ] GC(4) Concurrent update references 58.247ms
[2026-04-03T02:49:49.831+0600][18.505s][info][gc,start    ] GC(4) Concurrent update thread roots
[2026-04-03T02:49:49.835+0600][18.508s][info][gc          ] GC(4) Concurrent update thread roots 3.779ms
[2026-04-03T02:49:49.835+0600][18.509s][info][gc,start    ] GC(4) Pause Final Update Refs
[2026-04-03T02:49:49.836+0600][18.509s][info][gc,task     ] GC(4) Using 6 of 6 workers for final reference update
[2026-04-03T02:49:49.836+0600][18.510s][info][gc          ] GC(4) Pause Final Update Refs 0.314ms
[2026-04-03T02:49:49.839+0600][18.513s][info][gc,start    ] GC(4) Concurrent cleanup
[2026-04-03T02:49:49.839+0600][18.513s][info][gc          ] GC(4) Concurrent cleanup 389M->186M(551M) 0.396ms
[2026-04-03T02:49:49.840+0600][18.513s][info][gc,ergo     ] Free: 1697M, Max: 512K regular, 1356M humongous, Frag: 21% external, 0% internal; Reserve: 100M, Max: 512K
[2026-04-03T02:49:49.840+0600][18.514s][info][gc,stats    ] 
[2026-04-03T02:49:49.840+0600][18.514s][info][gc,stats    ] All times are wall-clock times, except per-root-class counters, that are sum over
[2026-04-03T02:49:49.840+0600][18.514s][info][gc,stats    ] all workers. Dividing the <total> over the root stage time estimates parallelism.
[2026-04-03T02:49:49.840+0600][18.514s][info][gc,stats    ] 
[2026-04-03T02:49:49.840+0600][18.514s][info][gc,stats    ] Concurrent Reset                   1700 us
[2026-04-03T02:49:49.840+0600][18.514s][info][gc,stats    ] Pause Init Mark (G)                 672 us
[2026-04-03T02:49:49.840+0600][18.514s][info][gc,stats    ] Pause Init Mark (N)                 300 us
[2026-04-03T02:49:49.840+0600][18.514s][info][gc,stats    ]   Update Region States               57 us
[2026-04-03T02:49:49.840+0600][18.514s][info][gc,stats    ] Concurrent Mark Roots              1549 us, parallelism: 1.85x
[2026-04-03T02:49:49.840+0600][18.514s][info][gc,stats    ]   CMR: <total>                     2861 us
[2026-04-03T02:49:49.840+0600][18.514s][info][gc,stats    ]   CMR: Thread Roots                2397 us, workers (us): 457, 867, 1073, ---, ---, ---, 
[2026-04-03T02:49:49.840+0600][18.514s][info][gc,stats    ]   CMR: VM Strong Roots               32 us, workers (us):  30,   1,   0, ---, ---, ---, 
[2026-04-03T02:49:49.840+0600][18.514s][info][gc,stats    ]   CMR: CLDG Roots                   432 us, workers (us): 432, ---, ---, ---, ---, ---, 
[2026-04-03T02:49:49.840+0600][18.514s][info][gc,stats    ] Concurrent Marking                66692 us
[2026-04-03T02:49:49.840+0600][18.514s][info][gc,stats    ] Pause Final Mark (G)               1707 us
[2026-04-03T02:49:49.840+0600][18.514s][info][gc,stats    ] Pause Final Mark (N)                938 us
[2026-04-03T02:49:49.840+0600][18.514s][info][gc,stats    ]   Finish Mark                       312 us
[2026-04-03T02:49:49.840+0600][18.514s][info][gc,stats    ]   Update Region States               98 us
[2026-04-03T02:49:49.840+0600][18.514s][info][gc,stats    ]   Choose Collection Set             283 us
[2026-04-03T02:49:49.840+0600][18.514s][info][gc,stats    ]   Rebuild Free Set                   61 us
[2026-04-03T02:49:49.840+0600][18.514s][info][gc,stats    ] Concurrent Thread Roots            3690 us, parallelism: 1.35x
[2026-04-03T02:49:49.840+0600][18.514s][info][gc,stats    ]   CTR: <total>                     4972 us
[2026-04-03T02:49:49.840+0600][18.514s][info][gc,stats    ]   CTR: Thread Roots                4972 us, workers (us): 3532, 1440,   0, ---, ---, ---, 
[2026-04-03T02:49:49.840+0600][18.514s][info][gc,stats    ] Concurrent Weak References         6992 us, parallelism: 1.40x
[2026-04-03T02:49:49.840+0600][18.514s][info][gc,stats    ]   CWRF: <total>                    9800 us
[2026-04-03T02:49:49.840+0600][18.514s][info][gc,stats    ]   CWRF: Weak References            9800 us, workers (us): 6629, 3046, 125, ---, ---, ---, 
[2026-04-03T02:49:49.840+0600][18.514s][info][gc,stats    ] Concurrent Weak Roots             12755 us
[2026-04-03T02:49:49.840+0600][18.514s][info][gc,stats    ]   Roots                           11403 us, parallelism: 1.50x
[2026-04-03T02:49:49.840+0600][18.514s][info][gc,stats    ]     CWR: <total>                  17117 us
[2026-04-03T02:49:49.840+0600][18.514s][info][gc,stats    ]     CWR: Code Cache Roots         11995 us, workers (us): 3628, 7208, 1159, ---, ---, ---, 
[2026-04-03T02:49:49.840+0600][18.514s][info][gc,stats    ]     CWR: VM Weak Roots             4776 us, workers (us): 3375, 1400,   1, ---, ---, ---, 
[2026-04-03T02:49:49.840+0600][18.514s][info][gc,stats    ]     CWR: CLDG Roots                 345 us, workers (us): ---, 345, ---, ---, ---, ---, 
[2026-04-03T02:49:49.840+0600][18.514s][info][gc,stats    ]   Rendezvous                       1211 us
[2026-04-03T02:49:49.840+0600][18.514s][info][gc,stats    ] Concurrent Cleanup                  972 us
[2026-04-03T02:49:49.840+0600][18.514s][info][gc,stats    ] Concurrent Class Unloading        87028 us
[2026-04-03T02:49:49.840+0600][18.514s][info][gc,stats    ]   Unlink Stale                    71305 us
[2026-04-03T02:49:49.840+0600][18.514s][info][gc,stats    ]     System Dictionary              3610 us
[2026-04-03T02:49:49.840+0600][18.514s][info][gc,stats    ]     Weak Class Links              48386 us
[2026-04-03T02:49:49.840+0600][18.514s][info][gc,stats    ]     Code Roots                    19306 us
[2026-04-03T02:49:49.840+0600][18.514s][info][gc,stats    ]   Rendezvous                        281 us
[2026-04-03T02:49:49.840+0600][18.514s][info][gc,stats    ]   Purge Unlinked                  15273 us
[2026-04-03T02:49:49.840+0600][18.514s][info][gc,stats    ]     Code Roots                    13852 us
[2026-04-03T02:49:49.840+0600][18.514s][info][gc,stats    ]     CLDG                           1419 us
[2026-04-03T02:49:49.840+0600][18.514s][info][gc,stats    ]     Exception Caches                  1 us
[2026-04-03T02:49:49.840+0600][18.514s][info][gc,stats    ] Concurrent Strong Roots            1536 us, parallelism: 0.65x
[2026-04-03T02:49:49.840+0600][18.514s][info][gc,stats    ]   CSR: <total>                      996 us
[2026-04-03T02:49:49.840+0600][18.514s][info][gc,stats    ]   CSR: VM Strong Roots               57 us, workers (us):  39,  17,   0, ---, ---, ---, 
[2026-04-03T02:49:49.840+0600][18.514s][info][gc,stats    ]   CSR: CLDG Roots                   939 us, workers (us): 939, ---, ---, ---, ---, ---, 
[2026-04-03T02:49:49.840+0600][18.514s][info][gc,stats    ] Concurrent Evacuation             58734 us
[2026-04-03T02:49:49.840+0600][18.514s][info][gc,stats    ] Pause Init Update Refs (G)          778 us
[2026-04-03T02:49:49.840+0600][18.514s][info][gc,stats    ] Pause Init Update Refs (N)          104 us
[2026-04-03T02:49:49.840+0600][18.514s][info][gc,stats    ]   Manage GCLABs                      22 us
[2026-04-03T02:49:49.840+0600][18.514s][info][gc,stats    ] Concurrent Update Refs            58380 us
[2026-04-03T02:49:49.840+0600][18.514s][info][gc,stats    ] Concurrent Update Thread Roots     3897 us
[2026-04-03T02:49:49.840+0600][18.514s][info][gc,stats    ] Pause Final Update Refs (G)        4318 us
[2026-04-03T02:49:49.840+0600][18.514s][info][gc,stats    ] Pause Final Update Refs (N)         341 us
[2026-04-03T02:49:49.840+0600][18.514s][info][gc,stats    ]   Update Region States               89 us
[2026-04-03T02:49:49.840+0600][18.514s][info][gc,stats    ]   Trash Collection Set               21 us
[2026-04-03T02:49:49.840+0600][18.514s][info][gc,stats    ]   Rebuild Free Set                   76 us
[2026-04-03T02:49:49.840+0600][18.514s][info][gc,stats    ] Concurrent Cleanup                  444 us
[2026-04-03T02:49:49.840+0600][18.514s][info][gc,stats    ] 
[2026-04-03T02:49:49.840+0600][18.514s][info][gc,stats    ] Allocation pacing accrued:
[2026-04-03T02:49:49.840+0600][18.514s][info][gc,stats    ]       0 of  3845 ms (  0.0%): <total>
[2026-04-03T02:49:49.840+0600][18.514s][info][gc,stats    ]       0 of  3845 ms (  0.0%): <average total>
[2026-04-03T02:49:49.840+0600][18.514s][info][gc,stats    ] 
[2026-04-03T02:49:49.841+0600][18.514s][info][gc,metaspace] Metaspace: 117020K(118656K)->116434K(118720K) NonClass: 101717K(102656K)->101314K(102720K) Class: 15303K(16000K)->15119K(16000K)
[2026-04-03T02:49:49.841+0600][18.514s][info][gc,ergo     ] Pacer for Idle. Initial: 40960K, Alloc Tax Rate: 1.0x
[2026-04-03T02:49:52.649+0600][21.323s][info][gc          ] Trigger: Explicit GC request (System.gc())
[2026-04-03T02:49:52.649+0600][21.323s][info][gc,ergo     ] Free: 1206M, Max: 512K regular, 1206M humongous, Frag: 0% external, 0% internal; Reserve: 100M, Max: 512K
[2026-04-03T02:49:52.649+0600][21.323s][info][gc,start    ] GC(5) Concurrent reset
[2026-04-03T02:49:52.649+0600][21.323s][info][gc,task     ] GC(5) Using 3 of 6 workers for concurrent reset
[2026-04-03T02:49:52.649+0600][21.323s][info][gc,ergo     ] GC(5) Pacer for Reset. Non-Taxable: 2000M
[2026-04-03T02:49:52.650+0600][21.324s][info][gc          ] GC(5) Concurrent reset 1.366ms
[2026-04-03T02:49:52.650+0600][21.324s][info][gc,start    ] GC(5) Pause Init Mark (unload classes)
[2026-04-03T02:49:52.651+0600][21.324s][info][gc,task     ] GC(5) Using 6 of 6 workers for init marking
[2026-04-03T02:49:52.651+0600][21.324s][info][gc,ref      ] GC(5) Clearing All SoftReferences
[2026-04-03T02:49:52.651+0600][21.324s][info][gc,ergo     ] GC(5) Pacer for Mark. Expected Live: 39420K, Free: 1206M, Non-Taxable: 120M, Alloc Tax Rate: 0.0x
[2026-04-03T02:49:52.651+0600][21.324s][info][gc          ] GC(5) Pause Init Mark (unload classes) 0.124ms
[2026-04-03T02:49:52.651+0600][21.325s][info][gc,start    ] GC(5) Concurrent marking roots
[2026-04-03T02:49:52.651+0600][21.325s][info][gc,task     ] GC(5) Using 3 of 6 workers for concurrent marking roots
[2026-04-03T02:49:52.651+0600][21.325s][info][gc          ] GC(5) Concurrent marking roots 0.831ms
[2026-04-03T02:49:52.652+0600][21.325s][info][gc,start    ] GC(5) Concurrent marking (unload classes)
[2026-04-03T02:49:52.652+0600][21.325s][info][gc,task     ] GC(5) Using 3 of 6 workers for concurrent marking
[2026-04-03T02:49:52.685+0600][21.358s][info][gc          ] GC(5) Concurrent marking (unload classes) 33.111ms
[2026-04-03T02:49:52.685+0600][21.359s][info][gc,start    ] GC(5) Pause Final Mark (unload classes)
[2026-04-03T02:49:52.685+0600][21.359s][info][gc,task     ] GC(5) Using 6 of 6 workers for final marking
[2026-04-03T02:49:52.685+0600][21.359s][info][gc,ergo     ] GC(5) Adaptive CSet Selection. Target Free: 283M, Actual Free: 1639M, Max CSet: 85333K, Min Garbage: 0B
[2026-04-03T02:49:52.685+0600][21.359s][info][gc,ergo     ] GC(5) Collectable Garbage: 573M (98%), Immediate: 333M (57%), CSet: 239M (41%)
[2026-04-03T02:49:52.686+0600][21.359s][info][gc,ergo     ] GC(5) Pacer for Evacuation. Used CSet: 248M, Free: 1579M, Non-Taxable: 157M, Alloc Tax Rate: 1.1x
[2026-04-03T02:49:52.686+0600][21.359s][info][gc          ] GC(5) Pause Final Mark (unload classes) 0.708ms
[2026-04-03T02:49:52.686+0600][21.359s][info][gc,start    ] GC(5) Concurrent thread roots
[2026-04-03T02:49:52.686+0600][21.360s][info][gc,task     ] GC(5) Using 3 of 6 workers for Concurrent thread roots
[2026-04-03T02:49:52.686+0600][21.360s][info][gc          ] GC(5) Concurrent thread roots 0.604ms
[2026-04-03T02:49:52.686+0600][21.360s][info][gc,start    ] GC(5) Concurrent weak references
[2026-04-03T02:49:52.686+0600][21.360s][info][gc,task     ] GC(5) Using 3 of 6 workers for concurrent weak references
[2026-04-03T02:49:52.688+0600][21.361s][info][gc,ref      ] GC(5) Encountered references: Soft: 5587, Weak: 14265, Final: 84, Phantom: 610
[2026-04-03T02:49:52.688+0600][21.361s][info][gc,ref      ] GC(5) Discovered  references: Soft: 3230, Weak: 4880, Final: 0, Phantom: 607
[2026-04-03T02:49:52.688+0600][21.361s][info][gc,ref      ] GC(5) Enqueued    references: Soft: 2799, Weak: 1397, Final: 0, Phantom: 1
[2026-04-03T02:49:52.688+0600][21.361s][info][gc          ] GC(5) Concurrent weak references 1.316ms
[2026-04-03T02:49:52.688+0600][21.361s][info][gc,start    ] GC(5) Concurrent weak roots
[2026-04-03T02:49:52.688+0600][21.361s][info][gc,task     ] GC(5) Using 3 of 6 workers for concurrent weak root
[2026-04-03T02:49:52.690+0600][21.364s][info][gc          ] GC(5) Concurrent weak roots 2.542ms
[2026-04-03T02:49:52.690+0600][21.364s][info][gc,start    ] GC(5) Concurrent cleanup
[2026-04-03T02:49:52.691+0600][21.364s][info][gc          ] GC(5) Concurrent cleanup 652M->318M(703M) 0.342ms
[2026-04-03T02:49:52.691+0600][21.364s][info][gc,ergo     ] GC(5) Free: 1578M, Max: 512K regular, 1204M humongous, Frag: 24% external, 0% internal; Reserve: 101859K, Max: 512K
[2026-04-03T02:49:52.691+0600][21.364s][info][gc,start    ] GC(5) Concurrent class unloading
[2026-04-03T02:49:52.691+0600][21.364s][info][gc,task     ] GC(5) Using 3 of 6 workers for concurrent class unloading
[2026-04-03T02:49:52.739+0600][21.413s][info][gc          ] GC(5) Concurrent class unloading 48.778ms
[2026-04-03T02:49:52.739+0600][21.413s][info][gc,start    ] GC(5) Concurrent strong roots
[2026-04-03T02:49:52.739+0600][21.413s][info][gc,task     ] GC(5) Using 3 of 6 workers for concurrent strong root
[2026-04-03T02:49:52.741+0600][21.415s][info][gc          ] GC(5) Concurrent strong roots 1.624ms
[2026-04-03T02:49:52.741+0600][21.415s][info][gc,start    ] GC(5) Concurrent evacuation
[2026-04-03T02:49:52.741+0600][21.415s][info][gc,task     ] GC(5) Using 3 of 6 workers for concurrent evacuation
[2026-04-03T02:49:52.750+0600][21.424s][info][gc          ] GC(5) Concurrent evacuation 8.631ms
[2026-04-03T02:49:52.750+0600][21.424s][info][gc,start    ] GC(5) Pause Init Update Refs
[2026-04-03T02:49:52.750+0600][21.424s][info][gc,ergo     ] GC(5) Pacer for Update Refs. Used: 355M, Free: 1550M, Non-Taxable: 155M, Alloc Tax Rate: 1.1x
[2026-04-03T02:49:52.750+0600][21.424s][info][gc          ] GC(5) Pause Init Update Refs 0.129ms
[2026-04-03T02:49:52.750+0600][21.424s][info][gc,start    ] GC(5) Concurrent update references
[2026-04-03T02:49:52.751+0600][21.424s][info][gc,task     ] GC(5) Using 3 of 6 workers for concurrent reference update
[2026-04-03T02:49:52.778+0600][21.452s][info][gc          ] GC(5) Concurrent update references 27.963ms
[2026-04-03T02:49:52.779+0600][21.452s][info][gc,start    ] GC(5) Concurrent update thread roots
[2026-04-03T02:49:52.780+0600][21.453s][info][gc          ] GC(5) Concurrent update thread roots 1.132ms
[2026-04-03T02:49:52.780+0600][21.454s][info][gc,start    ] GC(5) Pause Final Update Refs
[2026-04-03T02:49:52.780+0600][21.454s][info][gc,task     ] GC(5) Using 6 of 6 workers for final reference update
[2026-04-03T02:49:52.780+0600][21.454s][info][gc          ] GC(5) Pause Final Update Refs 0.214ms
[2026-04-03T02:49:52.780+0600][21.454s][info][gc,start    ] GC(5) Concurrent cleanup
[2026-04-03T02:49:52.781+0600][21.454s][info][gc          ] GC(5) Concurrent cleanup 356M->107M(705M) 0.310ms
[2026-04-03T02:49:52.781+0600][21.454s][info][gc,ergo     ] Free: 1790M, Max: 512K regular, 1203M humongous, Frag: 33% external, 0% internal; Reserve: 100M, Max: 512K
[2026-04-03T02:49:52.781+0600][21.454s][info][gc,stats    ] 
[2026-04-03T02:49:52.781+0600][21.455s][info][gc,stats    ] All times are wall-clock times, except per-root-class counters, that are sum over
[2026-04-03T02:49:52.781+0600][21.455s][info][gc,stats    ] all workers. Dividing the <total> over the root stage time estimates parallelism.
[2026-04-03T02:49:52.781+0600][21.455s][info][gc,stats    ] 
[2026-04-03T02:49:52.781+0600][21.455s][info][gc,stats    ] Concurrent Reset                   1411 us
[2026-04-03T02:49:52.781+0600][21.455s][info][gc,stats    ] Pause Init Mark (G)                 379 us
[2026-04-03T02:49:52.781+0600][21.455s][info][gc,stats    ] Pause Init Mark (N)                 149 us
[2026-04-03T02:49:52.781+0600][21.455s][info][gc,stats    ]   Update Region States               31 us
[2026-04-03T02:49:52.781+0600][21.455s][info][gc,stats    ] Concurrent Mark Roots               852 us, parallelism: 1.80x
[2026-04-03T02:49:52.781+0600][21.455s][info][gc,stats    ]   CMR: <total>                     1531 us
[2026-04-03T02:49:52.781+0600][21.455s][info][gc,stats    ]   CMR: Thread Roots                1206 us, workers (us): 214, 495, 496, ---, ---, ---, 
[2026-04-03T02:49:52.781+0600][21.455s][info][gc,stats    ]   CMR: VM Strong Roots               27 us, workers (us):  26,   1,   1, ---, ---, ---, 
[2026-04-03T02:49:52.781+0600][21.455s][info][gc,stats    ]   CMR: CLDG Roots                   298 us, workers (us): 298, ---, ---, ---, ---, ---, 
[2026-04-03T02:49:52.781+0600][21.455s][info][gc,stats    ] Concurrent Marking                33189 us
[2026-04-03T02:49:52.781+0600][21.455s][info][gc,stats    ] Pause Final Mark (G)                906 us
[2026-04-03T02:49:52.781+0600][21.455s][info][gc,stats    ] Pause Final Mark (N)                718 us
[2026-04-03T02:49:52.781+0600][21.455s][info][gc,stats    ]   Finish Mark                       303 us
[2026-04-03T02:49:52.781+0600][21.455s][info][gc,stats    ]   Update Region States               42 us
[2026-04-03T02:49:52.781+0600][21.455s][info][gc,stats    ]   Choose Collection Set             218 us
[2026-04-03T02:49:52.781+0600][21.455s][info][gc,stats    ]   Rebuild Free Set                   45 us
[2026-04-03T02:49:52.781+0600][21.455s][info][gc,stats    ] Concurrent Thread Roots             639 us, parallelism: 1.78x
[2026-04-03T02:49:52.781+0600][21.455s][info][gc,stats    ]   CTR: <total>                     1139 us
[2026-04-03T02:49:52.781+0600][21.455s][info][gc,stats    ]   CTR: Thread Roots                1139 us, workers (us): 420, 376, 342, ---, ---, ---, 
[2026-04-03T02:49:52.781+0600][21.455s][info][gc,stats    ] Concurrent Weak References         1328 us, parallelism: 0.91x
[2026-04-03T02:49:52.781+0600][21.455s][info][gc,stats    ]   CWRF: <total>                    1214 us
[2026-04-03T02:49:52.781+0600][21.455s][info][gc,stats    ]   CWRF: Weak References            1214 us, workers (us): 975, 165,  74, ---, ---, ---, 
[2026-04-03T02:49:52.781+0600][21.455s][info][gc,stats    ] Concurrent Weak Roots              2604 us
[2026-04-03T02:49:52.781+0600][21.455s][info][gc,stats    ]   Roots                            2360 us, parallelism: 2.58x
[2026-04-03T02:49:52.781+0600][21.455s][info][gc,stats    ]     CWR: <total>                   6077 us
[2026-04-03T02:49:52.781+0600][21.455s][info][gc,stats    ]     CWR: Code Cache Roots          3583 us, workers (us): 1121, 1218, 1243, ---, ---, ---, 
[2026-04-03T02:49:52.781+0600][21.455s][info][gc,stats    ]     CWR: VM Weak Roots             2390 us, workers (us): 809, 800, 781, ---, ---, ---, 
[2026-04-03T02:49:52.781+0600][21.455s][info][gc,stats    ]     CWR: CLDG Roots                 104 us, workers (us): 104, ---, ---, ---, ---, ---, 
[2026-04-03T02:49:52.781+0600][21.455s][info][gc,stats    ]   Rendezvous                        156 us
[2026-04-03T02:49:52.781+0600][21.455s][info][gc,stats    ] Concurrent Cleanup                  365 us
[2026-04-03T02:49:52.781+0600][21.455s][info][gc,stats    ] Concurrent Class Unloading        48859 us
[2026-04-03T02:49:52.781+0600][21.455s][info][gc,stats    ]   Unlink Stale                    28974 us
[2026-04-03T02:49:52.781+0600][21.455s][info][gc,stats    ]     System Dictionary               752 us
[2026-04-03T02:49:52.781+0600][21.455s][info][gc,stats    ]     Weak Class Links              18725 us
[2026-04-03T02:49:52.781+0600][21.455s][info][gc,stats    ]     Code Roots                     9491 us
[2026-04-03T02:49:52.781+0600][21.455s][info][gc,stats    ]   Rendezvous                        224 us
[2026-04-03T02:49:52.781+0600][21.455s][info][gc,stats    ]   Purge Unlinked                  19537 us
[2026-04-03T02:49:52.781+0600][21.455s][info][gc,stats    ]     Code Roots                    18549 us
[2026-04-03T02:49:52.781+0600][21.455s][info][gc,stats    ]     CLDG                            987 us
[2026-04-03T02:49:52.781+0600][21.455s][info][gc,stats    ]     Exception Caches                  0 us
[2026-04-03T02:49:52.781+0600][21.455s][info][gc,stats    ] Concurrent Strong Roots            1677 us, parallelism: 0.81x
[2026-04-03T02:49:52.781+0600][21.455s][info][gc,stats    ]   CSR: <total>                     1351 us
[2026-04-03T02:49:52.781+0600][21.455s][info][gc,stats    ]   CSR: VM Strong Roots               55 us, workers (us):  26,  13,  16, ---, ---, ---, 
[2026-04-03T02:49:52.781+0600][21.455s][info][gc,stats    ]   CSR: CLDG Roots                  1297 us, workers (us): ---, 1297, ---, ---, ---, ---, 
[2026-04-03T02:49:52.781+0600][21.455s][info][gc,stats    ] Concurrent Evacuation              8708 us
[2026-04-03T02:49:52.781+0600][21.455s][info][gc,stats    ] Pause Init Update Refs (G)          575 us
[2026-04-03T02:49:52.781+0600][21.455s][info][gc,stats    ] Pause Init Update Refs (N)          140 us
[2026-04-03T02:49:52.781+0600][21.455s][info][gc,stats    ]   Manage GCLABs                      36 us
[2026-04-03T02:49:52.781+0600][21.455s][info][gc,stats    ] Concurrent Update Refs            28055 us
[2026-04-03T02:49:52.781+0600][21.455s][info][gc,stats    ] Concurrent Update Thread Roots     1172 us
[2026-04-03T02:49:52.781+0600][21.455s][info][gc,stats    ] Pause Final Update Refs (G)         524 us
[2026-04-03T02:49:52.781+0600][21.455s][info][gc,stats    ] Pause Final Update Refs (N)         228 us
[2026-04-03T02:49:52.781+0600][21.455s][info][gc,stats    ]   Update Region States               69 us
[2026-04-03T02:49:52.781+0600][21.455s][info][gc,stats    ]   Trash Collection Set               20 us
[2026-04-03T02:49:52.781+0600][21.455s][info][gc,stats    ]   Rebuild Free Set                   44 us
[2026-04-03T02:49:52.781+0600][21.455s][info][gc,stats    ] Concurrent Cleanup                  342 us
[2026-04-03T02:49:52.781+0600][21.455s][info][gc,stats    ] 
[2026-04-03T02:49:52.781+0600][21.455s][info][gc,stats    ] Allocation pacing accrued:
[2026-04-03T02:49:52.781+0600][21.455s][info][gc,stats    ]       0 of  2941 ms (  0.0%): <total>
[2026-04-03T02:49:52.781+0600][21.455s][info][gc,stats    ]       0 of  2941 ms (  0.0%): <average total>
[2026-04-03T02:49:52.781+0600][21.455s][info][gc,stats    ] 
[2026-04-03T02:49:52.781+0600][21.455s][info][gc,metaspace] Metaspace: 121565K(122688K)->120730K(122688K) NonClass: 105894K(106496K)->105230K(106496K) Class: 15670K(16192K)->15500K(16192K)
[2026-04-03T02:49:52.781+0600][21.455s][info][gc,ergo     ] Pacer for Idle. Initial: 40960K, Alloc Tax Rate: 1.0x
[2026-04-03T02:49:52.781+0600][21.455s][info][gc,start    ] Concurrent uncommit
[2026-04-03T02:49:52.875+0600][21.548s][info][gc          ] Concurrent uncommit 108M->114M(117M) 93.176ms
[2026-04-03T02:49:53.699+0600][22.373s][info][gc          ] Trigger: Learning 2 of 5. Free (1396M) is below initial threshold (1400M)
[2026-04-03T02:49:53.699+0600][22.373s][info][gc,ergo     ] Free: 1396M, Max: 512K regular, 1203M humongous, Frag: 14% external, 0% internal; Reserve: 100M, Max: 512K
[2026-04-03T02:49:53.700+0600][22.373s][info][gc,start    ] GC(6) Concurrent reset
[2026-04-03T02:49:53.700+0600][22.373s][info][gc,task     ] GC(6) Using 3 of 6 workers for concurrent reset
[2026-04-03T02:49:53.700+0600][22.373s][info][gc,ergo     ] GC(6) Pacer for Reset. Non-Taxable: 2000M
[2026-04-03T02:49:53.702+0600][22.376s][info][gc          ] GC(6) Concurrent reset 2.203ms
[2026-04-03T02:49:53.706+0600][22.380s][info][gc,start    ] GC(6) Pause Init Mark (unload classes)
[2026-04-03T02:49:53.706+0600][22.380s][info][gc,task     ] GC(6) Using 6 of 6 workers for init marking
[2026-04-03T02:49:53.706+0600][22.380s][info][gc,ergo     ] GC(6) Pacer for Mark. Expected Live: 50355K, Free: 1389M, Non-Taxable: 138M, Alloc Tax Rate: 0.0x
[2026-04-03T02:49:53.706+0600][22.380s][info][gc          ] GC(6) Pause Init Mark (unload classes) 0.132ms
[2026-04-03T02:49:53.707+0600][22.380s][info][gc,start    ] GC(6) Concurrent marking roots
[2026-04-03T02:49:53.707+0600][22.380s][info][gc,task     ] GC(6) Using 3 of 6 workers for concurrent marking roots
[2026-04-03T02:49:53.708+0600][22.382s][info][gc          ] GC(6) Concurrent marking roots 1.704ms
[2026-04-03T02:49:53.708+0600][22.382s][info][gc,start    ] GC(6) Concurrent marking (unload classes)
[2026-04-03T02:49:53.708+0600][22.382s][info][gc,task     ] GC(6) Using 3 of 6 workers for concurrent marking
[2026-04-03T02:49:53.757+0600][22.431s][info][gc          ] GC(6) Concurrent marking (unload classes) 48.842ms
[2026-04-03T02:49:53.757+0600][22.431s][info][gc,start    ] GC(6) Pause Final Mark (unload classes)
[2026-04-03T02:49:53.757+0600][22.431s][info][gc,task     ] GC(6) Using 6 of 6 workers for final marking
[2026-04-03T02:49:53.758+0600][22.432s][info][gc,ergo     ] GC(6) Adaptive CSet Selection. Target Free: 283M, Actual Free: 1744M, Max CSet: 85333K, Min Garbage: 0B
[2026-04-03T02:49:53.758+0600][22.432s][info][gc,ergo     ] GC(6) Collectable Garbage: 377M (98%), Immediate: 283M (73%), CSet: 95643K (24%)
[2026-04-03T02:49:53.758+0600][22.432s][info][gc,ergo     ] GC(6) Pacer for Evacuation. Used CSet: 100M, Free: 1681M, Non-Taxable: 168M, Alloc Tax Rate: 1.1x
[2026-04-03T02:49:53.758+0600][22.432s][info][gc          ] GC(6) Pause Final Mark (unload classes) 0.806ms
[2026-04-03T02:49:53.758+0600][22.432s][info][gc,start    ] GC(6) Concurrent thread roots
[2026-04-03T02:49:53.758+0600][22.432s][info][gc,task     ] GC(6) Using 3 of 6 workers for Concurrent thread roots
[2026-04-03T02:49:53.760+0600][22.434s][info][gc          ] GC(6) Concurrent thread roots 1.600ms
[2026-04-03T02:49:53.760+0600][22.434s][info][gc,start    ] GC(6) Concurrent weak references
[2026-04-03T02:49:53.760+0600][22.434s][info][gc,task     ] GC(6) Using 3 of 6 workers for concurrent weak references
[2026-04-03T02:49:53.761+0600][22.435s][info][gc,ref      ] GC(6) Encountered references: Soft: 3561, Weak: 13944, Final: 84, Phantom: 625
[2026-04-03T02:49:53.762+0600][22.435s][info][gc,ref      ] GC(6) Discovered  references: Soft: 0, Weak: 6782, Final: 52, Phantom: 622
[2026-04-03T02:49:53.762+0600][22.435s][info][gc,ref      ] GC(6) Enqueued    references: Soft: 0, Weak: 466, Final: 0, Phantom: 0
[2026-04-03T02:49:53.762+0600][22.435s][info][gc          ] GC(6) Concurrent weak references 1.602ms
[2026-04-03T02:49:53.762+0600][22.435s][info][gc,start    ] GC(6) Concurrent weak roots
[2026-04-03T02:49:53.762+0600][22.435s][info][gc,task     ] GC(6) Using 3 of 6 workers for concurrent weak root
[2026-04-03T02:49:53.766+0600][22.440s][info][gc          ] GC(6) Concurrent weak roots 4.294ms
[2026-04-03T02:49:53.766+0600][22.440s][info][gc,start    ] GC(6) Concurrent cleanup
[2026-04-03T02:49:53.767+0600][22.440s][info][gc          ] GC(6) Concurrent cleanup 497M->215M(542M) 0.574ms
[2026-04-03T02:49:53.767+0600][22.441s][info][gc,ergo     ] GC(6) Free: 1677M, Max: 512K regular, 1203M humongous, Frag: 29% external, 0% internal; Reserve: 101800K, Max: 512K
[2026-04-03T02:49:53.767+0600][22.441s][info][gc,start    ] GC(6) Concurrent class unloading
[2026-04-03T02:49:53.767+0600][22.441s][info][gc,task     ] GC(6) Using 3 of 6 workers for concurrent class unloading
[2026-04-03T02:49:53.827+0600][22.501s][info][gc          ] GC(6) Concurrent class unloading 60.177ms
[2026-04-03T02:49:53.828+0600][22.502s][info][gc,start    ] GC(6) Concurrent strong roots
[2026-04-03T02:49:53.828+0600][22.502s][info][gc,task     ] GC(6) Using 3 of 6 workers for concurrent strong root
[2026-04-03T02:49:53.835+0600][22.509s][info][gc          ] GC(6) Concurrent strong roots 6.963ms
[2026-04-03T02:49:53.835+0600][22.509s][info][gc,start    ] GC(6) Concurrent evacuation
[2026-04-03T02:49:53.835+0600][22.509s][info][gc,task     ] GC(6) Using 3 of 6 workers for concurrent evacuation
[2026-04-03T02:49:53.867+0600][22.540s][info][gc          ] GC(6) Concurrent evacuation 31.790ms
[2026-04-03T02:49:53.867+0600][22.541s][info][gc,start    ] GC(6) Pause Init Update Refs
[2026-04-03T02:49:53.867+0600][22.541s][info][gc,ergo     ] GC(6) Pacer for Update Refs. Used: 237M, Free: 1663M, Non-Taxable: 166M, Alloc Tax Rate: 1.1x
[2026-04-03T02:49:53.867+0600][22.541s][info][gc          ] GC(6) Pause Init Update Refs 0.108ms
[2026-04-03T02:49:53.867+0600][22.541s][info][gc,start    ] GC(6) Concurrent update references
[2026-04-03T02:49:53.867+0600][22.541s][info][gc,task     ] GC(6) Using 3 of 6 workers for concurrent reference update
[2026-04-03T02:49:53.928+0600][22.602s][info][gc          ] GC(6) Concurrent update references 60.623ms
[2026-04-03T02:49:53.928+0600][22.602s][info][gc,start    ] GC(6) Concurrent update thread roots
[2026-04-03T02:49:53.929+0600][22.603s][info][gc          ] GC(6) Concurrent update thread roots 1.127ms
[2026-04-03T02:49:53.930+0600][22.604s][info][gc,start    ] GC(6) Pause Final Update Refs
[2026-04-03T02:49:53.930+0600][22.604s][info][gc,task     ] GC(6) Using 6 of 6 workers for final reference update
[2026-04-03T02:49:53.930+0600][22.604s][info][gc          ] GC(6) Pause Final Update Refs 0.188ms
[2026-04-03T02:49:53.930+0600][22.604s][info][gc,start    ] GC(6) Concurrent cleanup
[2026-04-03T02:49:53.931+0600][22.605s][info][gc          ] GC(6) Concurrent cleanup 243M->143M(550M) 0.721ms
[2026-04-03T02:49:53.931+0600][22.605s][info][gc,ergo     ] Free: 1749M, Max: 512K regular, 1353M humongous, Frag: 23% external, 0% internal; Reserve: 100M, Max: 512K
[2026-04-03T02:49:53.931+0600][22.605s][info][gc,stats    ] 
[2026-04-03T02:49:53.931+0600][22.605s][info][gc,stats    ] All times are wall-clock times, except per-root-class counters, that are sum over
[2026-04-03T02:49:53.931+0600][22.605s][info][gc,stats    ] all workers. Dividing the <total> over the root stage time estimates parallelism.
[2026-04-03T02:49:53.931+0600][22.605s][info][gc,stats    ] 
[2026-04-03T02:49:53.931+0600][22.605s][info][gc,stats    ] Concurrent Reset                   2278 us
[2026-04-03T02:49:53.931+0600][22.605s][info][gc,stats    ] Pause Init Mark (G)                4708 us
[2026-04-03T02:49:53.931+0600][22.605s][info][gc,stats    ] Pause Init Mark (N)                 141 us
[2026-04-03T02:49:53.931+0600][22.605s][info][gc,stats    ]   Update Region States               39 us
[2026-04-03T02:49:53.931+0600][22.605s][info][gc,stats    ] Concurrent Mark Roots              1757 us, parallelism: 2.16x
[2026-04-03T02:49:53.931+0600][22.605s][info][gc,stats    ]   CMR: <total>                     3797 us
[2026-04-03T02:49:53.931+0600][22.605s][info][gc,stats    ]   CMR: Thread Roots                3402 us, workers (us): 1213, 1225, 964, ---, ---, ---, 
[2026-04-03T02:49:53.931+0600][22.605s][info][gc,stats    ]   CMR: VM Strong Roots              124 us, workers (us):  62,  55,   7, ---, ---, ---, 
[2026-04-03T02:49:53.931+0600][22.605s][info][gc,stats    ]   CMR: CLDG Roots                   271 us, workers (us): ---, ---, 271, ---, ---, ---, 
[2026-04-03T02:49:53.931+0600][22.605s][info][gc,stats    ] Concurrent Marking                48921 us
[2026-04-03T02:49:53.931+0600][22.605s][info][gc,stats    ] Pause Final Mark (G)               1135 us
[2026-04-03T02:49:53.931+0600][22.605s][info][gc,stats    ] Pause Final Mark (N)                818 us
[2026-04-03T02:49:53.931+0600][22.605s][info][gc,stats    ]   Finish Mark                       290 us
[2026-04-03T02:49:53.931+0600][22.605s][info][gc,stats    ]   Update Region States               93 us
[2026-04-03T02:49:53.931+0600][22.605s][info][gc,stats    ]   Choose Collection Set             257 us
[2026-04-03T02:49:53.931+0600][22.605s][info][gc,stats    ]   Rebuild Free Set                   52 us
[2026-04-03T02:49:53.931+0600][22.605s][info][gc,stats    ] Concurrent Thread Roots            1631 us, parallelism: 1.92x
[2026-04-03T02:49:53.931+0600][22.605s][info][gc,stats    ]   CTR: <total>                     3138 us
[2026-04-03T02:49:53.931+0600][22.605s][info][gc,stats    ]   CTR: Thread Roots                3138 us, workers (us): 856, 1470, 812, ---, ---, ---, 
[2026-04-03T02:49:53.931+0600][22.605s][info][gc,stats    ] Concurrent Weak References         1617 us, parallelism: 1.02x
[2026-04-03T02:49:53.931+0600][22.605s][info][gc,stats    ]   CWRF: <total>                    1644 us
[2026-04-03T02:49:53.931+0600][22.605s][info][gc,stats    ]   CWRF: Weak References            1644 us, workers (us): 268, 1375,   1, ---, ---, ---, 
[2026-04-03T02:49:53.931+0600][22.605s][info][gc,stats    ] Concurrent Weak Roots              4399 us
[2026-04-03T02:49:53.931+0600][22.605s][info][gc,stats    ]   Roots                            3973 us, parallelism: 2.61x
[2026-04-03T02:49:53.931+0600][22.605s][info][gc,stats    ]     CWR: <total>                  10375 us
[2026-04-03T02:49:53.931+0600][22.605s][info][gc,stats    ]     CWR: Code Cache Roots          6005 us, workers (us): 2247, 2024, 1733, ---, ---, ---, 
[2026-04-03T02:49:53.931+0600][22.605s][info][gc,stats    ]     CWR: VM Weak Roots             4124 us, workers (us): 1400, 1366, 1358, ---, ---, ---, 
[2026-04-03T02:49:53.931+0600][22.605s][info][gc,stats    ]     CWR: CLDG Roots                 246 us, workers (us): ---, ---, 246, ---, ---, ---, 
[2026-04-03T02:49:53.931+0600][22.605s][info][gc,stats    ]   Rendezvous                        285 us
[2026-04-03T02:49:53.931+0600][22.605s][info][gc,stats    ] Concurrent Cleanup                  725 us
[2026-04-03T02:49:53.931+0600][22.605s][info][gc,stats    ] Concurrent Class Unloading        60915 us
[2026-04-03T02:49:53.931+0600][22.605s][info][gc,stats    ]   Unlink Stale                    47383 us
[2026-04-03T02:49:53.931+0600][22.605s][info][gc,stats    ]     System Dictionary               680 us
[2026-04-03T02:49:53.931+0600][22.605s][info][gc,stats    ]     Weak Class Links              27155 us
[2026-04-03T02:49:53.931+0600][22.605s][info][gc,stats    ]     Code Roots                    19540 us
[2026-04-03T02:49:53.931+0600][22.605s][info][gc,stats    ]   Rendezvous                        484 us
[2026-04-03T02:49:53.931+0600][22.605s][info][gc,stats    ]   Purge Unlinked                  12261 us
[2026-04-03T02:49:53.932+0600][22.605s][info][gc,stats    ]     Code Roots                    11916 us
[2026-04-03T02:49:53.932+0600][22.605s][info][gc,stats    ]     CLDG                            342 us
[2026-04-03T02:49:53.932+0600][22.605s][info][gc,stats    ]     Exception Caches                  0 us
[2026-04-03T02:49:53.932+0600][22.605s][info][gc,stats    ] Concurrent Strong Roots            7066 us, parallelism: 0.77x
[2026-04-03T02:49:53.932+0600][22.605s][info][gc,stats    ]   CSR: <total>                     5435 us
[2026-04-03T02:49:53.932+0600][22.605s][info][gc,stats    ]   CSR: VM Strong Roots               61 us, workers (us):  34,  27,   0, ---, ---, ---, 
[2026-04-03T02:49:53.932+0600][22.605s][info][gc,stats    ]   CSR: CLDG Roots                  5374 us, workers (us): 5374, ---, ---, ---, ---, ---, 
[2026-04-03T02:49:53.932+0600][22.605s][info][gc,stats    ] Concurrent Evacuation             32167 us
[2026-04-03T02:49:53.932+0600][22.605s][info][gc,stats    ] Pause Init Update Refs (G)          389 us
[2026-04-03T02:49:53.932+0600][22.605s][info][gc,stats    ] Pause Init Update Refs (N)          120 us
[2026-04-03T02:49:53.932+0600][22.605s][info][gc,stats    ]   Manage GCLABs                      20 us
[2026-04-03T02:49:53.932+0600][22.605s][info][gc,stats    ] Concurrent Update Refs            60737 us
[2026-04-03T02:49:53.932+0600][22.605s][info][gc,stats    ] Concurrent Update Thread Roots     1489 us
[2026-04-03T02:49:53.932+0600][22.606s][info][gc,stats    ] Pause Final Update Refs (G)         493 us
[2026-04-03T02:49:53.932+0600][22.606s][info][gc,stats    ] Pause Final Update Refs (N)         200 us
[2026-04-03T02:49:53.932+0600][22.606s][info][gc,stats    ]   Update Region States               63 us
[2026-04-03T02:49:53.932+0600][22.606s][info][gc,stats    ]   Trash Collection Set               18 us
[2026-04-03T02:49:53.932+0600][22.606s][info][gc,stats    ]   Rebuild Free Set                   58 us
[2026-04-03T02:49:53.932+0600][22.606s][info][gc,stats    ] Concurrent Cleanup                  754 us
[2026-04-03T02:49:53.932+0600][22.606s][info][gc,stats    ] 
[2026-04-03T02:49:53.932+0600][22.606s][info][gc,stats    ] Allocation pacing accrued:
[2026-04-03T02:49:53.932+0600][22.606s][info][gc,stats    ]       0 of  1150 ms (  0.0%): <total>
[2026-04-03T02:49:53.932+0600][22.606s][info][gc,stats    ]       0 of  1150 ms (  0.0%): <average total>
[2026-04-03T02:49:53.932+0600][22.606s][info][gc,stats    ] 
[2026-04-03T02:49:53.932+0600][22.606s][info][gc,metaspace] Metaspace: 122569K(123584K)->122563K(123648K) NonClass: 106781K(107328K)->106786K(107392K) Class: 15787K(16256K)->15777K(16256K)
[2026-04-03T02:49:53.932+0600][22.606s][info][gc,ergo     ] Pacer for Idle. Initial: 40960K, Alloc Tax Rate: 1.0x
[2026-04-03T02:49:54.344+0600][23.018s][info][gc          ] Trigger: Learning 3 of 5. Free (1397M) is below initial threshold (1400M)
[2026-04-03T02:49:54.345+0600][23.018s][info][gc,ergo     ] Free: 1397M, Max: 512K regular, 1353M humongous, Frag: 4% external, 0% internal; Reserve: 100M, Max: 512K
[2026-04-03T02:49:54.345+0600][23.019s][info][gc,start    ] GC(7) Concurrent reset
[2026-04-03T02:49:54.345+0600][23.019s][info][gc,task     ] GC(7) Using 3 of 6 workers for concurrent reset
[2026-04-03T02:49:54.345+0600][23.019s][info][gc,ergo     ] GC(7) Pacer for Reset. Non-Taxable: 2000M
[2026-04-03T02:49:54.348+0600][23.021s][info][gc          ] GC(7) Concurrent reset 2.848ms
[2026-04-03T02:49:54.348+0600][23.022s][info][gc,start    ] GC(7) Pause Init Mark (unload classes)
[2026-04-03T02:49:54.348+0600][23.022s][info][gc,task     ] GC(7) Using 6 of 6 workers for init marking
[2026-04-03T02:49:54.348+0600][23.022s][info][gc,ergo     ] GC(7) Pacer for Mark. Expected Live: 63393K, Free: 1396M, Non-Taxable: 139M, Alloc Tax Rate: 0.1x
[2026-04-03T02:49:54.348+0600][23.022s][info][gc          ] GC(7) Pause Init Mark (unload classes) 0.136ms
[2026-04-03T02:49:54.348+0600][23.022s][info][gc,start    ] GC(7) Concurrent marking roots
[2026-04-03T02:49:54.348+0600][23.022s][info][gc,task     ] GC(7) Using 3 of 6 workers for concurrent marking roots
[2026-04-03T02:49:54.350+0600][23.024s][info][gc          ] GC(7) Concurrent marking roots 1.706ms
[2026-04-03T02:49:54.350+0600][23.024s][info][gc,start    ] GC(7) Concurrent marking (unload classes)
[2026-04-03T02:49:54.350+0600][23.024s][info][gc,task     ] GC(7) Using 3 of 6 workers for concurrent marking
[2026-04-03T02:49:54.411+0600][23.085s][info][gc          ] GC(7) Concurrent marking (unload classes) 61.185ms
[2026-04-03T02:49:54.411+0600][23.085s][info][gc,start    ] GC(7) Pause Final Mark (unload classes)
[2026-04-03T02:49:54.412+0600][23.085s][info][gc,task     ] GC(7) Using 6 of 6 workers for final marking
[2026-04-03T02:49:54.412+0600][23.086s][info][gc,ergo     ] GC(7) Adaptive CSet Selection. Target Free: 283M, Actual Free: 1797M, Max CSet: 85333K, Min Garbage: 0B
[2026-04-03T02:49:54.412+0600][23.086s][info][gc,ergo     ] GC(7) Collectable Garbage: 375M (98%), Immediate: 320M (83%), CSet: 55960K (14%)
[2026-04-03T02:49:54.412+0600][23.086s][info][gc,ergo     ] GC(7) Pacer for Evacuation. Used CSet: 59606K, Free: 1740M, Non-Taxable: 174M, Alloc Tax Rate: 1.1x
[2026-04-03T02:49:54.412+0600][23.086s][info][gc          ] GC(7) Pause Final Mark (unload classes) 0.906ms
[2026-04-03T02:49:54.413+0600][23.087s][info][gc,start    ] GC(7) Concurrent thread roots
[2026-04-03T02:49:54.413+0600][23.087s][info][gc,task     ] GC(7) Using 3 of 6 workers for Concurrent thread roots
[2026-04-03T02:49:54.416+0600][23.089s][info][gc          ] GC(7) Concurrent thread roots 2.665ms
[2026-04-03T02:49:54.416+0600][23.089s][info][gc,start    ] GC(7) Concurrent weak references
[2026-04-03T02:49:54.416+0600][23.089s][info][gc,task     ] GC(7) Using 3 of 6 workers for concurrent weak references
[2026-04-03T02:49:54.417+0600][23.090s][info][gc,ref      ] GC(7) Encountered references: Soft: 3575, Weak: 13734, Final: 84, Phantom: 612
[2026-04-03T02:49:54.417+0600][23.091s][info][gc,ref      ] GC(7) Discovered  references: Soft: 0, Weak: 5820, Final: 0, Phantom: 576
[2026-04-03T02:49:54.417+0600][23.091s][info][gc,ref      ] GC(7) Enqueued    references: Soft: 0, Weak: 245, Final: 0, Phantom: 0
[2026-04-03T02:49:54.417+0600][23.091s][info][gc          ] GC(7) Concurrent weak references 1.204ms
[2026-04-03T02:49:54.417+0600][23.091s][info][gc,start    ] GC(7) Concurrent weak roots
[2026-04-03T02:49:54.417+0600][23.091s][info][gc,task     ] GC(7) Using 3 of 6 workers for concurrent weak root
[2026-04-03T02:49:54.427+0600][23.101s][info][gc          ] GC(7) Concurrent weak roots 10.477ms
[2026-04-03T02:49:54.428+0600][23.101s][info][gc,start    ] GC(7) Concurrent cleanup
[2026-04-03T02:49:54.429+0600][23.102s][info][gc          ] GC(7) Concurrent cleanup 484M->164M(550M) 1.045ms
[2026-04-03T02:49:54.429+0600][23.103s][info][gc,ergo     ] GC(7) Free: 1732M, Max: 512K regular, 1354M humongous, Frag: 22% external, 0% internal; Reserve: 101778K, Max: 512K
[2026-04-03T02:49:54.429+0600][23.103s][info][gc,start    ] GC(7) Concurrent class unloading
[2026-04-03T02:49:54.429+0600][23.103s][info][gc,task     ] GC(7) Using 3 of 6 workers for concurrent class unloading
[2026-04-03T02:49:54.478+0600][23.152s][info][gc          ] GC(7) Concurrent class unloading 49.693ms
[2026-04-03T02:49:54.479+0600][23.153s][info][gc,start    ] GC(7) Concurrent strong roots
[2026-04-03T02:49:54.479+0600][23.153s][info][gc,task     ] GC(7) Using 3 of 6 workers for concurrent strong root
[2026-04-03T02:49:54.481+0600][23.155s][info][gc          ] GC(7) Concurrent strong roots 1.968ms
[2026-04-03T02:49:54.481+0600][23.155s][info][gc,start    ] GC(7) Concurrent evacuation
[2026-04-03T02:49:54.481+0600][23.155s][info][gc,task     ] GC(7) Using 3 of 6 workers for concurrent evacuation
[2026-04-03T02:49:54.488+0600][23.162s][info][gc          ] GC(7) Concurrent evacuation 6.996ms
[2026-04-03T02:49:54.489+0600][23.163s][info][gc,start    ] GC(7) Pause Init Update Refs
[2026-04-03T02:49:54.489+0600][23.163s][info][gc,ergo     ] GC(7) Pacer for Update Refs. Used: 170M, Free: 1730M, Non-Taxable: 173M, Alloc Tax Rate: 1.1x
[2026-04-03T02:49:54.489+0600][23.163s][info][gc          ] GC(7) Pause Init Update Refs 0.163ms
[2026-04-03T02:49:54.489+0600][23.163s][info][gc,start    ] GC(7) Concurrent update references
[2026-04-03T02:49:54.489+0600][23.163s][info][gc,task     ] GC(7) Using 3 of 6 workers for concurrent reference update
[2026-04-03T02:49:54.536+0600][23.210s][info][gc          ] GC(7) Concurrent update references 46.475ms
[2026-04-03T02:49:54.536+0600][23.210s][info][gc,start    ] GC(7) Concurrent update thread roots
[2026-04-03T02:49:54.537+0600][23.211s][info][gc          ] GC(7) Concurrent update thread roots 1.106ms
[2026-04-03T02:49:54.537+0600][23.211s][info][gc,start    ] GC(7) Pause Final Update Refs
[2026-04-03T02:49:54.537+0600][23.211s][info][gc,task     ] GC(7) Using 6 of 6 workers for final reference update
[2026-04-03T02:49:54.538+0600][23.211s][info][gc          ] GC(7) Pause Final Update Refs 0.197ms
[2026-04-03T02:49:54.538+0600][23.211s][info][gc,start    ] GC(7) Concurrent cleanup
[2026-04-03T02:49:54.538+0600][23.212s][info][gc          ] GC(7) Concurrent cleanup 180M->122M(552M) 0.702ms
[2026-04-03T02:49:54.538+0600][23.212s][info][gc,ergo     ] Free: 1774M, Max: 512K regular, 1398M humongous, Frag: 22% external, 0% internal; Reserve: 100M, Max: 512K
[2026-04-03T02:49:54.538+0600][23.212s][info][gc,stats    ] 
[2026-04-03T02:49:54.538+0600][23.212s][info][gc,stats    ] All times are wall-clock times, except per-root-class counters, that are sum over
[2026-04-03T02:49:54.538+0600][23.212s][info][gc,stats    ] all workers. Dividing the <total> over the root stage time estimates parallelism.
[2026-04-03T02:49:54.538+0600][23.212s][info][gc,stats    ] 
[2026-04-03T02:49:54.538+0600][23.212s][info][gc,stats    ] Concurrent Reset                   2921 us
[2026-04-03T02:49:54.539+0600][23.212s][info][gc,stats    ] Pause Init Mark (G)                 496 us
[2026-04-03T02:49:54.539+0600][23.212s][info][gc,stats    ] Pause Init Mark (N)                 146 us
[2026-04-03T02:49:54.539+0600][23.212s][info][gc,stats    ]   Update Region States               40 us
[2026-04-03T02:49:54.539+0600][23.212s][info][gc,stats    ] Concurrent Mark Roots              1768 us, parallelism: 2.22x
[2026-04-03T02:49:54.539+0600][23.212s][info][gc,stats    ]   CMR: <total>                     3930 us
[2026-04-03T02:49:54.539+0600][23.212s][info][gc,stats    ]   CMR: Thread Roots                3192 us, workers (us): 1119, 799, 1273, ---, ---, ---, 
[2026-04-03T02:49:54.539+0600][23.212s][info][gc,stats    ]   CMR: VM Strong Roots              223 us, workers (us): 141,  24,  58, ---, ---, ---, 
[2026-04-03T02:49:54.539+0600][23.212s][info][gc,stats    ]   CMR: CLDG Roots                   516 us, workers (us): ---, 516, ---, ---, ---, ---, 
[2026-04-03T02:49:54.539+0600][23.212s][info][gc,stats    ] Concurrent Marking                61319 us
[2026-04-03T02:49:54.539+0600][23.212s][info][gc,stats    ] Pause Final Mark (G)               1660 us
[2026-04-03T02:49:54.539+0600][23.212s][info][gc,stats    ] Pause Final Mark (N)                921 us
[2026-04-03T02:49:54.539+0600][23.212s][info][gc,stats    ]   Finish Mark                       343 us
[2026-04-03T02:49:54.539+0600][23.212s][info][gc,stats    ]   Update Region States               76 us
[2026-04-03T02:49:54.539+0600][23.212s][info][gc,stats    ]   Choose Collection Set             184 us
[2026-04-03T02:49:54.539+0600][23.213s][info][gc,stats    ]   Rebuild Free Set                   52 us
[2026-04-03T02:49:54.539+0600][23.213s][info][gc,stats    ] Concurrent Thread Roots            2741 us, parallelism: 1.80x
[2026-04-03T02:49:54.539+0600][23.213s][info][gc,stats    ]   CTR: <total>                     4942 us
[2026-04-03T02:49:54.539+0600][23.213s][info][gc,stats    ]   CTR: Thread Roots                4942 us, workers (us): 2488, 2454,   0, ---, ---, ---, 
[2026-04-03T02:49:54.539+0600][23.213s][info][gc,stats    ] Concurrent Weak References         1222 us, parallelism: 1.11x
[2026-04-03T02:49:54.539+0600][23.213s][info][gc,stats    ]   CWRF: <total>                    1356 us
[2026-04-03T02:49:54.539+0600][23.213s][info][gc,stats    ]   CWRF: Weak References            1356 us, workers (us): 473, 882,   0, ---, ---, ---, 
[2026-04-03T02:49:54.539+0600][23.213s][info][gc,stats    ] Concurrent Weak Roots             10738 us
[2026-04-03T02:49:54.539+0600][23.213s][info][gc,stats    ]   Roots                            6996 us, parallelism: 2.51x
[2026-04-03T02:49:54.539+0600][23.213s][info][gc,stats    ]     CWR: <total>                  17531 us
[2026-04-03T02:49:54.539+0600][23.213s][info][gc,stats    ]     CWR: Code Cache Roots         13717 us, workers (us): 4468, 4716, 4533, ---, ---, ---, 
[2026-04-03T02:49:54.539+0600][23.213s][info][gc,stats    ]     CWR: VM Weak Roots             3575 us, workers (us): 1883, 1371, 321, ---, ---, ---, 
[2026-04-03T02:49:54.539+0600][23.213s][info][gc,stats    ]     CWR: CLDG Roots                 239 us, workers (us): 239, ---, ---, ---, ---, ---, 
[2026-04-03T02:49:54.539+0600][23.213s][info][gc,stats    ]   Rendezvous                       3447 us
[2026-04-03T02:49:54.539+0600][23.213s][info][gc,stats    ] Concurrent Cleanup                 1113 us
[2026-04-03T02:49:54.539+0600][23.213s][info][gc,stats    ] Concurrent Class Unloading        50195 us
[2026-04-03T02:49:54.539+0600][23.213s][info][gc,stats    ]   Unlink Stale                    43086 us
[2026-04-03T02:49:54.539+0600][23.213s][info][gc,stats    ]     System Dictionary               514 us
[2026-04-03T02:49:54.539+0600][23.213s][info][gc,stats    ]     Weak Class Links              24289 us
[2026-04-03T02:49:54.539+0600][23.213s][info][gc,stats    ]     Code Roots                    18277 us
[2026-04-03T02:49:54.539+0600][23.213s][info][gc,stats    ]   Rendezvous                       3849 us
[2026-04-03T02:49:54.539+0600][23.213s][info][gc,stats    ]   Purge Unlinked                   2710 us
[2026-04-03T02:49:54.539+0600][23.213s][info][gc,stats    ]     Code Roots                     2635 us
[2026-04-03T02:49:54.539+0600][23.213s][info][gc,stats    ]     CLDG                             74 us
[2026-04-03T02:49:54.539+0600][23.213s][info][gc,stats    ]     Exception Caches                  0 us
[2026-04-03T02:49:54.539+0600][23.213s][info][gc,stats    ] Concurrent Strong Roots            2282 us, parallelism: 0.49x
[2026-04-03T02:49:54.539+0600][23.213s][info][gc,stats    ]   CSR: <total>                     1109 us
[2026-04-03T02:49:54.539+0600][23.213s][info][gc,stats    ]   CSR: VM Strong Roots               49 us, workers (us):  48,   0,   0, ---, ---, ---, 
[2026-04-03T02:49:54.539+0600][23.213s][info][gc,stats    ]   CSR: CLDG Roots                  1060 us, workers (us): 1060, ---, ---, ---, ---, ---, 
[2026-04-03T02:49:54.539+0600][23.213s][info][gc,stats    ] Concurrent Evacuation              7099 us
[2026-04-03T02:49:54.539+0600][23.213s][info][gc,stats    ] Pause Init Update Refs (G)          877 us
[2026-04-03T02:49:54.539+0600][23.213s][info][gc,stats    ] Pause Init Update Refs (N)          178 us
[2026-04-03T02:49:54.539+0600][23.213s][info][gc,stats    ]   Manage GCLABs                      36 us
[2026-04-03T02:49:54.539+0600][23.213s][info][gc,stats    ] Concurrent Update Refs            46588 us
[2026-04-03T02:49:54.539+0600][23.213s][info][gc,stats    ] Concurrent Update Thread Roots     1207 us
[2026-04-03T02:49:54.539+0600][23.213s][info][gc,stats    ] Pause Final Update Refs (G)         584 us
[2026-04-03T02:49:54.539+0600][23.213s][info][gc,stats    ] Pause Final Update Refs (N)         207 us
[2026-04-03T02:49:54.539+0600][23.213s][info][gc,stats    ]   Update Region States               97 us
[2026-04-03T02:49:54.539+0600][23.213s][info][gc,stats    ]   Trash Collection Set               10 us
[2026-04-03T02:49:54.539+0600][23.213s][info][gc,stats    ]   Rebuild Free Set                   45 us
[2026-04-03T02:49:54.539+0600][23.213s][info][gc,stats    ] Concurrent Cleanup                  719 us
[2026-04-03T02:49:54.539+0600][23.213s][info][gc,stats    ] 
[2026-04-03T02:49:54.539+0600][23.213s][info][gc,stats    ] Allocation pacing accrued:
[2026-04-03T02:49:54.539+0600][23.213s][info][gc,stats    ]       0 of   607 ms (  0.0%): <total>
[2026-04-03T02:49:54.539+0600][23.213s][info][gc,stats    ]       0 of   607 ms (  0.0%): <average total>
[2026-04-03T02:49:54.539+0600][23.213s][info][gc,stats    ] 
[2026-04-03T02:49:54.539+0600][23.213s][info][gc,metaspace] Metaspace: 122662K(123648K)->122720K(123776K) NonClass: 106872K(107392K)->106932K(107520K) Class: 15790K(16256K)->15787K(16256K)
[2026-04-03T02:49:54.539+0600][23.213s][info][gc,ergo     ] Pacer for Idle. Initial: 40960K, Alloc Tax Rate: 1.0x
[2026-04-03T02:49:56.425+0600][25.099s][info][gc          ] Trigger: Learning 4 of 5. Free (1398M) is below initial threshold (1400M)
[2026-04-03T02:49:56.425+0600][25.099s][info][gc,ergo     ] Free: 1398M, Max: 512K regular, 1397M humongous, Frag: 1% external, 0% internal; Reserve: 100M, Max: 512K
[2026-04-03T02:49:56.425+0600][25.099s][info][gc,start    ] GC(8) Concurrent reset
[2026-04-03T02:49:56.425+0600][25.099s][info][gc,task     ] GC(8) Using 3 of 6 workers for concurrent reset
[2026-04-03T02:49:56.425+0600][25.099s][info][gc,ergo     ] GC(8) Pacer for Reset. Non-Taxable: 2000M
[2026-04-03T02:49:56.428+0600][25.101s][info][gc          ] GC(8) Concurrent reset 2.341ms
[2026-04-03T02:49:56.428+0600][25.102s][info][gc,start    ] GC(8) Pause Init Mark (unload classes)
[2026-04-03T02:49:56.428+0600][25.102s][info][gc,task     ] GC(8) Using 6 of 6 workers for init marking
[2026-04-03T02:49:56.428+0600][25.102s][info][gc,ergo     ] GC(8) Pacer for Mark. Expected Live: 73077K, Free: 1394M, Non-Taxable: 139M, Alloc Tax Rate: 0.1x
[2026-04-03T02:49:56.428+0600][25.102s][info][gc          ] GC(8) Pause Init Mark (unload classes) 0.251ms
[2026-04-03T02:49:56.429+0600][25.102s][info][gc,start    ] GC(8) Concurrent marking roots
[2026-04-03T02:49:56.429+0600][25.103s][info][gc,task     ] GC(8) Using 3 of 6 workers for concurrent marking roots
[2026-04-03T02:49:56.433+0600][25.107s][info][gc          ] GC(8) Concurrent marking roots 4.353ms
[2026-04-03T02:49:56.433+0600][25.107s][info][gc,start    ] GC(8) Concurrent marking (unload classes)
[2026-04-03T02:49:56.433+0600][25.107s][info][gc,task     ] GC(8) Using 3 of 6 workers for concurrent marking
[2026-04-03T02:49:56.512+0600][25.186s][info][gc          ] GC(8) Concurrent marking (unload classes) 78.615ms
[2026-04-03T02:49:56.512+0600][25.186s][info][gc,start    ] GC(8) Pause Final Mark (unload classes)
[2026-04-03T02:49:56.512+0600][25.186s][info][gc,task     ] GC(8) Using 6 of 6 workers for final marking
[2026-04-03T02:49:56.513+0600][25.186s][info][gc,ergo     ] GC(8) Adaptive CSet Selection. Target Free: 283M, Actual Free: 1673M, Max CSet: 85333K, Min Garbage: 0B
[2026-04-03T02:49:56.513+0600][25.187s][info][gc,ergo     ] GC(8) Collectable Garbage: 384M (98%), Immediate: 208M (53%), CSet: 176M (45%)
[2026-04-03T02:49:56.513+0600][25.187s][info][gc,ergo     ] GC(8) Pacer for Evacuation. Used CSet: 181M, Free: 1602M, Non-Taxable: 160M, Alloc Tax Rate: 1.1x
[2026-04-03T02:49:56.513+0600][25.187s][info][gc          ] GC(8) Pause Final Mark (unload classes) 0.750ms
[2026-04-03T02:49:56.513+0600][25.187s][info][gc,start    ] GC(8) Concurrent thread roots
[2026-04-03T02:49:56.513+0600][25.187s][info][gc,task     ] GC(8) Using 3 of 6 workers for Concurrent thread roots
[2026-04-03T02:49:56.519+0600][25.193s][info][gc          ] GC(8) Concurrent thread roots 5.802ms
[2026-04-03T02:49:56.519+0600][25.193s][info][gc,start    ] GC(8) Concurrent weak references
[2026-04-03T02:49:56.519+0600][25.193s][info][gc,task     ] GC(8) Using 3 of 6 workers for concurrent weak references
[2026-04-03T02:49:56.521+0600][25.195s][info][gc,ref      ] GC(8) Encountered references: Soft: 3740, Weak: 14749, Final: 84, Phantom: 621
[2026-04-03T02:49:56.521+0600][25.195s][info][gc,ref      ] GC(8) Discovered  references: Soft: 0, Weak: 8434, Final: 0, Phantom: 616
[2026-04-03T02:49:56.521+0600][25.195s][info][gc,ref      ] GC(8) Enqueued    references: Soft: 0, Weak: 772, Final: 0, Phantom: 0
[2026-04-03T02:49:56.521+0600][25.195s][info][gc          ] GC(8) Concurrent weak references 2.225ms
[2026-04-03T02:49:56.521+0600][25.195s][info][gc,start    ] GC(8) Concurrent weak roots
[2026-04-03T02:49:56.521+0600][25.195s][info][gc,task     ] GC(8) Using 3 of 6 workers for concurrent weak root
[2026-04-03T02:49:56.533+0600][25.207s][info][gc          ] GC(8) Concurrent weak roots 11.661ms
[2026-04-03T02:49:56.533+0600][25.207s][info][gc,start    ] GC(8) Concurrent cleanup
[2026-04-03T02:49:56.534+0600][25.208s][info][gc          ] GC(8) Concurrent cleanup 510M->303M(553M) 1.208ms
[2026-04-03T02:49:56.535+0600][25.209s][info][gc,ergo     ] GC(8) Free: 1589M, Max: 512K regular, 1353M humongous, Frag: 15% external, 0% internal; Reserve: 101630K, Max: 512K
[2026-04-03T02:49:56.535+0600][25.209s][info][gc,start    ] GC(8) Concurrent class unloading
[2026-04-03T02:49:56.535+0600][25.209s][info][gc,task     ] GC(8) Using 3 of 6 workers for concurrent class unloading
[2026-04-03T02:49:56.594+0600][25.268s][info][gc          ] GC(8) Concurrent class unloading 59.111ms
[2026-04-03T02:49:56.594+0600][25.268s][info][gc,start    ] GC(8) Concurrent strong roots
[2026-04-03T02:49:56.594+0600][25.268s][info][gc,task     ] GC(8) Using 3 of 6 workers for concurrent strong root
[2026-04-03T02:49:56.596+0600][25.270s][info][gc          ] GC(8) Concurrent strong roots 1.733ms
[2026-04-03T02:49:56.596+0600][25.270s][info][gc,start    ] GC(8) Concurrent evacuation
[2026-04-03T02:49:56.596+0600][25.270s][info][gc,task     ] GC(8) Using 3 of 6 workers for concurrent evacuation
[2026-04-03T02:49:56.600+0600][25.274s][info][gc          ] GC(8) Concurrent evacuation 3.909ms
[2026-04-03T02:49:56.600+0600][25.274s][info][gc,start    ] GC(8) Pause Init Update Refs
[2026-04-03T02:49:56.600+0600][25.274s][info][gc,ergo     ] GC(8) Pacer for Update Refs. Used: 340M, Free: 1555M, Non-Taxable: 155M, Alloc Tax Rate: 1.1x
[2026-04-03T02:49:56.600+0600][25.274s][info][gc          ] GC(8) Pause Init Update Refs 0.103ms
[2026-04-03T02:49:56.600+0600][25.274s][info][gc,start    ] GC(8) Concurrent update references
[2026-04-03T02:49:56.601+0600][25.274s][info][gc,task     ] GC(8) Using 3 of 6 workers for concurrent reference update
[2026-04-03T02:49:56.647+0600][25.321s][info][gc          ] GC(8) Concurrent update references 46.726ms
[2026-04-03T02:49:56.647+0600][25.321s][info][gc,start    ] GC(8) Concurrent update thread roots
[2026-04-03T02:49:56.650+0600][25.324s][info][gc          ] GC(8) Concurrent update thread roots 3.011ms
[2026-04-03T02:49:56.651+0600][25.325s][info][gc,start    ] GC(8) Pause Final Update Refs
[2026-04-03T02:49:56.651+0600][25.325s][info][gc,task     ] GC(8) Using 6 of 6 workers for final reference update
[2026-04-03T02:49:56.651+0600][25.325s][info][gc          ] GC(8) Pause Final Update Refs 0.224ms
[2026-04-03T02:49:56.651+0600][25.325s][info][gc,start    ] GC(8) Concurrent cleanup
[2026-04-03T02:49:56.652+0600][25.326s][info][gc          ] GC(8) Concurrent cleanup 355M->173M(554M) 0.831ms
[2026-04-03T02:49:56.652+0600][25.326s][info][gc,ergo     ] Free: 1717M, Max: 512K regular, 1350M humongous, Frag: 22% external, 0% internal; Reserve: 100M, Max: 512K
[2026-04-03T02:49:56.652+0600][25.326s][info][gc,stats    ] 
[2026-04-03T02:49:56.652+0600][25.326s][info][gc,stats    ] All times are wall-clock times, except per-root-class counters, that are sum over
[2026-04-03T02:49:56.652+0600][25.326s][info][gc,stats    ] all workers. Dividing the <total> over the root stage time estimates parallelism.
[2026-04-03T02:49:56.652+0600][25.326s][info][gc,stats    ] 
[2026-04-03T02:49:56.652+0600][25.326s][info][gc,stats    ] Concurrent Reset                   2440 us
[2026-04-03T02:49:56.652+0600][25.326s][info][gc,stats    ] Pause Init Mark (G)                1008 us
[2026-04-03T02:49:56.652+0600][25.326s][info][gc,stats    ] Pause Init Mark (N)                 270 us
[2026-04-03T02:49:56.652+0600][25.326s][info][gc,stats    ]   Update Region States               76 us
[2026-04-03T02:49:56.653+0600][25.326s][info][gc,stats    ] Concurrent Mark Roots              4485 us, parallelism: 1.06x
[2026-04-03T02:49:56.653+0600][25.326s][info][gc,stats    ]   CMR: <total>                     4764 us
[2026-04-03T02:49:56.653+0600][25.326s][info][gc,stats    ]   CMR: Thread Roots                3825 us, workers (us): 2892, 413, 520, ---, ---, ---, 
[2026-04-03T02:49:56.653+0600][25.326s][info][gc,stats    ]   CMR: VM Strong Roots              366 us, workers (us): 363,   2,   2, ---, ---, ---, 
[2026-04-03T02:49:56.653+0600][25.326s][info][gc,stats    ]   CMR: CLDG Roots                   572 us, workers (us): 572, ---, ---, ---, ---, ---, 
[2026-04-03T02:49:56.653+0600][25.326s][info][gc,stats    ] Concurrent Marking                78732 us
[2026-04-03T02:49:56.653+0600][25.326s][info][gc,stats    ] Pause Final Mark (G)               1046 us
[2026-04-03T02:49:56.653+0600][25.326s][info][gc,stats    ] Pause Final Mark (N)                764 us
[2026-04-03T02:49:56.653+0600][25.326s][info][gc,stats    ]   Finish Mark                       183 us
[2026-04-03T02:49:56.653+0600][25.327s][info][gc,stats    ]   Update Region States               96 us
[2026-04-03T02:49:56.653+0600][25.327s][info][gc,stats    ]   Choose Collection Set             266 us
[2026-04-03T02:49:56.653+0600][25.327s][info][gc,stats    ]   Rebuild Free Set                   65 us
[2026-04-03T02:49:56.653+0600][25.327s][info][gc,stats    ] Concurrent Thread Roots            5890 us, parallelism: 1.18x
[2026-04-03T02:49:56.653+0600][25.327s][info][gc,stats    ]   CTR: <total>                     6957 us
[2026-04-03T02:49:56.653+0600][25.327s][info][gc,stats    ]   CTR: Thread Roots                6957 us, workers (us): 3991, 1774, 1192, ---, ---, ---, 
[2026-04-03T02:49:56.653+0600][25.327s][info][gc,stats    ] Concurrent Weak References         2273 us, parallelism: 0.84x
[2026-04-03T02:49:56.653+0600][25.327s][info][gc,stats    ]   CWRF: <total>                    1907 us
[2026-04-03T02:49:56.653+0600][25.327s][info][gc,stats    ]   CWRF: Weak References            1907 us, workers (us): 1747, 158,   2, ---, ---, ---, 
[2026-04-03T02:49:56.653+0600][25.327s][info][gc,stats    ] Concurrent Weak Roots             12170 us
[2026-04-03T02:49:56.653+0600][25.327s][info][gc,stats    ]   Roots                           10993 us, parallelism: 2.53x
[2026-04-03T02:49:56.653+0600][25.327s][info][gc,stats    ]     CWR: <total>                  27789 us
[2026-04-03T02:49:56.653+0600][25.327s][info][gc,stats    ]     CWR: Code Cache Roots         13800 us, workers (us): 6669,   1, 7130, ---, ---, ---, 
[2026-04-03T02:49:56.653+0600][25.327s][info][gc,stats    ]     CWR: VM Weak Roots            13671 us, workers (us): 3330, 10251,  90, ---, ---, ---, 
[2026-04-03T02:49:56.653+0600][25.327s][info][gc,stats    ]     CWR: CLDG Roots                 318 us, workers (us): 318, ---, ---, ---, ---, ---, 
[2026-04-03T02:49:56.653+0600][25.327s][info][gc,stats    ]   Rendezvous                        631 us
[2026-04-03T02:49:56.653+0600][25.327s][info][gc,stats    ] Concurrent Cleanup                 1668 us
[2026-04-03T02:49:56.653+0600][25.327s][info][gc,stats    ] Concurrent Class Unloading        59235 us
[2026-04-03T02:49:56.653+0600][25.327s][info][gc,stats    ]   Unlink Stale                    49001 us
[2026-04-03T02:49:56.653+0600][25.327s][info][gc,stats    ]     System Dictionary              1411 us
[2026-04-03T02:49:56.653+0600][25.327s][info][gc,stats    ]     Weak Class Links              30885 us
[2026-04-03T02:49:56.653+0600][25.327s][info][gc,stats    ]     Code Roots                    16700 us
[2026-04-03T02:49:56.653+0600][25.327s][info][gc,stats    ]   Rendezvous                        292 us
[2026-04-03T02:49:56.653+0600][25.327s][info][gc,stats    ]   Purge Unlinked                   9765 us
[2026-04-03T02:49:56.653+0600][25.327s][info][gc,stats    ]     Code Roots                     9096 us
[2026-04-03T02:49:56.653+0600][25.327s][info][gc,stats    ]     CLDG                            667 us
[2026-04-03T02:49:56.653+0600][25.327s][info][gc,stats    ]     Exception Caches                  1 us
[2026-04-03T02:49:56.653+0600][25.327s][info][gc,stats    ] Concurrent Strong Roots            1815 us, parallelism: 0.73x
[2026-04-03T02:49:56.653+0600][25.327s][info][gc,stats    ]   CSR: <total>                     1319 us
[2026-04-03T02:49:56.653+0600][25.327s][info][gc,stats    ]   CSR: VM Strong Roots               86 us, workers (us):  60,  24,   2, ---, ---, ---, 
[2026-04-03T02:49:56.653+0600][25.327s][info][gc,stats    ]   CSR: CLDG Roots                  1234 us, workers (us): ---, 1234, ---, ---, ---, ---, 
[2026-04-03T02:49:56.653+0600][25.327s][info][gc,stats    ] Concurrent Evacuation              4007 us
[2026-04-03T02:49:56.653+0600][25.327s][info][gc,stats    ] Pause Init Update Refs (G)          344 us
[2026-04-03T02:49:56.653+0600][25.327s][info][gc,stats    ] Pause Init Update Refs (N)          115 us
[2026-04-03T02:49:56.653+0600][25.327s][info][gc,stats    ]   Manage GCLABs                      41 us
[2026-04-03T02:49:56.653+0600][25.327s][info][gc,stats    ] Concurrent Update Refs            46845 us
[2026-04-03T02:49:56.653+0600][25.327s][info][gc,stats    ] Concurrent Update Thread Roots     3120 us
[2026-04-03T02:49:56.653+0600][25.327s][info][gc,stats    ] Pause Final Update Refs (G)         927 us
[2026-04-03T02:49:56.653+0600][25.327s][info][gc,stats    ] Pause Final Update Refs (N)         242 us
[2026-04-03T02:49:56.653+0600][25.327s][info][gc,stats    ]   Update Region States               78 us
[2026-04-03T02:49:56.653+0600][25.327s][info][gc,stats    ]   Trash Collection Set               19 us
[2026-04-03T02:49:56.653+0600][25.327s][info][gc,stats    ]   Rebuild Free Set                   55 us
[2026-04-03T02:49:56.653+0600][25.327s][info][gc,stats    ] Concurrent Cleanup                  883 us
[2026-04-03T02:49:56.653+0600][25.327s][info][gc,stats    ] 
[2026-04-03T02:49:56.653+0600][25.327s][info][gc,stats    ] Allocation pacing accrued:
[2026-04-03T02:49:56.653+0600][25.327s][info][gc,stats    ]       0 of  2114 ms (  0.0%): <total>
[2026-04-03T02:49:56.653+0600][25.327s][info][gc,stats    ]       0 of  2114 ms (  0.0%): <average total>
[2026-04-03T02:49:56.653+0600][25.327s][info][gc,stats    ] 
[2026-04-03T02:49:56.653+0600][25.327s][info][gc,metaspace] Metaspace: 127186K(128448K)->126998K(128512K) NonClass: 110849K(111552K)->110730K(111616K) Class: 16337K(16896K)->16267K(16896K)
[2026-04-03T02:49:56.653+0600][25.327s][info][gc,ergo     ] Pacer for Idle. Initial: 40960K, Alloc Tax Rate: 1.0x
[2026-04-03T02:49:57.224+0600][25.898s][info][gc          ] Trigger: Learning 5 of 5. Free (1399M) is below initial threshold (1400M)
[2026-04-03T02:49:57.225+0600][25.899s][info][gc,ergo     ] Free: 1398M, Max: 512K regular, 1350M humongous, Frag: 4% external, 0% internal; Reserve: 100M, Max: 512K
[2026-04-03T02:49:57.225+0600][25.899s][info][gc,start    ] GC(9) Concurrent reset
[2026-04-03T02:49:57.225+0600][25.899s][info][gc,task     ] GC(9) Using 3 of 6 workers for concurrent reset
[2026-04-03T02:49:57.225+0600][25.899s][info][gc,ergo     ] GC(9) Pacer for Reset. Non-Taxable: 2000M
[2026-04-03T02:49:57.231+0600][25.905s][info][gc          ] GC(9) Concurrent reset 5.631ms
[2026-04-03T02:49:57.231+0600][25.905s][info][gc,start    ] GC(9) Pause Init Mark (unload classes)
[2026-04-03T02:49:57.231+0600][25.905s][info][gc,task     ] GC(9) Using 6 of 6 workers for init marking
[2026-04-03T02:49:57.231+0600][25.905s][info][gc,ergo     ] GC(9) Pacer for Mark. Expected Live: 80605K, Free: 1397M, Non-Taxable: 139M, Alloc Tax Rate: 0.1x
[2026-04-03T02:49:57.231+0600][25.905s][info][gc          ] GC(9) Pause Init Mark (unload classes) 0.178ms
[2026-04-03T02:49:57.231+0600][25.905s][info][gc,start    ] GC(9) Concurrent marking roots
[2026-04-03T02:49:57.232+0600][25.905s][info][gc,task     ] GC(9) Using 3 of 6 workers for concurrent marking roots
[2026-04-03T02:49:57.233+0600][25.907s][info][gc          ] GC(9) Concurrent marking roots 1.747ms
[2026-04-03T02:49:57.233+0600][25.907s][info][gc,start    ] GC(9) Concurrent marking (unload classes)
[2026-04-03T02:49:57.233+0600][25.907s][info][gc,task     ] GC(9) Using 3 of 6 workers for concurrent marking
[2026-04-03T02:49:57.309+0600][25.982s][info][gc          ] GC(9) Concurrent marking (unload classes) 75.188ms
[2026-04-03T02:49:57.309+0600][25.983s][info][gc,start    ] GC(9) Pause Final Mark (unload classes)
[2026-04-03T02:49:57.309+0600][25.983s][info][gc,task     ] GC(9) Using 6 of 6 workers for final marking
[2026-04-03T02:49:57.310+0600][25.983s][info][gc,ergo     ] GC(9) Adaptive CSet Selection. Target Free: 283M, Actual Free: 1738M, Max CSet: 85333K, Min Garbage: 0B
[2026-04-03T02:49:57.310+0600][25.984s][info][gc,ergo     ] GC(9) Collectable Garbage: 372M (98%), Immediate: 268M (70%), CSet: 104M (27%)
[2026-04-03T02:49:57.310+0600][25.984s][info][gc,ergo     ] GC(9) Pacer for Evacuation. Used CSet: 107M, Free: 1679M, Non-Taxable: 167M, Alloc Tax Rate: 1.1x
[2026-04-03T02:49:57.310+0600][25.984s][info][gc          ] GC(9) Pause Final Mark (unload classes) 0.802ms
[2026-04-03T02:49:57.311+0600][25.985s][info][gc,start    ] GC(9) Concurrent thread roots
[2026-04-03T02:49:57.311+0600][25.985s][info][gc,task     ] GC(9) Using 3 of 6 workers for Concurrent thread roots
[2026-04-03T02:49:57.317+0600][25.991s][info][gc          ] GC(9) Concurrent thread roots 5.662ms
[2026-04-03T02:49:57.317+0600][25.991s][info][gc,start    ] GC(9) Concurrent weak references
[2026-04-03T02:49:57.317+0600][25.991s][info][gc,task     ] GC(9) Using 3 of 6 workers for concurrent weak references
[2026-04-03T02:49:57.318+0600][25.992s][info][gc,ref      ] GC(9) Encountered references: Soft: 3739, Weak: 14685, Final: 84, Phantom: 621
[2026-04-03T02:49:57.319+0600][25.992s][info][gc,ref      ] GC(9) Discovered  references: Soft: 0, Weak: 6964, Final: 52, Phantom: 599
[2026-04-03T02:49:57.319+0600][25.992s][info][gc,ref      ] GC(9) Enqueued    references: Soft: 0, Weak: 32, Final: 0, Phantom: 0
[2026-04-03T02:49:57.319+0600][25.992s][info][gc          ] GC(9) Concurrent weak references 1.726ms
[2026-04-03T02:49:57.319+0600][25.992s][info][gc,start    ] GC(9) Concurrent weak roots
[2026-04-03T02:49:57.319+0600][25.992s][info][gc,task     ] GC(9) Using 3 of 6 workers for concurrent weak root
[2026-04-03T02:49:57.330+0600][26.004s][info][gc          ] GC(9) Concurrent weak roots 11.447ms
[2026-04-03T02:49:57.330+0600][26.004s][info][gc,start    ] GC(9) Concurrent cleanup
[2026-04-03T02:49:57.331+0600][26.005s][info][gc          ] GC(9) Concurrent cleanup 497M->230M(554M) 1.088ms
[2026-04-03T02:49:57.331+0600][26.005s][info][gc,ergo     ] GC(9) Free: 1664M, Max: 512K regular, 1350M humongous, Frag: 19% external, 0% internal; Reserve: 102148K, Max: 512K
[2026-04-03T02:49:57.331+0600][26.005s][info][gc,start    ] GC(9) Concurrent class unloading
[2026-04-03T02:49:57.331+0600][26.005s][info][gc,task     ] GC(9) Using 3 of 6 workers for concurrent class unloading
[2026-04-03T02:49:57.357+0600][26.030s][info][gc          ] GC(9) Concurrent class unloading 25.095ms
[2026-04-03T02:49:57.357+0600][26.030s][info][gc,start    ] GC(9) Concurrent strong roots
[2026-04-03T02:49:57.357+0600][26.030s][info][gc,task     ] GC(9) Using 3 of 6 workers for concurrent strong root
[2026-04-03T02:49:57.358+0600][26.032s][info][gc          ] GC(9) Concurrent strong roots 1.682ms
[2026-04-03T02:49:57.358+0600][26.032s][info][gc,start    ] GC(9) Concurrent evacuation
[2026-04-03T02:49:57.358+0600][26.032s][info][gc,task     ] GC(9) Using 3 of 6 workers for concurrent evacuation
[2026-04-03T02:49:57.362+0600][26.036s][info][gc          ] GC(9) Concurrent evacuation 3.808ms
[2026-04-03T02:49:57.363+0600][26.036s][info][gc,start    ] GC(9) Pause Init Update Refs
[2026-04-03T02:49:57.363+0600][26.037s][info][gc,ergo     ] GC(9) Pacer for Update Refs. Used: 255M, Free: 1640M, Non-Taxable: 164M, Alloc Tax Rate: 1.1x
[2026-04-03T02:49:57.363+0600][26.037s][info][gc          ] GC(9) Pause Init Update Refs 0.184ms
[2026-04-03T02:49:57.363+0600][26.037s][info][gc,start    ] GC(9) Concurrent update references
[2026-04-03T02:49:57.363+0600][26.037s][info][gc,task     ] GC(9) Using 3 of 6 workers for concurrent reference update
[2026-04-03T02:49:57.418+0600][26.091s][info][gc          ] GC(9) Concurrent update references 54.634ms
[2026-04-03T02:49:57.418+0600][26.092s][info][gc,start    ] GC(9) Concurrent update thread roots
[2026-04-03T02:49:57.427+0600][26.101s][info][gc          ] GC(9) Concurrent update thread roots 9.472ms
[2026-04-03T02:49:57.428+0600][26.102s][info][gc,start    ] GC(9) Pause Final Update Refs
[2026-04-03T02:49:57.428+0600][26.102s][info][gc,task     ] GC(9) Using 6 of 6 workers for final reference update
[2026-04-03T02:49:57.428+0600][26.102s][info][gc          ] GC(9) Pause Final Update Refs 0.304ms
[2026-04-03T02:49:57.433+0600][26.107s][info][gc,start    ] GC(9) Concurrent cleanup
[2026-04-03T02:49:57.434+0600][26.108s][info][gc          ] GC(9) Concurrent cleanup 288M->185M(555M) 0.915ms
[2026-04-03T02:49:57.434+0600][26.108s][info][gc,ergo     ] Free: 1704M, Max: 512K regular, 1395M humongous, Frag: 19% external, 0% internal; Reserve: 100M, Max: 512K
[2026-04-03T02:49:57.434+0600][26.108s][info][gc,stats    ] 
[2026-04-03T02:49:57.434+0600][26.108s][info][gc,stats    ] All times are wall-clock times, except per-root-class counters, that are sum over
[2026-04-03T02:49:57.434+0600][26.108s][info][gc,stats    ] all workers. Dividing the <total> over the root stage time estimates parallelism.
[2026-04-03T02:49:57.434+0600][26.108s][info][gc,stats    ] 
[2026-04-03T02:49:57.434+0600][26.108s][info][gc,stats    ] Concurrent Reset                   5722 us
[2026-04-03T02:49:57.434+0600][26.108s][info][gc,stats    ] Pause Init Mark (G)                 635 us
[2026-04-03T02:49:57.434+0600][26.108s][info][gc,stats    ] Pause Init Mark (N)                 190 us
[2026-04-03T02:49:57.434+0600][26.108s][info][gc,stats    ]   Update Region States               54 us
[2026-04-03T02:49:57.434+0600][26.108s][info][gc,stats    ] Concurrent Mark Roots              1823 us, parallelism: 2.02x
[2026-04-03T02:49:57.434+0600][26.108s][info][gc,stats    ]   CMR: <total>                     3677 us
[2026-04-03T02:49:57.434+0600][26.108s][info][gc,stats    ]   CMR: Thread Roots                3195 us, workers (us): 820, 1179, 1196, ---, ---, ---, 
[2026-04-03T02:49:57.434+0600][26.108s][info][gc,stats    ]   CMR: VM Strong Roots              103 us, workers (us):  36,  66,   1, ---, ---, ---, 
[2026-04-03T02:49:57.434+0600][26.108s][info][gc,stats    ]   CMR: CLDG Roots                   379 us, workers (us): 379, ---, ---, ---, ---, ---, 
[2026-04-03T02:49:57.434+0600][26.108s][info][gc,stats    ] Concurrent Marking                75337 us
[2026-04-03T02:49:57.434+0600][26.108s][info][gc,stats    ] Pause Final Mark (G)               2438 us
[2026-04-03T02:49:57.434+0600][26.108s][info][gc,stats    ] Pause Final Mark (N)                816 us
[2026-04-03T02:49:57.434+0600][26.108s][info][gc,stats    ]   Finish Mark                       302 us
[2026-04-03T02:49:57.434+0600][26.108s][info][gc,stats    ]   Update Region States               78 us
[2026-04-03T02:49:57.434+0600][26.108s][info][gc,stats    ]   Choose Collection Set             244 us
[2026-04-03T02:49:57.434+0600][26.108s][info][gc,stats    ]   Rebuild Free Set                   66 us
[2026-04-03T02:49:57.434+0600][26.108s][info][gc,stats    ] Concurrent Thread Roots            5772 us, parallelism: 1.24x
[2026-04-03T02:49:57.434+0600][26.108s][info][gc,stats    ]   CTR: <total>                     7143 us
[2026-04-03T02:49:57.434+0600][26.108s][info][gc,stats    ]   CTR: Thread Roots                7143 us, workers (us): 2606, 2473, 2065, ---, ---, ---, 
[2026-04-03T02:49:57.434+0600][26.108s][info][gc,stats    ] Concurrent Weak References         1746 us, parallelism: 0.83x
[2026-04-03T02:49:57.434+0600][26.108s][info][gc,stats    ]   CWRF: <total>                    1444 us
[2026-04-03T02:49:57.434+0600][26.108s][info][gc,stats    ]   CWRF: Weak References            1444 us, workers (us): 1443,   0,   0, ---, ---, ---, 
[2026-04-03T02:49:57.434+0600][26.108s][info][gc,stats    ] Concurrent Weak Roots             11569 us
[2026-04-03T02:49:57.434+0600][26.108s][info][gc,stats    ]   Roots                            7622 us, parallelism: 2.71x
[2026-04-03T02:49:57.434+0600][26.108s][info][gc,stats    ]     CWR: <total>                  20617 us
[2026-04-03T02:49:57.434+0600][26.108s][info][gc,stats    ]     CWR: Code Cache Roots         16693 us, workers (us): 5470, 5608, 5615, ---, ---, ---, 
[2026-04-03T02:49:57.434+0600][26.108s][info][gc,stats    ]     CWR: VM Weak Roots             3653 us, workers (us): 1468, 1452, 733, ---, ---, ---, 
[2026-04-03T02:49:57.434+0600][26.108s][info][gc,stats    ]     CWR: CLDG Roots                 270 us, workers (us): 270, ---, ---, ---, ---, ---, 
[2026-04-03T02:49:57.434+0600][26.108s][info][gc,stats    ]   Rendezvous                       3785 us
[2026-04-03T02:49:57.434+0600][26.108s][info][gc,stats    ] Concurrent Cleanup                 1135 us
[2026-04-03T02:49:57.435+0600][26.108s][info][gc,stats    ] Concurrent Class Unloading        25202 us
[2026-04-03T02:49:57.435+0600][26.108s][info][gc,stats    ]   Unlink Stale                    19723 us
[2026-04-03T02:49:57.435+0600][26.108s][info][gc,stats    ]     System Dictionary               310 us
[2026-04-03T02:49:57.435+0600][26.108s][info][gc,stats    ]     Weak Class Links                  1 us
[2026-04-03T02:49:57.435+0600][26.108s][info][gc,stats    ]     Code Roots                    19407 us
[2026-04-03T02:49:57.435+0600][26.108s][info][gc,stats    ]   Rendezvous                        324 us
[2026-04-03T02:49:57.435+0600][26.108s][info][gc,stats    ]   Purge Unlinked                   5003 us
[2026-04-03T02:49:57.435+0600][26.108s][info][gc,stats    ]     Code Roots                     4978 us
[2026-04-03T02:49:57.435+0600][26.108s][info][gc,stats    ]     CLDG                             21 us
[2026-04-03T02:49:57.435+0600][26.108s][info][gc,stats    ]     Exception Caches                  1 us
[2026-04-03T02:49:57.435+0600][26.108s][info][gc,stats    ] Concurrent Strong Roots            1792 us, parallelism: 0.75x
[2026-04-03T02:49:57.435+0600][26.108s][info][gc,stats    ]   CSR: <total>                     1348 us
[2026-04-03T02:49:57.435+0600][26.109s][info][gc,stats    ]   CSR: VM Strong Roots               85 us, workers (us):  35,  32,  18, ---, ---, ---, 
[2026-04-03T02:49:57.435+0600][26.109s][info][gc,stats    ]   CSR: CLDG Roots                  1262 us, workers (us): ---, ---, 1262, ---, ---, ---, 
[2026-04-03T02:49:57.435+0600][26.109s][info][gc,stats    ] Concurrent Evacuation              3895 us
[2026-04-03T02:49:57.435+0600][26.109s][info][gc,stats    ] Pause Init Update Refs (G)          567 us
[2026-04-03T02:49:57.435+0600][26.109s][info][gc,stats    ] Pause Init Update Refs (N)          202 us
[2026-04-03T02:49:57.435+0600][26.109s][info][gc,stats    ]   Manage GCLABs                      44 us
[2026-04-03T02:49:57.435+0600][26.109s][info][gc,stats    ] Concurrent Update Refs            54785 us
[2026-04-03T02:49:57.435+0600][26.109s][info][gc,stats    ] Concurrent Update Thread Roots     9587 us
[2026-04-03T02:49:57.435+0600][26.109s][info][gc,stats    ] Pause Final Update Refs (G)        5580 us
[2026-04-03T02:49:57.435+0600][26.109s][info][gc,stats    ] Pause Final Update Refs (N)         450 us
[2026-04-03T02:49:57.435+0600][26.109s][info][gc,stats    ]   Update Region States               95 us
[2026-04-03T02:49:57.435+0600][26.109s][info][gc,stats    ]   Trash Collection Set               23 us
[2026-04-03T02:49:57.435+0600][26.109s][info][gc,stats    ]   Rebuild Free Set                   72 us
[2026-04-03T02:49:57.435+0600][26.109s][info][gc,stats    ] Concurrent Cleanup                  975 us
[2026-04-03T02:49:57.435+0600][26.109s][info][gc,stats    ] 
[2026-04-03T02:49:57.435+0600][26.109s][info][gc,stats    ] Allocation pacing accrued:
[2026-04-03T02:49:57.435+0600][26.109s][info][gc,stats    ]       0 of   782 ms (  0.0%): <total>
[2026-04-03T02:49:57.435+0600][26.109s][info][gc,stats    ]       0 of   782 ms (  0.0%): <average total>
[2026-04-03T02:49:57.435+0600][26.109s][info][gc,stats    ] 
[2026-04-03T02:49:57.435+0600][26.109s][info][gc,metaspace] Metaspace: 127407K(128640K)->127497K(128768K) NonClass: 111126K(111744K)->111209K(111872K) Class: 16281K(16896K)->16287K(16896K)
[2026-04-03T02:49:57.435+0600][26.109s][info][gc,ergo     ] Pacer for Idle. Initial: 40960K, Alloc Tax Rate: 1.0x
[2026-04-03T02:49:59.888+0600][28.562s][info][gc          ] Trigger: Average GC time (261.40 ms) is above the time for average allocation rate (668 MB/s) to deplete free headroom (172M) (margin of error = 1.80)
[2026-04-03T02:49:59.888+0600][28.562s][info][gc,ergo     ] Free headroom: 272M (free) - 100M (spike) - 0B (penalties) = 172M
[2026-04-03T02:49:59.888+0600][28.562s][info][gc,ergo     ] Free: 272M, Max: 512K regular, 272M humongous, Frag: 0% external, 0% internal; Reserve: 100M, Max: 512K
[2026-04-03T02:49:59.888+0600][28.562s][info][gc,start    ] GC(10) Concurrent reset
[2026-04-03T02:49:59.888+0600][28.562s][info][gc,task     ] GC(10) Using 3 of 6 workers for concurrent reset
[2026-04-03T02:49:59.888+0600][28.562s][info][gc,ergo     ] GC(10) Pacer for Reset. Non-Taxable: 2000M
[2026-04-03T02:49:59.894+0600][28.568s][info][gc          ] GC(10) Concurrent reset 6.499ms
[2026-04-03T02:49:59.895+0600][28.569s][info][gc,start    ] GC(10) Pause Init Mark (unload classes)
[2026-04-03T02:49:59.895+0600][28.569s][info][gc,task     ] GC(10) Using 6 of 6 workers for init marking
[2026-04-03T02:49:59.895+0600][28.569s][info][gc,ergo     ] GC(10) Pacer for Mark. Expected Live: 79950K, Free: 269M, Non-Taxable: 27588K, Alloc Tax Rate: 0.4x
[2026-04-03T02:49:59.895+0600][28.569s][info][gc          ] GC(10) Pause Init Mark (unload classes) 0.188ms
[2026-04-03T02:49:59.895+0600][28.569s][info][gc,start    ] GC(10) Concurrent marking roots
[2026-04-03T02:49:59.895+0600][28.569s][info][gc,task     ] GC(10) Using 3 of 6 workers for concurrent marking roots
[2026-04-03T02:49:59.897+0600][28.571s][info][gc          ] GC(10) Concurrent marking roots 2.064ms
[2026-04-03T02:49:59.897+0600][28.571s][info][gc,start    ] GC(10) Concurrent marking (unload classes)
[2026-04-03T02:49:59.897+0600][28.571s][info][gc,task     ] GC(10) Using 3 of 6 workers for concurrent marking
[2026-04-03T02:49:59.970+0600][28.644s][info][gc          ] GC(10) Concurrent marking (unload classes) 72.456ms
[2026-04-03T02:49:59.970+0600][28.644s][info][gc,start    ] GC(10) Pause Final Mark (unload classes)
[2026-04-03T02:49:59.970+0600][28.644s][info][gc,task     ] GC(10) Using 6 of 6 workers for final marking
[2026-04-03T02:49:59.971+0600][28.645s][info][gc,ergo     ] GC(10) Adaptive CSet Selection. Target Free: 283M, Actual Free: 1432M, Max CSet: 85333K, Min Garbage: 0B
[2026-04-03T02:49:59.971+0600][28.645s][info][gc,ergo     ] GC(10) Collectable Garbage: 1392M (99%), Immediate: 1088M (77%), CSet: 304M (21%)
[2026-04-03T02:49:59.971+0600][28.645s][info][gc,ergo     ] GC(10) Pacer for Evacuation. Used CSet: 311M, Free: 1475M, Non-Taxable: 147M, Alloc Tax Rate: 1.1x
[2026-04-03T02:49:59.971+0600][28.645s][info][gc          ] GC(10) Pause Final Mark (unload classes) 0.969ms
[2026-04-03T02:49:59.971+0600][28.645s][info][gc,start    ] GC(10) Concurrent thread roots
[2026-04-03T02:49:59.971+0600][28.645s][info][gc,task     ] GC(10) Using 3 of 6 workers for Concurrent thread roots
[2026-04-03T02:49:59.976+0600][28.650s][info][gc          ] GC(10) Concurrent thread roots 4.264ms
[2026-04-03T02:49:59.976+0600][28.650s][info][gc,start    ] GC(10) Concurrent weak references
[2026-04-03T02:49:59.976+0600][28.650s][info][gc,task     ] GC(10) Using 3 of 6 workers for concurrent weak references
[2026-04-03T02:49:59.978+0600][28.652s][info][gc,ref      ] GC(10) Encountered references: Soft: 3754, Weak: 17074, Final: 84, Phantom: 621
[2026-04-03T02:49:59.978+0600][28.652s][info][gc,ref      ] GC(10) Discovered  references: Soft: 0, Weak: 6915, Final: 0, Phantom: 616
[2026-04-03T02:49:59.978+0600][28.652s][info][gc,ref      ] GC(10) Enqueued    references: Soft: 0, Weak: 1671, Final: 0, Phantom: 0
[2026-04-03T02:49:59.978+0600][28.652s][info][gc          ] GC(10) Concurrent weak references 2.373ms
[2026-04-03T02:49:59.978+0600][28.652s][info][gc,start    ] GC(10) Concurrent weak roots
[2026-04-03T02:49:59.978+0600][28.652s][info][gc,task     ] GC(10) Using 3 of 6 workers for concurrent weak root
[2026-04-03T02:49:59.990+0600][28.663s][info][gc          ] GC(10) Concurrent weak roots 11.446ms
[2026-04-03T02:49:59.990+0600][28.664s][info][gc,start    ] GC(10) Concurrent cleanup
[2026-04-03T02:49:59.991+0600][28.665s][info][gc          ] GC(10) Concurrent cleanup 1519M->433M(1676M) 1.070ms
[2026-04-03T02:49:59.991+0600][28.665s][info][gc,ergo     ] GC(10) Free: 1457M, Max: 512K regular, 227M humongous, Frag: 85% external, 0% internal; Reserve: 101796K, Max: 512K
[2026-04-03T02:49:59.991+0600][28.665s][info][gc,start    ] GC(10) Concurrent class unloading
[2026-04-03T02:49:59.991+0600][28.665s][info][gc,task     ] GC(10) Using 3 of 6 workers for concurrent class unloading
[2026-04-03T02:50:00.035+0600][28.709s][info][gc          ] GC(10) Concurrent class unloading 44.121ms
[2026-04-03T02:50:00.035+0600][28.709s][info][gc,start    ] GC(10) Concurrent strong roots
[2026-04-03T02:50:00.035+0600][28.709s][info][gc,task     ] GC(10) Using 3 of 6 workers for concurrent strong root
[2026-04-03T02:50:00.037+0600][28.711s][info][gc          ] GC(10) Concurrent strong roots 1.895ms
[2026-04-03T02:50:00.037+0600][28.711s][info][gc,start    ] GC(10) Concurrent evacuation
[2026-04-03T02:50:00.037+0600][28.711s][info][gc,task     ] GC(10) Using 3 of 6 workers for concurrent evacuation
[2026-04-03T02:50:00.047+0600][28.721s][info][gc          ] GC(10) Concurrent evacuation 9.416ms
[2026-04-03T02:50:00.047+0600][28.721s][info][gc,start    ] GC(10) Pause Init Update Refs
[2026-04-03T02:50:00.047+0600][28.721s][info][gc,ergo     ] GC(10) Pacer for Update Refs. Used: 478M, Free: 1418M, Non-Taxable: 141M, Alloc Tax Rate: 1.1x
[2026-04-03T02:50:00.047+0600][28.721s][info][gc          ] GC(10) Pause Init Update Refs 0.181ms
[2026-04-03T02:50:00.047+0600][28.721s][info][gc,start    ] GC(10) Concurrent update references
[2026-04-03T02:50:00.047+0600][28.721s][info][gc,task     ] GC(10) Using 3 of 6 workers for concurrent reference update
[2026-04-03T02:50:00.099+0600][28.773s][info][gc          ] GC(10) Concurrent update references 51.605ms
[2026-04-03T02:50:00.099+0600][28.773s][info][gc,start    ] GC(10) Concurrent update thread roots
[2026-04-03T02:50:00.101+0600][28.775s][info][gc          ] GC(10) Concurrent update thread roots 2.006ms
[2026-04-03T02:50:00.102+0600][28.776s][info][gc,start    ] GC(10) Pause Final Update Refs
[2026-04-03T02:50:00.102+0600][28.776s][info][gc,task     ] GC(10) Using 6 of 6 workers for final reference update
[2026-04-03T02:50:00.103+0600][28.776s][info][gc          ] GC(10) Pause Final Update Refs 0.277ms
[2026-04-03T02:50:00.103+0600][28.777s][info][gc,start    ] GC(10) Concurrent cleanup
[2026-04-03T02:50:00.104+0600][28.778s][info][gc          ] GC(10) Concurrent cleanup 507M->196M(1680M) 0.906ms
[2026-04-03T02:50:00.104+0600][28.778s][info][gc,ergo     ] Free: 1692M, Max: 512K regular, 1126M humongous, Frag: 34% external, 0% internal; Reserve: 100M, Max: 512K
[2026-04-03T02:50:00.104+0600][28.778s][info][gc,stats    ] 
[2026-04-03T02:50:00.104+0600][28.778s][info][gc,stats    ] All times are wall-clock times, except per-root-class counters, that are sum over
[2026-04-03T02:50:00.104+0600][28.778s][info][gc,stats    ] all workers. Dividing the <total> over the root stage time estimates parallelism.
[2026-04-03T02:50:00.104+0600][28.778s][info][gc,stats    ] 
[2026-04-03T02:50:00.104+0600][28.778s][info][gc,stats    ] Concurrent Reset                   6610 us
[2026-04-03T02:50:00.104+0600][28.778s][info][gc,stats    ] Pause Init Mark (G)                 571 us
[2026-04-03T02:50:00.104+0600][28.778s][info][gc,stats    ] Pause Init Mark (N)                 199 us
[2026-04-03T02:50:00.104+0600][28.778s][info][gc,stats    ]   Update Region States               60 us
[2026-04-03T02:50:00.104+0600][28.778s][info][gc,stats    ] Concurrent Mark Roots              2154 us, parallelism: 2.10x
[2026-04-03T02:50:00.104+0600][28.778s][info][gc,stats    ]   CMR: <total>                     4524 us
[2026-04-03T02:50:00.104+0600][28.778s][info][gc,stats    ]   CMR: Thread Roots                3859 us, workers (us): 1388, 1520, 952, ---, ---, ---, 
[2026-04-03T02:50:00.104+0600][28.778s][info][gc,stats    ]   CMR: VM Strong Roots              177 us, workers (us): 138,  30,  10, ---, ---, ---, 
[2026-04-03T02:50:00.104+0600][28.778s][info][gc,stats    ]   CMR: CLDG Roots                   488 us, workers (us): ---, ---, 488, ---, ---, ---, 
[2026-04-03T02:50:00.104+0600][28.778s][info][gc,stats    ] Concurrent Marking                72573 us
[2026-04-03T02:50:00.104+0600][28.778s][info][gc,stats    ] Pause Final Mark (G)               1546 us
[2026-04-03T02:50:00.104+0600][28.778s][info][gc,stats    ] Pause Final Mark (N)                985 us
[2026-04-03T02:50:00.104+0600][28.778s][info][gc,stats    ]   Finish Mark                       255 us
[2026-04-03T02:50:00.104+0600][28.778s][info][gc,stats    ]   Update Region States               75 us
[2026-04-03T02:50:00.104+0600][28.778s][info][gc,stats    ]   Choose Collection Set             391 us
[2026-04-03T02:50:00.104+0600][28.778s][info][gc,stats    ]   Rebuild Free Set                   70 us
[2026-04-03T02:50:00.104+0600][28.778s][info][gc,stats    ] Concurrent Thread Roots            4323 us, parallelism: 1.90x
[2026-04-03T02:50:00.104+0600][28.778s][info][gc,stats    ]   CTR: <total>                     8202 us
[2026-04-03T02:50:00.104+0600][28.778s][info][gc,stats    ]   CTR: Thread Roots                8202 us, workers (us): 4159, 4042,   0, ---, ---, ---, 
[2026-04-03T02:50:00.104+0600][28.778s][info][gc,stats    ] Concurrent Weak References         2389 us, parallelism: 1.00x
[2026-04-03T02:50:00.104+0600][28.778s][info][gc,stats    ]   CWRF: <total>                    2380 us
[2026-04-03T02:50:00.104+0600][28.778s][info][gc,stats    ]   CWRF: Weak References            2380 us, workers (us): 592, 1747,  41, ---, ---, ---, 
[2026-04-03T02:50:00.104+0600][28.778s][info][gc,stats    ] Concurrent Weak Roots             11600 us
[2026-04-03T02:50:00.104+0600][28.778s][info][gc,stats    ]   Roots                            6674 us, parallelism: 2.83x
[2026-04-03T02:50:00.104+0600][28.778s][info][gc,stats    ]     CWR: <total>                  18861 us
[2026-04-03T02:50:00.104+0600][28.778s][info][gc,stats    ]     CWR: Code Cache Roots          9531 us, workers (us): 4786, 191, 4553, ---, ---, ---, 
[2026-04-03T02:50:00.104+0600][28.778s][info][gc,stats    ]     CWR: VM Weak Roots             9148 us, workers (us): 1516, 6121, 1511, ---, ---, ---, 
[2026-04-03T02:50:00.104+0600][28.778s][info][gc,stats    ]     CWR: CLDG Roots                 182 us, workers (us): ---, ---, 182, ---, ---, ---, 
[2026-04-03T02:50:00.104+0600][28.778s][info][gc,stats    ]   Rendezvous                       4559 us
[2026-04-03T02:50:00.104+0600][28.778s][info][gc,stats    ] Concurrent Cleanup                 1144 us
[2026-04-03T02:50:00.104+0600][28.778s][info][gc,stats    ] Concurrent Class Unloading        44270 us
[2026-04-03T02:50:00.104+0600][28.778s][info][gc,stats    ]   Unlink Stale                    19211 us
[2026-04-03T02:50:00.104+0600][28.778s][info][gc,stats    ]     System Dictionary               333 us
[2026-04-03T02:50:00.104+0600][28.778s][info][gc,stats    ]     Weak Class Links                  1 us
[2026-04-03T02:50:00.104+0600][28.778s][info][gc,stats    ]     Code Roots                    18871 us
[2026-04-03T02:50:00.104+0600][28.778s][info][gc,stats    ]   Rendezvous                        421 us
[2026-04-03T02:50:00.104+0600][28.778s][info][gc,stats    ]   Purge Unlinked                  24438 us
[2026-04-03T02:50:00.104+0600][28.778s][info][gc,stats    ]     Code Roots                    24353 us
[2026-04-03T02:50:00.104+0600][28.778s][info][gc,stats    ]     CLDG                             82 us
[2026-04-03T02:50:00.104+0600][28.778s][info][gc,stats    ]     Exception Caches                  1 us
[2026-04-03T02:50:00.104+0600][28.778s][info][gc,stats    ] Concurrent Strong Roots            2019 us, parallelism: 0.73x
[2026-04-03T02:50:00.104+0600][28.778s][info][gc,stats    ]   CSR: <total>                     1471 us
[2026-04-03T02:50:00.104+0600][28.778s][info][gc,stats    ]   CSR: VM Strong Roots              101 us, workers (us):  65,  35,   1, ---, ---, ---, 
[2026-04-03T02:50:00.104+0600][28.778s][info][gc,stats    ]   CSR: CLDG Roots                  1370 us, workers (us): 1370, ---, ---, ---, ---, ---, 
[2026-04-03T02:50:00.104+0600][28.778s][info][gc,stats    ] Concurrent Evacuation              9525 us
[2026-04-03T02:50:00.104+0600][28.778s][info][gc,stats    ] Pause Init Update Refs (G)          553 us
[2026-04-03T02:50:00.104+0600][28.778s][info][gc,stats    ] Pause Init Update Refs (N)          195 us
[2026-04-03T02:50:00.104+0600][28.778s][info][gc,stats    ]   Manage GCLABs                      44 us
[2026-04-03T02:50:00.104+0600][28.778s][info][gc,stats    ] Concurrent Update Refs            51713 us
[2026-04-03T02:50:00.104+0600][28.778s][info][gc,stats    ] Concurrent Update Thread Roots     2092 us
[2026-04-03T02:50:00.104+0600][28.778s][info][gc,stats    ] Pause Final Update Refs (G)        1541 us
[2026-04-03T02:50:00.104+0600][28.778s][info][gc,stats    ] Pause Final Update Refs (N)         293 us
[2026-04-03T02:50:00.104+0600][28.778s][info][gc,stats    ]   Update Region States               76 us
[2026-04-03T02:50:00.104+0600][28.778s][info][gc,stats    ]   Trash Collection Set               28 us
[2026-04-03T02:50:00.104+0600][28.778s][info][gc,stats    ]   Rebuild Free Set                   62 us
[2026-04-03T02:50:00.104+0600][28.778s][info][gc,stats    ] Concurrent Cleanup                  971 us
[2026-04-03T02:50:00.104+0600][28.778s][info][gc,stats    ] 
[2026-04-03T02:50:00.104+0600][28.778s][info][gc,stats    ] Allocation pacing accrued:
[2026-04-03T02:50:00.104+0600][28.778s][info][gc,stats    ]       0 of  2670 ms (  0.0%): <total>
[2026-04-03T02:50:00.104+0600][28.778s][info][gc,stats    ]       0 of  2670 ms (  0.0%): <average total>
[2026-04-03T02:50:00.104+0600][28.778s][info][gc,stats    ] 
[2026-04-03T02:50:00.105+0600][28.778s][info][gc,metaspace] Metaspace: 128633K(129792K)->128697K(129856K) NonClass: 112301K(112896K)->112356K(112960K) Class: 16332K(16896K)->16341K(16896K)
[2026-04-03T02:50:00.105+0600][28.778s][info][gc,ergo     ] Pacer for Idle. Initial: 40960K, Alloc Tax Rate: 1.0x
[2026-04-03T02:50:01.111+0600][29.785s][info][gc          ] Trigger: Average GC time (249.92 ms) is above the time for instantaneous allocation rate (3444 MB/s) to deplete free headroom (747M) (spike threshold = 1.80)
[2026-04-03T02:50:01.111+0600][29.785s][info][gc,ergo     ] Free: 847M, Max: 512K regular, 622M humongous, Frag: 27% external, 0% internal; Reserve: 100M, Max: 512K
[2026-04-03T02:50:01.111+0600][29.785s][info][gc,start    ] GC(11) Concurrent reset
[2026-04-03T02:50:01.111+0600][29.785s][info][gc,task     ] GC(11) Using 3 of 6 workers for concurrent reset
[2026-04-03T02:50:01.112+0600][29.785s][info][gc,ergo     ] GC(11) Pacer for Reset. Non-Taxable: 2000M
[2026-04-03T02:50:01.119+0600][29.793s][info][gc          ] GC(11) Concurrent reset 7.749ms
[2026-04-03T02:50:01.120+0600][29.793s][info][gc,start    ] GC(11) Pause Init Mark (unload classes)
[2026-04-03T02:50:01.120+0600][29.794s][info][gc,task     ] GC(11) Using 6 of 6 workers for init marking
[2026-04-03T02:50:01.120+0600][29.794s][info][gc,ergo     ] GC(11) Pacer for Mark. Expected Live: 81953K, Free: 845M, Non-Taxable: 86586K, Alloc Tax Rate: 0.1x
[2026-04-03T02:50:01.120+0600][29.794s][info][gc          ] GC(11) Pause Init Mark (unload classes) 0.293ms
[2026-04-03T02:50:01.120+0600][29.794s][info][gc,start    ] GC(11) Concurrent marking roots
[2026-04-03T02:50:01.120+0600][29.794s][info][gc,task     ] GC(11) Using 3 of 6 workers for concurrent marking roots
[2026-04-03T02:50:01.122+0600][29.796s][info][gc          ] GC(11) Concurrent marking roots 2.221ms
[2026-04-03T02:50:01.122+0600][29.796s][info][gc,start    ] GC(11) Concurrent marking (unload classes)
[2026-04-03T02:50:01.122+0600][29.796s][info][gc,task     ] GC(11) Using 3 of 6 workers for concurrent marking
[2026-04-03T02:50:01.188+0600][29.862s][info][gc          ] GC(11) Concurrent marking (unload classes) 66.089ms
[2026-04-03T02:50:01.189+0600][29.863s][info][gc,start    ] GC(11) Pause Final Mark (unload classes)
[2026-04-03T02:50:01.189+0600][29.863s][info][gc,task     ] GC(11) Using 6 of 6 workers for final marking
[2026-04-03T02:50:01.189+0600][29.863s][info][gc,ergo     ] GC(11) Adaptive CSet Selection. Target Free: 283M, Actual Free: 1627M, Max CSet: 85333K, Min Garbage: 0B
[2026-04-03T02:50:01.190+0600][29.863s][info][gc,ergo     ] GC(11) Collectable Garbage: 888M (99%), Immediate: 706M (78%), CSet: 181M (20%)
[2026-04-03T02:50:01.190+0600][29.864s][info][gc,ergo     ] GC(11) Pacer for Evacuation. Used CSet: 188M, Free: 1602M, Non-Taxable: 160M, Alloc Tax Rate: 1.1x
[2026-04-03T02:50:01.190+0600][29.864s][info][gc          ] GC(11) Pause Final Mark (unload classes) 0.995ms
[2026-04-03T02:50:01.190+0600][29.864s][info][gc,start    ] GC(11) Concurrent thread roots
[2026-04-03T02:50:01.190+0600][29.864s][info][gc,task     ] GC(11) Using 3 of 6 workers for Concurrent thread roots
[2026-04-03T02:50:01.196+0600][29.870s][info][gc          ] GC(11) Concurrent thread roots 5.630ms
[2026-04-03T02:50:01.196+0600][29.870s][info][gc,start    ] GC(11) Concurrent weak references
[2026-04-03T02:50:01.196+0600][29.870s][info][gc,task     ] GC(11) Using 3 of 6 workers for concurrent weak references
[2026-04-03T02:50:01.197+0600][29.871s][info][gc,ref      ] GC(11) Encountered references: Soft: 3857, Weak: 16801, Final: 84, Phantom: 621
[2026-04-03T02:50:01.198+0600][29.872s][info][gc,ref      ] GC(11) Discovered  references: Soft: 0, Weak: 8850, Final: 7, Phantom: 616
[2026-04-03T02:50:01.198+0600][29.872s][info][gc,ref      ] GC(11) Enqueued    references: Soft: 0, Weak: 2337, Final: 0, Phantom: 0
[2026-04-03T02:50:01.198+0600][29.872s][info][gc          ] GC(11) Concurrent weak references 2.412ms
[2026-04-03T02:50:01.199+0600][29.872s][info][gc,start    ] GC(11) Concurrent weak roots
[2026-04-03T02:50:01.199+0600][29.872s][info][gc,task     ] GC(11) Using 3 of 6 workers for concurrent weak root
[2026-04-03T02:50:01.209+0600][29.882s][info][gc          ] GC(11) Concurrent weak roots 10.007ms
[2026-04-03T02:50:01.209+0600][29.883s][info][gc,start    ] GC(11) Concurrent cleanup
[2026-04-03T02:50:01.210+0600][29.884s][info][gc          ] GC(11) Concurrent cleanup 1018M->312M(1680M) 1.368ms
[2026-04-03T02:50:01.210+0600][29.884s][info][gc,ergo     ] GC(11) Free: 1582M, Max: 512K regular, 575M humongous, Frag: 64% external, 0% internal; Reserve: 101744K, Max: 512K
[2026-04-03T02:50:01.210+0600][29.884s][info][gc,start    ] GC(11) Concurrent class unloading
[2026-04-03T02:50:01.210+0600][29.884s][info][gc,task     ] GC(11) Using 3 of 6 workers for concurrent class unloading
[2026-04-03T02:50:01.273+0600][29.947s][info][gc          ] GC(11) Concurrent class unloading 63.030ms
[2026-04-03T02:50:01.273+0600][29.947s][info][gc,start    ] GC(11) Concurrent strong roots
[2026-04-03T02:50:01.273+0600][29.947s][info][gc,task     ] GC(11) Using 3 of 6 workers for concurrent strong root
[2026-04-03T02:50:01.275+0600][29.949s][info][gc          ] GC(11) Concurrent strong roots 1.598ms
[2026-04-03T02:50:01.275+0600][29.949s][info][gc,start    ] GC(11) Concurrent evacuation
[2026-04-03T02:50:01.275+0600][29.949s][info][gc,task     ] GC(11) Using 3 of 6 workers for concurrent evacuation
[2026-04-03T02:50:01.280+0600][29.954s][info][gc          ] GC(11) Concurrent evacuation 5.365ms
[2026-04-03T02:50:01.281+0600][29.955s][info][gc,start    ] GC(11) Pause Init Update Refs
[2026-04-03T02:50:01.281+0600][29.955s][info][gc,ergo     ] GC(11) Pacer for Update Refs. Used: 339M, Free: 1561M, Non-Taxable: 156M, Alloc Tax Rate: 1.1x
[2026-04-03T02:50:01.281+0600][29.955s][info][gc          ] GC(11) Pause Init Update Refs 0.158ms
[2026-04-03T02:50:01.281+0600][29.955s][info][gc,start    ] GC(11) Concurrent update references
[2026-04-03T02:50:01.281+0600][29.955s][info][gc,task     ] GC(11) Using 3 of 6 workers for concurrent reference update
[2026-04-03T02:50:01.326+0600][30.000s][info][gc          ] GC(11) Concurrent update references 45.372ms
[2026-04-03T02:50:01.327+0600][30.000s][info][gc,start    ] GC(11) Concurrent update thread roots
[2026-04-03T02:50:01.329+0600][30.002s][info][gc          ] GC(11) Concurrent update thread roots 2.004ms
[2026-04-03T02:50:01.329+0600][30.003s][info][gc,start    ] GC(11) Pause Final Update Refs
[2026-04-03T02:50:01.329+0600][30.003s][info][gc,task     ] GC(11) Using 6 of 6 workers for final reference update
[2026-04-03T02:50:01.329+0600][30.003s][info][gc          ] GC(11) Pause Final Update Refs 0.313ms
[2026-04-03T02:50:01.330+0600][30.003s][info][gc,start    ] GC(11) Concurrent cleanup
[2026-04-03T02:50:01.330+0600][30.004s][info][gc          ] GC(11) Concurrent cleanup 617M->428M(1684M) 0.503ms
[2026-04-03T02:50:01.330+0600][30.004s][info][gc,ergo     ] Free: 1431M, Max: 512K regular, 840M humongous, Frag: 42% external, 0% internal; Reserve: 100M, Max: 512K
[2026-04-03T02:50:01.330+0600][30.004s][info][gc,stats    ] 
[2026-04-03T02:50:01.330+0600][30.004s][info][gc,stats    ] All times are wall-clock times, except per-root-class counters, that are sum over
[2026-04-03T02:50:01.330+0600][30.004s][info][gc,stats    ] all workers. Dividing the <total> over the root stage time estimates parallelism.
[2026-04-03T02:50:01.330+0600][30.004s][info][gc,stats    ] 
[2026-04-03T02:50:01.330+0600][30.004s][info][gc,stats    ] Concurrent Reset                   7852 us
[2026-04-03T02:50:01.330+0600][30.004s][info][gc,stats    ] Pause Init Mark (G)                 620 us
[2026-04-03T02:50:01.330+0600][30.004s][info][gc,stats    ] Pause Init Mark (N)                 311 us
[2026-04-03T02:50:01.330+0600][30.004s][info][gc,stats    ]   Update Region States               98 us
[2026-04-03T02:50:01.330+0600][30.004s][info][gc,stats    ] Concurrent Mark Roots              2297 us, parallelism: 2.15x
[2026-04-03T02:50:01.330+0600][30.004s][info][gc,stats    ]   CMR: <total>                     4945 us
[2026-04-03T02:50:01.330+0600][30.004s][info][gc,stats    ]   CMR: Thread Roots                4322 us, workers (us): 1113, 1586, 1622, ---, ---, ---, 
[2026-04-03T02:50:01.330+0600][30.004s][info][gc,stats    ]   CMR: VM Strong Roots              110 us, workers (us):  34,  36,  40, ---, ---, ---, 
[2026-04-03T02:50:01.330+0600][30.004s][info][gc,stats    ]   CMR: CLDG Roots                   513 us, workers (us): 513, ---, ---, ---, ---, ---, 
[2026-04-03T02:50:01.330+0600][30.004s][info][gc,stats    ] Concurrent Marking                66229 us
[2026-04-03T02:50:01.330+0600][30.004s][info][gc,stats    ] Pause Final Mark (G)               1724 us
[2026-04-03T02:50:01.330+0600][30.004s][info][gc,stats    ] Pause Final Mark (N)               1014 us
[2026-04-03T02:50:01.330+0600][30.004s][info][gc,stats    ]   Finish Mark                       282 us
[2026-04-03T02:50:01.331+0600][30.004s][info][gc,stats    ]   Update Region States               87 us
[2026-04-03T02:50:01.331+0600][30.004s][info][gc,stats    ]   Choose Collection Set             307 us
[2026-04-03T02:50:01.331+0600][30.004s][info][gc,stats    ]   Rebuild Free Set                   72 us
[2026-04-03T02:50:01.331+0600][30.004s][info][gc,stats    ] Concurrent Thread Roots            5720 us, parallelism: 1.78x
[2026-04-03T02:50:01.331+0600][30.004s][info][gc,stats    ]   CTR: <total>                    10193 us
[2026-04-03T02:50:01.331+0600][30.004s][info][gc,stats    ]   CTR: Thread Roots               10193 us, workers (us): 4504, 5454, 235, ---, ---, ---, 
[2026-04-03T02:50:01.331+0600][30.004s][info][gc,stats    ] Concurrent Weak References         2638 us, parallelism: 0.76x
[2026-04-03T02:50:01.331+0600][30.004s][info][gc,stats    ]   CWRF: <total>                    1993 us
[2026-04-03T02:50:01.331+0600][30.004s][info][gc,stats    ]   CWRF: Weak References            1993 us, workers (us): 1460,  28, 505, ---, ---, ---, 
[2026-04-03T02:50:01.331+0600][30.004s][info][gc,stats    ] Concurrent Weak Roots             10160 us
[2026-04-03T02:50:01.331+0600][30.004s][info][gc,stats    ]   Roots                            8740 us, parallelism: 2.25x
[2026-04-03T02:50:01.331+0600][30.004s][info][gc,stats    ]     CWR: <total>                  19686 us
[2026-04-03T02:50:01.331+0600][30.005s][info][gc,stats    ]     CWR: Code Cache Roots         15641 us, workers (us): 5052, 5272, 5318, ---, ---, ---, 
[2026-04-03T02:50:01.331+0600][30.005s][info][gc,stats    ]     CWR: VM Weak Roots             3784 us, workers (us): 3023, 415, 346, ---, ---, ---, 
[2026-04-03T02:50:01.331+0600][30.005s][info][gc,stats    ]     CWR: CLDG Roots                 261 us, workers (us): 261, ---, ---, ---, ---, ---, 
[2026-04-03T02:50:01.331+0600][30.005s][info][gc,stats    ]   Rendezvous                       1220 us
[2026-04-03T02:50:01.331+0600][30.005s][info][gc,stats    ] Concurrent Cleanup                 1442 us
[2026-04-03T02:50:01.331+0600][30.005s][info][gc,stats    ] Concurrent Class Unloading        63163 us
[2026-04-03T02:50:01.331+0600][30.005s][info][gc,stats    ]   Unlink Stale                    49706 us
[2026-04-03T02:50:01.331+0600][30.005s][info][gc,stats    ]     System Dictionary               629 us
[2026-04-03T02:50:01.331+0600][30.005s][info][gc,stats    ]     Weak Class Links              32347 us
[2026-04-03T02:50:01.331+0600][30.005s][info][gc,stats    ]     Code Roots                    16724 us
[2026-04-03T02:50:01.331+0600][30.005s][info][gc,stats    ]   Rendezvous                        477 us
[2026-04-03T02:50:01.331+0600][30.005s][info][gc,stats    ]   Purge Unlinked                  12799 us
[2026-04-03T02:50:01.331+0600][30.005s][info][gc,stats    ]     Code Roots                    12701 us
[2026-04-03T02:50:01.331+0600][30.005s][info][gc,stats    ]     CLDG                             95 us
[2026-04-03T02:50:01.331+0600][30.005s][info][gc,stats    ]     Exception Caches                  0 us
[2026-04-03T02:50:01.331+0600][30.005s][info][gc,stats    ] Concurrent Strong Roots            1675 us, parallelism: 0.71x
[2026-04-03T02:50:01.331+0600][30.005s][info][gc,stats    ]   CSR: <total>                     1183 us
[2026-04-03T02:50:01.331+0600][30.005s][info][gc,stats    ]   CSR: VM Strong Roots               66 us, workers (us):  34,  32,   0, ---, ---, ---, 
[2026-04-03T02:50:01.331+0600][30.005s][info][gc,stats    ]   CSR: CLDG Roots                  1117 us, workers (us): ---, 1117, ---, ---, ---, ---, 
[2026-04-03T02:50:01.331+0600][30.005s][info][gc,stats    ] Concurrent Evacuation              5470 us
[2026-04-03T02:50:01.331+0600][30.005s][info][gc,stats    ] Pause Init Update Refs (G)          490 us
[2026-04-03T02:50:01.331+0600][30.005s][info][gc,stats    ] Pause Init Update Refs (N)          172 us
[2026-04-03T02:50:01.331+0600][30.005s][info][gc,stats    ]   Manage GCLABs                      44 us
[2026-04-03T02:50:01.331+0600][30.005s][info][gc,stats    ] Concurrent Update Refs            45504 us
[2026-04-03T02:50:01.331+0600][30.005s][info][gc,stats    ] Concurrent Update Thread Roots     2115 us
[2026-04-03T02:50:01.331+0600][30.005s][info][gc,stats    ] Pause Final Update Refs (G)         846 us
[2026-04-03T02:50:01.331+0600][30.005s][info][gc,stats    ] Pause Final Update Refs (N)         334 us
[2026-04-03T02:50:01.331+0600][30.005s][info][gc,stats    ]   Update Region States               91 us
[2026-04-03T02:50:01.331+0600][30.005s][info][gc,stats    ]   Trash Collection Set               25 us
[2026-04-03T02:50:01.331+0600][30.005s][info][gc,stats    ]   Rebuild Free Set                   56 us
[2026-04-03T02:50:01.331+0600][30.005s][info][gc,stats    ] Concurrent Cleanup                  564 us
[2026-04-03T02:50:01.331+0600][30.005s][info][gc,stats    ] 
[2026-04-03T02:50:01.331+0600][30.005s][info][gc,stats    ] Allocation pacing accrued:
[2026-04-03T02:50:01.331+0600][30.005s][info][gc,stats    ]       0 of  1227 ms (  0.0%): <total>
[2026-04-03T02:50:01.331+0600][30.005s][info][gc,stats    ]       0 of  1227 ms (  0.0%): <average total>
[2026-04-03T02:50:01.331+0600][30.005s][info][gc,stats    ] 
[2026-04-03T02:50:01.331+0600][30.005s][info][gc,metaspace] Metaspace: 129361K(130560K)->129366K(130624K) NonClass: 112932K(113536K)->112942K(113600K) Class: 16429K(17024K)->16423K(17024K)
[2026-04-03T02:50:01.331+0600][30.005s][info][gc,ergo     ] Pacer for Idle. Initial: 40960K, Alloc Tax Rate: 1.0x
[2026-04-03T02:50:02.720+0600][31.394s][info][gc          ] Trigger: Average GC time (242.52 ms) is above the time for average allocation rate (994 MB/s) to deplete free headroom (240M) (margin of error = 1.81)
[2026-04-03T02:50:02.720+0600][31.394s][info][gc,ergo     ] Free headroom: 340M (free) - 100M (spike) - 0B (penalties) = 240M
[2026-04-03T02:50:02.720+0600][31.394s][info][gc,ergo     ] Free: 340M, Max: 512K regular, 340M humongous, Frag: 0% external, 0% internal; Reserve: 100M, Max: 512K
[2026-04-03T02:50:02.720+0600][31.394s][info][gc,start    ] GC(12) Concurrent reset
[2026-04-03T02:50:02.720+0600][31.394s][info][gc,task     ] GC(12) Using 3 of 6 workers for concurrent reset
[2026-04-03T02:50:02.720+0600][31.394s][info][gc,ergo     ] GC(12) Pacer for Reset. Non-Taxable: 2000M
[2026-04-03T02:50:02.723+0600][31.397s][info][gc          ] GC(12) Concurrent reset 2.691ms
[2026-04-03T02:50:02.723+0600][31.397s][info][gc,start    ] GC(12) Pause Init Mark (unload classes)
[2026-04-03T02:50:02.723+0600][31.397s][info][gc,task     ] GC(12) Using 6 of 6 workers for init marking
[2026-04-03T02:50:02.724+0600][31.397s][info][gc,ergo     ] GC(12) Pacer for Mark. Expected Live: 81199K, Free: 340M, Non-Taxable: 34851K, Alloc Tax Rate: 0.3x
[2026-04-03T02:50:02.724+0600][31.397s][info][gc          ] GC(12) Pause Init Mark (unload classes) 0.153ms
[2026-04-03T02:50:02.724+0600][31.398s][info][gc,start    ] GC(12) Concurrent marking roots
[2026-04-03T02:50:02.724+0600][31.398s][info][gc,task     ] GC(12) Using 3 of 6 workers for concurrent marking roots
[2026-04-03T02:50:02.726+0600][31.400s][info][gc          ] GC(12) Concurrent marking roots 2.155ms
[2026-04-03T02:50:02.726+0600][31.400s][info][gc,start    ] GC(12) Concurrent marking (unload classes)
[2026-04-03T02:50:02.726+0600][31.400s][info][gc,task     ] GC(12) Using 3 of 6 workers for concurrent marking
[2026-04-03T02:50:02.796+0600][31.470s][info][gc          ] GC(12) Concurrent marking (unload classes) 70.390ms
[2026-04-03T02:50:02.797+0600][31.471s][info][gc,start    ] GC(12) Pause Final Mark (unload classes)
[2026-04-03T02:50:02.797+0600][31.471s][info][gc,task     ] GC(12) Using 6 of 6 workers for final marking
[2026-04-03T02:50:02.798+0600][31.472s][info][gc,ergo     ] GC(12) Adaptive CSet Selection. Target Free: 283M, Actual Free: 1433M, Max CSet: 85333K, Min Garbage: 0B
[2026-04-03T02:50:02.798+0600][31.472s][info][gc,ergo     ] GC(12) Collectable Garbage: 1325M (99%), Immediate: 1046M (78%), CSet: 279M (20%)
[2026-04-03T02:50:02.798+0600][31.472s][info][gc,ergo     ] GC(12) Pacer for Evacuation. Used CSet: 286M, Free: 1471M, Non-Taxable: 147M, Alloc Tax Rate: 1.1x
[2026-04-03T02:50:02.798+0600][31.472s][info][gc          ] GC(12) Pause Final Mark (unload classes) 1.432ms
[2026-04-03T02:50:02.798+0600][31.472s][info][gc,start    ] GC(12) Concurrent thread roots
[2026-04-03T02:50:02.798+0600][31.472s][info][gc,task     ] GC(12) Using 3 of 6 workers for Concurrent thread roots
[2026-04-03T02:50:02.800+0600][31.474s][info][gc          ] GC(12) Concurrent thread roots 1.576ms
[2026-04-03T02:50:02.800+0600][31.474s][info][gc,start    ] GC(12) Concurrent weak references
[2026-04-03T02:50:02.800+0600][31.474s][info][gc,task     ] GC(12) Using 3 of 6 workers for concurrent weak references
[2026-04-03T02:50:02.801+0600][31.475s][info][gc,ref      ] GC(12) Encountered references: Soft: 3863, Weak: 16279, Final: 84, Phantom: 621
[2026-04-03T02:50:02.801+0600][31.475s][info][gc,ref      ] GC(12) Discovered  references: Soft: 0, Weak: 7228, Final: 0, Phantom: 320
[2026-04-03T02:50:02.801+0600][31.475s][info][gc,ref      ] GC(12) Enqueued    references: Soft: 0, Weak: 632, Final: 0, Phantom: 0
[2026-04-03T02:50:02.801+0600][31.475s][info][gc          ] GC(12) Concurrent weak references 0.768ms
[2026-04-03T02:50:02.801+0600][31.475s][info][gc,start    ] GC(12) Concurrent weak roots
[2026-04-03T02:50:02.801+0600][31.475s][info][gc,task     ] GC(12) Using 3 of 6 workers for concurrent weak root
[2026-04-03T02:50:02.806+0600][31.480s][info][gc          ] GC(12) Concurrent weak roots 5.561ms
[2026-04-03T02:50:02.806+0600][31.480s][info][gc,start    ] GC(12) Concurrent cleanup
[2026-04-03T02:50:02.808+0600][31.481s][info][gc          ] GC(12) Concurrent cleanup 1469M->423M(1684M) 1.116ms
[2026-04-03T02:50:02.808+0600][31.482s][info][gc,ergo     ] GC(12) Free: 1468M, Max: 512K regular, 284M humongous, Frag: 81% external, 0% internal; Reserve: 101790K, Max: 512K
[2026-04-03T02:50:02.808+0600][31.482s][info][gc,start    ] GC(12) Concurrent class unloading
[2026-04-03T02:50:02.808+0600][31.482s][info][gc,task     ] GC(12) Using 3 of 6 workers for concurrent class unloading
[2026-04-03T02:50:02.836+0600][31.509s][info][gc          ] GC(12) Concurrent class unloading 27.872ms
[2026-04-03T02:50:02.836+0600][31.510s][info][gc,start    ] GC(12) Concurrent strong roots
[2026-04-03T02:50:02.836+0600][31.510s][info][gc,task     ] GC(12) Using 3 of 6 workers for concurrent strong root
[2026-04-03T02:50:02.837+0600][31.511s][info][gc          ] GC(12) Concurrent strong roots 1.402ms
[2026-04-03T02:50:02.837+0600][31.511s][info][gc,start    ] GC(12) Concurrent evacuation
[2026-04-03T02:50:02.837+0600][31.511s][info][gc,task     ] GC(12) Using 3 of 6 workers for concurrent evacuation
[2026-04-03T02:50:02.844+0600][31.518s][info][gc          ] GC(12) Concurrent evacuation 7.061ms
[2026-04-03T02:50:02.845+0600][31.519s][info][gc,start    ] GC(12) Pause Init Update Refs
[2026-04-03T02:50:02.845+0600][31.519s][info][gc,ergo     ] GC(12) Pacer for Update Refs. Used: 444M, Free: 1453M, Non-Taxable: 145M, Alloc Tax Rate: 1.1x
[2026-04-03T02:50:02.845+0600][31.519s][info][gc          ] GC(12) Pause Init Update Refs 0.185ms
[2026-04-03T02:50:02.845+0600][31.519s][info][gc,start    ] GC(12) Concurrent update references
[2026-04-03T02:50:02.845+0600][31.519s][info][gc,task     ] GC(12) Using 3 of 6 workers for concurrent reference update
[2026-04-03T02:50:02.900+0600][31.574s][info][gc          ] GC(12) Concurrent update references 54.806ms
[2026-04-03T02:50:02.900+0600][31.574s][info][gc,start    ] GC(12) Concurrent update thread roots
[2026-04-03T02:50:02.902+0600][31.576s][info][gc          ] GC(12) Concurrent update thread roots 1.518ms
[2026-04-03T02:50:02.902+0600][31.576s][info][gc,start    ] GC(12) Pause Final Update Refs
[2026-04-03T02:50:02.902+0600][31.576s][info][gc,task     ] GC(12) Using 6 of 6 workers for final reference update
[2026-04-03T02:50:02.902+0600][31.576s][info][gc          ] GC(12) Pause Final Update Refs 0.294ms
[2026-04-03T02:50:02.903+0600][31.576s][info][gc,start    ] GC(12) Concurrent cleanup
[2026-04-03T02:50:02.903+0600][31.577s][info][gc          ] GC(12) Concurrent cleanup 477M->190M(1684M) 0.392ms
[2026-04-03T02:50:02.903+0600][31.577s][info][gc,ergo     ] Free: 1695M, Max: 512K regular, 1051M humongous, Frag: 39% external, 0% internal; Reserve: 100M, Max: 512K
[2026-04-03T02:50:02.903+0600][31.577s][info][gc,stats    ] 
[2026-04-03T02:50:02.903+0600][31.577s][info][gc,stats    ] All times are wall-clock times, except per-root-class counters, that are sum over
[2026-04-03T02:50:02.903+0600][31.577s][info][gc,stats    ] all workers. Dividing the <total> over the root stage time estimates parallelism.
[2026-04-03T02:50:02.903+0600][31.577s][info][gc,stats    ] 
[2026-04-03T02:50:02.903+0600][31.577s][info][gc,stats    ] Concurrent Reset                   2779 us
[2026-04-03T02:50:02.903+0600][31.577s][info][gc,stats    ] Pause Init Mark (G)                 626 us
[2026-04-03T02:50:02.903+0600][31.577s][info][gc,stats    ] Pause Init Mark (N)                 163 us
[2026-04-03T02:50:02.903+0600][31.577s][info][gc,stats    ]   Update Region States               58 us
[2026-04-03T02:50:02.903+0600][31.577s][info][gc,stats    ] Concurrent Mark Roots              2245 us, parallelism: 2.07x
[2026-04-03T02:50:02.903+0600][31.577s][info][gc,stats    ]   CMR: <total>                     4658 us
[2026-04-03T02:50:02.903+0600][31.577s][info][gc,stats    ]   CMR: Thread Roots                4022 us, workers (us): 1001, 1521, 1501, ---, ---, ---, 
[2026-04-03T02:50:02.903+0600][31.577s][info][gc,stats    ]   CMR: VM Strong Roots               71 us, workers (us):  37,  34,   1, ---, ---, ---, 
[2026-04-03T02:50:02.903+0600][31.577s][info][gc,stats    ]   CMR: CLDG Roots                   564 us, workers (us): 564, ---, ---, ---, ---, ---, 
[2026-04-03T02:50:02.903+0600][31.577s][info][gc,stats    ] Concurrent Marking                70520 us
[2026-04-03T02:50:02.903+0600][31.577s][info][gc,stats    ] Pause Final Mark (G)               1903 us
[2026-04-03T02:50:02.903+0600][31.577s][info][gc,stats    ] Pause Final Mark (N)               1450 us
[2026-04-03T02:50:02.903+0600][31.577s][info][gc,stats    ]   Finish Mark                       454 us
[2026-04-03T02:50:02.903+0600][31.577s][info][gc,stats    ]   Update Region States               88 us
[2026-04-03T02:50:02.903+0600][31.577s][info][gc,stats    ]   Choose Collection Set             444 us
[2026-04-03T02:50:02.903+0600][31.577s][info][gc,stats    ]   Rebuild Free Set                   70 us
[2026-04-03T02:50:02.903+0600][31.577s][info][gc,stats    ] Concurrent Thread Roots            1642 us, parallelism: 2.32x
[2026-04-03T02:50:02.903+0600][31.577s][info][gc,stats    ]   CTR: <total>                     3810 us
[2026-04-03T02:50:02.903+0600][31.577s][info][gc,stats    ]   CTR: Thread Roots                3810 us, workers (us): 1257, 1251, 1302, ---, ---, ---, 
[2026-04-03T02:50:02.903+0600][31.577s][info][gc,stats    ] Concurrent Weak References          781 us, parallelism: 1.70x
[2026-04-03T02:50:02.903+0600][31.577s][info][gc,stats    ]   CWRF: <total>                    1325 us
[2026-04-03T02:50:02.903+0600][31.577s][info][gc,stats    ]   CWRF: Weak References            1325 us, workers (us): 229, 608, 488, ---, ---, ---, 
[2026-04-03T02:50:02.903+0600][31.577s][info][gc,stats    ] Concurrent Weak Roots              5663 us
[2026-04-03T02:50:02.903+0600][31.577s][info][gc,stats    ]   Roots                            5044 us, parallelism: 2.69x
[2026-04-03T02:50:02.903+0600][31.577s][info][gc,stats    ]     CWR: <total>                  13588 us
[2026-04-03T02:50:02.903+0600][31.577s][info][gc,stats    ]     CWR: Code Cache Roots          9869 us, workers (us): 3352, 3458, 3059, ---, ---, ---, 
[2026-04-03T02:50:02.903+0600][31.577s][info][gc,stats    ]     CWR: VM Weak Roots             3459 us, workers (us): 1150, 1159, 1149, ---, ---, ---, 
[2026-04-03T02:50:02.904+0600][31.577s][info][gc,stats    ]     CWR: CLDG Roots                 260 us, workers (us): ---, ---, 260, ---, ---, ---, 
[2026-04-03T02:50:02.904+0600][31.577s][info][gc,stats    ]   Rendezvous                        458 us
[2026-04-03T02:50:02.904+0600][31.577s][info][gc,stats    ] Concurrent Cleanup                 1172 us
[2026-04-03T02:50:02.904+0600][31.577s][info][gc,stats    ] Concurrent Class Unloading        27991 us
[2026-04-03T02:50:02.904+0600][31.577s][info][gc,stats    ]   Unlink Stale                    16514 us
[2026-04-03T02:50:02.904+0600][31.577s][info][gc,stats    ]     System Dictionary               396 us
[2026-04-03T02:50:02.904+0600][31.577s][info][gc,stats    ]     Weak Class Links                  1 us
[2026-04-03T02:50:02.904+0600][31.577s][info][gc,stats    ]     Code Roots                    16112 us
[2026-04-03T02:50:02.904+0600][31.577s][info][gc,stats    ]   Rendezvous                        596 us
[2026-04-03T02:50:02.904+0600][31.577s][info][gc,stats    ]   Purge Unlinked                  10705 us
[2026-04-03T02:50:02.904+0600][31.577s][info][gc,stats    ]     Code Roots                    10667 us
[2026-04-03T02:50:02.904+0600][31.577s][info][gc,stats    ]     CLDG                             36 us
[2026-04-03T02:50:02.904+0600][31.577s][info][gc,stats    ]     Exception Caches                  0 us
[2026-04-03T02:50:02.904+0600][31.577s][info][gc,stats    ] Concurrent Strong Roots            1515 us, parallelism: 0.66x
[2026-04-03T02:50:02.904+0600][31.577s][info][gc,stats    ]   CSR: <total>                     1005 us
[2026-04-03T02:50:02.904+0600][31.577s][info][gc,stats    ]   CSR: VM Strong Roots               72 us, workers (us):  31,  23,  18, ---, ---, ---, 
[2026-04-03T02:50:02.904+0600][31.577s][info][gc,stats    ]   CSR: CLDG Roots                   933 us, workers (us): ---, 933, ---, ---, ---, ---, 
[2026-04-03T02:50:02.904+0600][31.577s][info][gc,stats    ] Concurrent Evacuation              7194 us
[2026-04-03T02:50:02.904+0600][31.577s][info][gc,stats    ] Pause Init Update Refs (G)          993 us
[2026-04-03T02:50:02.904+0600][31.577s][info][gc,stats    ] Pause Init Update Refs (N)          203 us
[2026-04-03T02:50:02.904+0600][31.577s][info][gc,stats    ]   Manage GCLABs                      66 us
[2026-04-03T02:50:02.904+0600][31.577s][info][gc,stats    ] Concurrent Update Refs            54913 us
[2026-04-03T02:50:02.904+0600][31.578s][info][gc,stats    ] Concurrent Update Thread Roots     1572 us
[2026-04-03T02:50:02.904+0600][31.578s][info][gc,stats    ] Pause Final Update Refs (G)         638 us
[2026-04-03T02:50:02.904+0600][31.578s][info][gc,stats    ] Pause Final Update Refs (N)         342 us
[2026-04-03T02:50:02.904+0600][31.578s][info][gc,stats    ]   Update Region States              103 us
[2026-04-03T02:50:02.904+0600][31.578s][info][gc,stats    ]   Trash Collection Set               29 us
[2026-04-03T02:50:02.904+0600][31.578s][info][gc,stats    ]   Rebuild Free Set                   63 us
[2026-04-03T02:50:02.904+0600][31.578s][info][gc,stats    ] Concurrent Cleanup                  487 us
[2026-04-03T02:50:02.904+0600][31.578s][info][gc,stats    ] Pacing                             4011 us
[2026-04-03T02:50:02.904+0600][31.578s][info][gc,stats    ] 
[2026-04-03T02:50:02.904+0600][31.578s][info][gc,stats    ] Allocation pacing accrued:
[2026-04-03T02:50:02.904+0600][31.578s][info][gc,stats    ]       2 of  1573 ms (  0.1%): task-result-getter-1
[2026-04-03T02:50:02.904+0600][31.578s][info][gc,stats    ]       2 of  1573 ms (  0.1%): task-result-getter-3
[2026-04-03T02:50:02.904+0600][31.578s][info][gc,stats    ]       4 of  1573 ms (  0.3%): <total>
[2026-04-03T02:50:02.904+0600][31.578s][info][gc,stats    ]       0 of  1573 ms (  0.0%): <average total>
[2026-04-03T02:50:02.904+0600][31.578s][info][gc,stats    ]       2 of  1573 ms (  0.1%): <average non-zero>
[2026-04-03T02:50:02.904+0600][31.578s][info][gc,stats    ] 
[2026-04-03T02:50:02.904+0600][31.578s][info][gc,metaspace] Metaspace: 129768K(130944K)->129775K(130944K) NonClass: 113340K(113920K)->113347K(113920K) Class: 16428K(17024K)->16428K(17024K)
[2026-04-03T02:50:02.904+0600][31.578s][info][gc,ergo     ] Pacer for Idle. Initial: 40960K, Alloc Tax Rate: 1.0x
[2026-04-03T02:50:04.589+0600][33.262s][info][gc          ] Trigger: Average GC time (234.60 ms) is above the time for average allocation rate (822 MB/s) to deplete free headroom (192M) (margin of error = 1.81)
[2026-04-03T02:50:04.589+0600][33.262s][info][gc,ergo     ] Free headroom: 292M (free) - 100M (spike) - 0B (penalties) = 192M
[2026-04-03T02:50:04.589+0600][33.262s][info][gc,ergo     ] Free: 291M, Max: 512K regular, 280M humongous, Frag: 4% external, 1% internal; Reserve: 100M, Max: 512K
[2026-04-03T02:50:04.589+0600][33.263s][info][gc,start    ] GC(13) Concurrent reset
[2026-04-03T02:50:04.589+0600][33.263s][info][gc,task     ] GC(13) Using 3 of 6 workers for concurrent reset
[2026-04-03T02:50:04.589+0600][33.263s][info][gc,ergo     ] GC(13) Pacer for Reset. Non-Taxable: 2000M
[2026-04-03T02:50:04.595+0600][33.268s][info][gc          ] GC(13) Concurrent reset 5.939ms
[2026-04-03T02:50:04.595+0600][33.269s][info][gc,start    ] GC(13) Pause Init Mark (unload classes)
[2026-04-03T02:50:04.595+0600][33.269s][info][gc,task     ] GC(13) Using 6 of 6 workers for init marking
[2026-04-03T02:50:04.595+0600][33.269s][info][gc,ergo     ] GC(13) Pacer for Mark. Expected Live: 83316K, Free: 284M, Non-Taxable: 29182K, Alloc Tax Rate: 0.3x
[2026-04-03T02:50:04.595+0600][33.269s][info][gc          ] GC(13) Pause Init Mark (unload classes) 0.181ms
[2026-04-03T02:50:04.595+0600][33.269s][info][gc,start    ] GC(13) Concurrent marking roots
[2026-04-03T02:50:04.595+0600][33.269s][info][gc,task     ] GC(13) Using 3 of 6 workers for concurrent marking roots
[2026-04-03T02:50:04.601+0600][33.275s][info][gc          ] GC(13) Concurrent marking roots 5.452ms
[2026-04-03T02:50:04.601+0600][33.275s][info][gc,start    ] GC(13) Concurrent marking (unload classes)
[2026-04-03T02:50:04.601+0600][33.275s][info][gc,task     ] GC(13) Using 3 of 6 workers for concurrent marking
[2026-04-03T02:50:04.667+0600][33.341s][info][gc          ] GC(13) Concurrent marking (unload classes) 66.109ms
[2026-04-03T02:50:04.667+0600][33.341s][info][gc,start    ] GC(13) Pause Final Mark (unload classes)
[2026-04-03T02:50:04.667+0600][33.341s][info][gc,task     ] GC(13) Using 6 of 6 workers for final marking
[2026-04-03T02:50:04.668+0600][33.341s][info][gc,ergo     ] GC(13) Adaptive CSet Selection. Target Free: 283M, Actual Free: 1320M, Max CSet: 85333K, Min Garbage: 0B
[2026-04-03T02:50:04.668+0600][33.342s][info][gc,ergo     ] GC(13) Collectable Garbage: 1382M (99%), Immediate: 981M (70%), CSet: 400M (28%)
[2026-04-03T02:50:04.668+0600][33.342s][info][gc,ergo     ] GC(13) Pacer for Evacuation. Used CSet: 413M, Free: 1351M, Non-Taxable: 135M, Alloc Tax Rate: 1.1x
[2026-04-03T02:50:04.668+0600][33.342s][info][gc          ] GC(13) Pause Final Mark (unload classes) 0.779ms
[2026-04-03T02:50:04.668+0600][33.342s][info][gc,start    ] GC(13) Concurrent thread roots
[2026-04-03T02:50:04.668+0600][33.342s][info][gc,task     ] GC(13) Using 3 of 6 workers for Concurrent thread roots
[2026-04-03T02:50:04.669+0600][33.343s][info][gc          ] GC(13) Concurrent thread roots 1.036ms
[2026-04-03T02:50:04.669+0600][33.343s][info][gc,start    ] GC(13) Concurrent weak references
[2026-04-03T02:50:04.669+0600][33.343s][info][gc,task     ] GC(13) Using 3 of 6 workers for concurrent weak references
[2026-04-03T02:50:04.670+0600][33.344s][info][gc,ref      ] GC(13) Encountered references: Soft: 3865, Weak: 18034, Final: 84, Phantom: 621
[2026-04-03T02:50:04.670+0600][33.344s][info][gc,ref      ] GC(13) Discovered  references: Soft: 0, Weak: 6595, Final: 0, Phantom: 613
[2026-04-03T02:50:04.670+0600][33.344s][info][gc,ref      ] GC(13) Enqueued    references: Soft: 0, Weak: 3335, Final: 0, Phantom: 0
[2026-04-03T02:50:04.670+0600][33.344s][info][gc          ] GC(13) Concurrent weak references 0.807ms
[2026-04-03T02:50:04.670+0600][33.344s][info][gc,start    ] GC(13) Concurrent weak roots
[2026-04-03T02:50:04.670+0600][33.344s][info][gc,task     ] GC(13) Using 3 of 6 workers for concurrent weak root
[2026-04-03T02:50:04.676+0600][33.350s][info][gc          ] GC(13) Concurrent weak roots 6.432ms
[2026-04-03T02:50:04.676+0600][33.350s][info][gc,start    ] GC(13) Concurrent cleanup
[2026-04-03T02:50:04.678+0600][33.352s][info][gc          ] GC(13) Concurrent cleanup 1528M->546M(1684M) 1.263ms
[2026-04-03T02:50:04.678+0600][33.352s][info][gc,ergo     ] GC(13) Free: 1347M, Max: 512K regular, 234M humongous, Frag: 83% external, 0% internal; Reserve: 101785K, Max: 512K
[2026-04-03T02:50:04.678+0600][33.352s][info][gc,start    ] GC(13) Concurrent class unloading
[2026-04-03T02:50:04.678+0600][33.352s][info][gc,task     ] GC(13) Using 3 of 6 workers for concurrent class unloading
[2026-04-03T02:50:04.710+0600][33.384s][info][gc          ] GC(13) Concurrent class unloading 32.082ms
[2026-04-03T02:50:04.710+0600][33.384s][info][gc,start    ] GC(13) Concurrent strong roots
[2026-04-03T02:50:04.710+0600][33.384s][info][gc,task     ] GC(13) Using 3 of 6 workers for concurrent strong root
[2026-04-03T02:50:04.712+0600][33.386s][info][gc          ] GC(13) Concurrent strong roots 1.673ms
[2026-04-03T02:50:04.712+0600][33.386s][info][gc,start    ] GC(13) Concurrent evacuation
[2026-04-03T02:50:04.712+0600][33.386s][info][gc,task     ] GC(13) Using 3 of 6 workers for concurrent evacuation
[2026-04-03T02:50:04.733+0600][33.407s][info][gc          ] GC(13) Concurrent evacuation 20.943ms
[2026-04-03T02:50:04.733+0600][33.407s][info][gc,start    ] GC(13) Pause Init Update Refs
[2026-04-03T02:50:04.733+0600][33.407s][info][gc,ergo     ] GC(13) Pacer for Update Refs. Used: 606M, Free: 1301M, Non-Taxable: 130M, Alloc Tax Rate: 1.1x
[2026-04-03T02:50:04.733+0600][33.407s][info][gc          ] GC(13) Pause Init Update Refs 0.098ms
[2026-04-03T02:50:04.733+0600][33.407s][info][gc,start    ] GC(13) Concurrent update references
[2026-04-03T02:50:04.733+0600][33.407s][info][gc,task     ] GC(13) Using 3 of 6 workers for concurrent reference update
[2026-04-03T02:50:04.799+0600][33.473s][info][gc          ] GC(13) Concurrent update references 65.566ms
[2026-04-03T02:50:04.799+0600][33.473s][info][gc,start    ] GC(13) Concurrent update thread roots
[2026-04-03T02:50:04.800+0600][33.474s][info][gc          ] GC(13) Concurrent update thread roots 1.475ms
[2026-04-03T02:50:04.801+0600][33.475s][info][gc,start    ] GC(13) Pause Final Update Refs
[2026-04-03T02:50:04.801+0600][33.475s][info][gc,task     ] GC(13) Using 6 of 6 workers for final reference update
[2026-04-03T02:50:04.801+0600][33.475s][info][gc          ] GC(13) Pause Final Update Refs 0.426ms
[2026-04-03T02:50:04.801+0600][33.475s][info][gc,start    ] GC(13) Concurrent cleanup
[2026-04-03T02:50:04.802+0600][33.476s][info][gc          ] GC(13) Concurrent cleanup 659M->246M(1695M) 0.399ms
[2026-04-03T02:50:04.802+0600][33.476s][info][gc,ergo     ] Free: 1642M, Max: 512K regular, 1038M humongous, Frag: 37% external, 0% internal; Reserve: 100M, Max: 512K
[2026-04-03T02:50:04.802+0600][33.476s][info][gc,stats    ] 
[2026-04-03T02:50:04.802+0600][33.476s][info][gc,stats    ] All times are wall-clock times, except per-root-class counters, that are sum over
[2026-04-03T02:50:04.802+0600][33.476s][info][gc,stats    ] all workers. Dividing the <total> over the root stage time estimates parallelism.
[2026-04-03T02:50:04.802+0600][33.476s][info][gc,stats    ] 
[2026-04-03T02:50:04.802+0600][33.476s][info][gc,stats    ] Concurrent Reset                   6042 us
[2026-04-03T02:50:04.802+0600][33.476s][info][gc,stats    ] Pause Init Mark (G)                 658 us
[2026-04-03T02:50:04.802+0600][33.476s][info][gc,stats    ] Pause Init Mark (N)                 197 us
[2026-04-03T02:50:04.802+0600][33.476s][info][gc,stats    ]   Update Region States               51 us
[2026-04-03T02:50:04.802+0600][33.476s][info][gc,stats    ] Concurrent Mark Roots              5529 us, parallelism: 2.20x
[2026-04-03T02:50:04.802+0600][33.476s][info][gc,stats    ]   CMR: <total>                    12163 us
[2026-04-03T02:50:04.802+0600][33.476s][info][gc,stats    ]   CMR: Thread Roots               11651 us, workers (us): 2294, 4455, 4902, ---, ---, ---, 
[2026-04-03T02:50:04.802+0600][33.476s][info][gc,stats    ]   CMR: VM Strong Roots               67 us, workers (us):  28,  22,  17, ---, ---, ---, 
[2026-04-03T02:50:04.802+0600][33.476s][info][gc,stats    ]   CMR: CLDG Roots                   444 us, workers (us): ---, 444, ---, ---, ---, ---, 
[2026-04-03T02:50:04.802+0600][33.476s][info][gc,stats    ] Concurrent Marking                66176 us
[2026-04-03T02:50:04.802+0600][33.476s][info][gc,stats    ] Pause Final Mark (G)                892 us
[2026-04-03T02:50:04.802+0600][33.476s][info][gc,stats    ] Pause Final Mark (N)                790 us
[2026-04-03T02:50:04.802+0600][33.476s][info][gc,stats    ]   Finish Mark                       203 us
[2026-04-03T02:50:04.802+0600][33.476s][info][gc,stats    ]   Update Region States               51 us
[2026-04-03T02:50:04.802+0600][33.476s][info][gc,stats    ]   Choose Collection Set             365 us
[2026-04-03T02:50:04.802+0600][33.476s][info][gc,stats    ]   Rebuild Free Set                   54 us
[2026-04-03T02:50:04.802+0600][33.476s][info][gc,stats    ] Concurrent Thread Roots            1106 us, parallelism: 2.36x
[2026-04-03T02:50:04.802+0600][33.476s][info][gc,stats    ]   CTR: <total>                     2607 us
[2026-04-03T02:50:04.802+0600][33.476s][info][gc,stats    ]   CTR: Thread Roots                2607 us, workers (us): 870, 885, 853, ---, ---, ---, 
[2026-04-03T02:50:04.802+0600][33.476s][info][gc,stats    ] Concurrent Weak References          824 us, parallelism: 1.57x
[2026-04-03T02:50:04.802+0600][33.476s][info][gc,stats    ]   CWRF: <total>                    1295 us
[2026-04-03T02:50:04.802+0600][33.476s][info][gc,stats    ]   CWRF: Weak References            1295 us, workers (us): 546, 330, 419, ---, ---, ---, 
[2026-04-03T02:50:04.802+0600][33.476s][info][gc,stats    ] Concurrent Weak Roots              6550 us
[2026-04-03T02:50:04.802+0600][33.476s][info][gc,stats    ]   Roots                            5508 us, parallelism: 2.68x
[2026-04-03T02:50:04.802+0600][33.476s][info][gc,stats    ]     CWR: <total>                  14734 us
[2026-04-03T02:50:04.802+0600][33.476s][info][gc,stats    ]     CWR: Code Cache Roots         11754 us, workers (us): 4010, 3816, 3928, ---, ---, ---, 
[2026-04-03T02:50:04.802+0600][33.476s][info][gc,stats    ]     CWR: VM Weak Roots             2793 us, workers (us): 1137, 1130, 526, ---, ---, ---, 
[2026-04-03T02:50:04.802+0600][33.476s][info][gc,stats    ]     CWR: CLDG Roots                 187 us, workers (us): ---, 187, ---, ---, ---, ---, 
[2026-04-03T02:50:04.802+0600][33.476s][info][gc,stats    ]   Rendezvous                        892 us
[2026-04-03T02:50:04.802+0600][33.476s][info][gc,stats    ] Concurrent Cleanup                 1319 us
[2026-04-03T02:50:04.802+0600][33.476s][info][gc,stats    ] Concurrent Class Unloading        32199 us
[2026-04-03T02:50:04.802+0600][33.476s][info][gc,stats    ]   Unlink Stale                    19054 us
[2026-04-03T02:50:04.802+0600][33.476s][info][gc,stats    ]     System Dictionary               292 us
[2026-04-03T02:50:04.802+0600][33.476s][info][gc,stats    ]     Weak Class Links                  1 us
[2026-04-03T02:50:04.802+0600][33.476s][info][gc,stats    ]     Code Roots                    18758 us
[2026-04-03T02:50:04.802+0600][33.476s][info][gc,stats    ]   Rendezvous                        761 us
[2026-04-03T02:50:04.802+0600][33.476s][info][gc,stats    ]   Purge Unlinked                  12221 us
[2026-04-03T02:50:04.802+0600][33.476s][info][gc,stats    ]     Code Roots                    12185 us
[2026-04-03T02:50:04.802+0600][33.476s][info][gc,stats    ]     CLDG                             34 us
[2026-04-03T02:50:04.802+0600][33.476s][info][gc,stats    ]     Exception Caches                  0 us
[2026-04-03T02:50:04.802+0600][33.476s][info][gc,stats    ] Concurrent Strong Roots            1753 us, parallelism: 0.65x
[2026-04-03T02:50:04.802+0600][33.476s][info][gc,stats    ]   CSR: <total>                     1136 us
[2026-04-03T02:50:04.802+0600][33.476s][info][gc,stats    ]   CSR: VM Strong Roots               68 us, workers (us):  66,   1,   1, ---, ---, ---, 
[2026-04-03T02:50:04.802+0600][33.476s][info][gc,stats    ]   CSR: CLDG Roots                  1068 us, workers (us): 1068, ---, ---, ---, ---, ---, 
[2026-04-03T02:50:04.802+0600][33.476s][info][gc,stats    ] Concurrent Evacuation             21049 us
[2026-04-03T02:50:04.802+0600][33.476s][info][gc,stats    ] Pause Init Update Refs (G)          376 us
[2026-04-03T02:50:04.802+0600][33.476s][info][gc,stats    ] Pause Init Update Refs (N)          110 us
[2026-04-03T02:50:04.802+0600][33.476s][info][gc,stats    ]   Manage GCLABs                      32 us
[2026-04-03T02:50:04.802+0600][33.476s][info][gc,stats    ] Concurrent Update Refs            65663 us
[2026-04-03T02:50:04.802+0600][33.476s][info][gc,stats    ] Concurrent Update Thread Roots     1548 us
[2026-04-03T02:50:04.802+0600][33.476s][info][gc,stats    ] Pause Final Update Refs (G)         798 us
[2026-04-03T02:50:04.802+0600][33.476s][info][gc,stats    ] Pause Final Update Refs (N)         447 us
[2026-04-03T02:50:04.803+0600][33.476s][info][gc,stats    ]   Update Region States               94 us
[2026-04-03T02:50:04.803+0600][33.476s][info][gc,stats    ]   Trash Collection Set               35 us
[2026-04-03T02:50:04.803+0600][33.476s][info][gc,stats    ]   Rebuild Free Set                   59 us
[2026-04-03T02:50:04.803+0600][33.476s][info][gc,stats    ] Concurrent Cleanup                  435 us
[2026-04-03T02:50:04.803+0600][33.476s][info][gc,stats    ] Pacing                            33516 us
[2026-04-03T02:50:04.803+0600][33.476s][info][gc,stats    ] 
[2026-04-03T02:50:04.803+0600][33.476s][info][gc,stats    ] Allocation pacing accrued:
[2026-04-03T02:50:04.803+0600][33.476s][info][gc,stats    ]      11 of  1899 ms (  0.6%): dispatcher-BlockManagerMaster
[2026-04-03T02:50:04.803+0600][33.476s][info][gc,stats    ]      11 of  1899 ms (  0.6%): netty-rpc-env-timeout
[2026-04-03T02:50:04.803+0600][33.476s][info][gc,stats    ]      11 of  1899 ms (  0.6%): dag-scheduler-event-loop
[2026-04-03T02:50:04.803+0600][33.476s][info][gc,stats    ]      34 of  1899 ms (  1.8%): <total>
[2026-04-03T02:50:04.803+0600][33.476s][info][gc,stats    ]       0 of  1899 ms (  0.0%): <average total>
[2026-04-03T02:50:04.803+0600][33.476s][info][gc,stats    ]      11 of  1899 ms (  0.6%): <average non-zero>
[2026-04-03T02:50:04.803+0600][33.476s][info][gc,stats    ] 
[2026-04-03T02:50:04.803+0600][33.477s][info][gc,metaspace] Metaspace: 129977K(131200K)->130006K(131200K) NonClass: 113540K(114176K)->113570K(114176K) Class: 16436K(17024K)->16436K(17024K)
[2026-04-03T02:50:04.803+0600][33.477s][info][gc,ergo     ] Pacer for Idle. Initial: 40960K, Alloc Tax Rate: 1.0x
[2026-04-03T02:50:05.104+0600][33.778s][info][gc          ] Trigger: Average GC time (234.10 ms) is above the time for instantaneous allocation rate (3481 MB/s) to deplete free headroom (711M) (spike threshold = 1.77)
[2026-04-03T02:50:05.104+0600][33.778s][info][gc,ergo     ] Free: 811M, Max: 512K regular, 518M humongous, Frag: 37% external, 0% internal; Reserve: 100M, Max: 512K
[2026-04-03T02:50:05.104+0600][33.778s][info][gc,start    ] GC(14) Concurrent reset
[2026-04-03T02:50:05.104+0600][33.778s][info][gc,task     ] GC(14) Using 3 of 6 workers for concurrent reset
[2026-04-03T02:50:05.104+0600][33.778s][info][gc,ergo     ] GC(14) Pacer for Reset. Non-Taxable: 2000M
[2026-04-03T02:50:05.109+0600][33.783s][info][gc          ] GC(14) Concurrent reset 4.721ms
[2026-04-03T02:50:05.109+0600][33.783s][info][gc,start    ] GC(14) Pause Init Mark (unload classes)
[2026-04-03T02:50:05.109+0600][33.783s][info][gc,task     ] GC(14) Using 6 of 6 workers for init marking
[2026-04-03T02:50:05.109+0600][33.783s][info][gc,ergo     ] GC(14) Pacer for Mark. Expected Live: 85926K, Free: 808M, Non-Taxable: 82762K, Alloc Tax Rate: 0.1x
[2026-04-03T02:50:05.109+0600][33.783s][info][gc          ] GC(14) Pause Init Mark (unload classes) 0.170ms
[2026-04-03T02:50:05.112+0600][33.786s][info][gc,start    ] GC(14) Concurrent marking roots
[2026-04-03T02:50:05.112+0600][33.786s][info][gc,task     ] GC(14) Using 3 of 6 workers for concurrent marking roots
[2026-04-03T02:50:05.114+0600][33.788s][info][gc          ] GC(14) Concurrent marking roots 1.833ms
[2026-04-03T02:50:05.114+0600][33.788s][info][gc,start    ] GC(14) Concurrent marking (unload classes)
[2026-04-03T02:50:05.114+0600][33.788s][info][gc,task     ] GC(14) Using 3 of 6 workers for concurrent marking
[2026-04-03T02:50:05.189+0600][33.862s][info][gc          ] GC(14) Concurrent marking (unload classes) 74.490ms
[2026-04-03T02:50:05.189+0600][33.863s][info][gc,start    ] GC(14) Pause Final Mark (unload classes)
[2026-04-03T02:50:05.189+0600][33.863s][info][gc,task     ] GC(14) Using 6 of 6 workers for final marking
[2026-04-03T02:50:05.190+0600][33.863s][info][gc,ergo     ] GC(14) Adaptive CSet Selection. Target Free: 283M, Actual Free: 1631M, Max CSet: 85333K, Min Garbage: 0B
[2026-04-03T02:50:05.190+0600][33.864s][info][gc,ergo     ] GC(14) Collectable Garbage: 900M (99%), Immediate: 776M (85%), CSet: 124M (13%)
[2026-04-03T02:50:05.190+0600][33.864s][info][gc,ergo     ] GC(14) Pacer for Evacuation. Used CSet: 131M, Free: 1624M, Non-Taxable: 162M, Alloc Tax Rate: 1.1x
[2026-04-03T02:50:05.190+0600][33.864s][info][gc          ] GC(14) Pause Final Mark (unload classes) 0.954ms
[2026-04-03T02:50:05.190+0600][33.864s][info][gc,start    ] GC(14) Concurrent thread roots
[2026-04-03T02:50:05.190+0600][33.864s][info][gc,task     ] GC(14) Using 3 of 6 workers for Concurrent thread roots
[2026-04-03T02:50:05.191+0600][33.865s][info][gc          ] GC(14) Concurrent thread roots 1.346ms
[2026-04-03T02:50:05.191+0600][33.865s][info][gc,start    ] GC(14) Concurrent weak references
[2026-04-03T02:50:05.192+0600][33.865s][info][gc,task     ] GC(14) Using 3 of 6 workers for concurrent weak references
[2026-04-03T02:50:05.192+0600][33.866s][info][gc,ref      ] GC(14) Encountered references: Soft: 3865, Weak: 15406, Final: 84, Phantom: 621
[2026-04-03T02:50:05.192+0600][33.866s][info][gc,ref      ] GC(14) Discovered  references: Soft: 0, Weak: 3506, Final: 48, Phantom: 617
[2026-04-03T02:50:05.192+0600][33.866s][info][gc,ref      ] GC(14) Enqueued    references: Soft: 0, Weak: 947, Final: 0, Phantom: 0
[2026-04-03T02:50:05.192+0600][33.866s][info][gc          ] GC(14) Concurrent weak references 0.696ms
[2026-04-03T02:50:05.192+0600][33.866s][info][gc,start    ] GC(14) Concurrent weak roots
[2026-04-03T02:50:05.192+0600][33.866s][info][gc,task     ] GC(14) Using 3 of 6 workers for concurrent weak root
[2026-04-03T02:50:05.198+0600][33.871s][info][gc          ] GC(14) Concurrent weak roots 5.404ms
[2026-04-03T02:50:05.198+0600][33.872s][info][gc,start    ] GC(14) Concurrent cleanup
[2026-04-03T02:50:05.199+0600][33.873s][info][gc          ] GC(14) Concurrent cleanup 1042M->266M(1695M) 1.087ms
[2026-04-03T02:50:05.199+0600][33.873s][info][gc,ergo     ] GC(14) Free: 1623M, Max: 512K regular, 537M humongous, Frag: 67% external, 0% internal; Reserve: 101809K, Max: 512K
[2026-04-03T02:50:05.199+0600][33.873s][info][gc,start    ] GC(14) Concurrent class unloading
[2026-04-03T02:50:05.199+0600][33.873s][info][gc,task     ] GC(14) Using 3 of 6 workers for concurrent class unloading
[2026-04-03T02:50:05.218+0600][33.892s][info][gc          ] GC(14) Concurrent class unloading 19.607ms
[2026-04-03T02:50:05.219+0600][33.892s][info][gc,start    ] GC(14) Concurrent strong roots
[2026-04-03T02:50:05.219+0600][33.892s][info][gc,task     ] GC(14) Using 3 of 6 workers for concurrent strong root
[2026-04-03T02:50:05.220+0600][33.893s][info][gc          ] GC(14) Concurrent strong roots 1.073ms
[2026-04-03T02:50:05.220+0600][33.894s][info][gc,start    ] GC(14) Concurrent evacuation
[2026-04-03T02:50:05.220+0600][33.894s][info][gc,task     ] GC(14) Using 3 of 6 workers for concurrent evacuation
[2026-04-03T02:50:05.223+0600][33.897s][info][gc          ] GC(14) Concurrent evacuation 3.636ms
[2026-04-03T02:50:05.224+0600][33.897s][info][gc,start    ] GC(14) Pause Init Update Refs
[2026-04-03T02:50:05.224+0600][33.898s][info][gc,ergo     ] GC(14) Pacer for Update Refs. Used: 280M, Free: 1616M, Non-Taxable: 161M, Alloc Tax Rate: 1.1x
[2026-04-03T02:50:05.224+0600][33.898s][info][gc          ] GC(14) Pause Init Update Refs 0.205ms
[2026-04-03T02:50:05.224+0600][33.898s][info][gc,start    ] GC(14) Concurrent update references
[2026-04-03T02:50:05.224+0600][33.898s][info][gc,task     ] GC(14) Using 3 of 6 workers for concurrent reference update
[2026-04-03T02:50:05.272+0600][33.946s][info][gc          ] GC(14) Concurrent update references 48.002ms
[2026-04-03T02:50:05.272+0600][33.946s][info][gc,start    ] GC(14) Concurrent update thread roots
[2026-04-03T02:50:05.275+0600][33.949s][info][gc          ] GC(14) Concurrent update thread roots 3.170ms
[2026-04-03T02:50:05.276+0600][33.950s][info][gc,start    ] GC(14) Pause Final Update Refs
[2026-04-03T02:50:05.276+0600][33.950s][info][gc,task     ] GC(14) Using 6 of 6 workers for final reference update
[2026-04-03T02:50:05.276+0600][33.950s][info][gc          ] GC(14) Pause Final Update Refs 0.307ms
[2026-04-03T02:50:05.279+0600][33.953s][info][gc,start    ] GC(14) Concurrent cleanup
[2026-04-03T02:50:05.280+0600][33.954s][info][gc          ] GC(14) Concurrent cleanup 296M->166M(1695M) 0.993ms
[2026-04-03T02:50:05.280+0600][33.954s][info][gc,ergo     ] Free: 1721M, Max: 512K regular, 808M humongous, Frag: 54% external, 0% internal; Reserve: 100M, Max: 512K
[2026-04-03T02:50:05.281+0600][33.955s][info][gc,stats    ] 
[2026-04-03T02:50:05.281+0600][33.955s][info][gc,stats    ] All times are wall-clock times, except per-root-class counters, that are sum over
[2026-04-03T02:50:05.281+0600][33.955s][info][gc,stats    ] all workers. Dividing the <total> over the root stage time estimates parallelism.
[2026-04-03T02:50:05.281+0600][33.955s][info][gc,stats    ] 
[2026-04-03T02:50:05.281+0600][33.955s][info][gc,stats    ] Concurrent Reset                   4799 us
[2026-04-03T02:50:05.281+0600][33.955s][info][gc,stats    ] Pause Init Mark (G)                3181 us
[2026-04-03T02:50:05.281+0600][33.955s][info][gc,stats    ] Pause Init Mark (N)                 180 us
[2026-04-03T02:50:05.281+0600][33.955s][info][gc,stats    ]   Update Region States               44 us
[2026-04-03T02:50:05.281+0600][33.955s][info][gc,stats    ] Concurrent Mark Roots              1908 us, parallelism: 2.04x
[2026-04-03T02:50:05.281+0600][33.955s][info][gc,stats    ]   CMR: <total>                     3896 us
[2026-04-03T02:50:05.281+0600][33.955s][info][gc,stats    ]   CMR: Thread Roots                3398 us, workers (us): 1273, 1269, 855, ---, ---, ---, 
[2026-04-03T02:50:05.281+0600][33.955s][info][gc,stats    ]   CMR: VM Strong Roots               80 us, workers (us):  50,  22,   8, ---, ---, ---, 
[2026-04-03T02:50:05.281+0600][33.955s][info][gc,stats    ]   CMR: CLDG Roots                   418 us, workers (us): ---, ---, 418, ---, ---, ---, 
[2026-04-03T02:50:05.281+0600][33.955s][info][gc,stats    ] Concurrent Marking                74627 us
[2026-04-03T02:50:05.281+0600][33.955s][info][gc,stats    ] Pause Final Mark (G)               1282 us
[2026-04-03T02:50:05.281+0600][33.955s][info][gc,stats    ] Pause Final Mark (N)                968 us
[2026-04-03T02:50:05.281+0600][33.955s][info][gc,stats    ]   Finish Mark                       347 us
[2026-04-03T02:50:05.281+0600][33.955s][info][gc,stats    ]   Update Region States               77 us
[2026-04-03T02:50:05.281+0600][33.955s][info][gc,stats    ]   Choose Collection Set             317 us
[2026-04-03T02:50:05.281+0600][33.955s][info][gc,stats    ]   Rebuild Free Set                   60 us
[2026-04-03T02:50:05.281+0600][33.955s][info][gc,stats    ] Concurrent Thread Roots            1450 us, parallelism: 2.13x
[2026-04-03T02:50:05.281+0600][33.955s][info][gc,stats    ]   CTR: <total>                     3093 us
[2026-04-03T02:50:05.281+0600][33.955s][info][gc,stats    ]   CTR: Thread Roots                3093 us, workers (us): 1053, 1014, 1025, ---, ---, ---, 
[2026-04-03T02:50:05.281+0600][33.955s][info][gc,stats    ] Concurrent Weak References          716 us, parallelism: 1.18x
[2026-04-03T02:50:05.281+0600][33.955s][info][gc,stats    ]   CWRF: <total>                     847 us
[2026-04-03T02:50:05.281+0600][33.955s][info][gc,stats    ]   CWRF: Weak References             847 us, workers (us): 247, 362, 238, ---, ---, ---, 
[2026-04-03T02:50:05.281+0600][33.955s][info][gc,stats    ] Concurrent Weak Roots              5499 us
[2026-04-03T02:50:05.281+0600][33.955s][info][gc,stats    ]   Roots                            5104 us, parallelism: 2.74x
[2026-04-03T02:50:05.281+0600][33.955s][info][gc,stats    ]     CWR: <total>                  13993 us
[2026-04-03T02:50:05.281+0600][33.955s][info][gc,stats    ]     CWR: Code Cache Roots         10062 us, workers (us): 3428, 3217, 3417, ---, ---, ---, 
[2026-04-03T02:50:05.281+0600][33.955s][info][gc,stats    ]     CWR: VM Weak Roots             3752 us, workers (us): 1251, 1252, 1249, ---, ---, ---, 
[2026-04-03T02:50:05.281+0600][33.955s][info][gc,stats    ]     CWR: CLDG Roots                 179 us, workers (us): ---, 179, ---, ---, ---, ---, 
[2026-04-03T02:50:05.281+0600][33.955s][info][gc,stats    ]   Rendezvous                        263 us
[2026-04-03T02:50:05.281+0600][33.955s][info][gc,stats    ] Concurrent Cleanup                 1106 us
[2026-04-03T02:50:05.281+0600][33.955s][info][gc,stats    ] Concurrent Class Unloading        19691 us
[2026-04-03T02:50:05.281+0600][33.955s][info][gc,stats    ]   Unlink Stale                    16397 us
[2026-04-03T02:50:05.281+0600][33.955s][info][gc,stats    ]     System Dictionary               276 us
[2026-04-03T02:50:05.282+0600][33.955s][info][gc,stats    ]     Weak Class Links                  0 us
[2026-04-03T02:50:05.282+0600][33.955s][info][gc,stats    ]     Code Roots                    16117 us
[2026-04-03T02:50:05.282+0600][33.955s][info][gc,stats    ]   Rendezvous                        390 us
[2026-04-03T02:50:05.282+0600][33.955s][info][gc,stats    ]   Purge Unlinked                   2784 us
[2026-04-03T02:50:05.282+0600][33.955s][info][gc,stats    ]     Code Roots                     2770 us
[2026-04-03T02:50:05.282+0600][33.955s][info][gc,stats    ]     CLDG                             13 us
[2026-04-03T02:50:05.282+0600][33.955s][info][gc,stats    ]     Exception Caches                  0 us
[2026-04-03T02:50:05.282+0600][33.955s][info][gc,stats    ] Concurrent Strong Roots            1108 us, parallelism: 0.66x
[2026-04-03T02:50:05.282+0600][33.955s][info][gc,stats    ]   CSR: <total>                      731 us
[2026-04-03T02:50:05.282+0600][33.955s][info][gc,stats    ]   CSR: VM Strong Roots               60 us, workers (us):  21,  24,  14, ---, ---, ---, 
[2026-04-03T02:50:05.282+0600][33.955s][info][gc,stats    ]   CSR: CLDG Roots                   671 us, workers (us): 671, ---, ---, ---, ---, ---, 
[2026-04-03T02:50:05.282+0600][33.955s][info][gc,stats    ] Concurrent Evacuation              3772 us
[2026-04-03T02:50:05.282+0600][33.955s][info][gc,stats    ] Pause Init Update Refs (G)          521 us
[2026-04-03T02:50:05.282+0600][33.956s][info][gc,stats    ] Pause Init Update Refs (N)          220 us
[2026-04-03T02:50:05.282+0600][33.956s][info][gc,stats    ]   Manage GCLABs                      70 us
[2026-04-03T02:50:05.282+0600][33.956s][info][gc,stats    ] Concurrent Update Refs            48104 us
[2026-04-03T02:50:05.282+0600][33.956s][info][gc,stats    ] Concurrent Update Thread Roots     3280 us
[2026-04-03T02:50:05.282+0600][33.956s][info][gc,stats    ] Pause Final Update Refs (G)        3666 us
[2026-04-03T02:50:05.282+0600][33.956s][info][gc,stats    ] Pause Final Update Refs (N)         331 us
[2026-04-03T02:50:05.282+0600][33.956s][info][gc,stats    ]   Update Region States              101 us
[2026-04-03T02:50:05.282+0600][33.956s][info][gc,stats    ]   Trash Collection Set               20 us
[2026-04-03T02:50:05.282+0600][33.956s][info][gc,stats    ]   Rebuild Free Set                   67 us
[2026-04-03T02:50:05.282+0600][33.956s][info][gc,stats    ] Concurrent Cleanup                 1064 us
[2026-04-03T02:50:05.282+0600][33.956s][info][gc,stats    ] 
[2026-04-03T02:50:05.282+0600][33.956s][info][gc,stats    ] Allocation pacing accrued:
[2026-04-03T02:50:05.282+0600][33.956s][info][gc,stats    ]       0 of   480 ms (  0.0%): <total>
[2026-04-03T02:50:05.282+0600][33.956s][info][gc,stats    ]       0 of   480 ms (  0.0%): <average total>
[2026-04-03T02:50:05.282+0600][33.956s][info][gc,stats    ] 
[2026-04-03T02:50:05.283+0600][33.956s][info][gc,metaspace] Metaspace: 130029K(131264K)->130051K(131264K) NonClass: 113590K(114240K)->113612K(114240K) Class: 16438K(17024K)->16439K(17024K)
[2026-04-03T02:50:05.283+0600][33.956s][info][gc,ergo     ] Pacer for Idle. Initial: 40960K, Alloc Tax Rate: 1.0x
[2026-04-03T02:50:07.083+0600][35.757s][info][gc          ] Trigger: Average GC time (224.84 ms) is above the time for average allocation rate (817 MB/s) to deplete free headroom (182M) (margin of error = 1.81)
[2026-04-03T02:50:07.083+0600][35.757s][info][gc,ergo     ] Free headroom: 282M (free) - 100M (spike) - 0B (penalties) = 182M
[2026-04-03T02:50:07.083+0600][35.757s][info][gc,ergo     ] Free: 282M, Max: 512K regular, 282M humongous, Frag: 0% external, 0% internal; Reserve: 100M, Max: 512K
[2026-04-03T02:50:07.084+0600][35.757s][info][gc,start    ] GC(15) Concurrent reset
[2026-04-03T02:50:07.084+0600][35.757s][info][gc,task     ] GC(15) Using 3 of 6 workers for concurrent reset
[2026-04-03T02:50:07.084+0600][35.757s][info][gc,ergo     ] GC(15) Pacer for Reset. Non-Taxable: 2000M
[2026-04-03T02:50:07.086+0600][35.760s][info][gc          ] GC(15) Concurrent reset 2.582ms
[2026-04-03T02:50:07.087+0600][35.760s][info][gc,start    ] GC(15) Pause Init Mark (unload classes)
[2026-04-03T02:50:07.087+0600][35.760s][info][gc,task     ] GC(15) Using 6 of 6 workers for init marking
[2026-04-03T02:50:07.087+0600][35.760s][info][gc,ergo     ] GC(15) Pacer for Mark. Expected Live: 87778K, Free: 276M, Non-Taxable: 28297K, Alloc Tax Rate: 0.4x
[2026-04-03T02:50:07.087+0600][35.761s][info][gc          ] GC(15) Pause Init Mark (unload classes) 0.154ms
[2026-04-03T02:50:07.087+0600][35.761s][info][gc,start    ] GC(15) Concurrent marking roots
[2026-04-03T02:50:07.087+0600][35.761s][info][gc,task     ] GC(15) Using 3 of 6 workers for concurrent marking roots
[2026-04-03T02:50:07.089+0600][35.763s][info][gc          ] GC(15) Concurrent marking roots 2.104ms
[2026-04-03T02:50:07.089+0600][35.763s][info][gc,start    ] GC(15) Concurrent marking (unload classes)
[2026-04-03T02:50:07.089+0600][35.763s][info][gc,task     ] GC(15) Using 3 of 6 workers for concurrent marking
[2026-04-03T02:50:07.153+0600][35.827s][info][gc          ] GC(15) Concurrent marking (unload classes) 63.729ms
[2026-04-03T02:50:07.153+0600][35.827s][info][gc,start    ] GC(15) Pause Final Mark (unload classes)
[2026-04-03T02:50:07.153+0600][35.827s][info][gc,task     ] GC(15) Using 6 of 6 workers for final marking
[2026-04-03T02:50:07.154+0600][35.828s][info][gc,ergo     ] GC(15) Adaptive CSet Selection. Target Free: 283M, Actual Free: 1421M, Max CSet: 85333K, Min Garbage: 0B
[2026-04-03T02:50:07.154+0600][35.828s][info][gc,ergo     ] GC(15) Collectable Garbage: 1392M (99%), Immediate: 1086M (77%), CSet: 305M (21%)
[2026-04-03T02:50:07.154+0600][35.828s][info][gc,ergo     ] GC(15) Pacer for Evacuation. Used CSet: 315M, Free: 1455M, Non-Taxable: 145M, Alloc Tax Rate: 1.1x
[2026-04-03T02:50:07.154+0600][35.828s][info][gc          ] GC(15) Pause Final Mark (unload classes) 1.171ms
[2026-04-03T02:50:07.154+0600][35.828s][info][gc,start    ] GC(15) Concurrent thread roots
[2026-04-03T02:50:07.154+0600][35.828s][info][gc,task     ] GC(15) Using 3 of 6 workers for Concurrent thread roots
[2026-04-03T02:50:07.156+0600][35.830s][info][gc          ] GC(15) Concurrent thread roots 1.426ms
[2026-04-03T02:50:07.156+0600][35.830s][info][gc,start    ] GC(15) Concurrent weak references
[2026-04-03T02:50:07.156+0600][35.830s][info][gc,task     ] GC(15) Using 3 of 6 workers for concurrent weak references
[2026-04-03T02:50:07.157+0600][35.831s][info][gc,ref      ] GC(15) Encountered references: Soft: 3872, Weak: 16633, Final: 84, Phantom: 621
[2026-04-03T02:50:07.157+0600][35.831s][info][gc,ref      ] GC(15) Discovered  references: Soft: 0, Weak: 9174, Final: 52, Phantom: 223
[2026-04-03T02:50:07.157+0600][35.831s][info][gc,ref      ] GC(15) Enqueued    references: Soft: 0, Weak: 1855, Final: 0, Phantom: 0
[2026-04-03T02:50:07.157+0600][35.831s][info][gc          ] GC(15) Concurrent weak references 1.183ms
[2026-04-03T02:50:07.157+0600][35.831s][info][gc,start    ] GC(15) Concurrent weak roots
[2026-04-03T02:50:07.157+0600][35.831s][info][gc,task     ] GC(15) Using 3 of 6 workers for concurrent weak root
[2026-04-03T02:50:07.163+0600][35.837s][info][gc          ] GC(15) Concurrent weak roots 5.947ms
[2026-04-03T02:50:07.163+0600][35.837s][info][gc,start    ] GC(15) Concurrent cleanup
[2026-04-03T02:50:07.164+0600][35.838s][info][gc          ] GC(15) Concurrent cleanup 1529M->443M(1695M) 1.302ms
[2026-04-03T02:50:07.165+0600][35.838s][info][gc,ergo     ] GC(15) Free: 1448M, Max: 512K regular, 229M humongous, Frag: 85% external, 0% internal; Reserve: 101841K, Max: 512K
[2026-04-03T02:50:07.165+0600][35.838s][info][gc,start    ] GC(15) Concurrent class unloading
[2026-04-03T02:50:07.165+0600][35.838s][info][gc,task     ] GC(15) Using 3 of 6 workers for concurrent class unloading
[2026-04-03T02:50:07.192+0600][35.866s][info][gc          ] GC(15) Concurrent class unloading 27.628ms
[2026-04-03T02:50:07.192+0600][35.866s][info][gc,start    ] GC(15) Concurrent strong roots
[2026-04-03T02:50:07.192+0600][35.866s][info][gc,task     ] GC(15) Using 3 of 6 workers for concurrent strong root
[2026-04-03T02:50:07.194+0600][35.868s][info][gc          ] GC(15) Concurrent strong roots 1.808ms
[2026-04-03T02:50:07.194+0600][35.868s][info][gc,start    ] GC(15) Concurrent evacuation
[2026-04-03T02:50:07.194+0600][35.868s][info][gc,task     ] GC(15) Using 3 of 6 workers for concurrent evacuation
[2026-04-03T02:50:07.202+0600][35.876s][info][gc          ] GC(15) Concurrent evacuation 7.528ms
[2026-04-03T02:50:07.202+0600][35.876s][info][gc,start    ] GC(15) Pause Init Update Refs
[2026-04-03T02:50:07.202+0600][35.876s][info][gc,ergo     ] GC(15) Pacer for Update Refs. Used: 463M, Free: 1438M, Non-Taxable: 143M, Alloc Tax Rate: 1.1x
[2026-04-03T02:50:07.202+0600][35.876s][info][gc          ] GC(15) Pause Init Update Refs 0.129ms
[2026-04-03T02:50:07.202+0600][35.876s][info][gc,start    ] GC(15) Concurrent update references
[2026-04-03T02:50:07.202+0600][35.876s][info][gc,task     ] GC(15) Using 3 of 6 workers for concurrent reference update
[2026-04-03T02:50:07.257+0600][35.930s][info][gc          ] GC(15) Concurrent update references 54.221ms
[2026-04-03T02:50:07.257+0600][35.931s][info][gc,start    ] GC(15) Concurrent update thread roots
[2026-04-03T02:50:07.258+0600][35.932s][info][gc          ] GC(15) Concurrent update thread roots 1.770ms
[2026-04-03T02:50:07.259+0600][35.933s][info][gc,start    ] GC(15) Pause Final Update Refs
[2026-04-03T02:50:07.259+0600][35.933s][info][gc,task     ] GC(15) Using 6 of 6 workers for final reference update
[2026-04-03T02:50:07.259+0600][35.933s][info][gc          ] GC(15) Pause Final Update Refs 0.428ms
[2026-04-03T02:50:07.259+0600][35.933s][info][gc,start    ] GC(15) Concurrent cleanup
[2026-04-03T02:50:07.260+0600][35.934s][info][gc          ] GC(15) Concurrent cleanup 499M->184M(1695M) 0.389ms
[2026-04-03T02:50:07.260+0600][35.934s][info][gc,ergo     ] Free: 1702M, Max: 512K regular, 1109M humongous, Frag: 35% external, 0% internal; Reserve: 100M, Max: 512K
[2026-04-03T02:50:07.260+0600][35.934s][info][gc,stats    ] 
[2026-04-03T02:50:07.260+0600][35.934s][info][gc,stats    ] All times are wall-clock times, except per-root-class counters, that are sum over
[2026-04-03T02:50:07.260+0600][35.934s][info][gc,stats    ] all workers. Dividing the <total> over the root stage time estimates parallelism.
[2026-04-03T02:50:07.260+0600][35.934s][info][gc,stats    ] 
[2026-04-03T02:50:07.260+0600][35.934s][info][gc,stats    ] Concurrent Reset                   2661 us
[2026-04-03T02:50:07.260+0600][35.934s][info][gc,stats    ] Pause Init Mark (G)                 766 us
[2026-04-03T02:50:07.260+0600][35.934s][info][gc,stats    ] Pause Init Mark (N)                 165 us
[2026-04-03T02:50:07.260+0600][35.934s][info][gc,stats    ]   Update Region States               50 us
[2026-04-03T02:50:07.260+0600][35.934s][info][gc,stats    ] Concurrent Mark Roots              2183 us, parallelism: 1.95x
[2026-04-03T02:50:07.260+0600][35.934s][info][gc,stats    ]   CMR: <total>                     4252 us
[2026-04-03T02:50:07.260+0600][35.934s][info][gc,stats    ]   CMR: Thread Roots                3582 us, workers (us): 838, 1454, 1289, ---, ---, ---, 
[2026-04-03T02:50:07.260+0600][35.934s][info][gc,stats    ]   CMR: VM Strong Roots               71 us, workers (us):  44,  26,   1, ---, ---, ---, 
[2026-04-03T02:50:07.260+0600][35.934s][info][gc,stats    ]   CMR: CLDG Roots                   599 us, workers (us): 599, ---, ---, ---, ---, ---, 
[2026-04-03T02:50:07.260+0600][35.934s][info][gc,stats    ] Concurrent Marking                63817 us
[2026-04-03T02:50:07.260+0600][35.934s][info][gc,stats    ] Pause Final Mark (G)               1461 us
[2026-04-03T02:50:07.260+0600][35.934s][info][gc,stats    ] Pause Final Mark (N)               1187 us
[2026-04-03T02:50:07.260+0600][35.934s][info][gc,stats    ]   Finish Mark                       305 us
[2026-04-03T02:50:07.260+0600][35.934s][info][gc,stats    ]   Update Region States              111 us
[2026-04-03T02:50:07.260+0600][35.934s][info][gc,stats    ]   Choose Collection Set             553 us
[2026-04-03T02:50:07.260+0600][35.934s][info][gc,stats    ]   Rebuild Free Set                   89 us
[2026-04-03T02:50:07.260+0600][35.934s][info][gc,stats    ] Concurrent Thread Roots            1481 us, parallelism: 2.23x
[2026-04-03T02:50:07.260+0600][35.934s][info][gc,stats    ]   CTR: <total>                     3301 us
[2026-04-03T02:50:07.260+0600][35.934s][info][gc,stats    ]   CTR: Thread Roots                3301 us, workers (us): 1157, 1068, 1076, ---, ---, ---, 
[2026-04-03T02:50:07.260+0600][35.934s][info][gc,stats    ] Concurrent Weak References         1198 us, parallelism: 1.41x
[2026-04-03T02:50:07.260+0600][35.934s][info][gc,stats    ]   CWRF: <total>                    1685 us
[2026-04-03T02:50:07.260+0600][35.934s][info][gc,stats    ]   CWRF: Weak References            1685 us, workers (us): 975, 426, 283, ---, ---, ---, 
[2026-04-03T02:50:07.260+0600][35.934s][info][gc,stats    ] Concurrent Weak Roots              6036 us
[2026-04-03T02:50:07.260+0600][35.934s][info][gc,stats    ]   Roots                            5500 us, parallelism: 2.73x
[2026-04-03T02:50:07.260+0600][35.934s][info][gc,stats    ]     CWR: <total>                  15032 us
[2026-04-03T02:50:07.260+0600][35.934s][info][gc,stats    ]     CWR: Code Cache Roots         12086 us, workers (us): 4051, 4021, 4015, ---, ---, ---, 
[2026-04-03T02:50:07.260+0600][35.934s][info][gc,stats    ]     CWR: VM Weak Roots             2741 us, workers (us): 932, 923, 886, ---, ---, ---, 
[2026-04-03T02:50:07.260+0600][35.934s][info][gc,stats    ]     CWR: CLDG Roots                 204 us, workers (us): ---, ---, 204, ---, ---, ---, 
[2026-04-03T02:50:07.260+0600][35.934s][info][gc,stats    ]   Rendezvous                        415 us
[2026-04-03T02:50:07.260+0600][35.934s][info][gc,stats    ] Concurrent Cleanup                 1336 us
[2026-04-03T02:50:07.260+0600][35.934s][info][gc,stats    ] Concurrent Class Unloading        27741 us
[2026-04-03T02:50:07.260+0600][35.934s][info][gc,stats    ]   Unlink Stale                    14487 us
[2026-04-03T02:50:07.260+0600][35.934s][info][gc,stats    ]     System Dictionary               306 us
[2026-04-03T02:50:07.260+0600][35.934s][info][gc,stats    ]     Weak Class Links                  0 us
[2026-04-03T02:50:07.260+0600][35.934s][info][gc,stats    ]     Code Roots                    14176 us
[2026-04-03T02:50:07.260+0600][35.934s][info][gc,stats    ]   Rendezvous                        384 us
[2026-04-03T02:50:07.260+0600][35.934s][info][gc,stats    ]   Purge Unlinked                  12714 us
[2026-04-03T02:50:07.260+0600][35.934s][info][gc,stats    ]     Code Roots                    12661 us
[2026-04-03T02:50:07.260+0600][35.934s][info][gc,stats    ]     CLDG                             50 us
[2026-04-03T02:50:07.260+0600][35.934s][info][gc,stats    ]     Exception Caches                  1 us
[2026-04-03T02:50:07.260+0600][35.934s][info][gc,stats    ] Concurrent Strong Roots            1914 us, parallelism: 0.63x
[2026-04-03T02:50:07.260+0600][35.934s][info][gc,stats    ]   CSR: <total>                     1207 us
[2026-04-03T02:50:07.260+0600][35.934s][info][gc,stats    ]   CSR: VM Strong Roots               58 us, workers (us):  56,   1,   2, ---, ---, ---, 
[2026-04-03T02:50:07.260+0600][35.934s][info][gc,stats    ]   CSR: CLDG Roots                  1149 us, workers (us): 1149, ---, ---, ---, ---, ---, 
[2026-04-03T02:50:07.260+0600][35.934s][info][gc,stats    ] Concurrent Evacuation              7648 us
[2026-04-03T02:50:07.260+0600][35.934s][info][gc,stats    ] Pause Init Update Refs (G)          502 us
[2026-04-03T02:50:07.260+0600][35.934s][info][gc,stats    ] Pause Init Update Refs (N)          142 us
[2026-04-03T02:50:07.260+0600][35.934s][info][gc,stats    ]   Manage GCLABs                      45 us
[2026-04-03T02:50:07.260+0600][35.934s][info][gc,stats    ] Concurrent Update Refs            54316 us
[2026-04-03T02:50:07.260+0600][35.934s][info][gc,stats    ] Concurrent Update Thread Roots     1811 us
[2026-04-03T02:50:07.260+0600][35.934s][info][gc,stats    ] Pause Final Update Refs (G)         797 us
[2026-04-03T02:50:07.260+0600][35.934s][info][gc,stats    ] Pause Final Update Refs (N)         475 us
[2026-04-03T02:50:07.260+0600][35.934s][info][gc,stats    ]   Update Region States              162 us
[2026-04-03T02:50:07.260+0600][35.934s][info][gc,stats    ]   Trash Collection Set               61 us
[2026-04-03T02:50:07.260+0600][35.934s][info][gc,stats    ]   Rebuild Free Set                   63 us
[2026-04-03T02:50:07.260+0600][35.934s][info][gc,stats    ] Concurrent Cleanup                  432 us
[2026-04-03T02:50:07.260+0600][35.934s][info][gc,stats    ] Pacing                            36047 us
[2026-04-03T02:50:07.260+0600][35.934s][info][gc,stats    ] 
[2026-04-03T02:50:07.261+0600][35.934s][info][gc,stats    ] Allocation pacing accrued:
[2026-04-03T02:50:07.261+0600][35.934s][info][gc,stats    ]       9 of  1978 ms (  0.5%): Executor task launch worker for task 0.0 in stage 538.0 (TID 1177)
[2026-04-03T02:50:07.261+0600][35.934s][info][gc,stats    ]       9 of  1978 ms (  0.4%): Executor task launch worker for task 2.0 in stage 538.0 (TID 1179)
[2026-04-03T02:50:07.261+0600][35.934s][info][gc,stats    ]       9 of  1978 ms (  0.5%): task-result-getter-0
[2026-04-03T02:50:07.261+0600][35.934s][info][gc,stats    ]       9 of  1978 ms (  0.4%): task-result-getter-3
[2026-04-03T02:50:07.261+0600][35.934s][info][gc,stats    ]      36 of  1978 ms (  1.8%): <total>
[2026-04-03T02:50:07.261+0600][35.934s][info][gc,stats    ]       0 of  1978 ms (  0.0%): <average total>
[2026-04-03T02:50:07.261+0600][35.934s][info][gc,stats    ]       9 of  1978 ms (  0.5%): <average non-zero>
[2026-04-03T02:50:07.261+0600][35.934s][info][gc,stats    ] 
[2026-04-03T02:50:07.261+0600][35.934s][info][gc,metaspace] Metaspace: 130265K(131456K)->130265K(131456K) NonClass: 113811K(114432K)->113811K(114432K) Class: 16453K(17024K)->16453K(17024K)
[2026-04-03T02:50:07.261+0600][35.934s][info][gc,ergo     ] Pacer for Idle. Initial: 40960K, Alloc Tax Rate: 1.0x
[2026-04-03T02:50:08.464+0600][37.138s][info][gc          ] Trigger: Average GC time (211.04 ms) is above the time for average allocation rate (1079 MB/s) to deplete free headroom (221M) (margin of error = 1.81)
[2026-04-03T02:50:08.464+0600][37.138s][info][gc,ergo     ] Free headroom: 321M (free) - 100M (spike) - 0B (penalties) = 221M
[2026-04-03T02:50:08.464+0600][37.138s][info][gc,ergo     ] Free: 321M, Max: 512K regular, 228M humongous, Frag: 29% external, 0% internal; Reserve: 100M, Max: 512K
[2026-04-03T02:50:08.464+0600][37.138s][info][gc,start    ] GC(16) Concurrent reset
[2026-04-03T02:50:08.464+0600][37.138s][info][gc,task     ] GC(16) Using 3 of 6 workers for concurrent reset
[2026-04-03T02:50:08.464+0600][37.138s][info][gc,ergo     ] GC(16) Pacer for Reset. Non-Taxable: 2000M
[2026-04-03T02:50:08.469+0600][37.143s][info][gc          ] GC(16) Concurrent reset 4.570ms
[2026-04-03T02:50:08.470+0600][37.143s][info][gc,start    ] GC(16) Pause Init Mark (unload classes)
[2026-04-03T02:50:08.470+0600][37.144s][info][gc,task     ] GC(16) Using 6 of 6 workers for init marking
[2026-04-03T02:50:08.470+0600][37.144s][info][gc,ergo     ] GC(16) Pacer for Mark. Expected Live: 89080K, Free: 287M, Non-Taxable: 29396K, Alloc Tax Rate: 0.4x
[2026-04-03T02:50:08.470+0600][37.144s][info][gc          ] GC(16) Pause Init Mark (unload classes) 0.243ms
[2026-04-03T02:50:08.470+0600][37.144s][info][gc,start    ] GC(16) Concurrent marking roots
[2026-04-03T02:50:08.470+0600][37.144s][info][gc,task     ] GC(16) Using 3 of 6 workers for concurrent marking roots
[2026-04-03T02:50:08.472+0600][37.146s][info][gc          ] GC(16) Concurrent marking roots 1.970ms
[2026-04-03T02:50:08.472+0600][37.146s][info][gc,start    ] GC(16) Concurrent marking (unload classes)
[2026-04-03T02:50:08.472+0600][37.146s][info][gc,task     ] GC(16) Using 3 of 6 workers for concurrent marking
[2026-04-03T02:50:08.533+0600][37.207s][info][gc          ] GC(16) Concurrent marking (unload classes) 61.063ms
[2026-04-03T02:50:08.533+0600][37.207s][info][gc,start    ] GC(16) Pause Final Mark (unload classes)
[2026-04-03T02:50:08.533+0600][37.207s][info][gc,task     ] GC(16) Using 6 of 6 workers for final marking
[2026-04-03T02:50:08.534+0600][37.208s][info][gc,ergo     ] GC(16) Adaptive CSet Selection. Target Free: 283M, Actual Free: 1471M, Max CSet: 85333K, Min Garbage: 0B
[2026-04-03T02:50:08.534+0600][37.208s][info][gc,ergo     ] GC(16) Collectable Garbage: 1372M (99%), Immediate: 1128M (81%), CSet: 244M (17%)
[2026-04-03T02:50:08.534+0600][37.208s][info][gc,ergo     ] GC(16) Pacer for Evacuation. Used CSet: 255M, Free: 1506M, Non-Taxable: 150M, Alloc Tax Rate: 1.1x
[2026-04-03T02:50:08.534+0600][37.208s][info][gc          ] GC(16) Pause Final Mark (unload classes) 0.847ms
[2026-04-03T02:50:08.534+0600][37.208s][info][gc,start    ] GC(16) Concurrent thread roots
[2026-04-03T02:50:08.534+0600][37.208s][info][gc,task     ] GC(16) Using 3 of 6 workers for Concurrent thread roots
[2026-04-03T02:50:08.535+0600][37.209s][info][gc          ] GC(16) Concurrent thread roots 1.166ms
[2026-04-03T02:50:08.535+0600][37.209s][info][gc,start    ] GC(16) Concurrent weak references
[2026-04-03T02:50:08.535+0600][37.209s][info][gc,task     ] GC(16) Using 3 of 6 workers for concurrent weak references
[2026-04-03T02:50:08.537+0600][37.211s][info][gc,ref      ] GC(16) Encountered references: Soft: 3871, Weak: 16903, Final: 84, Phantom: 627
[2026-04-03T02:50:08.537+0600][37.211s][info][gc,ref      ] GC(16) Discovered  references: Soft: 0, Weak: 10829, Final: 68, Phantom: 600
[2026-04-03T02:50:08.537+0600][37.211s][info][gc,ref      ] GC(16) Enqueued    references: Soft: 0, Weak: 2315, Final: 0, Phantom: 0
[2026-04-03T02:50:08.537+0600][37.211s][info][gc          ] GC(16) Concurrent weak references 1.454ms
[2026-04-03T02:50:08.537+0600][37.211s][info][gc,start    ] GC(16) Concurrent weak roots
[2026-04-03T02:50:08.537+0600][37.211s][info][gc,task     ] GC(16) Using 3 of 6 workers for concurrent weak root
[2026-04-03T02:50:08.542+0600][37.216s][info][gc          ] GC(16) Concurrent weak roots 4.862ms
[2026-04-03T02:50:08.542+0600][37.216s][info][gc,start    ] GC(16) Concurrent cleanup
[2026-04-03T02:50:08.543+0600][37.217s][info][gc          ] GC(16) Concurrent cleanup 1515M->389M(1695M) 1.254ms
[2026-04-03T02:50:08.543+0600][37.217s][info][gc,ergo     ] GC(16) Free: 1501M, Max: 512K regular, 228M humongous, Frag: 85% external, 0% internal; Reserve: 101793K, Max: 512K
[2026-04-03T02:50:08.543+0600][37.217s][info][gc,start    ] GC(16) Concurrent class unloading
[2026-04-03T02:50:08.543+0600][37.217s][info][gc,task     ] GC(16) Using 3 of 6 workers for concurrent class unloading
[2026-04-03T02:50:08.570+0600][37.244s][info][gc          ] GC(16) Concurrent class unloading 26.403ms
[2026-04-03T02:50:08.570+0600][37.244s][info][gc,start    ] GC(16) Concurrent strong roots
[2026-04-03T02:50:08.570+0600][37.244s][info][gc,task     ] GC(16) Using 3 of 6 workers for concurrent strong root
[2026-04-03T02:50:08.572+0600][37.245s][info][gc          ] GC(16) Concurrent strong roots 1.688ms
[2026-04-03T02:50:08.572+0600][37.245s][info][gc,start    ] GC(16) Concurrent evacuation
[2026-04-03T02:50:08.572+0600][37.245s][info][gc,task     ] GC(16) Using 3 of 6 workers for concurrent evacuation
[2026-04-03T02:50:08.579+0600][37.252s][info][gc          ] GC(16) Concurrent evacuation 6.970ms
[2026-04-03T02:50:08.579+0600][37.253s][info][gc,start    ] GC(16) Pause Init Update Refs
[2026-04-03T02:50:08.579+0600][37.253s][info][gc,ergo     ] GC(16) Pacer for Update Refs. Used: 428M, Free: 1473M, Non-Taxable: 147M, Alloc Tax Rate: 1.1x
[2026-04-03T02:50:08.579+0600][37.253s][info][gc          ] GC(16) Pause Init Update Refs 0.134ms
[2026-04-03T02:50:08.579+0600][37.253s][info][gc,start    ] GC(16) Concurrent update references
[2026-04-03T02:50:08.579+0600][37.253s][info][gc,task     ] GC(16) Using 3 of 6 workers for concurrent reference update
[2026-04-03T02:50:08.621+0600][37.295s][info][gc          ] GC(16) Concurrent update references 41.998ms
[2026-04-03T02:50:08.621+0600][37.295s][info][gc,start    ] GC(16) Concurrent update thread roots
[2026-04-03T02:50:08.623+0600][37.297s][info][gc          ] GC(16) Concurrent update thread roots 1.809ms
[2026-04-03T02:50:08.623+0600][37.297s][info][gc,start    ] GC(16) Pause Final Update Refs
[2026-04-03T02:50:08.623+0600][37.297s][info][gc,task     ] GC(16) Using 6 of 6 workers for final reference update
[2026-04-03T02:50:08.624+0600][37.297s][info][gc          ] GC(16) Pause Final Update Refs 0.275ms
[2026-04-03T02:50:08.624+0600][37.298s][info][gc,start    ] GC(16) Concurrent cleanup
[2026-04-03T02:50:08.625+0600][37.299s][info][gc          ] GC(16) Concurrent cleanup 442M->187M(1696M) 0.936ms
[2026-04-03T02:50:08.625+0600][37.299s][info][gc,ergo     ] Free: 1700M, Max: 512K regular, 1047M humongous, Frag: 39% external, 0% internal; Reserve: 100M, Max: 512K
[2026-04-03T02:50:08.625+0600][37.299s][info][gc,stats    ] 
[2026-04-03T02:50:08.625+0600][37.299s][info][gc,stats    ] All times are wall-clock times, except per-root-class counters, that are sum over
[2026-04-03T02:50:08.625+0600][37.299s][info][gc,stats    ] all workers. Dividing the <total> over the root stage time estimates parallelism.
[2026-04-03T02:50:08.625+0600][37.299s][info][gc,stats    ] 
[2026-04-03T02:50:08.625+0600][37.299s][info][gc,stats    ] Concurrent Reset                   4647 us
[2026-04-03T02:50:08.625+0600][37.299s][info][gc,stats    ] Pause Init Mark (G)                1049 us
[2026-04-03T02:50:08.625+0600][37.299s][info][gc,stats    ] Pause Init Mark (N)                 257 us
[2026-04-03T02:50:08.625+0600][37.299s][info][gc,stats    ]   Update Region States               74 us
[2026-04-03T02:50:08.625+0600][37.299s][info][gc,stats    ] Concurrent Mark Roots              2029 us, parallelism: 1.86x
[2026-04-03T02:50:08.625+0600][37.299s][info][gc,stats    ]   CMR: <total>                     3782 us
[2026-04-03T02:50:08.625+0600][37.299s][info][gc,stats    ]   CMR: Thread Roots                3149 us, workers (us): 1210, 731, 1208, ---, ---, ---, 
[2026-04-03T02:50:08.625+0600][37.299s][info][gc,stats    ]   CMR: VM Strong Roots              105 us, workers (us):  68,  36,   1, ---, ---, ---, 
[2026-04-03T02:50:08.625+0600][37.299s][info][gc,stats    ]   CMR: CLDG Roots                   528 us, workers (us): ---, 528, ---, ---, ---, ---, 
[2026-04-03T02:50:08.625+0600][37.299s][info][gc,stats    ] Concurrent Marking                61137 us
[2026-04-03T02:50:08.625+0600][37.299s][info][gc,stats    ] Pause Final Mark (G)               1056 us
[2026-04-03T02:50:08.625+0600][37.299s][info][gc,stats    ] Pause Final Mark (N)                858 us
[2026-04-03T02:50:08.625+0600][37.299s][info][gc,stats    ]   Finish Mark                       316 us
[2026-04-03T02:50:08.625+0600][37.299s][info][gc,stats    ]   Update Region States               74 us
[2026-04-03T02:50:08.625+0600][37.299s][info][gc,stats    ]   Choose Collection Set             270 us
[2026-04-03T02:50:08.625+0600][37.299s][info][gc,stats    ]   Rebuild Free Set                   51 us
[2026-04-03T02:50:08.625+0600][37.299s][info][gc,stats    ] Concurrent Thread Roots            1216 us, parallelism: 2.15x
[2026-04-03T02:50:08.625+0600][37.299s][info][gc,stats    ]   CTR: <total>                     2615 us
[2026-04-03T02:50:08.625+0600][37.299s][info][gc,stats    ]   CTR: Thread Roots                2615 us, workers (us): 890, 865, 861, ---, ---, ---, 
[2026-04-03T02:50:08.625+0600][37.299s][info][gc,stats    ] Concurrent Weak References         1463 us, parallelism: 1.27x
[2026-04-03T02:50:08.625+0600][37.299s][info][gc,stats    ]   CWRF: <total>                    1864 us
[2026-04-03T02:50:08.625+0600][37.299s][info][gc,stats    ]   CWRF: Weak References            1864 us, workers (us): 1211, 652,   1, ---, ---, ---, 
[2026-04-03T02:50:08.625+0600][37.299s][info][gc,stats    ] Concurrent Weak Roots              4964 us
[2026-04-03T02:50:08.625+0600][37.299s][info][gc,stats    ]   Roots                            4450 us, parallelism: 2.74x
[2026-04-03T02:50:08.625+0600][37.299s][info][gc,stats    ]     CWR: <total>                  12206 us
[2026-04-03T02:50:08.625+0600][37.299s][info][gc,stats    ]     CWR: Code Cache Roots          9791 us, workers (us): 3101, 3319, 3371, ---, ---, ---, 
[2026-04-03T02:50:08.625+0600][37.299s][info][gc,stats    ]     CWR: VM Weak Roots             2255 us, workers (us): 772, 745, 737, ---, ---, ---, 
[2026-04-03T02:50:08.625+0600][37.299s][info][gc,stats    ]     CWR: CLDG Roots                 161 us, workers (us): 161, ---, ---, ---, ---, ---, 
[2026-04-03T02:50:08.625+0600][37.299s][info][gc,stats    ]   Rendezvous                        389 us
[2026-04-03T02:50:08.625+0600][37.299s][info][gc,stats    ] Concurrent Cleanup                 1350 us
[2026-04-03T02:50:08.625+0600][37.299s][info][gc,stats    ] Concurrent Class Unloading        26517 us
[2026-04-03T02:50:08.625+0600][37.299s][info][gc,stats    ]   Unlink Stale                    17075 us
[2026-04-03T02:50:08.625+0600][37.299s][info][gc,stats    ]     System Dictionary               375 us
[2026-04-03T02:50:08.625+0600][37.299s][info][gc,stats    ]     Weak Class Links                  1 us
[2026-04-03T02:50:08.625+0600][37.299s][info][gc,stats    ]     Code Roots                    16693 us
[2026-04-03T02:50:08.625+0600][37.299s][info][gc,stats    ]   Rendezvous                       2348 us
[2026-04-03T02:50:08.625+0600][37.299s][info][gc,stats    ]   Purge Unlinked                   6945 us
[2026-04-03T02:50:08.625+0600][37.299s][info][gc,stats    ]     Code Roots                     6888 us
[2026-04-03T02:50:08.625+0600][37.299s][info][gc,stats    ]     CLDG                             55 us
[2026-04-03T02:50:08.625+0600][37.299s][info][gc,stats    ]     Exception Caches                  0 us
[2026-04-03T02:50:08.625+0600][37.299s][info][gc,stats    ] Concurrent Strong Roots            1759 us, parallelism: 0.73x
[2026-04-03T02:50:08.625+0600][37.299s][info][gc,stats    ]   CSR: <total>                     1284 us
[2026-04-03T02:50:08.625+0600][37.299s][info][gc,stats    ]   CSR: VM Strong Roots               78 us, workers (us):  65,  12,   1, ---, ---, ---, 
[2026-04-03T02:50:08.625+0600][37.299s][info][gc,stats    ]   CSR: CLDG Roots                  1205 us, workers (us): ---, 1205, ---, ---, ---, ---, 
[2026-04-03T02:50:08.625+0600][37.299s][info][gc,stats    ] Concurrent Evacuation              7075 us
[2026-04-03T02:50:08.625+0600][37.299s][info][gc,stats    ] Pause Init Update Refs (G)          509 us
[2026-04-03T02:50:08.625+0600][37.299s][info][gc,stats    ] Pause Init Update Refs (N)          150 us
[2026-04-03T02:50:08.625+0600][37.299s][info][gc,stats    ]   Manage GCLABs                      64 us
[2026-04-03T02:50:08.625+0600][37.299s][info][gc,stats    ] Concurrent Update Refs            42088 us
[2026-04-03T02:50:08.625+0600][37.299s][info][gc,stats    ] Concurrent Update Thread Roots     1877 us
[2026-04-03T02:50:08.625+0600][37.299s][info][gc,stats    ] Pause Final Update Refs (G)         663 us
[2026-04-03T02:50:08.625+0600][37.299s][info][gc,stats    ] Pause Final Update Refs (N)         310 us
[2026-04-03T02:50:08.625+0600][37.299s][info][gc,stats    ]   Update Region States               91 us
[2026-04-03T02:50:08.625+0600][37.299s][info][gc,stats    ]   Trash Collection Set               32 us
[2026-04-03T02:50:08.625+0600][37.299s][info][gc,stats    ]   Rebuild Free Set                   64 us
[2026-04-03T02:50:08.626+0600][37.299s][info][gc,stats    ] Concurrent Cleanup                  977 us
[2026-04-03T02:50:08.626+0600][37.299s][info][gc,stats    ] Pacing                            75625 us
[2026-04-03T02:50:08.626+0600][37.299s][info][gc,stats    ] 
[2026-04-03T02:50:08.626+0600][37.299s][info][gc,stats    ] Allocation pacing accrued:
[2026-04-03T02:50:08.626+0600][37.299s][info][gc,stats    ]      34 of  1365 ms (  2.5%): dag-scheduler-event-loop
[2026-04-03T02:50:08.626+0600][37.299s][info][gc,stats    ]      10 of  1365 ms (  0.8%): Executor task launch worker for task 1.0 in stage 667.0 (TID 1348)
[2026-04-03T02:50:08.626+0600][37.299s][info][gc,stats    ]      10 of  1365 ms (  0.8%): Executor task launch worker for task 2.0 in stage 667.0 (TID 1349)
[2026-04-03T02:50:08.626+0600][37.299s][info][gc,stats    ]      10 of  1365 ms (  0.8%): Executor task launch worker for task 0.0 in stage 667.0 (TID 1347)
[2026-04-03T02:50:08.626+0600][37.299s][info][gc,stats    ]      11 of  1365 ms (  0.8%): task-result-getter-3
[2026-04-03T02:50:08.626+0600][37.299s][info][gc,stats    ]      76 of  1365 ms (  5.5%): <total>
[2026-04-03T02:50:08.626+0600][37.299s][info][gc,stats    ]       0 of  1365 ms (  0.0%): <average total>
[2026-04-03T02:50:08.626+0600][37.299s][info][gc,stats    ]      15 of  1365 ms (  1.1%): <average non-zero>
[2026-04-03T02:50:08.626+0600][37.299s][info][gc,stats    ] 
[2026-04-03T02:50:08.626+0600][37.300s][info][gc,metaspace] Metaspace: 130320K(131520K)->130340K(131520K) NonClass: 113866K(114496K)->113887K(114496K) Class: 16453K(17024K)->16453K(17024K)
[2026-04-03T02:50:08.626+0600][37.300s][info][gc,ergo     ] Pacer for Idle. Initial: 40960K, Alloc Tax Rate: 1.0x
[2026-04-03T02:50:09.829+0600][38.502s][info][gc          ] Trigger: Average GC time (200.61 ms) is above the time for average allocation rate (1067 MB/s) to deplete free headroom (213M) (margin of error = 1.81)
[2026-04-03T02:50:09.829+0600][38.503s][info][gc,ergo     ] Free headroom: 313M (free) - 100M (spike) - 0B (penalties) = 213M
[2026-04-03T02:50:09.829+0600][38.503s][info][gc,ergo     ] Free: 312M, Max: 512K regular, 285M humongous, Frag: 9% external, 0% internal; Reserve: 100M, Max: 512K
[2026-04-03T02:50:09.829+0600][38.503s][info][gc,start    ] GC(17) Concurrent reset
[2026-04-03T02:50:09.829+0600][38.503s][info][gc,task     ] GC(17) Using 3 of 6 workers for concurrent reset
[2026-04-03T02:50:09.829+0600][38.503s][info][gc,ergo     ] GC(17) Pacer for Reset. Non-Taxable: 2000M
[2026-04-03T02:50:09.832+0600][38.506s][info][gc          ] GC(17) Concurrent reset 3.122ms
[2026-04-03T02:50:09.832+0600][38.506s][info][gc,start    ] GC(17) Pause Init Mark (unload classes)
[2026-04-03T02:50:09.832+0600][38.506s][info][gc,task     ] GC(17) Using 6 of 6 workers for init marking
[2026-04-03T02:50:09.832+0600][38.506s][info][gc,ergo     ] GC(17) Pacer for Mark. Expected Live: 91856K, Free: 307M, Non-Taxable: 31538K, Alloc Tax Rate: 0.4x
[2026-04-03T02:50:09.832+0600][38.506s][info][gc          ] GC(17) Pause Init Mark (unload classes) 0.178ms
[2026-04-03T02:50:09.833+0600][38.506s][info][gc,start    ] GC(17) Concurrent marking roots
[2026-04-03T02:50:09.833+0600][38.506s][info][gc,task     ] GC(17) Using 3 of 6 workers for concurrent marking roots
[2026-04-03T02:50:09.834+0600][38.508s][info][gc          ] GC(17) Concurrent marking roots 1.759ms
[2026-04-03T02:50:09.834+0600][38.508s][info][gc,start    ] GC(17) Concurrent marking (unload classes)
[2026-04-03T02:50:09.834+0600][38.508s][info][gc,task     ] GC(17) Using 3 of 6 workers for concurrent marking
[2026-04-03T02:50:09.901+0600][38.575s][info][gc          ] GC(17) Concurrent marking (unload classes) 66.378ms
[2026-04-03T02:50:09.901+0600][38.575s][info][gc,start    ] GC(17) Pause Final Mark (unload classes)
[2026-04-03T02:50:09.901+0600][38.575s][info][gc,task     ] GC(17) Using 6 of 6 workers for final marking
[2026-04-03T02:50:09.901+0600][38.575s][info][gc,ergo     ] GC(17) Adaptive CSet Selection. Target Free: 283M, Actual Free: 1428M, Max CSet: 85333K, Min Garbage: 0B
[2026-04-03T02:50:09.902+0600][38.575s][info][gc,ergo     ] GC(17) Collectable Garbage: 1349M (99%), Immediate: 1068M (78%), CSet: 281M (20%)
[2026-04-03T02:50:09.902+0600][38.576s][info][gc,ergo     ] GC(17) Pacer for Evacuation. Used CSet: 294M, Free: 1471M, Non-Taxable: 147M, Alloc Tax Rate: 1.1x
[2026-04-03T02:50:09.902+0600][38.576s][info][gc          ] GC(17) Pause Final Mark (unload classes) 0.793ms
[2026-04-03T02:50:09.902+0600][38.576s][info][gc,start    ] GC(17) Concurrent thread roots
[2026-04-03T02:50:09.902+0600][38.576s][info][gc,task     ] GC(17) Using 3 of 6 workers for Concurrent thread roots
[2026-04-03T02:50:09.903+0600][38.577s][info][gc          ] GC(17) Concurrent thread roots 1.597ms
[2026-04-03T02:50:09.903+0600][38.577s][info][gc,start    ] GC(17) Concurrent weak references
[2026-04-03T02:50:09.903+0600][38.577s][info][gc,task     ] GC(17) Using 3 of 6 workers for concurrent weak references
[2026-04-03T02:50:09.905+0600][38.578s][info][gc,ref      ] GC(17) Encountered references: Soft: 3875, Weak: 16397, Final: 84, Phantom: 621
[2026-04-03T02:50:09.905+0600][38.579s][info][gc,ref      ] GC(17) Discovered  references: Soft: 0, Weak: 9676, Final: 52, Phantom: 222
[2026-04-03T02:50:09.905+0600][38.579s][info][gc,ref      ] GC(17) Enqueued    references: Soft: 0, Weak: 644, Final: 0, Phantom: 0
[2026-04-03T02:50:09.905+0600][38.579s][info][gc          ] GC(17) Concurrent weak references 1.299ms
[2026-04-03T02:50:09.905+0600][38.579s][info][gc,start    ] GC(17) Concurrent weak roots
[2026-04-03T02:50:09.905+0600][38.579s][info][gc,task     ] GC(17) Using 3 of 6 workers for concurrent weak root
[2026-04-03T02:50:09.912+0600][38.586s][info][gc          ] GC(17) Concurrent weak roots 7.037ms
[2026-04-03T02:50:09.912+0600][38.586s][info][gc,start    ] GC(17) Concurrent cleanup
[2026-04-03T02:50:09.913+0600][38.587s][info][gc          ] GC(17) Concurrent cleanup 1501M->435M(1696M) 1.379ms
[2026-04-03T02:50:09.913+0600][38.587s][info][gc,ergo     ] GC(17) Free: 1456M, Max: 512K regular, 248M humongous, Frag: 83% external, 0% internal; Reserve: 101287K, Max: 512K
[2026-04-03T02:50:09.913+0600][38.587s][info][gc,start    ] GC(17) Concurrent class unloading
[2026-04-03T02:50:09.913+0600][38.587s][info][gc,task     ] GC(17) Using 3 of 6 workers for concurrent class unloading
[2026-04-03T02:50:09.932+0600][38.606s][info][gc          ] GC(17) Concurrent class unloading 19.078ms
[2026-04-03T02:50:09.933+0600][38.606s][info][gc,start    ] GC(17) Concurrent strong roots
[2026-04-03T02:50:09.933+0600][38.606s][info][gc,task     ] GC(17) Using 3 of 6 workers for concurrent strong root
[2026-04-03T02:50:09.934+0600][38.608s][info][gc          ] GC(17) Concurrent strong roots 1.148ms
[2026-04-03T02:50:09.934+0600][38.608s][info][gc,start    ] GC(17) Concurrent evacuation
[2026-04-03T02:50:09.934+0600][38.608s][info][gc,task     ] GC(17) Using 3 of 6 workers for concurrent evacuation
[2026-04-03T02:50:09.942+0600][38.616s][info][gc          ] GC(17) Concurrent evacuation 8.278ms
[2026-04-03T02:50:09.942+0600][38.616s][info][gc,start    ] GC(17) Pause Init Update Refs
[2026-04-03T02:50:09.943+0600][38.616s][info][gc,ergo     ] GC(17) Pacer for Update Refs. Used: 461M, Free: 1440M, Non-Taxable: 144M, Alloc Tax Rate: 1.1x
[2026-04-03T02:50:09.943+0600][38.616s][info][gc          ] GC(17) Pause Init Update Refs 0.148ms
[2026-04-03T02:50:09.943+0600][38.617s][info][gc,start    ] GC(17) Concurrent update references
[2026-04-03T02:50:09.943+0600][38.617s][info][gc,task     ] GC(17) Using 3 of 6 workers for concurrent reference update
[2026-04-03T02:50:09.998+0600][38.672s][info][gc          ] GC(17) Concurrent update references 54.948ms
[2026-04-03T02:50:09.998+0600][38.672s][info][gc,start    ] GC(17) Concurrent update thread roots
[2026-04-03T02:50:09.999+0600][38.673s][info][gc          ] GC(17) Concurrent update thread roots 1.493ms
[2026-04-03T02:50:09.999+0600][38.673s][info][gc,start    ] GC(17) Pause Final Update Refs
[2026-04-03T02:50:10.000+0600][38.673s][info][gc,task     ] GC(17) Using 6 of 6 workers for final reference update
[2026-04-03T02:50:10.000+0600][38.674s][info][gc          ] GC(17) Pause Final Update Refs 0.231ms
[2026-04-03T02:50:10.000+0600][38.674s][info][gc,start    ] GC(17) Concurrent cleanup
[2026-04-03T02:50:10.000+0600][38.674s][info][gc          ] GC(17) Concurrent cleanup 501M->207M(1700M) 0.383ms
[2026-04-03T02:50:10.000+0600][38.674s][info][gc,ergo     ] Free: 1677M, Max: 512K regular, 1025M humongous, Frag: 39% external, 0% internal; Reserve: 100M, Max: 512K
[2026-04-03T02:50:10.000+0600][38.674s][info][gc,stats    ] 
[2026-04-03T02:50:10.000+0600][38.674s][info][gc,stats    ] All times are wall-clock times, except per-root-class counters, that are sum over
[2026-04-03T02:50:10.000+0600][38.674s][info][gc,stats    ] all workers. Dividing the <total> over the root stage time estimates parallelism.
[2026-04-03T02:50:10.000+0600][38.674s][info][gc,stats    ] 
[2026-04-03T02:50:10.000+0600][38.674s][info][gc,stats    ] Concurrent Reset                   3236 us
[2026-04-03T02:50:10.000+0600][38.674s][info][gc,stats    ] Pause Init Mark (G)                 515 us
[2026-04-03T02:50:10.000+0600][38.674s][info][gc,stats    ] Pause Init Mark (N)                 193 us
[2026-04-03T02:50:10.000+0600][38.674s][info][gc,stats    ]   Update Region States               71 us
[2026-04-03T02:50:10.000+0600][38.674s][info][gc,stats    ] Concurrent Mark Roots              1818 us, parallelism: 2.11x
[2026-04-03T02:50:10.000+0600][38.674s][info][gc,stats    ]   CMR: <total>                     3838 us
[2026-04-03T02:50:10.000+0600][38.674s][info][gc,stats    ]   CMR: Thread Roots                3272 us, workers (us): 1263, 759, 1250, ---, ---, ---, 
[2026-04-03T02:50:10.000+0600][38.674s][info][gc,stats    ]   CMR: VM Strong Roots               69 us, workers (us):  32,  22,  15, ---, ---, ---, 
[2026-04-03T02:50:10.000+0600][38.674s][info][gc,stats    ]   CMR: CLDG Roots                   497 us, workers (us): ---, 497, ---, ---, ---, ---, 
[2026-04-03T02:50:10.000+0600][38.674s][info][gc,stats    ] Concurrent Marking                66444 us
[2026-04-03T02:50:10.001+0600][38.674s][info][gc,stats    ] Pause Final Mark (G)                953 us
[2026-04-03T02:50:10.001+0600][38.674s][info][gc,stats    ] Pause Final Mark (N)                809 us
[2026-04-03T02:50:10.001+0600][38.674s][info][gc,stats    ]   Finish Mark                       263 us
[2026-04-03T02:50:10.001+0600][38.674s][info][gc,stats    ]   Update Region States               66 us
[2026-04-03T02:50:10.001+0600][38.674s][info][gc,stats    ]   Choose Collection Set             277 us
[2026-04-03T02:50:10.001+0600][38.674s][info][gc,stats    ]   Rebuild Free Set                   53 us
[2026-04-03T02:50:10.001+0600][38.674s][info][gc,stats    ] Concurrent Thread Roots            1649 us, parallelism: 2.51x
[2026-04-03T02:50:10.001+0600][38.674s][info][gc,stats    ]   CTR: <total>                     4141 us
[2026-04-03T02:50:10.001+0600][38.674s][info][gc,stats    ]   CTR: Thread Roots                4141 us, workers (us): 1372, 1350, 1418, ---, ---, ---, 
[2026-04-03T02:50:10.001+0600][38.674s][info][gc,stats    ] Concurrent Weak References         1316 us, parallelism: 1.35x
[2026-04-03T02:50:10.001+0600][38.674s][info][gc,stats    ]   CWRF: <total>                    1776 us
[2026-04-03T02:50:10.001+0600][38.674s][info][gc,stats    ]   CWRF: Weak References            1776 us, workers (us): 369, 1012, 395, ---, ---, ---, 
[2026-04-03T02:50:10.001+0600][38.674s][info][gc,stats    ] Concurrent Weak Roots              7124 us
[2026-04-03T02:50:10.001+0600][38.674s][info][gc,stats    ]   Roots                            6564 us, parallelism: 2.69x
[2026-04-03T02:50:10.001+0600][38.674s][info][gc,stats    ]     CWR: <total>                  17634 us
[2026-04-03T02:50:10.001+0600][38.674s][info][gc,stats    ]     CWR: Code Cache Roots         14082 us, workers (us): 4355, 5077, 4650, ---, ---, ---, 
[2026-04-03T02:50:10.001+0600][38.675s][info][gc,stats    ]     CWR: VM Weak Roots             3365 us, workers (us): 1152, 1144, 1069, ---, ---, ---, 
[2026-04-03T02:50:10.001+0600][38.675s][info][gc,stats    ]     CWR: CLDG Roots                 187 us, workers (us): 187, ---, ---, ---, ---, ---, 
[2026-04-03T02:50:10.001+0600][38.675s][info][gc,stats    ]   Rendezvous                        439 us
[2026-04-03T02:50:10.001+0600][38.675s][info][gc,stats    ] Concurrent Cleanup                 1414 us
[2026-04-03T02:50:10.001+0600][38.675s][info][gc,stats    ] Concurrent Class Unloading        19178 us
[2026-04-03T02:50:10.001+0600][38.675s][info][gc,stats    ]   Unlink Stale                    15016 us
[2026-04-03T02:50:10.001+0600][38.675s][info][gc,stats    ]     System Dictionary               316 us
[2026-04-03T02:50:10.001+0600][38.675s][info][gc,stats    ]     Weak Class Links                  1 us
[2026-04-03T02:50:10.001+0600][38.675s][info][gc,stats    ]     Code Roots                    14694 us
[2026-04-03T02:50:10.001+0600][38.675s][info][gc,stats    ]   Rendezvous                        298 us
[2026-04-03T02:50:10.001+0600][38.675s][info][gc,stats    ]   Purge Unlinked                   3718 us
[2026-04-03T02:50:10.001+0600][38.675s][info][gc,stats    ]     Code Roots                     3689 us
[2026-04-03T02:50:10.001+0600][38.675s][info][gc,stats    ]     CLDG                             27 us
[2026-04-03T02:50:10.001+0600][38.675s][info][gc,stats    ]     Exception Caches                  0 us
[2026-04-03T02:50:10.001+0600][38.675s][info][gc,stats    ] Concurrent Strong Roots            1228 us, parallelism: 0.63x
[2026-04-03T02:50:10.001+0600][38.675s][info][gc,stats    ]   CSR: <total>                      768 us
[2026-04-03T02:50:10.001+0600][38.675s][info][gc,stats    ]   CSR: VM Strong Roots               42 us, workers (us):  39,   2,   1, ---, ---, ---, 
[2026-04-03T02:50:10.001+0600][38.675s][info][gc,stats    ]   CSR: CLDG Roots                   726 us, workers (us): 726, ---, ---, ---, ---, ---, 
[2026-04-03T02:50:10.001+0600][38.675s][info][gc,stats    ] Concurrent Evacuation              8388 us
[2026-04-03T02:50:10.001+0600][38.675s][info][gc,stats    ] Pause Init Update Refs (G)          508 us
[2026-04-03T02:50:10.001+0600][38.675s][info][gc,stats    ] Pause Init Update Refs (N)          162 us
[2026-04-03T02:50:10.001+0600][38.675s][info][gc,stats    ]   Manage GCLABs                      45 us
[2026-04-03T02:50:10.001+0600][38.675s][info][gc,stats    ] Concurrent Update Refs            55070 us
[2026-04-03T02:50:10.001+0600][38.675s][info][gc,stats    ] Concurrent Update Thread Roots     1592 us
[2026-04-03T02:50:10.001+0600][38.675s][info][gc,stats    ] Pause Final Update Refs (G)         433 us
[2026-04-03T02:50:10.001+0600][38.675s][info][gc,stats    ] Pause Final Update Refs (N)         278 us
[2026-04-03T02:50:10.001+0600][38.675s][info][gc,stats    ]   Update Region States               72 us
[2026-04-03T02:50:10.001+0600][38.675s][info][gc,stats    ]   Trash Collection Set               22 us
[2026-04-03T02:50:10.001+0600][38.675s][info][gc,stats    ]   Rebuild Free Set                   53 us
[2026-04-03T02:50:10.001+0600][38.675s][info][gc,stats    ] Concurrent Cleanup                  407 us
[2026-04-03T02:50:10.001+0600][38.675s][info][gc,stats    ] Pacing                            84525 us
[2026-04-03T02:50:10.001+0600][38.675s][info][gc,stats    ] 
[2026-04-03T02:50:10.001+0600][38.675s][info][gc,stats    ] Allocation pacing accrued:
[2026-04-03T02:50:10.001+0600][38.675s][info][gc,stats    ]      11 of  1375 ms (  0.8%): Executor task launch worker for task 0.0 in stage 711.0 (TID 1543)
[2026-04-03T02:50:10.001+0600][38.675s][info][gc,stats    ]      10 of  1375 ms (  0.7%): Executor task launch worker for task 5.0 in stage 711.0 (TID 1548)
[2026-04-03T02:50:10.001+0600][38.675s][info][gc,stats    ]      11 of  1375 ms (  0.8%): Executor task launch worker for task 2.0 in stage 711.0 (TID 1545)
[2026-04-03T02:50:10.001+0600][38.675s][info][gc,stats    ]      10 of  1375 ms (  0.7%): Executor task launch worker for task 6.0 in stage 711.0 (TID 1549)
[2026-04-03T02:50:10.001+0600][38.675s][info][gc,stats    ]      11 of  1375 ms (  0.8%): Executor task launch worker for task 3.0 in stage 711.0 (TID 1546)
[2026-04-03T02:50:10.001+0600][38.675s][info][gc,stats    ]      11 of  1375 ms (  0.8%): Executor task launch worker for task 7.0 in stage 711.0 (TID 1550)
[2026-04-03T02:50:10.001+0600][38.675s][info][gc,stats    ]      10 of  1375 ms (  0.7%): Executor task launch worker for task 1.0 in stage 711.0 (TID 1544)
[2026-04-03T02:50:10.001+0600][38.675s][info][gc,stats    ]      10 of  1375 ms (  0.7%): Executor task launch worker for task 4.0 in stage 711.0 (TID 1547)
[2026-04-03T02:50:10.001+0600][38.675s][info][gc,stats    ]      85 of  1375 ms (  6.1%): <total>
[2026-04-03T02:50:10.001+0600][38.675s][info][gc,stats    ]       0 of  1375 ms (  0.0%): <average total>
[2026-04-03T02:50:10.001+0600][38.675s][info][gc,stats    ]      11 of  1375 ms (  0.8%): <average non-zero>
[2026-04-03T02:50:10.001+0600][38.675s][info][gc,stats    ] 
[2026-04-03T02:50:10.001+0600][38.675s][info][gc,metaspace] Metaspace: 130412K(131584K)->130442K(131648K) NonClass: 113956K(114560K)->113986K(114624K) Class: 16455K(17024K)->16455K(17024K)
[2026-04-03T02:50:10.001+0600][38.675s][info][gc,ergo     ] Pacer for Idle. Initial: 40960K, Alloc Tax Rate: 1.0x
[2026-04-03T02:50:11.559+0600][40.233s][info][gc          ] Trigger: Average GC time (191.93 ms) is above the time for average allocation rate (877 MB/s) to deplete free headroom (167M) (margin of error = 1.81)
[2026-04-03T02:50:11.560+0600][40.233s][info][gc,ergo     ] Free headroom: 267M (free) - 100M (spike) - 0B (penalties) = 167M
[2026-04-03T02:50:11.560+0600][40.233s][info][gc,ergo     ] Free: 267M, Max: 512K regular, 249M humongous, Frag: 7% external, 0% internal; Reserve: 100M, Max: 512K
[2026-04-03T02:50:11.560+0600][40.233s][info][gc,start    ] GC(18) Concurrent reset
[2026-04-03T02:50:11.560+0600][40.233s][info][gc,task     ] GC(18) Using 3 of 6 workers for concurrent reset
[2026-04-03T02:50:11.560+0600][40.233s][info][gc,ergo     ] GC(18) Pacer for Reset. Non-Taxable: 2000M
[2026-04-03T02:50:11.562+0600][40.236s][info][gc          ] GC(18) Concurrent reset 2.711ms
[2026-04-03T02:50:11.563+0600][40.237s][info][gc,start    ] GC(18) Pause Init Mark (unload classes)
[2026-04-03T02:50:11.563+0600][40.237s][info][gc,task     ] GC(18) Using 6 of 6 workers for init marking
[2026-04-03T02:50:11.563+0600][40.237s][info][gc,ergo     ] GC(18) Pacer for Mark. Expected Live: 92549K, Free: 264M, Non-Taxable: 27106K, Alloc Tax Rate: 0.4x
[2026-04-03T02:50:11.563+0600][40.237s][info][gc          ] GC(18) Pause Init Mark (unload classes) 0.241ms
[2026-04-03T02:50:11.563+0600][40.237s][info][gc,start    ] GC(18) Concurrent marking roots
[2026-04-03T02:50:11.563+0600][40.237s][info][gc,task     ] GC(18) Using 3 of 6 workers for concurrent marking roots
[2026-04-03T02:50:11.565+0600][40.239s][info][gc          ] GC(18) Concurrent marking roots 1.705ms
[2026-04-03T02:50:11.565+0600][40.239s][info][gc,start    ] GC(18) Concurrent marking (unload classes)
[2026-04-03T02:50:11.565+0600][40.239s][info][gc,task     ] GC(18) Using 3 of 6 workers for concurrent marking
[2026-04-03T02:50:11.629+0600][40.303s][info][gc          ] GC(18) Concurrent marking (unload classes) 64.230ms
[2026-04-03T02:50:11.629+0600][40.303s][info][gc,start    ] GC(18) Pause Final Mark (unload classes)
[2026-04-03T02:50:11.629+0600][40.303s][info][gc,task     ] GC(18) Using 6 of 6 workers for final marking
[2026-04-03T02:50:11.630+0600][40.304s][info][gc,ergo     ] GC(18) Adaptive CSet Selection. Target Free: 283M, Actual Free: 1340M, Max CSet: 85333K, Min Garbage: 0B
[2026-04-03T02:50:11.630+0600][40.304s][info][gc,ergo     ] GC(18) Collectable Garbage: 1398M (99%), Immediate: 1019M (72%), CSet: 378M (26%)
[2026-04-03T02:50:11.630+0600][40.304s][info][gc,ergo     ] GC(18) Pacer for Evacuation. Used CSet: 388M, Free: 1375M, Non-Taxable: 137M, Alloc Tax Rate: 1.1x
[2026-04-03T02:50:11.630+0600][40.304s][info][gc          ] GC(18) Pause Final Mark (unload classes) 0.763ms
[2026-04-03T02:50:11.630+0600][40.304s][info][gc,start    ] GC(18) Concurrent thread roots
[2026-04-03T02:50:11.630+0600][40.304s][info][gc,task     ] GC(18) Using 3 of 6 workers for Concurrent thread roots
[2026-04-03T02:50:11.632+0600][40.305s][info][gc          ] GC(18) Concurrent thread roots 1.273ms
[2026-04-03T02:50:11.632+0600][40.306s][info][gc,start    ] GC(18) Concurrent weak references
[2026-04-03T02:50:11.632+0600][40.306s][info][gc,task     ] GC(18) Using 3 of 6 workers for concurrent weak references
[2026-04-03T02:50:11.633+0600][40.306s][info][gc,ref      ] GC(18) Encountered references: Soft: 3872, Weak: 18122, Final: 84, Phantom: 628
[2026-04-03T02:50:11.633+0600][40.306s][info][gc,ref      ] GC(18) Discovered  references: Soft: 0, Weak: 6172, Final: 0, Phantom: 622
[2026-04-03T02:50:11.633+0600][40.306s][info][gc,ref      ] GC(18) Enqueued    references: Soft: 0, Weak: 3336, Final: 0, Phantom: 0
[2026-04-03T02:50:11.633+0600][40.306s][info][gc          ] GC(18) Concurrent weak references 0.926ms
[2026-04-03T02:50:11.633+0600][40.307s][info][gc,start    ] GC(18) Concurrent weak roots
[2026-04-03T02:50:11.633+0600][40.307s][info][gc,task     ] GC(18) Using 3 of 6 workers for concurrent weak root
[2026-04-03T02:50:11.642+0600][40.316s][info][gc          ] GC(18) Concurrent weak roots 9.151ms
[2026-04-03T02:50:11.642+0600][40.316s][info][gc,start    ] GC(18) Concurrent cleanup
[2026-04-03T02:50:11.643+0600][40.317s][info][gc          ] GC(18) Concurrent cleanup 1550M->532M(1705M) 1.376ms
[2026-04-03T02:50:11.643+0600][40.317s][info][gc,ergo     ] GC(18) Free: 1362M, Max: 512K regular, 210M humongous, Frag: 85% external, 0% internal; Reserve: 101920K, Max: 512K
[2026-04-03T02:50:11.643+0600][40.317s][info][gc,start    ] GC(18) Concurrent class unloading
[2026-04-03T02:50:11.643+0600][40.317s][info][gc,task     ] GC(18) Using 3 of 6 workers for concurrent class unloading
[2026-04-03T02:50:11.675+0600][40.349s][info][gc          ] GC(18) Concurrent class unloading 31.615ms
[2026-04-03T02:50:11.675+0600][40.349s][info][gc,start    ] GC(18) Concurrent strong roots
[2026-04-03T02:50:11.675+0600][40.349s][info][gc,task     ] GC(18) Using 3 of 6 workers for concurrent strong root
[2026-04-03T02:50:11.677+0600][40.351s][info][gc          ] GC(18) Concurrent strong roots 1.747ms
[2026-04-03T02:50:11.677+0600][40.351s][info][gc,start    ] GC(18) Concurrent evacuation
[2026-04-03T02:50:11.677+0600][40.351s][info][gc,task     ] GC(18) Using 3 of 6 workers for concurrent evacuation
[2026-04-03T02:50:11.687+0600][40.361s][info][gc          ] GC(18) Concurrent evacuation 10.021ms
[2026-04-03T02:50:11.688+0600][40.362s][info][gc,start    ] GC(18) Pause Init Update Refs
[2026-04-03T02:50:11.688+0600][40.362s][info][gc,ergo     ] GC(18) Pacer for Update Refs. Used: 579M, Free: 1326M, Non-Taxable: 132M, Alloc Tax Rate: 1.1x
[2026-04-03T02:50:11.688+0600][40.362s][info][gc          ] GC(18) Pause Init Update Refs 0.153ms
[2026-04-03T02:50:11.688+0600][40.362s][info][gc,start    ] GC(18) Concurrent update references
[2026-04-03T02:50:11.688+0600][40.362s][info][gc,task     ] GC(18) Using 3 of 6 workers for concurrent reference update
[2026-04-03T02:50:11.755+0600][40.429s][info][gc          ] GC(18) Concurrent update references 66.864ms
[2026-04-03T02:50:11.755+0600][40.429s][info][gc,start    ] GC(18) Concurrent update thread roots
[2026-04-03T02:50:11.757+0600][40.430s][info][gc          ] GC(18) Concurrent update thread roots 1.689ms
[2026-04-03T02:50:11.757+0600][40.431s][info][gc,start    ] GC(18) Pause Final Update Refs
[2026-04-03T02:50:11.757+0600][40.431s][info][gc,task     ] GC(18) Using 6 of 6 workers for final reference update
[2026-04-03T02:50:11.757+0600][40.431s][info][gc          ] GC(18) Pause Final Update Refs 0.307ms
[2026-04-03T02:50:11.757+0600][40.431s][info][gc,start    ] GC(18) Concurrent cleanup
[2026-04-03T02:50:11.758+0600][40.432s][info][gc          ] GC(18) Concurrent cleanup 621M->232M(1705M) 0.927ms
[2026-04-03T02:50:11.758+0600][40.432s][info][gc,ergo     ] Free: 1658M, Max: 512K regular, 1078M humongous, Frag: 35% external, 0% internal; Reserve: 100M, Max: 512K
[2026-04-03T02:50:11.758+0600][40.432s][info][gc,stats    ] 
[2026-04-03T02:50:11.758+0600][40.432s][info][gc,stats    ] All times are wall-clock times, except per-root-class counters, that are sum over
[2026-04-03T02:50:11.758+0600][40.432s][info][gc,stats    ] all workers. Dividing the <total> over the root stage time estimates parallelism.
[2026-04-03T02:50:11.758+0600][40.432s][info][gc,stats    ] 
[2026-04-03T02:50:11.758+0600][40.432s][info][gc,stats    ] Concurrent Reset                   2781 us
[2026-04-03T02:50:11.758+0600][40.432s][info][gc,stats    ] Pause Init Mark (G)                 651 us
[2026-04-03T02:50:11.758+0600][40.432s][info][gc,stats    ] Pause Init Mark (N)                 255 us
[2026-04-03T02:50:11.758+0600][40.432s][info][gc,stats    ]   Update Region States               57 us
[2026-04-03T02:50:11.758+0600][40.432s][info][gc,stats    ] Concurrent Mark Roots              1843 us, parallelism: 1.91x
[2026-04-03T02:50:11.758+0600][40.432s][info][gc,stats    ]   CMR: <total>                     3526 us
[2026-04-03T02:50:11.758+0600][40.432s][info][gc,stats    ]   CMR: Thread Roots                2944 us, workers (us): 1153, 655, 1136, ---, ---, ---, 
[2026-04-03T02:50:11.758+0600][40.432s][info][gc,stats    ]   CMR: VM Strong Roots               83 us, workers (us):  64,  11,   8, ---, ---, ---, 
[2026-04-03T02:50:11.758+0600][40.432s][info][gc,stats    ]   CMR: CLDG Roots                   498 us, workers (us): ---, 498, ---, ---, ---, ---, 
[2026-04-03T02:50:11.758+0600][40.432s][info][gc,stats    ] Concurrent Marking                64326 us
[2026-04-03T02:50:11.759+0600][40.432s][info][gc,stats    ] Pause Final Mark (G)               1150 us
[2026-04-03T02:50:11.759+0600][40.432s][info][gc,stats    ] Pause Final Mark (N)                774 us
[2026-04-03T02:50:11.759+0600][40.432s][info][gc,stats    ]   Finish Mark                       185 us
[2026-04-03T02:50:11.759+0600][40.432s][info][gc,stats    ]   Update Region States               57 us
[2026-04-03T02:50:11.759+0600][40.432s][info][gc,stats    ]   Choose Collection Set             348 us
[2026-04-03T02:50:11.759+0600][40.432s][info][gc,stats    ]   Rebuild Free Set                   54 us
[2026-04-03T02:50:11.759+0600][40.432s][info][gc,stats    ] Concurrent Thread Roots            1347 us, parallelism: 2.21x
[2026-04-03T02:50:11.759+0600][40.432s][info][gc,stats    ]   CTR: <total>                     2979 us
[2026-04-03T02:50:11.759+0600][40.432s][info][gc,stats    ]   CTR: Thread Roots                2979 us, workers (us): 1114, 1121, 745, ---, ---, ---, 
[2026-04-03T02:50:11.759+0600][40.432s][info][gc,stats    ] Concurrent Weak References          941 us, parallelism: 1.20x
[2026-04-03T02:50:11.759+0600][40.432s][info][gc,stats    ]   CWRF: <total>                    1132 us
[2026-04-03T02:50:11.759+0600][40.432s][info][gc,stats    ]   CWRF: Weak References            1132 us, workers (us): 375, 756,   0, ---, ---, ---, 
[2026-04-03T02:50:11.759+0600][40.432s][info][gc,stats    ] Concurrent Weak Roots              9252 us
[2026-04-03T02:50:11.759+0600][40.432s][info][gc,stats    ]   Roots                            8220 us, parallelism: 2.81x
[2026-04-03T02:50:11.759+0600][40.432s][info][gc,stats    ]     CWR: <total>                  23107 us
[2026-04-03T02:50:11.759+0600][40.432s][info][gc,stats    ]     CWR: Code Cache Roots         13439 us, workers (us): 1937, 5864, 5638, ---, ---, ---, 
[2026-04-03T02:50:11.759+0600][40.432s][info][gc,stats    ]     CWR: VM Weak Roots             9407 us, workers (us): 5704, 1861, 1842, ---, ---, ---, 
[2026-04-03T02:50:11.759+0600][40.432s][info][gc,stats    ]     CWR: CLDG Roots                 262 us, workers (us): ---, ---, 262, ---, ---, ---, 
[2026-04-03T02:50:11.759+0600][40.432s][info][gc,stats    ]   Rendezvous                        898 us
[2026-04-03T02:50:11.759+0600][40.432s][info][gc,stats    ] Concurrent Cleanup                 1415 us
[2026-04-03T02:50:11.759+0600][40.432s][info][gc,stats    ] Concurrent Class Unloading        31725 us
[2026-04-03T02:50:11.759+0600][40.432s][info][gc,stats    ]   Unlink Stale                    23354 us
[2026-04-03T02:50:11.759+0600][40.433s][info][gc,stats    ]     System Dictionary               301 us
[2026-04-03T02:50:11.759+0600][40.433s][info][gc,stats    ]     Weak Class Links                  1 us
[2026-04-03T02:50:11.759+0600][40.433s][info][gc,stats    ]     Code Roots                    23048 us
[2026-04-03T02:50:11.759+0600][40.433s][info][gc,stats    ]   Rendezvous                        962 us
[2026-04-03T02:50:11.759+0600][40.433s][info][gc,stats    ]   Purge Unlinked                   7257 us
[2026-04-03T02:50:11.759+0600][40.433s][info][gc,stats    ]     Code Roots                     7226 us
[2026-04-03T02:50:11.759+0600][40.433s][info][gc,stats    ]     CLDG                             29 us
[2026-04-03T02:50:11.759+0600][40.433s][info][gc,stats    ]     Exception Caches                  1 us
[2026-04-03T02:50:11.759+0600][40.433s][info][gc,stats    ] Concurrent Strong Roots            1814 us, parallelism: 0.91x
[2026-04-03T02:50:11.759+0600][40.433s][info][gc,stats    ]   CSR: <total>                     1651 us
[2026-04-03T02:50:11.759+0600][40.433s][info][gc,stats    ]   CSR: VM Strong Roots              364 us, workers (us): 295,  50,  19, ---, ---, ---, 
[2026-04-03T02:50:11.759+0600][40.433s][info][gc,stats    ]   CSR: CLDG Roots                  1288 us, workers (us): ---, ---, 1288, ---, ---, ---, 
[2026-04-03T02:50:11.759+0600][40.433s][info][gc,stats    ] Concurrent Evacuation             10135 us
[2026-04-03T02:50:11.759+0600][40.433s][info][gc,stats    ] Pause Init Update Refs (G)          838 us
[2026-04-03T02:50:11.759+0600][40.433s][info][gc,stats    ] Pause Init Update Refs (N)          166 us
[2026-04-03T02:50:11.759+0600][40.433s][info][gc,stats    ]   Manage GCLABs                      41 us
[2026-04-03T02:50:11.759+0600][40.433s][info][gc,stats    ] Concurrent Update Refs            66955 us
[2026-04-03T02:50:11.759+0600][40.433s][info][gc,stats    ] Concurrent Update Thread Roots     1759 us
[2026-04-03T02:50:11.759+0600][40.433s][info][gc,stats    ] Pause Final Update Refs (G)         651 us
[2026-04-03T02:50:11.759+0600][40.433s][info][gc,stats    ] Pause Final Update Refs (N)         332 us
[2026-04-03T02:50:11.759+0600][40.433s][info][gc,stats    ]   Update Region States               98 us
[2026-04-03T02:50:11.759+0600][40.433s][info][gc,stats    ]   Trash Collection Set               38 us
[2026-04-03T02:50:11.759+0600][40.433s][info][gc,stats    ]   Rebuild Free Set                   71 us
[2026-04-03T02:50:11.759+0600][40.433s][info][gc,stats    ] Concurrent Cleanup                  954 us
[2026-04-03T02:50:11.759+0600][40.433s][info][gc,stats    ] Pacing                            84046 us
[2026-04-03T02:50:11.759+0600][40.433s][info][gc,stats    ] 
[2026-04-03T02:50:11.759+0600][40.433s][info][gc,stats    ] Allocation pacing accrued:
[2026-04-03T02:50:11.759+0600][40.433s][info][gc,stats    ]      10 of  1758 ms (  0.6%): Executor task launch worker for task 0.0 in stage 867.0 (TID 1759)
[2026-04-03T02:50:11.759+0600][40.433s][info][gc,stats    ]      11 of  1758 ms (  0.6%): Executor task launch worker for task 1.0 in stage 867.0 (TID 1760)
[2026-04-03T02:50:11.759+0600][40.433s][info][gc,stats    ]      11 of  1758 ms (  0.6%): Executor task launch worker for task 4.0 in stage 867.0 (TID 1763)
[2026-04-03T02:50:11.759+0600][40.433s][info][gc,stats    ]      10 of  1758 ms (  0.6%): Executor task launch worker for task 3.0 in stage 867.0 (TID 1762)
[2026-04-03T02:50:11.759+0600][40.433s][info][gc,stats    ]      10 of  1758 ms (  0.6%): Executor task launch worker for task 2.0 in stage 867.0 (TID 1761)
[2026-04-03T02:50:11.759+0600][40.433s][info][gc,stats    ]      10 of  1758 ms (  0.6%): Executor task launch worker for task 5.0 in stage 867.0 (TID 1764)
[2026-04-03T02:50:11.759+0600][40.433s][info][gc,stats    ]      10 of  1758 ms (  0.6%): Executor task launch worker for task 7.0 in stage 867.0 (TID 1766)
[2026-04-03T02:50:11.759+0600][40.433s][info][gc,stats    ]      11 of  1758 ms (  0.6%): Executor task launch worker for task 6.0 in stage 867.0 (TID 1765)
[2026-04-03T02:50:11.759+0600][40.433s][info][gc,stats    ]      84 of  1758 ms (  4.8%): <total>
[2026-04-03T02:50:11.759+0600][40.433s][info][gc,stats    ]       0 of  1758 ms (  0.0%): <average total>
[2026-04-03T02:50:11.759+0600][40.433s][info][gc,stats    ]      11 of  1758 ms (  0.6%): <average non-zero>
[2026-04-03T02:50:11.759+0600][40.433s][info][gc,stats    ] 
[2026-04-03T02:50:11.759+0600][40.433s][info][gc,metaspace] Metaspace: 130537K(131776K)->130546K(131776K) NonClass: 114081K(114752K)->114090K(114752K) Class: 16455K(17024K)->16455K(17024K)
[2026-04-03T02:50:11.759+0600][40.433s][info][gc,ergo     ] Pacer for Idle. Initial: 40960K, Alloc Tax Rate: 1.0x
[2026-04-03T02:50:12.062+0600][40.736s][info][gc          ] Trigger: Average GC time (213.49 ms) is above the time for instantaneous allocation rate (3834 MB/s) to deplete free headroom (741M) (spike threshold = 1.77)
[2026-04-03T02:50:12.062+0600][40.736s][info][gc,ergo     ] Free: 841M, Max: 512K regular, 593M humongous, Frag: 30% external, 0% internal; Reserve: 100M, Max: 512K
[2026-04-03T02:50:12.062+0600][40.736s][info][gc,start    ] GC(19) Concurrent reset
[2026-04-03T02:50:12.062+0600][40.736s][info][gc,task     ] GC(19) Using 3 of 6 workers for concurrent reset
[2026-04-03T02:50:12.062+0600][40.736s][info][gc,ergo     ] GC(19) Pacer for Reset. Non-Taxable: 2000M
[2026-04-03T02:50:12.065+0600][40.739s][info][gc          ] GC(19) Concurrent reset 2.542ms
[2026-04-03T02:50:12.065+0600][40.739s][info][gc,start    ] GC(19) Pause Init Mark (unload classes)
[2026-04-03T02:50:12.065+0600][40.739s][info][gc,task     ] GC(19) Using 6 of 6 workers for init marking
[2026-04-03T02:50:12.065+0600][40.739s][info][gc,ergo     ] GC(19) Pacer for Mark. Expected Live: 92748K, Free: 840M, Non-Taxable: 86106K, Alloc Tax Rate: 0.1x
[2026-04-03T02:50:12.065+0600][40.739s][info][gc          ] GC(19) Pause Init Mark (unload classes) 0.205ms
[2026-04-03T02:50:12.065+0600][40.739s][info][gc,start    ] GC(19) Concurrent marking roots
[2026-04-03T02:50:12.065+0600][40.739s][info][gc,task     ] GC(19) Using 3 of 6 workers for concurrent marking roots
[2026-04-03T02:50:12.067+0600][40.741s][info][gc          ] GC(19) Concurrent marking roots 1.533ms
[2026-04-03T02:50:12.067+0600][40.741s][info][gc,start    ] GC(19) Concurrent marking (unload classes)
[2026-04-03T02:50:12.067+0600][40.741s][info][gc,task     ] GC(19) Using 3 of 6 workers for concurrent marking
[2026-04-03T02:50:12.110+0600][40.784s][info][gc          ] GC(19) Concurrent marking (unload classes) 43.362ms
[2026-04-03T02:50:12.111+0600][40.784s][info][gc,start    ] GC(19) Pause Final Mark (unload classes)
[2026-04-03T02:50:12.111+0600][40.784s][info][gc,task     ] GC(19) Using 6 of 6 workers for final marking
[2026-04-03T02:50:12.111+0600][40.785s][info][gc,ergo     ] GC(19) Adaptive CSet Selection. Target Free: 283M, Actual Free: 1678M, Max CSet: 85333K, Min Garbage: 0B
[2026-04-03T02:50:12.111+0600][40.785s][info][gc,ergo     ] GC(19) Collectable Garbage: 868M (99%), Immediate: 758M (86%), CSet: 110M (12%)
[2026-04-03T02:50:12.111+0600][40.785s][info][gc,ergo     ] GC(19) Pacer for Evacuation. Used CSet: 116M, Free: 1670M, Non-Taxable: 167M, Alloc Tax Rate: 1.1x
[2026-04-03T02:50:12.111+0600][40.785s][info][gc          ] GC(19) Pause Final Mark (unload classes) 0.585ms
[2026-04-03T02:50:12.111+0600][40.785s][info][gc,start    ] GC(19) Concurrent thread roots
[2026-04-03T02:50:12.111+0600][40.785s][info][gc,task     ] GC(19) Using 3 of 6 workers for Concurrent thread roots
[2026-04-03T02:50:12.112+0600][40.786s][info][gc          ] GC(19) Concurrent thread roots 1.024ms
[2026-04-03T02:50:12.112+0600][40.786s][info][gc,start    ] GC(19) Concurrent weak references
[2026-04-03T02:50:12.112+0600][40.786s][info][gc,task     ] GC(19) Using 3 of 6 workers for concurrent weak references
[2026-04-03T02:50:12.113+0600][40.787s][info][gc,ref      ] GC(19) Encountered references: Soft: 3867, Weak: 15397, Final: 84, Phantom: 621
[2026-04-03T02:50:12.113+0600][40.787s][info][gc,ref      ] GC(19) Discovered  references: Soft: 0, Weak: 4685, Final: 0, Phantom: 233
[2026-04-03T02:50:12.113+0600][40.787s][info][gc,ref      ] GC(19) Enqueued    references: Soft: 0, Weak: 947, Final: 0, Phantom: 0
[2026-04-03T02:50:12.113+0600][40.787s][info][gc          ] GC(19) Concurrent weak references 0.654ms
[2026-04-03T02:50:12.113+0600][40.787s][info][gc,start    ] GC(19) Concurrent weak roots
[2026-04-03T02:50:12.113+0600][40.787s][info][gc,task     ] GC(19) Using 3 of 6 workers for concurrent weak root
[2026-04-03T02:50:12.122+0600][40.796s][info][gc          ] GC(19) Concurrent weak roots 8.935ms
[2026-04-03T02:50:12.122+0600][40.796s][info][gc,start    ] GC(19) Concurrent cleanup
[2026-04-03T02:50:12.123+0600][40.797s][info][gc          ] GC(19) Concurrent cleanup 992M->234M(1705M) 1.098ms
[2026-04-03T02:50:12.123+0600][40.797s][info][gc,ergo     ] GC(19) Free: 1663M, Max: 512K regular, 572M humongous, Frag: 66% external, 0% internal; Reserve: 101762K, Max: 512K
[2026-04-03T02:50:12.123+0600][40.797s][info][gc,start    ] GC(19) Concurrent class unloading
[2026-04-03T02:50:12.123+0600][40.797s][info][gc,task     ] GC(19) Using 3 of 6 workers for concurrent class unloading
[2026-04-03T02:50:12.146+0600][40.820s][info][gc          ] GC(19) Concurrent class unloading 23.052ms
[2026-04-03T02:50:12.146+0600][40.820s][info][gc,start    ] GC(19) Concurrent strong roots
[2026-04-03T02:50:12.146+0600][40.820s][info][gc,task     ] GC(19) Using 3 of 6 workers for concurrent strong root
[2026-04-03T02:50:12.148+0600][40.822s][info][gc          ] GC(19) Concurrent strong roots 1.378ms
[2026-04-03T02:50:12.148+0600][40.822s][info][gc,start    ] GC(19) Concurrent evacuation
[2026-04-03T02:50:12.148+0600][40.822s][info][gc,task     ] GC(19) Using 3 of 6 workers for concurrent evacuation
[2026-04-03T02:50:12.151+0600][40.825s][info][gc          ] GC(19) Concurrent evacuation 3.157ms
[2026-04-03T02:50:12.151+0600][40.825s][info][gc,start    ] GC(19) Pause Init Update Refs
[2026-04-03T02:50:12.151+0600][40.825s][info][gc,ergo     ] GC(19) Pacer for Update Refs. Used: 263M, Free: 1636M, Non-Taxable: 163M, Alloc Tax Rate: 1.1x
[2026-04-03T02:50:12.151+0600][40.825s][info][gc          ] GC(19) Pause Init Update Refs 0.138ms
[2026-04-03T02:50:12.152+0600][40.825s][info][gc,start    ] GC(19) Concurrent update references
[2026-04-03T02:50:12.152+0600][40.825s][info][gc,task     ] GC(19) Using 3 of 6 workers for concurrent reference update
[2026-04-03T02:50:12.202+0600][40.876s][info][gc          ] GC(19) Concurrent update references 50.304ms
[2026-04-03T02:50:12.202+0600][40.876s][info][gc,start    ] GC(19) Concurrent update thread roots
[2026-04-03T02:50:12.203+0600][40.877s][info][gc          ] GC(19) Concurrent update thread roots 1.331ms
[2026-04-03T02:50:12.203+0600][40.877s][info][gc,start    ] GC(19) Pause Final Update Refs
[2026-04-03T02:50:12.203+0600][40.877s][info][gc,task     ] GC(19) Using 6 of 6 workers for final reference update
[2026-04-03T02:50:12.204+0600][40.877s][info][gc          ] GC(19) Pause Final Update Refs 0.189ms
[2026-04-03T02:50:12.204+0600][40.878s][info][gc,start    ] GC(19) Concurrent cleanup
[2026-04-03T02:50:12.204+0600][40.878s][info][gc          ] GC(19) Concurrent cleanup 282M->167M(1705M) 0.767ms
[2026-04-03T02:50:12.205+0600][40.878s][info][gc,ergo     ] Free: 1721M, Max: 512K regular, 870M humongous, Frag: 50% external, 0% internal; Reserve: 100M, Max: 512K
[2026-04-03T02:50:12.205+0600][40.878s][info][gc,stats    ] 
[2026-04-03T02:50:12.205+0600][40.878s][info][gc,stats    ] All times are wall-clock times, except per-root-class counters, that are sum over
[2026-04-03T02:50:12.205+0600][40.878s][info][gc,stats    ] all workers. Dividing the <total> over the root stage time estimates parallelism.
[2026-04-03T02:50:12.205+0600][40.878s][info][gc,stats    ] 
[2026-04-03T02:50:12.205+0600][40.878s][info][gc,stats    ] Concurrent Reset                   2586 us
[2026-04-03T02:50:12.205+0600][40.878s][info][gc,stats    ] Pause Init Mark (G)                 588 us
[2026-04-03T02:50:12.205+0600][40.878s][info][gc,stats    ] Pause Init Mark (N)                 221 us
[2026-04-03T02:50:12.205+0600][40.878s][info][gc,stats    ]   Update Region States               61 us
[2026-04-03T02:50:12.205+0600][40.878s][info][gc,stats    ] Concurrent Mark Roots              1566 us, parallelism: 1.94x
[2026-04-03T02:50:12.205+0600][40.878s][info][gc,stats    ]   CMR: <total>                     3041 us
[2026-04-03T02:50:12.205+0600][40.878s][info][gc,stats    ]   CMR: Thread Roots                2577 us, workers (us): 587, 991, 999, ---, ---, ---, 
[2026-04-03T02:50:12.205+0600][40.878s][info][gc,stats    ]   CMR: VM Strong Roots               47 us, workers (us):  24,  22,   1, ---, ---, ---, 
[2026-04-03T02:50:12.205+0600][40.878s][info][gc,stats    ]   CMR: CLDG Roots                   418 us, workers (us): 418, ---, ---, ---, ---, ---, 
[2026-04-03T02:50:12.205+0600][40.879s][info][gc,stats    ] Concurrent Marking                43444 us
[2026-04-03T02:50:12.205+0600][40.879s][info][gc,stats    ] Pause Final Mark (G)                866 us
[2026-04-03T02:50:12.205+0600][40.879s][info][gc,stats    ] Pause Final Mark (N)                595 us
[2026-04-03T02:50:12.205+0600][40.879s][info][gc,stats    ]   Finish Mark                       171 us
[2026-04-03T02:50:12.205+0600][40.879s][info][gc,stats    ]   Update Region States               54 us
[2026-04-03T02:50:12.205+0600][40.879s][info][gc,stats    ]   Choose Collection Set             173 us
[2026-04-03T02:50:12.205+0600][40.879s][info][gc,stats    ]   Rebuild Free Set                   45 us
[2026-04-03T02:50:12.205+0600][40.879s][info][gc,stats    ] Concurrent Thread Roots            1062 us, parallelism: 2.48x
[2026-04-03T02:50:12.205+0600][40.879s][info][gc,stats    ]   CTR: <total>                     2634 us
[2026-04-03T02:50:12.205+0600][40.879s][info][gc,stats    ]   CTR: Thread Roots                2634 us, workers (us): 898, 874, 862, ---, ---, ---, 
[2026-04-03T02:50:12.205+0600][40.879s][info][gc,stats    ] Concurrent Weak References          669 us, parallelism: 1.32x
[2026-04-03T02:50:12.205+0600][40.879s][info][gc,stats    ]   CWRF: <total>                     883 us
[2026-04-03T02:50:12.205+0600][40.879s][info][gc,stats    ]   CWRF: Weak References             883 us, workers (us): 518, 365,   0, ---, ---, ---, 
[2026-04-03T02:50:12.205+0600][40.879s][info][gc,stats    ] Concurrent Weak Roots              9022 us
[2026-04-03T02:50:12.205+0600][40.879s][info][gc,stats    ]   Roots                            6629 us, parallelism: 2.29x
[2026-04-03T02:50:12.205+0600][40.879s][info][gc,stats    ]     CWR: <total>                  15213 us
[2026-04-03T02:50:12.205+0600][40.879s][info][gc,stats    ]     CWR: Code Cache Roots         12266 us, workers (us): 4580, 4897, 2788, ---, ---, ---, 
[2026-04-03T02:50:12.205+0600][40.879s][info][gc,stats    ]     CWR: VM Weak Roots             2705 us, workers (us): 1354, 1349,   2, ---, ---, ---, 
[2026-04-03T02:50:12.205+0600][40.879s][info][gc,stats    ]     CWR: CLDG Roots                 243 us, workers (us): 243, ---, ---, ---, ---, ---, 
[2026-04-03T02:50:12.205+0600][40.879s][info][gc,stats    ]   Rendezvous                       2273 us
[2026-04-03T02:50:12.205+0600][40.879s][info][gc,stats    ] Concurrent Cleanup                 1169 us
[2026-04-03T02:50:12.205+0600][40.879s][info][gc,stats    ] Concurrent Class Unloading        23144 us
[2026-04-03T02:50:12.205+0600][40.879s][info][gc,stats    ]   Unlink Stale                    19514 us
[2026-04-03T02:50:12.205+0600][40.879s][info][gc,stats    ]     System Dictionary               303 us
[2026-04-03T02:50:12.205+0600][40.879s][info][gc,stats    ]     Weak Class Links                  0 us
[2026-04-03T02:50:12.205+0600][40.879s][info][gc,stats    ]     Code Roots                    19207 us
[2026-04-03T02:50:12.205+0600][40.879s][info][gc,stats    ]   Rendezvous                        411 us
[2026-04-03T02:50:12.205+0600][40.879s][info][gc,stats    ]   Purge Unlinked                   3086 us
[2026-04-03T02:50:12.205+0600][40.879s][info][gc,stats    ]     Code Roots                     3068 us
[2026-04-03T02:50:12.205+0600][40.879s][info][gc,stats    ]     CLDG                             17 us
[2026-04-03T02:50:12.205+0600][40.879s][info][gc,stats    ]     Exception Caches                  0 us
[2026-04-03T02:50:12.205+0600][40.879s][info][gc,stats    ] Concurrent Strong Roots            1420 us, parallelism: 0.70x
[2026-04-03T02:50:12.205+0600][40.879s][info][gc,stats    ]   CSR: <total>                      992 us
[2026-04-03T02:50:12.205+0600][40.879s][info][gc,stats    ]   CSR: VM Strong Roots               72 us, workers (us):  35,  33,   4, ---, ---, ---, 
[2026-04-03T02:50:12.205+0600][40.879s][info][gc,stats    ]   CSR: CLDG Roots                   919 us, workers (us): 919, ---, ---, ---, ---, ---, 
[2026-04-03T02:50:12.205+0600][40.879s][info][gc,stats    ] Concurrent Evacuation              3266 us
[2026-04-03T02:50:12.205+0600][40.879s][info][gc,stats    ] Pause Init Update Refs (G)          361 us
[2026-04-03T02:50:12.205+0600][40.879s][info][gc,stats    ] Pause Init Update Refs (N)          151 us
[2026-04-03T02:50:12.205+0600][40.879s][info][gc,stats    ]   Manage GCLABs                      48 us
[2026-04-03T02:50:12.205+0600][40.879s][info][gc,stats    ] Concurrent Update Refs            50401 us
[2026-04-03T02:50:12.205+0600][40.879s][info][gc,stats    ] Concurrent Update Thread Roots     1368 us
[2026-04-03T02:50:12.205+0600][40.879s][info][gc,stats    ] Pause Final Update Refs (G)         372 us
[2026-04-03T02:50:12.205+0600][40.879s][info][gc,stats    ] Pause Final Update Refs (N)         218 us
[2026-04-03T02:50:12.205+0600][40.879s][info][gc,stats    ]   Update Region States               72 us
[2026-04-03T02:50:12.205+0600][40.879s][info][gc,stats    ]   Trash Collection Set               17 us
[2026-04-03T02:50:12.205+0600][40.879s][info][gc,stats    ]   Rebuild Free Set                   52 us
[2026-04-03T02:50:12.205+0600][40.879s][info][gc,stats    ] Concurrent Cleanup                  788 us
[2026-04-03T02:50:12.205+0600][40.879s][info][gc,stats    ] 
[2026-04-03T02:50:12.205+0600][40.879s][info][gc,stats    ] Allocation pacing accrued:
[2026-04-03T02:50:12.205+0600][40.879s][info][gc,stats    ]       0 of   446 ms (  0.0%): <total>
[2026-04-03T02:50:12.205+0600][40.879s][info][gc,stats    ]       0 of   446 ms (  0.0%): <average total>
[2026-04-03T02:50:12.205+0600][40.879s][info][gc,stats    ] 
[2026-04-03T02:50:12.205+0600][40.879s][info][gc,metaspace] Metaspace: 130566K(131776K)->130568K(131776K) NonClass: 114110K(114752K)->114112K(114752K) Class: 16456K(17024K)->16456K(17024K)
[2026-04-03T02:50:12.205+0600][40.879s][info][gc,ergo     ] Pacer for Idle. Initial: 40960K, Alloc Tax Rate: 1.0x
[2026-04-03T02:50:13.716+0600][42.390s][info][gc          ] Trigger: Average GC time (207.49 ms) is above the time for average allocation rate (1103 MB/s) to deplete free headroom (210M) (margin of error = 1.81)
[2026-04-03T02:50:13.716+0600][42.390s][info][gc,ergo     ] Free headroom: 310M (free) - 100M (spike) - 0B (penalties) = 210M
[2026-04-03T02:50:13.716+0600][42.390s][info][gc,ergo     ] Free: 310M, Max: 512K regular, 309M humongous, Frag: 0% external, 0% internal; Reserve: 100M, Max: 512K
[2026-04-03T02:50:13.716+0600][42.390s][info][gc,start    ] GC(20) Concurrent reset
[2026-04-03T02:50:13.716+0600][42.390s][info][gc,task     ] GC(20) Using 3 of 6 workers for concurrent reset
[2026-04-03T02:50:13.716+0600][42.390s][info][gc,ergo     ] GC(20) Pacer for Reset. Non-Taxable: 2000M
[2026-04-03T02:50:13.718+0600][42.392s][info][gc          ] GC(20) Concurrent reset 1.647ms
[2026-04-03T02:50:13.718+0600][42.392s][info][gc,start    ] GC(20) Pause Init Mark (unload classes)
[2026-04-03T02:50:13.718+0600][42.392s][info][gc,task     ] GC(20) Using 6 of 6 workers for init marking
[2026-04-03T02:50:13.718+0600][42.392s][info][gc,ergo     ] GC(20) Pacer for Mark. Expected Live: 92961K, Free: 309M, Non-Taxable: 31725K, Alloc Tax Rate: 0.4x
[2026-04-03T02:50:13.718+0600][42.392s][info][gc          ] GC(20) Pause Init Mark (unload classes) 0.160ms
[2026-04-03T02:50:13.718+0600][42.392s][info][gc,start    ] GC(20) Concurrent marking roots
[2026-04-03T02:50:13.718+0600][42.392s][info][gc,task     ] GC(20) Using 3 of 6 workers for concurrent marking roots
[2026-04-03T02:50:13.722+0600][42.396s][info][gc          ] GC(20) Concurrent marking roots 3.273ms
[2026-04-03T02:50:13.722+0600][42.396s][info][gc,start    ] GC(20) Concurrent marking (unload classes)
[2026-04-03T02:50:13.722+0600][42.396s][info][gc,task     ] GC(20) Using 3 of 6 workers for concurrent marking
[2026-04-03T02:50:13.803+0600][42.477s][info][gc          ] GC(20) Concurrent marking (unload classes) 80.876ms
[2026-04-03T02:50:13.803+0600][42.477s][info][gc,start    ] GC(20) Pause Final Mark (unload classes)
[2026-04-03T02:50:13.803+0600][42.477s][info][gc,task     ] GC(20) Using 6 of 6 workers for final marking
[2026-04-03T02:50:13.804+0600][42.477s][info][gc,ergo     ] GC(20) Adaptive CSet Selection. Target Free: 283M, Actual Free: 1392M, Max CSet: 85333K, Min Garbage: 0B
[2026-04-03T02:50:13.804+0600][42.478s][info][gc,ergo     ] GC(20) Collectable Garbage: 1362M (99%), Immediate: 1041M (75%), CSet: 320M (23%)
[2026-04-03T02:50:13.804+0600][42.478s][info][gc,ergo     ] GC(20) Pacer for Evacuation. Used CSet: 331M, Free: 1421M, Non-Taxable: 142M, Alloc Tax Rate: 1.1x
[2026-04-03T02:50:13.804+0600][42.478s][info][gc          ] GC(20) Pause Final Mark (unload classes) 1.124ms
[2026-04-03T02:50:13.804+0600][42.478s][info][gc,start    ] GC(20) Concurrent thread roots
[2026-04-03T02:50:13.804+0600][42.478s][info][gc,task     ] GC(20) Using 3 of 6 workers for Concurrent thread roots
[2026-04-03T02:50:13.806+0600][42.479s][info][gc          ] GC(20) Concurrent thread roots 1.332ms
[2026-04-03T02:50:13.806+0600][42.479s][info][gc,start    ] GC(20) Concurrent weak references
[2026-04-03T02:50:13.806+0600][42.479s][info][gc,task     ] GC(20) Using 3 of 6 workers for concurrent weak references
[2026-04-03T02:50:13.806+0600][42.480s][info][gc,ref      ] GC(20) Encountered references: Soft: 3876, Weak: 16893, Final: 84, Phantom: 629
[2026-04-03T02:50:13.806+0600][42.480s][info][gc,ref      ] GC(20) Discovered  references: Soft: 0, Weak: 5156, Final: 0, Phantom: 624
[2026-04-03T02:50:13.806+0600][42.480s][info][gc,ref      ] GC(20) Enqueued    references: Soft: 0, Weak: 1997, Final: 0, Phantom: 0
[2026-04-03T02:50:13.806+0600][42.480s][info][gc          ] GC(20) Concurrent weak references 0.787ms
[2026-04-03T02:50:13.806+0600][42.480s][info][gc,start    ] GC(20) Concurrent weak roots
[2026-04-03T02:50:13.806+0600][42.480s][info][gc,task     ] GC(20) Using 3 of 6 workers for concurrent weak root
[2026-04-03T02:50:13.819+0600][42.493s][info][gc          ] GC(20) Concurrent weak roots 12.773ms
[2026-04-03T02:50:13.819+0600][42.493s][info][gc,start    ] GC(20) Concurrent cleanup
[2026-04-03T02:50:13.821+0600][42.495s][info][gc          ] GC(20) Concurrent cleanup 1533M->495M(1705M) 1.535ms
[2026-04-03T02:50:13.821+0600][42.495s][info][gc,ergo     ] GC(20) Free: 1402M, Max: 512K regular, 236M humongous, Frag: 84% external, 0% internal; Reserve: 101474K, Max: 512K
[2026-04-03T02:50:13.821+0600][42.495s][info][gc,start    ] GC(20) Concurrent class unloading
[2026-04-03T02:50:13.821+0600][42.495s][info][gc,task     ] GC(20) Using 3 of 6 workers for concurrent class unloading
[2026-04-03T02:50:13.850+0600][42.524s][info][gc          ] GC(20) Concurrent class unloading 29.082ms
[2026-04-03T02:50:13.850+0600][42.524s][info][gc,start    ] GC(20) Concurrent strong roots
[2026-04-03T02:50:13.850+0600][42.524s][info][gc,task     ] GC(20) Using 3 of 6 workers for concurrent strong root
[2026-04-03T02:50:13.852+0600][42.525s][info][gc          ] GC(20) Concurrent strong roots 1.352ms
[2026-04-03T02:50:13.852+0600][42.525s][info][gc,start    ] GC(20) Concurrent evacuation
[2026-04-03T02:50:13.852+0600][42.525s][info][gc,task     ] GC(20) Using 3 of 6 workers for concurrent evacuation
[2026-04-03T02:50:13.858+0600][42.532s][info][gc          ] GC(20) Concurrent evacuation 6.111ms
[2026-04-03T02:50:13.858+0600][42.532s][info][gc,start    ] GC(20) Pause Init Update Refs
[2026-04-03T02:50:13.858+0600][42.532s][info][gc,ergo     ] GC(20) Pacer for Update Refs. Used: 528M, Free: 1376M, Non-Taxable: 137M, Alloc Tax Rate: 1.1x
[2026-04-03T02:50:13.858+0600][42.532s][info][gc          ] GC(20) Pause Init Update Refs 0.127ms
[2026-04-03T02:50:13.858+0600][42.532s][info][gc,start    ] GC(20) Concurrent update references
[2026-04-03T02:50:13.858+0600][42.532s][info][gc,task     ] GC(20) Using 3 of 6 workers for concurrent reference update
[2026-04-03T02:50:13.911+0600][42.585s][info][gc          ] GC(20) Concurrent update references 52.859ms
[2026-04-03T02:50:13.911+0600][42.585s][info][gc,start    ] GC(20) Concurrent update thread roots
[2026-04-03T02:50:13.912+0600][42.586s][info][gc          ] GC(20) Concurrent update thread roots 1.224ms
[2026-04-03T02:50:13.912+0600][42.586s][info][gc,start    ] GC(20) Pause Final Update Refs
[2026-04-03T02:50:13.912+0600][42.586s][info][gc,task     ] GC(20) Using 6 of 6 workers for final reference update
[2026-04-03T02:50:13.913+0600][42.586s][info][gc          ] GC(20) Pause Final Update Refs 0.187ms
[2026-04-03T02:50:13.913+0600][42.587s][info][gc,start    ] GC(20) Concurrent cleanup
[2026-04-03T02:50:13.913+0600][42.587s][info][gc          ] GC(20) Concurrent cleanup 547M->215M(1705M) 0.694ms
[2026-04-03T02:50:13.913+0600][42.587s][info][gc,ergo     ] Free: 1676M, Max: 512K regular, 1074M humongous, Frag: 36% external, 0% internal; Reserve: 100M, Max: 512K
[2026-04-03T02:50:13.913+0600][42.587s][info][gc,stats    ] 
[2026-04-03T02:50:13.913+0600][42.587s][info][gc,stats    ] All times are wall-clock times, except per-root-class counters, that are sum over
[2026-04-03T02:50:13.913+0600][42.587s][info][gc,stats    ] all workers. Dividing the <total> over the root stage time estimates parallelism.
[2026-04-03T02:50:13.913+0600][42.587s][info][gc,stats    ] 
[2026-04-03T02:50:13.913+0600][42.587s][info][gc,stats    ] Concurrent Reset                   1696 us
[2026-04-03T02:50:13.913+0600][42.587s][info][gc,stats    ] Pause Init Mark (G)                 548 us
[2026-04-03T02:50:13.913+0600][42.587s][info][gc,stats    ] Pause Init Mark (N)                 170 us
[2026-04-03T02:50:13.913+0600][42.587s][info][gc,stats    ]   Update Region States               43 us
[2026-04-03T02:50:13.913+0600][42.587s][info][gc,stats    ] Concurrent Mark Roots              3338 us, parallelism: 0.84x
[2026-04-03T02:50:13.914+0600][42.587s][info][gc,stats    ]   CMR: <total>                     2814 us
[2026-04-03T02:50:13.914+0600][42.587s][info][gc,stats    ]   CMR: Thread Roots                2478 us, workers (us): 2478,   0,   0, ---, ---, ---, 
[2026-04-03T02:50:13.914+0600][42.587s][info][gc,stats    ]   CMR: VM Strong Roots               50 us, workers (us):  50,   0,   0, ---, ---, ---, 
[2026-04-03T02:50:13.914+0600][42.587s][info][gc,stats    ]   CMR: CLDG Roots                   286 us, workers (us): 286, ---, ---, ---, ---, ---, 
[2026-04-03T02:50:13.914+0600][42.587s][info][gc,stats    ] Concurrent Marking                80995 us
[2026-04-03T02:50:13.914+0600][42.587s][info][gc,stats    ] Pause Final Mark (G)               1425 us
[2026-04-03T02:50:13.914+0600][42.587s][info][gc,stats    ] Pause Final Mark (N)               1144 us
[2026-04-03T02:50:13.914+0600][42.587s][info][gc,stats    ]   Finish Mark                       322 us
[2026-04-03T02:50:13.914+0600][42.587s][info][gc,stats    ]   Update Region States               95 us
[2026-04-03T02:50:13.914+0600][42.587s][info][gc,stats    ]   Choose Collection Set             404 us
[2026-04-03T02:50:13.914+0600][42.587s][info][gc,stats    ]   Rebuild Free Set                   54 us
[2026-04-03T02:50:13.914+0600][42.587s][info][gc,stats    ] Concurrent Thread Roots            1388 us, parallelism: 2.16x
[2026-04-03T02:50:13.914+0600][42.587s][info][gc,stats    ]   CTR: <total>                     3004 us
[2026-04-03T02:50:13.914+0600][42.587s][info][gc,stats    ]   CTR: Thread Roots                3004 us, workers (us): 1001, 1007, 996, ---, ---, ---, 
[2026-04-03T02:50:13.914+0600][42.587s][info][gc,stats    ] Concurrent Weak References          804 us, parallelism: 1.56x
[2026-04-03T02:50:13.914+0600][42.587s][info][gc,stats    ]   CWRF: <total>                    1251 us
[2026-04-03T02:50:13.914+0600][42.587s][info][gc,stats    ]   CWRF: Weak References            1251 us, workers (us): 528, 271, 451, ---, ---, ---, 
[2026-04-03T02:50:13.914+0600][42.587s][info][gc,stats    ] Concurrent Weak Roots             12888 us
[2026-04-03T02:50:13.914+0600][42.587s][info][gc,stats    ]   Roots                           10077 us, parallelism: 2.24x
[2026-04-03T02:50:13.914+0600][42.587s][info][gc,stats    ]     CWR: <total>                  22582 us
[2026-04-03T02:50:13.914+0600][42.587s][info][gc,stats    ]     CWR: Code Cache Roots         18571 us, workers (us): 6227, 6081, 6264, ---, ---, ---, 
[2026-04-03T02:50:13.914+0600][42.588s][info][gc,stats    ]     CWR: VM Weak Roots             3681 us, workers (us): 3201, 234, 246, ---, ---, ---, 
[2026-04-03T02:50:13.914+0600][42.588s][info][gc,stats    ]     CWR: CLDG Roots                 330 us, workers (us): ---, 330, ---, ---, ---, ---, 
[2026-04-03T02:50:13.914+0600][42.588s][info][gc,stats    ]   Rendezvous                       2662 us
[2026-04-03T02:50:13.914+0600][42.588s][info][gc,stats    ] Concurrent Cleanup                 1615 us
[2026-04-03T02:50:13.914+0600][42.588s][info][gc,stats    ] Concurrent Class Unloading        29166 us
[2026-04-03T02:50:13.914+0600][42.588s][info][gc,stats    ]   Unlink Stale                    22180 us
[2026-04-03T02:50:13.914+0600][42.588s][info][gc,stats    ]     System Dictionary               353 us
[2026-04-03T02:50:13.914+0600][42.588s][info][gc,stats    ]     Weak Class Links                  1 us
[2026-04-03T02:50:13.914+0600][42.588s][info][gc,stats    ]     Code Roots                    21822 us
[2026-04-03T02:50:13.914+0600][42.588s][info][gc,stats    ]   Rendezvous                        648 us
[2026-04-03T02:50:13.914+0600][42.588s][info][gc,stats    ]   Purge Unlinked                   6207 us
[2026-04-03T02:50:13.914+0600][42.588s][info][gc,stats    ]     Code Roots                     6182 us
[2026-04-03T02:50:13.914+0600][42.588s][info][gc,stats    ]     CLDG                             23 us
[2026-04-03T02:50:13.914+0600][42.588s][info][gc,stats    ]     Exception Caches                  0 us
[2026-04-03T02:50:13.914+0600][42.588s][info][gc,stats    ] Concurrent Strong Roots            1423 us, parallelism: 0.64x
[2026-04-03T02:50:13.914+0600][42.588s][info][gc,stats    ]   CSR: <total>                      911 us
[2026-04-03T02:50:13.914+0600][42.588s][info][gc,stats    ]   CSR: VM Strong Roots               58 us, workers (us):  49,   9,   0, ---, ---, ---, 
[2026-04-03T02:50:13.914+0600][42.588s][info][gc,stats    ]   CSR: CLDG Roots                   853 us, workers (us): 853, ---, ---, ---, ---, ---, 
[2026-04-03T02:50:13.914+0600][42.588s][info][gc,stats    ] Concurrent Evacuation              6184 us
[2026-04-03T02:50:13.914+0600][42.588s][info][gc,stats    ] Pause Init Update Refs (G)          302 us
[2026-04-03T02:50:13.914+0600][42.588s][info][gc,stats    ] Pause Init Update Refs (N)          139 us
[2026-04-03T02:50:13.914+0600][42.588s][info][gc,stats    ]   Manage GCLABs                      57 us
[2026-04-03T02:50:13.914+0600][42.588s][info][gc,stats    ] Concurrent Update Refs            52932 us
[2026-04-03T02:50:13.914+0600][42.588s][info][gc,stats    ] Concurrent Update Thread Roots     1306 us
[2026-04-03T02:50:13.914+0600][42.588s][info][gc,stats    ] Pause Final Update Refs (G)         329 us
[2026-04-03T02:50:13.914+0600][42.588s][info][gc,stats    ] Pause Final Update Refs (N)         206 us
[2026-04-03T02:50:13.914+0600][42.588s][info][gc,stats    ]   Update Region States               66 us
[2026-04-03T02:50:13.914+0600][42.588s][info][gc,stats    ]   Trash Collection Set               27 us
[2026-04-03T02:50:13.914+0600][42.588s][info][gc,stats    ]   Rebuild Free Set                   54 us
[2026-04-03T02:50:13.914+0600][42.588s][info][gc,stats    ] Concurrent Cleanup                  710 us
[2026-04-03T02:50:13.914+0600][42.588s][info][gc,stats    ] Pacing                           324563 us
[2026-04-03T02:50:13.914+0600][42.588s][info][gc,stats    ] 
[2026-04-03T02:50:13.914+0600][42.588s][info][gc,stats    ] Allocation pacing accrued:
[2026-04-03T02:50:13.914+0600][42.588s][info][gc,stats    ]      10 of  1709 ms (  0.6%): Spark Context Cleaner
[2026-04-03T02:50:13.914+0600][42.588s][info][gc,stats    ]      40 of  1709 ms (  2.4%): Executor task launch worker for task 0.0 in stage 1026.0 (TID 2013)
[2026-04-03T02:50:13.914+0600][42.588s][info][gc,stats    ]      43 of  1709 ms (  2.5%): Executor task launch worker for task 2.0 in stage 1026.0 (TID 2015)
[2026-04-03T02:50:13.914+0600][42.588s][info][gc,stats    ]      34 of  1709 ms (  2.0%): Executor task launch worker for task 7.0 in stage 1026.0 (TID 2020)
[2026-04-03T02:50:13.914+0600][42.588s][info][gc,stats    ]      34 of  1709 ms (  2.0%): Executor task launch worker for task 3.0 in stage 1026.0 (TID 2016)
[2026-04-03T02:50:13.914+0600][42.588s][info][gc,stats    ]      40 of  1709 ms (  2.3%): Executor task launch worker for task 6.0 in stage 1026.0 (TID 2019)
[2026-04-03T02:50:13.914+0600][42.588s][info][gc,stats    ]      43 of  1709 ms (  2.5%): Executor task launch worker for task 4.0 in stage 1026.0 (TID 2017)
[2026-04-03T02:50:13.914+0600][42.588s][info][gc,stats    ]      39 of  1709 ms (  2.3%): Executor task launch worker for task 0.0 in stage 1032.0 (TID 2022)
[2026-04-03T02:50:13.914+0600][42.588s][info][gc,stats    ]      42 of  1709 ms (  2.5%): Executor task launch worker for task 1.0 in stage 1026.0 (TID 2014)
[2026-04-03T02:50:13.914+0600][42.588s][info][gc,stats    ]     325 of  1709 ms ( 19.0%): <total>
[2026-04-03T02:50:13.914+0600][42.588s][info][gc,stats    ]       1 of  1709 ms (  0.1%): <average total>
[2026-04-03T02:50:13.914+0600][42.588s][info][gc,stats    ]      36 of  1709 ms (  2.1%): <average non-zero>
[2026-04-03T02:50:13.914+0600][42.588s][info][gc,stats    ] 
[2026-04-03T02:50:13.914+0600][42.588s][info][gc,metaspace] Metaspace: 130689K(131904K)->130708K(131904K) NonClass: 114218K(114880K)->114236K(114880K) Class: 16471K(17024K)->16471K(17024K)
[2026-04-03T02:50:13.914+0600][42.588s][info][gc,ergo     ] Pacer for Idle. Initial: 40960K, Alloc Tax Rate: 1.0x
[2026-04-03T02:50:14.116+0600][42.790s][info][gc          ] Trigger: Average GC time (223.83 ms) is above the time for instantaneous allocation rate (3959 MB/s) to deplete free headroom (770M) (spike threshold = 1.78)
[2026-04-03T02:50:14.116+0600][42.790s][info][gc,ergo     ] Free: 870M, Max: 512K regular, 634M humongous, Frag: 28% external, 0% internal; Reserve: 100M, Max: 512K
[2026-04-03T02:50:14.116+0600][42.790s][info][gc,start    ] GC(21) Concurrent reset
[2026-04-03T02:50:14.116+0600][42.790s][info][gc,task     ] GC(21) Using 3 of 6 workers for concurrent reset
[2026-04-03T02:50:14.116+0600][42.790s][info][gc,ergo     ] GC(21) Pacer for Reset. Non-Taxable: 2000M
[2026-04-03T02:50:14.118+0600][42.791s][info][gc          ] GC(21) Concurrent reset 1.739ms
[2026-04-03T02:50:14.118+0600][42.792s][info][gc,start    ] GC(21) Pause Init Mark (unload classes)
[2026-04-03T02:50:14.118+0600][42.792s][info][gc,task     ] GC(21) Using 6 of 6 workers for init marking
[2026-04-03T02:50:14.118+0600][42.792s][info][gc,ergo     ] GC(21) Pacer for Mark. Expected Live: 93583K, Free: 868M, Non-Taxable: 88967K, Alloc Tax Rate: 0.1x
[2026-04-03T02:50:14.118+0600][42.792s][info][gc          ] GC(21) Pause Init Mark (unload classes) 0.097ms
[2026-04-03T02:50:14.118+0600][42.792s][info][gc,start    ] GC(21) Concurrent marking roots
[2026-04-03T02:50:14.118+0600][42.792s][info][gc,task     ] GC(21) Using 3 of 6 workers for concurrent marking roots
[2026-04-03T02:50:14.119+0600][42.793s][info][gc          ] GC(21) Concurrent marking roots 1.159ms
[2026-04-03T02:50:14.119+0600][42.793s][info][gc,start    ] GC(21) Concurrent marking (unload classes)
[2026-04-03T02:50:14.119+0600][42.793s][info][gc,task     ] GC(21) Using 3 of 6 workers for concurrent marking
[2026-04-03T02:50:14.177+0600][42.851s][info][gc          ] GC(21) Concurrent marking (unload classes) 57.732ms
[2026-04-03T02:50:14.177+0600][42.851s][info][gc,start    ] GC(21) Pause Final Mark (unload classes)
[2026-04-03T02:50:14.177+0600][42.851s][info][gc,task     ] GC(21) Using 6 of 6 workers for final marking
[2026-04-03T02:50:14.178+0600][42.852s][info][gc,ergo     ] GC(21) Adaptive CSet Selection. Target Free: 283M, Actual Free: 1664M, Max CSet: 85333K, Min Garbage: 0B
[2026-04-03T02:50:14.178+0600][42.852s][info][gc,ergo     ] GC(21) Collectable Garbage: 844M (99%), Immediate: 749M (87%), CSet: 96731K (11%)
[2026-04-03T02:50:14.178+0600][42.852s][info][gc,ergo     ] GC(21) Pacer for Evacuation. Used CSet: 100M, Free: 1653M, Non-Taxable: 165M, Alloc Tax Rate: 1.1x
[2026-04-03T02:50:14.178+0600][42.852s][info][gc          ] GC(21) Pause Final Mark (unload classes) 0.823ms
[2026-04-03T02:50:14.178+0600][42.852s][info][gc,start    ] GC(21) Concurrent thread roots
[2026-04-03T02:50:14.178+0600][42.852s][info][gc,task     ] GC(21) Using 3 of 6 workers for Concurrent thread roots
[2026-04-03T02:50:14.180+0600][42.854s][info][gc          ] GC(21) Concurrent thread roots 1.418ms
[2026-04-03T02:50:14.180+0600][42.854s][info][gc,start    ] GC(21) Concurrent weak references
[2026-04-03T02:50:14.180+0600][42.854s][info][gc,task     ] GC(21) Using 3 of 6 workers for concurrent weak references
[2026-04-03T02:50:14.181+0600][42.855s][info][gc,ref      ] GC(21) Encountered references: Soft: 3868, Weak: 15427, Final: 84, Phantom: 621
[2026-04-03T02:50:14.181+0600][42.855s][info][gc,ref      ] GC(21) Discovered  references: Soft: 0, Weak: 7842, Final: 0, Phantom: 616
[2026-04-03T02:50:14.181+0600][42.855s][info][gc,ref      ] GC(21) Enqueued    references: Soft: 0, Weak: 943, Final: 0, Phantom: 0
[2026-04-03T02:50:14.181+0600][42.855s][info][gc          ] GC(21) Concurrent weak references 1.335ms
[2026-04-03T02:50:14.181+0600][42.855s][info][gc,start    ] GC(21) Concurrent weak roots
[2026-04-03T02:50:14.181+0600][42.855s][info][gc,task     ] GC(21) Using 3 of 6 workers for concurrent weak root
[2026-04-03T02:50:14.187+0600][42.861s][info][gc          ] GC(21) Concurrent weak roots 5.596ms
[2026-04-03T02:50:14.187+0600][42.861s][info][gc,start    ] GC(21) Concurrent cleanup
[2026-04-03T02:50:14.188+0600][42.862s][info][gc          ] GC(21) Concurrent cleanup 999M->249M(1705M) 1.165ms
[2026-04-03T02:50:14.188+0600][42.862s][info][gc,ergo     ] GC(21) Free: 1639M, Max: 512K regular, 627M humongous, Frag: 62% external, 0% internal; Reserve: 101373K, Max: 512K
[2026-04-03T02:50:14.188+0600][42.862s][info][gc,start    ] GC(21) Concurrent class unloading
[2026-04-03T02:50:14.188+0600][42.862s][info][gc,task     ] GC(21) Using 3 of 6 workers for concurrent class unloading
[2026-04-03T02:50:14.206+0600][42.880s][info][gc          ] GC(21) Concurrent class unloading 17.648ms
[2026-04-03T02:50:14.206+0600][42.880s][info][gc,start    ] GC(21) Concurrent strong roots
[2026-04-03T02:50:14.206+0600][42.880s][info][gc,task     ] GC(21) Using 3 of 6 workers for concurrent strong root
[2026-04-03T02:50:14.208+0600][42.882s][info][gc          ] GC(21) Concurrent strong roots 1.878ms
[2026-04-03T02:50:14.208+0600][42.882s][info][gc,start    ] GC(21) Concurrent evacuation
[2026-04-03T02:50:14.208+0600][42.882s][info][gc,task     ] GC(21) Using 3 of 6 workers for concurrent evacuation
[2026-04-03T02:50:14.211+0600][42.885s][info][gc          ] GC(21) Concurrent evacuation 2.999ms
[2026-04-03T02:50:14.211+0600][42.885s][info][gc,start    ] GC(21) Pause Init Update Refs
[2026-04-03T02:50:14.211+0600][42.885s][info][gc,ergo     ] GC(21) Pacer for Update Refs. Used: 263M, Free: 1632M, Non-Taxable: 163M, Alloc Tax Rate: 1.1x
[2026-04-03T02:50:14.211+0600][42.885s][info][gc          ] GC(21) Pause Init Update Refs 0.141ms
[2026-04-03T02:50:14.211+0600][42.885s][info][gc,start    ] GC(21) Concurrent update references
[2026-04-03T02:50:14.211+0600][42.885s][info][gc,task     ] GC(21) Using 3 of 6 workers for concurrent reference update
[2026-04-03T02:50:14.262+0600][42.936s][info][gc          ] GC(21) Concurrent update references 51.070ms
[2026-04-03T02:50:14.262+0600][42.936s][info][gc,start    ] GC(21) Concurrent update thread roots
[2026-04-03T02:50:14.265+0600][42.939s][info][gc          ] GC(21) Concurrent update thread roots 2.406ms
[2026-04-03T02:50:14.265+0600][42.939s][info][gc,start    ] GC(21) Pause Final Update Refs
[2026-04-03T02:50:14.265+0600][42.939s][info][gc,task     ] GC(21) Using 6 of 6 workers for final reference update
[2026-04-03T02:50:14.265+0600][42.939s][info][gc          ] GC(21) Pause Final Update Refs 0.281ms
[2026-04-03T02:50:14.266+0600][42.939s][info][gc,start    ] GC(21) Concurrent cleanup
[2026-04-03T02:50:14.266+0600][42.940s][info][gc          ] GC(21) Concurrent cleanup 289M->189M(1705M) 0.851ms
[2026-04-03T02:50:14.267+0600][42.940s][info][gc,ergo     ] Free: 1695M, Max: 512K regular, 875M humongous, Frag: 49% external, 0% internal; Reserve: 100M, Max: 512K
[2026-04-03T02:50:14.267+0600][42.940s][info][gc,stats    ] 
[2026-04-03T02:50:14.267+0600][42.940s][info][gc,stats    ] All times are wall-clock times, except per-root-class counters, that are sum over
[2026-04-03T02:50:14.267+0600][42.940s][info][gc,stats    ] all workers. Dividing the <total> over the root stage time estimates parallelism.
[2026-04-03T02:50:14.267+0600][42.940s][info][gc,stats    ] 
[2026-04-03T02:50:14.267+0600][42.940s][info][gc,stats    ] Concurrent Reset                   1787 us
[2026-04-03T02:50:14.267+0600][42.941s][info][gc,stats    ] Pause Init Mark (G)                 300 us
[2026-04-03T02:50:14.267+0600][42.941s][info][gc,stats    ] Pause Init Mark (N)                 104 us
[2026-04-03T02:50:14.267+0600][42.941s][info][gc,stats    ]   Update Region States               27 us
[2026-04-03T02:50:14.267+0600][42.941s][info][gc,stats    ] Concurrent Mark Roots              1195 us, parallelism: 1.80x
[2026-04-03T02:50:14.267+0600][42.941s][info][gc,stats    ]   CMR: <total>                     2156 us
[2026-04-03T02:50:14.267+0600][42.941s][info][gc,stats    ]   CMR: Thread Roots                1918 us, workers (us): 545, 745, 628, ---, ---, ---, 
[2026-04-03T02:50:14.267+0600][42.941s][info][gc,stats    ]   CMR: VM Strong Roots               44 us, workers (us):  21,  22,   1, ---, ---, ---, 
[2026-04-03T02:50:14.267+0600][42.941s][info][gc,stats    ]   CMR: CLDG Roots                   194 us, workers (us): 194, ---, ---, ---, ---, ---, 
[2026-04-03T02:50:14.267+0600][42.941s][info][gc,stats    ] Concurrent Marking                57845 us
[2026-04-03T02:50:14.267+0600][42.941s][info][gc,stats    ] Pause Final Mark (G)               1240 us
[2026-04-03T02:50:14.267+0600][42.941s][info][gc,stats    ] Pause Final Mark (N)                863 us
[2026-04-03T02:50:14.267+0600][42.941s][info][gc,stats    ]   Finish Mark                       283 us
[2026-04-03T02:50:14.267+0600][42.941s][info][gc,stats    ]   Update Region States               92 us
[2026-04-03T02:50:14.267+0600][42.941s][info][gc,stats    ]   Choose Collection Set             228 us
[2026-04-03T02:50:14.267+0600][42.941s][info][gc,stats    ]   Rebuild Free Set                   54 us
[2026-04-03T02:50:14.267+0600][42.941s][info][gc,stats    ] Concurrent Thread Roots            1477 us, parallelism: 2.50x
[2026-04-03T02:50:14.267+0600][42.941s][info][gc,stats    ]   CTR: <total>                     3697 us
[2026-04-03T02:50:14.267+0600][42.941s][info][gc,stats    ]   CTR: Thread Roots                3697 us, workers (us): 1244, 1241, 1212, ---, ---, ---, 
[2026-04-03T02:50:14.267+0600][42.941s][info][gc,stats    ] Concurrent Weak References         1352 us, parallelism: 1.17x
[2026-04-03T02:50:14.267+0600][42.941s][info][gc,stats    ]   CWRF: <total>                    1578 us
[2026-04-03T02:50:14.267+0600][42.941s][info][gc,stats    ]   CWRF: Weak References            1578 us, workers (us): 513, 1064,   0, ---, ---, ---, 
[2026-04-03T02:50:14.267+0600][42.941s][info][gc,stats    ] Concurrent Weak Roots              5706 us
[2026-04-03T02:50:14.267+0600][42.941s][info][gc,stats    ]   Roots                            5162 us, parallelism: 2.59x
[2026-04-03T02:50:14.267+0600][42.941s][info][gc,stats    ]     CWR: <total>                  13389 us
[2026-04-03T02:50:14.267+0600][42.941s][info][gc,stats    ]     CWR: Code Cache Roots          9524 us, workers (us): 3254, 3277, 2993, ---, ---, ---, 
[2026-04-03T02:50:14.267+0600][42.941s][info][gc,stats    ]     CWR: VM Weak Roots             3591 us, workers (us): 1355, 1218, 1018, ---, ---, ---, 
[2026-04-03T02:50:14.267+0600][42.941s][info][gc,stats    ]     CWR: CLDG Roots                 274 us, workers (us): ---, ---, 274, ---, ---, ---, 
[2026-04-03T02:50:14.267+0600][42.941s][info][gc,stats    ]   Rendezvous                        390 us
[2026-04-03T02:50:14.267+0600][42.941s][info][gc,stats    ] Concurrent Cleanup                 1217 us
[2026-04-03T02:50:14.267+0600][42.941s][info][gc,stats    ] Concurrent Class Unloading        17766 us
[2026-04-03T02:50:14.267+0600][42.941s][info][gc,stats    ]   Unlink Stale                    15812 us
[2026-04-03T02:50:14.267+0600][42.941s][info][gc,stats    ]     System Dictionary               304 us
[2026-04-03T02:50:14.267+0600][42.941s][info][gc,stats    ]     Weak Class Links                  1 us
[2026-04-03T02:50:14.267+0600][42.941s][info][gc,stats    ]     Code Roots                    15504 us
[2026-04-03T02:50:14.267+0600][42.941s][info][gc,stats    ]   Rendezvous                        483 us
[2026-04-03T02:50:14.267+0600][42.941s][info][gc,stats    ]   Purge Unlinked                   1312 us
[2026-04-03T02:50:14.267+0600][42.941s][info][gc,stats    ]     Code Roots                     1296 us
[2026-04-03T02:50:14.267+0600][42.941s][info][gc,stats    ]     CLDG                             16 us
[2026-04-03T02:50:14.267+0600][42.941s][info][gc,stats    ]     Exception Caches                  0 us
[2026-04-03T02:50:14.267+0600][42.941s][info][gc,stats    ] Concurrent Strong Roots            1970 us, parallelism: 0.74x
[2026-04-03T02:50:14.267+0600][42.941s][info][gc,stats    ]   CSR: <total>                     1460 us
[2026-04-03T02:50:14.267+0600][42.941s][info][gc,stats    ]   CSR: VM Strong Roots               67 us, workers (us):  58,   8,   1, ---, ---, ---, 
[2026-04-03T02:50:14.267+0600][42.941s][info][gc,stats    ]   CSR: CLDG Roots                  1394 us, workers (us): 1394, ---, ---, ---, ---, ---, 
[2026-04-03T02:50:14.267+0600][42.941s][info][gc,stats    ] Concurrent Evacuation              3092 us
[2026-04-03T02:50:14.267+0600][42.941s][info][gc,stats    ] Pause Init Update Refs (G)          319 us
[2026-04-03T02:50:14.267+0600][42.941s][info][gc,stats    ] Pause Init Update Refs (N)          154 us
[2026-04-03T02:50:14.267+0600][42.941s][info][gc,stats    ]   Manage GCLABs                      39 us
[2026-04-03T02:50:14.267+0600][42.941s][info][gc,stats    ] Concurrent Update Refs            51205 us
[2026-04-03T02:50:14.267+0600][42.941s][info][gc,stats    ] Concurrent Update Thread Roots     2512 us
[2026-04-03T02:50:14.267+0600][42.941s][info][gc,stats    ] Pause Final Update Refs (G)         591 us
[2026-04-03T02:50:14.267+0600][42.941s][info][gc,stats    ] Pause Final Update Refs (N)         309 us
[2026-04-03T02:50:14.267+0600][42.941s][info][gc,stats    ]   Update Region States               88 us
[2026-04-03T02:50:14.267+0600][42.941s][info][gc,stats    ]   Trash Collection Set               20 us
[2026-04-03T02:50:14.267+0600][42.941s][info][gc,stats    ]   Rebuild Free Set                   58 us
[2026-04-03T02:50:14.267+0600][42.941s][info][gc,stats    ] Concurrent Cleanup                  924 us
[2026-04-03T02:50:14.267+0600][42.941s][info][gc,stats    ] 
[2026-04-03T02:50:14.267+0600][42.941s][info][gc,stats    ] Allocation pacing accrued:
[2026-04-03T02:50:14.267+0600][42.941s][info][gc,stats    ]       0 of   353 ms (  0.0%): <total>
[2026-04-03T02:50:14.267+0600][42.941s][info][gc,stats    ]       0 of   353 ms (  0.0%): <average total>
[2026-04-03T02:50:14.267+0600][42.941s][info][gc,stats    ] 
[2026-04-03T02:50:14.267+0600][42.941s][info][gc,metaspace] Metaspace: 130714K(131904K)->130743K(131968K) NonClass: 114243K(114880K)->114270K(114944K) Class: 16471K(17024K)->16472K(17024K)
[2026-04-03T02:50:14.267+0600][42.941s][info][gc,ergo     ] Pacer for Idle. Initial: 40960K, Alloc Tax Rate: 1.0x
[2026-04-03T02:50:15.725+0600][44.399s][info][gc          ] Trigger: Average GC time (206.42 ms) is above the time for average allocation rate (994 MB/s) to deplete free headroom (203M) (margin of error = 1.81)
[2026-04-03T02:50:15.725+0600][44.399s][info][gc,ergo     ] Free headroom: 303M (free) - 100M (spike) - 0B (penalties) = 203M
[2026-04-03T02:50:15.726+0600][44.399s][info][gc,ergo     ] Free: 303M, Max: 512K regular, 302M humongous, Frag: 0% external, 0% internal; Reserve: 100M, Max: 512K
[2026-04-03T02:50:15.726+0600][44.399s][info][gc,start    ] GC(22) Concurrent reset
[2026-04-03T02:50:15.726+0600][44.399s][info][gc,task     ] GC(22) Using 3 of 6 workers for concurrent reset
[2026-04-03T02:50:15.726+0600][44.399s][info][gc,ergo     ] GC(22) Pacer for Reset. Non-Taxable: 2000M
[2026-04-03T02:50:15.727+0600][44.401s][info][gc          ] GC(22) Concurrent reset 1.850ms
[2026-04-03T02:50:15.728+0600][44.402s][info][gc,start    ] GC(22) Pause Init Mark (unload classes)
[2026-04-03T02:50:15.728+0600][44.402s][info][gc,task     ] GC(22) Using 6 of 6 workers for init marking
[2026-04-03T02:50:15.728+0600][44.402s][info][gc,ergo     ] GC(22) Pacer for Mark. Expected Live: 92379K, Free: 301M, Non-Taxable: 30854K, Alloc Tax Rate: 0.4x
[2026-04-03T02:50:15.728+0600][44.402s][info][gc          ] GC(22) Pause Init Mark (unload classes) 0.130ms
[2026-04-03T02:50:15.728+0600][44.402s][info][gc,start    ] GC(22) Concurrent marking roots
[2026-04-03T02:50:15.728+0600][44.402s][info][gc,task     ] GC(22) Using 3 of 6 workers for concurrent marking roots
[2026-04-03T02:50:15.730+0600][44.404s][info][gc          ] GC(22) Concurrent marking roots 1.901ms
[2026-04-03T02:50:15.730+0600][44.404s][info][gc,start    ] GC(22) Concurrent marking (unload classes)
[2026-04-03T02:50:15.730+0600][44.404s][info][gc,task     ] GC(22) Using 3 of 6 workers for concurrent marking
[2026-04-03T02:50:15.792+0600][44.465s][info][gc          ] GC(22) Concurrent marking (unload classes) 61.700ms
[2026-04-03T02:50:15.792+0600][44.466s][info][gc,start    ] GC(22) Pause Final Mark (unload classes)
[2026-04-03T02:50:15.792+0600][44.466s][info][gc,task     ] GC(22) Using 6 of 6 workers for final marking
[2026-04-03T02:50:15.792+0600][44.466s][info][gc,ergo     ] GC(22) Adaptive CSet Selection. Target Free: 283M, Actual Free: 1368M, Max CSet: 85333K, Min Garbage: 0B
[2026-04-03T02:50:15.793+0600][44.466s][info][gc,ergo     ] GC(22) Collectable Garbage: 1370M (99%), Immediate: 1019M (74%), CSet: 350M (25%)
[2026-04-03T02:50:15.793+0600][44.466s][info][gc,ergo     ] GC(22) Pacer for Evacuation. Used CSet: 360M, Free: 1396M, Non-Taxable: 139M, Alloc Tax Rate: 1.1x
[2026-04-03T02:50:15.793+0600][44.466s][info][gc          ] GC(22) Pause Final Mark (unload classes) 0.882ms
[2026-04-03T02:50:15.793+0600][44.467s][info][gc,start    ] GC(22) Concurrent thread roots
[2026-04-03T02:50:15.793+0600][44.467s][info][gc,task     ] GC(22) Using 3 of 6 workers for Concurrent thread roots
[2026-04-03T02:50:15.794+0600][44.468s][info][gc          ] GC(22) Concurrent thread roots 1.162ms
[2026-04-03T02:50:15.794+0600][44.468s][info][gc,start    ] GC(22) Concurrent weak references
[2026-04-03T02:50:15.794+0600][44.468s][info][gc,task     ] GC(22) Using 3 of 6 workers for concurrent weak references
[2026-04-03T02:50:15.795+0600][44.469s][info][gc,ref      ] GC(22) Encountered references: Soft: 3876, Weak: 16883, Final: 84, Phantom: 622
[2026-04-03T02:50:15.796+0600][44.469s][info][gc,ref      ] GC(22) Discovered  references: Soft: 0, Weak: 10816, Final: 52, Phantom: 597
[2026-04-03T02:50:15.796+0600][44.469s][info][gc,ref      ] GC(22) Enqueued    references: Soft: 0, Weak: 1979, Final: 0, Phantom: 0
[2026-04-03T02:50:15.796+0600][44.469s][info][gc          ] GC(22) Concurrent weak references 1.459ms
[2026-04-03T02:50:15.796+0600][44.469s][info][gc,start    ] GC(22) Concurrent weak roots
[2026-04-03T02:50:15.796+0600][44.469s][info][gc,task     ] GC(22) Using 3 of 6 workers for concurrent weak root
[2026-04-03T02:50:15.803+0600][44.477s][info][gc          ] GC(22) Concurrent weak roots 7.449ms
[2026-04-03T02:50:15.803+0600][44.477s][info][gc,start    ] GC(22) Concurrent cleanup
[2026-04-03T02:50:15.804+0600][44.478s][info][gc          ] GC(22) Concurrent cleanup 1532M->515M(1705M) 1.258ms
[2026-04-03T02:50:15.805+0600][44.478s][info][gc,ergo     ] GC(22) Free: 1380M, Max: 512K regular, 235M humongous, Frag: 83% external, 0% internal; Reserve: 101236K, Max: 512K
[2026-04-03T02:50:15.805+0600][44.478s][info][gc,start    ] GC(22) Concurrent class unloading
[2026-04-03T02:50:15.805+0600][44.478s][info][gc,task     ] GC(22) Using 3 of 6 workers for concurrent class unloading
[2026-04-03T02:50:15.828+0600][44.502s][info][gc          ] GC(22) Concurrent class unloading 23.179ms
[2026-04-03T02:50:15.828+0600][44.502s][info][gc,start    ] GC(22) Concurrent strong roots
[2026-04-03T02:50:15.828+0600][44.502s][info][gc,task     ] GC(22) Using 3 of 6 workers for concurrent strong root
[2026-04-03T02:50:15.830+0600][44.503s][info][gc          ] GC(22) Concurrent strong roots 1.641ms
[2026-04-03T02:50:15.830+0600][44.503s][info][gc,start    ] GC(22) Concurrent evacuation
[2026-04-03T02:50:15.830+0600][44.503s][info][gc,task     ] GC(22) Using 3 of 6 workers for concurrent evacuation
[2026-04-03T02:50:15.836+0600][44.510s][info][gc          ] GC(22) Concurrent evacuation 6.873ms
[2026-04-03T02:50:15.837+0600][44.511s][info][gc,start    ] GC(22) Pause Init Update Refs
[2026-04-03T02:50:15.837+0600][44.511s][info][gc,ergo     ] GC(22) Pacer for Update Refs. Used: 534M, Free: 1370M, Non-Taxable: 137M, Alloc Tax Rate: 1.1x
[2026-04-03T02:50:15.837+0600][44.511s][info][gc          ] GC(22) Pause Init Update Refs 0.158ms
[2026-04-03T02:50:15.837+0600][44.511s][info][gc,start    ] GC(22) Concurrent update references
[2026-04-03T02:50:15.837+0600][44.511s][info][gc,task     ] GC(22) Using 3 of 6 workers for concurrent reference update
[2026-04-03T02:50:15.889+0600][44.563s][info][gc          ] GC(22) Concurrent update references 52.048ms
[2026-04-03T02:50:15.889+0600][44.563s][info][gc,start    ] GC(22) Concurrent update thread roots
[2026-04-03T02:50:15.891+0600][44.565s][info][gc          ] GC(22) Concurrent update thread roots 1.505ms
[2026-04-03T02:50:15.891+0600][44.565s][info][gc,start    ] GC(22) Pause Final Update Refs
[2026-04-03T02:50:15.891+0600][44.565s][info][gc,task     ] GC(22) Using 6 of 6 workers for final reference update
[2026-04-03T02:50:15.891+0600][44.565s][info][gc          ] GC(22) Pause Final Update Refs 0.237ms
[2026-04-03T02:50:15.891+0600][44.565s][info][gc,start    ] GC(22) Concurrent cleanup
[2026-04-03T02:50:15.892+0600][44.566s][info][gc          ] GC(22) Concurrent cleanup 551M->191M(1705M) 0.358ms
[2026-04-03T02:50:15.892+0600][44.566s][info][gc,ergo     ] Free: 1700M, Max: 512K regular, 1082M humongous, Frag: 37% external, 0% internal; Reserve: 100M, Max: 512K
[2026-04-03T02:50:15.892+0600][44.566s][info][gc,stats    ] 
[2026-04-03T02:50:15.892+0600][44.566s][info][gc,stats    ] All times are wall-clock times, except per-root-class counters, that are sum over
[2026-04-03T02:50:15.892+0600][44.566s][info][gc,stats    ] all workers. Dividing the <total> over the root stage time estimates parallelism.
[2026-04-03T02:50:15.892+0600][44.566s][info][gc,stats    ] 
[2026-04-03T02:50:15.892+0600][44.566s][info][gc,stats    ] Concurrent Reset                   1900 us
[2026-04-03T02:50:15.892+0600][44.566s][info][gc,stats    ] Pause Init Mark (G)                 470 us
[2026-04-03T02:50:15.892+0600][44.566s][info][gc,stats    ] Pause Init Mark (N)                 139 us
[2026-04-03T02:50:15.892+0600][44.566s][info][gc,stats    ]   Update Region States               50 us
[2026-04-03T02:50:15.892+0600][44.566s][info][gc,stats    ] Concurrent Mark Roots              1958 us, parallelism: 1.96x
[2026-04-03T02:50:15.892+0600][44.566s][info][gc,stats    ]   CMR: <total>                     3838 us
[2026-04-03T02:50:15.892+0600][44.566s][info][gc,stats    ]   CMR: Thread Roots                3248 us, workers (us): 743, 1255, 1251, ---, ---, ---, 
[2026-04-03T02:50:15.892+0600][44.566s][info][gc,stats    ]   CMR: VM Strong Roots               79 us, workers (us):  41,  37,   1, ---, ---, ---, 
[2026-04-03T02:50:15.892+0600][44.566s][info][gc,stats    ]   CMR: CLDG Roots                   511 us, workers (us): 511, ---, ---, ---, ---, ---, 
[2026-04-03T02:50:15.892+0600][44.566s][info][gc,stats    ] Concurrent Marking                61789 us
[2026-04-03T02:50:15.892+0600][44.566s][info][gc,stats    ] Pause Final Mark (G)               1190 us
[2026-04-03T02:50:15.892+0600][44.566s][info][gc,stats    ] Pause Final Mark (N)                895 us
[2026-04-03T02:50:15.892+0600][44.566s][info][gc,stats    ]   Finish Mark                       308 us
[2026-04-03T02:50:15.892+0600][44.566s][info][gc,stats    ]   Update Region States               62 us
[2026-04-03T02:50:15.892+0600][44.566s][info][gc,stats    ]   Choose Collection Set             318 us
[2026-04-03T02:50:15.892+0600][44.566s][info][gc,stats    ]   Rebuild Free Set                   56 us
[2026-04-03T02:50:15.892+0600][44.566s][info][gc,stats    ] Concurrent Thread Roots            1235 us, parallelism: 2.32x
[2026-04-03T02:50:15.892+0600][44.566s][info][gc,stats    ]   CTR: <total>                     2862 us
[2026-04-03T02:50:15.892+0600][44.566s][info][gc,stats    ]   CTR: Thread Roots                2862 us, workers (us): 961, 959, 942, ---, ---, ---, 
[2026-04-03T02:50:15.892+0600][44.566s][info][gc,stats    ] Concurrent Weak References         1473 us, parallelism: 1.44x
[2026-04-03T02:50:15.892+0600][44.566s][info][gc,stats    ]   CWRF: <total>                    2127 us
[2026-04-03T02:50:15.892+0600][44.566s][info][gc,stats    ]   CWRF: Weak References            2127 us, workers (us): 1202, 874,  51, ---, ---, ---, 
[2026-04-03T02:50:15.892+0600][44.566s][info][gc,stats    ] Concurrent Weak Roots              7573 us
[2026-04-03T02:50:15.892+0600][44.566s][info][gc,stats    ]   Roots                            7005 us, parallelism: 2.67x
[2026-04-03T02:50:15.892+0600][44.566s][info][gc,stats    ]     CWR: <total>                  18738 us
[2026-04-03T02:50:15.892+0600][44.566s][info][gc,stats    ]     CWR: Code Cache Roots         13024 us, workers (us): 3686, 4834, 4504, ---, ---, ---, 
[2026-04-03T02:50:15.892+0600][44.566s][info][gc,stats    ]     CWR: VM Weak Roots             5443 us, workers (us): 2917, 1592, 934, ---, ---, ---, 
[2026-04-03T02:50:15.892+0600][44.566s][info][gc,stats    ]     CWR: CLDG Roots                 271 us, workers (us): ---, ---, 271, ---, ---, ---, 
[2026-04-03T02:50:15.892+0600][44.566s][info][gc,stats    ]   Rendezvous                        408 us
[2026-04-03T02:50:15.892+0600][44.566s][info][gc,stats    ] Concurrent Cleanup                 1351 us
[2026-04-03T02:50:15.892+0600][44.566s][info][gc,stats    ] Concurrent Class Unloading        23293 us
[2026-04-03T02:50:15.892+0600][44.566s][info][gc,stats    ]   Unlink Stale                    16461 us
[2026-04-03T02:50:15.892+0600][44.566s][info][gc,stats    ]     System Dictionary               366 us
[2026-04-03T02:50:15.892+0600][44.566s][info][gc,stats    ]     Weak Class Links                  0 us
[2026-04-03T02:50:15.892+0600][44.566s][info][gc,stats    ]     Code Roots                    16089 us
[2026-04-03T02:50:15.892+0600][44.566s][info][gc,stats    ]   Rendezvous                        440 us
[2026-04-03T02:50:15.892+0600][44.566s][info][gc,stats    ]   Purge Unlinked                   6193 us
[2026-04-03T02:50:15.892+0600][44.566s][info][gc,stats    ]     Code Roots                     6170 us
[2026-04-03T02:50:15.892+0600][44.566s][info][gc,stats    ]     CLDG                             21 us
[2026-04-03T02:50:15.892+0600][44.566s][info][gc,stats    ]     Exception Caches                  1 us
[2026-04-03T02:50:15.892+0600][44.566s][info][gc,stats    ] Concurrent Strong Roots            1706 us, parallelism: 0.67x
[2026-04-03T02:50:15.892+0600][44.566s][info][gc,stats    ]   CSR: <total>                     1137 us
[2026-04-03T02:50:15.892+0600][44.566s][info][gc,stats    ]   CSR: VM Strong Roots               93 us, workers (us):  45,  46,   2, ---, ---, ---, 
[2026-04-03T02:50:15.892+0600][44.566s][info][gc,stats    ]   CSR: CLDG Roots                  1044 us, workers (us): 1044, ---, ---, ---, ---, ---, 
[2026-04-03T02:50:15.892+0600][44.566s][info][gc,stats    ] Concurrent Evacuation              6995 us
[2026-04-03T02:50:15.892+0600][44.566s][info][gc,stats    ] Pause Init Update Refs (G)          566 us
[2026-04-03T02:50:15.892+0600][44.566s][info][gc,stats    ] Pause Init Update Refs (N)          177 us
[2026-04-03T02:50:15.892+0600][44.566s][info][gc,stats    ]   Manage GCLABs                      75 us
[2026-04-03T02:50:15.892+0600][44.566s][info][gc,stats    ] Concurrent Update Refs            52169 us
[2026-04-03T02:50:15.892+0600][44.566s][info][gc,stats    ] Concurrent Update Thread Roots     1584 us
[2026-04-03T02:50:15.892+0600][44.566s][info][gc,stats    ] Pause Final Update Refs (G)         514 us
[2026-04-03T02:50:15.892+0600][44.566s][info][gc,stats    ] Pause Final Update Refs (N)         267 us
[2026-04-03T02:50:15.892+0600][44.566s][info][gc,stats    ]   Update Region States              101 us
[2026-04-03T02:50:15.892+0600][44.566s][info][gc,stats    ]   Trash Collection Set               29 us
[2026-04-03T02:50:15.892+0600][44.566s][info][gc,stats    ]   Rebuild Free Set                   54 us
[2026-04-03T02:50:15.893+0600][44.566s][info][gc,stats    ] Concurrent Cleanup                  386 us
[2026-04-03T02:50:15.893+0600][44.566s][info][gc,stats    ] Pacing                           219901 us
[2026-04-03T02:50:15.893+0600][44.566s][info][gc,stats    ] 
[2026-04-03T02:50:15.893+0600][44.566s][info][gc,stats    ] Allocation pacing accrued:
[2026-04-03T02:50:15.893+0600][44.566s][info][gc,stats    ]      11 of  1625 ms (  0.7%): dispatcher-event-loop-2
[2026-04-03T02:50:15.893+0600][44.566s][info][gc,stats    ]      11 of  1625 ms (  0.7%): dispatcher-event-loop-6
[2026-04-03T02:50:15.893+0600][44.566s][info][gc,stats    ]       7 of  1625 ms (  0.4%): dag-scheduler-event-loop
[2026-04-03T02:50:15.893+0600][44.566s][info][gc,stats    ]      27 of  1625 ms (  1.7%): Executor task launch worker for task 2.0 in stage 1185.0 (TID 2269)
[2026-04-03T02:50:15.893+0600][44.566s][info][gc,stats    ]      27 of  1625 ms (  1.6%): Executor task launch worker for task 5.0 in stage 1185.0 (TID 2272)
[2026-04-03T02:50:15.893+0600][44.566s][info][gc,stats    ]      27 of  1625 ms (  1.6%): Executor task launch worker for task 3.0 in stage 1185.0 (TID 2270)
[2026-04-03T02:50:15.893+0600][44.566s][info][gc,stats    ]      22 of  1625 ms (  1.4%): Executor task launch worker for task 0.0 in stage 1191.0 (TID 2276)
[2026-04-03T02:50:15.893+0600][44.566s][info][gc,stats    ]      26 of  1625 ms (  1.6%): Executor task launch worker for task 0.0 in stage 1185.0 (TID 2267)
[2026-04-03T02:50:15.893+0600][44.566s][info][gc,stats    ]      11 of  1625 ms (  0.7%): Executor task launch worker for task 4.0 in stage 1185.0 (TID 2271)
[2026-04-03T02:50:15.893+0600][44.567s][info][gc,stats    ]      29 of  1625 ms (  1.8%): Executor task launch worker for task 6.0 in stage 1185.0 (TID 2273)
[2026-04-03T02:50:15.893+0600][44.567s][info][gc,stats    ]      11 of  1625 ms (  0.7%): task-result-getter-1
[2026-04-03T02:50:15.893+0600][44.567s][info][gc,stats    ]      11 of  1625 ms (  0.7%): task-result-getter-3
[2026-04-03T02:50:15.893+0600][44.567s][info][gc,stats    ]     220 of  1625 ms ( 13.5%): <total>
[2026-04-03T02:50:15.893+0600][44.567s][info][gc,stats    ]       1 of  1625 ms (  0.0%): <average total>
[2026-04-03T02:50:15.893+0600][44.567s][info][gc,stats    ]      18 of  1625 ms (  1.1%): <average non-zero>
[2026-04-03T02:50:15.893+0600][44.567s][info][gc,stats    ] 
[2026-04-03T02:50:15.893+0600][44.567s][info][gc,metaspace] Metaspace: 130777K(131968K)->130783K(131968K) NonClass: 114304K(114944K)->114310K(114944K) Class: 16473K(17024K)->16473K(17024K)
[2026-04-03T02:50:15.893+0600][44.567s][info][gc,ergo     ] Pacer for Idle. Initial: 40960K, Alloc Tax Rate: 1.0x
[2026-04-03T02:50:16.095+0600][44.769s][info][gc          ] Trigger: Average GC time (194.83 ms) is above the time for instantaneous allocation rate (4182 MB/s) to deplete free headroom (801M) (spike threshold = 1.78)
[2026-04-03T02:50:16.095+0600][44.769s][info][gc,ergo     ] Free: 901M, Max: 512K regular, 666M humongous, Frag: 26% external, 0% internal; Reserve: 100M, Max: 512K
[2026-04-03T02:50:16.095+0600][44.769s][info][gc,start    ] GC(23) Concurrent reset
[2026-04-03T02:50:16.095+0600][44.769s][info][gc,task     ] GC(23) Using 3 of 6 workers for concurrent reset
[2026-04-03T02:50:16.095+0600][44.769s][info][gc,ergo     ] GC(23) Pacer for Reset. Non-Taxable: 2000M
[2026-04-03T02:50:16.097+0600][44.771s][info][gc          ] GC(23) Concurrent reset 1.696ms
[2026-04-03T02:50:16.097+0600][44.771s][info][gc,start    ] GC(23) Pause Init Mark (unload classes)
[2026-04-03T02:50:16.097+0600][44.771s][info][gc,task     ] GC(23) Using 6 of 6 workers for init marking
[2026-04-03T02:50:16.097+0600][44.771s][info][gc,ergo     ] GC(23) Pacer for Mark. Expected Live: 92746K, Free: 901M, Non-Taxable: 92343K, Alloc Tax Rate: 0.1x
[2026-04-03T02:50:16.097+0600][44.771s][info][gc          ] GC(23) Pause Init Mark (unload classes) 0.146ms
[2026-04-03T02:50:16.097+0600][44.771s][info][gc,start    ] GC(23) Concurrent marking roots
[2026-04-03T02:50:16.097+0600][44.771s][info][gc,task     ] GC(23) Using 3 of 6 workers for concurrent marking roots
[2026-04-03T02:50:16.099+0600][44.773s][info][gc          ] GC(23) Concurrent marking roots 1.253ms
[2026-04-03T02:50:16.099+0600][44.773s][info][gc,start    ] GC(23) Concurrent marking (unload classes)
[2026-04-03T02:50:16.099+0600][44.773s][info][gc,task     ] GC(23) Using 3 of 6 workers for concurrent marking
[2026-04-03T02:50:16.148+0600][44.821s][info][gc          ] GC(23) Concurrent marking (unload classes) 48.760ms
[2026-04-03T02:50:16.148+0600][44.822s][info][gc,start    ] GC(23) Pause Final Mark (unload classes)
[2026-04-03T02:50:16.148+0600][44.822s][info][gc,task     ] GC(23) Using 6 of 6 workers for final marking
[2026-04-03T02:50:16.148+0600][44.822s][info][gc,ergo     ] GC(23) Adaptive CSet Selection. Target Free: 283M, Actual Free: 1698M, Max CSet: 85333K, Min Garbage: 0B
[2026-04-03T02:50:16.148+0600][44.822s][info][gc,ergo     ] GC(23) Collectable Garbage: 811M (98%), Immediate: 730M (89%), CSet: 83136K (9%)
[2026-04-03T02:50:16.149+0600][44.822s][info][gc,ergo     ] GC(23) Pacer for Evacuation. Used CSet: 88459K, Free: 1687M, Non-Taxable: 168M, Alloc Tax Rate: 1.1x
[2026-04-03T02:50:16.149+0600][44.822s][info][gc          ] GC(23) Pause Final Mark (unload classes) 0.826ms
[2026-04-03T02:50:16.149+0600][44.822s][info][gc,start    ] GC(23) Concurrent thread roots
[2026-04-03T02:50:16.149+0600][44.823s][info][gc,task     ] GC(23) Using 3 of 6 workers for Concurrent thread roots
[2026-04-03T02:50:16.150+0600][44.824s][info][gc          ] GC(23) Concurrent thread roots 1.317ms
[2026-04-03T02:50:16.150+0600][44.824s][info][gc,start    ] GC(23) Concurrent weak references
[2026-04-03T02:50:16.150+0600][44.824s][info][gc,task     ] GC(23) Using 3 of 6 workers for concurrent weak references
[2026-04-03T02:50:16.151+0600][44.825s][info][gc,ref      ] GC(23) Encountered references: Soft: 3868, Weak: 15433, Final: 84, Phantom: 621
[2026-04-03T02:50:16.151+0600][44.825s][info][gc,ref      ] GC(23) Discovered  references: Soft: 0, Weak: 4088, Final: 0, Phantom: 310
[2026-04-03T02:50:16.151+0600][44.825s][info][gc,ref      ] GC(23) Enqueued    references: Soft: 0, Weak: 947, Final: 0, Phantom: 0
[2026-04-03T02:50:16.151+0600][44.825s][info][gc          ] GC(23) Concurrent weak references 0.792ms
[2026-04-03T02:50:16.151+0600][44.825s][info][gc,start    ] GC(23) Concurrent weak roots
[2026-04-03T02:50:16.151+0600][44.825s][info][gc,task     ] GC(23) Using 3 of 6 workers for concurrent weak root
[2026-04-03T02:50:16.158+0600][44.832s][info][gc          ] GC(23) Concurrent weak roots 7.073ms
[2026-04-03T02:50:16.158+0600][44.832s][info][gc,start    ] GC(23) Concurrent cleanup
[2026-04-03T02:50:16.159+0600][44.833s][info][gc          ] GC(23) Concurrent cleanup 950M->219M(1705M) 1.420ms
[2026-04-03T02:50:16.160+0600][44.833s][info][gc,ergo     ] GC(23) Free: 1674M, Max: 512K regular, 674M humongous, Frag: 60% external, 0% internal; Reserve: 101892K, Max: 512K
[2026-04-03T02:50:16.160+0600][44.833s][info][gc,start    ] GC(23) Concurrent class unloading
[2026-04-03T02:50:16.160+0600][44.833s][info][gc,task     ] GC(23) Using 3 of 6 workers for concurrent class unloading
[2026-04-03T02:50:16.179+0600][44.853s][info][gc          ] GC(23) Concurrent class unloading 19.307ms
[2026-04-03T02:50:16.179+0600][44.853s][info][gc,start    ] GC(23) Concurrent strong roots
[2026-04-03T02:50:16.179+0600][44.853s][info][gc,task     ] GC(23) Using 3 of 6 workers for concurrent strong root
[2026-04-03T02:50:16.181+0600][44.855s][info][gc          ] GC(23) Concurrent strong roots 2.108ms
[2026-04-03T02:50:16.181+0600][44.855s][info][gc,start    ] GC(23) Concurrent evacuation
[2026-04-03T02:50:16.181+0600][44.855s][info][gc,task     ] GC(23) Using 3 of 6 workers for concurrent evacuation
[2026-04-03T02:50:16.185+0600][44.859s][info][gc          ] GC(23) Concurrent evacuation 4.122ms
[2026-04-03T02:50:16.186+0600][44.860s][info][gc,start    ] GC(23) Pause Init Update Refs
[2026-04-03T02:50:16.186+0600][44.860s][info][gc,ergo     ] GC(23) Pacer for Update Refs. Used: 236M, Free: 1662M, Non-Taxable: 166M, Alloc Tax Rate: 1.1x
[2026-04-03T02:50:16.186+0600][44.860s][info][gc          ] GC(23) Pause Init Update Refs 0.210ms
[2026-04-03T02:50:16.186+0600][44.860s][info][gc,start    ] GC(23) Concurrent update references
[2026-04-03T02:50:16.187+0600][44.860s][info][gc,task     ] GC(23) Using 3 of 6 workers for concurrent reference update
[2026-04-03T02:50:16.238+0600][44.912s][info][gc          ] GC(23) Concurrent update references 51.497ms
[2026-04-03T02:50:16.238+0600][44.912s][info][gc,start    ] GC(23) Concurrent update thread roots
[2026-04-03T02:50:16.239+0600][44.913s][info][gc          ] GC(23) Concurrent update thread roots 1.395ms
[2026-04-03T02:50:16.240+0600][44.913s][info][gc,start    ] GC(23) Pause Final Update Refs
[2026-04-03T02:50:16.240+0600][44.914s][info][gc,task     ] GC(23) Using 6 of 6 workers for final reference update
[2026-04-03T02:50:16.240+0600][44.914s][info][gc          ] GC(23) Pause Final Update Refs 0.233ms
[2026-04-03T02:50:16.240+0600][44.914s][info][gc,start    ] GC(23) Concurrent cleanup
[2026-04-03T02:50:16.241+0600][44.915s][info][gc          ] GC(23) Concurrent cleanup 256M->170M(1705M) 0.734ms
[2026-04-03T02:50:16.241+0600][44.915s][info][gc,ergo     ] Free: 1718M, Max: 512K regular, 685M humongous, Frag: 61% external, 0% internal; Reserve: 100M, Max: 512K
[2026-04-03T02:50:16.241+0600][44.915s][info][gc,stats    ] 
[2026-04-03T02:50:16.241+0600][44.915s][info][gc,stats    ] All times are wall-clock times, except per-root-class counters, that are sum over
[2026-04-03T02:50:16.241+0600][44.915s][info][gc,stats    ] all workers. Dividing the <total> over the root stage time estimates parallelism.
[2026-04-03T02:50:16.241+0600][44.915s][info][gc,stats    ] 
[2026-04-03T02:50:16.241+0600][44.915s][info][gc,stats    ] Concurrent Reset                   1747 us
[2026-04-03T02:50:16.241+0600][44.915s][info][gc,stats    ] Pause Init Mark (G)                 338 us
[2026-04-03T02:50:16.241+0600][44.915s][info][gc,stats    ] Pause Init Mark (N)                 156 us
[2026-04-03T02:50:16.241+0600][44.915s][info][gc,stats    ]   Update Region States               42 us
[2026-04-03T02:50:16.241+0600][44.915s][info][gc,stats    ] Concurrent Mark Roots              1292 us, parallelism: 1.73x
[2026-04-03T02:50:16.241+0600][44.915s][info][gc,stats    ]   CMR: <total>                     2232 us
[2026-04-03T02:50:16.241+0600][44.915s][info][gc,stats    ]   CMR: Thread Roots                1938 us, workers (us): 499, 748, 690, ---, ---, ---, 
[2026-04-03T02:50:16.241+0600][44.915s][info][gc,stats    ]   CMR: VM Strong Roots               40 us, workers (us):  36,   4,   0, ---, ---, ---, 
[2026-04-03T02:50:16.241+0600][44.915s][info][gc,stats    ]   CMR: CLDG Roots                   254 us, workers (us): 254, ---, ---, ---, ---, ---, 
[2026-04-03T02:50:16.241+0600][44.915s][info][gc,stats    ] Concurrent Marking                48822 us
[2026-04-03T02:50:16.241+0600][44.915s][info][gc,stats    ] Pause Final Mark (G)               1071 us
[2026-04-03T02:50:16.241+0600][44.915s][info][gc,stats    ] Pause Final Mark (N)                843 us
[2026-04-03T02:50:16.241+0600][44.915s][info][gc,stats    ]   Finish Mark                       255 us
[2026-04-03T02:50:16.241+0600][44.915s][info][gc,stats    ]   Update Region States               91 us
[2026-04-03T02:50:16.241+0600][44.915s][info][gc,stats    ]   Choose Collection Set             249 us
[2026-04-03T02:50:16.241+0600][44.915s][info][gc,stats    ]   Rebuild Free Set                   47 us
[2026-04-03T02:50:16.241+0600][44.915s][info][gc,stats    ] Concurrent Thread Roots            1403 us, parallelism: 2.45x
[2026-04-03T02:50:16.241+0600][44.915s][info][gc,stats    ]   CTR: <total>                     3437 us
[2026-04-03T02:50:16.241+0600][44.915s][info][gc,stats    ]   CTR: Thread Roots                3437 us, workers (us): 1165, 1143, 1129, ---, ---, ---, 
[2026-04-03T02:50:16.241+0600][44.915s][info][gc,stats    ] Concurrent Weak References          813 us, parallelism: 1.15x
[2026-04-03T02:50:16.241+0600][44.915s][info][gc,stats    ]   CWRF: <total>                     939 us
[2026-04-03T02:50:16.241+0600][44.915s][info][gc,stats    ]   CWRF: Weak References             939 us, workers (us): 308, 173, 458, ---, ---, ---, 
[2026-04-03T02:50:16.241+0600][44.915s][info][gc,stats    ] Concurrent Weak Roots              7189 us
[2026-04-03T02:50:16.241+0600][44.915s][info][gc,stats    ]   Roots                            6587 us, parallelism: 2.70x
[2026-04-03T02:50:16.241+0600][44.915s][info][gc,stats    ]     CWR: <total>                  17788 us
[2026-04-03T02:50:16.241+0600][44.915s][info][gc,stats    ]     CWR: Code Cache Roots         14132 us, workers (us): 4910, 4776, 4446, ---, ---, ---, 
[2026-04-03T02:50:16.241+0600][44.915s][info][gc,stats    ]     CWR: VM Weak Roots             3393 us, workers (us): 1208, 1209, 976, ---, ---, ---, 
[2026-04-03T02:50:16.241+0600][44.915s][info][gc,stats    ]     CWR: CLDG Roots                 262 us, workers (us): ---, ---, 262, ---, ---, ---, 
[2026-04-03T02:50:16.241+0600][44.915s][info][gc,stats    ]   Rendezvous                        439 us
[2026-04-03T02:50:16.241+0600][44.915s][info][gc,stats    ] Concurrent Cleanup                 1477 us
[2026-04-03T02:50:16.241+0600][44.915s][info][gc,stats    ] Concurrent Class Unloading        19423 us
[2026-04-03T02:50:16.241+0600][44.915s][info][gc,stats    ]   Unlink Stale                    16014 us
[2026-04-03T02:50:16.241+0600][44.915s][info][gc,stats    ]     System Dictionary               365 us
[2026-04-03T02:50:16.241+0600][44.915s][info][gc,stats    ]     Weak Class Links                  1 us
[2026-04-03T02:50:16.241+0600][44.915s][info][gc,stats    ]     Code Roots                    15644 us
[2026-04-03T02:50:16.241+0600][44.915s][info][gc,stats    ]   Rendezvous                        448 us
[2026-04-03T02:50:16.241+0600][44.915s][info][gc,stats    ]   Purge Unlinked                   2800 us
[2026-04-03T02:50:16.241+0600][44.915s][info][gc,stats    ]     Code Roots                     2784 us
[2026-04-03T02:50:16.241+0600][44.915s][info][gc,stats    ]     CLDG                             15 us
[2026-04-03T02:50:16.241+0600][44.915s][info][gc,stats    ]     Exception Caches                  1 us
[2026-04-03T02:50:16.241+0600][44.915s][info][gc,stats    ] Concurrent Strong Roots            2208 us, parallelism: 0.60x
[2026-04-03T02:50:16.241+0600][44.915s][info][gc,stats    ]   CSR: <total>                     1322 us
[2026-04-03T02:50:16.241+0600][44.915s][info][gc,stats    ]   CSR: VM Strong Roots               68 us, workers (us):  66,   2,   0, ---, ---, ---, 
[2026-04-03T02:50:16.241+0600][44.915s][info][gc,stats    ]   CSR: CLDG Roots                  1253 us, workers (us): 1253, ---, ---, ---, ---, ---, 
[2026-04-03T02:50:16.241+0600][44.915s][info][gc,stats    ] Concurrent Evacuation              4241 us
[2026-04-03T02:50:16.241+0600][44.915s][info][gc,stats    ] Pause Init Update Refs (G)          904 us
[2026-04-03T02:50:16.241+0600][44.915s][info][gc,stats    ] Pause Init Update Refs (N)          230 us
[2026-04-03T02:50:16.241+0600][44.915s][info][gc,stats    ]   Manage GCLABs                      83 us
[2026-04-03T02:50:16.241+0600][44.915s][info][gc,stats    ] Concurrent Update Refs            51576 us
[2026-04-03T02:50:16.241+0600][44.915s][info][gc,stats    ] Concurrent Update Thread Roots     1448 us
[2026-04-03T02:50:16.241+0600][44.915s][info][gc,stats    ] Pause Final Update Refs (G)         589 us
[2026-04-03T02:50:16.241+0600][44.915s][info][gc,stats    ] Pause Final Update Refs (N)         252 us
[2026-04-03T02:50:16.241+0600][44.915s][info][gc,stats    ]   Update Region States               71 us
[2026-04-03T02:50:16.241+0600][44.915s][info][gc,stats    ]   Trash Collection Set               17 us
[2026-04-03T02:50:16.241+0600][44.915s][info][gc,stats    ]   Rebuild Free Set                   61 us
[2026-04-03T02:50:16.241+0600][44.915s][info][gc,stats    ] Concurrent Cleanup                  754 us
[2026-04-03T02:50:16.241+0600][44.915s][info][gc,stats    ] 
[2026-04-03T02:50:16.241+0600][44.915s][info][gc,stats    ] Allocation pacing accrued:
[2026-04-03T02:50:16.241+0600][44.915s][info][gc,stats    ]       0 of   349 ms (  0.0%): <total>
[2026-04-03T02:50:16.241+0600][44.915s][info][gc,stats    ]       0 of   349 ms (  0.0%): <average total>
[2026-04-03T02:50:16.241+0600][44.915s][info][gc,stats    ] 
[2026-04-03T02:50:16.241+0600][44.915s][info][gc,metaspace] Metaspace: 130793K(131968K)->130793K(131968K) NonClass: 114320K(114944K)->114320K(114944K) Class: 16473K(17024K)->16473K(17024K)
[2026-04-03T02:50:16.241+0600][44.915s][info][gc,ergo     ] Pacer for Idle. Initial: 40960K, Alloc Tax Rate: 1.0x
[2026-04-03T02:50:17.748+0600][46.422s][info][gc          ] Trigger: Average GC time (183.29 ms) is above the time for average allocation rate (966 MB/s) to deplete free headroom (176M) (margin of error = 1.81)
[2026-04-03T02:50:17.748+0600][46.422s][info][gc,ergo     ] Free headroom: 276M (free) - 100M (spike) - 0B (penalties) = 176M
[2026-04-03T02:50:17.748+0600][46.422s][info][gc,ergo     ] Free: 276M, Max: 512K regular, 235M humongous, Frag: 15% external, 0% internal; Reserve: 100M, Max: 512K
[2026-04-03T02:50:17.748+0600][46.422s][info][gc,start    ] GC(24) Concurrent reset
[2026-04-03T02:50:17.748+0600][46.422s][info][gc,task     ] GC(24) Using 3 of 6 workers for concurrent reset
[2026-04-03T02:50:17.748+0600][46.422s][info][gc,ergo     ] GC(24) Pacer for Reset. Non-Taxable: 2000M
[2026-04-03T02:50:17.749+0600][46.423s][info][gc          ] GC(24) Concurrent reset 1.237ms
[2026-04-03T02:50:17.749+0600][46.423s][info][gc,start    ] GC(24) Pause Init Mark (unload classes)
[2026-04-03T02:50:17.749+0600][46.423s][info][gc,task     ] GC(24) Using 6 of 6 workers for init marking
[2026-04-03T02:50:17.750+0600][46.423s][info][gc,ergo     ] GC(24) Pacer for Mark. Expected Live: 91994K, Free: 274M, Non-Taxable: 28127K, Alloc Tax Rate: 0.4x
[2026-04-03T02:50:17.750+0600][46.423s][info][gc          ] GC(24) Pause Init Mark (unload classes) 0.118ms
[2026-04-03T02:50:17.750+0600][46.423s][info][gc,start    ] GC(24) Concurrent marking roots
[2026-04-03T02:50:17.750+0600][46.423s][info][gc,task     ] GC(24) Using 3 of 6 workers for concurrent marking roots
[2026-04-03T02:50:17.751+0600][46.425s][info][gc          ] GC(24) Concurrent marking roots 1.548ms
[2026-04-03T02:50:17.751+0600][46.425s][info][gc,start    ] GC(24) Concurrent marking (unload classes)
[2026-04-03T02:50:17.751+0600][46.425s][info][gc,task     ] GC(24) Using 3 of 6 workers for concurrent marking
[2026-04-03T02:50:17.807+0600][46.481s][info][gc          ] GC(24) Concurrent marking (unload classes) 56.141ms
[2026-04-03T02:50:17.807+0600][46.481s][info][gc,start    ] GC(24) Pause Final Mark (unload classes)
[2026-04-03T02:50:17.807+0600][46.481s][info][gc,task     ] GC(24) Using 6 of 6 workers for final marking
[2026-04-03T02:50:17.808+0600][46.482s][info][gc,ergo     ] GC(24) Adaptive CSet Selection. Target Free: 283M, Actual Free: 1373M, Max CSet: 85333K, Min Garbage: 0B
[2026-04-03T02:50:17.808+0600][46.482s][info][gc,ergo     ] GC(24) Collectable Garbage: 1395M (99%), Immediate: 1047M (74%), CSet: 347M (24%)
[2026-04-03T02:50:17.808+0600][46.482s][info][gc,ergo     ] GC(24) Pacer for Evacuation. Used CSet: 357M, Free: 1401M, Non-Taxable: 140M, Alloc Tax Rate: 1.1x
[2026-04-03T02:50:17.808+0600][46.482s][info][gc          ] GC(24) Pause Final Mark (unload classes) 0.799ms
[2026-04-03T02:50:17.808+0600][46.482s][info][gc,start    ] GC(24) Concurrent thread roots
[2026-04-03T02:50:17.808+0600][46.482s][info][gc,task     ] GC(24) Using 3 of 6 workers for Concurrent thread roots
[2026-04-03T02:50:17.809+0600][46.483s][info][gc          ] GC(24) Concurrent thread roots 0.894ms
[2026-04-03T02:50:17.809+0600][46.483s][info][gc,start    ] GC(24) Concurrent weak references
[2026-04-03T02:50:17.809+0600][46.483s][info][gc,task     ] GC(24) Using 3 of 6 workers for concurrent weak references
[2026-04-03T02:50:17.811+0600][46.485s][info][gc,ref      ] GC(24) Encountered references: Soft: 3876, Weak: 16880, Final: 84, Phantom: 621
[2026-04-03T02:50:17.811+0600][46.485s][info][gc,ref      ] GC(24) Discovered  references: Soft: 0, Weak: 10667, Final: 48, Phantom: 542
[2026-04-03T02:50:17.811+0600][46.485s][info][gc,ref      ] GC(24) Enqueued    references: Soft: 0, Weak: 1977, Final: 0, Phantom: 0
[2026-04-03T02:50:17.811+0600][46.485s][info][gc          ] GC(24) Concurrent weak references 1.526ms
[2026-04-03T02:50:17.811+0600][46.485s][info][gc,start    ] GC(24) Concurrent weak roots
[2026-04-03T02:50:17.811+0600][46.485s][info][gc,task     ] GC(24) Using 3 of 6 workers for concurrent weak root
[2026-04-03T02:50:17.816+0600][46.490s][info][gc          ] GC(24) Concurrent weak roots 5.420ms
[2026-04-03T02:50:17.816+0600][46.490s][info][gc,start    ] GC(24) Concurrent cleanup
[2026-04-03T02:50:17.817+0600][46.491s][info][gc          ] GC(24) Concurrent cleanup 1556M->510M(1705M) 1.140ms
[2026-04-03T02:50:17.817+0600][46.491s][info][gc,ergo     ] GC(24) Free: 1385M, Max: 512K regular, 210M humongous, Frag: 85% external, 0% internal; Reserve: 100887K, Max: 512K
[2026-04-03T02:50:17.818+0600][46.491s][info][gc,start    ] GC(24) Concurrent class unloading
[2026-04-03T02:50:17.818+0600][46.491s][info][gc,task     ] GC(24) Using 3 of 6 workers for concurrent class unloading
[2026-04-03T02:50:17.837+0600][46.511s][info][gc          ] GC(24) Concurrent class unloading 19.859ms
[2026-04-03T02:50:17.837+0600][46.511s][info][gc,start    ] GC(24) Concurrent strong roots
[2026-04-03T02:50:17.837+0600][46.511s][info][gc,task     ] GC(24) Using 3 of 6 workers for concurrent strong root
[2026-04-03T02:50:17.839+0600][46.513s][info][gc          ] GC(24) Concurrent strong roots 1.225ms
[2026-04-03T02:50:17.839+0600][46.513s][info][gc,start    ] GC(24) Concurrent evacuation
[2026-04-03T02:50:17.839+0600][46.513s][info][gc,task     ] GC(24) Using 3 of 6 workers for concurrent evacuation
[2026-04-03T02:50:17.844+0600][46.518s][info][gc          ] GC(24) Concurrent evacuation 5.282ms
[2026-04-03T02:50:17.844+0600][46.518s][info][gc,start    ] GC(24) Pause Init Update Refs
[2026-04-03T02:50:17.844+0600][46.518s][info][gc,ergo     ] GC(24) Pacer for Update Refs. Used: 526M, Free: 1378M, Non-Taxable: 137M, Alloc Tax Rate: 1.1x
[2026-04-03T02:50:17.844+0600][46.518s][info][gc          ] GC(24) Pause Init Update Refs 0.104ms
[2026-04-03T02:50:17.845+0600][46.518s][info][gc,start    ] GC(24) Concurrent update references
[2026-04-03T02:50:17.845+0600][46.518s][info][gc,task     ] GC(24) Using 3 of 6 workers for concurrent reference update
[2026-04-03T02:50:17.892+0600][46.566s][info][gc          ] GC(24) Concurrent update references 47.451ms
[2026-04-03T02:50:17.892+0600][46.566s][info][gc,start    ] GC(24) Concurrent update thread roots
[2026-04-03T02:50:17.893+0600][46.567s][info][gc          ] GC(24) Concurrent update thread roots 1.026ms
[2026-04-03T02:50:17.893+0600][46.567s][info][gc,start    ] GC(24) Pause Final Update Refs
[2026-04-03T02:50:17.893+0600][46.567s][info][gc,task     ] GC(24) Using 6 of 6 workers for final reference update
[2026-04-03T02:50:17.893+0600][46.567s][info][gc          ] GC(24) Pause Final Update Refs 0.214ms
[2026-04-03T02:50:17.893+0600][46.567s][info][gc,start    ] GC(24) Concurrent cleanup
[2026-04-03T02:50:17.894+0600][46.568s][info][gc          ] GC(24) Concurrent cleanup 544M->187M(1705M) 0.694ms
[2026-04-03T02:50:17.894+0600][46.568s][info][gc,ergo     ] Free: 1704M, Max: 512K regular, 1109M humongous, Frag: 35% external, 0% internal; Reserve: 100M, Max: 512K
[2026-04-03T02:50:17.894+0600][46.568s][info][gc,stats    ] 
[2026-04-03T02:50:17.894+0600][46.568s][info][gc,stats    ] All times are wall-clock times, except per-root-class counters, that are sum over
[2026-04-03T02:50:17.894+0600][46.568s][info][gc,stats    ] all workers. Dividing the <total> over the root stage time estimates parallelism.
[2026-04-03T02:50:17.894+0600][46.568s][info][gc,stats    ] 
[2026-04-03T02:50:17.894+0600][46.568s][info][gc,stats    ] Concurrent Reset                   1299 us
[2026-04-03T02:50:17.894+0600][46.568s][info][gc,stats    ] Pause Init Mark (G)                 392 us
[2026-04-03T02:50:17.894+0600][46.568s][info][gc,stats    ] Pause Init Mark (N)                 127 us
[2026-04-03T02:50:17.894+0600][46.568s][info][gc,stats    ]   Update Region States               35 us
[2026-04-03T02:50:17.894+0600][46.568s][info][gc,stats    ] Concurrent Mark Roots              1587 us, parallelism: 1.92x
[2026-04-03T02:50:17.894+0600][46.568s][info][gc,stats    ]   CMR: <total>                     3051 us
[2026-04-03T02:50:17.894+0600][46.568s][info][gc,stats    ]   CMR: Thread Roots                2751 us, workers (us): 986, 760, 1006, ---, ---, ---, 
[2026-04-03T02:50:17.894+0600][46.568s][info][gc,stats    ]   CMR: VM Strong Roots               60 us, workers (us):  26,  21,  13, ---, ---, ---, 
[2026-04-03T02:50:17.894+0600][46.568s][info][gc,stats    ]   CMR: CLDG Roots                   239 us, workers (us): ---, 239, ---, ---, ---, ---, 
[2026-04-03T02:50:17.894+0600][46.568s][info][gc,stats    ] Concurrent Marking                56196 us
[2026-04-03T02:50:17.894+0600][46.568s][info][gc,stats    ] Pause Final Mark (G)                923 us
[2026-04-03T02:50:17.894+0600][46.568s][info][gc,stats    ] Pause Final Mark (N)                828 us
[2026-04-03T02:50:17.894+0600][46.568s][info][gc,stats    ]   Finish Mark                       316 us
[2026-04-03T02:50:17.894+0600][46.568s][info][gc,stats    ]   Update Region States               58 us
[2026-04-03T02:50:17.894+0600][46.568s][info][gc,stats    ]   Choose Collection Set             288 us
[2026-04-03T02:50:17.894+0600][46.568s][info][gc,stats    ]   Rebuild Free Set                   49 us
[2026-04-03T02:50:17.894+0600][46.568s][info][gc,stats    ] Concurrent Thread Roots             914 us, parallelism: 2.50x
[2026-04-03T02:50:17.894+0600][46.568s][info][gc,stats    ]   CTR: <total>                     2289 us
[2026-04-03T02:50:17.894+0600][46.568s][info][gc,stats    ]   CTR: Thread Roots                2289 us, workers (us): 826, 755, 709, ---, ---, ---, 
[2026-04-03T02:50:17.894+0600][46.568s][info][gc,stats    ] Concurrent Weak References         1538 us, parallelism: 1.14x
[2026-04-03T02:50:17.894+0600][46.568s][info][gc,stats    ]   CWRF: <total>                    1757 us
[2026-04-03T02:50:17.894+0600][46.568s][info][gc,stats    ]   CWRF: Weak References            1757 us, workers (us): 241, 1224, 292, ---, ---, ---, 
[2026-04-03T02:50:17.894+0600][46.568s][info][gc,stats    ] Concurrent Weak Roots              5504 us
[2026-04-03T02:50:17.894+0600][46.568s][info][gc,stats    ]   Roots                            4749 us, parallelism: 2.73x
[2026-04-03T02:50:17.894+0600][46.568s][info][gc,stats    ]     CWR: <total>                  12957 us
[2026-04-03T02:50:17.894+0600][46.568s][info][gc,stats    ]     CWR: Code Cache Roots         10214 us, workers (us): 3455, 3307, 3452, ---, ---, ---, 
[2026-04-03T02:50:17.894+0600][46.568s][info][gc,stats    ]     CWR: VM Weak Roots             2543 us, workers (us): 882, 834, 827, ---, ---, ---, 
[2026-04-03T02:50:17.894+0600][46.568s][info][gc,stats    ]     CWR: CLDG Roots                 200 us, workers (us): ---, 200, ---, ---, ---, ---, 
[2026-04-03T02:50:17.894+0600][46.568s][info][gc,stats    ]   Rendezvous                        632 us
[2026-04-03T02:50:17.894+0600][46.568s][info][gc,stats    ] Concurrent Cleanup                 1167 us
[2026-04-03T02:50:17.894+0600][46.568s][info][gc,stats    ] Concurrent Class Unloading        19939 us
[2026-04-03T02:50:17.894+0600][46.568s][info][gc,stats    ]   Unlink Stale                    15754 us
[2026-04-03T02:50:17.894+0600][46.568s][info][gc,stats    ]     System Dictionary               302 us
[2026-04-03T02:50:17.894+0600][46.568s][info][gc,stats    ]     Weak Class Links                  0 us
[2026-04-03T02:50:17.894+0600][46.568s][info][gc,stats    ]     Code Roots                    15448 us
[2026-04-03T02:50:17.894+0600][46.568s][info][gc,stats    ]   Rendezvous                        268 us
[2026-04-03T02:50:17.894+0600][46.568s][info][gc,stats    ]   Purge Unlinked                   3808 us
[2026-04-03T02:50:17.894+0600][46.568s][info][gc,stats    ]     Code Roots                     3791 us
[2026-04-03T02:50:17.895+0600][46.568s][info][gc,stats    ]     CLDG                             16 us
[2026-04-03T02:50:17.895+0600][46.568s][info][gc,stats    ]     Exception Caches                  0 us
[2026-04-03T02:50:17.895+0600][46.568s][info][gc,stats    ] Concurrent Strong Roots            1322 us, parallelism: 0.69x
[2026-04-03T02:50:17.895+0600][46.568s][info][gc,stats    ]   CSR: <total>                      911 us
[2026-04-03T02:50:17.895+0600][46.568s][info][gc,stats    ]   CSR: VM Strong Roots               69 us, workers (us):  60,   5,   4, ---, ---, ---, 
[2026-04-03T02:50:17.895+0600][46.568s][info][gc,stats    ]   CSR: CLDG Roots                   842 us, workers (us): 842, ---, ---, ---, ---, ---, 
[2026-04-03T02:50:17.895+0600][46.568s][info][gc,stats    ] Concurrent Evacuation              5383 us
[2026-04-03T02:50:17.895+0600][46.568s][info][gc,stats    ] Pause Init Update Refs (G)          355 us
[2026-04-03T02:50:17.895+0600][46.568s][info][gc,stats    ] Pause Init Update Refs (N)          117 us
[2026-04-03T02:50:17.895+0600][46.568s][info][gc,stats    ]   Manage GCLABs                      53 us
[2026-04-03T02:50:17.895+0600][46.568s][info][gc,stats    ] Concurrent Update Refs            47523 us
[2026-04-03T02:50:17.895+0600][46.568s][info][gc,stats    ] Concurrent Update Thread Roots     1056 us
[2026-04-03T02:50:17.895+0600][46.568s][info][gc,stats    ] Pause Final Update Refs (G)         345 us
[2026-04-03T02:50:17.895+0600][46.568s][info][gc,stats    ] Pause Final Update Refs (N)         251 us
[2026-04-03T02:50:17.895+0600][46.568s][info][gc,stats    ]   Update Region States               94 us
[2026-04-03T02:50:17.895+0600][46.568s][info][gc,stats    ]   Trash Collection Set               26 us
[2026-04-03T02:50:17.895+0600][46.568s][info][gc,stats    ]   Rebuild Free Set                   56 us
[2026-04-03T02:50:17.895+0600][46.568s][info][gc,stats    ] Concurrent Cleanup                  707 us
[2026-04-03T02:50:17.895+0600][46.568s][info][gc,stats    ] Pacing                           197893 us
[2026-04-03T02:50:17.895+0600][46.568s][info][gc,stats    ] 
[2026-04-03T02:50:17.895+0600][46.568s][info][gc,stats    ] Allocation pacing accrued:
[2026-04-03T02:50:17.895+0600][46.568s][info][gc,stats    ]      31 of  1653 ms (  1.9%): Executor task launch worker for task 5.0 in stage 1344.0 (TID 2526)
[2026-04-03T02:50:17.895+0600][46.568s][info][gc,stats    ]      32 of  1653 ms (  1.9%): Executor task launch worker for task 3.0 in stage 1344.0 (TID 2524)
[2026-04-03T02:50:17.895+0600][46.568s][info][gc,stats    ]      22 of  1653 ms (  1.3%): Executor task launch worker for task 6.0 in stage 1344.0 (TID 2527)
[2026-04-03T02:50:17.895+0600][46.568s][info][gc,stats    ]      32 of  1653 ms (  1.9%): Executor task launch worker for task 2.0 in stage 1344.0 (TID 2523)
[2026-04-03T02:50:17.895+0600][46.568s][info][gc,stats    ]      29 of  1653 ms (  1.8%): Executor task launch worker for task 7.0 in stage 1344.0 (TID 2528)
[2026-04-03T02:50:17.895+0600][46.569s][info][gc,stats    ]      29 of  1653 ms (  1.8%): Executor task launch worker for task 0.0 in stage 1350.0 (TID 2530)
[2026-04-03T02:50:17.895+0600][46.569s][info][gc,stats    ]      22 of  1653 ms (  1.4%): Executor task launch worker for task 0.0 in stage 1344.0 (TID 2521)
[2026-04-03T02:50:17.895+0600][46.569s][info][gc,stats    ]     198 of  1653 ms ( 12.0%): <total>
[2026-04-03T02:50:17.895+0600][46.569s][info][gc,stats    ]       1 of  1653 ms (  0.0%): <average total>
[2026-04-03T02:50:17.895+0600][46.569s][info][gc,stats    ]      28 of  1653 ms (  1.7%): <average non-zero>
[2026-04-03T02:50:17.895+0600][46.569s][info][gc,stats    ] 
[2026-04-03T02:50:17.895+0600][46.569s][info][gc,metaspace] Metaspace: 130850K(132032K)->130857K(132032K) NonClass: 114377K(115008K)->114384K(115008K) Class: 16473K(17024K)->16473K(17024K)
[2026-04-03T02:50:17.895+0600][46.569s][info][gc,ergo     ] Pacer for Idle. Initial: 40960K, Alloc Tax Rate: 1.0x
[2026-04-03T02:50:18.748+0600][47.422s][info][gc          ] Trigger: Average GC time (172.28 ms) is above the time for average allocation rate (1181 MB/s) to deplete free headroom (203M) (margin of error = 1.81)
[2026-04-03T02:50:18.748+0600][47.422s][info][gc,ergo     ] Free headroom: 303M (free) - 100M (spike) - 0B (penalties) = 203M
[2026-04-03T02:50:18.748+0600][47.422s][info][gc,ergo     ] Free: 302M, Max: 512K regular, 207M humongous, Frag: 32% external, 0% internal; Reserve: 100M, Max: 512K
[2026-04-03T02:50:18.748+0600][47.422s][info][gc,start    ] GC(25) Concurrent reset
[2026-04-03T02:50:18.748+0600][47.422s][info][gc,task     ] GC(25) Using 3 of 6 workers for concurrent reset
[2026-04-03T02:50:18.748+0600][47.422s][info][gc,ergo     ] GC(25) Pacer for Reset. Non-Taxable: 2000M
[2026-04-03T02:50:18.751+0600][47.424s][info][gc          ] GC(25) Concurrent reset 2.345ms
[2026-04-03T02:50:18.751+0600][47.425s][info][gc,start    ] GC(25) Pause Init Mark (unload classes)
[2026-04-03T02:50:18.751+0600][47.425s][info][gc,task     ] GC(25) Using 6 of 6 workers for init marking
[2026-04-03T02:50:18.751+0600][47.425s][info][gc,ergo     ] GC(25) Pacer for Mark. Expected Live: 92670K, Free: 300M, Non-Taxable: 30742K, Alloc Tax Rate: 0.4x
[2026-04-03T02:50:18.751+0600][47.425s][info][gc          ] GC(25) Pause Init Mark (unload classes) 0.117ms
[2026-04-03T02:50:18.751+0600][47.425s][info][gc,start    ] GC(25) Concurrent marking roots
[2026-04-03T02:50:18.751+0600][47.425s][info][gc,task     ] GC(25) Using 3 of 6 workers for concurrent marking roots
[2026-04-03T02:50:18.754+0600][47.428s][info][gc          ] GC(25) Concurrent marking roots 2.523ms
[2026-04-03T02:50:18.754+0600][47.428s][info][gc,start    ] GC(25) Concurrent marking (unload classes)
[2026-04-03T02:50:18.754+0600][47.428s][info][gc,task     ] GC(25) Using 3 of 6 workers for concurrent marking
[2026-04-03T02:50:18.827+0600][47.501s][info][gc          ] GC(25) Concurrent marking (unload classes) 72.954ms
[2026-04-03T02:50:18.827+0600][47.501s][info][gc,start    ] GC(25) Pause Final Mark (unload classes)
[2026-04-03T02:50:18.827+0600][47.501s][info][gc,task     ] GC(25) Using 6 of 6 workers for final marking
[2026-04-03T02:50:18.828+0600][47.501s][info][gc,ergo     ] GC(25) Adaptive CSet Selection. Target Free: 283M, Actual Free: 1472M, Max CSet: 85333K, Min Garbage: 0B
[2026-04-03T02:50:18.828+0600][47.502s][info][gc,ergo     ] GC(25) Collectable Garbage: 1355M (99%), Immediate: 1122M (82%), CSet: 233M (17%)
[2026-04-03T02:50:18.828+0600][47.502s][info][gc,ergo     ] GC(25) Pacer for Evacuation. Used CSet: 242M, Free: 1513M, Non-Taxable: 151M, Alloc Tax Rate: 1.1x
[2026-04-03T02:50:18.828+0600][47.502s][info][gc          ] GC(25) Pause Final Mark (unload classes) 0.851ms
[2026-04-03T02:50:18.828+0600][47.502s][info][gc,start    ] GC(25) Concurrent thread roots
[2026-04-03T02:50:18.828+0600][47.502s][info][gc,task     ] GC(25) Using 3 of 6 workers for Concurrent thread roots
[2026-04-03T02:50:18.830+0600][47.504s][info][gc          ] GC(25) Concurrent thread roots 1.904ms
[2026-04-03T02:50:18.830+0600][47.504s][info][gc,start    ] GC(25) Concurrent weak references
[2026-04-03T02:50:18.830+0600][47.504s][info][gc,task     ] GC(25) Using 3 of 6 workers for concurrent weak references
[2026-04-03T02:50:18.832+0600][47.505s][info][gc,ref      ] GC(25) Encountered references: Soft: 3876, Weak: 16357, Final: 84, Phantom: 621
[2026-04-03T02:50:18.832+0600][47.505s][info][gc,ref      ] GC(25) Discovered  references: Soft: 0, Weak: 9751, Final: 48, Phantom: 223
[2026-04-03T02:50:18.832+0600][47.505s][info][gc,ref      ] GC(25) Enqueued    references: Soft: 0, Weak: 1189, Final: 0, Phantom: 0
[2026-04-03T02:50:18.832+0600][47.505s][info][gc          ] GC(25) Concurrent weak references 1.590ms
[2026-04-03T02:50:18.832+0600][47.505s][info][gc,start    ] GC(25) Concurrent weak roots
[2026-04-03T02:50:18.832+0600][47.505s][info][gc,task     ] GC(25) Using 3 of 6 workers for concurrent weak root
[2026-04-03T02:50:18.840+0600][47.514s][info][gc          ] GC(25) Concurrent weak roots 8.786ms
[2026-04-03T02:50:18.841+0600][47.514s][info][gc,start    ] GC(25) Concurrent cleanup
[2026-04-03T02:50:18.842+0600][47.516s][info][gc          ] GC(25) Concurrent cleanup 1513M->392M(1705M) 1.485ms
[2026-04-03T02:50:18.842+0600][47.516s][info][gc,ergo     ] GC(25) Free: 1501M, Max: 512K regular, 273M humongous, Frag: 82% external, 0% internal; Reserve: 101261K, Max: 512K
[2026-04-03T02:50:18.842+0600][47.516s][info][gc,start    ] GC(25) Concurrent class unloading
[2026-04-03T02:50:18.842+0600][47.516s][info][gc,task     ] GC(25) Using 3 of 6 workers for concurrent class unloading
[2026-04-03T02:50:18.865+0600][47.539s][info][gc          ] GC(25) Concurrent class unloading 23.105ms
[2026-04-03T02:50:18.865+0600][47.539s][info][gc,start    ] GC(25) Concurrent strong roots
[2026-04-03T02:50:18.865+0600][47.539s][info][gc,task     ] GC(25) Using 3 of 6 workers for concurrent strong root
[2026-04-03T02:50:18.867+0600][47.541s][info][gc          ] GC(25) Concurrent strong roots 1.312ms
[2026-04-03T02:50:18.867+0600][47.541s][info][gc,start    ] GC(25) Concurrent evacuation
[2026-04-03T02:50:18.867+0600][47.541s][info][gc,task     ] GC(25) Using 3 of 6 workers for concurrent evacuation
[2026-04-03T02:50:18.872+0600][47.546s][info][gc          ] GC(25) Concurrent evacuation 5.634ms
[2026-04-03T02:50:18.873+0600][47.547s][info][gc,start    ] GC(25) Pause Init Update Refs
[2026-04-03T02:50:18.873+0600][47.547s][info][gc,ergo     ] GC(25) Pacer for Update Refs. Used: 422M, Free: 1476M, Non-Taxable: 147M, Alloc Tax Rate: 1.1x
[2026-04-03T02:50:18.873+0600][47.547s][info][gc          ] GC(25) Pause Init Update Refs 0.133ms
[2026-04-03T02:50:18.873+0600][47.547s][info][gc,start    ] GC(25) Concurrent update references
[2026-04-03T02:50:18.873+0600][47.547s][info][gc,task     ] GC(25) Using 3 of 6 workers for concurrent reference update
[2026-04-03T02:50:18.925+0600][47.599s][info][gc          ] GC(25) Concurrent update references 51.688ms
[2026-04-03T02:50:18.925+0600][47.599s][info][gc,start    ] GC(25) Concurrent update thread roots
[2026-04-03T02:50:18.926+0600][47.600s][info][gc          ] GC(25) Concurrent update thread roots 1.380ms
[2026-04-03T02:50:18.927+0600][47.600s][info][gc,start    ] GC(25) Pause Final Update Refs
[2026-04-03T02:50:18.927+0600][47.600s][info][gc,task     ] GC(25) Using 6 of 6 workers for final reference update
[2026-04-03T02:50:18.927+0600][47.601s][info][gc          ] GC(25) Pause Final Update Refs 0.228ms
[2026-04-03T02:50:18.927+0600][47.601s][info][gc,start    ] GC(25) Concurrent cleanup
[2026-04-03T02:50:18.928+0600][47.602s][info][gc          ] GC(25) Concurrent cleanup 457M->215M(1705M) 0.720ms
[2026-04-03T02:50:18.928+0600][47.602s][info][gc,ergo     ] Free: 1669M, Max: 512K regular, 1017M humongous, Frag: 39% external, 0% internal; Reserve: 100M, Max: 512K
[2026-04-03T02:50:18.928+0600][47.602s][info][gc,stats    ] 
[2026-04-03T02:50:18.928+0600][47.602s][info][gc,stats    ] All times are wall-clock times, except per-root-class counters, that are sum over
[2026-04-03T02:50:18.928+0600][47.602s][info][gc,stats    ] all workers. Dividing the <total> over the root stage time estimates parallelism.
[2026-04-03T02:50:18.928+0600][47.602s][info][gc,stats    ] 
[2026-04-03T02:50:18.928+0600][47.602s][info][gc,stats    ] Concurrent Reset                   2405 us
[2026-04-03T02:50:18.928+0600][47.602s][info][gc,stats    ] Pause Init Mark (G)                 716 us
[2026-04-03T02:50:18.928+0600][47.602s][info][gc,stats    ] Pause Init Mark (N)                 126 us
[2026-04-03T02:50:18.928+0600][47.602s][info][gc,stats    ]   Update Region States               48 us
[2026-04-03T02:50:18.928+0600][47.602s][info][gc,stats    ] Concurrent Mark Roots              2588 us, parallelism: 1.46x
[2026-04-03T02:50:18.928+0600][47.602s][info][gc,stats    ]   CMR: <total>                     3779 us
[2026-04-03T02:50:18.928+0600][47.602s][info][gc,stats    ]   CMR: Thread Roots                3425 us, workers (us): 1569, 1856,   0, ---, ---, ---, 
[2026-04-03T02:50:18.928+0600][47.602s][info][gc,stats    ]   CMR: VM Strong Roots               52 us, workers (us):  50,   1,   0, ---, ---, ---, 
[2026-04-03T02:50:18.928+0600][47.602s][info][gc,stats    ]   CMR: CLDG Roots                   302 us, workers (us): 302, ---, ---, ---, ---, ---, 
[2026-04-03T02:50:18.928+0600][47.602s][info][gc,stats    ] Concurrent Marking                73051 us
[2026-04-03T02:50:18.928+0600][47.602s][info][gc,stats    ] Pause Final Mark (G)               1082 us
[2026-04-03T02:50:18.928+0600][47.602s][info][gc,stats    ] Pause Final Mark (N)                870 us
[2026-04-03T02:50:18.928+0600][47.602s][info][gc,stats    ]   Finish Mark                       204 us
[2026-04-03T02:50:18.928+0600][47.602s][info][gc,stats    ]   Update Region States               63 us
[2026-04-03T02:50:18.928+0600][47.602s][info][gc,stats    ]   Choose Collection Set             332 us
[2026-04-03T02:50:18.928+0600][47.602s][info][gc,stats    ]   Rebuild Free Set                   75 us
[2026-04-03T02:50:18.928+0600][47.602s][info][gc,stats    ] Concurrent Thread Roots            1980 us, parallelism: 2.23x
[2026-04-03T02:50:18.928+0600][47.602s][info][gc,stats    ]   CTR: <total>                     4417 us
[2026-04-03T02:50:18.928+0600][47.602s][info][gc,stats    ]   CTR: Thread Roots                4417 us, workers (us): 1792, 1607, 1018, ---, ---, ---, 
[2026-04-03T02:50:18.928+0600][47.602s][info][gc,stats    ] Concurrent Weak References         1604 us, parallelism: 1.04x
[2026-04-03T02:50:18.928+0600][47.602s][info][gc,stats    ]   CWRF: <total>                    1662 us
[2026-04-03T02:50:18.928+0600][47.602s][info][gc,stats    ]   CWRF: Weak References            1662 us, workers (us): 1300, 362,   0, ---, ---, ---, 
[2026-04-03T02:50:18.928+0600][47.602s][info][gc,stats    ] Concurrent Weak Roots              8882 us
[2026-04-03T02:50:18.928+0600][47.602s][info][gc,stats    ]   Roots                            8317 us, parallelism: 2.55x
[2026-04-03T02:50:18.928+0600][47.602s][info][gc,stats    ]     CWR: <total>                  21242 us
[2026-04-03T02:50:18.928+0600][47.602s][info][gc,stats    ]     CWR: Code Cache Roots         13058 us, workers (us): 5312, 2122, 5625, ---, ---, ---, 
[2026-04-03T02:50:18.928+0600][47.602s][info][gc,stats    ]     CWR: VM Weak Roots             7933 us, workers (us): 2274, 5285, 374, ---, ---, ---, 
[2026-04-03T02:50:18.928+0600][47.602s][info][gc,stats    ]     CWR: CLDG Roots                 251 us, workers (us): 251, ---, ---, ---, ---, ---, 
[2026-04-03T02:50:18.928+0600][47.602s][info][gc,stats    ]   Rendezvous                        434 us
[2026-04-03T02:50:18.928+0600][47.602s][info][gc,stats    ] Concurrent Cleanup                 1523 us
[2026-04-03T02:50:18.928+0600][47.602s][info][gc,stats    ] Concurrent Class Unloading        23198 us
[2026-04-03T02:50:18.928+0600][47.602s][info][gc,stats    ]   Unlink Stale                    18807 us
[2026-04-03T02:50:18.928+0600][47.602s][info][gc,stats    ]     System Dictionary               285 us
[2026-04-03T02:50:18.928+0600][47.602s][info][gc,stats    ]     Weak Class Links                  1 us
[2026-04-03T02:50:18.928+0600][47.602s][info][gc,stats    ]     Code Roots                    18516 us
[2026-04-03T02:50:18.928+0600][47.602s][info][gc,stats    ]   Rendezvous                        391 us
[2026-04-03T02:50:18.928+0600][47.602s][info][gc,stats    ]   Purge Unlinked                   3868 us
[2026-04-03T02:50:18.928+0600][47.602s][info][gc,stats    ]     Code Roots                     3853 us
[2026-04-03T02:50:18.928+0600][47.602s][info][gc,stats    ]     CLDG                             14 us
[2026-04-03T02:50:18.928+0600][47.602s][info][gc,stats    ]     Exception Caches                  0 us
[2026-04-03T02:50:18.928+0600][47.602s][info][gc,stats    ] Concurrent Strong Roots            1492 us, parallelism: 0.62x
[2026-04-03T02:50:18.928+0600][47.602s][info][gc,stats    ]   CSR: <total>                      927 us
[2026-04-03T02:50:18.928+0600][47.602s][info][gc,stats    ]   CSR: VM Strong Roots               63 us, workers (us):   1,  34,  28, ---, ---, ---, 
[2026-04-03T02:50:18.928+0600][47.602s][info][gc,stats    ]   CSR: CLDG Roots                   864 us, workers (us): ---, 864, ---, ---, ---, ---, 
[2026-04-03T02:50:18.928+0600][47.602s][info][gc,stats    ] Concurrent Evacuation              5746 us
[2026-04-03T02:50:18.928+0600][47.602s][info][gc,stats    ] Pause Init Update Refs (G)          543 us
[2026-04-03T02:50:18.928+0600][47.602s][info][gc,stats    ] Pause Init Update Refs (N)          152 us
[2026-04-03T02:50:18.928+0600][47.602s][info][gc,stats    ]   Manage GCLABs                      61 us
[2026-04-03T02:50:18.928+0600][47.602s][info][gc,stats    ] Concurrent Update Refs            51804 us
[2026-04-03T02:50:18.928+0600][47.602s][info][gc,stats    ] Concurrent Update Thread Roots     1436 us
[2026-04-03T02:50:18.928+0600][47.602s][info][gc,stats    ] Pause Final Update Refs (G)         582 us
[2026-04-03T02:50:18.928+0600][47.602s][info][gc,stats    ] Pause Final Update Refs (N)         253 us
[2026-04-03T02:50:18.928+0600][47.602s][info][gc,stats    ]   Update Region States               66 us
[2026-04-03T02:50:18.928+0600][47.602s][info][gc,stats    ]   Trash Collection Set               21 us
[2026-04-03T02:50:18.928+0600][47.602s][info][gc,stats    ]   Rebuild Free Set                   84 us
[2026-04-03T02:50:18.928+0600][47.602s][info][gc,stats    ] Concurrent Cleanup                  772 us
[2026-04-03T02:50:18.928+0600][47.602s][info][gc,stats    ] Pacing                           168775 us
[2026-04-03T02:50:18.928+0600][47.602s][info][gc,stats    ] 
[2026-04-03T02:50:18.928+0600][47.602s][info][gc,stats    ] Allocation pacing accrued:
[2026-04-03T02:50:18.928+0600][47.602s][info][gc,stats    ]      21 of  1034 ms (  2.0%): Executor task launch worker for task 6.0 in stage 1390.0 (TID 2669)
[2026-04-03T02:50:18.928+0600][47.602s][info][gc,stats    ]      21 of  1034 ms (  2.1%): Executor task launch worker for task 1.0 in stage 1390.0 (TID 2664)
[2026-04-03T02:50:18.928+0600][47.602s][info][gc,stats    ]      22 of  1034 ms (  2.1%): Executor task launch worker for task 4.0 in stage 1390.0 (TID 2667)
[2026-04-03T02:50:18.928+0600][47.602s][info][gc,stats    ]      21 of  1034 ms (  2.0%): Executor task launch worker for task 3.0 in stage 1390.0 (TID 2666)
[2026-04-03T02:50:18.928+0600][47.602s][info][gc,stats    ]      21 of  1034 ms (  2.1%): Executor task launch worker for task 2.0 in stage 1390.0 (TID 2665)
[2026-04-03T02:50:18.928+0600][47.602s][info][gc,stats    ]      22 of  1034 ms (  2.1%): Executor task launch worker for task 5.0 in stage 1390.0 (TID 2668)
[2026-04-03T02:50:18.928+0600][47.602s][info][gc,stats    ]      20 of  1034 ms (  2.0%): Executor task launch worker for task 0.0 in stage 1390.0 (TID 2663)
[2026-04-03T02:50:18.928+0600][47.602s][info][gc,stats    ]      20 of  1034 ms (  2.0%): Executor task launch worker for task 7.0 in stage 1390.0 (TID 2670)
[2026-04-03T02:50:18.928+0600][47.602s][info][gc,stats    ]     169 of  1034 ms ( 16.3%): <total>
[2026-04-03T02:50:18.928+0600][47.602s][info][gc,stats    ]       1 of  1034 ms (  0.1%): <average total>
[2026-04-03T02:50:18.928+0600][47.602s][info][gc,stats    ]      21 of  1034 ms (  2.0%): <average non-zero>
[2026-04-03T02:50:18.928+0600][47.602s][info][gc,stats    ] 
[2026-04-03T02:50:18.928+0600][47.602s][info][gc,metaspace] Metaspace: 130924K(132096K)->130932K(132096K) NonClass: 114450K(115072K)->114457K(115072K) Class: 16474K(17024K)->16474K(17024K)
[2026-04-03T02:50:18.928+0600][47.602s][info][gc,ergo     ] Pacer for Idle. Initial: 40960K, Alloc Tax Rate: 1.0x
[2026-04-03T02:50:20.319+0600][48.992s][info][gc          ] Trigger: Explicit GC request (System.gc())
[2026-04-03T02:50:20.319+0600][48.992s][info][gc,ergo     ] Free: 257M, Max: 512K regular, 256M humongous, Frag: 0% external, 1% internal; Reserve: 100M, Max: 512K
[2026-04-03T02:50:20.319+0600][48.992s][info][gc,start    ] GC(26) Concurrent reset
[2026-04-03T02:50:20.319+0600][48.993s][info][gc,task     ] GC(26) Using 3 of 6 workers for concurrent reset
[2026-04-03T02:50:20.319+0600][48.993s][info][gc,ergo     ] GC(26) Pacer for Reset. Non-Taxable: 2000M
[2026-04-03T02:50:20.321+0600][48.994s][info][gc          ] GC(26) Concurrent reset 1.932ms
[2026-04-03T02:50:20.321+0600][48.995s][info][gc,start    ] GC(26) Pause Init Mark (unload classes)
[2026-04-03T02:50:20.321+0600][48.995s][info][gc,task     ] GC(26) Using 6 of 6 workers for init marking
[2026-04-03T02:50:20.321+0600][48.995s][info][gc,ref      ] GC(26) Clearing All SoftReferences
[2026-04-03T02:50:20.321+0600][48.995s][info][gc,ergo     ] GC(26) Pacer for Mark. Expected Live: 93193K, Free: 257M, Non-Taxable: 26355K, Alloc Tax Rate: 0.4x
[2026-04-03T02:50:20.321+0600][48.995s][info][gc          ] GC(26) Pause Init Mark (unload classes) 0.198ms
[2026-04-03T02:50:20.321+0600][48.995s][info][gc,start    ] GC(26) Concurrent marking roots
[2026-04-03T02:50:20.321+0600][48.995s][info][gc,task     ] GC(26) Using 3 of 6 workers for concurrent marking roots
[2026-04-03T02:50:20.323+0600][48.997s][info][gc          ] GC(26) Concurrent marking roots 1.290ms
[2026-04-03T02:50:20.323+0600][48.997s][info][gc,start    ] GC(26) Concurrent marking (unload classes)
[2026-04-03T02:50:20.323+0600][48.997s][info][gc,task     ] GC(26) Using 3 of 6 workers for concurrent marking
[2026-04-03T02:50:20.371+0600][49.045s][info][gc          ] GC(26) Concurrent marking (unload classes) 48.400ms
[2026-04-03T02:50:20.371+0600][49.045s][info][gc,start    ] GC(26) Pause Final Mark (unload classes)
[2026-04-03T02:50:20.371+0600][49.045s][info][gc,task     ] GC(26) Using 6 of 6 workers for final marking
[2026-04-03T02:50:20.372+0600][49.046s][info][gc,ergo     ] GC(26) Adaptive CSet Selection. Target Free: 283M, Actual Free: 1521M, Max CSet: 85333K, Min Garbage: 0B
[2026-04-03T02:50:20.372+0600][49.046s][info][gc,ergo     ] GC(26) Collectable Garbage: 1423M (99%), Immediate: 1165M (81%), CSet: 257M (18%)
[2026-04-03T02:50:20.372+0600][49.046s][info][gc,ergo     ] GC(26) Pacer for Evacuation. Used CSet: 269M, Free: 1543M, Non-Taxable: 154M, Alloc Tax Rate: 1.1x
[2026-04-03T02:50:20.372+0600][49.046s][info][gc          ] GC(26) Pause Final Mark (unload classes) 0.818ms
[2026-04-03T02:50:20.372+0600][49.046s][info][gc,start    ] GC(26) Concurrent thread roots
[2026-04-03T02:50:20.372+0600][49.046s][info][gc,task     ] GC(26) Using 3 of 6 workers for Concurrent thread roots
[2026-04-03T02:50:20.373+0600][49.047s][info][gc          ] GC(26) Concurrent thread roots 0.928ms
[2026-04-03T02:50:20.373+0600][49.047s][info][gc,start    ] GC(26) Concurrent weak references
[2026-04-03T02:50:20.373+0600][49.047s][info][gc,task     ] GC(26) Using 3 of 6 workers for concurrent weak references
[2026-04-03T02:50:20.375+0600][49.049s][info][gc,ref      ] GC(26) Encountered references: Soft: 3645, Weak: 17458, Final: 84, Phantom: 621
[2026-04-03T02:50:20.375+0600][49.049s][info][gc,ref      ] GC(26) Discovered  references: Soft: 1261, Weak: 11692, Final: 84, Phantom: 617
[2026-04-03T02:50:20.375+0600][49.049s][info][gc,ref      ] GC(26) Enqueued    references: Soft: 748, Weak: 3174, Final: 0, Phantom: 0
[2026-04-03T02:50:20.375+0600][49.049s][info][gc          ] GC(26) Concurrent weak references 1.698ms
[2026-04-03T02:50:20.375+0600][49.049s][info][gc,start    ] GC(26) Concurrent weak roots
[2026-04-03T02:50:20.375+0600][49.049s][info][gc,task     ] GC(26) Using 3 of 6 workers for concurrent weak root
[2026-04-03T02:50:20.380+0600][49.054s][info][gc          ] GC(26) Concurrent weak roots 5.194ms
[2026-04-03T02:50:20.380+0600][49.054s][info][gc,start    ] GC(26) Concurrent cleanup
[2026-04-03T02:50:20.381+0600][49.055s][info][gc          ] GC(26) Concurrent cleanup 1519M->354M(1705M) 1.192ms
[2026-04-03T02:50:20.381+0600][49.055s][info][gc,ergo     ] GC(26) Free: 1543M, Max: 512K regular, 255M humongous, Frag: 84% external, 0% internal; Reserve: 101632K, Max: 512K
[2026-04-03T02:50:20.381+0600][49.055s][info][gc,start    ] GC(26) Concurrent class unloading
[2026-04-03T02:50:20.381+0600][49.055s][info][gc,task     ] GC(26) Using 3 of 6 workers for concurrent class unloading
[2026-04-03T02:50:20.454+0600][49.128s][info][gc          ] GC(26) Concurrent class unloading 72.807ms
[2026-04-03T02:50:20.454+0600][49.128s][info][gc,start    ] GC(26) Concurrent strong roots
[2026-04-03T02:50:20.454+0600][49.128s][info][gc,task     ] GC(26) Using 3 of 6 workers for concurrent strong root
[2026-04-03T02:50:20.456+0600][49.129s][info][gc          ] GC(26) Concurrent strong roots 1.427ms
[2026-04-03T02:50:20.456+0600][49.130s][info][gc,start    ] GC(26) Concurrent evacuation
[2026-04-03T02:50:20.456+0600][49.130s][info][gc,task     ] GC(26) Using 3 of 6 workers for concurrent evacuation
[2026-04-03T02:50:20.463+0600][49.137s][info][gc          ] GC(26) Concurrent evacuation 7.637ms
[2026-04-03T02:50:20.464+0600][49.137s][info][gc,start    ] GC(26) Pause Init Update Refs
[2026-04-03T02:50:20.464+0600][49.137s][info][gc,ergo     ] GC(26) Pacer for Update Refs. Used: 369M, Free: 1541M, Non-Taxable: 154M, Alloc Tax Rate: 1.1x
[2026-04-03T02:50:20.464+0600][49.137s][info][gc          ] GC(26) Pause Init Update Refs 0.119ms
[2026-04-03T02:50:20.464+0600][49.138s][info][gc,start    ] GC(26) Concurrent update references
[2026-04-03T02:50:20.464+0600][49.138s][info][gc,task     ] GC(26) Using 3 of 6 workers for concurrent reference update
[2026-04-03T02:50:20.498+0600][49.172s][info][gc          ] GC(26) Concurrent update references 34.490ms
[2026-04-03T02:50:20.498+0600][49.172s][info][gc,start    ] GC(26) Concurrent update thread roots
[2026-04-03T02:50:20.499+0600][49.173s][info][gc          ] GC(26) Concurrent update thread roots 1.072ms
[2026-04-03T02:50:20.499+0600][49.173s][info][gc,start    ] GC(26) Pause Final Update Refs
[2026-04-03T02:50:20.499+0600][49.173s][info][gc,task     ] GC(26) Using 6 of 6 workers for final reference update
[2026-04-03T02:50:20.500+0600][49.173s][info][gc          ] GC(26) Pause Final Update Refs 0.183ms
[2026-04-03T02:50:20.500+0600][49.174s][info][gc,start    ] GC(26) Concurrent cleanup
[2026-04-03T02:50:20.500+0600][49.174s][info][gc          ] GC(26) Concurrent cleanup 369M->100M(1708M) 0.672ms
[2026-04-03T02:50:20.500+0600][49.174s][info][gc,ergo     ] Free: 1797M, Max: 512K regular, 1122M humongous, Frag: 38% external, 0% internal; Reserve: 100M, Max: 512K
[2026-04-03T02:50:20.500+0600][49.174s][info][gc,stats    ] 
[2026-04-03T02:50:20.500+0600][49.174s][info][gc,stats    ] All times are wall-clock times, except per-root-class counters, that are sum over
[2026-04-03T02:50:20.501+0600][49.174s][info][gc,stats    ] all workers. Dividing the <total> over the root stage time estimates parallelism.
[2026-04-03T02:50:20.501+0600][49.174s][info][gc,stats    ] 
[2026-04-03T02:50:20.501+0600][49.174s][info][gc,stats    ] Concurrent Reset                   1996 us
[2026-04-03T02:50:20.501+0600][49.174s][info][gc,stats    ] Pause Init Mark (G)                 719 us
[2026-04-03T02:50:20.501+0600][49.174s][info][gc,stats    ] Pause Init Mark (N)                 209 us
[2026-04-03T02:50:20.501+0600][49.174s][info][gc,stats    ]   Update Region States               67 us
[2026-04-03T02:50:20.501+0600][49.174s][info][gc,stats    ] Concurrent Mark Roots              1338 us, parallelism: 1.89x
[2026-04-03T02:50:20.501+0600][49.174s][info][gc,stats    ]   CMR: <total>                     2527 us
[2026-04-03T02:50:20.501+0600][49.174s][info][gc,stats    ]   CMR: Thread Roots                2048 us, workers (us): 805, 424, 819, ---, ---, ---, 
[2026-04-03T02:50:20.501+0600][49.174s][info][gc,stats    ]   CMR: VM Strong Roots               76 us, workers (us):  24,  15,  36, ---, ---, ---, 
[2026-04-03T02:50:20.501+0600][49.174s][info][gc,stats    ]   CMR: CLDG Roots                   404 us, workers (us): ---, 404, ---, ---, ---, ---, 
[2026-04-03T02:50:20.501+0600][49.175s][info][gc,stats    ] Concurrent Marking                48478 us
[2026-04-03T02:50:20.501+0600][49.175s][info][gc,stats    ] Pause Final Mark (G)                929 us
[2026-04-03T02:50:20.501+0600][49.175s][info][gc,stats    ] Pause Final Mark (N)                830 us
[2026-04-03T02:50:20.501+0600][49.175s][info][gc,stats    ]   Finish Mark                       284 us
[2026-04-03T02:50:20.501+0600][49.175s][info][gc,stats    ]   Update Region States              107 us
[2026-04-03T02:50:20.501+0600][49.175s][info][gc,stats    ]   Choose Collection Set             284 us
[2026-04-03T02:50:20.501+0600][49.175s][info][gc,stats    ]   Rebuild Free Set                   57 us
[2026-04-03T02:50:20.501+0600][49.175s][info][gc,stats    ] Concurrent Thread Roots             955 us, parallelism: 2.52x
[2026-04-03T02:50:20.501+0600][49.175s][info][gc,stats    ]   CTR: <total>                     2410 us
[2026-04-03T02:50:20.501+0600][49.175s][info][gc,stats    ]   CTR: Thread Roots                2410 us, workers (us): 860, 784, 767, ---, ---, ---, 
[2026-04-03T02:50:20.501+0600][49.175s][info][gc,stats    ] Concurrent Weak References         1704 us, parallelism: 1.76x
[2026-04-03T02:50:20.501+0600][49.175s][info][gc,stats    ]   CWRF: <total>                    3008 us
[2026-04-03T02:50:20.501+0600][49.175s][info][gc,stats    ]   CWRF: Weak References            3008 us, workers (us): 939, 1507, 561, ---, ---, ---, 
[2026-04-03T02:50:20.501+0600][49.175s][info][gc,stats    ] Concurrent Weak Roots              5269 us
[2026-04-03T02:50:20.501+0600][49.175s][info][gc,stats    ]   Roots                            4938 us, parallelism: 2.73x
[2026-04-03T02:50:20.501+0600][49.175s][info][gc,stats    ]     CWR: <total>                  13492 us
[2026-04-03T02:50:20.501+0600][49.175s][info][gc,stats    ]     CWR: Code Cache Roots         10016 us, workers (us): 3093, 3474, 3450, ---, ---, ---, 
[2026-04-03T02:50:20.501+0600][49.175s][info][gc,stats    ]     CWR: VM Weak Roots             3224 us, workers (us): 1107, 1053, 1065, ---, ---, ---, 
[2026-04-03T02:50:20.501+0600][49.175s][info][gc,stats    ]     CWR: CLDG Roots                 251 us, workers (us): 251, ---, ---, ---, ---, ---, 
[2026-04-03T02:50:20.501+0600][49.175s][info][gc,stats    ]   Rendezvous                        238 us
[2026-04-03T02:50:20.501+0600][49.175s][info][gc,stats    ] Concurrent Cleanup                 1210 us
[2026-04-03T02:50:20.501+0600][49.175s][info][gc,stats    ] Concurrent Class Unloading        72887 us
[2026-04-03T02:50:20.501+0600][49.175s][info][gc,stats    ]   Unlink Stale                    48937 us
[2026-04-03T02:50:20.501+0600][49.175s][info][gc,stats    ]     System Dictionary              1118 us
[2026-04-03T02:50:20.501+0600][49.175s][info][gc,stats    ]     Weak Class Links              27008 us
[2026-04-03T02:50:20.501+0600][49.175s][info][gc,stats    ]     Code Roots                    20806 us
[2026-04-03T02:50:20.501+0600][49.175s][info][gc,stats    ]   Rendezvous                        323 us
[2026-04-03T02:50:20.501+0600][49.175s][info][gc,stats    ]   Purge Unlinked                  23522 us
[2026-04-03T02:50:20.501+0600][49.175s][info][gc,stats    ]     Code Roots                    21963 us
[2026-04-03T02:50:20.501+0600][49.175s][info][gc,stats    ]     CLDG                           1557 us
[2026-04-03T02:50:20.501+0600][49.175s][info][gc,stats    ]     Exception Caches                  1 us
[2026-04-03T02:50:20.501+0600][49.175s][info][gc,stats    ] Concurrent Strong Roots            1499 us, parallelism: 0.73x
[2026-04-03T02:50:20.501+0600][49.175s][info][gc,stats    ]   CSR: <total>                     1097 us
[2026-04-03T02:50:20.501+0600][49.175s][info][gc,stats    ]   CSR: VM Strong Roots               51 us, workers (us):  43,   9,   0, ---, ---, ---, 
[2026-04-03T02:50:20.501+0600][49.175s][info][gc,stats    ]   CSR: CLDG Roots                  1045 us, workers (us): ---, 1045, ---, ---, ---, ---, 
[2026-04-03T02:50:20.501+0600][49.175s][info][gc,stats    ] Concurrent Evacuation              7709 us
[2026-04-03T02:50:20.501+0600][49.175s][info][gc,stats    ] Pause Init Update Refs (G)          309 us
[2026-04-03T02:50:20.501+0600][49.175s][info][gc,stats    ] Pause Init Update Refs (N)          139 us
[2026-04-03T02:50:20.501+0600][49.175s][info][gc,stats    ]   Manage GCLABs                      68 us
[2026-04-03T02:50:20.501+0600][49.175s][info][gc,stats    ] Concurrent Update Refs            34568 us
[2026-04-03T02:50:20.501+0600][49.175s][info][gc,stats    ] Concurrent Update Thread Roots     1100 us
[2026-04-03T02:50:20.501+0600][49.175s][info][gc,stats    ] Pause Final Update Refs (G)         291 us
[2026-04-03T02:50:20.501+0600][49.175s][info][gc,stats    ] Pause Final Update Refs (N)         202 us
[2026-04-03T02:50:20.501+0600][49.175s][info][gc,stats    ]   Update Region States               66 us
[2026-04-03T02:50:20.501+0600][49.175s][info][gc,stats    ]   Trash Collection Set               25 us
[2026-04-03T02:50:20.501+0600][49.175s][info][gc,stats    ]   Rebuild Free Set                   52 us
[2026-04-03T02:50:20.501+0600][49.175s][info][gc,stats    ] Concurrent Cleanup                  686 us
[2026-04-03T02:50:20.501+0600][49.175s][info][gc,stats    ] 
[2026-04-03T02:50:20.501+0600][49.175s][info][gc,stats    ] Allocation pacing accrued:
[2026-04-03T02:50:20.501+0600][49.175s][info][gc,stats    ]       0 of  1573 ms (  0.0%): <total>
[2026-04-03T02:50:20.501+0600][49.175s][info][gc,stats    ]       0 of  1573 ms (  0.0%): <average total>
[2026-04-03T02:50:20.501+0600][49.175s][info][gc,stats    ] 
[2026-04-03T02:50:20.501+0600][49.175s][info][gc,metaspace] Metaspace: 131322K(132608K)->129979K(132608K) NonClass: 114764K(115456K)->113650K(115456K) Class: 16558K(17152K)->16329K(17152K)
[2026-04-03T02:50:20.501+0600][49.175s][info][gc,ergo     ] Pacer for Idle. Initial: 40960K, Alloc Tax Rate: 1.0x
[2026-04-03T02:50:20.501+0600][49.175s][info][gc,start    ] Concurrent uncommit
[2026-04-03T02:50:20.709+0600][49.383s][info][gc          ] Concurrent uncommit 100M->135M(142M) 207.578ms
[2026-04-03T02:50:20.892+0600][49.565s][info][gc          ] Trigger: Learning 2 of 5. Free (1399M) is below initial threshold (1400M)
[2026-04-03T02:50:20.892+0600][49.566s][info][gc,ergo     ] Free: 1399M, Max: 512K regular, 1122M humongous, Frag: 20% external, 0% internal; Reserve: 100M, Max: 512K
[2026-04-03T02:50:20.892+0600][49.566s][info][gc,start    ] GC(27) Concurrent reset
[2026-04-03T02:50:20.892+0600][49.566s][info][gc,task     ] GC(27) Using 3 of 6 workers for concurrent reset
[2026-04-03T02:50:20.892+0600][49.566s][info][gc,ergo     ] GC(27) Pacer for Reset. Non-Taxable: 2000M
[2026-04-03T02:50:20.893+0600][49.567s][info][gc          ] GC(27) Concurrent reset 1.301ms
[2026-04-03T02:50:20.896+0600][49.569s][info][gc,start    ] GC(27) Pause Init Mark (unload classes)
[2026-04-03T02:50:20.896+0600][49.569s][info][gc,task     ] GC(27) Using 6 of 6 workers for init marking
[2026-04-03T02:50:20.896+0600][49.570s][info][gc,ergo     ] GC(27) Pacer for Mark. Expected Live: 92916K, Free: 1394M, Non-Taxable: 139M, Alloc Tax Rate: 0.1x
[2026-04-03T02:50:20.896+0600][49.570s][info][gc          ] GC(27) Pause Init Mark (unload classes) 0.160ms
[2026-04-03T02:50:20.896+0600][49.570s][info][gc,start    ] GC(27) Concurrent marking roots
[2026-04-03T02:50:20.896+0600][49.570s][info][gc,task     ] GC(27) Using 3 of 6 workers for concurrent marking roots
[2026-04-03T02:50:20.897+0600][49.571s][info][gc          ] GC(27) Concurrent marking roots 1.369ms
[2026-04-03T02:50:20.897+0600][49.571s][info][gc,start    ] GC(27) Concurrent marking (unload classes)
[2026-04-03T02:50:20.897+0600][49.571s][info][gc,task     ] GC(27) Using 3 of 6 workers for concurrent marking
[2026-04-03T02:50:20.967+0600][49.641s][info][gc          ] GC(27) Concurrent marking (unload classes) 69.925ms
[2026-04-03T02:50:20.970+0600][49.643s][info][gc,start    ] GC(27) Pause Final Mark (unload classes)
[2026-04-03T02:50:20.970+0600][49.643s][info][gc,task     ] GC(27) Using 6 of 6 workers for final marking
[2026-04-03T02:50:20.970+0600][49.644s][info][gc,ergo     ] GC(27) Adaptive CSet Selection. Target Free: 283M, Actual Free: 1758M, Max CSet: 85333K, Min Garbage: 0B
[2026-04-03T02:50:20.970+0600][49.644s][info][gc,ergo     ] GC(27) Collectable Garbage: 366M (98%), Immediate: 307M (82%), CSet: 60695K (15%)
[2026-04-03T02:50:20.970+0600][49.644s][info][gc,ergo     ] GC(27) Pacer for Evacuation. Used CSet: 69501K, Free: 1698M, Non-Taxable: 169M, Alloc Tax Rate: 1.1x
[2026-04-03T02:50:20.970+0600][49.644s][info][gc          ] GC(27) Pause Final Mark (unload classes) 0.826ms
[2026-04-03T02:50:20.971+0600][49.644s][info][gc,start    ] GC(27) Concurrent thread roots
[2026-04-03T02:50:20.971+0600][49.644s][info][gc,task     ] GC(27) Using 3 of 6 workers for Concurrent thread roots
[2026-04-03T02:50:20.973+0600][49.646s][info][gc          ] GC(27) Concurrent thread roots 1.986ms
[2026-04-03T02:50:20.973+0600][49.646s][info][gc,start    ] GC(27) Concurrent weak references
[2026-04-03T02:50:20.973+0600][49.646s][info][gc,task     ] GC(27) Using 3 of 6 workers for concurrent weak references
[2026-04-03T02:50:20.974+0600][49.648s][info][gc,ref      ] GC(27) Encountered references: Soft: 3613, Weak: 14842, Final: 84, Phantom: 623
[2026-04-03T02:50:20.974+0600][49.648s][info][gc,ref      ] GC(27) Discovered  references: Soft: 0, Weak: 7612, Final: 48, Phantom: 619
[2026-04-03T02:50:20.974+0600][49.648s][info][gc,ref      ] GC(27) Enqueued    references: Soft: 0, Weak: 375, Final: 0, Phantom: 0
[2026-04-03T02:50:20.974+0600][49.648s][info][gc          ] GC(27) Concurrent weak references 1.619ms
[2026-04-03T02:50:20.974+0600][49.648s][info][gc,start    ] GC(27) Concurrent weak roots
[2026-04-03T02:50:20.974+0600][49.648s][info][gc,task     ] GC(27) Using 3 of 6 workers for concurrent weak root
[2026-04-03T02:50:20.982+0600][49.655s][info][gc          ] GC(27) Concurrent weak roots 7.275ms
[2026-04-03T02:50:20.982+0600][49.655s][info][gc,start    ] GC(27) Concurrent cleanup
[2026-04-03T02:50:20.982+0600][49.656s][info][gc          ] GC(27) Concurrent cleanup 511M->203M(560M) 0.486ms
[2026-04-03T02:50:20.982+0600][49.656s][info][gc,ergo     ] GC(27) Free: 1689M, Max: 512K regular, 1080M humongous, Frag: 36% external, 0% internal; Reserve: 101175K, Max: 512K
[2026-04-03T02:50:20.982+0600][49.656s][info][gc,start    ] GC(27) Concurrent class unloading
[2026-04-03T02:50:20.982+0600][49.656s][info][gc,task     ] GC(27) Using 3 of 6 workers for concurrent class unloading
[2026-04-03T02:50:21.025+0600][49.699s][info][gc          ] GC(27) Concurrent class unloading 42.910ms
[2026-04-03T02:50:21.025+0600][49.699s][info][gc,start    ] GC(27) Concurrent strong roots
[2026-04-03T02:50:21.025+0600][49.699s][info][gc,task     ] GC(27) Using 3 of 6 workers for concurrent strong root
[2026-04-03T02:50:21.027+0600][49.701s][info][gc          ] GC(27) Concurrent strong roots 1.704ms
[2026-04-03T02:50:21.027+0600][49.701s][info][gc,start    ] GC(27) Concurrent evacuation
[2026-04-03T02:50:21.027+0600][49.701s][info][gc,task     ] GC(27) Using 3 of 6 workers for concurrent evacuation
[2026-04-03T02:50:21.034+0600][49.708s][info][gc          ] GC(27) Concurrent evacuation 7.078ms
[2026-04-03T02:50:21.034+0600][49.708s][info][gc,start    ] GC(27) Pause Init Update Refs
[2026-04-03T02:50:21.035+0600][49.708s][info][gc,ergo     ] GC(27) Pacer for Update Refs. Used: 225M, Free: 1675M, Non-Taxable: 167M, Alloc Tax Rate: 1.1x
[2026-04-03T02:50:21.035+0600][49.708s][info][gc          ] GC(27) Pause Init Update Refs 0.105ms
[2026-04-03T02:50:21.035+0600][49.709s][info][gc,start    ] GC(27) Concurrent update references
[2026-04-03T02:50:21.035+0600][49.709s][info][gc,task     ] GC(27) Using 3 of 6 workers for concurrent reference update
[2026-04-03T02:50:21.081+0600][49.755s][info][gc          ] GC(27) Concurrent update references 46.642ms
[2026-04-03T02:50:21.081+0600][49.755s][info][gc,start    ] GC(27) Concurrent update thread roots
[2026-04-03T02:50:21.083+0600][49.757s][info][gc          ] GC(27) Concurrent update thread roots 1.666ms
[2026-04-03T02:50:21.083+0600][49.757s][info][gc,start    ] GC(27) Pause Final Update Refs
[2026-04-03T02:50:21.083+0600][49.757s][info][gc,task     ] GC(27) Using 6 of 6 workers for final reference update
[2026-04-03T02:50:21.084+0600][49.757s][info][gc          ] GC(27) Pause Final Update Refs 0.192ms
[2026-04-03T02:50:21.084+0600][49.758s][info][gc,start    ] GC(27) Concurrent cleanup
[2026-04-03T02:50:21.084+0600][49.758s][info][gc          ] GC(27) Concurrent cleanup 504M->436M(569M) 0.739ms
[2026-04-03T02:50:21.085+0600][49.758s][info][gc,ergo     ] Free: 1420M, Max: 512K regular, 1080M humongous, Frag: 24% external, 0% internal; Reserve: 100M, Max: 512K
[2026-04-03T02:50:21.085+0600][49.758s][info][gc,stats    ] 
[2026-04-03T02:50:21.085+0600][49.758s][info][gc,stats    ] All times are wall-clock times, except per-root-class counters, that are sum over
[2026-04-03T02:50:21.085+0600][49.758s][info][gc,stats    ] all workers. Dividing the <total> over the root stage time estimates parallelism.
[2026-04-03T02:50:21.085+0600][49.758s][info][gc,stats    ] 
[2026-04-03T02:50:21.085+0600][49.758s][info][gc,stats    ] Concurrent Reset                   1343 us
[2026-04-03T02:50:21.085+0600][49.758s][info][gc,stats    ] Pause Init Mark (G)                2574 us
[2026-04-03T02:50:21.085+0600][49.758s][info][gc,stats    ] Pause Init Mark (N)                 174 us
[2026-04-03T02:50:21.085+0600][49.758s][info][gc,stats    ]   Update Region States               50 us
[2026-04-03T02:50:21.085+0600][49.758s][info][gc,stats    ] Concurrent Mark Roots              1412 us, parallelism: 1.80x
[2026-04-03T02:50:21.085+0600][49.758s][info][gc,stats    ]   CMR: <total>                     2544 us
[2026-04-03T02:50:21.085+0600][49.759s][info][gc,stats    ]   CMR: Thread Roots                2285 us, workers (us): 629, 834, 821, ---, ---, ---, 
[2026-04-03T02:50:21.085+0600][49.759s][info][gc,stats    ]   CMR: VM Strong Roots               44 us, workers (us):  31,  12,   1, ---, ---, ---, 
[2026-04-03T02:50:21.085+0600][49.759s][info][gc,stats    ]   CMR: CLDG Roots                   215 us, workers (us): 215, ---, ---, ---, ---, ---, 
[2026-04-03T02:50:21.085+0600][49.759s][info][gc,stats    ] Concurrent Marking                70046 us
[2026-04-03T02:50:21.085+0600][49.759s][info][gc,stats    ] Pause Final Mark (G)               3205 us
[2026-04-03T02:50:21.085+0600][49.759s][info][gc,stats    ] Pause Final Mark (N)                839 us
[2026-04-03T02:50:21.085+0600][49.759s][info][gc,stats    ]   Finish Mark                       339 us
[2026-04-03T02:50:21.085+0600][49.759s][info][gc,stats    ]   Update Region States               66 us
[2026-04-03T02:50:21.085+0600][49.759s][info][gc,stats    ]   Choose Collection Set             168 us
[2026-04-03T02:50:21.085+0600][49.759s][info][gc,stats    ]   Rebuild Free Set                   49 us
[2026-04-03T02:50:21.085+0600][49.759s][info][gc,stats    ] Concurrent Thread Roots            2081 us, parallelism: 2.50x
[2026-04-03T02:50:21.085+0600][49.759s][info][gc,stats    ]   CTR: <total>                     5203 us
[2026-04-03T02:50:21.085+0600][49.759s][info][gc,stats    ]   CTR: Thread Roots                5203 us, workers (us): 1803, 1746, 1654, ---, ---, ---, 
[2026-04-03T02:50:21.085+0600][49.759s][info][gc,stats    ] Concurrent Weak References         1636 us, parallelism: 1.14x
[2026-04-03T02:50:21.085+0600][49.759s][info][gc,stats    ]   CWRF: <total>                    1865 us
[2026-04-03T02:50:21.085+0600][49.759s][info][gc,stats    ]   CWRF: Weak References            1865 us, workers (us): 128, 1360, 377, ---, ---, ---, 
[2026-04-03T02:50:21.085+0600][49.759s][info][gc,stats    ] Concurrent Weak Roots              7382 us
[2026-04-03T02:50:21.085+0600][49.759s][info][gc,stats    ]   Roots                            6821 us, parallelism: 2.64x
[2026-04-03T02:50:21.085+0600][49.759s][info][gc,stats    ]     CWR: <total>                  18004 us
[2026-04-03T02:50:21.085+0600][49.759s][info][gc,stats    ]     CWR: Code Cache Roots         11697 us, workers (us): 3932, 3936, 3829, ---, ---, ---, 
[2026-04-03T02:50:21.085+0600][49.759s][info][gc,stats    ]     CWR: VM Weak Roots             6038 us, workers (us): 2294, 1898, 1845, ---, ---, ---, 
[2026-04-03T02:50:21.085+0600][49.759s][info][gc,stats    ]     CWR: CLDG Roots                 270 us, workers (us): ---, ---, 270, ---, ---, ---, 
[2026-04-03T02:50:21.085+0600][49.759s][info][gc,stats    ]   Rendezvous                        414 us
[2026-04-03T02:50:21.085+0600][49.759s][info][gc,stats    ] Concurrent Cleanup                  534 us
[2026-04-03T02:50:21.085+0600][49.759s][info][gc,stats    ] Concurrent Class Unloading        43022 us
[2026-04-03T02:50:21.085+0600][49.759s][info][gc,stats    ]   Unlink Stale                    40566 us
[2026-04-03T02:50:21.085+0600][49.759s][info][gc,stats    ]     System Dictionary               634 us
[2026-04-03T02:50:21.085+0600][49.759s][info][gc,stats    ]     Weak Class Links              26204 us
[2026-04-03T02:50:21.085+0600][49.759s][info][gc,stats    ]     Code Roots                    13723 us
[2026-04-03T02:50:21.085+0600][49.759s][info][gc,stats    ]   Rendezvous                        276 us
[2026-04-03T02:50:21.085+0600][49.759s][info][gc,stats    ]   Purge Unlinked                   2022 us
[2026-04-03T02:50:21.085+0600][49.759s][info][gc,stats    ]     Code Roots                     1969 us
[2026-04-03T02:50:21.085+0600][49.759s][info][gc,stats    ]     CLDG                             52 us
[2026-04-03T02:50:21.085+0600][49.759s][info][gc,stats    ]     Exception Caches                  1 us
[2026-04-03T02:50:21.085+0600][49.759s][info][gc,stats    ] Concurrent Strong Roots            1833 us, parallelism: 0.76x
[2026-04-03T02:50:21.085+0600][49.759s][info][gc,stats    ]   CSR: <total>                     1394 us
[2026-04-03T02:50:21.085+0600][49.759s][info][gc,stats    ]   CSR: VM Strong Roots               85 us, workers (us):  33,  32,  20, ---, ---, ---, 
[2026-04-03T02:50:21.085+0600][49.759s][info][gc,stats    ]   CSR: CLDG Roots                  1309 us, workers (us): 1309, ---, ---, ---, ---, ---, 
[2026-04-03T02:50:21.085+0600][49.759s][info][gc,stats    ] Concurrent Evacuation              7165 us
[2026-04-03T02:50:21.085+0600][49.759s][info][gc,stats    ] Pause Init Update Refs (G)          450 us
[2026-04-03T02:50:21.085+0600][49.759s][info][gc,stats    ] Pause Init Update Refs (N)          117 us
[2026-04-03T02:50:21.085+0600][49.759s][info][gc,stats    ]   Manage GCLABs                      36 us
[2026-04-03T02:50:21.085+0600][49.759s][info][gc,stats    ] Concurrent Update Refs            46720 us
[2026-04-03T02:50:21.085+0600][49.759s][info][gc,stats    ] Concurrent Update Thread Roots     1733 us
[2026-04-03T02:50:21.085+0600][49.759s][info][gc,stats    ] Pause Final Update Refs (G)         490 us
[2026-04-03T02:50:21.085+0600][49.759s][info][gc,stats    ] Pause Final Update Refs (N)         210 us
[2026-04-03T02:50:21.085+0600][49.759s][info][gc,stats    ]   Update Region States               62 us
[2026-04-03T02:50:21.085+0600][49.759s][info][gc,stats    ]   Trash Collection Set               14 us
[2026-04-03T02:50:21.085+0600][49.759s][info][gc,stats    ]   Rebuild Free Set                   40 us
[2026-04-03T02:50:21.085+0600][49.759s][info][gc,stats    ] Concurrent Cleanup                  772 us
[2026-04-03T02:50:21.085+0600][49.759s][info][gc,stats    ] 
[2026-04-03T02:50:21.085+0600][49.759s][info][gc,stats    ] Allocation pacing accrued:
[2026-04-03T02:50:21.085+0600][49.759s][info][gc,stats    ]       0 of   584 ms (  0.0%): <total>
[2026-04-03T02:50:21.085+0600][49.759s][info][gc,stats    ]       0 of   584 ms (  0.0%): <average total>
[2026-04-03T02:50:21.085+0600][49.759s][info][gc,stats    ] 
[2026-04-03T02:50:21.085+0600][49.759s][info][gc,metaspace] Metaspace: 130646K(132672K)->130655K(132672K) NonClass: 114214K(115520K)->114223K(115520K) Class: 16432K(17152K)->16432K(17152K)
[2026-04-03T02:50:21.085+0600][49.759s][info][gc,ergo     ] Pacer for Idle. Initial: 40960K, Alloc Tax Rate: 1.0x
[2026-04-03T02:50:21.100+0600][49.774s][info][gc          ] Trigger: Learning 3 of 5. Free (1398M) is below initial threshold (1400M)
[2026-04-03T02:50:21.101+0600][49.774s][info][gc,ergo     ] Free: 1398M, Max: 512K regular, 1080M humongous, Frag: 23% external, 0% internal; Reserve: 100M, Max: 512K
[2026-04-03T02:50:21.101+0600][49.775s][info][gc,start    ] GC(28) Concurrent reset
[2026-04-03T02:50:21.101+0600][49.775s][info][gc,task     ] GC(28) Using 3 of 6 workers for concurrent reset
[2026-04-03T02:50:21.101+0600][49.775s][info][gc,ergo     ] GC(28) Pacer for Reset. Non-Taxable: 2000M
[2026-04-03T02:50:21.103+0600][49.777s][info][gc          ] GC(28) Concurrent reset 2.340ms
[2026-04-03T02:50:21.103+0600][49.777s][info][gc,start    ] GC(28) Pause Init Mark (unload classes)
[2026-04-03T02:50:21.103+0600][49.777s][info][gc,task     ] GC(28) Using 6 of 6 workers for init marking
[2026-04-03T02:50:21.103+0600][49.777s][info][gc,ergo     ] GC(28) Pacer for Mark. Expected Live: 92629K, Free: 1392M, Non-Taxable: 139M, Alloc Tax Rate: 0.1x
[2026-04-03T02:50:21.103+0600][49.777s][info][gc          ] GC(28) Pause Init Mark (unload classes) 0.201ms
[2026-04-03T02:50:21.104+0600][49.777s][info][gc,start    ] GC(28) Concurrent marking roots
[2026-04-03T02:50:21.104+0600][49.777s][info][gc,task     ] GC(28) Using 3 of 6 workers for concurrent marking roots
[2026-04-03T02:50:21.106+0600][49.780s][info][gc          ] GC(28) Concurrent marking roots 2.201ms
[2026-04-03T02:50:21.106+0600][49.780s][info][gc,start    ] GC(28) Concurrent marking (unload classes)
[2026-04-03T02:50:21.106+0600][49.780s][info][gc,task     ] GC(28) Using 3 of 6 workers for concurrent marking
[2026-04-03T02:50:21.170+0600][49.844s][info][gc          ] GC(28) Concurrent marking (unload classes) 63.938ms
[2026-04-03T02:50:21.170+0600][49.844s][info][gc,start    ] GC(28) Pause Final Mark (unload classes)
[2026-04-03T02:50:21.170+0600][49.844s][info][gc,task     ] GC(28) Using 6 of 6 workers for final marking
[2026-04-03T02:50:21.170+0600][49.844s][info][gc,ergo     ] GC(28) Adaptive CSet Selection. Target Free: 283M, Actual Free: 1763M, Max CSet: 85333K, Min Garbage: 0B
[2026-04-03T02:50:21.171+0600][49.844s][info][gc,ergo     ] GC(28) Collectable Garbage: 367M (97%), Immediate: 319M (84%), CSet: 49985K (12%)
[2026-04-03T02:50:21.171+0600][49.844s][info][gc,ergo     ] GC(28) Pacer for Evacuation. Used CSet: 56832K, Free: 1706M, Non-Taxable: 170M, Alloc Tax Rate: 1.1x
[2026-04-03T02:50:21.171+0600][49.844s][info][gc          ] GC(28) Pause Final Mark (unload classes) 0.700ms
[2026-04-03T02:50:21.171+0600][49.845s][info][gc,start    ] GC(28) Concurrent thread roots
[2026-04-03T02:50:21.171+0600][49.845s][info][gc,task     ] GC(28) Using 3 of 6 workers for Concurrent thread roots
[2026-04-03T02:50:21.172+0600][49.846s][info][gc          ] GC(28) Concurrent thread roots 1.040ms
[2026-04-03T02:50:21.172+0600][49.846s][info][gc,start    ] GC(28) Concurrent weak references
[2026-04-03T02:50:21.172+0600][49.846s][info][gc,task     ] GC(28) Using 3 of 6 workers for concurrent weak references
[2026-04-03T02:50:21.173+0600][49.847s][info][gc,ref      ] GC(28) Encountered references: Soft: 3623, Weak: 14714, Final: 84, Phantom: 621
[2026-04-03T02:50:21.173+0600][49.847s][info][gc,ref      ] GC(28) Discovered  references: Soft: 0, Weak: 8410, Final: 48, Phantom: 617
[2026-04-03T02:50:21.173+0600][49.847s][info][gc,ref      ] GC(28) Enqueued    references: Soft: 0, Weak: 230, Final: 0, Phantom: 0
[2026-04-03T02:50:21.173+0600][49.847s][info][gc          ] GC(28) Concurrent weak references 1.140ms
[2026-04-03T02:50:21.173+0600][49.847s][info][gc,start    ] GC(28) Concurrent weak roots
[2026-04-03T02:50:21.173+0600][49.847s][info][gc,task     ] GC(28) Using 3 of 6 workers for concurrent weak root
[2026-04-03T02:50:21.177+0600][49.851s][info][gc          ] GC(28) Concurrent weak roots 4.023ms
[2026-04-03T02:50:21.177+0600][49.851s][info][gc,start    ] GC(28) Concurrent cleanup
[2026-04-03T02:50:21.178+0600][49.851s][info][gc          ] GC(28) Concurrent cleanup 508M->189M(570M) 0.522ms
[2026-04-03T02:50:21.178+0600][49.852s][info][gc,ergo     ] GC(28) Free: 1704M, Max: 512K regular, 1078M humongous, Frag: 37% external, 0% internal; Reserve: 102181K, Max: 512K
[2026-04-03T02:50:21.178+0600][49.852s][info][gc,start    ] GC(28) Concurrent class unloading
[2026-04-03T02:50:21.178+0600][49.852s][info][gc,task     ] GC(28) Using 3 of 6 workers for concurrent class unloading
[2026-04-03T02:50:21.190+0600][49.864s][info][gc          ] GC(28) Concurrent class unloading 12.421ms
[2026-04-03T02:50:21.190+0600][49.864s][info][gc,start    ] GC(28) Concurrent strong roots
[2026-04-03T02:50:21.190+0600][49.864s][info][gc,task     ] GC(28) Using 3 of 6 workers for concurrent strong root
[2026-04-03T02:50:21.192+0600][49.865s][info][gc          ] GC(28) Concurrent strong roots 1.357ms
[2026-04-03T02:50:21.192+0600][49.866s][info][gc,start    ] GC(28) Concurrent evacuation
[2026-04-03T02:50:21.192+0600][49.866s][info][gc,task     ] GC(28) Using 3 of 6 workers for concurrent evacuation
[2026-04-03T02:50:21.194+0600][49.867s][info][gc          ] GC(28) Concurrent evacuation 1.881ms
[2026-04-03T02:50:21.194+0600][49.868s][info][gc,start    ] GC(28) Pause Init Update Refs
[2026-04-03T02:50:21.194+0600][49.868s][info][gc,ergo     ] GC(28) Pacer for Update Refs. Used: 202M, Free: 1699M, Non-Taxable: 169M, Alloc Tax Rate: 1.1x
[2026-04-03T02:50:21.194+0600][49.868s][info][gc          ] GC(28) Pause Init Update Refs 0.103ms
[2026-04-03T02:50:21.194+0600][49.868s][info][gc,start    ] GC(28) Concurrent update references
[2026-04-03T02:50:21.194+0600][49.868s][info][gc,task     ] GC(28) Using 3 of 6 workers for concurrent reference update
[2026-04-03T02:50:21.243+0600][49.917s][info][gc          ] GC(28) Concurrent update references 49.349ms
[2026-04-03T02:50:21.244+0600][49.917s][info][gc,start    ] GC(28) Concurrent update thread roots
[2026-04-03T02:50:21.245+0600][49.919s][info][gc          ] GC(28) Concurrent update thread roots 1.953ms
[2026-04-03T02:50:21.246+0600][49.920s][info][gc,start    ] GC(28) Pause Final Update Refs
[2026-04-03T02:50:21.246+0600][49.920s][info][gc,task     ] GC(28) Using 6 of 6 workers for final reference update
[2026-04-03T02:50:21.246+0600][49.920s][info][gc          ] GC(28) Pause Final Update Refs 0.218ms
[2026-04-03T02:50:21.246+0600][49.920s][info][gc,start    ] GC(28) Concurrent cleanup
[2026-04-03T02:50:21.247+0600][49.921s][info][gc          ] GC(28) Concurrent cleanup 239M->183M(571M) 0.878ms
[2026-04-03T02:50:21.247+0600][49.921s][info][gc,ergo     ] Free: 1705M, Max: 512K regular, 1078M humongous, Frag: 37% external, 0% internal; Reserve: 100M, Max: 512K
[2026-04-03T02:50:21.247+0600][49.921s][info][gc,stats    ] 
[2026-04-03T02:50:21.247+0600][49.921s][info][gc,stats    ] All times are wall-clock times, except per-root-class counters, that are sum over
[2026-04-03T02:50:21.247+0600][49.921s][info][gc,stats    ] all workers. Dividing the <total> over the root stage time estimates parallelism.
[2026-04-03T02:50:21.247+0600][49.921s][info][gc,stats    ] 
[2026-04-03T02:50:21.247+0600][49.921s][info][gc,stats    ] Concurrent Reset                   2386 us
[2026-04-03T02:50:21.247+0600][49.921s][info][gc,stats    ] Pause Init Mark (G)                 429 us
[2026-04-03T02:50:21.247+0600][49.921s][info][gc,stats    ] Pause Init Mark (N)                 213 us
[2026-04-03T02:50:21.247+0600][49.921s][info][gc,stats    ]   Update Region States               73 us
[2026-04-03T02:50:21.247+0600][49.921s][info][gc,stats    ] Concurrent Mark Roots              2259 us, parallelism: 2.12x
[2026-04-03T02:50:21.247+0600][49.921s][info][gc,stats    ]   CMR: <total>                     4788 us
[2026-04-03T02:50:21.247+0600][49.921s][info][gc,stats    ]   CMR: Thread Roots                4410 us, workers (us): 1755, 1402, 1253, ---, ---, ---, 
[2026-04-03T02:50:21.247+0600][49.921s][info][gc,stats    ]   CMR: VM Strong Roots               66 us, workers (us):  49,  17,   0, ---, ---, ---, 
[2026-04-03T02:50:21.247+0600][49.921s][info][gc,stats    ]   CMR: CLDG Roots                   312 us, workers (us): ---, 312, ---, ---, ---, ---, 
[2026-04-03T02:50:21.247+0600][49.921s][info][gc,stats    ] Concurrent Marking                64041 us
[2026-04-03T02:50:21.247+0600][49.921s][info][gc,stats    ] Pause Final Mark (G)                922 us
[2026-04-03T02:50:21.247+0600][49.921s][info][gc,stats    ] Pause Final Mark (N)                713 us
[2026-04-03T02:50:21.247+0600][49.921s][info][gc,stats    ]   Finish Mark                       322 us
[2026-04-03T02:50:21.247+0600][49.921s][info][gc,stats    ]   Update Region States               59 us
[2026-04-03T02:50:21.247+0600][49.921s][info][gc,stats    ]   Choose Collection Set             190 us
[2026-04-03T02:50:21.247+0600][49.921s][info][gc,stats    ]   Rebuild Free Set                   41 us
[2026-04-03T02:50:21.247+0600][49.921s][info][gc,stats    ] Concurrent Thread Roots            1079 us, parallelism: 2.27x
[2026-04-03T02:50:21.247+0600][49.921s][info][gc,stats    ]   CTR: <total>                     2454 us
[2026-04-03T02:50:21.248+0600][49.921s][info][gc,stats    ]   CTR: Thread Roots                2454 us, workers (us): 846, 828, 780, ---, ---, ---, 
[2026-04-03T02:50:21.248+0600][49.921s][info][gc,stats    ] Concurrent Weak References         1156 us, parallelism: 0.93x
[2026-04-03T02:50:21.248+0600][49.921s][info][gc,stats    ]   CWRF: <total>                    1073 us
[2026-04-03T02:50:21.248+0600][49.921s][info][gc,stats    ]   CWRF: Weak References            1073 us, workers (us): 841,  45, 187, ---, ---, ---, 
[2026-04-03T02:50:21.248+0600][49.921s][info][gc,stats    ] Concurrent Weak Roots              4109 us
[2026-04-03T02:50:21.248+0600][49.921s][info][gc,stats    ]   Roots                            3612 us, parallelism: 2.70x
[2026-04-03T02:50:21.248+0600][49.921s][info][gc,stats    ]     CWR: <total>                   9751 us
[2026-04-03T02:50:21.248+0600][49.921s][info][gc,stats    ]     CWR: Code Cache Roots          7339 us, workers (us): 2485, 2389, 2465, ---, ---, ---, 
[2026-04-03T02:50:21.248+0600][49.921s][info][gc,stats    ]     CWR: VM Weak Roots             2316 us, workers (us): 818, 759, 739, ---, ---, ---, 
[2026-04-03T02:50:21.248+0600][49.921s][info][gc,stats    ]     CWR: CLDG Roots                  95 us, workers (us): ---,  95, ---, ---, ---, ---, 
[2026-04-03T02:50:21.248+0600][49.921s][info][gc,stats    ]   Rendezvous                        378 us
[2026-04-03T02:50:21.248+0600][49.922s][info][gc,stats    ] Concurrent Cleanup                  558 us
[2026-04-03T02:50:21.248+0600][49.922s][info][gc,stats    ] Concurrent Class Unloading        12504 us
[2026-04-03T02:50:21.248+0600][49.922s][info][gc,stats    ]   Unlink Stale                    11570 us
[2026-04-03T02:50:21.248+0600][49.922s][info][gc,stats    ]     System Dictionary               261 us
[2026-04-03T02:50:21.248+0600][49.922s][info][gc,stats    ]     Weak Class Links                  1 us
[2026-04-03T02:50:21.248+0600][49.922s][info][gc,stats    ]     Code Roots                    11303 us
[2026-04-03T02:50:21.248+0600][49.922s][info][gc,stats    ]   Rendezvous                        393 us
[2026-04-03T02:50:21.248+0600][49.922s][info][gc,stats    ]   Purge Unlinked                    419 us
[2026-04-03T02:50:21.248+0600][49.922s][info][gc,stats    ]     Code Roots                      408 us
[2026-04-03T02:50:21.248+0600][49.922s][info][gc,stats    ]     CLDG                             10 us
[2026-04-03T02:50:21.248+0600][49.922s][info][gc,stats    ]     Exception Caches                  0 us
[2026-04-03T02:50:21.248+0600][49.922s][info][gc,stats    ] Concurrent Strong Roots            1454 us, parallelism: 0.60x
[2026-04-03T02:50:21.248+0600][49.922s][info][gc,stats    ]   CSR: <total>                      865 us
[2026-04-03T02:50:21.248+0600][49.922s][info][gc,stats    ]   CSR: VM Strong Roots               40 us, workers (us):  21,  19,   0, ---, ---, ---, 
[2026-04-03T02:50:21.248+0600][49.922s][info][gc,stats    ]   CSR: CLDG Roots                   825 us, workers (us): 825, ---, ---, ---, ---, ---, 
[2026-04-03T02:50:21.248+0600][49.922s][info][gc,stats    ] Concurrent Evacuation              1977 us
[2026-04-03T02:50:21.248+0600][49.922s][info][gc,stats    ] Pause Init Update Refs (G)          365 us
[2026-04-03T02:50:21.248+0600][49.922s][info][gc,stats    ] Pause Init Update Refs (N)          117 us
[2026-04-03T02:50:21.248+0600][49.922s][info][gc,stats    ]   Manage GCLABs                      36 us
[2026-04-03T02:50:21.248+0600][49.922s][info][gc,stats    ] Concurrent Update Refs            49449 us
[2026-04-03T02:50:21.248+0600][49.922s][info][gc,stats    ] Concurrent Update Thread Roots     2021 us
[2026-04-03T02:50:21.248+0600][49.922s][info][gc,stats    ] Pause Final Update Refs (G)         555 us
[2026-04-03T02:50:21.248+0600][49.922s][info][gc,stats    ] Pause Final Update Refs (N)         231 us
[2026-04-03T02:50:21.248+0600][49.922s][info][gc,stats    ]   Update Region States               71 us
[2026-04-03T02:50:21.248+0600][49.922s][info][gc,stats    ]   Trash Collection Set               11 us
[2026-04-03T02:50:21.248+0600][49.922s][info][gc,stats    ]   Rebuild Free Set                   50 us
[2026-04-03T02:50:21.248+0600][49.922s][info][gc,stats    ] Concurrent Cleanup                  920 us
[2026-04-03T02:50:21.248+0600][49.922s][info][gc,stats    ] 
[2026-04-03T02:50:21.248+0600][49.922s][info][gc,stats    ] Allocation pacing accrued:
[2026-04-03T02:50:21.248+0600][49.922s][info][gc,stats    ]       0 of   163 ms (  0.0%): <total>
[2026-04-03T02:50:21.248+0600][49.922s][info][gc,stats    ]       0 of   163 ms (  0.0%): <average total>
[2026-04-03T02:50:21.248+0600][49.922s][info][gc,stats    ] 
[2026-04-03T02:50:21.248+0600][49.922s][info][gc,metaspace] Metaspace: 130657K(132672K)->130733K(132672K) NonClass: 114224K(115520K)->114288K(115520K) Class: 16432K(17152K)->16445K(17152K)
[2026-04-03T02:50:21.248+0600][49.922s][info][gc,ergo     ] Pacer for Idle. Initial: 40960K, Alloc Tax Rate: 1.0x
[2026-04-03T02:50:21.741+0600][50.415s][info][gc          ] Trigger: Learning 4 of 5. Free (1399M) is below initial threshold (1400M)
[2026-04-03T02:50:21.741+0600][50.415s][info][gc,ergo     ] Free: 1399M, Max: 512K regular, 1078M humongous, Frag: 23% external, 0% internal; Reserve: 100M, Max: 512K
[2026-04-03T02:50:21.741+0600][50.415s][info][gc,start    ] GC(29) Concurrent reset
[2026-04-03T02:50:21.741+0600][50.415s][info][gc,task     ] GC(29) Using 3 of 6 workers for concurrent reset
[2026-04-03T02:50:21.741+0600][50.415s][info][gc,ergo     ] GC(29) Pacer for Reset. Non-Taxable: 2000M
[2026-04-03T02:50:21.743+0600][50.417s][info][gc          ] GC(29) Concurrent reset 1.687ms
[2026-04-03T02:50:21.743+0600][50.417s][info][gc,start    ] GC(29) Pause Init Mark (unload classes)
[2026-04-03T02:50:21.743+0600][50.417s][info][gc,task     ] GC(29) Using 6 of 6 workers for init marking
[2026-04-03T02:50:21.743+0600][50.417s][info][gc,ergo     ] GC(29) Pacer for Mark. Expected Live: 92578K, Free: 1397M, Non-Taxable: 139M, Alloc Tax Rate: 0.1x
[2026-04-03T02:50:21.743+0600][50.417s][info][gc          ] GC(29) Pause Init Mark (unload classes) 0.143ms
[2026-04-03T02:50:21.744+0600][50.418s][info][gc,start    ] GC(29) Concurrent marking roots
[2026-04-03T02:50:21.744+0600][50.418s][info][gc,task     ] GC(29) Using 3 of 6 workers for concurrent marking roots
[2026-04-03T02:50:21.747+0600][50.421s][info][gc          ] GC(29) Concurrent marking roots 2.995ms
[2026-04-03T02:50:21.747+0600][50.421s][info][gc,start    ] GC(29) Concurrent marking (unload classes)
[2026-04-03T02:50:21.747+0600][50.421s][info][gc,task     ] GC(29) Using 3 of 6 workers for concurrent marking
[2026-04-03T02:50:21.827+0600][50.501s][info][gc          ] GC(29) Concurrent marking (unload classes) 80.051ms
[2026-04-03T02:50:21.827+0600][50.501s][info][gc,start    ] GC(29) Pause Final Mark (unload classes)
[2026-04-03T02:50:21.827+0600][50.501s][info][gc,task     ] GC(29) Using 6 of 6 workers for final marking
[2026-04-03T02:50:21.828+0600][50.501s][info][gc,ergo     ] GC(29) Adaptive CSet Selection. Target Free: 283M, Actual Free: 1667M, Max CSet: 85333K, Min Garbage: 0B
[2026-04-03T02:50:21.828+0600][50.502s][info][gc,ergo     ] GC(29) Collectable Garbage: 373M (97%), Immediate: 226M (59%), CSet: 146M (38%)
[2026-04-03T02:50:21.828+0600][50.502s][info][gc,ergo     ] GC(29) Pacer for Evacuation. Used CSet: 152M, Free: 1599M, Non-Taxable: 159M, Alloc Tax Rate: 1.1x
[2026-04-03T02:50:21.828+0600][50.502s][info][gc          ] GC(29) Pause Final Mark (unload classes) 0.824ms
[2026-04-03T02:50:21.828+0600][50.502s][info][gc,start    ] GC(29) Concurrent thread roots
[2026-04-03T02:50:21.828+0600][50.502s][info][gc,task     ] GC(29) Using 3 of 6 workers for Concurrent thread roots
[2026-04-03T02:50:21.830+0600][50.504s][info][gc          ] GC(29) Concurrent thread roots 1.936ms
[2026-04-03T02:50:21.830+0600][50.504s][info][gc,start    ] GC(29) Concurrent weak references
[2026-04-03T02:50:21.830+0600][50.504s][info][gc,task     ] GC(29) Using 3 of 6 workers for concurrent weak references
[2026-04-03T02:50:21.832+0600][50.506s][info][gc,ref      ] GC(29) Encountered references: Soft: 3711, Weak: 15117, Final: 84, Phantom: 621
[2026-04-03T02:50:21.832+0600][50.506s][info][gc,ref      ] GC(29) Discovered  references: Soft: 0, Weak: 8827, Final: 0, Phantom: 582
[2026-04-03T02:50:21.832+0600][50.506s][info][gc,ref      ] GC(29) Enqueued    references: Soft: 0, Weak: 416, Final: 0, Phantom: 0
[2026-04-03T02:50:21.832+0600][50.506s][info][gc          ] GC(29) Concurrent weak references 2.204ms
[2026-04-03T02:50:21.832+0600][50.506s][info][gc,start    ] GC(29) Concurrent weak roots
[2026-04-03T02:50:21.832+0600][50.506s][info][gc,task     ] GC(29) Using 3 of 6 workers for concurrent weak root
[2026-04-03T02:50:21.844+0600][50.517s][info][gc          ] GC(29) Concurrent weak roots 11.395ms
[2026-04-03T02:50:21.844+0600][50.518s][info][gc,start    ] GC(29) Concurrent cleanup
[2026-04-03T02:50:21.844+0600][50.518s][info][gc          ] GC(29) Concurrent cleanup 539M->312M(592M) 0.471ms
[2026-04-03T02:50:21.844+0600][50.518s][info][gc,ergo     ] GC(29) Free: 1577M, Max: 512K regular, 1058M humongous, Frag: 33% external, 0% internal; Reserve: 102038K, Max: 512K
[2026-04-03T02:50:21.844+0600][50.518s][info][gc,start    ] GC(29) Concurrent class unloading
[2026-04-03T02:50:21.844+0600][50.518s][info][gc,task     ] GC(29) Using 3 of 6 workers for concurrent class unloading
[2026-04-03T02:50:21.896+0600][50.570s][info][gc          ] GC(29) Concurrent class unloading 51.774ms
[2026-04-03T02:50:21.896+0600][50.570s][info][gc,start    ] GC(29) Concurrent strong roots
[2026-04-03T02:50:21.896+0600][50.570s][info][gc,task     ] GC(29) Using 3 of 6 workers for concurrent strong root
[2026-04-03T02:50:21.898+0600][50.572s][info][gc          ] GC(29) Concurrent strong roots 1.849ms
[2026-04-03T02:50:21.898+0600][50.572s][info][gc,start    ] GC(29) Concurrent evacuation
[2026-04-03T02:50:21.898+0600][50.572s][info][gc,task     ] GC(29) Using 3 of 6 workers for concurrent evacuation
[2026-04-03T02:50:21.909+0600][50.583s][info][gc          ] GC(29) Concurrent evacuation 11.074ms
[2026-04-03T02:50:21.910+0600][50.583s][info][gc,start    ] GC(29) Pause Init Update Refs
[2026-04-03T02:50:21.910+0600][50.584s][info][gc,ergo     ] GC(29) Pacer for Update Refs. Used: 336M, Free: 1559M, Non-Taxable: 155M, Alloc Tax Rate: 1.1x
[2026-04-03T02:50:21.910+0600][50.584s][info][gc          ] GC(29) Pause Init Update Refs 0.178ms
[2026-04-03T02:50:21.913+0600][50.587s][info][gc,start    ] GC(29) Concurrent update references
[2026-04-03T02:50:21.913+0600][50.587s][info][gc,task     ] GC(29) Using 3 of 6 workers for concurrent reference update
[2026-04-03T02:50:21.965+0600][50.639s][info][gc          ] GC(29) Concurrent update references 52.115ms
[2026-04-03T02:50:21.965+0600][50.639s][info][gc,start    ] GC(29) Concurrent update thread roots
[2026-04-03T02:50:21.967+0600][50.641s][info][gc          ] GC(29) Concurrent update thread roots 1.929ms
[2026-04-03T02:50:21.967+0600][50.641s][info][gc,start    ] GC(29) Pause Final Update Refs
[2026-04-03T02:50:21.967+0600][50.641s][info][gc,task     ] GC(29) Using 6 of 6 workers for final reference update
[2026-04-03T02:50:21.967+0600][50.641s][info][gc          ] GC(29) Pause Final Update Refs 0.271ms
[2026-04-03T02:50:21.967+0600][50.641s][info][gc,start    ] GC(29) Concurrent cleanup
[2026-04-03T02:50:21.968+0600][50.642s][info][gc          ] GC(29) Concurrent cleanup 378M->226M(593M) 0.828ms
[2026-04-03T02:50:21.968+0600][50.642s][info][gc,ergo     ] Free: 1657M, Max: 512K regular, 1058M humongous, Frag: 37% external, 0% internal; Reserve: 100M, Max: 512K
[2026-04-03T02:50:21.968+0600][50.642s][info][gc,stats    ] 
[2026-04-03T02:50:21.968+0600][50.642s][info][gc,stats    ] All times are wall-clock times, except per-root-class counters, that are sum over
[2026-04-03T02:50:21.968+0600][50.642s][info][gc,stats    ] all workers. Dividing the <total> over the root stage time estimates parallelism.
[2026-04-03T02:50:21.968+0600][50.642s][info][gc,stats    ] 
[2026-04-03T02:50:21.968+0600][50.642s][info][gc,stats    ] Concurrent Reset                   1747 us
[2026-04-03T02:50:21.968+0600][50.642s][info][gc,stats    ] Pause Init Mark (G)                 662 us
[2026-04-03T02:50:21.968+0600][50.642s][info][gc,stats    ] Pause Init Mark (N)                 158 us
[2026-04-03T02:50:21.968+0600][50.642s][info][gc,stats    ]   Update Region States               45 us
[2026-04-03T02:50:21.968+0600][50.642s][info][gc,stats    ] Concurrent Mark Roots              3085 us, parallelism: 1.27x
[2026-04-03T02:50:21.968+0600][50.642s][info][gc,stats    ]   CMR: <total>                     3922 us
[2026-04-03T02:50:21.968+0600][50.642s][info][gc,stats    ]   CMR: Thread Roots                3465 us, workers (us): 2045, 1061, 359, ---, ---, ---, 
[2026-04-03T02:50:21.969+0600][50.642s][info][gc,stats    ]   CMR: VM Strong Roots               59 us, workers (us):  56,   1,   1, ---, ---, ---, 
[2026-04-03T02:50:21.969+0600][50.642s][info][gc,stats    ]   CMR: CLDG Roots                   399 us, workers (us): 399, ---, ---, ---, ---, ---, 
[2026-04-03T02:50:21.969+0600][50.642s][info][gc,stats    ] Concurrent Marking                80132 us
[2026-04-03T02:50:21.969+0600][50.642s][info][gc,stats    ] Pause Final Mark (G)               1041 us
[2026-04-03T02:50:21.969+0600][50.642s][info][gc,stats    ] Pause Final Mark (N)                837 us
[2026-04-03T02:50:21.969+0600][50.642s][info][gc,stats    ]   Finish Mark                       326 us
[2026-04-03T02:50:21.969+0600][50.642s][info][gc,stats    ]   Update Region States              103 us
[2026-04-03T02:50:21.969+0600][50.642s][info][gc,stats    ]   Choose Collection Set             257 us
[2026-04-03T02:50:21.969+0600][50.642s][info][gc,stats    ]   Rebuild Free Set                   53 us
[2026-04-03T02:50:21.969+0600][50.642s][info][gc,stats    ] Concurrent Thread Roots            1995 us, parallelism: 2.20x
[2026-04-03T02:50:21.969+0600][50.642s][info][gc,stats    ]   CTR: <total>                     4386 us
[2026-04-03T02:50:21.969+0600][50.643s][info][gc,stats    ]   CTR: Thread Roots                4386 us, workers (us): 1844, 1768, 774, ---, ---, ---, 
[2026-04-03T02:50:21.969+0600][50.643s][info][gc,stats    ] Concurrent Weak References         2221 us, parallelism: 1.55x
[2026-04-03T02:50:21.969+0600][50.643s][info][gc,stats    ]   CWRF: <total>                    3436 us
[2026-04-03T02:50:21.969+0600][50.643s][info][gc,stats    ]   CWRF: Weak References            3436 us, workers (us): 212, 1233, 1992, ---, ---, ---, 
[2026-04-03T02:50:21.969+0600][50.643s][info][gc,stats    ] Concurrent Weak Roots             11540 us
[2026-04-03T02:50:21.969+0600][50.643s][info][gc,stats    ]   Roots                            7929 us, parallelism: 2.81x
[2026-04-03T02:50:21.969+0600][50.643s][info][gc,stats    ]     CWR: <total>                  22250 us
[2026-04-03T02:50:21.969+0600][50.643s][info][gc,stats    ]     CWR: Code Cache Roots         14088 us, workers (us): 4329, 4174, 5585, ---, ---, ---, 
[2026-04-03T02:50:21.969+0600][50.643s][info][gc,stats    ]     CWR: VM Weak Roots             7922 us, workers (us): 3234, 3243, 1445, ---, ---, ---, 
[2026-04-03T02:50:21.969+0600][50.643s][info][gc,stats    ]     CWR: CLDG Roots                 241 us, workers (us): ---, ---, 241, ---, ---, ---, 
[2026-04-03T02:50:21.969+0600][50.643s][info][gc,stats    ]   Rendezvous                       3425 us
[2026-04-03T02:50:21.969+0600][50.643s][info][gc,stats    ] Concurrent Cleanup                  507 us
[2026-04-03T02:50:21.969+0600][50.643s][info][gc,stats    ] Concurrent Class Unloading        51899 us
[2026-04-03T02:50:21.969+0600][50.643s][info][gc,stats    ]   Unlink Stale                    48242 us
[2026-04-03T02:50:21.969+0600][50.643s][info][gc,stats    ]     System Dictionary               724 us
[2026-04-03T02:50:21.969+0600][50.643s][info][gc,stats    ]     Weak Class Links              28797 us
[2026-04-03T02:50:21.969+0600][50.643s][info][gc,stats    ]     Code Roots                    18715 us
[2026-04-03T02:50:21.969+0600][50.643s][info][gc,stats    ]   Rendezvous                        559 us
[2026-04-03T02:50:21.969+0600][50.643s][info][gc,stats    ]   Purge Unlinked                   2925 us
[2026-04-03T02:50:21.969+0600][50.643s][info][gc,stats    ]     Code Roots                     2829 us
[2026-04-03T02:50:21.969+0600][50.643s][info][gc,stats    ]     CLDG                             94 us
[2026-04-03T02:50:21.969+0600][50.643s][info][gc,stats    ]     Exception Caches                  1 us
[2026-04-03T02:50:21.969+0600][50.643s][info][gc,stats    ] Concurrent Strong Roots            1907 us, parallelism: 0.69x
[2026-04-03T02:50:21.969+0600][50.643s][info][gc,stats    ]   CSR: <total>                     1318 us
[2026-04-03T02:50:21.969+0600][50.643s][info][gc,stats    ]   CSR: VM Strong Roots               64 us, workers (us):  62,   1,   0, ---, ---, ---, 
[2026-04-03T02:50:21.969+0600][50.643s][info][gc,stats    ]   CSR: CLDG Roots                  1254 us, workers (us): 1254, ---, ---, ---, ---, ---, 
[2026-04-03T02:50:21.969+0600][50.643s][info][gc,stats    ] Concurrent Evacuation             11177 us
[2026-04-03T02:50:21.969+0600][50.643s][info][gc,stats    ] Pause Init Update Refs (G)         3395 us
[2026-04-03T02:50:21.969+0600][50.643s][info][gc,stats    ] Pause Init Update Refs (N)          193 us
[2026-04-03T02:50:21.969+0600][50.643s][info][gc,stats    ]   Manage GCLABs                      71 us
[2026-04-03T02:50:21.969+0600][50.643s][info][gc,stats    ] Concurrent Update Refs            52199 us
[2026-04-03T02:50:21.969+0600][50.643s][info][gc,stats    ] Concurrent Update Thread Roots     2013 us
[2026-04-03T02:50:21.969+0600][50.643s][info][gc,stats    ] Pause Final Update Refs (G)         447 us
[2026-04-03T02:50:21.969+0600][50.643s][info][gc,stats    ] Pause Final Update Refs (N)         287 us
[2026-04-03T02:50:21.969+0600][50.643s][info][gc,stats    ]   Update Region States               72 us
[2026-04-03T02:50:21.969+0600][50.643s][info][gc,stats    ]   Trash Collection Set               18 us
[2026-04-03T02:50:21.969+0600][50.643s][info][gc,stats    ]   Rebuild Free Set                   55 us
[2026-04-03T02:50:21.969+0600][50.643s][info][gc,stats    ] Concurrent Cleanup                  849 us
[2026-04-03T02:50:21.969+0600][50.643s][info][gc,stats    ] 
[2026-04-03T02:50:21.969+0600][50.643s][info][gc,stats    ] Allocation pacing accrued:
[2026-04-03T02:50:21.969+0600][50.643s][info][gc,stats    ]       0 of   721 ms (  0.0%): <total>
[2026-04-03T02:50:21.969+0600][50.643s][info][gc,stats    ]       0 of   721 ms (  0.0%): <average total>
[2026-04-03T02:50:21.969+0600][50.643s][info][gc,stats    ] 
[2026-04-03T02:50:21.970+0600][50.643s][info][gc,metaspace] Metaspace: 130813K(132672K)->130811K(132672K) NonClass: 114356K(115520K)->114356K(115520K) Class: 16457K(17152K)->16455K(17152K)
[2026-04-03T02:50:21.970+0600][50.643s][info][gc,ergo     ] Pacer for Idle. Initial: 40960K, Alloc Tax Rate: 1.0x
[2026-04-03T02:50:22.213+0600][50.886s][info][gc          ] Trigger: Learning 5 of 5. Free (1399M) is below initial threshold (1400M)
[2026-04-03T02:50:22.213+0600][50.887s][info][gc,ergo     ] Free: 1399M, Max: 512K regular, 1058M humongous, Frag: 25% external, 0% internal; Reserve: 100M, Max: 512K
[2026-04-03T02:50:22.213+0600][50.887s][info][gc,start    ] GC(30) Concurrent reset
[2026-04-03T02:50:22.213+0600][50.887s][info][gc,task     ] GC(30) Using 3 of 6 workers for concurrent reset
[2026-04-03T02:50:22.213+0600][50.887s][info][gc,ergo     ] GC(30) Pacer for Reset. Non-Taxable: 2000M
[2026-04-03T02:50:22.218+0600][50.892s][info][gc          ] GC(30) Concurrent reset 5.355ms
[2026-04-03T02:50:22.218+0600][50.892s][info][gc,start    ] GC(30) Pause Init Mark (unload classes)
[2026-04-03T02:50:22.219+0600][50.892s][info][gc,task     ] GC(30) Using 6 of 6 workers for init marking
[2026-04-03T02:50:22.219+0600][50.892s][info][gc,ergo     ] GC(30) Pacer for Mark. Expected Live: 91842K, Free: 1393M, Non-Taxable: 139M, Alloc Tax Rate: 0.1x
[2026-04-03T02:50:22.219+0600][50.892s][info][gc          ] GC(30) Pause Init Mark (unload classes) 0.168ms
[2026-04-03T02:50:22.219+0600][50.893s][info][gc,start    ] GC(30) Concurrent marking roots
[2026-04-03T02:50:22.219+0600][50.893s][info][gc,task     ] GC(30) Using 3 of 6 workers for concurrent marking roots
[2026-04-03T02:50:22.221+0600][50.894s][info][gc          ] GC(30) Concurrent marking roots 1.869ms
[2026-04-03T02:50:22.221+0600][50.895s][info][gc,start    ] GC(30) Concurrent marking (unload classes)
[2026-04-03T02:50:22.221+0600][50.895s][info][gc,task     ] GC(30) Using 3 of 6 workers for concurrent marking
[2026-04-03T02:50:22.289+0600][50.962s][info][gc          ] GC(30) Concurrent marking (unload classes) 67.884ms
[2026-04-03T02:50:22.289+0600][50.963s][info][gc,start    ] GC(30) Pause Final Mark (unload classes)
[2026-04-03T02:50:22.289+0600][50.963s][info][gc,task     ] GC(30) Using 6 of 6 workers for final marking
[2026-04-03T02:50:22.289+0600][50.963s][info][gc,ergo     ] GC(30) Adaptive CSet Selection. Target Free: 283M, Actual Free: 1713M, Max CSet: 85333K, Min Garbage: 0B
[2026-04-03T02:50:22.289+0600][50.963s][info][gc,ergo     ] GC(30) Collectable Garbage: 365M (97%), Immediate: 280M (74%), CSet: 87270K (22%)
[2026-04-03T02:50:22.289+0600][50.963s][info][gc,ergo     ] GC(30) Pacer for Evacuation. Used CSet: 91623K, Free: 1658M, Non-Taxable: 165M, Alloc Tax Rate: 1.1x
[2026-04-03T02:50:22.289+0600][50.963s][info][gc          ] GC(30) Pause Final Mark (unload classes) 0.636ms
[2026-04-03T02:50:22.290+0600][50.963s][info][gc,start    ] GC(30) Concurrent thread roots
[2026-04-03T02:50:22.290+0600][50.963s][info][gc,task     ] GC(30) Using 3 of 6 workers for Concurrent thread roots
[2026-04-03T02:50:22.291+0600][50.964s][info][gc          ] GC(30) Concurrent thread roots 1.062ms
[2026-04-03T02:50:22.291+0600][50.965s][info][gc,start    ] GC(30) Concurrent weak references
[2026-04-03T02:50:22.291+0600][50.965s][info][gc,task     ] GC(30) Using 3 of 6 workers for concurrent weak references
[2026-04-03T02:50:22.292+0600][50.966s][info][gc,ref      ] GC(30) Encountered references: Soft: 3708, Weak: 15350, Final: 84, Phantom: 621
[2026-04-03T02:50:22.292+0600][50.966s][info][gc,ref      ] GC(30) Discovered  references: Soft: 0, Weak: 8727, Final: 0, Phantom: 581
[2026-04-03T02:50:22.292+0600][50.966s][info][gc,ref      ] GC(30) Enqueued    references: Soft: 0, Weak: 26, Final: 0, Phantom: 0
[2026-04-03T02:50:22.292+0600][50.966s][info][gc          ] GC(30) Concurrent weak references 1.216ms
[2026-04-03T02:50:22.292+0600][50.966s][info][gc,start    ] GC(30) Concurrent weak roots
[2026-04-03T02:50:22.292+0600][50.966s][info][gc,task     ] GC(30) Using 3 of 6 workers for concurrent weak root
[2026-04-03T02:50:22.298+0600][50.972s][info][gc          ] GC(30) Concurrent weak roots 6.042ms
[2026-04-03T02:50:22.298+0600][50.972s][info][gc,start    ] GC(30) Concurrent cleanup
[2026-04-03T02:50:22.299+0600][50.973s][info][gc          ] GC(30) Concurrent cleanup 518M->238M(593M) 0.915ms
[2026-04-03T02:50:22.299+0600][50.973s][info][gc,ergo     ] GC(30) Free: 1652M, Max: 512K regular, 1058M humongous, Frag: 36% external, 0% internal; Reserve: 101969K, Max: 512K
[2026-04-03T02:50:22.299+0600][50.973s][info][gc,start    ] GC(30) Concurrent class unloading
[2026-04-03T02:50:22.299+0600][50.973s][info][gc,task     ] GC(30) Using 3 of 6 workers for concurrent class unloading
[2026-04-03T02:50:22.323+0600][50.996s][info][gc          ] GC(30) Concurrent class unloading 23.378ms
[2026-04-03T02:50:22.323+0600][50.996s][info][gc,start    ] GC(30) Concurrent strong roots
[2026-04-03T02:50:22.323+0600][50.996s][info][gc,task     ] GC(30) Using 3 of 6 workers for concurrent strong root
[2026-04-03T02:50:22.324+0600][50.998s][info][gc          ] GC(30) Concurrent strong roots 1.455ms
[2026-04-03T02:50:22.324+0600][50.998s][info][gc,start    ] GC(30) Concurrent evacuation
[2026-04-03T02:50:22.324+0600][50.998s][info][gc,task     ] GC(30) Using 3 of 6 workers for concurrent evacuation
[2026-04-03T02:50:22.327+0600][51.001s][info][gc          ] GC(30) Concurrent evacuation 2.774ms
[2026-04-03T02:50:22.327+0600][51.001s][info][gc,start    ] GC(30) Pause Init Update Refs
[2026-04-03T02:50:22.327+0600][51.001s][info][gc,ergo     ] GC(30) Pacer for Update Refs. Used: 261M, Free: 1635M, Non-Taxable: 163M, Alloc Tax Rate: 1.1x
[2026-04-03T02:50:22.327+0600][51.001s][info][gc          ] GC(30) Pause Init Update Refs 0.092ms
[2026-04-03T02:50:22.331+0600][51.005s][info][gc,start    ] GC(30) Concurrent update references
[2026-04-03T02:50:22.331+0600][51.005s][info][gc,task     ] GC(30) Using 3 of 6 workers for concurrent reference update
[2026-04-03T02:50:22.377+0600][51.051s][info][gc          ] GC(30) Concurrent update references 46.331ms
[2026-04-03T02:50:22.377+0600][51.051s][info][gc,start    ] GC(30) Concurrent update thread roots
[2026-04-03T02:50:22.379+0600][51.053s][info][gc          ] GC(30) Concurrent update thread roots 2.108ms
[2026-04-03T02:50:22.382+0600][51.056s][info][gc,start    ] GC(30) Pause Final Update Refs
[2026-04-03T02:50:22.382+0600][51.056s][info][gc,task     ] GC(30) Using 6 of 6 workers for final reference update
[2026-04-03T02:50:22.382+0600][51.056s][info][gc          ] GC(30) Pause Final Update Refs 0.276ms
[2026-04-03T02:50:22.382+0600][51.056s][info][gc,start    ] GC(30) Concurrent cleanup
[2026-04-03T02:50:22.383+0600][51.057s][info][gc          ] GC(30) Concurrent cleanup 293M->204M(593M) 0.318ms
[2026-04-03T02:50:22.383+0600][51.057s][info][gc,ergo     ] Free: 1681M, Max: 512K regular, 1058M humongous, Frag: 38% external, 0% internal; Reserve: 100M, Max: 512K
[2026-04-03T02:50:22.383+0600][51.057s][info][gc,stats    ] 
[2026-04-03T02:50:22.383+0600][51.057s][info][gc,stats    ] All times are wall-clock times, except per-root-class counters, that are sum over
[2026-04-03T02:50:22.383+0600][51.057s][info][gc,stats    ] all workers. Dividing the <total> over the root stage time estimates parallelism.
[2026-04-03T02:50:22.383+0600][51.057s][info][gc,stats    ] 
[2026-04-03T02:50:22.383+0600][51.057s][info][gc,stats    ] Concurrent Reset                   5456 us
[2026-04-03T02:50:22.383+0600][51.057s][info][gc,stats    ] Pause Init Mark (G)                 394 us
[2026-04-03T02:50:22.383+0600][51.057s][info][gc,stats    ] Pause Init Mark (N)                 179 us
[2026-04-03T02:50:22.383+0600][51.057s][info][gc,stats    ]   Update Region States               52 us
[2026-04-03T02:50:22.383+0600][51.057s][info][gc,stats    ] Concurrent Mark Roots              1945 us, parallelism: 1.89x
[2026-04-03T02:50:22.383+0600][51.057s][info][gc,stats    ]   CMR: <total>                     3675 us
[2026-04-03T02:50:22.383+0600][51.057s][info][gc,stats    ]   CMR: Thread Roots                3206 us, workers (us): 903, 1310, 994, ---, ---, ---, 
[2026-04-03T02:50:22.383+0600][51.057s][info][gc,stats    ]   CMR: VM Strong Roots               58 us, workers (us):  55,   1,   1, ---, ---, ---, 
[2026-04-03T02:50:22.383+0600][51.057s][info][gc,stats    ]   CMR: CLDG Roots                   411 us, workers (us): 411, ---, ---, ---, ---, ---, 
[2026-04-03T02:50:22.383+0600][51.057s][info][gc,stats    ] Concurrent Marking                67980 us
[2026-04-03T02:50:22.383+0600][51.057s][info][gc,stats    ] Pause Final Mark (G)                884 us
[2026-04-03T02:50:22.383+0600][51.057s][info][gc,stats    ] Pause Final Mark (N)                647 us
[2026-04-03T02:50:22.383+0600][51.057s][info][gc,stats    ]   Finish Mark                       207 us
[2026-04-03T02:50:22.383+0600][51.057s][info][gc,stats    ]   Update Region States               59 us
[2026-04-03T02:50:22.383+0600][51.057s][info][gc,stats    ]   Choose Collection Set             166 us
[2026-04-03T02:50:22.383+0600][51.057s][info][gc,stats    ]   Rebuild Free Set                   47 us
[2026-04-03T02:50:22.383+0600][51.057s][info][gc,stats    ] Concurrent Thread Roots            1128 us, parallelism: 2.43x
[2026-04-03T02:50:22.383+0600][51.057s][info][gc,stats    ]   CTR: <total>                     2736 us
[2026-04-03T02:50:22.383+0600][51.057s][info][gc,stats    ]   CTR: Thread Roots                2736 us, workers (us): 937, 921, 879, ---, ---, ---, 
[2026-04-03T02:50:22.383+0600][51.057s][info][gc,stats    ] Concurrent Weak References         1230 us, parallelism: 1.00x
[2026-04-03T02:50:22.383+0600][51.057s][info][gc,stats    ]   CWRF: <total>                    1230 us
[2026-04-03T02:50:22.383+0600][51.057s][info][gc,stats    ]   CWRF: Weak References            1230 us, workers (us): 107, 921, 202, ---, ---, ---, 
[2026-04-03T02:50:22.383+0600][51.057s][info][gc,stats    ] Concurrent Weak Roots              6162 us
[2026-04-03T02:50:22.383+0600][51.057s][info][gc,stats    ]   Roots                            5044 us, parallelism: 2.62x
[2026-04-03T02:50:22.383+0600][51.057s][info][gc,stats    ]     CWR: <total>                  13213 us
[2026-04-03T02:50:22.383+0600][51.057s][info][gc,stats    ]     CWR: Code Cache Roots         10911 us, workers (us): 3487, 3665, 3759, ---, ---, ---, 
[2026-04-03T02:50:22.383+0600][51.057s][info][gc,stats    ]     CWR: VM Weak Roots             2204 us, workers (us): 753, 735, 716, ---, ---, ---, 
[2026-04-03T02:50:22.383+0600][51.057s][info][gc,stats    ]     CWR: CLDG Roots                  98 us, workers (us):  98, ---, ---, ---, ---, ---, 
[2026-04-03T02:50:22.383+0600][51.057s][info][gc,stats    ]   Rendezvous                        966 us
[2026-04-03T02:50:22.383+0600][51.057s][info][gc,stats    ] Concurrent Cleanup                  955 us
[2026-04-03T02:50:22.383+0600][51.057s][info][gc,stats    ] Concurrent Class Unloading        23482 us
[2026-04-03T02:50:22.383+0600][51.057s][info][gc,stats    ]   Unlink Stale                    17293 us
[2026-04-03T02:50:22.383+0600][51.057s][info][gc,stats    ]     System Dictionary               270 us
[2026-04-03T02:50:22.383+0600][51.057s][info][gc,stats    ]     Weak Class Links                  1 us
[2026-04-03T02:50:22.383+0600][51.057s][info][gc,stats    ]     Code Roots                    17017 us
[2026-04-03T02:50:22.383+0600][51.057s][info][gc,stats    ]   Rendezvous                       3424 us
[2026-04-03T02:50:22.383+0600][51.057s][info][gc,stats    ]   Purge Unlinked                   2619 us
[2026-04-03T02:50:22.383+0600][51.057s][info][gc,stats    ]     Code Roots                     2602 us
[2026-04-03T02:50:22.383+0600][51.057s][info][gc,stats    ]     CLDG                             16 us
[2026-04-03T02:50:22.383+0600][51.057s][info][gc,stats    ]     Exception Caches                  1 us
[2026-04-03T02:50:22.384+0600][51.057s][info][gc,stats    ] Concurrent Strong Roots            1506 us, parallelism: 0.65x
[2026-04-03T02:50:22.384+0600][51.057s][info][gc,stats    ]   CSR: <total>                      982 us
[2026-04-03T02:50:22.384+0600][51.057s][info][gc,stats    ]   CSR: VM Strong Roots               57 us, workers (us):  56,   1,   0, ---, ---, ---, 
[2026-04-03T02:50:22.384+0600][51.057s][info][gc,stats    ]   CSR: CLDG Roots                   925 us, workers (us): 925, ---, ---, ---, ---, ---, 
[2026-04-03T02:50:22.384+0600][51.057s][info][gc,stats    ] Concurrent Evacuation              2832 us
[2026-04-03T02:50:22.384+0600][51.057s][info][gc,stats    ] Pause Init Update Refs (G)         3767 us
[2026-04-03T02:50:22.384+0600][51.057s][info][gc,stats    ] Pause Init Update Refs (N)          103 us
[2026-04-03T02:50:22.384+0600][51.057s][info][gc,stats    ]   Manage GCLABs                      37 us
[2026-04-03T02:50:22.384+0600][51.057s][info][gc,stats    ] Concurrent Update Refs            46453 us
[2026-04-03T02:50:22.384+0600][51.057s][info][gc,stats    ] Concurrent Update Thread Roots     2195 us
[2026-04-03T02:50:22.384+0600][51.057s][info][gc,stats    ] Pause Final Update Refs (G)        2957 us
[2026-04-03T02:50:22.384+0600][51.058s][info][gc,stats    ] Pause Final Update Refs (N)         296 us
[2026-04-03T02:50:22.384+0600][51.058s][info][gc,stats    ]   Update Region States               80 us
[2026-04-03T02:50:22.384+0600][51.058s][info][gc,stats    ]   Trash Collection Set               19 us
[2026-04-03T02:50:22.384+0600][51.058s][info][gc,stats    ]   Rebuild Free Set                   52 us
[2026-04-03T02:50:22.384+0600][51.058s][info][gc,stats    ] Concurrent Cleanup                  386 us
[2026-04-03T02:50:22.384+0600][51.058s][info][gc,stats    ] 
[2026-04-03T02:50:22.384+0600][51.058s][info][gc,stats    ] Allocation pacing accrued:
[2026-04-03T02:50:22.384+0600][51.058s][info][gc,stats    ]       0 of   414 ms (  0.0%): <total>
[2026-04-03T02:50:22.384+0600][51.058s][info][gc,stats    ]       0 of   414 ms (  0.0%): <average total>
[2026-04-03T02:50:22.384+0600][51.058s][info][gc,stats    ] 
[2026-04-03T02:50:22.384+0600][51.058s][info][gc,metaspace] Metaspace: 130845K(132672K)->130871K(132672K) NonClass: 114386K(115520K)->114406K(115520K) Class: 16459K(17152K)->16465K(17152K)
[2026-04-03T02:50:22.384+0600][51.058s][info][gc,ergo     ] Pacer for Idle. Initial: 40960K, Alloc Tax Rate: 1.0x
[2026-04-03T02:50:23.933+0600][52.607s][info][gc          ] Trigger: Average GC time (233.14 ms) is above the time for average allocation rate (957 MB/s) to deplete free headroom (222M) (margin of error = 1.82)
[2026-04-03T02:50:23.933+0600][52.607s][info][gc,ergo     ] Free headroom: 322M (free) - 100M (spike) - 0B (penalties) = 222M
[2026-04-03T02:50:23.933+0600][52.607s][info][gc,ergo     ] Free: 322M, Max: 512K regular, 260M humongous, Frag: 20% external, 0% internal; Reserve: 100M, Max: 512K
[2026-04-03T02:50:23.933+0600][52.607s][info][gc,start    ] GC(31) Concurrent reset
[2026-04-03T02:50:23.933+0600][52.607s][info][gc,task     ] GC(31) Using 3 of 6 workers for concurrent reset
[2026-04-03T02:50:23.933+0600][52.607s][info][gc,ergo     ] GC(31) Pacer for Reset. Non-Taxable: 2000M
[2026-04-03T02:50:23.938+0600][52.611s][info][gc          ] GC(31) Concurrent reset 4.339ms
[2026-04-03T02:50:23.938+0600][52.612s][info][gc,start    ] GC(31) Pause Init Mark (unload classes)
[2026-04-03T02:50:23.938+0600][52.612s][info][gc,task     ] GC(31) Using 6 of 6 workers for init marking
[2026-04-03T02:50:23.938+0600][52.612s][info][gc,ergo     ] GC(31) Pacer for Mark. Expected Live: 90977K, Free: 320M, Non-Taxable: 32842K, Alloc Tax Rate: 0.3x
[2026-04-03T02:50:23.938+0600][52.612s][info][gc          ] GC(31) Pause Init Mark (unload classes) 0.171ms
[2026-04-03T02:50:23.938+0600][52.612s][info][gc,start    ] GC(31) Concurrent marking roots
[2026-04-03T02:50:23.938+0600][52.612s][info][gc,task     ] GC(31) Using 3 of 6 workers for concurrent marking roots
[2026-04-03T02:50:23.940+0600][52.614s][info][gc          ] GC(31) Concurrent marking roots 2.074ms
[2026-04-03T02:50:23.940+0600][52.614s][info][gc,start    ] GC(31) Concurrent marking (unload classes)
[2026-04-03T02:50:23.940+0600][52.614s][info][gc,task     ] GC(31) Using 3 of 6 workers for concurrent marking
[2026-04-03T02:50:24.014+0600][52.688s][info][gc          ] GC(31) Concurrent marking (unload classes) 73.854ms
[2026-04-03T02:50:24.014+0600][52.688s][info][gc,start    ] GC(31) Pause Final Mark (unload classes)
[2026-04-03T02:50:24.015+0600][52.688s][info][gc,task     ] GC(31) Using 6 of 6 workers for final marking
[2026-04-03T02:50:24.015+0600][52.689s][info][gc,ergo     ] GC(31) Adaptive CSet Selection. Target Free: 283M, Actual Free: 1444M, Max CSet: 85333K, Min Garbage: 0B
[2026-04-03T02:50:24.015+0600][52.689s][info][gc,ergo     ] GC(31) Collectable Garbage: 1337M (99%), Immediate: 1072M (79%), CSet: 264M (19%)
[2026-04-03T02:50:24.015+0600][52.689s][info][gc,ergo     ] GC(31) Pacer for Evacuation. Used CSet: 272M, Free: 1485M, Non-Taxable: 148M, Alloc Tax Rate: 1.1x
[2026-04-03T02:50:24.015+0600][52.689s][info][gc          ] GC(31) Pause Final Mark (unload classes) 0.930ms
[2026-04-03T02:50:24.016+0600][52.689s][info][gc,start    ] GC(31) Concurrent thread roots
[2026-04-03T02:50:24.016+0600][52.689s][info][gc,task     ] GC(31) Using 3 of 6 workers for Concurrent thread roots
[2026-04-03T02:50:24.017+0600][52.691s][info][gc          ] GC(31) Concurrent thread roots 1.295ms
[2026-04-03T02:50:24.017+0600][52.691s][info][gc,start    ] GC(31) Concurrent weak references
[2026-04-03T02:50:24.017+0600][52.691s][info][gc,task     ] GC(31) Using 3 of 6 workers for concurrent weak references
[2026-04-03T02:50:24.018+0600][52.692s][info][gc,ref      ] GC(31) Encountered references: Soft: 3729, Weak: 17665, Final: 84, Phantom: 621
[2026-04-03T02:50:24.018+0600][52.692s][info][gc,ref      ] GC(31) Discovered  references: Soft: 0, Weak: 10996, Final: 0, Phantom: 537
[2026-04-03T02:50:24.018+0600][52.692s][info][gc,ref      ] GC(31) Enqueued    references: Soft: 0, Weak: 3046, Final: 0, Phantom: 0
[2026-04-03T02:50:24.018+0600][52.692s][info][gc          ] GC(31) Concurrent weak references 1.329ms
[2026-04-03T02:50:24.018+0600][52.692s][info][gc,start    ] GC(31) Concurrent weak roots
[2026-04-03T02:50:24.018+0600][52.692s][info][gc,task     ] GC(31) Using 3 of 6 workers for concurrent weak root
[2026-04-03T02:50:24.023+0600][52.697s][info][gc          ] GC(31) Concurrent weak roots 5.214ms
[2026-04-03T02:50:24.024+0600][52.697s][info][gc,start    ] GC(31) Concurrent cleanup
[2026-04-03T02:50:24.025+0600][52.699s][info][gc          ] GC(31) Concurrent cleanup 1492M->420M(1651M) 1.458ms
[2026-04-03T02:50:24.025+0600][52.699s][info][gc,ergo     ] GC(31) Free: 1474M, Max: 512K regular, 260M humongous, Frag: 83% external, 0% internal; Reserve: 101661K, Max: 512K
[2026-04-03T02:50:24.025+0600][52.699s][info][gc,start    ] GC(31) Concurrent class unloading
[2026-04-03T02:50:24.025+0600][52.699s][info][gc,task     ] GC(31) Using 3 of 6 workers for concurrent class unloading
[2026-04-03T02:50:24.046+0600][52.719s][info][gc          ] GC(31) Concurrent class unloading 20.410ms
[2026-04-03T02:50:24.046+0600][52.719s][info][gc,start    ] GC(31) Concurrent strong roots
[2026-04-03T02:50:24.046+0600][52.719s][info][gc,task     ] GC(31) Using 3 of 6 workers for concurrent strong root
[2026-04-03T02:50:24.047+0600][52.720s][info][gc          ] GC(31) Concurrent strong roots 0.935ms
[2026-04-03T02:50:24.047+0600][52.720s][info][gc,start    ] GC(31) Concurrent evacuation
[2026-04-03T02:50:24.047+0600][52.720s][info][gc,task     ] GC(31) Using 3 of 6 workers for concurrent evacuation
[2026-04-03T02:50:24.052+0600][52.726s][info][gc          ] GC(31) Concurrent evacuation 5.148ms
[2026-04-03T02:50:24.052+0600][52.726s][info][gc,start    ] GC(31) Pause Init Update Refs
[2026-04-03T02:50:24.052+0600][52.726s][info][gc,ergo     ] GC(31) Pacer for Update Refs. Used: 434M, Free: 1467M, Non-Taxable: 146M, Alloc Tax Rate: 1.1x
[2026-04-03T02:50:24.052+0600][52.726s][info][gc          ] GC(31) Pause Init Update Refs 0.128ms
[2026-04-03T02:50:24.052+0600][52.726s][info][gc,start    ] GC(31) Concurrent update references
[2026-04-03T02:50:24.052+0600][52.726s][info][gc,task     ] GC(31) Using 3 of 6 workers for concurrent reference update
[2026-04-03T02:50:24.096+0600][52.769s][info][gc          ] GC(31) Concurrent update references 43.487ms
[2026-04-03T02:50:24.096+0600][52.770s][info][gc,start    ] GC(31) Concurrent update thread roots
[2026-04-03T02:50:24.098+0600][52.771s][info][gc          ] GC(31) Concurrent update thread roots 1.801ms
[2026-04-03T02:50:24.098+0600][52.772s][info][gc,start    ] GC(31) Pause Final Update Refs
[2026-04-03T02:50:24.098+0600][52.772s][info][gc,task     ] GC(31) Using 6 of 6 workers for final reference update
[2026-04-03T02:50:24.098+0600][52.772s][info][gc          ] GC(31) Pause Final Update Refs 0.267ms
[2026-04-03T02:50:24.098+0600][52.772s][info][gc,start    ] GC(31) Concurrent cleanup
[2026-04-03T02:50:24.098+0600][52.772s][info][gc          ] GC(31) Concurrent cleanup 448M->175M(1653M) 0.280ms
[2026-04-03T02:50:24.098+0600][52.772s][info][gc,ergo     ] Free: 1717M, Max: 512K regular, 1063M humongous, Frag: 38% external, 0% internal; Reserve: 100M, Max: 512K
[2026-04-03T02:50:24.098+0600][52.772s][info][gc,stats    ] 
[2026-04-03T02:50:24.098+0600][52.772s][info][gc,stats    ] All times are wall-clock times, except per-root-class counters, that are sum over
[2026-04-03T02:50:24.098+0600][52.772s][info][gc,stats    ] all workers. Dividing the <total> over the root stage time estimates parallelism.
[2026-04-03T02:50:24.099+0600][52.772s][info][gc,stats    ] 
[2026-04-03T02:50:24.099+0600][52.772s][info][gc,stats    ] Concurrent Reset                   4444 us
[2026-04-03T02:50:24.099+0600][52.772s][info][gc,stats    ] Pause Init Mark (G)                 628 us
[2026-04-03T02:50:24.099+0600][52.772s][info][gc,stats    ] Pause Init Mark (N)                 182 us
[2026-04-03T02:50:24.099+0600][52.772s][info][gc,stats    ]   Update Region States               48 us
[2026-04-03T02:50:24.099+0600][52.772s][info][gc,stats    ] Concurrent Mark Roots              2136 us, parallelism: 2.32x
[2026-04-03T02:50:24.099+0600][52.772s][info][gc,stats    ]   CMR: <total>                     4947 us
[2026-04-03T02:50:24.099+0600][52.772s][info][gc,stats    ]   CMR: Thread Roots                4314 us, workers (us): 1056, 1627, 1631, ---, ---, ---, 
[2026-04-03T02:50:24.099+0600][52.772s][info][gc,stats    ]   CMR: VM Strong Roots               77 us, workers (us):  28,  27,  22, ---, ---, ---, 
[2026-04-03T02:50:24.099+0600][52.772s][info][gc,stats    ]   CMR: CLDG Roots                   556 us, workers (us): 556, ---, ---, ---, ---, ---, 
[2026-04-03T02:50:24.099+0600][52.772s][info][gc,stats    ] Concurrent Marking                73930 us
[2026-04-03T02:50:24.099+0600][52.772s][info][gc,stats    ] Pause Final Mark (G)               1226 us
[2026-04-03T02:50:24.099+0600][52.772s][info][gc,stats    ] Pause Final Mark (N)                942 us
[2026-04-03T02:50:24.099+0600][52.772s][info][gc,stats    ]   Finish Mark                       321 us
[2026-04-03T02:50:24.099+0600][52.772s][info][gc,stats    ]   Update Region States               66 us
[2026-04-03T02:50:24.099+0600][52.772s][info][gc,stats    ]   Choose Collection Set             338 us
[2026-04-03T02:50:24.099+0600][52.772s][info][gc,stats    ]   Rebuild Free Set                   55 us
[2026-04-03T02:50:24.099+0600][52.772s][info][gc,stats    ] Concurrent Thread Roots            1344 us, parallelism: 2.36x
[2026-04-03T02:50:24.099+0600][52.772s][info][gc,stats    ]   CTR: <total>                     3170 us
[2026-04-03T02:50:24.099+0600][52.773s][info][gc,stats    ]   CTR: Thread Roots                3170 us, workers (us): 1070, 1053, 1048, ---, ---, ---, 
[2026-04-03T02:50:24.099+0600][52.773s][info][gc,stats    ] Concurrent Weak References         1338 us, parallelism: 1.40x
[2026-04-03T02:50:24.099+0600][52.773s][info][gc,stats    ]   CWRF: <total>                    1872 us
[2026-04-03T02:50:24.099+0600][52.773s][info][gc,stats    ]   CWRF: Weak References            1872 us, workers (us): 276, 529, 1067, ---, ---, ---, 
[2026-04-03T02:50:24.099+0600][52.773s][info][gc,stats    ] Concurrent Weak Roots              5300 us
[2026-04-03T02:50:24.099+0600][52.773s][info][gc,stats    ]   Roots                            4914 us, parallelism: 2.79x
[2026-04-03T02:50:24.099+0600][52.773s][info][gc,stats    ]     CWR: <total>                  13687 us
[2026-04-03T02:50:24.099+0600][52.773s][info][gc,stats    ]     CWR: Code Cache Roots          9749 us, workers (us): 2660, 3518, 3571, ---, ---, ---, 
[2026-04-03T02:50:24.099+0600][52.773s][info][gc,stats    ]     CWR: VM Weak Roots             3705 us, workers (us): 1836, 883, 985, ---, ---, ---, 
[2026-04-03T02:50:24.099+0600][52.773s][info][gc,stats    ]     CWR: CLDG Roots                 233 us, workers (us): ---, 233, ---, ---, ---, ---, 
[2026-04-03T02:50:24.099+0600][52.773s][info][gc,stats    ]   Rendezvous                        275 us
[2026-04-03T02:50:24.099+0600][52.773s][info][gc,stats    ] Concurrent Cleanup                 1511 us
[2026-04-03T02:50:24.099+0600][52.773s][info][gc,stats    ] Concurrent Class Unloading        20486 us
[2026-04-03T02:50:24.099+0600][52.773s][info][gc,stats    ]   Unlink Stale                    15726 us
[2026-04-03T02:50:24.099+0600][52.773s][info][gc,stats    ]     System Dictionary               256 us
[2026-04-03T02:50:24.099+0600][52.773s][info][gc,stats    ]     Weak Class Links                  0 us
[2026-04-03T02:50:24.099+0600][52.773s][info][gc,stats    ]     Code Roots                    15465 us
[2026-04-03T02:50:24.099+0600][52.773s][info][gc,stats    ]   Rendezvous                        388 us
[2026-04-03T02:50:24.099+0600][52.773s][info][gc,stats    ]   Purge Unlinked                   4259 us
[2026-04-03T02:50:24.099+0600][52.773s][info][gc,stats    ]     Code Roots                     4244 us
[2026-04-03T02:50:24.099+0600][52.773s][info][gc,stats    ]     CLDG                             14 us
[2026-04-03T02:50:24.099+0600][52.773s][info][gc,stats    ]     Exception Caches                  0 us
[2026-04-03T02:50:24.099+0600][52.773s][info][gc,stats    ] Concurrent Strong Roots             967 us, parallelism: 0.65x
[2026-04-03T02:50:24.099+0600][52.773s][info][gc,stats    ]   CSR: <total>                      631 us
[2026-04-03T02:50:24.099+0600][52.773s][info][gc,stats    ]   CSR: VM Strong Roots               42 us, workers (us):  24,  18,   0, ---, ---, ---, 
[2026-04-03T02:50:24.099+0600][52.773s][info][gc,stats    ]   CSR: CLDG Roots                   589 us, workers (us): ---, 589, ---, ---, ---, ---, 
[2026-04-03T02:50:24.099+0600][52.773s][info][gc,stats    ] Concurrent Evacuation              5238 us
[2026-04-03T02:50:24.099+0600][52.773s][info][gc,stats    ] Pause Init Update Refs (G)          344 us
[2026-04-03T02:50:24.099+0600][52.773s][info][gc,stats    ] Pause Init Update Refs (N)          143 us
[2026-04-03T02:50:24.099+0600][52.773s][info][gc,stats    ]   Manage GCLABs                      34 us
[2026-04-03T02:50:24.099+0600][52.773s][info][gc,stats    ] Concurrent Update Refs            43568 us
[2026-04-03T02:50:24.099+0600][52.773s][info][gc,stats    ] Concurrent Update Thread Roots     1850 us
[2026-04-03T02:50:24.099+0600][52.773s][info][gc,stats    ] Pause Final Update Refs (G)         526 us
[2026-04-03T02:50:24.099+0600][52.773s][info][gc,stats    ] Pause Final Update Refs (N)         283 us
[2026-04-03T02:50:24.099+0600][52.773s][info][gc,stats    ]   Update Region States               63 us
[2026-04-03T02:50:24.099+0600][52.773s][info][gc,stats    ]   Trash Collection Set               24 us
[2026-04-03T02:50:24.099+0600][52.773s][info][gc,stats    ]   Rebuild Free Set                   48 us
[2026-04-03T02:50:24.099+0600][52.773s][info][gc,stats    ] Concurrent Cleanup                  300 us
[2026-04-03T02:50:24.099+0600][52.773s][info][gc,stats    ] Pacing                            51558 us
[2026-04-03T02:50:24.099+0600][52.773s][info][gc,stats    ] 
[2026-04-03T02:50:24.099+0600][52.773s][info][gc,stats    ] Allocation pacing accrued:
[2026-04-03T02:50:24.099+0600][52.773s][info][gc,stats    ]      11 of  1715 ms (  0.6%): dispatcher-BlockManagerMaster
[2026-04-03T02:50:24.099+0600][52.773s][info][gc,stats    ]      10 of  1715 ms (  0.6%): Spark Context Cleaner
[2026-04-03T02:50:24.099+0600][52.773s][info][gc,stats    ]      10 of  1715 ms (  0.6%): Executor task launch worker for task 3.0 in stage 1698.0 (TID 3246)
[2026-04-03T02:50:24.099+0600][52.773s][info][gc,stats    ]      11 of  1715 ms (  0.6%): Executor task launch worker for task 4.0 in stage 1698.0 (TID 3247)
[2026-04-03T02:50:24.099+0600][52.773s][info][gc,stats    ]      10 of  1715 ms (  0.6%): Executor task launch worker for task 0.0 in stage 1723.0 (TID 3251)
[2026-04-03T02:50:24.099+0600][52.773s][info][gc,stats    ]      52 of  1715 ms (  3.0%): <total>
[2026-04-03T02:50:24.099+0600][52.773s][info][gc,stats    ]       0 of  1715 ms (  0.0%): <average total>
[2026-04-03T02:50:24.099+0600][52.773s][info][gc,stats    ]      10 of  1715 ms (  0.6%): <average non-zero>
[2026-04-03T02:50:24.099+0600][52.773s][info][gc,stats    ] 
[2026-04-03T02:50:24.099+0600][52.773s][info][gc,metaspace] Metaspace: 130996K(132672K)->131005K(132672K) NonClass: 114523K(115520K)->114530K(115520K) Class: 16472K(17152K)->16474K(17152K)
[2026-04-03T02:50:24.099+0600][52.773s][info][gc,ergo     ] Pacer for Idle. Initial: 40960K, Alloc Tax Rate: 1.0x
[2026-04-03T02:50:24.603+0600][53.277s][info][gc          ] Trigger: Average GC time (213.06 ms) is above the time for instantaneous allocation rate (3912 MB/s) to deplete free headroom (823M) (spike threshold = 1.79)
[2026-04-03T02:50:24.604+0600][53.277s][info][gc,ergo     ] Free: 923M, Max: 512K regular, 663M humongous, Frag: 28% external, 0% internal; Reserve: 100M, Max: 512K
[2026-04-03T02:50:24.604+0600][53.277s][info][gc,start    ] GC(32) Concurrent reset
[2026-04-03T02:50:24.604+0600][53.277s][info][gc,task     ] GC(32) Using 3 of 6 workers for concurrent reset
[2026-04-03T02:50:24.604+0600][53.277s][info][gc,ergo     ] GC(32) Pacer for Reset. Non-Taxable: 2000M
[2026-04-03T02:50:24.608+0600][53.282s][info][gc          ] GC(32) Concurrent reset 4.454ms
[2026-04-03T02:50:24.608+0600][53.282s][info][gc,start    ] GC(32) Pause Init Mark (unload classes)
[2026-04-03T02:50:24.608+0600][53.282s][info][gc,task     ] GC(32) Using 6 of 6 workers for init marking
[2026-04-03T02:50:24.608+0600][53.282s][info][gc,ergo     ] GC(32) Pacer for Mark. Expected Live: 91742K, Free: 921M, Non-Taxable: 94383K, Alloc Tax Rate: 0.1x
[2026-04-03T02:50:24.608+0600][53.282s][info][gc          ] GC(32) Pause Init Mark (unload classes) 0.166ms
[2026-04-03T02:50:24.609+0600][53.282s][info][gc,start    ] GC(32) Concurrent marking roots
[2026-04-03T02:50:24.609+0600][53.282s][info][gc,task     ] GC(32) Using 3 of 6 workers for concurrent marking roots
[2026-04-03T02:50:24.610+0600][53.284s][info][gc          ] GC(32) Concurrent marking roots 1.236ms
[2026-04-03T02:50:24.610+0600][53.284s][info][gc,start    ] GC(32) Concurrent marking (unload classes)
[2026-04-03T02:50:24.610+0600][53.284s][info][gc,task     ] GC(32) Using 3 of 6 workers for concurrent marking
[2026-04-03T02:50:24.673+0600][53.347s][info][gc          ] GC(32) Concurrent marking (unload classes) 62.858ms
[2026-04-03T02:50:24.675+0600][53.349s][info][gc,start    ] GC(32) Pause Final Mark (unload classes)
[2026-04-03T02:50:24.675+0600][53.349s][info][gc,task     ] GC(32) Using 6 of 6 workers for final marking
[2026-04-03T02:50:24.676+0600][53.349s][info][gc,ergo     ] GC(32) Adaptive CSet Selection. Target Free: 283M, Actual Free: 1528M, Max CSet: 85333K, Min Garbage: 0B
[2026-04-03T02:50:24.676+0600][53.350s][info][gc,ergo     ] GC(32) Collectable Garbage: 808M (98%), Immediate: 672M (82%), CSet: 135M (16%)
[2026-04-03T02:50:24.676+0600][53.350s][info][gc,ergo     ] GC(32) Pacer for Evacuation. Used CSet: 141M, Free: 1500M, Non-Taxable: 150M, Alloc Tax Rate: 1.1x
[2026-04-03T02:50:24.676+0600][53.350s][info][gc          ] GC(32) Pause Final Mark (unload classes) 0.789ms
[2026-04-03T02:50:24.676+0600][53.350s][info][gc,start    ] GC(32) Concurrent thread roots
[2026-04-03T02:50:24.676+0600][53.350s][info][gc,task     ] GC(32) Using 3 of 6 workers for Concurrent thread roots
[2026-04-03T02:50:24.677+0600][53.351s][info][gc          ] GC(32) Concurrent thread roots 1.203ms
[2026-04-03T02:50:24.677+0600][53.351s][info][gc,start    ] GC(32) Concurrent weak references
[2026-04-03T02:50:24.677+0600][53.351s][info][gc,task     ] GC(32) Using 3 of 6 workers for concurrent weak references
[2026-04-03T02:50:24.679+0600][53.353s][info][gc,ref      ] GC(32) Encountered references: Soft: 3782, Weak: 15687, Final: 84, Phantom: 621
[2026-04-03T02:50:24.679+0600][53.353s][info][gc,ref      ] GC(32) Discovered  references: Soft: 0, Weak: 9690, Final: 84, Phantom: 617
[2026-04-03T02:50:24.679+0600][53.353s][info][gc,ref      ] GC(32) Enqueued    references: Soft: 0, Weak: 1117, Final: 0, Phantom: 0
[2026-04-03T02:50:24.679+0600][53.353s][info][gc          ] GC(32) Concurrent weak references 1.623ms
[2026-04-03T02:50:24.679+0600][53.353s][info][gc,start    ] GC(32) Concurrent weak roots
[2026-04-03T02:50:24.679+0600][53.353s][info][gc,task     ] GC(32) Using 3 of 6 workers for concurrent weak root
[2026-04-03T02:50:24.687+0600][53.360s][info][gc          ] GC(32) Concurrent weak roots 7.636ms
[2026-04-03T02:50:24.687+0600][53.360s][info][gc,start    ] GC(32) Concurrent cleanup
[2026-04-03T02:50:24.688+0600][53.362s][info][gc          ] GC(32) Concurrent cleanup 1147M->487M(1653M) 1.387ms
[2026-04-03T02:50:24.688+0600][53.362s][info][gc,ergo     ] GC(32) Free: 1381M, Max: 512K regular, 394M humongous, Frag: 72% external, 0% internal; Reserve: 101527K, Max: 512K
[2026-04-03T02:50:24.688+0600][53.362s][info][gc,start    ] GC(32) Concurrent class unloading
[2026-04-03T02:50:24.688+0600][53.362s][info][gc,task     ] GC(32) Using 3 of 6 workers for concurrent class unloading
[2026-04-03T02:50:24.709+0600][53.382s][info][gc          ] GC(32) Concurrent class unloading 20.355ms
[2026-04-03T02:50:24.709+0600][53.383s][info][gc,start    ] GC(32) Concurrent strong roots
[2026-04-03T02:50:24.709+0600][53.383s][info][gc,task     ] GC(32) Using 3 of 6 workers for concurrent strong root
[2026-04-03T02:50:24.710+0600][53.384s][info][gc          ] GC(32) Concurrent strong roots 1.398ms
[2026-04-03T02:50:24.710+0600][53.384s][info][gc,start    ] GC(32) Concurrent evacuation
[2026-04-03T02:50:24.710+0600][53.384s][info][gc,task     ] GC(32) Using 3 of 6 workers for concurrent evacuation
[2026-04-03T02:50:24.713+0600][53.387s][info][gc          ] GC(32) Concurrent evacuation 3.089ms
[2026-04-03T02:50:24.713+0600][53.387s][info][gc,start    ] GC(32) Pause Init Update Refs
[2026-04-03T02:50:24.714+0600][53.387s][info][gc,ergo     ] GC(32) Pacer for Update Refs. Used: 524M, Free: 1346M, Non-Taxable: 134M, Alloc Tax Rate: 1.1x
[2026-04-03T02:50:24.714+0600][53.387s][info][gc          ] GC(32) Pause Init Update Refs 0.105ms
[2026-04-03T02:50:24.714+0600][53.387s][info][gc,start    ] GC(32) Concurrent update references
[2026-04-03T02:50:24.714+0600][53.387s][info][gc,task     ] GC(32) Using 3 of 6 workers for concurrent reference update
[2026-04-03T02:50:24.760+0600][53.433s][info][gc          ] GC(32) Concurrent update references 45.940ms
[2026-04-03T02:50:24.760+0600][53.434s][info][gc,start    ] GC(32) Concurrent update thread roots
[2026-04-03T02:50:24.762+0600][53.436s][info][gc          ] GC(32) Concurrent update thread roots 2.115ms
[2026-04-03T02:50:24.762+0600][53.436s][info][gc,start    ] GC(32) Pause Final Update Refs
[2026-04-03T02:50:24.763+0600][53.436s][info][gc,task     ] GC(32) Using 6 of 6 workers for final reference update
[2026-04-03T02:50:24.763+0600][53.437s][info][gc          ] GC(32) Pause Final Update Refs 0.302ms
[2026-04-03T02:50:24.763+0600][53.437s][info][gc,start    ] GC(32) Concurrent cleanup
[2026-04-03T02:50:24.764+0600][53.438s][info][gc          ] GC(32) Concurrent cleanup 550M->410M(1654M) 0.504ms
[2026-04-03T02:50:24.764+0600][53.438s][info][gc,ergo     ] Free: 1452M, Max: 512K regular, 712M humongous, Frag: 51% external, 0% internal; Reserve: 100M, Max: 512K
[2026-04-03T02:50:24.764+0600][53.438s][info][gc,stats    ] 
[2026-04-03T02:50:24.764+0600][53.438s][info][gc,stats    ] All times are wall-clock times, except per-root-class counters, that are sum over
[2026-04-03T02:50:24.764+0600][53.438s][info][gc,stats    ] all workers. Dividing the <total> over the root stage time estimates parallelism.
[2026-04-03T02:50:24.764+0600][53.438s][info][gc,stats    ] 
[2026-04-03T02:50:24.764+0600][53.438s][info][gc,stats    ] Concurrent Reset                   4505 us
[2026-04-03T02:50:24.764+0600][53.438s][info][gc,stats    ] Pause Init Mark (G)                 424 us
[2026-04-03T02:50:24.764+0600][53.438s][info][gc,stats    ] Pause Init Mark (N)                 177 us
[2026-04-03T02:50:24.764+0600][53.438s][info][gc,stats    ]   Update Region States               50 us
[2026-04-03T02:50:24.764+0600][53.438s][info][gc,stats    ] Concurrent Mark Roots              1269 us, parallelism: 2.01x
[2026-04-03T02:50:24.764+0600][53.438s][info][gc,stats    ]   CMR: <total>                     2545 us
[2026-04-03T02:50:24.764+0600][53.438s][info][gc,stats    ]   CMR: Thread Roots                2105 us, workers (us): 429, 837, 839, ---, ---, ---, 
[2026-04-03T02:50:24.764+0600][53.438s][info][gc,stats    ]   CMR: VM Strong Roots               45 us, workers (us):  41,   4,   1, ---, ---, ---, 
[2026-04-03T02:50:24.764+0600][53.438s][info][gc,stats    ]   CMR: CLDG Roots                   396 us, workers (us): 396, ---, ---, ---, ---, ---, 
[2026-04-03T02:50:24.764+0600][53.438s][info][gc,stats    ] Concurrent Marking                62962 us
[2026-04-03T02:50:24.764+0600][53.438s][info][gc,stats    ] Pause Final Mark (G)               3188 us
[2026-04-03T02:50:24.764+0600][53.438s][info][gc,stats    ] Pause Final Mark (N)                805 us
[2026-04-03T02:50:24.764+0600][53.438s][info][gc,stats    ]   Finish Mark                       209 us
[2026-04-03T02:50:24.764+0600][53.438s][info][gc,stats    ]   Update Region States               86 us
[2026-04-03T02:50:24.764+0600][53.438s][info][gc,stats    ]   Choose Collection Set             229 us
[2026-04-03T02:50:24.764+0600][53.438s][info][gc,stats    ]   Rebuild Free Set                   57 us
[2026-04-03T02:50:24.764+0600][53.438s][info][gc,stats    ] Concurrent Thread Roots            1270 us, parallelism: 2.17x
[2026-04-03T02:50:24.764+0600][53.438s][info][gc,stats    ]   CTR: <total>                     2751 us
[2026-04-03T02:50:24.764+0600][53.438s][info][gc,stats    ]   CTR: Thread Roots                2751 us, workers (us): 959, 911, 880, ---, ---, ---, 
[2026-04-03T02:50:24.764+0600][53.438s][info][gc,stats    ] Concurrent Weak References         1643 us, parallelism: 1.00x
[2026-04-03T02:50:24.764+0600][53.438s][info][gc,stats    ]   CWRF: <total>                    1638 us
[2026-04-03T02:50:24.764+0600][53.438s][info][gc,stats    ]   CWRF: Weak References            1638 us, workers (us): 1285, 170, 183, ---, ---, ---, 
[2026-04-03T02:50:24.764+0600][53.438s][info][gc,stats    ] Concurrent Weak Roots              7740 us
[2026-04-03T02:50:24.764+0600][53.438s][info][gc,stats    ]   Roots                            7008 us, parallelism: 2.76x
[2026-04-03T02:50:24.764+0600][53.438s][info][gc,stats    ]     CWR: <total>                  19333 us
[2026-04-03T02:50:24.764+0600][53.438s][info][gc,stats    ]     CWR: Code Cache Roots         16258 us, workers (us): 5568, 5249, 5442, ---, ---, ---, 
[2026-04-03T02:50:24.764+0600][53.438s][info][gc,stats    ]     CWR: VM Weak Roots             2807 us, workers (us): 974, 922, 910, ---, ---, ---, 
[2026-04-03T02:50:24.764+0600][53.438s][info][gc,stats    ]     CWR: CLDG Roots                 268 us, workers (us): ---, 268, ---, ---, ---, ---, 
[2026-04-03T02:50:24.764+0600][53.438s][info][gc,stats    ]   Rendezvous                        584 us
[2026-04-03T02:50:24.764+0600][53.438s][info][gc,stats    ] Concurrent Cleanup                 1490 us
[2026-04-03T02:50:24.765+0600][53.438s][info][gc,stats    ] Concurrent Class Unloading        20459 us
[2026-04-03T02:50:24.765+0600][53.438s][info][gc,stats    ]   Unlink Stale                    18280 us
[2026-04-03T02:50:24.765+0600][53.438s][info][gc,stats    ]     System Dictionary               341 us
[2026-04-03T02:50:24.765+0600][53.438s][info][gc,stats    ]     Weak Class Links                  1 us
[2026-04-03T02:50:24.765+0600][53.438s][info][gc,stats    ]     Code Roots                    17934 us
[2026-04-03T02:50:24.765+0600][53.438s][info][gc,stats    ]   Rendezvous                        274 us
[2026-04-03T02:50:24.765+0600][53.438s][info][gc,stats    ]   Purge Unlinked                   1750 us
[2026-04-03T02:50:24.765+0600][53.438s][info][gc,stats    ]     Code Roots                     1733 us
[2026-04-03T02:50:24.765+0600][53.438s][info][gc,stats    ]     CLDG                             16 us
[2026-04-03T02:50:24.765+0600][53.438s][info][gc,stats    ]     Exception Caches                  1 us
[2026-04-03T02:50:24.765+0600][53.438s][info][gc,stats    ] Concurrent Strong Roots            1459 us, parallelism: 0.65x
[2026-04-03T02:50:24.765+0600][53.438s][info][gc,stats    ]   CSR: <total>                      946 us
[2026-04-03T02:50:24.765+0600][53.438s][info][gc,stats    ]   CSR: VM Strong Roots               44 us, workers (us):  31,   6,   6, ---, ---, ---, 
[2026-04-03T02:50:24.765+0600][53.439s][info][gc,stats    ]   CSR: CLDG Roots                   902 us, workers (us): 902, ---, ---, ---, ---, ---, 
[2026-04-03T02:50:24.765+0600][53.439s][info][gc,stats    ] Concurrent Evacuation              3151 us
[2026-04-03T02:50:24.765+0600][53.439s][info][gc,stats    ] Pause Init Update Refs (G)          259 us
[2026-04-03T02:50:24.765+0600][53.439s][info][gc,stats    ] Pause Init Update Refs (N)          116 us
[2026-04-03T02:50:24.765+0600][53.439s][info][gc,stats    ]   Manage GCLABs                      29 us
[2026-04-03T02:50:24.765+0600][53.439s][info][gc,stats    ] Concurrent Update Refs            46142 us
[2026-04-03T02:50:24.765+0600][53.439s][info][gc,stats    ] Concurrent Update Thread Roots     2215 us
[2026-04-03T02:50:24.765+0600][53.439s][info][gc,stats    ] Pause Final Update Refs (G)        1376 us
[2026-04-03T02:50:24.765+0600][53.439s][info][gc,stats    ] Pause Final Update Refs (N)         327 us
[2026-04-03T02:50:24.765+0600][53.439s][info][gc,stats    ]   Update Region States               88 us
[2026-04-03T02:50:24.765+0600][53.439s][info][gc,stats    ]   Trash Collection Set               19 us
[2026-04-03T02:50:24.765+0600][53.439s][info][gc,stats    ]   Rebuild Free Set                   82 us
[2026-04-03T02:50:24.765+0600][53.439s][info][gc,stats    ] Concurrent Cleanup                  547 us
[2026-04-03T02:50:24.765+0600][53.439s][info][gc,stats    ] Pacing                           165888 us
[2026-04-03T02:50:24.765+0600][53.439s][info][gc,stats    ] 
[2026-04-03T02:50:24.765+0600][53.439s][info][gc,stats    ] Allocation pacing accrued:
[2026-04-03T02:50:24.765+0600][53.439s][info][gc,stats    ]      11 of   666 ms (  1.7%): dispatcher-BlockManagerMaster
[2026-04-03T02:50:24.765+0600][53.439s][info][gc,stats    ]      11 of   666 ms (  1.7%): dispatcher-BlockManagerEndpoint1
[2026-04-03T02:50:24.765+0600][53.439s][info][gc,stats    ]      13 of   666 ms (  2.0%): Spark Context Cleaner
[2026-04-03T02:50:24.765+0600][53.439s][info][gc,stats    ]      22 of   666 ms (  3.4%): Executor task launch worker for task 3.0 in stage 1794.0 (TID 3308)
[2026-04-03T02:50:24.765+0600][53.439s][info][gc,stats    ]      22 of   666 ms (  3.4%): Executor task launch worker for task 1.0 in stage 1794.0 (TID 3306)
[2026-04-03T02:50:24.765+0600][53.439s][info][gc,stats    ]      53 of   666 ms (  8.0%): Executor task launch worker for task 0.0 in stage 1794.0 (TID 3305)
[2026-04-03T02:50:24.765+0600][53.439s][info][gc,stats    ]      22 of   666 ms (  3.4%): Executor task launch worker for task 2.0 in stage 1794.0 (TID 3307)
[2026-04-03T02:50:24.765+0600][53.439s][info][gc,stats    ]      10 of   666 ms (  1.5%): block-manager-storage-async-thread-pool-0
[2026-04-03T02:50:24.765+0600][53.439s][info][gc,stats    ]     166 of   666 ms ( 24.9%): <total>
[2026-04-03T02:50:24.765+0600][53.439s][info][gc,stats    ]       1 of   666 ms (  0.1%): <average total>
[2026-04-03T02:50:24.765+0600][53.439s][info][gc,stats    ]      21 of   666 ms (  3.1%): <average non-zero>
[2026-04-03T02:50:24.765+0600][53.439s][info][gc,stats    ] 
[2026-04-03T02:50:24.765+0600][53.439s][info][gc,metaspace] Metaspace: 131084K(132672K)->131096K(132672K) NonClass: 114601K(115520K)->114612K(115520K) Class: 16483K(17152K)->16483K(17152K)
[2026-04-03T02:50:24.765+0600][53.439s][info][gc,ergo     ] Pacer for Idle. Initial: 40960K, Alloc Tax Rate: 1.0x
[2026-04-03T02:50:25.864+0600][54.538s][info][gc          ] Trigger: Average GC time (197.48 ms) is above the time for average allocation rate (1249 MB/s) to deplete free headroom (245M) (margin of error = 1.82)
[2026-04-03T02:50:25.865+0600][54.538s][info][gc,ergo     ] Free headroom: 345M (free) - 100M (spike) - 0B (penalties) = 245M
[2026-04-03T02:50:25.865+0600][54.538s][info][gc,ergo     ] Free: 345M, Max: 512K regular, 344M humongous, Frag: 0% external, 0% internal; Reserve: 100M, Max: 512K
[2026-04-03T02:50:25.865+0600][54.539s][info][gc,start    ] GC(33) Concurrent reset
[2026-04-03T02:50:25.865+0600][54.539s][info][gc,task     ] GC(33) Using 3 of 6 workers for concurrent reset
[2026-04-03T02:50:25.865+0600][54.539s][info][gc,ergo     ] GC(33) Pacer for Reset. Non-Taxable: 2000M
[2026-04-03T02:50:25.868+0600][54.542s][info][gc          ] GC(33) Concurrent reset 3.188ms
[2026-04-03T02:50:25.868+0600][54.542s][info][gc,start    ] GC(33) Pause Init Mark (unload classes)
[2026-04-03T02:50:25.868+0600][54.542s][info][gc,task     ] GC(33) Using 6 of 6 workers for init marking
[2026-04-03T02:50:25.868+0600][54.542s][info][gc,ergo     ] GC(33) Pacer for Mark. Expected Live: 91759K, Free: 339M, Non-Taxable: 34800K, Alloc Tax Rate: 0.3x
[2026-04-03T02:50:25.868+0600][54.542s][info][gc          ] GC(33) Pause Init Mark (unload classes) 0.210ms
[2026-04-03T02:50:25.869+0600][54.542s][info][gc,start    ] GC(33) Concurrent marking roots
[2026-04-03T02:50:25.869+0600][54.543s][info][gc,task     ] GC(33) Using 3 of 6 workers for concurrent marking roots
[2026-04-03T02:50:25.871+0600][54.544s][info][gc          ] GC(33) Concurrent marking roots 1.939ms
[2026-04-03T02:50:25.871+0600][54.544s][info][gc,start    ] GC(33) Concurrent marking (unload classes)
[2026-04-03T02:50:25.871+0600][54.544s][info][gc,task     ] GC(33) Using 3 of 6 workers for concurrent marking
[2026-04-03T02:50:25.931+0600][54.605s][info][gc          ] GC(33) Concurrent marking (unload classes) 60.652ms
[2026-04-03T02:50:25.931+0600][54.605s][info][gc,start    ] GC(33) Pause Final Mark (unload classes)
[2026-04-03T02:50:25.932+0600][54.605s][info][gc,task     ] GC(33) Using 6 of 6 workers for final marking
[2026-04-03T02:50:25.932+0600][54.606s][info][gc,ergo     ] GC(33) Adaptive CSet Selection. Target Free: 283M, Actual Free: 1442M, Max CSet: 85333K, Min Garbage: 0B
[2026-04-03T02:50:25.932+0600][54.606s][info][gc,ergo     ] GC(33) Collectable Garbage: 1319M (99%), Immediate: 1054M (79%), CSet: 265M (19%)
[2026-04-03T02:50:25.932+0600][54.606s][info][gc,ergo     ] GC(33) Pacer for Evacuation. Used CSet: 276M, Free: 1481M, Non-Taxable: 148M, Alloc Tax Rate: 1.1x
[2026-04-03T02:50:25.932+0600][54.606s][info][gc          ] GC(33) Pause Final Mark (unload classes) 0.756ms
[2026-04-03T02:50:25.932+0600][54.606s][info][gc,start    ] GC(33) Concurrent thread roots
[2026-04-03T02:50:25.932+0600][54.606s][info][gc,task     ] GC(33) Using 3 of 6 workers for Concurrent thread roots
[2026-04-03T02:50:25.933+0600][54.607s][info][gc          ] GC(33) Concurrent thread roots 1.078ms
[2026-04-03T02:50:25.933+0600][54.607s][info][gc,start    ] GC(33) Concurrent weak references
[2026-04-03T02:50:25.933+0600][54.607s][info][gc,task     ] GC(33) Using 3 of 6 workers for concurrent weak references
[2026-04-03T02:50:25.934+0600][54.608s][info][gc,ref      ] GC(33) Encountered references: Soft: 3789, Weak: 16361, Final: 84, Phantom: 622
[2026-04-03T02:50:25.934+0600][54.608s][info][gc,ref      ] GC(33) Discovered  references: Soft: 0, Weak: 6945, Final: 0, Phantom: 581
[2026-04-03T02:50:25.934+0600][54.608s][info][gc,ref      ] GC(33) Enqueued    references: Soft: 0, Weak: 418, Final: 0, Phantom: 0
[2026-04-03T02:50:25.934+0600][54.608s][info][gc          ] GC(33) Concurrent weak references 0.750ms
[2026-04-03T02:50:25.934+0600][54.608s][info][gc,start    ] GC(33) Concurrent weak roots
[2026-04-03T02:50:25.934+0600][54.608s][info][gc,task     ] GC(33) Using 3 of 6 workers for concurrent weak root
[2026-04-03T02:50:25.939+0600][54.613s][info][gc          ] GC(33) Concurrent weak roots 4.984ms
[2026-04-03T02:50:25.939+0600][54.613s][info][gc,start    ] GC(33) Concurrent cleanup
[2026-04-03T02:50:25.941+0600][54.614s][info][gc          ] GC(33) Concurrent cleanup 1478M->423M(1654M) 1.316ms
[2026-04-03T02:50:25.941+0600][54.615s][info][gc,ergo     ] GC(33) Free: 1467M, Max: 512K regular, 274M humongous, Frag: 82% external, 0% internal; Reserve: 102053K, Max: 512K
[2026-04-03T02:50:25.941+0600][54.615s][info][gc,start    ] GC(33) Concurrent class unloading
[2026-04-03T02:50:25.941+0600][54.615s][info][gc,task     ] GC(33) Using 3 of 6 workers for concurrent class unloading
[2026-04-03T02:50:25.962+0600][54.636s][info][gc          ] GC(33) Concurrent class unloading 21.635ms
[2026-04-03T02:50:25.963+0600][54.636s][info][gc,start    ] GC(33) Concurrent strong roots
[2026-04-03T02:50:25.963+0600][54.636s][info][gc,task     ] GC(33) Using 3 of 6 workers for concurrent strong root
[2026-04-03T02:50:25.964+0600][54.638s][info][gc          ] GC(33) Concurrent strong roots 1.716ms
[2026-04-03T02:50:25.964+0600][54.638s][info][gc,start    ] GC(33) Concurrent evacuation
[2026-04-03T02:50:25.964+0600][54.638s][info][gc,task     ] GC(33) Using 3 of 6 workers for concurrent evacuation
[2026-04-03T02:50:25.973+0600][54.647s][info][gc          ] GC(33) Concurrent evacuation 9.066ms
[2026-04-03T02:50:25.974+0600][54.648s][info][gc,start    ] GC(33) Pause Init Update Refs
[2026-04-03T02:50:25.974+0600][54.648s][info][gc,ergo     ] GC(33) Pacer for Update Refs. Used: 451M, Free: 1451M, Non-Taxable: 145M, Alloc Tax Rate: 1.1x
[2026-04-03T02:50:25.974+0600][54.648s][info][gc          ] GC(33) Pause Init Update Refs 0.189ms
[2026-04-03T02:50:25.974+0600][54.648s][info][gc,start    ] GC(33) Concurrent update references
[2026-04-03T02:50:25.974+0600][54.648s][info][gc,task     ] GC(33) Using 3 of 6 workers for concurrent reference update
[2026-04-03T02:50:26.022+0600][54.696s][info][gc          ] GC(33) Concurrent update references 47.994ms
[2026-04-03T02:50:26.022+0600][54.696s][info][gc,start    ] GC(33) Concurrent update thread roots
[2026-04-03T02:50:26.024+0600][54.698s][info][gc          ] GC(33) Concurrent update thread roots 1.704ms
[2026-04-03T02:50:26.024+0600][54.698s][info][gc,start    ] GC(33) Pause Final Update Refs
[2026-04-03T02:50:26.024+0600][54.698s][info][gc,task     ] GC(33) Using 6 of 6 workers for final reference update
[2026-04-03T02:50:26.024+0600][54.698s][info][gc          ] GC(33) Pause Final Update Refs 0.235ms
[2026-04-03T02:50:26.024+0600][54.698s][info][gc,start    ] GC(33) Concurrent cleanup
[2026-04-03T02:50:26.025+0600][54.699s][info][gc          ] GC(33) Concurrent cleanup 472M->195M(1656M) 0.344ms
[2026-04-03T02:50:26.025+0600][54.699s][info][gc,ergo     ] Free: 1690M, Max: 512K regular, 1041M humongous, Frag: 39% external, 0% internal; Reserve: 100M, Max: 512K
[2026-04-03T02:50:26.025+0600][54.699s][info][gc,stats    ] 
[2026-04-03T02:50:26.025+0600][54.699s][info][gc,stats    ] All times are wall-clock times, except per-root-class counters, that are sum over
[2026-04-03T02:50:26.025+0600][54.699s][info][gc,stats    ] all workers. Dividing the <total> over the root stage time estimates parallelism.
[2026-04-03T02:50:26.025+0600][54.699s][info][gc,stats    ] 
[2026-04-03T02:50:26.025+0600][54.699s][info][gc,stats    ] Concurrent Reset                   3286 us
[2026-04-03T02:50:26.025+0600][54.699s][info][gc,stats    ] Pause Init Mark (G)                 619 us
[2026-04-03T02:50:26.025+0600][54.699s][info][gc,stats    ] Pause Init Mark (N)                 221 us
[2026-04-03T02:50:26.025+0600][54.699s][info][gc,stats    ]   Update Region States               65 us
[2026-04-03T02:50:26.025+0600][54.699s][info][gc,stats    ] Concurrent Mark Roots              2001 us, parallelism: 1.92x
[2026-04-03T02:50:26.025+0600][54.699s][info][gc,stats    ]   CMR: <total>                     3835 us
[2026-04-03T02:50:26.025+0600][54.699s][info][gc,stats    ]   CMR: Thread Roots                3386 us, workers (us): 887, 1241, 1259, ---, ---, ---, 
[2026-04-03T02:50:26.025+0600][54.699s][info][gc,stats    ]   CMR: VM Strong Roots               80 us, workers (us):  41,  23,  15, ---, ---, ---, 
[2026-04-03T02:50:26.025+0600][54.699s][info][gc,stats    ]   CMR: CLDG Roots                   369 us, workers (us): 369, ---, ---, ---, ---, ---, 
[2026-04-03T02:50:26.025+0600][54.699s][info][gc,stats    ] Concurrent Marking                60720 us
[2026-04-03T02:50:26.025+0600][54.699s][info][gc,stats    ] Pause Final Mark (G)               1028 us
[2026-04-03T02:50:26.025+0600][54.699s][info][gc,stats    ] Pause Final Mark (N)                767 us
[2026-04-03T02:50:26.025+0600][54.699s][info][gc,stats    ]   Finish Mark                       218 us
[2026-04-03T02:50:26.025+0600][54.699s][info][gc,stats    ]   Update Region States               88 us
[2026-04-03T02:50:26.025+0600][54.699s][info][gc,stats    ]   Choose Collection Set             272 us
[2026-04-03T02:50:26.025+0600][54.699s][info][gc,stats    ]   Rebuild Free Set                   50 us
[2026-04-03T02:50:26.025+0600][54.699s][info][gc,stats    ] Concurrent Thread Roots            1125 us, parallelism: 2.16x
[2026-04-03T02:50:26.025+0600][54.699s][info][gc,stats    ]   CTR: <total>                     2432 us
[2026-04-03T02:50:26.025+0600][54.699s][info][gc,stats    ]   CTR: Thread Roots                2432 us, workers (us): 858, 792, 782, ---, ---, ---, 
[2026-04-03T02:50:26.025+0600][54.699s][info][gc,stats    ] Concurrent Weak References          766 us, parallelism: 1.47x
[2026-04-03T02:50:26.025+0600][54.699s][info][gc,stats    ]   CWRF: <total>                    1129 us
[2026-04-03T02:50:26.025+0600][54.699s][info][gc,stats    ]   CWRF: Weak References            1129 us, workers (us): 338, 257, 534, ---, ---, ---, 
[2026-04-03T02:50:26.025+0600][54.699s][info][gc,stats    ] Concurrent Weak Roots              5073 us
[2026-04-03T02:50:26.025+0600][54.699s][info][gc,stats    ]   Roots                            4668 us, parallelism: 2.63x
[2026-04-03T02:50:26.025+0600][54.699s][info][gc,stats    ]     CWR: <total>                  12264 us
[2026-04-03T02:50:26.025+0600][54.699s][info][gc,stats    ]     CWR: Code Cache Roots          8918 us, workers (us): 3063, 3103, 2752, ---, ---, ---, 
[2026-04-03T02:50:26.025+0600][54.699s][info][gc,stats    ]     CWR: VM Weak Roots             3104 us, workers (us): 1217, 1222, 665, ---, ---, ---, 
[2026-04-03T02:50:26.025+0600][54.699s][info][gc,stats    ]     CWR: CLDG Roots                 242 us, workers (us): ---, ---, 242, ---, ---, ---, 
[2026-04-03T02:50:26.025+0600][54.699s][info][gc,stats    ]   Rendezvous                        289 us
[2026-04-03T02:50:26.025+0600][54.699s][info][gc,stats    ] Concurrent Cleanup                 1343 us
[2026-04-03T02:50:26.025+0600][54.699s][info][gc,stats    ] Concurrent Class Unloading        21759 us
[2026-04-03T02:50:26.025+0600][54.699s][info][gc,stats    ]   Unlink Stale                    15236 us
[2026-04-03T02:50:26.025+0600][54.699s][info][gc,stats    ]     System Dictionary               273 us
[2026-04-03T02:50:26.025+0600][54.699s][info][gc,stats    ]     Weak Class Links                  0 us
[2026-04-03T02:50:26.025+0600][54.699s][info][gc,stats    ]     Code Roots                    14958 us
[2026-04-03T02:50:26.025+0600][54.699s][info][gc,stats    ]   Rendezvous                        633 us
[2026-04-03T02:50:26.025+0600][54.699s][info][gc,stats    ]   Purge Unlinked                   5731 us
[2026-04-03T02:50:26.025+0600][54.699s][info][gc,stats    ]     Code Roots                     5710 us
[2026-04-03T02:50:26.025+0600][54.699s][info][gc,stats    ]     CLDG                             20 us
[2026-04-03T02:50:26.025+0600][54.699s][info][gc,stats    ]     Exception Caches                  0 us
[2026-04-03T02:50:26.025+0600][54.699s][info][gc,stats    ] Concurrent Strong Roots            1797 us, parallelism: 0.69x
[2026-04-03T02:50:26.025+0600][54.699s][info][gc,stats    ]   CSR: <total>                     1236 us
[2026-04-03T02:50:26.025+0600][54.699s][info][gc,stats    ]   CSR: VM Strong Roots               48 us, workers (us):  46,   2,   0, ---, ---, ---, 
[2026-04-03T02:50:26.025+0600][54.699s][info][gc,stats    ]   CSR: CLDG Roots                  1188 us, workers (us): 1188, ---, ---, ---, ---, ---, 
[2026-04-03T02:50:26.025+0600][54.699s][info][gc,stats    ] Concurrent Evacuation              9193 us
[2026-04-03T02:50:26.025+0600][54.699s][info][gc,stats    ] Pause Init Update Refs (G)          477 us
[2026-04-03T02:50:26.025+0600][54.699s][info][gc,stats    ] Pause Init Update Refs (N)          203 us
[2026-04-03T02:50:26.025+0600][54.699s][info][gc,stats    ]   Manage GCLABs                      44 us
[2026-04-03T02:50:26.025+0600][54.699s][info][gc,stats    ] Concurrent Update Refs            48086 us
[2026-04-03T02:50:26.025+0600][54.699s][info][gc,stats    ] Concurrent Update Thread Roots     1794 us
[2026-04-03T02:50:26.025+0600][54.699s][info][gc,stats    ] Pause Final Update Refs (G)         502 us
[2026-04-03T02:50:26.025+0600][54.699s][info][gc,stats    ] Pause Final Update Refs (N)         253 us
[2026-04-03T02:50:26.025+0600][54.699s][info][gc,stats    ]   Update Region States               73 us
[2026-04-03T02:50:26.025+0600][54.699s][info][gc,stats    ]   Trash Collection Set               26 us
[2026-04-03T02:50:26.025+0600][54.699s][info][gc,stats    ]   Rebuild Free Set                   53 us
[2026-04-03T02:50:26.025+0600][54.699s][info][gc,stats    ] Concurrent Cleanup                  370 us
[2026-04-03T02:50:26.025+0600][54.699s][info][gc,stats    ] Pacing                            81144 us
[2026-04-03T02:50:26.025+0600][54.699s][info][gc,stats    ] 
[2026-04-03T02:50:26.025+0600][54.699s][info][gc,stats    ] Allocation pacing accrued:
[2026-04-03T02:50:26.025+0600][54.699s][info][gc,stats    ]      10 of  1261 ms (  0.8%): executor-heartbeater
[2026-04-03T02:50:26.026+0600][54.699s][info][gc,stats    ]      10 of  1261 ms (  0.8%): Executor task launch worker for task 0.0 in stage 1834.0 (TID 3497)
[2026-04-03T02:50:26.026+0600][54.699s][info][gc,stats    ]      10 of  1261 ms (  0.8%): Executor task launch worker for task 5.0 in stage 1834.0 (TID 3502)
[2026-04-03T02:50:26.026+0600][54.699s][info][gc,stats    ]      10 of  1261 ms (  0.8%): Executor task launch worker for task 1.0 in stage 1834.0 (TID 3498)
[2026-04-03T02:50:26.026+0600][54.699s][info][gc,stats    ]      10 of  1261 ms (  0.8%): Executor task launch worker for task 2.0 in stage 1834.0 (TID 3499)
[2026-04-03T02:50:26.026+0600][54.699s][info][gc,stats    ]      10 of  1261 ms (  0.8%): Executor task launch worker for task 4.0 in stage 1834.0 (TID 3501)
[2026-04-03T02:50:26.026+0600][54.699s][info][gc,stats    ]      10 of  1261 ms (  0.8%): task-result-getter-1
[2026-04-03T02:50:26.026+0600][54.699s][info][gc,stats    ]      10 of  1261 ms (  0.8%): task-result-getter-2
[2026-04-03T02:50:26.026+0600][54.699s][info][gc,stats    ]      81 of  1261 ms (  6.4%): <total>
[2026-04-03T02:50:26.026+0600][54.699s][info][gc,stats    ]       0 of  1261 ms (  0.0%): <average total>
[2026-04-03T02:50:26.026+0600][54.699s][info][gc,stats    ]      10 of  1261 ms (  0.8%): <average non-zero>
[2026-04-03T02:50:26.026+0600][54.699s][info][gc,stats    ] 
[2026-04-03T02:50:26.026+0600][54.700s][info][gc,metaspace] Metaspace: 131188K(132672K)->131202K(132672K) NonClass: 114702K(115520K)->114716K(115520K) Class: 16486K(17152K)->16486K(17152K)
[2026-04-03T02:50:26.026+0600][54.700s][info][gc,ergo     ] Pacer for Idle. Initial: 40960K, Alloc Tax Rate: 1.0x
[2026-04-03T02:50:27.439+0600][56.113s][info][gc          ] Trigger: Average GC time (186.01 ms) is above the time for average allocation rate (1068 MB/s) to deplete free headroom (198M) (margin of error = 1.82)
[2026-04-03T02:50:27.439+0600][56.113s][info][gc,ergo     ] Free headroom: 298M (free) - 100M (spike) - 0B (penalties) = 198M
[2026-04-03T02:50:27.439+0600][56.113s][info][gc,ergo     ] Free: 298M, Max: 512K regular, 272M humongous, Frag: 9% external, 0% internal; Reserve: 100M, Max: 512K
[2026-04-03T02:50:27.439+0600][56.113s][info][gc,start    ] GC(34) Concurrent reset
[2026-04-03T02:50:27.439+0600][56.113s][info][gc,task     ] GC(34) Using 3 of 6 workers for concurrent reset
[2026-04-03T02:50:27.439+0600][56.113s][info][gc,ergo     ] GC(34) Pacer for Reset. Non-Taxable: 2000M
[2026-04-03T02:50:27.444+0600][56.118s][info][gc          ] GC(34) Concurrent reset 4.697ms
[2026-04-03T02:50:27.444+0600][56.118s][info][gc,start    ] GC(34) Pause Init Mark (unload classes)
[2026-04-03T02:50:27.444+0600][56.118s][info][gc,task     ] GC(34) Using 6 of 6 workers for init marking
[2026-04-03T02:50:27.444+0600][56.118s][info][gc,ergo     ] GC(34) Pacer for Mark. Expected Live: 92474K, Free: 292M, Non-Taxable: 30000K, Alloc Tax Rate: 0.4x
[2026-04-03T02:50:27.444+0600][56.118s][info][gc          ] GC(34) Pause Init Mark (unload classes) 0.176ms
[2026-04-03T02:50:27.445+0600][56.119s][info][gc,start    ] GC(34) Concurrent marking roots
[2026-04-03T02:50:27.445+0600][56.119s][info][gc,task     ] GC(34) Using 3 of 6 workers for concurrent marking roots
[2026-04-03T02:50:27.446+0600][56.120s][info][gc          ] GC(34) Concurrent marking roots 1.712ms
[2026-04-03T02:50:27.446+0600][56.120s][info][gc,start    ] GC(34) Concurrent marking (unload classes)
[2026-04-03T02:50:27.446+0600][56.120s][info][gc,task     ] GC(34) Using 3 of 6 workers for concurrent marking
[2026-04-03T02:50:27.513+0600][56.187s][info][gc          ] GC(34) Concurrent marking (unload classes) 66.775ms
[2026-04-03T02:50:27.513+0600][56.187s][info][gc,start    ] GC(34) Pause Final Mark (unload classes)
[2026-04-03T02:50:27.514+0600][56.187s][info][gc,task     ] GC(34) Using 6 of 6 workers for final marking
[2026-04-03T02:50:27.514+0600][56.188s][info][gc,ergo     ] GC(34) Adaptive CSet Selection. Target Free: 283M, Actual Free: 1397M, Max CSet: 85333K, Min Garbage: 0B
[2026-04-03T02:50:27.514+0600][56.188s][info][gc,ergo     ] GC(34) Collectable Garbage: 1375M (99%), Immediate: 1051M (75%), CSet: 324M (23%)
[2026-04-03T02:50:27.514+0600][56.188s][info][gc,ergo     ] GC(34) Pacer for Evacuation. Used CSet: 333M, Free: 1427M, Non-Taxable: 142M, Alloc Tax Rate: 1.1x
[2026-04-03T02:50:27.514+0600][56.188s][info][gc          ] GC(34) Pause Final Mark (unload classes) 0.823ms
[2026-04-03T02:50:27.514+0600][56.188s][info][gc,start    ] GC(34) Concurrent thread roots
[2026-04-03T02:50:27.514+0600][56.188s][info][gc,task     ] GC(34) Using 3 of 6 workers for Concurrent thread roots
[2026-04-03T02:50:27.516+0600][56.190s][info][gc          ] GC(34) Concurrent thread roots 2.062ms
[2026-04-03T02:50:27.516+0600][56.190s][info][gc,start    ] GC(34) Concurrent weak references
[2026-04-03T02:50:27.516+0600][56.190s][info][gc,task     ] GC(34) Using 3 of 6 workers for concurrent weak references
[2026-04-03T02:50:27.519+0600][56.192s][info][gc,ref      ] GC(34) Encountered references: Soft: 3785, Weak: 18240, Final: 84, Phantom: 621
[2026-04-03T02:50:27.519+0600][56.192s][info][gc,ref      ] GC(34) Discovered  references: Soft: 0, Weak: 12204, Final: 0, Phantom: 616
[2026-04-03T02:50:27.519+0600][56.192s][info][gc,ref      ] GC(34) Enqueued    references: Soft: 0, Weak: 3337, Final: 0, Phantom: 0
[2026-04-03T02:50:27.519+0600][56.192s][info][gc          ] GC(34) Concurrent weak references 2.173ms
[2026-04-03T02:50:27.519+0600][56.192s][info][gc,start    ] GC(34) Concurrent weak roots
[2026-04-03T02:50:27.519+0600][56.193s][info][gc,task     ] GC(34) Using 3 of 6 workers for concurrent weak root
[2026-04-03T02:50:27.527+0600][56.201s][info][gc          ] GC(34) Concurrent weak roots 8.286ms
[2026-04-03T02:50:27.527+0600][56.201s][info][gc,start    ] GC(34) Concurrent cleanup
[2026-04-03T02:50:27.528+0600][56.202s][info][gc          ] GC(34) Concurrent cleanup 1529M->478M(1676M) 0.931ms
[2026-04-03T02:50:27.528+0600][56.202s][info][gc,ergo     ] GC(34) Free: 1418M, Max: 512K regular, 238M humongous, Frag: 84% external, 0% internal; Reserve: 102041K, Max: 512K
[2026-04-03T02:50:27.528+0600][56.202s][info][gc,start    ] GC(34) Concurrent class unloading
[2026-04-03T02:50:27.528+0600][56.202s][info][gc,task     ] GC(34) Using 3 of 6 workers for concurrent class unloading
[2026-04-03T02:50:27.565+0600][56.239s][info][gc          ] GC(34) Concurrent class unloading 36.666ms
[2026-04-03T02:50:27.565+0600][56.239s][info][gc,start    ] GC(34) Concurrent strong roots
[2026-04-03T02:50:27.565+0600][56.239s][info][gc,task     ] GC(34) Using 3 of 6 workers for concurrent strong root
[2026-04-03T02:50:27.567+0600][56.241s][info][gc          ] GC(34) Concurrent strong roots 2.089ms
[2026-04-03T02:50:27.567+0600][56.241s][info][gc,start    ] GC(34) Concurrent evacuation
[2026-04-03T02:50:27.567+0600][56.241s][info][gc,task     ] GC(34) Using 3 of 6 workers for concurrent evacuation
[2026-04-03T02:50:27.574+0600][56.248s][info][gc          ] GC(34) Concurrent evacuation 7.135ms
[2026-04-03T02:50:27.575+0600][56.248s][info][gc,start    ] GC(34) Pause Init Update Refs
[2026-04-03T02:50:27.575+0600][56.249s][info][gc,ergo     ] GC(34) Pacer for Update Refs. Used: 533M, Free: 1371M, Non-Taxable: 137M, Alloc Tax Rate: 1.1x
[2026-04-03T02:50:27.575+0600][56.249s][info][gc          ] GC(34) Pause Init Update Refs 0.435ms
[2026-04-03T02:50:27.575+0600][56.249s][info][gc,start    ] GC(34) Concurrent update references
[2026-04-03T02:50:27.575+0600][56.249s][info][gc,task     ] GC(34) Using 3 of 6 workers for concurrent reference update
[2026-04-03T02:50:27.626+0600][56.300s][info][gc          ] GC(34) Concurrent update references 50.936ms
[2026-04-03T02:50:27.626+0600][56.300s][info][gc,start    ] GC(34) Concurrent update thread roots
[2026-04-03T02:50:27.628+0600][56.301s][info][gc          ] GC(34) Concurrent update thread roots 1.267ms
[2026-04-03T02:50:27.628+0600][56.302s][info][gc,start    ] GC(34) Pause Final Update Refs
[2026-04-03T02:50:27.628+0600][56.302s][info][gc,task     ] GC(34) Using 6 of 6 workers for final reference update
[2026-04-03T02:50:27.628+0600][56.302s][info][gc          ] GC(34) Pause Final Update Refs 0.260ms
[2026-04-03T02:50:27.628+0600][56.302s][info][gc,start    ] GC(34) Concurrent cleanup
[2026-04-03T02:50:27.628+0600][56.302s][info][gc          ] GC(34) Concurrent cleanup 554M->220M(1676M) 0.379ms
[2026-04-03T02:50:27.629+0600][56.302s][info][gc,ergo     ] Free: 1671M, Max: 512K regular, 1023M humongous, Frag: 39% external, 0% internal; Reserve: 100M, Max: 512K
[2026-04-03T02:50:27.629+0600][56.302s][info][gc,stats    ] 
[2026-04-03T02:50:27.629+0600][56.302s][info][gc,stats    ] All times are wall-clock times, except per-root-class counters, that are sum over
[2026-04-03T02:50:27.629+0600][56.302s][info][gc,stats    ] all workers. Dividing the <total> over the root stage time estimates parallelism.
[2026-04-03T02:50:27.629+0600][56.302s][info][gc,stats    ] 
[2026-04-03T02:50:27.629+0600][56.302s][info][gc,stats    ] Concurrent Reset                   4755 us
[2026-04-03T02:50:27.629+0600][56.302s][info][gc,stats    ] Pause Init Mark (G)                 586 us
[2026-04-03T02:50:27.629+0600][56.302s][info][gc,stats    ] Pause Init Mark (N)                 186 us
[2026-04-03T02:50:27.629+0600][56.303s][info][gc,stats    ]   Update Region States               55 us
[2026-04-03T02:50:27.629+0600][56.303s][info][gc,stats    ] Concurrent Mark Roots              1771 us, parallelism: 1.86x
[2026-04-03T02:50:27.629+0600][56.303s][info][gc,stats    ]   CMR: <total>                     3302 us
[2026-04-03T02:50:27.629+0600][56.303s][info][gc,stats    ]   CMR: Thread Roots                2760 us, workers (us): 1079, 591, 1090, ---, ---, ---, 
[2026-04-03T02:50:27.629+0600][56.303s][info][gc,stats    ]   CMR: VM Strong Roots               59 us, workers (us):  56,   1,   1, ---, ---, ---, 
[2026-04-03T02:50:27.629+0600][56.303s][info][gc,stats    ]   CMR: CLDG Roots                   484 us, workers (us): ---, 484, ---, ---, ---, ---, 
[2026-04-03T02:50:27.629+0600][56.303s][info][gc,stats    ] Concurrent Marking                66874 us
[2026-04-03T02:50:27.629+0600][56.303s][info][gc,stats    ] Pause Final Mark (G)               1039 us
[2026-04-03T02:50:27.629+0600][56.303s][info][gc,stats    ] Pause Final Mark (N)                836 us
[2026-04-03T02:50:27.629+0600][56.303s][info][gc,stats    ]   Finish Mark                       232 us
[2026-04-03T02:50:27.629+0600][56.303s][info][gc,stats    ]   Update Region States               60 us
[2026-04-03T02:50:27.629+0600][56.303s][info][gc,stats    ]   Choose Collection Set             323 us
[2026-04-03T02:50:27.629+0600][56.303s][info][gc,stats    ]   Rebuild Free Set                   55 us
[2026-04-03T02:50:27.629+0600][56.303s][info][gc,stats    ] Concurrent Thread Roots            2107 us, parallelism: 2.39x
[2026-04-03T02:50:27.629+0600][56.303s][info][gc,stats    ]   CTR: <total>                     5043 us
[2026-04-03T02:50:27.629+0600][56.303s][info][gc,stats    ]   CTR: Thread Roots                5043 us, workers (us): 1972, 1775, 1296, ---, ---, ---, 
[2026-04-03T02:50:27.629+0600][56.303s][info][gc,stats    ] Concurrent Weak References         2189 us, parallelism: 1.09x
[2026-04-03T02:50:27.629+0600][56.303s][info][gc,stats    ]   CWRF: <total>                    2376 us
[2026-04-03T02:50:27.629+0600][56.303s][info][gc,stats    ]   CWRF: Weak References            2376 us, workers (us): 2026, 349,   0, ---, ---, ---, 
[2026-04-03T02:50:27.629+0600][56.303s][info][gc,stats    ] Concurrent Weak Roots              8418 us
[2026-04-03T02:50:27.629+0600][56.303s][info][gc,stats    ]   Roots                            7840 us, parallelism: 2.40x
[2026-04-03T02:50:27.629+0600][56.303s][info][gc,stats    ]     CWR: <total>                  18853 us
[2026-04-03T02:50:27.629+0600][56.303s][info][gc,stats    ]     CWR: Code Cache Roots         12691 us, workers (us): 5186, 2642, 4863, ---, ---, ---, 
[2026-04-03T02:50:27.629+0600][56.303s][info][gc,stats    ]     CWR: VM Weak Roots             5944 us, workers (us): 1640, 3408, 897, ---, ---, ---, 
[2026-04-03T02:50:27.629+0600][56.303s][info][gc,stats    ]     CWR: CLDG Roots                 218 us, workers (us): ---, ---, 218, ---, ---, ---, 
[2026-04-03T02:50:27.629+0600][56.303s][info][gc,stats    ]   Rendezvous                        415 us
[2026-04-03T02:50:27.629+0600][56.303s][info][gc,stats    ] Concurrent Cleanup                  981 us
[2026-04-03T02:50:27.629+0600][56.303s][info][gc,stats    ] Concurrent Class Unloading        36797 us
[2026-04-03T02:50:27.629+0600][56.303s][info][gc,stats    ]   Unlink Stale                    29870 us
[2026-04-03T02:50:27.629+0600][56.303s][info][gc,stats    ]     System Dictionary               344 us
[2026-04-03T02:50:27.629+0600][56.303s][info][gc,stats    ]     Weak Class Links                  1 us
[2026-04-03T02:50:27.629+0600][56.303s][info][gc,stats    ]     Code Roots                    29519 us
[2026-04-03T02:50:27.629+0600][56.303s][info][gc,stats    ]   Rendezvous                        853 us
[2026-04-03T02:50:27.629+0600][56.303s][info][gc,stats    ]   Purge Unlinked                   5895 us
[2026-04-03T02:50:27.629+0600][56.303s][info][gc,stats    ]     Code Roots                     5851 us
[2026-04-03T02:50:27.629+0600][56.303s][info][gc,stats    ]     CLDG                             41 us
[2026-04-03T02:50:27.629+0600][56.303s][info][gc,stats    ]     Exception Caches                  1 us
[2026-04-03T02:50:27.629+0600][56.303s][info][gc,stats    ] Concurrent Strong Roots            2171 us, parallelism: 0.71x
[2026-04-03T02:50:27.629+0600][56.303s][info][gc,stats    ]   CSR: <total>                     1548 us
[2026-04-03T02:50:27.629+0600][56.303s][info][gc,stats    ]   CSR: VM Strong Roots               69 us, workers (us):  56,  14,   0, ---, ---, ---, 
[2026-04-03T02:50:27.629+0600][56.303s][info][gc,stats    ]   CSR: CLDG Roots                  1478 us, workers (us): ---, 1478, ---, ---, ---, ---, 
[2026-04-03T02:50:27.629+0600][56.303s][info][gc,stats    ] Concurrent Evacuation              7284 us
[2026-04-03T02:50:27.629+0600][56.303s][info][gc,stats    ] Pause Init Update Refs (G)          815 us
[2026-04-03T02:50:27.629+0600][56.303s][info][gc,stats    ] Pause Init Update Refs (N)          454 us
[2026-04-03T02:50:27.629+0600][56.303s][info][gc,stats    ]   Manage GCLABs                      83 us
[2026-04-03T02:50:27.629+0600][56.303s][info][gc,stats    ] Concurrent Update Refs            51025 us
[2026-04-03T02:50:27.629+0600][56.303s][info][gc,stats    ] Concurrent Update Thread Roots     1317 us
[2026-04-03T02:50:27.629+0600][56.303s][info][gc,stats    ] Pause Final Update Refs (G)         513 us
[2026-04-03T02:50:27.629+0600][56.303s][info][gc,stats    ] Pause Final Update Refs (N)         275 us
[2026-04-03T02:50:27.629+0600][56.303s][info][gc,stats    ]   Update Region States               69 us
[2026-04-03T02:50:27.629+0600][56.303s][info][gc,stats    ]   Trash Collection Set               26 us
[2026-04-03T02:50:27.629+0600][56.303s][info][gc,stats    ]   Rebuild Free Set                   79 us
[2026-04-03T02:50:27.629+0600][56.303s][info][gc,stats    ] Concurrent Cleanup                  402 us
[2026-04-03T02:50:27.629+0600][56.303s][info][gc,stats    ] Pacing                            83432 us
[2026-04-03T02:50:27.629+0600][56.303s][info][gc,stats    ] 
[2026-04-03T02:50:27.629+0600][56.303s][info][gc,stats    ] Allocation pacing accrued:
[2026-04-03T02:50:27.629+0600][56.303s][info][gc,stats    ]      10 of  1604 ms (  0.6%): Executor task launch worker for task 0.0 in stage 1989.0 (TID 3705)
[2026-04-03T02:50:27.629+0600][56.303s][info][gc,stats    ]      10 of  1604 ms (  0.6%): Executor task launch worker for task 3.0 in stage 1989.0 (TID 3708)
[2026-04-03T02:50:27.629+0600][56.303s][info][gc,stats    ]      11 of  1604 ms (  0.7%): Executor task launch worker for task 4.0 in stage 1989.0 (TID 3709)
[2026-04-03T02:50:27.629+0600][56.303s][info][gc,stats    ]      10 of  1604 ms (  0.7%): Executor task launch worker for task 5.0 in stage 1989.0 (TID 3710)
[2026-04-03T02:50:27.629+0600][56.303s][info][gc,stats    ]      10 of  1604 ms (  0.6%): Executor task launch worker for task 0.0 in stage 1992.0 (TID 3713)
[2026-04-03T02:50:27.629+0600][56.303s][info][gc,stats    ]      10 of  1604 ms (  0.6%): Executor task launch worker for task 1.0 in stage 1989.0 (TID 3706)
[2026-04-03T02:50:27.629+0600][56.303s][info][gc,stats    ]      11 of  1604 ms (  0.7%): Executor task launch worker for task 2.0 in stage 1989.0 (TID 3707)
[2026-04-03T02:50:27.629+0600][56.303s][info][gc,stats    ]      10 of  1604 ms (  0.6%): Executor task launch worker for task 6.0 in stage 1989.0 (TID 3711)
[2026-04-03T02:50:27.629+0600][56.303s][info][gc,stats    ]      83 of  1604 ms (  5.2%): <total>
[2026-04-03T02:50:27.629+0600][56.303s][info][gc,stats    ]       0 of  1604 ms (  0.0%): <average total>
[2026-04-03T02:50:27.629+0600][56.303s][info][gc,stats    ]      10 of  1604 ms (  0.7%): <average non-zero>
[2026-04-03T02:50:27.629+0600][56.303s][info][gc,stats    ] 
[2026-04-03T02:50:27.629+0600][56.303s][info][gc,metaspace] Metaspace: 131265K(132672K)->131265K(132672K) NonClass: 114766K(115520K)->114766K(115520K) Class: 16498K(17152K)->16498K(17152K)
[2026-04-03T02:50:27.629+0600][56.303s][info][gc,ergo     ] Pacer for Idle. Initial: 40960K, Alloc Tax Rate: 1.0x
[2026-04-03T02:50:27.832+0600][56.506s][info][gc          ] Trigger: Average GC time (204.57 ms) is above the time for instantaneous allocation rate (3927 MB/s) to deplete free headroom (801M) (spike threshold = 1.77)
[2026-04-03T02:50:27.832+0600][56.506s][info][gc,ergo     ] Free: 901M, Max: 512K regular, 597M humongous, Frag: 34% external, 0% internal; Reserve: 100M, Max: 512K
[2026-04-03T02:50:27.832+0600][56.506s][info][gc,start    ] GC(35) Concurrent reset
[2026-04-03T02:50:27.832+0600][56.506s][info][gc,task     ] GC(35) Using 3 of 6 workers for concurrent reset
[2026-04-03T02:50:27.832+0600][56.506s][info][gc,ergo     ] GC(35) Pacer for Reset. Non-Taxable: 2000M
[2026-04-03T02:50:27.840+0600][56.514s][info][gc          ] GC(35) Concurrent reset 8.128ms
[2026-04-03T02:50:27.841+0600][56.514s][info][gc,start    ] GC(35) Pause Init Mark (unload classes)
[2026-04-03T02:50:27.841+0600][56.515s][info][gc,task     ] GC(35) Using 6 of 6 workers for init marking
[2026-04-03T02:50:27.841+0600][56.515s][info][gc,ergo     ] GC(35) Pacer for Mark. Expected Live: 93155K, Free: 884M, Non-Taxable: 90557K, Alloc Tax Rate: 0.1x
[2026-04-03T02:50:27.841+0600][56.515s][info][gc          ] GC(35) Pause Init Mark (unload classes) 0.174ms
[2026-04-03T02:50:27.841+0600][56.515s][info][gc,start    ] GC(35) Concurrent marking roots
[2026-04-03T02:50:27.841+0600][56.515s][info][gc,task     ] GC(35) Using 3 of 6 workers for concurrent marking roots
[2026-04-03T02:50:27.843+0600][56.517s][info][gc          ] GC(35) Concurrent marking roots 2.058ms
[2026-04-03T02:50:27.843+0600][56.517s][info][gc,start    ] GC(35) Concurrent marking (unload classes)
[2026-04-03T02:50:27.843+0600][56.517s][info][gc,task     ] GC(35) Using 3 of 6 workers for concurrent marking
[2026-04-03T02:50:27.901+0600][56.575s][info][gc          ] GC(35) Concurrent marking (unload classes) 57.857ms
[2026-04-03T02:50:27.901+0600][56.575s][info][gc,start    ] GC(35) Pause Final Mark (unload classes)
[2026-04-03T02:50:27.901+0600][56.575s][info][gc,task     ] GC(35) Using 6 of 6 workers for final marking
[2026-04-03T02:50:27.902+0600][56.576s][info][gc,ergo     ] GC(35) Adaptive CSet Selection. Target Free: 283M, Actual Free: 1666M, Max CSet: 85333K, Min Garbage: 0B
[2026-04-03T02:50:27.902+0600][56.576s][info][gc,ergo     ] GC(35) Collectable Garbage: 827M (98%), Immediate: 726M (86%), CSet: 101M (12%)
[2026-04-03T02:50:27.902+0600][56.576s][info][gc,ergo     ] GC(35) Pacer for Evacuation. Used CSet: 107M, Free: 1652M, Non-Taxable: 165M, Alloc Tax Rate: 1.1x
[2026-04-03T02:50:27.902+0600][56.576s][info][gc          ] GC(35) Pause Final Mark (unload classes) 0.730ms
[2026-04-03T02:50:27.902+0600][56.576s][info][gc,start    ] GC(35) Concurrent thread roots
[2026-04-03T02:50:27.902+0600][56.576s][info][gc,task     ] GC(35) Using 3 of 6 workers for Concurrent thread roots
[2026-04-03T02:50:27.904+0600][56.578s][info][gc          ] GC(35) Concurrent thread roots 1.954ms
[2026-04-03T02:50:27.904+0600][56.578s][info][gc,start    ] GC(35) Concurrent weak references
[2026-04-03T02:50:27.904+0600][56.578s][info][gc,task     ] GC(35) Using 3 of 6 workers for concurrent weak references
[2026-04-03T02:50:27.905+0600][56.579s][info][gc,ref      ] GC(35) Encountered references: Soft: 3791, Weak: 15514, Final: 84, Phantom: 621
[2026-04-03T02:50:27.905+0600][56.579s][info][gc,ref      ] GC(35) Discovered  references: Soft: 0, Weak: 4926, Final: 0, Phantom: 616
[2026-04-03T02:50:27.905+0600][56.579s][info][gc,ref      ] GC(35) Enqueued    references: Soft: 0, Weak: 801, Final: 0, Phantom: 0
[2026-04-03T02:50:27.905+0600][56.579s][info][gc          ] GC(35) Concurrent weak references 0.932ms
[2026-04-03T02:50:27.905+0600][56.579s][info][gc,start    ] GC(35) Concurrent weak roots
[2026-04-03T02:50:27.905+0600][56.579s][info][gc,task     ] GC(35) Using 3 of 6 workers for concurrent weak root
[2026-04-03T02:50:27.912+0600][56.586s][info][gc          ] GC(35) Concurrent weak roots 6.663ms
[2026-04-03T02:50:27.912+0600][56.586s][info][gc,start    ] GC(35) Concurrent cleanup
[2026-04-03T02:50:27.913+0600][56.587s][info][gc          ] GC(35) Concurrent cleanup 975M->251M(1676M) 1.316ms
[2026-04-03T02:50:27.913+0600][56.587s][info][gc,ergo     ] GC(35) Free: 1642M, Max: 512K regular, 530M humongous, Frag: 68% external, 0% internal; Reserve: 102113K, Max: 512K
[2026-04-03T02:50:27.913+0600][56.587s][info][gc,start    ] GC(35) Concurrent class unloading
[2026-04-03T02:50:27.913+0600][56.587s][info][gc,task     ] GC(35) Using 3 of 6 workers for concurrent class unloading
[2026-04-03T02:50:27.943+0600][56.617s][info][gc          ] GC(35) Concurrent class unloading 29.676ms
[2026-04-03T02:50:27.943+0600][56.617s][info][gc,start    ] GC(35) Concurrent strong roots
[2026-04-03T02:50:27.943+0600][56.617s][info][gc,task     ] GC(35) Using 3 of 6 workers for concurrent strong root
[2026-04-03T02:50:27.945+0600][56.619s][info][gc          ] GC(35) Concurrent strong roots 2.038ms
[2026-04-03T02:50:27.945+0600][56.619s][info][gc,start    ] GC(35) Concurrent evacuation
[2026-04-03T02:50:27.945+0600][56.619s][info][gc,task     ] GC(35) Using 3 of 6 workers for concurrent evacuation
[2026-04-03T02:50:27.950+0600][56.624s][info][gc          ] GC(35) Concurrent evacuation 4.800ms
[2026-04-03T02:50:27.951+0600][56.624s][info][gc,start    ] GC(35) Pause Init Update Refs
[2026-04-03T02:50:27.951+0600][56.625s][info][gc,ergo     ] GC(35) Pacer for Update Refs. Used: 284M, Free: 1612M, Non-Taxable: 161M, Alloc Tax Rate: 1.1x
[2026-04-03T02:50:27.951+0600][56.625s][info][gc          ] GC(35) Pause Init Update Refs 0.249ms
[2026-04-03T02:50:27.952+0600][56.626s][info][gc,start    ] GC(35) Concurrent update references
[2026-04-03T02:50:27.952+0600][56.626s][info][gc,task     ] GC(35) Using 3 of 6 workers for concurrent reference update
[2026-04-03T02:50:27.998+0600][56.672s][info][gc          ] GC(35) Concurrent update references 46.156ms
[2026-04-03T02:50:27.998+0600][56.672s][info][gc,start    ] GC(35) Concurrent update thread roots
[2026-04-03T02:50:28.000+0600][56.674s][info][gc          ] GC(35) Concurrent update thread roots 1.325ms
[2026-04-03T02:50:28.000+0600][56.674s][info][gc,start    ] GC(35) Pause Final Update Refs
[2026-04-03T02:50:28.000+0600][56.674s][info][gc,task     ] GC(35) Using 6 of 6 workers for final reference update
[2026-04-03T02:50:28.000+0600][56.674s][info][gc          ] GC(35) Pause Final Update Refs 0.207ms
[2026-04-03T02:50:28.000+0600][56.674s][info][gc,start    ] GC(35) Concurrent cleanup
[2026-04-03T02:50:28.001+0600][56.674s][info][gc          ] GC(35) Concurrent cleanup 303M->195M(1676M) 0.276ms
[2026-04-03T02:50:28.001+0600][56.674s][info][gc,ergo     ] Free: 1689M, Max: 512K regular, 885M humongous, Frag: 48% external, 0% internal; Reserve: 100M, Max: 512K
[2026-04-03T02:50:28.001+0600][56.675s][info][gc,stats    ] 
[2026-04-03T02:50:28.001+0600][56.675s][info][gc,stats    ] All times are wall-clock times, except per-root-class counters, that are sum over
[2026-04-03T02:50:28.001+0600][56.675s][info][gc,stats    ] all workers. Dividing the <total> over the root stage time estimates parallelism.
[2026-04-03T02:50:28.001+0600][56.675s][info][gc,stats    ] 
[2026-04-03T02:50:28.001+0600][56.675s][info][gc,stats    ] Concurrent Reset                   8232 us
[2026-04-03T02:50:28.001+0600][56.675s][info][gc,stats    ] Pause Init Mark (G)                 413 us
[2026-04-03T02:50:28.001+0600][56.675s][info][gc,stats    ] Pause Init Mark (N)                 204 us
[2026-04-03T02:50:28.001+0600][56.675s][info][gc,stats    ]   Update Region States               61 us
[2026-04-03T02:50:28.001+0600][56.675s][info][gc,stats    ] Concurrent Mark Roots              2134 us, parallelism: 1.83x
[2026-04-03T02:50:28.001+0600][56.675s][info][gc,stats    ]   CMR: <total>                     3901 us
[2026-04-03T02:50:28.001+0600][56.675s][info][gc,stats    ]   CMR: Thread Roots                3345 us, workers (us): 881, 1291, 1174, ---, ---, ---, 
[2026-04-03T02:50:28.001+0600][56.675s][info][gc,stats    ]   CMR: VM Strong Roots               60 us, workers (us):  58,   1,   1, ---, ---, ---, 
[2026-04-03T02:50:28.001+0600][56.675s][info][gc,stats    ]   CMR: CLDG Roots                   496 us, workers (us): 496, ---, ---, ---, ---, ---, 
[2026-04-03T02:50:28.001+0600][56.675s][info][gc,stats    ] Concurrent Marking                57961 us
[2026-04-03T02:50:28.001+0600][56.675s][info][gc,stats    ] Pause Final Mark (G)               1075 us
[2026-04-03T02:50:28.001+0600][56.675s][info][gc,stats    ] Pause Final Mark (N)                742 us
[2026-04-03T02:50:28.001+0600][56.675s][info][gc,stats    ]   Finish Mark                       211 us
[2026-04-03T02:50:28.001+0600][56.675s][info][gc,stats    ]   Update Region States               61 us
[2026-04-03T02:50:28.001+0600][56.675s][info][gc,stats    ]   Choose Collection Set             217 us
[2026-04-03T02:50:28.001+0600][56.675s][info][gc,stats    ]   Rebuild Free Set                   49 us
[2026-04-03T02:50:28.001+0600][56.675s][info][gc,stats    ] Concurrent Thread Roots            2021 us, parallelism: 2.58x
[2026-04-03T02:50:28.001+0600][56.675s][info][gc,stats    ]   CTR: <total>                     5214 us
[2026-04-03T02:50:28.001+0600][56.675s][info][gc,stats    ]   CTR: Thread Roots                5214 us, workers (us): 1778, 1735, 1701, ---, ---, ---, 
[2026-04-03T02:50:28.001+0600][56.675s][info][gc,stats    ] Concurrent Weak References          949 us, parallelism: 0.99x
[2026-04-03T02:50:28.001+0600][56.675s][info][gc,stats    ]   CWRF: <total>                     936 us
[2026-04-03T02:50:28.001+0600][56.675s][info][gc,stats    ]   CWRF: Weak References             936 us, workers (us): 228, 707,   0, ---, ---, ---, 
[2026-04-03T02:50:28.001+0600][56.675s][info][gc,stats    ] Concurrent Weak Roots              6778 us
[2026-04-03T02:50:28.001+0600][56.675s][info][gc,stats    ]   Roots                            6090 us, parallelism: 2.70x
[2026-04-03T02:50:28.001+0600][56.675s][info][gc,stats    ]     CWR: <total>                  16472 us
[2026-04-03T02:50:28.001+0600][56.675s][info][gc,stats    ]     CWR: Code Cache Roots         12915 us, workers (us): 4218, 4418, 4280, ---, ---, ---, 
[2026-04-03T02:50:28.001+0600][56.675s][info][gc,stats    ]     CWR: VM Weak Roots             3291 us, workers (us): 1242, 1169, 880, ---, ---, ---, 
[2026-04-03T02:50:28.001+0600][56.675s][info][gc,stats    ]     CWR: CLDG Roots                 265 us, workers (us): 265, ---, ---, ---, ---, ---, 
[2026-04-03T02:50:28.001+0600][56.675s][info][gc,stats    ]   Rendezvous                        531 us
[2026-04-03T02:50:28.001+0600][56.675s][info][gc,stats    ] Concurrent Cleanup                 1370 us
[2026-04-03T02:50:28.001+0600][56.675s][info][gc,stats    ] Concurrent Class Unloading        29818 us
[2026-04-03T02:50:28.001+0600][56.675s][info][gc,stats    ]   Unlink Stale                    22674 us
[2026-04-03T02:50:28.001+0600][56.675s][info][gc,stats    ]     System Dictionary               319 us
[2026-04-03T02:50:28.001+0600][56.675s][info][gc,stats    ]     Weak Class Links                  0 us
[2026-04-03T02:50:28.001+0600][56.675s][info][gc,stats    ]     Code Roots                    22349 us
[2026-04-03T02:50:28.001+0600][56.675s][info][gc,stats    ]   Rendezvous                       4522 us
[2026-04-03T02:50:28.001+0600][56.675s][info][gc,stats    ]   Purge Unlinked                   2436 us
[2026-04-03T02:50:28.001+0600][56.675s][info][gc,stats    ]     Code Roots                     2407 us
[2026-04-03T02:50:28.001+0600][56.675s][info][gc,stats    ]     CLDG                             27 us
[2026-04-03T02:50:28.001+0600][56.675s][info][gc,stats    ]     Exception Caches                  1 us
[2026-04-03T02:50:28.001+0600][56.675s][info][gc,stats    ] Concurrent Strong Roots            2130 us, parallelism: 0.75x
[2026-04-03T02:50:28.001+0600][56.675s][info][gc,stats    ]   CSR: <total>                     1594 us
[2026-04-03T02:50:28.001+0600][56.675s][info][gc,stats    ]   CSR: VM Strong Roots               61 us, workers (us):  40,  20,   0, ---, ---, ---, 
[2026-04-03T02:50:28.001+0600][56.675s][info][gc,stats    ]   CSR: CLDG Roots                  1534 us, workers (us): 1534, ---, ---, ---, ---, ---, 
[2026-04-03T02:50:28.001+0600][56.675s][info][gc,stats    ] Concurrent Evacuation              4940 us
[2026-04-03T02:50:28.001+0600][56.675s][info][gc,stats    ] Pause Init Update Refs (G)         1913 us
[2026-04-03T02:50:28.001+0600][56.675s][info][gc,stats    ] Pause Init Update Refs (N)          270 us
[2026-04-03T02:50:28.001+0600][56.675s][info][gc,stats    ]   Manage GCLABs                      98 us
[2026-04-03T02:50:28.001+0600][56.675s][info][gc,stats    ] Concurrent Update Refs            46238 us
[2026-04-03T02:50:28.001+0600][56.675s][info][gc,stats    ] Concurrent Update Thread Roots     1374 us
[2026-04-03T02:50:28.001+0600][56.675s][info][gc,stats    ] Pause Final Update Refs (G)         494 us
[2026-04-03T02:50:28.001+0600][56.675s][info][gc,stats    ] Pause Final Update Refs (N)         219 us
[2026-04-03T02:50:28.001+0600][56.675s][info][gc,stats    ]   Update Region States               53 us
[2026-04-03T02:50:28.001+0600][56.675s][info][gc,stats    ]   Trash Collection Set               13 us
[2026-04-03T02:50:28.001+0600][56.675s][info][gc,stats    ]   Rebuild Free Set                   43 us
[2026-04-03T02:50:28.001+0600][56.675s][info][gc,stats    ] Concurrent Cleanup                  297 us
[2026-04-03T02:50:28.001+0600][56.675s][info][gc,stats    ] 
[2026-04-03T02:50:28.001+0600][56.675s][info][gc,stats    ] Allocation pacing accrued:
[2026-04-03T02:50:28.001+0600][56.675s][info][gc,stats    ]       0 of   372 ms (  0.0%): <total>
[2026-04-03T02:50:28.001+0600][56.675s][info][gc,stats    ]       0 of   372 ms (  0.0%): <average total>
[2026-04-03T02:50:28.001+0600][56.675s][info][gc,stats    ] 
[2026-04-03T02:50:28.001+0600][56.675s][info][gc,metaspace] Metaspace: 131274K(132672K)->131274K(132672K) NonClass: 114774K(115520K)->114774K(115520K) Class: 16499K(17152K)->16499K(17152K)
[2026-04-03T02:50:28.001+0600][56.675s][info][gc,ergo     ] Pacer for Idle. Initial: 40960K, Alloc Tax Rate: 1.0x
[2026-04-03T02:50:29.511+0600][58.185s][info][gc          ] Trigger: Average GC time (193.59 ms) is above the time for average allocation rate (978 MB/s) to deplete free headroom (169M) (margin of error = 1.82)
[2026-04-03T02:50:29.511+0600][58.185s][info][gc,ergo     ] Free headroom: 269M (free) - 100M (spike) - 0B (penalties) = 169M
[2026-04-03T02:50:29.511+0600][58.185s][info][gc,ergo     ] Free: 269M, Max: 512K regular, 268M humongous, Frag: 0% external, 0% internal; Reserve: 100M, Max: 512K
[2026-04-03T02:50:29.512+0600][58.185s][info][gc,start    ] GC(36) Concurrent reset
[2026-04-03T02:50:29.512+0600][58.185s][info][gc,task     ] GC(36) Using 3 of 6 workers for concurrent reset
[2026-04-03T02:50:29.512+0600][58.185s][info][gc,ergo     ] GC(36) Pacer for Reset. Non-Taxable: 2000M
[2026-04-03T02:50:29.513+0600][58.187s][info][gc          ] GC(36) Concurrent reset 1.599ms
[2026-04-03T02:50:29.513+0600][58.187s][info][gc,start    ] GC(36) Pause Init Mark (unload classes)
[2026-04-03T02:50:29.513+0600][58.187s][info][gc,task     ] GC(36) Using 6 of 6 workers for init marking
[2026-04-03T02:50:29.513+0600][58.187s][info][gc,ergo     ] GC(36) Pacer for Mark. Expected Live: 93947K, Free: 267M, Non-Taxable: 27371K, Alloc Tax Rate: 0.4x
[2026-04-03T02:50:29.513+0600][58.187s][info][gc          ] GC(36) Pause Init Mark (unload classes) 0.122ms
[2026-04-03T02:50:29.514+0600][58.187s][info][gc,start    ] GC(36) Concurrent marking roots
[2026-04-03T02:50:29.514+0600][58.187s][info][gc,task     ] GC(36) Using 3 of 6 workers for concurrent marking roots
[2026-04-03T02:50:29.515+0600][58.189s][info][gc          ] GC(36) Concurrent marking roots 1.793ms
[2026-04-03T02:50:29.515+0600][58.189s][info][gc,start    ] GC(36) Concurrent marking (unload classes)
[2026-04-03T02:50:29.515+0600][58.189s][info][gc,task     ] GC(36) Using 3 of 6 workers for concurrent marking
[2026-04-03T02:50:29.578+0600][58.252s][info][gc          ] GC(36) Concurrent marking (unload classes) 62.505ms
[2026-04-03T02:50:29.578+0600][58.252s][info][gc,start    ] GC(36) Pause Final Mark (unload classes)
[2026-04-03T02:50:29.578+0600][58.252s][info][gc,task     ] GC(36) Using 6 of 6 workers for final marking
[2026-04-03T02:50:29.579+0600][58.253s][info][gc,ergo     ] GC(36) Adaptive CSet Selection. Target Free: 283M, Actual Free: 1426M, Max CSet: 85333K, Min Garbage: 0B
[2026-04-03T02:50:29.579+0600][58.253s][info][gc,ergo     ] GC(36) Collectable Garbage: 1396M (99%), Immediate: 1100M (78%), CSet: 296M (21%)
[2026-04-03T02:50:29.579+0600][58.253s][info][gc,ergo     ] GC(36) Pacer for Evacuation. Used CSet: 304M, Free: 1462M, Non-Taxable: 146M, Alloc Tax Rate: 1.1x
[2026-04-03T02:50:29.579+0600][58.253s][info][gc          ] GC(36) Pause Final Mark (unload classes) 0.836ms
[2026-04-03T02:50:29.579+0600][58.253s][info][gc,start    ] GC(36) Concurrent thread roots
[2026-04-03T02:50:29.579+0600][58.253s][info][gc,task     ] GC(36) Using 3 of 6 workers for Concurrent thread roots
[2026-04-03T02:50:29.580+0600][58.254s][info][gc          ] GC(36) Concurrent thread roots 1.190ms
[2026-04-03T02:50:29.580+0600][58.254s][info][gc,start    ] GC(36) Concurrent weak references
[2026-04-03T02:50:29.580+0600][58.254s][info][gc,task     ] GC(36) Using 3 of 6 workers for concurrent weak references
[2026-04-03T02:50:29.582+0600][58.255s][info][gc,ref      ] GC(36) Encountered references: Soft: 3791, Weak: 16893, Final: 84, Phantom: 621
[2026-04-03T02:50:29.582+0600][58.256s][info][gc,ref      ] GC(36) Discovered  references: Soft: 0, Weak: 11155, Final: 0, Phantom: 616
[2026-04-03T02:50:29.582+0600][58.256s][info][gc,ref      ] GC(36) Enqueued    references: Soft: 0, Weak: 1990, Final: 0, Phantom: 0
[2026-04-03T02:50:29.582+0600][58.256s][info][gc          ] GC(36) Concurrent weak references 1.357ms
[2026-04-03T02:50:29.582+0600][58.256s][info][gc,start    ] GC(36) Concurrent weak roots
[2026-04-03T02:50:29.582+0600][58.256s][info][gc,task     ] GC(36) Using 3 of 6 workers for concurrent weak root
[2026-04-03T02:50:29.586+0600][58.260s][info][gc          ] GC(36) Concurrent weak roots 4.263ms
[2026-04-03T02:50:29.586+0600][58.260s][info][gc,start    ] GC(36) Concurrent cleanup
[2026-04-03T02:50:29.587+0600][58.261s][info][gc          ] GC(36) Concurrent cleanup 1533M->433M(1686M) 0.949ms
[2026-04-03T02:50:29.587+0600][58.261s][info][gc,ergo     ] GC(36) Free: 1461M, Max: 512K regular, 225M humongous, Frag: 85% external, 0% internal; Reserve: 101916K, Max: 512K
[2026-04-03T02:50:29.587+0600][58.261s][info][gc,start    ] GC(36) Concurrent class unloading
[2026-04-03T02:50:29.587+0600][58.261s][info][gc,task     ] GC(36) Using 3 of 6 workers for concurrent class unloading
[2026-04-03T02:50:29.607+0600][58.281s][info][gc          ] GC(36) Concurrent class unloading 19.608ms
[2026-04-03T02:50:29.607+0600][58.281s][info][gc,start    ] GC(36) Concurrent strong roots
[2026-04-03T02:50:29.607+0600][58.281s][info][gc,task     ] GC(36) Using 3 of 6 workers for concurrent strong root
[2026-04-03T02:50:29.608+0600][58.282s][info][gc          ] GC(36) Concurrent strong roots 1.384ms
[2026-04-03T02:50:29.608+0600][58.282s][info][gc,start    ] GC(36) Concurrent evacuation
[2026-04-03T02:50:29.608+0600][58.282s][info][gc,task     ] GC(36) Using 3 of 6 workers for concurrent evacuation
[2026-04-03T02:50:29.616+0600][58.290s][info][gc          ] GC(36) Concurrent evacuation 7.767ms
[2026-04-03T02:50:29.616+0600][58.290s][info][gc,start    ] GC(36) Pause Init Update Refs
[2026-04-03T02:50:29.617+0600][58.290s][info][gc,ergo     ] GC(36) Pacer for Update Refs. Used: 458M, Free: 1445M, Non-Taxable: 144M, Alloc Tax Rate: 1.1x
[2026-04-03T02:50:29.617+0600][58.291s][info][gc          ] GC(36) Pause Init Update Refs 0.180ms
[2026-04-03T02:50:29.617+0600][58.291s][info][gc,start    ] GC(36) Concurrent update references
[2026-04-03T02:50:29.617+0600][58.291s][info][gc,task     ] GC(36) Using 3 of 6 workers for concurrent reference update
[2026-04-03T02:50:29.667+0600][58.340s][info][gc          ] GC(36) Concurrent update references 49.535ms
[2026-04-03T02:50:29.667+0600][58.341s][info][gc,start    ] GC(36) Concurrent update thread roots
[2026-04-03T02:50:29.668+0600][58.342s][info][gc          ] GC(36) Concurrent update thread roots 1.217ms
[2026-04-03T02:50:29.668+0600][58.342s][info][gc,start    ] GC(36) Pause Final Update Refs
[2026-04-03T02:50:29.668+0600][58.342s][info][gc,task     ] GC(36) Using 6 of 6 workers for final reference update
[2026-04-03T02:50:29.669+0600][58.342s][info][gc          ] GC(36) Pause Final Update Refs 0.260ms
[2026-04-03T02:50:29.669+0600][58.343s][info][gc,start    ] GC(36) Concurrent cleanup
[2026-04-03T02:50:29.669+0600][58.343s][info][gc          ] GC(36) Concurrent cleanup 485M->180M(1687M) 0.465ms
[2026-04-03T02:50:29.669+0600][58.343s][info][gc,ergo     ] Free: 1708M, Max: 512K regular, 1112M humongous, Frag: 35% external, 0% internal; Reserve: 100M, Max: 512K
[2026-04-03T02:50:29.669+0600][58.343s][info][gc,stats    ] 
[2026-04-03T02:50:29.669+0600][58.343s][info][gc,stats    ] All times are wall-clock times, except per-root-class counters, that are sum over
[2026-04-03T02:50:29.669+0600][58.343s][info][gc,stats    ] all workers. Dividing the <total> over the root stage time estimates parallelism.
[2026-04-03T02:50:29.669+0600][58.343s][info][gc,stats    ] 
[2026-04-03T02:50:29.669+0600][58.343s][info][gc,stats    ] Concurrent Reset                   1661 us
[2026-04-03T02:50:29.669+0600][58.343s][info][gc,stats    ] Pause Init Mark (G)                 351 us
[2026-04-03T02:50:29.669+0600][58.343s][info][gc,stats    ] Pause Init Mark (N)                 131 us
[2026-04-03T02:50:29.669+0600][58.343s][info][gc,stats    ]   Update Region States               38 us
[2026-04-03T02:50:29.669+0600][58.343s][info][gc,stats    ] Concurrent Mark Roots              1853 us, parallelism: 2.22x
[2026-04-03T02:50:29.669+0600][58.343s][info][gc,stats    ]   CMR: <total>                     4110 us
[2026-04-03T02:50:29.670+0600][58.343s][info][gc,stats    ]   CMR: Thread Roots                3763 us, workers (us): 1362, 1069, 1332, ---, ---, ---, 
[2026-04-03T02:50:29.670+0600][58.343s][info][gc,stats    ]   CMR: VM Strong Roots               51 us, workers (us):  33,  17,   1, ---, ---, ---, 
[2026-04-03T02:50:29.670+0600][58.343s][info][gc,stats    ]   CMR: CLDG Roots                   296 us, workers (us): ---, 296, ---, ---, ---, ---, 
[2026-04-03T02:50:29.670+0600][58.343s][info][gc,stats    ] Concurrent Marking                62615 us
[2026-04-03T02:50:29.670+0600][58.343s][info][gc,stats    ] Pause Final Mark (G)               1147 us
[2026-04-03T02:50:29.670+0600][58.343s][info][gc,stats    ] Pause Final Mark (N)                847 us
[2026-04-03T02:50:29.670+0600][58.343s][info][gc,stats    ]   Finish Mark                       318 us
[2026-04-03T02:50:29.670+0600][58.343s][info][gc,stats    ]   Update Region States               52 us
[2026-04-03T02:50:29.670+0600][58.343s][info][gc,stats    ]   Choose Collection Set             298 us
[2026-04-03T02:50:29.670+0600][58.343s][info][gc,stats    ]   Rebuild Free Set                   46 us
[2026-04-03T02:50:29.670+0600][58.343s][info][gc,stats    ] Concurrent Thread Roots            1225 us, parallelism: 2.30x
[2026-04-03T02:50:29.670+0600][58.343s][info][gc,stats    ]   CTR: <total>                     2821 us
[2026-04-03T02:50:29.670+0600][58.343s][info][gc,stats    ]   CTR: Thread Roots                2821 us, workers (us): 949, 949, 922, ---, ---, ---, 
[2026-04-03T02:50:29.670+0600][58.343s][info][gc,stats    ] Concurrent Weak References         1370 us, parallelism: 1.18x
[2026-04-03T02:50:29.670+0600][58.343s][info][gc,stats    ]   CWRF: <total>                    1611 us
[2026-04-03T02:50:29.670+0600][58.344s][info][gc,stats    ]   CWRF: Weak References            1611 us, workers (us): 445, 1080,  85, ---, ---, ---, 
[2026-04-03T02:50:29.670+0600][58.344s][info][gc,stats    ] Concurrent Weak Roots              4361 us
[2026-04-03T02:50:29.670+0600][58.344s][info][gc,stats    ]   Roots                            3870 us, parallelism: 2.51x
[2026-04-03T02:50:29.670+0600][58.344s][info][gc,stats    ]     CWR: <total>                   9704 us
[2026-04-03T02:50:29.670+0600][58.344s][info][gc,stats    ]     CWR: Code Cache Roots          7045 us, workers (us): 2231, 2514, 2300, ---, ---, ---, 
[2026-04-03T02:50:29.670+0600][58.344s][info][gc,stats    ]     CWR: VM Weak Roots             2530 us, workers (us): 870, 830, 829, ---, ---, ---, 
[2026-04-03T02:50:29.670+0600][58.344s][info][gc,stats    ]     CWR: CLDG Roots                 129 us, workers (us): 129, ---, ---, ---, ---, ---, 
[2026-04-03T02:50:29.670+0600][58.344s][info][gc,stats    ]   Rendezvous                        362 us
[2026-04-03T02:50:29.670+0600][58.344s][info][gc,stats    ] Concurrent Cleanup                  985 us
[2026-04-03T02:50:29.670+0600][58.344s][info][gc,stats    ] Concurrent Class Unloading        19704 us
[2026-04-03T02:50:29.670+0600][58.344s][info][gc,stats    ]   Unlink Stale                    15048 us
[2026-04-03T02:50:29.670+0600][58.344s][info][gc,stats    ]     System Dictionary               280 us
[2026-04-03T02:50:29.670+0600][58.344s][info][gc,stats    ]     Weak Class Links                  0 us
[2026-04-03T02:50:29.670+0600][58.344s][info][gc,stats    ]     Code Roots                    14763 us
[2026-04-03T02:50:29.670+0600][58.344s][info][gc,stats    ]   Rendezvous                        513 us
[2026-04-03T02:50:29.670+0600][58.344s][info][gc,stats    ]   Purge Unlinked                   4009 us
[2026-04-03T02:50:29.670+0600][58.344s][info][gc,stats    ]     Code Roots                     3917 us
[2026-04-03T02:50:29.670+0600][58.344s][info][gc,stats    ]     CLDG                             91 us
[2026-04-03T02:50:29.670+0600][58.344s][info][gc,stats    ]     Exception Caches                  0 us
[2026-04-03T02:50:29.670+0600][58.344s][info][gc,stats    ] Concurrent Strong Roots            1444 us, parallelism: 0.68x
[2026-04-03T02:50:29.670+0600][58.344s][info][gc,stats    ]   CSR: <total>                      989 us
[2026-04-03T02:50:29.670+0600][58.344s][info][gc,stats    ]   CSR: VM Strong Roots               52 us, workers (us):  52,   1,   0, ---, ---, ---, 
[2026-04-03T02:50:29.670+0600][58.344s][info][gc,stats    ]   CSR: CLDG Roots                   936 us, workers (us): 936, ---, ---, ---, ---, ---, 
[2026-04-03T02:50:29.670+0600][58.344s][info][gc,stats    ] Concurrent Evacuation              7890 us
[2026-04-03T02:50:29.670+0600][58.344s][info][gc,stats    ] Pause Init Update Refs (G)          793 us
[2026-04-03T02:50:29.670+0600][58.344s][info][gc,stats    ] Pause Init Update Refs (N)          195 us
[2026-04-03T02:50:29.670+0600][58.344s][info][gc,stats    ]   Manage GCLABs                      60 us
[2026-04-03T02:50:29.670+0600][58.344s][info][gc,stats    ] Concurrent Update Refs            49653 us
[2026-04-03T02:50:29.670+0600][58.344s][info][gc,stats    ] Concurrent Update Thread Roots     1309 us
[2026-04-03T02:50:29.670+0600][58.344s][info][gc,stats    ] Pause Final Update Refs (G)         680 us
[2026-04-03T02:50:29.670+0600][58.344s][info][gc,stats    ] Pause Final Update Refs (N)         274 us
[2026-04-03T02:50:29.670+0600][58.344s][info][gc,stats    ]   Update Region States               71 us
[2026-04-03T02:50:29.670+0600][58.344s][info][gc,stats    ]   Trash Collection Set               26 us
[2026-04-03T02:50:29.670+0600][58.344s][info][gc,stats    ]   Rebuild Free Set                   57 us
[2026-04-03T02:50:29.670+0600][58.344s][info][gc,stats    ] Concurrent Cleanup                  500 us
[2026-04-03T02:50:29.670+0600][58.344s][info][gc,stats    ] Pacing                            65103 us
[2026-04-03T02:50:29.670+0600][58.344s][info][gc,stats    ] 
[2026-04-03T02:50:29.670+0600][58.344s][info][gc,stats    ] Allocation pacing accrued:
[2026-04-03T02:50:29.670+0600][58.344s][info][gc,stats    ]      11 of  1669 ms (  0.7%): dispatcher-event-loop-2
[2026-04-03T02:50:29.670+0600][58.344s][info][gc,stats    ]      33 of  1669 ms (  2.0%): Executor task launch worker for task 7.0 in stage 2082.0 (TID 3990)
[2026-04-03T02:50:29.670+0600][58.344s][info][gc,stats    ]      11 of  1669 ms (  0.7%): Executor task launch worker for task 6.0 in stage 2082.0 (TID 3989)
[2026-04-03T02:50:29.670+0600][58.344s][info][gc,stats    ]      10 of  1669 ms (  0.6%): task-result-getter-1
[2026-04-03T02:50:29.670+0600][58.344s][info][gc,stats    ]      65 of  1669 ms (  3.9%): <total>
[2026-04-03T02:50:29.670+0600][58.344s][info][gc,stats    ]       0 of  1669 ms (  0.0%): <average total>
[2026-04-03T02:50:29.670+0600][58.344s][info][gc,stats    ]      16 of  1669 ms (  1.0%): <average non-zero>
[2026-04-03T02:50:29.670+0600][58.344s][info][gc,stats    ] 
[2026-04-03T02:50:29.670+0600][58.344s][info][gc,metaspace] Metaspace: 131329K(132672K)->131329K(132672K) NonClass: 114828K(115520K)->114828K(115520K) Class: 16501K(17152K)->16501K(17152K)
[2026-04-03T02:50:29.670+0600][58.344s][info][gc,ergo     ] Pacer for Idle. Initial: 40960K, Alloc Tax Rate: 1.0x
[2026-04-03T02:50:30.722+0600][59.396s][info][gc          ] Trigger: Average GC time (185.06 ms) is above the time for average allocation rate (1090 MB/s) to deplete free headroom (199M) (margin of error = 1.82)
[2026-04-03T02:50:30.722+0600][59.396s][info][gc,ergo     ] Free headroom: 299M (free) - 100M (spike) - 0B (penalties) = 199M
[2026-04-03T02:50:30.722+0600][59.396s][info][gc,ergo     ] Free: 299M, Max: 512K regular, 227M humongous, Frag: 24% external, 0% internal; Reserve: 100M, Max: 512K
[2026-04-03T02:50:30.722+0600][59.396s][info][gc,start    ] GC(37) Concurrent reset
[2026-04-03T02:50:30.722+0600][59.396s][info][gc,task     ] GC(37) Using 3 of 6 workers for concurrent reset
[2026-04-03T02:50:30.722+0600][59.396s][info][gc,ergo     ] GC(37) Pacer for Reset. Non-Taxable: 2000M
[2026-04-03T02:50:30.726+0600][59.400s][info][gc          ] GC(37) Concurrent reset 4.452ms
[2026-04-03T02:50:30.727+0600][59.401s][info][gc,start    ] GC(37) Pause Init Mark (unload classes)
[2026-04-03T02:50:30.727+0600][59.401s][info][gc,task     ] GC(37) Using 6 of 6 workers for init marking
[2026-04-03T02:50:30.727+0600][59.401s][info][gc,ergo     ] GC(37) Pacer for Mark. Expected Live: 93868K, Free: 231M, Non-Taxable: 23672K, Alloc Tax Rate: 0.5x
[2026-04-03T02:50:30.727+0600][59.401s][info][gc          ] GC(37) Pause Init Mark (unload classes) 0.155ms
[2026-04-03T02:50:30.727+0600][59.401s][info][gc,start    ] GC(37) Concurrent marking roots
[2026-04-03T02:50:30.727+0600][59.401s][info][gc,task     ] GC(37) Using 3 of 6 workers for concurrent marking roots
[2026-04-03T02:50:30.729+0600][59.403s][info][gc          ] GC(37) Concurrent marking roots 1.509ms
[2026-04-03T02:50:30.729+0600][59.403s][info][gc,start    ] GC(37) Concurrent marking (unload classes)
[2026-04-03T02:50:30.729+0600][59.403s][info][gc,task     ] GC(37) Using 3 of 6 workers for concurrent marking
[2026-04-03T02:50:30.785+0600][59.459s][info][gc          ] GC(37) Concurrent marking (unload classes) 55.818ms
[2026-04-03T02:50:30.785+0600][59.459s][info][gc,start    ] GC(37) Pause Final Mark (unload classes)
[2026-04-03T02:50:30.785+0600][59.459s][info][gc,task     ] GC(37) Using 6 of 6 workers for final marking
[2026-04-03T02:50:30.785+0600][59.459s][info][gc,ergo     ] GC(37) Adaptive CSet Selection. Target Free: 283M, Actual Free: 1459M, Max CSet: 85333K, Min Garbage: 0B
[2026-04-03T02:50:30.786+0600][59.459s][info][gc,ergo     ] GC(37) Collectable Garbage: 1412M (99%), Immediate: 1171M (82%), CSet: 241M (16%)
[2026-04-03T02:50:30.786+0600][59.460s][info][gc,ergo     ] GC(37) Pacer for Evacuation. Used CSet: 253M, Free: 1498M, Non-Taxable: 149M, Alloc Tax Rate: 1.1x
[2026-04-03T02:50:30.786+0600][59.460s][info][gc          ] GC(37) Pause Final Mark (unload classes) 0.808ms
[2026-04-03T02:50:30.786+0600][59.460s][info][gc,start    ] GC(37) Concurrent thread roots
[2026-04-03T02:50:30.786+0600][59.460s][info][gc,task     ] GC(37) Using 3 of 6 workers for Concurrent thread roots
[2026-04-03T02:50:30.787+0600][59.461s][info][gc          ] GC(37) Concurrent thread roots 1.265ms
[2026-04-03T02:50:30.787+0600][59.461s][info][gc,start    ] GC(37) Concurrent weak references
[2026-04-03T02:50:30.787+0600][59.461s][info][gc,task     ] GC(37) Using 3 of 6 workers for concurrent weak references
[2026-04-03T02:50:30.789+0600][59.462s][info][gc,ref      ] GC(37) Encountered references: Soft: 3788, Weak: 17025, Final: 84, Phantom: 628
[2026-04-03T02:50:30.789+0600][59.463s][info][gc,ref      ] GC(37) Discovered  references: Soft: 0, Weak: 10169, Final: 52, Phantom: 589
[2026-04-03T02:50:30.789+0600][59.463s][info][gc,ref      ] GC(37) Enqueued    references: Soft: 0, Weak: 2308, Final: 0, Phantom: 0
[2026-04-03T02:50:30.789+0600][59.463s][info][gc          ] GC(37) Concurrent weak references 1.714ms
[2026-04-03T02:50:30.789+0600][59.463s][info][gc,start    ] GC(37) Concurrent weak roots
[2026-04-03T02:50:30.789+0600][59.463s][info][gc,task     ] GC(37) Using 3 of 6 workers for concurrent weak root
[2026-04-03T02:50:30.795+0600][59.469s][info][gc          ] GC(37) Concurrent weak roots 5.860ms
[2026-04-03T02:50:30.795+0600][59.469s][info][gc,start    ] GC(37) Concurrent cleanup
[2026-04-03T02:50:30.796+0600][59.470s][info][gc          ] GC(37) Concurrent cleanup 1577M->410M(1739M) 1.304ms
[2026-04-03T02:50:30.796+0600][59.470s][info][gc,ergo     ] GC(37) Free: 1479M, Max: 512K regular, 175M humongous, Frag: 89% external, 0% internal; Reserve: 101955K, Max: 512K
[2026-04-03T02:50:30.796+0600][59.470s][info][gc,start    ] GC(37) Concurrent class unloading
[2026-04-03T02:50:30.796+0600][59.470s][info][gc,task     ] GC(37) Using 3 of 6 workers for concurrent class unloading
[2026-04-03T02:50:30.817+0600][59.491s][info][gc          ] GC(37) Concurrent class unloading 20.727ms
[2026-04-03T02:50:30.817+0600][59.491s][info][gc,start    ] GC(37) Concurrent strong roots
[2026-04-03T02:50:30.817+0600][59.491s][info][gc,task     ] GC(37) Using 3 of 6 workers for concurrent strong root
[2026-04-03T02:50:30.818+0600][59.492s][info][gc          ] GC(37) Concurrent strong roots 1.305ms
[2026-04-03T02:50:30.819+0600][59.492s][info][gc,start    ] GC(37) Concurrent evacuation
[2026-04-03T02:50:30.819+0600][59.492s][info][gc,task     ] GC(37) Using 3 of 6 workers for concurrent evacuation
[2026-04-03T02:50:30.824+0600][59.498s][info][gc          ] GC(37) Concurrent evacuation 5.725ms
[2026-04-03T02:50:30.825+0600][59.498s][info][gc,start    ] GC(37) Pause Init Update Refs
[2026-04-03T02:50:30.825+0600][59.499s][info][gc,ergo     ] GC(37) Pacer for Update Refs. Used: 432M, Free: 1469M, Non-Taxable: 146M, Alloc Tax Rate: 1.1x
[2026-04-03T02:50:30.825+0600][59.499s][info][gc          ] GC(37) Pause Init Update Refs 0.242ms
[2026-04-03T02:50:30.825+0600][59.499s][info][gc,start    ] GC(37) Concurrent update references
[2026-04-03T02:50:30.825+0600][59.499s][info][gc,task     ] GC(37) Using 3 of 6 workers for concurrent reference update
[2026-04-03T02:50:30.873+0600][59.546s][info][gc          ] GC(37) Concurrent update references 47.662ms
[2026-04-03T02:50:30.873+0600][59.547s][info][gc,start    ] GC(37) Concurrent update thread roots
[2026-04-03T02:50:30.874+0600][59.548s][info][gc          ] GC(37) Concurrent update thread roots 1.456ms
[2026-04-03T02:50:30.875+0600][59.549s][info][gc,start    ] GC(37) Pause Final Update Refs
[2026-04-03T02:50:30.875+0600][59.549s][info][gc,task     ] GC(37) Using 6 of 6 workers for final reference update
[2026-04-03T02:50:30.876+0600][59.549s][info][gc          ] GC(37) Pause Final Update Refs 0.304ms
[2026-04-03T02:50:30.876+0600][59.550s][info][gc,start    ] GC(37) Concurrent cleanup
[2026-04-03T02:50:30.877+0600][59.551s][info][gc          ] GC(37) Concurrent cleanup 677M->441M(1740M) 1.170ms
[2026-04-03T02:50:30.877+0600][59.551s][info][gc,ergo     ] Free: 1417M, Max: 512K regular, 1004M humongous, Frag: 29% external, 0% internal; Reserve: 100M, Max: 512K
[2026-04-03T02:50:30.877+0600][59.551s][info][gc,stats    ] 
[2026-04-03T02:50:30.877+0600][59.551s][info][gc,stats    ] All times are wall-clock times, except per-root-class counters, that are sum over
[2026-04-03T02:50:30.877+0600][59.551s][info][gc,stats    ] all workers. Dividing the <total> over the root stage time estimates parallelism.
[2026-04-03T02:50:30.877+0600][59.551s][info][gc,stats    ] 
[2026-04-03T02:50:30.877+0600][59.551s][info][gc,stats    ] Concurrent Reset                   4541 us
[2026-04-03T02:50:30.877+0600][59.551s][info][gc,stats    ] Pause Init Mark (G)                 899 us
[2026-04-03T02:50:30.877+0600][59.551s][info][gc,stats    ] Pause Init Mark (N)                 163 us
[2026-04-03T02:50:30.877+0600][59.551s][info][gc,stats    ]   Update Region States               49 us
[2026-04-03T02:50:30.877+0600][59.551s][info][gc,stats    ] Concurrent Mark Roots              1543 us, parallelism: 2.03x
[2026-04-03T02:50:30.877+0600][59.551s][info][gc,stats    ]   CMR: <total>                     3128 us
[2026-04-03T02:50:30.877+0600][59.551s][info][gc,stats    ]   CMR: Thread Roots                2671 us, workers (us): 1017, 1035, 619, ---, ---, ---, 
[2026-04-03T02:50:30.877+0600][59.551s][info][gc,stats    ]   CMR: VM Strong Roots               60 us, workers (us):  30,  19,  11, ---, ---, ---, 
[2026-04-03T02:50:30.877+0600][59.551s][info][gc,stats    ]   CMR: CLDG Roots                   398 us, workers (us): ---, ---, 398, ---, ---, ---, 
[2026-04-03T02:50:30.877+0600][59.551s][info][gc,stats    ] Concurrent Marking                55915 us
[2026-04-03T02:50:30.877+0600][59.551s][info][gc,stats    ] Pause Final Mark (G)               1077 us
[2026-04-03T02:50:30.877+0600][59.551s][info][gc,stats    ] Pause Final Mark (N)                818 us
[2026-04-03T02:50:30.877+0600][59.551s][info][gc,stats    ]   Finish Mark                       281 us
[2026-04-03T02:50:30.877+0600][59.551s][info][gc,stats    ]   Update Region States               54 us
[2026-04-03T02:50:30.877+0600][59.551s][info][gc,stats    ]   Choose Collection Set             272 us
[2026-04-03T02:50:30.877+0600][59.551s][info][gc,stats    ]   Rebuild Free Set                   51 us
[2026-04-03T02:50:30.877+0600][59.551s][info][gc,stats    ] Concurrent Thread Roots            1319 us, parallelism: 2.22x
[2026-04-03T02:50:30.877+0600][59.551s][info][gc,stats    ]   CTR: <total>                     2921 us
[2026-04-03T02:50:30.877+0600][59.551s][info][gc,stats    ]   CTR: Thread Roots                2921 us, workers (us): 823, 1075, 1024, ---, ---, ---, 
[2026-04-03T02:50:30.877+0600][59.551s][info][gc,stats    ] Concurrent Weak References         1727 us, parallelism: 0.97x
[2026-04-03T02:50:30.877+0600][59.551s][info][gc,stats    ]   CWRF: <total>                    1668 us
[2026-04-03T02:50:30.877+0600][59.551s][info][gc,stats    ]   CWRF: Weak References            1668 us, workers (us): 175, 219, 1274, ---, ---, ---, 
[2026-04-03T02:50:30.877+0600][59.551s][info][gc,stats    ] Concurrent Weak Roots              5970 us
[2026-04-03T02:50:30.877+0600][59.551s][info][gc,stats    ]   Roots                            5463 us, parallelism: 2.74x
[2026-04-03T02:50:30.877+0600][59.551s][info][gc,stats    ]     CWR: <total>                  14972 us
[2026-04-03T02:50:30.877+0600][59.551s][info][gc,stats    ]     CWR: Code Cache Roots         10477 us, workers (us): 3605, 3497, 3374, ---, ---, ---, 
[2026-04-03T02:50:30.877+0600][59.551s][info][gc,stats    ]     CWR: VM Weak Roots             4383 us, workers (us): 1347, 1577, 1459, ---, ---, ---, 
[2026-04-03T02:50:30.877+0600][59.551s][info][gc,stats    ]     CWR: CLDG Roots                 113 us, workers (us): 113, ---, ---, ---, ---, ---, 
[2026-04-03T02:50:30.877+0600][59.551s][info][gc,stats    ]   Rendezvous                        366 us
[2026-04-03T02:50:30.877+0600][59.551s][info][gc,stats    ] Concurrent Cleanup                 1362 us
[2026-04-03T02:50:30.877+0600][59.551s][info][gc,stats    ] Concurrent Class Unloading        20820 us
[2026-04-03T02:50:30.878+0600][59.551s][info][gc,stats    ]   Unlink Stale                    17430 us
[2026-04-03T02:50:30.878+0600][59.551s][info][gc,stats    ]     System Dictionary               300 us
[2026-04-03T02:50:30.878+0600][59.551s][info][gc,stats    ]     Weak Class Links                  0 us
[2026-04-03T02:50:30.878+0600][59.551s][info][gc,stats    ]     Code Roots                    17125 us
[2026-04-03T02:50:30.878+0600][59.551s][info][gc,stats    ]   Rendezvous                        363 us
[2026-04-03T02:50:30.878+0600][59.551s][info][gc,stats    ]   Purge Unlinked                   2858 us
[2026-04-03T02:50:30.878+0600][59.551s][info][gc,stats    ]     Code Roots                     2838 us
[2026-04-03T02:50:30.878+0600][59.551s][info][gc,stats    ]     CLDG                             19 us
[2026-04-03T02:50:30.878+0600][59.551s][info][gc,stats    ]     Exception Caches                  0 us
[2026-04-03T02:50:30.878+0600][59.551s][info][gc,stats    ] Concurrent Strong Roots            1373 us, parallelism: 0.68x
[2026-04-03T02:50:30.878+0600][59.551s][info][gc,stats    ]   CSR: <total>                      933 us
[2026-04-03T02:50:30.878+0600][59.551s][info][gc,stats    ]   CSR: VM Strong Roots               46 us, workers (us):  26,  20,   0, ---, ---, ---, 
[2026-04-03T02:50:30.878+0600][59.551s][info][gc,stats    ]   CSR: CLDG Roots                   887 us, workers (us): 887, ---, ---, ---, ---, ---, 
[2026-04-03T02:50:30.878+0600][59.551s][info][gc,stats    ] Concurrent Evacuation              5826 us
[2026-04-03T02:50:30.878+0600][59.552s][info][gc,stats    ] Pause Init Update Refs (G)          601 us
[2026-04-03T02:50:30.878+0600][59.552s][info][gc,stats    ] Pause Init Update Refs (N)          259 us
[2026-04-03T02:50:30.878+0600][59.552s][info][gc,stats    ]   Manage GCLABs                     130 us
[2026-04-03T02:50:30.878+0600][59.552s][info][gc,stats    ] Concurrent Update Refs            47882 us
[2026-04-03T02:50:30.878+0600][59.552s][info][gc,stats    ] Concurrent Update Thread Roots     1589 us
[2026-04-03T02:50:30.878+0600][59.552s][info][gc,stats    ] Pause Final Update Refs (G)        1245 us
[2026-04-03T02:50:30.878+0600][59.552s][info][gc,stats    ] Pause Final Update Refs (N)         326 us
[2026-04-03T02:50:30.878+0600][59.552s][info][gc,stats    ]   Update Region States               80 us
[2026-04-03T02:50:30.878+0600][59.552s][info][gc,stats    ]   Trash Collection Set               33 us
[2026-04-03T02:50:30.878+0600][59.552s][info][gc,stats    ]   Rebuild Free Set                   80 us
[2026-04-03T02:50:30.878+0600][59.552s][info][gc,stats    ] Concurrent Cleanup                 1244 us
[2026-04-03T02:50:30.878+0600][59.552s][info][gc,stats    ] Pacing                            80694 us
[2026-04-03T02:50:30.878+0600][59.552s][info][gc,stats    ] 
[2026-04-03T02:50:30.878+0600][59.552s][info][gc,stats    ] Allocation pacing accrued:
[2026-04-03T02:50:30.878+0600][59.552s][info][gc,stats    ]      10 of  1208 ms (  0.8%): Executor task launch worker for task 1.0 in stage 2215.0 (TID 4162)
[2026-04-03T02:50:30.878+0600][59.552s][info][gc,stats    ]      10 of  1208 ms (  0.8%): Executor task launch worker for task 3.0 in stage 2215.0 (TID 4164)
[2026-04-03T02:50:30.878+0600][59.552s][info][gc,stats    ]      10 of  1208 ms (  0.8%): Executor task launch worker for task 5.0 in stage 2211.0 (TID 4158)
[2026-04-03T02:50:30.878+0600][59.552s][info][gc,stats    ]      10 of  1208 ms (  0.8%): Executor task launch worker for task 0.0 in stage 2211.0 (TID 4153)
[2026-04-03T02:50:30.878+0600][59.552s][info][gc,stats    ]      10 of  1208 ms (  0.8%): Executor task launch worker for task 3.0 in stage 2211.0 (TID 4156)
[2026-04-03T02:50:30.878+0600][59.552s][info][gc,stats    ]      10 of  1208 ms (  0.8%): Executor task launch worker for task 0.0 in stage 2215.0 (TID 4161)
[2026-04-03T02:50:30.878+0600][59.552s][info][gc,stats    ]      10 of  1208 ms (  0.8%): Executor task launch worker for task 2.0 in stage 2215.0 (TID 4163)
[2026-04-03T02:50:30.878+0600][59.552s][info][gc,stats    ]      10 of  1208 ms (  0.8%): Executor task launch worker for task 2.0 in stage 2211.0 (TID 4155)
[2026-04-03T02:50:30.878+0600][59.552s][info][gc,stats    ]      81 of  1208 ms (  6.7%): <total>
[2026-04-03T02:50:30.878+0600][59.552s][info][gc,stats    ]       0 of  1208 ms (  0.0%): <average total>
[2026-04-03T02:50:30.878+0600][59.552s][info][gc,stats    ]      10 of  1208 ms (  0.8%): <average non-zero>
[2026-04-03T02:50:30.878+0600][59.552s][info][gc,stats    ] 
[2026-04-03T02:50:30.878+0600][59.552s][info][gc,metaspace] Metaspace: 131341K(132672K)->131347K(132672K) NonClass: 114838K(115520K)->114845K(115520K) Class: 16502K(17152K)->16502K(17152K)
[2026-04-03T02:50:30.878+0600][59.552s][info][gc,ergo     ] Pacer for Idle. Initial: 40960K, Alloc Tax Rate: 1.0x
[2026-04-03T02:50:31.903+0600][60.577s][info][gc          ] Trigger: Average GC time (177.04 ms) is above the time for average allocation rate (1253 MB/s) to deplete free headroom (220M) (margin of error = 1.84)
[2026-04-03T02:50:31.904+0600][60.577s][info][gc,ergo     ] Free headroom: 320M (free) - 100M (spike) - 0B (penalties) = 220M
[2026-04-03T02:50:31.904+0600][60.577s][info][gc,ergo     ] Free: 320M, Max: 512K regular, 170M humongous, Frag: 47% external, 0% internal; Reserve: 100M, Max: 512K
[2026-04-03T02:50:31.904+0600][60.578s][info][gc,start    ] GC(38) Concurrent reset
[2026-04-03T02:50:31.904+0600][60.578s][info][gc,task     ] GC(38) Using 3 of 6 workers for concurrent reset
[2026-04-03T02:50:31.904+0600][60.578s][info][gc,ergo     ] GC(38) Pacer for Reset. Non-Taxable: 2000M
[2026-04-03T02:50:31.908+0600][60.581s][info][gc          ] GC(38) Concurrent reset 3.941ms
[2026-04-03T02:50:31.908+0600][60.582s][info][gc,start    ] GC(38) Pause Init Mark (unload classes)
[2026-04-03T02:50:31.908+0600][60.582s][info][gc,task     ] GC(38) Using 6 of 6 workers for init marking
[2026-04-03T02:50:31.908+0600][60.582s][info][gc,ergo     ] GC(38) Pacer for Mark. Expected Live: 97343K, Free: 317M, Non-Taxable: 32511K, Alloc Tax Rate: 0.4x
[2026-04-03T02:50:31.908+0600][60.582s][info][gc          ] GC(38) Pause Init Mark (unload classes) 0.158ms
[2026-04-03T02:50:31.908+0600][60.582s][info][gc,start    ] GC(38) Concurrent marking roots
[2026-04-03T02:50:31.908+0600][60.582s][info][gc,task     ] GC(38) Using 3 of 6 workers for concurrent marking roots
[2026-04-03T02:50:31.912+0600][60.586s][info][gc          ] GC(38) Concurrent marking roots 3.709ms
[2026-04-03T02:50:31.912+0600][60.586s][info][gc,start    ] GC(38) Concurrent marking (unload classes)
[2026-04-03T02:50:31.912+0600][60.586s][info][gc,task     ] GC(38) Using 3 of 6 workers for concurrent marking
[2026-04-03T02:50:31.996+0600][60.670s][info][gc          ] GC(38) Concurrent marking (unload classes) 83.813ms
[2026-04-03T02:50:31.996+0600][60.670s][info][gc,start    ] GC(38) Pause Final Mark (unload classes)
[2026-04-03T02:50:31.996+0600][60.670s][info][gc,task     ] GC(38) Using 6 of 6 workers for final marking
[2026-04-03T02:50:31.997+0600][60.670s][info][gc,ergo     ] GC(38) Adaptive CSet Selection. Target Free: 283M, Actual Free: 1430M, Max CSet: 85333K, Min Garbage: 0B
[2026-04-03T02:50:31.997+0600][60.671s][info][gc,ergo     ] GC(38) Collectable Garbage: 1338M (99%), Immediate: 1062M (78%), CSet: 275M (20%)
[2026-04-03T02:50:31.997+0600][60.671s][info][gc,ergo     ] GC(38) Pacer for Evacuation. Used CSet: 286M, Free: 1473M, Non-Taxable: 147M, Alloc Tax Rate: 1.1x
[2026-04-03T02:50:31.997+0600][60.671s][info][gc          ] GC(38) Pause Final Mark (unload classes) 0.848ms
[2026-04-03T02:50:31.997+0600][60.671s][info][gc,start    ] GC(38) Concurrent thread roots
[2026-04-03T02:50:31.997+0600][60.671s][info][gc,task     ] GC(38) Using 3 of 6 workers for Concurrent thread roots
[2026-04-03T02:50:31.998+0600][60.672s][info][gc          ] GC(38) Concurrent thread roots 1.238ms
[2026-04-03T02:50:31.998+0600][60.672s][info][gc,start    ] GC(38) Concurrent weak references
[2026-04-03T02:50:31.998+0600][60.672s][info][gc,task     ] GC(38) Using 3 of 6 workers for concurrent weak references
[2026-04-03T02:50:32.000+0600][60.673s][info][gc,ref      ] GC(38) Encountered references: Soft: 3792, Weak: 16518, Final: 84, Phantom: 621
[2026-04-03T02:50:32.000+0600][60.673s][info][gc,ref      ] GC(38) Discovered  references: Soft: 0, Weak: 9055, Final: 52, Phantom: 581
[2026-04-03T02:50:32.000+0600][60.673s][info][gc,ref      ] GC(38) Enqueued    references: Soft: 0, Weak: 644, Final: 0, Phantom: 0
[2026-04-03T02:50:32.000+0600][60.673s][info][gc          ] GC(38) Concurrent weak references 1.295ms
[2026-04-03T02:50:32.000+0600][60.674s][info][gc,start    ] GC(38) Concurrent weak roots
[2026-04-03T02:50:32.000+0600][60.674s][info][gc,task     ] GC(38) Using 3 of 6 workers for concurrent weak root
[2026-04-03T02:50:32.006+0600][60.680s][info][gc          ] GC(38) Concurrent weak roots 6.242ms
[2026-04-03T02:50:32.006+0600][60.680s][info][gc,start    ] GC(38) Concurrent cleanup
[2026-04-03T02:50:32.008+0600][60.682s][info][gc          ] GC(38) Concurrent cleanup 1496M->436M(1740M) 1.670ms
[2026-04-03T02:50:32.008+0600][60.682s][info][gc,ergo     ] GC(38) Free: 1454M, Max: 512K regular, 170M humongous, Frag: 89% external, 0% internal; Reserve: 101839K, Max: 512K
[2026-04-03T02:50:32.008+0600][60.682s][info][gc,start    ] GC(38) Concurrent class unloading
[2026-04-03T02:50:32.008+0600][60.682s][info][gc,task     ] GC(38) Using 3 of 6 workers for concurrent class unloading
[2026-04-03T02:50:32.027+0600][60.701s][info][gc          ] GC(38) Concurrent class unloading 18.843ms
[2026-04-03T02:50:32.027+0600][60.701s][info][gc,start    ] GC(38) Concurrent strong roots
[2026-04-03T02:50:32.027+0600][60.701s][info][gc,task     ] GC(38) Using 3 of 6 workers for concurrent strong root
[2026-04-03T02:50:32.028+0600][60.702s][info][gc          ] GC(38) Concurrent strong roots 1.571ms
[2026-04-03T02:50:32.029+0600][60.702s][info][gc,start    ] GC(38) Concurrent evacuation
[2026-04-03T02:50:32.029+0600][60.702s][info][gc,task     ] GC(38) Using 3 of 6 workers for concurrent evacuation
[2026-04-03T02:50:32.037+0600][60.711s][info][gc          ] GC(38) Concurrent evacuation 8.312ms
[2026-04-03T02:50:32.037+0600][60.711s][info][gc,start    ] GC(38) Pause Init Update Refs
[2026-04-03T02:50:32.037+0600][60.711s][info][gc,ergo     ] GC(38) Pacer for Update Refs. Used: 461M, Free: 1439M, Non-Taxable: 143M, Alloc Tax Rate: 1.1x
[2026-04-03T02:50:32.037+0600][60.711s][info][gc          ] GC(38) Pause Init Update Refs 0.172ms
[2026-04-03T02:50:32.038+0600][60.711s][info][gc,start    ] GC(38) Concurrent update references
[2026-04-03T02:50:32.038+0600][60.711s][info][gc,task     ] GC(38) Using 3 of 6 workers for concurrent reference update
[2026-04-03T02:50:32.088+0600][60.762s][info][gc          ] GC(38) Concurrent update references 50.363ms
[2026-04-03T02:50:32.088+0600][60.762s][info][gc,start    ] GC(38) Concurrent update thread roots
[2026-04-03T02:50:32.090+0600][60.763s][info][gc          ] GC(38) Concurrent update thread roots 1.547ms
[2026-04-03T02:50:32.090+0600][60.764s][info][gc,start    ] GC(38) Pause Final Update Refs
[2026-04-03T02:50:32.090+0600][60.764s][info][gc,task     ] GC(38) Using 6 of 6 workers for final reference update
[2026-04-03T02:50:32.090+0600][60.764s][info][gc          ] GC(38) Pause Final Update Refs 0.267ms
[2026-04-03T02:50:32.090+0600][60.764s][info][gc,start    ] GC(38) Concurrent cleanup
[2026-04-03T02:50:32.091+0600][60.765s][info][gc          ] GC(38) Concurrent cleanup 497M->210M(1742M) 0.828ms
[2026-04-03T02:50:32.091+0600][60.765s][info][gc,ergo     ] Free: 1673M, Max: 512K regular, 992M humongous, Frag: 41% external, 0% internal; Reserve: 100M, Max: 512K
[2026-04-03T02:50:32.091+0600][60.765s][info][gc,stats    ] 
[2026-04-03T02:50:32.091+0600][60.765s][info][gc,stats    ] All times are wall-clock times, except per-root-class counters, that are sum over
[2026-04-03T02:50:32.091+0600][60.765s][info][gc,stats    ] all workers. Dividing the <total> over the root stage time estimates parallelism.
[2026-04-03T02:50:32.091+0600][60.765s][info][gc,stats    ] 
[2026-04-03T02:50:32.091+0600][60.765s][info][gc,stats    ] Concurrent Reset                   4014 us
[2026-04-03T02:50:32.091+0600][60.765s][info][gc,stats    ] Pause Init Mark (G)                 602 us
[2026-04-03T02:50:32.091+0600][60.765s][info][gc,stats    ] Pause Init Mark (N)                 168 us
[2026-04-03T02:50:32.091+0600][60.765s][info][gc,stats    ]   Update Region States               59 us
[2026-04-03T02:50:32.091+0600][60.765s][info][gc,stats    ] Concurrent Mark Roots              3747 us, parallelism: 0.99x
[2026-04-03T02:50:32.091+0600][60.765s][info][gc,stats    ]   CMR: <total>                     3699 us
[2026-04-03T02:50:32.091+0600][60.765s][info][gc,stats    ]   CMR: Thread Roots                3121 us, workers (us): 2672, 243, 206, ---, ---, ---, 
[2026-04-03T02:50:32.091+0600][60.765s][info][gc,stats    ]   CMR: VM Strong Roots               63 us, workers (us):  61,   1,   1, ---, ---, ---, 
[2026-04-03T02:50:32.091+0600][60.765s][info][gc,stats    ]   CMR: CLDG Roots                   515 us, workers (us): 515, ---, ---, ---, ---, ---, 
[2026-04-03T02:50:32.091+0600][60.765s][info][gc,stats    ] Concurrent Marking                83883 us
[2026-04-03T02:50:32.091+0600][60.765s][info][gc,stats    ] Pause Final Mark (G)               1150 us
[2026-04-03T02:50:32.091+0600][60.765s][info][gc,stats    ] Pause Final Mark (N)                861 us
[2026-04-03T02:50:32.091+0600][60.765s][info][gc,stats    ]   Finish Mark                       253 us
[2026-04-03T02:50:32.091+0600][60.765s][info][gc,stats    ]   Update Region States               75 us
[2026-04-03T02:50:32.091+0600][60.765s][info][gc,stats    ]   Choose Collection Set             299 us
[2026-04-03T02:50:32.091+0600][60.765s][info][gc,stats    ]   Rebuild Free Set                   45 us
[2026-04-03T02:50:32.091+0600][60.765s][info][gc,stats    ] Concurrent Thread Roots            1286 us, parallelism: 2.28x
[2026-04-03T02:50:32.091+0600][60.765s][info][gc,stats    ]   CTR: <total>                     2938 us
[2026-04-03T02:50:32.091+0600][60.765s][info][gc,stats    ]   CTR: Thread Roots                2938 us, workers (us): 980, 989, 969, ---, ---, ---, 
[2026-04-03T02:50:32.091+0600][60.765s][info][gc,stats    ] Concurrent Weak References         1309 us, parallelism: 1.05x
[2026-04-03T02:50:32.091+0600][60.765s][info][gc,stats    ]   CWRF: <total>                    1377 us
[2026-04-03T02:50:32.091+0600][60.765s][info][gc,stats    ]   CWRF: Weak References            1377 us, workers (us): 195, 1006, 176, ---, ---, ---, 
[2026-04-03T02:50:32.091+0600][60.765s][info][gc,stats    ] Concurrent Weak Roots              6327 us
[2026-04-03T02:50:32.091+0600][60.765s][info][gc,stats    ]   Roots                            5709 us, parallelism: 2.77x
[2026-04-03T02:50:32.091+0600][60.765s][info][gc,stats    ]     CWR: <total>                  15837 us
[2026-04-03T02:50:32.091+0600][60.765s][info][gc,stats    ]     CWR: Code Cache Roots         13046 us, workers (us): 4111, 4400, 4536, ---, ---, ---, 
[2026-04-03T02:50:32.091+0600][60.765s][info][gc,stats    ]     CWR: VM Weak Roots             2601 us, workers (us): 880, 872, 850, ---, ---, ---, 
[2026-04-03T02:50:32.091+0600][60.765s][info][gc,stats    ]     CWR: CLDG Roots                 190 us, workers (us): 190, ---, ---, ---, ---, ---, 
[2026-04-03T02:50:32.091+0600][60.765s][info][gc,stats    ]   Rendezvous                        480 us
[2026-04-03T02:50:32.091+0600][60.765s][info][gc,stats    ] Concurrent Cleanup                 1787 us
[2026-04-03T02:50:32.091+0600][60.765s][info][gc,stats    ] Concurrent Class Unloading        18957 us
[2026-04-03T02:50:32.091+0600][60.765s][info][gc,stats    ]   Unlink Stale                    15126 us
[2026-04-03T02:50:32.091+0600][60.765s][info][gc,stats    ]     System Dictionary               360 us
[2026-04-03T02:50:32.091+0600][60.765s][info][gc,stats    ]     Weak Class Links                  1 us
[2026-04-03T02:50:32.091+0600][60.765s][info][gc,stats    ]     Code Roots                    14760 us
[2026-04-03T02:50:32.091+0600][60.765s][info][gc,stats    ]   Rendezvous                        706 us
[2026-04-03T02:50:32.091+0600][60.765s][info][gc,stats    ]   Purge Unlinked                   2955 us
[2026-04-03T02:50:32.091+0600][60.765s][info][gc,stats    ]     Code Roots                     2928 us
[2026-04-03T02:50:32.092+0600][60.765s][info][gc,stats    ]     CLDG                             26 us
[2026-04-03T02:50:32.092+0600][60.765s][info][gc,stats    ]     Exception Caches                  0 us
[2026-04-03T02:50:32.092+0600][60.765s][info][gc,stats    ] Concurrent Strong Roots            1706 us, parallelism: 0.66x
[2026-04-03T02:50:32.092+0600][60.765s][info][gc,stats    ]   CSR: <total>                     1118 us
[2026-04-03T02:50:32.092+0600][60.765s][info][gc,stats    ]   CSR: VM Strong Roots               64 us, workers (us):  38,  20,   7, ---, ---, ---, 
[2026-04-03T02:50:32.092+0600][60.765s][info][gc,stats    ]   CSR: CLDG Roots                  1054 us, workers (us): ---, 1054, ---, ---, ---, ---, 
[2026-04-03T02:50:32.092+0600][60.765s][info][gc,stats    ] Concurrent Evacuation              8438 us
[2026-04-03T02:50:32.092+0600][60.765s][info][gc,stats    ] Pause Init Update Refs (G)          508 us
[2026-04-03T02:50:32.092+0600][60.765s][info][gc,stats    ] Pause Init Update Refs (N)          191 us
[2026-04-03T02:50:32.092+0600][60.765s][info][gc,stats    ]   Manage GCLABs                      66 us
[2026-04-03T02:50:32.092+0600][60.765s][info][gc,stats    ] Concurrent Update Refs            50457 us
[2026-04-03T02:50:32.092+0600][60.765s][info][gc,stats    ] Concurrent Update Thread Roots     1612 us
[2026-04-03T02:50:32.092+0600][60.765s][info][gc,stats    ] Pause Final Update Refs (G)         639 us
[2026-04-03T02:50:32.092+0600][60.765s][info][gc,stats    ] Pause Final Update Refs (N)         288 us
[2026-04-03T02:50:32.092+0600][60.765s][info][gc,stats    ]   Update Region States               79 us
[2026-04-03T02:50:32.092+0600][60.765s][info][gc,stats    ]   Trash Collection Set               30 us
[2026-04-03T02:50:32.092+0600][60.765s][info][gc,stats    ]   Rebuild Free Set                   57 us
[2026-04-03T02:50:32.092+0600][60.765s][info][gc,stats    ] Concurrent Cleanup                  859 us
[2026-04-03T02:50:32.092+0600][60.765s][info][gc,stats    ] Pacing                           233136 us
[2026-04-03T02:50:32.092+0600][60.765s][info][gc,stats    ] 
[2026-04-03T02:50:32.092+0600][60.765s][info][gc,stats    ] Allocation pacing accrued:
[2026-04-03T02:50:32.092+0600][60.765s][info][gc,stats    ]      31 of  1214 ms (  2.6%): Executor task launch worker for task 1.0 in stage 2255.0 (TID 4350)
[2026-04-03T02:50:32.092+0600][60.765s][info][gc,stats    ]      30 of  1214 ms (  2.5%): Executor task launch worker for task 2.0 in stage 2255.0 (TID 4351)
[2026-04-03T02:50:32.092+0600][60.766s][info][gc,stats    ]      23 of  1214 ms (  1.9%): Executor task launch worker for task 7.0 in stage 2255.0 (TID 4356)
[2026-04-03T02:50:32.092+0600][60.766s][info][gc,stats    ]      23 of  1214 ms (  1.9%): Executor task launch worker for task 5.0 in stage 2255.0 (TID 4354)
[2026-04-03T02:50:32.092+0600][60.766s][info][gc,stats    ]      32 of  1214 ms (  2.7%): Executor task launch worker for task 6.0 in stage 2255.0 (TID 4355)
[2026-04-03T02:50:32.092+0600][60.766s][info][gc,stats    ]      32 of  1214 ms (  2.7%): Executor task launch worker for task 4.0 in stage 2255.0 (TID 4353)
[2026-04-03T02:50:32.092+0600][60.766s][info][gc,stats    ]      33 of  1214 ms (  2.7%): Executor task launch worker for task 0.0 in stage 2255.0 (TID 4349)
[2026-04-03T02:50:32.092+0600][60.766s][info][gc,stats    ]      30 of  1214 ms (  2.5%): Executor task launch worker for task 3.0 in stage 2255.0 (TID 4352)
[2026-04-03T02:50:32.092+0600][60.766s][info][gc,stats    ]     233 of  1214 ms ( 19.2%): <total>
[2026-04-03T02:50:32.092+0600][60.766s][info][gc,stats    ]       1 of  1214 ms (  0.1%): <average total>
[2026-04-03T02:50:32.092+0600][60.766s][info][gc,stats    ]      29 of  1214 ms (  2.4%): <average non-zero>
[2026-04-03T02:50:32.092+0600][60.766s][info][gc,stats    ] 
[2026-04-03T02:50:32.092+0600][60.766s][info][gc,metaspace] Metaspace: 131366K(132672K)->131367K(132672K) NonClass: 114863K(115520K)->114865K(115520K) Class: 16502K(17152K)->16502K(17152K)
[2026-04-03T02:50:32.092+0600][60.766s][info][gc,ergo     ] Pacer for Idle. Initial: 40960K, Alloc Tax Rate: 1.0x
[2026-04-03T02:50:33.501+0600][62.174s][info][gc          ] Trigger: Average GC time (201.68 ms) is above the time for average allocation rate (1111 MB/s) to deplete free headroom (212M) (margin of error = 1.84)
[2026-04-03T02:50:33.501+0600][62.174s][info][gc,ergo     ] Free headroom: 312M (free) - 100M (spike) - 0B (penalties) = 212M
[2026-04-03T02:50:33.501+0600][62.174s][info][gc,ergo     ] Free: 311M, Max: 512K regular, 310M humongous, Frag: 0% external, 0% internal; Reserve: 100M, Max: 512K
[2026-04-03T02:50:33.501+0600][62.175s][info][gc,start    ] GC(39) Concurrent reset
[2026-04-03T02:50:33.501+0600][62.175s][info][gc,task     ] GC(39) Using 3 of 6 workers for concurrent reset
[2026-04-03T02:50:33.501+0600][62.175s][info][gc,ergo     ] GC(39) Pacer for Reset. Non-Taxable: 2000M
[2026-04-03T02:50:33.505+0600][62.179s][info][gc          ] GC(39) Concurrent reset 4.052ms
[2026-04-03T02:50:33.505+0600][62.179s][info][gc,start    ] GC(39) Pause Init Mark (unload classes)
[2026-04-03T02:50:33.505+0600][62.179s][info][gc,task     ] GC(39) Using 6 of 6 workers for init marking
[2026-04-03T02:50:33.505+0600][62.179s][info][gc,ergo     ] GC(39) Pacer for Mark. Expected Live: 97434K, Free: 308M, Non-Taxable: 31630K, Alloc Tax Rate: 0.4x
[2026-04-03T02:50:33.505+0600][62.179s][info][gc          ] GC(39) Pause Init Mark (unload classes) 0.138ms
[2026-04-03T02:50:33.505+0600][62.179s][info][gc,start    ] GC(39) Concurrent marking roots
[2026-04-03T02:50:33.505+0600][62.179s][info][gc,task     ] GC(39) Using 3 of 6 workers for concurrent marking roots
[2026-04-03T02:50:33.507+0600][62.181s][info][gc          ] GC(39) Concurrent marking roots 2.075ms
[2026-04-03T02:50:33.507+0600][62.181s][info][gc,start    ] GC(39) Concurrent marking (unload classes)
[2026-04-03T02:50:33.507+0600][62.181s][info][gc,task     ] GC(39) Using 3 of 6 workers for concurrent marking
[2026-04-03T02:50:33.572+0600][62.246s][info][gc          ] GC(39) Concurrent marking (unload classes) 64.665ms
[2026-04-03T02:50:33.572+0600][62.246s][info][gc,start    ] GC(39) Pause Final Mark (unload classes)
[2026-04-03T02:50:33.572+0600][62.246s][info][gc,task     ] GC(39) Using 6 of 6 workers for final marking
[2026-04-03T02:50:33.573+0600][62.247s][info][gc,ergo     ] GC(39) Adaptive CSet Selection. Target Free: 283M, Actual Free: 1343M, Max CSet: 85333K, Min Garbage: 0B
[2026-04-03T02:50:33.573+0600][62.247s][info][gc,ergo     ] GC(39) Collectable Garbage: 1355M (99%), Immediate: 989M (72%), CSet: 365M (26%)
[2026-04-03T02:50:33.573+0600][62.247s][info][gc,ergo     ] GC(39) Pacer for Evacuation. Used CSet: 376M, Free: 1376M, Non-Taxable: 137M, Alloc Tax Rate: 1.1x
[2026-04-03T02:50:33.573+0600][62.247s][info][gc          ] GC(39) Pause Final Mark (unload classes) 0.878ms
[2026-04-03T02:50:33.573+0600][62.247s][info][gc,start    ] GC(39) Concurrent thread roots
[2026-04-03T02:50:33.573+0600][62.247s][info][gc,task     ] GC(39) Using 3 of 6 workers for Concurrent thread roots
[2026-04-03T02:50:33.575+0600][62.249s][info][gc          ] GC(39) Concurrent thread roots 1.629ms
[2026-04-03T02:50:33.575+0600][62.249s][info][gc,start    ] GC(39) Concurrent weak references
[2026-04-03T02:50:33.575+0600][62.249s][info][gc,task     ] GC(39) Using 3 of 6 workers for concurrent weak references
[2026-04-03T02:50:33.576+0600][62.250s][info][gc,ref      ] GC(39) Encountered references: Soft: 3792, Weak: 18256, Final: 84, Phantom: 621
[2026-04-03T02:50:33.576+0600][62.250s][info][gc,ref      ] GC(39) Discovered  references: Soft: 0, Weak: 8843, Final: 0, Phantom: 581
[2026-04-03T02:50:33.576+0600][62.250s][info][gc,ref      ] GC(39) Enqueued    references: Soft: 0, Weak: 3343, Final: 0, Phantom: 0
[2026-04-03T02:50:33.576+0600][62.250s][info][gc          ] GC(39) Concurrent weak references 1.574ms
[2026-04-03T02:50:33.576+0600][62.250s][info][gc,start    ] GC(39) Concurrent weak roots
[2026-04-03T02:50:33.577+0600][62.250s][info][gc,task     ] GC(39) Using 3 of 6 workers for concurrent weak root
[2026-04-03T02:50:33.582+0600][62.256s][info][gc          ] GC(39) Concurrent weak roots 5.416ms
[2026-04-03T02:50:33.582+0600][62.256s][info][gc,start    ] GC(39) Concurrent cleanup
[2026-04-03T02:50:33.583+0600][62.257s][info][gc          ] GC(39) Concurrent cleanup 1519M->529M(1742M) 1.080ms
[2026-04-03T02:50:33.583+0600][62.257s][info][gc,ergo     ] GC(39) Free: 1366M, Max: 512K regular, 244M humongous, Frag: 83% external, 0% internal; Reserve: 101403K, Max: 512K
[2026-04-03T02:50:33.583+0600][62.257s][info][gc,start    ] GC(39) Concurrent class unloading
[2026-04-03T02:50:33.583+0600][62.257s][info][gc,task     ] GC(39) Using 3 of 6 workers for concurrent class unloading
[2026-04-03T02:50:33.603+0600][62.277s][info][gc          ] GC(39) Concurrent class unloading 19.759ms
[2026-04-03T02:50:33.603+0600][62.277s][info][gc,start    ] GC(39) Concurrent strong roots
[2026-04-03T02:50:33.603+0600][62.277s][info][gc,task     ] GC(39) Using 3 of 6 workers for concurrent strong root
[2026-04-03T02:50:33.604+0600][62.278s][info][gc          ] GC(39) Concurrent strong roots 1.320ms
[2026-04-03T02:50:33.604+0600][62.278s][info][gc,start    ] GC(39) Concurrent evacuation
[2026-04-03T02:50:33.604+0600][62.278s][info][gc,task     ] GC(39) Using 3 of 6 workers for concurrent evacuation
[2026-04-03T02:50:33.612+0600][62.285s][info][gc          ] GC(39) Concurrent evacuation 7.173ms
[2026-04-03T02:50:33.612+0600][62.286s][info][gc,start    ] GC(39) Pause Init Update Refs
[2026-04-03T02:50:33.612+0600][62.286s][info][gc,ergo     ] GC(39) Pacer for Update Refs. Used: 555M, Free: 1350M, Non-Taxable: 135M, Alloc Tax Rate: 1.1x
[2026-04-03T02:50:33.612+0600][62.286s][info][gc          ] GC(39) Pause Init Update Refs 0.213ms
[2026-04-03T02:50:33.612+0600][62.286s][info][gc,start    ] GC(39) Concurrent update references
[2026-04-03T02:50:33.612+0600][62.286s][info][gc,task     ] GC(39) Using 3 of 6 workers for concurrent reference update
[2026-04-03T02:50:33.688+0600][62.361s][info][gc          ] GC(39) Concurrent update references 75.175ms
[2026-04-03T02:50:33.688+0600][62.362s][info][gc,start    ] GC(39) Concurrent update thread roots
[2026-04-03T02:50:33.689+0600][62.363s][info][gc          ] GC(39) Concurrent update thread roots 1.489ms
[2026-04-03T02:50:33.690+0600][62.363s][info][gc,start    ] GC(39) Pause Final Update Refs
[2026-04-03T02:50:33.690+0600][62.364s][info][gc,task     ] GC(39) Using 6 of 6 workers for final reference update
[2026-04-03T02:50:33.690+0600][62.364s][info][gc          ] GC(39) Pause Final Update Refs 0.352ms
[2026-04-03T02:50:33.690+0600][62.364s][info][gc,start    ] GC(39) Concurrent cleanup
[2026-04-03T02:50:33.691+0600][62.365s][info][gc          ] GC(39) Concurrent cleanup 624M->248M(1742M) 0.973ms
[2026-04-03T02:50:33.691+0600][62.365s][info][gc,ergo     ] Free: 1643M, Max: 512K regular, 1071M humongous, Frag: 35% external, 0% internal; Reserve: 100M, Max: 512K
[2026-04-03T02:50:33.691+0600][62.365s][info][gc,stats    ] 
[2026-04-03T02:50:33.691+0600][62.365s][info][gc,stats    ] All times are wall-clock times, except per-root-class counters, that are sum over
[2026-04-03T02:50:33.691+0600][62.365s][info][gc,stats    ] all workers. Dividing the <total> over the root stage time estimates parallelism.
[2026-04-03T02:50:33.691+0600][62.365s][info][gc,stats    ] 
[2026-04-03T02:50:33.691+0600][62.365s][info][gc,stats    ] Concurrent Reset                   4108 us
[2026-04-03T02:50:33.691+0600][62.365s][info][gc,stats    ] Pause Init Mark (G)                 416 us
[2026-04-03T02:50:33.691+0600][62.365s][info][gc,stats    ] Pause Init Mark (N)                 147 us
[2026-04-03T02:50:33.691+0600][62.365s][info][gc,stats    ]   Update Region States               65 us
[2026-04-03T02:50:33.691+0600][62.365s][info][gc,stats    ] Concurrent Mark Roots              2118 us, parallelism: 1.53x
[2026-04-03T02:50:33.691+0600][62.365s][info][gc,stats    ]   CMR: <total>                     3234 us
[2026-04-03T02:50:33.691+0600][62.365s][info][gc,stats    ]   CMR: Thread Roots                2699 us, workers (us): 1122, 1576,   0, ---, ---, ---, 
[2026-04-03T02:50:33.691+0600][62.365s][info][gc,stats    ]   CMR: VM Strong Roots               83 us, workers (us):  49,  34,   1, ---, ---, ---, 
[2026-04-03T02:50:33.691+0600][62.365s][info][gc,stats    ]   CMR: CLDG Roots                   452 us, workers (us): 452, ---, ---, ---, ---, ---, 
[2026-04-03T02:50:33.691+0600][62.365s][info][gc,stats    ] Concurrent Marking                64746 us
[2026-04-03T02:50:33.691+0600][62.365s][info][gc,stats    ] Pause Final Mark (G)               1062 us
[2026-04-03T02:50:33.691+0600][62.365s][info][gc,stats    ] Pause Final Mark (N)                889 us
[2026-04-03T02:50:33.691+0600][62.365s][info][gc,stats    ]   Finish Mark                       194 us
[2026-04-03T02:50:33.691+0600][62.365s][info][gc,stats    ]   Update Region States               83 us
[2026-04-03T02:50:33.691+0600][62.365s][info][gc,stats    ]   Choose Collection Set             341 us
[2026-04-03T02:50:33.691+0600][62.365s][info][gc,stats    ]   Rebuild Free Set                   51 us
[2026-04-03T02:50:33.692+0600][62.365s][info][gc,stats    ] Concurrent Thread Roots            1687 us, parallelism: 2.08x
[2026-04-03T02:50:33.692+0600][62.365s][info][gc,stats    ]   CTR: <total>                     3516 us
[2026-04-03T02:50:33.692+0600][62.365s][info][gc,stats    ]   CTR: Thread Roots                3516 us, workers (us): 1492, 1153, 870, ---, ---, ---, 
[2026-04-03T02:50:33.692+0600][62.365s][info][gc,stats    ] Concurrent Weak References         1590 us, parallelism: 1.34x
[2026-04-03T02:50:33.692+0600][62.365s][info][gc,stats    ]   CWRF: <total>                    2125 us
[2026-04-03T02:50:33.692+0600][62.365s][info][gc,stats    ]   CWRF: Weak References            2125 us, workers (us): 720, 128, 1278, ---, ---, ---, 
[2026-04-03T02:50:33.692+0600][62.365s][info][gc,stats    ] Concurrent Weak Roots              5501 us
[2026-04-03T02:50:33.692+0600][62.365s][info][gc,stats    ]   Roots                            4977 us, parallelism: 2.64x
[2026-04-03T02:50:33.692+0600][62.366s][info][gc,stats    ]     CWR: <total>                  13151 us
[2026-04-03T02:50:33.692+0600][62.366s][info][gc,stats    ]     CWR: Code Cache Roots          9847 us, workers (us): 3348, 3214, 3285, ---, ---, ---, 
[2026-04-03T02:50:33.692+0600][62.366s][info][gc,stats    ]     CWR: VM Weak Roots             3157 us, workers (us): 1060, 1051, 1046, ---, ---, ---, 
[2026-04-03T02:50:33.692+0600][62.366s][info][gc,stats    ]     CWR: CLDG Roots                 147 us, workers (us): ---, 147, ---, ---, ---, ---, 
[2026-04-03T02:50:33.692+0600][62.366s][info][gc,stats    ]   Rendezvous                        285 us
[2026-04-03T02:50:33.692+0600][62.366s][info][gc,stats    ] Concurrent Cleanup                 1175 us
[2026-04-03T02:50:33.692+0600][62.366s][info][gc,stats    ] Concurrent Class Unloading        19850 us
[2026-04-03T02:50:33.692+0600][62.366s][info][gc,stats    ]   Unlink Stale                    16110 us
[2026-04-03T02:50:33.692+0600][62.366s][info][gc,stats    ]     System Dictionary               348 us
[2026-04-03T02:50:33.692+0600][62.366s][info][gc,stats    ]     Weak Class Links                  1 us
[2026-04-03T02:50:33.692+0600][62.366s][info][gc,stats    ]     Code Roots                    15757 us
[2026-04-03T02:50:33.692+0600][62.366s][info][gc,stats    ]   Rendezvous                        276 us
[2026-04-03T02:50:33.692+0600][62.366s][info][gc,stats    ]   Purge Unlinked                   3324 us
[2026-04-03T02:50:33.692+0600][62.366s][info][gc,stats    ]     Code Roots                     3301 us
[2026-04-03T02:50:33.692+0600][62.366s][info][gc,stats    ]     CLDG                             22 us
[2026-04-03T02:50:33.692+0600][62.366s][info][gc,stats    ]     Exception Caches                  0 us
[2026-04-03T02:50:33.692+0600][62.366s][info][gc,stats    ] Concurrent Strong Roots            1377 us, parallelism: 0.69x
[2026-04-03T02:50:33.692+0600][62.366s][info][gc,stats    ]   CSR: <total>                      950 us
[2026-04-03T02:50:33.692+0600][62.366s][info][gc,stats    ]   CSR: VM Strong Roots               52 us, workers (us):  49,   3,   0, ---, ---, ---, 
[2026-04-03T02:50:33.692+0600][62.366s][info][gc,stats    ]   CSR: CLDG Roots                   897 us, workers (us): 897, ---, ---, ---, ---, ---, 
[2026-04-03T02:50:33.692+0600][62.366s][info][gc,stats    ] Concurrent Evacuation              7319 us
[2026-04-03T02:50:33.692+0600][62.366s][info][gc,stats    ] Pause Init Update Refs (G)          638 us
[2026-04-03T02:50:33.692+0600][62.366s][info][gc,stats    ] Pause Init Update Refs (N)          232 us
[2026-04-03T02:50:33.692+0600][62.366s][info][gc,stats    ]   Manage GCLABs                      75 us
[2026-04-03T02:50:33.692+0600][62.366s][info][gc,stats    ] Concurrent Update Refs            75319 us
[2026-04-03T02:50:33.692+0600][62.366s][info][gc,stats    ] Concurrent Update Thread Roots     1566 us
[2026-04-03T02:50:33.692+0600][62.366s][info][gc,stats    ] Pause Final Update Refs (G)         788 us
[2026-04-03T02:50:33.692+0600][62.366s][info][gc,stats    ] Pause Final Update Refs (N)         370 us
[2026-04-03T02:50:33.692+0600][62.366s][info][gc,stats    ]   Update Region States               89 us
[2026-04-03T02:50:33.692+0600][62.366s][info][gc,stats    ]   Trash Collection Set               48 us
[2026-04-03T02:50:33.692+0600][62.366s][info][gc,stats    ]   Rebuild Free Set                   63 us
[2026-04-03T02:50:33.692+0600][62.366s][info][gc,stats    ] Concurrent Cleanup                 1015 us
[2026-04-03T02:50:33.692+0600][62.366s][info][gc,stats    ] Pacing                           156628 us
[2026-04-03T02:50:33.692+0600][62.366s][info][gc,stats    ] 
[2026-04-03T02:50:33.692+0600][62.366s][info][gc,stats    ] Allocation pacing accrued:
[2026-04-03T02:50:33.692+0600][62.366s][info][gc,stats    ]      11 of  1600 ms (  0.7%): dispatcher-event-loop-7
[2026-04-03T02:50:33.692+0600][62.366s][info][gc,stats    ]      11 of  1600 ms (  0.7%): Executor task launch worker for task 6.0 in stage 2411.0 (TID 4571)
[2026-04-03T02:50:33.692+0600][62.366s][info][gc,stats    ]      21 of  1600 ms (  1.3%): Executor task launch worker for task 0.0 in stage 2411.0 (TID 4565)
[2026-04-03T02:50:33.692+0600][62.366s][info][gc,stats    ]      21 of  1600 ms (  1.3%): Executor task launch worker for task 3.0 in stage 2411.0 (TID 4568)
[2026-04-03T02:50:33.692+0600][62.366s][info][gc,stats    ]      25 of  1600 ms (  1.5%): Executor task launch worker for task 4.0 in stage 2411.0 (TID 4569)
[2026-04-03T02:50:33.692+0600][62.366s][info][gc,stats    ]      22 of  1600 ms (  1.4%): Executor task launch worker for task 1.0 in stage 2411.0 (TID 4566)
[2026-04-03T02:50:33.692+0600][62.366s][info][gc,stats    ]      22 of  1600 ms (  1.4%): Executor task launch worker for task 2.0 in stage 2411.0 (TID 4567)
[2026-04-03T02:50:33.692+0600][62.366s][info][gc,stats    ]      20 of  1600 ms (  1.3%): Executor task launch worker for task 5.0 in stage 2411.0 (TID 4570)
[2026-04-03T02:50:33.692+0600][62.366s][info][gc,stats    ]       2 of  1600 ms (  0.2%): task-result-getter-3
[2026-04-03T02:50:33.692+0600][62.366s][info][gc,stats    ]     157 of  1600 ms (  9.8%): <total>
[2026-04-03T02:50:33.692+0600][62.366s][info][gc,stats    ]       1 of  1600 ms (  0.0%): <average total>
[2026-04-03T02:50:33.692+0600][62.366s][info][gc,stats    ]      17 of  1600 ms (  1.1%): <average non-zero>
[2026-04-03T02:50:33.692+0600][62.366s][info][gc,stats    ] 
[2026-04-03T02:50:33.692+0600][62.366s][info][gc,metaspace] Metaspace: 131401K(132672K)->131402K(132672K) NonClass: 114899K(115520K)->114900K(115520K) Class: 16502K(17152K)->16502K(17152K)
[2026-04-03T02:50:33.692+0600][62.366s][info][gc,ergo     ] Pacer for Idle. Initial: 40960K, Alloc Tax Rate: 1.0x
[2026-04-03T02:50:33.895+0600][62.569s][info][gc          ] Trigger: Average GC time (207.09 ms) is above the time for average allocation rate (4003 MB/s) to deplete free headroom (747M) (margin of error = 1.84)
[2026-04-03T02:50:33.895+0600][62.569s][info][gc,ergo     ] Free headroom: 847M (free) - 100M (spike) - 0B (penalties) = 747M
[2026-04-03T02:50:33.895+0600][62.569s][info][gc,ergo     ] Free: 847M, Max: 512K regular, 603M humongous, Frag: 29% external, 0% internal; Reserve: 100M, Max: 512K
[2026-04-03T02:50:33.895+0600][62.569s][info][gc,start    ] GC(40) Concurrent reset
[2026-04-03T02:50:33.895+0600][62.569s][info][gc,task     ] GC(40) Using 3 of 6 workers for concurrent reset
[2026-04-03T02:50:33.895+0600][62.569s][info][gc,ergo     ] GC(40) Pacer for Reset. Non-Taxable: 2000M
[2026-04-03T02:50:33.898+0600][62.572s][info][gc          ] GC(40) Concurrent reset 3.272ms
[2026-04-03T02:50:33.899+0600][62.573s][info][gc,start    ] GC(40) Pause Init Mark (unload classes)
[2026-04-03T02:50:33.899+0600][62.573s][info][gc,task     ] GC(40) Using 6 of 6 workers for init marking
[2026-04-03T02:50:33.899+0600][62.573s][info][gc,ergo     ] GC(40) Pacer for Mark. Expected Live: 97876K, Free: 843M, Non-Taxable: 86363K, Alloc Tax Rate: 0.1x
[2026-04-03T02:50:33.899+0600][62.573s][info][gc          ] GC(40) Pause Init Mark (unload classes) 0.142ms
[2026-04-03T02:50:33.899+0600][62.573s][info][gc,start    ] GC(40) Concurrent marking roots
[2026-04-03T02:50:33.899+0600][62.573s][info][gc,task     ] GC(40) Using 3 of 6 workers for concurrent marking roots
[2026-04-03T02:50:33.901+0600][62.574s][info][gc          ] GC(40) Concurrent marking roots 1.529ms
[2026-04-03T02:50:33.901+0600][62.574s][info][gc,start    ] GC(40) Concurrent marking (unload classes)
[2026-04-03T02:50:33.901+0600][62.574s][info][gc,task     ] GC(40) Using 3 of 6 workers for concurrent marking
[2026-04-03T02:50:33.959+0600][62.632s][info][gc          ] GC(40) Concurrent marking (unload classes) 57.918ms
[2026-04-03T02:50:33.959+0600][62.633s][info][gc,start    ] GC(40) Pause Final Mark (unload classes)
[2026-04-03T02:50:33.959+0600][62.633s][info][gc,task     ] GC(40) Using 6 of 6 workers for final marking
[2026-04-03T02:50:33.959+0600][62.633s][info][gc,ergo     ] GC(40) Adaptive CSet Selection. Target Free: 283M, Actual Free: 1670M, Max CSet: 85333K, Min Garbage: 0B
[2026-04-03T02:50:33.959+0600][62.633s][info][gc,ergo     ] GC(40) Collectable Garbage: 864M (98%), Immediate: 787M (90%), CSet: 78810K (8%)
[2026-04-03T02:50:33.959+0600][62.633s][info][gc,ergo     ] GC(40) Pacer for Evacuation. Used CSet: 86381K, Free: 1661M, Non-Taxable: 166M, Alloc Tax Rate: 1.1x
[2026-04-03T02:50:33.959+0600][62.633s][info][gc          ] GC(40) Pause Final Mark (unload classes) 0.725ms
[2026-04-03T02:50:33.960+0600][62.633s][info][gc,start    ] GC(40) Concurrent thread roots
[2026-04-03T02:50:33.960+0600][62.633s][info][gc,task     ] GC(40) Using 3 of 6 workers for Concurrent thread roots
[2026-04-03T02:50:33.960+0600][62.634s][info][gc          ] GC(40) Concurrent thread roots 0.854ms
[2026-04-03T02:50:33.960+0600][62.634s][info][gc,start    ] GC(40) Concurrent weak references
[2026-04-03T02:50:33.960+0600][62.634s][info][gc,task     ] GC(40) Using 3 of 6 workers for concurrent weak references
[2026-04-03T02:50:33.961+0600][62.635s][info][gc,ref      ] GC(40) Encountered references: Soft: 3792, Weak: 15524, Final: 84, Phantom: 621
[2026-04-03T02:50:33.961+0600][62.635s][info][gc,ref      ] GC(40) Discovered  references: Soft: 0, Weak: 3552, Final: 0, Phantom: 616
[2026-04-03T02:50:33.961+0600][62.635s][info][gc,ref      ] GC(40) Enqueued    references: Soft: 0, Weak: 812, Final: 0, Phantom: 0
[2026-04-03T02:50:33.961+0600][62.635s][info][gc          ] GC(40) Concurrent weak references 0.437ms
[2026-04-03T02:50:33.961+0600][62.635s][info][gc,start    ] GC(40) Concurrent weak roots
[2026-04-03T02:50:33.961+0600][62.635s][info][gc,task     ] GC(40) Using 3 of 6 workers for concurrent weak root
[2026-04-03T02:50:33.967+0600][62.640s][info][gc          ] GC(40) Concurrent weak roots 5.669ms
[2026-04-03T02:50:33.967+0600][62.640s][info][gc,start    ] GC(40) Concurrent cleanup
[2026-04-03T02:50:33.968+0600][62.642s][info][gc          ] GC(40) Concurrent cleanup 1023M->235M(1742M) 1.053ms
[2026-04-03T02:50:33.968+0600][62.642s][info][gc,ergo     ] GC(40) Free: 1658M, Max: 512K regular, 576M humongous, Frag: 66% external, 0% internal; Reserve: 102096K, Max: 512K
[2026-04-03T02:50:33.968+0600][62.642s][info][gc,start    ] GC(40) Concurrent class unloading
[2026-04-03T02:50:33.968+0600][62.642s][info][gc,task     ] GC(40) Using 3 of 6 workers for concurrent class unloading
[2026-04-03T02:50:33.988+0600][62.662s][info][gc          ] GC(40) Concurrent class unloading 19.946ms
[2026-04-03T02:50:33.988+0600][62.662s][info][gc,start    ] GC(40) Concurrent strong roots
[2026-04-03T02:50:33.988+0600][62.662s][info][gc,task     ] GC(40) Using 3 of 6 workers for concurrent strong root
[2026-04-03T02:50:33.990+0600][62.664s][info][gc          ] GC(40) Concurrent strong roots 1.855ms
[2026-04-03T02:50:33.990+0600][62.664s][info][gc,start    ] GC(40) Concurrent evacuation
[2026-04-03T02:50:33.990+0600][62.664s][info][gc,task     ] GC(40) Using 3 of 6 workers for concurrent evacuation
[2026-04-03T02:50:33.998+0600][62.672s][info][gc          ] GC(40) Concurrent evacuation 7.974ms
[2026-04-03T02:50:33.998+0600][62.672s][info][gc,start    ] GC(40) Pause Init Update Refs
[2026-04-03T02:50:33.998+0600][62.672s][info][gc,ergo     ] GC(40) Pacer for Update Refs. Used: 273M, Free: 1625M, Non-Taxable: 162M, Alloc Tax Rate: 1.1x
[2026-04-03T02:50:33.998+0600][62.672s][info][gc          ] GC(40) Pause Init Update Refs 0.145ms
[2026-04-03T02:50:33.998+0600][62.672s][info][gc,start    ] GC(40) Concurrent update references
[2026-04-03T02:50:33.998+0600][62.672s][info][gc,task     ] GC(40) Using 3 of 6 workers for concurrent reference update
[2026-04-03T02:50:34.053+0600][62.727s][info][gc          ] GC(40) Concurrent update references 55.132ms
[2026-04-03T02:50:34.054+0600][62.727s][info][gc,start    ] GC(40) Concurrent update thread roots
[2026-04-03T02:50:34.055+0600][62.729s][info][gc          ] GC(40) Concurrent update thread roots 1.154ms
[2026-04-03T02:50:34.055+0600][62.729s][info][gc,start    ] GC(40) Pause Final Update Refs
[2026-04-03T02:50:34.055+0600][62.729s][info][gc,task     ] GC(40) Using 6 of 6 workers for final reference update
[2026-04-03T02:50:34.055+0600][62.729s][info][gc          ] GC(40) Pause Final Update Refs 0.210ms
[2026-04-03T02:50:34.055+0600][62.729s][info][gc,start    ] GC(40) Concurrent cleanup
[2026-04-03T02:50:34.056+0600][62.729s][info][gc          ] GC(40) Concurrent cleanup 298M->214M(1742M) 0.311ms
[2026-04-03T02:50:34.056+0600][62.729s][info][gc,ergo     ] Free: 1670M, Max: 512K regular, 844M humongous, Frag: 50% external, 0% internal; Reserve: 100M, Max: 512K
[2026-04-03T02:50:34.056+0600][62.730s][info][gc,stats    ] 
[2026-04-03T02:50:34.056+0600][62.730s][info][gc,stats    ] All times are wall-clock times, except per-root-class counters, that are sum over
[2026-04-03T02:50:34.056+0600][62.730s][info][gc,stats    ] all workers. Dividing the <total> over the root stage time estimates parallelism.
[2026-04-03T02:50:34.056+0600][62.730s][info][gc,stats    ] 
[2026-04-03T02:50:34.056+0600][62.730s][info][gc,stats    ] Concurrent Reset                   3454 us
[2026-04-03T02:50:34.056+0600][62.730s][info][gc,stats    ] Pause Init Mark (G)                 398 us
[2026-04-03T02:50:34.056+0600][62.730s][info][gc,stats    ] Pause Init Mark (N)                 150 us
[2026-04-03T02:50:34.056+0600][62.730s][info][gc,stats    ]   Update Region States               45 us
[2026-04-03T02:50:34.056+0600][62.730s][info][gc,stats    ] Concurrent Mark Roots              1582 us, parallelism: 2.00x
[2026-04-03T02:50:34.056+0600][62.730s][info][gc,stats    ]   CMR: <total>                     3170 us
[2026-04-03T02:50:34.056+0600][62.730s][info][gc,stats    ]   CMR: Thread Roots                2884 us, workers (us): 1027, 812, 1045, ---, ---, ---, 
[2026-04-03T02:50:34.056+0600][62.730s][info][gc,stats    ]   CMR: VM Strong Roots               62 us, workers (us):  27,  18,  17, ---, ---, ---, 
[2026-04-03T02:50:34.056+0600][62.730s][info][gc,stats    ]   CMR: CLDG Roots                   224 us, workers (us): ---, 224, ---, ---, ---, ---, 
[2026-04-03T02:50:34.056+0600][62.730s][info][gc,stats    ] Concurrent Marking                58032 us
[2026-04-03T02:50:34.056+0600][62.730s][info][gc,stats    ] Pause Final Mark (G)                941 us
[2026-04-03T02:50:34.056+0600][62.730s][info][gc,stats    ] Pause Final Mark (N)                736 us
[2026-04-03T02:50:34.056+0600][62.730s][info][gc,stats    ]   Finish Mark                       274 us
[2026-04-03T02:50:34.056+0600][62.730s][info][gc,stats    ]   Update Region States               60 us
[2026-04-03T02:50:34.056+0600][62.730s][info][gc,stats    ]   Choose Collection Set             210 us
[2026-04-03T02:50:34.056+0600][62.730s][info][gc,stats    ]   Rebuild Free Set                   51 us
[2026-04-03T02:50:34.056+0600][62.730s][info][gc,stats    ] Concurrent Thread Roots             877 us, parallelism: 2.37x
[2026-04-03T02:50:34.056+0600][62.730s][info][gc,stats    ]   CTR: <total>                     2079 us
[2026-04-03T02:50:34.056+0600][62.730s][info][gc,stats    ]   CTR: Thread Roots                2079 us, workers (us): 728, 685, 666, ---, ---, ---, 
[2026-04-03T02:50:34.056+0600][62.730s][info][gc,stats    ] Concurrent Weak References          447 us, parallelism: 1.27x
[2026-04-03T02:50:34.056+0600][62.730s][info][gc,stats    ]   CWRF: <total>                     569 us
[2026-04-03T02:50:34.056+0600][62.730s][info][gc,stats    ]   CWRF: Weak References             569 us, workers (us): 191, 224, 154, ---, ---, ---, 
[2026-04-03T02:50:34.056+0600][62.730s][info][gc,stats    ] Concurrent Weak Roots              5748 us
[2026-04-03T02:50:34.056+0600][62.730s][info][gc,stats    ]   Roots                            5147 us, parallelism: 2.70x
[2026-04-03T02:50:34.056+0600][62.730s][info][gc,stats    ]     CWR: <total>                  13883 us
[2026-04-03T02:50:34.056+0600][62.730s][info][gc,stats    ]     CWR: Code Cache Roots         11546 us, workers (us): 3850, 3886, 3811, ---, ---, ---, 
[2026-04-03T02:50:34.056+0600][62.730s][info][gc,stats    ]     CWR: VM Weak Roots             2193 us, workers (us): 732, 731, 731, ---, ---, ---, 
[2026-04-03T02:50:34.056+0600][62.730s][info][gc,stats    ]     CWR: CLDG Roots                 143 us, workers (us): ---, 143, ---, ---, ---, ---, 
[2026-04-03T02:50:34.056+0600][62.730s][info][gc,stats    ]   Rendezvous                        492 us
[2026-04-03T02:50:34.056+0600][62.730s][info][gc,stats    ] Concurrent Cleanup                 1075 us
[2026-04-03T02:50:34.056+0600][62.730s][info][gc,stats    ] Concurrent Class Unloading        20072 us
[2026-04-03T02:50:34.056+0600][62.730s][info][gc,stats    ]   Unlink Stale                    16469 us
[2026-04-03T02:50:34.056+0600][62.730s][info][gc,stats    ]     System Dictionary               298 us
[2026-04-03T02:50:34.056+0600][62.730s][info][gc,stats    ]     Weak Class Links                  0 us
[2026-04-03T02:50:34.056+0600][62.730s][info][gc,stats    ]     Code Roots                    16167 us
[2026-04-03T02:50:34.056+0600][62.730s][info][gc,stats    ]   Rendezvous                       2228 us
[2026-04-03T02:50:34.056+0600][62.730s][info][gc,stats    ]   Purge Unlinked                   1209 us
[2026-04-03T02:50:34.056+0600][62.730s][info][gc,stats    ]     Code Roots                     1180 us
[2026-04-03T02:50:34.056+0600][62.730s][info][gc,stats    ]     CLDG                             28 us
[2026-04-03T02:50:34.056+0600][62.730s][info][gc,stats    ]     Exception Caches                  0 us
[2026-04-03T02:50:34.056+0600][62.730s][info][gc,stats    ] Concurrent Strong Roots            1936 us, parallelism: 0.70x
[2026-04-03T02:50:34.056+0600][62.730s][info][gc,stats    ]   CSR: <total>                     1361 us
[2026-04-03T02:50:34.056+0600][62.730s][info][gc,stats    ]   CSR: VM Strong Roots               58 us, workers (us):  56,   2,   0, ---, ---, ---, 
[2026-04-03T02:50:34.056+0600][62.730s][info][gc,stats    ]   CSR: CLDG Roots                  1303 us, workers (us): 1303, ---, ---, ---, ---, ---, 
[2026-04-03T02:50:34.056+0600][62.730s][info][gc,stats    ] Concurrent Evacuation              8062 us
[2026-04-03T02:50:34.056+0600][62.730s][info][gc,stats    ] Pause Init Update Refs (G)          370 us
[2026-04-03T02:50:34.056+0600][62.730s][info][gc,stats    ] Pause Init Update Refs (N)          158 us
[2026-04-03T02:50:34.056+0600][62.730s][info][gc,stats    ]   Manage GCLABs                      49 us
[2026-04-03T02:50:34.056+0600][62.730s][info][gc,stats    ] Concurrent Update Refs            55250 us
[2026-04-03T02:50:34.056+0600][62.730s][info][gc,stats    ] Concurrent Update Thread Roots     1222 us
[2026-04-03T02:50:34.056+0600][62.730s][info][gc,stats    ] Pause Final Update Refs (G)         481 us
[2026-04-03T02:50:34.056+0600][62.730s][info][gc,stats    ] Pause Final Update Refs (N)         226 us
[2026-04-03T02:50:34.056+0600][62.730s][info][gc,stats    ]   Update Region States               59 us
[2026-04-03T02:50:34.056+0600][62.730s][info][gc,stats    ]   Trash Collection Set               12 us
[2026-04-03T02:50:34.056+0600][62.730s][info][gc,stats    ]   Rebuild Free Set                   48 us
[2026-04-03T02:50:34.056+0600][62.730s][info][gc,stats    ] Concurrent Cleanup                  333 us
[2026-04-03T02:50:34.056+0600][62.730s][info][gc,stats    ] 
[2026-04-03T02:50:34.056+0600][62.730s][info][gc,stats    ] Allocation pacing accrued:
[2026-04-03T02:50:34.056+0600][62.730s][info][gc,stats    ]       0 of   364 ms (  0.0%): <total>
[2026-04-03T02:50:34.056+0600][62.730s][info][gc,stats    ]       0 of   364 ms (  0.0%): <average total>
[2026-04-03T02:50:34.056+0600][62.730s][info][gc,stats    ] 
[2026-04-03T02:50:34.056+0600][62.730s][info][gc,metaspace] Metaspace: 131405K(132672K)->131417K(132672K) NonClass: 114902K(115520K)->114914K(115520K) Class: 16502K(17152K)->16502K(17152K)
[2026-04-03T02:50:34.056+0600][62.730s][info][gc,ergo     ] Pacer for Idle. Initial: 40960K, Alloc Tax Rate: 1.0x
[2026-04-03T02:50:35.364+0600][64.038s][info][gc          ] Trigger: Average GC time (197.89 ms) is above the time for average allocation rate (1124 MB/s) to deplete free headroom (190M) (margin of error = 1.84)
[2026-04-03T02:50:35.364+0600][64.038s][info][gc,ergo     ] Free headroom: 290M (free) - 100M (spike) - 0B (penalties) = 190M
[2026-04-03T02:50:35.364+0600][64.038s][info][gc,ergo     ] Free: 290M, Max: 512K regular, 288M humongous, Frag: 0% external, 0% internal; Reserve: 100M, Max: 512K
[2026-04-03T02:50:35.364+0600][64.038s][info][gc,start    ] GC(41) Concurrent reset
[2026-04-03T02:50:35.365+0600][64.038s][info][gc,task     ] GC(41) Using 3 of 6 workers for concurrent reset
[2026-04-03T02:50:35.365+0600][64.038s][info][gc,ergo     ] GC(41) Pacer for Reset. Non-Taxable: 2000M
[2026-04-03T02:50:35.366+0600][64.040s][info][gc          ] GC(41) Concurrent reset 1.428ms
[2026-04-03T02:50:35.366+0600][64.040s][info][gc,start    ] GC(41) Pause Init Mark (unload classes)
[2026-04-03T02:50:35.366+0600][64.040s][info][gc,task     ] GC(41) Using 6 of 6 workers for init marking
[2026-04-03T02:50:35.366+0600][64.040s][info][gc,ergo     ] GC(41) Pacer for Mark. Expected Live: 97889K, Free: 288M, Non-Taxable: 29554K, Alloc Tax Rate: 0.4x
[2026-04-03T02:50:35.366+0600][64.040s][info][gc          ] GC(41) Pause Init Mark (unload classes) 0.179ms
[2026-04-03T02:50:35.367+0600][64.040s][info][gc,start    ] GC(41) Concurrent marking roots
[2026-04-03T02:50:35.367+0600][64.040s][info][gc,task     ] GC(41) Using 3 of 6 workers for concurrent marking roots
[2026-04-03T02:50:35.368+0600][64.042s][info][gc          ] GC(41) Concurrent marking roots 1.743ms
[2026-04-03T02:50:35.368+0600][64.042s][info][gc,start    ] GC(41) Concurrent marking (unload classes)
[2026-04-03T02:50:35.368+0600][64.042s][info][gc,task     ] GC(41) Using 3 of 6 workers for concurrent marking
[2026-04-03T02:50:35.435+0600][64.109s][info][gc          ] GC(41) Concurrent marking (unload classes) 66.760ms
[2026-04-03T02:50:35.435+0600][64.109s][info][gc,start    ] GC(41) Pause Final Mark (unload classes)
[2026-04-03T02:50:35.435+0600][64.109s][info][gc,task     ] GC(41) Using 6 of 6 workers for final marking
[2026-04-03T02:50:35.436+0600][64.110s][info][gc,ergo     ] GC(41) Adaptive CSet Selection. Target Free: 283M, Actual Free: 1323M, Max CSet: 85333K, Min Garbage: 0B
[2026-04-03T02:50:35.436+0600][64.110s][info][gc,ergo     ] GC(41) Collectable Garbage: 1375M (99%), Immediate: 981M (70%), CSet: 393M (28%)
[2026-04-03T02:50:35.436+0600][64.110s][info][gc,ergo     ] GC(41) Pacer for Evacuation. Used CSet: 407M, Free: 1351M, Non-Taxable: 135M, Alloc Tax Rate: 1.1x
[2026-04-03T02:50:35.436+0600][64.110s][info][gc          ] GC(41) Pause Final Mark (unload classes) 0.848ms
[2026-04-03T02:50:35.436+0600][64.110s][info][gc,start    ] GC(41) Concurrent thread roots
[2026-04-03T02:50:35.436+0600][64.110s][info][gc,task     ] GC(41) Using 3 of 6 workers for Concurrent thread roots
[2026-04-03T02:50:35.437+0600][64.111s][info][gc          ] GC(41) Concurrent thread roots 1.013ms
[2026-04-03T02:50:35.437+0600][64.111s][info][gc,start    ] GC(41) Concurrent weak references
[2026-04-03T02:50:35.437+0600][64.111s][info][gc,task     ] GC(41) Using 3 of 6 workers for concurrent weak references
[2026-04-03T02:50:35.438+0600][64.112s][info][gc,ref      ] GC(41) Encountered references: Soft: 3790, Weak: 17016, Final: 84, Phantom: 621
[2026-04-03T02:50:35.438+0600][64.112s][info][gc,ref      ] GC(41) Discovered  references: Soft: 0, Weak: 10024, Final: 52, Phantom: 576
[2026-04-03T02:50:35.438+0600][64.112s][info][gc,ref      ] GC(41) Enqueued    references: Soft: 0, Weak: 2111, Final: 0, Phantom: 0
[2026-04-03T02:50:35.439+0600][64.112s][info][gc          ] GC(41) Concurrent weak references 1.140ms
[2026-04-03T02:50:35.439+0600][64.112s][info][gc,start    ] GC(41) Concurrent weak roots
[2026-04-03T02:50:35.439+0600][64.112s][info][gc,task     ] GC(41) Using 3 of 6 workers for concurrent weak root
[2026-04-03T02:50:35.446+0600][64.120s][info][gc          ] GC(41) Concurrent weak roots 7.186ms
[2026-04-03T02:50:35.446+0600][64.120s][info][gc,start    ] GC(41) Concurrent cleanup
[2026-04-03T02:50:35.447+0600][64.121s][info][gc          ] GC(41) Concurrent cleanup 1535M->555M(1742M) 1.352ms
[2026-04-03T02:50:35.447+0600][64.121s][info][gc,ergo     ] GC(41) Free: 1338M, Max: 512K regular, 229M humongous, Frag: 83% external, 0% internal; Reserve: 102072K, Max: 512K
[2026-04-03T02:50:35.447+0600][64.121s][info][gc,start    ] GC(41) Concurrent class unloading
[2026-04-03T02:50:35.447+0600][64.121s][info][gc,task     ] GC(41) Using 3 of 6 workers for concurrent class unloading
[2026-04-03T02:50:35.473+0600][64.147s][info][gc          ] GC(41) Concurrent class unloading 25.372ms
[2026-04-03T02:50:35.473+0600][64.147s][info][gc,start    ] GC(41) Concurrent strong roots
[2026-04-03T02:50:35.473+0600][64.147s][info][gc,task     ] GC(41) Using 3 of 6 workers for concurrent strong root
[2026-04-03T02:50:35.474+0600][64.148s][info][gc          ] GC(41) Concurrent strong roots 1.686ms
[2026-04-03T02:50:35.475+0600][64.148s][info][gc,start    ] GC(41) Concurrent evacuation
[2026-04-03T02:50:35.475+0600][64.148s][info][gc,task     ] GC(41) Using 3 of 6 workers for concurrent evacuation
[2026-04-03T02:50:35.490+0600][64.164s][info][gc          ] GC(41) Concurrent evacuation 15.404ms
[2026-04-03T02:50:35.490+0600][64.164s][info][gc,start    ] GC(41) Pause Init Update Refs
[2026-04-03T02:50:35.491+0600][64.164s][info][gc,ergo     ] GC(41) Pacer for Update Refs. Used: 617M, Free: 1290M, Non-Taxable: 129M, Alloc Tax Rate: 1.1x
[2026-04-03T02:50:35.491+0600][64.164s][info][gc          ] GC(41) Pause Init Update Refs 0.251ms
[2026-04-03T02:50:35.491+0600][64.165s][info][gc,start    ] GC(41) Concurrent update references
[2026-04-03T02:50:35.491+0600][64.165s][info][gc,task     ] GC(41) Using 3 of 6 workers for concurrent reference update
[2026-04-03T02:50:35.538+0600][64.212s][info][gc          ] GC(41) Concurrent update references 47.496ms
[2026-04-03T02:50:35.538+0600][64.212s][info][gc,start    ] GC(41) Concurrent update thread roots
[2026-04-03T02:50:35.540+0600][64.213s][info][gc          ] GC(41) Concurrent update thread roots 1.250ms
[2026-04-03T02:50:35.540+0600][64.214s][info][gc,start    ] GC(41) Pause Final Update Refs
[2026-04-03T02:50:35.540+0600][64.214s][info][gc,task     ] GC(41) Using 6 of 6 workers for final reference update
[2026-04-03T02:50:35.540+0600][64.214s][info][gc          ] GC(41) Pause Final Update Refs 0.266ms
[2026-04-03T02:50:35.540+0600][64.214s][info][gc,start    ] GC(41) Concurrent cleanup
[2026-04-03T02:50:35.541+0600][64.214s][info][gc          ] GC(41) Concurrent cleanup 642M->235M(1742M) 0.384ms
[2026-04-03T02:50:35.541+0600][64.214s][info][gc,ergo     ] Free: 1653M, Max: 512K regular, 1082M humongous, Frag: 35% external, 0% internal; Reserve: 100M, Max: 512K
[2026-04-03T02:50:35.541+0600][64.215s][info][gc,stats    ] 
[2026-04-03T02:50:35.541+0600][64.215s][info][gc,stats    ] All times are wall-clock times, except per-root-class counters, that are sum over
[2026-04-03T02:50:35.541+0600][64.215s][info][gc,stats    ] all workers. Dividing the <total> over the root stage time estimates parallelism.
[2026-04-03T02:50:35.541+0600][64.215s][info][gc,stats    ] 
[2026-04-03T02:50:35.541+0600][64.215s][info][gc,stats    ] Concurrent Reset                   1499 us
[2026-04-03T02:50:35.541+0600][64.215s][info][gc,stats    ] Pause Init Mark (G)                 527 us
[2026-04-03T02:50:35.541+0600][64.215s][info][gc,stats    ] Pause Init Mark (N)                 192 us
[2026-04-03T02:50:35.541+0600][64.215s][info][gc,stats    ]   Update Region States               54 us
[2026-04-03T02:50:35.541+0600][64.215s][info][gc,stats    ] Concurrent Mark Roots              1812 us, parallelism: 1.84x
[2026-04-03T02:50:35.541+0600][64.215s][info][gc,stats    ]   CMR: <total>                     3343 us
[2026-04-03T02:50:35.541+0600][64.215s][info][gc,stats    ]   CMR: Thread Roots                2848 us, workers (us): 1087, 1088, 673, ---, ---, ---, 
[2026-04-03T02:50:35.541+0600][64.215s][info][gc,stats    ]   CMR: VM Strong Roots               70 us, workers (us):  27,  26,  17, ---, ---, ---, 
[2026-04-03T02:50:35.541+0600][64.215s][info][gc,stats    ]   CMR: CLDG Roots                   424 us, workers (us): ---, ---, 424, ---, ---, ---, 
[2026-04-03T02:50:35.541+0600][64.215s][info][gc,stats    ] Concurrent Marking                66833 us
[2026-04-03T02:50:35.541+0600][64.215s][info][gc,stats    ] Pause Final Mark (G)               1123 us
[2026-04-03T02:50:35.541+0600][64.215s][info][gc,stats    ] Pause Final Mark (N)                860 us
[2026-04-03T02:50:35.541+0600][64.215s][info][gc,stats    ]   Finish Mark                       275 us
[2026-04-03T02:50:35.541+0600][64.215s][info][gc,stats    ]   Update Region States               48 us
[2026-04-03T02:50:35.541+0600][64.215s][info][gc,stats    ]   Choose Collection Set             335 us
[2026-04-03T02:50:35.541+0600][64.215s][info][gc,stats    ]   Rebuild Free Set                   51 us
[2026-04-03T02:50:35.541+0600][64.215s][info][gc,stats    ] Concurrent Thread Roots            1058 us, parallelism: 2.37x
[2026-04-03T02:50:35.541+0600][64.215s][info][gc,stats    ]   CTR: <total>                     2511 us
[2026-04-03T02:50:35.541+0600][64.215s][info][gc,stats    ]   CTR: Thread Roots                2511 us, workers (us): 847, 830, 834, ---, ---, ---, 
[2026-04-03T02:50:35.541+0600][64.215s][info][gc,stats    ] Concurrent Weak References         1150 us, parallelism: 1.06x
[2026-04-03T02:50:35.541+0600][64.215s][info][gc,stats    ]   CWRF: <total>                    1217 us
[2026-04-03T02:50:35.541+0600][64.215s][info][gc,stats    ]   CWRF: Weak References            1217 us, workers (us): 177, 1040,   0, ---, ---, ---, 
[2026-04-03T02:50:35.541+0600][64.215s][info][gc,stats    ] Concurrent Weak Roots              7272 us
[2026-04-03T02:50:35.541+0600][64.215s][info][gc,stats    ]   Roots                            6840 us, parallelism: 2.84x
[2026-04-03T02:50:35.541+0600][64.215s][info][gc,stats    ]     CWR: <total>                  19414 us
[2026-04-03T02:50:35.541+0600][64.215s][info][gc,stats    ]     CWR: Code Cache Roots         16145 us, workers (us): 5177, 5524, 5445, ---, ---, ---, 
[2026-04-03T02:50:35.541+0600][64.215s][info][gc,stats    ]     CWR: VM Weak Roots             3059 us, workers (us): 1026, 1016, 1018, ---, ---, ---, 
[2026-04-03T02:50:35.541+0600][64.215s][info][gc,stats    ]     CWR: CLDG Roots                 210 us, workers (us): 210, ---, ---, ---, ---, ---, 
[2026-04-03T02:50:35.541+0600][64.215s][info][gc,stats    ]   Rendezvous                        298 us
[2026-04-03T02:50:35.541+0600][64.215s][info][gc,stats    ] Concurrent Cleanup                 1411 us
[2026-04-03T02:50:35.541+0600][64.215s][info][gc,stats    ] Concurrent Class Unloading        25507 us
[2026-04-03T02:50:35.541+0600][64.215s][info][gc,stats    ]   Unlink Stale                    22517 us
[2026-04-03T02:50:35.541+0600][64.215s][info][gc,stats    ]     System Dictionary               286 us
[2026-04-03T02:50:35.541+0600][64.215s][info][gc,stats    ]     Weak Class Links                  0 us
[2026-04-03T02:50:35.541+0600][64.215s][info][gc,stats    ]     Code Roots                    22226 us
[2026-04-03T02:50:35.541+0600][64.215s][info][gc,stats    ]   Rendezvous                        378 us
[2026-04-03T02:50:35.541+0600][64.215s][info][gc,stats    ]   Purge Unlinked                   2434 us
[2026-04-03T02:50:35.541+0600][64.215s][info][gc,stats    ]     Code Roots                     2412 us
[2026-04-03T02:50:35.541+0600][64.215s][info][gc,stats    ]     CLDG                             21 us
[2026-04-03T02:50:35.541+0600][64.215s][info][gc,stats    ]     Exception Caches                  0 us
[2026-04-03T02:50:35.541+0600][64.215s][info][gc,stats    ] Concurrent Strong Roots            1751 us, parallelism: 0.65x
[2026-04-03T02:50:35.541+0600][64.215s][info][gc,stats    ]   CSR: <total>                     1139 us
[2026-04-03T02:50:35.541+0600][64.215s][info][gc,stats    ]   CSR: VM Strong Roots               47 us, workers (us):  45,   2,   0, ---, ---, ---, 
[2026-04-03T02:50:35.541+0600][64.215s][info][gc,stats    ]   CSR: CLDG Roots                  1092 us, workers (us): 1092, ---, ---, ---, ---, ---, 
[2026-04-03T02:50:35.541+0600][64.215s][info][gc,stats    ] Concurrent Evacuation             15494 us
[2026-04-03T02:50:35.541+0600][64.215s][info][gc,stats    ] Pause Init Update Refs (G)          650 us
[2026-04-03T02:50:35.541+0600][64.215s][info][gc,stats    ] Pause Init Update Refs (N)          267 us
[2026-04-03T02:50:35.541+0600][64.215s][info][gc,stats    ]   Manage GCLABs                      72 us
[2026-04-03T02:50:35.541+0600][64.215s][info][gc,stats    ] Concurrent Update Refs            47591 us
[2026-04-03T02:50:35.541+0600][64.215s][info][gc,stats    ] Concurrent Update Thread Roots     1338 us
[2026-04-03T02:50:35.541+0600][64.215s][info][gc,stats    ] Pause Final Update Refs (G)         528 us
[2026-04-03T02:50:35.541+0600][64.215s][info][gc,stats    ] Pause Final Update Refs (N)         287 us
[2026-04-03T02:50:35.541+0600][64.215s][info][gc,stats    ]   Update Region States               79 us
[2026-04-03T02:50:35.541+0600][64.215s][info][gc,stats    ]   Trash Collection Set               30 us
[2026-04-03T02:50:35.541+0600][64.215s][info][gc,stats    ]   Rebuild Free Set                   58 us
[2026-04-03T02:50:35.541+0600][64.215s][info][gc,stats    ] Concurrent Cleanup                  413 us
[2026-04-03T02:50:35.541+0600][64.215s][info][gc,stats    ] Pacing                           157481 us
[2026-04-03T02:50:35.541+0600][64.215s][info][gc,stats    ] 
[2026-04-03T02:50:35.541+0600][64.215s][info][gc,stats    ] Allocation pacing accrued:
[2026-04-03T02:50:35.541+0600][64.215s][info][gc,stats    ]      19 of  1485 ms (  1.3%): Executor task launch worker for task 4.0 in stage 2570.0 (TID 4823)
[2026-04-03T02:50:35.541+0600][64.215s][info][gc,stats    ]      20 of  1485 ms (  1.4%): Executor task launch worker for task 0.0 in stage 2573.0 (TID 4827)
[2026-04-03T02:50:35.541+0600][64.215s][info][gc,stats    ]      19 of  1485 ms (  1.3%): Executor task launch worker for task 6.0 in stage 2570.0 (TID 4825)
[2026-04-03T02:50:35.541+0600][64.215s][info][gc,stats    ]      19 of  1485 ms (  1.3%): Executor task launch worker for task 1.0 in stage 2570.0 (TID 4820)
[2026-04-03T02:50:35.541+0600][64.215s][info][gc,stats    ]      20 of  1485 ms (  1.3%): Executor task launch worker for task 3.0 in stage 2570.0 (TID 4822)
[2026-04-03T02:50:35.541+0600][64.215s][info][gc,stats    ]      19 of  1485 ms (  1.3%): Executor task launch worker for task 0.0 in stage 2570.0 (TID 4819)
[2026-04-03T02:50:35.541+0600][64.215s][info][gc,stats    ]      20 of  1485 ms (  1.3%): Executor task launch worker for task 2.0 in stage 2570.0 (TID 4821)
[2026-04-03T02:50:35.541+0600][64.215s][info][gc,stats    ]      21 of  1485 ms (  1.4%): Executor task launch worker for task 7.0 in stage 2570.0 (TID 4826)
[2026-04-03T02:50:35.541+0600][64.215s][info][gc,stats    ]     157 of  1485 ms ( 10.6%): <total>
[2026-04-03T02:50:35.541+0600][64.215s][info][gc,stats    ]       1 of  1485 ms (  0.0%): <average total>
[2026-04-03T02:50:35.541+0600][64.215s][info][gc,stats    ]      20 of  1485 ms (  1.3%): <average non-zero>
[2026-04-03T02:50:35.541+0600][64.215s][info][gc,stats    ] 
[2026-04-03T02:50:35.541+0600][64.215s][info][gc,metaspace] Metaspace: 131437K(132736K)->131440K(132736K) NonClass: 114935K(115584K)->114938K(115584K) Class: 16502K(17152K)->16502K(17152K)
[2026-04-03T02:50:35.541+0600][64.215s][info][gc,ergo     ] Pacer for Idle. Initial: 40960K, Alloc Tax Rate: 1.0x
[2026-04-03T02:50:35.745+0600][64.418s][info][gc          ] Trigger: Average GC time (193.03 ms) is above the time for instantaneous allocation rate (4241 MB/s) to deplete free headroom (747M) (spike threshold = 1.77)
[2026-04-03T02:50:35.745+0600][64.419s][info][gc,ergo     ] Free: 846M, Max: 512K regular, 611M humongous, Frag: 28% external, 0% internal; Reserve: 100M, Max: 512K
[2026-04-03T02:50:35.745+0600][64.419s][info][gc,start    ] GC(42) Concurrent reset
[2026-04-03T02:50:35.745+0600][64.419s][info][gc,task     ] GC(42) Using 3 of 6 workers for concurrent reset
[2026-04-03T02:50:35.745+0600][64.419s][info][gc,ergo     ] GC(42) Pacer for Reset. Non-Taxable: 2000M
[2026-04-03T02:50:35.747+0600][64.421s][info][gc          ] GC(42) Concurrent reset 2.144ms
[2026-04-03T02:50:35.747+0600][64.421s][info][gc,start    ] GC(42) Pause Init Mark (unload classes)
[2026-04-03T02:50:35.747+0600][64.421s][info][gc,task     ] GC(42) Using 6 of 6 workers for init marking
[2026-04-03T02:50:35.747+0600][64.421s][info][gc,ergo     ] GC(42) Pacer for Mark. Expected Live: 99272K, Free: 846M, Non-Taxable: 86702K, Alloc Tax Rate: 0.1x
[2026-04-03T02:50:35.747+0600][64.421s][info][gc          ] GC(42) Pause Init Mark (unload classes) 0.177ms
[2026-04-03T02:50:35.747+0600][64.421s][info][gc,start    ] GC(42) Concurrent marking roots
[2026-04-03T02:50:35.747+0600][64.421s][info][gc,task     ] GC(42) Using 3 of 6 workers for concurrent marking roots
[2026-04-03T02:50:35.749+0600][64.423s][info][gc          ] GC(42) Concurrent marking roots 1.198ms
[2026-04-03T02:50:35.749+0600][64.423s][info][gc,start    ] GC(42) Concurrent marking (unload classes)
[2026-04-03T02:50:35.749+0600][64.423s][info][gc,task     ] GC(42) Using 3 of 6 workers for concurrent marking
[2026-04-03T02:50:35.796+0600][64.470s][info][gc          ] GC(42) Concurrent marking (unload classes) 47.188ms
[2026-04-03T02:50:35.796+0600][64.470s][info][gc,start    ] GC(42) Pause Final Mark (unload classes)
[2026-04-03T02:50:35.796+0600][64.470s][info][gc,task     ] GC(42) Using 6 of 6 workers for final marking
[2026-04-03T02:50:35.797+0600][64.471s][info][gc,ergo     ] GC(42) Adaptive CSet Selection. Target Free: 283M, Actual Free: 1659M, Max CSet: 85333K, Min Garbage: 0B
[2026-04-03T02:50:35.797+0600][64.471s][info][gc,ergo     ] GC(42) Collectable Garbage: 859M (98%), Immediate: 759M (87%), CSet: 100M (11%)
[2026-04-03T02:50:35.797+0600][64.471s][info][gc,ergo     ] GC(42) Pacer for Evacuation. Used CSet: 105M, Free: 1653M, Non-Taxable: 165M, Alloc Tax Rate: 1.1x
[2026-04-03T02:50:35.797+0600][64.471s][info][gc          ] GC(42) Pause Final Mark (unload classes) 0.926ms
[2026-04-03T02:50:35.797+0600][64.471s][info][gc,start    ] GC(42) Concurrent thread roots
[2026-04-03T02:50:35.797+0600][64.471s][info][gc,task     ] GC(42) Using 3 of 6 workers for Concurrent thread roots
[2026-04-03T02:50:35.799+0600][64.473s][info][gc          ] GC(42) Concurrent thread roots 1.296ms
[2026-04-03T02:50:35.799+0600][64.473s][info][gc,start    ] GC(42) Concurrent weak references
[2026-04-03T02:50:35.799+0600][64.473s][info][gc,task     ] GC(42) Using 3 of 6 workers for concurrent weak references
[2026-04-03T02:50:35.800+0600][64.474s][info][gc,ref      ] GC(42) Encountered references: Soft: 3784, Weak: 15506, Final: 84, Phantom: 621
[2026-04-03T02:50:35.800+0600][64.474s][info][gc,ref      ] GC(42) Discovered  references: Soft: 0, Weak: 9064, Final: 52, Phantom: 599
[2026-04-03T02:50:35.800+0600][64.474s][info][gc,ref      ] GC(42) Enqueued    references: Soft: 0, Weak: 942, Final: 0, Phantom: 0
[2026-04-03T02:50:35.800+0600][64.474s][info][gc          ] GC(42) Concurrent weak references 1.586ms
[2026-04-03T02:50:35.800+0600][64.474s][info][gc,start    ] GC(42) Concurrent weak roots
[2026-04-03T02:50:35.800+0600][64.474s][info][gc,task     ] GC(42) Using 3 of 6 workers for concurrent weak root
[2026-04-03T02:50:35.805+0600][64.479s][info][gc          ] GC(42) Concurrent weak roots 4.755ms
[2026-04-03T02:50:35.805+0600][64.479s][info][gc,start    ] GC(42) Concurrent cleanup
[2026-04-03T02:50:35.806+0600][64.480s][info][gc          ] GC(42) Concurrent cleanup 1002M->243M(1742M) 0.761ms
[2026-04-03T02:50:35.806+0600][64.480s][info][gc,ergo     ] GC(42) Free: 1650M, Max: 512K regular, 578M humongous, Frag: 65% external, 0% internal; Reserve: 102025K, Max: 512K
[2026-04-03T02:50:35.806+0600][64.480s][info][gc,start    ] GC(42) Concurrent class unloading
[2026-04-03T02:50:35.806+0600][64.480s][info][gc,task     ] GC(42) Using 3 of 6 workers for concurrent class unloading
[2026-04-03T02:50:35.827+0600][64.501s][info][gc          ] GC(42) Concurrent class unloading 21.138ms
[2026-04-03T02:50:35.827+0600][64.501s][info][gc,start    ] GC(42) Concurrent strong roots
[2026-04-03T02:50:35.827+0600][64.501s][info][gc,task     ] GC(42) Using 3 of 6 workers for concurrent strong root
[2026-04-03T02:50:35.829+0600][64.503s][info][gc          ] GC(42) Concurrent strong roots 2.131ms
[2026-04-03T02:50:35.830+0600][64.503s][info][gc,start    ] GC(42) Concurrent evacuation
[2026-04-03T02:50:35.830+0600][64.503s][info][gc,task     ] GC(42) Using 3 of 6 workers for concurrent evacuation
[2026-04-03T02:50:35.837+0600][64.511s][info][gc          ] GC(42) Concurrent evacuation 7.200ms
[2026-04-03T02:50:35.837+0600][64.511s][info][gc,start    ] GC(42) Pause Init Update Refs
[2026-04-03T02:50:35.837+0600][64.511s][info][gc,ergo     ] GC(42) Pacer for Update Refs. Used: 266M, Free: 1633M, Non-Taxable: 163M, Alloc Tax Rate: 1.1x
[2026-04-03T02:50:35.837+0600][64.511s][info][gc          ] GC(42) Pause Init Update Refs 0.078ms
[2026-04-03T02:50:35.837+0600][64.511s][info][gc,start    ] GC(42) Concurrent update references
[2026-04-03T02:50:35.837+0600][64.511s][info][gc,task     ] GC(42) Using 3 of 6 workers for concurrent reference update
[2026-04-03T02:50:35.880+0600][64.554s][info][gc          ] GC(42) Concurrent update references 43.174ms
[2026-04-03T02:50:35.880+0600][64.554s][info][gc,start    ] GC(42) Concurrent update thread roots
[2026-04-03T02:50:35.882+0600][64.556s][info][gc          ] GC(42) Concurrent update thread roots 1.614ms
[2026-04-03T02:50:35.882+0600][64.556s][info][gc,start    ] GC(42) Pause Final Update Refs
[2026-04-03T02:50:35.882+0600][64.556s][info][gc,task     ] GC(42) Using 6 of 6 workers for final reference update
[2026-04-03T02:50:35.882+0600][64.556s][info][gc          ] GC(42) Pause Final Update Refs 0.183ms
[2026-04-03T02:50:35.883+0600][64.556s][info][gc,start    ] GC(42) Concurrent cleanup
[2026-04-03T02:50:35.883+0600][64.557s][info][gc          ] GC(42) Concurrent cleanup 288M->182M(1742M) 0.297ms
[2026-04-03T02:50:35.883+0600][64.557s][info][gc,ergo     ] Free: 1705M, Max: 512K regular, 860M humongous, Frag: 50% external, 0% internal; Reserve: 100M, Max: 512K
[2026-04-03T02:50:35.883+0600][64.557s][info][gc,stats    ] 
[2026-04-03T02:50:35.883+0600][64.557s][info][gc,stats    ] All times are wall-clock times, except per-root-class counters, that are sum over
[2026-04-03T02:50:35.883+0600][64.557s][info][gc,stats    ] all workers. Dividing the <total> over the root stage time estimates parallelism.
[2026-04-03T02:50:35.883+0600][64.557s][info][gc,stats    ] 
[2026-04-03T02:50:35.883+0600][64.557s][info][gc,stats    ] Concurrent Reset                   2200 us
[2026-04-03T02:50:35.883+0600][64.557s][info][gc,stats    ] Pause Init Mark (G)                 456 us
[2026-04-03T02:50:35.883+0600][64.557s][info][gc,stats    ] Pause Init Mark (N)                 187 us
[2026-04-03T02:50:35.883+0600][64.557s][info][gc,stats    ]   Update Region States               54 us
[2026-04-03T02:50:35.883+0600][64.557s][info][gc,stats    ] Concurrent Mark Roots              1253 us, parallelism: 1.65x
[2026-04-03T02:50:35.883+0600][64.557s][info][gc,stats    ]   CMR: <total>                     2071 us
[2026-04-03T02:50:35.883+0600][64.557s][info][gc,stats    ]   CMR: Thread Roots                1769 us, workers (us): 670, 430, 668, ---, ---, ---, 
[2026-04-03T02:50:35.883+0600][64.557s][info][gc,stats    ]   CMR: VM Strong Roots               59 us, workers (us):  37,  22,   1, ---, ---, ---, 
[2026-04-03T02:50:35.883+0600][64.557s][info][gc,stats    ]   CMR: CLDG Roots                   243 us, workers (us): ---, 243, ---, ---, ---, ---, 
[2026-04-03T02:50:35.883+0600][64.557s][info][gc,stats    ] Concurrent Marking                47280 us
[2026-04-03T02:50:35.883+0600][64.557s][info][gc,stats    ] Pause Final Mark (G)               1348 us
[2026-04-03T02:50:35.883+0600][64.557s][info][gc,stats    ] Pause Final Mark (N)                940 us
[2026-04-03T02:50:35.883+0600][64.557s][info][gc,stats    ]   Finish Mark                       213 us
[2026-04-03T02:50:35.883+0600][64.557s][info][gc,stats    ]   Update Region States               96 us
[2026-04-03T02:50:35.883+0600][64.557s][info][gc,stats    ]   Choose Collection Set             382 us
[2026-04-03T02:50:35.883+0600][64.557s][info][gc,stats    ]   Rebuild Free Set                   54 us
[2026-04-03T02:50:35.883+0600][64.557s][info][gc,stats    ] Concurrent Thread Roots            1413 us, parallelism: 2.28x
[2026-04-03T02:50:35.883+0600][64.557s][info][gc,stats    ]   CTR: <total>                     3224 us
[2026-04-03T02:50:35.883+0600][64.557s][info][gc,stats    ]   CTR: Thread Roots                3224 us, workers (us): 1115, 1093, 1016, ---, ---, ---, 
[2026-04-03T02:50:35.883+0600][64.557s][info][gc,stats    ] Concurrent Weak References         1605 us, parallelism: 1.17x
[2026-04-03T02:50:35.883+0600][64.557s][info][gc,stats    ]   CWRF: <total>                    1883 us
[2026-04-03T02:50:35.883+0600][64.557s][info][gc,stats    ]   CWRF: Weak References            1883 us, workers (us): 225, 1278, 379, ---, ---, ---, 
[2026-04-03T02:50:35.883+0600][64.557s][info][gc,stats    ] Concurrent Weak Roots              4844 us
[2026-04-03T02:50:35.883+0600][64.557s][info][gc,stats    ]   Roots                            4372 us, parallelism: 2.65x
[2026-04-03T02:50:35.883+0600][64.557s][info][gc,stats    ]     CWR: <total>                  11600 us
[2026-04-03T02:50:35.883+0600][64.557s][info][gc,stats    ]     CWR: Code Cache Roots          8620 us, workers (us): 2988, 2717, 2915, ---, ---, ---, 
[2026-04-03T02:50:35.883+0600][64.557s][info][gc,stats    ]     CWR: VM Weak Roots             2785 us, workers (us): 935, 924, 927, ---, ---, ---, 
[2026-04-03T02:50:35.883+0600][64.557s][info][gc,stats    ]     CWR: CLDG Roots                 195 us, workers (us): ---, 195, ---, ---, ---, ---, 
[2026-04-03T02:50:35.883+0600][64.557s][info][gc,stats    ]   Rendezvous                        345 us
[2026-04-03T02:50:35.883+0600][64.557s][info][gc,stats    ] Concurrent Cleanup                  792 us
[2026-04-03T02:50:35.883+0600][64.557s][info][gc,stats    ] Concurrent Class Unloading        21259 us
[2026-04-03T02:50:35.883+0600][64.557s][info][gc,stats    ]   Unlink Stale                    17318 us
[2026-04-03T02:50:35.883+0600][64.557s][info][gc,stats    ]     System Dictionary               287 us
[2026-04-03T02:50:35.883+0600][64.557s][info][gc,stats    ]     Weak Class Links                  0 us
[2026-04-03T02:50:35.883+0600][64.557s][info][gc,stats    ]     Code Roots                    17026 us
[2026-04-03T02:50:35.883+0600][64.557s][info][gc,stats    ]   Rendezvous                       2193 us
[2026-04-03T02:50:35.883+0600][64.557s][info][gc,stats    ]   Purge Unlinked                   1551 us
[2026-04-03T02:50:35.883+0600][64.557s][info][gc,stats    ]     Code Roots                     1530 us
[2026-04-03T02:50:35.883+0600][64.557s][info][gc,stats    ]     CLDG                             20 us
[2026-04-03T02:50:35.883+0600][64.557s][info][gc,stats    ]     Exception Caches                  1 us
[2026-04-03T02:50:35.883+0600][64.557s][info][gc,stats    ] Concurrent Strong Roots            2222 us, parallelism: 0.74x
[2026-04-03T02:50:35.883+0600][64.557s][info][gc,stats    ]   CSR: <total>                     1653 us
[2026-04-03T02:50:35.883+0600][64.557s][info][gc,stats    ]   CSR: VM Strong Roots               65 us, workers (us):  41,  23,   1, ---, ---, ---, 
[2026-04-03T02:50:35.883+0600][64.557s][info][gc,stats    ]   CSR: CLDG Roots                  1589 us, workers (us): ---, 1589, ---, ---, ---, ---, 
[2026-04-03T02:50:35.883+0600][64.557s][info][gc,stats    ] Concurrent Evacuation              7306 us
[2026-04-03T02:50:35.883+0600][64.557s][info][gc,stats    ] Pause Init Update Refs (G)          274 us
[2026-04-03T02:50:35.883+0600][64.557s][info][gc,stats    ] Pause Init Update Refs (N)           88 us
[2026-04-03T02:50:35.883+0600][64.557s][info][gc,stats    ]   Manage GCLABs                      40 us
[2026-04-03T02:50:35.883+0600][64.557s][info][gc,stats    ] Concurrent Update Refs            43257 us
[2026-04-03T02:50:35.883+0600][64.557s][info][gc,stats    ] Concurrent Update Thread Roots     1682 us
[2026-04-03T02:50:35.883+0600][64.557s][info][gc,stats    ] Pause Final Update Refs (G)         443 us
[2026-04-03T02:50:35.883+0600][64.557s][info][gc,stats    ] Pause Final Update Refs (N)         206 us
[2026-04-03T02:50:35.883+0600][64.557s][info][gc,stats    ]   Update Region States               67 us
[2026-04-03T02:50:35.884+0600][64.557s][info][gc,stats    ]   Trash Collection Set               16 us
[2026-04-03T02:50:35.884+0600][64.557s][info][gc,stats    ]   Rebuild Free Set                   45 us
[2026-04-03T02:50:35.884+0600][64.557s][info][gc,stats    ] Concurrent Cleanup                  321 us
[2026-04-03T02:50:35.884+0600][64.557s][info][gc,stats    ] 
[2026-04-03T02:50:35.884+0600][64.557s][info][gc,stats    ] Allocation pacing accrued:
[2026-04-03T02:50:35.884+0600][64.557s][info][gc,stats    ]       0 of   342 ms (  0.0%): <total>
[2026-04-03T02:50:35.884+0600][64.557s][info][gc,stats    ]       0 of   342 ms (  0.0%): <average total>
[2026-04-03T02:50:35.884+0600][64.557s][info][gc,stats    ] 
[2026-04-03T02:50:35.884+0600][64.557s][info][gc,metaspace] Metaspace: 131441K(132736K)->131444K(132736K) NonClass: 114938K(115584K)->114941K(115584K) Class: 16502K(17152K)->16503K(17152K)
[2026-04-03T02:50:35.884+0600][64.557s][info][gc,ergo     ] Pacer for Idle. Initial: 40960K, Alloc Tax Rate: 1.0x
[2026-04-03T02:50:37.199+0600][65.873s][info][gc          ] Trigger: Average GC time (191.34 ms) is above the time for average allocation rate (1179 MB/s) to deplete free headroom (225M) (margin of error = 1.84)
[2026-04-03T02:50:37.199+0600][65.873s][info][gc,ergo     ] Free headroom: 325M (free) - 100M (spike) - 0B (penalties) = 225M
[2026-04-03T02:50:37.199+0600][65.873s][info][gc,ergo     ] Free: 325M, Max: 512K regular, 322M humongous, Frag: 0% external, 0% internal; Reserve: 100M, Max: 512K
[2026-04-03T02:50:37.199+0600][65.873s][info][gc,start    ] GC(43) Concurrent reset
[2026-04-03T02:50:37.199+0600][65.873s][info][gc,task     ] GC(43) Using 3 of 6 workers for concurrent reset
[2026-04-03T02:50:37.199+0600][65.873s][info][gc,ergo     ] GC(43) Pacer for Reset. Non-Taxable: 2000M
[2026-04-03T02:50:37.200+0600][65.874s][info][gc          ] GC(43) Concurrent reset 1.184ms
[2026-04-03T02:50:37.200+0600][65.874s][info][gc,start    ] GC(43) Pause Init Mark (unload classes)
[2026-04-03T02:50:37.201+0600][65.874s][info][gc,task     ] GC(43) Using 6 of 6 workers for init marking
[2026-04-03T02:50:37.201+0600][65.874s][info][gc,ergo     ] GC(43) Pacer for Mark. Expected Live: 96219K, Free: 323M, Non-Taxable: 33148K, Alloc Tax Rate: 0.4x
[2026-04-03T02:50:37.201+0600][65.874s][info][gc          ] GC(43) Pause Init Mark (unload classes) 0.128ms
[2026-04-03T02:50:37.201+0600][65.875s][info][gc,start    ] GC(43) Concurrent marking roots
[2026-04-03T02:50:37.201+0600][65.875s][info][gc,task     ] GC(43) Using 3 of 6 workers for concurrent marking roots
[2026-04-03T02:50:37.202+0600][65.876s][info][gc          ] GC(43) Concurrent marking roots 1.190ms
[2026-04-03T02:50:37.202+0600][65.876s][info][gc,start    ] GC(43) Concurrent marking (unload classes)
[2026-04-03T02:50:37.202+0600][65.876s][info][gc,task     ] GC(43) Using 3 of 6 workers for concurrent marking
[2026-04-03T02:50:37.269+0600][65.943s][info][gc          ] GC(43) Concurrent marking (unload classes) 67.517ms
[2026-04-03T02:50:37.270+0600][65.943s][info][gc,start    ] GC(43) Pause Final Mark (unload classes)
[2026-04-03T02:50:37.270+0600][65.944s][info][gc,task     ] GC(43) Using 6 of 6 workers for final marking
[2026-04-03T02:50:37.270+0600][65.944s][info][gc,ergo     ] GC(43) Adaptive CSet Selection. Target Free: 283M, Actual Free: 1411M, Max CSet: 85333K, Min Garbage: 0B
[2026-04-03T02:50:37.270+0600][65.944s][info][gc,ergo     ] GC(43) Collectable Garbage: 1345M (99%), Immediate: 1040M (76%), CSet: 304M (22%)
[2026-04-03T02:50:37.271+0600][65.944s][info][gc,ergo     ] GC(43) Pacer for Evacuation. Used CSet: 313M, Free: 1441M, Non-Taxable: 144M, Alloc Tax Rate: 1.1x
[2026-04-03T02:50:37.271+0600][65.944s][info][gc          ] GC(43) Pause Final Mark (unload classes) 0.895ms
[2026-04-03T02:50:37.271+0600][65.945s][info][gc,start    ] GC(43) Concurrent thread roots
[2026-04-03T02:50:37.271+0600][65.945s][info][gc,task     ] GC(43) Using 3 of 6 workers for Concurrent thread roots
[2026-04-03T02:50:37.272+0600][65.945s][info][gc          ] GC(43) Concurrent thread roots 0.891ms
[2026-04-03T02:50:37.272+0600][65.945s][info][gc,start    ] GC(43) Concurrent weak references
[2026-04-03T02:50:37.272+0600][65.946s][info][gc,task     ] GC(43) Using 3 of 6 workers for concurrent weak references
[2026-04-03T02:50:37.272+0600][65.946s][info][gc,ref      ] GC(43) Encountered references: Soft: 3784, Weak: 16879, Final: 84, Phantom: 621
[2026-04-03T02:50:37.272+0600][65.946s][info][gc,ref      ] GC(43) Discovered  references: Soft: 0, Weak: 10592, Final: 48, Phantom: 359
[2026-04-03T02:50:37.272+0600][65.946s][info][gc,ref      ] GC(43) Enqueued    references: Soft: 0, Weak: 1976, Final: 0, Phantom: 0
[2026-04-03T02:50:37.272+0600][65.946s][info][gc          ] GC(43) Concurrent weak references 0.769ms
[2026-04-03T02:50:37.272+0600][65.946s][info][gc,start    ] GC(43) Concurrent weak roots
[2026-04-03T02:50:37.272+0600][65.946s][info][gc,task     ] GC(43) Using 3 of 6 workers for concurrent weak root
[2026-04-03T02:50:37.278+0600][65.952s][info][gc          ] GC(43) Concurrent weak roots 5.971ms
[2026-04-03T02:50:37.279+0600][65.952s][info][gc,start    ] GC(43) Concurrent cleanup
[2026-04-03T02:50:37.279+0600][65.953s][info][gc          ] GC(43) Concurrent cleanup 1507M->467M(1742M) 0.861ms
[2026-04-03T02:50:37.279+0600][65.953s][info][gc,ergo     ] GC(43) Free: 1430M, Max: 512K regular, 260M humongous, Frag: 82% external, 0% internal; Reserve: 101928K, Max: 512K
[2026-04-03T02:50:37.279+0600][65.953s][info][gc,start    ] GC(43) Concurrent class unloading
[2026-04-03T02:50:37.280+0600][65.953s][info][gc,task     ] GC(43) Using 3 of 6 workers for concurrent class unloading
[2026-04-03T02:50:37.304+0600][65.978s][info][gc          ] GC(43) Concurrent class unloading 24.343ms
[2026-04-03T02:50:37.304+0600][65.978s][info][gc,start    ] GC(43) Concurrent strong roots
[2026-04-03T02:50:37.304+0600][65.978s][info][gc,task     ] GC(43) Using 3 of 6 workers for concurrent strong root
[2026-04-03T02:50:37.305+0600][65.979s][info][gc          ] GC(43) Concurrent strong roots 1.341ms
[2026-04-03T02:50:37.305+0600][65.979s][info][gc,start    ] GC(43) Concurrent evacuation
[2026-04-03T02:50:37.305+0600][65.979s][info][gc,task     ] GC(43) Using 3 of 6 workers for concurrent evacuation
[2026-04-03T02:50:37.312+0600][65.985s][info][gc          ] GC(43) Concurrent evacuation 6.180ms
[2026-04-03T02:50:37.312+0600][65.986s][info][gc,start    ] GC(43) Pause Init Update Refs
[2026-04-03T02:50:37.312+0600][65.986s][info][gc,ergo     ] GC(43) Pacer for Update Refs. Used: 514M, Free: 1390M, Non-Taxable: 139M, Alloc Tax Rate: 1.1x
[2026-04-03T02:50:37.312+0600][65.986s][info][gc          ] GC(43) Pause Init Update Refs 0.214ms
[2026-04-03T02:50:37.312+0600][65.986s][info][gc,start    ] GC(43) Concurrent update references
[2026-04-03T02:50:37.312+0600][65.986s][info][gc,task     ] GC(43) Using 3 of 6 workers for concurrent reference update
[2026-04-03T02:50:37.360+0600][66.034s][info][gc          ] GC(43) Concurrent update references 47.501ms
[2026-04-03T02:50:37.360+0600][66.034s][info][gc,start    ] GC(43) Concurrent update thread roots
[2026-04-03T02:50:37.361+0600][66.035s][info][gc          ] GC(43) Concurrent update thread roots 1.305ms
[2026-04-03T02:50:37.361+0600][66.035s][info][gc,start    ] GC(43) Pause Final Update Refs
[2026-04-03T02:50:37.361+0600][66.035s][info][gc,task     ] GC(43) Using 6 of 6 workers for final reference update
[2026-04-03T02:50:37.362+0600][66.036s][info][gc          ] GC(43) Pause Final Update Refs 0.213ms
[2026-04-03T02:50:37.362+0600][66.036s][info][gc,start    ] GC(43) Concurrent cleanup
[2026-04-03T02:50:37.363+0600][66.036s][info][gc          ] GC(43) Concurrent cleanup 533M->220M(1742M) 0.763ms
[2026-04-03T02:50:37.363+0600][66.037s][info][gc,ergo     ] Free: 1672M, Max: 512K regular, 1055M humongous, Frag: 37% external, 0% internal; Reserve: 100M, Max: 512K
[2026-04-03T02:50:37.363+0600][66.037s][info][gc,stats    ] 
[2026-04-03T02:50:37.363+0600][66.037s][info][gc,stats    ] All times are wall-clock times, except per-root-class counters, that are sum over
[2026-04-03T02:50:37.363+0600][66.037s][info][gc,stats    ] all workers. Dividing the <total> over the root stage time estimates parallelism.
[2026-04-03T02:50:37.363+0600][66.037s][info][gc,stats    ] 
[2026-04-03T02:50:37.363+0600][66.037s][info][gc,stats    ] Concurrent Reset                   1233 us
[2026-04-03T02:50:37.363+0600][66.037s][info][gc,stats    ] Pause Init Mark (G)                 395 us
[2026-04-03T02:50:37.363+0600][66.037s][info][gc,stats    ] Pause Init Mark (N)                 138 us
[2026-04-03T02:50:37.363+0600][66.037s][info][gc,stats    ]   Update Region States               33 us
[2026-04-03T02:50:37.363+0600][66.037s][info][gc,stats    ] Concurrent Mark Roots              1229 us, parallelism: 1.83x
[2026-04-03T02:50:37.363+0600][66.037s][info][gc,stats    ]   CMR: <total>                     2251 us
[2026-04-03T02:50:37.363+0600][66.037s][info][gc,stats    ]   CMR: Thread Roots                1900 us, workers (us): 443, 744, 713, ---, ---, ---, 
[2026-04-03T02:50:37.363+0600][66.037s][info][gc,stats    ]   CMR: VM Strong Roots               32 us, workers (us):  30,   1,   1, ---, ---, ---, 
[2026-04-03T02:50:37.363+0600][66.037s][info][gc,stats    ]   CMR: CLDG Roots                   319 us, workers (us): 319, ---, ---, ---, ---, ---, 
[2026-04-03T02:50:37.363+0600][66.037s][info][gc,stats    ] Concurrent Marking                67582 us
[2026-04-03T02:50:37.363+0600][66.037s][info][gc,stats    ] Pause Final Mark (G)               1211 us
[2026-04-03T02:50:37.363+0600][66.037s][info][gc,stats    ] Pause Final Mark (N)                907 us
[2026-04-03T02:50:37.363+0600][66.037s][info][gc,stats    ]   Finish Mark                       311 us
[2026-04-03T02:50:37.363+0600][66.037s][info][gc,stats    ]   Update Region States               52 us
[2026-04-03T02:50:37.363+0600][66.037s][info][gc,stats    ]   Choose Collection Set             310 us
[2026-04-03T02:50:37.363+0600][66.037s][info][gc,stats    ]   Rebuild Free Set                   51 us
[2026-04-03T02:50:37.363+0600][66.037s][info][gc,stats    ] Concurrent Thread Roots             922 us, parallelism: 2.51x
[2026-04-03T02:50:37.363+0600][66.037s][info][gc,stats    ]   CTR: <total>                     2311 us
[2026-04-03T02:50:37.363+0600][66.037s][info][gc,stats    ]   CTR: Thread Roots                2311 us, workers (us): 770, 779, 761, ---, ---, ---, 
[2026-04-03T02:50:37.363+0600][66.037s][info][gc,stats    ] Concurrent Weak References          778 us, parallelism: 1.82x
[2026-04-03T02:50:37.363+0600][66.037s][info][gc,stats    ]   CWRF: <total>                    1417 us
[2026-04-03T02:50:37.363+0600][66.037s][info][gc,stats    ]   CWRF: Weak References            1417 us, workers (us): 676, 258, 483, ---, ---, ---, 
[2026-04-03T02:50:37.363+0600][66.037s][info][gc,stats    ] Concurrent Weak Roots              6072 us
[2026-04-03T02:50:37.363+0600][66.037s][info][gc,stats    ]   Roots                            5487 us, parallelism: 2.64x
[2026-04-03T02:50:37.363+0600][66.037s][info][gc,stats    ]     CWR: <total>                  14496 us
[2026-04-03T02:50:37.363+0600][66.037s][info][gc,stats    ]     CWR: Code Cache Roots         11369 us, workers (us): 3693, 3819, 3857, ---, ---, ---, 
[2026-04-03T02:50:37.363+0600][66.037s][info][gc,stats    ]     CWR: VM Weak Roots             2930 us, workers (us): 1071, 1056, 803, ---, ---, ---, 
[2026-04-03T02:50:37.363+0600][66.037s][info][gc,stats    ]     CWR: CLDG Roots                 196 us, workers (us): ---, ---, 196, ---, ---, ---, 
[2026-04-03T02:50:37.363+0600][66.037s][info][gc,stats    ]   Rendezvous                        416 us
[2026-04-03T02:50:37.363+0600][66.037s][info][gc,stats    ] Concurrent Cleanup                  907 us
[2026-04-03T02:50:37.363+0600][66.037s][info][gc,stats    ] Concurrent Class Unloading        24460 us
[2026-04-03T02:50:37.363+0600][66.037s][info][gc,stats    ]   Unlink Stale                    19974 us
[2026-04-03T02:50:37.363+0600][66.037s][info][gc,stats    ]     System Dictionary               369 us
[2026-04-03T02:50:37.363+0600][66.037s][info][gc,stats    ]     Weak Class Links                  1 us
[2026-04-03T02:50:37.363+0600][66.037s][info][gc,stats    ]     Code Roots                    19598 us
[2026-04-03T02:50:37.363+0600][66.037s][info][gc,stats    ]   Rendezvous                        395 us
[2026-04-03T02:50:37.363+0600][66.037s][info][gc,stats    ]   Purge Unlinked                   3928 us
[2026-04-03T02:50:37.363+0600][66.037s][info][gc,stats    ]     Code Roots                     3907 us
[2026-04-03T02:50:37.363+0600][66.037s][info][gc,stats    ]     CLDG                             19 us
[2026-04-03T02:50:37.363+0600][66.037s][info][gc,stats    ]     Exception Caches                  1 us
[2026-04-03T02:50:37.363+0600][66.037s][info][gc,stats    ] Concurrent Strong Roots            1409 us, parallelism: 0.67x
[2026-04-03T02:50:37.363+0600][66.037s][info][gc,stats    ]   CSR: <total>                      950 us
[2026-04-03T02:50:37.363+0600][66.037s][info][gc,stats    ]   CSR: VM Strong Roots               58 us, workers (us):  38,  20,   0, ---, ---, ---, 
[2026-04-03T02:50:37.363+0600][66.037s][info][gc,stats    ]   CSR: CLDG Roots                   892 us, workers (us): ---, 892, ---, ---, ---, ---, 
[2026-04-03T02:50:37.363+0600][66.037s][info][gc,stats    ] Concurrent Evacuation              6339 us
[2026-04-03T02:50:37.363+0600][66.037s][info][gc,stats    ] Pause Init Update Refs (G)          461 us
[2026-04-03T02:50:37.363+0600][66.037s][info][gc,stats    ] Pause Init Update Refs (N)          228 us
[2026-04-03T02:50:37.363+0600][66.037s][info][gc,stats    ]   Manage GCLABs                      58 us
[2026-04-03T02:50:37.363+0600][66.037s][info][gc,stats    ] Concurrent Update Refs            47740 us
[2026-04-03T02:50:37.363+0600][66.037s][info][gc,stats    ] Concurrent Update Thread Roots     1365 us
[2026-04-03T02:50:37.363+0600][66.037s][info][gc,stats    ] Pause Final Update Refs (G)         582 us
[2026-04-03T02:50:37.363+0600][66.037s][info][gc,stats    ] Pause Final Update Refs (N)         273 us
[2026-04-03T02:50:37.363+0600][66.037s][info][gc,stats    ]   Update Region States               68 us
[2026-04-03T02:50:37.363+0600][66.037s][info][gc,stats    ]   Trash Collection Set               25 us
[2026-04-03T02:50:37.363+0600][66.037s][info][gc,stats    ]   Rebuild Free Set                   56 us
[2026-04-03T02:50:37.363+0600][66.037s][info][gc,stats    ] Concurrent Cleanup                  784 us
[2026-04-03T02:50:37.363+0600][66.037s][info][gc,stats    ] Pacing                           183194 us
[2026-04-03T02:50:37.363+0600][66.037s][info][gc,stats    ] 
[2026-04-03T02:50:37.363+0600][66.037s][info][gc,stats    ] Allocation pacing accrued:
[2026-04-03T02:50:37.363+0600][66.037s][info][gc,stats    ]      11 of  1480 ms (  0.8%): Spark Context Cleaner
[2026-04-03T02:50:37.363+0600][66.037s][info][gc,stats    ]      21 of  1480 ms (  1.4%): Executor task launch worker for task 3.0 in stage 2729.0 (TID 5076)
[2026-04-03T02:50:37.363+0600][66.037s][info][gc,stats    ]      21 of  1480 ms (  1.4%): Executor task launch worker for task 4.0 in stage 2729.0 (TID 5077)
[2026-04-03T02:50:37.363+0600][66.037s][info][gc,stats    ]      21 of  1480 ms (  1.4%): Executor task launch worker for task 7.0 in stage 2729.0 (TID 5080)
[2026-04-03T02:50:37.363+0600][66.037s][info][gc,stats    ]      21 of  1480 ms (  1.4%): Executor task launch worker for task 5.0 in stage 2729.0 (TID 5078)
[2026-04-03T02:50:37.363+0600][66.037s][info][gc,stats    ]      22 of  1480 ms (  1.5%): Executor task launch worker for task 0.0 in stage 2732.0 (TID 5081)
[2026-04-03T02:50:37.363+0600][66.037s][info][gc,stats    ]      22 of  1480 ms (  1.5%): Executor task launch worker for task 2.0 in stage 2729.0 (TID 5075)
[2026-04-03T02:50:37.363+0600][66.037s][info][gc,stats    ]      21 of  1480 ms (  1.4%): Executor task launch worker for task 0.0 in stage 2729.0 (TID 5073)
[2026-04-03T02:50:37.363+0600][66.037s][info][gc,stats    ]      22 of  1480 ms (  1.5%): Executor task launch worker for task 6.0 in stage 2729.0 (TID 5079)
[2026-04-03T02:50:37.363+0600][66.037s][info][gc,stats    ]     183 of  1480 ms ( 12.4%): <total>
[2026-04-03T02:50:37.363+0600][66.037s][info][gc,stats    ]       1 of  1480 ms (  0.0%): <average total>
[2026-04-03T02:50:37.363+0600][66.037s][info][gc,stats    ]      20 of  1480 ms (  1.4%): <average non-zero>
[2026-04-03T02:50:37.363+0600][66.037s][info][gc,stats    ] 
[2026-04-03T02:50:37.363+0600][66.037s][info][gc,metaspace] Metaspace: 131466K(132736K)->131472K(132736K) NonClass: 114961K(115584K)->114967K(115584K) Class: 16504K(17152K)->16504K(17152K)
[2026-04-03T02:50:37.363+0600][66.037s][info][gc,ergo     ] Pacer for Idle. Initial: 40960K, Alloc Tax Rate: 1.0x
[2026-04-03T02:50:37.566+0600][66.240s][info][gc          ] Trigger: Average GC time (185.80 ms) is above the time for instantaneous allocation rate (4169 MB/s) to deplete free headroom (764M) (spike threshold = 1.78)
[2026-04-03T02:50:37.566+0600][66.240s][info][gc,ergo     ] Free: 864M, Max: 512K regular, 600M humongous, Frag: 31% external, 0% internal; Reserve: 100M, Max: 512K
[2026-04-03T02:50:37.566+0600][66.240s][info][gc,start    ] GC(44) Concurrent reset
[2026-04-03T02:50:37.566+0600][66.240s][info][gc,task     ] GC(44) Using 3 of 6 workers for concurrent reset
[2026-04-03T02:50:37.566+0600][66.240s][info][gc,ergo     ] GC(44) Pacer for Reset. Non-Taxable: 2000M
[2026-04-03T02:50:37.568+0600][66.242s][info][gc          ] GC(44) Concurrent reset 1.729ms
[2026-04-03T02:50:37.568+0600][66.242s][info][gc,start    ] GC(44) Pause Init Mark (unload classes)
[2026-04-03T02:50:37.568+0600][66.242s][info][gc,task     ] GC(44) Using 6 of 6 workers for init marking
[2026-04-03T02:50:37.568+0600][66.242s][info][gc,ergo     ] GC(44) Pacer for Mark. Expected Live: 96183K, Free: 864M, Non-Taxable: 88508K, Alloc Tax Rate: 0.1x
[2026-04-03T02:50:37.568+0600][66.242s][info][gc          ] GC(44) Pause Init Mark (unload classes) 0.110ms
[2026-04-03T02:50:37.568+0600][66.242s][info][gc,start    ] GC(44) Concurrent marking roots
[2026-04-03T02:50:37.568+0600][66.242s][info][gc,task     ] GC(44) Using 3 of 6 workers for concurrent marking roots
[2026-04-03T02:50:37.569+0600][66.243s][info][gc          ] GC(44) Concurrent marking roots 1.188ms
[2026-04-03T02:50:37.569+0600][66.243s][info][gc,start    ] GC(44) Concurrent marking (unload classes)
[2026-04-03T02:50:37.569+0600][66.243s][info][gc,task     ] GC(44) Using 3 of 6 workers for concurrent marking
[2026-04-03T02:50:37.616+0600][66.290s][info][gc          ] GC(44) Concurrent marking (unload classes) 46.890ms
[2026-04-03T02:50:37.616+0600][66.290s][info][gc,start    ] GC(44) Pause Final Mark (unload classes)
[2026-04-03T02:50:37.617+0600][66.290s][info][gc,task     ] GC(44) Using 6 of 6 workers for final marking
[2026-04-03T02:50:37.617+0600][66.291s][info][gc,ergo     ] GC(44) Adaptive CSet Selection. Target Free: 283M, Actual Free: 1656M, Max CSet: 85333K, Min Garbage: 0B
[2026-04-03T02:50:37.617+0600][66.291s][info][gc,ergo     ] GC(44) Collectable Garbage: 844M (98%), Immediate: 739M (86%), CSet: 105M (12%)
[2026-04-03T02:50:37.617+0600][66.291s][info][gc,ergo     ] GC(44) Pacer for Evacuation. Used CSet: 110M, Free: 1648M, Non-Taxable: 164M, Alloc Tax Rate: 1.1x
[2026-04-03T02:50:37.617+0600][66.291s][info][gc          ] GC(44) Pause Final Mark (unload classes) 1.001ms
[2026-04-03T02:50:37.618+0600][66.291s][info][gc,start    ] GC(44) Concurrent thread roots
[2026-04-03T02:50:37.618+0600][66.291s][info][gc,task     ] GC(44) Using 3 of 6 workers for Concurrent thread roots
[2026-04-03T02:50:37.619+0600][66.293s][info][gc          ] GC(44) Concurrent thread roots 1.414ms
[2026-04-03T02:50:37.619+0600][66.293s][info][gc,start    ] GC(44) Concurrent weak references
[2026-04-03T02:50:37.619+0600][66.293s][info][gc,task     ] GC(44) Using 3 of 6 workers for concurrent weak references
[2026-04-03T02:50:37.620+0600][66.293s][info][gc,ref      ] GC(44) Encountered references: Soft: 3784, Weak: 15513, Final: 84, Phantom: 621
[2026-04-03T02:50:37.620+0600][66.294s][info][gc,ref      ] GC(44) Discovered  references: Soft: 0, Weak: 3965, Final: 0, Phantom: 616
[2026-04-03T02:50:37.620+0600][66.294s][info][gc,ref      ] GC(44) Enqueued    references: Soft: 0, Weak: 945, Final: 0, Phantom: 0
[2026-04-03T02:50:37.620+0600][66.294s][info][gc          ] GC(44) Concurrent weak references 0.652ms
[2026-04-03T02:50:37.620+0600][66.294s][info][gc,start    ] GC(44) Concurrent weak roots
[2026-04-03T02:50:37.620+0600][66.294s][info][gc,task     ] GC(44) Using 3 of 6 workers for concurrent weak root
[2026-04-03T02:50:37.625+0600][66.299s][info][gc          ] GC(44) Concurrent weak roots 5.491ms
[2026-04-03T02:50:37.625+0600][66.299s][info][gc,start    ] GC(44) Concurrent cleanup
[2026-04-03T02:50:37.626+0600][66.300s][info][gc          ] GC(44) Concurrent cleanup 985M->250M(1742M) 1.081ms
[2026-04-03T02:50:37.626+0600][66.300s][info][gc,ergo     ] GC(44) Free: 1642M, Max: 512K regular, 556M humongous, Frag: 67% external, 0% internal; Reserve: 102067K, Max: 512K
[2026-04-03T02:50:37.626+0600][66.300s][info][gc,start    ] GC(44) Concurrent class unloading
[2026-04-03T02:50:37.626+0600][66.300s][info][gc,task     ] GC(44) Using 3 of 6 workers for concurrent class unloading
[2026-04-03T02:50:37.651+0600][66.325s][info][gc          ] GC(44) Concurrent class unloading 24.615ms
[2026-04-03T02:50:37.651+0600][66.325s][info][gc,start    ] GC(44) Concurrent strong roots
[2026-04-03T02:50:37.651+0600][66.325s][info][gc,task     ] GC(44) Using 3 of 6 workers for concurrent strong root
[2026-04-03T02:50:37.653+0600][66.327s][info][gc          ] GC(44) Concurrent strong roots 2.026ms
[2026-04-03T02:50:37.653+0600][66.327s][info][gc,start    ] GC(44) Concurrent evacuation
[2026-04-03T02:50:37.653+0600][66.327s][info][gc,task     ] GC(44) Using 3 of 6 workers for concurrent evacuation
[2026-04-03T02:50:37.661+0600][66.335s][info][gc          ] GC(44) Concurrent evacuation 7.348ms
[2026-04-03T02:50:37.661+0600][66.335s][info][gc,start    ] GC(44) Pause Init Update Refs
[2026-04-03T02:50:37.661+0600][66.335s][info][gc,ergo     ] GC(44) Pacer for Update Refs. Used: 269M, Free: 1629M, Non-Taxable: 162M, Alloc Tax Rate: 1.1x
[2026-04-03T02:50:37.661+0600][66.335s][info][gc          ] GC(44) Pause Init Update Refs 0.150ms
[2026-04-03T02:50:37.665+0600][66.339s][info][gc,start    ] GC(44) Concurrent update references
[2026-04-03T02:50:37.665+0600][66.339s][info][gc,task     ] GC(44) Using 3 of 6 workers for concurrent reference update
[2026-04-03T02:50:37.711+0600][66.385s][info][gc          ] GC(44) Concurrent update references 46.595ms
[2026-04-03T02:50:37.711+0600][66.385s][info][gc,start    ] GC(44) Concurrent update thread roots
[2026-04-03T02:50:37.713+0600][66.387s][info][gc          ] GC(44) Concurrent update thread roots 1.867ms
[2026-04-03T02:50:37.714+0600][66.387s][info][gc,start    ] GC(44) Pause Final Update Refs
[2026-04-03T02:50:37.714+0600][66.388s][info][gc,task     ] GC(44) Using 6 of 6 workers for final reference update
[2026-04-03T02:50:37.714+0600][66.388s][info][gc          ] GC(44) Pause Final Update Refs 0.284ms
[2026-04-03T02:50:37.714+0600][66.388s][info][gc,start    ] GC(44) Concurrent cleanup
[2026-04-03T02:50:37.715+0600][66.389s][info][gc          ] GC(44) Concurrent cleanup 295M->184M(1742M) 0.832ms
[2026-04-03T02:50:37.715+0600][66.389s][info][gc,ergo     ] Free: 1703M, Max: 512K regular, 878M humongous, Frag: 49% external, 0% internal; Reserve: 100M, Max: 512K
[2026-04-03T02:50:37.715+0600][66.389s][info][gc,stats    ] 
[2026-04-03T02:50:37.715+0600][66.389s][info][gc,stats    ] All times are wall-clock times, except per-root-class counters, that are sum over
[2026-04-03T02:50:37.715+0600][66.389s][info][gc,stats    ] all workers. Dividing the <total> over the root stage time estimates parallelism.
[2026-04-03T02:50:37.715+0600][66.389s][info][gc,stats    ] 
[2026-04-03T02:50:37.715+0600][66.389s][info][gc,stats    ] Concurrent Reset                   1778 us
[2026-04-03T02:50:37.715+0600][66.389s][info][gc,stats    ] Pause Init Mark (G)                 276 us
[2026-04-03T02:50:37.715+0600][66.389s][info][gc,stats    ] Pause Init Mark (N)                 120 us
[2026-04-03T02:50:37.715+0600][66.389s][info][gc,stats    ]   Update Region States               32 us
[2026-04-03T02:50:37.715+0600][66.389s][info][gc,stats    ] Concurrent Mark Roots              1225 us, parallelism: 1.73x
[2026-04-03T02:50:37.715+0600][66.389s][info][gc,stats    ]   CMR: <total>                     2115 us
[2026-04-03T02:50:37.715+0600][66.389s][info][gc,stats    ]   CMR: Thread Roots                1810 us, workers (us): 486, 671, 653, ---, ---, ---, 
[2026-04-03T02:50:37.715+0600][66.389s][info][gc,stats    ]   CMR: VM Strong Roots               50 us, workers (us):  49,   1,   1, ---, ---, ---, 
[2026-04-03T02:50:37.715+0600][66.389s][info][gc,stats    ]   CMR: CLDG Roots                   256 us, workers (us): 256, ---, ---, ---, ---, ---, 
[2026-04-03T02:50:37.715+0600][66.389s][info][gc,stats    ] Concurrent Marking                46981 us
[2026-04-03T02:50:37.715+0600][66.389s][info][gc,stats    ] Pause Final Mark (G)               1237 us
[2026-04-03T02:50:37.715+0600][66.389s][info][gc,stats    ] Pause Final Mark (N)               1019 us
[2026-04-03T02:50:37.715+0600][66.389s][info][gc,stats    ]   Finish Mark                       400 us
[2026-04-03T02:50:37.715+0600][66.389s][info][gc,stats    ]   Update Region States               91 us
[2026-04-03T02:50:37.715+0600][66.389s][info][gc,stats    ]   Choose Collection Set             265 us
[2026-04-03T02:50:37.715+0600][66.389s][info][gc,stats    ]   Rebuild Free Set                   50 us
[2026-04-03T02:50:37.715+0600][66.389s][info][gc,stats    ] Concurrent Thread Roots            1494 us, parallelism: 2.31x
[2026-04-03T02:50:37.715+0600][66.389s][info][gc,stats    ]   CTR: <total>                     3451 us
[2026-04-03T02:50:37.715+0600][66.389s][info][gc,stats    ]   CTR: Thread Roots                3451 us, workers (us): 1226, 1130, 1095, ---, ---, ---, 
[2026-04-03T02:50:37.715+0600][66.389s][info][gc,stats    ] Concurrent Weak References          666 us, parallelism: 1.09x
[2026-04-03T02:50:37.715+0600][66.389s][info][gc,stats    ]   CWRF: <total>                     725 us
[2026-04-03T02:50:37.715+0600][66.389s][info][gc,stats    ]   CWRF: Weak References             725 us, workers (us): 232, 314, 179, ---, ---, ---, 
[2026-04-03T02:50:37.715+0600][66.389s][info][gc,stats    ] Concurrent Weak Roots              5582 us
[2026-04-03T02:50:37.715+0600][66.389s][info][gc,stats    ]   Roots                            5088 us, parallelism: 2.73x
[2026-04-03T02:50:37.715+0600][66.389s][info][gc,stats    ]     CWR: <total>                  13873 us
[2026-04-03T02:50:37.715+0600][66.389s][info][gc,stats    ]     CWR: Code Cache Roots         10852 us, workers (us): 3694, 3429, 3730, ---, ---, ---, 
[2026-04-03T02:50:37.715+0600][66.389s][info][gc,stats    ]     CWR: VM Weak Roots             2780 us, workers (us): 949, 919, 912, ---, ---, ---, 
[2026-04-03T02:50:37.716+0600][66.389s][info][gc,stats    ]     CWR: CLDG Roots                 241 us, workers (us): ---, 241, ---, ---, ---, ---, 
[2026-04-03T02:50:37.716+0600][66.389s][info][gc,stats    ]   Rendezvous                        371 us
[2026-04-03T02:50:37.716+0600][66.389s][info][gc,stats    ] Concurrent Cleanup                 1109 us
[2026-04-03T02:50:37.716+0600][66.389s][info][gc,stats    ] Concurrent Class Unloading        24732 us
[2026-04-03T02:50:37.716+0600][66.389s][info][gc,stats    ]   Unlink Stale                    21905 us
[2026-04-03T02:50:37.716+0600][66.389s][info][gc,stats    ]     System Dictionary               326 us
[2026-04-03T02:50:37.716+0600][66.389s][info][gc,stats    ]     Weak Class Links                  0 us
[2026-04-03T02:50:37.716+0600][66.389s][info][gc,stats    ]     Code Roots                    21575 us
[2026-04-03T02:50:37.716+0600][66.389s][info][gc,stats    ]   Rendezvous                        483 us
[2026-04-03T02:50:37.716+0600][66.389s][info][gc,stats    ]   Purge Unlinked                   2197 us
[2026-04-03T02:50:37.716+0600][66.389s][info][gc,stats    ]     Code Roots                     2170 us
[2026-04-03T02:50:37.716+0600][66.389s][info][gc,stats    ]     CLDG                             25 us
[2026-04-03T02:50:37.716+0600][66.389s][info][gc,stats    ]     Exception Caches                  1 us
[2026-04-03T02:50:37.716+0600][66.390s][info][gc,stats    ] Concurrent Strong Roots            2149 us, parallelism: 0.73x
[2026-04-03T02:50:37.716+0600][66.390s][info][gc,stats    ]   CSR: <total>                     1569 us
[2026-04-03T02:50:37.716+0600][66.390s][info][gc,stats    ]   CSR: VM Strong Roots               84 us, workers (us):  65,  18,   0, ---, ---, ---, 
[2026-04-03T02:50:37.716+0600][66.390s][info][gc,stats    ]   CSR: CLDG Roots                  1486 us, workers (us): ---, 1486, ---, ---, ---, ---, 
[2026-04-03T02:50:37.716+0600][66.390s][info][gc,stats    ] Concurrent Evacuation              7447 us
[2026-04-03T02:50:37.716+0600][66.390s][info][gc,stats    ] Pause Init Update Refs (G)         3904 us
[2026-04-03T02:50:37.716+0600][66.390s][info][gc,stats    ] Pause Init Update Refs (N)          168 us
[2026-04-03T02:50:37.716+0600][66.390s][info][gc,stats    ]   Manage GCLABs                      50 us
[2026-04-03T02:50:37.716+0600][66.390s][info][gc,stats    ] Concurrent Update Refs            46690 us
[2026-04-03T02:50:37.716+0600][66.390s][info][gc,stats    ] Concurrent Update Thread Roots     1950 us
[2026-04-03T02:50:37.716+0600][66.390s][info][gc,stats    ] Pause Final Update Refs (G)         702 us
[2026-04-03T02:50:37.716+0600][66.390s][info][gc,stats    ] Pause Final Update Refs (N)         306 us
[2026-04-03T02:50:37.716+0600][66.390s][info][gc,stats    ]   Update Region States               85 us
[2026-04-03T02:50:37.716+0600][66.390s][info][gc,stats    ]   Trash Collection Set               18 us
[2026-04-03T02:50:37.716+0600][66.390s][info][gc,stats    ]   Rebuild Free Set                   49 us
[2026-04-03T02:50:37.716+0600][66.390s][info][gc,stats    ] Concurrent Cleanup                  876 us
[2026-04-03T02:50:37.716+0600][66.390s][info][gc,stats    ] 
[2026-04-03T02:50:37.716+0600][66.390s][info][gc,stats    ] Allocation pacing accrued:
[2026-04-03T02:50:37.716+0600][66.390s][info][gc,stats    ]       0 of   353 ms (  0.0%): <total>
[2026-04-03T02:50:37.716+0600][66.390s][info][gc,stats    ]       0 of   353 ms (  0.0%): <average total>
[2026-04-03T02:50:37.716+0600][66.390s][info][gc,stats    ] 
[2026-04-03T02:50:37.716+0600][66.390s][info][gc,metaspace] Metaspace: 131473K(132736K)->131482K(132736K) NonClass: 114968K(115584K)->114977K(115584K) Class: 16504K(17152K)->16504K(17152K)
[2026-04-03T02:50:37.716+0600][66.390s][info][gc,ergo     ] Pacer for Idle. Initial: 40960K, Alloc Tax Rate: 1.0x
[2026-04-03T02:50:39.065+0600][67.738s][info][gc          ] Trigger: Average GC time (175.27 ms) is above the time for average allocation rate (1100 MB/s) to deplete free headroom (191M) (margin of error = 1.84)
[2026-04-03T02:50:39.065+0600][67.739s][info][gc,ergo     ] Free headroom: 291M (free) - 100M (spike) - 0B (penalties) = 191M
[2026-04-03T02:50:39.065+0600][67.739s][info][gc,ergo     ] Free: 291M, Max: 512K regular, 289M humongous, Frag: 0% external, 0% internal; Reserve: 100M, Max: 512K
[2026-04-03T02:50:39.065+0600][67.739s][info][gc,start    ] GC(45) Concurrent reset
[2026-04-03T02:50:39.065+0600][67.739s][info][gc,task     ] GC(45) Using 3 of 6 workers for concurrent reset
[2026-04-03T02:50:39.065+0600][67.739s][info][gc,ergo     ] GC(45) Pacer for Reset. Non-Taxable: 2000M
[2026-04-03T02:50:39.066+0600][67.740s][info][gc          ] GC(45) Concurrent reset 1.498ms
[2026-04-03T02:50:39.067+0600][67.740s][info][gc,start    ] GC(45) Pause Init Mark (unload classes)
[2026-04-03T02:50:39.067+0600][67.740s][info][gc,task     ] GC(45) Using 6 of 6 workers for init marking
[2026-04-03T02:50:39.067+0600][67.741s][info][gc,ergo     ] GC(45) Pacer for Mark. Expected Live: 95746K, Free: 290M, Non-Taxable: 29728K, Alloc Tax Rate: 0.4x
[2026-04-03T02:50:39.067+0600][67.741s][info][gc          ] GC(45) Pause Init Mark (unload classes) 0.190ms
[2026-04-03T02:50:39.067+0600][67.741s][info][gc,start    ] GC(45) Concurrent marking roots
[2026-04-03T02:50:39.067+0600][67.741s][info][gc,task     ] GC(45) Using 3 of 6 workers for concurrent marking roots
[2026-04-03T02:50:39.069+0600][67.743s][info][gc          ] GC(45) Concurrent marking roots 2.029ms
[2026-04-03T02:50:39.069+0600][67.743s][info][gc,start    ] GC(45) Concurrent marking (unload classes)
[2026-04-03T02:50:39.069+0600][67.743s][info][gc,task     ] GC(45) Using 3 of 6 workers for concurrent marking
[2026-04-03T02:50:39.134+0600][67.808s][info][gc          ] GC(45) Concurrent marking (unload classes) 64.981ms
[2026-04-03T02:50:39.134+0600][67.808s][info][gc,start    ] GC(45) Pause Final Mark (unload classes)
[2026-04-03T02:50:39.134+0600][67.808s][info][gc,task     ] GC(45) Using 6 of 6 workers for final marking
[2026-04-03T02:50:39.135+0600][67.809s][info][gc,ergo     ] GC(45) Adaptive CSet Selection. Target Free: 283M, Actual Free: 1379M, Max CSet: 85333K, Min Garbage: 0B
[2026-04-03T02:50:39.135+0600][67.809s][info][gc,ergo     ] GC(45) Collectable Garbage: 1376M (99%), Immediate: 1045M (75%), CSet: 331M (23%)
[2026-04-03T02:50:39.135+0600][67.809s][info][gc,ergo     ] GC(45) Pacer for Evacuation. Used CSet: 340M, Free: 1409M, Non-Taxable: 140M, Alloc Tax Rate: 1.1x
[2026-04-03T02:50:39.135+0600][67.809s][info][gc          ] GC(45) Pause Final Mark (unload classes) 0.815ms
[2026-04-03T02:50:39.135+0600][67.809s][info][gc,start    ] GC(45) Concurrent thread roots
[2026-04-03T02:50:39.135+0600][67.809s][info][gc,task     ] GC(45) Using 3 of 6 workers for Concurrent thread roots
[2026-04-03T02:50:39.137+0600][67.811s][info][gc          ] GC(45) Concurrent thread roots 1.713ms
[2026-04-03T02:50:39.137+0600][67.811s][info][gc,start    ] GC(45) Concurrent weak references
[2026-04-03T02:50:39.137+0600][67.811s][info][gc,task     ] GC(45) Using 3 of 6 workers for concurrent weak references
[2026-04-03T02:50:39.138+0600][67.812s][info][gc,ref      ] GC(45) Encountered references: Soft: 3792, Weak: 16965, Final: 84, Phantom: 626
[2026-04-03T02:50:39.138+0600][67.812s][info][gc,ref      ] GC(45) Discovered  references: Soft: 0, Weak: 9413, Final: 48, Phantom: 588
[2026-04-03T02:50:39.138+0600][67.812s][info][gc,ref      ] GC(45) Enqueued    references: Soft: 0, Weak: 1983, Final: 0, Phantom: 0
[2026-04-03T02:50:39.138+0600][67.812s][info][gc          ] GC(45) Concurrent weak references 1.453ms
[2026-04-03T02:50:39.138+0600][67.812s][info][gc,start    ] GC(45) Concurrent weak roots
[2026-04-03T02:50:39.138+0600][67.812s][info][gc,task     ] GC(45) Using 3 of 6 workers for concurrent weak root
[2026-04-03T02:50:39.148+0600][67.822s][info][gc          ] GC(45) Concurrent weak roots 9.742ms
[2026-04-03T02:50:39.148+0600][67.822s][info][gc,start    ] GC(45) Concurrent cleanup
[2026-04-03T02:50:39.149+0600][67.823s][info][gc          ] GC(45) Concurrent cleanup 1553M->511M(1742M) 1.259ms
[2026-04-03T02:50:39.150+0600][67.823s][info][gc,ergo     ] GC(45) Free: 1386M, Max: 512K regular, 214M humongous, Frag: 85% external, 0% internal; Reserve: 101376K, Max: 512K
[2026-04-03T02:50:39.150+0600][67.823s][info][gc,start    ] GC(45) Concurrent class unloading
[2026-04-03T02:50:39.150+0600][67.823s][info][gc,task     ] GC(45) Using 3 of 6 workers for concurrent class unloading
[2026-04-03T02:50:39.172+0600][67.846s][info][gc          ] GC(45) Concurrent class unloading 22.488ms
[2026-04-03T02:50:39.172+0600][67.846s][info][gc,start    ] GC(45) Concurrent strong roots
[2026-04-03T02:50:39.172+0600][67.846s][info][gc,task     ] GC(45) Using 3 of 6 workers for concurrent strong root
[2026-04-03T02:50:39.174+0600][67.848s][info][gc          ] GC(45) Concurrent strong roots 1.888ms
[2026-04-03T02:50:39.174+0600][67.848s][info][gc,start    ] GC(45) Concurrent evacuation
[2026-04-03T02:50:39.174+0600][67.848s][info][gc,task     ] GC(45) Using 3 of 6 workers for concurrent evacuation
[2026-04-03T02:50:39.179+0600][67.853s][info][gc          ] GC(45) Concurrent evacuation 5.198ms
[2026-04-03T02:50:39.180+0600][67.854s][info][gc,start    ] GC(45) Pause Init Update Refs
[2026-04-03T02:50:39.180+0600][67.854s][info][gc,ergo     ] GC(45) Pacer for Update Refs. Used: 534M, Free: 1369M, Non-Taxable: 136M, Alloc Tax Rate: 1.1x
[2026-04-03T02:50:39.180+0600][67.854s][info][gc          ] GC(45) Pause Init Update Refs 0.237ms
[2026-04-03T02:50:39.180+0600][67.854s][info][gc,start    ] GC(45) Concurrent update references
[2026-04-03T02:50:39.180+0600][67.854s][info][gc,task     ] GC(45) Using 3 of 6 workers for concurrent reference update
[2026-04-03T02:50:39.228+0600][67.902s][info][gc          ] GC(45) Concurrent update references 47.750ms
[2026-04-03T02:50:39.228+0600][67.902s][info][gc,start    ] GC(45) Concurrent update thread roots
[2026-04-03T02:50:39.230+0600][67.903s][info][gc          ] GC(45) Concurrent update thread roots 1.575ms
[2026-04-03T02:50:39.230+0600][67.904s][info][gc,start    ] GC(45) Pause Final Update Refs
[2026-04-03T02:50:39.230+0600][67.904s][info][gc,task     ] GC(45) Using 6 of 6 workers for final reference update
[2026-04-03T02:50:39.230+0600][67.904s][info][gc          ] GC(45) Pause Final Update Refs 0.232ms
[2026-04-03T02:50:39.230+0600][67.904s][info][gc,start    ] GC(45) Concurrent cleanup
[2026-04-03T02:50:39.231+0600][67.905s][info][gc          ] GC(45) Concurrent cleanup 552M->212M(1742M) 0.748ms
[2026-04-03T02:50:39.231+0600][67.905s][info][gc,ergo     ] Free: 1679M, Max: 512K regular, 1089M humongous, Frag: 35% external, 0% internal; Reserve: 100M, Max: 512K
[2026-04-03T02:50:39.231+0600][67.905s][info][gc,stats    ] 
[2026-04-03T02:50:39.231+0600][67.905s][info][gc,stats    ] All times are wall-clock times, except per-root-class counters, that are sum over
[2026-04-03T02:50:39.231+0600][67.905s][info][gc,stats    ] all workers. Dividing the <total> over the root stage time estimates parallelism.
[2026-04-03T02:50:39.231+0600][67.905s][info][gc,stats    ] 
[2026-04-03T02:50:39.231+0600][67.905s][info][gc,stats    ] Concurrent Reset                   1603 us
[2026-04-03T02:50:39.231+0600][67.905s][info][gc,stats    ] Pause Init Mark (G)                 400 us
[2026-04-03T02:50:39.231+0600][67.905s][info][gc,stats    ] Pause Init Mark (N)                 201 us
[2026-04-03T02:50:39.231+0600][67.905s][info][gc,stats    ]   Update Region States               53 us
[2026-04-03T02:50:39.231+0600][67.905s][info][gc,stats    ] Concurrent Mark Roots              2081 us, parallelism: 1.51x
[2026-04-03T02:50:39.231+0600][67.905s][info][gc,stats    ]   CMR: <total>                     3151 us
[2026-04-03T02:50:39.231+0600][67.905s][info][gc,stats    ]   CMR: Thread Roots                2622 us, workers (us): 1545, 1077,   0, ---, ---, ---, 
[2026-04-03T02:50:39.231+0600][67.905s][info][gc,stats    ]   CMR: VM Strong Roots               66 us, workers (us):  36,  30,   0, ---, ---, ---, 
[2026-04-03T02:50:39.231+0600][67.905s][info][gc,stats    ]   CMR: CLDG Roots                   463 us, workers (us): ---, 463, ---, ---, ---, ---, 
[2026-04-03T02:50:39.231+0600][67.905s][info][gc,stats    ] Concurrent Marking                65071 us
[2026-04-03T02:50:39.231+0600][67.905s][info][gc,stats    ] Pause Final Mark (G)               1020 us
[2026-04-03T02:50:39.231+0600][67.905s][info][gc,stats    ] Pause Final Mark (N)                825 us
[2026-04-03T02:50:39.231+0600][67.905s][info][gc,stats    ]   Finish Mark                       257 us
[2026-04-03T02:50:39.231+0600][67.905s][info][gc,stats    ]   Update Region States               62 us
[2026-04-03T02:50:39.231+0600][67.905s][info][gc,stats    ]   Choose Collection Set             301 us
[2026-04-03T02:50:39.231+0600][67.905s][info][gc,stats    ]   Rebuild Free Set                   50 us
[2026-04-03T02:50:39.231+0600][67.905s][info][gc,stats    ] Concurrent Thread Roots            1764 us, parallelism: 2.41x
[2026-04-03T02:50:39.231+0600][67.905s][info][gc,stats    ]   CTR: <total>                     4253 us
[2026-04-03T02:50:39.231+0600][67.905s][info][gc,stats    ]   CTR: Thread Roots                4253 us, workers (us): 1555, 1378, 1320, ---, ---, ---, 
[2026-04-03T02:50:39.231+0600][67.905s][info][gc,stats    ] Concurrent Weak References         1464 us, parallelism: 1.21x
[2026-04-03T02:50:39.231+0600][67.905s][info][gc,stats    ]   CWRF: <total>                    1773 us
[2026-04-03T02:50:39.231+0600][67.905s][info][gc,stats    ]   CWRF: Weak References            1773 us, workers (us): 472, 1301,   0, ---, ---, ---, 
[2026-04-03T02:50:39.231+0600][67.905s][info][gc,stats    ] Concurrent Weak Roots              9865 us
[2026-04-03T02:50:39.231+0600][67.905s][info][gc,stats    ]   Roots                            9272 us, parallelism: 2.28x
[2026-04-03T02:50:39.231+0600][67.905s][info][gc,stats    ]     CWR: <total>                  21175 us
[2026-04-03T02:50:39.231+0600][67.905s][info][gc,stats    ]     CWR: Code Cache Roots         17573 us, workers (us): 6310, 6557, 4706, ---, ---, ---, 
[2026-04-03T02:50:39.231+0600][67.905s][info][gc,stats    ]     CWR: VM Weak Roots             3350 us, workers (us): 1675, 1673,   2, ---, ---, ---, 
[2026-04-03T02:50:39.231+0600][67.905s][info][gc,stats    ]     CWR: CLDG Roots                 251 us, workers (us): 251, ---, ---, ---, ---, ---, 
[2026-04-03T02:50:39.231+0600][67.905s][info][gc,stats    ]   Rendezvous                        438 us
[2026-04-03T02:50:39.231+0600][67.905s][info][gc,stats    ] Concurrent Cleanup                 1390 us
[2026-04-03T02:50:39.231+0600][67.905s][info][gc,stats    ] Concurrent Class Unloading        22596 us
[2026-04-03T02:50:39.231+0600][67.905s][info][gc,stats    ]   Unlink Stale                    19813 us
[2026-04-03T02:50:39.231+0600][67.905s][info][gc,stats    ]     System Dictionary               376 us
[2026-04-03T02:50:39.231+0600][67.905s][info][gc,stats    ]     Weak Class Links                  1 us
[2026-04-03T02:50:39.231+0600][67.905s][info][gc,stats    ]     Code Roots                    19431 us
[2026-04-03T02:50:39.231+0600][67.905s][info][gc,stats    ]   Rendezvous                        348 us
[2026-04-03T02:50:39.231+0600][67.905s][info][gc,stats    ]   Purge Unlinked                   2274 us
[2026-04-03T02:50:39.231+0600][67.905s][info][gc,stats    ]     Code Roots                     2258 us
[2026-04-03T02:50:39.231+0600][67.905s][info][gc,stats    ]     CLDG                             14 us
[2026-04-03T02:50:39.231+0600][67.905s][info][gc,stats    ]     Exception Caches                  0 us
[2026-04-03T02:50:39.231+0600][67.905s][info][gc,stats    ] Concurrent Strong Roots            1973 us, parallelism: 0.70x
[2026-04-03T02:50:39.231+0600][67.905s][info][gc,stats    ]   CSR: <total>                     1381 us
[2026-04-03T02:50:39.231+0600][67.905s][info][gc,stats    ]   CSR: VM Strong Roots               89 us, workers (us):  66,  14,   9, ---, ---, ---, 
[2026-04-03T02:50:39.231+0600][67.905s][info][gc,stats    ]   CSR: CLDG Roots                  1292 us, workers (us): ---, ---, 1292, ---, ---, ---, 
[2026-04-03T02:50:39.231+0600][67.905s][info][gc,stats    ] Concurrent Evacuation              5325 us
[2026-04-03T02:50:39.231+0600][67.905s][info][gc,stats    ] Pause Init Update Refs (G)          609 us
[2026-04-03T02:50:39.231+0600][67.905s][info][gc,stats    ] Pause Init Update Refs (N)          252 us
[2026-04-03T02:50:39.231+0600][67.905s][info][gc,stats    ]   Manage GCLABs                      71 us
[2026-04-03T02:50:39.231+0600][67.905s][info][gc,stats    ] Concurrent Update Refs            47827 us
[2026-04-03T02:50:39.231+0600][67.905s][info][gc,stats    ] Concurrent Update Thread Roots     1626 us
[2026-04-03T02:50:39.231+0600][67.905s][info][gc,stats    ] Pause Final Update Refs (G)         505 us
[2026-04-03T02:50:39.231+0600][67.905s][info][gc,stats    ] Pause Final Update Refs (N)         246 us
[2026-04-03T02:50:39.231+0600][67.905s][info][gc,stats    ]   Update Region States               63 us
[2026-04-03T02:50:39.231+0600][67.905s][info][gc,stats    ]   Trash Collection Set               25 us
[2026-04-03T02:50:39.231+0600][67.905s][info][gc,stats    ]   Rebuild Free Set                   56 us
[2026-04-03T02:50:39.231+0600][67.905s][info][gc,stats    ] Concurrent Cleanup                  768 us
[2026-04-03T02:50:39.231+0600][67.905s][info][gc,stats    ] Pacing                           207436 us
[2026-04-03T02:50:39.231+0600][67.905s][info][gc,stats    ] 
[2026-04-03T02:50:39.231+0600][67.905s][info][gc,stats    ] Allocation pacing accrued:
[2026-04-03T02:50:39.231+0600][67.905s][info][gc,stats    ]      28 of  1516 ms (  1.8%): Executor task launch worker for task 0.0 in stage 2894.0 (TID 5336)
[2026-04-03T02:50:39.231+0600][67.905s][info][gc,stats    ]      26 of  1516 ms (  1.7%): Executor task launch worker for task 2.0 in stage 2888.0 (TID 5329)
[2026-04-03T02:50:39.231+0600][67.905s][info][gc,stats    ]      26 of  1516 ms (  1.7%): Executor task launch worker for task 0.0 in stage 2888.0 (TID 5327)
[2026-04-03T02:50:39.231+0600][67.905s][info][gc,stats    ]      26 of  1516 ms (  1.7%): Executor task launch worker for task 3.0 in stage 2888.0 (TID 5330)
[2026-04-03T02:50:39.231+0600][67.905s][info][gc,stats    ]      26 of  1516 ms (  1.7%): Executor task launch worker for task 5.0 in stage 2888.0 (TID 5332)
[2026-04-03T02:50:39.231+0600][67.905s][info][gc,stats    ]      26 of  1516 ms (  1.7%): Executor task launch worker for task 6.0 in stage 2888.0 (TID 5333)
[2026-04-03T02:50:39.231+0600][67.905s][info][gc,stats    ]      27 of  1516 ms (  1.8%): Executor task launch worker for task 7.0 in stage 2888.0 (TID 5334)
[2026-04-03T02:50:39.231+0600][67.905s][info][gc,stats    ]      22 of  1516 ms (  1.5%): Executor task launch worker for task 4.0 in stage 2888.0 (TID 5331)
[2026-04-03T02:50:39.231+0600][67.905s][info][gc,stats    ]     207 of  1516 ms ( 13.7%): <total>
[2026-04-03T02:50:39.231+0600][67.905s][info][gc,stats    ]       1 of  1516 ms (  0.0%): <average total>
[2026-04-03T02:50:39.231+0600][67.905s][info][gc,stats    ]      26 of  1516 ms (  1.7%): <average non-zero>
[2026-04-03T02:50:39.231+0600][67.905s][info][gc,stats    ] 
[2026-04-03T02:50:39.231+0600][67.905s][info][gc,metaspace] Metaspace: 131516K(132800K)->131517K(132800K) NonClass: 115010K(115648K)->115011K(115648K) Class: 16506K(17152K)->16506K(17152K)
[2026-04-03T02:50:39.231+0600][67.905s][info][gc,ergo     ] Pacer for Idle. Initial: 40960K, Alloc Tax Rate: 1.0x
[2026-04-03T02:50:40.038+0600][68.712s][info][gc          ] Trigger: Average GC time (178.51 ms) is above the time for average allocation rate (1242 MB/s) to deplete free headroom (200M) (margin of error = 1.84)
[2026-04-03T02:50:40.038+0600][68.712s][info][gc,ergo     ] Free headroom: 300M (free) - 100M (spike) - 0B (penalties) = 200M
[2026-04-03T02:50:40.038+0600][68.712s][info][gc,ergo     ] Free: 300M, Max: 512K regular, 212M humongous, Frag: 29% external, 0% internal; Reserve: 100M, Max: 512K
[2026-04-03T02:50:40.038+0600][68.712s][info][gc,start    ] GC(46) Concurrent reset
[2026-04-03T02:50:40.038+0600][68.712s][info][gc,task     ] GC(46) Using 3 of 6 workers for concurrent reset
[2026-04-03T02:50:40.038+0600][68.712s][info][gc,ergo     ] GC(46) Pacer for Reset. Non-Taxable: 2000M
[2026-04-03T02:50:40.041+0600][68.715s][info][gc          ] GC(46) Concurrent reset 2.524ms
[2026-04-03T02:50:40.041+0600][68.715s][info][gc,start    ] GC(46) Pause Init Mark (unload classes)
[2026-04-03T02:50:40.041+0600][68.715s][info][gc,task     ] GC(46) Using 6 of 6 workers for init marking
[2026-04-03T02:50:40.041+0600][68.715s][info][gc,ergo     ] GC(46) Pacer for Mark. Expected Live: 96082K, Free: 296M, Non-Taxable: 30399K, Alloc Tax Rate: 0.4x
[2026-04-03T02:50:40.041+0600][68.715s][info][gc          ] GC(46) Pause Init Mark (unload classes) 0.190ms
[2026-04-03T02:50:40.041+0600][68.715s][info][gc,start    ] GC(46) Concurrent marking roots
[2026-04-03T02:50:40.042+0600][68.715s][info][gc,task     ] GC(46) Using 3 of 6 workers for concurrent marking roots
[2026-04-03T02:50:40.043+0600][68.717s][info][gc          ] GC(46) Concurrent marking roots 1.801ms
[2026-04-03T02:50:40.043+0600][68.717s][info][gc,start    ] GC(46) Concurrent marking (unload classes)
[2026-04-03T02:50:40.043+0600][68.717s][info][gc,task     ] GC(46) Using 3 of 6 workers for concurrent marking
[2026-04-03T02:50:40.110+0600][68.784s][info][gc          ] GC(46) Concurrent marking (unload classes) 66.582ms
[2026-04-03T02:50:40.110+0600][68.784s][info][gc,start    ] GC(46) Pause Final Mark (unload classes)
[2026-04-03T02:50:40.110+0600][68.784s][info][gc,task     ] GC(46) Using 6 of 6 workers for final marking
[2026-04-03T02:50:40.111+0600][68.784s][info][gc,ergo     ] GC(46) Adaptive CSet Selection. Target Free: 283M, Actual Free: 1458M, Max CSet: 85333K, Min Garbage: 0B
[2026-04-03T02:50:40.111+0600][68.785s][info][gc,ergo     ] GC(46) Collectable Garbage: 1358M (99%), Immediate: 1117M (81%), CSet: 241M (17%)
[2026-04-03T02:50:40.111+0600][68.785s][info][gc,ergo     ] GC(46) Pacer for Evacuation. Used CSet: 250M, Free: 1499M, Non-Taxable: 149M, Alloc Tax Rate: 1.1x
[2026-04-03T02:50:40.111+0600][68.785s][info][gc          ] GC(46) Pause Final Mark (unload classes) 0.798ms
[2026-04-03T02:50:40.111+0600][68.785s][info][gc,start    ] GC(46) Concurrent thread roots
[2026-04-03T02:50:40.111+0600][68.785s][info][gc,task     ] GC(46) Using 3 of 6 workers for Concurrent thread roots
[2026-04-03T02:50:40.112+0600][68.786s][info][gc          ] GC(46) Concurrent thread roots 1.238ms
[2026-04-03T02:50:40.112+0600][68.786s][info][gc,start    ] GC(46) Concurrent weak references
[2026-04-03T02:50:40.112+0600][68.786s][info][gc,task     ] GC(46) Using 3 of 6 workers for concurrent weak references
[2026-04-03T02:50:40.113+0600][68.787s][info][gc,ref      ] GC(46) Encountered references: Soft: 3790, Weak: 16363, Final: 84, Phantom: 621
[2026-04-03T02:50:40.114+0600][68.787s][info][gc,ref      ] GC(46) Discovered  references: Soft: 0, Weak: 9644, Final: 52, Phantom: 595
[2026-04-03T02:50:40.114+0600][68.787s][info][gc,ref      ] GC(46) Enqueued    references: Soft: 0, Weak: 1186, Final: 0, Phantom: 0
[2026-04-03T02:50:40.114+0600][68.787s][info][gc          ] GC(46) Concurrent weak references 1.315ms
[2026-04-03T02:50:40.114+0600][68.787s][info][gc,start    ] GC(46) Concurrent weak roots
[2026-04-03T02:50:40.114+0600][68.787s][info][gc,task     ] GC(46) Using 3 of 6 workers for concurrent weak root
[2026-04-03T02:50:40.119+0600][68.792s][info][gc          ] GC(46) Concurrent weak roots 5.095ms
[2026-04-03T02:50:40.119+0600][68.793s][info][gc,start    ] GC(46) Concurrent cleanup
[2026-04-03T02:50:40.120+0600][68.794s][info][gc          ] GC(46) Concurrent cleanup 1512M->394M(1742M) 1.233ms
[2026-04-03T02:50:40.120+0600][68.794s][info][gc,ergo     ] GC(46) Free: 1496M, Max: 512K regular, 244M humongous, Frag: 84% external, 0% internal; Reserve: 101839K, Max: 512K
[2026-04-03T02:50:40.120+0600][68.794s][info][gc,start    ] GC(46) Concurrent class unloading
[2026-04-03T02:50:40.120+0600][68.794s][info][gc,task     ] GC(46) Using 3 of 6 workers for concurrent class unloading
[2026-04-03T02:50:40.145+0600][68.819s][info][gc          ] GC(46) Concurrent class unloading 25.223ms
[2026-04-03T02:50:40.145+0600][68.819s][info][gc,start    ] GC(46) Concurrent strong roots
[2026-04-03T02:50:40.145+0600][68.819s][info][gc,task     ] GC(46) Using 3 of 6 workers for concurrent strong root
[2026-04-03T02:50:40.147+0600][68.821s][info][gc          ] GC(46) Concurrent strong roots 1.859ms
[2026-04-03T02:50:40.147+0600][68.821s][info][gc,start    ] GC(46) Concurrent evacuation
[2026-04-03T02:50:40.147+0600][68.821s][info][gc,task     ] GC(46) Using 3 of 6 workers for concurrent evacuation
[2026-04-03T02:50:40.154+0600][68.828s][info][gc          ] GC(46) Concurrent evacuation 7.145ms
[2026-04-03T02:50:40.155+0600][68.829s][info][gc,start    ] GC(46) Pause Init Update Refs
[2026-04-03T02:50:40.155+0600][68.829s][info][gc,ergo     ] GC(46) Pacer for Update Refs. Used: 430M, Free: 1470M, Non-Taxable: 147M, Alloc Tax Rate: 1.1x
[2026-04-03T02:50:40.155+0600][68.829s][info][gc          ] GC(46) Pause Init Update Refs 0.215ms
[2026-04-03T02:50:40.157+0600][68.831s][info][gc,start    ] GC(46) Concurrent update references
[2026-04-03T02:50:40.158+0600][68.831s][info][gc,task     ] GC(46) Using 3 of 6 workers for concurrent reference update
[2026-04-03T02:50:40.212+0600][68.886s][info][gc          ] GC(46) Concurrent update references 54.489ms
[2026-04-03T02:50:40.212+0600][68.886s][info][gc,start    ] GC(46) Concurrent update thread roots
[2026-04-03T02:50:40.214+0600][68.888s][info][gc          ] GC(46) Concurrent update thread roots 1.956ms
[2026-04-03T02:50:40.214+0600][68.888s][info][gc,start    ] GC(46) Pause Final Update Refs
[2026-04-03T02:50:40.214+0600][68.888s][info][gc,task     ] GC(46) Using 6 of 6 workers for final reference update
[2026-04-03T02:50:40.215+0600][68.888s][info][gc          ] GC(46) Pause Final Update Refs 0.280ms
[2026-04-03T02:50:40.215+0600][68.889s][info][gc,start    ] GC(46) Concurrent cleanup
[2026-04-03T02:50:40.216+0600][68.889s][info][gc          ] GC(46) Concurrent cleanup 471M->225M(1742M) 0.936ms
[2026-04-03T02:50:40.216+0600][68.890s][info][gc,ergo     ] Free: 1660M, Max: 512K regular, 1007M humongous, Frag: 40% external, 0% internal; Reserve: 100M, Max: 512K
[2026-04-03T02:50:40.216+0600][68.890s][info][gc,stats    ] 
[2026-04-03T02:50:40.216+0600][68.890s][info][gc,stats    ] All times are wall-clock times, except per-root-class counters, that are sum over
[2026-04-03T02:50:40.216+0600][68.890s][info][gc,stats    ] all workers. Dividing the <total> over the root stage time estimates parallelism.
[2026-04-03T02:50:40.216+0600][68.890s][info][gc,stats    ] 
[2026-04-03T02:50:40.216+0600][68.890s][info][gc,stats    ] Concurrent Reset                   2579 us
[2026-04-03T02:50:40.216+0600][68.890s][info][gc,stats    ] Pause Init Mark (G)                 630 us
[2026-04-03T02:50:40.216+0600][68.890s][info][gc,stats    ] Pause Init Mark (N)                 214 us
[2026-04-03T02:50:40.216+0600][68.890s][info][gc,stats    ]   Update Region States               50 us
[2026-04-03T02:50:40.216+0600][68.890s][info][gc,stats    ] Concurrent Mark Roots              1844 us, parallelism: 1.97x
[2026-04-03T02:50:40.216+0600][68.890s][info][gc,stats    ]   CMR: <total>                     3629 us
[2026-04-03T02:50:40.216+0600][68.890s][info][gc,stats    ]   CMR: Thread Roots                3049 us, workers (us): 672, 1199, 1178, ---, ---, ---, 
[2026-04-03T02:50:40.216+0600][68.890s][info][gc,stats    ]   CMR: VM Strong Roots               67 us, workers (us):  29,  20,  18, ---, ---, ---, 
[2026-04-03T02:50:40.216+0600][68.890s][info][gc,stats    ]   CMR: CLDG Roots                   513 us, workers (us): 513, ---, ---, ---, ---, ---, 
[2026-04-03T02:50:40.216+0600][68.890s][info][gc,stats    ] Concurrent Marking                66650 us
[2026-04-03T02:50:40.216+0600][68.890s][info][gc,stats    ] Pause Final Mark (G)               1021 us
[2026-04-03T02:50:40.216+0600][68.890s][info][gc,stats    ] Pause Final Mark (N)                813 us
[2026-04-03T02:50:40.216+0600][68.890s][info][gc,stats    ]   Finish Mark                       187 us
[2026-04-03T02:50:40.216+0600][68.890s][info][gc,stats    ]   Update Region States               86 us
[2026-04-03T02:50:40.216+0600][68.890s][info][gc,stats    ]   Choose Collection Set             317 us
[2026-04-03T02:50:40.216+0600][68.890s][info][gc,stats    ]   Rebuild Free Set                   47 us
[2026-04-03T02:50:40.216+0600][68.890s][info][gc,stats    ] Concurrent Thread Roots            1266 us, parallelism: 2.72x
[2026-04-03T02:50:40.216+0600][68.890s][info][gc,stats    ]   CTR: <total>                     3444 us
[2026-04-03T02:50:40.216+0600][68.890s][info][gc,stats    ]   CTR: Thread Roots                3444 us, workers (us): 1162, 1165, 1118, ---, ---, ---, 
[2026-04-03T02:50:40.216+0600][68.890s][info][gc,stats    ] Concurrent Weak References         1322 us, parallelism: 1.21x
[2026-04-03T02:50:40.216+0600][68.890s][info][gc,stats    ]   CWRF: <total>                    1604 us
[2026-04-03T02:50:40.216+0600][68.890s][info][gc,stats    ]   CWRF: Weak References            1604 us, workers (us): 1212, 210, 181, ---, ---, ---, 
[2026-04-03T02:50:40.216+0600][68.890s][info][gc,stats    ] Concurrent Weak Roots              5208 us
[2026-04-03T02:50:40.216+0600][68.890s][info][gc,stats    ]   Roots                            4683 us, parallelism: 2.73x
[2026-04-03T02:50:40.216+0600][68.890s][info][gc,stats    ]     CWR: <total>                  12802 us
[2026-04-03T02:50:40.216+0600][68.890s][info][gc,stats    ]     CWR: Code Cache Roots         10010 us, workers (us): 3230, 3309, 3471, ---, ---, ---, 
[2026-04-03T02:50:40.216+0600][68.890s][info][gc,stats    ]     CWR: VM Weak Roots             2635 us, workers (us): 893, 893, 849, ---, ---, ---, 
[2026-04-03T02:50:40.216+0600][68.890s][info][gc,stats    ]     CWR: CLDG Roots                 157 us, workers (us): 157, ---, ---, ---, ---, ---, 
[2026-04-03T02:50:40.216+0600][68.890s][info][gc,stats    ]   Rendezvous                        389 us
[2026-04-03T02:50:40.216+0600][68.890s][info][gc,stats    ] Concurrent Cleanup                 1255 us
[2026-04-03T02:50:40.216+0600][68.890s][info][gc,stats    ] Concurrent Class Unloading        25335 us
[2026-04-03T02:50:40.216+0600][68.890s][info][gc,stats    ]   Unlink Stale                    22627 us
[2026-04-03T02:50:40.216+0600][68.890s][info][gc,stats    ]     System Dictionary               296 us
[2026-04-03T02:50:40.216+0600][68.890s][info][gc,stats    ]     Weak Class Links                  0 us
[2026-04-03T02:50:40.216+0600][68.890s][info][gc,stats    ]     Code Roots                    22327 us
[2026-04-03T02:50:40.216+0600][68.890s][info][gc,stats    ]   Rendezvous                        551 us
[2026-04-03T02:50:40.216+0600][68.890s][info][gc,stats    ]   Purge Unlinked                   2010 us
[2026-04-03T02:50:40.216+0600][68.890s][info][gc,stats    ]     Code Roots                     1989 us
[2026-04-03T02:50:40.216+0600][68.890s][info][gc,stats    ]     CLDG                             20 us
[2026-04-03T02:50:40.216+0600][68.890s][info][gc,stats    ]     Exception Caches                  1 us
[2026-04-03T02:50:40.216+0600][68.890s][info][gc,stats    ] Concurrent Strong Roots            1925 us, parallelism: 0.62x
[2026-04-03T02:50:40.216+0600][68.890s][info][gc,stats    ]   CSR: <total>                     1190 us
[2026-04-03T02:50:40.216+0600][68.890s][info][gc,stats    ]   CSR: VM Strong Roots               62 us, workers (us):  60,   1,   0, ---, ---, ---, 
[2026-04-03T02:50:40.216+0600][68.890s][info][gc,stats    ]   CSR: CLDG Roots                  1129 us, workers (us): 1129, ---, ---, ---, ---, ---, 
[2026-04-03T02:50:40.216+0600][68.890s][info][gc,stats    ] Concurrent Evacuation              7287 us
[2026-04-03T02:50:40.216+0600][68.890s][info][gc,stats    ] Pause Init Update Refs (G)         2786 us
[2026-04-03T02:50:40.216+0600][68.890s][info][gc,stats    ] Pause Init Update Refs (N)          234 us
[2026-04-03T02:50:40.216+0600][68.890s][info][gc,stats    ]   Manage GCLABs                      63 us
[2026-04-03T02:50:40.216+0600][68.890s][info][gc,stats    ] Concurrent Update Refs            54609 us
[2026-04-03T02:50:40.217+0600][68.890s][info][gc,stats    ] Concurrent Update Thread Roots     2017 us
[2026-04-03T02:50:40.217+0600][68.890s][info][gc,stats    ] Pause Final Update Refs (G)         653 us
[2026-04-03T02:50:40.217+0600][68.890s][info][gc,stats    ] Pause Final Update Refs (N)         300 us
[2026-04-03T02:50:40.217+0600][68.890s][info][gc,stats    ]   Update Region States               77 us
[2026-04-03T02:50:40.217+0600][68.890s][info][gc,stats    ]   Trash Collection Set               24 us
[2026-04-03T02:50:40.217+0600][68.890s][info][gc,stats    ]   Rebuild Free Set                   76 us
[2026-04-03T02:50:40.217+0600][68.890s][info][gc,stats    ] Concurrent Cleanup                  970 us
[2026-04-03T02:50:40.217+0600][68.890s][info][gc,stats    ] Pacing                           122317 us
[2026-04-03T02:50:40.217+0600][68.890s][info][gc,stats    ] 
[2026-04-03T02:50:40.217+0600][68.890s][info][gc,stats    ] Allocation pacing accrued:
[2026-04-03T02:50:40.217+0600][68.890s][info][gc,stats    ]      14 of   985 ms (  1.4%): Executor task launch worker for task 7.0 in stage 2934.0 (TID 5476)
[2026-04-03T02:50:40.217+0600][68.891s][info][gc,stats    ]      16 of   985 ms (  1.6%): Executor task launch worker for task 5.0 in stage 2934.0 (TID 5474)
[2026-04-03T02:50:40.217+0600][68.891s][info][gc,stats    ]      11 of   985 ms (  1.1%): Executor task launch worker for task 4.0 in stage 2934.0 (TID 5473)
[2026-04-03T02:50:40.217+0600][68.891s][info][gc,stats    ]      15 of   985 ms (  1.5%): Executor task launch worker for task 6.0 in stage 2934.0 (TID 5475)
[2026-04-03T02:50:40.217+0600][68.891s][info][gc,stats    ]      17 of   985 ms (  1.7%): Executor task launch worker for task 2.0 in stage 2934.0 (TID 5471)
[2026-04-03T02:50:40.217+0600][68.891s][info][gc,stats    ]      11 of   985 ms (  1.1%): Executor task launch worker for task 1.0 in stage 2934.0 (TID 5470)
[2026-04-03T02:50:40.217+0600][68.891s][info][gc,stats    ]       4 of   985 ms (  0.4%): task-result-getter-0
[2026-04-03T02:50:40.217+0600][68.891s][info][gc,stats    ]      16 of   985 ms (  1.6%): task-result-getter-1
[2026-04-03T02:50:40.217+0600][68.891s][info][gc,stats    ]       3 of   985 ms (  0.3%): task-result-getter-2
[2026-04-03T02:50:40.217+0600][68.891s][info][gc,stats    ]      16 of   985 ms (  1.6%): task-result-getter-3
[2026-04-03T02:50:40.217+0600][68.891s][info][gc,stats    ]     122 of   985 ms ( 12.4%): <total>
[2026-04-03T02:50:40.217+0600][68.891s][info][gc,stats    ]       0 of   985 ms (  0.0%): <average total>
[2026-04-03T02:50:40.217+0600][68.891s][info][gc,stats    ]      12 of   985 ms (  1.2%): <average non-zero>
[2026-04-03T02:50:40.217+0600][68.891s][info][gc,stats    ] 
[2026-04-03T02:50:40.217+0600][68.891s][info][gc,metaspace] Metaspace: 131525K(132800K)->131525K(132800K) NonClass: 115018K(115648K)->115018K(115648K) Class: 16506K(17152K)->16506K(17152K)
[2026-04-03T02:50:40.217+0600][68.891s][info][gc,ergo     ] Pacer for Idle. Initial: 40960K, Alloc Tax Rate: 1.0x
[2026-04-03T02:50:41.320+0600][69.993s][info][gc          ] Trigger: Average GC time (189.33 ms) is above the time for average allocation rate (1327 MB/s) to deplete free headroom (249M) (margin of error = 1.84)
[2026-04-03T02:50:41.320+0600][69.993s][info][gc,ergo     ] Free headroom: 349M (free) - 100M (spike) - 0B (penalties) = 249M
[2026-04-03T02:50:41.320+0600][69.993s][info][gc,ergo     ] Free: 349M, Max: 512K regular, 310M humongous, Frag: 11% external, 0% internal; Reserve: 100M, Max: 512K
[2026-04-03T02:50:41.320+0600][69.994s][info][gc,start    ] GC(47) Concurrent reset
[2026-04-03T02:50:41.320+0600][69.994s][info][gc,task     ] GC(47) Using 3 of 6 workers for concurrent reset
[2026-04-03T02:50:41.320+0600][69.994s][info][gc,ergo     ] GC(47) Pacer for Reset. Non-Taxable: 2000M
[2026-04-03T02:50:41.322+0600][69.996s][info][gc          ] GC(47) Concurrent reset 2.447ms
[2026-04-03T02:50:41.322+0600][69.996s][info][gc,start    ] GC(47) Pause Init Mark (unload classes)
[2026-04-03T02:50:41.322+0600][69.996s][info][gc,task     ] GC(47) Using 6 of 6 workers for init marking
[2026-04-03T02:50:41.323+0600][69.996s][info][gc,ergo     ] GC(47) Pacer for Mark. Expected Live: 95618K, Free: 349M, Non-Taxable: 35788K, Alloc Tax Rate: 0.3x
[2026-04-03T02:50:41.323+0600][69.996s][info][gc          ] GC(47) Pause Init Mark (unload classes) 0.143ms
[2026-04-03T02:50:41.323+0600][69.997s][info][gc,start    ] GC(47) Concurrent marking roots
[2026-04-03T02:50:41.323+0600][69.997s][info][gc,task     ] GC(47) Using 3 of 6 workers for concurrent marking roots
[2026-04-03T02:50:41.326+0600][70.000s][info][gc          ] GC(47) Concurrent marking roots 3.052ms
[2026-04-03T02:50:41.326+0600][70.000s][info][gc,start    ] GC(47) Concurrent marking (unload classes)
[2026-04-03T02:50:41.326+0600][70.000s][info][gc,task     ] GC(47) Using 3 of 6 workers for concurrent marking
[2026-04-03T02:50:41.381+0600][70.054s][info][gc          ] GC(47) Concurrent marking (unload classes) 54.722ms
[2026-04-03T02:50:41.381+0600][70.055s][info][gc,start    ] GC(47) Pause Final Mark (unload classes)
[2026-04-03T02:50:41.381+0600][70.055s][info][gc,task     ] GC(47) Using 6 of 6 workers for final marking
[2026-04-03T02:50:41.381+0600][70.055s][info][gc,ergo     ] GC(47) Adaptive CSet Selection. Target Free: 283M, Actual Free: 1489M, Max CSet: 85333K, Min Garbage: 0B
[2026-04-03T02:50:41.381+0600][70.055s][info][gc,ergo     ] GC(47) Collectable Garbage: 1329M (99%), Immediate: 1079M (80%), CSet: 249M (18%)
[2026-04-03T02:50:41.382+0600][70.055s][info][gc,ergo     ] GC(47) Pacer for Evacuation. Used CSet: 258M, Free: 1507M, Non-Taxable: 150M, Alloc Tax Rate: 1.1x
[2026-04-03T02:50:41.382+0600][70.055s][info][gc          ] GC(47) Pause Final Mark (unload classes) 0.889ms
[2026-04-03T02:50:41.382+0600][70.056s][info][gc,start    ] GC(47) Concurrent thread roots
[2026-04-03T02:50:41.382+0600][70.056s][info][gc,task     ] GC(47) Using 3 of 6 workers for Concurrent thread roots
[2026-04-03T02:50:41.384+0600][70.058s][info][gc          ] GC(47) Concurrent thread roots 2.736ms
[2026-04-03T02:50:41.385+0600][70.058s][info][gc,start    ] GC(47) Concurrent weak references
[2026-04-03T02:50:41.385+0600][70.058s][info][gc,task     ] GC(47) Using 3 of 6 workers for concurrent weak references
[2026-04-03T02:50:41.385+0600][70.059s][info][gc,ref      ] GC(47) Encountered references: Soft: 3825, Weak: 17563, Final: 84, Phantom: 621
[2026-04-03T02:50:41.386+0600][70.059s][info][gc,ref      ] GC(47) Discovered  references: Soft: 0, Weak: 5576, Final: 0, Phantom: 607
[2026-04-03T02:50:41.386+0600][70.059s][info][gc,ref      ] GC(47) Enqueued    references: Soft: 0, Weak: 2789, Final: 0, Phantom: 0
[2026-04-03T02:50:41.386+0600][70.059s][info][gc          ] GC(47) Concurrent weak references 1.042ms
[2026-04-03T02:50:41.386+0600][70.059s][info][gc,start    ] GC(47) Concurrent weak roots
[2026-04-03T02:50:41.386+0600][70.059s][info][gc,task     ] GC(47) Using 3 of 6 workers for concurrent weak root
[2026-04-03T02:50:41.394+0600][70.068s][info][gc          ] GC(47) Concurrent weak roots 8.635ms
[2026-04-03T02:50:41.394+0600][70.068s][info][gc,start    ] GC(47) Concurrent cleanup
[2026-04-03T02:50:41.396+0600][70.070s][info][gc          ] GC(47) Concurrent cleanup 1473M->394M(1742M) 1.442ms
[2026-04-03T02:50:41.396+0600][70.070s][info][gc,ergo     ] GC(47) Free: 1499M, Max: 512K regular, 301M humongous, Frag: 80% external, 0% internal; Reserve: 102015K, Max: 512K
[2026-04-03T02:50:41.396+0600][70.070s][info][gc,start    ] GC(47) Concurrent class unloading
[2026-04-03T02:50:41.396+0600][70.070s][info][gc,task     ] GC(47) Using 3 of 6 workers for concurrent class unloading
[2026-04-03T02:50:41.420+0600][70.094s][info][gc          ] GC(47) Concurrent class unloading 24.133ms
[2026-04-03T02:50:41.420+0600][70.094s][info][gc,start    ] GC(47) Concurrent strong roots
[2026-04-03T02:50:41.420+0600][70.094s][info][gc,task     ] GC(47) Using 3 of 6 workers for concurrent strong root
[2026-04-03T02:50:41.422+0600][70.096s][info][gc          ] GC(47) Concurrent strong roots 1.601ms
[2026-04-03T02:50:41.422+0600][70.096s][info][gc,start    ] GC(47) Concurrent evacuation
[2026-04-03T02:50:41.422+0600][70.096s][info][gc,task     ] GC(47) Using 3 of 6 workers for concurrent evacuation
[2026-04-03T02:50:41.430+0600][70.104s][info][gc          ] GC(47) Concurrent evacuation 8.298ms
[2026-04-03T02:50:41.431+0600][70.105s][info][gc,start    ] GC(47) Pause Init Update Refs
[2026-04-03T02:50:41.431+0600][70.105s][info][gc,ergo     ] GC(47) Pacer for Update Refs. Used: 436M, Free: 1467M, Non-Taxable: 146M, Alloc Tax Rate: 1.1x
[2026-04-03T02:50:41.431+0600][70.105s][info][gc          ] GC(47) Pause Init Update Refs 0.188ms
[2026-04-03T02:50:41.431+0600][70.105s][info][gc,start    ] GC(47) Concurrent update references
[2026-04-03T02:50:41.431+0600][70.105s][info][gc,task     ] GC(47) Using 3 of 6 workers for concurrent reference update
[2026-04-03T02:50:41.487+0600][70.161s][info][gc          ] GC(47) Concurrent update references 55.543ms
[2026-04-03T02:50:41.487+0600][70.161s][info][gc,start    ] GC(47) Concurrent update thread roots
[2026-04-03T02:50:41.489+0600][70.162s][info][gc          ] GC(47) Concurrent update thread roots 1.733ms
[2026-04-03T02:50:41.489+0600][70.163s][info][gc,start    ] GC(47) Pause Final Update Refs
[2026-04-03T02:50:41.489+0600][70.163s][info][gc,task     ] GC(47) Using 6 of 6 workers for final reference update
[2026-04-03T02:50:41.489+0600][70.163s][info][gc          ] GC(47) Pause Final Update Refs 0.254ms
[2026-04-03T02:50:41.489+0600][70.163s][info][gc,start    ] GC(47) Concurrent cleanup
[2026-04-03T02:50:41.490+0600][70.164s][info][gc          ] GC(47) Concurrent cleanup 477M->219M(1743M) 0.759ms
[2026-04-03T02:50:41.490+0600][70.164s][info][gc,ergo     ] Free: 1670M, Max: 512K regular, 971M humongous, Frag: 42% external, 0% internal; Reserve: 100M, Max: 512K
[2026-04-03T02:50:41.490+0600][70.164s][info][gc,stats    ] 
[2026-04-03T02:50:41.490+0600][70.164s][info][gc,stats    ] All times are wall-clock times, except per-root-class counters, that are sum over
[2026-04-03T02:50:41.490+0600][70.164s][info][gc,stats    ] all workers. Dividing the <total> over the root stage time estimates parallelism.
[2026-04-03T02:50:41.490+0600][70.164s][info][gc,stats    ] 
[2026-04-03T02:50:41.490+0600][70.164s][info][gc,stats    ] Concurrent Reset                   2529 us
[2026-04-03T02:50:41.490+0600][70.164s][info][gc,stats    ] Pause Init Mark (G)                 488 us
[2026-04-03T02:50:41.490+0600][70.164s][info][gc,stats    ] Pause Init Mark (N)                 153 us
[2026-04-03T02:50:41.490+0600][70.164s][info][gc,stats    ]   Update Region States               51 us
[2026-04-03T02:50:41.490+0600][70.164s][info][gc,stats    ] Concurrent Mark Roots              3118 us, parallelism: 1.41x
[2026-04-03T02:50:41.490+0600][70.164s][info][gc,stats    ]   CMR: <total>                     4401 us
[2026-04-03T02:50:41.490+0600][70.164s][info][gc,stats    ]   CMR: Thread Roots                3822 us, workers (us): 1922, 1079, 821, ---, ---, ---, 
[2026-04-03T02:50:41.490+0600][70.164s][info][gc,stats    ]   CMR: VM Strong Roots              140 us, workers (us): 138,   1,   1, ---, ---, ---, 
[2026-04-03T02:50:41.490+0600][70.164s][info][gc,stats    ]   CMR: CLDG Roots                   438 us, workers (us): 438, ---, ---, ---, ---, ---, 
[2026-04-03T02:50:41.490+0600][70.164s][info][gc,stats    ] Concurrent Marking                54792 us
[2026-04-03T02:50:41.490+0600][70.164s][info][gc,stats    ] Pause Final Mark (G)               1125 us
[2026-04-03T02:50:41.490+0600][70.164s][info][gc,stats    ] Pause Final Mark (N)                902 us
[2026-04-03T02:50:41.490+0600][70.164s][info][gc,stats    ]   Finish Mark                       327 us
[2026-04-03T02:50:41.490+0600][70.164s][info][gc,stats    ]   Update Region States               64 us
[2026-04-03T02:50:41.490+0600][70.164s][info][gc,stats    ]   Choose Collection Set             303 us
[2026-04-03T02:50:41.490+0600][70.164s][info][gc,stats    ]   Rebuild Free Set                   62 us
[2026-04-03T02:50:41.490+0600][70.164s][info][gc,stats    ] Concurrent Thread Roots            2798 us, parallelism: 2.38x
[2026-04-03T02:50:41.490+0600][70.164s][info][gc,stats    ]   CTR: <total>                     6662 us
[2026-04-03T02:50:41.490+0600][70.164s][info][gc,stats    ]   CTR: Thread Roots                6662 us, workers (us): 2051, 2609, 2001, ---, ---, ---, 
[2026-04-03T02:50:41.490+0600][70.164s][info][gc,stats    ] Concurrent Weak References         1054 us, parallelism: 0.95x
[2026-04-03T02:50:41.490+0600][70.164s][info][gc,stats    ]   CWRF: <total>                     999 us
[2026-04-03T02:50:41.490+0600][70.164s][info][gc,stats    ]   CWRF: Weak References             999 us, workers (us): 205, 793,   1, ---, ---, ---, 
[2026-04-03T02:50:41.490+0600][70.164s][info][gc,stats    ] Concurrent Weak Roots              8741 us
[2026-04-03T02:50:41.490+0600][70.164s][info][gc,stats    ]   Roots                            6384 us, parallelism: 2.59x
[2026-04-03T02:50:41.490+0600][70.164s][info][gc,stats    ]     CWR: <total>                  16514 us
[2026-04-03T02:50:41.490+0600][70.164s][info][gc,stats    ]     CWR: Code Cache Roots         12445 us, workers (us): 4132, 4234, 4079, ---, ---, ---, 
[2026-04-03T02:50:41.490+0600][70.164s][info][gc,stats    ]     CWR: VM Weak Roots             3785 us, workers (us): 1483, 1159, 1144, ---, ---, ---, 
[2026-04-03T02:50:41.490+0600][70.164s][info][gc,stats    ]     CWR: CLDG Roots                 284 us, workers (us): ---, ---, 284, ---, ---, ---, 
[2026-04-03T02:50:41.490+0600][70.164s][info][gc,stats    ]   Rendezvous                       2222 us
[2026-04-03T02:50:41.490+0600][70.164s][info][gc,stats    ] Concurrent Cleanup                 1509 us
[2026-04-03T02:50:41.490+0600][70.164s][info][gc,stats    ] Concurrent Class Unloading        24239 us
[2026-04-03T02:50:41.490+0600][70.164s][info][gc,stats    ]   Unlink Stale                    20473 us
[2026-04-03T02:50:41.490+0600][70.164s][info][gc,stats    ]     System Dictionary               309 us
[2026-04-03T02:50:41.490+0600][70.164s][info][gc,stats    ]     Weak Class Links                  0 us
[2026-04-03T02:50:41.490+0600][70.164s][info][gc,stats    ]     Code Roots                    20160 us
[2026-04-03T02:50:41.490+0600][70.164s][info][gc,stats    ]   Rendezvous                        401 us
[2026-04-03T02:50:41.490+0600][70.164s][info][gc,stats    ]   Purge Unlinked                   3216 us
[2026-04-03T02:50:41.490+0600][70.164s][info][gc,stats    ]     Code Roots                     3194 us
[2026-04-03T02:50:41.490+0600][70.164s][info][gc,stats    ]     CLDG                             20 us
[2026-04-03T02:50:41.490+0600][70.164s][info][gc,stats    ]     Exception Caches                  1 us
[2026-04-03T02:50:41.490+0600][70.164s][info][gc,stats    ] Concurrent Strong Roots            1660 us, parallelism: 0.73x
[2026-04-03T02:50:41.490+0600][70.164s][info][gc,stats    ]   CSR: <total>                     1219 us
[2026-04-03T02:50:41.490+0600][70.164s][info][gc,stats    ]   CSR: VM Strong Roots               60 us, workers (us):  34,  16,   9, ---, ---, ---, 
[2026-04-03T02:50:41.490+0600][70.164s][info][gc,stats    ]   CSR: CLDG Roots                  1159 us, workers (us): ---, 1159, ---, ---, ---, ---, 
[2026-04-03T02:50:41.490+0600][70.164s][info][gc,stats    ] Concurrent Evacuation              8682 us
[2026-04-03T02:50:41.490+0600][70.164s][info][gc,stats    ] Pause Init Update Refs (G)          654 us
[2026-04-03T02:50:41.490+0600][70.164s][info][gc,stats    ] Pause Init Update Refs (N)          217 us
[2026-04-03T02:50:41.490+0600][70.164s][info][gc,stats    ]   Manage GCLABs                      58 us
[2026-04-03T02:50:41.490+0600][70.164s][info][gc,stats    ] Concurrent Update Refs            55632 us
[2026-04-03T02:50:41.490+0600][70.164s][info][gc,stats    ] Concurrent Update Thread Roots     1816 us
[2026-04-03T02:50:41.490+0600][70.164s][info][gc,stats    ] Pause Final Update Refs (G)         509 us
[2026-04-03T02:50:41.490+0600][70.164s][info][gc,stats    ] Pause Final Update Refs (N)         285 us
[2026-04-03T02:50:41.490+0600][70.164s][info][gc,stats    ]   Update Region States               72 us
[2026-04-03T02:50:41.490+0600][70.164s][info][gc,stats    ]   Trash Collection Set               30 us
[2026-04-03T02:50:41.490+0600][70.164s][info][gc,stats    ]   Rebuild Free Set                   72 us
[2026-04-03T02:50:41.490+0600][70.164s][info][gc,stats    ] Concurrent Cleanup                  779 us
[2026-04-03T02:50:41.490+0600][70.164s][info][gc,stats    ] 
[2026-04-03T02:50:41.490+0600][70.164s][info][gc,stats    ] Allocation pacing accrued:
[2026-04-03T02:50:41.490+0600][70.164s][info][gc,stats    ]       0 of  1274 ms (  0.0%): <total>
[2026-04-03T02:50:41.490+0600][70.164s][info][gc,stats    ]       0 of  1274 ms (  0.0%): <average total>
[2026-04-03T02:50:41.490+0600][70.164s][info][gc,stats    ] 
[2026-04-03T02:50:41.490+0600][70.164s][info][gc,metaspace] Metaspace: 131566K(132864K)->131568K(132864K) NonClass: 115054K(115712K)->115056K(115712K) Class: 16512K(17152K)->16512K(17152K)
[2026-04-03T02:50:41.490+0600][70.164s][info][gc,ergo     ] Pacer for Idle. Initial: 40960K, Alloc Tax Rate: 1.0x
[2026-04-03T02:50:41.492+0600][70.165s][info][gc          ] Trigger: Explicit GC request (System.gc())
[2026-04-03T02:50:41.492+0600][70.166s][info][gc,ergo     ] Free: 1670M, Max: 512K regular, 971M humongous, Frag: 42% external, 0% internal; Reserve: 100M, Max: 512K
[2026-04-03T02:50:41.492+0600][70.166s][info][gc,start    ] GC(48) Concurrent reset
[2026-04-03T02:50:41.492+0600][70.166s][info][gc,task     ] GC(48) Using 3 of 6 workers for concurrent reset
[2026-04-03T02:50:41.492+0600][70.166s][info][gc,ergo     ] GC(48) Pacer for Reset. Non-Taxable: 2000M
[2026-04-03T02:50:41.493+0600][70.167s][info][gc          ] GC(48) Concurrent reset 1.627ms
[2026-04-03T02:50:41.494+0600][70.167s][info][gc,start    ] GC(48) Pause Init Mark (unload classes)
[2026-04-03T02:50:41.494+0600][70.167s][info][gc,task     ] GC(48) Using 6 of 6 workers for init marking
[2026-04-03T02:50:41.494+0600][70.167s][info][gc,ref      ] GC(48) Clearing All SoftReferences
[2026-04-03T02:50:41.494+0600][70.167s][info][gc,ergo     ] GC(48) Pacer for Mark. Expected Live: 96160K, Free: 1670M, Non-Taxable: 167M, Alloc Tax Rate: 0.1x
[2026-04-03T02:50:41.494+0600][70.168s][info][gc          ] GC(48) Pause Init Mark (unload classes) 0.144ms
[2026-04-03T02:50:41.494+0600][70.168s][info][gc,start    ] GC(48) Concurrent marking roots
[2026-04-03T02:50:41.494+0600][70.168s][info][gc,task     ] GC(48) Using 3 of 6 workers for concurrent marking roots
[2026-04-03T02:50:41.495+0600][70.169s][info][gc          ] GC(48) Concurrent marking roots 1.116ms
[2026-04-03T02:50:41.495+0600][70.169s][info][gc,start    ] GC(48) Concurrent marking (unload classes)
[2026-04-03T02:50:41.495+0600][70.169s][info][gc,task     ] GC(48) Using 3 of 6 workers for concurrent marking
[2026-04-03T02:50:41.541+0600][70.215s][info][gc          ] GC(48) Concurrent marking (unload classes) 46.433ms
[2026-04-03T02:50:41.541+0600][70.215s][info][gc,start    ] GC(48) Pause Final Mark (unload classes)
[2026-04-03T02:50:41.542+0600][70.215s][info][gc,task     ] GC(48) Using 6 of 6 workers for final marking
[2026-04-03T02:50:41.542+0600][70.216s][info][gc,ergo     ] GC(48) Adaptive CSet Selection. Target Free: 283M, Actual Free: 1837M, Max CSet: 85333K, Min Garbage: 0B
[2026-04-03T02:50:41.542+0600][70.216s][info][gc,ergo     ] GC(48) Collectable Garbage: 125M (93%), Immediate: 72192K (52%), CSet: 56651K (41%)
[2026-04-03T02:50:41.542+0600][70.216s][info][gc,ergo     ] GC(48) Pacer for Evacuation. Used CSet: 60631K, Free: 1748M, Non-Taxable: 174M, Alloc Tax Rate: 1.1x
[2026-04-03T02:50:41.542+0600][70.216s][info][gc          ] GC(48) Pause Final Mark (unload classes) 0.737ms
[2026-04-03T02:50:41.542+0600][70.216s][info][gc,start    ] GC(48) Concurrent thread roots
[2026-04-03T02:50:41.542+0600][70.216s][info][gc,task     ] GC(48) Using 3 of 6 workers for Concurrent thread roots
[2026-04-03T02:50:41.544+0600][70.217s][info][gc          ] GC(48) Concurrent thread roots 1.222ms
[2026-04-03T02:50:41.544+0600][70.218s][info][gc,start    ] GC(48) Concurrent weak references
[2026-04-03T02:50:41.544+0600][70.218s][info][gc,task     ] GC(48) Using 3 of 6 workers for concurrent weak references
[2026-04-03T02:50:41.545+0600][70.218s][info][gc,ref      ] GC(48) Encountered references: Soft: 3586, Weak: 14624, Final: 84, Phantom: 621
[2026-04-03T02:50:41.545+0600][70.219s][info][gc,ref      ] GC(48) Discovered  references: Soft: 1209, Weak: 8909, Final: 68, Phantom: 617
[2026-04-03T02:50:41.545+0600][70.219s][info][gc,ref      ] GC(48) Enqueued    references: Soft: 689, Weak: 381, Final: 0, Phantom: 0
[2026-04-03T02:50:41.545+0600][70.219s][info][gc          ] GC(48) Concurrent weak references 1.017ms
[2026-04-03T02:50:41.545+0600][70.219s][info][gc,start    ] GC(48) Concurrent weak roots
[2026-04-03T02:50:41.545+0600][70.219s][info][gc,task     ] GC(48) Using 3 of 6 workers for concurrent weak root
[2026-04-03T02:50:41.549+0600][70.223s][info][gc          ] GC(48) Concurrent weak roots 4.113ms
[2026-04-03T02:50:41.549+0600][70.223s][info][gc,start    ] GC(48) Concurrent cleanup
[2026-04-03T02:50:41.550+0600][70.223s][info][gc          ] GC(48) Concurrent cleanup 220M->150M(1743M) 0.640ms
[2026-04-03T02:50:41.550+0600][70.223s][info][gc,ergo     ] GC(48) Free: 1748M, Max: 512K regular, 971M humongous, Frag: 45% external, 0% internal; Reserve: 101399K, Max: 512K
[2026-04-03T02:50:41.550+0600][70.223s][info][gc,start    ] GC(48) Concurrent class unloading
[2026-04-03T02:50:41.550+0600][70.223s][info][gc,task     ] GC(48) Using 3 of 6 workers for concurrent class unloading
[2026-04-03T02:50:41.592+0600][70.266s][info][gc          ] GC(48) Concurrent class unloading 42.427ms
[2026-04-03T02:50:41.592+0600][70.266s][info][gc,start    ] GC(48) Concurrent strong roots
[2026-04-03T02:50:41.592+0600][70.266s][info][gc,task     ] GC(48) Using 3 of 6 workers for concurrent strong root
[2026-04-03T02:50:41.593+0600][70.267s][info][gc          ] GC(48) Concurrent strong roots 1.184ms
[2026-04-03T02:50:41.593+0600][70.267s][info][gc,start    ] GC(48) Concurrent evacuation
[2026-04-03T02:50:41.593+0600][70.267s][info][gc,task     ] GC(48) Using 3 of 6 workers for concurrent evacuation
[2026-04-03T02:50:41.595+0600][70.269s][info][gc          ] GC(48) Concurrent evacuation 1.525ms
[2026-04-03T02:50:41.595+0600][70.269s][info][gc,start    ] GC(48) Pause Init Update Refs
[2026-04-03T02:50:41.595+0600][70.269s][info][gc,ergo     ] GC(48) Pacer for Update Refs. Used: 154M, Free: 1748M, Non-Taxable: 174M, Alloc Tax Rate: 1.1x
[2026-04-03T02:50:41.595+0600][70.269s][info][gc          ] GC(48) Pause Init Update Refs 0.065ms
[2026-04-03T02:50:41.595+0600][70.269s][info][gc,start    ] GC(48) Concurrent update references
[2026-04-03T02:50:41.595+0600][70.269s][info][gc,task     ] GC(48) Using 3 of 6 workers for concurrent reference update
[2026-04-03T02:50:41.623+0600][70.297s][info][gc          ] GC(48) Concurrent update references 27.491ms
[2026-04-03T02:50:41.623+0600][70.297s][info][gc,start    ] GC(48) Concurrent update thread roots
[2026-04-03T02:50:41.624+0600][70.298s][info][gc          ] GC(48) Concurrent update thread roots 0.994ms
[2026-04-03T02:50:41.624+0600][70.298s][info][gc,start    ] GC(48) Pause Final Update Refs
[2026-04-03T02:50:41.624+0600][70.298s][info][gc,task     ] GC(48) Using 6 of 6 workers for final reference update
[2026-04-03T02:50:41.624+0600][70.298s][info][gc          ] GC(48) Pause Final Update Refs 0.139ms
[2026-04-03T02:50:41.624+0600][70.298s][info][gc,start    ] GC(48) Concurrent cleanup
[2026-04-03T02:50:41.625+0600][70.299s][info][gc          ] GC(48) Concurrent cleanup 154M->95M(1743M) 0.584ms
[2026-04-03T02:50:41.625+0600][70.299s][info][gc,ergo     ] Free: 1802M, Max: 512K regular, 1385M humongous, Frag: 24% external, 0% internal; Reserve: 100M, Max: 512K
[2026-04-03T02:50:41.625+0600][70.299s][info][gc,stats    ] 
[2026-04-03T02:50:41.625+0600][70.299s][info][gc,stats    ] All times are wall-clock times, except per-root-class counters, that are sum over
[2026-04-03T02:50:41.625+0600][70.299s][info][gc,stats    ] all workers. Dividing the <total> over the root stage time estimates parallelism.
[2026-04-03T02:50:41.625+0600][70.299s][info][gc,stats    ] 
[2026-04-03T02:50:41.625+0600][70.299s][info][gc,stats    ] Concurrent Reset                   1680 us
[2026-04-03T02:50:41.625+0600][70.299s][info][gc,stats    ] Pause Init Mark (G)                 302 us
[2026-04-03T02:50:41.625+0600][70.299s][info][gc,stats    ] Pause Init Mark (N)                 164 us
[2026-04-03T02:50:41.625+0600][70.299s][info][gc,stats    ]   Update Region States               43 us
[2026-04-03T02:50:41.625+0600][70.299s][info][gc,stats    ] Concurrent Mark Roots              1158 us, parallelism: 1.87x
[2026-04-03T02:50:41.625+0600][70.299s][info][gc,stats    ]   CMR: <total>                     2168 us
[2026-04-03T02:50:41.625+0600][70.299s][info][gc,stats    ]   CMR: Thread Roots                1909 us, workers (us): 488, 715, 707, ---, ---, ---, 
[2026-04-03T02:50:41.625+0600][70.299s][info][gc,stats    ]   CMR: VM Strong Roots               37 us, workers (us):  26,   6,   5, ---, ---, ---, 
[2026-04-03T02:50:41.625+0600][70.299s][info][gc,stats    ]   CMR: CLDG Roots                   222 us, workers (us): 222, ---, ---, ---, ---, ---, 
[2026-04-03T02:50:41.625+0600][70.299s][info][gc,stats    ] Concurrent Marking                46500 us
[2026-04-03T02:50:41.625+0600][70.299s][info][gc,stats    ] Pause Final Mark (G)               1004 us
[2026-04-03T02:50:41.625+0600][70.299s][info][gc,stats    ] Pause Final Mark (N)                750 us
[2026-04-03T02:50:41.625+0600][70.299s][info][gc,stats    ]   Finish Mark                       266 us
[2026-04-03T02:50:41.625+0600][70.299s][info][gc,stats    ]   Update Region States               57 us
[2026-04-03T02:50:41.625+0600][70.299s][info][gc,stats    ]   Choose Collection Set             206 us
[2026-04-03T02:50:41.625+0600][70.299s][info][gc,stats    ]   Rebuild Free Set                   62 us
[2026-04-03T02:50:41.625+0600][70.299s][info][gc,stats    ] Concurrent Thread Roots            1274 us, parallelism: 2.13x
[2026-04-03T02:50:41.625+0600][70.299s][info][gc,stats    ]   CTR: <total>                     2717 us
[2026-04-03T02:50:41.625+0600][70.299s][info][gc,stats    ]   CTR: Thread Roots                2717 us, workers (us): 939, 877, 901, ---, ---, ---, 
[2026-04-03T02:50:41.625+0600][70.299s][info][gc,stats    ] Concurrent Weak References         1024 us, parallelism: 1.29x
[2026-04-03T02:50:41.625+0600][70.299s][info][gc,stats    ]   CWRF: <total>                    1326 us
[2026-04-03T02:50:41.625+0600][70.299s][info][gc,stats    ]   CWRF: Weak References            1326 us, workers (us): 889,  79, 357, ---, ---, ---, 
[2026-04-03T02:50:41.625+0600][70.299s][info][gc,stats    ] Concurrent Weak Roots              4173 us
[2026-04-03T02:50:41.625+0600][70.299s][info][gc,stats    ]   Roots                            3756 us, parallelism: 2.64x
[2026-04-03T02:50:41.625+0600][70.299s][info][gc,stats    ]     CWR: <total>                   9921 us
[2026-04-03T02:50:41.625+0600][70.299s][info][gc,stats    ]     CWR: Code Cache Roots          7162 us, workers (us): 2305, 2346, 2511, ---, ---, ---, 
[2026-04-03T02:50:41.625+0600][70.299s][info][gc,stats    ]     CWR: VM Weak Roots             2660 us, workers (us): 909, 873, 877, ---, ---, ---, 
[2026-04-03T02:50:41.625+0600][70.299s][info][gc,stats    ]     CWR: CLDG Roots                  99 us, workers (us):  99, ---, ---, ---, ---, ---, 
[2026-04-03T02:50:41.625+0600][70.299s][info][gc,stats    ]   Rendezvous                        320 us
[2026-04-03T02:50:41.625+0600][70.299s][info][gc,stats    ] Concurrent Cleanup                  656 us
[2026-04-03T02:50:41.625+0600][70.299s][info][gc,stats    ] Concurrent Class Unloading        42486 us
[2026-04-03T02:50:41.625+0600][70.299s][info][gc,stats    ]   Unlink Stale                    29950 us
[2026-04-03T02:50:41.625+0600][70.299s][info][gc,stats    ]     System Dictionary               757 us
[2026-04-03T02:50:41.625+0600][70.299s][info][gc,stats    ]     Weak Class Links              17256 us
[2026-04-03T02:50:41.625+0600][70.299s][info][gc,stats    ]     Code Roots                    11934 us
[2026-04-03T02:50:41.625+0600][70.299s][info][gc,stats    ]   Rendezvous                        405 us
[2026-04-03T02:50:41.625+0600][70.299s][info][gc,stats    ]   Purge Unlinked                  12048 us
[2026-04-03T02:50:41.625+0600][70.299s][info][gc,stats    ]     Code Roots                    10959 us
[2026-04-03T02:50:41.625+0600][70.299s][info][gc,stats    ]     CLDG                           1088 us
[2026-04-03T02:50:41.625+0600][70.299s][info][gc,stats    ]     Exception Caches                  0 us
[2026-04-03T02:50:41.625+0600][70.299s][info][gc,stats    ] Concurrent Strong Roots            1221 us, parallelism: 0.69x
[2026-04-03T02:50:41.625+0600][70.299s][info][gc,stats    ]   CSR: <total>                      842 us
[2026-04-03T02:50:41.625+0600][70.299s][info][gc,stats    ]   CSR: VM Strong Roots               50 us, workers (us):  26,  24,   0, ---, ---, ---, 
[2026-04-03T02:50:41.625+0600][70.299s][info][gc,stats    ]   CSR: CLDG Roots                   791 us, workers (us): 791, ---, ---, ---, ---, ---, 
[2026-04-03T02:50:41.625+0600][70.299s][info][gc,stats    ] Concurrent Evacuation              1571 us
[2026-04-03T02:50:41.625+0600][70.299s][info][gc,stats    ] Pause Init Update Refs (G)          316 us
[2026-04-03T02:50:41.625+0600][70.299s][info][gc,stats    ] Pause Init Update Refs (N)           72 us
[2026-04-03T02:50:41.625+0600][70.299s][info][gc,stats    ]   Manage GCLABs                      22 us
[2026-04-03T02:50:41.625+0600][70.299s][info][gc,stats    ] Concurrent Update Refs            27554 us
[2026-04-03T02:50:41.625+0600][70.299s][info][gc,stats    ] Concurrent Update Thread Roots     1033 us
[2026-04-03T02:50:41.625+0600][70.299s][info][gc,stats    ] Pause Final Update Refs (G)         362 us
[2026-04-03T02:50:41.625+0600][70.299s][info][gc,stats    ] Pause Final Update Refs (N)         149 us
[2026-04-03T02:50:41.625+0600][70.299s][info][gc,stats    ]   Update Region States               44 us
[2026-04-03T02:50:41.625+0600][70.299s][info][gc,stats    ]   Trash Collection Set                9 us
[2026-04-03T02:50:41.625+0600][70.299s][info][gc,stats    ]   Rebuild Free Set                   37 us
[2026-04-03T02:50:41.625+0600][70.299s][info][gc,stats    ] Concurrent Cleanup                  600 us
[2026-04-03T02:50:41.625+0600][70.299s][info][gc,stats    ] 
[2026-04-03T02:50:41.625+0600][70.299s][info][gc,stats    ] Allocation pacing accrued:
[2026-04-03T02:50:41.625+0600][70.299s][info][gc,stats    ]       0 of   135 ms (  0.0%): <total>
[2026-04-03T02:50:41.625+0600][70.299s][info][gc,stats    ]       0 of   135 ms (  0.0%): <average total>
[2026-04-03T02:50:41.625+0600][70.299s][info][gc,stats    ] 
[2026-04-03T02:50:41.625+0600][70.299s][info][gc,metaspace] Metaspace: 131568K(132864K)->130436K(132864K) NonClass: 115056K(115712K)->114098K(115712K) Class: 16512K(17152K)->16338K(17152K)
[2026-04-03T02:50:41.625+0600][70.299s][info][gc,ergo     ] Pacer for Idle. Initial: 40960K, Alloc Tax Rate: 1.0x
[2026-04-03T02:50:41.625+0600][70.299s][info][gc,start    ] Concurrent uncommit
[2026-04-03T02:50:41.849+0600][70.523s][info][gc          ] Concurrent uncommit 95M->132M(140M) 223.359ms
[2026-04-03T02:50:42.036+0600][70.710s][info][gc          ] Trigger: Learning 2 of 5. Free (1399M) is below initial threshold (1400M)
[2026-04-03T02:50:42.036+0600][70.710s][info][gc,ergo     ] Free: 1399M, Max: 512K regular, 1385M humongous, Frag: 1% external, 0% internal; Reserve: 100M, Max: 512K
[2026-04-03T02:50:42.036+0600][70.710s][info][gc,start    ] GC(49) Concurrent reset
[2026-04-03T02:50:42.036+0600][70.710s][info][gc,task     ] GC(49) Using 3 of 6 workers for concurrent reset
[2026-04-03T02:50:42.036+0600][70.710s][info][gc,ergo     ] GC(49) Pacer for Reset. Non-Taxable: 2000M
[2026-04-03T02:50:42.037+0600][70.711s][info][gc          ] GC(49) Concurrent reset 0.828ms
[2026-04-03T02:50:42.039+0600][70.713s][info][gc,start    ] GC(49) Pause Init Mark (unload classes)
[2026-04-03T02:50:42.040+0600][70.713s][info][gc,task     ] GC(49) Using 6 of 6 workers for init marking
[2026-04-03T02:50:42.040+0600][70.713s][info][gc,ergo     ] GC(49) Pacer for Mark. Expected Live: 94592K, Free: 1399M, Non-Taxable: 139M, Alloc Tax Rate: 0.1x
[2026-04-03T02:50:42.040+0600][70.713s][info][gc          ] GC(49) Pause Init Mark (unload classes) 0.115ms
[2026-04-03T02:50:42.040+0600][70.714s][info][gc,start    ] GC(49) Concurrent marking roots
[2026-04-03T02:50:42.040+0600][70.714s][info][gc,task     ] GC(49) Using 3 of 6 workers for concurrent marking roots
[2026-04-03T02:50:42.041+0600][70.715s][info][gc          ] GC(49) Concurrent marking roots 1.075ms
[2026-04-03T02:50:42.041+0600][70.715s][info][gc,start    ] GC(49) Concurrent marking (unload classes)
[2026-04-03T02:50:42.041+0600][70.715s][info][gc,task     ] GC(49) Using 3 of 6 workers for concurrent marking
[2026-04-03T02:50:42.104+0600][70.777s][info][gc          ] GC(49) Concurrent marking (unload classes) 62.775ms
[2026-04-03T02:50:42.104+0600][70.778s][info][gc,start    ] GC(49) Pause Final Mark (unload classes)
[2026-04-03T02:50:42.104+0600][70.778s][info][gc,task     ] GC(49) Using 6 of 6 workers for final marking
[2026-04-03T02:50:42.104+0600][70.778s][info][gc,ergo     ] GC(49) Adaptive CSet Selection. Target Free: 283M, Actual Free: 1760M, Max CSet: 85333K, Min Garbage: 0B
[2026-04-03T02:50:42.104+0600][70.778s][info][gc,ergo     ] GC(49) Collectable Garbage: 357M (97%), Immediate: 311M (84%), CSet: 47206K (12%)
[2026-04-03T02:50:42.104+0600][70.778s][info][gc,ergo     ] GC(49) Pacer for Evacuation. Used CSet: 51712K, Free: 1701M, Non-Taxable: 170M, Alloc Tax Rate: 1.1x
[2026-04-03T02:50:42.104+0600][70.778s][info][gc          ] GC(49) Pause Final Mark (unload classes) 0.702ms
[2026-04-03T02:50:42.104+0600][70.778s][info][gc,start    ] GC(49) Concurrent thread roots
[2026-04-03T02:50:42.105+0600][70.778s][info][gc,task     ] GC(49) Using 3 of 6 workers for Concurrent thread roots
[2026-04-03T02:50:42.106+0600][70.779s][info][gc          ] GC(49) Concurrent thread roots 1.142ms
[2026-04-03T02:50:42.106+0600][70.780s][info][gc,start    ] GC(49) Concurrent weak references
[2026-04-03T02:50:42.106+0600][70.780s][info][gc,task     ] GC(49) Using 3 of 6 workers for concurrent weak references
[2026-04-03T02:50:42.107+0600][70.781s][info][gc,ref      ] GC(49) Encountered references: Soft: 3613, Weak: 14811, Final: 84, Phantom: 621
[2026-04-03T02:50:42.107+0600][70.781s][info][gc,ref      ] GC(49) Discovered  references: Soft: 0, Weak: 8726, Final: 84, Phantom: 615
[2026-04-03T02:50:42.107+0600][70.781s][info][gc,ref      ] GC(49) Enqueued    references: Soft: 0, Weak: 341, Final: 0, Phantom: 0
[2026-04-03T02:50:42.107+0600][70.781s][info][gc          ] GC(49) Concurrent weak references 1.202ms
[2026-04-03T02:50:42.107+0600][70.781s][info][gc,start    ] GC(49) Concurrent weak roots
[2026-04-03T02:50:42.107+0600][70.781s][info][gc,task     ] GC(49) Using 3 of 6 workers for concurrent weak root
[2026-04-03T02:50:42.111+0600][70.785s][info][gc          ] GC(49) Concurrent weak roots 4.529ms
[2026-04-03T02:50:42.111+0600][70.785s][info][gc,start    ] GC(49) Concurrent cleanup
[2026-04-03T02:50:42.112+0600][70.786s][info][gc          ] GC(49) Concurrent cleanup 505M->193M(555M) 0.776ms
[2026-04-03T02:50:42.112+0600][70.786s][info][gc,ergo     ] GC(49) Free: 1698M, Max: 512K regular, 1345M humongous, Frag: 21% external, 0% internal; Reserve: 101804K, Max: 512K
[2026-04-03T02:50:42.112+0600][70.786s][info][gc,start    ] GC(49) Concurrent class unloading
[2026-04-03T02:50:42.112+0600][70.786s][info][gc,task     ] GC(49) Using 3 of 6 workers for concurrent class unloading
[2026-04-03T02:50:42.145+0600][70.819s][info][gc          ] GC(49) Concurrent class unloading 32.810ms
[2026-04-03T02:50:42.145+0600][70.819s][info][gc,start    ] GC(49) Concurrent strong roots
[2026-04-03T02:50:42.145+0600][70.819s][info][gc,task     ] GC(49) Using 3 of 6 workers for concurrent strong root
[2026-04-03T02:50:42.147+0600][70.820s][info][gc          ] GC(49) Concurrent strong roots 1.279ms
[2026-04-03T02:50:42.147+0600][70.820s][info][gc,start    ] GC(49) Concurrent evacuation
[2026-04-03T02:50:42.147+0600][70.820s][info][gc,task     ] GC(49) Using 3 of 6 workers for concurrent evacuation
[2026-04-03T02:50:42.150+0600][70.824s][info][gc          ] GC(49) Concurrent evacuation 3.273ms
[2026-04-03T02:50:42.150+0600][70.824s][info][gc,start    ] GC(49) Pause Init Update Refs
[2026-04-03T02:50:42.150+0600][70.824s][info][gc,ergo     ] GC(49) Pacer for Update Refs. Used: 210M, Free: 1685M, Non-Taxable: 168M, Alloc Tax Rate: 1.1x
[2026-04-03T02:50:42.150+0600][70.824s][info][gc          ] GC(49) Pause Init Update Refs 0.141ms
[2026-04-03T02:50:42.150+0600][70.824s][info][gc,start    ] GC(49) Concurrent update references
[2026-04-03T02:50:42.150+0600][70.824s][info][gc,task     ] GC(49) Using 3 of 6 workers for concurrent reference update
[2026-04-03T02:50:42.200+0600][70.874s][info][gc          ] GC(49) Concurrent update references 49.531ms
[2026-04-03T02:50:42.200+0600][70.874s][info][gc,start    ] GC(49) Concurrent update thread roots
[2026-04-03T02:50:42.201+0600][70.875s][info][gc          ] GC(49) Concurrent update thread roots 1.257ms
[2026-04-03T02:50:42.201+0600][70.875s][info][gc,start    ] GC(49) Pause Final Update Refs
[2026-04-03T02:50:42.201+0600][70.875s][info][gc,task     ] GC(49) Using 6 of 6 workers for final reference update
[2026-04-03T02:50:42.202+0600][70.875s][info][gc          ] GC(49) Pause Final Update Refs 0.190ms
[2026-04-03T02:50:42.202+0600][70.875s][info][gc,start    ] GC(49) Concurrent cleanup
[2026-04-03T02:50:42.202+0600][70.876s][info][gc          ] GC(49) Concurrent cleanup 496M->446M(560M) 0.663ms
[2026-04-03T02:50:42.202+0600][70.876s][info][gc,ergo     ] Free: 1410M, Max: 512K regular, 1341M humongous, Frag: 5% external, 0% internal; Reserve: 100M, Max: 512K
[2026-04-03T02:50:42.202+0600][70.876s][info][gc,stats    ] 
[2026-04-03T02:50:42.202+0600][70.876s][info][gc,stats    ] All times are wall-clock times, except per-root-class counters, that are sum over
[2026-04-03T02:50:42.202+0600][70.876s][info][gc,stats    ] all workers. Dividing the <total> over the root stage time estimates parallelism.
[2026-04-03T02:50:42.202+0600][70.876s][info][gc,stats    ] 
[2026-04-03T02:50:42.202+0600][70.876s][info][gc,stats    ] Concurrent Reset                    850 us
[2026-04-03T02:50:42.202+0600][70.876s][info][gc,stats    ] Pause Init Mark (G)                2465 us
[2026-04-03T02:50:42.202+0600][70.876s][info][gc,stats    ] Pause Init Mark (N)                 123 us
[2026-04-03T02:50:42.202+0600][70.876s][info][gc,stats    ]   Update Region States               32 us
[2026-04-03T02:50:42.202+0600][70.876s][info][gc,stats    ] Concurrent Mark Roots              1100 us, parallelism: 1.96x
[2026-04-03T02:50:42.202+0600][70.876s][info][gc,stats    ]   CMR: <total>                     2156 us
[2026-04-03T02:50:42.203+0600][70.876s][info][gc,stats    ]   CMR: Thread Roots                1782 us, workers (us): 713, 370, 699, ---, ---, ---, 
[2026-04-03T02:50:42.203+0600][70.876s][info][gc,stats    ]   CMR: VM Strong Roots               36 us, workers (us):  22,  13,   1, ---, ---, ---, 
[2026-04-03T02:50:42.203+0600][70.876s][info][gc,stats    ]   CMR: CLDG Roots                   339 us, workers (us): ---, 339, ---, ---, ---, ---, 
[2026-04-03T02:50:42.203+0600][70.876s][info][gc,stats    ] Concurrent Marking                62858 us
[2026-04-03T02:50:42.203+0600][70.876s][info][gc,stats    ] Pause Final Mark (G)                833 us
[2026-04-03T02:50:42.203+0600][70.876s][info][gc,stats    ] Pause Final Mark (N)                715 us
[2026-04-03T02:50:42.203+0600][70.876s][info][gc,stats    ]   Finish Mark                       295 us
[2026-04-03T02:50:42.203+0600][70.876s][info][gc,stats    ]   Update Region States               61 us
[2026-04-03T02:50:42.203+0600][70.876s][info][gc,stats    ]   Choose Collection Set             156 us
[2026-04-03T02:50:42.203+0600][70.876s][info][gc,stats    ]   Rebuild Free Set                   45 us
[2026-04-03T02:50:42.203+0600][70.876s][info][gc,stats    ] Concurrent Thread Roots            1194 us, parallelism: 2.50x
[2026-04-03T02:50:42.203+0600][70.876s][info][gc,stats    ]   CTR: <total>                     2990 us
[2026-04-03T02:50:42.203+0600][70.876s][info][gc,stats    ]   CTR: Thread Roots                2990 us, workers (us): 1021, 1021, 948, ---, ---, ---, 
[2026-04-03T02:50:42.203+0600][70.876s][info][gc,stats    ] Concurrent Weak References         1212 us, parallelism: 1.06x
[2026-04-03T02:50:42.203+0600][70.877s][info][gc,stats    ]   CWRF: <total>                    1288 us
[2026-04-03T02:50:42.203+0600][70.877s][info][gc,stats    ]   CWRF: Weak References            1288 us, workers (us): 152, 910, 226, ---, ---, ---, 
[2026-04-03T02:50:42.203+0600][70.877s][info][gc,stats    ] Concurrent Weak Roots              4608 us
[2026-04-03T02:50:42.203+0600][70.877s][info][gc,stats    ]   Roots                            4194 us, parallelism: 2.66x
[2026-04-03T02:50:42.203+0600][70.877s][info][gc,stats    ]     CWR: <total>                  11172 us
[2026-04-03T02:50:42.203+0600][70.877s][info][gc,stats    ]     CWR: Code Cache Roots          8079 us, workers (us): 2752, 2673, 2654, ---, ---, ---, 
[2026-04-03T02:50:42.203+0600][70.877s][info][gc,stats    ]     CWR: VM Weak Roots             2914 us, workers (us): 1019, 968, 927, ---, ---, ---, 
[2026-04-03T02:50:42.203+0600][70.877s][info][gc,stats    ]     CWR: CLDG Roots                 179 us, workers (us): ---, 179, ---, ---, ---, ---, 
[2026-04-03T02:50:42.203+0600][70.877s][info][gc,stats    ]   Rendezvous                        307 us
[2026-04-03T02:50:42.203+0600][70.877s][info][gc,stats    ] Concurrent Cleanup                  793 us
[2026-04-03T02:50:42.203+0600][70.877s][info][gc,stats    ] Concurrent Class Unloading        32891 us
[2026-04-03T02:50:42.203+0600][70.877s][info][gc,stats    ]   Unlink Stale                    31558 us
[2026-04-03T02:50:42.203+0600][70.877s][info][gc,stats    ]     System Dictionary               408 us
[2026-04-03T02:50:42.203+0600][70.877s][info][gc,stats    ]     Weak Class Links              18655 us
[2026-04-03T02:50:42.203+0600][70.877s][info][gc,stats    ]     Code Roots                    12490 us
[2026-04-03T02:50:42.203+0600][70.877s][info][gc,stats    ]   Rendezvous                        442 us
[2026-04-03T02:50:42.203+0600][70.877s][info][gc,stats    ]   Purge Unlinked                    785 us
[2026-04-03T02:50:42.203+0600][70.877s][info][gc,stats    ]     Code Roots                      735 us
[2026-04-03T02:50:42.203+0600][70.877s][info][gc,stats    ]     CLDG                             50 us
[2026-04-03T02:50:42.203+0600][70.877s][info][gc,stats    ]     Exception Caches                  1 us
[2026-04-03T02:50:42.203+0600][70.877s][info][gc,stats    ] Concurrent Strong Roots            1333 us, parallelism: 0.63x
[2026-04-03T02:50:42.203+0600][70.877s][info][gc,stats    ]   CSR: <total>                      846 us
[2026-04-03T02:50:42.203+0600][70.877s][info][gc,stats    ]   CSR: VM Strong Roots               80 us, workers (us):  54,  13,  13, ---, ---, ---, 
[2026-04-03T02:50:42.203+0600][70.877s][info][gc,stats    ]   CSR: CLDG Roots                   766 us, workers (us): ---, 766, ---, ---, ---, ---, 
[2026-04-03T02:50:42.203+0600][70.877s][info][gc,stats    ] Concurrent Evacuation              3331 us
[2026-04-03T02:50:42.203+0600][70.877s][info][gc,stats    ] Pause Init Update Refs (G)          379 us
[2026-04-03T02:50:42.203+0600][70.877s][info][gc,stats    ] Pause Init Update Refs (N)          151 us
[2026-04-03T02:50:42.203+0600][70.877s][info][gc,stats    ]   Manage GCLABs                      54 us
[2026-04-03T02:50:42.203+0600][70.877s][info][gc,stats    ] Concurrent Update Refs            49623 us
[2026-04-03T02:50:42.203+0600][70.877s][info][gc,stats    ] Concurrent Update Thread Roots     1306 us
[2026-04-03T02:50:42.203+0600][70.877s][info][gc,stats    ] Pause Final Update Refs (G)         399 us
[2026-04-03T02:50:42.203+0600][70.877s][info][gc,stats    ] Pause Final Update Refs (N)         204 us
[2026-04-03T02:50:42.203+0600][70.877s][info][gc,stats    ]   Update Region States               58 us
[2026-04-03T02:50:42.203+0600][70.877s][info][gc,stats    ]   Trash Collection Set                9 us
[2026-04-03T02:50:42.203+0600][70.877s][info][gc,stats    ]   Rebuild Free Set                   43 us
[2026-04-03T02:50:42.203+0600][70.877s][info][gc,stats    ] Concurrent Cleanup                  679 us
[2026-04-03T02:50:42.203+0600][70.877s][info][gc,stats    ] Pacing                             6577 us
[2026-04-03T02:50:42.203+0600][70.877s][info][gc,stats    ] 
[2026-04-03T02:50:42.203+0600][70.877s][info][gc,stats    ] Allocation pacing accrued:
[2026-04-03T02:50:42.203+0600][70.877s][info][gc,stats    ]       7 of   578 ms (  1.1%): main
[2026-04-03T02:50:42.203+0600][70.877s][info][gc,stats    ]       7 of   578 ms (  1.1%): <total>
[2026-04-03T02:50:42.203+0600][70.877s][info][gc,stats    ]       0 of   578 ms (  0.0%): <average total>
[2026-04-03T02:50:42.203+0600][70.877s][info][gc,stats    ]       7 of   578 ms (  1.1%): <average non-zero>
[2026-04-03T02:50:42.203+0600][70.877s][info][gc,stats    ] 
[2026-04-03T02:50:42.203+0600][70.877s][info][gc,metaspace] Metaspace: 131076K(132864K)->131079K(132864K) NonClass: 114634K(115712K)->114638K(115712K) Class: 16441K(17152K)->16440K(17152K)
[2026-04-03T02:50:42.203+0600][70.877s][info][gc,ergo     ] Pacer for Idle. Initial: 40960K, Alloc Tax Rate: 1.0x
[2026-04-03T02:50:42.212+0600][70.886s][info][gc          ] Trigger: Learning 3 of 5. Free (1396M) is below initial threshold (1400M)
[2026-04-03T02:50:42.212+0600][70.886s][info][gc,ergo     ] Free: 1396M, Max: 512K regular, 1341M humongous, Frag: 4% external, 0% internal; Reserve: 100M, Max: 512K
[2026-04-03T02:50:42.212+0600][70.886s][info][gc,start    ] GC(50) Concurrent reset
[2026-04-03T02:50:42.212+0600][70.886s][info][gc,task     ] GC(50) Using 3 of 6 workers for concurrent reset
[2026-04-03T02:50:42.212+0600][70.886s][info][gc,ergo     ] GC(50) Pacer for Reset. Non-Taxable: 2000M
[2026-04-03T02:50:42.214+0600][70.888s][info][gc          ] GC(50) Concurrent reset 1.756ms
[2026-04-03T02:50:42.214+0600][70.888s][info][gc,start    ] GC(50) Pause Init Mark (unload classes)
[2026-04-03T02:50:42.214+0600][70.888s][info][gc,task     ] GC(50) Using 6 of 6 workers for init marking
[2026-04-03T02:50:42.214+0600][70.888s][info][gc,ergo     ] GC(50) Pacer for Mark. Expected Live: 94739K, Free: 1391M, Non-Taxable: 139M, Alloc Tax Rate: 0.1x
[2026-04-03T02:50:42.214+0600][70.888s][info][gc          ] GC(50) Pause Init Mark (unload classes) 0.158ms
[2026-04-03T02:50:42.214+0600][70.888s][info][gc,start    ] GC(50) Concurrent marking roots
[2026-04-03T02:50:42.214+0600][70.888s][info][gc,task     ] GC(50) Using 3 of 6 workers for concurrent marking roots
[2026-04-03T02:50:42.216+0600][70.890s][info][gc          ] GC(50) Concurrent marking roots 1.681ms
[2026-04-03T02:50:42.216+0600][70.890s][info][gc,start    ] GC(50) Concurrent marking (unload classes)
[2026-04-03T02:50:42.216+0600][70.890s][info][gc,task     ] GC(50) Using 3 of 6 workers for concurrent marking
[2026-04-03T02:50:42.271+0600][70.945s][info][gc          ] GC(50) Concurrent marking (unload classes) 55.466ms
[2026-04-03T02:50:42.272+0600][70.945s][info][gc,start    ] GC(50) Pause Final Mark (unload classes)
[2026-04-03T02:50:42.272+0600][70.945s][info][gc,task     ] GC(50) Using 6 of 6 workers for final marking
[2026-04-03T02:50:42.272+0600][70.946s][info][gc,ergo     ] GC(50) Adaptive CSet Selection. Target Free: 283M, Actual Free: 1759M, Max CSet: 85333K, Min Garbage: 0B
[2026-04-03T02:50:42.272+0600][70.946s][info][gc,ergo     ] GC(50) Collectable Garbage: 365M (97%), Immediate: 318M (84%), CSet: 48515K (12%)
[2026-04-03T02:50:42.272+0600][70.946s][info][gc,ergo     ] GC(50) Pacer for Evacuation. Used CSet: 52708K, Free: 1702M, Non-Taxable: 170M, Alloc Tax Rate: 1.1x
[2026-04-03T02:50:42.272+0600][70.946s][info][gc          ] GC(50) Pause Final Mark (unload classes) 0.815ms
[2026-04-03T02:50:42.272+0600][70.946s][info][gc,start    ] GC(50) Concurrent thread roots
[2026-04-03T02:50:42.273+0600][70.946s][info][gc,task     ] GC(50) Using 3 of 6 workers for Concurrent thread roots
[2026-04-03T02:50:42.273+0600][70.947s][info][gc          ] GC(50) Concurrent thread roots 0.977ms
[2026-04-03T02:50:42.273+0600][70.947s][info][gc,start    ] GC(50) Concurrent weak references
[2026-04-03T02:50:42.273+0600][70.947s][info][gc,task     ] GC(50) Using 3 of 6 workers for concurrent weak references
[2026-04-03T02:50:42.275+0600][70.949s][info][gc,ref      ] GC(50) Encountered references: Soft: 3623, Weak: 14717, Final: 84, Phantom: 621
[2026-04-03T02:50:42.275+0600][70.949s][info][gc,ref      ] GC(50) Discovered  references: Soft: 0, Weak: 8200, Final: 48, Phantom: 617
[2026-04-03T02:50:42.275+0600][70.949s][info][gc,ref      ] GC(50) Enqueued    references: Soft: 0, Weak: 230, Final: 0, Phantom: 0
[2026-04-03T02:50:42.275+0600][70.949s][info][gc          ] GC(50) Concurrent weak references 1.288ms
[2026-04-03T02:50:42.275+0600][70.949s][info][gc,start    ] GC(50) Concurrent weak roots
[2026-04-03T02:50:42.275+0600][70.949s][info][gc,task     ] GC(50) Using 3 of 6 workers for concurrent weak root
[2026-04-03T02:50:42.279+0600][70.953s][info][gc          ] GC(50) Concurrent weak roots 4.371ms
[2026-04-03T02:50:42.279+0600][70.953s][info][gc,start    ] GC(50) Concurrent cleanup
[2026-04-03T02:50:42.280+0600][70.954s][info][gc          ] GC(50) Concurrent cleanup 511M->193M(563M) 0.767ms
[2026-04-03T02:50:42.280+0600][70.954s][info][gc,ergo     ] GC(50) Free: 1700M, Max: 512K regular, 1338M humongous, Frag: 22% external, 0% internal; Reserve: 102031K, Max: 512K
[2026-04-03T02:50:42.280+0600][70.954s][info][gc,start    ] GC(50) Concurrent class unloading
[2026-04-03T02:50:42.280+0600][70.954s][info][gc,task     ] GC(50) Using 3 of 6 workers for concurrent class unloading
[2026-04-03T02:50:42.297+0600][70.970s][info][gc          ] GC(50) Concurrent class unloading 16.550ms
[2026-04-03T02:50:42.297+0600][70.971s][info][gc,start    ] GC(50) Concurrent strong roots
[2026-04-03T02:50:42.297+0600][70.971s][info][gc,task     ] GC(50) Using 3 of 6 workers for concurrent strong root
[2026-04-03T02:50:42.298+0600][70.972s][info][gc          ] GC(50) Concurrent strong roots 1.008ms
[2026-04-03T02:50:42.298+0600][70.972s][info][gc,start    ] GC(50) Concurrent evacuation
[2026-04-03T02:50:42.298+0600][70.972s][info][gc,task     ] GC(50) Using 3 of 6 workers for concurrent evacuation
[2026-04-03T02:50:42.303+0600][70.976s][info][gc          ] GC(50) Concurrent evacuation 4.740ms
[2026-04-03T02:50:42.303+0600][70.977s][info][gc,start    ] GC(50) Pause Init Update Refs
[2026-04-03T02:50:42.303+0600][70.977s][info][gc,ergo     ] GC(50) Pacer for Update Refs. Used: 211M, Free: 1686M, Non-Taxable: 168M, Alloc Tax Rate: 1.1x
[2026-04-03T02:50:42.303+0600][70.977s][info][gc          ] GC(50) Pause Init Update Refs 0.108ms
[2026-04-03T02:50:42.303+0600][70.977s][info][gc,start    ] GC(50) Concurrent update references
[2026-04-03T02:50:42.303+0600][70.977s][info][gc,task     ] GC(50) Using 3 of 6 workers for concurrent reference update
[2026-04-03T02:50:42.361+0600][71.034s][info][gc          ] GC(50) Concurrent update references 57.723ms
[2026-04-03T02:50:42.361+0600][71.034s][info][gc,start    ] GC(50) Concurrent update thread roots
[2026-04-03T02:50:42.362+0600][71.036s][info][gc          ] GC(50) Concurrent update thread roots 1.240ms
[2026-04-03T02:50:42.362+0600][71.036s][info][gc,start    ] GC(50) Pause Final Update Refs
[2026-04-03T02:50:42.362+0600][71.036s][info][gc,task     ] GC(50) Using 6 of 6 workers for final reference update
[2026-04-03T02:50:42.362+0600][71.036s][info][gc          ] GC(50) Pause Final Update Refs 0.162ms
[2026-04-03T02:50:42.362+0600][71.036s][info][gc,start    ] GC(50) Concurrent cleanup
[2026-04-03T02:50:42.363+0600][71.037s][info][gc          ] GC(50) Concurrent cleanup 251M->199M(566M) 0.683ms
[2026-04-03T02:50:42.363+0600][71.037s][info][gc,ergo     ] Free: 1685M, Max: 512K regular, 1336M humongous, Frag: 21% external, 0% internal; Reserve: 100M, Max: 512K
[2026-04-03T02:50:42.363+0600][71.037s][info][gc,stats    ] 
[2026-04-03T02:50:42.363+0600][71.037s][info][gc,stats    ] All times are wall-clock times, except per-root-class counters, that are sum over
[2026-04-03T02:50:42.363+0600][71.037s][info][gc,stats    ] all workers. Dividing the <total> over the root stage time estimates parallelism.
[2026-04-03T02:50:42.363+0600][71.037s][info][gc,stats    ] 
[2026-04-03T02:50:42.363+0600][71.037s][info][gc,stats    ] Concurrent Reset                   1796 us
[2026-04-03T02:50:42.363+0600][71.037s][info][gc,stats    ] Pause Init Mark (G)                 345 us
[2026-04-03T02:50:42.363+0600][71.037s][info][gc,stats    ] Pause Init Mark (N)                 170 us
[2026-04-03T02:50:42.363+0600][71.037s][info][gc,stats    ]   Update Region States               48 us
[2026-04-03T02:50:42.363+0600][71.037s][info][gc,stats    ] Concurrent Mark Roots              1721 us, parallelism: 2.22x
[2026-04-03T02:50:42.363+0600][71.037s][info][gc,stats    ]   CMR: <total>                     3815 us
[2026-04-03T02:50:42.363+0600][71.037s][info][gc,stats    ]   CMR: Thread Roots                3298 us, workers (us): 806, 1234, 1258, ---, ---, ---, 
[2026-04-03T02:50:42.363+0600][71.037s][info][gc,stats    ]   CMR: VM Strong Roots               69 us, workers (us):  29,  23,  17, ---, ---, ---, 
[2026-04-03T02:50:42.363+0600][71.037s][info][gc,stats    ]   CMR: CLDG Roots                   448 us, workers (us): 448, ---, ---, ---, ---, ---, 
[2026-04-03T02:50:42.363+0600][71.037s][info][gc,stats    ] Concurrent Marking                55536 us
[2026-04-03T02:50:42.363+0600][71.037s][info][gc,stats    ] Pause Final Mark (G)               1056 us
[2026-04-03T02:50:42.363+0600][71.037s][info][gc,stats    ] Pause Final Mark (N)                828 us
[2026-04-03T02:50:42.363+0600][71.037s][info][gc,stats    ]   Finish Mark                       385 us
[2026-04-03T02:50:42.363+0600][71.037s][info][gc,stats    ]   Update Region States               62 us
[2026-04-03T02:50:42.363+0600][71.037s][info][gc,stats    ]   Choose Collection Set             193 us
[2026-04-03T02:50:42.363+0600][71.037s][info][gc,stats    ]   Rebuild Free Set                   54 us
[2026-04-03T02:50:42.363+0600][71.037s][info][gc,stats    ] Concurrent Thread Roots            1012 us, parallelism: 2.03x
[2026-04-03T02:50:42.363+0600][71.037s][info][gc,stats    ]   CTR: <total>                     2052 us
[2026-04-03T02:50:42.363+0600][71.037s][info][gc,stats    ]   CTR: Thread Roots                2052 us, workers (us): 850, 544, 658, ---, ---, ---, 
[2026-04-03T02:50:42.363+0600][71.037s][info][gc,stats    ] Concurrent Weak References         1301 us, parallelism: 0.93x
[2026-04-03T02:50:42.363+0600][71.037s][info][gc,stats    ]   CWRF: <total>                    1207 us
[2026-04-03T02:50:42.363+0600][71.037s][info][gc,stats    ]   CWRF: Weak References            1207 us, workers (us): 1022, 123,  62, ---, ---, ---, 
[2026-04-03T02:50:42.363+0600][71.037s][info][gc,stats    ] Concurrent Weak Roots              4451 us
[2026-04-03T02:50:42.363+0600][71.037s][info][gc,stats    ]   Roots                            4006 us, parallelism: 2.71x
[2026-04-03T02:50:42.363+0600][71.037s][info][gc,stats    ]     CWR: <total>                  10842 us
[2026-04-03T02:50:42.363+0600][71.037s][info][gc,stats    ]     CWR: Code Cache Roots          8320 us, workers (us): 2789, 2759, 2772, ---, ---, ---, 
[2026-04-03T02:50:42.363+0600][71.037s][info][gc,stats    ]     CWR: VM Weak Roots             2418 us, workers (us): 830, 799, 789, ---, ---, ---, 
[2026-04-03T02:50:42.363+0600][71.037s][info][gc,stats    ]     CWR: CLDG Roots                 105 us, workers (us): ---, ---, 105, ---, ---, ---, 
[2026-04-03T02:50:42.363+0600][71.037s][info][gc,stats    ]   Rendezvous                        326 us
[2026-04-03T02:50:42.363+0600][71.037s][info][gc,stats    ] Concurrent Cleanup                  781 us
[2026-04-03T02:50:42.363+0600][71.037s][info][gc,stats    ] Concurrent Class Unloading        16668 us
[2026-04-03T02:50:42.363+0600][71.037s][info][gc,stats    ]   Unlink Stale                    15801 us
[2026-04-03T02:50:42.363+0600][71.037s][info][gc,stats    ]     System Dictionary               232 us
[2026-04-03T02:50:42.363+0600][71.037s][info][gc,stats    ]     Weak Class Links                  0 us
[2026-04-03T02:50:42.363+0600][71.037s][info][gc,stats    ]     Code Roots                    15564 us
[2026-04-03T02:50:42.363+0600][71.037s][info][gc,stats    ]   Rendezvous                        299 us
[2026-04-03T02:50:42.363+0600][71.037s][info][gc,stats    ]   Purge Unlinked                    423 us
[2026-04-03T02:50:42.363+0600][71.037s][info][gc,stats    ]     Code Roots                      406 us
[2026-04-03T02:50:42.363+0600][71.037s][info][gc,stats    ]     CLDG                             16 us
[2026-04-03T02:50:42.363+0600][71.037s][info][gc,stats    ]     Exception Caches                  0 us
[2026-04-03T02:50:42.363+0600][71.037s][info][gc,stats    ] Concurrent Strong Roots            1046 us, parallelism: 0.65x
[2026-04-03T02:50:42.363+0600][71.037s][info][gc,stats    ]   CSR: <total>                      681 us
[2026-04-03T02:50:42.363+0600][71.037s][info][gc,stats    ]   CSR: VM Strong Roots               56 us, workers (us):  38,  18,   0, ---, ---, ---, 
[2026-04-03T02:50:42.363+0600][71.037s][info][gc,stats    ]   CSR: CLDG Roots                   625 us, workers (us): 625, ---, ---, ---, ---, ---, 
[2026-04-03T02:50:42.363+0600][71.037s][info][gc,stats    ] Concurrent Evacuation              4792 us
[2026-04-03T02:50:42.363+0600][71.037s][info][gc,stats    ] Pause Init Update Refs (G)          241 us
[2026-04-03T02:50:42.363+0600][71.037s][info][gc,stats    ] Pause Init Update Refs (N)          118 us
[2026-04-03T02:50:42.363+0600][71.037s][info][gc,stats    ]   Manage GCLABs                      26 us
[2026-04-03T02:50:42.363+0600][71.037s][info][gc,stats    ] Concurrent Update Refs            57816 us
[2026-04-03T02:50:42.363+0600][71.037s][info][gc,stats    ] Concurrent Update Thread Roots     1271 us
[2026-04-03T02:50:42.363+0600][71.037s][info][gc,stats    ] Pause Final Update Refs (G)         266 us
[2026-04-03T02:50:42.363+0600][71.037s][info][gc,stats    ] Pause Final Update Refs (N)         173 us
[2026-04-03T02:50:42.363+0600][71.037s][info][gc,stats    ]   Update Region States               63 us
[2026-04-03T02:50:42.363+0600][71.037s][info][gc,stats    ]   Trash Collection Set                9 us
[2026-04-03T02:50:42.363+0600][71.037s][info][gc,stats    ]   Rebuild Free Set                   47 us
[2026-04-03T02:50:42.363+0600][71.037s][info][gc,stats    ] Concurrent Cleanup                  696 us
[2026-04-03T02:50:42.363+0600][71.037s][info][gc,stats    ] 
[2026-04-03T02:50:42.363+0600][71.037s][info][gc,stats    ] Allocation pacing accrued:
[2026-04-03T02:50:42.363+0600][71.037s][info][gc,stats    ]       0 of   160 ms (  0.0%): <total>
[2026-04-03T02:50:42.363+0600][71.037s][info][gc,stats    ]       0 of   160 ms (  0.0%): <average total>
[2026-04-03T02:50:42.363+0600][71.037s][info][gc,stats    ] 
[2026-04-03T02:50:42.363+0600][71.037s][info][gc,metaspace] Metaspace: 131083K(132864K)->131159K(132864K) NonClass: 114641K(115712K)->114704K(115712K) Class: 16441K(17152K)->16454K(17152K)
[2026-04-03T02:50:42.363+0600][71.037s][info][gc,ergo     ] Pacer for Idle. Initial: 40960K, Alloc Tax Rate: 1.0x
[2026-04-03T02:50:42.762+0600][71.436s][info][gc          ] Trigger: Learning 4 of 5. Free (1398M) is below initial threshold (1400M)
[2026-04-03T02:50:42.762+0600][71.436s][info][gc,ergo     ] Free: 1398M, Max: 512K regular, 1336M humongous, Frag: 5% external, 0% internal; Reserve: 100M, Max: 512K
[2026-04-03T02:50:42.762+0600][71.436s][info][gc,start    ] GC(51) Concurrent reset
[2026-04-03T02:50:42.762+0600][71.436s][info][gc,task     ] GC(51) Using 3 of 6 workers for concurrent reset
[2026-04-03T02:50:42.762+0600][71.436s][info][gc,ergo     ] GC(51) Pacer for Reset. Non-Taxable: 2000M
[2026-04-03T02:50:42.764+0600][71.438s][info][gc          ] GC(51) Concurrent reset 1.492ms
[2026-04-03T02:50:42.764+0600][71.438s][info][gc,start    ] GC(51) Pause Init Mark (unload classes)
[2026-04-03T02:50:42.764+0600][71.438s][info][gc,task     ] GC(51) Using 6 of 6 workers for init marking
[2026-04-03T02:50:42.764+0600][71.438s][info][gc,ergo     ] GC(51) Pacer for Mark. Expected Live: 93944K, Free: 1397M, Non-Taxable: 139M, Alloc Tax Rate: 0.1x
[2026-04-03T02:50:42.764+0600][71.438s][info][gc          ] GC(51) Pause Init Mark (unload classes) 0.148ms
[2026-04-03T02:50:42.764+0600][71.438s][info][gc,start    ] GC(51) Concurrent marking roots
[2026-04-03T02:50:42.764+0600][71.438s][info][gc,task     ] GC(51) Using 3 of 6 workers for concurrent marking roots
[2026-04-03T02:50:42.766+0600][71.440s][info][gc          ] GC(51) Concurrent marking roots 1.959ms
[2026-04-03T02:50:42.766+0600][71.440s][info][gc,start    ] GC(51) Concurrent marking (unload classes)
[2026-04-03T02:50:42.766+0600][71.440s][info][gc,task     ] GC(51) Using 3 of 6 workers for concurrent marking
[2026-04-03T02:50:42.844+0600][71.518s][info][gc          ] GC(51) Concurrent marking (unload classes) 77.501ms
[2026-04-03T02:50:42.845+0600][71.519s][info][gc,start    ] GC(51) Pause Final Mark (unload classes)
[2026-04-03T02:50:42.845+0600][71.519s][info][gc,task     ] GC(51) Using 6 of 6 workers for final marking
[2026-04-03T02:50:42.845+0600][71.519s][info][gc,ergo     ] GC(51) Adaptive CSet Selection. Target Free: 283M, Actual Free: 1641M, Max CSet: 85333K, Min Garbage: 0B
[2026-04-03T02:50:42.845+0600][71.519s][info][gc,ergo     ] GC(51) Collectable Garbage: 371M (97%), Immediate: 224M (58%), CSet: 147M (38%)
[2026-04-03T02:50:42.846+0600][71.519s][info][gc,ergo     ] GC(51) Pacer for Evacuation. Used CSet: 151M, Free: 1573M, Non-Taxable: 157M, Alloc Tax Rate: 1.1x
[2026-04-03T02:50:42.846+0600][71.519s][info][gc          ] GC(51) Pause Final Mark (unload classes) 0.748ms
[2026-04-03T02:50:42.846+0600][71.519s][info][gc,start    ] GC(51) Concurrent thread roots
[2026-04-03T02:50:42.846+0600][71.520s][info][gc,task     ] GC(51) Using 3 of 6 workers for Concurrent thread roots
[2026-04-03T02:50:42.847+0600][71.521s][info][gc          ] GC(51) Concurrent thread roots 1.190ms
[2026-04-03T02:50:42.847+0600][71.521s][info][gc,start    ] GC(51) Concurrent weak references
[2026-04-03T02:50:42.847+0600][71.521s][info][gc,task     ] GC(51) Using 3 of 6 workers for concurrent weak references
[2026-04-03T02:50:42.848+0600][71.522s][info][gc,ref      ] GC(51) Encountered references: Soft: 3711, Weak: 15118, Final: 84, Phantom: 621
[2026-04-03T02:50:42.848+0600][71.522s][info][gc,ref      ] GC(51) Discovered  references: Soft: 0, Weak: 8811, Final: 0, Phantom: 616
[2026-04-03T02:50:42.848+0600][71.522s][info][gc,ref      ] GC(51) Enqueued    references: Soft: 0, Weak: 415, Final: 0, Phantom: 0
[2026-04-03T02:50:42.848+0600][71.522s][info][gc          ] GC(51) Concurrent weak references 1.220ms
[2026-04-03T02:50:42.848+0600][71.522s][info][gc,start    ] GC(51) Concurrent weak roots
[2026-04-03T02:50:42.848+0600][71.522s][info][gc,task     ] GC(51) Using 3 of 6 workers for concurrent weak root
[2026-04-03T02:50:42.853+0600][71.527s][info][gc          ] GC(51) Concurrent weak roots 5.202ms
[2026-04-03T02:50:42.853+0600][71.527s][info][gc,start    ] GC(51) Concurrent cleanup
[2026-04-03T02:50:42.854+0600][71.528s][info][gc          ] GC(51) Concurrent cleanup 543M->318M(587M) 0.481ms
[2026-04-03T02:50:42.854+0600][71.528s][info][gc,ergo     ] GC(51) Free: 1571M, Max: 512K regular, 1315M humongous, Frag: 17% external, 0% internal; Reserve: 101800K, Max: 512K
[2026-04-03T02:50:42.854+0600][71.528s][info][gc,start    ] GC(51) Concurrent class unloading
[2026-04-03T02:50:42.854+0600][71.528s][info][gc,task     ] GC(51) Using 3 of 6 workers for concurrent class unloading
[2026-04-03T02:50:42.905+0600][71.579s][info][gc          ] GC(51) Concurrent class unloading 50.823ms
[2026-04-03T02:50:42.905+0600][71.579s][info][gc,start    ] GC(51) Concurrent strong roots
[2026-04-03T02:50:42.905+0600][71.579s][info][gc,task     ] GC(51) Using 3 of 6 workers for concurrent strong root
[2026-04-03T02:50:42.906+0600][71.580s][info][gc          ] GC(51) Concurrent strong roots 1.090ms
[2026-04-03T02:50:42.906+0600][71.580s][info][gc,start    ] GC(51) Concurrent evacuation
[2026-04-03T02:50:42.906+0600][71.580s][info][gc,task     ] GC(51) Using 3 of 6 workers for concurrent evacuation
[2026-04-03T02:50:42.910+0600][71.583s][info][gc          ] GC(51) Concurrent evacuation 3.530ms
[2026-04-03T02:50:42.910+0600][71.584s][info][gc,start    ] GC(51) Pause Init Update Refs
[2026-04-03T02:50:42.910+0600][71.584s][info][gc,ergo     ] GC(51) Pacer for Update Refs. Used: 363M, Free: 1526M, Non-Taxable: 152M, Alloc Tax Rate: 1.1x
[2026-04-03T02:50:42.910+0600][71.584s][info][gc          ] GC(51) Pause Init Update Refs 0.086ms
[2026-04-03T02:50:42.910+0600][71.584s][info][gc,start    ] GC(51) Concurrent update references
[2026-04-03T02:50:42.910+0600][71.584s][info][gc,task     ] GC(51) Using 3 of 6 workers for concurrent reference update
[2026-04-03T02:50:42.964+0600][71.637s][info][gc          ] GC(51) Concurrent update references 53.587ms
[2026-04-03T02:50:42.964+0600][71.638s][info][gc,start    ] GC(51) Concurrent update thread roots
[2026-04-03T02:50:42.966+0600][71.640s][info][gc          ] GC(51) Concurrent update thread roots 2.030ms
[2026-04-03T02:50:42.966+0600][71.640s][info][gc,start    ] GC(51) Pause Final Update Refs
[2026-04-03T02:50:42.966+0600][71.640s][info][gc,task     ] GC(51) Using 6 of 6 workers for final reference update
[2026-04-03T02:50:42.966+0600][71.640s][info][gc          ] GC(51) Pause Final Update Refs 0.283ms
[2026-04-03T02:50:42.967+0600][71.640s][info][gc,start    ] GC(51) Concurrent cleanup
[2026-04-03T02:50:42.967+0600][71.641s][info][gc          ] GC(51) Concurrent cleanup 410M->258M(590M) 0.461ms
[2026-04-03T02:50:42.967+0600][71.641s][info][gc,ergo     ] Free: 1621M, Max: 512K regular, 1313M humongous, Frag: 19% external, 0% internal; Reserve: 100M, Max: 512K
[2026-04-03T02:50:42.967+0600][71.641s][info][gc,stats    ] 
[2026-04-03T02:50:42.967+0600][71.641s][info][gc,stats    ] All times are wall-clock times, except per-root-class counters, that are sum over
[2026-04-03T02:50:42.967+0600][71.641s][info][gc,stats    ] all workers. Dividing the <total> over the root stage time estimates parallelism.
[2026-04-03T02:50:42.967+0600][71.641s][info][gc,stats    ] 
[2026-04-03T02:50:42.967+0600][71.641s][info][gc,stats    ] Concurrent Reset                   1589 us
[2026-04-03T02:50:42.967+0600][71.641s][info][gc,stats    ] Pause Init Mark (G)                 474 us
[2026-04-03T02:50:42.967+0600][71.641s][info][gc,stats    ] Pause Init Mark (N)                 158 us
[2026-04-03T02:50:42.967+0600][71.641s][info][gc,stats    ]   Update Region States               43 us
[2026-04-03T02:50:42.967+0600][71.641s][info][gc,stats    ] Concurrent Mark Roots              1996 us, parallelism: 2.04x
[2026-04-03T02:50:42.967+0600][71.641s][info][gc,stats    ]   CMR: <total>                     4073 us
[2026-04-03T02:50:42.967+0600][71.641s][info][gc,stats    ]   CMR: Thread Roots                3621 us, workers (us): 1084, 1462, 1075, ---, ---, ---, 
[2026-04-03T02:50:42.967+0600][71.641s][info][gc,stats    ]   CMR: VM Strong Roots               50 us, workers (us):  28,  22,   1, ---, ---, ---, 
[2026-04-03T02:50:42.967+0600][71.641s][info][gc,stats    ]   CMR: CLDG Roots                   402 us, workers (us): 402, ---, ---, ---, ---, ---, 
[2026-04-03T02:50:42.967+0600][71.641s][info][gc,stats    ] Concurrent Marking                77623 us
[2026-04-03T02:50:42.967+0600][71.641s][info][gc,stats    ] Pause Final Mark (G)               1741 us
[2026-04-03T02:50:42.967+0600][71.641s][info][gc,stats    ] Pause Final Mark (N)                766 us
[2026-04-03T02:50:42.967+0600][71.641s][info][gc,stats    ]   Finish Mark                       188 us
[2026-04-03T02:50:42.967+0600][71.641s][info][gc,stats    ]   Update Region States               74 us
[2026-04-03T02:50:42.967+0600][71.641s][info][gc,stats    ]   Choose Collection Set             249 us
[2026-04-03T02:50:42.967+0600][71.641s][info][gc,stats    ]   Rebuild Free Set                   70 us
[2026-04-03T02:50:42.967+0600][71.641s][info][gc,stats    ] Concurrent Thread Roots            1264 us, parallelism: 2.26x
[2026-04-03T02:50:42.967+0600][71.641s][info][gc,stats    ]   CTR: <total>                     2859 us
[2026-04-03T02:50:42.967+0600][71.641s][info][gc,stats    ]   CTR: Thread Roots                2859 us, workers (us): 1004, 929, 926, ---, ---, ---, 
[2026-04-03T02:50:42.968+0600][71.641s][info][gc,stats    ] Concurrent Weak References         1235 us, parallelism: 0.97x
[2026-04-03T02:50:42.968+0600][71.641s][info][gc,stats    ]   CWRF: <total>                    1204 us
[2026-04-03T02:50:42.968+0600][71.641s][info][gc,stats    ]   CWRF: Weak References            1204 us, workers (us): 163, 933, 109, ---, ---, ---, 
[2026-04-03T02:50:42.968+0600][71.641s][info][gc,stats    ] Concurrent Weak Roots              5312 us
[2026-04-03T02:50:42.968+0600][71.641s][info][gc,stats    ]   Roots                            4762 us, parallelism: 2.69x
[2026-04-03T02:50:42.968+0600][71.641s][info][gc,stats    ]     CWR: <total>                  12791 us
[2026-04-03T02:50:42.968+0600][71.641s][info][gc,stats    ]     CWR: Code Cache Roots          9775 us, workers (us): 3375, 3258, 3142, ---, ---, ---, 
[2026-04-03T02:50:42.968+0600][71.641s][info][gc,stats    ]     CWR: VM Weak Roots             2846 us, workers (us): 959, 943, 944, ---, ---, ---, 
[2026-04-03T02:50:42.968+0600][71.642s][info][gc,stats    ]     CWR: CLDG Roots                 169 us, workers (us): ---, 169, ---, ---, ---, ---, 
[2026-04-03T02:50:42.968+0600][71.642s][info][gc,stats    ]   Rendezvous                        403 us
[2026-04-03T02:50:42.968+0600][71.642s][info][gc,stats    ] Concurrent Cleanup                  524 us
[2026-04-03T02:50:42.968+0600][71.642s][info][gc,stats    ] Concurrent Class Unloading        50923 us
[2026-04-03T02:50:42.968+0600][71.642s][info][gc,stats    ]   Unlink Stale                    47854 us
[2026-04-03T02:50:42.968+0600][71.642s][info][gc,stats    ]     System Dictionary               657 us
[2026-04-03T02:50:42.968+0600][71.642s][info][gc,stats    ]     Weak Class Links              28101 us
[2026-04-03T02:50:42.968+0600][71.642s][info][gc,stats    ]     Code Roots                    19090 us
[2026-04-03T02:50:42.968+0600][71.642s][info][gc,stats    ]   Rendezvous                        301 us
[2026-04-03T02:50:42.968+0600][71.642s][info][gc,stats    ]   Purge Unlinked                   2626 us
[2026-04-03T02:50:42.968+0600][71.642s][info][gc,stats    ]     Code Roots                     2575 us
[2026-04-03T02:50:42.968+0600][71.642s][info][gc,stats    ]     CLDG                             49 us
[2026-04-03T02:50:42.968+0600][71.642s][info][gc,stats    ]     Exception Caches                  0 us
[2026-04-03T02:50:42.968+0600][71.642s][info][gc,stats    ] Concurrent Strong Roots            1127 us, parallelism: 0.64x
[2026-04-03T02:50:42.968+0600][71.642s][info][gc,stats    ]   CSR: <total>                      717 us
[2026-04-03T02:50:42.968+0600][71.642s][info][gc,stats    ]   CSR: VM Strong Roots               48 us, workers (us):  43,   3,   3, ---, ---, ---, 
[2026-04-03T02:50:42.968+0600][71.642s][info][gc,stats    ]   CSR: CLDG Roots                   668 us, workers (us): 668, ---, ---, ---, ---, ---, 
[2026-04-03T02:50:42.968+0600][71.642s][info][gc,stats    ] Concurrent Evacuation              3578 us
[2026-04-03T02:50:42.968+0600][71.642s][info][gc,stats    ] Pause Init Update Refs (G)          314 us
[2026-04-03T02:50:42.968+0600][71.642s][info][gc,stats    ] Pause Init Update Refs (N)           95 us
[2026-04-03T02:50:42.968+0600][71.642s][info][gc,stats    ]   Manage GCLABs                      30 us
[2026-04-03T02:50:42.968+0600][71.642s][info][gc,stats    ] Concurrent Update Refs            53735 us
[2026-04-03T02:50:42.968+0600][71.642s][info][gc,stats    ] Concurrent Update Thread Roots     2131 us
[2026-04-03T02:50:42.968+0600][71.642s][info][gc,stats    ] Pause Final Update Refs (G)         667 us
[2026-04-03T02:50:42.968+0600][71.642s][info][gc,stats    ] Pause Final Update Refs (N)         299 us
[2026-04-03T02:50:42.968+0600][71.642s][info][gc,stats    ]   Update Region States               74 us
[2026-04-03T02:50:42.968+0600][71.642s][info][gc,stats    ]   Trash Collection Set               18 us
[2026-04-03T02:50:42.968+0600][71.642s][info][gc,stats    ]   Rebuild Free Set                   57 us
[2026-04-03T02:50:42.968+0600][71.642s][info][gc,stats    ] Concurrent Cleanup                  505 us
[2026-04-03T02:50:42.968+0600][71.642s][info][gc,stats    ] 
[2026-04-03T02:50:42.968+0600][71.642s][info][gc,stats    ] Allocation pacing accrued:
[2026-04-03T02:50:42.968+0600][71.642s][info][gc,stats    ]       0 of   605 ms (  0.0%): <total>
[2026-04-03T02:50:42.968+0600][71.642s][info][gc,stats    ]       0 of   605 ms (  0.0%): <average total>
[2026-04-03T02:50:42.968+0600][71.642s][info][gc,stats    ] 
[2026-04-03T02:50:42.968+0600][71.642s][info][gc,metaspace] Metaspace: 131227K(132864K)->131241K(132864K) NonClass: 114763K(115712K)->114775K(115712K) Class: 16464K(17152K)->16465K(17152K)
[2026-04-03T02:50:42.968+0600][71.642s][info][gc,ergo     ] Pacer for Idle. Initial: 40960K, Alloc Tax Rate: 1.0x
[2026-04-03T02:50:43.148+0600][71.822s][info][gc          ] Trigger: Learning 5 of 5. Free (1399M) is below initial threshold (1400M)
[2026-04-03T02:50:43.148+0600][71.822s][info][gc,ergo     ] Free: 1399M, Max: 512K regular, 1313M humongous, Frag: 6% external, 0% internal; Reserve: 100M, Max: 512K
[2026-04-03T02:50:43.148+0600][71.822s][info][gc,start    ] GC(52) Concurrent reset
[2026-04-03T02:50:43.148+0600][71.822s][info][gc,task     ] GC(52) Using 3 of 6 workers for concurrent reset
[2026-04-03T02:50:43.148+0600][71.822s][info][gc,ergo     ] GC(52) Pacer for Reset. Non-Taxable: 2000M
[2026-04-03T02:50:43.155+0600][71.829s][info][gc          ] GC(52) Concurrent reset 7.072ms
[2026-04-03T02:50:43.155+0600][71.829s][info][gc,start    ] GC(52) Pause Init Mark (unload classes)
[2026-04-03T02:50:43.156+0600][71.829s][info][gc,task     ] GC(52) Using 6 of 6 workers for init marking
[2026-04-03T02:50:43.156+0600][71.830s][info][gc,ergo     ] GC(52) Pacer for Mark. Expected Live: 92991K, Free: 1390M, Non-Taxable: 139M, Alloc Tax Rate: 0.1x
[2026-04-03T02:50:43.156+0600][71.830s][info][gc          ] GC(52) Pause Init Mark (unload classes) 0.336ms
[2026-04-03T02:50:43.156+0600][71.830s][info][gc,start    ] GC(52) Concurrent marking roots
[2026-04-03T02:50:43.156+0600][71.830s][info][gc,task     ] GC(52) Using 3 of 6 workers for concurrent marking roots
[2026-04-03T02:50:43.158+0600][71.832s][info][gc          ] GC(52) Concurrent marking roots 1.790ms
[2026-04-03T02:50:43.158+0600][71.832s][info][gc,start    ] GC(52) Concurrent marking (unload classes)
[2026-04-03T02:50:43.158+0600][71.832s][info][gc,task     ] GC(52) Using 3 of 6 workers for concurrent marking
[2026-04-03T02:50:43.221+0600][71.895s][info][gc          ] GC(52) Concurrent marking (unload classes) 62.846ms
[2026-04-03T02:50:43.221+0600][71.895s][info][gc,start    ] GC(52) Pause Final Mark (unload classes)
[2026-04-03T02:50:43.221+0600][71.895s][info][gc,task     ] GC(52) Using 6 of 6 workers for final marking
[2026-04-03T02:50:43.221+0600][71.895s][info][gc,ergo     ] GC(52) Adaptive CSet Selection. Target Free: 283M, Actual Free: 1715M, Max CSet: 85333K, Min Garbage: 0B
[2026-04-03T02:50:43.221+0600][71.895s][info][gc,ergo     ] GC(52) Collectable Garbage: 364M (97%), Immediate: 284M (76%), CSet: 82131K (21%)
[2026-04-03T02:50:43.221+0600][71.895s][info][gc,ergo     ] GC(52) Pacer for Evacuation. Used CSet: 86685K, Free: 1659M, Non-Taxable: 165M, Alloc Tax Rate: 1.1x
[2026-04-03T02:50:43.221+0600][71.895s][info][gc          ] GC(52) Pause Final Mark (unload classes) 0.681ms
[2026-04-03T02:50:43.222+0600][71.896s][info][gc,start    ] GC(52) Concurrent thread roots
[2026-04-03T02:50:43.222+0600][71.896s][info][gc,task     ] GC(52) Using 3 of 6 workers for Concurrent thread roots
[2026-04-03T02:50:43.223+0600][71.897s][info][gc          ] GC(52) Concurrent thread roots 1.129ms
[2026-04-03T02:50:43.223+0600][71.897s][info][gc,start    ] GC(52) Concurrent weak references
[2026-04-03T02:50:43.223+0600][71.897s][info][gc,task     ] GC(52) Using 3 of 6 workers for concurrent weak references
[2026-04-03T02:50:43.224+0600][71.898s][info][gc,ref      ] GC(52) Encountered references: Soft: 3709, Weak: 15352, Final: 84, Phantom: 621
[2026-04-03T02:50:43.224+0600][71.898s][info][gc,ref      ] GC(52) Discovered  references: Soft: 0, Weak: 8030, Final: 0, Phantom: 596
[2026-04-03T02:50:43.224+0600][71.898s][info][gc,ref      ] GC(52) Enqueued    references: Soft: 0, Weak: 26, Final: 0, Phantom: 0
[2026-04-03T02:50:43.224+0600][71.898s][info][gc          ] GC(52) Concurrent weak references 1.162ms
[2026-04-03T02:50:43.224+0600][71.898s][info][gc,start    ] GC(52) Concurrent weak roots
[2026-04-03T02:50:43.224+0600][71.898s][info][gc,task     ] GC(52) Using 3 of 6 workers for concurrent weak root
[2026-04-03T02:50:43.229+0600][71.903s][info][gc          ] GC(52) Concurrent weak roots 4.628ms
[2026-04-03T02:50:43.229+0600][71.903s][info][gc,start    ] GC(52) Concurrent cleanup
[2026-04-03T02:50:43.230+0600][71.903s][info][gc          ] GC(52) Concurrent cleanup 516M->232M(590M) 0.866ms
[2026-04-03T02:50:43.230+0600][71.904s][info][gc,ergo     ] GC(52) Free: 1658M, Max: 512K regular, 1314M humongous, Frag: 21% external, 0% internal; Reserve: 101693K, Max: 512K
[2026-04-03T02:50:43.230+0600][71.904s][info][gc,start    ] GC(52) Concurrent class unloading
[2026-04-03T02:50:43.230+0600][71.904s][info][gc,task     ] GC(52) Using 3 of 6 workers for concurrent class unloading
[2026-04-03T02:50:43.250+0600][71.924s][info][gc          ] GC(52) Concurrent class unloading 20.560ms
[2026-04-03T02:50:43.250+0600][71.924s][info][gc,start    ] GC(52) Concurrent strong roots
[2026-04-03T02:50:43.250+0600][71.924s][info][gc,task     ] GC(52) Using 3 of 6 workers for concurrent strong root
[2026-04-03T02:50:43.252+0600][71.926s][info][gc          ] GC(52) Concurrent strong roots 1.635ms
[2026-04-03T02:50:43.252+0600][71.926s][info][gc,start    ] GC(52) Concurrent evacuation
[2026-04-03T02:50:43.252+0600][71.926s][info][gc,task     ] GC(52) Using 3 of 6 workers for concurrent evacuation
[2026-04-03T02:50:43.256+0600][71.930s][info][gc          ] GC(52) Concurrent evacuation 4.094ms
[2026-04-03T02:50:43.257+0600][71.930s][info][gc,start    ] GC(52) Pause Init Update Refs
[2026-04-03T02:50:43.257+0600][71.931s][info][gc,ergo     ] GC(52) Pacer for Update Refs. Used: 257M, Free: 1637M, Non-Taxable: 163M, Alloc Tax Rate: 1.1x
[2026-04-03T02:50:43.257+0600][71.931s][info][gc          ] GC(52) Pause Init Update Refs 0.173ms
[2026-04-03T02:50:43.257+0600][71.931s][info][gc,start    ] GC(52) Concurrent update references
[2026-04-03T02:50:43.257+0600][71.931s][info][gc,task     ] GC(52) Using 3 of 6 workers for concurrent reference update
[2026-04-03T02:50:43.307+0600][71.980s][info][gc          ] GC(52) Concurrent update references 49.665ms
[2026-04-03T02:50:43.307+0600][71.980s][info][gc,start    ] GC(52) Concurrent update thread roots
[2026-04-03T02:50:43.309+0600][71.983s][info][gc          ] GC(52) Concurrent update thread roots 2.058ms
[2026-04-03T02:50:43.309+0600][71.983s][info][gc,start    ] GC(52) Pause Final Update Refs
[2026-04-03T02:50:43.309+0600][71.983s][info][gc,task     ] GC(52) Using 6 of 6 workers for final reference update
[2026-04-03T02:50:43.309+0600][71.983s][info][gc          ] GC(52) Pause Final Update Refs 0.212ms
[2026-04-03T02:50:43.310+0600][71.983s][info][gc,start    ] GC(52) Concurrent cleanup
[2026-04-03T02:50:43.310+0600][71.984s][info][gc          ] GC(52) Concurrent cleanup 291M->206M(591M) 0.821ms
[2026-04-03T02:50:43.310+0600][71.984s][info][gc,ergo     ] Free: 1678M, Max: 512K regular, 1377M humongous, Frag: 18% external, 0% internal; Reserve: 100M, Max: 512K
[2026-04-03T02:50:43.311+0600][71.984s][info][gc,stats    ] 
[2026-04-03T02:50:43.311+0600][71.984s][info][gc,stats    ] All times are wall-clock times, except per-root-class counters, that are sum over
[2026-04-03T02:50:43.311+0600][71.984s][info][gc,stats    ] all workers. Dividing the <total> over the root stage time estimates parallelism.
[2026-04-03T02:50:43.311+0600][71.984s][info][gc,stats    ] 
[2026-04-03T02:50:43.311+0600][71.984s][info][gc,stats    ] Concurrent Reset                   7170 us
[2026-04-03T02:50:43.311+0600][71.984s][info][gc,stats    ] Pause Init Mark (G)                 699 us
[2026-04-03T02:50:43.311+0600][71.984s][info][gc,stats    ] Pause Init Mark (N)                 353 us
[2026-04-03T02:50:43.311+0600][71.984s][info][gc,stats    ]   Update Region States               84 us
[2026-04-03T02:50:43.311+0600][71.985s][info][gc,stats    ] Concurrent Mark Roots              1839 us, parallelism: 2.07x
[2026-04-03T02:50:43.311+0600][71.985s][info][gc,stats    ]   CMR: <total>                     3814 us
[2026-04-03T02:50:43.311+0600][71.985s][info][gc,stats    ]   CMR: Thread Roots                3262 us, workers (us): 781, 1227, 1253, ---, ---, ---, 
[2026-04-03T02:50:43.311+0600][71.985s][info][gc,stats    ]   CMR: VM Strong Roots               68 us, workers (us):  36,  17,  15, ---, ---, ---, 
[2026-04-03T02:50:43.311+0600][71.985s][info][gc,stats    ]   CMR: CLDG Roots                   484 us, workers (us): 484, ---, ---, ---, ---, ---, 
[2026-04-03T02:50:43.311+0600][71.985s][info][gc,stats    ] Concurrent Marking                62938 us
[2026-04-03T02:50:43.311+0600][71.985s][info][gc,stats    ] Pause Final Mark (G)                915 us
[2026-04-03T02:50:43.311+0600][71.985s][info][gc,stats    ] Pause Final Mark (N)                694 us
[2026-04-03T02:50:43.311+0600][71.985s][info][gc,stats    ]   Finish Mark                       234 us
[2026-04-03T02:50:43.311+0600][71.985s][info][gc,stats    ]   Update Region States               67 us
[2026-04-03T02:50:43.311+0600][71.985s][info][gc,stats    ]   Choose Collection Set             204 us
[2026-04-03T02:50:43.311+0600][71.985s][info][gc,stats    ]   Rebuild Free Set                   54 us
[2026-04-03T02:50:43.311+0600][71.985s][info][gc,stats    ] Concurrent Thread Roots            1188 us, parallelism: 2.32x
[2026-04-03T02:50:43.311+0600][71.985s][info][gc,stats    ]   CTR: <total>                     2762 us
[2026-04-03T02:50:43.311+0600][71.985s][info][gc,stats    ]   CTR: Thread Roots                2762 us, workers (us): 926, 940, 896, ---, ---, ---, 
[2026-04-03T02:50:43.311+0600][71.985s][info][gc,stats    ] Concurrent Weak References         1173 us, parallelism: 1.33x
[2026-04-03T02:50:43.311+0600][71.985s][info][gc,stats    ]   CWRF: <total>                    1563 us
[2026-04-03T02:50:43.311+0600][71.985s][info][gc,stats    ]   CWRF: Weak References            1563 us, workers (us): 400, 278, 885, ---, ---, ---, 
[2026-04-03T02:50:43.311+0600][71.985s][info][gc,stats    ] Concurrent Weak Roots              4714 us
[2026-04-03T02:50:43.311+0600][71.985s][info][gc,stats    ]   Roots                            4358 us, parallelism: 2.73x
[2026-04-03T02:50:43.311+0600][71.985s][info][gc,stats    ]     CWR: <total>                  11917 us
[2026-04-03T02:50:43.311+0600][71.985s][info][gc,stats    ]     CWR: Code Cache Roots          9150 us, workers (us): 3111, 2881, 3158, ---, ---, ---, 
[2026-04-03T02:50:43.311+0600][71.985s][info][gc,stats    ]     CWR: VM Weak Roots             2586 us, workers (us): 883, 869, 835, ---, ---, ---, 
[2026-04-03T02:50:43.311+0600][71.985s][info][gc,stats    ]     CWR: CLDG Roots                 180 us, workers (us): ---, 180, ---, ---, ---, ---, 
[2026-04-03T02:50:43.311+0600][71.985s][info][gc,stats    ]   Rendezvous                        227 us
[2026-04-03T02:50:43.311+0600][71.985s][info][gc,stats    ] Concurrent Cleanup                  903 us
[2026-04-03T02:50:43.311+0600][71.985s][info][gc,stats    ] Concurrent Class Unloading        20701 us
[2026-04-03T02:50:43.311+0600][71.985s][info][gc,stats    ]   Unlink Stale                    17131 us
[2026-04-03T02:50:43.311+0600][71.985s][info][gc,stats    ]     System Dictionary               285 us
[2026-04-03T02:50:43.311+0600][71.985s][info][gc,stats    ]     Weak Class Links                  0 us
[2026-04-03T02:50:43.311+0600][71.985s][info][gc,stats    ]     Code Roots                    16842 us
[2026-04-03T02:50:43.311+0600][71.985s][info][gc,stats    ]   Rendezvous                        394 us
[2026-04-03T02:50:43.311+0600][71.985s][info][gc,stats    ]   Purge Unlinked                   3005 us
[2026-04-03T02:50:43.311+0600][71.985s][info][gc,stats    ]     Code Roots                     2981 us
[2026-04-03T02:50:43.311+0600][71.985s][info][gc,stats    ]     CLDG                             22 us
[2026-04-03T02:50:43.311+0600][71.985s][info][gc,stats    ]     Exception Caches                  1 us
[2026-04-03T02:50:43.311+0600][71.985s][info][gc,stats    ] Concurrent Strong Roots            1697 us, parallelism: 0.67x
[2026-04-03T02:50:43.311+0600][71.985s][info][gc,stats    ]   CSR: <total>                     1135 us
[2026-04-03T02:50:43.311+0600][71.985s][info][gc,stats    ]   CSR: VM Strong Roots               73 us, workers (us):  71,   2,   0, ---, ---, ---, 
[2026-04-03T02:50:43.311+0600][71.985s][info][gc,stats    ]   CSR: CLDG Roots                  1062 us, workers (us): 1062, ---, ---, ---, ---, ---, 
[2026-04-03T02:50:43.311+0600][71.985s][info][gc,stats    ] Concurrent Evacuation              4193 us
[2026-04-03T02:50:43.311+0600][71.985s][info][gc,stats    ] Pause Init Update Refs (G)          493 us
[2026-04-03T02:50:43.311+0600][71.985s][info][gc,stats    ] Pause Init Update Refs (N)          188 us
[2026-04-03T02:50:43.311+0600][71.985s][info][gc,stats    ]   Manage GCLABs                      59 us
[2026-04-03T02:50:43.311+0600][71.985s][info][gc,stats    ] Concurrent Update Refs            49787 us
[2026-04-03T02:50:43.311+0600][71.985s][info][gc,stats    ] Concurrent Update Thread Roots     2164 us
[2026-04-03T02:50:43.311+0600][71.985s][info][gc,stats    ] Pause Final Update Refs (G)         779 us
[2026-04-03T02:50:43.311+0600][71.985s][info][gc,stats    ] Pause Final Update Refs (N)         226 us
[2026-04-03T02:50:43.311+0600][71.985s][info][gc,stats    ]   Update Region States               71 us
[2026-04-03T02:50:43.311+0600][71.985s][info][gc,stats    ]   Trash Collection Set               15 us
[2026-04-03T02:50:43.311+0600][71.985s][info][gc,stats    ]   Rebuild Free Set                   52 us
[2026-04-03T02:50:43.311+0600][71.985s][info][gc,stats    ] Concurrent Cleanup                  856 us
[2026-04-03T02:50:43.311+0600][71.985s][info][gc,stats    ] 
[2026-04-03T02:50:43.311+0600][71.985s][info][gc,stats    ] Allocation pacing accrued:
[2026-04-03T02:50:43.311+0600][71.985s][info][gc,stats    ]       0 of   343 ms (  0.0%): <total>
[2026-04-03T02:50:43.311+0600][71.985s][info][gc,stats    ]       0 of   343 ms (  0.0%): <average total>
[2026-04-03T02:50:43.311+0600][71.985s][info][gc,stats    ] 
[2026-04-03T02:50:43.312+0600][71.985s][info][gc,metaspace] Metaspace: 131266K(132864K)->131292K(132864K) NonClass: 114797K(115712K)->114818K(115712K) Class: 16468K(17152K)->16473K(17152K)
[2026-04-03T02:50:43.312+0600][71.985s][info][gc,ergo     ] Pacer for Idle. Initial: 40960K, Alloc Tax Rate: 1.0x
[2026-04-03T02:50:45.056+0600][73.730s][info][gc          ] Trigger: Average GC time (208.35 ms) is above the time for average allocation rate (769 MB/s) to deplete free headroom (159M) (margin of error = 1.81)
[2026-04-03T02:50:45.056+0600][73.730s][info][gc,ergo     ] Free headroom: 259M (free) - 100M (spike) - 0B (penalties) = 159M
[2026-04-03T02:50:45.056+0600][73.730s][info][gc,ergo     ] Free: 259M, Max: 512K regular, 256M humongous, Frag: 0% external, 0% internal; Reserve: 100M, Max: 512K
[2026-04-03T02:50:45.056+0600][73.730s][info][gc,start    ] GC(53) Concurrent reset
[2026-04-03T02:50:45.056+0600][73.730s][info][gc,task     ] GC(53) Using 3 of 6 workers for concurrent reset
[2026-04-03T02:50:45.056+0600][73.730s][info][gc,ergo     ] GC(53) Pacer for Reset. Non-Taxable: 2000M
[2026-04-03T02:50:45.058+0600][73.732s][info][gc          ] GC(53) Concurrent reset 2.260ms
[2026-04-03T02:50:45.058+0600][73.732s][info][gc,start    ] GC(53) Pause Init Mark (unload classes)
[2026-04-03T02:50:45.059+0600][73.732s][info][gc,task     ] GC(53) Using 6 of 6 workers for init marking
[2026-04-03T02:50:45.059+0600][73.733s][info][gc,ergo     ] GC(53) Pacer for Mark. Expected Live: 92461K, Free: 259M, Non-Taxable: 26533K, Alloc Tax Rate: 0.4x
[2026-04-03T02:50:45.059+0600][73.733s][info][gc          ] GC(53) Pause Init Mark (unload classes) 0.260ms
[2026-04-03T02:50:45.059+0600][73.733s][info][gc,start    ] GC(53) Concurrent marking roots
[2026-04-03T02:50:45.059+0600][73.733s][info][gc,task     ] GC(53) Using 3 of 6 workers for concurrent marking roots
[2026-04-03T02:50:45.060+0600][73.734s][info][gc          ] GC(53) Concurrent marking roots 1.637ms
[2026-04-03T02:50:45.060+0600][73.734s][info][gc,start    ] GC(53) Concurrent marking (unload classes)
[2026-04-03T02:50:45.061+0600][73.734s][info][gc,task     ] GC(53) Using 3 of 6 workers for concurrent marking
[2026-04-03T02:50:45.125+0600][73.799s][info][gc          ] GC(53) Concurrent marking (unload classes) 64.792ms
[2026-04-03T02:50:45.126+0600][73.799s][info][gc,start    ] GC(53) Pause Final Mark (unload classes)
[2026-04-03T02:50:45.126+0600][73.799s][info][gc,task     ] GC(53) Using 6 of 6 workers for final marking
[2026-04-03T02:50:45.126+0600][73.800s][info][gc,ergo     ] GC(53) Adaptive CSet Selection. Target Free: 283M, Actual Free: 1433M, Max CSet: 85333K, Min Garbage: 0B
[2026-04-03T02:50:45.126+0600][73.800s][info][gc,ergo     ] GC(53) Collectable Garbage: 1390M (99%), Immediate: 1093M (78%), CSet: 296M (21%)
[2026-04-03T02:50:45.126+0600][73.800s][info][gc,ergo     ] GC(53) Pacer for Evacuation. Used CSet: 303M, Free: 1482M, Non-Taxable: 148M, Alloc Tax Rate: 1.1x
[2026-04-03T02:50:45.126+0600][73.800s][info][gc          ] GC(53) Pause Final Mark (unload classes) 0.840ms
[2026-04-03T02:50:45.126+0600][73.800s][info][gc,start    ] GC(53) Concurrent thread roots
[2026-04-03T02:50:45.127+0600][73.800s][info][gc,task     ] GC(53) Using 3 of 6 workers for Concurrent thread roots
[2026-04-03T02:50:45.128+0600][73.801s][info][gc          ] GC(53) Concurrent thread roots 1.111ms
[2026-04-03T02:50:45.128+0600][73.801s][info][gc,start    ] GC(53) Concurrent weak references
[2026-04-03T02:50:45.128+0600][73.801s][info][gc,task     ] GC(53) Using 3 of 6 workers for concurrent weak references
[2026-04-03T02:50:45.129+0600][73.803s][info][gc,ref      ] GC(53) Encountered references: Soft: 3721, Weak: 17645, Final: 84, Phantom: 621
[2026-04-03T02:50:45.129+0600][73.803s][info][gc,ref      ] GC(53) Discovered  references: Soft: 0, Weak: 10928, Final: 52, Phantom: 583
[2026-04-03T02:50:45.129+0600][73.803s][info][gc,ref      ] GC(53) Enqueued    references: Soft: 0, Weak: 3111, Final: 0, Phantom: 0
[2026-04-03T02:50:45.129+0600][73.803s][info][gc          ] GC(53) Concurrent weak references 1.501ms
[2026-04-03T02:50:45.129+0600][73.803s][info][gc,start    ] GC(53) Concurrent weak roots
[2026-04-03T02:50:45.129+0600][73.803s][info][gc,task     ] GC(53) Using 3 of 6 workers for concurrent weak root
[2026-04-03T02:50:45.135+0600][73.809s][info][gc          ] GC(53) Concurrent weak roots 6.093ms
[2026-04-03T02:50:45.135+0600][73.809s][info][gc,start    ] GC(53) Concurrent cleanup
[2026-04-03T02:50:45.136+0600][73.810s][info][gc          ] GC(53) Concurrent cleanup 1509M->416M(1665M) 1.159ms
[2026-04-03T02:50:45.137+0600][73.810s][info][gc,ergo     ] GC(53) Free: 1480M, Max: 512K regular, 239M humongous, Frag: 84% external, 0% internal; Reserve: 101481K, Max: 512K
[2026-04-03T02:50:45.137+0600][73.810s][info][gc,start    ] GC(53) Concurrent class unloading
[2026-04-03T02:50:45.137+0600][73.810s][info][gc,task     ] GC(53) Using 3 of 6 workers for concurrent class unloading
[2026-04-03T02:50:45.158+0600][73.832s][info][gc          ] GC(53) Concurrent class unloading 21.729ms
[2026-04-03T02:50:45.158+0600][73.832s][info][gc,start    ] GC(53) Concurrent strong roots
[2026-04-03T02:50:45.158+0600][73.832s][info][gc,task     ] GC(53) Using 3 of 6 workers for concurrent strong root
[2026-04-03T02:50:45.160+0600][73.834s][info][gc          ] GC(53) Concurrent strong roots 1.824ms
[2026-04-03T02:50:45.160+0600][73.834s][info][gc,start    ] GC(53) Concurrent evacuation
[2026-04-03T02:50:45.160+0600][73.834s][info][gc,task     ] GC(53) Using 3 of 6 workers for concurrent evacuation
[2026-04-03T02:50:45.167+0600][73.840s][info][gc          ] GC(53) Concurrent evacuation 6.141ms
[2026-04-03T02:50:45.167+0600][73.841s][info][gc,start    ] GC(53) Pause Init Update Refs
[2026-04-03T02:50:45.167+0600][73.841s][info][gc,ergo     ] GC(53) Pacer for Update Refs. Used: 432M, Free: 1471M, Non-Taxable: 147M, Alloc Tax Rate: 1.1x
[2026-04-03T02:50:45.167+0600][73.841s][info][gc          ] GC(53) Pause Init Update Refs 0.150ms
[2026-04-03T02:50:45.167+0600][73.841s][info][gc,start    ] GC(53) Concurrent update references
[2026-04-03T02:50:45.167+0600][73.841s][info][gc,task     ] GC(53) Using 3 of 6 workers for concurrent reference update
[2026-04-03T02:50:45.203+0600][73.876s][info][gc          ] GC(53) Concurrent update references 35.505ms
[2026-04-03T02:50:45.203+0600][73.876s][info][gc,start    ] GC(53) Concurrent update thread roots
[2026-04-03T02:50:45.204+0600][73.878s][info][gc          ] GC(53) Concurrent update thread roots 1.407ms
[2026-04-03T02:50:45.204+0600][73.878s][info][gc,start    ] GC(53) Pause Final Update Refs
[2026-04-03T02:50:45.204+0600][73.878s][info][gc,task     ] GC(53) Using 6 of 6 workers for final reference update
[2026-04-03T02:50:45.205+0600][73.878s][info][gc          ] GC(53) Pause Final Update Refs 0.236ms
[2026-04-03T02:50:45.205+0600][73.878s][info][gc,start    ] GC(53) Concurrent cleanup
[2026-04-03T02:50:45.205+0600][73.879s][info][gc          ] GC(53) Concurrent cleanup 443M->139M(1670M) 0.766ms
[2026-04-03T02:50:45.206+0600][73.879s][info][gc,ergo     ] Free: 1756M, Max: 512K regular, 1121M humongous, Frag: 37% external, 0% internal; Reserve: 100M, Max: 512K
[2026-04-03T02:50:45.206+0600][73.879s][info][gc,stats    ] 
[2026-04-03T02:50:45.206+0600][73.879s][info][gc,stats    ] All times are wall-clock times, except per-root-class counters, that are sum over
[2026-04-03T02:50:45.206+0600][73.879s][info][gc,stats    ] all workers. Dividing the <total> over the root stage time estimates parallelism.
[2026-04-03T02:50:45.206+0600][73.879s][info][gc,stats    ] 
[2026-04-03T02:50:45.206+0600][73.879s][info][gc,stats    ] Concurrent Reset                   2360 us
[2026-04-03T02:50:45.206+0600][73.879s][info][gc,stats    ] Pause Init Mark (G)                 457 us
[2026-04-03T02:50:45.206+0600][73.879s][info][gc,stats    ] Pause Init Mark (N)                 277 us
[2026-04-03T02:50:45.206+0600][73.879s][info][gc,stats    ]   Update Region States               72 us
[2026-04-03T02:50:45.206+0600][73.879s][info][gc,stats    ] Concurrent Mark Roots              1702 us, parallelism: 2.03x
[2026-04-03T02:50:45.206+0600][73.879s][info][gc,stats    ]   CMR: <total>                     3460 us
[2026-04-03T02:50:45.206+0600][73.879s][info][gc,stats    ]   CMR: Thread Roots                3156 us, workers (us): 1136, 907, 1114, ---, ---, ---, 
[2026-04-03T02:50:45.206+0600][73.879s][info][gc,stats    ]   CMR: VM Strong Roots               57 us, workers (us):  31,  25,   1, ---, ---, ---, 
[2026-04-03T02:50:45.206+0600][73.879s][info][gc,stats    ]   CMR: CLDG Roots                   247 us, workers (us): ---, 247, ---, ---, ---, ---, 
[2026-04-03T02:50:45.206+0600][73.880s][info][gc,stats    ] Concurrent Marking                64877 us
[2026-04-03T02:50:45.206+0600][73.880s][info][gc,stats    ] Pause Final Mark (G)               1097 us
[2026-04-03T02:50:45.206+0600][73.880s][info][gc,stats    ] Pause Final Mark (N)                853 us
[2026-04-03T02:50:45.206+0600][73.880s][info][gc,stats    ]   Finish Mark                       279 us
[2026-04-03T02:50:45.206+0600][73.880s][info][gc,stats    ]   Update Region States               60 us
[2026-04-03T02:50:45.206+0600][73.880s][info][gc,stats    ]   Choose Collection Set             310 us
[2026-04-03T02:50:45.206+0600][73.880s][info][gc,stats    ]   Rebuild Free Set                   50 us
[2026-04-03T02:50:45.206+0600][73.880s][info][gc,stats    ] Concurrent Thread Roots            1147 us, parallelism: 2.27x
[2026-04-03T02:50:45.206+0600][73.880s][info][gc,stats    ]   CTR: <total>                     2598 us
[2026-04-03T02:50:45.206+0600][73.880s][info][gc,stats    ]   CTR: Thread Roots                2598 us, workers (us): 917, 877, 804, ---, ---, ---, 
[2026-04-03T02:50:45.206+0600][73.880s][info][gc,stats    ] Concurrent Weak References         1515 us, parallelism: 1.12x
[2026-04-03T02:50:45.206+0600][73.880s][info][gc,stats    ]   CWRF: <total>                    1691 us
[2026-04-03T02:50:45.206+0600][73.880s][info][gc,stats    ]   CWRF: Weak References            1691 us, workers (us): 170, 266, 1256, ---, ---, ---, 
[2026-04-03T02:50:45.206+0600][73.880s][info][gc,stats    ] Concurrent Weak Roots              6184 us
[2026-04-03T02:50:45.206+0600][73.880s][info][gc,stats    ]   Roots                            5694 us, parallelism: 2.77x
[2026-04-03T02:50:45.206+0600][73.880s][info][gc,stats    ]     CWR: <total>                  15779 us
[2026-04-03T02:50:45.206+0600][73.880s][info][gc,stats    ]     CWR: Code Cache Roots         12259 us, workers (us): 4124, 4198, 3937, ---, ---, ---, 
[2026-04-03T02:50:45.206+0600][73.880s][info][gc,stats    ]     CWR: VM Weak Roots             3376 us, workers (us): 1160, 1121, 1095, ---, ---, ---, 
[2026-04-03T02:50:45.206+0600][73.880s][info][gc,stats    ]     CWR: CLDG Roots                 143 us, workers (us): ---, ---, 143, ---, ---, ---, 
[2026-04-03T02:50:45.206+0600][73.880s][info][gc,stats    ]   Rendezvous                        369 us
[2026-04-03T02:50:45.206+0600][73.880s][info][gc,stats    ] Concurrent Cleanup                 1205 us
[2026-04-03T02:50:45.206+0600][73.880s][info][gc,stats    ] Concurrent Class Unloading        21853 us
[2026-04-03T02:50:45.206+0600][73.880s][info][gc,stats    ]   Unlink Stale                    18706 us
[2026-04-03T02:50:45.206+0600][73.880s][info][gc,stats    ]     System Dictionary               354 us
[2026-04-03T02:50:45.206+0600][73.880s][info][gc,stats    ]     Weak Class Links                  1 us
[2026-04-03T02:50:45.206+0600][73.880s][info][gc,stats    ]     Code Roots                    18346 us
[2026-04-03T02:50:45.206+0600][73.880s][info][gc,stats    ]   Rendezvous                        496 us
[2026-04-03T02:50:45.206+0600][73.880s][info][gc,stats    ]   Purge Unlinked                   2482 us
[2026-04-03T02:50:45.206+0600][73.880s][info][gc,stats    ]     Code Roots                     2458 us
[2026-04-03T02:50:45.206+0600][73.880s][info][gc,stats    ]     CLDG                             22 us
[2026-04-03T02:50:45.206+0600][73.880s][info][gc,stats    ]     Exception Caches                  0 us
[2026-04-03T02:50:45.206+0600][73.880s][info][gc,stats    ] Concurrent Strong Roots            1917 us, parallelism: 0.65x
[2026-04-03T02:50:45.206+0600][73.880s][info][gc,stats    ]   CSR: <total>                     1243 us
[2026-04-03T02:50:45.206+0600][73.880s][info][gc,stats    ]   CSR: VM Strong Roots               56 us, workers (us):  45,  11,   0, ---, ---, ---, 
[2026-04-03T02:50:45.206+0600][73.880s][info][gc,stats    ]   CSR: CLDG Roots                  1187 us, workers (us): 1187, ---, ---, ---, ---, ---, 
[2026-04-03T02:50:45.206+0600][73.880s][info][gc,stats    ] Concurrent Evacuation              6247 us
[2026-04-03T02:50:45.206+0600][73.880s][info][gc,stats    ] Pause Init Update Refs (G)          416 us
[2026-04-03T02:50:45.206+0600][73.880s][info][gc,stats    ] Pause Init Update Refs (N)          164 us
[2026-04-03T02:50:45.206+0600][73.880s][info][gc,stats    ]   Manage GCLABs                      40 us
[2026-04-03T02:50:45.206+0600][73.880s][info][gc,stats    ] Concurrent Update Refs            35591 us
[2026-04-03T02:50:45.206+0600][73.880s][info][gc,stats    ] Concurrent Update Thread Roots     1468 us
[2026-04-03T02:50:45.206+0600][73.880s][info][gc,stats    ] Pause Final Update Refs (G)         527 us
[2026-04-03T02:50:45.206+0600][73.880s][info][gc,stats    ] Pause Final Update Refs (N)         252 us
[2026-04-03T02:50:45.206+0600][73.880s][info][gc,stats    ]   Update Region States               68 us
[2026-04-03T02:50:45.206+0600][73.880s][info][gc,stats    ]   Trash Collection Set               25 us
[2026-04-03T02:50:45.206+0600][73.880s][info][gc,stats    ]   Rebuild Free Set                   57 us
[2026-04-03T02:50:45.206+0600][73.880s][info][gc,stats    ] Concurrent Cleanup                  821 us
[2026-04-03T02:50:45.206+0600][73.880s][info][gc,stats    ] 
[2026-04-03T02:50:45.206+0600][73.880s][info][gc,stats    ] Allocation pacing accrued:
[2026-04-03T02:50:45.206+0600][73.880s][info][gc,stats    ]       0 of  1895 ms (  0.0%): <total>
[2026-04-03T02:50:45.206+0600][73.880s][info][gc,stats    ]       0 of  1895 ms (  0.0%): <average total>
[2026-04-03T02:50:45.206+0600][73.880s][info][gc,stats    ] 
[2026-04-03T02:50:45.206+0600][73.880s][info][gc,metaspace] Metaspace: 131384K(132864K)->131418K(132864K) NonClass: 114903K(115712K)->114931K(115712K) Class: 16480K(17152K)->16487K(17152K)
[2026-04-03T02:50:45.206+0600][73.880s][info][gc,ergo     ] Pacer for Idle. Initial: 40960K, Alloc Tax Rate: 1.0x
[2026-04-03T02:50:45.711+0600][74.384s][info][gc          ] Trigger: Average GC time (192.93 ms) is above the time for average allocation rate (3257 MB/s) to deplete free headroom (556M) (margin of error = 1.80)
[2026-04-03T02:50:45.711+0600][74.385s][info][gc,ergo     ] Free headroom: 656M (free) - 100M (spike) - 0B (penalties) = 556M
[2026-04-03T02:50:45.711+0600][74.385s][info][gc,ergo     ] Free: 656M, Max: 512K regular, 416M humongous, Frag: 37% external, 0% internal; Reserve: 100M, Max: 512K
[2026-04-03T02:50:45.711+0600][74.385s][info][gc,start    ] GC(54) Concurrent reset
[2026-04-03T02:50:45.711+0600][74.385s][info][gc,task     ] GC(54) Using 3 of 6 workers for concurrent reset
[2026-04-03T02:50:45.711+0600][74.385s][info][gc,ergo     ] GC(54) Pacer for Reset. Non-Taxable: 2000M
[2026-04-03T02:50:45.717+0600][74.391s][info][gc          ] GC(54) Concurrent reset 6.199ms
[2026-04-03T02:50:45.717+0600][74.391s][info][gc,start    ] GC(54) Pause Init Mark (unload classes)
[2026-04-03T02:50:45.717+0600][74.391s][info][gc,task     ] GC(54) Using 6 of 6 workers for init marking
[2026-04-03T02:50:45.717+0600][74.391s][info][gc,ergo     ] GC(54) Pacer for Mark. Expected Live: 94266K, Free: 654M, Non-Taxable: 67055K, Alloc Tax Rate: 0.2x
[2026-04-03T02:50:45.717+0600][74.391s][info][gc          ] GC(54) Pause Init Mark (unload classes) 0.151ms
[2026-04-03T02:50:45.718+0600][74.391s][info][gc,start    ] GC(54) Concurrent marking roots
[2026-04-03T02:50:45.718+0600][74.392s][info][gc,task     ] GC(54) Using 3 of 6 workers for concurrent marking roots
[2026-04-03T02:50:45.720+0600][74.393s][info][gc          ] GC(54) Concurrent marking roots 1.915ms
[2026-04-03T02:50:45.720+0600][74.393s][info][gc,start    ] GC(54) Concurrent marking (unload classes)
[2026-04-03T02:50:45.720+0600][74.393s][info][gc,task     ] GC(54) Using 3 of 6 workers for concurrent marking
[2026-04-03T02:50:45.801+0600][74.475s][info][gc          ] GC(54) Concurrent marking (unload classes) 81.638ms
[2026-04-03T02:50:45.801+0600][74.475s][info][gc,start    ] GC(54) Pause Final Mark (unload classes)
[2026-04-03T02:50:45.801+0600][74.475s][info][gc,task     ] GC(54) Using 6 of 6 workers for final marking
[2026-04-03T02:50:45.802+0600][74.476s][info][gc,ergo     ] GC(54) Adaptive CSet Selection. Target Free: 283M, Actual Free: 1614M, Max CSet: 85333K, Min Garbage: 0B
[2026-04-03T02:50:45.802+0600][74.476s][info][gc,ergo     ] GC(54) Collectable Garbage: 1040M (99%), Immediate: 936M (89%), CSet: 104M (9%)
[2026-04-03T02:50:45.802+0600][74.476s][info][gc,ergo     ] GC(54) Pacer for Evacuation. Used CSet: 109M, Free: 1617M, Non-Taxable: 161M, Alloc Tax Rate: 1.1x
[2026-04-03T02:50:45.802+0600][74.476s][info][gc          ] GC(54) Pause Final Mark (unload classes) 0.710ms
[2026-04-03T02:50:45.802+0600][74.476s][info][gc,start    ] GC(54) Concurrent thread roots
[2026-04-03T02:50:45.802+0600][74.476s][info][gc,task     ] GC(54) Using 3 of 6 workers for Concurrent thread roots
[2026-04-03T02:50:45.803+0600][74.477s][info][gc          ] GC(54) Concurrent thread roots 1.113ms
[2026-04-03T02:50:45.803+0600][74.477s][info][gc,start    ] GC(54) Concurrent weak references
[2026-04-03T02:50:45.803+0600][74.477s][info][gc,task     ] GC(54) Using 3 of 6 workers for concurrent weak references
[2026-04-03T02:50:45.804+0600][74.478s][info][gc,ref      ] GC(54) Encountered references: Soft: 3782, Weak: 15768, Final: 84, Phantom: 621
[2026-04-03T02:50:45.804+0600][74.478s][info][gc,ref      ] GC(54) Discovered  references: Soft: 0, Weak: 5995, Final: 0, Phantom: 354
[2026-04-03T02:50:45.804+0600][74.478s][info][gc,ref      ] GC(54) Enqueued    references: Soft: 0, Weak: 1037, Final: 0, Phantom: 0
[2026-04-03T02:50:45.804+0600][74.478s][info][gc          ] GC(54) Concurrent weak references 1.160ms
[2026-04-03T02:50:45.804+0600][74.478s][info][gc,start    ] GC(54) Concurrent weak roots
[2026-04-03T02:50:45.804+0600][74.478s][info][gc,task     ] GC(54) Using 3 of 6 workers for concurrent weak root
[2026-04-03T02:50:45.810+0600][74.484s][info][gc          ] GC(54) Concurrent weak roots 5.718ms
[2026-04-03T02:50:45.810+0600][74.484s][info][gc,start    ] GC(54) Concurrent cleanup
[2026-04-03T02:50:45.811+0600][74.485s][info][gc          ] GC(54) Concurrent cleanup 1216M->280M(1670M) 1.019ms
[2026-04-03T02:50:45.811+0600][74.485s][info][gc,ergo     ] GC(54) Free: 1612M, Max: 512K regular, 336M humongous, Frag: 80% external, 0% internal; Reserve: 101740K, Max: 512K
[2026-04-03T02:50:45.811+0600][74.485s][info][gc,start    ] GC(54) Concurrent class unloading
[2026-04-03T02:50:45.811+0600][74.485s][info][gc,task     ] GC(54) Using 3 of 6 workers for concurrent class unloading
[2026-04-03T02:50:45.841+0600][74.515s][info][gc          ] GC(54) Concurrent class unloading 29.470ms
[2026-04-03T02:50:45.841+0600][74.515s][info][gc,start    ] GC(54) Concurrent strong roots
[2026-04-03T02:50:45.841+0600][74.515s][info][gc,task     ] GC(54) Using 3 of 6 workers for concurrent strong root
[2026-04-03T02:50:45.843+0600][74.517s][info][gc          ] GC(54) Concurrent strong roots 1.593ms
[2026-04-03T02:50:45.843+0600][74.517s][info][gc,start    ] GC(54) Concurrent evacuation
[2026-04-03T02:50:45.843+0600][74.517s][info][gc,task     ] GC(54) Using 3 of 6 workers for concurrent evacuation
[2026-04-03T02:50:45.846+0600][74.520s][info][gc          ] GC(54) Concurrent evacuation 2.870ms
[2026-04-03T02:50:45.846+0600][74.520s][info][gc,start    ] GC(54) Pause Init Update Refs
[2026-04-03T02:50:45.846+0600][74.520s][info][gc,ergo     ] GC(54) Pacer for Update Refs. Used: 312M, Free: 1582M, Non-Taxable: 158M, Alloc Tax Rate: 1.1x
[2026-04-03T02:50:45.846+0600][74.520s][info][gc          ] GC(54) Pause Init Update Refs 0.149ms
[2026-04-03T02:50:45.846+0600][74.520s][info][gc,start    ] GC(54) Concurrent update references
[2026-04-03T02:50:45.846+0600][74.520s][info][gc,task     ] GC(54) Using 3 of 6 workers for concurrent reference update
[2026-04-03T02:50:45.908+0600][74.582s][info][gc          ] GC(54) Concurrent update references 61.639ms
[2026-04-03T02:50:45.908+0600][74.582s][info][gc,start    ] GC(54) Concurrent update thread roots
[2026-04-03T02:50:45.909+0600][74.583s][info][gc          ] GC(54) Concurrent update thread roots 1.463ms
[2026-04-03T02:50:45.910+0600][74.584s][info][gc,start    ] GC(54) Pause Final Update Refs
[2026-04-03T02:50:45.910+0600][74.584s][info][gc,task     ] GC(54) Using 6 of 6 workers for final reference update
[2026-04-03T02:50:45.910+0600][74.584s][info][gc          ] GC(54) Pause Final Update Refs 0.235ms
[2026-04-03T02:50:45.910+0600][74.584s][info][gc,start    ] GC(54) Concurrent cleanup
[2026-04-03T02:50:45.911+0600][74.585s][info][gc          ] GC(54) Concurrent cleanup 341M->232M(1670M) 0.759ms
[2026-04-03T02:50:45.911+0600][74.585s][info][gc,ergo     ] Free: 1651M, Max: 512K regular, 706M humongous, Frag: 58% external, 0% internal; Reserve: 100M, Max: 512K
[2026-04-03T02:50:45.911+0600][74.585s][info][gc,stats    ] 
[2026-04-03T02:50:45.911+0600][74.585s][info][gc,stats    ] All times are wall-clock times, except per-root-class counters, that are sum over
[2026-04-03T02:50:45.911+0600][74.585s][info][gc,stats    ] all workers. Dividing the <total> over the root stage time estimates parallelism.
[2026-04-03T02:50:45.911+0600][74.585s][info][gc,stats    ] 
[2026-04-03T02:50:45.911+0600][74.585s][info][gc,stats    ] Concurrent Reset                   6298 us
[2026-04-03T02:50:45.911+0600][74.585s][info][gc,stats    ] Pause Init Mark (G)                 519 us
[2026-04-03T02:50:45.911+0600][74.585s][info][gc,stats    ] Pause Init Mark (N)                 161 us
[2026-04-03T02:50:45.911+0600][74.585s][info][gc,stats    ]   Update Region States               44 us
[2026-04-03T02:50:45.911+0600][74.585s][info][gc,stats    ] Concurrent Mark Roots              1973 us, parallelism: 1.74x
[2026-04-03T02:50:45.911+0600][74.585s][info][gc,stats    ]   CMR: <total>                     3439 us
[2026-04-03T02:50:45.911+0600][74.585s][info][gc,stats    ]   CMR: Thread Roots                2840 us, workers (us): 603, 1110, 1127, ---, ---, ---, 
[2026-04-03T02:50:45.911+0600][74.585s][info][gc,stats    ]   CMR: VM Strong Roots               42 us, workers (us):  40,   1,   1, ---, ---, ---, 
[2026-04-03T02:50:45.911+0600][74.585s][info][gc,stats    ]   CMR: CLDG Roots                   557 us, workers (us): 557, ---, ---, ---, ---, ---, 
[2026-04-03T02:50:45.911+0600][74.585s][info][gc,stats    ] Concurrent Marking                81725 us
[2026-04-03T02:50:45.911+0600][74.585s][info][gc,stats    ] Pause Final Mark (G)                809 us
[2026-04-03T02:50:45.911+0600][74.585s][info][gc,stats    ] Pause Final Mark (N)                724 us
[2026-04-03T02:50:45.911+0600][74.585s][info][gc,stats    ]   Finish Mark                       242 us
[2026-04-03T02:50:45.911+0600][74.585s][info][gc,stats    ]   Update Region States               89 us
[2026-04-03T02:50:45.911+0600][74.585s][info][gc,stats    ]   Choose Collection Set             199 us
[2026-04-03T02:50:45.911+0600][74.585s][info][gc,stats    ]   Rebuild Free Set                   48 us
[2026-04-03T02:50:45.911+0600][74.585s][info][gc,stats    ] Concurrent Thread Roots            1181 us, parallelism: 2.28x
[2026-04-03T02:50:45.911+0600][74.585s][info][gc,stats    ]   CTR: <total>                     2695 us
[2026-04-03T02:50:45.911+0600][74.585s][info][gc,stats    ]   CTR: Thread Roots                2695 us, workers (us): 909, 909, 877, ---, ---, ---, 
[2026-04-03T02:50:45.911+0600][74.585s][info][gc,stats    ] Concurrent Weak References         1200 us, parallelism: 0.89x
[2026-04-03T02:50:45.911+0600][74.585s][info][gc,stats    ]   CWRF: <total>                    1071 us
[2026-04-03T02:50:45.911+0600][74.585s][info][gc,stats    ]   CWRF: Weak References            1071 us, workers (us): 245,  63, 763, ---, ---, ---, 
[2026-04-03T02:50:45.911+0600][74.585s][info][gc,stats    ] Concurrent Weak Roots              5835 us
[2026-04-03T02:50:45.911+0600][74.585s][info][gc,stats    ]   Roots                            5309 us, parallelism: 2.73x
[2026-04-03T02:50:45.911+0600][74.585s][info][gc,stats    ]     CWR: <total>                  14501 us
[2026-04-03T02:50:45.911+0600][74.585s][info][gc,stats    ]     CWR: Code Cache Roots         11753 us, workers (us): 3930, 3841, 3982, ---, ---, ---, 
[2026-04-03T02:50:45.911+0600][74.585s][info][gc,stats    ]     CWR: VM Weak Roots             2638 us, workers (us): 904, 874, 859, ---, ---, ---, 
[2026-04-03T02:50:45.911+0600][74.585s][info][gc,stats    ]     CWR: CLDG Roots                 110 us, workers (us): 110, ---, ---, ---, ---, ---, 
[2026-04-03T02:50:45.911+0600][74.585s][info][gc,stats    ]   Rendezvous                        372 us
[2026-04-03T02:50:45.911+0600][74.585s][info][gc,stats    ] Concurrent Cleanup                 1068 us
[2026-04-03T02:50:45.911+0600][74.585s][info][gc,stats    ] Concurrent Class Unloading        29599 us
[2026-04-03T02:50:45.911+0600][74.585s][info][gc,stats    ]   Unlink Stale                    23194 us
[2026-04-03T02:50:45.911+0600][74.585s][info][gc,stats    ]     System Dictionary               387 us
[2026-04-03T02:50:45.911+0600][74.585s][info][gc,stats    ]     Weak Class Links                  1 us
[2026-04-03T02:50:45.911+0600][74.585s][info][gc,stats    ]     Code Roots                    22786 us
[2026-04-03T02:50:45.911+0600][74.585s][info][gc,stats    ]   Rendezvous                        477 us
[2026-04-03T02:50:45.911+0600][74.585s][info][gc,stats    ]   Purge Unlinked                   5749 us
[2026-04-03T02:50:45.911+0600][74.585s][info][gc,stats    ]     Code Roots                     5728 us
[2026-04-03T02:50:45.911+0600][74.585s][info][gc,stats    ]     CLDG                             19 us
[2026-04-03T02:50:45.911+0600][74.585s][info][gc,stats    ]     Exception Caches                  0 us
[2026-04-03T02:50:45.911+0600][74.585s][info][gc,stats    ] Concurrent Strong Roots            1708 us, parallelism: 0.63x
[2026-04-03T02:50:45.911+0600][74.585s][info][gc,stats    ]   CSR: <total>                     1071 us
[2026-04-03T02:50:45.911+0600][74.585s][info][gc,stats    ]   CSR: VM Strong Roots               58 us, workers (us):  31,  14,  13, ---, ---, ---, 
[2026-04-03T02:50:45.911+0600][74.585s][info][gc,stats    ]   CSR: CLDG Roots                  1013 us, workers (us): 1013, ---, ---, ---, ---, ---, 
[2026-04-03T02:50:45.911+0600][74.585s][info][gc,stats    ] Concurrent Evacuation              2973 us
[2026-04-03T02:50:45.911+0600][74.585s][info][gc,stats    ] Pause Init Update Refs (G)          415 us
[2026-04-03T02:50:45.911+0600][74.585s][info][gc,stats    ] Pause Init Update Refs (N)          167 us
[2026-04-03T02:50:45.911+0600][74.585s][info][gc,stats    ]   Manage GCLABs                      55 us
[2026-04-03T02:50:45.911+0600][74.585s][info][gc,stats    ] Concurrent Update Refs            61723 us
[2026-04-03T02:50:45.911+0600][74.585s][info][gc,stats    ] Concurrent Update Thread Roots     1515 us
[2026-04-03T02:50:45.911+0600][74.585s][info][gc,stats    ] Pause Final Update Refs (G)         605 us
[2026-04-03T02:50:45.911+0600][74.585s][info][gc,stats    ] Pause Final Update Refs (N)         253 us
[2026-04-03T02:50:45.911+0600][74.585s][info][gc,stats    ]   Update Region States               68 us
[2026-04-03T02:50:45.911+0600][74.585s][info][gc,stats    ]   Trash Collection Set               16 us
[2026-04-03T02:50:45.911+0600][74.585s][info][gc,stats    ]   Rebuild Free Set                   44 us
[2026-04-03T02:50:45.911+0600][74.585s][info][gc,stats    ] Concurrent Cleanup                  784 us
[2026-04-03T02:50:45.911+0600][74.585s][info][gc,stats    ] 
[2026-04-03T02:50:45.911+0600][74.585s][info][gc,stats    ] Allocation pacing accrued:
[2026-04-03T02:50:45.911+0600][74.585s][info][gc,stats    ]       0 of   705 ms (  0.0%): <total>
[2026-04-03T02:50:45.911+0600][74.585s][info][gc,stats    ]       0 of   705 ms (  0.0%): <average total>
[2026-04-03T02:50:45.911+0600][74.585s][info][gc,stats    ] 
[2026-04-03T02:50:45.911+0600][74.585s][info][gc,metaspace] Metaspace: 131451K(132864K)->131465K(132864K) NonClass: 114959K(115712K)->114972K(115712K) Class: 16491K(17152K)->16492K(17152K)
[2026-04-03T02:50:45.911+0600][74.585s][info][gc,ergo     ] Pacer for Idle. Initial: 40960K, Alloc Tax Rate: 1.0x
[2026-04-03T02:50:47.427+0600][76.101s][info][gc          ] Trigger: Average GC time (222.79 ms) is above the time for average allocation rate (866 MB/s) to deplete free headroom (193M) (margin of error = 1.80)
[2026-04-03T02:50:47.427+0600][76.101s][info][gc,ergo     ] Free headroom: 293M (free) - 100M (spike) - 0B (penalties) = 193M
[2026-04-03T02:50:47.427+0600][76.101s][info][gc,ergo     ] Free: 292M, Max: 512K regular, 289M humongous, Frag: 0% external, 0% internal; Reserve: 100M, Max: 512K
[2026-04-03T02:50:47.427+0600][76.101s][info][gc,start    ] GC(55) Concurrent reset
[2026-04-03T02:50:47.427+0600][76.101s][info][gc,task     ] GC(55) Using 3 of 6 workers for concurrent reset
[2026-04-03T02:50:47.427+0600][76.101s][info][gc,ergo     ] GC(55) Pacer for Reset. Non-Taxable: 2000M
[2026-04-03T02:50:47.430+0600][76.103s][info][gc          ] GC(55) Concurrent reset 2.746ms
[2026-04-03T02:50:47.430+0600][76.104s][info][gc,start    ] GC(55) Pause Init Mark (unload classes)
[2026-04-03T02:50:47.430+0600][76.104s][info][gc,task     ] GC(55) Using 6 of 6 workers for init marking
[2026-04-03T02:50:47.430+0600][76.104s][info][gc,ergo     ] GC(55) Pacer for Mark. Expected Live: 94282K, Free: 289M, Non-Taxable: 29621K, Alloc Tax Rate: 0.4x
[2026-04-03T02:50:47.430+0600][76.104s][info][gc          ] GC(55) Pause Init Mark (unload classes) 0.160ms
[2026-04-03T02:50:47.430+0600][76.104s][info][gc,start    ] GC(55) Concurrent marking roots
[2026-04-03T02:50:47.430+0600][76.104s][info][gc,task     ] GC(55) Using 3 of 6 workers for concurrent marking roots
[2026-04-03T02:50:47.432+0600][76.106s][info][gc          ] GC(55) Concurrent marking roots 1.898ms
[2026-04-03T02:50:47.432+0600][76.106s][info][gc,start    ] GC(55) Concurrent marking (unload classes)
[2026-04-03T02:50:47.432+0600][76.106s][info][gc,task     ] GC(55) Using 3 of 6 workers for concurrent marking
[2026-04-03T02:50:47.506+0600][76.179s][info][gc          ] GC(55) Concurrent marking (unload classes) 73.414ms
[2026-04-03T02:50:47.506+0600][76.179s][info][gc,start    ] GC(55) Pause Final Mark (unload classes)
[2026-04-03T02:50:47.506+0600][76.180s][info][gc,task     ] GC(55) Using 6 of 6 workers for final marking
[2026-04-03T02:50:47.506+0600][76.180s][info][gc,ergo     ] GC(55) Adaptive CSet Selection. Target Free: 283M, Actual Free: 1391M, Max CSet: 85333K, Min Garbage: 0B
[2026-04-03T02:50:47.506+0600][76.180s][info][gc,ergo     ] GC(55) Collectable Garbage: 1380M (99%), Immediate: 1052M (75%), CSet: 327M (23%)
[2026-04-03T02:50:47.506+0600][76.180s][info][gc,ergo     ] GC(55) Pacer for Evacuation. Used CSet: 336M, Free: 1421M, Non-Taxable: 142M, Alloc Tax Rate: 1.1x
[2026-04-03T02:50:47.506+0600][76.180s][info][gc          ] GC(55) Pause Final Mark (unload classes) 0.836ms
[2026-04-03T02:50:47.507+0600][76.180s][info][gc,start    ] GC(55) Concurrent thread roots
[2026-04-03T02:50:47.507+0600][76.181s][info][gc,task     ] GC(55) Using 3 of 6 workers for Concurrent thread roots
[2026-04-03T02:50:47.508+0600][76.182s][info][gc          ] GC(55) Concurrent thread roots 1.144ms
[2026-04-03T02:50:47.508+0600][76.182s][info][gc,start    ] GC(55) Concurrent weak references
[2026-04-03T02:50:47.508+0600][76.182s][info][gc,task     ] GC(55) Using 3 of 6 workers for concurrent weak references
[2026-04-03T02:50:47.509+0600][76.183s][info][gc,ref      ] GC(55) Encountered references: Soft: 3789, Weak: 16757, Final: 84, Phantom: 621
[2026-04-03T02:50:47.509+0600][76.183s][info][gc,ref      ] GC(55) Discovered  references: Soft: 0, Weak: 10951, Final: 52, Phantom: 597
[2026-04-03T02:50:47.509+0600][76.183s][info][gc,ref      ] GC(55) Enqueued    references: Soft: 0, Weak: 1986, Final: 0, Phantom: 0
[2026-04-03T02:50:47.509+0600][76.183s][info][gc          ] GC(55) Concurrent weak references 1.326ms
[2026-04-03T02:50:47.509+0600][76.183s][info][gc,start    ] GC(55) Concurrent weak roots
[2026-04-03T02:50:47.509+0600][76.183s][info][gc,task     ] GC(55) Using 3 of 6 workers for concurrent weak root
[2026-04-03T02:50:47.515+0600][76.188s][info][gc          ] GC(55) Concurrent weak roots 5.484ms
[2026-04-03T02:50:47.515+0600][76.189s][info][gc,start    ] GC(55) Concurrent cleanup
[2026-04-03T02:50:47.516+0600][76.190s][info][gc          ] GC(55) Concurrent cleanup 1523M->474M(1670M) 1.223ms
[2026-04-03T02:50:47.516+0600][76.190s][info][gc,ergo     ] GC(55) Free: 1416M, Max: 512K regular, 238M humongous, Frag: 84% external, 0% internal; Reserve: 101625K, Max: 512K
[2026-04-03T02:50:47.516+0600][76.190s][info][gc,start    ] GC(55) Concurrent class unloading
[2026-04-03T02:50:47.516+0600][76.190s][info][gc,task     ] GC(55) Using 3 of 6 workers for concurrent class unloading
[2026-04-03T02:50:47.544+0600][76.217s][info][gc          ] GC(55) Concurrent class unloading 27.449ms
[2026-04-03T02:50:47.544+0600][76.217s][info][gc,start    ] GC(55) Concurrent strong roots
[2026-04-03T02:50:47.544+0600][76.218s][info][gc,task     ] GC(55) Using 3 of 6 workers for concurrent strong root
[2026-04-03T02:50:47.546+0600][76.220s][info][gc          ] GC(55) Concurrent strong roots 2.276ms
[2026-04-03T02:50:47.546+0600][76.220s][info][gc,start    ] GC(55) Concurrent evacuation
[2026-04-03T02:50:47.546+0600][76.220s][info][gc,task     ] GC(55) Using 3 of 6 workers for concurrent evacuation
[2026-04-03T02:50:47.558+0600][76.232s][info][gc          ] GC(55) Concurrent evacuation 11.772ms
[2026-04-03T02:50:47.558+0600][76.232s][info][gc,start    ] GC(55) Pause Init Update Refs
[2026-04-03T02:50:47.559+0600][76.232s][info][gc,ergo     ] GC(55) Pacer for Update Refs. Used: 508M, Free: 1392M, Non-Taxable: 139M, Alloc Tax Rate: 1.1x
[2026-04-03T02:50:47.559+0600][76.232s][info][gc          ] GC(55) Pause Init Update Refs 0.227ms
[2026-04-03T02:50:47.562+0600][76.236s][info][gc,start    ] GC(55) Concurrent update references
[2026-04-03T02:50:47.562+0600][76.236s][info][gc,task     ] GC(55) Using 3 of 6 workers for concurrent reference update
[2026-04-03T02:50:47.611+0600][76.285s][info][gc          ] GC(55) Concurrent update references 48.931ms
[2026-04-03T02:50:47.611+0600][76.285s][info][gc,start    ] GC(55) Concurrent update thread roots
[2026-04-03T02:50:47.613+0600][76.287s][info][gc          ] GC(55) Concurrent update thread roots 2.036ms
[2026-04-03T02:50:47.614+0600][76.288s][info][gc,start    ] GC(55) Pause Final Update Refs
[2026-04-03T02:50:47.614+0600][76.288s][info][gc,task     ] GC(55) Using 6 of 6 workers for final reference update
[2026-04-03T02:50:47.614+0600][76.288s][info][gc          ] GC(55) Pause Final Update Refs 0.289ms
[2026-04-03T02:50:47.614+0600][76.288s][info][gc,start    ] GC(55) Concurrent cleanup
[2026-04-03T02:50:47.615+0600][76.289s][info][gc          ] GC(55) Concurrent cleanup 550M->213M(1673M) 0.441ms
[2026-04-03T02:50:47.615+0600][76.289s][info][gc,ergo     ] Free: 1670M, Max: 512K regular, 1089M humongous, Frag: 35% external, 0% internal; Reserve: 100M, Max: 512K
[2026-04-03T02:50:47.615+0600][76.289s][info][gc,stats    ] 
[2026-04-03T02:50:47.615+0600][76.289s][info][gc,stats    ] All times are wall-clock times, except per-root-class counters, that are sum over
[2026-04-03T02:50:47.615+0600][76.289s][info][gc,stats    ] all workers. Dividing the <total> over the root stage time estimates parallelism.
[2026-04-03T02:50:47.615+0600][76.289s][info][gc,stats    ] 
[2026-04-03T02:50:47.615+0600][76.289s][info][gc,stats    ] Concurrent Reset                   2786 us
[2026-04-03T02:50:47.615+0600][76.289s][info][gc,stats    ] Pause Init Mark (G)                 450 us
[2026-04-03T02:50:47.615+0600][76.289s][info][gc,stats    ] Pause Init Mark (N)                 170 us
[2026-04-03T02:50:47.615+0600][76.289s][info][gc,stats    ]   Update Region States               46 us
[2026-04-03T02:50:47.615+0600][76.289s][info][gc,stats    ] Concurrent Mark Roots              1997 us, parallelism: 2.15x
[2026-04-03T02:50:47.615+0600][76.289s][info][gc,stats    ]   CMR: <total>                     4286 us
[2026-04-03T02:50:47.615+0600][76.289s][info][gc,stats    ]   CMR: Thread Roots                3745 us, workers (us): 1421, 1399, 925, ---, ---, ---, 
[2026-04-03T02:50:47.615+0600][76.289s][info][gc,stats    ]   CMR: VM Strong Roots               58 us, workers (us):  28,  18,  12, ---, ---, ---, 
[2026-04-03T02:50:47.615+0600][76.289s][info][gc,stats    ]   CMR: CLDG Roots                   482 us, workers (us): ---, ---, 482, ---, ---, ---, 
[2026-04-03T02:50:47.615+0600][76.289s][info][gc,stats    ] Concurrent Marking                73508 us
[2026-04-03T02:50:47.615+0600][76.289s][info][gc,stats    ] Pause Final Mark (G)               1014 us
[2026-04-03T02:50:47.615+0600][76.289s][info][gc,stats    ] Pause Final Mark (N)                848 us
[2026-04-03T02:50:47.615+0600][76.289s][info][gc,stats    ]   Finish Mark                       221 us
[2026-04-03T02:50:47.615+0600][76.289s][info][gc,stats    ]   Update Region States               65 us
[2026-04-03T02:50:47.615+0600][76.289s][info][gc,stats    ]   Choose Collection Set             299 us
[2026-04-03T02:50:47.615+0600][76.289s][info][gc,stats    ]   Rebuild Free Set                   55 us
[2026-04-03T02:50:47.615+0600][76.289s][info][gc,stats    ] Concurrent Thread Roots            1195 us, parallelism: 2.24x
[2026-04-03T02:50:47.615+0600][76.289s][info][gc,stats    ]   CTR: <total>                     2681 us
[2026-04-03T02:50:47.615+0600][76.289s][info][gc,stats    ]   CTR: Thread Roots                2681 us, workers (us): 907, 906, 867, ---, ---, ---, 
[2026-04-03T02:50:47.615+0600][76.289s][info][gc,stats    ] Concurrent Weak References         1337 us, parallelism: 1.32x
[2026-04-03T02:50:47.615+0600][76.289s][info][gc,stats    ]   CWRF: <total>                    1768 us
[2026-04-03T02:50:47.615+0600][76.289s][info][gc,stats    ]   CWRF: Weak References            1768 us, workers (us): 189, 1111, 468, ---, ---, ---, 
[2026-04-03T02:50:47.616+0600][76.289s][info][gc,stats    ] Concurrent Weak Roots              5584 us
[2026-04-03T02:50:47.616+0600][76.289s][info][gc,stats    ]   Roots                            5186 us, parallelism: 2.70x
[2026-04-03T02:50:47.616+0600][76.289s][info][gc,stats    ]     CWR: <total>                  13997 us
[2026-04-03T02:50:47.616+0600][76.289s][info][gc,stats    ]     CWR: Code Cache Roots         10800 us, workers (us): 3582, 3586, 3632, ---, ---, ---, 
[2026-04-03T02:50:47.616+0600][76.289s][info][gc,stats    ]     CWR: VM Weak Roots             3072 us, workers (us): 1041, 1031, 1000, ---, ---, ---, 
[2026-04-03T02:50:47.616+0600][76.289s][info][gc,stats    ]     CWR: CLDG Roots                 124 us, workers (us): 124, ---, ---, ---, ---, ---, 
[2026-04-03T02:50:47.616+0600][76.289s][info][gc,stats    ]   Rendezvous                        274 us
[2026-04-03T02:50:47.616+0600][76.289s][info][gc,stats    ] Concurrent Cleanup                 1239 us
[2026-04-03T02:50:47.616+0600][76.289s][info][gc,stats    ] Concurrent Class Unloading        27607 us
[2026-04-03T02:50:47.616+0600][76.289s][info][gc,stats    ]   Unlink Stale                    19923 us
[2026-04-03T02:50:47.616+0600][76.289s][info][gc,stats    ]     System Dictionary               346 us
[2026-04-03T02:50:47.616+0600][76.290s][info][gc,stats    ]     Weak Class Links                  1 us
[2026-04-03T02:50:47.616+0600][76.290s][info][gc,stats    ]     Code Roots                    19572 us
[2026-04-03T02:50:47.616+0600][76.290s][info][gc,stats    ]   Rendezvous                        496 us
[2026-04-03T02:50:47.616+0600][76.290s][info][gc,stats    ]   Purge Unlinked                   6992 us
[2026-04-03T02:50:47.616+0600][76.290s][info][gc,stats    ]     Code Roots                     6935 us
[2026-04-03T02:50:47.616+0600][76.290s][info][gc,stats    ]     CLDG                             55 us
[2026-04-03T02:50:47.616+0600][76.290s][info][gc,stats    ]     Exception Caches                  1 us
[2026-04-03T02:50:47.616+0600][76.290s][info][gc,stats    ] Concurrent Strong Roots            2394 us, parallelism: 0.57x
[2026-04-03T02:50:47.616+0600][76.290s][info][gc,stats    ]   CSR: <total>                     1364 us
[2026-04-03T02:50:47.616+0600][76.290s][info][gc,stats    ]   CSR: VM Strong Roots               70 us, workers (us):  68,   2,   0, ---, ---, ---, 
[2026-04-03T02:50:47.616+0600][76.290s][info][gc,stats    ]   CSR: CLDG Roots                  1293 us, workers (us): 1293, ---, ---, ---, ---, ---, 
[2026-04-03T02:50:47.616+0600][76.290s][info][gc,stats    ] Concurrent Evacuation             11906 us
[2026-04-03T02:50:47.616+0600][76.290s][info][gc,stats    ] Pause Init Update Refs (G)         3766 us
[2026-04-03T02:50:47.616+0600][76.290s][info][gc,stats    ] Pause Init Update Refs (N)          246 us
[2026-04-03T02:50:47.616+0600][76.290s][info][gc,stats    ]   Manage GCLABs                      92 us
[2026-04-03T02:50:47.616+0600][76.290s][info][gc,stats    ] Concurrent Update Refs            49110 us
[2026-04-03T02:50:47.616+0600][76.290s][info][gc,stats    ] Concurrent Update Thread Roots     2102 us
[2026-04-03T02:50:47.616+0600][76.290s][info][gc,stats    ] Pause Final Update Refs (G)        1504 us
[2026-04-03T02:50:47.616+0600][76.290s][info][gc,stats    ] Pause Final Update Refs (N)         329 us
[2026-04-03T02:50:47.616+0600][76.290s][info][gc,stats    ]   Update Region States               88 us
[2026-04-03T02:50:47.616+0600][76.290s][info][gc,stats    ]   Trash Collection Set               32 us
[2026-04-03T02:50:47.616+0600][76.290s][info][gc,stats    ]   Rebuild Free Set                   64 us
[2026-04-03T02:50:47.616+0600][76.290s][info][gc,stats    ] Concurrent Cleanup                  486 us
[2026-04-03T02:50:47.616+0600][76.290s][info][gc,stats    ] Pacing                            99523 us
[2026-04-03T02:50:47.616+0600][76.290s][info][gc,stats    ] 
[2026-04-03T02:50:47.616+0600][76.290s][info][gc,stats    ] Allocation pacing accrued:
[2026-04-03T02:50:47.616+0600][76.290s][info][gc,stats    ]      11 of  1705 ms (  0.7%): Executor task launch worker for task 6.0 in stage 3414.0 (TID 6357)
[2026-04-03T02:50:47.616+0600][76.290s][info][gc,stats    ]      11 of  1705 ms (  0.7%): Executor task launch worker for task 5.0 in stage 3414.0 (TID 6356)
[2026-04-03T02:50:47.616+0600][76.290s][info][gc,stats    ]      11 of  1705 ms (  0.7%): Executor task launch worker for task 1.0 in stage 3414.0 (TID 6352)
[2026-04-03T02:50:47.616+0600][76.290s][info][gc,stats    ]      11 of  1705 ms (  0.7%): task-result-getter-0
[2026-04-03T02:50:47.616+0600][76.290s][info][gc,stats    ]      22 of  1705 ms (  1.3%): task-result-getter-1
[2026-04-03T02:50:47.616+0600][76.290s][info][gc,stats    ]      11 of  1705 ms (  0.7%): task-result-getter-2
[2026-04-03T02:50:47.616+0600][76.290s][info][gc,stats    ]      21 of  1705 ms (  1.2%): task-result-getter-3
[2026-04-03T02:50:47.616+0600][76.290s][info][gc,stats    ]     100 of  1705 ms (  5.8%): <total>
[2026-04-03T02:50:47.616+0600][76.290s][info][gc,stats    ]       0 of  1705 ms (  0.0%): <average total>
[2026-04-03T02:50:47.616+0600][76.290s][info][gc,stats    ]      14 of  1705 ms (  0.8%): <average non-zero>
[2026-04-03T02:50:47.616+0600][76.290s][info][gc,stats    ] 
[2026-04-03T02:50:47.616+0600][76.290s][info][gc,metaspace] Metaspace: 131490K(132864K)->131490K(132864K) NonClass: 114995K(115712K)->114995K(115712K) Class: 16494K(17152K)->16494K(17152K)
[2026-04-03T02:50:47.616+0600][76.290s][info][gc,ergo     ] Pacer for Idle. Initial: 40960K, Alloc Tax Rate: 1.0x
[2026-04-03T02:50:48.779+0600][77.453s][info][gc          ] Trigger: Average GC time (215.12 ms) is above the time for average allocation rate (1156 MB/s) to deplete free headroom (239M) (margin of error = 1.80)
[2026-04-03T02:50:48.779+0600][77.453s][info][gc,ergo     ] Free headroom: 339M (free) - 100M (spike) - 0B (penalties) = 239M
[2026-04-03T02:50:48.779+0600][77.453s][info][gc,ergo     ] Free: 335M, Max: 512K regular, 237M humongous, Frag: 29% external, 0% internal; Reserve: 100M, Max: 512K
[2026-04-03T02:50:48.779+0600][77.453s][info][gc,start    ] GC(56) Concurrent reset
[2026-04-03T02:50:48.779+0600][77.453s][info][gc,task     ] GC(56) Using 3 of 6 workers for concurrent reset
[2026-04-03T02:50:48.779+0600][77.453s][info][gc,ergo     ] GC(56) Pacer for Reset. Non-Taxable: 2000M
[2026-04-03T02:50:48.787+0600][77.461s][info][gc          ] GC(56) Concurrent reset 7.423ms
[2026-04-03T02:50:48.787+0600][77.461s][info][gc,start    ] GC(56) Pause Init Mark (unload classes)
[2026-04-03T02:50:48.787+0600][77.461s][info][gc,task     ] GC(56) Using 6 of 6 workers for init marking
[2026-04-03T02:50:48.788+0600][77.461s][info][gc,ergo     ] GC(56) Pacer for Mark. Expected Live: 94800K, Free: 247M, Non-Taxable: 25388K, Alloc Tax Rate: 0.5x
[2026-04-03T02:50:48.788+0600][77.461s][info][gc          ] GC(56) Pause Init Mark (unload classes) 0.200ms
[2026-04-03T02:50:48.788+0600][77.462s][info][gc,start    ] GC(56) Concurrent marking roots
[2026-04-03T02:50:48.788+0600][77.462s][info][gc,task     ] GC(56) Using 3 of 6 workers for concurrent marking roots
[2026-04-03T02:50:48.789+0600][77.463s][info][gc          ] GC(56) Concurrent marking roots 1.652ms
[2026-04-03T02:50:48.789+0600][77.463s][info][gc,start    ] GC(56) Concurrent marking (unload classes)
[2026-04-03T02:50:48.789+0600][77.463s][info][gc,task     ] GC(56) Using 3 of 6 workers for concurrent marking
[2026-04-03T02:50:48.841+0600][77.515s][info][gc          ] GC(56) Concurrent marking (unload classes) 51.257ms
[2026-04-03T02:50:48.844+0600][77.518s][info][gc,start    ] GC(56) Pause Final Mark (unload classes)
[2026-04-03T02:50:48.844+0600][77.518s][info][gc,task     ] GC(56) Using 6 of 6 workers for final marking
[2026-04-03T02:50:48.845+0600][77.518s][info][gc,ergo     ] GC(56) Adaptive CSet Selection. Target Free: 283M, Actual Free: 1422M, Max CSet: 85333K, Min Garbage: 0B
[2026-04-03T02:50:48.845+0600][77.519s][info][gc,ergo     ] GC(56) Collectable Garbage: 1395M (99%), Immediate: 1141M (81%), CSet: 254M (18%)
[2026-04-03T02:50:48.845+0600][77.519s][info][gc,ergo     ] GC(56) Pacer for Evacuation. Used CSet: 265M, Free: 1464M, Non-Taxable: 146M, Alloc Tax Rate: 1.1x
[2026-04-03T02:50:48.845+0600][77.519s][info][gc          ] GC(56) Pause Final Mark (unload classes) 0.675ms
[2026-04-03T02:50:48.845+0600][77.519s][info][gc,start    ] GC(56) Concurrent thread roots
[2026-04-03T02:50:48.845+0600][77.519s][info][gc,task     ] GC(56) Using 3 of 6 workers for Concurrent thread roots
[2026-04-03T02:50:48.846+0600][77.520s][info][gc          ] GC(56) Concurrent thread roots 0.852ms
[2026-04-03T02:50:48.846+0600][77.520s][info][gc,start    ] GC(56) Concurrent weak references
[2026-04-03T02:50:48.846+0600][77.520s][info][gc,task     ] GC(56) Using 3 of 6 workers for concurrent weak references
[2026-04-03T02:50:48.847+0600][77.520s][info][gc,ref      ] GC(56) Encountered references: Soft: 3788, Weak: 17041, Final: 84, Phantom: 638
[2026-04-03T02:50:48.847+0600][77.520s][info][gc,ref      ] GC(56) Discovered  references: Soft: 0, Weak: 6417, Final: 0, Phantom: 600
[2026-04-03T02:50:48.847+0600][77.520s][info][gc,ref      ] GC(56) Enqueued    references: Soft: 0, Weak: 2323, Final: 0, Phantom: 0
[2026-04-03T02:50:48.847+0600][77.520s][info][gc          ] GC(56) Concurrent weak references 0.816ms
[2026-04-03T02:50:48.847+0600][77.520s][info][gc,start    ] GC(56) Concurrent weak roots
[2026-04-03T02:50:48.847+0600][77.520s][info][gc,task     ] GC(56) Using 3 of 6 workers for concurrent weak root
[2026-04-03T02:50:48.851+0600][77.524s][info][gc          ] GC(56) Concurrent weak roots 3.982ms
[2026-04-03T02:50:48.851+0600][77.524s][info][gc,start    ] GC(56) Concurrent cleanup
[2026-04-03T02:50:48.852+0600][77.525s][info][gc          ] GC(56) Concurrent cleanup 1576M->440M(1740M) 0.992ms
[2026-04-03T02:50:48.852+0600][77.526s][info][gc,ergo     ] GC(56) Free: 1448M, Max: 512K regular, 170M humongous, Frag: 89% external, 0% internal; Reserve: 100898K, Max: 512K
[2026-04-03T02:50:48.852+0600][77.526s][info][gc,start    ] GC(56) Concurrent class unloading
[2026-04-03T02:50:48.852+0600][77.526s][info][gc,task     ] GC(56) Using 3 of 6 workers for concurrent class unloading
[2026-04-03T02:50:48.873+0600][77.547s][info][gc          ] GC(56) Concurrent class unloading 21.155ms
[2026-04-03T02:50:48.873+0600][77.547s][info][gc,start    ] GC(56) Concurrent strong roots
[2026-04-03T02:50:48.873+0600][77.547s][info][gc,task     ] GC(56) Using 3 of 6 workers for concurrent strong root
[2026-04-03T02:50:48.875+0600][77.549s][info][gc          ] GC(56) Concurrent strong roots 1.824ms
[2026-04-03T02:50:48.875+0600][77.549s][info][gc,start    ] GC(56) Concurrent evacuation
[2026-04-03T02:50:48.875+0600][77.549s][info][gc,task     ] GC(56) Using 3 of 6 workers for concurrent evacuation
[2026-04-03T02:50:48.892+0600][77.566s][info][gc          ] GC(56) Concurrent evacuation 16.781ms
[2026-04-03T02:50:48.892+0600][77.566s][info][gc,start    ] GC(56) Pause Init Update Refs
[2026-04-03T02:50:48.892+0600][77.566s][info][gc,ergo     ] GC(56) Pacer for Update Refs. Used: 488M, Free: 1410M, Non-Taxable: 141M, Alloc Tax Rate: 1.1x
[2026-04-03T02:50:48.892+0600][77.566s][info][gc          ] GC(56) Pause Init Update Refs 0.102ms
[2026-04-03T02:50:48.892+0600][77.566s][info][gc,start    ] GC(56) Concurrent update references
[2026-04-03T02:50:48.892+0600][77.566s][info][gc,task     ] GC(56) Using 3 of 6 workers for concurrent reference update
[2026-04-03T02:50:48.932+0600][77.606s][info][gc          ] GC(56) Concurrent update references 39.862ms
[2026-04-03T02:50:48.932+0600][77.606s][info][gc,start    ] GC(56) Concurrent update thread roots
[2026-04-03T02:50:48.934+0600][77.608s][info][gc          ] GC(56) Concurrent update thread roots 1.603ms
[2026-04-03T02:50:48.934+0600][77.608s][info][gc,start    ] GC(56) Pause Final Update Refs
[2026-04-03T02:50:48.934+0600][77.608s][info][gc,task     ] GC(56) Using 6 of 6 workers for final reference update
[2026-04-03T02:50:48.935+0600][77.608s][info][gc          ] GC(56) Pause Final Update Refs 0.291ms
[2026-04-03T02:50:48.935+0600][77.608s][info][gc,start    ] GC(56) Concurrent cleanup
[2026-04-03T02:50:48.935+0600][77.609s][info][gc          ] GC(56) Concurrent cleanup 506M->240M(1743M) 0.759ms
[2026-04-03T02:50:48.935+0600][77.609s][info][gc,ergo     ] Free: 1642M, Max: 512K regular, 1073M humongous, Frag: 35% external, 0% internal; Reserve: 100M, Max: 512K
[2026-04-03T02:50:48.935+0600][77.609s][info][gc,stats    ] 
[2026-04-03T02:50:48.935+0600][77.609s][info][gc,stats    ] All times are wall-clock times, except per-root-class counters, that are sum over
[2026-04-03T02:50:48.935+0600][77.609s][info][gc,stats    ] all workers. Dividing the <total> over the root stage time estimates parallelism.
[2026-04-03T02:50:48.935+0600][77.609s][info][gc,stats    ] 
[2026-04-03T02:50:48.935+0600][77.609s][info][gc,stats    ] Concurrent Reset                   7541 us
[2026-04-03T02:50:48.935+0600][77.609s][info][gc,stats    ] Pause Init Mark (G)                 912 us
[2026-04-03T02:50:48.935+0600][77.609s][info][gc,stats    ] Pause Init Mark (N)                 212 us
[2026-04-03T02:50:48.935+0600][77.609s][info][gc,stats    ]   Update Region States               59 us
[2026-04-03T02:50:48.935+0600][77.609s][info][gc,stats    ] Concurrent Mark Roots              1714 us, parallelism: 1.87x
[2026-04-03T02:50:48.936+0600][77.609s][info][gc,stats    ]   CMR: <total>                     3198 us
[2026-04-03T02:50:48.936+0600][77.609s][info][gc,stats    ]   CMR: Thread Roots                2862 us, workers (us): 784, 1055, 1024, ---, ---, ---, 
[2026-04-03T02:50:48.936+0600][77.609s][info][gc,stats    ]   CMR: VM Strong Roots               47 us, workers (us):  45,   1,   1, ---, ---, ---, 
[2026-04-03T02:50:48.936+0600][77.609s][info][gc,stats    ]   CMR: CLDG Roots                   288 us, workers (us): 288, ---, ---, ---, ---, ---, 
[2026-04-03T02:50:48.936+0600][77.609s][info][gc,stats    ] Concurrent Marking                51336 us
[2026-04-03T02:50:48.936+0600][77.609s][info][gc,stats    ] Pause Final Mark (G)               4069 us
[2026-04-03T02:50:48.936+0600][77.609s][info][gc,stats    ] Pause Final Mark (N)                684 us
[2026-04-03T02:50:48.936+0600][77.609s][info][gc,stats    ]   Finish Mark                       217 us
[2026-04-03T02:50:48.936+0600][77.609s][info][gc,stats    ]   Update Region States               47 us
[2026-04-03T02:50:48.936+0600][77.609s][info][gc,stats    ]   Choose Collection Set             241 us
[2026-04-03T02:50:48.936+0600][77.609s][info][gc,stats    ]   Rebuild Free Set                   45 us
[2026-04-03T02:50:48.936+0600][77.609s][info][gc,stats    ] Concurrent Thread Roots             895 us, parallelism: 2.28x
[2026-04-03T02:50:48.936+0600][77.609s][info][gc,stats    ]   CTR: <total>                     2042 us
[2026-04-03T02:50:48.936+0600][77.609s][info][gc,stats    ]   CTR: Thread Roots                2042 us, workers (us): 698, 669, 675, ---, ---, ---, 
[2026-04-03T02:50:48.936+0600][77.609s][info][gc,stats    ] Concurrent Weak References          828 us, parallelism: 1.34x
[2026-04-03T02:50:48.936+0600][77.609s][info][gc,stats    ]   CWRF: <total>                    1107 us
[2026-04-03T02:50:48.936+0600][77.609s][info][gc,stats    ]   CWRF: Weak References            1107 us, workers (us): 341, 246, 520, ---, ---, ---, 
[2026-04-03T02:50:48.936+0600][77.609s][info][gc,stats    ] Concurrent Weak Roots              4043 us
[2026-04-03T02:50:48.936+0600][77.609s][info][gc,stats    ]   Roots                            3706 us, parallelism: 2.59x
[2026-04-03T02:50:48.936+0600][77.609s][info][gc,stats    ]     CWR: <total>                   9612 us
[2026-04-03T02:50:48.936+0600][77.609s][info][gc,stats    ]     CWR: Code Cache Roots          7068 us, workers (us): 2373, 2352, 2342, ---, ---, ---, 
[2026-04-03T02:50:48.936+0600][77.609s][info][gc,stats    ]     CWR: VM Weak Roots             2453 us, workers (us): 882, 824, 747, ---, ---, ---, 
[2026-04-03T02:50:48.936+0600][77.609s][info][gc,stats    ]     CWR: CLDG Roots                  92 us, workers (us): ---,  92, ---, ---, ---, ---, 
[2026-04-03T02:50:48.936+0600][77.609s][info][gc,stats    ]   Rendezvous                        250 us
[2026-04-03T02:50:48.936+0600][77.610s][info][gc,stats    ] Concurrent Cleanup                 1014 us
[2026-04-03T02:50:48.936+0600][77.610s][info][gc,stats    ] Concurrent Class Unloading        21270 us
[2026-04-03T02:50:48.936+0600][77.610s][info][gc,stats    ]   Unlink Stale                    15572 us
[2026-04-03T02:50:48.936+0600][77.610s][info][gc,stats    ]     System Dictionary               242 us
[2026-04-03T02:50:48.936+0600][77.610s][info][gc,stats    ]     Weak Class Links                  0 us
[2026-04-03T02:50:48.936+0600][77.610s][info][gc,stats    ]     Code Roots                    15326 us
[2026-04-03T02:50:48.936+0600][77.610s][info][gc,stats    ]   Rendezvous                        359 us
[2026-04-03T02:50:48.936+0600][77.610s][info][gc,stats    ]   Purge Unlinked                   5190 us
[2026-04-03T02:50:48.936+0600][77.610s][info][gc,stats    ]     Code Roots                     5157 us
[2026-04-03T02:50:48.936+0600][77.610s][info][gc,stats    ]     CLDG                             31 us
[2026-04-03T02:50:48.936+0600][77.610s][info][gc,stats    ]     Exception Caches                  0 us
[2026-04-03T02:50:48.936+0600][77.610s][info][gc,stats    ] Concurrent Strong Roots            1932 us, parallelism: 0.61x
[2026-04-03T02:50:48.936+0600][77.610s][info][gc,stats    ]   CSR: <total>                     1177 us
[2026-04-03T02:50:48.936+0600][77.610s][info][gc,stats    ]   CSR: VM Strong Roots               50 us, workers (us):  48,   2,   0, ---, ---, ---, 
[2026-04-03T02:50:48.936+0600][77.610s][info][gc,stats    ]   CSR: CLDG Roots                  1127 us, workers (us): 1127, ---, ---, ---, ---, ---, 
[2026-04-03T02:50:48.936+0600][77.610s][info][gc,stats    ] Concurrent Evacuation             16898 us
[2026-04-03T02:50:48.936+0600][77.610s][info][gc,stats    ] Pause Init Update Refs (G)          563 us
[2026-04-03T02:50:48.936+0600][77.610s][info][gc,stats    ] Pause Init Update Refs (N)          114 us
[2026-04-03T02:50:48.936+0600][77.610s][info][gc,stats    ]   Manage GCLABs                      56 us
[2026-04-03T02:50:48.936+0600][77.610s][info][gc,stats    ] Concurrent Update Refs            39929 us
[2026-04-03T02:50:48.936+0600][77.610s][info][gc,stats    ] Concurrent Update Thread Roots     1653 us
[2026-04-03T02:50:48.936+0600][77.610s][info][gc,stats    ] Pause Final Update Refs (G)         583 us
[2026-04-03T02:50:48.936+0600][77.610s][info][gc,stats    ] Pause Final Update Refs (N)         312 us
[2026-04-03T02:50:48.936+0600][77.610s][info][gc,stats    ]   Update Region States              100 us
[2026-04-03T02:50:48.936+0600][77.610s][info][gc,stats    ]   Trash Collection Set               26 us
[2026-04-03T02:50:48.936+0600][77.610s][info][gc,stats    ]   Rebuild Free Set                   53 us
[2026-04-03T02:50:48.936+0600][77.610s][info][gc,stats    ] Concurrent Cleanup                  789 us
[2026-04-03T02:50:48.936+0600][77.610s][info][gc,stats    ] Pacing                           154816 us
[2026-04-03T02:50:48.936+0600][77.610s][info][gc,stats    ] 
[2026-04-03T02:50:48.936+0600][77.610s][info][gc,stats    ] Allocation pacing accrued:
[2026-04-03T02:50:48.936+0600][77.610s][info][gc,stats    ]      11 of  1320 ms (  0.9%): dag-scheduler-event-loop
[2026-04-03T02:50:48.936+0600][77.610s][info][gc,stats    ]      11 of  1320 ms (  0.8%): spark-listener-group-appStatus
[2026-04-03T02:50:48.936+0600][77.610s][info][gc,stats    ]      11 of  1320 ms (  0.8%): spark-listener-group-executorManagement
[2026-04-03T02:50:48.936+0600][77.610s][info][gc,stats    ]      11 of  1320 ms (  0.8%): spark-listener-group-shared
[2026-04-03T02:50:48.936+0600][77.610s][info][gc,stats    ]      34 of  1320 ms (  2.6%): Executor task launch worker for task 2.0 in stage 3544.0 (TID 6531)
[2026-04-03T02:50:48.936+0600][77.610s][info][gc,stats    ]      32 of  1320 ms (  2.5%): Executor task launch worker for task 0.0 in stage 3544.0 (TID 6529)
[2026-04-03T02:50:48.936+0600][77.610s][info][gc,stats    ]      33 of  1320 ms (  2.5%): Executor task launch worker for task 1.0 in stage 3544.0 (TID 6530)
[2026-04-03T02:50:48.936+0600][77.610s][info][gc,stats    ]      11 of  1320 ms (  0.8%): task-result-getter-1
[2026-04-03T02:50:48.936+0600][77.610s][info][gc,stats    ]     155 of  1320 ms ( 11.7%): <total>
[2026-04-03T02:50:48.936+0600][77.610s][info][gc,stats    ]       1 of  1320 ms (  0.0%): <average total>
[2026-04-03T02:50:48.936+0600][77.610s][info][gc,stats    ]      19 of  1320 ms (  1.5%): <average non-zero>
[2026-04-03T02:50:48.936+0600][77.610s][info][gc,stats    ] 
[2026-04-03T02:50:48.936+0600][77.610s][info][gc,metaspace] Metaspace: 131551K(132864K)->131552K(132864K) NonClass: 115047K(115712K)->115048K(115712K) Class: 16503K(17152K)->16503K(17152K)
[2026-04-03T02:50:48.936+0600][77.610s][info][gc,ergo     ] Pacer for Idle. Initial: 40960K, Alloc Tax Rate: 1.0x
[2026-04-03T02:50:49.930+0600][78.604s][info][gc          ] Trigger: Average GC time (203.56 ms) is above the time for average allocation rate (1193 MB/s) to deplete free headroom (242M) (margin of error = 1.80)
[2026-04-03T02:50:49.930+0600][78.604s][info][gc,ergo     ] Free headroom: 342M (free) - 100M (spike) - 0B (penalties) = 242M
[2026-04-03T02:50:49.930+0600][78.604s][info][gc,ergo     ] Free: 342M, Max: 512K regular, 166M humongous, Frag: 51% external, 0% internal; Reserve: 100M, Max: 512K
[2026-04-03T02:50:49.930+0600][78.604s][info][gc,start    ] GC(57) Concurrent reset
[2026-04-03T02:50:49.930+0600][78.604s][info][gc,task     ] GC(57) Using 3 of 6 workers for concurrent reset
[2026-04-03T02:50:49.930+0600][78.604s][info][gc,ergo     ] GC(57) Pacer for Reset. Non-Taxable: 2000M
[2026-04-03T02:50:49.939+0600][78.613s][info][gc          ] GC(57) Concurrent reset 8.603ms
[2026-04-03T02:50:49.940+0600][78.613s][info][gc,start    ] GC(57) Pause Init Mark (unload classes)
[2026-04-03T02:50:49.940+0600][78.613s][info][gc,task     ] GC(57) Using 6 of 6 workers for init marking
[2026-04-03T02:50:49.940+0600][78.614s][info][gc,ergo     ] GC(57) Pacer for Mark. Expected Live: 97633K, Free: 333M, Non-Taxable: 34106K, Alloc Tax Rate: 0.3x
[2026-04-03T02:50:49.940+0600][78.614s][info][gc          ] GC(57) Pause Init Mark (unload classes) 0.285ms
[2026-04-03T02:50:49.940+0600][78.614s][info][gc,start    ] GC(57) Concurrent marking roots
[2026-04-03T02:50:49.940+0600][78.614s][info][gc,task     ] GC(57) Using 3 of 6 workers for concurrent marking roots
[2026-04-03T02:50:49.943+0600][78.617s][info][gc          ] GC(57) Concurrent marking roots 2.729ms
[2026-04-03T02:50:49.943+0600][78.617s][info][gc,start    ] GC(57) Concurrent marking (unload classes)
[2026-04-03T02:50:49.943+0600][78.617s][info][gc,task     ] GC(57) Using 3 of 6 workers for concurrent marking
[2026-04-03T02:50:50.031+0600][78.704s][info][gc          ] GC(57) Concurrent marking (unload classes) 87.711ms
[2026-04-03T02:50:50.031+0600][78.705s][info][gc,start    ] GC(57) Pause Final Mark (unload classes)
[2026-04-03T02:50:50.031+0600][78.705s][info][gc,task     ] GC(57) Using 6 of 6 workers for final marking
[2026-04-03T02:50:50.032+0600][78.706s][info][gc,ergo     ] GC(57) Adaptive CSet Selection. Target Free: 283M, Actual Free: 1409M, Max CSet: 85333K, Min Garbage: 0B
[2026-04-03T02:50:50.032+0600][78.706s][info][gc,ergo     ] GC(57) Collectable Garbage: 1323M (99%), Immediate: 1035M (77%), CSet: 287M (21%)
[2026-04-03T02:50:50.032+0600][78.706s][info][gc,ergo     ] GC(57) Pacer for Evacuation. Used CSet: 298M, Free: 1450M, Non-Taxable: 145M, Alloc Tax Rate: 1.1x
[2026-04-03T02:50:50.032+0600][78.706s][info][gc          ] GC(57) Pause Final Mark (unload classes) 1.297ms
[2026-04-03T02:50:50.033+0600][78.706s][info][gc,start    ] GC(57) Concurrent thread roots
[2026-04-03T02:50:50.033+0600][78.707s][info][gc,task     ] GC(57) Using 3 of 6 workers for Concurrent thread roots
[2026-04-03T02:50:50.034+0600][78.708s][info][gc          ] GC(57) Concurrent thread roots 1.779ms
[2026-04-03T02:50:50.034+0600][78.708s][info][gc,start    ] GC(57) Concurrent weak references
[2026-04-03T02:50:50.034+0600][78.708s][info][gc,task     ] GC(57) Using 3 of 6 workers for concurrent weak references
[2026-04-03T02:50:50.036+0600][78.710s][info][gc,ref      ] GC(57) Encountered references: Soft: 3792, Weak: 16374, Final: 84, Phantom: 621
[2026-04-03T02:50:50.036+0600][78.710s][info][gc,ref      ] GC(57) Discovered  references: Soft: 0, Weak: 8811, Final: 48, Phantom: 581
[2026-04-03T02:50:50.036+0600][78.710s][info][gc,ref      ] GC(57) Enqueued    references: Soft: 0, Weak: 644, Final: 0, Phantom: 0
[2026-04-03T02:50:50.036+0600][78.710s][info][gc          ] GC(57) Concurrent weak references 1.804ms
[2026-04-03T02:50:50.036+0600][78.710s][info][gc,start    ] GC(57) Concurrent weak roots
[2026-04-03T02:50:50.036+0600][78.710s][info][gc,task     ] GC(57) Using 3 of 6 workers for concurrent weak root
[2026-04-03T02:50:50.043+0600][78.717s][info][gc          ] GC(57) Concurrent weak roots 6.581ms
[2026-04-03T02:50:50.043+0600][78.717s][info][gc,start    ] GC(57) Concurrent cleanup
[2026-04-03T02:50:50.044+0600][78.718s][info][gc          ] GC(57) Concurrent cleanup 1486M->451M(1743M) 1.133ms
[2026-04-03T02:50:50.044+0600][78.718s][info][gc,ergo     ] GC(57) Free: 1438M, Max: 512K regular, 167M humongous, Frag: 89% external, 0% internal; Reserve: 101580K, Max: 512K
[2026-04-03T02:50:50.044+0600][78.718s][info][gc,start    ] GC(57) Concurrent class unloading
[2026-04-03T02:50:50.044+0600][78.718s][info][gc,task     ] GC(57) Using 3 of 6 workers for concurrent class unloading
[2026-04-03T02:50:50.064+0600][78.738s][info][gc          ] GC(57) Concurrent class unloading 19.815ms
[2026-04-03T02:50:50.064+0600][78.738s][info][gc,start    ] GC(57) Concurrent strong roots
[2026-04-03T02:50:50.064+0600][78.738s][info][gc,task     ] GC(57) Using 3 of 6 workers for concurrent strong root
[2026-04-03T02:50:50.066+0600][78.740s][info][gc          ] GC(57) Concurrent strong roots 1.558ms
[2026-04-03T02:50:50.066+0600][78.740s][info][gc,start    ] GC(57) Concurrent evacuation
[2026-04-03T02:50:50.066+0600][78.740s][info][gc,task     ] GC(57) Using 3 of 6 workers for concurrent evacuation
[2026-04-03T02:50:50.082+0600][78.756s][info][gc          ] GC(57) Concurrent evacuation 15.949ms
[2026-04-03T02:50:50.082+0600][78.756s][info][gc,start    ] GC(57) Pause Init Update Refs
[2026-04-03T02:50:50.082+0600][78.756s][info][gc,ergo     ] GC(57) Pacer for Update Refs. Used: 484M, Free: 1415M, Non-Taxable: 141M, Alloc Tax Rate: 1.1x
[2026-04-03T02:50:50.082+0600][78.756s][info][gc          ] GC(57) Pause Init Update Refs 0.083ms
[2026-04-03T02:50:50.082+0600][78.756s][info][gc,start    ] GC(57) Concurrent update references
[2026-04-03T02:50:50.082+0600][78.756s][info][gc,task     ] GC(57) Using 3 of 6 workers for concurrent reference update
[2026-04-03T02:50:50.137+0600][78.811s][info][gc          ] GC(57) Concurrent update references 54.970ms
[2026-04-03T02:50:50.137+0600][78.811s][info][gc,start    ] GC(57) Concurrent update thread roots
[2026-04-03T02:50:50.139+0600][78.813s][info][gc          ] GC(57) Concurrent update thread roots 1.852ms
[2026-04-03T02:50:50.139+0600][78.813s][info][gc,start    ] GC(57) Pause Final Update Refs
[2026-04-03T02:50:50.139+0600][78.813s][info][gc,task     ] GC(57) Using 6 of 6 workers for final reference update
[2026-04-03T02:50:50.140+0600][78.814s][info][gc          ] GC(57) Pause Final Update Refs 0.291ms
[2026-04-03T02:50:50.140+0600][78.814s][info][gc,start    ] GC(57) Concurrent cleanup
[2026-04-03T02:50:50.141+0600][78.815s][info][gc          ] GC(57) Concurrent cleanup 526M->228M(1745M) 0.998ms
[2026-04-03T02:50:50.141+0600][78.815s][info][gc,ergo     ] Free: 1655M, Max: 512K regular, 958M humongous, Frag: 42% external, 0% internal; Reserve: 100M, Max: 512K
[2026-04-03T02:50:50.141+0600][78.815s][info][gc,stats    ] 
[2026-04-03T02:50:50.141+0600][78.815s][info][gc,stats    ] All times are wall-clock times, except per-root-class counters, that are sum over
[2026-04-03T02:50:50.141+0600][78.815s][info][gc,stats    ] all workers. Dividing the <total> over the root stage time estimates parallelism.
[2026-04-03T02:50:50.141+0600][78.815s][info][gc,stats    ] 
[2026-04-03T02:50:50.141+0600][78.815s][info][gc,stats    ] Concurrent Reset                   8724 us
[2026-04-03T02:50:50.141+0600][78.815s][info][gc,stats    ] Pause Init Mark (G)                1070 us
[2026-04-03T02:50:50.141+0600][78.815s][info][gc,stats    ] Pause Init Mark (N)                 345 us
[2026-04-03T02:50:50.141+0600][78.815s][info][gc,stats    ]   Update Region States               69 us
[2026-04-03T02:50:50.141+0600][78.815s][info][gc,stats    ] Concurrent Mark Roots              2819 us, parallelism: 1.85x
[2026-04-03T02:50:50.141+0600][78.815s][info][gc,stats    ]   CMR: <total>                     5211 us
[2026-04-03T02:50:50.141+0600][78.815s][info][gc,stats    ]   CMR: Thread Roots                4633 us, workers (us): 1621, 2163, 849, ---, ---, ---, 
[2026-04-03T02:50:50.141+0600][78.815s][info][gc,stats    ]   CMR: VM Strong Roots               74 us, workers (us):  46,  28,   1, ---, ---, ---, 
[2026-04-03T02:50:50.141+0600][78.815s][info][gc,stats    ]   CMR: CLDG Roots                   504 us, workers (us): 504, ---, ---, ---, ---, ---, 
[2026-04-03T02:50:50.141+0600][78.815s][info][gc,stats    ] Concurrent Marking                87877 us
[2026-04-03T02:50:50.141+0600][78.815s][info][gc,stats    ] Pause Final Mark (G)               1804 us
[2026-04-03T02:50:50.141+0600][78.815s][info][gc,stats    ] Pause Final Mark (N)               1310 us
[2026-04-03T02:50:50.141+0600][78.815s][info][gc,stats    ]   Finish Mark                       289 us
[2026-04-03T02:50:50.141+0600][78.815s][info][gc,stats    ]   Update Region States              104 us
[2026-04-03T02:50:50.141+0600][78.815s][info][gc,stats    ]   Choose Collection Set             589 us
[2026-04-03T02:50:50.141+0600][78.815s][info][gc,stats    ]   Rebuild Free Set                   83 us
[2026-04-03T02:50:50.141+0600][78.815s][info][gc,stats    ] Concurrent Thread Roots            1874 us, parallelism: 2.01x
[2026-04-03T02:50:50.141+0600][78.815s][info][gc,stats    ]   CTR: <total>                     3760 us
[2026-04-03T02:50:50.141+0600][78.815s][info][gc,stats    ]   CTR: Thread Roots                3760 us, workers (us): 1411, 1337, 1012, ---, ---, ---, 
[2026-04-03T02:50:50.141+0600][78.815s][info][gc,stats    ] Concurrent Weak References         1824 us, parallelism: 1.02x
[2026-04-03T02:50:50.141+0600][78.815s][info][gc,stats    ]   CWRF: <total>                    1856 us
[2026-04-03T02:50:50.141+0600][78.815s][info][gc,stats    ]   CWRF: Weak References            1856 us, workers (us): 587, 1269,   0, ---, ---, ---, 
[2026-04-03T02:50:50.141+0600][78.815s][info][gc,stats    ] Concurrent Weak Roots              6681 us
[2026-04-03T02:50:50.141+0600][78.815s][info][gc,stats    ]   Roots                            6146 us, parallelism: 2.71x
[2026-04-03T02:50:50.141+0600][78.815s][info][gc,stats    ]     CWR: <total>                  16685 us
[2026-04-03T02:50:50.141+0600][78.815s][info][gc,stats    ]     CWR: Code Cache Roots         12337 us, workers (us): 4147, 4184, 4006, ---, ---, ---, 
[2026-04-03T02:50:50.141+0600][78.815s][info][gc,stats    ]     CWR: VM Weak Roots             4150 us, workers (us): 1413, 1376, 1361, ---, ---, ---, 
[2026-04-03T02:50:50.141+0600][78.815s][info][gc,stats    ]     CWR: CLDG Roots                 199 us, workers (us): ---, ---, 199, ---, ---, ---, 
[2026-04-03T02:50:50.141+0600][78.815s][info][gc,stats    ]   Rendezvous                        394 us
[2026-04-03T02:50:50.141+0600][78.815s][info][gc,stats    ] Concurrent Cleanup                 1229 us
[2026-04-03T02:50:50.141+0600][78.815s][info][gc,stats    ] Concurrent Class Unloading        19933 us
[2026-04-03T02:50:50.141+0600][78.815s][info][gc,stats    ]   Unlink Stale                    16069 us
[2026-04-03T02:50:50.141+0600][78.815s][info][gc,stats    ]     System Dictionary               372 us
[2026-04-03T02:50:50.141+0600][78.815s][info][gc,stats    ]     Weak Class Links                  1 us
[2026-04-03T02:50:50.141+0600][78.815s][info][gc,stats    ]     Code Roots                    15691 us
[2026-04-03T02:50:50.141+0600][78.815s][info][gc,stats    ]   Rendezvous                       1092 us
[2026-04-03T02:50:50.141+0600][78.815s][info][gc,stats    ]   Purge Unlinked                   2606 us
[2026-04-03T02:50:50.142+0600][78.815s][info][gc,stats    ]     Code Roots                     2584 us
[2026-04-03T02:50:50.142+0600][78.815s][info][gc,stats    ]     CLDG                             21 us
[2026-04-03T02:50:50.142+0600][78.815s][info][gc,stats    ]     Exception Caches                  0 us
[2026-04-03T02:50:50.142+0600][78.815s][info][gc,stats    ] Concurrent Strong Roots            1624 us, parallelism: 0.67x
[2026-04-03T02:50:50.142+0600][78.815s][info][gc,stats    ]   CSR: <total>                     1095 us
[2026-04-03T02:50:50.142+0600][78.815s][info][gc,stats    ]   CSR: VM Strong Roots               78 us, workers (us):  76,   1,   0, ---, ---, ---, 
[2026-04-03T02:50:50.142+0600][78.815s][info][gc,stats    ]   CSR: CLDG Roots                  1017 us, workers (us): 1017, ---, ---, ---, ---, ---, 
[2026-04-03T02:50:50.142+0600][78.815s][info][gc,stats    ] Concurrent Evacuation             16047 us
[2026-04-03T02:50:50.142+0600][78.815s][info][gc,stats    ] Pause Init Update Refs (G)          304 us
[2026-04-03T02:50:50.142+0600][78.815s][info][gc,stats    ] Pause Init Update Refs (N)           95 us
[2026-04-03T02:50:50.142+0600][78.815s][info][gc,stats    ]   Manage GCLABs                      39 us
[2026-04-03T02:50:50.142+0600][78.815s][info][gc,stats    ] Concurrent Update Refs            55081 us
[2026-04-03T02:50:50.142+0600][78.815s][info][gc,stats    ] Concurrent Update Thread Roots     1906 us
[2026-04-03T02:50:50.142+0600][78.815s][info][gc,stats    ] Pause Final Update Refs (G)         607 us
[2026-04-03T02:50:50.142+0600][78.815s][info][gc,stats    ] Pause Final Update Refs (N)         309 us
[2026-04-03T02:50:50.142+0600][78.816s][info][gc,stats    ]   Update Region States               78 us
[2026-04-03T02:50:50.142+0600][78.816s][info][gc,stats    ]   Trash Collection Set               28 us
[2026-04-03T02:50:50.142+0600][78.816s][info][gc,stats    ]   Rebuild Free Set                   77 us
[2026-04-03T02:50:50.142+0600][78.816s][info][gc,stats    ] Concurrent Cleanup                 1036 us
[2026-04-03T02:50:50.142+0600][78.816s][info][gc,stats    ] Pacing                            91230 us
[2026-04-03T02:50:50.142+0600][78.816s][info][gc,stats    ] 
[2026-04-03T02:50:50.142+0600][78.816s][info][gc,stats    ] Allocation pacing accrued:
[2026-04-03T02:50:50.142+0600][78.816s][info][gc,stats    ]       7 of  1206 ms (  0.6%): Executor task launch worker for task 7.0 in stage 3587.0 (TID 6724)
[2026-04-03T02:50:50.142+0600][78.816s][info][gc,stats    ]      17 of  1206 ms (  1.4%): Executor task launch worker for task 4.0 in stage 3587.0 (TID 6721)
[2026-04-03T02:50:50.142+0600][78.816s][info][gc,stats    ]       3 of  1206 ms (  0.3%): Executor task launch worker for task 0.0 in stage 3587.0 (TID 6717)
[2026-04-03T02:50:50.142+0600][78.816s][info][gc,stats    ]       6 of  1206 ms (  0.5%): Executor task launch worker for task 3.0 in stage 3587.0 (TID 6720)
[2026-04-03T02:50:50.142+0600][78.816s][info][gc,stats    ]      15 of  1206 ms (  1.2%): Executor task launch worker for task 5.0 in stage 3587.0 (TID 6722)
[2026-04-03T02:50:50.142+0600][78.816s][info][gc,stats    ]      11 of  1206 ms (  0.9%): Executor task launch worker for task 2.0 in stage 3587.0 (TID 6719)
[2026-04-03T02:50:50.142+0600][78.816s][info][gc,stats    ]      11 of  1206 ms (  0.9%): Executor task launch worker for task 1.0 in stage 3587.0 (TID 6718)
[2026-04-03T02:50:50.142+0600][78.816s][info][gc,stats    ]      14 of  1206 ms (  1.1%): Executor task launch worker for task 6.0 in stage 3587.0 (TID 6723)
[2026-04-03T02:50:50.142+0600][78.816s][info][gc,stats    ]       3 of  1206 ms (  0.3%): task-result-getter-2
[2026-04-03T02:50:50.142+0600][78.816s][info][gc,stats    ]       4 of  1206 ms (  0.3%): task-result-getter-3
[2026-04-03T02:50:50.142+0600][78.816s][info][gc,stats    ]      91 of  1206 ms (  7.6%): <total>
[2026-04-03T02:50:50.142+0600][78.816s][info][gc,stats    ]       0 of  1206 ms (  0.0%): <average total>
[2026-04-03T02:50:50.142+0600][78.816s][info][gc,stats    ]       9 of  1206 ms (  0.8%): <average non-zero>
[2026-04-03T02:50:50.142+0600][78.816s][info][gc,stats    ] 
[2026-04-03T02:50:50.142+0600][78.816s][info][gc,metaspace] Metaspace: 131569K(132864K)->131569K(132864K) NonClass: 115064K(115712K)->115064K(115712K) Class: 16504K(17152K)->16504K(17152K)
[2026-04-03T02:50:50.142+0600][78.816s][info][gc,ergo     ] Pacer for Idle. Initial: 40960K, Alloc Tax Rate: 1.0x
[2026-04-03T02:50:51.415+0600][80.089s][info][gc          ] Trigger: Average GC time (233.84 ms) is above the time for average allocation rate (1164 MB/s) to deplete free headroom (269M) (margin of error = 1.80)
[2026-04-03T02:50:51.415+0600][80.089s][info][gc,ergo     ] Free headroom: 369M (free) - 100M (spike) - 0B (penalties) = 269M
[2026-04-03T02:50:51.415+0600][80.089s][info][gc,ergo     ] Free: 369M, Max: 512K regular, 348M humongous, Frag: 5% external, 0% internal; Reserve: 100M, Max: 512K
[2026-04-03T02:50:51.415+0600][80.089s][info][gc,start    ] GC(58) Concurrent reset
[2026-04-03T02:50:51.415+0600][80.089s][info][gc,task     ] GC(58) Using 3 of 6 workers for concurrent reset
[2026-04-03T02:50:51.415+0600][80.089s][info][gc,ergo     ] GC(58) Pacer for Reset. Non-Taxable: 2000M
[2026-04-03T02:50:51.418+0600][80.092s][info][gc          ] GC(58) Concurrent reset 3.437ms
[2026-04-03T02:50:51.419+0600][80.092s][info][gc,start    ] GC(58) Pause Init Mark (unload classes)
[2026-04-03T02:50:51.419+0600][80.093s][info][gc,task     ] GC(58) Using 6 of 6 workers for init marking
[2026-04-03T02:50:51.419+0600][80.093s][info][gc,ergo     ] GC(58) Pacer for Mark. Expected Live: 98208K, Free: 366M, Non-Taxable: 37552K, Alloc Tax Rate: 0.3x
[2026-04-03T02:50:51.419+0600][80.093s][info][gc          ] GC(58) Pause Init Mark (unload classes) 0.171ms
[2026-04-03T02:50:51.419+0600][80.093s][info][gc,start    ] GC(58) Concurrent marking roots
[2026-04-03T02:50:51.419+0600][80.093s][info][gc,task     ] GC(58) Using 3 of 6 workers for concurrent marking roots
[2026-04-03T02:50:51.420+0600][80.094s][info][gc          ] GC(58) Concurrent marking roots 1.236ms
[2026-04-03T02:50:51.420+0600][80.094s][info][gc,start    ] GC(58) Concurrent marking (unload classes)
[2026-04-03T02:50:51.420+0600][80.094s][info][gc,task     ] GC(58) Using 3 of 6 workers for concurrent marking
[2026-04-03T02:50:51.473+0600][80.147s][info][gc          ] GC(58) Concurrent marking (unload classes) 52.569ms
[2026-04-03T02:50:51.473+0600][80.147s][info][gc,start    ] GC(58) Pause Final Mark (unload classes)
[2026-04-03T02:50:51.473+0600][80.147s][info][gc,task     ] GC(58) Using 6 of 6 workers for final marking
[2026-04-03T02:50:51.474+0600][80.148s][info][gc,ergo     ] GC(58) Adaptive CSet Selection. Target Free: 283M, Actual Free: 1425M, Max CSet: 85333K, Min Garbage: 0B
[2026-04-03T02:50:51.474+0600][80.148s][info][gc,ergo     ] GC(58) Collectable Garbage: 1295M (99%), Immediate: 992M (76%), CSet: 303M (23%)
[2026-04-03T02:50:51.474+0600][80.148s][info][gc,ergo     ] GC(58) Pacer for Evacuation. Used CSet: 312M, Free: 1460M, Non-Taxable: 146M, Alloc Tax Rate: 1.1x
[2026-04-03T02:50:51.474+0600][80.148s][info][gc          ] GC(58) Pause Final Mark (unload classes) 1.136ms
[2026-04-03T02:50:51.474+0600][80.148s][info][gc,start    ] GC(58) Concurrent thread roots
[2026-04-03T02:50:51.474+0600][80.148s][info][gc,task     ] GC(58) Using 3 of 6 workers for Concurrent thread roots
[2026-04-03T02:50:51.477+0600][80.151s][info][gc          ] GC(58) Concurrent thread roots 2.672ms
[2026-04-03T02:50:51.477+0600][80.151s][info][gc,start    ] GC(58) Concurrent weak references
[2026-04-03T02:50:51.477+0600][80.151s][info][gc,task     ] GC(58) Using 3 of 6 workers for concurrent weak references
[2026-04-03T02:50:51.478+0600][80.152s][info][gc,ref      ] GC(58) Encountered references: Soft: 3784, Weak: 17936, Final: 84, Phantom: 621
[2026-04-03T02:50:51.478+0600][80.152s][info][gc,ref      ] GC(58) Discovered  references: Soft: 0, Weak: 8171, Final: 0, Phantom: 583
[2026-04-03T02:50:51.478+0600][80.152s][info][gc,ref      ] GC(58) Enqueued    references: Soft: 0, Weak: 3327, Final: 0, Phantom: 0
[2026-04-03T02:50:51.478+0600][80.152s][info][gc          ] GC(58) Concurrent weak references 1.234ms
[2026-04-03T02:50:51.478+0600][80.152s][info][gc,start    ] GC(58) Concurrent weak roots
[2026-04-03T02:50:51.478+0600][80.152s][info][gc,task     ] GC(58) Using 3 of 6 workers for concurrent weak root
[2026-04-03T02:50:51.484+0600][80.158s][info][gc          ] GC(58) Concurrent weak roots 5.610ms
[2026-04-03T02:50:51.484+0600][80.158s][info][gc,start    ] GC(58) Concurrent cleanup
[2026-04-03T02:50:51.485+0600][80.159s][info][gc          ] GC(58) Concurrent cleanup 1436M->444M(1745M) 1.349ms
[2026-04-03T02:50:51.485+0600][80.159s][info][gc,ergo     ] GC(58) Free: 1450M, Max: 512K regular, 325M humongous, Frag: 78% external, 0% internal; Reserve: 101703K, Max: 512K
[2026-04-03T02:50:51.485+0600][80.159s][info][gc,start    ] GC(58) Concurrent class unloading
[2026-04-03T02:50:51.485+0600][80.159s][info][gc,task     ] GC(58) Using 3 of 6 workers for concurrent class unloading
[2026-04-03T02:50:51.516+0600][80.190s][info][gc          ] GC(58) Concurrent class unloading 30.261ms
[2026-04-03T02:50:51.516+0600][80.190s][info][gc,start    ] GC(58) Concurrent strong roots
[2026-04-03T02:50:51.516+0600][80.190s][info][gc,task     ] GC(58) Using 3 of 6 workers for concurrent strong root
[2026-04-03T02:50:51.517+0600][80.191s][info][gc          ] GC(58) Concurrent strong roots 1.538ms
[2026-04-03T02:50:51.517+0600][80.191s][info][gc,start    ] GC(58) Concurrent evacuation
[2026-04-03T02:50:51.518+0600][80.191s][info][gc,task     ] GC(58) Using 3 of 6 workers for concurrent evacuation
[2026-04-03T02:50:51.524+0600][80.198s][info][gc          ] GC(58) Concurrent evacuation 6.957ms
[2026-04-03T02:50:51.525+0600][80.199s][info][gc,start    ] GC(58) Pause Init Update Refs
[2026-04-03T02:50:51.525+0600][80.199s][info][gc,ergo     ] GC(58) Pacer for Update Refs. Used: 475M, Free: 1428M, Non-Taxable: 142M, Alloc Tax Rate: 1.1x
[2026-04-03T02:50:51.525+0600][80.199s][info][gc          ] GC(58) Pause Init Update Refs 0.129ms
[2026-04-03T02:50:51.525+0600][80.199s][info][gc,start    ] GC(58) Concurrent update references
[2026-04-03T02:50:51.525+0600][80.199s][info][gc,task     ] GC(58) Using 3 of 6 workers for concurrent reference update
[2026-04-03T02:50:51.584+0600][80.258s][info][gc          ] GC(58) Concurrent update references 59.347ms
[2026-04-03T02:50:51.584+0600][80.258s][info][gc,start    ] GC(58) Concurrent update thread roots
[2026-04-03T02:50:51.586+0600][80.260s][info][gc          ] GC(58) Concurrent update thread roots 1.757ms
[2026-04-03T02:50:51.586+0600][80.260s][info][gc,start    ] GC(58) Pause Final Update Refs
[2026-04-03T02:50:51.586+0600][80.260s][info][gc,task     ] GC(58) Using 6 of 6 workers for final reference update
[2026-04-03T02:50:51.587+0600][80.260s][info][gc          ] GC(58) Pause Final Update Refs 0.248ms
[2026-04-03T02:50:51.587+0600][80.261s][info][gc,start    ] GC(58) Concurrent cleanup
[2026-04-03T02:50:51.587+0600][80.261s][info][gc          ] GC(58) Concurrent cleanup 523M->210M(1745M) 0.382ms
[2026-04-03T02:50:51.587+0600][80.261s][info][gc,ergo     ] Free: 1679M, Max: 512K regular, 943M humongous, Frag: 44% external, 0% internal; Reserve: 100M, Max: 512K
[2026-04-03T02:50:51.587+0600][80.261s][info][gc,stats    ] 
[2026-04-03T02:50:51.587+0600][80.261s][info][gc,stats    ] All times are wall-clock times, except per-root-class counters, that are sum over
[2026-04-03T02:50:51.587+0600][80.261s][info][gc,stats    ] all workers. Dividing the <total> over the root stage time estimates parallelism.
[2026-04-03T02:50:51.587+0600][80.261s][info][gc,stats    ] 
[2026-04-03T02:50:51.587+0600][80.261s][info][gc,stats    ] Concurrent Reset                   3480 us
[2026-04-03T02:50:51.587+0600][80.261s][info][gc,stats    ] Pause Init Mark (G)                 400 us
[2026-04-03T02:50:51.587+0600][80.261s][info][gc,stats    ] Pause Init Mark (N)                 182 us
[2026-04-03T02:50:51.587+0600][80.261s][info][gc,stats    ]   Update Region States               42 us
[2026-04-03T02:50:51.587+0600][80.261s][info][gc,stats    ] Concurrent Mark Roots              1278 us, parallelism: 1.71x
[2026-04-03T02:50:51.587+0600][80.261s][info][gc,stats    ]   CMR: <total>                     2187 us
[2026-04-03T02:50:51.587+0600][80.261s][info][gc,stats    ]   CMR: Thread Roots                1952 us, workers (us): 539, 713, 700, ---, ---, ---, 
[2026-04-03T02:50:51.587+0600][80.261s][info][gc,stats    ]   CMR: VM Strong Roots               30 us, workers (us):  28,   1,   1, ---, ---, ---, 
[2026-04-03T02:50:51.588+0600][80.261s][info][gc,stats    ]   CMR: CLDG Roots                   205 us, workers (us): 205, ---, ---, ---, ---, ---, 
[2026-04-03T02:50:51.588+0600][80.261s][info][gc,stats    ] Concurrent Marking                52674 us
[2026-04-03T02:50:51.588+0600][80.261s][info][gc,stats    ] Pause Final Mark (G)               1425 us
[2026-04-03T02:50:51.588+0600][80.261s][info][gc,stats    ] Pause Final Mark (N)               1150 us
[2026-04-03T02:50:51.588+0600][80.261s][info][gc,stats    ]   Finish Mark                       389 us
[2026-04-03T02:50:51.588+0600][80.261s][info][gc,stats    ]   Update Region States               79 us
[2026-04-03T02:50:51.588+0600][80.261s][info][gc,stats    ]   Choose Collection Set             413 us
[2026-04-03T02:50:51.588+0600][80.261s][info][gc,stats    ]   Rebuild Free Set                   70 us
[2026-04-03T02:50:51.588+0600][80.261s][info][gc,stats    ] Concurrent Thread Roots            2741 us, parallelism: 1.96x
[2026-04-03T02:50:51.588+0600][80.261s][info][gc,stats    ]   CTR: <total>                     5368 us
[2026-04-03T02:50:51.588+0600][80.261s][info][gc,stats    ]   CTR: Thread Roots                5368 us, workers (us): 2418, 1457, 1492, ---, ---, ---, 
[2026-04-03T02:50:51.588+0600][80.261s][info][gc,stats    ] Concurrent Weak References         1252 us, parallelism: 1.37x
[2026-04-03T02:50:51.588+0600][80.261s][info][gc,stats    ]   CWRF: <total>                    1717 us
[2026-04-03T02:50:51.588+0600][80.261s][info][gc,stats    ]   CWRF: Weak References            1717 us, workers (us): 949, 617, 151, ---, ---, ---, 
[2026-04-03T02:50:51.588+0600][80.261s][info][gc,stats    ] Concurrent Weak Roots              5716 us
[2026-04-03T02:50:51.588+0600][80.261s][info][gc,stats    ]   Roots                            5150 us, parallelism: 2.67x
[2026-04-03T02:50:51.588+0600][80.261s][info][gc,stats    ]     CWR: <total>                  13753 us
[2026-04-03T02:50:51.588+0600][80.262s][info][gc,stats    ]     CWR: Code Cache Roots          9835 us, workers (us): 3385, 3364, 3085, ---, ---, ---, 
[2026-04-03T02:50:51.588+0600][80.262s][info][gc,stats    ]     CWR: VM Weak Roots             3639 us, workers (us): 1227, 1224, 1188, ---, ---, ---, 
[2026-04-03T02:50:51.588+0600][80.262s][info][gc,stats    ]     CWR: CLDG Roots                 280 us, workers (us): ---, ---, 280, ---, ---, ---, 
[2026-04-03T02:50:51.588+0600][80.262s][info][gc,stats    ]   Rendezvous                        419 us
[2026-04-03T02:50:51.588+0600][80.262s][info][gc,stats    ] Concurrent Cleanup                 1423 us
[2026-04-03T02:50:51.588+0600][80.262s][info][gc,stats    ] Concurrent Class Unloading        30395 us
[2026-04-03T02:50:51.588+0600][80.262s][info][gc,stats    ]   Unlink Stale                    18764 us
[2026-04-03T02:50:51.588+0600][80.262s][info][gc,stats    ]     System Dictionary               323 us
[2026-04-03T02:50:51.588+0600][80.262s][info][gc,stats    ]     Weak Class Links                  0 us
[2026-04-03T02:50:51.588+0600][80.262s][info][gc,stats    ]     Code Roots                    18436 us
[2026-04-03T02:50:51.588+0600][80.262s][info][gc,stats    ]   Rendezvous                       3393 us
[2026-04-03T02:50:51.588+0600][80.262s][info][gc,stats    ]   Purge Unlinked                   8068 us
[2026-04-03T02:50:51.588+0600][80.262s][info][gc,stats    ]     Code Roots                     8047 us
[2026-04-03T02:50:51.588+0600][80.262s][info][gc,stats    ]     CLDG                             19 us
[2026-04-03T02:50:51.588+0600][80.262s][info][gc,stats    ]     Exception Caches                  1 us
[2026-04-03T02:50:51.588+0600][80.262s][info][gc,stats    ] Concurrent Strong Roots            1671 us, parallelism: 0.67x
[2026-04-03T02:50:51.588+0600][80.262s][info][gc,stats    ]   CSR: <total>                     1112 us
[2026-04-03T02:50:51.588+0600][80.262s][info][gc,stats    ]   CSR: VM Strong Roots               67 us, workers (us):  37,  29,   0, ---, ---, ---, 
[2026-04-03T02:50:51.588+0600][80.262s][info][gc,stats    ]   CSR: CLDG Roots                  1046 us, workers (us): 1046, ---, ---, ---, ---, ---, 
[2026-04-03T02:50:51.588+0600][80.262s][info][gc,stats    ] Concurrent Evacuation              7041 us
[2026-04-03T02:50:51.588+0600][80.262s][info][gc,stats    ] Pause Init Update Refs (G)          431 us
[2026-04-03T02:50:51.588+0600][80.262s][info][gc,stats    ] Pause Init Update Refs (N)          142 us
[2026-04-03T02:50:51.588+0600][80.262s][info][gc,stats    ]   Manage GCLABs                      76 us
[2026-04-03T02:50:51.588+0600][80.262s][info][gc,stats    ] Concurrent Update Refs            59424 us
[2026-04-03T02:50:51.588+0600][80.262s][info][gc,stats    ] Concurrent Update Thread Roots     1837 us
[2026-04-03T02:50:51.588+0600][80.262s][info][gc,stats    ] Pause Final Update Refs (G)         585 us
[2026-04-03T02:50:51.588+0600][80.262s][info][gc,stats    ] Pause Final Update Refs (N)         278 us
[2026-04-03T02:50:51.588+0600][80.262s][info][gc,stats    ]   Update Region States               80 us
[2026-04-03T02:50:51.588+0600][80.262s][info][gc,stats    ]   Trash Collection Set               31 us
[2026-04-03T02:50:51.588+0600][80.262s][info][gc,stats    ]   Rebuild Free Set                   59 us
[2026-04-03T02:50:51.588+0600][80.262s][info][gc,stats    ] Concurrent Cleanup                  408 us
[2026-04-03T02:50:51.588+0600][80.262s][info][gc,stats    ] 
[2026-04-03T02:50:51.588+0600][80.262s][info][gc,stats    ] Allocation pacing accrued:
[2026-04-03T02:50:51.588+0600][80.262s][info][gc,stats    ]       0 of  1446 ms (  0.0%): <total>
[2026-04-03T02:50:51.588+0600][80.262s][info][gc,stats    ]       0 of  1446 ms (  0.0%): <average total>
[2026-04-03T02:50:51.588+0600][80.262s][info][gc,stats    ] 
[2026-04-03T02:50:51.588+0600][80.262s][info][gc,metaspace] Metaspace: 131583K(132864K)->131583K(132864K) NonClass: 115077K(115712K)->115078K(115712K) Class: 16505K(17152K)->16505K(17152K)
[2026-04-03T02:50:51.588+0600][80.262s][info][gc,ergo     ] Pacer for Idle. Initial: 40960K, Alloc Tax Rate: 1.0x
[2026-04-03T02:50:51.950+0600][80.624s][info][gc          ] Trigger: Average GC time (216.12 ms) is above the time for average allocation rate (2644 MB/s) to deplete free headroom (569M) (margin of error = 1.80)
[2026-04-03T02:50:51.950+0600][80.624s][info][gc,ergo     ] Free headroom: 669M (free) - 100M (spike) - 0B (penalties) = 569M
[2026-04-03T02:50:51.950+0600][80.624s][info][gc,ergo     ] Free: 668M, Max: 512K regular, 324M humongous, Frag: 52% external, 0% internal; Reserve: 100M, Max: 512K
[2026-04-03T02:50:51.950+0600][80.624s][info][gc,start    ] GC(59) Concurrent reset
[2026-04-03T02:50:51.951+0600][80.624s][info][gc,task     ] GC(59) Using 3 of 6 workers for concurrent reset
[2026-04-03T02:50:51.951+0600][80.624s][info][gc,ergo     ] GC(59) Pacer for Reset. Non-Taxable: 2000M
[2026-04-03T02:50:51.954+0600][80.628s][info][gc          ] GC(59) Concurrent reset 3.826ms
[2026-04-03T02:50:51.955+0600][80.628s][info][gc,start    ] GC(59) Pause Init Mark (unload classes)
[2026-04-03T02:50:51.955+0600][80.628s][info][gc,task     ] GC(59) Using 6 of 6 workers for init marking
[2026-04-03T02:50:51.955+0600][80.629s][info][gc,ergo     ] GC(59) Pacer for Mark. Expected Live: 98353K, Free: 659M, Non-Taxable: 67565K, Alloc Tax Rate: 0.2x
[2026-04-03T02:50:51.955+0600][80.629s][info][gc          ] GC(59) Pause Init Mark (unload classes) 0.155ms
[2026-04-03T02:50:51.955+0600][80.629s][info][gc,start    ] GC(59) Concurrent marking roots
[2026-04-03T02:50:51.955+0600][80.629s][info][gc,task     ] GC(59) Using 3 of 6 workers for concurrent marking roots
[2026-04-03T02:50:51.957+0600][80.630s][info][gc          ] GC(59) Concurrent marking roots 1.746ms
[2026-04-03T02:50:51.957+0600][80.631s][info][gc,start    ] GC(59) Concurrent marking (unload classes)
[2026-04-03T02:50:51.957+0600][80.631s][info][gc,task     ] GC(59) Using 3 of 6 workers for concurrent marking
[2026-04-03T02:50:52.002+0600][80.676s][info][gc          ] GC(59) Concurrent marking (unload classes) 45.154ms
[2026-04-03T02:50:52.002+0600][80.676s][info][gc,start    ] GC(59) Pause Final Mark (unload classes)
[2026-04-03T02:50:52.002+0600][80.676s][info][gc,task     ] GC(59) Using 6 of 6 workers for final marking
[2026-04-03T02:50:52.003+0600][80.676s][info][gc,ergo     ] GC(59) Adaptive CSet Selection. Target Free: 283M, Actual Free: 1633M, Max CSet: 85333K, Min Garbage: 0B
[2026-04-03T02:50:52.003+0600][80.677s][info][gc,ergo     ] GC(59) Collectable Garbage: 1036M (99%), Immediate: 920M (87%), CSet: 116M (11%)
[2026-04-03T02:50:52.003+0600][80.677s][info][gc,ergo     ] GC(59) Pacer for Evacuation. Used CSet: 124M, Free: 1634M, Non-Taxable: 163M, Alloc Tax Rate: 1.1x
[2026-04-03T02:50:52.003+0600][80.677s][info][gc          ] GC(59) Pause Final Mark (unload classes) 0.744ms
[2026-04-03T02:50:52.003+0600][80.677s][info][gc,start    ] GC(59) Concurrent thread roots
[2026-04-03T02:50:52.003+0600][80.677s][info][gc,task     ] GC(59) Using 3 of 6 workers for Concurrent thread roots
[2026-04-03T02:50:52.004+0600][80.678s][info][gc          ] GC(59) Concurrent thread roots 0.896ms
[2026-04-03T02:50:52.004+0600][80.678s][info][gc,start    ] GC(59) Concurrent weak references
[2026-04-03T02:50:52.004+0600][80.678s][info][gc,task     ] GC(59) Using 3 of 6 workers for concurrent weak references
[2026-04-03T02:50:52.005+0600][80.679s][info][gc,ref      ] GC(59) Encountered references: Soft: 3792, Weak: 15524, Final: 84, Phantom: 621
[2026-04-03T02:50:52.005+0600][80.679s][info][gc,ref      ] GC(59) Discovered  references: Soft: 0, Weak: 8906, Final: 52, Phantom: 617
[2026-04-03T02:50:52.005+0600][80.679s][info][gc,ref      ] GC(59) Enqueued    references: Soft: 0, Weak: 810, Final: 0, Phantom: 0
[2026-04-03T02:50:52.005+0600][80.679s][info][gc          ] GC(59) Concurrent weak references 1.164ms
[2026-04-03T02:50:52.005+0600][80.679s][info][gc,start    ] GC(59) Concurrent weak roots
[2026-04-03T02:50:52.005+0600][80.679s][info][gc,task     ] GC(59) Using 3 of 6 workers for concurrent weak root
[2026-04-03T02:50:52.010+0600][80.684s][info][gc          ] GC(59) Concurrent weak roots 4.918ms
[2026-04-03T02:50:52.010+0600][80.684s][info][gc,start    ] GC(59) Concurrent cleanup
[2026-04-03T02:50:52.011+0600][80.685s][info][gc          ] GC(59) Concurrent cleanup 1184M->263M(1745M) 1.113ms
[2026-04-03T02:50:52.011+0600][80.685s][info][gc,ergo     ] GC(59) Free: 1629M, Max: 512K regular, 324M humongous, Frag: 81% external, 0% internal; Reserve: 102156K, Max: 512K
[2026-04-03T02:50:52.011+0600][80.685s][info][gc,start    ] GC(59) Concurrent class unloading
[2026-04-03T02:50:52.011+0600][80.685s][info][gc,task     ] GC(59) Using 3 of 6 workers for concurrent class unloading
[2026-04-03T02:50:52.032+0600][80.706s][info][gc          ] GC(59) Concurrent class unloading 20.940ms
[2026-04-03T02:50:52.032+0600][80.706s][info][gc,start    ] GC(59) Concurrent strong roots
[2026-04-03T02:50:52.032+0600][80.706s][info][gc,task     ] GC(59) Using 3 of 6 workers for concurrent strong root
[2026-04-03T02:50:52.033+0600][80.707s][info][gc          ] GC(59) Concurrent strong roots 1.165ms
[2026-04-03T02:50:52.034+0600][80.707s][info][gc,start    ] GC(59) Concurrent evacuation
[2026-04-03T02:50:52.034+0600][80.707s][info][gc,task     ] GC(59) Using 3 of 6 workers for concurrent evacuation
[2026-04-03T02:50:52.037+0600][80.711s][info][gc          ] GC(59) Concurrent evacuation 3.640ms
[2026-04-03T02:50:52.037+0600][80.711s][info][gc,start    ] GC(59) Pause Init Update Refs
[2026-04-03T02:50:52.038+0600][80.711s][info][gc,ergo     ] GC(59) Pacer for Update Refs. Used: 299M, Free: 1598M, Non-Taxable: 159M, Alloc Tax Rate: 1.1x
[2026-04-03T02:50:52.038+0600][80.711s][info][gc          ] GC(59) Pause Init Update Refs 0.187ms
[2026-04-03T02:50:52.038+0600][80.711s][info][gc,start    ] GC(59) Concurrent update references
[2026-04-03T02:50:52.038+0600][80.712s][info][gc,task     ] GC(59) Using 3 of 6 workers for concurrent reference update
[2026-04-03T02:50:52.084+0600][80.758s][info][gc          ] GC(59) Concurrent update references 46.262ms
[2026-04-03T02:50:52.097+0600][80.770s][info][gc,start    ] GC(59) Concurrent update thread roots
[2026-04-03T02:50:52.099+0600][80.772s][info][gc          ] GC(59) Concurrent update thread roots 1.966ms
[2026-04-03T02:50:52.099+0600][80.773s][info][gc,start    ] GC(59) Pause Final Update Refs
[2026-04-03T02:50:52.099+0600][80.773s][info][gc,task     ] GC(59) Using 6 of 6 workers for final reference update
[2026-04-03T02:50:52.099+0600][80.773s][info][gc          ] GC(59) Pause Final Update Refs 0.347ms
[2026-04-03T02:50:52.099+0600][80.773s][info][gc,start    ] GC(59) Concurrent cleanup
[2026-04-03T02:50:52.100+0600][80.774s][info][gc          ] GC(59) Concurrent cleanup 319M->194M(1745M) 0.992ms
[2026-04-03T02:50:52.101+0600][80.774s][info][gc,ergo     ] Free: 1690M, Max: 512K regular, 679M humongous, Frag: 60% external, 0% internal; Reserve: 100M, Max: 512K
[2026-04-03T02:50:52.101+0600][80.774s][info][gc,stats    ] 
[2026-04-03T02:50:52.101+0600][80.774s][info][gc,stats    ] All times are wall-clock times, except per-root-class counters, that are sum over
[2026-04-03T02:50:52.101+0600][80.774s][info][gc,stats    ] all workers. Dividing the <total> over the root stage time estimates parallelism.
[2026-04-03T02:50:52.101+0600][80.774s][info][gc,stats    ] 
[2026-04-03T02:50:52.101+0600][80.774s][info][gc,stats    ] Concurrent Reset                   3883 us
[2026-04-03T02:50:52.101+0600][80.774s][info][gc,stats    ] Pause Init Mark (G)                 504 us
[2026-04-03T02:50:52.101+0600][80.774s][info][gc,stats    ] Pause Init Mark (N)                 166 us
[2026-04-03T02:50:52.101+0600][80.774s][info][gc,stats    ]   Update Region States               45 us
[2026-04-03T02:50:52.101+0600][80.774s][info][gc,stats    ] Concurrent Mark Roots              1795 us, parallelism: 2.09x
[2026-04-03T02:50:52.101+0600][80.774s][info][gc,stats    ]   CMR: <total>                     3755 us
[2026-04-03T02:50:52.101+0600][80.775s][info][gc,stats    ]   CMR: Thread Roots                3266 us, workers (us): 1230, 1235, 801, ---, ---, ---, 
[2026-04-03T02:50:52.101+0600][80.775s][info][gc,stats    ]   CMR: VM Strong Roots               61 us, workers (us):  27,  20,  14, ---, ---, ---, 
[2026-04-03T02:50:52.101+0600][80.775s][info][gc,stats    ]   CMR: CLDG Roots                   428 us, workers (us): ---, ---, 428, ---, ---, ---, 
[2026-04-03T02:50:52.101+0600][80.775s][info][gc,stats    ] Concurrent Marking                45220 us
[2026-04-03T02:50:52.101+0600][80.775s][info][gc,stats    ] Pause Final Mark (G)               1018 us
[2026-04-03T02:50:52.101+0600][80.775s][info][gc,stats    ] Pause Final Mark (N)                756 us
[2026-04-03T02:50:52.101+0600][80.775s][info][gc,stats    ]   Finish Mark                       262 us
[2026-04-03T02:50:52.101+0600][80.775s][info][gc,stats    ]   Update Region States               66 us
[2026-04-03T02:50:52.101+0600][80.775s][info][gc,stats    ]   Choose Collection Set             219 us
[2026-04-03T02:50:52.101+0600][80.775s][info][gc,stats    ]   Rebuild Free Set                   40 us
[2026-04-03T02:50:52.101+0600][80.775s][info][gc,stats    ] Concurrent Thread Roots             941 us, parallelism: 2.19x
[2026-04-03T02:50:52.101+0600][80.775s][info][gc,stats    ]   CTR: <total>                     2060 us
[2026-04-03T02:50:52.101+0600][80.775s][info][gc,stats    ]   CTR: Thread Roots                2060 us, workers (us): 708, 684, 668, ---, ---, ---, 
[2026-04-03T02:50:52.101+0600][80.775s][info][gc,stats    ] Concurrent Weak References         1178 us, parallelism: 1.06x
[2026-04-03T02:50:52.101+0600][80.775s][info][gc,stats    ]   CWRF: <total>                    1249 us
[2026-04-03T02:50:52.101+0600][80.775s][info][gc,stats    ]   CWRF: Weak References            1249 us, workers (us): 202, 134, 913, ---, ---, ---, 
[2026-04-03T02:50:52.101+0600][80.775s][info][gc,stats    ] Concurrent Weak Roots              5000 us
[2026-04-03T02:50:52.101+0600][80.775s][info][gc,stats    ]   Roots                            4562 us, parallelism: 2.71x
[2026-04-03T02:50:52.101+0600][80.775s][info][gc,stats    ]     CWR: <total>                  12349 us
[2026-04-03T02:50:52.101+0600][80.775s][info][gc,stats    ]     CWR: Code Cache Roots          9885 us, workers (us): 3151, 3317, 3417, ---, ---, ---, 
[2026-04-03T02:50:52.101+0600][80.775s][info][gc,stats    ]     CWR: VM Weak Roots             2310 us, workers (us): 797, 768, 746, ---, ---, ---, 
[2026-04-03T02:50:52.101+0600][80.775s][info][gc,stats    ]     CWR: CLDG Roots                 154 us, workers (us): 154, ---, ---, ---, ---, ---, 
[2026-04-03T02:50:52.101+0600][80.775s][info][gc,stats    ]   Rendezvous                        325 us
[2026-04-03T02:50:52.101+0600][80.775s][info][gc,stats    ] Concurrent Cleanup                 1158 us
[2026-04-03T02:50:52.101+0600][80.775s][info][gc,stats    ] Concurrent Class Unloading        21020 us
[2026-04-03T02:50:52.101+0600][80.775s][info][gc,stats    ]   Unlink Stale                    19480 us
[2026-04-03T02:50:52.101+0600][80.775s][info][gc,stats    ]     System Dictionary               270 us
[2026-04-03T02:50:52.101+0600][80.775s][info][gc,stats    ]     Weak Class Links                  0 us
[2026-04-03T02:50:52.101+0600][80.775s][info][gc,stats    ]     Code Roots                    19206 us
[2026-04-03T02:50:52.101+0600][80.775s][info][gc,stats    ]   Rendezvous                        339 us
[2026-04-03T02:50:52.101+0600][80.775s][info][gc,stats    ]   Purge Unlinked                   1080 us
[2026-04-03T02:50:52.101+0600][80.775s][info][gc,stats    ]     Code Roots                     1067 us
[2026-04-03T02:50:52.101+0600][80.775s][info][gc,stats    ]     CLDG                             12 us
[2026-04-03T02:50:52.101+0600][80.775s][info][gc,stats    ]     Exception Caches                  1 us
[2026-04-03T02:50:52.101+0600][80.775s][info][gc,stats    ] Concurrent Strong Roots            1198 us, parallelism: 0.68x
[2026-04-03T02:50:52.101+0600][80.775s][info][gc,stats    ]   CSR: <total>                      814 us
[2026-04-03T02:50:52.101+0600][80.775s][info][gc,stats    ]   CSR: VM Strong Roots               72 us, workers (us):  38,  33,   0, ---, ---, ---, 
[2026-04-03T02:50:52.101+0600][80.775s][info][gc,stats    ]   CSR: CLDG Roots                   742 us, workers (us): 742, ---, ---, ---, ---, ---, 
[2026-04-03T02:50:52.101+0600][80.775s][info][gc,stats    ] Concurrent Evacuation              3744 us
[2026-04-03T02:50:52.101+0600][80.775s][info][gc,stats    ] Pause Init Update Refs (G)          391 us
[2026-04-03T02:50:52.101+0600][80.775s][info][gc,stats    ] Pause Init Update Refs (N)          203 us
[2026-04-03T02:50:52.101+0600][80.775s][info][gc,stats    ]   Manage GCLABs                      48 us
[2026-04-03T02:50:52.101+0600][80.775s][info][gc,stats    ] Concurrent Update Refs            58964 us
[2026-04-03T02:50:52.101+0600][80.775s][info][gc,stats    ] Concurrent Update Thread Roots     2105 us
[2026-04-03T02:50:52.101+0600][80.775s][info][gc,stats    ] Pause Final Update Refs (G)         697 us
[2026-04-03T02:50:52.101+0600][80.775s][info][gc,stats    ] Pause Final Update Refs (N)         377 us
[2026-04-03T02:50:52.101+0600][80.775s][info][gc,stats    ]   Update Region States               98 us
[2026-04-03T02:50:52.101+0600][80.775s][info][gc,stats    ]   Trash Collection Set               29 us
[2026-04-03T02:50:52.101+0600][80.775s][info][gc,stats    ]   Rebuild Free Set                   90 us
[2026-04-03T02:50:52.101+0600][80.775s][info][gc,stats    ] Concurrent Cleanup                 1022 us
[2026-04-03T02:50:52.101+0600][80.775s][info][gc,stats    ] 
[2026-04-03T02:50:52.101+0600][80.775s][info][gc,stats    ] Allocation pacing accrued:
[2026-04-03T02:50:52.101+0600][80.775s][info][gc,stats    ]       0 of   513 ms (  0.0%): <total>
[2026-04-03T02:50:52.101+0600][80.775s][info][gc,stats    ]       0 of   513 ms (  0.0%): <average total>
[2026-04-03T02:50:52.101+0600][80.775s][info][gc,stats    ] 
[2026-04-03T02:50:52.101+0600][80.775s][info][gc,metaspace] Metaspace: 131590K(132864K)->131590K(132864K) NonClass: 115084K(115712K)->115084K(115712K) Class: 16505K(17152K)->16505K(17152K)
[2026-04-03T02:50:52.101+0600][80.775s][info][gc,ergo     ] Pacer for Idle. Initial: 40960K, Alloc Tax Rate: 1.0x
[2026-04-03T02:50:53.510+0600][82.184s][info][gc          ] Trigger: Average GC time (203.11 ms) is above the time for average allocation rate (985 MB/s) to deplete free headroom (172M) (margin of error = 1.80)
[2026-04-03T02:50:53.510+0600][82.184s][info][gc,ergo     ] Free headroom: 272M (free) - 100M (spike) - 0B (penalties) = 172M
[2026-04-03T02:50:53.510+0600][82.184s][info][gc,ergo     ] Free: 272M, Max: 512K regular, 269M humongous, Frag: 0% external, 0% internal; Reserve: 100M, Max: 512K
[2026-04-03T02:50:53.510+0600][82.184s][info][gc,start    ] GC(60) Concurrent reset
[2026-04-03T02:50:53.510+0600][82.184s][info][gc,task     ] GC(60) Using 3 of 6 workers for concurrent reset
[2026-04-03T02:50:53.510+0600][82.184s][info][gc,ergo     ] GC(60) Pacer for Reset. Non-Taxable: 2000M
[2026-04-03T02:50:53.512+0600][82.186s][info][gc          ] GC(60) Concurrent reset 1.688ms
[2026-04-03T02:50:53.512+0600][82.186s][info][gc,start    ] GC(60) Pause Init Mark (unload classes)
[2026-04-03T02:50:53.512+0600][82.186s][info][gc,task     ] GC(60) Using 6 of 6 workers for init marking
[2026-04-03T02:50:53.513+0600][82.186s][info][gc,ergo     ] GC(60) Pacer for Mark. Expected Live: 98921K, Free: 271M, Non-Taxable: 27776K, Alloc Tax Rate: 0.4x
[2026-04-03T02:50:53.513+0600][82.186s][info][gc          ] GC(60) Pause Init Mark (unload classes) 0.149ms
[2026-04-03T02:50:53.513+0600][82.186s][info][gc,start    ] GC(60) Concurrent marking roots
[2026-04-03T02:50:53.513+0600][82.187s][info][gc,task     ] GC(60) Using 3 of 6 workers for concurrent marking roots
[2026-04-03T02:50:53.514+0600][82.188s][info][gc          ] GC(60) Concurrent marking roots 1.674ms
[2026-04-03T02:50:53.514+0600][82.188s][info][gc,start    ] GC(60) Concurrent marking (unload classes)
[2026-04-03T02:50:53.514+0600][82.188s][info][gc,task     ] GC(60) Using 3 of 6 workers for concurrent marking
[2026-04-03T02:50:53.575+0600][82.249s][info][gc          ] GC(60) Concurrent marking (unload classes) 60.996ms
[2026-04-03T02:50:53.576+0600][82.249s][info][gc,start    ] GC(60) Pause Final Mark (unload classes)
[2026-04-03T02:50:53.576+0600][82.249s][info][gc,task     ] GC(60) Using 6 of 6 workers for final marking
[2026-04-03T02:50:53.576+0600][82.250s][info][gc,ergo     ] GC(60) Adaptive CSet Selection. Target Free: 283M, Actual Free: 1391M, Max CSet: 85333K, Min Garbage: 0B
[2026-04-03T02:50:53.576+0600][82.250s][info][gc,ergo     ] GC(60) Collectable Garbage: 1390M (99%), Immediate: 1066M (76%), CSet: 323M (23%)
[2026-04-03T02:50:53.576+0600][82.250s][info][gc,ergo     ] GC(60) Pacer for Evacuation. Used CSet: 333M, Free: 1428M, Non-Taxable: 142M, Alloc Tax Rate: 1.1x
[2026-04-03T02:50:53.576+0600][82.250s][info][gc          ] GC(60) Pause Final Mark (unload classes) 0.877ms
[2026-04-03T02:50:53.577+0600][82.250s][info][gc,start    ] GC(60) Concurrent thread roots
[2026-04-03T02:50:53.577+0600][82.250s][info][gc,task     ] GC(60) Using 3 of 6 workers for Concurrent thread roots
[2026-04-03T02:50:53.578+0600][82.252s][info][gc          ] GC(60) Concurrent thread roots 1.212ms
[2026-04-03T02:50:53.578+0600][82.252s][info][gc,start    ] GC(60) Concurrent weak references
[2026-04-03T02:50:53.578+0600][82.252s][info][gc,task     ] GC(60) Using 3 of 6 workers for concurrent weak references
[2026-04-03T02:50:53.579+0600][82.253s][info][gc,ref      ] GC(60) Encountered references: Soft: 3792, Weak: 16890, Final: 84, Phantom: 621
[2026-04-03T02:50:53.579+0600][82.253s][info][gc,ref      ] GC(60) Discovered  references: Soft: 0, Weak: 9838, Final: 52, Phantom: 583
[2026-04-03T02:50:53.579+0600][82.253s][info][gc,ref      ] GC(60) Enqueued    references: Soft: 0, Weak: 1988, Final: 0, Phantom: 0
[2026-04-03T02:50:53.579+0600][82.253s][info][gc          ] GC(60) Concurrent weak references 1.114ms
[2026-04-03T02:50:53.579+0600][82.253s][info][gc,start    ] GC(60) Concurrent weak roots
[2026-04-03T02:50:53.579+0600][82.253s][info][gc,task     ] GC(60) Using 3 of 6 workers for concurrent weak root
[2026-04-03T02:50:53.585+0600][82.259s][info][gc          ] GC(60) Concurrent weak roots 5.717ms
[2026-04-03T02:50:53.585+0600][82.259s][info][gc,start    ] GC(60) Concurrent cleanup
[2026-04-03T02:50:53.586+0600][82.260s][info][gc          ] GC(60) Concurrent cleanup 1537M->471M(1745M) 1.179ms
[2026-04-03T02:50:53.586+0600][82.260s][info][gc,ergo     ] GC(60) Free: 1423M, Max: 512K regular, 219M humongous, Frag: 85% external, 0% internal; Reserve: 101475K, Max: 512K
[2026-04-03T02:50:53.586+0600][82.260s][info][gc,start    ] GC(60) Concurrent class unloading
[2026-04-03T02:50:53.586+0600][82.260s][info][gc,task     ] GC(60) Using 3 of 6 workers for concurrent class unloading
[2026-04-03T02:50:53.615+0600][82.289s][info][gc          ] GC(60) Concurrent class unloading 28.939ms
[2026-04-03T02:50:53.615+0600][82.289s][info][gc,start    ] GC(60) Concurrent strong roots
[2026-04-03T02:50:53.615+0600][82.289s][info][gc,task     ] GC(60) Using 3 of 6 workers for concurrent strong root
[2026-04-03T02:50:53.617+0600][82.291s][info][gc          ] GC(60) Concurrent strong roots 1.714ms
[2026-04-03T02:50:53.617+0600][82.291s][info][gc,start    ] GC(60) Concurrent evacuation
[2026-04-03T02:50:53.617+0600][82.291s][info][gc,task     ] GC(60) Using 3 of 6 workers for concurrent evacuation
[2026-04-03T02:50:53.625+0600][82.299s][info][gc          ] GC(60) Concurrent evacuation 8.250ms
[2026-04-03T02:50:53.626+0600][82.300s][info][gc,start    ] GC(60) Pause Init Update Refs
[2026-04-03T02:50:53.626+0600][82.300s][info][gc,ergo     ] GC(60) Pacer for Update Refs. Used: 502M, Free: 1400M, Non-Taxable: 140M, Alloc Tax Rate: 1.1x
[2026-04-03T02:50:53.626+0600][82.300s][info][gc          ] GC(60) Pause Init Update Refs 0.187ms
[2026-04-03T02:50:53.626+0600][82.300s][info][gc,start    ] GC(60) Concurrent update references
[2026-04-03T02:50:53.626+0600][82.300s][info][gc,task     ] GC(60) Using 3 of 6 workers for concurrent reference update
[2026-04-03T02:50:53.679+0600][82.353s][info][gc          ] GC(60) Concurrent update references 52.637ms
[2026-04-03T02:50:53.679+0600][82.353s][info][gc,start    ] GC(60) Concurrent update thread roots
[2026-04-03T02:50:53.681+0600][82.355s][info][gc          ] GC(60) Concurrent update thread roots 1.937ms
[2026-04-03T02:50:53.681+0600][82.355s][info][gc,start    ] GC(60) Pause Final Update Refs
[2026-04-03T02:50:53.681+0600][82.355s][info][gc,task     ] GC(60) Using 6 of 6 workers for final reference update
[2026-04-03T02:50:53.681+0600][82.355s][info][gc          ] GC(60) Pause Final Update Refs 0.273ms
[2026-04-03T02:50:53.682+0600][82.355s][info][gc,start    ] GC(60) Concurrent cleanup
[2026-04-03T02:50:53.682+0600][82.356s][info][gc          ] GC(60) Concurrent cleanup 548M->214M(1745M) 0.922ms
[2026-04-03T02:50:53.683+0600][82.356s][info][gc,ergo     ] Free: 1670M, Max: 512K regular, 1104M humongous, Frag: 34% external, 0% internal; Reserve: 100M, Max: 512K
[2026-04-03T02:50:53.683+0600][82.356s][info][gc,stats    ] 
[2026-04-03T02:50:53.683+0600][82.356s][info][gc,stats    ] All times are wall-clock times, except per-root-class counters, that are sum over
[2026-04-03T02:50:53.683+0600][82.356s][info][gc,stats    ] all workers. Dividing the <total> over the root stage time estimates parallelism.
[2026-04-03T02:50:53.683+0600][82.356s][info][gc,stats    ] 
[2026-04-03T02:50:53.683+0600][82.356s][info][gc,stats    ] Concurrent Reset                   1742 us
[2026-04-03T02:50:53.683+0600][82.356s][info][gc,stats    ] Pause Init Mark (G)                 417 us
[2026-04-03T02:50:53.683+0600][82.356s][info][gc,stats    ] Pause Init Mark (N)                 158 us
[2026-04-03T02:50:53.683+0600][82.356s][info][gc,stats    ]   Update Region States               41 us
[2026-04-03T02:50:53.683+0600][82.357s][info][gc,stats    ] Concurrent Mark Roots              1717 us, parallelism: 2.14x
[2026-04-03T02:50:53.683+0600][82.357s][info][gc,stats    ]   CMR: <total>                     3683 us
[2026-04-03T02:50:53.683+0600][82.357s][info][gc,stats    ]   CMR: Thread Roots                3235 us, workers (us): 823, 1202, 1210, ---, ---, ---, 
[2026-04-03T02:50:53.683+0600][82.357s][info][gc,stats    ]   CMR: VM Strong Roots               60 us, workers (us):  32,  27,   1, ---, ---, ---, 
[2026-04-03T02:50:53.683+0600][82.357s][info][gc,stats    ]   CMR: CLDG Roots                   388 us, workers (us): 388, ---, ---, ---, ---, ---, 
[2026-04-03T02:50:53.683+0600][82.357s][info][gc,stats    ] Concurrent Marking                61069 us
[2026-04-03T02:50:53.683+0600][82.357s][info][gc,stats    ] Pause Final Mark (G)               1195 us
[2026-04-03T02:50:53.683+0600][82.357s][info][gc,stats    ] Pause Final Mark (N)                887 us
[2026-04-03T02:50:53.683+0600][82.357s][info][gc,stats    ]   Finish Mark                       356 us
[2026-04-03T02:50:53.683+0600][82.357s][info][gc,stats    ]   Update Region States               61 us
[2026-04-03T02:50:53.683+0600][82.357s][info][gc,stats    ]   Choose Collection Set             310 us
[2026-04-03T02:50:53.683+0600][82.357s][info][gc,stats    ]   Rebuild Free Set                   51 us
[2026-04-03T02:50:53.683+0600][82.357s][info][gc,stats    ] Concurrent Thread Roots            1259 us, parallelism: 2.40x
[2026-04-03T02:50:53.683+0600][82.357s][info][gc,stats    ]   CTR: <total>                     3018 us
[2026-04-03T02:50:53.683+0600][82.357s][info][gc,stats    ]   CTR: Thread Roots                3018 us, workers (us): 1011, 1013, 993, ---, ---, ---, 
[2026-04-03T02:50:53.683+0600][82.357s][info][gc,stats    ] Concurrent Weak References         1124 us, parallelism: 1.25x
[2026-04-03T02:50:53.683+0600][82.357s][info][gc,stats    ]   CWRF: <total>                    1405 us
[2026-04-03T02:50:53.683+0600][82.357s][info][gc,stats    ]   CWRF: Weak References            1405 us, workers (us): 906, 155, 345, ---, ---, ---, 
[2026-04-03T02:50:53.683+0600][82.357s][info][gc,stats    ] Concurrent Weak Roots              5823 us
[2026-04-03T02:50:53.683+0600][82.357s][info][gc,stats    ]   Roots                            5326 us, parallelism: 2.75x
[2026-04-03T02:50:53.683+0600][82.357s][info][gc,stats    ]     CWR: <total>                  14625 us
[2026-04-03T02:50:53.683+0600][82.357s][info][gc,stats    ]     CWR: Code Cache Roots         11577 us, workers (us): 3849, 3873, 3855, ---, ---, ---, 
[2026-04-03T02:50:53.683+0600][82.357s][info][gc,stats    ]     CWR: VM Weak Roots             2874 us, workers (us): 992, 944, 938, ---, ---, ---, 
[2026-04-03T02:50:53.683+0600][82.357s][info][gc,stats    ]     CWR: CLDG Roots                 174 us, workers (us): ---, 174, ---, ---, ---, ---, 
[2026-04-03T02:50:53.683+0600][82.357s][info][gc,stats    ]   Rendezvous                        354 us
[2026-04-03T02:50:53.683+0600][82.357s][info][gc,stats    ] Concurrent Cleanup                 1307 us
[2026-04-03T02:50:53.683+0600][82.357s][info][gc,stats    ] Concurrent Class Unloading        29049 us
[2026-04-03T02:50:53.683+0600][82.357s][info][gc,stats    ]   Unlink Stale                    23148 us
[2026-04-03T02:50:53.683+0600][82.357s][info][gc,stats    ]     System Dictionary               324 us
[2026-04-03T02:50:53.683+0600][82.357s][info][gc,stats    ]     Weak Class Links                  1 us
[2026-04-03T02:50:53.683+0600][82.357s][info][gc,stats    ]     Code Roots                    22818 us
[2026-04-03T02:50:53.683+0600][82.357s][info][gc,stats    ]   Rendezvous                        546 us
[2026-04-03T02:50:53.683+0600][82.357s][info][gc,stats    ]   Purge Unlinked                   5181 us
[2026-04-03T02:50:53.683+0600][82.357s][info][gc,stats    ]     Code Roots                     5162 us
[2026-04-03T02:50:53.683+0600][82.357s][info][gc,stats    ]     CLDG                             17 us
[2026-04-03T02:50:53.683+0600][82.357s][info][gc,stats    ]     Exception Caches                  1 us
[2026-04-03T02:50:53.683+0600][82.357s][info][gc,stats    ] Concurrent Strong Roots            1805 us, parallelism: 0.73x
[2026-04-03T02:50:53.683+0600][82.357s][info][gc,stats    ]   CSR: <total>                     1324 us
[2026-04-03T02:50:53.683+0600][82.357s][info][gc,stats    ]   CSR: VM Strong Roots               58 us, workers (us):  34,  23,   0, ---, ---, ---, 
[2026-04-03T02:50:53.683+0600][82.357s][info][gc,stats    ]   CSR: CLDG Roots                  1266 us, workers (us): ---, 1266, ---, ---, ---, ---, 
[2026-04-03T02:50:53.683+0600][82.357s][info][gc,stats    ] Concurrent Evacuation              8354 us
[2026-04-03T02:50:53.683+0600][82.357s][info][gc,stats    ] Pause Init Update Refs (G)          569 us
[2026-04-03T02:50:53.683+0600][82.357s][info][gc,stats    ] Pause Init Update Refs (N)          201 us
[2026-04-03T02:50:53.683+0600][82.357s][info][gc,stats    ]   Manage GCLABs                      55 us
[2026-04-03T02:50:53.683+0600][82.357s][info][gc,stats    ] Concurrent Update Refs            52762 us
[2026-04-03T02:50:53.683+0600][82.357s][info][gc,stats    ] Concurrent Update Thread Roots     2034 us
[2026-04-03T02:50:53.683+0600][82.357s][info][gc,stats    ] Pause Final Update Refs (G)         625 us
[2026-04-03T02:50:53.683+0600][82.357s][info][gc,stats    ] Pause Final Update Refs (N)         313 us
[2026-04-03T02:50:53.683+0600][82.357s][info][gc,stats    ]   Update Region States               95 us
[2026-04-03T02:50:53.683+0600][82.357s][info][gc,stats    ]   Trash Collection Set               32 us
[2026-04-03T02:50:53.683+0600][82.357s][info][gc,stats    ]   Rebuild Free Set                   63 us
[2026-04-03T02:50:53.683+0600][82.357s][info][gc,stats    ] Concurrent Cleanup                  948 us
[2026-04-03T02:50:53.683+0600][82.357s][info][gc,stats    ] Pacing                            56013 us
[2026-04-03T02:50:53.683+0600][82.357s][info][gc,stats    ] 
[2026-04-03T02:50:53.683+0600][82.357s][info][gc,stats    ] Allocation pacing accrued:
[2026-04-03T02:50:53.683+0600][82.357s][info][gc,stats    ]      11 of  1582 ms (  0.7%): dispatcher-BlockManagerMaster
[2026-04-03T02:50:53.683+0600][82.357s][info][gc,stats    ]      11 of  1582 ms (  0.7%): netty-rpc-env-timeout
[2026-04-03T02:50:53.683+0600][82.357s][info][gc,stats    ]      11 of  1582 ms (  0.7%): Spark Context Cleaner
[2026-04-03T02:50:53.683+0600][82.357s][info][gc,stats    ]      11 of  1582 ms (  0.7%): element-tracking-store-worker
[2026-04-03T02:50:53.683+0600][82.357s][info][gc,stats    ]      11 of  1582 ms (  0.7%): task-result-getter-2
[2026-04-03T02:50:53.683+0600][82.357s][info][gc,stats    ]      56 of  1582 ms (  3.5%): <total>
[2026-04-03T02:50:53.683+0600][82.357s][info][gc,stats    ]       0 of  1582 ms (  0.0%): <average total>
[2026-04-03T02:50:53.683+0600][82.357s][info][gc,stats    ]      11 of  1582 ms (  0.7%): <average non-zero>
[2026-04-03T02:50:53.683+0600][82.357s][info][gc,stats    ] 
[2026-04-03T02:50:53.683+0600][82.357s][info][gc,metaspace] Metaspace: 131641K(132928K)->131641K(132928K) NonClass: 115129K(115776K)->115129K(115776K) Class: 16512K(17152K)->16512K(17152K)
[2026-04-03T02:50:53.683+0600][82.357s][info][gc,ergo     ] Pacer for Idle. Initial: 40960K, Alloc Tax Rate: 1.0x
[2026-04-03T02:50:54.645+0600][83.319s][info][gc          ] Trigger: Average GC time (195.94 ms) is above the time for average allocation rate (1165 MB/s) to deplete free headroom (221M) (margin of error = 1.80)
[2026-04-03T02:50:54.645+0600][83.319s][info][gc,ergo     ] Free headroom: 321M (free) - 100M (spike) - 0B (penalties) = 221M
[2026-04-03T02:50:54.645+0600][83.319s][info][gc,ergo     ] Free: 321M, Max: 512K regular, 221M humongous, Frag: 31% external, 1% internal; Reserve: 100M, Max: 512K
[2026-04-03T02:50:54.645+0600][83.319s][info][gc,start    ] GC(61) Concurrent reset
[2026-04-03T02:50:54.645+0600][83.319s][info][gc,task     ] GC(61) Using 3 of 6 workers for concurrent reset
[2026-04-03T02:50:54.645+0600][83.319s][info][gc,ergo     ] GC(61) Pacer for Reset. Non-Taxable: 2000M
[2026-04-03T02:50:54.649+0600][83.323s][info][gc          ] GC(61) Concurrent reset 3.801ms
[2026-04-03T02:50:54.650+0600][83.323s][info][gc,start    ] GC(61) Pause Init Mark (unload classes)
[2026-04-03T02:50:54.650+0600][83.324s][info][gc,task     ] GC(61) Using 6 of 6 workers for init marking
[2026-04-03T02:50:54.650+0600][83.324s][info][gc,ergo     ] GC(61) Pacer for Mark. Expected Live: 99128K, Free: 272M, Non-Taxable: 27927K, Alloc Tax Rate: 0.4x
[2026-04-03T02:50:54.650+0600][83.324s][info][gc          ] GC(61) Pause Init Mark (unload classes) 0.329ms
[2026-04-03T02:50:54.650+0600][83.324s][info][gc,start    ] GC(61) Concurrent marking roots
[2026-04-03T02:50:54.650+0600][83.324s][info][gc,task     ] GC(61) Using 3 of 6 workers for concurrent marking roots
[2026-04-03T02:50:54.652+0600][83.326s][info][gc          ] GC(61) Concurrent marking roots 1.664ms
[2026-04-03T02:50:54.652+0600][83.326s][info][gc,start    ] GC(61) Concurrent marking (unload classes)
[2026-04-03T02:50:54.652+0600][83.326s][info][gc,task     ] GC(61) Using 3 of 6 workers for concurrent marking
[2026-04-03T02:50:54.699+0600][83.373s][info][gc          ] GC(61) Concurrent marking (unload classes) 47.616ms
[2026-04-03T02:50:54.700+0600][83.374s][info][gc,start    ] GC(61) Pause Final Mark (unload classes)
[2026-04-03T02:50:54.700+0600][83.374s][info][gc,task     ] GC(61) Using 6 of 6 workers for final marking
[2026-04-03T02:50:54.700+0600][83.374s][info][gc,ergo     ] GC(61) Adaptive CSet Selection. Target Free: 283M, Actual Free: 1448M, Max CSet: 85333K, Min Garbage: 0B
[2026-04-03T02:50:54.700+0600][83.374s][info][gc,ergo     ] GC(61) Collectable Garbage: 1371M (99%), Immediate: 1126M (81%), CSet: 245M (17%)
[2026-04-03T02:50:54.701+0600][83.374s][info][gc,ergo     ] GC(61) Pacer for Evacuation. Used CSet: 254M, Free: 1487M, Non-Taxable: 148M, Alloc Tax Rate: 1.1x
[2026-04-03T02:50:54.701+0600][83.374s][info][gc          ] GC(61) Pause Final Mark (unload classes) 0.853ms
[2026-04-03T02:50:54.701+0600][83.375s][info][gc,start    ] GC(61) Concurrent thread roots
[2026-04-03T02:50:54.701+0600][83.375s][info][gc,task     ] GC(61) Using 3 of 6 workers for Concurrent thread roots
[2026-04-03T02:50:54.702+0600][83.376s][info][gc          ] GC(61) Concurrent thread roots 0.907ms
[2026-04-03T02:50:54.702+0600][83.376s][info][gc,start    ] GC(61) Concurrent weak references
[2026-04-03T02:50:54.702+0600][83.376s][info][gc,task     ] GC(61) Using 3 of 6 workers for concurrent weak references
[2026-04-03T02:50:54.703+0600][83.377s][info][gc,ref      ] GC(61) Encountered references: Soft: 3788, Weak: 17030, Final: 84, Phantom: 638
[2026-04-03T02:50:54.703+0600][83.377s][info][gc,ref      ] GC(61) Discovered  references: Soft: 0, Weak: 10542, Final: 84, Phantom: 613
[2026-04-03T02:50:54.703+0600][83.377s][info][gc,ref      ] GC(61) Enqueued    references: Soft: 0, Weak: 2322, Final: 0, Phantom: 0
[2026-04-03T02:50:54.703+0600][83.377s][info][gc          ] GC(61) Concurrent weak references 1.266ms
[2026-04-03T02:50:54.703+0600][83.377s][info][gc,start    ] GC(61) Concurrent weak roots
[2026-04-03T02:50:54.703+0600][83.377s][info][gc,task     ] GC(61) Using 3 of 6 workers for concurrent weak root
[2026-04-03T02:50:54.708+0600][83.381s][info][gc          ] GC(61) Concurrent weak roots 4.532ms
[2026-04-03T02:50:54.708+0600][83.382s][info][gc,start    ] GC(61) Concurrent cleanup
[2026-04-03T02:50:54.709+0600][83.383s][info][gc          ] GC(61) Concurrent cleanup 1532M->406M(1745M) 1.229ms
[2026-04-03T02:50:54.709+0600][83.383s][info][gc,ergo     ] GC(61) Free: 1484M, Max: 512K regular, 219M humongous, Frag: 86% external, 0% internal; Reserve: 101812K, Max: 512K
[2026-04-03T02:50:54.709+0600][83.383s][info][gc,start    ] GC(61) Concurrent class unloading
[2026-04-03T02:50:54.709+0600][83.383s][info][gc,task     ] GC(61) Using 3 of 6 workers for concurrent class unloading
[2026-04-03T02:50:54.733+0600][83.407s][info][gc          ] GC(61) Concurrent class unloading 24.134ms
[2026-04-03T02:50:54.733+0600][83.407s][info][gc,start    ] GC(61) Concurrent strong roots
[2026-04-03T02:50:54.733+0600][83.407s][info][gc,task     ] GC(61) Using 3 of 6 workers for concurrent strong root
[2026-04-03T02:50:54.735+0600][83.409s][info][gc          ] GC(61) Concurrent strong roots 1.693ms
[2026-04-03T02:50:54.735+0600][83.409s][info][gc,start    ] GC(61) Concurrent evacuation
[2026-04-03T02:50:54.735+0600][83.409s][info][gc,task     ] GC(61) Using 3 of 6 workers for concurrent evacuation
[2026-04-03T02:50:54.742+0600][83.416s][info][gc          ] GC(61) Concurrent evacuation 6.778ms
[2026-04-03T02:50:54.742+0600][83.416s][info][gc,start    ] GC(61) Pause Init Update Refs
[2026-04-03T02:50:54.742+0600][83.416s][info][gc,ergo     ] GC(61) Pacer for Update Refs. Used: 448M, Free: 1451M, Non-Taxable: 145M, Alloc Tax Rate: 1.1x
[2026-04-03T02:50:54.742+0600][83.416s][info][gc          ] GC(61) Pause Init Update Refs 0.155ms
[2026-04-03T02:50:54.742+0600][83.416s][info][gc,start    ] GC(61) Concurrent update references
[2026-04-03T02:50:54.742+0600][83.416s][info][gc,task     ] GC(61) Using 3 of 6 workers for concurrent reference update
[2026-04-03T02:50:54.782+0600][83.456s][info][gc          ] GC(61) Concurrent update references 39.385ms
[2026-04-03T02:50:54.782+0600][83.456s][info][gc,start    ] GC(61) Concurrent update thread roots
[2026-04-03T02:50:54.783+0600][83.457s][info][gc          ] GC(61) Concurrent update thread roots 1.469ms
[2026-04-03T02:50:54.784+0600][83.457s][info][gc,start    ] GC(61) Pause Final Update Refs
[2026-04-03T02:50:54.784+0600][83.457s][info][gc,task     ] GC(61) Using 6 of 6 workers for final reference update
[2026-04-03T02:50:54.784+0600][83.458s][info][gc          ] GC(61) Pause Final Update Refs 0.322ms
[2026-04-03T02:50:54.784+0600][83.458s][info][gc,start    ] GC(61) Concurrent cleanup
[2026-04-03T02:50:54.784+0600][83.458s][info][gc          ] GC(61) Concurrent cleanup 466M->211M(1745M) 0.368ms
[2026-04-03T02:50:54.785+0600][83.458s][info][gc,ergo     ] Free: 1674M, Max: 512K regular, 1043M humongous, Frag: 38% external, 0% internal; Reserve: 100M, Max: 512K
[2026-04-03T02:50:54.785+0600][83.458s][info][gc,stats    ] 
[2026-04-03T02:50:54.785+0600][83.458s][info][gc,stats    ] All times are wall-clock times, except per-root-class counters, that are sum over
[2026-04-03T02:50:54.785+0600][83.458s][info][gc,stats    ] all workers. Dividing the <total> over the root stage time estimates parallelism.
[2026-04-03T02:50:54.785+0600][83.459s][info][gc,stats    ] 
[2026-04-03T02:50:54.785+0600][83.459s][info][gc,stats    ] Concurrent Reset                   3898 us
[2026-04-03T02:50:54.785+0600][83.459s][info][gc,stats    ] Pause Init Mark (G)                1232 us
[2026-04-03T02:50:54.785+0600][83.459s][info][gc,stats    ] Pause Init Mark (N)                 350 us
[2026-04-03T02:50:54.785+0600][83.459s][info][gc,stats    ]   Update Region States               42 us
[2026-04-03T02:50:54.785+0600][83.459s][info][gc,stats    ] Concurrent Mark Roots              1754 us, parallelism: 1.85x
[2026-04-03T02:50:54.785+0600][83.459s][info][gc,stats    ]   CMR: <total>                     3248 us
[2026-04-03T02:50:54.785+0600][83.459s][info][gc,stats    ]   CMR: Thread Roots                2802 us, workers (us): 1076, 675, 1051, ---, ---, ---, 
[2026-04-03T02:50:54.785+0600][83.459s][info][gc,stats    ]   CMR: VM Strong Roots               60 us, workers (us):  36,  23,   1, ---, ---, ---, 
[2026-04-03T02:50:54.785+0600][83.459s][info][gc,stats    ]   CMR: CLDG Roots                   385 us, workers (us): ---, 385, ---, ---, ---, ---, 
[2026-04-03T02:50:54.785+0600][83.459s][info][gc,stats    ] Concurrent Marking                47697 us
[2026-04-03T02:50:54.785+0600][83.459s][info][gc,stats    ] Pause Final Mark (G)               1212 us
[2026-04-03T02:50:54.785+0600][83.459s][info][gc,stats    ] Pause Final Mark (N)                866 us
[2026-04-03T02:50:54.785+0600][83.459s][info][gc,stats    ]   Finish Mark                       318 us
[2026-04-03T02:50:54.785+0600][83.459s][info][gc,stats    ]   Update Region States               56 us
[2026-04-03T02:50:54.785+0600][83.459s][info][gc,stats    ]   Choose Collection Set             274 us
[2026-04-03T02:50:54.785+0600][83.459s][info][gc,stats    ]   Rebuild Free Set                   51 us
[2026-04-03T02:50:54.785+0600][83.459s][info][gc,stats    ] Concurrent Thread Roots             971 us, parallelism: 2.11x
[2026-04-03T02:50:54.785+0600][83.459s][info][gc,stats    ]   CTR: <total>                     2048 us
[2026-04-03T02:50:54.785+0600][83.459s][info][gc,stats    ]   CTR: Thread Roots                2048 us, workers (us): 730, 664, 653, ---, ---, ---, 
[2026-04-03T02:50:54.785+0600][83.459s][info][gc,stats    ] Concurrent Weak References         1279 us, parallelism: 1.23x
[2026-04-03T02:50:54.785+0600][83.459s][info][gc,stats    ]   CWRF: <total>                    1574 us
[2026-04-03T02:50:54.785+0600][83.459s][info][gc,stats    ]   CWRF: Weak References            1574 us, workers (us): 165, 1011, 398, ---, ---, ---, 
[2026-04-03T02:50:54.785+0600][83.459s][info][gc,stats    ] Concurrent Weak Roots              4640 us
[2026-04-03T02:50:54.785+0600][83.459s][info][gc,stats    ]   Roots                            4151 us, parallelism: 2.61x
[2026-04-03T02:50:54.785+0600][83.459s][info][gc,stats    ]     CWR: <total>                  10826 us
[2026-04-03T02:50:54.785+0600][83.459s][info][gc,stats    ]     CWR: Code Cache Roots          8415 us, workers (us): 2672, 2915, 2828, ---, ---, ---, 
[2026-04-03T02:50:54.785+0600][83.459s][info][gc,stats    ]     CWR: VM Weak Roots             2288 us, workers (us): 770, 773, 746, ---, ---, ---, 
[2026-04-03T02:50:54.785+0600][83.459s][info][gc,stats    ]     CWR: CLDG Roots                 123 us, workers (us): 123, ---, ---, ---, ---, ---, 
[2026-04-03T02:50:54.785+0600][83.459s][info][gc,stats    ]   Rendezvous                        345 us
[2026-04-03T02:50:54.785+0600][83.459s][info][gc,stats    ] Concurrent Cleanup                 1258 us
[2026-04-03T02:50:54.785+0600][83.459s][info][gc,stats    ] Concurrent Class Unloading        24263 us
[2026-04-03T02:50:54.785+0600][83.459s][info][gc,stats    ]   Unlink Stale                    17997 us
[2026-04-03T02:50:54.785+0600][83.459s][info][gc,stats    ]     System Dictionary               260 us
[2026-04-03T02:50:54.785+0600][83.459s][info][gc,stats    ]     Weak Class Links                  0 us
[2026-04-03T02:50:54.785+0600][83.459s][info][gc,stats    ]     Code Roots                    17730 us
[2026-04-03T02:50:54.785+0600][83.459s][info][gc,stats    ]   Rendezvous                       2431 us
[2026-04-03T02:50:54.785+0600][83.459s][info][gc,stats    ]   Purge Unlinked                   3647 us
[2026-04-03T02:50:54.785+0600][83.459s][info][gc,stats    ]     Code Roots                     3615 us
[2026-04-03T02:50:54.785+0600][83.459s][info][gc,stats    ]     CLDG                             29 us
[2026-04-03T02:50:54.785+0600][83.459s][info][gc,stats    ]     Exception Caches                  1 us
[2026-04-03T02:50:54.785+0600][83.459s][info][gc,stats    ] Concurrent Strong Roots            1753 us, parallelism: 0.65x
[2026-04-03T02:50:54.785+0600][83.459s][info][gc,stats    ]   CSR: <total>                     1140 us
[2026-04-03T02:50:54.785+0600][83.459s][info][gc,stats    ]   CSR: VM Strong Roots               65 us, workers (us):  37,  27,   1, ---, ---, ---, 
[2026-04-03T02:50:54.785+0600][83.459s][info][gc,stats    ]   CSR: CLDG Roots                  1075 us, workers (us): 1075, ---, ---, ---, ---, ---, 
[2026-04-03T02:50:54.785+0600][83.459s][info][gc,stats    ] Concurrent Evacuation              6895 us
[2026-04-03T02:50:54.785+0600][83.459s][info][gc,stats    ] Pause Init Update Refs (G)          515 us
[2026-04-03T02:50:54.785+0600][83.459s][info][gc,stats    ] Pause Init Update Refs (N)          174 us
[2026-04-03T02:50:54.785+0600][83.459s][info][gc,stats    ]   Manage GCLABs                      55 us
[2026-04-03T02:50:54.785+0600][83.459s][info][gc,stats    ] Concurrent Update Refs            39481 us
[2026-04-03T02:50:54.785+0600][83.459s][info][gc,stats    ] Concurrent Update Thread Roots     1526 us
[2026-04-03T02:50:54.785+0600][83.459s][info][gc,stats    ] Pause Final Update Refs (G)         676 us
[2026-04-03T02:50:54.785+0600][83.459s][info][gc,stats    ] Pause Final Update Refs (N)         438 us
[2026-04-03T02:50:54.785+0600][83.459s][info][gc,stats    ]   Update Region States               72 us
[2026-04-03T02:50:54.785+0600][83.459s][info][gc,stats    ]   Trash Collection Set               25 us
[2026-04-03T02:50:54.785+0600][83.459s][info][gc,stats    ]   Rebuild Free Set                  162 us
[2026-04-03T02:50:54.785+0600][83.459s][info][gc,stats    ] Concurrent Cleanup                  392 us
[2026-04-03T02:50:54.785+0600][83.459s][info][gc,stats    ] Pacing                           139707 us
[2026-04-03T02:50:54.785+0600][83.459s][info][gc,stats    ] 
[2026-04-03T02:50:54.785+0600][83.459s][info][gc,stats    ] Allocation pacing accrued:
[2026-04-03T02:50:54.785+0600][83.459s][info][gc,stats    ]      11 of  1102 ms (  1.0%): dispatcher-event-loop-1
[2026-04-03T02:50:54.785+0600][83.459s][info][gc,stats    ]      11 of  1102 ms (  1.0%): dispatcher-event-loop-2
[2026-04-03T02:50:54.785+0600][83.459s][info][gc,stats    ]       9 of  1102 ms (  0.9%): dispatcher-event-loop-7
[2026-04-03T02:50:54.785+0600][83.459s][info][gc,stats    ]      21 of  1102 ms (  1.9%): Executor task launch worker for task 1.0 in stage 3966.0 (TID 7390)
[2026-04-03T02:50:54.785+0600][83.459s][info][gc,stats    ]      21 of  1102 ms (  1.9%): Executor task launch worker for task 2.0 in stage 3966.0 (TID 7391)
[2026-04-03T02:50:54.785+0600][83.459s][info][gc,stats    ]      43 of  1102 ms (  3.9%): Executor task launch worker for task 0.0 in stage 3966.0 (TID 7389)
[2026-04-03T02:50:54.785+0600][83.459s][info][gc,stats    ]      11 of  1102 ms (  1.0%): task-result-getter-1
[2026-04-03T02:50:54.785+0600][83.459s][info][gc,stats    ]      11 of  1102 ms (  1.0%): task-result-getter-3
[2026-04-03T02:50:54.785+0600][83.459s][info][gc,stats    ]     140 of  1102 ms ( 12.7%): <total>
[2026-04-03T02:50:54.785+0600][83.459s][info][gc,stats    ]       0 of  1102 ms (  0.0%): <average total>
[2026-04-03T02:50:54.785+0600][83.459s][info][gc,stats    ]      17 of  1102 ms (  1.6%): <average non-zero>
[2026-04-03T02:50:54.785+0600][83.459s][info][gc,stats    ] 
[2026-04-03T02:50:54.785+0600][83.459s][info][gc,metaspace] Metaspace: 131668K(132928K)->131668K(132928K) NonClass: 115150K(115776K)->115150K(115776K) Class: 16517K(17152K)->16517K(17152K)
[2026-04-03T02:50:54.785+0600][83.459s][info][gc,ergo     ] Pacer for Idle. Initial: 40960K, Alloc Tax Rate: 1.0x
[2026-04-03T02:50:55.778+0600][84.452s][info][gc          ] Trigger: Average GC time (186.80 ms) is above the time for average allocation rate (1310 MB/s) to deplete free headroom (244M) (margin of error = 1.80)
[2026-04-03T02:50:55.778+0600][84.452s][info][gc,ergo     ] Free headroom: 344M (free) - 100M (spike) - 0B (penalties) = 244M
[2026-04-03T02:50:55.778+0600][84.452s][info][gc,ergo     ] Free: 344M, Max: 512K regular, 216M humongous, Frag: 37% external, 0% internal; Reserve: 100M, Max: 512K
[2026-04-03T02:50:55.778+0600][84.452s][info][gc,start    ] GC(62) Concurrent reset
[2026-04-03T02:50:55.778+0600][84.452s][info][gc,task     ] GC(62) Using 3 of 6 workers for concurrent reset
[2026-04-03T02:50:55.778+0600][84.452s][info][gc,ergo     ] GC(62) Pacer for Reset. Non-Taxable: 2000M
[2026-04-03T02:50:55.780+0600][84.454s][info][gc          ] GC(62) Concurrent reset 1.988ms
[2026-04-03T02:50:55.781+0600][84.454s][info][gc,start    ] GC(62) Pause Init Mark (unload classes)
[2026-04-03T02:50:55.781+0600][84.455s][info][gc,task     ] GC(62) Using 6 of 6 workers for init marking
[2026-04-03T02:50:55.781+0600][84.455s][info][gc,ergo     ] GC(62) Pacer for Mark. Expected Live: 99871K, Free: 344M, Non-Taxable: 35273K, Alloc Tax Rate: 0.3x
[2026-04-03T02:50:55.781+0600][84.455s][info][gc          ] GC(62) Pause Init Mark (unload classes) 0.187ms
[2026-04-03T02:50:55.781+0600][84.455s][info][gc,start    ] GC(62) Concurrent marking roots
[2026-04-03T02:50:55.781+0600][84.455s][info][gc,task     ] GC(62) Using 3 of 6 workers for concurrent marking roots
[2026-04-03T02:50:55.782+0600][84.456s][info][gc          ] GC(62) Concurrent marking roots 1.338ms
[2026-04-03T02:50:55.782+0600][84.456s][info][gc,start    ] GC(62) Concurrent marking (unload classes)
[2026-04-03T02:50:55.782+0600][84.456s][info][gc,task     ] GC(62) Using 3 of 6 workers for concurrent marking
[2026-04-03T02:50:55.841+0600][84.515s][info][gc          ] GC(62) Concurrent marking (unload classes) 58.445ms
[2026-04-03T02:50:55.841+0600][84.515s][info][gc,start    ] GC(62) Pause Final Mark (unload classes)
[2026-04-03T02:50:55.841+0600][84.515s][info][gc,task     ] GC(62) Using 6 of 6 workers for final marking
[2026-04-03T02:50:55.842+0600][84.515s][info][gc,ergo     ] GC(62) Adaptive CSet Selection. Target Free: 283M, Actual Free: 1434M, Max CSet: 85333K, Min Garbage: 0B
[2026-04-03T02:50:55.842+0600][84.516s][info][gc,ergo     ] GC(62) Collectable Garbage: 1313M (99%), Immediate: 1043M (78%), CSet: 269M (20%)
[2026-04-03T02:50:55.842+0600][84.516s][info][gc,ergo     ] GC(62) Pacer for Evacuation. Used CSet: 276M, Free: 1477M, Non-Taxable: 147M, Alloc Tax Rate: 1.1x
[2026-04-03T02:50:55.842+0600][84.516s][info][gc          ] GC(62) Pause Final Mark (unload classes) 0.842ms
[2026-04-03T02:50:55.842+0600][84.516s][info][gc,start    ] GC(62) Concurrent thread roots
[2026-04-03T02:50:55.842+0600][84.516s][info][gc,task     ] GC(62) Using 3 of 6 workers for Concurrent thread roots
[2026-04-03T02:50:55.844+0600][84.518s][info][gc          ] GC(62) Concurrent thread roots 2.481ms
[2026-04-03T02:50:55.845+0600][84.518s][info][gc,start    ] GC(62) Concurrent weak references
[2026-04-03T02:50:55.845+0600][84.518s][info][gc,task     ] GC(62) Using 3 of 6 workers for concurrent weak references
[2026-04-03T02:50:55.846+0600][84.519s][info][gc,ref      ] GC(62) Encountered references: Soft: 3784, Weak: 16445, Final: 84, Phantom: 621
[2026-04-03T02:50:55.846+0600][84.519s][info][gc,ref      ] GC(62) Discovered  references: Soft: 0, Weak: 4645, Final: 0, Phantom: 616
[2026-04-03T02:50:55.846+0600][84.519s][info][gc,ref      ] GC(62) Enqueued    references: Soft: 0, Weak: 641, Final: 0, Phantom: 0
[2026-04-03T02:50:55.846+0600][84.519s][info][gc          ] GC(62) Concurrent weak references 1.102ms
[2026-04-03T02:50:55.846+0600][84.520s][info][gc,start    ] GC(62) Concurrent weak roots
[2026-04-03T02:50:55.846+0600][84.520s][info][gc,task     ] GC(62) Using 3 of 6 workers for concurrent weak root
[2026-04-03T02:50:55.855+0600][84.529s][info][gc          ] GC(62) Concurrent weak roots 9.177ms
[2026-04-03T02:50:55.855+0600][84.529s][info][gc,start    ] GC(62) Concurrent cleanup
[2026-04-03T02:50:55.857+0600][84.531s][info][gc          ] GC(62) Concurrent cleanup 1469M->428M(1745M) 2.019ms
[2026-04-03T02:50:55.857+0600][84.531s][info][gc,ergo     ] GC(62) Free: 1464M, Max: 512K regular, 269M humongous, Frag: 82% external, 0% internal; Reserve: 101921K, Max: 512K
[2026-04-03T02:50:55.857+0600][84.531s][info][gc,start    ] GC(62) Concurrent class unloading
[2026-04-03T02:50:55.857+0600][84.531s][info][gc,task     ] GC(62) Using 3 of 6 workers for concurrent class unloading
[2026-04-03T02:50:55.883+0600][84.557s][info][gc          ] GC(62) Concurrent class unloading 26.025ms
[2026-04-03T02:50:55.883+0600][84.557s][info][gc,start    ] GC(62) Concurrent strong roots
[2026-04-03T02:50:55.883+0600][84.557s][info][gc,task     ] GC(62) Using 3 of 6 workers for concurrent strong root
[2026-04-03T02:50:55.884+0600][84.558s][info][gc          ] GC(62) Concurrent strong roots 1.179ms
[2026-04-03T02:50:55.884+0600][84.558s][info][gc,start    ] GC(62) Concurrent evacuation
[2026-04-03T02:50:55.885+0600][84.558s][info][gc,task     ] GC(62) Using 3 of 6 workers for concurrent evacuation
[2026-04-03T02:50:55.888+0600][84.562s][info][gc          ] GC(62) Concurrent evacuation 3.243ms
[2026-04-03T02:50:55.888+0600][84.562s][info][gc,start    ] GC(62) Pause Init Update Refs
[2026-04-03T02:50:55.888+0600][84.562s][info][gc,ergo     ] GC(62) Pacer for Update Refs. Used: 464M, Free: 1432M, Non-Taxable: 143M, Alloc Tax Rate: 1.1x
[2026-04-03T02:50:55.888+0600][84.562s][info][gc          ] GC(62) Pause Init Update Refs 0.130ms
[2026-04-03T02:50:55.888+0600][84.562s][info][gc,start    ] GC(62) Concurrent update references
[2026-04-03T02:50:55.888+0600][84.562s][info][gc,task     ] GC(62) Using 3 of 6 workers for concurrent reference update
[2026-04-03T02:50:55.935+0600][84.609s][info][gc          ] GC(62) Concurrent update references 46.946ms
[2026-04-03T02:50:55.935+0600][84.609s][info][gc,start    ] GC(62) Concurrent update thread roots
[2026-04-03T02:50:55.937+0600][84.611s][info][gc          ] GC(62) Concurrent update thread roots 1.348ms
[2026-04-03T02:50:55.937+0600][84.611s][info][gc,start    ] GC(62) Pause Final Update Refs
[2026-04-03T02:50:55.937+0600][84.611s][info][gc,task     ] GC(62) Using 6 of 6 workers for final reference update
[2026-04-03T02:50:55.937+0600][84.611s][info][gc          ] GC(62) Pause Final Update Refs 0.240ms
[2026-04-03T02:50:55.937+0600][84.611s][info][gc,start    ] GC(62) Concurrent cleanup
[2026-04-03T02:50:55.938+0600][84.612s][info][gc          ] GC(62) Concurrent cleanup 501M->224M(1745M) 0.861ms
[2026-04-03T02:50:55.938+0600][84.612s][info][gc,ergo     ] Free: 1659M, Max: 512K regular, 968M humongous, Frag: 42% external, 0% internal; Reserve: 100M, Max: 512K
[2026-04-03T02:50:55.938+0600][84.612s][info][gc,stats    ] 
[2026-04-03T02:50:55.938+0600][84.612s][info][gc,stats    ] All times are wall-clock times, except per-root-class counters, that are sum over
[2026-04-03T02:50:55.938+0600][84.612s][info][gc,stats    ] all workers. Dividing the <total> over the root stage time estimates parallelism.
[2026-04-03T02:50:55.938+0600][84.612s][info][gc,stats    ] 
[2026-04-03T02:50:55.938+0600][84.612s][info][gc,stats    ] Concurrent Reset                   2046 us
[2026-04-03T02:50:55.938+0600][84.612s][info][gc,stats    ] Pause Init Mark (G)                 590 us
[2026-04-03T02:50:55.938+0600][84.612s][info][gc,stats    ] Pause Init Mark (N)                 197 us
[2026-04-03T02:50:55.938+0600][84.612s][info][gc,stats    ]   Update Region States               45 us
[2026-04-03T02:50:55.938+0600][84.612s][info][gc,stats    ] Concurrent Mark Roots              1394 us, parallelism: 1.73x
[2026-04-03T02:50:55.938+0600][84.612s][info][gc,stats    ]   CMR: <total>                     2408 us
[2026-04-03T02:50:55.938+0600][84.612s][info][gc,stats    ]   CMR: Thread Roots                2083 us, workers (us): 487, 755, 841, ---, ---, ---, 
[2026-04-03T02:50:55.938+0600][84.612s][info][gc,stats    ]   CMR: VM Strong Roots               46 us, workers (us):  24,  20,   1, ---, ---, ---, 
[2026-04-03T02:50:55.938+0600][84.612s][info][gc,stats    ]   CMR: CLDG Roots                   279 us, workers (us): 279, ---, ---, ---, ---, ---, 
[2026-04-03T02:50:55.938+0600][84.612s][info][gc,stats    ] Concurrent Marking                58551 us
[2026-04-03T02:50:55.938+0600][84.612s][info][gc,stats    ] Pause Final Mark (G)               1090 us
[2026-04-03T02:50:55.938+0600][84.612s][info][gc,stats    ] Pause Final Mark (N)                854 us
[2026-04-03T02:50:55.938+0600][84.612s][info][gc,stats    ]   Finish Mark                       257 us
[2026-04-03T02:50:55.938+0600][84.612s][info][gc,stats    ]   Update Region States               60 us
[2026-04-03T02:50:55.938+0600][84.612s][info][gc,stats    ]   Choose Collection Set             307 us
[2026-04-03T02:50:55.938+0600][84.612s][info][gc,stats    ]   Rebuild Free Set                   57 us
[2026-04-03T02:50:55.938+0600][84.612s][info][gc,stats    ] Concurrent Thread Roots            2557 us, parallelism: 2.37x
[2026-04-03T02:50:55.938+0600][84.612s][info][gc,stats    ]   CTR: <total>                     6072 us
[2026-04-03T02:50:55.938+0600][84.612s][info][gc,stats    ]   CTR: Thread Roots                6072 us, workers (us): 2158, 2237, 1677, ---, ---, ---, 
[2026-04-03T02:50:55.939+0600][84.612s][info][gc,stats    ] Concurrent Weak References         1118 us, parallelism: 0.80x
[2026-04-03T02:50:55.939+0600][84.612s][info][gc,stats    ]   CWRF: <total>                     892 us
[2026-04-03T02:50:55.939+0600][84.612s][info][gc,stats    ]   CWRF: Weak References             892 us, workers (us): 892,   0,   0, ---, ---, ---, 
[2026-04-03T02:50:55.939+0600][84.612s][info][gc,stats    ] Concurrent Weak Roots              9290 us
[2026-04-03T02:50:55.939+0600][84.612s][info][gc,stats    ]   Roots                            6389 us, parallelism: 2.70x
[2026-04-03T02:50:55.939+0600][84.612s][info][gc,stats    ]     CWR: <total>                  17223 us
[2026-04-03T02:50:55.939+0600][84.612s][info][gc,stats    ]     CWR: Code Cache Roots         13769 us, workers (us): 4624, 4674, 4472, ---, ---, ---, 
[2026-04-03T02:50:55.939+0600][84.612s][info][gc,stats    ]     CWR: VM Weak Roots             3258 us, workers (us): 1330, 1326, 602, ---, ---, ---, 
[2026-04-03T02:50:55.939+0600][84.612s][info][gc,stats    ]     CWR: CLDG Roots                 195 us, workers (us): ---, ---, 195, ---, ---, ---, 
[2026-04-03T02:50:55.939+0600][84.612s][info][gc,stats    ]   Rendezvous                       2724 us
[2026-04-03T02:50:55.939+0600][84.612s][info][gc,stats    ] Concurrent Cleanup                 2081 us
[2026-04-03T02:50:55.939+0600][84.612s][info][gc,stats    ] Concurrent Class Unloading        26106 us
[2026-04-03T02:50:55.939+0600][84.612s][info][gc,stats    ]   Unlink Stale                    22370 us
[2026-04-03T02:50:55.939+0600][84.612s][info][gc,stats    ]     System Dictionary               309 us
[2026-04-03T02:50:55.939+0600][84.612s][info][gc,stats    ]     Weak Class Links                  0 us
[2026-04-03T02:50:55.939+0600][84.612s][info][gc,stats    ]     Code Roots                    22056 us
[2026-04-03T02:50:55.939+0600][84.612s][info][gc,stats    ]   Rendezvous                        494 us
[2026-04-03T02:50:55.939+0600][84.612s][info][gc,stats    ]   Purge Unlinked                   3116 us
[2026-04-03T02:50:55.939+0600][84.612s][info][gc,stats    ]     Code Roots                     3102 us
[2026-04-03T02:50:55.939+0600][84.612s][info][gc,stats    ]     CLDG                             14 us
[2026-04-03T02:50:55.939+0600][84.612s][info][gc,stats    ]     Exception Caches                  0 us
[2026-04-03T02:50:55.939+0600][84.613s][info][gc,stats    ] Concurrent Strong Roots            1241 us, parallelism: 0.62x
[2026-04-03T02:50:55.939+0600][84.613s][info][gc,stats    ]   CSR: <total>                      772 us
[2026-04-03T02:50:55.939+0600][84.613s][info][gc,stats    ]   CSR: VM Strong Roots               38 us, workers (us):  35,   2,   1, ---, ---, ---, 
[2026-04-03T02:50:55.939+0600][84.613s][info][gc,stats    ]   CSR: CLDG Roots                   734 us, workers (us): 734, ---, ---, ---, ---, ---, 
[2026-04-03T02:50:55.939+0600][84.613s][info][gc,stats    ] Concurrent Evacuation              3314 us
[2026-04-03T02:50:55.939+0600][84.613s][info][gc,stats    ] Pause Init Update Refs (G)          450 us
[2026-04-03T02:50:55.939+0600][84.613s][info][gc,stats    ] Pause Init Update Refs (N)          142 us
[2026-04-03T02:50:55.939+0600][84.613s][info][gc,stats    ]   Manage GCLABs                      53 us
[2026-04-03T02:50:55.939+0600][84.613s][info][gc,stats    ] Concurrent Update Refs            47046 us
[2026-04-03T02:50:55.939+0600][84.613s][info][gc,stats    ] Concurrent Update Thread Roots     1400 us
[2026-04-03T02:50:55.939+0600][84.613s][info][gc,stats    ] Pause Final Update Refs (G)         625 us
[2026-04-03T02:50:55.939+0600][84.613s][info][gc,stats    ] Pause Final Update Refs (N)         258 us
[2026-04-03T02:50:55.939+0600][84.613s][info][gc,stats    ]   Update Region States               73 us
[2026-04-03T02:50:55.939+0600][84.613s][info][gc,stats    ]   Trash Collection Set               27 us
[2026-04-03T02:50:55.939+0600][84.613s][info][gc,stats    ]   Rebuild Free Set                   63 us
[2026-04-03T02:50:55.939+0600][84.613s][info][gc,stats    ] Concurrent Cleanup                  886 us
[2026-04-03T02:50:55.939+0600][84.613s][info][gc,stats    ] 
[2026-04-03T02:50:55.939+0600][84.613s][info][gc,stats    ] Allocation pacing accrued:
[2026-04-03T02:50:55.939+0600][84.613s][info][gc,stats    ]       0 of  1154 ms (  0.0%): <total>
[2026-04-03T02:50:55.939+0600][84.613s][info][gc,stats    ]       0 of  1154 ms (  0.0%): <average total>
[2026-04-03T02:50:55.939+0600][84.613s][info][gc,stats    ] 
[2026-04-03T02:50:55.939+0600][84.613s][info][gc,metaspace] Metaspace: 131675K(132928K)->131677K(132928K) NonClass: 115158K(115776K)->115160K(115776K) Class: 16517K(17152K)->16517K(17152K)
[2026-04-03T02:50:55.939+0600][84.613s][info][gc,ergo     ] Pacer for Idle. Initial: 40960K, Alloc Tax Rate: 1.0x
[2026-04-03T02:50:56.543+0600][85.217s][info][gc          ] Trigger: Average GC time (180.76 ms) is above the time for average allocation rate (3087 MB/s) to deplete free headroom (523M) (margin of error = 1.81)
[2026-04-03T02:50:56.543+0600][85.217s][info][gc,ergo     ] Free headroom: 623M (free) - 100M (spike) - 0B (penalties) = 523M
[2026-04-03T02:50:56.543+0600][85.217s][info][gc,ergo     ] Free: 622M, Max: 512K regular, 347M humongous, Frag: 44% external, 0% internal; Reserve: 100M, Max: 512K
[2026-04-03T02:50:56.544+0600][85.217s][info][gc,start    ] GC(63) Concurrent reset
[2026-04-03T02:50:56.544+0600][85.217s][info][gc,task     ] GC(63) Using 3 of 6 workers for concurrent reset
[2026-04-03T02:50:56.544+0600][85.217s][info][gc,ergo     ] GC(63) Pacer for Reset. Non-Taxable: 2000M
[2026-04-03T02:50:56.546+0600][85.220s][info][gc          ] GC(63) Concurrent reset 2.953ms
[2026-04-03T02:50:56.547+0600][85.221s][info][gc,start    ] GC(63) Pause Init Mark (unload classes)
[2026-04-03T02:50:56.547+0600][85.221s][info][gc,task     ] GC(63) Using 6 of 6 workers for init marking
[2026-04-03T02:50:56.547+0600][85.221s][info][gc,ergo     ] GC(63) Pacer for Mark. Expected Live: 99300K, Free: 555M, Non-Taxable: 56909K, Alloc Tax Rate: 0.2x
[2026-04-03T02:50:56.547+0600][85.221s][info][gc          ] GC(63) Pause Init Mark (unload classes) 0.150ms
[2026-04-03T02:50:56.548+0600][85.221s][info][gc,start    ] GC(63) Concurrent marking roots
[2026-04-03T02:50:56.548+0600][85.222s][info][gc,task     ] GC(63) Using 3 of 6 workers for concurrent marking roots
[2026-04-03T02:50:56.550+0600][85.224s][info][gc          ] GC(63) Concurrent marking roots 2.129ms
[2026-04-03T02:50:56.550+0600][85.224s][info][gc,start    ] GC(63) Concurrent marking (unload classes)
[2026-04-03T02:50:56.550+0600][85.224s][info][gc,task     ] GC(63) Using 3 of 6 workers for concurrent marking
[2026-04-03T02:50:56.602+0600][85.276s][info][gc          ] GC(63) Concurrent marking (unload classes) 52.370ms
[2026-04-03T02:50:56.603+0600][85.277s][info][gc,start    ] GC(63) Pause Final Mark (unload classes)
[2026-04-03T02:50:56.603+0600][85.277s][info][gc,task     ] GC(63) Using 6 of 6 workers for final marking
[2026-04-03T02:50:56.604+0600][85.278s][info][gc,ergo     ] GC(63) Adaptive CSet Selection. Target Free: 283M, Actual Free: 1448M, Max CSet: 85333K, Min Garbage: 0B
[2026-04-03T02:50:56.604+0600][85.278s][info][gc,ergo     ] GC(63) Collectable Garbage: 1117M (99%), Immediate: 932M (82%), CSet: 184M (16%)
[2026-04-03T02:50:56.604+0600][85.278s][info][gc,ergo     ] GC(63) Pacer for Evacuation. Used CSet: 195M, Free: 1458M, Non-Taxable: 145M, Alloc Tax Rate: 1.1x
[2026-04-03T02:50:56.604+0600][85.278s][info][gc          ] GC(63) Pause Final Mark (unload classes) 0.906ms
[2026-04-03T02:50:56.604+0600][85.278s][info][gc,start    ] GC(63) Concurrent thread roots
[2026-04-03T02:50:56.604+0600][85.278s][info][gc,task     ] GC(63) Using 3 of 6 workers for Concurrent thread roots
[2026-04-03T02:50:56.605+0600][85.279s][info][gc          ] GC(63) Concurrent thread roots 1.086ms
[2026-04-03T02:50:56.605+0600][85.279s][info][gc,start    ] GC(63) Concurrent weak references
[2026-04-03T02:50:56.605+0600][85.279s][info][gc,task     ] GC(63) Using 3 of 6 workers for concurrent weak references
[2026-04-03T02:50:56.607+0600][85.281s][info][gc,ref      ] GC(63) Encountered references: Soft: 3788, Weak: 17158, Final: 84, Phantom: 644
[2026-04-03T02:50:56.607+0600][85.281s][info][gc,ref      ] GC(63) Discovered  references: Soft: 0, Weak: 11035, Final: 84, Phantom: 607
[2026-04-03T02:50:56.607+0600][85.281s][info][gc,ref      ] GC(63) Enqueued    references: Soft: 0, Weak: 2515, Final: 0, Phantom: 0
[2026-04-03T02:50:56.607+0600][85.281s][info][gc          ] GC(63) Concurrent weak references 1.575ms
[2026-04-03T02:50:56.607+0600][85.281s][info][gc,start    ] GC(63) Concurrent weak roots
[2026-04-03T02:50:56.607+0600][85.281s][info][gc,task     ] GC(63) Using 3 of 6 workers for concurrent weak root
[2026-04-03T02:50:56.613+0600][85.287s][info][gc          ] GC(63) Concurrent weak roots 6.144ms
[2026-04-03T02:50:56.613+0600][85.287s][info][gc,start    ] GC(63) Concurrent cleanup
[2026-04-03T02:50:56.614+0600][85.288s][info][gc          ] GC(63) Concurrent cleanup 1373M->440M(1745M) 1.126ms
[2026-04-03T02:50:56.615+0600][85.288s][info][gc,ergo     ] GC(63) Free: 1441M, Max: 512K regular, 348M humongous, Frag: 76% external, 0% internal; Reserve: 99058K, Max: 512K
[2026-04-03T02:50:56.615+0600][85.288s][info][gc,start    ] GC(63) Concurrent class unloading
[2026-04-03T02:50:56.615+0600][85.288s][info][gc,task     ] GC(63) Using 3 of 6 workers for concurrent class unloading
[2026-04-03T02:50:56.640+0600][85.313s][info][gc          ] GC(63) Concurrent class unloading 24.899ms
[2026-04-03T02:50:56.640+0600][85.313s][info][gc,start    ] GC(63) Concurrent strong roots
[2026-04-03T02:50:56.640+0600][85.314s][info][gc,task     ] GC(63) Using 3 of 6 workers for concurrent strong root
[2026-04-03T02:50:56.642+0600][85.315s][info][gc          ] GC(63) Concurrent strong roots 1.896ms
[2026-04-03T02:50:56.642+0600][85.316s][info][gc,start    ] GC(63) Concurrent evacuation
[2026-04-03T02:50:56.642+0600][85.316s][info][gc,task     ] GC(63) Using 3 of 6 workers for concurrent evacuation
[2026-04-03T02:50:56.651+0600][85.325s][info][gc          ] GC(63) Concurrent evacuation 9.773ms
[2026-04-03T02:50:56.652+0600][85.326s][info][gc,start    ] GC(63) Pause Init Update Refs
[2026-04-03T02:50:56.652+0600][85.326s][info][gc,ergo     ] GC(63) Pacer for Update Refs. Used: 483M, Free: 1406M, Non-Taxable: 140M, Alloc Tax Rate: 1.1x
[2026-04-03T02:50:56.652+0600][85.326s][info][gc          ] GC(63) Pause Init Update Refs 0.087ms
[2026-04-03T02:50:56.652+0600][85.326s][info][gc,start    ] GC(63) Concurrent update references
[2026-04-03T02:50:56.652+0600][85.326s][info][gc,task     ] GC(63) Using 3 of 6 workers for concurrent reference update
[2026-04-03T02:50:56.694+0600][85.367s][info][gc          ] GC(63) Concurrent update references 41.716ms
[2026-04-03T02:50:56.694+0600][85.368s][info][gc,start    ] GC(63) Concurrent update thread roots
[2026-04-03T02:50:56.695+0600][85.369s][info][gc          ] GC(63) Concurrent update thread roots 1.069ms
[2026-04-03T02:50:56.695+0600][85.369s][info][gc,start    ] GC(63) Pause Final Update Refs
[2026-04-03T02:50:56.695+0600][85.369s][info][gc,task     ] GC(63) Using 6 of 6 workers for final reference update
[2026-04-03T02:50:56.695+0600][85.369s][info][gc          ] GC(63) Pause Final Update Refs 0.212ms
[2026-04-03T02:50:56.695+0600][85.369s][info][gc,start    ] GC(63) Concurrent cleanup
[2026-04-03T02:50:56.696+0600][85.370s][info][gc          ] GC(63) Concurrent cleanup 514M->319M(1745M) 0.695ms
[2026-04-03T02:50:56.696+0600][85.370s][info][gc,ergo     ] Free: 1555M, Max: 512K regular, 750M humongous, Frag: 52% external, 0% internal; Reserve: 100M, Max: 512K
[2026-04-03T02:50:56.696+0600][85.370s][info][gc,stats    ] 
[2026-04-03T02:50:56.696+0600][85.370s][info][gc,stats    ] All times are wall-clock times, except per-root-class counters, that are sum over
[2026-04-03T02:50:56.696+0600][85.370s][info][gc,stats    ] all workers. Dividing the <total> over the root stage time estimates parallelism.
[2026-04-03T02:50:56.696+0600][85.370s][info][gc,stats    ] 
[2026-04-03T02:50:56.696+0600][85.370s][info][gc,stats    ] Concurrent Reset                   3025 us
[2026-04-03T02:50:56.696+0600][85.370s][info][gc,stats    ] Pause Init Mark (G)                1086 us
[2026-04-03T02:50:56.696+0600][85.370s][info][gc,stats    ] Pause Init Mark (N)                 159 us
[2026-04-03T02:50:56.696+0600][85.370s][info][gc,stats    ]   Update Region States               44 us
[2026-04-03T02:50:56.696+0600][85.370s][info][gc,stats    ] Concurrent Mark Roots              2232 us, parallelism: 1.96x
[2026-04-03T02:50:56.696+0600][85.370s][info][gc,stats    ]   CMR: <total>                     4367 us
[2026-04-03T02:50:56.696+0600][85.370s][info][gc,stats    ]   CMR: Thread Roots                3622 us, workers (us): 800, 1421, 1401, ---, ---, ---, 
[2026-04-03T02:50:56.696+0600][85.370s][info][gc,stats    ]   CMR: VM Strong Roots               89 us, workers (us):  29,  30,  31, ---, ---, ---, 
[2026-04-03T02:50:56.696+0600][85.370s][info][gc,stats    ]   CMR: CLDG Roots                   656 us, workers (us): 656, ---, ---, ---, ---, ---, 
[2026-04-03T02:50:56.696+0600][85.370s][info][gc,stats    ] Concurrent Marking                52492 us
[2026-04-03T02:50:56.696+0600][85.370s][info][gc,stats    ] Pause Final Mark (G)               1992 us
[2026-04-03T02:50:56.696+0600][85.370s][info][gc,stats    ] Pause Final Mark (N)                920 us
[2026-04-03T02:50:56.696+0600][85.370s][info][gc,stats    ]   Finish Mark                       282 us
[2026-04-03T02:50:56.696+0600][85.370s][info][gc,stats    ]   Update Region States              142 us
[2026-04-03T02:50:56.696+0600][85.370s][info][gc,stats    ]   Choose Collection Set             237 us
[2026-04-03T02:50:56.696+0600][85.370s][info][gc,stats    ]   Rebuild Free Set                   45 us
[2026-04-03T02:50:56.696+0600][85.370s][info][gc,stats    ] Concurrent Thread Roots            1137 us, parallelism: 2.30x
[2026-04-03T02:50:56.696+0600][85.370s][info][gc,stats    ]   CTR: <total>                     2615 us
[2026-04-03T02:50:56.696+0600][85.370s][info][gc,stats    ]   CTR: Thread Roots                2615 us, workers (us): 911, 874, 830, ---, ---, ---, 
[2026-04-03T02:50:56.696+0600][85.370s][info][gc,stats    ] Concurrent Weak References         1590 us, parallelism: 1.20x
[2026-04-03T02:50:56.696+0600][85.370s][info][gc,stats    ]   CWRF: <total>                    1908 us
[2026-04-03T02:50:56.696+0600][85.370s][info][gc,stats    ]   CWRF: Weak References            1908 us, workers (us): 1381, 402, 125, ---, ---, ---, 
[2026-04-03T02:50:56.696+0600][85.370s][info][gc,stats    ] Concurrent Weak Roots              6234 us
[2026-04-03T02:50:56.696+0600][85.370s][info][gc,stats    ]   Roots                            5604 us, parallelism: 2.74x
[2026-04-03T02:50:56.696+0600][85.370s][info][gc,stats    ]     CWR: <total>                  15336 us
[2026-04-03T02:50:56.696+0600][85.370s][info][gc,stats    ]     CWR: Code Cache Roots         12466 us, workers (us): 4289, 4212, 3966, ---, ---, ---, 
[2026-04-03T02:50:56.696+0600][85.370s][info][gc,stats    ]     CWR: VM Weak Roots             2613 us, workers (us): 896, 864, 853, ---, ---, ---, 
[2026-04-03T02:50:56.696+0600][85.370s][info][gc,stats    ]     CWR: CLDG Roots                 257 us, workers (us): ---, ---, 257, ---, ---, ---, 
[2026-04-03T02:50:56.696+0600][85.370s][info][gc,stats    ]   Rendezvous                        477 us
[2026-04-03T02:50:56.696+0600][85.370s][info][gc,stats    ] Concurrent Cleanup                 1200 us
[2026-04-03T02:50:56.696+0600][85.370s][info][gc,stats    ] Concurrent Class Unloading        25046 us
[2026-04-03T02:50:56.696+0600][85.370s][info][gc,stats    ]   Unlink Stale                    18330 us
[2026-04-03T02:50:56.696+0600][85.370s][info][gc,stats    ]     System Dictionary               371 us
[2026-04-03T02:50:56.696+0600][85.370s][info][gc,stats    ]     Weak Class Links                  1 us
[2026-04-03T02:50:56.696+0600][85.370s][info][gc,stats    ]     Code Roots                    17954 us
[2026-04-03T02:50:56.696+0600][85.370s][info][gc,stats    ]   Rendezvous                       1504 us
[2026-04-03T02:50:56.696+0600][85.370s][info][gc,stats    ]   Purge Unlinked                   5019 us
[2026-04-03T02:50:56.696+0600][85.370s][info][gc,stats    ]     Code Roots                     4990 us
[2026-04-03T02:50:56.696+0600][85.370s][info][gc,stats    ]     CLDG                             26 us
[2026-04-03T02:50:56.696+0600][85.370s][info][gc,stats    ]     Exception Caches                  1 us
[2026-04-03T02:50:56.696+0600][85.370s][info][gc,stats    ] Concurrent Strong Roots            2016 us, parallelism: 0.70x
[2026-04-03T02:50:56.696+0600][85.370s][info][gc,stats    ]   CSR: <total>                     1413 us
[2026-04-03T02:50:56.696+0600][85.370s][info][gc,stats    ]   CSR: VM Strong Roots               79 us, workers (us):  42,  37,   0, ---, ---, ---, 
[2026-04-03T02:50:56.696+0600][85.370s][info][gc,stats    ]   CSR: CLDG Roots                  1334 us, workers (us): ---, 1334, ---, ---, ---, ---, 
[2026-04-03T02:50:56.696+0600][85.370s][info][gc,stats    ] Concurrent Evacuation              9877 us
[2026-04-03T02:50:56.696+0600][85.370s][info][gc,stats    ] Pause Init Update Refs (G)          362 us
[2026-04-03T02:50:56.696+0600][85.370s][info][gc,stats    ] Pause Init Update Refs (N)           97 us
[2026-04-03T02:50:56.696+0600][85.370s][info][gc,stats    ]   Manage GCLABs                      39 us
[2026-04-03T02:50:56.696+0600][85.370s][info][gc,stats    ] Concurrent Update Refs            41803 us
[2026-04-03T02:50:56.696+0600][85.370s][info][gc,stats    ] Concurrent Update Thread Roots     1114 us
[2026-04-03T02:50:56.696+0600][85.370s][info][gc,stats    ] Pause Final Update Refs (G)         449 us
[2026-04-03T02:50:56.696+0600][85.370s][info][gc,stats    ] Pause Final Update Refs (N)         237 us
[2026-04-03T02:50:56.696+0600][85.370s][info][gc,stats    ]   Update Region States               66 us
[2026-04-03T02:50:56.696+0600][85.370s][info][gc,stats    ]   Trash Collection Set               23 us
[2026-04-03T02:50:56.696+0600][85.370s][info][gc,stats    ]   Rebuild Free Set                   60 us
[2026-04-03T02:50:56.696+0600][85.370s][info][gc,stats    ] Concurrent Cleanup                  714 us
[2026-04-03T02:50:56.696+0600][85.370s][info][gc,stats    ] Pacing                           195256 us
[2026-04-03T02:50:56.696+0600][85.370s][info][gc,stats    ] 
[2026-04-03T02:50:56.696+0600][85.370s][info][gc,stats    ] Allocation pacing accrued:
[2026-04-03T02:50:56.696+0600][85.370s][info][gc,stats    ]      11 of   758 ms (  1.5%): dispatcher-event-loop-4
[2026-04-03T02:50:56.696+0600][85.370s][info][gc,stats    ]      11 of   758 ms (  1.5%): Spark Context Cleaner
[2026-04-03T02:50:56.696+0600][85.370s][info][gc,stats    ]      48 of   758 ms (  6.3%): Executor task launch worker for task 0.0 in stage 4130.0 (TID 7655)
[2026-04-03T02:50:56.696+0600][85.370s][info][gc,stats    ]      47 of   758 ms (  6.2%): Executor task launch worker for task 1.0 in stage 4130.0 (TID 7656)
[2026-04-03T02:50:56.696+0600][85.370s][info][gc,stats    ]      46 of   758 ms (  6.1%): Executor task launch worker for task 2.0 in stage 4130.0 (TID 7657)
[2026-04-03T02:50:56.696+0600][85.370s][info][gc,stats    ]      21 of   758 ms (  2.7%): Executor task launch worker for task 3.0 in stage 4130.0 (TID 7658)
[2026-04-03T02:50:56.697+0600][85.370s][info][gc,stats    ]      11 of   758 ms (  1.5%): task-result-getter-2
[2026-04-03T02:50:56.697+0600][85.370s][info][gc,stats    ]     195 of   758 ms ( 25.8%): <total>
[2026-04-03T02:50:56.697+0600][85.370s][info][gc,stats    ]       1 of   758 ms (  0.1%): <average total>
[2026-04-03T02:50:56.697+0600][85.370s][info][gc,stats    ]      28 of   758 ms (  3.7%): <average non-zero>
[2026-04-03T02:50:56.697+0600][85.370s][info][gc,stats    ] 
[2026-04-03T02:50:56.697+0600][85.370s][info][gc,metaspace] Metaspace: 131680K(132928K)->131681K(132928K) NonClass: 115163K(115776K)->115164K(115776K) Class: 16517K(17152K)->16517K(17152K)
[2026-04-03T02:50:56.697+0600][85.370s][info][gc,ergo     ] Pacer for Idle. Initial: 40960K, Alloc Tax Rate: 1.0x
[2026-04-03T02:50:57.934+0600][86.607s][info][gc          ] Trigger: Average GC time (172.31 ms) is above the time for average allocation rate (1044 MB/s) to deplete free headroom (178M) (margin of error = 1.83)
[2026-04-03T02:50:57.934+0600][86.608s][info][gc,ergo     ] Free headroom: 278M (free) - 100M (spike) - 0B (penalties) = 178M
[2026-04-03T02:50:57.934+0600][86.608s][info][gc,ergo     ] Free: 278M, Max: 512K regular, 275M humongous, Frag: 0% external, 0% internal; Reserve: 100M, Max: 512K
[2026-04-03T02:50:57.934+0600][86.608s][info][gc,start    ] GC(64) Concurrent reset
[2026-04-03T02:50:57.934+0600][86.608s][info][gc,task     ] GC(64) Using 3 of 6 workers for concurrent reset
[2026-04-03T02:50:57.934+0600][86.608s][info][gc,ergo     ] GC(64) Pacer for Reset. Non-Taxable: 2000M
[2026-04-03T02:50:57.935+0600][86.609s][info][gc          ] GC(64) Concurrent reset 1.593ms
[2026-04-03T02:50:57.936+0600][86.610s][info][gc,start    ] GC(64) Pause Init Mark (unload classes)
[2026-04-03T02:50:57.936+0600][86.610s][info][gc,task     ] GC(64) Using 6 of 6 workers for init marking
[2026-04-03T02:50:57.936+0600][86.610s][info][gc,ergo     ] GC(64) Pacer for Mark. Expected Live: 102236K, Free: 277M, Non-Taxable: 28448K, Alloc Tax Rate: 0.4x
[2026-04-03T02:50:57.936+0600][86.610s][info][gc          ] GC(64) Pause Init Mark (unload classes) 0.158ms
[2026-04-03T02:50:57.936+0600][86.610s][info][gc,start    ] GC(64) Concurrent marking roots
[2026-04-03T02:50:57.936+0600][86.610s][info][gc,task     ] GC(64) Using 3 of 6 workers for concurrent marking roots
[2026-04-03T02:50:57.940+0600][86.614s][info][gc          ] GC(64) Concurrent marking roots 4.068ms
[2026-04-03T02:50:57.940+0600][86.614s][info][gc,start    ] GC(64) Concurrent marking (unload classes)
[2026-04-03T02:50:57.940+0600][86.614s][info][gc,task     ] GC(64) Using 3 of 6 workers for concurrent marking
[2026-04-03T02:50:58.007+0600][86.681s][info][gc          ] GC(64) Concurrent marking (unload classes) 67.336ms
[2026-04-03T02:50:58.008+0600][86.681s][info][gc,start    ] GC(64) Pause Final Mark (unload classes)
[2026-04-03T02:50:58.008+0600][86.682s][info][gc,task     ] GC(64) Using 6 of 6 workers for final marking
[2026-04-03T02:50:58.008+0600][86.682s][info][gc,ergo     ] GC(64) Adaptive CSet Selection. Target Free: 283M, Actual Free: 1356M, Max CSet: 85333K, Min Garbage: 0B
[2026-04-03T02:50:58.008+0600][86.682s][info][gc,ergo     ] GC(64) Collectable Garbage: 1373M (99%), Immediate: 1026M (74%), CSet: 347M (25%)
[2026-04-03T02:50:58.008+0600][86.682s][info][gc,ergo     ] GC(64) Pacer for Evacuation. Used CSet: 360M, Free: 1401M, Non-Taxable: 140M, Alloc Tax Rate: 1.1x
[2026-04-03T02:50:58.008+0600][86.682s][info][gc          ] GC(64) Pause Final Mark (unload classes) 0.686ms
[2026-04-03T02:50:58.008+0600][86.682s][info][gc,start    ] GC(64) Concurrent thread roots
[2026-04-03T02:50:58.009+0600][86.682s][info][gc,task     ] GC(64) Using 3 of 6 workers for Concurrent thread roots
[2026-04-03T02:50:58.010+0600][86.684s][info][gc          ] GC(64) Concurrent thread roots 1.163ms
[2026-04-03T02:50:58.010+0600][86.684s][info][gc,start    ] GC(64) Concurrent weak references
[2026-04-03T02:50:58.010+0600][86.684s][info][gc,task     ] GC(64) Using 3 of 6 workers for concurrent weak references
[2026-04-03T02:50:58.011+0600][86.685s][info][gc,ref      ] GC(64) Encountered references: Soft: 3792, Weak: 16969, Final: 84, Phantom: 621
[2026-04-03T02:50:58.011+0600][86.685s][info][gc,ref      ] GC(64) Discovered  references: Soft: 0, Weak: 9943, Final: 52, Phantom: 596
[2026-04-03T02:50:58.011+0600][86.685s][info][gc,ref      ] GC(64) Enqueued    references: Soft: 0, Weak: 2124, Final: 0, Phantom: 0
[2026-04-03T02:50:58.011+0600][86.685s][info][gc          ] GC(64) Concurrent weak references 1.492ms
[2026-04-03T02:50:58.011+0600][86.685s][info][gc,start    ] GC(64) Concurrent weak roots
[2026-04-03T02:50:58.011+0600][86.685s][info][gc,task     ] GC(64) Using 3 of 6 workers for concurrent weak root
[2026-04-03T02:50:58.018+0600][86.691s][info][gc          ] GC(64) Concurrent weak roots 6.263ms
[2026-04-03T02:50:58.018+0600][86.691s][info][gc,start    ] GC(64) Concurrent cleanup
[2026-04-03T02:50:58.019+0600][86.693s][info][gc          ] GC(64) Concurrent cleanup 1530M->504M(1745M) 1.405ms
[2026-04-03T02:50:58.019+0600][86.693s][info][gc,ergo     ] GC(64) Free: 1392M, Max: 512K regular, 221M humongous, Frag: 85% external, 0% internal; Reserve: 101170K, Max: 512K
[2026-04-03T02:50:58.019+0600][86.693s][info][gc,start    ] GC(64) Concurrent class unloading
[2026-04-03T02:50:58.019+0600][86.693s][info][gc,task     ] GC(64) Using 3 of 6 workers for concurrent class unloading
[2026-04-03T02:50:58.040+0600][86.713s][info][gc          ] GC(64) Concurrent class unloading 20.429ms
[2026-04-03T02:50:58.040+0600][86.714s][info][gc,start    ] GC(64) Concurrent strong roots
[2026-04-03T02:50:58.040+0600][86.714s][info][gc,task     ] GC(64) Using 3 of 6 workers for concurrent strong root
[2026-04-03T02:50:58.042+0600][86.715s][info][gc          ] GC(64) Concurrent strong roots 1.830ms
[2026-04-03T02:50:58.042+0600][86.715s][info][gc,start    ] GC(64) Concurrent evacuation
[2026-04-03T02:50:58.042+0600][86.716s][info][gc,task     ] GC(64) Using 3 of 6 workers for concurrent evacuation
[2026-04-03T02:50:58.051+0600][86.724s][info][gc          ] GC(64) Concurrent evacuation 8.882ms
[2026-04-03T02:50:58.051+0600][86.725s][info][gc,start    ] GC(64) Pause Init Update Refs
[2026-04-03T02:50:58.051+0600][86.725s][info][gc,ergo     ] GC(64) Pacer for Update Refs. Used: 531M, Free: 1375M, Non-Taxable: 137M, Alloc Tax Rate: 1.1x
[2026-04-03T02:50:58.051+0600][86.725s][info][gc          ] GC(64) Pause Init Update Refs 0.175ms
[2026-04-03T02:50:58.051+0600][86.725s][info][gc,start    ] GC(64) Concurrent update references
[2026-04-03T02:50:58.051+0600][86.725s][info][gc,task     ] GC(64) Using 3 of 6 workers for concurrent reference update
[2026-04-03T02:50:58.115+0600][86.789s][info][gc          ] GC(64) Concurrent update references 63.680ms
[2026-04-03T02:50:58.115+0600][86.789s][info][gc,start    ] GC(64) Concurrent update thread roots
[2026-04-03T02:50:58.117+0600][86.790s][info][gc          ] GC(64) Concurrent update thread roots 1.551ms
[2026-04-03T02:50:58.117+0600][86.791s][info][gc,start    ] GC(64) Pause Final Update Refs
[2026-04-03T02:50:58.117+0600][86.791s][info][gc,task     ] GC(64) Using 6 of 6 workers for final reference update
[2026-04-03T02:50:58.117+0600][86.791s][info][gc          ] GC(64) Pause Final Update Refs 0.244ms
[2026-04-03T02:50:58.117+0600][86.791s][info][gc,start    ] GC(64) Concurrent cleanup
[2026-04-03T02:50:58.118+0600][86.792s][info][gc          ] GC(64) Concurrent cleanup 583M->223M(1747M) 0.884ms
[2026-04-03T02:50:58.118+0600][86.792s][info][gc,ergo     ] Free: 1669M, Max: 512K regular, 1097M humongous, Frag: 35% external, 0% internal; Reserve: 100M, Max: 512K
[2026-04-03T02:50:58.118+0600][86.792s][info][gc,stats    ] 
[2026-04-03T02:50:58.118+0600][86.792s][info][gc,stats    ] All times are wall-clock times, except per-root-class counters, that are sum over
[2026-04-03T02:50:58.118+0600][86.792s][info][gc,stats    ] all workers. Dividing the <total> over the root stage time estimates parallelism.
[2026-04-03T02:50:58.118+0600][86.792s][info][gc,stats    ] 
[2026-04-03T02:50:58.118+0600][86.792s][info][gc,stats    ] Concurrent Reset                   1645 us
[2026-04-03T02:50:58.118+0600][86.792s][info][gc,stats    ] Pause Init Mark (G)                 419 us
[2026-04-03T02:50:58.118+0600][86.792s][info][gc,stats    ] Pause Init Mark (N)                 167 us
[2026-04-03T02:50:58.118+0600][86.792s][info][gc,stats    ]   Update Region States               37 us
[2026-04-03T02:50:58.118+0600][86.792s][info][gc,stats    ] Concurrent Mark Roots              4143 us, parallelism: 2.14x
[2026-04-03T02:50:58.118+0600][86.792s][info][gc,stats    ]   CMR: <total>                     8852 us
[2026-04-03T02:50:58.118+0600][86.792s][info][gc,stats    ]   CMR: Thread Roots                8410 us, workers (us): 1860, 2882, 3668, ---, ---, ---, 
[2026-04-03T02:50:58.118+0600][86.792s][info][gc,stats    ]   CMR: VM Strong Roots               60 us, workers (us):  25,  17,  18, ---, ---, ---, 
[2026-04-03T02:50:58.118+0600][86.792s][info][gc,stats    ]   CMR: CLDG Roots                   382 us, workers (us): 382, ---, ---, ---, ---, ---, 
[2026-04-03T02:50:58.118+0600][86.792s][info][gc,stats    ] Concurrent Marking                67421 us
[2026-04-03T02:50:58.118+0600][86.792s][info][gc,stats    ] Pause Final Mark (G)                997 us
[2026-04-03T02:50:58.118+0600][86.792s][info][gc,stats    ] Pause Final Mark (N)                698 us
[2026-04-03T02:50:58.118+0600][86.792s][info][gc,stats    ]   Finish Mark                       154 us
[2026-04-03T02:50:58.118+0600][86.792s][info][gc,stats    ]   Update Region States               54 us
[2026-04-03T02:50:58.118+0600][86.792s][info][gc,stats    ]   Choose Collection Set             291 us
[2026-04-03T02:50:58.118+0600][86.792s][info][gc,stats    ]   Rebuild Free Set                   64 us
[2026-04-03T02:50:58.118+0600][86.792s][info][gc,stats    ] Concurrent Thread Roots            1302 us, parallelism: 2.34x
[2026-04-03T02:50:58.118+0600][86.792s][info][gc,stats    ]   CTR: <total>                     3046 us
[2026-04-03T02:50:58.118+0600][86.792s][info][gc,stats    ]   CTR: Thread Roots                3046 us, workers (us): 1034, 1013, 999, ---, ---, ---, 
[2026-04-03T02:50:58.118+0600][86.792s][info][gc,stats    ] Concurrent Weak References         1506 us, parallelism: 1.06x
[2026-04-03T02:50:58.118+0600][86.792s][info][gc,stats    ]   CWRF: <total>                    1601 us
[2026-04-03T02:50:58.118+0600][86.792s][info][gc,stats    ]   CWRF: Weak References            1601 us, workers (us): 1277, 302,  22, ---, ---, ---, 
[2026-04-03T02:50:58.118+0600][86.792s][info][gc,stats    ] Concurrent Weak Roots              6348 us
[2026-04-03T02:50:58.118+0600][86.792s][info][gc,stats    ]   Roots                            5830 us, parallelism: 2.74x
[2026-04-03T02:50:58.118+0600][86.792s][info][gc,stats    ]     CWR: <total>                  15992 us
[2026-04-03T02:50:58.118+0600][86.792s][info][gc,stats    ]     CWR: Code Cache Roots         13018 us, workers (us): 4337, 4480, 4201, ---, ---, ---, 
[2026-04-03T02:50:58.118+0600][86.792s][info][gc,stats    ]     CWR: VM Weak Roots             2805 us, workers (us): 987, 965, 853, ---, ---, ---, 
[2026-04-03T02:50:58.119+0600][86.792s][info][gc,stats    ]     CWR: CLDG Roots                 168 us, workers (us): ---, ---, 168, ---, ---, ---, 
[2026-04-03T02:50:58.119+0600][86.792s][info][gc,stats    ]   Rendezvous                        380 us
[2026-04-03T02:50:58.119+0600][86.792s][info][gc,stats    ] Concurrent Cleanup                 1450 us
[2026-04-03T02:50:58.119+0600][86.792s][info][gc,stats    ] Concurrent Class Unloading        20570 us
[2026-04-03T02:50:58.119+0600][86.792s][info][gc,stats    ]   Unlink Stale                    16992 us
[2026-04-03T02:50:58.119+0600][86.792s][info][gc,stats    ]     System Dictionary               315 us
[2026-04-03T02:50:58.119+0600][86.792s][info][gc,stats    ]     Weak Class Links                  1 us
[2026-04-03T02:50:58.119+0600][86.792s][info][gc,stats    ]     Code Roots                    16671 us
[2026-04-03T02:50:58.119+0600][86.792s][info][gc,stats    ]   Rendezvous                        316 us
[2026-04-03T02:50:58.119+0600][86.792s][info][gc,stats    ]   Purge Unlinked                   3076 us
[2026-04-03T02:50:58.119+0600][86.792s][info][gc,stats    ]     Code Roots                     3058 us
[2026-04-03T02:50:58.119+0600][86.792s][info][gc,stats    ]     CLDG                             17 us
[2026-04-03T02:50:58.119+0600][86.792s][info][gc,stats    ]     Exception Caches                  0 us
[2026-04-03T02:50:58.119+0600][86.792s][info][gc,stats    ] Concurrent Strong Roots            1906 us, parallelism: 0.69x
[2026-04-03T02:50:58.119+0600][86.792s][info][gc,stats    ]   CSR: <total>                     1309 us
[2026-04-03T02:50:58.119+0600][86.792s][info][gc,stats    ]   CSR: VM Strong Roots               61 us, workers (us):  49,   8,   5, ---, ---, ---, 
[2026-04-03T02:50:58.119+0600][86.792s][info][gc,stats    ]   CSR: CLDG Roots                  1247 us, workers (us): 1247, ---, ---, ---, ---, ---, 
[2026-04-03T02:50:58.119+0600][86.792s][info][gc,stats    ] Concurrent Evacuation              9006 us
[2026-04-03T02:50:58.119+0600][86.792s][info][gc,stats    ] Pause Init Update Refs (G)          519 us
[2026-04-03T02:50:58.119+0600][86.792s][info][gc,stats    ] Pause Init Update Refs (N)          193 us
[2026-04-03T02:50:58.119+0600][86.792s][info][gc,stats    ]   Manage GCLABs                      80 us
[2026-04-03T02:50:58.119+0600][86.792s][info][gc,stats    ] Concurrent Update Refs            63771 us
[2026-04-03T02:50:58.119+0600][86.793s][info][gc,stats    ] Concurrent Update Thread Roots     1643 us
[2026-04-03T02:50:58.119+0600][86.793s][info][gc,stats    ] Pause Final Update Refs (G)         654 us
[2026-04-03T02:50:58.119+0600][86.793s][info][gc,stats    ] Pause Final Update Refs (N)         265 us
[2026-04-03T02:50:58.119+0600][86.793s][info][gc,stats    ]   Update Region States               71 us
[2026-04-03T02:50:58.119+0600][86.793s][info][gc,stats    ]   Trash Collection Set               31 us
[2026-04-03T02:50:58.119+0600][86.793s][info][gc,stats    ]   Rebuild Free Set                   61 us
[2026-04-03T02:50:58.119+0600][86.793s][info][gc,stats    ] Concurrent Cleanup                  920 us
[2026-04-03T02:50:58.119+0600][86.793s][info][gc,stats    ] Pacing                           192540 us
[2026-04-03T02:50:58.119+0600][86.793s][info][gc,stats    ] 
[2026-04-03T02:50:58.119+0600][86.793s][info][gc,stats    ] Allocation pacing accrued:
[2026-04-03T02:50:58.119+0600][86.793s][info][gc,stats    ]      10 of  1422 ms (  0.7%): dispatcher-event-loop-4
[2026-04-03T02:50:58.119+0600][86.793s][info][gc,stats    ]      11 of  1422 ms (  0.8%): dag-scheduler-event-loop
[2026-04-03T02:50:58.119+0600][86.793s][info][gc,stats    ]      10 of  1422 ms (  0.7%): spark-listener-group-appStatus
[2026-04-03T02:50:58.119+0600][86.793s][info][gc,stats    ]      10 of  1422 ms (  0.7%): spark-listener-group-executorManagement
[2026-04-03T02:50:58.119+0600][86.793s][info][gc,stats    ]      10 of  1422 ms (  0.7%): spark-listener-group-shared
[2026-04-03T02:50:58.119+0600][86.793s][info][gc,stats    ]      21 of  1422 ms (  1.5%): Executor task launch worker for task 1.0 in stage 4271.0 (TID 7872)
[2026-04-03T02:50:58.119+0600][86.793s][info][gc,stats    ]      21 of  1422 ms (  1.5%): Executor task launch worker for task 3.0 in stage 4271.0 (TID 7874)
[2026-04-03T02:50:58.119+0600][86.793s][info][gc,stats    ]      11 of  1422 ms (  0.8%): Executor task launch worker for task 6.0 in stage 4271.0 (TID 7877)
[2026-04-03T02:50:58.119+0600][86.793s][info][gc,stats    ]      22 of  1422 ms (  1.5%): Executor task launch worker for task 0.0 in stage 4271.0 (TID 7871)
[2026-04-03T02:50:58.119+0600][86.793s][info][gc,stats    ]      22 of  1422 ms (  1.6%): Executor task launch worker for task 5.0 in stage 4271.0 (TID 7876)
[2026-04-03T02:50:58.119+0600][86.793s][info][gc,stats    ]      21 of  1422 ms (  1.5%): Executor task launch worker for task 2.0 in stage 4271.0 (TID 7873)
[2026-04-03T02:50:58.119+0600][86.793s][info][gc,stats    ]      21 of  1422 ms (  1.5%): Executor task launch worker for task 4.0 in stage 4271.0 (TID 7875)
[2026-04-03T02:50:58.119+0600][86.793s][info][gc,stats    ]     193 of  1422 ms ( 13.5%): <total>
[2026-04-03T02:50:58.119+0600][86.793s][info][gc,stats    ]       1 of  1422 ms (  0.0%): <average total>
[2026-04-03T02:50:58.119+0600][86.793s][info][gc,stats    ]      16 of  1422 ms (  1.1%): <average non-zero>
[2026-04-03T02:50:58.119+0600][86.793s][info][gc,stats    ] 
[2026-04-03T02:50:58.119+0600][86.793s][info][gc,metaspace] Metaspace: 131690K(132928K)->131692K(132928K) NonClass: 115172K(115776K)->115174K(115776K) Class: 16517K(17152K)->16517K(17152K)
[2026-04-03T02:50:58.119+0600][86.793s][info][gc,ergo     ] Pacer for Idle. Initial: 40960K, Alloc Tax Rate: 1.0x
[2026-04-03T02:50:58.422+0600][87.096s][info][gc          ] Trigger: Average GC time (199.40 ms) is above the time for average allocation rate (3788 MB/s) to deplete free headroom (585M) (margin of error = 1.83)
[2026-04-03T02:50:58.422+0600][87.096s][info][gc,ergo     ] Free headroom: 685M (free) - 100M (spike) - 0B (penalties) = 585M
[2026-04-03T02:50:58.422+0600][87.096s][info][gc,ergo     ] Free: 685M, Max: 512K regular, 458M humongous, Frag: 33% external, 0% internal; Reserve: 100M, Max: 512K
[2026-04-03T02:50:58.422+0600][87.096s][info][gc,start    ] GC(65) Concurrent reset
[2026-04-03T02:50:58.422+0600][87.096s][info][gc,task     ] GC(65) Using 3 of 6 workers for concurrent reset
[2026-04-03T02:50:58.422+0600][87.096s][info][gc,ergo     ] GC(65) Pacer for Reset. Non-Taxable: 2000M
[2026-04-03T02:50:58.424+0600][87.098s][info][gc          ] GC(65) Concurrent reset 1.978ms
[2026-04-03T02:50:58.424+0600][87.098s][info][gc,start    ] GC(65) Pause Init Mark (unload classes)
[2026-04-03T02:50:58.425+0600][87.098s][info][gc,task     ] GC(65) Using 6 of 6 workers for init marking
[2026-04-03T02:50:58.425+0600][87.098s][info][gc,ergo     ] GC(65) Pacer for Mark. Expected Live: 102308K, Free: 684M, Non-Taxable: 70118K, Alloc Tax Rate: 0.2x
[2026-04-03T02:50:58.425+0600][87.098s][info][gc          ] GC(65) Pause Init Mark (unload classes) 0.119ms
[2026-04-03T02:50:58.425+0600][87.099s][info][gc,start    ] GC(65) Concurrent marking roots
[2026-04-03T02:50:58.425+0600][87.099s][info][gc,task     ] GC(65) Using 3 of 6 workers for concurrent marking roots
[2026-04-03T02:50:58.426+0600][87.100s][info][gc          ] GC(65) Concurrent marking roots 1.266ms
[2026-04-03T02:50:58.426+0600][87.100s][info][gc,start    ] GC(65) Concurrent marking (unload classes)
[2026-04-03T02:50:58.426+0600][87.100s][info][gc,task     ] GC(65) Using 3 of 6 workers for concurrent marking
[2026-04-03T02:50:58.473+0600][87.146s][info][gc          ] GC(65) Concurrent marking (unload classes) 46.571ms
[2026-04-03T02:50:58.473+0600][87.147s][info][gc,start    ] GC(65) Pause Final Mark (unload classes)
[2026-04-03T02:50:58.473+0600][87.147s][info][gc,task     ] GC(65) Using 6 of 6 workers for final marking
[2026-04-03T02:50:58.473+0600][87.147s][info][gc,ergo     ] GC(65) Adaptive CSet Selection. Target Free: 283M, Actual Free: 1667M, Max CSet: 85333K, Min Garbage: 0B
[2026-04-03T02:50:58.474+0600][87.147s][info][gc,ergo     ] GC(65) Collectable Garbage: 1014M (99%), Immediate: 922M (90%), CSet: 94193K (8%)
[2026-04-03T02:50:58.474+0600][87.147s][info][gc,ergo     ] GC(65) Pacer for Evacuation. Used CSet: 100319K, Free: 1668M, Non-Taxable: 166M, Alloc Tax Rate: 1.1x
[2026-04-03T02:50:58.474+0600][87.147s][info][gc          ] GC(65) Pause Final Mark (unload classes) 0.728ms
[2026-04-03T02:50:58.474+0600][87.148s][info][gc,start    ] GC(65) Concurrent thread roots
[2026-04-03T02:50:58.474+0600][87.148s][info][gc,task     ] GC(65) Using 3 of 6 workers for Concurrent thread roots
[2026-04-03T02:50:58.475+0600][87.149s][info][gc          ] GC(65) Concurrent thread roots 1.155ms
[2026-04-03T02:50:58.475+0600][87.149s][info][gc,start    ] GC(65) Concurrent weak references
[2026-04-03T02:50:58.475+0600][87.149s][info][gc,task     ] GC(65) Using 3 of 6 workers for concurrent weak references
[2026-04-03T02:50:58.476+0600][87.150s][info][gc,ref      ] GC(65) Encountered references: Soft: 3784, Weak: 15512, Final: 84, Phantom: 621
[2026-04-03T02:50:58.476+0600][87.150s][info][gc,ref      ] GC(65) Discovered  references: Soft: 0, Weak: 4713, Final: 0, Phantom: 616
[2026-04-03T02:50:58.476+0600][87.150s][info][gc,ref      ] GC(65) Enqueued    references: Soft: 0, Weak: 946, Final: 0, Phantom: 0
[2026-04-03T02:50:58.476+0600][87.150s][info][gc          ] GC(65) Concurrent weak references 1.146ms
[2026-04-03T02:50:58.476+0600][87.150s][info][gc,start    ] GC(65) Concurrent weak roots
[2026-04-03T02:50:58.476+0600][87.150s][info][gc,task     ] GC(65) Using 3 of 6 workers for concurrent weak root
[2026-04-03T02:50:58.482+0600][87.156s][info][gc          ] GC(65) Concurrent weak roots 5.795ms
[2026-04-03T02:50:58.482+0600][87.156s][info][gc,start    ] GC(65) Concurrent cleanup
[2026-04-03T02:50:58.483+0600][87.157s][info][gc          ] GC(65) Concurrent cleanup 1160M->238M(1747M) 1.204ms
[2026-04-03T02:50:58.483+0600][87.157s][info][gc,ergo     ] GC(65) Free: 1655M, Max: 512K regular, 412M humongous, Frag: 76% external, 0% internal; Reserve: 101595K, Max: 512K
[2026-04-03T02:50:58.483+0600][87.157s][info][gc,start    ] GC(65) Concurrent class unloading
[2026-04-03T02:50:58.483+0600][87.157s][info][gc,task     ] GC(65) Using 3 of 6 workers for concurrent class unloading
[2026-04-03T02:50:58.504+0600][87.178s][info][gc          ] GC(65) Concurrent class unloading 20.671ms
[2026-04-03T02:50:58.504+0600][87.178s][info][gc,start    ] GC(65) Concurrent strong roots
[2026-04-03T02:50:58.504+0600][87.178s][info][gc,task     ] GC(65) Using 3 of 6 workers for concurrent strong root
[2026-04-03T02:50:58.506+0600][87.180s][info][gc          ] GC(65) Concurrent strong roots 2.020ms
[2026-04-03T02:50:58.506+0600][87.180s][info][gc,start    ] GC(65) Concurrent evacuation
[2026-04-03T02:50:58.506+0600][87.180s][info][gc,task     ] GC(65) Using 3 of 6 workers for concurrent evacuation
[2026-04-03T02:50:58.511+0600][87.184s][info][gc          ] GC(65) Concurrent evacuation 4.227ms
[2026-04-03T02:50:58.511+0600][87.185s][info][gc,start    ] GC(65) Pause Init Update Refs
[2026-04-03T02:50:58.511+0600][87.185s][info][gc,ergo     ] GC(65) Pacer for Update Refs. Used: 258M, Free: 1641M, Non-Taxable: 164M, Alloc Tax Rate: 1.1x
[2026-04-03T02:50:58.511+0600][87.185s][info][gc          ] GC(65) Pause Init Update Refs 0.199ms
[2026-04-03T02:50:58.511+0600][87.185s][info][gc,start    ] GC(65) Concurrent update references
[2026-04-03T02:50:58.511+0600][87.185s][info][gc,task     ] GC(65) Using 3 of 6 workers for concurrent reference update
[2026-04-03T02:50:58.552+0600][87.226s][info][gc          ] GC(65) Concurrent update references 41.266ms
[2026-04-03T02:50:58.552+0600][87.226s][info][gc,start    ] GC(65) Concurrent update thread roots
[2026-04-03T02:50:58.554+0600][87.228s][info][gc          ] GC(65) Concurrent update thread roots 1.503ms
[2026-04-03T02:50:58.554+0600][87.228s][info][gc,start    ] GC(65) Pause Final Update Refs
[2026-04-03T02:50:58.554+0600][87.228s][info][gc,task     ] GC(65) Using 6 of 6 workers for final reference update
[2026-04-03T02:50:58.554+0600][87.228s][info][gc          ] GC(65) Pause Final Update Refs 0.163ms
[2026-04-03T02:50:58.554+0600][87.228s][info][gc,start    ] GC(65) Concurrent cleanup
[2026-04-03T02:50:58.555+0600][87.229s][info][gc          ] GC(65) Concurrent cleanup 283M->186M(1747M) 0.641ms
[2026-04-03T02:50:58.555+0600][87.229s][info][gc,ergo     ] Free: 1701M, Max: 512K regular, 687M humongous, Frag: 60% external, 0% internal; Reserve: 100M, Max: 512K
[2026-04-03T02:50:58.555+0600][87.229s][info][gc,stats    ] 
[2026-04-03T02:50:58.555+0600][87.229s][info][gc,stats    ] All times are wall-clock times, except per-root-class counters, that are sum over
[2026-04-03T02:50:58.555+0600][87.229s][info][gc,stats    ] all workers. Dividing the <total> over the root stage time estimates parallelism.
[2026-04-03T02:50:58.555+0600][87.229s][info][gc,stats    ] 
[2026-04-03T02:50:58.555+0600][87.229s][info][gc,stats    ] Concurrent Reset                   2035 us
[2026-04-03T02:50:58.555+0600][87.229s][info][gc,stats    ] Pause Init Mark (G)                 479 us
[2026-04-03T02:50:58.555+0600][87.229s][info][gc,stats    ] Pause Init Mark (N)                 128 us
[2026-04-03T02:50:58.555+0600][87.229s][info][gc,stats    ]   Update Region States               32 us
[2026-04-03T02:50:58.555+0600][87.229s][info][gc,stats    ] Concurrent Mark Roots              1303 us, parallelism: 1.81x
[2026-04-03T02:50:58.555+0600][87.229s][info][gc,stats    ]   CMR: <total>                     2364 us
[2026-04-03T02:50:58.555+0600][87.229s][info][gc,stats    ]   CMR: Thread Roots                2088 us, workers (us): 545, 773, 771, ---, ---, ---, 
[2026-04-03T02:50:58.555+0600][87.229s][info][gc,stats    ]   CMR: VM Strong Roots               43 us, workers (us):  23,  14,   6, ---, ---, ---, 
[2026-04-03T02:50:58.555+0600][87.229s][info][gc,stats    ]   CMR: CLDG Roots                   233 us, workers (us): 233, ---, ---, ---, ---, ---, 
[2026-04-03T02:50:58.555+0600][87.229s][info][gc,stats    ] Concurrent Marking                46678 us
[2026-04-03T02:50:58.555+0600][87.229s][info][gc,stats    ] Pause Final Mark (G)               1098 us
[2026-04-03T02:50:58.555+0600][87.229s][info][gc,stats    ] Pause Final Mark (N)                742 us
[2026-04-03T02:50:58.555+0600][87.229s][info][gc,stats    ]   Finish Mark                       299 us
[2026-04-03T02:50:58.555+0600][87.229s][info][gc,stats    ]   Update Region States               66 us
[2026-04-03T02:50:58.555+0600][87.229s][info][gc,stats    ]   Choose Collection Set             205 us
[2026-04-03T02:50:58.555+0600][87.229s][info][gc,stats    ]   Rebuild Free Set                   53 us
[2026-04-03T02:50:58.555+0600][87.229s][info][gc,stats    ] Concurrent Thread Roots            1192 us, parallelism: 2.44x
[2026-04-03T02:50:58.555+0600][87.229s][info][gc,stats    ]   CTR: <total>                     2904 us
[2026-04-03T02:50:58.555+0600][87.229s][info][gc,stats    ]   CTR: Thread Roots                2904 us, workers (us): 966, 997, 941, ---, ---, ---, 
[2026-04-03T02:50:58.555+0600][87.229s][info][gc,stats    ] Concurrent Weak References         1163 us, parallelism: 1.08x
[2026-04-03T02:50:58.555+0600][87.229s][info][gc,stats    ]   CWRF: <total>                    1261 us
[2026-04-03T02:50:58.555+0600][87.229s][info][gc,stats    ]   CWRF: Weak References            1261 us, workers (us): 942, 319,   0, ---, ---, ---, 
[2026-04-03T02:50:58.555+0600][87.229s][info][gc,stats    ] Concurrent Weak Roots              5902 us
[2026-04-03T02:50:58.555+0600][87.229s][info][gc,stats    ]   Roots                            5450 us, parallelism: 2.74x
[2026-04-03T02:50:58.555+0600][87.229s][info][gc,stats    ]     CWR: <total>                  14916 us
[2026-04-03T02:50:58.555+0600][87.229s][info][gc,stats    ]     CWR: Code Cache Roots         11177 us, workers (us): 3754, 3575, 3848, ---, ---, ---, 
[2026-04-03T02:50:58.555+0600][87.229s][info][gc,stats    ]     CWR: VM Weak Roots             3444 us, workers (us): 1217, 1165, 1062, ---, ---, ---, 
[2026-04-03T02:50:58.555+0600][87.229s][info][gc,stats    ]     CWR: CLDG Roots                 294 us, workers (us): ---, 294, ---, ---, ---, ---, 
[2026-04-03T02:50:58.555+0600][87.229s][info][gc,stats    ]   Rendezvous                        310 us
[2026-04-03T02:50:58.555+0600][87.229s][info][gc,stats    ] Concurrent Cleanup                 1223 us
[2026-04-03T02:50:58.555+0600][87.229s][info][gc,stats    ] Concurrent Class Unloading        20789 us
[2026-04-03T02:50:58.555+0600][87.229s][info][gc,stats    ]   Unlink Stale                    18359 us
[2026-04-03T02:50:58.555+0600][87.229s][info][gc,stats    ]     System Dictionary               317 us
[2026-04-03T02:50:58.555+0600][87.229s][info][gc,stats    ]     Weak Class Links                  0 us
[2026-04-03T02:50:58.555+0600][87.229s][info][gc,stats    ]     Code Roots                    18038 us
[2026-04-03T02:50:58.555+0600][87.229s][info][gc,stats    ]   Rendezvous                       1366 us
[2026-04-03T02:50:58.555+0600][87.229s][info][gc,stats    ]   Purge Unlinked                    916 us
[2026-04-03T02:50:58.555+0600][87.229s][info][gc,stats    ]     Code Roots                      903 us
[2026-04-03T02:50:58.555+0600][87.229s][info][gc,stats    ]     CLDG                             11 us
[2026-04-03T02:50:58.555+0600][87.229s][info][gc,stats    ]     Exception Caches                  1 us
[2026-04-03T02:50:58.555+0600][87.229s][info][gc,stats    ] Concurrent Strong Roots            2122 us, parallelism: 0.70x
[2026-04-03T02:50:58.555+0600][87.229s][info][gc,stats    ]   CSR: <total>                     1495 us
[2026-04-03T02:50:58.555+0600][87.229s][info][gc,stats    ]   CSR: VM Strong Roots               85 us, workers (us):  83,   2,   0, ---, ---, ---, 
[2026-04-03T02:50:58.556+0600][87.229s][info][gc,stats    ]   CSR: CLDG Roots                  1410 us, workers (us): 1410, ---, ---, ---, ---, ---, 
[2026-04-03T02:50:58.556+0600][87.229s][info][gc,stats    ] Concurrent Evacuation              4304 us
[2026-04-03T02:50:58.556+0600][87.229s][info][gc,stats    ] Pause Init Update Refs (G)          457 us
[2026-04-03T02:50:58.556+0600][87.229s][info][gc,stats    ] Pause Init Update Refs (N)          215 us
[2026-04-03T02:50:58.556+0600][87.229s][info][gc,stats    ]   Manage GCLABs                      62 us
[2026-04-03T02:50:58.556+0600][87.229s][info][gc,stats    ] Concurrent Update Refs            41377 us
[2026-04-03T02:50:58.556+0600][87.229s][info][gc,stats    ] Concurrent Update Thread Roots     1580 us
[2026-04-03T02:50:58.556+0600][87.229s][info][gc,stats    ] Pause Final Update Refs (G)         394 us
[2026-04-03T02:50:58.556+0600][87.229s][info][gc,stats    ] Pause Final Update Refs (N)         185 us
[2026-04-03T02:50:58.556+0600][87.229s][info][gc,stats    ]   Update Region States               56 us
[2026-04-03T02:50:58.556+0600][87.229s][info][gc,stats    ]   Trash Collection Set               13 us
[2026-04-03T02:50:58.556+0600][87.229s][info][gc,stats    ]   Rebuild Free Set                   43 us
[2026-04-03T02:50:58.556+0600][87.229s][info][gc,stats    ] Concurrent Cleanup                  662 us
[2026-04-03T02:50:58.556+0600][87.229s][info][gc,stats    ] 
[2026-04-03T02:50:58.556+0600][87.229s][info][gc,stats    ] Allocation pacing accrued:
[2026-04-03T02:50:58.556+0600][87.229s][info][gc,stats    ]       0 of   437 ms (  0.0%): <total>
[2026-04-03T02:50:58.556+0600][87.229s][info][gc,stats    ]       0 of   437 ms (  0.0%): <average total>
[2026-04-03T02:50:58.556+0600][87.229s][info][gc,stats    ] 
[2026-04-03T02:50:58.556+0600][87.229s][info][gc,metaspace] Metaspace: 131699K(132928K)->131702K(132928K) NonClass: 115181K(115776K)->115184K(115776K) Class: 16517K(17152K)->16517K(17152K)
[2026-04-03T02:50:58.556+0600][87.229s][info][gc,ergo     ] Pacer for Idle. Initial: 40960K, Alloc Tax Rate: 1.0x
[2026-04-03T02:50:59.847+0600][88.521s][info][gc          ] Trigger: Average GC time (190.73 ms) is above the time for average allocation rate (1054 MB/s) to deplete free headroom (200M) (margin of error = 1.82)
[2026-04-03T02:50:59.847+0600][88.521s][info][gc,ergo     ] Free headroom: 300M (free) - 100M (spike) - 0B (penalties) = 200M
[2026-04-03T02:50:59.847+0600][88.521s][info][gc,ergo     ] Free: 300M, Max: 512K regular, 297M humongous, Frag: 0% external, 0% internal; Reserve: 100M, Max: 512K
[2026-04-03T02:50:59.847+0600][88.521s][info][gc,start    ] GC(66) Concurrent reset
[2026-04-03T02:50:59.847+0600][88.521s][info][gc,task     ] GC(66) Using 3 of 6 workers for concurrent reset
[2026-04-03T02:50:59.847+0600][88.521s][info][gc,ergo     ] GC(66) Pacer for Reset. Non-Taxable: 2000M
[2026-04-03T02:50:59.848+0600][88.522s][info][gc          ] GC(66) Concurrent reset 1.315ms
[2026-04-03T02:50:59.848+0600][88.522s][info][gc,start    ] GC(66) Pause Init Mark (unload classes)
[2026-04-03T02:50:59.849+0600][88.522s][info][gc,task     ] GC(66) Using 6 of 6 workers for init marking
[2026-04-03T02:50:59.849+0600][88.522s][info][gc,ergo     ] GC(66) Pacer for Mark. Expected Live: 102169K, Free: 299M, Non-Taxable: 30719K, Alloc Tax Rate: 0.4x
[2026-04-03T02:50:59.849+0600][88.522s][info][gc          ] GC(66) Pause Init Mark (unload classes) 0.133ms
[2026-04-03T02:50:59.849+0600][88.522s][info][gc,start    ] GC(66) Concurrent marking roots
[2026-04-03T02:50:59.849+0600][88.523s][info][gc,task     ] GC(66) Using 3 of 6 workers for concurrent marking roots
[2026-04-03T02:50:59.850+0600][88.524s][info][gc          ] GC(66) Concurrent marking roots 1.744ms
[2026-04-03T02:50:59.850+0600][88.524s][info][gc,start    ] GC(66) Concurrent marking (unload classes)
[2026-04-03T02:50:59.850+0600][88.524s][info][gc,task     ] GC(66) Using 3 of 6 workers for concurrent marking
[2026-04-03T02:50:59.908+0600][88.582s][info][gc          ] GC(66) Concurrent marking (unload classes) 57.699ms
[2026-04-03T02:50:59.908+0600][88.582s][info][gc,start    ] GC(66) Pause Final Mark (unload classes)
[2026-04-03T02:50:59.908+0600][88.582s][info][gc,task     ] GC(66) Using 6 of 6 workers for final marking
[2026-04-03T02:50:59.909+0600][88.583s][info][gc,ergo     ] GC(66) Adaptive CSet Selection. Target Free: 283M, Actual Free: 1384M, Max CSet: 85333K, Min Garbage: 0B
[2026-04-03T02:50:59.909+0600][88.583s][info][gc,ergo     ] GC(66) Collectable Garbage: 1367M (99%), Immediate: 1036M (75%), CSet: 330M (24%)
[2026-04-03T02:50:59.909+0600][88.583s][info][gc,ergo     ] GC(66) Pacer for Evacuation. Used CSet: 341M, Free: 1415M, Non-Taxable: 141M, Alloc Tax Rate: 1.1x
[2026-04-03T02:50:59.909+0600][88.583s][info][gc          ] GC(66) Pause Final Mark (unload classes) 0.694ms
[2026-04-03T02:50:59.909+0600][88.583s][info][gc,start    ] GC(66) Concurrent thread roots
[2026-04-03T02:50:59.909+0600][88.583s][info][gc,task     ] GC(66) Using 3 of 6 workers for Concurrent thread roots
[2026-04-03T02:50:59.910+0600][88.584s][info][gc          ] GC(66) Concurrent thread roots 1.039ms
[2026-04-03T02:50:59.910+0600][88.584s][info][gc,start    ] GC(66) Concurrent weak references
[2026-04-03T02:50:59.910+0600][88.584s][info][gc,task     ] GC(66) Using 3 of 6 workers for concurrent weak references
[2026-04-03T02:50:59.911+0600][88.585s][info][gc,ref      ] GC(66) Encountered references: Soft: 3792, Weak: 16960, Final: 84, Phantom: 629
[2026-04-03T02:50:59.911+0600][88.585s][info][gc,ref      ] GC(66) Discovered  references: Soft: 0, Weak: 10158, Final: 52, Phantom: 625
[2026-04-03T02:50:59.911+0600][88.585s][info][gc,ref      ] GC(66) Enqueued    references: Soft: 0, Weak: 1984, Final: 0, Phantom: 0
[2026-04-03T02:50:59.911+0600][88.585s][info][gc          ] GC(66) Concurrent weak references 1.003ms
[2026-04-03T02:50:59.911+0600][88.585s][info][gc,start    ] GC(66) Concurrent weak roots
[2026-04-03T02:50:59.911+0600][88.585s][info][gc,task     ] GC(66) Using 3 of 6 workers for concurrent weak root
[2026-04-03T02:50:59.919+0600][88.593s][info][gc          ] GC(66) Concurrent weak roots 7.466ms
[2026-04-03T02:50:59.919+0600][88.593s][info][gc,start    ] GC(66) Concurrent cleanup
[2026-04-03T02:50:59.920+0600][88.594s][info][gc          ] GC(66) Concurrent cleanup 1535M->500M(1747M) 1.267ms
[2026-04-03T02:50:59.920+0600][88.594s][info][gc,ergo     ] GC(66) Free: 1396M, Max: 512K regular, 231M humongous, Frag: 84% external, 0% internal; Reserve: 102004K, Max: 512K
[2026-04-03T02:50:59.920+0600][88.594s][info][gc,start    ] GC(66) Concurrent class unloading
[2026-04-03T02:50:59.920+0600][88.594s][info][gc,task     ] GC(66) Using 3 of 6 workers for concurrent class unloading
[2026-04-03T02:50:59.940+0600][88.614s][info][gc          ] GC(66) Concurrent class unloading 20.067ms
[2026-04-03T02:50:59.940+0600][88.614s][info][gc,start    ] GC(66) Concurrent strong roots
[2026-04-03T02:50:59.940+0600][88.614s][info][gc,task     ] GC(66) Using 3 of 6 workers for concurrent strong root
[2026-04-03T02:50:59.942+0600][88.616s][info][gc          ] GC(66) Concurrent strong roots 1.767ms
[2026-04-03T02:50:59.942+0600][88.616s][info][gc,start    ] GC(66) Concurrent evacuation
[2026-04-03T02:50:59.942+0600][88.616s][info][gc,task     ] GC(66) Using 3 of 6 workers for concurrent evacuation
[2026-04-03T02:50:59.949+0600][88.623s][info][gc          ] GC(66) Concurrent evacuation 6.584ms
[2026-04-03T02:50:59.949+0600][88.623s][info][gc,start    ] GC(66) Pause Init Update Refs
[2026-04-03T02:50:59.949+0600][88.623s][info][gc,ergo     ] GC(66) Pacer for Update Refs. Used: 542M, Free: 1364M, Non-Taxable: 136M, Alloc Tax Rate: 1.1x
[2026-04-03T02:50:59.949+0600][88.623s][info][gc          ] GC(66) Pause Init Update Refs 0.240ms
[2026-04-03T02:50:59.950+0600][88.623s][info][gc,start    ] GC(66) Concurrent update references
[2026-04-03T02:50:59.950+0600][88.623s][info][gc,task     ] GC(66) Using 3 of 6 workers for concurrent reference update
[2026-04-03T02:50:59.993+0600][88.667s][info][gc          ] GC(66) Concurrent update references 43.262ms
[2026-04-03T02:50:59.993+0600][88.667s][info][gc,start    ] GC(66) Concurrent update thread roots
[2026-04-03T02:50:59.995+0600][88.668s][info][gc          ] GC(66) Concurrent update thread roots 1.589ms
[2026-04-03T02:50:59.995+0600][88.669s][info][gc,start    ] GC(66) Pause Final Update Refs
[2026-04-03T02:50:59.995+0600][88.669s][info][gc,task     ] GC(66) Using 6 of 6 workers for final reference update
[2026-04-03T02:50:59.995+0600][88.669s][info][gc          ] GC(66) Pause Final Update Refs 0.231ms
[2026-04-03T02:50:59.995+0600][88.669s][info][gc,start    ] GC(66) Concurrent cleanup
[2026-04-03T02:50:59.996+0600][88.670s][info][gc          ] GC(66) Concurrent cleanup 560M->219M(1747M) 0.716ms
[2026-04-03T02:50:59.996+0600][88.670s][info][gc,ergo     ] Free: 1673M, Max: 512K regular, 1079M humongous, Frag: 36% external, 0% internal; Reserve: 100M, Max: 512K
[2026-04-03T02:50:59.996+0600][88.670s][info][gc,stats    ] 
[2026-04-03T02:50:59.996+0600][88.670s][info][gc,stats    ] All times are wall-clock times, except per-root-class counters, that are sum over
[2026-04-03T02:50:59.996+0600][88.670s][info][gc,stats    ] all workers. Dividing the <total> over the root stage time estimates parallelism.
[2026-04-03T02:50:59.996+0600][88.670s][info][gc,stats    ] 
[2026-04-03T02:50:59.996+0600][88.670s][info][gc,stats    ] Concurrent Reset                   1378 us
[2026-04-03T02:50:59.996+0600][88.670s][info][gc,stats    ] Pause Init Mark (G)                 306 us
[2026-04-03T02:50:59.996+0600][88.670s][info][gc,stats    ] Pause Init Mark (N)                 141 us
[2026-04-03T02:50:59.996+0600][88.670s][info][gc,stats    ]   Update Region States               39 us
[2026-04-03T02:50:59.996+0600][88.670s][info][gc,stats    ] Concurrent Mark Roots              1777 us, parallelism: 1.52x
[2026-04-03T02:50:59.996+0600][88.670s][info][gc,stats    ]   CMR: <total>                     2706 us
[2026-04-03T02:50:59.996+0600][88.670s][info][gc,stats    ]   CMR: Thread Roots                2269 us, workers (us): 936, 1333,   0, ---, ---, ---, 
[2026-04-03T02:50:59.996+0600][88.670s][info][gc,stats    ]   CMR: VM Strong Roots               58 us, workers (us):  28,  29,   0, ---, ---, ---, 
[2026-04-03T02:50:59.996+0600][88.670s][info][gc,stats    ]   CMR: CLDG Roots                   379 us, workers (us): 379, ---, ---, ---, ---, ---, 
[2026-04-03T02:50:59.996+0600][88.670s][info][gc,stats    ] Concurrent Marking                57807 us
[2026-04-03T02:50:59.996+0600][88.670s][info][gc,stats    ] Pause Final Mark (G)                919 us
[2026-04-03T02:50:59.996+0600][88.670s][info][gc,stats    ] Pause Final Mark (N)                704 us
[2026-04-03T02:50:59.996+0600][88.670s][info][gc,stats    ]   Finish Mark                       257 us
[2026-04-03T02:50:59.996+0600][88.670s][info][gc,stats    ]   Update Region States               56 us
[2026-04-03T02:50:59.996+0600][88.670s][info][gc,stats    ]   Choose Collection Set             245 us
[2026-04-03T02:50:59.996+0600][88.670s][info][gc,stats    ]   Rebuild Free Set                   44 us
[2026-04-03T02:50:59.996+0600][88.670s][info][gc,stats    ] Concurrent Thread Roots            1095 us, parallelism: 2.47x
[2026-04-03T02:50:59.996+0600][88.670s][info][gc,stats    ]   CTR: <total>                     2704 us
[2026-04-03T02:50:59.996+0600][88.670s][info][gc,stats    ]   CTR: Thread Roots                2704 us, workers (us): 902, 908, 894, ---, ---, ---, 
[2026-04-03T02:50:59.996+0600][88.670s][info][gc,stats    ] Concurrent Weak References         1018 us, parallelism: 1.53x
[2026-04-03T02:50:59.996+0600][88.670s][info][gc,stats    ]   CWRF: <total>                    1556 us
[2026-04-03T02:50:59.996+0600][88.670s][info][gc,stats    ]   CWRF: Weak References            1556 us, workers (us): 842, 407, 306, ---, ---, ---, 
[2026-04-03T02:50:59.996+0600][88.670s][info][gc,stats    ] Concurrent Weak Roots              7549 us
[2026-04-03T02:50:59.996+0600][88.670s][info][gc,stats    ]   Roots                            6956 us, parallelism: 2.35x
[2026-04-03T02:50:59.996+0600][88.670s][info][gc,stats    ]     CWR: <total>                  16365 us
[2026-04-03T02:50:59.996+0600][88.670s][info][gc,stats    ]     CWR: Code Cache Roots         13170 us, workers (us): 5037, 4668, 3465, ---, ---, ---, 
[2026-04-03T02:50:59.996+0600][88.670s][info][gc,stats    ]     CWR: VM Weak Roots             2976 us, workers (us): 1612, 1363,   1, ---, ---, ---, 
[2026-04-03T02:50:59.996+0600][88.670s][info][gc,stats    ]     CWR: CLDG Roots                 219 us, workers (us): ---, 219, ---, ---, ---, ---, 
[2026-04-03T02:50:59.996+0600][88.670s][info][gc,stats    ]   Rendezvous                        473 us
[2026-04-03T02:50:59.996+0600][88.670s][info][gc,stats    ] Concurrent Cleanup                 1287 us
[2026-04-03T02:50:59.996+0600][88.670s][info][gc,stats    ] Concurrent Class Unloading        20176 us
[2026-04-03T02:50:59.996+0600][88.670s][info][gc,stats    ]   Unlink Stale                    18001 us
[2026-04-03T02:50:59.996+0600][88.670s][info][gc,stats    ]     System Dictionary               281 us
[2026-04-03T02:50:59.996+0600][88.670s][info][gc,stats    ]     Weak Class Links                  0 us
[2026-04-03T02:50:59.996+0600][88.670s][info][gc,stats    ]     Code Roots                    17715 us
[2026-04-03T02:50:59.996+0600][88.670s][info][gc,stats    ]   Rendezvous                        335 us
[2026-04-03T02:50:59.996+0600][88.670s][info][gc,stats    ]   Purge Unlinked                   1692 us
[2026-04-03T02:50:59.996+0600][88.670s][info][gc,stats    ]     Code Roots                     1675 us
[2026-04-03T02:50:59.996+0600][88.670s][info][gc,stats    ]     CLDG                             16 us
[2026-04-03T02:50:59.996+0600][88.670s][info][gc,stats    ]     Exception Caches                  0 us
[2026-04-03T02:50:59.996+0600][88.670s][info][gc,stats    ] Concurrent Strong Roots            1911 us, parallelism: 0.63x
[2026-04-03T02:50:59.996+0600][88.670s][info][gc,stats    ]   CSR: <total>                     1201 us
[2026-04-03T02:50:59.996+0600][88.670s][info][gc,stats    ]   CSR: VM Strong Roots               67 us, workers (us):  39,  27,   0, ---, ---, ---, 
[2026-04-03T02:50:59.996+0600][88.670s][info][gc,stats    ]   CSR: CLDG Roots                  1134 us, workers (us): ---, 1134, ---, ---, ---, ---, 
[2026-04-03T02:50:59.996+0600][88.670s][info][gc,stats    ] Concurrent Evacuation              6665 us
[2026-04-03T02:50:59.996+0600][88.670s][info][gc,stats    ] Pause Init Update Refs (G)          619 us
[2026-04-03T02:50:59.996+0600][88.670s][info][gc,stats    ] Pause Init Update Refs (N)          259 us
[2026-04-03T02:50:59.996+0600][88.670s][info][gc,stats    ]   Manage GCLABs                      83 us
[2026-04-03T02:50:59.996+0600][88.670s][info][gc,stats    ] Concurrent Update Refs            43370 us
[2026-04-03T02:50:59.996+0600][88.670s][info][gc,stats    ] Concurrent Update Thread Roots     1635 us
[2026-04-03T02:50:59.996+0600][88.670s][info][gc,stats    ] Pause Final Update Refs (G)         558 us
[2026-04-03T02:50:59.996+0600][88.670s][info][gc,stats    ] Pause Final Update Refs (N)         248 us
[2026-04-03T02:50:59.996+0600][88.670s][info][gc,stats    ]   Update Region States               62 us
[2026-04-03T02:50:59.996+0600][88.670s][info][gc,stats    ]   Trash Collection Set               25 us
[2026-04-03T02:50:59.996+0600][88.670s][info][gc,stats    ]   Rebuild Free Set                   65 us
[2026-04-03T02:50:59.996+0600][88.670s][info][gc,stats    ] Concurrent Cleanup                  744 us
[2026-04-03T02:50:59.996+0600][88.670s][info][gc,stats    ] Pacing                           172232 us
[2026-04-03T02:50:59.996+0600][88.670s][info][gc,stats    ] 
[2026-04-03T02:50:59.996+0600][88.670s][info][gc,stats    ] Allocation pacing accrued:
[2026-04-03T02:50:59.996+0600][88.670s][info][gc,stats    ]      22 of  1441 ms (  1.5%): Executor task launch worker for task 0.0 in stage 4438.0 (TID 8142)
[2026-04-03T02:50:59.996+0600][88.670s][info][gc,stats    ]      21 of  1441 ms (  1.5%): Executor task launch worker for task 0.0 in stage 4432.0 (TID 8133)
[2026-04-03T02:50:59.996+0600][88.670s][info][gc,stats    ]      22 of  1441 ms (  1.5%): Executor task launch worker for task 2.0 in stage 4432.0 (TID 8135)
[2026-04-03T02:50:59.996+0600][88.670s][info][gc,stats    ]      21 of  1441 ms (  1.5%): Executor task launch worker for task 3.0 in stage 4432.0 (TID 8136)
[2026-04-03T02:50:59.996+0600][88.670s][info][gc,stats    ]      21 of  1441 ms (  1.5%): Executor task launch worker for task 6.0 in stage 4432.0 (TID 8139)
[2026-04-03T02:50:59.996+0600][88.670s][info][gc,stats    ]      22 of  1441 ms (  1.5%): Executor task launch worker for task 1.0 in stage 4432.0 (TID 8134)
[2026-04-03T02:50:59.996+0600][88.670s][info][gc,stats    ]      21 of  1441 ms (  1.5%): Executor task launch worker for task 5.0 in stage 4432.0 (TID 8138)
[2026-04-03T02:50:59.996+0600][88.670s][info][gc,stats    ]      21 of  1441 ms (  1.5%): Executor task launch worker for task 4.0 in stage 4432.0 (TID 8137)
[2026-04-03T02:50:59.996+0600][88.670s][info][gc,stats    ]     172 of  1441 ms ( 12.0%): <total>
[2026-04-03T02:50:59.996+0600][88.670s][info][gc,stats    ]       1 of  1441 ms (  0.0%): <average total>
[2026-04-03T02:50:59.996+0600][88.670s][info][gc,stats    ]      22 of  1441 ms (  1.5%): <average non-zero>
[2026-04-03T02:50:59.996+0600][88.670s][info][gc,stats    ] 
[2026-04-03T02:50:59.996+0600][88.670s][info][gc,metaspace] Metaspace: 131721K(132992K)->131721K(132992K) NonClass: 115203K(115840K)->115203K(115840K) Class: 16517K(17152K)->16517K(17152K)
[2026-04-03T02:50:59.996+0600][88.670s][info][gc,ergo     ] Pacer for Idle. Initial: 40960K, Alloc Tax Rate: 1.0x
[2026-04-03T02:51:00.733+0600][89.407s][info][gc          ] Trigger: Average GC time (178.09 ms) is above the time for average allocation rate (1275 MB/s) to deplete free headroom (223M) (margin of error = 1.82)
[2026-04-03T02:51:00.733+0600][89.407s][info][gc,ergo     ] Free headroom: 323M (free) - 100M (spike) - 0B (penalties) = 223M
[2026-04-03T02:51:00.733+0600][89.407s][info][gc,ergo     ] Free: 323M, Max: 512K regular, 228M humongous, Frag: 29% external, 0% internal; Reserve: 100M, Max: 512K
[2026-04-03T02:51:00.733+0600][89.407s][info][gc,start    ] GC(67) Concurrent reset
[2026-04-03T02:51:00.733+0600][89.407s][info][gc,task     ] GC(67) Using 3 of 6 workers for concurrent reset
[2026-04-03T02:51:00.733+0600][89.407s][info][gc,ergo     ] GC(67) Pacer for Reset. Non-Taxable: 2000M
[2026-04-03T02:51:00.735+0600][89.409s][info][gc          ] GC(67) Concurrent reset 2.359ms
[2026-04-03T02:51:00.736+0600][89.409s][info][gc,start    ] GC(67) Pause Init Mark (unload classes)
[2026-04-03T02:51:00.736+0600][89.409s][info][gc,task     ] GC(67) Using 6 of 6 workers for init marking
[2026-04-03T02:51:00.736+0600][89.410s][info][gc,ergo     ] GC(67) Pacer for Mark. Expected Live: 99342K, Free: 321M, Non-Taxable: 32914K, Alloc Tax Rate: 0.4x
[2026-04-03T02:51:00.736+0600][89.410s][info][gc          ] GC(67) Pause Init Mark (unload classes) 0.204ms
[2026-04-03T02:51:00.736+0600][89.410s][info][gc,start    ] GC(67) Concurrent marking roots
[2026-04-03T02:51:00.736+0600][89.410s][info][gc,task     ] GC(67) Using 3 of 6 workers for concurrent marking roots
[2026-04-03T02:51:00.737+0600][89.411s][info][gc          ] GC(67) Concurrent marking roots 1.313ms
[2026-04-03T02:51:00.737+0600][89.411s][info][gc,start    ] GC(67) Concurrent marking (unload classes)
[2026-04-03T02:51:00.737+0600][89.411s][info][gc,task     ] GC(67) Using 3 of 6 workers for concurrent marking
[2026-04-03T02:51:00.802+0600][89.476s][info][gc          ] GC(67) Concurrent marking (unload classes) 65.100ms
[2026-04-03T02:51:00.803+0600][89.476s][info][gc,start    ] GC(67) Pause Final Mark (unload classes)
[2026-04-03T02:51:00.803+0600][89.476s][info][gc,task     ] GC(67) Using 6 of 6 workers for final marking
[2026-04-03T02:51:00.803+0600][89.477s][info][gc,ergo     ] GC(67) Adaptive CSet Selection. Target Free: 283M, Actual Free: 1455M, Max CSet: 85333K, Min Garbage: 0B
[2026-04-03T02:51:00.803+0600][89.477s][info][gc,ergo     ] GC(67) Collectable Garbage: 1338M (99%), Immediate: 1086M (80%), CSet: 252M (18%)
[2026-04-03T02:51:00.803+0600][89.477s][info][gc,ergo     ] GC(67) Pacer for Evacuation. Used CSet: 259M, Free: 1493M, Non-Taxable: 149M, Alloc Tax Rate: 1.1x
[2026-04-03T02:51:00.803+0600][89.477s][info][gc          ] GC(67) Pause Final Mark (unload classes) 0.820ms
[2026-04-03T02:51:00.804+0600][89.477s][info][gc,start    ] GC(67) Concurrent thread roots
[2026-04-03T02:51:00.804+0600][89.477s][info][gc,task     ] GC(67) Using 3 of 6 workers for Concurrent thread roots
[2026-04-03T02:51:00.804+0600][89.478s][info][gc          ] GC(67) Concurrent thread roots 0.873ms
[2026-04-03T02:51:00.804+0600][89.478s][info][gc,start    ] GC(67) Concurrent weak references
[2026-04-03T02:51:00.804+0600][89.478s][info][gc,task     ] GC(67) Using 3 of 6 workers for concurrent weak references
[2026-04-03T02:51:00.805+0600][89.479s][info][gc,ref      ] GC(67) Encountered references: Soft: 3784, Weak: 16289, Final: 84, Phantom: 621
[2026-04-03T02:51:00.805+0600][89.479s][info][gc,ref      ] GC(67) Discovered  references: Soft: 0, Weak: 7977, Final: 0, Phantom: 472
[2026-04-03T02:51:00.805+0600][89.479s][info][gc,ref      ] GC(67) Enqueued    references: Soft: 0, Weak: 1187, Final: 0, Phantom: 0
[2026-04-03T02:51:00.805+0600][89.479s][info][gc          ] GC(67) Concurrent weak references 0.915ms
[2026-04-03T02:51:00.805+0600][89.479s][info][gc,start    ] GC(67) Concurrent weak roots
[2026-04-03T02:51:00.805+0600][89.479s][info][gc,task     ] GC(67) Using 3 of 6 workers for concurrent weak root
[2026-04-03T02:51:00.809+0600][89.483s][info][gc          ] GC(67) Concurrent weak roots 4.004ms
[2026-04-03T02:51:00.809+0600][89.483s][info][gc,start    ] GC(67) Concurrent cleanup
[2026-04-03T02:51:00.811+0600][89.484s][info][gc          ] GC(67) Concurrent cleanup 1491M->405M(1747M) 1.088ms
[2026-04-03T02:51:00.811+0600][89.484s][info][gc,ergo     ] GC(67) Free: 1488M, Max: 512K regular, 295M humongous, Frag: 81% external, 0% internal; Reserve: 102046K, Max: 512K
[2026-04-03T02:51:00.811+0600][89.484s][info][gc,start    ] GC(67) Concurrent class unloading
[2026-04-03T02:51:00.811+0600][89.484s][info][gc,task     ] GC(67) Using 3 of 6 workers for concurrent class unloading
[2026-04-03T02:51:00.833+0600][89.507s][info][gc          ] GC(67) Concurrent class unloading 22.020ms
[2026-04-03T02:51:00.833+0600][89.507s][info][gc,start    ] GC(67) Concurrent strong roots
[2026-04-03T02:51:00.833+0600][89.507s][info][gc,task     ] GC(67) Using 3 of 6 workers for concurrent strong root
[2026-04-03T02:51:00.834+0600][89.508s][info][gc          ] GC(67) Concurrent strong roots 1.559ms
[2026-04-03T02:51:00.834+0600][89.508s][info][gc,start    ] GC(67) Concurrent evacuation
[2026-04-03T02:51:00.834+0600][89.508s][info][gc,task     ] GC(67) Using 3 of 6 workers for concurrent evacuation
[2026-04-03T02:51:00.840+0600][89.514s][info][gc          ] GC(67) Concurrent evacuation 5.497ms
[2026-04-03T02:51:00.840+0600][89.514s][info][gc,start    ] GC(67) Pause Init Update Refs
[2026-04-03T02:51:00.840+0600][89.514s][info][gc,ergo     ] GC(67) Pacer for Update Refs. Used: 425M, Free: 1474M, Non-Taxable: 147M, Alloc Tax Rate: 1.1x
[2026-04-03T02:51:00.840+0600][89.514s][info][gc          ] GC(67) Pause Init Update Refs 0.163ms
[2026-04-03T02:51:00.841+0600][89.514s][info][gc,start    ] GC(67) Concurrent update references
[2026-04-03T02:51:00.841+0600][89.514s][info][gc,task     ] GC(67) Using 3 of 6 workers for concurrent reference update
[2026-04-03T02:51:00.892+0600][89.566s][info][gc          ] GC(67) Concurrent update references 51.431ms
[2026-04-03T02:51:00.892+0600][89.566s][info][gc,start    ] GC(67) Concurrent update thread roots
[2026-04-03T02:51:00.894+0600][89.568s][info][gc          ] GC(67) Concurrent update thread roots 1.877ms
[2026-04-03T02:51:00.894+0600][89.568s][info][gc,start    ] GC(67) Pause Final Update Refs
[2026-04-03T02:51:00.894+0600][89.568s][info][gc,task     ] GC(67) Using 6 of 6 workers for final reference update
[2026-04-03T02:51:00.894+0600][89.568s][info][gc          ] GC(67) Pause Final Update Refs 0.253ms
[2026-04-03T02:51:00.895+0600][89.568s][info][gc,start    ] GC(67) Concurrent cleanup
[2026-04-03T02:51:00.896+0600][89.569s][info][gc          ] GC(67) Concurrent cleanup 473M->214M(1747M) 0.981ms
[2026-04-03T02:51:00.896+0600][89.570s][info][gc,ergo     ] Free: 1674M, Max: 512K regular, 990M humongous, Frag: 41% external, 0% internal; Reserve: 100M, Max: 512K
[2026-04-03T02:51:00.896+0600][89.570s][info][gc,stats    ] 
[2026-04-03T02:51:00.896+0600][89.570s][info][gc,stats    ] All times are wall-clock times, except per-root-class counters, that are sum over
[2026-04-03T02:51:00.896+0600][89.570s][info][gc,stats    ] all workers. Dividing the <total> over the root stage time estimates parallelism.
[2026-04-03T02:51:00.896+0600][89.570s][info][gc,stats    ] 
[2026-04-03T02:51:00.896+0600][89.570s][info][gc,stats    ] Concurrent Reset                   2441 us
[2026-04-03T02:51:00.896+0600][89.570s][info][gc,stats    ] Pause Init Mark (G)                 457 us
[2026-04-03T02:51:00.896+0600][89.570s][info][gc,stats    ] Pause Init Mark (N)                 214 us
[2026-04-03T02:51:00.896+0600][89.570s][info][gc,stats    ]   Update Region States               43 us
[2026-04-03T02:51:00.896+0600][89.570s][info][gc,stats    ] Concurrent Mark Roots              1347 us, parallelism: 1.76x
[2026-04-03T02:51:00.896+0600][89.570s][info][gc,stats    ]   CMR: <total>                     2375 us
[2026-04-03T02:51:00.896+0600][89.570s][info][gc,stats    ]   CMR: Thread Roots                2107 us, workers (us): 584, 771, 752, ---, ---, ---, 
[2026-04-03T02:51:00.896+0600][89.570s][info][gc,stats    ]   CMR: VM Strong Roots               37 us, workers (us):  36,   1,   1, ---, ---, ---, 
[2026-04-03T02:51:00.896+0600][89.570s][info][gc,stats    ]   CMR: CLDG Roots                   231 us, workers (us): 231, ---, ---, ---, ---, ---, 
[2026-04-03T02:51:00.896+0600][89.570s][info][gc,stats    ] Concurrent Marking                65167 us
[2026-04-03T02:51:00.896+0600][89.570s][info][gc,stats    ] Pause Final Mark (G)               1152 us
[2026-04-03T02:51:00.896+0600][89.570s][info][gc,stats    ] Pause Final Mark (N)                830 us
[2026-04-03T02:51:00.896+0600][89.570s][info][gc,stats    ]   Finish Mark                       304 us
[2026-04-03T02:51:00.896+0600][89.570s][info][gc,stats    ]   Update Region States               59 us
[2026-04-03T02:51:00.896+0600][89.570s][info][gc,stats    ]   Choose Collection Set             295 us
[2026-04-03T02:51:00.896+0600][89.570s][info][gc,stats    ]   Rebuild Free Set                   52 us
[2026-04-03T02:51:00.896+0600][89.570s][info][gc,stats    ] Concurrent Thread Roots             912 us, parallelism: 2.33x
[2026-04-03T02:51:00.896+0600][89.570s][info][gc,stats    ]   CTR: <total>                     2129 us
[2026-04-03T02:51:00.896+0600][89.570s][info][gc,stats    ]   CTR: Thread Roots                2129 us, workers (us): 752, 689, 687, ---, ---, ---, 
[2026-04-03T02:51:00.896+0600][89.570s][info][gc,stats    ] Concurrent Weak References          928 us, parallelism: 1.10x
[2026-04-03T02:51:00.896+0600][89.570s][info][gc,stats    ]   CWRF: <total>                    1019 us
[2026-04-03T02:51:00.896+0600][89.570s][info][gc,stats    ]   CWRF: Weak References            1019 us, workers (us): 113, 692, 214, ---, ---, ---, 
[2026-04-03T02:51:00.896+0600][89.570s][info][gc,stats    ] Concurrent Weak Roots              4070 us
[2026-04-03T02:51:00.896+0600][89.570s][info][gc,stats    ]   Roots                            3635 us, parallelism: 2.61x
[2026-04-03T02:51:00.896+0600][89.570s][info][gc,stats    ]     CWR: <total>                   9502 us
[2026-04-03T02:51:00.896+0600][89.570s][info][gc,stats    ]     CWR: Code Cache Roots          7453 us, workers (us): 2505, 2407, 2540, ---, ---, ---, 
[2026-04-03T02:51:00.896+0600][89.570s][info][gc,stats    ]     CWR: VM Weak Roots             1907 us, workers (us): 671, 625, 611, ---, ---, ---, 
[2026-04-03T02:51:00.896+0600][89.570s][info][gc,stats    ]     CWR: CLDG Roots                 142 us, workers (us): ---, 142, ---, ---, ---, ---, 
[2026-04-03T02:51:00.896+0600][89.570s][info][gc,stats    ]   Rendezvous                        344 us
[2026-04-03T02:51:00.896+0600][89.570s][info][gc,stats    ] Concurrent Cleanup                 1120 us
[2026-04-03T02:51:00.896+0600][89.570s][info][gc,stats    ] Concurrent Class Unloading        22155 us
[2026-04-03T02:51:00.896+0600][89.570s][info][gc,stats    ]   Unlink Stale                    20281 us
[2026-04-03T02:51:00.896+0600][89.570s][info][gc,stats    ]     System Dictionary               294 us
[2026-04-03T02:51:00.896+0600][89.570s][info][gc,stats    ]     Weak Class Links                  0 us
[2026-04-03T02:51:00.896+0600][89.570s][info][gc,stats    ]     Code Roots                    19983 us
[2026-04-03T02:51:00.896+0600][89.570s][info][gc,stats    ]   Rendezvous                        852 us
[2026-04-03T02:51:00.896+0600][89.570s][info][gc,stats    ]   Purge Unlinked                    856 us
[2026-04-03T02:51:00.896+0600][89.570s][info][gc,stats    ]     Code Roots                      835 us
[2026-04-03T02:51:00.896+0600][89.570s][info][gc,stats    ]     CLDG                             20 us
[2026-04-03T02:51:00.896+0600][89.570s][info][gc,stats    ]     Exception Caches                  1 us
[2026-04-03T02:51:00.896+0600][89.570s][info][gc,stats    ] Concurrent Strong Roots            1616 us, parallelism: 0.71x
[2026-04-03T02:51:00.896+0600][89.570s][info][gc,stats    ]   CSR: <total>                     1151 us
[2026-04-03T02:51:00.896+0600][89.570s][info][gc,stats    ]   CSR: VM Strong Roots               67 us, workers (us):  33,  22,  12, ---, ---, ---, 
[2026-04-03T02:51:00.896+0600][89.570s][info][gc,stats    ]   CSR: CLDG Roots                  1084 us, workers (us): ---, ---, 1084, ---, ---, ---, 
[2026-04-03T02:51:00.897+0600][89.570s][info][gc,stats    ] Concurrent Evacuation              5622 us
[2026-04-03T02:51:00.897+0600][89.570s][info][gc,stats    ] Pause Init Update Refs (G)          489 us
[2026-04-03T02:51:00.897+0600][89.570s][info][gc,stats    ] Pause Init Update Refs (N)          178 us
[2026-04-03T02:51:00.897+0600][89.570s][info][gc,stats    ]   Manage GCLABs                      50 us
[2026-04-03T02:51:00.897+0600][89.570s][info][gc,stats    ] Concurrent Update Refs            51550 us
[2026-04-03T02:51:00.897+0600][89.570s][info][gc,stats    ] Concurrent Update Thread Roots     1903 us
[2026-04-03T02:51:00.897+0600][89.570s][info][gc,stats    ] Pause Final Update Refs (G)         611 us
[2026-04-03T02:51:00.897+0600][89.570s][info][gc,stats    ] Pause Final Update Refs (N)         301 us
[2026-04-03T02:51:00.897+0600][89.570s][info][gc,stats    ]   Update Region States               80 us
[2026-04-03T02:51:00.897+0600][89.570s][info][gc,stats    ]   Trash Collection Set               25 us
[2026-04-03T02:51:00.897+0600][89.570s][info][gc,stats    ]   Rebuild Free Set                   62 us
[2026-04-03T02:51:00.897+0600][89.570s][info][gc,stats    ] Concurrent Cleanup                 1018 us
[2026-04-03T02:51:00.897+0600][89.571s][info][gc,stats    ] Pacing                            33696 us
[2026-04-03T02:51:00.897+0600][89.571s][info][gc,stats    ] 
[2026-04-03T02:51:00.897+0600][89.571s][info][gc,stats    ] Allocation pacing accrued:
[2026-04-03T02:51:00.897+0600][89.571s][info][gc,stats    ]      11 of   900 ms (  1.2%): Executor task launch worker for task 1.0 in stage 4477.0 (TID 8268)
[2026-04-03T02:51:00.897+0600][89.571s][info][gc,stats    ]      11 of   900 ms (  1.3%): task-result-getter-0
[2026-04-03T02:51:00.897+0600][89.571s][info][gc,stats    ]      11 of   900 ms (  1.2%): task-result-getter-3
[2026-04-03T02:51:00.897+0600][89.571s][info][gc,stats    ]      34 of   900 ms (  3.7%): <total>
[2026-04-03T02:51:00.897+0600][89.571s][info][gc,stats    ]       0 of   900 ms (  0.0%): <average total>
[2026-04-03T02:51:00.897+0600][89.571s][info][gc,stats    ]      11 of   900 ms (  1.2%): <average non-zero>
[2026-04-03T02:51:00.897+0600][89.571s][info][gc,stats    ] 
[2026-04-03T02:51:00.897+0600][89.571s][info][gc,metaspace] Metaspace: 131727K(132992K)->131727K(132992K) NonClass: 115209K(115840K)->115209K(115840K) Class: 16517K(17152K)->16517K(17152K)
[2026-04-03T02:51:00.897+0600][89.571s][info][gc,ergo     ] Pacer for Idle. Initial: 40960K, Alloc Tax Rate: 1.0x
[2026-04-03T02:51:01.947+0600][90.621s][info][gc          ] Trigger: Average GC time (179.26 ms) is above the time for average allocation rate (1367 MB/s) to deplete free headroom (244M) (margin of error = 1.82)
[2026-04-03T02:51:01.947+0600][90.621s][info][gc,ergo     ] Free headroom: 344M (free) - 100M (spike) - 0B (penalties) = 244M
[2026-04-03T02:51:01.948+0600][90.621s][info][gc,ergo     ] Free: 342M, Max: 512K regular, 329M humongous, Frag: 3% external, 0% internal; Reserve: 100M, Max: 512K
[2026-04-03T02:51:01.948+0600][90.621s][info][gc,start    ] GC(68) Concurrent reset
[2026-04-03T02:51:01.948+0600][90.621s][info][gc,task     ] GC(68) Using 3 of 6 workers for concurrent reset
[2026-04-03T02:51:01.948+0600][90.621s][info][gc,ergo     ] GC(68) Pacer for Reset. Non-Taxable: 2000M
[2026-04-03T02:51:01.949+0600][90.623s][info][gc          ] GC(68) Concurrent reset 1.875ms
[2026-04-03T02:51:01.950+0600][90.624s][info][gc,start    ] GC(68) Pause Init Mark (unload classes)
[2026-04-03T02:51:01.950+0600][90.624s][info][gc,task     ] GC(68) Using 6 of 6 workers for init marking
[2026-04-03T02:51:01.950+0600][90.624s][info][gc,ergo     ] GC(68) Pacer for Mark. Expected Live: 99951K, Free: 334M, Non-Taxable: 34279K, Alloc Tax Rate: 0.4x
[2026-04-03T02:51:01.950+0600][90.624s][info][gc          ] GC(68) Pause Init Mark (unload classes) 0.131ms
[2026-04-03T02:51:01.950+0600][90.624s][info][gc,start    ] GC(68) Concurrent marking roots
[2026-04-03T02:51:01.950+0600][90.624s][info][gc,task     ] GC(68) Using 3 of 6 workers for concurrent marking roots
[2026-04-03T02:51:01.951+0600][90.625s][info][gc          ] GC(68) Concurrent marking roots 1.255ms
[2026-04-03T02:51:01.951+0600][90.625s][info][gc,start    ] GC(68) Concurrent marking (unload classes)
[2026-04-03T02:51:01.951+0600][90.625s][info][gc,task     ] GC(68) Using 3 of 6 workers for concurrent marking
[2026-04-03T02:51:02.016+0600][90.690s][info][gc          ] GC(68) Concurrent marking (unload classes) 64.517ms
[2026-04-03T02:51:02.016+0600][90.690s][info][gc,start    ] GC(68) Pause Final Mark (unload classes)
[2026-04-03T02:51:02.016+0600][90.690s][info][gc,task     ] GC(68) Using 6 of 6 workers for final marking
[2026-04-03T02:51:02.017+0600][90.690s][info][gc,ergo     ] GC(68) Adaptive CSet Selection. Target Free: 283M, Actual Free: 1485M, Max CSet: 85333K, Min Garbage: 0B
[2026-04-03T02:51:02.017+0600][90.691s][info][gc,ergo     ] GC(68) Collectable Garbage: 1343M (99%), Immediate: 1097M (81%), CSet: 245M (18%)
[2026-04-03T02:51:02.017+0600][90.691s][info][gc,ergo     ] GC(68) Pacer for Evacuation. Used CSet: 254M, Free: 1506M, Non-Taxable: 150M, Alloc Tax Rate: 1.1x
[2026-04-03T02:51:02.017+0600][90.691s][info][gc          ] GC(68) Pause Final Mark (unload classes) 0.873ms
[2026-04-03T02:51:02.017+0600][90.691s][info][gc,start    ] GC(68) Concurrent thread roots
[2026-04-03T02:51:02.017+0600][90.691s][info][gc,task     ] GC(68) Using 3 of 6 workers for Concurrent thread roots
[2026-04-03T02:51:02.018+0600][90.692s][info][gc          ] GC(68) Concurrent thread roots 0.985ms
[2026-04-03T02:51:02.018+0600][90.692s][info][gc,start    ] GC(68) Concurrent weak references
[2026-04-03T02:51:02.018+0600][90.692s][info][gc,task     ] GC(68) Using 3 of 6 workers for concurrent weak references
[2026-04-03T02:51:02.019+0600][90.692s][info][gc,ref      ] GC(68) Encountered references: Soft: 3819, Weak: 17480, Final: 84, Phantom: 621
[2026-04-03T02:51:02.019+0600][90.692s][info][gc,ref      ] GC(68) Discovered  references: Soft: 0, Weak: 6465, Final: 0, Phantom: 616
[2026-04-03T02:51:02.019+0600][90.693s][info][gc,ref      ] GC(68) Enqueued    references: Soft: 0, Weak: 2791, Final: 0, Phantom: 0
[2026-04-03T02:51:02.019+0600][90.693s][info][gc          ] GC(68) Concurrent weak references 0.668ms
[2026-04-03T02:51:02.019+0600][90.693s][info][gc,start    ] GC(68) Concurrent weak roots
[2026-04-03T02:51:02.019+0600][90.693s][info][gc,task     ] GC(68) Using 3 of 6 workers for concurrent weak root
[2026-04-03T02:51:02.024+0600][90.697s][info][gc          ] GC(68) Concurrent weak roots 4.849ms
[2026-04-03T02:51:02.024+0600][90.697s][info][gc,start    ] GC(68) Concurrent cleanup
[2026-04-03T02:51:02.025+0600][90.699s][info][gc          ] GC(68) Concurrent cleanup 1486M->388M(1747M) 1.150ms
[2026-04-03T02:51:02.025+0600][90.699s][info][gc,ergo     ] GC(68) Free: 1504M, Max: 512K regular, 285M humongous, Frag: 81% external, 0% internal; Reserve: 101974K, Max: 512K
[2026-04-03T02:51:02.025+0600][90.699s][info][gc,start    ] GC(68) Concurrent class unloading
[2026-04-03T02:51:02.025+0600][90.699s][info][gc,task     ] GC(68) Using 3 of 6 workers for concurrent class unloading
[2026-04-03T02:51:02.041+0600][90.715s][info][gc          ] GC(68) Concurrent class unloading 16.457ms
[2026-04-03T02:51:02.041+0600][90.715s][info][gc,start    ] GC(68) Concurrent strong roots
[2026-04-03T02:51:02.042+0600][90.715s][info][gc,task     ] GC(68) Using 3 of 6 workers for concurrent strong root
[2026-04-03T02:51:02.043+0600][90.717s][info][gc          ] GC(68) Concurrent strong roots 1.459ms
[2026-04-03T02:51:02.043+0600][90.717s][info][gc,start    ] GC(68) Concurrent evacuation
[2026-04-03T02:51:02.043+0600][90.717s][info][gc,task     ] GC(68) Using 3 of 6 workers for concurrent evacuation
[2026-04-03T02:51:02.049+0600][90.723s][info][gc          ] GC(68) Concurrent evacuation 6.062ms
[2026-04-03T02:51:02.049+0600][90.723s][info][gc,start    ] GC(68) Pause Init Update Refs
[2026-04-03T02:51:02.050+0600][90.723s][info][gc,ergo     ] GC(68) Pacer for Update Refs. Used: 413M, Free: 1489M, Non-Taxable: 148M, Alloc Tax Rate: 1.1x
[2026-04-03T02:51:02.050+0600][90.724s][info][gc          ] GC(68) Pause Init Update Refs 0.173ms
[2026-04-03T02:51:02.050+0600][90.724s][info][gc,start    ] GC(68) Concurrent update references
[2026-04-03T02:51:02.050+0600][90.724s][info][gc,task     ] GC(68) Using 3 of 6 workers for concurrent reference update
[2026-04-03T02:51:02.111+0600][90.785s][info][gc          ] GC(68) Concurrent update references 61.264ms
[2026-04-03T02:51:02.111+0600][90.785s][info][gc,start    ] GC(68) Concurrent update thread roots
[2026-04-03T02:51:02.113+0600][90.787s][info][gc          ] GC(68) Concurrent update thread roots 1.845ms
[2026-04-03T02:51:02.113+0600][90.787s][info][gc,start    ] GC(68) Pause Final Update Refs
[2026-04-03T02:51:02.113+0600][90.787s][info][gc,task     ] GC(68) Using 6 of 6 workers for final reference update
[2026-04-03T02:51:02.114+0600][90.788s][info][gc          ] GC(68) Pause Final Update Refs 0.397ms
[2026-04-03T02:51:02.114+0600][90.788s][info][gc,start    ] GC(68) Concurrent cleanup
[2026-04-03T02:51:02.114+0600][90.788s][info][gc          ] GC(68) Concurrent cleanup 466M->212M(1747M) 0.421ms
[2026-04-03T02:51:02.114+0600][90.788s][info][gc,ergo     ] Free: 1677M, Max: 512K regular, 989M humongous, Frag: 41% external, 0% internal; Reserve: 100M, Max: 512K
[2026-04-03T02:51:02.114+0600][90.788s][info][gc,stats    ] 
[2026-04-03T02:51:02.114+0600][90.788s][info][gc,stats    ] All times are wall-clock times, except per-root-class counters, that are sum over
[2026-04-03T02:51:02.114+0600][90.788s][info][gc,stats    ] all workers. Dividing the <total> over the root stage time estimates parallelism.
[2026-04-03T02:51:02.114+0600][90.788s][info][gc,stats    ] 
[2026-04-03T02:51:02.114+0600][90.788s][info][gc,stats    ] Concurrent Reset                   1941 us
[2026-04-03T02:51:02.115+0600][90.788s][info][gc,stats    ] Pause Init Mark (G)                 427 us
[2026-04-03T02:51:02.115+0600][90.788s][info][gc,stats    ] Pause Init Mark (N)                 140 us
[2026-04-03T02:51:02.115+0600][90.788s][info][gc,stats    ]   Update Region States               40 us
[2026-04-03T02:51:02.115+0600][90.788s][info][gc,stats    ] Concurrent Mark Roots              1294 us, parallelism: 1.87x
[2026-04-03T02:51:02.115+0600][90.788s][info][gc,stats    ]   CMR: <total>                     2415 us
[2026-04-03T02:51:02.115+0600][90.788s][info][gc,stats    ]   CMR: Thread Roots                1984 us, workers (us): 404, 785, 796, ---, ---, ---, 
[2026-04-03T02:51:02.115+0600][90.788s][info][gc,stats    ]   CMR: VM Strong Roots               46 us, workers (us):  43,   1,   1, ---, ---, ---, 
[2026-04-03T02:51:02.115+0600][90.788s][info][gc,stats    ]   CMR: CLDG Roots                   385 us, workers (us): 385, ---, ---, ---, ---, ---, 
[2026-04-03T02:51:02.115+0600][90.788s][info][gc,stats    ] Concurrent Marking                64590 us
[2026-04-03T02:51:02.115+0600][90.788s][info][gc,stats    ] Pause Final Mark (G)               1180 us
[2026-04-03T02:51:02.115+0600][90.788s][info][gc,stats    ] Pause Final Mark (N)                884 us
[2026-04-03T02:51:02.115+0600][90.788s][info][gc,stats    ]   Finish Mark                       321 us
[2026-04-03T02:51:02.115+0600][90.789s][info][gc,stats    ]   Update Region States               58 us
[2026-04-03T02:51:02.115+0600][90.789s][info][gc,stats    ]   Choose Collection Set             311 us
[2026-04-03T02:51:02.115+0600][90.789s][info][gc,stats    ]   Rebuild Free Set                   60 us
[2026-04-03T02:51:02.115+0600][90.789s][info][gc,stats    ] Concurrent Thread Roots            1031 us, parallelism: 2.16x
[2026-04-03T02:51:02.115+0600][90.789s][info][gc,stats    ]   CTR: <total>                     2230 us
[2026-04-03T02:51:02.115+0600][90.789s][info][gc,stats    ]   CTR: Thread Roots                2230 us, workers (us): 792, 718, 720, ---, ---, ---, 
[2026-04-03T02:51:02.115+0600][90.789s][info][gc,stats    ] Concurrent Weak References          697 us, parallelism: 1.27x
[2026-04-03T02:51:02.115+0600][90.789s][info][gc,stats    ]   CWRF: <total>                     887 us
[2026-04-03T02:51:02.115+0600][90.789s][info][gc,stats    ]   CWRF: Weak References             887 us, workers (us): 151, 475, 262, ---, ---, ---, 
[2026-04-03T02:51:02.115+0600][90.789s][info][gc,stats    ] Concurrent Weak Roots              4921 us
[2026-04-03T02:51:02.115+0600][90.789s][info][gc,stats    ]   Roots                            4502 us, parallelism: 2.72x
[2026-04-03T02:51:02.115+0600][90.789s][info][gc,stats    ]     CWR: <total>                  12256 us
[2026-04-03T02:51:02.115+0600][90.789s][info][gc,stats    ]     CWR: Code Cache Roots          9983 us, workers (us): 3388, 3289, 3306, ---, ---, ---, 
[2026-04-03T02:51:02.115+0600][90.789s][info][gc,stats    ]     CWR: VM Weak Roots             2092 us, workers (us): 727, 698, 667, ---, ---, ---, 
[2026-04-03T02:51:02.115+0600][90.789s][info][gc,stats    ]     CWR: CLDG Roots                 181 us, workers (us): ---, 181, ---, ---, ---, ---, 
[2026-04-03T02:51:02.115+0600][90.789s][info][gc,stats    ]   Rendezvous                        298 us
[2026-04-03T02:51:02.115+0600][90.789s][info][gc,stats    ] Concurrent Cleanup                 1201 us
[2026-04-03T02:51:02.115+0600][90.789s][info][gc,stats    ] Concurrent Class Unloading        16584 us
[2026-04-03T02:51:02.115+0600][90.789s][info][gc,stats    ]   Unlink Stale                    14631 us
[2026-04-03T02:51:02.115+0600][90.789s][info][gc,stats    ]     System Dictionary               280 us
[2026-04-03T02:51:02.115+0600][90.789s][info][gc,stats    ]     Weak Class Links                  0 us
[2026-04-03T02:51:02.115+0600][90.789s][info][gc,stats    ]     Code Roots                    14347 us
[2026-04-03T02:51:02.115+0600][90.789s][info][gc,stats    ]   Rendezvous                        387 us
[2026-04-03T02:51:02.115+0600][90.789s][info][gc,stats    ]   Purge Unlinked                   1406 us
[2026-04-03T02:51:02.115+0600][90.789s][info][gc,stats    ]     Code Roots                     1372 us
[2026-04-03T02:51:02.115+0600][90.789s][info][gc,stats    ]     CLDG                             33 us
[2026-04-03T02:51:02.115+0600][90.789s][info][gc,stats    ]     Exception Caches                  0 us
[2026-04-03T02:51:02.115+0600][90.789s][info][gc,stats    ] Concurrent Strong Roots            1558 us, parallelism: 0.61x
[2026-04-03T02:51:02.115+0600][90.789s][info][gc,stats    ]   CSR: <total>                      955 us
[2026-04-03T02:51:02.115+0600][90.789s][info][gc,stats    ]   CSR: VM Strong Roots               63 us, workers (us):  61,   2,   0, ---, ---, ---, 
[2026-04-03T02:51:02.115+0600][90.789s][info][gc,stats    ]   CSR: CLDG Roots                   892 us, workers (us): 892, ---, ---, ---, ---, ---, 
[2026-04-03T02:51:02.115+0600][90.789s][info][gc,stats    ] Concurrent Evacuation              6179 us
[2026-04-03T02:51:02.115+0600][90.789s][info][gc,stats    ] Pause Init Update Refs (G)          628 us
[2026-04-03T02:51:02.115+0600][90.789s][info][gc,stats    ] Pause Init Update Refs (N)          189 us
[2026-04-03T02:51:02.115+0600][90.789s][info][gc,stats    ]   Manage GCLABs                      63 us
[2026-04-03T02:51:02.115+0600][90.789s][info][gc,stats    ] Concurrent Update Refs            61373 us
[2026-04-03T02:51:02.115+0600][90.789s][info][gc,stats    ] Concurrent Update Thread Roots     1918 us
[2026-04-03T02:51:02.115+0600][90.789s][info][gc,stats    ] Pause Final Update Refs (G)         715 us
[2026-04-03T02:51:02.115+0600][90.789s][info][gc,stats    ] Pause Final Update Refs (N)         415 us
[2026-04-03T02:51:02.115+0600][90.789s][info][gc,stats    ]   Update Region States              112 us
[2026-04-03T02:51:02.115+0600][90.789s][info][gc,stats    ]   Trash Collection Set               27 us
[2026-04-03T02:51:02.115+0600][90.789s][info][gc,stats    ]   Rebuild Free Set                   85 us
[2026-04-03T02:51:02.115+0600][90.789s][info][gc,stats    ] Concurrent Cleanup                  451 us
[2026-04-03T02:51:02.115+0600][90.789s][info][gc,stats    ] 
[2026-04-03T02:51:02.115+0600][90.789s][info][gc,stats    ] Allocation pacing accrued:
[2026-04-03T02:51:02.115+0600][90.789s][info][gc,stats    ]       0 of  1218 ms (  0.0%): <total>
[2026-04-03T02:51:02.115+0600][90.789s][info][gc,stats    ]       0 of  1218 ms (  0.0%): <average total>
[2026-04-03T02:51:02.115+0600][90.789s][info][gc,stats    ] 
[2026-04-03T02:51:02.115+0600][90.789s][info][gc,metaspace] Metaspace: 131763K(132992K)->131764K(132992K) NonClass: 115239K(115840K)->115240K(115840K) Class: 16523K(17152K)->16523K(17152K)
[2026-04-03T02:51:02.115+0600][90.789s][info][gc,ergo     ] Pacer for Idle. Initial: 40960K, Alloc Tax Rate: 1.0x
[2026-04-03T02:51:02.841+0600][91.515s][info][gc          ] Cancelling GC: Stopping VM
[2026-04-03T02:51:02.842+0600][91.516s][info][gc,heap,exit] Heap
[2026-04-03T02:51:02.842+0600][91.516s][info][gc,heap,exit] Shenandoah Heap
[2026-04-03T02:51:02.842+0600][91.516s][info][gc,heap,exit]  2000M max, 2000M soft max, 1747M committed, 262M used
[2026-04-03T02:51:02.842+0600][91.516s][info][gc,heap,exit]  4000 x 512K regions
[2026-04-03T02:51:02.842+0600][91.516s][info][gc,heap,exit] Status: cancelled
[2026-04-03T02:51:02.842+0600][91.516s][info][gc,heap,exit] Reserved region:
[2026-04-03T02:51:02.842+0600][91.516s][info][gc,heap,exit]  - [0x0000000083000000, 0x0000000100000000) 
[2026-04-03T02:51:02.842+0600][91.516s][info][gc,heap,exit] Collection set:
[2026-04-03T02:51:02.842+0600][91.516s][info][gc,heap,exit]  - map (vanilla): 0x0000000000011060
[2026-04-03T02:51:02.842+0600][91.516s][info][gc,heap,exit]  - map (biased):  0x0000000000010000
[2026-04-03T02:51:02.842+0600][91.516s][info][gc,heap,exit] 
[2026-04-03T02:51:02.842+0600][91.516s][info][gc,heap,exit]  Metaspace       used 132278K, committed 133440K, reserved 1179648K
[2026-04-03T02:51:02.842+0600][91.516s][info][gc,heap,exit]   class space    used 16621K, committed 17216K, reserved 1048576K
[2026-04-03T02:51:02.842+0600][91.516s][info][gc,stats    ] 
[2026-04-03T02:51:02.842+0600][91.516s][info][gc,stats    ] GC STATISTICS:
[2026-04-03T02:51:02.842+0600][91.516s][info][gc,stats    ]   "(G)" (gross) pauses include VM time: time to notify and block threads, do the pre-
[2026-04-03T02:51:02.842+0600][91.516s][info][gc,stats    ]         and post-safepoint housekeeping. Use -Xlog:safepoint+stats to dissect.
[2026-04-03T02:51:02.842+0600][91.516s][info][gc,stats    ]   "(N)" (net) pauses are the times spent in the actual GC code.
[2026-04-03T02:51:02.842+0600][91.516s][info][gc,stats    ]   "a" is average time for each phase, look at levels to see if average makes sense.
[2026-04-03T02:51:02.842+0600][91.516s][info][gc,stats    ]   "lvls" are quantiles: 0% (minimum), 25%, 50% (median), 75%, 100% (maximum).
[2026-04-03T02:51:02.842+0600][91.516s][info][gc,stats    ] 
[2026-04-03T02:51:02.842+0600][91.516s][info][gc,stats    ]   All times are wall-clock times, except per-root-class counters, that are sum over
[2026-04-03T02:51:02.842+0600][91.516s][info][gc,stats    ]   all workers. Dividing the <total> over the root stage time estimates parallelism.
[2026-04-03T02:51:02.842+0600][91.516s][info][gc,stats    ] 
[2026-04-03T02:51:02.842+0600][91.516s][info][gc,stats    ]   Pacing delays are measured from entering the pacing code till exiting it. Therefore,
[2026-04-03T02:51:02.842+0600][91.516s][info][gc,stats    ]   observed pacing delays may be higher than the threshold when paced thread spent more
[2026-04-03T02:51:02.842+0600][91.516s][info][gc,stats    ]   time in the pacing code. It usually happens when thread is de-scheduled while paced,
[2026-04-03T02:51:02.842+0600][91.516s][info][gc,stats    ]   OS takes longer to unblock the thread, or JVM experiences an STW pause.
[2026-04-03T02:51:02.842+0600][91.516s][info][gc,stats    ] 
[2026-04-03T02:51:02.842+0600][91.516s][info][gc,stats    ]   Higher delay would prevent application outpacing the GC, but it will hide the GC latencies
[2026-04-03T02:51:02.842+0600][91.516s][info][gc,stats    ]   from the STW pause times. Pacing affects the individual threads, and so it would also be
[2026-04-03T02:51:02.842+0600][91.516s][info][gc,stats    ]   invisible to the usual profiling tools, but would add up to end-to-end application latency.
[2026-04-03T02:51:02.842+0600][91.516s][info][gc,stats    ]   Raise max pacing delay with care.
[2026-04-03T02:51:02.842+0600][91.516s][info][gc,stats    ] 
[2026-04-03T02:51:02.842+0600][91.516s][info][gc,stats    ] Concurrent Reset               =    0.220 s (a =     3190 us) (n =    69) (lvls, us =      795,     1699,     2422,     4004,     8724)
[2026-04-03T02:51:02.842+0600][91.516s][info][gc,stats    ] Pause Init Mark (G)            =    0.050 s (a =      726 us) (n =    69) (lvls, us =      275,      414,      514,      658,     4708)
[2026-04-03T02:51:02.842+0600][91.516s][info][gc,stats    ] Pause Init Mark (N)            =    0.013 s (a =      191 us) (n =    69) (lvls, us =      104,      148,      168,      199,      601)
[2026-04-03T02:51:02.842+0600][91.516s][info][gc,stats    ]   Update Region States         =    0.003 s (a =       50 us) (n =    69) (lvls, us =       27,       41,       48,       57,       98)
[2026-04-03T02:51:02.842+0600][91.516s][info][gc,stats    ] Concurrent Mark Roots          =    0.135 s (a =     1963 us) (n =    69) (lvls, us =      744,     1406,     1777,     2109,     5529)
[2026-04-03T02:51:02.842+0600][91.516s][info][gc,stats    ]   CMR: <total>                 =    0.248 s (a =     3591 us) (n =    69) (lvls, us =     1367,     2539,     3516,     3887,    12163)
[2026-04-03T02:51:02.843+0600][91.516s][info][gc,stats    ]   CMR: Thread Roots            =    0.215 s (a =     3114 us) (n =    69) (lvls, us =     1113,     2266,     2930,     3398,    11651)
[2026-04-03T02:51:02.843+0600][91.516s][info][gc,stats    ]   CMR: VM Strong Roots         =    0.006 s (a =       81 us) (n =    69) (lvls, us =       24,       46,       60,       75,      681)
[2026-04-03T02:51:02.843+0600][91.516s][info][gc,stats    ]   CMR: CLDG Roots              =    0.027 s (a =      395 us) (n =    69) (lvls, us =      193,      279,      396,      482,      821)
[2026-04-03T02:51:02.843+0600][91.516s][info][gc,stats    ] Concurrent Marking             =    4.136 s (a =    59940 us) (n =    69) (lvls, us =     9531,    52344,    62695,    66797,    87877)
[2026-04-03T02:51:02.843+0600][91.516s][info][gc,stats    ] Pause Final Mark (G)           =    0.088 s (a =     1279 us) (n =    69) (lvls, us =      771,      996,     1074,     1230,     4069)
[2026-04-03T02:51:02.843+0600][91.516s][info][gc,stats    ] Pause Final Mark (N)           =    0.059 s (a =      850 us) (n =    69) (lvls, us =      572,      756,      830,      887,     1450)
[2026-04-03T02:51:02.843+0600][91.516s][info][gc,stats    ]   Finish Mark                  =    0.019 s (a =      276 us) (n =    69) (lvls, us =      152,      221,      281,      314,      454)
[2026-04-03T02:51:02.843+0600][91.516s][info][gc,stats    ]   Update Region States         =    0.005 s (a =       73 us) (n =    69) (lvls, us =       42,       58,       66,       86,      142)
[2026-04-03T02:51:02.843+0600][91.516s][info][gc,stats    ]   Choose Collection Set        =    0.020 s (a =      283 us) (n =    69) (lvls, us =      150,      227,      275,      309,      589)
[2026-04-03T02:51:02.843+0600][91.516s][info][gc,stats    ]   Rebuild Free Set             =    0.004 s (a =       54 us) (n =    69) (lvls, us =       34,       48,       51,       57,       89)
[2026-04-03T02:51:02.843+0600][91.516s][info][gc,stats    ] Concurrent Thread Roots        =    0.112 s (a =     1625 us) (n =    69) (lvls, us =      404,     1055,     1250,     1641,     5890)
[2026-04-03T02:51:02.843+0600][91.516s][info][gc,stats    ]   CTR: <total>                 =    0.233 s (a =     3377 us) (n =    69) (lvls, us =      391,     2441,     2891,     3691,    10193)
[2026-04-03T02:51:02.843+0600][91.516s][info][gc,stats    ]   CTR: Thread Roots            =    0.233 s (a =     3377 us) (n =    69) (lvls, us =      391,     2441,     2891,     3691,    10193)
[2026-04-03T02:51:02.843+0600][91.516s][info][gc,stats    ] Concurrent Weak References     =    0.093 s (a =     1354 us) (n =    69) (lvls, us =      398,      939,     1230,     1504,     6992)
[2026-04-03T02:51:02.843+0600][91.516s][info][gc,stats    ]   CWRF: <total>                =    0.110 s (a =     1598 us) (n =    69) (lvls, us =      422,     1113,     1406,     1758,     9800)
[2026-04-03T02:51:02.843+0600][91.516s][info][gc,stats    ]   CWRF: Weak References        =    0.110 s (a =     1598 us) (n =    69) (lvls, us =      422,     1113,     1406,     1758,     9800)
[2026-04-03T02:51:02.843+0600][91.516s][info][gc,stats    ] Concurrent Weak Roots          =    0.446 s (a =     6468 us) (n =    69) (lvls, us =     1016,     4902,     5820,     7363,    12888)
[2026-04-03T02:51:02.843+0600][91.516s][info][gc,stats    ]   Roots                        =    0.385 s (a =     5575 us) (n =    69) (lvls, us =      848,     4434,     5176,     6582,    11403)
[2026-04-03T02:51:02.843+0600][91.517s][info][gc,stats    ]     CWR: <total>               =    1.000 s (a =    14493 us) (n =    69) (lvls, us =     1934,    12109,    13867,    16992,    27789)
[2026-04-03T02:51:02.843+0600][91.517s][info][gc,stats    ]     CWR: Code Cache Roots      =    0.740 s (a =    10718 us) (n =    69) (lvls, us =      707,     9141,    10742,    12891,    18571)
[2026-04-03T02:51:02.843+0600][91.517s][info][gc,stats    ]     CWR: VM Weak Roots         =    0.247 s (a =     3581 us) (n =    69) (lvls, us =     1211,     2578,     2930,     3633,    13671)
[2026-04-03T02:51:02.843+0600][91.517s][info][gc,stats    ]     CWR: CLDG Roots            =    0.013 s (a =      194 us) (n =    69) (lvls, us =       11,      143,      193,      250,      345)
[2026-04-03T02:51:02.843+0600][91.517s][info][gc,stats    ]   Rendezvous                   =    0.052 s (a =      747 us) (n =    69) (lvls, us =      109,      309,      389,      490,     4559)
[2026-04-03T02:51:02.843+0600][91.517s][info][gc,stats    ] Concurrent Cleanup             =    0.079 s (a =     1138 us) (n =    69) (lvls, us =      221,      953,     1172,     1348,     2081)
[2026-04-03T02:51:02.843+0600][91.517s][info][gc,stats    ] Concurrent Class Unloading     =    1.941 s (a =    28132 us) (n =    69) (lvls, us =     2344,    19922,    23242,    29492,    87028)
[2026-04-03T02:51:02.843+0600][91.517s][info][gc,stats    ]   Unlink Stale                 =    1.524 s (a =    22093 us) (n =    69) (lvls, us =     1348,    15820,    18164,    22461,    71305)
[2026-04-03T02:51:02.843+0600][91.517s][info][gc,stats    ]     System Dictionary          =    0.029 s (a =      416 us) (n =    69) (lvls, us =       27,      283,      314,      369,     3610)
[2026-04-03T02:51:02.843+0600][91.517s][info][gc,stats    ]     Weak Class Links           =    0.328 s (a =     4751 us) (n =    69) (lvls, us =        0,        0,        1,        1,    48386)
[2026-04-03T02:51:02.843+0600][91.517s][info][gc,stats    ]     Code Roots                 =    1.168 s (a =    16921 us) (n =    69) (lvls, us =     1309,    15430,    16992,    19141,    29519)
[2026-04-03T02:51:02.843+0600][91.517s][info][gc,stats    ]   Rendezvous                   =    0.053 s (a =      770 us) (n =    69) (lvls, us =      104,      324,      410,      594,     4522)
[2026-04-03T02:51:02.843+0600][91.517s][info][gc,stats    ]   Purge Unlinked               =    0.352 s (a =     5102 us) (n =    69) (lvls, us =      418,     2012,     3086,     5742,    24438)
[2026-04-03T02:51:02.843+0600][91.517s][info][gc,stats    ]     Code Roots                 =    0.344 s (a =     4986 us) (n =    69) (lvls, us =      404,     1973,     3066,     5723,    24353)
[2026-04-03T02:51:02.843+0600][91.517s][info][gc,stats    ]     CLDG                       =    0.008 s (a =      115 us) (n =    69) (lvls, us =       10,       16,       22,       36,     1557)
[2026-04-03T02:51:02.843+0600][91.517s][info][gc,stats    ]     Exception Caches           =    0.000 s (a =        0 us) (n =    69) (lvls, us =        0,        0,        0,        1,        1)
[2026-04-03T02:51:02.843+0600][91.517s][info][gc,stats    ] Concurrent Strong Roots        =    0.121 s (a =     1755 us) (n =    69) (lvls, us =      602,     1426,     1680,     1895,     7066)
[2026-04-03T02:51:02.843+0600][91.517s][info][gc,stats    ]   CSR: <total>                 =    0.084 s (a =     1215 us) (n =    69) (lvls, us =      430,      949,     1133,     1309,     5435)
[2026-04-03T02:51:02.843+0600][91.517s][info][gc,stats    ]   CSR: VM Strong Roots         =    0.005 s (a =       67 us) (n =    69) (lvls, us =       18,       52,       61,       70,      364)
[2026-04-03T02:51:02.843+0600][91.517s][info][gc,stats    ]   CSR: CLDG Roots              =    0.079 s (a =     1148 us) (n =    69) (lvls, us =      410,      891,     1074,     1250,     5374)
[2026-04-03T02:51:02.843+0600][91.517s][info][gc,stats    ] Concurrent Evacuation          =    0.563 s (a =     8155 us) (n =    69) (lvls, us =     1562,     4297,     6992,     8340,    58734)
[2026-04-03T02:51:02.843+0600][91.517s][info][gc,stats    ] Pause Init Update Refs (G)     =    0.050 s (a =      730 us) (n =    69) (lvls, us =      240,      359,      488,      607,     3904)
[2026-04-03T02:51:02.843+0600][91.517s][info][gc,stats    ] Pause Init Update Refs (N)     =    0.012 s (a =      169 us) (n =    69) (lvls, us =       72,      115,      160,      201,      454)
[2026-04-03T02:51:02.843+0600][91.517s][info][gc,stats    ]   Manage GCLABs                =    0.004 s (a =       52 us) (n =    69) (lvls, us =        6,       37,       49,       63,      130)
[2026-04-03T02:51:02.843+0600][91.517s][info][gc,stats    ] Concurrent Update Refs         =    3.309 s (a =    47957 us) (n =    69) (lvls, us =     5020,    45313,    49414,    54297,    75319)
[2026-04-03T02:51:02.843+0600][91.517s][info][gc,stats    ] Concurrent Update Thread Roots =    0.124 s (a =     1801 us) (n =    69) (lvls, us =      576,     1328,     1582,     1914,     9587)
[2026-04-03T02:51:02.843+0600][91.517s][info][gc,stats    ] Pause Final Update Refs (G)    =    0.057 s (a =      819 us) (n =    69) (lvls, us =      266,      492,      582,      680,     5580)
[2026-04-03T02:51:02.843+0600][91.517s][info][gc,stats    ] Pause Final Update Refs (N)    =    0.019 s (a =      280 us) (n =    69) (lvls, us =      148,      227,      273,      309,      475)
[2026-04-03T02:51:02.843+0600][91.517s][info][gc,stats    ]   Update Region States         =    0.005 s (a =       79 us) (n =    69) (lvls, us =       44,       66,       73,       89,      162)
[2026-04-03T02:51:02.843+0600][91.517s][info][gc,stats    ]   Trash Collection Set         =    0.002 s (a =       24 us) (n =    69) (lvls, us =        8,       17,       24,       28,       61)
[2026-04-03T02:51:02.843+0600][91.517s][info][gc,stats    ]   Rebuild Free Set             =    0.004 s (a =       60 us) (n =    69) (lvls, us =       32,       50,       56,       63,      162)
[2026-04-03T02:51:02.843+0600][91.517s][info][gc,stats    ] Concurrent Cleanup             =    0.048 s (a =      697 us) (n =    69) (lvls, us =      297,      443,      742,      881,     1244)
[2026-04-03T02:51:02.843+0600][91.517s][info][gc,stats    ] Concurrent Uncommit            =    0.524 s (a =   174779 us) (n =     3) (lvls, us =    93164,    93164,    93164,   207031,   223440)
[2026-04-03T02:51:02.843+0600][91.517s][info][gc,stats    ] Pacing                         =    3.959 s (a =    57370 us) (n =    69) (lvls, us =        0,        0,        0,    84375,   324563)
[2026-04-03T02:51:02.843+0600][91.517s][info][gc,stats    ] 
[2026-04-03T02:51:02.843+0600][91.517s][info][gc,stats    ] 
[2026-04-03T02:51:02.843+0600][91.517s][info][gc,stats    ] Under allocation pressure, concurrent cycles may cancel, and either continue cycle
[2026-04-03T02:51:02.843+0600][91.517s][info][gc,stats    ] under stop-the-world pause or result in stop-the-world Full GC. Increase heap size,
[2026-04-03T02:51:02.843+0600][91.517s][info][gc,stats    ] tune GC heuristics, set more aggressive pacing delay, or lower allocation rate
[2026-04-03T02:51:02.843+0600][91.517s][info][gc,stats    ] to avoid Degenerated and Full GC cycles.
[2026-04-03T02:51:02.843+0600][91.517s][info][gc,stats    ] 
[2026-04-03T02:51:02.843+0600][91.517s][info][gc,stats    ]    69 successful concurrent GCs
[2026-04-03T02:51:02.843+0600][91.517s][info][gc,stats    ]       3 invoked explicitly
[2026-04-03T02:51:02.843+0600][91.517s][info][gc,stats    ]       0 invoked implicitly
[2026-04-03T02:51:02.843+0600][91.517s][info][gc,stats    ] 
[2026-04-03T02:51:02.843+0600][91.517s][info][gc,stats    ]     0 Degenerated GCs
[2026-04-03T02:51:02.843+0600][91.517s][info][gc,stats    ]       0 caused by allocation failure
[2026-04-03T02:51:02.843+0600][91.517s][info][gc,stats    ]       0 upgraded to Full GC
[2026-04-03T02:51:02.843+0600][91.517s][info][gc,stats    ] 
[2026-04-03T02:51:02.843+0600][91.517s][info][gc,stats    ]     0 Full GCs
[2026-04-03T02:51:02.843+0600][91.517s][info][gc,stats    ]       0 invoked explicitly
[2026-04-03T02:51:02.843+0600][91.517s][info][gc,stats    ]       0 invoked implicitly
[2026-04-03T02:51:02.843+0600][91.517s][info][gc,stats    ]       0 caused by allocation failure
[2026-04-03T02:51:02.843+0600][91.517s][info][gc,stats    ]       0 upgraded from Degenerated GC
[2026-04-03T02:51:02.843+0600][91.517s][info][gc,stats    ] 
[2026-04-03T02:51:02.843+0600][91.517s][info][gc,stats    ] 
