[2026-04-03T02:23:57.502+0600][0.005s][info][gc] Heuristics ergonomically sets -XX:+ExplicitGCInvokesConcurrent
[2026-04-03T02:23:57.502+0600][0.005s][info][gc] Heuristics ergonomically sets -XX:+ShenandoahImplicitGCInvokesConcurrent
[2026-04-03T02:23:57.502+0600][0.006s][info][gc] Using Shenandoah
[2026-04-03T02:23:57.503+0600][0.007s][info][gc,ergo] Pacer for Idle. Initial: 20480K, Alloc Tax Rate: 1.0x
[2026-04-03T02:23:57.504+0600][0.007s][info][gc,init] Version: 21.0.10+7-Ubuntu-124.04 (release)
[2026-04-03T02:23:57.504+0600][0.007s][info][gc,init] CPUs: 12 total, 12 available
[2026-04-03T02:23:57.504+0600][0.007s][info][gc,init] Memory: 15683M
[2026-04-03T02:23:57.504+0600][0.007s][info][gc,init] Large Page Support: Disabled
[2026-04-03T02:23:57.504+0600][0.007s][info][gc,init] NUMA Support: Disabled
[2026-04-03T02:23:57.504+0600][0.007s][info][gc,init] Compressed Oops: Enabled (32-bit)
[2026-04-03T02:23:57.504+0600][0.007s][info][gc,init] Heap Min Capacity: 6656K
[2026-04-03T02:23:57.504+0600][0.007s][info][gc,init] Heap Initial Capacity: 251136K
[2026-04-03T02:23:57.504+0600][0.007s][info][gc,init] Heap Max Capacity: 1000M
[2026-04-03T02:23:57.504+0600][0.007s][info][gc,init] Pre-touch: Disabled
[2026-04-03T02:23:57.504+0600][0.007s][info][gc,init] Mode: Snapshot-At-The-Beginning (SATB)
[2026-04-03T02:23:57.504+0600][0.007s][info][gc,init] Heuristics: Adaptive
[2026-04-03T02:23:57.504+0600][0.007s][info][gc,init] Heap Region Count: 4000
[2026-04-03T02:23:57.504+0600][0.007s][info][gc,init] Heap Region Size: 256K
[2026-04-03T02:23:57.504+0600][0.007s][info][gc,init] TLAB Size Max: 256K
[2026-04-03T02:23:57.504+0600][0.007s][info][gc,init] Humongous Object Threshold: 256K
[2026-04-03T02:23:57.504+0600][0.007s][info][gc,init] Parallel Workers: 6
[2026-04-03T02:23:57.504+0600][0.007s][info][gc,init] Concurrent Workers: 3
[2026-04-03T02:23:57.514+0600][0.017s][info][gc,metaspace] CDS archive(s) mapped at: [0x000072dd13000000-0x000072dd13c9c000-0x000072dd13c9c000), size 13221888, SharedBaseAddress: 0x000072dd13000000, ArchiveRelocationMode: 1.
[2026-04-03T02:23:57.514+0600][0.017s][info][gc,metaspace] Compressed class space mapped at: 0x000072dd14000000-0x000072dd54000000, reserved size: 1073741824
[2026-04-03T02:23:57.514+0600][0.017s][info][gc,metaspace] Narrow klass base: 0x000072dd13000000, Narrow klass shift: 0, Narrow klass range: 0x100000000
[2026-04-03T02:23:58.729+0600][1.232s][info][gc          ] Trigger: Learning 1 of 5. Free (699M) is below initial threshold (700M)
[2026-04-03T02:23:58.729+0600][1.232s][info][gc,ergo     ] Free: 699M, Max: 256K regular, 699M humongous, Frag: 0% external, 0% internal; Reserve: 51200K, Max: 256K
[2026-04-03T02:23:58.729+0600][1.232s][info][gc,start    ] GC(0) Concurrent reset
[2026-04-03T02:23:58.729+0600][1.233s][info][gc,task     ] GC(0) Using 3 of 6 workers for concurrent reset
[2026-04-03T02:23:58.729+0600][1.233s][info][gc,ergo     ] GC(0) Pacer for Reset. Non-Taxable: 1000M
[2026-04-03T02:23:58.730+0600][1.233s][info][gc          ] GC(0) Concurrent reset 0.866ms
[2026-04-03T02:23:58.730+0600][1.233s][info][gc,start    ] GC(0) Pause Init Mark (unload classes)
[2026-04-03T02:23:58.730+0600][1.234s][info][gc,task     ] GC(0) Using 6 of 6 workers for init marking
[2026-04-03T02:23:58.731+0600][1.234s][info][gc,ergo     ] GC(0) Pacer for Mark. Expected Live: 100M, Free: 699M, Non-Taxable: 71623K, Alloc Tax Rate: 0.2x
[2026-04-03T02:23:58.731+0600][1.234s][info][gc          ] GC(0) Pause Init Mark (unload classes) 0.577ms
[2026-04-03T02:23:58.731+0600][1.234s][info][gc,start    ] GC(0) Concurrent marking roots
[2026-04-03T02:23:58.731+0600][1.234s][info][gc,task     ] GC(0) Using 3 of 6 workers for concurrent marking roots
[2026-04-03T02:23:58.731+0600][1.235s][info][gc          ] GC(0) Concurrent marking roots 0.821ms
[2026-04-03T02:23:58.731+0600][1.235s][info][gc,start    ] GC(0) Concurrent marking (unload classes)
[2026-04-03T02:23:58.731+0600][1.235s][info][gc,task     ] GC(0) Using 3 of 6 workers for concurrent marking
[2026-04-03T02:23:58.737+0600][1.240s][info][gc          ] GC(0) Concurrent marking (unload classes) 5.659ms
[2026-04-03T02:23:58.737+0600][1.241s][info][gc,start    ] GC(0) Pause Final Mark (unload classes)
[2026-04-03T02:23:58.737+0600][1.241s][info][gc,task     ] GC(0) Using 6 of 6 workers for final marking
[2026-04-03T02:23:58.738+0600][1.241s][info][gc,ergo     ] GC(0) Adaptive CSet Selection. Target Free: 141M, Actual Free: 824M, Max CSet: 42666K, Min Garbage: 0B
[2026-04-03T02:23:58.738+0600][1.241s][info][gc,ergo     ] GC(0) Collectable Garbage: 246M (99%), Immediate: 78336K (31%), CSet: 170M (68%)
[2026-04-03T02:23:58.738+0600][1.241s][info][gc,ergo     ] GC(0) Pacer for Evacuation. Used CSet: 172M, Free: 774M, Non-Taxable: 79334K, Alloc Tax Rate: 1.1x
[2026-04-03T02:23:58.738+0600][1.241s][info][gc          ] GC(0) Pause Final Mark (unload classes) 0.572ms
[2026-04-03T02:23:58.738+0600][1.241s][info][gc,start    ] GC(0) Concurrent thread roots
[2026-04-03T02:23:58.738+0600][1.241s][info][gc,task     ] GC(0) Using 3 of 6 workers for Concurrent thread roots
[2026-04-03T02:23:58.738+0600][1.242s][info][gc          ] GC(0) Concurrent thread roots 0.267ms
[2026-04-03T02:23:58.738+0600][1.242s][info][gc,start    ] GC(0) Concurrent weak references
[2026-04-03T02:23:58.738+0600][1.242s][info][gc,task     ] GC(0) Using 3 of 6 workers for concurrent weak references
[2026-04-03T02:23:58.738+0600][1.242s][info][gc,ref      ] GC(0) Encountered references: Soft: 211, Weak: 922, Final: 0, Phantom: 28
[2026-04-03T02:23:58.739+0600][1.242s][info][gc,ref      ] GC(0) Discovered  references: Soft: 0, Weak: 683, Final: 0, Phantom: 26
[2026-04-03T02:23:58.739+0600][1.242s][info][gc,ref      ] GC(0) Enqueued    references: Soft: 0, Weak: 272, Final: 0, Phantom: 0
[2026-04-03T02:23:58.739+0600][1.242s][info][gc          ] GC(0) Concurrent weak references 0.302ms
[2026-04-03T02:23:58.739+0600][1.242s][info][gc,start    ] GC(0) Concurrent weak roots
[2026-04-03T02:23:58.739+0600][1.242s][info][gc,task     ] GC(0) Using 3 of 6 workers for concurrent weak root
[2026-04-03T02:23:58.739+0600][1.243s][info][gc          ] GC(0) Concurrent weak roots 0.650ms
[2026-04-03T02:23:58.739+0600][1.243s][info][gc,start    ] GC(0) Concurrent cleanup
[2026-04-03T02:23:58.740+0600][1.243s][info][gc          ] GC(0) Concurrent cleanup 252M->176M(252M) 0.578ms
[2026-04-03T02:23:58.740+0600][1.243s][info][gc,ergo     ] GC(0) Free: 774M, Max: 256K regular, 698M humongous, Frag: 10% external, 0% internal; Reserve: 50432K, Max: 256K
[2026-04-03T02:23:58.740+0600][1.243s][info][gc,start    ] GC(0) Concurrent class unloading
[2026-04-03T02:23:58.740+0600][1.243s][info][gc,task     ] GC(0) Using 3 of 6 workers for concurrent class unloading
[2026-04-03T02:23:58.741+0600][1.245s][info][gc          ] GC(0) Concurrent class unloading 1.380ms
[2026-04-03T02:23:58.741+0600][1.245s][info][gc,start    ] GC(0) Concurrent strong roots
[2026-04-03T02:23:58.741+0600][1.245s][info][gc,task     ] GC(0) Using 3 of 6 workers for concurrent strong root
[2026-04-03T02:23:58.742+0600][1.245s][info][gc          ] GC(0) Concurrent strong roots 0.669ms
[2026-04-03T02:23:58.742+0600][1.245s][info][gc,start    ] GC(0) Concurrent evacuation
[2026-04-03T02:23:58.742+0600][1.245s][info][gc,task     ] GC(0) Using 3 of 6 workers for concurrent evacuation
[2026-04-03T02:23:58.745+0600][1.248s][info][gc          ] GC(0) Concurrent evacuation 3.119ms
[2026-04-03T02:23:58.745+0600][1.249s][info][gc,start    ] GC(0) Pause Init Update Refs
[2026-04-03T02:23:58.745+0600][1.249s][info][gc,ergo     ] GC(0) Pacer for Update Refs. Used: 180M, Free: 772M, Non-Taxable: 79139K, Alloc Tax Rate: 1.1x
[2026-04-03T02:23:58.745+0600][1.249s][info][gc          ] GC(0) Pause Init Update Refs 0.059ms
[2026-04-03T02:23:58.745+0600][1.249s][info][gc,start    ] GC(0) Concurrent update references
[2026-04-03T02:23:58.745+0600][1.249s][info][gc,task     ] GC(0) Using 3 of 6 workers for concurrent reference update
[2026-04-03T02:23:58.748+0600][1.251s][info][gc          ] GC(0) Concurrent update references 2.796ms
[2026-04-03T02:23:58.748+0600][1.251s][info][gc,start    ] GC(0) Concurrent update thread roots
[2026-04-03T02:23:58.748+0600][1.252s][info][gc          ] GC(0) Concurrent update thread roots 0.262ms
[2026-04-03T02:23:58.749+0600][1.252s][info][gc,start    ] GC(0) Pause Final Update Refs
[2026-04-03T02:23:58.749+0600][1.252s][info][gc,task     ] GC(0) Using 6 of 6 workers for final reference update
[2026-04-03T02:23:58.749+0600][1.252s][info][gc          ] GC(0) Pause Final Update Refs 0.175ms
[2026-04-03T02:23:58.749+0600][1.252s][info][gc,start    ] GC(0) Concurrent cleanup
[2026-04-03T02:23:58.749+0600][1.252s][info][gc          ] GC(0) Concurrent cleanup 181M->8M(255M) 0.292ms
[2026-04-03T02:23:58.749+0600][1.252s][info][gc,ergo     ] Free: 941M, Max: 256K regular, 694M humongous, Frag: 27% external, 0% internal; Reserve: 51200K, Max: 256K
[2026-04-03T02:23:58.749+0600][1.252s][info][gc,stats    ] 
[2026-04-03T02:23:58.749+0600][1.252s][info][gc,stats    ] All times are wall-clock times, except per-root-class counters, that are sum over
[2026-04-03T02:23:58.749+0600][1.252s][info][gc,stats    ] all workers. Dividing the <total> over the root stage time estimates parallelism.
[2026-04-03T02:23:58.749+0600][1.253s][info][gc,stats    ] 
[2026-04-03T02:23:58.749+0600][1.253s][info][gc,stats    ] Concurrent Reset                    893 us
[2026-04-03T02:23:58.749+0600][1.253s][info][gc,stats    ] Pause Init Mark (G)                 732 us
[2026-04-03T02:23:58.749+0600][1.253s][info][gc,stats    ] Pause Init Mark (N)                 592 us
[2026-04-03T02:23:58.749+0600][1.253s][info][gc,stats    ]   Update Region States               24 us
[2026-04-03T02:23:58.749+0600][1.253s][info][gc,stats    ] Concurrent Mark Roots               857 us, parallelism: 1.84x
[2026-04-03T02:23:58.749+0600][1.253s][info][gc,stats    ]   CMR: <total>                     1581 us
[2026-04-03T02:23:58.749+0600][1.253s][info][gc,stats    ]   CMR: Thread Roots                 891 us, workers (us): 276, 611,   4, ---, ---, ---, 
[2026-04-03T02:23:58.749+0600][1.253s][info][gc,stats    ]   CMR: VM Strong Roots              359 us, workers (us): 219, 135,   5, ---, ---, ---, 
[2026-04-03T02:23:58.749+0600][1.253s][info][gc,stats    ]   CMR: CLDG Roots                   332 us, workers (us): ---, ---, 332, ---, ---, ---, 
[2026-04-03T02:23:58.749+0600][1.253s][info][gc,stats    ] Concurrent Marking                 5726 us
[2026-04-03T02:23:58.749+0600][1.253s][info][gc,stats    ] Pause Final Mark (G)                767 us
[2026-04-03T02:23:58.749+0600][1.253s][info][gc,stats    ] Pause Final Mark (N)                583 us
[2026-04-03T02:23:58.749+0600][1.253s][info][gc,stats    ]   Finish Mark                       168 us
[2026-04-03T02:23:58.749+0600][1.253s][info][gc,stats    ]   Update Region States               50 us
[2026-04-03T02:23:58.749+0600][1.253s][info][gc,stats    ]   Choose Collection Set             241 us
[2026-04-03T02:23:58.749+0600][1.253s][info][gc,stats    ]   Rebuild Free Set                   31 us
[2026-04-03T02:23:58.749+0600][1.253s][info][gc,stats    ] Concurrent Thread Roots             303 us, parallelism: 0.63x
[2026-04-03T02:23:58.749+0600][1.253s][info][gc,stats    ]   CTR: <total>                      191 us
[2026-04-03T02:23:58.749+0600][1.253s][info][gc,stats    ]   CTR: Thread Roots                 191 us, workers (us): 120,  64,   7, ---, ---, ---, 
[2026-04-03T02:23:58.749+0600][1.253s][info][gc,stats    ] Concurrent Weak References          311 us, parallelism: 0.66x
[2026-04-03T02:23:58.749+0600][1.253s][info][gc,stats    ]   CWRF: <total>                     204 us
[2026-04-03T02:23:58.749+0600][1.253s][info][gc,stats    ]   CWRF: Weak References             204 us, workers (us): 202,   1,   1, ---, ---, ---, 
[2026-04-03T02:23:58.749+0600][1.253s][info][gc,stats    ] Concurrent Weak Roots               687 us
[2026-04-03T02:23:58.749+0600][1.253s][info][gc,stats    ]   Roots                             590 us, parallelism: 2.19x
[2026-04-03T02:23:58.749+0600][1.253s][info][gc,stats    ]     CWR: <total>                   1294 us
[2026-04-03T02:23:58.749+0600][1.253s][info][gc,stats    ]     CWR: Code Cache Roots           509 us, workers (us): 216, 138, 155, ---, ---, ---, 
[2026-04-03T02:23:58.749+0600][1.253s][info][gc,stats    ]     CWR: VM Weak Roots              780 us, workers (us): 274, 280, 227, ---, ---, ---, 
[2026-04-03T02:23:58.749+0600][1.253s][info][gc,stats    ]     CWR: CLDG Roots                   5 us, workers (us):   5, ---, ---, ---, ---, ---, 
[2026-04-03T02:23:58.749+0600][1.253s][info][gc,stats    ]   Rendezvous                         45 us
[2026-04-03T02:23:58.749+0600][1.253s][info][gc,stats    ] Concurrent Cleanup                  591 us
[2026-04-03T02:23:58.749+0600][1.253s][info][gc,stats    ] Concurrent Class Unloading         1418 us
[2026-04-03T02:23:58.749+0600][1.253s][info][gc,stats    ]   Unlink Stale                     1066 us
[2026-04-03T02:23:58.750+0600][1.253s][info][gc,stats    ]     System Dictionary                22 us
[2026-04-03T02:23:58.750+0600][1.253s][info][gc,stats    ]     Weak Class Links                  0 us
[2026-04-03T02:23:58.750+0600][1.253s][info][gc,stats    ]     Code Roots                     1042 us
[2026-04-03T02:23:58.750+0600][1.253s][info][gc,stats    ]   Rendezvous                        148 us
[2026-04-03T02:23:58.750+0600][1.253s][info][gc,stats    ]   Purge Unlinked                    150 us
[2026-04-03T02:23:58.750+0600][1.253s][info][gc,stats    ]     Code Roots                      142 us
[2026-04-03T02:23:58.750+0600][1.253s][info][gc,stats    ]     CLDG                              7 us
[2026-04-03T02:23:58.750+0600][1.253s][info][gc,stats    ]     Exception Caches                  0 us
[2026-04-03T02:23:58.750+0600][1.253s][info][gc,stats    ] Concurrent Strong Roots             706 us, parallelism: 0.81x
[2026-04-03T02:23:58.750+0600][1.253s][info][gc,stats    ]   CSR: <total>                      572 us
[2026-04-03T02:23:58.750+0600][1.253s][info][gc,stats    ]   CSR: VM Strong Roots               21 us, workers (us):  21,   0,   0, ---, ---, ---, 
[2026-04-03T02:23:58.750+0600][1.253s][info][gc,stats    ]   CSR: CLDG Roots                   551 us, workers (us): 551, ---, ---, ---, ---, ---, 
[2026-04-03T02:23:58.750+0600][1.253s][info][gc,stats    ] Concurrent Evacuation              3169 us
[2026-04-03T02:23:58.750+0600][1.253s][info][gc,stats    ] Pause Init Update Refs (G)          129 us
[2026-04-03T02:23:58.750+0600][1.253s][info][gc,stats    ] Pause Init Update Refs (N)           70 us
[2026-04-03T02:23:58.750+0600][1.253s][info][gc,stats    ]   Manage GCLABs                       5 us
[2026-04-03T02:23:58.750+0600][1.253s][info][gc,stats    ] Concurrent Update Refs             2843 us
[2026-04-03T02:23:58.750+0600][1.253s][info][gc,stats    ] Concurrent Update Thread Roots      274 us
[2026-04-03T02:23:58.750+0600][1.253s][info][gc,stats    ] Pause Final Update Refs (G)         374 us
[2026-04-03T02:23:58.750+0600][1.253s][info][gc,stats    ] Pause Final Update Refs (N)         242 us
[2026-04-03T02:23:58.750+0600][1.253s][info][gc,stats    ]   Update Region States               43 us
[2026-04-03T02:23:58.750+0600][1.253s][info][gc,stats    ]   Trash Collection Set               20 us
[2026-04-03T02:23:58.750+0600][1.253s][info][gc,stats    ]   Rebuild Free Set                   34 us
[2026-04-03T02:23:58.750+0600][1.253s][info][gc,stats    ] Concurrent Cleanup                  313 us
[2026-04-03T02:23:58.750+0600][1.253s][info][gc,stats    ] 
[2026-04-03T02:23:58.750+0600][1.253s][info][gc,stats    ] Allocation pacing accrued:
[2026-04-03T02:23:58.750+0600][1.253s][info][gc,stats    ]       0 of  1246 ms (  0.0%): <total>
[2026-04-03T02:23:58.750+0600][1.253s][info][gc,stats    ]       0 of  1246 ms (  0.0%): <average total>
[2026-04-03T02:23:58.750+0600][1.253s][info][gc,stats    ] 
[2026-04-03T02:23:58.750+0600][1.253s][info][gc,metaspace] Metaspace: 11230K(11456K)->11422K(11584K) NonClass: 9781K(9920K)->9897K(9984K) Class: 1448K(1536K)->1525K(1600K)
[2026-04-03T02:23:58.750+0600][1.253s][info][gc,ergo     ] Pacer for Idle. Initial: 20480K, Alloc Tax Rate: 1.0x
[2026-04-03T02:24:01.563+0600][4.066s][info][gc          ] Trigger: Metadata GC Threshold
[2026-04-03T02:24:01.563+0600][4.066s][info][gc,ergo     ] Free: 827M, Max: 256K regular, 694M humongous, Frag: 16% external, 0% internal; Reserve: 51200K, Max: 256K
[2026-04-03T02:24:01.563+0600][4.066s][info][gc,start    ] GC(1) Concurrent reset
[2026-04-03T02:24:01.563+0600][4.066s][info][gc,task     ] GC(1) Using 3 of 6 workers for concurrent reset
[2026-04-03T02:24:01.563+0600][4.066s][info][gc,ergo     ] GC(1) Pacer for Reset. Non-Taxable: 1000M
[2026-04-03T02:24:01.566+0600][4.070s][info][gc          ] GC(1) Concurrent reset 3.476ms
[2026-04-03T02:24:01.567+0600][4.070s][info][gc,start    ] GC(1) Pause Init Mark (unload classes)
[2026-04-03T02:24:01.567+0600][4.070s][info][gc,task     ] GC(1) Using 6 of 6 workers for init marking
[2026-04-03T02:24:01.567+0600][4.070s][info][gc,ergo     ] GC(1) Pacer for Mark. Expected Live: 3891K, Free: 826M, Non-Taxable: 84668K, Alloc Tax Rate: 0.0x
[2026-04-03T02:24:01.567+0600][4.070s][info][gc          ] GC(1) Pause Init Mark (unload classes) 0.096ms
[2026-04-03T02:24:01.567+0600][4.070s][info][gc,start    ] GC(1) Concurrent marking roots
[2026-04-03T02:24:01.567+0600][4.070s][info][gc,task     ] GC(1) Using 3 of 6 workers for concurrent marking roots
[2026-04-03T02:24:01.569+0600][4.073s][info][gc          ] GC(1) Concurrent marking roots 2.112ms
[2026-04-03T02:24:01.569+0600][4.073s][info][gc,start    ] GC(1) Concurrent marking (unload classes)
[2026-04-03T02:24:01.569+0600][4.073s][info][gc,task     ] GC(1) Using 3 of 6 workers for concurrent marking
[2026-04-03T02:24:01.576+0600][4.079s][info][gc          ] GC(1) Concurrent marking (unload classes) 6.209ms
[2026-04-03T02:24:01.576+0600][4.079s][info][gc,start    ] GC(1) Pause Final Mark (unload classes)
[2026-04-03T02:24:01.576+0600][4.079s][info][gc,task     ] GC(1) Using 6 of 6 workers for final marking
[2026-04-03T02:24:01.576+0600][4.079s][info][gc,ergo     ] GC(1) Adaptive CSet Selection. Target Free: 141M, Actual Free: 898M, Max CSet: 42666K, Min Garbage: 0B
[2026-04-03T02:24:01.576+0600][4.080s][info][gc,ergo     ] GC(1) Collectable Garbage: 102M (99%), Immediate: 22910K (21%), CSet: 82046K (77%)
[2026-04-03T02:24:01.576+0600][4.080s][info][gc,ergo     ] GC(1) Pacer for Evacuation. Used CSet: 89823K, Free: 849M, Non-Taxable: 86966K, Alloc Tax Rate: 1.1x
[2026-04-03T02:24:01.576+0600][4.080s][info][gc          ] GC(1) Pause Final Mark (unload classes) 0.650ms
[2026-04-03T02:24:01.576+0600][4.080s][info][gc,start    ] GC(1) Concurrent thread roots
[2026-04-03T02:24:01.576+0600][4.080s][info][gc,task     ] GC(1) Using 3 of 6 workers for Concurrent thread roots
[2026-04-03T02:24:01.577+0600][4.080s][info][gc          ] GC(1) Concurrent thread roots 0.640ms
[2026-04-03T02:24:01.577+0600][4.080s][info][gc,start    ] GC(1) Concurrent weak references
[2026-04-03T02:24:01.577+0600][4.080s][info][gc,task     ] GC(1) Using 3 of 6 workers for concurrent weak references
[2026-04-03T02:24:01.577+0600][4.081s][info][gc,ref      ] GC(1) Encountered references: Soft: 3500, Weak: 1214, Final: 0, Phantom: 563
[2026-04-03T02:24:01.577+0600][4.081s][info][gc,ref      ] GC(1) Discovered  references: Soft: 0, Weak: 855, Final: 0, Phantom: 560
[2026-04-03T02:24:01.577+0600][4.081s][info][gc,ref      ] GC(1) Enqueued    references: Soft: 0, Weak: 204, Final: 0, Phantom: 0
[2026-04-03T02:24:01.577+0600][4.081s][info][gc          ] GC(1) Concurrent weak references 0.352ms
[2026-04-03T02:24:01.577+0600][4.081s][info][gc,start    ] GC(1) Concurrent weak roots
[2026-04-03T02:24:01.577+0600][4.081s][info][gc,task     ] GC(1) Using 3 of 6 workers for concurrent weak root
[2026-04-03T02:24:01.578+0600][4.082s][info][gc          ] GC(1) Concurrent weak roots 0.869ms
[2026-04-03T02:24:01.578+0600][4.082s][info][gc,start    ] GC(1) Concurrent cleanup
[2026-04-03T02:24:01.579+0600][4.082s][info][gc          ] GC(1) Concurrent cleanup 122M->100M(256M) 0.211ms
[2026-04-03T02:24:01.579+0600][4.082s][info][gc,ergo     ] GC(1) Free: 849M, Max: 256K regular, 695M humongous, Frag: 19% external, 0% internal; Reserve: 49664K, Max: 256K
[2026-04-03T02:24:01.579+0600][4.082s][info][gc,start    ] GC(1) Concurrent class unloading
[2026-04-03T02:24:01.579+0600][4.082s][info][gc,task     ] GC(1) Using 3 of 6 workers for concurrent class unloading
[2026-04-03T02:24:01.581+0600][4.084s][info][gc          ] GC(1) Concurrent class unloading 2.110ms
[2026-04-03T02:24:01.581+0600][4.084s][info][gc,start    ] GC(1) Concurrent strong roots
[2026-04-03T02:24:01.581+0600][4.084s][info][gc,task     ] GC(1) Using 3 of 6 workers for concurrent strong root
[2026-04-03T02:24:01.581+0600][4.085s][info][gc          ] GC(1) Concurrent strong roots 0.545ms
[2026-04-03T02:24:01.581+0600][4.085s][info][gc,start    ] GC(1) Concurrent evacuation
[2026-04-03T02:24:01.581+0600][4.085s][info][gc,task     ] GC(1) Using 3 of 6 workers for concurrent evacuation
[2026-04-03T02:24:01.586+0600][4.089s][info][gc          ] GC(1) Concurrent evacuation 4.520ms
[2026-04-03T02:24:01.586+0600][4.089s][info][gc,start    ] GC(1) Pause Init Update Refs
[2026-04-03T02:24:01.586+0600][4.089s][info][gc,ergo     ] GC(1) Pacer for Update Refs. Used: 108M, Free: 849M, Non-Taxable: 86937K, Alloc Tax Rate: 1.1x
[2026-04-03T02:24:01.586+0600][4.089s][info][gc          ] GC(1) Pause Init Update Refs 0.050ms
[2026-04-03T02:24:01.586+0600][4.090s][info][gc,start    ] GC(1) Concurrent update references
[2026-04-03T02:24:01.586+0600][4.090s][info][gc,task     ] GC(1) Using 3 of 6 workers for concurrent reference update
[2026-04-03T02:24:01.590+0600][4.094s][info][gc          ] GC(1) Concurrent update references 3.990ms
[2026-04-03T02:24:01.590+0600][4.094s][info][gc,start    ] GC(1) Concurrent update thread roots
[2026-04-03T02:24:01.591+0600][4.094s][info][gc          ] GC(1) Concurrent update thread roots 0.729ms
[2026-04-03T02:24:01.591+0600][4.094s][info][gc,start    ] GC(1) Pause Final Update Refs
[2026-04-03T02:24:01.591+0600][4.095s][info][gc,task     ] GC(1) Using 6 of 6 workers for final reference update
[2026-04-03T02:24:01.591+0600][4.095s][info][gc          ] GC(1) Pause Final Update Refs 0.167ms
[2026-04-03T02:24:01.591+0600][4.095s][info][gc,start    ] GC(1) Concurrent cleanup
[2026-04-03T02:24:01.592+0600][4.095s][info][gc          ] GC(1) Concurrent cleanup 108M->20M(264M) 0.284ms
[2026-04-03T02:24:01.592+0600][4.095s][info][gc,ergo     ] Free: 928M, Max: 256K regular, 819M humongous, Frag: 12% external, 0% internal; Reserve: 51200K, Max: 256K
[2026-04-03T02:24:01.592+0600][4.095s][info][gc,stats    ] 
[2026-04-03T02:24:01.592+0600][4.095s][info][gc,stats    ] All times are wall-clock times, except per-root-class counters, that are sum over
[2026-04-03T02:24:01.592+0600][4.095s][info][gc,stats    ] all workers. Dividing the <total> over the root stage time estimates parallelism.
[2026-04-03T02:24:01.592+0600][4.095s][info][gc,stats    ] 
[2026-04-03T02:24:01.592+0600][4.095s][info][gc,stats    ] Concurrent Reset                   3523 us
[2026-04-03T02:24:01.592+0600][4.095s][info][gc,stats    ] Pause Init Mark (G)                 669 us
[2026-04-03T02:24:01.592+0600][4.095s][info][gc,stats    ] Pause Init Mark (N)                 103 us
[2026-04-03T02:24:01.592+0600][4.095s][info][gc,stats    ]   Update Region States               28 us
[2026-04-03T02:24:01.592+0600][4.095s][info][gc,stats    ] Concurrent Mark Roots              2152 us, parallelism: 1.10x
[2026-04-03T02:24:01.592+0600][4.095s][info][gc,stats    ]   CMR: <total>                     2359 us
[2026-04-03T02:24:01.592+0600][4.095s][info][gc,stats    ]   CMR: Thread Roots                1826 us, workers (us):   0, 1769,  57, ---, ---, ---, 
[2026-04-03T02:24:01.592+0600][4.095s][info][gc,stats    ]   CMR: VM Strong Roots              220 us, workers (us):  47,  47, 126, ---, ---, ---, 
[2026-04-03T02:24:01.592+0600][4.095s][info][gc,stats    ]   CMR: CLDG Roots                   312 us, workers (us): 312, ---, ---, ---, ---, ---, 
[2026-04-03T02:24:01.592+0600][4.095s][info][gc,stats    ] Concurrent Marking                 6275 us
[2026-04-03T02:24:01.592+0600][4.095s][info][gc,stats    ] Pause Final Mark (G)                780 us
[2026-04-03T02:24:01.592+0600][4.095s][info][gc,stats    ] Pause Final Mark (N)                660 us
[2026-04-03T02:24:01.592+0600][4.095s][info][gc,stats    ]   Finish Mark                       261 us
[2026-04-03T02:24:01.592+0600][4.095s][info][gc,stats    ]   Update Region States               47 us
[2026-04-03T02:24:01.592+0600][4.095s][info][gc,stats    ]   Choose Collection Set             184 us
[2026-04-03T02:24:01.592+0600][4.095s][info][gc,stats    ]   Rebuild Free Set                   45 us
[2026-04-03T02:24:01.592+0600][4.095s][info][gc,stats    ] Concurrent Thread Roots             670 us, parallelism: 0.90x
[2026-04-03T02:24:01.592+0600][4.095s][info][gc,stats    ]   CTR: <total>                      606 us
[2026-04-03T02:24:01.592+0600][4.095s][info][gc,stats    ]   CTR: Thread Roots                 606 us, workers (us): 517,  55,  34, ---, ---, ---, 
[2026-04-03T02:24:01.592+0600][4.095s][info][gc,stats    ] Concurrent Weak References          363 us, parallelism: 0.90x
[2026-04-03T02:24:01.592+0600][4.095s][info][gc,stats    ]   CWRF: <total>                     328 us
[2026-04-03T02:24:01.592+0600][4.095s][info][gc,stats    ]   CWRF: Weak References             328 us, workers (us): 163, 163,   1, ---, ---, ---, 
[2026-04-03T02:24:01.592+0600][4.095s][info][gc,stats    ] Concurrent Weak Roots               909 us
[2026-04-03T02:24:01.592+0600][4.095s][info][gc,stats    ]   Roots                             702 us, parallelism: 2.36x
[2026-04-03T02:24:01.592+0600][4.095s][info][gc,stats    ]     CWR: <total>                   1656 us
[2026-04-03T02:24:01.592+0600][4.095s][info][gc,stats    ]     CWR: Code Cache Roots           639 us, workers (us): 196, 208, 235, ---, ---, ---, 
[2026-04-03T02:24:01.592+0600][4.095s][info][gc,stats    ]     CWR: VM Weak Roots             1000 us, workers (us): 341, 326, 333, ---, ---, ---, 
[2026-04-03T02:24:01.592+0600][4.095s][info][gc,stats    ]     CWR: CLDG Roots                  16 us, workers (us):  16, ---, ---, ---, ---, ---, 
[2026-04-03T02:24:01.592+0600][4.095s][info][gc,stats    ]   Rendezvous                        144 us
[2026-04-03T02:24:01.592+0600][4.095s][info][gc,stats    ] Concurrent Cleanup                  227 us
[2026-04-03T02:24:01.592+0600][4.095s][info][gc,stats    ] Concurrent Class Unloading         2160 us
[2026-04-03T02:24:01.592+0600][4.095s][info][gc,stats    ]   Unlink Stale                     1423 us
[2026-04-03T02:24:01.592+0600][4.095s][info][gc,stats    ]     System Dictionary                15 us
[2026-04-03T02:24:01.592+0600][4.095s][info][gc,stats    ]     Weak Class Links                  0 us
[2026-04-03T02:24:01.592+0600][4.096s][info][gc,stats    ]     Code Roots                     1405 us
[2026-04-03T02:24:01.592+0600][4.096s][info][gc,stats    ]   Rendezvous                        121 us
[2026-04-03T02:24:01.592+0600][4.096s][info][gc,stats    ]   Purge Unlinked                    541 us
[2026-04-03T02:24:01.592+0600][4.096s][info][gc,stats    ]     Code Roots                      531 us
[2026-04-03T02:24:01.592+0600][4.096s][info][gc,stats    ]     CLDG                              9 us
[2026-04-03T02:24:01.592+0600][4.096s][info][gc,stats    ]     Exception Caches                  0 us
[2026-04-03T02:24:01.592+0600][4.096s][info][gc,stats    ] Concurrent Strong Roots             579 us, parallelism: 0.80x
[2026-04-03T02:24:01.592+0600][4.096s][info][gc,stats    ]   CSR: <total>                      463 us
[2026-04-03T02:24:01.592+0600][4.096s][info][gc,stats    ]   CSR: VM Strong Roots               10 us, workers (us):   9,   1,   0, ---, ---, ---, 
[2026-04-03T02:24:01.592+0600][4.096s][info][gc,stats    ]   CSR: CLDG Roots                   453 us, workers (us): 453, ---, ---, ---, ---, ---, 
[2026-04-03T02:24:01.592+0600][4.096s][info][gc,stats    ] Concurrent Evacuation              4580 us
[2026-04-03T02:24:01.592+0600][4.096s][info][gc,stats    ] Pause Init Update Refs (G)          273 us
[2026-04-03T02:24:01.592+0600][4.096s][info][gc,stats    ] Pause Init Update Refs (N)           68 us
[2026-04-03T02:24:01.592+0600][4.096s][info][gc,stats    ]   Manage GCLABs                       6 us
[2026-04-03T02:24:01.592+0600][4.096s][info][gc,stats    ] Concurrent Update Refs             4053 us
[2026-04-03T02:24:01.592+0600][4.096s][info][gc,stats    ] Concurrent Update Thread Roots      764 us
[2026-04-03T02:24:01.592+0600][4.096s][info][gc,stats    ] Pause Final Update Refs (G)         437 us
[2026-04-03T02:24:01.592+0600][4.096s][info][gc,stats    ] Pause Final Update Refs (N)         183 us
[2026-04-03T02:24:01.592+0600][4.096s][info][gc,stats    ]   Update Region States               53 us
[2026-04-03T02:24:01.592+0600][4.096s][info][gc,stats    ]   Trash Collection Set               22 us
[2026-04-03T02:24:01.592+0600][4.096s][info][gc,stats    ]   Rebuild Free Set                   36 us
[2026-04-03T02:24:01.592+0600][4.096s][info][gc,stats    ] Concurrent Cleanup                  307 us
[2026-04-03T02:24:01.592+0600][4.096s][info][gc,stats    ] 
[2026-04-03T02:24:01.592+0600][4.096s][info][gc,stats    ] Allocation pacing accrued:
[2026-04-03T02:24:01.592+0600][4.096s][info][gc,stats    ]       0 of  2843 ms (  0.0%): <total>
[2026-04-03T02:24:01.592+0600][4.096s][info][gc,stats    ]       0 of  2843 ms (  0.0%): <average total>
[2026-04-03T02:24:01.592+0600][4.096s][info][gc,stats    ] 
[2026-04-03T02:24:01.593+0600][4.096s][info][gc,metaspace] Metaspace: 21286K(21568K)->21404K(21760K) NonClass: 18615K(18752K)->18710K(18880K) Class: 2671K(2816K)->2694K(2880K)
[2026-04-03T02:24:01.593+0600][4.096s][info][gc,ergo     ] Pacer for Idle. Initial: 20480K, Alloc Tax Rate: 1.0x
[2026-04-03T02:24:04.459+0600][6.963s][info][gc          ] Trigger: Metadata GC Threshold
[2026-04-03T02:24:04.460+0600][6.963s][info][gc,ergo     ] Free: 812M, Max: 256K regular, 812M humongous, Frag: 0% external, 0% internal; Reserve: 51200K, Max: 256K
[2026-04-03T02:24:04.460+0600][6.963s][info][gc,start    ] GC(2) Concurrent reset
[2026-04-03T02:24:04.460+0600][6.963s][info][gc,task     ] GC(2) Using 3 of 6 workers for concurrent reset
[2026-04-03T02:24:04.460+0600][6.963s][info][gc,ergo     ] GC(2) Pacer for Reset. Non-Taxable: 1000M
[2026-04-03T02:24:04.461+0600][6.964s][info][gc          ] GC(2) Concurrent reset 1.011ms
[2026-04-03T02:24:04.461+0600][6.964s][info][gc,start    ] GC(2) Pause Init Mark (unload classes)
[2026-04-03T02:24:04.461+0600][6.964s][info][gc,task     ] GC(2) Using 6 of 6 workers for init marking
[2026-04-03T02:24:04.461+0600][6.964s][info][gc,ergo     ] GC(2) Pacer for Mark. Expected Live: 11125K, Free: 812M, Non-Taxable: 83179K, Alloc Tax Rate: 0.0x
[2026-04-03T02:24:04.461+0600][6.964s][info][gc          ] GC(2) Pause Init Mark (unload classes) 0.116ms
[2026-04-03T02:24:04.461+0600][6.964s][info][gc,start    ] GC(2) Concurrent marking roots
[2026-04-03T02:24:04.461+0600][6.964s][info][gc,task     ] GC(2) Using 3 of 6 workers for concurrent marking roots
[2026-04-03T02:24:04.462+0600][6.965s][info][gc          ] GC(2) Concurrent marking roots 1.029ms
[2026-04-03T02:24:04.462+0600][6.965s][info][gc,start    ] GC(2) Concurrent marking (unload classes)
[2026-04-03T02:24:04.462+0600][6.965s][info][gc,task     ] GC(2) Using 3 of 6 workers for concurrent marking
[2026-04-03T02:24:04.471+0600][6.975s][info][gc          ] GC(2) Concurrent marking (unload classes) 9.393ms
[2026-04-03T02:24:04.472+0600][6.975s][info][gc,start    ] GC(2) Pause Final Mark (unload classes)
[2026-04-03T02:24:04.472+0600][6.975s][info][gc,task     ] GC(2) Using 6 of 6 workers for final marking
[2026-04-03T02:24:04.472+0600][6.975s][info][gc,ergo     ] GC(2) Adaptive CSet Selection. Target Free: 141M, Actual Free: 890M, Max CSet: 42666K, Min Garbage: 0B
[2026-04-03T02:24:04.472+0600][6.975s][info][gc,ergo     ] GC(2) Collectable Garbage: 111M (99%), Immediate: 31413K (27%), CSet: 82552K (71%)
[2026-04-03T02:24:04.472+0600][6.975s][info][gc,ergo     ] GC(2) Pacer for Evacuation. Used CSet: 87421K, Free: 843M, Non-Taxable: 86323K, Alloc Tax Rate: 1.1x
[2026-04-03T02:24:04.472+0600][6.975s][info][gc          ] GC(2) Pause Final Mark (unload classes) 0.576ms
[2026-04-03T02:24:04.472+0600][6.975s][info][gc,start    ] GC(2) Concurrent thread roots
[2026-04-03T02:24:04.472+0600][6.976s][info][gc,task     ] GC(2) Using 3 of 6 workers for Concurrent thread roots
[2026-04-03T02:24:04.473+0600][6.976s][info][gc          ] GC(2) Concurrent thread roots 0.407ms
[2026-04-03T02:24:04.473+0600][6.976s][info][gc,start    ] GC(2) Concurrent weak references
[2026-04-03T02:24:04.473+0600][6.976s][info][gc,task     ] GC(2) Using 3 of 6 workers for concurrent weak references
[2026-04-03T02:24:04.473+0600][6.976s][info][gc,ref      ] GC(2) Encountered references: Soft: 3855, Weak: 2515, Final: 80, Phantom: 569
[2026-04-03T02:24:04.473+0600][6.976s][info][gc,ref      ] GC(2) Discovered  references: Soft: 0, Weak: 910, Final: 48, Phantom: 247
[2026-04-03T02:24:04.473+0600][6.976s][info][gc,ref      ] GC(2) Enqueued    references: Soft: 0, Weak: 474, Final: 0, Phantom: 1
[2026-04-03T02:24:04.473+0600][6.976s][info][gc          ] GC(2) Concurrent weak references 0.459ms
[2026-04-03T02:24:04.473+0600][6.976s][info][gc,start    ] GC(2) Concurrent weak roots
[2026-04-03T02:24:04.473+0600][6.976s][info][gc,task     ] GC(2) Using 3 of 6 workers for concurrent weak root
[2026-04-03T02:24:04.475+0600][6.978s][info][gc          ] GC(2) Concurrent weak roots 1.647ms
[2026-04-03T02:24:04.475+0600][6.978s][info][gc,start    ] GC(2) Concurrent cleanup
[2026-04-03T02:24:04.475+0600][6.978s][info][gc          ] GC(2) Concurrent cleanup 136M->106M(264M) 0.252ms
[2026-04-03T02:24:04.475+0600][6.978s][info][gc,ergo     ] GC(2) Free: 842M, Max: 256K regular, 809M humongous, Frag: 4% external, 0% internal; Reserve: 50494K, Max: 256K
[2026-04-03T02:24:04.475+0600][6.978s][info][gc,start    ] GC(2) Concurrent class unloading
[2026-04-03T02:24:04.475+0600][6.978s][info][gc,task     ] GC(2) Using 3 of 6 workers for concurrent class unloading
[2026-04-03T02:24:04.479+0600][6.982s][info][gc          ] GC(2) Concurrent class unloading 4.043ms
[2026-04-03T02:24:04.479+0600][6.983s][info][gc,start    ] GC(2) Concurrent strong roots
[2026-04-03T02:24:04.479+0600][6.983s][info][gc,task     ] GC(2) Using 3 of 6 workers for concurrent strong root
[2026-04-03T02:24:04.480+0600][6.984s][info][gc          ] GC(2) Concurrent strong roots 1.116ms
[2026-04-03T02:24:04.480+0600][6.984s][info][gc,start    ] GC(2) Concurrent evacuation
[2026-04-03T02:24:04.480+0600][6.984s][info][gc,task     ] GC(2) Using 3 of 6 workers for concurrent evacuation
[2026-04-03T02:24:04.485+0600][6.989s][info][gc          ] GC(2) Concurrent evacuation 4.923ms
[2026-04-03T02:24:04.486+0600][6.989s][info][gc,start    ] GC(2) Pause Init Update Refs
[2026-04-03T02:24:04.486+0600][6.989s][info][gc,ergo     ] GC(2) Pacer for Update Refs. Used: 111M, Free: 842M, Non-Taxable: 86251K, Alloc Tax Rate: 1.1x
[2026-04-03T02:24:04.486+0600][6.989s][info][gc          ] GC(2) Pause Init Update Refs 0.085ms
[2026-04-03T02:24:04.486+0600][6.989s][info][gc,start    ] GC(2) Concurrent update references
[2026-04-03T02:24:04.486+0600][6.989s][info][gc,task     ] GC(2) Using 3 of 6 workers for concurrent reference update
[2026-04-03T02:24:04.492+0600][6.995s][info][gc          ] GC(2) Concurrent update references 6.480ms
[2026-04-03T02:24:04.492+0600][6.996s][info][gc,start    ] GC(2) Concurrent update thread roots
[2026-04-03T02:24:04.493+0600][6.997s][info][gc          ] GC(2) Concurrent update thread roots 1.236ms
[2026-04-03T02:24:04.494+0600][6.997s][info][gc,start    ] GC(2) Pause Final Update Refs
[2026-04-03T02:24:04.494+0600][6.997s][info][gc,task     ] GC(2) Using 6 of 6 workers for final reference update
[2026-04-03T02:24:04.494+0600][6.997s][info][gc          ] GC(2) Pause Final Update Refs 0.256ms
[2026-04-03T02:24:04.494+0600][6.997s][info][gc,start    ] GC(2) Concurrent cleanup
[2026-04-03T02:24:04.495+0600][6.998s][info][gc          ] GC(2) Concurrent cleanup 111M->26M(269M) 0.777ms
[2026-04-03T02:24:04.495+0600][6.998s][info][gc,ergo     ] Free: 922M, Max: 256K regular, 807M humongous, Frag: 13% external, 0% internal; Reserve: 51200K, Max: 256K
[2026-04-03T02:24:04.495+0600][6.998s][info][gc,stats    ] 
[2026-04-03T02:24:04.495+0600][6.998s][info][gc,stats    ] All times are wall-clock times, except per-root-class counters, that are sum over
[2026-04-03T02:24:04.495+0600][6.998s][info][gc,stats    ] all workers. Dividing the <total> over the root stage time estimates parallelism.
[2026-04-03T02:24:04.495+0600][6.998s][info][gc,stats    ] 
[2026-04-03T02:24:04.495+0600][6.998s][info][gc,stats    ] Concurrent Reset                   1054 us
[2026-04-03T02:24:04.495+0600][6.998s][info][gc,stats    ] Pause Init Mark (G)                 305 us
[2026-04-03T02:24:04.495+0600][6.998s][info][gc,stats    ] Pause Init Mark (N)                 124 us
[2026-04-03T02:24:04.495+0600][6.998s][info][gc,stats    ]   Update Region States               30 us
[2026-04-03T02:24:04.495+0600][6.998s][info][gc,stats    ] Concurrent Mark Roots              1071 us, parallelism: 1.77x
[2026-04-03T02:24:04.495+0600][6.998s][info][gc,stats    ]   CMR: <total>                     1900 us
[2026-04-03T02:24:04.495+0600][6.998s][info][gc,stats    ]   CMR: Thread Roots                1607 us, workers (us): 486, 606, 515, ---, ---, ---, 
[2026-04-03T02:24:04.495+0600][6.998s][info][gc,stats    ]   CMR: VM Strong Roots               86 us, workers (us):  58,  22,   6, ---, ---, ---, 
[2026-04-03T02:24:04.495+0600][6.998s][info][gc,stats    ]   CMR: CLDG Roots                   207 us, workers (us): ---, ---, 207, ---, ---, ---, 
[2026-04-03T02:24:04.495+0600][6.998s][info][gc,stats    ] Concurrent Marking                 9468 us
[2026-04-03T02:24:04.495+0600][6.998s][info][gc,stats    ] Pause Final Mark (G)                717 us
[2026-04-03T02:24:04.495+0600][6.998s][info][gc,stats    ] Pause Final Mark (N)                610 us
[2026-04-03T02:24:04.495+0600][6.998s][info][gc,stats    ]   Finish Mark                       233 us
[2026-04-03T02:24:04.495+0600][6.998s][info][gc,stats    ]   Update Region States               51 us
[2026-04-03T02:24:04.495+0600][6.998s][info][gc,stats    ]   Choose Collection Set             166 us
[2026-04-03T02:24:04.495+0600][6.998s][info][gc,stats    ]   Rebuild Free Set                   40 us
[2026-04-03T02:24:04.495+0600][6.998s][info][gc,stats    ] Concurrent Thread Roots             428 us, parallelism: 1.95x
[2026-04-03T02:24:04.495+0600][6.998s][info][gc,stats    ]   CTR: <total>                      833 us
[2026-04-03T02:24:04.495+0600][6.998s][info][gc,stats    ]   CTR: Thread Roots                 833 us, workers (us): 305, 306, 222, ---, ---, ---, 
[2026-04-03T02:24:04.495+0600][6.998s][info][gc,stats    ] Concurrent Weak References          471 us, parallelism: 0.83x
[2026-04-03T02:24:04.495+0600][6.998s][info][gc,stats    ]   CWRF: <total>                     391 us
[2026-04-03T02:24:04.495+0600][6.998s][info][gc,stats    ]   CWRF: Weak References             391 us, workers (us):  86, 305,   1, ---, ---, ---, 
[2026-04-03T02:24:04.495+0600][6.998s][info][gc,stats    ] Concurrent Weak Roots              1726 us
[2026-04-03T02:24:04.495+0600][6.998s][info][gc,stats    ]   Roots                            1381 us, parallelism: 2.12x
[2026-04-03T02:24:04.495+0600][6.998s][info][gc,stats    ]     CWR: <total>                   2929 us
[2026-04-03T02:24:04.495+0600][6.998s][info][gc,stats    ]     CWR: Code Cache Roots          1025 us, workers (us): 451, 279, 295, ---, ---, ---, 
[2026-04-03T02:24:04.495+0600][6.998s][info][gc,stats    ]     CWR: VM Weak Roots             1849 us, workers (us): 690, 580, 578, ---, ---, ---, 
[2026-04-03T02:24:04.495+0600][6.998s][info][gc,stats    ]     CWR: CLDG Roots                  55 us, workers (us): ---,  55, ---, ---, ---, ---, 
[2026-04-03T02:24:04.495+0600][6.998s][info][gc,stats    ]   Rendezvous                        233 us
[2026-04-03T02:24:04.495+0600][6.998s][info][gc,stats    ] Concurrent Cleanup                  272 us
[2026-04-03T02:24:04.495+0600][6.998s][info][gc,stats    ] Concurrent Class Unloading         4105 us
[2026-04-03T02:24:04.495+0600][6.998s][info][gc,stats    ]   Unlink Stale                     2495 us
[2026-04-03T02:24:04.495+0600][6.998s][info][gc,stats    ]     System Dictionary                40 us
[2026-04-03T02:24:04.495+0600][6.998s][info][gc,stats    ]     Weak Class Links                  0 us
[2026-04-03T02:24:04.495+0600][6.998s][info][gc,stats    ]     Code Roots                     2450 us
[2026-04-03T02:24:04.495+0600][6.998s][info][gc,stats    ]   Rendezvous                        332 us
[2026-04-03T02:24:04.495+0600][6.998s][info][gc,stats    ]   Purge Unlinked                   1186 us
[2026-04-03T02:24:04.495+0600][6.998s][info][gc,stats    ]     Code Roots                     1164 us
[2026-04-03T02:24:04.495+0600][6.998s][info][gc,stats    ]     CLDG                             20 us
[2026-04-03T02:24:04.495+0600][6.998s][info][gc,stats    ]     Exception Caches                  0 us
[2026-04-03T02:24:04.495+0600][6.998s][info][gc,stats    ] Concurrent Strong Roots            1165 us, parallelism: 0.81x
[2026-04-03T02:24:04.495+0600][6.998s][info][gc,stats    ]   CSR: <total>                      945 us
[2026-04-03T02:24:04.495+0600][6.998s][info][gc,stats    ]   CSR: VM Strong Roots               69 us, workers (us):  55,  14,   0, ---, ---, ---, 
[2026-04-03T02:24:04.495+0600][6.998s][info][gc,stats    ]   CSR: CLDG Roots                   876 us, workers (us): ---, 876, ---, ---, ---, ---, 
[2026-04-03T02:24:04.495+0600][6.998s][info][gc,stats    ] Concurrent Evacuation              4992 us
[2026-04-03T02:24:04.495+0600][6.998s][info][gc,stats    ] Pause Init Update Refs (G)          260 us
[2026-04-03T02:24:04.495+0600][6.998s][info][gc,stats    ] Pause Init Update Refs (N)          100 us
[2026-04-03T02:24:04.495+0600][6.999s][info][gc,stats    ]   Manage GCLABs                       9 us
[2026-04-03T02:24:04.495+0600][6.999s][info][gc,stats    ] Concurrent Update Refs             6552 us
[2026-04-03T02:24:04.495+0600][6.999s][info][gc,stats    ] Concurrent Update Thread Roots     1287 us
[2026-04-03T02:24:04.495+0600][6.999s][info][gc,stats    ] Pause Final Update Refs (G)         466 us
[2026-04-03T02:24:04.495+0600][6.999s][info][gc,stats    ] Pause Final Update Refs (N)         274 us
[2026-04-03T02:24:04.495+0600][6.999s][info][gc,stats    ]   Update Region States               88 us
[2026-04-03T02:24:04.495+0600][6.999s][info][gc,stats    ]   Trash Collection Set               22 us
[2026-04-03T02:24:04.495+0600][6.999s][info][gc,stats    ]   Rebuild Free Set                   41 us
[2026-04-03T02:24:04.495+0600][6.999s][info][gc,stats    ] Concurrent Cleanup                  797 us
[2026-04-03T02:24:04.495+0600][6.999s][info][gc,stats    ] 
[2026-04-03T02:24:04.495+0600][6.999s][info][gc,stats    ] Allocation pacing accrued:
[2026-04-03T02:24:04.495+0600][6.999s][info][gc,stats    ]       0 of  2903 ms (  0.0%): <total>
[2026-04-03T02:24:04.495+0600][6.999s][info][gc,stats    ]       0 of  2903 ms (  0.0%): <average total>
[2026-04-03T02:24:04.495+0600][6.999s][info][gc,stats    ] 
[2026-04-03T02:24:04.495+0600][6.999s][info][gc,metaspace] Metaspace: 35989K(36352K)->36238K(36608K) NonClass: 31515K(31744K)->31730K(31936K) Class: 4473K(4608K)->4507K(4672K)
[2026-04-03T02:24:04.495+0600][6.999s][info][gc,ergo     ] Pacer for Idle. Initial: 20480K, Alloc Tax Rate: 1.0x
[2026-04-03T02:24:08.413+0600][10.916s][info][gc          ] Trigger: Metadata GC Threshold
[2026-04-03T02:24:08.413+0600][10.916s][info][gc,ergo     ] Free: 747M, Max: 256K regular, 747M humongous, Frag: 0% external, 0% internal; Reserve: 51200K, Max: 256K
[2026-04-03T02:24:08.413+0600][10.916s][info][gc,start    ] GC(3) Concurrent reset
[2026-04-03T02:24:08.413+0600][10.916s][info][gc,task     ] GC(3) Using 3 of 6 workers for concurrent reset
[2026-04-03T02:24:08.413+0600][10.916s][info][gc,ergo     ] GC(3) Pacer for Reset. Non-Taxable: 1000M
[2026-04-03T02:24:08.414+0600][10.917s][info][gc          ] GC(3) Concurrent reset 0.790ms
[2026-04-03T02:24:08.414+0600][10.917s][info][gc,start    ] GC(3) Pause Init Mark (unload classes)
[2026-04-03T02:24:08.414+0600][10.917s][info][gc,task     ] GC(3) Using 6 of 6 workers for init marking
[2026-04-03T02:24:08.414+0600][10.917s][info][gc,ergo     ] GC(3) Pacer for Mark. Expected Live: 14727K, Free: 747M, Non-Taxable: 76492K, Alloc Tax Rate: 0.0x
[2026-04-03T02:24:08.414+0600][10.917s][info][gc          ] GC(3) Pause Init Mark (unload classes) 0.129ms
[2026-04-03T02:24:08.414+0600][10.918s][info][gc,start    ] GC(3) Concurrent marking roots
[2026-04-03T02:24:08.414+0600][10.918s][info][gc,task     ] GC(3) Using 3 of 6 workers for concurrent marking roots
[2026-04-03T02:24:08.417+0600][10.920s][info][gc          ] GC(3) Concurrent marking roots 2.564ms
[2026-04-03T02:24:08.417+0600][10.920s][info][gc,start    ] GC(3) Concurrent marking (unload classes)
[2026-04-03T02:24:08.417+0600][10.920s][info][gc,task     ] GC(3) Using 3 of 6 workers for concurrent marking
[2026-04-03T02:24:08.434+0600][10.937s][info][gc          ] GC(3) Concurrent marking (unload classes) 16.686ms
[2026-04-03T02:24:08.434+0600][10.937s][info][gc,start    ] GC(3) Pause Final Mark (unload classes)
[2026-04-03T02:24:08.434+0600][10.937s][info][gc,task     ] GC(3) Using 6 of 6 workers for final marking
[2026-04-03T02:24:08.434+0600][10.938s][info][gc,ergo     ] GC(3) Adaptive CSet Selection. Target Free: 141M, Actual Free: 835M, Max CSet: 42666K, Min Garbage: 0B
[2026-04-03T02:24:08.435+0600][10.938s][info][gc,ergo     ] GC(3) Collectable Garbage: 167M (99%), Immediate: 40295K (23%), CSet: 127M (75%)
[2026-04-03T02:24:08.435+0600][10.938s][info][gc,ergo     ] GC(3) Pacer for Evacuation. Used CSet: 134M, Free: 789M, Non-Taxable: 80820K, Alloc Tax Rate: 1.1x
[2026-04-03T02:24:08.435+0600][10.938s][info][gc          ] GC(3) Pause Final Mark (unload classes) 0.836ms
[2026-04-03T02:24:08.435+0600][10.938s][info][gc,start    ] GC(3) Concurrent thread roots
[2026-04-03T02:24:08.435+0600][10.938s][info][gc,task     ] GC(3) Using 3 of 6 workers for Concurrent thread roots
[2026-04-03T02:24:08.436+0600][10.939s][info][gc          ] GC(3) Concurrent thread roots 0.800ms
[2026-04-03T02:24:08.436+0600][10.939s][info][gc,start    ] GC(3) Concurrent weak references
[2026-04-03T02:24:08.436+0600][10.939s][info][gc,task     ] GC(3) Using 3 of 6 workers for concurrent weak references
[2026-04-03T02:24:08.437+0600][10.940s][info][gc,ref      ] GC(3) Encountered references: Soft: 4001, Weak: 4121, Final: 82, Phantom: 587
[2026-04-03T02:24:08.437+0600][10.940s][info][gc,ref      ] GC(3) Discovered  references: Soft: 0, Weak: 1991, Final: 50, Phantom: 582
[2026-04-03T02:24:08.437+0600][10.940s][info][gc,ref      ] GC(3) Enqueued    references: Soft: 0, Weak: 640, Final: 0, Phantom: 0
[2026-04-03T02:24:08.437+0600][10.940s][info][gc          ] GC(3) Concurrent weak references 1.313ms
[2026-04-03T02:24:08.437+0600][10.940s][info][gc,start    ] GC(3) Concurrent weak roots
[2026-04-03T02:24:08.437+0600][10.940s][info][gc,task     ] GC(3) Using 3 of 6 workers for concurrent weak root
[2026-04-03T02:24:08.439+0600][10.943s][info][gc          ] GC(3) Concurrent weak roots 2.409ms
[2026-04-03T02:24:08.439+0600][10.943s][info][gc,start    ] GC(3) Concurrent cleanup
[2026-04-03T02:24:08.440+0600][10.943s][info][gc          ] GC(3) Concurrent cleanup 198M->159M(269M) 0.336ms
[2026-04-03T02:24:08.440+0600][10.943s][info][gc,ergo     ] GC(3) Free: 789M, Max: 256K regular, 746M humongous, Frag: 6% external, 0% internal; Reserve: 50367K, Max: 256K
[2026-04-03T02:24:08.440+0600][10.943s][info][gc,start    ] GC(3) Concurrent class unloading
[2026-04-03T02:24:08.440+0600][10.943s][info][gc,task     ] GC(3) Using 3 of 6 workers for concurrent class unloading
[2026-04-03T02:24:08.445+0600][10.948s][info][gc          ] GC(3) Concurrent class unloading 4.905ms
[2026-04-03T02:24:08.445+0600][10.948s][info][gc,start    ] GC(3) Concurrent strong roots
[2026-04-03T02:24:08.445+0600][10.948s][info][gc,task     ] GC(3) Using 3 of 6 workers for concurrent strong root
[2026-04-03T02:24:08.446+0600][10.950s][info][gc          ] GC(3) Concurrent strong roots 1.405ms
[2026-04-03T02:24:08.446+0600][10.950s][info][gc,start    ] GC(3) Concurrent evacuation
[2026-04-03T02:24:08.447+0600][10.950s][info][gc,task     ] GC(3) Using 3 of 6 workers for concurrent evacuation
[2026-04-03T02:24:08.453+0600][10.956s][info][gc          ] GC(3) Concurrent evacuation 6.444ms
[2026-04-03T02:24:08.453+0600][10.956s][info][gc,start    ] GC(3) Pause Init Update Refs
[2026-04-03T02:24:08.453+0600][10.957s][info][gc,ergo     ] GC(3) Pacer for Update Refs. Used: 165M, Free: 789M, Non-Taxable: 80797K, Alloc Tax Rate: 1.1x
[2026-04-03T02:24:08.453+0600][10.957s][info][gc          ] GC(3) Pause Init Update Refs 0.127ms
[2026-04-03T02:24:08.453+0600][10.957s][info][gc,start    ] GC(3) Concurrent update references
[2026-04-03T02:24:08.453+0600][10.957s][info][gc,task     ] GC(3) Using 3 of 6 workers for concurrent reference update
[2026-04-03T02:24:08.467+0600][10.971s][info][gc          ] GC(3) Concurrent update references 13.977ms
[2026-04-03T02:24:08.467+0600][10.971s][info][gc,start    ] GC(3) Concurrent update thread roots
[2026-04-03T02:24:08.468+0600][10.971s][info][gc          ] GC(3) Concurrent update thread roots 0.539ms
[2026-04-03T02:24:08.468+0600][10.971s][info][gc,start    ] GC(3) Pause Final Update Refs
[2026-04-03T02:24:08.468+0600][10.972s][info][gc,task     ] GC(3) Using 6 of 6 workers for final reference update
[2026-04-03T02:24:08.468+0600][10.972s][info][gc          ] GC(3) Pause Final Update Refs 0.219ms
[2026-04-03T02:24:08.468+0600][10.972s][info][gc,start    ] GC(3) Concurrent cleanup
[2026-04-03T02:24:08.469+0600][10.973s][info][gc          ] GC(3) Concurrent cleanup 165M->31M(273M) 0.826ms
[2026-04-03T02:24:08.469+0600][10.973s][info][gc,ergo     ] Free: 917M, Max: 256K regular, 741M humongous, Frag: 20% external, 0% internal; Reserve: 51200K, Max: 256K
[2026-04-03T02:24:08.469+0600][10.973s][info][gc,stats    ] 
[2026-04-03T02:24:08.469+0600][10.973s][info][gc,stats    ] All times are wall-clock times, except per-root-class counters, that are sum over
[2026-04-03T02:24:08.469+0600][10.973s][info][gc,stats    ] all workers. Dividing the <total> over the root stage time estimates parallelism.
[2026-04-03T02:24:08.469+0600][10.973s][info][gc,stats    ] 
[2026-04-03T02:24:08.469+0600][10.973s][info][gc,stats    ] Concurrent Reset                    841 us
[2026-04-03T02:24:08.469+0600][10.973s][info][gc,stats    ] Pause Init Mark (G)                 452 us
[2026-04-03T02:24:08.469+0600][10.973s][info][gc,stats    ] Pause Init Mark (N)                 140 us
[2026-04-03T02:24:08.469+0600][10.973s][info][gc,stats    ]   Update Region States               33 us
[2026-04-03T02:24:08.470+0600][10.973s][info][gc,stats    ] Concurrent Mark Roots              2627 us, parallelism: 2.00x
[2026-04-03T02:24:08.470+0600][10.973s][info][gc,stats    ]   CMR: <total>                     5263 us
[2026-04-03T02:24:08.470+0600][10.973s][info][gc,stats    ]   CMR: Thread Roots                4906 us, workers (us): 1455, 1140, 2311, ---, ---, ---, 
[2026-04-03T02:24:08.470+0600][10.973s][info][gc,stats    ]   CMR: VM Strong Roots               63 us, workers (us):  37,  24,   1, ---, ---, ---, 
[2026-04-03T02:24:08.470+0600][10.973s][info][gc,stats    ]   CMR: CLDG Roots                   294 us, workers (us): ---, 294, ---, ---, ---, ---, 
[2026-04-03T02:24:08.470+0600][10.973s][info][gc,stats    ] Concurrent Marking                16796 us
[2026-04-03T02:24:08.470+0600][10.973s][info][gc,stats    ] Pause Final Mark (G)               1121 us
[2026-04-03T02:24:08.470+0600][10.973s][info][gc,stats    ] Pause Final Mark (N)                854 us
[2026-04-03T02:24:08.470+0600][10.973s][info][gc,stats    ]   Finish Mark                       242 us
[2026-04-03T02:24:08.470+0600][10.973s][info][gc,stats    ]   Update Region States               66 us
[2026-04-03T02:24:08.470+0600][10.973s][info][gc,stats    ]   Choose Collection Set             339 us
[2026-04-03T02:24:08.470+0600][10.973s][info][gc,stats    ]   Rebuild Free Set                   67 us
[2026-04-03T02:24:08.470+0600][10.973s][info][gc,stats    ] Concurrent Thread Roots             832 us, parallelism: 1.88x
[2026-04-03T02:24:08.470+0600][10.973s][info][gc,stats    ]   CTR: <total>                     1563 us
[2026-04-03T02:24:08.470+0600][10.973s][info][gc,stats    ]   CTR: Thread Roots                1563 us, workers (us): 685, 458, 419, ---, ---, ---, 
[2026-04-03T02:24:08.470+0600][10.973s][info][gc,stats    ] Concurrent Weak References         1328 us, parallelism: 0.82x
[2026-04-03T02:24:08.470+0600][10.973s][info][gc,stats    ]   CWRF: <total>                    1084 us
[2026-04-03T02:24:08.470+0600][10.973s][info][gc,stats    ]   CWRF: Weak References            1084 us, workers (us):  44, 1039,   1, ---, ---, ---, 
[2026-04-03T02:24:08.470+0600][10.973s][info][gc,stats    ] Concurrent Weak Roots              2493 us
[2026-04-03T02:24:08.470+0600][10.973s][info][gc,stats    ]   Roots                            2145 us, parallelism: 2.56x
[2026-04-03T02:24:08.470+0600][10.973s][info][gc,stats    ]     CWR: <total>                   5484 us
[2026-04-03T02:24:08.470+0600][10.973s][info][gc,stats    ]     CWR: Code Cache Roots          2128 us, workers (us): 669, 693, 767, ---, ---, ---, 
[2026-04-03T02:24:08.470+0600][10.973s][info][gc,stats    ]     CWR: VM Weak Roots             3310 us, workers (us): 1171, 1070, 1070, ---, ---, ---, 
[2026-04-03T02:24:08.470+0600][10.973s][info][gc,stats    ]     CWR: CLDG Roots                  46 us, workers (us):  46, ---, ---, ---, ---, ---, 
[2026-04-03T02:24:08.470+0600][10.973s][info][gc,stats    ]   Rendezvous                        230 us
[2026-04-03T02:24:08.470+0600][10.973s][info][gc,stats    ] Concurrent Cleanup                  374 us
[2026-04-03T02:24:08.470+0600][10.973s][info][gc,stats    ] Concurrent Class Unloading         5009 us
[2026-04-03T02:24:08.470+0600][10.973s][info][gc,stats    ]   Unlink Stale                     3678 us
[2026-04-03T02:24:08.470+0600][10.973s][info][gc,stats    ]     System Dictionary                57 us
[2026-04-03T02:24:08.470+0600][10.973s][info][gc,stats    ]     Weak Class Links                  0 us
[2026-04-03T02:24:08.470+0600][10.973s][info][gc,stats    ]     Code Roots                     3616 us
[2026-04-03T02:24:08.470+0600][10.973s][info][gc,stats    ]   Rendezvous                        198 us
[2026-04-03T02:24:08.470+0600][10.973s][info][gc,stats    ]   Purge Unlinked                    989 us
[2026-04-03T02:24:08.470+0600][10.973s][info][gc,stats    ]     Code Roots                      966 us
[2026-04-03T02:24:08.470+0600][10.973s][info][gc,stats    ]     CLDG                             22 us
[2026-04-03T02:24:08.470+0600][10.973s][info][gc,stats    ]     Exception Caches                  0 us
[2026-04-03T02:24:08.470+0600][10.973s][info][gc,stats    ] Concurrent Strong Roots            1502 us, parallelism: 0.71x
[2026-04-03T02:24:08.470+0600][10.973s][info][gc,stats    ]   CSR: <total>                     1068 us
[2026-04-03T02:24:08.470+0600][10.973s][info][gc,stats    ]   CSR: VM Strong Roots               29 us, workers (us):  26,   2,   2, ---, ---, ---, 
[2026-04-03T02:24:08.470+0600][10.973s][info][gc,stats    ]   CSR: CLDG Roots                  1040 us, workers (us): 1040, ---, ---, ---, ---, ---, 
[2026-04-03T02:24:08.470+0600][10.973s][info][gc,stats    ] Concurrent Evacuation              6577 us
[2026-04-03T02:24:08.470+0600][10.973s][info][gc,stats    ] Pause Init Update Refs (G)          274 us
[2026-04-03T02:24:08.470+0600][10.973s][info][gc,stats    ] Pause Init Update Refs (N)          139 us
[2026-04-03T02:24:08.470+0600][10.973s][info][gc,stats    ]   Manage GCLABs                      28 us
[2026-04-03T02:24:08.470+0600][10.973s][info][gc,stats    ] Concurrent Update Refs            14081 us
[2026-04-03T02:24:08.470+0600][10.973s][info][gc,stats    ] Concurrent Update Thread Roots      601 us
[2026-04-03T02:24:08.470+0600][10.973s][info][gc,stats    ] Pause Final Update Refs (G)         454 us
[2026-04-03T02:24:08.470+0600][10.973s][info][gc,stats    ] Pause Final Update Refs (N)         259 us
[2026-04-03T02:24:08.470+0600][10.973s][info][gc,stats    ]   Update Region States               73 us
[2026-04-03T02:24:08.470+0600][10.973s][info][gc,stats    ]   Trash Collection Set               18 us
[2026-04-03T02:24:08.470+0600][10.973s][info][gc,stats    ]   Rebuild Free Set                   49 us
[2026-04-03T02:24:08.470+0600][10.973s][info][gc,stats    ] Concurrent Cleanup                  858 us
[2026-04-03T02:24:08.470+0600][10.973s][info][gc,stats    ] 
[2026-04-03T02:24:08.470+0600][10.973s][info][gc,stats    ] Allocation pacing accrued:
[2026-04-03T02:24:08.470+0600][10.973s][info][gc,stats    ]       0 of  3975 ms (  0.0%): <total>
[2026-04-03T02:24:08.470+0600][10.973s][info][gc,stats    ]       0 of  3975 ms (  0.0%): <average total>
[2026-04-03T02:24:08.470+0600][10.973s][info][gc,stats    ] 
[2026-04-03T02:24:08.470+0600][10.973s][info][gc,metaspace] Metaspace: 60651K(61120K)->60733K(61248K) NonClass: 53235K(53504K)->53316K(53632K) Class: 7415K(7616K)->7416K(7616K)
[2026-04-03T02:24:08.470+0600][10.973s][info][gc,ergo     ] Pacer for Idle. Initial: 20480K, Alloc Tax Rate: 1.0x
[2026-04-03T02:24:10.863+0600][13.366s][info][gc          ] Trigger: Learning 5 of 5. Free (699M) is below initial threshold (700M)
[2026-04-03T02:24:10.863+0600][13.366s][info][gc,ergo     ] Free: 699M, Max: 256K regular, 699M humongous, Frag: 0% external, 0% internal; Reserve: 51200K, Max: 256K
[2026-04-03T02:24:10.863+0600][13.366s][info][gc,start    ] GC(4) Concurrent reset
[2026-04-03T02:24:10.863+0600][13.366s][info][gc,task     ] GC(4) Using 3 of 6 workers for concurrent reset
[2026-04-03T02:24:10.863+0600][13.366s][info][gc,ergo     ] GC(4) Pacer for Reset. Non-Taxable: 1000M
[2026-04-03T02:24:10.864+0600][13.367s][info][gc          ] GC(4) Concurrent reset 0.864ms
[2026-04-03T02:24:10.864+0600][13.368s][info][gc,start    ] GC(4) Pause Init Mark (unload classes)
[2026-04-03T02:24:10.864+0600][13.368s][info][gc,task     ] GC(4) Using 6 of 6 workers for init marking
[2026-04-03T02:24:10.864+0600][13.368s][info][gc,ergo     ] GC(4) Pacer for Mark. Expected Live: 18293K, Free: 699M, Non-Taxable: 71662K, Alloc Tax Rate: 0.0x
[2026-04-03T02:24:10.864+0600][13.368s][info][gc          ] GC(4) Pause Init Mark (unload classes) 0.111ms
[2026-04-03T02:24:10.864+0600][13.368s][info][gc,start    ] GC(4) Concurrent marking roots
[2026-04-03T02:24:10.864+0600][13.368s][info][gc,task     ] GC(4) Using 3 of 6 workers for concurrent marking roots
[2026-04-03T02:24:10.865+0600][13.368s][info][gc          ] GC(4) Concurrent marking roots 0.634ms
[2026-04-03T02:24:10.865+0600][13.368s][info][gc,start    ] GC(4) Concurrent marking (unload classes)
[2026-04-03T02:24:10.865+0600][13.368s][info][gc,task     ] GC(4) Using 3 of 6 workers for concurrent marking
[2026-04-03T02:24:10.885+0600][13.388s][info][gc          ] GC(4) Concurrent marking (unload classes) 20.086ms
[2026-04-03T02:24:10.885+0600][13.389s][info][gc,start    ] GC(4) Pause Final Mark (unload classes)
[2026-04-03T02:24:10.885+0600][13.389s][info][gc,task     ] GC(4) Using 6 of 6 workers for final marking
[2026-04-03T02:24:10.886+0600][13.389s][info][gc,ergo     ] GC(4) Adaptive CSet Selection. Target Free: 141M, Actual Free: 779M, Max CSet: 42666K, Min Garbage: 0B
[2026-04-03T02:24:10.886+0600][13.389s][info][gc,ergo     ] GC(4) Collectable Garbage: 206M (99%), Immediate: 31156K (14%), CSet: 175M (84%)
[2026-04-03T02:24:10.886+0600][13.389s][info][gc,ergo     ] GC(4) Pacer for Evacuation. Used CSet: 185M, Free: 730M, Non-Taxable: 74810K, Alloc Tax Rate: 1.1x
[2026-04-03T02:24:10.886+0600][13.389s][info][gc          ] GC(4) Pause Final Mark (unload classes) 0.753ms
[2026-04-03T02:24:10.886+0600][13.390s][info][gc,start    ] GC(4) Concurrent thread roots
[2026-04-03T02:24:10.886+0600][13.390s][info][gc,task     ] GC(4) Using 3 of 6 workers for Concurrent thread roots
[2026-04-03T02:24:10.887+0600][13.390s][info][gc          ] GC(4) Concurrent thread roots 0.768ms
[2026-04-03T02:24:10.887+0600][13.390s][info][gc,start    ] GC(4) Concurrent weak references
[2026-04-03T02:24:10.887+0600][13.390s][info][gc,task     ] GC(4) Using 3 of 6 workers for concurrent weak references
[2026-04-03T02:24:10.888+0600][13.392s][info][gc,ref      ] GC(4) Encountered references: Soft: 4489, Weak: 11837, Final: 84, Phantom: 587
[2026-04-03T02:24:10.888+0600][13.392s][info][gc,ref      ] GC(4) Discovered  references: Soft: 0, Weak: 5668, Final: 0, Phantom: 582
[2026-04-03T02:24:10.888+0600][13.392s][info][gc,ref      ] GC(4) Enqueued    references: Soft: 0, Weak: 2852, Final: 0, Phantom: 0
[2026-04-03T02:24:10.888+0600][13.392s][info][gc          ] GC(4) Concurrent weak references 1.301ms
[2026-04-03T02:24:10.888+0600][13.392s][info][gc,start    ] GC(4) Concurrent weak roots
[2026-04-03T02:24:10.888+0600][13.392s][info][gc,task     ] GC(4) Using 3 of 6 workers for concurrent weak root
[2026-04-03T02:24:10.890+0600][13.393s][info][gc          ] GC(4) Concurrent weak roots 1.664ms
[2026-04-03T02:24:10.890+0600][13.393s][info][gc,start    ] GC(4) Concurrent cleanup
[2026-04-03T02:24:10.890+0600][13.394s][info][gc          ] GC(4) Concurrent cleanup 248M->218M(273M) 0.223ms
[2026-04-03T02:24:10.890+0600][13.394s][info][gc,ergo     ] GC(4) Free: 730M, Max: 256K regular, 698M humongous, Frag: 5% external, 0% internal; Reserve: 50176K, Max: 256K
[2026-04-03T02:24:10.890+0600][13.394s][info][gc,start    ] GC(4) Concurrent class unloading
[2026-04-03T02:24:10.890+0600][13.394s][info][gc,task     ] GC(4) Using 3 of 6 workers for concurrent class unloading
[2026-04-03T02:24:10.897+0600][13.400s][info][gc          ] GC(4) Concurrent class unloading 6.519ms
[2026-04-03T02:24:10.897+0600][13.400s][info][gc,start    ] GC(4) Concurrent strong roots
[2026-04-03T02:24:10.897+0600][13.400s][info][gc,task     ] GC(4) Using 3 of 6 workers for concurrent strong root
[2026-04-03T02:24:10.898+0600][13.401s][info][gc          ] GC(4) Concurrent strong roots 0.981ms
[2026-04-03T02:24:10.898+0600][13.401s][info][gc,start    ] GC(4) Concurrent evacuation
[2026-04-03T02:24:10.898+0600][13.401s][info][gc,task     ] GC(4) Using 3 of 6 workers for concurrent evacuation
[2026-04-03T02:24:10.907+0600][13.411s][info][gc          ] GC(4) Concurrent evacuation 9.250ms
[2026-04-03T02:24:10.907+0600][13.411s][info][gc,start    ] GC(4) Pause Init Update Refs
[2026-04-03T02:24:10.907+0600][13.411s][info][gc,ergo     ] GC(4) Pacer for Update Refs. Used: 228M, Free: 729M, Non-Taxable: 74711K, Alloc Tax Rate: 1.1x
[2026-04-03T02:24:10.907+0600][13.411s][info][gc          ] GC(4) Pause Init Update Refs 0.072ms
[2026-04-03T02:24:10.908+0600][13.411s][info][gc,start    ] GC(4) Concurrent update references
[2026-04-03T02:24:10.908+0600][13.411s][info][gc,task     ] GC(4) Using 3 of 6 workers for concurrent reference update
[2026-04-03T02:24:10.924+0600][13.428s][info][gc          ] GC(4) Concurrent update references 16.908ms
[2026-04-03T02:24:10.925+0600][13.428s][info][gc,start    ] GC(4) Concurrent update thread roots
[2026-04-03T02:24:10.925+0600][13.428s][info][gc          ] GC(4) Concurrent update thread roots 0.615ms
[2026-04-03T02:24:10.926+0600][13.429s][info][gc,start    ] GC(4) Pause Final Update Refs
[2026-04-03T02:24:10.926+0600][13.429s][info][gc,task     ] GC(4) Using 6 of 6 workers for final reference update
[2026-04-03T02:24:10.926+0600][13.429s][info][gc          ] GC(4) Pause Final Update Refs 0.230ms
[2026-04-03T02:24:10.926+0600][13.429s][info][gc,start    ] GC(4) Concurrent cleanup
[2026-04-03T02:24:10.926+0600][13.430s][info][gc          ] GC(4) Concurrent cleanup 229M->43M(282M) 0.361ms
[2026-04-03T02:24:10.927+0600][13.430s][info][gc,ergo     ] Free: 905M, Max: 256K regular, 688M humongous, Frag: 24% external, 0% internal; Reserve: 51200K, Max: 256K
[2026-04-03T02:24:10.927+0600][13.430s][info][gc,stats    ] 
[2026-04-03T02:24:10.927+0600][13.430s][info][gc,stats    ] All times are wall-clock times, except per-root-class counters, that are sum over
[2026-04-03T02:24:10.927+0600][13.430s][info][gc,stats    ] all workers. Dividing the <total> over the root stage time estimates parallelism.
[2026-04-03T02:24:10.927+0600][13.430s][info][gc,stats    ] 
[2026-04-03T02:24:10.927+0600][13.430s][info][gc,stats    ] Concurrent Reset                    888 us
[2026-04-03T02:24:10.927+0600][13.430s][info][gc,stats    ] Pause Init Mark (G)                 593 us
[2026-04-03T02:24:10.927+0600][13.430s][info][gc,stats    ] Pause Init Mark (N)                 123 us
[2026-04-03T02:24:10.927+0600][13.430s][info][gc,stats    ]   Update Region States               30 us
[2026-04-03T02:24:10.927+0600][13.430s][info][gc,stats    ] Concurrent Mark Roots               653 us, parallelism: 1.93x
[2026-04-03T02:24:10.927+0600][13.430s][info][gc,stats    ]   CMR: <total>                     1261 us
[2026-04-03T02:24:10.927+0600][13.430s][info][gc,stats    ]   CMR: Thread Roots                 950 us, workers (us): 426, 130, 394, ---, ---, ---, 
[2026-04-03T02:24:10.927+0600][13.430s][info][gc,stats    ]   CMR: VM Strong Roots               49 us, workers (us):  39,   9,   0, ---, ---, ---, 
[2026-04-03T02:24:10.927+0600][13.430s][info][gc,stats    ]   CMR: CLDG Roots                   262 us, workers (us): ---, 262, ---, ---, ---, ---, 
[2026-04-03T02:24:10.927+0600][13.430s][info][gc,stats    ] Concurrent Marking                20163 us
[2026-04-03T02:24:10.927+0600][13.430s][info][gc,stats    ] Pause Final Mark (G)                963 us
[2026-04-03T02:24:10.927+0600][13.430s][info][gc,stats    ] Pause Final Mark (N)                768 us
[2026-04-03T02:24:10.927+0600][13.430s][info][gc,stats    ]   Finish Mark                       224 us
[2026-04-03T02:24:10.927+0600][13.430s][info][gc,stats    ]   Update Region States               68 us
[2026-04-03T02:24:10.927+0600][13.430s][info][gc,stats    ]   Choose Collection Set             332 us
[2026-04-03T02:24:10.927+0600][13.430s][info][gc,stats    ]   Rebuild Free Set                   35 us
[2026-04-03T02:24:10.927+0600][13.430s][info][gc,stats    ] Concurrent Thread Roots             845 us, parallelism: 1.32x
[2026-04-03T02:24:10.927+0600][13.430s][info][gc,stats    ]   CTR: <total>                     1113 us
[2026-04-03T02:24:10.927+0600][13.430s][info][gc,stats    ]   CTR: Thread Roots                1113 us, workers (us): 573, 296, 244, ---, ---, ---, 
[2026-04-03T02:24:10.927+0600][13.430s][info][gc,stats    ] Concurrent Weak References         1315 us, parallelism: 1.14x
[2026-04-03T02:24:10.927+0600][13.430s][info][gc,stats    ]   CWRF: <total>                    1503 us
[2026-04-03T02:24:10.927+0600][13.430s][info][gc,stats    ]   CWRF: Weak References            1503 us, workers (us): 119, 964, 421, ---, ---, ---, 
[2026-04-03T02:24:10.927+0600][13.430s][info][gc,stats    ] Concurrent Weak Roots              1712 us
[2026-04-03T02:24:10.927+0600][13.430s][info][gc,stats    ]   Roots                            1468 us, parallelism: 2.63x
[2026-04-03T02:24:10.927+0600][13.430s][info][gc,stats    ]     CWR: <total>                   3856 us
[2026-04-03T02:24:10.927+0600][13.430s][info][gc,stats    ]     CWR: Code Cache Roots          1761 us, workers (us): 602, 552, 608, ---, ---, ---, 
[2026-04-03T02:24:10.927+0600][13.430s][info][gc,stats    ]     CWR: VM Weak Roots             2057 us, workers (us): 704, 690, 663, ---, ---, ---, 
[2026-04-03T02:24:10.927+0600][13.430s][info][gc,stats    ]     CWR: CLDG Roots                  38 us, workers (us): ---,  38, ---, ---, ---, ---, 
[2026-04-03T02:24:10.927+0600][13.430s][info][gc,stats    ]   Rendezvous                        168 us
[2026-04-03T02:24:10.927+0600][13.430s][info][gc,stats    ] Concurrent Cleanup                  240 us
[2026-04-03T02:24:10.927+0600][13.430s][info][gc,stats    ] Concurrent Class Unloading         6581 us
[2026-04-03T02:24:10.927+0600][13.430s][info][gc,stats    ]   Unlink Stale                     4019 us
[2026-04-03T02:24:10.927+0600][13.430s][info][gc,stats    ]     System Dictionary                36 us
[2026-04-03T02:24:10.927+0600][13.430s][info][gc,stats    ]     Weak Class Links                  0 us
[2026-04-03T02:24:10.927+0600][13.430s][info][gc,stats    ]     Code Roots                     3979 us
[2026-04-03T02:24:10.927+0600][13.430s][info][gc,stats    ]   Rendezvous                        118 us
[2026-04-03T02:24:10.927+0600][13.430s][info][gc,stats    ]   Purge Unlinked                   2356 us
[2026-04-03T02:24:10.927+0600][13.430s][info][gc,stats    ]     Code Roots                     2320 us
[2026-04-03T02:24:10.927+0600][13.430s][info][gc,stats    ]     CLDG                             35 us
[2026-04-03T02:24:10.927+0600][13.430s][info][gc,stats    ]     Exception Caches                  0 us
[2026-04-03T02:24:10.927+0600][13.430s][info][gc,stats    ] Concurrent Strong Roots            1037 us, parallelism: 0.75x
[2026-04-03T02:24:10.927+0600][13.430s][info][gc,stats    ]   CSR: <total>                      780 us
[2026-04-03T02:24:10.927+0600][13.430s][info][gc,stats    ]   CSR: VM Strong Roots               14 us, workers (us):   7,   7,   0, ---, ---, ---, 
[2026-04-03T02:24:10.927+0600][13.430s][info][gc,stats    ]   CSR: CLDG Roots                   765 us, workers (us): 765, ---, ---, ---, ---, ---, 
[2026-04-03T02:24:10.927+0600][13.430s][info][gc,stats    ] Concurrent Evacuation              9319 us
[2026-04-03T02:24:10.927+0600][13.430s][info][gc,stats    ] Pause Init Update Refs (G)          184 us
[2026-04-03T02:24:10.927+0600][13.430s][info][gc,stats    ] Pause Init Update Refs (N)           85 us
[2026-04-03T02:24:10.927+0600][13.430s][info][gc,stats    ]   Manage GCLABs                       9 us
[2026-04-03T02:24:10.927+0600][13.430s][info][gc,stats    ] Concurrent Update Refs            16999 us
[2026-04-03T02:24:10.927+0600][13.430s][info][gc,stats    ] Concurrent Update Thread Roots      658 us
[2026-04-03T02:24:10.927+0600][13.430s][info][gc,stats    ] Pause Final Update Refs (G)         889 us
[2026-04-03T02:24:10.927+0600][13.430s][info][gc,stats    ] Pause Final Update Refs (N)         249 us
[2026-04-03T02:24:10.927+0600][13.430s][info][gc,stats    ]   Update Region States               73 us
[2026-04-03T02:24:10.927+0600][13.430s][info][gc,stats    ]   Trash Collection Set               22 us
[2026-04-03T02:24:10.927+0600][13.430s][info][gc,stats    ]   Rebuild Free Set                   43 us
[2026-04-03T02:24:10.927+0600][13.430s][info][gc,stats    ] Concurrent Cleanup                  383 us
[2026-04-03T02:24:10.927+0600][13.430s][info][gc,stats    ] 
[2026-04-03T02:24:10.927+0600][13.430s][info][gc,stats    ] Allocation pacing accrued:
[2026-04-03T02:24:10.927+0600][13.430s][info][gc,stats    ]       0 of  2457 ms (  0.0%): <total>
[2026-04-03T02:24:10.927+0600][13.430s][info][gc,stats    ]       0 of  2457 ms (  0.0%): <average total>
[2026-04-03T02:24:10.927+0600][13.430s][info][gc,stats    ] 
[2026-04-03T02:24:10.927+0600][13.430s][info][gc,metaspace] Metaspace: 85685K(86272K)->86172K(86720K) NonClass: 75190K(75520K)->75616K(75904K) Class: 10495K(10752K)->10555K(10816K)
[2026-04-03T02:24:10.927+0600][13.430s][info][gc,ergo     ] Pacer for Idle. Initial: 20480K, Alloc Tax Rate: 1.0x
[2026-04-03T02:24:17.840+0600][20.343s][info][gc          ] Trigger: Free (102253K) is below minimum threshold (100M)
[2026-04-03T02:24:17.840+0600][20.343s][info][gc,ergo     ] Free: 102253K, Max: 256K regular, 102144K humongous, Frag: 0% external, 0% internal; Reserve: 51200K, Max: 256K
[2026-04-03T02:24:17.840+0600][20.343s][info][gc,start    ] GC(5) Concurrent reset
[2026-04-03T02:24:17.840+0600][20.343s][info][gc,task     ] GC(5) Using 3 of 6 workers for concurrent reset
[2026-04-03T02:24:17.840+0600][20.343s][info][gc,ergo     ] GC(5) Pacer for Reset. Non-Taxable: 1000M
[2026-04-03T02:24:17.841+0600][20.344s][info][gc          ] GC(5) Concurrent reset 1.109ms
[2026-04-03T02:24:17.841+0600][20.345s][info][gc,start    ] GC(5) Pause Init Mark (unload classes)
[2026-04-03T02:24:17.841+0600][20.345s][info][gc,task     ] GC(5) Using 6 of 6 workers for init marking
[2026-04-03T02:24:17.841+0600][20.345s][info][gc,ergo     ] GC(5) Pacer for Mark. Expected Live: 22475K, Free: 101188K, Non-Taxable: 10118K, Alloc Tax Rate: 0.3x
[2026-04-03T02:24:17.841+0600][20.345s][info][gc          ] GC(5) Pause Init Mark (unload classes) 0.116ms
[2026-04-03T02:24:17.842+0600][20.345s][info][gc,start    ] GC(5) Concurrent marking roots
[2026-04-03T02:24:17.842+0600][20.345s][info][gc,task     ] GC(5) Using 3 of 6 workers for concurrent marking roots
[2026-04-03T02:24:17.843+0600][20.346s][info][gc          ] GC(5) Concurrent marking roots 1.328ms
[2026-04-03T02:24:17.843+0600][20.346s][info][gc,start    ] GC(5) Concurrent marking (unload classes)
[2026-04-03T02:24:17.843+0600][20.346s][info][gc,task     ] GC(5) Using 3 of 6 workers for concurrent marking
[2026-04-03T02:24:17.909+0600][20.412s][info][gc          ] GC(5) Concurrent marking (unload classes) 66.184ms
[2026-04-03T02:24:17.909+0600][20.413s][info][gc,start    ] GC(5) Pause Final Mark (unload classes)
[2026-04-03T02:24:17.909+0600][20.413s][info][gc,task     ] GC(5) Using 6 of 6 workers for final marking
[2026-04-03T02:24:17.910+0600][20.413s][info][gc,ergo     ] GC(5) Adaptive CSet Selection. Target Free: 141M, Actual Free: 586M, Max CSet: 42666K, Min Garbage: 0B
[2026-04-03T02:24:17.911+0600][20.414s][info][gc,ergo     ] GC(5) Collectable Garbage: 728M (99%), Immediate: 452M (61%), CSet: 276M (37%)
[2026-04-03T02:24:17.911+0600][20.414s][info][gc,ergo     ] GC(5) Pacer for Evacuation. Used CSet: 298M, Free: 580M, Non-Taxable: 59393K, Alloc Tax Rate: 1.3x
[2026-04-03T02:24:17.911+0600][20.414s][info][gc          ] GC(5) Pause Final Mark (unload classes) 1.244ms
[2026-04-03T02:24:17.911+0600][20.414s][info][gc,start    ] GC(5) Concurrent thread roots
[2026-04-03T02:24:17.911+0600][20.414s][info][gc,task     ] GC(5) Using 3 of 6 workers for Concurrent thread roots
[2026-04-03T02:24:17.913+0600][20.417s][info][gc          ] GC(5) Concurrent thread roots 2.459ms
[2026-04-03T02:24:17.914+0600][20.417s][info][gc,start    ] GC(5) Concurrent weak references
[2026-04-03T02:24:17.914+0600][20.417s][info][gc,task     ] GC(5) Using 3 of 6 workers for concurrent weak references
[2026-04-03T02:24:17.917+0600][20.421s][info][gc,ref      ] GC(5) Encountered references: Soft: 5823, Weak: 17079, Final: 84, Phantom: 612
[2026-04-03T02:24:17.917+0600][20.421s][info][gc,ref      ] GC(5) Discovered  references: Soft: 0, Weak: 10570, Final: 48, Phantom: 607
[2026-04-03T02:24:17.917+0600][20.421s][info][gc,ref      ] GC(5) Enqueued    references: Soft: 0, Weak: 3982, Final: 0, Phantom: 3
[2026-04-03T02:24:17.917+0600][20.421s][info][gc          ] GC(5) Concurrent weak references 3.970ms
[2026-04-03T02:24:17.917+0600][20.421s][info][gc,start    ] GC(5) Concurrent weak roots
[2026-04-03T02:24:17.918+0600][20.421s][info][gc,task     ] GC(5) Using 3 of 6 workers for concurrent weak root
[2026-04-03T02:24:17.923+0600][20.426s][info][gc          ] GC(5) Concurrent weak roots 5.375ms
[2026-04-03T02:24:17.923+0600][20.426s][info][gc,start    ] GC(5) Concurrent cleanup
[2026-04-03T02:24:17.924+0600][20.427s][info][gc          ] GC(5) Concurrent cleanup 818M->366M(867M) 1.063ms
[2026-04-03T02:24:17.924+0600][20.427s][info][gc,ergo     ] GC(5) Free: 579M, Max: 256K regular, 86272K humongous, Frag: 86% external, 0% internal; Reserve: 49631K, Max: 256K
[2026-04-03T02:24:17.924+0600][20.427s][info][gc,start    ] GC(5) Concurrent class unloading
[2026-04-03T02:24:17.924+0600][20.427s][info][gc,task     ] GC(5) Using 3 of 6 workers for concurrent class unloading
[2026-04-03T02:24:17.977+0600][20.480s][info][gc          ] GC(5) Concurrent class unloading 52.817ms
[2026-04-03T02:24:17.977+0600][20.480s][info][gc,start    ] GC(5) Concurrent strong roots
[2026-04-03T02:24:17.977+0600][20.480s][info][gc,task     ] GC(5) Using 3 of 6 workers for concurrent strong root
[2026-04-03T02:24:17.979+0600][20.482s][info][gc          ] GC(5) Concurrent strong roots 1.691ms
[2026-04-03T02:24:17.979+0600][20.482s][info][gc,start    ] GC(5) Concurrent evacuation
[2026-04-03T02:24:17.979+0600][20.482s][info][gc,task     ] GC(5) Using 3 of 6 workers for concurrent evacuation
[2026-04-03T02:24:18.013+0600][20.516s][info][gc          ] GC(5) Concurrent evacuation 34.003ms
[2026-04-03T02:24:18.013+0600][20.517s][info][gc,start    ] GC(5) Pause Init Update Refs
[2026-04-03T02:24:18.013+0600][20.517s][info][gc,ergo     ] GC(5) Pacer for Update Refs. Used: 397M, Free: 570M, Non-Taxable: 58383K, Alloc Tax Rate: 1.1x
[2026-04-03T02:24:18.014+0600][20.517s][info][gc          ] GC(5) Pause Init Update Refs 0.181ms
[2026-04-03T02:24:18.014+0600][20.517s][info][gc,start    ] GC(5) Concurrent update references
[2026-04-03T02:24:18.014+0600][20.517s][info][gc,task     ] GC(5) Using 3 of 6 workers for concurrent reference update
[2026-04-03T02:24:18.059+0600][20.562s][info][gc          ] GC(5) Concurrent update references 45.003ms
[2026-04-03T02:24:18.059+0600][20.562s][info][gc,start    ] GC(5) Concurrent update thread roots
[2026-04-03T02:24:18.060+0600][20.563s][info][gc          ] GC(5) Concurrent update thread roots 0.901ms
[2026-04-03T02:24:18.060+0600][20.563s][info][gc,start    ] GC(5) Pause Final Update Refs
[2026-04-03T02:24:18.060+0600][20.563s][info][gc,task     ] GC(5) Using 6 of 6 workers for final reference update
[2026-04-03T02:24:18.060+0600][20.564s][info][gc          ] GC(5) Pause Final Update Refs 0.276ms
[2026-04-03T02:24:18.060+0600][20.564s][info][gc,start    ] GC(5) Concurrent cleanup
[2026-04-03T02:24:18.061+0600][20.565s][info][gc          ] GC(5) Concurrent cleanup 408M->110M(888M) 1.017ms
[2026-04-03T02:24:18.062+0600][20.565s][info][gc,ergo     ] Free: 836M, Max: 256K regular, 313M humongous, Frag: 63% external, 0% internal; Reserve: 51200K, Max: 256K
[2026-04-03T02:24:18.062+0600][20.565s][info][gc,stats    ] 
[2026-04-03T02:24:18.062+0600][20.565s][info][gc,stats    ] All times are wall-clock times, except per-root-class counters, that are sum over
[2026-04-03T02:24:18.062+0600][20.565s][info][gc,stats    ] all workers. Dividing the <total> over the root stage time estimates parallelism.
[2026-04-03T02:24:18.062+0600][20.565s][info][gc,stats    ] 
[2026-04-03T02:24:18.062+0600][20.565s][info][gc,stats    ] Concurrent Reset                   1166 us
[2026-04-03T02:24:18.062+0600][20.565s][info][gc,stats    ] Pause Init Mark (G)                 328 us
[2026-04-03T02:24:18.062+0600][20.565s][info][gc,stats    ] Pause Init Mark (N)                 127 us
[2026-04-03T02:24:18.062+0600][20.565s][info][gc,stats    ]   Update Region States               34 us
[2026-04-03T02:24:18.062+0600][20.565s][info][gc,stats    ] Concurrent Mark Roots              1377 us, parallelism: 1.81x
[2026-04-03T02:24:18.062+0600][20.565s][info][gc,stats    ]   CMR: <total>                     2488 us
[2026-04-03T02:24:18.062+0600][20.565s][info][gc,stats    ]   CMR: Thread Roots                1965 us, workers (us): 720, 488, 756, ---, ---, ---, 
[2026-04-03T02:24:18.062+0600][20.565s][info][gc,stats    ]   CMR: VM Strong Roots              195 us, workers (us): 135,  11,  50, ---, ---, ---, 
[2026-04-03T02:24:18.062+0600][20.565s][info][gc,stats    ]   CMR: CLDG Roots                   328 us, workers (us): ---, 328, ---, ---, ---, ---, 
[2026-04-03T02:24:18.062+0600][20.565s][info][gc,stats    ] Concurrent Marking                66280 us
[2026-04-03T02:24:18.062+0600][20.565s][info][gc,stats    ] Pause Final Mark (G)               1784 us
[2026-04-03T02:24:18.062+0600][20.565s][info][gc,stats    ] Pause Final Mark (N)               1292 us
[2026-04-03T02:24:18.062+0600][20.565s][info][gc,stats    ]   Finish Mark                       325 us
[2026-04-03T02:24:18.062+0600][20.565s][info][gc,stats    ]   Update Region States              115 us
[2026-04-03T02:24:18.062+0600][20.565s][info][gc,stats    ]   Choose Collection Set             604 us
[2026-04-03T02:24:18.062+0600][20.565s][info][gc,stats    ]   Rebuild Free Set                   57 us
[2026-04-03T02:24:18.062+0600][20.565s][info][gc,stats    ] Concurrent Thread Roots            2527 us, parallelism: 1.89x
[2026-04-03T02:24:18.062+0600][20.565s][info][gc,stats    ]   CTR: <total>                     4786 us
[2026-04-03T02:24:18.062+0600][20.565s][info][gc,stats    ]   CTR: Thread Roots                4786 us, workers (us): 1967, 2187, 632, ---, ---, ---, 
[2026-04-03T02:24:18.062+0600][20.565s][info][gc,stats    ] Concurrent Weak References         3984 us, parallelism: 1.05x
[2026-04-03T02:24:18.062+0600][20.565s][info][gc,stats    ]   CWRF: <total>                    4184 us
[2026-04-03T02:24:18.062+0600][20.565s][info][gc,stats    ]   CWRF: Weak References            4184 us, workers (us): 384, 3649, 150, ---, ---, ---, 
[2026-04-03T02:24:18.062+0600][20.565s][info][gc,stats    ] Concurrent Weak Roots              5481 us
[2026-04-03T02:24:18.062+0600][20.565s][info][gc,stats    ]   Roots                            5136 us, parallelism: 2.73x
[2026-04-03T02:24:18.062+0600][20.565s][info][gc,stats    ]     CWR: <total>                  14021 us
[2026-04-03T02:24:18.062+0600][20.565s][info][gc,stats    ]     CWR: Code Cache Roots          7042 us, workers (us): 2462, 2494, 2086, ---, ---, ---, 
[2026-04-03T02:24:18.062+0600][20.565s][info][gc,stats    ]     CWR: VM Weak Roots             6659 us, workers (us): 2218, 2232, 2209, ---, ---, ---, 
[2026-04-03T02:24:18.062+0600][20.565s][info][gc,stats    ]     CWR: CLDG Roots                 320 us, workers (us): ---, ---, 320, ---, ---, ---, 
[2026-04-03T02:24:18.062+0600][20.565s][info][gc,stats    ]   Rendezvous                        210 us
[2026-04-03T02:24:18.062+0600][20.565s][info][gc,stats    ] Concurrent Cleanup                 1084 us
[2026-04-03T02:24:18.062+0600][20.565s][info][gc,stats    ] Concurrent Class Unloading        52917 us
[2026-04-03T02:24:18.062+0600][20.565s][info][gc,stats    ]   Unlink Stale                    33487 us
[2026-04-03T02:24:18.062+0600][20.565s][info][gc,stats    ]     System Dictionary              1030 us
[2026-04-03T02:24:18.062+0600][20.565s][info][gc,stats    ]     Weak Class Links              18889 us
[2026-04-03T02:24:18.062+0600][20.565s][info][gc,stats    ]     Code Roots                    13563 us
[2026-04-03T02:24:18.062+0600][20.565s][info][gc,stats    ]   Rendezvous                        243 us
[2026-04-03T02:24:18.062+0600][20.565s][info][gc,stats    ]   Purge Unlinked                  19054 us
[2026-04-03T02:24:18.062+0600][20.565s][info][gc,stats    ]     Code Roots                    18074 us
[2026-04-03T02:24:18.062+0600][20.565s][info][gc,stats    ]     CLDG                            978 us
[2026-04-03T02:24:18.062+0600][20.565s][info][gc,stats    ]     Exception Caches                  0 us
[2026-04-03T02:24:18.062+0600][20.566s][info][gc,stats    ] Concurrent Strong Roots            1762 us, parallelism: 0.73x
[2026-04-03T02:24:18.062+0600][20.566s][info][gc,stats    ]   CSR: <total>                     1291 us
[2026-04-03T02:24:18.062+0600][20.566s][info][gc,stats    ]   CSR: VM Strong Roots               82 us, workers (us):  44,  37,   0, ---, ---, ---, 
[2026-04-03T02:24:18.062+0600][20.566s][info][gc,stats    ]   CSR: CLDG Roots                  1210 us, workers (us): ---, 1210, ---, ---, ---, ---, 
[2026-04-03T02:24:18.062+0600][20.566s][info][gc,stats    ] Concurrent Evacuation             34114 us
[2026-04-03T02:24:18.062+0600][20.566s][info][gc,stats    ] Pause Init Update Refs (G)          681 us
[2026-04-03T02:24:18.062+0600][20.566s][info][gc,stats    ] Pause Init Update Refs (N)          201 us
[2026-04-03T02:24:18.062+0600][20.566s][info][gc,stats    ]   Manage GCLABs                      19 us
[2026-04-03T02:24:18.062+0600][20.566s][info][gc,stats    ] Concurrent Update Refs            45139 us
[2026-04-03T02:24:18.062+0600][20.566s][info][gc,stats    ] Concurrent Update Thread Roots      977 us
[2026-04-03T02:24:18.062+0600][20.566s][info][gc,stats    ] Pause Final Update Refs (G)         653 us
[2026-04-03T02:24:18.062+0600][20.566s][info][gc,stats    ] Pause Final Update Refs (N)         293 us
[2026-04-03T02:24:18.062+0600][20.566s][info][gc,stats    ]   Update Region States               79 us
[2026-04-03T02:24:18.062+0600][20.566s][info][gc,stats    ]   Trash Collection Set               34 us
[2026-04-03T02:24:18.062+0600][20.566s][info][gc,stats    ]   Rebuild Free Set                   60 us
[2026-04-03T02:24:18.062+0600][20.566s][info][gc,stats    ] Concurrent Cleanup                 1069 us
[2026-04-03T02:24:18.062+0600][20.566s][info][gc,stats    ] 
[2026-04-03T02:24:18.062+0600][20.566s][info][gc,stats    ] Allocation pacing accrued:
[2026-04-03T02:24:18.062+0600][20.566s][info][gc,stats    ]       0 of  7135 ms (  0.0%): <total>
[2026-04-03T02:24:18.062+0600][20.566s][info][gc,stats    ]       0 of  7135 ms (  0.0%): <average total>
[2026-04-03T02:24:18.062+0600][20.566s][info][gc,stats    ] 
[2026-04-03T02:24:18.063+0600][20.566s][info][gc,metaspace] Metaspace: 121665K(123200K)->121268K(123456K) NonClass: 105939K(106816K)->105679K(107008K) Class: 15725K(16384K)->15589K(16448K)
[2026-04-03T02:24:18.063+0600][20.566s][info][gc,ergo     ] Pacer for Idle. Initial: 20480K, Alloc Tax Rate: 1.0x
[2026-04-03T02:24:18.764+0600][21.267s][info][gc          ] Trigger: Explicit GC request (System.gc())
[2026-04-03T02:24:18.764+0600][21.267s][info][gc,ergo     ] Free: 608M, Max: 256K regular, 313M humongous, Frag: 49% external, 0% internal; Reserve: 51200K, Max: 256K
[2026-04-03T02:24:18.764+0600][21.267s][info][gc,start    ] GC(6) Concurrent reset
[2026-04-03T02:24:18.764+0600][21.267s][info][gc,task     ] GC(6) Using 3 of 6 workers for concurrent reset
[2026-04-03T02:24:18.764+0600][21.267s][info][gc,ergo     ] GC(6) Pacer for Reset. Non-Taxable: 1000M
[2026-04-03T02:24:18.766+0600][21.269s][info][gc          ] GC(6) Concurrent reset 1.948ms
[2026-04-03T02:24:18.766+0600][21.269s][info][gc,start    ] GC(6) Pause Init Mark (unload classes)
[2026-04-03T02:24:18.766+0600][21.269s][info][gc,task     ] GC(6) Using 6 of 6 workers for init marking
[2026-04-03T02:24:18.766+0600][21.269s][info][gc,ref      ] GC(6) Clearing All SoftReferences
[2026-04-03T02:24:18.766+0600][21.269s][info][gc,ergo     ] GC(6) Pacer for Mark. Expected Live: 36267K, Free: 608M, Non-Taxable: 62333K, Alloc Tax Rate: 0.1x
[2026-04-03T02:24:18.766+0600][21.269s][info][gc          ] GC(6) Pause Init Mark (unload classes) 0.120ms
[2026-04-03T02:24:18.766+0600][21.270s][info][gc,start    ] GC(6) Concurrent marking roots
[2026-04-03T02:24:18.766+0600][21.270s][info][gc,task     ] GC(6) Using 3 of 6 workers for concurrent marking roots
[2026-04-03T02:24:18.767+0600][21.270s][info][gc          ] GC(6) Concurrent marking roots 0.897ms
[2026-04-03T02:24:18.767+0600][21.271s][info][gc,start    ] GC(6) Concurrent marking (unload classes)
[2026-04-03T02:24:18.767+0600][21.271s][info][gc,task     ] GC(6) Using 3 of 6 workers for concurrent marking
[2026-04-03T02:24:18.802+0600][21.305s][info][gc          ] GC(6) Concurrent marking (unload classes) 34.472ms
[2026-04-03T02:24:18.802+0600][21.305s][info][gc,start    ] GC(6) Pause Final Mark (unload classes)
[2026-04-03T02:24:18.802+0600][21.305s][info][gc,task     ] GC(6) Using 6 of 6 workers for final marking
[2026-04-03T02:24:18.802+0600][21.306s][info][gc,ergo     ] GC(6) Adaptive CSet Selection. Target Free: 141M, Actual Free: 751M, Max CSet: 42666K, Min Garbage: 0B
[2026-04-03T02:24:18.803+0600][21.306s][info][gc,ergo     ] GC(6) Collectable Garbage: 254M (97%), Immediate: 96166K (36%), CSet: 160M (61%)
[2026-04-03T02:24:18.803+0600][21.306s][info][gc,ergo     ] GC(6) Pacer for Evacuation. Used CSet: 168M, Free: 710M, Non-Taxable: 72785K, Alloc Tax Rate: 1.1x
[2026-04-03T02:24:18.803+0600][21.306s][info][gc          ] GC(6) Pause Final Mark (unload classes) 0.804ms
[2026-04-03T02:24:18.803+0600][21.306s][info][gc,start    ] GC(6) Concurrent thread roots
[2026-04-03T02:24:18.803+0600][21.306s][info][gc,task     ] GC(6) Using 3 of 6 workers for Concurrent thread roots
[2026-04-03T02:24:18.804+0600][21.307s][info][gc          ] GC(6) Concurrent thread roots 0.780ms
[2026-04-03T02:24:18.804+0600][21.307s][info][gc,start    ] GC(6) Concurrent weak references
[2026-04-03T02:24:18.804+0600][21.307s][info][gc,task     ] GC(6) Using 3 of 6 workers for concurrent weak references
[2026-04-03T02:24:18.805+0600][21.308s][info][gc,ref      ] GC(6) Encountered references: Soft: 5591, Weak: 13877, Final: 84, Phantom: 609
[2026-04-03T02:24:18.805+0600][21.308s][info][gc,ref      ] GC(6) Discovered  references: Soft: 4223, Weak: 4348, Final: 0, Phantom: 606
[2026-04-03T02:24:18.805+0600][21.308s][info][gc,ref      ] GC(6) Enqueued    references: Soft: 2798, Weak: 927, Final: 0, Phantom: 0
[2026-04-03T02:24:18.805+0600][21.308s][info][gc          ] GC(6) Concurrent weak references 1.256ms
[2026-04-03T02:24:18.805+0600][21.308s][info][gc,start    ] GC(6) Concurrent weak roots
[2026-04-03T02:24:18.805+0600][21.308s][info][gc,task     ] GC(6) Using 3 of 6 workers for concurrent weak root
[2026-04-03T02:24:18.808+0600][21.311s][info][gc          ] GC(6) Concurrent weak roots 2.615ms
[2026-04-03T02:24:18.808+0600][21.311s][info][gc,start    ] GC(6) Concurrent cleanup
[2026-04-03T02:24:18.808+0600][21.311s][info][gc          ] GC(6) Concurrent cleanup 332M->238M(888M) 0.261ms
[2026-04-03T02:24:18.808+0600][21.311s][info][gc,ergo     ] GC(6) Free: 710M, Max: 256K regular, 314M humongous, Frag: 56% external, 0% internal; Reserve: 50518K, Max: 256K
[2026-04-03T02:24:18.808+0600][21.311s][info][gc,start    ] GC(6) Concurrent class unloading
[2026-04-03T02:24:18.808+0600][21.311s][info][gc,task     ] GC(6) Using 3 of 6 workers for concurrent class unloading
[2026-04-03T02:24:18.840+0600][21.343s][info][gc          ] GC(6) Concurrent class unloading 32.158ms
[2026-04-03T02:24:18.840+0600][21.344s][info][gc,start    ] GC(6) Concurrent strong roots
[2026-04-03T02:24:18.840+0600][21.344s][info][gc,task     ] GC(6) Using 3 of 6 workers for concurrent strong root
[2026-04-03T02:24:18.841+0600][21.344s][info][gc          ] GC(6) Concurrent strong roots 0.732ms
[2026-04-03T02:24:18.841+0600][21.344s][info][gc,start    ] GC(6) Concurrent evacuation
[2026-04-03T02:24:18.841+0600][21.344s][info][gc,task     ] GC(6) Using 3 of 6 workers for concurrent evacuation
[2026-04-03T02:24:18.849+0600][21.352s][info][gc          ] GC(6) Concurrent evacuation 8.166ms
[2026-04-03T02:24:18.849+0600][21.353s][info][gc,start    ] GC(6) Pause Init Update Refs
[2026-04-03T02:24:18.849+0600][21.353s][info][gc,ergo     ] GC(6) Pacer for Update Refs. Used: 253M, Free: 703M, Non-Taxable: 71991K, Alloc Tax Rate: 1.1x
[2026-04-03T02:24:18.849+0600][21.353s][info][gc          ] GC(6) Pause Init Update Refs 0.094ms
[2026-04-03T02:24:18.850+0600][21.353s][info][gc,start    ] GC(6) Concurrent update references
[2026-04-03T02:24:18.850+0600][21.353s][info][gc,task     ] GC(6) Using 3 of 6 workers for concurrent reference update
[2026-04-03T02:24:18.871+0600][21.374s][info][gc          ] GC(6) Concurrent update references 21.544ms
[2026-04-03T02:24:18.871+0600][21.374s][info][gc,start    ] GC(6) Concurrent update thread roots
[2026-04-03T02:24:18.872+0600][21.375s][info][gc          ] GC(6) Concurrent update thread roots 0.920ms
[2026-04-03T02:24:18.872+0600][21.375s][info][gc,start    ] GC(6) Pause Final Update Refs
[2026-04-03T02:24:18.872+0600][21.376s][info][gc,task     ] GC(6) Using 6 of 6 workers for final reference update
[2026-04-03T02:24:18.872+0600][21.376s][info][gc          ] GC(6) Pause Final Update Refs 0.155ms
[2026-04-03T02:24:18.872+0600][21.376s][info][gc,start    ] GC(6) Concurrent cleanup
[2026-04-03T02:24:18.873+0600][21.376s][info][gc          ] GC(6) Concurrent cleanup 253M->84M(893M) 0.276ms
[2026-04-03T02:24:18.873+0600][21.376s][info][gc,ergo     ] Free: 863M, Max: 256K regular, 392M humongous, Frag: 55% external, 0% internal; Reserve: 51200K, Max: 256K
[2026-04-03T02:24:18.873+0600][21.376s][info][gc,stats    ] 
[2026-04-03T02:24:18.873+0600][21.376s][info][gc,stats    ] All times are wall-clock times, except per-root-class counters, that are sum over
[2026-04-03T02:24:18.873+0600][21.376s][info][gc,stats    ] all workers. Dividing the <total> over the root stage time estimates parallelism.
[2026-04-03T02:24:18.873+0600][21.376s][info][gc,stats    ] 
[2026-04-03T02:24:18.873+0600][21.376s][info][gc,stats    ] Concurrent Reset                   2001 us
[2026-04-03T02:24:18.873+0600][21.376s][info][gc,stats    ] Pause Init Mark (G)                 400 us
[2026-04-03T02:24:18.873+0600][21.376s][info][gc,stats    ] Pause Init Mark (N)                 130 us
[2026-04-03T02:24:18.873+0600][21.376s][info][gc,stats    ]   Update Region States               29 us
[2026-04-03T02:24:18.873+0600][21.376s][info][gc,stats    ] Concurrent Mark Roots               933 us, parallelism: 1.64x
[2026-04-03T02:24:18.873+0600][21.376s][info][gc,stats    ]   CMR: <total>                     1532 us
[2026-04-03T02:24:18.873+0600][21.376s][info][gc,stats    ]   CMR: Thread Roots                1247 us, workers (us): 298, 477, 472, ---, ---, ---, 
[2026-04-03T02:24:18.873+0600][21.376s][info][gc,stats    ]   CMR: VM Strong Roots               86 us, workers (us):  84,   1,   1, ---, ---, ---, 
[2026-04-03T02:24:18.873+0600][21.376s][info][gc,stats    ]   CMR: CLDG Roots                   200 us, workers (us): 200, ---, ---, ---, ---, ---, 
[2026-04-03T02:24:18.873+0600][21.376s][info][gc,stats    ] Concurrent Marking                34615 us
[2026-04-03T02:24:18.873+0600][21.376s][info][gc,stats    ] Pause Final Mark (G)               1060 us
[2026-04-03T02:24:18.873+0600][21.376s][info][gc,stats    ] Pause Final Mark (N)                817 us
[2026-04-03T02:24:18.873+0600][21.376s][info][gc,stats    ]   Finish Mark                       344 us
[2026-04-03T02:24:18.873+0600][21.376s][info][gc,stats    ]   Update Region States               47 us
[2026-04-03T02:24:18.873+0600][21.376s][info][gc,stats    ]   Choose Collection Set             287 us
[2026-04-03T02:24:18.873+0600][21.376s][info][gc,stats    ]   Rebuild Free Set                   36 us
[2026-04-03T02:24:18.873+0600][21.376s][info][gc,stats    ] Concurrent Thread Roots             827 us, parallelism: 1.75x
[2026-04-03T02:24:18.873+0600][21.376s][info][gc,stats    ]   CTR: <total>                     1452 us
[2026-04-03T02:24:18.873+0600][21.376s][info][gc,stats    ]   CTR: Thread Roots                1452 us, workers (us): 505, 492, 454, ---, ---, ---, 
[2026-04-03T02:24:18.873+0600][21.376s][info][gc,stats    ] Concurrent Weak References         1264 us, parallelism: 1.10x
[2026-04-03T02:24:18.873+0600][21.376s][info][gc,stats    ]   CWRF: <total>                    1396 us
[2026-04-03T02:24:18.873+0600][21.376s][info][gc,stats    ]   CWRF: Weak References            1396 us, workers (us): 980, 227, 189, ---, ---, ---, 
[2026-04-03T02:24:18.873+0600][21.376s][info][gc,stats    ] Concurrent Weak Roots              2674 us
[2026-04-03T02:24:18.873+0600][21.376s][info][gc,stats    ]   Roots                            2430 us, parallelism: 2.63x
[2026-04-03T02:24:18.873+0600][21.376s][info][gc,stats    ]     CWR: <total>                   6390 us
[2026-04-03T02:24:18.873+0600][21.376s][info][gc,stats    ]     CWR: Code Cache Roots          4075 us, workers (us): 1303, 1434, 1338, ---, ---, ---, 
[2026-04-03T02:24:18.873+0600][21.376s][info][gc,stats    ]     CWR: VM Weak Roots             2194 us, workers (us): 759, 729, 706, ---, ---, ---, 
[2026-04-03T02:24:18.873+0600][21.376s][info][gc,stats    ]     CWR: CLDG Roots                 121 us, workers (us): 121, ---, ---, ---, ---, ---, 
[2026-04-03T02:24:18.873+0600][21.376s][info][gc,stats    ]   Rendezvous                        169 us
[2026-04-03T02:24:18.873+0600][21.376s][info][gc,stats    ] Concurrent Cleanup                  279 us
[2026-04-03T02:24:18.873+0600][21.376s][info][gc,stats    ] Concurrent Class Unloading        32235 us
[2026-04-03T02:24:18.873+0600][21.376s][info][gc,stats    ]   Unlink Stale                    26775 us
[2026-04-03T02:24:18.873+0600][21.376s][info][gc,stats    ]     System Dictionary               724 us
[2026-04-03T02:24:18.873+0600][21.376s][info][gc,stats    ]     Weak Class Links              16469 us
[2026-04-03T02:24:18.873+0600][21.376s][info][gc,stats    ]     Code Roots                     9577 us
[2026-04-03T02:24:18.873+0600][21.376s][info][gc,stats    ]   Rendezvous                        425 us
[2026-04-03T02:24:18.873+0600][21.376s][info][gc,stats    ]   Purge Unlinked                   4926 us
[2026-04-03T02:24:18.873+0600][21.376s][info][gc,stats    ]     Code Roots                     3914 us
[2026-04-03T02:24:18.873+0600][21.376s][info][gc,stats    ]     CLDG                           1010 us
[2026-04-03T02:24:18.873+0600][21.376s][info][gc,stats    ]     Exception Caches                  0 us
[2026-04-03T02:24:18.873+0600][21.376s][info][gc,stats    ] Concurrent Strong Roots             766 us, parallelism: 0.69x
[2026-04-03T02:24:18.873+0600][21.376s][info][gc,stats    ]   CSR: <total>                      525 us
[2026-04-03T02:24:18.873+0600][21.376s][info][gc,stats    ]   CSR: VM Strong Roots               42 us, workers (us):  31,  11,   0, ---, ---, ---, 
[2026-04-03T02:24:18.873+0600][21.376s][info][gc,stats    ]   CSR: CLDG Roots                   483 us, workers (us): 483, ---, ---, ---, ---, ---, 
[2026-04-03T02:24:18.873+0600][21.376s][info][gc,stats    ] Concurrent Evacuation              8230 us
[2026-04-03T02:24:18.873+0600][21.377s][info][gc,stats    ] Pause Init Update Refs (G)          269 us
[2026-04-03T02:24:18.873+0600][21.377s][info][gc,stats    ] Pause Init Update Refs (N)          108 us
[2026-04-03T02:24:18.873+0600][21.377s][info][gc,stats    ]   Manage GCLABs                      24 us
[2026-04-03T02:24:18.873+0600][21.377s][info][gc,stats    ] Concurrent Update Refs            21600 us
[2026-04-03T02:24:18.873+0600][21.377s][info][gc,stats    ] Concurrent Update Thread Roots      961 us
[2026-04-03T02:24:18.873+0600][21.377s][info][gc,stats    ] Pause Final Update Refs (G)         331 us
[2026-04-03T02:24:18.873+0600][21.377s][info][gc,stats    ] Pause Final Update Refs (N)         172 us
[2026-04-03T02:24:18.873+0600][21.377s][info][gc,stats    ]   Update Region States               53 us
[2026-04-03T02:24:18.873+0600][21.377s][info][gc,stats    ]   Trash Collection Set               18 us
[2026-04-03T02:24:18.873+0600][21.377s][info][gc,stats    ]   Rebuild Free Set                   35 us
[2026-04-03T02:24:18.873+0600][21.377s][info][gc,stats    ] Concurrent Cleanup                  293 us
[2026-04-03T02:24:18.873+0600][21.377s][info][gc,stats    ] 
[2026-04-03T02:24:18.873+0600][21.377s][info][gc,stats    ] Allocation pacing accrued:
[2026-04-03T02:24:18.873+0600][21.377s][info][gc,stats    ]       0 of   811 ms (  0.0%): <total>
[2026-04-03T02:24:18.873+0600][21.377s][info][gc,stats    ]       0 of   811 ms (  0.0%): <average total>
[2026-04-03T02:24:18.873+0600][21.377s][info][gc,stats    ] 
[2026-04-03T02:24:18.873+0600][21.377s][info][gc,metaspace] Metaspace: 121740K(123456K)->120892K(123392K) NonClass: 106066K(107008K)->105386K(106944K) Class: 15673K(16448K)->15505K(16448K)
[2026-04-03T02:24:18.873+0600][21.377s][info][gc,ergo     ] Pacer for Idle. Initial: 20480K, Alloc Tax Rate: 1.0x
[2026-04-03T02:24:18.873+0600][21.377s][info][gc,start    ] Concurrent uncommit
[2026-04-03T02:24:18.995+0600][21.498s][info][gc          ] Concurrent uncommit 85M->95M(98M) 121.786ms
[2026-04-03T02:24:19.680+0600][22.183s][info][gc          ] Trigger: Learning 2 of 5. Free (695M) is below initial threshold (700M)
[2026-04-03T02:24:19.680+0600][22.183s][info][gc,ergo     ] Free: 695M, Max: 256K regular, 392M humongous, Frag: 44% external, 0% internal; Reserve: 51200K, Max: 256K
[2026-04-03T02:24:19.680+0600][22.183s][info][gc,start    ] GC(7) Concurrent reset
[2026-04-03T02:24:19.680+0600][22.183s][info][gc,task     ] GC(7) Using 3 of 6 workers for concurrent reset
[2026-04-03T02:24:19.680+0600][22.183s][info][gc,ergo     ] GC(7) Pacer for Reset. Non-Taxable: 1000M
[2026-04-03T02:24:19.682+0600][22.185s][info][gc          ] GC(7) Concurrent reset 2.129ms
[2026-04-03T02:24:19.685+0600][22.189s][info][gc,start    ] GC(7) Pause Init Mark (unload classes)
[2026-04-03T02:24:19.686+0600][22.189s][info][gc,task     ] GC(7) Using 6 of 6 workers for init marking
[2026-04-03T02:24:19.686+0600][22.189s][info][gc,ergo     ] GC(7) Pacer for Mark. Expected Live: 47175K, Free: 695M, Non-Taxable: 71198K, Alloc Tax Rate: 0.1x
[2026-04-03T02:24:19.686+0600][22.189s][info][gc          ] GC(7) Pause Init Mark (unload classes) 0.253ms
[2026-04-03T02:24:19.686+0600][22.189s][info][gc,start    ] GC(7) Concurrent marking roots
[2026-04-03T02:24:19.686+0600][22.189s][info][gc,task     ] GC(7) Using 3 of 6 workers for concurrent marking roots
[2026-04-03T02:24:19.688+0600][22.191s][info][gc          ] GC(7) Concurrent marking roots 1.724ms
[2026-04-03T02:24:19.688+0600][22.191s][info][gc,start    ] GC(7) Concurrent marking (unload classes)
[2026-04-03T02:24:19.688+0600][22.191s][info][gc,task     ] GC(7) Using 3 of 6 workers for concurrent marking
[2026-04-03T02:24:19.748+0600][22.251s][info][gc          ] GC(7) Concurrent marking (unload classes) 60.192ms
[2026-04-03T02:24:19.752+0600][22.255s][info][gc,start    ] GC(7) Pause Final Mark (unload classes)
[2026-04-03T02:24:19.752+0600][22.255s][info][gc,task     ] GC(7) Using 6 of 6 workers for final marking
[2026-04-03T02:24:19.752+0600][22.255s][info][gc,ergo     ] GC(7) Adaptive CSet Selection. Target Free: 141M, Actual Free: 773M, Max CSet: 42666K, Min Garbage: 0B
[2026-04-03T02:24:19.752+0600][22.256s][info][gc,ergo     ] GC(7) Collectable Garbage: 148M (96%), Immediate: 101611K (64%), CSet: 50376K (31%)
[2026-04-03T02:24:19.752+0600][22.256s][info][gc,ergo     ] GC(7) Pacer for Evacuation. Used CSet: 56020K, Free: 733M, Non-Taxable: 75104K, Alloc Tax Rate: 1.1x
[2026-04-03T02:24:19.752+0600][22.256s][info][gc          ] GC(7) Pause Final Mark (unload classes) 0.899ms
[2026-04-03T02:24:19.752+0600][22.256s][info][gc,start    ] GC(7) Concurrent thread roots
[2026-04-03T02:24:19.753+0600][22.256s][info][gc,task     ] GC(7) Using 3 of 6 workers for Concurrent thread roots
[2026-04-03T02:24:19.753+0600][22.257s][info][gc          ] GC(7) Concurrent thread roots 0.884ms
[2026-04-03T02:24:19.753+0600][22.257s][info][gc,start    ] GC(7) Concurrent weak references
[2026-04-03T02:24:19.753+0600][22.257s][info][gc,task     ] GC(7) Using 3 of 6 workers for concurrent weak references
[2026-04-03T02:24:19.754+0600][22.258s][info][gc,ref      ] GC(7) Encountered references: Soft: 3567, Weak: 13998, Final: 84, Phantom: 620
[2026-04-03T02:24:19.754+0600][22.258s][info][gc,ref      ] GC(7) Discovered  references: Soft: 0, Weak: 6454, Final: 4, Phantom: 585
[2026-04-03T02:24:19.754+0600][22.258s][info][gc,ref      ] GC(7) Enqueued    references: Soft: 0, Weak: 497, Final: 0, Phantom: 0
[2026-04-03T02:24:19.754+0600][22.258s][info][gc          ] GC(7) Concurrent weak references 0.901ms
[2026-04-03T02:24:19.754+0600][22.258s][info][gc,start    ] GC(7) Concurrent weak roots
[2026-04-03T02:24:19.754+0600][22.258s][info][gc,task     ] GC(7) Using 3 of 6 workers for concurrent weak root
[2026-04-03T02:24:19.765+0600][22.268s][info][gc          ] GC(7) Concurrent weak roots 10.622ms
[2026-04-03T02:24:19.765+0600][22.268s][info][gc,start    ] GC(7) Concurrent cleanup
[2026-04-03T02:24:19.766+0600][22.269s][info][gc          ] GC(7) Concurrent cleanup 329M->230M(346M) 0.817ms
[2026-04-03T02:24:19.766+0600][22.269s][info][gc,ergo     ] GC(7) Free: 712M, Max: 256K regular, 392M humongous, Frag: 45% external, 0% internal; Reserve: 50286K, Max: 256K
[2026-04-03T02:24:19.766+0600][22.269s][info][gc,start    ] GC(7) Concurrent class unloading
[2026-04-03T02:24:19.766+0600][22.269s][info][gc,task     ] GC(7) Using 3 of 6 workers for concurrent class unloading
[2026-04-03T02:24:19.812+0600][22.315s][info][gc          ] GC(7) Concurrent class unloading 45.635ms
[2026-04-03T02:24:19.812+0600][22.315s][info][gc,start    ] GC(7) Concurrent strong roots
[2026-04-03T02:24:19.812+0600][22.315s][info][gc,task     ] GC(7) Using 3 of 6 workers for concurrent strong root
[2026-04-03T02:24:19.813+0600][22.317s][info][gc          ] GC(7) Concurrent strong roots 1.634ms
[2026-04-03T02:24:19.813+0600][22.317s][info][gc,start    ] GC(7) Concurrent evacuation
[2026-04-03T02:24:19.813+0600][22.317s][info][gc,task     ] GC(7) Using 3 of 6 workers for concurrent evacuation
[2026-04-03T02:24:19.819+0600][22.323s][info][gc          ] GC(7) Concurrent evacuation 5.921ms
[2026-04-03T02:24:19.820+0600][22.323s][info][gc,start    ] GC(7) Pause Init Update Refs
[2026-04-03T02:24:19.820+0600][22.324s][info][gc,ergo     ] GC(7) Pacer for Update Refs. Used: 304M, Free: 641M, Non-Taxable: 65642K, Alloc Tax Rate: 1.1x
[2026-04-03T02:24:19.820+0600][22.324s][info][gc          ] GC(7) Pause Init Update Refs 0.193ms
[2026-04-03T02:24:19.820+0600][22.324s][info][gc,start    ] GC(7) Concurrent update references
[2026-04-03T02:24:19.820+0600][22.324s][info][gc,task     ] GC(7) Using 3 of 6 workers for concurrent reference update
[2026-04-03T02:24:19.859+0600][22.362s][info][gc          ] GC(7) Concurrent update references 38.727ms
[2026-04-03T02:24:19.859+0600][22.362s][info][gc,start    ] GC(7) Concurrent update thread roots
[2026-04-03T02:24:19.864+0600][22.367s][info][gc          ] GC(7) Concurrent update thread roots 4.687ms
[2026-04-03T02:24:19.864+0600][22.367s][info][gc,start    ] GC(7) Pause Final Update Refs
[2026-04-03T02:24:19.864+0600][22.367s][info][gc,task     ] GC(7) Using 6 of 6 workers for final reference update
[2026-04-03T02:24:19.864+0600][22.368s][info][gc          ] GC(7) Pause Final Update Refs 0.232ms
[2026-04-03T02:24:19.864+0600][22.368s][info][gc,start    ] GC(7) Concurrent cleanup
[2026-04-03T02:24:19.865+0600][22.368s][info][gc          ] GC(7) Concurrent cleanup 364M->309M(395M) 0.751ms
[2026-04-03T02:24:19.865+0600][22.369s][info][gc,ergo     ] Free: 625M, Max: 256K regular, 386M humongous, Frag: 39% external, 0% internal; Reserve: 51200K, Max: 256K
[2026-04-03T02:24:19.865+0600][22.369s][info][gc,stats    ] 
[2026-04-03T02:24:19.865+0600][22.369s][info][gc,stats    ] All times are wall-clock times, except per-root-class counters, that are sum over
[2026-04-03T02:24:19.865+0600][22.369s][info][gc,stats    ] all workers. Dividing the <total> over the root stage time estimates parallelism.
[2026-04-03T02:24:19.865+0600][22.369s][info][gc,stats    ] 
[2026-04-03T02:24:19.865+0600][22.369s][info][gc,stats    ] Concurrent Reset                   2186 us
[2026-04-03T02:24:19.865+0600][22.369s][info][gc,stats    ] Pause Init Mark (G)                3777 us
[2026-04-03T02:24:19.865+0600][22.369s][info][gc,stats    ] Pause Init Mark (N)                 274 us
[2026-04-03T02:24:19.865+0600][22.369s][info][gc,stats    ]   Update Region States               70 us
[2026-04-03T02:24:19.865+0600][22.369s][info][gc,stats    ] Concurrent Mark Roots              1821 us, parallelism: 1.95x
[2026-04-03T02:24:19.865+0600][22.369s][info][gc,stats    ]   CMR: <total>                     3545 us
[2026-04-03T02:24:19.865+0600][22.369s][info][gc,stats    ]   CMR: Thread Roots                2984 us, workers (us): 1107, 1146, 731, ---, ---, ---, 
[2026-04-03T02:24:19.865+0600][22.369s][info][gc,stats    ]   CMR: VM Strong Roots              129 us, workers (us):  70,  31,  27, ---, ---, ---, 
[2026-04-03T02:24:19.865+0600][22.369s][info][gc,stats    ]   CMR: CLDG Roots                   432 us, workers (us): ---, ---, 432, ---, ---, ---, 
[2026-04-03T02:24:19.865+0600][22.369s][info][gc,stats    ] Concurrent Marking                60345 us
[2026-04-03T02:24:19.865+0600][22.369s][info][gc,stats    ] Pause Final Mark (G)               4423 us
[2026-04-03T02:24:19.865+0600][22.369s][info][gc,stats    ] Pause Final Mark (N)                919 us
[2026-04-03T02:24:19.865+0600][22.369s][info][gc,stats    ]   Finish Mark                       337 us
[2026-04-03T02:24:19.865+0600][22.369s][info][gc,stats    ]   Update Region States               78 us
[2026-04-03T02:24:19.865+0600][22.369s][info][gc,stats    ]   Choose Collection Set             271 us
[2026-04-03T02:24:19.865+0600][22.369s][info][gc,stats    ]   Rebuild Free Set                   41 us
[2026-04-03T02:24:19.865+0600][22.369s][info][gc,stats    ] Concurrent Thread Roots             924 us, parallelism: 2.35x
[2026-04-03T02:24:19.865+0600][22.369s][info][gc,stats    ]   CTR: <total>                     2168 us
[2026-04-03T02:24:19.865+0600][22.369s][info][gc,stats    ]   CTR: Thread Roots                2168 us, workers (us): 737, 721, 711, ---, ---, ---, 
[2026-04-03T02:24:19.865+0600][22.369s][info][gc,stats    ] Concurrent Weak References          914 us, parallelism: 1.27x
[2026-04-03T02:24:19.866+0600][22.369s][info][gc,stats    ]   CWRF: <total>                    1162 us
[2026-04-03T02:24:19.866+0600][22.369s][info][gc,stats    ]   CWRF: Weak References            1162 us, workers (us): 375,  33, 754, ---, ---, ---, 
[2026-04-03T02:24:19.866+0600][22.369s][info][gc,stats    ] Concurrent Weak Roots             10747 us
[2026-04-03T02:24:19.866+0600][22.369s][info][gc,stats    ]   Roots                            3880 us, parallelism: 2.73x
[2026-04-03T02:24:19.866+0600][22.369s][info][gc,stats    ]     CWR: <total>                  10606 us
[2026-04-03T02:24:19.866+0600][22.369s][info][gc,stats    ]     CWR: Code Cache Roots          6875 us, workers (us): 2387, 2328, 2160, ---, ---, ---, 
[2026-04-03T02:24:19.866+0600][22.369s][info][gc,stats    ]     CWR: VM Weak Roots             3530 us, workers (us): 1238, 1178, 1115, ---, ---, ---, 
[2026-04-03T02:24:19.866+0600][22.369s][info][gc,stats    ]     CWR: CLDG Roots                 201 us, workers (us): ---, ---, 201, ---, ---, ---, 
[2026-04-03T02:24:19.866+0600][22.369s][info][gc,stats    ]   Rendezvous                       6709 us
[2026-04-03T02:24:19.866+0600][22.369s][info][gc,stats    ] Concurrent Cleanup                  851 us
[2026-04-03T02:24:19.866+0600][22.369s][info][gc,stats    ] Concurrent Class Unloading        45755 us
[2026-04-03T02:24:19.866+0600][22.369s][info][gc,stats    ]   Unlink Stale                    40396 us
[2026-04-03T02:24:19.866+0600][22.369s][info][gc,stats    ]     System Dictionary               513 us
[2026-04-03T02:24:19.866+0600][22.369s][info][gc,stats    ]     Weak Class Links              27524 us
[2026-04-03T02:24:19.866+0600][22.369s][info][gc,stats    ]     Code Roots                    12353 us
[2026-04-03T02:24:19.866+0600][22.369s][info][gc,stats    ]   Rendezvous                        378 us
[2026-04-03T02:24:19.866+0600][22.369s][info][gc,stats    ]   Purge Unlinked                   4821 us
[2026-04-03T02:24:19.866+0600][22.369s][info][gc,stats    ]     Code Roots                     4593 us
[2026-04-03T02:24:19.866+0600][22.369s][info][gc,stats    ]     CLDG                            227 us
[2026-04-03T02:24:19.866+0600][22.369s][info][gc,stats    ]     Exception Caches                  0 us
[2026-04-03T02:24:19.866+0600][22.369s][info][gc,stats    ] Concurrent Strong Roots            1661 us, parallelism: 0.82x
[2026-04-03T02:24:19.866+0600][22.369s][info][gc,stats    ]   CSR: <total>                     1357 us
[2026-04-03T02:24:19.866+0600][22.369s][info][gc,stats    ]   CSR: VM Strong Roots               80 us, workers (us):  30,  29,  22, ---, ---, ---, 
[2026-04-03T02:24:19.866+0600][22.369s][info][gc,stats    ]   CSR: CLDG Roots                  1277 us, workers (us): ---, ---, 1277, ---, ---, ---, 
[2026-04-03T02:24:19.866+0600][22.369s][info][gc,stats    ] Concurrent Evacuation              6043 us
[2026-04-03T02:24:19.866+0600][22.369s][info][gc,stats    ] Pause Init Update Refs (G)          891 us
[2026-04-03T02:24:19.866+0600][22.369s][info][gc,stats    ] Pause Init Update Refs (N)          213 us
[2026-04-03T02:24:19.866+0600][22.369s][info][gc,stats    ]   Manage GCLABs                      46 us
[2026-04-03T02:24:19.866+0600][22.369s][info][gc,stats    ] Concurrent Update Refs            38830 us
[2026-04-03T02:24:19.866+0600][22.369s][info][gc,stats    ] Concurrent Update Thread Roots     4765 us
[2026-04-03T02:24:19.866+0600][22.369s][info][gc,stats    ] Pause Final Update Refs (G)         408 us
[2026-04-03T02:24:19.866+0600][22.369s][info][gc,stats    ] Pause Final Update Refs (N)         265 us
[2026-04-03T02:24:19.866+0600][22.369s][info][gc,stats    ]   Update Region States               75 us
[2026-04-03T02:24:19.866+0600][22.369s][info][gc,stats    ]   Trash Collection Set               17 us
[2026-04-03T02:24:19.866+0600][22.369s][info][gc,stats    ]   Rebuild Free Set                   64 us
[2026-04-03T02:24:19.866+0600][22.369s][info][gc,stats    ] Concurrent Cleanup                  798 us
[2026-04-03T02:24:19.866+0600][22.369s][info][gc,stats    ] 
[2026-04-03T02:24:19.866+0600][22.369s][info][gc,stats    ] Allocation pacing accrued:
[2026-04-03T02:24:19.866+0600][22.369s][info][gc,stats    ]       0 of   993 ms (  0.0%): <total>
[2026-04-03T02:24:19.866+0600][22.369s][info][gc,stats    ]       0 of   993 ms (  0.0%): <average total>
[2026-04-03T02:24:19.866+0600][22.369s][info][gc,stats    ] 
[2026-04-03T02:24:19.866+0600][22.369s][info][gc,metaspace] Metaspace: 122739K(123968K)->122665K(123968K) NonClass: 106950K(107520K)->106895K(107520K) Class: 15789K(16448K)->15769K(16448K)
[2026-04-03T02:24:19.866+0600][22.369s][info][gc,ergo     ] Pacer for Idle. Initial: 20480K, Alloc Tax Rate: 1.0x
[2026-04-03T02:24:19.867+0600][22.370s][info][gc          ] Trigger: Learning 3 of 5. Free (619M) is below initial threshold (700M)
[2026-04-03T02:24:19.867+0600][22.370s][info][gc,ergo     ] Free: 618M, Max: 256K regular, 386M humongous, Frag: 38% external, 0% internal; Reserve: 51200K, Max: 256K
[2026-04-03T02:24:19.867+0600][22.370s][info][gc,start    ] GC(8) Concurrent reset
[2026-04-03T02:24:19.867+0600][22.370s][info][gc,task     ] GC(8) Using 3 of 6 workers for concurrent reset
[2026-04-03T02:24:19.867+0600][22.371s][info][gc,ergo     ] GC(8) Pacer for Reset. Non-Taxable: 1000M
[2026-04-03T02:24:19.870+0600][22.373s][info][gc          ] GC(8) Concurrent reset 2.885ms
[2026-04-03T02:24:19.870+0600][22.374s][info][gc,start    ] GC(8) Pause Init Mark (unload classes)
[2026-04-03T02:24:19.870+0600][22.374s][info][gc,task     ] GC(8) Using 6 of 6 workers for init marking
[2026-04-03T02:24:19.871+0600][22.374s][info][gc,ergo     ] GC(8) Pacer for Mark. Expected Live: 60837K, Free: 617M, Non-Taxable: 63278K, Alloc Tax Rate: 0.1x
[2026-04-03T02:24:19.871+0600][22.374s][info][gc          ] GC(8) Pause Init Mark (unload classes) 0.202ms
[2026-04-03T02:24:19.871+0600][22.374s][info][gc,start    ] GC(8) Concurrent marking roots
[2026-04-03T02:24:19.871+0600][22.374s][info][gc,task     ] GC(8) Using 3 of 6 workers for concurrent marking roots
[2026-04-03T02:24:19.872+0600][22.376s][info][gc          ] GC(8) Concurrent marking roots 1.627ms
[2026-04-03T02:24:19.872+0600][22.376s][info][gc,start    ] GC(8) Concurrent marking (unload classes)
[2026-04-03T02:24:19.872+0600][22.376s][info][gc,task     ] GC(8) Using 3 of 6 workers for concurrent marking
[2026-04-03T02:24:19.936+0600][22.439s][info][gc          ] GC(8) Concurrent marking (unload classes) 63.762ms
[2026-04-03T02:24:19.936+0600][22.440s][info][gc,start    ] GC(8) Pause Final Mark (unload classes)
[2026-04-03T02:24:19.937+0600][22.440s][info][gc,task     ] GC(8) Using 6 of 6 workers for final marking
[2026-04-03T02:24:19.937+0600][22.440s][info][gc,ergo     ] GC(8) Collectable Garbage: 223M (92%), Immediate: 223M (92%), CSet: 0B (0%)
[2026-04-03T02:24:19.937+0600][22.440s][info][gc          ] GC(8) Pause Final Mark (unload classes) 0.620ms
[2026-04-03T02:24:19.939+0600][22.442s][info][gc,start    ] GC(8) Concurrent weak references
[2026-04-03T02:24:19.939+0600][22.442s][info][gc,task     ] GC(8) Using 3 of 6 workers for concurrent weak references
[2026-04-03T02:24:19.940+0600][22.443s][info][gc,ref      ] GC(8) Encountered references: Soft: 3564, Weak: 13530, Final: 84, Phantom: 612
[2026-04-03T02:24:19.940+0600][22.443s][info][gc,ref      ] GC(8) Discovered  references: Soft: 0, Weak: 4128, Final: 0, Phantom: 608
[2026-04-03T02:24:19.940+0600][22.443s][info][gc,ref      ] GC(8) Enqueued    references: Soft: 0, Weak: 7, Final: 0, Phantom: 0
[2026-04-03T02:24:19.940+0600][22.443s][info][gc          ] GC(8) Concurrent weak references 0.946ms
[2026-04-03T02:24:19.940+0600][22.443s][info][gc,start    ] GC(8) Concurrent weak roots
[2026-04-03T02:24:19.940+0600][22.443s][info][gc,task     ] GC(8) Using 3 of 6 workers for concurrent weak root
[2026-04-03T02:24:19.944+0600][22.447s][info][gc          ] GC(8) Concurrent weak roots 3.974ms
[2026-04-03T02:24:19.944+0600][22.447s][info][gc,start    ] GC(8) Concurrent cleanup
[2026-04-03T02:24:19.945+0600][22.448s][info][gc          ] GC(8) Concurrent cleanup 329M->106M(395M) 0.979ms
[2026-04-03T02:24:19.945+0600][22.448s][info][gc,ergo     ] GC(8) Free: 840M, Max: 256K regular, 386M humongous, Frag: 55% external, 0% internal; Reserve: 51200K, Max: 256K
[2026-04-03T02:24:19.945+0600][22.449s][info][gc,start    ] GC(8) Concurrent class unloading
[2026-04-03T02:24:19.945+0600][22.449s][info][gc,task     ] GC(8) Using 3 of 6 workers for concurrent class unloading
[2026-04-03T02:24:19.961+0600][22.465s][info][gc          ] GC(8) Concurrent class unloading 16.134ms
[2026-04-03T02:24:19.962+0600][22.465s][info][gc,start    ] GC(8) Pause Final Roots
[2026-04-03T02:24:19.962+0600][22.465s][info][gc          ] GC(8) Pause Final Roots 0.034ms
[2026-04-03T02:24:19.962+0600][22.465s][info][gc,ergo     ] Free: 840M, Max: 256K regular, 386M humongous, Frag: 54% external, 0% internal; Reserve: 51200K, Max: 256K
[2026-04-03T02:24:19.962+0600][22.465s][info][gc,stats    ] 
[2026-04-03T02:24:19.962+0600][22.465s][info][gc,stats    ] All times are wall-clock times, except per-root-class counters, that are sum over
[2026-04-03T02:24:19.962+0600][22.465s][info][gc,stats    ] all workers. Dividing the <total> over the root stage time estimates parallelism.
[2026-04-03T02:24:19.962+0600][22.465s][info][gc,stats    ] 
[2026-04-03T02:24:19.962+0600][22.465s][info][gc,stats    ] Concurrent Reset                   2987 us
[2026-04-03T02:24:19.962+0600][22.465s][info][gc,stats    ] Pause Init Mark (G)                 473 us
[2026-04-03T02:24:19.962+0600][22.465s][info][gc,stats    ] Pause Init Mark (N)                 218 us
[2026-04-03T02:24:19.962+0600][22.465s][info][gc,stats    ]   Update Region States               58 us
[2026-04-03T02:24:19.962+0600][22.465s][info][gc,stats    ] Concurrent Mark Roots              1718 us, parallelism: 1.86x
[2026-04-03T02:24:19.962+0600][22.465s][info][gc,stats    ]   CMR: <total>                     3190 us
[2026-04-03T02:24:19.962+0600][22.465s][info][gc,stats    ]   CMR: Thread Roots                2650 us, workers (us): 636, 1001, 1013, ---, ---, ---, 
[2026-04-03T02:24:19.962+0600][22.465s][info][gc,stats    ]   CMR: VM Strong Roots              129 us, workers (us):  32,  96,   1, ---, ---, ---, 
[2026-04-03T02:24:19.962+0600][22.465s][info][gc,stats    ]   CMR: CLDG Roots                   411 us, workers (us): 411, ---, ---, ---, ---, ---, 
[2026-04-03T02:24:19.962+0600][22.465s][info][gc,stats    ] Concurrent Marking                63891 us
[2026-04-03T02:24:19.962+0600][22.465s][info][gc,stats    ] Pause Final Mark (G)               2775 us
[2026-04-03T02:24:19.962+0600][22.465s][info][gc,stats    ] Pause Final Mark (N)                644 us
[2026-04-03T02:24:19.962+0600][22.465s][info][gc,stats    ]   Finish Mark                       241 us
[2026-04-03T02:24:19.962+0600][22.466s][info][gc,stats    ]   Update Region States               84 us
[2026-04-03T02:24:19.962+0600][22.466s][info][gc,stats    ]   Choose Collection Set             129 us
[2026-04-03T02:24:19.962+0600][22.466s][info][gc,stats    ]   Rebuild Free Set                   69 us
[2026-04-03T02:24:19.962+0600][22.466s][info][gc,stats    ] Concurrent Weak References          970 us, parallelism: 0.67x
[2026-04-03T02:24:19.962+0600][22.466s][info][gc,stats    ]   CWRF: <total>                     646 us
[2026-04-03T02:24:19.962+0600][22.466s][info][gc,stats    ]   CWRF: Weak References             646 us, workers (us): 247, 398,   0, ---, ---, ---, 
[2026-04-03T02:24:19.962+0600][22.466s][info][gc,stats    ] Concurrent Weak Roots              4059 us
[2026-04-03T02:24:19.962+0600][22.466s][info][gc,stats    ]   Roots                            3571 us, parallelism: 2.68x
[2026-04-03T02:24:19.962+0600][22.466s][info][gc,stats    ]     CWR: <total>                   9583 us
[2026-04-03T02:24:19.962+0600][22.466s][info][gc,stats    ]     CWR: Code Cache Roots          7210 us, workers (us): 2246, 2497, 2468, ---, ---, ---, 
[2026-04-03T02:24:19.962+0600][22.466s][info][gc,stats    ]     CWR: VM Weak Roots             2238 us, workers (us): 761, 750, 727, ---, ---, ---, 
[2026-04-03T02:24:19.962+0600][22.466s][info][gc,stats    ]     CWR: CLDG Roots                 135 us, workers (us): 135, ---, ---, ---, ---, ---, 
[2026-04-03T02:24:19.962+0600][22.466s][info][gc,stats    ]   Rendezvous                        362 us
[2026-04-03T02:24:19.962+0600][22.466s][info][gc,stats    ] Concurrent Cleanup                 1044 us
[2026-04-03T02:24:19.962+0600][22.466s][info][gc,stats    ] Concurrent Class Unloading        16275 us
[2026-04-03T02:24:19.962+0600][22.466s][info][gc,stats    ]   Unlink Stale                    14641 us
[2026-04-03T02:24:19.962+0600][22.466s][info][gc,stats    ]     System Dictionary               215 us
[2026-04-03T02:24:19.962+0600][22.466s][info][gc,stats    ]     Weak Class Links                  0 us
[2026-04-03T02:24:19.962+0600][22.466s][info][gc,stats    ]     Code Roots                    14422 us
[2026-04-03T02:24:19.962+0600][22.466s][info][gc,stats    ]   Rendezvous                        671 us
[2026-04-03T02:24:19.962+0600][22.466s][info][gc,stats    ]   Purge Unlinked                    746 us
[2026-04-03T02:24:19.962+0600][22.466s][info][gc,stats    ]     Code Roots                      677 us
[2026-04-03T02:24:19.962+0600][22.466s][info][gc,stats    ]     CLDG                             68 us
[2026-04-03T02:24:19.962+0600][22.466s][info][gc,stats    ]     Exception Caches                  0 us
[2026-04-03T02:24:19.962+0600][22.466s][info][gc,stats    ] Pause Final Roots (G)               369 us
[2026-04-03T02:24:19.962+0600][22.466s][info][gc,stats    ] Pause Final Roots (N)                52 us
[2026-04-03T02:24:19.962+0600][22.466s][info][gc,stats    ] 
[2026-04-03T02:24:19.962+0600][22.466s][info][gc,stats    ] Allocation pacing accrued:
[2026-04-03T02:24:19.962+0600][22.466s][info][gc,stats    ]       0 of    97 ms (  0.0%): <total>
[2026-04-03T02:24:19.962+0600][22.466s][info][gc,stats    ]       0 of    97 ms (  0.0%): <average total>
[2026-04-03T02:24:19.962+0600][22.466s][info][gc,stats    ] 
[2026-04-03T02:24:19.962+0600][22.466s][info][gc,metaspace] Metaspace: 122666K(123968K)->122708K(123968K) NonClass: 106896K(107520K)->106928K(107520K) Class: 15769K(16448K)->15779K(16448K)
[2026-04-03T02:24:19.963+0600][22.466s][info][gc,ergo     ] Pacer for Idle. Initial: 20480K, Alloc Tax Rate: 1.0x
[2026-04-03T02:24:20.586+0600][23.089s][info][gc          ] Trigger: Learning 4 of 5. Free (693M) is below initial threshold (700M)
[2026-04-03T02:24:20.586+0600][23.089s][info][gc,ergo     ] Free: 693M, Max: 256K regular, 386M humongous, Frag: 45% external, 0% internal; Reserve: 51200K, Max: 256K
[2026-04-03T02:24:20.586+0600][23.089s][info][gc,start    ] GC(9) Concurrent reset
[2026-04-03T02:24:20.586+0600][23.089s][info][gc,task     ] GC(9) Using 3 of 6 workers for concurrent reset
[2026-04-03T02:24:20.586+0600][23.089s][info][gc,ergo     ] GC(9) Pacer for Reset. Non-Taxable: 1000M
[2026-04-03T02:24:20.587+0600][23.090s][info][gc          ] GC(9) Concurrent reset 0.987ms
[2026-04-03T02:24:20.588+0600][23.092s][info][gc,start    ] GC(9) Pause Init Mark (unload classes)
[2026-04-03T02:24:20.588+0600][23.092s][info][gc,task     ] GC(9) Using 6 of 6 workers for init marking
[2026-04-03T02:24:20.588+0600][23.092s][info][gc,ergo     ] GC(9) Pacer for Mark. Expected Live: 70384K, Free: 679M, Non-Taxable: 69619K, Alloc Tax Rate: 0.1x
[2026-04-03T02:24:20.588+0600][23.092s][info][gc          ] GC(9) Pause Init Mark (unload classes) 0.243ms
[2026-04-03T02:24:20.589+0600][23.092s][info][gc,start    ] GC(9) Concurrent marking roots
[2026-04-03T02:24:20.589+0600][23.092s][info][gc,task     ] GC(9) Using 3 of 6 workers for concurrent marking roots
[2026-04-03T02:24:20.590+0600][23.094s][info][gc          ] GC(9) Concurrent marking roots 1.633ms
[2026-04-03T02:24:20.590+0600][23.094s][info][gc,start    ] GC(9) Concurrent marking (unload classes)
[2026-04-03T02:24:20.590+0600][23.094s][info][gc,task     ] GC(9) Using 3 of 6 workers for concurrent marking
[2026-04-03T02:24:20.659+0600][23.162s][info][gc          ] GC(9) Concurrent marking (unload classes) 68.629ms
[2026-04-03T02:24:20.659+0600][23.162s][info][gc,start    ] GC(9) Pause Final Mark (unload classes)
[2026-04-03T02:24:20.659+0600][23.162s][info][gc,task     ] GC(9) Using 6 of 6 workers for final marking
[2026-04-03T02:24:20.659+0600][23.163s][info][gc,ergo     ] GC(9) Adaptive CSet Selection. Target Free: 141M, Actual Free: 700M, Max CSet: 42666K, Min Garbage: 0B
[2026-04-03T02:24:20.660+0600][23.163s][info][gc,ergo     ] GC(9) Collectable Garbage: 161M (96%), Immediate: 127M (76%), CSet: 34569K (20%)
[2026-04-03T02:24:20.660+0600][23.163s][info][gc,ergo     ] GC(9) Pacer for Evacuation. Used CSet: 38979K, Free: 661M, Non-Taxable: 67715K, Alloc Tax Rate: 1.1x
[2026-04-03T02:24:20.660+0600][23.163s][info][gc          ] GC(9) Pause Final Mark (unload classes) 0.549ms
[2026-04-03T02:24:20.660+0600][23.163s][info][gc,start    ] GC(9) Concurrent thread roots
[2026-04-03T02:24:20.660+0600][23.163s][info][gc,task     ] GC(9) Using 3 of 6 workers for Concurrent thread roots
[2026-04-03T02:24:20.662+0600][23.165s][info][gc          ] GC(9) Concurrent thread roots 1.756ms
[2026-04-03T02:24:20.662+0600][23.165s][info][gc,start    ] GC(9) Concurrent weak references
[2026-04-03T02:24:20.662+0600][23.165s][info][gc,task     ] GC(9) Using 3 of 6 workers for concurrent weak references
[2026-04-03T02:24:20.662+0600][23.165s][info][gc,ref      ] GC(9) Encountered references: Soft: 3582, Weak: 13770, Final: 84, Phantom: 630
[2026-04-03T02:24:20.662+0600][23.165s][info][gc,ref      ] GC(9) Discovered  references: Soft: 0, Weak: 3052, Final: 0, Phantom: 627
[2026-04-03T02:24:20.662+0600][23.165s][info][gc,ref      ] GC(9) Enqueued    references: Soft: 0, Weak: 253, Final: 0, Phantom: 0
[2026-04-03T02:24:20.662+0600][23.165s][info][gc          ] GC(9) Concurrent weak references 0.439ms
[2026-04-03T02:24:20.662+0600][23.165s][info][gc,start    ] GC(9) Concurrent weak roots
[2026-04-03T02:24:20.662+0600][23.165s][info][gc,task     ] GC(9) Using 3 of 6 workers for concurrent weak root
[2026-04-03T02:24:20.667+0600][23.170s][info][gc          ] GC(9) Concurrent weak roots 5.009ms
[2026-04-03T02:24:20.667+0600][23.170s][info][gc,start    ] GC(9) Concurrent cleanup
[2026-04-03T02:24:20.668+0600][23.171s][info][gc          ] GC(9) Concurrent cleanup 414M->286M(438M) 0.407ms
[2026-04-03T02:24:20.668+0600][23.171s][info][gc,ergo     ] GC(9) Free: 650M, Max: 256K regular, 386M humongous, Frag: 41% external, 0% internal; Reserve: 50782K, Max: 256K
[2026-04-03T02:24:20.668+0600][23.171s][info][gc,start    ] GC(9) Concurrent class unloading
[2026-04-03T02:24:20.668+0600][23.171s][info][gc,task     ] GC(9) Using 3 of 6 workers for concurrent class unloading
[2026-04-03T02:24:20.711+0600][23.214s][info][gc          ] GC(9) Concurrent class unloading 43.413ms
[2026-04-03T02:24:20.711+0600][23.215s][info][gc,start    ] GC(9) Concurrent strong roots
[2026-04-03T02:24:20.711+0600][23.215s][info][gc,task     ] GC(9) Using 3 of 6 workers for concurrent strong root
[2026-04-03T02:24:20.712+0600][23.216s][info][gc          ] GC(9) Concurrent strong roots 1.031ms
[2026-04-03T02:24:20.712+0600][23.216s][info][gc,start    ] GC(9) Concurrent evacuation
[2026-04-03T02:24:20.712+0600][23.216s][info][gc,task     ] GC(9) Using 3 of 6 workers for concurrent evacuation
[2026-04-03T02:24:20.716+0600][23.220s][info][gc          ] GC(9) Concurrent evacuation 3.933ms
[2026-04-03T02:24:20.717+0600][23.220s][info][gc,start    ] GC(9) Pause Init Update Refs
[2026-04-03T02:24:20.717+0600][23.220s][info][gc,ergo     ] GC(9) Pacer for Update Refs. Used: 313M, Free: 626M, Non-Taxable: 64198K, Alloc Tax Rate: 1.1x
[2026-04-03T02:24:20.717+0600][23.220s][info][gc          ] GC(9) Pause Init Update Refs 0.112ms
[2026-04-03T02:24:20.717+0600][23.220s][info][gc,start    ] GC(9) Concurrent update references
[2026-04-03T02:24:20.717+0600][23.220s][info][gc,task     ] GC(9) Using 3 of 6 workers for concurrent reference update
[2026-04-03T02:24:20.759+0600][23.262s][info][gc          ] GC(9) Concurrent update references 42.143ms
[2026-04-03T02:24:20.759+0600][23.262s][info][gc,start    ] GC(9) Concurrent update thread roots
[2026-04-03T02:24:20.762+0600][23.265s][info][gc          ] GC(9) Concurrent update thread roots 3.174ms
[2026-04-03T02:24:20.763+0600][23.266s][info][gc,start    ] GC(9) Pause Final Update Refs
[2026-04-03T02:24:20.763+0600][23.266s][info][gc,task     ] GC(9) Using 6 of 6 workers for final reference update
[2026-04-03T02:24:20.763+0600][23.266s][info][gc          ] GC(9) Pause Final Update Refs 0.282ms
[2026-04-03T02:24:20.763+0600][23.267s][info][gc,start    ] GC(9) Concurrent cleanup
[2026-04-03T02:24:20.764+0600][23.267s][info][gc          ] GC(9) Concurrent cleanup 322M->285M(442M) 0.378ms
[2026-04-03T02:24:20.764+0600][23.267s][info][gc,ergo     ] Free: 651M, Max: 256K regular, 385M humongous, Frag: 41% external, 0% internal; Reserve: 51200K, Max: 256K
[2026-04-03T02:24:20.764+0600][23.267s][info][gc,stats    ] 
[2026-04-03T02:24:20.764+0600][23.267s][info][gc,stats    ] All times are wall-clock times, except per-root-class counters, that are sum over
[2026-04-03T02:24:20.764+0600][23.267s][info][gc,stats    ] all workers. Dividing the <total> over the root stage time estimates parallelism.
[2026-04-03T02:24:20.764+0600][23.267s][info][gc,stats    ] 
[2026-04-03T02:24:20.764+0600][23.267s][info][gc,stats    ] Concurrent Reset                   1087 us
[2026-04-03T02:24:20.764+0600][23.267s][info][gc,stats    ] Pause Init Mark (G)                1686 us
[2026-04-03T02:24:20.764+0600][23.267s][info][gc,stats    ] Pause Init Mark (N)                 264 us
[2026-04-03T02:24:20.764+0600][23.267s][info][gc,stats    ]   Update Region States               77 us
[2026-04-03T02:24:20.764+0600][23.267s][info][gc,stats    ] Concurrent Mark Roots              1679 us, parallelism: 2.09x
[2026-04-03T02:24:20.764+0600][23.267s][info][gc,stats    ]   CMR: <total>                     3504 us
[2026-04-03T02:24:20.764+0600][23.267s][info][gc,stats    ]   CMR: Thread Roots                3004 us, workers (us): 1126, 1153, 724, ---, ---, ---, 
[2026-04-03T02:24:20.764+0600][23.267s][info][gc,stats    ]   CMR: VM Strong Roots               94 us, workers (us):  29,  47,  18, ---, ---, ---, 
[2026-04-03T02:24:20.764+0600][23.267s][info][gc,stats    ]   CMR: CLDG Roots                   406 us, workers (us): ---, ---, 406, ---, ---, ---, 
[2026-04-03T02:24:20.764+0600][23.267s][info][gc,stats    ] Concurrent Marking                68719 us
[2026-04-03T02:24:20.764+0600][23.267s][info][gc,stats    ] Pause Final Mark (G)                769 us
[2026-04-03T02:24:20.764+0600][23.267s][info][gc,stats    ] Pause Final Mark (N)                579 us
[2026-04-03T02:24:20.764+0600][23.268s][info][gc,stats    ]   Finish Mark                       138 us
[2026-04-03T02:24:20.764+0600][23.268s][info][gc,stats    ]   Update Region States               66 us
[2026-04-03T02:24:20.764+0600][23.268s][info][gc,stats    ]   Choose Collection Set             225 us
[2026-04-03T02:24:20.764+0600][23.268s][info][gc,stats    ]   Rebuild Free Set                   49 us
[2026-04-03T02:24:20.764+0600][23.268s][info][gc,stats    ] Concurrent Thread Roots            1845 us, parallelism: 2.68x
[2026-04-03T02:24:20.764+0600][23.268s][info][gc,stats    ]   CTR: <total>                     4940 us
[2026-04-03T02:24:20.764+0600][23.268s][info][gc,stats    ]   CTR: Thread Roots                4940 us, workers (us): 1657, 1650, 1632, ---, ---, ---, 
[2026-04-03T02:24:20.764+0600][23.268s][info][gc,stats    ] Concurrent Weak References          454 us, parallelism: 1.13x
[2026-04-03T02:24:20.764+0600][23.268s][info][gc,stats    ]   CWRF: <total>                     513 us
[2026-04-03T02:24:20.764+0600][23.268s][info][gc,stats    ]   CWRF: Weak References             513 us, workers (us):  94, 169, 250, ---, ---, ---, 
[2026-04-03T02:24:20.764+0600][23.268s][info][gc,stats    ] Concurrent Weak Roots              5116 us
[2026-04-03T02:24:20.764+0600][23.268s][info][gc,stats    ]   Roots                            4227 us, parallelism: 2.75x
[2026-04-03T02:24:20.764+0600][23.268s][info][gc,stats    ]     CWR: <total>                  11642 us
[2026-04-03T02:24:20.764+0600][23.268s][info][gc,stats    ]     CWR: Code Cache Roots          7619 us, workers (us): 2603, 2438, 2578, ---, ---, ---, 
[2026-04-03T02:24:20.764+0600][23.268s][info][gc,stats    ]     CWR: VM Weak Roots             3806 us, workers (us): 1277, 1271, 1258, ---, ---, ---, 
[2026-04-03T02:24:20.764+0600][23.268s][info][gc,stats    ]     CWR: CLDG Roots                 217 us, workers (us): ---, 217, ---, ---, ---, ---, 
[2026-04-03T02:24:20.764+0600][23.268s][info][gc,stats    ]   Rendezvous                        747 us
[2026-04-03T02:24:20.764+0600][23.268s][info][gc,stats    ] Concurrent Cleanup                  451 us
[2026-04-03T02:24:20.764+0600][23.268s][info][gc,stats    ] Concurrent Class Unloading        43505 us
[2026-04-03T02:24:20.764+0600][23.268s][info][gc,stats    ]   Unlink Stale                    39653 us
[2026-04-03T02:24:20.764+0600][23.268s][info][gc,stats    ]     System Dictionary               585 us
[2026-04-03T02:24:20.764+0600][23.268s][info][gc,stats    ]     Weak Class Links              28405 us
[2026-04-03T02:24:20.764+0600][23.268s][info][gc,stats    ]     Code Roots                    10656 us
[2026-04-03T02:24:20.765+0600][23.268s][info][gc,stats    ]   Rendezvous                        312 us
[2026-04-03T02:24:20.765+0600][23.268s][info][gc,stats    ]   Purge Unlinked                   3405 us
[2026-04-03T02:24:20.765+0600][23.268s][info][gc,stats    ]     Code Roots                     3333 us
[2026-04-03T02:24:20.765+0600][23.268s][info][gc,stats    ]     CLDG                             70 us
[2026-04-03T02:24:20.765+0600][23.268s][info][gc,stats    ]     Exception Caches                  1 us
[2026-04-03T02:24:20.765+0600][23.268s][info][gc,stats    ] Concurrent Strong Roots            1077 us, parallelism: 0.70x
[2026-04-03T02:24:20.765+0600][23.268s][info][gc,stats    ]   CSR: <total>                      758 us
[2026-04-03T02:24:20.765+0600][23.268s][info][gc,stats    ]   CSR: VM Strong Roots               52 us, workers (us):  28,  24,   0, ---, ---, ---, 
[2026-04-03T02:24:20.765+0600][23.268s][info][gc,stats    ]   CSR: CLDG Roots                   706 us, workers (us): ---, 706, ---, ---, ---, ---, 
[2026-04-03T02:24:20.765+0600][23.268s][info][gc,stats    ] Concurrent Evacuation              4016 us
[2026-04-03T02:24:20.765+0600][23.268s][info][gc,stats    ] Pause Init Update Refs (G)          413 us
[2026-04-03T02:24:20.765+0600][23.268s][info][gc,stats    ] Pause Init Update Refs (N)          125 us
[2026-04-03T02:24:20.765+0600][23.268s][info][gc,stats    ]   Manage GCLABs                      43 us
[2026-04-03T02:24:20.765+0600][23.268s][info][gc,stats    ] Concurrent Update Refs            42258 us
[2026-04-03T02:24:20.765+0600][23.268s][info][gc,stats    ] Concurrent Update Thread Roots     3285 us
[2026-04-03T02:24:20.765+0600][23.268s][info][gc,stats    ] Pause Final Update Refs (G)        1163 us
[2026-04-03T02:24:20.765+0600][23.268s][info][gc,stats    ] Pause Final Update Refs (N)         304 us
[2026-04-03T02:24:20.765+0600][23.268s][info][gc,stats    ]   Update Region States               91 us
[2026-04-03T02:24:20.765+0600][23.268s][info][gc,stats    ]   Trash Collection Set               17 us
[2026-04-03T02:24:20.765+0600][23.268s][info][gc,stats    ]   Rebuild Free Set                   52 us
[2026-04-03T02:24:20.765+0600][23.268s][info][gc,stats    ] Concurrent Cleanup                  416 us
[2026-04-03T02:24:20.765+0600][23.268s][info][gc,stats    ] Pacing                           122512 us
[2026-04-03T02:24:20.765+0600][23.268s][info][gc,stats    ] 
[2026-04-03T02:24:20.765+0600][23.268s][info][gc,stats    ] Allocation pacing accrued:
[2026-04-03T02:24:20.765+0600][23.268s][info][gc,stats    ]      31 of   802 ms (  3.8%): Executor task launch worker for task 2.0 in stage 39.0 (TID 71)
[2026-04-03T02:24:20.765+0600][23.268s][info][gc,stats    ]      31 of   802 ms (  3.9%): Executor task launch worker for task 3.0 in stage 39.0 (TID 72)
[2026-04-03T02:24:20.765+0600][23.268s][info][gc,stats    ]      31 of   802 ms (  3.9%): Executor task launch worker for task 1.0 in stage 39.0 (TID 70)
[2026-04-03T02:24:20.765+0600][23.268s][info][gc,stats    ]      30 of   802 ms (  3.7%): Executor task launch worker for task 0.0 in stage 39.0 (TID 69)
[2026-04-03T02:24:20.765+0600][23.268s][info][gc,stats    ]     123 of   802 ms ( 15.3%): <total>
[2026-04-03T02:24:20.765+0600][23.268s][info][gc,stats    ]       1 of   802 ms (  0.1%): <average total>
[2026-04-03T02:24:20.765+0600][23.268s][info][gc,stats    ]      31 of   802 ms (  3.8%): <average non-zero>
[2026-04-03T02:24:20.765+0600][23.268s][info][gc,stats    ] 
[2026-04-03T02:24:20.765+0600][23.268s][info][gc,metaspace] Metaspace: 122849K(124032K)->122869K(124096K) NonClass: 107047K(107584K)->107072K(107648K) Class: 15801K(16448K)->15796K(16448K)
[2026-04-03T02:24:20.765+0600][23.268s][info][gc,ergo     ] Pacer for Idle. Initial: 20480K, Alloc Tax Rate: 1.0x
[2026-04-03T02:24:20.766+0600][23.269s][info][gc          ] Trigger: Learning 5 of 5. Free (650M) is below initial threshold (700M)
[2026-04-03T02:24:20.770+0600][23.273s][info][gc,ergo     ] Free: 649M, Max: 256K regular, 385M humongous, Frag: 41% external, 0% internal; Reserve: 51200K, Max: 256K
[2026-04-03T02:24:20.770+0600][23.273s][info][gc,start    ] GC(10) Concurrent reset
[2026-04-03T02:24:20.770+0600][23.273s][info][gc,task     ] GC(10) Using 3 of 6 workers for concurrent reset
[2026-04-03T02:24:20.770+0600][23.273s][info][gc,ergo     ] GC(10) Pacer for Reset. Non-Taxable: 1000M
[2026-04-03T02:24:20.772+0600][23.275s][info][gc          ] GC(10) Concurrent reset 2.022ms
[2026-04-03T02:24:20.774+0600][23.277s][info][gc,start    ] GC(10) Pause Init Mark (unload classes)
[2026-04-03T02:24:20.774+0600][23.277s][info][gc,task     ] GC(10) Using 6 of 6 workers for init marking
[2026-04-03T02:24:20.774+0600][23.278s][info][gc,ergo     ] GC(10) Pacer for Mark. Expected Live: 80908K, Free: 649M, Non-Taxable: 66469K, Alloc Tax Rate: 0.1x
[2026-04-03T02:24:20.774+0600][23.278s][info][gc          ] GC(10) Pause Init Mark (unload classes) 0.255ms
[2026-04-03T02:24:20.778+0600][23.281s][info][gc,start    ] GC(10) Concurrent marking roots
[2026-04-03T02:24:20.778+0600][23.281s][info][gc,task     ] GC(10) Using 3 of 6 workers for concurrent marking roots
[2026-04-03T02:24:20.783+0600][23.286s][info][gc          ] GC(10) Concurrent marking roots 5.047ms
[2026-04-03T02:24:20.783+0600][23.286s][info][gc,start    ] GC(10) Concurrent marking (unload classes)
[2026-04-03T02:24:20.783+0600][23.286s][info][gc,task     ] GC(10) Using 3 of 6 workers for concurrent marking
[2026-04-03T02:24:20.866+0600][23.370s][info][gc          ] GC(10) Concurrent marking (unload classes) 83.297ms
[2026-04-03T02:24:20.867+0600][23.370s][info][gc,start    ] GC(10) Pause Final Mark (unload classes)
[2026-04-03T02:24:20.867+0600][23.370s][info][gc,task     ] GC(10) Using 6 of 6 workers for final marking
[2026-04-03T02:24:20.867+0600][23.370s][info][gc,ergo     ] GC(10) Adaptive CSet Selection. Target Free: 141M, Actual Free: 869M, Max CSet: 42666K, Min Garbage: 0B
[2026-04-03T02:24:20.867+0600][23.370s][info][gc,ergo     ] GC(10) Collectable Garbage: 204M (97%), Immediate: 188M (89%), CSet: 16596K (7%)
[2026-04-03T02:24:20.867+0600][23.371s][info][gc,ergo     ] GC(10) Pacer for Evacuation. Used CSet: 19308K, Free: 832M, Non-Taxable: 85252K, Alloc Tax Rate: 1.1x
[2026-04-03T02:24:20.867+0600][23.371s][info][gc          ] GC(10) Pause Final Mark (unload classes) 0.819ms
[2026-04-03T02:24:20.867+0600][23.371s][info][gc,start    ] GC(10) Concurrent thread roots
[2026-04-03T02:24:20.867+0600][23.371s][info][gc,task     ] GC(10) Using 3 of 6 workers for Concurrent thread roots
[2026-04-03T02:24:20.869+0600][23.372s][info][gc          ] GC(10) Concurrent thread roots 1.552ms
[2026-04-03T02:24:20.869+0600][23.372s][info][gc,start    ] GC(10) Concurrent weak references
[2026-04-03T02:24:20.869+0600][23.372s][info][gc,task     ] GC(10) Using 3 of 6 workers for concurrent weak references
[2026-04-03T02:24:20.869+0600][23.373s][info][gc,ref      ] GC(10) Encountered references: Soft: 3586, Weak: 13620, Final: 84, Phantom: 614
[2026-04-03T02:24:20.870+0600][23.373s][info][gc,ref      ] GC(10) Discovered  references: Soft: 0, Weak: 3166, Final: 0, Phantom: 579
[2026-04-03T02:24:20.870+0600][23.373s][info][gc,ref      ] GC(10) Enqueued    references: Soft: 0, Weak: 19, Final: 0, Phantom: 0
[2026-04-03T02:24:20.870+0600][23.373s][info][gc          ] GC(10) Concurrent weak references 0.502ms
[2026-04-03T02:24:20.870+0600][23.373s][info][gc,start    ] GC(10) Concurrent weak roots
[2026-04-03T02:24:20.870+0600][23.373s][info][gc,task     ] GC(10) Using 3 of 6 workers for concurrent weak root
[2026-04-03T02:24:20.876+0600][23.379s][info][gc          ] GC(10) Concurrent weak roots 6.162ms
[2026-04-03T02:24:20.876+0600][23.379s][info][gc,start    ] GC(10) Concurrent cleanup
[2026-04-03T02:24:20.877+0600][23.380s][info][gc          ] GC(10) Concurrent cleanup 306M->118M(442M) 0.772ms
[2026-04-03T02:24:20.877+0600][23.380s][info][gc,ergo     ] GC(10) Free: 829M, Max: 256K regular, 386M humongous, Frag: 54% external, 0% internal; Reserve: 51091K, Max: 256K
[2026-04-03T02:24:20.877+0600][23.380s][info][gc,start    ] GC(10) Concurrent class unloading
[2026-04-03T02:24:20.877+0600][23.380s][info][gc,task     ] GC(10) Using 3 of 6 workers for concurrent class unloading
[2026-04-03T02:24:20.898+0600][23.401s][info][gc          ] GC(10) Concurrent class unloading 21.351ms
[2026-04-03T02:24:20.898+0600][23.401s][info][gc,start    ] GC(10) Concurrent strong roots
[2026-04-03T02:24:20.898+0600][23.401s][info][gc,task     ] GC(10) Using 3 of 6 workers for concurrent strong root
[2026-04-03T02:24:20.902+0600][23.405s][info][gc          ] GC(10) Concurrent strong roots 3.936ms
[2026-04-03T02:24:20.902+0600][23.405s][info][gc,start    ] GC(10) Concurrent evacuation
[2026-04-03T02:24:20.902+0600][23.406s][info][gc,task     ] GC(10) Using 3 of 6 workers for concurrent evacuation
[2026-04-03T02:24:20.904+0600][23.408s][info][gc          ] GC(10) Concurrent evacuation 2.072ms
[2026-04-03T02:24:20.906+0600][23.409s][info][gc,start    ] GC(10) Pause Init Update Refs
[2026-04-03T02:24:20.906+0600][23.410s][info][gc,ergo     ] GC(10) Pacer for Update Refs. Used: 131M, Free: 818M, Non-Taxable: 83816K, Alloc Tax Rate: 1.1x
[2026-04-03T02:24:20.906+0600][23.410s][info][gc          ] GC(10) Pause Init Update Refs 0.165ms
[2026-04-03T02:24:20.906+0600][23.410s][info][gc,start    ] GC(10) Concurrent update references
[2026-04-03T02:24:20.906+0600][23.410s][info][gc,task     ] GC(10) Using 3 of 6 workers for concurrent reference update
[2026-04-03T02:24:20.957+0600][23.460s][info][gc          ] GC(10) Concurrent update references 50.256ms
[2026-04-03T02:24:20.957+0600][23.460s][info][gc,start    ] GC(10) Concurrent update thread roots
[2026-04-03T02:24:20.958+0600][23.461s][info][gc          ] GC(10) Concurrent update thread roots 1.463ms
[2026-04-03T02:24:20.958+0600][23.462s][info][gc,start    ] GC(10) Pause Final Update Refs
[2026-04-03T02:24:20.958+0600][23.462s][info][gc,task     ] GC(10) Using 6 of 6 workers for final reference update
[2026-04-03T02:24:20.959+0600][23.462s][info][gc          ] GC(10) Pause Final Update Refs 0.313ms
[2026-04-03T02:24:20.959+0600][23.462s][info][gc,start    ] GC(10) Concurrent cleanup
[2026-04-03T02:24:20.960+0600][23.463s][info][gc          ] GC(10) Concurrent cleanup 146M->127M(442M) 0.803ms
[2026-04-03T02:24:20.960+0600][23.463s][info][gc,ergo     ] Free: 818M, Max: 256K regular, 386M humongous, Frag: 53% external, 0% internal; Reserve: 51200K, Max: 256K
[2026-04-03T02:24:20.960+0600][23.463s][info][gc,stats    ] 
[2026-04-03T02:24:20.960+0600][23.463s][info][gc,stats    ] All times are wall-clock times, except per-root-class counters, that are sum over
[2026-04-03T02:24:20.960+0600][23.463s][info][gc,stats    ] all workers. Dividing the <total> over the root stage time estimates parallelism.
[2026-04-03T02:24:20.960+0600][23.463s][info][gc,stats    ] 
[2026-04-03T02:24:20.960+0600][23.463s][info][gc,stats    ] Concurrent Reset                   2092 us
[2026-04-03T02:24:20.960+0600][23.463s][info][gc,stats    ] Pause Init Mark (G)                5780 us
[2026-04-03T02:24:20.960+0600][23.463s][info][gc,stats    ] Pause Init Mark (N)                 270 us
[2026-04-03T02:24:20.960+0600][23.463s][info][gc,stats    ]   Update Region States               98 us
[2026-04-03T02:24:20.960+0600][23.463s][info][gc,stats    ] Concurrent Mark Roots              5159 us, parallelism: 1.71x
[2026-04-03T02:24:20.960+0600][23.463s][info][gc,stats    ]   CMR: <total>                     8796 us
[2026-04-03T02:24:20.960+0600][23.463s][info][gc,stats    ]   CMR: Thread Roots                8282 us, workers (us): 3753, 2268, 2261, ---, ---, ---, 
[2026-04-03T02:24:20.960+0600][23.463s][info][gc,stats    ]   CMR: VM Strong Roots              105 us, workers (us): 101,   2,   1, ---, ---, ---, 
[2026-04-03T02:24:20.960+0600][23.463s][info][gc,stats    ]   CMR: CLDG Roots                   409 us, workers (us): 409, ---, ---, ---, ---, ---, 
[2026-04-03T02:24:20.960+0600][23.463s][info][gc,stats    ] Concurrent Marking                83410 us
[2026-04-03T02:24:20.960+0600][23.463s][info][gc,stats    ] Pause Final Mark (G)               1088 us
[2026-04-03T02:24:20.960+0600][23.463s][info][gc,stats    ] Pause Final Mark (N)                839 us
[2026-04-03T02:24:20.960+0600][23.463s][info][gc,stats    ]   Finish Mark                       248 us
[2026-04-03T02:24:20.960+0600][23.463s][info][gc,stats    ]   Update Region States               77 us
[2026-04-03T02:24:20.960+0600][23.463s][info][gc,stats    ]   Choose Collection Set             264 us
[2026-04-03T02:24:20.960+0600][23.463s][info][gc,stats    ]   Rebuild Free Set                   74 us
[2026-04-03T02:24:20.960+0600][23.463s][info][gc,stats    ] Concurrent Thread Roots            1624 us, parallelism: 2.41x
[2026-04-03T02:24:20.960+0600][23.463s][info][gc,stats    ]   CTR: <total>                     3918 us
[2026-04-03T02:24:20.960+0600][23.463s][info][gc,stats    ]   CTR: Thread Roots                3918 us, workers (us): 1426, 1353, 1140, ---, ---, ---, 
[2026-04-03T02:24:20.960+0600][23.463s][info][gc,stats    ] Concurrent Weak References          518 us, parallelism: 0.87x
[2026-04-03T02:24:20.960+0600][23.463s][info][gc,stats    ]   CWRF: <total>                     452 us
[2026-04-03T02:24:20.960+0600][23.463s][info][gc,stats    ]   CWRF: Weak References             452 us, workers (us): 336, 116,   0, ---, ---, ---, 
[2026-04-03T02:24:20.960+0600][23.463s][info][gc,stats    ] Concurrent Weak Roots              6249 us
[2026-04-03T02:24:20.960+0600][23.463s][info][gc,stats    ]   Roots                            3859 us, parallelism: 2.53x
[2026-04-03T02:24:20.960+0600][23.463s][info][gc,stats    ]     CWR: <total>                   9755 us
[2026-04-03T02:24:20.960+0600][23.463s][info][gc,stats    ]     CWR: Code Cache Roots          6932 us, workers (us): 2389, 2176, 2367, ---, ---, ---, 
[2026-04-03T02:24:20.960+0600][23.463s][info][gc,stats    ]     CWR: VM Weak Roots             2715 us, workers (us): 1122, 1111, 481, ---, ---, ---, 
[2026-04-03T02:24:20.960+0600][23.463s][info][gc,stats    ]     CWR: CLDG Roots                 108 us, workers (us): ---, 108, ---, ---, ---, ---, 
[2026-04-03T02:24:20.960+0600][23.463s][info][gc,stats    ]   Rendezvous                       2271 us
[2026-04-03T02:24:20.960+0600][23.463s][info][gc,stats    ] Concurrent Cleanup                  792 us
[2026-04-03T02:24:20.960+0600][23.463s][info][gc,stats    ] Concurrent Class Unloading        21451 us
[2026-04-03T02:24:20.960+0600][23.463s][info][gc,stats    ]   Unlink Stale                    17532 us
[2026-04-03T02:24:20.960+0600][23.463s][info][gc,stats    ]     System Dictionary               186 us
[2026-04-03T02:24:20.960+0600][23.463s][info][gc,stats    ]     Weak Class Links                  1 us
[2026-04-03T02:24:20.960+0600][23.463s][info][gc,stats    ]     Code Roots                    17343 us
[2026-04-03T02:24:20.960+0600][23.463s][info][gc,stats    ]   Rendezvous                       2222 us
[2026-04-03T02:24:20.960+0600][23.463s][info][gc,stats    ]   Purge Unlinked                   1564 us
[2026-04-03T02:24:20.960+0600][23.463s][info][gc,stats    ]     Code Roots                     1551 us
[2026-04-03T02:24:20.960+0600][23.463s][info][gc,stats    ]     CLDG                             12 us
[2026-04-03T02:24:20.960+0600][23.463s][info][gc,stats    ]     Exception Caches                  0 us
[2026-04-03T02:24:20.960+0600][23.463s][info][gc,stats    ] Concurrent Strong Roots            4035 us, parallelism: 0.52x
[2026-04-03T02:24:20.960+0600][23.463s][info][gc,stats    ]   CSR: <total>                     2091 us
[2026-04-03T02:24:20.960+0600][23.463s][info][gc,stats    ]   CSR: VM Strong Roots               43 us, workers (us):  42,   1,   0, ---, ---, ---, 
[2026-04-03T02:24:20.960+0600][23.464s][info][gc,stats    ]   CSR: CLDG Roots                  2048 us, workers (us): 2048, ---, ---, ---, ---, ---, 
[2026-04-03T02:24:20.960+0600][23.464s][info][gc,stats    ] Concurrent Evacuation              2156 us
[2026-04-03T02:24:20.960+0600][23.464s][info][gc,stats    ] Pause Init Update Refs (G)         1991 us
[2026-04-03T02:24:20.960+0600][23.464s][info][gc,stats    ] Pause Init Update Refs (N)          178 us
[2026-04-03T02:24:20.960+0600][23.464s][info][gc,stats    ]   Manage GCLABs                      37 us
[2026-04-03T02:24:20.960+0600][23.464s][info][gc,stats    ] Concurrent Update Refs            50377 us
[2026-04-03T02:24:20.960+0600][23.464s][info][gc,stats    ] Concurrent Update Thread Roots     1531 us
[2026-04-03T02:24:20.960+0600][23.464s][info][gc,stats    ] Pause Final Update Refs (G)         596 us
[2026-04-03T02:24:20.960+0600][23.464s][info][gc,stats    ] Pause Final Update Refs (N)         348 us
[2026-04-03T02:24:20.960+0600][23.464s][info][gc,stats    ]   Update Region States              120 us
[2026-04-03T02:24:20.960+0600][23.464s][info][gc,stats    ]   Trash Collection Set               15 us
[2026-04-03T02:24:20.960+0600][23.464s][info][gc,stats    ]   Rebuild Free Set                   72 us
[2026-04-03T02:24:20.960+0600][23.464s][info][gc,stats    ] Concurrent Cleanup                  852 us
[2026-04-03T02:24:20.960+0600][23.464s][info][gc,stats    ] 
[2026-04-03T02:24:20.960+0600][23.464s][info][gc,stats    ] Allocation pacing accrued:
[2026-04-03T02:24:20.960+0600][23.464s][info][gc,stats    ]       0 of   196 ms (  0.0%): <total>
[2026-04-03T02:24:20.960+0600][23.464s][info][gc,stats    ]       0 of   196 ms (  0.0%): <average total>
[2026-04-03T02:24:20.960+0600][23.464s][info][gc,stats    ] 
[2026-04-03T02:24:20.960+0600][23.464s][info][gc,metaspace] Metaspace: 122871K(124096K)->122928K(124096K) NonClass: 107074K(107648K)->107130K(107648K) Class: 15796K(16448K)->15797K(16448K)
[2026-04-03T02:24:20.960+0600][23.464s][info][gc,ergo     ] Pacer for Idle. Initial: 20480K, Alloc Tax Rate: 1.0x
[2026-04-03T02:24:23.601+0600][26.104s][info][gc          ] Trigger: Average GC time (235.70 ms) is above the time for average allocation rate (509 MB/s) to deplete free headroom (118M) (margin of error = 1.80)
[2026-04-03T02:24:23.601+0600][26.104s][info][gc,ergo     ] Free headroom: 168M (free) - 51200K (spike) - 0B (penalties) = 118M
[2026-04-03T02:24:23.602+0600][26.105s][info][gc,ergo     ] Free: 167M, Max: 256K regular, 167M humongous, Frag: 0% external, 0% internal; Reserve: 51200K, Max: 256K
[2026-04-03T02:24:23.602+0600][26.105s][info][gc,start    ] GC(11) Concurrent reset
[2026-04-03T02:24:23.602+0600][26.105s][info][gc,task     ] GC(11) Using 3 of 6 workers for concurrent reset
[2026-04-03T02:24:23.602+0600][26.105s][info][gc,ergo     ] GC(11) Pacer for Reset. Non-Taxable: 1000M
[2026-04-03T02:24:23.603+0600][26.106s][info][gc          ] GC(11) Concurrent reset 0.875ms
[2026-04-03T02:24:23.605+0600][26.109s][info][gc,start    ] GC(11) Pause Init Mark (unload classes)
[2026-04-03T02:24:23.605+0600][26.109s][info][gc,task     ] GC(11) Using 6 of 6 workers for init marking
[2026-04-03T02:24:23.605+0600][26.109s][info][gc,ergo     ] GC(11) Pacer for Mark. Expected Live: 81998K, Free: 165M, Non-Taxable: 16987K, Alloc Tax Rate: 0.6x
[2026-04-03T02:24:23.605+0600][26.109s][info][gc          ] GC(11) Pause Init Mark (unload classes) 0.146ms
[2026-04-03T02:24:23.606+0600][26.109s][info][gc,start    ] GC(11) Concurrent marking roots
[2026-04-03T02:24:23.606+0600][26.109s][info][gc,task     ] GC(11) Using 3 of 6 workers for concurrent marking roots
[2026-04-03T02:24:23.607+0600][26.111s][info][gc          ] GC(11) Concurrent marking roots 1.705ms
[2026-04-03T02:24:23.607+0600][26.111s][info][gc,start    ] GC(11) Concurrent marking (unload classes)
[2026-04-03T02:24:23.607+0600][26.111s][info][gc,task     ] GC(11) Using 3 of 6 workers for concurrent marking
[2026-04-03T02:24:23.695+0600][26.198s][info][gc          ] GC(11) Concurrent marking (unload classes) 87.201ms
[2026-04-03T02:24:23.695+0600][26.199s][info][gc,start    ] GC(11) Pause Final Mark (unload classes)
[2026-04-03T02:24:23.695+0600][26.199s][info][gc,task     ] GC(11) Using 6 of 6 workers for final marking
[2026-04-03T02:24:23.696+0600][26.199s][info][gc,ergo     ] GC(11) Adaptive CSet Selection. Target Free: 141M, Actual Free: 700M, Max CSet: 42666K, Min Garbage: 0B
[2026-04-03T02:24:23.696+0600][26.200s][info][gc,ergo     ] GC(11) Collectable Garbage: 650M (99%), Immediate: 511M (77%), CSet: 139M (21%)
[2026-04-03T02:24:23.696+0600][26.200s][info][gc,ergo     ] GC(11) Pacer for Evacuation. Used CSet: 143M, Free: 693M, Non-Taxable: 71021K, Alloc Tax Rate: 1.1x
[2026-04-03T02:24:23.696+0600][26.200s][info][gc          ] GC(11) Pause Final Mark (unload classes) 1.193ms
[2026-04-03T02:24:23.697+0600][26.200s][info][gc,start    ] GC(11) Concurrent thread roots
[2026-04-03T02:24:23.697+0600][26.200s][info][gc,task     ] GC(11) Using 3 of 6 workers for Concurrent thread roots
[2026-04-03T02:24:23.702+0600][26.205s][info][gc          ] GC(11) Concurrent thread roots 4.830ms
[2026-04-03T02:24:23.702+0600][26.205s][info][gc,start    ] GC(11) Concurrent weak references
[2026-04-03T02:24:23.702+0600][26.205s][info][gc,task     ] GC(11) Using 3 of 6 workers for concurrent weak references
[2026-04-03T02:24:23.705+0600][26.208s][info][gc,ref      ] GC(11) Encountered references: Soft: 3734, Weak: 15267, Final: 84, Phantom: 620
[2026-04-03T02:24:23.705+0600][26.208s][info][gc,ref      ] GC(11) Discovered  references: Soft: 0, Weak: 8629, Final: 48, Phantom: 615
[2026-04-03T02:24:23.705+0600][26.208s][info][gc,ref      ] GC(11) Enqueued    references: Soft: 0, Weak: 738, Final: 0, Phantom: 0
[2026-04-03T02:24:23.705+0600][26.208s][info][gc          ] GC(11) Concurrent weak references 2.881ms
[2026-04-03T02:24:23.705+0600][26.208s][info][gc,start    ] GC(11) Concurrent weak roots
[2026-04-03T02:24:23.705+0600][26.208s][info][gc,task     ] GC(11) Using 3 of 6 workers for concurrent weak root
[2026-04-03T02:24:23.719+0600][26.223s][info][gc          ] GC(11) Concurrent weak roots 14.367ms
[2026-04-03T02:24:23.719+0600][26.223s][info][gc,start    ] GC(11) Concurrent cleanup
[2026-04-03T02:24:23.721+0600][26.224s][info][gc          ] GC(11) Concurrent cleanup 776M->265M(829M) 1.677ms
[2026-04-03T02:24:23.721+0600][26.224s][info][gc,ergo     ] GC(11) Free: 680M, Max: 256K regular, 127M humongous, Frag: 82% external, 0% internal; Reserve: 50508K, Max: 256K
[2026-04-03T02:24:23.721+0600][26.224s][info][gc,start    ] GC(11) Concurrent class unloading
[2026-04-03T02:24:23.721+0600][26.224s][info][gc,task     ] GC(11) Using 3 of 6 workers for concurrent class unloading
[2026-04-03T02:24:23.798+0600][26.301s][info][gc          ] GC(11) Concurrent class unloading 76.624ms
[2026-04-03T02:24:23.798+0600][26.301s][info][gc,start    ] GC(11) Concurrent strong roots
[2026-04-03T02:24:23.798+0600][26.301s][info][gc,task     ] GC(11) Using 3 of 6 workers for concurrent strong root
[2026-04-03T02:24:23.800+0600][26.304s][info][gc          ] GC(11) Concurrent strong roots 2.254ms
[2026-04-03T02:24:23.800+0600][26.304s][info][gc,start    ] GC(11) Concurrent evacuation
[2026-04-03T02:24:23.800+0600][26.304s][info][gc,task     ] GC(11) Using 3 of 6 workers for concurrent evacuation
[2026-04-03T02:24:23.812+0600][26.316s][info][gc          ] GC(11) Concurrent evacuation 11.936ms
[2026-04-03T02:24:23.816+0600][26.319s][info][gc,start    ] GC(11) Pause Init Update Refs
[2026-04-03T02:24:23.816+0600][26.319s][info][gc,ergo     ] GC(11) Pacer for Update Refs. Used: 304M, Free: 645M, Non-Taxable: 66099K, Alloc Tax Rate: 1.1x
[2026-04-03T02:24:23.816+0600][26.319s][info][gc          ] GC(11) Pause Init Update Refs 0.192ms
[2026-04-03T02:24:23.820+0600][26.323s][info][gc,start    ] GC(11) Concurrent update references
[2026-04-03T02:24:23.820+0600][26.323s][info][gc,task     ] GC(11) Using 3 of 6 workers for concurrent reference update
[2026-04-03T02:24:23.878+0600][26.382s][info][gc          ] GC(11) Concurrent update references 58.561ms
[2026-04-03T02:24:23.878+0600][26.382s][info][gc,start    ] GC(11) Concurrent update thread roots
[2026-04-03T02:24:23.881+0600][26.384s][info][gc          ] GC(11) Concurrent update thread roots 2.018ms
[2026-04-03T02:24:23.881+0600][26.384s][info][gc,start    ] GC(11) Pause Final Update Refs
[2026-04-03T02:24:23.881+0600][26.384s][info][gc,task     ] GC(11) Using 6 of 6 workers for final reference update
[2026-04-03T02:24:23.881+0600][26.384s][info][gc          ] GC(11) Pause Final Update Refs 0.268ms
[2026-04-03T02:24:23.881+0600][26.385s][info][gc,start    ] GC(11) Concurrent cleanup
[2026-04-03T02:24:23.882+0600][26.385s][info][gc          ] GC(11) Concurrent cleanup 328M->184M(829M) 0.949ms
[2026-04-03T02:24:23.882+0600][26.386s][info][gc,ergo     ] Free: 758M, Max: 256K regular, 258M humongous, Frag: 66% external, 0% internal; Reserve: 51200K, Max: 256K
[2026-04-03T02:24:23.882+0600][26.386s][info][gc,stats    ] 
[2026-04-03T02:24:23.882+0600][26.386s][info][gc,stats    ] All times are wall-clock times, except per-root-class counters, that are sum over
[2026-04-03T02:24:23.882+0600][26.386s][info][gc,stats    ] all workers. Dividing the <total> over the root stage time estimates parallelism.
[2026-04-03T02:24:23.882+0600][26.386s][info][gc,stats    ] 
[2026-04-03T02:24:23.882+0600][26.386s][info][gc,stats    ] Concurrent Reset                    930 us
[2026-04-03T02:24:23.882+0600][26.386s][info][gc,stats    ] Pause Init Mark (G)                2758 us
[2026-04-03T02:24:23.882+0600][26.386s][info][gc,stats    ] Pause Init Mark (N)                 160 us
[2026-04-03T02:24:23.882+0600][26.386s][info][gc,stats    ]   Update Region States               42 us
[2026-04-03T02:24:23.882+0600][26.386s][info][gc,stats    ] Concurrent Mark Roots              1804 us, parallelism: 2.04x
[2026-04-03T02:24:23.882+0600][26.386s][info][gc,stats    ]   CMR: <total>                     3675 us
[2026-04-03T02:24:23.883+0600][26.386s][info][gc,stats    ]   CMR: Thread Roots                3114 us, workers (us): 1229, 713, 1172, ---, ---, ---, 
[2026-04-03T02:24:23.883+0600][26.386s][info][gc,stats    ]   CMR: VM Strong Roots               95 us, workers (us):  62,  32,   0, ---, ---, ---, 
[2026-04-03T02:24:23.883+0600][26.386s][info][gc,stats    ]   CMR: CLDG Roots                   467 us, workers (us): ---, 467, ---, ---, ---, ---, 
[2026-04-03T02:24:23.883+0600][26.386s][info][gc,stats    ] Concurrent Marking                87366 us
[2026-04-03T02:24:23.883+0600][26.386s][info][gc,stats    ] Pause Final Mark (G)               2200 us
[2026-04-03T02:24:23.883+0600][26.386s][info][gc,stats    ] Pause Final Mark (N)               1211 us
[2026-04-03T02:24:23.883+0600][26.386s][info][gc,stats    ]   Finish Mark                       453 us
[2026-04-03T02:24:23.883+0600][26.386s][info][gc,stats    ]   Update Region States              110 us
[2026-04-03T02:24:23.883+0600][26.386s][info][gc,stats    ]   Choose Collection Set             430 us
[2026-04-03T02:24:23.883+0600][26.386s][info][gc,stats    ]   Rebuild Free Set                   58 us
[2026-04-03T02:24:23.883+0600][26.386s][info][gc,stats    ] Concurrent Thread Roots            4935 us, parallelism: 1.91x
[2026-04-03T02:24:23.883+0600][26.386s][info][gc,stats    ]   CTR: <total>                     9403 us
[2026-04-03T02:24:23.883+0600][26.386s][info][gc,stats    ]   CTR: Thread Roots                9403 us, workers (us): 4635, 2415, 2353, ---, ---, ---, 
[2026-04-03T02:24:23.883+0600][26.386s][info][gc,stats    ] Concurrent Weak References         2902 us, parallelism: 1.20x
[2026-04-03T02:24:23.883+0600][26.386s][info][gc,stats    ]   CWRF: <total>                    3468 us
[2026-04-03T02:24:23.883+0600][26.386s][info][gc,stats    ]   CWRF: Weak References            3468 us, workers (us): 2455, 1011,   2, ---, ---, ---, 
[2026-04-03T02:24:23.883+0600][26.386s][info][gc,stats    ] Concurrent Weak Roots             14467 us
[2026-04-03T02:24:23.883+0600][26.386s][info][gc,stats    ]   Roots                           12136 us, parallelism: 2.43x
[2026-04-03T02:24:23.883+0600][26.386s][info][gc,stats    ]     CWR: <total>                  29481 us
[2026-04-03T02:24:23.883+0600][26.386s][info][gc,stats    ]     CWR: Code Cache Roots          9943 us, workers (us): 3452, 6490,   1, ---, ---, ---, 
[2026-04-03T02:24:23.883+0600][26.386s][info][gc,stats    ]     CWR: VM Weak Roots            19207 us, workers (us): 6690, 3287, 9230, ---, ---, ---, 
[2026-04-03T02:24:23.883+0600][26.386s][info][gc,stats    ]     CWR: CLDG Roots                 330 us, workers (us): ---, 330, ---, ---, ---, ---, 
[2026-04-03T02:24:23.883+0600][26.386s][info][gc,stats    ]   Rendezvous                       2192 us
[2026-04-03T02:24:23.883+0600][26.386s][info][gc,stats    ] Concurrent Cleanup                 1748 us
[2026-04-03T02:24:23.883+0600][26.386s][info][gc,stats    ] Concurrent Class Unloading        76775 us
[2026-04-03T02:24:23.883+0600][26.386s][info][gc,stats    ]   Unlink Stale                    53101 us
[2026-04-03T02:24:23.883+0600][26.386s][info][gc,stats    ]     System Dictionary              1051 us
[2026-04-03T02:24:23.883+0600][26.386s][info][gc,stats    ]     Weak Class Links              33744 us
[2026-04-03T02:24:23.883+0600][26.386s][info][gc,stats    ]     Code Roots                    18298 us
[2026-04-03T02:24:23.883+0600][26.386s][info][gc,stats    ]   Rendezvous                        612 us
[2026-04-03T02:24:23.883+0600][26.386s][info][gc,stats    ]   Purge Unlinked                  22858 us
[2026-04-03T02:24:23.883+0600][26.386s][info][gc,stats    ]     Code Roots                    22068 us
[2026-04-03T02:24:23.883+0600][26.386s][info][gc,stats    ]     CLDG                            787 us
[2026-04-03T02:24:23.883+0600][26.386s][info][gc,stats    ]     Exception Caches                  0 us
[2026-04-03T02:24:23.883+0600][26.386s][info][gc,stats    ] Concurrent Strong Roots            2356 us, parallelism: 0.75x
[2026-04-03T02:24:23.883+0600][26.386s][info][gc,stats    ]   CSR: <total>                     1775 us
[2026-04-03T02:24:23.883+0600][26.386s][info][gc,stats    ]   CSR: VM Strong Roots              122 us, workers (us): 120,   1,   1, ---, ---, ---, 
[2026-04-03T02:24:23.883+0600][26.386s][info][gc,stats    ]   CSR: CLDG Roots                  1653 us, workers (us): 1653, ---, ---, ---, ---, ---, 
[2026-04-03T02:24:23.883+0600][26.386s][info][gc,stats    ] Concurrent Evacuation             12087 us
[2026-04-03T02:24:23.883+0600][26.386s][info][gc,stats    ] Pause Init Update Refs (G)         7394 us
[2026-04-03T02:24:23.883+0600][26.386s][info][gc,stats    ] Pause Init Update Refs (N)          239 us
[2026-04-03T02:24:23.883+0600][26.386s][info][gc,stats    ]   Manage GCLABs                      38 us
[2026-04-03T02:24:23.883+0600][26.386s][info][gc,stats    ] Concurrent Update Refs            58658 us
[2026-04-03T02:24:23.883+0600][26.386s][info][gc,stats    ] Concurrent Update Thread Roots     2101 us
[2026-04-03T02:24:23.883+0600][26.386s][info][gc,stats    ] Pause Final Update Refs (G)         628 us
[2026-04-03T02:24:23.883+0600][26.386s][info][gc,stats    ] Pause Final Update Refs (N)         287 us
[2026-04-03T02:24:23.883+0600][26.386s][info][gc,stats    ]   Update Region States               91 us
[2026-04-03T02:24:23.883+0600][26.386s][info][gc,stats    ]   Trash Collection Set               29 us
[2026-04-03T02:24:23.883+0600][26.386s][info][gc,stats    ]   Rebuild Free Set                   65 us
[2026-04-03T02:24:23.883+0600][26.386s][info][gc,stats    ] Concurrent Cleanup                  999 us
[2026-04-03T02:24:23.883+0600][26.386s][info][gc,stats    ] 
[2026-04-03T02:24:23.883+0600][26.386s][info][gc,stats    ] Allocation pacing accrued:
[2026-04-03T02:24:23.883+0600][26.386s][info][gc,stats    ]       0 of  2923 ms (  0.0%): <total>
[2026-04-03T02:24:23.883+0600][26.387s][info][gc,stats    ]       0 of  2923 ms (  0.0%): <average total>
[2026-04-03T02:24:23.883+0600][26.387s][info][gc,stats    ] 
[2026-04-03T02:24:23.883+0600][26.387s][info][gc,metaspace] Metaspace: 127657K(128960K)->127474K(129152K) NonClass: 111326K(112064K)->111218K(112192K) Class: 16330K(16896K)->16255K(16960K)
[2026-04-03T02:24:23.883+0600][26.387s][info][gc,ergo     ] Pacer for Idle. Initial: 20480K, Alloc Tax Rate: 1.0x
[2026-04-03T02:24:24.931+0600][27.434s][info][gc          ] Trigger: Average GC time (334.72 ms) is above the time for average allocation rate (443 MB/s) to deplete free headroom (148M) (margin of error = 1.81)
[2026-04-03T02:24:24.931+0600][27.434s][info][gc,ergo     ] Free headroom: 198M (free) - 51200K (spike) - 0B (penalties) = 148M
[2026-04-03T02:24:24.931+0600][27.434s][info][gc,ergo     ] Free: 198M, Max: 256K regular, 124M humongous, Frag: 38% external, 1% internal; Reserve: 51200K, Max: 256K
[2026-04-03T02:24:24.931+0600][27.434s][info][gc,start    ] GC(12) Concurrent reset
[2026-04-03T02:24:24.931+0600][27.434s][info][gc,task     ] GC(12) Using 3 of 6 workers for concurrent reset
[2026-04-03T02:24:24.931+0600][27.434s][info][gc,ergo     ] GC(12) Pacer for Reset. Non-Taxable: 1000M
[2026-04-03T02:24:24.933+0600][27.436s][info][gc          ] GC(12) Concurrent reset 1.894ms
[2026-04-03T02:24:24.933+0600][27.437s][info][gc,start    ] GC(12) Pause Init Mark (unload classes)
[2026-04-03T02:24:24.933+0600][27.437s][info][gc,task     ] GC(12) Using 6 of 6 workers for init marking
[2026-04-03T02:24:24.933+0600][27.437s][info][gc,ergo     ] GC(12) Pacer for Mark. Expected Live: 84118K, Free: 197M, Non-Taxable: 20259K, Alloc Tax Rate: 0.5x
[2026-04-03T02:24:24.933+0600][27.437s][info][gc          ] GC(12) Pause Init Mark (unload classes) 0.122ms
[2026-04-03T02:24:24.933+0600][27.437s][info][gc,start    ] GC(12) Concurrent marking roots
[2026-04-03T02:24:24.933+0600][27.437s][info][gc,task     ] GC(12) Using 3 of 6 workers for concurrent marking roots
[2026-04-03T02:24:24.935+0600][27.438s][info][gc          ] GC(12) Concurrent marking roots 1.734ms
[2026-04-03T02:24:24.935+0600][27.439s][info][gc,start    ] GC(12) Concurrent marking (unload classes)
[2026-04-03T02:24:24.935+0600][27.439s][info][gc,task     ] GC(12) Using 3 of 6 workers for concurrent marking
[2026-04-03T02:24:24.977+0600][27.481s][info][gc          ] GC(12) Concurrent marking (unload classes) 42.006ms
[2026-04-03T02:24:24.977+0600][27.481s][info][gc,start    ] GC(12) Pause Final Mark (unload classes)
[2026-04-03T02:24:24.977+0600][27.481s][info][gc,task     ] GC(12) Using 6 of 6 workers for final marking
[2026-04-03T02:24:24.978+0600][27.481s][info][gc,ergo     ] GC(12) Adaptive CSet Selection. Target Free: 141M, Actual Free: 752M, Max CSet: 42666K, Min Garbage: 0B
[2026-04-03T02:24:24.978+0600][27.481s][info][gc,ergo     ] GC(12) Collectable Garbage: 628M (99%), Immediate: 515M (81%), CSet: 112M (17%)
[2026-04-03T02:24:24.978+0600][27.482s][info][gc,ergo     ] GC(12) Pacer for Evacuation. Used CSet: 116M, Free: 740M, Non-Taxable: 75812K, Alloc Tax Rate: 1.1x
[2026-04-03T02:24:24.978+0600][27.482s][info][gc          ] GC(12) Pause Final Mark (unload classes) 0.830ms
[2026-04-03T02:24:24.978+0600][27.482s][info][gc,start    ] GC(12) Concurrent thread roots
[2026-04-03T02:24:24.978+0600][27.482s][info][gc,task     ] GC(12) Using 3 of 6 workers for Concurrent thread roots
[2026-04-03T02:24:24.980+0600][27.483s][info][gc          ] GC(12) Concurrent thread roots 1.176ms
[2026-04-03T02:24:24.980+0600][27.483s][info][gc,start    ] GC(12) Concurrent weak references
[2026-04-03T02:24:24.980+0600][27.483s][info][gc,task     ] GC(12) Using 3 of 6 workers for concurrent weak references
[2026-04-03T02:24:24.981+0600][27.484s][info][gc,ref      ] GC(12) Encountered references: Soft: 3743, Weak: 15810, Final: 84, Phantom: 620
[2026-04-03T02:24:24.981+0600][27.484s][info][gc,ref      ] GC(12) Discovered  references: Soft: 0, Weak: 9220, Final: 64, Phantom: 616
[2026-04-03T02:24:24.981+0600][27.484s][info][gc,ref      ] GC(12) Enqueued    references: Soft: 0, Weak: 1705, Final: 0, Phantom: 0
[2026-04-03T02:24:24.981+0600][27.484s][info][gc          ] GC(12) Concurrent weak references 1.141ms
[2026-04-03T02:24:24.981+0600][27.484s][info][gc,start    ] GC(12) Concurrent weak roots
[2026-04-03T02:24:24.981+0600][27.484s][info][gc,task     ] GC(12) Using 3 of 6 workers for concurrent weak root
[2026-04-03T02:24:24.985+0600][27.488s][info][gc          ] GC(12) Concurrent weak roots 3.965ms
[2026-04-03T02:24:24.985+0600][27.488s][info][gc,start    ] GC(12) Concurrent cleanup
[2026-04-03T02:24:24.986+0600][27.489s][info][gc          ] GC(12) Concurrent cleanup 725M->209M(829M) 0.750ms
[2026-04-03T02:24:24.986+0600][27.489s][info][gc,ergo     ] GC(12) Free: 737M, Max: 256K regular, 125M humongous, Frag: 83% external, 0% internal; Reserve: 50813K, Max: 256K
[2026-04-03T02:24:24.986+0600][27.489s][info][gc,start    ] GC(12) Concurrent class unloading
[2026-04-03T02:24:24.986+0600][27.489s][info][gc,task     ] GC(12) Using 3 of 6 workers for concurrent class unloading
[2026-04-03T02:24:25.006+0600][27.509s][info][gc          ] GC(12) Concurrent class unloading 19.891ms
[2026-04-03T02:24:25.006+0600][27.509s][info][gc,start    ] GC(12) Concurrent strong roots
[2026-04-03T02:24:25.006+0600][27.509s][info][gc,task     ] GC(12) Using 3 of 6 workers for concurrent strong root
[2026-04-03T02:24:25.007+0600][27.511s][info][gc          ] GC(12) Concurrent strong roots 1.772ms
[2026-04-03T02:24:25.008+0600][27.511s][info][gc,start    ] GC(12) Concurrent evacuation
[2026-04-03T02:24:25.008+0600][27.511s][info][gc,task     ] GC(12) Using 3 of 6 workers for concurrent evacuation
[2026-04-03T02:24:25.011+0600][27.514s][info][gc          ] GC(12) Concurrent evacuation 3.611ms
[2026-04-03T02:24:25.011+0600][27.515s][info][gc,start    ] GC(12) Pause Init Update Refs
[2026-04-03T02:24:25.012+0600][27.515s][info][gc,ergo     ] GC(12) Pacer for Update Refs. Used: 224M, Free: 727M, Non-Taxable: 74469K, Alloc Tax Rate: 1.1x
[2026-04-03T02:24:25.012+0600][27.515s][info][gc          ] GC(12) Pause Init Update Refs 0.161ms
[2026-04-03T02:24:25.012+0600][27.515s][info][gc,start    ] GC(12) Concurrent update references
[2026-04-03T02:24:25.012+0600][27.515s][info][gc,task     ] GC(12) Using 3 of 6 workers for concurrent reference update
[2026-04-03T02:24:25.047+0600][27.550s][info][gc          ] GC(12) Concurrent update references 34.975ms
[2026-04-03T02:24:25.047+0600][27.550s][info][gc,start    ] GC(12) Concurrent update thread roots
[2026-04-03T02:24:25.049+0600][27.552s][info][gc          ] GC(12) Concurrent update thread roots 1.617ms
[2026-04-03T02:24:25.049+0600][27.552s][info][gc,start    ] GC(12) Pause Final Update Refs
[2026-04-03T02:24:25.049+0600][27.552s][info][gc,task     ] GC(12) Using 6 of 6 workers for final reference update
[2026-04-03T02:24:25.049+0600][27.552s][info][gc          ] GC(12) Pause Final Update Refs 0.224ms
[2026-04-03T02:24:25.049+0600][27.553s][info][gc,start    ] GC(12) Concurrent cleanup
[2026-04-03T02:24:25.050+0600][27.553s][info][gc          ] GC(12) Concurrent cleanup 236M->119M(830M) 0.827ms
[2026-04-03T02:24:25.050+0600][27.554s][info][gc,ergo     ] Free: 828M, Max: 256K regular, 258M humongous, Frag: 69% external, 1% internal; Reserve: 51200K, Max: 256K
[2026-04-03T02:24:25.050+0600][27.554s][info][gc,stats    ] 
[2026-04-03T02:24:25.050+0600][27.554s][info][gc,stats    ] All times are wall-clock times, except per-root-class counters, that are sum over
[2026-04-03T02:24:25.050+0600][27.554s][info][gc,stats    ] all workers. Dividing the <total> over the root stage time estimates parallelism.
[2026-04-03T02:24:25.050+0600][27.554s][info][gc,stats    ] 
[2026-04-03T02:24:25.050+0600][27.554s][info][gc,stats    ] Concurrent Reset                   1947 us
[2026-04-03T02:24:25.050+0600][27.554s][info][gc,stats    ] Pause Init Mark (G)                 426 us
[2026-04-03T02:24:25.050+0600][27.554s][info][gc,stats    ] Pause Init Mark (N)                 132 us
[2026-04-03T02:24:25.050+0600][27.554s][info][gc,stats    ]   Update Region States               30 us
[2026-04-03T02:24:25.050+0600][27.554s][info][gc,stats    ] Concurrent Mark Roots              1772 us, parallelism: 2.16x
[2026-04-03T02:24:25.050+0600][27.554s][info][gc,stats    ]   CMR: <total>                     3822 us
[2026-04-03T02:24:25.050+0600][27.554s][info][gc,stats    ]   CMR: Thread Roots                3121 us, workers (us): 1074, 906, 1141, ---, ---, ---, 
[2026-04-03T02:24:25.050+0600][27.554s][info][gc,stats    ]   CMR: VM Strong Roots              407 us, workers (us): 197,  97, 113, ---, ---, ---, 
[2026-04-03T02:24:25.050+0600][27.554s][info][gc,stats    ]   CMR: CLDG Roots                   294 us, workers (us): ---, 294, ---, ---, ---, ---, 
[2026-04-03T02:24:25.050+0600][27.554s][info][gc,stats    ] Concurrent Marking                42088 us
[2026-04-03T02:24:25.050+0600][27.554s][info][gc,stats    ] Pause Final Mark (G)               1075 us
[2026-04-03T02:24:25.050+0600][27.554s][info][gc,stats    ] Pause Final Mark (N)                845 us
[2026-04-03T02:24:25.050+0600][27.554s][info][gc,stats    ]   Finish Mark                       295 us
[2026-04-03T02:24:25.050+0600][27.554s][info][gc,stats    ]   Update Region States               78 us
[2026-04-03T02:24:25.050+0600][27.554s][info][gc,stats    ]   Choose Collection Set             297 us
[2026-04-03T02:24:25.050+0600][27.554s][info][gc,stats    ]   Rebuild Free Set                   46 us
[2026-04-03T02:24:25.050+0600][27.554s][info][gc,stats    ] Concurrent Thread Roots            1217 us, parallelism: 2.43x
[2026-04-03T02:24:25.050+0600][27.554s][info][gc,stats    ]   CTR: <total>                     2956 us
[2026-04-03T02:24:25.050+0600][27.554s][info][gc,stats    ]   CTR: Thread Roots                2956 us, workers (us): 1002, 1015, 939, ---, ---, ---, 
[2026-04-03T02:24:25.050+0600][27.554s][info][gc,stats    ] Concurrent Weak References         1155 us, parallelism: 1.06x
[2026-04-03T02:24:25.050+0600][27.554s][info][gc,stats    ]   CWRF: <total>                    1229 us
[2026-04-03T02:24:25.050+0600][27.554s][info][gc,stats    ]   CWRF: Weak References            1229 us, workers (us): 319, 846,  64, ---, ---, ---, 
[2026-04-03T02:24:25.050+0600][27.554s][info][gc,stats    ] Concurrent Weak Roots              4063 us
[2026-04-03T02:24:25.050+0600][27.554s][info][gc,stats    ]   Roots                            3565 us, parallelism: 2.63x
[2026-04-03T02:24:25.050+0600][27.554s][info][gc,stats    ]     CWR: <total>                   9372 us
[2026-04-03T02:24:25.050+0600][27.554s][info][gc,stats    ]     CWR: Code Cache Roots          7145 us, workers (us): 2387, 2460, 2298, ---, ---, ---, 
[2026-04-03T02:24:25.050+0600][27.554s][info][gc,stats    ]     CWR: VM Weak Roots             2095 us, workers (us): 731, 682, 682, ---, ---, ---, 
[2026-04-03T02:24:25.050+0600][27.554s][info][gc,stats    ]     CWR: CLDG Roots                 132 us, workers (us): ---, ---, 132, ---, ---, ---, 
[2026-04-03T02:24:25.050+0600][27.554s][info][gc,stats    ]   Rendezvous                        369 us
[2026-04-03T02:24:25.050+0600][27.554s][info][gc,stats    ] Concurrent Cleanup                  786 us
[2026-04-03T02:24:25.050+0600][27.554s][info][gc,stats    ] Concurrent Class Unloading        19988 us
[2026-04-03T02:24:25.050+0600][27.554s][info][gc,stats    ]   Unlink Stale                    12622 us
[2026-04-03T02:24:25.051+0600][27.554s][info][gc,stats    ]     System Dictionary               309 us
[2026-04-03T02:24:25.051+0600][27.554s][info][gc,stats    ]     Weak Class Links                  0 us
[2026-04-03T02:24:25.051+0600][27.554s][info][gc,stats    ]     Code Roots                    12308 us
[2026-04-03T02:24:25.051+0600][27.554s][info][gc,stats    ]   Rendezvous                        425 us
[2026-04-03T02:24:25.051+0600][27.554s][info][gc,stats    ]   Purge Unlinked                   6761 us
[2026-04-03T02:24:25.051+0600][27.554s][info][gc,stats    ]     Code Roots                     6730 us
[2026-04-03T02:24:25.051+0600][27.554s][info][gc,stats    ]     CLDG                             29 us
[2026-04-03T02:24:25.051+0600][27.554s][info][gc,stats    ]     Exception Caches                  1 us
[2026-04-03T02:24:25.051+0600][27.554s][info][gc,stats    ] Concurrent Strong Roots            1832 us, parallelism: 0.77x
[2026-04-03T02:24:25.051+0600][27.554s][info][gc,stats    ]   CSR: <total>                     1413 us
[2026-04-03T02:24:25.051+0600][27.554s][info][gc,stats    ]   CSR: VM Strong Roots               89 us, workers (us):  51,  37,   1, ---, ---, ---, 
[2026-04-03T02:24:25.051+0600][27.554s][info][gc,stats    ]   CSR: CLDG Roots                  1324 us, workers (us): ---, 1324, ---, ---, ---, ---, 
[2026-04-03T02:24:25.051+0600][27.554s][info][gc,stats    ] Concurrent Evacuation              3686 us
[2026-04-03T02:24:25.051+0600][27.554s][info][gc,stats    ] Pause Init Update Refs (G)          645 us
[2026-04-03T02:24:25.051+0600][27.554s][info][gc,stats    ] Pause Init Update Refs (N)          178 us
[2026-04-03T02:24:25.051+0600][27.554s][info][gc,stats    ]   Manage GCLABs                      52 us
[2026-04-03T02:24:25.051+0600][27.554s][info][gc,stats    ] Concurrent Update Refs            35036 us
[2026-04-03T02:24:25.051+0600][27.554s][info][gc,stats    ] Concurrent Update Thread Roots     1672 us
[2026-04-03T02:24:25.051+0600][27.554s][info][gc,stats    ] Pause Final Update Refs (G)         755 us
[2026-04-03T02:24:25.051+0600][27.554s][info][gc,stats    ] Pause Final Update Refs (N)         241 us
[2026-04-03T02:24:25.051+0600][27.554s][info][gc,stats    ]   Update Region States               70 us
[2026-04-03T02:24:25.051+0600][27.554s][info][gc,stats    ]   Trash Collection Set               22 us
[2026-04-03T02:24:25.051+0600][27.554s][info][gc,stats    ]   Rebuild Free Set                   49 us
[2026-04-03T02:24:25.051+0600][27.554s][info][gc,stats    ] Concurrent Cleanup                  848 us
[2026-04-03T02:24:25.051+0600][27.554s][info][gc,stats    ] 
[2026-04-03T02:24:25.051+0600][27.554s][info][gc,stats    ] Allocation pacing accrued:
[2026-04-03T02:24:25.051+0600][27.554s][info][gc,stats    ]       0 of  1167 ms (  0.0%): <total>
[2026-04-03T02:24:25.051+0600][27.554s][info][gc,stats    ]       0 of  1167 ms (  0.0%): <average total>
[2026-04-03T02:24:25.051+0600][27.554s][info][gc,stats    ] 
[2026-04-03T02:24:25.051+0600][27.554s][info][gc,metaspace] Metaspace: 128171K(129408K)->128243K(129472K) NonClass: 111852K(112448K)->111923K(112512K) Class: 16319K(16960K)->16320K(16960K)
[2026-04-03T02:24:25.051+0600][27.554s][info][gc,ergo     ] Pacer for Idle. Initial: 20480K, Alloc Tax Rate: 1.0x
[2026-04-03T02:24:25.877+0600][28.380s][info][gc          ] Trigger: Average GC time (295.49 ms) is above the time for average allocation rate (735 MB/s) to deplete free headroom (215M) (margin of error = 1.81)
[2026-04-03T02:24:25.877+0600][28.380s][info][gc,ergo     ] Free headroom: 265M (free) - 51200K (spike) - 0B (penalties) = 215M
[2026-04-03T02:24:25.877+0600][28.380s][info][gc,ergo     ] Free: 265M, Max: 256K regular, 227M humongous, Frag: 14% external, 2% internal; Reserve: 51200K, Max: 256K
[2026-04-03T02:24:25.877+0600][28.380s][info][gc,start    ] GC(13) Concurrent reset
[2026-04-03T02:24:25.877+0600][28.380s][info][gc,task     ] GC(13) Using 3 of 6 workers for concurrent reset
[2026-04-03T02:24:25.877+0600][28.380s][info][gc,ergo     ] GC(13) Pacer for Reset. Non-Taxable: 1000M
[2026-04-03T02:24:25.882+0600][28.385s][info][gc          ] GC(13) Concurrent reset 4.945ms
[2026-04-03T02:24:25.883+0600][28.386s][info][gc,start    ] GC(13) Pause Init Mark (unload classes)
[2026-04-03T02:24:25.883+0600][28.386s][info][gc,task     ] GC(13) Using 6 of 6 workers for init marking
[2026-04-03T02:24:25.883+0600][28.386s][info][gc,ergo     ] GC(13) Pacer for Mark. Expected Live: 82238K, Free: 262M, Non-Taxable: 26906K, Alloc Tax Rate: 0.4x
[2026-04-03T02:24:25.883+0600][28.386s][info][gc          ] GC(13) Pause Init Mark (unload classes) 0.250ms
[2026-04-03T02:24:25.883+0600][28.386s][info][gc,start    ] GC(13) Concurrent marking roots
[2026-04-03T02:24:25.883+0600][28.386s][info][gc,task     ] GC(13) Using 3 of 6 workers for concurrent marking roots
[2026-04-03T02:24:25.889+0600][28.393s][info][gc          ] GC(13) Concurrent marking roots 6.135ms
[2026-04-03T02:24:25.889+0600][28.393s][info][gc,start    ] GC(13) Concurrent marking (unload classes)
[2026-04-03T02:24:25.889+0600][28.393s][info][gc,task     ] GC(13) Using 3 of 6 workers for concurrent marking
[2026-04-03T02:24:25.987+0600][28.490s][info][gc          ] GC(13) Concurrent marking (unload classes) 97.546ms
[2026-04-03T02:24:25.987+0600][28.491s][info][gc,start    ] GC(13) Pause Final Mark (unload classes)
[2026-04-03T02:24:25.987+0600][28.491s][info][gc,task     ] GC(13) Using 6 of 6 workers for final marking
[2026-04-03T02:24:25.988+0600][28.491s][info][gc,ergo     ] GC(13) Adaptive CSet Selection. Target Free: 141M, Actual Free: 728M, Max CSet: 42666K, Min Garbage: 0B
[2026-04-03T02:24:25.988+0600][28.492s][info][gc,ergo     ] GC(13) Collectable Garbage: 563M (98%), Immediate: 463M (81%), CSet: 100M (17%)
[2026-04-03T02:24:25.988+0600][28.492s][info][gc,ergo     ] GC(13) Pacer for Evacuation. Used CSet: 105M, Free: 712M, Non-Taxable: 72934K, Alloc Tax Rate: 1.1x
[2026-04-03T02:24:25.988+0600][28.492s][info][gc          ] GC(13) Pause Final Mark (unload classes) 1.143ms
[2026-04-03T02:24:25.989+0600][28.492s][info][gc,start    ] GC(13) Concurrent thread roots
[2026-04-03T02:24:25.989+0600][28.492s][info][gc,task     ] GC(13) Using 3 of 6 workers for Concurrent thread roots
[2026-04-03T02:24:25.991+0600][28.494s][info][gc          ] GC(13) Concurrent thread roots 2.517ms
[2026-04-03T02:24:25.991+0600][28.494s][info][gc,start    ] GC(13) Concurrent weak references
[2026-04-03T02:24:25.991+0600][28.494s][info][gc,task     ] GC(13) Using 3 of 6 workers for concurrent weak references
[2026-04-03T02:24:25.993+0600][28.496s][info][gc,ref      ] GC(13) Encountered references: Soft: 3769, Weak: 15184, Final: 84, Phantom: 620
[2026-04-03T02:24:25.993+0600][28.496s][info][gc,ref      ] GC(13) Discovered  references: Soft: 0, Weak: 8839, Final: 84, Phantom: 588
[2026-04-03T02:24:25.993+0600][28.496s][info][gc,ref      ] GC(13) Enqueued    references: Soft: 0, Weak: 62, Final: 0, Phantom: 0
[2026-04-03T02:24:25.993+0600][28.496s][info][gc          ] GC(13) Concurrent weak references 1.830ms
[2026-04-03T02:24:25.993+0600][28.496s][info][gc,start    ] GC(13) Concurrent weak roots
[2026-04-03T02:24:25.993+0600][28.496s][info][gc,task     ] GC(13) Using 3 of 6 workers for concurrent weak root
[2026-04-03T02:24:26.003+0600][28.507s][info][gc          ] GC(13) Concurrent weak roots 10.194ms
[2026-04-03T02:24:26.003+0600][28.507s][info][gc,start    ] GC(13) Concurrent cleanup
[2026-04-03T02:24:26.005+0600][28.508s][info][gc          ] GC(13) Concurrent cleanup 702M->240M(830M) 1.736ms
[2026-04-03T02:24:26.005+0600][28.509s][info][gc,ergo     ] GC(13) Free: 703M, Max: 256K regular, 207M humongous, Frag: 71% external, 0% internal; Reserve: 50540K, Max: 256K
[2026-04-03T02:24:26.005+0600][28.509s][info][gc,start    ] GC(13) Concurrent class unloading
[2026-04-03T02:24:26.005+0600][28.509s][info][gc,task     ] GC(13) Using 3 of 6 workers for concurrent class unloading
[2026-04-03T02:24:26.032+0600][28.535s][info][gc          ] GC(13) Concurrent class unloading 26.353ms
[2026-04-03T02:24:26.032+0600][28.535s][info][gc,start    ] GC(13) Concurrent strong roots
[2026-04-03T02:24:26.032+0600][28.535s][info][gc,task     ] GC(13) Using 3 of 6 workers for concurrent strong root
[2026-04-03T02:24:26.033+0600][28.537s][info][gc          ] GC(13) Concurrent strong roots 1.550ms
[2026-04-03T02:24:26.034+0600][28.537s][info][gc,start    ] GC(13) Concurrent evacuation
[2026-04-03T02:24:26.034+0600][28.537s][info][gc,task     ] GC(13) Using 3 of 6 workers for concurrent evacuation
[2026-04-03T02:24:26.038+0600][28.541s][info][gc          ] GC(13) Concurrent evacuation 4.117ms
[2026-04-03T02:24:26.038+0600][28.541s][info][gc,start    ] GC(13) Pause Init Update Refs
[2026-04-03T02:24:26.038+0600][28.541s][info][gc,ergo     ] GC(13) Pacer for Update Refs. Used: 255M, Free: 693M, Non-Taxable: 70995K, Alloc Tax Rate: 1.1x
[2026-04-03T02:24:26.038+0600][28.541s][info][gc          ] GC(13) Pause Init Update Refs 0.220ms
[2026-04-03T02:24:26.038+0600][28.542s][info][gc,start    ] GC(13) Concurrent update references
[2026-04-03T02:24:26.038+0600][28.542s][info][gc,task     ] GC(13) Using 3 of 6 workers for concurrent reference update
[2026-04-03T02:24:26.101+0600][28.604s][info][gc          ] GC(13) Concurrent update references 62.865ms
[2026-04-03T02:24:26.101+0600][28.605s][info][gc,start    ] GC(13) Concurrent update thread roots
[2026-04-03T02:24:26.103+0600][28.607s][info][gc          ] GC(13) Concurrent update thread roots 1.999ms
[2026-04-03T02:24:26.104+0600][28.607s][info][gc,start    ] GC(13) Pause Final Update Refs
[2026-04-03T02:24:26.104+0600][28.607s][info][gc,task     ] GC(13) Using 6 of 6 workers for final reference update
[2026-04-03T02:24:26.104+0600][28.607s][info][gc          ] GC(13) Pause Final Update Refs 0.294ms
[2026-04-03T02:24:26.104+0600][28.607s][info][gc,start    ] GC(13) Concurrent cleanup
[2026-04-03T02:24:26.105+0600][28.608s][info][gc          ] GC(13) Concurrent cleanup 278M->172M(832M) 0.867ms
[2026-04-03T02:24:26.105+0600][28.608s][info][gc,ergo     ] Free: 769M, Max: 256K regular, 258M humongous, Frag: 67% external, 0% internal; Reserve: 51200K, Max: 256K
[2026-04-03T02:24:26.105+0600][28.608s][info][gc,stats    ] 
[2026-04-03T02:24:26.105+0600][28.608s][info][gc,stats    ] All times are wall-clock times, except per-root-class counters, that are sum over
[2026-04-03T02:24:26.105+0600][28.608s][info][gc,stats    ] all workers. Dividing the <total> over the root stage time estimates parallelism.
[2026-04-03T02:24:26.105+0600][28.608s][info][gc,stats    ] 
[2026-04-03T02:24:26.105+0600][28.608s][info][gc,stats    ] Concurrent Reset                   5041 us
[2026-04-03T02:24:26.105+0600][28.608s][info][gc,stats    ] Pause Init Mark (G)                1042 us
[2026-04-03T02:24:26.105+0600][28.608s][info][gc,stats    ] Pause Init Mark (N)                 262 us
[2026-04-03T02:24:26.105+0600][28.608s][info][gc,stats    ]   Update Region States               79 us
[2026-04-03T02:24:26.105+0600][28.608s][info][gc,stats    ] Concurrent Mark Roots              6283 us, parallelism: 1.90x
[2026-04-03T02:24:26.105+0600][28.608s][info][gc,stats    ]   CMR: <total>                    11942 us
[2026-04-03T02:24:26.105+0600][28.608s][info][gc,stats    ]   CMR: Thread Roots                8468 us, workers (us): 2063, 5353, 1052, ---, ---, ---, 
[2026-04-03T02:24:26.105+0600][28.608s][info][gc,stats    ]   CMR: VM Strong Roots               75 us, workers (us):  73,   0,   1, ---, ---, ---, 
[2026-04-03T02:24:26.105+0600][28.608s][info][gc,stats    ]   CMR: CLDG Roots                  3399 us, workers (us): 3399, ---, ---, ---, ---, ---, 
[2026-04-03T02:24:26.105+0600][28.608s][info][gc,stats    ] Concurrent Marking                97686 us
[2026-04-03T02:24:26.105+0600][28.608s][info][gc,stats    ] Pause Final Mark (G)               1525 us
[2026-04-03T02:24:26.105+0600][28.608s][info][gc,stats    ] Pause Final Mark (N)               1164 us
[2026-04-03T02:24:26.105+0600][28.608s][info][gc,stats    ]   Finish Mark                       289 us
[2026-04-03T02:24:26.105+0600][28.608s][info][gc,stats    ]   Update Region States              120 us
[2026-04-03T02:24:26.105+0600][28.608s][info][gc,stats    ]   Choose Collection Set             397 us
[2026-04-03T02:24:26.105+0600][28.608s][info][gc,stats    ]   Rebuild Free Set                   62 us
[2026-04-03T02:24:26.105+0600][28.608s][info][gc,stats    ] Concurrent Thread Roots            2609 us, parallelism: 2.67x
[2026-04-03T02:24:26.105+0600][28.608s][info][gc,stats    ]   CTR: <total>                     6955 us
[2026-04-03T02:24:26.105+0600][28.608s][info][gc,stats    ]   CTR: Thread Roots                6955 us, workers (us): 2302, 2375, 2278, ---, ---, ---, 
[2026-04-03T02:24:26.105+0600][28.609s][info][gc,stats    ] Concurrent Weak References         1854 us, parallelism: 1.43x
[2026-04-03T02:24:26.105+0600][28.609s][info][gc,stats    ]   CWRF: <total>                    2655 us
[2026-04-03T02:24:26.105+0600][28.609s][info][gc,stats    ]   CWRF: Weak References            2655 us, workers (us): 1523, 610, 523, ---, ---, ---, 
[2026-04-03T02:24:26.105+0600][28.609s][info][gc,stats    ] Concurrent Weak Roots             10305 us
[2026-04-03T02:24:26.105+0600][28.609s][info][gc,stats    ]   Roots                            5914 us, parallelism: 2.63x
[2026-04-03T02:24:26.105+0600][28.609s][info][gc,stats    ]     CWR: <total>                  15526 us
[2026-04-03T02:24:26.105+0600][28.609s][info][gc,stats    ]     CWR: Code Cache Roots         11317 us, workers (us): 3879, 3872, 3566, ---, ---, ---, 
[2026-04-03T02:24:26.105+0600][28.609s][info][gc,stats    ]     CWR: VM Weak Roots             3904 us, workers (us): 1594, 1305, 1004, ---, ---, ---, 
[2026-04-03T02:24:26.105+0600][28.609s][info][gc,stats    ]     CWR: CLDG Roots                 305 us, workers (us): ---, ---, 305, ---, ---, ---, 
[2026-04-03T02:24:26.105+0600][28.609s][info][gc,stats    ]   Rendezvous                       4234 us
[2026-04-03T02:24:26.105+0600][28.609s][info][gc,stats    ] Concurrent Cleanup                 1822 us
[2026-04-03T02:24:26.105+0600][28.609s][info][gc,stats    ] Concurrent Class Unloading        26459 us
[2026-04-03T02:24:26.105+0600][28.609s][info][gc,stats    ]   Unlink Stale                    17954 us
[2026-04-03T02:24:26.105+0600][28.609s][info][gc,stats    ]     System Dictionary               314 us
[2026-04-03T02:24:26.105+0600][28.609s][info][gc,stats    ]     Weak Class Links                  0 us
[2026-04-03T02:24:26.105+0600][28.609s][info][gc,stats    ]     Code Roots                    17633 us
[2026-04-03T02:24:26.105+0600][28.609s][info][gc,stats    ]   Rendezvous                        351 us
[2026-04-03T02:24:26.105+0600][28.609s][info][gc,stats    ]   Purge Unlinked                   7990 us
[2026-04-03T02:24:26.105+0600][28.609s][info][gc,stats    ]     Code Roots                     7961 us
[2026-04-03T02:24:26.105+0600][28.609s][info][gc,stats    ]     CLDG                             27 us
[2026-04-03T02:24:26.105+0600][28.609s][info][gc,stats    ]     Exception Caches                  1 us
[2026-04-03T02:24:26.106+0600][28.609s][info][gc,stats    ] Concurrent Strong Roots            1755 us, parallelism: 0.66x
[2026-04-03T02:24:26.106+0600][28.609s][info][gc,stats    ]   CSR: <total>                     1155 us
[2026-04-03T02:24:26.106+0600][28.609s][info][gc,stats    ]   CSR: VM Strong Roots               59 us, workers (us):  33,  26,   0, ---, ---, ---, 
[2026-04-03T02:24:26.106+0600][28.609s][info][gc,stats    ]   CSR: CLDG Roots                  1096 us, workers (us): ---, 1096, ---, ---, ---, ---, 
[2026-04-03T02:24:26.106+0600][28.609s][info][gc,stats    ] Concurrent Evacuation              4214 us
[2026-04-03T02:24:26.106+0600][28.609s][info][gc,stats    ] Pause Init Update Refs (G)          592 us
[2026-04-03T02:24:26.106+0600][28.609s][info][gc,stats    ] Pause Init Update Refs (N)          239 us
[2026-04-03T02:24:26.106+0600][28.609s][info][gc,stats    ]   Manage GCLABs                      60 us
[2026-04-03T02:24:26.106+0600][28.609s][info][gc,stats    ] Concurrent Update Refs            62977 us
[2026-04-03T02:24:26.106+0600][28.609s][info][gc,stats    ] Concurrent Update Thread Roots     2078 us
[2026-04-03T02:24:26.106+0600][28.609s][info][gc,stats    ] Pause Final Update Refs (G)         504 us
[2026-04-03T02:24:26.106+0600][28.609s][info][gc,stats    ] Pause Final Update Refs (N)         317 us
[2026-04-03T02:24:26.106+0600][28.609s][info][gc,stats    ]   Update Region States               78 us
[2026-04-03T02:24:26.106+0600][28.609s][info][gc,stats    ]   Trash Collection Set               27 us
[2026-04-03T02:24:26.106+0600][28.609s][info][gc,stats    ]   Rebuild Free Set                   65 us
[2026-04-03T02:24:26.106+0600][28.609s][info][gc,stats    ] Concurrent Cleanup                  892 us
[2026-04-03T02:24:26.106+0600][28.609s][info][gc,stats    ] Pacing                           164765 us
[2026-04-03T02:24:26.106+0600][28.609s][info][gc,stats    ] 
[2026-04-03T02:24:26.106+0600][28.609s][info][gc,stats    ] Allocation pacing accrued:
[2026-04-03T02:24:26.106+0600][28.609s][info][gc,stats    ]      29 of  1055 ms (  2.7%): Executor task launch worker for task 0.0 in stage 125.0 (TID 389)
[2026-04-03T02:24:26.106+0600][28.609s][info][gc,stats    ]      22 of  1055 ms (  2.1%): Executor task launch worker for task 2.0 in stage 125.0 (TID 391)
[2026-04-03T02:24:26.106+0600][28.609s][info][gc,stats    ]      11 of  1055 ms (  1.1%): Executor task launch worker for task 5.0 in stage 125.0 (TID 394)
[2026-04-03T02:24:26.106+0600][28.609s][info][gc,stats    ]      23 of  1055 ms (  2.2%): Executor task launch worker for task 1.0 in stage 125.0 (TID 390)
[2026-04-03T02:24:26.106+0600][28.609s][info][gc,stats    ]      23 of  1055 ms (  2.1%): Executor task launch worker for task 4.0 in stage 125.0 (TID 393)
[2026-04-03T02:24:26.106+0600][28.609s][info][gc,stats    ]      22 of  1055 ms (  2.0%): Executor task launch worker for task 3.0 in stage 125.0 (TID 392)
[2026-04-03T02:24:26.106+0600][28.609s][info][gc,stats    ]      24 of  1055 ms (  2.3%): task-result-getter-0
[2026-04-03T02:24:26.106+0600][28.609s][info][gc,stats    ]      11 of  1055 ms (  1.1%): task-result-getter-1
[2026-04-03T02:24:26.106+0600][28.609s][info][gc,stats    ]     165 of  1055 ms ( 15.6%): <total>
[2026-04-03T02:24:26.106+0600][28.609s][info][gc,stats    ]       1 of  1055 ms (  0.1%): <average total>
[2026-04-03T02:24:26.106+0600][28.609s][info][gc,stats    ]      21 of  1055 ms (  2.0%): <average non-zero>
[2026-04-03T02:24:26.106+0600][28.609s][info][gc,stats    ] 
[2026-04-03T02:24:26.106+0600][28.609s][info][gc,metaspace] Metaspace: 128595K(129792K)->128666K(129920K) NonClass: 112262K(112832K)->112333K(112960K) Class: 16332K(16960K)->16332K(16960K)
[2026-04-03T02:24:26.106+0600][28.609s][info][gc,ergo     ] Pacer for Idle. Initial: 20480K, Alloc Tax Rate: 1.0x
[2026-04-03T02:24:27.112+0600][29.616s][info][gc          ] Trigger: Average GC time (300.57 ms) is above the time for average allocation rate (665 MB/s) to deplete free headroom (179M) (margin of error = 1.81)
[2026-04-03T02:24:27.112+0600][29.616s][info][gc,ergo     ] Free headroom: 229M (free) - 51200K (spike) - 0B (penalties) = 179M
[2026-04-03T02:24:27.112+0600][29.616s][info][gc,ergo     ] Free: 228M, Max: 256K regular, 205M humongous, Frag: 11% external, 1% internal; Reserve: 51200K, Max: 256K
[2026-04-03T02:24:27.112+0600][29.616s][info][gc,start    ] GC(14) Concurrent reset
[2026-04-03T02:24:27.112+0600][29.616s][info][gc,task     ] GC(14) Using 3 of 6 workers for concurrent reset
[2026-04-03T02:24:27.112+0600][29.616s][info][gc,ergo     ] GC(14) Pacer for Reset. Non-Taxable: 1000M
[2026-04-03T02:24:27.114+0600][29.618s][info][gc          ] GC(14) Concurrent reset 2.087ms
[2026-04-03T02:24:27.115+0600][29.618s][info][gc,start    ] GC(14) Pause Init Mark (unload classes)
[2026-04-03T02:24:27.115+0600][29.618s][info][gc,task     ] GC(14) Using 6 of 6 workers for init marking
[2026-04-03T02:24:27.115+0600][29.618s][info][gc,ergo     ] GC(14) Pacer for Mark. Expected Live: 83492K, Free: 227M, Non-Taxable: 23309K, Alloc Tax Rate: 0.4x
[2026-04-03T02:24:27.115+0600][29.618s][info][gc          ] GC(14) Pause Init Mark (unload classes) 0.234ms
[2026-04-03T02:24:27.115+0600][29.619s][info][gc,start    ] GC(14) Concurrent marking roots
[2026-04-03T02:24:27.115+0600][29.619s][info][gc,task     ] GC(14) Using 3 of 6 workers for concurrent marking roots
[2026-04-03T02:24:27.118+0600][29.621s][info][gc          ] GC(14) Concurrent marking roots 2.496ms
[2026-04-03T02:24:27.118+0600][29.621s][info][gc,start    ] GC(14) Concurrent marking (unload classes)
[2026-04-03T02:24:27.118+0600][29.621s][info][gc,task     ] GC(14) Using 3 of 6 workers for concurrent marking
[2026-04-03T02:24:27.224+0600][29.727s][info][gc          ] GC(14) Concurrent marking (unload classes) 105.703ms
[2026-04-03T02:24:27.224+0600][29.727s][info][gc,start    ] GC(14) Pause Final Mark (unload classes)
[2026-04-03T02:24:27.224+0600][29.727s][info][gc,task     ] GC(14) Using 6 of 6 workers for final marking
[2026-04-03T02:24:27.224+0600][29.728s][info][gc,ergo     ] GC(14) Adaptive CSet Selection. Target Free: 141M, Actual Free: 641M, Max CSet: 42666K, Min Garbage: 0B
[2026-04-03T02:24:27.225+0600][29.728s][info][gc,ergo     ] GC(14) Collectable Garbage: 596M (98%), Immediate: 406M (67%), CSet: 190M (31%)
[2026-04-03T02:24:27.225+0600][29.729s][info][gc,ergo     ] GC(14) Pacer for Evacuation. Used CSet: 198M, Free: 623M, Non-Taxable: 63854K, Alloc Tax Rate: 1.1x
[2026-04-03T02:24:27.225+0600][29.729s][info][gc          ] GC(14) Pause Final Mark (unload classes) 1.421ms
[2026-04-03T02:24:27.225+0600][29.729s][info][gc,start    ] GC(14) Concurrent thread roots
[2026-04-03T02:24:27.225+0600][29.729s][info][gc,task     ] GC(14) Using 3 of 6 workers for Concurrent thread roots
[2026-04-03T02:24:27.229+0600][29.732s][info][gc          ] GC(14) Concurrent thread roots 3.486ms
[2026-04-03T02:24:27.229+0600][29.732s][info][gc,start    ] GC(14) Concurrent weak references
[2026-04-03T02:24:27.229+0600][29.732s][info][gc,task     ] GC(14) Using 3 of 6 workers for concurrent weak references
[2026-04-03T02:24:27.231+0600][29.734s][info][gc,ref      ] GC(14) Encountered references: Soft: 3841, Weak: 16419, Final: 84, Phantom: 621
[2026-04-03T02:24:27.231+0600][29.734s][info][gc,ref      ] GC(14) Discovered  references: Soft: 0, Weak: 10126, Final: 48, Phantom: 371
[2026-04-03T02:24:27.231+0600][29.734s][info][gc,ref      ] GC(14) Enqueued    references: Soft: 0, Weak: 1796, Final: 0, Phantom: 0
[2026-04-03T02:24:27.233+0600][29.737s][info][gc          ] GC(14) Concurrent weak references 4.540ms
[2026-04-03T02:24:27.234+0600][29.737s][info][gc,start    ] GC(14) Concurrent weak roots
[2026-04-03T02:24:27.234+0600][29.737s][info][gc,task     ] GC(14) Using 3 of 6 workers for concurrent weak root
[2026-04-03T02:24:27.248+0600][29.751s][info][gc          ] GC(14) Concurrent weak roots 14.528ms
[2026-04-03T02:24:27.249+0600][29.752s][info][gc,start    ] GC(14) Concurrent cleanup
[2026-04-03T02:24:27.250+0600][29.753s][info][gc          ] GC(14) Concurrent cleanup 749M->343M(832M) 1.484ms
[2026-04-03T02:24:27.250+0600][29.753s][info][gc,ergo     ] GC(14) Free: 602M, Max: 256K regular, 165M humongous, Frag: 73% external, 0% internal; Reserve: 50760K, Max: 256K
[2026-04-03T02:24:27.250+0600][29.753s][info][gc,start    ] GC(14) Concurrent class unloading
[2026-04-03T02:24:27.250+0600][29.753s][info][gc,task     ] GC(14) Using 3 of 6 workers for concurrent class unloading
[2026-04-03T02:24:27.332+0600][29.836s][info][gc          ] GC(14) Concurrent class unloading 82.316ms
[2026-04-03T02:24:27.333+0600][29.836s][info][gc,start    ] GC(14) Concurrent strong roots
[2026-04-03T02:24:27.333+0600][29.836s][info][gc,task     ] GC(14) Using 3 of 6 workers for concurrent strong root
[2026-04-03T02:24:27.334+0600][29.838s][info][gc          ] GC(14) Concurrent strong roots 1.664ms
[2026-04-03T02:24:27.334+0600][29.838s][info][gc,start    ] GC(14) Concurrent evacuation
[2026-04-03T02:24:27.334+0600][29.838s][info][gc,task     ] GC(14) Using 3 of 6 workers for concurrent evacuation
[2026-04-03T02:24:27.345+0600][29.849s][info][gc          ] GC(14) Concurrent evacuation 11.162ms
[2026-04-03T02:24:27.346+0600][29.850s][info][gc,start    ] GC(14) Pause Init Update Refs
[2026-04-03T02:24:27.347+0600][29.850s][info][gc,ergo     ] GC(14) Pacer for Update Refs. Used: 402M, Free: 551M, Non-Taxable: 56451K, Alloc Tax Rate: 1.1x
[2026-04-03T02:24:27.347+0600][29.850s][info][gc          ] GC(14) Pause Init Update Refs 0.281ms
[2026-04-03T02:24:27.347+0600][29.850s][info][gc,start    ] GC(14) Concurrent update references
[2026-04-03T02:24:27.347+0600][29.850s][info][gc,task     ] GC(14) Using 3 of 6 workers for concurrent reference update
[2026-04-03T02:24:27.408+0600][29.912s][info][gc          ] GC(14) Concurrent update references 61.259ms
[2026-04-03T02:24:27.408+0600][29.912s][info][gc,start    ] GC(14) Concurrent update thread roots
[2026-04-03T02:24:27.410+0600][29.914s][info][gc          ] GC(14) Concurrent update thread roots 1.994ms
[2026-04-03T02:24:27.411+0600][29.914s][info][gc,start    ] GC(14) Pause Final Update Refs
[2026-04-03T02:24:27.411+0600][29.914s][info][gc,task     ] GC(14) Using 6 of 6 workers for final reference update
[2026-04-03T02:24:27.411+0600][29.914s][info][gc          ] GC(14) Pause Final Update Refs 0.425ms
[2026-04-03T02:24:27.411+0600][29.914s][info][gc,start    ] GC(14) Concurrent cleanup
[2026-04-03T02:24:27.412+0600][29.915s][info][gc          ] GC(14) Concurrent cleanup 420M->221M(837M) 0.449ms
[2026-04-03T02:24:27.412+0600][29.915s][info][gc,ergo     ] Free: 722M, Max: 256K regular, 258M humongous, Frag: 65% external, 0% internal; Reserve: 51200K, Max: 256K
[2026-04-03T02:24:27.412+0600][29.915s][info][gc,stats    ] 
[2026-04-03T02:24:27.412+0600][29.915s][info][gc,stats    ] All times are wall-clock times, except per-root-class counters, that are sum over
[2026-04-03T02:24:27.412+0600][29.915s][info][gc,stats    ] all workers. Dividing the <total> over the root stage time estimates parallelism.
[2026-04-03T02:24:27.412+0600][29.915s][info][gc,stats    ] 
[2026-04-03T02:24:27.412+0600][29.915s][info][gc,stats    ] Concurrent Reset                   2183 us
[2026-04-03T02:24:27.412+0600][29.915s][info][gc,stats    ] Pause Init Mark (G)                 655 us
[2026-04-03T02:24:27.412+0600][29.915s][info][gc,stats    ] Pause Init Mark (N)                 250 us
[2026-04-03T02:24:27.412+0600][29.915s][info][gc,stats    ]   Update Region States               70 us
[2026-04-03T02:24:27.412+0600][29.915s][info][gc,stats    ] Concurrent Mark Roots              2566 us, parallelism: 1.64x
[2026-04-03T02:24:27.412+0600][29.915s][info][gc,stats    ]   CMR: <total>                     4220 us
[2026-04-03T02:24:27.412+0600][29.915s][info][gc,stats    ]   CMR: Thread Roots                3776 us, workers (us): 1896, 1504, 376, ---, ---, ---, 
[2026-04-03T02:24:27.412+0600][29.915s][info][gc,stats    ]   CMR: VM Strong Roots               65 us, workers (us):  44,  20,   1, ---, ---, ---, 
[2026-04-03T02:24:27.412+0600][29.915s][info][gc,stats    ]   CMR: CLDG Roots                   379 us, workers (us): ---, 379, ---, ---, ---, ---, 
[2026-04-03T02:24:27.412+0600][29.915s][info][gc,stats    ] Concurrent Marking               105823 us
[2026-04-03T02:24:27.412+0600][29.915s][info][gc,stats    ] Pause Final Mark (G)               1729 us
[2026-04-03T02:24:27.412+0600][29.915s][info][gc,stats    ] Pause Final Mark (N)               1435 us
[2026-04-03T02:24:27.412+0600][29.915s][info][gc,stats    ]   Finish Mark                       326 us
[2026-04-03T02:24:27.412+0600][29.915s][info][gc,stats    ]   Update Region States               78 us
[2026-04-03T02:24:27.412+0600][29.915s][info][gc,stats    ]   Choose Collection Set             741 us
[2026-04-03T02:24:27.412+0600][29.915s][info][gc,stats    ]   Rebuild Free Set                   75 us
[2026-04-03T02:24:27.412+0600][29.915s][info][gc,stats    ] Concurrent Thread Roots            3578 us, parallelism: 2.03x
[2026-04-03T02:24:27.412+0600][29.915s][info][gc,stats    ]   CTR: <total>                     7256 us
[2026-04-03T02:24:27.412+0600][29.915s][info][gc,stats    ]   CTR: Thread Roots                7256 us, workers (us): 3372, 3108, 775, ---, ---, ---, 
[2026-04-03T02:24:27.412+0600][29.915s][info][gc,stats    ] Concurrent Weak References         4599 us, parallelism: 0.44x
[2026-04-03T02:24:27.412+0600][29.915s][info][gc,stats    ]   CWRF: <total>                    2029 us
[2026-04-03T02:24:27.412+0600][29.915s][info][gc,stats    ]   CWRF: Weak References            2029 us, workers (us): 719, 1247,  64, ---, ---, ---, 
[2026-04-03T02:24:27.412+0600][29.915s][info][gc,stats    ] Concurrent Weak Roots             14968 us
[2026-04-03T02:24:27.412+0600][29.915s][info][gc,stats    ]   Roots                           10507 us, parallelism: 2.29x
[2026-04-03T02:24:27.412+0600][29.915s][info][gc,stats    ]     CWR: <total>                  24041 us
[2026-04-03T02:24:27.412+0600][29.915s][info][gc,stats    ]     CWR: Code Cache Roots         20204 us, workers (us): 7804, 7608, 4791, ---, ---, ---, 
[2026-04-03T02:24:27.412+0600][29.915s][info][gc,stats    ]     CWR: VM Weak Roots             3570 us, workers (us): 2179, 1390,   2, ---, ---, ---, 
[2026-04-03T02:24:27.412+0600][29.915s][info][gc,stats    ]     CWR: CLDG Roots                 267 us, workers (us): ---, 267, ---, ---, ---, ---, 
[2026-04-03T02:24:27.412+0600][29.915s][info][gc,stats    ]   Rendezvous                       3979 us
[2026-04-03T02:24:27.412+0600][29.915s][info][gc,stats    ] Concurrent Cleanup                 1526 us
[2026-04-03T02:24:27.412+0600][29.915s][info][gc,stats    ] Concurrent Class Unloading        82413 us
[2026-04-03T02:24:27.412+0600][29.916s][info][gc,stats    ]   Unlink Stale                    74380 us
[2026-04-03T02:24:27.412+0600][29.916s][info][gc,stats    ]     System Dictionary               569 us
[2026-04-03T02:24:27.412+0600][29.916s][info][gc,stats    ]     Weak Class Links              58911 us
[2026-04-03T02:24:27.412+0600][29.916s][info][gc,stats    ]     Code Roots                    14895 us
[2026-04-03T02:24:27.412+0600][29.916s][info][gc,stats    ]   Rendezvous                        586 us
[2026-04-03T02:24:27.412+0600][29.916s][info][gc,stats    ]   Purge Unlinked                   7312 us
[2026-04-03T02:24:27.412+0600][29.916s][info][gc,stats    ]     Code Roots                     7222 us
[2026-04-03T02:24:27.412+0600][29.916s][info][gc,stats    ]     CLDG                             88 us
[2026-04-03T02:24:27.412+0600][29.916s][info][gc,stats    ]     Exception Caches                  1 us
[2026-04-03T02:24:27.412+0600][29.916s][info][gc,stats    ] Concurrent Strong Roots            1734 us, parallelism: 0.73x
[2026-04-03T02:24:27.412+0600][29.916s][info][gc,stats    ]   CSR: <total>                     1267 us
[2026-04-03T02:24:27.412+0600][29.916s][info][gc,stats    ]   CSR: VM Strong Roots               81 us, workers (us):  52,  28,   0, ---, ---, ---, 
[2026-04-03T02:24:27.412+0600][29.916s][info][gc,stats    ]   CSR: CLDG Roots                  1186 us, workers (us): ---, 1186, ---, ---, ---, ---, 
[2026-04-03T02:24:27.412+0600][29.916s][info][gc,stats    ] Concurrent Evacuation             11299 us
[2026-04-03T02:24:27.412+0600][29.916s][info][gc,stats    ] Pause Init Update Refs (G)         1370 us
[2026-04-03T02:24:27.412+0600][29.916s][info][gc,stats    ] Pause Init Update Refs (N)          302 us
[2026-04-03T02:24:27.412+0600][29.916s][info][gc,stats    ]   Manage GCLABs                      48 us
[2026-04-03T02:24:27.412+0600][29.916s][info][gc,stats    ] Concurrent Update Refs            61368 us
[2026-04-03T02:24:27.412+0600][29.916s][info][gc,stats    ] Concurrent Update Thread Roots     2109 us
[2026-04-03T02:24:27.412+0600][29.916s][info][gc,stats    ] Pause Final Update Refs (G)         710 us
[2026-04-03T02:24:27.412+0600][29.916s][info][gc,stats    ] Pause Final Update Refs (N)         464 us
[2026-04-03T02:24:27.412+0600][29.916s][info][gc,stats    ]   Update Region States               92 us
[2026-04-03T02:24:27.412+0600][29.916s][info][gc,stats    ]   Trash Collection Set               39 us
[2026-04-03T02:24:27.412+0600][29.916s][info][gc,stats    ]   Rebuild Free Set                   82 us
[2026-04-03T02:24:27.412+0600][29.916s][info][gc,stats    ] Concurrent Cleanup                  479 us
[2026-04-03T02:24:27.412+0600][29.916s][info][gc,stats    ] Pacing                           298275 us
[2026-04-03T02:24:27.412+0600][29.916s][info][gc,stats    ] 
[2026-04-03T02:24:27.412+0600][29.916s][info][gc,stats    ] Allocation pacing accrued:
[2026-04-03T02:24:27.412+0600][29.916s][info][gc,stats    ]      10 of  1307 ms (  0.8%): Spark Context Cleaner
[2026-04-03T02:24:27.413+0600][29.916s][info][gc,stats    ]      22 of  1307 ms (  1.7%): Executor task launch worker for task 0.0 in stage 234.0 (TID 469)
[2026-04-03T02:24:27.413+0600][29.916s][info][gc,stats    ]      35 of  1307 ms (  2.7%): Executor task launch worker for task 3.0 in stage 234.0 (TID 472)
[2026-04-03T02:24:27.413+0600][29.916s][info][gc,stats    ]      29 of  1307 ms (  2.2%): Executor task launch worker for task 6.0 in stage 234.0 (TID 475)
[2026-04-03T02:24:27.413+0600][29.916s][info][gc,stats    ]      30 of  1307 ms (  2.3%): Executor task launch worker for task 2.0 in stage 234.0 (TID 471)
[2026-04-03T02:24:27.413+0600][29.916s][info][gc,stats    ]      35 of  1307 ms (  2.7%): Executor task launch worker for task 5.0 in stage 234.0 (TID 474)
[2026-04-03T02:24:27.413+0600][29.916s][info][gc,stats    ]      29 of  1307 ms (  2.2%): Executor task launch worker for task 1.0 in stage 234.0 (TID 470)
[2026-04-03T02:24:27.413+0600][29.916s][info][gc,stats    ]      23 of  1307 ms (  1.8%): Executor task launch worker for task 4.0 in stage 234.0 (TID 473)
[2026-04-03T02:24:27.413+0600][29.916s][info][gc,stats    ]      30 of  1307 ms (  2.3%): Executor task launch worker for task 7.0 in stage 234.0 (TID 476)
[2026-04-03T02:24:27.413+0600][29.916s][info][gc,stats    ]      10 of  1307 ms (  0.8%): block-manager-ask-thread-pool-5
[2026-04-03T02:24:27.413+0600][29.916s][info][gc,stats    ]      11 of  1307 ms (  0.9%): block-manager-storage-async-thread-pool-82
[2026-04-03T02:24:27.413+0600][29.916s][info][gc,stats    ]      11 of  1307 ms (  0.9%): block-manager-storage-async-thread-pool-83
[2026-04-03T02:24:27.413+0600][29.916s][info][gc,stats    ]      10 of  1307 ms (  0.8%): block-manager-storage-async-thread-pool-84
[2026-04-03T02:24:27.413+0600][29.916s][info][gc,stats    ]      11 of  1307 ms (  0.9%): block-manager-ask-thread-pool-87
[2026-04-03T02:24:27.413+0600][29.916s][info][gc,stats    ]     298 of  1307 ms ( 22.8%): <total>
[2026-04-03T02:24:27.413+0600][29.916s][info][gc,stats    ]       1 of  1307 ms (  0.1%): <average total>
[2026-04-03T02:24:27.413+0600][29.916s][info][gc,stats    ]      21 of  1307 ms (  1.6%): <average non-zero>
[2026-04-03T02:24:27.413+0600][29.916s][info][gc,stats    ] 
[2026-04-03T02:24:27.413+0600][29.916s][info][gc,metaspace] Metaspace: 129337K(130496K)->129386K(130560K) NonClass: 112921K(113536K)->112963K(113600K) Class: 16415K(16960K)->16423K(16960K)
[2026-04-03T02:24:27.413+0600][29.916s][info][gc,ergo     ] Pacer for Idle. Initial: 20480K, Alloc Tax Rate: 1.0x
[2026-04-03T02:24:27.615+0600][30.118s][info][gc          ] Trigger: Average GC time (364.40 ms) is above the time for average allocation rate (1708 MB/s) to deplete free headroom (340M) (margin of error = 1.81)
[2026-04-03T02:24:27.615+0600][30.118s][info][gc,ergo     ] Free headroom: 390M (free) - 51200K (spike) - 0B (penalties) = 340M
[2026-04-03T02:24:27.615+0600][30.118s][info][gc,ergo     ] Free: 390M, Max: 256K regular, 162M humongous, Frag: 59% external, 0% internal; Reserve: 51200K, Max: 256K
[2026-04-03T02:24:27.615+0600][30.118s][info][gc,start    ] GC(15) Concurrent reset
[2026-04-03T02:24:27.615+0600][30.118s][info][gc,task     ] GC(15) Using 3 of 6 workers for concurrent reset
[2026-04-03T02:24:27.615+0600][30.118s][info][gc,ergo     ] GC(15) Pacer for Reset. Non-Taxable: 1000M
[2026-04-03T02:24:27.617+0600][30.121s][info][gc          ] GC(15) Concurrent reset 2.363ms
[2026-04-03T02:24:27.618+0600][30.122s][info][gc,start    ] GC(15) Pause Init Mark (unload classes)
[2026-04-03T02:24:27.618+0600][30.122s][info][gc,task     ] GC(15) Using 6 of 6 workers for init marking
[2026-04-03T02:24:27.619+0600][30.122s][info][gc,ergo     ] GC(15) Pacer for Mark. Expected Live: 82586K, Free: 381M, Non-Taxable: 39028K, Alloc Tax Rate: 0.3x
[2026-04-03T02:24:27.619+0600][30.122s][info][gc          ] GC(15) Pause Init Mark (unload classes) 0.251ms
[2026-04-03T02:24:27.619+0600][30.122s][info][gc,start    ] GC(15) Concurrent marking roots
[2026-04-03T02:24:27.619+0600][30.122s][info][gc,task     ] GC(15) Using 3 of 6 workers for concurrent marking roots
[2026-04-03T02:24:27.620+0600][30.124s][info][gc          ] GC(15) Concurrent marking roots 1.737ms
[2026-04-03T02:24:27.621+0600][30.124s][info][gc,start    ] GC(15) Concurrent marking (unload classes)
[2026-04-03T02:24:27.621+0600][30.124s][info][gc,task     ] GC(15) Using 3 of 6 workers for concurrent marking
[2026-04-03T02:24:27.700+0600][30.204s][info][gc          ] GC(15) Concurrent marking (unload classes) 79.920ms
[2026-04-03T02:24:27.701+0600][30.204s][info][gc,start    ] GC(15) Pause Final Mark (unload classes)
[2026-04-03T02:24:27.701+0600][30.204s][info][gc,task     ] GC(15) Using 6 of 6 workers for final marking
[2026-04-03T02:24:27.702+0600][30.205s][info][gc,ergo     ] GC(15) Adaptive CSet Selection. Target Free: 141M, Actual Free: 765M, Max CSet: 42666K, Min Garbage: 0B
[2026-04-03T02:24:27.702+0600][30.205s][info][gc,ergo     ] GC(15) Collectable Garbage: 443M (98%), Immediate: 392M (87%), CSet: 51679K (11%)
[2026-04-03T02:24:27.702+0600][30.205s][info][gc,ergo     ] GC(15) Pacer for Evacuation. Used CSet: 57459K, Free: 741M, Non-Taxable: 75902K, Alloc Tax Rate: 1.1x
[2026-04-03T02:24:27.702+0600][30.205s][info][gc          ] GC(15) Pause Final Mark (unload classes) 1.101ms
[2026-04-03T02:24:27.702+0600][30.205s][info][gc,start    ] GC(15) Concurrent thread roots
[2026-04-03T02:24:27.702+0600][30.205s][info][gc,task     ] GC(15) Using 3 of 6 workers for Concurrent thread roots
[2026-04-03T02:24:27.704+0600][30.208s][info][gc          ] GC(15) Concurrent thread roots 2.307ms
[2026-04-03T02:24:27.704+0600][30.208s][info][gc,start    ] GC(15) Concurrent weak references
[2026-04-03T02:24:27.705+0600][30.208s][info][gc,task     ] GC(15) Using 3 of 6 workers for concurrent weak references
[2026-04-03T02:24:27.706+0600][30.209s][info][gc,ref      ] GC(15) Encountered references: Soft: 3867, Weak: 15074, Final: 84, Phantom: 633
[2026-04-03T02:24:27.706+0600][30.209s][info][gc,ref      ] GC(15) Discovered  references: Soft: 0, Weak: 8712, Final: 84, Phantom: 592
[2026-04-03T02:24:27.706+0600][30.209s][info][gc,ref      ] GC(15) Enqueued    references: Soft: 0, Weak: 549, Final: 0, Phantom: 0
[2026-04-03T02:24:27.706+0600][30.209s][info][gc          ] GC(15) Concurrent weak references 1.576ms
[2026-04-03T02:24:27.706+0600][30.209s][info][gc,start    ] GC(15) Concurrent weak roots
[2026-04-03T02:24:27.706+0600][30.209s][info][gc,task     ] GC(15) Using 3 of 6 workers for concurrent weak root
[2026-04-03T02:24:27.717+0600][30.220s][info][gc          ] GC(15) Concurrent weak roots 11.000ms
[2026-04-03T02:24:27.717+0600][30.220s][info][gc,start    ] GC(15) Concurrent cleanup
[2026-04-03T02:24:27.718+0600][30.222s][info][gc          ] GC(15) Concurrent cleanup 606M->214M(837M) 1.237ms
[2026-04-03T02:24:27.719+0600][30.222s][info][gc,ergo     ] GC(15) Free: 729M, Max: 256K regular, 162M humongous, Frag: 78% external, 0% internal; Reserve: 50595K, Max: 256K
[2026-04-03T02:24:27.719+0600][30.222s][info][gc,start    ] GC(15) Concurrent class unloading
[2026-04-03T02:24:27.719+0600][30.222s][info][gc,task     ] GC(15) Using 3 of 6 workers for concurrent class unloading
[2026-04-03T02:24:27.741+0600][30.245s][info][gc          ] GC(15) Concurrent class unloading 22.840ms
[2026-04-03T02:24:27.742+0600][30.245s][info][gc,start    ] GC(15) Concurrent strong roots
[2026-04-03T02:24:27.742+0600][30.245s][info][gc,task     ] GC(15) Using 3 of 6 workers for concurrent strong root
[2026-04-03T02:24:27.743+0600][30.247s][info][gc          ] GC(15) Concurrent strong roots 1.810ms
[2026-04-03T02:24:27.743+0600][30.247s][info][gc,start    ] GC(15) Concurrent evacuation
[2026-04-03T02:24:27.743+0600][30.247s][info][gc,task     ] GC(15) Using 3 of 6 workers for concurrent evacuation
[2026-04-03T02:24:27.746+0600][30.250s][info][gc          ] GC(15) Concurrent evacuation 2.974ms
[2026-04-03T02:24:27.747+0600][30.250s][info][gc,start    ] GC(15) Pause Init Update Refs
[2026-04-03T02:24:27.747+0600][30.250s][info][gc,ergo     ] GC(15) Pacer for Update Refs. Used: 227M, Free: 722M, Non-Taxable: 73935K, Alloc Tax Rate: 1.1x
[2026-04-03T02:24:27.747+0600][30.250s][info][gc          ] GC(15) Pause Init Update Refs 0.189ms
[2026-04-03T02:24:27.747+0600][30.250s][info][gc,start    ] GC(15) Concurrent update references
[2026-04-03T02:24:27.747+0600][30.250s][info][gc,task     ] GC(15) Using 3 of 6 workers for concurrent reference update
[2026-04-03T02:24:27.788+0600][30.291s][info][gc          ] GC(15) Concurrent update references 40.887ms
[2026-04-03T02:24:27.788+0600][30.291s][info][gc,start    ] GC(15) Concurrent update thread roots
[2026-04-03T02:24:27.789+0600][30.293s][info][gc          ] GC(15) Concurrent update thread roots 1.509ms
[2026-04-03T02:24:27.790+0600][30.293s][info][gc,start    ] GC(15) Pause Final Update Refs
[2026-04-03T02:24:27.790+0600][30.293s][info][gc,task     ] GC(15) Using 6 of 6 workers for final reference update
[2026-04-03T02:24:27.790+0600][30.293s][info][gc          ] GC(15) Pause Final Update Refs 0.322ms
[2026-04-03T02:24:27.790+0600][30.294s][info][gc,start    ] GC(15) Concurrent cleanup
[2026-04-03T02:24:27.791+0600][30.294s][info][gc          ] GC(15) Concurrent cleanup 234M->178M(837M) 0.406ms
[2026-04-03T02:24:27.791+0600][30.294s][info][gc,ergo     ] Free: 764M, Max: 256K regular, 376M humongous, Frag: 51% external, 0% internal; Reserve: 51200K, Max: 256K
[2026-04-03T02:24:27.791+0600][30.294s][info][gc,stats    ] 
[2026-04-03T02:24:27.791+0600][30.294s][info][gc,stats    ] All times are wall-clock times, except per-root-class counters, that are sum over
[2026-04-03T02:24:27.791+0600][30.294s][info][gc,stats    ] all workers. Dividing the <total> over the root stage time estimates parallelism.
[2026-04-03T02:24:27.791+0600][30.294s][info][gc,stats    ] 
[2026-04-03T02:24:27.791+0600][30.294s][info][gc,stats    ] Concurrent Reset                   2471 us
[2026-04-03T02:24:27.791+0600][30.294s][info][gc,stats    ] Pause Init Mark (G)                1178 us
[2026-04-03T02:24:27.791+0600][30.294s][info][gc,stats    ] Pause Init Mark (N)                 265 us
[2026-04-03T02:24:27.791+0600][30.294s][info][gc,stats    ]   Update Region States               77 us
[2026-04-03T02:24:27.791+0600][30.295s][info][gc,stats    ] Concurrent Mark Roots              1800 us, parallelism: 2.07x
[2026-04-03T02:24:27.791+0600][30.295s][info][gc,stats    ]   CMR: <total>                     3724 us
[2026-04-03T02:24:27.791+0600][30.295s][info][gc,stats    ]   CMR: Thread Roots                3180 us, workers (us): 1204, 1219, 758, ---, ---, ---, 
[2026-04-03T02:24:27.791+0600][30.295s][info][gc,stats    ]   CMR: VM Strong Roots               79 us, workers (us):  39,  34,   6, ---, ---, ---, 
[2026-04-03T02:24:27.791+0600][30.295s][info][gc,stats    ]   CMR: CLDG Roots                   465 us, workers (us): ---, ---, 465, ---, ---, ---, 
[2026-04-03T02:24:27.791+0600][30.295s][info][gc,stats    ] Concurrent Marking                80035 us
[2026-04-03T02:24:27.791+0600][30.295s][info][gc,stats    ] Pause Final Mark (G)               1568 us
[2026-04-03T02:24:27.791+0600][30.295s][info][gc,stats    ] Pause Final Mark (N)               1118 us
[2026-04-03T02:24:27.791+0600][30.295s][info][gc,stats    ]   Finish Mark                       358 us
[2026-04-03T02:24:27.791+0600][30.295s][info][gc,stats    ]   Update Region States               96 us
[2026-04-03T02:24:27.791+0600][30.295s][info][gc,stats    ]   Choose Collection Set             348 us
[2026-04-03T02:24:27.791+0600][30.295s][info][gc,stats    ]   Rebuild Free Set                   56 us
[2026-04-03T02:24:27.791+0600][30.295s][info][gc,stats    ] Concurrent Thread Roots            2380 us, parallelism: 2.41x
[2026-04-03T02:24:27.791+0600][30.295s][info][gc,stats    ]   CTR: <total>                     5726 us
[2026-04-03T02:24:27.791+0600][30.295s][info][gc,stats    ]   CTR: Thread Roots                5726 us, workers (us): 2182, 2006, 1537, ---, ---, ---, 
[2026-04-03T02:24:27.791+0600][30.295s][info][gc,stats    ] Concurrent Weak References         1592 us, parallelism: 0.86x
[2026-04-03T02:24:27.791+0600][30.295s][info][gc,stats    ]   CWRF: <total>                    1375 us
[2026-04-03T02:24:27.791+0600][30.295s][info][gc,stats    ]   CWRF: Weak References            1375 us, workers (us): 1373,   1,   1, ---, ---, ---, 
[2026-04-03T02:24:27.791+0600][30.295s][info][gc,stats    ] Concurrent Weak Roots             11109 us
[2026-04-03T02:24:27.791+0600][30.295s][info][gc,stats    ]   Roots                            7345 us, parallelism: 2.46x
[2026-04-03T02:24:27.791+0600][30.295s][info][gc,stats    ]     CWR: <total>                  18061 us
[2026-04-03T02:24:27.792+0600][30.295s][info][gc,stats    ]     CWR: Code Cache Roots         14693 us, workers (us): 4885, 5220, 4588, ---, ---, ---, 
[2026-04-03T02:24:27.792+0600][30.295s][info][gc,stats    ]     CWR: VM Weak Roots             3128 us, workers (us): 1576, 1550,   2, ---, ---, ---, 
[2026-04-03T02:24:27.792+0600][30.295s][info][gc,stats    ]     CWR: CLDG Roots                 240 us, workers (us): 240, ---, ---, ---, ---, ---, 
[2026-04-03T02:24:27.792+0600][30.295s][info][gc,stats    ]   Rendezvous                       3618 us
[2026-04-03T02:24:27.792+0600][30.295s][info][gc,stats    ] Concurrent Cleanup                 1332 us
[2026-04-03T02:24:27.792+0600][30.295s][info][gc,stats    ] Concurrent Class Unloading        22942 us
[2026-04-03T02:24:27.792+0600][30.295s][info][gc,stats    ]   Unlink Stale                    17075 us
[2026-04-03T02:24:27.792+0600][30.295s][info][gc,stats    ]     System Dictionary               312 us
[2026-04-03T02:24:27.792+0600][30.295s][info][gc,stats    ]     Weak Class Links                  1 us
[2026-04-03T02:24:27.792+0600][30.295s][info][gc,stats    ]     Code Roots                    16755 us
[2026-04-03T02:24:27.792+0600][30.295s][info][gc,stats    ]   Rendezvous                       2261 us
[2026-04-03T02:24:27.792+0600][30.295s][info][gc,stats    ]   Purge Unlinked                   3458 us
[2026-04-03T02:24:27.792+0600][30.295s][info][gc,stats    ]     Code Roots                     3425 us
[2026-04-03T02:24:27.792+0600][30.295s][info][gc,stats    ]     CLDG                             31 us
[2026-04-03T02:24:27.792+0600][30.295s][info][gc,stats    ]     Exception Caches                  1 us
[2026-04-03T02:24:27.792+0600][30.295s][info][gc,stats    ] Concurrent Strong Roots            1886 us, parallelism: 0.71x
[2026-04-03T02:24:27.792+0600][30.295s][info][gc,stats    ]   CSR: <total>                     1341 us
[2026-04-03T02:24:27.792+0600][30.295s][info][gc,stats    ]   CSR: VM Strong Roots              100 us, workers (us):  36,  36,  28, ---, ---, ---, 
[2026-04-03T02:24:27.792+0600][30.295s][info][gc,stats    ]   CSR: CLDG Roots                  1241 us, workers (us): ---, ---, 1241, ---, ---, ---, 
[2026-04-03T02:24:27.792+0600][30.295s][info][gc,stats    ] Concurrent Evacuation              3055 us
[2026-04-03T02:24:27.792+0600][30.295s][info][gc,stats    ] Pause Init Update Refs (G)          401 us
[2026-04-03T02:24:27.792+0600][30.295s][info][gc,stats    ] Pause Init Update Refs (N)          203 us
[2026-04-03T02:24:27.792+0600][30.295s][info][gc,stats    ]   Manage GCLABs                      52 us
[2026-04-03T02:24:27.792+0600][30.295s][info][gc,stats    ] Concurrent Update Refs            41003 us
[2026-04-03T02:24:27.792+0600][30.295s][info][gc,stats    ] Concurrent Update Thread Roots     1609 us
[2026-04-03T02:24:27.792+0600][30.295s][info][gc,stats    ] Pause Final Update Refs (G)         923 us
[2026-04-03T02:24:27.792+0600][30.295s][info][gc,stats    ] Pause Final Update Refs (N)         347 us
[2026-04-03T02:24:27.792+0600][30.295s][info][gc,stats    ]   Update Region States               86 us
[2026-04-03T02:24:27.792+0600][30.295s][info][gc,stats    ]   Trash Collection Set               23 us
[2026-04-03T02:24:27.792+0600][30.295s][info][gc,stats    ]   Rebuild Free Set                   74 us
[2026-04-03T02:24:27.792+0600][30.295s][info][gc,stats    ] Concurrent Cleanup                  454 us
[2026-04-03T02:24:27.792+0600][30.295s][info][gc,stats    ] 
[2026-04-03T02:24:27.792+0600][30.295s][info][gc,stats    ] Allocation pacing accrued:
[2026-04-03T02:24:27.792+0600][30.295s][info][gc,stats    ]       0 of   379 ms (  0.0%): <total>
[2026-04-03T02:24:27.792+0600][30.295s][info][gc,stats    ]       0 of   379 ms (  0.0%): <average total>
[2026-04-03T02:24:27.792+0600][30.295s][info][gc,stats    ] 
[2026-04-03T02:24:27.792+0600][30.295s][info][gc,metaspace] Metaspace: 129443K(130624K)->129473K(130688K) NonClass: 113019K(113664K)->113050K(113728K) Class: 16423K(16960K)->16423K(16960K)
[2026-04-03T02:24:27.792+0600][30.295s][info][gc,ergo     ] Pacer for Idle. Initial: 20480K, Alloc Tax Rate: 1.0x
[2026-04-03T02:24:27.893+0600][30.396s][info][gc          ] Trigger: Average GC time (317.88 ms) is above the time for average allocation rate (2191 MB/s) to deplete free headroom (394M) (margin of error = 1.81)
[2026-04-03T02:24:27.893+0600][30.397s][info][gc,ergo     ] Free headroom: 444M (free) - 51200K (spike) - 0B (penalties) = 394M
[2026-04-03T02:24:27.893+0600][30.397s][info][gc,ergo     ] Free: 444M, Max: 256K regular, 376M humongous, Frag: 16% external, 0% internal; Reserve: 51200K, Max: 256K
[2026-04-03T02:24:27.893+0600][30.397s][info][gc,start    ] GC(16) Concurrent reset
[2026-04-03T02:24:27.893+0600][30.397s][info][gc,task     ] GC(16) Using 3 of 6 workers for concurrent reset
[2026-04-03T02:24:27.893+0600][30.397s][info][gc,ergo     ] GC(16) Pacer for Reset. Non-Taxable: 1000M
[2026-04-03T02:24:27.895+0600][30.398s][info][gc          ] GC(16) Concurrent reset 1.463ms
[2026-04-03T02:24:27.895+0600][30.398s][info][gc,start    ] GC(16) Pause Init Mark (unload classes)
[2026-04-03T02:24:27.895+0600][30.398s][info][gc,task     ] GC(16) Using 6 of 6 workers for init marking
[2026-04-03T02:24:27.895+0600][30.399s][info][gc,ergo     ] GC(16) Pacer for Mark. Expected Live: 85628K, Free: 442M, Non-Taxable: 45315K, Alloc Tax Rate: 0.2x
[2026-04-03T02:24:27.896+0600][30.399s][info][gc          ] GC(16) Pause Init Mark (unload classes) 0.384ms
[2026-04-03T02:24:27.896+0600][30.399s][info][gc,start    ] GC(16) Concurrent marking roots
[2026-04-03T02:24:27.896+0600][30.399s][info][gc,task     ] GC(16) Using 3 of 6 workers for concurrent marking roots
[2026-04-03T02:24:27.898+0600][30.402s][info][gc          ] GC(16) Concurrent marking roots 2.626ms
[2026-04-03T02:24:27.898+0600][30.402s][info][gc,start    ] GC(16) Concurrent marking (unload classes)
[2026-04-03T02:24:27.898+0600][30.402s][info][gc,task     ] GC(16) Using 3 of 6 workers for concurrent marking
[2026-04-03T02:24:27.969+0600][30.472s][info][gc          ] GC(16) Concurrent marking (unload classes) 70.155ms
[2026-04-03T02:24:27.969+0600][30.472s][info][gc,start    ] GC(16) Pause Final Mark (unload classes)
[2026-04-03T02:24:27.969+0600][30.472s][info][gc,task     ] GC(16) Using 6 of 6 workers for final marking
[2026-04-03T02:24:27.970+0600][30.473s][info][gc,ergo     ] GC(16) Adaptive CSet Selection. Target Free: 141M, Actual Free: 798M, Max CSet: 42666K, Min Garbage: 0B
[2026-04-03T02:24:27.970+0600][30.473s][info][gc,ergo     ] GC(16) Collectable Garbage: 390M (98%), Immediate: 355M (89%), CSet: 35963K (8%)
[2026-04-03T02:24:27.970+0600][30.473s][info][gc,ergo     ] GC(16) Pacer for Evacuation. Used CSet: 41027K, Free: 773M, Non-Taxable: 79251K, Alloc Tax Rate: 1.1x
[2026-04-03T02:24:27.970+0600][30.473s][info][gc          ] GC(16) Pause Final Mark (unload classes) 1.127ms
[2026-04-03T02:24:27.970+0600][30.473s][info][gc,start    ] GC(16) Concurrent thread roots
[2026-04-03T02:24:27.970+0600][30.473s][info][gc,task     ] GC(16) Using 3 of 6 workers for Concurrent thread roots
[2026-04-03T02:24:27.971+0600][30.474s][info][gc          ] GC(16) Concurrent thread roots 1.057ms
[2026-04-03T02:24:27.971+0600][30.475s][info][gc,start    ] GC(16) Concurrent weak references
[2026-04-03T02:24:27.971+0600][30.475s][info][gc,task     ] GC(16) Using 3 of 6 workers for concurrent weak references
[2026-04-03T02:24:27.972+0600][30.475s][info][gc,ref      ] GC(16) Encountered references: Soft: 3872, Weak: 14780, Final: 84, Phantom: 620
[2026-04-03T02:24:27.972+0600][30.475s][info][gc,ref      ] GC(16) Discovered  references: Soft: 0, Weak: 6701, Final: 0, Phantom: 564
[2026-04-03T02:24:27.972+0600][30.475s][info][gc,ref      ] GC(16) Enqueued    references: Soft: 0, Weak: 232, Final: 0, Phantom: 0
[2026-04-03T02:24:27.972+0600][30.475s][info][gc          ] GC(16) Concurrent weak references 0.815ms
[2026-04-03T02:24:27.972+0600][30.475s][info][gc,start    ] GC(16) Concurrent weak roots
[2026-04-03T02:24:27.972+0600][30.475s][info][gc,task     ] GC(16) Using 3 of 6 workers for concurrent weak root
[2026-04-03T02:24:27.977+0600][30.480s][info][gc          ] GC(16) Concurrent weak roots 4.989ms
[2026-04-03T02:24:27.977+0600][30.480s][info][gc,start    ] GC(16) Concurrent cleanup
[2026-04-03T02:24:27.978+0600][30.482s][info][gc          ] GC(16) Concurrent cleanup 529M->173M(837M) 1.105ms
[2026-04-03T02:24:27.978+0600][30.482s][info][gc,ergo     ] GC(16) Free: 771M, Max: 256K regular, 377M humongous, Frag: 52% external, 0% internal; Reserve: 51032K, Max: 256K
[2026-04-03T02:24:27.978+0600][30.482s][info][gc,start    ] GC(16) Concurrent class unloading
[2026-04-03T02:24:27.978+0600][30.482s][info][gc,task     ] GC(16) Using 3 of 6 workers for concurrent class unloading
[2026-04-03T02:24:27.993+0600][30.497s][info][gc          ] GC(16) Concurrent class unloading 14.961ms
[2026-04-03T02:24:27.993+0600][30.497s][info][gc,start    ] GC(16) Concurrent strong roots
[2026-04-03T02:24:27.993+0600][30.497s][info][gc,task     ] GC(16) Using 3 of 6 workers for concurrent strong root
[2026-04-03T02:24:27.996+0600][30.499s][info][gc          ] GC(16) Concurrent strong roots 2.037ms
[2026-04-03T02:24:27.996+0600][30.499s][info][gc,start    ] GC(16) Concurrent evacuation
[2026-04-03T02:24:27.996+0600][30.499s][info][gc,task     ] GC(16) Using 3 of 6 workers for concurrent evacuation
[2026-04-03T02:24:27.997+0600][30.501s][info][gc          ] GC(16) Concurrent evacuation 1.846ms
[2026-04-03T02:24:27.998+0600][30.501s][info][gc,start    ] GC(16) Pause Init Update Refs
[2026-04-03T02:24:27.998+0600][30.501s][info][gc,ergo     ] GC(16) Pacer for Update Refs. Used: 181M, Free: 768M, Non-Taxable: 78706K, Alloc Tax Rate: 1.1x
[2026-04-03T02:24:27.998+0600][30.501s][info][gc          ] GC(16) Pause Init Update Refs 0.186ms
[2026-04-03T02:24:27.998+0600][30.501s][info][gc,start    ] GC(16) Concurrent update references
[2026-04-03T02:24:27.998+0600][30.501s][info][gc,task     ] GC(16) Using 3 of 6 workers for concurrent reference update
[2026-04-03T02:24:28.059+0600][30.562s][info][gc          ] GC(16) Concurrent update references 60.949ms
[2026-04-03T02:24:28.059+0600][30.562s][info][gc,start    ] GC(16) Concurrent update thread roots
[2026-04-03T02:24:28.061+0600][30.564s][info][gc          ] GC(16) Concurrent update thread roots 2.061ms
[2026-04-03T02:24:28.061+0600][30.565s][info][gc,start    ] GC(16) Pause Final Update Refs
[2026-04-03T02:24:28.062+0600][30.565s][info][gc,task     ] GC(16) Using 6 of 6 workers for final reference update
[2026-04-03T02:24:28.062+0600][30.565s][info][gc          ] GC(16) Pause Final Update Refs 0.297ms
[2026-04-03T02:24:28.062+0600][30.565s][info][gc,start    ] GC(16) Concurrent cleanup
[2026-04-03T02:24:28.063+0600][30.566s][info][gc          ] GC(16) Concurrent cleanup 210M->170M(837M) 0.893ms
[2026-04-03T02:24:28.063+0600][30.566s][info][gc,ergo     ] Free: 773M, Max: 256K regular, 378M humongous, Frag: 51% external, 0% internal; Reserve: 51200K, Max: 256K
[2026-04-03T02:24:28.063+0600][30.566s][info][gc,stats    ] 
[2026-04-03T02:24:28.063+0600][30.566s][info][gc,stats    ] All times are wall-clock times, except per-root-class counters, that are sum over
[2026-04-03T02:24:28.063+0600][30.566s][info][gc,stats    ] all workers. Dividing the <total> over the root stage time estimates parallelism.
[2026-04-03T02:24:28.063+0600][30.566s][info][gc,stats    ] 
[2026-04-03T02:24:28.063+0600][30.566s][info][gc,stats    ] Concurrent Reset                   1540 us
[2026-04-03T02:24:28.063+0600][30.566s][info][gc,stats    ] Pause Init Mark (G)                 700 us
[2026-04-03T02:24:28.063+0600][30.566s][info][gc,stats    ] Pause Init Mark (N)                 404 us
[2026-04-03T02:24:28.063+0600][30.566s][info][gc,stats    ]   Update Region States               66 us
[2026-04-03T02:24:28.063+0600][30.566s][info][gc,stats    ] Concurrent Mark Roots              2699 us, parallelism: 1.55x
[2026-04-03T02:24:28.063+0600][30.566s][info][gc,stats    ]   CMR: <total>                     4187 us
[2026-04-03T02:24:28.063+0600][30.566s][info][gc,stats    ]   CMR: Thread Roots                3688 us, workers (us): 1597, 2090,   0, ---, ---, ---, 
[2026-04-03T02:24:28.063+0600][30.566s][info][gc,stats    ]   CMR: VM Strong Roots               62 us, workers (us):  34,  28,   0, ---, ---, ---, 
[2026-04-03T02:24:28.063+0600][30.566s][info][gc,stats    ]   CMR: CLDG Roots                   438 us, workers (us): 438, ---, ---, ---, ---, ---, 
[2026-04-03T02:24:28.063+0600][30.566s][info][gc,stats    ] Concurrent Marking                70265 us
[2026-04-03T02:24:28.063+0600][30.566s][info][gc,stats    ] Pause Final Mark (G)               1485 us
[2026-04-03T02:24:28.063+0600][30.566s][info][gc,stats    ] Pause Final Mark (N)               1142 us
[2026-04-03T02:24:28.063+0600][30.566s][info][gc,stats    ]   Finish Mark                       377 us
[2026-04-03T02:24:28.063+0600][30.566s][info][gc,stats    ]   Update Region States               79 us
[2026-04-03T02:24:28.063+0600][30.566s][info][gc,stats    ]   Choose Collection Set             327 us
[2026-04-03T02:24:28.063+0600][30.566s][info][gc,stats    ]   Rebuild Free Set                   59 us
[2026-04-03T02:24:28.063+0600][30.566s][info][gc,stats    ] Concurrent Thread Roots            1113 us, parallelism: 2.24x
[2026-04-03T02:24:28.063+0600][30.566s][info][gc,stats    ]   CTR: <total>                     2495 us
[2026-04-03T02:24:28.063+0600][30.566s][info][gc,stats    ]   CTR: Thread Roots                2495 us, workers (us): 817, 855, 823, ---, ---, ---, 
[2026-04-03T02:24:28.063+0600][30.566s][info][gc,stats    ] Concurrent Weak References          865 us, parallelism: 0.89x
[2026-04-03T02:24:28.063+0600][30.566s][info][gc,stats    ]   CWRF: <total>                     767 us
[2026-04-03T02:24:28.063+0600][30.566s][info][gc,stats    ]   CWRF: Weak References             767 us, workers (us): 243,  66, 458, ---, ---, ---, 
[2026-04-03T02:24:28.063+0600][30.566s][info][gc,stats    ] Concurrent Weak Roots              5089 us
[2026-04-03T02:24:28.063+0600][30.566s][info][gc,stats    ]   Roots                            4434 us, parallelism: 2.65x
[2026-04-03T02:24:28.063+0600][30.566s][info][gc,stats    ]     CWR: <total>                  11749 us
[2026-04-03T02:24:28.063+0600][30.566s][info][gc,stats    ]     CWR: Code Cache Roots          8759 us, workers (us): 2911, 2807, 3041, ---, ---, ---, 
[2026-04-03T02:24:28.063+0600][30.566s][info][gc,stats    ]     CWR: VM Weak Roots             2869 us, workers (us): 964, 956, 949, ---, ---, ---, 
[2026-04-03T02:24:28.063+0600][30.566s][info][gc,stats    ]     CWR: CLDG Roots                 121 us, workers (us): ---, 121, ---, ---, ---, ---, 
[2026-04-03T02:24:28.063+0600][30.566s][info][gc,stats    ]   Rendezvous                        512 us
[2026-04-03T02:24:28.063+0600][30.566s][info][gc,stats    ] Concurrent Cleanup                 1149 us
[2026-04-03T02:24:28.063+0600][30.566s][info][gc,stats    ] Concurrent Class Unloading        15053 us
[2026-04-03T02:24:28.063+0600][30.566s][info][gc,stats    ]   Unlink Stale                    13003 us
[2026-04-03T02:24:28.063+0600][30.567s][info][gc,stats    ]     System Dictionary               289 us
[2026-04-03T02:24:28.063+0600][30.567s][info][gc,stats    ]     Weak Class Links                  1 us
[2026-04-03T02:24:28.063+0600][30.567s][info][gc,stats    ]     Code Roots                    12709 us
[2026-04-03T02:24:28.063+0600][30.567s][info][gc,stats    ]   Rendezvous                        528 us
[2026-04-03T02:24:28.063+0600][30.567s][info][gc,stats    ]   Purge Unlinked                   1384 us
[2026-04-03T02:24:28.063+0600][30.567s][info][gc,stats    ]     Code Roots                     1373 us
[2026-04-03T02:24:28.063+0600][30.567s][info][gc,stats    ]     CLDG                             10 us
[2026-04-03T02:24:28.063+0600][30.567s][info][gc,stats    ]     Exception Caches                  0 us
[2026-04-03T02:24:28.063+0600][30.567s][info][gc,stats    ] Concurrent Strong Roots            2109 us, parallelism: 0.66x
[2026-04-03T02:24:28.063+0600][30.567s][info][gc,stats    ]   CSR: <total>                     1396 us
[2026-04-03T02:24:28.063+0600][30.567s][info][gc,stats    ]   CSR: VM Strong Roots               59 us, workers (us):  58,   2,   0, ---, ---, ---, 
[2026-04-03T02:24:28.063+0600][30.567s][info][gc,stats    ]   CSR: CLDG Roots                  1337 us, workers (us): 1337, ---, ---, ---, ---, ---, 
[2026-04-03T02:24:28.063+0600][30.567s][info][gc,stats    ] Concurrent Evacuation              1885 us
[2026-04-03T02:24:28.063+0600][30.567s][info][gc,stats    ] Pause Init Update Refs (G)          520 us
[2026-04-03T02:24:28.063+0600][30.567s][info][gc,stats    ] Pause Init Update Refs (N)          203 us
[2026-04-03T02:24:28.063+0600][30.567s][info][gc,stats    ]   Manage GCLABs                      39 us
[2026-04-03T02:24:28.063+0600][30.567s][info][gc,stats    ] Concurrent Update Refs            61048 us
[2026-04-03T02:24:28.063+0600][30.567s][info][gc,stats    ] Concurrent Update Thread Roots     2140 us
[2026-04-03T02:24:28.063+0600][30.567s][info][gc,stats    ] Pause Final Update Refs (G)         669 us
[2026-04-03T02:24:28.063+0600][30.567s][info][gc,stats    ] Pause Final Update Refs (N)         321 us
[2026-04-03T02:24:28.063+0600][30.567s][info][gc,stats    ]   Update Region States               93 us
[2026-04-03T02:24:28.063+0600][30.567s][info][gc,stats    ]   Trash Collection Set               17 us
[2026-04-03T02:24:28.063+0600][30.567s][info][gc,stats    ]   Rebuild Free Set                   78 us
[2026-04-03T02:24:28.063+0600][30.567s][info][gc,stats    ] Concurrent Cleanup                  926 us
[2026-04-03T02:24:28.063+0600][30.567s][info][gc,stats    ] 
[2026-04-03T02:24:28.063+0600][30.567s][info][gc,stats    ] Allocation pacing accrued:
[2026-04-03T02:24:28.063+0600][30.567s][info][gc,stats    ]       0 of   271 ms (  0.0%): <total>
[2026-04-03T02:24:28.063+0600][30.567s][info][gc,stats    ]       0 of   271 ms (  0.0%): <average total>
[2026-04-03T02:24:28.063+0600][30.567s][info][gc,stats    ] 
[2026-04-03T02:24:28.063+0600][30.567s][info][gc,metaspace] Metaspace: 129492K(130688K)->129668K(130880K) NonClass: 113068K(113728K)->113243K(113920K) Class: 16423K(16960K)->16425K(16960K)
[2026-04-03T02:24:28.063+0600][30.567s][info][gc,ergo     ] Pacer for Idle. Initial: 20480K, Alloc Tax Rate: 1.0x
[2026-04-03T02:24:28.901+0600][31.404s][info][gc          ] Trigger: Average GC time (275.15 ms) is above the time for average allocation rate (801 MB/s) to deplete free headroom (217M) (margin of error = 1.81)
[2026-04-03T02:24:28.901+0600][31.404s][info][gc,ergo     ] Free headroom: 267M (free) - 51200K (spike) - 0B (penalties) = 217M
[2026-04-03T02:24:28.901+0600][31.404s][info][gc,ergo     ] Free: 267M, Max: 256K regular, 267M humongous, Frag: 0% external, 0% internal; Reserve: 51200K, Max: 256K
[2026-04-03T02:24:28.901+0600][31.404s][info][gc,start    ] GC(17) Concurrent reset
[2026-04-03T02:24:28.901+0600][31.404s][info][gc,task     ] GC(17) Using 3 of 6 workers for concurrent reset
[2026-04-03T02:24:28.901+0600][31.404s][info][gc,ergo     ] GC(17) Pacer for Reset. Non-Taxable: 1000M
[2026-04-03T02:24:28.902+0600][31.405s][info][gc          ] GC(17) Concurrent reset 1.113ms
[2026-04-03T02:24:28.902+0600][31.405s][info][gc,start    ] GC(17) Pause Init Mark (unload classes)
[2026-04-03T02:24:28.902+0600][31.406s][info][gc,task     ] GC(17) Using 6 of 6 workers for init marking
[2026-04-03T02:24:28.902+0600][31.406s][info][gc,ergo     ] GC(17) Pacer for Mark. Expected Live: 86141K, Free: 267M, Non-Taxable: 27427K, Alloc Tax Rate: 0.4x
[2026-04-03T02:24:28.902+0600][31.406s][info][gc          ] GC(17) Pause Init Mark (unload classes) 0.188ms
[2026-04-03T02:24:28.903+0600][31.406s][info][gc,start    ] GC(17) Concurrent marking roots
[2026-04-03T02:24:28.903+0600][31.406s][info][gc,task     ] GC(17) Using 3 of 6 workers for concurrent marking roots
[2026-04-03T02:24:28.904+0600][31.407s][info][gc          ] GC(17) Concurrent marking roots 1.398ms
[2026-04-03T02:24:28.904+0600][31.407s][info][gc,start    ] GC(17) Concurrent marking (unload classes)
[2026-04-03T02:24:28.904+0600][31.407s][info][gc,task     ] GC(17) Using 3 of 6 workers for concurrent marking
[2026-04-03T02:24:28.970+0600][31.473s][info][gc          ] GC(17) Concurrent marking (unload classes) 65.540ms
[2026-04-03T02:24:28.970+0600][31.473s][info][gc,start    ] GC(17) Pause Final Mark (unload classes)
[2026-04-03T02:24:28.970+0600][31.473s][info][gc,task     ] GC(17) Using 6 of 6 workers for final marking
[2026-04-03T02:24:28.970+0600][31.474s][info][gc,ergo     ] GC(17) Adaptive CSet Selection. Target Free: 141M, Actual Free: 724M, Max CSet: 42666K, Min Garbage: 0B
[2026-04-03T02:24:28.971+0600][31.474s][info][gc,ergo     ] GC(17) Collectable Garbage: 552M (98%), Immediate: 448M (80%), CSet: 103M (18%)
[2026-04-03T02:24:28.971+0600][31.474s][info][gc,ergo     ] GC(17) Pacer for Evacuation. Used CSet: 107M, Free: 712M, Non-Taxable: 72972K, Alloc Tax Rate: 1.1x
[2026-04-03T02:24:28.971+0600][31.474s][info][gc          ] GC(17) Pause Final Mark (unload classes) 1.024ms
[2026-04-03T02:24:28.971+0600][31.474s][info][gc,start    ] GC(17) Concurrent thread roots
[2026-04-03T02:24:28.971+0600][31.474s][info][gc,task     ] GC(17) Using 3 of 6 workers for Concurrent thread roots
[2026-04-03T02:24:28.972+0600][31.476s][info][gc          ] GC(17) Concurrent thread roots 1.459ms
[2026-04-03T02:24:28.972+0600][31.476s][info][gc,start    ] GC(17) Concurrent weak references
[2026-04-03T02:24:28.972+0600][31.476s][info][gc,task     ] GC(17) Using 3 of 6 workers for concurrent weak references
[2026-04-03T02:24:28.973+0600][31.476s][info][gc,ref      ] GC(17) Encountered references: Soft: 3864, Weak: 15394, Final: 84, Phantom: 620
[2026-04-03T02:24:28.973+0600][31.476s][info][gc,ref      ] GC(17) Discovered  references: Soft: 0, Weak: 3260, Final: 0, Phantom: 615
[2026-04-03T02:24:28.973+0600][31.476s][info][gc,ref      ] GC(17) Enqueued    references: Soft: 0, Weak: 395, Final: 0, Phantom: 0
[2026-04-03T02:24:28.973+0600][31.476s][info][gc          ] GC(17) Concurrent weak references 0.418ms
[2026-04-03T02:24:28.973+0600][31.476s][info][gc,start    ] GC(17) Concurrent weak roots
[2026-04-03T02:24:28.973+0600][31.476s][info][gc,task     ] GC(17) Using 3 of 6 workers for concurrent weak root
[2026-04-03T02:24:28.979+0600][31.482s][info][gc          ] GC(17) Concurrent weak roots 5.781ms
[2026-04-03T02:24:28.979+0600][31.482s][info][gc,start    ] GC(17) Concurrent cleanup
[2026-04-03T02:24:28.980+0600][31.483s][info][gc          ] GC(17) Concurrent cleanup 687M->238M(837M) 1.304ms
[2026-04-03T02:24:28.980+0600][31.484s][info][gc,ergo     ] GC(17) Free: 707M, Max: 256K regular, 221M humongous, Frag: 69% external, 0% internal; Reserve: 50679K, Max: 256K
[2026-04-03T02:24:28.980+0600][31.484s][info][gc,start    ] GC(17) Concurrent class unloading
[2026-04-03T02:24:28.980+0600][31.484s][info][gc,task     ] GC(17) Using 3 of 6 workers for concurrent class unloading
[2026-04-03T02:24:29.022+0600][31.525s][info][gc          ] GC(17) Concurrent class unloading 41.684ms
[2026-04-03T02:24:29.022+0600][31.525s][info][gc,start    ] GC(17) Concurrent strong roots
[2026-04-03T02:24:29.022+0600][31.525s][info][gc,task     ] GC(17) Using 3 of 6 workers for concurrent strong root
[2026-04-03T02:24:29.024+0600][31.527s][info][gc          ] GC(17) Concurrent strong roots 1.806ms
[2026-04-03T02:24:29.024+0600][31.527s][info][gc,start    ] GC(17) Concurrent evacuation
[2026-04-03T02:24:29.024+0600][31.527s][info][gc,task     ] GC(17) Using 3 of 6 workers for concurrent evacuation
[2026-04-03T02:24:29.027+0600][31.530s][info][gc          ] GC(17) Concurrent evacuation 3.077ms
[2026-04-03T02:24:29.028+0600][31.531s][info][gc,start    ] GC(17) Pause Init Update Refs
[2026-04-03T02:24:29.028+0600][31.531s][info][gc,ergo     ] GC(17) Pacer for Update Refs. Used: 258M, Free: 690M, Non-Taxable: 70751K, Alloc Tax Rate: 1.1x
[2026-04-03T02:24:29.028+0600][31.531s][info][gc          ] GC(17) Pause Init Update Refs 0.240ms
[2026-04-03T02:24:29.029+0600][31.532s][info][gc,start    ] GC(17) Concurrent update references
[2026-04-03T02:24:29.029+0600][31.532s][info][gc,task     ] GC(17) Using 3 of 6 workers for concurrent reference update
[2026-04-03T02:24:29.083+0600][31.587s][info][gc          ] GC(17) Concurrent update references 54.720ms
[2026-04-03T02:24:29.083+0600][31.587s][info][gc,start    ] GC(17) Concurrent update thread roots
[2026-04-03T02:24:29.085+0600][31.589s][info][gc          ] GC(17) Concurrent update thread roots 1.945ms
[2026-04-03T02:24:29.086+0600][31.589s][info][gc,start    ] GC(17) Pause Final Update Refs
[2026-04-03T02:24:29.086+0600][31.589s][info][gc,task     ] GC(17) Using 6 of 6 workers for final reference update
[2026-04-03T02:24:29.086+0600][31.589s][info][gc          ] GC(17) Pause Final Update Refs 0.414ms
[2026-04-03T02:24:29.086+0600][31.590s][info][gc,start    ] GC(17) Concurrent cleanup
[2026-04-03T02:24:29.087+0600][31.590s][info][gc          ] GC(17) Concurrent cleanup 295M->188M(837M) 0.482ms
[2026-04-03T02:24:29.087+0600][31.590s][info][gc,ergo     ] Free: 755M, Max: 256K regular, 258M humongous, Frag: 66% external, 0% internal; Reserve: 51200K, Max: 256K
[2026-04-03T02:24:29.087+0600][31.590s][info][gc,stats    ] 
[2026-04-03T02:24:29.087+0600][31.590s][info][gc,stats    ] All times are wall-clock times, except per-root-class counters, that are sum over
[2026-04-03T02:24:29.087+0600][31.590s][info][gc,stats    ] all workers. Dividing the <total> over the root stage time estimates parallelism.
[2026-04-03T02:24:29.087+0600][31.590s][info][gc,stats    ] 
[2026-04-03T02:24:29.087+0600][31.590s][info][gc,stats    ] Concurrent Reset                   1147 us
[2026-04-03T02:24:29.087+0600][31.590s][info][gc,stats    ] Pause Init Mark (G)                 722 us
[2026-04-03T02:24:29.087+0600][31.590s][info][gc,stats    ] Pause Init Mark (N)                 200 us
[2026-04-03T02:24:29.087+0600][31.590s][info][gc,stats    ]   Update Region States               62 us
[2026-04-03T02:24:29.087+0600][31.590s][info][gc,stats    ] Concurrent Mark Roots              1451 us, parallelism: 1.81x
[2026-04-03T02:24:29.087+0600][31.590s][info][gc,stats    ]   CMR: <total>                     2624 us
[2026-04-03T02:24:29.087+0600][31.590s][info][gc,stats    ]   CMR: Thread Roots                2308 us, workers (us): 581, 864, 863, ---, ---, ---, 
[2026-04-03T02:24:29.087+0600][31.590s][info][gc,stats    ]   CMR: VM Strong Roots               45 us, workers (us):  25,  10,  10, ---, ---, ---, 
[2026-04-03T02:24:29.087+0600][31.590s][info][gc,stats    ]   CMR: CLDG Roots                   271 us, workers (us): 271, ---, ---, ---, ---, ---, 
[2026-04-03T02:24:29.087+0600][31.590s][info][gc,stats    ] Concurrent Marking                65641 us
[2026-04-03T02:24:29.087+0600][31.590s][info][gc,stats    ] Pause Final Mark (G)               1296 us
[2026-04-03T02:24:29.087+0600][31.590s][info][gc,stats    ] Pause Final Mark (N)               1045 us
[2026-04-03T02:24:29.087+0600][31.590s][info][gc,stats    ]   Finish Mark                       236 us
[2026-04-03T02:24:29.087+0600][31.590s][info][gc,stats    ]   Update Region States               94 us
[2026-04-03T02:24:29.087+0600][31.590s][info][gc,stats    ]   Choose Collection Set             396 us
[2026-04-03T02:24:29.087+0600][31.590s][info][gc,stats    ]   Rebuild Free Set                   62 us
[2026-04-03T02:24:29.087+0600][31.591s][info][gc,stats    ] Concurrent Thread Roots            1508 us, parallelism: 2.51x
[2026-04-03T02:24:29.087+0600][31.591s][info][gc,stats    ]   CTR: <total>                     3783 us
[2026-04-03T02:24:29.087+0600][31.591s][info][gc,stats    ]   CTR: Thread Roots                3783 us, workers (us): 1310, 1283, 1190, ---, ---, ---, 
[2026-04-03T02:24:29.087+0600][31.591s][info][gc,stats    ] Concurrent Weak References          434 us, parallelism: 1.16x
[2026-04-03T02:24:29.087+0600][31.591s][info][gc,stats    ]   CWRF: <total>                     503 us
[2026-04-03T02:24:29.087+0600][31.591s][info][gc,stats    ]   CWRF: Weak References             503 us, workers (us): 194,  83, 225, ---, ---, ---, 
[2026-04-03T02:24:29.087+0600][31.591s][info][gc,stats    ] Concurrent Weak Roots              5920 us
[2026-04-03T02:24:29.087+0600][31.591s][info][gc,stats    ]   Roots                            5366 us, parallelism: 2.46x
[2026-04-03T02:24:29.087+0600][31.591s][info][gc,stats    ]     CWR: <total>                  13177 us
[2026-04-03T02:24:29.087+0600][31.591s][info][gc,stats    ]     CWR: Code Cache Roots         10270 us, workers (us): 3417, 3518, 3335, ---, ---, ---, 
[2026-04-03T02:24:29.087+0600][31.591s][info][gc,stats    ]     CWR: VM Weak Roots             2645 us, workers (us): 896, 889, 860, ---, ---, ---, 
[2026-04-03T02:24:29.087+0600][31.591s][info][gc,stats    ]     CWR: CLDG Roots                 262 us, workers (us): ---, ---, 262, ---, ---, ---, 
[2026-04-03T02:24:29.087+0600][31.591s][info][gc,stats    ]   Rendezvous                        378 us
[2026-04-03T02:24:29.087+0600][31.591s][info][gc,stats    ] Concurrent Cleanup                 1349 us
[2026-04-03T02:24:29.087+0600][31.591s][info][gc,stats    ] Concurrent Class Unloading        41807 us
[2026-04-03T02:24:29.087+0600][31.591s][info][gc,stats    ]   Unlink Stale                    18755 us
[2026-04-03T02:24:29.087+0600][31.591s][info][gc,stats    ]     System Dictionary               297 us
[2026-04-03T02:24:29.087+0600][31.591s][info][gc,stats    ]     Weak Class Links                  0 us
[2026-04-03T02:24:29.087+0600][31.591s][info][gc,stats    ]     Code Roots                    18452 us
[2026-04-03T02:24:29.087+0600][31.591s][info][gc,stats    ]   Rendezvous                       1034 us
[2026-04-03T02:24:29.087+0600][31.591s][info][gc,stats    ]   Purge Unlinked                  21841 us
[2026-04-03T02:24:29.087+0600][31.591s][info][gc,stats    ]     Code Roots                    21768 us
[2026-04-03T02:24:29.088+0600][31.591s][info][gc,stats    ]     CLDG                             71 us
[2026-04-03T02:24:29.088+0600][31.591s][info][gc,stats    ]     Exception Caches                  1 us
[2026-04-03T02:24:29.088+0600][31.591s][info][gc,stats    ] Concurrent Strong Roots            1910 us, parallelism: 0.65x
[2026-04-03T02:24:29.088+0600][31.591s][info][gc,stats    ]   CSR: <total>                     1234 us
[2026-04-03T02:24:29.088+0600][31.591s][info][gc,stats    ]   CSR: VM Strong Roots               78 us, workers (us):  45,  33,   0, ---, ---, ---, 
[2026-04-03T02:24:29.088+0600][31.591s][info][gc,stats    ]   CSR: CLDG Roots                  1156 us, workers (us): 1156, ---, ---, ---, ---, ---, 
[2026-04-03T02:24:29.088+0600][31.591s][info][gc,stats    ] Concurrent Evacuation              3180 us
[2026-04-03T02:24:29.088+0600][31.591s][info][gc,stats    ] Pause Init Update Refs (G)         1351 us
[2026-04-03T02:24:29.088+0600][31.591s][info][gc,stats    ] Pause Init Update Refs (N)          253 us
[2026-04-03T02:24:29.088+0600][31.591s][info][gc,stats    ]   Manage GCLABs                     127 us
[2026-04-03T02:24:29.088+0600][31.591s][info][gc,stats    ] Concurrent Update Refs            54854 us
[2026-04-03T02:24:29.088+0600][31.591s][info][gc,stats    ] Concurrent Update Thread Roots     2022 us
[2026-04-03T02:24:29.088+0600][31.591s][info][gc,stats    ] Pause Final Update Refs (G)         849 us
[2026-04-03T02:24:29.088+0600][31.591s][info][gc,stats    ] Pause Final Update Refs (N)         441 us
[2026-04-03T02:24:29.088+0600][31.591s][info][gc,stats    ]   Update Region States               75 us
[2026-04-03T02:24:29.088+0600][31.591s][info][gc,stats    ]   Trash Collection Set               24 us
[2026-04-03T02:24:29.088+0600][31.591s][info][gc,stats    ]   Rebuild Free Set                   63 us
[2026-04-03T02:24:29.088+0600][31.591s][info][gc,stats    ] Concurrent Cleanup                  526 us
[2026-04-03T02:24:29.088+0600][31.591s][info][gc,stats    ] 
[2026-04-03T02:24:29.088+0600][31.591s][info][gc,stats    ] Allocation pacing accrued:
[2026-04-03T02:24:29.088+0600][31.591s][info][gc,stats    ]       0 of  1024 ms (  0.0%): <total>
[2026-04-03T02:24:29.088+0600][31.591s][info][gc,stats    ]       0 of  1024 ms (  0.0%): <average total>
[2026-04-03T02:24:29.088+0600][31.591s][info][gc,stats    ] 
[2026-04-03T02:24:29.088+0600][31.591s][info][gc,metaspace] Metaspace: 129777K(130944K)->129798K(130944K) NonClass: 113350K(113984K)->113371K(113984K) Class: 16427K(16960K)->16427K(16960K)
[2026-04-03T02:24:29.088+0600][31.591s][info][gc,ergo     ] Pacer for Idle. Initial: 20480K, Alloc Tax Rate: 1.0x
[2026-04-03T02:24:29.731+0600][32.234s][info][gc          ] Trigger: Average GC time (248.21 ms) is above the time for average allocation rate (827 MB/s) to deplete free headroom (204M) (margin of error = 1.81)
[2026-04-03T02:24:29.731+0600][32.234s][info][gc,ergo     ] Free headroom: 254M (free) - 51200K (spike) - 0B (penalties) = 204M
[2026-04-03T02:24:29.731+0600][32.234s][info][gc,ergo     ] Free: 254M, Max: 256K regular, 221M humongous, Frag: 14% external, 1% internal; Reserve: 51200K, Max: 256K
[2026-04-03T02:24:29.731+0600][32.234s][info][gc,start    ] GC(18) Concurrent reset
[2026-04-03T02:24:29.731+0600][32.234s][info][gc,task     ] GC(18) Using 3 of 6 workers for concurrent reset
[2026-04-03T02:24:29.731+0600][32.234s][info][gc,ergo     ] GC(18) Pacer for Reset. Non-Taxable: 1000M
[2026-04-03T02:24:29.733+0600][32.236s][info][gc          ] GC(18) Concurrent reset 2.182ms
[2026-04-03T02:24:29.734+0600][32.237s][info][gc,start    ] GC(18) Pause Init Mark (unload classes)
[2026-04-03T02:24:29.734+0600][32.237s][info][gc,task     ] GC(18) Using 6 of 6 workers for init marking
[2026-04-03T02:24:29.734+0600][32.237s][info][gc,ergo     ] GC(18) Pacer for Mark. Expected Live: 87094K, Free: 254M, Non-Taxable: 26108K, Alloc Tax Rate: 0.4x
[2026-04-03T02:24:29.734+0600][32.237s][info][gc          ] GC(18) Pause Init Mark (unload classes) 0.179ms
[2026-04-03T02:24:29.735+0600][32.238s][info][gc,start    ] GC(18) Concurrent marking roots
[2026-04-03T02:24:29.735+0600][32.238s][info][gc,task     ] GC(18) Using 3 of 6 workers for concurrent marking roots
[2026-04-03T02:24:29.738+0600][32.241s][info][gc          ] GC(18) Concurrent marking roots 3.149ms
[2026-04-03T02:24:29.738+0600][32.241s][info][gc,start    ] GC(18) Concurrent marking (unload classes)
[2026-04-03T02:24:29.738+0600][32.241s][info][gc,task     ] GC(18) Using 3 of 6 workers for concurrent marking
[2026-04-03T02:24:29.800+0600][32.303s][info][gc          ] GC(18) Concurrent marking (unload classes) 62.143ms
[2026-04-03T02:24:29.800+0600][32.304s][info][gc,start    ] GC(18) Pause Final Mark (unload classes)
[2026-04-03T02:24:29.800+0600][32.304s][info][gc,task     ] GC(18) Using 6 of 6 workers for final marking
[2026-04-03T02:24:29.801+0600][32.304s][info][gc,ergo     ] GC(18) Adaptive CSet Selection. Target Free: 141M, Actual Free: 769M, Max CSet: 42666K, Min Garbage: 0B
[2026-04-03T02:24:29.801+0600][32.305s][info][gc,ergo     ] GC(18) Collectable Garbage: 566M (98%), Immediate: 489M (85%), CSet: 78772K (13%)
[2026-04-03T02:24:29.801+0600][32.305s][info][gc,ergo     ] GC(18) Pacer for Evacuation. Used CSet: 84150K, Free: 752M, Non-Taxable: 77092K, Alloc Tax Rate: 1.1x
[2026-04-03T02:24:29.801+0600][32.305s][info][gc          ] GC(18) Pause Final Mark (unload classes) 0.993ms
[2026-04-03T02:24:29.801+0600][32.305s][info][gc,start    ] GC(18) Concurrent thread roots
[2026-04-03T02:24:29.802+0600][32.305s][info][gc,task     ] GC(18) Using 3 of 6 workers for Concurrent thread roots
[2026-04-03T02:24:29.803+0600][32.306s][info][gc          ] GC(18) Concurrent thread roots 1.499ms
[2026-04-03T02:24:29.803+0600][32.306s][info][gc,start    ] GC(18) Concurrent weak references
[2026-04-03T02:24:29.803+0600][32.306s][info][gc,task     ] GC(18) Using 3 of 6 workers for concurrent weak references
[2026-04-03T02:24:29.803+0600][32.307s][info][gc,ref      ] GC(18) Encountered references: Soft: 3880, Weak: 16032, Final: 84, Phantom: 629
[2026-04-03T02:24:29.803+0600][32.307s][info][gc,ref      ] GC(18) Discovered  references: Soft: 0, Weak: 4347, Final: 0, Phantom: 624
[2026-04-03T02:24:29.803+0600][32.307s][info][gc,ref      ] GC(18) Enqueued    references: Soft: 0, Weak: 1520, Final: 0, Phantom: 0
[2026-04-03T02:24:29.804+0600][32.307s][info][gc          ] GC(18) Concurrent weak references 0.505ms
[2026-04-03T02:24:29.804+0600][32.307s][info][gc,start    ] GC(18) Concurrent weak roots
[2026-04-03T02:24:29.804+0600][32.307s][info][gc,task     ] GC(18) Using 3 of 6 workers for concurrent weak root
[2026-04-03T02:24:29.809+0600][32.312s][info][gc          ] GC(18) Concurrent weak roots 5.333ms
[2026-04-03T02:24:29.809+0600][32.312s][info][gc,start    ] GC(18) Concurrent cleanup
[2026-04-03T02:24:29.810+0600][32.313s][info][gc          ] GC(18) Concurrent cleanup 683M->194M(837M) 0.907ms
[2026-04-03T02:24:29.810+0600][32.313s][info][gc,ergo     ] GC(18) Free: 751M, Max: 256K regular, 225M humongous, Frag: 70% external, 0% internal; Reserve: 50721K, Max: 256K
[2026-04-03T02:24:29.810+0600][32.313s][info][gc,start    ] GC(18) Concurrent class unloading
[2026-04-03T02:24:29.810+0600][32.313s][info][gc,task     ] GC(18) Using 3 of 6 workers for concurrent class unloading
[2026-04-03T02:24:29.832+0600][32.335s][info][gc          ] GC(18) Concurrent class unloading 21.583ms
[2026-04-03T02:24:29.832+0600][32.335s][info][gc,start    ] GC(18) Concurrent strong roots
[2026-04-03T02:24:29.832+0600][32.335s][info][gc,task     ] GC(18) Using 3 of 6 workers for concurrent strong root
[2026-04-03T02:24:29.833+0600][32.337s][info][gc          ] GC(18) Concurrent strong roots 1.485ms
[2026-04-03T02:24:29.833+0600][32.337s][info][gc,start    ] GC(18) Concurrent evacuation
[2026-04-03T02:24:29.833+0600][32.337s][info][gc,task     ] GC(18) Using 3 of 6 workers for concurrent evacuation
[2026-04-03T02:24:29.836+0600][32.340s][info][gc          ] GC(18) Concurrent evacuation 3.078ms
[2026-04-03T02:24:29.837+0600][32.340s][info][gc,start    ] GC(18) Pause Init Update Refs
[2026-04-03T02:24:29.837+0600][32.340s][info][gc,ergo     ] GC(18) Pacer for Update Refs. Used: 202M, Free: 748M, Non-Taxable: 76697K, Alloc Tax Rate: 1.1x
[2026-04-03T02:24:29.837+0600][32.340s][info][gc          ] GC(18) Pause Init Update Refs 0.276ms
[2026-04-03T02:24:29.837+0600][32.341s][info][gc,start    ] GC(18) Concurrent update references
[2026-04-03T02:24:29.837+0600][32.341s][info][gc,task     ] GC(18) Using 3 of 6 workers for concurrent reference update
[2026-04-03T02:24:29.876+0600][32.379s][info][gc          ] GC(18) Concurrent update references 38.667ms
[2026-04-03T02:24:29.876+0600][32.379s][info][gc,start    ] GC(18) Concurrent update thread roots
[2026-04-03T02:24:29.877+0600][32.381s][info][gc          ] GC(18) Concurrent update thread roots 1.363ms
[2026-04-03T02:24:29.878+0600][32.381s][info][gc,start    ] GC(18) Pause Final Update Refs
[2026-04-03T02:24:29.878+0600][32.381s][info][gc,task     ] GC(18) Using 6 of 6 workers for final reference update
[2026-04-03T02:24:29.878+0600][32.381s][info][gc          ] GC(18) Pause Final Update Refs 0.254ms
[2026-04-03T02:24:29.878+0600][32.382s][info][gc,start    ] GC(18) Concurrent cleanup
[2026-04-03T02:24:29.879+0600][32.382s][info][gc          ] GC(18) Concurrent cleanup 211M->129M(837M) 0.328ms
[2026-04-03T02:24:29.879+0600][32.382s][info][gc,ergo     ] Free: 816M, Max: 256K regular, 272M humongous, Frag: 67% external, 0% internal; Reserve: 51200K, Max: 256K
[2026-04-03T02:24:29.879+0600][32.382s][info][gc,stats    ] 
[2026-04-03T02:24:29.879+0600][32.382s][info][gc,stats    ] All times are wall-clock times, except per-root-class counters, that are sum over
[2026-04-03T02:24:29.879+0600][32.382s][info][gc,stats    ] all workers. Dividing the <total> over the root stage time estimates parallelism.
[2026-04-03T02:24:29.879+0600][32.382s][info][gc,stats    ] 
[2026-04-03T02:24:29.879+0600][32.382s][info][gc,stats    ] Concurrent Reset                   2256 us
[2026-04-03T02:24:29.879+0600][32.382s][info][gc,stats    ] Pause Init Mark (G)                1555 us
[2026-04-03T02:24:29.879+0600][32.382s][info][gc,stats    ] Pause Init Mark (N)                 193 us
[2026-04-03T02:24:29.879+0600][32.382s][info][gc,stats    ]   Update Region States               65 us
[2026-04-03T02:24:29.879+0600][32.382s][info][gc,stats    ] Concurrent Mark Roots              3219 us, parallelism: 1.90x
[2026-04-03T02:24:29.879+0600][32.382s][info][gc,stats    ]   CMR: <total>                     6118 us
[2026-04-03T02:24:29.879+0600][32.382s][info][gc,stats    ]   CMR: Thread Roots                5675 us, workers (us): 1979, 2190, 1506, ---, ---, ---, 
[2026-04-03T02:24:29.879+0600][32.382s][info][gc,stats    ]   CMR: VM Strong Roots               53 us, workers (us):  52,   1,   1, ---, ---, ---, 
[2026-04-03T02:24:29.879+0600][32.382s][info][gc,stats    ]   CMR: CLDG Roots                   391 us, workers (us): 391, ---, ---, ---, ---, ---, 
[2026-04-03T02:24:29.879+0600][32.382s][info][gc,stats    ] Concurrent Marking                62237 us
[2026-04-03T02:24:29.879+0600][32.382s][info][gc,stats    ] Pause Final Mark (G)               1238 us
[2026-04-03T02:24:29.879+0600][32.382s][info][gc,stats    ] Pause Final Mark (N)               1008 us
[2026-04-03T02:24:29.879+0600][32.382s][info][gc,stats    ]   Finish Mark                       393 us
[2026-04-03T02:24:29.879+0600][32.382s][info][gc,stats    ]   Update Region States               61 us
[2026-04-03T02:24:29.879+0600][32.382s][info][gc,stats    ]   Choose Collection Set             329 us
[2026-04-03T02:24:29.879+0600][32.382s][info][gc,stats    ]   Rebuild Free Set                   56 us
[2026-04-03T02:24:29.879+0600][32.382s][info][gc,stats    ] Concurrent Thread Roots            1547 us, parallelism: 2.51x
[2026-04-03T02:24:29.879+0600][32.382s][info][gc,stats    ]   CTR: <total>                     3882 us
[2026-04-03T02:24:29.879+0600][32.382s][info][gc,stats    ]   CTR: Thread Roots                3882 us, workers (us): 1348, 1266, 1269, ---, ---, ---, 
[2026-04-03T02:24:29.879+0600][32.382s][info][gc,stats    ] Concurrent Weak References          520 us, parallelism: 1.48x
[2026-04-03T02:24:29.879+0600][32.382s][info][gc,stats    ]   CWRF: <total>                     771 us
[2026-04-03T02:24:29.879+0600][32.382s][info][gc,stats    ]   CWRF: Weak References             771 us, workers (us): 326, 314, 131, ---, ---, ---, 
[2026-04-03T02:24:29.879+0600][32.382s][info][gc,stats    ] Concurrent Weak Roots              5441 us
[2026-04-03T02:24:29.879+0600][32.382s][info][gc,stats    ]   Roots                            5003 us, parallelism: 2.64x
[2026-04-03T02:24:29.879+0600][32.382s][info][gc,stats    ]     CWR: <total>                  13229 us
[2026-04-03T02:24:29.879+0600][32.382s][info][gc,stats    ]     CWR: Code Cache Roots          9731 us, workers (us): 3434, 3047, 3249, ---, ---, ---, 
[2026-04-03T02:24:29.879+0600][32.382s][info][gc,stats    ]     CWR: VM Weak Roots             3336 us, workers (us): 1155, 1090, 1090, ---, ---, ---, 
[2026-04-03T02:24:29.879+0600][32.382s][info][gc,stats    ]     CWR: CLDG Roots                 163 us, workers (us): ---, 163, ---, ---, ---, ---, 
[2026-04-03T02:24:29.879+0600][32.382s][info][gc,stats    ]   Rendezvous                        299 us
[2026-04-03T02:24:29.879+0600][32.382s][info][gc,stats    ] Concurrent Cleanup                  969 us
[2026-04-03T02:24:29.879+0600][32.382s][info][gc,stats    ] Concurrent Class Unloading        21683 us
[2026-04-03T02:24:29.879+0600][32.382s][info][gc,stats    ]   Unlink Stale                    15265 us
[2026-04-03T02:24:29.879+0600][32.382s][info][gc,stats    ]     System Dictionary               345 us
[2026-04-03T02:24:29.879+0600][32.382s][info][gc,stats    ]     Weak Class Links                  1 us
[2026-04-03T02:24:29.879+0600][32.383s][info][gc,stats    ]     Code Roots                    14914 us
[2026-04-03T02:24:29.879+0600][32.383s][info][gc,stats    ]   Rendezvous                        252 us
[2026-04-03T02:24:29.879+0600][32.383s][info][gc,stats    ]   Purge Unlinked                   6004 us
[2026-04-03T02:24:29.879+0600][32.383s][info][gc,stats    ]     Code Roots                     5973 us
[2026-04-03T02:24:29.879+0600][32.383s][info][gc,stats    ]     CLDG                             29 us
[2026-04-03T02:24:29.879+0600][32.383s][info][gc,stats    ]     Exception Caches                  1 us
[2026-04-03T02:24:29.879+0600][32.383s][info][gc,stats    ] Concurrent Strong Roots            1553 us, parallelism: 0.67x
[2026-04-03T02:24:29.879+0600][32.383s][info][gc,stats    ]   CSR: <total>                     1036 us
[2026-04-03T02:24:29.879+0600][32.383s][info][gc,stats    ]   CSR: VM Strong Roots               70 us, workers (us):  45,  26,   0, ---, ---, ---, 
[2026-04-03T02:24:29.879+0600][32.383s][info][gc,stats    ]   CSR: CLDG Roots                   966 us, workers (us): ---, 966, ---, ---, ---, ---, 
[2026-04-03T02:24:29.879+0600][32.383s][info][gc,stats    ] Concurrent Evacuation              3223 us
[2026-04-03T02:24:29.879+0600][32.383s][info][gc,stats    ] Pause Init Update Refs (G)          758 us
[2026-04-03T02:24:29.879+0600][32.383s][info][gc,stats    ] Pause Init Update Refs (N)          292 us
[2026-04-03T02:24:29.879+0600][32.383s][info][gc,stats    ]   Manage GCLABs                      57 us
[2026-04-03T02:24:29.879+0600][32.383s][info][gc,stats    ] Concurrent Update Refs            38762 us
[2026-04-03T02:24:29.879+0600][32.383s][info][gc,stats    ] Concurrent Update Thread Roots     1455 us
[2026-04-03T02:24:29.879+0600][32.383s][info][gc,stats    ] Pause Final Update Refs (G)         698 us
[2026-04-03T02:24:29.879+0600][32.383s][info][gc,stats    ] Pause Final Update Refs (N)         271 us
[2026-04-03T02:24:29.879+0600][32.383s][info][gc,stats    ]   Update Region States               71 us
[2026-04-03T02:24:29.879+0600][32.383s][info][gc,stats    ]   Trash Collection Set               19 us
[2026-04-03T02:24:29.879+0600][32.383s][info][gc,stats    ]   Rebuild Free Set                   56 us
[2026-04-03T02:24:29.879+0600][32.383s][info][gc,stats    ] Concurrent Cleanup                  357 us
[2026-04-03T02:24:29.879+0600][32.383s][info][gc,stats    ] 
[2026-04-03T02:24:29.879+0600][32.383s][info][gc,stats    ] Allocation pacing accrued:
[2026-04-03T02:24:29.879+0600][32.383s][info][gc,stats    ]       0 of   792 ms (  0.0%): <total>
[2026-04-03T02:24:29.879+0600][32.383s][info][gc,stats    ]       0 of   792 ms (  0.0%): <average total>
[2026-04-03T02:24:29.879+0600][32.383s][info][gc,stats    ] 
[2026-04-03T02:24:29.880+0600][32.383s][info][gc,metaspace] Metaspace: 129860K(131008K)->129893K(131072K) NonClass: 113433K(114048K)->113466K(114112K) Class: 16427K(16960K)->16427K(16960K)
[2026-04-03T02:24:29.880+0600][32.383s][info][gc,ergo     ] Pacer for Idle. Initial: 20480K, Alloc Tax Rate: 1.0x
[2026-04-03T02:24:30.540+0600][33.043s][info][gc          ] Trigger: Average GC time (223.95 ms) is above the time for average allocation rate (996 MB/s) to deplete free headroom (220M) (margin of error = 1.80)
[2026-04-03T02:24:30.540+0600][33.043s][info][gc,ergo     ] Free headroom: 270M (free) - 51200K (spike) - 0B (penalties) = 220M
[2026-04-03T02:24:30.540+0600][33.043s][info][gc,ergo     ] Free: 270M, Max: 256K regular, 270M humongous, Frag: 1% external, 0% internal; Reserve: 51200K, Max: 256K
[2026-04-03T02:24:30.540+0600][33.043s][info][gc,start    ] GC(19) Concurrent reset
[2026-04-03T02:24:30.540+0600][33.043s][info][gc,task     ] GC(19) Using 3 of 6 workers for concurrent reset
[2026-04-03T02:24:30.540+0600][33.043s][info][gc,ergo     ] GC(19) Pacer for Reset. Non-Taxable: 1000M
[2026-04-03T02:24:30.541+0600][33.045s][info][gc          ] GC(19) Concurrent reset 1.530ms
[2026-04-03T02:24:30.542+0600][33.045s][info][gc,start    ] GC(19) Pause Init Mark (unload classes)
[2026-04-03T02:24:30.542+0600][33.045s][info][gc,task     ] GC(19) Using 6 of 6 workers for init marking
[2026-04-03T02:24:30.542+0600][33.045s][info][gc,ergo     ] GC(19) Pacer for Mark. Expected Live: 88127K, Free: 269M, Non-Taxable: 27589K, Alloc Tax Rate: 0.4x
[2026-04-03T02:24:30.542+0600][33.045s][info][gc          ] GC(19) Pause Init Mark (unload classes) 0.337ms
[2026-04-03T02:24:30.542+0600][33.045s][info][gc,start    ] GC(19) Concurrent marking roots
[2026-04-03T02:24:30.542+0600][33.046s][info][gc,task     ] GC(19) Using 3 of 6 workers for concurrent marking roots
[2026-04-03T02:24:30.544+0600][33.047s][info][gc          ] GC(19) Concurrent marking roots 1.514ms
[2026-04-03T02:24:30.544+0600][33.047s][info][gc,start    ] GC(19) Concurrent marking (unload classes)
[2026-04-03T02:24:30.544+0600][33.047s][info][gc,task     ] GC(19) Using 3 of 6 workers for concurrent marking
[2026-04-03T02:24:30.615+0600][33.118s][info][gc          ] GC(19) Concurrent marking (unload classes) 70.753ms
[2026-04-03T02:24:30.615+0600][33.118s][info][gc,start    ] GC(19) Pause Final Mark (unload classes)
[2026-04-03T02:24:30.615+0600][33.118s][info][gc,task     ] GC(19) Using 6 of 6 workers for final marking
[2026-04-03T02:24:30.615+0600][33.119s][info][gc,ergo     ] GC(19) Adaptive CSet Selection. Target Free: 141M, Actual Free: 726M, Max CSet: 42666K, Min Garbage: 0B
[2026-04-03T02:24:30.616+0600][33.119s][info][gc,ergo     ] GC(19) Collectable Garbage: 550M (98%), Immediate: 453M (81%), CSet: 99482K (17%)
[2026-04-03T02:24:30.616+0600][33.119s][info][gc,ergo     ] GC(19) Pacer for Evacuation. Used CSet: 101M, Free: 712M, Non-Taxable: 72947K, Alloc Tax Rate: 1.1x
[2026-04-03T02:24:30.616+0600][33.119s][info][gc          ] GC(19) Pause Final Mark (unload classes) 1.042ms
[2026-04-03T02:24:30.616+0600][33.119s][info][gc,start    ] GC(19) Concurrent thread roots
[2026-04-03T02:24:30.616+0600][33.119s][info][gc,task     ] GC(19) Using 3 of 6 workers for Concurrent thread roots
[2026-04-03T02:24:30.617+0600][33.120s][info][gc          ] GC(19) Concurrent thread roots 0.990ms
[2026-04-03T02:24:30.617+0600][33.120s][info][gc,start    ] GC(19) Concurrent weak references
[2026-04-03T02:24:30.617+0600][33.120s][info][gc,task     ] GC(19) Using 3 of 6 workers for concurrent weak references
[2026-04-03T02:24:30.618+0600][33.121s][info][gc,ref      ] GC(19) Encountered references: Soft: 3866, Weak: 15295, Final: 84, Phantom: 620
[2026-04-03T02:24:30.618+0600][33.121s][info][gc,ref      ] GC(19) Discovered  references: Soft: 0, Weak: 8298, Final: 48, Phantom: 578
[2026-04-03T02:24:30.618+0600][33.121s][info][gc,ref      ] GC(19) Enqueued    references: Soft: 0, Weak: 148, Final: 0, Phantom: 0
[2026-04-03T02:24:30.618+0600][33.121s][info][gc          ] GC(19) Concurrent weak references 0.848ms
[2026-04-03T02:24:30.618+0600][33.121s][info][gc,start    ] GC(19) Concurrent weak roots
[2026-04-03T02:24:30.618+0600][33.121s][info][gc,task     ] GC(19) Using 3 of 6 workers for concurrent weak root
[2026-04-03T02:24:30.622+0600][33.126s][info][gc          ] GC(19) Concurrent weak roots 4.413ms
[2026-04-03T02:24:30.622+0600][33.126s][info][gc,start    ] GC(19) Concurrent cleanup
[2026-04-03T02:24:30.623+0600][33.126s][info][gc          ] GC(19) Concurrent cleanup 687M->233M(837M) 0.822ms
[2026-04-03T02:24:30.623+0600][33.127s][info][gc,ergo     ] GC(19) Free: 711M, Max: 256K regular, 222M humongous, Frag: 69% external, 0% internal; Reserve: 50786K, Max: 256K
[2026-04-03T02:24:30.623+0600][33.127s][info][gc,start    ] GC(19) Concurrent class unloading
[2026-04-03T02:24:30.623+0600][33.127s][info][gc,task     ] GC(19) Using 3 of 6 workers for concurrent class unloading
[2026-04-03T02:24:30.647+0600][33.150s][info][gc          ] GC(19) Concurrent class unloading 23.294ms
[2026-04-03T02:24:30.647+0600][33.150s][info][gc,start    ] GC(19) Concurrent strong roots
[2026-04-03T02:24:30.647+0600][33.150s][info][gc,task     ] GC(19) Using 3 of 6 workers for concurrent strong root
[2026-04-03T02:24:30.648+0600][33.151s][info][gc          ] GC(19) Concurrent strong roots 1.390ms
[2026-04-03T02:24:30.648+0600][33.152s][info][gc,start    ] GC(19) Concurrent evacuation
[2026-04-03T02:24:30.648+0600][33.152s][info][gc,task     ] GC(19) Using 3 of 6 workers for concurrent evacuation
[2026-04-03T02:24:30.655+0600][33.158s][info][gc          ] GC(19) Concurrent evacuation 6.779ms
[2026-04-03T02:24:30.655+0600][33.159s][info][gc,start    ] GC(19) Pause Init Update Refs
[2026-04-03T02:24:30.655+0600][33.159s][info][gc,ergo     ] GC(19) Pacer for Update Refs. Used: 256M, Free: 692M, Non-Taxable: 70943K, Alloc Tax Rate: 1.1x
[2026-04-03T02:24:30.656+0600][33.159s][info][gc          ] GC(19) Pause Init Update Refs 0.094ms
[2026-04-03T02:24:30.656+0600][33.159s][info][gc,start    ] GC(19) Concurrent update references
[2026-04-03T02:24:30.656+0600][33.159s][info][gc,task     ] GC(19) Using 3 of 6 workers for concurrent reference update
[2026-04-03T02:24:30.703+0600][33.206s][info][gc          ] GC(19) Concurrent update references 47.342ms
[2026-04-03T02:24:30.703+0600][33.206s][info][gc,start    ] GC(19) Concurrent update thread roots
[2026-04-03T02:24:30.705+0600][33.208s][info][gc          ] GC(19) Concurrent update thread roots 1.947ms
[2026-04-03T02:24:30.705+0600][33.209s][info][gc,start    ] GC(19) Pause Final Update Refs
[2026-04-03T02:24:30.705+0600][33.209s][info][gc,task     ] GC(19) Using 6 of 6 workers for final reference update
[2026-04-03T02:24:30.706+0600][33.209s][info][gc          ] GC(19) Pause Final Update Refs 0.206ms
[2026-04-03T02:24:30.706+0600][33.209s][info][gc,start    ] GC(19) Concurrent cleanup
[2026-04-03T02:24:30.706+0600][33.210s][info][gc          ] GC(19) Concurrent cleanup 286M->185M(838M) 0.843ms
[2026-04-03T02:24:30.707+0600][33.210s][info][gc,ergo     ] Free: 756M, Max: 256K regular, 258M humongous, Frag: 66% external, 0% internal; Reserve: 51200K, Max: 256K
[2026-04-03T02:24:30.707+0600][33.210s][info][gc,stats    ] 
[2026-04-03T02:24:30.707+0600][33.210s][info][gc,stats    ] All times are wall-clock times, except per-root-class counters, that are sum over
[2026-04-03T02:24:30.707+0600][33.210s][info][gc,stats    ] all workers. Dividing the <total> over the root stage time estimates parallelism.
[2026-04-03T02:24:30.707+0600][33.210s][info][gc,stats    ] 
[2026-04-03T02:24:30.707+0600][33.210s][info][gc,stats    ] Concurrent Reset                   1597 us
[2026-04-03T02:24:30.707+0600][33.210s][info][gc,stats    ] Pause Init Mark (G)                 700 us
[2026-04-03T02:24:30.707+0600][33.210s][info][gc,stats    ] Pause Init Mark (N)                 353 us
[2026-04-03T02:24:30.707+0600][33.210s][info][gc,stats    ]   Update Region States               73 us
[2026-04-03T02:24:30.707+0600][33.210s][info][gc,stats    ] Concurrent Mark Roots              1590 us, parallelism: 1.70x
[2026-04-03T02:24:30.707+0600][33.210s][info][gc,stats    ]   CMR: <total>                     2709 us
[2026-04-03T02:24:30.707+0600][33.210s][info][gc,stats    ]   CMR: Thread Roots                2284 us, workers (us): 561, 929, 795, ---, ---, ---, 
[2026-04-03T02:24:30.707+0600][33.210s][info][gc,stats    ]   CMR: VM Strong Roots               59 us, workers (us):  34,  23,   1, ---, ---, ---, 
[2026-04-03T02:24:30.707+0600][33.210s][info][gc,stats    ]   CMR: CLDG Roots                   366 us, workers (us): 366, ---, ---, ---, ---, ---, 
[2026-04-03T02:24:30.707+0600][33.210s][info][gc,stats    ] Concurrent Marking                70838 us
[2026-04-03T02:24:30.707+0600][33.210s][info][gc,stats    ] Pause Final Mark (G)               1347 us
[2026-04-03T02:24:30.707+0600][33.210s][info][gc,stats    ] Pause Final Mark (N)               1058 us
[2026-04-03T02:24:30.707+0600][33.210s][info][gc,stats    ]   Finish Mark                       351 us
[2026-04-03T02:24:30.707+0600][33.210s][info][gc,stats    ]   Update Region States               63 us
[2026-04-03T02:24:30.707+0600][33.210s][info][gc,stats    ]   Choose Collection Set             308 us
[2026-04-03T02:24:30.707+0600][33.210s][info][gc,stats    ]   Rebuild Free Set                   70 us
[2026-04-03T02:24:30.707+0600][33.210s][info][gc,stats    ] Concurrent Thread Roots            1043 us, parallelism: 2.19x
[2026-04-03T02:24:30.707+0600][33.210s][info][gc,stats    ]   CTR: <total>                     2289 us
[2026-04-03T02:24:30.707+0600][33.210s][info][gc,stats    ]   CTR: Thread Roots                2289 us, workers (us): 802, 741, 746, ---, ---, ---, 
[2026-04-03T02:24:30.707+0600][33.210s][info][gc,stats    ] Concurrent Weak References          863 us, parallelism: 1.22x
[2026-04-03T02:24:30.707+0600][33.210s][info][gc,stats    ]   CWRF: <total>                    1049 us
[2026-04-03T02:24:30.707+0600][33.210s][info][gc,stats    ]   CWRF: Weak References            1049 us, workers (us): 576, 181, 293, ---, ---, ---, 
[2026-04-03T02:24:30.707+0600][33.210s][info][gc,stats    ] Concurrent Weak Roots              4497 us
[2026-04-03T02:24:30.707+0600][33.210s][info][gc,stats    ]   Roots                            3995 us, parallelism: 2.56x
[2026-04-03T02:24:30.707+0600][33.210s][info][gc,stats    ]     CWR: <total>                  10211 us
[2026-04-03T02:24:30.707+0600][33.210s][info][gc,stats    ]     CWR: Code Cache Roots          7742 us, workers (us): 2603, 2596, 2542, ---, ---, ---, 
[2026-04-03T02:24:30.707+0600][33.210s][info][gc,stats    ]     CWR: VM Weak Roots             2317 us, workers (us): 798, 762, 758, ---, ---, ---, 
[2026-04-03T02:24:30.707+0600][33.210s][info][gc,stats    ]     CWR: CLDG Roots                 152 us, workers (us): ---, 152, ---, ---, ---, ---, 
[2026-04-03T02:24:30.707+0600][33.210s][info][gc,stats    ]   Rendezvous                        377 us
[2026-04-03T02:24:30.707+0600][33.210s][info][gc,stats    ] Concurrent Cleanup                  871 us
[2026-04-03T02:24:30.707+0600][33.210s][info][gc,stats    ] Concurrent Class Unloading        23446 us
[2026-04-03T02:24:30.707+0600][33.210s][info][gc,stats    ]   Unlink Stale                    15640 us
[2026-04-03T02:24:30.707+0600][33.211s][info][gc,stats    ]     System Dictionary               363 us
[2026-04-03T02:24:30.707+0600][33.211s][info][gc,stats    ]     Weak Class Links                  0 us
[2026-04-03T02:24:30.707+0600][33.211s][info][gc,stats    ]     Code Roots                    15272 us
[2026-04-03T02:24:30.707+0600][33.211s][info][gc,stats    ]   Rendezvous                       3399 us
[2026-04-03T02:24:30.707+0600][33.211s][info][gc,stats    ]   Purge Unlinked                   4209 us
[2026-04-03T02:24:30.707+0600][33.211s][info][gc,stats    ]     Code Roots                     4179 us
[2026-04-03T02:24:30.707+0600][33.211s][info][gc,stats    ]     CLDG                             27 us
[2026-04-03T02:24:30.707+0600][33.211s][info][gc,stats    ]     Exception Caches                  1 us
[2026-04-03T02:24:30.707+0600][33.211s][info][gc,stats    ] Concurrent Strong Roots            1446 us, parallelism: 0.65x
[2026-04-03T02:24:30.707+0600][33.211s][info][gc,stats    ]   CSR: <total>                      941 us
[2026-04-03T02:24:30.707+0600][33.211s][info][gc,stats    ]   CSR: VM Strong Roots               80 us, workers (us):  77,   2,   0, ---, ---, ---, 
[2026-04-03T02:24:30.707+0600][33.211s][info][gc,stats    ]   CSR: CLDG Roots                   861 us, workers (us): 861, ---, ---, ---, ---, ---, 
[2026-04-03T02:24:30.707+0600][33.211s][info][gc,stats    ] Concurrent Evacuation              6900 us
[2026-04-03T02:24:30.707+0600][33.211s][info][gc,stats    ] Pause Init Update Refs (G)          489 us
[2026-04-03T02:24:30.707+0600][33.211s][info][gc,stats    ] Pause Init Update Refs (N)          137 us
[2026-04-03T02:24:30.707+0600][33.211s][info][gc,stats    ]   Manage GCLABs                      40 us
[2026-04-03T02:24:30.707+0600][33.211s][info][gc,stats    ] Concurrent Update Refs            47460 us
[2026-04-03T02:24:30.707+0600][33.211s][info][gc,stats    ] Concurrent Update Thread Roots     2004 us
[2026-04-03T02:24:30.707+0600][33.211s][info][gc,stats    ] Pause Final Update Refs (G)         514 us
[2026-04-03T02:24:30.707+0600][33.211s][info][gc,stats    ] Pause Final Update Refs (N)         224 us
[2026-04-03T02:24:30.707+0600][33.211s][info][gc,stats    ]   Update Region States               74 us
[2026-04-03T02:24:30.707+0600][33.211s][info][gc,stats    ]   Trash Collection Set               24 us
[2026-04-03T02:24:30.707+0600][33.211s][info][gc,stats    ]   Rebuild Free Set                   60 us
[2026-04-03T02:24:30.707+0600][33.211s][info][gc,stats    ] Concurrent Cleanup                  883 us
[2026-04-03T02:24:30.707+0600][33.211s][info][gc,stats    ] Pacing                             4288 us
[2026-04-03T02:24:30.708+0600][33.211s][info][gc,stats    ] 
[2026-04-03T02:24:30.708+0600][33.211s][info][gc,stats    ] Allocation pacing accrued:
[2026-04-03T02:24:30.708+0600][33.211s][info][gc,stats    ]       4 of   828 ms (  0.5%): dag-scheduler-event-loop
[2026-04-03T02:24:30.708+0600][33.211s][info][gc,stats    ]       4 of   828 ms (  0.5%): <total>
[2026-04-03T02:24:30.708+0600][33.211s][info][gc,stats    ]       0 of   828 ms (  0.0%): <average total>
[2026-04-03T02:24:30.708+0600][33.211s][info][gc,stats    ]       4 of   828 ms (  0.5%): <average non-zero>
[2026-04-03T02:24:30.708+0600][33.211s][info][gc,stats    ] 
[2026-04-03T02:24:30.708+0600][33.211s][info][gc,metaspace] Metaspace: 129939K(131136K)->129972K(131136K) NonClass: 113511K(114176K)->113544K(114176K) Class: 16427K(16960K)->16427K(16960K)
[2026-04-03T02:24:30.708+0600][33.211s][info][gc,ergo     ] Pacer for Idle. Initial: 20480K, Alloc Tax Rate: 1.0x
[2026-04-03T02:24:31.445+0600][33.949s][info][gc          ] Trigger: Average GC time (207.02 ms) is above the time for average allocation rate (696 MB/s) to deplete free headroom (143M) (margin of error = 1.81)
[2026-04-03T02:24:31.445+0600][33.949s][info][gc,ergo     ] Free headroom: 193M (free) - 51200K (spike) - 0B (penalties) = 143M
[2026-04-03T02:24:31.445+0600][33.949s][info][gc,ergo     ] Free: 193M, Max: 256K regular, 193M humongous, Frag: 0% external, 0% internal; Reserve: 51200K, Max: 256K
[2026-04-03T02:24:31.446+0600][33.949s][info][gc,start    ] GC(20) Concurrent reset
[2026-04-03T02:24:31.446+0600][33.949s][info][gc,task     ] GC(20) Using 3 of 6 workers for concurrent reset
[2026-04-03T02:24:31.446+0600][33.949s][info][gc,ergo     ] GC(20) Pacer for Reset. Non-Taxable: 1000M
[2026-04-03T02:24:31.448+0600][33.951s][info][gc          ] GC(20) Concurrent reset 2.503ms
[2026-04-03T02:24:31.449+0600][33.952s][info][gc,start    ] GC(20) Pause Init Mark (unload classes)
[2026-04-03T02:24:31.449+0600][33.952s][info][gc,task     ] GC(20) Using 6 of 6 workers for init marking
[2026-04-03T02:24:31.449+0600][33.952s][info][gc,ergo     ] GC(20) Pacer for Mark. Expected Live: 88020K, Free: 191M, Non-Taxable: 19650K, Alloc Tax Rate: 0.5x
[2026-04-03T02:24:31.449+0600][33.952s][info][gc          ] GC(20) Pause Init Mark (unload classes) 0.202ms
[2026-04-03T02:24:31.449+0600][33.952s][info][gc,start    ] GC(20) Concurrent marking roots
[2026-04-03T02:24:31.449+0600][33.952s][info][gc,task     ] GC(20) Using 3 of 6 workers for concurrent marking roots
[2026-04-03T02:24:31.453+0600][33.956s][info][gc          ] GC(20) Concurrent marking roots 4.115ms
[2026-04-03T02:24:31.453+0600][33.957s][info][gc,start    ] GC(20) Concurrent marking (unload classes)
[2026-04-03T02:24:31.453+0600][33.957s][info][gc,task     ] GC(20) Using 3 of 6 workers for concurrent marking
[2026-04-03T02:24:31.521+0600][34.025s][info][gc          ] GC(20) Concurrent marking (unload classes) 68.082ms
[2026-04-03T02:24:31.522+0600][34.025s][info][gc,start    ] GC(20) Pause Final Mark (unload classes)
[2026-04-03T02:24:31.522+0600][34.025s][info][gc,task     ] GC(20) Using 6 of 6 workers for final marking
[2026-04-03T02:24:31.522+0600][34.025s][info][gc,ergo     ] GC(20) Adaptive CSet Selection. Target Free: 141M, Actual Free: 699M, Max CSet: 42666K, Min Garbage: 0B
[2026-04-03T02:24:31.522+0600][34.026s][info][gc,ergo     ] GC(20) Collectable Garbage: 624M (98%), Immediate: 493M (78%), CSet: 130M (20%)
[2026-04-03T02:24:31.522+0600][34.026s][info][gc,ergo     ] GC(20) Pacer for Evacuation. Used CSet: 136M, Free: 686M, Non-Taxable: 70256K, Alloc Tax Rate: 1.1x
[2026-04-03T02:24:31.522+0600][34.026s][info][gc          ] GC(20) Pause Final Mark (unload classes) 0.816ms
[2026-04-03T02:24:31.522+0600][34.026s][info][gc,start    ] GC(20) Concurrent thread roots
[2026-04-03T02:24:31.522+0600][34.026s][info][gc,task     ] GC(20) Using 3 of 6 workers for Concurrent thread roots
[2026-04-03T02:24:31.524+0600][34.028s][info][gc          ] GC(20) Concurrent thread roots 1.788ms
[2026-04-03T02:24:31.524+0600][34.028s][info][gc,start    ] GC(20) Concurrent weak references
[2026-04-03T02:24:31.524+0600][34.028s][info][gc,task     ] GC(20) Using 3 of 6 workers for concurrent weak references
[2026-04-03T02:24:31.525+0600][34.028s][info][gc,ref      ] GC(20) Encountered references: Soft: 3872, Weak: 16488, Final: 84, Phantom: 625
[2026-04-03T02:24:31.525+0600][34.028s][info][gc,ref      ] GC(20) Discovered  references: Soft: 0, Weak: 4420, Final: 0, Phantom: 610
[2026-04-03T02:24:31.525+0600][34.029s][info][gc,ref      ] GC(20) Enqueued    references: Soft: 0, Weak: 1738, Final: 0, Phantom: 0
[2026-04-03T02:24:31.525+0600][34.029s][info][gc          ] GC(20) Concurrent weak references 0.933ms
[2026-04-03T02:24:31.525+0600][34.029s][info][gc,start    ] GC(20) Concurrent weak roots
[2026-04-03T02:24:31.525+0600][34.029s][info][gc,task     ] GC(20) Using 3 of 6 workers for concurrent weak root
[2026-04-03T02:24:31.540+0600][34.043s][info][gc          ] GC(20) Concurrent weak roots 14.271ms
[2026-04-03T02:24:31.540+0600][34.043s][info][gc,start    ] GC(20) Concurrent cleanup
[2026-04-03T02:24:31.541+0600][34.044s][info][gc          ] GC(20) Concurrent cleanup 769M->276M(838M) 1.398ms
[2026-04-03T02:24:31.541+0600][34.044s][info][gc,ergo     ] GC(20) Free: 671M, Max: 256K regular, 141M humongous, Frag: 79% external, 0% internal; Reserve: 50806K, Max: 256K
[2026-04-03T02:24:31.541+0600][34.044s][info][gc,start    ] GC(20) Concurrent class unloading
[2026-04-03T02:24:31.541+0600][34.044s][info][gc,task     ] GC(20) Using 3 of 6 workers for concurrent class unloading
[2026-04-03T02:24:31.592+0600][34.095s][info][gc          ] GC(20) Concurrent class unloading 50.577ms
[2026-04-03T02:24:31.592+0600][34.095s][info][gc,start    ] GC(20) Concurrent strong roots
[2026-04-03T02:24:31.592+0600][34.095s][info][gc,task     ] GC(20) Using 3 of 6 workers for concurrent strong root
[2026-04-03T02:24:31.593+0600][34.097s][info][gc          ] GC(20) Concurrent strong roots 1.456ms
[2026-04-03T02:24:31.593+0600][34.097s][info][gc,start    ] GC(20) Concurrent evacuation
[2026-04-03T02:24:31.593+0600][34.097s][info][gc,task     ] GC(20) Using 3 of 6 workers for concurrent evacuation
[2026-04-03T02:24:31.599+0600][34.102s][info][gc          ] GC(20) Concurrent evacuation 5.687ms
[2026-04-03T02:24:31.600+0600][34.103s][info][gc,start    ] GC(20) Pause Init Update Refs
[2026-04-03T02:24:31.600+0600][34.103s][info][gc,ergo     ] GC(20) Pacer for Update Refs. Used: 331M, Free: 621M, Non-Taxable: 63598K, Alloc Tax Rate: 1.1x
[2026-04-03T02:24:31.600+0600][34.103s][info][gc          ] GC(20) Pause Init Update Refs 0.196ms
[2026-04-03T02:24:31.600+0600][34.103s][info][gc,start    ] GC(20) Concurrent update references
[2026-04-03T02:24:31.600+0600][34.103s][info][gc,task     ] GC(20) Using 3 of 6 workers for concurrent reference update
[2026-04-03T02:24:31.659+0600][34.162s][info][gc          ] GC(20) Concurrent update references 58.916ms
[2026-04-03T02:24:31.659+0600][34.162s][info][gc,start    ] GC(20) Concurrent update thread roots
[2026-04-03T02:24:31.664+0600][34.167s][info][gc          ] GC(20) Concurrent update thread roots 4.728ms
[2026-04-03T02:24:31.664+0600][34.168s][info][gc,start    ] GC(20) Pause Final Update Refs
[2026-04-03T02:24:31.665+0600][34.168s][info][gc,task     ] GC(20) Using 6 of 6 workers for final reference update
[2026-04-03T02:24:31.665+0600][34.168s][info][gc          ] GC(20) Pause Final Update Refs 0.334ms
[2026-04-03T02:24:31.665+0600][34.168s][info][gc,start    ] GC(20) Concurrent cleanup
[2026-04-03T02:24:31.666+0600][34.170s][info][gc          ] GC(20) Concurrent cleanup 355M->220M(839M) 1.305ms
[2026-04-03T02:24:31.667+0600][34.170s][info][gc,ergo     ] Free: 725M, Max: 256K regular, 258M humongous, Frag: 65% external, 0% internal; Reserve: 51200K, Max: 256K
[2026-04-03T02:24:31.667+0600][34.170s][info][gc,stats    ] 
[2026-04-03T02:24:31.667+0600][34.170s][info][gc,stats    ] All times are wall-clock times, except per-root-class counters, that are sum over
[2026-04-03T02:24:31.667+0600][34.170s][info][gc,stats    ] all workers. Dividing the <total> over the root stage time estimates parallelism.
[2026-04-03T02:24:31.667+0600][34.170s][info][gc,stats    ] 
[2026-04-03T02:24:31.667+0600][34.170s][info][gc,stats    ] Concurrent Reset                   2563 us
[2026-04-03T02:24:31.667+0600][34.170s][info][gc,stats    ] Pause Init Mark (G)                 949 us
[2026-04-03T02:24:31.667+0600][34.170s][info][gc,stats    ] Pause Init Mark (N)                 229 us
[2026-04-03T02:24:31.667+0600][34.170s][info][gc,stats    ]   Update Region States               60 us
[2026-04-03T02:24:31.667+0600][34.170s][info][gc,stats    ] Concurrent Mark Roots              4194 us, parallelism: 1.03x
[2026-04-03T02:24:31.667+0600][34.170s][info][gc,stats    ]   CMR: <total>                     4321 us
[2026-04-03T02:24:31.667+0600][34.171s][info][gc,stats    ]   CMR: Thread Roots                3884 us, workers (us): 3151, 372, 361, ---, ---, ---, 
[2026-04-03T02:24:31.667+0600][34.171s][info][gc,stats    ]   CMR: VM Strong Roots               63 us, workers (us):  60,   1,   2, ---, ---, ---, 
[2026-04-03T02:24:31.667+0600][34.171s][info][gc,stats    ]   CMR: CLDG Roots                   374 us, workers (us): 374, ---, ---, ---, ---, ---, 
[2026-04-03T02:24:31.667+0600][34.171s][info][gc,stats    ] Concurrent Marking                68173 us
[2026-04-03T02:24:31.667+0600][34.171s][info][gc,stats    ] Pause Final Mark (G)               1043 us
[2026-04-03T02:24:31.667+0600][34.171s][info][gc,stats    ] Pause Final Mark (N)                829 us
[2026-04-03T02:24:31.667+0600][34.171s][info][gc,stats    ]   Finish Mark                       228 us
[2026-04-03T02:24:31.667+0600][34.171s][info][gc,stats    ]   Update Region States               58 us
[2026-04-03T02:24:31.667+0600][34.171s][info][gc,stats    ]   Choose Collection Set             312 us
[2026-04-03T02:24:31.667+0600][34.171s][info][gc,stats    ]   Rebuild Free Set                   53 us
[2026-04-03T02:24:31.667+0600][34.171s][info][gc,stats    ] Concurrent Thread Roots            1863 us, parallelism: 2.49x
[2026-04-03T02:24:31.667+0600][34.171s][info][gc,stats    ]   CTR: <total>                     4636 us
[2026-04-03T02:24:31.667+0600][34.171s][info][gc,stats    ]   CTR: Thread Roots                4636 us, workers (us): 1676, 1498, 1462, ---, ---, ---, 
[2026-04-03T02:24:31.667+0600][34.171s][info][gc,stats    ] Concurrent Weak References          947 us, parallelism: 0.85x
[2026-04-03T02:24:31.667+0600][34.171s][info][gc,stats    ]   CWRF: <total>                     803 us
[2026-04-03T02:24:31.667+0600][34.171s][info][gc,stats    ]   CWRF: Weak References             803 us, workers (us): 731,  71,   0, ---, ---, ---, 
[2026-04-03T02:24:31.667+0600][34.171s][info][gc,stats    ] Concurrent Weak Roots             14381 us
[2026-04-03T02:24:31.667+0600][34.171s][info][gc,stats    ]   Roots                           11619 us, parallelism: 1.90x
[2026-04-03T02:24:31.667+0600][34.171s][info][gc,stats    ]     CWR: <total>                  22092 us
[2026-04-03T02:24:31.667+0600][34.171s][info][gc,stats    ]     CWR: Code Cache Roots         18988 us, workers (us): 7533, 5852, 5603, ---, ---, ---, 
[2026-04-03T02:24:31.667+0600][34.171s][info][gc,stats    ]     CWR: VM Weak Roots             2809 us, workers (us): 981, 969, 858, ---, ---, ---, 
[2026-04-03T02:24:31.667+0600][34.171s][info][gc,stats    ]     CWR: CLDG Roots                 295 us, workers (us): ---, ---, 295, ---, ---, ---, 
[2026-04-03T02:24:31.667+0600][34.171s][info][gc,stats    ]   Rendezvous                       2623 us
[2026-04-03T02:24:31.668+0600][34.171s][info][gc,stats    ] Concurrent Cleanup                 1450 us
[2026-04-03T02:24:31.668+0600][34.171s][info][gc,stats    ] Concurrent Class Unloading        50701 us
[2026-04-03T02:24:31.668+0600][34.171s][info][gc,stats    ]   Unlink Stale                    39149 us
[2026-04-03T02:24:31.668+0600][34.171s][info][gc,stats    ]     System Dictionary               301 us
[2026-04-03T02:24:31.668+0600][34.171s][info][gc,stats    ]     Weak Class Links                  0 us
[2026-04-03T02:24:31.668+0600][34.171s][info][gc,stats    ]     Code Roots                    38844 us
[2026-04-03T02:24:31.668+0600][34.171s][info][gc,stats    ]   Rendezvous                        391 us
[2026-04-03T02:24:31.668+0600][34.171s][info][gc,stats    ]   Purge Unlinked                  10993 us
[2026-04-03T02:24:31.668+0600][34.171s][info][gc,stats    ]     Code Roots                    10912 us
[2026-04-03T02:24:31.668+0600][34.171s][info][gc,stats    ]     CLDG                             78 us
[2026-04-03T02:24:31.668+0600][34.171s][info][gc,stats    ]     Exception Caches                  1 us
[2026-04-03T02:24:31.668+0600][34.171s][info][gc,stats    ] Concurrent Strong Roots            1535 us, parallelism: 0.68x
[2026-04-03T02:24:31.668+0600][34.171s][info][gc,stats    ]   CSR: <total>                     1042 us
[2026-04-03T02:24:31.668+0600][34.171s][info][gc,stats    ]   CSR: VM Strong Roots               67 us, workers (us):  32,  18,  17, ---, ---, ---, 
[2026-04-03T02:24:31.668+0600][34.171s][info][gc,stats    ]   CSR: CLDG Roots                   975 us, workers (us): 975, ---, ---, ---, ---, ---, 
[2026-04-03T02:24:31.668+0600][34.171s][info][gc,stats    ] Concurrent Evacuation              5802 us
[2026-04-03T02:24:31.668+0600][34.171s][info][gc,stats    ] Pause Init Update Refs (G)          776 us
[2026-04-03T02:24:31.668+0600][34.171s][info][gc,stats    ] Pause Init Update Refs (N)          216 us
[2026-04-03T02:24:31.668+0600][34.171s][info][gc,stats    ]   Manage GCLABs                      70 us
[2026-04-03T02:24:31.668+0600][34.171s][info][gc,stats    ] Concurrent Update Refs            59039 us
[2026-04-03T02:24:31.668+0600][34.171s][info][gc,stats    ] Concurrent Update Thread Roots     5108 us
[2026-04-03T02:24:31.668+0600][34.171s][info][gc,stats    ] Pause Final Update Refs (G)         825 us
[2026-04-03T02:24:31.668+0600][34.171s][info][gc,stats    ] Pause Final Update Refs (N)         364 us
[2026-04-03T02:24:31.668+0600][34.171s][info][gc,stats    ]   Update Region States              118 us
[2026-04-03T02:24:31.668+0600][34.171s][info][gc,stats    ]   Trash Collection Set               29 us
[2026-04-03T02:24:31.668+0600][34.171s][info][gc,stats    ]   Rebuild Free Set                   63 us
[2026-04-03T02:24:31.668+0600][34.171s][info][gc,stats    ] Concurrent Cleanup                 1575 us
[2026-04-03T02:24:31.668+0600][34.171s][info][gc,stats    ] Pacing                           283873 us
[2026-04-03T02:24:31.668+0600][34.171s][info][gc,stats    ] 
[2026-04-03T02:24:31.668+0600][34.171s][info][gc,stats    ] Allocation pacing accrued:
[2026-04-03T02:24:31.668+0600][34.171s][info][gc,stats    ]      37 of   960 ms (  3.8%): Executor task launch worker for task 6.0 in stage 445.0 (TID 905)
[2026-04-03T02:24:31.668+0600][34.171s][info][gc,stats    ]      36 of   960 ms (  3.8%): Executor task launch worker for task 4.0 in stage 445.0 (TID 903)
[2026-04-03T02:24:31.668+0600][34.171s][info][gc,stats    ]      36 of   960 ms (  3.8%): Executor task launch worker for task 0.0 in stage 445.0 (TID 899)
[2026-04-03T02:24:31.668+0600][34.171s][info][gc,stats    ]      33 of   960 ms (  3.5%): Executor task launch worker for task 7.0 in stage 445.0 (TID 906)
[2026-04-03T02:24:31.668+0600][34.171s][info][gc,stats    ]      34 of   960 ms (  3.5%): Executor task launch worker for task 2.0 in stage 445.0 (TID 901)
[2026-04-03T02:24:31.668+0600][34.171s][info][gc,stats    ]      36 of   960 ms (  3.8%): Executor task launch worker for task 3.0 in stage 445.0 (TID 902)
[2026-04-03T02:24:31.668+0600][34.171s][info][gc,stats    ]      35 of   960 ms (  3.6%): Executor task launch worker for task 1.0 in stage 445.0 (TID 900)
[2026-04-03T02:24:31.668+0600][34.171s][info][gc,stats    ]      36 of   960 ms (  3.8%): Executor task launch worker for task 5.0 in stage 445.0 (TID 904)
[2026-04-03T02:24:31.668+0600][34.171s][info][gc,stats    ]     284 of   960 ms ( 29.6%): <total>
[2026-04-03T02:24:31.668+0600][34.171s][info][gc,stats    ]       1 of   960 ms (  0.1%): <average total>
[2026-04-03T02:24:31.668+0600][34.171s][info][gc,stats    ]      35 of   960 ms (  3.7%): <average non-zero>
[2026-04-03T02:24:31.668+0600][34.171s][info][gc,stats    ] 
[2026-04-03T02:24:31.668+0600][34.171s][info][gc,metaspace] Metaspace: 130075K(131328K)->130084K(131328K) NonClass: 113639K(114304K)->113648K(114304K) Class: 16436K(17024K)->16436K(17024K)
[2026-04-03T02:24:31.668+0600][34.171s][info][gc,ergo     ] Pacer for Idle. Initial: 20480K, Alloc Tax Rate: 1.0x
[2026-04-03T02:24:31.973+0600][34.476s][info][gc          ] Trigger: Average GC time (250.66 ms) is above the time for average allocation rate (1945 MB/s) to deplete free headroom (207M) (margin of error = 1.82)
[2026-04-03T02:24:31.973+0600][34.476s][info][gc,ergo     ] Free headroom: 257M (free) - 51200K (spike) - 0B (penalties) = 207M
[2026-04-03T02:24:31.973+0600][34.476s][info][gc,ergo     ] Free: 257M, Max: 256K regular, 138M humongous, Frag: 47% external, 0% internal; Reserve: 51200K, Max: 256K
[2026-04-03T02:24:31.973+0600][34.476s][info][gc,start    ] GC(21) Concurrent reset
[2026-04-03T02:24:31.973+0600][34.476s][info][gc,task     ] GC(21) Using 3 of 6 workers for concurrent reset
[2026-04-03T02:24:31.973+0600][34.476s][info][gc,ergo     ] GC(21) Pacer for Reset. Non-Taxable: 1000M
[2026-04-03T02:24:31.975+0600][34.478s][info][gc          ] GC(21) Concurrent reset 2.142ms
[2026-04-03T02:24:31.976+0600][34.480s][info][gc,start    ] GC(21) Pause Init Mark (unload classes)
[2026-04-03T02:24:31.976+0600][34.480s][info][gc,task     ] GC(21) Using 6 of 6 workers for init marking
[2026-04-03T02:24:31.977+0600][34.480s][info][gc,ergo     ] GC(21) Pacer for Mark. Expected Live: 87200K, Free: 256M, Non-Taxable: 26310K, Alloc Tax Rate: 0.4x
[2026-04-03T02:24:31.977+0600][34.480s][info][gc          ] GC(21) Pause Init Mark (unload classes) 0.264ms
[2026-04-03T02:24:31.977+0600][34.480s][info][gc,start    ] GC(21) Concurrent marking roots
[2026-04-03T02:24:31.977+0600][34.480s][info][gc,task     ] GC(21) Using 3 of 6 workers for concurrent marking roots
[2026-04-03T02:24:31.982+0600][34.485s][info][gc          ] GC(21) Concurrent marking roots 5.145ms
[2026-04-03T02:24:31.982+0600][34.485s][info][gc,start    ] GC(21) Concurrent marking (unload classes)
[2026-04-03T02:24:31.982+0600][34.485s][info][gc,task     ] GC(21) Using 3 of 6 workers for concurrent marking
[2026-04-03T02:24:32.070+0600][34.574s][info][gc          ] GC(21) Concurrent marking (unload classes) 88.363ms
[2026-04-03T02:24:32.071+0600][34.574s][info][gc,start    ] GC(21) Pause Final Mark (unload classes)
[2026-04-03T02:24:32.071+0600][34.574s][info][gc,task     ] GC(21) Using 6 of 6 workers for final marking
[2026-04-03T02:24:32.072+0600][34.575s][info][gc,ergo     ] GC(21) Adaptive CSet Selection. Target Free: 141M, Actual Free: 787M, Max CSet: 42666K, Min Garbage: 0B
[2026-04-03T02:24:32.072+0600][34.575s][info][gc,ergo     ] GC(21) Collectable Garbage: 568M (98%), Immediate: 522M (90%), CSet: 47391K (8%)
[2026-04-03T02:24:32.072+0600][34.575s][info][gc,ergo     ] GC(21) Pacer for Evacuation. Used CSet: 53382K, Free: 766M, Non-Taxable: 78520K, Alloc Tax Rate: 1.1x
[2026-04-03T02:24:32.072+0600][34.575s][info][gc          ] GC(21) Pause Final Mark (unload classes) 0.943ms
[2026-04-03T02:24:32.072+0600][34.575s][info][gc,start    ] GC(21) Concurrent thread roots
[2026-04-03T02:24:32.072+0600][34.575s][info][gc,task     ] GC(21) Using 3 of 6 workers for Concurrent thread roots
[2026-04-03T02:24:32.074+0600][34.577s][info][gc          ] GC(21) Concurrent thread roots 1.605ms
[2026-04-03T02:24:32.074+0600][34.577s][info][gc,start    ] GC(21) Concurrent weak references
[2026-04-03T02:24:32.074+0600][34.577s][info][gc,task     ] GC(21) Using 3 of 6 workers for concurrent weak references
[2026-04-03T02:24:32.075+0600][34.578s][info][gc,ref      ] GC(21) Encountered references: Soft: 3872, Weak: 15209, Final: 84, Phantom: 620
[2026-04-03T02:24:32.075+0600][34.578s][info][gc,ref      ] GC(21) Discovered  references: Soft: 0, Weak: 8584, Final: 52, Phantom: 615
[2026-04-03T02:24:32.075+0600][34.578s][info][gc,ref      ] GC(21) Enqueued    references: Soft: 0, Weak: 574, Final: 0, Phantom: 0
[2026-04-03T02:24:32.075+0600][34.578s][info][gc          ] GC(21) Concurrent weak references 1.487ms
[2026-04-03T02:24:32.075+0600][34.578s][info][gc,start    ] GC(21) Concurrent weak roots
[2026-04-03T02:24:32.075+0600][34.578s][info][gc,task     ] GC(21) Using 3 of 6 workers for concurrent weak root
[2026-04-03T02:24:32.081+0600][34.584s][info][gc          ] GC(21) Concurrent weak roots 5.937ms
[2026-04-03T02:24:32.081+0600][34.585s][info][gc,start    ] GC(21) Concurrent cleanup
[2026-04-03T02:24:32.083+0600][34.586s][info][gc          ] GC(21) Concurrent cleanup 701M->179M(839M) 1.430ms
[2026-04-03T02:24:32.083+0600][34.586s][info][gc,ergo     ] GC(21) Free: 766M, Max: 256K regular, 235M humongous, Frag: 70% external, 0% internal; Reserve: 50786K, Max: 256K
[2026-04-03T02:24:32.083+0600][34.586s][info][gc,start    ] GC(21) Concurrent class unloading
[2026-04-03T02:24:32.083+0600][34.586s][info][gc,task     ] GC(21) Using 3 of 6 workers for concurrent class unloading
[2026-04-03T02:24:32.114+0600][34.617s][info][gc          ] GC(21) Concurrent class unloading 30.920ms
[2026-04-03T02:24:32.114+0600][34.617s][info][gc,start    ] GC(21) Concurrent strong roots
[2026-04-03T02:24:32.114+0600][34.617s][info][gc,task     ] GC(21) Using 3 of 6 workers for concurrent strong root
[2026-04-03T02:24:32.115+0600][34.619s][info][gc          ] GC(21) Concurrent strong roots 1.594ms
[2026-04-03T02:24:32.116+0600][34.619s][info][gc,start    ] GC(21) Concurrent evacuation
[2026-04-03T02:24:32.116+0600][34.619s][info][gc,task     ] GC(21) Using 3 of 6 workers for concurrent evacuation
[2026-04-03T02:24:32.124+0600][34.627s][info][gc          ] GC(21) Concurrent evacuation 7.981ms
[2026-04-03T02:24:32.124+0600][34.627s][info][gc,start    ] GC(21) Pause Init Update Refs
[2026-04-03T02:24:32.124+0600][34.627s][info][gc,ergo     ] GC(21) Pacer for Update Refs. Used: 299M, Free: 644M, Non-Taxable: 66020K, Alloc Tax Rate: 1.1x
[2026-04-03T02:24:32.124+0600][34.627s][info][gc          ] GC(21) Pause Init Update Refs 0.172ms
[2026-04-03T02:24:32.124+0600][34.628s][info][gc,start    ] GC(21) Concurrent update references
[2026-04-03T02:24:32.124+0600][34.628s][info][gc,task     ] GC(21) Using 3 of 6 workers for concurrent reference update
[2026-04-03T02:24:32.189+0600][34.693s][info][gc          ] GC(21) Concurrent update references 64.976ms
[2026-04-03T02:24:32.189+0600][34.693s][info][gc,start    ] GC(21) Concurrent update thread roots
[2026-04-03T02:24:32.191+0600][34.695s][info][gc          ] GC(21) Concurrent update thread roots 2.061ms
[2026-04-03T02:24:32.192+0600][34.695s][info][gc,start    ] GC(21) Pause Final Update Refs
[2026-04-03T02:24:32.192+0600][34.695s][info][gc,task     ] GC(21) Using 6 of 6 workers for final reference update
[2026-04-03T02:24:32.192+0600][34.695s][info][gc          ] GC(21) Pause Final Update Refs 0.337ms
[2026-04-03T02:24:32.192+0600][34.695s][info][gc,start    ] GC(21) Concurrent cleanup
[2026-04-03T02:24:32.193+0600][34.696s][info][gc          ] GC(21) Concurrent cleanup 467M->415M(843M) 0.405ms
[2026-04-03T02:24:32.193+0600][34.696s][info][gc,ergo     ] Free: 512M, Max: 256K regular, 266M humongous, Frag: 48% external, 1% internal; Reserve: 51200K, Max: 256K
[2026-04-03T02:24:32.193+0600][34.696s][info][gc,stats    ] 
[2026-04-03T02:24:32.193+0600][34.696s][info][gc,stats    ] All times are wall-clock times, except per-root-class counters, that are sum over
[2026-04-03T02:24:32.193+0600][34.696s][info][gc,stats    ] all workers. Dividing the <total> over the root stage time estimates parallelism.
[2026-04-03T02:24:32.193+0600][34.696s][info][gc,stats    ] 
[2026-04-03T02:24:32.193+0600][34.696s][info][gc,stats    ] Concurrent Reset                   2222 us
[2026-04-03T02:24:32.193+0600][34.696s][info][gc,stats    ] Pause Init Mark (G)                1591 us
[2026-04-03T02:24:32.193+0600][34.696s][info][gc,stats    ] Pause Init Mark (N)                 280 us
[2026-04-03T02:24:32.193+0600][34.696s][info][gc,stats    ]   Update Region States               87 us
[2026-04-03T02:24:32.193+0600][34.696s][info][gc,stats    ] Concurrent Mark Roots              5316 us, parallelism: 1.78x
[2026-04-03T02:24:32.193+0600][34.696s][info][gc,stats    ]   CMR: <total>                     9474 us
[2026-04-03T02:24:32.193+0600][34.696s][info][gc,stats    ]   CMR: Thread Roots                8879 us, workers (us): 4429, 2340, 2111, ---, ---, ---, 
[2026-04-03T02:24:32.193+0600][34.696s][info][gc,stats    ]   CMR: VM Strong Roots               61 us, workers (us):  59,   2,   1, ---, ---, ---, 
[2026-04-03T02:24:32.193+0600][34.696s][info][gc,stats    ]   CMR: CLDG Roots                   533 us, workers (us): ---, 533, ---, ---, ---, ---, 
[2026-04-03T02:24:32.193+0600][34.696s][info][gc,stats    ] Concurrent Marking                88496 us
[2026-04-03T02:24:32.193+0600][34.696s][info][gc,stats    ] Pause Final Mark (G)               1312 us
[2026-04-03T02:24:32.193+0600][34.696s][info][gc,stats    ] Pause Final Mark (N)                958 us
[2026-04-03T02:24:32.193+0600][34.696s][info][gc,stats    ]   Finish Mark                       321 us
[2026-04-03T02:24:32.193+0600][34.696s][info][gc,stats    ]   Update Region States               67 us
[2026-04-03T02:24:32.193+0600][34.696s][info][gc,stats    ]   Choose Collection Set             273 us
[2026-04-03T02:24:32.193+0600][34.696s][info][gc,stats    ]   Rebuild Free Set                   54 us
[2026-04-03T02:24:32.193+0600][34.696s][info][gc,stats    ] Concurrent Thread Roots            1694 us, parallelism: 2.47x
[2026-04-03T02:24:32.193+0600][34.696s][info][gc,stats    ]   CTR: <total>                     4187 us
[2026-04-03T02:24:32.193+0600][34.696s][info][gc,stats    ]   CTR: Thread Roots                4187 us, workers (us): 1404, 1388, 1395, ---, ---, ---, 
[2026-04-03T02:24:32.193+0600][34.696s][info][gc,stats    ] Concurrent Weak References         1539 us, parallelism: 1.01x
[2026-04-03T02:24:32.193+0600][34.696s][info][gc,stats    ]   CWRF: <total>                    1557 us
[2026-04-03T02:24:32.193+0600][34.696s][info][gc,stats    ]   CWRF: Weak References            1557 us, workers (us): 216, 1164, 177, ---, ---, ---, 
[2026-04-03T02:24:32.193+0600][34.696s][info][gc,stats    ] Concurrent Weak Roots              6064 us
[2026-04-03T02:24:32.193+0600][34.696s][info][gc,stats    ]   Roots                            5476 us, parallelism: 2.75x
[2026-04-03T02:24:32.193+0600][34.696s][info][gc,stats    ]     CWR: <total>                  15056 us
[2026-04-03T02:24:32.193+0600][34.696s][info][gc,stats    ]     CWR: Code Cache Roots         11142 us, workers (us): 3814, 3718, 3609, ---, ---, ---, 
[2026-04-03T02:24:32.193+0600][34.696s][info][gc,stats    ]     CWR: VM Weak Roots             3694 us, workers (us): 1263, 1227, 1204, ---, ---, ---, 
[2026-04-03T02:24:32.193+0600][34.697s][info][gc,stats    ]     CWR: CLDG Roots                 220 us, workers (us): ---, ---, 220, ---, ---, ---, 
[2026-04-03T02:24:32.193+0600][34.697s][info][gc,stats    ]   Rendezvous                        417 us
[2026-04-03T02:24:32.193+0600][34.697s][info][gc,stats    ] Concurrent Cleanup                 1478 us
[2026-04-03T02:24:32.193+0600][34.697s][info][gc,stats    ] Concurrent Class Unloading        31065 us
[2026-04-03T02:24:32.193+0600][34.697s][info][gc,stats    ]   Unlink Stale                    20990 us
[2026-04-03T02:24:32.193+0600][34.697s][info][gc,stats    ]     System Dictionary               288 us
[2026-04-03T02:24:32.193+0600][34.697s][info][gc,stats    ]     Weak Class Links                  0 us
[2026-04-03T02:24:32.193+0600][34.697s][info][gc,stats    ]     Code Roots                    20696 us
[2026-04-03T02:24:32.193+0600][34.697s][info][gc,stats    ]   Rendezvous                       2777 us
[2026-04-03T02:24:32.193+0600][34.697s][info][gc,stats    ]   Purge Unlinked                   7073 us
[2026-04-03T02:24:32.193+0600][34.697s][info][gc,stats    ]     Code Roots                     7049 us
[2026-04-03T02:24:32.193+0600][34.697s][info][gc,stats    ]     CLDG                             21 us
[2026-04-03T02:24:32.193+0600][34.697s][info][gc,stats    ]     Exception Caches                  1 us
[2026-04-03T02:24:32.193+0600][34.697s][info][gc,stats    ] Concurrent Strong Roots            1680 us, parallelism: 0.61x
[2026-04-03T02:24:32.193+0600][34.697s][info][gc,stats    ]   CSR: <total>                     1021 us
[2026-04-03T02:24:32.193+0600][34.697s][info][gc,stats    ]   CSR: VM Strong Roots              101 us, workers (us):  48,  30,  23, ---, ---, ---, 
[2026-04-03T02:24:32.193+0600][34.697s][info][gc,stats    ]   CSR: CLDG Roots                   920 us, workers (us): ---, ---, 920, ---, ---, ---, 
[2026-04-03T02:24:32.193+0600][34.697s][info][gc,stats    ] Concurrent Evacuation              8098 us
[2026-04-03T02:24:32.193+0600][34.697s][info][gc,stats    ] Pause Init Update Refs (G)          570 us
[2026-04-03T02:24:32.193+0600][34.697s][info][gc,stats    ] Pause Init Update Refs (N)          186 us
[2026-04-03T02:24:32.193+0600][34.697s][info][gc,stats    ]   Manage GCLABs                      32 us
[2026-04-03T02:24:32.193+0600][34.697s][info][gc,stats    ] Concurrent Update Refs            65082 us
[2026-04-03T02:24:32.193+0600][34.697s][info][gc,stats    ] Concurrent Update Thread Roots     2124 us
[2026-04-03T02:24:32.193+0600][34.697s][info][gc,stats    ] Pause Final Update Refs (G)         649 us
[2026-04-03T02:24:32.193+0600][34.697s][info][gc,stats    ] Pause Final Update Refs (N)         379 us
[2026-04-03T02:24:32.193+0600][34.697s][info][gc,stats    ]   Update Region States              136 us
[2026-04-03T02:24:32.193+0600][34.697s][info][gc,stats    ]   Trash Collection Set               22 us
[2026-04-03T02:24:32.194+0600][34.697s][info][gc,stats    ]   Rebuild Free Set                   78 us
[2026-04-03T02:24:32.194+0600][34.697s][info][gc,stats    ] Concurrent Cleanup                  481 us
[2026-04-03T02:24:32.194+0600][34.697s][info][gc,stats    ] Pacing                            54475 us
[2026-04-03T02:24:32.194+0600][34.697s][info][gc,stats    ] 
[2026-04-03T02:24:32.194+0600][34.697s][info][gc,stats    ] Allocation pacing accrued:
[2026-04-03T02:24:32.194+0600][34.697s][info][gc,stats    ]       3 of   526 ms (  0.7%): dispatcher-BlockManagerMaster
[2026-04-03T02:24:32.194+0600][34.697s][info][gc,stats    ]       4 of   526 ms (  0.7%): spark-listener-group-executorManagement
[2026-04-03T02:24:32.194+0600][34.697s][info][gc,stats    ]       8 of   526 ms (  1.6%): Executor task launch worker for task 1.0 in stage 460.0 (TID 926)
[2026-04-03T02:24:32.194+0600][34.697s][info][gc,stats    ]      10 of   526 ms (  1.8%): Executor task launch worker for task 0.0 in stage 460.0 (TID 925)
[2026-04-03T02:24:32.194+0600][34.697s][info][gc,stats    ]       8 of   526 ms (  1.5%): Executor task launch worker for task 3.0 in stage 460.0 (TID 928)
[2026-04-03T02:24:32.194+0600][34.697s][info][gc,stats    ]       7 of   526 ms (  1.3%): Executor task launch worker for task 2.0 in stage 460.0 (TID 927)
[2026-04-03T02:24:32.194+0600][34.697s][info][gc,stats    ]       4 of   526 ms (  0.7%): block-manager-storage-async-thread-pool-15
[2026-04-03T02:24:32.194+0600][34.697s][info][gc,stats    ]       4 of   526 ms (  0.8%): block-manager-storage-async-thread-pool-17
[2026-04-03T02:24:32.194+0600][34.697s][info][gc,stats    ]       7 of   526 ms (  1.3%): block-manager-storage-async-thread-pool-19
[2026-04-03T02:24:32.194+0600][34.697s][info][gc,stats    ]      54 of   526 ms ( 10.4%): <total>
[2026-04-03T02:24:32.194+0600][34.697s][info][gc,stats    ]       0 of   526 ms (  0.0%): <average total>
[2026-04-03T02:24:32.194+0600][34.697s][info][gc,stats    ]       6 of   526 ms (  1.2%): <average non-zero>
[2026-04-03T02:24:32.194+0600][34.697s][info][gc,stats    ] 
[2026-04-03T02:24:32.194+0600][34.697s][info][gc,metaspace] Metaspace: 130104K(131328K)->130122K(131328K) NonClass: 113667K(114304K)->113684K(114304K) Class: 16437K(17024K)->16437K(17024K)
[2026-04-03T02:24:32.194+0600][34.697s][info][gc,ergo     ] Pacer for Idle. Initial: 20480K, Alloc Tax Rate: 1.0x
[2026-04-03T02:24:32.226+0600][34.730s][info][gc          ] Trigger: Average GC time (253.73 ms) is above the time for average allocation rate (1765 MB/s) to deplete free headroom (447M) (margin of error = 1.85)
[2026-04-03T02:24:32.226+0600][34.730s][info][gc,ergo     ] Free headroom: 497M (free) - 51200K (spike) - 0B (penalties) = 447M
[2026-04-03T02:24:32.227+0600][34.730s][info][gc,ergo     ] Free: 497M, Max: 256K regular, 266M humongous, Frag: 47% external, 0% internal; Reserve: 51200K, Max: 256K
[2026-04-03T02:24:32.227+0600][34.730s][info][gc,start    ] GC(22) Concurrent reset
[2026-04-03T02:24:32.227+0600][34.730s][info][gc,task     ] GC(22) Using 3 of 6 workers for concurrent reset
[2026-04-03T02:24:32.227+0600][34.730s][info][gc,ergo     ] GC(22) Pacer for Reset. Non-Taxable: 1000M
[2026-04-03T02:24:32.228+0600][34.731s][info][gc          ] GC(22) Concurrent reset 1.476ms
[2026-04-03T02:24:32.231+0600][34.734s][info][gc,start    ] GC(22) Pause Init Mark (unload classes)
[2026-04-03T02:24:32.231+0600][34.734s][info][gc,task     ] GC(22) Using 6 of 6 workers for init marking
[2026-04-03T02:24:32.231+0600][34.735s][info][gc,ergo     ] GC(22) Pacer for Mark. Expected Live: 87809K, Free: 487M, Non-Taxable: 49931K, Alloc Tax Rate: 0.2x
[2026-04-03T02:24:32.231+0600][34.735s][info][gc          ] GC(22) Pause Init Mark (unload classes) 0.284ms
[2026-04-03T02:24:32.235+0600][34.738s][info][gc,start    ] GC(22) Concurrent marking roots
[2026-04-03T02:24:32.235+0600][34.738s][info][gc,task     ] GC(22) Using 3 of 6 workers for concurrent marking roots
[2026-04-03T02:24:32.239+0600][34.742s][info][gc          ] GC(22) Concurrent marking roots 4.163ms
[2026-04-03T02:24:32.239+0600][34.742s][info][gc,start    ] GC(22) Concurrent marking (unload classes)
[2026-04-03T02:24:32.239+0600][34.742s][info][gc,task     ] GC(22) Using 3 of 6 workers for concurrent marking
[2026-04-03T02:24:32.315+0600][34.819s][info][gc          ] GC(22) Concurrent marking (unload classes) 76.474ms
[2026-04-03T02:24:32.316+0600][34.819s][info][gc,start    ] GC(22) Pause Final Mark (unload classes)
[2026-04-03T02:24:32.316+0600][34.819s][info][gc,task     ] GC(22) Using 6 of 6 workers for final marking
[2026-04-03T02:24:32.316+0600][34.820s][info][gc,ergo     ] GC(22) Adaptive CSet Selection. Target Free: 141M, Actual Free: 803M, Max CSet: 42666K, Min Garbage: 0B
[2026-04-03T02:24:32.317+0600][34.820s][info][gc,ergo     ] GC(22) Collectable Garbage: 348M (98%), Immediate: 308M (86%), CSet: 41114K (11%)
[2026-04-03T02:24:32.317+0600][34.820s][info][gc,ergo     ] GC(22) Pacer for Evacuation. Used CSet: 49079K, Free: 774M, Non-Taxable: 79271K, Alloc Tax Rate: 1.1x
[2026-04-03T02:24:32.317+0600][34.820s][info][gc          ] GC(22) Pause Final Mark (unload classes) 0.898ms
[2026-04-03T02:24:32.317+0600][34.820s][info][gc,start    ] GC(22) Concurrent thread roots
[2026-04-03T02:24:32.317+0600][34.820s][info][gc,task     ] GC(22) Using 3 of 6 workers for Concurrent thread roots
[2026-04-03T02:24:32.318+0600][34.821s][info][gc          ] GC(22) Concurrent thread roots 1.277ms
[2026-04-03T02:24:32.318+0600][34.821s][info][gc,start    ] GC(22) Concurrent weak references
[2026-04-03T02:24:32.318+0600][34.821s][info][gc,task     ] GC(22) Using 3 of 6 workers for concurrent weak references
[2026-04-03T02:24:32.319+0600][34.823s][info][gc,ref      ] GC(22) Encountered references: Soft: 3872, Weak: 14807, Final: 84, Phantom: 620
[2026-04-03T02:24:32.319+0600][34.823s][info][gc,ref      ] GC(22) Discovered  references: Soft: 0, Weak: 8107, Final: 52, Phantom: 616
[2026-04-03T02:24:32.319+0600][34.823s][info][gc,ref      ] GC(22) Enqueued    references: Soft: 0, Weak: 240, Final: 0, Phantom: 0
[2026-04-03T02:24:32.319+0600][34.823s][info][gc          ] GC(22) Concurrent weak references 1.215ms
[2026-04-03T02:24:32.319+0600][34.823s][info][gc,start    ] GC(22) Concurrent weak roots
[2026-04-03T02:24:32.319+0600][34.823s][info][gc,task     ] GC(22) Using 3 of 6 workers for concurrent weak root
[2026-04-03T02:24:32.325+0600][34.829s][info][gc          ] GC(22) Concurrent weak roots 6.004ms
[2026-04-03T02:24:32.325+0600][34.829s][info][gc,start    ] GC(22) Concurrent cleanup
[2026-04-03T02:24:32.327+0600][34.830s][info][gc          ] GC(22) Concurrent cleanup 481M->174M(843M) 1.022ms
[2026-04-03T02:24:32.327+0600][34.830s][info][gc,ergo     ] GC(22) Free: 771M, Max: 256K regular, 270M humongous, Frag: 65% external, 0% internal; Reserve: 50630K, Max: 256K
[2026-04-03T02:24:32.327+0600][34.830s][info][gc,start    ] GC(22) Concurrent class unloading
[2026-04-03T02:24:32.327+0600][34.830s][info][gc,task     ] GC(22) Using 3 of 6 workers for concurrent class unloading
[2026-04-03T02:24:32.344+0600][34.847s][info][gc          ] GC(22) Concurrent class unloading 17.225ms
[2026-04-03T02:24:32.344+0600][34.847s][info][gc,start    ] GC(22) Concurrent strong roots
[2026-04-03T02:24:32.344+0600][34.847s][info][gc,task     ] GC(22) Using 3 of 6 workers for concurrent strong root
[2026-04-03T02:24:32.346+0600][34.849s][info][gc          ] GC(22) Concurrent strong roots 1.704ms
[2026-04-03T02:24:32.346+0600][34.849s][info][gc,start    ] GC(22) Concurrent evacuation
[2026-04-03T02:24:32.346+0600][34.849s][info][gc,task     ] GC(22) Using 3 of 6 workers for concurrent evacuation
[2026-04-03T02:24:32.351+0600][34.854s][info][gc          ] GC(22) Concurrent evacuation 4.710ms
[2026-04-03T02:24:32.351+0600][34.854s][info][gc,start    ] GC(22) Pause Init Update Refs
[2026-04-03T02:24:32.351+0600][34.854s][info][gc,ergo     ] GC(22) Pacer for Update Refs. Used: 188M, Free: 764M, Non-Taxable: 78266K, Alloc Tax Rate: 1.1x
[2026-04-03T02:24:32.351+0600][34.854s][info][gc          ] GC(22) Pause Init Update Refs 0.126ms
[2026-04-03T02:24:32.351+0600][34.854s][info][gc,start    ] GC(22) Concurrent update references
[2026-04-03T02:24:32.351+0600][34.854s][info][gc,task     ] GC(22) Using 3 of 6 workers for concurrent reference update
[2026-04-03T02:24:32.409+0600][34.912s][info][gc          ] GC(22) Concurrent update references 57.824ms
[2026-04-03T02:24:32.409+0600][34.912s][info][gc,start    ] GC(22) Concurrent update thread roots
[2026-04-03T02:24:32.412+0600][34.915s][info][gc          ] GC(22) Concurrent update thread roots 2.415ms
[2026-04-03T02:24:32.413+0600][34.916s][info][gc,start    ] GC(22) Pause Final Update Refs
[2026-04-03T02:24:32.413+0600][34.916s][info][gc,task     ] GC(22) Using 6 of 6 workers for final reference update
[2026-04-03T02:24:32.413+0600][34.917s][info][gc          ] GC(22) Pause Final Update Refs 0.341ms
[2026-04-03T02:24:32.413+0600][34.917s][info][gc,start    ] GC(22) Concurrent cleanup
[2026-04-03T02:24:32.414+0600][34.917s][info][gc          ] GC(22) Concurrent cleanup 217M->169M(844M) 0.373ms
[2026-04-03T02:24:32.414+0600][34.917s][info][gc,ergo     ] Free: 773M, Max: 256K regular, 376M humongous, Frag: 52% external, 0% internal; Reserve: 51200K, Max: 256K
[2026-04-03T02:24:32.414+0600][34.917s][info][gc,stats    ] 
[2026-04-03T02:24:32.414+0600][34.917s][info][gc,stats    ] All times are wall-clock times, except per-root-class counters, that are sum over
[2026-04-03T02:24:32.414+0600][34.917s][info][gc,stats    ] all workers. Dividing the <total> over the root stage time estimates parallelism.
[2026-04-03T02:24:32.414+0600][34.917s][info][gc,stats    ] 
[2026-04-03T02:24:32.414+0600][34.917s][info][gc,stats    ] Concurrent Reset                   1545 us
[2026-04-03T02:24:32.414+0600][34.917s][info][gc,stats    ] Pause Init Mark (G)                6630 us
[2026-04-03T02:24:32.414+0600][34.917s][info][gc,stats    ] Pause Init Mark (N)                 302 us
[2026-04-03T02:24:32.414+0600][34.917s][info][gc,stats    ]   Update Region States               93 us
[2026-04-03T02:24:32.414+0600][34.918s][info][gc,stats    ] Concurrent Mark Roots              4245 us, parallelism: 1.47x
[2026-04-03T02:24:32.414+0600][34.918s][info][gc,stats    ]   CMR: <total>                     6221 us
[2026-04-03T02:24:32.414+0600][34.918s][info][gc,stats    ]   CMR: Thread Roots                5609 us, workers (us): 992, 3099, 1518, ---, ---, ---, 
[2026-04-03T02:24:32.414+0600][34.918s][info][gc,stats    ]   CMR: VM Strong Roots               84 us, workers (us):  31,  28,  26, ---, ---, ---, 
[2026-04-03T02:24:32.414+0600][34.918s][info][gc,stats    ]   CMR: CLDG Roots                   528 us, workers (us): 528, ---, ---, ---, ---, ---, 
[2026-04-03T02:24:32.414+0600][34.918s][info][gc,stats    ] Concurrent Marking                76588 us
[2026-04-03T02:24:32.414+0600][34.918s][info][gc,stats    ] Pause Final Mark (G)               1271 us
[2026-04-03T02:24:32.414+0600][34.918s][info][gc,stats    ] Pause Final Mark (N)                916 us
[2026-04-03T02:24:32.414+0600][34.918s][info][gc,stats    ]   Finish Mark                       267 us
[2026-04-03T02:24:32.414+0600][34.918s][info][gc,stats    ]   Update Region States               94 us
[2026-04-03T02:24:32.414+0600][34.918s][info][gc,stats    ]   Choose Collection Set             274 us
[2026-04-03T02:24:32.414+0600][34.918s][info][gc,stats    ]   Rebuild Free Set                   55 us
[2026-04-03T02:24:32.414+0600][34.918s][info][gc,stats    ] Concurrent Thread Roots            1313 us, parallelism: 2.42x
[2026-04-03T02:24:32.414+0600][34.918s][info][gc,stats    ]   CTR: <total>                     3174 us
[2026-04-03T02:24:32.414+0600][34.918s][info][gc,stats    ]   CTR: Thread Roots                3174 us, workers (us): 1081, 1047, 1046, ---, ---, ---, 
[2026-04-03T02:24:32.414+0600][34.918s][info][gc,stats    ] Concurrent Weak References         1228 us, parallelism: 1.08x
[2026-04-03T02:24:32.414+0600][34.918s][info][gc,stats    ]   CWRF: <total>                    1324 us
[2026-04-03T02:24:32.415+0600][34.918s][info][gc,stats    ]   CWRF: Weak References            1324 us, workers (us): 1023, 266,  35, ---, ---, ---, 
[2026-04-03T02:24:32.415+0600][34.918s][info][gc,stats    ] Concurrent Weak Roots              6104 us
[2026-04-03T02:24:32.415+0600][34.918s][info][gc,stats    ]   Roots                            5543 us, parallelism: 2.75x
[2026-04-03T02:24:32.415+0600][34.918s][info][gc,stats    ]     CWR: <total>                  15267 us
[2026-04-03T02:24:32.415+0600][34.918s][info][gc,stats    ]     CWR: Code Cache Roots         11253 us, workers (us): 3841, 3896, 3516, ---, ---, ---, 
[2026-04-03T02:24:32.415+0600][34.918s][info][gc,stats    ]     CWR: VM Weak Roots             3697 us, workers (us): 1257, 1237, 1203, ---, ---, ---, 
[2026-04-03T02:24:32.415+0600][34.918s][info][gc,stats    ]     CWR: CLDG Roots                 318 us, workers (us): ---, ---, 318, ---, ---, ---, 
[2026-04-03T02:24:32.415+0600][34.918s][info][gc,stats    ]   Rendezvous                        424 us
[2026-04-03T02:24:32.415+0600][34.918s][info][gc,stats    ] Concurrent Cleanup                 1092 us
[2026-04-03T02:24:32.415+0600][34.918s][info][gc,stats    ] Concurrent Class Unloading        17336 us
[2026-04-03T02:24:32.415+0600][34.918s][info][gc,stats    ]   Unlink Stale                    15534 us
[2026-04-03T02:24:32.415+0600][34.918s][info][gc,stats    ]     System Dictionary               295 us
[2026-04-03T02:24:32.415+0600][34.918s][info][gc,stats    ]     Weak Class Links                  1 us
[2026-04-03T02:24:32.415+0600][34.918s][info][gc,stats    ]     Code Roots                    15234 us
[2026-04-03T02:24:32.415+0600][34.918s][info][gc,stats    ]   Rendezvous                        453 us
[2026-04-03T02:24:32.415+0600][34.918s][info][gc,stats    ]   Purge Unlinked                   1171 us
[2026-04-03T02:24:32.415+0600][34.918s][info][gc,stats    ]     Code Roots                     1146 us
[2026-04-03T02:24:32.415+0600][34.918s][info][gc,stats    ]     CLDG                             23 us
[2026-04-03T02:24:32.415+0600][34.918s][info][gc,stats    ]     Exception Caches                  0 us
[2026-04-03T02:24:32.415+0600][34.918s][info][gc,stats    ] Concurrent Strong Roots            1821 us, parallelism: 0.64x
[2026-04-03T02:24:32.415+0600][34.918s][info][gc,stats    ]   CSR: <total>                     1157 us
[2026-04-03T02:24:32.415+0600][34.918s][info][gc,stats    ]   CSR: VM Strong Roots               84 us, workers (us):  55,  14,  15, ---, ---, ---, 
[2026-04-03T02:24:32.415+0600][34.918s][info][gc,stats    ]   CSR: CLDG Roots                  1073 us, workers (us): ---, 1073, ---, ---, ---, ---, 
[2026-04-03T02:24:32.415+0600][34.918s][info][gc,stats    ] Concurrent Evacuation              4809 us
[2026-04-03T02:24:32.415+0600][34.918s][info][gc,stats    ] Pause Init Update Refs (G)          428 us
[2026-04-03T02:24:32.415+0600][34.918s][info][gc,stats    ] Pause Init Update Refs (N)          144 us
[2026-04-03T02:24:32.415+0600][34.918s][info][gc,stats    ]   Manage GCLABs                      42 us
[2026-04-03T02:24:32.415+0600][34.918s][info][gc,stats    ] Concurrent Update Refs            58068 us
[2026-04-03T02:24:32.415+0600][34.918s][info][gc,stats    ] Concurrent Update Thread Roots     2611 us
[2026-04-03T02:24:32.415+0600][34.918s][info][gc,stats    ] Pause Final Update Refs (G)        1704 us
[2026-04-03T02:24:32.415+0600][34.918s][info][gc,stats    ] Pause Final Update Refs (N)         371 us
[2026-04-03T02:24:32.415+0600][34.918s][info][gc,stats    ]   Update Region States              104 us
[2026-04-03T02:24:32.415+0600][34.918s][info][gc,stats    ]   Trash Collection Set               20 us
[2026-04-03T02:24:32.415+0600][34.918s][info][gc,stats    ]   Rebuild Free Set                   63 us
[2026-04-03T02:24:32.415+0600][34.918s][info][gc,stats    ] Concurrent Cleanup                  416 us
[2026-04-03T02:24:32.415+0600][34.918s][info][gc,stats    ] 
[2026-04-03T02:24:32.415+0600][34.918s][info][gc,stats    ] Allocation pacing accrued:
[2026-04-03T02:24:32.415+0600][34.918s][info][gc,stats    ]       0 of   221 ms (  0.0%): <total>
[2026-04-03T02:24:32.415+0600][34.918s][info][gc,stats    ]       0 of   221 ms (  0.0%): <average total>
[2026-04-03T02:24:32.415+0600][34.918s][info][gc,stats    ] 
[2026-04-03T02:24:32.415+0600][34.918s][info][gc,metaspace] Metaspace: 130122K(131328K)->130125K(131328K) NonClass: 113684K(114304K)->113688K(114304K) Class: 16437K(17024K)->16437K(17024K)
[2026-04-03T02:24:32.415+0600][34.918s][info][gc,ergo     ] Pacer for Idle. Initial: 20480K, Alloc Tax Rate: 1.0x
[2026-04-03T02:24:33.223+0600][35.726s][info][gc          ] Trigger: Average GC time (234.86 ms) is above the time for average allocation rate (893 MB/s) to deplete free headroom (209M) (margin of error = 1.85)
[2026-04-03T02:24:33.223+0600][35.726s][info][gc,ergo     ] Free headroom: 259M (free) - 51200K (spike) - 0B (penalties) = 209M
[2026-04-03T02:24:33.223+0600][35.726s][info][gc,ergo     ] Free: 258M, Max: 256K regular, 258M humongous, Frag: 0% external, 0% internal; Reserve: 51200K, Max: 256K
[2026-04-03T02:24:33.223+0600][35.726s][info][gc,start    ] GC(23) Concurrent reset
[2026-04-03T02:24:33.223+0600][35.726s][info][gc,task     ] GC(23) Using 3 of 6 workers for concurrent reset
[2026-04-03T02:24:33.223+0600][35.726s][info][gc,ergo     ] GC(23) Pacer for Reset. Non-Taxable: 1000M
[2026-04-03T02:24:33.224+0600][35.728s][info][gc          ] GC(23) Concurrent reset 1.388ms
[2026-04-03T02:24:33.225+0600][35.728s][info][gc,start    ] GC(23) Pause Init Mark (unload classes)
[2026-04-03T02:24:33.248+0600][35.752s][info][gc,task     ] GC(23) Using 6 of 6 workers for init marking
[2026-04-03T02:24:33.249+0600][35.752s][info][gc,ergo     ] GC(23) Pacer for Mark. Expected Live: 88231K, Free: 256M, Non-Taxable: 26273K, Alloc Tax Rate: 0.4x
[2026-04-03T02:24:33.249+0600][35.752s][info][gc          ] GC(23) Pause Init Mark (unload classes) 23.468ms
[2026-04-03T02:24:33.249+0600][35.752s][info][gc,start    ] GC(23) Concurrent marking roots
[2026-04-03T02:24:33.249+0600][35.752s][info][gc,task     ] GC(23) Using 3 of 6 workers for concurrent marking roots
[2026-04-03T02:24:33.252+0600][35.755s][info][gc          ] GC(23) Concurrent marking roots 2.683ms
[2026-04-03T02:24:33.252+0600][35.755s][info][gc,start    ] GC(23) Concurrent marking (unload classes)
[2026-04-03T02:24:33.252+0600][35.755s][info][gc,task     ] GC(23) Using 3 of 6 workers for concurrent marking
[2026-04-03T02:24:33.328+0600][35.831s][info][gc          ] GC(23) Concurrent marking (unload classes) 75.879ms
[2026-04-03T02:24:33.328+0600][35.831s][info][gc,start    ] GC(23) Pause Final Mark (unload classes)
[2026-04-03T02:24:33.328+0600][35.831s][info][gc,task     ] GC(23) Using 6 of 6 workers for final marking
[2026-04-03T02:24:33.329+0600][35.832s][info][gc,ergo     ] GC(23) Adaptive CSet Selection. Target Free: 141M, Actual Free: 703M, Max CSet: 42666K, Min Garbage: 0B
[2026-04-03T02:24:33.329+0600][35.832s][info][gc,ergo     ] GC(23) Collectable Garbage: 560M (98%), Immediate: 442M (78%), CSet: 117M (20%)
[2026-04-03T02:24:33.329+0600][35.832s][info][gc,ergo     ] GC(23) Pacer for Evacuation. Used CSet: 122M, Free: 691M, Non-Taxable: 70817K, Alloc Tax Rate: 1.1x
[2026-04-03T02:24:33.329+0600][35.832s][info][gc          ] GC(23) Pause Final Mark (unload classes) 1.094ms
[2026-04-03T02:24:33.330+0600][35.833s][info][gc,start    ] GC(23) Concurrent thread roots
[2026-04-03T02:24:33.330+0600][35.833s][info][gc,task     ] GC(23) Using 3 of 6 workers for Concurrent thread roots
[2026-04-03T02:24:33.338+0600][35.841s][info][gc          ] GC(23) Concurrent thread roots 8.274ms
[2026-04-03T02:24:33.338+0600][35.842s][info][gc,start    ] GC(23) Concurrent weak references
[2026-04-03T02:24:33.338+0600][35.842s][info][gc,task     ] GC(23) Using 3 of 6 workers for concurrent weak references
[2026-04-03T02:24:33.339+0600][35.843s][info][gc,ref      ] GC(23) Encountered references: Soft: 3872, Weak: 15433, Final: 84, Phantom: 620
[2026-04-03T02:24:33.340+0600][35.843s][info][gc,ref      ] GC(23) Discovered  references: Soft: 0, Weak: 7625, Final: 0, Phantom: 594
[2026-04-03T02:24:33.340+0600][35.843s][info][gc,ref      ] GC(23) Enqueued    references: Soft: 0, Weak: 395, Final: 0, Phantom: 0
[2026-04-03T02:24:33.340+0600][35.843s][info][gc          ] GC(23) Concurrent weak references 1.348ms
[2026-04-03T02:24:33.340+0600][35.843s][info][gc,start    ] GC(23) Concurrent weak roots
[2026-04-03T02:24:33.340+0600][35.843s][info][gc,task     ] GC(23) Using 3 of 6 workers for concurrent weak root
[2026-04-03T02:24:33.349+0600][35.852s][info][gc          ] GC(23) Concurrent weak roots 9.178ms
[2026-04-03T02:24:33.349+0600][35.852s][info][gc,start    ] GC(23) Concurrent cleanup
[2026-04-03T02:24:33.350+0600][35.854s][info][gc          ] GC(23) Concurrent cleanup 709M->267M(844M) 1.276ms
[2026-04-03T02:24:33.350+0600][35.854s][info][gc,ergo     ] GC(23) Free: 678M, Max: 256K regular, 198M humongous, Frag: 71% external, 0% internal; Reserve: 50342K, Max: 256K
[2026-04-03T02:24:33.350+0600][35.854s][info][gc,start    ] GC(23) Concurrent class unloading
[2026-04-03T02:24:33.350+0600][35.854s][info][gc,task     ] GC(23) Using 3 of 6 workers for concurrent class unloading
[2026-04-03T02:24:33.373+0600][35.876s][info][gc          ] GC(23) Concurrent class unloading 22.594ms
[2026-04-03T02:24:33.373+0600][35.876s][info][gc,start    ] GC(23) Concurrent strong roots
[2026-04-03T02:24:33.373+0600][35.876s][info][gc,task     ] GC(23) Using 3 of 6 workers for concurrent strong root
[2026-04-03T02:24:33.375+0600][35.878s][info][gc          ] GC(23) Concurrent strong roots 1.799ms
[2026-04-03T02:24:33.375+0600][35.878s][info][gc,start    ] GC(23) Concurrent evacuation
[2026-04-03T02:24:33.375+0600][35.878s][info][gc,task     ] GC(23) Using 3 of 6 workers for concurrent evacuation
[2026-04-03T02:24:33.378+0600][35.882s][info][gc          ] GC(23) Concurrent evacuation 3.272ms
[2026-04-03T02:24:33.379+0600][35.882s][info][gc,start    ] GC(23) Pause Init Update Refs
[2026-04-03T02:24:33.379+0600][35.882s][info][gc,ergo     ] GC(23) Pacer for Update Refs. Used: 279M, Free: 670M, Non-Taxable: 68683K, Alloc Tax Rate: 1.1x
[2026-04-03T02:24:33.379+0600][35.882s][info][gc          ] GC(23) Pause Init Update Refs 0.303ms
[2026-04-03T02:24:33.379+0600][35.882s][info][gc,start    ] GC(23) Concurrent update references
[2026-04-03T02:24:33.379+0600][35.883s][info][gc,task     ] GC(23) Using 3 of 6 workers for concurrent reference update
[2026-04-03T02:24:33.434+0600][35.938s][info][gc          ] GC(23) Concurrent update references 55.186ms
[2026-04-03T02:24:33.434+0600][35.938s][info][gc,start    ] GC(23) Concurrent update thread roots
[2026-04-03T02:24:33.437+0600][35.940s][info][gc          ] GC(23) Concurrent update thread roots 2.138ms
[2026-04-03T02:24:33.437+0600][35.940s][info][gc,start    ] GC(23) Pause Final Update Refs
[2026-04-03T02:24:33.437+0600][35.940s][info][gc,task     ] GC(23) Using 6 of 6 workers for final reference update
[2026-04-03T02:24:33.437+0600][35.940s][info][gc          ] GC(23) Pause Final Update Refs 0.231ms
[2026-04-03T02:24:33.438+0600][35.941s][info][gc,start    ] GC(23) Concurrent cleanup
[2026-04-03T02:24:33.439+0600][35.942s][info][gc          ] GC(23) Concurrent cleanup 311M->189M(844M) 0.996ms
[2026-04-03T02:24:33.439+0600][35.942s][info][gc,ergo     ] Free: 751M, Max: 256K regular, 258M humongous, Frag: 66% external, 0% internal; Reserve: 51200K, Max: 256K
[2026-04-03T02:24:33.439+0600][35.942s][info][gc,stats    ] 
[2026-04-03T02:24:33.439+0600][35.942s][info][gc,stats    ] All times are wall-clock times, except per-root-class counters, that are sum over
[2026-04-03T02:24:33.439+0600][35.942s][info][gc,stats    ] all workers. Dividing the <total> over the root stage time estimates parallelism.
[2026-04-03T02:24:33.439+0600][35.942s][info][gc,stats    ] 
[2026-04-03T02:24:33.439+0600][35.942s][info][gc,stats    ] Concurrent Reset                   1498 us
[2026-04-03T02:24:33.439+0600][35.942s][info][gc,stats    ] Pause Init Mark (G)               24519 us
[2026-04-03T02:24:33.439+0600][35.942s][info][gc,stats    ] Pause Init Mark (N)               23479 us
[2026-04-03T02:24:33.439+0600][35.942s][info][gc,stats    ]   Update Region States               59 us
[2026-04-03T02:24:33.439+0600][35.942s][info][gc,stats    ] Concurrent Mark Roots              2758 us, parallelism: 0.83x
[2026-04-03T02:24:33.439+0600][35.942s][info][gc,stats    ]   CMR: <total>                     2292 us
[2026-04-03T02:24:33.439+0600][35.942s][info][gc,stats    ]   CMR: Thread Roots                2064 us, workers (us): 2063,   0,   0, ---, ---, ---, 
[2026-04-03T02:24:33.439+0600][35.942s][info][gc,stats    ]   CMR: VM Strong Roots               35 us, workers (us):  34,   0,   0, ---, ---, ---, 
[2026-04-03T02:24:33.439+0600][35.942s][info][gc,stats    ]   CMR: CLDG Roots                   194 us, workers (us): 194, ---, ---, ---, ---, ---, 
[2026-04-03T02:24:33.439+0600][35.942s][info][gc,stats    ] Concurrent Marking                75977 us
[2026-04-03T02:24:33.439+0600][35.942s][info][gc,stats    ] Pause Final Mark (G)               2131 us
[2026-04-03T02:24:33.439+0600][35.942s][info][gc,stats    ] Pause Final Mark (N)               1109 us
[2026-04-03T02:24:33.439+0600][35.942s][info][gc,stats    ]   Finish Mark                       321 us
[2026-04-03T02:24:33.439+0600][35.942s][info][gc,stats    ]   Update Region States               83 us
[2026-04-03T02:24:33.439+0600][35.942s][info][gc,stats    ]   Choose Collection Set             440 us
[2026-04-03T02:24:33.439+0600][35.942s][info][gc,stats    ]   Rebuild Free Set                   62 us
[2026-04-03T02:24:33.439+0600][35.942s][info][gc,stats    ] Concurrent Thread Roots            8397 us, parallelism: 1.36x
[2026-04-03T02:24:33.439+0600][35.942s][info][gc,stats    ]   CTR: <total>                    11447 us
[2026-04-03T02:24:33.439+0600][35.942s][info][gc,stats    ]   CTR: Thread Roots               11447 us, workers (us): 1755, 8023, 1668, ---, ---, ---, 
[2026-04-03T02:24:33.439+0600][35.942s][info][gc,stats    ] Concurrent Weak References         1366 us, parallelism: 1.01x
[2026-04-03T02:24:33.439+0600][35.942s][info][gc,stats    ]   CWRF: <total>                    1379 us
[2026-04-03T02:24:33.439+0600][35.943s][info][gc,stats    ]   CWRF: Weak References            1379 us, workers (us): 1116, 263,   0, ---, ---, ---, 
[2026-04-03T02:24:33.439+0600][35.943s][info][gc,stats    ] Concurrent Weak Roots              9326 us
[2026-04-03T02:24:33.439+0600][35.943s][info][gc,stats    ]   Roots                            8603 us, parallelism: 2.55x
[2026-04-03T02:24:33.439+0600][35.943s][info][gc,stats    ]     CWR: <total>                  21970 us
[2026-04-03T02:24:33.439+0600][35.943s][info][gc,stats    ]     CWR: Code Cache Roots         12967 us, workers (us): 5791, 5387, 1788, ---, ---, ---, 
[2026-04-03T02:24:33.439+0600][35.943s][info][gc,stats    ]     CWR: VM Weak Roots             8595 us, workers (us): 1751, 1543, 5300, ---, ---, ---, 
[2026-04-03T02:24:33.439+0600][35.943s][info][gc,stats    ]     CWR: CLDG Roots                 409 us, workers (us): ---, 409, ---, ---, ---, ---, 
[2026-04-03T02:24:33.439+0600][35.943s][info][gc,stats    ]   Rendezvous                        534 us
[2026-04-03T02:24:33.439+0600][35.943s][info][gc,stats    ] Concurrent Cleanup                 1368 us
[2026-04-03T02:24:33.439+0600][35.943s][info][gc,stats    ] Concurrent Class Unloading        22705 us
[2026-04-03T02:24:33.439+0600][35.943s][info][gc,stats    ]   Unlink Stale                    17311 us
[2026-04-03T02:24:33.439+0600][35.943s][info][gc,stats    ]     System Dictionary               448 us
[2026-04-03T02:24:33.439+0600][35.943s][info][gc,stats    ]     Weak Class Links                  1 us
[2026-04-03T02:24:33.439+0600][35.943s][info][gc,stats    ]     Code Roots                    16856 us
[2026-04-03T02:24:33.439+0600][35.943s][info][gc,stats    ]   Rendezvous                        409 us
[2026-04-03T02:24:33.439+0600][35.943s][info][gc,stats    ]   Purge Unlinked                   4820 us
[2026-04-03T02:24:33.439+0600][35.943s][info][gc,stats    ]     Code Roots                     4787 us
[2026-04-03T02:24:33.439+0600][35.943s][info][gc,stats    ]     CLDG                             30 us
[2026-04-03T02:24:33.439+0600][35.943s][info][gc,stats    ]     Exception Caches                  0 us
[2026-04-03T02:24:33.439+0600][35.943s][info][gc,stats    ] Concurrent Strong Roots            1869 us, parallelism: 0.69x
[2026-04-03T02:24:33.439+0600][35.943s][info][gc,stats    ]   CSR: <total>                     1284 us
[2026-04-03T02:24:33.439+0600][35.943s][info][gc,stats    ]   CSR: VM Strong Roots               61 us, workers (us):  28,  17,  16, ---, ---, ---, 
[2026-04-03T02:24:33.439+0600][35.943s][info][gc,stats    ]   CSR: CLDG Roots                  1224 us, workers (us): ---, ---, 1224, ---, ---, ---, 
[2026-04-03T02:24:33.439+0600][35.943s][info][gc,stats    ] Concurrent Evacuation              3358 us
[2026-04-03T02:24:33.439+0600][35.943s][info][gc,stats    ] Pause Init Update Refs (G)          788 us
[2026-04-03T02:24:33.440+0600][35.943s][info][gc,stats    ] Pause Init Update Refs (N)          316 us
[2026-04-03T02:24:33.440+0600][35.943s][info][gc,stats    ]   Manage GCLABs                      61 us
[2026-04-03T02:24:33.440+0600][35.943s][info][gc,stats    ] Concurrent Update Refs            55275 us
[2026-04-03T02:24:33.440+0600][35.943s][info][gc,stats    ] Concurrent Update Thread Roots     2249 us
[2026-04-03T02:24:33.440+0600][35.943s][info][gc,stats    ] Pause Final Update Refs (G)        1047 us
[2026-04-03T02:24:33.440+0600][35.943s][info][gc,stats    ] Pause Final Update Refs (N)         250 us
[2026-04-03T02:24:33.440+0600][35.943s][info][gc,stats    ]   Update Region States               80 us
[2026-04-03T02:24:33.440+0600][35.943s][info][gc,stats    ]   Trash Collection Set               26 us
[2026-04-03T02:24:33.440+0600][35.943s][info][gc,stats    ]   Rebuild Free Set                   73 us
[2026-04-03T02:24:33.440+0600][35.943s][info][gc,stats    ] Concurrent Cleanup                 1079 us
[2026-04-03T02:24:33.440+0600][35.943s][info][gc,stats    ] Pacing                           111229 us
[2026-04-03T02:24:33.440+0600][35.943s][info][gc,stats    ] 
[2026-04-03T02:24:33.440+0600][35.943s][info][gc,stats    ] Allocation pacing accrued:
[2026-04-03T02:24:33.440+0600][35.943s][info][gc,stats    ]      21 of  1025 ms (  2.0%): Executor task launch worker for task 1.0 in stage 490.0 (TID 1034)
[2026-04-03T02:24:33.440+0600][35.943s][info][gc,stats    ]      10 of  1025 ms (  1.0%): Executor task launch worker for task 3.0 in stage 490.0 (TID 1036)
[2026-04-03T02:24:33.440+0600][35.943s][info][gc,stats    ]      11 of  1025 ms (  1.0%): Executor task launch worker for task 6.0 in stage 490.0 (TID 1039)
[2026-04-03T02:24:33.440+0600][35.943s][info][gc,stats    ]      11 of  1025 ms (  1.1%): Executor task launch worker for task 5.0 in stage 490.0 (TID 1038)
[2026-04-03T02:24:33.440+0600][35.943s][info][gc,stats    ]      11 of  1025 ms (  1.0%): Executor task launch worker for task 7.0 in stage 490.0 (TID 1040)
[2026-04-03T02:24:33.440+0600][35.943s][info][gc,stats    ]      10 of  1025 ms (  0.9%): Executor task launch worker for task 4.0 in stage 490.0 (TID 1037)
[2026-04-03T02:24:33.440+0600][35.943s][info][gc,stats    ]      17 of  1025 ms (  1.6%): Executor task launch worker for task 2.0 in stage 490.0 (TID 1035)
[2026-04-03T02:24:33.440+0600][35.943s][info][gc,stats    ]      21 of  1025 ms (  2.1%): Executor task launch worker for task 0.0 in stage 490.0 (TID 1033)
[2026-04-03T02:24:33.440+0600][35.943s][info][gc,stats    ]     111 of  1025 ms ( 10.9%): <total>
[2026-04-03T02:24:33.440+0600][35.943s][info][gc,stats    ]       0 of  1025 ms (  0.0%): <average total>
[2026-04-03T02:24:33.440+0600][35.943s][info][gc,stats    ]      14 of  1025 ms (  1.4%): <average non-zero>
[2026-04-03T02:24:33.440+0600][35.943s][info][gc,stats    ] 
[2026-04-03T02:24:33.440+0600][35.943s][info][gc,metaspace] Metaspace: 130208K(131392K)->130224K(131392K) NonClass: 113769K(114368K)->113785K(114368K) Class: 16439K(17024K)->16439K(17024K)
[2026-04-03T02:24:33.440+0600][35.943s][info][gc,ergo     ] Pacer for Idle. Initial: 20480K, Alloc Tax Rate: 1.0x
[2026-04-03T02:24:33.992+0600][36.495s][info][gc          ] Trigger: Average GC time (238.34 ms) is above the time for average allocation rate (957 MB/s) to deplete free headroom (224M) (margin of error = 1.85)
[2026-04-03T02:24:33.992+0600][36.495s][info][gc,ergo     ] Free headroom: 274M (free) - 51200K (spike) - 0B (penalties) = 224M
[2026-04-03T02:24:33.992+0600][36.495s][info][gc,ergo     ] Free: 274M, Max: 256K regular, 196M humongous, Frag: 29% external, 0% internal; Reserve: 51200K, Max: 256K
[2026-04-03T02:24:33.992+0600][36.495s][info][gc,start    ] GC(24) Concurrent reset
[2026-04-03T02:24:33.992+0600][36.495s][info][gc,task     ] GC(24) Using 3 of 6 workers for concurrent reset
[2026-04-03T02:24:33.992+0600][36.495s][info][gc,ergo     ] GC(24) Pacer for Reset. Non-Taxable: 1000M
[2026-04-03T02:24:33.993+0600][36.497s][info][gc          ] GC(24) Concurrent reset 1.228ms
[2026-04-03T02:24:33.994+0600][36.497s][info][gc,start    ] GC(24) Pause Init Mark (unload classes)
[2026-04-03T02:24:33.994+0600][36.497s][info][gc,task     ] GC(24) Using 6 of 6 workers for init marking
[2026-04-03T02:24:33.994+0600][36.497s][info][gc,ergo     ] GC(24) Pacer for Mark. Expected Live: 88408K, Free: 274M, Non-Taxable: 28069K, Alloc Tax Rate: 0.4x
[2026-04-03T02:24:33.994+0600][36.497s][info][gc          ] GC(24) Pause Init Mark (unload classes) 0.122ms
[2026-04-03T02:24:33.994+0600][36.497s][info][gc,start    ] GC(24) Concurrent marking roots
[2026-04-03T02:24:33.994+0600][36.497s][info][gc,task     ] GC(24) Using 3 of 6 workers for concurrent marking roots
[2026-04-03T02:24:33.995+0600][36.498s][info][gc          ] GC(24) Concurrent marking roots 1.228ms
[2026-04-03T02:24:33.995+0600][36.498s][info][gc,start    ] GC(24) Concurrent marking (unload classes)
[2026-04-03T02:24:33.995+0600][36.498s][info][gc,task     ] GC(24) Using 3 of 6 workers for concurrent marking
[2026-04-03T02:24:34.061+0600][36.564s][info][gc          ] GC(24) Concurrent marking (unload classes) 66.064ms
[2026-04-03T02:24:34.061+0600][36.565s][info][gc,start    ] GC(24) Pause Final Mark (unload classes)
[2026-04-03T02:24:34.061+0600][36.565s][info][gc,task     ] GC(24) Using 6 of 6 workers for final marking
[2026-04-03T02:24:34.062+0600][36.565s][info][gc,ergo     ] GC(24) Adaptive CSet Selection. Target Free: 141M, Actual Free: 777M, Max CSet: 42666K, Min Garbage: 0B
[2026-04-03T02:24:34.062+0600][36.565s][info][gc,ergo     ] GC(24) Collectable Garbage: 547M (98%), Immediate: 483M (87%), CSet: 65628K (11%)
[2026-04-03T02:24:34.062+0600][36.565s][info][gc,ergo     ] GC(24) Pacer for Evacuation. Used CSet: 69607K, Free: 761M, Non-Taxable: 77980K, Alloc Tax Rate: 1.1x
[2026-04-03T02:24:34.062+0600][36.566s][info][gc          ] GC(24) Pause Final Mark (unload classes) 0.978ms
[2026-04-03T02:24:34.062+0600][36.566s][info][gc,start    ] GC(24) Concurrent thread roots
[2026-04-03T02:24:34.063+0600][36.566s][info][gc,task     ] GC(24) Using 3 of 6 workers for Concurrent thread roots
[2026-04-03T02:24:34.064+0600][36.567s][info][gc          ] GC(24) Concurrent thread roots 1.417ms
[2026-04-03T02:24:34.064+0600][36.567s][info][gc,start    ] GC(24) Concurrent weak references
[2026-04-03T02:24:34.064+0600][36.567s][info][gc,task     ] GC(24) Using 3 of 6 workers for concurrent weak references
[2026-04-03T02:24:34.065+0600][36.568s][info][gc,ref      ] GC(24) Encountered references: Soft: 3864, Weak: 16054, Final: 84, Phantom: 620
[2026-04-03T02:24:34.065+0600][36.568s][info][gc,ref      ] GC(24) Discovered  references: Soft: 0, Weak: 10386, Final: 52, Phantom: 616
[2026-04-03T02:24:34.065+0600][36.568s][info][gc,ref      ] GC(24) Enqueued    references: Soft: 0, Weak: 1518, Final: 0, Phantom: 0
[2026-04-03T02:24:34.065+0600][36.568s][info][gc          ] GC(24) Concurrent weak references 1.090ms
[2026-04-03T02:24:34.065+0600][36.568s][info][gc,start    ] GC(24) Concurrent weak roots
[2026-04-03T02:24:34.065+0600][36.568s][info][gc,task     ] GC(24) Using 3 of 6 workers for concurrent weak root
[2026-04-03T02:24:34.070+0600][36.574s][info][gc          ] GC(24) Concurrent weak roots 5.428ms
[2026-04-03T02:24:34.071+0600][36.574s][info][gc,start    ] GC(24) Concurrent cleanup
[2026-04-03T02:24:34.071+0600][36.575s][info][gc          ] GC(24) Concurrent cleanup 668M->185M(844M) 0.883ms
[2026-04-03T02:24:34.072+0600][36.575s][info][gc,ergo     ] GC(24) Free: 760M, Max: 256K regular, 197M humongous, Frag: 75% external, 0% internal; Reserve: 50880K, Max: 256K
[2026-04-03T02:24:34.072+0600][36.575s][info][gc,start    ] GC(24) Concurrent class unloading
[2026-04-03T02:24:34.072+0600][36.575s][info][gc,task     ] GC(24) Using 3 of 6 workers for concurrent class unloading
[2026-04-03T02:24:34.094+0600][36.597s][info][gc          ] GC(24) Concurrent class unloading 22.176ms
[2026-04-03T02:24:34.094+0600][36.597s][info][gc,start    ] GC(24) Concurrent strong roots
[2026-04-03T02:24:34.094+0600][36.597s][info][gc,task     ] GC(24) Using 3 of 6 workers for concurrent strong root
[2026-04-03T02:24:34.095+0600][36.598s][info][gc          ] GC(24) Concurrent strong roots 1.116ms
[2026-04-03T02:24:34.095+0600][36.598s][info][gc,start    ] GC(24) Concurrent evacuation
[2026-04-03T02:24:34.095+0600][36.598s][info][gc,task     ] GC(24) Using 3 of 6 workers for concurrent evacuation
[2026-04-03T02:24:34.097+0600][36.600s][info][gc          ] GC(24) Concurrent evacuation 1.695ms
[2026-04-03T02:24:34.097+0600][36.601s][info][gc,start    ] GC(24) Pause Init Update Refs
[2026-04-03T02:24:34.097+0600][36.601s][info][gc,ergo     ] GC(24) Pacer for Update Refs. Used: 196M, Free: 753M, Non-Taxable: 77202K, Alloc Tax Rate: 1.1x
[2026-04-03T02:24:34.097+0600][36.601s][info][gc          ] GC(24) Pause Init Update Refs 0.159ms
[2026-04-03T02:24:34.097+0600][36.601s][info][gc,start    ] GC(24) Concurrent update references
[2026-04-03T02:24:34.097+0600][36.601s][info][gc,task     ] GC(24) Using 3 of 6 workers for concurrent reference update
[2026-04-03T02:24:34.141+0600][36.644s][info][gc          ] GC(24) Concurrent update references 43.369ms
[2026-04-03T02:24:34.141+0600][36.644s][info][gc,start    ] GC(24) Concurrent update thread roots
[2026-04-03T02:24:34.142+0600][36.646s][info][gc          ] GC(24) Concurrent update thread roots 1.369ms
[2026-04-03T02:24:34.143+0600][36.646s][info][gc,start    ] GC(24) Pause Final Update Refs
[2026-04-03T02:24:34.143+0600][36.646s][info][gc,task     ] GC(24) Using 6 of 6 workers for final reference update
[2026-04-03T02:24:34.143+0600][36.646s][info][gc          ] GC(24) Pause Final Update Refs 0.269ms
[2026-04-03T02:24:34.143+0600][36.646s][info][gc,start    ] GC(24) Concurrent cleanup
[2026-04-03T02:24:34.144+0600][36.647s][info][gc          ] GC(24) Concurrent cleanup 204M->137M(844M) 0.813ms
[2026-04-03T02:24:34.144+0600][36.647s][info][gc,ergo     ] Free: 808M, Max: 256K regular, 303M humongous, Frag: 63% external, 0% internal; Reserve: 51200K, Max: 256K
[2026-04-03T02:24:34.144+0600][36.647s][info][gc,stats    ] 
[2026-04-03T02:24:34.144+0600][36.647s][info][gc,stats    ] All times are wall-clock times, except per-root-class counters, that are sum over
[2026-04-03T02:24:34.144+0600][36.647s][info][gc,stats    ] all workers. Dividing the <total> over the root stage time estimates parallelism.
[2026-04-03T02:24:34.144+0600][36.647s][info][gc,stats    ] 
[2026-04-03T02:24:34.144+0600][36.647s][info][gc,stats    ] Concurrent Reset                   1282 us
[2026-04-03T02:24:34.144+0600][36.647s][info][gc,stats    ] Pause Init Mark (G)                 330 us
[2026-04-03T02:24:34.144+0600][36.647s][info][gc,stats    ] Pause Init Mark (N)                 131 us
[2026-04-03T02:24:34.144+0600][36.647s][info][gc,stats    ]   Update Region States               33 us
[2026-04-03T02:24:34.144+0600][36.647s][info][gc,stats    ] Concurrent Mark Roots              1278 us, parallelism: 1.76x
[2026-04-03T02:24:34.144+0600][36.647s][info][gc,stats    ]   CMR: <total>                     2253 us
[2026-04-03T02:24:34.144+0600][36.647s][info][gc,stats    ]   CMR: Thread Roots                1968 us, workers (us): 749, 513, 706, ---, ---, ---, 
[2026-04-03T02:24:34.144+0600][36.647s][info][gc,stats    ]   CMR: VM Strong Roots               48 us, workers (us):  43,   4,   1, ---, ---, ---, 
[2026-04-03T02:24:34.144+0600][36.647s][info][gc,stats    ]   CMR: CLDG Roots                   237 us, workers (us): ---, 237, ---, ---, ---, ---, 
[2026-04-03T02:24:34.144+0600][36.647s][info][gc,stats    ] Concurrent Marking                66168 us
[2026-04-03T02:24:34.144+0600][36.647s][info][gc,stats    ] Pause Final Mark (G)               1251 us
[2026-04-03T02:24:34.144+0600][36.647s][info][gc,stats    ] Pause Final Mark (N)               1001 us
[2026-04-03T02:24:34.144+0600][36.647s][info][gc,stats    ]   Finish Mark                       204 us
[2026-04-03T02:24:34.144+0600][36.647s][info][gc,stats    ]   Update Region States              103 us
[2026-04-03T02:24:34.144+0600][36.647s][info][gc,stats    ]   Choose Collection Set             368 us
[2026-04-03T02:24:34.144+0600][36.647s][info][gc,stats    ]   Rebuild Free Set                   80 us
[2026-04-03T02:24:34.144+0600][36.647s][info][gc,stats    ] Concurrent Thread Roots            1495 us, parallelism: 2.32x
[2026-04-03T02:24:34.144+0600][36.647s][info][gc,stats    ]   CTR: <total>                     3464 us
[2026-04-03T02:24:34.144+0600][36.647s][info][gc,stats    ]   CTR: Thread Roots                3464 us, workers (us): 1156, 1170, 1138, ---, ---, ---, 
[2026-04-03T02:24:34.144+0600][36.647s][info][gc,stats    ] Concurrent Weak References         1107 us, parallelism: 1.19x
[2026-04-03T02:24:34.144+0600][36.647s][info][gc,stats    ]   CWRF: <total>                    1316 us
[2026-04-03T02:24:34.144+0600][36.647s][info][gc,stats    ]   CWRF: Weak References            1316 us, workers (us): 419,  77, 820, ---, ---, ---, 
[2026-04-03T02:24:34.144+0600][36.647s][info][gc,stats    ] Concurrent Weak Roots              5561 us
[2026-04-03T02:24:34.144+0600][36.648s][info][gc,stats    ]   Roots                            5031 us, parallelism: 2.72x
[2026-04-03T02:24:34.144+0600][36.648s][info][gc,stats    ]     CWR: <total>                  13674 us
[2026-04-03T02:24:34.144+0600][36.648s][info][gc,stats    ]     CWR: Code Cache Roots         10694 us, workers (us): 3549, 3629, 3516, ---, ---, ---, 
[2026-04-03T02:24:34.144+0600][36.648s][info][gc,stats    ]     CWR: VM Weak Roots             2837 us, workers (us): 964, 944, 930, ---, ---, ---, 
[2026-04-03T02:24:34.144+0600][36.648s][info][gc,stats    ]     CWR: CLDG Roots                 142 us, workers (us): ---, ---, 142, ---, ---, ---, 
[2026-04-03T02:24:34.144+0600][36.648s][info][gc,stats    ]   Rendezvous                        348 us
[2026-04-03T02:24:34.144+0600][36.648s][info][gc,stats    ] Concurrent Cleanup                  965 us
[2026-04-03T02:24:34.144+0600][36.648s][info][gc,stats    ] Concurrent Class Unloading        22281 us
[2026-04-03T02:24:34.144+0600][36.648s][info][gc,stats    ]   Unlink Stale                    16171 us
[2026-04-03T02:24:34.144+0600][36.648s][info][gc,stats    ]     System Dictionary               358 us
[2026-04-03T02:24:34.144+0600][36.648s][info][gc,stats    ]     Weak Class Links                  1 us
[2026-04-03T02:24:34.144+0600][36.648s][info][gc,stats    ]     Code Roots                    15807 us
[2026-04-03T02:24:34.144+0600][36.648s][info][gc,stats    ]   Rendezvous                        402 us
[2026-04-03T02:24:34.144+0600][36.648s][info][gc,stats    ]   Purge Unlinked                   5552 us
[2026-04-03T02:24:34.144+0600][36.648s][info][gc,stats    ]     Code Roots                     5529 us
[2026-04-03T02:24:34.144+0600][36.648s][info][gc,stats    ]     CLDG                             21 us
[2026-04-03T02:24:34.144+0600][36.648s][info][gc,stats    ]     Exception Caches                  0 us
[2026-04-03T02:24:34.144+0600][36.648s][info][gc,stats    ] Concurrent Strong Roots            1140 us, parallelism: 0.67x
[2026-04-03T02:24:34.144+0600][36.648s][info][gc,stats    ]   CSR: <total>                      770 us
[2026-04-03T02:24:34.144+0600][36.648s][info][gc,stats    ]   CSR: VM Strong Roots               48 us, workers (us):  28,  19,   0, ---, ---, ---, 
[2026-04-03T02:24:34.144+0600][36.648s][info][gc,stats    ]   CSR: CLDG Roots                   722 us, workers (us): 722, ---, ---, ---, ---, ---, 
[2026-04-03T02:24:34.144+0600][36.648s][info][gc,stats    ] Concurrent Evacuation              1739 us
[2026-04-03T02:24:34.144+0600][36.648s][info][gc,stats    ] Pause Init Update Refs (G)          527 us
[2026-04-03T02:24:34.144+0600][36.648s][info][gc,stats    ] Pause Init Update Refs (N)          173 us
[2026-04-03T02:24:34.144+0600][36.648s][info][gc,stats    ]   Manage GCLABs                      53 us
[2026-04-03T02:24:34.144+0600][36.648s][info][gc,stats    ] Concurrent Update Refs            43499 us
[2026-04-03T02:24:34.144+0600][36.648s][info][gc,stats    ] Concurrent Update Thread Roots     1412 us
[2026-04-03T02:24:34.144+0600][36.648s][info][gc,stats    ] Pause Final Update Refs (G)         694 us
[2026-04-03T02:24:34.144+0600][36.648s][info][gc,stats    ] Pause Final Update Refs (N)         286 us
[2026-04-03T02:24:34.144+0600][36.648s][info][gc,stats    ]   Update Region States              117 us
[2026-04-03T02:24:34.144+0600][36.648s][info][gc,stats    ]   Trash Collection Set               18 us
[2026-04-03T02:24:34.144+0600][36.648s][info][gc,stats    ]   Rebuild Free Set                   57 us
[2026-04-03T02:24:34.144+0600][36.648s][info][gc,stats    ] Concurrent Cleanup                  863 us
[2026-04-03T02:24:34.144+0600][36.648s][info][gc,stats    ] 
[2026-04-03T02:24:34.144+0600][36.648s][info][gc,stats    ] Allocation pacing accrued:
[2026-04-03T02:24:34.144+0600][36.648s][info][gc,stats    ]       0 of   705 ms (  0.0%): <total>
[2026-04-03T02:24:34.144+0600][36.648s][info][gc,stats    ]       0 of   705 ms (  0.0%): <average total>
[2026-04-03T02:24:34.144+0600][36.648s][info][gc,stats    ] 
[2026-04-03T02:24:34.144+0600][36.648s][info][gc,metaspace] Metaspace: 130243K(131456K)->130273K(131520K) NonClass: 113803K(114432K)->113833K(114496K) Class: 16439K(17024K)->16439K(17024K)
[2026-04-03T02:24:34.144+0600][36.648s][info][gc,ergo     ] Pacer for Idle. Initial: 20480K, Alloc Tax Rate: 1.0x
[2026-04-03T02:24:34.840+0600][37.343s][info][gc          ] Trigger: Average GC time (234.27 ms) is above the time for average allocation rate (945 MB/s) to deplete free headroom (221M) (margin of error = 1.84)
[2026-04-03T02:24:34.840+0600][37.343s][info][gc,ergo     ] Free headroom: 271M (free) - 51200K (spike) - 0B (penalties) = 221M
[2026-04-03T02:24:34.840+0600][37.343s][info][gc,ergo     ] Free: 270M, Max: 256K regular, 270M humongous, Frag: 0% external, 0% internal; Reserve: 51200K, Max: 256K
[2026-04-03T02:24:34.840+0600][37.343s][info][gc,start    ] GC(25) Concurrent reset
[2026-04-03T02:24:34.840+0600][37.343s][info][gc,task     ] GC(25) Using 3 of 6 workers for concurrent reset
[2026-04-03T02:24:34.840+0600][37.343s][info][gc,ergo     ] GC(25) Pacer for Reset. Non-Taxable: 1000M
[2026-04-03T02:24:34.841+0600][37.345s][info][gc          ] GC(25) Concurrent reset 1.472ms
[2026-04-03T02:24:34.841+0600][37.345s][info][gc,start    ] GC(25) Pause Init Mark (unload classes)
[2026-04-03T02:24:34.842+0600][37.345s][info][gc,task     ] GC(25) Using 6 of 6 workers for init marking
[2026-04-03T02:24:34.842+0600][37.345s][info][gc,ergo     ] GC(25) Pacer for Mark. Expected Live: 88676K, Free: 267M, Non-Taxable: 27416K, Alloc Tax Rate: 0.4x
[2026-04-03T02:24:34.842+0600][37.345s][info][gc          ] GC(25) Pause Init Mark (unload classes) 0.177ms
[2026-04-03T02:24:34.842+0600][37.345s][info][gc,start    ] GC(25) Concurrent marking roots
[2026-04-03T02:24:34.842+0600][37.345s][info][gc,task     ] GC(25) Using 3 of 6 workers for concurrent marking roots
[2026-04-03T02:24:34.844+0600][37.347s][info][gc          ] GC(25) Concurrent marking roots 1.742ms
[2026-04-03T02:24:34.844+0600][37.347s][info][gc,start    ] GC(25) Concurrent marking (unload classes)
[2026-04-03T02:24:34.844+0600][37.347s][info][gc,task     ] GC(25) Using 3 of 6 workers for concurrent marking
[2026-04-03T02:24:34.906+0600][37.409s][info][gc          ] GC(25) Concurrent marking (unload classes) 61.898ms
[2026-04-03T02:24:34.906+0600][37.409s][info][gc,start    ] GC(25) Pause Final Mark (unload classes)
[2026-04-03T02:24:34.906+0600][37.409s][info][gc,task     ] GC(25) Using 6 of 6 workers for final marking
[2026-04-03T02:24:34.907+0600][37.410s][info][gc,ergo     ] GC(25) Adaptive CSet Selection. Target Free: 141M, Actual Free: 719M, Max CSet: 42666K, Min Garbage: 0B
[2026-04-03T02:24:34.907+0600][37.410s][info][gc,ergo     ] GC(25) Collectable Garbage: 551M (98%), Immediate: 446M (79%), CSet: 105M (18%)
[2026-04-03T02:24:34.907+0600][37.410s][info][gc,ergo     ] GC(25) Pacer for Evacuation. Used CSet: 109M, Free: 704M, Non-Taxable: 72116K, Alloc Tax Rate: 1.1x
[2026-04-03T02:24:34.907+0600][37.410s][info][gc          ] GC(25) Pause Final Mark (unload classes) 0.982ms
[2026-04-03T02:24:34.907+0600][37.410s][info][gc,start    ] GC(25) Concurrent thread roots
[2026-04-03T02:24:34.907+0600][37.410s][info][gc,task     ] GC(25) Using 3 of 6 workers for Concurrent thread roots
[2026-04-03T02:24:34.908+0600][37.412s][info][gc          ] GC(25) Concurrent thread roots 1.363ms
[2026-04-03T02:24:34.909+0600][37.412s][info][gc,start    ] GC(25) Concurrent weak references
[2026-04-03T02:24:34.909+0600][37.412s][info][gc,task     ] GC(25) Using 3 of 6 workers for concurrent weak references
[2026-04-03T02:24:34.909+0600][37.413s][info][gc,ref      ] GC(25) Encountered references: Soft: 3870, Weak: 15327, Final: 84, Phantom: 620
[2026-04-03T02:24:34.910+0600][37.413s][info][gc,ref      ] GC(25) Discovered  references: Soft: 0, Weak: 6900, Final: 0, Phantom: 614
[2026-04-03T02:24:34.910+0600][37.413s][info][gc,ref      ] GC(25) Enqueued    references: Soft: 0, Weak: 150, Final: 0, Phantom: 0
[2026-04-03T02:24:34.910+0600][37.413s][info][gc          ] GC(25) Concurrent weak references 0.995ms
[2026-04-03T02:24:34.910+0600][37.413s][info][gc,start    ] GC(25) Concurrent weak roots
[2026-04-03T02:24:34.910+0600][37.413s][info][gc,task     ] GC(25) Using 3 of 6 workers for concurrent weak root
[2026-04-03T02:24:34.915+0600][37.419s][info][gc          ] GC(25) Concurrent weak roots 5.862ms
[2026-04-03T02:24:34.916+0600][37.419s][info][gc,start    ] GC(25) Concurrent cleanup
[2026-04-03T02:24:34.917+0600][37.420s][info][gc          ] GC(25) Concurrent cleanup 694M->247M(844M) 1.271ms
[2026-04-03T02:24:34.917+0600][37.420s][info][gc,ergo     ] GC(25) Free: 696M, Max: 256K regular, 215M humongous, Frag: 70% external, 0% internal; Reserve: 50981K, Max: 256K
[2026-04-03T02:24:34.917+0600][37.420s][info][gc,start    ] GC(25) Concurrent class unloading
[2026-04-03T02:24:34.917+0600][37.420s][info][gc,task     ] GC(25) Using 3 of 6 workers for concurrent class unloading
[2026-04-03T02:24:34.937+0600][37.440s][info][gc          ] GC(25) Concurrent class unloading 19.812ms
[2026-04-03T02:24:34.937+0600][37.440s][info][gc,start    ] GC(25) Concurrent strong roots
[2026-04-03T02:24:34.937+0600][37.440s][info][gc,task     ] GC(25) Using 3 of 6 workers for concurrent strong root
[2026-04-03T02:24:34.938+0600][37.442s][info][gc          ] GC(25) Concurrent strong roots 1.392ms
[2026-04-03T02:24:34.938+0600][37.442s][info][gc,start    ] GC(25) Concurrent evacuation
[2026-04-03T02:24:34.938+0600][37.442s][info][gc,task     ] GC(25) Using 3 of 6 workers for concurrent evacuation
[2026-04-03T02:24:34.942+0600][37.445s][info][gc          ] GC(25) Concurrent evacuation 3.176ms
[2026-04-03T02:24:34.942+0600][37.445s][info][gc,start    ] GC(25) Pause Init Update Refs
[2026-04-03T02:24:34.942+0600][37.445s][info][gc,ergo     ] GC(25) Pacer for Update Refs. Used: 262M, Free: 686M, Non-Taxable: 70277K, Alloc Tax Rate: 1.1x
[2026-04-03T02:24:34.942+0600][37.445s][info][gc          ] GC(25) Pause Init Update Refs 0.146ms
[2026-04-03T02:24:34.942+0600][37.445s][info][gc,start    ] GC(25) Concurrent update references
[2026-04-03T02:24:34.942+0600][37.446s][info][gc,task     ] GC(25) Using 3 of 6 workers for concurrent reference update
[2026-04-03T02:24:34.994+0600][37.497s][info][gc          ] GC(25) Concurrent update references 51.480ms
[2026-04-03T02:24:34.994+0600][37.497s][info][gc,start    ] GC(25) Concurrent update thread roots
[2026-04-03T02:24:34.996+0600][37.499s][info][gc          ] GC(25) Concurrent update thread roots 1.693ms
[2026-04-03T02:24:34.996+0600][37.499s][info][gc,start    ] GC(25) Pause Final Update Refs
[2026-04-03T02:24:34.996+0600][37.499s][info][gc,task     ] GC(25) Using 6 of 6 workers for final reference update
[2026-04-03T02:24:34.996+0600][37.499s][info][gc          ] GC(25) Pause Final Update Refs 0.371ms
[2026-04-03T02:24:34.996+0600][37.500s][info][gc,start    ] GC(25) Concurrent cleanup
[2026-04-03T02:24:34.997+0600][37.500s][info][gc          ] GC(25) Concurrent cleanup 297M->188M(844M) 0.385ms
[2026-04-03T02:24:34.997+0600][37.500s][info][gc,ergo     ] Free: 754M, Max: 256K regular, 258M humongous, Frag: 66% external, 0% internal; Reserve: 51200K, Max: 256K
[2026-04-03T02:24:34.997+0600][37.500s][info][gc,stats    ] 
[2026-04-03T02:24:34.997+0600][37.500s][info][gc,stats    ] All times are wall-clock times, except per-root-class counters, that are sum over
[2026-04-03T02:24:34.997+0600][37.500s][info][gc,stats    ] all workers. Dividing the <total> over the root stage time estimates parallelism.
[2026-04-03T02:24:34.997+0600][37.500s][info][gc,stats    ] 
[2026-04-03T02:24:34.997+0600][37.500s][info][gc,stats    ] Concurrent Reset                   1521 us
[2026-04-03T02:24:34.997+0600][37.500s][info][gc,stats    ] Pause Init Mark (G)                 737 us
[2026-04-03T02:24:34.997+0600][37.500s][info][gc,stats    ] Pause Init Mark (N)                 191 us
[2026-04-03T02:24:34.997+0600][37.500s][info][gc,stats    ]   Update Region States               58 us
[2026-04-03T02:24:34.997+0600][37.500s][info][gc,stats    ] Concurrent Mark Roots              1798 us, parallelism: 2.03x
[2026-04-03T02:24:34.997+0600][37.500s][info][gc,stats    ]   CMR: <total>                     3656 us
[2026-04-03T02:24:34.997+0600][37.500s][info][gc,stats    ]   CMR: Thread Roots                3024 us, workers (us): 609, 1198, 1217, ---, ---, ---, 
[2026-04-03T02:24:34.997+0600][37.500s][info][gc,stats    ]   CMR: VM Strong Roots               63 us, workers (us):  31,  31,   1, ---, ---, ---, 
[2026-04-03T02:24:34.997+0600][37.500s][info][gc,stats    ]   CMR: CLDG Roots                   569 us, workers (us): 569, ---, ---, ---, ---, ---, 
[2026-04-03T02:24:34.997+0600][37.500s][info][gc,stats    ] Concurrent Marking                61997 us
[2026-04-03T02:24:34.997+0600][37.500s][info][gc,stats    ] Pause Final Mark (G)               1322 us
[2026-04-03T02:24:34.997+0600][37.500s][info][gc,stats    ] Pause Final Mark (N)               1000 us
[2026-04-03T02:24:34.997+0600][37.500s][info][gc,stats    ]   Finish Mark                       252 us
[2026-04-03T02:24:34.997+0600][37.500s][info][gc,stats    ]   Update Region States               97 us
[2026-04-03T02:24:34.997+0600][37.500s][info][gc,stats    ]   Choose Collection Set             389 us
[2026-04-03T02:24:34.997+0600][37.500s][info][gc,stats    ]   Rebuild Free Set                   60 us
[2026-04-03T02:24:34.997+0600][37.500s][info][gc,stats    ] Concurrent Thread Roots            1428 us, parallelism: 2.50x
[2026-04-03T02:24:34.997+0600][37.500s][info][gc,stats    ]   CTR: <total>                     3570 us
[2026-04-03T02:24:34.997+0600][37.500s][info][gc,stats    ]   CTR: Thread Roots                3570 us, workers (us): 1207, 1201, 1162, ---, ---, ---, 
[2026-04-03T02:24:34.997+0600][37.500s][info][gc,stats    ] Concurrent Weak References         1014 us, parallelism: 1.13x
[2026-04-03T02:24:34.997+0600][37.500s][info][gc,stats    ]   CWRF: <total>                    1147 us
[2026-04-03T02:24:34.997+0600][37.500s][info][gc,stats    ]   CWRF: Weak References            1147 us, workers (us): 791, 218, 137, ---, ---, ---, 
[2026-04-03T02:24:34.997+0600][37.501s][info][gc,stats    ] Concurrent Weak Roots              5951 us
[2026-04-03T02:24:34.997+0600][37.501s][info][gc,stats    ]   Roots                            5362 us, parallelism: 2.74x
[2026-04-03T02:24:34.997+0600][37.501s][info][gc,stats    ]     CWR: <total>                  14679 us
[2026-04-03T02:24:34.997+0600][37.501s][info][gc,stats    ]     CWR: Code Cache Roots         11119 us, workers (us): 3551, 3814, 3753, ---, ---, ---, 
[2026-04-03T02:24:34.997+0600][37.501s][info][gc,stats    ]     CWR: VM Weak Roots             3356 us, workers (us): 1122, 1122, 1113, ---, ---, ---, 
[2026-04-03T02:24:34.997+0600][37.501s][info][gc,stats    ]     CWR: CLDG Roots                 205 us, workers (us): 205, ---, ---, ---, ---, ---, 
[2026-04-03T02:24:34.997+0600][37.501s][info][gc,stats    ]   Rendezvous                        460 us
[2026-04-03T02:24:34.997+0600][37.501s][info][gc,stats    ] Concurrent Cleanup                 1305 us
[2026-04-03T02:24:34.997+0600][37.501s][info][gc,stats    ] Concurrent Class Unloading        19938 us
[2026-04-03T02:24:34.997+0600][37.501s][info][gc,stats    ]   Unlink Stale                    15804 us
[2026-04-03T02:24:34.997+0600][37.501s][info][gc,stats    ]     System Dictionary               294 us
[2026-04-03T02:24:34.997+0600][37.501s][info][gc,stats    ]     Weak Class Links                  0 us
[2026-04-03T02:24:34.997+0600][37.501s][info][gc,stats    ]     Code Roots                    15506 us
[2026-04-03T02:24:34.997+0600][37.501s][info][gc,stats    ]   Rendezvous                        488 us
[2026-04-03T02:24:34.997+0600][37.501s][info][gc,stats    ]   Purge Unlinked                   3448 us
[2026-04-03T02:24:34.997+0600][37.501s][info][gc,stats    ]     Code Roots                     3394 us
[2026-04-03T02:24:34.997+0600][37.501s][info][gc,stats    ]     CLDG                             52 us
[2026-04-03T02:24:34.997+0600][37.501s][info][gc,stats    ]     Exception Caches                  0 us
[2026-04-03T02:24:34.997+0600][37.501s][info][gc,stats    ] Concurrent Strong Roots            1475 us, parallelism: 0.61x
[2026-04-03T02:24:34.997+0600][37.501s][info][gc,stats    ]   CSR: <total>                      906 us
[2026-04-03T02:24:34.997+0600][37.501s][info][gc,stats    ]   CSR: VM Strong Roots               61 us, workers (us):  55,   6,   0, ---, ---, ---, 
[2026-04-03T02:24:34.997+0600][37.501s][info][gc,stats    ]   CSR: CLDG Roots                   845 us, workers (us): 845, ---, ---, ---, ---, ---, 
[2026-04-03T02:24:34.997+0600][37.501s][info][gc,stats    ] Concurrent Evacuation              3293 us
[2026-04-03T02:24:34.997+0600][37.501s][info][gc,stats    ] Pause Init Update Refs (G)          560 us
[2026-04-03T02:24:34.997+0600][37.501s][info][gc,stats    ] Pause Init Update Refs (N)          162 us
[2026-04-03T02:24:34.997+0600][37.501s][info][gc,stats    ]   Manage GCLABs                      49 us
[2026-04-03T02:24:34.997+0600][37.501s][info][gc,stats    ] Concurrent Update Refs            51601 us
[2026-04-03T02:24:34.997+0600][37.501s][info][gc,stats    ] Concurrent Update Thread Roots     1766 us
[2026-04-03T02:24:34.997+0600][37.501s][info][gc,stats    ] Pause Final Update Refs (G)         827 us
[2026-04-03T02:24:34.997+0600][37.501s][info][gc,stats    ] Pause Final Update Refs (N)         469 us
[2026-04-03T02:24:34.997+0600][37.501s][info][gc,stats    ]   Update Region States              204 us
[2026-04-03T02:24:34.998+0600][37.501s][info][gc,stats    ]   Trash Collection Set               24 us
[2026-04-03T02:24:34.998+0600][37.501s][info][gc,stats    ]   Rebuild Free Set                   68 us
[2026-04-03T02:24:34.998+0600][37.501s][info][gc,stats    ] Concurrent Cleanup                  413 us
[2026-04-03T02:24:34.998+0600][37.501s][info][gc,stats    ] Pacing                             6617 us
[2026-04-03T02:24:34.998+0600][37.501s][info][gc,stats    ] 
[2026-04-03T02:24:34.998+0600][37.501s][info][gc,stats    ] Allocation pacing accrued:
[2026-04-03T02:24:34.998+0600][37.501s][info][gc,stats    ]       4 of   853 ms (  0.4%): Executor task launch worker for task 3.0 in stage 544.0 (TID 1228)
[2026-04-03T02:24:34.998+0600][37.501s][info][gc,stats    ]       3 of   853 ms (  0.3%): Executor task launch worker for task 2.0 in stage 544.0 (TID 1227)
[2026-04-03T02:24:34.998+0600][37.501s][info][gc,stats    ]       7 of   853 ms (  0.8%): <total>
[2026-04-03T02:24:34.998+0600][37.501s][info][gc,stats    ]       0 of   853 ms (  0.0%): <average total>
[2026-04-03T02:24:34.998+0600][37.501s][info][gc,stats    ]       3 of   853 ms (  0.4%): <average non-zero>
[2026-04-03T02:24:34.998+0600][37.501s][info][gc,stats    ] 
[2026-04-03T02:24:34.998+0600][37.501s][info][gc,metaspace] Metaspace: 130311K(131520K)->130311K(131520K) NonClass: 113870K(114496K)->113870K(114496K) Class: 16440K(17024K)->16440K(17024K)
[2026-04-03T02:24:34.998+0600][37.501s][info][gc,ergo     ] Pacer for Idle. Initial: 20480K, Alloc Tax Rate: 1.0x
[2026-04-03T02:24:35.598+0600][38.102s][info][gc          ] Trigger: Average GC time (212.07 ms) is above the time for average allocation rate (735 MB/s) to deplete free headroom (155M) (margin of error = 1.84)
[2026-04-03T02:24:35.598+0600][38.102s][info][gc,ergo     ] Free headroom: 205M (free) - 51200K (spike) - 0B (penalties) = 155M
[2026-04-03T02:24:35.598+0600][38.102s][info][gc,ergo     ] Free: 205M, Max: 256K regular, 205M humongous, Frag: 0% external, 0% internal; Reserve: 51200K, Max: 256K
[2026-04-03T02:24:35.598+0600][38.102s][info][gc,start    ] GC(26) Concurrent reset
[2026-04-03T02:24:35.598+0600][38.102s][info][gc,task     ] GC(26) Using 3 of 6 workers for concurrent reset
[2026-04-03T02:24:35.599+0600][38.102s][info][gc,ergo     ] GC(26) Pacer for Reset. Non-Taxable: 1000M
[2026-04-03T02:24:35.600+0600][38.103s][info][gc          ] GC(26) Concurrent reset 1.379ms
[2026-04-03T02:24:35.600+0600][38.104s][info][gc,start    ] GC(26) Pause Init Mark (unload classes)
[2026-04-03T02:24:35.600+0600][38.104s][info][gc,task     ] GC(26) Using 6 of 6 workers for init marking
[2026-04-03T02:24:35.600+0600][38.104s][info][gc,ergo     ] GC(26) Pacer for Mark. Expected Live: 88595K, Free: 202M, Non-Taxable: 20772K, Alloc Tax Rate: 0.5x
[2026-04-03T02:24:35.600+0600][38.104s][info][gc          ] GC(26) Pause Init Mark (unload classes) 0.225ms
[2026-04-03T02:24:35.601+0600][38.104s][info][gc,start    ] GC(26) Concurrent marking roots
[2026-04-03T02:24:35.601+0600][38.104s][info][gc,task     ] GC(26) Using 3 of 6 workers for concurrent marking roots
[2026-04-03T02:24:35.602+0600][38.106s][info][gc          ] GC(26) Concurrent marking roots 1.823ms
[2026-04-03T02:24:35.603+0600][38.106s][info][gc,start    ] GC(26) Concurrent marking (unload classes)
[2026-04-03T02:24:35.603+0600][38.106s][info][gc,task     ] GC(26) Using 3 of 6 workers for concurrent marking
[2026-04-03T02:24:35.664+0600][38.167s][info][gc          ] GC(26) Concurrent marking (unload classes) 61.325ms
[2026-04-03T02:24:35.664+0600][38.168s][info][gc,start    ] GC(26) Pause Final Mark (unload classes)
[2026-04-03T02:24:35.664+0600][38.168s][info][gc,task     ] GC(26) Using 6 of 6 workers for final marking
[2026-04-03T02:24:35.665+0600][38.168s][info][gc,ergo     ] GC(26) Adaptive CSet Selection. Target Free: 141M, Actual Free: 694M, Max CSet: 42666K, Min Garbage: 0B
[2026-04-03T02:24:35.665+0600][38.168s][info][gc,ergo     ] GC(26) Collectable Garbage: 609M (98%), Immediate: 477M (77%), CSet: 132M (21%)
[2026-04-03T02:24:35.665+0600][38.168s][info][gc,ergo     ] GC(26) Pacer for Evacuation. Used CSet: 138M, Free: 680M, Non-Taxable: 69706K, Alloc Tax Rate: 1.1x
[2026-04-03T02:24:35.665+0600][38.168s][info][gc          ] GC(26) Pause Final Mark (unload classes) 0.966ms
[2026-04-03T02:24:35.665+0600][38.169s][info][gc,start    ] GC(26) Concurrent thread roots
[2026-04-03T02:24:35.665+0600][38.169s][info][gc,task     ] GC(26) Using 3 of 6 workers for Concurrent thread roots
[2026-04-03T02:24:35.666+0600][38.170s][info][gc          ] GC(26) Concurrent thread roots 1.206ms
[2026-04-03T02:24:35.667+0600][38.170s][info][gc,start    ] GC(26) Concurrent weak references
[2026-04-03T02:24:35.667+0600][38.170s][info][gc,task     ] GC(26) Using 3 of 6 workers for concurrent weak references
[2026-04-03T02:24:35.668+0600][38.171s][info][gc,ref      ] GC(26) Encountered references: Soft: 3869, Weak: 16425, Final: 84, Phantom: 620
[2026-04-03T02:24:35.668+0600][38.171s][info][gc,ref      ] GC(26) Discovered  references: Soft: 0, Weak: 7297, Final: 0, Phantom: 596
[2026-04-03T02:24:35.668+0600][38.171s][info][gc,ref      ] GC(26) Enqueued    references: Soft: 0, Weak: 1723, Final: 0, Phantom: 0
[2026-04-03T02:24:35.668+0600][38.171s][info][gc          ] GC(26) Concurrent weak references 1.077ms
[2026-04-03T02:24:35.668+0600][38.171s][info][gc,start    ] GC(26) Concurrent weak roots
[2026-04-03T02:24:35.668+0600][38.171s][info][gc,task     ] GC(26) Using 3 of 6 workers for concurrent weak root
[2026-04-03T02:24:35.673+0600][38.176s][info][gc          ] GC(26) Concurrent weak roots 5.517ms
[2026-04-03T02:24:35.673+0600][38.177s][info][gc,start    ] GC(26) Concurrent cleanup
[2026-04-03T02:24:35.675+0600][38.178s][info][gc          ] GC(26) Concurrent cleanup 750M->274M(844M) 1.349ms
[2026-04-03T02:24:35.675+0600][38.178s][info][gc,ergo     ] GC(26) Free: 672M, Max: 256K regular, 160M humongous, Frag: 77% external, 0% internal; Reserve: 51046K, Max: 256K
[2026-04-03T02:24:35.675+0600][38.178s][info][gc,start    ] GC(26) Concurrent class unloading
[2026-04-03T02:24:35.675+0600][38.178s][info][gc,task     ] GC(26) Using 3 of 6 workers for concurrent class unloading
[2026-04-03T02:24:35.709+0600][38.212s][info][gc          ] GC(26) Concurrent class unloading 34.318ms
[2026-04-03T02:24:35.709+0600][38.212s][info][gc,start    ] GC(26) Concurrent strong roots
[2026-04-03T02:24:35.709+0600][38.212s][info][gc,task     ] GC(26) Using 3 of 6 workers for concurrent strong root
[2026-04-03T02:24:35.714+0600][38.217s][info][gc          ] GC(26) Concurrent strong roots 4.614ms
[2026-04-03T02:24:35.714+0600][38.217s][info][gc,start    ] GC(26) Concurrent evacuation
[2026-04-03T02:24:35.714+0600][38.217s][info][gc,task     ] GC(26) Using 3 of 6 workers for concurrent evacuation
[2026-04-03T02:24:35.721+0600][38.225s][info][gc          ] GC(26) Concurrent evacuation 7.450ms
[2026-04-03T02:24:35.722+0600][38.225s][info][gc,start    ] GC(26) Pause Init Update Refs
[2026-04-03T02:24:35.722+0600][38.225s][info][gc,ergo     ] GC(26) Pacer for Update Refs. Used: 321M, Free: 631M, Non-Taxable: 64690K, Alloc Tax Rate: 1.1x
[2026-04-03T02:24:35.722+0600][38.225s][info][gc          ] GC(26) Pause Init Update Refs 0.115ms
[2026-04-03T02:24:35.722+0600][38.225s][info][gc,start    ] GC(26) Concurrent update references
[2026-04-03T02:24:35.722+0600][38.225s][info][gc,task     ] GC(26) Using 3 of 6 workers for concurrent reference update
[2026-04-03T02:24:35.786+0600][38.289s][info][gc          ] GC(26) Concurrent update references 63.782ms
[2026-04-03T02:24:35.786+0600][38.289s][info][gc,start    ] GC(26) Concurrent update thread roots
[2026-04-03T02:24:35.791+0600][38.294s][info][gc          ] GC(26) Concurrent update thread roots 4.909ms
[2026-04-03T02:24:35.791+0600][38.294s][info][gc,start    ] GC(26) Pause Final Update Refs
[2026-04-03T02:24:35.791+0600][38.295s][info][gc,task     ] GC(26) Using 6 of 6 workers for final reference update
[2026-04-03T02:24:35.792+0600][38.295s][info][gc          ] GC(26) Pause Final Update Refs 0.407ms
[2026-04-03T02:24:35.792+0600][38.295s][info][gc,start    ] GC(26) Concurrent cleanup
[2026-04-03T02:24:35.792+0600][38.296s][info][gc          ] GC(26) Concurrent cleanup 374M->237M(844M) 0.462ms
[2026-04-03T02:24:35.792+0600][38.296s][info][gc,ergo     ] Free: 706M, Max: 256K regular, 258M humongous, Frag: 64% external, 0% internal; Reserve: 51200K, Max: 256K
[2026-04-03T02:24:35.793+0600][38.296s][info][gc,stats    ] 
[2026-04-03T02:24:35.793+0600][38.296s][info][gc,stats    ] All times are wall-clock times, except per-root-class counters, that are sum over
[2026-04-03T02:24:35.793+0600][38.296s][info][gc,stats    ] all workers. Dividing the <total> over the root stage time estimates parallelism.
[2026-04-03T02:24:35.793+0600][38.296s][info][gc,stats    ] 
[2026-04-03T02:24:35.793+0600][38.296s][info][gc,stats    ] Concurrent Reset                   1449 us
[2026-04-03T02:24:35.793+0600][38.296s][info][gc,stats    ] Pause Init Mark (G)                 689 us
[2026-04-03T02:24:35.793+0600][38.296s][info][gc,stats    ] Pause Init Mark (N)                 239 us
[2026-04-03T02:24:35.793+0600][38.296s][info][gc,stats    ]   Update Region States               76 us
[2026-04-03T02:24:35.793+0600][38.296s][info][gc,stats    ] Concurrent Mark Roots              1900 us, parallelism: 1.78x
[2026-04-03T02:24:35.793+0600][38.296s][info][gc,stats    ]   CMR: <total>                     3386 us
[2026-04-03T02:24:35.793+0600][38.296s][info][gc,stats    ]   CMR: Thread Roots                2864 us, workers (us): 1104, 664, 1096, ---, ---, ---, 
[2026-04-03T02:24:35.793+0600][38.296s][info][gc,stats    ]   CMR: VM Strong Roots               72 us, workers (us):  40,  23,   9, ---, ---, ---, 
[2026-04-03T02:24:35.793+0600][38.296s][info][gc,stats    ]   CMR: CLDG Roots                   449 us, workers (us): ---, 449, ---, ---, ---, ---, 
[2026-04-03T02:24:35.793+0600][38.296s][info][gc,stats    ] Concurrent Marking                61442 us
[2026-04-03T02:24:35.793+0600][38.296s][info][gc,stats    ] Pause Final Mark (G)               1309 us
[2026-04-03T02:24:35.793+0600][38.296s][info][gc,stats    ] Pause Final Mark (N)                983 us
[2026-04-03T02:24:35.793+0600][38.296s][info][gc,stats    ]   Finish Mark                       287 us
[2026-04-03T02:24:35.793+0600][38.296s][info][gc,stats    ]   Update Region States              108 us
[2026-04-03T02:24:35.793+0600][38.296s][info][gc,stats    ]   Choose Collection Set             364 us
[2026-04-03T02:24:35.793+0600][38.296s][info][gc,stats    ]   Rebuild Free Set                   55 us
[2026-04-03T02:24:35.793+0600][38.296s][info][gc,stats    ] Concurrent Thread Roots            1278 us, parallelism: 2.32x
[2026-04-03T02:24:35.793+0600][38.296s][info][gc,stats    ]   CTR: <total>                     2961 us
[2026-04-03T02:24:35.793+0600][38.296s][info][gc,stats    ]   CTR: Thread Roots                2961 us, workers (us): 992, 992, 978, ---, ---, ---, 
[2026-04-03T02:24:35.793+0600][38.296s][info][gc,stats    ] Concurrent Weak References         1089 us, parallelism: 1.23x
[2026-04-03T02:24:35.793+0600][38.296s][info][gc,stats    ]   CWRF: <total>                    1338 us
[2026-04-03T02:24:35.793+0600][38.296s][info][gc,stats    ]   CWRF: Weak References            1338 us, workers (us): 454, 884,   0, ---, ---, ---, 
[2026-04-03T02:24:35.793+0600][38.296s][info][gc,stats    ] Concurrent Weak Roots              5599 us
[2026-04-03T02:24:35.793+0600][38.296s][info][gc,stats    ]   Roots                            5141 us, parallelism: 2.77x
[2026-04-03T02:24:35.793+0600][38.296s][info][gc,stats    ]     CWR: <total>                  14239 us
[2026-04-03T02:24:35.793+0600][38.296s][info][gc,stats    ]     CWR: Code Cache Roots         10743 us, workers (us): 3457, 3694, 3592, ---, ---, ---, 
[2026-04-03T02:24:35.793+0600][38.296s][info][gc,stats    ]     CWR: VM Weak Roots             3276 us, workers (us): 1119, 1091, 1066, ---, ---, ---, 
[2026-04-03T02:24:35.793+0600][38.296s][info][gc,stats    ]     CWR: CLDG Roots                 220 us, workers (us): 220, ---, ---, ---, ---, ---, 
[2026-04-03T02:24:35.793+0600][38.296s][info][gc,stats    ]   Rendezvous                        346 us
[2026-04-03T02:24:35.793+0600][38.296s][info][gc,stats    ] Concurrent Cleanup                 1376 us
[2026-04-03T02:24:35.793+0600][38.296s][info][gc,stats    ] Concurrent Class Unloading        34428 us
[2026-04-03T02:24:35.793+0600][38.296s][info][gc,stats    ]   Unlink Stale                    24270 us
[2026-04-03T02:24:35.793+0600][38.296s][info][gc,stats    ]     System Dictionary               306 us
[2026-04-03T02:24:35.793+0600][38.296s][info][gc,stats    ]     Weak Class Links                  0 us
[2026-04-03T02:24:35.793+0600][38.296s][info][gc,stats    ]     Code Roots                    23959 us
[2026-04-03T02:24:35.793+0600][38.296s][info][gc,stats    ]   Rendezvous                        422 us
[2026-04-03T02:24:35.793+0600][38.296s][info][gc,stats    ]   Purge Unlinked                   9585 us
[2026-04-03T02:24:35.793+0600][38.296s][info][gc,stats    ]     Code Roots                     9539 us
[2026-04-03T02:24:35.793+0600][38.296s][info][gc,stats    ]     CLDG                             44 us
[2026-04-03T02:24:35.793+0600][38.296s][info][gc,stats    ]     Exception Caches                  1 us
[2026-04-03T02:24:35.793+0600][38.296s][info][gc,stats    ] Concurrent Strong Roots            4716 us, parallelism: 0.20x
[2026-04-03T02:24:35.793+0600][38.296s][info][gc,stats    ]   CSR: <total>                      931 us
[2026-04-03T02:24:35.793+0600][38.296s][info][gc,stats    ]   CSR: VM Strong Roots               60 us, workers (us):  59,   1,   0, ---, ---, ---, 
[2026-04-03T02:24:35.793+0600][38.296s][info][gc,stats    ]   CSR: CLDG Roots                   870 us, workers (us): 870, ---, ---, ---, ---, ---, 
[2026-04-03T02:24:35.793+0600][38.296s][info][gc,stats    ] Concurrent Evacuation              7554 us
[2026-04-03T02:24:35.793+0600][38.296s][info][gc,stats    ] Pause Init Update Refs (G)          506 us
[2026-04-03T02:24:35.793+0600][38.296s][info][gc,stats    ] Pause Init Update Refs (N)          129 us
[2026-04-03T02:24:35.793+0600][38.296s][info][gc,stats    ]   Manage GCLABs                      46 us
[2026-04-03T02:24:35.793+0600][38.296s][info][gc,stats    ] Concurrent Update Refs            63914 us
[2026-04-03T02:24:35.793+0600][38.296s][info][gc,stats    ] Concurrent Update Thread Roots     5011 us
[2026-04-03T02:24:35.793+0600][38.297s][info][gc,stats    ] Pause Final Update Refs (G)        1017 us
[2026-04-03T02:24:35.793+0600][38.297s][info][gc,stats    ] Pause Final Update Refs (N)         502 us
[2026-04-03T02:24:35.793+0600][38.297s][info][gc,stats    ]   Update Region States               87 us
[2026-04-03T02:24:35.793+0600][38.297s][info][gc,stats    ]   Trash Collection Set               29 us
[2026-04-03T02:24:35.793+0600][38.297s][info][gc,stats    ]   Rebuild Free Set                  131 us
[2026-04-03T02:24:35.793+0600][38.297s][info][gc,stats    ] Concurrent Cleanup                  494 us
[2026-04-03T02:24:35.793+0600][38.297s][info][gc,stats    ] Pacing                            43277 us
[2026-04-03T02:24:35.793+0600][38.297s][info][gc,stats    ] 
[2026-04-03T02:24:35.793+0600][38.297s][info][gc,stats    ] Allocation pacing accrued:
[2026-04-03T02:24:35.793+0600][38.297s][info][gc,stats    ]       6 of   796 ms (  0.7%): Executor task launch worker for task 0.0 in stage 656.0 (TID 1329)
[2026-04-03T02:24:35.793+0600][38.297s][info][gc,stats    ]       4 of   796 ms (  0.5%): Executor task launch worker for task 4.0 in stage 656.0 (TID 1333)
[2026-04-03T02:24:35.793+0600][38.297s][info][gc,stats    ]       6 of   796 ms (  0.8%): Executor task launch worker for task 2.0 in stage 656.0 (TID 1331)
[2026-04-03T02:24:35.793+0600][38.297s][info][gc,stats    ]       5 of   796 ms (  0.7%): Executor task launch worker for task 1.0 in stage 656.0 (TID 1330)
[2026-04-03T02:24:35.793+0600][38.297s][info][gc,stats    ]       5 of   796 ms (  0.7%): Executor task launch worker for task 7.0 in stage 656.0 (TID 1336)
[2026-04-03T02:24:35.793+0600][38.297s][info][gc,stats    ]       5 of   796 ms (  0.6%): Executor task launch worker for task 5.0 in stage 656.0 (TID 1334)
[2026-04-03T02:24:35.793+0600][38.297s][info][gc,stats    ]       6 of   796 ms (  0.8%): Executor task launch worker for task 3.0 in stage 656.0 (TID 1332)
[2026-04-03T02:24:35.793+0600][38.297s][info][gc,stats    ]       6 of   796 ms (  0.7%): Executor task launch worker for task 6.0 in stage 656.0 (TID 1335)
[2026-04-03T02:24:35.793+0600][38.297s][info][gc,stats    ]      43 of   796 ms (  5.4%): <total>
[2026-04-03T02:24:35.793+0600][38.297s][info][gc,stats    ]       0 of   796 ms (  0.0%): <average total>
[2026-04-03T02:24:35.793+0600][38.297s][info][gc,stats    ]       5 of   796 ms (  0.7%): <average non-zero>
[2026-04-03T02:24:35.793+0600][38.297s][info][gc,stats    ] 
[2026-04-03T02:24:35.794+0600][38.297s][info][gc,metaspace] Metaspace: 130343K(131584K)->130344K(131584K) NonClass: 113902K(114560K)->113903K(114560K) Class: 16440K(17024K)->16440K(17024K)
[2026-04-03T02:24:35.794+0600][38.297s][info][gc,ergo     ] Pacer for Idle. Initial: 20480K, Alloc Tax Rate: 1.0x
[2026-04-03T02:24:35.995+0600][38.498s][info][gc          ] Trigger: Average GC time (220.14 ms) is above the time for instantaneous allocation rate (1811 MB/s) to deplete free headroom (376M) (spike threshold = 1.80)
[2026-04-03T02:24:35.995+0600][38.498s][info][gc,ergo     ] Free: 425M, Max: 256K regular, 165M humongous, Frag: 62% external, 0% internal; Reserve: 51200K, Max: 256K
[2026-04-03T02:24:35.995+0600][38.498s][info][gc,start    ] GC(27) Concurrent reset
[2026-04-03T02:24:35.995+0600][38.498s][info][gc,task     ] GC(27) Using 3 of 6 workers for concurrent reset
[2026-04-03T02:24:35.995+0600][38.498s][info][gc,ergo     ] GC(27) Pacer for Reset. Non-Taxable: 1000M
[2026-04-03T02:24:35.996+0600][38.500s][info][gc          ] GC(27) Concurrent reset 1.310ms
[2026-04-03T02:24:35.998+0600][38.501s][info][gc,start    ] GC(27) Pause Init Mark (unload classes)
[2026-04-03T02:24:35.998+0600][38.501s][info][gc,task     ] GC(27) Using 6 of 6 workers for init marking
[2026-04-03T02:24:35.998+0600][38.501s][info][gc,ergo     ] GC(27) Pacer for Mark. Expected Live: 89510K, Free: 407M, Non-Taxable: 41727K, Alloc Tax Rate: 0.3x
[2026-04-03T02:24:35.998+0600][38.501s][info][gc          ] GC(27) Pause Init Mark (unload classes) 0.243ms
[2026-04-03T02:24:35.998+0600][38.501s][info][gc,start    ] GC(27) Concurrent marking roots
[2026-04-03T02:24:35.998+0600][38.501s][info][gc,task     ] GC(27) Using 3 of 6 workers for concurrent marking roots
[2026-04-03T02:24:35.999+0600][38.503s][info][gc          ] GC(27) Concurrent marking roots 1.523ms
[2026-04-03T02:24:36.000+0600][38.503s][info][gc,start    ] GC(27) Concurrent marking (unload classes)
[2026-04-03T02:24:36.000+0600][38.503s][info][gc,task     ] GC(27) Using 3 of 6 workers for concurrent marking
[2026-04-03T02:24:36.048+0600][38.552s][info][gc          ] GC(27) Concurrent marking (unload classes) 48.689ms
[2026-04-03T02:24:36.049+0600][38.552s][info][gc,start    ] GC(27) Pause Final Mark (unload classes)
[2026-04-03T02:24:36.049+0600][38.552s][info][gc,task     ] GC(27) Using 6 of 6 workers for final marking
[2026-04-03T02:24:36.049+0600][38.552s][info][gc,ergo     ] GC(27) Adaptive CSet Selection. Target Free: 141M, Actual Free: 737M, Max CSet: 42666K, Min Garbage: 0B
[2026-04-03T02:24:36.049+0600][38.553s][info][gc,ergo     ] GC(27) Collectable Garbage: 408M (98%), Immediate: 359M (86%), CSet: 49980K (11%)
[2026-04-03T02:24:36.049+0600][38.553s][info][gc,ergo     ] GC(27) Pacer for Evacuation. Used CSet: 54823K, Free: 706M, Non-Taxable: 72321K, Alloc Tax Rate: 1.1x
[2026-04-03T02:24:36.049+0600][38.553s][info][gc          ] GC(27) Pause Final Mark (unload classes) 0.908ms
[2026-04-03T02:24:36.050+0600][38.553s][info][gc,start    ] GC(27) Concurrent thread roots
[2026-04-03T02:24:36.050+0600][38.553s][info][gc,task     ] GC(27) Using 3 of 6 workers for Concurrent thread roots
[2026-04-03T02:24:36.051+0600][38.554s][info][gc          ] GC(27) Concurrent thread roots 0.967ms
[2026-04-03T02:24:36.051+0600][38.554s][info][gc,start    ] GC(27) Concurrent weak references
[2026-04-03T02:24:36.051+0600][38.554s][info][gc,task     ] GC(27) Using 3 of 6 workers for concurrent weak references
[2026-04-03T02:24:36.051+0600][38.554s][info][gc,ref      ] GC(27) Encountered references: Soft: 3868, Weak: 15172, Final: 84, Phantom: 637
[2026-04-03T02:24:36.051+0600][38.554s][info][gc,ref      ] GC(27) Discovered  references: Soft: 0, Weak: 8236, Final: 80, Phantom: 241
[2026-04-03T02:24:36.051+0600][38.554s][info][gc,ref      ] GC(27) Enqueued    references: Soft: 0, Weak: 604, Final: 0, Phantom: 0
[2026-04-03T02:24:36.051+0600][38.554s][info][gc          ] GC(27) Concurrent weak references 0.489ms
[2026-04-03T02:24:36.051+0600][38.554s][info][gc,start    ] GC(27) Concurrent weak roots
[2026-04-03T02:24:36.051+0600][38.554s][info][gc,task     ] GC(27) Using 3 of 6 workers for concurrent weak root
[2026-04-03T02:24:36.059+0600][38.562s][info][gc          ] GC(27) Concurrent weak roots 7.799ms
[2026-04-03T02:24:36.059+0600][38.562s][info][gc,start    ] GC(27) Concurrent cleanup
[2026-04-03T02:24:36.060+0600][38.564s][info][gc          ] GC(27) Concurrent cleanup 656M->301M(844M) 1.302ms
[2026-04-03T02:24:36.061+0600][38.564s][info][gc,ergo     ] GC(27) Free: 638M, Max: 256K regular, 157M humongous, Frag: 76% external, 0% internal; Reserve: 48909K, Max: 256K
[2026-04-03T02:24:36.061+0600][38.564s][info][gc,start    ] GC(27) Concurrent class unloading
[2026-04-03T02:24:36.061+0600][38.564s][info][gc,task     ] GC(27) Using 3 of 6 workers for concurrent class unloading
[2026-04-03T02:24:36.075+0600][38.578s][info][gc          ] GC(27) Concurrent class unloading 13.719ms
[2026-04-03T02:24:36.075+0600][38.578s][info][gc,start    ] GC(27) Concurrent strong roots
[2026-04-03T02:24:36.075+0600][38.578s][info][gc,task     ] GC(27) Using 3 of 6 workers for concurrent strong root
[2026-04-03T02:24:36.075+0600][38.579s][info][gc          ] GC(27) Concurrent strong roots 0.860ms
[2026-04-03T02:24:36.075+0600][38.579s][info][gc,start    ] GC(27) Concurrent evacuation
[2026-04-03T02:24:36.075+0600][38.579s][info][gc,task     ] GC(27) Using 3 of 6 workers for concurrent evacuation
[2026-04-03T02:24:36.077+0600][38.581s][info][gc          ] GC(27) Concurrent evacuation 1.864ms
[2026-04-03T02:24:36.078+0600][38.581s][info][gc,start    ] GC(27) Pause Init Update Refs
[2026-04-03T02:24:36.078+0600][38.581s][info][gc,ergo     ] GC(27) Pacer for Update Refs. Used: 319M, Free: 622M, Non-Taxable: 63779K, Alloc Tax Rate: 1.1x
[2026-04-03T02:24:36.078+0600][38.581s][info][gc          ] GC(27) Pause Init Update Refs 0.169ms
[2026-04-03T02:24:36.078+0600][38.581s][info][gc,start    ] GC(27) Concurrent update references
[2026-04-03T02:24:36.078+0600][38.581s][info][gc,task     ] GC(27) Using 3 of 6 workers for concurrent reference update
[2026-04-03T02:24:36.121+0600][38.624s][info][gc          ] GC(27) Concurrent update references 43.143ms
[2026-04-03T02:24:36.121+0600][38.624s][info][gc,start    ] GC(27) Concurrent update thread roots
[2026-04-03T02:24:36.123+0600][38.626s][info][gc          ] GC(27) Concurrent update thread roots 1.841ms
[2026-04-03T02:24:36.123+0600][38.627s][info][gc,start    ] GC(27) Pause Final Update Refs
[2026-04-03T02:24:36.123+0600][38.627s][info][gc,task     ] GC(27) Using 6 of 6 workers for final reference update
[2026-04-03T02:24:36.123+0600][38.627s][info][gc          ] GC(27) Pause Final Update Refs 0.218ms
[2026-04-03T02:24:36.124+0600][38.628s][info][gc,start    ] GC(27) Concurrent cleanup
[2026-04-03T02:24:36.125+0600][38.628s][info][gc          ] GC(27) Concurrent cleanup 348M->296M(844M) 0.524ms
[2026-04-03T02:24:36.125+0600][38.628s][info][gc,ergo     ] Free: 640M, Max: 256K regular, 311M humongous, Frag: 52% external, 0% internal; Reserve: 51200K, Max: 256K
[2026-04-03T02:24:36.125+0600][38.628s][info][gc,stats    ] 
[2026-04-03T02:24:36.125+0600][38.628s][info][gc,stats    ] All times are wall-clock times, except per-root-class counters, that are sum over
[2026-04-03T02:24:36.125+0600][38.629s][info][gc,stats    ] all workers. Dividing the <total> over the root stage time estimates parallelism.
[2026-04-03T02:24:36.125+0600][38.629s][info][gc,stats    ] 
[2026-04-03T02:24:36.125+0600][38.629s][info][gc,stats    ] Concurrent Reset                   1389 us
[2026-04-03T02:24:36.125+0600][38.629s][info][gc,stats    ] Pause Init Mark (G)                1370 us
[2026-04-03T02:24:36.125+0600][38.629s][info][gc,stats    ] Pause Init Mark (N)                 256 us
[2026-04-03T02:24:36.125+0600][38.629s][info][gc,stats    ]   Update Region States               87 us
[2026-04-03T02:24:36.125+0600][38.629s][info][gc,stats    ] Concurrent Mark Roots              1684 us, parallelism: 1.84x
[2026-04-03T02:24:36.125+0600][38.629s][info][gc,stats    ]   CMR: <total>                     3091 us
[2026-04-03T02:24:36.125+0600][38.629s][info][gc,stats    ]   CMR: Thread Roots                2784 us, workers (us): 770, 1004, 1010, ---, ---, ---, 
[2026-04-03T02:24:36.125+0600][38.629s][info][gc,stats    ]   CMR: VM Strong Roots               59 us, workers (us):  38,  20,   1, ---, ---, ---, 
[2026-04-03T02:24:36.125+0600][38.629s][info][gc,stats    ]   CMR: CLDG Roots                   249 us, workers (us): 249, ---, ---, ---, ---, ---, 
[2026-04-03T02:24:36.125+0600][38.629s][info][gc,stats    ] Concurrent Marking                48774 us
[2026-04-03T02:24:36.125+0600][38.629s][info][gc,stats    ] Pause Final Mark (G)               1285 us
[2026-04-03T02:24:36.125+0600][38.629s][info][gc,stats    ] Pause Final Mark (N)                924 us
[2026-04-03T02:24:36.125+0600][38.629s][info][gc,stats    ]   Finish Mark                       359 us
[2026-04-03T02:24:36.125+0600][38.629s][info][gc,stats    ]   Update Region States               72 us
[2026-04-03T02:24:36.125+0600][38.629s][info][gc,stats    ]   Choose Collection Set             284 us
[2026-04-03T02:24:36.125+0600][38.629s][info][gc,stats    ]   Rebuild Free Set                   43 us
[2026-04-03T02:24:36.125+0600][38.629s][info][gc,stats    ] Concurrent Thread Roots             998 us, parallelism: 2.24x
[2026-04-03T02:24:36.125+0600][38.629s][info][gc,stats    ]   CTR: <total>                     2237 us
[2026-04-03T02:24:36.125+0600][38.629s][info][gc,stats    ]   CTR: Thread Roots                2237 us, workers (us): 764, 750, 722, ---, ---, ---, 
[2026-04-03T02:24:36.125+0600][38.629s][info][gc,stats    ] Concurrent Weak References          496 us, parallelism: 1.67x
[2026-04-03T02:24:36.125+0600][38.629s][info][gc,stats    ]   CWRF: <total>                     827 us
[2026-04-03T02:24:36.125+0600][38.629s][info][gc,stats    ]   CWRF: Weak References             827 us, workers (us): 404, 118, 306, ---, ---, ---, 
[2026-04-03T02:24:36.125+0600][38.629s][info][gc,stats    ] Concurrent Weak Roots              7973 us
[2026-04-03T02:24:36.125+0600][38.629s][info][gc,stats    ]   Roots                            5329 us, parallelism: 2.80x
[2026-04-03T02:24:36.126+0600][38.629s][info][gc,stats    ]     CWR: <total>                  14897 us
[2026-04-03T02:24:36.126+0600][38.629s][info][gc,stats    ]     CWR: Code Cache Roots         11727 us, workers (us): 3975, 3673, 4078, ---, ---, ---, 
[2026-04-03T02:24:36.126+0600][38.629s][info][gc,stats    ]     CWR: VM Weak Roots             2892 us, workers (us): 974, 961, 958, ---, ---, ---, 
[2026-04-03T02:24:36.126+0600][38.629s][info][gc,stats    ]     CWR: CLDG Roots                 278 us, workers (us): ---, 278, ---, ---, ---, ---, 
[2026-04-03T02:24:36.126+0600][38.629s][info][gc,stats    ]   Rendezvous                       2441 us
[2026-04-03T02:24:36.126+0600][38.629s][info][gc,stats    ] Concurrent Cleanup                 1387 us
[2026-04-03T02:24:36.126+0600][38.629s][info][gc,stats    ] Concurrent Class Unloading        13798 us
[2026-04-03T02:24:36.126+0600][38.629s][info][gc,stats    ]   Unlink Stale                    12282 us
[2026-04-03T02:24:36.126+0600][38.629s][info][gc,stats    ]     System Dictionary               488 us
[2026-04-03T02:24:36.126+0600][38.629s][info][gc,stats    ]     Weak Class Links                  0 us
[2026-04-03T02:24:36.126+0600][38.629s][info][gc,stats    ]     Code Roots                    11787 us
[2026-04-03T02:24:36.126+0600][38.629s][info][gc,stats    ]   Rendezvous                        339 us
[2026-04-03T02:24:36.126+0600][38.629s][info][gc,stats    ]   Purge Unlinked                   1023 us
[2026-04-03T02:24:36.126+0600][38.629s][info][gc,stats    ]     Code Roots                     1016 us
[2026-04-03T02:24:36.126+0600][38.629s][info][gc,stats    ]     CLDG                              6 us
[2026-04-03T02:24:36.126+0600][38.629s][info][gc,stats    ]     Exception Caches                  0 us
[2026-04-03T02:24:36.126+0600][38.629s][info][gc,stats    ] Concurrent Strong Roots             891 us, parallelism: 0.58x
[2026-04-03T02:24:36.126+0600][38.629s][info][gc,stats    ]   CSR: <total>                      512 us
[2026-04-03T02:24:36.126+0600][38.629s][info][gc,stats    ]   CSR: VM Strong Roots               35 us, workers (us):  34,   1,   0, ---, ---, ---, 
[2026-04-03T02:24:36.126+0600][38.629s][info][gc,stats    ]   CSR: CLDG Roots                   477 us, workers (us): 477, ---, ---, ---, ---, ---, 
[2026-04-03T02:24:36.126+0600][38.629s][info][gc,stats    ] Concurrent Evacuation              1936 us
[2026-04-03T02:24:36.126+0600][38.629s][info][gc,stats    ] Pause Init Update Refs (G)          498 us
[2026-04-03T02:24:36.126+0600][38.629s][info][gc,stats    ] Pause Init Update Refs (N)          184 us
[2026-04-03T02:24:36.126+0600][38.629s][info][gc,stats    ]   Manage GCLABs                      42 us
[2026-04-03T02:24:36.126+0600][38.629s][info][gc,stats    ] Concurrent Update Refs            43257 us
[2026-04-03T02:24:36.126+0600][38.629s][info][gc,stats    ] Concurrent Update Thread Roots     1924 us
[2026-04-03T02:24:36.126+0600][38.629s][info][gc,stats    ] Pause Final Update Refs (G)        1177 us
[2026-04-03T02:24:36.126+0600][38.629s][info][gc,stats    ] Pause Final Update Refs (N)         238 us
[2026-04-03T02:24:36.126+0600][38.629s][info][gc,stats    ]   Update Region States               84 us
[2026-04-03T02:24:36.126+0600][38.629s][info][gc,stats    ]   Trash Collection Set               21 us
[2026-04-03T02:24:36.126+0600][38.629s][info][gc,stats    ]   Rebuild Free Set                   54 us
[2026-04-03T02:24:36.126+0600][38.629s][info][gc,stats    ] Concurrent Cleanup                  651 us
[2026-04-03T02:24:36.126+0600][38.629s][info][gc,stats    ] Pacing                           264292 us
[2026-04-03T02:24:36.126+0600][38.629s][info][gc,stats    ] 
[2026-04-03T02:24:36.126+0600][38.629s][info][gc,stats    ] Allocation pacing accrued:
[2026-04-03T02:24:36.126+0600][38.629s][info][gc,stats    ]      11 of   333 ms (  3.3%): dispatcher-event-loop-4
[2026-04-03T02:24:36.126+0600][38.629s][info][gc,stats    ]      14 of   333 ms (  4.3%): dispatcher-BlockManagerMaster
[2026-04-03T02:24:36.126+0600][38.629s][info][gc,stats    ]      11 of   333 ms (  3.3%): dag-scheduler-event-loop
[2026-04-03T02:24:36.126+0600][38.629s][info][gc,stats    ]      11 of   333 ms (  3.3%): Spark Context Cleaner
[2026-04-03T02:24:36.126+0600][38.629s][info][gc,stats    ]      56 of   333 ms ( 16.8%): Executor task launch worker for task 1.0 in stage 667.0 (TID 1348)
[2026-04-03T02:24:36.126+0600][38.629s][info][gc,stats    ]      57 of   333 ms ( 17.2%): Executor task launch worker for task 0.0 in stage 667.0 (TID 1347)
[2026-04-03T02:24:36.126+0600][38.629s][info][gc,stats    ]      44 of   333 ms ( 13.1%): Executor task launch worker for task 2.0 in stage 667.0 (TID 1349)
[2026-04-03T02:24:36.126+0600][38.629s][info][gc,stats    ]      44 of   333 ms ( 13.1%): Executor task launch worker for task 3.0 in stage 667.0 (TID 1350)
[2026-04-03T02:24:36.126+0600][38.629s][info][gc,stats    ]       2 of   333 ms (  0.7%): task-result-getter-2
[2026-04-03T02:24:36.126+0600][38.629s][info][gc,stats    ]      14 of   333 ms (  4.2%): block-manager-storage-async-thread-pool-70
[2026-04-03T02:24:36.126+0600][38.629s][info][gc,stats    ]     264 of   333 ms ( 79.5%): <total>
[2026-04-03T02:24:36.126+0600][38.629s][info][gc,stats    ]       1 of   333 ms (  0.3%): <average total>
[2026-04-03T02:24:36.126+0600][38.629s][info][gc,stats    ]      26 of   333 ms (  7.9%): <average non-zero>
[2026-04-03T02:24:36.126+0600][38.629s][info][gc,stats    ] 
[2026-04-03T02:24:36.126+0600][38.630s][info][gc,metaspace] Metaspace: 130352K(131584K)->130358K(131584K) NonClass: 113911K(114560K)->113917K(114560K) Class: 16440K(17024K)->16440K(17024K)
[2026-04-03T02:24:36.126+0600][38.630s][info][gc,ergo     ] Pacer for Idle. Initial: 20480K, Alloc Tax Rate: 1.0x
[2026-04-03T02:24:36.193+0600][38.696s][info][gc          ] Trigger: Average GC time (210.05 ms) is above the time for average allocation rate (1502 MB/s) to deplete free headroom (314M) (margin of error = 1.84)
[2026-04-03T02:24:36.193+0600][38.696s][info][gc,ergo     ] Free headroom: 364M (free) - 51200K (spike) - 0B (penalties) = 314M
[2026-04-03T02:24:36.193+0600][38.696s][info][gc,ergo     ] Free: 360M, Max: 256K regular, 311M humongous, Frag: 14% external, 0% internal; Reserve: 51200K, Max: 256K
[2026-04-03T02:24:36.193+0600][38.696s][info][gc,start    ] GC(28) Concurrent reset
[2026-04-03T02:24:36.193+0600][38.696s][info][gc,task     ] GC(28) Using 3 of 6 workers for concurrent reset
[2026-04-03T02:24:36.193+0600][38.696s][info][gc,ergo     ] GC(28) Pacer for Reset. Non-Taxable: 1000M
[2026-04-03T02:24:36.195+0600][38.698s][info][gc          ] GC(28) Concurrent reset 1.438ms
[2026-04-03T02:24:36.195+0600][38.698s][info][gc,start    ] GC(28) Pause Init Mark (unload classes)
[2026-04-03T02:24:36.195+0600][38.698s][info][gc,task     ] GC(28) Using 6 of 6 workers for init marking
[2026-04-03T02:24:36.195+0600][38.699s][info][gc,ergo     ] GC(28) Pacer for Mark. Expected Live: 93539K, Free: 337M, Non-Taxable: 34590K, Alloc Tax Rate: 0.3x
[2026-04-03T02:24:36.195+0600][38.699s][info][gc          ] GC(28) Pause Init Mark (unload classes) 0.223ms
[2026-04-03T02:24:36.196+0600][38.699s][info][gc,start    ] GC(28) Concurrent marking roots
[2026-04-03T02:24:36.196+0600][38.699s][info][gc,task     ] GC(28) Using 3 of 6 workers for concurrent marking roots
[2026-04-03T02:24:36.197+0600][38.700s][info][gc          ] GC(28) Concurrent marking roots 1.526ms
[2026-04-03T02:24:36.197+0600][38.700s][info][gc,start    ] GC(28) Concurrent marking (unload classes)
[2026-04-03T02:24:36.197+0600][38.700s][info][gc,task     ] GC(28) Using 3 of 6 workers for concurrent marking
[2026-04-03T02:24:36.257+0600][38.760s][info][gc          ] GC(28) Concurrent marking (unload classes) 59.504ms
[2026-04-03T02:24:36.257+0600][38.760s][info][gc,start    ] GC(28) Pause Final Mark (unload classes)
[2026-04-03T02:24:36.257+0600][38.760s][info][gc,task     ] GC(28) Using 6 of 6 workers for final marking
[2026-04-03T02:24:36.258+0600][38.761s][info][gc,ergo     ] GC(28) Adaptive CSet Selection. Target Free: 141M, Actual Free: 738M, Max CSet: 42666K, Min Garbage: 0B
[2026-04-03T02:24:36.258+0600][38.761s][info][gc,ergo     ] GC(28) Collectable Garbage: 474M (98%), Immediate: 430M (89%), CSet: 44440K (9%)
[2026-04-03T02:24:36.258+0600][38.761s][info][gc,ergo     ] GC(28) Pacer for Evacuation. Used CSet: 51484K, Free: 718M, Non-Taxable: 73610K, Alloc Tax Rate: 1.1x
[2026-04-03T02:24:36.258+0600][38.761s][info][gc          ] GC(28) Pause Final Mark (unload classes) 0.966ms
[2026-04-03T02:24:36.258+0600][38.761s][info][gc,start    ] GC(28) Concurrent thread roots
[2026-04-03T02:24:36.258+0600][38.761s][info][gc,task     ] GC(28) Using 3 of 6 workers for Concurrent thread roots
[2026-04-03T02:24:36.259+0600][38.762s][info][gc          ] GC(28) Concurrent thread roots 1.078ms
[2026-04-03T02:24:36.259+0600][38.762s][info][gc,start    ] GC(28) Concurrent weak references
[2026-04-03T02:24:36.259+0600][38.762s][info][gc,task     ] GC(28) Using 3 of 6 workers for concurrent weak references
[2026-04-03T02:24:36.260+0600][38.764s][info][gc,ref      ] GC(28) Encountered references: Soft: 3868, Weak: 14739, Final: 84, Phantom: 620
[2026-04-03T02:24:36.260+0600][38.764s][info][gc,ref      ] GC(28) Discovered  references: Soft: 0, Weak: 8332, Final: 84, Phantom: 595
[2026-04-03T02:24:36.260+0600][38.764s][info][gc,ref      ] GC(28) Enqueued    references: Soft: 0, Weak: 222, Final: 0, Phantom: 0
[2026-04-03T02:24:36.260+0600][38.764s][info][gc          ] GC(28) Concurrent weak references 1.193ms
[2026-04-03T02:24:36.260+0600][38.764s][info][gc,start    ] GC(28) Concurrent weak roots
[2026-04-03T02:24:36.260+0600][38.764s][info][gc,task     ] GC(28) Using 3 of 6 workers for concurrent weak root
[2026-04-03T02:24:36.266+0600][38.769s][info][gc          ] GC(28) Concurrent weak roots 5.424ms
[2026-04-03T02:24:36.266+0600][38.769s][info][gc,start    ] GC(28) Concurrent cleanup
[2026-04-03T02:24:36.267+0600][38.770s][info][gc          ] GC(28) Concurrent cleanup 657M->226M(844M) 1.211ms
[2026-04-03T02:24:36.267+0600][38.771s][info][gc,ergo     ] GC(28) Free: 715M, Max: 256K regular, 256M humongous, Frag: 65% external, 0% internal; Reserve: 50949K, Max: 256K
[2026-04-03T02:24:36.267+0600][38.771s][info][gc,start    ] GC(28) Concurrent class unloading
[2026-04-03T02:24:36.267+0600][38.771s][info][gc,task     ] GC(28) Using 3 of 6 workers for concurrent class unloading
[2026-04-03T02:24:36.282+0600][38.786s][info][gc          ] GC(28) Concurrent class unloading 14.993ms
[2026-04-03T02:24:36.282+0600][38.786s][info][gc,start    ] GC(28) Concurrent strong roots
[2026-04-03T02:24:36.282+0600][38.786s][info][gc,task     ] GC(28) Using 3 of 6 workers for concurrent strong root
[2026-04-03T02:24:36.284+0600][38.787s][info][gc          ] GC(28) Concurrent strong roots 1.594ms
[2026-04-03T02:24:36.284+0600][38.787s][info][gc,start    ] GC(28) Concurrent evacuation
[2026-04-03T02:24:36.284+0600][38.787s][info][gc,task     ] GC(28) Using 3 of 6 workers for concurrent evacuation
[2026-04-03T02:24:36.287+0600][38.791s][info][gc          ] GC(28) Concurrent evacuation 3.235ms
[2026-04-03T02:24:36.288+0600][38.791s][info][gc,start    ] GC(28) Pause Init Update Refs
[2026-04-03T02:24:36.288+0600][38.791s][info][gc,ergo     ] GC(28) Pacer for Update Refs. Used: 237M, Free: 712M, Non-Taxable: 72974K, Alloc Tax Rate: 1.1x
[2026-04-03T02:24:36.288+0600][38.791s][info][gc          ] GC(28) Pause Init Update Refs 0.206ms
[2026-04-03T02:24:36.288+0600][38.791s][info][gc,start    ] GC(28) Concurrent update references
[2026-04-03T02:24:36.288+0600][38.791s][info][gc,task     ] GC(28) Using 3 of 6 workers for concurrent reference update
[2026-04-03T02:24:36.333+0600][38.837s][info][gc          ] GC(28) Concurrent update references 45.419ms
[2026-04-03T02:24:36.333+0600][38.837s][info][gc,start    ] GC(28) Concurrent update thread roots
[2026-04-03T02:24:36.335+0600][38.839s][info][gc          ] GC(28) Concurrent update thread roots 1.772ms
[2026-04-03T02:24:36.335+0600][38.839s][info][gc,start    ] GC(28) Pause Final Update Refs
[2026-04-03T02:24:36.335+0600][38.839s][info][gc,task     ] GC(28) Using 6 of 6 workers for final reference update
[2026-04-03T02:24:36.336+0600][38.839s][info][gc          ] GC(28) Pause Final Update Refs 0.186ms
[2026-04-03T02:24:36.336+0600][38.839s][info][gc,start    ] GC(28) Concurrent cleanup
[2026-04-03T02:24:36.337+0600][38.840s][info][gc          ] GC(28) Concurrent cleanup 258M->211M(844M) 0.832ms
[2026-04-03T02:24:36.337+0600][38.840s][info][gc,ergo     ] Free: 730M, Max: 256K regular, 258M humongous, Frag: 65% external, 0% internal; Reserve: 51200K, Max: 256K
[2026-04-03T02:24:36.337+0600][38.840s][info][gc,stats    ] 
[2026-04-03T02:24:36.337+0600][38.840s][info][gc,stats    ] All times are wall-clock times, except per-root-class counters, that are sum over
[2026-04-03T02:24:36.337+0600][38.840s][info][gc,stats    ] all workers. Dividing the <total> over the root stage time estimates parallelism.
[2026-04-03T02:24:36.337+0600][38.840s][info][gc,stats    ] 
[2026-04-03T02:24:36.337+0600][38.840s][info][gc,stats    ] Concurrent Reset                   1519 us
[2026-04-03T02:24:36.337+0600][38.840s][info][gc,stats    ] Pause Init Mark (G)                 914 us
[2026-04-03T02:24:36.337+0600][38.840s][info][gc,stats    ] Pause Init Mark (N)                 235 us
[2026-04-03T02:24:36.337+0600][38.840s][info][gc,stats    ]   Update Region States               96 us
[2026-04-03T02:24:36.337+0600][38.840s][info][gc,stats    ] Concurrent Mark Roots              1576 us, parallelism: 1.90x
[2026-04-03T02:24:36.337+0600][38.840s][info][gc,stats    ]   CMR: <total>                     2994 us
[2026-04-03T02:24:36.337+0600][38.840s][info][gc,stats    ]   CMR: Thread Roots                2533 us, workers (us): 969, 579, 985, ---, ---, ---, 
[2026-04-03T02:24:36.337+0600][38.840s][info][gc,stats    ]   CMR: VM Strong Roots               49 us, workers (us):  42,   7,   1, ---, ---, ---, 
[2026-04-03T02:24:36.337+0600][38.840s][info][gc,stats    ]   CMR: CLDG Roots                   411 us, workers (us): ---, 411, ---, ---, ---, ---, 
[2026-04-03T02:24:36.337+0600][38.840s][info][gc,stats    ] Concurrent Marking                59601 us
[2026-04-03T02:24:36.337+0600][38.840s][info][gc,stats    ] Pause Final Mark (G)               1322 us
[2026-04-03T02:24:36.337+0600][38.840s][info][gc,stats    ] Pause Final Mark (N)                989 us
[2026-04-03T02:24:36.337+0600][38.840s][info][gc,stats    ]   Finish Mark                       311 us
[2026-04-03T02:24:36.337+0600][38.840s][info][gc,stats    ]   Update Region States               87 us
[2026-04-03T02:24:36.337+0600][38.840s][info][gc,stats    ]   Choose Collection Set             318 us
[2026-04-03T02:24:36.337+0600][38.840s][info][gc,stats    ]   Rebuild Free Set                   50 us
[2026-04-03T02:24:36.337+0600][38.840s][info][gc,stats    ] Concurrent Thread Roots            1129 us, parallelism: 2.35x
[2026-04-03T02:24:36.337+0600][38.840s][info][gc,stats    ]   CTR: <total>                     2656 us
[2026-04-03T02:24:36.337+0600][38.840s][info][gc,stats    ]   CTR: Thread Roots                2656 us, workers (us): 900, 883, 873, ---, ---, ---, 
[2026-04-03T02:24:36.337+0600][38.840s][info][gc,stats    ] Concurrent Weak References         1205 us, parallelism: 0.95x
[2026-04-03T02:24:36.337+0600][38.840s][info][gc,stats    ]   CWRF: <total>                    1147 us
[2026-04-03T02:24:36.337+0600][38.840s][info][gc,stats    ]   CWRF: Weak References            1147 us, workers (us): 219, 847,  81, ---, ---, ---, 
[2026-04-03T02:24:36.337+0600][38.840s][info][gc,stats    ] Concurrent Weak Roots              5585 us
[2026-04-03T02:24:36.337+0600][38.840s][info][gc,stats    ]   Roots                            4876 us, parallelism: 2.67x
[2026-04-03T02:24:36.337+0600][38.840s][info][gc,stats    ]     CWR: <total>                  13015 us
[2026-04-03T02:24:36.337+0600][38.840s][info][gc,stats    ]     CWR: Code Cache Roots         10160 us, workers (us): 3496, 3510, 3153, ---, ---, ---, 
[2026-04-03T02:24:36.337+0600][38.840s][info][gc,stats    ]     CWR: VM Weak Roots             2583 us, workers (us): 888, 871, 824, ---, ---, ---, 
[2026-04-03T02:24:36.337+0600][38.840s][info][gc,stats    ]     CWR: CLDG Roots                 272 us, workers (us): ---, ---, 272, ---, ---, ---, 
[2026-04-03T02:24:36.337+0600][38.840s][info][gc,stats    ]   Rendezvous                        522 us
[2026-04-03T02:24:36.337+0600][38.841s][info][gc,stats    ] Concurrent Cleanup                 1297 us
[2026-04-03T02:24:36.337+0600][38.841s][info][gc,stats    ] Concurrent Class Unloading        15105 us
[2026-04-03T02:24:36.337+0600][38.841s][info][gc,stats    ]   Unlink Stale                    13463 us
[2026-04-03T02:24:36.337+0600][38.841s][info][gc,stats    ]     System Dictionary               323 us
[2026-04-03T02:24:36.337+0600][38.841s][info][gc,stats    ]     Weak Class Links                  0 us
[2026-04-03T02:24:36.337+0600][38.841s][info][gc,stats    ]     Code Roots                    13136 us
[2026-04-03T02:24:36.337+0600][38.841s][info][gc,stats    ]   Rendezvous                        467 us
[2026-04-03T02:24:36.337+0600][38.841s][info][gc,stats    ]   Purge Unlinked                   1027 us
[2026-04-03T02:24:36.337+0600][38.841s][info][gc,stats    ]     Code Roots                     1008 us
[2026-04-03T02:24:36.337+0600][38.841s][info][gc,stats    ]     CLDG                             17 us
[2026-04-03T02:24:36.337+0600][38.841s][info][gc,stats    ]     Exception Caches                  0 us
[2026-04-03T02:24:36.337+0600][38.841s][info][gc,stats    ] Concurrent Strong Roots            1654 us, parallelism: 0.70x
[2026-04-03T02:24:36.337+0600][38.841s][info][gc,stats    ]   CSR: <total>                     1166 us
[2026-04-03T02:24:36.337+0600][38.841s][info][gc,stats    ]   CSR: VM Strong Roots              120 us, workers (us):  54,  37,  29, ---, ---, ---, 
[2026-04-03T02:24:36.337+0600][38.841s][info][gc,stats    ]   CSR: CLDG Roots                  1046 us, workers (us): ---, ---, 1046, ---, ---, ---, 
[2026-04-03T02:24:36.337+0600][38.841s][info][gc,stats    ] Concurrent Evacuation              3288 us
[2026-04-03T02:24:36.337+0600][38.841s][info][gc,stats    ] Pause Init Update Refs (G)          542 us
[2026-04-03T02:24:36.337+0600][38.841s][info][gc,stats    ] Pause Init Update Refs (N)          225 us
[2026-04-03T02:24:36.337+0600][38.841s][info][gc,stats    ]   Manage GCLABs                      68 us
[2026-04-03T02:24:36.337+0600][38.841s][info][gc,stats    ] Concurrent Update Refs            45529 us
[2026-04-03T02:24:36.337+0600][38.841s][info][gc,stats    ] Concurrent Update Thread Roots     1852 us
[2026-04-03T02:24:36.337+0600][38.841s][info][gc,stats    ] Pause Final Update Refs (G)         413 us
[2026-04-03T02:24:36.337+0600][38.841s][info][gc,stats    ] Pause Final Update Refs (N)         198 us
[2026-04-03T02:24:36.338+0600][38.841s][info][gc,stats    ]   Update Region States               71 us
[2026-04-03T02:24:36.338+0600][38.841s][info][gc,stats    ]   Trash Collection Set               15 us
[2026-04-03T02:24:36.338+0600][38.841s][info][gc,stats    ]   Rebuild Free Set                   55 us
[2026-04-03T02:24:36.338+0600][38.841s][info][gc,stats    ] Concurrent Cleanup                  874 us
[2026-04-03T02:24:36.338+0600][38.841s][info][gc,stats    ] Pacing                            40526 us
[2026-04-03T02:24:36.338+0600][38.841s][info][gc,stats    ] 
[2026-04-03T02:24:36.338+0600][38.841s][info][gc,stats    ] Allocation pacing accrued:
[2026-04-03T02:24:36.338+0600][38.841s][info][gc,stats    ]      10 of   212 ms (  4.8%): dispatcher-event-loop-7
[2026-04-03T02:24:36.338+0600][38.841s][info][gc,stats    ]      10 of   212 ms (  4.8%): spark-listener-group-shared
[2026-04-03T02:24:36.338+0600][38.841s][info][gc,stats    ]      10 of   212 ms (  4.8%): Executor task launch worker for task 0.0 in stage 678.0 (TID 1367)
[2026-04-03T02:24:36.338+0600][38.841s][info][gc,stats    ]      10 of   212 ms (  4.8%): task-result-getter-1
[2026-04-03T02:24:36.338+0600][38.841s][info][gc,stats    ]      41 of   212 ms ( 19.1%): <total>
[2026-04-03T02:24:36.338+0600][38.841s][info][gc,stats    ]       0 of   212 ms (  0.1%): <average total>
[2026-04-03T02:24:36.338+0600][38.841s][info][gc,stats    ]      10 of   212 ms (  4.8%): <average non-zero>
[2026-04-03T02:24:36.338+0600][38.841s][info][gc,stats    ] 
[2026-04-03T02:24:36.338+0600][38.841s][info][gc,metaspace] Metaspace: 130377K(131584K)->130383K(131584K) NonClass: 113936K(114560K)->113942K(114560K) Class: 16440K(17024K)->16440K(17024K)
[2026-04-03T02:24:36.338+0600][38.841s][info][gc,ergo     ] Pacer for Idle. Initial: 20480K, Alloc Tax Rate: 1.0x
[2026-04-03T02:24:36.942+0600][39.445s][info][gc          ] Trigger: Average GC time (189.63 ms) is above the time for average allocation rate (1051 MB/s) to deplete free headroom (188M) (margin of error = 1.84)
[2026-04-03T02:24:36.942+0600][39.445s][info][gc,ergo     ] Free headroom: 238M (free) - 51200K (spike) - 0B (penalties) = 188M
[2026-04-03T02:24:36.942+0600][39.445s][info][gc,ergo     ] Free: 238M, Max: 256K regular, 238M humongous, Frag: 0% external, 0% internal; Reserve: 51200K, Max: 256K
[2026-04-03T02:24:36.942+0600][39.445s][info][gc,start    ] GC(29) Concurrent reset
[2026-04-03T02:24:36.942+0600][39.445s][info][gc,task     ] GC(29) Using 3 of 6 workers for concurrent reset
[2026-04-03T02:24:36.942+0600][39.445s][info][gc,ergo     ] GC(29) Pacer for Reset. Non-Taxable: 1000M
[2026-04-03T02:24:36.943+0600][39.446s][info][gc          ] GC(29) Concurrent reset 1.216ms
[2026-04-03T02:24:36.943+0600][39.447s][info][gc,start    ] GC(29) Pause Init Mark (unload classes)
[2026-04-03T02:24:36.944+0600][39.447s][info][gc,task     ] GC(29) Using 6 of 6 workers for init marking
[2026-04-03T02:24:36.944+0600][39.447s][info][gc,ergo     ] GC(29) Pacer for Mark. Expected Live: 95881K, Free: 238M, Non-Taxable: 24376K, Alloc Tax Rate: 0.5x
[2026-04-03T02:24:36.944+0600][39.447s][info][gc          ] GC(29) Pause Init Mark (unload classes) 0.165ms
[2026-04-03T02:24:36.944+0600][39.447s][info][gc,start    ] GC(29) Concurrent marking roots
[2026-04-03T02:24:36.944+0600][39.447s][info][gc,task     ] GC(29) Using 3 of 6 workers for concurrent marking roots
[2026-04-03T02:24:36.946+0600][39.449s][info][gc          ] GC(29) Concurrent marking roots 1.900ms
[2026-04-03T02:24:36.946+0600][39.449s][info][gc,start    ] GC(29) Concurrent marking (unload classes)
[2026-04-03T02:24:36.946+0600][39.449s][info][gc,task     ] GC(29) Using 3 of 6 workers for concurrent marking
[2026-04-03T02:24:37.011+0600][39.514s][info][gc          ] GC(29) Concurrent marking (unload classes) 64.974ms
[2026-04-03T02:24:37.011+0600][39.514s][info][gc,start    ] GC(29) Pause Final Mark (unload classes)
[2026-04-03T02:24:37.011+0600][39.514s][info][gc,task     ] GC(29) Using 6 of 6 workers for final marking
[2026-04-03T02:24:37.011+0600][39.515s][info][gc,ergo     ] GC(29) Adaptive CSet Selection. Target Free: 141M, Actual Free: 715M, Max CSet: 42666K, Min Garbage: 0B
[2026-04-03T02:24:37.012+0600][39.515s][info][gc,ergo     ] GC(29) Collectable Garbage: 577M (98%), Immediate: 468M (80%), CSet: 109M (18%)
[2026-04-03T02:24:37.012+0600][39.515s][info][gc,ergo     ] GC(29) Pacer for Evacuation. Used CSet: 114M, Free: 704M, Non-Taxable: 72097K, Alloc Tax Rate: 1.1x
[2026-04-03T02:24:37.012+0600][39.515s][info][gc          ] GC(29) Pause Final Mark (unload classes) 0.892ms
[2026-04-03T02:24:37.012+0600][39.515s][info][gc,start    ] GC(29) Concurrent thread roots
[2026-04-03T02:24:37.012+0600][39.515s][info][gc,task     ] GC(29) Using 3 of 6 workers for Concurrent thread roots
[2026-04-03T02:24:37.013+0600][39.516s][info][gc          ] GC(29) Concurrent thread roots 1.160ms
[2026-04-03T02:24:37.013+0600][39.516s][info][gc,start    ] GC(29) Concurrent weak references
[2026-04-03T02:24:37.013+0600][39.517s][info][gc,task     ] GC(29) Using 3 of 6 workers for concurrent weak references
[2026-04-03T02:24:37.014+0600][39.518s][info][gc,ref      ] GC(29) Encountered references: Soft: 3872, Weak: 15375, Final: 84, Phantom: 620
[2026-04-03T02:24:37.014+0600][39.518s][info][gc,ref      ] GC(29) Discovered  references: Soft: 0, Weak: 8587, Final: 84, Phantom: 222
[2026-04-03T02:24:37.014+0600][39.518s][info][gc,ref      ] GC(29) Enqueued    references: Soft: 0, Weak: 396, Final: 0, Phantom: 0
[2026-04-03T02:24:37.014+0600][39.518s][info][gc          ] GC(29) Concurrent weak references 1.161ms
[2026-04-03T02:24:37.014+0600][39.518s][info][gc,start    ] GC(29) Concurrent weak roots
[2026-04-03T02:24:37.014+0600][39.518s][info][gc,task     ] GC(29) Using 3 of 6 workers for concurrent weak root
[2026-04-03T02:24:37.023+0600][39.527s][info][gc          ] GC(29) Concurrent weak roots 9.003ms
[2026-04-03T02:24:37.023+0600][39.527s][info][gc,start    ] GC(29) Concurrent cleanup
[2026-04-03T02:24:37.025+0600][39.528s][info][gc          ] GC(29) Concurrent cleanup 719M->252M(844M) 1.372ms
[2026-04-03T02:24:37.025+0600][39.528s][info][gc,ergo     ] GC(29) Free: 693M, Max: 256K regular, 190M humongous, Frag: 73% external, 0% internal; Reserve: 50613K, Max: 256K
[2026-04-03T02:24:37.025+0600][39.528s][info][gc,start    ] GC(29) Concurrent class unloading
[2026-04-03T02:24:37.025+0600][39.528s][info][gc,task     ] GC(29) Using 3 of 6 workers for concurrent class unloading
[2026-04-03T02:24:37.050+0600][39.553s][info][gc          ] GC(29) Concurrent class unloading 24.503ms
[2026-04-03T02:24:37.050+0600][39.553s][info][gc,start    ] GC(29) Concurrent strong roots
[2026-04-03T02:24:37.050+0600][39.553s][info][gc,task     ] GC(29) Using 3 of 6 workers for concurrent strong root
[2026-04-03T02:24:37.051+0600][39.554s][info][gc          ] GC(29) Concurrent strong roots 1.095ms
[2026-04-03T02:24:37.051+0600][39.554s][info][gc,start    ] GC(29) Concurrent evacuation
[2026-04-03T02:24:37.051+0600][39.554s][info][gc,task     ] GC(29) Using 3 of 6 workers for concurrent evacuation
[2026-04-03T02:24:37.054+0600][39.557s][info][gc          ] GC(29) Concurrent evacuation 2.804ms
[2026-04-03T02:24:37.054+0600][39.557s][info][gc,start    ] GC(29) Pause Init Update Refs
[2026-04-03T02:24:37.054+0600][39.557s][info][gc,ergo     ] GC(29) Pacer for Update Refs. Used: 277M, Free: 670M, Non-Taxable: 68682K, Alloc Tax Rate: 1.1x
[2026-04-03T02:24:37.054+0600][39.557s][info][gc          ] GC(29) Pause Init Update Refs 0.172ms
[2026-04-03T02:24:37.054+0600][39.557s][info][gc,start    ] GC(29) Concurrent update references
[2026-04-03T02:24:37.054+0600][39.557s][info][gc,task     ] GC(29) Using 3 of 6 workers for concurrent reference update
[2026-04-03T02:24:37.102+0600][39.605s][info][gc          ] GC(29) Concurrent update references 47.904ms
[2026-04-03T02:24:37.102+0600][39.605s][info][gc,start    ] GC(29) Concurrent update thread roots
[2026-04-03T02:24:37.104+0600][39.607s][info][gc          ] GC(29) Concurrent update thread roots 2.040ms
[2026-04-03T02:24:37.105+0600][39.608s][info][gc,start    ] GC(29) Pause Final Update Refs
[2026-04-03T02:24:37.105+0600][39.608s][info][gc,task     ] GC(29) Using 6 of 6 workers for final reference update
[2026-04-03T02:24:37.105+0600][39.608s][info][gc          ] GC(29) Pause Final Update Refs 0.244ms
[2026-04-03T02:24:37.105+0600][39.609s][info][gc,start    ] GC(29) Concurrent cleanup
[2026-04-03T02:24:37.106+0600][39.609s][info][gc          ] GC(29) Concurrent cleanup 311M->197M(844M) 0.336ms
[2026-04-03T02:24:37.106+0600][39.609s][info][gc,ergo     ] Free: 744M, Max: 256K regular, 258M humongous, Frag: 66% external, 0% internal; Reserve: 51200K, Max: 256K
[2026-04-03T02:24:37.106+0600][39.609s][info][gc,stats    ] 
[2026-04-03T02:24:37.106+0600][39.609s][info][gc,stats    ] All times are wall-clock times, except per-root-class counters, that are sum over
[2026-04-03T02:24:37.106+0600][39.609s][info][gc,stats    ] all workers. Dividing the <total> over the root stage time estimates parallelism.
[2026-04-03T02:24:37.106+0600][39.609s][info][gc,stats    ] 
[2026-04-03T02:24:37.106+0600][39.609s][info][gc,stats    ] Concurrent Reset                   1253 us
[2026-04-03T02:24:37.106+0600][39.609s][info][gc,stats    ] Pause Init Mark (G)                 577 us
[2026-04-03T02:24:37.106+0600][39.609s][info][gc,stats    ] Pause Init Mark (N)                 176 us
[2026-04-03T02:24:37.106+0600][39.609s][info][gc,stats    ]   Update Region States               47 us
[2026-04-03T02:24:37.106+0600][39.609s][info][gc,stats    ] Concurrent Mark Roots              1930 us, parallelism: 2.04x
[2026-04-03T02:24:37.106+0600][39.609s][info][gc,stats    ]   CMR: <total>                     3937 us
[2026-04-03T02:24:37.106+0600][39.609s][info][gc,stats    ]   CMR: Thread Roots                3344 us, workers (us): 1299, 1285, 761, ---, ---, ---, 
[2026-04-03T02:24:37.106+0600][39.609s][info][gc,stats    ]   CMR: VM Strong Roots               78 us, workers (us):  31,  26,  21, ---, ---, ---, 
[2026-04-03T02:24:37.106+0600][39.609s][info][gc,stats    ]   CMR: CLDG Roots                   515 us, workers (us): ---, ---, 515, ---, ---, ---, 
[2026-04-03T02:24:37.106+0600][39.609s][info][gc,stats    ] Concurrent Marking                65072 us
[2026-04-03T02:24:37.106+0600][39.609s][info][gc,stats    ] Pause Final Mark (G)               1177 us
[2026-04-03T02:24:37.106+0600][39.609s][info][gc,stats    ] Pause Final Mark (N)                906 us
[2026-04-03T02:24:37.106+0600][39.609s][info][gc,stats    ]   Finish Mark                       326 us
[2026-04-03T02:24:37.106+0600][39.609s][info][gc,stats    ]   Update Region States               63 us
[2026-04-03T02:24:37.106+0600][39.609s][info][gc,stats    ]   Choose Collection Set             324 us
[2026-04-03T02:24:37.106+0600][39.609s][info][gc,stats    ]   Rebuild Free Set                   53 us
[2026-04-03T02:24:37.106+0600][39.609s][info][gc,stats    ] Concurrent Thread Roots            1236 us, parallelism: 2.31x
[2026-04-03T02:24:37.106+0600][39.609s][info][gc,stats    ]   CTR: <total>                     2859 us
[2026-04-03T02:24:37.106+0600][39.609s][info][gc,stats    ]   CTR: Thread Roots                2859 us, workers (us): 970, 966, 923, ---, ---, ---, 
[2026-04-03T02:24:37.106+0600][39.609s][info][gc,stats    ] Concurrent Weak References         1176 us, parallelism: 0.97x
[2026-04-03T02:24:37.106+0600][39.609s][info][gc,stats    ]   CWRF: <total>                    1135 us
[2026-04-03T02:24:37.106+0600][39.609s][info][gc,stats    ]   CWRF: Weak References            1135 us, workers (us): 198, 937,   0, ---, ---, ---, 
[2026-04-03T02:24:37.106+0600][39.609s][info][gc,stats    ] Concurrent Weak Roots              9112 us
[2026-04-03T02:24:37.106+0600][39.609s][info][gc,stats    ]   Roots                            8536 us, parallelism: 2.31x
[2026-04-03T02:24:37.106+0600][39.609s][info][gc,stats    ]     CWR: <total>                  19759 us
[2026-04-03T02:24:37.106+0600][39.609s][info][gc,stats    ]     CWR: Code Cache Roots         14584 us, workers (us): 6145, 4164, 4274, ---, ---, ---, 
[2026-04-03T02:24:37.106+0600][39.609s][info][gc,stats    ]     CWR: VM Weak Roots             4944 us, workers (us): 2012, 1845, 1087, ---, ---, ---, 
[2026-04-03T02:24:37.106+0600][39.609s][info][gc,stats    ]     CWR: CLDG Roots                 231 us, workers (us): ---, 231, ---, ---, ---, ---, 
[2026-04-03T02:24:37.106+0600][39.609s][info][gc,stats    ]   Rendezvous                        437 us
[2026-04-03T02:24:37.106+0600][39.609s][info][gc,stats    ] Concurrent Cleanup                 1400 us
[2026-04-03T02:24:37.106+0600][39.609s][info][gc,stats    ] Concurrent Class Unloading        24580 us
[2026-04-03T02:24:37.106+0600][39.609s][info][gc,stats    ]   Unlink Stale                    19220 us
[2026-04-03T02:24:37.106+0600][39.609s][info][gc,stats    ]     System Dictionary               304 us
[2026-04-03T02:24:37.106+0600][39.609s][info][gc,stats    ]     Weak Class Links                  1 us
[2026-04-03T02:24:37.106+0600][39.609s][info][gc,stats    ]     Code Roots                    18912 us
[2026-04-03T02:24:37.106+0600][39.609s][info][gc,stats    ]   Rendezvous                        479 us
[2026-04-03T02:24:37.106+0600][39.609s][info][gc,stats    ]   Purge Unlinked                   4761 us
[2026-04-03T02:24:37.106+0600][39.610s][info][gc,stats    ]     Code Roots                     4745 us
[2026-04-03T02:24:37.106+0600][39.610s][info][gc,stats    ]     CLDG                             15 us
[2026-04-03T02:24:37.106+0600][39.610s][info][gc,stats    ]     Exception Caches                  0 us
[2026-04-03T02:24:37.106+0600][39.610s][info][gc,stats    ] Concurrent Strong Roots            1191 us, parallelism: 0.52x
[2026-04-03T02:24:37.106+0600][39.610s][info][gc,stats    ]   CSR: <total>                      621 us
[2026-04-03T02:24:37.106+0600][39.610s][info][gc,stats    ]   CSR: VM Strong Roots               33 us, workers (us):  32,   1,   0, ---, ---, ---, 
[2026-04-03T02:24:37.106+0600][39.610s][info][gc,stats    ]   CSR: CLDG Roots                   588 us, workers (us): 588, ---, ---, ---, ---, ---, 
[2026-04-03T02:24:37.106+0600][39.610s][info][gc,stats    ] Concurrent Evacuation              2895 us
[2026-04-03T02:24:37.106+0600][39.610s][info][gc,stats    ] Pause Init Update Refs (G)          416 us
[2026-04-03T02:24:37.106+0600][39.610s][info][gc,stats    ] Pause Init Update Refs (N)          185 us
[2026-04-03T02:24:37.106+0600][39.610s][info][gc,stats    ]   Manage GCLABs                      52 us
[2026-04-03T02:24:37.106+0600][39.610s][info][gc,stats    ] Concurrent Update Refs            48020 us
[2026-04-03T02:24:37.106+0600][39.610s][info][gc,stats    ] Concurrent Update Thread Roots     2094 us
[2026-04-03T02:24:37.106+0600][39.610s][info][gc,stats    ] Pause Final Update Refs (G)        1024 us
[2026-04-03T02:24:37.106+0600][39.610s][info][gc,stats    ] Pause Final Update Refs (N)         263 us
[2026-04-03T02:24:37.106+0600][39.610s][info][gc,stats    ]   Update Region States               81 us
[2026-04-03T02:24:37.106+0600][39.610s][info][gc,stats    ]   Trash Collection Set               24 us
[2026-04-03T02:24:37.106+0600][39.610s][info][gc,stats    ]   Rebuild Free Set                   54 us
[2026-04-03T02:24:37.106+0600][39.610s][info][gc,stats    ] Concurrent Cleanup                  366 us
[2026-04-03T02:24:37.106+0600][39.610s][info][gc,stats    ] Pacing                           155777 us
[2026-04-03T02:24:37.106+0600][39.610s][info][gc,stats    ] 
[2026-04-03T02:24:37.106+0600][39.610s][info][gc,stats    ] Allocation pacing accrued:
[2026-04-03T02:24:37.106+0600][39.610s][info][gc,stats    ]      17 of   769 ms (  2.2%): Executor task launch worker for task 0.0 in stage 700.0 (TID 1455)
[2026-04-03T02:24:37.106+0600][39.610s][info][gc,stats    ]      20 of   769 ms (  2.6%): Executor task launch worker for task 5.0 in stage 700.0 (TID 1460)
[2026-04-03T02:24:37.106+0600][39.610s][info][gc,stats    ]      21 of   769 ms (  2.7%): Executor task launch worker for task 3.0 in stage 700.0 (TID 1458)
[2026-04-03T02:24:37.106+0600][39.610s][info][gc,stats    ]      17 of   769 ms (  2.3%): Executor task launch worker for task 2.0 in stage 700.0 (TID 1457)
[2026-04-03T02:24:37.106+0600][39.610s][info][gc,stats    ]      20 of   769 ms (  2.5%): Executor task launch worker for task 7.0 in stage 700.0 (TID 1462)
[2026-04-03T02:24:37.107+0600][39.610s][info][gc,stats    ]      21 of   769 ms (  2.7%): Executor task launch worker for task 1.0 in stage 700.0 (TID 1456)
[2026-04-03T02:24:37.107+0600][39.610s][info][gc,stats    ]      21 of   769 ms (  2.7%): Executor task launch worker for task 4.0 in stage 700.0 (TID 1459)
[2026-04-03T02:24:37.107+0600][39.610s][info][gc,stats    ]      20 of   769 ms (  2.6%): Executor task launch worker for task 6.0 in stage 700.0 (TID 1461)
[2026-04-03T02:24:37.107+0600][39.610s][info][gc,stats    ]     156 of   769 ms ( 20.3%): <total>
[2026-04-03T02:24:37.107+0600][39.610s][info][gc,stats    ]       1 of   769 ms (  0.1%): <average total>
[2026-04-03T02:24:37.107+0600][39.610s][info][gc,stats    ]      19 of   769 ms (  2.5%): <average non-zero>
[2026-04-03T02:24:37.107+0600][39.610s][info][gc,stats    ] 
[2026-04-03T02:24:37.107+0600][39.610s][info][gc,metaspace] Metaspace: 130414K(131584K)->130419K(131648K) NonClass: 113972K(114560K)->113977K(114624K) Class: 16441K(17024K)->16441K(17024K)
[2026-04-03T02:24:37.107+0600][39.610s][info][gc,ergo     ] Pacer for Idle. Initial: 20480K, Alloc Tax Rate: 1.0x
[2026-04-03T02:24:37.643+0600][40.146s][info][gc          ] Trigger: Average GC time (187.84 ms) is above the time for average allocation rate (972 MB/s) to deplete free headroom (181M) (margin of error = 1.84)
[2026-04-03T02:24:37.643+0600][40.146s][info][gc,ergo     ] Free headroom: 231M (free) - 51200K (spike) - 0B (penalties) = 181M
[2026-04-03T02:24:37.643+0600][40.146s][info][gc,ergo     ] Free: 231M, Max: 256K regular, 187M humongous, Frag: 19% external, 0% internal; Reserve: 51200K, Max: 256K
[2026-04-03T02:24:37.643+0600][40.146s][info][gc,start    ] GC(30) Concurrent reset
[2026-04-03T02:24:37.643+0600][40.146s][info][gc,task     ] GC(30) Using 3 of 6 workers for concurrent reset
[2026-04-03T02:24:37.643+0600][40.146s][info][gc,ergo     ] GC(30) Pacer for Reset. Non-Taxable: 1000M
[2026-04-03T02:24:37.644+0600][40.148s][info][gc          ] GC(30) Concurrent reset 1.193ms
[2026-04-03T02:24:37.645+0600][40.148s][info][gc,start    ] GC(30) Pause Init Mark (unload classes)
[2026-04-03T02:24:37.645+0600][40.148s][info][gc,task     ] GC(30) Using 6 of 6 workers for init marking
[2026-04-03T02:24:37.645+0600][40.148s][info][gc,ergo     ] GC(30) Pacer for Mark. Expected Live: 96132K, Free: 231M, Non-Taxable: 23666K, Alloc Tax Rate: 0.5x
[2026-04-03T02:24:37.645+0600][40.149s][info][gc          ] GC(30) Pause Init Mark (unload classes) 0.138ms
[2026-04-03T02:24:37.645+0600][40.149s][info][gc,start    ] GC(30) Concurrent marking roots
[2026-04-03T02:24:37.646+0600][40.149s][info][gc,task     ] GC(30) Using 3 of 6 workers for concurrent marking roots
[2026-04-03T02:24:37.647+0600][40.151s][info][gc          ] GC(30) Concurrent marking roots 1.744ms
[2026-04-03T02:24:37.647+0600][40.151s][info][gc,start    ] GC(30) Concurrent marking (unload classes)
[2026-04-03T02:24:37.647+0600][40.151s][info][gc,task     ] GC(30) Using 3 of 6 workers for concurrent marking
[2026-04-03T02:24:37.708+0600][40.211s][info][gc          ] GC(30) Concurrent marking (unload classes) 60.606ms
[2026-04-03T02:24:37.708+0600][40.211s][info][gc,start    ] GC(30) Pause Final Mark (unload classes)
[2026-04-03T02:24:37.708+0600][40.211s][info][gc,task     ] GC(30) Using 6 of 6 workers for final marking
[2026-04-03T02:24:37.709+0600][40.212s][info][gc,ergo     ] GC(30) Adaptive CSet Selection. Target Free: 141M, Actual Free: 767M, Max CSet: 42666K, Min Garbage: 0B
[2026-04-03T02:24:37.709+0600][40.212s][info][gc,ergo     ] GC(30) Collectable Garbage: 586M (98%), Immediate: 512M (86%), CSet: 75895K (12%)
[2026-04-03T02:24:37.709+0600][40.212s][info][gc,ergo     ] GC(30) Pacer for Evacuation. Used CSet: 80795K, Free: 753M, Non-Taxable: 77162K, Alloc Tax Rate: 1.1x
[2026-04-03T02:24:37.709+0600][40.212s][info][gc          ] GC(30) Pause Final Mark (unload classes) 0.912ms
[2026-04-03T02:24:37.709+0600][40.212s][info][gc,start    ] GC(30) Concurrent thread roots
[2026-04-03T02:24:37.709+0600][40.212s][info][gc,task     ] GC(30) Using 3 of 6 workers for Concurrent thread roots
[2026-04-03T02:24:37.710+0600][40.213s][info][gc          ] GC(30) Concurrent thread roots 1.040ms
[2026-04-03T02:24:37.710+0600][40.213s][info][gc,start    ] GC(30) Concurrent weak references
[2026-04-03T02:24:37.710+0600][40.213s][info][gc,task     ] GC(30) Using 3 of 6 workers for concurrent weak references
[2026-04-03T02:24:37.711+0600][40.214s][info][gc,ref      ] GC(30) Encountered references: Soft: 3879, Weak: 16070, Final: 84, Phantom: 623
[2026-04-03T02:24:37.711+0600][40.214s][info][gc,ref      ] GC(30) Discovered  references: Soft: 0, Weak: 9808, Final: 64, Phantom: 227
[2026-04-03T02:24:37.711+0600][40.214s][info][gc,ref      ] GC(30) Enqueued    references: Soft: 0, Weak: 1520, Final: 0, Phantom: 0
[2026-04-03T02:24:37.711+0600][40.214s][info][gc          ] GC(30) Concurrent weak references 0.982ms
[2026-04-03T02:24:37.711+0600][40.214s][info][gc,start    ] GC(30) Concurrent weak roots
[2026-04-03T02:24:37.711+0600][40.214s][info][gc,task     ] GC(30) Using 3 of 6 workers for concurrent weak root
[2026-04-03T02:24:37.718+0600][40.221s][info][gc          ] GC(30) Concurrent weak roots 6.530ms
[2026-04-03T02:24:37.718+0600][40.221s][info][gc,start    ] GC(30) Concurrent cleanup
[2026-04-03T02:24:37.719+0600][40.223s][info][gc          ] GC(30) Concurrent cleanup 705M->192M(844M) 1.493ms
[2026-04-03T02:24:37.719+0600][40.223s][info][gc,ergo     ] GC(30) Free: 752M, Max: 256K regular, 187M humongous, Frag: 76% external, 0% internal; Reserve: 50879K, Max: 256K
[2026-04-03T02:24:37.719+0600][40.223s][info][gc,start    ] GC(30) Concurrent class unloading
[2026-04-03T02:24:37.719+0600][40.223s][info][gc,task     ] GC(30) Using 3 of 6 workers for concurrent class unloading
[2026-04-03T02:24:37.740+0600][40.244s][info][gc          ] GC(30) Concurrent class unloading 20.907ms
[2026-04-03T02:24:37.740+0600][40.244s][info][gc,start    ] GC(30) Concurrent strong roots
[2026-04-03T02:24:37.740+0600][40.244s][info][gc,task     ] GC(30) Using 3 of 6 workers for concurrent strong root
[2026-04-03T02:24:37.742+0600][40.245s][info][gc          ] GC(30) Concurrent strong roots 1.104ms
[2026-04-03T02:24:37.742+0600][40.245s][info][gc,start    ] GC(30) Concurrent evacuation
[2026-04-03T02:24:37.742+0600][40.245s][info][gc,task     ] GC(30) Using 3 of 6 workers for concurrent evacuation
[2026-04-03T02:24:37.744+0600][40.247s][info][gc          ] GC(30) Concurrent evacuation 2.193ms
[2026-04-03T02:24:37.744+0600][40.247s][info][gc,start    ] GC(30) Pause Init Update Refs
[2026-04-03T02:24:37.744+0600][40.247s][info][gc,ergo     ] GC(30) Pacer for Update Refs. Used: 201M, Free: 749M, Non-Taxable: 76722K, Alloc Tax Rate: 1.1x
[2026-04-03T02:24:37.744+0600][40.247s][info][gc          ] GC(30) Pause Init Update Refs 0.095ms
[2026-04-03T02:24:37.744+0600][40.247s][info][gc,start    ] GC(30) Concurrent update references
[2026-04-03T02:24:37.744+0600][40.247s][info][gc,task     ] GC(30) Using 3 of 6 workers for concurrent reference update
[2026-04-03T02:24:37.779+0600][40.283s][info][gc          ] GC(30) Concurrent update references 35.076ms
[2026-04-03T02:24:37.779+0600][40.283s][info][gc,start    ] GC(30) Concurrent update thread roots
[2026-04-03T02:24:37.780+0600][40.284s][info][gc          ] GC(30) Concurrent update thread roots 1.121ms
[2026-04-03T02:24:37.780+0600][40.284s][info][gc,start    ] GC(30) Pause Final Update Refs
[2026-04-03T02:24:37.781+0600][40.284s][info][gc,task     ] GC(30) Using 6 of 6 workers for final reference update
[2026-04-03T02:24:37.781+0600][40.284s][info][gc          ] GC(30) Pause Final Update Refs 0.168ms
[2026-04-03T02:24:37.781+0600][40.284s][info][gc,start    ] GC(30) Concurrent cleanup
[2026-04-03T02:24:37.781+0600][40.285s][info][gc          ] GC(30) Concurrent cleanup 211M->132M(844M) 0.644ms
[2026-04-03T02:24:37.781+0600][40.285s][info][gc,ergo     ] Free: 812M, Max: 256K regular, 258M humongous, Frag: 69% external, 0% internal; Reserve: 51200K, Max: 256K
[2026-04-03T02:24:37.781+0600][40.285s][info][gc,stats    ] 
[2026-04-03T02:24:37.781+0600][40.285s][info][gc,stats    ] All times are wall-clock times, except per-root-class counters, that are sum over
[2026-04-03T02:24:37.781+0600][40.285s][info][gc,stats    ] all workers. Dividing the <total> over the root stage time estimates parallelism.
[2026-04-03T02:24:37.781+0600][40.285s][info][gc,stats    ] 
[2026-04-03T02:24:37.782+0600][40.285s][info][gc,stats    ] Concurrent Reset                   1266 us
[2026-04-03T02:24:37.782+0600][40.285s][info][gc,stats    ] Pause Init Mark (G)                1046 us
[2026-04-03T02:24:37.782+0600][40.285s][info][gc,stats    ] Pause Init Mark (N)                 148 us
[2026-04-03T02:24:37.782+0600][40.285s][info][gc,stats    ]   Update Region States               51 us
[2026-04-03T02:24:37.782+0600][40.285s][info][gc,stats    ] Concurrent Mark Roots              1808 us, parallelism: 1.80x
[2026-04-03T02:24:37.782+0600][40.285s][info][gc,stats    ]   CMR: <total>                     3258 us
[2026-04-03T02:24:37.782+0600][40.285s][info][gc,stats    ]   CMR: Thread Roots                2750 us, workers (us): 786, 1229, 735, ---, ---, ---, 
[2026-04-03T02:24:37.782+0600][40.285s][info][gc,stats    ]   CMR: VM Strong Roots               58 us, workers (us):  27,  29,   1, ---, ---, ---, 
[2026-04-03T02:24:37.782+0600][40.285s][info][gc,stats    ]   CMR: CLDG Roots                   451 us, workers (us): 451, ---, ---, ---, ---, ---, 
[2026-04-03T02:24:37.782+0600][40.285s][info][gc,stats    ] Concurrent Marking                60711 us
[2026-04-03T02:24:37.782+0600][40.285s][info][gc,stats    ] Pause Final Mark (G)               1056 us
[2026-04-03T02:24:37.782+0600][40.285s][info][gc,stats    ] Pause Final Mark (N)                926 us
[2026-04-03T02:24:37.782+0600][40.285s][info][gc,stats    ]   Finish Mark                       308 us
[2026-04-03T02:24:37.782+0600][40.285s][info][gc,stats    ]   Update Region States               71 us
[2026-04-03T02:24:37.782+0600][40.285s][info][gc,stats    ]   Choose Collection Set             333 us
[2026-04-03T02:24:37.782+0600][40.285s][info][gc,stats    ]   Rebuild Free Set                   58 us
[2026-04-03T02:24:37.782+0600][40.285s][info][gc,stats    ] Concurrent Thread Roots            1073 us, parallelism: 2.31x
[2026-04-03T02:24:37.782+0600][40.285s][info][gc,stats    ]   CTR: <total>                     2476 us
[2026-04-03T02:24:37.782+0600][40.285s][info][gc,stats    ]   CTR: Thread Roots                2476 us, workers (us): 850, 839, 786, ---, ---, ---, 
[2026-04-03T02:24:37.782+0600][40.285s][info][gc,stats    ] Concurrent Weak References          997 us, parallelism: 1.17x
[2026-04-03T02:24:37.782+0600][40.285s][info][gc,stats    ]   CWRF: <total>                    1166 us
[2026-04-03T02:24:37.782+0600][40.285s][info][gc,stats    ]   CWRF: Weak References            1166 us, workers (us): 836, 130, 200, ---, ---, ---, 
[2026-04-03T02:24:37.782+0600][40.285s][info][gc,stats    ] Concurrent Weak Roots              6656 us
[2026-04-03T02:24:37.782+0600][40.285s][info][gc,stats    ]   Roots                            6112 us, parallelism: 2.69x
[2026-04-03T02:24:37.782+0600][40.285s][info][gc,stats    ]     CWR: <total>                  16458 us
[2026-04-03T02:24:37.782+0600][40.285s][info][gc,stats    ]     CWR: Code Cache Roots         13681 us, workers (us): 4640, 4415, 4626, ---, ---, ---, 
[2026-04-03T02:24:37.782+0600][40.285s][info][gc,stats    ]     CWR: VM Weak Roots             2484 us, workers (us): 827, 828, 829, ---, ---, ---, 
[2026-04-03T02:24:37.782+0600][40.285s][info][gc,stats    ]     CWR: CLDG Roots                 293 us, workers (us): ---, 293, ---, ---, ---, ---, 
[2026-04-03T02:24:37.782+0600][40.285s][info][gc,stats    ]   Rendezvous                        383 us
[2026-04-03T02:24:37.782+0600][40.285s][info][gc,stats    ] Concurrent Cleanup                 1560 us
[2026-04-03T02:24:37.782+0600][40.285s][info][gc,stats    ] Concurrent Class Unloading        20994 us
[2026-04-03T02:24:37.782+0600][40.285s][info][gc,stats    ]   Unlink Stale                    18059 us
[2026-04-03T02:24:37.782+0600][40.285s][info][gc,stats    ]     System Dictionary               322 us
[2026-04-03T02:24:37.782+0600][40.285s][info][gc,stats    ]     Weak Class Links                  0 us
[2026-04-03T02:24:37.782+0600][40.285s][info][gc,stats    ]     Code Roots                    17732 us
[2026-04-03T02:24:37.782+0600][40.285s][info][gc,stats    ]   Rendezvous                        592 us
[2026-04-03T02:24:37.782+0600][40.285s][info][gc,stats    ]   Purge Unlinked                   2211 us
[2026-04-03T02:24:37.782+0600][40.285s][info][gc,stats    ]     Code Roots                     2189 us
[2026-04-03T02:24:37.782+0600][40.285s][info][gc,stats    ]     CLDG                             21 us
[2026-04-03T02:24:37.782+0600][40.285s][info][gc,stats    ]     Exception Caches                  1 us
[2026-04-03T02:24:37.782+0600][40.285s][info][gc,stats    ] Concurrent Strong Roots            1173 us, parallelism: 0.57x
[2026-04-03T02:24:37.782+0600][40.285s][info][gc,stats    ]   CSR: <total>                      668 us
[2026-04-03T02:24:37.782+0600][40.285s][info][gc,stats    ]   CSR: VM Strong Roots               38 us, workers (us):  36,   2,   0, ---, ---, ---, 
[2026-04-03T02:24:37.782+0600][40.285s][info][gc,stats    ]   CSR: CLDG Roots                   631 us, workers (us): 631, ---, ---, ---, ---, ---, 
[2026-04-03T02:24:37.782+0600][40.285s][info][gc,stats    ] Concurrent Evacuation              2254 us
[2026-04-03T02:24:37.782+0600][40.285s][info][gc,stats    ] Pause Init Update Refs (G)          259 us
[2026-04-03T02:24:37.782+0600][40.285s][info][gc,stats    ] Pause Init Update Refs (N)          106 us
[2026-04-03T02:24:37.782+0600][40.285s][info][gc,stats    ]   Manage GCLABs                      38 us
[2026-04-03T02:24:37.782+0600][40.285s][info][gc,stats    ] Concurrent Update Refs            35150 us
[2026-04-03T02:24:37.782+0600][40.285s][info][gc,stats    ] Concurrent Update Thread Roots     1147 us
[2026-04-03T02:24:37.782+0600][40.285s][info][gc,stats    ] Pause Final Update Refs (G)         289 us
[2026-04-03T02:24:37.782+0600][40.285s][info][gc,stats    ] Pause Final Update Refs (N)         194 us
[2026-04-03T02:24:37.782+0600][40.285s][info][gc,stats    ]   Update Region States               62 us
[2026-04-03T02:24:37.782+0600][40.285s][info][gc,stats    ]   Trash Collection Set               17 us
[2026-04-03T02:24:37.782+0600][40.285s][info][gc,stats    ]   Rebuild Free Set                   50 us
[2026-04-03T02:24:37.782+0600][40.285s][info][gc,stats    ] Concurrent Cleanup                  658 us
[2026-04-03T02:24:37.782+0600][40.285s][info][gc,stats    ] 
[2026-04-03T02:24:37.782+0600][40.285s][info][gc,stats    ] Allocation pacing accrued:
[2026-04-03T02:24:37.782+0600][40.285s][info][gc,stats    ]       0 of   676 ms (  0.0%): <total>
[2026-04-03T02:24:37.782+0600][40.285s][info][gc,stats    ]       0 of   676 ms (  0.0%): <average total>
[2026-04-03T02:24:37.782+0600][40.285s][info][gc,stats    ] 
[2026-04-03T02:24:37.782+0600][40.285s][info][gc,metaspace] Metaspace: 130447K(131648K)->130467K(131648K) NonClass: 114005K(114624K)->114024K(114624K) Class: 16442K(17024K)->16442K(17024K)
[2026-04-03T02:24:37.782+0600][40.285s][info][gc,ergo     ] Pacer for Idle. Initial: 20480K, Alloc Tax Rate: 1.0x
[2026-04-03T02:24:38.451+0600][40.954s][info][gc          ] Trigger: Average GC time (175.07 ms) is above the time for average allocation rate (1036 MB/s) to deplete free headroom (181M) (margin of error = 1.83)
[2026-04-03T02:24:38.451+0600][40.954s][info][gc,ergo     ] Free headroom: 231M (free) - 51200K (spike) - 0B (penalties) = 181M
[2026-04-03T02:24:38.451+0600][40.954s][info][gc,ergo     ] Free: 231M, Max: 256K regular, 187M humongous, Frag: 20% external, 0% internal; Reserve: 51200K, Max: 256K
[2026-04-03T02:24:38.451+0600][40.954s][info][gc,start    ] GC(31) Concurrent reset
[2026-04-03T02:24:38.451+0600][40.954s][info][gc,task     ] GC(31) Using 3 of 6 workers for concurrent reset
[2026-04-03T02:24:38.451+0600][40.954s][info][gc,ergo     ] GC(31) Pacer for Reset. Non-Taxable: 1000M
[2026-04-03T02:24:38.452+0600][40.956s][info][gc          ] GC(31) Concurrent reset 1.169ms
[2026-04-03T02:24:38.453+0600][40.956s][info][gc,start    ] GC(31) Pause Init Mark (unload classes)
[2026-04-03T02:24:38.453+0600][40.956s][info][gc,task     ] GC(31) Using 6 of 6 workers for init marking
[2026-04-03T02:24:38.453+0600][40.956s][info][gc,ergo     ] GC(31) Pacer for Mark. Expected Live: 96295K, Free: 231M, Non-Taxable: 23671K, Alloc Tax Rate: 0.5x
[2026-04-03T02:24:38.453+0600][40.956s][info][gc          ] GC(31) Pause Init Mark (unload classes) 0.166ms
[2026-04-03T02:24:38.453+0600][40.956s][info][gc,start    ] GC(31) Concurrent marking roots
[2026-04-03T02:24:38.453+0600][40.956s][info][gc,task     ] GC(31) Using 3 of 6 workers for concurrent marking roots
[2026-04-03T02:24:38.454+0600][40.958s][info][gc          ] GC(31) Concurrent marking roots 1.315ms
[2026-04-03T02:24:38.454+0600][40.958s][info][gc,start    ] GC(31) Concurrent marking (unload classes)
[2026-04-03T02:24:38.454+0600][40.958s][info][gc,task     ] GC(31) Using 3 of 6 workers for concurrent marking
[2026-04-03T02:24:38.509+0600][41.012s][info][gc          ] GC(31) Concurrent marking (unload classes) 54.446ms
[2026-04-03T02:24:38.509+0600][41.012s][info][gc,start    ] GC(31) Pause Final Mark (unload classes)
[2026-04-03T02:24:38.509+0600][41.012s][info][gc,task     ] GC(31) Using 6 of 6 workers for final marking
[2026-04-03T02:24:38.509+0600][41.013s][info][gc,ergo     ] GC(31) Adaptive CSet Selection. Target Free: 141M, Actual Free: 727M, Max CSet: 42666K, Min Garbage: 0B
[2026-04-03T02:24:38.510+0600][41.013s][info][gc,ergo     ] GC(31) Collectable Garbage: 584M (98%), Immediate: 485M (82%), CSet: 101366K (16%)
[2026-04-03T02:24:38.510+0600][41.013s][info][gc,ergo     ] GC(31) Pacer for Evacuation. Used CSet: 102M, Free: 716M, Non-Taxable: 73392K, Alloc Tax Rate: 1.1x
[2026-04-03T02:24:38.510+0600][41.013s][info][gc          ] GC(31) Pause Final Mark (unload classes) 0.861ms
[2026-04-03T02:24:38.510+0600][41.013s][info][gc,start    ] GC(31) Concurrent thread roots
[2026-04-03T02:24:38.510+0600][41.013s][info][gc,task     ] GC(31) Using 3 of 6 workers for Concurrent thread roots
[2026-04-03T02:24:38.511+0600][41.014s][info][gc          ] GC(31) Concurrent thread roots 0.771ms
[2026-04-03T02:24:38.511+0600][41.014s][info][gc,start    ] GC(31) Concurrent weak references
[2026-04-03T02:24:38.511+0600][41.014s][info][gc,task     ] GC(31) Using 3 of 6 workers for concurrent weak references
[2026-04-03T02:24:38.512+0600][41.015s][info][gc,ref      ] GC(31) Encountered references: Soft: 3864, Weak: 15477, Final: 84, Phantom: 620
[2026-04-03T02:24:38.512+0600][41.015s][info][gc,ref      ] GC(31) Discovered  references: Soft: 0, Weak: 7844, Final: 0, Phantom: 605
[2026-04-03T02:24:38.512+0600][41.015s][info][gc,ref      ] GC(31) Enqueued    references: Soft: 0, Weak: 155, Final: 0, Phantom: 0
[2026-04-03T02:24:38.512+0600][41.015s][info][gc          ] GC(31) Concurrent weak references 0.979ms
[2026-04-03T02:24:38.512+0600][41.015s][info][gc,start    ] GC(31) Concurrent weak roots
[2026-04-03T02:24:38.512+0600][41.015s][info][gc,task     ] GC(31) Using 3 of 6 workers for concurrent weak root
[2026-04-03T02:24:38.516+0600][41.019s][info][gc          ] GC(31) Concurrent weak roots 4.101ms
[2026-04-03T02:24:38.516+0600][41.019s][info][gc,start    ] GC(31) Concurrent cleanup
[2026-04-03T02:24:38.517+0600][41.020s][info][gc          ] GC(31) Concurrent cleanup 720M->236M(844M) 1.092ms
[2026-04-03T02:24:38.517+0600][41.020s][info][gc,ergo     ] GC(31) Free: 709M, Max: 256K regular, 185M humongous, Frag: 74% external, 0% internal; Reserve: 50952K, Max: 256K
[2026-04-03T02:24:38.517+0600][41.020s][info][gc,start    ] GC(31) Concurrent class unloading
[2026-04-03T02:24:38.517+0600][41.020s][info][gc,task     ] GC(31) Using 3 of 6 workers for concurrent class unloading
[2026-04-03T02:24:38.534+0600][41.037s][info][gc          ] GC(31) Concurrent class unloading 16.549ms
[2026-04-03T02:24:38.534+0600][41.037s][info][gc,start    ] GC(31) Concurrent strong roots
[2026-04-03T02:24:38.534+0600][41.037s][info][gc,task     ] GC(31) Using 3 of 6 workers for concurrent strong root
[2026-04-03T02:24:38.535+0600][41.038s][info][gc          ] GC(31) Concurrent strong roots 0.905ms
[2026-04-03T02:24:38.535+0600][41.038s][info][gc,start    ] GC(31) Concurrent evacuation
[2026-04-03T02:24:38.535+0600][41.038s][info][gc,task     ] GC(31) Using 3 of 6 workers for concurrent evacuation
[2026-04-03T02:24:38.537+0600][41.040s][info][gc          ] GC(31) Concurrent evacuation 2.194ms
[2026-04-03T02:24:38.537+0600][41.040s][info][gc,start    ] GC(31) Pause Init Update Refs
[2026-04-03T02:24:38.537+0600][41.041s][info][gc,ergo     ] GC(31) Pacer for Update Refs. Used: 248M, Free: 700M, Non-Taxable: 71734K, Alloc Tax Rate: 1.1x
[2026-04-03T02:24:38.537+0600][41.041s][info][gc          ] GC(31) Pause Init Update Refs 0.166ms
[2026-04-03T02:24:38.538+0600][41.041s][info][gc,start    ] GC(31) Concurrent update references
[2026-04-03T02:24:38.538+0600][41.041s][info][gc,task     ] GC(31) Using 3 of 6 workers for concurrent reference update
[2026-04-03T02:24:38.587+0600][41.090s][info][gc          ] GC(31) Concurrent update references 49.044ms
[2026-04-03T02:24:38.587+0600][41.090s][info][gc,start    ] GC(31) Concurrent update thread roots
[2026-04-03T02:24:38.589+0600][41.092s][info][gc          ] GC(31) Concurrent update thread roots 1.824ms
[2026-04-03T02:24:38.589+0600][41.092s][info][gc,start    ] GC(31) Pause Final Update Refs
[2026-04-03T02:24:38.589+0600][41.092s][info][gc,task     ] GC(31) Using 6 of 6 workers for final reference update
[2026-04-03T02:24:38.589+0600][41.092s][info][gc          ] GC(31) Pause Final Update Refs 0.282ms
[2026-04-03T02:24:38.589+0600][41.093s][info][gc,start    ] GC(31) Concurrent cleanup
[2026-04-03T02:24:38.590+0600][41.093s][info][gc          ] GC(31) Concurrent cleanup 280M->178M(844M) 0.767ms
[2026-04-03T02:24:38.590+0600][41.093s][info][gc,ergo     ] Free: 764M, Max: 256K regular, 258M humongous, Frag: 67% external, 0% internal; Reserve: 51200K, Max: 256K
[2026-04-03T02:24:38.590+0600][41.093s][info][gc,stats    ] 
[2026-04-03T02:24:38.590+0600][41.093s][info][gc,stats    ] All times are wall-clock times, except per-root-class counters, that are sum over
[2026-04-03T02:24:38.590+0600][41.093s][info][gc,stats    ] all workers. Dividing the <total> over the root stage time estimates parallelism.
[2026-04-03T02:24:38.590+0600][41.093s][info][gc,stats    ] 
[2026-04-03T02:24:38.590+0600][41.093s][info][gc,stats    ] Concurrent Reset                   1219 us
[2026-04-03T02:24:38.590+0600][41.093s][info][gc,stats    ] Pause Init Mark (G)                 589 us
[2026-04-03T02:24:38.590+0600][41.093s][info][gc,stats    ] Pause Init Mark (N)                 178 us
[2026-04-03T02:24:38.590+0600][41.093s][info][gc,stats    ]   Update Region States               61 us
[2026-04-03T02:24:38.590+0600][41.093s][info][gc,stats    ] Concurrent Mark Roots              1361 us, parallelism: 1.75x
[2026-04-03T02:24:38.590+0600][41.094s][info][gc,stats    ]   CMR: <total>                     2381 us
[2026-04-03T02:24:38.590+0600][41.094s][info][gc,stats    ]   CMR: Thread Roots                2102 us, workers (us): 554, 768, 779, ---, ---, ---, 
[2026-04-03T02:24:38.590+0600][41.094s][info][gc,stats    ]   CMR: VM Strong Roots               34 us, workers (us):  32,   2,   0, ---, ---, ---, 
[2026-04-03T02:24:38.590+0600][41.094s][info][gc,stats    ]   CMR: CLDG Roots                   245 us, workers (us): 245, ---, ---, ---, ---, ---, 
[2026-04-03T02:24:38.590+0600][41.094s][info][gc,stats    ] Concurrent Marking                54506 us
[2026-04-03T02:24:38.590+0600][41.094s][info][gc,stats    ] Pause Final Mark (G)               1139 us
[2026-04-03T02:24:38.590+0600][41.094s][info][gc,stats    ] Pause Final Mark (N)                896 us
[2026-04-03T02:24:38.590+0600][41.094s][info][gc,stats    ]   Finish Mark                       335 us
[2026-04-03T02:24:38.590+0600][41.094s][info][gc,stats    ]   Update Region States               57 us
[2026-04-03T02:24:38.590+0600][41.094s][info][gc,stats    ]   Choose Collection Set             321 us
[2026-04-03T02:24:38.590+0600][41.094s][info][gc,stats    ]   Rebuild Free Set                   60 us
[2026-04-03T02:24:38.590+0600][41.094s][info][gc,stats    ] Concurrent Thread Roots             795 us, parallelism: 2.39x
[2026-04-03T02:24:38.590+0600][41.094s][info][gc,stats    ]   CTR: <total>                     1901 us
[2026-04-03T02:24:38.590+0600][41.094s][info][gc,stats    ]   CTR: Thread Roots                1901 us, workers (us): 667, 639, 596, ---, ---, ---, 
[2026-04-03T02:24:38.590+0600][41.094s][info][gc,stats    ] Concurrent Weak References          993 us, parallelism: 1.01x
[2026-04-03T02:24:38.590+0600][41.094s][info][gc,stats    ]   CWRF: <total>                    1006 us
[2026-04-03T02:24:38.590+0600][41.094s][info][gc,stats    ]   CWRF: Weak References            1006 us, workers (us): 240, 706,  60, ---, ---, ---, 
[2026-04-03T02:24:38.590+0600][41.094s][info][gc,stats    ] Concurrent Weak Roots              4175 us
[2026-04-03T02:24:38.590+0600][41.094s][info][gc,stats    ]   Roots                            3796 us, parallelism: 2.71x
[2026-04-03T02:24:38.590+0600][41.094s][info][gc,stats    ]     CWR: <total>                  10306 us
[2026-04-03T02:24:38.590+0600][41.094s][info][gc,stats    ]     CWR: Code Cache Roots          7463 us, workers (us): 2462, 2509, 2492, ---, ---, ---, 
[2026-04-03T02:24:38.590+0600][41.094s][info][gc,stats    ]     CWR: VM Weak Roots             2664 us, workers (us): 892, 880, 892, ---, ---, ---, 
[2026-04-03T02:24:38.590+0600][41.094s][info][gc,stats    ]     CWR: CLDG Roots                 180 us, workers (us): 180, ---, ---, ---, ---, ---, 
[2026-04-03T02:24:38.590+0600][41.094s][info][gc,stats    ]   Rendezvous                        275 us
[2026-04-03T02:24:38.590+0600][41.094s][info][gc,stats    ] Concurrent Cleanup                 1120 us
[2026-04-03T02:24:38.590+0600][41.094s][info][gc,stats    ] Concurrent Class Unloading        16662 us
[2026-04-03T02:24:38.590+0600][41.094s][info][gc,stats    ]   Unlink Stale                    13438 us
[2026-04-03T02:24:38.590+0600][41.094s][info][gc,stats    ]     System Dictionary               281 us
[2026-04-03T02:24:38.591+0600][41.094s][info][gc,stats    ]     Weak Class Links                  0 us
[2026-04-03T02:24:38.591+0600][41.094s][info][gc,stats    ]     Code Roots                    13152 us
[2026-04-03T02:24:38.591+0600][41.094s][info][gc,stats    ]   Rendezvous                        486 us
[2026-04-03T02:24:38.591+0600][41.094s][info][gc,stats    ]   Purge Unlinked                   2580 us
[2026-04-03T02:24:38.591+0600][41.094s][info][gc,stats    ]     Code Roots                     2544 us
[2026-04-03T02:24:38.591+0600][41.094s][info][gc,stats    ]     CLDG                             35 us
[2026-04-03T02:24:38.591+0600][41.094s][info][gc,stats    ]     Exception Caches                  0 us
[2026-04-03T02:24:38.591+0600][41.094s][info][gc,stats    ] Concurrent Strong Roots             964 us, parallelism: 0.58x
[2026-04-03T02:24:38.591+0600][41.094s][info][gc,stats    ]   CSR: <total>                      559 us
[2026-04-03T02:24:38.591+0600][41.094s][info][gc,stats    ]   CSR: VM Strong Roots               57 us, workers (us):  31,  25,   1, ---, ---, ---, 
[2026-04-03T02:24:38.591+0600][41.094s][info][gc,stats    ]   CSR: CLDG Roots                   502 us, workers (us): ---, 502, ---, ---, ---, ---, 
[2026-04-03T02:24:38.591+0600][41.094s][info][gc,stats    ] Concurrent Evacuation              2294 us
[2026-04-03T02:24:38.591+0600][41.094s][info][gc,stats    ] Pause Init Update Refs (G)          519 us
[2026-04-03T02:24:38.591+0600][41.094s][info][gc,stats    ] Pause Init Update Refs (N)          180 us
[2026-04-03T02:24:38.591+0600][41.094s][info][gc,stats    ]   Manage GCLABs                      50 us
[2026-04-03T02:24:38.591+0600][41.094s][info][gc,stats    ] Concurrent Update Refs            49180 us
[2026-04-03T02:24:38.591+0600][41.094s][info][gc,stats    ] Concurrent Update Thread Roots     1910 us
[2026-04-03T02:24:38.591+0600][41.094s][info][gc,stats    ] Pause Final Update Refs (G)         564 us
[2026-04-03T02:24:38.591+0600][41.094s][info][gc,stats    ] Pause Final Update Refs (N)         320 us
[2026-04-03T02:24:38.591+0600][41.094s][info][gc,stats    ]   Update Region States               94 us
[2026-04-03T02:24:38.591+0600][41.094s][info][gc,stats    ]   Trash Collection Set               21 us
[2026-04-03T02:24:38.591+0600][41.094s][info][gc,stats    ]   Rebuild Free Set                   54 us
[2026-04-03T02:24:38.591+0600][41.094s][info][gc,stats    ] Concurrent Cleanup                  792 us
[2026-04-03T02:24:38.591+0600][41.094s][info][gc,stats    ] Pacing                           127822 us
[2026-04-03T02:24:38.591+0600][41.094s][info][gc,stats    ] 
[2026-04-03T02:24:38.591+0600][41.094s][info][gc,stats    ] Allocation pacing accrued:
[2026-04-03T02:24:38.591+0600][41.094s][info][gc,stats    ]      11 of   809 ms (  1.4%): Executor task launch worker for task 3.0 in stage 757.0 (TID 1674)
[2026-04-03T02:24:38.591+0600][41.094s][info][gc,stats    ]      21 of   809 ms (  2.6%): Executor task launch worker for task 4.0 in stage 757.0 (TID 1675)
[2026-04-03T02:24:38.591+0600][41.094s][info][gc,stats    ]      21 of   809 ms (  2.6%): Executor task launch worker for task 0.0 in stage 757.0 (TID 1671)
[2026-04-03T02:24:38.591+0600][41.094s][info][gc,stats    ]      21 of   809 ms (  2.7%): Executor task launch worker for task 1.0 in stage 757.0 (TID 1672)
[2026-04-03T02:24:38.591+0600][41.094s][info][gc,stats    ]      21 of   809 ms (  2.6%): Executor task launch worker for task 7.0 in stage 757.0 (TID 1678)
[2026-04-03T02:24:38.591+0600][41.094s][info][gc,stats    ]      11 of   809 ms (  1.4%): Executor task launch worker for task 5.0 in stage 757.0 (TID 1676)
[2026-04-03T02:24:38.591+0600][41.094s][info][gc,stats    ]      10 of   809 ms (  1.3%): task-result-getter-1
[2026-04-03T02:24:38.591+0600][41.094s][info][gc,stats    ]      10 of   809 ms (  1.3%): task-result-getter-3
[2026-04-03T02:24:38.591+0600][41.094s][info][gc,stats    ]     128 of   809 ms ( 15.8%): <total>
[2026-04-03T02:24:38.591+0600][41.094s][info][gc,stats    ]       0 of   809 ms (  0.1%): <average total>
[2026-04-03T02:24:38.591+0600][41.094s][info][gc,stats    ]      16 of   809 ms (  2.0%): <average non-zero>
[2026-04-03T02:24:38.591+0600][41.094s][info][gc,stats    ] 
[2026-04-03T02:24:38.591+0600][41.094s][info][gc,metaspace] Metaspace: 130497K(131712K)->130497K(131712K) NonClass: 114054K(114688K)->114054K(114688K) Class: 16442K(17024K)->16442K(17024K)
[2026-04-03T02:24:38.591+0600][41.094s][info][gc,ergo     ] Pacer for Idle. Initial: 20480K, Alloc Tax Rate: 1.0x
[2026-04-03T02:24:39.196+0600][41.699s][info][gc          ] Trigger: Average GC time (164.21 ms) is above the time for average allocation rate (898 MB/s) to deplete free headroom (144M) (margin of error = 1.83)
[2026-04-03T02:24:39.196+0600][41.699s][info][gc,ergo     ] Free headroom: 194M (free) - 51200K (spike) - 0B (penalties) = 144M
[2026-04-03T02:24:39.196+0600][41.699s][info][gc,ergo     ] Free: 194M, Max: 256K regular, 187M humongous, Frag: 4% external, 1% internal; Reserve: 51200K, Max: 256K
[2026-04-03T02:24:39.196+0600][41.699s][info][gc,start    ] GC(32) Concurrent reset
[2026-04-03T02:24:39.196+0600][41.699s][info][gc,task     ] GC(32) Using 3 of 6 workers for concurrent reset
[2026-04-03T02:24:39.196+0600][41.699s][info][gc,ergo     ] GC(32) Pacer for Reset. Non-Taxable: 1000M
[2026-04-03T02:24:39.199+0600][41.703s][info][gc          ] GC(32) Concurrent reset 3.378ms
[2026-04-03T02:24:39.200+0600][41.703s][info][gc,start    ] GC(32) Pause Init Mark (unload classes)
[2026-04-03T02:24:39.200+0600][41.703s][info][gc,task     ] GC(32) Using 6 of 6 workers for init marking
[2026-04-03T02:24:39.200+0600][41.703s][info][gc,ergo     ] GC(32) Pacer for Mark. Expected Live: 95269K, Free: 190M, Non-Taxable: 19496K, Alloc Tax Rate: 0.6x
[2026-04-03T02:24:39.200+0600][41.703s][info][gc          ] GC(32) Pause Init Mark (unload classes) 0.234ms
[2026-04-03T02:24:39.200+0600][41.704s][info][gc,start    ] GC(32) Concurrent marking roots
[2026-04-03T02:24:39.200+0600][41.704s][info][gc,task     ] GC(32) Using 3 of 6 workers for concurrent marking roots
[2026-04-03T02:24:39.204+0600][41.707s][info][gc          ] GC(32) Concurrent marking roots 3.809ms
[2026-04-03T02:24:39.204+0600][41.707s][info][gc,start    ] GC(32) Concurrent marking (unload classes)
[2026-04-03T02:24:39.204+0600][41.707s][info][gc,task     ] GC(32) Using 3 of 6 workers for concurrent marking
[2026-04-03T02:24:39.276+0600][41.780s][info][gc          ] GC(32) Concurrent marking (unload classes) 72.149ms
[2026-04-03T02:24:39.276+0600][41.780s][info][gc,start    ] GC(32) Pause Final Mark (unload classes)
[2026-04-03T02:24:39.277+0600][41.780s][info][gc,task     ] GC(32) Using 6 of 6 workers for final marking
[2026-04-03T02:24:39.277+0600][41.780s][info][gc,ergo     ] GC(32) Adaptive CSet Selection. Target Free: 141M, Actual Free: 664M, Max CSet: 42666K, Min Garbage: 0B
[2026-04-03T02:24:39.277+0600][41.781s][info][gc,ergo     ] GC(32) Collectable Garbage: 625M (98%), Immediate: 461M (72%), CSet: 163M (25%)
[2026-04-03T02:24:39.278+0600][41.781s][info][gc,ergo     ] GC(32) Pacer for Evacuation. Used CSet: 170M, Free: 648M, Non-Taxable: 66388K, Alloc Tax Rate: 1.1x
[2026-04-03T02:24:39.278+0600][41.781s][info][gc          ] GC(32) Pause Final Mark (unload classes) 1.159ms
[2026-04-03T02:24:39.278+0600][41.781s][info][gc,start    ] GC(32) Concurrent thread roots
[2026-04-03T02:24:39.278+0600][41.781s][info][gc,task     ] GC(32) Using 3 of 6 workers for Concurrent thread roots
[2026-04-03T02:24:39.279+0600][41.782s][info][gc          ] GC(32) Concurrent thread roots 1.343ms
[2026-04-03T02:24:39.279+0600][41.783s][info][gc,start    ] GC(32) Concurrent weak references
[2026-04-03T02:24:39.279+0600][41.783s][info][gc,task     ] GC(32) Using 3 of 6 workers for concurrent weak references
[2026-04-03T02:24:39.280+0600][41.784s][info][gc,ref      ] GC(32) Encountered references: Soft: 3872, Weak: 16517, Final: 84, Phantom: 622
[2026-04-03T02:24:39.281+0600][41.784s][info][gc,ref      ] GC(32) Discovered  references: Soft: 0, Weak: 5624, Final: 0, Phantom: 616
[2026-04-03T02:24:39.281+0600][41.784s][info][gc,ref      ] GC(32) Enqueued    references: Soft: 0, Weak: 1734, Final: 0, Phantom: 0
[2026-04-03T02:24:39.281+0600][41.784s][info][gc          ] GC(32) Concurrent weak references 1.394ms
[2026-04-03T02:24:39.281+0600][41.784s][info][gc,start    ] GC(32) Concurrent weak roots
[2026-04-03T02:24:39.281+0600][41.784s][info][gc,task     ] GC(32) Using 3 of 6 workers for concurrent weak root
[2026-04-03T02:24:39.287+0600][41.790s][info][gc          ] GC(32) Concurrent weak roots 6.080ms
[2026-04-03T02:24:39.287+0600][41.790s][info][gc,start    ] GC(32) Concurrent cleanup
[2026-04-03T02:24:39.288+0600][41.791s][info][gc          ] GC(32) Concurrent cleanup 769M->308M(844M) 0.999ms
[2026-04-03T02:24:39.288+0600][41.791s][info][gc,ergo     ] GC(32) Free: 638M, Max: 256K regular, 144M humongous, Frag: 78% external, 0% internal; Reserve: 50268K, Max: 256K
[2026-04-03T02:24:39.288+0600][41.791s][info][gc,start    ] GC(32) Concurrent class unloading
[2026-04-03T02:24:39.288+0600][41.791s][info][gc,task     ] GC(32) Using 3 of 6 workers for concurrent class unloading
[2026-04-03T02:24:39.310+0600][41.813s][info][gc          ] GC(32) Concurrent class unloading 21.952ms
[2026-04-03T02:24:39.310+0600][41.813s][info][gc,start    ] GC(32) Concurrent strong roots
[2026-04-03T02:24:39.310+0600][41.813s][info][gc,task     ] GC(32) Using 3 of 6 workers for concurrent strong root
[2026-04-03T02:24:39.311+0600][41.815s][info][gc          ] GC(32) Concurrent strong roots 1.355ms
[2026-04-03T02:24:39.311+0600][41.815s][info][gc,start    ] GC(32) Concurrent evacuation
[2026-04-03T02:24:39.312+0600][41.815s][info][gc,task     ] GC(32) Using 3 of 6 workers for concurrent evacuation
[2026-04-03T02:24:39.316+0600][41.819s][info][gc          ] GC(32) Concurrent evacuation 4.410ms
[2026-04-03T02:24:39.316+0600][41.820s][info][gc,start    ] GC(32) Pause Init Update Refs
[2026-04-03T02:24:39.316+0600][41.820s][info][gc,ergo     ] GC(32) Pacer for Update Refs. Used: 323M, Free: 629M, Non-Taxable: 64431K, Alloc Tax Rate: 1.1x
[2026-04-03T02:24:39.316+0600][41.820s][info][gc          ] GC(32) Pause Init Update Refs 0.183ms
[2026-04-03T02:24:39.317+0600][41.820s][info][gc,start    ] GC(32) Concurrent update references
[2026-04-03T02:24:39.317+0600][41.820s][info][gc,task     ] GC(32) Using 3 of 6 workers for concurrent reference update
[2026-04-03T02:24:39.378+0600][41.881s][info][gc          ] GC(32) Concurrent update references 60.976ms
[2026-04-03T02:24:39.378+0600][41.881s][info][gc,start    ] GC(32) Concurrent update thread roots
[2026-04-03T02:24:39.379+0600][41.882s][info][gc          ] GC(32) Concurrent update thread roots 1.249ms
[2026-04-03T02:24:39.379+0600][41.882s][info][gc,start    ] GC(32) Pause Final Update Refs
[2026-04-03T02:24:39.379+0600][41.882s][info][gc,task     ] GC(32) Using 6 of 6 workers for final reference update
[2026-04-03T02:24:39.379+0600][41.883s][info][gc          ] GC(32) Pause Final Update Refs 0.218ms
[2026-04-03T02:24:39.379+0600][41.883s][info][gc,start    ] GC(32) Concurrent cleanup
[2026-04-03T02:24:39.380+0600][41.883s][info][gc          ] GC(32) Concurrent cleanup 372M->203M(844M) 0.791ms
[2026-04-03T02:24:39.380+0600][41.884s][info][gc,ergo     ] Free: 742M, Max: 256K regular, 155M humongous, Frag: 80% external, 0% internal; Reserve: 51200K, Max: 256K
[2026-04-03T02:24:39.380+0600][41.884s][info][gc,stats    ] 
[2026-04-03T02:24:39.380+0600][41.884s][info][gc,stats    ] All times are wall-clock times, except per-root-class counters, that are sum over
[2026-04-03T02:24:39.380+0600][41.884s][info][gc,stats    ] all workers. Dividing the <total> over the root stage time estimates parallelism.
[2026-04-03T02:24:39.380+0600][41.884s][info][gc,stats    ] 
[2026-04-03T02:24:39.380+0600][41.884s][info][gc,stats    ] Concurrent Reset                   3486 us
[2026-04-03T02:24:39.380+0600][41.884s][info][gc,stats    ] Pause Init Mark (G)                 703 us
[2026-04-03T02:24:39.380+0600][41.884s][info][gc,stats    ] Pause Init Mark (N)                 250 us
[2026-04-03T02:24:39.380+0600][41.884s][info][gc,stats    ]   Update Region States               70 us
[2026-04-03T02:24:39.380+0600][41.884s][info][gc,stats    ] Concurrent Mark Roots              3901 us, parallelism: 0.92x
[2026-04-03T02:24:39.380+0600][41.884s][info][gc,stats    ]   CMR: <total>                     3575 us
[2026-04-03T02:24:39.380+0600][41.884s][info][gc,stats    ]   CMR: Thread Roots                3122 us, workers (us): 2738, 178, 206, ---, ---, ---, 
[2026-04-03T02:24:39.380+0600][41.884s][info][gc,stats    ]   CMR: VM Strong Roots               57 us, workers (us):  54,   1,   2, ---, ---, ---, 
[2026-04-03T02:24:39.380+0600][41.884s][info][gc,stats    ]   CMR: CLDG Roots                   396 us, workers (us): 396, ---, ---, ---, ---, ---, 
[2026-04-03T02:24:39.380+0600][41.884s][info][gc,stats    ] Concurrent Marking                72218 us
[2026-04-03T02:24:39.380+0600][41.884s][info][gc,stats    ] Pause Final Mark (G)               1472 us
[2026-04-03T02:24:39.380+0600][41.884s][info][gc,stats    ] Pause Final Mark (N)               1176 us
[2026-04-03T02:24:39.380+0600][41.884s][info][gc,stats    ]   Finish Mark                       238 us
[2026-04-03T02:24:39.380+0600][41.884s][info][gc,stats    ]   Update Region States               76 us
[2026-04-03T02:24:39.380+0600][41.884s][info][gc,stats    ]   Choose Collection Set             523 us
[2026-04-03T02:24:39.380+0600][41.884s][info][gc,stats    ]   Rebuild Free Set                   94 us
[2026-04-03T02:24:39.380+0600][41.884s][info][gc,stats    ] Concurrent Thread Roots            1416 us, parallelism: 2.36x
[2026-04-03T02:24:39.380+0600][41.884s][info][gc,stats    ]   CTR: <total>                     3349 us
[2026-04-03T02:24:39.381+0600][41.884s][info][gc,stats    ]   CTR: Thread Roots                3349 us, workers (us): 1141, 1099, 1108, ---, ---, ---, 
[2026-04-03T02:24:39.381+0600][41.884s][info][gc,stats    ] Concurrent Weak References         1414 us, parallelism: 0.60x
[2026-04-03T02:24:39.381+0600][41.884s][info][gc,stats    ]   CWRF: <total>                     850 us
[2026-04-03T02:24:39.381+0600][41.884s][info][gc,stats    ]   CWRF: Weak References             850 us, workers (us): 850,   0,   0, ---, ---, ---, 
[2026-04-03T02:24:39.381+0600][41.884s][info][gc,stats    ] Concurrent Weak Roots              6184 us
[2026-04-03T02:24:39.381+0600][41.884s][info][gc,stats    ]   Roots                            5571 us, parallelism: 2.73x
[2026-04-03T02:24:39.381+0600][41.884s][info][gc,stats    ]     CWR: <total>                  15200 us
[2026-04-03T02:24:39.381+0600][41.884s][info][gc,stats    ]     CWR: Code Cache Roots         11324 us, workers (us): 3619, 3762, 3942, ---, ---, ---, 
[2026-04-03T02:24:39.381+0600][41.884s][info][gc,stats    ]     CWR: VM Weak Roots             3688 us, workers (us): 1227, 1234, 1227, ---, ---, ---, 
[2026-04-03T02:24:39.381+0600][41.884s][info][gc,stats    ]     CWR: CLDG Roots                 189 us, workers (us): 189, ---, ---, ---, ---, ---, 
[2026-04-03T02:24:39.381+0600][41.884s][info][gc,stats    ]   Rendezvous                        466 us
[2026-04-03T02:24:39.381+0600][41.884s][info][gc,stats    ] Concurrent Cleanup                 1059 us
[2026-04-03T02:24:39.381+0600][41.884s][info][gc,stats    ] Concurrent Class Unloading        22061 us
[2026-04-03T02:24:39.381+0600][41.884s][info][gc,stats    ]   Unlink Stale                    17703 us
[2026-04-03T02:24:39.381+0600][41.884s][info][gc,stats    ]     System Dictionary               413 us
[2026-04-03T02:24:39.381+0600][41.884s][info][gc,stats    ]     Weak Class Links                  1 us
[2026-04-03T02:24:39.381+0600][41.884s][info][gc,stats    ]     Code Roots                    17285 us
[2026-04-03T02:24:39.381+0600][41.884s][info][gc,stats    ]   Rendezvous                        437 us
[2026-04-03T02:24:39.381+0600][41.884s][info][gc,stats    ]   Purge Unlinked                   3763 us
[2026-04-03T02:24:39.381+0600][41.884s][info][gc,stats    ]     Code Roots                     3750 us
[2026-04-03T02:24:39.381+0600][41.884s][info][gc,stats    ]     CLDG                             11 us
[2026-04-03T02:24:39.381+0600][41.884s][info][gc,stats    ]     Exception Caches                  0 us
[2026-04-03T02:24:39.381+0600][41.884s][info][gc,stats    ] Concurrent Strong Roots            1442 us, parallelism: 0.62x
[2026-04-03T02:24:39.381+0600][41.884s][info][gc,stats    ]   CSR: <total>                      900 us
[2026-04-03T02:24:39.381+0600][41.884s][info][gc,stats    ]   CSR: VM Strong Roots               40 us, workers (us):  31,   8,   0, ---, ---, ---, 
[2026-04-03T02:24:39.381+0600][41.884s][info][gc,stats    ]   CSR: CLDG Roots                   861 us, workers (us): ---, 861, ---, ---, ---, ---, 
[2026-04-03T02:24:39.381+0600][41.884s][info][gc,stats    ] Concurrent Evacuation              4547 us
[2026-04-03T02:24:39.381+0600][41.884s][info][gc,stats    ] Pause Init Update Refs (G)          563 us
[2026-04-03T02:24:39.381+0600][41.884s][info][gc,stats    ] Pause Init Update Refs (N)          195 us
[2026-04-03T02:24:39.381+0600][41.884s][info][gc,stats    ]   Manage GCLABs                      40 us
[2026-04-03T02:24:39.381+0600][41.884s][info][gc,stats    ] Concurrent Update Refs            61062 us
[2026-04-03T02:24:39.381+0600][41.884s][info][gc,stats    ] Concurrent Update Thread Roots     1286 us
[2026-04-03T02:24:39.381+0600][41.884s][info][gc,stats    ] Pause Final Update Refs (G)         430 us
[2026-04-03T02:24:39.381+0600][41.884s][info][gc,stats    ] Pause Final Update Refs (N)         237 us
[2026-04-03T02:24:39.381+0600][41.884s][info][gc,stats    ]   Update Region States               71 us
[2026-04-03T02:24:39.381+0600][41.884s][info][gc,stats    ]   Trash Collection Set               22 us
[2026-04-03T02:24:39.381+0600][41.884s][info][gc,stats    ]   Rebuild Free Set                   57 us
[2026-04-03T02:24:39.381+0600][41.884s][info][gc,stats    ] Concurrent Cleanup                  808 us
[2026-04-03T02:24:39.381+0600][41.884s][info][gc,stats    ] Pacing                           350510 us
[2026-04-03T02:24:39.381+0600][41.884s][info][gc,stats    ] 
[2026-04-03T02:24:39.381+0600][41.884s][info][gc,stats    ] Allocation pacing accrued:
[2026-04-03T02:24:39.381+0600][41.884s][info][gc,stats    ]      11 of   790 ms (  1.4%): dispatcher-event-loop-7
[2026-04-03T02:24:39.381+0600][41.884s][info][gc,stats    ]      11 of   790 ms (  1.4%): dag-scheduler-event-loop
[2026-04-03T02:24:39.381+0600][41.884s][info][gc,stats    ]      11 of   790 ms (  1.4%): Spark Context Cleaner
[2026-04-03T02:24:39.381+0600][41.884s][info][gc,stats    ]      11 of   790 ms (  1.4%): spark-listener-group-appStatus
[2026-04-03T02:24:39.381+0600][41.884s][info][gc,stats    ]      11 of   790 ms (  1.4%): spark-listener-group-executorManagement
[2026-04-03T02:24:39.381+0600][41.884s][info][gc,stats    ]      11 of   790 ms (  1.4%): spark-listener-group-shared
[2026-04-03T02:24:39.381+0600][41.884s][info][gc,stats    ]      40 of   790 ms (  5.1%): Executor task launch worker for task 3.0 in stage 867.0 (TID 1762)
[2026-04-03T02:24:39.381+0600][41.884s][info][gc,stats    ]      22 of   790 ms (  2.8%): Executor task launch worker for task 6.0 in stage 867.0 (TID 1765)
[2026-04-03T02:24:39.381+0600][41.884s][info][gc,stats    ]      39 of   790 ms (  5.0%): Executor task launch worker for task 0.0 in stage 867.0 (TID 1759)
[2026-04-03T02:24:39.381+0600][41.884s][info][gc,stats    ]      41 of   790 ms (  5.2%): Executor task launch worker for task 4.0 in stage 867.0 (TID 1763)
[2026-04-03T02:24:39.381+0600][41.884s][info][gc,stats    ]      41 of   790 ms (  5.2%): Executor task launch worker for task 2.0 in stage 867.0 (TID 1761)
[2026-04-03T02:24:39.381+0600][41.884s][info][gc,stats    ]      40 of   790 ms (  5.0%): Executor task launch worker for task 5.0 in stage 867.0 (TID 1764)
[2026-04-03T02:24:39.381+0600][41.884s][info][gc,stats    ]      39 of   790 ms (  4.9%): Executor task launch worker for task 1.0 in stage 867.0 (TID 1760)
[2026-04-03T02:24:39.381+0600][41.884s][info][gc,stats    ]      11 of   790 ms (  1.4%): task-result-getter-1
[2026-04-03T02:24:39.381+0600][41.884s][info][gc,stats    ]       9 of   790 ms (  1.2%): task-result-getter-3
[2026-04-03T02:24:39.381+0600][41.884s][info][gc,stats    ]     351 of   790 ms ( 44.4%): <total>
[2026-04-03T02:24:39.381+0600][41.884s][info][gc,stats    ]       1 of   790 ms (  0.2%): <average total>
[2026-04-03T02:24:39.381+0600][41.884s][info][gc,stats    ]      23 of   790 ms (  3.0%): <average non-zero>
[2026-04-03T02:24:39.381+0600][41.884s][info][gc,stats    ] 
[2026-04-03T02:24:39.381+0600][41.884s][info][gc,metaspace] Metaspace: 130554K(131776K)->130562K(131776K) NonClass: 114111K(114752K)->114119K(114752K) Class: 16442K(17024K)->16442K(17024K)
[2026-04-03T02:24:39.381+0600][41.884s][info][gc,ergo     ] Pacer for Idle. Initial: 20480K, Alloc Tax Rate: 1.0x
[2026-04-03T02:24:39.584+0600][42.087s][info][gc          ] Trigger: Average GC time (204.06 ms) is above the time for average allocation rate (2335 MB/s) to deplete free headroom (218M) (margin of error = 1.83)
[2026-04-03T02:24:39.584+0600][42.087s][info][gc,ergo     ] Free headroom: 268M (free) - 51200K (spike) - 0B (penalties) = 218M
[2026-04-03T02:24:39.584+0600][42.087s][info][gc,ergo     ] Free: 268M, Max: 256K regular, 139M humongous, Frag: 48% external, 0% internal; Reserve: 51200K, Max: 256K
[2026-04-03T02:24:39.584+0600][42.087s][info][gc,start    ] GC(33) Concurrent reset
[2026-04-03T02:24:39.584+0600][42.087s][info][gc,task     ] GC(33) Using 3 of 6 workers for concurrent reset
[2026-04-03T02:24:39.584+0600][42.087s][info][gc,ergo     ] GC(33) Pacer for Reset. Non-Taxable: 1000M
[2026-04-03T02:24:39.585+0600][42.088s][info][gc          ] GC(33) Concurrent reset 1.007ms
[2026-04-03T02:24:39.585+0600][42.089s][info][gc,start    ] GC(33) Pause Init Mark (unload classes)
[2026-04-03T02:24:39.585+0600][42.089s][info][gc,task     ] GC(33) Using 6 of 6 workers for init marking
[2026-04-03T02:24:39.585+0600][42.089s][info][gc,ergo     ] GC(33) Pacer for Mark. Expected Live: 92192K, Free: 266M, Non-Taxable: 27322K, Alloc Tax Rate: 0.4x
[2026-04-03T02:24:39.585+0600][42.089s][info][gc          ] GC(33) Pause Init Mark (unload classes) 0.148ms
[2026-04-03T02:24:39.586+0600][42.089s][info][gc,start    ] GC(33) Concurrent marking roots
[2026-04-03T02:24:39.586+0600][42.089s][info][gc,task     ] GC(33) Using 3 of 6 workers for concurrent marking roots
[2026-04-03T02:24:39.587+0600][42.090s][info][gc          ] GC(33) Concurrent marking roots 1.072ms
[2026-04-03T02:24:39.587+0600][42.090s][info][gc,start    ] GC(33) Concurrent marking (unload classes)
[2026-04-03T02:24:39.587+0600][42.090s][info][gc,task     ] GC(33) Using 3 of 6 workers for concurrent marking
[2026-04-03T02:24:39.628+0600][42.132s][info][gc          ] GC(33) Concurrent marking (unload classes) 41.509ms
[2026-04-03T02:24:39.628+0600][42.132s][info][gc,start    ] GC(33) Pause Final Mark (unload classes)
[2026-04-03T02:24:39.629+0600][42.132s][info][gc,task     ] GC(33) Using 6 of 6 workers for final marking
[2026-04-03T02:24:39.629+0600][42.132s][info][gc,ergo     ] GC(33) Adaptive CSet Selection. Target Free: 141M, Actual Free: 778M, Max CSet: 42666K, Min Garbage: 0B
[2026-04-03T02:24:39.629+0600][42.132s][info][gc,ergo     ] GC(33) Collectable Garbage: 553M (98%), Immediate: 508M (90%), CSet: 46020K (8%)
[2026-04-03T02:24:39.629+0600][42.132s][info][gc,ergo     ] GC(33) Pacer for Evacuation. Used CSet: 49562K, Free: 761M, Non-Taxable: 77968K, Alloc Tax Rate: 1.1x
[2026-04-03T02:24:39.629+0600][42.132s][info][gc          ] GC(33) Pause Final Mark (unload classes) 0.639ms
[2026-04-03T02:24:39.629+0600][42.133s][info][gc,start    ] GC(33) Concurrent thread roots
[2026-04-03T02:24:39.629+0600][42.133s][info][gc,task     ] GC(33) Using 3 of 6 workers for Concurrent thread roots
[2026-04-03T02:24:39.630+0600][42.133s][info][gc          ] GC(33) Concurrent thread roots 0.880ms
[2026-04-03T02:24:39.630+0600][42.133s][info][gc,start    ] GC(33) Concurrent weak references
[2026-04-03T02:24:39.630+0600][42.133s][info][gc,task     ] GC(33) Using 3 of 6 workers for concurrent weak references
[2026-04-03T02:24:39.631+0600][42.134s][info][gc,ref      ] GC(33) Encountered references: Soft: 3864, Weak: 15244, Final: 84, Phantom: 620
[2026-04-03T02:24:39.631+0600][42.134s][info][gc,ref      ] GC(33) Discovered  references: Soft: 0, Weak: 6819, Final: 0, Phantom: 224
[2026-04-03T02:24:39.631+0600][42.134s][info][gc,ref      ] GC(33) Enqueued    references: Soft: 0, Weak: 790, Final: 0, Phantom: 0
[2026-04-03T02:24:39.631+0600][42.134s][info][gc          ] GC(33) Concurrent weak references 0.610ms
[2026-04-03T02:24:39.631+0600][42.134s][info][gc,start    ] GC(33) Concurrent weak roots
[2026-04-03T02:24:39.631+0600][42.134s][info][gc,task     ] GC(33) Using 3 of 6 workers for concurrent weak root
[2026-04-03T02:24:39.636+0600][42.140s][info][gc          ] GC(33) Concurrent weak roots 5.649ms
[2026-04-03T02:24:39.636+0600][42.140s][info][gc,start    ] GC(33) Concurrent cleanup
[2026-04-03T02:24:39.637+0600][42.141s][info][gc          ] GC(33) Concurrent cleanup 766M->257M(844M) 0.727ms
[2026-04-03T02:24:39.637+0600][42.141s][info][gc,ergo     ] GC(33) Free: 682M, Max: 256K regular, 155M humongous, Frag: 78% external, 0% internal; Reserve: 50617K, Max: 256K
[2026-04-03T02:24:39.637+0600][42.141s][info][gc,start    ] GC(33) Concurrent class unloading
[2026-04-03T02:24:39.637+0600][42.141s][info][gc,task     ] GC(33) Using 3 of 6 workers for concurrent class unloading
[2026-04-03T02:24:39.651+0600][42.154s][info][gc          ] GC(33) Concurrent class unloading 13.315ms
[2026-04-03T02:24:39.651+0600][42.154s][info][gc,start    ] GC(33) Concurrent strong roots
[2026-04-03T02:24:39.651+0600][42.154s][info][gc,task     ] GC(33) Using 3 of 6 workers for concurrent strong root
[2026-04-03T02:24:39.652+0600][42.155s][info][gc          ] GC(33) Concurrent strong roots 1.141ms
[2026-04-03T02:24:39.652+0600][42.155s][info][gc,start    ] GC(33) Concurrent evacuation
[2026-04-03T02:24:39.652+0600][42.155s][info][gc,task     ] GC(33) Using 3 of 6 workers for concurrent evacuation
[2026-04-03T02:24:39.653+0600][42.157s][info][gc          ] GC(33) Concurrent evacuation 1.355ms
[2026-04-03T02:24:39.654+0600][42.157s][info][gc,start    ] GC(33) Pause Init Update Refs
[2026-04-03T02:24:39.654+0600][42.157s][info][gc,ergo     ] GC(33) Pacer for Update Refs. Used: 265M, Free: 678M, Non-Taxable: 69441K, Alloc Tax Rate: 1.1x
[2026-04-03T02:24:39.654+0600][42.157s][info][gc          ] GC(33) Pause Init Update Refs 0.094ms
[2026-04-03T02:24:39.654+0600][42.157s][info][gc,start    ] GC(33) Concurrent update references
[2026-04-03T02:24:39.654+0600][42.157s][info][gc,task     ] GC(33) Using 3 of 6 workers for concurrent reference update
[2026-04-03T02:24:39.695+0600][42.199s][info][gc          ] GC(33) Concurrent update references 41.753ms
[2026-04-03T02:24:39.696+0600][42.199s][info][gc,start    ] GC(33) Concurrent update thread roots
[2026-04-03T02:24:39.697+0600][42.201s][info][gc          ] GC(33) Concurrent update thread roots 1.811ms
[2026-04-03T02:24:39.698+0600][42.201s][info][gc,start    ] GC(33) Pause Final Update Refs
[2026-04-03T02:24:39.698+0600][42.201s][info][gc,task     ] GC(33) Using 6 of 6 workers for final reference update
[2026-04-03T02:24:39.698+0600][42.201s][info][gc          ] GC(33) Pause Final Update Refs 0.240ms
[2026-04-03T02:24:39.698+0600][42.201s][info][gc,start    ] GC(33) Concurrent cleanup
[2026-04-03T02:24:39.698+0600][42.202s][info][gc          ] GC(33) Concurrent cleanup 438M->389M(844M) 0.365ms
[2026-04-03T02:24:39.698+0600][42.202s][info][gc,ergo     ] Free: 540M, Max: 256K regular, 207M humongous, Frag: 62% external, 1% internal; Reserve: 51200K, Max: 256K
[2026-04-03T02:24:39.699+0600][42.202s][info][gc,stats    ] 
[2026-04-03T02:24:39.699+0600][42.202s][info][gc,stats    ] All times are wall-clock times, except per-root-class counters, that are sum over
[2026-04-03T02:24:39.699+0600][42.202s][info][gc,stats    ] all workers. Dividing the <total> over the root stage time estimates parallelism.
[2026-04-03T02:24:39.699+0600][42.202s][info][gc,stats    ] 
[2026-04-03T02:24:39.699+0600][42.202s][info][gc,stats    ] Concurrent Reset                   1071 us
[2026-04-03T02:24:39.699+0600][42.202s][info][gc,stats    ] Pause Init Mark (G)                 473 us
[2026-04-03T02:24:39.699+0600][42.202s][info][gc,stats    ] Pause Init Mark (N)                 155 us
[2026-04-03T02:24:39.699+0600][42.202s][info][gc,stats    ]   Update Region States               37 us
[2026-04-03T02:24:39.699+0600][42.202s][info][gc,stats    ] Concurrent Mark Roots              1101 us, parallelism: 1.67x
[2026-04-03T02:24:39.699+0600][42.202s][info][gc,stats    ]   CMR: <total>                     1844 us
[2026-04-03T02:24:39.699+0600][42.202s][info][gc,stats    ]   CMR: Thread Roots                1547 us, workers (us): 345, 606, 596, ---, ---, ---, 
[2026-04-03T02:24:39.699+0600][42.202s][info][gc,stats    ]   CMR: VM Strong Roots               28 us, workers (us):  26,   1,   0, ---, ---, ---, 
[2026-04-03T02:24:39.699+0600][42.202s][info][gc,stats    ]   CMR: CLDG Roots                   270 us, workers (us): 270, ---, ---, ---, ---, ---, 
[2026-04-03T02:24:39.699+0600][42.202s][info][gc,stats    ] Concurrent Marking                41581 us
[2026-04-03T02:24:39.699+0600][42.202s][info][gc,stats    ] Pause Final Mark (G)                864 us
[2026-04-03T02:24:39.699+0600][42.202s][info][gc,stats    ] Pause Final Mark (N)                652 us
[2026-04-03T02:24:39.699+0600][42.202s][info][gc,stats    ]   Finish Mark                       194 us
[2026-04-03T02:24:39.699+0600][42.202s][info][gc,stats    ]   Update Region States               66 us
[2026-04-03T02:24:39.699+0600][42.202s][info][gc,stats    ]   Choose Collection Set             210 us
[2026-04-03T02:24:39.699+0600][42.202s][info][gc,stats    ]   Rebuild Free Set                   36 us
[2026-04-03T02:24:39.699+0600][42.202s][info][gc,stats    ] Concurrent Thread Roots             928 us, parallelism: 1.92x
[2026-04-03T02:24:39.699+0600][42.202s][info][gc,stats    ]   CTR: <total>                     1781 us
[2026-04-03T02:24:39.699+0600][42.202s][info][gc,stats    ]   CTR: Thread Roots                1781 us, workers (us): 617, 587, 576, ---, ---, ---, 
[2026-04-03T02:24:39.699+0600][42.202s][info][gc,stats    ] Concurrent Weak References          622 us, parallelism: 1.03x
[2026-04-03T02:24:39.699+0600][42.202s][info][gc,stats    ]   CWRF: <total>                     641 us
[2026-04-03T02:24:39.699+0600][42.202s][info][gc,stats    ]   CWRF: Weak References             641 us, workers (us): 228,  45, 369, ---, ---, ---, 
[2026-04-03T02:24:39.699+0600][42.202s][info][gc,stats    ] Concurrent Weak Roots              5727 us
[2026-04-03T02:24:39.699+0600][42.202s][info][gc,stats    ]   Roots                            4961 us, parallelism: 2.73x
[2026-04-03T02:24:39.699+0600][42.202s][info][gc,stats    ]     CWR: <total>                  13537 us
[2026-04-03T02:24:39.699+0600][42.202s][info][gc,stats    ]     CWR: Code Cache Roots         11163 us, workers (us): 3772, 3728, 3663, ---, ---, ---, 
[2026-04-03T02:24:39.699+0600][42.202s][info][gc,stats    ]     CWR: VM Weak Roots             2210 us, workers (us): 750, 748, 712, ---, ---, ---, 
[2026-04-03T02:24:39.699+0600][42.202s][info][gc,stats    ]     CWR: CLDG Roots                 164 us, workers (us): ---, ---, 164, ---, ---, ---, 
[2026-04-03T02:24:39.699+0600][42.202s][info][gc,stats    ]   Rendezvous                        662 us
[2026-04-03T02:24:39.699+0600][42.202s][info][gc,stats    ] Concurrent Cleanup                  755 us
[2026-04-03T02:24:39.699+0600][42.202s][info][gc,stats    ] Concurrent Class Unloading        13416 us
[2026-04-03T02:24:39.699+0600][42.202s][info][gc,stats    ]   Unlink Stale                    11756 us
[2026-04-03T02:24:39.699+0600][42.202s][info][gc,stats    ]     System Dictionary               314 us
[2026-04-03T02:24:39.699+0600][42.202s][info][gc,stats    ]     Weak Class Links                  0 us
[2026-04-03T02:24:39.699+0600][42.202s][info][gc,stats    ]     Code Roots                    11437 us
[2026-04-03T02:24:39.699+0600][42.202s][info][gc,stats    ]   Rendezvous                        410 us
[2026-04-03T02:24:39.699+0600][42.202s][info][gc,stats    ]   Purge Unlinked                   1115 us
[2026-04-03T02:24:39.699+0600][42.202s][info][gc,stats    ]     Code Roots                     1101 us
[2026-04-03T02:24:39.699+0600][42.202s][info][gc,stats    ]     CLDG                             13 us
[2026-04-03T02:24:39.699+0600][42.202s][info][gc,stats    ]     Exception Caches                  0 us
[2026-04-03T02:24:39.699+0600][42.202s][info][gc,stats    ] Concurrent Strong Roots            1217 us, parallelism: 0.55x
[2026-04-03T02:24:39.699+0600][42.202s][info][gc,stats    ]   CSR: <total>                      675 us
[2026-04-03T02:24:39.699+0600][42.202s][info][gc,stats    ]   CSR: VM Strong Roots               34 us, workers (us):  31,   1,   1, ---, ---, ---, 
[2026-04-03T02:24:39.699+0600][42.202s][info][gc,stats    ]   CSR: CLDG Roots                   641 us, workers (us): 641, ---, ---, ---, ---, ---, 
[2026-04-03T02:24:39.699+0600][42.202s][info][gc,stats    ] Concurrent Evacuation              1415 us
[2026-04-03T02:24:39.699+0600][42.203s][info][gc,stats    ] Pause Init Update Refs (G)          349 us
[2026-04-03T02:24:39.699+0600][42.203s][info][gc,stats    ] Pause Init Update Refs (N)          108 us
[2026-04-03T02:24:39.699+0600][42.203s][info][gc,stats    ]   Manage GCLABs                      32 us
[2026-04-03T02:24:39.699+0600][42.203s][info][gc,stats    ] Concurrent Update Refs            41835 us
[2026-04-03T02:24:39.699+0600][42.203s][info][gc,stats    ] Concurrent Update Thread Roots     1908 us
[2026-04-03T02:24:39.699+0600][42.203s][info][gc,stats    ] Pause Final Update Refs (G)         491 us
[2026-04-03T02:24:39.699+0600][42.203s][info][gc,stats    ] Pause Final Update Refs (N)         268 us
[2026-04-03T02:24:39.699+0600][42.203s][info][gc,stats    ]   Update Region States               97 us
[2026-04-03T02:24:39.699+0600][42.203s][info][gc,stats    ]   Trash Collection Set               16 us
[2026-04-03T02:24:39.699+0600][42.203s][info][gc,stats    ]   Rebuild Free Set                   57 us
[2026-04-03T02:24:39.699+0600][42.203s][info][gc,stats    ] Concurrent Cleanup                  420 us
[2026-04-03T02:24:39.699+0600][42.203s][info][gc,stats    ] Pacing                           202032 us
[2026-04-03T02:24:39.699+0600][42.203s][info][gc,stats    ] 
[2026-04-03T02:24:39.699+0600][42.203s][info][gc,stats    ] Allocation pacing accrued:
[2026-04-03T02:24:39.699+0600][42.203s][info][gc,stats    ]      21 of   319 ms (  6.7%): dispatcher-BlockManagerMaster
[2026-04-03T02:24:39.699+0600][42.203s][info][gc,stats    ]      11 of   319 ms (  3.5%): Spark Context Cleaner
[2026-04-03T02:24:39.699+0600][42.203s][info][gc,stats    ]      43 of   319 ms ( 13.4%): Executor task launch worker for task 0.0 in stage 882.0 (TID 1785)
[2026-04-03T02:24:39.699+0600][42.203s][info][gc,stats    ]      42 of   319 ms ( 13.3%): Executor task launch worker for task 1.0 in stage 882.0 (TID 1786)
[2026-04-03T02:24:39.699+0600][42.203s][info][gc,stats    ]      42 of   319 ms ( 13.3%): Executor task launch worker for task 3.0 in stage 882.0 (TID 1788)
[2026-04-03T02:24:39.699+0600][42.203s][info][gc,stats    ]      42 of   319 ms ( 13.2%): Executor task launch worker for task 2.0 in stage 882.0 (TID 1787)
[2026-04-03T02:24:39.699+0600][42.203s][info][gc,stats    ]     202 of   319 ms ( 63.4%): <total>
[2026-04-03T02:24:39.700+0600][42.203s][info][gc,stats    ]       1 of   319 ms (  0.2%): <average total>
[2026-04-03T02:24:39.700+0600][42.203s][info][gc,stats    ]      34 of   319 ms ( 10.6%): <average non-zero>
[2026-04-03T02:24:39.700+0600][42.203s][info][gc,stats    ] 
[2026-04-03T02:24:39.700+0600][42.203s][info][gc,metaspace] Metaspace: 130571K(131840K)->130574K(131840K) NonClass: 114128K(114816K)->114131K(114816K) Class: 16442K(17024K)->16442K(17024K)
[2026-04-03T02:24:39.700+0600][42.203s][info][gc,ergo     ] Pacer for Idle. Initial: 20480K, Alloc Tax Rate: 1.0x
[2026-04-03T02:24:39.701+0600][42.204s][info][gc          ] Trigger: Average GC time (193.14 ms) is above the time for average allocation rate (2542 MB/s) to deplete free headroom (490M) (margin of error = 1.85)
[2026-04-03T02:24:39.701+0600][42.204s][info][gc,ergo     ] Free headroom: 540M (free) - 51200K (spike) - 0B (penalties) = 490M
[2026-04-03T02:24:39.701+0600][42.204s][info][gc,ergo     ] Free: 540M, Max: 256K regular, 207M humongous, Frag: 62% external, 1% internal; Reserve: 51200K, Max: 256K
[2026-04-03T02:24:39.701+0600][42.204s][info][gc,start    ] GC(34) Concurrent reset
[2026-04-03T02:24:39.701+0600][42.204s][info][gc,task     ] GC(34) Using 3 of 6 workers for concurrent reset
[2026-04-03T02:24:39.701+0600][42.204s][info][gc,ergo     ] GC(34) Pacer for Reset. Non-Taxable: 1000M
[2026-04-03T02:24:39.703+0600][42.206s][info][gc          ] GC(34) Concurrent reset 2.033ms
[2026-04-03T02:24:39.703+0600][42.207s][info][gc,start    ] GC(34) Pause Init Mark (unload classes)
[2026-04-03T02:24:39.703+0600][42.207s][info][gc,task     ] GC(34) Using 6 of 6 workers for init marking
[2026-04-03T02:24:39.703+0600][42.207s][info][gc,ergo     ] GC(34) Pacer for Mark. Expected Live: 90126K, Free: 538M, Non-Taxable: 55174K, Alloc Tax Rate: 0.2x
[2026-04-03T02:24:39.703+0600][42.207s][info][gc          ] GC(34) Pause Init Mark (unload classes) 0.164ms
[2026-04-03T02:24:39.704+0600][42.207s][info][gc,start    ] GC(34) Concurrent marking roots
[2026-04-03T02:24:39.704+0600][42.207s][info][gc,task     ] GC(34) Using 3 of 6 workers for concurrent marking roots
[2026-04-03T02:24:39.706+0600][42.209s][info][gc          ] GC(34) Concurrent marking roots 2.292ms
[2026-04-03T02:24:39.706+0600][42.209s][info][gc,start    ] GC(34) Concurrent marking (unload classes)
[2026-04-03T02:24:39.706+0600][42.209s][info][gc,task     ] GC(34) Using 3 of 6 workers for concurrent marking
[2026-04-03T02:24:39.775+0600][42.278s][info][gc          ] GC(34) Concurrent marking (unload classes) 68.878ms
[2026-04-03T02:24:39.775+0600][42.278s][info][gc,start    ] GC(34) Pause Final Mark (unload classes)
[2026-04-03T02:24:39.775+0600][42.278s][info][gc,task     ] GC(34) Using 6 of 6 workers for final marking
[2026-04-03T02:24:39.776+0600][42.279s][info][gc,ergo     ] GC(34) Collectable Garbage: 283M (92%), Immediate: 283M (92%), CSet: 0B (0%)
[2026-04-03T02:24:39.776+0600][42.279s][info][gc          ] GC(34) Pause Final Mark (unload classes) 0.583ms
[2026-04-03T02:24:39.776+0600][42.279s][info][gc,start    ] GC(34) Concurrent weak references
[2026-04-03T02:24:39.776+0600][42.279s][info][gc,task     ] GC(34) Using 3 of 6 workers for concurrent weak references
[2026-04-03T02:24:39.777+0600][42.280s][info][gc,ref      ] GC(34) Encountered references: Soft: 3864, Weak: 14611, Final: 84, Phantom: 620
[2026-04-03T02:24:39.777+0600][42.280s][info][gc,ref      ] GC(34) Discovered  references: Soft: 0, Weak: 8376, Final: 4, Phantom: 615
[2026-04-03T02:24:39.777+0600][42.280s][info][gc,ref      ] GC(34) Enqueued    references: Soft: 0, Weak: 24, Final: 0, Phantom: 0
[2026-04-03T02:24:39.777+0600][42.280s][info][gc          ] GC(34) Concurrent weak references 0.913ms
[2026-04-03T02:24:39.777+0600][42.280s][info][gc,start    ] GC(34) Concurrent weak roots
[2026-04-03T02:24:39.777+0600][42.280s][info][gc,task     ] GC(34) Using 3 of 6 workers for concurrent weak root
[2026-04-03T02:24:39.781+0600][42.285s][info][gc          ] GC(34) Concurrent weak roots 4.676ms
[2026-04-03T02:24:39.781+0600][42.285s][info][gc,start    ] GC(34) Concurrent cleanup
[2026-04-03T02:24:39.782+0600][42.286s][info][gc          ] GC(34) Concurrent cleanup 450M->167M(844M) 0.904ms
[2026-04-03T02:24:39.782+0600][42.286s][info][gc,ergo     ] GC(34) Free: 777M, Max: 256K regular, 258M humongous, Frag: 67% external, 0% internal; Reserve: 51200K, Max: 256K
[2026-04-03T02:24:39.782+0600][42.286s][info][gc,start    ] GC(34) Concurrent class unloading
[2026-04-03T02:24:39.782+0600][42.286s][info][gc,task     ] GC(34) Using 3 of 6 workers for concurrent class unloading
[2026-04-03T02:24:39.795+0600][42.299s][info][gc          ] GC(34) Concurrent class unloading 13.033ms
[2026-04-03T02:24:39.796+0600][42.299s][info][gc,start    ] GC(34) Pause Final Roots
[2026-04-03T02:24:39.796+0600][42.299s][info][gc          ] GC(34) Pause Final Roots 0.073ms
[2026-04-03T02:24:39.796+0600][42.299s][info][gc,ergo     ] Free: 774M, Max: 256K regular, 258M humongous, Frag: 67% external, 0% internal; Reserve: 51200K, Max: 256K
[2026-04-03T02:24:39.796+0600][42.299s][info][gc,stats    ] 
[2026-04-03T02:24:39.796+0600][42.299s][info][gc,stats    ] All times are wall-clock times, except per-root-class counters, that are sum over
[2026-04-03T02:24:39.796+0600][42.299s][info][gc,stats    ] all workers. Dividing the <total> over the root stage time estimates parallelism.
[2026-04-03T02:24:39.796+0600][42.299s][info][gc,stats    ] 
[2026-04-03T02:24:39.796+0600][42.299s][info][gc,stats    ] Concurrent Reset                   2120 us
[2026-04-03T02:24:39.796+0600][42.299s][info][gc,stats    ] Pause Init Mark (G)                 482 us
[2026-04-03T02:24:39.796+0600][42.299s][info][gc,stats    ] Pause Init Mark (N)                 176 us
[2026-04-03T02:24:39.796+0600][42.299s][info][gc,stats    ]   Update Region States               49 us
[2026-04-03T02:24:39.796+0600][42.300s][info][gc,stats    ] Concurrent Mark Roots              2392 us, parallelism: 1.46x
[2026-04-03T02:24:39.796+0600][42.300s][info][gc,stats    ]   CMR: <total>                     3481 us
[2026-04-03T02:24:39.796+0600][42.300s][info][gc,stats    ]   CMR: Thread Roots                3005 us, workers (us): 1177, 1004, 825, ---, ---, ---, 
[2026-04-03T02:24:39.796+0600][42.300s][info][gc,stats    ]   CMR: VM Strong Roots               59 us, workers (us):  57,   1,   1, ---, ---, ---, 
[2026-04-03T02:24:39.796+0600][42.300s][info][gc,stats    ]   CMR: CLDG Roots                   417 us, workers (us): 417, ---, ---, ---, ---, ---, 
[2026-04-03T02:24:39.796+0600][42.300s][info][gc,stats    ] Concurrent Marking                68975 us
[2026-04-03T02:24:39.796+0600][42.300s][info][gc,stats    ] Pause Final Mark (G)                786 us
[2026-04-03T02:24:39.796+0600][42.300s][info][gc,stats    ] Pause Final Mark (N)                597 us
[2026-04-03T02:24:39.796+0600][42.300s][info][gc,stats    ]   Finish Mark                       256 us
[2026-04-03T02:24:39.796+0600][42.300s][info][gc,stats    ]   Update Region States               57 us
[2026-04-03T02:24:39.796+0600][42.300s][info][gc,stats    ]   Choose Collection Set             111 us
[2026-04-03T02:24:39.796+0600][42.300s][info][gc,stats    ]   Rebuild Free Set                   47 us
[2026-04-03T02:24:39.796+0600][42.300s][info][gc,stats    ] Concurrent Weak References          924 us, parallelism: 0.79x
[2026-04-03T02:24:39.796+0600][42.300s][info][gc,stats    ]   CWRF: <total>                     726 us
[2026-04-03T02:24:39.796+0600][42.300s][info][gc,stats    ]   CWRF: Weak References             726 us, workers (us):  40, 621,  65, ---, ---, ---, 
[2026-04-03T02:24:39.796+0600][42.300s][info][gc,stats    ] Concurrent Weak Roots              4757 us
[2026-04-03T02:24:39.796+0600][42.300s][info][gc,stats    ]   Roots                            4200 us, parallelism: 2.59x
[2026-04-03T02:24:39.796+0600][42.300s][info][gc,stats    ]     CWR: <total>                  10859 us
[2026-04-03T02:24:39.796+0600][42.300s][info][gc,stats    ]     CWR: Code Cache Roots          9048 us, workers (us): 3003, 3045, 3000, ---, ---, ---, 
[2026-04-03T02:24:39.796+0600][42.300s][info][gc,stats    ]     CWR: VM Weak Roots             1661 us, workers (us): 584, 549, 528, ---, ---, ---, 
[2026-04-03T02:24:39.796+0600][42.300s][info][gc,stats    ]     CWR: CLDG Roots                 150 us, workers (us): ---, ---, 150, ---, ---, ---, 
[2026-04-03T02:24:39.796+0600][42.300s][info][gc,stats    ]   Rendezvous                        451 us
[2026-04-03T02:24:39.796+0600][42.300s][info][gc,stats    ] Concurrent Cleanup                  921 us
[2026-04-03T02:24:39.796+0600][42.300s][info][gc,stats    ] Concurrent Class Unloading        13123 us
[2026-04-03T02:24:39.796+0600][42.300s][info][gc,stats    ]   Unlink Stale                    11908 us
[2026-04-03T02:24:39.796+0600][42.300s][info][gc,stats    ]     System Dictionary               258 us
[2026-04-03T02:24:39.796+0600][42.300s][info][gc,stats    ]     Weak Class Links                  0 us
[2026-04-03T02:24:39.796+0600][42.300s][info][gc,stats    ]     Code Roots                    11647 us
[2026-04-03T02:24:39.796+0600][42.300s][info][gc,stats    ]   Rendezvous                        360 us
[2026-04-03T02:24:39.796+0600][42.300s][info][gc,stats    ]   Purge Unlinked                    711 us
[2026-04-03T02:24:39.796+0600][42.300s][info][gc,stats    ]     Code Roots                      693 us
[2026-04-03T02:24:39.796+0600][42.300s][info][gc,stats    ]     CLDG                             17 us
[2026-04-03T02:24:39.796+0600][42.300s][info][gc,stats    ]     Exception Caches                  0 us
[2026-04-03T02:24:39.796+0600][42.300s][info][gc,stats    ] Pause Final Roots (G)               505 us
[2026-04-03T02:24:39.796+0600][42.300s][info][gc,stats    ] Pause Final Roots (N)                87 us
[2026-04-03T02:24:39.796+0600][42.300s][info][gc,stats    ] 
[2026-04-03T02:24:39.796+0600][42.300s][info][gc,stats    ] Allocation pacing accrued:
[2026-04-03T02:24:39.796+0600][42.300s][info][gc,stats    ]       0 of    97 ms (  0.0%): <total>
[2026-04-03T02:24:39.796+0600][42.300s][info][gc,stats    ]       0 of    97 ms (  0.0%): <average total>
[2026-04-03T02:24:39.797+0600][42.300s][info][gc,stats    ] 
[2026-04-03T02:24:39.797+0600][42.300s][info][gc,metaspace] Metaspace: 130574K(131840K)->130580K(131840K) NonClass: 114131K(114816K)->114137K(114816K) Class: 16442K(17024K)->16442K(17024K)
[2026-04-03T02:24:39.797+0600][42.300s][info][gc,ergo     ] Pacer for Idle. Initial: 20480K, Alloc Tax Rate: 1.0x
[2026-04-03T02:24:40.504+0600][43.007s][info][gc          ] Trigger: Average GC time (172.69 ms) is above the time for average allocation rate (1001 MB/s) to deplete free headroom (168M) (margin of error = 1.85)
[2026-04-03T02:24:40.504+0600][43.007s][info][gc,ergo     ] Free headroom: 218M (free) - 51200K (spike) - 0B (penalties) = 168M
[2026-04-03T02:24:40.504+0600][43.007s][info][gc,ergo     ] Free: 217M, Max: 256K regular, 217M humongous, Frag: 0% external, 0% internal; Reserve: 51200K, Max: 256K
[2026-04-03T02:24:40.504+0600][43.007s][info][gc,start    ] GC(35) Concurrent reset
[2026-04-03T02:24:40.504+0600][43.007s][info][gc,task     ] GC(35) Using 3 of 6 workers for concurrent reset
[2026-04-03T02:24:40.504+0600][43.007s][info][gc,ergo     ] GC(35) Pacer for Reset. Non-Taxable: 1000M
[2026-04-03T02:24:40.505+0600][43.008s][info][gc          ] GC(35) Concurrent reset 1.156ms
[2026-04-03T02:24:40.506+0600][43.009s][info][gc,start    ] GC(35) Pause Init Mark (unload classes)
[2026-04-03T02:24:40.506+0600][43.009s][info][gc,task     ] GC(35) Using 6 of 6 workers for init marking
[2026-04-03T02:24:40.506+0600][43.009s][info][gc,ergo     ] GC(35) Pacer for Mark. Expected Live: 89573K, Free: 217M, Non-Taxable: 22220K, Alloc Tax Rate: 0.5x
[2026-04-03T02:24:40.506+0600][43.009s][info][gc          ] GC(35) Pause Init Mark (unload classes) 0.326ms
[2026-04-03T02:24:40.506+0600][43.009s][info][gc,start    ] GC(35) Concurrent marking roots
[2026-04-03T02:24:40.506+0600][43.009s][info][gc,task     ] GC(35) Using 3 of 6 workers for concurrent marking roots
[2026-04-03T02:24:40.508+0600][43.012s][info][gc          ] GC(35) Concurrent marking roots 2.208ms
[2026-04-03T02:24:40.508+0600][43.012s][info][gc,start    ] GC(35) Concurrent marking (unload classes)
[2026-04-03T02:24:40.508+0600][43.012s][info][gc,task     ] GC(35) Using 3 of 6 workers for concurrent marking
[2026-04-03T02:24:40.579+0600][43.082s][info][gc          ] GC(35) Concurrent marking (unload classes) 70.522ms
[2026-04-03T02:24:40.579+0600][43.082s][info][gc,start    ] GC(35) Pause Final Mark (unload classes)
[2026-04-03T02:24:40.579+0600][43.082s][info][gc,task     ] GC(35) Using 6 of 6 workers for final marking
[2026-04-03T02:24:40.580+0600][43.083s][info][gc,ergo     ] GC(35) Adaptive CSet Selection. Target Free: 141M, Actual Free: 688M, Max CSet: 42666K, Min Garbage: 0B
[2026-04-03T02:24:40.580+0600][43.083s][info][gc,ergo     ] GC(35) Collectable Garbage: 595M (98%), Immediate: 459M (76%), CSet: 136M (22%)
[2026-04-03T02:24:40.580+0600][43.084s][info][gc,ergo     ] GC(35) Pacer for Evacuation. Used CSet: 144M, Free: 678M, Non-Taxable: 69466K, Alloc Tax Rate: 1.1x
[2026-04-03T02:24:40.580+0600][43.084s][info][gc          ] GC(35) Pause Final Mark (unload classes) 1.108ms
[2026-04-03T02:24:40.580+0600][43.084s][info][gc,start    ] GC(35) Concurrent thread roots
[2026-04-03T02:24:40.581+0600][43.084s][info][gc,task     ] GC(35) Using 3 of 6 workers for Concurrent thread roots
[2026-04-03T02:24:40.582+0600][43.085s][info][gc          ] GC(35) Concurrent thread roots 1.408ms
[2026-04-03T02:24:40.582+0600][43.085s][info][gc,start    ] GC(35) Concurrent weak references
[2026-04-03T02:24:40.582+0600][43.085s][info][gc,task     ] GC(35) Using 3 of 6 workers for concurrent weak references
[2026-04-03T02:24:40.583+0600][43.086s][info][gc,ref      ] GC(35) Encountered references: Soft: 3871, Weak: 15456, Final: 84, Phantom: 620
[2026-04-03T02:24:40.583+0600][43.086s][info][gc,ref      ] GC(35) Discovered  references: Soft: 0, Weak: 8517, Final: 0, Phantom: 221
[2026-04-03T02:24:40.583+0600][43.086s][info][gc,ref      ] GC(35) Enqueued    references: Soft: 0, Weak: 393, Final: 0, Phantom: 0
[2026-04-03T02:24:40.583+0600][43.086s][info][gc          ] GC(35) Concurrent weak references 1.116ms
[2026-04-03T02:24:40.583+0600][43.086s][info][gc,start    ] GC(35) Concurrent weak roots
[2026-04-03T02:24:40.583+0600][43.086s][info][gc,task     ] GC(35) Using 3 of 6 workers for concurrent weak root
[2026-04-03T02:24:40.589+0600][43.092s][info][gc          ] GC(35) Concurrent weak roots 5.557ms
[2026-04-03T02:24:40.589+0600][43.092s][info][gc,start    ] GC(35) Concurrent cleanup
[2026-04-03T02:24:40.590+0600][43.093s][info][gc          ] GC(35) Concurrent cleanup 732M->274M(844M) 1.084ms
[2026-04-03T02:24:40.590+0600][43.093s][info][gc,ergo     ] GC(35) Free: 669M, Max: 256K regular, 173M humongous, Frag: 75% external, 0% internal; Reserve: 50546K, Max: 256K
[2026-04-03T02:24:40.590+0600][43.093s][info][gc,start    ] GC(35) Concurrent class unloading
[2026-04-03T02:24:40.590+0600][43.093s][info][gc,task     ] GC(35) Using 3 of 6 workers for concurrent class unloading
[2026-04-03T02:24:40.610+0600][43.114s][info][gc          ] GC(35) Concurrent class unloading 20.192ms
[2026-04-03T02:24:40.610+0600][43.114s][info][gc,start    ] GC(35) Concurrent strong roots
[2026-04-03T02:24:40.610+0600][43.114s][info][gc,task     ] GC(35) Using 3 of 6 workers for concurrent strong root
[2026-04-03T02:24:40.612+0600][43.115s][info][gc          ] GC(35) Concurrent strong roots 1.412ms
[2026-04-03T02:24:40.612+0600][43.115s][info][gc,start    ] GC(35) Concurrent evacuation
[2026-04-03T02:24:40.612+0600][43.115s][info][gc,task     ] GC(35) Using 3 of 6 workers for concurrent evacuation
[2026-04-03T02:24:40.616+0600][43.120s][info][gc          ] GC(35) Concurrent evacuation 4.392ms
[2026-04-03T02:24:40.617+0600][43.120s][info][gc,start    ] GC(35) Pause Init Update Refs
[2026-04-03T02:24:40.617+0600][43.120s][info][gc,ergo     ] GC(35) Pacer for Update Refs. Used: 298M, Free: 653M, Non-Taxable: 66948K, Alloc Tax Rate: 1.1x
[2026-04-03T02:24:40.617+0600][43.120s][info][gc          ] GC(35) Pause Init Update Refs 0.081ms
[2026-04-03T02:24:40.617+0600][43.120s][info][gc,start    ] GC(35) Concurrent update references
[2026-04-03T02:24:40.617+0600][43.120s][info][gc,task     ] GC(35) Using 3 of 6 workers for concurrent reference update
[2026-04-03T02:24:40.666+0600][43.170s][info][gc          ] GC(35) Concurrent update references 49.632ms
[2026-04-03T02:24:40.666+0600][43.170s][info][gc,start    ] GC(35) Concurrent update thread roots
[2026-04-03T02:24:40.668+0600][43.171s][info][gc          ] GC(35) Concurrent update thread roots 1.606ms
[2026-04-03T02:24:40.668+0600][43.172s][info][gc,start    ] GC(35) Pause Final Update Refs
[2026-04-03T02:24:40.668+0600][43.172s][info][gc,task     ] GC(35) Using 6 of 6 workers for final reference update
[2026-04-03T02:24:40.669+0600][43.172s][info][gc          ] GC(35) Pause Final Update Refs 0.239ms
[2026-04-03T02:24:40.669+0600][43.172s][info][gc,start    ] GC(35) Concurrent cleanup
[2026-04-03T02:24:40.669+0600][43.173s][info][gc          ] GC(35) Concurrent cleanup 340M->196M(844M) 0.815ms
[2026-04-03T02:24:40.670+0600][43.173s][info][gc,ergo     ] Free: 744M, Max: 256K regular, 258M humongous, Frag: 66% external, 0% internal; Reserve: 51200K, Max: 256K
[2026-04-03T02:24:40.670+0600][43.173s][info][gc,stats    ] 
[2026-04-03T02:24:40.670+0600][43.173s][info][gc,stats    ] All times are wall-clock times, except per-root-class counters, that are sum over
[2026-04-03T02:24:40.670+0600][43.173s][info][gc,stats    ] all workers. Dividing the <total> over the root stage time estimates parallelism.
[2026-04-03T02:24:40.670+0600][43.173s][info][gc,stats    ] 
[2026-04-03T02:24:40.670+0600][43.173s][info][gc,stats    ] Concurrent Reset                   1210 us
[2026-04-03T02:24:40.670+0600][43.173s][info][gc,stats    ] Pause Init Mark (G)                 834 us
[2026-04-03T02:24:40.670+0600][43.173s][info][gc,stats    ] Pause Init Mark (N)                 346 us
[2026-04-03T02:24:40.670+0600][43.173s][info][gc,stats    ]   Update Region States              106 us
[2026-04-03T02:24:40.670+0600][43.173s][info][gc,stats    ] Concurrent Mark Roots              2289 us, parallelism: 1.32x
[2026-04-03T02:24:40.670+0600][43.173s][info][gc,stats    ]   CMR: <total>                     3024 us
[2026-04-03T02:24:40.670+0600][43.173s][info][gc,stats    ]   CMR: Thread Roots                2450 us, workers (us): 975, 1475,   0, ---, ---, ---, 
[2026-04-03T02:24:40.670+0600][43.173s][info][gc,stats    ]   CMR: VM Strong Roots               71 us, workers (us):  48,  23,   0, ---, ---, ---, 
[2026-04-03T02:24:40.670+0600][43.173s][info][gc,stats    ]   CMR: CLDG Roots                   503 us, workers (us): 503, ---, ---, ---, ---, ---, 
[2026-04-03T02:24:40.670+0600][43.173s][info][gc,stats    ] Concurrent Marking                70603 us
[2026-04-03T02:24:40.670+0600][43.173s][info][gc,stats    ] Pause Final Mark (G)               1474 us
[2026-04-03T02:24:40.670+0600][43.173s][info][gc,stats    ] Pause Final Mark (N)               1125 us
[2026-04-03T02:24:40.670+0600][43.173s][info][gc,stats    ]   Finish Mark                       282 us
[2026-04-03T02:24:40.670+0600][43.173s][info][gc,stats    ]   Update Region States               77 us
[2026-04-03T02:24:40.670+0600][43.173s][info][gc,stats    ]   Choose Collection Set             510 us
[2026-04-03T02:24:40.670+0600][43.173s][info][gc,stats    ]   Rebuild Free Set                   70 us
[2026-04-03T02:24:40.670+0600][43.173s][info][gc,stats    ] Concurrent Thread Roots            1489 us, parallelism: 2.23x
[2026-04-03T02:24:40.670+0600][43.173s][info][gc,stats    ]   CTR: <total>                     3327 us
[2026-04-03T02:24:40.670+0600][43.173s][info][gc,stats    ]   CTR: Thread Roots                3327 us, workers (us): 1152, 1090, 1085, ---, ---, ---, 
[2026-04-03T02:24:40.670+0600][43.173s][info][gc,stats    ] Concurrent Weak References         1135 us, parallelism: 1.12x
[2026-04-03T02:24:40.670+0600][43.173s][info][gc,stats    ]   CWRF: <total>                    1273 us
[2026-04-03T02:24:40.670+0600][43.173s][info][gc,stats    ]   CWRF: Weak References            1273 us, workers (us): 429, 844,   0, ---, ---, ---, 
[2026-04-03T02:24:40.670+0600][43.173s][info][gc,stats    ] Concurrent Weak Roots              5669 us
[2026-04-03T02:24:40.670+0600][43.173s][info][gc,stats    ]   Roots                            5058 us, parallelism: 2.67x
[2026-04-03T02:24:40.670+0600][43.173s][info][gc,stats    ]     CWR: <total>                  13483 us
[2026-04-03T02:24:40.670+0600][43.173s][info][gc,stats    ]     CWR: Code Cache Roots         10409 us, workers (us): 3592, 3394, 3423, ---, ---, ---, 
[2026-04-03T02:24:40.670+0600][43.173s][info][gc,stats    ]     CWR: VM Weak Roots             2953 us, workers (us): 1025, 990, 937, ---, ---, ---, 
[2026-04-03T02:24:40.670+0600][43.173s][info][gc,stats    ]     CWR: CLDG Roots                 121 us, workers (us): ---, ---, 121, ---, ---, ---, 
[2026-04-03T02:24:40.670+0600][43.173s][info][gc,stats    ]   Rendezvous                        459 us
[2026-04-03T02:24:40.670+0600][43.173s][info][gc,stats    ] Concurrent Cleanup                 1132 us
[2026-04-03T02:24:40.670+0600][43.173s][info][gc,stats    ] Concurrent Class Unloading        20288 us
[2026-04-03T02:24:40.670+0600][43.173s][info][gc,stats    ]   Unlink Stale                    17679 us
[2026-04-03T02:24:40.670+0600][43.173s][info][gc,stats    ]     System Dictionary               358 us
[2026-04-03T02:24:40.670+0600][43.173s][info][gc,stats    ]     Weak Class Links                  0 us
[2026-04-03T02:24:40.670+0600][43.173s][info][gc,stats    ]     Code Roots                    17316 us
[2026-04-03T02:24:40.670+0600][43.173s][info][gc,stats    ]   Rendezvous                        573 us
[2026-04-03T02:24:40.670+0600][43.173s][info][gc,stats    ]   Purge Unlinked                   1890 us
[2026-04-03T02:24:40.670+0600][43.173s][info][gc,stats    ]     Code Roots                     1879 us
[2026-04-03T02:24:40.670+0600][43.173s][info][gc,stats    ]     CLDG                             10 us
[2026-04-03T02:24:40.670+0600][43.173s][info][gc,stats    ]     Exception Caches                  0 us
[2026-04-03T02:24:40.670+0600][43.173s][info][gc,stats    ] Concurrent Strong Roots            1507 us, parallelism: 0.60x
[2026-04-03T02:24:40.670+0600][43.173s][info][gc,stats    ]   CSR: <total>                      899 us
[2026-04-03T02:24:40.670+0600][43.173s][info][gc,stats    ]   CSR: VM Strong Roots               52 us, workers (us):  46,   6,   0, ---, ---, ---, 
[2026-04-03T02:24:40.670+0600][43.173s][info][gc,stats    ]   CSR: CLDG Roots                   846 us, workers (us): 846, ---, ---, ---, ---, ---, 
[2026-04-03T02:24:40.670+0600][43.173s][info][gc,stats    ] Concurrent Evacuation              4520 us
[2026-04-03T02:24:40.670+0600][43.173s][info][gc,stats    ] Pause Init Update Refs (G)          368 us
[2026-04-03T02:24:40.670+0600][43.173s][info][gc,stats    ] Pause Init Update Refs (N)           99 us
[2026-04-03T02:24:40.670+0600][43.174s][info][gc,stats    ]   Manage GCLABs                      39 us
[2026-04-03T02:24:40.670+0600][43.174s][info][gc,stats    ] Concurrent Update Refs            49737 us
[2026-04-03T02:24:40.670+0600][43.174s][info][gc,stats    ] Concurrent Update Thread Roots     1679 us
[2026-04-03T02:24:40.670+0600][43.174s][info][gc,stats    ] Pause Final Update Refs (G)         469 us
[2026-04-03T02:24:40.670+0600][43.174s][info][gc,stats    ] Pause Final Update Refs (N)         255 us
[2026-04-03T02:24:40.670+0600][43.174s][info][gc,stats    ]   Update Region States               62 us
[2026-04-03T02:24:40.670+0600][43.174s][info][gc,stats    ]   Trash Collection Set               23 us
[2026-04-03T02:24:40.670+0600][43.174s][info][gc,stats    ]   Rebuild Free Set                   56 us
[2026-04-03T02:24:40.670+0600][43.174s][info][gc,stats    ] Concurrent Cleanup                  851 us
[2026-04-03T02:24:40.670+0600][43.174s][info][gc,stats    ] Pacing                           128456 us
[2026-04-03T02:24:40.670+0600][43.174s][info][gc,stats    ] 
[2026-04-03T02:24:40.670+0600][43.174s][info][gc,stats    ] Allocation pacing accrued:
[2026-04-03T02:24:40.670+0600][43.174s][info][gc,stats    ]      11 of   874 ms (  1.2%): Executor task launch worker for task 1.0 in stage 913.0 (TID 1902)
[2026-04-03T02:24:40.670+0600][43.174s][info][gc,stats    ]      11 of   874 ms (  1.3%): Executor task launch worker for task 3.0 in stage 913.0 (TID 1904)
[2026-04-03T02:24:40.670+0600][43.174s][info][gc,stats    ]      21 of   874 ms (  2.4%): Executor task launch worker for task 0.0 in stage 913.0 (TID 1901)
[2026-04-03T02:24:40.670+0600][43.174s][info][gc,stats    ]      21 of   874 ms (  2.5%): Executor task launch worker for task 2.0 in stage 913.0 (TID 1903)
[2026-04-03T02:24:40.670+0600][43.174s][info][gc,stats    ]      21 of   874 ms (  2.4%): Executor task launch worker for task 7.0 in stage 913.0 (TID 1908)
[2026-04-03T02:24:40.670+0600][43.174s][info][gc,stats    ]      11 of   874 ms (  1.3%): Executor task launch worker for task 5.0 in stage 913.0 (TID 1906)
[2026-04-03T02:24:40.670+0600][43.174s][info][gc,stats    ]      10 of   874 ms (  1.2%): Executor task launch worker for task 6.0 in stage 913.0 (TID 1907)
[2026-04-03T02:24:40.670+0600][43.174s][info][gc,stats    ]      21 of   874 ms (  2.4%): Executor task launch worker for task 4.0 in stage 913.0 (TID 1905)
[2026-04-03T02:24:40.670+0600][43.174s][info][gc,stats    ]     128 of   874 ms ( 14.7%): <total>
[2026-04-03T02:24:40.670+0600][43.174s][info][gc,stats    ]       0 of   874 ms (  0.1%): <average total>
[2026-04-03T02:24:40.670+0600][43.174s][info][gc,stats    ]      16 of   874 ms (  1.8%): <average non-zero>
[2026-04-03T02:24:40.670+0600][43.174s][info][gc,stats    ] 
[2026-04-03T02:24:40.671+0600][43.174s][info][gc,metaspace] Metaspace: 130600K(131840K)->130601K(131840K) NonClass: 114157K(114816K)->114158K(114816K) Class: 16442K(17024K)->16442K(17024K)
[2026-04-03T02:24:40.671+0600][43.174s][info][gc,ergo     ] Pacer for Idle. Initial: 20480K, Alloc Tax Rate: 1.0x
[2026-04-03T02:24:41.199+0600][43.702s][info][gc          ] Trigger: Average GC time (200.78 ms) is above the time for average allocation rate (958 MB/s) to deplete free headroom (192M) (margin of error = 1.85)
[2026-04-03T02:24:41.199+0600][43.702s][info][gc,ergo     ] Free headroom: 242M (free) - 51200K (spike) - 0B (penalties) = 192M
[2026-04-03T02:24:41.199+0600][43.702s][info][gc,ergo     ] Free: 242M, Max: 256K regular, 173M humongous, Frag: 29% external, 0% internal; Reserve: 51200K, Max: 256K
[2026-04-03T02:24:41.199+0600][43.702s][info][gc,start    ] GC(36) Concurrent reset
[2026-04-03T02:24:41.199+0600][43.702s][info][gc,task     ] GC(36) Using 3 of 6 workers for concurrent reset
[2026-04-03T02:24:41.199+0600][43.702s][info][gc,ergo     ] GC(36) Pacer for Reset. Non-Taxable: 1000M
[2026-04-03T02:24:41.200+0600][43.703s][info][gc          ] GC(36) Concurrent reset 1.009ms
[2026-04-03T02:24:41.200+0600][43.704s][info][gc,start    ] GC(36) Pause Init Mark (unload classes)
[2026-04-03T02:24:41.200+0600][43.704s][info][gc,task     ] GC(36) Using 6 of 6 workers for init marking
[2026-04-03T02:24:41.200+0600][43.704s][info][gc,ergo     ] GC(36) Pacer for Mark. Expected Live: 89791K, Free: 242M, Non-Taxable: 24814K, Alloc Tax Rate: 0.4x
[2026-04-03T02:24:41.200+0600][43.704s][info][gc          ] GC(36) Pause Init Mark (unload classes) 0.156ms
[2026-04-03T02:24:41.201+0600][43.704s][info][gc,start    ] GC(36) Concurrent marking roots
[2026-04-03T02:24:41.201+0600][43.704s][info][gc,task     ] GC(36) Using 3 of 6 workers for concurrent marking roots
[2026-04-03T02:24:41.202+0600][43.705s][info][gc          ] GC(36) Concurrent marking roots 1.108ms
[2026-04-03T02:24:41.202+0600][43.705s][info][gc,start    ] GC(36) Concurrent marking (unload classes)
[2026-04-03T02:24:41.202+0600][43.705s][info][gc,task     ] GC(36) Using 3 of 6 workers for concurrent marking
[2026-04-03T02:24:41.251+0600][43.755s][info][gc          ] GC(36) Concurrent marking (unload classes) 49.579ms
[2026-04-03T02:24:41.251+0600][43.755s][info][gc,start    ] GC(36) Pause Final Mark (unload classes)
[2026-04-03T02:24:41.252+0600][43.755s][info][gc,task     ] GC(36) Using 6 of 6 workers for final marking
[2026-04-03T02:24:41.252+0600][43.755s][info][gc,ergo     ] GC(36) Adaptive CSet Selection. Target Free: 141M, Actual Free: 731M, Max CSet: 42666K, Min Garbage: 0B
[2026-04-03T02:24:41.252+0600][43.756s][info][gc,ergo     ] GC(36) Collectable Garbage: 574M (98%), Immediate: 463M (79%), CSet: 110M (19%)
[2026-04-03T02:24:41.252+0600][43.756s][info][gc,ergo     ] GC(36) Pacer for Evacuation. Used CSet: 114M, Free: 717M, Non-Taxable: 73432K, Alloc Tax Rate: 1.1x
[2026-04-03T02:24:41.252+0600][43.756s][info][gc          ] GC(36) Pause Final Mark (unload classes) 0.973ms
[2026-04-03T02:24:41.253+0600][43.756s][info][gc,start    ] GC(36) Concurrent thread roots
[2026-04-03T02:24:41.253+0600][43.756s][info][gc,task     ] GC(36) Using 3 of 6 workers for Concurrent thread roots
[2026-04-03T02:24:41.254+0600][43.757s][info][gc          ] GC(36) Concurrent thread roots 0.924ms
[2026-04-03T02:24:41.254+0600][43.757s][info][gc,start    ] GC(36) Concurrent weak references
[2026-04-03T02:24:41.254+0600][43.757s][info][gc,task     ] GC(36) Using 3 of 6 workers for concurrent weak references
[2026-04-03T02:24:41.254+0600][43.758s][info][gc,ref      ] GC(36) Encountered references: Soft: 3864, Weak: 16078, Final: 84, Phantom: 620
[2026-04-03T02:24:41.255+0600][43.758s][info][gc,ref      ] GC(36) Discovered  references: Soft: 0, Weak: 9205, Final: 48, Phantom: 615
[2026-04-03T02:24:41.255+0600][43.758s][info][gc,ref      ] GC(36) Enqueued    references: Soft: 0, Weak: 1578, Final: 0, Phantom: 0
[2026-04-03T02:24:41.255+0600][43.758s][info][gc          ] GC(36) Concurrent weak references 0.945ms
[2026-04-03T02:24:41.255+0600][43.758s][info][gc,start    ] GC(36) Concurrent weak roots
[2026-04-03T02:24:41.255+0600][43.758s][info][gc,task     ] GC(36) Using 3 of 6 workers for concurrent weak root
[2026-04-03T02:24:41.259+0600][43.762s][info][gc          ] GC(36) Concurrent weak roots 4.130ms
[2026-04-03T02:24:41.259+0600][43.762s][info][gc,start    ] GC(36) Concurrent cleanup
[2026-04-03T02:24:41.260+0600][43.763s][info][gc          ] GC(36) Concurrent cleanup 694M->230M(844M) 0.818ms
[2026-04-03T02:24:41.260+0600][43.763s][info][gc,ergo     ] GC(36) Free: 715M, Max: 256K regular, 174M humongous, Frag: 76% external, 0% internal; Reserve: 50941K, Max: 256K
[2026-04-03T02:24:41.260+0600][43.763s][info][gc,start    ] GC(36) Concurrent class unloading
[2026-04-03T02:24:41.260+0600][43.763s][info][gc,task     ] GC(36) Using 3 of 6 workers for concurrent class unloading
[2026-04-03T02:24:41.276+0600][43.780s][info][gc          ] GC(36) Concurrent class unloading 16.414ms
[2026-04-03T02:24:41.276+0600][43.780s][info][gc,start    ] GC(36) Concurrent strong roots
[2026-04-03T02:24:41.276+0600][43.780s][info][gc,task     ] GC(36) Using 3 of 6 workers for concurrent strong root
[2026-04-03T02:24:41.278+0600][43.781s][info][gc          ] GC(36) Concurrent strong roots 1.461ms
[2026-04-03T02:24:41.278+0600][43.781s][info][gc,start    ] GC(36) Concurrent evacuation
[2026-04-03T02:24:41.278+0600][43.781s][info][gc,task     ] GC(36) Using 3 of 6 workers for concurrent evacuation
[2026-04-03T02:24:41.280+0600][43.783s][info][gc          ] GC(36) Concurrent evacuation 2.291ms
[2026-04-03T02:24:41.280+0600][43.784s][info][gc,start    ] GC(36) Pause Init Update Refs
[2026-04-03T02:24:41.281+0600][43.784s][info][gc,ergo     ] GC(36) Pacer for Update Refs. Used: 240M, Free: 709M, Non-Taxable: 72648K, Alloc Tax Rate: 1.1x
[2026-04-03T02:24:41.281+0600][43.784s][info][gc          ] GC(36) Pause Init Update Refs 0.175ms
[2026-04-03T02:24:41.281+0600][43.784s][info][gc,start    ] GC(36) Concurrent update references
[2026-04-03T02:24:41.281+0600][43.784s][info][gc,task     ] GC(36) Using 3 of 6 workers for concurrent reference update
[2026-04-03T02:24:41.321+0600][43.824s][info][gc          ] GC(36) Concurrent update references 40.275ms
[2026-04-03T02:24:41.321+0600][43.824s][info][gc,start    ] GC(36) Concurrent update thread roots
[2026-04-03T02:24:41.322+0600][43.826s][info][gc          ] GC(36) Concurrent update thread roots 1.416ms
[2026-04-03T02:24:41.323+0600][43.826s][info][gc,start    ] GC(36) Pause Final Update Refs
[2026-04-03T02:24:41.323+0600][43.826s][info][gc,task     ] GC(36) Using 6 of 6 workers for final reference update
[2026-04-03T02:24:41.323+0600][43.826s][info][gc          ] GC(36) Pause Final Update Refs 0.212ms
[2026-04-03T02:24:41.323+0600][43.826s][info][gc,start    ] GC(36) Concurrent cleanup
[2026-04-03T02:24:41.324+0600][43.827s][info][gc          ] GC(36) Concurrent cleanup 261M->147M(844M) 0.921ms
[2026-04-03T02:24:41.324+0600][43.827s][info][gc,ergo     ] Free: 798M, Max: 256K regular, 259M humongous, Frag: 68% external, 0% internal; Reserve: 51200K, Max: 256K
[2026-04-03T02:24:41.324+0600][43.828s][info][gc,stats    ] 
[2026-04-03T02:24:41.324+0600][43.828s][info][gc,stats    ] All times are wall-clock times, except per-root-class counters, that are sum over
[2026-04-03T02:24:41.324+0600][43.828s][info][gc,stats    ] all workers. Dividing the <total> over the root stage time estimates parallelism.
[2026-04-03T02:24:41.324+0600][43.828s][info][gc,stats    ] 
[2026-04-03T02:24:41.324+0600][43.828s][info][gc,stats    ] Concurrent Reset                   1077 us
[2026-04-03T02:24:41.324+0600][43.828s][info][gc,stats    ] Pause Init Mark (G)                 468 us
[2026-04-03T02:24:41.324+0600][43.828s][info][gc,stats    ] Pause Init Mark (N)                 163 us
[2026-04-03T02:24:41.324+0600][43.828s][info][gc,stats    ]   Update Region States               37 us
[2026-04-03T02:24:41.324+0600][43.828s][info][gc,stats    ] Concurrent Mark Roots              1144 us, parallelism: 1.78x
[2026-04-03T02:24:41.324+0600][43.828s][info][gc,stats    ]   CMR: <total>                     2032 us
[2026-04-03T02:24:41.324+0600][43.828s][info][gc,stats    ]   CMR: Thread Roots                1837 us, workers (us): 672, 507, 658, ---, ---, ---, 
[2026-04-03T02:24:41.324+0600][43.828s][info][gc,stats    ]   CMR: VM Strong Roots               33 us, workers (us):  28,   5,   0, ---, ---, ---, 
[2026-04-03T02:24:41.324+0600][43.828s][info][gc,stats    ]   CMR: CLDG Roots                   163 us, workers (us): ---, 163, ---, ---, ---, ---, 
[2026-04-03T02:24:41.324+0600][43.828s][info][gc,stats    ] Concurrent Marking                49655 us
[2026-04-03T02:24:41.324+0600][43.828s][info][gc,stats    ] Pause Final Mark (G)               1336 us
[2026-04-03T02:24:41.324+0600][43.828s][info][gc,stats    ] Pause Final Mark (N)               1008 us
[2026-04-03T02:24:41.324+0600][43.828s][info][gc,stats    ]   Finish Mark                       364 us
[2026-04-03T02:24:41.324+0600][43.828s][info][gc,stats    ]   Update Region States               70 us
[2026-04-03T02:24:41.324+0600][43.828s][info][gc,stats    ]   Choose Collection Set             328 us
[2026-04-03T02:24:41.324+0600][43.828s][info][gc,stats    ]   Rebuild Free Set                   56 us
[2026-04-03T02:24:41.325+0600][43.828s][info][gc,stats    ] Concurrent Thread Roots             968 us, parallelism: 2.02x
[2026-04-03T02:24:41.325+0600][43.828s][info][gc,stats    ]   CTR: <total>                     1957 us
[2026-04-03T02:24:41.325+0600][43.828s][info][gc,stats    ]   CTR: Thread Roots                1957 us, workers (us): 681, 652, 624, ---, ---, ---, 
[2026-04-03T02:24:41.325+0600][43.828s][info][gc,stats    ] Concurrent Weak References          962 us, parallelism: 1.08x
[2026-04-03T02:24:41.325+0600][43.828s][info][gc,stats    ]   CWRF: <total>                    1036 us
[2026-04-03T02:24:41.325+0600][43.828s][info][gc,stats    ]   CWRF: Weak References            1036 us, workers (us): 293, 622, 120, ---, ---, ---, 
[2026-04-03T02:24:41.325+0600][43.828s][info][gc,stats    ] Concurrent Weak Roots              4234 us
[2026-04-03T02:24:41.325+0600][43.828s][info][gc,stats    ]   Roots                            3781 us, parallelism: 2.69x
[2026-04-03T02:24:41.325+0600][43.828s][info][gc,stats    ]     CWR: <total>                  10167 us
[2026-04-03T02:24:41.325+0600][43.828s][info][gc,stats    ]     CWR: Code Cache Roots          8184 us, workers (us): 2678, 2759, 2746, ---, ---, ---, 
[2026-04-03T02:24:41.325+0600][43.828s][info][gc,stats    ]     CWR: VM Weak Roots             1862 us, workers (us): 666, 632, 563, ---, ---, ---, 
[2026-04-03T02:24:41.325+0600][43.828s][info][gc,stats    ]     CWR: CLDG Roots                 122 us, workers (us): 122, ---, ---, ---, ---, ---, 
[2026-04-03T02:24:41.325+0600][43.828s][info][gc,stats    ]   Rendezvous                        315 us
[2026-04-03T02:24:41.325+0600][43.828s][info][gc,stats    ] Concurrent Cleanup                  873 us
[2026-04-03T02:24:41.325+0600][43.828s][info][gc,stats    ] Concurrent Class Unloading        16510 us
[2026-04-03T02:24:41.325+0600][43.828s][info][gc,stats    ]   Unlink Stale                    13469 us
[2026-04-03T02:24:41.325+0600][43.828s][info][gc,stats    ]     System Dictionary               310 us
[2026-04-03T02:24:41.325+0600][43.828s][info][gc,stats    ]     Weak Class Links                  0 us
[2026-04-03T02:24:41.325+0600][43.828s][info][gc,stats    ]     Code Roots                    13154 us
[2026-04-03T02:24:41.325+0600][43.828s][info][gc,stats    ]   Rendezvous                        451 us
[2026-04-03T02:24:41.325+0600][43.828s][info][gc,stats    ]   Purge Unlinked                   2452 us
[2026-04-03T02:24:41.325+0600][43.828s][info][gc,stats    ]     Code Roots                     2434 us
[2026-04-03T02:24:41.325+0600][43.828s][info][gc,stats    ]     CLDG                             16 us
[2026-04-03T02:24:41.325+0600][43.828s][info][gc,stats    ]     Exception Caches                  0 us
[2026-04-03T02:24:41.325+0600][43.828s][info][gc,stats    ] Concurrent Strong Roots            1527 us, parallelism: 0.67x
[2026-04-03T02:24:41.325+0600][43.828s][info][gc,stats    ]   CSR: <total>                     1016 us
[2026-04-03T02:24:41.325+0600][43.828s][info][gc,stats    ]   CSR: VM Strong Roots              108 us, workers (us):  44,  36,  27, ---, ---, ---, 
[2026-04-03T02:24:41.325+0600][43.828s][info][gc,stats    ]   CSR: CLDG Roots                   908 us, workers (us): 908, ---, ---, ---, ---, ---, 
[2026-04-03T02:24:41.325+0600][43.828s][info][gc,stats    ] Concurrent Evacuation              2370 us
[2026-04-03T02:24:41.325+0600][43.828s][info][gc,stats    ] Pause Init Update Refs (G)          445 us
[2026-04-03T02:24:41.325+0600][43.828s][info][gc,stats    ] Pause Init Update Refs (N)          192 us
[2026-04-03T02:24:41.325+0600][43.828s][info][gc,stats    ]   Manage GCLABs                      58 us
[2026-04-03T02:24:41.325+0600][43.828s][info][gc,stats    ] Concurrent Update Refs            40379 us
[2026-04-03T02:24:41.325+0600][43.828s][info][gc,stats    ] Concurrent Update Thread Roots     1516 us
[2026-04-03T02:24:41.325+0600][43.828s][info][gc,stats    ] Pause Final Update Refs (G)         606 us
[2026-04-03T02:24:41.325+0600][43.828s][info][gc,stats    ] Pause Final Update Refs (N)         229 us
[2026-04-03T02:24:41.325+0600][43.828s][info][gc,stats    ]   Update Region States               73 us
[2026-04-03T02:24:41.325+0600][43.828s][info][gc,stats    ]   Trash Collection Set               22 us
[2026-04-03T02:24:41.325+0600][43.828s][info][gc,stats    ]   Rebuild Free Set                   56 us
[2026-04-03T02:24:41.325+0600][43.828s][info][gc,stats    ] Concurrent Cleanup                  964 us
[2026-04-03T02:24:41.325+0600][43.828s][info][gc,stats    ] 
[2026-04-03T02:24:41.325+0600][43.828s][info][gc,stats    ] Allocation pacing accrued:
[2026-04-03T02:24:41.325+0600][43.828s][info][gc,stats    ]       0 of   655 ms (  0.0%): <total>
[2026-04-03T02:24:41.325+0600][43.828s][info][gc,stats    ]       0 of   655 ms (  0.0%): <average total>
[2026-04-03T02:24:41.325+0600][43.828s][info][gc,stats    ] 
[2026-04-03T02:24:41.325+0600][43.828s][info][gc,metaspace] Metaspace: 130610K(131840K)->130693K(131904K) NonClass: 114167K(114816K)->114240K(114880K) Class: 16442K(17024K)->16452K(17024K)
[2026-04-03T02:24:41.325+0600][43.828s][info][gc,ergo     ] Pacer for Idle. Initial: 20480K, Alloc Tax Rate: 1.0x
[2026-04-03T02:24:41.678+0600][44.181s][info][gc          ] Trigger: Average GC time (177.62 ms) is above the time for average allocation rate (1037 MB/s) to deplete free headroom (179M) (margin of error = 1.84)
[2026-04-03T02:24:41.678+0600][44.181s][info][gc,ergo     ] Free headroom: 229M (free) - 51200K (spike) - 0B (penalties) = 179M
[2026-04-03T02:24:41.678+0600][44.181s][info][gc,ergo     ] Free: 229M, Max: 256K regular, 229M humongous, Frag: 0% external, 0% internal; Reserve: 51200K, Max: 256K
[2026-04-03T02:24:41.678+0600][44.181s][info][gc,start    ] GC(37) Concurrent reset
[2026-04-03T02:24:41.678+0600][44.181s][info][gc,task     ] GC(37) Using 3 of 6 workers for concurrent reset
[2026-04-03T02:24:41.678+0600][44.181s][info][gc,ergo     ] GC(37) Pacer for Reset. Non-Taxable: 1000M
[2026-04-03T02:24:41.679+0600][44.183s][info][gc          ] GC(37) Concurrent reset 1.282ms
[2026-04-03T02:24:41.680+0600][44.183s][info][gc,start    ] GC(37) Pause Init Mark (unload classes)
[2026-04-03T02:24:41.680+0600][44.183s][info][gc,task     ] GC(37) Using 6 of 6 workers for init marking
[2026-04-03T02:24:41.680+0600][44.183s][info][gc,ergo     ] GC(37) Pacer for Mark. Expected Live: 90200K, Free: 206M, Non-Taxable: 21144K, Alloc Tax Rate: 0.5x
[2026-04-03T02:24:41.680+0600][44.183s][info][gc          ] GC(37) Pause Init Mark (unload classes) 0.145ms
[2026-04-03T02:24:41.680+0600][44.183s][info][gc,start    ] GC(37) Concurrent marking roots
[2026-04-03T02:24:41.680+0600][44.183s][info][gc,task     ] GC(37) Using 3 of 6 workers for concurrent marking roots
[2026-04-03T02:24:41.682+0600][44.185s][info][gc          ] GC(37) Concurrent marking roots 1.743ms
[2026-04-03T02:24:41.682+0600][44.185s][info][gc,start    ] GC(37) Concurrent marking (unload classes)
[2026-04-03T02:24:41.682+0600][44.185s][info][gc,task     ] GC(37) Using 3 of 6 workers for concurrent marking
[2026-04-03T02:24:41.722+0600][44.225s][info][gc          ] GC(37) Concurrent marking (unload classes) 40.029ms
[2026-04-03T02:24:41.722+0600][44.226s][info][gc,start    ] GC(37) Pause Final Mark (unload classes)
[2026-04-03T02:24:41.723+0600][44.226s][info][gc,task     ] GC(37) Using 6 of 6 workers for final marking
[2026-04-03T02:24:41.723+0600][44.226s][info][gc,ergo     ] GC(37) Adaptive CSet Selection. Target Free: 141M, Actual Free: 733M, Max CSet: 42666K, Min Garbage: 0B
[2026-04-03T02:24:41.723+0600][44.226s][info][gc,ergo     ] GC(37) Collectable Garbage: 601M (98%), Immediate: 538M (88%), CSet: 64374K (10%)
[2026-04-03T02:24:41.723+0600][44.227s][info][gc,ergo     ] GC(37) Pacer for Evacuation. Used CSet: 70897K, Free: 713M, Non-Taxable: 73019K, Alloc Tax Rate: 1.1x
[2026-04-03T02:24:41.723+0600][44.227s][info][gc          ] GC(37) Pause Final Mark (unload classes) 0.733ms
[2026-04-03T02:24:41.723+0600][44.227s][info][gc,start    ] GC(37) Concurrent thread roots
[2026-04-03T02:24:41.723+0600][44.227s][info][gc,task     ] GC(37) Using 3 of 6 workers for Concurrent thread roots
[2026-04-03T02:24:41.724+0600][44.227s][info][gc          ] GC(37) Concurrent thread roots 0.801ms
[2026-04-03T02:24:41.724+0600][44.227s][info][gc,start    ] GC(37) Concurrent weak references
[2026-04-03T02:24:41.724+0600][44.227s][info][gc,task     ] GC(37) Using 3 of 6 workers for concurrent weak references
[2026-04-03T02:24:41.725+0600][44.228s][info][gc,ref      ] GC(37) Encountered references: Soft: 3869, Weak: 15384, Final: 84, Phantom: 641
[2026-04-03T02:24:41.725+0600][44.228s][info][gc,ref      ] GC(37) Discovered  references: Soft: 0, Weak: 3689, Final: 0, Phantom: 244
[2026-04-03T02:24:41.725+0600][44.228s][info][gc,ref      ] GC(37) Enqueued    references: Soft: 0, Weak: 771, Final: 0, Phantom: 0
[2026-04-03T02:24:41.725+0600][44.228s][info][gc          ] GC(37) Concurrent weak references 0.452ms
[2026-04-03T02:24:41.725+0600][44.228s][info][gc,start    ] GC(37) Concurrent weak roots
[2026-04-03T02:24:41.725+0600][44.228s][info][gc,task     ] GC(37) Using 3 of 6 workers for concurrent weak root
[2026-04-03T02:24:41.729+0600][44.233s][info][gc          ] GC(37) Concurrent weak roots 4.730ms
[2026-04-03T02:24:41.729+0600][44.233s][info][gc,start    ] GC(37) Concurrent cleanup
[2026-04-03T02:24:41.730+0600][44.234s][info][gc          ] GC(37) Concurrent cleanup 789M->251M(844M) 0.978ms
[2026-04-03T02:24:41.731+0600][44.234s][info][gc,ergo     ] GC(37) Free: 693M, Max: 256K regular, 126M humongous, Frag: 82% external, 0% internal; Reserve: 48103K, Max: 256K
[2026-04-03T02:24:41.731+0600][44.234s][info][gc,start    ] GC(37) Concurrent class unloading
[2026-04-03T02:24:41.731+0600][44.234s][info][gc,task     ] GC(37) Using 3 of 6 workers for concurrent class unloading
[2026-04-03T02:24:41.753+0600][44.256s][info][gc          ] GC(37) Concurrent class unloading 22.024ms
[2026-04-03T02:24:41.753+0600][44.256s][info][gc,start    ] GC(37) Concurrent strong roots
[2026-04-03T02:24:41.753+0600][44.256s][info][gc,task     ] GC(37) Using 3 of 6 workers for concurrent strong root
[2026-04-03T02:24:41.754+0600][44.258s][info][gc          ] GC(37) Concurrent strong roots 1.633ms
[2026-04-03T02:24:41.755+0600][44.258s][info][gc,start    ] GC(37) Concurrent evacuation
[2026-04-03T02:24:41.755+0600][44.258s][info][gc,task     ] GC(37) Using 3 of 6 workers for concurrent evacuation
[2026-04-03T02:24:41.758+0600][44.262s][info][gc          ] GC(37) Concurrent evacuation 3.834ms
[2026-04-03T02:24:41.759+0600][44.262s][info][gc,start    ] GC(37) Pause Init Update Refs
[2026-04-03T02:24:41.759+0600][44.262s][info][gc,ergo     ] GC(37) Pacer for Update Refs. Used: 268M, Free: 680M, Non-Taxable: 69700K, Alloc Tax Rate: 1.1x
[2026-04-03T02:24:41.759+0600][44.262s][info][gc          ] GC(37) Pause Init Update Refs 0.122ms
[2026-04-03T02:24:41.763+0600][44.266s][info][gc,start    ] GC(37) Concurrent update references
[2026-04-03T02:24:41.763+0600][44.266s][info][gc,task     ] GC(37) Using 3 of 6 workers for concurrent reference update
[2026-04-03T02:24:41.810+0600][44.313s][info][gc          ] GC(37) Concurrent update references 46.934ms
[2026-04-03T02:24:41.810+0600][44.313s][info][gc,start    ] GC(37) Concurrent update thread roots
[2026-04-03T02:24:41.811+0600][44.315s][info][gc          ] GC(37) Concurrent update thread roots 1.258ms
[2026-04-03T02:24:41.812+0600][44.315s][info][gc,start    ] GC(37) Pause Final Update Refs
[2026-04-03T02:24:41.812+0600][44.315s][info][gc,task     ] GC(37) Using 6 of 6 workers for final reference update
[2026-04-03T02:24:41.812+0600][44.315s][info][gc          ] GC(37) Pause Final Update Refs 0.254ms
[2026-04-03T02:24:41.812+0600][44.315s][info][gc,start    ] GC(37) Concurrent cleanup
[2026-04-03T02:24:41.813+0600][44.316s][info][gc          ] GC(37) Concurrent cleanup 302M->233M(844M) 0.702ms
[2026-04-03T02:24:41.813+0600][44.316s][info][gc,ergo     ] Free: 706M, Max: 256K regular, 258M humongous, Frag: 64% external, 0% internal; Reserve: 51200K, Max: 256K
[2026-04-03T02:24:41.813+0600][44.316s][info][gc,stats    ] 
[2026-04-03T02:24:41.813+0600][44.316s][info][gc,stats    ] All times are wall-clock times, except per-root-class counters, that are sum over
[2026-04-03T02:24:41.813+0600][44.316s][info][gc,stats    ] all workers. Dividing the <total> over the root stage time estimates parallelism.
[2026-04-03T02:24:41.813+0600][44.316s][info][gc,stats    ] 
[2026-04-03T02:24:41.813+0600][44.316s][info][gc,stats    ] Concurrent Reset                   1346 us
[2026-04-03T02:24:41.813+0600][44.316s][info][gc,stats    ] Pause Init Mark (G)                 879 us
[2026-04-03T02:24:41.813+0600][44.316s][info][gc,stats    ] Pause Init Mark (N)                 156 us
[2026-04-03T02:24:41.813+0600][44.316s][info][gc,stats    ]   Update Region States               44 us
[2026-04-03T02:24:41.813+0600][44.316s][info][gc,stats    ] Concurrent Mark Roots              1818 us, parallelism: 2.11x
[2026-04-03T02:24:41.813+0600][44.316s][info][gc,stats    ]   CMR: <total>                     3834 us
[2026-04-03T02:24:41.813+0600][44.316s][info][gc,stats    ]   CMR: Thread Roots                3552 us, workers (us): 1035, 1251, 1266, ---, ---, ---, 
[2026-04-03T02:24:41.813+0600][44.316s][info][gc,stats    ]   CMR: VM Strong Roots               59 us, workers (us):  31,  18,   9, ---, ---, ---, 
[2026-04-03T02:24:41.813+0600][44.316s][info][gc,stats    ]   CMR: CLDG Roots                   222 us, workers (us): 222, ---, ---, ---, ---, ---, 
[2026-04-03T02:24:41.813+0600][44.316s][info][gc,stats    ] Concurrent Marking                40114 us
[2026-04-03T02:24:41.813+0600][44.316s][info][gc,stats    ] Pause Final Mark (G)               1240 us
[2026-04-03T02:24:41.813+0600][44.316s][info][gc,stats    ] Pause Final Mark (N)                745 us
[2026-04-03T02:24:41.813+0600][44.316s][info][gc,stats    ]   Finish Mark                       293 us
[2026-04-03T02:24:41.813+0600][44.316s][info][gc,stats    ]   Update Region States               88 us
[2026-04-03T02:24:41.813+0600][44.316s][info][gc,stats    ]   Choose Collection Set             211 us
[2026-04-03T02:24:41.813+0600][44.316s][info][gc,stats    ]   Rebuild Free Set                   41 us
[2026-04-03T02:24:41.813+0600][44.316s][info][gc,stats    ] Concurrent Thread Roots             835 us, parallelism: 2.43x
[2026-04-03T02:24:41.813+0600][44.316s][info][gc,stats    ]   CTR: <total>                     2033 us
[2026-04-03T02:24:41.813+0600][44.316s][info][gc,stats    ]   CTR: Thread Roots                2033 us, workers (us): 716, 697, 620, ---, ---, ---, 
[2026-04-03T02:24:41.813+0600][44.316s][info][gc,stats    ] Concurrent Weak References          463 us, parallelism: 1.02x
[2026-04-03T02:24:41.813+0600][44.316s][info][gc,stats    ]   CWRF: <total>                     472 us
[2026-04-03T02:24:41.813+0600][44.316s][info][gc,stats    ]   CWRF: Weak References             472 us, workers (us): 349,  74,  48, ---, ---, ---, 
[2026-04-03T02:24:41.813+0600][44.316s][info][gc,stats    ] Concurrent Weak Roots              4811 us
[2026-04-03T02:24:41.813+0600][44.316s][info][gc,stats    ]   Roots                            4163 us, parallelism: 2.70x
[2026-04-03T02:24:41.813+0600][44.316s][info][gc,stats    ]     CWR: <total>                  11256 us
[2026-04-03T02:24:41.813+0600][44.316s][info][gc,stats    ]     CWR: Code Cache Roots          8953 us, workers (us): 3065, 2929, 2958, ---, ---, ---, 
[2026-04-03T02:24:41.813+0600][44.316s][info][gc,stats    ]     CWR: VM Weak Roots             2177 us, workers (us): 734, 723, 719, ---, ---, ---, 
[2026-04-03T02:24:41.813+0600][44.316s][info][gc,stats    ]     CWR: CLDG Roots                 127 us, workers (us): ---, ---, 127, ---, ---, ---, 
[2026-04-03T02:24:41.813+0600][44.316s][info][gc,stats    ]   Rendezvous                        541 us
[2026-04-03T02:24:41.813+0600][44.316s][info][gc,stats    ] Concurrent Cleanup                 1033 us
[2026-04-03T02:24:41.813+0600][44.316s][info][gc,stats    ] Concurrent Class Unloading        22213 us
[2026-04-03T02:24:41.813+0600][44.316s][info][gc,stats    ]   Unlink Stale                    16793 us
[2026-04-03T02:24:41.813+0600][44.316s][info][gc,stats    ]     System Dictionary               383 us
[2026-04-03T02:24:41.813+0600][44.316s][info][gc,stats    ]     Weak Class Links                  0 us
[2026-04-03T02:24:41.813+0600][44.316s][info][gc,stats    ]     Code Roots                    16404 us
[2026-04-03T02:24:41.813+0600][44.316s][info][gc,stats    ]   Rendezvous                       2144 us
[2026-04-03T02:24:41.813+0600][44.316s][info][gc,stats    ]   Purge Unlinked                   2974 us
[2026-04-03T02:24:41.813+0600][44.316s][info][gc,stats    ]     Code Roots                     2958 us
[2026-04-03T02:24:41.813+0600][44.316s][info][gc,stats    ]     CLDG                             13 us
[2026-04-03T02:24:41.813+0600][44.316s][info][gc,stats    ]     Exception Caches                  1 us
[2026-04-03T02:24:41.813+0600][44.316s][info][gc,stats    ] Concurrent Strong Roots            1727 us, parallelism: 0.58x
[2026-04-03T02:24:41.813+0600][44.316s][info][gc,stats    ]   CSR: <total>                     1005 us
[2026-04-03T02:24:41.813+0600][44.316s][info][gc,stats    ]   CSR: VM Strong Roots               64 us, workers (us):  42,  22,   0, ---, ---, ---, 
[2026-04-03T02:24:41.813+0600][44.316s][info][gc,stats    ]   CSR: CLDG Roots                   941 us, workers (us): 941, ---, ---, ---, ---, ---, 
[2026-04-03T02:24:41.813+0600][44.316s][info][gc,stats    ] Concurrent Evacuation              3954 us
[2026-04-03T02:24:41.813+0600][44.316s][info][gc,stats    ] Pause Init Update Refs (G)         4560 us
[2026-04-03T02:24:41.813+0600][44.316s][info][gc,stats    ] Pause Init Update Refs (N)          135 us
[2026-04-03T02:24:41.813+0600][44.316s][info][gc,stats    ]   Manage GCLABs                      49 us
[2026-04-03T02:24:41.813+0600][44.316s][info][gc,stats    ] Concurrent Update Refs            47006 us
[2026-04-03T02:24:41.813+0600][44.316s][info][gc,stats    ] Concurrent Update Thread Roots     1309 us
[2026-04-03T02:24:41.813+0600][44.316s][info][gc,stats    ] Pause Final Update Refs (G)         597 us
[2026-04-03T02:24:41.813+0600][44.316s][info][gc,stats    ] Pause Final Update Refs (N)         275 us
[2026-04-03T02:24:41.813+0600][44.316s][info][gc,stats    ]   Update Region States              110 us
[2026-04-03T02:24:41.813+0600][44.316s][info][gc,stats    ]   Trash Collection Set               18 us
[2026-04-03T02:24:41.813+0600][44.316s][info][gc,stats    ]   Rebuild Free Set                   52 us
[2026-04-03T02:24:41.813+0600][44.317s][info][gc,stats    ] Concurrent Cleanup                  725 us
[2026-04-03T02:24:41.813+0600][44.317s][info][gc,stats    ] Pacing                           151518 us
[2026-04-03T02:24:41.813+0600][44.317s][info][gc,stats    ] 
[2026-04-03T02:24:41.813+0600][44.317s][info][gc,stats    ] Allocation pacing accrued:
[2026-04-03T02:24:41.813+0600][44.317s][info][gc,stats    ]      38 of   488 ms (  7.7%): Executor task launch worker for task 2.0 in stage 1037.0 (TID 2033)
[2026-04-03T02:24:41.813+0600][44.317s][info][gc,stats    ]      38 of   488 ms (  7.8%): Executor task launch worker for task 3.0 in stage 1037.0 (TID 2034)
[2026-04-03T02:24:41.813+0600][44.317s][info][gc,stats    ]      37 of   488 ms (  7.7%): Executor task launch worker for task 1.0 in stage 1037.0 (TID 2032)
[2026-04-03T02:24:41.813+0600][44.317s][info][gc,stats    ]      39 of   488 ms (  7.9%): Executor task launch worker for task 0.0 in stage 1037.0 (TID 2031)
[2026-04-03T02:24:41.813+0600][44.317s][info][gc,stats    ]     152 of   488 ms ( 31.0%): <total>
[2026-04-03T02:24:41.813+0600][44.317s][info][gc,stats    ]       1 of   488 ms (  0.1%): <average total>
[2026-04-03T02:24:41.813+0600][44.317s][info][gc,stats    ]      38 of   488 ms (  7.8%): <average non-zero>
[2026-04-03T02:24:41.813+0600][44.317s][info][gc,stats    ] 
[2026-04-03T02:24:41.813+0600][44.317s][info][gc,metaspace] Metaspace: 130728K(131968K)->130739K(131968K) NonClass: 114270K(114944K)->114280K(114944K) Class: 16458K(17024K)->16458K(17024K)
[2026-04-03T02:24:41.813+0600][44.317s][info][gc,ergo     ] Pacer for Idle. Initial: 20480K, Alloc Tax Rate: 1.0x
[2026-04-03T02:24:41.915+0600][44.419s][info][gc          ] Trigger: Average GC time (165.45 ms) is above the time for average allocation rate (2421 MB/s) to deplete free headroom (283M) (margin of error = 1.84)
[2026-04-03T02:24:41.915+0600][44.419s][info][gc,ergo     ] Free headroom: 333M (free) - 51200K (spike) - 0B (penalties) = 283M
[2026-04-03T02:24:41.915+0600][44.419s][info][gc,ergo     ] Free: 333M, Max: 256K regular, 154M humongous, Frag: 54% external, 0% internal; Reserve: 51200K, Max: 256K
[2026-04-03T02:24:41.915+0600][44.419s][info][gc,start    ] GC(38) Concurrent reset
[2026-04-03T02:24:41.915+0600][44.419s][info][gc,task     ] GC(38) Using 3 of 6 workers for concurrent reset
[2026-04-03T02:24:41.915+0600][44.419s][info][gc,ergo     ] GC(38) Pacer for Reset. Non-Taxable: 1000M
[2026-04-03T02:24:41.916+0600][44.420s][info][gc          ] GC(38) Concurrent reset 0.924ms
[2026-04-03T02:24:41.916+0600][44.420s][info][gc,start    ] GC(38) Pause Init Mark (unload classes)
[2026-04-03T02:24:41.917+0600][44.420s][info][gc,task     ] GC(38) Using 6 of 6 workers for init marking
[2026-04-03T02:24:41.917+0600][44.420s][info][gc,ergo     ] GC(38) Pacer for Mark. Expected Live: 92796K, Free: 332M, Non-Taxable: 34084K, Alloc Tax Rate: 0.3x
[2026-04-03T02:24:41.917+0600][44.420s][info][gc          ] GC(38) Pause Init Mark (unload classes) 0.132ms
[2026-04-03T02:24:41.917+0600][44.420s][info][gc,start    ] GC(38) Concurrent marking roots
[2026-04-03T02:24:41.917+0600][44.420s][info][gc,task     ] GC(38) Using 3 of 6 workers for concurrent marking roots
[2026-04-03T02:24:41.918+0600][44.421s][info][gc          ] GC(38) Concurrent marking roots 1.069ms
[2026-04-03T02:24:41.918+0600][44.421s][info][gc,start    ] GC(38) Concurrent marking (unload classes)
[2026-04-03T02:24:41.918+0600][44.421s][info][gc,task     ] GC(38) Using 3 of 6 workers for concurrent marking
[2026-04-03T02:24:41.983+0600][44.486s][info][gc          ] GC(38) Concurrent marking (unload classes) 65.002ms
[2026-04-03T02:24:41.983+0600][44.486s][info][gc,start    ] GC(38) Pause Final Mark (unload classes)
[2026-04-03T02:24:41.983+0600][44.486s][info][gc,task     ] GC(38) Using 6 of 6 workers for final marking
[2026-04-03T02:24:41.984+0600][44.487s][info][gc,ergo     ] GC(38) Adaptive CSet Selection. Target Free: 141M, Actual Free: 778M, Max CSet: 42666K, Min Garbage: 0B
[2026-04-03T02:24:41.984+0600][44.487s][info][gc,ergo     ] GC(38) Collectable Garbage: 492M (98%), Immediate: 444M (89%), CSet: 48661K (9%)
[2026-04-03T02:24:41.984+0600][44.487s][info][gc,ergo     ] GC(38) Pacer for Evacuation. Used CSet: 52140K, Free: 760M, Non-Taxable: 77885K, Alloc Tax Rate: 1.1x
[2026-04-03T02:24:41.984+0600][44.487s][info][gc          ] GC(38) Pause Final Mark (unload classes) 0.929ms
[2026-04-03T02:24:41.984+0600][44.487s][info][gc,start    ] GC(38) Concurrent thread roots
[2026-04-03T02:24:41.984+0600][44.487s][info][gc,task     ] GC(38) Using 3 of 6 workers for Concurrent thread roots
[2026-04-03T02:24:41.986+0600][44.489s][info][gc          ] GC(38) Concurrent thread roots 1.655ms
[2026-04-03T02:24:41.986+0600][44.489s][info][gc,start    ] GC(38) Concurrent weak references
[2026-04-03T02:24:41.986+0600][44.489s][info][gc,task     ] GC(38) Using 3 of 6 workers for concurrent weak references
[2026-04-03T02:24:41.988+0600][44.491s][info][gc,ref      ] GC(38) Encountered references: Soft: 3865, Weak: 14855, Final: 84, Phantom: 620
[2026-04-03T02:24:41.988+0600][44.491s][info][gc,ref      ] GC(38) Discovered  references: Soft: 0, Weak: 8461, Final: 52, Phantom: 615
[2026-04-03T02:24:41.988+0600][44.491s][info][gc,ref      ] GC(38) Enqueued    references: Soft: 0, Weak: 373, Final: 0, Phantom: 0
[2026-04-03T02:24:41.988+0600][44.491s][info][gc          ] GC(38) Concurrent weak references 1.777ms
[2026-04-03T02:24:41.988+0600][44.491s][info][gc,start    ] GC(38) Concurrent weak roots
[2026-04-03T02:24:41.988+0600][44.491s][info][gc,task     ] GC(38) Using 3 of 6 workers for concurrent weak root
[2026-04-03T02:24:41.994+0600][44.497s][info][gc          ] GC(38) Concurrent weak roots 6.066ms
[2026-04-03T02:24:41.994+0600][44.497s][info][gc,start    ] GC(38) Concurrent cleanup
[2026-04-03T02:24:41.995+0600][44.498s][info][gc          ] GC(38) Concurrent cleanup 631M->190M(844M) 1.275ms
[2026-04-03T02:24:41.995+0600][44.498s][info][gc,ergo     ] GC(38) Free: 754M, Max: 256K regular, 233M humongous, Frag: 69% external, 0% internal; Reserve: 50073K, Max: 256K
[2026-04-03T02:24:41.995+0600][44.498s][info][gc,start    ] GC(38) Concurrent class unloading
[2026-04-03T02:24:41.995+0600][44.498s][info][gc,task     ] GC(38) Using 3 of 6 workers for concurrent class unloading
[2026-04-03T02:24:42.013+0600][44.517s][info][gc          ] GC(38) Concurrent class unloading 18.250ms
[2026-04-03T02:24:42.013+0600][44.517s][info][gc,start    ] GC(38) Concurrent strong roots
[2026-04-03T02:24:42.014+0600][44.517s][info][gc,task     ] GC(38) Using 3 of 6 workers for concurrent strong root
[2026-04-03T02:24:42.015+0600][44.518s][info][gc          ] GC(38) Concurrent strong roots 1.166ms
[2026-04-03T02:24:42.015+0600][44.518s][info][gc,start    ] GC(38) Concurrent evacuation
[2026-04-03T02:24:42.015+0600][44.518s][info][gc,task     ] GC(38) Using 3 of 6 workers for concurrent evacuation
[2026-04-03T02:24:42.016+0600][44.520s][info][gc          ] GC(38) Concurrent evacuation 1.649ms
[2026-04-03T02:24:42.017+0600][44.520s][info][gc,start    ] GC(38) Pause Init Update Refs
[2026-04-03T02:24:42.017+0600][44.520s][info][gc,ergo     ] GC(38) Pacer for Update Refs. Used: 205M, Free: 741M, Non-Taxable: 75908K, Alloc Tax Rate: 1.1x
[2026-04-03T02:24:42.017+0600][44.520s][info][gc          ] GC(38) Pause Init Update Refs 0.083ms
[2026-04-03T02:24:42.017+0600][44.520s][info][gc,start    ] GC(38) Concurrent update references
[2026-04-03T02:24:42.017+0600][44.520s][info][gc,task     ] GC(38) Using 3 of 6 workers for concurrent reference update
[2026-04-03T02:24:42.058+0600][44.561s][info][gc          ] GC(38) Concurrent update references 41.412ms
[2026-04-03T02:24:42.058+0600][44.562s][info][gc,start    ] GC(38) Concurrent update thread roots
[2026-04-03T02:24:42.060+0600][44.563s][info][gc          ] GC(38) Concurrent update thread roots 1.761ms
[2026-04-03T02:24:42.061+0600][44.564s][info][gc,start    ] GC(38) Pause Final Update Refs
[2026-04-03T02:24:42.061+0600][44.564s][info][gc,task     ] GC(38) Using 6 of 6 workers for final reference update
[2026-04-03T02:24:42.061+0600][44.564s][info][gc          ] GC(38) Pause Final Update Refs 0.262ms
[2026-04-03T02:24:42.061+0600][44.564s][info][gc,start    ] GC(38) Concurrent cleanup
[2026-04-03T02:24:42.062+0600][44.565s][info][gc          ] GC(38) Concurrent cleanup 218M->168M(844M) 0.876ms
[2026-04-03T02:24:42.062+0600][44.565s][info][gc,ergo     ] Free: 773M, Max: 256K regular, 376M humongous, Frag: 52% external, 0% internal; Reserve: 51200K, Max: 256K
[2026-04-03T02:24:42.062+0600][44.565s][info][gc,stats    ] 
[2026-04-03T02:24:42.062+0600][44.565s][info][gc,stats    ] All times are wall-clock times, except per-root-class counters, that are sum over
[2026-04-03T02:24:42.062+0600][44.565s][info][gc,stats    ] all workers. Dividing the <total> over the root stage time estimates parallelism.
[2026-04-03T02:24:42.062+0600][44.565s][info][gc,stats    ] 
[2026-04-03T02:24:42.062+0600][44.566s][info][gc,stats    ] Concurrent Reset                    974 us
[2026-04-03T02:24:42.062+0600][44.566s][info][gc,stats    ] Pause Init Mark (G)                 311 us
[2026-04-03T02:24:42.062+0600][44.566s][info][gc,stats    ] Pause Init Mark (N)                 139 us
[2026-04-03T02:24:42.062+0600][44.566s][info][gc,stats    ]   Update Region States               35 us
[2026-04-03T02:24:42.062+0600][44.566s][info][gc,stats    ] Concurrent Mark Roots              1117 us, parallelism: 1.60x
[2026-04-03T02:24:42.062+0600][44.566s][info][gc,stats    ]   CMR: <total>                     1787 us
[2026-04-03T02:24:42.062+0600][44.566s][info][gc,stats    ]   CMR: Thread Roots                1569 us, workers (us): 585, 422, 561, ---, ---, ---, 
[2026-04-03T02:24:42.062+0600][44.566s][info][gc,stats    ]   CMR: VM Strong Roots               37 us, workers (us):  32,   4,   1, ---, ---, ---, 
[2026-04-03T02:24:42.062+0600][44.566s][info][gc,stats    ]   CMR: CLDG Roots                   181 us, workers (us): ---, 181, ---, ---, ---, ---, 
[2026-04-03T02:24:42.062+0600][44.566s][info][gc,stats    ] Concurrent Marking                65107 us
[2026-04-03T02:24:42.062+0600][44.566s][info][gc,stats    ] Pause Final Mark (G)               1217 us
[2026-04-03T02:24:42.062+0600][44.566s][info][gc,stats    ] Pause Final Mark (N)                944 us
[2026-04-03T02:24:42.062+0600][44.566s][info][gc,stats    ]   Finish Mark                       285 us
[2026-04-03T02:24:42.062+0600][44.566s][info][gc,stats    ]   Update Region States               81 us
[2026-04-03T02:24:42.062+0600][44.566s][info][gc,stats    ]   Choose Collection Set             341 us
[2026-04-03T02:24:42.062+0600][44.566s][info][gc,stats    ]   Rebuild Free Set                   63 us
[2026-04-03T02:24:42.062+0600][44.566s][info][gc,stats    ] Concurrent Thread Roots            1697 us, parallelism: 2.27x
[2026-04-03T02:24:42.062+0600][44.566s][info][gc,stats    ]   CTR: <total>                     3851 us
[2026-04-03T02:24:42.062+0600][44.566s][info][gc,stats    ]   CTR: Thread Roots                3851 us, workers (us): 1393, 1405, 1053, ---, ---, ---, 
[2026-04-03T02:24:42.062+0600][44.566s][info][gc,stats    ] Concurrent Weak References         1793 us, parallelism: 0.68x
[2026-04-03T02:24:42.062+0600][44.566s][info][gc,stats    ]   CWRF: <total>                    1212 us
[2026-04-03T02:24:42.062+0600][44.566s][info][gc,stats    ]   CWRF: Weak References            1212 us, workers (us): 1211,   0,   0, ---, ---, ---, 
[2026-04-03T02:24:42.063+0600][44.566s][info][gc,stats    ] Concurrent Weak Roots              6187 us
[2026-04-03T02:24:42.063+0600][44.566s][info][gc,stats    ]   Roots                            5613 us, parallelism: 2.73x
[2026-04-03T02:24:42.063+0600][44.566s][info][gc,stats    ]     CWR: <total>                  15349 us
[2026-04-03T02:24:42.063+0600][44.566s][info][gc,stats    ]     CWR: Code Cache Roots         11147 us, workers (us): 3504, 3900, 3743, ---, ---, ---, 
[2026-04-03T02:24:42.063+0600][44.566s][info][gc,stats    ]     CWR: VM Weak Roots             3951 us, workers (us): 1337, 1316, 1297, ---, ---, ---, 
[2026-04-03T02:24:42.063+0600][44.566s][info][gc,stats    ]     CWR: CLDG Roots                 251 us, workers (us): 251, ---, ---, ---, ---, ---, 
[2026-04-03T02:24:42.063+0600][44.566s][info][gc,stats    ]   Rendezvous                        416 us
[2026-04-03T02:24:42.063+0600][44.566s][info][gc,stats    ] Concurrent Cleanup                 1304 us
[2026-04-03T02:24:42.063+0600][44.566s][info][gc,stats    ] Concurrent Class Unloading        18329 us
[2026-04-03T02:24:42.063+0600][44.566s][info][gc,stats    ]   Unlink Stale                    16748 us
[2026-04-03T02:24:42.063+0600][44.566s][info][gc,stats    ]     System Dictionary               293 us
[2026-04-03T02:24:42.063+0600][44.566s][info][gc,stats    ]     Weak Class Links                  0 us
[2026-04-03T02:24:42.063+0600][44.566s][info][gc,stats    ]     Code Roots                    16451 us
[2026-04-03T02:24:42.063+0600][44.566s][info][gc,stats    ]   Rendezvous                        444 us
[2026-04-03T02:24:42.063+0600][44.566s][info][gc,stats    ]   Purge Unlinked                   1017 us
[2026-04-03T02:24:42.063+0600][44.566s][info][gc,stats    ]     Code Roots                     1001 us
[2026-04-03T02:24:42.063+0600][44.566s][info][gc,stats    ]     CLDG                             16 us
[2026-04-03T02:24:42.063+0600][44.566s][info][gc,stats    ]     Exception Caches                  0 us
[2026-04-03T02:24:42.063+0600][44.566s][info][gc,stats    ] Concurrent Strong Roots            1236 us, parallelism: 0.57x
[2026-04-03T02:24:42.063+0600][44.566s][info][gc,stats    ]   CSR: <total>                      705 us
[2026-04-03T02:24:42.063+0600][44.566s][info][gc,stats    ]   CSR: VM Strong Roots               61 us, workers (us):  58,   1,   1, ---, ---, ---, 
[2026-04-03T02:24:42.063+0600][44.566s][info][gc,stats    ]   CSR: CLDG Roots                   644 us, workers (us): 644, ---, ---, ---, ---, ---, 
[2026-04-03T02:24:42.063+0600][44.566s][info][gc,stats    ] Concurrent Evacuation              1703 us
[2026-04-03T02:24:42.063+0600][44.566s][info][gc,stats    ] Pause Init Update Refs (G)          293 us
[2026-04-03T02:24:42.063+0600][44.566s][info][gc,stats    ] Pause Init Update Refs (N)           92 us
[2026-04-03T02:24:42.063+0600][44.566s][info][gc,stats    ]   Manage GCLABs                      28 us
[2026-04-03T02:24:42.063+0600][44.566s][info][gc,stats    ] Concurrent Update Refs            41494 us
[2026-04-03T02:24:42.063+0600][44.566s][info][gc,stats    ] Concurrent Update Thread Roots     1834 us
[2026-04-03T02:24:42.063+0600][44.566s][info][gc,stats    ] Pause Final Update Refs (G)        1027 us
[2026-04-03T02:24:42.063+0600][44.566s][info][gc,stats    ] Pause Final Update Refs (N)         290 us
[2026-04-03T02:24:42.063+0600][44.566s][info][gc,stats    ]   Update Region States               80 us
[2026-04-03T02:24:42.063+0600][44.566s][info][gc,stats    ]   Trash Collection Set               19 us
[2026-04-03T02:24:42.063+0600][44.566s][info][gc,stats    ]   Rebuild Free Set                   68 us
[2026-04-03T02:24:42.063+0600][44.566s][info][gc,stats    ] Concurrent Cleanup                  920 us
[2026-04-03T02:24:42.063+0600][44.566s][info][gc,stats    ] 
[2026-04-03T02:24:42.063+0600][44.566s][info][gc,stats    ] Allocation pacing accrued:
[2026-04-03T02:24:42.063+0600][44.566s][info][gc,stats    ]       0 of   250 ms (  0.0%): <total>
[2026-04-03T02:24:42.063+0600][44.566s][info][gc,stats    ]       0 of   250 ms (  0.0%): <average total>
[2026-04-03T02:24:42.063+0600][44.566s][info][gc,stats    ] 
[2026-04-03T02:24:42.063+0600][44.566s][info][gc,metaspace] Metaspace: 130741K(131968K)->130754K(131968K) NonClass: 114283K(114944K)->114295K(114944K) Class: 16458K(17024K)->16459K(17024K)
[2026-04-03T02:24:42.063+0600][44.566s][info][gc,ergo     ] Pacer for Idle. Initial: 20480K, Alloc Tax Rate: 1.0x
[2026-04-03T02:24:42.727+0600][45.231s][info][gc          ] Trigger: Average GC time (165.43 ms) is above the time for average allocation rate (1051 MB/s) to deplete free headroom (171M) (margin of error = 1.84)
[2026-04-03T02:24:42.727+0600][45.231s][info][gc,ergo     ] Free headroom: 221M (free) - 51200K (spike) - 0B (penalties) = 171M
[2026-04-03T02:24:42.728+0600][45.231s][info][gc,ergo     ] Free: 221M, Max: 256K regular, 221M humongous, Frag: 0% external, 0% internal; Reserve: 51200K, Max: 256K
[2026-04-03T02:24:42.728+0600][45.231s][info][gc,start    ] GC(39) Concurrent reset
[2026-04-03T02:24:42.728+0600][45.231s][info][gc,task     ] GC(39) Using 3 of 6 workers for concurrent reset
[2026-04-03T02:24:42.728+0600][45.231s][info][gc,ergo     ] GC(39) Pacer for Reset. Non-Taxable: 1000M
[2026-04-03T02:24:42.729+0600][45.232s][info][gc          ] GC(39) Concurrent reset 1.123ms
[2026-04-03T02:24:42.729+0600][45.232s][info][gc,start    ] GC(39) Pause Init Mark (unload classes)
[2026-04-03T02:24:42.729+0600][45.233s][info][gc,task     ] GC(39) Using 6 of 6 workers for init marking
[2026-04-03T02:24:42.729+0600][45.233s][info][gc,ergo     ] GC(39) Pacer for Mark. Expected Live: 92175K, Free: 220M, Non-Taxable: 22585K, Alloc Tax Rate: 0.5x
[2026-04-03T02:24:42.729+0600][45.233s][info][gc          ] GC(39) Pause Init Mark (unload classes) 0.248ms
[2026-04-03T02:24:42.729+0600][45.233s][info][gc,start    ] GC(39) Concurrent marking roots
[2026-04-03T02:24:42.729+0600][45.233s][info][gc,task     ] GC(39) Using 3 of 6 workers for concurrent marking roots
[2026-04-03T02:24:42.732+0600][45.235s][info][gc          ] GC(39) Concurrent marking roots 2.274ms
[2026-04-03T02:24:42.732+0600][45.235s][info][gc,start    ] GC(39) Concurrent marking (unload classes)
[2026-04-03T02:24:42.732+0600][45.235s][info][gc,task     ] GC(39) Using 3 of 6 workers for concurrent marking
[2026-04-03T02:24:42.793+0600][45.296s][info][gc          ] GC(39) Concurrent marking (unload classes) 61.229ms
[2026-04-03T02:24:42.793+0600][45.297s][info][gc,start    ] GC(39) Pause Final Mark (unload classes)
[2026-04-03T02:24:42.793+0600][45.297s][info][gc,task     ] GC(39) Using 6 of 6 workers for final marking
[2026-04-03T02:24:42.794+0600][45.297s][info][gc,ergo     ] GC(39) Adaptive CSet Selection. Target Free: 141M, Actual Free: 710M, Max CSet: 42666K, Min Garbage: 0B
[2026-04-03T02:24:42.794+0600][45.298s][info][gc,ergo     ] GC(39) Collectable Garbage: 591M (98%), Immediate: 476M (79%), CSet: 114M (19%)
[2026-04-03T02:24:42.794+0600][45.298s][info][gc,ergo     ] GC(39) Pacer for Evacuation. Used CSet: 119M, Free: 700M, Non-Taxable: 71721K, Alloc Tax Rate: 1.1x
[2026-04-03T02:24:42.794+0600][45.298s][info][gc          ] GC(39) Pause Final Mark (unload classes) 1.087ms
[2026-04-03T02:24:42.795+0600][45.298s][info][gc,start    ] GC(39) Concurrent thread roots
[2026-04-03T02:24:42.795+0600][45.298s][info][gc,task     ] GC(39) Using 3 of 6 workers for Concurrent thread roots
[2026-04-03T02:24:42.797+0600][45.300s][info][gc          ] GC(39) Concurrent thread roots 2.158ms
[2026-04-03T02:24:42.797+0600][45.300s][info][gc,start    ] GC(39) Concurrent weak references
[2026-04-03T02:24:42.797+0600][45.300s][info][gc,task     ] GC(39) Using 3 of 6 workers for concurrent weak references
[2026-04-03T02:24:42.798+0600][45.301s][info][gc,ref      ] GC(39) Encountered references: Soft: 3873, Weak: 15487, Final: 84, Phantom: 620
[2026-04-03T02:24:42.798+0600][45.301s][info][gc,ref      ] GC(39) Discovered  references: Soft: 0, Weak: 9025, Final: 52, Phantom: 220
[2026-04-03T02:24:42.798+0600][45.301s][info][gc,ref      ] GC(39) Enqueued    references: Soft: 0, Weak: 254, Final: 0, Phantom: 0
[2026-04-03T02:24:42.798+0600][45.301s][info][gc          ] GC(39) Concurrent weak references 1.040ms
[2026-04-03T02:24:42.798+0600][45.301s][info][gc,start    ] GC(39) Concurrent weak roots
[2026-04-03T02:24:42.798+0600][45.301s][info][gc,task     ] GC(39) Using 3 of 6 workers for concurrent weak root
[2026-04-03T02:24:42.804+0600][45.307s][info][gc          ] GC(39) Concurrent weak roots 6.010ms
[2026-04-03T02:24:42.804+0600][45.307s][info][gc,start    ] GC(39) Concurrent cleanup
[2026-04-03T02:24:42.805+0600][45.309s][info][gc          ] GC(39) Concurrent cleanup 727M->250M(844M) 1.333ms
[2026-04-03T02:24:42.805+0600][45.309s][info][gc,ergo     ] GC(39) Free: 695M, Max: 256K regular, 178M humongous, Frag: 75% external, 0% internal; Reserve: 50606K, Max: 256K
[2026-04-03T02:24:42.805+0600][45.309s][info][gc,start    ] GC(39) Concurrent class unloading
[2026-04-03T02:24:42.806+0600][45.309s][info][gc,task     ] GC(39) Using 3 of 6 workers for concurrent class unloading
[2026-04-03T02:24:42.826+0600][45.329s][info][gc          ] GC(39) Concurrent class unloading 20.378ms
[2026-04-03T02:24:42.826+0600][45.329s][info][gc,start    ] GC(39) Concurrent strong roots
[2026-04-03T02:24:42.826+0600][45.329s][info][gc,task     ] GC(39) Using 3 of 6 workers for concurrent strong root
[2026-04-03T02:24:42.827+0600][45.330s][info][gc          ] GC(39) Concurrent strong roots 1.010ms
[2026-04-03T02:24:42.827+0600][45.330s][info][gc,start    ] GC(39) Concurrent evacuation
[2026-04-03T02:24:42.827+0600][45.330s][info][gc,task     ] GC(39) Using 3 of 6 workers for concurrent evacuation
[2026-04-03T02:24:42.830+0600][45.334s][info][gc          ] GC(39) Concurrent evacuation 3.287ms
[2026-04-03T02:24:42.831+0600][45.334s][info][gc,start    ] GC(39) Pause Init Update Refs
[2026-04-03T02:24:42.831+0600][45.334s][info][gc,ergo     ] GC(39) Pacer for Update Refs. Used: 276M, Free: 673M, Non-Taxable: 68970K, Alloc Tax Rate: 1.1x
[2026-04-03T02:24:42.831+0600][45.334s][info][gc          ] GC(39) Pause Init Update Refs 0.196ms
[2026-04-03T02:24:42.831+0600][45.334s][info][gc,start    ] GC(39) Concurrent update references
[2026-04-03T02:24:42.831+0600][45.334s][info][gc,task     ] GC(39) Using 3 of 6 workers for concurrent reference update
[2026-04-03T02:24:42.880+0600][45.383s][info][gc          ] GC(39) Concurrent update references 49.099ms
[2026-04-03T02:24:42.880+0600][45.383s][info][gc,start    ] GC(39) Concurrent update thread roots
[2026-04-03T02:24:42.881+0600][45.385s][info][gc          ] GC(39) Concurrent update thread roots 1.292ms
[2026-04-03T02:24:42.882+0600][45.385s][info][gc,start    ] GC(39) Pause Final Update Refs
[2026-04-03T02:24:42.882+0600][45.385s][info][gc,task     ] GC(39) Using 6 of 6 workers for final reference update
[2026-04-03T02:24:42.882+0600][45.385s][info][gc          ] GC(39) Pause Final Update Refs 0.287ms
[2026-04-03T02:24:42.882+0600][45.385s][info][gc,start    ] GC(39) Concurrent cleanup
[2026-04-03T02:24:42.882+0600][45.386s][info][gc          ] GC(39) Concurrent cleanup 319M->199M(844M) 0.396ms
[2026-04-03T02:24:42.883+0600][45.386s][info][gc,ergo     ] Free: 742M, Max: 256K regular, 258M humongous, Frag: 66% external, 0% internal; Reserve: 51200K, Max: 256K
[2026-04-03T02:24:42.883+0600][45.386s][info][gc,stats    ] 
[2026-04-03T02:24:42.883+0600][45.386s][info][gc,stats    ] All times are wall-clock times, except per-root-class counters, that are sum over
[2026-04-03T02:24:42.883+0600][45.386s][info][gc,stats    ] all workers. Dividing the <total> over the root stage time estimates parallelism.
[2026-04-03T02:24:42.883+0600][45.386s][info][gc,stats    ] 
[2026-04-03T02:24:42.883+0600][45.386s][info][gc,stats    ] Concurrent Reset                   1224 us
[2026-04-03T02:24:42.883+0600][45.386s][info][gc,stats    ] Pause Init Mark (G)                 710 us
[2026-04-03T02:24:42.883+0600][45.386s][info][gc,stats    ] Pause Init Mark (N)                 266 us
[2026-04-03T02:24:42.883+0600][45.386s][info][gc,stats    ]   Update Region States               72 us
[2026-04-03T02:24:42.883+0600][45.386s][info][gc,stats    ] Concurrent Mark Roots              2325 us, parallelism: 1.51x
[2026-04-03T02:24:42.883+0600][45.386s][info][gc,stats    ]   CMR: <total>                     3500 us
[2026-04-03T02:24:42.883+0600][45.386s][info][gc,stats    ]   CMR: Thread Roots                2901 us, workers (us): 1167, 1733,   0, ---, ---, ---, 
[2026-04-03T02:24:42.883+0600][45.386s][info][gc,stats    ]   CMR: VM Strong Roots               74 us, workers (us):  36,  37,   0, ---, ---, ---, 
[2026-04-03T02:24:42.883+0600][45.386s][info][gc,stats    ]   CMR: CLDG Roots                   525 us, workers (us): 525, ---, ---, ---, ---, ---, 
[2026-04-03T02:24:42.883+0600][45.386s][info][gc,stats    ] Concurrent Marking                61325 us
[2026-04-03T02:24:42.883+0600][45.386s][info][gc,stats    ] Pause Final Mark (G)               1455 us
[2026-04-03T02:24:42.883+0600][45.386s][info][gc,stats    ] Pause Final Mark (N)               1104 us
[2026-04-03T02:24:42.883+0600][45.386s][info][gc,stats    ]   Finish Mark                       234 us
[2026-04-03T02:24:42.883+0600][45.386s][info][gc,stats    ]   Update Region States               69 us
[2026-04-03T02:24:42.883+0600][45.386s][info][gc,stats    ]   Choose Collection Set             500 us
[2026-04-03T02:24:42.883+0600][45.386s][info][gc,stats    ]   Rebuild Free Set                   56 us
[2026-04-03T02:24:42.883+0600][45.386s][info][gc,stats    ] Concurrent Thread Roots            2241 us, parallelism: 2.26x
[2026-04-03T02:24:42.883+0600][45.386s][info][gc,stats    ]   CTR: <total>                     5064 us
[2026-04-03T02:24:42.883+0600][45.386s][info][gc,stats    ]   CTR: Thread Roots                5064 us, workers (us): 1641, 1902, 1521, ---, ---, ---, 
[2026-04-03T02:24:42.883+0600][45.386s][info][gc,stats    ] Concurrent Weak References         1089 us, parallelism: 1.16x
[2026-04-03T02:24:42.883+0600][45.386s][info][gc,stats    ]   CWRF: <total>                    1264 us
[2026-04-03T02:24:42.883+0600][45.386s][info][gc,stats    ]   CWRF: Weak References            1264 us, workers (us): 878, 386,   0, ---, ---, ---, 
[2026-04-03T02:24:42.883+0600][45.386s][info][gc,stats    ] Concurrent Weak Roots              6110 us
[2026-04-03T02:24:42.883+0600][45.386s][info][gc,stats    ]   Roots                            5516 us, parallelism: 2.65x
[2026-04-03T02:24:42.883+0600][45.386s][info][gc,stats    ]     CWR: <total>                  14607 us
[2026-04-03T02:24:42.883+0600][45.386s][info][gc,stats    ]     CWR: Code Cache Roots         10494 us, workers (us): 3256, 3683, 3555, ---, ---, ---, 
[2026-04-03T02:24:42.883+0600][45.386s][info][gc,stats    ]     CWR: VM Weak Roots             3858 us, workers (us): 1426, 1428, 1003, ---, ---, ---, 
[2026-04-03T02:24:42.883+0600][45.386s][info][gc,stats    ]     CWR: CLDG Roots                 256 us, workers (us): 256, ---, ---, ---, ---, ---, 
[2026-04-03T02:24:42.883+0600][45.386s][info][gc,stats    ]   Rendezvous                        457 us
[2026-04-03T02:24:42.883+0600][45.386s][info][gc,stats    ] Concurrent Cleanup                 1370 us
[2026-04-03T02:24:42.883+0600][45.386s][info][gc,stats    ] Concurrent Class Unloading        20474 us
[2026-04-03T02:24:42.883+0600][45.386s][info][gc,stats    ]   Unlink Stale                    18396 us
[2026-04-03T02:24:42.883+0600][45.386s][info][gc,stats    ]     System Dictionary               297 us
[2026-04-03T02:24:42.883+0600][45.386s][info][gc,stats    ]     Weak Class Links                  0 us
[2026-04-03T02:24:42.883+0600][45.386s][info][gc,stats    ]     Code Roots                    18093 us
[2026-04-03T02:24:42.883+0600][45.386s][info][gc,stats    ]   Rendezvous                        362 us
[2026-04-03T02:24:42.883+0600][45.386s][info][gc,stats    ]   Purge Unlinked                   1579 us
[2026-04-03T02:24:42.883+0600][45.386s][info][gc,stats    ]     Code Roots                     1558 us
[2026-04-03T02:24:42.883+0600][45.386s][info][gc,stats    ]     CLDG                             20 us
[2026-04-03T02:24:42.883+0600][45.386s][info][gc,stats    ]     Exception Caches                  1 us
[2026-04-03T02:24:42.883+0600][45.386s][info][gc,stats    ] Concurrent Strong Roots            1046 us, parallelism: 0.65x
[2026-04-03T02:24:42.883+0600][45.386s][info][gc,stats    ]   CSR: <total>                      677 us
[2026-04-03T02:24:42.883+0600][45.386s][info][gc,stats    ]   CSR: VM Strong Roots               74 us, workers (us):  35,  28,  10, ---, ---, ---, 
[2026-04-03T02:24:42.883+0600][45.386s][info][gc,stats    ]   CSR: CLDG Roots                   603 us, workers (us): ---, 603, ---, ---, ---, ---, 
[2026-04-03T02:24:42.883+0600][45.386s][info][gc,stats    ] Concurrent Evacuation              3378 us
[2026-04-03T02:24:42.883+0600][45.386s][info][gc,stats    ] Pause Init Update Refs (G)          578 us
[2026-04-03T02:24:42.883+0600][45.386s][info][gc,stats    ] Pause Init Update Refs (N)          214 us
[2026-04-03T02:24:42.883+0600][45.386s][info][gc,stats    ]   Manage GCLABs                      46 us
[2026-04-03T02:24:42.883+0600][45.386s][info][gc,stats    ] Concurrent Update Refs            49173 us
[2026-04-03T02:24:42.883+0600][45.386s][info][gc,stats    ] Concurrent Update Thread Roots     1359 us
[2026-04-03T02:24:42.883+0600][45.387s][info][gc,stats    ] Pause Final Update Refs (G)         550 us
[2026-04-03T02:24:42.883+0600][45.387s][info][gc,stats    ] Pause Final Update Refs (N)         313 us
[2026-04-03T02:24:42.883+0600][45.387s][info][gc,stats    ]   Update Region States              124 us
[2026-04-03T02:24:42.883+0600][45.387s][info][gc,stats    ]   Trash Collection Set               24 us
[2026-04-03T02:24:42.883+0600][45.387s][info][gc,stats    ]   Rebuild Free Set                   68 us
[2026-04-03T02:24:42.883+0600][45.387s][info][gc,stats    ] Concurrent Cleanup                  425 us
[2026-04-03T02:24:42.883+0600][45.387s][info][gc,stats    ] Pacing                           169803 us
[2026-04-03T02:24:42.883+0600][45.387s][info][gc,stats    ] 
[2026-04-03T02:24:42.883+0600][45.387s][info][gc,stats    ] Allocation pacing accrued:
[2026-04-03T02:24:42.883+0600][45.387s][info][gc,stats    ]      22 of   820 ms (  2.7%): Executor task launch worker for task 1.0 in stage 1073.0 (TID 2164)
[2026-04-03T02:24:42.883+0600][45.387s][info][gc,stats    ]      21 of   820 ms (  2.5%): Executor task launch worker for task 0.0 in stage 1073.0 (TID 2163)
[2026-04-03T02:24:42.883+0600][45.387s][info][gc,stats    ]      21 of   820 ms (  2.5%): Executor task launch worker for task 5.0 in stage 1073.0 (TID 2168)
[2026-04-03T02:24:42.883+0600][45.387s][info][gc,stats    ]      21 of   820 ms (  2.6%): Executor task launch worker for task 3.0 in stage 1073.0 (TID 2166)
[2026-04-03T02:24:42.883+0600][45.387s][info][gc,stats    ]      21 of   820 ms (  2.5%): Executor task launch worker for task 6.0 in stage 1073.0 (TID 2169)
[2026-04-03T02:24:42.883+0600][45.387s][info][gc,stats    ]      22 of   820 ms (  2.6%): Executor task launch worker for task 7.0 in stage 1073.0 (TID 2170)
[2026-04-03T02:24:42.883+0600][45.387s][info][gc,stats    ]      21 of   820 ms (  2.6%): Executor task launch worker for task 4.0 in stage 1073.0 (TID 2167)
[2026-04-03T02:24:42.883+0600][45.387s][info][gc,stats    ]      22 of   820 ms (  2.6%): Executor task launch worker for task 2.0 in stage 1073.0 (TID 2165)
[2026-04-03T02:24:42.883+0600][45.387s][info][gc,stats    ]     170 of   820 ms ( 20.7%): <total>
[2026-04-03T02:24:42.883+0600][45.387s][info][gc,stats    ]       1 of   820 ms (  0.1%): <average total>
[2026-04-03T02:24:42.883+0600][45.387s][info][gc,stats    ]      21 of   820 ms (  2.6%): <average non-zero>
[2026-04-03T02:24:42.883+0600][45.387s][info][gc,stats    ] 
[2026-04-03T02:24:42.883+0600][45.387s][info][gc,metaspace] Metaspace: 130770K(131968K)->130772K(131968K) NonClass: 114310K(114944K)->114312K(114944K) Class: 16459K(17024K)->16459K(17024K)
[2026-04-03T02:24:42.883+0600][45.387s][info][gc,ergo     ] Pacer for Idle. Initial: 20480K, Alloc Tax Rate: 1.0x
[2026-04-03T02:24:43.462+0600][45.965s][info][gc          ] Trigger: Average GC time (169.92 ms) is above the time for average allocation rate (793 MB/s) to deplete free headroom (134M) (margin of error = 1.84)
[2026-04-03T02:24:43.462+0600][45.965s][info][gc,ergo     ] Free headroom: 184M (free) - 51200K (spike) - 0B (penalties) = 134M
[2026-04-03T02:24:43.462+0600][45.965s][info][gc,ergo     ] Free: 184M, Max: 256K regular, 174M humongous, Frag: 6% external, 0% internal; Reserve: 51200K, Max: 256K
[2026-04-03T02:24:43.462+0600][45.965s][info][gc,start    ] GC(40) Concurrent reset
[2026-04-03T02:24:43.462+0600][45.965s][info][gc,task     ] GC(40) Using 3 of 6 workers for concurrent reset
[2026-04-03T02:24:43.462+0600][45.965s][info][gc,ergo     ] GC(40) Pacer for Reset. Non-Taxable: 1000M
[2026-04-03T02:24:43.463+0600][45.966s][info][gc          ] GC(40) Concurrent reset 0.993ms
[2026-04-03T02:24:43.463+0600][45.966s][info][gc,start    ] GC(40) Pause Init Mark (unload classes)
[2026-04-03T02:24:43.463+0600][45.966s][info][gc,task     ] GC(40) Using 6 of 6 workers for init marking
[2026-04-03T02:24:43.463+0600][45.966s][info][gc,ergo     ] GC(40) Pacer for Mark. Expected Live: 93163K, Free: 184M, Non-Taxable: 18848K, Alloc Tax Rate: 0.6x
[2026-04-03T02:24:43.463+0600][45.966s][info][gc          ] GC(40) Pause Init Mark (unload classes) 0.164ms
[2026-04-03T02:24:43.463+0600][45.967s][info][gc,start    ] GC(40) Concurrent marking roots
[2026-04-03T02:24:43.463+0600][45.967s][info][gc,task     ] GC(40) Using 3 of 6 workers for concurrent marking roots
[2026-04-03T02:24:43.465+0600][45.968s][info][gc          ] GC(40) Concurrent marking roots 1.220ms
[2026-04-03T02:24:43.465+0600][45.968s][info][gc,start    ] GC(40) Concurrent marking (unload classes)
[2026-04-03T02:24:43.465+0600][45.968s][info][gc,task     ] GC(40) Using 3 of 6 workers for concurrent marking
[2026-04-03T02:24:43.526+0600][46.029s][info][gc          ] GC(40) Concurrent marking (unload classes) 61.362ms
[2026-04-03T02:24:43.526+0600][46.030s][info][gc,start    ] GC(40) Pause Final Mark (unload classes)
[2026-04-03T02:24:43.526+0600][46.030s][info][gc,task     ] GC(40) Using 6 of 6 workers for final marking
[2026-04-03T02:24:43.527+0600][46.030s][info][gc,ergo     ] GC(40) Adaptive CSet Selection. Target Free: 141M, Actual Free: 710M, Max CSet: 42666K, Min Garbage: 0B
[2026-04-03T02:24:43.527+0600][46.030s][info][gc,ergo     ] GC(40) Collectable Garbage: 629M (98%), Immediate: 511M (80%), CSet: 117M (18%)
[2026-04-03T02:24:43.527+0600][46.030s][info][gc,ergo     ] GC(40) Pacer for Evacuation. Used CSet: 123M, Free: 699M, Non-Taxable: 71609K, Alloc Tax Rate: 1.1x
[2026-04-03T02:24:43.527+0600][46.030s][info][gc          ] GC(40) Pause Final Mark (unload classes) 0.720ms
[2026-04-03T02:24:43.527+0600][46.030s][info][gc,start    ] GC(40) Concurrent thread roots
[2026-04-03T02:24:43.527+0600][46.030s][info][gc,task     ] GC(40) Using 3 of 6 workers for Concurrent thread roots
[2026-04-03T02:24:43.528+0600][46.032s][info][gc          ] GC(40) Concurrent thread roots 1.341ms
[2026-04-03T02:24:43.528+0600][46.032s][info][gc,start    ] GC(40) Concurrent weak references
[2026-04-03T02:24:43.528+0600][46.032s][info][gc,task     ] GC(40) Using 3 of 6 workers for concurrent weak references
[2026-04-03T02:24:43.530+0600][46.033s][info][gc,ref      ] GC(40) Encountered references: Soft: 3865, Weak: 16545, Final: 84, Phantom: 620
[2026-04-03T02:24:43.530+0600][46.033s][info][gc,ref      ] GC(40) Discovered  references: Soft: 0, Weak: 10158, Final: 84, Phantom: 615
[2026-04-03T02:24:43.530+0600][46.033s][info][gc,ref      ] GC(40) Enqueued    references: Soft: 0, Weak: 1738, Final: 0, Phantom: 0
[2026-04-03T02:24:43.530+0600][46.033s][info][gc          ] GC(40) Concurrent weak references 1.605ms
[2026-04-03T02:24:43.530+0600][46.033s][info][gc,start    ] GC(40) Concurrent weak roots
[2026-04-03T02:24:43.530+0600][46.033s][info][gc,task     ] GC(40) Using 3 of 6 workers for concurrent weak root
[2026-04-03T02:24:43.537+0600][46.040s][info][gc          ] GC(40) Concurrent weak roots 6.580ms
[2026-04-03T02:24:43.537+0600][46.040s][info][gc,start    ] GC(40) Concurrent cleanup
[2026-04-03T02:24:43.538+0600][46.041s][info][gc          ] GC(40) Concurrent cleanup 769M->258M(844M) 1.393ms
[2026-04-03T02:24:43.538+0600][46.042s][info][gc,ergo     ] GC(40) Free: 689M, Max: 256K regular, 141M humongous, Frag: 80% external, 0% internal; Reserve: 50801K, Max: 256K
[2026-04-03T02:24:43.538+0600][46.042s][info][gc,start    ] GC(40) Concurrent class unloading
[2026-04-03T02:24:43.538+0600][46.042s][info][gc,task     ] GC(40) Using 3 of 6 workers for concurrent class unloading
[2026-04-03T02:24:43.561+0600][46.064s][info][gc          ] GC(40) Concurrent class unloading 22.876ms
[2026-04-03T02:24:43.561+0600][46.065s][info][gc,start    ] GC(40) Concurrent strong roots
[2026-04-03T02:24:43.561+0600][46.065s][info][gc,task     ] GC(40) Using 3 of 6 workers for concurrent strong root
[2026-04-03T02:24:43.563+0600][46.066s][info][gc          ] GC(40) Concurrent strong roots 1.329ms
[2026-04-03T02:24:43.563+0600][46.066s][info][gc,start    ] GC(40) Concurrent evacuation
[2026-04-03T02:24:43.563+0600][46.066s][info][gc,task     ] GC(40) Using 3 of 6 workers for concurrent evacuation
[2026-04-03T02:24:43.567+0600][46.070s][info][gc          ] GC(40) Concurrent evacuation 4.418ms
[2026-04-03T02:24:43.568+0600][46.071s][info][gc,start    ] GC(40) Pause Init Update Refs
[2026-04-03T02:24:43.568+0600][46.071s][info][gc,ergo     ] GC(40) Pacer for Update Refs. Used: 290M, Free: 664M, Non-Taxable: 67996K, Alloc Tax Rate: 1.1x
[2026-04-03T02:24:43.568+0600][46.071s][info][gc          ] GC(40) Pause Init Update Refs 0.132ms
[2026-04-03T02:24:43.568+0600][46.071s][info][gc,start    ] GC(40) Concurrent update references
[2026-04-03T02:24:43.568+0600][46.071s][info][gc,task     ] GC(40) Using 3 of 6 workers for concurrent reference update
[2026-04-03T02:24:43.625+0600][46.128s][info][gc          ] GC(40) Concurrent update references 56.983ms
[2026-04-03T02:24:43.625+0600][46.128s][info][gc,start    ] GC(40) Concurrent update thread roots
[2026-04-03T02:24:43.626+0600][46.130s][info][gc          ] GC(40) Concurrent update thread roots 1.110ms
[2026-04-03T02:24:43.626+0600][46.130s][info][gc,start    ] GC(40) Pause Final Update Refs
[2026-04-03T02:24:43.626+0600][46.130s][info][gc,task     ] GC(40) Using 6 of 6 workers for final reference update
[2026-04-03T02:24:43.627+0600][46.130s][info][gc          ] GC(40) Pause Final Update Refs 0.190ms
[2026-04-03T02:24:43.627+0600][46.130s][info][gc,start    ] GC(40) Concurrent cleanup
[2026-04-03T02:24:43.627+0600][46.131s][info][gc          ] GC(40) Concurrent cleanup 341M->218M(844M) 0.739ms
[2026-04-03T02:24:43.627+0600][46.131s][info][gc,ergo     ] Free: 727M, Max: 256K regular, 258M humongous, Frag: 65% external, 0% internal; Reserve: 51200K, Max: 256K
[2026-04-03T02:24:43.628+0600][46.131s][info][gc,stats    ] 
[2026-04-03T02:24:43.628+0600][46.131s][info][gc,stats    ] All times are wall-clock times, except per-root-class counters, that are sum over
[2026-04-03T02:24:43.628+0600][46.131s][info][gc,stats    ] all workers. Dividing the <total> over the root stage time estimates parallelism.
[2026-04-03T02:24:43.628+0600][46.131s][info][gc,stats    ] 
[2026-04-03T02:24:43.628+0600][46.131s][info][gc,stats    ] Concurrent Reset                   1049 us
[2026-04-03T02:24:43.628+0600][46.131s][info][gc,stats    ] Pause Init Mark (G)                 531 us
[2026-04-03T02:24:43.628+0600][46.131s][info][gc,stats    ] Pause Init Mark (N)                 173 us
[2026-04-03T02:24:43.628+0600][46.131s][info][gc,stats    ]   Update Region States               53 us
[2026-04-03T02:24:43.628+0600][46.131s][info][gc,stats    ] Concurrent Mark Roots              1269 us, parallelism: 1.70x
[2026-04-03T02:24:43.628+0600][46.131s][info][gc,stats    ]   CMR: <total>                     2153 us
[2026-04-03T02:24:43.628+0600][46.131s][info][gc,stats    ]   CMR: Thread Roots                1811 us, workers (us): 424, 721, 667, ---, ---, ---, 
[2026-04-03T02:24:43.628+0600][46.131s][info][gc,stats    ]   CMR: VM Strong Roots               33 us, workers (us):  32,   1,   1, ---, ---, ---, 
[2026-04-03T02:24:43.628+0600][46.131s][info][gc,stats    ]   CMR: CLDG Roots                   308 us, workers (us): 308, ---, ---, ---, ---, ---, 
[2026-04-03T02:24:43.628+0600][46.131s][info][gc,stats    ] Concurrent Marking                61449 us
[2026-04-03T02:24:43.628+0600][46.131s][info][gc,stats    ] Pause Final Mark (G)                917 us
[2026-04-03T02:24:43.628+0600][46.131s][info][gc,stats    ] Pause Final Mark (N)                732 us
[2026-04-03T02:24:43.628+0600][46.131s][info][gc,stats    ]   Finish Mark                       167 us
[2026-04-03T02:24:43.628+0600][46.131s][info][gc,stats    ]   Update Region States               58 us
[2026-04-03T02:24:43.628+0600][46.131s][info][gc,stats    ]   Choose Collection Set             303 us
[2026-04-03T02:24:43.628+0600][46.131s][info][gc,stats    ]   Rebuild Free Set                   49 us
[2026-04-03T02:24:43.628+0600][46.131s][info][gc,stats    ] Concurrent Thread Roots            1404 us, parallelism: 2.46x
[2026-04-03T02:24:43.628+0600][46.131s][info][gc,stats    ]   CTR: <total>                     3454 us
[2026-04-03T02:24:43.628+0600][46.131s][info][gc,stats    ]   CTR: Thread Roots                3454 us, workers (us): 1258, 1241, 956, ---, ---, ---, 
[2026-04-03T02:24:43.628+0600][46.131s][info][gc,stats    ] Concurrent Weak References         1619 us, parallelism: 0.92x
[2026-04-03T02:24:43.628+0600][46.131s][info][gc,stats    ]   CWRF: <total>                    1485 us
[2026-04-03T02:24:43.628+0600][46.131s][info][gc,stats    ]   CWRF: Weak References            1485 us, workers (us): 1448,  37,   0, ---, ---, ---, 
[2026-04-03T02:24:43.628+0600][46.131s][info][gc,stats    ] Concurrent Weak Roots              6708 us
[2026-04-03T02:24:43.628+0600][46.131s][info][gc,stats    ]   Roots                            6115 us, parallelism: 2.55x
[2026-04-03T02:24:43.628+0600][46.131s][info][gc,stats    ]     CWR: <total>                  15620 us
[2026-04-03T02:24:43.628+0600][46.131s][info][gc,stats    ]     CWR: Code Cache Roots         12304 us, workers (us): 4156, 3997, 4151, ---, ---, ---, 
[2026-04-03T02:24:43.628+0600][46.131s][info][gc,stats    ]     CWR: VM Weak Roots             3029 us, workers (us): 1223, 1122, 684, ---, ---, ---, 
[2026-04-03T02:24:43.628+0600][46.131s][info][gc,stats    ]     CWR: CLDG Roots                 288 us, workers (us): ---, 288, ---, ---, ---, ---, 
[2026-04-03T02:24:43.628+0600][46.131s][info][gc,stats    ]   Rendezvous                        428 us
[2026-04-03T02:24:43.628+0600][46.131s][info][gc,stats    ] Concurrent Cleanup                 1470 us
[2026-04-03T02:24:43.628+0600][46.131s][info][gc,stats    ] Concurrent Class Unloading        23003 us
[2026-04-03T02:24:43.628+0600][46.131s][info][gc,stats    ]   Unlink Stale                    19928 us
[2026-04-03T02:24:43.628+0600][46.131s][info][gc,stats    ]     System Dictionary               297 us
[2026-04-03T02:24:43.628+0600][46.131s][info][gc,stats    ]     Weak Class Links                  1 us
[2026-04-03T02:24:43.628+0600][46.131s][info][gc,stats    ]     Code Roots                    19626 us
[2026-04-03T02:24:43.628+0600][46.131s][info][gc,stats    ]   Rendezvous                        382 us
[2026-04-03T02:24:43.628+0600][46.131s][info][gc,stats    ]   Purge Unlinked                   2523 us
[2026-04-03T02:24:43.628+0600][46.131s][info][gc,stats    ]     Code Roots                     2503 us
[2026-04-03T02:24:43.628+0600][46.131s][info][gc,stats    ]     CLDG                             20 us
[2026-04-03T02:24:43.628+0600][46.131s][info][gc,stats    ]     Exception Caches                  0 us
[2026-04-03T02:24:43.628+0600][46.131s][info][gc,stats    ] Concurrent Strong Roots            1376 us, parallelism: 0.65x
[2026-04-03T02:24:43.628+0600][46.131s][info][gc,stats    ]   CSR: <total>                      888 us
[2026-04-03T02:24:43.628+0600][46.131s][info][gc,stats    ]   CSR: VM Strong Roots               63 us, workers (us):  60,   2,   0, ---, ---, ---, 
[2026-04-03T02:24:43.628+0600][46.131s][info][gc,stats    ]   CSR: CLDG Roots                   825 us, workers (us): 825, ---, ---, ---, ---, ---, 
[2026-04-03T02:24:43.628+0600][46.131s][info][gc,stats    ] Concurrent Evacuation              4559 us
[2026-04-03T02:24:43.628+0600][46.131s][info][gc,stats    ] Pause Init Update Refs (G)          804 us
[2026-04-03T02:24:43.628+0600][46.131s][info][gc,stats    ] Pause Init Update Refs (N)          144 us
[2026-04-03T02:24:43.628+0600][46.131s][info][gc,stats    ]   Manage GCLABs                      46 us
[2026-04-03T02:24:43.628+0600][46.131s][info][gc,stats    ] Concurrent Update Refs            57063 us
[2026-04-03T02:24:43.628+0600][46.131s][info][gc,stats    ] Concurrent Update Thread Roots     1149 us
[2026-04-03T02:24:43.628+0600][46.131s][info][gc,stats    ] Pause Final Update Refs (G)         404 us
[2026-04-03T02:24:43.628+0600][46.131s][info][gc,stats    ] Pause Final Update Refs (N)         216 us
[2026-04-03T02:24:43.628+0600][46.131s][info][gc,stats    ]   Update Region States               70 us
[2026-04-03T02:24:43.628+0600][46.132s][info][gc,stats    ]   Trash Collection Set               22 us
[2026-04-03T02:24:43.628+0600][46.132s][info][gc,stats    ]   Rebuild Free Set                   55 us
[2026-04-03T02:24:43.628+0600][46.132s][info][gc,stats    ] Concurrent Cleanup                  755 us
[2026-04-03T02:24:43.628+0600][46.132s][info][gc,stats    ] Pacing                           178849 us
[2026-04-03T02:24:43.628+0600][46.132s][info][gc,stats    ] 
[2026-04-03T02:24:43.628+0600][46.132s][info][gc,stats    ] Allocation pacing accrued:
[2026-04-03T02:24:43.628+0600][46.132s][info][gc,stats    ]      22 of   745 ms (  3.0%): Executor task launch worker for task 3.0 in stage 1185.0 (TID 2270)
[2026-04-03T02:24:43.628+0600][46.132s][info][gc,stats    ]      22 of   745 ms (  3.0%): Executor task launch worker for task 4.0 in stage 1185.0 (TID 2271)
[2026-04-03T02:24:43.628+0600][46.132s][info][gc,stats    ]      22 of   745 ms (  3.0%): Executor task launch worker for task 7.0 in stage 1185.0 (TID 2274)
[2026-04-03T02:24:43.628+0600][46.132s][info][gc,stats    ]      22 of   745 ms (  3.0%): Executor task launch worker for task 1.0 in stage 1185.0 (TID 2268)
[2026-04-03T02:24:43.628+0600][46.132s][info][gc,stats    ]      22 of   745 ms (  3.0%): Executor task launch worker for task 2.0 in stage 1185.0 (TID 2269)
[2026-04-03T02:24:43.628+0600][46.132s][info][gc,stats    ]      22 of   745 ms (  3.0%): Executor task launch worker for task 5.0 in stage 1185.0 (TID 2272)
[2026-04-03T02:24:43.628+0600][46.132s][info][gc,stats    ]      22 of   745 ms (  3.0%): Executor task launch worker for task 0.0 in stage 1185.0 (TID 2267)
[2026-04-03T02:24:43.628+0600][46.132s][info][gc,stats    ]      22 of   745 ms (  3.0%): Executor task launch worker for task 6.0 in stage 1185.0 (TID 2273)
[2026-04-03T02:24:43.628+0600][46.132s][info][gc,stats    ]     179 of   745 ms ( 24.0%): <total>
[2026-04-03T02:24:43.628+0600][46.132s][info][gc,stats    ]       1 of   745 ms (  0.1%): <average total>
[2026-04-03T02:24:43.628+0600][46.132s][info][gc,stats    ]      22 of   745 ms (  3.0%): <average non-zero>
[2026-04-03T02:24:43.628+0600][46.132s][info][gc,stats    ] 
[2026-04-03T02:24:43.628+0600][46.132s][info][gc,metaspace] Metaspace: 130789K(131968K)->130790K(131968K) NonClass: 114330K(114944K)->114331K(114944K) Class: 16459K(17024K)->16459K(17024K)
[2026-04-03T02:24:43.628+0600][46.132s][info][gc,ergo     ] Pacer for Idle. Initial: 20480K, Alloc Tax Rate: 1.0x
[2026-04-03T02:24:43.831+0600][46.335s][info][gc          ] Trigger: Average GC time (179.50 ms) is above the time for average allocation rate (2260 MB/s) to deplete free headroom (203M) (margin of error = 1.84)
[2026-04-03T02:24:43.831+0600][46.335s][info][gc,ergo     ] Free headroom: 253M (free) - 51200K (spike) - 0B (penalties) = 203M
[2026-04-03T02:24:43.831+0600][46.335s][info][gc,ergo     ] Free: 253M, Max: 256K regular, 140M humongous, Frag: 45% external, 0% internal; Reserve: 51200K, Max: 256K
[2026-04-03T02:24:43.831+0600][46.335s][info][gc,start    ] GC(41) Concurrent reset
[2026-04-03T02:24:43.831+0600][46.335s][info][gc,task     ] GC(41) Using 3 of 6 workers for concurrent reset
[2026-04-03T02:24:43.831+0600][46.335s][info][gc,ergo     ] GC(41) Pacer for Reset. Non-Taxable: 1000M
[2026-04-03T02:24:43.833+0600][46.336s][info][gc          ] GC(41) Concurrent reset 1.148ms
[2026-04-03T02:24:43.833+0600][46.336s][info][gc,start    ] GC(41) Pause Init Mark (unload classes)
[2026-04-03T02:24:43.833+0600][46.336s][info][gc,task     ] GC(41) Using 6 of 6 workers for init marking
[2026-04-03T02:24:43.833+0600][46.336s][info][gc,ergo     ] GC(41) Pacer for Mark. Expected Live: 93207K, Free: 252M, Non-Taxable: 25879K, Alloc Tax Rate: 0.4x
[2026-04-03T02:24:43.833+0600][46.336s][info][gc          ] GC(41) Pause Init Mark (unload classes) 0.149ms
[2026-04-03T02:24:43.833+0600][46.336s][info][gc,start    ] GC(41) Concurrent marking roots
[2026-04-03T02:24:43.833+0600][46.336s][info][gc,task     ] GC(41) Using 3 of 6 workers for concurrent marking roots
[2026-04-03T02:24:43.834+0600][46.338s][info][gc          ] GC(41) Concurrent marking roots 1.226ms
[2026-04-03T02:24:43.834+0600][46.338s][info][gc,start    ] GC(41) Concurrent marking (unload classes)
[2026-04-03T02:24:43.834+0600][46.338s][info][gc,task     ] GC(41) Using 3 of 6 workers for concurrent marking
[2026-04-03T02:24:43.896+0600][46.399s][info][gc          ] GC(41) Concurrent marking (unload classes) 61.703ms
[2026-04-03T02:24:43.896+0600][46.400s][info][gc,start    ] GC(41) Pause Final Mark (unload classes)
[2026-04-03T02:24:43.896+0600][46.400s][info][gc,task     ] GC(41) Using 6 of 6 workers for final marking
[2026-04-03T02:24:43.897+0600][46.400s][info][gc,ergo     ] GC(41) Collectable Garbage: 531M (91%), Immediate: 531M (91%), CSet: 0B (0%)
[2026-04-03T02:24:43.897+0600][46.400s][info][gc          ] GC(41) Pause Final Mark (unload classes) 0.568ms
[2026-04-03T02:24:43.897+0600][46.400s][info][gc,start    ] GC(41) Concurrent weak references
[2026-04-03T02:24:43.897+0600][46.400s][info][gc,task     ] GC(41) Using 3 of 6 workers for concurrent weak references
[2026-04-03T02:24:43.898+0600][46.401s][info][gc,ref      ] GC(41) Encountered references: Soft: 3865, Weak: 15273, Final: 84, Phantom: 620
[2026-04-03T02:24:43.898+0600][46.401s][info][gc,ref      ] GC(41) Discovered  references: Soft: 0, Weak: 8620, Final: 84, Phantom: 616
[2026-04-03T02:24:43.898+0600][46.401s][info][gc,ref      ] GC(41) Enqueued    references: Soft: 0, Weak: 580, Final: 0, Phantom: 0
[2026-04-03T02:24:43.898+0600][46.401s][info][gc          ] GC(41) Concurrent weak references 0.961ms
[2026-04-03T02:24:43.898+0600][46.401s][info][gc,start    ] GC(41) Concurrent weak roots
[2026-04-03T02:24:43.898+0600][46.401s][info][gc,task     ] GC(41) Using 3 of 6 workers for concurrent weak root
[2026-04-03T02:24:43.902+0600][46.406s][info][gc          ] GC(41) Concurrent weak roots 4.264ms
[2026-04-03T02:24:43.902+0600][46.406s][info][gc,start    ] GC(41) Concurrent cleanup
[2026-04-03T02:24:43.903+0600][46.406s][info][gc          ] GC(41) Concurrent cleanup 708M->176M(844M) 0.832ms
[2026-04-03T02:24:43.903+0600][46.407s][info][gc,ergo     ] GC(41) Free: 768M, Max: 256K regular, 209M humongous, Frag: 73% external, 0% internal; Reserve: 51200K, Max: 256K
[2026-04-03T02:24:43.903+0600][46.407s][info][gc,start    ] GC(41) Concurrent class unloading
[2026-04-03T02:24:43.903+0600][46.407s][info][gc,task     ] GC(41) Using 3 of 6 workers for concurrent class unloading
[2026-04-03T02:24:43.919+0600][46.422s][info][gc          ] GC(41) Concurrent class unloading 15.887ms
[2026-04-03T02:24:43.920+0600][46.423s][info][gc,start    ] GC(41) Pause Final Roots
[2026-04-03T02:24:43.920+0600][46.423s][info][gc          ] GC(41) Pause Final Roots 0.082ms
[2026-04-03T02:24:43.920+0600][46.423s][info][gc,ergo     ] Free: 759M, Max: 256K regular, 209M humongous, Frag: 73% external, 0% internal; Reserve: 51200K, Max: 256K
[2026-04-03T02:24:43.920+0600][46.423s][info][gc,stats    ] 
[2026-04-03T02:24:43.920+0600][46.423s][info][gc,stats    ] All times are wall-clock times, except per-root-class counters, that are sum over
[2026-04-03T02:24:43.920+0600][46.423s][info][gc,stats    ] all workers. Dividing the <total> over the root stage time estimates parallelism.
[2026-04-03T02:24:43.920+0600][46.423s][info][gc,stats    ] 
[2026-04-03T02:24:43.920+0600][46.423s][info][gc,stats    ] Concurrent Reset                   1198 us
[2026-04-03T02:24:43.920+0600][46.424s][info][gc,stats    ] Pause Init Mark (G)                 527 us
[2026-04-03T02:24:43.920+0600][46.424s][info][gc,stats    ] Pause Init Mark (N)                 160 us
[2026-04-03T02:24:43.920+0600][46.424s][info][gc,stats    ]   Update Region States               42 us
[2026-04-03T02:24:43.920+0600][46.424s][info][gc,stats    ] Concurrent Mark Roots              1283 us, parallelism: 1.75x
[2026-04-03T02:24:43.920+0600][46.424s][info][gc,stats    ]   CMR: <total>                     2245 us
[2026-04-03T02:24:43.920+0600][46.424s][info][gc,stats    ]   CMR: Thread Roots                1843 us, workers (us): 377, 736, 730, ---, ---, ---, 
[2026-04-03T02:24:43.920+0600][46.424s][info][gc,stats    ]   CMR: VM Strong Roots               46 us, workers (us):  23,  17,   6, ---, ---, ---, 
[2026-04-03T02:24:43.920+0600][46.424s][info][gc,stats    ]   CMR: CLDG Roots                   355 us, workers (us): 355, ---, ---, ---, ---, ---, 
[2026-04-03T02:24:43.920+0600][46.424s][info][gc,stats    ] Concurrent Marking                61780 us
[2026-04-03T02:24:43.920+0600][46.424s][info][gc,stats    ] Pause Final Mark (G)                807 us
[2026-04-03T02:24:43.920+0600][46.424s][info][gc,stats    ] Pause Final Mark (N)                587 us
[2026-04-03T02:24:43.920+0600][46.424s][info][gc,stats    ]   Finish Mark                       203 us
[2026-04-03T02:24:43.920+0600][46.424s][info][gc,stats    ]   Update Region States               58 us
[2026-04-03T02:24:43.920+0600][46.424s][info][gc,stats    ]   Choose Collection Set             136 us
[2026-04-03T02:24:43.920+0600][46.424s][info][gc,stats    ]   Rebuild Free Set                   46 us
[2026-04-03T02:24:43.920+0600][46.424s][info][gc,stats    ] Concurrent Weak References          976 us, parallelism: 0.98x
[2026-04-03T02:24:43.920+0600][46.424s][info][gc,stats    ]   CWRF: <total>                     956 us
[2026-04-03T02:24:43.920+0600][46.424s][info][gc,stats    ]   CWRF: Weak References             956 us, workers (us): 154, 643, 160, ---, ---, ---, 
[2026-04-03T02:24:43.921+0600][46.424s][info][gc,stats    ] Concurrent Weak Roots              4346 us
[2026-04-03T02:24:43.921+0600][46.424s][info][gc,stats    ]   Roots                            3914 us, parallelism: 2.67x
[2026-04-03T02:24:43.921+0600][46.424s][info][gc,stats    ]     CWR: <total>                  10444 us
[2026-04-03T02:24:43.921+0600][46.424s][info][gc,stats    ]     CWR: Code Cache Roots          8241 us, workers (us): 2807, 2648, 2786, ---, ---, ---, 
[2026-04-03T02:24:43.921+0600][46.424s][info][gc,stats    ]     CWR: VM Weak Roots             2084 us, workers (us): 753, 689, 642, ---, ---, ---, 
[2026-04-03T02:24:43.921+0600][46.424s][info][gc,stats    ]     CWR: CLDG Roots                 119 us, workers (us): ---, 119, ---, ---, ---, ---, 
[2026-04-03T02:24:43.921+0600][46.424s][info][gc,stats    ]   Rendezvous                        318 us
[2026-04-03T02:24:43.921+0600][46.424s][info][gc,stats    ] Concurrent Cleanup                  876 us
[2026-04-03T02:24:43.921+0600][46.424s][info][gc,stats    ] Concurrent Class Unloading        15984 us
[2026-04-03T02:24:43.921+0600][46.424s][info][gc,stats    ]   Unlink Stale                    14261 us
[2026-04-03T02:24:43.921+0600][46.424s][info][gc,stats    ]     System Dictionary               290 us
[2026-04-03T02:24:43.921+0600][46.424s][info][gc,stats    ]     Weak Class Links                  0 us
[2026-04-03T02:24:43.921+0600][46.424s][info][gc,stats    ]     Code Roots                    13967 us
[2026-04-03T02:24:43.921+0600][46.424s][info][gc,stats    ]   Rendezvous                        397 us
[2026-04-03T02:24:43.921+0600][46.424s][info][gc,stats    ]   Purge Unlinked                   1187 us
[2026-04-03T02:24:43.921+0600][46.424s][info][gc,stats    ]     Code Roots                     1171 us
[2026-04-03T02:24:43.921+0600][46.424s][info][gc,stats    ]     CLDG                             14 us
[2026-04-03T02:24:43.921+0600][46.424s][info][gc,stats    ]     Exception Caches                  1 us
[2026-04-03T02:24:43.921+0600][46.424s][info][gc,stats    ] Pause Final Roots (G)               670 us
[2026-04-03T02:24:43.921+0600][46.424s][info][gc,stats    ] Pause Final Roots (N)                99 us
[2026-04-03T02:24:43.921+0600][46.424s][info][gc,stats    ] Pacing                            16781 us
[2026-04-03T02:24:43.921+0600][46.424s][info][gc,stats    ] 
[2026-04-03T02:24:43.921+0600][46.424s][info][gc,stats    ] Allocation pacing accrued:
[2026-04-03T02:24:43.921+0600][46.424s][info][gc,stats    ]      17 of   293 ms (  5.7%): main
[2026-04-03T02:24:43.921+0600][46.424s][info][gc,stats    ]      17 of   293 ms (  5.7%): <total>
[2026-04-03T02:24:43.921+0600][46.424s][info][gc,stats    ]       0 of   293 ms (  0.0%): <average total>
[2026-04-03T02:24:43.921+0600][46.424s][info][gc,stats    ]      17 of   293 ms (  5.7%): <average non-zero>
[2026-04-03T02:24:43.921+0600][46.424s][info][gc,stats    ] 
[2026-04-03T02:24:43.921+0600][46.424s][info][gc,metaspace] Metaspace: 130797K(132032K)->130800K(132032K) NonClass: 114338K(115008K)->114340K(115008K) Class: 16459K(17024K)->16459K(17024K)
[2026-04-03T02:24:43.921+0600][46.424s][info][gc,ergo     ] Pacer for Idle. Initial: 20480K, Alloc Tax Rate: 1.0x
[2026-04-03T02:24:44.033+0600][46.536s][info][gc          ] Trigger: Average GC time (187.22 ms) is above the time for average allocation rate (2444 MB/s) to deplete free headroom (333M) (margin of error = 1.84)
[2026-04-03T02:24:44.033+0600][46.536s][info][gc,ergo     ] Free headroom: 383M (free) - 51200K (spike) - 0B (penalties) = 333M
[2026-04-03T02:24:44.033+0600][46.536s][info][gc,ergo     ] Free: 383M, Max: 256K regular, 140M humongous, Frag: 64% external, 0% internal; Reserve: 51200K, Max: 256K
[2026-04-03T02:24:44.033+0600][46.536s][info][gc,start    ] GC(42) Concurrent reset
[2026-04-03T02:24:44.033+0600][46.536s][info][gc,task     ] GC(42) Using 3 of 6 workers for concurrent reset
[2026-04-03T02:24:44.033+0600][46.536s][info][gc,ergo     ] GC(42) Pacer for Reset. Non-Taxable: 1000M
[2026-04-03T02:24:44.034+0600][46.537s][info][gc          ] GC(42) Concurrent reset 0.893ms
[2026-04-03T02:24:44.034+0600][46.537s][info][gc,start    ] GC(42) Pause Init Mark (unload classes)
[2026-04-03T02:24:44.034+0600][46.537s][info][gc,task     ] GC(42) Using 6 of 6 workers for init marking
[2026-04-03T02:24:44.034+0600][46.538s][info][gc,ergo     ] GC(42) Pacer for Mark. Expected Live: 93143K, Free: 382M, Non-Taxable: 39149K, Alloc Tax Rate: 0.3x
[2026-04-03T02:24:44.034+0600][46.538s][info][gc          ] GC(42) Pause Init Mark (unload classes) 0.116ms
[2026-04-03T02:24:44.034+0600][46.538s][info][gc,start    ] GC(42) Concurrent marking roots
[2026-04-03T02:24:44.034+0600][46.538s][info][gc,task     ] GC(42) Using 3 of 6 workers for concurrent marking roots
[2026-04-03T02:24:44.037+0600][46.541s][info][gc          ] GC(42) Concurrent marking roots 2.982ms
[2026-04-03T02:24:44.037+0600][46.541s][info][gc,start    ] GC(42) Concurrent marking (unload classes)
[2026-04-03T02:24:44.037+0600][46.541s][info][gc,task     ] GC(42) Using 3 of 6 workers for concurrent marking
[2026-04-03T02:24:44.106+0600][46.609s][info][gc          ] GC(42) Concurrent marking (unload classes) 68.503ms
[2026-04-03T02:24:44.106+0600][46.609s][info][gc,start    ] GC(42) Pause Final Mark (unload classes)
[2026-04-03T02:24:44.106+0600][46.609s][info][gc,task     ] GC(42) Using 6 of 6 workers for final marking
[2026-04-03T02:24:44.107+0600][46.610s][info][gc,ergo     ] GC(42) Adaptive CSet Selection. Target Free: 141M, Actual Free: 754M, Max CSet: 42666K, Min Garbage: 0B
[2026-04-03T02:24:44.107+0600][46.610s][info][gc,ergo     ] GC(42) Collectable Garbage: 445M (98%), Immediate: 371M (82%), CSet: 75722K (16%)
[2026-04-03T02:24:44.107+0600][46.610s][info][gc,ergo     ] GC(42) Pacer for Evacuation. Used CSet: 81916K, Free: 730M, Non-Taxable: 74809K, Alloc Tax Rate: 1.1x
[2026-04-03T02:24:44.107+0600][46.610s][info][gc          ] GC(42) Pause Final Mark (unload classes) 0.899ms
[2026-04-03T02:24:44.107+0600][46.610s][info][gc,start    ] GC(42) Concurrent thread roots
[2026-04-03T02:24:44.107+0600][46.610s][info][gc,task     ] GC(42) Using 3 of 6 workers for Concurrent thread roots
[2026-04-03T02:24:44.108+0600][46.612s][info][gc          ] GC(42) Concurrent thread roots 1.140ms
[2026-04-03T02:24:44.108+0600][46.612s][info][gc,start    ] GC(42) Concurrent weak references
[2026-04-03T02:24:44.108+0600][46.612s][info][gc,task     ] GC(42) Using 3 of 6 workers for concurrent weak references
[2026-04-03T02:24:44.109+0600][46.612s][info][gc,ref      ] GC(42) Encountered references: Soft: 3873, Weak: 14939, Final: 84, Phantom: 620
[2026-04-03T02:24:44.109+0600][46.612s][info][gc,ref      ] GC(42) Discovered  references: Soft: 0, Weak: 8299, Final: 0, Phantom: 597
[2026-04-03T02:24:44.109+0600][46.612s][info][gc,ref      ] GC(42) Enqueued    references: Soft: 0, Weak: 375, Final: 0, Phantom: 0
[2026-04-03T02:24:44.109+0600][46.612s][info][gc          ] GC(42) Concurrent weak references 0.870ms
[2026-04-03T02:24:44.109+0600][46.612s][info][gc,start    ] GC(42) Concurrent weak roots
[2026-04-03T02:24:44.109+0600][46.613s][info][gc,task     ] GC(42) Using 3 of 6 workers for concurrent weak root
[2026-04-03T02:24:44.114+0600][46.617s][info][gc          ] GC(42) Concurrent weak roots 4.289ms
[2026-04-03T02:24:44.114+0600][46.617s][info][gc,start    ] GC(42) Concurrent cleanup
[2026-04-03T02:24:44.114+0600][46.618s][info][gc          ] GC(42) Concurrent cleanup 589M->217M(844M) 0.627ms
[2026-04-03T02:24:44.114+0600][46.618s][info][gc,ergo     ] GC(42) Free: 725M, Max: 256K regular, 170M humongous, Frag: 77% external, 0% internal; Reserve: 50594K, Max: 256K
[2026-04-03T02:24:44.114+0600][46.618s][info][gc,start    ] GC(42) Concurrent class unloading
[2026-04-03T02:24:44.114+0600][46.618s][info][gc,task     ] GC(42) Using 3 of 6 workers for concurrent class unloading
[2026-04-03T02:24:44.128+0600][46.632s][info][gc          ] GC(42) Concurrent class unloading 14.062ms
[2026-04-03T02:24:44.128+0600][46.632s][info][gc,start    ] GC(42) Concurrent strong roots
[2026-04-03T02:24:44.128+0600][46.632s][info][gc,task     ] GC(42) Using 3 of 6 workers for concurrent strong root
[2026-04-03T02:24:44.130+0600][46.633s][info][gc          ] GC(42) Concurrent strong roots 1.298ms
[2026-04-03T02:24:44.130+0600][46.633s][info][gc,start    ] GC(42) Concurrent evacuation
[2026-04-03T02:24:44.130+0600][46.633s][info][gc,task     ] GC(42) Using 3 of 6 workers for concurrent evacuation
[2026-04-03T02:24:44.133+0600][46.636s][info][gc          ] GC(42) Concurrent evacuation 2.930ms
[2026-04-03T02:24:44.133+0600][46.636s][info][gc,start    ] GC(42) Pause Init Update Refs
[2026-04-03T02:24:44.133+0600][46.636s][info][gc,ergo     ] GC(42) Pacer for Update Refs. Used: 229M, Free: 719M, Non-Taxable: 73670K, Alloc Tax Rate: 1.1x
[2026-04-03T02:24:44.133+0600][46.637s][info][gc          ] GC(42) Pause Init Update Refs 0.148ms
[2026-04-03T02:24:44.133+0600][46.637s][info][gc,start    ] GC(42) Concurrent update references
[2026-04-03T02:24:44.133+0600][46.637s][info][gc,task     ] GC(42) Using 3 of 6 workers for concurrent reference update
[2026-04-03T02:24:44.186+0600][46.689s][info][gc          ] GC(42) Concurrent update references 52.838ms
[2026-04-03T02:24:44.186+0600][46.690s][info][gc,start    ] GC(42) Concurrent update thread roots
[2026-04-03T02:24:44.188+0600][46.691s][info][gc          ] GC(42) Concurrent update thread roots 1.420ms
[2026-04-03T02:24:44.188+0600][46.691s][info][gc,start    ] GC(42) Pause Final Update Refs
[2026-04-03T02:24:44.188+0600][46.691s][info][gc,task     ] GC(42) Using 6 of 6 workers for final reference update
[2026-04-03T02:24:44.188+0600][46.692s][info][gc          ] GC(42) Pause Final Update Refs 0.227ms
[2026-04-03T02:24:44.188+0600][46.692s][info][gc,start    ] GC(42) Concurrent cleanup
[2026-04-03T02:24:44.189+0600][46.693s][info][gc          ] GC(42) Concurrent cleanup 249M->169M(844M) 0.826ms
[2026-04-03T02:24:44.189+0600][46.693s][info][gc,ergo     ] Free: 771M, Max: 256K regular, 375M humongous, Frag: 52% external, 0% internal; Reserve: 51200K, Max: 256K
[2026-04-03T02:24:44.189+0600][46.693s][info][gc,stats    ] 
[2026-04-03T02:24:44.189+0600][46.693s][info][gc,stats    ] All times are wall-clock times, except per-root-class counters, that are sum over
[2026-04-03T02:24:44.189+0600][46.693s][info][gc,stats    ] all workers. Dividing the <total> over the root stage time estimates parallelism.
[2026-04-03T02:24:44.189+0600][46.693s][info][gc,stats    ] 
[2026-04-03T02:24:44.189+0600][46.693s][info][gc,stats    ] Concurrent Reset                    934 us
[2026-04-03T02:24:44.189+0600][46.693s][info][gc,stats    ] Pause Init Mark (G)                 362 us
[2026-04-03T02:24:44.189+0600][46.693s][info][gc,stats    ] Pause Init Mark (N)                 128 us
[2026-04-03T02:24:44.189+0600][46.693s][info][gc,stats    ]   Update Region States               42 us
[2026-04-03T02:24:44.189+0600][46.693s][info][gc,stats    ] Concurrent Mark Roots              3054 us, parallelism: 1.69x
[2026-04-03T02:24:44.189+0600][46.693s][info][gc,stats    ]   CMR: <total>                     5174 us
[2026-04-03T02:24:44.189+0600][46.693s][info][gc,stats    ]   CMR: Thread Roots                4776 us, workers (us): 1332, 1021, 2423, ---, ---, ---, 
[2026-04-03T02:24:44.189+0600][46.693s][info][gc,stats    ]   CMR: VM Strong Roots               76 us, workers (us):  47,  29,   1, ---, ---, ---, 
[2026-04-03T02:24:44.189+0600][46.693s][info][gc,stats    ]   CMR: CLDG Roots                   322 us, workers (us): ---, 322, ---, ---, ---, ---, 
[2026-04-03T02:24:44.189+0600][46.693s][info][gc,stats    ] Concurrent Marking                68585 us
[2026-04-03T02:24:44.190+0600][46.693s][info][gc,stats    ] Pause Final Mark (G)               1175 us
[2026-04-03T02:24:44.190+0600][46.693s][info][gc,stats    ] Pause Final Mark (N)                920 us
[2026-04-03T02:24:44.190+0600][46.693s][info][gc,stats    ]   Finish Mark                       258 us
[2026-04-03T02:24:44.190+0600][46.693s][info][gc,stats    ]   Update Region States               82 us
[2026-04-03T02:24:44.190+0600][46.693s][info][gc,stats    ]   Choose Collection Set             333 us
[2026-04-03T02:24:44.190+0600][46.693s][info][gc,stats    ]   Rebuild Free Set                   51 us
[2026-04-03T02:24:44.190+0600][46.693s][info][gc,stats    ] Concurrent Thread Roots            1179 us, parallelism: 2.38x
[2026-04-03T02:24:44.190+0600][46.693s][info][gc,stats    ]   CTR: <total>                     2812 us
[2026-04-03T02:24:44.190+0600][46.693s][info][gc,stats    ]   CTR: Thread Roots                2812 us, workers (us): 998, 942, 872, ---, ---, ---, 
[2026-04-03T02:24:44.190+0600][46.693s][info][gc,stats    ] Concurrent Weak References          884 us, parallelism: 1.09x
[2026-04-03T02:24:44.190+0600][46.693s][info][gc,stats    ]   CWRF: <total>                     968 us
[2026-04-03T02:24:44.190+0600][46.693s][info][gc,stats    ]   CWRF: Weak References             968 us, workers (us): 108, 217, 642, ---, ---, ---, 
[2026-04-03T02:24:44.190+0600][46.693s][info][gc,stats    ] Concurrent Weak Roots              4380 us
[2026-04-03T02:24:44.190+0600][46.693s][info][gc,stats    ]   Roots                            3948 us, parallelism: 2.63x
[2026-04-03T02:24:44.190+0600][46.693s][info][gc,stats    ]     CWR: <total>                  10391 us
[2026-04-03T02:24:44.190+0600][46.693s][info][gc,stats    ]     CWR: Code Cache Roots          7696 us, workers (us): 2599, 2454, 2642, ---, ---, ---, 
[2026-04-03T02:24:44.190+0600][46.693s][info][gc,stats    ]     CWR: VM Weak Roots             2583 us, workers (us): 883, 869, 831, ---, ---, ---, 
[2026-04-03T02:24:44.190+0600][46.693s][info][gc,stats    ]     CWR: CLDG Roots                 113 us, workers (us): ---, 113, ---, ---, ---, ---, 
[2026-04-03T02:24:44.190+0600][46.693s][info][gc,stats    ]   Rendezvous                        314 us
[2026-04-03T02:24:44.190+0600][46.693s][info][gc,stats    ] Concurrent Cleanup                  660 us
[2026-04-03T02:24:44.190+0600][46.693s][info][gc,stats    ] Concurrent Class Unloading        14157 us
[2026-04-03T02:24:44.190+0600][46.693s][info][gc,stats    ]   Unlink Stale                    13078 us
[2026-04-03T02:24:44.190+0600][46.693s][info][gc,stats    ]     System Dictionary               239 us
[2026-04-03T02:24:44.190+0600][46.693s][info][gc,stats    ]     Weak Class Links                  0 us
[2026-04-03T02:24:44.190+0600][46.693s][info][gc,stats    ]     Code Roots                    12834 us
[2026-04-03T02:24:44.190+0600][46.693s][info][gc,stats    ]   Rendezvous                        431 us
[2026-04-03T02:24:44.190+0600][46.693s][info][gc,stats    ]   Purge Unlinked                    517 us
[2026-04-03T02:24:44.190+0600][46.693s][info][gc,stats    ]     Code Roots                      505 us
[2026-04-03T02:24:44.190+0600][46.693s][info][gc,stats    ]     CLDG                             11 us
[2026-04-03T02:24:44.190+0600][46.693s][info][gc,stats    ]     Exception Caches                  0 us
[2026-04-03T02:24:44.190+0600][46.693s][info][gc,stats    ] Concurrent Strong Roots            1362 us, parallelism: 0.63x
[2026-04-03T02:24:44.190+0600][46.693s][info][gc,stats    ]   CSR: <total>                      854 us
[2026-04-03T02:24:44.190+0600][46.693s][info][gc,stats    ]   CSR: VM Strong Roots               63 us, workers (us):  61,   2,   1, ---, ---, ---, 
[2026-04-03T02:24:44.190+0600][46.693s][info][gc,stats    ]   CSR: CLDG Roots                   791 us, workers (us): ---, 791, ---, ---, ---, ---, 
[2026-04-03T02:24:44.190+0600][46.693s][info][gc,stats    ] Concurrent Evacuation              3022 us
[2026-04-03T02:24:44.190+0600][46.693s][info][gc,stats    ] Pause Init Update Refs (G)          479 us
[2026-04-03T02:24:44.190+0600][46.693s][info][gc,stats    ] Pause Init Update Refs (N)          160 us
[2026-04-03T02:24:44.190+0600][46.693s][info][gc,stats    ]   Manage GCLABs                      47 us
[2026-04-03T02:24:44.190+0600][46.693s][info][gc,stats    ] Concurrent Update Refs            52919 us
[2026-04-03T02:24:44.190+0600][46.693s][info][gc,stats    ] Concurrent Update Thread Roots     1509 us
[2026-04-03T02:24:44.190+0600][46.693s][info][gc,stats    ] Pause Final Update Refs (G)         652 us
[2026-04-03T02:24:44.190+0600][46.693s][info][gc,stats    ] Pause Final Update Refs (N)         244 us
[2026-04-03T02:24:44.190+0600][46.693s][info][gc,stats    ]   Update Region States               69 us
[2026-04-03T02:24:44.190+0600][46.693s][info][gc,stats    ]   Trash Collection Set               21 us
[2026-04-03T02:24:44.190+0600][46.693s][info][gc,stats    ]   Rebuild Free Set                   59 us
[2026-04-03T02:24:44.190+0600][46.693s][info][gc,stats    ] Concurrent Cleanup                  874 us
[2026-04-03T02:24:44.190+0600][46.693s][info][gc,stats    ] 
[2026-04-03T02:24:44.190+0600][46.693s][info][gc,stats    ] Allocation pacing accrued:
[2026-04-03T02:24:44.190+0600][46.693s][info][gc,stats    ]       0 of   269 ms (  0.0%): <total>
[2026-04-03T02:24:44.190+0600][46.693s][info][gc,stats    ]       0 of   269 ms (  0.0%): <average total>
[2026-04-03T02:24:44.190+0600][46.693s][info][gc,stats    ] 
[2026-04-03T02:24:44.190+0600][46.693s][info][gc,metaspace] Metaspace: 130809K(132032K)->130822K(132032K) NonClass: 114350K(115008K)->114363K(115008K) Class: 16459K(17024K)->16459K(17024K)
[2026-04-03T02:24:44.190+0600][46.693s][info][gc,ergo     ] Pacer for Idle. Initial: 20480K, Alloc Tax Rate: 1.0x
[2026-04-03T02:24:44.811+0600][47.314s][info][gc          ] Trigger: Average GC time (194.47 ms) is above the time for average allocation rate (1039 MB/s) to deplete free headroom (199M) (margin of error = 1.83)
[2026-04-03T02:24:44.811+0600][47.314s][info][gc,ergo     ] Free headroom: 249M (free) - 51200K (spike) - 0B (penalties) = 199M
[2026-04-03T02:24:44.811+0600][47.314s][info][gc,ergo     ] Free: 249M, Max: 256K regular, 249M humongous, Frag: 0% external, 0% internal; Reserve: 51200K, Max: 256K
[2026-04-03T02:24:44.811+0600][47.314s][info][gc,start    ] GC(43) Concurrent reset
[2026-04-03T02:24:44.811+0600][47.314s][info][gc,task     ] GC(43) Using 3 of 6 workers for concurrent reset
[2026-04-03T02:24:44.811+0600][47.314s][info][gc,ergo     ] GC(43) Pacer for Reset. Non-Taxable: 1000M
[2026-04-03T02:24:44.812+0600][47.315s][info][gc          ] GC(43) Concurrent reset 1.051ms
[2026-04-03T02:24:44.812+0600][47.315s][info][gc,start    ] GC(43) Pause Init Mark (unload classes)
[2026-04-03T02:24:44.812+0600][47.315s][info][gc,task     ] GC(43) Using 6 of 6 workers for init marking
[2026-04-03T02:24:44.812+0600][47.315s][info][gc,ergo     ] GC(43) Pacer for Mark. Expected Live: 89778K, Free: 249M, Non-Taxable: 25560K, Alloc Tax Rate: 0.4x
[2026-04-03T02:24:44.812+0600][47.315s][info][gc          ] GC(43) Pause Init Mark (unload classes) 0.128ms
[2026-04-03T02:24:44.812+0600][47.315s][info][gc,start    ] GC(43) Concurrent marking roots
[2026-04-03T02:24:44.812+0600][47.315s][info][gc,task     ] GC(43) Using 3 of 6 workers for concurrent marking roots
[2026-04-03T02:24:44.814+0600][47.317s][info][gc          ] GC(43) Concurrent marking roots 1.344ms
[2026-04-03T02:24:44.814+0600][47.317s][info][gc,start    ] GC(43) Concurrent marking (unload classes)
[2026-04-03T02:24:44.814+0600][47.317s][info][gc,task     ] GC(43) Using 3 of 6 workers for concurrent marking
[2026-04-03T02:24:44.877+0600][47.381s][info][gc          ] GC(43) Concurrent marking (unload classes) 63.810ms
[2026-04-03T02:24:44.878+0600][47.381s][info][gc,start    ] GC(43) Pause Final Mark (unload classes)
[2026-04-03T02:24:44.878+0600][47.381s][info][gc,task     ] GC(43) Using 6 of 6 workers for final marking
[2026-04-03T02:24:44.878+0600][47.382s][info][gc,ergo     ] GC(43) Adaptive CSet Selection. Target Free: 141M, Actual Free: 719M, Max CSet: 42666K, Min Garbage: 0B
[2026-04-03T02:24:44.878+0600][47.382s][info][gc,ergo     ] GC(43) Collectable Garbage: 565M (98%), Immediate: 463M (80%), CSet: 101M (17%)
[2026-04-03T02:24:44.879+0600][47.382s][info][gc,ergo     ] GC(43) Pacer for Evacuation. Used CSet: 104M, Free: 709M, Non-Taxable: 72628K, Alloc Tax Rate: 1.1x
[2026-04-03T02:24:44.879+0600][47.382s][info][gc          ] GC(43) Pause Final Mark (unload classes) 0.857ms
[2026-04-03T02:24:44.879+0600][47.382s][info][gc,start    ] GC(43) Concurrent thread roots
[2026-04-03T02:24:44.879+0600][47.382s][info][gc,task     ] GC(43) Using 3 of 6 workers for Concurrent thread roots
[2026-04-03T02:24:44.879+0600][47.383s][info][gc          ] GC(43) Concurrent thread roots 0.754ms
[2026-04-03T02:24:44.880+0600][47.383s][info][gc,start    ] GC(43) Concurrent weak references
[2026-04-03T02:24:44.880+0600][47.383s][info][gc,task     ] GC(43) Using 3 of 6 workers for concurrent weak references
[2026-04-03T02:24:44.880+0600][47.383s][info][gc,ref      ] GC(43) Encountered references: Soft: 3865, Weak: 15423, Final: 84, Phantom: 620
[2026-04-03T02:24:44.880+0600][47.383s][info][gc,ref      ] GC(43) Discovered  references: Soft: 0, Weak: 8782, Final: 48, Phantom: 614
[2026-04-03T02:24:44.880+0600][47.383s][info][gc,ref      ] GC(43) Enqueued    references: Soft: 0, Weak: 264, Final: 0, Phantom: 0
[2026-04-03T02:24:44.880+0600][47.383s][info][gc          ] GC(43) Concurrent weak references 0.431ms
[2026-04-03T02:24:44.880+0600][47.383s][info][gc,start    ] GC(43) Concurrent weak roots
[2026-04-03T02:24:44.880+0600][47.383s][info][gc,task     ] GC(43) Using 3 of 6 workers for concurrent weak root
[2026-04-03T02:24:44.884+0600][47.387s][info][gc          ] GC(43) Concurrent weak roots 3.584ms
[2026-04-03T02:24:44.884+0600][47.387s][info][gc,start    ] GC(43) Concurrent cleanup
[2026-04-03T02:24:44.885+0600][47.388s][info][gc          ] GC(43) Concurrent cleanup 702M->240M(844M) 0.987ms
[2026-04-03T02:24:44.885+0600][47.388s][info][gc,ergo     ] GC(43) Free: 704M, Max: 256K regular, 205M humongous, Frag: 71% external, 0% internal; Reserve: 50959K, Max: 256K
[2026-04-03T02:24:44.885+0600][47.388s][info][gc,start    ] GC(43) Concurrent class unloading
[2026-04-03T02:24:44.885+0600][47.388s][info][gc,task     ] GC(43) Using 3 of 6 workers for concurrent class unloading
[2026-04-03T02:24:44.902+0600][47.405s][info][gc          ] GC(43) Concurrent class unloading 16.836ms
[2026-04-03T02:24:44.902+0600][47.405s][info][gc,start    ] GC(43) Concurrent strong roots
[2026-04-03T02:24:44.902+0600][47.405s][info][gc,task     ] GC(43) Using 3 of 6 workers for concurrent strong root
[2026-04-03T02:24:44.903+0600][47.406s][info][gc          ] GC(43) Concurrent strong roots 0.932ms
[2026-04-03T02:24:44.903+0600][47.406s][info][gc,start    ] GC(43) Concurrent evacuation
[2026-04-03T02:24:44.903+0600][47.406s][info][gc,task     ] GC(43) Using 3 of 6 workers for concurrent evacuation
[2026-04-03T02:24:44.905+0600][47.408s][info][gc          ] GC(43) Concurrent evacuation 1.927ms
[2026-04-03T02:24:44.905+0600][47.408s][info][gc,start    ] GC(43) Pause Init Update Refs
[2026-04-03T02:24:44.905+0600][47.408s][info][gc,ergo     ] GC(43) Pacer for Update Refs. Used: 253M, Free: 695M, Non-Taxable: 71208K, Alloc Tax Rate: 1.1x
[2026-04-03T02:24:44.905+0600][47.408s][info][gc          ] GC(43) Pause Init Update Refs 0.128ms
[2026-04-03T02:24:44.905+0600][47.408s][info][gc,start    ] GC(43) Concurrent update references
[2026-04-03T02:24:44.905+0600][47.408s][info][gc,task     ] GC(43) Using 3 of 6 workers for concurrent reference update
[2026-04-03T02:24:44.955+0600][47.459s][info][gc          ] GC(43) Concurrent update references 50.392ms
[2026-04-03T02:24:44.956+0600][47.459s][info][gc,start    ] GC(43) Concurrent update thread roots
[2026-04-03T02:24:44.957+0600][47.461s][info][gc          ] GC(43) Concurrent update thread roots 1.675ms
[2026-04-03T02:24:44.958+0600][47.461s][info][gc,start    ] GC(43) Pause Final Update Refs
[2026-04-03T02:24:44.958+0600][47.461s][info][gc,task     ] GC(43) Using 6 of 6 workers for final reference update
[2026-04-03T02:24:44.958+0600][47.461s][info][gc          ] GC(43) Pause Final Update Refs 0.356ms
[2026-04-03T02:24:44.958+0600][47.461s][info][gc,start    ] GC(43) Concurrent cleanup
[2026-04-03T02:24:44.959+0600][47.462s][info][gc          ] GC(43) Concurrent cleanup 284M->180M(844M) 0.565ms
[2026-04-03T02:24:44.959+0600][47.462s][info][gc,ergo     ] Free: 762M, Max: 256K regular, 258M humongous, Frag: 67% external, 0% internal; Reserve: 51200K, Max: 256K
[2026-04-03T02:24:44.959+0600][47.462s][info][gc,stats    ] 
[2026-04-03T02:24:44.959+0600][47.462s][info][gc,stats    ] All times are wall-clock times, except per-root-class counters, that are sum over
[2026-04-03T02:24:44.959+0600][47.462s][info][gc,stats    ] all workers. Dividing the <total> over the root stage time estimates parallelism.
[2026-04-03T02:24:44.959+0600][47.462s][info][gc,stats    ] 
[2026-04-03T02:24:44.959+0600][47.462s][info][gc,stats    ] Concurrent Reset                   1107 us
[2026-04-03T02:24:44.959+0600][47.462s][info][gc,stats    ] Pause Init Mark (G)                 296 us
[2026-04-03T02:24:44.959+0600][47.462s][info][gc,stats    ] Pause Init Mark (N)                 137 us
[2026-04-03T02:24:44.959+0600][47.462s][info][gc,stats    ]   Update Region States               40 us
[2026-04-03T02:24:44.959+0600][47.462s][info][gc,stats    ] Concurrent Mark Roots              1406 us, parallelism: 1.97x
[2026-04-03T02:24:44.959+0600][47.462s][info][gc,stats    ]   CMR: <total>                     2771 us
[2026-04-03T02:24:44.959+0600][47.462s][info][gc,stats    ]   CMR: Thread Roots                2262 us, workers (us): 453, 917, 892, ---, ---, ---, 
[2026-04-03T02:24:44.959+0600][47.462s][info][gc,stats    ]   CMR: VM Strong Roots               56 us, workers (us):  30,  25,   1, ---, ---, ---, 
[2026-04-03T02:24:44.959+0600][47.462s][info][gc,stats    ]   CMR: CLDG Roots                   453 us, workers (us): 453, ---, ---, ---, ---, ---, 
[2026-04-03T02:24:44.959+0600][47.462s][info][gc,stats    ] Concurrent Marking                63883 us
[2026-04-03T02:24:44.959+0600][47.462s][info][gc,stats    ] Pause Final Mark (G)               1271 us
[2026-04-03T02:24:44.959+0600][47.462s][info][gc,stats    ] Pause Final Mark (N)                869 us
[2026-04-03T02:24:44.959+0600][47.462s][info][gc,stats    ]   Finish Mark                       306 us
[2026-04-03T02:24:44.959+0600][47.462s][info][gc,stats    ]   Update Region States               66 us
[2026-04-03T02:24:44.959+0600][47.462s][info][gc,stats    ]   Choose Collection Set             308 us
[2026-04-03T02:24:44.959+0600][47.462s][info][gc,stats    ]   Rebuild Free Set                   57 us
[2026-04-03T02:24:44.959+0600][47.462s][info][gc,stats    ] Concurrent Thread Roots             777 us, parallelism: 2.43x
[2026-04-03T02:24:44.959+0600][47.462s][info][gc,stats    ]   CTR: <total>                     1887 us
[2026-04-03T02:24:44.959+0600][47.462s][info][gc,stats    ]   CTR: Thread Roots                1887 us, workers (us): 639, 643, 605, ---, ---, ---, 
[2026-04-03T02:24:44.959+0600][47.462s][info][gc,stats    ] Concurrent Weak References          440 us, parallelism: 1.96x
[2026-04-03T02:24:44.959+0600][47.462s][info][gc,stats    ]   CWRF: <total>                     861 us
[2026-04-03T02:24:44.959+0600][47.462s][info][gc,stats    ]   CWRF: Weak References             861 us, workers (us): 359, 269, 233, ---, ---, ---, 
[2026-04-03T02:24:44.959+0600][47.462s][info][gc,stats    ] Concurrent Weak Roots              3652 us
[2026-04-03T02:24:44.959+0600][47.462s][info][gc,stats    ]   Roots                            3272 us, parallelism: 2.72x
[2026-04-03T02:24:44.959+0600][47.462s][info][gc,stats    ]     CWR: <total>                   8889 us
[2026-04-03T02:24:44.959+0600][47.462s][info][gc,stats    ]     CWR: Code Cache Roots          6999 us, workers (us): 2245, 2383, 2371, ---, ---, ---, 
[2026-04-03T02:24:44.959+0600][47.462s][info][gc,stats    ]     CWR: VM Weak Roots             1725 us, workers (us): 594, 586, 545, ---, ---, ---, 
[2026-04-03T02:24:44.959+0600][47.462s][info][gc,stats    ]     CWR: CLDG Roots                 165 us, workers (us): 165, ---, ---, ---, ---, ---, 
[2026-04-03T02:24:44.959+0600][47.462s][info][gc,stats    ]   Rendezvous                        288 us
[2026-04-03T02:24:44.959+0600][47.462s][info][gc,stats    ] Concurrent Cleanup                 1017 us
[2026-04-03T02:24:44.959+0600][47.462s][info][gc,stats    ] Concurrent Class Unloading        16931 us
[2026-04-03T02:24:44.959+0600][47.463s][info][gc,stats    ]   Unlink Stale                    14785 us
[2026-04-03T02:24:44.959+0600][47.463s][info][gc,stats    ]     System Dictionary               259 us
[2026-04-03T02:24:44.959+0600][47.463s][info][gc,stats    ]     Weak Class Links                  0 us
[2026-04-03T02:24:44.959+0600][47.463s][info][gc,stats    ]     Code Roots                    14522 us
[2026-04-03T02:24:44.959+0600][47.463s][info][gc,stats    ]   Rendezvous                        452 us
[2026-04-03T02:24:44.959+0600][47.463s][info][gc,stats    ]   Purge Unlinked                   1547 us
[2026-04-03T02:24:44.959+0600][47.463s][info][gc,stats    ]     Code Roots                     1531 us
[2026-04-03T02:24:44.959+0600][47.463s][info][gc,stats    ]     CLDG                             15 us
[2026-04-03T02:24:44.959+0600][47.463s][info][gc,stats    ]     Exception Caches                  0 us
[2026-04-03T02:24:44.959+0600][47.463s][info][gc,stats    ] Concurrent Strong Roots             968 us, parallelism: 0.58x
[2026-04-03T02:24:44.959+0600][47.463s][info][gc,stats    ]   CSR: <total>                      556 us
[2026-04-03T02:24:44.959+0600][47.463s][info][gc,stats    ]   CSR: VM Strong Roots               53 us, workers (us):  53,   0,   0, ---, ---, ---, 
[2026-04-03T02:24:44.959+0600][47.463s][info][gc,stats    ]   CSR: CLDG Roots                   503 us, workers (us): 503, ---, ---, ---, ---, ---, 
[2026-04-03T02:24:44.959+0600][47.463s][info][gc,stats    ] Concurrent Evacuation              1997 us
[2026-04-03T02:24:44.959+0600][47.463s][info][gc,stats    ] Pause Init Update Refs (G)          452 us
[2026-04-03T02:24:44.959+0600][47.463s][info][gc,stats    ] Pause Init Update Refs (N)          142 us
[2026-04-03T02:24:44.959+0600][47.463s][info][gc,stats    ]   Manage GCLABs                      44 us
[2026-04-03T02:24:44.959+0600][47.463s][info][gc,stats    ] Concurrent Update Refs            50541 us
[2026-04-03T02:24:44.959+0600][47.463s][info][gc,stats    ] Concurrent Update Thread Roots     1744 us
[2026-04-03T02:24:44.959+0600][47.463s][info][gc,stats    ] Pause Final Update Refs (G)         676 us
[2026-04-03T02:24:44.959+0600][47.463s][info][gc,stats    ] Pause Final Update Refs (N)         392 us
[2026-04-03T02:24:44.959+0600][47.463s][info][gc,stats    ]   Update Region States              135 us
[2026-04-03T02:24:44.959+0600][47.463s][info][gc,stats    ]   Trash Collection Set               33 us
[2026-04-03T02:24:44.959+0600][47.463s][info][gc,stats    ]   Rebuild Free Set                   81 us
[2026-04-03T02:24:44.959+0600][47.463s][info][gc,stats    ] Concurrent Cleanup                  596 us
[2026-04-03T02:24:44.959+0600][47.463s][info][gc,stats    ] Pacing                           149842 us
[2026-04-03T02:24:44.960+0600][47.463s][info][gc,stats    ] 
[2026-04-03T02:24:44.960+0600][47.463s][info][gc,stats    ] Allocation pacing accrued:
[2026-04-03T02:24:44.960+0600][47.463s][info][gc,stats    ]      11 of   770 ms (  1.5%): spark-listener-group-shared
[2026-04-03T02:24:44.960+0600][47.463s][info][gc,stats    ]      21 of   770 ms (  2.8%): Executor task launch worker for task 2.0 in stage 1232.0 (TID 2419)
[2026-04-03T02:24:44.960+0600][47.463s][info][gc,stats    ]      11 of   770 ms (  1.4%): Executor task launch worker for task 5.0 in stage 1232.0 (TID 2422)
[2026-04-03T02:24:44.960+0600][47.463s][info][gc,stats    ]      11 of   770 ms (  1.5%): Executor task launch worker for task 7.0 in stage 1232.0 (TID 2424)
[2026-04-03T02:24:44.960+0600][47.463s][info][gc,stats    ]      21 of   770 ms (  2.8%): Executor task launch worker for task 0.0 in stage 1232.0 (TID 2417)
[2026-04-03T02:24:44.960+0600][47.463s][info][gc,stats    ]      10 of   770 ms (  1.3%): task-result-getter-0
[2026-04-03T02:24:44.960+0600][47.463s][info][gc,stats    ]      21 of   770 ms (  2.8%): task-result-getter-1
[2026-04-03T02:24:44.960+0600][47.463s][info][gc,stats    ]      21 of   770 ms (  2.8%): task-result-getter-2
[2026-04-03T02:24:44.960+0600][47.463s][info][gc,stats    ]      21 of   770 ms (  2.8%): task-result-getter-3
[2026-04-03T02:24:44.960+0600][47.463s][info][gc,stats    ]     150 of   770 ms ( 19.5%): <total>
[2026-04-03T02:24:44.960+0600][47.463s][info][gc,stats    ]       1 of   770 ms (  0.1%): <average total>
[2026-04-03T02:24:44.960+0600][47.463s][info][gc,stats    ]      17 of   770 ms (  2.2%): <average non-zero>
[2026-04-03T02:24:44.960+0600][47.463s][info][gc,stats    ] 
[2026-04-03T02:24:44.960+0600][47.463s][info][gc,metaspace] Metaspace: 130852K(132032K)->130853K(132032K) NonClass: 114392K(115008K)->114394K(115008K) Class: 16459K(17024K)->16459K(17024K)
[2026-04-03T02:24:44.960+0600][47.463s][info][gc,ergo     ] Pacer for Idle. Initial: 20480K, Alloc Tax Rate: 1.0x
[2026-04-03T02:24:45.503+0600][48.006s][info][gc          ] Trigger: Average GC time (183.32 ms) is above the time for average allocation rate (896 MB/s) to deplete free headroom (164M) (margin of error = 1.83)
[2026-04-03T02:24:45.503+0600][48.006s][info][gc,ergo     ] Free headroom: 214M (free) - 51200K (spike) - 0B (penalties) = 164M
[2026-04-03T02:24:45.503+0600][48.006s][info][gc,ergo     ] Free: 213M, Max: 256K regular, 204M humongous, Frag: 5% external, 2% internal; Reserve: 51200K, Max: 256K
[2026-04-03T02:24:45.503+0600][48.006s][info][gc,start    ] GC(44) Concurrent reset
[2026-04-03T02:24:45.503+0600][48.006s][info][gc,task     ] GC(44) Using 3 of 6 workers for concurrent reset
[2026-04-03T02:24:45.503+0600][48.006s][info][gc,ergo     ] GC(44) Pacer for Reset. Non-Taxable: 1000M
[2026-04-03T02:24:45.504+0600][48.008s][info][gc          ] GC(44) Concurrent reset 1.310ms
[2026-04-03T02:24:45.505+0600][48.008s][info][gc,start    ] GC(44) Pause Init Mark (unload classes)
[2026-04-03T02:24:45.505+0600][48.008s][info][gc,task     ] GC(44) Using 6 of 6 workers for init marking
[2026-04-03T02:24:45.505+0600][48.008s][info][gc,ergo     ] GC(44) Pacer for Mark. Expected Live: 90192K, Free: 212M, Non-Taxable: 21763K, Alloc Tax Rate: 0.5x
[2026-04-03T02:24:45.505+0600][48.008s][info][gc          ] GC(44) Pause Init Mark (unload classes) 0.231ms
[2026-04-03T02:24:45.505+0600][48.008s][info][gc,start    ] GC(44) Concurrent marking roots
[2026-04-03T02:24:45.505+0600][48.008s][info][gc,task     ] GC(44) Using 3 of 6 workers for concurrent marking roots
[2026-04-03T02:24:45.507+0600][48.010s][info][gc          ] GC(44) Concurrent marking roots 1.962ms
[2026-04-03T02:24:45.507+0600][48.010s][info][gc,start    ] GC(44) Concurrent marking (unload classes)
[2026-04-03T02:24:45.507+0600][48.010s][info][gc,task     ] GC(44) Using 3 of 6 workers for concurrent marking
[2026-04-03T02:24:45.572+0600][48.075s][info][gc          ] GC(44) Concurrent marking (unload classes) 64.856ms
[2026-04-03T02:24:45.572+0600][48.075s][info][gc,start    ] GC(44) Pause Final Mark (unload classes)
[2026-04-03T02:24:45.572+0600][48.075s][info][gc,task     ] GC(44) Using 6 of 6 workers for final marking
[2026-04-03T02:24:45.572+0600][48.076s][info][gc,ergo     ] GC(44) Adaptive CSet Selection. Target Free: 141M, Actual Free: 698M, Max CSet: 42666K, Min Garbage: 0B
[2026-04-03T02:24:45.573+0600][48.076s][info][gc,ergo     ] GC(44) Collectable Garbage: 601M (98%), Immediate: 472M (77%), CSet: 129M (21%)
[2026-04-03T02:24:45.573+0600][48.076s][info][gc,ergo     ] GC(44) Pacer for Evacuation. Used CSet: 135M, Free: 685M, Non-Taxable: 70164K, Alloc Tax Rate: 1.1x
[2026-04-03T02:24:45.573+0600][48.076s][info][gc          ] GC(44) Pause Final Mark (unload classes) 0.849ms
[2026-04-03T02:24:45.573+0600][48.076s][info][gc,start    ] GC(44) Concurrent thread roots
[2026-04-03T02:24:45.573+0600][48.076s][info][gc,task     ] GC(44) Using 3 of 6 workers for Concurrent thread roots
[2026-04-03T02:24:45.574+0600][48.077s][info][gc          ] GC(44) Concurrent thread roots 1.073ms
[2026-04-03T02:24:45.574+0600][48.077s][info][gc,start    ] GC(44) Concurrent weak references
[2026-04-03T02:24:45.574+0600][48.077s][info][gc,task     ] GC(44) Using 3 of 6 workers for concurrent weak references
[2026-04-03T02:24:45.575+0600][48.078s][info][gc,ref      ] GC(44) Encountered references: Soft: 3873, Weak: 16486, Final: 84, Phantom: 621
[2026-04-03T02:24:45.575+0600][48.078s][info][gc,ref      ] GC(44) Discovered  references: Soft: 0, Weak: 9910, Final: 48, Phantom: 615
[2026-04-03T02:24:45.575+0600][48.078s][info][gc,ref      ] GC(44) Enqueued    references: Soft: 0, Weak: 1735, Final: 0, Phantom: 0
[2026-04-03T02:24:45.575+0600][48.078s][info][gc          ] GC(44) Concurrent weak references 0.749ms
[2026-04-03T02:24:45.575+0600][48.078s][info][gc,start    ] GC(44) Concurrent weak roots
[2026-04-03T02:24:45.575+0600][48.078s][info][gc,task     ] GC(44) Using 3 of 6 workers for concurrent weak root
[2026-04-03T02:24:45.580+0600][48.083s][info][gc          ] GC(44) Concurrent weak roots 5.330ms
[2026-04-03T02:24:45.580+0600][48.084s][info][gc,start    ] GC(44) Concurrent cleanup
[2026-04-03T02:24:45.581+0600][48.085s][info][gc          ] GC(44) Concurrent cleanup 739M->268M(844M) 1.089ms
[2026-04-03T02:24:45.581+0600][48.085s][info][gc,ergo     ] GC(44) Free: 678M, Max: 256K regular, 171M humongous, Frag: 75% external, 0% internal; Reserve: 50563K, Max: 256K
[2026-04-03T02:24:45.581+0600][48.085s][info][gc,start    ] GC(44) Concurrent class unloading
[2026-04-03T02:24:45.581+0600][48.085s][info][gc,task     ] GC(44) Using 3 of 6 workers for concurrent class unloading
[2026-04-03T02:24:45.602+0600][48.105s][info][gc          ] GC(44) Concurrent class unloading 20.563ms
[2026-04-03T02:24:45.602+0600][48.105s][info][gc,start    ] GC(44) Concurrent strong roots
[2026-04-03T02:24:45.602+0600][48.105s][info][gc,task     ] GC(44) Using 3 of 6 workers for concurrent strong root
[2026-04-03T02:24:45.603+0600][48.107s][info][gc          ] GC(44) Concurrent strong roots 1.170ms
[2026-04-03T02:24:45.603+0600][48.107s][info][gc,start    ] GC(44) Concurrent evacuation
[2026-04-03T02:24:45.603+0600][48.107s][info][gc,task     ] GC(44) Using 3 of 6 workers for concurrent evacuation
[2026-04-03T02:24:45.606+0600][48.110s][info][gc          ] GC(44) Concurrent evacuation 3.091ms
[2026-04-03T02:24:45.607+0600][48.110s][info][gc,start    ] GC(44) Pause Init Update Refs
[2026-04-03T02:24:45.607+0600][48.110s][info][gc,ergo     ] GC(44) Pacer for Update Refs. Used: 287M, Free: 665M, Non-Taxable: 68101K, Alloc Tax Rate: 1.1x
[2026-04-03T02:24:45.607+0600][48.110s][info][gc          ] GC(44) Pause Init Update Refs 0.145ms
[2026-04-03T02:24:45.607+0600][48.111s][info][gc,start    ] GC(44) Concurrent update references
[2026-04-03T02:24:45.607+0600][48.111s][info][gc,task     ] GC(44) Using 3 of 6 workers for concurrent reference update
[2026-04-03T02:24:45.663+0600][48.167s][info][gc          ] GC(44) Concurrent update references 56.197ms
[2026-04-03T02:24:45.664+0600][48.167s][info][gc,start    ] GC(44) Concurrent update thread roots
[2026-04-03T02:24:45.666+0600][48.169s][info][gc          ] GC(44) Concurrent update thread roots 1.987ms
[2026-04-03T02:24:45.666+0600][48.169s][info][gc,start    ] GC(44) Pause Final Update Refs
[2026-04-03T02:24:45.666+0600][48.169s][info][gc,task     ] GC(44) Using 6 of 6 workers for final reference update
[2026-04-03T02:24:45.666+0600][48.169s][info][gc          ] GC(44) Pause Final Update Refs 0.296ms
[2026-04-03T02:24:45.666+0600][48.170s][info][gc,start    ] GC(44) Concurrent cleanup
[2026-04-03T02:24:45.667+0600][48.170s][info][gc          ] GC(44) Concurrent cleanup 330M->195M(844M) 0.452ms
[2026-04-03T02:24:45.667+0600][48.170s][info][gc,ergo     ] Free: 750M, Max: 256K regular, 258M humongous, Frag: 66% external, 0% internal; Reserve: 51200K, Max: 256K
[2026-04-03T02:24:45.667+0600][48.170s][info][gc,stats    ] 
[2026-04-03T02:24:45.667+0600][48.170s][info][gc,stats    ] All times are wall-clock times, except per-root-class counters, that are sum over
[2026-04-03T02:24:45.667+0600][48.170s][info][gc,stats    ] all workers. Dividing the <total> over the root stage time estimates parallelism.
[2026-04-03T02:24:45.667+0600][48.170s][info][gc,stats    ] 
[2026-04-03T02:24:45.667+0600][48.170s][info][gc,stats    ] Concurrent Reset                   1368 us
[2026-04-03T02:24:45.667+0600][48.170s][info][gc,stats    ] Pause Init Mark (G)                 521 us
[2026-04-03T02:24:45.667+0600][48.170s][info][gc,stats    ] Pause Init Mark (N)                 243 us
[2026-04-03T02:24:45.667+0600][48.170s][info][gc,stats    ]   Update Region States               43 us
[2026-04-03T02:24:45.667+0600][48.170s][info][gc,stats    ] Concurrent Mark Roots              2035 us, parallelism: 1.44x
[2026-04-03T02:24:45.667+0600][48.170s][info][gc,stats    ]   CMR: <total>                     2940 us
[2026-04-03T02:24:45.667+0600][48.170s][info][gc,stats    ]   CMR: Thread Roots                2433 us, workers (us): 977, 1456,   0, ---, ---, ---, 
[2026-04-03T02:24:45.667+0600][48.170s][info][gc,stats    ]   CMR: VM Strong Roots               56 us, workers (us):  49,   6,   0, ---, ---, ---, 
[2026-04-03T02:24:45.667+0600][48.170s][info][gc,stats    ]   CMR: CLDG Roots                   451 us, workers (us): 451, ---, ---, ---, ---, ---, 
[2026-04-03T02:24:45.667+0600][48.170s][info][gc,stats    ] Concurrent Marking                64938 us
[2026-04-03T02:24:45.667+0600][48.170s][info][gc,stats    ] Pause Final Mark (G)               1005 us
[2026-04-03T02:24:45.667+0600][48.170s][info][gc,stats    ] Pause Final Mark (N)                862 us
[2026-04-03T02:24:45.667+0600][48.170s][info][gc,stats    ]   Finish Mark                       220 us
[2026-04-03T02:24:45.667+0600][48.170s][info][gc,stats    ]   Update Region States               64 us
[2026-04-03T02:24:45.667+0600][48.170s][info][gc,stats    ]   Choose Collection Set             339 us
[2026-04-03T02:24:45.667+0600][48.170s][info][gc,stats    ]   Rebuild Free Set                   69 us
[2026-04-03T02:24:45.667+0600][48.170s][info][gc,stats    ] Concurrent Thread Roots            1131 us, parallelism: 2.30x
[2026-04-03T02:24:45.667+0600][48.171s][info][gc,stats    ]   CTR: <total>                     2599 us
[2026-04-03T02:24:45.667+0600][48.171s][info][gc,stats    ]   CTR: Thread Roots                2599 us, workers (us): 907, 846, 847, ---, ---, ---, 
[2026-04-03T02:24:45.667+0600][48.171s][info][gc,stats    ] Concurrent Weak References          761 us, parallelism: 1.38x
[2026-04-03T02:24:45.667+0600][48.171s][info][gc,stats    ]   CWRF: <total>                    1050 us
[2026-04-03T02:24:45.667+0600][48.171s][info][gc,stats    ]   CWRF: Weak References            1050 us, workers (us): 588, 318, 144, ---, ---, ---, 
[2026-04-03T02:24:45.667+0600][48.171s][info][gc,stats    ] Concurrent Weak Roots              5430 us
[2026-04-03T02:24:45.667+0600][48.171s][info][gc,stats    ]   Roots                            4819 us, parallelism: 2.73x
[2026-04-03T02:24:45.667+0600][48.171s][info][gc,stats    ]     CWR: <total>                  13158 us
[2026-04-03T02:24:45.667+0600][48.171s][info][gc,stats    ]     CWR: Code Cache Roots         10674 us, workers (us): 3553, 3615, 3506, ---, ---, ---, 
[2026-04-03T02:24:45.667+0600][48.171s][info][gc,stats    ]     CWR: VM Weak Roots             2361 us, workers (us): 799, 796, 766, ---, ---, ---, 
[2026-04-03T02:24:45.667+0600][48.171s][info][gc,stats    ]     CWR: CLDG Roots                 123 us, workers (us): ---, ---, 123, ---, ---, ---, 
[2026-04-03T02:24:45.667+0600][48.171s][info][gc,stats    ]   Rendezvous                        481 us
[2026-04-03T02:24:45.667+0600][48.171s][info][gc,stats    ] Concurrent Cleanup                 1142 us
[2026-04-03T02:24:45.667+0600][48.171s][info][gc,stats    ] Concurrent Class Unloading        20660 us
[2026-04-03T02:24:45.667+0600][48.171s][info][gc,stats    ]   Unlink Stale                    17599 us
[2026-04-03T02:24:45.667+0600][48.171s][info][gc,stats    ]     System Dictionary               364 us
[2026-04-03T02:24:45.667+0600][48.171s][info][gc,stats    ]     Weak Class Links                  1 us
[2026-04-03T02:24:45.667+0600][48.171s][info][gc,stats    ]     Code Roots                    17230 us
[2026-04-03T02:24:45.667+0600][48.171s][info][gc,stats    ]   Rendezvous                        563 us
[2026-04-03T02:24:45.667+0600][48.171s][info][gc,stats    ]   Purge Unlinked                   2290 us
[2026-04-03T02:24:45.667+0600][48.171s][info][gc,stats    ]     Code Roots                     2260 us
[2026-04-03T02:24:45.667+0600][48.171s][info][gc,stats    ]     CLDG                             28 us
[2026-04-03T02:24:45.667+0600][48.171s][info][gc,stats    ]     Exception Caches                  0 us
[2026-04-03T02:24:45.667+0600][48.171s][info][gc,stats    ] Concurrent Strong Roots            1240 us, parallelism: 0.59x
[2026-04-03T02:24:45.667+0600][48.171s][info][gc,stats    ]   CSR: <total>                      731 us
[2026-04-03T02:24:45.667+0600][48.171s][info][gc,stats    ]   CSR: VM Strong Roots               62 us, workers (us):  42,  20,   0, ---, ---, ---, 
[2026-04-03T02:24:45.668+0600][48.171s][info][gc,stats    ]   CSR: CLDG Roots                   669 us, workers (us): 669, ---, ---, ---, ---, ---, 
[2026-04-03T02:24:45.668+0600][48.171s][info][gc,stats    ] Concurrent Evacuation              3143 us
[2026-04-03T02:24:45.668+0600][48.171s][info][gc,stats    ] Pause Init Update Refs (G)          776 us
[2026-04-03T02:24:45.668+0600][48.171s][info][gc,stats    ] Pause Init Update Refs (N)          157 us
[2026-04-03T02:24:45.668+0600][48.171s][info][gc,stats    ]   Manage GCLABs                      52 us
[2026-04-03T02:24:45.668+0600][48.171s][info][gc,stats    ] Concurrent Update Refs            56297 us
[2026-04-03T02:24:45.668+0600][48.171s][info][gc,stats    ] Concurrent Update Thread Roots     2065 us
[2026-04-03T02:24:45.668+0600][48.171s][info][gc,stats    ] Pause Final Update Refs (G)         639 us
[2026-04-03T02:24:45.668+0600][48.171s][info][gc,stats    ] Pause Final Update Refs (N)         319 us
[2026-04-03T02:24:45.668+0600][48.171s][info][gc,stats    ]   Update Region States              106 us
[2026-04-03T02:24:45.668+0600][48.171s][info][gc,stats    ]   Trash Collection Set               25 us
[2026-04-03T02:24:45.668+0600][48.171s][info][gc,stats    ]   Rebuild Free Set                   60 us
[2026-04-03T02:24:45.668+0600][48.171s][info][gc,stats    ] Concurrent Cleanup                  485 us
[2026-04-03T02:24:45.668+0600][48.171s][info][gc,stats    ] Pacing                           170126 us
[2026-04-03T02:24:45.668+0600][48.171s][info][gc,stats    ] 
[2026-04-03T02:24:45.668+0600][48.171s][info][gc,stats    ] Allocation pacing accrued:
[2026-04-03T02:24:45.668+0600][48.171s][info][gc,stats    ]       5 of   708 ms (  0.8%): dispatcher-event-loop-2
[2026-04-03T02:24:45.668+0600][48.171s][info][gc,stats    ]      22 of   708 ms (  3.0%): Executor task launch worker for task 4.0 in stage 1343.0 (TID 2517)
[2026-04-03T02:24:45.668+0600][48.171s][info][gc,stats    ]      32 of   708 ms (  4.5%): Executor task launch worker for task 2.0 in stage 1343.0 (TID 2515)
[2026-04-03T02:24:45.668+0600][48.171s][info][gc,stats    ]      22 of   708 ms (  3.1%): Executor task launch worker for task 5.0 in stage 1343.0 (TID 2518)
[2026-04-03T02:24:45.668+0600][48.171s][info][gc,stats    ]      31 of   708 ms (  4.3%): Executor task launch worker for task 0.0 in stage 1343.0 (TID 2513)
[2026-04-03T02:24:45.668+0600][48.171s][info][gc,stats    ]      30 of   708 ms (  4.3%): Executor task launch worker for task 3.0 in stage 1343.0 (TID 2516)
[2026-04-03T02:24:45.668+0600][48.171s][info][gc,stats    ]      29 of   708 ms (  4.0%): Executor task launch worker for task 1.0 in stage 1343.0 (TID 2514)
[2026-04-03T02:24:45.668+0600][48.171s][info][gc,stats    ]     170 of   708 ms ( 24.0%): <total>
[2026-04-03T02:24:45.668+0600][48.171s][info][gc,stats    ]       1 of   708 ms (  0.1%): <average total>
[2026-04-03T02:24:45.668+0600][48.171s][info][gc,stats    ]      24 of   708 ms (  3.4%): <average non-zero>
[2026-04-03T02:24:45.668+0600][48.171s][info][gc,stats    ] 
[2026-04-03T02:24:45.668+0600][48.171s][info][gc,metaspace] Metaspace: 130874K(132096K)->130879K(132096K) NonClass: 114415K(115072K)->114419K(115072K) Class: 16459K(17024K)->16459K(17024K)
[2026-04-03T02:24:45.668+0600][48.171s][info][gc,ergo     ] Pacer for Idle. Initial: 20480K, Alloc Tax Rate: 1.0x
[2026-04-03T02:24:45.918+0600][48.421s][info][gc          ] Trigger: Average GC time (187.28 ms) is above the time for average allocation rate (903 MB/s) to deplete free headroom (162M) (margin of error = 1.83)
[2026-04-03T02:24:45.918+0600][48.421s][info][gc,ergo     ] Free headroom: 212M (free) - 51200K (spike) - 0B (penalties) = 162M
[2026-04-03T02:24:45.918+0600][48.421s][info][gc,ergo     ] Free: 212M, Max: 256K regular, 167M humongous, Frag: 22% external, 1% internal; Reserve: 51200K, Max: 256K
[2026-04-03T02:24:45.918+0600][48.421s][info][gc,start    ] GC(45) Concurrent reset
[2026-04-03T02:24:45.918+0600][48.421s][info][gc,task     ] GC(45) Using 3 of 6 workers for concurrent reset
[2026-04-03T02:24:45.918+0600][48.421s][info][gc,ergo     ] GC(45) Pacer for Reset. Non-Taxable: 1000M
[2026-04-03T02:24:45.919+0600][48.423s][info][gc          ] GC(45) Concurrent reset 1.263ms
[2026-04-03T02:24:45.920+0600][48.423s][info][gc,start    ] GC(45) Pause Init Mark (unload classes)
[2026-04-03T02:24:45.920+0600][48.423s][info][gc,task     ] GC(45) Using 6 of 6 workers for init marking
[2026-04-03T02:24:45.920+0600][48.423s][info][gc,ergo     ] GC(45) Pacer for Mark. Expected Live: 90351K, Free: 206M, Non-Taxable: 21125K, Alloc Tax Rate: 0.5x
[2026-04-03T02:24:45.920+0600][48.423s][info][gc          ] GC(45) Pause Init Mark (unload classes) 0.177ms
[2026-04-03T02:24:45.920+0600][48.423s][info][gc,start    ] GC(45) Concurrent marking roots
[2026-04-03T02:24:45.920+0600][48.423s][info][gc,task     ] GC(45) Using 3 of 6 workers for concurrent marking roots
[2026-04-03T02:24:45.921+0600][48.425s][info][gc          ] GC(45) Concurrent marking roots 1.351ms
[2026-04-03T02:24:45.921+0600][48.425s][info][gc,start    ] GC(45) Concurrent marking (unload classes)
[2026-04-03T02:24:45.921+0600][48.425s][info][gc,task     ] GC(45) Using 3 of 6 workers for concurrent marking
[2026-04-03T02:24:45.983+0600][48.486s][info][gc          ] GC(45) Concurrent marking (unload classes) 61.304ms
[2026-04-03T02:24:45.983+0600][48.486s][info][gc,start    ] GC(45) Pause Final Mark (unload classes)
[2026-04-03T02:24:45.983+0600][48.486s][info][gc,task     ] GC(45) Using 6 of 6 workers for final marking
[2026-04-03T02:24:45.984+0600][48.487s][info][gc,ergo     ] GC(45) Collectable Garbage: 564M (91%), Immediate: 564M (91%), CSet: 0B (0%)
[2026-04-03T02:24:45.984+0600][48.487s][info][gc          ] GC(45) Pause Final Mark (unload classes) 0.681ms
[2026-04-03T02:24:45.984+0600][48.487s][info][gc,start    ] GC(45) Concurrent weak references
[2026-04-03T02:24:45.984+0600][48.487s][info][gc,task     ] GC(45) Using 3 of 6 workers for concurrent weak references
[2026-04-03T02:24:45.985+0600][48.488s][info][gc,ref      ] GC(45) Encountered references: Soft: 3868, Weak: 15206, Final: 84, Phantom: 620
[2026-04-03T02:24:45.985+0600][48.488s][info][gc,ref      ] GC(45) Discovered  references: Soft: 0, Weak: 8222, Final: 48, Phantom: 226
[2026-04-03T02:24:45.985+0600][48.488s][info][gc,ref      ] GC(45) Enqueued    references: Soft: 0, Weak: 579, Final: 0, Phantom: 0
[2026-04-03T02:24:45.985+0600][48.488s][info][gc          ] GC(45) Concurrent weak references 0.841ms
[2026-04-03T02:24:45.985+0600][48.488s][info][gc,start    ] GC(45) Concurrent weak roots
[2026-04-03T02:24:45.985+0600][48.488s][info][gc,task     ] GC(45) Using 3 of 6 workers for concurrent weak root
[2026-04-03T02:24:45.989+0600][48.493s][info][gc          ] GC(45) Concurrent weak roots 4.678ms
[2026-04-03T02:24:45.989+0600][48.493s][info][gc,start    ] GC(45) Concurrent cleanup
[2026-04-03T02:24:45.991+0600][48.494s][info][gc          ] GC(45) Concurrent cleanup 754M->190M(844M) 1.449ms
[2026-04-03T02:24:45.991+0600][48.494s][info][gc,ergo     ] GC(45) Free: 754M, Max: 256K regular, 159M humongous, Frag: 79% external, 0% internal; Reserve: 51200K, Max: 256K
[2026-04-03T02:24:45.991+0600][48.494s][info][gc,start    ] GC(45) Concurrent class unloading
[2026-04-03T02:24:45.991+0600][48.494s][info][gc,task     ] GC(45) Using 3 of 6 workers for concurrent class unloading
[2026-04-03T02:24:46.008+0600][48.512s][info][gc          ] GC(45) Concurrent class unloading 17.186ms
[2026-04-03T02:24:46.009+0600][48.512s][info][gc,start    ] GC(45) Pause Final Roots
[2026-04-03T02:24:46.009+0600][48.512s][info][gc          ] GC(45) Pause Final Roots 0.082ms
[2026-04-03T02:24:46.009+0600][48.512s][info][gc,ergo     ] Free: 750M, Max: 256K regular, 159M humongous, Frag: 79% external, 0% internal; Reserve: 51200K, Max: 256K
[2026-04-03T02:24:46.009+0600][48.512s][info][gc,stats    ] 
[2026-04-03T02:24:46.009+0600][48.512s][info][gc,stats    ] All times are wall-clock times, except per-root-class counters, that are sum over
[2026-04-03T02:24:46.009+0600][48.512s][info][gc,stats    ] all workers. Dividing the <total> over the root stage time estimates parallelism.
[2026-04-03T02:24:46.009+0600][48.512s][info][gc,stats    ] 
[2026-04-03T02:24:46.009+0600][48.512s][info][gc,stats    ] Concurrent Reset                   1315 us
[2026-04-03T02:24:46.009+0600][48.512s][info][gc,stats    ] Pause Init Mark (G)                 525 us
[2026-04-03T02:24:46.009+0600][48.512s][info][gc,stats    ] Pause Init Mark (N)                 185 us
[2026-04-03T02:24:46.009+0600][48.512s][info][gc,stats    ]   Update Region States               68 us
[2026-04-03T02:24:46.009+0600][48.512s][info][gc,stats    ] Concurrent Mark Roots              1408 us, parallelism: 1.77x
[2026-04-03T02:24:46.009+0600][48.512s][info][gc,stats    ]   CMR: <total>                     2491 us
[2026-04-03T02:24:46.009+0600][48.512s][info][gc,stats    ]   CMR: Thread Roots                2212 us, workers (us): 825, 594, 793, ---, ---, ---, 
[2026-04-03T02:24:46.009+0600][48.512s][info][gc,stats    ]   CMR: VM Strong Roots               48 us, workers (us):  39,   9,   1, ---, ---, ---, 
[2026-04-03T02:24:46.009+0600][48.513s][info][gc,stats    ]   CMR: CLDG Roots                   231 us, workers (us): ---, 231, ---, ---, ---, ---, 
[2026-04-03T02:24:46.009+0600][48.513s][info][gc,stats    ] Concurrent Marking                61436 us
[2026-04-03T02:24:46.009+0600][48.513s][info][gc,stats    ] Pause Final Mark (G)               1030 us
[2026-04-03T02:24:46.009+0600][48.513s][info][gc,stats    ] Pause Final Mark (N)                695 us
[2026-04-03T02:24:46.009+0600][48.513s][info][gc,stats    ]   Finish Mark                       382 us
[2026-04-03T02:24:46.009+0600][48.513s][info][gc,stats    ]   Update Region States               54 us
[2026-04-03T02:24:46.009+0600][48.513s][info][gc,stats    ]   Choose Collection Set             108 us
[2026-04-03T02:24:46.009+0600][48.513s][info][gc,stats    ]   Rebuild Free Set                   43 us
[2026-04-03T02:24:46.009+0600][48.513s][info][gc,stats    ] Concurrent Weak References          856 us, parallelism: 1.03x
[2026-04-03T02:24:46.009+0600][48.513s][info][gc,stats    ]   CWRF: <total>                     878 us
[2026-04-03T02:24:46.009+0600][48.513s][info][gc,stats    ]   CWRF: Weak References             878 us, workers (us): 634, 243,   1, ---, ---, ---, 
[2026-04-03T02:24:46.009+0600][48.513s][info][gc,stats    ] Concurrent Weak Roots              4768 us
[2026-04-03T02:24:46.009+0600][48.513s][info][gc,stats    ]   Roots                            4300 us, parallelism: 2.57x
[2026-04-03T02:24:46.009+0600][48.513s][info][gc,stats    ]     CWR: <total>                  11054 us
[2026-04-03T02:24:46.009+0600][48.513s][info][gc,stats    ]     CWR: Code Cache Roots          8819 us, workers (us): 3137, 2941, 2740, ---, ---, ---, 
[2026-04-03T02:24:46.009+0600][48.513s][info][gc,stats    ]     CWR: VM Weak Roots             2017 us, workers (us): 806, 699, 511, ---, ---, ---, 
[2026-04-03T02:24:46.009+0600][48.513s][info][gc,stats    ]     CWR: CLDG Roots                 218 us, workers (us): ---, ---, 218, ---, ---, ---, 
[2026-04-03T02:24:46.009+0600][48.513s][info][gc,stats    ]   Rendezvous                        345 us
[2026-04-03T02:24:46.009+0600][48.513s][info][gc,stats    ] Concurrent Cleanup                 1534 us
[2026-04-03T02:24:46.009+0600][48.513s][info][gc,stats    ] Concurrent Class Unloading        17352 us
[2026-04-03T02:24:46.009+0600][48.513s][info][gc,stats    ]   Unlink Stale                    15646 us
[2026-04-03T02:24:46.010+0600][48.513s][info][gc,stats    ]     System Dictionary               335 us
[2026-04-03T02:24:46.010+0600][48.513s][info][gc,stats    ]     Weak Class Links                  0 us
[2026-04-03T02:24:46.010+0600][48.513s][info][gc,stats    ]     Code Roots                    15306 us
[2026-04-03T02:24:46.010+0600][48.513s][info][gc,stats    ]   Rendezvous                        376 us
[2026-04-03T02:24:46.010+0600][48.513s][info][gc,stats    ]   Purge Unlinked                   1112 us
[2026-04-03T02:24:46.010+0600][48.513s][info][gc,stats    ]     Code Roots                     1092 us
[2026-04-03T02:24:46.010+0600][48.513s][info][gc,stats    ]     CLDG                             19 us
[2026-04-03T02:24:46.010+0600][48.513s][info][gc,stats    ]     Exception Caches                  1 us
[2026-04-03T02:24:46.010+0600][48.513s][info][gc,stats    ] Pause Final Roots (G)               332 us
[2026-04-03T02:24:46.010+0600][48.513s][info][gc,stats    ] Pause Final Roots (N)               115 us
[2026-04-03T02:24:46.010+0600][48.513s][info][gc,stats    ] Pacing                           231818 us
[2026-04-03T02:24:46.010+0600][48.513s][info][gc,stats    ] 
[2026-04-03T02:24:46.010+0600][48.513s][info][gc,stats    ] Allocation pacing accrued:
[2026-04-03T02:24:46.010+0600][48.513s][info][gc,stats    ]      18 of   342 ms (  5.3%): dispatcher-event-loop-2
[2026-04-03T02:24:46.010+0600][48.513s][info][gc,stats    ]      19 of   342 ms (  5.7%): dispatcher-BlockManagerMaster
[2026-04-03T02:24:46.010+0600][48.513s][info][gc,stats    ]      22 of   342 ms (  6.6%): spark-listener-group-appStatus
[2026-04-03T02:24:46.010+0600][48.513s][info][gc,stats    ]      22 of   342 ms (  6.5%): Executor task launch worker for task 0.0 in stage 1355.0 (TID 2539)
[2026-04-03T02:24:46.010+0600][48.513s][info][gc,stats    ]      11 of   342 ms (  3.3%): Executor task launch worker for task 5.0 in stage 1355.0 (TID 2544)
[2026-04-03T02:24:46.010+0600][48.513s][info][gc,stats    ]      22 of   342 ms (  6.6%): Executor task launch worker for task 7.0 in stage 1355.0 (TID 2546)
[2026-04-03T02:24:46.010+0600][48.513s][info][gc,stats    ]      23 of   342 ms (  6.6%): Executor task launch worker for task 1.0 in stage 1355.0 (TID 2540)
[2026-04-03T02:24:46.010+0600][48.513s][info][gc,stats    ]      11 of   342 ms (  3.3%): Executor task launch worker for task 4.0 in stage 1355.0 (TID 2543)
[2026-04-03T02:24:46.010+0600][48.513s][info][gc,stats    ]      22 of   342 ms (  6.6%): Executor task launch worker for task 6.0 in stage 1355.0 (TID 2545)
[2026-04-03T02:24:46.010+0600][48.513s][info][gc,stats    ]      11 of   342 ms (  3.3%): Executor task launch worker for task 2.0 in stage 1355.0 (TID 2541)
[2026-04-03T02:24:46.010+0600][48.513s][info][gc,stats    ]      31 of   342 ms (  8.9%): Executor task launch worker for task 3.0 in stage 1355.0 (TID 2542)
[2026-04-03T02:24:46.010+0600][48.513s][info][gc,stats    ]      18 of   342 ms (  5.3%): task-result-getter-2
[2026-04-03T02:24:46.010+0600][48.513s][info][gc,stats    ]     232 of   342 ms ( 67.8%): <total>
[2026-04-03T02:24:46.010+0600][48.513s][info][gc,stats    ]       1 of   342 ms (  0.2%): <average total>
[2026-04-03T02:24:46.010+0600][48.513s][info][gc,stats    ]      19 of   342 ms (  5.6%): <average non-zero>
[2026-04-03T02:24:46.010+0600][48.513s][info][gc,stats    ] 
[2026-04-03T02:24:46.010+0600][48.513s][info][gc,metaspace] Metaspace: 130880K(132096K)->130883K(132096K) NonClass: 114421K(115072K)->114423K(115072K) Class: 16459K(17024K)->16459K(17024K)
[2026-04-03T02:24:46.010+0600][48.513s][info][gc,ergo     ] Pacer for Idle. Initial: 20480K, Alloc Tax Rate: 1.0x
[2026-04-03T02:24:46.119+0600][48.623s][info][gc          ] Trigger: Average GC time (184.62 ms) is above the time for average allocation rate (2269 MB/s) to deplete free headroom (322M) (margin of error = 1.83)
[2026-04-03T02:24:46.120+0600][48.623s][info][gc,ergo     ] Free headroom: 372M (free) - 51200K (spike) - 0B (penalties) = 322M
[2026-04-03T02:24:46.120+0600][48.623s][info][gc,ergo     ] Free: 372M, Max: 256K regular, 159M humongous, Frag: 58% external, 0% internal; Reserve: 51200K, Max: 256K
[2026-04-03T02:24:46.120+0600][48.623s][info][gc,start    ] GC(46) Concurrent reset
[2026-04-03T02:24:46.120+0600][48.623s][info][gc,task     ] GC(46) Using 3 of 6 workers for concurrent reset
[2026-04-03T02:24:46.120+0600][48.623s][info][gc,ergo     ] GC(46) Pacer for Reset. Non-Taxable: 1000M
[2026-04-03T02:24:46.120+0600][48.624s][info][gc          ] GC(46) Concurrent reset 0.761ms
[2026-04-03T02:24:46.121+0600][48.624s][info][gc,start    ] GC(46) Pause Init Mark (unload classes)
[2026-04-03T02:24:46.121+0600][48.624s][info][gc,task     ] GC(46) Using 6 of 6 workers for init marking
[2026-04-03T02:24:46.121+0600][48.624s][info][gc,ergo     ] GC(46) Pacer for Mark. Expected Live: 90693K, Free: 372M, Non-Taxable: 38153K, Alloc Tax Rate: 0.3x
[2026-04-03T02:24:46.121+0600][48.624s][info][gc          ] GC(46) Pause Init Mark (unload classes) 0.113ms
[2026-04-03T02:24:46.121+0600][48.624s][info][gc,start    ] GC(46) Concurrent marking roots
[2026-04-03T02:24:46.121+0600][48.624s][info][gc,task     ] GC(46) Using 3 of 6 workers for concurrent marking roots
[2026-04-03T02:24:46.122+0600][48.625s][info][gc          ] GC(46) Concurrent marking roots 1.067ms
[2026-04-03T02:24:46.122+0600][48.625s][info][gc,start    ] GC(46) Concurrent marking (unload classes)
[2026-04-03T02:24:46.122+0600][48.625s][info][gc,task     ] GC(46) Using 3 of 6 workers for concurrent marking
[2026-04-03T02:24:46.180+0600][48.684s][info][gc          ] GC(46) Concurrent marking (unload classes) 58.476ms
[2026-04-03T02:24:46.181+0600][48.684s][info][gc,start    ] GC(46) Pause Final Mark (unload classes)
[2026-04-03T02:24:46.181+0600][48.684s][info][gc,task     ] GC(46) Using 6 of 6 workers for final marking
[2026-04-03T02:24:46.181+0600][48.685s][info][gc,ergo     ] GC(46) Adaptive CSet Selection. Target Free: 141M, Actual Free: 758M, Max CSet: 42666K, Min Garbage: 0B
[2026-04-03T02:24:46.181+0600][48.685s][info][gc,ergo     ] GC(46) Collectable Garbage: 455M (98%), Immediate: 382M (82%), CSet: 75164K (15%)
[2026-04-03T02:24:46.181+0600][48.685s][info][gc,ergo     ] GC(46) Pacer for Evacuation. Used CSet: 80303K, Free: 735M, Non-Taxable: 75321K, Alloc Tax Rate: 1.1x
[2026-04-03T02:24:46.182+0600][48.685s][info][gc          ] GC(46) Pause Final Mark (unload classes) 0.957ms
[2026-04-03T02:24:46.182+0600][48.685s][info][gc,start    ] GC(46) Concurrent thread roots
[2026-04-03T02:24:46.182+0600][48.685s][info][gc,task     ] GC(46) Using 3 of 6 workers for Concurrent thread roots
[2026-04-03T02:24:46.184+0600][48.687s][info][gc          ] GC(46) Concurrent thread roots 1.937ms
[2026-04-03T02:24:46.184+0600][48.687s][info][gc,start    ] GC(46) Concurrent weak references
[2026-04-03T02:24:46.184+0600][48.687s][info][gc,task     ] GC(46) Using 3 of 6 workers for concurrent weak references
[2026-04-03T02:24:46.184+0600][48.688s][info][gc,ref      ] GC(46) Encountered references: Soft: 3865, Weak: 14856, Final: 84, Phantom: 621
[2026-04-03T02:24:46.184+0600][48.688s][info][gc,ref      ] GC(46) Discovered  references: Soft: 0, Weak: 6823, Final: 0, Phantom: 598
[2026-04-03T02:24:46.184+0600][48.688s][info][gc,ref      ] GC(46) Enqueued    references: Soft: 0, Weak: 370, Final: 0, Phantom: 0
[2026-04-03T02:24:46.184+0600][48.688s][info][gc          ] GC(46) Concurrent weak references 0.869ms
[2026-04-03T02:24:46.184+0600][48.688s][info][gc,start    ] GC(46) Concurrent weak roots
[2026-04-03T02:24:46.184+0600][48.688s][info][gc,task     ] GC(46) Using 3 of 6 workers for concurrent weak root
[2026-04-03T02:24:46.192+0600][48.695s][info][gc          ] GC(46) Concurrent weak roots 7.114ms
[2026-04-03T02:24:46.192+0600][48.695s][info][gc,start    ] GC(46) Concurrent cleanup
[2026-04-03T02:24:46.193+0600][48.696s][info][gc          ] GC(46) Concurrent cleanup 596M->215M(844M) 1.247ms
[2026-04-03T02:24:46.193+0600][48.696s][info][gc,ergo     ] GC(46) Free: 729M, Max: 256K regular, 160M humongous, Frag: 79% external, 0% internal; Reserve: 50132K, Max: 256K
[2026-04-03T02:24:46.193+0600][48.696s][info][gc,start    ] GC(46) Concurrent class unloading
[2026-04-03T02:24:46.193+0600][48.696s][info][gc,task     ] GC(46) Using 3 of 6 workers for concurrent class unloading
[2026-04-03T02:24:46.208+0600][48.711s][info][gc          ] GC(46) Concurrent class unloading 14.918ms
[2026-04-03T02:24:46.208+0600][48.711s][info][gc,start    ] GC(46) Concurrent strong roots
[2026-04-03T02:24:46.208+0600][48.711s][info][gc,task     ] GC(46) Using 3 of 6 workers for concurrent strong root
[2026-04-03T02:24:46.210+0600][48.713s][info][gc          ] GC(46) Concurrent strong roots 1.440ms
[2026-04-03T02:24:46.210+0600][48.713s][info][gc,start    ] GC(46) Concurrent evacuation
[2026-04-03T02:24:46.210+0600][48.713s][info][gc,task     ] GC(46) Using 3 of 6 workers for concurrent evacuation
[2026-04-03T02:24:46.212+0600][48.716s][info][gc          ] GC(46) Concurrent evacuation 2.871ms
[2026-04-03T02:24:46.213+0600][48.717s][info][gc,start    ] GC(46) Pause Init Update Refs
[2026-04-03T02:24:46.213+0600][48.717s][info][gc,ergo     ] GC(46) Pacer for Update Refs. Used: 231M, Free: 716M, Non-Taxable: 73367K, Alloc Tax Rate: 1.1x
[2026-04-03T02:24:46.213+0600][48.717s][info][gc          ] GC(46) Pause Init Update Refs 0.119ms
[2026-04-03T02:24:46.213+0600][48.717s][info][gc,start    ] GC(46) Concurrent update references
[2026-04-03T02:24:46.214+0600][48.717s][info][gc,task     ] GC(46) Using 3 of 6 workers for concurrent reference update
[2026-04-03T02:24:46.254+0600][48.757s][info][gc          ] GC(46) Concurrent update references 40.057ms
[2026-04-03T02:24:46.254+0600][48.757s][info][gc,start    ] GC(46) Concurrent update thread roots
[2026-04-03T02:24:46.256+0600][48.759s][info][gc          ] GC(46) Concurrent update thread roots 2.137ms
[2026-04-03T02:24:46.256+0600][48.759s][info][gc,start    ] GC(46) Pause Final Update Refs
[2026-04-03T02:24:46.256+0600][48.759s][info][gc,task     ] GC(46) Using 6 of 6 workers for final reference update
[2026-04-03T02:24:46.256+0600][48.760s][info][gc          ] GC(46) Pause Final Update Refs 0.233ms
[2026-04-03T02:24:46.256+0600][48.760s][info][gc,start    ] GC(46) Concurrent cleanup
[2026-04-03T02:24:46.257+0600][48.760s][info][gc          ] GC(46) Concurrent cleanup 245M->167M(844M) 0.400ms
[2026-04-03T02:24:46.257+0600][48.760s][info][gc,ergo     ] Free: 775M, Max: 256K regular, 375M humongous, Frag: 52% external, 0% internal; Reserve: 51200K, Max: 256K
[2026-04-03T02:24:46.257+0600][48.760s][info][gc,stats    ] 
[2026-04-03T02:24:46.257+0600][48.760s][info][gc,stats    ] All times are wall-clock times, except per-root-class counters, that are sum over
[2026-04-03T02:24:46.257+0600][48.760s][info][gc,stats    ] all workers. Dividing the <total> over the root stage time estimates parallelism.
[2026-04-03T02:24:46.257+0600][48.760s][info][gc,stats    ] 
[2026-04-03T02:24:46.257+0600][48.760s][info][gc,stats    ] Concurrent Reset                    797 us
[2026-04-03T02:24:46.257+0600][48.760s][info][gc,stats    ] Pause Init Mark (G)                 389 us
[2026-04-03T02:24:46.257+0600][48.760s][info][gc,stats    ] Pause Init Mark (N)                 125 us
[2026-04-03T02:24:46.257+0600][48.760s][info][gc,stats    ]   Update Region States               30 us
[2026-04-03T02:24:46.257+0600][48.760s][info][gc,stats    ] Concurrent Mark Roots              1102 us, parallelism: 1.76x
[2026-04-03T02:24:46.257+0600][48.760s][info][gc,stats    ]   CMR: <total>                     1936 us
[2026-04-03T02:24:46.257+0600][48.760s][info][gc,stats    ]   CMR: Thread Roots                1722 us, workers (us): 638, 472, 612, ---, ---, ---, 
[2026-04-03T02:24:46.257+0600][48.760s][info][gc,stats    ]   CMR: VM Strong Roots               40 us, workers (us):  38,   1,   0, ---, ---, ---, 
[2026-04-03T02:24:46.257+0600][48.760s][info][gc,stats    ]   CMR: CLDG Roots                   175 us, workers (us): ---, 175, ---, ---, ---, ---, 
[2026-04-03T02:24:46.257+0600][48.760s][info][gc,stats    ] Concurrent Marking                58587 us
[2026-04-03T02:24:46.257+0600][48.760s][info][gc,stats    ] Pause Final Mark (G)               1136 us
[2026-04-03T02:24:46.257+0600][48.760s][info][gc,stats    ] Pause Final Mark (N)                974 us
[2026-04-03T02:24:46.257+0600][48.760s][info][gc,stats    ]   Finish Mark                       368 us
[2026-04-03T02:24:46.257+0600][48.760s][info][gc,stats    ]   Update Region States               68 us
[2026-04-03T02:24:46.257+0600][48.760s][info][gc,stats    ]   Choose Collection Set             286 us
[2026-04-03T02:24:46.257+0600][48.761s][info][gc,stats    ]   Rebuild Free Set                   58 us
[2026-04-03T02:24:46.257+0600][48.761s][info][gc,stats    ] Concurrent Thread Roots            1974 us, parallelism: 1.77x
[2026-04-03T02:24:46.257+0600][48.761s][info][gc,stats    ]   CTR: <total>                     3497 us
[2026-04-03T02:24:46.257+0600][48.761s][info][gc,stats    ]   CTR: Thread Roots                3497 us, workers (us): 1739, 1420, 338, ---, ---, ---, 
[2026-04-03T02:24:46.257+0600][48.761s][info][gc,stats    ] Concurrent Weak References          884 us, parallelism: 1.10x
[2026-04-03T02:24:46.257+0600][48.761s][info][gc,stats    ]   CWRF: <total>                     971 us
[2026-04-03T02:24:46.257+0600][48.761s][info][gc,stats    ]   CWRF: Weak References             971 us, workers (us): 267, 704,   0, ---, ---, ---, 
[2026-04-03T02:24:46.257+0600][48.761s][info][gc,stats    ] Concurrent Weak Roots              7239 us
[2026-04-03T02:24:46.257+0600][48.761s][info][gc,stats    ]   Roots                            6653 us, parallelism: 2.72x
[2026-04-03T02:24:46.257+0600][48.761s][info][gc,stats    ]     CWR: <total>                  18124 us
[2026-04-03T02:24:46.257+0600][48.761s][info][gc,stats    ]     CWR: Code Cache Roots         11951 us, workers (us): 2334, 4600, 5017, ---, ---, ---, 
[2026-04-03T02:24:46.257+0600][48.761s][info][gc,stats    ]     CWR: VM Weak Roots             5930 us, workers (us): 3851, 1201, 878, ---, ---, ---, 
[2026-04-03T02:24:46.257+0600][48.761s][info][gc,stats    ]     CWR: CLDG Roots                 244 us, workers (us): ---, 244, ---, ---, ---, ---, 
[2026-04-03T02:24:46.257+0600][48.761s][info][gc,stats    ]   Rendezvous                        425 us
[2026-04-03T02:24:46.257+0600][48.761s][info][gc,stats    ] Concurrent Cleanup                 1309 us
[2026-04-03T02:24:46.257+0600][48.761s][info][gc,stats    ] Concurrent Class Unloading        14998 us
[2026-04-03T02:24:46.257+0600][48.761s][info][gc,stats    ]   Unlink Stale                    13825 us
[2026-04-03T02:24:46.257+0600][48.761s][info][gc,stats    ]     System Dictionary               300 us
[2026-04-03T02:24:46.257+0600][48.761s][info][gc,stats    ]     Weak Class Links                  1 us
[2026-04-03T02:24:46.257+0600][48.761s][info][gc,stats    ]     Code Roots                    13509 us
[2026-04-03T02:24:46.257+0600][48.761s][info][gc,stats    ]   Rendezvous                        285 us
[2026-04-03T02:24:46.257+0600][48.761s][info][gc,stats    ]   Purge Unlinked                    765 us
[2026-04-03T02:24:46.258+0600][48.761s][info][gc,stats    ]     Code Roots                      755 us
[2026-04-03T02:24:46.258+0600][48.761s][info][gc,stats    ]     CLDG                              9 us
[2026-04-03T02:24:46.258+0600][48.761s][info][gc,stats    ]     Exception Caches                  0 us
[2026-04-03T02:24:46.258+0600][48.761s][info][gc,stats    ] Concurrent Strong Roots            1501 us, parallelism: 0.66x
[2026-04-03T02:24:46.258+0600][48.761s][info][gc,stats    ]   CSR: <total>                      995 us
[2026-04-03T02:24:46.258+0600][48.761s][info][gc,stats    ]   CSR: VM Strong Roots               47 us, workers (us):  46,   1,   0, ---, ---, ---, 
[2026-04-03T02:24:46.258+0600][48.761s][info][gc,stats    ]   CSR: CLDG Roots                   949 us, workers (us): 949, ---, ---, ---, ---, ---, 
[2026-04-03T02:24:46.258+0600][48.761s][info][gc,stats    ] Concurrent Evacuation              2930 us
[2026-04-03T02:24:46.258+0600][48.761s][info][gc,stats    ] Pause Init Update Refs (G)          925 us
[2026-04-03T02:24:46.258+0600][48.761s][info][gc,stats    ] Pause Init Update Refs (N)          129 us
[2026-04-03T02:24:46.258+0600][48.761s][info][gc,stats    ]   Manage GCLABs                      42 us
[2026-04-03T02:24:46.258+0600][48.761s][info][gc,stats    ] Concurrent Update Refs            40160 us
[2026-04-03T02:24:46.258+0600][48.761s][info][gc,stats    ] Concurrent Update Thread Roots     2261 us
[2026-04-03T02:24:46.258+0600][48.761s][info][gc,stats    ] Pause Final Update Refs (G)         502 us
[2026-04-03T02:24:46.258+0600][48.761s][info][gc,stats    ] Pause Final Update Refs (N)         251 us
[2026-04-03T02:24:46.258+0600][48.761s][info][gc,stats    ]   Update Region States               77 us
[2026-04-03T02:24:46.258+0600][48.761s][info][gc,stats    ]   Trash Collection Set               19 us
[2026-04-03T02:24:46.258+0600][48.761s][info][gc,stats    ]   Rebuild Free Set                   60 us
[2026-04-03T02:24:46.258+0600][48.761s][info][gc,stats    ] Concurrent Cleanup                  434 us
[2026-04-03T02:24:46.258+0600][48.761s][info][gc,stats    ] 
[2026-04-03T02:24:46.258+0600][48.761s][info][gc,stats    ] Allocation pacing accrued:
[2026-04-03T02:24:46.258+0600][48.761s][info][gc,stats    ]       0 of   248 ms (  0.0%): <total>
[2026-04-03T02:24:46.258+0600][48.761s][info][gc,stats    ]       0 of   248 ms (  0.0%): <average total>
[2026-04-03T02:24:46.258+0600][48.761s][info][gc,stats    ] 
[2026-04-03T02:24:46.258+0600][48.761s][info][gc,metaspace] Metaspace: 130894K(132096K)->130923K(132096K) NonClass: 114435K(115072K)->114464K(115072K) Class: 16459K(17024K)->16459K(17024K)
[2026-04-03T02:24:46.258+0600][48.761s][info][gc,ergo     ] Pacer for Idle. Initial: 20480K, Alloc Tax Rate: 1.0x
[2026-04-03T02:24:46.853+0600][49.356s][info][gc          ] Trigger: Average GC time (175.69 ms) is above the time for average allocation rate (1111 MB/s) to deplete free headroom (194M) (margin of error = 1.82)
[2026-04-03T02:24:46.853+0600][49.356s][info][gc,ergo     ] Free headroom: 244M (free) - 51200K (spike) - 0B (penalties) = 194M
[2026-04-03T02:24:46.853+0600][49.357s][info][gc,ergo     ] Free: 244M, Max: 256K regular, 244M humongous, Frag: 0% external, 0% internal; Reserve: 51200K, Max: 256K
[2026-04-03T02:24:46.853+0600][49.357s][info][gc,start    ] GC(47) Concurrent reset
[2026-04-03T02:24:46.853+0600][49.357s][info][gc,task     ] GC(47) Using 3 of 6 workers for concurrent reset
[2026-04-03T02:24:46.853+0600][49.357s][info][gc,ergo     ] GC(47) Pacer for Reset. Non-Taxable: 1000M
[2026-04-03T02:24:46.854+0600][49.358s][info][gc          ] GC(47) Concurrent reset 1.175ms
[2026-04-03T02:24:46.855+0600][49.358s][info][gc,start    ] GC(47) Pause Init Mark (unload classes)
[2026-04-03T02:24:46.855+0600][49.358s][info][gc,task     ] GC(47) Using 6 of 6 workers for init marking
[2026-04-03T02:24:46.855+0600][49.358s][info][gc,ergo     ] GC(47) Pacer for Mark. Expected Live: 90289K, Free: 244M, Non-Taxable: 25013K, Alloc Tax Rate: 0.4x
[2026-04-03T02:24:46.855+0600][49.358s][info][gc          ] GC(47) Pause Init Mark (unload classes) 0.168ms
[2026-04-03T02:24:46.855+0600][49.358s][info][gc,start    ] GC(47) Concurrent marking roots
[2026-04-03T02:24:46.855+0600][49.358s][info][gc,task     ] GC(47) Using 3 of 6 workers for concurrent marking roots
[2026-04-03T02:24:46.856+0600][49.360s][info][gc          ] GC(47) Concurrent marking roots 1.350ms
[2026-04-03T02:24:46.856+0600][49.360s][info][gc,start    ] GC(47) Concurrent marking (unload classes)
[2026-04-03T02:24:46.856+0600][49.360s][info][gc,task     ] GC(47) Using 3 of 6 workers for concurrent marking
[2026-04-03T02:24:46.916+0600][49.420s][info][gc          ] GC(47) Concurrent marking (unload classes) 59.906ms
[2026-04-03T02:24:46.917+0600][49.420s][info][gc,start    ] GC(47) Pause Final Mark (unload classes)
[2026-04-03T02:24:46.917+0600][49.420s][info][gc,task     ] GC(47) Using 6 of 6 workers for final marking
[2026-04-03T02:24:46.917+0600][49.420s][info][gc,ergo     ] GC(47) Adaptive CSet Selection. Target Free: 141M, Actual Free: 723M, Max CSet: 42666K, Min Garbage: 0B
[2026-04-03T02:24:46.917+0600][49.421s][info][gc,ergo     ] GC(47) Collectable Garbage: 568M (98%), Immediate: 470M (81%), CSet: 101019K (17%)
[2026-04-03T02:24:46.917+0600][49.421s][info][gc,ergo     ] GC(47) Pacer for Evacuation. Used CSet: 101M, Free: 713M, Non-Taxable: 73064K, Alloc Tax Rate: 1.1x
[2026-04-03T02:24:46.917+0600][49.421s][info][gc          ] GC(47) Pause Final Mark (unload classes) 0.852ms
[2026-04-03T02:24:46.918+0600][49.421s][info][gc,start    ] GC(47) Concurrent thread roots
[2026-04-03T02:24:46.918+0600][49.421s][info][gc,task     ] GC(47) Using 3 of 6 workers for Concurrent thread roots
[2026-04-03T02:24:46.919+0600][49.422s][info][gc          ] GC(47) Concurrent thread roots 0.981ms
[2026-04-03T02:24:46.919+0600][49.422s][info][gc,start    ] GC(47) Concurrent weak references
[2026-04-03T02:24:46.919+0600][49.422s][info][gc,task     ] GC(47) Using 3 of 6 workers for concurrent weak references
[2026-04-03T02:24:46.919+0600][49.423s][info][gc,ref      ] GC(47) Encountered references: Soft: 3865, Weak: 15417, Final: 84, Phantom: 620
[2026-04-03T02:24:46.919+0600][49.423s][info][gc,ref      ] GC(47) Discovered  references: Soft: 0, Weak: 8950, Final: 0, Phantom: 615
[2026-04-03T02:24:46.920+0600][49.423s][info][gc,ref      ] GC(47) Enqueued    references: Soft: 0, Weak: 257, Final: 0, Phantom: 0
[2026-04-03T02:24:46.920+0600][49.423s][info][gc          ] GC(47) Concurrent weak references 0.986ms
[2026-04-03T02:24:46.920+0600][49.423s][info][gc,start    ] GC(47) Concurrent weak roots
[2026-04-03T02:24:46.920+0600][49.423s][info][gc,task     ] GC(47) Using 3 of 6 workers for concurrent weak root
[2026-04-03T02:24:46.924+0600][49.427s][info][gc          ] GC(47) Concurrent weak roots 4.438ms
[2026-04-03T02:24:46.924+0600][49.427s][info][gc,start    ] GC(47) Concurrent cleanup
[2026-04-03T02:24:46.925+0600][49.428s][info][gc          ] GC(47) Concurrent cleanup 708M->238M(844M) 1.009ms
[2026-04-03T02:24:46.925+0600][49.428s][info][gc,ergo     ] GC(47) Free: 707M, Max: 256K regular, 198M humongous, Frag: 73% external, 0% internal; Reserve: 50812K, Max: 256K
[2026-04-03T02:24:46.925+0600][49.428s][info][gc,start    ] GC(47) Concurrent class unloading
[2026-04-03T02:24:46.925+0600][49.428s][info][gc,task     ] GC(47) Using 3 of 6 workers for concurrent class unloading
[2026-04-03T02:24:46.942+0600][49.445s][info][gc          ] GC(47) Concurrent class unloading 16.809ms
[2026-04-03T02:24:46.942+0600][49.445s][info][gc,start    ] GC(47) Concurrent strong roots
[2026-04-03T02:24:46.942+0600][49.445s][info][gc,task     ] GC(47) Using 3 of 6 workers for concurrent strong root
[2026-04-03T02:24:46.943+0600][49.447s][info][gc          ] GC(47) Concurrent strong roots 1.350ms
[2026-04-03T02:24:46.944+0600][49.447s][info][gc,start    ] GC(47) Concurrent evacuation
[2026-04-03T02:24:46.944+0600][49.447s][info][gc,task     ] GC(47) Using 3 of 6 workers for concurrent evacuation
[2026-04-03T02:24:46.946+0600][49.449s][info][gc          ] GC(47) Concurrent evacuation 2.242ms
[2026-04-03T02:24:46.946+0600][49.449s][info][gc,start    ] GC(47) Pause Init Update Refs
[2026-04-03T02:24:46.946+0600][49.450s][info][gc,ergo     ] GC(47) Pacer for Update Refs. Used: 251M, Free: 696M, Non-Taxable: 71369K, Alloc Tax Rate: 1.1x
[2026-04-03T02:24:46.946+0600][49.450s][info][gc          ] GC(47) Pause Init Update Refs 0.145ms
[2026-04-03T02:24:46.946+0600][49.450s][info][gc,start    ] GC(47) Concurrent update references
[2026-04-03T02:24:46.947+0600][49.450s][info][gc,task     ] GC(47) Using 3 of 6 workers for concurrent reference update
[2026-04-03T02:24:47.003+0600][49.506s][info][gc          ] GC(47) Concurrent update references 56.451ms
[2026-04-03T02:24:47.003+0600][49.506s][info][gc,start    ] GC(47) Concurrent update thread roots
[2026-04-03T02:24:47.005+0600][49.508s][info][gc          ] GC(47) Concurrent update thread roots 1.786ms
[2026-04-03T02:24:47.005+0600][49.508s][info][gc,start    ] GC(47) Pause Final Update Refs
[2026-04-03T02:24:47.005+0600][49.508s][info][gc,task     ] GC(47) Using 6 of 6 workers for final reference update
[2026-04-03T02:24:47.005+0600][49.509s][info][gc          ] GC(47) Pause Final Update Refs 0.265ms
[2026-04-03T02:24:47.005+0600][49.509s][info][gc,start    ] GC(47) Concurrent cleanup
[2026-04-03T02:24:47.006+0600][49.510s][info][gc          ] GC(47) Concurrent cleanup 293M->193M(844M) 0.853ms
[2026-04-03T02:24:47.006+0600][49.510s][info][gc,ergo     ] Free: 749M, Max: 256K regular, 258M humongous, Frag: 66% external, 0% internal; Reserve: 51200K, Max: 256K
[2026-04-03T02:24:47.006+0600][49.510s][info][gc,stats    ] 
[2026-04-03T02:24:47.006+0600][49.510s][info][gc,stats    ] All times are wall-clock times, except per-root-class counters, that are sum over
[2026-04-03T02:24:47.006+0600][49.510s][info][gc,stats    ] all workers. Dividing the <total> over the root stage time estimates parallelism.
[2026-04-03T02:24:47.006+0600][49.510s][info][gc,stats    ] 
[2026-04-03T02:24:47.007+0600][49.510s][info][gc,stats    ] Concurrent Reset                   1261 us
[2026-04-03T02:24:47.007+0600][49.510s][info][gc,stats    ] Pause Init Mark (G)                 390 us
[2026-04-03T02:24:47.007+0600][49.510s][info][gc,stats    ] Pause Init Mark (N)                 180 us
[2026-04-03T02:24:47.007+0600][49.510s][info][gc,stats    ]   Update Region States               53 us
[2026-04-03T02:24:47.007+0600][49.510s][info][gc,stats    ] Concurrent Mark Roots              1431 us, parallelism: 1.72x
[2026-04-03T02:24:47.007+0600][49.510s][info][gc,stats    ]   CMR: <total>                     2454 us
[2026-04-03T02:24:47.007+0600][49.510s][info][gc,stats    ]   CMR: Thread Roots                2141 us, workers (us): 808, 574, 759, ---, ---, ---, 
[2026-04-03T02:24:47.007+0600][49.510s][info][gc,stats    ]   CMR: VM Strong Roots               51 us, workers (us):  26,  24,   1, ---, ---, ---, 
[2026-04-03T02:24:47.007+0600][49.510s][info][gc,stats    ]   CMR: CLDG Roots                   262 us, workers (us): ---, 262, ---, ---, ---, ---, 
[2026-04-03T02:24:47.007+0600][49.510s][info][gc,stats    ] Concurrent Marking                59990 us
[2026-04-03T02:24:47.007+0600][49.510s][info][gc,stats    ] Pause Final Mark (G)               1133 us
[2026-04-03T02:24:47.007+0600][49.510s][info][gc,stats    ] Pause Final Mark (N)                865 us
[2026-04-03T02:24:47.007+0600][49.510s][info][gc,stats    ]   Finish Mark                       291 us
[2026-04-03T02:24:47.007+0600][49.510s][info][gc,stats    ]   Update Region States               63 us
[2026-04-03T02:24:47.007+0600][49.510s][info][gc,stats    ]   Choose Collection Set             302 us
[2026-04-03T02:24:47.007+0600][49.510s][info][gc,stats    ]   Rebuild Free Set                   50 us
[2026-04-03T02:24:47.007+0600][49.510s][info][gc,stats    ] Concurrent Thread Roots            1029 us, parallelism: 2.22x
[2026-04-03T02:24:47.007+0600][49.510s][info][gc,stats    ]   CTR: <total>                     2289 us
[2026-04-03T02:24:47.007+0600][49.510s][info][gc,stats    ]   CTR: Thread Roots                2289 us, workers (us): 798, 739, 753, ---, ---, ---, 
[2026-04-03T02:24:47.007+0600][49.510s][info][gc,stats    ] Concurrent Weak References         1000 us, parallelism: 1.05x
[2026-04-03T02:24:47.007+0600][49.510s][info][gc,stats    ]   CWRF: <total>                    1053 us
[2026-04-03T02:24:47.007+0600][49.510s][info][gc,stats    ]   CWRF: Weak References            1053 us, workers (us): 772,  50, 231, ---, ---, ---, 
[2026-04-03T02:24:47.007+0600][49.510s][info][gc,stats    ] Concurrent Weak Roots              4540 us
[2026-04-03T02:24:47.007+0600][49.510s][info][gc,stats    ]   Roots                            3973 us, parallelism: 2.71x
[2026-04-03T02:24:47.007+0600][49.510s][info][gc,stats    ]     CWR: <total>                  10763 us
[2026-04-03T02:24:47.007+0600][49.510s][info][gc,stats    ]     CWR: Code Cache Roots          8203 us, workers (us): 2665, 2791, 2747, ---, ---, ---, 
[2026-04-03T02:24:47.007+0600][49.510s][info][gc,stats    ]     CWR: VM Weak Roots             2428 us, workers (us): 824, 806, 798, ---, ---, ---, 
[2026-04-03T02:24:47.007+0600][49.510s][info][gc,stats    ]     CWR: CLDG Roots                 132 us, workers (us): 132, ---, ---, ---, ---, ---, 
[2026-04-03T02:24:47.007+0600][49.510s][info][gc,stats    ]   Rendezvous                        430 us
[2026-04-03T02:24:47.007+0600][49.510s][info][gc,stats    ] Concurrent Cleanup                 1032 us
[2026-04-03T02:24:47.007+0600][49.510s][info][gc,stats    ] Concurrent Class Unloading        16931 us
[2026-04-03T02:24:47.007+0600][49.510s][info][gc,stats    ]   Unlink Stale                    14971 us
[2026-04-03T02:24:47.007+0600][49.510s][info][gc,stats    ]     System Dictionary               259 us
[2026-04-03T02:24:47.007+0600][49.510s][info][gc,stats    ]     Weak Class Links                  0 us
[2026-04-03T02:24:47.007+0600][49.510s][info][gc,stats    ]     Code Roots                    14707 us
[2026-04-03T02:24:47.007+0600][49.510s][info][gc,stats    ]   Rendezvous                        407 us
[2026-04-03T02:24:47.007+0600][49.510s][info][gc,stats    ]   Purge Unlinked                   1401 us
[2026-04-03T02:24:47.007+0600][49.510s][info][gc,stats    ]     Code Roots                     1373 us
[2026-04-03T02:24:47.007+0600][49.510s][info][gc,stats    ]     CLDG                             26 us
[2026-04-03T02:24:47.007+0600][49.510s][info][gc,stats    ]     Exception Caches                  1 us
[2026-04-03T02:24:47.007+0600][49.510s][info][gc,stats    ] Concurrent Strong Roots            1455 us, parallelism: 0.61x
[2026-04-03T02:24:47.007+0600][49.510s][info][gc,stats    ]   CSR: <total>                      888 us
[2026-04-03T02:24:47.007+0600][49.510s][info][gc,stats    ]   CSR: VM Strong Roots               67 us, workers (us):  62,   5,   0, ---, ---, ---, 
[2026-04-03T02:24:47.007+0600][49.510s][info][gc,stats    ]   CSR: CLDG Roots                   821 us, workers (us): 821, ---, ---, ---, ---, ---, 
[2026-04-03T02:24:47.007+0600][49.510s][info][gc,stats    ] Concurrent Evacuation              2322 us
[2026-04-03T02:24:47.007+0600][49.510s][info][gc,stats    ] Pause Init Update Refs (G)          534 us
[2026-04-03T02:24:47.007+0600][49.511s][info][gc,stats    ] Pause Init Update Refs (N)          159 us
[2026-04-03T02:24:47.007+0600][49.511s][info][gc,stats    ]   Manage GCLABs                      43 us
[2026-04-03T02:24:47.007+0600][49.511s][info][gc,stats    ] Concurrent Update Refs            56557 us
[2026-04-03T02:24:47.007+0600][49.511s][info][gc,stats    ] Concurrent Update Thread Roots     1837 us
[2026-04-03T02:24:47.007+0600][49.511s][info][gc,stats    ] Pause Final Update Refs (G)         590 us
[2026-04-03T02:24:47.007+0600][49.511s][info][gc,stats    ] Pause Final Update Refs (N)         287 us
[2026-04-03T02:24:47.007+0600][49.511s][info][gc,stats    ]   Update Region States               78 us
[2026-04-03T02:24:47.007+0600][49.511s][info][gc,stats    ]   Trash Collection Set               39 us
[2026-04-03T02:24:47.007+0600][49.511s][info][gc,stats    ]   Rebuild Free Set                   60 us
[2026-04-03T02:24:47.007+0600][49.511s][info][gc,stats    ] Concurrent Cleanup                  888 us
[2026-04-03T02:24:47.007+0600][49.511s][info][gc,stats    ] Pacing                            63981 us
[2026-04-03T02:24:47.007+0600][49.511s][info][gc,stats    ] 
[2026-04-03T02:24:47.007+0600][49.511s][info][gc,stats    ] Allocation pacing accrued:
[2026-04-03T02:24:47.007+0600][49.511s][info][gc,stats    ]      15 of   750 ms (  2.0%): Executor task launch worker for task 2.0 in stage 1391.0 (TID 2673)
[2026-04-03T02:24:47.007+0600][49.511s][info][gc,stats    ]      15 of   750 ms (  2.0%): Executor task launch worker for task 7.0 in stage 1391.0 (TID 2678)
[2026-04-03T02:24:47.007+0600][49.511s][info][gc,stats    ]      15 of   750 ms (  2.0%): Executor task launch worker for task 0.0 in stage 1391.0 (TID 2671)
[2026-04-03T02:24:47.007+0600][49.511s][info][gc,stats    ]       5 of   750 ms (  0.6%): task-result-getter-0
[2026-04-03T02:24:47.007+0600][49.511s][info][gc,stats    ]      15 of   750 ms (  2.0%): task-result-getter-1
[2026-04-03T02:24:47.007+0600][49.511s][info][gc,stats    ]      64 of   750 ms (  8.5%): <total>
[2026-04-03T02:24:47.007+0600][49.511s][info][gc,stats    ]       0 of   750 ms (  0.0%): <average total>
[2026-04-03T02:24:47.007+0600][49.511s][info][gc,stats    ]      13 of   750 ms (  1.7%): <average non-zero>
[2026-04-03T02:24:47.007+0600][49.511s][info][gc,stats    ] 
[2026-04-03T02:24:47.008+0600][49.511s][info][gc,metaspace] Metaspace: 130939K(132096K)->130940K(132160K) NonClass: 114479K(115072K)->114480K(115136K) Class: 16460K(17024K)->16460K(17024K)
[2026-04-03T02:24:47.008+0600][49.511s][info][gc,ergo     ] Pacer for Idle. Initial: 20480K, Alloc Tax Rate: 1.0x
[2026-04-03T02:24:47.506+0600][50.009s][info][gc          ] Trigger: Average GC time (180.19 ms) is above the time for average allocation rate (1029 MB/s) to deplete free headroom (185M) (margin of error = 1.82)
[2026-04-03T02:24:47.506+0600][50.009s][info][gc,ergo     ] Free headroom: 235M (free) - 51200K (spike) - 0B (penalties) = 185M
[2026-04-03T02:24:47.506+0600][50.009s][info][gc,ergo     ] Free: 235M, Max: 256K regular, 196M humongous, Frag: 17% external, 1% internal; Reserve: 51200K, Max: 256K
[2026-04-03T02:24:47.506+0600][50.009s][info][gc,start    ] GC(48) Concurrent reset
[2026-04-03T02:24:47.506+0600][50.009s][info][gc,task     ] GC(48) Using 3 of 6 workers for concurrent reset
[2026-04-03T02:24:47.506+0600][50.010s][info][gc,ergo     ] GC(48) Pacer for Reset. Non-Taxable: 1000M
[2026-04-03T02:24:47.507+0600][50.010s][info][gc          ] GC(48) Concurrent reset 0.966ms
[2026-04-03T02:24:47.507+0600][50.011s][info][gc,start    ] GC(48) Pause Init Mark (unload classes)
[2026-04-03T02:24:47.507+0600][50.011s][info][gc,task     ] GC(48) Using 6 of 6 workers for init marking
[2026-04-03T02:24:47.508+0600][50.011s][info][gc,ergo     ] GC(48) Pacer for Mark. Expected Live: 90580K, Free: 234M, Non-Taxable: 24036K, Alloc Tax Rate: 0.5x
[2026-04-03T02:24:47.508+0600][50.011s][info][gc          ] GC(48) Pause Init Mark (unload classes) 0.167ms
[2026-04-03T02:24:47.508+0600][50.011s][info][gc,start    ] GC(48) Concurrent marking roots
[2026-04-03T02:24:47.508+0600][50.011s][info][gc,task     ] GC(48) Using 3 of 6 workers for concurrent marking roots
[2026-04-03T02:24:47.509+0600][50.012s][info][gc          ] GC(48) Concurrent marking roots 0.954ms
[2026-04-03T02:24:47.509+0600][50.012s][info][gc,start    ] GC(48) Concurrent marking (unload classes)
[2026-04-03T02:24:47.509+0600][50.012s][info][gc,task     ] GC(48) Using 3 of 6 workers for concurrent marking
[2026-04-03T02:24:47.572+0600][50.075s][info][gc          ] GC(48) Concurrent marking (unload classes) 63.500ms
[2026-04-03T02:24:47.572+0600][50.076s][info][gc,start    ] GC(48) Pause Final Mark (unload classes)
[2026-04-03T02:24:47.572+0600][50.076s][info][gc,task     ] GC(48) Using 6 of 6 workers for final marking
[2026-04-03T02:24:47.573+0600][50.076s][info][gc,ergo     ] GC(48) Adaptive CSet Selection. Target Free: 141M, Actual Free: 713M, Max CSet: 42666K, Min Garbage: 0B
[2026-04-03T02:24:47.573+0600][50.076s][info][gc,ergo     ] GC(48) Collectable Garbage: 579M (98%), Immediate: 467M (79%), CSet: 111M (19%)
[2026-04-03T02:24:47.573+0600][50.077s][info][gc,ergo     ] GC(48) Pacer for Evacuation. Used CSet: 117M, Free: 699M, Non-Taxable: 71665K, Alloc Tax Rate: 1.1x
[2026-04-03T02:24:47.573+0600][50.077s][info][gc          ] GC(48) Pause Final Mark (unload classes) 0.953ms
[2026-04-03T02:24:47.573+0600][50.077s][info][gc,start    ] GC(48) Concurrent thread roots
[2026-04-03T02:24:47.573+0600][50.077s][info][gc,task     ] GC(48) Using 3 of 6 workers for Concurrent thread roots
[2026-04-03T02:24:47.574+0600][50.078s][info][gc          ] GC(48) Concurrent thread roots 1.003ms
[2026-04-03T02:24:47.574+0600][50.078s][info][gc,start    ] GC(48) Concurrent weak references
[2026-04-03T02:24:47.574+0600][50.078s][info][gc,task     ] GC(48) Using 3 of 6 workers for concurrent weak references
[2026-04-03T02:24:47.575+0600][50.079s][info][gc,ref      ] GC(48) Encountered references: Soft: 3865, Weak: 16474, Final: 84, Phantom: 620
[2026-04-03T02:24:47.575+0600][50.079s][info][gc,ref      ] GC(48) Discovered  references: Soft: 0, Weak: 9330, Final: 0, Phantom: 615
[2026-04-03T02:24:47.575+0600][50.079s][info][gc,ref      ] GC(48) Enqueued    references: Soft: 0, Weak: 1736, Final: 0, Phantom: 0
[2026-04-03T02:24:47.575+0600][50.079s][info][gc          ] GC(48) Concurrent weak references 0.902ms
[2026-04-03T02:24:47.575+0600][50.079s][info][gc,start    ] GC(48) Concurrent weak roots
[2026-04-03T02:24:47.575+0600][50.079s][info][gc,task     ] GC(48) Using 3 of 6 workers for concurrent weak root
[2026-04-03T02:24:47.580+0600][50.083s][info][gc          ] GC(48) Concurrent weak roots 4.560ms
[2026-04-03T02:24:47.580+0600][50.083s][info][gc,start    ] GC(48) Concurrent cleanup
[2026-04-03T02:24:47.581+0600][50.084s][info][gc          ] GC(48) Concurrent cleanup 720M->253M(844M) 0.846ms
[2026-04-03T02:24:47.581+0600][50.084s][info][gc,ergo     ] GC(48) Free: 694M, Max: 256K regular, 190M humongous, Frag: 73% external, 0% internal; Reserve: 50708K, Max: 256K
[2026-04-03T02:24:47.581+0600][50.084s][info][gc,start    ] GC(48) Concurrent class unloading
[2026-04-03T02:24:47.581+0600][50.084s][info][gc,task     ] GC(48) Using 3 of 6 workers for concurrent class unloading
[2026-04-03T02:24:47.602+0600][50.105s][info][gc          ] GC(48) Concurrent class unloading 20.558ms
[2026-04-03T02:24:47.602+0600][50.105s][info][gc,start    ] GC(48) Concurrent strong roots
[2026-04-03T02:24:47.602+0600][50.105s][info][gc,task     ] GC(48) Using 3 of 6 workers for concurrent strong root
[2026-04-03T02:24:47.603+0600][50.107s][info][gc          ] GC(48) Concurrent strong roots 1.369ms
[2026-04-03T02:24:47.603+0600][50.107s][info][gc,start    ] GC(48) Concurrent evacuation
[2026-04-03T02:24:47.603+0600][50.107s][info][gc,task     ] GC(48) Using 3 of 6 workers for concurrent evacuation
[2026-04-03T02:24:47.606+0600][50.110s][info][gc          ] GC(48) Concurrent evacuation 3.078ms
[2026-04-03T02:24:47.607+0600][50.110s][info][gc,start    ] GC(48) Pause Init Update Refs
[2026-04-03T02:24:47.607+0600][50.110s][info][gc,ergo     ] GC(48) Pacer for Update Refs. Used: 279M, Free: 671M, Non-Taxable: 68794K, Alloc Tax Rate: 1.1x
[2026-04-03T02:24:47.607+0600][50.110s][info][gc          ] GC(48) Pause Init Update Refs 0.179ms
[2026-04-03T02:24:47.607+0600][50.110s][info][gc,start    ] GC(48) Concurrent update references
[2026-04-03T02:24:47.607+0600][50.110s][info][gc,task     ] GC(48) Using 3 of 6 workers for concurrent reference update
[2026-04-03T02:24:47.656+0600][50.159s][info][gc          ] GC(48) Concurrent update references 48.758ms
[2026-04-03T02:24:47.656+0600][50.159s][info][gc,start    ] GC(48) Concurrent update thread roots
[2026-04-03T02:24:47.657+0600][50.160s][info][gc          ] GC(48) Concurrent update thread roots 1.211ms
[2026-04-03T02:24:47.657+0600][50.161s][info][gc,start    ] GC(48) Pause Final Update Refs
[2026-04-03T02:24:47.657+0600][50.161s][info][gc,task     ] GC(48) Using 6 of 6 workers for final reference update
[2026-04-03T02:24:47.657+0600][50.161s][info][gc          ] GC(48) Pause Final Update Refs 0.286ms
[2026-04-03T02:24:47.658+0600][50.161s][info][gc,start    ] GC(48) Concurrent cleanup
[2026-04-03T02:24:47.659+0600][50.162s][info][gc          ] GC(48) Concurrent cleanup 310M->193M(844M) 0.833ms
[2026-04-03T02:24:47.659+0600][50.162s][info][gc,ergo     ] Free: 751M, Max: 256K regular, 258M humongous, Frag: 66% external, 0% internal; Reserve: 51200K, Max: 256K
[2026-04-03T02:24:47.659+0600][50.162s][info][gc,stats    ] 
[2026-04-03T02:24:47.659+0600][50.162s][info][gc,stats    ] All times are wall-clock times, except per-root-class counters, that are sum over
[2026-04-03T02:24:47.659+0600][50.162s][info][gc,stats    ] all workers. Dividing the <total> over the root stage time estimates parallelism.
[2026-04-03T02:24:47.659+0600][50.162s][info][gc,stats    ] 
[2026-04-03T02:24:47.659+0600][50.162s][info][gc,stats    ] Concurrent Reset                   1012 us
[2026-04-03T02:24:47.659+0600][50.162s][info][gc,stats    ] Pause Init Mark (G)                 394 us
[2026-04-03T02:24:47.659+0600][50.162s][info][gc,stats    ] Pause Init Mark (N)                 177 us
[2026-04-03T02:24:47.659+0600][50.162s][info][gc,stats    ]   Update Region States               42 us
[2026-04-03T02:24:47.659+0600][50.162s][info][gc,stats    ] Concurrent Mark Roots               993 us, parallelism: 1.88x
[2026-04-03T02:24:47.659+0600][50.162s][info][gc,stats    ]   CMR: <total>                     1867 us
[2026-04-03T02:24:47.659+0600][50.162s][info][gc,stats    ]   CMR: Thread Roots                1621 us, workers (us): 408, 601, 612, ---, ---, ---, 
[2026-04-03T02:24:47.659+0600][50.162s][info][gc,stats    ]   CMR: VM Strong Roots               28 us, workers (us):  27,   1,   1, ---, ---, ---, 
[2026-04-03T02:24:47.659+0600][50.162s][info][gc,stats    ]   CMR: CLDG Roots                   217 us, workers (us): 217, ---, ---, ---, ---, ---, 
[2026-04-03T02:24:47.659+0600][50.162s][info][gc,stats    ] Concurrent Marking                63568 us
[2026-04-03T02:24:47.659+0600][50.162s][info][gc,stats    ] Pause Final Mark (G)               1232 us
[2026-04-03T02:24:47.659+0600][50.162s][info][gc,stats    ] Pause Final Mark (N)                968 us
[2026-04-03T02:24:47.659+0600][50.162s][info][gc,stats    ]   Finish Mark                       337 us
[2026-04-03T02:24:47.659+0600][50.162s][info][gc,stats    ]   Update Region States               60 us
[2026-04-03T02:24:47.659+0600][50.162s][info][gc,stats    ]   Choose Collection Set             357 us
[2026-04-03T02:24:47.659+0600][50.162s][info][gc,stats    ]   Rebuild Free Set                   62 us
[2026-04-03T02:24:47.659+0600][50.162s][info][gc,stats    ] Concurrent Thread Roots            1046 us, parallelism: 2.05x
[2026-04-03T02:24:47.659+0600][50.162s][info][gc,stats    ]   CTR: <total>                     2145 us
[2026-04-03T02:24:47.659+0600][50.162s][info][gc,stats    ]   CTR: Thread Roots                2145 us, workers (us): 724, 727, 694, ---, ---, ---, 
[2026-04-03T02:24:47.659+0600][50.162s][info][gc,stats    ] Concurrent Weak References          913 us, parallelism: 1.17x
[2026-04-03T02:24:47.659+0600][50.162s][info][gc,stats    ]   CWRF: <total>                    1066 us
[2026-04-03T02:24:47.659+0600][50.162s][info][gc,stats    ]   CWRF: Weak References            1066 us, workers (us): 268, 797,   2, ---, ---, ---, 
[2026-04-03T02:24:47.659+0600][50.162s][info][gc,stats    ] Concurrent Weak Roots              4812 us
[2026-04-03T02:24:47.659+0600][50.162s][info][gc,stats    ]   Roots                            4162 us, parallelism: 2.69x
[2026-04-03T02:24:47.659+0600][50.162s][info][gc,stats    ]     CWR: <total>                  11211 us
[2026-04-03T02:24:47.659+0600][50.162s][info][gc,stats    ]     CWR: Code Cache Roots          8232 us, workers (us): 2929, 2751, 2553, ---, ---, ---, 
[2026-04-03T02:24:47.659+0600][50.162s][info][gc,stats    ]     CWR: VM Weak Roots             2777 us, workers (us): 948, 952, 877, ---, ---, ---, 
[2026-04-03T02:24:47.659+0600][50.162s][info][gc,stats    ]     CWR: CLDG Roots                 203 us, workers (us): ---, ---, 203, ---, ---, ---, 
[2026-04-03T02:24:47.659+0600][50.162s][info][gc,stats    ]   Rendezvous                        372 us
[2026-04-03T02:24:47.659+0600][50.162s][info][gc,stats    ] Concurrent Cleanup                  896 us
[2026-04-03T02:24:47.659+0600][50.162s][info][gc,stats    ] Concurrent Class Unloading        20686 us
[2026-04-03T02:24:47.659+0600][50.162s][info][gc,stats    ]   Unlink Stale                    18089 us
[2026-04-03T02:24:47.659+0600][50.162s][info][gc,stats    ]     System Dictionary               295 us
[2026-04-03T02:24:47.659+0600][50.162s][info][gc,stats    ]     Weak Class Links                  0 us
[2026-04-03T02:24:47.659+0600][50.162s][info][gc,stats    ]     Code Roots                    17786 us
[2026-04-03T02:24:47.659+0600][50.162s][info][gc,stats    ]   Rendezvous                        367 us
[2026-04-03T02:24:47.659+0600][50.162s][info][gc,stats    ]   Purge Unlinked                   2041 us
[2026-04-03T02:24:47.659+0600][50.163s][info][gc,stats    ]     Code Roots                     2016 us
[2026-04-03T02:24:47.659+0600][50.163s][info][gc,stats    ]     CLDG                             23 us
[2026-04-03T02:24:47.659+0600][50.163s][info][gc,stats    ]     Exception Caches                  0 us
[2026-04-03T02:24:47.659+0600][50.163s][info][gc,stats    ] Concurrent Strong Roots            1438 us, parallelism: 0.58x
[2026-04-03T02:24:47.659+0600][50.163s][info][gc,stats    ]   CSR: <total>                      839 us
[2026-04-03T02:24:47.659+0600][50.163s][info][gc,stats    ]   CSR: VM Strong Roots               76 us, workers (us):  67,   8,   0, ---, ---, ---, 
[2026-04-03T02:24:47.659+0600][50.163s][info][gc,stats    ]   CSR: CLDG Roots                   763 us, workers (us): ---, 763, ---, ---, ---, ---, 
[2026-04-03T02:24:47.659+0600][50.163s][info][gc,stats    ] Concurrent Evacuation              3159 us
[2026-04-03T02:24:47.659+0600][50.163s][info][gc,stats    ] Pause Init Update Refs (G)          428 us
[2026-04-03T02:24:47.659+0600][50.163s][info][gc,stats    ] Pause Init Update Refs (N)          192 us
[2026-04-03T02:24:47.659+0600][50.163s][info][gc,stats    ]   Manage GCLABs                      82 us
[2026-04-03T02:24:47.659+0600][50.163s][info][gc,stats    ] Concurrent Update Refs            48893 us
[2026-04-03T02:24:47.659+0600][50.163s][info][gc,stats    ] Concurrent Update Thread Roots     1239 us
[2026-04-03T02:24:47.659+0600][50.163s][info][gc,stats    ] Pause Final Update Refs (G)         714 us
[2026-04-03T02:24:47.659+0600][50.163s][info][gc,stats    ] Pause Final Update Refs (N)         309 us
[2026-04-03T02:24:47.659+0600][50.163s][info][gc,stats    ]   Update Region States               78 us
[2026-04-03T02:24:47.659+0600][50.163s][info][gc,stats    ]   Trash Collection Set               28 us
[2026-04-03T02:24:47.659+0600][50.163s][info][gc,stats    ]   Rebuild Free Set                   69 us
[2026-04-03T02:24:47.659+0600][50.163s][info][gc,stats    ] Concurrent Cleanup                  866 us
[2026-04-03T02:24:47.659+0600][50.163s][info][gc,stats    ] Pacing                           134754 us
[2026-04-03T02:24:47.659+0600][50.163s][info][gc,stats    ] 
[2026-04-03T02:24:47.659+0600][50.163s][info][gc,stats    ] Allocation pacing accrued:
[2026-04-03T02:24:47.659+0600][50.163s][info][gc,stats    ]      17 of   652 ms (  2.6%): Executor task launch worker for task 6.0 in stage 1502.0 (TID 2773)
[2026-04-03T02:24:47.659+0600][50.163s][info][gc,stats    ]      18 of   652 ms (  2.7%): Executor task launch worker for task 5.0 in stage 1502.0 (TID 2772)
[2026-04-03T02:24:47.659+0600][50.163s][info][gc,stats    ]      18 of   652 ms (  2.8%): Executor task launch worker for task 2.0 in stage 1502.0 (TID 2769)
[2026-04-03T02:24:47.659+0600][50.163s][info][gc,stats    ]      17 of   652 ms (  2.6%): Executor task launch worker for task 1.0 in stage 1502.0 (TID 2768)
[2026-04-03T02:24:47.660+0600][50.163s][info][gc,stats    ]      18 of   652 ms (  2.7%): Executor task launch worker for task 3.0 in stage 1502.0 (TID 2770)
[2026-04-03T02:24:47.660+0600][50.163s][info][gc,stats    ]      17 of   652 ms (  2.6%): Executor task launch worker for task 0.0 in stage 1502.0 (TID 2767)
[2026-04-03T02:24:47.660+0600][50.163s][info][gc,stats    ]      19 of   652 ms (  2.9%): Executor task launch worker for task 4.0 in stage 1502.0 (TID 2771)
[2026-04-03T02:24:47.660+0600][50.163s][info][gc,stats    ]      11 of   652 ms (  1.7%): task-result-getter-1
[2026-04-03T02:24:47.660+0600][50.163s][info][gc,stats    ]     135 of   652 ms ( 20.7%): <total>
[2026-04-03T02:24:47.660+0600][50.163s][info][gc,stats    ]       0 of   652 ms (  0.1%): <average total>
[2026-04-03T02:24:47.660+0600][50.163s][info][gc,stats    ]      17 of   652 ms (  2.6%): <average non-zero>
[2026-04-03T02:24:47.660+0600][50.163s][info][gc,stats    ] 
[2026-04-03T02:24:47.660+0600][50.163s][info][gc,metaspace] Metaspace: 131000K(132160K)->131011K(132160K) NonClass: 114538K(115136K)->114546K(115136K) Class: 16462K(17024K)->16465K(17024K)
[2026-04-03T02:24:47.660+0600][50.163s][info][gc,ergo     ] Pacer for Idle. Initial: 20480K, Alloc Tax Rate: 1.0x
[2026-04-03T02:24:48.063+0600][50.566s][info][gc          ] Trigger: Average GC time (176.10 ms) is above the time for average allocation rate (1277 MB/s) to deplete free headroom (199M) (margin of error = 1.82)
[2026-04-03T02:24:48.063+0600][50.566s][info][gc,ergo     ] Free headroom: 249M (free) - 51200K (spike) - 0B (penalties) = 199M
[2026-04-03T02:24:48.063+0600][50.567s][info][gc,ergo     ] Free: 248M, Max: 256K regular, 188M humongous, Frag: 25% external, 0% internal; Reserve: 51200K, Max: 256K
[2026-04-03T02:24:48.063+0600][50.567s][info][gc,start    ] GC(49) Concurrent reset
[2026-04-03T02:24:48.063+0600][50.567s][info][gc,task     ] GC(49) Using 3 of 6 workers for concurrent reset
[2026-04-03T02:24:48.063+0600][50.567s][info][gc,ergo     ] GC(49) Pacer for Reset. Non-Taxable: 1000M
[2026-04-03T02:24:48.065+0600][50.568s][info][gc          ] GC(49) Concurrent reset 1.364ms
[2026-04-03T02:24:48.065+0600][50.568s][info][gc,start    ] GC(49) Pause Init Mark (unload classes)
[2026-04-03T02:24:48.065+0600][50.569s][info][gc,task     ] GC(49) Using 6 of 6 workers for init marking
[2026-04-03T02:24:48.065+0600][50.569s][info][gc,ergo     ] GC(49) Pacer for Mark. Expected Live: 91051K, Free: 247M, Non-Taxable: 25336K, Alloc Tax Rate: 0.4x
[2026-04-03T02:24:48.065+0600][50.569s][info][gc          ] GC(49) Pause Init Mark (unload classes) 0.254ms
[2026-04-03T02:24:48.066+0600][50.569s][info][gc,start    ] GC(49) Concurrent marking roots
[2026-04-03T02:24:48.066+0600][50.569s][info][gc,task     ] GC(49) Using 3 of 6 workers for concurrent marking roots
[2026-04-03T02:24:48.067+0600][50.571s][info][gc          ] GC(49) Concurrent marking roots 1.729ms
[2026-04-03T02:24:48.068+0600][50.571s][info][gc,start    ] GC(49) Concurrent marking (unload classes)
[2026-04-03T02:24:48.068+0600][50.571s][info][gc,task     ] GC(49) Using 3 of 6 workers for concurrent marking
[2026-04-03T02:24:48.125+0600][50.629s][info][gc          ] GC(49) Concurrent marking (unload classes) 57.772ms
[2026-04-03T02:24:48.126+0600][50.629s][info][gc,start    ] GC(49) Pause Final Mark (unload classes)
[2026-04-03T02:24:48.126+0600][50.629s][info][gc,task     ] GC(49) Using 6 of 6 workers for final marking
[2026-04-03T02:24:48.126+0600][50.629s][info][gc,ergo     ] GC(49) Adaptive CSet Selection. Target Free: 141M, Actual Free: 772M, Max CSet: 42666K, Min Garbage: 0B
[2026-04-03T02:24:48.126+0600][50.629s][info][gc,ergo     ] GC(49) Collectable Garbage: 586M (98%), Immediate: 508M (85%), CSet: 79395K (13%)
[2026-04-03T02:24:48.126+0600][50.630s][info][gc,ergo     ] GC(49) Pacer for Evacuation. Used CSet: 84395K, Free: 739M, Non-Taxable: 75734K, Alloc Tax Rate: 1.1x
[2026-04-03T02:24:48.126+0600][50.630s][info][gc          ] GC(49) Pause Final Mark (unload classes) 0.779ms
[2026-04-03T02:24:48.126+0600][50.630s][info][gc,start    ] GC(49) Concurrent thread roots
[2026-04-03T02:24:48.126+0600][50.630s][info][gc,task     ] GC(49) Using 3 of 6 workers for Concurrent thread roots
[2026-04-03T02:24:48.128+0600][50.631s][info][gc          ] GC(49) Concurrent thread roots 1.112ms
[2026-04-03T02:24:48.128+0600][50.631s][info][gc,start    ] GC(49) Concurrent weak references
[2026-04-03T02:24:48.128+0600][50.631s][info][gc,task     ] GC(49) Using 3 of 6 workers for concurrent weak references
[2026-04-03T02:24:48.128+0600][50.632s][info][gc,ref      ] GC(49) Encountered references: Soft: 3874, Weak: 15347, Final: 84, Phantom: 620
[2026-04-03T02:24:48.128+0600][50.632s][info][gc,ref      ] GC(49) Discovered  references: Soft: 0, Weak: 8491, Final: 52, Phantom: 597
[2026-04-03T02:24:48.128+0600][50.632s][info][gc,ref      ] GC(49) Enqueued    references: Soft: 0, Weak: 502, Final: 0, Phantom: 0
[2026-04-03T02:24:48.129+0600][50.632s][info][gc          ] GC(49) Concurrent weak references 0.938ms
[2026-04-03T02:24:48.129+0600][50.632s][info][gc,start    ] GC(49) Concurrent weak roots
[2026-04-03T02:24:48.129+0600][50.632s][info][gc,task     ] GC(49) Using 3 of 6 workers for concurrent weak root
[2026-04-03T02:24:48.136+0600][50.639s][info][gc          ] GC(49) Concurrent weak roots 7.139ms
[2026-04-03T02:24:48.136+0600][50.639s][info][gc,start    ] GC(49) Concurrent cleanup
[2026-04-03T02:24:48.137+0600][50.640s][info][gc          ] GC(49) Concurrent cleanup 719M->210M(844M) 1.303ms
[2026-04-03T02:24:48.137+0600][50.641s][info][gc,ergo     ] GC(49) Free: 735M, Max: 256K regular, 188M humongous, Frag: 75% external, 0% internal; Reserve: 50971K, Max: 256K
[2026-04-03T02:24:48.137+0600][50.641s][info][gc,start    ] GC(49) Concurrent class unloading
[2026-04-03T02:24:48.137+0600][50.641s][info][gc,task     ] GC(49) Using 3 of 6 workers for concurrent class unloading
[2026-04-03T02:24:48.159+0600][50.663s][info][gc          ] GC(49) Concurrent class unloading 21.993ms
[2026-04-03T02:24:48.159+0600][50.663s][info][gc,start    ] GC(49) Concurrent strong roots
[2026-04-03T02:24:48.159+0600][50.663s][info][gc,task     ] GC(49) Using 3 of 6 workers for concurrent strong root
[2026-04-03T02:24:48.161+0600][50.664s][info][gc          ] GC(49) Concurrent strong roots 1.767ms
[2026-04-03T02:24:48.161+0600][50.665s][info][gc,start    ] GC(49) Concurrent evacuation
[2026-04-03T02:24:48.161+0600][50.665s][info][gc,task     ] GC(49) Using 3 of 6 workers for concurrent evacuation
[2026-04-03T02:24:48.168+0600][50.671s][info][gc          ] GC(49) Concurrent evacuation 6.535ms
[2026-04-03T02:24:48.168+0600][50.672s][info][gc,start    ] GC(49) Pause Init Update Refs
[2026-04-03T02:24:48.168+0600][50.672s][info][gc,ergo     ] GC(49) Pacer for Update Refs. Used: 221M, Free: 729M, Non-Taxable: 74728K, Alloc Tax Rate: 1.1x
[2026-04-03T02:24:48.168+0600][50.672s][info][gc          ] GC(49) Pause Init Update Refs 0.179ms
[2026-04-03T02:24:48.169+0600][50.672s][info][gc,start    ] GC(49) Concurrent update references
[2026-04-03T02:24:48.169+0600][50.672s][info][gc,task     ] GC(49) Using 3 of 6 workers for concurrent reference update
[2026-04-03T02:24:48.230+0600][50.733s][info][gc          ] GC(49) Concurrent update references 61.162ms
[2026-04-03T02:24:48.230+0600][50.733s][info][gc,start    ] GC(49) Concurrent update thread roots
[2026-04-03T02:24:48.231+0600][50.735s][info][gc          ] GC(49) Concurrent update thread roots 1.366ms
[2026-04-03T02:24:48.232+0600][50.735s][info][gc,start    ] GC(49) Pause Final Update Refs
[2026-04-03T02:24:48.232+0600][50.735s][info][gc,task     ] GC(49) Using 6 of 6 workers for final reference update
[2026-04-03T02:24:48.232+0600][50.735s][info][gc          ] GC(49) Pause Final Update Refs 0.256ms
[2026-04-03T02:24:48.232+0600][50.735s][info][gc,start    ] GC(49) Concurrent cleanup
[2026-04-03T02:24:48.232+0600][50.736s][info][gc          ] GC(49) Concurrent cleanup 235M->153M(844M) 0.346ms
[2026-04-03T02:24:48.232+0600][50.736s][info][gc,ergo     ] Free: 790M, Max: 256K regular, 258M humongous, Frag: 68% external, 0% internal; Reserve: 51200K, Max: 256K
[2026-04-03T02:24:48.233+0600][50.736s][info][gc,stats    ] 
[2026-04-03T02:24:48.233+0600][50.736s][info][gc,stats    ] All times are wall-clock times, except per-root-class counters, that are sum over
[2026-04-03T02:24:48.233+0600][50.736s][info][gc,stats    ] all workers. Dividing the <total> over the root stage time estimates parallelism.
[2026-04-03T02:24:48.233+0600][50.736s][info][gc,stats    ] 
[2026-04-03T02:24:48.233+0600][50.736s][info][gc,stats    ] Concurrent Reset                   1496 us
[2026-04-03T02:24:48.233+0600][50.736s][info][gc,stats    ] Pause Init Mark (G)                 825 us
[2026-04-03T02:24:48.233+0600][50.736s][info][gc,stats    ] Pause Init Mark (N)                 266 us
[2026-04-03T02:24:48.233+0600][50.736s][info][gc,stats    ]   Update Region States               79 us
[2026-04-03T02:24:48.233+0600][50.736s][info][gc,stats    ] Concurrent Mark Roots              1834 us, parallelism: 1.75x
[2026-04-03T02:24:48.233+0600][50.736s][info][gc,stats    ]   CMR: <total>                     3208 us
[2026-04-03T02:24:48.233+0600][50.736s][info][gc,stats    ]   CMR: Thread Roots                2691 us, workers (us): 605, 1066, 1020, ---, ---, ---, 
[2026-04-03T02:24:48.233+0600][50.736s][info][gc,stats    ]   CMR: VM Strong Roots               64 us, workers (us):  35,  27,   1, ---, ---, ---, 
[2026-04-03T02:24:48.233+0600][50.736s][info][gc,stats    ]   CMR: CLDG Roots                   453 us, workers (us): 453, ---, ---, ---, ---, ---, 
[2026-04-03T02:24:48.233+0600][50.736s][info][gc,stats    ] Concurrent Marking                57857 us
[2026-04-03T02:24:48.233+0600][50.736s][info][gc,stats    ] Pause Final Mark (G)                985 us
[2026-04-03T02:24:48.233+0600][50.736s][info][gc,stats    ] Pause Final Mark (N)                791 us
[2026-04-03T02:24:48.233+0600][50.736s][info][gc,stats    ]   Finish Mark                       208 us
[2026-04-03T02:24:48.233+0600][50.736s][info][gc,stats    ]   Update Region States               85 us
[2026-04-03T02:24:48.233+0600][50.736s][info][gc,stats    ]   Choose Collection Set             247 us
[2026-04-03T02:24:48.233+0600][50.736s][info][gc,stats    ]   Rebuild Free Set                   55 us
[2026-04-03T02:24:48.233+0600][50.736s][info][gc,stats    ] Concurrent Thread Roots            1173 us, parallelism: 2.38x
[2026-04-03T02:24:48.233+0600][50.736s][info][gc,stats    ]   CTR: <total>                     2786 us
[2026-04-03T02:24:48.233+0600][50.736s][info][gc,stats    ]   CTR: Thread Roots                2786 us, workers (us): 946, 950, 889, ---, ---, ---, 
[2026-04-03T02:24:48.233+0600][50.736s][info][gc,stats    ] Concurrent Weak References          954 us, parallelism: 1.15x
[2026-04-03T02:24:48.233+0600][50.736s][info][gc,stats    ]   CWRF: <total>                    1094 us
[2026-04-03T02:24:48.233+0600][50.736s][info][gc,stats    ]   CWRF: Weak References            1094 us, workers (us): 724, 198, 171, ---, ---, ---, 
[2026-04-03T02:24:48.233+0600][50.736s][info][gc,stats    ] Concurrent Weak Roots              7267 us
[2026-04-03T02:24:48.233+0600][50.736s][info][gc,stats    ]   Roots                            4881 us, parallelism: 2.78x
[2026-04-03T02:24:48.233+0600][50.736s][info][gc,stats    ]     CWR: <total>                  13564 us
[2026-04-03T02:24:48.233+0600][50.736s][info][gc,stats    ]     CWR: Code Cache Roots         10690 us, workers (us): 3602, 3601, 3487, ---, ---, ---, 
[2026-04-03T02:24:48.233+0600][50.736s][info][gc,stats    ]     CWR: VM Weak Roots             2741 us, workers (us): 938, 907, 896, ---, ---, ---, 
[2026-04-03T02:24:48.233+0600][50.736s][info][gc,stats    ]     CWR: CLDG Roots                 133 us, workers (us): ---, ---, 133, ---, ---, ---, 
[2026-04-03T02:24:48.233+0600][50.736s][info][gc,stats    ]   Rendezvous                       2223 us
[2026-04-03T02:24:48.233+0600][50.736s][info][gc,stats    ] Concurrent Cleanup                 1354 us
[2026-04-03T02:24:48.233+0600][50.736s][info][gc,stats    ] Concurrent Class Unloading        22139 us
[2026-04-03T02:24:48.233+0600][50.736s][info][gc,stats    ]   Unlink Stale                    19699 us
[2026-04-03T02:24:48.233+0600][50.736s][info][gc,stats    ]     System Dictionary               321 us
[2026-04-03T02:24:48.233+0600][50.736s][info][gc,stats    ]     Weak Class Links                  0 us
[2026-04-03T02:24:48.233+0600][50.736s][info][gc,stats    ]     Code Roots                    19372 us
[2026-04-03T02:24:48.233+0600][50.736s][info][gc,stats    ]   Rendezvous                        531 us
[2026-04-03T02:24:48.233+0600][50.736s][info][gc,stats    ]   Purge Unlinked                   1715 us
[2026-04-03T02:24:48.233+0600][50.736s][info][gc,stats    ]     Code Roots                     1698 us
[2026-04-03T02:24:48.233+0600][50.736s][info][gc,stats    ]     CLDG                             14 us
[2026-04-03T02:24:48.233+0600][50.736s][info][gc,stats    ]     Exception Caches                  0 us
[2026-04-03T02:24:48.233+0600][50.736s][info][gc,stats    ] Concurrent Strong Roots            1850 us, parallelism: 0.66x
[2026-04-03T02:24:48.233+0600][50.736s][info][gc,stats    ]   CSR: <total>                     1214 us
[2026-04-03T02:24:48.233+0600][50.736s][info][gc,stats    ]   CSR: VM Strong Roots               78 us, workers (us):  57,  21,   0, ---, ---, ---, 
[2026-04-03T02:24:48.233+0600][50.736s][info][gc,stats    ]   CSR: CLDG Roots                  1136 us, workers (us): ---, 1136, ---, ---, ---, ---, 
[2026-04-03T02:24:48.233+0600][50.736s][info][gc,stats    ] Concurrent Evacuation              6681 us
[2026-04-03T02:24:48.233+0600][50.736s][info][gc,stats    ] Pause Init Update Refs (G)          714 us
[2026-04-03T02:24:48.233+0600][50.736s][info][gc,stats    ] Pause Init Update Refs (N)          258 us
[2026-04-03T02:24:48.233+0600][50.736s][info][gc,stats    ]   Manage GCLABs                      61 us
[2026-04-03T02:24:48.233+0600][50.736s][info][gc,stats    ] Concurrent Update Refs            61243 us
[2026-04-03T02:24:48.233+0600][50.736s][info][gc,stats    ] Concurrent Update Thread Roots     1446 us
[2026-04-03T02:24:48.233+0600][50.736s][info][gc,stats    ] Pause Final Update Refs (G)         667 us
[2026-04-03T02:24:48.233+0600][50.736s][info][gc,stats    ] Pause Final Update Refs (N)         268 us
[2026-04-03T02:24:48.233+0600][50.736s][info][gc,stats    ]   Update Region States               67 us
[2026-04-03T02:24:48.233+0600][50.736s][info][gc,stats    ]   Trash Collection Set               19 us
[2026-04-03T02:24:48.233+0600][50.736s][info][gc,stats    ]   Rebuild Free Set                   52 us
[2026-04-03T02:24:48.233+0600][50.736s][info][gc,stats    ] Concurrent Cleanup                  376 us
[2026-04-03T02:24:48.233+0600][50.736s][info][gc,stats    ] 
[2026-04-03T02:24:48.233+0600][50.736s][info][gc,stats    ] Allocation pacing accrued:
[2026-04-03T02:24:48.233+0600][50.736s][info][gc,stats    ]       0 of   574 ms (  0.0%): <total>
[2026-04-03T02:24:48.233+0600][50.736s][info][gc,stats    ]       0 of   574 ms (  0.0%): <average total>
[2026-04-03T02:24:48.233+0600][50.736s][info][gc,stats    ] 
[2026-04-03T02:24:48.233+0600][50.737s][info][gc,metaspace] Metaspace: 131014K(132160K)->131271K(132544K) NonClass: 114549K(115136K)->114744K(115392K) Class: 16465K(17024K)->16527K(17152K)
[2026-04-03T02:24:48.233+0600][50.737s][info][gc,ergo     ] Pacer for Idle. Initial: 20480K, Alloc Tax Rate: 1.0x
[2026-04-03T02:24:48.502+0600][51.005s][info][gc          ] Trigger: Explicit GC request (System.gc())
[2026-04-03T02:24:48.502+0600][51.006s][info][gc,ergo     ] Free: 606M, Max: 256K regular, 258M humongous, Frag: 58% external, 0% internal; Reserve: 51200K, Max: 256K
[2026-04-03T02:24:48.502+0600][51.006s][info][gc,start    ] GC(50) Concurrent reset
[2026-04-03T02:24:48.502+0600][51.006s][info][gc,task     ] GC(50) Using 3 of 6 workers for concurrent reset
[2026-04-03T02:24:48.502+0600][51.006s][info][gc,ergo     ] GC(50) Pacer for Reset. Non-Taxable: 1000M
[2026-04-03T02:24:48.503+0600][51.006s][info][gc          ] GC(50) Concurrent reset 0.844ms
[2026-04-03T02:24:48.503+0600][51.007s][info][gc,start    ] GC(50) Pause Init Mark (unload classes)
[2026-04-03T02:24:48.503+0600][51.007s][info][gc,task     ] GC(50) Using 6 of 6 workers for init marking
[2026-04-03T02:24:48.504+0600][51.007s][info][gc,ref      ] GC(50) Clearing All SoftReferences
[2026-04-03T02:24:48.504+0600][51.007s][info][gc,ergo     ] GC(50) Pacer for Mark. Expected Live: 91073K, Free: 606M, Non-Taxable: 62059K, Alloc Tax Rate: 0.2x
[2026-04-03T02:24:48.504+0600][51.007s][info][gc          ] GC(50) Pause Init Mark (unload classes) 0.157ms
[2026-04-03T02:24:48.504+0600][51.007s][info][gc,start    ] GC(50) Concurrent marking roots
[2026-04-03T02:24:48.504+0600][51.007s][info][gc,task     ] GC(50) Using 3 of 6 workers for concurrent marking roots
[2026-04-03T02:24:48.505+0600][51.008s][info][gc          ] GC(50) Concurrent marking roots 1.165ms
[2026-04-03T02:24:48.505+0600][51.008s][info][gc,start    ] GC(50) Concurrent marking (unload classes)
[2026-04-03T02:24:48.505+0600][51.008s][info][gc,task     ] GC(50) Using 3 of 6 workers for concurrent marking
[2026-04-03T02:24:48.548+0600][51.051s][info][gc          ] GC(50) Concurrent marking (unload classes) 42.958ms
[2026-04-03T02:24:48.548+0600][51.051s][info][gc,start    ] GC(50) Pause Final Mark (unload classes)
[2026-04-03T02:24:48.548+0600][51.051s][info][gc,task     ] GC(50) Using 6 of 6 workers for final marking
[2026-04-03T02:24:48.549+0600][51.052s][info][gc,ergo     ] GC(50) Adaptive CSet Selection. Target Free: 141M, Actual Free: 847M, Max CSet: 42666K, Min Garbage: 0B
[2026-04-03T02:24:48.549+0600][51.052s][info][gc,ergo     ] GC(50) Collectable Garbage: 237M (97%), Immediate: 192M (78%), CSet: 46736K (18%)
[2026-04-03T02:24:48.549+0600][51.052s][info][gc,ergo     ] GC(50) Pacer for Evacuation. Used CSet: 50653K, Free: 813M, Non-Taxable: 83285K, Alloc Tax Rate: 1.1x
[2026-04-03T02:24:48.549+0600][51.052s][info][gc          ] GC(50) Pause Final Mark (unload classes) 0.752ms
[2026-04-03T02:24:48.549+0600][51.052s][info][gc,start    ] GC(50) Concurrent thread roots
[2026-04-03T02:24:48.549+0600][51.052s][info][gc,task     ] GC(50) Using 3 of 6 workers for Concurrent thread roots
[2026-04-03T02:24:48.550+0600][51.053s][info][gc          ] GC(50) Concurrent thread roots 0.910ms
[2026-04-03T02:24:48.550+0600][51.053s][info][gc,start    ] GC(50) Concurrent weak references
[2026-04-03T02:24:48.550+0600][51.053s][info][gc,task     ] GC(50) Using 3 of 6 workers for concurrent weak references
[2026-04-03T02:24:48.551+0600][51.054s][info][gc,ref      ] GC(50) Encountered references: Soft: 3645, Weak: 15242, Final: 84, Phantom: 620
[2026-04-03T02:24:48.551+0600][51.054s][info][gc,ref      ] GC(50) Discovered  references: Soft: 1271, Weak: 9256, Final: 84, Phantom: 616
[2026-04-03T02:24:48.551+0600][51.054s][info][gc,ref      ] GC(50) Enqueued    references: Soft: 748, Weak: 983, Final: 0, Phantom: 0
[2026-04-03T02:24:48.551+0600][51.054s][info][gc          ] GC(50) Concurrent weak references 1.075ms
[2026-04-03T02:24:48.551+0600][51.054s][info][gc,start    ] GC(50) Concurrent weak roots
[2026-04-03T02:24:48.551+0600][51.054s][info][gc,task     ] GC(50) Using 3 of 6 workers for concurrent weak root
[2026-04-03T02:24:48.555+0600][51.058s][info][gc          ] GC(50) Concurrent weak roots 3.919ms
[2026-04-03T02:24:48.555+0600][51.058s][info][gc,start    ] GC(50) Concurrent cleanup
[2026-04-03T02:24:48.556+0600][51.059s][info][gc          ] GC(50) Concurrent cleanup 327M->135M(844M) 0.805ms
[2026-04-03T02:24:48.556+0600][51.059s][info][gc,ergo     ] GC(50) Free: 813M, Max: 256K regular, 258M humongous, Frag: 69% external, 0% internal; Reserve: 50641K, Max: 256K
[2026-04-03T02:24:48.556+0600][51.059s][info][gc,start    ] GC(50) Concurrent class unloading
[2026-04-03T02:24:48.556+0600][51.059s][info][gc,task     ] GC(50) Using 3 of 6 workers for concurrent class unloading
[2026-04-03T02:24:48.601+0600][51.104s][info][gc          ] GC(50) Concurrent class unloading 44.766ms
[2026-04-03T02:24:48.601+0600][51.104s][info][gc,start    ] GC(50) Concurrent strong roots
[2026-04-03T02:24:48.601+0600][51.104s][info][gc,task     ] GC(50) Using 3 of 6 workers for concurrent strong root
[2026-04-03T02:24:48.602+0600][51.105s][info][gc          ] GC(50) Concurrent strong roots 0.892ms
[2026-04-03T02:24:48.602+0600][51.105s][info][gc,start    ] GC(50) Concurrent evacuation
[2026-04-03T02:24:48.602+0600][51.105s][info][gc,task     ] GC(50) Using 3 of 6 workers for concurrent evacuation
[2026-04-03T02:24:48.604+0600][51.107s][info][gc          ] GC(50) Concurrent evacuation 1.973ms
[2026-04-03T02:24:48.604+0600][51.107s][info][gc,start    ] GC(50) Pause Init Update Refs
[2026-04-03T02:24:48.604+0600][51.107s][info][gc,ergo     ] GC(50) Pacer for Update Refs. Used: 139M, Free: 812M, Non-Taxable: 83232K, Alloc Tax Rate: 1.1x
[2026-04-03T02:24:48.604+0600][51.107s][info][gc          ] GC(50) Pause Init Update Refs 0.110ms
[2026-04-03T02:24:48.604+0600][51.107s][info][gc,start    ] GC(50) Concurrent update references
[2026-04-03T02:24:48.604+0600][51.107s][info][gc,task     ] GC(50) Using 3 of 6 workers for concurrent reference update
[2026-04-03T02:24:48.628+0600][51.132s][info][gc          ] GC(50) Concurrent update references 24.446ms
[2026-04-03T02:24:48.629+0600][51.132s][info][gc,start    ] GC(50) Concurrent update thread roots
[2026-04-03T02:24:48.630+0600][51.133s][info][gc          ] GC(50) Concurrent update thread roots 1.107ms
[2026-04-03T02:24:48.630+0600][51.133s][info][gc,start    ] GC(50) Pause Final Update Refs
[2026-04-03T02:24:48.630+0600][51.133s][info][gc,task     ] GC(50) Using 6 of 6 workers for final reference update
[2026-04-03T02:24:48.630+0600][51.133s][info][gc          ] GC(50) Pause Final Update Refs 0.155ms
[2026-04-03T02:24:48.630+0600][51.133s][info][gc,start    ] GC(50) Concurrent cleanup
[2026-04-03T02:24:48.630+0600][51.134s][info][gc          ] GC(50) Concurrent cleanup 139M->90M(844M) 0.534ms
[2026-04-03T02:24:48.631+0600][51.134s][info][gc,ergo     ] Free: 857M, Max: 256K regular, 379M humongous, Frag: 56% external, 0% internal; Reserve: 51200K, Max: 256K
[2026-04-03T02:24:48.631+0600][51.134s][info][gc,stats    ] 
[2026-04-03T02:24:48.631+0600][51.134s][info][gc,stats    ] All times are wall-clock times, except per-root-class counters, that are sum over
[2026-04-03T02:24:48.631+0600][51.134s][info][gc,stats    ] all workers. Dividing the <total> over the root stage time estimates parallelism.
[2026-04-03T02:24:48.631+0600][51.134s][info][gc,stats    ] 
[2026-04-03T02:24:48.631+0600][51.134s][info][gc,stats    ] Concurrent Reset                    883 us
[2026-04-03T02:24:48.631+0600][51.134s][info][gc,stats    ] Pause Init Mark (G)                 500 us
[2026-04-03T02:24:48.631+0600][51.134s][info][gc,stats    ] Pause Init Mark (N)                 168 us
[2026-04-03T02:24:48.631+0600][51.134s][info][gc,stats    ]   Update Region States               39 us
[2026-04-03T02:24:48.631+0600][51.134s][info][gc,stats    ] Concurrent Mark Roots              1200 us, parallelism: 1.79x
[2026-04-03T02:24:48.631+0600][51.134s][info][gc,stats    ]   CMR: <total>                     2154 us
[2026-04-03T02:24:48.631+0600][51.134s][info][gc,stats    ]   CMR: Thread Roots                1781 us, workers (us): 711, 380, 691, ---, ---, ---, 
[2026-04-03T02:24:48.631+0600][51.134s][info][gc,stats    ]   CMR: VM Strong Roots               42 us, workers (us):  37,   4,   0, ---, ---, ---, 
[2026-04-03T02:24:48.631+0600][51.134s][info][gc,stats    ]   CMR: CLDG Roots                   331 us, workers (us): ---, 331, ---, ---, ---, ---, 
[2026-04-03T02:24:48.631+0600][51.134s][info][gc,stats    ] Concurrent Marking                43025 us
[2026-04-03T02:24:48.631+0600][51.134s][info][gc,stats    ] Pause Final Mark (G)                899 us
[2026-04-03T02:24:48.631+0600][51.134s][info][gc,stats    ] Pause Final Mark (N)                762 us
[2026-04-03T02:24:48.631+0600][51.134s][info][gc,stats    ]   Finish Mark                       330 us
[2026-04-03T02:24:48.631+0600][51.134s][info][gc,stats    ]   Update Region States               54 us
[2026-04-03T02:24:48.631+0600][51.134s][info][gc,stats    ]   Choose Collection Set             236 us
[2026-04-03T02:24:48.631+0600][51.134s][info][gc,stats    ]   Rebuild Free Set                   49 us
[2026-04-03T02:24:48.631+0600][51.134s][info][gc,stats    ] Concurrent Thread Roots             955 us, parallelism: 2.07x
[2026-04-03T02:24:48.631+0600][51.134s][info][gc,stats    ]   CTR: <total>                     1974 us
[2026-04-03T02:24:48.631+0600][51.134s][info][gc,stats    ]   CTR: Thread Roots                1974 us, workers (us): 690, 652, 632, ---, ---, ---, 
[2026-04-03T02:24:48.631+0600][51.134s][info][gc,stats    ] Concurrent Weak References         1107 us, parallelism: 1.29x
[2026-04-03T02:24:48.631+0600][51.134s][info][gc,stats    ]   CWRF: <total>                    1423 us
[2026-04-03T02:24:48.631+0600][51.134s][info][gc,stats    ]   CWRF: Weak References            1423 us, workers (us): 515, 817,  92, ---, ---, ---, 
[2026-04-03T02:24:48.631+0600][51.134s][info][gc,stats    ] Concurrent Weak Roots              3990 us
[2026-04-03T02:24:48.631+0600][51.134s][info][gc,stats    ]   Roots                            3486 us, parallelism: 2.70x
[2026-04-03T02:24:48.631+0600][51.134s][info][gc,stats    ]     CWR: <total>                   9425 us
[2026-04-03T02:24:48.631+0600][51.134s][info][gc,stats    ]     CWR: Code Cache Roots          7060 us, workers (us): 2401, 2298, 2362, ---, ---, ---, 
[2026-04-03T02:24:48.631+0600][51.134s][info][gc,stats    ]     CWR: VM Weak Roots             2250 us, workers (us): 764, 757, 729, ---, ---, ---, 
[2026-04-03T02:24:48.631+0600][51.134s][info][gc,stats    ]     CWR: CLDG Roots                 115 us, workers (us): ---, 115, ---, ---, ---, ---, 
[2026-04-03T02:24:48.631+0600][51.134s][info][gc,stats    ]   Rendezvous                        400 us
[2026-04-03T02:24:48.631+0600][51.134s][info][gc,stats    ] Concurrent Cleanup                  835 us
[2026-04-03T02:24:48.631+0600][51.134s][info][gc,stats    ] Concurrent Class Unloading        44835 us
[2026-04-03T02:24:48.631+0600][51.134s][info][gc,stats    ]   Unlink Stale                    35139 us
[2026-04-03T02:24:48.631+0600][51.134s][info][gc,stats    ]     System Dictionary               960 us
[2026-04-03T02:24:48.631+0600][51.134s][info][gc,stats    ]     Weak Class Links              20194 us
[2026-04-03T02:24:48.631+0600][51.134s][info][gc,stats    ]     Code Roots                    13981 us
[2026-04-03T02:24:48.631+0600][51.134s][info][gc,stats    ]   Rendezvous                        451 us
[2026-04-03T02:24:48.631+0600][51.134s][info][gc,stats    ]   Purge Unlinked                   9142 us
[2026-04-03T02:24:48.631+0600][51.134s][info][gc,stats    ]     Code Roots                     7863 us
[2026-04-03T02:24:48.631+0600][51.134s][info][gc,stats    ]     CLDG                           1278 us
[2026-04-03T02:24:48.631+0600][51.134s][info][gc,stats    ]     Exception Caches                  0 us
[2026-04-03T02:24:48.631+0600][51.134s][info][gc,stats    ] Concurrent Strong Roots             932 us, parallelism: 0.60x
[2026-04-03T02:24:48.631+0600][51.134s][info][gc,stats    ]   CSR: <total>                      556 us
[2026-04-03T02:24:48.631+0600][51.134s][info][gc,stats    ]   CSR: VM Strong Roots               59 us, workers (us):  42,  17,   0, ---, ---, ---, 
[2026-04-03T02:24:48.631+0600][51.134s][info][gc,stats    ]   CSR: CLDG Roots                   498 us, workers (us): ---, 498, ---, ---, ---, ---, 
[2026-04-03T02:24:48.631+0600][51.134s][info][gc,stats    ] Concurrent Evacuation              2024 us
[2026-04-03T02:24:48.631+0600][51.134s][info][gc,stats    ] Pause Init Update Refs (G)          382 us
[2026-04-03T02:24:48.631+0600][51.134s][info][gc,stats    ] Pause Init Update Refs (N)          121 us
[2026-04-03T02:24:48.631+0600][51.134s][info][gc,stats    ]   Manage GCLABs                      31 us
[2026-04-03T02:24:48.631+0600][51.134s][info][gc,stats    ] Concurrent Update Refs            24509 us
[2026-04-03T02:24:48.631+0600][51.134s][info][gc,stats    ] Concurrent Update Thread Roots     1145 us
[2026-04-03T02:24:48.631+0600][51.134s][info][gc,stats    ] Pause Final Update Refs (G)         242 us
[2026-04-03T02:24:48.631+0600][51.134s][info][gc,stats    ] Pause Final Update Refs (N)         167 us
[2026-04-03T02:24:48.631+0600][51.134s][info][gc,stats    ]   Update Region States               45 us
[2026-04-03T02:24:48.631+0600][51.134s][info][gc,stats    ]   Trash Collection Set               15 us
[2026-04-03T02:24:48.631+0600][51.134s][info][gc,stats    ]   Rebuild Free Set                   39 us
[2026-04-03T02:24:48.631+0600][51.134s][info][gc,stats    ] Concurrent Cleanup                  546 us
[2026-04-03T02:24:48.631+0600][51.134s][info][gc,stats    ] 
[2026-04-03T02:24:48.631+0600][51.134s][info][gc,stats    ] Allocation pacing accrued:
[2026-04-03T02:24:48.631+0600][51.134s][info][gc,stats    ]       0 of   398 ms (  0.0%): <total>
[2026-04-03T02:24:48.631+0600][51.134s][info][gc,stats    ]       0 of   398 ms (  0.0%): <average total>
[2026-04-03T02:24:48.631+0600][51.134s][info][gc,stats    ] 
[2026-04-03T02:24:48.631+0600][51.134s][info][gc,metaspace] Metaspace: 131354K(132608K)->130005K(132608K) NonClass: 114810K(115456K)->113691K(115456K) Class: 16544K(17152K)->16314K(17152K)
[2026-04-03T02:24:48.631+0600][51.134s][info][gc,ergo     ] Pacer for Idle. Initial: 20480K, Alloc Tax Rate: 1.0x
[2026-04-03T02:24:48.631+0600][51.134s][info][gc,start    ] Concurrent uncommit
[2026-04-03T02:24:48.738+0600][51.242s][info][gc          ] Concurrent uncommit 90M->104M(107M) 107.213ms
[2026-04-03T02:24:48.930+0600][51.433s][info][gc          ] Trigger: Learning 2 of 5. Free (697M) is below initial threshold (700M)
[2026-04-03T02:24:48.930+0600][51.434s][info][gc,ergo     ] Free: 697M, Max: 256K regular, 379M humongous, Frag: 46% external, 0% internal; Reserve: 51200K, Max: 256K
[2026-04-03T02:24:48.930+0600][51.434s][info][gc,start    ] GC(51) Concurrent reset
[2026-04-03T02:24:48.930+0600][51.434s][info][gc,task     ] GC(51) Using 3 of 6 workers for concurrent reset
[2026-04-03T02:24:48.930+0600][51.434s][info][gc,ergo     ] GC(51) Pacer for Reset. Non-Taxable: 1000M
[2026-04-03T02:24:48.931+0600][51.435s][info][gc          ] GC(51) Concurrent reset 0.946ms
[2026-04-03T02:24:48.935+0600][51.438s][info][gc,start    ] GC(51) Pause Init Mark (unload classes)
[2026-04-03T02:24:48.935+0600][51.438s][info][gc,task     ] GC(51) Using 6 of 6 workers for init marking
[2026-04-03T02:24:48.935+0600][51.438s][info][gc,ergo     ] GC(51) Pacer for Mark. Expected Live: 89360K, Free: 692M, Non-Taxable: 70905K, Alloc Tax Rate: 0.2x
[2026-04-03T02:24:48.935+0600][51.438s][info][gc          ] GC(51) Pause Init Mark (unload classes) 0.159ms
[2026-04-03T02:24:48.935+0600][51.438s][info][gc,start    ] GC(51) Concurrent marking roots
[2026-04-03T02:24:48.935+0600][51.438s][info][gc,task     ] GC(51) Using 3 of 6 workers for concurrent marking roots
[2026-04-03T02:24:48.936+0600][51.439s][info][gc          ] GC(51) Concurrent marking roots 1.282ms
[2026-04-03T02:24:48.936+0600][51.439s][info][gc,start    ] GC(51) Concurrent marking (unload classes)
[2026-04-03T02:24:48.936+0600][51.439s][info][gc,task     ] GC(51) Using 3 of 6 workers for concurrent marking
[2026-04-03T02:24:48.997+0600][51.501s][info][gc          ] GC(51) Concurrent marking (unload classes) 61.245ms
[2026-04-03T02:24:49.002+0600][51.505s][info][gc,start    ] GC(51) Pause Final Mark (unload classes)
[2026-04-03T02:24:49.002+0600][51.505s][info][gc,task     ] GC(51) Using 6 of 6 workers for final marking
[2026-04-03T02:24:49.002+0600][51.506s][info][gc,ergo     ] GC(51) Adaptive CSet Selection. Target Free: 141M, Actual Free: 708M, Max CSet: 42666K, Min Garbage: 0B
[2026-04-03T02:24:49.002+0600][51.506s][info][gc,ergo     ] GC(51) Collectable Garbage: 139M (95%), Immediate: 101M (69%), CSet: 38777K (25%)
[2026-04-03T02:24:49.002+0600][51.506s][info][gc,ergo     ] GC(51) Pacer for Evacuation. Used CSet: 44319K, Free: 668M, Non-Taxable: 68475K, Alloc Tax Rate: 1.1x
[2026-04-03T02:24:49.002+0600][51.506s][info][gc          ] GC(51) Pause Final Mark (unload classes) 0.622ms
[2026-04-03T02:24:49.003+0600][51.506s][info][gc,start    ] GC(51) Concurrent thread roots
[2026-04-03T02:24:49.003+0600][51.506s][info][gc,task     ] GC(51) Using 3 of 6 workers for Concurrent thread roots
[2026-04-03T02:24:49.005+0600][51.508s][info][gc          ] GC(51) Concurrent thread roots 2.025ms
[2026-04-03T02:24:49.005+0600][51.508s][info][gc,start    ] GC(51) Concurrent weak references
[2026-04-03T02:24:49.005+0600][51.508s][info][gc,task     ] GC(51) Using 3 of 6 workers for concurrent weak references
[2026-04-03T02:24:49.006+0600][51.509s][info][gc,ref      ] GC(51) Encountered references: Soft: 3615, Weak: 14835, Final: 84, Phantom: 630
[2026-04-03T02:24:49.006+0600][51.509s][info][gc,ref      ] GC(51) Discovered  references: Soft: 0, Weak: 8159, Final: 84, Phantom: 590
[2026-04-03T02:24:49.006+0600][51.509s][info][gc,ref      ] GC(51) Enqueued    references: Soft: 0, Weak: 382, Final: 0, Phantom: 0
[2026-04-03T02:24:49.006+0600][51.509s][info][gc          ] GC(51) Concurrent weak references 1.259ms
[2026-04-03T02:24:49.006+0600][51.509s][info][gc,start    ] GC(51) Concurrent weak roots
[2026-04-03T02:24:49.006+0600][51.509s][info][gc,task     ] GC(51) Using 3 of 6 workers for concurrent weak root
[2026-04-03T02:24:49.016+0600][51.519s][info][gc          ] GC(51) Concurrent weak roots 9.551ms
[2026-04-03T02:24:49.016+0600][51.519s][info][gc,start    ] GC(51) Concurrent cleanup
[2026-04-03T02:24:49.017+0600][51.520s][info][gc          ] GC(51) Concurrent cleanup 410M->317M(441M) 1.297ms
[2026-04-03T02:24:49.017+0600][51.520s][info][gc,ergo     ] GC(51) Free: 621M, Max: 256K regular, 379M humongous, Frag: 39% external, 0% internal; Reserve: 49152K, Max: 256K
[2026-04-03T02:24:49.017+0600][51.520s][info][gc,start    ] GC(51) Concurrent class unloading
[2026-04-03T02:24:49.017+0600][51.520s][info][gc,task     ] GC(51) Using 3 of 6 workers for concurrent class unloading
[2026-04-03T02:24:49.054+0600][51.558s][info][gc          ] GC(51) Concurrent class unloading 37.345ms
[2026-04-03T02:24:49.054+0600][51.558s][info][gc,start    ] GC(51) Concurrent strong roots
[2026-04-03T02:24:49.054+0600][51.558s][info][gc,task     ] GC(51) Using 3 of 6 workers for concurrent strong root
[2026-04-03T02:24:49.056+0600][51.559s][info][gc          ] GC(51) Concurrent strong roots 1.608ms
[2026-04-03T02:24:49.056+0600][51.559s][info][gc,start    ] GC(51) Concurrent evacuation
[2026-04-03T02:24:49.056+0600][51.559s][info][gc,task     ] GC(51) Using 3 of 6 workers for concurrent evacuation
[2026-04-03T02:24:49.060+0600][51.563s][info][gc          ] GC(51) Concurrent evacuation 3.867ms
[2026-04-03T02:24:49.060+0600][51.564s][info][gc,start    ] GC(51) Pause Init Update Refs
[2026-04-03T02:24:49.060+0600][51.564s][info][gc,ergo     ] GC(51) Pacer for Update Refs. Used: 346M, Free: 594M, Non-Taxable: 60894K, Alloc Tax Rate: 1.1x
[2026-04-03T02:24:49.060+0600][51.564s][info][gc          ] GC(51) Pause Init Update Refs 0.119ms
[2026-04-03T02:24:49.061+0600][51.564s][info][gc,start    ] GC(51) Concurrent update references
[2026-04-03T02:24:49.061+0600][51.564s][info][gc,task     ] GC(51) Using 3 of 6 workers for concurrent reference update
[2026-04-03T02:24:49.103+0600][51.606s][info][gc          ] GC(51) Concurrent update references 42.407ms
[2026-04-03T02:24:49.103+0600][51.606s][info][gc,start    ] GC(51) Concurrent update thread roots
[2026-04-03T02:24:49.105+0600][51.608s][info][gc          ] GC(51) Concurrent update thread roots 1.704ms
[2026-04-03T02:24:49.105+0600][51.608s][info][gc,start    ] GC(51) Pause Final Update Refs
[2026-04-03T02:24:49.105+0600][51.608s][info][gc,task     ] GC(51) Using 6 of 6 workers for final reference update
[2026-04-03T02:24:49.105+0600][51.609s][info][gc          ] GC(51) Pause Final Update Refs 0.271ms
[2026-04-03T02:24:49.105+0600][51.609s][info][gc,start    ] GC(51) Concurrent cleanup
[2026-04-03T02:24:49.106+0600][51.610s][info][gc          ] GC(51) Concurrent cleanup 394M->353M(446M) 0.908ms
[2026-04-03T02:24:49.106+0600][51.610s][info][gc,ergo     ] Free: 578M, Max: 256K regular, 375M humongous, Frag: 36% external, 0% internal; Reserve: 51200K, Max: 256K
[2026-04-03T02:24:49.107+0600][51.610s][info][gc,stats    ] 
[2026-04-03T02:24:49.107+0600][51.610s][info][gc,stats    ] All times are wall-clock times, except per-root-class counters, that are sum over
[2026-04-03T02:24:49.107+0600][51.610s][info][gc,stats    ] all workers. Dividing the <total> over the root stage time estimates parallelism.
[2026-04-03T02:24:49.107+0600][51.610s][info][gc,stats    ] 
[2026-04-03T02:24:49.107+0600][51.610s][info][gc,stats    ] Concurrent Reset                    971 us
[2026-04-03T02:24:49.107+0600][51.610s][info][gc,stats    ] Pause Init Mark (G)                3523 us
[2026-04-03T02:24:49.107+0600][51.610s][info][gc,stats    ] Pause Init Mark (N)                 168 us
[2026-04-03T02:24:49.107+0600][51.610s][info][gc,stats    ]   Update Region States               45 us
[2026-04-03T02:24:49.107+0600][51.610s][info][gc,stats    ] Concurrent Mark Roots              1326 us, parallelism: 2.18x
[2026-04-03T02:24:49.107+0600][51.610s][info][gc,stats    ]   CMR: <total>                     2892 us
[2026-04-03T02:24:49.107+0600][51.610s][info][gc,stats    ]   CMR: Thread Roots                2501 us, workers (us): 956, 626, 919, ---, ---, ---, 
[2026-04-03T02:24:49.107+0600][51.610s][info][gc,stats    ]   CMR: VM Strong Roots               47 us, workers (us):  25,  21,   1, ---, ---, ---, 
[2026-04-03T02:24:49.107+0600][51.610s][info][gc,stats    ]   CMR: CLDG Roots                   344 us, workers (us): ---, 344, ---, ---, ---, ---, 
[2026-04-03T02:24:49.107+0600][51.610s][info][gc,stats    ] Concurrent Marking                61313 us
[2026-04-03T02:24:49.107+0600][51.610s][info][gc,stats    ] Pause Final Mark (G)               5180 us
[2026-04-03T02:24:49.107+0600][51.610s][info][gc,stats    ] Pause Final Mark (N)                637 us
[2026-04-03T02:24:49.107+0600][51.610s][info][gc,stats    ]   Finish Mark                       186 us
[2026-04-03T02:24:49.107+0600][51.610s][info][gc,stats    ]   Update Region States               53 us
[2026-04-03T02:24:49.107+0600][51.610s][info][gc,stats    ]   Choose Collection Set             216 us
[2026-04-03T02:24:49.107+0600][51.610s][info][gc,stats    ]   Rebuild Free Set                   33 us
[2026-04-03T02:24:49.107+0600][51.610s][info][gc,stats    ] Concurrent Thread Roots            2080 us, parallelism: 2.49x
[2026-04-03T02:24:49.107+0600][51.610s][info][gc,stats    ]   CTR: <total>                     5171 us
[2026-04-03T02:24:49.107+0600][51.610s][info][gc,stats    ]   CTR: Thread Roots                5171 us, workers (us): 1727, 1746, 1698, ---, ---, ---, 
[2026-04-03T02:24:49.107+0600][51.610s][info][gc,stats    ] Concurrent Weak References         1267 us, parallelism: 1.76x
[2026-04-03T02:24:49.107+0600][51.610s][info][gc,stats    ]   CWRF: <total>                    2227 us
[2026-04-03T02:24:49.107+0600][51.610s][info][gc,stats    ]   CWRF: Weak References            2227 us, workers (us): 674, 1021, 532, ---, ---, ---, 
[2026-04-03T02:24:49.107+0600][51.610s][info][gc,stats    ] Concurrent Weak Roots              9633 us
[2026-04-03T02:24:49.107+0600][51.610s][info][gc,stats    ]   Roots                            4905 us, parallelism: 2.81x
[2026-04-03T02:24:49.107+0600][51.610s][info][gc,stats    ]     CWR: <total>                  13794 us
[2026-04-03T02:24:49.107+0600][51.610s][info][gc,stats    ]     CWR: Code Cache Roots         10015 us, workers (us): 3202, 3424, 3389, ---, ---, ---, 
[2026-04-03T02:24:49.107+0600][51.610s][info][gc,stats    ]     CWR: VM Weak Roots             3605 us, workers (us): 1230, 1184, 1190, ---, ---, ---, 
[2026-04-03T02:24:49.107+0600][51.610s][info][gc,stats    ]     CWR: CLDG Roots                 175 us, workers (us): 175, ---, ---, ---, ---, ---, 
[2026-04-03T02:24:49.107+0600][51.610s][info][gc,stats    ]   Rendezvous                       4621 us
[2026-04-03T02:24:49.107+0600][51.610s][info][gc,stats    ] Concurrent Cleanup                 1360 us
[2026-04-03T02:24:49.107+0600][51.610s][info][gc,stats    ] Concurrent Class Unloading        37434 us
[2026-04-03T02:24:49.107+0600][51.610s][info][gc,stats    ]   Unlink Stale                    36163 us
[2026-04-03T02:24:49.107+0600][51.610s][info][gc,stats    ]     System Dictionary               523 us
[2026-04-03T02:24:49.107+0600][51.610s][info][gc,stats    ]     Weak Class Links              23358 us
[2026-04-03T02:24:49.107+0600][51.610s][info][gc,stats    ]     Code Roots                    12276 us
[2026-04-03T02:24:49.107+0600][51.610s][info][gc,stats    ]   Rendezvous                        481 us
[2026-04-03T02:24:49.107+0600][51.610s][info][gc,stats    ]   Purge Unlinked                    661 us
[2026-04-03T02:24:49.107+0600][51.610s][info][gc,stats    ]     Code Roots                      608 us
[2026-04-03T02:24:49.107+0600][51.610s][info][gc,stats    ]     CLDG                             52 us
[2026-04-03T02:24:49.107+0600][51.610s][info][gc,stats    ]     Exception Caches                  0 us
[2026-04-03T02:24:49.107+0600][51.610s][info][gc,stats    ] Concurrent Strong Roots            1679 us, parallelism: 0.77x
[2026-04-03T02:24:49.107+0600][51.610s][info][gc,stats    ]   CSR: <total>                     1285 us
[2026-04-03T02:24:49.107+0600][51.610s][info][gc,stats    ]   CSR: VM Strong Roots              100 us, workers (us):  80,  20,   0, ---, ---, ---, 
[2026-04-03T02:24:49.107+0600][51.610s][info][gc,stats    ]   CSR: CLDG Roots                  1185 us, workers (us): ---, 1185, ---, ---, ---, ---, 
[2026-04-03T02:24:49.107+0600][51.610s][info][gc,stats    ] Concurrent Evacuation              3929 us
[2026-04-03T02:24:49.107+0600][51.610s][info][gc,stats    ] Pause Init Update Refs (G)          462 us
[2026-04-03T02:24:49.107+0600][51.610s][info][gc,stats    ] Pause Init Update Refs (N)          156 us
[2026-04-03T02:24:49.107+0600][51.610s][info][gc,stats    ]   Manage GCLABs                      38 us
[2026-04-03T02:24:49.107+0600][51.610s][info][gc,stats    ] Concurrent Update Refs            42539 us
[2026-04-03T02:24:49.107+0600][51.610s][info][gc,stats    ] Concurrent Update Thread Roots     1762 us
[2026-04-03T02:24:49.107+0600][51.610s][info][gc,stats    ] Pause Final Update Refs (G)         547 us
[2026-04-03T02:24:49.107+0600][51.610s][info][gc,stats    ] Pause Final Update Refs (N)         297 us
[2026-04-03T02:24:49.107+0600][51.610s][info][gc,stats    ]   Update Region States               96 us
[2026-04-03T02:24:49.107+0600][51.610s][info][gc,stats    ]   Trash Collection Set               18 us
[2026-04-03T02:24:49.107+0600][51.610s][info][gc,stats    ]   Rebuild Free Set                   51 us
[2026-04-03T02:24:49.107+0600][51.610s][info][gc,stats    ] Concurrent Cleanup                  979 us
[2026-04-03T02:24:49.107+0600][51.610s][info][gc,stats    ] Pacing                           193259 us
[2026-04-03T02:24:49.107+0600][51.610s][info][gc,stats    ] 
[2026-04-03T02:24:49.107+0600][51.610s][info][gc,stats    ] Allocation pacing accrued:
[2026-04-03T02:24:49.107+0600][51.610s][info][gc,stats    ]      11 of   476 ms (  2.3%): dispatcher-event-loop-0
[2026-04-03T02:24:49.107+0600][51.610s][info][gc,stats    ]      11 of   476 ms (  2.4%): dispatcher-event-loop-7
[2026-04-03T02:24:49.107+0600][51.610s][info][gc,stats    ]      25 of   476 ms (  5.2%): Executor task launch worker for task 2.0 in stage 1578.0 (TID 2865)
[2026-04-03T02:24:49.107+0600][51.610s][info][gc,stats    ]      11 of   476 ms (  2.4%): Executor task launch worker for task 3.0 in stage 1578.0 (TID 2866)
[2026-04-03T02:24:49.107+0600][51.610s][info][gc,stats    ]      48 of   476 ms ( 10.2%): Executor task launch worker for task 1.0 in stage 1578.0 (TID 2864)
[2026-04-03T02:24:49.107+0600][51.610s][info][gc,stats    ]      49 of   476 ms ( 10.2%): Executor task launch worker for task 0.0 in stage 1578.0 (TID 2863)
[2026-04-03T02:24:49.107+0600][51.610s][info][gc,stats    ]      28 of   476 ms (  5.8%): task-result-getter-0
[2026-04-03T02:24:49.107+0600][51.611s][info][gc,stats    ]      10 of   476 ms (  2.1%): task-result-getter-3
[2026-04-03T02:24:49.107+0600][51.611s][info][gc,stats    ]     193 of   476 ms ( 40.6%): <total>
[2026-04-03T02:24:49.107+0600][51.611s][info][gc,stats    ]       1 of   476 ms (  0.1%): <average total>
[2026-04-03T02:24:49.107+0600][51.611s][info][gc,stats    ]      24 of   476 ms (  5.1%): <average non-zero>
[2026-04-03T02:24:49.107+0600][51.611s][info][gc,stats    ] 
[2026-04-03T02:24:49.107+0600][51.611s][info][gc,metaspace] Metaspace: 130685K(132672K)->130683K(132672K) NonClass: 114268K(115520K)->114267K(115520K) Class: 16417K(17152K)->16416K(17152K)
[2026-04-03T02:24:49.107+0600][51.611s][info][gc,ergo     ] Pacer for Idle. Initial: 20480K, Alloc Tax Rate: 1.0x
[2026-04-03T02:24:49.108+0600][51.612s][info][gc          ] Trigger: Learning 3 of 5. Free (575M) is below initial threshold (700M)
[2026-04-03T02:24:49.108+0600][51.612s][info][gc,ergo     ] Free: 575M, Max: 256K regular, 375M humongous, Frag: 35% external, 0% internal; Reserve: 51200K, Max: 256K
[2026-04-03T02:24:49.108+0600][51.612s][info][gc,start    ] GC(52) Concurrent reset
[2026-04-03T02:24:49.108+0600][51.612s][info][gc,task     ] GC(52) Using 3 of 6 workers for concurrent reset
[2026-04-03T02:24:49.108+0600][51.612s][info][gc,ergo     ] GC(52) Pacer for Reset. Non-Taxable: 1000M
[2026-04-03T02:24:49.111+0600][51.614s][info][gc          ] GC(52) Concurrent reset 2.084ms
[2026-04-03T02:24:49.111+0600][51.614s][info][gc,start    ] GC(52) Pause Init Mark (unload classes)
[2026-04-03T02:24:49.111+0600][51.614s][info][gc,task     ] GC(52) Using 6 of 6 workers for init marking
[2026-04-03T02:24:49.111+0600][51.614s][info][gc,ergo     ] GC(52) Pacer for Mark. Expected Live: 91915K, Free: 574M, Non-Taxable: 58783K, Alloc Tax Rate: 0.2x
[2026-04-03T02:24:49.111+0600][51.614s][info][gc          ] GC(52) Pause Init Mark (unload classes) 0.251ms
[2026-04-03T02:24:49.111+0600][51.615s][info][gc,start    ] GC(52) Concurrent marking roots
[2026-04-03T02:24:49.111+0600][51.615s][info][gc,task     ] GC(52) Using 3 of 6 workers for concurrent marking roots
[2026-04-03T02:24:49.113+0600][51.616s][info][gc          ] GC(52) Concurrent marking roots 1.741ms
[2026-04-03T02:24:49.113+0600][51.616s][info][gc,start    ] GC(52) Concurrent marking (unload classes)
[2026-04-03T02:24:49.113+0600][51.616s][info][gc,task     ] GC(52) Using 3 of 6 workers for concurrent marking
[2026-04-03T02:24:49.157+0600][51.660s][info][gc          ] GC(52) Concurrent marking (unload classes) 43.869ms
[2026-04-03T02:24:49.157+0600][51.661s][info][gc,start    ] GC(52) Pause Final Mark (unload classes)
[2026-04-03T02:24:49.157+0600][51.661s][info][gc,task     ] GC(52) Using 6 of 6 workers for final marking
[2026-04-03T02:24:49.158+0600][51.661s][info][gc,ergo     ] GC(52) Adaptive CSet Selection. Target Free: 141M, Actual Free: 853M, Max CSet: 42666K, Min Garbage: 0B
[2026-04-03T02:24:49.158+0600][51.661s][info][gc,ergo     ] GC(52) Collectable Garbage: 266M (97%), Immediate: 246M (90%), CSet: 20194K (7%)
[2026-04-03T02:24:49.158+0600][51.661s][info][gc,ergo     ] GC(52) Pacer for Evacuation. Used CSet: 22783K, Free: 820M, Non-Taxable: 83975K, Alloc Tax Rate: 1.1x
[2026-04-03T02:24:49.158+0600][51.661s][info][gc          ] GC(52) Pause Final Mark (unload classes) 0.856ms
[2026-04-03T02:24:49.158+0600][51.662s][info][gc,start    ] GC(52) Concurrent thread roots
[2026-04-03T02:24:49.158+0600][51.662s][info][gc,task     ] GC(52) Using 3 of 6 workers for Concurrent thread roots
[2026-04-03T02:24:49.160+0600][51.663s][info][gc          ] GC(52) Concurrent thread roots 1.303ms
[2026-04-03T02:24:49.160+0600][51.663s][info][gc,start    ] GC(52) Concurrent weak references
[2026-04-03T02:24:49.160+0600][51.663s][info][gc,task     ] GC(52) Using 3 of 6 workers for concurrent weak references
[2026-04-03T02:24:49.161+0600][51.664s][info][gc,ref      ] GC(52) Encountered references: Soft: 3611, Weak: 14546, Final: 84, Phantom: 620
[2026-04-03T02:24:49.161+0600][51.664s][info][gc,ref      ] GC(52) Discovered  references: Soft: 0, Weak: 8409, Final: 0, Phantom: 615
[2026-04-03T02:24:49.161+0600][51.664s][info][gc,ref      ] GC(52) Enqueued    references: Soft: 0, Weak: 17, Final: 0, Phantom: 0
[2026-04-03T02:24:49.161+0600][51.664s][info][gc          ] GC(52) Concurrent weak references 1.048ms
[2026-04-03T02:24:49.161+0600][51.664s][info][gc,start    ] GC(52) Concurrent weak roots
[2026-04-03T02:24:49.161+0600][51.664s][info][gc,task     ] GC(52) Using 3 of 6 workers for concurrent weak root
[2026-04-03T02:24:49.175+0600][51.678s][info][gc          ] GC(52) Concurrent weak roots 14.020ms
[2026-04-03T02:24:49.175+0600][51.678s][info][gc,start    ] GC(52) Concurrent cleanup
[2026-04-03T02:24:49.175+0600][51.679s][info][gc          ] GC(52) Concurrent cleanup 434M->192M(475M) 0.515ms
[2026-04-03T02:24:49.175+0600][51.679s][info][gc,ergo     ] GC(52) Free: 750M, Max: 256K regular, 375M humongous, Frag: 51% external, 0% internal; Reserve: 50724K, Max: 256K
[2026-04-03T02:24:49.175+0600][51.679s][info][gc,start    ] GC(52) Concurrent class unloading
[2026-04-03T02:24:49.176+0600][51.679s][info][gc,task     ] GC(52) Using 3 of 6 workers for concurrent class unloading
[2026-04-03T02:24:49.189+0600][51.693s][info][gc          ] GC(52) Concurrent class unloading 13.989ms
[2026-04-03T02:24:49.190+0600][51.693s][info][gc,start    ] GC(52) Concurrent strong roots
[2026-04-03T02:24:49.190+0600][51.693s][info][gc,task     ] GC(52) Using 3 of 6 workers for concurrent strong root
[2026-04-03T02:24:49.191+0600][51.694s][info][gc          ] GC(52) Concurrent strong roots 1.223ms
[2026-04-03T02:24:49.191+0600][51.694s][info][gc,start    ] GC(52) Concurrent evacuation
[2026-04-03T02:24:49.191+0600][51.694s][info][gc,task     ] GC(52) Using 3 of 6 workers for concurrent evacuation
[2026-04-03T02:24:49.193+0600][51.696s][info][gc          ] GC(52) Concurrent evacuation 1.728ms
[2026-04-03T02:24:49.193+0600][51.696s][info][gc,start    ] GC(52) Pause Init Update Refs
[2026-04-03T02:24:49.193+0600][51.696s][info][gc,ergo     ] GC(52) Pacer for Update Refs. Used: 208M, Free: 737M, Non-Taxable: 75470K, Alloc Tax Rate: 1.1x
[2026-04-03T02:24:49.193+0600][51.696s][info][gc          ] GC(52) Pause Init Update Refs 0.094ms
[2026-04-03T02:24:49.193+0600][51.696s][info][gc,start    ] GC(52) Concurrent update references
[2026-04-03T02:24:49.193+0600][51.696s][info][gc,task     ] GC(52) Using 3 of 6 workers for concurrent reference update
[2026-04-03T02:24:49.225+0600][51.729s][info][gc          ] GC(52) Concurrent update references 32.439ms
[2026-04-03T02:24:49.226+0600][51.729s][info][gc,start    ] GC(52) Concurrent update thread roots
[2026-04-03T02:24:49.227+0600][51.730s][info][gc          ] GC(52) Concurrent update thread roots 1.292ms
[2026-04-03T02:24:49.227+0600][51.730s][info][gc,start    ] GC(52) Pause Final Update Refs
[2026-04-03T02:24:49.227+0600][51.730s][info][gc,task     ] GC(52) Using 6 of 6 workers for final reference update
[2026-04-03T02:24:49.227+0600][51.731s][info][gc          ] GC(52) Pause Final Update Refs 0.188ms
[2026-04-03T02:24:49.227+0600][51.731s][info][gc,start    ] GC(52) Concurrent cleanup
[2026-04-03T02:24:49.228+0600][51.731s][info][gc          ] GC(52) Concurrent cleanup 386M->364M(477M) 0.297ms
[2026-04-03T02:24:49.228+0600][51.731s][info][gc,ergo     ] Free: 567M, Max: 256K regular, 376M humongous, Frag: 34% external, 0% internal; Reserve: 51200K, Max: 256K
[2026-04-03T02:24:49.228+0600][51.731s][info][gc,stats    ] 
[2026-04-03T02:24:49.228+0600][51.731s][info][gc,stats    ] All times are wall-clock times, except per-root-class counters, that are sum over
[2026-04-03T02:24:49.228+0600][51.731s][info][gc,stats    ] all workers. Dividing the <total> over the root stage time estimates parallelism.
[2026-04-03T02:24:49.228+0600][51.731s][info][gc,stats    ] 
[2026-04-03T02:24:49.228+0600][51.731s][info][gc,stats    ] Concurrent Reset                   2188 us
[2026-04-03T02:24:49.228+0600][51.731s][info][gc,stats    ] Pause Init Mark (G)                 599 us
[2026-04-03T02:24:49.228+0600][51.731s][info][gc,stats    ] Pause Init Mark (N)                 266 us
[2026-04-03T02:24:49.228+0600][51.731s][info][gc,stats    ]   Update Region States               89 us
[2026-04-03T02:24:49.228+0600][51.731s][info][gc,stats    ] Concurrent Mark Roots              1827 us, parallelism: 1.78x
[2026-04-03T02:24:49.228+0600][51.731s][info][gc,stats    ]   CMR: <total>                     3246 us
[2026-04-03T02:24:49.228+0600][51.731s][info][gc,stats    ]   CMR: Thread Roots                2742 us, workers (us): 1036, 631, 1075, ---, ---, ---, 
[2026-04-03T02:24:49.228+0600][51.731s][info][gc,stats    ]   CMR: VM Strong Roots               47 us, workers (us):  44,   2,   1, ---, ---, ---, 
[2026-04-03T02:24:49.228+0600][51.731s][info][gc,stats    ]   CMR: CLDG Roots                   457 us, workers (us): ---, 457, ---, ---, ---, ---, 
[2026-04-03T02:24:49.228+0600][51.731s][info][gc,stats    ] Concurrent Marking                43963 us
[2026-04-03T02:24:49.228+0600][51.731s][info][gc,stats    ] Pause Final Mark (G)               1225 us
[2026-04-03T02:24:49.228+0600][51.731s][info][gc,stats    ] Pause Final Mark (N)                879 us
[2026-04-03T02:24:49.228+0600][51.731s][info][gc,stats    ]   Finish Mark                       251 us
[2026-04-03T02:24:49.228+0600][51.731s][info][gc,stats    ]   Update Region States              121 us
[2026-04-03T02:24:49.228+0600][51.731s][info][gc,stats    ]   Choose Collection Set             249 us
[2026-04-03T02:24:49.228+0600][51.731s][info][gc,stats    ]   Rebuild Free Set                   47 us
[2026-04-03T02:24:49.228+0600][51.731s][info][gc,stats    ] Concurrent Thread Roots            1373 us, parallelism: 2.47x
[2026-04-03T02:24:49.228+0600][51.731s][info][gc,stats    ]   CTR: <total>                     3392 us
[2026-04-03T02:24:49.228+0600][51.731s][info][gc,stats    ]   CTR: Thread Roots                3392 us, workers (us): 1136, 1134, 1122, ---, ---, ---, 
[2026-04-03T02:24:49.228+0600][51.731s][info][gc,stats    ] Concurrent Weak References         1066 us, parallelism: 1.04x
[2026-04-03T02:24:49.228+0600][51.731s][info][gc,stats    ]   CWRF: <total>                    1105 us
[2026-04-03T02:24:49.228+0600][51.731s][info][gc,stats    ]   CWRF: Weak References            1105 us, workers (us): 133, 181, 791, ---, ---, ---, 
[2026-04-03T02:24:49.228+0600][51.731s][info][gc,stats    ] Concurrent Weak Roots             14109 us
[2026-04-03T02:24:49.228+0600][51.731s][info][gc,stats    ]   Roots                            7098 us, parallelism: 2.81x
[2026-04-03T02:24:49.228+0600][51.731s][info][gc,stats    ]     CWR: <total>                  19928 us
[2026-04-03T02:24:49.228+0600][51.732s][info][gc,stats    ]     CWR: Code Cache Roots         17024 us, workers (us): 5626, 5599, 5800, ---, ---, ---, 
[2026-04-03T02:24:49.228+0600][51.732s][info][gc,stats    ]     CWR: VM Weak Roots             2718 us, workers (us): 928, 897, 893, ---, ---, ---, 
[2026-04-03T02:24:49.228+0600][51.732s][info][gc,stats    ]     CWR: CLDG Roots                 186 us, workers (us): ---, 186, ---, ---, ---, ---, 
[2026-04-03T02:24:49.228+0600][51.732s][info][gc,stats    ]   Rendezvous                       6886 us
[2026-04-03T02:24:49.228+0600][51.732s][info][gc,stats    ] Concurrent Cleanup                  559 us
[2026-04-03T02:24:49.228+0600][51.732s][info][gc,stats    ] Concurrent Class Unloading        14087 us
[2026-04-03T02:24:49.228+0600][51.732s][info][gc,stats    ]   Unlink Stale                    13267 us
[2026-04-03T02:24:49.228+0600][51.732s][info][gc,stats    ]     System Dictionary               322 us
[2026-04-03T02:24:49.228+0600][51.732s][info][gc,stats    ]     Weak Class Links                  1 us
[2026-04-03T02:24:49.228+0600][51.732s][info][gc,stats    ]     Code Roots                    12940 us
[2026-04-03T02:24:49.228+0600][51.732s][info][gc,stats    ]   Rendezvous                        380 us
[2026-04-03T02:24:49.228+0600][51.732s][info][gc,stats    ]   Purge Unlinked                    300 us
[2026-04-03T02:24:49.228+0600][51.732s][info][gc,stats    ]     Code Roots                      289 us
[2026-04-03T02:24:49.228+0600][51.732s][info][gc,stats    ]     CLDG                             10 us
[2026-04-03T02:24:49.228+0600][51.732s][info][gc,stats    ]     Exception Caches                  0 us
[2026-04-03T02:24:49.228+0600][51.732s][info][gc,stats    ] Concurrent Strong Roots            1294 us, parallelism: 0.53x
[2026-04-03T02:24:49.228+0600][51.732s][info][gc,stats    ]   CSR: <total>                      681 us
[2026-04-03T02:24:49.228+0600][51.732s][info][gc,stats    ]   CSR: VM Strong Roots               62 us, workers (us):  60,   1,   1, ---, ---, ---, 
[2026-04-03T02:24:49.228+0600][51.732s][info][gc,stats    ]   CSR: CLDG Roots                   619 us, workers (us): 619, ---, ---, ---, ---, ---, 
[2026-04-03T02:24:49.228+0600][51.732s][info][gc,stats    ] Concurrent Evacuation              1769 us
[2026-04-03T02:24:49.228+0600][51.732s][info][gc,stats    ] Pause Init Update Refs (G)          343 us
[2026-04-03T02:24:49.228+0600][51.732s][info][gc,stats    ] Pause Init Update Refs (N)          109 us
[2026-04-03T02:24:49.228+0600][51.732s][info][gc,stats    ]   Manage GCLABs                      32 us
[2026-04-03T02:24:49.228+0600][51.732s][info][gc,stats    ] Concurrent Update Refs            32536 us
[2026-04-03T02:24:49.228+0600][51.732s][info][gc,stats    ] Concurrent Update Thread Roots     1417 us
[2026-04-03T02:24:49.228+0600][51.732s][info][gc,stats    ] Pause Final Update Refs (G)         496 us
[2026-04-03T02:24:49.228+0600][51.732s][info][gc,stats    ] Pause Final Update Refs (N)         207 us
[2026-04-03T02:24:49.228+0600][51.732s][info][gc,stats    ]   Update Region States               56 us
[2026-04-03T02:24:49.228+0600][51.732s][info][gc,stats    ]   Trash Collection Set               10 us
[2026-04-03T02:24:49.228+0600][51.732s][info][gc,stats    ]   Rebuild Free Set                   44 us
[2026-04-03T02:24:49.228+0600][51.732s][info][gc,stats    ] Concurrent Cleanup                  320 us
[2026-04-03T02:24:49.228+0600][51.732s][info][gc,stats    ] Pacing                           133468 us
[2026-04-03T02:24:49.228+0600][51.732s][info][gc,stats    ] 
[2026-04-03T02:24:49.228+0600][51.732s][info][gc,stats    ] Allocation pacing accrued:
[2026-04-03T02:24:49.228+0600][51.732s][info][gc,stats    ]      33 of   121 ms ( 27.3%): Executor task launch worker for task 3.0 in stage 1582.0 (TID 2874)
[2026-04-03T02:24:49.228+0600][51.732s][info][gc,stats    ]      33 of   121 ms ( 27.0%): Executor task launch worker for task 1.0 in stage 1582.0 (TID 2872)
[2026-04-03T02:24:49.228+0600][51.732s][info][gc,stats    ]      34 of   121 ms ( 28.1%): Executor task launch worker for task 0.0 in stage 1582.0 (TID 2871)
[2026-04-03T02:24:49.228+0600][51.732s][info][gc,stats    ]      33 of   121 ms ( 27.6%): Executor task launch worker for task 2.0 in stage 1582.0 (TID 2873)
[2026-04-03T02:24:49.228+0600][51.732s][info][gc,stats    ]     133 of   121 ms (110.0%): <total>
[2026-04-03T02:24:49.228+0600][51.732s][info][gc,stats    ]       0 of   121 ms (  0.4%): <average total>
[2026-04-03T02:24:49.228+0600][51.732s][info][gc,stats    ]      33 of   121 ms ( 27.5%): <average non-zero>
[2026-04-03T02:24:49.228+0600][51.732s][info][gc,stats    ] 
[2026-04-03T02:24:49.229+0600][51.732s][info][gc,metaspace] Metaspace: 130683K(132672K)->130691K(132672K) NonClass: 114267K(115520K)->114274K(115520K) Class: 16416K(17152K)->16416K(17152K)
[2026-04-03T02:24:49.229+0600][51.732s][info][gc,ergo     ] Pacer for Idle. Initial: 20480K, Alloc Tax Rate: 1.0x
[2026-04-03T02:24:49.230+0600][51.733s][info][gc          ] Trigger: Learning 4 of 5. Free (567M) is below initial threshold (700M)
[2026-04-03T02:24:49.230+0600][51.733s][info][gc,ergo     ] Free: 567M, Max: 256K regular, 376M humongous, Frag: 34% external, 0% internal; Reserve: 51200K, Max: 256K
[2026-04-03T02:24:49.230+0600][51.733s][info][gc,start    ] GC(53) Concurrent reset
[2026-04-03T02:24:49.230+0600][51.733s][info][gc,task     ] GC(53) Using 3 of 6 workers for concurrent reset
[2026-04-03T02:24:49.230+0600][51.733s][info][gc,ergo     ] GC(53) Pacer for Reset. Non-Taxable: 1000M
[2026-04-03T02:24:49.231+0600][51.734s][info][gc          ] GC(53) Concurrent reset 1.146ms
[2026-04-03T02:24:49.231+0600][51.735s][info][gc,start    ] GC(53) Pause Init Mark (unload classes)
[2026-04-03T02:24:49.231+0600][51.735s][info][gc,task     ] GC(53) Using 6 of 6 workers for init marking
[2026-04-03T02:24:49.231+0600][51.735s][info][gc,ergo     ] GC(53) Pacer for Mark. Expected Live: 91363K, Free: 567M, Non-Taxable: 58125K, Alloc Tax Rate: 0.2x
[2026-04-03T02:24:49.231+0600][51.735s][info][gc          ] GC(53) Pause Init Mark (unload classes) 0.146ms
[2026-04-03T02:24:49.232+0600][51.735s][info][gc,start    ] GC(53) Concurrent marking roots
[2026-04-03T02:24:49.232+0600][51.735s][info][gc,task     ] GC(53) Using 3 of 6 workers for concurrent marking roots
[2026-04-03T02:24:49.233+0600][51.736s][info][gc          ] GC(53) Concurrent marking roots 1.158ms
[2026-04-03T02:24:49.233+0600][51.736s][info][gc,start    ] GC(53) Concurrent marking (unload classes)
[2026-04-03T02:24:49.233+0600][51.736s][info][gc,task     ] GC(53) Using 3 of 6 workers for concurrent marking
[2026-04-03T02:24:49.290+0600][51.793s][info][gc          ] GC(53) Concurrent marking (unload classes) 56.825ms
[2026-04-03T02:24:49.290+0600][51.793s][info][gc,start    ] GC(53) Pause Final Mark (unload classes)
[2026-04-03T02:24:49.290+0600][51.793s][info][gc,task     ] GC(53) Using 6 of 6 workers for final marking
[2026-04-03T02:24:49.290+0600][51.794s][info][gc,ergo     ] GC(53) Adaptive CSet Selection. Target Free: 141M, Actual Free: 786M, Max CSet: 42666K, Min Garbage: 0B
[2026-04-03T02:24:49.291+0600][51.794s][info][gc,ergo     ] GC(53) Collectable Garbage: 269M (97%), Immediate: 251M (90%), CSet: 18929K (6%)
[2026-04-03T02:24:49.291+0600][51.794s][info][gc,ergo     ] GC(53) Pacer for Evacuation. Used CSet: 23468K, Free: 752M, Non-Taxable: 77066K, Alloc Tax Rate: 1.1x
[2026-04-03T02:24:49.291+0600][51.794s][info][gc          ] GC(53) Pause Final Mark (unload classes) 0.904ms
[2026-04-03T02:24:49.291+0600][51.794s][info][gc,start    ] GC(53) Concurrent thread roots
[2026-04-03T02:24:49.291+0600][51.794s][info][gc,task     ] GC(53) Using 3 of 6 workers for Concurrent thread roots
[2026-04-03T02:24:49.292+0600][51.795s][info][gc          ] GC(53) Concurrent thread roots 0.973ms
[2026-04-03T02:24:49.292+0600][51.795s][info][gc,start    ] GC(53) Concurrent weak references
[2026-04-03T02:24:49.292+0600][51.795s][info][gc,task     ] GC(53) Using 3 of 6 workers for concurrent weak references
[2026-04-03T02:24:49.292+0600][51.795s][info][gc,ref      ] GC(53) Encountered references: Soft: 3619, Weak: 14619, Final: 84, Phantom: 637
[2026-04-03T02:24:49.292+0600][51.795s][info][gc,ref      ] GC(53) Discovered  references: Soft: 0, Weak: 2938, Final: 0, Phantom: 632
[2026-04-03T02:24:49.292+0600][51.795s][info][gc,ref      ] GC(53) Enqueued    references: Soft: 0, Weak: 216, Final: 0, Phantom: 0
[2026-04-03T02:24:49.292+0600][51.795s][info][gc          ] GC(53) Concurrent weak references 0.271ms
[2026-04-03T02:24:49.292+0600][51.795s][info][gc,start    ] GC(53) Concurrent weak roots
[2026-04-03T02:24:49.292+0600][51.796s][info][gc,task     ] GC(53) Using 3 of 6 workers for concurrent weak root
[2026-04-03T02:24:49.296+0600][51.800s][info][gc          ] GC(53) Concurrent weak roots 4.081ms
[2026-04-03T02:24:49.296+0600][51.800s][info][gc,start    ] GC(53) Concurrent cleanup
[2026-04-03T02:24:49.297+0600][51.801s][info][gc          ] GC(53) Concurrent cleanup 443M->192M(477M) 0.855ms
[2026-04-03T02:24:49.297+0600][51.801s][info][gc,ergo     ] GC(53) Free: 751M, Max: 256K regular, 376M humongous, Frag: 50% external, 0% internal; Reserve: 51066K, Max: 256K
[2026-04-03T02:24:49.297+0600][51.801s][info][gc,start    ] GC(53) Concurrent class unloading
[2026-04-03T02:24:49.297+0600][51.801s][info][gc,task     ] GC(53) Using 3 of 6 workers for concurrent class unloading
[2026-04-03T02:24:49.310+0600][51.814s][info][gc          ] GC(53) Concurrent class unloading 13.079ms
[2026-04-03T02:24:49.310+0600][51.814s][info][gc,start    ] GC(53) Concurrent strong roots
[2026-04-03T02:24:49.310+0600][51.814s][info][gc,task     ] GC(53) Using 3 of 6 workers for concurrent strong root
[2026-04-03T02:24:49.311+0600][51.815s][info][gc          ] GC(53) Concurrent strong roots 1.008ms
[2026-04-03T02:24:49.311+0600][51.815s][info][gc,start    ] GC(53) Concurrent evacuation
[2026-04-03T02:24:49.311+0600][51.815s][info][gc,task     ] GC(53) Using 3 of 6 workers for concurrent evacuation
[2026-04-03T02:24:49.313+0600][51.816s][info][gc          ] GC(53) Concurrent evacuation 1.583ms
[2026-04-03T02:24:49.313+0600][51.817s][info][gc,start    ] GC(53) Pause Init Update Refs
[2026-04-03T02:24:49.313+0600][51.817s][info][gc,ergo     ] GC(53) Pacer for Update Refs. Used: 200M, Free: 748M, Non-Taxable: 76627K, Alloc Tax Rate: 1.1x
[2026-04-03T02:24:49.313+0600][51.817s][info][gc          ] GC(53) Pause Init Update Refs 0.120ms
[2026-04-03T02:24:49.314+0600][51.817s][info][gc,start    ] GC(53) Concurrent update references
[2026-04-03T02:24:49.314+0600][51.817s][info][gc,task     ] GC(53) Using 3 of 6 workers for concurrent reference update
[2026-04-03T02:24:49.355+0600][51.858s][info][gc          ] GC(53) Concurrent update references 41.123ms
[2026-04-03T02:24:49.355+0600][51.858s][info][gc,start    ] GC(53) Concurrent update thread roots
[2026-04-03T02:24:49.356+0600][51.859s][info][gc          ] GC(53) Concurrent update thread roots 1.217ms
[2026-04-03T02:24:49.356+0600][51.860s][info][gc,start    ] GC(53) Pause Final Update Refs
[2026-04-03T02:24:49.356+0600][51.860s][info][gc,task     ] GC(53) Using 6 of 6 workers for final reference update
[2026-04-03T02:24:49.356+0600][51.860s][info][gc          ] GC(53) Pause Final Update Refs 0.166ms
[2026-04-03T02:24:49.356+0600][51.860s][info][gc,start    ] GC(53) Concurrent cleanup
[2026-04-03T02:24:49.357+0600][51.860s][info][gc          ] GC(53) Concurrent cleanup 215M->192M(477M) 0.236ms
[2026-04-03T02:24:49.357+0600][51.860s][info][gc,ergo     ] Free: 750M, Max: 256K regular, 372M humongous, Frag: 51% external, 0% internal; Reserve: 51200K, Max: 256K
[2026-04-03T02:24:49.357+0600][51.860s][info][gc,stats    ] 
[2026-04-03T02:24:49.357+0600][51.860s][info][gc,stats    ] All times are wall-clock times, except per-root-class counters, that are sum over
[2026-04-03T02:24:49.357+0600][51.860s][info][gc,stats    ] all workers. Dividing the <total> over the root stage time estimates parallelism.
[2026-04-03T02:24:49.357+0600][51.860s][info][gc,stats    ] 
[2026-04-03T02:24:49.357+0600][51.860s][info][gc,stats    ] Concurrent Reset                   1177 us
[2026-04-03T02:24:49.357+0600][51.860s][info][gc,stats    ] Pause Init Mark (G)                 488 us
[2026-04-03T02:24:49.357+0600][51.860s][info][gc,stats    ] Pause Init Mark (N)                 156 us
[2026-04-03T02:24:49.357+0600][51.860s][info][gc,stats    ]   Update Region States               46 us
[2026-04-03T02:24:49.357+0600][51.860s][info][gc,stats    ] Concurrent Mark Roots              1185 us, parallelism: 1.78x
[2026-04-03T02:24:49.357+0600][51.860s][info][gc,stats    ]   CMR: <total>                     2108 us
[2026-04-03T02:24:49.357+0600][51.860s][info][gc,stats    ]   CMR: Thread Roots                1871 us, workers (us): 512, 711, 648, ---, ---, ---, 
[2026-04-03T02:24:49.357+0600][51.860s][info][gc,stats    ]   CMR: VM Strong Roots               32 us, workers (us):  31,   1,   1, ---, ---, ---, 
[2026-04-03T02:24:49.357+0600][51.860s][info][gc,stats    ]   CMR: CLDG Roots                   204 us, workers (us): 204, ---, ---, ---, ---, ---, 
[2026-04-03T02:24:49.357+0600][51.860s][info][gc,stats    ] Concurrent Marking                56908 us
[2026-04-03T02:24:49.357+0600][51.860s][info][gc,stats    ] Pause Final Mark (G)               1157 us
[2026-04-03T02:24:49.357+0600][51.860s][info][gc,stats    ] Pause Final Mark (N)                923 us
[2026-04-03T02:24:49.357+0600][51.860s][info][gc,stats    ]   Finish Mark                       359 us
[2026-04-03T02:24:49.357+0600][51.860s][info][gc,stats    ]   Update Region States              106 us
[2026-04-03T02:24:49.357+0600][51.860s][info][gc,stats    ]   Choose Collection Set             261 us
[2026-04-03T02:24:49.357+0600][51.860s][info][gc,stats    ]   Rebuild Free Set                   45 us
[2026-04-03T02:24:49.357+0600][51.860s][info][gc,stats    ] Concurrent Thread Roots            1053 us, parallelism: 2.18x
[2026-04-03T02:24:49.357+0600][51.860s][info][gc,stats    ]   CTR: <total>                     2298 us
[2026-04-03T02:24:49.357+0600][51.860s][info][gc,stats    ]   CTR: Thread Roots                2298 us, workers (us): 810, 749, 739, ---, ---, ---, 
[2026-04-03T02:24:49.357+0600][51.860s][info][gc,stats    ] Concurrent Weak References          279 us, parallelism: 0.95x
[2026-04-03T02:24:49.357+0600][51.860s][info][gc,stats    ]   CWRF: <total>                     264 us
[2026-04-03T02:24:49.357+0600][51.860s][info][gc,stats    ]   CWRF: Weak References             264 us, workers (us): 121,  83,  60, ---, ---, ---, 
[2026-04-03T02:24:49.357+0600][51.860s][info][gc,stats    ] Concurrent Weak Roots              4160 us
[2026-04-03T02:24:49.357+0600][51.860s][info][gc,stats    ]   Roots                            3584 us, parallelism: 2.65x
[2026-04-03T02:24:49.357+0600][51.860s][info][gc,stats    ]     CWR: <total>                   9486 us
[2026-04-03T02:24:49.357+0600][51.860s][info][gc,stats    ]     CWR: Code Cache Roots          7491 us, workers (us): 2359, 2598, 2534, ---, ---, ---, 
[2026-04-03T02:24:49.357+0600][51.860s][info][gc,stats    ]     CWR: VM Weak Roots             1912 us, workers (us): 688, 618, 606, ---, ---, ---, 
[2026-04-03T02:24:49.357+0600][51.860s][info][gc,stats    ]     CWR: CLDG Roots                  83 us, workers (us):  83, ---, ---, ---, ---, ---, 
[2026-04-03T02:24:49.357+0600][51.860s][info][gc,stats    ]   Rendezvous                        444 us
[2026-04-03T02:24:49.357+0600][51.860s][info][gc,stats    ] Concurrent Cleanup                  874 us
[2026-04-03T02:24:49.357+0600][51.861s][info][gc,stats    ] Concurrent Class Unloading        13133 us
[2026-04-03T02:24:49.357+0600][51.861s][info][gc,stats    ]   Unlink Stale                    12502 us
[2026-04-03T02:24:49.357+0600][51.861s][info][gc,stats    ]     System Dictionary               211 us
[2026-04-03T02:24:49.357+0600][51.861s][info][gc,stats    ]     Weak Class Links                  0 us
[2026-04-03T02:24:49.357+0600][51.861s][info][gc,stats    ]     Code Roots                    12288 us
[2026-04-03T02:24:49.357+0600][51.861s][info][gc,stats    ]   Rendezvous                        370 us
[2026-04-03T02:24:49.357+0600][51.861s][info][gc,stats    ]   Purge Unlinked                    183 us
[2026-04-03T02:24:49.357+0600][51.861s][info][gc,stats    ]     Code Roots                      172 us
[2026-04-03T02:24:49.357+0600][51.861s][info][gc,stats    ]     CLDG                             10 us
[2026-04-03T02:24:49.357+0600][51.861s][info][gc,stats    ]     Exception Caches                  1 us
[2026-04-03T02:24:49.357+0600][51.861s][info][gc,stats    ] Concurrent Strong Roots            1041 us, parallelism: 0.74x
[2026-04-03T02:24:49.357+0600][51.861s][info][gc,stats    ]   CSR: <total>                      766 us
[2026-04-03T02:24:49.357+0600][51.861s][info][gc,stats    ]   CSR: VM Strong Roots               84 us, workers (us):  45,  39,   0, ---, ---, ---, 
[2026-04-03T02:24:49.357+0600][51.861s][info][gc,stats    ]   CSR: CLDG Roots                   682 us, workers (us): ---, 682, ---, ---, ---, ---, 
[2026-04-03T02:24:49.357+0600][51.861s][info][gc,stats    ] Concurrent Evacuation              1612 us
[2026-04-03T02:24:49.357+0600][51.861s][info][gc,stats    ] Pause Init Update Refs (G)          555 us
[2026-04-03T02:24:49.357+0600][51.861s][info][gc,stats    ] Pause Init Update Refs (N)          136 us
[2026-04-03T02:24:49.357+0600][51.861s][info][gc,stats    ]   Manage GCLABs                      35 us
[2026-04-03T02:24:49.357+0600][51.861s][info][gc,stats    ] Concurrent Update Refs            41187 us
[2026-04-03T02:24:49.357+0600][51.861s][info][gc,stats    ] Concurrent Update Thread Roots     1277 us
[2026-04-03T02:24:49.357+0600][51.861s][info][gc,stats    ] Pause Final Update Refs (G)         370 us
[2026-04-03T02:24:49.357+0600][51.861s][info][gc,stats    ] Pause Final Update Refs (N)         175 us
[2026-04-03T02:24:49.357+0600][51.861s][info][gc,stats    ]   Update Region States               45 us
[2026-04-03T02:24:49.357+0600][51.861s][info][gc,stats    ]   Trash Collection Set                8 us
[2026-04-03T02:24:49.357+0600][51.861s][info][gc,stats    ]   Rebuild Free Set                   37 us
[2026-04-03T02:24:49.357+0600][51.861s][info][gc,stats    ] Concurrent Cleanup                  261 us
[2026-04-03T02:24:49.357+0600][51.861s][info][gc,stats    ] Pacing                            27145 us
[2026-04-03T02:24:49.357+0600][51.861s][info][gc,stats    ] 
[2026-04-03T02:24:49.357+0600][51.861s][info][gc,stats    ] Allocation pacing accrued:
[2026-04-03T02:24:49.357+0600][51.861s][info][gc,stats    ]       7 of   129 ms (  5.7%): Executor task launch worker for task 1.0 in stage 1588.0 (TID 2884)
[2026-04-03T02:24:49.357+0600][51.861s][info][gc,stats    ]       7 of   129 ms (  5.5%): Executor task launch worker for task 4.0 in stage 1588.0 (TID 2887)
[2026-04-03T02:24:49.357+0600][51.861s][info][gc,stats    ]       7 of   129 ms (  5.5%): Executor task launch worker for task 0.0 in stage 1588.0 (TID 2883)
[2026-04-03T02:24:49.358+0600][51.861s][info][gc,stats    ]       6 of   129 ms (  4.3%): Executor task launch worker for task 5.0 in stage 1588.0 (TID 2888)
[2026-04-03T02:24:49.358+0600][51.861s][info][gc,stats    ]      27 of   129 ms ( 21.0%): <total>
[2026-04-03T02:24:49.358+0600][51.861s][info][gc,stats    ]       0 of   129 ms (  0.1%): <average total>
[2026-04-03T02:24:49.358+0600][51.861s][info][gc,stats    ]       7 of   129 ms (  5.3%): <average non-zero>
[2026-04-03T02:24:49.358+0600][51.861s][info][gc,stats    ] 
[2026-04-03T02:24:49.358+0600][51.861s][info][gc,metaspace] Metaspace: 130691K(132672K)->130740K(132672K) NonClass: 114274K(115520K)->114315K(115520K) Class: 16416K(17152K)->16424K(17152K)
[2026-04-03T02:24:49.358+0600][51.861s][info][gc,ergo     ] Pacer for Idle. Initial: 20480K, Alloc Tax Rate: 1.0x
[2026-04-03T02:24:49.415+0600][51.918s][info][gc          ] Trigger: Learning 5 of 5. Free (695M) is below initial threshold (700M)
[2026-04-03T02:24:49.415+0600][51.918s][info][gc,ergo     ] Free: 695M, Max: 256K regular, 372M humongous, Frag: 47% external, 0% internal; Reserve: 51200K, Max: 256K
[2026-04-03T02:24:49.415+0600][51.918s][info][gc,start    ] GC(54) Concurrent reset
[2026-04-03T02:24:49.415+0600][51.918s][info][gc,task     ] GC(54) Using 3 of 6 workers for concurrent reset
[2026-04-03T02:24:49.415+0600][51.918s][info][gc,ergo     ] GC(54) Pacer for Reset. Non-Taxable: 1000M
[2026-04-03T02:24:49.416+0600][51.919s][info][gc          ] GC(54) Concurrent reset 0.839ms
[2026-04-03T02:24:49.416+0600][51.919s][info][gc,start    ] GC(54) Pause Init Mark (unload classes)
[2026-04-03T02:24:49.416+0600][51.919s][info][gc,task     ] GC(54) Using 6 of 6 workers for init marking
[2026-04-03T02:24:49.416+0600][51.919s][info][gc,ergo     ] GC(54) Pacer for Mark. Expected Live: 90946K, Free: 695M, Non-Taxable: 71252K, Alloc Tax Rate: 0.2x
[2026-04-03T02:24:49.416+0600][51.919s][info][gc          ] GC(54) Pause Init Mark (unload classes) 0.144ms
[2026-04-03T02:24:49.416+0600][51.920s][info][gc,start    ] GC(54) Concurrent marking roots
[2026-04-03T02:24:49.416+0600][51.920s][info][gc,task     ] GC(54) Using 3 of 6 workers for concurrent marking roots
[2026-04-03T02:24:49.417+0600][51.921s][info][gc          ] GC(54) Concurrent marking roots 1.119ms
[2026-04-03T02:24:49.418+0600][51.921s][info][gc,start    ] GC(54) Concurrent marking (unload classes)
[2026-04-03T02:24:49.418+0600][51.921s][info][gc,task     ] GC(54) Using 3 of 6 workers for concurrent marking
[2026-04-03T02:24:49.487+0600][51.990s][info][gc          ] GC(54) Concurrent marking (unload classes) 69.153ms
[2026-04-03T02:24:49.487+0600][51.990s][info][gc,start    ] GC(54) Pause Final Mark (unload classes)
[2026-04-03T02:24:49.487+0600][51.990s][info][gc,task     ] GC(54) Using 6 of 6 workers for final marking
[2026-04-03T02:24:49.487+0600][51.991s][info][gc,ergo     ] GC(54) Adaptive CSet Selection. Target Free: 141M, Actual Free: 821M, Max CSet: 42666K, Min Garbage: 0B
[2026-04-03T02:24:49.488+0600][51.991s][info][gc,ergo     ] GC(54) Collectable Garbage: 144M (95%), Immediate: 107M (70%), CSet: 37937K (24%)
[2026-04-03T02:24:49.488+0600][51.991s][info][gc,ergo     ] GC(54) Pacer for Evacuation. Used CSet: 40187K, Free: 781M, Non-Taxable: 80060K, Alloc Tax Rate: 1.1x
[2026-04-03T02:24:49.488+0600][51.991s][info][gc          ] GC(54) Pause Final Mark (unload classes) 0.678ms
[2026-04-03T02:24:49.488+0600][51.991s][info][gc,start    ] GC(54) Concurrent thread roots
[2026-04-03T02:24:49.488+0600][51.991s][info][gc,task     ] GC(54) Using 3 of 6 workers for Concurrent thread roots
[2026-04-03T02:24:49.489+0600][51.992s][info][gc          ] GC(54) Concurrent thread roots 1.327ms
[2026-04-03T02:24:49.489+0600][51.992s][info][gc,start    ] GC(54) Concurrent weak references
[2026-04-03T02:24:49.489+0600][51.992s][info][gc,task     ] GC(54) Using 3 of 6 workers for concurrent weak references
[2026-04-03T02:24:49.490+0600][51.993s][info][gc,ref      ] GC(54) Encountered references: Soft: 3682, Weak: 14759, Final: 84, Phantom: 620
[2026-04-03T02:24:49.490+0600][51.993s][info][gc,ref      ] GC(54) Discovered  references: Soft: 0, Weak: 8718, Final: 52, Phantom: 614
[2026-04-03T02:24:49.490+0600][51.993s][info][gc,ref      ] GC(54) Enqueued    references: Soft: 0, Weak: 322, Final: 0, Phantom: 0
[2026-04-03T02:24:49.490+0600][51.993s][info][gc          ] GC(54) Concurrent weak references 1.049ms
[2026-04-03T02:24:49.490+0600][51.993s][info][gc,start    ] GC(54) Concurrent weak roots
[2026-04-03T02:24:49.490+0600][51.993s][info][gc,task     ] GC(54) Using 3 of 6 workers for concurrent weak root
[2026-04-03T02:24:49.495+0600][51.998s][info][gc          ] GC(54) Concurrent weak roots 4.921ms
[2026-04-03T02:24:49.495+0600][51.998s][info][gc,start    ] GC(54) Concurrent cleanup
[2026-04-03T02:24:49.496+0600][51.999s][info][gc          ] GC(54) Concurrent cleanup 272M->164M(477M) 0.417ms
[2026-04-03T02:24:49.496+0600][51.999s][info][gc,ergo     ] GC(54) Free: 781M, Max: 256K regular, 374M humongous, Frag: 53% external, 0% internal; Reserve: 50898K, Max: 256K
[2026-04-03T02:24:49.496+0600][51.999s][info][gc,start    ] GC(54) Concurrent class unloading
[2026-04-03T02:24:49.496+0600][51.999s][info][gc,task     ] GC(54) Using 3 of 6 workers for concurrent class unloading
[2026-04-03T02:24:49.510+0600][52.013s][info][gc          ] GC(54) Concurrent class unloading 13.913ms
[2026-04-03T02:24:49.510+0600][52.013s][info][gc,start    ] GC(54) Concurrent strong roots
[2026-04-03T02:24:49.510+0600][52.013s][info][gc,task     ] GC(54) Using 3 of 6 workers for concurrent strong root
[2026-04-03T02:24:49.511+0600][52.014s][info][gc          ] GC(54) Concurrent strong roots 1.449ms
[2026-04-03T02:24:49.511+0600][52.014s][info][gc,start    ] GC(54) Concurrent evacuation
[2026-04-03T02:24:49.511+0600][52.014s][info][gc,task     ] GC(54) Using 3 of 6 workers for concurrent evacuation
[2026-04-03T02:24:49.512+0600][52.016s][info][gc          ] GC(54) Concurrent evacuation 1.304ms
[2026-04-03T02:24:49.513+0600][52.016s][info][gc,start    ] GC(54) Pause Init Update Refs
[2026-04-03T02:24:49.513+0600][52.016s][info][gc,ergo     ] GC(54) Pacer for Update Refs. Used: 172M, Free: 775M, Non-Taxable: 79415K, Alloc Tax Rate: 1.1x
[2026-04-03T02:24:49.513+0600][52.016s][info][gc          ] GC(54) Pause Init Update Refs 0.137ms
[2026-04-03T02:24:49.513+0600][52.016s][info][gc,start    ] GC(54) Concurrent update references
[2026-04-03T02:24:49.513+0600][52.016s][info][gc,task     ] GC(54) Using 3 of 6 workers for concurrent reference update
[2026-04-03T02:24:49.548+0600][52.051s][info][gc          ] GC(54) Concurrent update references 34.717ms
[2026-04-03T02:24:49.548+0600][52.051s][info][gc,start    ] GC(54) Concurrent update thread roots
[2026-04-03T02:24:49.549+0600][52.052s][info][gc          ] GC(54) Concurrent update thread roots 1.066ms
[2026-04-03T02:24:49.549+0600][52.052s][info][gc,start    ] GC(54) Pause Final Update Refs
[2026-04-03T02:24:49.549+0600][52.052s][info][gc,task     ] GC(54) Using 6 of 6 workers for final reference update
[2026-04-03T02:24:49.549+0600][52.052s][info][gc          ] GC(54) Pause Final Update Refs 0.183ms
[2026-04-03T02:24:49.549+0600][52.053s][info][gc,start    ] GC(54) Concurrent cleanup
[2026-04-03T02:24:49.550+0600][52.053s][info][gc          ] GC(54) Concurrent cleanup 182M->143M(478M) 0.620ms
[2026-04-03T02:24:49.550+0600][52.053s][info][gc,ergo     ] Free: 802M, Max: 256K regular, 375M humongous, Frag: 54% external, 0% internal; Reserve: 51200K, Max: 256K
[2026-04-03T02:24:49.550+0600][52.053s][info][gc,stats    ] 
[2026-04-03T02:24:49.550+0600][52.053s][info][gc,stats    ] All times are wall-clock times, except per-root-class counters, that are sum over
[2026-04-03T02:24:49.550+0600][52.053s][info][gc,stats    ] all workers. Dividing the <total> over the root stage time estimates parallelism.
[2026-04-03T02:24:49.550+0600][52.053s][info][gc,stats    ] 
[2026-04-03T02:24:49.550+0600][52.053s][info][gc,stats    ] Concurrent Reset                    908 us
[2026-04-03T02:24:49.550+0600][52.053s][info][gc,stats    ] Pause Init Mark (G)                 487 us
[2026-04-03T02:24:49.550+0600][52.053s][info][gc,stats    ] Pause Init Mark (N)                 159 us
[2026-04-03T02:24:49.550+0600][52.053s][info][gc,stats    ]   Update Region States               36 us
[2026-04-03T02:24:49.550+0600][52.053s][info][gc,stats    ] Concurrent Mark Roots              1157 us, parallelism: 1.85x
[2026-04-03T02:24:49.550+0600][52.053s][info][gc,stats    ]   CMR: <total>                     2135 us
[2026-04-03T02:24:49.550+0600][52.053s][info][gc,stats    ]   CMR: Thread Roots                1814 us, workers (us): 418, 698, 697, ---, ---, ---, 
[2026-04-03T02:24:49.550+0600][52.053s][info][gc,stats    ]   CMR: VM Strong Roots               40 us, workers (us):   9,  15,  16, ---, ---, ---, 
[2026-04-03T02:24:49.550+0600][52.053s][info][gc,stats    ]   CMR: CLDG Roots                   281 us, workers (us): 281, ---, ---, ---, ---, ---, 
[2026-04-03T02:24:49.550+0600][52.053s][info][gc,stats    ] Concurrent Marking                69314 us
[2026-04-03T02:24:49.550+0600][52.053s][info][gc,stats    ] Pause Final Mark (G)                815 us
[2026-04-03T02:24:49.550+0600][52.053s][info][gc,stats    ] Pause Final Mark (N)                690 us
[2026-04-03T02:24:49.550+0600][52.053s][info][gc,stats    ]   Finish Mark                       227 us
[2026-04-03T02:24:49.550+0600][52.053s][info][gc,stats    ]   Update Region States               59 us
[2026-04-03T02:24:49.550+0600][52.053s][info][gc,stats    ]   Choose Collection Set             221 us
[2026-04-03T02:24:49.550+0600][52.053s][info][gc,stats    ]   Rebuild Free Set                   50 us
[2026-04-03T02:24:49.550+0600][52.053s][info][gc,stats    ] Concurrent Thread Roots            1389 us, parallelism: 2.29x
[2026-04-03T02:24:49.550+0600][52.053s][info][gc,stats    ]   CTR: <total>                     3176 us
[2026-04-03T02:24:49.550+0600][52.053s][info][gc,stats    ]   CTR: Thread Roots                3176 us, workers (us): 1087, 1067, 1022, ---, ---, ---, 
[2026-04-03T02:24:49.550+0600][52.053s][info][gc,stats    ] Concurrent Weak References         1063 us, parallelism: 1.06x
[2026-04-03T02:24:49.550+0600][52.053s][info][gc,stats    ]   CWRF: <total>                    1128 us
[2026-04-03T02:24:49.550+0600][52.053s][info][gc,stats    ]   CWRF: Weak References            1128 us, workers (us): 797, 194, 138, ---, ---, ---, 
[2026-04-03T02:24:49.550+0600][52.053s][info][gc,stats    ] Concurrent Weak Roots              5005 us
[2026-04-03T02:24:49.550+0600][52.053s][info][gc,stats    ]   Roots                            4631 us, parallelism: 2.65x
[2026-04-03T02:24:49.550+0600][52.053s][info][gc,stats    ]     CWR: <total>                  12286 us
[2026-04-03T02:24:49.550+0600][52.053s][info][gc,stats    ]     CWR: Code Cache Roots          8934 us, workers (us): 2875, 2912, 3148, ---, ---, ---, 
[2026-04-03T02:24:49.550+0600][52.053s][info][gc,stats    ]     CWR: VM Weak Roots             3229 us, workers (us): 1077, 1082, 1070, ---, ---, ---, 
[2026-04-03T02:24:49.550+0600][52.053s][info][gc,stats    ]     CWR: CLDG Roots                 123 us, workers (us): 123, ---, ---, ---, ---, ---, 
[2026-04-03T02:24:49.550+0600][52.053s][info][gc,stats    ]   Rendezvous                        256 us
[2026-04-03T02:24:49.550+0600][52.053s][info][gc,stats    ] Concurrent Cleanup                  453 us
[2026-04-03T02:24:49.550+0600][52.053s][info][gc,stats    ] Concurrent Class Unloading        14016 us
[2026-04-03T02:24:49.550+0600][52.053s][info][gc,stats    ]   Unlink Stale                    12945 us
[2026-04-03T02:24:49.550+0600][52.053s][info][gc,stats    ]     System Dictionary               339 us
[2026-04-03T02:24:49.550+0600][52.054s][info][gc,stats    ]     Weak Class Links                  0 us
[2026-04-03T02:24:49.550+0600][52.054s][info][gc,stats    ]     Code Roots                    12600 us
[2026-04-03T02:24:49.550+0600][52.054s][info][gc,stats    ]   Rendezvous                        372 us
[2026-04-03T02:24:49.550+0600][52.054s][info][gc,stats    ]   Purge Unlinked                    553 us
[2026-04-03T02:24:49.550+0600][52.054s][info][gc,stats    ]     Code Roots                      539 us
[2026-04-03T02:24:49.550+0600][52.054s][info][gc,stats    ]     CLDG                             12 us
[2026-04-03T02:24:49.550+0600][52.054s][info][gc,stats    ]     Exception Caches                  0 us
[2026-04-03T02:24:49.550+0600][52.054s][info][gc,stats    ] Concurrent Strong Roots            1506 us, parallelism: 0.67x
[2026-04-03T02:24:49.550+0600][52.054s][info][gc,stats    ]   CSR: <total>                     1012 us
[2026-04-03T02:24:49.550+0600][52.054s][info][gc,stats    ]   CSR: VM Strong Roots               62 us, workers (us):  48,  14,   1, ---, ---, ---, 
[2026-04-03T02:24:49.550+0600][52.054s][info][gc,stats    ]   CSR: CLDG Roots                   950 us, workers (us): ---, 950, ---, ---, ---, ---, 
[2026-04-03T02:24:49.550+0600][52.054s][info][gc,stats    ] Concurrent Evacuation              1368 us
[2026-04-03T02:24:49.550+0600][52.054s][info][gc,stats    ] Pause Init Update Refs (G)          341 us
[2026-04-03T02:24:49.550+0600][52.054s][info][gc,stats    ] Pause Init Update Refs (N)          148 us
[2026-04-03T02:24:49.550+0600][52.054s][info][gc,stats    ]   Manage GCLABs                      34 us
[2026-04-03T02:24:49.550+0600][52.054s][info][gc,stats    ] Concurrent Update Refs            34902 us
[2026-04-03T02:24:49.550+0600][52.054s][info][gc,stats    ] Concurrent Update Thread Roots     1095 us
[2026-04-03T02:24:49.550+0600][52.054s][info][gc,stats    ] Pause Final Update Refs (G)         355 us
[2026-04-03T02:24:49.550+0600][52.054s][info][gc,stats    ] Pause Final Update Refs (N)         194 us
[2026-04-03T02:24:49.550+0600][52.054s][info][gc,stats    ]   Update Region States               58 us
[2026-04-03T02:24:49.550+0600][52.054s][info][gc,stats    ]   Trash Collection Set               12 us
[2026-04-03T02:24:49.550+0600][52.054s][info][gc,stats    ]   Rebuild Free Set                   46 us
[2026-04-03T02:24:49.550+0600][52.054s][info][gc,stats    ] Concurrent Cleanup                  632 us
[2026-04-03T02:24:49.550+0600][52.054s][info][gc,stats    ] 
[2026-04-03T02:24:49.550+0600][52.054s][info][gc,stats    ] Allocation pacing accrued:
[2026-04-03T02:24:49.550+0600][52.054s][info][gc,stats    ]       0 of   193 ms (  0.0%): <total>
[2026-04-03T02:24:49.550+0600][52.054s][info][gc,stats    ]       0 of   193 ms (  0.0%): <average total>
[2026-04-03T02:24:49.550+0600][52.054s][info][gc,stats    ] 
[2026-04-03T02:24:49.550+0600][52.054s][info][gc,metaspace] Metaspace: 130774K(132672K)->130801K(132672K) NonClass: 114344K(115520K)->114366K(115520K) Class: 16430K(17152K)->16434K(17152K)
[2026-04-03T02:24:49.550+0600][52.054s][info][gc,ergo     ] Pacer for Idle. Initial: 20480K, Alloc Tax Rate: 1.0x
[2026-04-03T02:24:50.391+0600][52.894s][info][gc          ] Trigger: Average GC time (158.06 ms) is above the time for average allocation rate (822 MB/s) to deplete free headroom (128M) (margin of error = 1.80)
[2026-04-03T02:24:50.391+0600][52.894s][info][gc,ergo     ] Free headroom: 178M (free) - 51200K (spike) - 0B (penalties) = 128M
[2026-04-03T02:24:50.391+0600][52.894s][info][gc,ergo     ] Free: 178M, Max: 256K regular, 178M humongous, Frag: 0% external, 0% internal; Reserve: 51200K, Max: 256K
[2026-04-03T02:24:50.391+0600][52.894s][info][gc,start    ] GC(55) Concurrent reset
[2026-04-03T02:24:50.391+0600][52.894s][info][gc,task     ] GC(55) Using 3 of 6 workers for concurrent reset
[2026-04-03T02:24:50.391+0600][52.894s][info][gc,ergo     ] GC(55) Pacer for Reset. Non-Taxable: 1000M
[2026-04-03T02:24:50.393+0600][52.896s][info][gc          ] GC(55) Concurrent reset 1.824ms
[2026-04-03T02:24:50.393+0600][52.896s][info][gc,start    ] GC(55) Pause Init Mark (unload classes)
[2026-04-03T02:24:50.393+0600][52.896s][info][gc,task     ] GC(55) Using 6 of 6 workers for init marking
[2026-04-03T02:24:50.393+0600][52.896s][info][gc,ergo     ] GC(55) Pacer for Mark. Expected Live: 91004K, Free: 176M, Non-Taxable: 18085K, Alloc Tax Rate: 0.6x
[2026-04-03T02:24:50.393+0600][52.896s][info][gc          ] GC(55) Pause Init Mark (unload classes) 0.238ms
[2026-04-03T02:24:50.393+0600][52.897s][info][gc,start    ] GC(55) Concurrent marking roots
[2026-04-03T02:24:50.393+0600][52.897s][info][gc,task     ] GC(55) Using 3 of 6 workers for concurrent marking roots
[2026-04-03T02:24:50.395+0600][52.898s][info][gc          ] GC(55) Concurrent marking roots 1.895ms
[2026-04-03T02:24:50.395+0600][52.899s][info][gc,start    ] GC(55) Concurrent marking (unload classes)
[2026-04-03T02:24:50.395+0600][52.899s][info][gc,task     ] GC(55) Using 3 of 6 workers for concurrent marking
[2026-04-03T02:24:50.460+0600][52.963s][info][gc          ] GC(55) Concurrent marking (unload classes) 64.350ms
[2026-04-03T02:24:50.460+0600][52.963s][info][gc,start    ] GC(55) Pause Final Mark (unload classes)
[2026-04-03T02:24:50.460+0600][52.963s][info][gc,task     ] GC(55) Using 6 of 6 workers for final marking
[2026-04-03T02:24:50.460+0600][52.963s][info][gc,ergo     ] GC(55) Adaptive CSet Selection. Target Free: 141M, Actual Free: 723M, Max CSet: 42666K, Min Garbage: 0B
[2026-04-03T02:24:50.460+0600][52.964s][info][gc,ergo     ] GC(55) Collectable Garbage: 632M (98%), Immediate: 526M (82%), CSet: 106M (16%)
[2026-04-03T02:24:50.460+0600][52.964s][info][gc,ergo     ] GC(55) Pacer for Evacuation. Used CSet: 110M, Free: 714M, Non-Taxable: 73211K, Alloc Tax Rate: 1.1x
[2026-04-03T02:24:50.460+0600][52.964s][info][gc          ] GC(55) Pause Final Mark (unload classes) 0.654ms
[2026-04-03T02:24:50.460+0600][52.964s][info][gc,start    ] GC(55) Concurrent thread roots
[2026-04-03T02:24:50.460+0600][52.964s][info][gc,task     ] GC(55) Using 3 of 6 workers for Concurrent thread roots
[2026-04-03T02:24:50.461+0600][52.965s][info][gc          ] GC(55) Concurrent thread roots 0.936ms
[2026-04-03T02:24:50.461+0600][52.965s][info][gc,start    ] GC(55) Concurrent weak references
[2026-04-03T02:24:50.461+0600][52.965s][info][gc,task     ] GC(55) Using 3 of 6 workers for concurrent weak references
[2026-04-03T02:24:50.462+0600][52.965s][info][gc,ref      ] GC(55) Encountered references: Soft: 3708, Weak: 15464, Final: 84, Phantom: 620
[2026-04-03T02:24:50.462+0600][52.965s][info][gc,ref      ] GC(55) Discovered  references: Soft: 0, Weak: 8420, Final: 48, Phantom: 579
[2026-04-03T02:24:50.462+0600][52.965s][info][gc,ref      ] GC(55) Enqueued    references: Soft: 0, Weak: 129, Final: 0, Phantom: 0
[2026-04-03T02:24:50.462+0600][52.965s][info][gc          ] GC(55) Concurrent weak references 0.714ms
[2026-04-03T02:24:50.462+0600][52.965s][info][gc,start    ] GC(55) Concurrent weak roots
[2026-04-03T02:24:50.462+0600][52.965s][info][gc,task     ] GC(55) Using 3 of 6 workers for concurrent weak root
[2026-04-03T02:24:50.471+0600][52.974s][info][gc          ] GC(55) Concurrent weak roots 8.492ms
[2026-04-03T02:24:50.471+0600][52.974s][info][gc,start    ] GC(55) Concurrent cleanup
[2026-04-03T02:24:50.472+0600][52.975s][info][gc          ] GC(55) Concurrent cleanup 767M->243M(817M) 1.318ms
[2026-04-03T02:24:50.472+0600][52.975s][info][gc,ergo     ] GC(55) Free: 702M, Max: 256K regular, 137M humongous, Frag: 81% external, 0% internal; Reserve: 50827K, Max: 256K
[2026-04-03T02:24:50.472+0600][52.975s][info][gc,start    ] GC(55) Concurrent class unloading
[2026-04-03T02:24:50.472+0600][52.975s][info][gc,task     ] GC(55) Using 3 of 6 workers for concurrent class unloading
[2026-04-03T02:24:50.524+0600][53.028s][info][gc          ] GC(55) Concurrent class unloading 52.219ms
[2026-04-03T02:24:50.524+0600][53.028s][info][gc,start    ] GC(55) Concurrent strong roots
[2026-04-03T02:24:50.524+0600][53.028s][info][gc,task     ] GC(55) Using 3 of 6 workers for concurrent strong root
[2026-04-03T02:24:50.527+0600][53.030s][info][gc          ] GC(55) Concurrent strong roots 2.094ms
[2026-04-03T02:24:50.527+0600][53.030s][info][gc,start    ] GC(55) Concurrent evacuation
[2026-04-03T02:24:50.527+0600][53.030s][info][gc,task     ] GC(55) Using 3 of 6 workers for concurrent evacuation
[2026-04-03T02:24:50.530+0600][53.033s][info][gc          ] GC(55) Concurrent evacuation 3.451ms
[2026-04-03T02:24:50.530+0600][53.034s][info][gc,start    ] GC(55) Pause Init Update Refs
[2026-04-03T02:24:50.531+0600][53.034s][info][gc,ergo     ] GC(55) Pacer for Update Refs. Used: 292M, Free: 655M, Non-Taxable: 67083K, Alloc Tax Rate: 1.1x
[2026-04-03T02:24:50.531+0600][53.034s][info][gc          ] GC(55) Pause Init Update Refs 0.140ms
[2026-04-03T02:24:50.531+0600][53.034s][info][gc,start    ] GC(55) Concurrent update references
[2026-04-03T02:24:50.531+0600][53.034s][info][gc,task     ] GC(55) Using 3 of 6 workers for concurrent reference update
[2026-04-03T02:24:50.572+0600][53.075s][info][gc          ] GC(55) Concurrent update references 41.452ms
[2026-04-03T02:24:50.572+0600][53.075s][info][gc,start    ] GC(55) Concurrent update thread roots
[2026-04-03T02:24:50.574+0600][53.077s][info][gc          ] GC(55) Concurrent update thread roots 1.881ms
[2026-04-03T02:24:50.574+0600][53.078s][info][gc,start    ] GC(55) Pause Final Update Refs
[2026-04-03T02:24:50.574+0600][53.078s][info][gc,task     ] GC(55) Using 6 of 6 workers for final reference update
[2026-04-03T02:24:50.574+0600][53.078s][info][gc          ] GC(55) Pause Final Update Refs 0.239ms
[2026-04-03T02:24:50.575+0600][53.078s][info][gc,start    ] GC(55) Concurrent cleanup
[2026-04-03T02:24:50.576+0600][53.079s][info][gc          ] GC(55) Concurrent cleanup 312M->204M(818M) 0.970ms
[2026-04-03T02:24:50.576+0600][53.079s][info][gc,ergo     ] Free: 738M, Max: 256K regular, 258M humongous, Frag: 65% external, 0% internal; Reserve: 51200K, Max: 256K
[2026-04-03T02:24:50.576+0600][53.079s][info][gc,stats    ] 
[2026-04-03T02:24:50.576+0600][53.079s][info][gc,stats    ] All times are wall-clock times, except per-root-class counters, that are sum over
[2026-04-03T02:24:50.576+0600][53.079s][info][gc,stats    ] all workers. Dividing the <total> over the root stage time estimates parallelism.
[2026-04-03T02:24:50.576+0600][53.079s][info][gc,stats    ] 
[2026-04-03T02:24:50.576+0600][53.079s][info][gc,stats    ] Concurrent Reset                   1917 us
[2026-04-03T02:24:50.576+0600][53.079s][info][gc,stats    ] Pause Init Mark (G)                 527 us
[2026-04-03T02:24:50.576+0600][53.079s][info][gc,stats    ] Pause Init Mark (N)                 258 us
[2026-04-03T02:24:50.576+0600][53.079s][info][gc,stats    ]   Update Region States               78 us
[2026-04-03T02:24:50.576+0600][53.079s][info][gc,stats    ] Concurrent Mark Roots              1972 us, parallelism: 2.01x
[2026-04-03T02:24:50.576+0600][53.079s][info][gc,stats    ]   CMR: <total>                     3963 us
[2026-04-03T02:24:50.576+0600][53.079s][info][gc,stats    ]   CMR: Thread Roots                3403 us, workers (us): 824, 1293, 1286, ---, ---, ---, 
[2026-04-03T02:24:50.576+0600][53.079s][info][gc,stats    ]   CMR: VM Strong Roots               74 us, workers (us):  41,  32,   1, ---, ---, ---, 
[2026-04-03T02:24:50.576+0600][53.079s][info][gc,stats    ]   CMR: CLDG Roots                   486 us, workers (us): 486, ---, ---, ---, ---, ---, 
[2026-04-03T02:24:50.576+0600][53.079s][info][gc,stats    ] Concurrent Marking                64419 us
[2026-04-03T02:24:50.576+0600][53.079s][info][gc,stats    ] Pause Final Mark (G)                739 us
[2026-04-03T02:24:50.576+0600][53.079s][info][gc,stats    ] Pause Final Mark (N)                665 us
[2026-04-03T02:24:50.576+0600][53.079s][info][gc,stats    ]   Finish Mark                       178 us
[2026-04-03T02:24:50.576+0600][53.079s][info][gc,stats    ]   Update Region States               54 us
[2026-04-03T02:24:50.576+0600][53.079s][info][gc,stats    ]   Choose Collection Set             265 us
[2026-04-03T02:24:50.576+0600][53.079s][info][gc,stats    ]   Rebuild Free Set                   50 us
[2026-04-03T02:24:50.576+0600][53.079s][info][gc,stats    ] Concurrent Thread Roots             984 us, parallelism: 2.21x
[2026-04-03T02:24:50.576+0600][53.079s][info][gc,stats    ]   CTR: <total>                     2174 us
[2026-04-03T02:24:50.576+0600][53.079s][info][gc,stats    ]   CTR: Thread Roots                2174 us, workers (us): 758, 765, 650, ---, ---, ---, 
[2026-04-03T02:24:50.576+0600][53.079s][info][gc,stats    ] Concurrent Weak References          730 us, parallelism: 1.09x
[2026-04-03T02:24:50.576+0600][53.079s][info][gc,stats    ]   CWRF: <total>                     798 us
[2026-04-03T02:24:50.576+0600][53.079s][info][gc,stats    ]   CWRF: Weak References             798 us, workers (us): 479,  72, 247, ---, ---, ---, 
[2026-04-03T02:24:50.576+0600][53.079s][info][gc,stats    ] Concurrent Weak Roots              8593 us
[2026-04-03T02:24:50.576+0600][53.079s][info][gc,stats    ]   Roots                            6212 us, parallelism: 2.77x
[2026-04-03T02:24:50.576+0600][53.080s][info][gc,stats    ]     CWR: <total>                  17208 us
[2026-04-03T02:24:50.576+0600][53.080s][info][gc,stats    ]     CWR: Code Cache Roots          8491 us, workers (us): 4213, 4278,   0, ---, ---, ---, 
[2026-04-03T02:24:50.576+0600][53.080s][info][gc,stats    ]     CWR: VM Weak Roots             8552 us, workers (us): 1366, 1353, 5833, ---, ---, ---, 
[2026-04-03T02:24:50.576+0600][53.080s][info][gc,stats    ]     CWR: CLDG Roots                 165 us, workers (us): 165, ---, ---, ---, ---, ---, 
[2026-04-03T02:24:50.576+0600][53.080s][info][gc,stats    ]   Rendezvous                       2251 us
[2026-04-03T02:24:50.576+0600][53.080s][info][gc,stats    ] Concurrent Cleanup                 1360 us
[2026-04-03T02:24:50.576+0600][53.080s][info][gc,stats    ] Concurrent Class Unloading        52317 us
[2026-04-03T02:24:50.576+0600][53.080s][info][gc,stats    ]   Unlink Stale                    47182 us
[2026-04-03T02:24:50.576+0600][53.080s][info][gc,stats    ]     System Dictionary               534 us
[2026-04-03T02:24:50.576+0600][53.080s][info][gc,stats    ]     Weak Class Links              21712 us
[2026-04-03T02:24:50.576+0600][53.080s][info][gc,stats    ]     Code Roots                    24930 us
[2026-04-03T02:24:50.576+0600][53.080s][info][gc,stats    ]   Rendezvous                        528 us
[2026-04-03T02:24:50.576+0600][53.080s][info][gc,stats    ]   Purge Unlinked                   4473 us
[2026-04-03T02:24:50.576+0600][53.080s][info][gc,stats    ]     Code Roots                     4410 us
[2026-04-03T02:24:50.576+0600][53.080s][info][gc,stats    ]     CLDG                             60 us
[2026-04-03T02:24:50.576+0600][53.080s][info][gc,stats    ]     Exception Caches                  1 us
[2026-04-03T02:24:50.576+0600][53.080s][info][gc,stats    ] Concurrent Strong Roots            2173 us, parallelism: 0.69x
[2026-04-03T02:24:50.576+0600][53.080s][info][gc,stats    ]   CSR: <total>                     1497 us
[2026-04-03T02:24:50.576+0600][53.080s][info][gc,stats    ]   CSR: VM Strong Roots               85 us, workers (us):  32,  30,  22, ---, ---, ---, 
[2026-04-03T02:24:50.576+0600][53.080s][info][gc,stats    ]   CSR: CLDG Roots                  1413 us, workers (us): ---, ---, 1413, ---, ---, ---, 
[2026-04-03T02:24:50.576+0600][53.080s][info][gc,stats    ] Concurrent Evacuation              3548 us
[2026-04-03T02:24:50.577+0600][53.080s][info][gc,stats    ] Pause Init Update Refs (G)          451 us
[2026-04-03T02:24:50.577+0600][53.080s][info][gc,stats    ] Pause Init Update Refs (N)          160 us
[2026-04-03T02:24:50.577+0600][53.080s][info][gc,stats    ]   Manage GCLABs                      56 us
[2026-04-03T02:24:50.577+0600][53.080s][info][gc,stats    ] Concurrent Update Refs            41555 us
[2026-04-03T02:24:50.577+0600][53.080s][info][gc,stats    ] Concurrent Update Thread Roots     1909 us
[2026-04-03T02:24:50.577+0600][53.080s][info][gc,stats    ] Pause Final Update Refs (G)         530 us
[2026-04-03T02:24:50.577+0600][53.080s][info][gc,stats    ] Pause Final Update Refs (N)         270 us
[2026-04-03T02:24:50.577+0600][53.080s][info][gc,stats    ]   Update Region States               79 us
[2026-04-03T02:24:50.577+0600][53.080s][info][gc,stats    ]   Trash Collection Set               25 us
[2026-04-03T02:24:50.577+0600][53.080s][info][gc,stats    ]   Rebuild Free Set                   63 us
[2026-04-03T02:24:50.577+0600][53.080s][info][gc,stats    ] Concurrent Cleanup                 1008 us
[2026-04-03T02:24:50.577+0600][53.080s][info][gc,stats    ] Pacing                            61689 us
[2026-04-03T02:24:50.577+0600][53.080s][info][gc,stats    ] 
[2026-04-03T02:24:50.577+0600][53.080s][info][gc,stats    ] Allocation pacing accrued:
[2026-04-03T02:24:50.577+0600][53.080s][info][gc,stats    ]       8 of  1026 ms (  0.8%): Executor task launch worker for task 2.0 in stage 1617.0 (TID 3021)
[2026-04-03T02:24:50.577+0600][53.080s][info][gc,stats    ]       7 of  1026 ms (  0.7%): Executor task launch worker for task 0.0 in stage 1617.0 (TID 3019)
[2026-04-03T02:24:50.577+0600][53.080s][info][gc,stats    ]       8 of  1026 ms (  0.8%): Executor task launch worker for task 4.0 in stage 1617.0 (TID 3023)
[2026-04-03T02:24:50.577+0600][53.080s][info][gc,stats    ]       8 of  1026 ms (  0.7%): Executor task launch worker for task 7.0 in stage 1617.0 (TID 3026)
[2026-04-03T02:24:50.577+0600][53.080s][info][gc,stats    ]       8 of  1026 ms (  0.7%): Executor task launch worker for task 1.0 in stage 1617.0 (TID 3020)
[2026-04-03T02:24:50.577+0600][53.080s][info][gc,stats    ]       8 of  1026 ms (  0.8%): Executor task launch worker for task 6.0 in stage 1617.0 (TID 3025)
[2026-04-03T02:24:50.577+0600][53.080s][info][gc,stats    ]       8 of  1026 ms (  0.8%): Executor task launch worker for task 5.0 in stage 1617.0 (TID 3024)
[2026-04-03T02:24:50.577+0600][53.080s][info][gc,stats    ]       8 of  1026 ms (  0.8%): Executor task launch worker for task 3.0 in stage 1617.0 (TID 3022)
[2026-04-03T02:24:50.577+0600][53.080s][info][gc,stats    ]      62 of  1026 ms (  6.0%): <total>
[2026-04-03T02:24:50.577+0600][53.080s][info][gc,stats    ]       0 of  1026 ms (  0.0%): <average total>
[2026-04-03T02:24:50.577+0600][53.080s][info][gc,stats    ]       8 of  1026 ms (  0.8%): <average non-zero>
[2026-04-03T02:24:50.577+0600][53.080s][info][gc,stats    ] 
[2026-04-03T02:24:50.577+0600][53.080s][info][gc,metaspace] Metaspace: 130912K(132672K)->130924K(132672K) NonClass: 114463K(115520K)->114473K(115520K) Class: 16448K(17152K)->16451K(17152K)
[2026-04-03T02:24:50.577+0600][53.080s][info][gc,ergo     ] Pacer for Idle. Initial: 20480K, Alloc Tax Rate: 1.0x
[2026-04-03T02:24:51.215+0600][53.718s][info][gc          ] Trigger: Average GC time (208.27 ms) is above the time for average allocation rate (713 MB/s) to deplete free headroom (147M) (margin of error = 1.80)
[2026-04-03T02:24:51.215+0600][53.718s][info][gc,ergo     ] Free headroom: 197M (free) - 51200K (spike) - 0B (penalties) = 147M
[2026-04-03T02:24:51.215+0600][53.718s][info][gc,ergo     ] Free: 197M, Max: 256K regular, 134M humongous, Frag: 32% external, 1% internal; Reserve: 51200K, Max: 256K
[2026-04-03T02:24:51.215+0600][53.718s][info][gc,start    ] GC(56) Concurrent reset
[2026-04-03T02:24:51.215+0600][53.718s][info][gc,task     ] GC(56) Using 3 of 6 workers for concurrent reset
[2026-04-03T02:24:51.215+0600][53.718s][info][gc,ergo     ] GC(56) Pacer for Reset. Non-Taxable: 1000M
[2026-04-03T02:24:51.217+0600][53.721s][info][gc          ] GC(56) Concurrent reset 2.478ms
[2026-04-03T02:24:51.218+0600][53.721s][info][gc,start    ] GC(56) Pause Init Mark (unload classes)
[2026-04-03T02:24:51.218+0600][53.721s][info][gc,task     ] GC(56) Using 6 of 6 workers for init marking
[2026-04-03T02:24:51.218+0600][53.721s][info][gc,ergo     ] GC(56) Pacer for Mark. Expected Live: 92600K, Free: 192M, Non-Taxable: 19680K, Alloc Tax Rate: 0.6x
[2026-04-03T02:24:51.218+0600][53.721s][info][gc          ] GC(56) Pause Init Mark (unload classes) 0.233ms
[2026-04-03T02:24:51.218+0600][53.721s][info][gc,start    ] GC(56) Concurrent marking roots
[2026-04-03T02:24:51.218+0600][53.721s][info][gc,task     ] GC(56) Using 3 of 6 workers for concurrent marking roots
[2026-04-03T02:24:51.220+0600][53.723s][info][gc          ] GC(56) Concurrent marking roots 1.670ms
[2026-04-03T02:24:51.220+0600][53.723s][info][gc,start    ] GC(56) Concurrent marking (unload classes)
[2026-04-03T02:24:51.220+0600][53.723s][info][gc,task     ] GC(56) Using 3 of 6 workers for concurrent marking
[2026-04-03T02:24:51.284+0600][53.787s][info][gc          ] GC(56) Concurrent marking (unload classes) 64.083ms
[2026-04-03T02:24:51.284+0600][53.787s][info][gc,start    ] GC(56) Pause Final Mark (unload classes)
[2026-04-03T02:24:51.284+0600][53.787s][info][gc,task     ] GC(56) Using 6 of 6 workers for final marking
[2026-04-03T02:24:51.285+0600][53.788s][info][gc,ergo     ] GC(56) Adaptive CSet Selection. Target Free: 141M, Actual Free: 731M, Max CSet: 42666K, Min Garbage: 0B
[2026-04-03T02:24:51.285+0600][53.788s][info][gc,ergo     ] GC(56) Collectable Garbage: 617M (98%), Immediate: 525M (83%), CSet: 94973K (14%)
[2026-04-03T02:24:51.285+0600][53.788s][info][gc,ergo     ] GC(56) Pacer for Evacuation. Used CSet: 100040K, Free: 723M, Non-Taxable: 74079K, Alloc Tax Rate: 1.1x
[2026-04-03T02:24:51.285+0600][53.788s][info][gc          ] GC(56) Pause Final Mark (unload classes) 0.884ms
[2026-04-03T02:24:51.285+0600][53.788s][info][gc,start    ] GC(56) Concurrent thread roots
[2026-04-03T02:24:51.285+0600][53.788s][info][gc,task     ] GC(56) Using 3 of 6 workers for Concurrent thread roots
[2026-04-03T02:24:51.286+0600][53.790s][info][gc          ] GC(56) Concurrent thread roots 1.160ms
[2026-04-03T02:24:51.286+0600][53.790s][info][gc,start    ] GC(56) Concurrent weak references
[2026-04-03T02:24:51.286+0600][53.790s][info][gc,task     ] GC(56) Using 3 of 6 workers for concurrent weak references
[2026-04-03T02:24:51.287+0600][53.790s][info][gc,ref      ] GC(56) Encountered references: Soft: 3725, Weak: 16289, Final: 84, Phantom: 620
[2026-04-03T02:24:51.287+0600][53.791s][info][gc,ref      ] GC(56) Discovered  references: Soft: 0, Weak: 9309, Final: 0, Phantom: 596
[2026-04-03T02:24:51.287+0600][53.791s][info][gc,ref      ] GC(56) Enqueued    references: Soft: 0, Weak: 1623, Final: 0, Phantom: 0
[2026-04-03T02:24:51.287+0600][53.791s][info][gc          ] GC(56) Concurrent weak references 0.963ms
[2026-04-03T02:24:51.287+0600][53.791s][info][gc,start    ] GC(56) Concurrent weak roots
[2026-04-03T02:24:51.287+0600][53.791s][info][gc,task     ] GC(56) Using 3 of 6 workers for concurrent weak root
[2026-04-03T02:24:51.293+0600][53.796s][info][gc          ] GC(56) Concurrent weak roots 5.191ms
[2026-04-03T02:24:51.293+0600][53.796s][info][gc,start    ] GC(56) Concurrent cleanup
[2026-04-03T02:24:51.294+0600][53.797s][info][gc          ] GC(56) Concurrent cleanup 752M->227M(818M) 1.269ms
[2026-04-03T02:24:51.294+0600][53.797s][info][gc,ergo     ] GC(56) Free: 717M, Max: 256K regular, 134M humongous, Frag: 82% external, 0% internal; Reserve: 50836K, Max: 256K
[2026-04-03T02:24:51.294+0600][53.797s][info][gc,start    ] GC(56) Concurrent class unloading
[2026-04-03T02:24:51.294+0600][53.797s][info][gc,task     ] GC(56) Using 3 of 6 workers for concurrent class unloading
[2026-04-03T02:24:51.314+0600][53.818s][info][gc          ] GC(56) Concurrent class unloading 20.356ms
[2026-04-03T02:24:51.314+0600][53.818s][info][gc,start    ] GC(56) Concurrent strong roots
[2026-04-03T02:24:51.315+0600][53.818s][info][gc,task     ] GC(56) Using 3 of 6 workers for concurrent strong root
[2026-04-03T02:24:51.316+0600][53.819s][info][gc          ] GC(56) Concurrent strong roots 1.691ms
[2026-04-03T02:24:51.316+0600][53.820s][info][gc,start    ] GC(56) Concurrent evacuation
[2026-04-03T02:24:51.316+0600][53.820s][info][gc,task     ] GC(56) Using 3 of 6 workers for concurrent evacuation
[2026-04-03T02:24:51.322+0600][53.825s][info][gc          ] GC(56) Concurrent evacuation 5.230ms
[2026-04-03T02:24:51.322+0600][53.825s][info][gc,start    ] GC(56) Pause Init Update Refs
[2026-04-03T02:24:51.322+0600][53.825s][info][gc,ergo     ] GC(56) Pacer for Update Refs. Used: 249M, Free: 700M, Non-Taxable: 71732K, Alloc Tax Rate: 1.1x
[2026-04-03T02:24:51.322+0600][53.825s][info][gc          ] GC(56) Pause Init Update Refs 0.159ms
[2026-04-03T02:24:51.322+0600][53.825s][info][gc,start    ] GC(56) Concurrent update references
[2026-04-03T02:24:51.322+0600][53.826s][info][gc,task     ] GC(56) Using 3 of 6 workers for concurrent reference update
[2026-04-03T02:24:51.371+0600][53.875s][info][gc          ] GC(56) Concurrent update references 49.217ms
[2026-04-03T02:24:51.372+0600][53.875s][info][gc,start    ] GC(56) Concurrent update thread roots
[2026-04-03T02:24:51.373+0600][53.877s][info][gc          ] GC(56) Concurrent update thread roots 1.864ms
[2026-04-03T02:24:51.374+0600][53.877s][info][gc,start    ] GC(56) Pause Final Update Refs
[2026-04-03T02:24:51.374+0600][53.877s][info][gc,task     ] GC(56) Using 6 of 6 workers for final reference update
[2026-04-03T02:24:51.374+0600][53.877s][info][gc          ] GC(56) Pause Final Update Refs 0.260ms
[2026-04-03T02:24:51.374+0600][53.877s][info][gc,start    ] GC(56) Concurrent cleanup
[2026-04-03T02:24:51.375+0600][53.878s][info][gc          ] GC(56) Concurrent cleanup 288M->190M(821M) 0.881ms
[2026-04-03T02:24:51.375+0600][53.878s][info][gc,ergo     ] Free: 751M, Max: 256K regular, 258M humongous, Frag: 66% external, 0% internal; Reserve: 51200K, Max: 256K
[2026-04-03T02:24:51.375+0600][53.878s][info][gc,stats    ] 
[2026-04-03T02:24:51.375+0600][53.878s][info][gc,stats    ] All times are wall-clock times, except per-root-class counters, that are sum over
[2026-04-03T02:24:51.375+0600][53.878s][info][gc,stats    ] all workers. Dividing the <total> over the root stage time estimates parallelism.
[2026-04-03T02:24:51.375+0600][53.878s][info][gc,stats    ] 
[2026-04-03T02:24:51.375+0600][53.878s][info][gc,stats    ] Concurrent Reset                   2556 us
[2026-04-03T02:24:51.375+0600][53.878s][info][gc,stats    ] Pause Init Mark (G)                 637 us
[2026-04-03T02:24:51.375+0600][53.878s][info][gc,stats    ] Pause Init Mark (N)                 247 us
[2026-04-03T02:24:51.375+0600][53.878s][info][gc,stats    ]   Update Region States               69 us
[2026-04-03T02:24:51.375+0600][53.878s][info][gc,stats    ] Concurrent Mark Roots              1723 us, parallelism: 2.07x
[2026-04-03T02:24:51.375+0600][53.878s][info][gc,stats    ]   CMR: <total>                     3563 us
[2026-04-03T02:24:51.375+0600][53.878s][info][gc,stats    ]   CMR: Thread Roots                3032 us, workers (us): 702, 1163, 1166, ---, ---, ---, 
[2026-04-03T02:24:51.375+0600][53.878s][info][gc,stats    ]   CMR: VM Strong Roots               50 us, workers (us):  47,   2,   1, ---, ---, ---, 
[2026-04-03T02:24:51.375+0600][53.878s][info][gc,stats    ]   CMR: CLDG Roots                   481 us, workers (us): 481, ---, ---, ---, ---, ---, 
[2026-04-03T02:24:51.375+0600][53.878s][info][gc,stats    ] Concurrent Marking                64160 us
[2026-04-03T02:24:51.375+0600][53.878s][info][gc,stats    ] Pause Final Mark (G)               1246 us
[2026-04-03T02:24:51.375+0600][53.878s][info][gc,stats    ] Pause Final Mark (N)                900 us
[2026-04-03T02:24:51.375+0600][53.879s][info][gc,stats    ]   Finish Mark                       211 us
[2026-04-03T02:24:51.375+0600][53.879s][info][gc,stats    ]   Update Region States               87 us
[2026-04-03T02:24:51.375+0600][53.879s][info][gc,stats    ]   Choose Collection Set             369 us
[2026-04-03T02:24:51.375+0600][53.879s][info][gc,stats    ]   Rebuild Free Set                   47 us
[2026-04-03T02:24:51.375+0600][53.879s][info][gc,stats    ] Concurrent Thread Roots            1192 us, parallelism: 2.58x
[2026-04-03T02:24:51.375+0600][53.879s][info][gc,stats    ]   CTR: <total>                     3069 us
[2026-04-03T02:24:51.375+0600][53.879s][info][gc,stats    ]   CTR: Thread Roots                3069 us, workers (us): 1038, 1031, 1000, ---, ---, ---, 
[2026-04-03T02:24:51.375+0600][53.879s][info][gc,stats    ] Concurrent Weak References          979 us, parallelism: 1.11x
[2026-04-03T02:24:51.375+0600][53.879s][info][gc,stats    ]   CWRF: <total>                    1082 us
[2026-04-03T02:24:51.375+0600][53.879s][info][gc,stats    ]   CWRF: Weak References            1082 us, workers (us): 753, 304,  25, ---, ---, ---, 
[2026-04-03T02:24:51.375+0600][53.879s][info][gc,stats    ] Concurrent Weak Roots              5278 us
[2026-04-03T02:24:51.375+0600][53.879s][info][gc,stats    ]   Roots                            4752 us, parallelism: 2.73x
[2026-04-03T02:24:51.375+0600][53.879s][info][gc,stats    ]     CWR: <total>                  12994 us
[2026-04-03T02:24:51.375+0600][53.879s][info][gc,stats    ]     CWR: Code Cache Roots         10300 us, workers (us): 3459, 3247, 3594, ---, ---, ---, 
[2026-04-03T02:24:51.375+0600][53.879s][info][gc,stats    ]     CWR: VM Weak Roots             2502 us, workers (us): 846, 841, 816, ---, ---, ---, 
[2026-04-03T02:24:51.375+0600][53.879s][info][gc,stats    ]     CWR: CLDG Roots                 192 us, workers (us): ---, 192, ---, ---, ---, ---, 
[2026-04-03T02:24:51.375+0600][53.879s][info][gc,stats    ]   Rendezvous                        406 us
[2026-04-03T02:24:51.375+0600][53.879s][info][gc,stats    ] Concurrent Cleanup                 1315 us
[2026-04-03T02:24:51.375+0600][53.879s][info][gc,stats    ] Concurrent Class Unloading        20495 us
[2026-04-03T02:24:51.375+0600][53.879s][info][gc,stats    ]   Unlink Stale                    17305 us
[2026-04-03T02:24:51.376+0600][53.879s][info][gc,stats    ]     System Dictionary               292 us
[2026-04-03T02:24:51.376+0600][53.879s][info][gc,stats    ]     Weak Class Links                  0 us
[2026-04-03T02:24:51.376+0600][53.879s][info][gc,stats    ]     Code Roots                    17008 us
[2026-04-03T02:24:51.376+0600][53.879s][info][gc,stats    ]   Rendezvous                        526 us
[2026-04-03T02:24:51.376+0600][53.879s][info][gc,stats    ]   Purge Unlinked                   2482 us
[2026-04-03T02:24:51.376+0600][53.879s][info][gc,stats    ]     Code Roots                     2463 us
[2026-04-03T02:24:51.376+0600][53.879s][info][gc,stats    ]     CLDG                             18 us
[2026-04-03T02:24:51.376+0600][53.879s][info][gc,stats    ]     Exception Caches                  0 us
[2026-04-03T02:24:51.376+0600][53.879s][info][gc,stats    ] Concurrent Strong Roots            1766 us, parallelism: 0.69x
[2026-04-03T02:24:51.376+0600][53.879s][info][gc,stats    ]   CSR: <total>                     1227 us
[2026-04-03T02:24:51.376+0600][53.879s][info][gc,stats    ]   CSR: VM Strong Roots               77 us, workers (us):  56,  21,   0, ---, ---, ---, 
[2026-04-03T02:24:51.376+0600][53.879s][info][gc,stats    ]   CSR: CLDG Roots                  1150 us, workers (us): 1150, ---, ---, ---, ---, ---, 
[2026-04-03T02:24:51.376+0600][53.879s][info][gc,stats    ] Concurrent Evacuation              5355 us
[2026-04-03T02:24:51.376+0600][53.879s][info][gc,stats    ] Pause Init Update Refs (G)          546 us
[2026-04-03T02:24:51.376+0600][53.879s][info][gc,stats    ] Pause Init Update Refs (N)          172 us
[2026-04-03T02:24:51.376+0600][53.879s][info][gc,stats    ]   Manage GCLABs                      38 us
[2026-04-03T02:24:51.376+0600][53.879s][info][gc,stats    ] Concurrent Update Refs            49324 us
[2026-04-03T02:24:51.376+0600][53.879s][info][gc,stats    ] Concurrent Update Thread Roots     1894 us
[2026-04-03T02:24:51.376+0600][53.879s][info][gc,stats    ] Pause Final Update Refs (G)         512 us
[2026-04-03T02:24:51.376+0600][53.879s][info][gc,stats    ] Pause Final Update Refs (N)         293 us
[2026-04-03T02:24:51.376+0600][53.879s][info][gc,stats    ]   Update Region States               95 us
[2026-04-03T02:24:51.376+0600][53.879s][info][gc,stats    ]   Trash Collection Set               22 us
[2026-04-03T02:24:51.376+0600][53.879s][info][gc,stats    ]   Rebuild Free Set                   61 us
[2026-04-03T02:24:51.376+0600][53.879s][info][gc,stats    ] Concurrent Cleanup                  908 us
[2026-04-03T02:24:51.376+0600][53.879s][info][gc,stats    ] Pacing                           104085 us
[2026-04-03T02:24:51.376+0600][53.879s][info][gc,stats    ] 
[2026-04-03T02:24:51.376+0600][53.879s][info][gc,stats    ] Allocation pacing accrued:
[2026-04-03T02:24:51.376+0600][53.879s][info][gc,stats    ]       4 of   799 ms (  0.5%): Spark Context Cleaner
[2026-04-03T02:24:51.376+0600][53.879s][info][gc,stats    ]      16 of   799 ms (  2.0%): Executor task launch worker for task 5.0 in stage 1659.0 (TID 3120)
[2026-04-03T02:24:51.376+0600][53.879s][info][gc,stats    ]      11 of   799 ms (  1.4%): Executor task launch worker for task 1.0 in stage 1659.0 (TID 3116)
[2026-04-03T02:24:51.376+0600][53.879s][info][gc,stats    ]      17 of   799 ms (  2.1%): Executor task launch worker for task 6.0 in stage 1659.0 (TID 3121)
[2026-04-03T02:24:51.376+0600][53.879s][info][gc,stats    ]      11 of   799 ms (  1.4%): Executor task launch worker for task 7.0 in stage 1659.0 (TID 3122)
[2026-04-03T02:24:51.376+0600][53.879s][info][gc,stats    ]      11 of   799 ms (  1.4%): Executor task launch worker for task 4.0 in stage 1659.0 (TID 3119)
[2026-04-03T02:24:51.376+0600][53.879s][info][gc,stats    ]      16 of   799 ms (  2.0%): Executor task launch worker for task 2.0 in stage 1659.0 (TID 3117)
[2026-04-03T02:24:51.376+0600][53.879s][info][gc,stats    ]       6 of   799 ms (  0.8%): task-result-getter-0
[2026-04-03T02:24:51.376+0600][53.879s][info][gc,stats    ]       6 of   799 ms (  0.7%): task-result-getter-1
[2026-04-03T02:24:51.376+0600][53.879s][info][gc,stats    ]       6 of   799 ms (  0.7%): task-result-getter-2
[2026-04-03T02:24:51.376+0600][53.879s][info][gc,stats    ]     104 of   799 ms ( 13.0%): <total>
[2026-04-03T02:24:51.376+0600][53.879s][info][gc,stats    ]       0 of   799 ms (  0.0%): <average total>
[2026-04-03T02:24:51.376+0600][53.879s][info][gc,stats    ]      10 of   799 ms (  1.3%): <average non-zero>
[2026-04-03T02:24:51.376+0600][53.879s][info][gc,stats    ] 
[2026-04-03T02:24:51.376+0600][53.879s][info][gc,metaspace] Metaspace: 130994K(132672K)->130998K(132672K) NonClass: 114538K(115520K)->114542K(115520K) Class: 16456K(17152K)->16456K(17152K)
[2026-04-03T02:24:51.376+0600][53.879s][info][gc,ergo     ] Pacer for Idle. Initial: 20480K, Alloc Tax Rate: 1.0x
[2026-04-03T02:24:51.779+0600][54.282s][info][gc          ] Trigger: Average GC time (194.27 ms) is above the time for average allocation rate (1171 MB/s) to deplete free headroom (226M) (margin of error = 1.80)
[2026-04-03T02:24:51.779+0600][54.282s][info][gc,ergo     ] Free headroom: 276M (free) - 51200K (spike) - 0B (penalties) = 226M
[2026-04-03T02:24:51.779+0600][54.282s][info][gc,ergo     ] Free: 276M, Max: 256K regular, 134M humongous, Frag: 52% external, 0% internal; Reserve: 51200K, Max: 256K
[2026-04-03T02:24:51.779+0600][54.282s][info][gc,start    ] GC(57) Concurrent reset
[2026-04-03T02:24:51.779+0600][54.282s][info][gc,task     ] GC(57) Using 3 of 6 workers for concurrent reset
[2026-04-03T02:24:51.779+0600][54.282s][info][gc,ergo     ] GC(57) Pacer for Reset. Non-Taxable: 1000M
[2026-04-03T02:24:51.781+0600][54.285s][info][gc          ] GC(57) Concurrent reset 2.182ms
[2026-04-03T02:24:51.782+0600][54.285s][info][gc,start    ] GC(57) Pause Init Mark (unload classes)
[2026-04-03T02:24:51.782+0600][54.285s][info][gc,task     ] GC(57) Using 6 of 6 workers for init marking
[2026-04-03T02:24:51.782+0600][54.285s][info][gc,ergo     ] GC(57) Pacer for Mark. Expected Live: 90657K, Free: 276M, Non-Taxable: 28272K, Alloc Tax Rate: 0.4x
[2026-04-03T02:24:51.782+0600][54.285s][info][gc          ] GC(57) Pause Init Mark (unload classes) 0.176ms
[2026-04-03T02:24:51.782+0600][54.285s][info][gc,start    ] GC(57) Concurrent marking roots
[2026-04-03T02:24:51.782+0600][54.285s][info][gc,task     ] GC(57) Using 3 of 6 workers for concurrent marking roots
[2026-04-03T02:24:51.783+0600][54.286s][info][gc          ] GC(57) Concurrent marking roots 1.320ms
[2026-04-03T02:24:51.783+0600][54.286s][info][gc,start    ] GC(57) Concurrent marking (unload classes)
[2026-04-03T02:24:51.783+0600][54.286s][info][gc,task     ] GC(57) Using 3 of 6 workers for concurrent marking
[2026-04-03T02:24:51.850+0600][54.353s][info][gc          ] GC(57) Concurrent marking (unload classes) 66.364ms
[2026-04-03T02:24:51.850+0600][54.353s][info][gc,start    ] GC(57) Pause Final Mark (unload classes)
[2026-04-03T02:24:51.850+0600][54.353s][info][gc,task     ] GC(57) Using 6 of 6 workers for final marking
[2026-04-03T02:24:51.850+0600][54.354s][info][gc,ergo     ] GC(57) Adaptive CSet Selection. Target Free: 141M, Actual Free: 762M, Max CSet: 42666K, Min Garbage: 0B
[2026-04-03T02:24:51.851+0600][54.354s][info][gc,ergo     ] GC(57) Collectable Garbage: 542M (98%), Immediate: 481M (87%), CSet: 62241K (11%)
[2026-04-03T02:24:51.851+0600][54.354s][info][gc,ergo     ] GC(57) Pacer for Evacuation. Used CSet: 65799K, Free: 746M, Non-Taxable: 76476K, Alloc Tax Rate: 1.1x
[2026-04-03T02:24:51.851+0600][54.354s][info][gc          ] GC(57) Pause Final Mark (unload classes) 0.826ms
[2026-04-03T02:24:51.851+0600][54.354s][info][gc,start    ] GC(57) Concurrent thread roots
[2026-04-03T02:24:51.851+0600][54.354s][info][gc,task     ] GC(57) Using 3 of 6 workers for Concurrent thread roots
[2026-04-03T02:24:51.852+0600][54.355s][info][gc          ] GC(57) Concurrent thread roots 1.108ms
[2026-04-03T02:24:51.852+0600][54.355s][info][gc,start    ] GC(57) Concurrent weak references
[2026-04-03T02:24:51.852+0600][54.355s][info][gc,task     ] GC(57) Using 3 of 6 workers for concurrent weak references
[2026-04-03T02:24:51.853+0600][54.356s][info][gc,ref      ] GC(57) Encountered references: Soft: 3721, Weak: 15746, Final: 84, Phantom: 620
[2026-04-03T02:24:51.853+0600][54.356s][info][gc,ref      ] GC(57) Discovered  references: Soft: 0, Weak: 7852, Final: 0, Phantom: 513
[2026-04-03T02:24:51.853+0600][54.356s][info][gc,ref      ] GC(57) Enqueued    references: Soft: 0, Weak: 31, Final: 0, Phantom: 0
[2026-04-03T02:24:51.853+0600][54.356s][info][gc          ] GC(57) Concurrent weak references 0.888ms
[2026-04-03T02:24:51.853+0600][54.356s][info][gc,start    ] GC(57) Concurrent weak roots
[2026-04-03T02:24:51.853+0600][54.356s][info][gc,task     ] GC(57) Using 3 of 6 workers for concurrent weak root
[2026-04-03T02:24:51.857+0600][54.361s][info][gc          ] GC(57) Concurrent weak roots 4.476ms
[2026-04-03T02:24:51.857+0600][54.361s][info][gc,start    ] GC(57) Concurrent cleanup
[2026-04-03T02:24:51.859+0600][54.362s][info][gc          ] GC(57) Concurrent cleanup 680M->201M(821M) 1.055ms
[2026-04-03T02:24:51.859+0600][54.362s][info][gc,ergo     ] GC(57) Free: 743M, Max: 256K regular, 191M humongous, Frag: 75% external, 0% internal; Reserve: 50796K, Max: 256K
[2026-04-03T02:24:51.859+0600][54.362s][info][gc,start    ] GC(57) Concurrent class unloading
[2026-04-03T02:24:51.859+0600][54.362s][info][gc,task     ] GC(57) Using 3 of 6 workers for concurrent class unloading
[2026-04-03T02:24:51.885+0600][54.388s][info][gc          ] GC(57) Concurrent class unloading 26.146ms
[2026-04-03T02:24:51.885+0600][54.388s][info][gc,start    ] GC(57) Concurrent strong roots
[2026-04-03T02:24:51.885+0600][54.388s][info][gc,task     ] GC(57) Using 3 of 6 workers for concurrent strong root
[2026-04-03T02:24:51.887+0600][54.390s][info][gc          ] GC(57) Concurrent strong roots 1.958ms
[2026-04-03T02:24:51.887+0600][54.390s][info][gc,start    ] GC(57) Concurrent evacuation
[2026-04-03T02:24:51.887+0600][54.391s][info][gc,task     ] GC(57) Using 3 of 6 workers for concurrent evacuation
[2026-04-03T02:24:51.889+0600][54.393s][info][gc          ] GC(57) Concurrent evacuation 2.255ms
[2026-04-03T02:24:51.890+0600][54.393s][info][gc,start    ] GC(57) Pause Init Update Refs
[2026-04-03T02:24:51.890+0600][54.393s][info][gc,ergo     ] GC(57) Pacer for Update Refs. Used: 226M, Free: 723M, Non-Taxable: 74076K, Alloc Tax Rate: 1.1x
[2026-04-03T02:24:51.890+0600][54.393s][info][gc          ] GC(57) Pause Init Update Refs 0.188ms
[2026-04-03T02:24:51.890+0600][54.394s][info][gc,start    ] GC(57) Concurrent update references
[2026-04-03T02:24:51.890+0600][54.394s][info][gc,task     ] GC(57) Using 3 of 6 workers for concurrent reference update
[2026-04-03T02:24:51.936+0600][54.439s][info][gc          ] GC(57) Concurrent update references 45.512ms
[2026-04-03T02:24:51.936+0600][54.439s][info][gc,start    ] GC(57) Concurrent update thread roots
[2026-04-03T02:24:51.938+0600][54.441s][info][gc          ] GC(57) Concurrent update thread roots 1.880ms
[2026-04-03T02:24:51.938+0600][54.441s][info][gc,start    ] GC(57) Pause Final Update Refs
[2026-04-03T02:24:51.938+0600][54.441s][info][gc,task     ] GC(57) Using 6 of 6 workers for final reference update
[2026-04-03T02:24:51.938+0600][54.441s][info][gc          ] GC(57) Pause Final Update Refs 0.244ms
[2026-04-03T02:24:51.938+0600][54.442s][info][gc,start    ] GC(57) Concurrent cleanup
[2026-04-03T02:24:51.939+0600][54.443s][info][gc          ] GC(57) Concurrent cleanup 260M->196M(821M) 0.935ms
[2026-04-03T02:24:51.939+0600][54.443s][info][gc,ergo     ] Free: 746M, Max: 256K regular, 272M humongous, Frag: 64% external, 0% internal; Reserve: 51200K, Max: 256K
[2026-04-03T02:24:51.939+0600][54.443s][info][gc,stats    ] 
[2026-04-03T02:24:51.939+0600][54.443s][info][gc,stats    ] All times are wall-clock times, except per-root-class counters, that are sum over
[2026-04-03T02:24:51.940+0600][54.443s][info][gc,stats    ] all workers. Dividing the <total> over the root stage time estimates parallelism.
[2026-04-03T02:24:51.940+0600][54.443s][info][gc,stats    ] 
[2026-04-03T02:24:51.940+0600][54.443s][info][gc,stats    ] Concurrent Reset                   2247 us
[2026-04-03T02:24:51.940+0600][54.443s][info][gc,stats    ] Pause Init Mark (G)                 486 us
[2026-04-03T02:24:51.940+0600][54.443s][info][gc,stats    ] Pause Init Mark (N)                 185 us
[2026-04-03T02:24:51.940+0600][54.443s][info][gc,stats    ]   Update Region States               39 us
[2026-04-03T02:24:51.940+0600][54.443s][info][gc,stats    ] Concurrent Mark Roots              1344 us, parallelism: 2.04x
[2026-04-03T02:24:51.940+0600][54.443s][info][gc,stats    ]   CMR: <total>                     2738 us
[2026-04-03T02:24:51.940+0600][54.443s][info][gc,stats    ]   CMR: Thread Roots                2464 us, workers (us): 663, 905, 896, ---, ---, ---, 
[2026-04-03T02:24:51.940+0600][54.443s][info][gc,stats    ]   CMR: VM Strong Roots               46 us, workers (us):  44,   2,   1, ---, ---, ---, 
[2026-04-03T02:24:51.940+0600][54.443s][info][gc,stats    ]   CMR: CLDG Roots                   228 us, workers (us): 228, ---, ---, ---, ---, ---, 
[2026-04-03T02:24:51.940+0600][54.443s][info][gc,stats    ] Concurrent Marking                66439 us
[2026-04-03T02:24:51.940+0600][54.443s][info][gc,stats    ] Pause Final Mark (G)               1196 us
[2026-04-03T02:24:51.940+0600][54.443s][info][gc,stats    ] Pause Final Mark (N)                841 us
[2026-04-03T02:24:51.940+0600][54.443s][info][gc,stats    ]   Finish Mark                       314 us
[2026-04-03T02:24:51.940+0600][54.443s][info][gc,stats    ]   Update Region States               53 us
[2026-04-03T02:24:51.940+0600][54.443s][info][gc,stats    ]   Choose Collection Set             270 us
[2026-04-03T02:24:51.940+0600][54.443s][info][gc,stats    ]   Rebuild Free Set                   51 us
[2026-04-03T02:24:51.940+0600][54.443s][info][gc,stats    ] Concurrent Thread Roots            1157 us, parallelism: 2.18x
[2026-04-03T02:24:51.940+0600][54.443s][info][gc,stats    ]   CTR: <total>                     2523 us
[2026-04-03T02:24:51.940+0600][54.443s][info][gc,stats    ]   CTR: Thread Roots                2523 us, workers (us): 861, 855, 807, ---, ---, ---, 
[2026-04-03T02:24:51.940+0600][54.443s][info][gc,stats    ] Concurrent Weak References          898 us, parallelism: 1.20x
[2026-04-03T02:24:51.940+0600][54.443s][info][gc,stats    ]   CWRF: <total>                    1080 us
[2026-04-03T02:24:51.940+0600][54.443s][info][gc,stats    ]   CWRF: Weak References            1080 us, workers (us): 254, 246, 580, ---, ---, ---, 
[2026-04-03T02:24:51.940+0600][54.443s][info][gc,stats    ] Concurrent Weak Roots              4578 us
[2026-04-03T02:24:51.940+0600][54.443s][info][gc,stats    ]   Roots                            4155 us, parallelism: 2.67x
[2026-04-03T02:24:51.940+0600][54.443s][info][gc,stats    ]     CWR: <total>                  11099 us
[2026-04-03T02:24:51.940+0600][54.443s][info][gc,stats    ]     CWR: Code Cache Roots          8845 us, workers (us): 2968, 2885, 2992, ---, ---, ---, 
[2026-04-03T02:24:51.940+0600][54.443s][info][gc,stats    ]     CWR: VM Weak Roots             2096 us, workers (us): 767, 664, 665, ---, ---, ---, 
[2026-04-03T02:24:51.940+0600][54.443s][info][gc,stats    ]     CWR: CLDG Roots                 157 us, workers (us): ---, 157, ---, ---, ---, ---, 
[2026-04-03T02:24:51.940+0600][54.443s][info][gc,stats    ]   Rendezvous                        278 us
[2026-04-03T02:24:51.940+0600][54.443s][info][gc,stats    ] Concurrent Cleanup                 1134 us
[2026-04-03T02:24:51.940+0600][54.443s][info][gc,stats    ] Concurrent Class Unloading        26273 us
[2026-04-03T02:24:51.940+0600][54.443s][info][gc,stats    ]   Unlink Stale                    21158 us
[2026-04-03T02:24:51.940+0600][54.443s][info][gc,stats    ]     System Dictionary               272 us
[2026-04-03T02:24:51.940+0600][54.443s][info][gc,stats    ]     Weak Class Links                  0 us
[2026-04-03T02:24:51.940+0600][54.443s][info][gc,stats    ]     Code Roots                    20881 us
[2026-04-03T02:24:51.940+0600][54.443s][info][gc,stats    ]   Rendezvous                        481 us
[2026-04-03T02:24:51.940+0600][54.443s][info][gc,stats    ]   Purge Unlinked                   4450 us
[2026-04-03T02:24:51.940+0600][54.443s][info][gc,stats    ]     Code Roots                     4408 us
[2026-04-03T02:24:51.940+0600][54.443s][info][gc,stats    ]     CLDG                             39 us
[2026-04-03T02:24:51.940+0600][54.443s][info][gc,stats    ]     Exception Caches                  0 us
[2026-04-03T02:24:51.940+0600][54.443s][info][gc,stats    ] Concurrent Strong Roots            2186 us, parallelism: 0.68x
[2026-04-03T02:24:51.940+0600][54.443s][info][gc,stats    ]   CSR: <total>                     1494 us
[2026-04-03T02:24:51.940+0600][54.443s][info][gc,stats    ]   CSR: VM Strong Roots              102 us, workers (us):  50,  40,  12, ---, ---, ---, 
[2026-04-03T02:24:51.940+0600][54.443s][info][gc,stats    ]   CSR: CLDG Roots                  1392 us, workers (us): ---, 1392, ---, ---, ---, ---, 
[2026-04-03T02:24:51.940+0600][54.443s][info][gc,stats    ] Concurrent Evacuation              2325 us
[2026-04-03T02:24:51.940+0600][54.443s][info][gc,stats    ] Pause Init Update Refs (G)          731 us
[2026-04-03T02:24:51.940+0600][54.444s][info][gc,stats    ] Pause Init Update Refs (N)          202 us
[2026-04-03T02:24:51.940+0600][54.444s][info][gc,stats    ]   Manage GCLABs                      40 us
[2026-04-03T02:24:51.940+0600][54.444s][info][gc,stats    ] Concurrent Update Refs            45615 us
[2026-04-03T02:24:51.940+0600][54.444s][info][gc,stats    ] Concurrent Update Thread Roots     1953 us
[2026-04-03T02:24:51.940+0600][54.444s][info][gc,stats    ] Pause Final Update Refs (G)         532 us
[2026-04-03T02:24:51.940+0600][54.444s][info][gc,stats    ] Pause Final Update Refs (N)         265 us
[2026-04-03T02:24:51.940+0600][54.444s][info][gc,stats    ]   Update Region States               77 us
[2026-04-03T02:24:51.940+0600][54.444s][info][gc,stats    ]   Trash Collection Set               20 us
[2026-04-03T02:24:51.940+0600][54.444s][info][gc,stats    ]   Rebuild Free Set                   58 us
[2026-04-03T02:24:51.940+0600][54.444s][info][gc,stats    ] Concurrent Cleanup                  986 us
[2026-04-03T02:24:51.940+0600][54.444s][info][gc,stats    ] 
[2026-04-03T02:24:51.940+0600][54.444s][info][gc,stats    ] Allocation pacing accrued:
[2026-04-03T02:24:51.940+0600][54.444s][info][gc,stats    ]       0 of   564 ms (  0.0%): <total>
[2026-04-03T02:24:51.940+0600][54.444s][info][gc,stats    ]       0 of   564 ms (  0.0%): <average total>
[2026-04-03T02:24:51.940+0600][54.444s][info][gc,stats    ] 
[2026-04-03T02:24:51.940+0600][54.444s][info][gc,metaspace] Metaspace: 131021K(132672K)->131023K(132672K) NonClass: 114563K(115520K)->114565K(115520K) Class: 16457K(17152K)->16457K(17152K)
[2026-04-03T02:24:51.940+0600][54.444s][info][gc,ergo     ] Pacer for Idle. Initial: 20480K, Alloc Tax Rate: 1.0x
[2026-04-03T02:24:52.444+0600][54.947s][info][gc          ] Trigger: Average GC time (184.41 ms) is above the time for average allocation rate (1139 MB/s) to deplete free headroom (190M) (margin of error = 1.80)
[2026-04-03T02:24:52.444+0600][54.947s][info][gc,ergo     ] Free headroom: 240M (free) - 51200K (spike) - 0B (penalties) = 190M
[2026-04-03T02:24:52.444+0600][54.947s][info][gc,ergo     ] Free: 240M, Max: 256K regular, 240M humongous, Frag: 0% external, 0% internal; Reserve: 51200K, Max: 256K
[2026-04-03T02:24:52.444+0600][54.947s][info][gc,start    ] GC(58) Concurrent reset
[2026-04-03T02:24:52.444+0600][54.947s][info][gc,task     ] GC(58) Using 3 of 6 workers for concurrent reset
[2026-04-03T02:24:52.444+0600][54.947s][info][gc,ergo     ] GC(58) Pacer for Reset. Non-Taxable: 1000M
[2026-04-03T02:24:52.445+0600][54.948s][info][gc          ] GC(58) Concurrent reset 1.467ms
[2026-04-03T02:24:52.445+0600][54.949s][info][gc,start    ] GC(58) Pause Init Mark (unload classes)
[2026-04-03T02:24:52.445+0600][54.949s][info][gc,task     ] GC(58) Using 6 of 6 workers for init marking
[2026-04-03T02:24:52.446+0600][54.949s][info][gc,ergo     ] GC(58) Pacer for Mark. Expected Live: 91315K, Free: 239M, Non-Taxable: 24520K, Alloc Tax Rate: 0.5x
[2026-04-03T02:24:52.446+0600][54.949s][info][gc          ] GC(58) Pause Init Mark (unload classes) 0.191ms
[2026-04-03T02:24:52.446+0600][54.949s][info][gc,start    ] GC(58) Concurrent marking roots
[2026-04-03T02:24:52.446+0600][54.949s][info][gc,task     ] GC(58) Using 3 of 6 workers for concurrent marking roots
[2026-04-03T02:24:52.447+0600][54.950s][info][gc          ] GC(58) Concurrent marking roots 1.465ms
[2026-04-03T02:24:52.447+0600][54.950s][info][gc,start    ] GC(58) Concurrent marking (unload classes)
[2026-04-03T02:24:52.447+0600][54.950s][info][gc,task     ] GC(58) Using 3 of 6 workers for concurrent marking
[2026-04-03T02:24:52.501+0600][55.005s][info][gc          ] GC(58) Concurrent marking (unload classes) 54.083ms
[2026-04-03T02:24:52.502+0600][55.005s][info][gc,start    ] GC(58) Pause Final Mark (unload classes)
[2026-04-03T02:24:52.502+0600][55.005s][info][gc,task     ] GC(58) Using 6 of 6 workers for final marking
[2026-04-03T02:24:52.502+0600][55.005s][info][gc,ergo     ] GC(58) Adaptive CSet Selection. Target Free: 141M, Actual Free: 748M, Max CSet: 42666K, Min Garbage: 0B
[2026-04-03T02:24:52.502+0600][55.006s][info][gc,ergo     ] GC(58) Collectable Garbage: 584M (98%), Immediate: 479M (80%), CSet: 105M (17%)
[2026-04-03T02:24:52.502+0600][55.006s][info][gc,ergo     ] GC(58) Pacer for Evacuation. Used CSet: 110M, Free: 726M, Non-Taxable: 74428K, Alloc Tax Rate: 1.1x
[2026-04-03T02:24:52.502+0600][55.006s][info][gc          ] GC(58) Pause Final Mark (unload classes) 0.797ms
[2026-04-03T02:24:52.502+0600][55.006s][info][gc,start    ] GC(58) Concurrent thread roots
[2026-04-03T02:24:52.503+0600][55.006s][info][gc,task     ] GC(58) Using 3 of 6 workers for Concurrent thread roots
[2026-04-03T02:24:52.504+0600][55.007s][info][gc          ] GC(58) Concurrent thread roots 1.168ms
[2026-04-03T02:24:52.504+0600][55.007s][info][gc,start    ] GC(58) Concurrent weak references
[2026-04-03T02:24:52.504+0600][55.007s][info][gc,task     ] GC(58) Using 3 of 6 workers for concurrent weak references
[2026-04-03T02:24:52.504+0600][55.008s][info][gc,ref      ] GC(58) Encountered references: Soft: 3782, Weak: 16689, Final: 84, Phantom: 620
[2026-04-03T02:24:52.504+0600][55.008s][info][gc,ref      ] GC(58) Discovered  references: Soft: 0, Weak: 7962, Final: 0, Phantom: 615
[2026-04-03T02:24:52.504+0600][55.008s][info][gc,ref      ] GC(58) Enqueued    references: Soft: 0, Weak: 2140, Final: 0, Phantom: 0
[2026-04-03T02:24:52.504+0600][55.008s][info][gc          ] GC(58) Concurrent weak references 0.690ms
[2026-04-03T02:24:52.504+0600][55.008s][info][gc,start    ] GC(58) Concurrent weak roots
[2026-04-03T02:24:52.504+0600][55.008s][info][gc,task     ] GC(58) Using 3 of 6 workers for concurrent weak root
[2026-04-03T02:24:52.511+0600][55.014s][info][gc          ] GC(58) Concurrent weak roots 6.641ms
[2026-04-03T02:24:52.511+0600][55.014s][info][gc,start    ] GC(58) Concurrent cleanup
[2026-04-03T02:24:52.513+0600][55.016s][info][gc          ] GC(58) Concurrent cleanup 699M->220M(821M) 1.372ms
[2026-04-03T02:24:52.513+0600][55.016s][info][gc,ergo     ] GC(58) Free: 725M, Max: 256K regular, 219M humongous, Frag: 70% external, 0% internal; Reserve: 50721K, Max: 256K
[2026-04-03T02:24:52.513+0600][55.016s][info][gc,start    ] GC(58) Concurrent class unloading
[2026-04-03T02:24:52.513+0600][55.016s][info][gc,task     ] GC(58) Using 3 of 6 workers for concurrent class unloading
[2026-04-03T02:24:52.534+0600][55.037s][info][gc          ] GC(58) Concurrent class unloading 20.839ms
[2026-04-03T02:24:52.534+0600][55.037s][info][gc,start    ] GC(58) Concurrent strong roots
[2026-04-03T02:24:52.534+0600][55.037s][info][gc,task     ] GC(58) Using 3 of 6 workers for concurrent strong root
[2026-04-03T02:24:52.536+0600][55.039s][info][gc          ] GC(58) Concurrent strong roots 2.058ms
[2026-04-03T02:24:52.536+0600][55.039s][info][gc,start    ] GC(58) Concurrent evacuation
[2026-04-03T02:24:52.536+0600][55.039s][info][gc,task     ] GC(58) Using 3 of 6 workers for concurrent evacuation
[2026-04-03T02:24:52.540+0600][55.043s][info][gc          ] GC(58) Concurrent evacuation 4.289ms
[2026-04-03T02:24:52.540+0600][55.044s][info][gc,start    ] GC(58) Pause Init Update Refs
[2026-04-03T02:24:52.541+0600][55.044s][info][gc,ergo     ] GC(58) Pacer for Update Refs. Used: 231M, Free: 719M, Non-Taxable: 73647K, Alloc Tax Rate: 1.1x
[2026-04-03T02:24:52.541+0600][55.044s][info][gc          ] GC(58) Pause Init Update Refs 0.181ms
[2026-04-03T02:24:52.541+0600][55.044s][info][gc,start    ] GC(58) Concurrent update references
[2026-04-03T02:24:52.541+0600][55.044s][info][gc,task     ] GC(58) Using 3 of 6 workers for concurrent reference update
[2026-04-03T02:24:52.582+0600][55.086s][info][gc          ] GC(58) Concurrent update references 41.628ms
[2026-04-03T02:24:52.582+0600][55.086s][info][gc,start    ] GC(58) Concurrent update thread roots
[2026-04-03T02:24:52.584+0600][55.087s][info][gc          ] GC(58) Concurrent update thread roots 1.185ms
[2026-04-03T02:24:52.584+0600][55.087s][info][gc,start    ] GC(58) Pause Final Update Refs
[2026-04-03T02:24:52.584+0600][55.087s][info][gc,task     ] GC(58) Using 6 of 6 workers for final reference update
[2026-04-03T02:24:52.584+0600][55.088s][info][gc          ] GC(58) Pause Final Update Refs 0.247ms
[2026-04-03T02:24:52.584+0600][55.088s][info][gc,start    ] GC(58) Concurrent cleanup
[2026-04-03T02:24:52.585+0600][55.088s][info][gc          ] GC(58) Concurrent cleanup 246M->136M(821M) 0.369ms
[2026-04-03T02:24:52.585+0600][55.088s][info][gc,ergo     ] Free: 809M, Max: 256K regular, 258M humongous, Frag: 68% external, 1% internal; Reserve: 51200K, Max: 256K
[2026-04-03T02:24:52.585+0600][55.088s][info][gc,stats    ] 
[2026-04-03T02:24:52.585+0600][55.088s][info][gc,stats    ] All times are wall-clock times, except per-root-class counters, that are sum over
[2026-04-03T02:24:52.585+0600][55.088s][info][gc,stats    ] all workers. Dividing the <total> over the root stage time estimates parallelism.
[2026-04-03T02:24:52.585+0600][55.088s][info][gc,stats    ] 
[2026-04-03T02:24:52.585+0600][55.088s][info][gc,stats    ] Concurrent Reset                   1514 us
[2026-04-03T02:24:52.585+0600][55.088s][info][gc,stats    ] Pause Init Mark (G)                 480 us
[2026-04-03T02:24:52.585+0600][55.088s][info][gc,stats    ] Pause Init Mark (N)                 203 us
[2026-04-03T02:24:52.585+0600][55.088s][info][gc,stats    ]   Update Region States               58 us
[2026-04-03T02:24:52.585+0600][55.088s][info][gc,stats    ] Concurrent Mark Roots              1504 us, parallelism: 2.00x
[2026-04-03T02:24:52.585+0600][55.088s][info][gc,stats    ]   CMR: <total>                     3010 us
[2026-04-03T02:24:52.585+0600][55.088s][info][gc,stats    ]   CMR: Thread Roots                2550 us, workers (us): 590, 975, 986, ---, ---, ---, 
[2026-04-03T02:24:52.585+0600][55.088s][info][gc,stats    ]   CMR: VM Strong Roots               51 us, workers (us):  49,   1,   1, ---, ---, ---, 
[2026-04-03T02:24:52.585+0600][55.088s][info][gc,stats    ]   CMR: CLDG Roots                   408 us, workers (us): 408, ---, ---, ---, ---, ---, 
[2026-04-03T02:24:52.585+0600][55.088s][info][gc,stats    ] Concurrent Marking                54210 us
[2026-04-03T02:24:52.585+0600][55.088s][info][gc,stats    ] Pause Final Mark (G)               1047 us
[2026-04-03T02:24:52.585+0600][55.088s][info][gc,stats    ] Pause Final Mark (N)                810 us
[2026-04-03T02:24:52.585+0600][55.088s][info][gc,stats    ]   Finish Mark                       208 us
[2026-04-03T02:24:52.585+0600][55.088s][info][gc,stats    ]   Update Region States               95 us
[2026-04-03T02:24:52.585+0600][55.088s][info][gc,stats    ]   Choose Collection Set             292 us
[2026-04-03T02:24:52.585+0600][55.088s][info][gc,stats    ]   Rebuild Free Set                   51 us
[2026-04-03T02:24:52.585+0600][55.088s][info][gc,stats    ] Concurrent Thread Roots            1218 us, parallelism: 2.37x
[2026-04-03T02:24:52.585+0600][55.088s][info][gc,stats    ]   CTR: <total>                     2884 us
[2026-04-03T02:24:52.585+0600][55.088s][info][gc,stats    ]   CTR: Thread Roots                2884 us, workers (us): 990, 943, 951, ---, ---, ---, 
[2026-04-03T02:24:52.585+0600][55.089s][info][gc,stats    ] Concurrent Weak References          709 us, parallelism: 1.42x
[2026-04-03T02:24:52.585+0600][55.089s][info][gc,stats    ]   CWRF: <total>                    1008 us
[2026-04-03T02:24:52.585+0600][55.089s][info][gc,stats    ]   CWRF: Weak References            1008 us, workers (us): 207, 426, 374, ---, ---, ---, 
[2026-04-03T02:24:52.585+0600][55.089s][info][gc,stats    ] Concurrent Weak Roots              6750 us
[2026-04-03T02:24:52.585+0600][55.089s][info][gc,stats    ]   Roots                            6141 us, parallelism: 2.72x
[2026-04-03T02:24:52.585+0600][55.089s][info][gc,stats    ]     CWR: <total>                  16701 us
[2026-04-03T02:24:52.585+0600][55.089s][info][gc,stats    ]     CWR: Code Cache Roots         13494 us, workers (us): 4631, 4169, 4694, ---, ---, ---, 
[2026-04-03T02:24:52.585+0600][55.089s][info][gc,stats    ]     CWR: VM Weak Roots             2999 us, workers (us): 1030, 988, 981, ---, ---, ---, 
[2026-04-03T02:24:52.585+0600][55.089s][info][gc,stats    ]     CWR: CLDG Roots                 208 us, workers (us): ---, 208, ---, ---, ---, ---, 
[2026-04-03T02:24:52.585+0600][55.089s][info][gc,stats    ]   Rendezvous                        464 us
[2026-04-03T02:24:52.585+0600][55.089s][info][gc,stats    ] Concurrent Cleanup                 1438 us
[2026-04-03T02:24:52.585+0600][55.089s][info][gc,stats    ] Concurrent Class Unloading        20933 us
[2026-04-03T02:24:52.585+0600][55.089s][info][gc,stats    ]   Unlink Stale                    18360 us
[2026-04-03T02:24:52.585+0600][55.089s][info][gc,stats    ]     System Dictionary               282 us
[2026-04-03T02:24:52.585+0600][55.089s][info][gc,stats    ]     Weak Class Links                  0 us
[2026-04-03T02:24:52.585+0600][55.089s][info][gc,stats    ]     Code Roots                    18073 us
[2026-04-03T02:24:52.585+0600][55.089s][info][gc,stats    ]   Rendezvous                        330 us
[2026-04-03T02:24:52.585+0600][55.089s][info][gc,stats    ]   Purge Unlinked                   2080 us
[2026-04-03T02:24:52.585+0600][55.089s][info][gc,stats    ]     Code Roots                     2065 us
[2026-04-03T02:24:52.585+0600][55.089s][info][gc,stats    ]     CLDG                             14 us
[2026-04-03T02:24:52.585+0600][55.089s][info][gc,stats    ]     Exception Caches                  1 us
[2026-04-03T02:24:52.585+0600][55.089s][info][gc,stats    ] Concurrent Strong Roots            2180 us, parallelism: 0.75x
[2026-04-03T02:24:52.585+0600][55.089s][info][gc,stats    ]   CSR: <total>                     1644 us
[2026-04-03T02:24:52.585+0600][55.089s][info][gc,stats    ]   CSR: VM Strong Roots               70 us, workers (us):  52,   9,   8, ---, ---, ---, 
[2026-04-03T02:24:52.585+0600][55.089s][info][gc,stats    ]   CSR: CLDG Roots                  1574 us, workers (us): 1574, ---, ---, ---, ---, ---, 
[2026-04-03T02:24:52.586+0600][55.089s][info][gc,stats    ] Concurrent Evacuation              4411 us
[2026-04-03T02:24:52.586+0600][55.089s][info][gc,stats    ] Pause Init Update Refs (G)          506 us
[2026-04-03T02:24:52.586+0600][55.089s][info][gc,stats    ] Pause Init Update Refs (N)          196 us
[2026-04-03T02:24:52.586+0600][55.089s][info][gc,stats    ]   Manage GCLABs                      59 us
[2026-04-03T02:24:52.586+0600][55.089s][info][gc,stats    ] Concurrent Update Refs            41774 us
[2026-04-03T02:24:52.586+0600][55.089s][info][gc,stats    ] Concurrent Update Thread Roots     1275 us
[2026-04-03T02:24:52.586+0600][55.089s][info][gc,stats    ] Pause Final Update Refs (G)         662 us
[2026-04-03T02:24:52.586+0600][55.089s][info][gc,stats    ] Pause Final Update Refs (N)         261 us
[2026-04-03T02:24:52.586+0600][55.089s][info][gc,stats    ]   Update Region States               71 us
[2026-04-03T02:24:52.586+0600][55.089s][info][gc,stats    ]   Trash Collection Set               20 us
[2026-04-03T02:24:52.586+0600][55.089s][info][gc,stats    ]   Rebuild Free Set                   56 us
[2026-04-03T02:24:52.586+0600][55.089s][info][gc,stats    ] Concurrent Cleanup                  398 us
[2026-04-03T02:24:52.586+0600][55.089s][info][gc,stats    ] 
[2026-04-03T02:24:52.586+0600][55.089s][info][gc,stats    ] Allocation pacing accrued:
[2026-04-03T02:24:52.586+0600][55.089s][info][gc,stats    ]       0 of   645 ms (  0.0%): <total>
[2026-04-03T02:24:52.586+0600][55.089s][info][gc,stats    ]       0 of   645 ms (  0.0%): <average total>
[2026-04-03T02:24:52.586+0600][55.089s][info][gc,stats    ] 
[2026-04-03T02:24:52.586+0600][55.089s][info][gc,metaspace] Metaspace: 131105K(132672K)->131122K(132672K) NonClass: 114637K(115520K)->114654K(115520K) Class: 16468K(17152K)->16468K(17152K)
[2026-04-03T02:24:52.586+0600][55.089s][info][gc,ergo     ] Pacer for Idle. Initial: 20480K, Alloc Tax Rate: 1.0x
[2026-04-03T02:24:52.688+0600][55.191s][info][gc          ] Trigger: Average GC time (174.68 ms) is above the time for average allocation rate (2321 MB/s) to deplete free headroom (369M) (margin of error = 1.79)
[2026-04-03T02:24:52.688+0600][55.191s][info][gc,ergo     ] Free headroom: 419M (free) - 51200K (spike) - 0B (penalties) = 369M
[2026-04-03T02:24:52.688+0600][55.191s][info][gc,ergo     ] Free: 419M, Max: 256K regular, 219M humongous, Frag: 48% external, 0% internal; Reserve: 51200K, Max: 256K
[2026-04-03T02:24:52.688+0600][55.191s][info][gc,start    ] GC(59) Concurrent reset
[2026-04-03T02:24:52.688+0600][55.191s][info][gc,task     ] GC(59) Using 3 of 6 workers for concurrent reset
[2026-04-03T02:24:52.688+0600][55.191s][info][gc,ergo     ] GC(59) Pacer for Reset. Non-Taxable: 1000M
[2026-04-03T02:24:52.689+0600][55.192s][info][gc          ] GC(59) Concurrent reset 1.269ms
[2026-04-03T02:24:52.689+0600][55.193s][info][gc,start    ] GC(59) Pause Init Mark (unload classes)
[2026-04-03T02:24:52.690+0600][55.193s][info][gc,task     ] GC(59) Using 6 of 6 workers for init marking
[2026-04-03T02:24:52.690+0600][55.193s][info][gc,ergo     ] GC(59) Pacer for Mark. Expected Live: 91652K, Free: 410M, Non-Taxable: 42051K, Alloc Tax Rate: 0.3x
[2026-04-03T02:24:52.690+0600][55.193s][info][gc          ] GC(59) Pause Init Mark (unload classes) 0.126ms
[2026-04-03T02:24:52.690+0600][55.193s][info][gc,start    ] GC(59) Concurrent marking roots
[2026-04-03T02:24:52.690+0600][55.193s][info][gc,task     ] GC(59) Using 3 of 6 workers for concurrent marking roots
[2026-04-03T02:24:52.691+0600][55.194s][info][gc          ] GC(59) Concurrent marking roots 1.265ms
[2026-04-03T02:24:52.691+0600][55.194s][info][gc,start    ] GC(59) Concurrent marking (unload classes)
[2026-04-03T02:24:52.691+0600][55.194s][info][gc,task     ] GC(59) Using 3 of 6 workers for concurrent marking
[2026-04-03T02:24:52.734+0600][55.238s][info][gc          ] GC(59) Concurrent marking (unload classes) 43.396ms
[2026-04-03T02:24:52.735+0600][55.238s][info][gc,start    ] GC(59) Pause Final Mark (unload classes)
[2026-04-03T02:24:52.735+0600][55.238s][info][gc,task     ] GC(59) Using 6 of 6 workers for final marking
[2026-04-03T02:24:52.735+0600][55.238s][info][gc,ergo     ] GC(59) Adaptive CSet Selection. Target Free: 141M, Actual Free: 754M, Max CSet: 42666K, Min Garbage: 0B
[2026-04-03T02:24:52.735+0600][55.239s][info][gc,ergo     ] GC(59) Collectable Garbage: 413M (98%), Immediate: 368M (87%), CSet: 46084K (10%)
[2026-04-03T02:24:52.735+0600][55.239s][info][gc,ergo     ] GC(59) Pacer for Evacuation. Used CSet: 50964K, Free: 731M, Non-Taxable: 74934K, Alloc Tax Rate: 1.1x
[2026-04-03T02:24:52.735+0600][55.239s][info][gc          ] GC(59) Pause Final Mark (unload classes) 0.755ms
[2026-04-03T02:24:52.736+0600][55.239s][info][gc,start    ] GC(59) Concurrent thread roots
[2026-04-03T02:24:52.736+0600][55.239s][info][gc,task     ] GC(59) Using 3 of 6 workers for Concurrent thread roots
[2026-04-03T02:24:52.737+0600][55.240s][info][gc          ] GC(59) Concurrent thread roots 1.063ms
[2026-04-03T02:24:52.737+0600][55.240s][info][gc,start    ] GC(59) Concurrent weak references
[2026-04-03T02:24:52.737+0600][55.240s][info][gc,task     ] GC(59) Using 3 of 6 workers for concurrent weak references
[2026-04-03T02:24:52.737+0600][55.240s][info][gc,ref      ] GC(59) Encountered references: Soft: 3786, Weak: 15038, Final: 84, Phantom: 621
[2026-04-03T02:24:52.737+0600][55.241s][info][gc,ref      ] GC(59) Discovered  references: Soft: 0, Weak: 4303, Final: 0, Phantom: 580
[2026-04-03T02:24:52.737+0600][55.241s][info][gc,ref      ] GC(59) Enqueued    references: Soft: 0, Weak: 404, Final: 0, Phantom: 0
[2026-04-03T02:24:52.737+0600][55.241s][info][gc          ] GC(59) Concurrent weak references 0.636ms
[2026-04-03T02:24:52.737+0600][55.241s][info][gc,start    ] GC(59) Concurrent weak roots
[2026-04-03T02:24:52.737+0600][55.241s][info][gc,task     ] GC(59) Using 3 of 6 workers for concurrent weak root
[2026-04-03T02:24:52.743+0600][55.246s][info][gc          ] GC(59) Concurrent weak roots 5.861ms
[2026-04-03T02:24:52.743+0600][55.247s][info][gc,start    ] GC(59) Concurrent cleanup
[2026-04-03T02:24:52.744+0600][55.247s][info][gc          ] GC(59) Concurrent cleanup 653M->284M(821M) 0.911ms
[2026-04-03T02:24:52.744+0600][55.247s][info][gc,ergo     ] GC(59) Free: 654M, Max: 256K regular, 219M humongous, Frag: 67% external, 0% internal; Reserve: 50617K, Max: 256K
[2026-04-03T02:24:52.744+0600][55.247s][info][gc,start    ] GC(59) Concurrent class unloading
[2026-04-03T02:24:52.744+0600][55.247s][info][gc,task     ] GC(59) Using 3 of 6 workers for concurrent class unloading
[2026-04-03T02:24:52.757+0600][55.260s][info][gc          ] GC(59) Concurrent class unloading 12.939ms
[2026-04-03T02:24:52.757+0600][55.261s][info][gc,start    ] GC(59) Concurrent strong roots
[2026-04-03T02:24:52.757+0600][55.261s][info][gc,task     ] GC(59) Using 3 of 6 workers for concurrent strong root
[2026-04-03T02:24:52.759+0600][55.262s][info][gc          ] GC(59) Concurrent strong roots 1.354ms
[2026-04-03T02:24:52.759+0600][55.262s][info][gc,start    ] GC(59) Concurrent evacuation
[2026-04-03T02:24:52.759+0600][55.262s][info][gc,task     ] GC(59) Using 3 of 6 workers for concurrent evacuation
[2026-04-03T02:24:52.761+0600][55.264s][info][gc          ] GC(59) Concurrent evacuation 2.006ms
[2026-04-03T02:24:52.761+0600][55.264s][info][gc,start    ] GC(59) Pause Init Update Refs
[2026-04-03T02:24:52.761+0600][55.264s][info][gc,ergo     ] GC(59) Pacer for Update Refs. Used: 298M, Free: 645M, Non-Taxable: 66073K, Alloc Tax Rate: 1.1x
[2026-04-03T02:24:52.761+0600][55.264s][info][gc          ] GC(59) Pause Init Update Refs 0.119ms
[2026-04-03T02:24:52.761+0600][55.264s][info][gc,start    ] GC(59) Concurrent update references
[2026-04-03T02:24:52.761+0600][55.264s][info][gc,task     ] GC(59) Using 3 of 6 workers for concurrent reference update
[2026-04-03T02:24:52.799+0600][55.302s][info][gc          ] GC(59) Concurrent update references 37.910ms
[2026-04-03T02:24:52.799+0600][55.302s][info][gc,start    ] GC(59) Concurrent update thread roots
[2026-04-03T02:24:52.801+0600][55.304s][info][gc          ] GC(59) Concurrent update thread roots 2.017ms
[2026-04-03T02:24:52.802+0600][55.305s][info][gc,start    ] GC(59) Pause Final Update Refs
[2026-04-03T02:24:52.802+0600][55.305s][info][gc,task     ] GC(59) Using 6 of 6 workers for final reference update
[2026-04-03T02:24:52.802+0600][55.305s][info][gc          ] GC(59) Pause Final Update Refs 0.276ms
[2026-04-03T02:24:52.802+0600][55.305s][info][gc,start    ] GC(59) Concurrent cleanup
[2026-04-03T02:24:52.803+0600][55.306s][info][gc          ] GC(59) Concurrent cleanup 428M->379M(821M) 0.890ms
[2026-04-03T02:24:52.803+0600][55.306s][info][gc,ergo     ] Free: 551M, Max: 256K regular, 282M humongous, Frag: 49% external, 0% internal; Reserve: 51200K, Max: 256K
[2026-04-03T02:24:52.803+0600][55.307s][info][gc,stats    ] 
[2026-04-03T02:24:52.803+0600][55.307s][info][gc,stats    ] All times are wall-clock times, except per-root-class counters, that are sum over
[2026-04-03T02:24:52.803+0600][55.307s][info][gc,stats    ] all workers. Dividing the <total> over the root stage time estimates parallelism.
[2026-04-03T02:24:52.803+0600][55.307s][info][gc,stats    ] 
[2026-04-03T02:24:52.803+0600][55.307s][info][gc,stats    ] Concurrent Reset                   1321 us
[2026-04-03T02:24:52.803+0600][55.307s][info][gc,stats    ] Pause Init Mark (G)                 601 us
[2026-04-03T02:24:52.803+0600][55.307s][info][gc,stats    ] Pause Init Mark (N)                 133 us
[2026-04-03T02:24:52.803+0600][55.307s][info][gc,stats    ]   Update Region States               35 us
[2026-04-03T02:24:52.803+0600][55.307s][info][gc,stats    ] Concurrent Mark Roots              1309 us, parallelism: 1.82x
[2026-04-03T02:24:52.803+0600][55.307s][info][gc,stats    ]   CMR: <total>                     2381 us
[2026-04-03T02:24:52.803+0600][55.307s][info][gc,stats    ]   CMR: Thread Roots                2014 us, workers (us): 465, 798, 751, ---, ---, ---, 
[2026-04-03T02:24:52.803+0600][55.307s][info][gc,stats    ]   CMR: VM Strong Roots               44 us, workers (us):  22,  22,   1, ---, ---, ---, 
[2026-04-03T02:24:52.803+0600][55.307s][info][gc,stats    ]   CMR: CLDG Roots                   322 us, workers (us): 322, ---, ---, ---, ---, ---, 
[2026-04-03T02:24:52.803+0600][55.307s][info][gc,stats    ] Concurrent Marking                43483 us
[2026-04-03T02:24:52.803+0600][55.307s][info][gc,stats    ] Pause Final Mark (G)               1067 us
[2026-04-03T02:24:52.803+0600][55.307s][info][gc,stats    ] Pause Final Mark (N)                771 us
[2026-04-03T02:24:52.803+0600][55.307s][info][gc,stats    ]   Finish Mark                       216 us
[2026-04-03T02:24:52.803+0600][55.307s][info][gc,stats    ]   Update Region States               61 us
[2026-04-03T02:24:52.803+0600][55.307s][info][gc,stats    ]   Choose Collection Set             271 us
[2026-04-03T02:24:52.803+0600][55.307s][info][gc,stats    ]   Rebuild Free Set                   63 us
[2026-04-03T02:24:52.804+0600][55.307s][info][gc,stats    ] Concurrent Thread Roots            1101 us, parallelism: 2.37x
[2026-04-03T02:24:52.804+0600][55.307s][info][gc,stats    ]   CTR: <total>                     2613 us
[2026-04-03T02:24:52.804+0600][55.307s][info][gc,stats    ]   CTR: Thread Roots                2613 us, workers (us): 949, 894, 769, ---, ---, ---, 
[2026-04-03T02:24:52.804+0600][55.307s][info][gc,stats    ] Concurrent Weak References          647 us, parallelism: 0.88x
[2026-04-03T02:24:52.804+0600][55.307s][info][gc,stats    ]   CWRF: <total>                     572 us
[2026-04-03T02:24:52.804+0600][55.307s][info][gc,stats    ]   CWRF: Weak References             572 us, workers (us): 169,  31, 372, ---, ---, ---, 
[2026-04-03T02:24:52.804+0600][55.307s][info][gc,stats    ] Concurrent Weak Roots              5943 us
[2026-04-03T02:24:52.804+0600][55.307s][info][gc,stats    ]   Roots                            5342 us, parallelism: 2.73x
[2026-04-03T02:24:52.804+0600][55.307s][info][gc,stats    ]     CWR: <total>                  14598 us
[2026-04-03T02:24:52.804+0600][55.307s][info][gc,stats    ]     CWR: Code Cache Roots         11925 us, workers (us): 4063, 3753, 4110, ---, ---, ---, 
[2026-04-03T02:24:52.804+0600][55.307s][info][gc,stats    ]     CWR: VM Weak Roots             2482 us, workers (us): 836, 826, 821, ---, ---, ---, 
[2026-04-03T02:24:52.804+0600][55.307s][info][gc,stats    ]     CWR: CLDG Roots                 190 us, workers (us): ---, 190, ---, ---, ---, ---, 
[2026-04-03T02:24:52.804+0600][55.307s][info][gc,stats    ]   Rendezvous                        473 us
[2026-04-03T02:24:52.804+0600][55.307s][info][gc,stats    ] Concurrent Cleanup                  930 us
[2026-04-03T02:24:52.804+0600][55.307s][info][gc,stats    ] Concurrent Class Unloading        13016 us
[2026-04-03T02:24:52.804+0600][55.307s][info][gc,stats    ]   Unlink Stale                    11720 us
[2026-04-03T02:24:52.804+0600][55.307s][info][gc,stats    ]     System Dictionary               266 us
[2026-04-03T02:24:52.804+0600][55.307s][info][gc,stats    ]     Weak Class Links                  0 us
[2026-04-03T02:24:52.804+0600][55.307s][info][gc,stats    ]     Code Roots                    11450 us
[2026-04-03T02:24:52.804+0600][55.307s][info][gc,stats    ]   Rendezvous                        434 us
[2026-04-03T02:24:52.804+0600][55.307s][info][gc,stats    ]   Purge Unlinked                    760 us
[2026-04-03T02:24:52.804+0600][55.307s][info][gc,stats    ]     Code Roots                      747 us
[2026-04-03T02:24:52.804+0600][55.307s][info][gc,stats    ]     CLDG                             12 us
[2026-04-03T02:24:52.804+0600][55.307s][info][gc,stats    ]     Exception Caches                  0 us
[2026-04-03T02:24:52.804+0600][55.307s][info][gc,stats    ] Concurrent Strong Roots            1403 us, parallelism: 0.68x
[2026-04-03T02:24:52.804+0600][55.307s][info][gc,stats    ]   CSR: <total>                      954 us
[2026-04-03T02:24:52.804+0600][55.307s][info][gc,stats    ]   CSR: VM Strong Roots               51 us, workers (us):  50,   1,   0, ---, ---, ---, 
[2026-04-03T02:24:52.804+0600][55.307s][info][gc,stats    ]   CSR: CLDG Roots                   903 us, workers (us): 903, ---, ---, ---, ---, ---, 
[2026-04-03T02:24:52.804+0600][55.307s][info][gc,stats    ] Concurrent Evacuation              2064 us
[2026-04-03T02:24:52.804+0600][55.307s][info][gc,stats    ] Pause Init Update Refs (G)          389 us
[2026-04-03T02:24:52.804+0600][55.307s][info][gc,stats    ] Pause Init Update Refs (N)          129 us
[2026-04-03T02:24:52.804+0600][55.307s][info][gc,stats    ]   Manage GCLABs                      58 us
[2026-04-03T02:24:52.804+0600][55.307s][info][gc,stats    ] Concurrent Update Refs            38040 us
[2026-04-03T02:24:52.804+0600][55.307s][info][gc,stats    ] Concurrent Update Thread Roots     2119 us
[2026-04-03T02:24:52.804+0600][55.307s][info][gc,stats    ] Pause Final Update Refs (G)         902 us
[2026-04-03T02:24:52.804+0600][55.307s][info][gc,stats    ] Pause Final Update Refs (N)         290 us
[2026-04-03T02:24:52.804+0600][55.307s][info][gc,stats    ]   Update Region States              103 us
[2026-04-03T02:24:52.804+0600][55.307s][info][gc,stats    ]   Trash Collection Set               15 us
[2026-04-03T02:24:52.804+0600][55.307s][info][gc,stats    ]   Rebuild Free Set                   54 us
[2026-04-03T02:24:52.804+0600][55.307s][info][gc,stats    ] Concurrent Cleanup                  939 us
[2026-04-03T02:24:52.804+0600][55.307s][info][gc,stats    ] Pacing                           271548 us
[2026-04-03T02:24:52.804+0600][55.307s][info][gc,stats    ] 
[2026-04-03T02:24:52.804+0600][55.307s][info][gc,stats    ] Allocation pacing accrued:
[2026-04-03T02:24:52.804+0600][55.307s][info][gc,stats    ]      21 of   218 ms (  9.8%): Spark Context Cleaner
[2026-04-03T02:24:52.804+0600][55.307s][info][gc,stats    ]      62 of   218 ms ( 28.2%): Executor task launch worker for task 3.0 in stage 1794.0 (TID 3308)
[2026-04-03T02:24:52.804+0600][55.307s][info][gc,stats    ]      62 of   218 ms ( 28.3%): Executor task launch worker for task 1.0 in stage 1794.0 (TID 3306)
[2026-04-03T02:24:52.804+0600][55.307s][info][gc,stats    ]      64 of   218 ms ( 29.5%): Executor task launch worker for task 0.0 in stage 1794.0 (TID 3305)
[2026-04-03T02:24:52.804+0600][55.307s][info][gc,stats    ]      62 of   218 ms ( 28.5%): Executor task launch worker for task 2.0 in stage 1794.0 (TID 3307)
[2026-04-03T02:24:52.804+0600][55.307s][info][gc,stats    ]     272 of   218 ms (124.3%): <total>
[2026-04-03T02:24:52.804+0600][55.307s][info][gc,stats    ]       1 of   218 ms (  0.4%): <average total>
[2026-04-03T02:24:52.804+0600][55.307s][info][gc,stats    ]      54 of   218 ms ( 24.9%): <average non-zero>
[2026-04-03T02:24:52.804+0600][55.307s][info][gc,stats    ] 
[2026-04-03T02:24:52.804+0600][55.308s][info][gc,metaspace] Metaspace: 131127K(132672K)->131127K(132672K) NonClass: 114659K(115520K)->114659K(115520K) Class: 16468K(17152K)->16468K(17152K)
[2026-04-03T02:24:52.804+0600][55.308s][info][gc,ergo     ] Pacer for Idle. Initial: 20480K, Alloc Tax Rate: 1.0x
[2026-04-03T02:24:52.859+0600][55.363s][info][gc          ] Trigger: Average GC time (169.17 ms) is above the time for average allocation rate (2521 MB/s) to deplete free headroom (425M) (margin of error = 1.81)
[2026-04-03T02:24:52.859+0600][55.363s][info][gc,ergo     ] Free headroom: 475M (free) - 51200K (spike) - 0B (penalties) = 425M
[2026-04-03T02:24:52.859+0600][55.363s][info][gc,ergo     ] Free: 474M, Max: 256K regular, 282M humongous, Frag: 41% external, 0% internal; Reserve: 51200K, Max: 256K
[2026-04-03T02:24:52.859+0600][55.363s][info][gc,start    ] GC(60) Concurrent reset
[2026-04-03T02:24:52.859+0600][55.363s][info][gc,task     ] GC(60) Using 3 of 6 workers for concurrent reset
[2026-04-03T02:24:52.860+0600][55.363s][info][gc,ergo     ] GC(60) Pacer for Reset. Non-Taxable: 1000M
[2026-04-03T02:24:52.861+0600][55.364s][info][gc          ] GC(60) Concurrent reset 1.164ms
[2026-04-03T02:24:52.861+0600][55.364s][info][gc,start    ] GC(60) Pause Init Mark (unload classes)
[2026-04-03T02:24:52.861+0600][55.364s][info][gc,task     ] GC(60) Using 6 of 6 workers for init marking
[2026-04-03T02:24:52.861+0600][55.364s][info][gc,ergo     ] GC(60) Pacer for Mark. Expected Live: 91742K, Free: 469M, Non-Taxable: 48049K, Alloc Tax Rate: 0.2x
[2026-04-03T02:24:52.861+0600][55.364s][info][gc          ] GC(60) Pause Init Mark (unload classes) 0.152ms
[2026-04-03T02:24:52.861+0600][55.364s][info][gc,start    ] GC(60) Concurrent marking roots
[2026-04-03T02:24:52.861+0600][55.365s][info][gc,task     ] GC(60) Using 3 of 6 workers for concurrent marking roots
[2026-04-03T02:24:52.863+0600][55.366s][info][gc          ] GC(60) Concurrent marking roots 1.516ms
[2026-04-03T02:24:52.863+0600][55.366s][info][gc,start    ] GC(60) Concurrent marking (unload classes)
[2026-04-03T02:24:52.863+0600][55.366s][info][gc,task     ] GC(60) Using 3 of 6 workers for concurrent marking
[2026-04-03T02:24:52.923+0600][55.427s][info][gc          ] GC(60) Concurrent marking (unload classes) 60.727ms
[2026-04-03T02:24:52.924+0600][55.427s][info][gc,start    ] GC(60) Pause Final Mark (unload classes)
[2026-04-03T02:24:52.924+0600][55.427s][info][gc,task     ] GC(60) Using 6 of 6 workers for final marking
[2026-04-03T02:24:52.924+0600][55.427s][info][gc,ergo     ] GC(60) Adaptive CSet Selection. Target Free: 141M, Actual Free: 810M, Max CSet: 42666K, Min Garbage: 0B
[2026-04-03T02:24:52.924+0600][55.427s][info][gc,ergo     ] GC(60) Collectable Garbage: 362M (98%), Immediate: 332M (89%), CSet: 30817K (8%)
[2026-04-03T02:24:52.924+0600][55.428s][info][gc,ergo     ] GC(60) Pacer for Evacuation. Used CSet: 33907K, Free: 783M, Non-Taxable: 80243K, Alloc Tax Rate: 1.1x
[2026-04-03T02:24:52.924+0600][55.428s][info][gc          ] GC(60) Pause Final Mark (unload classes) 0.618ms
[2026-04-03T02:24:52.924+0600][55.428s][info][gc,start    ] GC(60) Concurrent thread roots
[2026-04-03T02:24:52.924+0600][55.428s][info][gc,task     ] GC(60) Using 3 of 6 workers for Concurrent thread roots
[2026-04-03T02:24:52.925+0600][55.428s][info][gc          ] GC(60) Concurrent thread roots 0.859ms
[2026-04-03T02:24:52.925+0600][55.429s][info][gc,start    ] GC(60) Concurrent weak references
[2026-04-03T02:24:52.925+0600][55.429s][info][gc,task     ] GC(60) Using 3 of 6 workers for concurrent weak references
[2026-04-03T02:24:52.926+0600][55.429s][info][gc,ref      ] GC(60) Encountered references: Soft: 3788, Weak: 14794, Final: 84, Phantom: 620
[2026-04-03T02:24:52.926+0600][55.430s][info][gc,ref      ] GC(60) Discovered  references: Soft: 0, Weak: 8368, Final: 52, Phantom: 580
[2026-04-03T02:24:52.926+0600][55.430s][info][gc,ref      ] GC(60) Enqueued    references: Soft: 0, Weak: 159, Final: 0, Phantom: 0
[2026-04-03T02:24:52.926+0600][55.430s][info][gc          ] GC(60) Concurrent weak references 1.039ms
[2026-04-03T02:24:52.926+0600][55.430s][info][gc,start    ] GC(60) Concurrent weak roots
[2026-04-03T02:24:52.926+0600][55.430s][info][gc,task     ] GC(60) Using 3 of 6 workers for concurrent weak root
[2026-04-03T02:24:52.930+0600][55.433s][info][gc          ] GC(60) Concurrent weak roots 3.818ms
[2026-04-03T02:24:52.930+0600][55.433s][info][gc,start    ] GC(60) Concurrent cleanup
[2026-04-03T02:24:52.931+0600][55.434s][info][gc          ] GC(60) Concurrent cleanup 494M->161M(821M) 0.757ms
[2026-04-03T02:24:52.931+0600][55.434s][info][gc,ergo     ] GC(60) Free: 782M, Max: 256K regular, 286M humongous, Frag: 64% external, 0% internal; Reserve: 51009K, Max: 256K
[2026-04-03T02:24:52.931+0600][55.434s][info][gc,start    ] GC(60) Concurrent class unloading
[2026-04-03T02:24:52.931+0600][55.434s][info][gc,task     ] GC(60) Using 3 of 6 workers for concurrent class unloading
[2026-04-03T02:24:52.944+0600][55.447s][info][gc          ] GC(60) Concurrent class unloading 12.837ms
[2026-04-03T02:24:52.944+0600][55.447s][info][gc,start    ] GC(60) Concurrent strong roots
[2026-04-03T02:24:52.944+0600][55.447s][info][gc,task     ] GC(60) Using 3 of 6 workers for concurrent strong root
[2026-04-03T02:24:52.945+0600][55.449s][info][gc          ] GC(60) Concurrent strong roots 1.474ms
[2026-04-03T02:24:52.945+0600][55.449s][info][gc,start    ] GC(60) Concurrent evacuation
[2026-04-03T02:24:52.945+0600][55.449s][info][gc,task     ] GC(60) Using 3 of 6 workers for concurrent evacuation
[2026-04-03T02:24:52.947+0600][55.450s][info][gc          ] GC(60) Concurrent evacuation 1.545ms
[2026-04-03T02:24:52.947+0600][55.451s][info][gc,start    ] GC(60) Pause Init Update Refs
[2026-04-03T02:24:52.947+0600][55.451s][info][gc,ergo     ] GC(60) Pacer for Update Refs. Used: 172M, Free: 775M, Non-Taxable: 79361K, Alloc Tax Rate: 1.1x
[2026-04-03T02:24:52.947+0600][55.451s][info][gc          ] GC(60) Pause Init Update Refs 0.146ms
[2026-04-03T02:24:52.947+0600][55.451s][info][gc,start    ] GC(60) Concurrent update references
[2026-04-03T02:24:52.948+0600][55.451s][info][gc,task     ] GC(60) Using 3 of 6 workers for concurrent reference update
[2026-04-03T02:24:52.995+0600][55.499s][info][gc          ] GC(60) Concurrent update references 47.765ms
[2026-04-03T02:24:52.995+0600][55.499s][info][gc,start    ] GC(60) Concurrent update thread roots
[2026-04-03T02:24:52.997+0600][55.500s][info][gc          ] GC(60) Concurrent update thread roots 1.204ms
[2026-04-03T02:24:52.997+0600][55.500s][info][gc,start    ] GC(60) Pause Final Update Refs
[2026-04-03T02:24:52.997+0600][55.500s][info][gc,task     ] GC(60) Using 6 of 6 workers for final reference update
[2026-04-03T02:24:52.997+0600][55.500s][info][gc          ] GC(60) Pause Final Update Refs 0.182ms
[2026-04-03T02:24:52.997+0600][55.501s][info][gc,start    ] GC(60) Concurrent cleanup
[2026-04-03T02:24:52.998+0600][55.501s][info][gc          ] GC(60) Concurrent cleanup 193M->159M(821M) 0.707ms
[2026-04-03T02:24:52.998+0600][55.501s][info][gc,ergo     ] Free: 782M, Max: 256K regular, 374M humongous, Frag: 53% external, 0% internal; Reserve: 51200K, Max: 256K
[2026-04-03T02:24:52.998+0600][55.501s][info][gc,stats    ] 
[2026-04-03T02:24:52.998+0600][55.501s][info][gc,stats    ] All times are wall-clock times, except per-root-class counters, that are sum over
[2026-04-03T02:24:52.998+0600][55.501s][info][gc,stats    ] all workers. Dividing the <total> over the root stage time estimates parallelism.
[2026-04-03T02:24:52.998+0600][55.501s][info][gc,stats    ] 
[2026-04-03T02:24:52.998+0600][55.501s][info][gc,stats    ] Concurrent Reset                   1255 us
[2026-04-03T02:24:52.998+0600][55.501s][info][gc,stats    ] Pause Init Mark (G)                 391 us
[2026-04-03T02:24:52.998+0600][55.501s][info][gc,stats    ] Pause Init Mark (N)                 164 us
[2026-04-03T02:24:52.998+0600][55.501s][info][gc,stats    ]   Update Region States               48 us
[2026-04-03T02:24:52.998+0600][55.501s][info][gc,stats    ] Concurrent Mark Roots              1578 us, parallelism: 1.86x
[2026-04-03T02:24:52.998+0600][55.501s][info][gc,stats    ]   CMR: <total>                     2942 us
[2026-04-03T02:24:52.998+0600][55.501s][info][gc,stats    ]   CMR: Thread Roots                2480 us, workers (us): 590, 980, 910, ---, ---, ---, 
[2026-04-03T02:24:52.998+0600][55.501s][info][gc,stats    ]   CMR: VM Strong Roots               63 us, workers (us):  33,  30,   1, ---, ---, ---, 
[2026-04-03T02:24:52.998+0600][55.501s][info][gc,stats    ]   CMR: CLDG Roots                   399 us, workers (us): 399, ---, ---, ---, ---, ---, 
[2026-04-03T02:24:52.998+0600][55.501s][info][gc,stats    ] Concurrent Marking                60813 us
[2026-04-03T02:24:52.998+0600][55.501s][info][gc,stats    ] Pause Final Mark (G)                776 us
[2026-04-03T02:24:52.998+0600][55.501s][info][gc,stats    ] Pause Final Mark (N)                631 us
[2026-04-03T02:24:52.998+0600][55.501s][info][gc,stats    ]   Finish Mark                       241 us
[2026-04-03T02:24:52.998+0600][55.501s][info][gc,stats    ]   Update Region States               59 us
[2026-04-03T02:24:52.998+0600][55.501s][info][gc,stats    ]   Choose Collection Set             179 us
[2026-04-03T02:24:52.998+0600][55.501s][info][gc,stats    ]   Rebuild Free Set                   43 us
[2026-04-03T02:24:52.998+0600][55.501s][info][gc,stats    ] Concurrent Thread Roots             911 us, parallelism: 2.23x
[2026-04-03T02:24:52.998+0600][55.501s][info][gc,stats    ]   CTR: <total>                     2030 us
[2026-04-03T02:24:52.998+0600][55.501s][info][gc,stats    ]   CTR: Thread Roots                2030 us, workers (us): 715, 668, 647, ---, ---, ---, 
[2026-04-03T02:24:52.998+0600][55.501s][info][gc,stats    ] Concurrent Weak References         1048 us, parallelism: 0.91x
[2026-04-03T02:24:52.998+0600][55.501s][info][gc,stats    ]   CWRF: <total>                     951 us
[2026-04-03T02:24:52.998+0600][55.501s][info][gc,stats    ]   CWRF: Weak References             951 us, workers (us): 167, 689,  95, ---, ---, ---, 
[2026-04-03T02:24:52.998+0600][55.502s][info][gc,stats    ] Concurrent Weak Roots              3881 us
[2026-04-03T02:24:52.998+0600][55.502s][info][gc,stats    ]   Roots                            3444 us, parallelism: 2.64x
[2026-04-03T02:24:52.998+0600][55.502s][info][gc,stats    ]     CWR: <total>                   9082 us
[2026-04-03T02:24:52.998+0600][55.502s][info][gc,stats    ]     CWR: Code Cache Roots          7139 us, workers (us): 2393, 2270, 2475, ---, ---, ---, 
[2026-04-03T02:24:52.998+0600][55.502s][info][gc,stats    ]     CWR: VM Weak Roots             1845 us, workers (us): 632, 609, 604, ---, ---, ---, 
[2026-04-03T02:24:52.998+0600][55.502s][info][gc,stats    ]     CWR: CLDG Roots                  98 us, workers (us): ---,  98, ---, ---, ---, ---, 
[2026-04-03T02:24:52.998+0600][55.502s][info][gc,stats    ]   Rendezvous                        351 us
[2026-04-03T02:24:52.998+0600][55.502s][info][gc,stats    ] Concurrent Cleanup                  775 us
[2026-04-03T02:24:52.998+0600][55.502s][info][gc,stats    ] Concurrent Class Unloading        12952 us
[2026-04-03T02:24:52.998+0600][55.502s][info][gc,stats    ]   Unlink Stale                    11905 us
[2026-04-03T02:24:52.998+0600][55.502s][info][gc,stats    ]     System Dictionary               191 us
[2026-04-03T02:24:52.998+0600][55.502s][info][gc,stats    ]     Weak Class Links                  0 us
[2026-04-03T02:24:52.998+0600][55.502s][info][gc,stats    ]     Code Roots                    11711 us
[2026-04-03T02:24:52.998+0600][55.502s][info][gc,stats    ]   Rendezvous                        458 us
[2026-04-03T02:24:52.998+0600][55.502s][info][gc,stats    ]   Purge Unlinked                    446 us
[2026-04-03T02:24:52.998+0600][55.502s][info][gc,stats    ]     Code Roots                      423 us
[2026-04-03T02:24:52.998+0600][55.502s][info][gc,stats    ]     CLDG                             21 us
[2026-04-03T02:24:52.998+0600][55.502s][info][gc,stats    ]     Exception Caches                  1 us
[2026-04-03T02:24:52.998+0600][55.502s][info][gc,stats    ] Concurrent Strong Roots            1527 us, parallelism: 0.69x
[2026-04-03T02:24:52.998+0600][55.502s][info][gc,stats    ]   CSR: <total>                     1054 us
[2026-04-03T02:24:52.998+0600][55.502s][info][gc,stats    ]   CSR: VM Strong Roots               47 us, workers (us):  46,   1,   0, ---, ---, ---, 
[2026-04-03T02:24:52.998+0600][55.502s][info][gc,stats    ]   CSR: CLDG Roots                  1007 us, workers (us): 1007, ---, ---, ---, ---, ---, 
[2026-04-03T02:24:52.998+0600][55.502s][info][gc,stats    ] Concurrent Evacuation              1608 us
[2026-04-03T02:24:52.998+0600][55.502s][info][gc,stats    ] Pause Init Update Refs (G)          415 us
[2026-04-03T02:24:52.998+0600][55.502s][info][gc,stats    ] Pause Init Update Refs (N)          158 us
[2026-04-03T02:24:52.998+0600][55.502s][info][gc,stats    ]   Manage GCLABs                      32 us
[2026-04-03T02:24:52.998+0600][55.502s][info][gc,stats    ] Concurrent Update Refs            47837 us
[2026-04-03T02:24:52.998+0600][55.502s][info][gc,stats    ] Concurrent Update Thread Roots     1254 us
[2026-04-03T02:24:52.998+0600][55.502s][info][gc,stats    ] Pause Final Update Refs (G)         630 us
[2026-04-03T02:24:52.998+0600][55.502s][info][gc,stats    ] Pause Final Update Refs (N)         193 us
[2026-04-03T02:24:52.998+0600][55.502s][info][gc,stats    ]   Update Region States               57 us
[2026-04-03T02:24:52.998+0600][55.502s][info][gc,stats    ]   Trash Collection Set               11 us
[2026-04-03T02:24:52.998+0600][55.502s][info][gc,stats    ]   Rebuild Free Set                   47 us
[2026-04-03T02:24:52.998+0600][55.502s][info][gc,stats    ] Concurrent Cleanup                  726 us
[2026-04-03T02:24:52.998+0600][55.502s][info][gc,stats    ] 
[2026-04-03T02:24:52.998+0600][55.502s][info][gc,stats    ] Allocation pacing accrued:
[2026-04-03T02:24:52.998+0600][55.502s][info][gc,stats    ]       0 of   194 ms (  0.0%): <total>
[2026-04-03T02:24:52.998+0600][55.502s][info][gc,stats    ]       0 of   194 ms (  0.0%): <average total>
[2026-04-03T02:24:52.998+0600][55.502s][info][gc,stats    ] 
[2026-04-03T02:24:52.998+0600][55.502s][info][gc,metaspace] Metaspace: 131134K(132672K)->131165K(132672K) NonClass: 114664K(115520K)->114695K(115520K) Class: 16469K(17152K)->16469K(17152K)
[2026-04-03T02:24:52.998+0600][55.502s][info][gc,ergo     ] Pacer for Idle. Initial: 20480K, Alloc Tax Rate: 1.0x
[2026-04-03T02:24:53.616+0600][56.119s][info][gc          ] Trigger: Average GC time (161.68 ms) is above the time for average allocation rate (1111 MB/s) to deplete free headroom (179M) (margin of error = 1.80)
[2026-04-03T02:24:53.616+0600][56.119s][info][gc,ergo     ] Free headroom: 229M (free) - 51200K (spike) - 0B (penalties) = 179M
[2026-04-03T02:24:53.616+0600][56.119s][info][gc,ergo     ] Free: 229M, Max: 256K regular, 228M humongous, Frag: 0% external, 0% internal; Reserve: 51200K, Max: 256K
[2026-04-03T02:24:53.616+0600][56.120s][info][gc,start    ] GC(61) Concurrent reset
[2026-04-03T02:24:53.616+0600][56.120s][info][gc,task     ] GC(61) Using 3 of 6 workers for concurrent reset
[2026-04-03T02:24:53.616+0600][56.120s][info][gc,ergo     ] GC(61) Pacer for Reset. Non-Taxable: 1000M
[2026-04-03T02:24:53.617+0600][56.121s][info][gc          ] GC(61) Concurrent reset 1.106ms
[2026-04-03T02:24:53.618+0600][56.121s][info][gc,start    ] GC(61) Pause Init Mark (unload classes)
[2026-04-03T02:24:53.618+0600][56.121s][info][gc,task     ] GC(61) Using 6 of 6 workers for init marking
[2026-04-03T02:24:53.618+0600][56.121s][info][gc,ergo     ] GC(61) Pacer for Mark. Expected Live: 91133K, Free: 225M, Non-Taxable: 23099K, Alloc Tax Rate: 0.5x
[2026-04-03T02:24:53.618+0600][56.121s][info][gc          ] GC(61) Pause Init Mark (unload classes) 0.194ms
[2026-04-03T02:24:53.618+0600][56.121s][info][gc,start    ] GC(61) Concurrent marking roots
[2026-04-03T02:24:53.618+0600][56.121s][info][gc,task     ] GC(61) Using 3 of 6 workers for concurrent marking roots
[2026-04-03T02:24:53.620+0600][56.123s][info][gc          ] GC(61) Concurrent marking roots 1.916ms
[2026-04-03T02:24:53.620+0600][56.123s][info][gc,start    ] GC(61) Concurrent marking (unload classes)
[2026-04-03T02:24:53.620+0600][56.123s][info][gc,task     ] GC(61) Using 3 of 6 workers for concurrent marking
[2026-04-03T02:24:53.689+0600][56.192s][info][gc          ] GC(61) Concurrent marking (unload classes) 68.810ms
[2026-04-03T02:24:53.689+0600][56.192s][info][gc,start    ] GC(61) Pause Final Mark (unload classes)
[2026-04-03T02:24:53.689+0600][56.192s][info][gc,task     ] GC(61) Using 6 of 6 workers for final marking
[2026-04-03T02:24:53.689+0600][56.193s][info][gc,ergo     ] GC(61) Adaptive CSet Selection. Target Free: 141M, Actual Free: 719M, Max CSet: 42666K, Min Garbage: 0B
[2026-04-03T02:24:53.689+0600][56.193s][info][gc,ergo     ] GC(61) Collectable Garbage: 583M (98%), Immediate: 482M (81%), CSet: 101M (17%)
[2026-04-03T02:24:53.690+0600][56.193s][info][gc,ergo     ] GC(61) Pacer for Evacuation. Used CSet: 106M, Free: 711M, Non-Taxable: 72836K, Alloc Tax Rate: 1.1x
[2026-04-03T02:24:53.690+0600][56.193s][info][gc          ] GC(61) Pause Final Mark (unload classes) 0.724ms
[2026-04-03T02:24:53.690+0600][56.193s][info][gc,start    ] GC(61) Concurrent thread roots
[2026-04-03T02:24:53.690+0600][56.193s][info][gc,task     ] GC(61) Using 3 of 6 workers for Concurrent thread roots
[2026-04-03T02:24:53.691+0600][56.194s][info][gc          ] GC(61) Concurrent thread roots 0.749ms
[2026-04-03T02:24:53.691+0600][56.194s][info][gc,start    ] GC(61) Concurrent weak references
[2026-04-03T02:24:53.691+0600][56.194s][info][gc,task     ] GC(61) Using 3 of 6 workers for concurrent weak references
[2026-04-03T02:24:53.691+0600][56.195s][info][gc,ref      ] GC(61) Encountered references: Soft: 3789, Weak: 15558, Final: 84, Phantom: 620
[2026-04-03T02:24:53.691+0600][56.195s][info][gc,ref      ] GC(61) Discovered  references: Soft: 0, Weak: 9248, Final: 84, Phantom: 590
[2026-04-03T02:24:53.691+0600][56.195s][info][gc,ref      ] GC(61) Enqueued    references: Soft: 0, Weak: 251, Final: 0, Phantom: 0
[2026-04-03T02:24:53.691+0600][56.195s][info][gc          ] GC(61) Concurrent weak references 0.847ms
[2026-04-03T02:24:53.691+0600][56.195s][info][gc,start    ] GC(61) Concurrent weak roots
[2026-04-03T02:24:53.691+0600][56.195s][info][gc,task     ] GC(61) Using 3 of 6 workers for concurrent weak root
[2026-04-03T02:24:53.696+0600][56.200s][info][gc          ] GC(61) Concurrent weak roots 4.841ms
[2026-04-03T02:24:53.696+0600][56.200s][info][gc,start    ] GC(61) Concurrent cleanup
[2026-04-03T02:24:53.698+0600][56.201s][info][gc          ] GC(61) Concurrent cleanup 725M->243M(821M) 1.142ms
[2026-04-03T02:24:53.698+0600][56.201s][info][gc,ergo     ] GC(61) Free: 701M, Max: 256K regular, 177M humongous, Frag: 75% external, 0% internal; Reserve: 50888K, Max: 256K
[2026-04-03T02:24:53.698+0600][56.201s][info][gc,start    ] GC(61) Concurrent class unloading
[2026-04-03T02:24:53.698+0600][56.201s][info][gc,task     ] GC(61) Using 3 of 6 workers for concurrent class unloading
[2026-04-03T02:24:53.714+0600][56.218s][info][gc          ] GC(61) Concurrent class unloading 16.736ms
[2026-04-03T02:24:53.714+0600][56.218s][info][gc,start    ] GC(61) Concurrent strong roots
[2026-04-03T02:24:53.714+0600][56.218s][info][gc,task     ] GC(61) Using 3 of 6 workers for concurrent strong root
[2026-04-03T02:24:53.716+0600][56.219s][info][gc          ] GC(61) Concurrent strong roots 1.280ms
[2026-04-03T02:24:53.716+0600][56.219s][info][gc,start    ] GC(61) Concurrent evacuation
[2026-04-03T02:24:53.716+0600][56.219s][info][gc,task     ] GC(61) Using 3 of 6 workers for concurrent evacuation
[2026-04-03T02:24:53.718+0600][56.222s][info][gc          ] GC(61) Concurrent evacuation 2.630ms
[2026-04-03T02:24:53.719+0600][56.222s][info][gc,start    ] GC(61) Pause Init Update Refs
[2026-04-03T02:24:53.719+0600][56.222s][info][gc,ergo     ] GC(61) Pacer for Update Refs. Used: 257M, Free: 692M, Non-Taxable: 70878K, Alloc Tax Rate: 1.1x
[2026-04-03T02:24:53.719+0600][56.222s][info][gc          ] GC(61) Pause Init Update Refs 0.168ms
[2026-04-03T02:24:53.719+0600][56.222s][info][gc,start    ] GC(61) Concurrent update references
[2026-04-03T02:24:53.719+0600][56.222s][info][gc,task     ] GC(61) Using 3 of 6 workers for concurrent reference update
[2026-04-03T02:24:53.768+0600][56.272s][info][gc          ] GC(61) Concurrent update references 49.263ms
[2026-04-03T02:24:53.768+0600][56.272s][info][gc,start    ] GC(61) Concurrent update thread roots
[2026-04-03T02:24:53.770+0600][56.274s][info][gc          ] GC(61) Concurrent update thread roots 1.986ms
[2026-04-03T02:24:53.771+0600][56.274s][info][gc,start    ] GC(61) Pause Final Update Refs
[2026-04-03T02:24:53.771+0600][56.274s][info][gc,task     ] GC(61) Using 6 of 6 workers for final reference update
[2026-04-03T02:24:53.771+0600][56.274s][info][gc          ] GC(61) Pause Final Update Refs 0.262ms
[2026-04-03T02:24:53.771+0600][56.274s][info][gc,start    ] GC(61) Concurrent cleanup
[2026-04-03T02:24:53.772+0600][56.275s][info][gc          ] GC(61) Concurrent cleanup 302M->197M(821M) 0.893ms
[2026-04-03T02:24:53.772+0600][56.275s][info][gc,ergo     ] Free: 744M, Max: 256K regular, 258M humongous, Frag: 66% external, 0% internal; Reserve: 51200K, Max: 256K
[2026-04-03T02:24:53.772+0600][56.275s][info][gc,stats    ] 
[2026-04-03T02:24:53.772+0600][56.275s][info][gc,stats    ] All times are wall-clock times, except per-root-class counters, that are sum over
[2026-04-03T02:24:53.772+0600][56.276s][info][gc,stats    ] all workers. Dividing the <total> over the root stage time estimates parallelism.
[2026-04-03T02:24:53.772+0600][56.276s][info][gc,stats    ] 
[2026-04-03T02:24:53.772+0600][56.276s][info][gc,stats    ] Concurrent Reset                   1162 us
[2026-04-03T02:24:53.772+0600][56.276s][info][gc,stats    ] Pause Init Mark (G)                 498 us
[2026-04-03T02:24:53.772+0600][56.276s][info][gc,stats    ] Pause Init Mark (N)                 211 us
[2026-04-03T02:24:53.772+0600][56.276s][info][gc,stats    ]   Update Region States               57 us
[2026-04-03T02:24:53.772+0600][56.276s][info][gc,stats    ] Concurrent Mark Roots              1981 us, parallelism: 2.03x
[2026-04-03T02:24:53.772+0600][56.276s][info][gc,stats    ]   CMR: <total>                     4024 us
[2026-04-03T02:24:53.772+0600][56.276s][info][gc,stats    ]   CMR: Thread Roots                3431 us, workers (us): 1344, 1308, 780, ---, ---, ---, 
[2026-04-03T02:24:53.772+0600][56.276s][info][gc,stats    ]   CMR: VM Strong Roots               66 us, workers (us):  38,  17,  12, ---, ---, ---, 
[2026-04-03T02:24:53.772+0600][56.276s][info][gc,stats    ]   CMR: CLDG Roots                   527 us, workers (us): ---, ---, 527, ---, ---, ---, 
[2026-04-03T02:24:53.772+0600][56.276s][info][gc,stats    ] Concurrent Marking                68880 us
[2026-04-03T02:24:53.772+0600][56.276s][info][gc,stats    ] Pause Final Mark (G)               1053 us
[2026-04-03T02:24:53.772+0600][56.276s][info][gc,stats    ] Pause Final Mark (N)                736 us
[2026-04-03T02:24:53.772+0600][56.276s][info][gc,stats    ]   Finish Mark                       259 us
[2026-04-03T02:24:53.772+0600][56.276s][info][gc,stats    ]   Update Region States               53 us
[2026-04-03T02:24:53.772+0600][56.276s][info][gc,stats    ]   Choose Collection Set             263 us
[2026-04-03T02:24:53.772+0600][56.276s][info][gc,stats    ]   Rebuild Free Set                   50 us
[2026-04-03T02:24:53.772+0600][56.276s][info][gc,stats    ] Concurrent Thread Roots             773 us, parallelism: 2.19x
[2026-04-03T02:24:53.772+0600][56.276s][info][gc,stats    ]   CTR: <total>                     1694 us
[2026-04-03T02:24:53.772+0600][56.276s][info][gc,stats    ]   CTR: Thread Roots                1694 us, workers (us): 589, 561, 543, ---, ---, ---, 
[2026-04-03T02:24:53.773+0600][56.276s][info][gc,stats    ] Concurrent Weak References          865 us, parallelism: 0.99x
[2026-04-03T02:24:53.773+0600][56.276s][info][gc,stats    ]   CWRF: <total>                     855 us
[2026-04-03T02:24:53.773+0600][56.276s][info][gc,stats    ]   CWRF: Weak References             855 us, workers (us): 222, 619,  14, ---, ---, ---, 
[2026-04-03T02:24:53.773+0600][56.276s][info][gc,stats    ] Concurrent Weak Roots              4925 us
[2026-04-03T02:24:53.773+0600][56.276s][info][gc,stats    ]   Roots                            4399 us, parallelism: 2.75x
[2026-04-03T02:24:53.773+0600][56.276s][info][gc,stats    ]     CWR: <total>                  12078 us
[2026-04-03T02:24:53.773+0600][56.276s][info][gc,stats    ]     CWR: Code Cache Roots          9470 us, workers (us): 3175, 3130, 3165, ---, ---, ---, 
[2026-04-03T02:24:53.773+0600][56.276s][info][gc,stats    ]     CWR: VM Weak Roots             2404 us, workers (us): 814, 786, 804, ---, ---, ---, 
[2026-04-03T02:24:53.773+0600][56.276s][info][gc,stats    ]     CWR: CLDG Roots                 204 us, workers (us): ---, 204, ---, ---, ---, ---, 
[2026-04-03T02:24:53.773+0600][56.276s][info][gc,stats    ]   Rendezvous                        412 us
[2026-04-03T02:24:53.773+0600][56.276s][info][gc,stats    ] Concurrent Cleanup                 1166 us
[2026-04-03T02:24:53.773+0600][56.276s][info][gc,stats    ] Concurrent Class Unloading        16839 us
[2026-04-03T02:24:53.773+0600][56.276s][info][gc,stats    ]   Unlink Stale                    14676 us
[2026-04-03T02:24:53.773+0600][56.276s][info][gc,stats    ]     System Dictionary               411 us
[2026-04-03T02:24:53.773+0600][56.276s][info][gc,stats    ]     Weak Class Links                  1 us
[2026-04-03T02:24:53.773+0600][56.276s][info][gc,stats    ]     Code Roots                    14260 us
[2026-04-03T02:24:53.773+0600][56.276s][info][gc,stats    ]   Rendezvous                        444 us
[2026-04-03T02:24:53.773+0600][56.276s][info][gc,stats    ]   Purge Unlinked                   1586 us
[2026-04-03T02:24:53.773+0600][56.276s][info][gc,stats    ]     Code Roots                     1569 us
[2026-04-03T02:24:53.773+0600][56.276s][info][gc,stats    ]     CLDG                             16 us
[2026-04-03T02:24:53.773+0600][56.276s][info][gc,stats    ]     Exception Caches                  0 us
[2026-04-03T02:24:53.773+0600][56.276s][info][gc,stats    ] Concurrent Strong Roots            1354 us, parallelism: 0.63x
[2026-04-03T02:24:53.773+0600][56.276s][info][gc,stats    ]   CSR: <total>                      851 us
[2026-04-03T02:24:53.773+0600][56.276s][info][gc,stats    ]   CSR: VM Strong Roots               50 us, workers (us):  28,  22,   0, ---, ---, ---, 
[2026-04-03T02:24:53.773+0600][56.276s][info][gc,stats    ]   CSR: CLDG Roots                   800 us, workers (us): 800, ---, ---, ---, ---, ---, 
[2026-04-03T02:24:53.773+0600][56.276s][info][gc,stats    ] Concurrent Evacuation              2730 us
[2026-04-03T02:24:53.773+0600][56.276s][info][gc,stats    ] Pause Init Update Refs (G)          540 us
[2026-04-03T02:24:53.773+0600][56.276s][info][gc,stats    ] Pause Init Update Refs (N)          182 us
[2026-04-03T02:24:53.773+0600][56.276s][info][gc,stats    ]   Manage GCLABs                      38 us
[2026-04-03T02:24:53.773+0600][56.276s][info][gc,stats    ] Concurrent Update Refs            49374 us
[2026-04-03T02:24:53.773+0600][56.276s][info][gc,stats    ] Concurrent Update Thread Roots     2062 us
[2026-04-03T02:24:53.773+0600][56.276s][info][gc,stats    ] Pause Final Update Refs (G)         541 us
[2026-04-03T02:24:53.773+0600][56.276s][info][gc,stats    ] Pause Final Update Refs (N)         285 us
[2026-04-03T02:24:53.773+0600][56.276s][info][gc,stats    ]   Update Region States               74 us
[2026-04-03T02:24:53.773+0600][56.276s][info][gc,stats    ]   Trash Collection Set               24 us
[2026-04-03T02:24:53.773+0600][56.276s][info][gc,stats    ]   Rebuild Free Set                   61 us
[2026-04-03T02:24:53.773+0600][56.276s][info][gc,stats    ] Concurrent Cleanup                  940 us
[2026-04-03T02:24:53.773+0600][56.276s][info][gc,stats    ] Pacing                           151657 us
[2026-04-03T02:24:53.773+0600][56.276s][info][gc,stats    ] 
[2026-04-03T02:24:53.773+0600][56.276s][info][gc,stats    ] Allocation pacing accrued:
[2026-04-03T02:24:53.773+0600][56.276s][info][gc,stats    ]      21 of   775 ms (  2.8%): Executor task launch worker for task 3.0 in stage 1826.0 (TID 3436)
[2026-04-03T02:24:53.773+0600][56.276s][info][gc,stats    ]      21 of   775 ms (  2.7%): Executor task launch worker for task 2.0 in stage 1826.0 (TID 3435)
[2026-04-03T02:24:53.773+0600][56.276s][info][gc,stats    ]      22 of   775 ms (  2.8%): Executor task launch worker for task 5.0 in stage 1826.0 (TID 3438)
[2026-04-03T02:24:53.773+0600][56.276s][info][gc,stats    ]      21 of   775 ms (  2.8%): Executor task launch worker for task 1.0 in stage 1826.0 (TID 3434)
[2026-04-03T02:24:53.773+0600][56.276s][info][gc,stats    ]      21 of   775 ms (  2.7%): Executor task launch worker for task 6.0 in stage 1826.0 (TID 3439)
[2026-04-03T02:24:53.773+0600][56.276s][info][gc,stats    ]      22 of   775 ms (  2.9%): Executor task launch worker for task 0.0 in stage 1826.0 (TID 3433)
[2026-04-03T02:24:53.773+0600][56.276s][info][gc,stats    ]      22 of   775 ms (  2.9%): Executor task launch worker for task 7.0 in stage 1826.0 (TID 3440)
[2026-04-03T02:24:53.773+0600][56.276s][info][gc,stats    ]     152 of   775 ms ( 19.6%): <total>
[2026-04-03T02:24:53.773+0600][56.276s][info][gc,stats    ]       1 of   775 ms (  0.1%): <average total>
[2026-04-03T02:24:53.773+0600][56.277s][info][gc,stats    ]      22 of   775 ms (  2.8%): <average non-zero>
[2026-04-03T02:24:53.773+0600][56.277s][info][gc,stats    ] 
[2026-04-03T02:24:53.773+0600][56.277s][info][gc,metaspace] Metaspace: 131181K(132672K)->131181K(132672K) NonClass: 114710K(115520K)->114710K(115520K) Class: 16471K(17152K)->16471K(17152K)
[2026-04-03T02:24:53.773+0600][56.277s][info][gc,ergo     ] Pacer for Idle. Initial: 20480K, Alloc Tax Rate: 1.0x
[2026-04-03T02:24:54.473+0600][56.977s][info][gc          ] Trigger: Average GC time (171.53 ms) is above the time for average allocation rate (653 MB/s) to deplete free headroom (111M) (margin of error = 1.80)
[2026-04-03T02:24:54.473+0600][56.977s][info][gc,ergo     ] Free headroom: 161M (free) - 51200K (spike) - 0B (penalties) = 111M
[2026-04-03T02:24:54.473+0600][56.977s][info][gc,ergo     ] Free: 161M, Max: 256K regular, 161M humongous, Frag: 0% external, 1% internal; Reserve: 51200K, Max: 256K
[2026-04-03T02:24:54.473+0600][56.977s][info][gc,start    ] GC(62) Concurrent reset
[2026-04-03T02:24:54.473+0600][56.977s][info][gc,task     ] GC(62) Using 3 of 6 workers for concurrent reset
[2026-04-03T02:24:54.473+0600][56.977s][info][gc,ergo     ] GC(62) Pacer for Reset. Non-Taxable: 1000M
[2026-04-03T02:24:54.475+0600][56.978s][info][gc          ] GC(62) Concurrent reset 1.246ms
[2026-04-03T02:24:54.475+0600][56.978s][info][gc,start    ] GC(62) Pause Init Mark (unload classes)
[2026-04-03T02:24:54.475+0600][56.978s][info][gc,task     ] GC(62) Using 6 of 6 workers for init marking
[2026-04-03T02:24:54.475+0600][56.978s][info][gc,ergo     ] GC(62) Pacer for Mark. Expected Live: 91271K, Free: 157M, Non-Taxable: 16153K, Alloc Tax Rate: 0.7x
[2026-04-03T02:24:54.475+0600][56.978s][info][gc          ] GC(62) Pause Init Mark (unload classes) 0.116ms
[2026-04-03T02:24:54.475+0600][56.979s][info][gc,start    ] GC(62) Concurrent marking roots
[2026-04-03T02:24:54.475+0600][56.979s][info][gc,task     ] GC(62) Using 3 of 6 workers for concurrent marking roots
[2026-04-03T02:24:54.477+0600][56.980s][info][gc          ] GC(62) Concurrent marking roots 1.482ms
[2026-04-03T02:24:54.477+0600][56.980s][info][gc,start    ] GC(62) Concurrent marking (unload classes)
[2026-04-03T02:24:54.477+0600][56.980s][info][gc,task     ] GC(62) Using 3 of 6 workers for concurrent marking
[2026-04-03T02:24:54.537+0600][57.041s][info][gc          ] GC(62) Concurrent marking (unload classes) 60.514ms
[2026-04-03T02:24:54.538+0600][57.041s][info][gc,start    ] GC(62) Pause Final Mark (unload classes)
[2026-04-03T02:24:54.538+0600][57.041s][info][gc,task     ] GC(62) Using 6 of 6 workers for final marking
[2026-04-03T02:24:54.538+0600][57.041s][info][gc,ergo     ] GC(62) Adaptive CSet Selection. Target Free: 141M, Actual Free: 735M, Max CSet: 42666K, Min Garbage: 0B
[2026-04-03T02:24:54.538+0600][57.041s][info][gc,ergo     ] GC(62) Collectable Garbage: 646M (98%), Immediate: 556M (85%), CSet: 92567K (13%)
[2026-04-03T02:24:54.538+0600][57.042s][info][gc,ergo     ] GC(62) Pacer for Evacuation. Used CSet: 98906K, Free: 728M, Non-Taxable: 74561K, Alloc Tax Rate: 1.1x
[2026-04-03T02:24:54.538+0600][57.042s][info][gc          ] GC(62) Pause Final Mark (unload classes) 0.761ms
[2026-04-03T02:24:54.538+0600][57.042s][info][gc,start    ] GC(62) Concurrent thread roots
[2026-04-03T02:24:54.538+0600][57.042s][info][gc,task     ] GC(62) Using 3 of 6 workers for Concurrent thread roots
[2026-04-03T02:24:54.540+0600][57.043s][info][gc          ] GC(62) Concurrent thread roots 1.106ms
[2026-04-03T02:24:54.540+0600][57.043s][info][gc,start    ] GC(62) Concurrent weak references
[2026-04-03T02:24:54.540+0600][57.043s][info][gc,task     ] GC(62) Using 3 of 6 workers for concurrent weak references
[2026-04-03T02:24:54.541+0600][57.044s][info][gc,ref      ] GC(62) Encountered references: Soft: 3792, Weak: 16297, Final: 84, Phantom: 620
[2026-04-03T02:24:54.541+0600][57.044s][info][gc,ref      ] GC(62) Discovered  references: Soft: 0, Weak: 9586, Final: 84, Phantom: 595
[2026-04-03T02:24:54.541+0600][57.044s][info][gc,ref      ] GC(62) Enqueued    references: Soft: 0, Weak: 1620, Final: 0, Phantom: 0
[2026-04-03T02:24:54.541+0600][57.044s][info][gc          ] GC(62) Concurrent weak references 1.240ms
[2026-04-03T02:24:54.541+0600][57.044s][info][gc,start    ] GC(62) Concurrent weak roots
[2026-04-03T02:24:54.541+0600][57.044s][info][gc,task     ] GC(62) Using 3 of 6 workers for concurrent weak root
[2026-04-03T02:24:54.544+0600][57.048s][info][gc          ] GC(62) Concurrent weak roots 3.512ms
[2026-04-03T02:24:54.544+0600][57.048s][info][gc,start    ] GC(62) Concurrent cleanup
[2026-04-03T02:24:54.546+0600][57.049s][info][gc          ] GC(62) Concurrent cleanup 775M->222M(827M) 1.093ms
[2026-04-03T02:24:54.546+0600][57.049s][info][gc,ergo     ] GC(62) Free: 723M, Max: 256K regular, 128M humongous, Frag: 83% external, 0% internal; Reserve: 50876K, Max: 256K
[2026-04-03T02:24:54.546+0600][57.049s][info][gc,start    ] GC(62) Concurrent class unloading
[2026-04-03T02:24:54.546+0600][57.049s][info][gc,task     ] GC(62) Using 3 of 6 workers for concurrent class unloading
[2026-04-03T02:24:54.566+0600][57.069s][info][gc          ] GC(62) Concurrent class unloading 20.015ms
[2026-04-03T02:24:54.566+0600][57.069s][info][gc,start    ] GC(62) Concurrent strong roots
[2026-04-03T02:24:54.566+0600][57.069s][info][gc,task     ] GC(62) Using 3 of 6 workers for concurrent strong root
[2026-04-03T02:24:54.567+0600][57.071s][info][gc          ] GC(62) Concurrent strong roots 1.604ms
[2026-04-03T02:24:54.567+0600][57.071s][info][gc,start    ] GC(62) Concurrent evacuation
[2026-04-03T02:24:54.567+0600][57.071s][info][gc,task     ] GC(62) Using 3 of 6 workers for concurrent evacuation
[2026-04-03T02:24:54.571+0600][57.074s][info][gc          ] GC(62) Concurrent evacuation 3.708ms
[2026-04-03T02:24:54.571+0600][57.075s][info][gc,start    ] GC(62) Pause Init Update Refs
[2026-04-03T02:24:54.572+0600][57.075s][info][gc,ergo     ] GC(62) Pacer for Update Refs. Used: 253M, Free: 696M, Non-Taxable: 71353K, Alloc Tax Rate: 1.1x
[2026-04-03T02:24:54.572+0600][57.075s][info][gc          ] GC(62) Pause Init Update Refs 0.144ms
[2026-04-03T02:24:54.572+0600][57.075s][info][gc,start    ] GC(62) Concurrent update references
[2026-04-03T02:24:54.572+0600][57.075s][info][gc,task     ] GC(62) Using 3 of 6 workers for concurrent reference update
[2026-04-03T02:24:54.619+0600][57.122s][info][gc          ] GC(62) Concurrent update references 47.362ms
[2026-04-03T02:24:54.619+0600][57.122s][info][gc,start    ] GC(62) Concurrent update thread roots
[2026-04-03T02:24:54.620+0600][57.124s][info][gc          ] GC(62) Concurrent update thread roots 1.262ms
[2026-04-03T02:24:54.620+0600][57.124s][info][gc,start    ] GC(62) Pause Final Update Refs
[2026-04-03T02:24:54.620+0600][57.124s][info][gc,task     ] GC(62) Using 6 of 6 workers for final reference update
[2026-04-03T02:24:54.621+0600][57.124s][info][gc          ] GC(62) Pause Final Update Refs 0.201ms
[2026-04-03T02:24:54.621+0600][57.124s][info][gc,start    ] GC(62) Concurrent cleanup
[2026-04-03T02:24:54.621+0600][57.125s][info][gc          ] GC(62) Concurrent cleanup 287M->194M(829M) 0.706ms
[2026-04-03T02:24:54.621+0600][57.125s][info][gc,ergo     ] Free: 746M, Max: 256K regular, 258M humongous, Frag: 66% external, 0% internal; Reserve: 51200K, Max: 256K
[2026-04-03T02:24:54.622+0600][57.125s][info][gc,stats    ] 
[2026-04-03T02:24:54.622+0600][57.125s][info][gc,stats    ] All times are wall-clock times, except per-root-class counters, that are sum over
[2026-04-03T02:24:54.622+0600][57.125s][info][gc,stats    ] all workers. Dividing the <total> over the root stage time estimates parallelism.
[2026-04-03T02:24:54.622+0600][57.125s][info][gc,stats    ] 
[2026-04-03T02:24:54.622+0600][57.125s][info][gc,stats    ] Concurrent Reset                   1315 us
[2026-04-03T02:24:54.622+0600][57.125s][info][gc,stats    ] Pause Init Mark (G)                 461 us
[2026-04-03T02:24:54.622+0600][57.125s][info][gc,stats    ] Pause Init Mark (N)                 125 us
[2026-04-03T02:24:54.622+0600][57.125s][info][gc,stats    ]   Update Region States               35 us
[2026-04-03T02:24:54.622+0600][57.125s][info][gc,stats    ] Concurrent Mark Roots              1539 us, parallelism: 2.06x
[2026-04-03T02:24:54.622+0600][57.125s][info][gc,stats    ]   CMR: <total>                     3174 us
[2026-04-03T02:24:54.622+0600][57.125s][info][gc,stats    ]   CMR: Thread Roots                2729 us, workers (us): 1047, 1022, 660, ---, ---, ---, 
[2026-04-03T02:24:54.622+0600][57.125s][info][gc,stats    ]   CMR: VM Strong Roots               57 us, workers (us):  24,  17,  16, ---, ---, ---, 
[2026-04-03T02:24:54.622+0600][57.125s][info][gc,stats    ]   CMR: CLDG Roots                   388 us, workers (us): ---, ---, 388, ---, ---, ---, 
[2026-04-03T02:24:54.622+0600][57.125s][info][gc,stats    ] Concurrent Marking                60574 us
[2026-04-03T02:24:54.622+0600][57.125s][info][gc,stats    ] Pause Final Mark (G)               1045 us
[2026-04-03T02:24:54.622+0600][57.125s][info][gc,stats    ] Pause Final Mark (N)                773 us
[2026-04-03T02:24:54.622+0600][57.125s][info][gc,stats    ]   Finish Mark                       285 us
[2026-04-03T02:24:54.622+0600][57.125s][info][gc,stats    ]   Update Region States               51 us
[2026-04-03T02:24:54.622+0600][57.125s][info][gc,stats    ]   Choose Collection Set             281 us
[2026-04-03T02:24:54.622+0600][57.125s][info][gc,stats    ]   Rebuild Free Set                   50 us
[2026-04-03T02:24:54.622+0600][57.125s][info][gc,stats    ] Concurrent Thread Roots            1152 us, parallelism: 2.02x
[2026-04-03T02:24:54.622+0600][57.125s][info][gc,stats    ]   CTR: <total>                     2325 us
[2026-04-03T02:24:54.622+0600][57.125s][info][gc,stats    ]   CTR: Thread Roots                2325 us, workers (us): 791, 776, 758, ---, ---, ---, 
[2026-04-03T02:24:54.622+0600][57.125s][info][gc,stats    ] Concurrent Weak References         1253 us, parallelism: 0.89x
[2026-04-03T02:24:54.622+0600][57.125s][info][gc,stats    ]   CWRF: <total>                    1114 us
[2026-04-03T02:24:54.622+0600][57.125s][info][gc,stats    ]   CWRF: Weak References            1114 us, workers (us): 981, 132,   1, ---, ---, ---, 
[2026-04-03T02:24:54.622+0600][57.125s][info][gc,stats    ] Concurrent Weak Roots              3596 us
[2026-04-03T02:24:54.622+0600][57.125s][info][gc,stats    ]   Roots                            3218 us, parallelism: 2.65x
[2026-04-03T02:24:54.622+0600][57.125s][info][gc,stats    ]     CWR: <total>                   8523 us
[2026-04-03T02:24:54.622+0600][57.125s][info][gc,stats    ]     CWR: Code Cache Roots          6477 us, workers (us): 2169, 2063, 2245, ---, ---, ---, 
[2026-04-03T02:24:54.622+0600][57.125s][info][gc,stats    ]     CWR: VM Weak Roots             1955 us, workers (us): 660, 648, 647, ---, ---, ---, 
[2026-04-03T02:24:54.622+0600][57.125s][info][gc,stats    ]     CWR: CLDG Roots                  91 us, workers (us): ---,  91, ---, ---, ---, ---, 
[2026-04-03T02:24:54.622+0600][57.125s][info][gc,stats    ]   Rendezvous                        267 us
[2026-04-03T02:24:54.622+0600][57.125s][info][gc,stats    ] Concurrent Cleanup                 1128 us
[2026-04-03T02:24:54.622+0600][57.125s][info][gc,stats    ] Concurrent Class Unloading        20150 us
[2026-04-03T02:24:54.622+0600][57.125s][info][gc,stats    ]   Unlink Stale                    17104 us
[2026-04-03T02:24:54.622+0600][57.125s][info][gc,stats    ]     System Dictionary               252 us
[2026-04-03T02:24:54.622+0600][57.125s][info][gc,stats    ]     Weak Class Links                  0 us
[2026-04-03T02:24:54.622+0600][57.125s][info][gc,stats    ]     Code Roots                    16849 us
[2026-04-03T02:24:54.622+0600][57.125s][info][gc,stats    ]   Rendezvous                        521 us
[2026-04-03T02:24:54.622+0600][57.125s][info][gc,stats    ]   Purge Unlinked                   2344 us
[2026-04-03T02:24:54.622+0600][57.125s][info][gc,stats    ]     Code Roots                     2326 us
[2026-04-03T02:24:54.622+0600][57.125s][info][gc,stats    ]     CLDG                             16 us
[2026-04-03T02:24:54.622+0600][57.125s][info][gc,stats    ]     Exception Caches                  0 us
[2026-04-03T02:24:54.622+0600][57.125s][info][gc,stats    ] Concurrent Strong Roots            1681 us, parallelism: 0.68x
[2026-04-03T02:24:54.622+0600][57.125s][info][gc,stats    ]   CSR: <total>                     1151 us
[2026-04-03T02:24:54.622+0600][57.125s][info][gc,stats    ]   CSR: VM Strong Roots               79 us, workers (us):  32,  24,  23, ---, ---, ---, 
[2026-04-03T02:24:54.622+0600][57.125s][info][gc,stats    ]   CSR: CLDG Roots                  1072 us, workers (us): ---, 1072, ---, ---, ---, ---, 
[2026-04-03T02:24:54.622+0600][57.125s][info][gc,stats    ] Concurrent Evacuation              3778 us
[2026-04-03T02:24:54.622+0600][57.125s][info][gc,stats    ] Pause Init Update Refs (G)          384 us
[2026-04-03T02:24:54.622+0600][57.125s][info][gc,stats    ] Pause Init Update Refs (N)          158 us
[2026-04-03T02:24:54.622+0600][57.125s][info][gc,stats    ]   Manage GCLABs                      41 us
[2026-04-03T02:24:54.622+0600][57.125s][info][gc,stats    ] Concurrent Update Refs            47455 us
[2026-04-03T02:24:54.622+0600][57.125s][info][gc,stats    ] Concurrent Update Thread Roots     1295 us
[2026-04-03T02:24:54.622+0600][57.125s][info][gc,stats    ] Pause Final Update Refs (G)         316 us
[2026-04-03T02:24:54.622+0600][57.125s][info][gc,stats    ] Pause Final Update Refs (N)         214 us
[2026-04-03T02:24:54.622+0600][57.125s][info][gc,stats    ]   Update Region States               74 us
[2026-04-03T02:24:54.622+0600][57.125s][info][gc,stats    ]   Trash Collection Set               21 us
[2026-04-03T02:24:54.622+0600][57.125s][info][gc,stats    ]   Rebuild Free Set                   58 us
[2026-04-03T02:24:54.622+0600][57.125s][info][gc,stats    ] Concurrent Cleanup                  720 us
[2026-04-03T02:24:54.622+0600][57.125s][info][gc,stats    ] Pacing                           277382 us
[2026-04-03T02:24:54.622+0600][57.125s][info][gc,stats    ] 
[2026-04-03T02:24:54.622+0600][57.125s][info][gc,stats    ] Allocation pacing accrued:
[2026-04-03T02:24:54.622+0600][57.125s][info][gc,stats    ]       6 of   849 ms (  0.8%): dag-scheduler-event-loop
[2026-04-03T02:24:54.622+0600][57.125s][info][gc,stats    ]      11 of   849 ms (  1.3%): Spark Context Cleaner
[2026-04-03T02:24:54.622+0600][57.125s][info][gc,stats    ]      33 of   849 ms (  3.8%): Executor task launch worker for task 2.0 in stage 1868.0 (TID 3531)
[2026-04-03T02:24:54.622+0600][57.125s][info][gc,stats    ]      32 of   849 ms (  3.8%): Executor task launch worker for task 4.0 in stage 1868.0 (TID 3533)
[2026-04-03T02:24:54.622+0600][57.125s][info][gc,stats    ]      32 of   849 ms (  3.8%): Executor task launch worker for task 0.0 in stage 1868.0 (TID 3529)
[2026-04-03T02:24:54.622+0600][57.125s][info][gc,stats    ]      32 of   849 ms (  3.8%): Executor task launch worker for task 6.0 in stage 1868.0 (TID 3535)
[2026-04-03T02:24:54.622+0600][57.125s][info][gc,stats    ]      32 of   849 ms (  3.8%): Executor task launch worker for task 1.0 in stage 1868.0 (TID 3530)
[2026-04-03T02:24:54.622+0600][57.125s][info][gc,stats    ]      33 of   849 ms (  3.8%): Executor task launch worker for task 7.0 in stage 1868.0 (TID 3536)
[2026-04-03T02:24:54.622+0600][57.125s][info][gc,stats    ]      33 of   849 ms (  3.8%): Executor task launch worker for task 3.0 in stage 1868.0 (TID 3532)
[2026-04-03T02:24:54.622+0600][57.125s][info][gc,stats    ]      32 of   849 ms (  3.8%): Executor task launch worker for task 5.0 in stage 1868.0 (TID 3534)
[2026-04-03T02:24:54.622+0600][57.125s][info][gc,stats    ]     277 of   849 ms ( 32.7%): <total>
[2026-04-03T02:24:54.622+0600][57.125s][info][gc,stats    ]       1 of   849 ms (  0.1%): <average total>
[2026-04-03T02:24:54.622+0600][57.125s][info][gc,stats    ]      28 of   849 ms (  3.3%): <average non-zero>
[2026-04-03T02:24:54.622+0600][57.125s][info][gc,stats    ] 
[2026-04-03T02:24:54.622+0600][57.125s][info][gc,metaspace] Metaspace: 131238K(132672K)->131238K(132672K) NonClass: 114763K(115520K)->114763K(115520K) Class: 16474K(17152K)->16474K(17152K)
[2026-04-03T02:24:54.622+0600][57.125s][info][gc,ergo     ] Pacer for Idle. Initial: 20480K, Alloc Tax Rate: 1.0x
[2026-04-03T02:24:55.076+0600][57.579s][info][gc          ] Trigger: Average GC time (165.19 ms) is above the time for average allocation rate (1107 MB/s) to deplete free headroom (179M) (margin of error = 1.80)
[2026-04-03T02:24:55.076+0600][57.579s][info][gc,ergo     ] Free headroom: 229M (free) - 51200K (spike) - 0B (penalties) = 179M
[2026-04-03T02:24:55.076+0600][57.579s][info][gc,ergo     ] Free: 229M, Max: 256K regular, 126M humongous, Frag: 45% external, 0% internal; Reserve: 51200K, Max: 256K
[2026-04-03T02:24:55.076+0600][57.579s][info][gc,start    ] GC(63) Concurrent reset
[2026-04-03T02:24:55.076+0600][57.579s][info][gc,task     ] GC(63) Using 3 of 6 workers for concurrent reset
[2026-04-03T02:24:55.076+0600][57.579s][info][gc,ergo     ] GC(63) Pacer for Reset. Non-Taxable: 1000M
[2026-04-03T02:24:55.078+0600][57.581s][info][gc          ] GC(63) Concurrent reset 2.058ms
[2026-04-03T02:24:55.078+0600][57.582s][info][gc,start    ] GC(63) Pause Init Mark (unload classes)
[2026-04-03T02:24:55.078+0600][57.582s][info][gc,task     ] GC(63) Using 6 of 6 workers for init marking
[2026-04-03T02:24:55.079+0600][57.582s][info][gc,ergo     ] GC(63) Pacer for Mark. Expected Live: 92338K, Free: 226M, Non-Taxable: 23162K, Alloc Tax Rate: 0.5x
[2026-04-03T02:24:55.079+0600][57.582s][info][gc          ] GC(63) Pause Init Mark (unload classes) 0.237ms
[2026-04-03T02:24:55.079+0600][57.582s][info][gc,start    ] GC(63) Concurrent marking roots
[2026-04-03T02:24:55.079+0600][57.582s][info][gc,task     ] GC(63) Using 3 of 6 workers for concurrent marking roots
[2026-04-03T02:24:55.081+0600][57.584s][info][gc          ] GC(63) Concurrent marking roots 2.075ms
[2026-04-03T02:24:55.081+0600][57.584s][info][gc,start    ] GC(63) Concurrent marking (unload classes)
[2026-04-03T02:24:55.081+0600][57.584s][info][gc,task     ] GC(63) Using 3 of 6 workers for concurrent marking
[2026-04-03T02:24:55.146+0600][57.650s][info][gc          ] GC(63) Concurrent marking (unload classes) 65.328ms
[2026-04-03T02:24:55.147+0600][57.650s][info][gc,start    ] GC(63) Pause Final Mark (unload classes)
[2026-04-03T02:24:55.147+0600][57.650s][info][gc,task     ] GC(63) Using 6 of 6 workers for final marking
[2026-04-03T02:24:55.147+0600][57.651s][info][gc,ergo     ] GC(63) Adaptive CSet Selection. Target Free: 141M, Actual Free: 749M, Max CSet: 42666K, Min Garbage: 0B
[2026-04-03T02:24:55.147+0600][57.651s][info][gc,ergo     ] GC(63) Collectable Garbage: 586M (98%), Immediate: 510M (85%), CSet: 77983K (12%)
[2026-04-03T02:24:55.147+0600][57.651s][info][gc,ergo     ] GC(63) Pacer for Evacuation. Used CSet: 83422K, Free: 735M, Non-Taxable: 75353K, Alloc Tax Rate: 1.1x
[2026-04-03T02:24:55.148+0600][57.651s][info][gc          ] GC(63) Pause Final Mark (unload classes) 0.914ms
[2026-04-03T02:24:55.148+0600][57.651s][info][gc,start    ] GC(63) Concurrent thread roots
[2026-04-03T02:24:55.148+0600][57.651s][info][gc,task     ] GC(63) Using 3 of 6 workers for Concurrent thread roots
[2026-04-03T02:24:55.149+0600][57.652s][info][gc          ] GC(63) Concurrent thread roots 1.141ms
[2026-04-03T02:24:55.149+0600][57.652s][info][gc,start    ] GC(63) Concurrent weak references
[2026-04-03T02:24:55.149+0600][57.652s][info][gc,task     ] GC(63) Using 3 of 6 workers for concurrent weak references
[2026-04-03T02:24:55.150+0600][57.653s][info][gc,ref      ] GC(63) Encountered references: Soft: 3791, Weak: 15759, Final: 84, Phantom: 620
[2026-04-03T02:24:55.150+0600][57.653s][info][gc,ref      ] GC(63) Discovered  references: Soft: 0, Weak: 7845, Final: 0, Phantom: 584
[2026-04-03T02:24:55.150+0600][57.653s][info][gc,ref      ] GC(63) Enqueued    references: Soft: 0, Weak: 33, Final: 0, Phantom: 0
[2026-04-03T02:24:55.150+0600][57.653s][info][gc          ] GC(63) Concurrent weak references 0.960ms
[2026-04-03T02:24:55.150+0600][57.653s][info][gc,start    ] GC(63) Concurrent weak roots
[2026-04-03T02:24:55.150+0600][57.653s][info][gc,task     ] GC(63) Using 3 of 6 workers for concurrent weak root
[2026-04-03T02:24:55.156+0600][57.659s][info][gc          ] GC(63) Concurrent weak roots 6.277ms
[2026-04-03T02:24:55.156+0600][57.659s][info][gc,start    ] GC(63) Concurrent cleanup
[2026-04-03T02:24:55.157+0600][57.660s][info][gc          ] GC(63) Concurrent cleanup 734M->223M(829M) 0.997ms
[2026-04-03T02:24:55.157+0600][57.661s][info][gc,ergo     ] GC(63) Free: 721M, Max: 256K regular, 127M humongous, Frag: 83% external, 0% internal; Reserve: 50882K, Max: 256K
[2026-04-03T02:24:55.157+0600][57.661s][info][gc,start    ] GC(63) Concurrent class unloading
[2026-04-03T02:24:55.157+0600][57.661s][info][gc,task     ] GC(63) Using 3 of 6 workers for concurrent class unloading
[2026-04-03T02:24:55.175+0600][57.678s][info][gc          ] GC(63) Concurrent class unloading 17.407ms
[2026-04-03T02:24:55.175+0600][57.678s][info][gc,start    ] GC(63) Concurrent strong roots
[2026-04-03T02:24:55.175+0600][57.678s][info][gc,task     ] GC(63) Using 3 of 6 workers for concurrent strong root
[2026-04-03T02:24:55.176+0600][57.679s][info][gc          ] GC(63) Concurrent strong roots 1.343ms
[2026-04-03T02:24:55.176+0600][57.680s][info][gc,start    ] GC(63) Concurrent evacuation
[2026-04-03T02:24:55.176+0600][57.680s][info][gc,task     ] GC(63) Using 3 of 6 workers for concurrent evacuation
[2026-04-03T02:24:55.181+0600][57.684s][info][gc          ] GC(63) Concurrent evacuation 4.656ms
[2026-04-03T02:24:55.181+0600][57.685s][info][gc,start    ] GC(63) Pause Init Update Refs
[2026-04-03T02:24:55.181+0600][57.685s][info][gc,ergo     ] GC(63) Pacer for Update Refs. Used: 238M, Free: 711M, Non-Taxable: 72819K, Alloc Tax Rate: 1.1x
[2026-04-03T02:24:55.182+0600][57.685s][info][gc          ] GC(63) Pause Init Update Refs 0.185ms
[2026-04-03T02:24:55.182+0600][57.685s][info][gc,start    ] GC(63) Concurrent update references
[2026-04-03T02:24:55.182+0600][57.685s][info][gc,task     ] GC(63) Using 3 of 6 workers for concurrent reference update
[2026-04-03T02:24:55.235+0600][57.738s][info][gc          ] GC(63) Concurrent update references 53.188ms
[2026-04-03T02:24:55.235+0600][57.738s][info][gc,start    ] GC(63) Concurrent update thread roots
[2026-04-03T02:24:55.237+0600][57.740s][info][gc          ] GC(63) Concurrent update thread roots 1.815ms
[2026-04-03T02:24:55.237+0600][57.740s][info][gc,start    ] GC(63) Pause Final Update Refs
[2026-04-03T02:24:55.237+0600][57.740s][info][gc,task     ] GC(63) Using 6 of 6 workers for final reference update
[2026-04-03T02:24:55.237+0600][57.741s][info][gc          ] GC(63) Pause Final Update Refs 0.264ms
[2026-04-03T02:24:55.237+0600][57.741s][info][gc,start    ] GC(63) Concurrent cleanup
[2026-04-03T02:24:55.238+0600][57.742s][info][gc          ] GC(63) Concurrent cleanup 283M->201M(829M) 0.871ms
[2026-04-03T02:24:55.238+0600][57.742s][info][gc,ergo     ] Free: 739M, Max: 256K regular, 258M humongous, Frag: 66% external, 0% internal; Reserve: 51200K, Max: 256K
[2026-04-03T02:24:55.238+0600][57.742s][info][gc,stats    ] 
[2026-04-03T02:24:55.238+0600][57.742s][info][gc,stats    ] All times are wall-clock times, except per-root-class counters, that are sum over
[2026-04-03T02:24:55.238+0600][57.742s][info][gc,stats    ] all workers. Dividing the <total> over the root stage time estimates parallelism.
[2026-04-03T02:24:55.238+0600][57.742s][info][gc,stats    ] 
[2026-04-03T02:24:55.238+0600][57.742s][info][gc,stats    ] Concurrent Reset                   2127 us
[2026-04-03T02:24:55.238+0600][57.742s][info][gc,stats    ] Pause Init Mark (G)                 883 us
[2026-04-03T02:24:55.238+0600][57.742s][info][gc,stats    ] Pause Init Mark (N)                 254 us
[2026-04-03T02:24:55.239+0600][57.742s][info][gc,stats    ]   Update Region States               75 us
[2026-04-03T02:24:55.239+0600][57.742s][info][gc,stats    ] Concurrent Mark Roots              2138 us, parallelism: 1.77x
[2026-04-03T02:24:55.239+0600][57.742s][info][gc,stats    ]   CMR: <total>                     3781 us
[2026-04-03T02:24:55.239+0600][57.742s][info][gc,stats    ]   CMR: Thread Roots                3247 us, workers (us): 1506, 1030, 711, ---, ---, ---, 
[2026-04-03T02:24:55.239+0600][57.742s][info][gc,stats    ]   CMR: VM Strong Roots               77 us, workers (us):  49,  27,   1, ---, ---, ---, 
[2026-04-03T02:24:55.239+0600][57.742s][info][gc,stats    ]   CMR: CLDG Roots                   456 us, workers (us): ---, 456, ---, ---, ---, ---, 
[2026-04-03T02:24:55.239+0600][57.742s][info][gc,stats    ] Concurrent Marking                65400 us
[2026-04-03T02:24:55.239+0600][57.742s][info][gc,stats    ] Pause Final Mark (G)               1042 us
[2026-04-03T02:24:55.239+0600][57.742s][info][gc,stats    ] Pause Final Mark (N)                926 us
[2026-04-03T02:24:55.239+0600][57.742s][info][gc,stats    ]   Finish Mark                       440 us
[2026-04-03T02:24:55.239+0600][57.742s][info][gc,stats    ]   Update Region States               52 us
[2026-04-03T02:24:55.239+0600][57.742s][info][gc,stats    ]   Choose Collection Set             257 us
[2026-04-03T02:24:55.239+0600][57.742s][info][gc,stats    ]   Rebuild Free Set                   49 us
[2026-04-03T02:24:55.239+0600][57.742s][info][gc,stats    ] Concurrent Thread Roots            1181 us, parallelism: 2.38x
[2026-04-03T02:24:55.239+0600][57.742s][info][gc,stats    ]   CTR: <total>                     2815 us
[2026-04-03T02:24:55.239+0600][57.742s][info][gc,stats    ]   CTR: Thread Roots                2815 us, workers (us): 960, 917, 938, ---, ---, ---, 
[2026-04-03T02:24:55.239+0600][57.742s][info][gc,stats    ] Concurrent Weak References          992 us, parallelism: 0.98x
[2026-04-03T02:24:55.239+0600][57.742s][info][gc,stats    ]   CWRF: <total>                     976 us
[2026-04-03T02:24:55.239+0600][57.742s][info][gc,stats    ]   CWRF: Weak References             976 us, workers (us): 772, 205,   0, ---, ---, ---, 
[2026-04-03T02:24:55.239+0600][57.742s][info][gc,stats    ] Concurrent Weak Roots              6379 us
[2026-04-03T02:24:55.239+0600][57.742s][info][gc,stats    ]   Roots                            5768 us, parallelism: 2.80x
[2026-04-03T02:24:55.239+0600][57.742s][info][gc,stats    ]     CWR: <total>                  16149 us
[2026-04-03T02:24:55.239+0600][57.742s][info][gc,stats    ]     CWR: Code Cache Roots         12771 us, workers (us): 4389, 4071, 4311, ---, ---, ---, 
[2026-04-03T02:24:55.239+0600][57.742s][info][gc,stats    ]     CWR: VM Weak Roots             3122 us, workers (us): 1027, 1016, 1078, ---, ---, ---, 
[2026-04-03T02:24:55.239+0600][57.742s][info][gc,stats    ]     CWR: CLDG Roots                 255 us, workers (us): ---, 255, ---, ---, ---, ---, 
[2026-04-03T02:24:55.239+0600][57.742s][info][gc,stats    ]   Rendezvous                        476 us
[2026-04-03T02:24:55.239+0600][57.742s][info][gc,stats    ] Concurrent Cleanup                 1048 us
[2026-04-03T02:24:55.239+0600][57.742s][info][gc,stats    ] Concurrent Class Unloading        17566 us
[2026-04-03T02:24:55.239+0600][57.742s][info][gc,stats    ]   Unlink Stale                    15851 us
[2026-04-03T02:24:55.239+0600][57.742s][info][gc,stats    ]     System Dictionary               341 us
[2026-04-03T02:24:55.239+0600][57.742s][info][gc,stats    ]     Weak Class Links                  1 us
[2026-04-03T02:24:55.239+0600][57.742s][info][gc,stats    ]     Code Roots                    15504 us
[2026-04-03T02:24:55.239+0600][57.742s][info][gc,stats    ]   Rendezvous                        271 us
[2026-04-03T02:24:55.239+0600][57.742s][info][gc,stats    ]   Purge Unlinked                   1242 us
[2026-04-03T02:24:55.239+0600][57.742s][info][gc,stats    ]     Code Roots                     1218 us
[2026-04-03T02:24:55.239+0600][57.742s][info][gc,stats    ]     CLDG                             22 us
[2026-04-03T02:24:55.239+0600][57.742s][info][gc,stats    ]     Exception Caches                  0 us
[2026-04-03T02:24:55.239+0600][57.742s][info][gc,stats    ] Concurrent Strong Roots            1447 us, parallelism: 0.66x
[2026-04-03T02:24:55.239+0600][57.742s][info][gc,stats    ]   CSR: <total>                      953 us
[2026-04-03T02:24:55.239+0600][57.742s][info][gc,stats    ]   CSR: VM Strong Roots               70 us, workers (us):  35,  34,   1, ---, ---, ---, 
[2026-04-03T02:24:55.239+0600][57.742s][info][gc,stats    ]   CSR: CLDG Roots                   883 us, workers (us): 883, ---, ---, ---, ---, ---, 
[2026-04-03T02:24:55.239+0600][57.742s][info][gc,stats    ] Concurrent Evacuation              4769 us
[2026-04-03T02:24:55.239+0600][57.742s][info][gc,stats    ] Pause Init Update Refs (G)          651 us
[2026-04-03T02:24:55.239+0600][57.742s][info][gc,stats    ] Pause Init Update Refs (N)          205 us
[2026-04-03T02:24:55.239+0600][57.742s][info][gc,stats    ]   Manage GCLABs                      61 us
[2026-04-03T02:24:55.239+0600][57.742s][info][gc,stats    ] Concurrent Update Refs            53288 us
[2026-04-03T02:24:55.239+0600][57.742s][info][gc,stats    ] Concurrent Update Thread Roots     1877 us
[2026-04-03T02:24:55.239+0600][57.742s][info][gc,stats    ] Pause Final Update Refs (G)         464 us
[2026-04-03T02:24:55.239+0600][57.742s][info][gc,stats    ] Pause Final Update Refs (N)         302 us
[2026-04-03T02:24:55.239+0600][57.742s][info][gc,stats    ]   Update Region States               73 us
[2026-04-03T02:24:55.239+0600][57.742s][info][gc,stats    ]   Trash Collection Set               22 us
[2026-04-03T02:24:55.239+0600][57.742s][info][gc,stats    ]   Rebuild Free Set                   59 us
[2026-04-03T02:24:55.239+0600][57.743s][info][gc,stats    ] Concurrent Cleanup                  911 us
[2026-04-03T02:24:55.239+0600][57.743s][info][gc,stats    ] Pacing                            83671 us
[2026-04-03T02:24:55.239+0600][57.743s][info][gc,stats    ] 
[2026-04-03T02:24:55.239+0600][57.743s][info][gc,stats    ] Allocation pacing accrued:
[2026-04-03T02:24:55.239+0600][57.743s][info][gc,stats    ]      11 of   617 ms (  1.7%): Executor task launch worker for task 3.0 in stage 1884.0 (TID 3660)
[2026-04-03T02:24:55.239+0600][57.743s][info][gc,stats    ]      10 of   617 ms (  1.7%): Executor task launch worker for task 6.0 in stage 1884.0 (TID 3663)
[2026-04-03T02:24:55.239+0600][57.743s][info][gc,stats    ]      11 of   617 ms (  1.8%): Executor task launch worker for task 4.0 in stage 1884.0 (TID 3661)
[2026-04-03T02:24:55.239+0600][57.743s][info][gc,stats    ]      10 of   617 ms (  1.6%): Executor task launch worker for task 2.0 in stage 1884.0 (TID 3659)
[2026-04-03T02:24:55.239+0600][57.743s][info][gc,stats    ]      11 of   617 ms (  1.8%): Executor task launch worker for task 7.0 in stage 1884.0 (TID 3664)
[2026-04-03T02:24:55.239+0600][57.743s][info][gc,stats    ]      10 of   617 ms (  1.6%): Executor task launch worker for task 0.0 in stage 1884.0 (TID 3657)
[2026-04-03T02:24:55.239+0600][57.743s][info][gc,stats    ]      10 of   617 ms (  1.7%): Executor task launch worker for task 1.0 in stage 1884.0 (TID 3658)
[2026-04-03T02:24:55.239+0600][57.743s][info][gc,stats    ]      11 of   617 ms (  1.7%): Executor task launch worker for task 5.0 in stage 1884.0 (TID 3662)
[2026-04-03T02:24:55.239+0600][57.743s][info][gc,stats    ]      84 of   617 ms ( 13.6%): <total>
[2026-04-03T02:24:55.239+0600][57.743s][info][gc,stats    ]       0 of   617 ms (  0.0%): <average total>
[2026-04-03T02:24:55.239+0600][57.743s][info][gc,stats    ]      10 of   617 ms (  1.7%): <average non-zero>
[2026-04-03T02:24:55.239+0600][57.743s][info][gc,stats    ] 
[2026-04-03T02:24:55.239+0600][57.743s][info][gc,metaspace] Metaspace: 131242K(132672K)->131266K(132672K) NonClass: 114767K(115520K)->114785K(115520K) Class: 16474K(17152K)->16480K(17152K)
[2026-04-03T02:24:55.239+0600][57.743s][info][gc,ergo     ] Pacer for Idle. Initial: 20480K, Alloc Tax Rate: 1.0x
[2026-04-03T02:24:55.755+0600][58.258s][info][gc          ] Trigger: Average GC time (173.60 ms) is above the time for average allocation rate (1091 MB/s) to deplete free headroom (189M) (margin of error = 1.80)
[2026-04-03T02:24:55.755+0600][58.258s][info][gc,ergo     ] Free headroom: 239M (free) - 51200K (spike) - 0B (penalties) = 189M
[2026-04-03T02:24:55.755+0600][58.258s][info][gc,ergo     ] Free: 239M, Max: 256K regular, 126M humongous, Frag: 48% external, 1% internal; Reserve: 51200K, Max: 256K
[2026-04-03T02:24:55.755+0600][58.258s][info][gc,start    ] GC(64) Concurrent reset
[2026-04-03T02:24:55.755+0600][58.258s][info][gc,task     ] GC(64) Using 3 of 6 workers for concurrent reset
[2026-04-03T02:24:55.755+0600][58.258s][info][gc,ergo     ] GC(64) Pacer for Reset. Non-Taxable: 1000M
[2026-04-03T02:24:55.756+0600][58.260s][info][gc          ] GC(64) Concurrent reset 1.476ms
[2026-04-03T02:24:55.757+0600][58.260s][info][gc,start    ] GC(64) Pause Init Mark (unload classes)
[2026-04-03T02:24:55.757+0600][58.260s][info][gc,task     ] GC(64) Using 6 of 6 workers for init marking
[2026-04-03T02:24:55.757+0600][58.260s][info][gc,ergo     ] GC(64) Pacer for Mark. Expected Live: 92802K, Free: 237M, Non-Taxable: 24349K, Alloc Tax Rate: 0.5x
[2026-04-03T02:24:55.757+0600][58.260s][info][gc          ] GC(64) Pause Init Mark (unload classes) 0.240ms
[2026-04-03T02:24:55.757+0600][58.260s][info][gc,start    ] GC(64) Concurrent marking roots
[2026-04-03T02:24:55.757+0600][58.260s][info][gc,task     ] GC(64) Using 3 of 6 workers for concurrent marking roots
[2026-04-03T02:24:55.759+0600][58.262s][info][gc          ] GC(64) Concurrent marking roots 1.786ms
[2026-04-03T02:24:55.759+0600][58.262s][info][gc,start    ] GC(64) Concurrent marking (unload classes)
[2026-04-03T02:24:55.759+0600][58.262s][info][gc,task     ] GC(64) Using 3 of 6 workers for concurrent marking
[2026-04-03T02:24:55.817+0600][58.320s][info][gc          ] GC(64) Concurrent marking (unload classes) 58.213ms
[2026-04-03T02:24:55.817+0600][58.320s][info][gc,start    ] GC(64) Pause Final Mark (unload classes)
[2026-04-03T02:24:55.817+0600][58.320s][info][gc,task     ] GC(64) Using 6 of 6 workers for final marking
[2026-04-03T02:24:55.818+0600][58.321s][info][gc,ergo     ] GC(64) Adaptive CSet Selection. Target Free: 141M, Actual Free: 713M, Max CSet: 42666K, Min Garbage: 0B
[2026-04-03T02:24:55.818+0600][58.321s][info][gc,ergo     ] GC(64) Collectable Garbage: 584M (98%), Immediate: 455M (76%), CSet: 129M (21%)
[2026-04-03T02:24:55.818+0600][58.321s][info][gc,ergo     ] GC(64) Pacer for Evacuation. Used CSet: 134M, Free: 691M, Non-Taxable: 70834K, Alloc Tax Rate: 1.1x
[2026-04-03T02:24:55.818+0600][58.321s][info][gc          ] GC(64) Pause Final Mark (unload classes) 1.011ms
[2026-04-03T02:24:55.818+0600][58.321s][info][gc,start    ] GC(64) Concurrent thread roots
[2026-04-03T02:24:55.818+0600][58.322s][info][gc,task     ] GC(64) Using 3 of 6 workers for Concurrent thread roots
[2026-04-03T02:24:55.819+0600][58.323s][info][gc          ] GC(64) Concurrent thread roots 1.212ms
[2026-04-03T02:24:55.819+0600][58.323s][info][gc,start    ] GC(64) Concurrent weak references
[2026-04-03T02:24:55.819+0600][58.323s][info][gc,task     ] GC(64) Using 3 of 6 workers for concurrent weak references
[2026-04-03T02:24:55.821+0600][58.324s][info][gc,ref      ] GC(64) Encountered references: Soft: 3788, Weak: 16683, Final: 84, Phantom: 623
[2026-04-03T02:24:55.821+0600][58.324s][info][gc,ref      ] GC(64) Discovered  references: Soft: 0, Weak: 9977, Final: 52, Phantom: 581
[2026-04-03T02:24:55.821+0600][58.324s][info][gc,ref      ] GC(64) Enqueued    references: Soft: 0, Weak: 1724, Final: 0, Phantom: 0
[2026-04-03T02:24:55.821+0600][58.324s][info][gc          ] GC(64) Concurrent weak references 1.219ms
[2026-04-03T02:24:55.821+0600][58.324s][info][gc,start    ] GC(64) Concurrent weak roots
[2026-04-03T02:24:55.821+0600][58.324s][info][gc,task     ] GC(64) Using 3 of 6 workers for concurrent weak root
[2026-04-03T02:24:55.827+0600][58.331s][info][gc          ] GC(64) Concurrent weak roots 6.735ms
[2026-04-03T02:24:55.828+0600][58.331s][info][gc,start    ] GC(64) Concurrent cleanup
[2026-04-03T02:24:55.829+0600][58.332s][info][gc          ] GC(64) Concurrent cleanup 713M->259M(829M) 1.213ms
[2026-04-03T02:24:55.829+0600][58.332s][info][gc,ergo     ] GC(64) Free: 686M, Max: 256K regular, 127M humongous, Frag: 82% external, 0% internal; Reserve: 50583K, Max: 256K
[2026-04-03T02:24:55.829+0600][58.332s][info][gc,start    ] GC(64) Concurrent class unloading
[2026-04-03T02:24:55.829+0600][58.332s][info][gc,task     ] GC(64) Using 3 of 6 workers for concurrent class unloading
[2026-04-03T02:24:55.845+0600][58.349s][info][gc          ] GC(64) Concurrent class unloading 16.384ms
[2026-04-03T02:24:55.845+0600][58.349s][info][gc,start    ] GC(64) Concurrent strong roots
[2026-04-03T02:24:55.845+0600][58.349s][info][gc,task     ] GC(64) Using 3 of 6 workers for concurrent strong root
[2026-04-03T02:24:55.847+0600][58.350s][info][gc          ] GC(64) Concurrent strong roots 1.612ms
[2026-04-03T02:24:55.847+0600][58.350s][info][gc,start    ] GC(64) Concurrent evacuation
[2026-04-03T02:24:55.847+0600][58.350s][info][gc,task     ] GC(64) Using 3 of 6 workers for concurrent evacuation
[2026-04-03T02:24:55.851+0600][58.355s][info][gc          ] GC(64) Concurrent evacuation 4.241ms
[2026-04-03T02:24:55.852+0600][58.355s][info][gc,start    ] GC(64) Pause Init Update Refs
[2026-04-03T02:24:55.852+0600][58.355s][info][gc,ergo     ] GC(64) Pacer for Update Refs. Used: 268M, Free: 682M, Non-Taxable: 69884K, Alloc Tax Rate: 1.1x
[2026-04-03T02:24:55.852+0600][58.355s][info][gc          ] GC(64) Pause Init Update Refs 0.186ms
[2026-04-03T02:24:55.852+0600][58.355s][info][gc,start    ] GC(64) Concurrent update references
[2026-04-03T02:24:55.852+0600][58.355s][info][gc,task     ] GC(64) Using 3 of 6 workers for concurrent reference update
[2026-04-03T02:24:55.898+0600][58.402s][info][gc          ] GC(64) Concurrent update references 46.403ms
[2026-04-03T02:24:55.898+0600][58.402s][info][gc,start    ] GC(64) Concurrent update thread roots
[2026-04-03T02:24:55.901+0600][58.404s][info][gc          ] GC(64) Concurrent update thread roots 2.174ms
[2026-04-03T02:24:55.901+0600][58.404s][info][gc,start    ] GC(64) Pause Final Update Refs
[2026-04-03T02:24:55.901+0600][58.404s][info][gc,task     ] GC(64) Using 6 of 6 workers for final reference update
[2026-04-03T02:24:55.901+0600][58.404s][info][gc          ] GC(64) Pause Final Update Refs 0.290ms
[2026-04-03T02:24:55.901+0600][58.405s][info][gc,start    ] GC(64) Concurrent cleanup
[2026-04-03T02:24:55.902+0600][58.405s][info][gc          ] GC(64) Concurrent cleanup 284M->150M(829M) 0.385ms
[2026-04-03T02:24:55.902+0600][58.405s][info][gc,ergo     ] Free: 794M, Max: 256K regular, 258M humongous, Frag: 68% external, 0% internal; Reserve: 51200K, Max: 256K
[2026-04-03T02:24:55.902+0600][58.405s][info][gc,stats    ] 
[2026-04-03T02:24:55.902+0600][58.405s][info][gc,stats    ] All times are wall-clock times, except per-root-class counters, that are sum over
[2026-04-03T02:24:55.902+0600][58.405s][info][gc,stats    ] all workers. Dividing the <total> over the root stage time estimates parallelism.
[2026-04-03T02:24:55.902+0600][58.405s][info][gc,stats    ] 
[2026-04-03T02:24:55.902+0600][58.405s][info][gc,stats    ] Concurrent Reset                   1526 us
[2026-04-03T02:24:55.902+0600][58.405s][info][gc,stats    ] Pause Init Mark (G)                 457 us
[2026-04-03T02:24:55.902+0600][58.405s][info][gc,stats    ] Pause Init Mark (N)                 250 us
[2026-04-03T02:24:55.902+0600][58.405s][info][gc,stats    ]   Update Region States              107 us
[2026-04-03T02:24:55.902+0600][58.405s][info][gc,stats    ] Concurrent Mark Roots              1872 us, parallelism: 1.86x
[2026-04-03T02:24:55.902+0600][58.405s][info][gc,stats    ]   CMR: <total>                     3486 us
[2026-04-03T02:24:55.902+0600][58.405s][info][gc,stats    ]   CMR: Thread Roots                2911 us, workers (us): 1146, 637, 1128, ---, ---, ---, 
[2026-04-03T02:24:55.902+0600][58.405s][info][gc,stats    ]   CMR: VM Strong Roots               66 us, workers (us):  24,  22,  20, ---, ---, ---, 
[2026-04-03T02:24:55.902+0600][58.405s][info][gc,stats    ]   CMR: CLDG Roots                   509 us, workers (us): ---, 509, ---, ---, ---, ---, 
[2026-04-03T02:24:55.902+0600][58.405s][info][gc,stats    ] Concurrent Marking                58290 us
[2026-04-03T02:24:55.902+0600][58.405s][info][gc,stats    ] Pause Final Mark (G)               1173 us
[2026-04-03T02:24:55.902+0600][58.405s][info][gc,stats    ] Pause Final Mark (N)               1027 us
[2026-04-03T02:24:55.902+0600][58.405s][info][gc,stats    ]   Finish Mark                       348 us
[2026-04-03T02:24:55.902+0600][58.405s][info][gc,stats    ]   Update Region States               86 us
[2026-04-03T02:24:55.902+0600][58.405s][info][gc,stats    ]   Choose Collection Set             403 us
[2026-04-03T02:24:55.902+0600][58.405s][info][gc,stats    ]   Rebuild Free Set                   58 us
[2026-04-03T02:24:55.902+0600][58.405s][info][gc,stats    ] Concurrent Thread Roots            1262 us, parallelism: 2.21x
[2026-04-03T02:24:55.902+0600][58.405s][info][gc,stats    ]   CTR: <total>                     2793 us
[2026-04-03T02:24:55.902+0600][58.406s][info][gc,stats    ]   CTR: Thread Roots                2793 us, workers (us): 961, 913, 920, ---, ---, ---, 
[2026-04-03T02:24:55.902+0600][58.406s][info][gc,stats    ] Concurrent Weak References         1251 us, parallelism: 1.04x
[2026-04-03T02:24:55.902+0600][58.406s][info][gc,stats    ]   CWRF: <total>                    1307 us
[2026-04-03T02:24:55.902+0600][58.406s][info][gc,stats    ]   CWRF: Weak References            1307 us, workers (us): 175, 941, 191, ---, ---, ---, 
[2026-04-03T02:24:55.902+0600][58.406s][info][gc,stats    ] Concurrent Weak Roots              6849 us
[2026-04-03T02:24:55.902+0600][58.406s][info][gc,stats    ]   Roots                            6210 us, parallelism: 2.78x
[2026-04-03T02:24:55.902+0600][58.406s][info][gc,stats    ]     CWR: <total>                  17274 us
[2026-04-03T02:24:55.902+0600][58.406s][info][gc,stats    ]     CWR: Code Cache Roots         14478 us, workers (us): 4938, 4629, 4912, ---, ---, ---, 
[2026-04-03T02:24:55.902+0600][58.406s][info][gc,stats    ]     CWR: VM Weak Roots             2543 us, workers (us): 853, 845, 845, ---, ---, ---, 
[2026-04-03T02:24:55.902+0600][58.406s][info][gc,stats    ]     CWR: CLDG Roots                 253 us, workers (us): ---, 253, ---, ---, ---, ---, 
[2026-04-03T02:24:55.902+0600][58.406s][info][gc,stats    ]   Rendezvous                        486 us
[2026-04-03T02:24:55.902+0600][58.406s][info][gc,stats    ] Concurrent Cleanup                 1289 us
[2026-04-03T02:24:55.902+0600][58.406s][info][gc,stats    ] Concurrent Class Unloading        16498 us
[2026-04-03T02:24:55.902+0600][58.406s][info][gc,stats    ]   Unlink Stale                    14824 us
[2026-04-03T02:24:55.902+0600][58.406s][info][gc,stats    ]     System Dictionary               301 us
[2026-04-03T02:24:55.902+0600][58.406s][info][gc,stats    ]     Weak Class Links                  1 us
[2026-04-03T02:24:55.902+0600][58.406s][info][gc,stats    ]     Code Roots                    14518 us
[2026-04-03T02:24:55.902+0600][58.406s][info][gc,stats    ]   Rendezvous                        479 us
[2026-04-03T02:24:55.902+0600][58.406s][info][gc,stats    ]   Purge Unlinked                   1049 us
[2026-04-03T02:24:55.902+0600][58.406s][info][gc,stats    ]     Code Roots                     1031 us
[2026-04-03T02:24:55.902+0600][58.406s][info][gc,stats    ]     CLDG                             16 us
[2026-04-03T02:24:55.902+0600][58.406s][info][gc,stats    ]     Exception Caches                  1 us
[2026-04-03T02:24:55.902+0600][58.406s][info][gc,stats    ] Concurrent Strong Roots            1663 us, parallelism: 0.68x
[2026-04-03T02:24:55.902+0600][58.406s][info][gc,stats    ]   CSR: <total>                     1132 us
[2026-04-03T02:24:55.902+0600][58.406s][info][gc,stats    ]   CSR: VM Strong Roots               72 us, workers (us):  32,  32,   8, ---, ---, ---, 
[2026-04-03T02:24:55.903+0600][58.406s][info][gc,stats    ]   CSR: CLDG Roots                  1061 us, workers (us): ---, ---, 1061, ---, ---, ---, 
[2026-04-03T02:24:55.903+0600][58.406s][info][gc,stats    ] Concurrent Evacuation              4339 us
[2026-04-03T02:24:55.903+0600][58.406s][info][gc,stats    ] Pause Init Update Refs (G)          454 us
[2026-04-03T02:24:55.903+0600][58.406s][info][gc,stats    ] Pause Init Update Refs (N)          201 us
[2026-04-03T02:24:55.903+0600][58.406s][info][gc,stats    ]   Manage GCLABs                      65 us
[2026-04-03T02:24:55.903+0600][58.406s][info][gc,stats    ] Concurrent Update Refs            46486 us
[2026-04-03T02:24:55.903+0600][58.406s][info][gc,stats    ] Concurrent Update Thread Roots     2302 us
[2026-04-03T02:24:55.903+0600][58.406s][info][gc,stats    ] Pause Final Update Refs (G)         607 us
[2026-04-03T02:24:55.903+0600][58.406s][info][gc,stats    ] Pause Final Update Refs (N)         315 us
[2026-04-03T02:24:55.903+0600][58.406s][info][gc,stats    ]   Update Region States              117 us
[2026-04-03T02:24:55.903+0600][58.406s][info][gc,stats    ]   Trash Collection Set               29 us
[2026-04-03T02:24:55.903+0600][58.406s][info][gc,stats    ]   Rebuild Free Set                   61 us
[2026-04-03T02:24:55.903+0600][58.406s][info][gc,stats    ] Concurrent Cleanup                  473 us
[2026-04-03T02:24:55.903+0600][58.406s][info][gc,stats    ] 
[2026-04-03T02:24:55.903+0600][58.406s][info][gc,stats    ] Allocation pacing accrued:
[2026-04-03T02:24:55.903+0600][58.406s][info][gc,stats    ]       0 of   663 ms (  0.0%): <total>
[2026-04-03T02:24:55.903+0600][58.406s][info][gc,stats    ]       0 of   663 ms (  0.0%): <average total>
[2026-04-03T02:24:55.903+0600][58.406s][info][gc,stats    ] 
[2026-04-03T02:24:55.903+0600][58.406s][info][gc,metaspace] Metaspace: 131275K(132672K)->131275K(132672K) NonClass: 114792K(115520K)->114792K(115520K) Class: 16483K(17152K)->16483K(17152K)
[2026-04-03T02:24:55.903+0600][58.406s][info][gc,ergo     ] Pacer for Idle. Initial: 20480K, Alloc Tax Rate: 1.0x
[2026-04-03T02:24:56.004+0600][58.507s][info][gc          ] Trigger: Average GC time (165.80 ms) is above the time for average allocation rate (2280 MB/s) to deplete free headroom (365M) (margin of error = 1.79)
[2026-04-03T02:24:56.004+0600][58.507s][info][gc,ergo     ] Free headroom: 415M (free) - 51200K (spike) - 0B (penalties) = 365M
[2026-04-03T02:24:56.004+0600][58.507s][info][gc,ergo     ] Free: 415M, Max: 256K regular, 125M humongous, Frag: 70% external, 0% internal; Reserve: 51200K, Max: 256K
[2026-04-03T02:24:56.004+0600][58.507s][info][gc,start    ] GC(65) Concurrent reset
[2026-04-03T02:24:56.004+0600][58.507s][info][gc,task     ] GC(65) Using 3 of 6 workers for concurrent reset
[2026-04-03T02:24:56.004+0600][58.507s][info][gc,ergo     ] GC(65) Pacer for Reset. Non-Taxable: 1000M
[2026-04-03T02:24:56.005+0600][58.508s][info][gc          ] GC(65) Concurrent reset 1.141ms
[2026-04-03T02:24:56.005+0600][58.509s][info][gc,start    ] GC(65) Pause Init Mark (unload classes)
[2026-04-03T02:24:56.005+0600][58.509s][info][gc,task     ] GC(65) Using 6 of 6 workers for init marking
[2026-04-03T02:24:56.006+0600][58.509s][info][gc,ergo     ] GC(65) Pacer for Mark. Expected Live: 92957K, Free: 415M, Non-Taxable: 42514K, Alloc Tax Rate: 0.3x
[2026-04-03T02:24:56.006+0600][58.509s][info][gc          ] GC(65) Pause Init Mark (unload classes) 0.130ms
[2026-04-03T02:24:56.006+0600][58.509s][info][gc,start    ] GC(65) Concurrent marking roots
[2026-04-03T02:24:56.006+0600][58.509s][info][gc,task     ] GC(65) Using 3 of 6 workers for concurrent marking roots
[2026-04-03T02:24:56.007+0600][58.510s][info][gc          ] GC(65) Concurrent marking roots 1.221ms
[2026-04-03T02:24:56.007+0600][58.510s][info][gc,start    ] GC(65) Concurrent marking (unload classes)
[2026-04-03T02:24:56.007+0600][58.510s][info][gc,task     ] GC(65) Using 3 of 6 workers for concurrent marking
[2026-04-03T02:24:56.059+0600][58.562s][info][gc          ] GC(65) Concurrent marking (unload classes) 51.689ms
[2026-04-03T02:24:56.059+0600][58.562s][info][gc,start    ] GC(65) Pause Final Mark (unload classes)
[2026-04-03T02:24:56.059+0600][58.562s][info][gc,task     ] GC(65) Using 6 of 6 workers for final marking
[2026-04-03T02:24:56.059+0600][58.563s][info][gc,ergo     ] GC(65) Adaptive CSet Selection. Target Free: 141M, Actual Free: 769M, Max CSet: 42666K, Min Garbage: 0B
[2026-04-03T02:24:56.060+0600][58.563s][info][gc,ergo     ] GC(65) Collectable Garbage: 409M (98%), Immediate: 372M (89%), CSet: 37789K (8%)
[2026-04-03T02:24:56.060+0600][58.563s][info][gc,ergo     ] GC(65) Pacer for Evacuation. Used CSet: 41506K, Free: 747M, Non-Taxable: 76554K, Alloc Tax Rate: 1.1x
[2026-04-03T02:24:56.060+0600][58.563s][info][gc          ] GC(65) Pause Final Mark (unload classes) 0.778ms
[2026-04-03T02:24:56.060+0600][58.563s][info][gc,start    ] GC(65) Concurrent thread roots
[2026-04-03T02:24:56.060+0600][58.563s][info][gc,task     ] GC(65) Using 3 of 6 workers for Concurrent thread roots
[2026-04-03T02:24:56.061+0600][58.564s][info][gc          ] GC(65) Concurrent thread roots 0.967ms
[2026-04-03T02:24:56.061+0600][58.564s][info][gc,start    ] GC(65) Concurrent weak references
[2026-04-03T02:24:56.061+0600][58.564s][info][gc,task     ] GC(65) Using 3 of 6 workers for concurrent weak references
[2026-04-03T02:24:56.061+0600][58.565s][info][gc,ref      ] GC(65) Encountered references: Soft: 3784, Weak: 15355, Final: 84, Phantom: 620
[2026-04-03T02:24:56.062+0600][58.565s][info][gc,ref      ] GC(65) Discovered  references: Soft: 0, Weak: 6825, Final: 5, Phantom: 579
[2026-04-03T02:24:56.062+0600][58.565s][info][gc,ref      ] GC(65) Enqueued    references: Soft: 0, Weak: 786, Final: 0, Phantom: 0
[2026-04-03T02:24:56.062+0600][58.565s][info][gc          ] GC(65) Concurrent weak references 0.828ms
[2026-04-03T02:24:56.062+0600][58.565s][info][gc,start    ] GC(65) Concurrent weak roots
[2026-04-03T02:24:56.062+0600][58.565s][info][gc,task     ] GC(65) Using 3 of 6 workers for concurrent weak root
[2026-04-03T02:24:56.069+0600][58.572s][info][gc          ] GC(65) Concurrent weak roots 7.230ms
[2026-04-03T02:24:56.069+0600][58.572s][info][gc,start    ] GC(65) Concurrent cleanup
[2026-04-03T02:24:56.070+0600][58.573s][info][gc          ] GC(65) Concurrent cleanup 642M->270M(829M) 1.087ms
[2026-04-03T02:24:56.070+0600][58.574s][info][gc,ergo     ] GC(65) Free: 668M, Max: 256K regular, 136M humongous, Frag: 80% external, 0% internal; Reserve: 50489K, Max: 256K
[2026-04-03T02:24:56.070+0600][58.574s][info][gc,start    ] GC(65) Concurrent class unloading
[2026-04-03T02:24:56.070+0600][58.574s][info][gc,task     ] GC(65) Using 3 of 6 workers for concurrent class unloading
[2026-04-03T02:24:56.089+0600][58.592s][info][gc          ] GC(65) Concurrent class unloading 18.708ms
[2026-04-03T02:24:56.089+0600][58.592s][info][gc,start    ] GC(65) Concurrent strong roots
[2026-04-03T02:24:56.089+0600][58.592s][info][gc,task     ] GC(65) Using 3 of 6 workers for concurrent strong root
[2026-04-03T02:24:56.090+0600][58.594s][info][gc          ] GC(65) Concurrent strong roots 1.360ms
[2026-04-03T02:24:56.090+0600][58.594s][info][gc,start    ] GC(65) Concurrent evacuation
[2026-04-03T02:24:56.091+0600][58.594s][info][gc,task     ] GC(65) Using 3 of 6 workers for concurrent evacuation
[2026-04-03T02:24:56.094+0600][58.597s][info][gc          ] GC(65) Concurrent evacuation 3.387ms
[2026-04-03T02:24:56.094+0600][58.598s][info][gc,start    ] GC(65) Pause Init Update Refs
[2026-04-03T02:24:56.095+0600][58.598s][info][gc,ergo     ] GC(65) Pacer for Update Refs. Used: 308M, Free: 632M, Non-Taxable: 64754K, Alloc Tax Rate: 1.1x
[2026-04-03T02:24:56.095+0600][58.598s][info][gc          ] GC(65) Pause Init Update Refs 0.144ms
[2026-04-03T02:24:56.095+0600][58.598s][info][gc,start    ] GC(65) Concurrent update references
[2026-04-03T02:24:56.095+0600][58.598s][info][gc,task     ] GC(65) Using 3 of 6 workers for concurrent reference update
[2026-04-03T02:24:56.146+0600][58.649s][info][gc          ] GC(65) Concurrent update references 50.850ms
[2026-04-03T02:24:56.146+0600][58.649s][info][gc,start    ] GC(65) Concurrent update thread roots
[2026-04-03T02:24:56.148+0600][58.651s][info][gc          ] GC(65) Concurrent update thread roots 1.907ms
[2026-04-03T02:24:56.148+0600][58.651s][info][gc,start    ] GC(65) Pause Final Update Refs
[2026-04-03T02:24:56.148+0600][58.651s][info][gc,task     ] GC(65) Using 6 of 6 workers for final reference update
[2026-04-03T02:24:56.148+0600][58.651s][info][gc          ] GC(65) Pause Final Update Refs 0.231ms
[2026-04-03T02:24:56.148+0600][58.652s][info][gc,start    ] GC(65) Concurrent cleanup
[2026-04-03T02:24:56.149+0600][58.653s][info][gc          ] GC(65) Concurrent cleanup 443M->405M(829M) 0.933ms
[2026-04-03T02:24:56.149+0600][58.653s][info][gc,ergo     ] Free: 524M, Max: 256K regular, 182M humongous, Frag: 65% external, 1% internal; Reserve: 51200K, Max: 256K
[2026-04-03T02:24:56.149+0600][58.653s][info][gc,stats    ] 
[2026-04-03T02:24:56.149+0600][58.653s][info][gc,stats    ] All times are wall-clock times, except per-root-class counters, that are sum over
[2026-04-03T02:24:56.149+0600][58.653s][info][gc,stats    ] all workers. Dividing the <total> over the root stage time estimates parallelism.
[2026-04-03T02:24:56.150+0600][58.653s][info][gc,stats    ] 
[2026-04-03T02:24:56.150+0600][58.653s][info][gc,stats    ] Concurrent Reset                   1203 us
[2026-04-03T02:24:56.150+0600][58.653s][info][gc,stats    ] Pause Init Mark (G)                 400 us
[2026-04-03T02:24:56.150+0600][58.653s][info][gc,stats    ] Pause Init Mark (N)                 143 us
[2026-04-03T02:24:56.150+0600][58.653s][info][gc,stats    ]   Update Region States               34 us
[2026-04-03T02:24:56.150+0600][58.653s][info][gc,stats    ] Concurrent Mark Roots              1267 us, parallelism: 1.77x
[2026-04-03T02:24:56.150+0600][58.653s][info][gc,stats    ]   CMR: <total>                     2242 us
[2026-04-03T02:24:56.150+0600][58.653s][info][gc,stats    ]   CMR: Thread Roots                1866 us, workers (us): 396, 736, 735, ---, ---, ---, 
[2026-04-03T02:24:56.150+0600][58.653s][info][gc,stats    ]   CMR: VM Strong Roots               44 us, workers (us):  16,  15,  13, ---, ---, ---, 
[2026-04-03T02:24:56.150+0600][58.653s][info][gc,stats    ]   CMR: CLDG Roots                   332 us, workers (us): 332, ---, ---, ---, ---, ---, 
[2026-04-03T02:24:56.150+0600][58.653s][info][gc,stats    ] Concurrent Marking                51778 us
[2026-04-03T02:24:56.150+0600][58.653s][info][gc,stats    ] Pause Final Mark (G)               1019 us
[2026-04-03T02:24:56.150+0600][58.653s][info][gc,stats    ] Pause Final Mark (N)                791 us
[2026-04-03T02:24:56.150+0600][58.653s][info][gc,stats    ]   Finish Mark                       285 us
[2026-04-03T02:24:56.150+0600][58.653s][info][gc,stats    ]   Update Region States               70 us
[2026-04-03T02:24:56.150+0600][58.653s][info][gc,stats    ]   Choose Collection Set             232 us
[2026-04-03T02:24:56.150+0600][58.653s][info][gc,stats    ]   Rebuild Free Set                   43 us
[2026-04-03T02:24:56.150+0600][58.653s][info][gc,stats    ] Concurrent Thread Roots            1005 us, parallelism: 2.34x
[2026-04-03T02:24:56.150+0600][58.653s][info][gc,stats    ]   CTR: <total>                     2353 us
[2026-04-03T02:24:56.150+0600][58.653s][info][gc,stats    ]   CTR: Thread Roots                2353 us, workers (us): 821, 802, 730, ---, ---, ---, 
[2026-04-03T02:24:56.150+0600][58.653s][info][gc,stats    ] Concurrent Weak References          846 us, parallelism: 0.96x
[2026-04-03T02:24:56.150+0600][58.653s][info][gc,stats    ]   CWRF: <total>                     812 us
[2026-04-03T02:24:56.150+0600][58.653s][info][gc,stats    ]   CWRF: Weak References             812 us, workers (us): 562, 198,  52, ---, ---, ---, 
[2026-04-03T02:24:56.150+0600][58.653s][info][gc,stats    ] Concurrent Weak Roots              7345 us
[2026-04-03T02:24:56.150+0600][58.653s][info][gc,stats    ]   Roots                            4826 us, parallelism: 2.66x
[2026-04-03T02:24:56.150+0600][58.653s][info][gc,stats    ]     CWR: <total>                  12835 us
[2026-04-03T02:24:56.150+0600][58.653s][info][gc,stats    ]     CWR: Code Cache Roots         10742 us, workers (us): 3681, 3639, 3422, ---, ---, ---, 
[2026-04-03T02:24:56.150+0600][58.653s][info][gc,stats    ]     CWR: VM Weak Roots             1948 us, workers (us): 692, 643, 612, ---, ---, ---, 
[2026-04-03T02:24:56.150+0600][58.653s][info][gc,stats    ]     CWR: CLDG Roots                 145 us, workers (us): ---, ---, 145, ---, ---, ---, 
[2026-04-03T02:24:56.150+0600][58.653s][info][gc,stats    ]   Rendezvous                       2363 us
[2026-04-03T02:24:56.150+0600][58.653s][info][gc,stats    ] Concurrent Cleanup                 1211 us
[2026-04-03T02:24:56.150+0600][58.653s][info][gc,stats    ] Concurrent Class Unloading        18801 us
[2026-04-03T02:24:56.150+0600][58.653s][info][gc,stats    ]   Unlink Stale                    17776 us
[2026-04-03T02:24:56.150+0600][58.653s][info][gc,stats    ]     System Dictionary               377 us
[2026-04-03T02:24:56.150+0600][58.653s][info][gc,stats    ]     Weak Class Links                  1 us
[2026-04-03T02:24:56.150+0600][58.653s][info][gc,stats    ]     Code Roots                    17392 us
[2026-04-03T02:24:56.150+0600][58.653s][info][gc,stats    ]   Rendezvous                        485 us
[2026-04-03T02:24:56.150+0600][58.653s][info][gc,stats    ]   Purge Unlinked                    397 us
[2026-04-03T02:24:56.150+0600][58.653s][info][gc,stats    ]     Code Roots                      383 us
[2026-04-03T02:24:56.150+0600][58.653s][info][gc,stats    ]     CLDG                             14 us
[2026-04-03T02:24:56.150+0600][58.653s][info][gc,stats    ]     Exception Caches                  0 us
[2026-04-03T02:24:56.150+0600][58.653s][info][gc,stats    ] Concurrent Strong Roots            1413 us, parallelism: 0.62x
[2026-04-03T02:24:56.150+0600][58.653s][info][gc,stats    ]   CSR: <total>                      880 us
[2026-04-03T02:24:56.150+0600][58.653s][info][gc,stats    ]   CSR: VM Strong Roots               61 us, workers (us):  60,   1,   0, ---, ---, ---, 
[2026-04-03T02:24:56.150+0600][58.653s][info][gc,stats    ]   CSR: CLDG Roots                   818 us, workers (us): 818, ---, ---, ---, ---, ---, 
[2026-04-03T02:24:56.150+0600][58.653s][info][gc,stats    ] Concurrent Evacuation              3625 us
[2026-04-03T02:24:56.150+0600][58.653s][info][gc,stats    ] Pause Init Update Refs (G)          592 us
[2026-04-03T02:24:56.150+0600][58.653s][info][gc,stats    ] Pause Init Update Refs (N)          162 us
[2026-04-03T02:24:56.150+0600][58.653s][info][gc,stats    ]   Manage GCLABs                      42 us
[2026-04-03T02:24:56.150+0600][58.653s][info][gc,stats    ] Concurrent Update Refs            50994 us
[2026-04-03T02:24:56.150+0600][58.654s][info][gc,stats    ] Concurrent Update Thread Roots     2046 us
[2026-04-03T02:24:56.150+0600][58.654s][info][gc,stats    ] Pause Final Update Refs (G)         587 us
[2026-04-03T02:24:56.150+0600][58.654s][info][gc,stats    ] Pause Final Update Refs (N)         250 us
[2026-04-03T02:24:56.150+0600][58.654s][info][gc,stats    ]   Update Region States               75 us
[2026-04-03T02:24:56.150+0600][58.654s][info][gc,stats    ]   Trash Collection Set               15 us
[2026-04-03T02:24:56.150+0600][58.654s][info][gc,stats    ]   Rebuild Free Set                   51 us
[2026-04-03T02:24:56.150+0600][58.654s][info][gc,stats    ] Concurrent Cleanup                  975 us
[2026-04-03T02:24:56.150+0600][58.654s][info][gc,stats    ] Pacing                           338510 us
[2026-04-03T02:24:56.150+0600][58.654s][info][gc,stats    ] 
[2026-04-03T02:24:56.150+0600][58.654s][info][gc,stats    ] Allocation pacing accrued:
[2026-04-03T02:24:56.150+0600][58.654s][info][gc,stats    ]      11 of   248 ms (  4.5%): dispatcher-BlockManagerMaster
[2026-04-03T02:24:56.150+0600][58.654s][info][gc,stats    ]      11 of   248 ms (  4.5%): executor-kill-mark-cleanup
[2026-04-03T02:24:56.150+0600][58.654s][info][gc,stats    ]      15 of   248 ms (  5.9%): Spark Context Cleaner
[2026-04-03T02:24:56.150+0600][58.654s][info][gc,stats    ]      52 of   248 ms ( 21.2%): Executor task launch worker for task 1.0 in stage 2005.0 (TID 3736)
[2026-04-03T02:24:56.150+0600][58.654s][info][gc,stats    ]      47 of   248 ms ( 18.9%): Executor task launch worker for task 0.0 in stage 2005.0 (TID 3735)
[2026-04-03T02:24:56.150+0600][58.654s][info][gc,stats    ]      43 of   248 ms ( 17.3%): Executor task launch worker for task 3.0 in stage 2005.0 (TID 3738)
[2026-04-03T02:24:56.150+0600][58.654s][info][gc,stats    ]      43 of   248 ms ( 17.5%): Executor task launch worker for task 2.0 in stage 2005.0 (TID 3737)
[2026-04-03T02:24:56.150+0600][58.654s][info][gc,stats    ]      10 of   248 ms (  4.1%): block-manager-storage-async-thread-pool-14
[2026-04-03T02:24:56.150+0600][58.654s][info][gc,stats    ]       4 of   248 ms (  1.8%): block-manager-ask-thread-pool-33
[2026-04-03T02:24:56.150+0600][58.654s][info][gc,stats    ]       4 of   248 ms (  1.5%): block-manager-ask-thread-pool-45
[2026-04-03T02:24:56.151+0600][58.654s][info][gc,stats    ]      26 of   248 ms ( 10.5%): block-manager-storage-async-thread-pool-72
[2026-04-03T02:24:56.151+0600][58.654s][info][gc,stats    ]       3 of   248 ms (  1.4%): block-manager-storage-async-thread-pool-77
[2026-04-03T02:24:56.151+0600][58.654s][info][gc,stats    ]      21 of   248 ms (  8.6%): block-manager-storage-async-thread-pool-80
[2026-04-03T02:24:56.151+0600][58.654s][info][gc,stats    ]       4 of   248 ms (  1.7%): block-manager-storage-async-thread-pool-83
[2026-04-03T02:24:56.151+0600][58.654s][info][gc,stats    ]      21 of   248 ms (  8.6%): block-manager-storage-async-thread-pool-93
[2026-04-03T02:24:56.151+0600][58.654s][info][gc,stats    ]      21 of   248 ms (  8.6%): block-manager-storage-async-thread-pool-96
[2026-04-03T02:24:56.151+0600][58.654s][info][gc,stats    ]     339 of   248 ms (136.7%): <total>
[2026-04-03T02:24:56.151+0600][58.654s][info][gc,stats    ]       1 of   248 ms (  0.5%): <average total>
[2026-04-03T02:24:56.151+0600][58.654s][info][gc,stats    ]      21 of   248 ms (  8.5%): <average non-zero>
[2026-04-03T02:24:56.151+0600][58.654s][info][gc,stats    ] 
[2026-04-03T02:24:56.151+0600][58.654s][info][gc,metaspace] Metaspace: 131277K(132672K)->131286K(132672K) NonClass: 114794K(115520K)->114802K(115520K) Class: 16483K(17152K)->16484K(17152K)
[2026-04-03T02:24:56.151+0600][58.654s][info][gc,ergo     ] Pacer for Idle. Initial: 20480K, Alloc Tax Rate: 1.0x
[2026-04-03T02:24:56.634+0600][59.138s][info][gc          ] Trigger: Average GC time (159.87 ms) is above the time for average allocation rate (730 MB/s) to deplete free headroom (115M) (margin of error = 1.81)
[2026-04-03T02:24:56.635+0600][59.138s][info][gc,ergo     ] Free headroom: 165M (free) - 51200K (spike) - 0B (penalties) = 115M
[2026-04-03T02:24:56.635+0600][59.138s][info][gc,ergo     ] Free: 165M, Max: 256K regular, 127M humongous, Frag: 23% external, 0% internal; Reserve: 51200K, Max: 256K
[2026-04-03T02:24:56.635+0600][59.138s][info][gc,start    ] GC(66) Concurrent reset
[2026-04-03T02:24:56.635+0600][59.138s][info][gc,task     ] GC(66) Using 3 of 6 workers for concurrent reset
[2026-04-03T02:24:56.635+0600][59.138s][info][gc,ergo     ] GC(66) Pacer for Reset. Non-Taxable: 1000M
[2026-04-03T02:24:56.636+0600][59.139s][info][gc          ] GC(66) Concurrent reset 1.019ms
[2026-04-03T02:24:56.636+0600][59.139s][info][gc,start    ] GC(66) Pause Init Mark (unload classes)
[2026-04-03T02:24:56.636+0600][59.139s][info][gc,task     ] GC(66) Using 6 of 6 workers for init marking
[2026-04-03T02:24:56.636+0600][59.139s][info][gc,ergo     ] GC(66) Pacer for Mark. Expected Live: 93493K, Free: 163M, Non-Taxable: 16755K, Alloc Tax Rate: 0.7x
[2026-04-03T02:24:56.636+0600][59.139s][info][gc          ] GC(66) Pause Init Mark (unload classes) 0.146ms
[2026-04-03T02:24:56.636+0600][59.139s][info][gc,start    ] GC(66) Concurrent marking roots
[2026-04-03T02:24:56.636+0600][59.139s][info][gc,task     ] GC(66) Using 3 of 6 workers for concurrent marking roots
[2026-04-03T02:24:56.638+0600][59.142s][info][gc          ] GC(66) Concurrent marking roots 2.149ms
[2026-04-03T02:24:56.638+0600][59.142s][info][gc,start    ] GC(66) Concurrent marking (unload classes)
[2026-04-03T02:24:56.638+0600][59.142s][info][gc,task     ] GC(66) Using 3 of 6 workers for concurrent marking
[2026-04-03T02:24:56.692+0600][59.196s][info][gc          ] GC(66) Concurrent marking (unload classes) 53.975ms
[2026-04-03T02:24:56.692+0600][59.196s][info][gc,start    ] GC(66) Pause Final Mark (unload classes)
[2026-04-03T02:24:56.693+0600][59.196s][info][gc,task     ] GC(66) Using 6 of 6 workers for final marking
[2026-04-03T02:24:56.693+0600][59.196s][info][gc,ergo     ] GC(66) Adaptive CSet Selection. Target Free: 141M, Actual Free: 730M, Max CSet: 42666K, Min Garbage: 0B
[2026-04-03T02:24:56.693+0600][59.196s][info][gc,ergo     ] GC(66) Collectable Garbage: 641M (98%), Immediate: 544M (83%), CSet: 99406K (14%)
[2026-04-03T02:24:56.693+0600][59.197s][info][gc,ergo     ] GC(66) Pacer for Evacuation. Used CSet: 103M, Free: 725M, Non-Taxable: 74338K, Alloc Tax Rate: 1.1x
[2026-04-03T02:24:56.693+0600][59.197s][info][gc          ] GC(66) Pause Final Mark (unload classes) 0.769ms
[2026-04-03T02:24:56.693+0600][59.197s][info][gc,start    ] GC(66) Concurrent thread roots
[2026-04-03T02:24:56.694+0600][59.197s][info][gc,task     ] GC(66) Using 3 of 6 workers for Concurrent thread roots
[2026-04-03T02:24:56.694+0600][59.198s][info][gc          ] GC(66) Concurrent thread roots 0.882ms
[2026-04-03T02:24:56.694+0600][59.198s][info][gc,start    ] GC(66) Concurrent weak references
[2026-04-03T02:24:56.694+0600][59.198s][info][gc,task     ] GC(66) Using 3 of 6 workers for concurrent weak references
[2026-04-03T02:24:56.695+0600][59.198s][info][gc,ref      ] GC(66) Encountered references: Soft: 3792, Weak: 15146, Final: 84, Phantom: 620
[2026-04-03T02:24:56.695+0600][59.198s][info][gc,ref      ] GC(66) Discovered  references: Soft: 0, Weak: 8248, Final: 0, Phantom: 550
[2026-04-03T02:24:56.695+0600][59.198s][info][gc,ref      ] GC(66) Enqueued    references: Soft: 0, Weak: 404, Final: 0, Phantom: 0
[2026-04-03T02:24:56.695+0600][59.198s][info][gc          ] GC(66) Concurrent weak references 0.675ms
[2026-04-03T02:24:56.695+0600][59.198s][info][gc,start    ] GC(66) Concurrent weak roots
[2026-04-03T02:24:56.695+0600][59.198s][info][gc,task     ] GC(66) Using 3 of 6 workers for concurrent weak root
[2026-04-03T02:24:56.699+0600][59.203s][info][gc          ] GC(66) Concurrent weak roots 4.360ms
[2026-04-03T02:24:56.700+0600][59.203s][info][gc,start    ] GC(66) Concurrent cleanup
[2026-04-03T02:24:56.701+0600][59.204s][info][gc          ] GC(66) Concurrent cleanup 768M->224M(829M) 1.118ms
[2026-04-03T02:24:56.701+0600][59.204s][info][gc,ergo     ] GC(66) Free: 721M, Max: 256K regular, 127M humongous, Frag: 83% external, 0% internal; Reserve: 50770K, Max: 256K
[2026-04-03T02:24:56.701+0600][59.204s][info][gc,start    ] GC(66) Concurrent class unloading
[2026-04-03T02:24:56.701+0600][59.204s][info][gc,task     ] GC(66) Using 3 of 6 workers for concurrent class unloading
[2026-04-03T02:24:56.714+0600][59.217s][info][gc          ] GC(66) Concurrent class unloading 13.221ms
[2026-04-03T02:24:56.714+0600][59.217s][info][gc,start    ] GC(66) Concurrent strong roots
[2026-04-03T02:24:56.714+0600][59.217s][info][gc,task     ] GC(66) Using 3 of 6 workers for concurrent strong root
[2026-04-03T02:24:56.715+0600][59.219s][info][gc          ] GC(66) Concurrent strong roots 1.242ms
[2026-04-03T02:24:56.715+0600][59.219s][info][gc,start    ] GC(66) Concurrent evacuation
[2026-04-03T02:24:56.715+0600][59.219s][info][gc,task     ] GC(66) Using 3 of 6 workers for concurrent evacuation
[2026-04-03T02:24:56.719+0600][59.222s][info][gc          ] GC(66) Concurrent evacuation 3.598ms
[2026-04-03T02:24:56.719+0600][59.223s][info][gc,start    ] GC(66) Pause Init Update Refs
[2026-04-03T02:24:56.719+0600][59.223s][info][gc,ergo     ] GC(66) Pacer for Update Refs. Used: 241M, Free: 710M, Non-Taxable: 72765K, Alloc Tax Rate: 1.1x
[2026-04-03T02:24:56.719+0600][59.223s][info][gc          ] GC(66) Pause Init Update Refs 0.180ms
[2026-04-03T02:24:56.720+0600][59.223s][info][gc,start    ] GC(66) Concurrent update references
[2026-04-03T02:24:56.720+0600][59.223s][info][gc,task     ] GC(66) Using 3 of 6 workers for concurrent reference update
[2026-04-03T02:24:56.766+0600][59.269s][info][gc          ] GC(66) Concurrent update references 46.371ms
[2026-04-03T02:24:56.766+0600][59.269s][info][gc,start    ] GC(66) Concurrent update thread roots
[2026-04-03T02:24:56.768+0600][59.271s][info][gc          ] GC(66) Concurrent update thread roots 1.678ms
[2026-04-03T02:24:56.768+0600][59.271s][info][gc,start    ] GC(66) Pause Final Update Refs
[2026-04-03T02:24:56.768+0600][59.271s][info][gc,task     ] GC(66) Using 6 of 6 workers for final reference update
[2026-04-03T02:24:56.768+0600][59.272s][info][gc          ] GC(66) Pause Final Update Refs 0.206ms
[2026-04-03T02:24:56.768+0600][59.272s][info][gc,start    ] GC(66) Concurrent cleanup
[2026-04-03T02:24:56.769+0600][59.273s][info][gc          ] GC(66) Concurrent cleanup 272M->170M(829M) 0.924ms
[2026-04-03T02:24:56.769+0600][59.273s][info][gc,ergo     ] Free: 773M, Max: 256K regular, 258M humongous, Frag: 67% external, 0% internal; Reserve: 51200K, Max: 256K
[2026-04-03T02:24:56.769+0600][59.273s][info][gc,stats    ] 
[2026-04-03T02:24:56.769+0600][59.273s][info][gc,stats    ] All times are wall-clock times, except per-root-class counters, that are sum over
[2026-04-03T02:24:56.770+0600][59.273s][info][gc,stats    ] all workers. Dividing the <total> over the root stage time estimates parallelism.
[2026-04-03T02:24:56.770+0600][59.273s][info][gc,stats    ] 
[2026-04-03T02:24:56.770+0600][59.273s][info][gc,stats    ] Concurrent Reset                   1079 us
[2026-04-03T02:24:56.770+0600][59.273s][info][gc,stats    ] Pause Init Mark (G)                 409 us
[2026-04-03T02:24:56.770+0600][59.273s][info][gc,stats    ] Pause Init Mark (N)                 155 us
[2026-04-03T02:24:56.770+0600][59.273s][info][gc,stats    ]   Update Region States               39 us
[2026-04-03T02:24:56.770+0600][59.273s][info][gc,stats    ] Concurrent Mark Roots              2206 us, parallelism: 1.84x
[2026-04-03T02:24:56.770+0600][59.273s][info][gc,stats    ]   CMR: <total>                     4068 us
[2026-04-03T02:24:56.770+0600][59.273s][info][gc,stats    ]   CMR: Thread Roots                3547 us, workers (us): 1687, 1210, 650, ---, ---, ---, 
[2026-04-03T02:24:56.770+0600][59.273s][info][gc,stats    ]   CMR: VM Strong Roots               69 us, workers (us):  36,  33,   1, ---, ---, ---, 
[2026-04-03T02:24:56.770+0600][59.273s][info][gc,stats    ]   CMR: CLDG Roots                   452 us, workers (us): ---, 452, ---, ---, ---, ---, 
[2026-04-03T02:24:56.770+0600][59.273s][info][gc,stats    ] Concurrent Marking                54040 us
[2026-04-03T02:24:56.770+0600][59.273s][info][gc,stats    ] Pause Final Mark (G)               1085 us
[2026-04-03T02:24:56.770+0600][59.273s][info][gc,stats    ] Pause Final Mark (N)                779 us
[2026-04-03T02:24:56.770+0600][59.273s][info][gc,stats    ]   Finish Mark                       317 us
[2026-04-03T02:24:56.770+0600][59.273s][info][gc,stats    ]   Update Region States               50 us
[2026-04-03T02:24:56.770+0600][59.273s][info][gc,stats    ]   Choose Collection Set             254 us
[2026-04-03T02:24:56.770+0600][59.273s][info][gc,stats    ]   Rebuild Free Set                   45 us
[2026-04-03T02:24:56.770+0600][59.273s][info][gc,stats    ] Concurrent Thread Roots             922 us, parallelism: 2.05x
[2026-04-03T02:24:56.770+0600][59.273s][info][gc,stats    ]   CTR: <total>                     1895 us
[2026-04-03T02:24:56.770+0600][59.273s][info][gc,stats    ]   CTR: Thread Roots                1895 us, workers (us): 626, 647, 622, ---, ---, ---, 
[2026-04-03T02:24:56.770+0600][59.273s][info][gc,stats    ] Concurrent Weak References          684 us, parallelism: 0.89x
[2026-04-03T02:24:56.770+0600][59.273s][info][gc,stats    ]   CWRF: <total>                     608 us
[2026-04-03T02:24:56.770+0600][59.273s][info][gc,stats    ]   CWRF: Weak References             608 us, workers (us): 205,   1, 402, ---, ---, ---, 
[2026-04-03T02:24:56.770+0600][59.273s][info][gc,stats    ] Concurrent Weak Roots              4426 us
[2026-04-03T02:24:56.770+0600][59.273s][info][gc,stats    ]   Roots                            3733 us, parallelism: 2.75x
[2026-04-03T02:24:56.770+0600][59.273s][info][gc,stats    ]     CWR: <total>                  10248 us
[2026-04-03T02:24:56.770+0600][59.273s][info][gc,stats    ]     CWR: Code Cache Roots          8062 us, workers (us): 2676, 2633, 2753, ---, ---, ---, 
[2026-04-03T02:24:56.770+0600][59.273s][info][gc,stats    ]     CWR: VM Weak Roots             2073 us, workers (us): 695, 685, 693, ---, ---, ---, 
[2026-04-03T02:24:56.770+0600][59.273s][info][gc,stats    ]     CWR: CLDG Roots                 113 us, workers (us): ---, 113, ---, ---, ---, ---, 
[2026-04-03T02:24:56.770+0600][59.273s][info][gc,stats    ]   Rendezvous                        605 us
[2026-04-03T02:24:56.770+0600][59.273s][info][gc,stats    ] Concurrent Cleanup                 1136 us
[2026-04-03T02:24:56.770+0600][59.273s][info][gc,stats    ] Concurrent Class Unloading        13311 us
[2026-04-03T02:24:56.770+0600][59.273s][info][gc,stats    ]   Unlink Stale                    11902 us
[2026-04-03T02:24:56.770+0600][59.273s][info][gc,stats    ]     System Dictionary               267 us
[2026-04-03T02:24:56.770+0600][59.273s][info][gc,stats    ]     Weak Class Links                  0 us
[2026-04-03T02:24:56.770+0600][59.273s][info][gc,stats    ]     Code Roots                    11631 us
[2026-04-03T02:24:56.770+0600][59.273s][info][gc,stats    ]   Rendezvous                        288 us
[2026-04-03T02:24:56.770+0600][59.273s][info][gc,stats    ]   Purge Unlinked                   1004 us
[2026-04-03T02:24:56.770+0600][59.273s][info][gc,stats    ]     Code Roots                      987 us
[2026-04-03T02:24:56.770+0600][59.273s][info][gc,stats    ]     CLDG                             17 us
[2026-04-03T02:24:56.770+0600][59.273s][info][gc,stats    ]     Exception Caches                  0 us
[2026-04-03T02:24:56.770+0600][59.273s][info][gc,stats    ] Concurrent Strong Roots            1323 us, parallelism: 0.65x
[2026-04-03T02:24:56.770+0600][59.273s][info][gc,stats    ]   CSR: <total>                      861 us
[2026-04-03T02:24:56.770+0600][59.273s][info][gc,stats    ]   CSR: VM Strong Roots               63 us, workers (us):  45,  18,   0, ---, ---, ---, 
[2026-04-03T02:24:56.770+0600][59.273s][info][gc,stats    ]   CSR: CLDG Roots                   798 us, workers (us): ---, 798, ---, ---, ---, ---, 
[2026-04-03T02:24:56.770+0600][59.273s][info][gc,stats    ] Concurrent Evacuation              3689 us
[2026-04-03T02:24:56.770+0600][59.273s][info][gc,stats    ] Pause Init Update Refs (G)          490 us
[2026-04-03T02:24:56.770+0600][59.273s][info][gc,stats    ] Pause Init Update Refs (N)          193 us
[2026-04-03T02:24:56.770+0600][59.273s][info][gc,stats    ]   Manage GCLABs                      51 us
[2026-04-03T02:24:56.770+0600][59.273s][info][gc,stats    ] Concurrent Update Refs            46470 us
[2026-04-03T02:24:56.770+0600][59.273s][info][gc,stats    ] Concurrent Update Thread Roots     1755 us
[2026-04-03T02:24:56.770+0600][59.273s][info][gc,stats    ] Pause Final Update Refs (G)         629 us
[2026-04-03T02:24:56.770+0600][59.273s][info][gc,stats    ] Pause Final Update Refs (N)         223 us
[2026-04-03T02:24:56.770+0600][59.273s][info][gc,stats    ]   Update Region States               65 us
[2026-04-03T02:24:56.770+0600][59.273s][info][gc,stats    ]   Trash Collection Set               19 us
[2026-04-03T02:24:56.770+0600][59.273s][info][gc,stats    ]   Rebuild Free Set                   53 us
[2026-04-03T02:24:56.770+0600][59.273s][info][gc,stats    ] Concurrent Cleanup                  963 us
[2026-04-03T02:24:56.770+0600][59.274s][info][gc,stats    ] Pacing                            95616 us
[2026-04-03T02:24:56.770+0600][59.274s][info][gc,stats    ] 
[2026-04-03T02:24:56.770+0600][59.274s][info][gc,stats    ] Allocation pacing accrued:
[2026-04-03T02:24:56.770+0600][59.274s][info][gc,stats    ]      10 of   620 ms (  1.6%): dispatcher-event-loop-5
[2026-04-03T02:24:56.770+0600][59.274s][info][gc,stats    ]      33 of   620 ms (  5.3%): Executor task launch worker for task 1.0 in stage 2028.0 (TID 3792)
[2026-04-03T02:24:56.770+0600][59.274s][info][gc,stats    ]      30 of   620 ms (  4.9%): Executor task launch worker for task 7.0 in stage 2028.0 (TID 3798)
[2026-04-03T02:24:56.770+0600][59.274s][info][gc,stats    ]      23 of   620 ms (  3.6%): Executor task launch worker for task 5.0 in stage 2028.0 (TID 3796)
[2026-04-03T02:24:56.770+0600][59.274s][info][gc,stats    ]      96 of   620 ms ( 15.4%): <total>
[2026-04-03T02:24:56.770+0600][59.274s][info][gc,stats    ]       0 of   620 ms (  0.1%): <average total>
[2026-04-03T02:24:56.770+0600][59.274s][info][gc,stats    ]      24 of   620 ms (  3.9%): <average non-zero>
[2026-04-03T02:24:56.770+0600][59.274s][info][gc,stats    ] 
[2026-04-03T02:24:56.770+0600][59.274s][info][gc,metaspace] Metaspace: 131294K(132672K)->131294K(132672K) NonClass: 114810K(115520K)->114810K(115520K) Class: 16484K(17152K)->16484K(17152K)
[2026-04-03T02:24:56.770+0600][59.274s][info][gc,ergo     ] Pacer for Idle. Initial: 20480K, Alloc Tax Rate: 1.0x
[2026-04-03T02:24:57.223+0600][59.727s][info][gc          ] Trigger: Average GC time (156.01 ms) is above the time for average allocation rate (1165 MB/s) to deplete free headroom (181M) (margin of error = 1.81)
[2026-04-03T02:24:57.223+0600][59.727s][info][gc,ergo     ] Free headroom: 231M (free) - 51200K (spike) - 0B (penalties) = 181M
[2026-04-03T02:24:57.223+0600][59.727s][info][gc,ergo     ] Free: 231M, Max: 256K regular, 127M humongous, Frag: 45% external, 0% internal; Reserve: 51200K, Max: 256K
[2026-04-03T02:24:57.223+0600][59.727s][info][gc,start    ] GC(67) Concurrent reset
[2026-04-03T02:24:57.223+0600][59.727s][info][gc,task     ] GC(67) Using 3 of 6 workers for concurrent reset
[2026-04-03T02:24:57.223+0600][59.727s][info][gc,ergo     ] GC(67) Pacer for Reset. Non-Taxable: 1000M
[2026-04-03T02:24:57.225+0600][59.729s][info][gc          ] GC(67) Concurrent reset 1.826ms
[2026-04-03T02:24:57.226+0600][59.729s][info][gc,start    ] GC(67) Pause Init Mark (unload classes)
[2026-04-03T02:24:57.226+0600][59.729s][info][gc,task     ] GC(67) Using 6 of 6 workers for init marking
[2026-04-03T02:24:57.226+0600][59.729s][info][gc,ergo     ] GC(67) Pacer for Mark. Expected Live: 93557K, Free: 228M, Non-Taxable: 23437K, Alloc Tax Rate: 0.5x
[2026-04-03T02:24:57.226+0600][59.729s][info][gc          ] GC(67) Pause Init Mark (unload classes) 0.134ms
[2026-04-03T02:24:57.226+0600][59.729s][info][gc,start    ] GC(67) Concurrent marking roots
[2026-04-03T02:24:57.226+0600][59.729s][info][gc,task     ] GC(67) Using 3 of 6 workers for concurrent marking roots
[2026-04-03T02:24:57.231+0600][59.734s][info][gc          ] GC(67) Concurrent marking roots 4.741ms
[2026-04-03T02:24:57.231+0600][59.734s][info][gc,start    ] GC(67) Concurrent marking (unload classes)
[2026-04-03T02:24:57.231+0600][59.734s][info][gc,task     ] GC(67) Using 3 of 6 workers for concurrent marking
[2026-04-03T02:24:57.304+0600][59.808s][info][gc          ] GC(67) Concurrent marking (unload classes) 73.753ms
[2026-04-03T02:24:57.305+0600][59.808s][info][gc,start    ] GC(67) Pause Final Mark (unload classes)
[2026-04-03T02:24:57.305+0600][59.808s][info][gc,task     ] GC(67) Using 6 of 6 workers for final marking
[2026-04-03T02:24:57.305+0600][59.808s][info][gc,ergo     ] GC(67) Adaptive CSet Selection. Target Free: 141M, Actual Free: 761M, Max CSet: 42666K, Min Garbage: 0B
[2026-04-03T02:24:57.305+0600][59.809s][info][gc,ergo     ] GC(67) Collectable Garbage: 584M (98%), Immediate: 522M (88%), CSet: 62946K (10%)
[2026-04-03T02:24:57.305+0600][59.809s][info][gc,ergo     ] GC(67) Pacer for Evacuation. Used CSet: 68008K, Free: 747M, Non-Taxable: 76586K, Alloc Tax Rate: 1.1x
[2026-04-03T02:24:57.305+0600][59.809s][info][gc          ] GC(67) Pause Final Mark (unload classes) 0.687ms
[2026-04-03T02:24:57.306+0600][59.809s][info][gc,start    ] GC(67) Concurrent thread roots
[2026-04-03T02:24:57.306+0600][59.809s][info][gc,task     ] GC(67) Using 3 of 6 workers for Concurrent thread roots
[2026-04-03T02:24:57.311+0600][59.814s][info][gc          ] GC(67) Concurrent thread roots 5.025ms
[2026-04-03T02:24:57.311+0600][59.814s][info][gc,start    ] GC(67) Concurrent weak references
[2026-04-03T02:24:57.311+0600][59.814s][info][gc,task     ] GC(67) Using 3 of 6 workers for concurrent weak references
[2026-04-03T02:24:57.312+0600][59.815s][info][gc,ref      ] GC(67) Encountered references: Soft: 3792, Weak: 15827, Final: 84, Phantom: 620
[2026-04-03T02:24:57.312+0600][59.815s][info][gc,ref      ] GC(67) Discovered  references: Soft: 0, Weak: 9747, Final: 84, Phantom: 574
[2026-04-03T02:24:57.312+0600][59.815s][info][gc,ref      ] GC(67) Enqueued    references: Soft: 0, Weak: 34, Final: 0, Phantom: 0
[2026-04-03T02:24:57.312+0600][59.815s][info][gc          ] GC(67) Concurrent weak references 1.128ms
[2026-04-03T02:24:57.312+0600][59.815s][info][gc,start    ] GC(67) Concurrent weak roots
[2026-04-03T02:24:57.312+0600][59.815s][info][gc,task     ] GC(67) Using 3 of 6 workers for concurrent weak root
[2026-04-03T02:24:57.317+0600][59.821s][info][gc          ] GC(67) Concurrent weak roots 5.357ms
[2026-04-03T02:24:57.317+0600][59.821s][info][gc,start    ] GC(67) Concurrent cleanup
[2026-04-03T02:24:57.319+0600][59.822s][info][gc          ] GC(67) Concurrent cleanup 728M->207M(829M) 1.319ms
[2026-04-03T02:24:57.319+0600][59.822s][info][gc,ergo     ] GC(67) Free: 738M, Max: 256K regular, 127M humongous, Frag: 83% external, 0% internal; Reserve: 50821K, Max: 256K
[2026-04-03T02:24:57.319+0600][59.822s][info][gc,start    ] GC(67) Concurrent class unloading
[2026-04-03T02:24:57.319+0600][59.822s][info][gc,task     ] GC(67) Using 3 of 6 workers for concurrent class unloading
[2026-04-03T02:24:57.341+0600][59.844s][info][gc          ] GC(67) Concurrent class unloading 21.863ms
[2026-04-03T02:24:57.341+0600][59.844s][info][gc,start    ] GC(67) Concurrent strong roots
[2026-04-03T02:24:57.341+0600][59.844s][info][gc,task     ] GC(67) Using 3 of 6 workers for concurrent strong root
[2026-04-03T02:24:57.343+0600][59.846s][info][gc          ] GC(67) Concurrent strong roots 1.590ms
[2026-04-03T02:24:57.343+0600][59.846s][info][gc,start    ] GC(67) Concurrent evacuation
[2026-04-03T02:24:57.343+0600][59.846s][info][gc,task     ] GC(67) Using 3 of 6 workers for concurrent evacuation
[2026-04-03T02:24:57.346+0600][59.849s][info][gc          ] GC(67) Concurrent evacuation 3.172ms
[2026-04-03T02:24:57.346+0600][59.849s][info][gc,start    ] GC(67) Pause Init Update Refs
[2026-04-03T02:24:57.346+0600][59.850s][info][gc,ergo     ] GC(67) Pacer for Update Refs. Used: 237M, Free: 711M, Non-Taxable: 72864K, Alloc Tax Rate: 1.1x
[2026-04-03T02:24:57.346+0600][59.850s][info][gc          ] GC(67) Pause Init Update Refs 0.169ms
[2026-04-03T02:24:57.346+0600][59.850s][info][gc,start    ] GC(67) Concurrent update references
[2026-04-03T02:24:57.346+0600][59.850s][info][gc,task     ] GC(67) Using 3 of 6 workers for concurrent reference update
[2026-04-03T02:24:57.396+0600][59.899s][info][gc          ] GC(67) Concurrent update references 49.775ms
[2026-04-03T02:24:57.396+0600][59.899s][info][gc,start    ] GC(67) Concurrent update thread roots
[2026-04-03T02:24:57.398+0600][59.902s][info][gc          ] GC(67) Concurrent update thread roots 2.049ms
[2026-04-03T02:24:57.398+0600][59.902s][info][gc,start    ] GC(67) Pause Final Update Refs
[2026-04-03T02:24:57.399+0600][59.902s][info][gc,task     ] GC(67) Using 6 of 6 workers for final reference update
[2026-04-03T02:24:57.399+0600][59.902s][info][gc          ] GC(67) Pause Final Update Refs 0.267ms
[2026-04-03T02:24:57.399+0600][59.902s][info][gc,start    ] GC(67) Concurrent cleanup
[2026-04-03T02:24:57.400+0600][59.903s][info][gc          ] GC(67) Concurrent cleanup 264M->199M(829M) 0.949ms
[2026-04-03T02:24:57.400+0600][59.903s][info][gc,ergo     ] Free: 744M, Max: 256K regular, 258M humongous, Frag: 66% external, 0% internal; Reserve: 51200K, Max: 256K
[2026-04-03T02:24:57.400+0600][59.903s][info][gc,stats    ] 
[2026-04-03T02:24:57.400+0600][59.903s][info][gc,stats    ] All times are wall-clock times, except per-root-class counters, that are sum over
[2026-04-03T02:24:57.400+0600][59.903s][info][gc,stats    ] all workers. Dividing the <total> over the root stage time estimates parallelism.
[2026-04-03T02:24:57.400+0600][59.903s][info][gc,stats    ] 
[2026-04-03T02:24:57.400+0600][59.903s][info][gc,stats    ] Concurrent Reset                   1909 us
[2026-04-03T02:24:57.400+0600][59.903s][info][gc,stats    ] Pause Init Mark (G)                 485 us
[2026-04-03T02:24:57.400+0600][59.903s][info][gc,stats    ] Pause Init Mark (N)                 143 us
[2026-04-03T02:24:57.400+0600][59.903s][info][gc,stats    ]   Update Region States               44 us
[2026-04-03T02:24:57.400+0600][59.904s][info][gc,stats    ] Concurrent Mark Roots              4870 us, parallelism: 2.05x
[2026-04-03T02:24:57.400+0600][59.904s][info][gc,stats    ]   CMR: <total>                    10003 us
[2026-04-03T02:24:57.400+0600][59.904s][info][gc,stats    ]   CMR: Thread Roots                9636 us, workers (us): 4268, 4000, 1368, ---, ---, ---, 
[2026-04-03T02:24:57.400+0600][59.904s][info][gc,stats    ]   CMR: VM Strong Roots               63 us, workers (us):  51,  11,   1, ---, ---, ---, 
[2026-04-03T02:24:57.400+0600][59.904s][info][gc,stats    ]   CMR: CLDG Roots                   304 us, workers (us): ---, 304, ---, ---, ---, ---, 
[2026-04-03T02:24:57.400+0600][59.904s][info][gc,stats    ] Concurrent Marking                73842 us
[2026-04-03T02:24:57.400+0600][59.904s][info][gc,stats    ] Pause Final Mark (G)               1068 us
[2026-04-03T02:24:57.400+0600][59.904s][info][gc,stats    ] Pause Final Mark (N)                701 us
[2026-04-03T02:24:57.400+0600][59.904s][info][gc,stats    ]   Finish Mark                       171 us
[2026-04-03T02:24:57.400+0600][59.904s][info][gc,stats    ]   Update Region States               73 us
[2026-04-03T02:24:57.400+0600][59.904s][info][gc,stats    ]   Choose Collection Set             259 us
[2026-04-03T02:24:57.400+0600][59.904s][info][gc,stats    ]   Rebuild Free Set                   41 us
[2026-04-03T02:24:57.400+0600][59.904s][info][gc,stats    ] Concurrent Thread Roots            5110 us, parallelism: 2.26x
[2026-04-03T02:24:57.400+0600][59.904s][info][gc,stats    ]   CTR: <total>                    11553 us
[2026-04-03T02:24:57.400+0600][59.904s][info][gc,stats    ]   CTR: Thread Roots               11553 us, workers (us): 2629, 4807, 4118, ---, ---, ---, 
[2026-04-03T02:24:57.400+0600][59.904s][info][gc,stats    ] Concurrent Weak References         1144 us, parallelism: 1.32x
[2026-04-03T02:24:57.400+0600][59.904s][info][gc,stats    ]   CWRF: <total>                    1515 us
[2026-04-03T02:24:57.400+0600][59.904s][info][gc,stats    ]   CWRF: Weak References            1515 us, workers (us): 944, 396, 174, ---, ---, ---, 
[2026-04-03T02:24:57.400+0600][59.904s][info][gc,stats    ] Concurrent Weak Roots              5451 us
[2026-04-03T02:24:57.400+0600][59.904s][info][gc,stats    ]   Roots                            4947 us, parallelism: 2.74x
[2026-04-03T02:24:57.400+0600][59.904s][info][gc,stats    ]     CWR: <total>                  13573 us
[2026-04-03T02:24:57.401+0600][59.904s][info][gc,stats    ]     CWR: Code Cache Roots          9879 us, workers (us): 3116, 3398, 3365, ---, ---, ---, 
[2026-04-03T02:24:57.401+0600][59.904s][info][gc,stats    ]     CWR: VM Weak Roots             3456 us, workers (us): 1185, 1185, 1087, ---, ---, ---, 
[2026-04-03T02:24:57.401+0600][59.904s][info][gc,stats    ]     CWR: CLDG Roots                 237 us, workers (us): 237, ---, ---, ---, ---, ---, 
[2026-04-03T02:24:57.401+0600][59.904s][info][gc,stats    ]   Rendezvous                        372 us
[2026-04-03T02:24:57.401+0600][59.904s][info][gc,stats    ] Concurrent Cleanup                 1394 us
[2026-04-03T02:24:57.401+0600][59.904s][info][gc,stats    ] Concurrent Class Unloading        22133 us
[2026-04-03T02:24:57.401+0600][59.904s][info][gc,stats    ]   Unlink Stale                    20642 us
[2026-04-03T02:24:57.401+0600][59.904s][info][gc,stats    ]     System Dictionary               273 us
[2026-04-03T02:24:57.401+0600][59.904s][info][gc,stats    ]     Weak Class Links                  0 us
[2026-04-03T02:24:57.401+0600][59.904s][info][gc,stats    ]     Code Roots                    20365 us
[2026-04-03T02:24:57.401+0600][59.904s][info][gc,stats    ]   Rendezvous                        460 us
[2026-04-03T02:24:57.401+0600][59.904s][info][gc,stats    ]   Purge Unlinked                    727 us
[2026-04-03T02:24:57.401+0600][59.904s][info][gc,stats    ]     Code Roots                      703 us
[2026-04-03T02:24:57.401+0600][59.904s][info][gc,stats    ]     CLDG                             23 us
[2026-04-03T02:24:57.401+0600][59.904s][info][gc,stats    ]     Exception Caches                  1 us
[2026-04-03T02:24:57.401+0600][59.904s][info][gc,stats    ] Concurrent Strong Roots            1648 us, parallelism: 0.64x
[2026-04-03T02:24:57.401+0600][59.904s][info][gc,stats    ]   CSR: <total>                     1050 us
[2026-04-03T02:24:57.401+0600][59.904s][info][gc,stats    ]   CSR: VM Strong Roots               80 us, workers (us):  41,  38,   1, ---, ---, ---, 
[2026-04-03T02:24:57.401+0600][59.904s][info][gc,stats    ]   CSR: CLDG Roots                   971 us, workers (us): ---, 971, ---, ---, ---, ---, 
[2026-04-03T02:24:57.401+0600][59.904s][info][gc,stats    ] Concurrent Evacuation              3267 us
[2026-04-03T02:24:57.401+0600][59.904s][info][gc,stats    ] Pause Init Update Refs (G)          464 us
[2026-04-03T02:24:57.401+0600][59.904s][info][gc,stats    ] Pause Init Update Refs (N)          183 us
[2026-04-03T02:24:57.401+0600][59.904s][info][gc,stats    ]   Manage GCLABs                      66 us
[2026-04-03T02:24:57.401+0600][59.904s][info][gc,stats    ] Concurrent Update Refs            49861 us
[2026-04-03T02:24:57.401+0600][59.904s][info][gc,stats    ] Concurrent Update Thread Roots     2107 us
[2026-04-03T02:24:57.401+0600][59.904s][info][gc,stats    ] Pause Final Update Refs (G)         635 us
[2026-04-03T02:24:57.401+0600][59.904s][info][gc,stats    ] Pause Final Update Refs (N)         292 us
[2026-04-03T02:24:57.401+0600][59.904s][info][gc,stats    ]   Update Region States               75 us
[2026-04-03T02:24:57.401+0600][59.904s][info][gc,stats    ]   Trash Collection Set               19 us
[2026-04-03T02:24:57.401+0600][59.904s][info][gc,stats    ]   Rebuild Free Set                   88 us
[2026-04-03T02:24:57.401+0600][59.904s][info][gc,stats    ] Concurrent Cleanup                  993 us
[2026-04-03T02:24:57.401+0600][59.904s][info][gc,stats    ] Pacing                           177040 us
[2026-04-03T02:24:57.401+0600][59.904s][info][gc,stats    ] 
[2026-04-03T02:24:57.401+0600][59.904s][info][gc,stats    ] Allocation pacing accrued:
[2026-04-03T02:24:57.401+0600][59.904s][info][gc,stats    ]      23 of   631 ms (  3.6%): Executor task launch worker for task 2.0 in stage 2043.0 (TID 3913)
[2026-04-03T02:24:57.401+0600][59.904s][info][gc,stats    ]      22 of   631 ms (  3.6%): Executor task launch worker for task 1.0 in stage 2043.0 (TID 3912)
[2026-04-03T02:24:57.401+0600][59.904s][info][gc,stats    ]      22 of   631 ms (  3.5%): Executor task launch worker for task 3.0 in stage 2043.0 (TID 3914)
[2026-04-03T02:24:57.401+0600][59.904s][info][gc,stats    ]      21 of   631 ms (  3.4%): Executor task launch worker for task 4.0 in stage 2043.0 (TID 3915)
[2026-04-03T02:24:57.401+0600][59.904s][info][gc,stats    ]      21 of   631 ms (  3.4%): Executor task launch worker for task 6.0 in stage 2043.0 (TID 3917)
[2026-04-03T02:24:57.401+0600][59.904s][info][gc,stats    ]      22 of   631 ms (  3.6%): Executor task launch worker for task 7.0 in stage 2043.0 (TID 3918)
[2026-04-03T02:24:57.401+0600][59.904s][info][gc,stats    ]      22 of   631 ms (  3.5%): Executor task launch worker for task 0.0 in stage 2043.0 (TID 3911)
[2026-04-03T02:24:57.401+0600][59.904s][info][gc,stats    ]      22 of   631 ms (  3.5%): Executor task launch worker for task 5.0 in stage 2043.0 (TID 3916)
[2026-04-03T02:24:57.401+0600][59.904s][info][gc,stats    ]     177 of   631 ms ( 28.1%): <total>
[2026-04-03T02:24:57.401+0600][59.904s][info][gc,stats    ]       1 of   631 ms (  0.1%): <average total>
[2026-04-03T02:24:57.401+0600][59.904s][info][gc,stats    ]      22 of   631 ms (  3.5%): <average non-zero>
[2026-04-03T02:24:57.401+0600][59.904s][info][gc,stats    ] 
[2026-04-03T02:24:57.401+0600][59.905s][info][gc,metaspace] Metaspace: 131303K(132672K)->131303K(132672K) NonClass: 114818K(115520K)->114818K(115520K) Class: 16484K(17152K)->16485K(17152K)
[2026-04-03T02:24:57.401+0600][59.905s][info][gc,ergo     ] Pacer for Idle. Initial: 20480K, Alloc Tax Rate: 1.0x
[2026-04-03T02:24:58.002+0600][60.506s][info][gc          ] Trigger: Average GC time (192.37 ms) is above the time for average allocation rate (886 MB/s) to deplete free headroom (169M) (margin of error = 1.81)
[2026-04-03T02:24:58.003+0600][60.506s][info][gc,ergo     ] Free headroom: 219M (free) - 51200K (spike) - 0B (penalties) = 169M
[2026-04-03T02:24:58.003+0600][60.506s][info][gc,ergo     ] Free: 219M, Max: 256K regular, 125M humongous, Frag: 43% external, 0% internal; Reserve: 51200K, Max: 256K
[2026-04-03T02:24:58.003+0600][60.506s][info][gc,start    ] GC(68) Concurrent reset
[2026-04-03T02:24:58.003+0600][60.506s][info][gc,task     ] GC(68) Using 3 of 6 workers for concurrent reset
[2026-04-03T02:24:58.003+0600][60.506s][info][gc,ergo     ] GC(68) Pacer for Reset. Non-Taxable: 1000M
[2026-04-03T02:24:58.004+0600][60.507s][info][gc          ] GC(68) Concurrent reset 1.122ms
[2026-04-03T02:24:58.004+0600][60.507s][info][gc,start    ] GC(68) Pause Init Mark (unload classes)
[2026-04-03T02:24:58.004+0600][60.507s][info][gc,task     ] GC(68) Using 6 of 6 workers for init marking
[2026-04-03T02:24:58.004+0600][60.508s][info][gc,ergo     ] GC(68) Pacer for Mark. Expected Live: 93086K, Free: 217M, Non-Taxable: 22312K, Alloc Tax Rate: 0.5x
[2026-04-03T02:24:58.004+0600][60.508s][info][gc          ] GC(68) Pause Init Mark (unload classes) 0.158ms
[2026-04-03T02:24:58.004+0600][60.508s][info][gc,start    ] GC(68) Concurrent marking roots
[2026-04-03T02:24:58.004+0600][60.508s][info][gc,task     ] GC(68) Using 3 of 6 workers for concurrent marking roots
[2026-04-03T02:24:58.006+0600][60.510s][info][gc          ] GC(68) Concurrent marking roots 1.843ms
[2026-04-03T02:24:58.006+0600][60.510s][info][gc,start    ] GC(68) Concurrent marking (unload classes)
[2026-04-03T02:24:58.006+0600][60.510s][info][gc,task     ] GC(68) Using 3 of 6 workers for concurrent marking
[2026-04-03T02:24:58.066+0600][60.569s][info][gc          ] GC(68) Concurrent marking (unload classes) 59.700ms
[2026-04-03T02:24:58.066+0600][60.570s][info][gc,start    ] GC(68) Pause Final Mark (unload classes)
[2026-04-03T02:24:58.066+0600][60.570s][info][gc,task     ] GC(68) Using 6 of 6 workers for final marking
[2026-04-03T02:24:58.067+0600][60.570s][info][gc,ergo     ] GC(68) Adaptive CSet Selection. Target Free: 141M, Actual Free: 706M, Max CSet: 42666K, Min Garbage: 0B
[2026-04-03T02:24:58.067+0600][60.570s][info][gc,ergo     ] GC(68) Collectable Garbage: 591M (98%), Immediate: 479M (80%), CSet: 111M (18%)
[2026-04-03T02:24:58.067+0600][60.570s][info][gc,ergo     ] GC(68) Pacer for Evacuation. Used CSet: 116M, Free: 696M, Non-Taxable: 71304K, Alloc Tax Rate: 1.1x
[2026-04-03T02:24:58.067+0600][60.570s][info][gc          ] GC(68) Pause Final Mark (unload classes) 0.720ms
[2026-04-03T02:24:58.067+0600][60.570s][info][gc,start    ] GC(68) Concurrent thread roots
[2026-04-03T02:24:58.067+0600][60.570s][info][gc,task     ] GC(68) Using 3 of 6 workers for Concurrent thread roots
[2026-04-03T02:24:58.068+0600][60.571s][info][gc          ] GC(68) Concurrent thread roots 1.058ms
[2026-04-03T02:24:58.068+0600][60.571s][info][gc,start    ] GC(68) Concurrent weak references
[2026-04-03T02:24:58.068+0600][60.571s][info][gc,task     ] GC(68) Using 3 of 6 workers for concurrent weak references
[2026-04-03T02:24:58.069+0600][60.572s][info][gc,ref      ] GC(68) Encountered references: Soft: 3790, Weak: 16645, Final: 84, Phantom: 620
[2026-04-03T02:24:58.069+0600][60.572s][info][gc,ref      ] GC(68) Discovered  references: Soft: 0, Weak: 8751, Final: 52, Phantom: 576
[2026-04-03T02:24:58.069+0600][60.572s][info][gc,ref      ] GC(68) Enqueued    references: Soft: 0, Weak: 1618, Final: 0, Phantom: 0
[2026-04-03T02:24:58.069+0600][60.572s][info][gc          ] GC(68) Concurrent weak references 0.618ms
[2026-04-03T02:24:58.069+0600][60.572s][info][gc,start    ] GC(68) Concurrent weak roots
[2026-04-03T02:24:58.069+0600][60.572s][info][gc,task     ] GC(68) Using 3 of 6 workers for concurrent weak root
[2026-04-03T02:24:58.073+0600][60.576s][info][gc          ] GC(68) Concurrent weak roots 4.000ms
[2026-04-03T02:24:58.073+0600][60.576s][info][gc,start    ] GC(68) Concurrent cleanup
[2026-04-03T02:24:58.074+0600][60.577s][info][gc          ] GC(68) Concurrent cleanup 732M->255M(829M) 1.117ms
[2026-04-03T02:24:58.074+0600][60.577s][info][gc,ergo     ] GC(68) Free: 688M, Max: 256K regular, 127M humongous, Frag: 82% external, 0% internal; Reserve: 50873K, Max: 256K
[2026-04-03T02:24:58.074+0600][60.577s][info][gc,start    ] GC(68) Concurrent class unloading
[2026-04-03T02:24:58.074+0600][60.577s][info][gc,task     ] GC(68) Using 3 of 6 workers for concurrent class unloading
[2026-04-03T02:24:58.090+0600][60.593s][info][gc          ] GC(68) Concurrent class unloading 15.992ms
[2026-04-03T02:24:58.090+0600][60.593s][info][gc,start    ] GC(68) Concurrent strong roots
[2026-04-03T02:24:58.090+0600][60.594s][info][gc,task     ] GC(68) Using 3 of 6 workers for concurrent strong root
[2026-04-03T02:24:58.091+0600][60.595s][info][gc          ] GC(68) Concurrent strong roots 1.090ms
[2026-04-03T02:24:58.091+0600][60.595s][info][gc,start    ] GC(68) Concurrent evacuation
[2026-04-03T02:24:58.091+0600][60.595s][info][gc,task     ] GC(68) Using 3 of 6 workers for concurrent evacuation
[2026-04-03T02:24:58.094+0600][60.597s][info][gc          ] GC(68) Concurrent evacuation 2.445ms
[2026-04-03T02:24:58.094+0600][60.597s][info][gc,start    ] GC(68) Pause Init Update Refs
[2026-04-03T02:24:58.094+0600][60.597s][info][gc,ergo     ] GC(68) Pacer for Update Refs. Used: 268M, Free: 680M, Non-Taxable: 69667K, Alloc Tax Rate: 1.1x
[2026-04-03T02:24:58.094+0600][60.598s][info][gc          ] GC(68) Pause Init Update Refs 0.128ms
[2026-04-03T02:24:58.094+0600][60.598s][info][gc,start    ] GC(68) Concurrent update references
[2026-04-03T02:24:58.095+0600][60.598s][info][gc,task     ] GC(68) Using 3 of 6 workers for concurrent reference update
[2026-04-03T02:24:58.142+0600][60.645s][info][gc          ] GC(68) Concurrent update references 47.374ms
[2026-04-03T02:24:58.142+0600][60.645s][info][gc,start    ] GC(68) Concurrent update thread roots
[2026-04-03T02:24:58.143+0600][60.646s][info][gc          ] GC(68) Concurrent update thread roots 1.175ms
[2026-04-03T02:24:58.143+0600][60.647s][info][gc,start    ] GC(68) Pause Final Update Refs
[2026-04-03T02:24:58.143+0600][60.647s][info][gc,task     ] GC(68) Using 6 of 6 workers for final reference update
[2026-04-03T02:24:58.144+0600][60.647s][info][gc          ] GC(68) Pause Final Update Refs 0.276ms
[2026-04-03T02:24:58.144+0600][60.647s][info][gc,start    ] GC(68) Concurrent cleanup
[2026-04-03T02:24:58.145+0600][60.648s][info][gc          ] GC(68) Concurrent cleanup 314M->197M(829M) 0.851ms
[2026-04-03T02:24:58.145+0600][60.648s][info][gc,ergo     ] Free: 743M, Max: 256K regular, 258M humongous, Frag: 66% external, 0% internal; Reserve: 51200K, Max: 256K
[2026-04-03T02:24:58.145+0600][60.648s][info][gc,stats    ] 
[2026-04-03T02:24:58.145+0600][60.648s][info][gc,stats    ] All times are wall-clock times, except per-root-class counters, that are sum over
[2026-04-03T02:24:58.145+0600][60.648s][info][gc,stats    ] all workers. Dividing the <total> over the root stage time estimates parallelism.
[2026-04-03T02:24:58.145+0600][60.648s][info][gc,stats    ] 
[2026-04-03T02:24:58.145+0600][60.648s][info][gc,stats    ] Concurrent Reset                   1195 us
[2026-04-03T02:24:58.145+0600][60.648s][info][gc,stats    ] Pause Init Mark (G)                 599 us
[2026-04-03T02:24:58.145+0600][60.648s][info][gc,stats    ] Pause Init Mark (N)                 168 us
[2026-04-03T02:24:58.145+0600][60.648s][info][gc,stats    ]   Update Region States               49 us
[2026-04-03T02:24:58.145+0600][60.648s][info][gc,stats    ] Concurrent Mark Roots              1912 us, parallelism: 1.90x
[2026-04-03T02:24:58.145+0600][60.648s][info][gc,stats    ]   CMR: <total>                     3638 us
[2026-04-03T02:24:58.145+0600][60.648s][info][gc,stats    ]   CMR: Thread Roots                3095 us, workers (us): 1196, 1174, 726, ---, ---, ---, 
[2026-04-03T02:24:58.145+0600][60.648s][info][gc,stats    ]   CMR: VM Strong Roots               66 us, workers (us):  25,  23,  18, ---, ---, ---, 
[2026-04-03T02:24:58.145+0600][60.648s][info][gc,stats    ]   CMR: CLDG Roots                   477 us, workers (us): ---, ---, 477, ---, ---, ---, 
[2026-04-03T02:24:58.145+0600][60.648s][info][gc,stats    ] Concurrent Marking                59768 us
[2026-04-03T02:24:58.145+0600][60.648s][info][gc,stats    ] Pause Final Mark (G)                923 us
[2026-04-03T02:24:58.145+0600][60.648s][info][gc,stats    ] Pause Final Mark (N)                731 us
[2026-04-03T02:24:58.145+0600][60.648s][info][gc,stats    ]   Finish Mark                       227 us
[2026-04-03T02:24:58.145+0600][60.648s][info][gc,stats    ]   Update Region States               52 us
[2026-04-03T02:24:58.145+0600][60.648s][info][gc,stats    ]   Choose Collection Set             295 us
[2026-04-03T02:24:58.145+0600][60.648s][info][gc,stats    ]   Rebuild Free Set                   49 us
[2026-04-03T02:24:58.145+0600][60.648s][info][gc,stats    ] Concurrent Thread Roots            1104 us, parallelism: 2.13x
[2026-04-03T02:24:58.145+0600][60.648s][info][gc,stats    ]   CTR: <total>                     2352 us
[2026-04-03T02:24:58.145+0600][60.648s][info][gc,stats    ]   CTR: Thread Roots                2352 us, workers (us): 796, 798, 758, ---, ---, ---, 
[2026-04-03T02:24:58.145+0600][60.648s][info][gc,stats    ] Concurrent Weak References          630 us, parallelism: 1.36x
[2026-04-03T02:24:58.145+0600][60.648s][info][gc,stats    ]   CWRF: <total>                     859 us
[2026-04-03T02:24:58.145+0600][60.648s][info][gc,stats    ]   CWRF: Weak References             859 us, workers (us): 359, 407,  94, ---, ---, ---, 
[2026-04-03T02:24:58.145+0600][60.648s][info][gc,stats    ] Concurrent Weak Roots              4084 us
[2026-04-03T02:24:58.145+0600][60.648s][info][gc,stats    ]   Roots                            3583 us, parallelism: 2.75x
[2026-04-03T02:24:58.145+0600][60.648s][info][gc,stats    ]     CWR: <total>                   9854 us
[2026-04-03T02:24:58.145+0600][60.648s][info][gc,stats    ]     CWR: Code Cache Roots          7503 us, workers (us): 2558, 2606, 2340, ---, ---, ---, 
[2026-04-03T02:24:58.145+0600][60.648s][info][gc,stats    ]     CWR: VM Weak Roots             2138 us, workers (us): 749, 713, 676, ---, ---, ---, 
[2026-04-03T02:24:58.145+0600][60.648s][info][gc,stats    ]     CWR: CLDG Roots                 213 us, workers (us): ---, ---, 213, ---, ---, ---, 
[2026-04-03T02:24:58.145+0600][60.648s][info][gc,stats    ]   Rendezvous                        386 us
[2026-04-03T02:24:58.145+0600][60.649s][info][gc,stats    ] Concurrent Cleanup                 1184 us
[2026-04-03T02:24:58.145+0600][60.649s][info][gc,stats    ] Concurrent Class Unloading        16089 us
[2026-04-03T02:24:58.145+0600][60.649s][info][gc,stats    ]   Unlink Stale                    14499 us
[2026-04-03T02:24:58.145+0600][60.649s][info][gc,stats    ]     System Dictionary               260 us
[2026-04-03T02:24:58.145+0600][60.649s][info][gc,stats    ]     Weak Class Links                  0 us
[2026-04-03T02:24:58.145+0600][60.649s][info][gc,stats    ]     Code Roots                    14235 us
[2026-04-03T02:24:58.145+0600][60.649s][info][gc,stats    ]   Rendezvous                        482 us
[2026-04-03T02:24:58.145+0600][60.649s][info][gc,stats    ]   Purge Unlinked                    981 us
[2026-04-03T02:24:58.145+0600][60.649s][info][gc,stats    ]     Code Roots                      970 us
[2026-04-03T02:24:58.145+0600][60.649s][info][gc,stats    ]     CLDG                              9 us
[2026-04-03T02:24:58.145+0600][60.649s][info][gc,stats    ]     Exception Caches                  1 us
[2026-04-03T02:24:58.145+0600][60.649s][info][gc,stats    ] Concurrent Strong Roots            1144 us, parallelism: 0.59x
[2026-04-03T02:24:58.145+0600][60.649s][info][gc,stats    ]   CSR: <total>                      676 us
[2026-04-03T02:24:58.145+0600][60.649s][info][gc,stats    ]   CSR: VM Strong Roots               49 us, workers (us):  29,  14,   7, ---, ---, ---, 
[2026-04-03T02:24:58.145+0600][60.649s][info][gc,stats    ]   CSR: CLDG Roots                   627 us, workers (us): ---, 627, ---, ---, ---, ---, 
[2026-04-03T02:24:58.145+0600][60.649s][info][gc,stats    ] Concurrent Evacuation              2529 us
[2026-04-03T02:24:58.145+0600][60.649s][info][gc,stats    ] Pause Init Update Refs (G)          533 us
[2026-04-03T02:24:58.145+0600][60.649s][info][gc,stats    ] Pause Init Update Refs (N)          143 us
[2026-04-03T02:24:58.145+0600][60.649s][info][gc,stats    ]   Manage GCLABs                      38 us
[2026-04-03T02:24:58.145+0600][60.649s][info][gc,stats    ] Concurrent Update Refs            47483 us
[2026-04-03T02:24:58.145+0600][60.649s][info][gc,stats    ] Concurrent Update Thread Roots     1232 us
[2026-04-03T02:24:58.145+0600][60.649s][info][gc,stats    ] Pause Final Update Refs (G)         603 us
[2026-04-03T02:24:58.146+0600][60.649s][info][gc,stats    ] Pause Final Update Refs (N)         301 us
[2026-04-03T02:24:58.146+0600][60.649s][info][gc,stats    ]   Update Region States               81 us
[2026-04-03T02:24:58.146+0600][60.649s][info][gc,stats    ]   Trash Collection Set               29 us
[2026-04-03T02:24:58.146+0600][60.649s][info][gc,stats    ]   Rebuild Free Set                   74 us
[2026-04-03T02:24:58.146+0600][60.649s][info][gc,stats    ] Concurrent Cleanup                  891 us
[2026-04-03T02:24:58.146+0600][60.649s][info][gc,stats    ] Pacing                           124119 us
[2026-04-03T02:24:58.146+0600][60.649s][info][gc,stats    ] 
[2026-04-03T02:24:58.146+0600][60.649s][info][gc,stats    ] Allocation pacing accrued:
[2026-04-03T02:24:58.146+0600][60.649s][info][gc,stats    ]      18 of   745 ms (  2.4%): Executor task launch worker for task 6.0 in stage 2085.0 (TID 4013)
[2026-04-03T02:24:58.146+0600][60.649s][info][gc,stats    ]      20 of   745 ms (  2.7%): Executor task launch worker for task 7.0 in stage 2085.0 (TID 4014)
[2026-04-03T02:24:58.146+0600][60.649s][info][gc,stats    ]      19 of   745 ms (  2.5%): Executor task launch worker for task 2.0 in stage 2085.0 (TID 4009)
[2026-04-03T02:24:58.146+0600][60.649s][info][gc,stats    ]      19 of   745 ms (  2.5%): Executor task launch worker for task 3.0 in stage 2085.0 (TID 4010)
[2026-04-03T02:24:58.146+0600][60.649s][info][gc,stats    ]      11 of   745 ms (  1.5%): Executor task launch worker for task 0.0 in stage 2085.0 (TID 4007)
[2026-04-03T02:24:58.146+0600][60.649s][info][gc,stats    ]      10 of   745 ms (  1.4%): Executor task launch worker for task 5.0 in stage 2085.0 (TID 4012)
[2026-04-03T02:24:58.146+0600][60.649s][info][gc,stats    ]      21 of   745 ms (  2.8%): Executor task launch worker for task 4.0 in stage 2085.0 (TID 4011)
[2026-04-03T02:24:58.146+0600][60.649s][info][gc,stats    ]       8 of   745 ms (  1.0%): task-result-getter-2
[2026-04-03T02:24:58.146+0600][60.649s][info][gc,stats    ]     124 of   745 ms ( 16.7%): <total>
[2026-04-03T02:24:58.146+0600][60.649s][info][gc,stats    ]       0 of   745 ms (  0.1%): <average total>
[2026-04-03T02:24:58.146+0600][60.649s][info][gc,stats    ]      16 of   745 ms (  2.1%): <average non-zero>
[2026-04-03T02:24:58.146+0600][60.649s][info][gc,stats    ] 
[2026-04-03T02:24:58.146+0600][60.649s][info][gc,metaspace] Metaspace: 131340K(132736K)->131340K(132736K) NonClass: 114854K(115584K)->114854K(115584K) Class: 16486K(17152K)->16486K(17152K)
[2026-04-03T02:24:58.146+0600][60.649s][info][gc,ergo     ] Pacer for Idle. Initial: 20480K, Alloc Tax Rate: 1.0x
[2026-04-03T02:24:58.630+0600][61.134s][info][gc          ] Trigger: Average GC time (178.64 ms) is above the time for average allocation rate (1033 MB/s) to deplete free headroom (184M) (margin of error = 1.81)
[2026-04-03T02:24:58.630+0600][61.134s][info][gc,ergo     ] Free headroom: 234M (free) - 51200K (spike) - 0B (penalties) = 184M
[2026-04-03T02:24:58.631+0600][61.134s][info][gc,ergo     ] Free: 234M, Max: 256K regular, 126M humongous, Frag: 46% external, 1% internal; Reserve: 51200K, Max: 256K
[2026-04-03T02:24:58.631+0600][61.134s][info][gc,start    ] GC(69) Concurrent reset
[2026-04-03T02:24:58.631+0600][61.134s][info][gc,task     ] GC(69) Using 3 of 6 workers for concurrent reset
[2026-04-03T02:24:58.631+0600][61.134s][info][gc,ergo     ] GC(69) Pacer for Reset. Non-Taxable: 1000M
[2026-04-03T02:24:58.632+0600][61.135s][info][gc          ] GC(69) Concurrent reset 1.419ms
[2026-04-03T02:24:58.632+0600][61.136s][info][gc,start    ] GC(69) Pause Init Mark (unload classes)
[2026-04-03T02:24:58.632+0600][61.136s][info][gc,task     ] GC(69) Using 6 of 6 workers for init marking
[2026-04-03T02:24:58.632+0600][61.136s][info][gc,ergo     ] GC(69) Pacer for Mark. Expected Live: 93172K, Free: 231M, Non-Taxable: 23694K, Alloc Tax Rate: 0.5x
[2026-04-03T02:24:58.632+0600][61.136s][info][gc          ] GC(69) Pause Init Mark (unload classes) 0.138ms
[2026-04-03T02:24:58.632+0600][61.136s][info][gc,start    ] GC(69) Concurrent marking roots
[2026-04-03T02:24:58.633+0600][61.136s][info][gc,task     ] GC(69) Using 3 of 6 workers for concurrent marking roots
[2026-04-03T02:24:58.637+0600][61.140s][info][gc          ] GC(69) Concurrent marking roots 4.408ms
[2026-04-03T02:24:58.637+0600][61.140s][info][gc,start    ] GC(69) Concurrent marking (unload classes)
[2026-04-03T02:24:58.637+0600][61.140s][info][gc,task     ] GC(69) Using 3 of 6 workers for concurrent marking
[2026-04-03T02:24:58.701+0600][61.205s][info][gc          ] GC(69) Concurrent marking (unload classes) 64.413ms
[2026-04-03T02:24:58.702+0600][61.205s][info][gc,start    ] GC(69) Pause Final Mark (unload classes)
[2026-04-03T02:24:58.702+0600][61.205s][info][gc,task     ] GC(69) Using 6 of 6 workers for final marking
[2026-04-03T02:24:58.702+0600][61.205s][info][gc,ergo     ] GC(69) Adaptive CSet Selection. Target Free: 141M, Actual Free: 752M, Max CSet: 42666K, Min Garbage: 0B
[2026-04-03T02:24:58.702+0600][61.206s][info][gc,ergo     ] GC(69) Collectable Garbage: 581M (98%), Immediate: 510M (86%), CSet: 72199K (11%)
[2026-04-03T02:24:58.702+0600][61.206s][info][gc,ergo     ] GC(69) Pacer for Evacuation. Used CSet: 77655K, Free: 738M, Non-Taxable: 75660K, Alloc Tax Rate: 1.1x
[2026-04-03T02:24:58.702+0600][61.206s][info][gc          ] GC(69) Pause Final Mark (unload classes) 0.776ms
[2026-04-03T02:24:58.702+0600][61.206s][info][gc,start    ] GC(69) Concurrent thread roots
[2026-04-03T02:24:58.702+0600][61.206s][info][gc,task     ] GC(69) Using 3 of 6 workers for Concurrent thread roots
[2026-04-03T02:24:58.703+0600][61.207s][info][gc          ] GC(69) Concurrent thread roots 0.900ms
[2026-04-03T02:24:58.703+0600][61.207s][info][gc,start    ] GC(69) Concurrent weak references
[2026-04-03T02:24:58.703+0600][61.207s][info][gc,task     ] GC(69) Using 3 of 6 workers for concurrent weak references
[2026-04-03T02:24:58.704+0600][61.207s][info][gc,ref      ] GC(69) Encountered references: Soft: 3792, Weak: 16127, Final: 84, Phantom: 620
[2026-04-03T02:24:58.704+0600][61.208s][info][gc,ref      ] GC(69) Discovered  references: Soft: 0, Weak: 9438, Final: 0, Phantom: 577
[2026-04-03T02:24:58.704+0600][61.208s][info][gc,ref      ] GC(69) Enqueued    references: Soft: 0, Weak: 1448, Final: 0, Phantom: 0
[2026-04-03T02:24:58.704+0600][61.208s][info][gc          ] GC(69) Concurrent weak references 0.928ms
[2026-04-03T02:24:58.704+0600][61.208s][info][gc,start    ] GC(69) Concurrent weak roots
[2026-04-03T02:24:58.704+0600][61.208s][info][gc,task     ] GC(69) Using 3 of 6 workers for concurrent weak root
[2026-04-03T02:24:58.710+0600][61.214s][info][gc          ] GC(69) Concurrent weak roots 5.939ms
[2026-04-03T02:24:58.710+0600][61.214s][info][gc,start    ] GC(69) Concurrent cleanup
[2026-04-03T02:24:58.711+0600][61.215s][info][gc          ] GC(69) Concurrent cleanup 734M->226M(829M) 1.061ms
[2026-04-03T02:24:58.712+0600][61.215s][info][gc,ergo     ] GC(69) Free: 719M, Max: 256K regular, 126M humongous, Frag: 83% external, 0% internal; Reserve: 50176K, Max: 256K
[2026-04-03T02:24:58.712+0600][61.215s][info][gc,start    ] GC(69) Concurrent class unloading
[2026-04-03T02:24:58.712+0600][61.215s][info][gc,task     ] GC(69) Using 3 of 6 workers for concurrent class unloading
[2026-04-03T02:24:58.728+0600][61.231s][info][gc          ] GC(69) Concurrent class unloading 15.997ms
[2026-04-03T02:24:58.728+0600][61.231s][info][gc,start    ] GC(69) Concurrent strong roots
[2026-04-03T02:24:58.728+0600][61.231s][info][gc,task     ] GC(69) Using 3 of 6 workers for concurrent strong root
[2026-04-03T02:24:58.729+0600][61.233s][info][gc          ] GC(69) Concurrent strong roots 1.434ms
[2026-04-03T02:24:58.729+0600][61.233s][info][gc,start    ] GC(69) Concurrent evacuation
[2026-04-03T02:24:58.729+0600][61.233s][info][gc,task     ] GC(69) Using 3 of 6 workers for concurrent evacuation
[2026-04-03T02:24:58.732+0600][61.235s][info][gc          ] GC(69) Concurrent evacuation 2.665ms
[2026-04-03T02:24:58.732+0600][61.236s][info][gc,start    ] GC(69) Pause Init Update Refs
[2026-04-03T02:24:58.732+0600][61.236s][info][gc,ergo     ] GC(69) Pacer for Update Refs. Used: 236M, Free: 714M, Non-Taxable: 73141K, Alloc Tax Rate: 1.1x
[2026-04-03T02:24:58.732+0600][61.236s][info][gc          ] GC(69) Pause Init Update Refs 0.099ms
[2026-04-03T02:24:58.732+0600][61.236s][info][gc,start    ] GC(69) Concurrent update references
[2026-04-03T02:24:58.733+0600][61.236s][info][gc,task     ] GC(69) Using 3 of 6 workers for concurrent reference update
[2026-04-03T02:24:58.773+0600][61.276s][info][gc          ] GC(69) Concurrent update references 40.462ms
[2026-04-03T02:24:58.773+0600][61.276s][info][gc,start    ] GC(69) Concurrent update thread roots
[2026-04-03T02:24:58.774+0600][61.277s][info][gc          ] GC(69) Concurrent update thread roots 1.146ms
[2026-04-03T02:24:58.774+0600][61.278s][info][gc,start    ] GC(69) Pause Final Update Refs
[2026-04-03T02:24:58.774+0600][61.278s][info][gc,task     ] GC(69) Using 6 of 6 workers for final reference update
[2026-04-03T02:24:58.775+0600][61.278s][info][gc          ] GC(69) Pause Final Update Refs 0.171ms
[2026-04-03T02:24:58.775+0600][61.278s][info][gc,start    ] GC(69) Concurrent cleanup
[2026-04-03T02:24:58.775+0600][61.278s][info][gc          ] GC(69) Concurrent cleanup 250M->174M(830M) 0.301ms
[2026-04-03T02:24:58.775+0600][61.278s][info][gc,ergo     ] Free: 769M, Max: 256K regular, 258M humongous, Frag: 67% external, 0% internal; Reserve: 51200K, Max: 256K
[2026-04-03T02:24:58.775+0600][61.278s][info][gc,stats    ] 
[2026-04-03T02:24:58.775+0600][61.278s][info][gc,stats    ] All times are wall-clock times, except per-root-class counters, that are sum over
[2026-04-03T02:24:58.775+0600][61.278s][info][gc,stats    ] all workers. Dividing the <total> over the root stage time estimates parallelism.
[2026-04-03T02:24:58.775+0600][61.278s][info][gc,stats    ] 
[2026-04-03T02:24:58.775+0600][61.278s][info][gc,stats    ] Concurrent Reset                   1467 us
[2026-04-03T02:24:58.775+0600][61.278s][info][gc,stats    ] Pause Init Mark (G)                 399 us
[2026-04-03T02:24:58.775+0600][61.278s][info][gc,stats    ] Pause Init Mark (N)                 147 us
[2026-04-03T02:24:58.775+0600][61.278s][info][gc,stats    ]   Update Region States               38 us
[2026-04-03T02:24:58.775+0600][61.278s][info][gc,stats    ] Concurrent Mark Roots              4504 us, parallelism: 1.69x
[2026-04-03T02:24:58.775+0600][61.278s][info][gc,stats    ]   CMR: <total>                     7607 us
[2026-04-03T02:24:58.775+0600][61.279s][info][gc,stats    ]   CMR: Thread Roots                7183 us, workers (us): 3520, 2499, 1164, ---, ---, ---, 
[2026-04-03T02:24:58.775+0600][61.279s][info][gc,stats    ]   CMR: VM Strong Roots               54 us, workers (us):  52,   1,   1, ---, ---, ---, 
[2026-04-03T02:24:58.775+0600][61.279s][info][gc,stats    ]   CMR: CLDG Roots                   370 us, workers (us): 370, ---, ---, ---, ---, ---, 
[2026-04-03T02:24:58.775+0600][61.279s][info][gc,stats    ] Concurrent Marking                64488 us
[2026-04-03T02:24:58.775+0600][61.279s][info][gc,stats    ] Pause Final Mark (G)                968 us
[2026-04-03T02:24:58.775+0600][61.279s][info][gc,stats    ] Pause Final Mark (N)                786 us
[2026-04-03T02:24:58.775+0600][61.279s][info][gc,stats    ]   Finish Mark                       296 us
[2026-04-03T02:24:58.775+0600][61.279s][info][gc,stats    ]   Update Region States               50 us
[2026-04-03T02:24:58.775+0600][61.279s][info][gc,stats    ]   Choose Collection Set             236 us
[2026-04-03T02:24:58.775+0600][61.279s][info][gc,stats    ]   Rebuild Free Set                   44 us
[2026-04-03T02:24:58.775+0600][61.279s][info][gc,stats    ] Concurrent Thread Roots             951 us, parallelism: 2.51x
[2026-04-03T02:24:58.775+0600][61.279s][info][gc,stats    ]   CTR: <total>                     2389 us
[2026-04-03T02:24:58.775+0600][61.279s][info][gc,stats    ]   CTR: Thread Roots                2389 us, workers (us): 822, 811, 756, ---, ---, ---, 
[2026-04-03T02:24:58.775+0600][61.279s][info][gc,stats    ] Concurrent Weak References          941 us, parallelism: 0.84x
[2026-04-03T02:24:58.775+0600][61.279s][info][gc,stats    ]   CWRF: <total>                     792 us
[2026-04-03T02:24:58.775+0600][61.279s][info][gc,stats    ]   CWRF: Weak References             792 us, workers (us): 792,   0,   0, ---, ---, ---, 
[2026-04-03T02:24:58.775+0600][61.279s][info][gc,stats    ] Concurrent Weak Roots              6046 us
[2026-04-03T02:24:58.775+0600][61.279s][info][gc,stats    ]   Roots                            5500 us, parallelism: 2.58x
[2026-04-03T02:24:58.775+0600][61.279s][info][gc,stats    ]     CWR: <total>                  14207 us
[2026-04-03T02:24:58.775+0600][61.279s][info][gc,stats    ]     CWR: Code Cache Roots         11693 us, workers (us): 3904, 3860, 3929, ---, ---, ---, 
[2026-04-03T02:24:58.775+0600][61.279s][info][gc,stats    ]     CWR: VM Weak Roots             2310 us, workers (us): 1184, 1115,  11, ---, ---, ---, 
[2026-04-03T02:24:58.775+0600][61.279s][info][gc,stats    ]     CWR: CLDG Roots                 205 us, workers (us): ---, 205, ---, ---, ---, ---, 
[2026-04-03T02:24:58.775+0600][61.279s][info][gc,stats    ]   Rendezvous                        411 us
[2026-04-03T02:24:58.775+0600][61.279s][info][gc,stats    ] Concurrent Cleanup                 1160 us
[2026-04-03T02:24:58.775+0600][61.279s][info][gc,stats    ] Concurrent Class Unloading        16108 us
[2026-04-03T02:24:58.775+0600][61.279s][info][gc,stats    ]   Unlink Stale                    14514 us
[2026-04-03T02:24:58.775+0600][61.279s][info][gc,stats    ]     System Dictionary               368 us
[2026-04-03T02:24:58.775+0600][61.279s][info][gc,stats    ]     Weak Class Links                  1 us
[2026-04-03T02:24:58.775+0600][61.279s][info][gc,stats    ]     Code Roots                    14140 us
[2026-04-03T02:24:58.775+0600][61.279s][info][gc,stats    ]   Rendezvous                        493 us
[2026-04-03T02:24:58.776+0600][61.279s][info][gc,stats    ]   Purge Unlinked                    908 us
[2026-04-03T02:24:58.776+0600][61.279s][info][gc,stats    ]     Code Roots                      895 us
[2026-04-03T02:24:58.776+0600][61.279s][info][gc,stats    ]     CLDG                             12 us
[2026-04-03T02:24:58.776+0600][61.279s][info][gc,stats    ]     Exception Caches                  0 us
[2026-04-03T02:24:58.776+0600][61.279s][info][gc,stats    ] Concurrent Strong Roots            1519 us, parallelism: 0.57x
[2026-04-03T02:24:58.776+0600][61.279s][info][gc,stats    ]   CSR: <total>                      863 us
[2026-04-03T02:24:58.776+0600][61.279s][info][gc,stats    ]   CSR: VM Strong Roots               70 us, workers (us):  68,   2,   0, ---, ---, ---, 
[2026-04-03T02:24:58.776+0600][61.279s][info][gc,stats    ]   CSR: CLDG Roots                   793 us, workers (us): 793, ---, ---, ---, ---, ---, 
[2026-04-03T02:24:58.776+0600][61.279s][info][gc,stats    ] Concurrent Evacuation              2729 us
[2026-04-03T02:24:58.776+0600][61.279s][info][gc,stats    ] Pause Init Update Refs (G)          452 us
[2026-04-03T02:24:58.776+0600][61.279s][info][gc,stats    ] Pause Init Update Refs (N)          110 us
[2026-04-03T02:24:58.776+0600][61.279s][info][gc,stats    ]   Manage GCLABs                      36 us
[2026-04-03T02:24:58.776+0600][61.279s][info][gc,stats    ] Concurrent Update Refs            40540 us
[2026-04-03T02:24:58.776+0600][61.279s][info][gc,stats    ] Concurrent Update Thread Roots     1182 us
[2026-04-03T02:24:58.776+0600][61.279s][info][gc,stats    ] Pause Final Update Refs (G)         499 us
[2026-04-03T02:24:58.776+0600][61.279s][info][gc,stats    ] Pause Final Update Refs (N)         197 us
[2026-04-03T02:24:58.776+0600][61.279s][info][gc,stats    ]   Update Region States               59 us
[2026-04-03T02:24:58.776+0600][61.279s][info][gc,stats    ]   Trash Collection Set               17 us
[2026-04-03T02:24:58.776+0600][61.279s][info][gc,stats    ]   Rebuild Free Set                   47 us
[2026-04-03T02:24:58.776+0600][61.279s][info][gc,stats    ] Concurrent Cleanup                  322 us
[2026-04-03T02:24:58.776+0600][61.279s][info][gc,stats    ] Pacing                           184853 us
[2026-04-03T02:24:58.776+0600][61.279s][info][gc,stats    ] 
[2026-04-03T02:24:58.776+0600][61.279s][info][gc,stats    ] Allocation pacing accrued:
[2026-04-03T02:24:58.776+0600][61.279s][info][gc,stats    ]      11 of   630 ms (  1.8%): Spark Context Cleaner
[2026-04-03T02:24:58.776+0600][61.279s][info][gc,stats    ]      21 of   630 ms (  3.4%): Executor task launch worker for task 2.0 in stage 2120.0 (TID 4105)
[2026-04-03T02:24:58.776+0600][61.279s][info][gc,stats    ]      22 of   630 ms (  3.5%): Executor task launch worker for task 1.0 in stage 2120.0 (TID 4104)
[2026-04-03T02:24:58.776+0600][61.279s][info][gc,stats    ]      22 of   630 ms (  3.5%): Executor task launch worker for task 3.0 in stage 2120.0 (TID 4106)
[2026-04-03T02:24:58.776+0600][61.279s][info][gc,stats    ]      22 of   630 ms (  3.6%): Executor task launch worker for task 6.0 in stage 2120.0 (TID 4109)
[2026-04-03T02:24:58.776+0600][61.279s][info][gc,stats    ]      21 of   630 ms (  3.4%): Executor task launch worker for task 5.0 in stage 2120.0 (TID 4108)
[2026-04-03T02:24:58.776+0600][61.279s][info][gc,stats    ]      21 of   630 ms (  3.4%): Executor task launch worker for task 7.0 in stage 2120.0 (TID 4110)
[2026-04-03T02:24:58.776+0600][61.279s][info][gc,stats    ]      21 of   630 ms (  3.4%): Executor task launch worker for task 0.0 in stage 2145.0 (TID 4111)
[2026-04-03T02:24:58.776+0600][61.279s][info][gc,stats    ]      22 of   630 ms (  3.5%): Executor task launch worker for task 4.0 in stage 2120.0 (TID 4107)
[2026-04-03T02:24:58.776+0600][61.279s][info][gc,stats    ]     185 of   630 ms ( 29.3%): <total>
[2026-04-03T02:24:58.776+0600][61.279s][info][gc,stats    ]       1 of   630 ms (  0.1%): <average total>
[2026-04-03T02:24:58.776+0600][61.279s][info][gc,stats    ]      21 of   630 ms (  3.3%): <average non-zero>
[2026-04-03T02:24:58.776+0600][61.279s][info][gc,stats    ] 
[2026-04-03T02:24:58.776+0600][61.279s][info][gc,metaspace] Metaspace: 131344K(132736K)->131344K(132736K) NonClass: 114858K(115584K)->114858K(115584K) Class: 16486K(17152K)->16486K(17152K)
[2026-04-03T02:24:58.776+0600][61.279s][info][gc,ergo     ] Pacer for Idle. Initial: 20480K, Alloc Tax Rate: 1.0x
[2026-04-03T02:24:59.179+0600][61.683s][info][gc          ] Trigger: Average GC time (168.12 ms) is above the time for average allocation rate (1389 MB/s) to deplete free headroom (212M) (margin of error = 1.81)
[2026-04-03T02:24:59.179+0600][61.683s][info][gc,ergo     ] Free headroom: 262M (free) - 51200K (spike) - 0B (penalties) = 212M
[2026-04-03T02:24:59.180+0600][61.683s][info][gc,ergo     ] Free: 261M, Max: 256K regular, 124M humongous, Frag: 53% external, 1% internal; Reserve: 51200K, Max: 256K
[2026-04-03T02:24:59.180+0600][61.683s][info][gc,start    ] GC(70) Concurrent reset
[2026-04-03T02:24:59.180+0600][61.683s][info][gc,task     ] GC(70) Using 3 of 6 workers for concurrent reset
[2026-04-03T02:24:59.180+0600][61.683s][info][gc,ergo     ] GC(70) Pacer for Reset. Non-Taxable: 1000M
[2026-04-03T02:24:59.181+0600][61.684s][info][gc          ] GC(70) Concurrent reset 1.277ms
[2026-04-03T02:24:59.182+0600][61.685s][info][gc,start    ] GC(70) Pause Init Mark (unload classes)
[2026-04-03T02:24:59.182+0600][61.685s][info][gc,task     ] GC(70) Using 6 of 6 workers for init marking
[2026-04-03T02:24:59.182+0600][61.685s][info][gc,ergo     ] GC(70) Pacer for Mark. Expected Live: 93164K, Free: 238M, Non-Taxable: 24462K, Alloc Tax Rate: 0.5x
[2026-04-03T02:24:59.182+0600][61.685s][info][gc          ] GC(70) Pause Init Mark (unload classes) 0.403ms
[2026-04-03T02:24:59.182+0600][61.686s][info][gc,start    ] GC(70) Concurrent marking roots
[2026-04-03T02:24:59.182+0600][61.686s][info][gc,task     ] GC(70) Using 3 of 6 workers for concurrent marking roots
[2026-04-03T02:24:59.184+0600][61.687s][info][gc          ] GC(70) Concurrent marking roots 1.672ms
[2026-04-03T02:24:59.184+0600][61.687s][info][gc,start    ] GC(70) Concurrent marking (unload classes)
[2026-04-03T02:24:59.184+0600][61.687s][info][gc,task     ] GC(70) Using 3 of 6 workers for concurrent marking
[2026-04-03T02:24:59.227+0600][61.731s][info][gc          ] GC(70) Concurrent marking (unload classes) 43.402ms
[2026-04-03T02:24:59.228+0600][61.732s][info][gc,start    ] GC(70) Pause Final Mark (unload classes)
[2026-04-03T02:24:59.228+0600][61.732s][info][gc,task     ] GC(70) Using 6 of 6 workers for final marking
[2026-04-03T02:24:59.229+0600][61.732s][info][gc,ergo     ] GC(70) Adaptive CSet Selection. Target Free: 141M, Actual Free: 693M, Max CSet: 42666K, Min Garbage: 0B
[2026-04-03T02:24:59.229+0600][61.732s][info][gc,ergo     ] GC(70) Collectable Garbage: 563M (98%), Immediate: 467M (81%), CSet: 99249K (16%)
[2026-04-03T02:24:59.229+0600][61.732s][info][gc,ergo     ] GC(70) Pacer for Evacuation. Used CSet: 103M, Free: 672M, Non-Taxable: 68834K, Alloc Tax Rate: 1.1x
[2026-04-03T02:24:59.229+0600][61.732s][info][gc          ] GC(70) Pause Final Mark (unload classes) 0.750ms
[2026-04-03T02:24:59.229+0600][61.733s][info][gc,start    ] GC(70) Concurrent thread roots
[2026-04-03T02:24:59.229+0600][61.733s][info][gc,task     ] GC(70) Using 3 of 6 workers for Concurrent thread roots
[2026-04-03T02:24:59.231+0600][61.734s][info][gc          ] GC(70) Concurrent thread roots 1.227ms
[2026-04-03T02:24:59.231+0600][61.734s][info][gc,start    ] GC(70) Concurrent weak references
[2026-04-03T02:24:59.231+0600][61.734s][info][gc,task     ] GC(70) Using 3 of 6 workers for concurrent weak references
[2026-04-03T02:24:59.231+0600][61.735s][info][gc,ref      ] GC(70) Encountered references: Soft: 3788, Weak: 15587, Final: 84, Phantom: 633
[2026-04-03T02:24:59.232+0600][61.735s][info][gc,ref      ] GC(70) Discovered  references: Soft: 0, Weak: 9470, Final: 48, Phantom: 592
[2026-04-03T02:24:59.232+0600][61.735s][info][gc,ref      ] GC(70) Enqueued    references: Soft: 0, Weak: 894, Final: 0, Phantom: 0
[2026-04-03T02:24:59.232+0600][61.735s][info][gc          ] GC(70) Concurrent weak references 0.997ms
[2026-04-03T02:24:59.232+0600][61.735s][info][gc,start    ] GC(70) Concurrent weak roots
[2026-04-03T02:24:59.232+0600][61.735s][info][gc,task     ] GC(70) Using 3 of 6 workers for concurrent weak root
[2026-04-03T02:24:59.242+0600][61.745s][info][gc          ] GC(70) Concurrent weak roots 10.355ms
[2026-04-03T02:24:59.242+0600][61.745s][info][gc,start    ] GC(70) Concurrent cleanup
[2026-04-03T02:24:59.243+0600][61.746s][info][gc          ] GC(70) Concurrent cleanup 800M->333M(842M) 0.707ms
[2026-04-03T02:24:59.243+0600][61.746s][info][gc,ergo     ] GC(70) Free: 606M, Max: 256K regular, 113M humongous, Frag: 82% external, 0% internal; Reserve: 49913K, Max: 256K
[2026-04-03T02:24:59.243+0600][61.746s][info][gc,start    ] GC(70) Concurrent class unloading
[2026-04-03T02:24:59.243+0600][61.746s][info][gc,task     ] GC(70) Using 3 of 6 workers for concurrent class unloading
[2026-04-03T02:24:59.256+0600][61.759s][info][gc          ] GC(70) Concurrent class unloading 12.794ms
[2026-04-03T02:24:59.256+0600][61.759s][info][gc,start    ] GC(70) Concurrent strong roots
[2026-04-03T02:24:59.256+0600][61.759s][info][gc,task     ] GC(70) Using 3 of 6 workers for concurrent strong root
[2026-04-03T02:24:59.257+0600][61.760s][info][gc          ] GC(70) Concurrent strong roots 1.129ms
[2026-04-03T02:24:59.257+0600][61.760s][info][gc,start    ] GC(70) Concurrent evacuation
[2026-04-03T02:24:59.257+0600][61.760s][info][gc,task     ] GC(70) Using 3 of 6 workers for concurrent evacuation
[2026-04-03T02:24:59.260+0600][61.764s][info][gc          ] GC(70) Concurrent evacuation 3.411ms
[2026-04-03T02:24:59.261+0600][61.764s][info][gc,start    ] GC(70) Pause Init Update Refs
[2026-04-03T02:24:59.261+0600][61.764s][info][gc,ergo     ] GC(70) Pacer for Update Refs. Used: 371M, Free: 573M, Non-Taxable: 58747K, Alloc Tax Rate: 1.1x
[2026-04-03T02:24:59.261+0600][61.764s][info][gc          ] GC(70) Pause Init Update Refs 0.120ms
[2026-04-03T02:24:59.261+0600][61.765s][info][gc,start    ] GC(70) Concurrent update references
[2026-04-03T02:24:59.261+0600][61.765s][info][gc,task     ] GC(70) Using 3 of 6 workers for concurrent reference update
[2026-04-03T02:24:59.309+0600][61.812s][info][gc          ] GC(70) Concurrent update references 47.263ms
[2026-04-03T02:24:59.309+0600][61.812s][info][gc,start    ] GC(70) Concurrent update thread roots
[2026-04-03T02:24:59.311+0600][61.814s][info][gc          ] GC(70) Concurrent update thread roots 1.883ms
[2026-04-03T02:24:59.311+0600][61.814s][info][gc,start    ] GC(70) Pause Final Update Refs
[2026-04-03T02:24:59.311+0600][61.814s][info][gc,task     ] GC(70) Using 6 of 6 workers for final reference update
[2026-04-03T02:24:59.311+0600][61.815s][info][gc          ] GC(70) Pause Final Update Refs 0.276ms
[2026-04-03T02:24:59.312+0600][61.815s][info][gc,start    ] GC(70) Concurrent cleanup
[2026-04-03T02:24:59.312+0600][61.816s][info][gc          ] GC(70) Concurrent cleanup 441M->338M(845M) 0.871ms
[2026-04-03T02:24:59.313+0600][61.816s][info][gc,ergo     ] Free: 595M, Max: 256K regular, 258M humongous, Frag: 57% external, 0% internal; Reserve: 51200K, Max: 256K
[2026-04-03T02:24:59.313+0600][61.816s][info][gc,stats    ] 
[2026-04-03T02:24:59.313+0600][61.816s][info][gc,stats    ] All times are wall-clock times, except per-root-class counters, that are sum over
[2026-04-03T02:24:59.313+0600][61.816s][info][gc,stats    ] all workers. Dividing the <total> over the root stage time estimates parallelism.
[2026-04-03T02:24:59.313+0600][61.816s][info][gc,stats    ] 
[2026-04-03T02:24:59.313+0600][61.816s][info][gc,stats    ] Concurrent Reset                   1354 us
[2026-04-03T02:24:59.313+0600][61.816s][info][gc,stats    ] Pause Init Mark (G)                1222 us
[2026-04-03T02:24:59.313+0600][61.816s][info][gc,stats    ] Pause Init Mark (N)                 417 us
[2026-04-03T02:24:59.313+0600][61.816s][info][gc,stats    ]   Update Region States              193 us
[2026-04-03T02:24:59.313+0600][61.816s][info][gc,stats    ] Concurrent Mark Roots              1743 us, parallelism: 1.90x
[2026-04-03T02:24:59.313+0600][61.816s][info][gc,stats    ]   CMR: <total>                     3306 us
[2026-04-03T02:24:59.313+0600][61.816s][info][gc,stats    ]   CMR: Thread Roots                2929 us, workers (us): 1063, 1081, 785, ---, ---, ---, 
[2026-04-03T02:24:59.313+0600][61.816s][info][gc,stats    ]   CMR: VM Strong Roots               91 us, workers (us):  59,  18,  13, ---, ---, ---, 
[2026-04-03T02:24:59.313+0600][61.816s][info][gc,stats    ]   CMR: CLDG Roots                   286 us, workers (us): ---, ---, 286, ---, ---, ---, 
[2026-04-03T02:24:59.313+0600][61.816s][info][gc,stats    ] Concurrent Marking                43491 us
[2026-04-03T02:24:59.313+0600][61.816s][info][gc,stats    ] Pause Final Mark (G)               1815 us
[2026-04-03T02:24:59.313+0600][61.816s][info][gc,stats    ] Pause Final Mark (N)                764 us
[2026-04-03T02:24:59.313+0600][61.816s][info][gc,stats    ]   Finish Mark                       208 us
[2026-04-03T02:24:59.313+0600][61.816s][info][gc,stats    ]   Update Region States               99 us
[2026-04-03T02:24:59.313+0600][61.816s][info][gc,stats    ]   Choose Collection Set             259 us
[2026-04-03T02:24:59.313+0600][61.816s][info][gc,stats    ]   Rebuild Free Set                   40 us
[2026-04-03T02:24:59.313+0600][61.816s][info][gc,stats    ] Concurrent Thread Roots            1309 us, parallelism: 2.38x
[2026-04-03T02:24:59.313+0600][61.816s][info][gc,stats    ]   CTR: <total>                     3110 us
[2026-04-03T02:24:59.313+0600][61.816s][info][gc,stats    ]   CTR: Thread Roots                3110 us, workers (us): 1034, 1044, 1032, ---, ---, ---, 
[2026-04-03T02:24:59.313+0600][61.816s][info][gc,stats    ] Concurrent Weak References         1012 us, parallelism: 1.20x
[2026-04-03T02:24:59.313+0600][61.816s][info][gc,stats    ]   CWRF: <total>                    1214 us
[2026-04-03T02:24:59.313+0600][61.816s][info][gc,stats    ]   CWRF: Weak References            1214 us, workers (us): 300, 269, 645, ---, ---, ---, 
[2026-04-03T02:24:59.313+0600][61.816s][info][gc,stats    ] Concurrent Weak Roots             10445 us
[2026-04-03T02:24:59.313+0600][61.816s][info][gc,stats    ]   Roots                            4459 us, parallelism: 2.67x
[2026-04-03T02:24:59.313+0600][61.816s][info][gc,stats    ]     CWR: <total>                  11894 us
[2026-04-03T02:24:59.313+0600][61.816s][info][gc,stats    ]     CWR: Code Cache Roots          9381 us, workers (us): 2918, 3219, 3244, ---, ---, ---, 
[2026-04-03T02:24:59.313+0600][61.816s][info][gc,stats    ]     CWR: VM Weak Roots             2288 us, workers (us): 770, 773, 745, ---, ---, ---, 
[2026-04-03T02:24:59.313+0600][61.816s][info][gc,stats    ]     CWR: CLDG Roots                 224 us, workers (us): 224, ---, ---, ---, ---, ---, 
[2026-04-03T02:24:59.313+0600][61.816s][info][gc,stats    ]   Rendezvous                       5865 us
[2026-04-03T02:24:59.313+0600][61.816s][info][gc,stats    ] Concurrent Cleanup                  734 us
[2026-04-03T02:24:59.313+0600][61.816s][info][gc,stats    ] Concurrent Class Unloading        12885 us
[2026-04-03T02:24:59.313+0600][61.816s][info][gc,stats    ]   Unlink Stale                    11774 us
[2026-04-03T02:24:59.313+0600][61.816s][info][gc,stats    ]     System Dictionary               376 us
[2026-04-03T02:24:59.313+0600][61.816s][info][gc,stats    ]     Weak Class Links                  1 us
[2026-04-03T02:24:59.313+0600][61.816s][info][gc,stats    ]     Code Roots                    11392 us
[2026-04-03T02:24:59.313+0600][61.816s][info][gc,stats    ]   Rendezvous                        354 us
[2026-04-03T02:24:59.313+0600][61.816s][info][gc,stats    ]   Purge Unlinked                    625 us
[2026-04-03T02:24:59.313+0600][61.816s][info][gc,stats    ]     Code Roots                      614 us
[2026-04-03T02:24:59.313+0600][61.816s][info][gc,stats    ]     CLDG                             11 us
[2026-04-03T02:24:59.313+0600][61.816s][info][gc,stats    ]     Exception Caches                  0 us
[2026-04-03T02:24:59.313+0600][61.817s][info][gc,stats    ] Concurrent Strong Roots            1204 us, parallelism: 0.56x
[2026-04-03T02:24:59.313+0600][61.817s][info][gc,stats    ]   CSR: <total>                      670 us
[2026-04-03T02:24:59.313+0600][61.817s][info][gc,stats    ]   CSR: VM Strong Roots               40 us, workers (us):  38,   1,   0, ---, ---, ---, 
[2026-04-03T02:24:59.313+0600][61.817s][info][gc,stats    ]   CSR: CLDG Roots                   630 us, workers (us): 630, ---, ---, ---, ---, ---, 
[2026-04-03T02:24:59.313+0600][61.817s][info][gc,stats    ] Concurrent Evacuation              3485 us
[2026-04-03T02:24:59.313+0600][61.817s][info][gc,stats    ] Pause Init Update Refs (G)          804 us
[2026-04-03T02:24:59.313+0600][61.817s][info][gc,stats    ] Pause Init Update Refs (N)          135 us
[2026-04-03T02:24:59.313+0600][61.817s][info][gc,stats    ]   Manage GCLABs                      38 us
[2026-04-03T02:24:59.313+0600][61.817s][info][gc,stats    ] Concurrent Update Refs            47371 us
[2026-04-03T02:24:59.313+0600][61.817s][info][gc,stats    ] Concurrent Update Thread Roots     1967 us
[2026-04-03T02:24:59.313+0600][61.817s][info][gc,stats    ] Pause Final Update Refs (G)         907 us
[2026-04-03T02:24:59.313+0600][61.817s][info][gc,stats    ] Pause Final Update Refs (N)         292 us
[2026-04-03T02:24:59.313+0600][61.817s][info][gc,stats    ]   Update Region States               77 us
[2026-04-03T02:24:59.313+0600][61.817s][info][gc,stats    ]   Trash Collection Set               22 us
[2026-04-03T02:24:59.313+0600][61.817s][info][gc,stats    ]   Rebuild Free Set                   61 us
[2026-04-03T02:24:59.313+0600][61.817s][info][gc,stats    ] Concurrent Cleanup                  948 us
[2026-04-03T02:24:59.313+0600][61.817s][info][gc,stats    ] Pacing                           328250 us
[2026-04-03T02:24:59.313+0600][61.817s][info][gc,stats    ] 
[2026-04-03T02:24:59.313+0600][61.817s][info][gc,stats    ] Allocation pacing accrued:
[2026-04-03T02:24:59.313+0600][61.817s][info][gc,stats    ]       2 of   538 ms (  0.4%): Spark Context Cleaner
[2026-04-03T02:24:59.313+0600][61.817s][info][gc,stats    ]      11 of   538 ms (  2.1%): spark-listener-group-appStatus
[2026-04-03T02:24:59.313+0600][61.817s][info][gc,stats    ]      11 of   538 ms (  2.1%): spark-listener-group-executorManagement
[2026-04-03T02:24:59.313+0600][61.817s][info][gc,stats    ]      11 of   538 ms (  2.1%): spark-listener-group-shared
[2026-04-03T02:24:59.313+0600][61.817s][info][gc,stats    ]      60 of   538 ms ( 11.1%): Executor task launch worker for task 2.0 in stage 2211.0 (TID 4155)
[2026-04-03T02:24:59.313+0600][61.817s][info][gc,stats    ]      59 of   538 ms ( 10.9%): Executor task launch worker for task 3.0 in stage 2211.0 (TID 4156)
[2026-04-03T02:24:59.313+0600][61.817s][info][gc,stats    ]      58 of   538 ms ( 10.8%): Executor task launch worker for task 1.0 in stage 2211.0 (TID 4154)
[2026-04-03T02:24:59.313+0600][61.817s][info][gc,stats    ]      63 of   538 ms ( 11.6%): Executor task launch worker for task 0.0 in stage 2211.0 (TID 4153)
[2026-04-03T02:24:59.313+0600][61.817s][info][gc,stats    ]      10 of   538 ms (  1.9%): block-manager-storage-async-thread-pool-10
[2026-04-03T02:24:59.313+0600][61.817s][info][gc,stats    ]      11 of   538 ms (  2.1%): block-manager-storage-async-thread-pool-18
[2026-04-03T02:24:59.313+0600][61.817s][info][gc,stats    ]      21 of   538 ms (  4.0%): block-manager-storage-async-thread-pool-43
[2026-04-03T02:24:59.314+0600][61.817s][info][gc,stats    ]      10 of   538 ms (  1.8%): block-manager-ask-thread-pool-66
[2026-04-03T02:24:59.314+0600][61.817s][info][gc,stats    ]     328 of   538 ms ( 61.0%): <total>
[2026-04-03T02:24:59.314+0600][61.817s][info][gc,stats    ]       1 of   538 ms (  0.2%): <average total>
[2026-04-03T02:24:59.314+0600][61.817s][info][gc,stats    ]      27 of   538 ms (  5.1%): <average non-zero>
[2026-04-03T02:24:59.314+0600][61.817s][info][gc,stats    ] 
[2026-04-03T02:24:59.314+0600][61.817s][info][gc,metaspace] Metaspace: 131352K(132736K)->131356K(132736K) NonClass: 114865K(115584K)->114870K(115584K) Class: 16486K(17152K)->16486K(17152K)
[2026-04-03T02:24:59.314+0600][61.817s][info][gc,ergo     ] Pacer for Idle. Initial: 20480K, Alloc Tax Rate: 1.0x
[2026-04-03T02:24:59.358+0600][61.862s][info][gc          ] Trigger: Average GC time (160.03 ms) is above the time for average allocation rate (1667 MB/s) to deplete free headroom (263M) (margin of error = 1.82)
[2026-04-03T02:24:59.358+0600][61.862s][info][gc,ergo     ] Free headroom: 313M (free) - 51200K (spike) - 0B (penalties) = 263M
[2026-04-03T02:24:59.358+0600][61.862s][info][gc,ergo     ] Free: 313M, Max: 256K regular, 111M humongous, Frag: 65% external, 0% internal; Reserve: 51200K, Max: 256K
[2026-04-03T02:24:59.358+0600][61.862s][info][gc,start    ] GC(71) Concurrent reset
[2026-04-03T02:24:59.358+0600][61.862s][info][gc,task     ] GC(71) Using 3 of 6 workers for concurrent reset
[2026-04-03T02:24:59.358+0600][61.862s][info][gc,ergo     ] GC(71) Pacer for Reset. Non-Taxable: 1000M
[2026-04-03T02:24:59.360+0600][61.863s][info][gc          ] GC(71) Concurrent reset 1.409ms
[2026-04-03T02:24:59.361+0600][61.864s][info][gc,start    ] GC(71) Pause Init Mark (unload classes)
[2026-04-03T02:24:59.361+0600][61.864s][info][gc,task     ] GC(71) Using 6 of 6 workers for init marking
[2026-04-03T02:24:59.361+0600][61.864s][info][gc,ergo     ] GC(71) Pacer for Mark. Expected Live: 97051K, Free: 294M, Non-Taxable: 30114K, Alloc Tax Rate: 0.4x
[2026-04-03T02:24:59.361+0600][61.864s][info][gc          ] GC(71) Pause Init Mark (unload classes) 0.253ms
[2026-04-03T02:24:59.361+0600][61.864s][info][gc,start    ] GC(71) Concurrent marking roots
[2026-04-03T02:24:59.361+0600][61.864s][info][gc,task     ] GC(71) Using 3 of 6 workers for concurrent marking roots
[2026-04-03T02:24:59.363+0600][61.866s][info][gc          ] GC(71) Concurrent marking roots 1.473ms
[2026-04-03T02:24:59.363+0600][61.866s][info][gc,start    ] GC(71) Concurrent marking (unload classes)
[2026-04-03T02:24:59.363+0600][61.866s][info][gc,task     ] GC(71) Using 3 of 6 workers for concurrent marking
[2026-04-03T02:24:59.415+0600][61.918s][info][gc          ] GC(71) Concurrent marking (unload classes) 52.499ms
[2026-04-03T02:24:59.415+0600][61.919s][info][gc,start    ] GC(71) Pause Final Mark (unload classes)
[2026-04-03T02:24:59.415+0600][61.919s][info][gc,task     ] GC(71) Using 6 of 6 workers for final marking
[2026-04-03T02:24:59.416+0600][61.919s][info][gc,ergo     ] GC(71) Adaptive CSet Selection. Target Free: 141M, Actual Free: 759M, Max CSet: 42666K, Min Garbage: 0B
[2026-04-03T02:24:59.416+0600][61.919s][info][gc,ergo     ] GC(71) Collectable Garbage: 516M (98%), Immediate: 474M (90%), CSet: 43062K (8%)
[2026-04-03T02:24:59.416+0600][61.919s][info][gc,ergo     ] GC(71) Pacer for Evacuation. Used CSet: 49196K, Free: 742M, Non-Taxable: 76080K, Alloc Tax Rate: 1.1x
[2026-04-03T02:24:59.416+0600][61.919s][info][gc          ] GC(71) Pause Final Mark (unload classes) 0.829ms
[2026-04-03T02:24:59.416+0600][61.920s][info][gc,start    ] GC(71) Concurrent thread roots
[2026-04-03T02:24:59.416+0600][61.920s][info][gc,task     ] GC(71) Using 3 of 6 workers for Concurrent thread roots
[2026-04-03T02:24:59.417+0600][61.921s][info][gc          ] GC(71) Concurrent thread roots 1.043ms
[2026-04-03T02:24:59.417+0600][61.921s][info][gc,start    ] GC(71) Concurrent weak references
[2026-04-03T02:24:59.417+0600][61.921s][info][gc,task     ] GC(71) Using 3 of 6 workers for concurrent weak references
[2026-04-03T02:24:59.418+0600][61.921s][info][gc,ref      ] GC(71) Encountered references: Soft: 3787, Weak: 14865, Final: 84, Phantom: 627
[2026-04-03T02:24:59.418+0600][61.921s][info][gc,ref      ] GC(71) Discovered  references: Soft: 0, Weak: 8916, Final: 84, Phantom: 332
[2026-04-03T02:24:59.418+0600][61.921s][info][gc,ref      ] GC(71) Enqueued    references: Soft: 0, Weak: 228, Final: 0, Phantom: 0
[2026-04-03T02:24:59.418+0600][61.921s][info][gc          ] GC(71) Concurrent weak references 0.762ms
[2026-04-03T02:24:59.418+0600][61.921s][info][gc,start    ] GC(71) Concurrent weak roots
[2026-04-03T02:24:59.418+0600][61.921s][info][gc,task     ] GC(71) Using 3 of 6 workers for concurrent weak root
[2026-04-03T02:24:59.423+0600][61.926s][info][gc          ] GC(71) Concurrent weak roots 4.594ms
[2026-04-03T02:24:59.423+0600][61.926s][info][gc,start    ] GC(71) Concurrent cleanup
[2026-04-03T02:24:59.424+0600][61.927s][info][gc          ] GC(71) Concurrent cleanup 687M->214M(845M) 0.750ms
[2026-04-03T02:24:59.424+0600][61.927s][info][gc,ergo     ] GC(71) Free: 730M, Max: 256K regular, 136M humongous, Frag: 82% external, 0% internal; Reserve: 50875K, Max: 256K
[2026-04-03T02:24:59.424+0600][61.927s][info][gc,start    ] GC(71) Concurrent class unloading
[2026-04-03T02:24:59.424+0600][61.927s][info][gc,task     ] GC(71) Using 3 of 6 workers for concurrent class unloading
[2026-04-03T02:24:59.437+0600][61.940s][info][gc          ] GC(71) Concurrent class unloading 13.419ms
[2026-04-03T02:24:59.437+0600][61.940s][info][gc,start    ] GC(71) Concurrent strong roots
[2026-04-03T02:24:59.437+0600][61.941s][info][gc,task     ] GC(71) Using 3 of 6 workers for concurrent strong root
[2026-04-03T02:24:59.438+0600][61.942s][info][gc          ] GC(71) Concurrent strong roots 1.104ms
[2026-04-03T02:24:59.438+0600][61.942s][info][gc,start    ] GC(71) Concurrent evacuation
[2026-04-03T02:24:59.438+0600][61.942s][info][gc,task     ] GC(71) Using 3 of 6 workers for concurrent evacuation
[2026-04-03T02:24:59.440+0600][61.944s][info][gc          ] GC(71) Concurrent evacuation 1.868ms
[2026-04-03T02:24:59.441+0600][61.944s][info][gc,start    ] GC(71) Pause Init Update Refs
[2026-04-03T02:24:59.441+0600][61.944s][info][gc,ergo     ] GC(71) Pacer for Update Refs. Used: 225M, Free: 725M, Non-Taxable: 74268K, Alloc Tax Rate: 1.1x
[2026-04-03T02:24:59.441+0600][61.944s][info][gc          ] GC(71) Pause Init Update Refs 0.137ms
[2026-04-03T02:24:59.441+0600][61.944s][info][gc,start    ] GC(71) Concurrent update references
[2026-04-03T02:24:59.441+0600][61.944s][info][gc,task     ] GC(71) Using 3 of 6 workers for concurrent reference update
[2026-04-03T02:24:59.480+0600][61.984s][info][gc          ] GC(71) Concurrent update references 39.536ms
[2026-04-03T02:24:59.480+0600][61.984s][info][gc,start    ] GC(71) Concurrent update thread roots
[2026-04-03T02:24:59.482+0600][61.985s][info][gc          ] GC(71) Concurrent update thread roots 1.713ms
[2026-04-03T02:24:59.482+0600][61.986s][info][gc,start    ] GC(71) Pause Final Update Refs
[2026-04-03T02:24:59.482+0600][61.986s][info][gc,task     ] GC(71) Using 6 of 6 workers for final reference update
[2026-04-03T02:24:59.483+0600][61.986s][info][gc          ] GC(71) Pause Final Update Refs 0.195ms
[2026-04-03T02:24:59.483+0600][61.986s][info][gc,start    ] GC(71) Concurrent cleanup
[2026-04-03T02:24:59.483+0600][61.987s][info][gc          ] GC(71) Concurrent cleanup 244M->200M(845M) 0.734ms
[2026-04-03T02:24:59.483+0600][61.987s][info][gc,ergo     ] Free: 742M, Max: 256K regular, 243M humongous, Frag: 68% external, 0% internal; Reserve: 51200K, Max: 256K
[2026-04-03T02:24:59.483+0600][61.987s][info][gc,stats    ] 
[2026-04-03T02:24:59.484+0600][61.987s][info][gc,stats    ] All times are wall-clock times, except per-root-class counters, that are sum over
[2026-04-03T02:24:59.484+0600][61.987s][info][gc,stats    ] all workers. Dividing the <total> over the root stage time estimates parallelism.
[2026-04-03T02:24:59.484+0600][61.987s][info][gc,stats    ] 
[2026-04-03T02:24:59.484+0600][61.987s][info][gc,stats    ] Concurrent Reset                   1475 us
[2026-04-03T02:24:59.484+0600][61.987s][info][gc,stats    ] Pause Init Mark (G)                1121 us
[2026-04-03T02:24:59.484+0600][61.987s][info][gc,stats    ] Pause Init Mark (N)                 264 us
[2026-04-03T02:24:59.484+0600][61.987s][info][gc,stats    ]   Update Region States               86 us
[2026-04-03T02:24:59.484+0600][61.987s][info][gc,stats    ] Concurrent Mark Roots              1507 us, parallelism: 1.92x
[2026-04-03T02:24:59.484+0600][61.987s][info][gc,stats    ]   CMR: <total>                     2897 us
[2026-04-03T02:24:59.484+0600][61.987s][info][gc,stats    ]   CMR: Thread Roots                2433 us, workers (us): 991, 549, 893, ---, ---, ---, 
[2026-04-03T02:24:59.484+0600][61.987s][info][gc,stats    ]   CMR: VM Strong Roots               63 us, workers (us):  32,  31,   1, ---, ---, ---, 
[2026-04-03T02:24:59.484+0600][61.987s][info][gc,stats    ]   CMR: CLDG Roots                   401 us, workers (us): ---, 401, ---, ---, ---, ---, 
[2026-04-03T02:24:59.484+0600][61.987s][info][gc,stats    ] Concurrent Marking                52599 us
[2026-04-03T02:24:59.484+0600][61.987s][info][gc,stats    ] Pause Final Mark (G)               1064 us
[2026-04-03T02:24:59.484+0600][61.987s][info][gc,stats    ] Pause Final Mark (N)                841 us
[2026-04-03T02:24:59.484+0600][61.987s][info][gc,stats    ]   Finish Mark                       361 us
[2026-04-03T02:24:59.484+0600][61.987s][info][gc,stats    ]   Update Region States               57 us
[2026-04-03T02:24:59.484+0600][61.987s][info][gc,stats    ]   Choose Collection Set             237 us
[2026-04-03T02:24:59.484+0600][61.987s][info][gc,stats    ]   Rebuild Free Set                   49 us
[2026-04-03T02:24:59.484+0600][61.987s][info][gc,stats    ] Concurrent Thread Roots            1088 us, parallelism: 1.98x
[2026-04-03T02:24:59.484+0600][61.987s][info][gc,stats    ]   CTR: <total>                     2157 us
[2026-04-03T02:24:59.484+0600][61.987s][info][gc,stats    ]   CTR: Thread Roots                2157 us, workers (us): 766, 711, 680, ---, ---, ---, 
[2026-04-03T02:24:59.484+0600][61.987s][info][gc,stats    ] Concurrent Weak References          771 us, parallelism: 1.06x
[2026-04-03T02:24:59.484+0600][61.987s][info][gc,stats    ]   CWRF: <total>                     821 us
[2026-04-03T02:24:59.484+0600][61.987s][info][gc,stats    ]   CWRF: Weak References             821 us, workers (us): 256, 514,  50, ---, ---, ---, 
[2026-04-03T02:24:59.484+0600][61.987s][info][gc,stats    ] Concurrent Weak Roots              4713 us
[2026-04-03T02:24:59.484+0600][61.987s][info][gc,stats    ]   Roots                            4156 us, parallelism: 2.67x
[2026-04-03T02:24:59.484+0600][61.987s][info][gc,stats    ]     CWR: <total>                  11108 us
[2026-04-03T02:24:59.484+0600][61.987s][info][gc,stats    ]     CWR: Code Cache Roots          9161 us, workers (us): 3205, 3020, 2936, ---, ---, ---, 
[2026-04-03T02:24:59.484+0600][61.987s][info][gc,stats    ]     CWR: VM Weak Roots             1772 us, workers (us): 624, 575, 573, ---, ---, ---, 
[2026-04-03T02:24:59.484+0600][61.987s][info][gc,stats    ]     CWR: CLDG Roots                 175 us, workers (us): ---, ---, 175, ---, ---, ---, 
[2026-04-03T02:24:59.484+0600][61.987s][info][gc,stats    ]   Rendezvous                        416 us
[2026-04-03T02:24:59.484+0600][61.987s][info][gc,stats    ] Concurrent Cleanup                  799 us
[2026-04-03T02:24:59.484+0600][61.987s][info][gc,stats    ] Concurrent Class Unloading        13514 us
[2026-04-03T02:24:59.484+0600][61.987s][info][gc,stats    ]   Unlink Stale                    12338 us
[2026-04-03T02:24:59.484+0600][61.987s][info][gc,stats    ]     System Dictionary               309 us
[2026-04-03T02:24:59.484+0600][61.987s][info][gc,stats    ]     Weak Class Links                  0 us
[2026-04-03T02:24:59.484+0600][61.987s][info][gc,stats    ]     Code Roots                    12024 us
[2026-04-03T02:24:59.484+0600][61.987s][info][gc,stats    ]   Rendezvous                        439 us
[2026-04-03T02:24:59.484+0600][61.987s][info][gc,stats    ]   Purge Unlinked                    547 us
[2026-04-03T02:24:59.484+0600][61.987s][info][gc,stats    ]     Code Roots                      530 us
[2026-04-03T02:24:59.484+0600][61.987s][info][gc,stats    ]     CLDG                             16 us
[2026-04-03T02:24:59.484+0600][61.987s][info][gc,stats    ]     Exception Caches                  0 us
[2026-04-03T02:24:59.484+0600][61.987s][info][gc,stats    ] Concurrent Strong Roots            1161 us, parallelism: 0.60x
[2026-04-03T02:24:59.484+0600][61.987s][info][gc,stats    ]   CSR: <total>                      697 us
[2026-04-03T02:24:59.484+0600][61.987s][info][gc,stats    ]   CSR: VM Strong Roots               48 us, workers (us):  34,  13,   1, ---, ---, ---, 
[2026-04-03T02:24:59.484+0600][61.987s][info][gc,stats    ]   CSR: CLDG Roots                   649 us, workers (us): 649, ---, ---, ---, ---, ---, 
[2026-04-03T02:24:59.484+0600][61.987s][info][gc,stats    ] Concurrent Evacuation              1935 us
[2026-04-03T02:24:59.484+0600][61.987s][info][gc,stats    ] Pause Init Update Refs (G)          545 us
[2026-04-03T02:24:59.484+0600][61.987s][info][gc,stats    ] Pause Init Update Refs (N)          147 us
[2026-04-03T02:24:59.484+0600][61.987s][info][gc,stats    ]   Manage GCLABs                      37 us
[2026-04-03T02:24:59.484+0600][61.987s][info][gc,stats    ] Concurrent Update Refs            39624 us
[2026-04-03T02:24:59.484+0600][61.987s][info][gc,stats    ] Concurrent Update Thread Roots     1780 us
[2026-04-03T02:24:59.484+0600][61.987s][info][gc,stats    ] Pause Final Update Refs (G)         362 us
[2026-04-03T02:24:59.484+0600][61.987s][info][gc,stats    ] Pause Final Update Refs (N)         222 us
[2026-04-03T02:24:59.484+0600][61.988s][info][gc,stats    ]   Update Region States               60 us
[2026-04-03T02:24:59.484+0600][61.988s][info][gc,stats    ]   Trash Collection Set               14 us
[2026-04-03T02:24:59.484+0600][61.988s][info][gc,stats    ]   Rebuild Free Set                   54 us
[2026-04-03T02:24:59.484+0600][61.988s][info][gc,stats    ] Concurrent Cleanup                  754 us
[2026-04-03T02:24:59.484+0600][61.988s][info][gc,stats    ] Pacing                           165577 us
[2026-04-03T02:24:59.484+0600][61.988s][info][gc,stats    ] 
[2026-04-03T02:24:59.484+0600][61.988s][info][gc,stats    ] Allocation pacing accrued:
[2026-04-03T02:24:59.484+0600][61.988s][info][gc,stats    ]      11 of   171 ms (  6.3%): Spark Context Cleaner
[2026-04-03T02:24:59.484+0600][61.988s][info][gc,stats    ]      10 of   171 ms (  5.9%): spark-listener-group-appStatus
[2026-04-03T02:24:59.484+0600][61.988s][info][gc,stats    ]      21 of   171 ms ( 12.4%): Executor task launch worker for task 1.0 in stage 2222.0 (TID 4174)
[2026-04-03T02:24:59.484+0600][61.988s][info][gc,stats    ]      21 of   171 ms ( 12.2%): Executor task launch worker for task 5.0 in stage 2222.0 (TID 4178)
[2026-04-03T02:24:59.484+0600][61.988s][info][gc,stats    ]      21 of   171 ms ( 12.1%): Executor task launch worker for task 0.0 in stage 2222.0 (TID 4173)
[2026-04-03T02:24:59.484+0600][61.988s][info][gc,stats    ]      21 of   171 ms ( 12.2%): Executor task launch worker for task 2.0 in stage 2222.0 (TID 4175)
[2026-04-03T02:24:59.484+0600][61.988s][info][gc,stats    ]      21 of   171 ms ( 12.2%): Executor task launch worker for task 4.0 in stage 2222.0 (TID 4177)
[2026-04-03T02:24:59.484+0600][61.988s][info][gc,stats    ]      20 of   171 ms ( 11.8%): Executor task launch worker for task 6.0 in stage 2222.0 (TID 4179)
[2026-04-03T02:24:59.484+0600][61.988s][info][gc,stats    ]      20 of   171 ms ( 11.8%): Executor task launch worker for task 3.0 in stage 2222.0 (TID 4176)
[2026-04-03T02:24:59.484+0600][61.988s][info][gc,stats    ]     166 of   171 ms ( 96.9%): <total>
[2026-04-03T02:24:59.484+0600][61.988s][info][gc,stats    ]       1 of   171 ms (  0.3%): <average total>
[2026-04-03T02:24:59.484+0600][61.988s][info][gc,stats    ]      18 of   171 ms ( 10.8%): <average non-zero>
[2026-04-03T02:24:59.484+0600][61.988s][info][gc,stats    ] 
[2026-04-03T02:24:59.485+0600][61.988s][info][gc,metaspace] Metaspace: 131356K(132736K)->131364K(132736K) NonClass: 114870K(115584K)->114878K(115584K) Class: 16486K(17152K)->16486K(17152K)
[2026-04-03T02:24:59.485+0600][61.988s][info][gc,ergo     ] Pacer for Idle. Initial: 20480K, Alloc Tax Rate: 1.0x
[2026-04-03T02:25:00.089+0600][62.592s][info][gc          ] Trigger: Average GC time (152.30 ms) is above the time for average allocation rate (1115 MB/s) to deplete free headroom (165M) (margin of error = 1.82)
[2026-04-03T02:25:00.089+0600][62.593s][info][gc,ergo     ] Free headroom: 215M (free) - 51200K (spike) - 0B (penalties) = 165M
[2026-04-03T02:25:00.089+0600][62.593s][info][gc,ergo     ] Free: 215M, Max: 256K regular, 127M humongous, Frag: 41% external, 0% internal; Reserve: 51200K, Max: 256K
[2026-04-03T02:25:00.089+0600][62.593s][info][gc,start    ] GC(72) Concurrent reset
[2026-04-03T02:25:00.089+0600][62.593s][info][gc,task     ] GC(72) Using 3 of 6 workers for concurrent reset
[2026-04-03T02:25:00.089+0600][62.593s][info][gc,ergo     ] GC(72) Pacer for Reset. Non-Taxable: 1000M
[2026-04-03T02:25:00.090+0600][62.594s][info][gc          ] GC(72) Concurrent reset 1.133ms
[2026-04-03T02:25:00.091+0600][62.594s][info][gc,start    ] GC(72) Pause Init Mark (unload classes)
[2026-04-03T02:25:00.091+0600][62.594s][info][gc,task     ] GC(72) Using 6 of 6 workers for init marking
[2026-04-03T02:25:00.091+0600][62.594s][info][gc,ergo     ] GC(72) Pacer for Mark. Expected Live: 98497K, Free: 214M, Non-Taxable: 22006K, Alloc Tax Rate: 0.5x
[2026-04-03T02:25:00.091+0600][62.594s][info][gc          ] GC(72) Pause Init Mark (unload classes) 0.228ms
[2026-04-03T02:25:00.091+0600][62.594s][info][gc,start    ] GC(72) Concurrent marking roots
[2026-04-03T02:25:00.091+0600][62.594s][info][gc,task     ] GC(72) Using 3 of 6 workers for concurrent marking roots
[2026-04-03T02:25:00.093+0600][62.596s][info][gc          ] GC(72) Concurrent marking roots 1.706ms
[2026-04-03T02:25:00.093+0600][62.596s][info][gc,start    ] GC(72) Concurrent marking (unload classes)
[2026-04-03T02:25:00.093+0600][62.596s][info][gc,task     ] GC(72) Using 3 of 6 workers for concurrent marking
[2026-04-03T02:25:00.148+0600][62.651s][info][gc          ] GC(72) Concurrent marking (unload classes) 54.901ms
[2026-04-03T02:25:00.148+0600][62.651s][info][gc,start    ] GC(72) Pause Final Mark (unload classes)
[2026-04-03T02:25:00.148+0600][62.651s][info][gc,task     ] GC(72) Using 6 of 6 workers for final marking
[2026-04-03T02:25:00.148+0600][62.652s][info][gc,ergo     ] GC(72) Adaptive CSet Selection. Target Free: 141M, Actual Free: 711M, Max CSet: 42666K, Min Garbage: 0B
[2026-04-03T02:25:00.149+0600][62.652s][info][gc,ergo     ] GC(72) Collectable Garbage: 593M (98%), Immediate: 480M (79%), CSet: 112M (18%)
[2026-04-03T02:25:00.149+0600][62.652s][info][gc,ergo     ] GC(72) Pacer for Evacuation. Used CSet: 117M, Free: 704M, Non-Taxable: 72121K, Alloc Tax Rate: 1.1x
[2026-04-03T02:25:00.149+0600][62.652s][info][gc          ] GC(72) Pause Final Mark (unload classes) 0.768ms
[2026-04-03T02:25:00.149+0600][62.652s][info][gc,start    ] GC(72) Concurrent thread roots
[2026-04-03T02:25:00.149+0600][62.652s][info][gc,task     ] GC(72) Using 3 of 6 workers for Concurrent thread roots
[2026-04-03T02:25:00.150+0600][62.653s][info][gc          ] GC(72) Concurrent thread roots 1.014ms
[2026-04-03T02:25:00.150+0600][62.653s][info][gc,start    ] GC(72) Concurrent weak references
[2026-04-03T02:25:00.150+0600][62.653s][info][gc,task     ] GC(72) Using 3 of 6 workers for concurrent weak references
[2026-04-03T02:25:00.151+0600][62.654s][info][gc,ref      ] GC(72) Encountered references: Soft: 3792, Weak: 15564, Final: 84, Phantom: 620
[2026-04-03T02:25:00.151+0600][62.654s][info][gc,ref      ] GC(72) Discovered  references: Soft: 0, Weak: 9106, Final: 52, Phantom: 605
[2026-04-03T02:25:00.151+0600][62.654s][info][gc,ref      ] GC(72) Enqueued    references: Soft: 0, Weak: 400, Final: 0, Phantom: 0
[2026-04-03T02:25:00.151+0600][62.654s][info][gc          ] GC(72) Concurrent weak references 0.826ms
[2026-04-03T02:25:00.151+0600][62.654s][info][gc,start    ] GC(72) Concurrent weak roots
[2026-04-03T02:25:00.151+0600][62.654s][info][gc,task     ] GC(72) Using 3 of 6 workers for concurrent weak root
[2026-04-03T02:25:00.154+0600][62.657s][info][gc          ] GC(72) Concurrent weak roots 3.157ms
[2026-04-03T02:25:00.154+0600][62.657s][info][gc,start    ] GC(72) Concurrent cleanup
[2026-04-03T02:25:00.155+0600][62.658s][info][gc          ] GC(72) Concurrent cleanup 726M->246M(845M) 0.896ms
[2026-04-03T02:25:00.155+0600][62.658s][info][gc,ergo     ] GC(72) Free: 699M, Max: 256K regular, 129M humongous, Frag: 82% external, 0% internal; Reserve: 50906K, Max: 256K
[2026-04-03T02:25:00.155+0600][62.658s][info][gc,start    ] GC(72) Concurrent class unloading
[2026-04-03T02:25:00.155+0600][62.658s][info][gc,task     ] GC(72) Using 3 of 6 workers for concurrent class unloading
[2026-04-03T02:25:00.175+0600][62.678s][info][gc          ] GC(72) Concurrent class unloading 20.175ms
[2026-04-03T02:25:00.175+0600][62.679s][info][gc,start    ] GC(72) Concurrent strong roots
[2026-04-03T02:25:00.175+0600][62.679s][info][gc,task     ] GC(72) Using 3 of 6 workers for concurrent strong root
[2026-04-03T02:25:00.177+0600][62.680s][info][gc          ] GC(72) Concurrent strong roots 1.354ms
[2026-04-03T02:25:00.177+0600][62.680s][info][gc,start    ] GC(72) Concurrent evacuation
[2026-04-03T02:25:00.177+0600][62.680s][info][gc,task     ] GC(72) Using 3 of 6 workers for concurrent evacuation
[2026-04-03T02:25:00.180+0600][62.684s][info][gc          ] GC(72) Concurrent evacuation 3.680ms
[2026-04-03T02:25:00.181+0600][62.684s][info][gc,start    ] GC(72) Pause Init Update Refs
[2026-04-03T02:25:00.181+0600][62.684s][info][gc,ergo     ] GC(72) Pacer for Update Refs. Used: 262M, Free: 688M, Non-Taxable: 70462K, Alloc Tax Rate: 1.1x
[2026-04-03T02:25:00.181+0600][62.684s][info][gc          ] GC(72) Pause Init Update Refs 0.230ms
[2026-04-03T02:25:00.181+0600][62.684s][info][gc,start    ] GC(72) Concurrent update references
[2026-04-03T02:25:00.181+0600][62.684s][info][gc,task     ] GC(72) Using 3 of 6 workers for concurrent reference update
[2026-04-03T02:25:00.234+0600][62.737s][info][gc          ] GC(72) Concurrent update references 53.022ms
[2026-04-03T02:25:00.234+0600][62.737s][info][gc,start    ] GC(72) Concurrent update thread roots
[2026-04-03T02:25:00.236+0600][62.739s][info][gc          ] GC(72) Concurrent update thread roots 1.906ms
[2026-04-03T02:25:00.236+0600][62.739s][info][gc,start    ] GC(72) Pause Final Update Refs
[2026-04-03T02:25:00.236+0600][62.739s][info][gc,task     ] GC(72) Using 6 of 6 workers for final reference update
[2026-04-03T02:25:00.236+0600][62.740s][info][gc          ] GC(72) Pause Final Update Refs 0.231ms
[2026-04-03T02:25:00.237+0600][62.740s][info][gc,start    ] GC(72) Concurrent cleanup
[2026-04-03T02:25:00.237+0600][62.741s][info][gc          ] GC(72) Concurrent cleanup 305M->189M(845M) 0.926ms
[2026-04-03T02:25:00.238+0600][62.741s][info][gc,ergo     ] Free: 753M, Max: 256K regular, 258M humongous, Frag: 66% external, 0% internal; Reserve: 51200K, Max: 256K
[2026-04-03T02:25:00.238+0600][62.741s][info][gc,stats    ] 
[2026-04-03T02:25:00.238+0600][62.741s][info][gc,stats    ] All times are wall-clock times, except per-root-class counters, that are sum over
[2026-04-03T02:25:00.238+0600][62.741s][info][gc,stats    ] all workers. Dividing the <total> over the root stage time estimates parallelism.
[2026-04-03T02:25:00.238+0600][62.741s][info][gc,stats    ] 
[2026-04-03T02:25:00.238+0600][62.741s][info][gc,stats    ] Concurrent Reset                   1239 us
[2026-04-03T02:25:00.238+0600][62.741s][info][gc,stats    ] Pause Init Mark (G)                 552 us
[2026-04-03T02:25:00.238+0600][62.741s][info][gc,stats    ] Pause Init Mark (N)                 246 us
[2026-04-03T02:25:00.238+0600][62.741s][info][gc,stats    ]   Update Region States               71 us
[2026-04-03T02:25:00.238+0600][62.741s][info][gc,stats    ] Concurrent Mark Roots              1786 us, parallelism: 1.97x
[2026-04-03T02:25:00.238+0600][62.741s][info][gc,stats    ]   CMR: <total>                     3525 us
[2026-04-03T02:25:00.238+0600][62.741s][info][gc,stats    ]   CMR: Thread Roots                3030 us, workers (us): 1142, 722, 1166, ---, ---, ---, 
[2026-04-03T02:25:00.238+0600][62.741s][info][gc,stats    ]   CMR: VM Strong Roots               70 us, workers (us):  30,  25,  15, ---, ---, ---, 
[2026-04-03T02:25:00.238+0600][62.741s][info][gc,stats    ]   CMR: CLDG Roots                   425 us, workers (us): ---, 425, ---, ---, ---, ---, 
[2026-04-03T02:25:00.238+0600][62.741s][info][gc,stats    ] Concurrent Marking                54968 us
[2026-04-03T02:25:00.238+0600][62.741s][info][gc,stats    ] Pause Final Mark (G)                976 us
[2026-04-03T02:25:00.238+0600][62.741s][info][gc,stats    ] Pause Final Mark (N)                779 us
[2026-04-03T02:25:00.238+0600][62.741s][info][gc,stats    ]   Finish Mark                       309 us
[2026-04-03T02:25:00.238+0600][62.741s][info][gc,stats    ]   Update Region States               60 us
[2026-04-03T02:25:00.238+0600][62.741s][info][gc,stats    ]   Choose Collection Set             263 us
[2026-04-03T02:25:00.238+0600][62.741s][info][gc,stats    ]   Rebuild Free Set                   53 us
[2026-04-03T02:25:00.238+0600][62.741s][info][gc,stats    ] Concurrent Thread Roots            1081 us, parallelism: 1.94x
[2026-04-03T02:25:00.238+0600][62.741s][info][gc,stats    ]   CTR: <total>                     2097 us
[2026-04-03T02:25:00.238+0600][62.741s][info][gc,stats    ]   CTR: Thread Roots                2097 us, workers (us): 757, 656, 684, ---, ---, ---, 
[2026-04-03T02:25:00.238+0600][62.741s][info][gc,stats    ] Concurrent Weak References          836 us, parallelism: 1.02x
[2026-04-03T02:25:00.238+0600][62.741s][info][gc,stats    ]   CWRF: <total>                     853 us
[2026-04-03T02:25:00.238+0600][62.741s][info][gc,stats    ]   CWRF: Weak References             853 us, workers (us): 110, 612, 131, ---, ---, ---, 
[2026-04-03T02:25:00.238+0600][62.741s][info][gc,stats    ] Concurrent Weak Roots              3226 us
[2026-04-03T02:25:00.238+0600][62.741s][info][gc,stats    ]   Roots                            2698 us, parallelism: 2.59x
[2026-04-03T02:25:00.238+0600][62.741s][info][gc,stats    ]     CWR: <total>                   6996 us
[2026-04-03T02:25:00.238+0600][62.741s][info][gc,stats    ]     CWR: Code Cache Roots          5127 us, workers (us): 1813, 1766, 1549, ---, ---, ---, 
[2026-04-03T02:25:00.238+0600][62.741s][info][gc,stats    ]     CWR: VM Weak Roots             1693 us, workers (us): 580, 588, 525, ---, ---, ---, 
[2026-04-03T02:25:00.238+0600][62.741s][info][gc,stats    ]     CWR: CLDG Roots                 176 us, workers (us): ---, ---, 176, ---, ---, ---, 
[2026-04-03T02:25:00.238+0600][62.741s][info][gc,stats    ]   Rendezvous                        427 us
[2026-04-03T02:25:00.238+0600][62.741s][info][gc,stats    ] Concurrent Cleanup                  913 us
[2026-04-03T02:25:00.238+0600][62.741s][info][gc,stats    ] Concurrent Class Unloading        20301 us
[2026-04-03T02:25:00.238+0600][62.741s][info][gc,stats    ]   Unlink Stale                    17878 us
[2026-04-03T02:25:00.238+0600][62.741s][info][gc,stats    ]     System Dictionary               245 us
[2026-04-03T02:25:00.238+0600][62.741s][info][gc,stats    ]     Weak Class Links                  0 us
[2026-04-03T02:25:00.238+0600][62.741s][info][gc,stats    ]     Code Roots                    17627 us
[2026-04-03T02:25:00.238+0600][62.742s][info][gc,stats    ]   Rendezvous                        836 us
[2026-04-03T02:25:00.238+0600][62.742s][info][gc,stats    ]   Purge Unlinked                   1432 us
[2026-04-03T02:25:00.238+0600][62.742s][info][gc,stats    ]     Code Roots                     1403 us
[2026-04-03T02:25:00.238+0600][62.742s][info][gc,stats    ]     CLDG                             28 us
[2026-04-03T02:25:00.238+0600][62.742s][info][gc,stats    ]     Exception Caches                  1 us
[2026-04-03T02:25:00.238+0600][62.742s][info][gc,stats    ] Concurrent Strong Roots            1388 us, parallelism: 0.66x
[2026-04-03T02:25:00.238+0600][62.742s][info][gc,stats    ]   CSR: <total>                      922 us
[2026-04-03T02:25:00.238+0600][62.742s][info][gc,stats    ]   CSR: VM Strong Roots               81 us, workers (us):  42,  29,  11, ---, ---, ---, 
[2026-04-03T02:25:00.238+0600][62.742s][info][gc,stats    ]   CSR: CLDG Roots                   840 us, workers (us): ---, 840, ---, ---, ---, ---, 
[2026-04-03T02:25:00.238+0600][62.742s][info][gc,stats    ] Concurrent Evacuation              3726 us
[2026-04-03T02:25:00.238+0600][62.742s][info][gc,stats    ] Pause Init Update Refs (G)          573 us
[2026-04-03T02:25:00.238+0600][62.742s][info][gc,stats    ] Pause Init Update Refs (N)          246 us
[2026-04-03T02:25:00.238+0600][62.742s][info][gc,stats    ]   Manage GCLABs                      58 us
[2026-04-03T02:25:00.238+0600][62.742s][info][gc,stats    ] Concurrent Update Refs            53137 us
[2026-04-03T02:25:00.238+0600][62.742s][info][gc,stats    ] Concurrent Update Thread Roots     1937 us
[2026-04-03T02:25:00.238+0600][62.742s][info][gc,stats    ] Pause Final Update Refs (G)         471 us
[2026-04-03T02:25:00.238+0600][62.742s][info][gc,stats    ] Pause Final Update Refs (N)         266 us
[2026-04-03T02:25:00.238+0600][62.742s][info][gc,stats    ]   Update Region States               78 us
[2026-04-03T02:25:00.238+0600][62.742s][info][gc,stats    ]   Trash Collection Set               23 us
[2026-04-03T02:25:00.238+0600][62.742s][info][gc,stats    ]   Rebuild Free Set                   60 us
[2026-04-03T02:25:00.238+0600][62.742s][info][gc,stats    ] Concurrent Cleanup                  970 us
[2026-04-03T02:25:00.239+0600][62.742s][info][gc,stats    ] Pacing                            22736 us
[2026-04-03T02:25:00.239+0600][62.742s][info][gc,stats    ] 
[2026-04-03T02:25:00.239+0600][62.742s][info][gc,stats    ] Allocation pacing accrued:
[2026-04-03T02:25:00.239+0600][62.742s][info][gc,stats    ]      23 of   754 ms (  3.0%): dag-scheduler-event-loop
[2026-04-03T02:25:00.239+0600][62.742s][info][gc,stats    ]      23 of   754 ms (  3.0%): <total>
[2026-04-03T02:25:00.239+0600][62.742s][info][gc,stats    ]       0 of   754 ms (  0.0%): <average total>
[2026-04-03T02:25:00.239+0600][62.742s][info][gc,stats    ]      23 of   754 ms (  3.0%): <average non-zero>
[2026-04-03T02:25:00.239+0600][62.742s][info][gc,stats    ] 
[2026-04-03T02:25:00.239+0600][62.742s][info][gc,metaspace] Metaspace: 131371K(132736K)->131374K(132736K) NonClass: 114884K(115584K)->114887K(115584K) Class: 16487K(17152K)->16487K(17152K)
[2026-04-03T02:25:00.239+0600][62.742s][info][gc,ergo     ] Pacer for Idle. Initial: 20480K, Alloc Tax Rate: 1.0x
[2026-04-03T02:25:00.835+0600][63.338s][info][gc          ] Trigger: Average GC time (160.31 ms) is above the time for average allocation rate (825 MB/s) to deplete free headroom (132M) (margin of error = 1.82)
[2026-04-03T02:25:00.835+0600][63.338s][info][gc,ergo     ] Free headroom: 182M (free) - 51200K (spike) - 0B (penalties) = 132M
[2026-04-03T02:25:00.835+0600][63.338s][info][gc,ergo     ] Free: 182M, Max: 256K regular, 126M humongous, Frag: 31% external, 1% internal; Reserve: 51200K, Max: 256K
[2026-04-03T02:25:00.835+0600][63.338s][info][gc,start    ] GC(73) Concurrent reset
[2026-04-03T02:25:00.835+0600][63.338s][info][gc,task     ] GC(73) Using 3 of 6 workers for concurrent reset
[2026-04-03T02:25:00.835+0600][63.338s][info][gc,ergo     ] GC(73) Pacer for Reset. Non-Taxable: 1000M
[2026-04-03T02:25:00.836+0600][63.340s][info][gc          ] GC(73) Concurrent reset 1.148ms
[2026-04-03T02:25:00.837+0600][63.340s][info][gc,start    ] GC(73) Pause Init Mark (unload classes)
[2026-04-03T02:25:00.837+0600][63.340s][info][gc,task     ] GC(73) Using 6 of 6 workers for init marking
[2026-04-03T02:25:00.837+0600][63.340s][info][gc,ergo     ] GC(73) Pacer for Mark. Expected Live: 98328K, Free: 181M, Non-Taxable: 18586K, Alloc Tax Rate: 0.6x
[2026-04-03T02:25:00.837+0600][63.340s][info][gc          ] GC(73) Pause Init Mark (unload classes) 0.154ms
[2026-04-03T02:25:00.837+0600][63.340s][info][gc,start    ] GC(73) Concurrent marking roots
[2026-04-03T02:25:00.837+0600][63.340s][info][gc,task     ] GC(73) Using 3 of 6 workers for concurrent marking roots
[2026-04-03T02:25:00.838+0600][63.341s][info][gc          ] GC(73) Concurrent marking roots 1.119ms
[2026-04-03T02:25:00.838+0600][63.341s][info][gc,start    ] GC(73) Concurrent marking (unload classes)
[2026-04-03T02:25:00.838+0600][63.341s][info][gc,task     ] GC(73) Using 3 of 6 workers for concurrent marking
[2026-04-03T02:25:00.886+0600][63.390s][info][gc          ] GC(73) Concurrent marking (unload classes) 48.527ms
[2026-04-03T02:25:00.887+0600][63.390s][info][gc,start    ] GC(73) Pause Final Mark (unload classes)
[2026-04-03T02:25:00.887+0600][63.390s][info][gc,task     ] GC(73) Using 6 of 6 workers for final marking
[2026-04-03T02:25:00.887+0600][63.391s][info][gc,ergo     ] GC(73) Adaptive CSet Selection. Target Free: 141M, Actual Free: 775M, Max CSet: 42666K, Min Garbage: 0B
[2026-04-03T02:25:00.887+0600][63.391s][info][gc,ergo     ] GC(73) Collectable Garbage: 629M (98%), Immediate: 563M (88%), CSet: 67364K (10%)
[2026-04-03T02:25:00.888+0600][63.391s][info][gc,ergo     ] GC(73) Pacer for Evacuation. Used CSet: 71198K, Free: 766M, Non-Taxable: 78503K, Alloc Tax Rate: 1.1x
[2026-04-03T02:25:00.888+0600][63.391s][info][gc          ] GC(73) Pause Final Mark (unload classes) 0.965ms
[2026-04-03T02:25:00.888+0600][63.391s][info][gc,start    ] GC(73) Concurrent thread roots
[2026-04-03T02:25:00.888+0600][63.391s][info][gc,task     ] GC(73) Using 3 of 6 workers for Concurrent thread roots
[2026-04-03T02:25:00.889+0600][63.392s][info][gc          ] GC(73) Concurrent thread roots 0.985ms
[2026-04-03T02:25:00.889+0600][63.392s][info][gc,start    ] GC(73) Concurrent weak references
[2026-04-03T02:25:00.889+0600][63.392s][info][gc,task     ] GC(73) Using 3 of 6 workers for concurrent weak references
[2026-04-03T02:25:00.890+0600][63.393s][info][gc,ref      ] GC(73) Encountered references: Soft: 3784, Weak: 16197, Final: 84, Phantom: 620
[2026-04-03T02:25:00.890+0600][63.393s][info][gc,ref      ] GC(73) Discovered  references: Soft: 0, Weak: 10493, Final: 84, Phantom: 581
[2026-04-03T02:25:00.890+0600][63.393s][info][gc,ref      ] GC(73) Enqueued    references: Soft: 0, Weak: 1643, Final: 0, Phantom: 0
[2026-04-03T02:25:00.890+0600][63.393s][info][gc          ] GC(73) Concurrent weak references 0.952ms
[2026-04-03T02:25:00.890+0600][63.393s][info][gc,start    ] GC(73) Concurrent weak roots
[2026-04-03T02:25:00.890+0600][63.393s][info][gc,task     ] GC(73) Using 3 of 6 workers for concurrent weak root
[2026-04-03T02:25:00.896+0600][63.399s][info][gc          ] GC(73) Concurrent weak roots 5.977ms
[2026-04-03T02:25:00.896+0600][63.399s][info][gc,start    ] GC(73) Concurrent cleanup
[2026-04-03T02:25:00.897+0600][63.400s][info][gc          ] GC(73) Concurrent cleanup 747M->184M(845M) 1.093ms
[2026-04-03T02:25:00.897+0600][63.400s][info][gc,ergo     ] GC(73) Free: 762M, Max: 256K regular, 126M humongous, Frag: 84% external, 0% internal; Reserve: 50806K, Max: 256K
[2026-04-03T02:25:00.897+0600][63.400s][info][gc,start    ] GC(73) Concurrent class unloading
[2026-04-03T02:25:00.897+0600][63.400s][info][gc,task     ] GC(73) Using 3 of 6 workers for concurrent class unloading
[2026-04-03T02:25:00.916+0600][63.419s][info][gc          ] GC(73) Concurrent class unloading 18.556ms
[2026-04-03T02:25:00.916+0600][63.419s][info][gc,start    ] GC(73) Concurrent strong roots
[2026-04-03T02:25:00.916+0600][63.419s][info][gc,task     ] GC(73) Using 3 of 6 workers for concurrent strong root
[2026-04-03T02:25:00.917+0600][63.420s][info][gc          ] GC(73) Concurrent strong roots 1.522ms
[2026-04-03T02:25:00.917+0600][63.421s][info][gc,start    ] GC(73) Concurrent evacuation
[2026-04-03T02:25:00.917+0600][63.421s][info][gc,task     ] GC(73) Using 3 of 6 workers for concurrent evacuation
[2026-04-03T02:25:00.919+0600][63.422s][info][gc          ] GC(73) Concurrent evacuation 1.556ms
[2026-04-03T02:25:00.919+0600][63.422s][info][gc,start    ] GC(73) Pause Init Update Refs
[2026-04-03T02:25:00.919+0600][63.422s][info][gc,ergo     ] GC(73) Pacer for Update Refs. Used: 194M, Free: 755M, Non-Taxable: 77413K, Alloc Tax Rate: 1.1x
[2026-04-03T02:25:00.919+0600][63.422s][info][gc          ] GC(73) Pause Init Update Refs 0.126ms
[2026-04-03T02:25:00.919+0600][63.423s][info][gc,start    ] GC(73) Concurrent update references
[2026-04-03T02:25:00.919+0600][63.423s][info][gc,task     ] GC(73) Using 3 of 6 workers for concurrent reference update
[2026-04-03T02:25:00.955+0600][63.458s][info][gc          ] GC(73) Concurrent update references 35.284ms
[2026-04-03T02:25:00.955+0600][63.458s][info][gc,start    ] GC(73) Concurrent update thread roots
[2026-04-03T02:25:00.956+0600][63.460s][info][gc          ] GC(73) Concurrent update thread roots 1.551ms
[2026-04-03T02:25:00.957+0600][63.460s][info][gc,start    ] GC(73) Pause Final Update Refs
[2026-04-03T02:25:00.957+0600][63.460s][info][gc,task     ] GC(73) Using 6 of 6 workers for final reference update
[2026-04-03T02:25:00.957+0600][63.460s][info][gc          ] GC(73) Pause Final Update Refs 0.246ms
[2026-04-03T02:25:00.957+0600][63.460s][info][gc,start    ] GC(73) Concurrent cleanup
[2026-04-03T02:25:00.958+0600][63.461s][info][gc          ] GC(73) Concurrent cleanup 206M->137M(845M) 0.820ms
[2026-04-03T02:25:00.958+0600][63.461s][info][gc,ergo     ] Free: 810M, Max: 256K regular, 258M humongous, Frag: 68% external, 1% internal; Reserve: 51200K, Max: 256K
[2026-04-03T02:25:00.958+0600][63.461s][info][gc,stats    ] 
[2026-04-03T02:25:00.958+0600][63.461s][info][gc,stats    ] All times are wall-clock times, except per-root-class counters, that are sum over
[2026-04-03T02:25:00.958+0600][63.461s][info][gc,stats    ] all workers. Dividing the <total> over the root stage time estimates parallelism.
[2026-04-03T02:25:00.958+0600][63.461s][info][gc,stats    ] 
[2026-04-03T02:25:00.958+0600][63.461s][info][gc,stats    ] Concurrent Reset                   1198 us
[2026-04-03T02:25:00.958+0600][63.461s][info][gc,stats    ] Pause Init Mark (G)                 411 us
[2026-04-03T02:25:00.958+0600][63.461s][info][gc,stats    ] Pause Init Mark (N)                 165 us
[2026-04-03T02:25:00.958+0600][63.461s][info][gc,stats    ]   Update Region States               48 us
[2026-04-03T02:25:00.958+0600][63.461s][info][gc,stats    ] Concurrent Mark Roots              1156 us, parallelism: 1.69x
[2026-04-03T02:25:00.958+0600][63.461s][info][gc,stats    ]   CMR: <total>                     1958 us
[2026-04-03T02:25:00.958+0600][63.461s][info][gc,stats    ]   CMR: Thread Roots                1679 us, workers (us): 405, 646, 628, ---, ---, ---, 
[2026-04-03T02:25:00.958+0600][63.461s][info][gc,stats    ]   CMR: VM Strong Roots               41 us, workers (us):  14,  14,  13, ---, ---, ---, 
[2026-04-03T02:25:00.958+0600][63.461s][info][gc,stats    ]   CMR: CLDG Roots                   238 us, workers (us): 238, ---, ---, ---, ---, ---, 
[2026-04-03T02:25:00.958+0600][63.461s][info][gc,stats    ] Concurrent Marking                48598 us
[2026-04-03T02:25:00.958+0600][63.461s][info][gc,stats    ] Pause Final Mark (G)               1279 us
[2026-04-03T02:25:00.958+0600][63.461s][info][gc,stats    ] Pause Final Mark (N)                981 us
[2026-04-03T02:25:00.958+0600][63.461s][info][gc,stats    ]   Finish Mark                       387 us
[2026-04-03T02:25:00.958+0600][63.461s][info][gc,stats    ]   Update Region States              112 us
[2026-04-03T02:25:00.958+0600][63.461s][info][gc,stats    ]   Choose Collection Set             280 us
[2026-04-03T02:25:00.958+0600][63.461s][info][gc,stats    ]   Rebuild Free Set                   45 us
[2026-04-03T02:25:00.958+0600][63.461s][info][gc,stats    ] Concurrent Thread Roots            1026 us, parallelism: 2.16x
[2026-04-03T02:25:00.958+0600][63.461s][info][gc,stats    ]   CTR: <total>                     2221 us
[2026-04-03T02:25:00.958+0600][63.461s][info][gc,stats    ]   CTR: Thread Roots                2221 us, workers (us): 760, 741, 719, ---, ---, ---, 
[2026-04-03T02:25:00.958+0600][63.461s][info][gc,stats    ] Concurrent Weak References          964 us, parallelism: 1.35x
[2026-04-03T02:25:00.958+0600][63.461s][info][gc,stats    ]   CWRF: <total>                    1304 us
[2026-04-03T02:25:00.958+0600][63.461s][info][gc,stats    ]   CWRF: Weak References            1304 us, workers (us): 811, 393, 101, ---, ---, ---, 
[2026-04-03T02:25:00.958+0600][63.461s][info][gc,stats    ] Concurrent Weak Roots              6059 us
[2026-04-03T02:25:00.958+0600][63.461s][info][gc,stats    ]   Roots                            5433 us, parallelism: 2.66x
[2026-04-03T02:25:00.958+0600][63.461s][info][gc,stats    ]     CWR: <total>                  14471 us
[2026-04-03T02:25:00.958+0600][63.461s][info][gc,stats    ]     CWR: Code Cache Roots         12110 us, workers (us): 3809, 4038, 4263, ---, ---, ---, 
[2026-04-03T02:25:00.958+0600][63.461s][info][gc,stats    ]     CWR: VM Weak Roots             2155 us, workers (us): 710, 737, 708, ---, ---, ---, 
[2026-04-03T02:25:00.958+0600][63.461s][info][gc,stats    ]     CWR: CLDG Roots                 206 us, workers (us): 206, ---, ---, ---, ---, ---, 
[2026-04-03T02:25:00.958+0600][63.461s][info][gc,stats    ]   Rendezvous                        512 us
[2026-04-03T02:25:00.958+0600][63.461s][info][gc,stats    ] Concurrent Cleanup                 1116 us
[2026-04-03T02:25:00.958+0600][63.461s][info][gc,stats    ] Concurrent Class Unloading        18649 us
[2026-04-03T02:25:00.958+0600][63.461s][info][gc,stats    ]   Unlink Stale                    16146 us
[2026-04-03T02:25:00.958+0600][63.461s][info][gc,stats    ]     System Dictionary               350 us
[2026-04-03T02:25:00.958+0600][63.461s][info][gc,stats    ]     Weak Class Links                  0 us
[2026-04-03T02:25:00.958+0600][63.462s][info][gc,stats    ]     Code Roots                    15792 us
[2026-04-03T02:25:00.958+0600][63.462s][info][gc,stats    ]   Rendezvous                        499 us
[2026-04-03T02:25:00.958+0600][63.462s][info][gc,stats    ]   Purge Unlinked                   1883 us
[2026-04-03T02:25:00.958+0600][63.462s][info][gc,stats    ]     Code Roots                     1868 us
[2026-04-03T02:25:00.958+0600][63.462s][info][gc,stats    ]     CLDG                             14 us
[2026-04-03T02:25:00.958+0600][63.462s][info][gc,stats    ]     Exception Caches                  0 us
[2026-04-03T02:25:00.958+0600][63.462s][info][gc,stats    ] Concurrent Strong Roots            1580 us, parallelism: 0.65x
[2026-04-03T02:25:00.958+0600][63.462s][info][gc,stats    ]   CSR: <total>                     1026 us
[2026-04-03T02:25:00.958+0600][63.462s][info][gc,stats    ]   CSR: VM Strong Roots               76 us, workers (us):  23,  28,  25, ---, ---, ---, 
[2026-04-03T02:25:00.958+0600][63.462s][info][gc,stats    ]   CSR: CLDG Roots                   950 us, workers (us): 950, ---, ---, ---, ---, ---, 
[2026-04-03T02:25:00.958+0600][63.462s][info][gc,stats    ] Concurrent Evacuation              1618 us
[2026-04-03T02:25:00.958+0600][63.462s][info][gc,stats    ] Pause Init Update Refs (G)          525 us
[2026-04-03T02:25:00.958+0600][63.462s][info][gc,stats    ] Pause Init Update Refs (N)          142 us
[2026-04-03T02:25:00.958+0600][63.462s][info][gc,stats    ]   Manage GCLABs                      43 us
[2026-04-03T02:25:00.958+0600][63.462s][info][gc,stats    ] Concurrent Update Refs            35372 us
[2026-04-03T02:25:00.958+0600][63.462s][info][gc,stats    ] Concurrent Update Thread Roots     1600 us
[2026-04-03T02:25:00.958+0600][63.462s][info][gc,stats    ] Pause Final Update Refs (G)         653 us
[2026-04-03T02:25:00.958+0600][63.462s][info][gc,stats    ] Pause Final Update Refs (N)         264 us
[2026-04-03T02:25:00.958+0600][63.462s][info][gc,stats    ]   Update Region States               97 us
[2026-04-03T02:25:00.958+0600][63.462s][info][gc,stats    ]   Trash Collection Set               21 us
[2026-04-03T02:25:00.958+0600][63.462s][info][gc,stats    ]   Rebuild Free Set                   47 us
[2026-04-03T02:25:00.958+0600][63.462s][info][gc,stats    ] Concurrent Cleanup                  841 us
[2026-04-03T02:25:00.958+0600][63.462s][info][gc,stats    ] 
[2026-04-03T02:25:00.958+0600][63.462s][info][gc,stats    ] Allocation pacing accrued:
[2026-04-03T02:25:00.958+0600][63.462s][info][gc,stats    ]       0 of   720 ms (  0.0%): <total>
[2026-04-03T02:25:00.958+0600][63.462s][info][gc,stats    ]       0 of   720 ms (  0.0%): <average total>
[2026-04-03T02:25:00.958+0600][63.462s][info][gc,stats    ] 
[2026-04-03T02:25:00.958+0600][63.462s][info][gc,metaspace] Metaspace: 131396K(132736K)->131397K(132736K) NonClass: 114909K(115584K)->114909K(115584K) Class: 16487K(17152K)->16487K(17152K)
[2026-04-03T02:25:00.958+0600][63.462s][info][gc,ergo     ] Pacer for Idle. Initial: 20480K, Alloc Tax Rate: 1.0x
[2026-04-03T02:25:01.483+0600][63.986s][info][gc          ] Trigger: Average GC time (152.82 ms) is above the time for average allocation rate (1226 MB/s) to deplete free headroom (186M) (margin of error = 1.81)
[2026-04-03T02:25:01.483+0600][63.986s][info][gc,ergo     ] Free headroom: 236M (free) - 51200K (spike) - 0B (penalties) = 186M
[2026-04-03T02:25:01.483+0600][63.987s][info][gc,ergo     ] Free: 236M, Max: 256K regular, 127M humongous, Frag: 46% external, 3% internal; Reserve: 51200K, Max: 256K
[2026-04-03T02:25:01.483+0600][63.987s][info][gc,start    ] GC(74) Concurrent reset
[2026-04-03T02:25:01.483+0600][63.987s][info][gc,task     ] GC(74) Using 3 of 6 workers for concurrent reset
[2026-04-03T02:25:01.483+0600][63.987s][info][gc,ergo     ] GC(74) Pacer for Reset. Non-Taxable: 1000M
[2026-04-03T02:25:01.485+0600][63.988s][info][gc          ] GC(74) Concurrent reset 1.236ms
[2026-04-03T02:25:01.485+0600][63.988s][info][gc,start    ] GC(74) Pause Init Mark (unload classes)
[2026-04-03T02:25:01.485+0600][63.988s][info][gc,task     ] GC(74) Using 6 of 6 workers for init marking
[2026-04-03T02:25:01.485+0600][63.988s][info][gc,ergo     ] GC(74) Pacer for Mark. Expected Live: 97849K, Free: 234M, Non-Taxable: 23971K, Alloc Tax Rate: 0.5x
[2026-04-03T02:25:01.485+0600][63.988s][info][gc          ] GC(74) Pause Init Mark (unload classes) 0.211ms
[2026-04-03T02:25:01.485+0600][63.988s][info][gc,start    ] GC(74) Concurrent marking roots
[2026-04-03T02:25:01.485+0600][63.988s][info][gc,task     ] GC(74) Using 3 of 6 workers for concurrent marking roots
[2026-04-03T02:25:01.487+0600][63.990s][info][gc          ] GC(74) Concurrent marking roots 1.446ms
[2026-04-03T02:25:01.487+0600][63.990s][info][gc,start    ] GC(74) Concurrent marking (unload classes)
[2026-04-03T02:25:01.487+0600][63.990s][info][gc,task     ] GC(74) Using 3 of 6 workers for concurrent marking
[2026-04-03T02:25:01.549+0600][64.053s][info][gc          ] GC(74) Concurrent marking (unload classes) 62.636ms
[2026-04-03T02:25:01.549+0600][64.053s][info][gc,start    ] GC(74) Pause Final Mark (unload classes)
[2026-04-03T02:25:01.550+0600][64.053s][info][gc,task     ] GC(74) Using 6 of 6 workers for final marking
[2026-04-03T02:25:01.550+0600][64.053s][info][gc,ergo     ] GC(74) Adaptive CSet Selection. Target Free: 141M, Actual Free: 731M, Max CSet: 42666K, Min Garbage: 0B
[2026-04-03T02:25:01.550+0600][64.053s][info][gc,ergo     ] GC(74) Collectable Garbage: 579M (98%), Immediate: 491M (83%), CSet: 90605K (15%)
[2026-04-03T02:25:01.550+0600][64.053s][info][gc,ergo     ] GC(74) Pacer for Evacuation. Used CSet: 94668K, Free: 718M, Non-Taxable: 73602K, Alloc Tax Rate: 1.1x
[2026-04-03T02:25:01.550+0600][64.053s][info][gc          ] GC(74) Pause Final Mark (unload classes) 0.656ms
[2026-04-03T02:25:01.550+0600][64.054s][info][gc,start    ] GC(74) Concurrent thread roots
[2026-04-03T02:25:01.550+0600][64.054s][info][gc,task     ] GC(74) Using 3 of 6 workers for Concurrent thread roots
[2026-04-03T02:25:01.551+0600][64.055s][info][gc          ] GC(74) Concurrent thread roots 1.206ms
[2026-04-03T02:25:01.551+0600][64.055s][info][gc,start    ] GC(74) Concurrent weak references
[2026-04-03T02:25:01.551+0600][64.055s][info][gc,task     ] GC(74) Using 3 of 6 workers for concurrent weak references
[2026-04-03T02:25:01.553+0600][64.056s][info][gc,ref      ] GC(74) Encountered references: Soft: 3788, Weak: 15557, Final: 84, Phantom: 620
[2026-04-03T02:25:01.553+0600][64.056s][info][gc,ref      ] GC(74) Discovered  references: Soft: 0, Weak: 8031, Final: 48, Phantom: 577
[2026-04-03T02:25:01.553+0600][64.056s][info][gc,ref      ] GC(74) Enqueued    references: Soft: 0, Weak: 46, Final: 0, Phantom: 0
[2026-04-03T02:25:01.553+0600][64.057s][info][gc          ] GC(74) Concurrent weak references 1.739ms
[2026-04-03T02:25:01.553+0600][64.057s][info][gc,start    ] GC(74) Concurrent weak roots
[2026-04-03T02:25:01.553+0600][64.057s][info][gc,task     ] GC(74) Using 3 of 6 workers for concurrent weak root
[2026-04-03T02:25:01.558+0600][64.061s][info][gc          ] GC(74) Concurrent weak roots 4.281ms
[2026-04-03T02:25:01.558+0600][64.061s][info][gc,start    ] GC(74) Concurrent cleanup
[2026-04-03T02:25:01.559+0600][64.062s][info][gc          ] GC(74) Concurrent cleanup 726M->236M(845M) 0.894ms
[2026-04-03T02:25:01.559+0600][64.062s][info][gc,ergo     ] GC(74) Free: 708M, Max: 256K regular, 127M humongous, Frag: 82% external, 0% internal; Reserve: 50745K, Max: 256K
[2026-04-03T02:25:01.559+0600][64.062s][info][gc,start    ] GC(74) Concurrent class unloading
[2026-04-03T02:25:01.559+0600][64.062s][info][gc,task     ] GC(74) Using 3 of 6 workers for concurrent class unloading
[2026-04-03T02:25:01.578+0600][64.081s][info][gc          ] GC(74) Concurrent class unloading 19.073ms
[2026-04-03T02:25:01.578+0600][64.081s][info][gc,start    ] GC(74) Concurrent strong roots
[2026-04-03T02:25:01.578+0600][64.081s][info][gc,task     ] GC(74) Using 3 of 6 workers for concurrent strong root
[2026-04-03T02:25:01.579+0600][64.082s][info][gc          ] GC(74) Concurrent strong roots 1.341ms
[2026-04-03T02:25:01.579+0600][64.083s][info][gc,start    ] GC(74) Concurrent evacuation
[2026-04-03T02:25:01.579+0600][64.083s][info][gc,task     ] GC(74) Using 3 of 6 workers for concurrent evacuation
[2026-04-03T02:25:01.583+0600][64.086s][info][gc          ] GC(74) Concurrent evacuation 3.913ms
[2026-04-03T02:25:01.583+0600][64.087s][info][gc,start    ] GC(74) Pause Init Update Refs
[2026-04-03T02:25:01.584+0600][64.087s][info][gc,ergo     ] GC(74) Pacer for Update Refs. Used: 254M, Free: 693M, Non-Taxable: 71023K, Alloc Tax Rate: 1.1x
[2026-04-03T02:25:01.584+0600][64.087s][info][gc          ] GC(74) Pause Init Update Refs 0.149ms
[2026-04-03T02:25:01.584+0600][64.087s][info][gc,start    ] GC(74) Concurrent update references
[2026-04-03T02:25:01.584+0600][64.087s][info][gc,task     ] GC(74) Using 3 of 6 workers for concurrent reference update
[2026-04-03T02:25:01.635+0600][64.139s][info][gc          ] GC(74) Concurrent update references 51.782ms
[2026-04-03T02:25:01.636+0600][64.139s][info][gc,start    ] GC(74) Concurrent update thread roots
[2026-04-03T02:25:01.637+0600][64.141s][info][gc          ] GC(74) Concurrent update thread roots 1.902ms
[2026-04-03T02:25:01.638+0600][64.141s][info][gc,start    ] GC(74) Pause Final Update Refs
[2026-04-03T02:25:01.638+0600][64.141s][info][gc,task     ] GC(74) Using 6 of 6 workers for final reference update
[2026-04-03T02:25:01.638+0600][64.141s][info][gc          ] GC(74) Pause Final Update Refs 0.305ms
[2026-04-03T02:25:01.638+0600][64.142s][info][gc,start    ] GC(74) Concurrent cleanup
[2026-04-03T02:25:01.639+0600][64.142s][info][gc          ] GC(74) Concurrent cleanup 298M->207M(845M) 0.955ms
[2026-04-03T02:25:01.639+0600][64.143s][info][gc,ergo     ] Free: 735M, Max: 256K regular, 258M humongous, Frag: 65% external, 0% internal; Reserve: 51200K, Max: 256K
[2026-04-03T02:25:01.639+0600][64.143s][info][gc,stats    ] 
[2026-04-03T02:25:01.639+0600][64.143s][info][gc,stats    ] All times are wall-clock times, except per-root-class counters, that are sum over
[2026-04-03T02:25:01.639+0600][64.143s][info][gc,stats    ] all workers. Dividing the <total> over the root stage time estimates parallelism.
[2026-04-03T02:25:01.639+0600][64.143s][info][gc,stats    ] 
[2026-04-03T02:25:01.639+0600][64.143s][info][gc,stats    ] Concurrent Reset                   1294 us
[2026-04-03T02:25:01.639+0600][64.143s][info][gc,stats    ] Pause Init Mark (G)                 553 us
[2026-04-03T02:25:01.639+0600][64.143s][info][gc,stats    ] Pause Init Mark (N)                 226 us
[2026-04-03T02:25:01.639+0600][64.143s][info][gc,stats    ]   Update Region States               71 us
[2026-04-03T02:25:01.639+0600][64.143s][info][gc,stats    ] Concurrent Mark Roots              1540 us, parallelism: 1.82x
[2026-04-03T02:25:01.639+0600][64.143s][info][gc,stats    ]   CMR: <total>                     2800 us
[2026-04-03T02:25:01.639+0600][64.143s][info][gc,stats    ]   CMR: Thread Roots                2422 us, workers (us): 613, 895, 915, ---, ---, ---, 
[2026-04-03T02:25:01.639+0600][64.143s][info][gc,stats    ]   CMR: VM Strong Roots               67 us, workers (us):  33,  33,   1, ---, ---, ---, 
[2026-04-03T02:25:01.640+0600][64.143s][info][gc,stats    ]   CMR: CLDG Roots                   312 us, workers (us): 312, ---, ---, ---, ---, ---, 
[2026-04-03T02:25:01.640+0600][64.143s][info][gc,stats    ] Concurrent Marking                62705 us
[2026-04-03T02:25:01.640+0600][64.143s][info][gc,stats    ] Pause Final Mark (G)                810 us
[2026-04-03T02:25:01.640+0600][64.143s][info][gc,stats    ] Pause Final Mark (N)                667 us
[2026-04-03T02:25:01.640+0600][64.143s][info][gc,stats    ]   Finish Mark                       208 us
[2026-04-03T02:25:01.640+0600][64.143s][info][gc,stats    ]   Update Region States               47 us
[2026-04-03T02:25:01.640+0600][64.143s][info][gc,stats    ]   Choose Collection Set             239 us
[2026-04-03T02:25:01.640+0600][64.143s][info][gc,stats    ]   Rebuild Free Set                   46 us
[2026-04-03T02:25:01.640+0600][64.143s][info][gc,stats    ] Concurrent Thread Roots            1234 us, parallelism: 2.58x
[2026-04-03T02:25:01.640+0600][64.143s][info][gc,stats    ]   CTR: <total>                     3186 us
[2026-04-03T02:25:01.640+0600][64.143s][info][gc,stats    ]   CTR: Thread Roots                3186 us, workers (us): 1075, 1069, 1042, ---, ---, ---, 
[2026-04-03T02:25:01.640+0600][64.143s][info][gc,stats    ] Concurrent Weak References         1761 us, parallelism: 0.90x
[2026-04-03T02:25:01.640+0600][64.143s][info][gc,stats    ]   CWRF: <total>                    1590 us
[2026-04-03T02:25:01.640+0600][64.143s][info][gc,stats    ]   CWRF: Weak References            1590 us, workers (us):  18, 1535,  37, ---, ---, ---, 
[2026-04-03T02:25:01.640+0600][64.143s][info][gc,stats    ] Concurrent Weak Roots              4376 us
[2026-04-03T02:25:01.640+0600][64.143s][info][gc,stats    ]   Roots                            3894 us, parallelism: 2.69x
[2026-04-03T02:25:01.640+0600][64.143s][info][gc,stats    ]     CWR: <total>                  10488 us
[2026-04-03T02:25:01.640+0600][64.143s][info][gc,stats    ]     CWR: Code Cache Roots          8165 us, workers (us): 2764, 2683, 2718, ---, ---, ---, 
[2026-04-03T02:25:01.640+0600][64.143s][info][gc,stats    ]     CWR: VM Weak Roots             2210 us, workers (us): 761, 743, 706, ---, ---, ---, 
[2026-04-03T02:25:01.640+0600][64.143s][info][gc,stats    ]     CWR: CLDG Roots                 113 us, workers (us): ---, ---, 113, ---, ---, ---, 
[2026-04-03T02:25:01.640+0600][64.143s][info][gc,stats    ]   Rendezvous                        347 us
[2026-04-03T02:25:01.640+0600][64.143s][info][gc,stats    ] Concurrent Cleanup                  927 us
[2026-04-03T02:25:01.640+0600][64.143s][info][gc,stats    ] Concurrent Class Unloading        19212 us
[2026-04-03T02:25:01.640+0600][64.143s][info][gc,stats    ]   Unlink Stale                    15987 us
[2026-04-03T02:25:01.640+0600][64.143s][info][gc,stats    ]     System Dictionary               307 us
[2026-04-03T02:25:01.640+0600][64.143s][info][gc,stats    ]     Weak Class Links                  1 us
[2026-04-03T02:25:01.640+0600][64.143s][info][gc,stats    ]     Code Roots                    15675 us
[2026-04-03T02:25:01.640+0600][64.143s][info][gc,stats    ]   Rendezvous                        411 us
[2026-04-03T02:25:01.640+0600][64.143s][info][gc,stats    ]   Purge Unlinked                   2602 us
[2026-04-03T02:25:01.640+0600][64.143s][info][gc,stats    ]     Code Roots                     2577 us
[2026-04-03T02:25:01.640+0600][64.143s][info][gc,stats    ]     CLDG                             23 us
[2026-04-03T02:25:01.640+0600][64.143s][info][gc,stats    ]     Exception Caches                  1 us
[2026-04-03T02:25:01.640+0600][64.143s][info][gc,stats    ] Concurrent Strong Roots            1395 us, parallelism: 0.63x
[2026-04-03T02:25:01.640+0600][64.143s][info][gc,stats    ]   CSR: <total>                      878 us
[2026-04-03T02:25:01.640+0600][64.143s][info][gc,stats    ]   CSR: VM Strong Roots               66 us, workers (us):  63,   3,   0, ---, ---, ---, 
[2026-04-03T02:25:01.640+0600][64.143s][info][gc,stats    ]   CSR: CLDG Roots                   812 us, workers (us): 812, ---, ---, ---, ---, ---, 
[2026-04-03T02:25:01.640+0600][64.143s][info][gc,stats    ] Concurrent Evacuation              4002 us
[2026-04-03T02:25:01.640+0600][64.143s][info][gc,stats    ] Pause Init Update Refs (G)          408 us
[2026-04-03T02:25:01.640+0600][64.143s][info][gc,stats    ] Pause Init Update Refs (N)          179 us
[2026-04-03T02:25:01.640+0600][64.143s][info][gc,stats    ]   Manage GCLABs                      34 us
[2026-04-03T02:25:01.640+0600][64.143s][info][gc,stats    ] Concurrent Update Refs            51895 us
[2026-04-03T02:25:01.640+0600][64.143s][info][gc,stats    ] Concurrent Update Thread Roots     1986 us
[2026-04-03T02:25:01.640+0600][64.143s][info][gc,stats    ] Pause Final Update Refs (G)         678 us
[2026-04-03T02:25:01.640+0600][64.143s][info][gc,stats    ] Pause Final Update Refs (N)         327 us
[2026-04-03T02:25:01.640+0600][64.143s][info][gc,stats    ]   Update Region States               78 us
[2026-04-03T02:25:01.640+0600][64.143s][info][gc,stats    ]   Trash Collection Set               24 us
[2026-04-03T02:25:01.640+0600][64.143s][info][gc,stats    ]   Rebuild Free Set                   69 us
[2026-04-03T02:25:01.640+0600][64.143s][info][gc,stats    ] Concurrent Cleanup                  999 us
[2026-04-03T02:25:01.640+0600][64.143s][info][gc,stats    ] Pacing                           159346 us
[2026-04-03T02:25:01.640+0600][64.143s][info][gc,stats    ] 
[2026-04-03T02:25:01.640+0600][64.143s][info][gc,stats    ] Allocation pacing accrued:
[2026-04-03T02:25:01.640+0600][64.144s][info][gc,stats    ]      19 of   682 ms (  2.7%): Executor task launch worker for task 5.0 in stage 2303.0 (TID 4498)
[2026-04-03T02:25:01.640+0600][64.144s][info][gc,stats    ]      11 of   682 ms (  1.6%): Executor task launch worker for task 4.0 in stage 2303.0 (TID 4497)
[2026-04-03T02:25:01.640+0600][64.144s][info][gc,stats    ]      20 of   682 ms (  3.0%): Executor task launch worker for task 1.0 in stage 2303.0 (TID 4494)
[2026-04-03T02:25:01.640+0600][64.144s][info][gc,stats    ]      19 of   682 ms (  2.8%): Executor task launch worker for task 0.0 in stage 2303.0 (TID 4493)
[2026-04-03T02:25:01.640+0600][64.144s][info][gc,stats    ]      21 of   682 ms (  3.1%): Executor task launch worker for task 2.0 in stage 2303.0 (TID 4495)
[2026-04-03T02:25:01.640+0600][64.144s][info][gc,stats    ]      20 of   682 ms (  2.9%): Executor task launch worker for task 3.0 in stage 2303.0 (TID 4496)
[2026-04-03T02:25:01.640+0600][64.144s][info][gc,stats    ]      20 of   682 ms (  2.9%): Executor task launch worker for task 7.0 in stage 2303.0 (TID 4500)
[2026-04-03T02:25:01.640+0600][64.144s][info][gc,stats    ]      20 of   682 ms (  3.0%): Executor task launch worker for task 6.0 in stage 2303.0 (TID 4499)
[2026-04-03T02:25:01.640+0600][64.144s][info][gc,stats    ]       9 of   682 ms (  1.3%): task-result-getter-2
[2026-04-03T02:25:01.640+0600][64.144s][info][gc,stats    ]     159 of   682 ms ( 23.4%): <total>
[2026-04-03T02:25:01.640+0600][64.144s][info][gc,stats    ]       1 of   682 ms (  0.1%): <average total>
[2026-04-03T02:25:01.640+0600][64.144s][info][gc,stats    ]      18 of   682 ms (  2.6%): <average non-zero>
[2026-04-03T02:25:01.640+0600][64.144s][info][gc,stats    ] 
[2026-04-03T02:25:01.640+0600][64.144s][info][gc,metaspace] Metaspace: 131405K(132736K)->131408K(132736K) NonClass: 114918K(115584K)->114921K(115584K) Class: 16487K(17152K)->16487K(17152K)
[2026-04-03T02:25:01.640+0600][64.144s][info][gc,ergo     ] Pacer for Idle. Initial: 20480K, Alloc Tax Rate: 1.0x
[2026-04-03T02:25:02.116+0600][64.619s][info][gc          ] Trigger: Average GC time (170.45 ms) is above the time for average allocation rate (999 MB/s) to deplete free headroom (167M) (margin of error = 1.81)
[2026-04-03T02:25:02.116+0600][64.619s][info][gc,ergo     ] Free headroom: 217M (free) - 51200K (spike) - 0B (penalties) = 167M
[2026-04-03T02:25:02.116+0600][64.619s][info][gc,ergo     ] Free: 217M, Max: 256K regular, 126M humongous, Frag: 42% external, 0% internal; Reserve: 51200K, Max: 256K
[2026-04-03T02:25:02.116+0600][64.619s][info][gc,start    ] GC(75) Concurrent reset
[2026-04-03T02:25:02.116+0600][64.619s][info][gc,task     ] GC(75) Using 3 of 6 workers for concurrent reset
[2026-04-03T02:25:02.116+0600][64.619s][info][gc,ergo     ] GC(75) Pacer for Reset. Non-Taxable: 1000M
[2026-04-03T02:25:02.117+0600][64.621s][info][gc          ] GC(75) Concurrent reset 1.218ms
[2026-04-03T02:25:02.118+0600][64.621s][info][gc,start    ] GC(75) Pause Init Mark (unload classes)
[2026-04-03T02:25:02.118+0600][64.621s][info][gc,task     ] GC(75) Using 6 of 6 workers for init marking
[2026-04-03T02:25:02.118+0600][64.621s][info][gc,ergo     ] GC(75) Pacer for Mark. Expected Live: 97538K, Free: 217M, Non-Taxable: 22233K, Alloc Tax Rate: 0.5x
[2026-04-03T02:25:02.118+0600][64.621s][info][gc          ] GC(75) Pause Init Mark (unload classes) 0.158ms
[2026-04-03T02:25:02.118+0600][64.621s][info][gc,start    ] GC(75) Concurrent marking roots
[2026-04-03T02:25:02.118+0600][64.621s][info][gc,task     ] GC(75) Using 3 of 6 workers for concurrent marking roots
[2026-04-03T02:25:02.119+0600][64.622s][info][gc          ] GC(75) Concurrent marking roots 1.239ms
[2026-04-03T02:25:02.119+0600][64.622s][info][gc,start    ] GC(75) Concurrent marking (unload classes)
[2026-04-03T02:25:02.119+0600][64.622s][info][gc,task     ] GC(75) Using 3 of 6 workers for concurrent marking
[2026-04-03T02:25:02.180+0600][64.683s][info][gc          ] GC(75) Concurrent marking (unload classes) 61.053ms
[2026-04-03T02:25:02.180+0600][64.684s][info][gc,start    ] GC(75) Pause Final Mark (unload classes)
[2026-04-03T02:25:02.180+0600][64.684s][info][gc,task     ] GC(75) Using 6 of 6 workers for final marking
[2026-04-03T02:25:02.181+0600][64.684s][info][gc,ergo     ] GC(75) Adaptive CSet Selection. Target Free: 141M, Actual Free: 685M, Max CSet: 42666K, Min Garbage: 0B
[2026-04-03T02:25:02.181+0600][64.684s][info][gc,ergo     ] GC(75) Collectable Garbage: 597M (98%), Immediate: 456M (75%), CSet: 141M (23%)
[2026-04-03T02:25:02.181+0600][64.684s][info][gc,ergo     ] GC(75) Pacer for Evacuation. Used CSet: 147M, Free: 667M, Non-Taxable: 68354K, Alloc Tax Rate: 1.1x
[2026-04-03T02:25:02.181+0600][64.684s][info][gc          ] GC(75) Pause Final Mark (unload classes) 0.692ms
[2026-04-03T02:25:02.181+0600][64.685s][info][gc,start    ] GC(75) Concurrent thread roots
[2026-04-03T02:25:02.181+0600][64.685s][info][gc,task     ] GC(75) Using 3 of 6 workers for Concurrent thread roots
[2026-04-03T02:25:02.182+0600][64.686s][info][gc          ] GC(75) Concurrent thread roots 1.055ms
[2026-04-03T02:25:02.182+0600][64.686s][info][gc,start    ] GC(75) Concurrent weak references
[2026-04-03T02:25:02.182+0600][64.686s][info][gc,task     ] GC(75) Using 3 of 6 workers for concurrent weak references
[2026-04-03T02:25:02.183+0600][64.686s][info][gc,ref      ] GC(75) Encountered references: Soft: 3788, Weak: 16613, Final: 84, Phantom: 640
[2026-04-03T02:25:02.183+0600][64.686s][info][gc,ref      ] GC(75) Discovered  references: Soft: 0, Weak: 4250, Final: 0, Phantom: 635
[2026-04-03T02:25:02.183+0600][64.686s][info][gc,ref      ] GC(75) Enqueued    references: Soft: 0, Weak: 1725, Final: 0, Phantom: 0
[2026-04-03T02:25:02.183+0600][64.686s][info][gc          ] GC(75) Concurrent weak references 0.659ms
[2026-04-03T02:25:02.183+0600][64.686s][info][gc,start    ] GC(75) Concurrent weak roots
[2026-04-03T02:25:02.183+0600][64.686s][info][gc,task     ] GC(75) Using 3 of 6 workers for concurrent weak root
[2026-04-03T02:25:02.189+0600][64.692s][info][gc          ] GC(75) Concurrent weak roots 5.596ms
[2026-04-03T02:25:02.189+0600][64.692s][info][gc,start    ] GC(75) Concurrent cleanup
[2026-04-03T02:25:02.190+0600][64.693s][info][gc          ] GC(75) Concurrent cleanup 743M->289M(845M) 1.291ms
[2026-04-03T02:25:02.190+0600][64.693s][info][gc,ergo     ] GC(75) Free: 657M, Max: 256K regular, 126M humongous, Frag: 81% external, 0% internal; Reserve: 51002K, Max: 256K
[2026-04-03T02:25:02.190+0600][64.693s][info][gc,start    ] GC(75) Concurrent class unloading
[2026-04-03T02:25:02.190+0600][64.693s][info][gc,task     ] GC(75) Using 3 of 6 workers for concurrent class unloading
[2026-04-03T02:25:02.218+0600][64.721s][info][gc          ] GC(75) Concurrent class unloading 27.998ms
[2026-04-03T02:25:02.218+0600][64.722s][info][gc,start    ] GC(75) Concurrent strong roots
[2026-04-03T02:25:02.218+0600][64.722s][info][gc,task     ] GC(75) Using 3 of 6 workers for concurrent strong root
[2026-04-03T02:25:02.220+0600][64.723s][info][gc          ] GC(75) Concurrent strong roots 1.335ms
[2026-04-03T02:25:02.220+0600][64.723s][info][gc,start    ] GC(75) Concurrent evacuation
[2026-04-03T02:25:02.220+0600][64.723s][info][gc,task     ] GC(75) Using 3 of 6 workers for concurrent evacuation
[2026-04-03T02:25:02.227+0600][64.730s][info][gc          ] GC(75) Concurrent evacuation 7.195ms
[2026-04-03T02:25:02.227+0600][64.730s][info][gc,start    ] GC(75) Pause Init Update Refs
[2026-04-03T02:25:02.227+0600][64.730s][info][gc,ergo     ] GC(75) Pacer for Update Refs. Used: 333M, Free: 620M, Non-Taxable: 63522K, Alloc Tax Rate: 1.1x
[2026-04-03T02:25:02.227+0600][64.731s][info][gc          ] GC(75) Pause Init Update Refs 0.115ms
[2026-04-03T02:25:02.227+0600][64.731s][info][gc,start    ] GC(75) Concurrent update references
[2026-04-03T02:25:02.227+0600][64.731s][info][gc,task     ] GC(75) Using 3 of 6 workers for concurrent reference update
[2026-04-03T02:25:02.272+0600][64.776s][info][gc          ] GC(75) Concurrent update references 45.150ms
[2026-04-03T02:25:02.273+0600][64.776s][info][gc,start    ] GC(75) Concurrent update thread roots
[2026-04-03T02:25:02.274+0600][64.777s][info][gc          ] GC(75) Concurrent update thread roots 1.267ms
[2026-04-03T02:25:02.274+0600][64.778s][info][gc,start    ] GC(75) Pause Final Update Refs
[2026-04-03T02:25:02.274+0600][64.778s][info][gc,task     ] GC(75) Using 6 of 6 workers for final reference update
[2026-04-03T02:25:02.274+0600][64.778s][info][gc          ] GC(75) Pause Final Update Refs 0.216ms
[2026-04-03T02:25:02.275+0600][64.778s][info][gc,start    ] GC(75) Concurrent cleanup
[2026-04-03T02:25:02.275+0600][64.779s][info][gc          ] GC(75) Concurrent cleanup 369M->221M(845M) 0.757ms
[2026-04-03T02:25:02.276+0600][64.779s][info][gc,ergo     ] Free: 722M, Max: 256K regular, 258M humongous, Frag: 65% external, 0% internal; Reserve: 51200K, Max: 256K
[2026-04-03T02:25:02.276+0600][64.779s][info][gc,stats    ] 
[2026-04-03T02:25:02.276+0600][64.779s][info][gc,stats    ] All times are wall-clock times, except per-root-class counters, that are sum over
[2026-04-03T02:25:02.276+0600][64.779s][info][gc,stats    ] all workers. Dividing the <total> over the root stage time estimates parallelism.
[2026-04-03T02:25:02.276+0600][64.779s][info][gc,stats    ] 
[2026-04-03T02:25:02.276+0600][64.779s][info][gc,stats    ] Concurrent Reset                   1285 us
[2026-04-03T02:25:02.276+0600][64.779s][info][gc,stats    ] Pause Init Mark (G)                 345 us
[2026-04-03T02:25:02.276+0600][64.779s][info][gc,stats    ] Pause Init Mark (N)                 168 us
[2026-04-03T02:25:02.276+0600][64.779s][info][gc,stats    ]   Update Region States               61 us
[2026-04-03T02:25:02.276+0600][64.779s][info][gc,stats    ] Concurrent Mark Roots              1264 us, parallelism: 1.92x
[2026-04-03T02:25:02.276+0600][64.779s][info][gc,stats    ]   CMR: <total>                     2424 us
[2026-04-03T02:25:02.276+0600][64.779s][info][gc,stats    ]   CMR: Thread Roots                2179 us, workers (us): 811, 597, 771, ---, ---, ---, 
[2026-04-03T02:25:02.276+0600][64.779s][info][gc,stats    ]   CMR: VM Strong Roots               46 us, workers (us):  23,  22,   1, ---, ---, ---, 
[2026-04-03T02:25:02.276+0600][64.779s][info][gc,stats    ]   CMR: CLDG Roots                   199 us, workers (us): ---, 199, ---, ---, ---, ---, 
[2026-04-03T02:25:02.276+0600][64.779s][info][gc,stats    ] Concurrent Marking                61117 us
[2026-04-03T02:25:02.276+0600][64.779s][info][gc,stats    ] Pause Final Mark (G)               1130 us
[2026-04-03T02:25:02.276+0600][64.779s][info][gc,stats    ] Pause Final Mark (N)                703 us
[2026-04-03T02:25:02.276+0600][64.779s][info][gc,stats    ]   Finish Mark                       156 us
[2026-04-03T02:25:02.276+0600][64.779s][info][gc,stats    ]   Update Region States               49 us
[2026-04-03T02:25:02.276+0600][64.779s][info][gc,stats    ]   Choose Collection Set             331 us
[2026-04-03T02:25:02.276+0600][64.779s][info][gc,stats    ]   Rebuild Free Set                   53 us
[2026-04-03T02:25:02.276+0600][64.779s][info][gc,stats    ] Concurrent Thread Roots            1108 us, parallelism: 2.61x
[2026-04-03T02:25:02.276+0600][64.779s][info][gc,stats    ]   CTR: <total>                     2893 us
[2026-04-03T02:25:02.276+0600][64.779s][info][gc,stats    ]   CTR: Thread Roots                2893 us, workers (us): 977, 947, 969, ---, ---, ---, 
[2026-04-03T02:25:02.276+0600][64.779s][info][gc,stats    ] Concurrent Weak References          671 us, parallelism: 0.81x
[2026-04-03T02:25:02.276+0600][64.779s][info][gc,stats    ]   CWRF: <total>                     541 us
[2026-04-03T02:25:02.276+0600][64.779s][info][gc,stats    ]   CWRF: Weak References             541 us, workers (us): 541,   0,   0, ---, ---, ---, 
[2026-04-03T02:25:02.276+0600][64.779s][info][gc,stats    ] Concurrent Weak Roots              5651 us
[2026-04-03T02:25:02.276+0600][64.779s][info][gc,stats    ]   Roots                            5227 us, parallelism: 2.68x
[2026-04-03T02:25:02.276+0600][64.779s][info][gc,stats    ]     CWR: <total>                  14021 us
[2026-04-03T02:25:02.276+0600][64.779s][info][gc,stats    ]     CWR: Code Cache Roots         10773 us, workers (us): 3617, 3571, 3585, ---, ---, ---, 
[2026-04-03T02:25:02.276+0600][64.779s][info][gc,stats    ]     CWR: VM Weak Roots             3015 us, workers (us): 1136, 955, 924, ---, ---, ---, 
[2026-04-03T02:25:02.276+0600][64.779s][info][gc,stats    ]     CWR: CLDG Roots                 234 us, workers (us): ---, 234, ---, ---, ---, ---, 
[2026-04-03T02:25:02.276+0600][64.779s][info][gc,stats    ]   Rendezvous                        342 us
[2026-04-03T02:25:02.276+0600][64.779s][info][gc,stats    ] Concurrent Cleanup                 1322 us
[2026-04-03T02:25:02.276+0600][64.779s][info][gc,stats    ] Concurrent Class Unloading        28100 us
[2026-04-03T02:25:02.276+0600][64.779s][info][gc,stats    ]   Unlink Stale                    26021 us
[2026-04-03T02:25:02.276+0600][64.779s][info][gc,stats    ]     System Dictionary               272 us
[2026-04-03T02:25:02.276+0600][64.779s][info][gc,stats    ]     Weak Class Links                  0 us
[2026-04-03T02:25:02.276+0600][64.779s][info][gc,stats    ]     Code Roots                    25745 us
[2026-04-03T02:25:02.276+0600][64.779s][info][gc,stats    ]   Rendezvous                        389 us
[2026-04-03T02:25:02.276+0600][64.779s][info][gc,stats    ]   Purge Unlinked                   1548 us
[2026-04-03T02:25:02.276+0600][64.779s][info][gc,stats    ]     Code Roots                     1534 us
[2026-04-03T02:25:02.276+0600][64.779s][info][gc,stats    ]     CLDG                             13 us
[2026-04-03T02:25:02.276+0600][64.779s][info][gc,stats    ]     Exception Caches                  0 us
[2026-04-03T02:25:02.276+0600][64.779s][info][gc,stats    ] Concurrent Strong Roots            1372 us, parallelism: 0.70x
[2026-04-03T02:25:02.276+0600][64.779s][info][gc,stats    ]   CSR: <total>                      960 us
[2026-04-03T02:25:02.276+0600][64.779s][info][gc,stats    ]   CSR: VM Strong Roots              128 us, workers (us):  68,  59,   1, ---, ---, ---, 
[2026-04-03T02:25:02.276+0600][64.779s][info][gc,stats    ]   CSR: CLDG Roots                   833 us, workers (us): 833, ---, ---, ---, ---, ---, 
[2026-04-03T02:25:02.276+0600][64.779s][info][gc,stats    ] Concurrent Evacuation              7284 us
[2026-04-03T02:25:02.276+0600][64.779s][info][gc,stats    ] Pause Init Update Refs (G)          342 us
[2026-04-03T02:25:02.276+0600][64.779s][info][gc,stats    ] Pause Init Update Refs (N)          130 us
[2026-04-03T02:25:02.276+0600][64.779s][info][gc,stats    ]   Manage GCLABs                      28 us
[2026-04-03T02:25:02.276+0600][64.779s][info][gc,stats    ] Concurrent Update Refs            45227 us
[2026-04-03T02:25:02.276+0600][64.779s][info][gc,stats    ] Concurrent Update Thread Roots     1317 us
[2026-04-03T02:25:02.276+0600][64.779s][info][gc,stats    ] Pause Final Update Refs (G)         876 us
[2026-04-03T02:25:02.276+0600][64.779s][info][gc,stats    ] Pause Final Update Refs (N)         228 us
[2026-04-03T02:25:02.276+0600][64.779s][info][gc,stats    ]   Update Region States               69 us
[2026-04-03T02:25:02.276+0600][64.779s][info][gc,stats    ]   Trash Collection Set               24 us
[2026-04-03T02:25:02.276+0600][64.779s][info][gc,stats    ]   Rebuild Free Set                   58 us
[2026-04-03T02:25:02.276+0600][64.779s][info][gc,stats    ] Concurrent Cleanup                  779 us
[2026-04-03T02:25:02.276+0600][64.779s][info][gc,stats    ] Pacing                           198861 us
[2026-04-03T02:25:02.276+0600][64.779s][info][gc,stats    ] 
[2026-04-03T02:25:02.276+0600][64.779s][info][gc,stats    ] Allocation pacing accrued:
[2026-04-03T02:25:02.276+0600][64.779s][info][gc,stats    ]      11 of   636 ms (  1.7%): RemoteBlock-temp-file-clean-thread
[2026-04-03T02:25:02.276+0600][64.779s][info][gc,stats    ]      12 of   636 ms (  1.8%): Spark Context Cleaner
[2026-04-03T02:25:02.276+0600][64.779s][info][gc,stats    ]      23 of   636 ms (  3.6%): Executor task launch worker for task 1.0 in stage 2411.0 (TID 4566)
[2026-04-03T02:25:02.276+0600][64.779s][info][gc,stats    ]      22 of   636 ms (  3.5%): Executor task launch worker for task 3.0 in stage 2411.0 (TID 4568)
[2026-04-03T02:25:02.276+0600][64.779s][info][gc,stats    ]      22 of   636 ms (  3.5%): Executor task launch worker for task 5.0 in stage 2411.0 (TID 4570)
[2026-04-03T02:25:02.276+0600][64.779s][info][gc,stats    ]      22 of   636 ms (  3.5%): Executor task launch worker for task 0.0 in stage 2411.0 (TID 4565)
[2026-04-03T02:25:02.276+0600][64.779s][info][gc,stats    ]      21 of   636 ms (  3.4%): Executor task launch worker for task 2.0 in stage 2411.0 (TID 4567)
[2026-04-03T02:25:02.276+0600][64.779s][info][gc,stats    ]      22 of   636 ms (  3.4%): Executor task launch worker for task 6.0 in stage 2411.0 (TID 4571)
[2026-04-03T02:25:02.276+0600][64.779s][info][gc,stats    ]      22 of   636 ms (  3.5%): Executor task launch worker for task 7.0 in stage 2411.0 (TID 4572)
[2026-04-03T02:25:02.276+0600][64.779s][info][gc,stats    ]      22 of   636 ms (  3.4%): Executor task launch worker for task 4.0 in stage 2411.0 (TID 4569)
[2026-04-03T02:25:02.276+0600][64.779s][info][gc,stats    ]     199 of   636 ms ( 31.3%): <total>
[2026-04-03T02:25:02.276+0600][64.779s][info][gc,stats    ]       1 of   636 ms (  0.1%): <average total>
[2026-04-03T02:25:02.276+0600][64.779s][info][gc,stats    ]      20 of   636 ms (  3.1%): <average non-zero>
[2026-04-03T02:25:02.276+0600][64.779s][info][gc,stats    ] 
[2026-04-03T02:25:02.276+0600][64.779s][info][gc,metaspace] Metaspace: 131408K(132736K)->131408K(132736K) NonClass: 114921K(115584K)->114921K(115584K) Class: 16487K(17152K)->16487K(17152K)
[2026-04-03T02:25:02.276+0600][64.779s][info][gc,ergo     ] Pacer for Idle. Initial: 20480K, Alloc Tax Rate: 1.0x
[2026-04-03T02:25:02.378+0600][64.881s][info][gc          ] Trigger: Average GC time (175.12 ms) is above the time for average allocation rate (2229 MB/s) to deplete free headroom (317M) (margin of error = 1.81)
[2026-04-03T02:25:02.378+0600][64.881s][info][gc,ergo     ] Free headroom: 367M (free) - 51200K (spike) - 0B (penalties) = 317M
[2026-04-03T02:25:02.378+0600][64.881s][info][gc,ergo     ] Free: 362M, Max: 256K regular, 123M humongous, Frag: 66% external, 0% internal; Reserve: 51200K, Max: 256K
[2026-04-03T02:25:02.378+0600][64.881s][info][gc,start    ] GC(76) Concurrent reset
[2026-04-03T02:25:02.378+0600][64.881s][info][gc,task     ] GC(76) Using 3 of 6 workers for concurrent reset
[2026-04-03T02:25:02.378+0600][64.881s][info][gc,ergo     ] GC(76) Pacer for Reset. Non-Taxable: 1000M
[2026-04-03T02:25:02.380+0600][64.883s][info][gc          ] GC(76) Concurrent reset 1.387ms
[2026-04-03T02:25:02.380+0600][64.883s][info][gc,start    ] GC(76) Pause Init Mark (unload classes)
[2026-04-03T02:25:02.380+0600][64.883s][info][gc,task     ] GC(76) Using 6 of 6 workers for init marking
[2026-04-03T02:25:02.380+0600][64.883s][info][gc,ergo     ] GC(76) Pacer for Mark. Expected Live: 94592K, Free: 358M, Non-Taxable: 36675K, Alloc Tax Rate: 0.3x
[2026-04-03T02:25:02.380+0600][64.883s][info][gc          ] GC(76) Pause Init Mark (unload classes) 0.155ms
[2026-04-03T02:25:02.380+0600][64.883s][info][gc,start    ] GC(76) Concurrent marking roots
[2026-04-03T02:25:02.380+0600][64.883s][info][gc,task     ] GC(76) Using 3 of 6 workers for concurrent marking roots
[2026-04-03T02:25:02.381+0600][64.885s][info][gc          ] GC(76) Concurrent marking roots 1.234ms
[2026-04-03T02:25:02.381+0600][64.885s][info][gc,start    ] GC(76) Concurrent marking (unload classes)
[2026-04-03T02:25:02.381+0600][64.885s][info][gc,task     ] GC(76) Using 3 of 6 workers for concurrent marking
[2026-04-03T02:25:02.436+0600][64.940s][info][gc          ] GC(76) Concurrent marking (unload classes) 55.070ms
[2026-04-03T02:25:02.437+0600][64.940s][info][gc,start    ] GC(76) Pause Final Mark (unload classes)
[2026-04-03T02:25:02.437+0600][64.940s][info][gc,task     ] GC(76) Using 6 of 6 workers for final marking
[2026-04-03T02:25:02.437+0600][64.941s][info][gc,ergo     ] GC(76) Adaptive CSet Selection. Target Free: 141M, Actual Free: 782M, Max CSet: 42666K, Min Garbage: 0B
[2026-04-03T02:25:02.437+0600][64.941s][info][gc,ergo     ] GC(76) Collectable Garbage: 463M (98%), Immediate: 422M (89%), CSet: 42035K (8%)
[2026-04-03T02:25:02.437+0600][64.941s][info][gc,ergo     ] GC(76) Pacer for Evacuation. Used CSet: 45339K, Free: 760M, Non-Taxable: 77905K, Alloc Tax Rate: 1.1x
[2026-04-03T02:25:02.437+0600][64.941s][info][gc          ] GC(76) Pause Final Mark (unload classes) 0.767ms
[2026-04-03T02:25:02.438+0600][64.941s][info][gc,start    ] GC(76) Concurrent thread roots
[2026-04-03T02:25:02.438+0600][64.941s][info][gc,task     ] GC(76) Using 3 of 6 workers for Concurrent thread roots
[2026-04-03T02:25:02.439+0600][64.942s][info][gc          ] GC(76) Concurrent thread roots 0.910ms
[2026-04-03T02:25:02.439+0600][64.942s][info][gc,start    ] GC(76) Concurrent weak references
[2026-04-03T02:25:02.439+0600][64.942s][info][gc,task     ] GC(76) Using 3 of 6 workers for concurrent weak references
[2026-04-03T02:25:02.439+0600][64.943s][info][gc,ref      ] GC(76) Encountered references: Soft: 3785, Weak: 15275, Final: 84, Phantom: 620
[2026-04-03T02:25:02.439+0600][64.943s][info][gc,ref      ] GC(76) Discovered  references: Soft: 0, Weak: 6435, Final: 5, Phantom: 579
[2026-04-03T02:25:02.439+0600][64.943s][info][gc,ref      ] GC(76) Enqueued    references: Soft: 0, Weak: 571, Final: 0, Phantom: 0
[2026-04-03T02:25:02.439+0600][64.943s][info][gc          ] GC(76) Concurrent weak references 0.681ms
[2026-04-03T02:25:02.439+0600][64.943s][info][gc,start    ] GC(76) Concurrent weak roots
[2026-04-03T02:25:02.439+0600][64.943s][info][gc,task     ] GC(76) Using 3 of 6 workers for concurrent weak root
[2026-04-03T02:25:02.443+0600][64.947s][info][gc          ] GC(76) Concurrent weak roots 4.009ms
[2026-04-03T02:25:02.443+0600][64.947s][info][gc,start    ] GC(76) Concurrent cleanup
[2026-04-03T02:25:02.444+0600][64.948s][info][gc          ] GC(76) Concurrent cleanup 608M->186M(845M) 0.917ms
[2026-04-03T02:25:02.444+0600][64.948s][info][gc,ergo     ] GC(76) Free: 759M, Max: 256K regular, 124M humongous, Frag: 84% external, 0% internal; Reserve: 50897K, Max: 256K
[2026-04-03T02:25:02.444+0600][64.948s][info][gc,start    ] GC(76) Concurrent class unloading
[2026-04-03T02:25:02.444+0600][64.948s][info][gc,task     ] GC(76) Using 3 of 6 workers for concurrent class unloading
[2026-04-03T02:25:02.461+0600][64.964s][info][gc          ] GC(76) Concurrent class unloading 16.538ms
[2026-04-03T02:25:02.461+0600][64.964s][info][gc,start    ] GC(76) Concurrent strong roots
[2026-04-03T02:25:02.461+0600][64.964s][info][gc,task     ] GC(76) Using 3 of 6 workers for concurrent strong root
[2026-04-03T02:25:02.463+0600][64.966s][info][gc          ] GC(76) Concurrent strong roots 1.414ms
[2026-04-03T02:25:02.463+0600][64.966s][info][gc,start    ] GC(76) Concurrent evacuation
[2026-04-03T02:25:02.463+0600][64.966s][info][gc,task     ] GC(76) Using 3 of 6 workers for concurrent evacuation
[2026-04-03T02:25:02.464+0600][64.967s][info][gc          ] GC(76) Concurrent evacuation 1.475ms
[2026-04-03T02:25:02.464+0600][64.968s][info][gc,start    ] GC(76) Pause Init Update Refs
[2026-04-03T02:25:02.464+0600][64.968s][info][gc,ergo     ] GC(76) Pacer for Update Refs. Used: 194M, Free: 753M, Non-Taxable: 77120K, Alloc Tax Rate: 1.1x
[2026-04-03T02:25:02.464+0600][64.968s][info][gc          ] GC(76) Pause Init Update Refs 0.127ms
[2026-04-03T02:25:02.464+0600][64.968s][info][gc,start    ] GC(76) Concurrent update references
[2026-04-03T02:25:02.464+0600][64.968s][info][gc,task     ] GC(76) Using 3 of 6 workers for concurrent reference update
[2026-04-03T02:25:02.507+0600][65.010s][info][gc          ] GC(76) Concurrent update references 42.453ms
[2026-04-03T02:25:02.507+0600][65.010s][info][gc,start    ] GC(76) Concurrent update thread roots
[2026-04-03T02:25:02.508+0600][65.011s][info][gc          ] GC(76) Concurrent update thread roots 1.184ms
[2026-04-03T02:25:02.508+0600][65.012s][info][gc,start    ] GC(76) Pause Final Update Refs
[2026-04-03T02:25:02.508+0600][65.012s][info][gc,task     ] GC(76) Using 6 of 6 workers for final reference update
[2026-04-03T02:25:02.508+0600][65.012s][info][gc          ] GC(76) Pause Final Update Refs 0.181ms
[2026-04-03T02:25:02.509+0600][65.012s][info][gc,start    ] GC(76) Concurrent cleanup
[2026-04-03T02:25:02.509+0600][65.012s][info][gc          ] GC(76) Concurrent cleanup 416M->372M(845M) 0.300ms
[2026-04-03T02:25:02.509+0600][65.012s][info][gc,ergo     ] Free: 559M, Max: 256K regular, 232M humongous, Frag: 59% external, 1% internal; Reserve: 51200K, Max: 256K
[2026-04-03T02:25:02.509+0600][65.012s][info][gc,stats    ] 
[2026-04-03T02:25:02.509+0600][65.012s][info][gc,stats    ] All times are wall-clock times, except per-root-class counters, that are sum over
[2026-04-03T02:25:02.509+0600][65.012s][info][gc,stats    ] all workers. Dividing the <total> over the root stage time estimates parallelism.
[2026-04-03T02:25:02.509+0600][65.012s][info][gc,stats    ] 
[2026-04-03T02:25:02.509+0600][65.012s][info][gc,stats    ] Concurrent Reset                   1449 us
[2026-04-03T02:25:02.509+0600][65.012s][info][gc,stats    ] Pause Init Mark (G)                 537 us
[2026-04-03T02:25:02.509+0600][65.012s][info][gc,stats    ] Pause Init Mark (N)                 164 us
[2026-04-03T02:25:02.509+0600][65.012s][info][gc,stats    ]   Update Region States               29 us
[2026-04-03T02:25:02.509+0600][65.012s][info][gc,stats    ] Concurrent Mark Roots              1274 us, parallelism: 1.66x
[2026-04-03T02:25:02.509+0600][65.012s][info][gc,stats    ]   CMR: <total>                     2119 us
[2026-04-03T02:25:02.509+0600][65.012s][info][gc,stats    ]   CMR: Thread Roots                1811 us, workers (us): 444, 700, 667, ---, ---, ---, 
[2026-04-03T02:25:02.509+0600][65.012s][info][gc,stats    ]   CMR: VM Strong Roots               50 us, workers (us):  26,  23,   1, ---, ---, ---, 
[2026-04-03T02:25:02.509+0600][65.012s][info][gc,stats    ]   CMR: CLDG Roots                   258 us, workers (us): 258, ---, ---, ---, ---, ---, 
[2026-04-03T02:25:02.509+0600][65.012s][info][gc,stats    ] Concurrent Marking                55134 us
[2026-04-03T02:25:02.509+0600][65.012s][info][gc,stats    ] Pause Final Mark (G)               1142 us
[2026-04-03T02:25:02.509+0600][65.012s][info][gc,stats    ] Pause Final Mark (N)                782 us
[2026-04-03T02:25:02.509+0600][65.012s][info][gc,stats    ]   Finish Mark                       316 us
[2026-04-03T02:25:02.509+0600][65.012s][info][gc,stats    ]   Update Region States               48 us
[2026-04-03T02:25:02.509+0600][65.012s][info][gc,stats    ]   Choose Collection Set             252 us
[2026-04-03T02:25:02.509+0600][65.012s][info][gc,stats    ]   Rebuild Free Set                   58 us
[2026-04-03T02:25:02.509+0600][65.012s][info][gc,stats    ] Concurrent Thread Roots             953 us, parallelism: 2.04x
[2026-04-03T02:25:02.509+0600][65.013s][info][gc,stats    ]   CTR: <total>                     1949 us
[2026-04-03T02:25:02.509+0600][65.013s][info][gc,stats    ]   CTR: Thread Roots                1949 us, workers (us): 665, 634, 650, ---, ---, ---, 
[2026-04-03T02:25:02.509+0600][65.013s][info][gc,stats    ] Concurrent Weak References          691 us, parallelism: 0.93x
[2026-04-03T02:25:02.509+0600][65.013s][info][gc,stats    ]   CWRF: <total>                     640 us
[2026-04-03T02:25:02.509+0600][65.013s][info][gc,stats    ]   CWRF: Weak References             640 us, workers (us): 447, 192,   1, ---, ---, ---, 
[2026-04-03T02:25:02.509+0600][65.013s][info][gc,stats    ] Concurrent Weak Roots              4107 us
[2026-04-03T02:25:02.509+0600][65.013s][info][gc,stats    ]   Roots                            3671 us, parallelism: 2.54x
[2026-04-03T02:25:02.509+0600][65.013s][info][gc,stats    ]     CWR: <total>                   9342 us
[2026-04-03T02:25:02.509+0600][65.013s][info][gc,stats    ]     CWR: Code Cache Roots          7212 us, workers (us): 2279, 2568, 2365, ---, ---, ---, 
[2026-04-03T02:25:02.509+0600][65.013s][info][gc,stats    ]     CWR: VM Weak Roots             2031 us, workers (us): 687, 681, 663, ---, ---, ---, 
[2026-04-03T02:25:02.509+0600][65.013s][info][gc,stats    ]     CWR: CLDG Roots                  99 us, workers (us): ---, ---,  99, ---, ---, ---, 
[2026-04-03T02:25:02.509+0600][65.013s][info][gc,stats    ]   Rendezvous                        315 us
[2026-04-03T02:25:02.509+0600][65.013s][info][gc,stats    ] Concurrent Cleanup                  936 us
[2026-04-03T02:25:02.509+0600][65.013s][info][gc,stats    ] Concurrent Class Unloading        16653 us
[2026-04-03T02:25:02.509+0600][65.013s][info][gc,stats    ]   Unlink Stale                    15387 us
[2026-04-03T02:25:02.509+0600][65.013s][info][gc,stats    ]     System Dictionary               253 us
[2026-04-03T02:25:02.509+0600][65.013s][info][gc,stats    ]     Weak Class Links                  0 us
[2026-04-03T02:25:02.509+0600][65.013s][info][gc,stats    ]     Code Roots                    15131 us
[2026-04-03T02:25:02.509+0600][65.013s][info][gc,stats    ]   Rendezvous                        303 us
[2026-04-03T02:25:02.509+0600][65.013s][info][gc,stats    ]   Purge Unlinked                    817 us
[2026-04-03T02:25:02.509+0600][65.013s][info][gc,stats    ]     Code Roots                      802 us
[2026-04-03T02:25:02.509+0600][65.013s][info][gc,stats    ]     CLDG                             14 us
[2026-04-03T02:25:02.509+0600][65.013s][info][gc,stats    ]     Exception Caches                  0 us
[2026-04-03T02:25:02.509+0600][65.013s][info][gc,stats    ] Concurrent Strong Roots            1491 us, parallelism: 0.68x
[2026-04-03T02:25:02.509+0600][65.013s][info][gc,stats    ]   CSR: <total>                     1020 us
[2026-04-03T02:25:02.509+0600][65.013s][info][gc,stats    ]   CSR: VM Strong Roots               66 us, workers (us):  28,  23,  15, ---, ---, ---, 
[2026-04-03T02:25:02.509+0600][65.013s][info][gc,stats    ]   CSR: CLDG Roots                   954 us, workers (us): ---, ---, 954, ---, ---, ---, 
[2026-04-03T02:25:02.509+0600][65.013s][info][gc,stats    ] Concurrent Evacuation              1542 us
[2026-04-03T02:25:02.509+0600][65.013s][info][gc,stats    ] Pause Init Update Refs (G)          291 us
[2026-04-03T02:25:02.510+0600][65.013s][info][gc,stats    ] Pause Init Update Refs (N)          142 us
[2026-04-03T02:25:02.510+0600][65.013s][info][gc,stats    ]   Manage GCLABs                      28 us
[2026-04-03T02:25:02.510+0600][65.013s][info][gc,stats    ] Concurrent Update Refs            42531 us
[2026-04-03T02:25:02.510+0600][65.013s][info][gc,stats    ] Concurrent Update Thread Roots     1257 us
[2026-04-03T02:25:02.510+0600][65.013s][info][gc,stats    ] Pause Final Update Refs (G)         339 us
[2026-04-03T02:25:02.510+0600][65.013s][info][gc,stats    ] Pause Final Update Refs (N)         209 us
[2026-04-03T02:25:02.510+0600][65.013s][info][gc,stats    ]   Update Region States               57 us
[2026-04-03T02:25:02.510+0600][65.013s][info][gc,stats    ]   Trash Collection Set               13 us
[2026-04-03T02:25:02.510+0600][65.013s][info][gc,stats    ]   Rebuild Free Set                   46 us
[2026-04-03T02:25:02.510+0600][65.013s][info][gc,stats    ] Concurrent Cleanup                  324 us
[2026-04-03T02:25:02.510+0600][65.013s][info][gc,stats    ] Pacing                            34437 us
[2026-04-03T02:25:02.510+0600][65.013s][info][gc,stats    ] 
[2026-04-03T02:25:02.510+0600][65.013s][info][gc,stats    ] Allocation pacing accrued:
[2026-04-03T02:25:02.510+0600][65.013s][info][gc,stats    ]       9 of   234 ms (  3.8%): Executor task launch worker for task 1.0 in stage 2426.0 (TID 4592)
[2026-04-03T02:25:02.510+0600][65.013s][info][gc,stats    ]       9 of   234 ms (  3.7%): Executor task launch worker for task 0.0 in stage 2426.0 (TID 4591)
[2026-04-03T02:25:02.510+0600][65.013s][info][gc,stats    ]       9 of   234 ms (  3.7%): Executor task launch worker for task 3.0 in stage 2426.0 (TID 4594)
[2026-04-03T02:25:02.510+0600][65.013s][info][gc,stats    ]       8 of   234 ms (  3.5%): Executor task launch worker for task 2.0 in stage 2426.0 (TID 4593)
[2026-04-03T02:25:02.510+0600][65.013s][info][gc,stats    ]      34 of   234 ms ( 14.7%): <total>
[2026-04-03T02:25:02.510+0600][65.013s][info][gc,stats    ]       0 of   234 ms (  0.1%): <average total>
[2026-04-03T02:25:02.510+0600][65.013s][info][gc,stats    ]       9 of   234 ms (  3.7%): <average non-zero>
[2026-04-03T02:25:02.510+0600][65.013s][info][gc,stats    ] 
[2026-04-03T02:25:02.510+0600][65.013s][info][gc,metaspace] Metaspace: 131411K(132736K)->131412K(132736K) NonClass: 114924K(115584K)->114924K(115584K) Class: 16487K(17152K)->16487K(17152K)
[2026-04-03T02:25:02.510+0600][65.013s][info][gc,ergo     ] Pacer for Idle. Initial: 20480K, Alloc Tax Rate: 1.0x
[2026-04-03T02:25:02.576+0600][65.079s][info][gc          ] Trigger: Average GC time (166.60 ms) is above the time for average allocation rate (2248 MB/s) to deplete free headroom (374M) (margin of error = 1.84)
[2026-04-03T02:25:02.576+0600][65.079s][info][gc,ergo     ] Free headroom: 424M (free) - 51200K (spike) - 0B (penalties) = 374M
[2026-04-03T02:25:02.576+0600][65.079s][info][gc,ergo     ] Free: 424M, Max: 256K regular, 232M humongous, Frag: 46% external, 0% internal; Reserve: 51200K, Max: 256K
[2026-04-03T02:25:02.576+0600][65.079s][info][gc,start    ] GC(77) Concurrent reset
[2026-04-03T02:25:02.576+0600][65.079s][info][gc,task     ] GC(77) Using 3 of 6 workers for concurrent reset
[2026-04-03T02:25:02.576+0600][65.079s][info][gc,ergo     ] GC(77) Pacer for Reset. Non-Taxable: 1000M
[2026-04-03T02:25:02.577+0600][65.080s][info][gc          ] GC(77) Concurrent reset 0.895ms
[2026-04-03T02:25:02.577+0600][65.080s][info][gc,start    ] GC(77) Pause Init Mark (unload classes)
[2026-04-03T02:25:02.577+0600][65.080s][info][gc,task     ] GC(77) Using 6 of 6 workers for init marking
[2026-04-03T02:25:02.577+0600][65.080s][info][gc,ergo     ] GC(77) Pacer for Mark. Expected Live: 93322K, Free: 423M, Non-Taxable: 43392K, Alloc Tax Rate: 0.3x
[2026-04-03T02:25:02.577+0600][65.080s][info][gc          ] GC(77) Pause Init Mark (unload classes) 0.102ms
[2026-04-03T02:25:02.577+0600][65.080s][info][gc,start    ] GC(77) Concurrent marking roots
[2026-04-03T02:25:02.577+0600][65.080s][info][gc,task     ] GC(77) Using 3 of 6 workers for concurrent marking roots
[2026-04-03T02:25:02.578+0600][65.081s][info][gc          ] GC(77) Concurrent marking roots 1.018ms
[2026-04-03T02:25:02.578+0600][65.081s][info][gc,start    ] GC(77) Concurrent marking (unload classes)
[2026-04-03T02:25:02.578+0600][65.081s][info][gc,task     ] GC(77) Using 3 of 6 workers for concurrent marking
[2026-04-03T02:25:02.642+0600][65.145s][info][gc          ] GC(77) Concurrent marking (unload classes) 63.692ms
[2026-04-03T02:25:02.642+0600][65.145s][info][gc,start    ] GC(77) Pause Final Mark (unload classes)
[2026-04-03T02:25:02.642+0600][65.145s][info][gc,task     ] GC(77) Using 6 of 6 workers for final marking
[2026-04-03T02:25:02.643+0600][65.146s][info][gc,ergo     ] GC(77) Adaptive CSet Selection. Target Free: 141M, Actual Free: 774M, Max CSet: 42666K, Min Garbage: 0B
[2026-04-03T02:25:02.643+0600][65.146s][info][gc,ergo     ] GC(77) Collectable Garbage: 404M (98%), Immediate: 359M (87%), CSet: 46000K (10%)
[2026-04-03T02:25:02.643+0600][65.146s][info][gc,ergo     ] GC(77) Pacer for Evacuation. Used CSet: 50128K, Free: 749M, Non-Taxable: 76728K, Alloc Tax Rate: 1.1x
[2026-04-03T02:25:02.643+0600][65.146s][info][gc          ] GC(77) Pause Final Mark (unload classes) 1.034ms
[2026-04-03T02:25:02.643+0600][65.147s][info][gc,start    ] GC(77) Concurrent thread roots
[2026-04-03T02:25:02.643+0600][65.147s][info][gc,task     ] GC(77) Using 3 of 6 workers for Concurrent thread roots
[2026-04-03T02:25:02.645+0600][65.148s][info][gc          ] GC(77) Concurrent thread roots 1.366ms
[2026-04-03T02:25:02.645+0600][65.148s][info][gc,start    ] GC(77) Concurrent weak references
[2026-04-03T02:25:02.645+0600][65.148s][info][gc,task     ] GC(77) Using 3 of 6 workers for concurrent weak references
[2026-04-03T02:25:02.646+0600][65.149s][info][gc,ref      ] GC(77) Encountered references: Soft: 3784, Weak: 14937, Final: 84, Phantom: 620
[2026-04-03T02:25:02.646+0600][65.149s][info][gc,ref      ] GC(77) Discovered  references: Soft: 0, Weak: 8889, Final: 84, Phantom: 572
[2026-04-03T02:25:02.646+0600][65.149s][info][gc,ref      ] GC(77) Enqueued    references: Soft: 0, Weak: 370, Final: 0, Phantom: 0
[2026-04-03T02:25:02.646+0600][65.149s][info][gc          ] GC(77) Concurrent weak references 0.935ms
[2026-04-03T02:25:02.646+0600][65.149s][info][gc,start    ] GC(77) Concurrent weak roots
[2026-04-03T02:25:02.646+0600][65.149s][info][gc,task     ] GC(77) Using 3 of 6 workers for concurrent weak root
[2026-04-03T02:25:02.650+0600][65.154s][info][gc          ] GC(77) Concurrent weak roots 4.632ms
[2026-04-03T02:25:02.650+0600][65.154s][info][gc,start    ] GC(77) Concurrent cleanup
[2026-04-03T02:25:02.651+0600][65.155s][info][gc          ] GC(77) Concurrent cleanup 554M->194M(845M) 0.947ms
[2026-04-03T02:25:02.651+0600][65.155s][info][gc,ergo     ] GC(77) Free: 748M, Max: 256K regular, 232M humongous, Frag: 69% external, 0% internal; Reserve: 50831K, Max: 256K
[2026-04-03T02:25:02.651+0600][65.155s][info][gc,start    ] GC(77) Concurrent class unloading
[2026-04-03T02:25:02.651+0600][65.155s][info][gc,task     ] GC(77) Using 3 of 6 workers for concurrent class unloading
[2026-04-03T02:25:02.665+0600][65.168s][info][gc          ] GC(77) Concurrent class unloading 13.598ms
[2026-04-03T02:25:02.665+0600][65.168s][info][gc,start    ] GC(77) Concurrent strong roots
[2026-04-03T02:25:02.665+0600][65.168s][info][gc,task     ] GC(77) Using 3 of 6 workers for concurrent strong root
[2026-04-03T02:25:02.666+0600][65.170s][info][gc          ] GC(77) Concurrent strong roots 1.326ms
[2026-04-03T02:25:02.666+0600][65.170s][info][gc,start    ] GC(77) Concurrent evacuation
[2026-04-03T02:25:02.666+0600][65.170s][info][gc,task     ] GC(77) Using 3 of 6 workers for concurrent evacuation
[2026-04-03T02:25:02.668+0600][65.172s][info][gc          ] GC(77) Concurrent evacuation 1.828ms
[2026-04-03T02:25:02.668+0600][65.172s][info][gc,start    ] GC(77) Pause Init Update Refs
[2026-04-03T02:25:02.669+0600][65.172s][info][gc,ergo     ] GC(77) Pacer for Update Refs. Used: 204M, Free: 743M, Non-Taxable: 76089K, Alloc Tax Rate: 1.1x
[2026-04-03T02:25:02.669+0600][65.172s][info][gc          ] GC(77) Pause Init Update Refs 0.097ms
[2026-04-03T02:25:02.669+0600][65.172s][info][gc,start    ] GC(77) Concurrent update references
[2026-04-03T02:25:02.669+0600][65.172s][info][gc,task     ] GC(77) Using 3 of 6 workers for concurrent reference update
[2026-04-03T02:25:02.717+0600][65.220s][info][gc          ] GC(77) Concurrent update references 48.312ms
[2026-04-03T02:25:02.717+0600][65.220s][info][gc,start    ] GC(77) Concurrent update thread roots
[2026-04-03T02:25:02.719+0600][65.222s][info][gc          ] GC(77) Concurrent update thread roots 1.543ms
[2026-04-03T02:25:02.719+0600][65.222s][info][gc,start    ] GC(77) Pause Final Update Refs
[2026-04-03T02:25:02.719+0600][65.222s][info][gc,task     ] GC(77) Using 6 of 6 workers for final reference update
[2026-04-03T02:25:02.719+0600][65.222s][info][gc          ] GC(77) Pause Final Update Refs 0.228ms
[2026-04-03T02:25:02.719+0600][65.222s][info][gc,start    ] GC(77) Concurrent cleanup
[2026-04-03T02:25:02.720+0600][65.223s][info][gc          ] GC(77) Concurrent cleanup 231M->182M(845M) 0.730ms
[2026-04-03T02:25:02.720+0600][65.223s][info][gc,ergo     ] Free: 758M, Max: 256K regular, 244M humongous, Frag: 68% external, 0% internal; Reserve: 51200K, Max: 256K
[2026-04-03T02:25:02.720+0600][65.223s][info][gc,stats    ] 
[2026-04-03T02:25:02.720+0600][65.223s][info][gc,stats    ] All times are wall-clock times, except per-root-class counters, that are sum over
[2026-04-03T02:25:02.720+0600][65.223s][info][gc,stats    ] all workers. Dividing the <total> over the root stage time estimates parallelism.
[2026-04-03T02:25:02.720+0600][65.223s][info][gc,stats    ] 
[2026-04-03T02:25:02.720+0600][65.223s][info][gc,stats    ] Concurrent Reset                    936 us
[2026-04-03T02:25:02.720+0600][65.223s][info][gc,stats    ] Pause Init Mark (G)                 275 us
[2026-04-03T02:25:02.720+0600][65.223s][info][gc,stats    ] Pause Init Mark (N)                 110 us
[2026-04-03T02:25:02.720+0600][65.223s][info][gc,stats    ]   Update Region States               27 us
[2026-04-03T02:25:02.720+0600][65.223s][info][gc,stats    ] Concurrent Mark Roots              1054 us, parallelism: 1.65x
[2026-04-03T02:25:02.720+0600][65.223s][info][gc,stats    ]   CMR: <total>                     1741 us
[2026-04-03T02:25:02.720+0600][65.223s][info][gc,stats    ]   CMR: Thread Roots                1476 us, workers (us): 584, 348, 543, ---, ---, ---, 
[2026-04-03T02:25:02.720+0600][65.223s][info][gc,stats    ]   CMR: VM Strong Roots               39 us, workers (us):  21,  18,   1, ---, ---, ---, 
[2026-04-03T02:25:02.720+0600][65.223s][info][gc,stats    ]   CMR: CLDG Roots                   226 us, workers (us): ---, 226, ---, ---, ---, ---, 
[2026-04-03T02:25:02.720+0600][65.223s][info][gc,stats    ] Concurrent Marking                63863 us
[2026-04-03T02:25:02.720+0600][65.223s][info][gc,stats    ] Pause Final Mark (G)               1417 us
[2026-04-03T02:25:02.720+0600][65.223s][info][gc,stats    ] Pause Final Mark (N)               1047 us
[2026-04-03T02:25:02.720+0600][65.223s][info][gc,stats    ]   Finish Mark                       358 us
[2026-04-03T02:25:02.720+0600][65.223s][info][gc,stats    ]   Update Region States               80 us
[2026-04-03T02:25:02.720+0600][65.223s][info][gc,stats    ]   Choose Collection Set             354 us
[2026-04-03T02:25:02.720+0600][65.223s][info][gc,stats    ]   Rebuild Free Set                   70 us
[2026-04-03T02:25:02.720+0600][65.223s][info][gc,stats    ] Concurrent Thread Roots            1421 us, parallelism: 2.12x
[2026-04-03T02:25:02.720+0600][65.223s][info][gc,stats    ]   CTR: <total>                     3013 us
[2026-04-03T02:25:02.720+0600][65.223s][info][gc,stats    ]   CTR: Thread Roots                3013 us, workers (us): 1023, 997, 992, ---, ---, ---, 
[2026-04-03T02:25:02.720+0600][65.223s][info][gc,stats    ] Concurrent Weak References          945 us, parallelism: 0.94x
[2026-04-03T02:25:02.720+0600][65.223s][info][gc,stats    ]   CWRF: <total>                     885 us
[2026-04-03T02:25:02.720+0600][65.223s][info][gc,stats    ]   CWRF: Weak References             885 us, workers (us): 784,  99,   1, ---, ---, ---, 
[2026-04-03T02:25:02.720+0600][65.223s][info][gc,stats    ] Concurrent Weak Roots              4709 us
[2026-04-03T02:25:02.720+0600][65.223s][info][gc,stats    ]   Roots                            4264 us, parallelism: 2.67x
[2026-04-03T02:25:02.720+0600][65.223s][info][gc,stats    ]     CWR: <total>                  11395 us
[2026-04-03T02:25:02.720+0600][65.223s][info][gc,stats    ]     CWR: Code Cache Roots          8677 us, workers (us): 2958, 2921, 2799, ---, ---, ---, 
[2026-04-03T02:25:02.720+0600][65.223s][info][gc,stats    ]     CWR: VM Weak Roots             2500 us, workers (us): 882, 850, 768, ---, ---, ---, 
[2026-04-03T02:25:02.720+0600][65.223s][info][gc,stats    ]     CWR: CLDG Roots                 218 us, workers (us): ---, ---, 218, ---, ---, ---, 
[2026-04-03T02:25:02.720+0600][65.223s][info][gc,stats    ]   Rendezvous                        342 us
[2026-04-03T02:25:02.720+0600][65.223s][info][gc,stats    ] Concurrent Cleanup                  969 us
[2026-04-03T02:25:02.720+0600][65.223s][info][gc,stats    ] Concurrent Class Unloading        13677 us
[2026-04-03T02:25:02.720+0600][65.223s][info][gc,stats    ]   Unlink Stale                    12638 us
[2026-04-03T02:25:02.720+0600][65.223s][info][gc,stats    ]     System Dictionary               264 us
[2026-04-03T02:25:02.720+0600][65.223s][info][gc,stats    ]     Weak Class Links                  0 us
[2026-04-03T02:25:02.720+0600][65.223s][info][gc,stats    ]     Code Roots                    12370 us
[2026-04-03T02:25:02.720+0600][65.223s][info][gc,stats    ]   Rendezvous                        452 us
[2026-04-03T02:25:02.720+0600][65.223s][info][gc,stats    ]   Purge Unlinked                    478 us
[2026-04-03T02:25:02.720+0600][65.223s][info][gc,stats    ]     Code Roots                      466 us
[2026-04-03T02:25:02.720+0600][65.223s][info][gc,stats    ]     CLDG                             11 us
[2026-04-03T02:25:02.720+0600][65.223s][info][gc,stats    ]     Exception Caches                  0 us
[2026-04-03T02:25:02.720+0600][65.223s][info][gc,stats    ] Concurrent Strong Roots            1373 us, parallelism: 0.64x
[2026-04-03T02:25:02.720+0600][65.223s][info][gc,stats    ]   CSR: <total>                      875 us
[2026-04-03T02:25:02.720+0600][65.224s][info][gc,stats    ]   CSR: VM Strong Roots               80 us, workers (us):  56,  24,   0, ---, ---, ---, 
[2026-04-03T02:25:02.720+0600][65.224s][info][gc,stats    ]   CSR: CLDG Roots                   795 us, workers (us): ---, 795, ---, ---, ---, ---, 
[2026-04-03T02:25:02.720+0600][65.224s][info][gc,stats    ] Concurrent Evacuation              1876 us
[2026-04-03T02:25:02.720+0600][65.224s][info][gc,stats    ] Pause Init Update Refs (G)          383 us
[2026-04-03T02:25:02.720+0600][65.224s][info][gc,stats    ] Pause Init Update Refs (N)          107 us
[2026-04-03T02:25:02.720+0600][65.224s][info][gc,stats    ]   Manage GCLABs                      40 us
[2026-04-03T02:25:02.720+0600][65.224s][info][gc,stats    ] Concurrent Update Refs            48422 us
[2026-04-03T02:25:02.720+0600][65.224s][info][gc,stats    ] Concurrent Update Thread Roots     1579 us
[2026-04-03T02:25:02.720+0600][65.224s][info][gc,stats    ] Pause Final Update Refs (G)         378 us
[2026-04-03T02:25:02.720+0600][65.224s][info][gc,stats    ] Pause Final Update Refs (N)         244 us
[2026-04-03T02:25:02.720+0600][65.224s][info][gc,stats    ]   Update Region States               72 us
[2026-04-03T02:25:02.720+0600][65.224s][info][gc,stats    ]   Trash Collection Set               16 us
[2026-04-03T02:25:02.720+0600][65.224s][info][gc,stats    ]   Rebuild Free Set                   56 us
[2026-04-03T02:25:02.720+0600][65.224s][info][gc,stats    ] Concurrent Cleanup                  744 us
[2026-04-03T02:25:02.720+0600][65.224s][info][gc,stats    ] Pacing                            22201 us
[2026-04-03T02:25:02.720+0600][65.224s][info][gc,stats    ] 
[2026-04-03T02:25:02.720+0600][65.224s][info][gc,stats    ] Allocation pacing accrued:
[2026-04-03T02:25:02.720+0600][65.224s][info][gc,stats    ]       8 of   211 ms (  3.7%): Executor task launch worker for task 2.0 in stage 2441.0 (TID 4621)
[2026-04-03T02:25:02.720+0600][65.224s][info][gc,stats    ]       8 of   211 ms (  3.6%): Executor task launch worker for task 5.0 in stage 2441.0 (TID 4624)
[2026-04-03T02:25:02.720+0600][65.224s][info][gc,stats    ]       7 of   211 ms (  3.2%): Executor task launch worker for task 7.0 in stage 2441.0 (TID 4626)
[2026-04-03T02:25:02.720+0600][65.224s][info][gc,stats    ]      22 of   211 ms ( 10.5%): <total>
[2026-04-03T02:25:02.720+0600][65.224s][info][gc,stats    ]       0 of   211 ms (  0.0%): <average total>
[2026-04-03T02:25:02.720+0600][65.224s][info][gc,stats    ]       7 of   211 ms (  3.5%): <average non-zero>
[2026-04-03T02:25:02.720+0600][65.224s][info][gc,stats    ] 
[2026-04-03T02:25:02.720+0600][65.224s][info][gc,metaspace] Metaspace: 131413K(132736K)->131436K(132736K) NonClass: 114926K(115584K)->114948K(115584K) Class: 16487K(17152K)->16487K(17152K)
[2026-04-03T02:25:02.720+0600][65.224s][info][gc,ergo     ] Pacer for Idle. Initial: 20480K, Alloc Tax Rate: 1.0x
[2026-04-03T02:25:03.311+0600][65.815s][info][gc          ] Trigger: Average GC time (160.78 ms) is above the time for average allocation rate (1101 MB/s) to deplete free headroom (175M) (margin of error = 1.83)
[2026-04-03T02:25:03.312+0600][65.815s][info][gc,ergo     ] Free headroom: 225M (free) - 51200K (spike) - 0B (penalties) = 175M
[2026-04-03T02:25:03.312+0600][65.815s][info][gc,ergo     ] Free: 225M, Max: 256K regular, 129M humongous, Frag: 43% external, 0% internal; Reserve: 51200K, Max: 256K
[2026-04-03T02:25:03.312+0600][65.815s][info][gc,start    ] GC(78) Concurrent reset
[2026-04-03T02:25:03.312+0600][65.815s][info][gc,task     ] GC(78) Using 3 of 6 workers for concurrent reset
[2026-04-03T02:25:03.312+0600][65.815s][info][gc,ergo     ] GC(78) Pacer for Reset. Non-Taxable: 1000M
[2026-04-03T02:25:03.312+0600][65.816s][info][gc          ] GC(78) Concurrent reset 0.888ms
[2026-04-03T02:25:03.313+0600][65.816s][info][gc,start    ] GC(78) Pause Init Mark (unload classes)
[2026-04-03T02:25:03.313+0600][65.816s][info][gc,task     ] GC(78) Using 6 of 6 workers for init marking
[2026-04-03T02:25:03.313+0600][65.816s][info][gc,ergo     ] GC(78) Pacer for Mark. Expected Live: 92813K, Free: 224M, Non-Taxable: 22970K, Alloc Tax Rate: 0.5x
[2026-04-03T02:25:03.313+0600][65.816s][info][gc          ] GC(78) Pause Init Mark (unload classes) 0.113ms
[2026-04-03T02:25:03.313+0600][65.816s][info][gc,start    ] GC(78) Concurrent marking roots
[2026-04-03T02:25:03.313+0600][65.816s][info][gc,task     ] GC(78) Using 3 of 6 workers for concurrent marking roots
[2026-04-03T02:25:03.315+0600][65.819s][info][gc          ] GC(78) Concurrent marking roots 2.273ms
[2026-04-03T02:25:03.315+0600][65.819s][info][gc,start    ] GC(78) Concurrent marking (unload classes)
[2026-04-03T02:25:03.315+0600][65.819s][info][gc,task     ] GC(78) Using 3 of 6 workers for concurrent marking
[2026-04-03T02:25:03.372+0600][65.876s][info][gc          ] GC(78) Concurrent marking (unload classes) 57.127ms
[2026-04-03T02:25:03.372+0600][65.876s][info][gc,start    ] GC(78) Pause Final Mark (unload classes)
[2026-04-03T02:25:03.373+0600][65.876s][info][gc,task     ] GC(78) Using 6 of 6 workers for final marking
[2026-04-03T02:25:03.373+0600][65.876s][info][gc,ergo     ] GC(78) Adaptive CSet Selection. Target Free: 141M, Actual Free: 717M, Max CSet: 42666K, Min Garbage: 0B
[2026-04-03T02:25:03.373+0600][65.876s][info][gc,ergo     ] GC(78) Collectable Garbage: 582M (98%), Immediate: 483M (81%), CSet: 101102K (16%)
[2026-04-03T02:25:03.373+0600][65.876s][info][gc,ergo     ] GC(78) Pacer for Evacuation. Used CSet: 103M, Free: 711M, Non-Taxable: 72815K, Alloc Tax Rate: 1.1x
[2026-04-03T02:25:03.373+0600][65.876s][info][gc          ] GC(78) Pause Final Mark (unload classes) 0.712ms
[2026-04-03T02:25:03.373+0600][65.877s][info][gc,start    ] GC(78) Concurrent thread roots
[2026-04-03T02:25:03.373+0600][65.877s][info][gc,task     ] GC(78) Using 3 of 6 workers for Concurrent thread roots
[2026-04-03T02:25:03.374+0600][65.878s][info][gc          ] GC(78) Concurrent thread roots 0.969ms
[2026-04-03T02:25:03.374+0600][65.878s][info][gc,start    ] GC(78) Concurrent weak references
[2026-04-03T02:25:03.374+0600][65.878s][info][gc,task     ] GC(78) Using 3 of 6 workers for concurrent weak references
[2026-04-03T02:25:03.375+0600][65.878s][info][gc,ref      ] GC(78) Encountered references: Soft: 3792, Weak: 15570, Final: 84, Phantom: 620
[2026-04-03T02:25:03.375+0600][65.878s][info][gc,ref      ] GC(78) Discovered  references: Soft: 0, Weak: 8324, Final: 84, Phantom: 579
[2026-04-03T02:25:03.375+0600][65.878s][info][gc,ref      ] GC(78) Enqueued    references: Soft: 0, Weak: 260, Final: 0, Phantom: 0
[2026-04-03T02:25:03.375+0600][65.878s][info][gc          ] GC(78) Concurrent weak references 0.539ms
[2026-04-03T02:25:03.375+0600][65.878s][info][gc,start    ] GC(78) Concurrent weak roots
[2026-04-03T02:25:03.375+0600][65.878s][info][gc,task     ] GC(78) Using 3 of 6 workers for concurrent weak root
[2026-04-03T02:25:03.378+0600][65.882s][info][gc          ] GC(78) Concurrent weak roots 3.570ms
[2026-04-03T02:25:03.379+0600][65.882s][info][gc,start    ] GC(78) Concurrent cleanup
[2026-04-03T02:25:03.379+0600][65.882s][info][gc          ] GC(78) Concurrent cleanup 718M->235M(845M) 0.598ms
[2026-04-03T02:25:03.379+0600][65.883s][info][gc,ergo     ] GC(78) Free: 710M, Max: 256K regular, 129M humongous, Frag: 82% external, 0% internal; Reserve: 50887K, Max: 256K
[2026-04-03T02:25:03.379+0600][65.883s][info][gc,start    ] GC(78) Concurrent class unloading
[2026-04-03T02:25:03.379+0600][65.883s][info][gc,task     ] GC(78) Using 3 of 6 workers for concurrent class unloading
[2026-04-03T02:25:03.397+0600][65.900s][info][gc          ] GC(78) Concurrent class unloading 17.663ms
[2026-04-03T02:25:03.397+0600][65.900s][info][gc,start    ] GC(78) Concurrent strong roots
[2026-04-03T02:25:03.397+0600][65.900s][info][gc,task     ] GC(78) Using 3 of 6 workers for concurrent strong root
[2026-04-03T02:25:03.398+0600][65.902s][info][gc          ] GC(78) Concurrent strong roots 1.292ms
[2026-04-03T02:25:03.398+0600][65.902s][info][gc,start    ] GC(78) Concurrent evacuation
[2026-04-03T02:25:03.398+0600][65.902s][info][gc,task     ] GC(78) Using 3 of 6 workers for concurrent evacuation
[2026-04-03T02:25:03.402+0600][65.905s][info][gc          ] GC(78) Concurrent evacuation 3.206ms
[2026-04-03T02:25:03.402+0600][65.905s][info][gc,start    ] GC(78) Pause Init Update Refs
[2026-04-03T02:25:03.402+0600][65.905s][info][gc,ergo     ] GC(78) Pacer for Update Refs. Used: 252M, Free: 698M, Non-Taxable: 71496K, Alloc Tax Rate: 1.1x
[2026-04-03T02:25:03.402+0600][65.905s][info][gc          ] GC(78) Pause Init Update Refs 0.178ms
[2026-04-03T02:25:03.402+0600][65.906s][info][gc,start    ] GC(78) Concurrent update references
[2026-04-03T02:25:03.402+0600][65.906s][info][gc,task     ] GC(78) Using 3 of 6 workers for concurrent reference update
[2026-04-03T02:25:03.452+0600][65.955s][info][gc          ] GC(78) Concurrent update references 49.313ms
[2026-04-03T02:25:03.452+0600][65.955s][info][gc,start    ] GC(78) Concurrent update thread roots
[2026-04-03T02:25:03.453+0600][65.956s][info][gc          ] GC(78) Concurrent update thread roots 1.403ms
[2026-04-03T02:25:03.453+0600][65.957s][info][gc,start    ] GC(78) Pause Final Update Refs
[2026-04-03T02:25:03.453+0600][65.957s][info][gc,task     ] GC(78) Using 6 of 6 workers for final reference update
[2026-04-03T02:25:03.454+0600][65.957s][info][gc          ] GC(78) Pause Final Update Refs 0.234ms
[2026-04-03T02:25:03.454+0600][65.957s][info][gc,start    ] GC(78) Concurrent cleanup
[2026-04-03T02:25:03.454+0600][65.958s][info][gc          ] GC(78) Concurrent cleanup 297M->193M(845M) 0.796ms
[2026-04-03T02:25:03.455+0600][65.958s][info][gc,ergo     ] Free: 749M, Max: 256K regular, 258M humongous, Frag: 66% external, 0% internal; Reserve: 51200K, Max: 256K
[2026-04-03T02:25:03.455+0600][65.958s][info][gc,stats    ] 
[2026-04-03T02:25:03.455+0600][65.958s][info][gc,stats    ] All times are wall-clock times, except per-root-class counters, that are sum over
[2026-04-03T02:25:03.455+0600][65.958s][info][gc,stats    ] all workers. Dividing the <total> over the root stage time estimates parallelism.
[2026-04-03T02:25:03.455+0600][65.958s][info][gc,stats    ] 
[2026-04-03T02:25:03.455+0600][65.958s][info][gc,stats    ] Concurrent Reset                    966 us
[2026-04-03T02:25:03.455+0600][65.958s][info][gc,stats    ] Pause Init Mark (G)                 378 us
[2026-04-03T02:25:03.455+0600][65.958s][info][gc,stats    ] Pause Init Mark (N)                 123 us
[2026-04-03T02:25:03.455+0600][65.958s][info][gc,stats    ]   Update Region States               36 us
[2026-04-03T02:25:03.455+0600][65.958s][info][gc,stats    ] Concurrent Mark Roots              2324 us, parallelism: 2.33x
[2026-04-03T02:25:03.455+0600][65.958s][info][gc,stats    ]   CMR: <total>                     5412 us
[2026-04-03T02:25:03.455+0600][65.958s][info][gc,stats    ]   CMR: Thread Roots                4931 us, workers (us): 1335, 1835, 1761, ---, ---, ---, 
[2026-04-03T02:25:03.455+0600][65.958s][info][gc,stats    ]   CMR: VM Strong Roots               63 us, workers (us):  26,  22,  15, ---, ---, ---, 
[2026-04-03T02:25:03.455+0600][65.958s][info][gc,stats    ]   CMR: CLDG Roots                   418 us, workers (us): 418, ---, ---, ---, ---, ---, 
[2026-04-03T02:25:03.455+0600][65.958s][info][gc,stats    ] Concurrent Marking                57185 us
[2026-04-03T02:25:03.455+0600][65.958s][info][gc,stats    ] Pause Final Mark (G)                886 us
[2026-04-03T02:25:03.455+0600][65.958s][info][gc,stats    ] Pause Final Mark (N)                721 us
[2026-04-03T02:25:03.455+0600][65.958s][info][gc,stats    ]   Finish Mark                       321 us
[2026-04-03T02:25:03.455+0600][65.958s][info][gc,stats    ]   Update Region States               44 us
[2026-04-03T02:25:03.455+0600][65.958s][info][gc,stats    ]   Choose Collection Set             228 us
[2026-04-03T02:25:03.455+0600][65.958s][info][gc,stats    ]   Rebuild Free Set                   42 us
[2026-04-03T02:25:03.455+0600][65.958s][info][gc,stats    ] Concurrent Thread Roots            1008 us, parallelism: 2.11x
[2026-04-03T02:25:03.455+0600][65.958s][info][gc,stats    ]   CTR: <total>                     2123 us
[2026-04-03T02:25:03.455+0600][65.958s][info][gc,stats    ]   CTR: Thread Roots                2123 us, workers (us): 766, 692, 665, ---, ---, ---, 
[2026-04-03T02:25:03.455+0600][65.958s][info][gc,stats    ] Concurrent Weak References          545 us, parallelism: 1.11x
[2026-04-03T02:25:03.455+0600][65.958s][info][gc,stats    ]   CWRF: <total>                     603 us
[2026-04-03T02:25:03.455+0600][65.958s][info][gc,stats    ]   CWRF: Weak References             603 us, workers (us): 437, 106,  60, ---, ---, ---, 
[2026-04-03T02:25:03.455+0600][65.958s][info][gc,stats    ] Concurrent Weak Roots              3653 us
[2026-04-03T02:25:03.455+0600][65.958s][info][gc,stats    ]   Roots                            3295 us, parallelism: 2.65x
[2026-04-03T02:25:03.455+0600][65.958s][info][gc,stats    ]     CWR: <total>                   8720 us
[2026-04-03T02:25:03.455+0600][65.958s][info][gc,stats    ]     CWR: Code Cache Roots          6551 us, workers (us): 2222, 2212, 2118, ---, ---, ---, 
[2026-04-03T02:25:03.455+0600][65.958s][info][gc,stats    ]     CWR: VM Weak Roots             2073 us, workers (us): 704, 685, 684, ---, ---, ---, 
[2026-04-03T02:25:03.455+0600][65.958s][info][gc,stats    ]     CWR: CLDG Roots                  96 us, workers (us): ---, ---,  96, ---, ---, ---, 
[2026-04-03T02:25:03.455+0600][65.958s][info][gc,stats    ]   Rendezvous                        258 us
[2026-04-03T02:25:03.455+0600][65.958s][info][gc,stats    ] Concurrent Cleanup                  628 us
[2026-04-03T02:25:03.455+0600][65.958s][info][gc,stats    ] Concurrent Class Unloading        17773 us
[2026-04-03T02:25:03.455+0600][65.958s][info][gc,stats    ]   Unlink Stale                    15399 us
[2026-04-03T02:25:03.455+0600][65.958s][info][gc,stats    ]     System Dictionary               181 us
[2026-04-03T02:25:03.455+0600][65.958s][info][gc,stats    ]     Weak Class Links                  0 us
[2026-04-03T02:25:03.455+0600][65.958s][info][gc,stats    ]     Code Roots                    15212 us
[2026-04-03T02:25:03.455+0600][65.958s][info][gc,stats    ]   Rendezvous                        479 us
[2026-04-03T02:25:03.455+0600][65.958s][info][gc,stats    ]   Purge Unlinked                   1752 us
[2026-04-03T02:25:03.455+0600][65.958s][info][gc,stats    ]     Code Roots                     1729 us
[2026-04-03T02:25:03.455+0600][65.958s][info][gc,stats    ]     CLDG                             21 us
[2026-04-03T02:25:03.455+0600][65.958s][info][gc,stats    ]     Exception Caches                  1 us
[2026-04-03T02:25:03.455+0600][65.958s][info][gc,stats    ] Concurrent Strong Roots            1392 us, parallelism: 0.62x
[2026-04-03T02:25:03.455+0600][65.958s][info][gc,stats    ]   CSR: <total>                      859 us
[2026-04-03T02:25:03.455+0600][65.958s][info][gc,stats    ]   CSR: VM Strong Roots               67 us, workers (us):  41,  26,   0, ---, ---, ---, 
[2026-04-03T02:25:03.455+0600][65.958s][info][gc,stats    ]   CSR: CLDG Roots                   792 us, workers (us): ---, 792, ---, ---, ---, ---, 
[2026-04-03T02:25:03.455+0600][65.958s][info][gc,stats    ] Concurrent Evacuation              3260 us
[2026-04-03T02:25:03.455+0600][65.958s][info][gc,stats    ] Pause Init Update Refs (G)          525 us
[2026-04-03T02:25:03.455+0600][65.958s][info][gc,stats    ] Pause Init Update Refs (N)          190 us
[2026-04-03T02:25:03.455+0600][65.958s][info][gc,stats    ]   Manage GCLABs                      40 us
[2026-04-03T02:25:03.455+0600][65.958s][info][gc,stats    ] Concurrent Update Refs            49426 us
[2026-04-03T02:25:03.455+0600][65.958s][info][gc,stats    ] Concurrent Update Thread Roots     1457 us
[2026-04-03T02:25:03.455+0600][65.958s][info][gc,stats    ] Pause Final Update Refs (G)         565 us
[2026-04-03T02:25:03.455+0600][65.958s][info][gc,stats    ] Pause Final Update Refs (N)         250 us
[2026-04-03T02:25:03.455+0600][65.958s][info][gc,stats    ]   Update Region States               74 us
[2026-04-03T02:25:03.455+0600][65.958s][info][gc,stats    ]   Trash Collection Set               22 us
[2026-04-03T02:25:03.455+0600][65.958s][info][gc,stats    ]   Rebuild Free Set                   60 us
[2026-04-03T02:25:03.455+0600][65.958s][info][gc,stats    ] Concurrent Cleanup                  813 us
[2026-04-03T02:25:03.455+0600][65.958s][info][gc,stats    ] Pacing                            42080 us
[2026-04-03T02:25:03.455+0600][65.958s][info][gc,stats    ] 
[2026-04-03T02:25:03.455+0600][65.958s][info][gc,stats    ] Allocation pacing accrued:
[2026-04-03T02:25:03.455+0600][65.958s][info][gc,stats    ]      31 of   735 ms (  4.2%): dag-scheduler-event-loop
[2026-04-03T02:25:03.455+0600][65.958s][info][gc,stats    ]      11 of   735 ms (  1.5%): Spark Context Cleaner
[2026-04-03T02:25:03.455+0600][65.958s][info][gc,stats    ]      42 of   735 ms (  5.7%): <total>
[2026-04-03T02:25:03.455+0600][65.958s][info][gc,stats    ]       0 of   735 ms (  0.0%): <average total>
[2026-04-03T02:25:03.455+0600][65.958s][info][gc,stats    ]      21 of   735 ms (  2.9%): <average non-zero>
[2026-04-03T02:25:03.455+0600][65.958s][info][gc,stats    ] 
[2026-04-03T02:25:03.455+0600][65.959s][info][gc,metaspace] Metaspace: 131438K(132736K)->131438K(132736K) NonClass: 114951K(115584K)->114951K(115584K) Class: 16487K(17152K)->16487K(17152K)
[2026-04-03T02:25:03.455+0600][65.959s][info][gc,ergo     ] Pacer for Idle. Initial: 20480K, Alloc Tax Rate: 1.0x
[2026-04-03T02:25:03.974+0600][66.477s][info][gc          ] Trigger: Average GC time (155.60 ms) is above the time for average allocation rate (940 MB/s) to deplete free headroom (145M) (margin of error = 1.83)
[2026-04-03T02:25:03.974+0600][66.478s][info][gc,ergo     ] Free headroom: 195M (free) - 51200K (spike) - 0B (penalties) = 145M
[2026-04-03T02:25:03.974+0600][66.478s][info][gc,ergo     ] Free: 195M, Max: 256K regular, 125M humongous, Frag: 36% external, 1% internal; Reserve: 51200K, Max: 256K
[2026-04-03T02:25:03.974+0600][66.478s][info][gc,start    ] GC(79) Concurrent reset
[2026-04-03T02:25:03.974+0600][66.478s][info][gc,task     ] GC(79) Using 3 of 6 workers for concurrent reset
[2026-04-03T02:25:03.974+0600][66.478s][info][gc,ergo     ] GC(79) Pacer for Reset. Non-Taxable: 1000M
[2026-04-03T02:25:03.976+0600][66.479s][info][gc          ] GC(79) Concurrent reset 1.323ms
[2026-04-03T02:25:03.976+0600][66.479s][info][gc,start    ] GC(79) Pause Init Mark (unload classes)
[2026-04-03T02:25:03.976+0600][66.479s][info][gc,task     ] GC(79) Using 6 of 6 workers for init marking
[2026-04-03T02:25:03.976+0600][66.479s][info][gc,ergo     ] GC(79) Pacer for Mark. Expected Live: 93221K, Free: 193M, Non-Taxable: 19788K, Alloc Tax Rate: 0.6x
[2026-04-03T02:25:03.976+0600][66.479s][info][gc          ] GC(79) Pause Init Mark (unload classes) 0.152ms
[2026-04-03T02:25:03.976+0600][66.479s][info][gc,start    ] GC(79) Concurrent marking roots
[2026-04-03T02:25:03.976+0600][66.479s][info][gc,task     ] GC(79) Using 3 of 6 workers for concurrent marking roots
[2026-04-03T02:25:03.978+0600][66.481s][info][gc          ] GC(79) Concurrent marking roots 1.492ms
[2026-04-03T02:25:03.978+0600][66.481s][info][gc,start    ] GC(79) Concurrent marking (unload classes)
[2026-04-03T02:25:03.978+0600][66.481s][info][gc,task     ] GC(79) Using 3 of 6 workers for concurrent marking
[2026-04-03T02:25:04.032+0600][66.535s][info][gc          ] GC(79) Concurrent marking (unload classes) 53.995ms
[2026-04-03T02:25:04.032+0600][66.535s][info][gc,start    ] GC(79) Pause Final Mark (unload classes)
[2026-04-03T02:25:04.032+0600][66.535s][info][gc,task     ] GC(79) Using 6 of 6 workers for final marking
[2026-04-03T02:25:04.033+0600][66.536s][info][gc,ergo     ] GC(79) Adaptive CSet Selection. Target Free: 141M, Actual Free: 690M, Max CSet: 42666K, Min Garbage: 0B
[2026-04-03T02:25:04.033+0600][66.536s][info][gc,ergo     ] GC(79) Collectable Garbage: 616M (98%), Immediate: 480M (76%), CSet: 136M (21%)
[2026-04-03T02:25:04.033+0600][66.536s][info][gc,ergo     ] GC(79) Pacer for Evacuation. Used CSet: 142M, Free: 678M, Non-Taxable: 69434K, Alloc Tax Rate: 1.1x
[2026-04-03T02:25:04.033+0600][66.536s][info][gc          ] GC(79) Pause Final Mark (unload classes) 0.954ms
[2026-04-03T02:25:04.033+0600][66.536s][info][gc,start    ] GC(79) Concurrent thread roots
[2026-04-03T02:25:04.033+0600][66.536s][info][gc,task     ] GC(79) Using 3 of 6 workers for Concurrent thread roots
[2026-04-03T02:25:04.036+0600][66.539s][info][gc          ] GC(79) Concurrent thread roots 2.697ms
[2026-04-03T02:25:04.036+0600][66.539s][info][gc,start    ] GC(79) Concurrent weak references
[2026-04-03T02:25:04.036+0600][66.539s][info][gc,task     ] GC(79) Using 3 of 6 workers for concurrent weak references
[2026-04-03T02:25:04.037+0600][66.540s][info][gc,ref      ] GC(79) Encountered references: Soft: 3790, Weak: 16555, Final: 84, Phantom: 623
[2026-04-03T02:25:04.037+0600][66.540s][info][gc,ref      ] GC(79) Discovered  references: Soft: 0, Weak: 10056, Final: 52, Phantom: 619
[2026-04-03T02:25:04.037+0600][66.540s][info][gc,ref      ] GC(79) Enqueued    references: Soft: 0, Weak: 1730, Final: 0, Phantom: 0
[2026-04-03T02:25:04.037+0600][66.540s][info][gc          ] GC(79) Concurrent weak references 1.083ms
[2026-04-03T02:25:04.037+0600][66.540s][info][gc,start    ] GC(79) Concurrent weak roots
[2026-04-03T02:25:04.037+0600][66.540s][info][gc,task     ] GC(79) Using 3 of 6 workers for concurrent weak root
[2026-04-03T02:25:04.042+0600][66.546s][info][gc          ] GC(79) Concurrent weak roots 5.480ms
[2026-04-03T02:25:04.042+0600][66.546s][info][gc,start    ] GC(79) Concurrent cleanup
[2026-04-03T02:25:04.043+0600][66.547s][info][gc          ] GC(79) Concurrent cleanup 754M->274M(845M) 0.965ms
[2026-04-03T02:25:04.044+0600][66.547s][info][gc,ergo     ] GC(79) Free: 671M, Max: 256K regular, 125M humongous, Frag: 82% external, 0% internal; Reserve: 50629K, Max: 256K
[2026-04-03T02:25:04.044+0600][66.547s][info][gc,start    ] GC(79) Concurrent class unloading
[2026-04-03T02:25:04.044+0600][66.547s][info][gc,task     ] GC(79) Using 3 of 6 workers for concurrent class unloading
[2026-04-03T02:25:04.064+0600][66.567s][info][gc          ] GC(79) Concurrent class unloading 20.543ms
[2026-04-03T02:25:04.064+0600][66.567s][info][gc,start    ] GC(79) Concurrent strong roots
[2026-04-03T02:25:04.064+0600][66.568s][info][gc,task     ] GC(79) Using 3 of 6 workers for concurrent strong root
[2026-04-03T02:25:04.066+0600][66.569s][info][gc          ] GC(79) Concurrent strong roots 1.400ms
[2026-04-03T02:25:04.066+0600][66.569s][info][gc,start    ] GC(79) Concurrent evacuation
[2026-04-03T02:25:04.066+0600][66.569s][info][gc,task     ] GC(79) Using 3 of 6 workers for concurrent evacuation
[2026-04-03T02:25:04.070+0600][66.573s][info][gc          ] GC(79) Concurrent evacuation 3.887ms
[2026-04-03T02:25:04.070+0600][66.573s][info][gc,start    ] GC(79) Pause Init Update Refs
[2026-04-03T02:25:04.070+0600][66.573s][info][gc,ergo     ] GC(79) Pacer for Update Refs. Used: 303M, Free: 649M, Non-Taxable: 66464K, Alloc Tax Rate: 1.1x
[2026-04-03T02:25:04.070+0600][66.573s][info][gc          ] GC(79) Pause Init Update Refs 0.144ms
[2026-04-03T02:25:04.070+0600][66.574s][info][gc,start    ] GC(79) Concurrent update references
[2026-04-03T02:25:04.070+0600][66.574s][info][gc,task     ] GC(79) Using 3 of 6 workers for concurrent reference update
[2026-04-03T02:25:04.128+0600][66.631s][info][gc          ] GC(79) Concurrent update references 57.657ms
[2026-04-03T02:25:04.128+0600][66.631s][info][gc,start    ] GC(79) Concurrent update thread roots
[2026-04-03T02:25:04.130+0600][66.633s][info][gc          ] GC(79) Concurrent update thread roots 1.785ms
[2026-04-03T02:25:04.130+0600][66.633s][info][gc,start    ] GC(79) Pause Final Update Refs
[2026-04-03T02:25:04.130+0600][66.633s][info][gc,task     ] GC(79) Using 6 of 6 workers for final reference update
[2026-04-03T02:25:04.130+0600][66.634s][info][gc          ] GC(79) Pause Final Update Refs 0.280ms
[2026-04-03T02:25:04.131+0600][66.634s][info][gc,start    ] GC(79) Concurrent cleanup
[2026-04-03T02:25:04.132+0600][66.635s][info][gc          ] GC(79) Concurrent cleanup 368M->226M(845M) 0.969ms
[2026-04-03T02:25:04.132+0600][66.635s][info][gc,ergo     ] Free: 718M, Max: 256K regular, 258M humongous, Frag: 64% external, 0% internal; Reserve: 51200K, Max: 256K
[2026-04-03T02:25:04.132+0600][66.635s][info][gc,stats    ] 
[2026-04-03T02:25:04.132+0600][66.635s][info][gc,stats    ] All times are wall-clock times, except per-root-class counters, that are sum over
[2026-04-03T02:25:04.132+0600][66.635s][info][gc,stats    ] all workers. Dividing the <total> over the root stage time estimates parallelism.
[2026-04-03T02:25:04.132+0600][66.635s][info][gc,stats    ] 
[2026-04-03T02:25:04.132+0600][66.635s][info][gc,stats    ] Concurrent Reset                   1410 us
[2026-04-03T02:25:04.132+0600][66.635s][info][gc,stats    ] Pause Init Mark (G)                 409 us
[2026-04-03T02:25:04.132+0600][66.635s][info][gc,stats    ] Pause Init Mark (N)                 162 us
[2026-04-03T02:25:04.132+0600][66.635s][info][gc,stats    ]   Update Region States               41 us
[2026-04-03T02:25:04.132+0600][66.635s][info][gc,stats    ] Concurrent Mark Roots              1545 us, parallelism: 2.11x
[2026-04-03T02:25:04.132+0600][66.635s][info][gc,stats    ]   CMR: <total>                     3262 us
[2026-04-03T02:25:04.132+0600][66.635s][info][gc,stats    ]   CMR: Thread Roots                2722 us, workers (us): 1064, 1060, 598, ---, ---, ---, 
[2026-04-03T02:25:04.132+0600][66.635s][info][gc,stats    ]   CMR: VM Strong Roots               64 us, workers (us):  28,  20,  16, ---, ---, ---, 
[2026-04-03T02:25:04.132+0600][66.635s][info][gc,stats    ]   CMR: CLDG Roots                   476 us, workers (us): ---, ---, 476, ---, ---, ---, 
[2026-04-03T02:25:04.132+0600][66.635s][info][gc,stats    ] Concurrent Marking                54075 us
[2026-04-03T02:25:04.132+0600][66.635s][info][gc,stats    ] Pause Final Mark (G)               1237 us
[2026-04-03T02:25:04.132+0600][66.635s][info][gc,stats    ] Pause Final Mark (N)                967 us
[2026-04-03T02:25:04.132+0600][66.635s][info][gc,stats    ]   Finish Mark                       364 us
[2026-04-03T02:25:04.132+0600][66.635s][info][gc,stats    ]   Update Region States               59 us
[2026-04-03T02:25:04.132+0600][66.635s][info][gc,stats    ]   Choose Collection Set             362 us
[2026-04-03T02:25:04.132+0600][66.635s][info][gc,stats    ]   Rebuild Free Set                   59 us
[2026-04-03T02:25:04.132+0600][66.635s][info][gc,stats    ] Concurrent Thread Roots            2771 us, parallelism: 1.70x
[2026-04-03T02:25:04.132+0600][66.635s][info][gc,stats    ]   CTR: <total>                     4720 us
[2026-04-03T02:25:04.132+0600][66.635s][info][gc,stats    ]   CTR: Thread Roots                4720 us, workers (us): 1195, 2438, 1088, ---, ---, ---, 
[2026-04-03T02:25:04.132+0600][66.635s][info][gc,stats    ] Concurrent Weak References         1092 us, parallelism: 1.50x
[2026-04-03T02:25:04.132+0600][66.635s][info][gc,stats    ]   CWRF: <total>                    1639 us
[2026-04-03T02:25:04.132+0600][66.635s][info][gc,stats    ]   CWRF: Weak References            1639 us, workers (us): 906, 732,   1, ---, ---, ---, 
[2026-04-03T02:25:04.132+0600][66.635s][info][gc,stats    ] Concurrent Weak Roots              5570 us
[2026-04-03T02:25:04.132+0600][66.635s][info][gc,stats    ]   Roots                            5141 us, parallelism: 2.65x
[2026-04-03T02:25:04.132+0600][66.635s][info][gc,stats    ]     CWR: <total>                  13633 us
[2026-04-03T02:25:04.132+0600][66.635s][info][gc,stats    ]     CWR: Code Cache Roots         10803 us, workers (us): 3724, 3662, 3417, ---, ---, ---, 
[2026-04-03T02:25:04.132+0600][66.636s][info][gc,stats    ]     CWR: VM Weak Roots             2609 us, workers (us): 979, 950, 680, ---, ---, ---, 
[2026-04-03T02:25:04.132+0600][66.636s][info][gc,stats    ]     CWR: CLDG Roots                 221 us, workers (us): ---, ---, 221, ---, ---, ---, 
[2026-04-03T02:25:04.132+0600][66.636s][info][gc,stats    ]   Rendezvous                        320 us
[2026-04-03T02:25:04.132+0600][66.636s][info][gc,stats    ] Concurrent Cleanup                 1003 us
[2026-04-03T02:25:04.132+0600][66.636s][info][gc,stats    ] Concurrent Class Unloading        20658 us
[2026-04-03T02:25:04.132+0600][66.636s][info][gc,stats    ]   Unlink Stale                    18668 us
[2026-04-03T02:25:04.132+0600][66.636s][info][gc,stats    ]     System Dictionary               266 us
[2026-04-03T02:25:04.132+0600][66.636s][info][gc,stats    ]     Weak Class Links                  1 us
[2026-04-03T02:25:04.132+0600][66.636s][info][gc,stats    ]     Code Roots                    18397 us
[2026-04-03T02:25:04.132+0600][66.636s][info][gc,stats    ]   Rendezvous                        284 us
[2026-04-03T02:25:04.132+0600][66.636s][info][gc,stats    ]   Purge Unlinked                   1552 us
[2026-04-03T02:25:04.132+0600][66.636s][info][gc,stats    ]     Code Roots                     1525 us
[2026-04-03T02:25:04.132+0600][66.636s][info][gc,stats    ]     CLDG                             25 us
[2026-04-03T02:25:04.132+0600][66.636s][info][gc,stats    ]     Exception Caches                  0 us
[2026-04-03T02:25:04.132+0600][66.636s][info][gc,stats    ] Concurrent Strong Roots            1511 us, parallelism: 0.65x
[2026-04-03T02:25:04.132+0600][66.636s][info][gc,stats    ]   CSR: <total>                      989 us
[2026-04-03T02:25:04.132+0600][66.636s][info][gc,stats    ]   CSR: VM Strong Roots               67 us, workers (us):  50,  16,   0, ---, ---, ---, 
[2026-04-03T02:25:04.132+0600][66.636s][info][gc,stats    ]   CSR: CLDG Roots                   922 us, workers (us): ---, 922, ---, ---, ---, ---, 
[2026-04-03T02:25:04.132+0600][66.636s][info][gc,stats    ] Concurrent Evacuation              4019 us
[2026-04-03T02:25:04.132+0600][66.636s][info][gc,stats    ] Pause Init Update Refs (G)          507 us
[2026-04-03T02:25:04.132+0600][66.636s][info][gc,stats    ] Pause Init Update Refs (N)          162 us
[2026-04-03T02:25:04.132+0600][66.636s][info][gc,stats    ]   Manage GCLABs                      44 us
[2026-04-03T02:25:04.133+0600][66.636s][info][gc,stats    ] Concurrent Update Refs            57721 us
[2026-04-03T02:25:04.133+0600][66.636s][info][gc,stats    ] Concurrent Update Thread Roots     1872 us
[2026-04-03T02:25:04.133+0600][66.636s][info][gc,stats    ] Pause Final Update Refs (G)         757 us
[2026-04-03T02:25:04.133+0600][66.636s][info][gc,stats    ] Pause Final Update Refs (N)         302 us
[2026-04-03T02:25:04.133+0600][66.636s][info][gc,stats    ]   Update Region States               90 us
[2026-04-03T02:25:04.133+0600][66.636s][info][gc,stats    ]   Trash Collection Set               31 us
[2026-04-03T02:25:04.133+0600][66.636s][info][gc,stats    ]   Rebuild Free Set                   61 us
[2026-04-03T02:25:04.133+0600][66.636s][info][gc,stats    ] Concurrent Cleanup                 1007 us
[2026-04-03T02:25:04.133+0600][66.636s][info][gc,stats    ] Pacing                           143345 us
[2026-04-03T02:25:04.133+0600][66.636s][info][gc,stats    ] 
[2026-04-03T02:25:04.133+0600][66.636s][info][gc,stats    ] Allocation pacing accrued:
[2026-04-03T02:25:04.133+0600][66.636s][info][gc,stats    ]      19 of   677 ms (  2.7%): Executor task launch worker for task 2.0 in stage 2569.0 (TID 4813)
[2026-04-03T02:25:04.133+0600][66.636s][info][gc,stats    ]      18 of   677 ms (  2.6%): Executor task launch worker for task 3.0 in stage 2569.0 (TID 4814)
[2026-04-03T02:25:04.133+0600][66.636s][info][gc,stats    ]      19 of   677 ms (  2.8%): Executor task launch worker for task 6.0 in stage 2569.0 (TID 4817)
[2026-04-03T02:25:04.133+0600][66.636s][info][gc,stats    ]      19 of   677 ms (  2.8%): Executor task launch worker for task 4.0 in stage 2569.0 (TID 4815)
[2026-04-03T02:25:04.133+0600][66.636s][info][gc,stats    ]      16 of   677 ms (  2.4%): Executor task launch worker for task 5.0 in stage 2569.0 (TID 4816)
[2026-04-03T02:25:04.133+0600][66.636s][info][gc,stats    ]      17 of   677 ms (  2.5%): Executor task launch worker for task 7.0 in stage 2569.0 (TID 4818)
[2026-04-03T02:25:04.133+0600][66.636s][info][gc,stats    ]      18 of   677 ms (  2.6%): Executor task launch worker for task 1.0 in stage 2569.0 (TID 4812)
[2026-04-03T02:25:04.133+0600][66.636s][info][gc,stats    ]      18 of   677 ms (  2.6%): Executor task launch worker for task 0.0 in stage 2569.0 (TID 4811)
[2026-04-03T02:25:04.133+0600][66.636s][info][gc,stats    ]     143 of   677 ms ( 21.2%): <total>
[2026-04-03T02:25:04.133+0600][66.636s][info][gc,stats    ]       1 of   677 ms (  0.1%): <average total>
[2026-04-03T02:25:04.133+0600][66.636s][info][gc,stats    ]      18 of   677 ms (  2.6%): <average non-zero>
[2026-04-03T02:25:04.133+0600][66.636s][info][gc,stats    ] 
[2026-04-03T02:25:04.133+0600][66.636s][info][gc,metaspace] Metaspace: 131439K(132736K)->131439K(132736K) NonClass: 114951K(115584K)->114951K(115584K) Class: 16487K(17152K)->16487K(17152K)
[2026-04-03T02:25:04.133+0600][66.636s][info][gc,ergo     ] Pacer for Idle. Initial: 20480K, Alloc Tax Rate: 1.0x
[2026-04-03T02:25:04.335+0600][66.838s][info][gc          ] Trigger: Average GC time (166.11 ms) is above the time for average allocation rate (2345 MB/s) to deplete free headroom (183M) (margin of error = 1.83)
[2026-04-03T02:25:04.335+0600][66.838s][info][gc,ergo     ] Free headroom: 233M (free) - 51200K (spike) - 0B (penalties) = 183M
[2026-04-03T02:25:04.335+0600][66.839s][info][gc,ergo     ] Free: 233M, Max: 256K regular, 123M humongous, Frag: 47% external, 1% internal; Reserve: 51200K, Max: 256K
[2026-04-03T02:25:04.335+0600][66.839s][info][gc,start    ] GC(80) Concurrent reset
[2026-04-03T02:25:04.335+0600][66.839s][info][gc,task     ] GC(80) Using 3 of 6 workers for concurrent reset
[2026-04-03T02:25:04.335+0600][66.839s][info][gc,ergo     ] GC(80) Pacer for Reset. Non-Taxable: 1000M
[2026-04-03T02:25:04.336+0600][66.840s][info][gc          ] GC(80) Concurrent reset 1.223ms
[2026-04-03T02:25:04.337+0600][66.840s][info][gc,start    ] GC(80) Pause Init Mark (unload classes)
[2026-04-03T02:25:04.337+0600][66.840s][info][gc,task     ] GC(80) Using 6 of 6 workers for init marking
[2026-04-03T02:25:04.337+0600][66.840s][info][gc,ergo     ] GC(80) Pacer for Mark. Expected Live: 93904K, Free: 231M, Non-Taxable: 23741K, Alloc Tax Rate: 0.5x
[2026-04-03T02:25:04.337+0600][66.840s][info][gc          ] GC(80) Pause Init Mark (unload classes) 0.157ms
[2026-04-03T02:25:04.337+0600][66.840s][info][gc,start    ] GC(80) Concurrent marking roots
[2026-04-03T02:25:04.337+0600][66.840s][info][gc,task     ] GC(80) Using 3 of 6 workers for concurrent marking roots
[2026-04-03T02:25:04.338+0600][66.842s][info][gc          ] GC(80) Concurrent marking roots 1.332ms
[2026-04-03T02:25:04.338+0600][66.842s][info][gc,start    ] GC(80) Concurrent marking (unload classes)
[2026-04-03T02:25:04.338+0600][66.842s][info][gc,task     ] GC(80) Using 3 of 6 workers for concurrent marking
[2026-04-03T02:25:04.395+0600][66.898s][info][gc          ] GC(80) Concurrent marking (unload classes) 56.109ms
[2026-04-03T02:25:04.395+0600][66.898s][info][gc,start    ] GC(80) Pause Final Mark (unload classes)
[2026-04-03T02:25:04.395+0600][66.898s][info][gc,task     ] GC(80) Using 6 of 6 workers for final marking
[2026-04-03T02:25:04.395+0600][66.899s][info][gc,ergo     ] GC(80) Collectable Garbage: 545M (91%), Immediate: 545M (91%), CSet: 0B (0%)
[2026-04-03T02:25:04.395+0600][66.899s][info][gc          ] GC(80) Pause Final Mark (unload classes) 0.654ms
[2026-04-03T02:25:04.396+0600][66.899s][info][gc,start    ] GC(80) Concurrent weak references
[2026-04-03T02:25:04.396+0600][66.899s][info][gc,task     ] GC(80) Using 3 of 6 workers for concurrent weak references
[2026-04-03T02:25:04.396+0600][66.900s][info][gc,ref      ] GC(80) Encountered references: Soft: 3785, Weak: 15279, Final: 84, Phantom: 620
[2026-04-03T02:25:04.396+0600][66.900s][info][gc,ref      ] GC(80) Discovered  references: Soft: 0, Weak: 8731, Final: 48, Phantom: 327
[2026-04-03T02:25:04.396+0600][66.900s][info][gc,ref      ] GC(80) Enqueued    references: Soft: 0, Weak: 579, Final: 0, Phantom: 0
[2026-04-03T02:25:04.396+0600][66.900s][info][gc          ] GC(80) Concurrent weak references 0.914ms
[2026-04-03T02:25:04.396+0600][66.900s][info][gc,start    ] GC(80) Concurrent weak roots
[2026-04-03T02:25:04.396+0600][66.900s][info][gc,task     ] GC(80) Using 3 of 6 workers for concurrent weak root
[2026-04-03T02:25:04.401+0600][66.904s][info][gc          ] GC(80) Concurrent weak roots 4.238ms
[2026-04-03T02:25:04.401+0600][66.904s][info][gc,start    ] GC(80) Concurrent cleanup
[2026-04-03T02:25:04.402+0600][66.905s][info][gc          ] GC(80) Concurrent cleanup 727M->181M(845M) 0.985ms
[2026-04-03T02:25:04.402+0600][66.905s][info][gc,ergo     ] GC(80) Free: 764M, Max: 256K regular, 123M humongous, Frag: 84% external, 0% internal; Reserve: 51200K, Max: 256K
[2026-04-03T02:25:04.402+0600][66.905s][info][gc,start    ] GC(80) Concurrent class unloading
[2026-04-03T02:25:04.402+0600][66.905s][info][gc,task     ] GC(80) Using 3 of 6 workers for concurrent class unloading
[2026-04-03T02:25:04.418+0600][66.921s][info][gc          ] GC(80) Concurrent class unloading 15.900ms
[2026-04-03T02:25:04.418+0600][66.921s][info][gc,start    ] GC(80) Pause Final Roots
[2026-04-03T02:25:04.418+0600][66.921s][info][gc          ] GC(80) Pause Final Roots 0.063ms
[2026-04-03T02:25:04.418+0600][66.922s][info][gc,ergo     ] Free: 757M, Max: 256K regular, 123M humongous, Frag: 84% external, 0% internal; Reserve: 51200K, Max: 256K
[2026-04-03T02:25:04.418+0600][66.922s][info][gc,stats    ] 
[2026-04-03T02:25:04.418+0600][66.922s][info][gc,stats    ] All times are wall-clock times, except per-root-class counters, that are sum over
[2026-04-03T02:25:04.418+0600][66.922s][info][gc,stats    ] all workers. Dividing the <total> over the root stage time estimates parallelism.
[2026-04-03T02:25:04.418+0600][66.922s][info][gc,stats    ] 
[2026-04-03T02:25:04.418+0600][66.922s][info][gc,stats    ] Concurrent Reset                   1287 us
[2026-04-03T02:25:04.419+0600][66.922s][info][gc,stats    ] Pause Init Mark (G)                 461 us
[2026-04-03T02:25:04.419+0600][66.922s][info][gc,stats    ] Pause Init Mark (N)                 169 us
[2026-04-03T02:25:04.419+0600][66.922s][info][gc,stats    ]   Update Region States               44 us
[2026-04-03T02:25:04.419+0600][66.922s][info][gc,stats    ] Concurrent Mark Roots              1387 us, parallelism: 1.67x
[2026-04-03T02:25:04.419+0600][66.922s][info][gc,stats    ]   CMR: <total>                     2319 us
[2026-04-03T02:25:04.419+0600][66.922s][info][gc,stats    ]   CMR: Thread Roots                2037 us, workers (us): 782, 521, 733, ---, ---, ---, 
[2026-04-03T02:25:04.419+0600][66.922s][info][gc,stats    ]   CMR: VM Strong Roots               41 us, workers (us):  39,   1,   1, ---, ---, ---, 
[2026-04-03T02:25:04.419+0600][66.922s][info][gc,stats    ]   CMR: CLDG Roots                   241 us, workers (us): ---, 241, ---, ---, ---, ---, 
[2026-04-03T02:25:04.419+0600][66.922s][info][gc,stats    ] Concurrent Marking                56195 us
[2026-04-03T02:25:04.419+0600][66.922s][info][gc,stats    ] Pause Final Mark (G)                935 us
[2026-04-03T02:25:04.419+0600][66.922s][info][gc,stats    ] Pause Final Mark (N)                673 us
[2026-04-03T02:25:04.419+0600][66.922s][info][gc,stats    ]   Finish Mark                       310 us
[2026-04-03T02:25:04.419+0600][66.922s][info][gc,stats    ]   Update Region States               72 us
[2026-04-03T02:25:04.419+0600][66.922s][info][gc,stats    ]   Choose Collection Set             107 us
[2026-04-03T02:25:04.419+0600][66.922s][info][gc,stats    ]   Rebuild Free Set                   40 us
[2026-04-03T02:25:04.419+0600][66.922s][info][gc,stats    ] Concurrent Weak References          928 us, parallelism: 1.11x
[2026-04-03T02:25:04.419+0600][66.922s][info][gc,stats    ]   CWRF: <total>                    1035 us
[2026-04-03T02:25:04.419+0600][66.922s][info][gc,stats    ]   CWRF: Weak References            1035 us, workers (us): 436, 598,   1, ---, ---, ---, 
[2026-04-03T02:25:04.419+0600][66.922s][info][gc,stats    ] Concurrent Weak Roots              4344 us
[2026-04-03T02:25:04.419+0600][66.922s][info][gc,stats    ]   Roots                            3844 us, parallelism: 2.58x
[2026-04-03T02:25:04.419+0600][66.922s][info][gc,stats    ]     CWR: <total>                   9926 us
[2026-04-03T02:25:04.419+0600][66.922s][info][gc,stats    ]     CWR: Code Cache Roots          8307 us, workers (us): 2754, 2780, 2774, ---, ---, ---, 
[2026-04-03T02:25:04.419+0600][66.922s][info][gc,stats    ]     CWR: VM Weak Roots             1486 us, workers (us): 509, 489, 487, ---, ---, ---, 
[2026-04-03T02:25:04.419+0600][66.922s][info][gc,stats    ]     CWR: CLDG Roots                 134 us, workers (us): ---, 134, ---, ---, ---, ---, 
[2026-04-03T02:25:04.419+0600][66.922s][info][gc,stats    ]   Rendezvous                        360 us
[2026-04-03T02:25:04.419+0600][66.922s][info][gc,stats    ] Concurrent Cleanup                 1029 us
[2026-04-03T02:25:04.419+0600][66.922s][info][gc,stats    ] Concurrent Class Unloading        15988 us
[2026-04-03T02:25:04.419+0600][66.922s][info][gc,stats    ]   Unlink Stale                    14911 us
[2026-04-03T02:25:04.419+0600][66.922s][info][gc,stats    ]     System Dictionary               263 us
[2026-04-03T02:25:04.419+0600][66.922s][info][gc,stats    ]     Weak Class Links                  1 us
[2026-04-03T02:25:04.419+0600][66.922s][info][gc,stats    ]     Code Roots                    14645 us
[2026-04-03T02:25:04.419+0600][66.922s][info][gc,stats    ]   Rendezvous                        320 us
[2026-04-03T02:25:04.419+0600][66.922s][info][gc,stats    ]   Purge Unlinked                    613 us
[2026-04-03T02:25:04.419+0600][66.922s][info][gc,stats    ]     Code Roots                      599 us
[2026-04-03T02:25:04.419+0600][66.922s][info][gc,stats    ]     CLDG                             13 us
[2026-04-03T02:25:04.419+0600][66.922s][info][gc,stats    ]     Exception Caches                  0 us
[2026-04-03T02:25:04.419+0600][66.922s][info][gc,stats    ] Pause Final Roots (G)               249 us
[2026-04-03T02:25:04.419+0600][66.922s][info][gc,stats    ] Pause Final Roots (N)                91 us
[2026-04-03T02:25:04.419+0600][66.922s][info][gc,stats    ] Pacing                            92389 us
[2026-04-03T02:25:04.419+0600][66.922s][info][gc,stats    ] 
[2026-04-03T02:25:04.419+0600][66.922s][info][gc,stats    ] Allocation pacing accrued:
[2026-04-03T02:25:04.419+0600][66.922s][info][gc,stats    ]      19 of   286 ms (  6.5%): dispatcher-event-loop-5
[2026-04-03T02:25:04.419+0600][66.922s][info][gc,stats    ]      18 of   286 ms (  6.4%): Executor task launch worker for task 1.0 in stage 2581.0 (TID 4838)
[2026-04-03T02:25:04.419+0600][66.922s][info][gc,stats    ]      18 of   286 ms (  6.4%): Executor task launch worker for task 4.0 in stage 2581.0 (TID 4841)
[2026-04-03T02:25:04.419+0600][66.922s][info][gc,stats    ]      11 of   286 ms (  3.9%): Executor task launch worker for task 7.0 in stage 2581.0 (TID 4844)
[2026-04-03T02:25:04.419+0600][66.922s][info][gc,stats    ]       7 of   286 ms (  2.6%): task-result-getter-2
[2026-04-03T02:25:04.419+0600][66.922s][info][gc,stats    ]      19 of   286 ms (  6.5%): task-result-getter-3
[2026-04-03T02:25:04.419+0600][66.922s][info][gc,stats    ]      92 of   286 ms ( 32.3%): <total>
[2026-04-03T02:25:04.419+0600][66.922s][info][gc,stats    ]       0 of   286 ms (  0.1%): <average total>
[2026-04-03T02:25:04.419+0600][66.922s][info][gc,stats    ]      15 of   286 ms (  5.4%): <average non-zero>
[2026-04-03T02:25:04.419+0600][66.922s][info][gc,stats    ] 
[2026-04-03T02:25:04.419+0600][66.922s][info][gc,metaspace] Metaspace: 131439K(132736K)->131441K(132736K) NonClass: 114951K(115584K)->114954K(115584K) Class: 16487K(17152K)->16487K(17152K)
[2026-04-03T02:25:04.419+0600][66.922s][info][gc,ergo     ] Pacer for Idle. Initial: 20480K, Alloc Tax Rate: 1.0x
[2026-04-03T02:25:04.536+0600][67.040s][info][gc          ] Trigger: Average GC time (178.88 ms) is above the time for average allocation rate (2808 MB/s) to deplete free headroom (287M) (margin of error = 1.83)
[2026-04-03T02:25:04.537+0600][67.040s][info][gc,ergo     ] Free headroom: 337M (free) - 51200K (spike) - 0B (penalties) = 287M
[2026-04-03T02:25:04.537+0600][67.040s][info][gc,ergo     ] Free: 336M, Max: 256K regular, 123M humongous, Frag: 64% external, 0% internal; Reserve: 51200K, Max: 256K
[2026-04-03T02:25:04.537+0600][67.040s][info][gc,start    ] GC(81) Concurrent reset
[2026-04-03T02:25:04.537+0600][67.040s][info][gc,task     ] GC(81) Using 3 of 6 workers for concurrent reset
[2026-04-03T02:25:04.537+0600][67.040s][info][gc,ergo     ] GC(81) Pacer for Reset. Non-Taxable: 1000M
[2026-04-03T02:25:04.538+0600][67.041s][info][gc          ] GC(81) Concurrent reset 1.038ms
[2026-04-03T02:25:04.538+0600][67.041s][info][gc,start    ] GC(81) Pause Init Mark (unload classes)
[2026-04-03T02:25:04.538+0600][67.041s][info][gc,task     ] GC(81) Using 6 of 6 workers for init marking
[2026-04-03T02:25:04.538+0600][67.041s][info][gc,ergo     ] GC(81) Pacer for Mark. Expected Live: 93257K, Free: 336M, Non-Taxable: 34467K, Alloc Tax Rate: 0.3x
[2026-04-03T02:25:04.538+0600][67.041s][info][gc          ] GC(81) Pause Init Mark (unload classes) 0.146ms
[2026-04-03T02:25:04.538+0600][67.042s][info][gc,start    ] GC(81) Concurrent marking roots
[2026-04-03T02:25:04.538+0600][67.042s][info][gc,task     ] GC(81) Using 3 of 6 workers for concurrent marking roots
[2026-04-03T02:25:04.540+0600][67.043s][info][gc          ] GC(81) Concurrent marking roots 1.453ms
[2026-04-03T02:25:04.540+0600][67.043s][info][gc,start    ] GC(81) Concurrent marking (unload classes)
[2026-04-03T02:25:04.540+0600][67.043s][info][gc,task     ] GC(81) Using 3 of 6 workers for concurrent marking
[2026-04-03T02:25:04.591+0600][67.094s][info][gc          ] GC(81) Concurrent marking (unload classes) 51.430ms
[2026-04-03T02:25:04.591+0600][67.095s][info][gc,start    ] GC(81) Pause Final Mark (unload classes)
[2026-04-03T02:25:04.591+0600][67.095s][info][gc,task     ] GC(81) Using 6 of 6 workers for final marking
[2026-04-03T02:25:04.592+0600][67.095s][info][gc,ergo     ] GC(81) Adaptive CSet Selection. Target Free: 141M, Actual Free: 760M, Max CSet: 42666K, Min Garbage: 0B
[2026-04-03T02:25:04.592+0600][67.095s][info][gc,ergo     ] GC(81) Collectable Garbage: 484M (98%), Immediate: 404M (82%), CSet: 82107K (16%)
[2026-04-03T02:25:04.592+0600][67.095s][info][gc,ergo     ] GC(81) Pacer for Evacuation. Used CSet: 87531K, Free: 740M, Non-Taxable: 75834K, Alloc Tax Rate: 1.1x
[2026-04-03T02:25:04.592+0600][67.095s][info][gc          ] GC(81) Pause Final Mark (unload classes) 0.816ms
[2026-04-03T02:25:04.592+0600][67.096s][info][gc,start    ] GC(81) Concurrent thread roots
[2026-04-03T02:25:04.592+0600][67.096s][info][gc,task     ] GC(81) Using 3 of 6 workers for Concurrent thread roots
[2026-04-03T02:25:04.596+0600][67.099s][info][gc          ] GC(81) Concurrent thread roots 3.497ms
[2026-04-03T02:25:04.596+0600][67.099s][info][gc,start    ] GC(81) Concurrent weak references
[2026-04-03T02:25:04.596+0600][67.099s][info][gc,task     ] GC(81) Using 3 of 6 workers for concurrent weak references
[2026-04-03T02:25:04.597+0600][67.100s][info][gc,ref      ] GC(81) Encountered references: Soft: 3792, Weak: 15094, Final: 84, Phantom: 620
[2026-04-03T02:25:04.597+0600][67.100s][info][gc,ref      ] GC(81) Discovered  references: Soft: 0, Weak: 8411, Final: 52, Phantom: 297
[2026-04-03T02:25:04.597+0600][67.100s][info][gc,ref      ] GC(81) Enqueued    references: Soft: 0, Weak: 378, Final: 0, Phantom: 0
[2026-04-03T02:25:04.597+0600][67.100s][info][gc          ] GC(81) Concurrent weak references 1.203ms
[2026-04-03T02:25:04.597+0600][67.101s][info][gc,start    ] GC(81) Concurrent weak roots
[2026-04-03T02:25:04.597+0600][67.101s][info][gc,task     ] GC(81) Using 3 of 6 workers for concurrent weak root
[2026-04-03T02:25:04.604+0600][67.107s][info][gc          ] GC(81) Concurrent weak roots 6.872ms
[2026-04-03T02:25:04.604+0600][67.108s][info][gc,start    ] GC(81) Concurrent cleanup
[2026-04-03T02:25:04.605+0600][67.109s][info][gc          ] GC(81) Concurrent cleanup 611M->208M(845M) 1.200ms
[2026-04-03T02:25:04.606+0600][67.109s][info][gc,ergo     ] GC(81) Free: 736M, Max: 256K regular, 124M humongous, Frag: 84% external, 0% internal; Reserve: 50904K, Max: 256K
[2026-04-03T02:25:04.606+0600][67.109s][info][gc,start    ] GC(81) Concurrent class unloading
[2026-04-03T02:25:04.606+0600][67.109s][info][gc,task     ] GC(81) Using 3 of 6 workers for concurrent class unloading
[2026-04-03T02:25:04.628+0600][67.132s][info][gc          ] GC(81) Concurrent class unloading 22.844ms
[2026-04-03T02:25:04.628+0600][67.132s][info][gc,start    ] GC(81) Concurrent strong roots
[2026-04-03T02:25:04.629+0600][67.132s][info][gc,task     ] GC(81) Using 3 of 6 workers for concurrent strong root
[2026-04-03T02:25:04.630+0600][67.133s][info][gc          ] GC(81) Concurrent strong roots 1.138ms
[2026-04-03T02:25:04.630+0600][67.133s][info][gc,start    ] GC(81) Concurrent evacuation
[2026-04-03T02:25:04.630+0600][67.133s][info][gc,task     ] GC(81) Using 3 of 6 workers for concurrent evacuation
[2026-04-03T02:25:04.633+0600][67.136s][info][gc          ] GC(81) Concurrent evacuation 2.986ms
[2026-04-03T02:25:04.633+0600][67.136s][info][gc,start    ] GC(81) Pause Init Update Refs
[2026-04-03T02:25:04.633+0600][67.136s][info][gc,ergo     ] GC(81) Pacer for Update Refs. Used: 226M, Free: 722M, Non-Taxable: 73939K, Alloc Tax Rate: 1.1x
[2026-04-03T02:25:04.633+0600][67.136s][info][gc          ] GC(81) Pause Init Update Refs 0.185ms
[2026-04-03T02:25:04.633+0600][67.137s][info][gc,start    ] GC(81) Concurrent update references
[2026-04-03T02:25:04.633+0600][67.137s][info][gc,task     ] GC(81) Using 3 of 6 workers for concurrent reference update
[2026-04-03T02:25:04.672+0600][67.175s][info][gc          ] GC(81) Concurrent update references 38.332ms
[2026-04-03T02:25:04.672+0600][67.175s][info][gc,start    ] GC(81) Concurrent update thread roots
[2026-04-03T02:25:04.673+0600][67.177s][info][gc          ] GC(81) Concurrent update thread roots 1.603ms
[2026-04-03T02:25:04.674+0600][67.177s][info][gc,start    ] GC(81) Pause Final Update Refs
[2026-04-03T02:25:04.674+0600][67.177s][info][gc,task     ] GC(81) Using 6 of 6 workers for final reference update
[2026-04-03T02:25:04.674+0600][67.177s][info][gc          ] GC(81) Pause Final Update Refs 0.258ms
[2026-04-03T02:25:04.674+0600][67.177s][info][gc,start    ] GC(81) Concurrent cleanup
[2026-04-03T02:25:04.675+0600][67.178s][info][gc          ] GC(81) Concurrent cleanup 236M->151M(845M) 0.701ms
[2026-04-03T02:25:04.675+0600][67.178s][info][gc,ergo     ] Free: 791M, Max: 256K regular, 242M humongous, Frag: 70% external, 0% internal; Reserve: 51200K, Max: 256K
[2026-04-03T02:25:04.675+0600][67.178s][info][gc,stats    ] 
[2026-04-03T02:25:04.675+0600][67.178s][info][gc,stats    ] All times are wall-clock times, except per-root-class counters, that are sum over
[2026-04-03T02:25:04.675+0600][67.178s][info][gc,stats    ] all workers. Dividing the <total> over the root stage time estimates parallelism.
[2026-04-03T02:25:04.675+0600][67.178s][info][gc,stats    ] 
[2026-04-03T02:25:04.675+0600][67.178s][info][gc,stats    ] Concurrent Reset                   1117 us
[2026-04-03T02:25:04.675+0600][67.178s][info][gc,stats    ] Pause Init Mark (G)                 462 us
[2026-04-03T02:25:04.675+0600][67.178s][info][gc,stats    ] Pause Init Mark (N)                 158 us
[2026-04-03T02:25:04.675+0600][67.178s][info][gc,stats    ]   Update Region States               43 us
[2026-04-03T02:25:04.675+0600][67.178s][info][gc,stats    ] Concurrent Mark Roots              1502 us, parallelism: 1.98x
[2026-04-03T02:25:04.675+0600][67.178s][info][gc,stats    ]   CMR: <total>                     2973 us
[2026-04-03T02:25:04.675+0600][67.178s][info][gc,stats    ]   CMR: Thread Roots                2655 us, workers (us): 979, 979, 696, ---, ---, ---, 
[2026-04-03T02:25:04.675+0600][67.178s][info][gc,stats    ]   CMR: VM Strong Roots               64 us, workers (us):  27,  26,  11, ---, ---, ---, 
[2026-04-03T02:25:04.675+0600][67.178s][info][gc,stats    ]   CMR: CLDG Roots                   255 us, workers (us): ---, ---, 255, ---, ---, ---, 
[2026-04-03T02:25:04.675+0600][67.178s][info][gc,stats    ] Concurrent Marking                51549 us
[2026-04-03T02:25:04.675+0600][67.178s][info][gc,stats    ] Pause Final Mark (G)               1143 us
[2026-04-03T02:25:04.675+0600][67.178s][info][gc,stats    ] Pause Final Mark (N)                857 us
[2026-04-03T02:25:04.675+0600][67.178s][info][gc,stats    ]   Finish Mark                       209 us
[2026-04-03T02:25:04.675+0600][67.178s][info][gc,stats    ]   Update Region States               69 us
[2026-04-03T02:25:04.675+0600][67.178s][info][gc,stats    ]   Choose Collection Set             300 us
[2026-04-03T02:25:04.675+0600][67.178s][info][gc,stats    ]   Rebuild Free Set                   60 us
[2026-04-03T02:25:04.675+0600][67.178s][info][gc,stats    ] Concurrent Thread Roots            3574 us, parallelism: 2.31x
[2026-04-03T02:25:04.675+0600][67.178s][info][gc,stats    ]   CTR: <total>                     8270 us
[2026-04-03T02:25:04.675+0600][67.178s][info][gc,stats    ]   CTR: Thread Roots                8270 us, workers (us): 2540, 3216, 2514, ---, ---, ---, 
[2026-04-03T02:25:04.675+0600][67.178s][info][gc,stats    ] Concurrent Weak References         1221 us, parallelism: 1.04x
[2026-04-03T02:25:04.675+0600][67.178s][info][gc,stats    ]   CWRF: <total>                    1275 us
[2026-04-03T02:25:04.675+0600][67.178s][info][gc,stats    ]   CWRF: Weak References            1275 us, workers (us): 143, 193, 938, ---, ---, ---, 
[2026-04-03T02:25:04.675+0600][67.178s][info][gc,stats    ] Concurrent Weak Roots              6992 us
[2026-04-03T02:25:04.675+0600][67.178s][info][gc,stats    ]   Roots                            6457 us, parallelism: 2.78x
[2026-04-03T02:25:04.675+0600][67.178s][info][gc,stats    ]     CWR: <total>                  17973 us
[2026-04-03T02:25:04.675+0600][67.178s][info][gc,stats    ]     CWR: Code Cache Roots         14032 us, workers (us): 4728, 4568, 4736, ---, ---, ---, 
[2026-04-03T02:25:04.675+0600][67.178s][info][gc,stats    ]     CWR: VM Weak Roots             3662 us, workers (us): 1223, 1217, 1222, ---, ---, ---, 
[2026-04-03T02:25:04.675+0600][67.178s][info][gc,stats    ]     CWR: CLDG Roots                 279 us, workers (us): ---, 279, ---, ---, ---, ---, 
[2026-04-03T02:25:04.675+0600][67.178s][info][gc,stats    ]   Rendezvous                        381 us
[2026-04-03T02:25:04.675+0600][67.178s][info][gc,stats    ] Concurrent Cleanup                 1251 us
[2026-04-03T02:25:04.675+0600][67.178s][info][gc,stats    ] Concurrent Class Unloading        22935 us
[2026-04-03T02:25:04.675+0600][67.178s][info][gc,stats    ]   Unlink Stale                    21607 us
[2026-04-03T02:25:04.675+0600][67.178s][info][gc,stats    ]     System Dictionary               325 us
[2026-04-03T02:25:04.675+0600][67.178s][info][gc,stats    ]     Weak Class Links                  0 us
[2026-04-03T02:25:04.675+0600][67.178s][info][gc,stats    ]     Code Roots                    21278 us
[2026-04-03T02:25:04.675+0600][67.178s][info][gc,stats    ]   Rendezvous                        313 us
[2026-04-03T02:25:04.675+0600][67.178s][info][gc,stats    ]   Purge Unlinked                    884 us
[2026-04-03T02:25:04.675+0600][67.178s][info][gc,stats    ]     Code Roots                      868 us
[2026-04-03T02:25:04.675+0600][67.178s][info][gc,stats    ]     CLDG                             14 us
[2026-04-03T02:25:04.675+0600][67.178s][info][gc,stats    ]     Exception Caches                  1 us
[2026-04-03T02:25:04.675+0600][67.178s][info][gc,stats    ] Concurrent Strong Roots            1173 us, parallelism: 0.61x
[2026-04-03T02:25:04.675+0600][67.178s][info][gc,stats    ]   CSR: <total>                      720 us
[2026-04-03T02:25:04.675+0600][67.178s][info][gc,stats    ]   CSR: VM Strong Roots               65 us, workers (us):  33,  31,   1, ---, ---, ---, 
[2026-04-03T02:25:04.675+0600][67.178s][info][gc,stats    ]   CSR: CLDG Roots                   655 us, workers (us): 655, ---, ---, ---, ---, ---, 
[2026-04-03T02:25:04.675+0600][67.178s][info][gc,stats    ] Concurrent Evacuation              3066 us
[2026-04-03T02:25:04.675+0600][67.178s][info][gc,stats    ] Pause Init Update Refs (G)          579 us
[2026-04-03T02:25:04.675+0600][67.178s][info][gc,stats    ] Pause Init Update Refs (N)          209 us
[2026-04-03T02:25:04.675+0600][67.178s][info][gc,stats    ]   Manage GCLABs                      56 us
[2026-04-03T02:25:04.675+0600][67.178s][info][gc,stats    ] Concurrent Update Refs            38503 us
[2026-04-03T02:25:04.675+0600][67.178s][info][gc,stats    ] Concurrent Update Thread Roots     1654 us
[2026-04-03T02:25:04.675+0600][67.178s][info][gc,stats    ] Pause Final Update Refs (G)         479 us
[2026-04-03T02:25:04.675+0600][67.178s][info][gc,stats    ] Pause Final Update Refs (N)         279 us
[2026-04-03T02:25:04.675+0600][67.178s][info][gc,stats    ]   Update Region States               69 us
[2026-04-03T02:25:04.675+0600][67.178s][info][gc,stats    ]   Trash Collection Set               19 us
[2026-04-03T02:25:04.675+0600][67.179s][info][gc,stats    ]   Rebuild Free Set                   47 us
[2026-04-03T02:25:04.675+0600][67.179s][info][gc,stats    ] Concurrent Cleanup                  757 us
[2026-04-03T02:25:04.675+0600][67.179s][info][gc,stats    ] 
[2026-04-03T02:25:04.675+0600][67.179s][info][gc,stats    ] Allocation pacing accrued:
[2026-04-03T02:25:04.675+0600][67.179s][info][gc,stats    ]       0 of   256 ms (  0.0%): <total>
[2026-04-03T02:25:04.675+0600][67.179s][info][gc,stats    ]       0 of   256 ms (  0.0%): <average total>
[2026-04-03T02:25:04.675+0600][67.179s][info][gc,stats    ] 
[2026-04-03T02:25:04.675+0600][67.179s][info][gc,metaspace] Metaspace: 131444K(132736K)->131461K(132736K) NonClass: 114955K(115584K)->114973K(115584K) Class: 16488K(17152K)->16488K(17152K)
[2026-04-03T02:25:04.675+0600][67.179s][info][gc,ergo     ] Pacer for Idle. Initial: 20480K, Alloc Tax Rate: 1.0x
[2026-04-03T02:25:05.249+0600][67.752s][info][gc          ] Trigger: Average GC time (175.40 ms) is above the time for average allocation rate (1147 MB/s) to deplete free headroom (199M) (margin of error = 1.82)
[2026-04-03T02:25:05.249+0600][67.752s][info][gc,ergo     ] Free headroom: 249M (free) - 51200K (spike) - 0B (penalties) = 199M
[2026-04-03T02:25:05.249+0600][67.752s][info][gc,ergo     ] Free: 249M, Max: 256K regular, 127M humongous, Frag: 49% external, 0% internal; Reserve: 51200K, Max: 256K
[2026-04-03T02:25:05.249+0600][67.752s][info][gc,start    ] GC(82) Concurrent reset
[2026-04-03T02:25:05.249+0600][67.752s][info][gc,task     ] GC(82) Using 3 of 6 workers for concurrent reset
[2026-04-03T02:25:05.249+0600][67.752s][info][gc,ergo     ] GC(82) Pacer for Reset. Non-Taxable: 1000M
[2026-04-03T02:25:05.250+0600][67.754s][info][gc          ] GC(82) Concurrent reset 1.274ms
[2026-04-03T02:25:05.250+0600][67.754s][info][gc,start    ] GC(82) Pause Init Mark (unload classes)
[2026-04-03T02:25:05.251+0600][67.754s][info][gc,task     ] GC(82) Using 6 of 6 workers for init marking
[2026-04-03T02:25:05.251+0600][67.754s][info][gc,ergo     ] GC(82) Pacer for Mark. Expected Live: 92963K, Free: 247M, Non-Taxable: 25366K, Alloc Tax Rate: 0.4x
[2026-04-03T02:25:05.251+0600][67.754s][info][gc          ] GC(82) Pause Init Mark (unload classes) 0.177ms
[2026-04-03T02:25:05.251+0600][67.754s][info][gc,start    ] GC(82) Concurrent marking roots
[2026-04-03T02:25:05.251+0600][67.754s][info][gc,task     ] GC(82) Using 3 of 6 workers for concurrent marking roots
[2026-04-03T02:25:05.252+0600][67.756s][info][gc          ] GC(82) Concurrent marking roots 1.497ms
[2026-04-03T02:25:05.252+0600][67.756s][info][gc,start    ] GC(82) Concurrent marking (unload classes)
[2026-04-03T02:25:05.253+0600][67.756s][info][gc,task     ] GC(82) Using 3 of 6 workers for concurrent marking
[2026-04-03T02:25:05.312+0600][67.815s][info][gc          ] GC(82) Concurrent marking (unload classes) 59.194ms
[2026-04-03T02:25:05.312+0600][67.815s][info][gc,start    ] GC(82) Pause Final Mark (unload classes)
[2026-04-03T02:25:05.312+0600][67.815s][info][gc,task     ] GC(82) Using 6 of 6 workers for final marking
[2026-04-03T02:25:05.312+0600][67.816s][info][gc,ergo     ] GC(82) Adaptive CSet Selection. Target Free: 141M, Actual Free: 719M, Max CSet: 42666K, Min Garbage: 0B
[2026-04-03T02:25:05.313+0600][67.816s][info][gc,ergo     ] GC(82) Collectable Garbage: 561M (98%), Immediate: 466M (81%), CSet: 96861K (16%)
[2026-04-03T02:25:05.313+0600][67.816s][info][gc,ergo     ] GC(82) Pacer for Evacuation. Used CSet: 101429K, Free: 709M, Non-Taxable: 72616K, Alloc Tax Rate: 1.1x
[2026-04-03T02:25:05.313+0600][67.816s][info][gc          ] GC(82) Pause Final Mark (unload classes) 0.697ms
[2026-04-03T02:25:05.313+0600][67.816s][info][gc,start    ] GC(82) Concurrent thread roots
[2026-04-03T02:25:05.313+0600][67.816s][info][gc,task     ] GC(82) Using 3 of 6 workers for Concurrent thread roots
[2026-04-03T02:25:05.314+0600][67.817s][info][gc          ] GC(82) Concurrent thread roots 0.949ms
[2026-04-03T02:25:05.314+0600][67.817s][info][gc,start    ] GC(82) Concurrent weak references
[2026-04-03T02:25:05.314+0600][67.817s][info][gc,task     ] GC(82) Using 3 of 6 workers for concurrent weak references
[2026-04-03T02:25:05.315+0600][67.818s][info][gc,ref      ] GC(82) Encountered references: Soft: 3789, Weak: 15563, Final: 84, Phantom: 620
[2026-04-03T02:25:05.315+0600][67.818s][info][gc,ref      ] GC(82) Discovered  references: Soft: 0, Weak: 8513, Final: 84, Phantom: 613
[2026-04-03T02:25:05.315+0600][67.818s][info][gc,ref      ] GC(82) Enqueued    references: Soft: 0, Weak: 260, Final: 0, Phantom: 0
[2026-04-03T02:25:05.315+0600][67.818s][info][gc          ] GC(82) Concurrent weak references 0.906ms
[2026-04-03T02:25:05.315+0600][67.818s][info][gc,start    ] GC(82) Concurrent weak roots
[2026-04-03T02:25:05.315+0600][67.818s][info][gc,task     ] GC(82) Using 3 of 6 workers for concurrent weak root
[2026-04-03T02:25:05.319+0600][67.823s][info][gc          ] GC(82) Concurrent weak roots 4.703ms
[2026-04-03T02:25:05.320+0600][67.823s][info][gc,start    ] GC(82) Concurrent cleanup
[2026-04-03T02:25:05.321+0600][67.824s][info][gc          ] GC(82) Concurrent cleanup 704M->237M(845M) 1.060ms
[2026-04-03T02:25:05.321+0600][67.824s][info][gc,ergo     ] GC(82) Free: 706M, Max: 256K regular, 127M humongous, Frag: 82% external, 0% internal; Reserve: 50820K, Max: 256K
[2026-04-03T02:25:05.321+0600][67.824s][info][gc,start    ] GC(82) Concurrent class unloading
[2026-04-03T02:25:05.321+0600][67.824s][info][gc,task     ] GC(82) Using 3 of 6 workers for concurrent class unloading
[2026-04-03T02:25:05.336+0600][67.840s][info][gc          ] GC(82) Concurrent class unloading 15.689ms
[2026-04-03T02:25:05.337+0600][67.840s][info][gc,start    ] GC(82) Concurrent strong roots
[2026-04-03T02:25:05.337+0600][67.840s][info][gc,task     ] GC(82) Using 3 of 6 workers for concurrent strong root
[2026-04-03T02:25:05.338+0600][67.841s][info][gc          ] GC(82) Concurrent strong roots 1.454ms
[2026-04-03T02:25:05.338+0600][67.841s][info][gc,start    ] GC(82) Concurrent evacuation
[2026-04-03T02:25:05.338+0600][67.841s][info][gc,task     ] GC(82) Using 3 of 6 workers for concurrent evacuation
[2026-04-03T02:25:05.341+0600][67.845s][info][gc          ] GC(82) Concurrent evacuation 3.279ms
[2026-04-03T02:25:05.342+0600][67.845s][info][gc,start    ] GC(82) Pause Init Update Refs
[2026-04-03T02:25:05.342+0600][67.845s][info][gc,ergo     ] GC(82) Pacer for Update Refs. Used: 255M, Free: 693M, Non-Taxable: 71003K, Alloc Tax Rate: 1.1x
[2026-04-03T02:25:05.342+0600][67.845s][info][gc          ] GC(82) Pause Init Update Refs 0.440ms
[2026-04-03T02:25:05.342+0600][67.846s][info][gc,start    ] GC(82) Concurrent update references
[2026-04-03T02:25:05.342+0600][67.846s][info][gc,task     ] GC(82) Using 3 of 6 workers for concurrent reference update
[2026-04-03T02:25:05.397+0600][67.900s][info][gc          ] GC(82) Concurrent update references 54.461ms
[2026-04-03T02:25:05.397+0600][67.900s][info][gc,start    ] GC(82) Concurrent update thread roots
[2026-04-03T02:25:05.399+0600][67.902s][info][gc          ] GC(82) Concurrent update thread roots 1.899ms
[2026-04-03T02:25:05.399+0600][67.903s][info][gc,start    ] GC(82) Pause Final Update Refs
[2026-04-03T02:25:05.399+0600][67.903s][info][gc,task     ] GC(82) Using 6 of 6 workers for final reference update
[2026-04-03T02:25:05.400+0600][67.903s][info][gc          ] GC(82) Pause Final Update Refs 0.278ms
[2026-04-03T02:25:05.400+0600][67.903s][info][gc,start    ] GC(82) Concurrent cleanup
[2026-04-03T02:25:05.401+0600][67.904s][info][gc          ] GC(82) Concurrent cleanup 302M->203M(845M) 0.915ms
[2026-04-03T02:25:05.401+0600][67.904s][info][gc,ergo     ] Free: 738M, Max: 256K regular, 258M humongous, Frag: 65% external, 0% internal; Reserve: 51200K, Max: 256K
[2026-04-03T02:25:05.401+0600][67.904s][info][gc,stats    ] 
[2026-04-03T02:25:05.401+0600][67.904s][info][gc,stats    ] All times are wall-clock times, except per-root-class counters, that are sum over
[2026-04-03T02:25:05.401+0600][67.904s][info][gc,stats    ] all workers. Dividing the <total> over the root stage time estimates parallelism.
[2026-04-03T02:25:05.401+0600][67.904s][info][gc,stats    ] 
[2026-04-03T02:25:05.401+0600][67.904s][info][gc,stats    ] Concurrent Reset                   1343 us
[2026-04-03T02:25:05.401+0600][67.904s][info][gc,stats    ] Pause Init Mark (G)                 635 us
[2026-04-03T02:25:05.401+0600][67.904s][info][gc,stats    ] Pause Init Mark (N)                 193 us
[2026-04-03T02:25:05.401+0600][67.904s][info][gc,stats    ]   Update Region States               52 us
[2026-04-03T02:25:05.401+0600][67.904s][info][gc,stats    ] Concurrent Mark Roots              1557 us, parallelism: 1.73x
[2026-04-03T02:25:05.401+0600][67.904s][info][gc,stats    ]   CMR: <total>                     2689 us
[2026-04-03T02:25:05.401+0600][67.904s][info][gc,stats    ]   CMR: Thread Roots                2228 us, workers (us): 505, 884, 839, ---, ---, ---, 
[2026-04-03T02:25:05.401+0600][67.904s][info][gc,stats    ]   CMR: VM Strong Roots               53 us, workers (us):  51,   1,   1, ---, ---, ---, 
[2026-04-03T02:25:05.401+0600][67.904s][info][gc,stats    ]   CMR: CLDG Roots                   409 us, workers (us): 409, ---, ---, ---, ---, ---, 
[2026-04-03T02:25:05.401+0600][67.904s][info][gc,stats    ] Concurrent Marking                59318 us
[2026-04-03T02:25:05.401+0600][67.904s][info][gc,stats    ] Pause Final Mark (G)               1044 us
[2026-04-03T02:25:05.401+0600][67.904s][info][gc,stats    ] Pause Final Mark (N)                710 us
[2026-04-03T02:25:05.401+0600][67.904s][info][gc,stats    ]   Finish Mark                       221 us
[2026-04-03T02:25:05.401+0600][67.904s][info][gc,stats    ]   Update Region States               49 us
[2026-04-03T02:25:05.401+0600][67.904s][info][gc,stats    ]   Choose Collection Set             268 us
[2026-04-03T02:25:05.401+0600][67.904s][info][gc,stats    ]   Rebuild Free Set                   51 us
[2026-04-03T02:25:05.401+0600][67.904s][info][gc,stats    ] Concurrent Thread Roots             975 us, parallelism: 2.45x
[2026-04-03T02:25:05.401+0600][67.904s][info][gc,stats    ]   CTR: <total>                     2392 us
[2026-04-03T02:25:05.401+0600][67.904s][info][gc,stats    ]   CTR: Thread Roots                2392 us, workers (us): 834, 793, 764, ---, ---, ---, 
[2026-04-03T02:25:05.401+0600][67.904s][info][gc,stats    ] Concurrent Weak References          914 us, parallelism: 1.10x
[2026-04-03T02:25:05.401+0600][67.905s][info][gc,stats    ]   CWRF: <total>                    1005 us
[2026-04-03T02:25:05.401+0600][67.905s][info][gc,stats    ]   CWRF: Weak References            1005 us, workers (us): 774, 167,  65, ---, ---, ---, 
[2026-04-03T02:25:05.401+0600][67.905s][info][gc,stats    ] Concurrent Weak Roots              4782 us
[2026-04-03T02:25:05.401+0600][67.905s][info][gc,stats    ]   Roots                            4228 us, parallelism: 2.71x
[2026-04-03T02:25:05.401+0600][67.905s][info][gc,stats    ]     CWR: <total>                  11466 us
[2026-04-03T02:25:05.401+0600][67.905s][info][gc,stats    ]     CWR: Code Cache Roots          9051 us, workers (us): 3089, 3144, 2818, ---, ---, ---, 
[2026-04-03T02:25:05.401+0600][67.905s][info][gc,stats    ]     CWR: VM Weak Roots             2184 us, workers (us): 792, 698, 694, ---, ---, ---, 
[2026-04-03T02:25:05.401+0600][67.905s][info][gc,stats    ]     CWR: CLDG Roots                 231 us, workers (us): ---, ---, 231, ---, ---, ---, 
[2026-04-03T02:25:05.401+0600][67.905s][info][gc,stats    ]   Rendezvous                        452 us
[2026-04-03T02:25:05.401+0600][67.905s][info][gc,stats    ] Concurrent Cleanup                 1083 us
[2026-04-03T02:25:05.401+0600][67.905s][info][gc,stats    ] Concurrent Class Unloading        15846 us
[2026-04-03T02:25:05.401+0600][67.905s][info][gc,stats    ]   Unlink Stale                    13963 us
[2026-04-03T02:25:05.401+0600][67.905s][info][gc,stats    ]     System Dictionary               274 us
[2026-04-03T02:25:05.401+0600][67.905s][info][gc,stats    ]     Weak Class Links                  0 us
[2026-04-03T02:25:05.401+0600][67.905s][info][gc,stats    ]     Code Roots                    13685 us
[2026-04-03T02:25:05.401+0600][67.905s][info][gc,stats    ]   Rendezvous                        406 us
[2026-04-03T02:25:05.401+0600][67.905s][info][gc,stats    ]   Purge Unlinked                   1290 us
[2026-04-03T02:25:05.401+0600][67.905s][info][gc,stats    ]     Code Roots                     1266 us
[2026-04-03T02:25:05.401+0600][67.905s][info][gc,stats    ]     CLDG                             22 us
[2026-04-03T02:25:05.401+0600][67.905s][info][gc,stats    ]     Exception Caches                  1 us
[2026-04-03T02:25:05.401+0600][67.905s][info][gc,stats    ] Concurrent Strong Roots            1519 us, parallelism: 0.66x
[2026-04-03T02:25:05.402+0600][67.905s][info][gc,stats    ]   CSR: <total>                     1007 us
[2026-04-03T02:25:05.402+0600][67.905s][info][gc,stats    ]   CSR: VM Strong Roots               73 us, workers (us):  47,  26,   0, ---, ---, ---, 
[2026-04-03T02:25:05.402+0600][67.905s][info][gc,stats    ]   CSR: CLDG Roots                   934 us, workers (us): ---, 934, ---, ---, ---, ---, 
[2026-04-03T02:25:05.402+0600][67.905s][info][gc,stats    ] Concurrent Evacuation              3393 us
[2026-04-03T02:25:05.402+0600][67.905s][info][gc,stats    ] Pause Init Update Refs (G)          932 us
[2026-04-03T02:25:05.402+0600][67.905s][info][gc,stats    ] Pause Init Update Refs (N)          461 us
[2026-04-03T02:25:05.402+0600][67.905s][info][gc,stats    ]   Manage GCLABs                     101 us
[2026-04-03T02:25:05.402+0600][67.905s][info][gc,stats    ] Concurrent Update Refs            54569 us
[2026-04-03T02:25:05.402+0600][67.905s][info][gc,stats    ] Concurrent Update Thread Roots     1930 us
[2026-04-03T02:25:05.402+0600][67.905s][info][gc,stats    ] Pause Final Update Refs (G)         860 us
[2026-04-03T02:25:05.402+0600][67.905s][info][gc,stats    ] Pause Final Update Refs (N)         296 us
[2026-04-03T02:25:05.402+0600][67.905s][info][gc,stats    ]   Update Region States               75 us
[2026-04-03T02:25:05.402+0600][67.905s][info][gc,stats    ]   Trash Collection Set               23 us
[2026-04-03T02:25:05.402+0600][67.905s][info][gc,stats    ]   Rebuild Free Set                   60 us
[2026-04-03T02:25:05.402+0600][67.905s][info][gc,stats    ] Concurrent Cleanup                  952 us
[2026-04-03T02:25:05.402+0600][67.905s][info][gc,stats    ] Pacing                           102653 us
[2026-04-03T02:25:05.402+0600][67.905s][info][gc,stats    ] 
[2026-04-03T02:25:05.402+0600][67.905s][info][gc,stats    ] Allocation pacing accrued:
[2026-04-03T02:25:05.402+0600][67.905s][info][gc,stats    ]      16 of   727 ms (  2.2%): Executor task launch worker for task 5.0 in stage 2618.0 (TID 4982)
[2026-04-03T02:25:05.402+0600][67.905s][info][gc,stats    ]      11 of   727 ms (  1.5%): Executor task launch worker for task 2.0 in stage 2618.0 (TID 4979)
[2026-04-03T02:25:05.402+0600][67.905s][info][gc,stats    ]      14 of   727 ms (  1.9%): Executor task launch worker for task 6.0 in stage 2618.0 (TID 4983)
[2026-04-03T02:25:05.402+0600][67.905s][info][gc,stats    ]      14 of   727 ms (  1.9%): Executor task launch worker for task 4.0 in stage 2618.0 (TID 4981)
[2026-04-03T02:25:05.402+0600][67.905s][info][gc,stats    ]      11 of   727 ms (  1.5%): Executor task launch worker for task 0.0 in stage 2618.0 (TID 4977)
[2026-04-03T02:25:05.402+0600][67.905s][info][gc,stats    ]      15 of   727 ms (  2.0%): task-result-getter-0
[2026-04-03T02:25:05.402+0600][67.905s][info][gc,stats    ]       3 of   727 ms (  0.5%): task-result-getter-1
[2026-04-03T02:25:05.402+0600][67.905s][info][gc,stats    ]      15 of   727 ms (  2.1%): task-result-getter-2
[2026-04-03T02:25:05.402+0600][67.905s][info][gc,stats    ]       3 of   727 ms (  0.5%): task-result-getter-3
[2026-04-03T02:25:05.402+0600][67.905s][info][gc,stats    ]     103 of   727 ms ( 14.1%): <total>
[2026-04-03T02:25:05.402+0600][67.905s][info][gc,stats    ]       0 of   727 ms (  0.0%): <average total>
[2026-04-03T02:25:05.402+0600][67.905s][info][gc,stats    ]      11 of   727 ms (  1.6%): <average non-zero>
[2026-04-03T02:25:05.402+0600][67.905s][info][gc,stats    ] 
[2026-04-03T02:25:05.402+0600][67.905s][info][gc,metaspace] Metaspace: 131470K(132736K)->131470K(132736K) NonClass: 114981K(115584K)->114981K(115584K) Class: 16488K(17152K)->16488K(17152K)
[2026-04-03T02:25:05.402+0600][67.905s][info][gc,ergo     ] Pacer for Idle. Initial: 20480K, Alloc Tax Rate: 1.0x
[2026-04-03T02:25:05.877+0600][68.380s][info][gc          ] Trigger: Average GC time (180.21 ms) is above the time for average allocation rate (950 MB/s) to deplete free headroom (171M) (margin of error = 1.82)
[2026-04-03T02:25:05.877+0600][68.381s][info][gc,ergo     ] Free headroom: 221M (free) - 51200K (spike) - 0B (penalties) = 171M
[2026-04-03T02:25:05.877+0600][68.381s][info][gc,ergo     ] Free: 221M, Max: 256K regular, 126M humongous, Frag: 43% external, 0% internal; Reserve: 51200K, Max: 256K
[2026-04-03T02:25:05.877+0600][68.381s][info][gc,start    ] GC(83) Concurrent reset
[2026-04-03T02:25:05.877+0600][68.381s][info][gc,task     ] GC(83) Using 3 of 6 workers for concurrent reset
[2026-04-03T02:25:05.877+0600][68.381s][info][gc,ergo     ] GC(83) Pacer for Reset. Non-Taxable: 1000M
[2026-04-03T02:25:05.879+0600][68.382s][info][gc          ] GC(83) Concurrent reset 1.403ms
[2026-04-03T02:25:05.879+0600][68.383s][info][gc,start    ] GC(83) Pause Init Mark (unload classes)
[2026-04-03T02:25:05.879+0600][68.383s][info][gc,task     ] GC(83) Using 6 of 6 workers for init marking
[2026-04-03T02:25:05.879+0600][68.383s][info][gc,ergo     ] GC(83) Pacer for Mark. Expected Live: 93681K, Free: 220M, Non-Taxable: 22597K, Alloc Tax Rate: 0.5x
[2026-04-03T02:25:05.879+0600][68.383s][info][gc          ] GC(83) Pause Init Mark (unload classes) 0.170ms
[2026-04-03T02:25:05.880+0600][68.383s][info][gc,start    ] GC(83) Concurrent marking roots
[2026-04-03T02:25:05.880+0600][68.383s][info][gc,task     ] GC(83) Using 3 of 6 workers for concurrent marking roots
[2026-04-03T02:25:05.881+0600][68.385s][info][gc          ] GC(83) Concurrent marking roots 1.597ms
[2026-04-03T02:25:05.881+0600][68.385s][info][gc,start    ] GC(83) Concurrent marking (unload classes)
[2026-04-03T02:25:05.881+0600][68.385s][info][gc,task     ] GC(83) Using 3 of 6 workers for concurrent marking
[2026-04-03T02:25:05.952+0600][68.456s][info][gc          ] GC(83) Concurrent marking (unload classes) 70.925ms
[2026-04-03T02:25:05.952+0600][68.456s][info][gc,start    ] GC(83) Pause Final Mark (unload classes)
[2026-04-03T02:25:05.952+0600][68.456s][info][gc,task     ] GC(83) Using 6 of 6 workers for final marking
[2026-04-03T02:25:05.953+0600][68.456s][info][gc,ergo     ] GC(83) Adaptive CSet Selection. Target Free: 141M, Actual Free: 689M, Max CSet: 42666K, Min Garbage: 0B
[2026-04-03T02:25:05.953+0600][68.456s][info][gc,ergo     ] GC(83) Collectable Garbage: 590M (98%), Immediate: 459M (76%), CSet: 130M (21%)
[2026-04-03T02:25:05.953+0600][68.456s][info][gc,ergo     ] GC(83) Pacer for Evacuation. Used CSet: 136M, Free: 676M, Non-Taxable: 69246K, Alloc Tax Rate: 1.1x
[2026-04-03T02:25:05.953+0600][68.456s][info][gc          ] GC(83) Pause Final Mark (unload classes) 0.697ms
[2026-04-03T02:25:05.953+0600][68.457s][info][gc,start    ] GC(83) Concurrent thread roots
[2026-04-03T02:25:05.953+0600][68.457s][info][gc,task     ] GC(83) Using 3 of 6 workers for Concurrent thread roots
[2026-04-03T02:25:05.954+0600][68.458s][info][gc          ] GC(83) Concurrent thread roots 1.140ms
[2026-04-03T02:25:05.955+0600][68.458s][info][gc,start    ] GC(83) Concurrent weak references
[2026-04-03T02:25:05.955+0600][68.458s][info][gc,task     ] GC(83) Using 3 of 6 workers for concurrent weak references
[2026-04-03T02:25:05.955+0600][68.459s][info][gc,ref      ] GC(83) Encountered references: Soft: 3790, Weak: 16549, Final: 84, Phantom: 622
[2026-04-03T02:25:05.955+0600][68.459s][info][gc,ref      ] GC(83) Discovered  references: Soft: 0, Weak: 9016, Final: 48, Phantom: 615
[2026-04-03T02:25:05.955+0600][68.459s][info][gc,ref      ] GC(83) Enqueued    references: Soft: 0, Weak: 1724, Final: 0, Phantom: 0
[2026-04-03T02:25:05.955+0600][68.459s][info][gc          ] GC(83) Concurrent weak references 0.865ms
[2026-04-03T02:25:05.955+0600][68.459s][info][gc,start    ] GC(83) Concurrent weak roots
[2026-04-03T02:25:05.955+0600][68.459s][info][gc,task     ] GC(83) Using 3 of 6 workers for concurrent weak root
[2026-04-03T02:25:05.961+0600][68.464s][info][gc          ] GC(83) Concurrent weak roots 5.545ms
[2026-04-03T02:25:05.961+0600][68.464s][info][gc,start    ] GC(83) Concurrent cleanup
[2026-04-03T02:25:05.963+0600][68.466s][info][gc          ] GC(83) Concurrent cleanup 737M->280M(845M) 1.467ms
[2026-04-03T02:25:05.963+0600][68.466s][info][gc,ergo     ] GC(83) Free: 666M, Max: 256K regular, 126M humongous, Frag: 82% external, 0% internal; Reserve: 50632K, Max: 256K
[2026-04-03T02:25:05.963+0600][68.466s][info][gc,start    ] GC(83) Concurrent class unloading
[2026-04-03T02:25:05.963+0600][68.466s][info][gc,task     ] GC(83) Using 3 of 6 workers for concurrent class unloading
[2026-04-03T02:25:05.985+0600][68.488s][info][gc          ] GC(83) Concurrent class unloading 21.907ms
[2026-04-03T02:25:05.985+0600][68.488s][info][gc,start    ] GC(83) Concurrent strong roots
[2026-04-03T02:25:05.985+0600][68.488s][info][gc,task     ] GC(83) Using 3 of 6 workers for concurrent strong root
[2026-04-03T02:25:05.986+0600][68.489s][info][gc          ] GC(83) Concurrent strong roots 1.193ms
[2026-04-03T02:25:05.986+0600][68.490s][info][gc,start    ] GC(83) Concurrent evacuation
[2026-04-03T02:25:05.986+0600][68.490s][info][gc,task     ] GC(83) Using 3 of 6 workers for concurrent evacuation
[2026-04-03T02:25:05.992+0600][68.495s][info][gc          ] GC(83) Concurrent evacuation 5.895ms
[2026-04-03T02:25:05.992+0600][68.496s][info][gc,start    ] GC(83) Pause Init Update Refs
[2026-04-03T02:25:05.993+0600][68.496s][info][gc,ergo     ] GC(83) Pacer for Update Refs. Used: 313M, Free: 639M, Non-Taxable: 65440K, Alloc Tax Rate: 1.1x
[2026-04-03T02:25:05.993+0600][68.496s][info][gc          ] GC(83) Pause Init Update Refs 0.129ms
[2026-04-03T02:25:05.993+0600][68.496s][info][gc,start    ] GC(83) Concurrent update references
[2026-04-03T02:25:05.993+0600][68.496s][info][gc,task     ] GC(83) Using 3 of 6 workers for concurrent reference update
[2026-04-03T02:25:06.044+0600][68.547s][info][gc          ] GC(83) Concurrent update references 51.438ms
[2026-04-03T02:25:06.044+0600][68.547s][info][gc,start    ] GC(83) Concurrent update thread roots
[2026-04-03T02:25:06.046+0600][68.549s][info][gc          ] GC(83) Concurrent update thread roots 1.403ms
[2026-04-03T02:25:06.046+0600][68.549s][info][gc,start    ] GC(83) Pause Final Update Refs
[2026-04-03T02:25:06.046+0600][68.549s][info][gc,task     ] GC(83) Using 6 of 6 workers for final reference update
[2026-04-03T02:25:06.046+0600][68.549s][info][gc          ] GC(83) Pause Final Update Refs 0.226ms
[2026-04-03T02:25:06.046+0600][68.550s][info][gc,start    ] GC(83) Concurrent cleanup
[2026-04-03T02:25:06.047+0600][68.550s][info][gc          ] GC(83) Concurrent cleanup 371M->234M(845M) 0.836ms
[2026-04-03T02:25:06.047+0600][68.550s][info][gc,ergo     ] Free: 710M, Max: 256K regular, 258M humongous, Frag: 64% external, 0% internal; Reserve: 51200K, Max: 256K
[2026-04-03T02:25:06.047+0600][68.550s][info][gc,stats    ] 
[2026-04-03T02:25:06.047+0600][68.550s][info][gc,stats    ] All times are wall-clock times, except per-root-class counters, that are sum over
[2026-04-03T02:25:06.047+0600][68.551s][info][gc,stats    ] all workers. Dividing the <total> over the root stage time estimates parallelism.
[2026-04-03T02:25:06.047+0600][68.551s][info][gc,stats    ] 
[2026-04-03T02:25:06.047+0600][68.551s][info][gc,stats    ] Concurrent Reset                   1487 us
[2026-04-03T02:25:06.047+0600][68.551s][info][gc,stats    ] Pause Init Mark (G)                 744 us
[2026-04-03T02:25:06.047+0600][68.551s][info][gc,stats    ] Pause Init Mark (N)                 183 us
[2026-04-03T02:25:06.047+0600][68.551s][info][gc,stats    ]   Update Region States               49 us
[2026-04-03T02:25:06.047+0600][68.551s][info][gc,stats    ] Concurrent Mark Roots              1659 us, parallelism: 1.74x
[2026-04-03T02:25:06.047+0600][68.551s][info][gc,stats    ]   CMR: <total>                     2892 us
[2026-04-03T02:25:06.047+0600][68.551s][info][gc,stats    ]   CMR: Thread Roots                2412 us, workers (us): 540, 945, 927, ---, ---, ---, 
[2026-04-03T02:25:06.047+0600][68.551s][info][gc,stats    ]   CMR: VM Strong Roots               54 us, workers (us):  51,   1,   1, ---, ---, ---, 
[2026-04-03T02:25:06.047+0600][68.551s][info][gc,stats    ]   CMR: CLDG Roots                   426 us, workers (us): 426, ---, ---, ---, ---, ---, 
[2026-04-03T02:25:06.047+0600][68.551s][info][gc,stats    ] Concurrent Marking                71014 us
[2026-04-03T02:25:06.047+0600][68.551s][info][gc,stats    ] Pause Final Mark (G)               1041 us
[2026-04-03T02:25:06.047+0600][68.551s][info][gc,stats    ] Pause Final Mark (N)                707 us
[2026-04-03T02:25:06.047+0600][68.551s][info][gc,stats    ]   Finish Mark                       181 us
[2026-04-03T02:25:06.047+0600][68.551s][info][gc,stats    ]   Update Region States               50 us
[2026-04-03T02:25:06.047+0600][68.551s][info][gc,stats    ]   Choose Collection Set             290 us
[2026-04-03T02:25:06.047+0600][68.551s][info][gc,stats    ]   Rebuild Free Set                   50 us
[2026-04-03T02:25:06.047+0600][68.551s][info][gc,stats    ] Concurrent Thread Roots            1196 us, parallelism: 2.42x
[2026-04-03T02:25:06.047+0600][68.551s][info][gc,stats    ]   CTR: <total>                     2894 us
[2026-04-03T02:25:06.047+0600][68.551s][info][gc,stats    ]   CTR: Thread Roots                2894 us, workers (us): 1019, 944, 932, ---, ---, ---, 
[2026-04-03T02:25:06.047+0600][68.551s][info][gc,stats    ] Concurrent Weak References          877 us, parallelism: 1.10x
[2026-04-03T02:25:06.047+0600][68.551s][info][gc,stats    ]   CWRF: <total>                     968 us
[2026-04-03T02:25:06.048+0600][68.551s][info][gc,stats    ]   CWRF: Weak References             968 us, workers (us):  18, 753, 197, ---, ---, ---, 
[2026-04-03T02:25:06.048+0600][68.551s][info][gc,stats    ] Concurrent Weak Roots              5630 us
[2026-04-03T02:25:06.048+0600][68.551s][info][gc,stats    ]   Roots                            5150 us, parallelism: 2.73x
[2026-04-03T02:25:06.048+0600][68.551s][info][gc,stats    ]     CWR: <total>                  14080 us
[2026-04-03T02:25:06.048+0600][68.551s][info][gc,stats    ]     CWR: Code Cache Roots         10687 us, workers (us): 3620, 3365, 3701, ---, ---, ---, 
[2026-04-03T02:25:06.048+0600][68.551s][info][gc,stats    ]     CWR: VM Weak Roots             3129 us, workers (us): 1103, 1091, 935, ---, ---, ---, 
[2026-04-03T02:25:06.048+0600][68.551s][info][gc,stats    ]     CWR: CLDG Roots                 264 us, workers (us): ---, 264, ---, ---, ---, ---, 
[2026-04-03T02:25:06.048+0600][68.551s][info][gc,stats    ]   Rendezvous                        365 us
[2026-04-03T02:25:06.048+0600][68.551s][info][gc,stats    ] Concurrent Cleanup                 1506 us
[2026-04-03T02:25:06.048+0600][68.551s][info][gc,stats    ] Concurrent Class Unloading        22013 us
[2026-04-03T02:25:06.048+0600][68.551s][info][gc,stats    ]   Unlink Stale                    19803 us
[2026-04-03T02:25:06.048+0600][68.551s][info][gc,stats    ]     System Dictionary               304 us
[2026-04-03T02:25:06.048+0600][68.551s][info][gc,stats    ]     Weak Class Links                  0 us
[2026-04-03T02:25:06.048+0600][68.551s][info][gc,stats    ]     Code Roots                    19496 us
[2026-04-03T02:25:06.048+0600][68.551s][info][gc,stats    ]   Rendezvous                        294 us
[2026-04-03T02:25:06.048+0600][68.551s][info][gc,stats    ]   Purge Unlinked                   1766 us
[2026-04-03T02:25:06.048+0600][68.551s][info][gc,stats    ]     Code Roots                     1752 us
[2026-04-03T02:25:06.048+0600][68.551s][info][gc,stats    ]     CLDG                             13 us
[2026-04-03T02:25:06.048+0600][68.551s][info][gc,stats    ]     Exception Caches                  0 us
[2026-04-03T02:25:06.048+0600][68.551s][info][gc,stats    ] Concurrent Strong Roots            1590 us, parallelism: 0.50x
[2026-04-03T02:25:06.048+0600][68.551s][info][gc,stats    ]   CSR: <total>                      797 us
[2026-04-03T02:25:06.048+0600][68.551s][info][gc,stats    ]   CSR: VM Strong Roots               55 us, workers (us):  54,   1,   0, ---, ---, ---, 
[2026-04-03T02:25:06.048+0600][68.551s][info][gc,stats    ]   CSR: CLDG Roots                   742 us, workers (us): 742, ---, ---, ---, ---, ---, 
[2026-04-03T02:25:06.048+0600][68.551s][info][gc,stats    ] Concurrent Evacuation              5978 us
[2026-04-03T02:25:06.048+0600][68.551s][info][gc,stats    ] Pause Init Update Refs (G)          448 us
[2026-04-03T02:25:06.048+0600][68.551s][info][gc,stats    ] Pause Init Update Refs (N)          143 us
[2026-04-03T02:25:06.048+0600][68.551s][info][gc,stats    ]   Manage GCLABs                      30 us
[2026-04-03T02:25:06.048+0600][68.551s][info][gc,stats    ] Concurrent Update Refs            51507 us
[2026-04-03T02:25:06.048+0600][68.551s][info][gc,stats    ] Concurrent Update Thread Roots     1463 us
[2026-04-03T02:25:06.048+0600][68.551s][info][gc,stats    ] Pause Final Update Refs (G)         557 us
[2026-04-03T02:25:06.048+0600][68.551s][info][gc,stats    ] Pause Final Update Refs (N)         240 us
[2026-04-03T02:25:06.048+0600][68.551s][info][gc,stats    ]   Update Region States               69 us
[2026-04-03T02:25:06.048+0600][68.551s][info][gc,stats    ]   Trash Collection Set               24 us
[2026-04-03T02:25:06.048+0600][68.551s][info][gc,stats    ]   Rebuild Free Set                   56 us
[2026-04-03T02:25:06.048+0600][68.551s][info][gc,stats    ] Concurrent Cleanup                  862 us
[2026-04-03T02:25:06.048+0600][68.551s][info][gc,stats    ] Pacing                           211412 us
[2026-04-03T02:25:06.048+0600][68.551s][info][gc,stats    ] 
[2026-04-03T02:25:06.048+0600][68.551s][info][gc,stats    ] Allocation pacing accrued:
[2026-04-03T02:25:06.048+0600][68.551s][info][gc,stats    ]      11 of   646 ms (  1.7%): Spark Context Cleaner
[2026-04-03T02:25:06.048+0600][68.551s][info][gc,stats    ]      25 of   646 ms (  3.9%): Executor task launch worker for task 6.0 in stage 2727.0 (TID 5071)
[2026-04-03T02:25:06.048+0600][68.551s][info][gc,stats    ]      24 of   646 ms (  3.6%): Executor task launch worker for task 2.0 in stage 2727.0 (TID 5067)
[2026-04-03T02:25:06.048+0600][68.551s][info][gc,stats    ]      26 of   646 ms (  4.1%): Executor task launch worker for task 3.0 in stage 2727.0 (TID 5068)
[2026-04-03T02:25:06.048+0600][68.551s][info][gc,stats    ]      24 of   646 ms (  3.8%): Executor task launch worker for task 0.0 in stage 2727.0 (TID 5065)
[2026-04-03T02:25:06.048+0600][68.551s][info][gc,stats    ]      24 of   646 ms (  3.7%): Executor task launch worker for task 4.0 in stage 2727.0 (TID 5069)
[2026-04-03T02:25:06.048+0600][68.551s][info][gc,stats    ]      24 of   646 ms (  3.7%): Executor task launch worker for task 5.0 in stage 2727.0 (TID 5070)
[2026-04-03T02:25:06.048+0600][68.551s][info][gc,stats    ]      28 of   646 ms (  4.3%): Executor task launch worker for task 1.0 in stage 2727.0 (TID 5066)
[2026-04-03T02:25:06.048+0600][68.551s][info][gc,stats    ]      25 of   646 ms (  3.9%): Executor task launch worker for task 7.0 in stage 2727.0 (TID 5072)
[2026-04-03T02:25:06.048+0600][68.551s][info][gc,stats    ]     211 of   646 ms ( 32.7%): <total>
[2026-04-03T02:25:06.048+0600][68.551s][info][gc,stats    ]       1 of   646 ms (  0.1%): <average total>
[2026-04-03T02:25:06.048+0600][68.551s][info][gc,stats    ]      23 of   646 ms (  3.6%): <average non-zero>
[2026-04-03T02:25:06.048+0600][68.551s][info][gc,stats    ] 
[2026-04-03T02:25:06.048+0600][68.551s][info][gc,metaspace] Metaspace: 131479K(132736K)->131481K(132736K) NonClass: 114990K(115584K)->114991K(115584K) Class: 16489K(17152K)->16489K(17152K)
[2026-04-03T02:25:06.048+0600][68.551s][info][gc,ergo     ] Pacer for Idle. Initial: 20480K, Alloc Tax Rate: 1.0x
[2026-04-03T02:25:06.234+0600][68.738s][info][gc          ] Trigger: Average GC time (194.40 ms) is above the time for average allocation rate (1017 MB/s) to deplete free headroom (186M) (margin of error = 1.82)
[2026-04-03T02:25:06.235+0600][68.738s][info][gc,ergo     ] Free headroom: 236M (free) - 51200K (spike) - 0B (penalties) = 186M
[2026-04-03T02:25:06.235+0600][68.738s][info][gc,ergo     ] Free: 236M, Max: 256K regular, 123M humongous, Frag: 48% external, 1% internal; Reserve: 51200K, Max: 256K
[2026-04-03T02:25:06.235+0600][68.738s][info][gc,start    ] GC(84) Concurrent reset
[2026-04-03T02:25:06.235+0600][68.738s][info][gc,task     ] GC(84) Using 3 of 6 workers for concurrent reset
[2026-04-03T02:25:06.235+0600][68.738s][info][gc,ergo     ] GC(84) Pacer for Reset. Non-Taxable: 1000M
[2026-04-03T02:25:06.236+0600][68.739s][info][gc          ] GC(84) Concurrent reset 1.167ms
[2026-04-03T02:25:06.236+0600][68.739s][info][gc,start    ] GC(84) Pause Init Mark (unload classes)
[2026-04-03T02:25:06.236+0600][68.739s][info][gc,task     ] GC(84) Using 6 of 6 workers for init marking
[2026-04-03T02:25:06.236+0600][68.739s][info][gc,ergo     ] GC(84) Pacer for Mark. Expected Live: 94027K, Free: 235M, Non-Taxable: 24132K, Alloc Tax Rate: 0.5x
[2026-04-03T02:25:06.236+0600][68.739s][info][gc          ] GC(84) Pause Init Mark (unload classes) 0.135ms
[2026-04-03T02:25:06.236+0600][68.740s][info][gc,start    ] GC(84) Concurrent marking roots
[2026-04-03T02:25:06.236+0600][68.740s][info][gc,task     ] GC(84) Using 3 of 6 workers for concurrent marking roots
[2026-04-03T02:25:06.238+0600][68.741s][info][gc          ] GC(84) Concurrent marking roots 1.670ms
[2026-04-03T02:25:06.238+0600][68.741s][info][gc,start    ] GC(84) Concurrent marking (unload classes)
[2026-04-03T02:25:06.238+0600][68.741s][info][gc,task     ] GC(84) Using 3 of 6 workers for concurrent marking
[2026-04-03T02:25:06.294+0600][68.797s][info][gc          ] GC(84) Concurrent marking (unload classes) 56.098ms
[2026-04-03T02:25:06.294+0600][68.798s][info][gc,start    ] GC(84) Pause Final Mark (unload classes)
[2026-04-03T02:25:06.294+0600][68.798s][info][gc,task     ] GC(84) Using 6 of 6 workers for final marking
[2026-04-03T02:25:06.295+0600][68.798s][info][gc,ergo     ] GC(84) Adaptive CSet Selection. Target Free: 141M, Actual Free: 779M, Max CSet: 42666K, Min Garbage: 0B
[2026-04-03T02:25:06.295+0600][68.799s][info][gc,ergo     ] GC(84) Collectable Garbage: 583M (98%), Immediate: 535M (90%), CSet: 49516K (8%)
[2026-04-03T02:25:06.295+0600][68.799s][info][gc,ergo     ] GC(84) Pacer for Evacuation. Used CSet: 53289K, Free: 759M, Non-Taxable: 77780K, Alloc Tax Rate: 1.1x
[2026-04-03T02:25:06.295+0600][68.799s][info][gc          ] GC(84) Pause Final Mark (unload classes) 0.969ms
[2026-04-03T02:25:06.296+0600][68.799s][info][gc,start    ] GC(84) Concurrent thread roots
[2026-04-03T02:25:06.296+0600][68.799s][info][gc,task     ] GC(84) Using 3 of 6 workers for Concurrent thread roots
[2026-04-03T02:25:06.297+0600][68.800s][info][gc          ] GC(84) Concurrent thread roots 1.145ms
[2026-04-03T02:25:06.297+0600][68.800s][info][gc,start    ] GC(84) Concurrent weak references
[2026-04-03T02:25:06.297+0600][68.800s][info][gc,task     ] GC(84) Using 3 of 6 workers for concurrent weak references
[2026-04-03T02:25:06.298+0600][68.801s][info][gc,ref      ] GC(84) Encountered references: Soft: 3788, Weak: 15284, Final: 84, Phantom: 621
[2026-04-03T02:25:06.298+0600][68.801s][info][gc,ref      ] GC(84) Discovered  references: Soft: 0, Weak: 9020, Final: 84, Phantom: 577
[2026-04-03T02:25:06.298+0600][68.801s][info][gc,ref      ] GC(84) Enqueued    references: Soft: 0, Weak: 580, Final: 0, Phantom: 0
[2026-04-03T02:25:06.298+0600][68.801s][info][gc          ] GC(84) Concurrent weak references 0.981ms
[2026-04-03T02:25:06.298+0600][68.801s][info][gc,start    ] GC(84) Concurrent weak roots
[2026-04-03T02:25:06.298+0600][68.801s][info][gc,task     ] GC(84) Using 3 of 6 workers for concurrent weak root
[2026-04-03T02:25:06.303+0600][68.806s][info][gc          ] GC(84) Concurrent weak roots 4.795ms
[2026-04-03T02:25:06.303+0600][68.806s][info][gc,start    ] GC(84) Concurrent cleanup
[2026-04-03T02:25:06.304+0600][68.807s][info][gc          ] GC(84) Concurrent cleanup 728M->193M(845M) 1.197ms
[2026-04-03T02:25:06.304+0600][68.807s][info][gc,ergo     ] GC(84) Free: 751M, Max: 256K regular, 124M humongous, Frag: 84% external, 0% internal; Reserve: 50798K, Max: 256K
[2026-04-03T02:25:06.304+0600][68.807s][info][gc,start    ] GC(84) Concurrent class unloading
[2026-04-03T02:25:06.304+0600][68.807s][info][gc,task     ] GC(84) Using 3 of 6 workers for concurrent class unloading
[2026-04-03T02:25:06.321+0600][68.824s][info][gc          ] GC(84) Concurrent class unloading 16.645ms
[2026-04-03T02:25:06.321+0600][68.824s][info][gc,start    ] GC(84) Concurrent strong roots
[2026-04-03T02:25:06.321+0600][68.824s][info][gc,task     ] GC(84) Using 3 of 6 workers for concurrent strong root
[2026-04-03T02:25:06.322+0600][68.826s][info][gc          ] GC(84) Concurrent strong roots 1.711ms
[2026-04-03T02:25:06.322+0600][68.826s][info][gc,start    ] GC(84) Concurrent evacuation
[2026-04-03T02:25:06.322+0600][68.826s][info][gc,task     ] GC(84) Using 3 of 6 workers for concurrent evacuation
[2026-04-03T02:25:06.325+0600][68.828s][info][gc          ] GC(84) Concurrent evacuation 2.086ms
[2026-04-03T02:25:06.325+0600][68.828s][info][gc,start    ] GC(84) Pause Init Update Refs
[2026-04-03T02:25:06.325+0600][68.828s][info][gc,ergo     ] GC(84) Pacer for Update Refs. Used: 202M, Free: 745M, Non-Taxable: 76352K, Alloc Tax Rate: 1.1x
[2026-04-03T02:25:06.325+0600][68.828s][info][gc          ] GC(84) Pause Init Update Refs 0.139ms
[2026-04-03T02:25:06.325+0600][68.828s][info][gc,start    ] GC(84) Concurrent update references
[2026-04-03T02:25:06.325+0600][68.828s][info][gc,task     ] GC(84) Using 3 of 6 workers for concurrent reference update
[2026-04-03T02:25:06.371+0600][68.874s][info][gc          ] GC(84) Concurrent update references 45.488ms
[2026-04-03T02:25:06.371+0600][68.874s][info][gc,start    ] GC(84) Concurrent update thread roots
[2026-04-03T02:25:06.373+0600][68.876s][info][gc          ] GC(84) Concurrent update thread roots 2.400ms
[2026-04-03T02:25:06.374+0600][68.877s][info][gc,start    ] GC(84) Pause Final Update Refs
[2026-04-03T02:25:06.374+0600][68.877s][info][gc,task     ] GC(84) Using 6 of 6 workers for final reference update
[2026-04-03T02:25:06.374+0600][68.878s][info][gc          ] GC(84) Pause Final Update Refs 0.254ms
[2026-04-03T02:25:06.374+0600][68.878s][info][gc,start    ] GC(84) Concurrent cleanup
[2026-04-03T02:25:06.375+0600][68.878s][info][gc          ] GC(84) Concurrent cleanup 388M->345M(845M) 0.366ms
[2026-04-03T02:25:06.375+0600][68.878s][info][gc,ergo     ] Free: 587M, Max: 256K regular, 165M humongous, Frag: 72% external, 1% internal; Reserve: 51200K, Max: 256K
[2026-04-03T02:25:06.375+0600][68.878s][info][gc,stats    ] 
[2026-04-03T02:25:06.375+0600][68.878s][info][gc,stats    ] All times are wall-clock times, except per-root-class counters, that are sum over
[2026-04-03T02:25:06.375+0600][68.878s][info][gc,stats    ] all workers. Dividing the <total> over the root stage time estimates parallelism.
[2026-04-03T02:25:06.375+0600][68.878s][info][gc,stats    ] 
[2026-04-03T02:25:06.375+0600][68.878s][info][gc,stats    ] Concurrent Reset                   1224 us
[2026-04-03T02:25:06.375+0600][68.878s][info][gc,stats    ] Pause Init Mark (G)                 495 us
[2026-04-03T02:25:06.375+0600][68.878s][info][gc,stats    ] Pause Init Mark (N)                 148 us
[2026-04-03T02:25:06.375+0600][68.878s][info][gc,stats    ]   Update Region States               42 us
[2026-04-03T02:25:06.375+0600][68.878s][info][gc,stats    ] Concurrent Mark Roots              1727 us, parallelism: 1.59x
[2026-04-03T02:25:06.375+0600][68.878s][info][gc,stats    ]   CMR: <total>                     2747 us
[2026-04-03T02:25:06.375+0600][68.878s][info][gc,stats    ]   CMR: Thread Roots                2441 us, workers (us): 886, 915, 641, ---, ---, ---, 
[2026-04-03T02:25:06.375+0600][68.878s][info][gc,stats    ]   CMR: VM Strong Roots               62 us, workers (us):  40,  21,   1, ---, ---, ---, 
[2026-04-03T02:25:06.375+0600][68.878s][info][gc,stats    ]   CMR: CLDG Roots                   245 us, workers (us): ---, ---, 245, ---, ---, ---, 
[2026-04-03T02:25:06.375+0600][68.878s][info][gc,stats    ] Concurrent Marking                56172 us
[2026-04-03T02:25:06.375+0600][68.878s][info][gc,stats    ] Pause Final Mark (G)               1298 us
[2026-04-03T02:25:06.375+0600][68.878s][info][gc,stats    ] Pause Final Mark (N)                982 us
[2026-04-03T02:25:06.375+0600][68.878s][info][gc,stats    ]   Finish Mark                       483 us
[2026-04-03T02:25:06.375+0600][68.879s][info][gc,stats    ]   Update Region States               65 us
[2026-04-03T02:25:06.375+0600][68.879s][info][gc,stats    ]   Choose Collection Set             269 us
[2026-04-03T02:25:06.375+0600][68.879s][info][gc,stats    ]   Rebuild Free Set                   54 us
[2026-04-03T02:25:06.375+0600][68.879s][info][gc,stats    ] Concurrent Thread Roots            1190 us, parallelism: 1.96x
[2026-04-03T02:25:06.375+0600][68.879s][info][gc,stats    ]   CTR: <total>                     2335 us
[2026-04-03T02:25:06.375+0600][68.879s][info][gc,stats    ]   CTR: Thread Roots                2335 us, workers (us): 823, 763, 749, ---, ---, ---, 
[2026-04-03T02:25:06.375+0600][68.879s][info][gc,stats    ] Concurrent Weak References          995 us, parallelism: 0.99x
[2026-04-03T02:25:06.375+0600][68.879s][info][gc,stats    ]   CWRF: <total>                     984 us
[2026-04-03T02:25:06.375+0600][68.879s][info][gc,stats    ]   CWRF: Weak References             984 us, workers (us): 229,  55, 701, ---, ---, ---, 
[2026-04-03T02:25:06.375+0600][68.879s][info][gc,stats    ] Concurrent Weak Roots              4882 us
[2026-04-03T02:25:06.375+0600][68.879s][info][gc,stats    ]   Roots                            4221 us, parallelism: 2.68x
[2026-04-03T02:25:06.375+0600][68.879s][info][gc,stats    ]     CWR: <total>                  11290 us
[2026-04-03T02:25:06.375+0600][68.879s][info][gc,stats    ]     CWR: Code Cache Roots          9116 us, workers (us): 2963, 3037, 3116, ---, ---, ---, 
[2026-04-03T02:25:06.375+0600][68.879s][info][gc,stats    ]     CWR: VM Weak Roots             2029 us, workers (us): 679, 672, 678, ---, ---, ---, 
[2026-04-03T02:25:06.375+0600][68.879s][info][gc,stats    ]     CWR: CLDG Roots                 145 us, workers (us): ---, 145, ---, ---, ---, ---, 
[2026-04-03T02:25:06.375+0600][68.879s][info][gc,stats    ]   Rendezvous                        540 us
[2026-04-03T02:25:06.375+0600][68.879s][info][gc,stats    ] Concurrent Cleanup                 1225 us
[2026-04-03T02:25:06.375+0600][68.879s][info][gc,stats    ] Concurrent Class Unloading        16744 us
[2026-04-03T02:25:06.375+0600][68.879s][info][gc,stats    ]   Unlink Stale                    15563 us
[2026-04-03T02:25:06.376+0600][68.879s][info][gc,stats    ]     System Dictionary               282 us
[2026-04-03T02:25:06.376+0600][68.879s][info][gc,stats    ]     Weak Class Links                  0 us
[2026-04-03T02:25:06.376+0600][68.879s][info][gc,stats    ]     Code Roots                    15277 us
[2026-04-03T02:25:06.376+0600][68.879s][info][gc,stats    ]   Rendezvous                        405 us
[2026-04-03T02:25:06.376+0600][68.879s][info][gc,stats    ]   Purge Unlinked                    644 us
[2026-04-03T02:25:06.376+0600][68.879s][info][gc,stats    ]     Code Roots                      623 us
[2026-04-03T02:25:06.376+0600][68.879s][info][gc,stats    ]     CLDG                             19 us
[2026-04-03T02:25:06.376+0600][68.879s][info][gc,stats    ]     Exception Caches                  1 us
[2026-04-03T02:25:06.376+0600][68.879s][info][gc,stats    ] Concurrent Strong Roots            1800 us, parallelism: 0.69x
[2026-04-03T02:25:06.376+0600][68.879s][info][gc,stats    ]   CSR: <total>                     1243 us
[2026-04-03T02:25:06.376+0600][68.879s][info][gc,stats    ]   CSR: VM Strong Roots               75 us, workers (us):  29,  28,  18, ---, ---, ---, 
[2026-04-03T02:25:06.376+0600][68.879s][info][gc,stats    ]   CSR: CLDG Roots                  1168 us, workers (us): ---, ---, 1168, ---, ---, ---, 
[2026-04-03T02:25:06.376+0600][68.879s][info][gc,stats    ] Concurrent Evacuation              2175 us
[2026-04-03T02:25:06.376+0600][68.879s][info][gc,stats    ] Pause Init Update Refs (G)          420 us
[2026-04-03T02:25:06.376+0600][68.879s][info][gc,stats    ] Pause Init Update Refs (N)          191 us
[2026-04-03T02:25:06.376+0600][68.879s][info][gc,stats    ]   Manage GCLABs                      49 us
[2026-04-03T02:25:06.376+0600][68.879s][info][gc,stats    ] Concurrent Update Refs            45628 us
[2026-04-03T02:25:06.376+0600][68.879s][info][gc,stats    ] Concurrent Update Thread Roots     2519 us
[2026-04-03T02:25:06.376+0600][68.879s][info][gc,stats    ] Pause Final Update Refs (G)        1179 us
[2026-04-03T02:25:06.376+0600][68.879s][info][gc,stats    ] Pause Final Update Refs (N)         271 us
[2026-04-03T02:25:06.376+0600][68.879s][info][gc,stats    ]   Update Region States               79 us
[2026-04-03T02:25:06.376+0600][68.879s][info][gc,stats    ]   Trash Collection Set               23 us
[2026-04-03T02:25:06.376+0600][68.879s][info][gc,stats    ]   Rebuild Free Set                   48 us
[2026-04-03T02:25:06.376+0600][68.879s][info][gc,stats    ] Concurrent Cleanup                  410 us
[2026-04-03T02:25:06.376+0600][68.879s][info][gc,stats    ] Pacing                           211860 us
[2026-04-03T02:25:06.376+0600][68.879s][info][gc,stats    ] 
[2026-04-03T02:25:06.376+0600][68.879s][info][gc,stats    ] Allocation pacing accrued:
[2026-04-03T02:25:06.376+0600][68.879s][info][gc,stats    ]      20 of   328 ms (  6.0%): dispatcher-event-loop-1
[2026-04-03T02:25:06.376+0600][68.879s][info][gc,stats    ]      19 of   328 ms (  5.9%): dispatcher-BlockManagerMaster
[2026-04-03T02:25:06.376+0600][68.879s][info][gc,stats    ]      10 of   328 ms (  3.1%): Spark Context Cleaner
[2026-04-03T02:25:06.376+0600][68.879s][info][gc,stats    ]      22 of   328 ms (  6.8%): Executor task launch worker for task 2.0 in stage 2744.0 (TID 5101)
[2026-04-03T02:25:06.376+0600][68.879s][info][gc,stats    ]      11 of   328 ms (  3.4%): Executor task launch worker for task 0.0 in stage 2744.0 (TID 5099)
[2026-04-03T02:25:06.376+0600][68.879s][info][gc,stats    ]      22 of   328 ms (  6.8%): Executor task launch worker for task 1.0 in stage 2744.0 (TID 5100)
[2026-04-03T02:25:06.376+0600][68.879s][info][gc,stats    ]      11 of   328 ms (  3.4%): Executor task launch worker for task 0.0 in stage 2740.0 (TID 5091)
[2026-04-03T02:25:06.376+0600][68.879s][info][gc,stats    ]      22 of   328 ms (  6.9%): Executor task launch worker for task 3.0 in stage 2744.0 (TID 5102)
[2026-04-03T02:25:06.376+0600][68.879s][info][gc,stats    ]      22 of   328 ms (  6.8%): Executor task launch worker for task 6.0 in stage 2740.0 (TID 5097)
[2026-04-03T02:25:06.376+0600][68.879s][info][gc,stats    ]      31 of   328 ms (  9.6%): task-result-getter-2
[2026-04-03T02:25:06.376+0600][68.879s][info][gc,stats    ]      19 of   328 ms (  5.9%): task-result-getter-3
[2026-04-03T02:25:06.376+0600][68.879s][info][gc,stats    ]     212 of   328 ms ( 64.6%): <total>
[2026-04-03T02:25:06.376+0600][68.879s][info][gc,stats    ]       1 of   328 ms (  0.2%): <average total>
[2026-04-03T02:25:06.376+0600][68.879s][info][gc,stats    ]      19 of   328 ms (  5.9%): <average non-zero>
[2026-04-03T02:25:06.376+0600][68.879s][info][gc,stats    ] 
[2026-04-03T02:25:06.376+0600][68.879s][info][gc,metaspace] Metaspace: 131485K(132736K)->131489K(132736K) NonClass: 114995K(115584K)->114999K(115584K) Class: 16489K(17152K)->16489K(17152K)
[2026-04-03T02:25:06.376+0600][68.879s][info][gc,ergo     ] Pacer for Idle. Initial: 20480K, Alloc Tax Rate: 1.0x
[2026-04-03T02:25:06.485+0600][68.988s][info][gc          ] Trigger: Average GC time (178.74 ms) is above the time for average allocation rate (1746 MB/s) to deplete free headroom (310M) (margin of error = 1.84)
[2026-04-03T02:25:06.485+0600][68.988s][info][gc,ergo     ] Free headroom: 360M (free) - 51200K (spike) - 0B (penalties) = 310M
[2026-04-03T02:25:06.485+0600][68.988s][info][gc,ergo     ] Free: 360M, Max: 256K regular, 124M humongous, Frag: 66% external, 0% internal; Reserve: 51200K, Max: 256K
[2026-04-03T02:25:06.485+0600][68.988s][info][gc,start    ] GC(85) Concurrent reset
[2026-04-03T02:25:06.485+0600][68.988s][info][gc,task     ] GC(85) Using 3 of 6 workers for concurrent reset
[2026-04-03T02:25:06.485+0600][68.988s][info][gc,ergo     ] GC(85) Pacer for Reset. Non-Taxable: 1000M
[2026-04-03T02:25:06.486+0600][68.989s][info][gc          ] GC(85) Concurrent reset 1.222ms
[2026-04-03T02:25:06.486+0600][68.990s][info][gc,start    ] GC(85) Pause Init Mark (unload classes)
[2026-04-03T02:25:06.486+0600][68.990s][info][gc,task     ] GC(85) Using 6 of 6 workers for init marking
[2026-04-03T02:25:06.486+0600][68.990s][info][gc,ergo     ] GC(85) Pacer for Mark. Expected Live: 93637K, Free: 360M, Non-Taxable: 36882K, Alloc Tax Rate: 0.3x
[2026-04-03T02:25:06.486+0600][68.990s][info][gc          ] GC(85) Pause Init Mark (unload classes) 0.156ms
[2026-04-03T02:25:06.487+0600][68.990s][info][gc,start    ] GC(85) Concurrent marking roots
[2026-04-03T02:25:06.487+0600][68.990s][info][gc,task     ] GC(85) Using 3 of 6 workers for concurrent marking roots
[2026-04-03T02:25:06.488+0600][68.991s][info][gc          ] GC(85) Concurrent marking roots 1.559ms
[2026-04-03T02:25:06.488+0600][68.991s][info][gc,start    ] GC(85) Concurrent marking (unload classes)
[2026-04-03T02:25:06.488+0600][68.991s][info][gc,task     ] GC(85) Using 3 of 6 workers for concurrent marking
[2026-04-03T02:25:06.555+0600][69.058s][info][gc          ] GC(85) Concurrent marking (unload classes) 66.338ms
[2026-04-03T02:25:06.555+0600][69.058s][info][gc,start    ] GC(85) Pause Final Mark (unload classes)
[2026-04-03T02:25:06.555+0600][69.058s][info][gc,task     ] GC(85) Using 6 of 6 workers for final marking
[2026-04-03T02:25:06.556+0600][69.059s][info][gc,ergo     ] GC(85) Adaptive CSet Selection. Target Free: 141M, Actual Free: 775M, Max CSet: 42666K, Min Garbage: 0B
[2026-04-03T02:25:06.556+0600][69.059s][info][gc,ergo     ] GC(85) Collectable Garbage: 459M (98%), Immediate: 401M (85%), CSet: 60169K (12%)
[2026-04-03T02:25:06.556+0600][69.059s][info][gc,ergo     ] GC(85) Pacer for Evacuation. Used CSet: 64001K, Free: 756M, Non-Taxable: 77498K, Alloc Tax Rate: 1.1x
[2026-04-03T02:25:06.556+0600][69.059s][info][gc          ] GC(85) Pause Final Mark (unload classes) 0.997ms
[2026-04-03T02:25:06.556+0600][69.059s][info][gc,start    ] GC(85) Concurrent thread roots
[2026-04-03T02:25:06.556+0600][69.059s][info][gc,task     ] GC(85) Using 3 of 6 workers for Concurrent thread roots
[2026-04-03T02:25:06.557+0600][69.060s][info][gc          ] GC(85) Concurrent thread roots 1.139ms
[2026-04-03T02:25:06.557+0600][69.060s][info][gc,start    ] GC(85) Concurrent weak references
[2026-04-03T02:25:06.557+0600][69.060s][info][gc,task     ] GC(85) Using 3 of 6 workers for concurrent weak references
[2026-04-03T02:25:06.558+0600][69.061s][info][gc,ref      ] GC(85) Encountered references: Soft: 3784, Weak: 15095, Final: 84, Phantom: 620
[2026-04-03T02:25:06.558+0600][69.061s][info][gc,ref      ] GC(85) Discovered  references: Soft: 0, Weak: 6059, Final: 84, Phantom: 615
[2026-04-03T02:25:06.558+0600][69.061s][info][gc,ref      ] GC(85) Enqueued    references: Soft: 0, Weak: 520, Final: 0, Phantom: 0
[2026-04-03T02:25:06.558+0600][69.061s][info][gc          ] GC(85) Concurrent weak references 0.434ms
[2026-04-03T02:25:06.558+0600][69.061s][info][gc,start    ] GC(85) Concurrent weak roots
[2026-04-03T02:25:06.558+0600][69.061s][info][gc,task     ] GC(85) Using 3 of 6 workers for concurrent weak root
[2026-04-03T02:25:06.563+0600][69.066s][info][gc          ] GC(85) Concurrent weak roots 4.884ms
[2026-04-03T02:25:06.563+0600][69.066s][info][gc,start    ] GC(85) Concurrent cleanup
[2026-04-03T02:25:06.564+0600][69.067s][info][gc          ] GC(85) Concurrent cleanup 589M->188M(845M) 1.292ms
[2026-04-03T02:25:06.564+0600][69.067s][info][gc,ergo     ] GC(85) Free: 756M, Max: 256K regular, 125M humongous, Frag: 84% external, 0% internal; Reserve: 50816K, Max: 256K
[2026-04-03T02:25:06.564+0600][69.067s][info][gc,start    ] GC(85) Concurrent class unloading
[2026-04-03T02:25:06.564+0600][69.067s][info][gc,task     ] GC(85) Using 3 of 6 workers for concurrent class unloading
[2026-04-03T02:25:06.578+0600][69.081s][info][gc          ] GC(85) Concurrent class unloading 14.202ms
[2026-04-03T02:25:06.578+0600][69.082s][info][gc,start    ] GC(85) Concurrent strong roots
[2026-04-03T02:25:06.578+0600][69.082s][info][gc,task     ] GC(85) Using 3 of 6 workers for concurrent strong root
[2026-04-03T02:25:06.579+0600][69.083s][info][gc          ] GC(85) Concurrent strong roots 0.988ms
[2026-04-03T02:25:06.579+0600][69.083s][info][gc,start    ] GC(85) Concurrent evacuation
[2026-04-03T02:25:06.579+0600][69.083s][info][gc,task     ] GC(85) Using 3 of 6 workers for concurrent evacuation
[2026-04-03T02:25:06.581+0600][69.085s][info][gc          ] GC(85) Concurrent evacuation 2.097ms
[2026-04-03T02:25:06.582+0600][69.085s][info][gc,start    ] GC(85) Pause Init Update Refs
[2026-04-03T02:25:06.582+0600][69.085s][info][gc,ergo     ] GC(85) Pacer for Update Refs. Used: 198M, Free: 750M, Non-Taxable: 76900K, Alloc Tax Rate: 1.1x
[2026-04-03T02:25:06.582+0600][69.085s][info][gc          ] GC(85) Pause Init Update Refs 0.076ms
[2026-04-03T02:25:06.582+0600][69.085s][info][gc,start    ] GC(85) Concurrent update references
[2026-04-03T02:25:06.582+0600][69.085s][info][gc,task     ] GC(85) Using 3 of 6 workers for concurrent reference update
[2026-04-03T02:25:06.618+0600][69.121s][info][gc          ] GC(85) Concurrent update references 36.396ms
[2026-04-03T02:25:06.618+0600][69.121s][info][gc,start    ] GC(85) Concurrent update thread roots
[2026-04-03T02:25:06.619+0600][69.123s][info][gc          ] GC(85) Concurrent update thread roots 1.041ms
[2026-04-03T02:25:06.619+0600][69.123s][info][gc,start    ] GC(85) Pause Final Update Refs
[2026-04-03T02:25:06.619+0600][69.123s][info][gc,task     ] GC(85) Using 6 of 6 workers for final reference update
[2026-04-03T02:25:06.619+0600][69.123s][info][gc          ] GC(85) Pause Final Update Refs 0.163ms
[2026-04-03T02:25:06.620+0600][69.123s][info][gc,start    ] GC(85) Concurrent cleanup
[2026-04-03T02:25:06.620+0600][69.123s][info][gc          ] GC(85) Concurrent cleanup 207M->145M(845M) 0.643ms
[2026-04-03T02:25:06.620+0600][69.124s][info][gc,ergo     ] Free: 799M, Max: 256K regular, 244M humongous, Frag: 70% external, 0% internal; Reserve: 51200K, Max: 256K
[2026-04-03T02:25:06.620+0600][69.124s][info][gc,stats    ] 
[2026-04-03T02:25:06.620+0600][69.124s][info][gc,stats    ] All times are wall-clock times, except per-root-class counters, that are sum over
[2026-04-03T02:25:06.620+0600][69.124s][info][gc,stats    ] all workers. Dividing the <total> over the root stage time estimates parallelism.
[2026-04-03T02:25:06.620+0600][69.124s][info][gc,stats    ] 
[2026-04-03T02:25:06.620+0600][69.124s][info][gc,stats    ] Concurrent Reset                   1311 us
[2026-04-03T02:25:06.620+0600][69.124s][info][gc,stats    ] Pause Init Mark (G)                 478 us
[2026-04-03T02:25:06.620+0600][69.124s][info][gc,stats    ] Pause Init Mark (N)                 170 us
[2026-04-03T02:25:06.620+0600][69.124s][info][gc,stats    ]   Update Region States               42 us
[2026-04-03T02:25:06.620+0600][69.124s][info][gc,stats    ] Concurrent Mark Roots              1621 us, parallelism: 1.67x
[2026-04-03T02:25:06.620+0600][69.124s][info][gc,stats    ]   CMR: <total>                     2710 us
[2026-04-03T02:25:06.620+0600][69.124s][info][gc,stats    ]   CMR: Thread Roots                2245 us, workers (us): 486, 873, 885, ---, ---, ---, 
[2026-04-03T02:25:06.620+0600][69.124s][info][gc,stats    ]   CMR: VM Strong Roots               55 us, workers (us):  25,  17,  14, ---, ---, ---, 
[2026-04-03T02:25:06.620+0600][69.124s][info][gc,stats    ]   CMR: CLDG Roots                   410 us, workers (us): 410, ---, ---, ---, ---, ---, 
[2026-04-03T02:25:06.620+0600][69.124s][info][gc,stats    ] Concurrent Marking                66422 us
[2026-04-03T02:25:06.620+0600][69.124s][info][gc,stats    ] Pause Final Mark (G)               1406 us
[2026-04-03T02:25:06.620+0600][69.124s][info][gc,stats    ] Pause Final Mark (N)               1011 us
[2026-04-03T02:25:06.620+0600][69.124s][info][gc,stats    ]   Finish Mark                       345 us
[2026-04-03T02:25:06.620+0600][69.124s][info][gc,stats    ]   Update Region States               84 us
[2026-04-03T02:25:06.620+0600][69.124s][info][gc,stats    ]   Choose Collection Set             301 us
[2026-04-03T02:25:06.620+0600][69.124s][info][gc,stats    ]   Rebuild Free Set                   57 us
[2026-04-03T02:25:06.620+0600][69.124s][info][gc,stats    ] Concurrent Thread Roots            1178 us, parallelism: 2.42x
[2026-04-03T02:25:06.620+0600][69.124s][info][gc,stats    ]   CTR: <total>                     2856 us
[2026-04-03T02:25:06.620+0600][69.124s][info][gc,stats    ]   CTR: Thread Roots                2856 us, workers (us): 953, 944, 959, ---, ---, ---, 
[2026-04-03T02:25:06.620+0600][69.124s][info][gc,stats    ] Concurrent Weak References          443 us, parallelism: 1.95x
[2026-04-03T02:25:06.620+0600][69.124s][info][gc,stats    ]   CWRF: <total>                     865 us
[2026-04-03T02:25:06.620+0600][69.124s][info][gc,stats    ]   CWRF: Weak References             865 us, workers (us): 345, 315, 206, ---, ---, ---, 
[2026-04-03T02:25:06.620+0600][69.124s][info][gc,stats    ] Concurrent Weak Roots              4940 us
[2026-04-03T02:25:06.620+0600][69.124s][info][gc,stats    ]   Roots                            4593 us, parallelism: 2.71x
[2026-04-03T02:25:06.620+0600][69.124s][info][gc,stats    ]     CWR: <total>                  12443 us
[2026-04-03T02:25:06.620+0600][69.124s][info][gc,stats    ]     CWR: Code Cache Roots          9565 us, workers (us): 3198, 3145, 3222, ---, ---, ---, 
[2026-04-03T02:25:06.620+0600][69.124s][info][gc,stats    ]     CWR: VM Weak Roots             2629 us, workers (us): 878, 868, 882, ---, ---, ---, 
[2026-04-03T02:25:06.620+0600][69.124s][info][gc,stats    ]     CWR: CLDG Roots                 250 us, workers (us): ---, 250, ---, ---, ---, ---, 
[2026-04-03T02:25:06.621+0600][69.124s][info][gc,stats    ]   Rendezvous                        269 us
[2026-04-03T02:25:06.621+0600][69.124s][info][gc,stats    ] Concurrent Cleanup                 1332 us
[2026-04-03T02:25:06.621+0600][69.124s][info][gc,stats    ] Concurrent Class Unloading        14279 us
[2026-04-03T02:25:06.621+0600][69.124s][info][gc,stats    ]   Unlink Stale                    13238 us
[2026-04-03T02:25:06.621+0600][69.124s][info][gc,stats    ]     System Dictionary               300 us
[2026-04-03T02:25:06.621+0600][69.124s][info][gc,stats    ]     Weak Class Links                  0 us
[2026-04-03T02:25:06.621+0600][69.124s][info][gc,stats    ]     Code Roots                    12934 us
[2026-04-03T02:25:06.621+0600][69.124s][info][gc,stats    ]   Rendezvous                        455 us
[2026-04-03T02:25:06.621+0600][69.124s][info][gc,stats    ]   Purge Unlinked                    481 us
[2026-04-03T02:25:06.621+0600][69.124s][info][gc,stats    ]     Code Roots                      469 us
[2026-04-03T02:25:06.621+0600][69.124s][info][gc,stats    ]     CLDG                             11 us
[2026-04-03T02:25:06.621+0600][69.124s][info][gc,stats    ]     Exception Caches                  0 us
[2026-04-03T02:25:06.621+0600][69.124s][info][gc,stats    ] Concurrent Strong Roots            1022 us, parallelism: 0.62x
[2026-04-03T02:25:06.621+0600][69.124s][info][gc,stats    ]   CSR: <total>                      629 us
[2026-04-03T02:25:06.621+0600][69.124s][info][gc,stats    ]   CSR: VM Strong Roots               44 us, workers (us):  41,   2,   2, ---, ---, ---, 
[2026-04-03T02:25:06.621+0600][69.124s][info][gc,stats    ]   CSR: CLDG Roots                   584 us, workers (us): 584, ---, ---, ---, ---, ---, 
[2026-04-03T02:25:06.621+0600][69.124s][info][gc,stats    ] Concurrent Evacuation              2163 us
[2026-04-03T02:25:06.621+0600][69.124s][info][gc,stats    ] Pause Init Update Refs (G)          287 us
[2026-04-03T02:25:06.621+0600][69.124s][info][gc,stats    ] Pause Init Update Refs (N)           88 us
[2026-04-03T02:25:06.621+0600][69.124s][info][gc,stats    ]   Manage GCLABs                      43 us
[2026-04-03T02:25:06.621+0600][69.124s][info][gc,stats    ] Concurrent Update Refs            36471 us
[2026-04-03T02:25:06.621+0600][69.124s][info][gc,stats    ] Concurrent Update Thread Roots     1066 us
[2026-04-03T02:25:06.621+0600][69.124s][info][gc,stats    ] Pause Final Update Refs (G)         280 us
[2026-04-03T02:25:06.621+0600][69.124s][info][gc,stats    ] Pause Final Update Refs (N)         182 us
[2026-04-03T02:25:06.621+0600][69.124s][info][gc,stats    ]   Update Region States               62 us
[2026-04-03T02:25:06.621+0600][69.124s][info][gc,stats    ]   Trash Collection Set               15 us
[2026-04-03T02:25:06.621+0600][69.124s][info][gc,stats    ]   Rebuild Free Set                   48 us
[2026-04-03T02:25:06.621+0600][69.124s][info][gc,stats    ] Concurrent Cleanup                  655 us
[2026-04-03T02:25:06.621+0600][69.124s][info][gc,stats    ] 
[2026-04-03T02:25:06.621+0600][69.124s][info][gc,stats    ] Allocation pacing accrued:
[2026-04-03T02:25:06.621+0600][69.124s][info][gc,stats    ]       0 of   245 ms (  0.0%): <total>
[2026-04-03T02:25:06.621+0600][69.124s][info][gc,stats    ]       0 of   245 ms (  0.0%): <average total>
[2026-04-03T02:25:06.621+0600][69.124s][info][gc,stats    ] 
[2026-04-03T02:25:06.621+0600][69.124s][info][gc,metaspace] Metaspace: 131489K(132736K)->131499K(132736K) NonClass: 114999K(115584K)->115009K(115584K) Class: 16489K(17152K)->16489K(17152K)
[2026-04-03T02:25:06.621+0600][69.124s][info][gc,ergo     ] Pacer for Idle. Initial: 20480K, Alloc Tax Rate: 1.0x
[2026-04-03T02:25:07.237+0600][69.741s][info][gc          ] Trigger: Average GC time (166.02 ms) is above the time for average allocation rate (1068 MB/s) to deplete free headroom (176M) (margin of error = 1.83)
[2026-04-03T02:25:07.237+0600][69.741s][info][gc,ergo     ] Free headroom: 226M (free) - 51200K (spike) - 0B (penalties) = 176M
[2026-04-03T02:25:07.237+0600][69.741s][info][gc,ergo     ] Free: 226M, Max: 256K regular, 127M humongous, Frag: 44% external, 0% internal; Reserve: 51200K, Max: 256K
[2026-04-03T02:25:07.237+0600][69.741s][info][gc,start    ] GC(86) Concurrent reset
[2026-04-03T02:25:07.237+0600][69.741s][info][gc,task     ] GC(86) Using 3 of 6 workers for concurrent reset
[2026-04-03T02:25:07.237+0600][69.741s][info][gc,ergo     ] GC(86) Pacer for Reset. Non-Taxable: 1000M
[2026-04-03T02:25:07.238+0600][69.742s][info][gc          ] GC(86) Concurrent reset 1.025ms
[2026-04-03T02:25:07.239+0600][69.742s][info][gc,start    ] GC(86) Pause Init Mark (unload classes)
[2026-04-03T02:25:07.239+0600][69.742s][info][gc,task     ] GC(86) Using 6 of 6 workers for init marking
[2026-04-03T02:25:07.239+0600][69.742s][info][gc,ergo     ] GC(86) Pacer for Mark. Expected Live: 93195K, Free: 224M, Non-Taxable: 22974K, Alloc Tax Rate: 0.5x
[2026-04-03T02:25:07.239+0600][69.742s][info][gc          ] GC(86) Pause Init Mark (unload classes) 0.173ms
[2026-04-03T02:25:07.239+0600][69.742s][info][gc,start    ] GC(86) Concurrent marking roots
[2026-04-03T02:25:07.239+0600][69.742s][info][gc,task     ] GC(86) Using 3 of 6 workers for concurrent marking roots
[2026-04-03T02:25:07.241+0600][69.744s][info][gc          ] GC(86) Concurrent marking roots 1.657ms
[2026-04-03T02:25:07.241+0600][69.744s][info][gc,start    ] GC(86) Concurrent marking (unload classes)
[2026-04-03T02:25:07.241+0600][69.744s][info][gc,task     ] GC(86) Using 3 of 6 workers for concurrent marking
[2026-04-03T02:25:07.304+0600][69.807s][info][gc          ] GC(86) Concurrent marking (unload classes) 62.869ms
[2026-04-03T02:25:07.304+0600][69.807s][info][gc,start    ] GC(86) Pause Final Mark (unload classes)
[2026-04-03T02:25:07.304+0600][69.807s][info][gc,task     ] GC(86) Using 6 of 6 workers for final marking
[2026-04-03T02:25:07.304+0600][69.808s][info][gc,ergo     ] GC(86) Adaptive CSet Selection. Target Free: 141M, Actual Free: 719M, Max CSet: 42666K, Min Garbage: 0B
[2026-04-03T02:25:07.304+0600][69.808s][info][gc,ergo     ] GC(86) Collectable Garbage: 583M (98%), Immediate: 485M (82%), CSet: 100226K (16%)
[2026-04-03T02:25:07.304+0600][69.808s][info][gc,ergo     ] GC(86) Pacer for Evacuation. Used CSet: 102M, Free: 708M, Non-Taxable: 72587K, Alloc Tax Rate: 1.1x
[2026-04-03T02:25:07.304+0600][69.808s][info][gc          ] GC(86) Pause Final Mark (unload classes) 0.612ms
[2026-04-03T02:25:07.305+0600][69.808s][info][gc,start    ] GC(86) Concurrent thread roots
[2026-04-03T02:25:07.305+0600][69.808s][info][gc,task     ] GC(86) Using 3 of 6 workers for Concurrent thread roots
[2026-04-03T02:25:07.306+0600][69.809s][info][gc          ] GC(86) Concurrent thread roots 1.004ms
[2026-04-03T02:25:07.306+0600][69.809s][info][gc,start    ] GC(86) Concurrent weak references
[2026-04-03T02:25:07.306+0600][69.809s][info][gc,task     ] GC(86) Using 3 of 6 workers for concurrent weak references
[2026-04-03T02:25:07.306+0600][69.809s][info][gc,ref      ] GC(86) Encountered references: Soft: 3791, Weak: 15499, Final: 84, Phantom: 620
[2026-04-03T02:25:07.306+0600][69.809s][info][gc,ref      ] GC(86) Discovered  references: Soft: 0, Weak: 8197, Final: 48, Phantom: 578
[2026-04-03T02:25:07.306+0600][69.809s][info][gc,ref      ] GC(86) Enqueued    references: Soft: 0, Weak: 123, Final: 0, Phantom: 0
[2026-04-03T02:25:07.306+0600][69.809s][info][gc          ] GC(86) Concurrent weak references 0.600ms
[2026-04-03T02:25:07.306+0600][69.809s][info][gc,start    ] GC(86) Concurrent weak roots
[2026-04-03T02:25:07.306+0600][69.810s][info][gc,task     ] GC(86) Using 3 of 6 workers for concurrent weak root
[2026-04-03T02:25:07.312+0600][69.815s][info][gc          ] GC(86) Concurrent weak roots 5.348ms
[2026-04-03T02:25:07.312+0600][69.815s][info][gc,start    ] GC(86) Concurrent cleanup
[2026-04-03T02:25:07.313+0600][69.816s][info][gc          ] GC(86) Concurrent cleanup 727M->242M(845M) 1.376ms
[2026-04-03T02:25:07.313+0600][69.816s][info][gc,ergo     ] GC(86) Free: 704M, Max: 256K regular, 127M humongous, Frag: 82% external, 0% internal; Reserve: 50744K, Max: 256K
[2026-04-03T02:25:07.313+0600][69.816s][info][gc,start    ] GC(86) Concurrent class unloading
[2026-04-03T02:25:07.313+0600][69.816s][info][gc,task     ] GC(86) Using 3 of 6 workers for concurrent class unloading
[2026-04-03T02:25:07.332+0600][69.836s][info][gc          ] GC(86) Concurrent class unloading 19.358ms
[2026-04-03T02:25:07.333+0600][69.836s][info][gc,start    ] GC(86) Concurrent strong roots
[2026-04-03T02:25:07.333+0600][69.836s][info][gc,task     ] GC(86) Using 3 of 6 workers for concurrent strong root
[2026-04-03T02:25:07.334+0600][69.837s][info][gc          ] GC(86) Concurrent strong roots 1.007ms
[2026-04-03T02:25:07.334+0600][69.837s][info][gc,start    ] GC(86) Concurrent evacuation
[2026-04-03T02:25:07.334+0600][69.837s][info][gc,task     ] GC(86) Using 3 of 6 workers for concurrent evacuation
[2026-04-03T02:25:07.336+0600][69.839s][info][gc          ] GC(86) Concurrent evacuation 2.210ms
[2026-04-03T02:25:07.336+0600][69.840s][info][gc,start    ] GC(86) Pause Init Update Refs
[2026-04-03T02:25:07.337+0600][69.840s][info][gc,ergo     ] GC(86) Pacer for Update Refs. Used: 269M, Free: 679M, Non-Taxable: 69555K, Alloc Tax Rate: 1.1x
[2026-04-03T02:25:07.337+0600][69.840s][info][gc          ] GC(86) Pause Init Update Refs 0.120ms
[2026-04-03T02:25:07.337+0600][69.840s][info][gc,start    ] GC(86) Concurrent update references
[2026-04-03T02:25:07.337+0600][69.840s][info][gc,task     ] GC(86) Using 3 of 6 workers for concurrent reference update
[2026-04-03T02:25:07.387+0600][69.890s][info][gc          ] GC(86) Concurrent update references 49.892ms
[2026-04-03T02:25:07.387+0600][69.890s][info][gc,start    ] GC(86) Concurrent update thread roots
[2026-04-03T02:25:07.388+0600][69.891s][info][gc          ] GC(86) Concurrent update thread roots 1.420ms
[2026-04-03T02:25:07.388+0600][69.892s][info][gc,start    ] GC(86) Pause Final Update Refs
[2026-04-03T02:25:07.388+0600][69.892s][info][gc,task     ] GC(86) Using 6 of 6 workers for final reference update
[2026-04-03T02:25:07.389+0600][69.892s][info][gc          ] GC(86) Pause Final Update Refs 0.239ms
[2026-04-03T02:25:07.389+0600][69.892s][info][gc,start    ] GC(86) Concurrent cleanup
[2026-04-03T02:25:07.389+0600][69.892s][info][gc          ] GC(86) Concurrent cleanup 299M->198M(845M) 0.367ms
[2026-04-03T02:25:07.389+0600][69.893s][info][gc,ergo     ] Free: 743M, Max: 256K regular, 258M humongous, Frag: 66% external, 0% internal; Reserve: 51200K, Max: 256K
[2026-04-03T02:25:07.389+0600][69.893s][info][gc,stats    ] 
[2026-04-03T02:25:07.389+0600][69.893s][info][gc,stats    ] All times are wall-clock times, except per-root-class counters, that are sum over
[2026-04-03T02:25:07.389+0600][69.893s][info][gc,stats    ] all workers. Dividing the <total> over the root stage time estimates parallelism.
[2026-04-03T02:25:07.389+0600][69.893s][info][gc,stats    ] 
[2026-04-03T02:25:07.389+0600][69.893s][info][gc,stats    ] Concurrent Reset                   1061 us
[2026-04-03T02:25:07.389+0600][69.893s][info][gc,stats    ] Pause Init Mark (G)                 523 us
[2026-04-03T02:25:07.389+0600][69.893s][info][gc,stats    ] Pause Init Mark (N)                 183 us
[2026-04-03T02:25:07.389+0600][69.893s][info][gc,stats    ]   Update Region States               66 us
[2026-04-03T02:25:07.389+0600][69.893s][info][gc,stats    ] Concurrent Mark Roots              1720 us, parallelism: 1.86x
[2026-04-03T02:25:07.389+0600][69.893s][info][gc,stats    ]   CMR: <total>                     3191 us
[2026-04-03T02:25:07.389+0600][69.893s][info][gc,stats    ]   CMR: Thread Roots                2631 us, workers (us): 545, 1037, 1049, ---, ---, ---, 
[2026-04-03T02:25:07.389+0600][69.893s][info][gc,stats    ]   CMR: VM Strong Roots               68 us, workers (us):  34,  28,   5, ---, ---, ---, 
[2026-04-03T02:25:07.389+0600][69.893s][info][gc,stats    ]   CMR: CLDG Roots                   492 us, workers (us): 492, ---, ---, ---, ---, ---, 
[2026-04-03T02:25:07.389+0600][69.893s][info][gc,stats    ] Concurrent Marking                62951 us
[2026-04-03T02:25:07.389+0600][69.893s][info][gc,stats    ] Pause Final Mark (G)                803 us
[2026-04-03T02:25:07.390+0600][69.893s][info][gc,stats    ] Pause Final Mark (N)                622 us
[2026-04-03T02:25:07.390+0600][69.893s][info][gc,stats    ]   Finish Mark                       182 us
[2026-04-03T02:25:07.390+0600][69.893s][info][gc,stats    ]   Update Region States               50 us
[2026-04-03T02:25:07.390+0600][69.893s][info][gc,stats    ]   Choose Collection Set             239 us
[2026-04-03T02:25:07.390+0600][69.893s][info][gc,stats    ]   Rebuild Free Set                   45 us
[2026-04-03T02:25:07.390+0600][69.893s][info][gc,stats    ] Concurrent Thread Roots            1026 us, parallelism: 2.58x
[2026-04-03T02:25:07.390+0600][69.893s][info][gc,stats    ]   CTR: <total>                     2652 us
[2026-04-03T02:25:07.390+0600][69.893s][info][gc,stats    ]   CTR: Thread Roots                2652 us, workers (us): 897, 885, 870, ---, ---, ---, 
[2026-04-03T02:25:07.390+0600][69.893s][info][gc,stats    ] Concurrent Weak References          641 us, parallelism: 1.40x
[2026-04-03T02:25:07.390+0600][69.893s][info][gc,stats    ]   CWRF: <total>                     895 us
[2026-04-03T02:25:07.390+0600][69.893s][info][gc,stats    ]   CWRF: Weak References             895 us, workers (us): 495, 322,  78, ---, ---, ---, 
[2026-04-03T02:25:07.390+0600][69.893s][info][gc,stats    ] Concurrent Weak Roots              5423 us
[2026-04-03T02:25:07.390+0600][69.893s][info][gc,stats    ]   Roots                            4884 us, parallelism: 2.79x
[2026-04-03T02:25:07.390+0600][69.893s][info][gc,stats    ]     CWR: <total>                  13615 us
[2026-04-03T02:25:07.390+0600][69.893s][info][gc,stats    ]     CWR: Code Cache Roots         10452 us, workers (us): 3532, 3557, 3363, ---, ---, ---, 
[2026-04-03T02:25:07.390+0600][69.893s][info][gc,stats    ]     CWR: VM Weak Roots             2956 us, workers (us): 1040, 1008, 907, ---, ---, ---, 
[2026-04-03T02:25:07.390+0600][69.893s][info][gc,stats    ]     CWR: CLDG Roots                 207 us, workers (us): ---, ---, 207, ---, ---, ---, 
[2026-04-03T02:25:07.390+0600][69.893s][info][gc,stats    ]   Rendezvous                        428 us
[2026-04-03T02:25:07.390+0600][69.893s][info][gc,stats    ] Concurrent Cleanup                 1414 us
[2026-04-03T02:25:07.390+0600][69.893s][info][gc,stats    ] Concurrent Class Unloading        19438 us
[2026-04-03T02:25:07.390+0600][69.893s][info][gc,stats    ]   Unlink Stale                    17545 us
[2026-04-03T02:25:07.390+0600][69.893s][info][gc,stats    ]     System Dictionary               263 us
[2026-04-03T02:25:07.390+0600][69.893s][info][gc,stats    ]     Weak Class Links                  0 us
[2026-04-03T02:25:07.390+0600][69.893s][info][gc,stats    ]     Code Roots                    17258 us
[2026-04-03T02:25:07.390+0600][69.893s][info][gc,stats    ]   Rendezvous                        517 us
[2026-04-03T02:25:07.390+0600][69.893s][info][gc,stats    ]   Purge Unlinked                   1257 us
[2026-04-03T02:25:07.390+0600][69.893s][info][gc,stats    ]     Code Roots                     1245 us
[2026-04-03T02:25:07.390+0600][69.893s][info][gc,stats    ]     CLDG                             11 us
[2026-04-03T02:25:07.390+0600][69.893s][info][gc,stats    ]     Exception Caches                  1 us
[2026-04-03T02:25:07.390+0600][69.893s][info][gc,stats    ] Concurrent Strong Roots            1059 us, parallelism: 0.58x
[2026-04-03T02:25:07.390+0600][69.893s][info][gc,stats    ]   CSR: <total>                      614 us
[2026-04-03T02:25:07.390+0600][69.893s][info][gc,stats    ]   CSR: VM Strong Roots               58 us, workers (us):  17,  21,  20, ---, ---, ---, 
[2026-04-03T02:25:07.390+0600][69.893s][info][gc,stats    ]   CSR: CLDG Roots                   556 us, workers (us): 556, ---, ---, ---, ---, ---, 
[2026-04-03T02:25:07.390+0600][69.893s][info][gc,stats    ] Concurrent Evacuation              2423 us
[2026-04-03T02:25:07.390+0600][69.893s][info][gc,stats    ] Pause Init Update Refs (G)          612 us
[2026-04-03T02:25:07.390+0600][69.893s][info][gc,stats    ] Pause Init Update Refs (N)          131 us
[2026-04-03T02:25:07.390+0600][69.893s][info][gc,stats    ]   Manage GCLABs                      48 us
[2026-04-03T02:25:07.390+0600][69.893s][info][gc,stats    ] Concurrent Update Refs            49974 us
[2026-04-03T02:25:07.390+0600][69.893s][info][gc,stats    ] Concurrent Update Thread Roots     1488 us
[2026-04-03T02:25:07.390+0600][69.893s][info][gc,stats    ] Pause Final Update Refs (G)         645 us
[2026-04-03T02:25:07.390+0600][69.893s][info][gc,stats    ] Pause Final Update Refs (N)         257 us
[2026-04-03T02:25:07.390+0600][69.893s][info][gc,stats    ]   Update Region States               70 us
[2026-04-03T02:25:07.390+0600][69.893s][info][gc,stats    ]   Trash Collection Set               21 us
[2026-04-03T02:25:07.390+0600][69.893s][info][gc,stats    ]   Rebuild Free Set                   60 us
[2026-04-03T02:25:07.390+0600][69.893s][info][gc,stats    ] Concurrent Cleanup                  392 us
[2026-04-03T02:25:07.390+0600][69.893s][info][gc,stats    ] Pacing                           205143 us
[2026-04-03T02:25:07.390+0600][69.893s][info][gc,stats    ] 
[2026-04-03T02:25:07.390+0600][69.893s][info][gc,stats    ] Allocation pacing accrued:
[2026-04-03T02:25:07.390+0600][69.893s][info][gc,stats    ]      25 of   769 ms (  3.2%): Executor task launch worker for task 6.0 in stage 2777.0 (TID 5237)
[2026-04-03T02:25:07.390+0600][69.893s][info][gc,stats    ]      24 of   769 ms (  3.2%): Executor task launch worker for task 5.0 in stage 2777.0 (TID 5236)
[2026-04-03T02:25:07.390+0600][69.893s][info][gc,stats    ]      26 of   769 ms (  3.4%): Executor task launch worker for task 1.0 in stage 2777.0 (TID 5232)
[2026-04-03T02:25:07.390+0600][69.893s][info][gc,stats    ]      26 of   769 ms (  3.4%): Executor task launch worker for task 4.0 in stage 2777.0 (TID 5235)
[2026-04-03T02:25:07.390+0600][69.893s][info][gc,stats    ]      26 of   769 ms (  3.4%): Executor task launch worker for task 0.0 in stage 2777.0 (TID 5231)
[2026-04-03T02:25:07.390+0600][69.893s][info][gc,stats    ]      26 of   769 ms (  3.3%): Executor task launch worker for task 2.0 in stage 2777.0 (TID 5233)
[2026-04-03T02:25:07.390+0600][69.893s][info][gc,stats    ]      25 of   769 ms (  3.3%): Executor task launch worker for task 3.0 in stage 2777.0 (TID 5234)
[2026-04-03T02:25:07.390+0600][69.893s][info][gc,stats    ]      26 of   769 ms (  3.4%): Executor task launch worker for task 7.0 in stage 2777.0 (TID 5238)
[2026-04-03T02:25:07.390+0600][69.893s][info][gc,stats    ]     205 of   769 ms ( 26.7%): <total>
[2026-04-03T02:25:07.390+0600][69.893s][info][gc,stats    ]       1 of   769 ms (  0.1%): <average total>
[2026-04-03T02:25:07.390+0600][69.893s][info][gc,stats    ]      26 of   769 ms (  3.3%): <average non-zero>
[2026-04-03T02:25:07.390+0600][69.893s][info][gc,stats    ] 
[2026-04-03T02:25:07.390+0600][69.893s][info][gc,metaspace] Metaspace: 131505K(132736K)->131505K(132736K) NonClass: 115015K(115584K)->115015K(115584K) Class: 16489K(17152K)->16489K(17152K)
[2026-04-03T02:25:07.390+0600][69.893s][info][gc,ergo     ] Pacer for Idle. Initial: 20480K, Alloc Tax Rate: 1.0x
[2026-04-03T02:25:07.904+0600][70.408s][info][gc          ] Trigger: Average GC time (166.34 ms) is above the time for average allocation rate (978 MB/s) to deplete free headroom (162M) (margin of error = 1.83)
[2026-04-03T02:25:07.904+0600][70.408s][info][gc,ergo     ] Free headroom: 212M (free) - 51200K (spike) - 0B (penalties) = 162M
[2026-04-03T02:25:07.904+0600][70.408s][info][gc,ergo     ] Free: 212M, Max: 256K regular, 124M humongous, Frag: 42% external, 0% internal; Reserve: 51200K, Max: 256K
[2026-04-03T02:25:07.904+0600][70.408s][info][gc,start    ] GC(87) Concurrent reset
[2026-04-03T02:25:07.904+0600][70.408s][info][gc,task     ] GC(87) Using 3 of 6 workers for concurrent reset
[2026-04-03T02:25:07.904+0600][70.408s][info][gc,ergo     ] GC(87) Pacer for Reset. Non-Taxable: 1000M
[2026-04-03T02:25:07.905+0600][70.409s][info][gc          ] GC(87) Concurrent reset 0.924ms
[2026-04-03T02:25:07.906+0600][70.409s][info][gc,start    ] GC(87) Pause Init Mark (unload classes)
[2026-04-03T02:25:07.906+0600][70.409s][info][gc,task     ] GC(87) Using 6 of 6 workers for init marking
[2026-04-03T02:25:07.906+0600][70.409s][info][gc,ergo     ] GC(87) Pacer for Mark. Expected Live: 93987K, Free: 211M, Non-Taxable: 21614K, Alloc Tax Rate: 0.5x
[2026-04-03T02:25:07.906+0600][70.409s][info][gc          ] GC(87) Pause Init Mark (unload classes) 0.141ms
[2026-04-03T02:25:07.906+0600][70.409s][info][gc,start    ] GC(87) Concurrent marking roots
[2026-04-03T02:25:07.906+0600][70.409s][info][gc,task     ] GC(87) Using 3 of 6 workers for concurrent marking roots
[2026-04-03T02:25:07.910+0600][70.413s][info][gc          ] GC(87) Concurrent marking roots 3.812ms
[2026-04-03T02:25:07.910+0600][70.413s][info][gc,start    ] GC(87) Concurrent marking (unload classes)
[2026-04-03T02:25:07.910+0600][70.413s][info][gc,task     ] GC(87) Using 3 of 6 workers for concurrent marking
[2026-04-03T02:25:07.969+0600][70.472s][info][gc          ] GC(87) Concurrent marking (unload classes) 59.386ms
[2026-04-03T02:25:07.969+0600][70.473s][info][gc,start    ] GC(87) Pause Final Mark (unload classes)
[2026-04-03T02:25:07.969+0600][70.473s][info][gc,task     ] GC(87) Using 6 of 6 workers for final marking
[2026-04-03T02:25:07.970+0600][70.473s][info][gc,ergo     ] GC(87) Adaptive CSet Selection. Target Free: 141M, Actual Free: 700M, Max CSet: 42666K, Min Garbage: 0B
[2026-04-03T02:25:07.970+0600][70.473s][info][gc,ergo     ] GC(87) Collectable Garbage: 598M (98%), Immediate: 476M (78%), CSet: 122M (20%)
[2026-04-03T02:25:07.970+0600][70.473s][info][gc,ergo     ] GC(87) Pacer for Evacuation. Used CSet: 128M, Free: 686M, Non-Taxable: 70304K, Alloc Tax Rate: 1.1x
[2026-04-03T02:25:07.970+0600][70.474s][info][gc          ] GC(87) Pause Final Mark (unload classes) 0.828ms
[2026-04-03T02:25:07.970+0600][70.474s][info][gc,start    ] GC(87) Concurrent thread roots
[2026-04-03T02:25:07.970+0600][70.474s][info][gc,task     ] GC(87) Using 3 of 6 workers for Concurrent thread roots
[2026-04-03T02:25:07.971+0600][70.475s][info][gc          ] GC(87) Concurrent thread roots 0.970ms
[2026-04-03T02:25:07.971+0600][70.475s][info][gc,start    ] GC(87) Concurrent weak references
[2026-04-03T02:25:07.971+0600][70.475s][info][gc,task     ] GC(87) Using 3 of 6 workers for concurrent weak references
[2026-04-03T02:25:07.972+0600][70.475s][info][gc,ref      ] GC(87) Encountered references: Soft: 3792, Weak: 16638, Final: 84, Phantom: 620
[2026-04-03T02:25:07.972+0600][70.476s][info][gc,ref      ] GC(87) Discovered  references: Soft: 0, Weak: 10151, Final: 0, Phantom: 576
[2026-04-03T02:25:07.972+0600][70.476s][info][gc,ref      ] GC(87) Enqueued    references: Soft: 0, Weak: 1738, Final: 0, Phantom: 0
[2026-04-03T02:25:07.972+0600][70.476s][info][gc          ] GC(87) Concurrent weak references 0.885ms
[2026-04-03T02:25:07.972+0600][70.476s][info][gc,start    ] GC(87) Concurrent weak roots
[2026-04-03T02:25:07.972+0600][70.476s][info][gc,task     ] GC(87) Using 3 of 6 workers for concurrent weak root
[2026-04-03T02:25:07.978+0600][70.481s][info][gc          ] GC(87) Concurrent weak roots 5.362ms
[2026-04-03T02:25:07.978+0600][70.481s][info][gc,start    ] GC(87) Concurrent cleanup
[2026-04-03T02:25:07.979+0600][70.482s][info][gc          ] GC(87) Concurrent cleanup 745M->270M(845M) 1.132ms
[2026-04-03T02:25:07.979+0600][70.482s][info][gc,ergo     ] GC(87) Free: 677M, Max: 256K regular, 124M humongous, Frag: 82% external, 0% internal; Reserve: 50957K, Max: 256K
[2026-04-03T02:25:07.979+0600][70.482s][info][gc,start    ] GC(87) Concurrent class unloading
[2026-04-03T02:25:07.979+0600][70.482s][info][gc,task     ] GC(87) Using 3 of 6 workers for concurrent class unloading
[2026-04-03T02:25:07.998+0600][70.501s][info][gc          ] GC(87) Concurrent class unloading 18.852ms
[2026-04-03T02:25:07.998+0600][70.501s][info][gc,start    ] GC(87) Concurrent strong roots
[2026-04-03T02:25:07.998+0600][70.501s][info][gc,task     ] GC(87) Using 3 of 6 workers for concurrent strong root
[2026-04-03T02:25:07.999+0600][70.503s][info][gc          ] GC(87) Concurrent strong roots 1.337ms
[2026-04-03T02:25:07.999+0600][70.503s][info][gc,start    ] GC(87) Concurrent evacuation
[2026-04-03T02:25:07.999+0600][70.503s][info][gc,task     ] GC(87) Using 3 of 6 workers for concurrent evacuation
[2026-04-03T02:25:08.004+0600][70.508s][info][gc          ] GC(87) Concurrent evacuation 4.850ms
[2026-04-03T02:25:08.005+0600][70.508s][info][gc,start    ] GC(87) Pause Init Update Refs
[2026-04-03T02:25:08.005+0600][70.508s][info][gc,ergo     ] GC(87) Pacer for Update Refs. Used: 301M, Free: 652M, Non-Taxable: 66848K, Alloc Tax Rate: 1.1x
[2026-04-03T02:25:08.005+0600][70.508s][info][gc          ] GC(87) Pause Init Update Refs 0.385ms
[2026-04-03T02:25:08.005+0600][70.508s][info][gc,start    ] GC(87) Concurrent update references
[2026-04-03T02:25:08.005+0600][70.509s][info][gc,task     ] GC(87) Using 3 of 6 workers for concurrent reference update
[2026-04-03T02:25:08.056+0600][70.559s][info][gc          ] GC(87) Concurrent update references 50.936ms
[2026-04-03T02:25:08.056+0600][70.559s][info][gc,start    ] GC(87) Concurrent update thread roots
[2026-04-03T02:25:08.058+0600][70.561s][info][gc          ] GC(87) Concurrent update thread roots 1.622ms
[2026-04-03T02:25:08.058+0600][70.561s][info][gc,start    ] GC(87) Pause Final Update Refs
[2026-04-03T02:25:08.058+0600][70.561s][info][gc,task     ] GC(87) Using 6 of 6 workers for final reference update
[2026-04-03T02:25:08.058+0600][70.562s][info][gc          ] GC(87) Pause Final Update Refs 0.228ms
[2026-04-03T02:25:08.058+0600][70.562s][info][gc,start    ] GC(87) Concurrent cleanup
[2026-04-03T02:25:08.059+0600][70.563s][info][gc          ] GC(87) Concurrent cleanup 346M->218M(845M) 0.847ms
[2026-04-03T02:25:08.059+0600][70.563s][info][gc,ergo     ] Free: 727M, Max: 256K regular, 258M humongous, Frag: 65% external, 0% internal; Reserve: 51200K, Max: 256K
[2026-04-03T02:25:08.059+0600][70.563s][info][gc,stats    ] 
[2026-04-03T02:25:08.059+0600][70.563s][info][gc,stats    ] All times are wall-clock times, except per-root-class counters, that are sum over
[2026-04-03T02:25:08.059+0600][70.563s][info][gc,stats    ] all workers. Dividing the <total> over the root stage time estimates parallelism.
[2026-04-03T02:25:08.059+0600][70.563s][info][gc,stats    ] 
[2026-04-03T02:25:08.059+0600][70.563s][info][gc,stats    ] Concurrent Reset                    958 us
[2026-04-03T02:25:08.059+0600][70.563s][info][gc,stats    ] Pause Init Mark (G)                 494 us
[2026-04-03T02:25:08.059+0600][70.563s][info][gc,stats    ] Pause Init Mark (N)                 149 us
[2026-04-03T02:25:08.059+0600][70.563s][info][gc,stats    ]   Update Region States               31 us
[2026-04-03T02:25:08.059+0600][70.563s][info][gc,stats    ] Concurrent Mark Roots              3871 us, parallelism: 2.15x
[2026-04-03T02:25:08.060+0600][70.563s][info][gc,stats    ]   CMR: <total>                     8322 us
[2026-04-03T02:25:08.060+0600][70.563s][info][gc,stats    ]   CMR: Thread Roots                7906 us, workers (us): 3342, 1986, 2578, ---, ---, ---, 
[2026-04-03T02:25:08.060+0600][70.563s][info][gc,stats    ]   CMR: VM Strong Roots               54 us, workers (us):  38,   8,   8, ---, ---, ---, 
[2026-04-03T02:25:08.060+0600][70.563s][info][gc,stats    ]   CMR: CLDG Roots                   362 us, workers (us): ---, 362, ---, ---, ---, ---, 
[2026-04-03T02:25:08.060+0600][70.563s][info][gc,stats    ] Concurrent Marking                59449 us
[2026-04-03T02:25:08.060+0600][70.563s][info][gc,stats    ] Pause Final Mark (G)               1123 us
[2026-04-03T02:25:08.060+0600][70.563s][info][gc,stats    ] Pause Final Mark (N)                841 us
[2026-04-03T02:25:08.060+0600][70.563s][info][gc,stats    ]   Finish Mark                       289 us
[2026-04-03T02:25:08.060+0600][70.563s][info][gc,stats    ]   Update Region States               76 us
[2026-04-03T02:25:08.060+0600][70.563s][info][gc,stats    ]   Choose Collection Set             308 us
[2026-04-03T02:25:08.060+0600][70.563s][info][gc,stats    ]   Rebuild Free Set                   40 us
[2026-04-03T02:25:08.060+0600][70.563s][info][gc,stats    ] Concurrent Thread Roots            1011 us, parallelism: 2.13x
[2026-04-03T02:25:08.060+0600][70.563s][info][gc,stats    ]   CTR: <total>                     2156 us
[2026-04-03T02:25:08.060+0600][70.563s][info][gc,stats    ]   CTR: Thread Roots                2156 us, workers (us): 761, 740, 656, ---, ---, ---, 
[2026-04-03T02:25:08.060+0600][70.563s][info][gc,stats    ] Concurrent Weak References          897 us, parallelism: 1.03x
[2026-04-03T02:25:08.060+0600][70.563s][info][gc,stats    ]   CWRF: <total>                     924 us
[2026-04-03T02:25:08.060+0600][70.563s][info][gc,stats    ]   CWRF: Weak References             924 us, workers (us): 728, 175,  20, ---, ---, ---, 
[2026-04-03T02:25:08.060+0600][70.563s][info][gc,stats    ] Concurrent Weak Roots              5456 us
[2026-04-03T02:25:08.060+0600][70.563s][info][gc,stats    ]   Roots                            5086 us, parallelism: 2.62x
[2026-04-03T02:25:08.060+0600][70.563s][info][gc,stats    ]     CWR: <total>                  13325 us
[2026-04-03T02:25:08.060+0600][70.563s][info][gc,stats    ]     CWR: Code Cache Roots         10388 us, workers (us): 3727, 3266, 3394, ---, ---, ---, 
[2026-04-03T02:25:08.060+0600][70.563s][info][gc,stats    ]     CWR: VM Weak Roots             2750 us, workers (us): 1097, 1094, 559, ---, ---, ---, 
[2026-04-03T02:25:08.060+0600][70.563s][info][gc,stats    ]     CWR: CLDG Roots                 188 us, workers (us): ---, 188, ---, ---, ---, ---, 
[2026-04-03T02:25:08.060+0600][70.563s][info][gc,stats    ]   Rendezvous                        251 us
[2026-04-03T02:25:08.060+0600][70.563s][info][gc,stats    ] Concurrent Cleanup                 1154 us
[2026-04-03T02:25:08.060+0600][70.563s][info][gc,stats    ] Concurrent Class Unloading        18963 us
[2026-04-03T02:25:08.060+0600][70.563s][info][gc,stats    ]   Unlink Stale                    17546 us
[2026-04-03T02:25:08.060+0600][70.563s][info][gc,stats    ]     System Dictionary               514 us
[2026-04-03T02:25:08.060+0600][70.563s][info][gc,stats    ]     Weak Class Links                  0 us
[2026-04-03T02:25:08.060+0600][70.563s][info][gc,stats    ]     Code Roots                    17028 us
[2026-04-03T02:25:08.060+0600][70.563s][info][gc,stats    ]   Rendezvous                        305 us
[2026-04-03T02:25:08.060+0600][70.563s][info][gc,stats    ]   Purge Unlinked                    964 us
[2026-04-03T02:25:08.060+0600][70.563s][info][gc,stats    ]     Code Roots                      949 us
[2026-04-03T02:25:08.060+0600][70.563s][info][gc,stats    ]     CLDG                             13 us
[2026-04-03T02:25:08.060+0600][70.563s][info][gc,stats    ]     Exception Caches                  0 us
[2026-04-03T02:25:08.060+0600][70.563s][info][gc,stats    ] Concurrent Strong Roots            1388 us, parallelism: 0.67x
[2026-04-03T02:25:08.060+0600][70.563s][info][gc,stats    ]   CSR: <total>                      931 us
[2026-04-03T02:25:08.060+0600][70.563s][info][gc,stats    ]   CSR: VM Strong Roots               71 us, workers (us):  58,  13,   0, ---, ---, ---, 
[2026-04-03T02:25:08.060+0600][70.563s][info][gc,stats    ]   CSR: CLDG Roots                   860 us, workers (us): 860, ---, ---, ---, ---, ---, 
[2026-04-03T02:25:08.060+0600][70.563s][info][gc,stats    ] Concurrent Evacuation              4912 us
[2026-04-03T02:25:08.060+0600][70.563s][info][gc,stats    ] Pause Init Update Refs (G)          896 us
[2026-04-03T02:25:08.060+0600][70.563s][info][gc,stats    ] Pause Init Update Refs (N)          420 us
[2026-04-03T02:25:08.060+0600][70.563s][info][gc,stats    ]   Manage GCLABs                      76 us
[2026-04-03T02:25:08.060+0600][70.563s][info][gc,stats    ] Concurrent Update Refs            51009 us
[2026-04-03T02:25:08.060+0600][70.563s][info][gc,stats    ] Concurrent Update Thread Roots     1674 us
[2026-04-03T02:25:08.060+0600][70.563s][info][gc,stats    ] Pause Final Update Refs (G)         532 us
[2026-04-03T02:25:08.060+0600][70.563s][info][gc,stats    ] Pause Final Update Refs (N)         248 us
[2026-04-03T02:25:08.060+0600][70.563s][info][gc,stats    ]   Update Region States               68 us
[2026-04-03T02:25:08.060+0600][70.563s][info][gc,stats    ]   Trash Collection Set               22 us
[2026-04-03T02:25:08.060+0600][70.563s][info][gc,stats    ]   Rebuild Free Set                   57 us
[2026-04-03T02:25:08.060+0600][70.563s][info][gc,stats    ] Concurrent Cleanup                  882 us
[2026-04-03T02:25:08.060+0600][70.563s][info][gc,stats    ] Pacing                           241766 us
[2026-04-03T02:25:08.060+0600][70.563s][info][gc,stats    ] 
[2026-04-03T02:25:08.060+0600][70.563s][info][gc,stats    ] Allocation pacing accrued:
[2026-04-03T02:25:08.060+0600][70.563s][info][gc,stats    ]      30 of   670 ms (  4.5%): Executor task launch worker for task 1.0 in stage 2888.0 (TID 5328)
[2026-04-03T02:25:08.060+0600][70.563s][info][gc,stats    ]      31 of   670 ms (  4.6%): Executor task launch worker for task 6.0 in stage 2888.0 (TID 5333)
[2026-04-03T02:25:08.060+0600][70.564s][info][gc,stats    ]      30 of   670 ms (  4.4%): Executor task launch worker for task 4.0 in stage 2888.0 (TID 5331)
[2026-04-03T02:25:08.060+0600][70.564s][info][gc,stats    ]      31 of   670 ms (  4.6%): Executor task launch worker for task 2.0 in stage 2888.0 (TID 5329)
[2026-04-03T02:25:08.060+0600][70.564s][info][gc,stats    ]      30 of   670 ms (  4.5%): Executor task launch worker for task 3.0 in stage 2888.0 (TID 5330)
[2026-04-03T02:25:08.060+0600][70.564s][info][gc,stats    ]      30 of   670 ms (  4.5%): Executor task launch worker for task 7.0 in stage 2888.0 (TID 5334)
[2026-04-03T02:25:08.060+0600][70.564s][info][gc,stats    ]      30 of   670 ms (  4.4%): Executor task launch worker for task 5.0 in stage 2888.0 (TID 5332)
[2026-04-03T02:25:08.060+0600][70.564s][info][gc,stats    ]      31 of   670 ms (  4.6%): Executor task launch worker for task 0.0 in stage 2888.0 (TID 5327)
[2026-04-03T02:25:08.060+0600][70.564s][info][gc,stats    ]     242 of   670 ms ( 36.1%): <total>
[2026-04-03T02:25:08.060+0600][70.564s][info][gc,stats    ]       1 of   670 ms (  0.1%): <average total>
[2026-04-03T02:25:08.060+0600][70.564s][info][gc,stats    ]      30 of   670 ms (  4.5%): <average non-zero>
[2026-04-03T02:25:08.060+0600][70.564s][info][gc,stats    ] 
[2026-04-03T02:25:08.060+0600][70.564s][info][gc,metaspace] Metaspace: 131513K(132800K)->131519K(132800K) NonClass: 115024K(115648K)->115028K(115648K) Class: 16489K(17152K)->16491K(17152K)
[2026-04-03T02:25:08.060+0600][70.564s][info][gc,ergo     ] Pacer for Idle. Initial: 20480K, Alloc Tax Rate: 1.0x
[2026-04-03T02:25:08.251+0600][70.755s][info][gc          ] Trigger: Average GC time (166.57 ms) is above the time for average allocation rate (1031 MB/s) to deplete free headroom (169M) (margin of error = 1.83)
[2026-04-03T02:25:08.251+0600][70.755s][info][gc,ergo     ] Free headroom: 219M (free) - 51200K (spike) - 0B (penalties) = 169M
[2026-04-03T02:25:08.252+0600][70.755s][info][gc,ergo     ] Free: 219M, Max: 256K regular, 121M humongous, Frag: 45% external, 0% internal; Reserve: 51200K, Max: 256K
[2026-04-03T02:25:08.252+0600][70.755s][info][gc,start    ] GC(88) Concurrent reset
[2026-04-03T02:25:08.252+0600][70.755s][info][gc,task     ] GC(88) Using 3 of 6 workers for concurrent reset
[2026-04-03T02:25:08.252+0600][70.755s][info][gc,ergo     ] GC(88) Pacer for Reset. Non-Taxable: 1000M
[2026-04-03T02:25:08.253+0600][70.756s][info][gc          ] GC(88) Concurrent reset 1.500ms
[2026-04-03T02:25:08.253+0600][70.757s][info][gc,start    ] GC(88) Pause Init Mark (unload classes)
[2026-04-03T02:25:08.253+0600][70.757s][info][gc,task     ] GC(88) Using 6 of 6 workers for init marking
[2026-04-03T02:25:08.253+0600][70.757s][info][gc,ergo     ] GC(88) Pacer for Mark. Expected Live: 94566K, Free: 219M, Non-Taxable: 22461K, Alloc Tax Rate: 0.5x
[2026-04-03T02:25:08.254+0600][70.757s][info][gc          ] GC(88) Pause Init Mark (unload classes) 0.168ms
[2026-04-03T02:25:08.254+0600][70.757s][info][gc,start    ] GC(88) Concurrent marking roots
[2026-04-03T02:25:08.254+0600][70.757s][info][gc,task     ] GC(88) Using 3 of 6 workers for concurrent marking roots
[2026-04-03T02:25:08.255+0600][70.758s][info][gc          ] GC(88) Concurrent marking roots 1.536ms
[2026-04-03T02:25:08.255+0600][70.759s][info][gc,start    ] GC(88) Concurrent marking (unload classes)
[2026-04-03T02:25:08.255+0600][70.759s][info][gc,task     ] GC(88) Using 3 of 6 workers for concurrent marking
[2026-04-03T02:25:08.306+0600][70.809s][info][gc          ] GC(88) Concurrent marking (unload classes) 50.322ms
[2026-04-03T02:25:08.306+0600][70.809s][info][gc,start    ] GC(88) Pause Final Mark (unload classes)
[2026-04-03T02:25:08.306+0600][70.809s][info][gc,task     ] GC(88) Using 6 of 6 workers for final marking
[2026-04-03T02:25:08.306+0600][70.810s][info][gc,ergo     ] GC(88) Adaptive CSet Selection. Target Free: 141M, Actual Free: 780M, Max CSet: 42666K, Min Garbage: 0B
[2026-04-03T02:25:08.306+0600][70.810s][info][gc,ergo     ] GC(88) Collectable Garbage: 597M (98%), Immediate: 547M (90%), CSet: 51235K (8%)
[2026-04-03T02:25:08.307+0600][70.810s][info][gc,ergo     ] GC(88) Pacer for Evacuation. Used CSet: 54600K, Free: 762M, Non-Taxable: 78109K, Alloc Tax Rate: 1.1x
[2026-04-03T02:25:08.307+0600][70.810s][info][gc          ] GC(88) Pause Final Mark (unload classes) 0.798ms
[2026-04-03T02:25:08.307+0600][70.810s][info][gc,start    ] GC(88) Concurrent thread roots
[2026-04-03T02:25:08.307+0600][70.810s][info][gc,task     ] GC(88) Using 3 of 6 workers for Concurrent thread roots
[2026-04-03T02:25:08.308+0600][70.811s][info][gc          ] GC(88) Concurrent thread roots 1.285ms
[2026-04-03T02:25:08.308+0600][70.811s][info][gc,start    ] GC(88) Concurrent weak references
[2026-04-03T02:25:08.308+0600][70.811s][info][gc,task     ] GC(88) Using 3 of 6 workers for concurrent weak references
[2026-04-03T02:25:08.309+0600][70.812s][info][gc,ref      ] GC(88) Encountered references: Soft: 3784, Weak: 15351, Final: 84, Phantom: 620
[2026-04-03T02:25:08.309+0600][70.812s][info][gc,ref      ] GC(88) Discovered  references: Soft: 0, Weak: 8948, Final: 84, Phantom: 579
[2026-04-03T02:25:08.309+0600][70.812s][info][gc,ref      ] GC(88) Enqueued    references: Soft: 0, Weak: 714, Final: 0, Phantom: 0
[2026-04-03T02:25:08.309+0600][70.813s][info][gc          ] GC(88) Concurrent weak references 1.099ms
[2026-04-03T02:25:08.309+0600][70.813s][info][gc,start    ] GC(88) Concurrent weak roots
[2026-04-03T02:25:08.309+0600][70.813s][info][gc,task     ] GC(88) Using 3 of 6 workers for concurrent weak root
[2026-04-03T02:25:08.317+0600][70.820s][info][gc          ] GC(88) Concurrent weak roots 7.895ms
[2026-04-03T02:25:08.317+0600][70.821s][info][gc,start    ] GC(88) Concurrent cleanup
[2026-04-03T02:25:08.318+0600][70.821s][info][gc          ] GC(88) Concurrent cleanup 804M->257M(850M) 0.847ms
[2026-04-03T02:25:08.318+0600][70.821s][info][gc,ergo     ] GC(88) Free: 683M, Max: 256K regular, 239M humongous, Frag: 65% external, 0% internal; Reserve: 50623K, Max: 256K
[2026-04-03T02:25:08.318+0600][70.821s][info][gc,start    ] GC(88) Concurrent class unloading
[2026-04-03T02:25:08.318+0600][70.822s][info][gc,task     ] GC(88) Using 3 of 6 workers for concurrent class unloading
[2026-04-03T02:25:08.332+0600][70.835s][info][gc          ] GC(88) Concurrent class unloading 13.558ms
[2026-04-03T02:25:08.332+0600][70.835s][info][gc,start    ] GC(88) Concurrent strong roots
[2026-04-03T02:25:08.332+0600][70.835s][info][gc,task     ] GC(88) Using 3 of 6 workers for concurrent strong root
[2026-04-03T02:25:08.333+0600][70.836s][info][gc          ] GC(88) Concurrent strong roots 0.991ms
[2026-04-03T02:25:08.333+0600][70.836s][info][gc,start    ] GC(88) Concurrent evacuation
[2026-04-03T02:25:08.333+0600][70.836s][info][gc,task     ] GC(88) Using 3 of 6 workers for concurrent evacuation
[2026-04-03T02:25:08.334+0600][70.838s][info][gc          ] GC(88) Concurrent evacuation 1.374ms
[2026-04-03T02:25:08.334+0600][70.838s][info][gc,start    ] GC(88) Pause Init Update Refs
[2026-04-03T02:25:08.335+0600][70.838s][info][gc,ergo     ] GC(88) Pacer for Update Refs. Used: 273M, Free: 670M, Non-Taxable: 68701K, Alloc Tax Rate: 1.1x
[2026-04-03T02:25:08.335+0600][70.838s][info][gc          ] GC(88) Pause Init Update Refs 0.102ms
[2026-04-03T02:25:08.335+0600][70.838s][info][gc,start    ] GC(88) Concurrent update references
[2026-04-03T02:25:08.335+0600][70.838s][info][gc,task     ] GC(88) Using 3 of 6 workers for concurrent reference update
[2026-04-03T02:25:08.380+0600][70.884s][info][gc          ] GC(88) Concurrent update references 45.704ms
[2026-04-03T02:25:08.380+0600][70.884s][info][gc,start    ] GC(88) Concurrent update thread roots
[2026-04-03T02:25:08.382+0600][70.886s][info][gc          ] GC(88) Concurrent update thread roots 1.819ms
[2026-04-03T02:25:08.383+0600][70.886s][info][gc,start    ] GC(88) Pause Final Update Refs
[2026-04-03T02:25:08.383+0600][70.886s][info][gc,task     ] GC(88) Using 6 of 6 workers for final reference update
[2026-04-03T02:25:08.383+0600][70.886s][info][gc          ] GC(88) Pause Final Update Refs 0.218ms
[2026-04-03T02:25:08.383+0600][70.886s][info][gc,start    ] GC(88) Concurrent cleanup
[2026-04-03T02:25:08.384+0600][70.887s][info][gc          ] GC(88) Concurrent cleanup 461M->408M(850M) 0.832ms
[2026-04-03T02:25:08.384+0600][70.887s][info][gc,ergo     ] Free: 521M, Max: 256K regular, 171M humongous, Frag: 67% external, 1% internal; Reserve: 51200K, Max: 256K
[2026-04-03T02:25:08.384+0600][70.887s][info][gc,stats    ] 
[2026-04-03T02:25:08.384+0600][70.887s][info][gc,stats    ] All times are wall-clock times, except per-root-class counters, that are sum over
[2026-04-03T02:25:08.384+0600][70.887s][info][gc,stats    ] all workers. Dividing the <total> over the root stage time estimates parallelism.
[2026-04-03T02:25:08.384+0600][70.887s][info][gc,stats    ] 
[2026-04-03T02:25:08.384+0600][70.887s][info][gc,stats    ] Concurrent Reset                   1575 us
[2026-04-03T02:25:08.384+0600][70.887s][info][gc,stats    ] Pause Init Mark (G)                 467 us
[2026-04-03T02:25:08.384+0600][70.887s][info][gc,stats    ] Pause Init Mark (N)                 178 us
[2026-04-03T02:25:08.384+0600][70.887s][info][gc,stats    ]   Update Region States               67 us
[2026-04-03T02:25:08.384+0600][70.887s][info][gc,stats    ] Concurrent Mark Roots              1634 us, parallelism: 1.72x
[2026-04-03T02:25:08.384+0600][70.887s][info][gc,stats    ]   CMR: <total>                     2809 us
[2026-04-03T02:25:08.384+0600][70.887s][info][gc,stats    ]   CMR: Thread Roots                2352 us, workers (us): 936, 526, 890, ---, ---, ---, 
[2026-04-03T02:25:08.384+0600][70.887s][info][gc,stats    ]   CMR: VM Strong Roots               68 us, workers (us):  38,  29,   1, ---, ---, ---, 
[2026-04-03T02:25:08.384+0600][70.887s][info][gc,stats    ]   CMR: CLDG Roots                   388 us, workers (us): ---, 388, ---, ---, ---, ---, 
[2026-04-03T02:25:08.384+0600][70.887s][info][gc,stats    ] Concurrent Marking                50411 us
[2026-04-03T02:25:08.384+0600][70.887s][info][gc,stats    ] Pause Final Mark (G)               1034 us
[2026-04-03T02:25:08.384+0600][70.887s][info][gc,stats    ] Pause Final Mark (N)                813 us
[2026-04-03T02:25:08.384+0600][70.888s][info][gc,stats    ]   Finish Mark                       318 us
[2026-04-03T02:25:08.384+0600][70.888s][info][gc,stats    ]   Update Region States               56 us
[2026-04-03T02:25:08.384+0600][70.888s][info][gc,stats    ]   Choose Collection Set             264 us
[2026-04-03T02:25:08.384+0600][70.888s][info][gc,stats    ]   Rebuild Free Set                   50 us
[2026-04-03T02:25:08.384+0600][70.888s][info][gc,stats    ] Concurrent Thread Roots            1370 us, parallelism: 2.31x
[2026-04-03T02:25:08.384+0600][70.888s][info][gc,stats    ]   CTR: <total>                     3162 us
[2026-04-03T02:25:08.384+0600][70.888s][info][gc,stats    ]   CTR: Thread Roots                3162 us, workers (us): 1049, 1071, 1042, ---, ---, ---, 
[2026-04-03T02:25:08.384+0600][70.888s][info][gc,stats    ] Concurrent Weak References         1114 us, parallelism: 1.09x
[2026-04-03T02:25:08.384+0600][70.888s][info][gc,stats    ]   CWRF: <total>                    1218 us
[2026-04-03T02:25:08.384+0600][70.888s][info][gc,stats    ]   CWRF: Weak References            1218 us, workers (us): 196, 808, 213, ---, ---, ---, 
[2026-04-03T02:25:08.384+0600][70.888s][info][gc,stats    ] Concurrent Weak Roots              7985 us
[2026-04-03T02:25:08.384+0600][70.888s][info][gc,stats    ]   Roots                            5385 us, parallelism: 2.66x
[2026-04-03T02:25:08.384+0600][70.888s][info][gc,stats    ]     CWR: <total>                  14303 us
[2026-04-03T02:25:08.384+0600][70.888s][info][gc,stats    ]     CWR: Code Cache Roots         11090 us, workers (us): 3794, 3540, 3756, ---, ---, ---, 
[2026-04-03T02:25:08.384+0600][70.888s][info][gc,stats    ]     CWR: VM Weak Roots             3013 us, workers (us): 1057, 978, 978, ---, ---, ---, 
[2026-04-03T02:25:08.384+0600][70.888s][info][gc,stats    ]     CWR: CLDG Roots                 200 us, workers (us): ---, 200, ---, ---, ---, ---, 
[2026-04-03T02:25:08.384+0600][70.888s][info][gc,stats    ]   Rendezvous                       2468 us
[2026-04-03T02:25:08.384+0600][70.888s][info][gc,stats    ] Concurrent Cleanup                  927 us
[2026-04-03T02:25:08.384+0600][70.888s][info][gc,stats    ] Concurrent Class Unloading        13651 us
[2026-04-03T02:25:08.384+0600][70.888s][info][gc,stats    ]   Unlink Stale                    12910 us
[2026-04-03T02:25:08.385+0600][70.888s][info][gc,stats    ]     System Dictionary               243 us
[2026-04-03T02:25:08.385+0600][70.888s][info][gc,stats    ]     Weak Class Links                  0 us
[2026-04-03T02:25:08.385+0600][70.888s][info][gc,stats    ]     Code Roots                    12664 us
[2026-04-03T02:25:08.385+0600][70.888s][info][gc,stats    ]   Rendezvous                        369 us
[2026-04-03T02:25:08.385+0600][70.888s][info][gc,stats    ]   Purge Unlinked                    251 us
[2026-04-03T02:25:08.385+0600][70.888s][info][gc,stats    ]     Code Roots                      241 us
[2026-04-03T02:25:08.385+0600][70.888s][info][gc,stats    ]     CLDG                              9 us
[2026-04-03T02:25:08.385+0600][70.888s][info][gc,stats    ]     Exception Caches                  0 us
[2026-04-03T02:25:08.385+0600][70.888s][info][gc,stats    ] Concurrent Strong Roots            1056 us, parallelism: 0.51x
[2026-04-03T02:25:08.385+0600][70.888s][info][gc,stats    ]   CSR: <total>                      538 us
[2026-04-03T02:25:08.385+0600][70.888s][info][gc,stats    ]   CSR: VM Strong Roots               34 us, workers (us):  32,   1,   0, ---, ---, ---, 
[2026-04-03T02:25:08.385+0600][70.888s][info][gc,stats    ]   CSR: CLDG Roots                   504 us, workers (us): 504, ---, ---, ---, ---, ---, 
[2026-04-03T02:25:08.385+0600][70.888s][info][gc,stats    ] Concurrent Evacuation              1419 us
[2026-04-03T02:25:08.385+0600][70.888s][info][gc,stats    ] Pause Init Update Refs (G)          320 us
[2026-04-03T02:25:08.385+0600][70.888s][info][gc,stats    ] Pause Init Update Refs (N)          113 us
[2026-04-03T02:25:08.385+0600][70.888s][info][gc,stats    ]   Manage GCLABs                      36 us
[2026-04-03T02:25:08.385+0600][70.888s][info][gc,stats    ] Concurrent Update Refs            45832 us
[2026-04-03T02:25:08.385+0600][70.888s][info][gc,stats    ] Concurrent Update Thread Roots     1897 us
[2026-04-03T02:25:08.385+0600][70.888s][info][gc,stats    ] Pause Final Update Refs (G)         540 us
[2026-04-03T02:25:08.385+0600][70.888s][info][gc,stats    ] Pause Final Update Refs (N)         256 us
[2026-04-03T02:25:08.385+0600][70.888s][info][gc,stats    ]   Update Region States              101 us
[2026-04-03T02:25:08.385+0600][70.888s][info][gc,stats    ]   Trash Collection Set               16 us
[2026-04-03T02:25:08.385+0600][70.888s][info][gc,stats    ]   Rebuild Free Set                   60 us
[2026-04-03T02:25:08.385+0600][70.888s][info][gc,stats    ] Concurrent Cleanup                  881 us
[2026-04-03T02:25:08.385+0600][70.888s][info][gc,stats    ] Pacing                           166669 us
[2026-04-03T02:25:08.385+0600][70.888s][info][gc,stats    ] 
[2026-04-03T02:25:08.385+0600][70.888s][info][gc,stats    ] Allocation pacing accrued:
[2026-04-03T02:25:08.385+0600][70.888s][info][gc,stats    ]      10 of   325 ms (  3.1%): dispatcher-BlockManagerMaster
[2026-04-03T02:25:08.385+0600][70.888s][info][gc,stats    ]      12 of   325 ms (  3.6%): Spark Context Cleaner
[2026-04-03T02:25:08.385+0600][70.888s][info][gc,stats    ]      31 of   325 ms (  9.5%): Executor task launch worker for task 2.0 in stage 2904.0 (TID 5359)
[2026-04-03T02:25:08.385+0600][70.888s][info][gc,stats    ]      32 of   325 ms (  9.9%): Executor task launch worker for task 1.0 in stage 2904.0 (TID 5358)
[2026-04-03T02:25:08.385+0600][70.888s][info][gc,stats    ]      32 of   325 ms (  9.7%): Executor task launch worker for task 0.0 in stage 2904.0 (TID 5357)
[2026-04-03T02:25:08.385+0600][70.888s][info][gc,stats    ]      29 of   325 ms (  8.9%): Executor task launch worker for task 3.0 in stage 2904.0 (TID 5360)
[2026-04-03T02:25:08.385+0600][70.888s][info][gc,stats    ]      21 of   325 ms (  6.6%): block-manager-storage-async-thread-pool-7
[2026-04-03T02:25:08.385+0600][70.888s][info][gc,stats    ]     167 of   325 ms ( 51.3%): <total>
[2026-04-03T02:25:08.385+0600][70.888s][info][gc,stats    ]       1 of   325 ms (  0.2%): <average total>
[2026-04-03T02:25:08.385+0600][70.888s][info][gc,stats    ]      24 of   325 ms (  7.3%): <average non-zero>
[2026-04-03T02:25:08.385+0600][70.888s][info][gc,stats    ] 
[2026-04-03T02:25:08.385+0600][70.888s][info][gc,metaspace] Metaspace: 131520K(132800K)->131520K(132800K) NonClass: 115029K(115648K)->115029K(115648K) Class: 16491K(17152K)->16491K(17152K)
[2026-04-03T02:25:08.385+0600][70.888s][info][gc,ergo     ] Pacer for Idle. Initial: 20480K, Alloc Tax Rate: 1.0x
[2026-04-03T02:25:08.857+0600][71.360s][info][gc          ] Trigger: Average GC time (161.98 ms) is above the time for average allocation rate (680 MB/s) to deplete free headroom (109M) (margin of error = 1.85)
[2026-04-03T02:25:08.857+0600][71.360s][info][gc,ergo     ] Free headroom: 159M (free) - 51200K (spike) - 0B (penalties) = 109M
[2026-04-03T02:25:08.857+0600][71.360s][info][gc,ergo     ] Free: 159M, Max: 256K regular, 106M humongous, Frag: 33% external, 3% internal; Reserve: 51200K, Max: 256K
[2026-04-03T02:25:08.857+0600][71.360s][info][gc,start    ] GC(89) Concurrent reset
[2026-04-03T02:25:08.857+0600][71.360s][info][gc,task     ] GC(89) Using 3 of 6 workers for concurrent reset
[2026-04-03T02:25:08.857+0600][71.360s][info][gc,ergo     ] GC(89) Pacer for Reset. Non-Taxable: 1000M
[2026-04-03T02:25:08.858+0600][71.361s][info][gc          ] GC(89) Concurrent reset 1.024ms
[2026-04-03T02:25:08.858+0600][71.362s][info][gc,start    ] GC(89) Pause Init Mark (unload classes)
[2026-04-03T02:25:08.858+0600][71.362s][info][gc,task     ] GC(89) Using 6 of 6 workers for init marking
[2026-04-03T02:25:08.858+0600][71.362s][info][gc,ergo     ] GC(89) Pacer for Mark. Expected Live: 94299K, Free: 158M, Non-Taxable: 16193K, Alloc Tax Rate: 0.7x
[2026-04-03T02:25:08.858+0600][71.362s][info][gc          ] GC(89) Pause Init Mark (unload classes) 0.100ms
[2026-04-03T02:25:08.859+0600][71.362s][info][gc,start    ] GC(89) Concurrent marking roots
[2026-04-03T02:25:08.859+0600][71.362s][info][gc,task     ] GC(89) Using 3 of 6 workers for concurrent marking roots
[2026-04-03T02:25:08.861+0600][71.364s][info][gc          ] GC(89) Concurrent marking roots 2.056ms
[2026-04-03T02:25:08.861+0600][71.364s][info][gc,start    ] GC(89) Concurrent marking (unload classes)
[2026-04-03T02:25:08.861+0600][71.364s][info][gc,task     ] GC(89) Using 3 of 6 workers for concurrent marking
[2026-04-03T02:25:08.911+0600][71.414s][info][gc          ] GC(89) Concurrent marking (unload classes) 50.072ms
[2026-04-03T02:25:08.911+0600][71.414s][info][gc,start    ] GC(89) Pause Final Mark (unload classes)
[2026-04-03T02:25:08.911+0600][71.414s][info][gc,task     ] GC(89) Using 6 of 6 workers for final marking
[2026-04-03T02:25:08.912+0600][71.415s][info][gc,ergo     ] GC(89) Adaptive CSet Selection. Target Free: 141M, Actual Free: 723M, Max CSet: 42666K, Min Garbage: 0B
[2026-04-03T02:25:08.912+0600][71.415s][info][gc,ergo     ] GC(89) Collectable Garbage: 646M (98%), Immediate: 545M (83%), CSet: 100M (15%)
[2026-04-03T02:25:08.912+0600][71.415s][info][gc,ergo     ] GC(89) Pacer for Evacuation. Used CSet: 106M, Free: 719M, Non-Taxable: 73666K, Alloc Tax Rate: 1.1x
[2026-04-03T02:25:08.912+0600][71.415s][info][gc          ] GC(89) Pause Final Mark (unload classes) 0.796ms
[2026-04-03T02:25:08.912+0600][71.415s][info][gc,start    ] GC(89) Concurrent thread roots
[2026-04-03T02:25:08.912+0600][71.415s][info][gc,task     ] GC(89) Using 3 of 6 workers for Concurrent thread roots
[2026-04-03T02:25:08.913+0600][71.416s][info][gc          ] GC(89) Concurrent thread roots 0.971ms
[2026-04-03T02:25:08.913+0600][71.416s][info][gc,start    ] GC(89) Concurrent weak references
[2026-04-03T02:25:08.913+0600][71.416s][info][gc,task     ] GC(89) Using 3 of 6 workers for concurrent weak references
[2026-04-03T02:25:08.914+0600][71.417s][info][gc,ref      ] GC(89) Encountered references: Soft: 3792, Weak: 15231, Final: 84, Phantom: 620
[2026-04-03T02:25:08.914+0600][71.417s][info][gc,ref      ] GC(89) Discovered  references: Soft: 0, Weak: 5373, Final: 0, Phantom: 577
[2026-04-03T02:25:08.914+0600][71.417s][info][gc,ref      ] GC(89) Enqueued    references: Soft: 0, Weak: 475, Final: 0, Phantom: 0
[2026-04-03T02:25:08.914+0600][71.417s][info][gc          ] GC(89) Concurrent weak references 0.585ms
[2026-04-03T02:25:08.914+0600][71.417s][info][gc,start    ] GC(89) Concurrent weak roots
[2026-04-03T02:25:08.914+0600][71.417s][info][gc,task     ] GC(89) Using 3 of 6 workers for concurrent weak root
[2026-04-03T02:25:08.918+0600][71.421s][info][gc          ] GC(89) Concurrent weak roots 4.140ms
[2026-04-03T02:25:08.918+0600][71.421s][info][gc,start    ] GC(89) Concurrent cleanup
[2026-04-03T02:25:08.919+0600][71.422s][info][gc          ] GC(89) Concurrent cleanup 774M->229M(850M) 1.016ms
[2026-04-03T02:25:08.919+0600][71.422s][info][gc,ergo     ] GC(89) Free: 717M, Max: 256K regular, 214M humongous, Frag: 71% external, 0% internal; Reserve: 50797K, Max: 256K
[2026-04-03T02:25:08.919+0600][71.422s][info][gc,start    ] GC(89) Concurrent class unloading
[2026-04-03T02:25:08.919+0600][71.422s][info][gc,task     ] GC(89) Using 3 of 6 workers for concurrent class unloading
[2026-04-03T02:25:08.936+0600][71.440s][info][gc          ] GC(89) Concurrent class unloading 17.457ms
[2026-04-03T02:25:08.936+0600][71.440s][info][gc,start    ] GC(89) Concurrent strong roots
[2026-04-03T02:25:08.936+0600][71.440s][info][gc,task     ] GC(89) Using 3 of 6 workers for concurrent strong root
[2026-04-03T02:25:08.938+0600][71.441s][info][gc          ] GC(89) Concurrent strong roots 1.258ms
[2026-04-03T02:25:08.938+0600][71.441s][info][gc,start    ] GC(89) Concurrent evacuation
[2026-04-03T02:25:08.938+0600][71.441s][info][gc,task     ] GC(89) Using 3 of 6 workers for concurrent evacuation
[2026-04-03T02:25:08.941+0600][71.445s][info][gc          ] GC(89) Concurrent evacuation 3.629ms
[2026-04-03T02:25:08.942+0600][71.445s][info][gc,start    ] GC(89) Pause Init Update Refs
[2026-04-03T02:25:08.942+0600][71.445s][info][gc,ergo     ] GC(89) Pacer for Update Refs. Used: 250M, Free: 702M, Non-Taxable: 71891K, Alloc Tax Rate: 1.1x
[2026-04-03T02:25:08.942+0600][71.445s][info][gc          ] GC(89) Pause Init Update Refs 0.179ms
[2026-04-03T02:25:08.942+0600][71.445s][info][gc,start    ] GC(89) Concurrent update references
[2026-04-03T02:25:08.942+0600][71.445s][info][gc,task     ] GC(89) Using 3 of 6 workers for concurrent reference update
[2026-04-03T02:25:08.989+0600][71.492s][info][gc          ] GC(89) Concurrent update references 46.605ms
[2026-04-03T02:25:08.989+0600][71.492s][info][gc,start    ] GC(89) Concurrent update thread roots
[2026-04-03T02:25:08.990+0600][71.493s][info][gc          ] GC(89) Concurrent update thread roots 1.504ms
[2026-04-03T02:25:08.990+0600][71.494s][info][gc,start    ] GC(89) Pause Final Update Refs
[2026-04-03T02:25:08.990+0600][71.494s][info][gc,task     ] GC(89) Using 6 of 6 workers for final reference update
[2026-04-03T02:25:08.991+0600][71.494s][info][gc          ] GC(89) Pause Final Update Refs 0.241ms
[2026-04-03T02:25:08.991+0600][71.494s][info][gc,start    ] GC(89) Concurrent cleanup
[2026-04-03T02:25:08.991+0600][71.495s][info][gc          ] GC(89) Concurrent cleanup 292M->187M(850M) 0.826ms
[2026-04-03T02:25:08.992+0600][71.495s][info][gc,ergo     ] Free: 755M, Max: 256K regular, 258M humongous, Frag: 66% external, 0% internal; Reserve: 51200K, Max: 256K
[2026-04-03T02:25:08.992+0600][71.495s][info][gc,stats    ] 
[2026-04-03T02:25:08.992+0600][71.495s][info][gc,stats    ] All times are wall-clock times, except per-root-class counters, that are sum over
[2026-04-03T02:25:08.992+0600][71.495s][info][gc,stats    ] all workers. Dividing the <total> over the root stage time estimates parallelism.
[2026-04-03T02:25:08.992+0600][71.495s][info][gc,stats    ] 
[2026-04-03T02:25:08.992+0600][71.495s][info][gc,stats    ] Concurrent Reset                   1071 us
[2026-04-03T02:25:08.992+0600][71.495s][info][gc,stats    ] Pause Init Mark (G)                 541 us
[2026-04-03T02:25:08.992+0600][71.495s][info][gc,stats    ] Pause Init Mark (N)                 110 us
[2026-04-03T02:25:08.992+0600][71.495s][info][gc,stats    ]   Update Region States               36 us
[2026-04-03T02:25:08.992+0600][71.495s][info][gc,stats    ] Concurrent Mark Roots              2104 us, parallelism: 1.46x
[2026-04-03T02:25:08.992+0600][71.495s][info][gc,stats    ]   CMR: <total>                     3073 us
[2026-04-03T02:25:08.992+0600][71.495s][info][gc,stats    ]   CMR: Thread Roots                2595 us, workers (us): 1490, 1104,   0, ---, ---, ---, 
[2026-04-03T02:25:08.992+0600][71.495s][info][gc,stats    ]   CMR: VM Strong Roots               64 us, workers (us):  34,  29,   1, ---, ---, ---, 
[2026-04-03T02:25:08.992+0600][71.495s][info][gc,stats    ]   CMR: CLDG Roots                   414 us, workers (us): ---, 414, ---, ---, ---, ---, 
[2026-04-03T02:25:08.992+0600][71.495s][info][gc,stats    ] Concurrent Marking                50173 us
[2026-04-03T02:25:08.992+0600][71.495s][info][gc,stats    ] Pause Final Mark (G)               1132 us
[2026-04-03T02:25:08.992+0600][71.495s][info][gc,stats    ] Pause Final Mark (N)                809 us
[2026-04-03T02:25:08.992+0600][71.495s][info][gc,stats    ]   Finish Mark                       270 us
[2026-04-03T02:25:08.992+0600][71.495s][info][gc,stats    ]   Update Region States               72 us
[2026-04-03T02:25:08.992+0600][71.495s][info][gc,stats    ]   Choose Collection Set             288 us
[2026-04-03T02:25:08.992+0600][71.495s][info][gc,stats    ]   Rebuild Free Set                   42 us
[2026-04-03T02:25:08.992+0600][71.495s][info][gc,stats    ] Concurrent Thread Roots            1017 us, parallelism: 2.03x
[2026-04-03T02:25:08.992+0600][71.495s][info][gc,stats    ]   CTR: <total>                     2068 us
[2026-04-03T02:25:08.992+0600][71.495s][info][gc,stats    ]   CTR: Thread Roots                2068 us, workers (us): 705, 691, 673, ---, ---, ---, 
[2026-04-03T02:25:08.992+0600][71.495s][info][gc,stats    ] Concurrent Weak References          595 us, parallelism: 0.75x
[2026-04-03T02:25:08.992+0600][71.495s][info][gc,stats    ]   CWRF: <total>                     449 us
[2026-04-03T02:25:08.992+0600][71.495s][info][gc,stats    ]   CWRF: Weak References             449 us, workers (us):  51, 145, 253, ---, ---, ---, 
[2026-04-03T02:25:08.992+0600][71.495s][info][gc,stats    ] Concurrent Weak Roots              4212 us
[2026-04-03T02:25:08.992+0600][71.495s][info][gc,stats    ]   Roots                            3608 us, parallelism: 2.58x
[2026-04-03T02:25:08.992+0600][71.496s][info][gc,stats    ]     CWR: <total>                   9308 us
[2026-04-03T02:25:08.992+0600][71.496s][info][gc,stats    ]     CWR: Code Cache Roots          7106 us, workers (us): 2399, 2380, 2327, ---, ---, ---, 
[2026-04-03T02:25:08.992+0600][71.496s][info][gc,stats    ]     CWR: VM Weak Roots             2043 us, workers (us): 684, 682, 677, ---, ---, ---, 
[2026-04-03T02:25:08.992+0600][71.496s][info][gc,stats    ]     CWR: CLDG Roots                 159 us, workers (us): ---, 159, ---, ---, ---, ---, 
[2026-04-03T02:25:08.992+0600][71.496s][info][gc,stats    ]   Rendezvous                        508 us
[2026-04-03T02:25:08.992+0600][71.496s][info][gc,stats    ] Concurrent Cleanup                 1035 us
[2026-04-03T02:25:08.992+0600][71.496s][info][gc,stats    ] Concurrent Class Unloading        17553 us
[2026-04-03T02:25:08.992+0600][71.496s][info][gc,stats    ]   Unlink Stale                    16263 us
[2026-04-03T02:25:08.992+0600][71.496s][info][gc,stats    ]     System Dictionary               219 us
[2026-04-03T02:25:08.992+0600][71.496s][info][gc,stats    ]     Weak Class Links                  0 us
[2026-04-03T02:25:08.992+0600][71.496s][info][gc,stats    ]     Code Roots                    16041 us
[2026-04-03T02:25:08.992+0600][71.496s][info][gc,stats    ]   Rendezvous                        383 us
[2026-04-03T02:25:08.992+0600][71.496s][info][gc,stats    ]   Purge Unlinked                    783 us
[2026-04-03T02:25:08.992+0600][71.496s][info][gc,stats    ]     Code Roots                      762 us
[2026-04-03T02:25:08.992+0600][71.496s][info][gc,stats    ]     CLDG                             20 us
[2026-04-03T02:25:08.992+0600][71.496s][info][gc,stats    ]     Exception Caches                  1 us
[2026-04-03T02:25:08.992+0600][71.496s][info][gc,stats    ] Concurrent Strong Roots            1313 us, parallelism: 0.65x
[2026-04-03T02:25:08.992+0600][71.496s][info][gc,stats    ]   CSR: <total>                      856 us
[2026-04-03T02:25:08.992+0600][71.496s][info][gc,stats    ]   CSR: VM Strong Roots               49 us, workers (us):  30,  18,   0, ---, ---, ---, 
[2026-04-03T02:25:08.992+0600][71.496s][info][gc,stats    ]   CSR: CLDG Roots                   807 us, workers (us): ---, 807, ---, ---, ---, ---, 
[2026-04-03T02:25:08.992+0600][71.496s][info][gc,stats    ] Concurrent Evacuation              3720 us
[2026-04-03T02:25:08.992+0600][71.496s][info][gc,stats    ] Pause Init Update Refs (G)          446 us
[2026-04-03T02:25:08.992+0600][71.496s][info][gc,stats    ] Pause Init Update Refs (N)          194 us
[2026-04-03T02:25:08.992+0600][71.496s][info][gc,stats    ]   Manage GCLABs                      40 us
[2026-04-03T02:25:08.992+0600][71.496s][info][gc,stats    ] Concurrent Update Refs            46696 us
[2026-04-03T02:25:08.992+0600][71.496s][info][gc,stats    ] Concurrent Update Thread Roots     1563 us
[2026-04-03T02:25:08.992+0600][71.496s][info][gc,stats    ] Pause Final Update Refs (G)         453 us
[2026-04-03T02:25:08.992+0600][71.496s][info][gc,stats    ] Pause Final Update Refs (N)         261 us
[2026-04-03T02:25:08.992+0600][71.496s][info][gc,stats    ]   Update Region States               75 us
[2026-04-03T02:25:08.993+0600][71.496s][info][gc,stats    ]   Trash Collection Set               22 us
[2026-04-03T02:25:08.993+0600][71.496s][info][gc,stats    ]   Rebuild Free Set                   60 us
[2026-04-03T02:25:08.993+0600][71.496s][info][gc,stats    ] Concurrent Cleanup                  855 us
[2026-04-03T02:25:08.993+0600][71.496s][info][gc,stats    ] Pacing                           157201 us
[2026-04-03T02:25:08.993+0600][71.496s][info][gc,stats    ] 
[2026-04-03T02:25:08.993+0600][71.496s][info][gc,stats    ] Allocation pacing accrued:
[2026-04-03T02:25:08.993+0600][71.496s][info][gc,stats    ]      11 of   608 ms (  1.9%): dispatcher-event-loop-0
[2026-04-03T02:25:08.993+0600][71.496s][info][gc,stats    ]      11 of   608 ms (  1.8%): dispatcher-event-loop-1
[2026-04-03T02:25:08.993+0600][71.496s][info][gc,stats    ]      11 of   608 ms (  1.8%): dispatcher-event-loop-6
[2026-04-03T02:25:08.993+0600][71.496s][info][gc,stats    ]      11 of   608 ms (  1.9%): dispatcher-event-loop-7
[2026-04-03T02:25:08.993+0600][71.496s][info][gc,stats    ]      11 of   608 ms (  1.8%): Executor task launch worker for task 2.0 in stage 2927.0 (TID 5415)
[2026-04-03T02:25:08.993+0600][71.496s][info][gc,stats    ]      34 of   608 ms (  5.6%): Executor task launch worker for task 7.0 in stage 2927.0 (TID 5420)
[2026-04-03T02:25:08.993+0600][71.496s][info][gc,stats    ]      11 of   608 ms (  1.9%): Executor task launch worker for task 0.0 in stage 2927.0 (TID 5413)
[2026-04-03T02:25:08.993+0600][71.496s][info][gc,stats    ]      11 of   608 ms (  1.8%): Executor task launch worker for task 4.0 in stage 2927.0 (TID 5417)
[2026-04-03T02:25:08.993+0600][71.496s][info][gc,stats    ]      22 of   608 ms (  3.7%): task-result-getter-0
[2026-04-03T02:25:08.993+0600][71.496s][info][gc,stats    ]      22 of   608 ms (  3.7%): task-result-getter-3
[2026-04-03T02:25:08.993+0600][71.496s][info][gc,stats    ]     157 of   608 ms ( 25.9%): <total>
[2026-04-03T02:25:08.993+0600][71.496s][info][gc,stats    ]       1 of   608 ms (  0.1%): <average total>
[2026-04-03T02:25:08.993+0600][71.496s][info][gc,stats    ]      16 of   608 ms (  2.6%): <average non-zero>
[2026-04-03T02:25:08.993+0600][71.496s][info][gc,stats    ] 
[2026-04-03T02:25:08.993+0600][71.496s][info][gc,metaspace] Metaspace: 131531K(132800K)->131533K(132800K) NonClass: 115040K(115648K)->115042K(115648K) Class: 16491K(17152K)->16491K(17152K)
[2026-04-03T02:25:08.993+0600][71.496s][info][gc,ergo     ] Pacer for Idle. Initial: 20480K, Alloc Tax Rate: 1.0x
[2026-04-03T02:25:09.397+0600][71.900s][info][gc          ] Trigger: Average GC time (153.87 ms) is above the time for average allocation rate (1254 MB/s) to deplete free headroom (186M) (margin of error = 1.85)
[2026-04-03T02:25:09.397+0600][71.900s][info][gc,ergo     ] Free headroom: 236M (free) - 51200K (spike) - 0B (penalties) = 186M
[2026-04-03T02:25:09.397+0600][71.900s][info][gc,ergo     ] Free: 236M, Max: 256K regular, 231M humongous, Frag: 3% external, 1% internal; Reserve: 51200K, Max: 256K
[2026-04-03T02:25:09.397+0600][71.900s][info][gc,start    ] GC(90) Concurrent reset
[2026-04-03T02:25:09.397+0600][71.900s][info][gc,task     ] GC(90) Using 3 of 6 workers for concurrent reset
[2026-04-03T02:25:09.397+0600][71.900s][info][gc,ergo     ] GC(90) Pacer for Reset. Non-Taxable: 1000M
[2026-04-03T02:25:09.398+0600][71.901s][info][gc          ] GC(90) Concurrent reset 1.329ms
[2026-04-03T02:25:09.398+0600][71.902s][info][gc,start    ] GC(90) Pause Init Mark (unload classes)
[2026-04-03T02:25:09.398+0600][71.902s][info][gc,task     ] GC(90) Using 6 of 6 workers for init marking
[2026-04-03T02:25:09.399+0600][71.902s][info][gc,ergo     ] GC(90) Pacer for Mark. Expected Live: 94247K, Free: 235M, Non-Taxable: 24081K, Alloc Tax Rate: 0.5x
[2026-04-03T02:25:09.399+0600][71.902s][info][gc          ] GC(90) Pause Init Mark (unload classes) 0.125ms
[2026-04-03T02:25:09.399+0600][71.902s][info][gc,start    ] GC(90) Concurrent marking roots
[2026-04-03T02:25:09.399+0600][71.902s][info][gc,task     ] GC(90) Using 3 of 6 workers for concurrent marking roots
[2026-04-03T02:25:09.402+0600][71.906s][info][gc          ] GC(90) Concurrent marking roots 3.769ms
[2026-04-03T02:25:09.402+0600][71.906s][info][gc,start    ] GC(90) Concurrent marking (unload classes)
[2026-04-03T02:25:09.403+0600][71.906s][info][gc,task     ] GC(90) Using 3 of 6 workers for concurrent marking
[2026-04-03T02:25:09.471+0600][71.974s][info][gc          ] GC(90) Concurrent marking (unload classes) 68.432ms
[2026-04-03T02:25:09.471+0600][71.975s][info][gc,start    ] GC(90) Pause Final Mark (unload classes)
[2026-04-03T02:25:09.471+0600][71.975s][info][gc,task     ] GC(90) Using 6 of 6 workers for final marking
[2026-04-03T02:25:09.472+0600][71.975s][info][gc,ergo     ] GC(90) Adaptive CSet Selection. Target Free: 141M, Actual Free: 752M, Max CSet: 42666K, Min Garbage: 0B
[2026-04-03T02:25:09.472+0600][71.975s][info][gc,ergo     ] GC(90) Collectable Garbage: 576M (98%), Immediate: 507M (86%), CSet: 70477K (11%)
[2026-04-03T02:25:09.472+0600][71.975s][info][gc,ergo     ] GC(90) Pacer for Evacuation. Used CSet: 75785K, Free: 738M, Non-Taxable: 75578K, Alloc Tax Rate: 1.1x
[2026-04-03T02:25:09.472+0600][71.975s][info][gc          ] GC(90) Pause Final Mark (unload classes) 0.656ms
[2026-04-03T02:25:09.472+0600][71.975s][info][gc,start    ] GC(90) Concurrent thread roots
[2026-04-03T02:25:09.472+0600][71.975s][info][gc,task     ] GC(90) Using 3 of 6 workers for Concurrent thread roots
[2026-04-03T02:25:09.478+0600][71.981s][info][gc          ] GC(90) Concurrent thread roots 5.663ms
[2026-04-03T02:25:09.478+0600][71.981s][info][gc,start    ] GC(90) Concurrent weak references
[2026-04-03T02:25:09.478+0600][71.981s][info][gc,task     ] GC(90) Using 3 of 6 workers for concurrent weak references
[2026-04-03T02:25:09.478+0600][71.981s][info][gc,ref      ] GC(90) Encountered references: Soft: 3792, Weak: 15847, Final: 84, Phantom: 620
[2026-04-03T02:25:09.478+0600][71.981s][info][gc,ref      ] GC(90) Discovered  references: Soft: 0, Weak: 3720, Final: 0, Phantom: 574
[2026-04-03T02:25:09.478+0600][71.981s][info][gc,ref      ] GC(90) Enqueued    references: Soft: 0, Weak: 34, Final: 0, Phantom: 0
[2026-04-03T02:25:09.478+0600][71.981s][info][gc          ] GC(90) Concurrent weak references 0.492ms
[2026-04-03T02:25:09.478+0600][71.981s][info][gc,start    ] GC(90) Concurrent weak roots
[2026-04-03T02:25:09.478+0600][71.981s][info][gc,task     ] GC(90) Using 3 of 6 workers for concurrent weak root
[2026-04-03T02:25:09.484+0600][71.988s][info][gc          ] GC(90) Concurrent weak roots 6.271ms
[2026-04-03T02:25:09.485+0600][71.988s][info][gc,start    ] GC(90) Concurrent cleanup
[2026-04-03T02:25:09.486+0600][71.989s][info][gc          ] GC(90) Concurrent cleanup 727M->221M(850M) 1.476ms
[2026-04-03T02:25:09.486+0600][71.989s][info][gc,ergo     ] GC(90) Free: 724M, Max: 256K regular, 182M humongous, Frag: 75% external, 0% internal; Reserve: 50882K, Max: 256K
[2026-04-03T02:25:09.486+0600][71.989s][info][gc,start    ] GC(90) Concurrent class unloading
[2026-04-03T02:25:09.486+0600][71.989s][info][gc,task     ] GC(90) Using 3 of 6 workers for concurrent class unloading
[2026-04-03T02:25:09.506+0600][72.009s][info][gc          ] GC(90) Concurrent class unloading 19.443ms
[2026-04-03T02:25:09.506+0600][72.009s][info][gc,start    ] GC(90) Concurrent strong roots
[2026-04-03T02:25:09.506+0600][72.009s][info][gc,task     ] GC(90) Using 3 of 6 workers for concurrent strong root
[2026-04-03T02:25:09.507+0600][72.010s][info][gc          ] GC(90) Concurrent strong roots 1.219ms
[2026-04-03T02:25:09.507+0600][72.010s][info][gc,start    ] GC(90) Concurrent evacuation
[2026-04-03T02:25:09.507+0600][72.010s][info][gc,task     ] GC(90) Using 3 of 6 workers for concurrent evacuation
[2026-04-03T02:25:09.510+0600][72.013s][info][gc          ] GC(90) Concurrent evacuation 2.976ms
[2026-04-03T02:25:09.510+0600][72.013s][info][gc,start    ] GC(90) Pause Init Update Refs
[2026-04-03T02:25:09.510+0600][72.014s][info][gc,ergo     ] GC(90) Pacer for Update Refs. Used: 246M, Free: 702M, Non-Taxable: 71943K, Alloc Tax Rate: 1.1x
[2026-04-03T02:25:09.510+0600][72.014s][info][gc          ] GC(90) Pause Init Update Refs 0.168ms
[2026-04-03T02:25:09.511+0600][72.014s][info][gc,start    ] GC(90) Concurrent update references
[2026-04-03T02:25:09.511+0600][72.014s][info][gc,task     ] GC(90) Using 3 of 6 workers for concurrent reference update
[2026-04-03T02:25:09.562+0600][72.065s][info][gc          ] GC(90) Concurrent update references 51.405ms
[2026-04-03T02:25:09.562+0600][72.065s][info][gc,start    ] GC(90) Concurrent update thread roots
[2026-04-03T02:25:09.563+0600][72.067s][info][gc          ] GC(90) Concurrent update thread roots 1.343ms
[2026-04-03T02:25:09.564+0600][72.067s][info][gc,start    ] GC(90) Pause Final Update Refs
[2026-04-03T02:25:09.564+0600][72.067s][info][gc,task     ] GC(90) Using 6 of 6 workers for final reference update
[2026-04-03T02:25:09.564+0600][72.067s][info][gc          ] GC(90) Pause Final Update Refs 0.452ms
[2026-04-03T02:25:09.564+0600][72.068s][info][gc,start    ] GC(90) Concurrent cleanup
[2026-04-03T02:25:09.565+0600][72.068s][info][gc          ] GC(90) Concurrent cleanup 283M->209M(850M) 0.801ms
[2026-04-03T02:25:09.565+0600][72.068s][info][gc,ergo     ] Free: 731M, Max: 256K regular, 258M humongous, Frag: 65% external, 0% internal; Reserve: 51200K, Max: 256K
[2026-04-03T02:25:09.565+0600][72.068s][info][gc,stats    ] 
[2026-04-03T02:25:09.565+0600][72.068s][info][gc,stats    ] All times are wall-clock times, except per-root-class counters, that are sum over
[2026-04-03T02:25:09.565+0600][72.068s][info][gc,stats    ] all workers. Dividing the <total> over the root stage time estimates parallelism.
[2026-04-03T02:25:09.565+0600][72.068s][info][gc,stats    ] 
[2026-04-03T02:25:09.565+0600][72.069s][info][gc,stats    ] Concurrent Reset                   1370 us
[2026-04-03T02:25:09.565+0600][72.069s][info][gc,stats    ] Pause Init Mark (G)                 416 us
[2026-04-03T02:25:09.565+0600][72.069s][info][gc,stats    ] Pause Init Mark (N)                 134 us
[2026-04-03T02:25:09.565+0600][72.069s][info][gc,stats    ]   Update Region States               38 us
[2026-04-03T02:25:09.565+0600][72.069s][info][gc,stats    ] Concurrent Mark Roots              3860 us, parallelism: 1.87x
[2026-04-03T02:25:09.565+0600][72.069s][info][gc,stats    ]   CMR: <total>                     7207 us
[2026-04-03T02:25:09.565+0600][72.069s][info][gc,stats    ]   CMR: Thread Roots                6722 us, workers (us): 2884, 3223, 615, ---, ---, ---, 
[2026-04-03T02:25:09.565+0600][72.069s][info][gc,stats    ]   CMR: VM Strong Roots               58 us, workers (us):  55,   1,   1, ---, ---, ---, 
[2026-04-03T02:25:09.565+0600][72.069s][info][gc,stats    ]   CMR: CLDG Roots                   427 us, workers (us): 427, ---, ---, ---, ---, ---, 
[2026-04-03T02:25:09.565+0600][72.069s][info][gc,stats    ] Concurrent Marking                68558 us
[2026-04-03T02:25:09.565+0600][72.069s][info][gc,stats    ] Pause Final Mark (G)                877 us
[2026-04-03T02:25:09.565+0600][72.069s][info][gc,stats    ] Pause Final Mark (N)                666 us
[2026-04-03T02:25:09.565+0600][72.069s][info][gc,stats    ]   Finish Mark                       180 us
[2026-04-03T02:25:09.565+0600][72.069s][info][gc,stats    ]   Update Region States               63 us
[2026-04-03T02:25:09.565+0600][72.069s][info][gc,stats    ]   Choose Collection Set             258 us
[2026-04-03T02:25:09.565+0600][72.069s][info][gc,stats    ]   Rebuild Free Set                   48 us
[2026-04-03T02:25:09.565+0600][72.069s][info][gc,stats    ] Concurrent Thread Roots            5750 us, parallelism: 1.92x
[2026-04-03T02:25:09.565+0600][72.069s][info][gc,stats    ]   CTR: <total>                    11016 us
[2026-04-03T02:25:09.565+0600][72.069s][info][gc,stats    ]   CTR: Thread Roots               11016 us, workers (us): 3455, 5479, 2081, ---, ---, ---, 
[2026-04-03T02:25:09.565+0600][72.069s][info][gc,stats    ] Concurrent Weak References          506 us, parallelism: 0.96x
[2026-04-03T02:25:09.565+0600][72.069s][info][gc,stats    ]   CWRF: <total>                     488 us
[2026-04-03T02:25:09.565+0600][72.069s][info][gc,stats    ]   CWRF: Weak References             488 us, workers (us): 173, 315,   0, ---, ---, ---, 
[2026-04-03T02:25:09.565+0600][72.069s][info][gc,stats    ] Concurrent Weak Roots              6372 us
[2026-04-03T02:25:09.565+0600][72.069s][info][gc,stats    ]   Roots                            5839 us, parallelism: 2.72x
[2026-04-03T02:25:09.565+0600][72.069s][info][gc,stats    ]     CWR: <total>                  15903 us
[2026-04-03T02:25:09.565+0600][72.069s][info][gc,stats    ]     CWR: Code Cache Roots         12103 us, workers (us): 4108, 4052, 3943, ---, ---, ---, 
[2026-04-03T02:25:09.565+0600][72.069s][info][gc,stats    ]     CWR: VM Weak Roots             3544 us, workers (us): 1277, 1269, 998, ---, ---, ---, 
[2026-04-03T02:25:09.565+0600][72.069s][info][gc,stats    ]     CWR: CLDG Roots                 256 us, workers (us): ---, ---, 256, ---, ---, ---, 
[2026-04-03T02:25:09.565+0600][72.069s][info][gc,stats    ]   Rendezvous                        383 us
[2026-04-03T02:25:09.565+0600][72.069s][info][gc,stats    ] Concurrent Cleanup                 1524 us
[2026-04-03T02:25:09.565+0600][72.069s][info][gc,stats    ] Concurrent Class Unloading        19569 us
[2026-04-03T02:25:09.565+0600][72.069s][info][gc,stats    ]   Unlink Stale                    18428 us
[2026-04-03T02:25:09.565+0600][72.069s][info][gc,stats    ]     System Dictionary               301 us
[2026-04-03T02:25:09.565+0600][72.069s][info][gc,stats    ]     Weak Class Links                  1 us
[2026-04-03T02:25:09.565+0600][72.069s][info][gc,stats    ]     Code Roots                    18123 us
[2026-04-03T02:25:09.565+0600][72.069s][info][gc,stats    ]   Rendezvous                        300 us
[2026-04-03T02:25:09.565+0600][72.069s][info][gc,stats    ]   Purge Unlinked                    673 us
[2026-04-03T02:25:09.565+0600][72.069s][info][gc,stats    ]     Code Roots                      662 us
[2026-04-03T02:25:09.565+0600][72.069s][info][gc,stats    ]     CLDG                             10 us
[2026-04-03T02:25:09.565+0600][72.069s][info][gc,stats    ]     Exception Caches                  0 us
[2026-04-03T02:25:09.566+0600][72.069s][info][gc,stats    ] Concurrent Strong Roots            1238 us, parallelism: 0.70x
[2026-04-03T02:25:09.566+0600][72.069s][info][gc,stats    ]   CSR: <total>                      862 us
[2026-04-03T02:25:09.566+0600][72.069s][info][gc,stats    ]   CSR: VM Strong Roots               51 us, workers (us):  47,   2,   2, ---, ---, ---, 
[2026-04-03T02:25:09.566+0600][72.069s][info][gc,stats    ]   CSR: CLDG Roots                   811 us, workers (us): 811, ---, ---, ---, ---, ---, 
[2026-04-03T02:25:09.566+0600][72.069s][info][gc,stats    ] Concurrent Evacuation              3017 us
[2026-04-03T02:25:09.566+0600][72.069s][info][gc,stats    ] Pause Init Update Refs (G)          523 us
[2026-04-03T02:25:09.566+0600][72.069s][info][gc,stats    ] Pause Init Update Refs (N)          186 us
[2026-04-03T02:25:09.566+0600][72.069s][info][gc,stats    ]   Manage GCLABs                      55 us
[2026-04-03T02:25:09.566+0600][72.069s][info][gc,stats    ] Concurrent Update Refs            51507 us
[2026-04-03T02:25:09.566+0600][72.069s][info][gc,stats    ] Concurrent Update Thread Roots     1400 us
[2026-04-03T02:25:09.566+0600][72.069s][info][gc,stats    ] Pause Final Update Refs (G)         820 us
[2026-04-03T02:25:09.566+0600][72.069s][info][gc,stats    ] Pause Final Update Refs (N)         512 us
[2026-04-03T02:25:09.566+0600][72.069s][info][gc,stats    ]   Update Region States              105 us
[2026-04-03T02:25:09.566+0600][72.069s][info][gc,stats    ]   Trash Collection Set              159 us
[2026-04-03T02:25:09.566+0600][72.069s][info][gc,stats    ]   Rebuild Free Set                  109 us
[2026-04-03T02:25:09.566+0600][72.069s][info][gc,stats    ] Concurrent Cleanup                  826 us
[2026-04-03T02:25:09.566+0600][72.069s][info][gc,stats    ] Pacing                           175890 us
[2026-04-03T02:25:09.566+0600][72.069s][info][gc,stats    ] 
[2026-04-03T02:25:09.566+0600][72.069s][info][gc,stats    ] Allocation pacing accrued:
[2026-04-03T02:25:09.566+0600][72.069s][info][gc,stats    ]      22 of   573 ms (  3.8%): Executor task launch worker for task 5.0 in stage 2942.0 (TID 5538)
[2026-04-03T02:25:09.566+0600][72.069s][info][gc,stats    ]      22 of   573 ms (  3.8%): Executor task launch worker for task 2.0 in stage 2942.0 (TID 5535)
[2026-04-03T02:25:09.566+0600][72.069s][info][gc,stats    ]      22 of   573 ms (  3.8%): Executor task launch worker for task 6.0 in stage 2942.0 (TID 5539)
[2026-04-03T02:25:09.566+0600][72.069s][info][gc,stats    ]      23 of   573 ms (  4.0%): Executor task launch worker for task 0.0 in stage 2942.0 (TID 5533)
[2026-04-03T02:25:09.566+0600][72.069s][info][gc,stats    ]      22 of   573 ms (  3.9%): Executor task launch worker for task 4.0 in stage 2942.0 (TID 5537)
[2026-04-03T02:25:09.566+0600][72.069s][info][gc,stats    ]      22 of   573 ms (  3.8%): Executor task launch worker for task 1.0 in stage 2942.0 (TID 5534)
[2026-04-03T02:25:09.566+0600][72.069s][info][gc,stats    ]      22 of   573 ms (  3.8%): Executor task launch worker for task 3.0 in stage 2942.0 (TID 5536)
[2026-04-03T02:25:09.566+0600][72.069s][info][gc,stats    ]      22 of   573 ms (  3.8%): Executor task launch worker for task 7.0 in stage 2942.0 (TID 5540)
[2026-04-03T02:25:09.566+0600][72.069s][info][gc,stats    ]     176 of   573 ms ( 30.7%): <total>
[2026-04-03T02:25:09.566+0600][72.069s][info][gc,stats    ]       1 of   573 ms (  0.1%): <average total>
[2026-04-03T02:25:09.566+0600][72.069s][info][gc,stats    ]      22 of   573 ms (  3.8%): <average non-zero>
[2026-04-03T02:25:09.566+0600][72.069s][info][gc,stats    ] 
[2026-04-03T02:25:09.566+0600][72.069s][info][gc,metaspace] Metaspace: 131534K(132800K)->131534K(132800K) NonClass: 115043K(115648K)->115043K(115648K) Class: 16491K(17152K)->16491K(17152K)
[2026-04-03T02:25:09.566+0600][72.069s][info][gc,ergo     ] Pacer for Idle. Initial: 20480K, Alloc Tax Rate: 1.0x
[2026-04-03T02:25:09.978+0600][72.482s][info][gc          ] Trigger: Average GC time (183.29 ms) is above the time for average allocation rate (1217 MB/s) to deplete free headroom (222M) (margin of error = 1.85)
[2026-04-03T02:25:09.978+0600][72.482s][info][gc,ergo     ] Free headroom: 272M (free) - 51200K (spike) - 0B (penalties) = 222M
[2026-04-03T02:25:09.978+0600][72.482s][info][gc,ergo     ] Free: 272M, Max: 256K regular, 180M humongous, Frag: 34% external, 0% internal; Reserve: 51200K, Max: 256K
[2026-04-03T02:25:09.979+0600][72.482s][info][gc,start    ] GC(91) Concurrent reset
[2026-04-03T02:25:09.979+0600][72.482s][info][gc,task     ] GC(91) Using 3 of 6 workers for concurrent reset
[2026-04-03T02:25:09.979+0600][72.482s][info][gc,ergo     ] GC(91) Pacer for Reset. Non-Taxable: 1000M
[2026-04-03T02:25:09.980+0600][72.483s][info][gc          ] GC(91) Concurrent reset 1.065ms
[2026-04-03T02:25:09.980+0600][72.483s][info][gc,start    ] GC(91) Pause Init Mark (unload classes)
[2026-04-03T02:25:09.980+0600][72.483s][info][gc,task     ] GC(91) Using 6 of 6 workers for init marking
[2026-04-03T02:25:09.980+0600][72.483s][info][gc,ergo     ] GC(91) Pacer for Mark. Expected Live: 95017K, Free: 270M, Non-Taxable: 27718K, Alloc Tax Rate: 0.4x
[2026-04-03T02:25:09.980+0600][72.483s][info][gc          ] GC(91) Pause Init Mark (unload classes) 0.150ms
[2026-04-03T02:25:09.980+0600][72.483s][info][gc,start    ] GC(91) Concurrent marking roots
[2026-04-03T02:25:09.980+0600][72.484s][info][gc,task     ] GC(91) Using 3 of 6 workers for concurrent marking roots
[2026-04-03T02:25:09.982+0600][72.485s][info][gc          ] GC(91) Concurrent marking roots 1.657ms
[2026-04-03T02:25:09.982+0600][72.485s][info][gc,start    ] GC(91) Concurrent marking (unload classes)
[2026-04-03T02:25:09.982+0600][72.485s][info][gc,task     ] GC(91) Using 3 of 6 workers for concurrent marking
[2026-04-03T02:25:10.034+0600][72.537s][info][gc          ] GC(91) Concurrent marking (unload classes) 52.116ms
[2026-04-03T02:25:10.034+0600][72.538s][info][gc,start    ] GC(91) Pause Final Mark (unload classes)
[2026-04-03T02:25:10.034+0600][72.538s][info][gc,task     ] GC(91) Using 6 of 6 workers for final marking
[2026-04-03T02:25:10.035+0600][72.538s][info][gc,ergo     ] GC(91) Adaptive CSet Selection. Target Free: 141M, Actual Free: 693M, Max CSet: 42666K, Min Garbage: 0B
[2026-04-03T02:25:10.035+0600][72.538s][info][gc,ergo     ] GC(91) Collectable Garbage: 550M (98%), Immediate: 410M (73%), CSet: 140M (25%)
[2026-04-03T02:25:10.035+0600][72.539s][info][gc,ergo     ] GC(91) Pacer for Evacuation. Used CSet: 146M, Free: 668M, Non-Taxable: 68466K, Alloc Tax Rate: 1.1x
[2026-04-03T02:25:10.035+0600][72.539s][info][gc          ] GC(91) Pause Final Mark (unload classes) 1.067ms
[2026-04-03T02:25:10.035+0600][72.539s][info][gc,start    ] GC(91) Concurrent thread roots
[2026-04-03T02:25:10.036+0600][72.539s][info][gc,task     ] GC(91) Using 3 of 6 workers for Concurrent thread roots
[2026-04-03T02:25:10.036+0600][72.540s][info][gc          ] GC(91) Concurrent thread roots 0.955ms
[2026-04-03T02:25:10.036+0600][72.540s][info][gc,start    ] GC(91) Concurrent weak references
[2026-04-03T02:25:10.036+0600][72.540s][info][gc,task     ] GC(91) Using 3 of 6 workers for concurrent weak references
[2026-04-03T02:25:10.037+0600][72.541s][info][gc,ref      ] GC(91) Encountered references: Soft: 3789, Weak: 16684, Final: 84, Phantom: 620
[2026-04-03T02:25:10.037+0600][72.541s][info][gc,ref      ] GC(91) Discovered  references: Soft: 0, Weak: 7051, Final: 0, Phantom: 538
[2026-04-03T02:25:10.037+0600][72.541s][info][gc,ref      ] GC(91) Enqueued    references: Soft: 0, Weak: 1716, Final: 0, Phantom: 0
[2026-04-03T02:25:10.037+0600][72.541s][info][gc          ] GC(91) Concurrent weak references 1.053ms
[2026-04-03T02:25:10.037+0600][72.541s][info][gc,start    ] GC(91) Concurrent weak roots
[2026-04-03T02:25:10.037+0600][72.541s][info][gc,task     ] GC(91) Using 3 of 6 workers for concurrent weak root
[2026-04-03T02:25:10.042+0600][72.545s][info][gc          ] GC(91) Concurrent weak roots 4.471ms
[2026-04-03T02:25:10.042+0600][72.545s][info][gc,start    ] GC(91) Concurrent cleanup
[2026-04-03T02:25:10.043+0600][72.546s][info][gc          ] GC(91) Concurrent cleanup 689M->278M(850M) 0.735ms
[2026-04-03T02:25:10.043+0600][72.546s][info][gc,ergo     ] GC(91) Free: 666M, Max: 256K regular, 181M humongous, Frag: 73% external, 0% internal; Reserve: 50852K, Max: 256K
[2026-04-03T02:25:10.043+0600][72.546s][info][gc,start    ] GC(91) Concurrent class unloading
[2026-04-03T02:25:10.043+0600][72.546s][info][gc,task     ] GC(91) Using 3 of 6 workers for concurrent class unloading
[2026-04-03T02:25:10.061+0600][72.564s][info][gc          ] GC(91) Concurrent class unloading 17.602ms
[2026-04-03T02:25:10.061+0600][72.564s][info][gc,start    ] GC(91) Concurrent strong roots
[2026-04-03T02:25:10.061+0600][72.564s][info][gc,task     ] GC(91) Using 3 of 6 workers for concurrent strong root
[2026-04-03T02:25:10.062+0600][72.566s][info][gc          ] GC(91) Concurrent strong roots 1.568ms
[2026-04-03T02:25:10.062+0600][72.566s][info][gc,start    ] GC(91) Concurrent evacuation
[2026-04-03T02:25:10.062+0600][72.566s][info][gc,task     ] GC(91) Using 3 of 6 workers for concurrent evacuation
[2026-04-03T02:25:10.066+0600][72.569s][info][gc          ] GC(91) Concurrent evacuation 3.296ms
[2026-04-03T02:25:10.066+0600][72.569s][info][gc,start    ] GC(91) Pause Init Update Refs
[2026-04-03T02:25:10.066+0600][72.569s][info][gc,ergo     ] GC(91) Pacer for Update Refs. Used: 291M, Free: 659M, Non-Taxable: 67514K, Alloc Tax Rate: 1.1x
[2026-04-03T02:25:10.066+0600][72.569s][info][gc          ] GC(91) Pause Init Update Refs 0.161ms
[2026-04-03T02:25:10.066+0600][72.570s][info][gc,start    ] GC(91) Concurrent update references
[2026-04-03T02:25:10.066+0600][72.570s][info][gc,task     ] GC(91) Using 3 of 6 workers for concurrent reference update
[2026-04-03T02:25:10.116+0600][72.620s][info][gc          ] GC(91) Concurrent update references 50.114ms
[2026-04-03T02:25:10.116+0600][72.620s][info][gc,start    ] GC(91) Concurrent update thread roots
[2026-04-03T02:25:10.118+0600][72.621s][info][gc          ] GC(91) Concurrent update thread roots 1.387ms
[2026-04-03T02:25:10.118+0600][72.621s][info][gc,start    ] GC(91) Pause Final Update Refs
[2026-04-03T02:25:10.118+0600][72.621s][info][gc,task     ] GC(91) Using 6 of 6 workers for final reference update
[2026-04-03T02:25:10.118+0600][72.622s][info][gc          ] GC(91) Pause Final Update Refs 0.263ms
[2026-04-03T02:25:10.119+0600][72.622s][info][gc,start    ] GC(91) Concurrent cleanup
[2026-04-03T02:25:10.119+0600][72.623s][info][gc          ] GC(91) Concurrent cleanup 326M->181M(850M) 0.930ms
[2026-04-03T02:25:10.120+0600][72.623s][info][gc,ergo     ] Free: 761M, Max: 256K regular, 283M humongous, Frag: 63% external, 1% internal; Reserve: 51200K, Max: 256K
[2026-04-03T02:25:10.120+0600][72.623s][info][gc,stats    ] 
[2026-04-03T02:25:10.120+0600][72.623s][info][gc,stats    ] All times are wall-clock times, except per-root-class counters, that are sum over
[2026-04-03T02:25:10.120+0600][72.623s][info][gc,stats    ] all workers. Dividing the <total> over the root stage time estimates parallelism.
[2026-04-03T02:25:10.120+0600][72.623s][info][gc,stats    ] 
[2026-04-03T02:25:10.120+0600][72.623s][info][gc,stats    ] Concurrent Reset                   1103 us
[2026-04-03T02:25:10.120+0600][72.623s][info][gc,stats    ] Pause Init Mark (G)                 531 us
[2026-04-03T02:25:10.120+0600][72.623s][info][gc,stats    ] Pause Init Mark (N)                 161 us
[2026-04-03T02:25:10.120+0600][72.623s][info][gc,stats    ]   Update Region States               42 us
[2026-04-03T02:25:10.120+0600][72.623s][info][gc,stats    ] Concurrent Mark Roots              1714 us, parallelism: 1.84x
[2026-04-03T02:25:10.120+0600][72.623s][info][gc,stats    ]   CMR: <total>                     3145 us
[2026-04-03T02:25:10.120+0600][72.623s][info][gc,stats    ]   CMR: Thread Roots                2627 us, workers (us): 557, 1035, 1035, ---, ---, ---, 
[2026-04-03T02:25:10.120+0600][72.623s][info][gc,stats    ]   CMR: VM Strong Roots               61 us, workers (us):  32,  28,   1, ---, ---, ---, 
[2026-04-03T02:25:10.120+0600][72.623s][info][gc,stats    ]   CMR: CLDG Roots                   457 us, workers (us): 457, ---, ---, ---, ---, ---, 
[2026-04-03T02:25:10.120+0600][72.623s][info][gc,stats    ] Concurrent Marking                52195 us
[2026-04-03T02:25:10.120+0600][72.623s][info][gc,stats    ] Pause Final Mark (G)               1358 us
[2026-04-03T02:25:10.120+0600][72.623s][info][gc,stats    ] Pause Final Mark (N)               1079 us
[2026-04-03T02:25:10.120+0600][72.623s][info][gc,stats    ]   Finish Mark                       224 us
[2026-04-03T02:25:10.120+0600][72.623s][info][gc,stats    ]   Update Region States               60 us
[2026-04-03T02:25:10.120+0600][72.623s][info][gc,stats    ]   Choose Collection Set             547 us
[2026-04-03T02:25:10.120+0600][72.623s][info][gc,stats    ]   Rebuild Free Set                   94 us
[2026-04-03T02:25:10.120+0600][72.623s][info][gc,stats    ] Concurrent Thread Roots            1002 us, parallelism: 2.06x
[2026-04-03T02:25:10.120+0600][72.623s][info][gc,stats    ]   CTR: <total>                     2066 us
[2026-04-03T02:25:10.120+0600][72.623s][info][gc,stats    ]   CTR: Thread Roots                2066 us, workers (us): 737, 672, 657, ---, ---, ---, 
[2026-04-03T02:25:10.120+0600][72.623s][info][gc,stats    ] Concurrent Weak References         1068 us, parallelism: 0.91x
[2026-04-03T02:25:10.120+0600][72.623s][info][gc,stats    ]   CWRF: <total>                     973 us
[2026-04-03T02:25:10.120+0600][72.623s][info][gc,stats    ]   CWRF: Weak References             973 us, workers (us): 133, 814,  26, ---, ---, ---, 
[2026-04-03T02:25:10.120+0600][72.623s][info][gc,stats    ] Concurrent Weak Roots              4587 us
[2026-04-03T02:25:10.120+0600][72.623s][info][gc,stats    ]   Roots                            3959 us, parallelism: 2.59x
[2026-04-03T02:25:10.120+0600][72.623s][info][gc,stats    ]     CWR: <total>                  10246 us
[2026-04-03T02:25:10.120+0600][72.623s][info][gc,stats    ]     CWR: Code Cache Roots          8173 us, workers (us): 2705, 2605, 2862, ---, ---, ---, 
[2026-04-03T02:25:10.120+0600][72.623s][info][gc,stats    ]     CWR: VM Weak Roots             1968 us, workers (us): 666, 660, 642, ---, ---, ---, 
[2026-04-03T02:25:10.120+0600][72.623s][info][gc,stats    ]     CWR: CLDG Roots                 105 us, workers (us): ---, 105, ---, ---, ---, ---, 
[2026-04-03T02:25:10.120+0600][72.623s][info][gc,stats    ]   Rendezvous                        479 us
[2026-04-03T02:25:10.120+0600][72.623s][info][gc,stats    ] Concurrent Cleanup                  776 us
[2026-04-03T02:25:10.120+0600][72.623s][info][gc,stats    ] Concurrent Class Unloading        17697 us
[2026-04-03T02:25:10.120+0600][72.623s][info][gc,stats    ]   Unlink Stale                    16071 us
[2026-04-03T02:25:10.120+0600][72.623s][info][gc,stats    ]     System Dictionary               347 us
[2026-04-03T02:25:10.120+0600][72.623s][info][gc,stats    ]     Weak Class Links                  0 us
[2026-04-03T02:25:10.120+0600][72.623s][info][gc,stats    ]     Code Roots                    15718 us
[2026-04-03T02:25:10.120+0600][72.623s][info][gc,stats    ]   Rendezvous                        508 us
[2026-04-03T02:25:10.120+0600][72.623s][info][gc,stats    ]   Purge Unlinked                    983 us
[2026-04-03T02:25:10.120+0600][72.623s][info][gc,stats    ]     Code Roots                      970 us
[2026-04-03T02:25:10.120+0600][72.623s][info][gc,stats    ]     CLDG                             13 us
[2026-04-03T02:25:10.120+0600][72.623s][info][gc,stats    ]     Exception Caches                  0 us
[2026-04-03T02:25:10.120+0600][72.624s][info][gc,stats    ] Concurrent Strong Roots            1661 us, parallelism: 0.62x
[2026-04-03T02:25:10.120+0600][72.624s][info][gc,stats    ]   CSR: <total>                     1033 us
[2026-04-03T02:25:10.120+0600][72.624s][info][gc,stats    ]   CSR: VM Strong Roots               54 us, workers (us):  53,   1,   0, ---, ---, ---, 
[2026-04-03T02:25:10.120+0600][72.624s][info][gc,stats    ]   CSR: CLDG Roots                   979 us, workers (us): 979, ---, ---, ---, ---, ---, 
[2026-04-03T02:25:10.120+0600][72.624s][info][gc,stats    ] Concurrent Evacuation              3383 us
[2026-04-03T02:25:10.120+0600][72.624s][info][gc,stats    ] Pause Init Update Refs (G)          525 us
[2026-04-03T02:25:10.120+0600][72.624s][info][gc,stats    ] Pause Init Update Refs (N)          177 us
[2026-04-03T02:25:10.120+0600][72.624s][info][gc,stats    ]   Manage GCLABs                      34 us
[2026-04-03T02:25:10.120+0600][72.624s][info][gc,stats    ] Concurrent Update Refs            50212 us
[2026-04-03T02:25:10.120+0600][72.624s][info][gc,stats    ] Concurrent Update Thread Roots     1445 us
[2026-04-03T02:25:10.120+0600][72.624s][info][gc,stats    ] Pause Final Update Refs (G)         612 us
[2026-04-03T02:25:10.120+0600][72.624s][info][gc,stats    ] Pause Final Update Refs (N)         308 us
[2026-04-03T02:25:10.120+0600][72.624s][info][gc,stats    ]   Update Region States               78 us
[2026-04-03T02:25:10.120+0600][72.624s][info][gc,stats    ]   Trash Collection Set               26 us
[2026-04-03T02:25:10.120+0600][72.624s][info][gc,stats    ]   Rebuild Free Set                   64 us
[2026-04-03T02:25:10.120+0600][72.624s][info][gc,stats    ] Concurrent Cleanup                  957 us
[2026-04-03T02:25:10.120+0600][72.624s][info][gc,stats    ] 
[2026-04-03T02:25:10.120+0600][72.624s][info][gc,stats    ] Allocation pacing accrued:
[2026-04-03T02:25:10.120+0600][72.624s][info][gc,stats    ]       0 of   555 ms (  0.0%): <total>
[2026-04-03T02:25:10.120+0600][72.624s][info][gc,stats    ]       0 of   555 ms (  0.0%): <average total>
[2026-04-03T02:25:10.120+0600][72.624s][info][gc,stats    ] 
[2026-04-03T02:25:10.121+0600][72.624s][info][gc,metaspace] Metaspace: 131540K(132800K)->131543K(132800K) NonClass: 115048K(115648K)->115050K(115648K) Class: 16492K(17152K)->16493K(17152K)
[2026-04-03T02:25:10.121+0600][72.624s][info][gc,ergo     ] Pacer for Idle. Initial: 20480K, Alloc Tax Rate: 1.0x
[2026-04-03T02:25:10.576+0600][73.079s][info][gc          ] Trigger: Explicit GC request (System.gc())
[2026-04-03T02:25:10.576+0600][73.079s][info][gc,ergo     ] Free: 270M, Max: 256K regular, 270M humongous, Frag: 0% external, 0% internal; Reserve: 51200K, Max: 256K
[2026-04-03T02:25:10.576+0600][73.079s][info][gc,start    ] GC(92) Concurrent reset
[2026-04-03T02:25:10.576+0600][73.079s][info][gc,task     ] GC(92) Using 3 of 6 workers for concurrent reset
[2026-04-03T02:25:10.576+0600][73.079s][info][gc,ergo     ] GC(92) Pacer for Reset. Non-Taxable: 1000M
[2026-04-03T02:25:10.577+0600][73.080s][info][gc          ] GC(92) Concurrent reset 1.125ms
[2026-04-03T02:25:10.577+0600][73.080s][info][gc,start    ] GC(92) Pause Init Mark (unload classes)
[2026-04-03T02:25:10.577+0600][73.080s][info][gc,task     ] GC(92) Using 6 of 6 workers for init marking
[2026-04-03T02:25:10.577+0600][73.080s][info][gc,ref      ] GC(92) Clearing All SoftReferences
[2026-04-03T02:25:10.577+0600][73.080s][info][gc,ergo     ] GC(92) Pacer for Mark. Expected Live: 95059K, Free: 270M, Non-Taxable: 27743K, Alloc Tax Rate: 0.4x
[2026-04-03T02:25:10.577+0600][73.080s][info][gc          ] GC(92) Pause Init Mark (unload classes) 0.111ms
[2026-04-03T02:25:10.577+0600][73.080s][info][gc,start    ] GC(92) Concurrent marking roots
[2026-04-03T02:25:10.577+0600][73.081s][info][gc,task     ] GC(92) Using 3 of 6 workers for concurrent marking roots
[2026-04-03T02:25:10.578+0600][73.082s][info][gc          ] GC(92) Concurrent marking roots 1.114ms
[2026-04-03T02:25:10.578+0600][73.082s][info][gc,start    ] GC(92) Concurrent marking (unload classes)
[2026-04-03T02:25:10.578+0600][73.082s][info][gc,task     ] GC(92) Using 3 of 6 workers for concurrent marking
[2026-04-03T02:25:10.624+0600][73.127s][info][gc          ] GC(92) Concurrent marking (unload classes) 45.391ms
[2026-04-03T02:25:10.624+0600][73.127s][info][gc,start    ] GC(92) Pause Final Mark (unload classes)
[2026-04-03T02:25:10.624+0600][73.127s][info][gc,task     ] GC(92) Using 6 of 6 workers for final marking
[2026-04-03T02:25:10.624+0600][73.128s][info][gc,ergo     ] GC(92) Adaptive CSet Selection. Target Free: 141M, Actual Free: 819M, Max CSet: 42666K, Min Garbage: 0B
[2026-04-03T02:25:10.625+0600][73.128s][info][gc,ergo     ] GC(92) Collectable Garbage: 555M (98%), Immediate: 499M (88%), CSet: 57141K (9%)
[2026-04-03T02:25:10.625+0600][73.128s][info][gc,ergo     ] GC(92) Pacer for Evacuation. Used CSet: 60712K, Free: 795M, Non-Taxable: 81492K, Alloc Tax Rate: 1.1x
[2026-04-03T02:25:10.625+0600][73.128s][info][gc          ] GC(92) Pause Final Mark (unload classes) 0.689ms
[2026-04-03T02:25:10.625+0600][73.128s][info][gc,start    ] GC(92) Concurrent thread roots
[2026-04-03T02:25:10.625+0600][73.128s][info][gc,task     ] GC(92) Using 3 of 6 workers for Concurrent thread roots
[2026-04-03T02:25:10.626+0600][73.129s][info][gc          ] GC(92) Concurrent thread roots 0.993ms
[2026-04-03T02:25:10.626+0600][73.129s][info][gc,start    ] GC(92) Concurrent weak references
[2026-04-03T02:25:10.626+0600][73.129s][info][gc,task     ] GC(92) Using 3 of 6 workers for concurrent weak references
[2026-04-03T02:25:10.627+0600][73.131s][info][gc,ref      ] GC(92) Encountered references: Soft: 3585, Weak: 15683, Final: 84, Phantom: 620
[2026-04-03T02:25:10.627+0600][73.131s][info][gc,ref      ] GC(92) Discovered  references: Soft: 1216, Weak: 9889, Final: 84, Phantom: 616
[2026-04-03T02:25:10.627+0600][73.131s][info][gc,ref      ] GC(92) Enqueued    references: Soft: 688, Weak: 1404, Final: 0, Phantom: 0
[2026-04-03T02:25:10.627+0600][73.131s][info][gc          ] GC(92) Concurrent weak references 1.449ms
[2026-04-03T02:25:10.627+0600][73.131s][info][gc,start    ] GC(92) Concurrent weak roots
[2026-04-03T02:25:10.627+0600][73.131s][info][gc,task     ] GC(92) Using 3 of 6 workers for concurrent weak root
[2026-04-03T02:25:10.632+0600][73.135s][info][gc          ] GC(92) Concurrent weak roots 4.540ms
[2026-04-03T02:25:10.632+0600][73.135s][info][gc,start    ] GC(92) Concurrent cleanup
[2026-04-03T02:25:10.633+0600][73.137s][info][gc          ] GC(92) Concurrent cleanup 652M->153M(850M) 1.274ms
[2026-04-03T02:25:10.633+0600][73.137s][info][gc,ergo     ] GC(92) Free: 795M, Max: 256K regular, 271M humongous, Frag: 66% external, 0% internal; Reserve: 50448K, Max: 256K
[2026-04-03T02:25:10.633+0600][73.137s][info][gc,start    ] GC(92) Concurrent class unloading
[2026-04-03T02:25:10.633+0600][73.137s][info][gc,task     ] GC(92) Using 3 of 6 workers for concurrent class unloading
[2026-04-03T02:25:10.688+0600][73.191s][info][gc          ] GC(92) Concurrent class unloading 54.228ms
[2026-04-03T02:25:10.688+0600][73.191s][info][gc,start    ] GC(92) Concurrent strong roots
[2026-04-03T02:25:10.688+0600][73.191s][info][gc,task     ] GC(92) Using 3 of 6 workers for concurrent strong root
[2026-04-03T02:25:10.688+0600][73.192s][info][gc          ] GC(92) Concurrent strong roots 0.717ms
[2026-04-03T02:25:10.688+0600][73.192s][info][gc,start    ] GC(92) Concurrent evacuation
[2026-04-03T02:25:10.688+0600][73.192s][info][gc,task     ] GC(92) Using 3 of 6 workers for concurrent evacuation
[2026-04-03T02:25:10.690+0600][73.193s][info][gc          ] GC(92) Concurrent evacuation 1.537ms
[2026-04-03T02:25:10.690+0600][73.193s][info][gc,start    ] GC(92) Pause Init Update Refs
[2026-04-03T02:25:10.690+0600][73.193s][info][gc,ergo     ] GC(92) Pacer for Update Refs. Used: 159M, Free: 793M, Non-Taxable: 81262K, Alloc Tax Rate: 1.1x
[2026-04-03T02:25:10.690+0600][73.194s][info][gc          ] GC(92) Pause Init Update Refs 0.113ms
[2026-04-03T02:25:10.690+0600][73.194s][info][gc,start    ] GC(92) Concurrent update references
[2026-04-03T02:25:10.690+0600][73.194s][info][gc,task     ] GC(92) Using 3 of 6 workers for concurrent reference update
[2026-04-03T02:25:10.720+0600][73.223s][info][gc          ] GC(92) Concurrent update references 29.376ms
[2026-04-03T02:25:10.720+0600][73.223s][info][gc,start    ] GC(92) Concurrent update thread roots
[2026-04-03T02:25:10.721+0600][73.224s][info][gc          ] GC(92) Concurrent update thread roots 1.241ms
[2026-04-03T02:25:10.721+0600][73.224s][info][gc,start    ] GC(92) Pause Final Update Refs
[2026-04-03T02:25:10.721+0600][73.225s][info][gc,task     ] GC(92) Using 6 of 6 workers for final reference update
[2026-04-03T02:25:10.721+0600][73.225s][info][gc          ] GC(92) Pause Final Update Refs 0.172ms
[2026-04-03T02:25:10.721+0600][73.225s][info][gc,start    ] GC(92) Concurrent cleanup
[2026-04-03T02:25:10.722+0600][73.225s][info][gc          ] GC(92) Concurrent cleanup 159M->99M(850M) 0.669ms
[2026-04-03T02:25:10.722+0600][73.225s][info][gc,ergo     ] Free: 848M, Max: 256K regular, 275M humongous, Frag: 68% external, 0% internal; Reserve: 51200K, Max: 256K
[2026-04-03T02:25:10.722+0600][73.226s][info][gc,stats    ] 
[2026-04-03T02:25:10.722+0600][73.226s][info][gc,stats    ] All times are wall-clock times, except per-root-class counters, that are sum over
[2026-04-03T02:25:10.722+0600][73.226s][info][gc,stats    ] all workers. Dividing the <total> over the root stage time estimates parallelism.
[2026-04-03T02:25:10.722+0600][73.226s][info][gc,stats    ] 
[2026-04-03T02:25:10.722+0600][73.226s][info][gc,stats    ] Concurrent Reset                   1175 us
[2026-04-03T02:25:10.722+0600][73.226s][info][gc,stats    ] Pause Init Mark (G)                 356 us
[2026-04-03T02:25:10.722+0600][73.226s][info][gc,stats    ] Pause Init Mark (N)                 118 us
[2026-04-03T02:25:10.722+0600][73.226s][info][gc,stats    ]   Update Region States               30 us
[2026-04-03T02:25:10.722+0600][73.226s][info][gc,stats    ] Concurrent Mark Roots              1153 us, parallelism: 1.61x
[2026-04-03T02:25:10.722+0600][73.226s][info][gc,stats    ]   CMR: <total>                     1858 us
[2026-04-03T02:25:10.722+0600][73.226s][info][gc,stats    ]   CMR: Thread Roots                1578 us, workers (us): 617, 371, 590, ---, ---, ---, 
[2026-04-03T02:25:10.722+0600][73.226s][info][gc,stats    ]   CMR: VM Strong Roots               39 us, workers (us):  19,  18,   1, ---, ---, ---, 
[2026-04-03T02:25:10.722+0600][73.226s][info][gc,stats    ]   CMR: CLDG Roots                   242 us, workers (us): ---, 242, ---, ---, ---, ---, 
[2026-04-03T02:25:10.722+0600][73.226s][info][gc,stats    ] Concurrent Marking                45489 us
[2026-04-03T02:25:10.722+0600][73.226s][info][gc,stats    ] Pause Final Mark (G)               1029 us
[2026-04-03T02:25:10.722+0600][73.226s][info][gc,stats    ] Pause Final Mark (N)                717 us
[2026-04-03T02:25:10.722+0600][73.226s][info][gc,stats    ]   Finish Mark                       273 us
[2026-04-03T02:25:10.722+0600][73.226s][info][gc,stats    ]   Update Region States               58 us
[2026-04-03T02:25:10.722+0600][73.226s][info][gc,stats    ]   Choose Collection Set             225 us
[2026-04-03T02:25:10.722+0600][73.226s][info][gc,stats    ]   Rebuild Free Set                   45 us
[2026-04-03T02:25:10.722+0600][73.226s][info][gc,stats    ] Concurrent Thread Roots            1041 us, parallelism: 1.99x
[2026-04-03T02:25:10.722+0600][73.226s][info][gc,stats    ]   CTR: <total>                     2071 us
[2026-04-03T02:25:10.722+0600][73.226s][info][gc,stats    ]   CTR: Thread Roots                2071 us, workers (us): 696, 751, 624, ---, ---, ---, 
[2026-04-03T02:25:10.722+0600][73.226s][info][gc,stats    ] Concurrent Weak References         1458 us, parallelism: 1.02x
[2026-04-03T02:25:10.722+0600][73.226s][info][gc,stats    ]   CWRF: <total>                    1486 us
[2026-04-03T02:25:10.722+0600][73.226s][info][gc,stats    ]   CWRF: Weak References            1486 us, workers (us): 207, 1126, 153, ---, ---, ---, 
[2026-04-03T02:25:10.723+0600][73.226s][info][gc,stats    ] Concurrent Weak Roots              4609 us
[2026-04-03T02:25:10.723+0600][73.226s][info][gc,stats    ]   Roots                            3993 us, parallelism: 2.62x
[2026-04-03T02:25:10.723+0600][73.226s][info][gc,stats    ]     CWR: <total>                  10465 us
[2026-04-03T02:25:10.723+0600][73.226s][info][gc,stats    ]     CWR: Code Cache Roots          7901 us, workers (us): 2797, 2451, 2653, ---, ---, ---, 
[2026-04-03T02:25:10.723+0600][73.226s][info][gc,stats    ]     CWR: VM Weak Roots             2379 us, workers (us): 830, 806, 742, ---, ---, ---, 
[2026-04-03T02:25:10.723+0600][73.226s][info][gc,stats    ]     CWR: CLDG Roots                 185 us, workers (us): ---, 185, ---, ---, ---, ---, 
[2026-04-03T02:25:10.723+0600][73.226s][info][gc,stats    ]   Rendezvous                        524 us
[2026-04-03T02:25:10.723+0600][73.226s][info][gc,stats    ] Concurrent Cleanup                 1310 us
[2026-04-03T02:25:10.723+0600][73.226s][info][gc,stats    ] Concurrent Class Unloading        54296 us
[2026-04-03T02:25:10.723+0600][73.226s][info][gc,stats    ]   Unlink Stale                    41698 us
[2026-04-03T02:25:10.723+0600][73.226s][info][gc,stats    ]     System Dictionary               958 us
[2026-04-03T02:25:10.723+0600][73.226s][info][gc,stats    ]     Weak Class Links              23821 us
[2026-04-03T02:25:10.723+0600][73.226s][info][gc,stats    ]     Code Roots                    16915 us
[2026-04-03T02:25:10.723+0600][73.226s][info][gc,stats    ]   Rendezvous                        280 us
[2026-04-03T02:25:10.723+0600][73.226s][info][gc,stats    ]   Purge Unlinked                  12190 us
[2026-04-03T02:25:10.723+0600][73.226s][info][gc,stats    ]     Code Roots                    10950 us
[2026-04-03T02:25:10.723+0600][73.226s][info][gc,stats    ]     CLDG                           1239 us
[2026-04-03T02:25:10.723+0600][73.226s][info][gc,stats    ]     Exception Caches                  0 us
[2026-04-03T02:25:10.723+0600][73.226s][info][gc,stats    ] Concurrent Strong Roots             746 us, parallelism: 0.63x
[2026-04-03T02:25:10.723+0600][73.226s][info][gc,stats    ]   CSR: <total>                      471 us
[2026-04-03T02:25:10.723+0600][73.226s][info][gc,stats    ]   CSR: VM Strong Roots               38 us, workers (us):  35,   1,   1, ---, ---, ---, 
[2026-04-03T02:25:10.723+0600][73.226s][info][gc,stats    ]   CSR: CLDG Roots                   433 us, workers (us): 433, ---, ---, ---, ---, ---, 
[2026-04-03T02:25:10.723+0600][73.226s][info][gc,stats    ] Concurrent Evacuation              1566 us
[2026-04-03T02:25:10.723+0600][73.226s][info][gc,stats    ] Pause Init Update Refs (G)          283 us
[2026-04-03T02:25:10.723+0600][73.226s][info][gc,stats    ] Pause Init Update Refs (N)          124 us
[2026-04-03T02:25:10.723+0600][73.226s][info][gc,stats    ]   Manage GCLABs                      43 us
[2026-04-03T02:25:10.723+0600][73.226s][info][gc,stats    ] Concurrent Update Refs            29460 us
[2026-04-03T02:25:10.723+0600][73.226s][info][gc,stats    ] Concurrent Update Thread Roots     1287 us
[2026-04-03T02:25:10.723+0600][73.226s][info][gc,stats    ] Pause Final Update Refs (G)         423 us
[2026-04-03T02:25:10.723+0600][73.226s][info][gc,stats    ] Pause Final Update Refs (N)         196 us
[2026-04-03T02:25:10.723+0600][73.226s][info][gc,stats    ]   Update Region States               59 us
[2026-04-03T02:25:10.723+0600][73.226s][info][gc,stats    ]   Trash Collection Set               15 us
[2026-04-03T02:25:10.723+0600][73.226s][info][gc,stats    ]   Rebuild Free Set                   46 us
[2026-04-03T02:25:10.723+0600][73.226s][info][gc,stats    ] Concurrent Cleanup                  695 us
[2026-04-03T02:25:10.723+0600][73.226s][info][gc,stats    ] 
[2026-04-03T02:25:10.723+0600][73.226s][info][gc,stats    ] Allocation pacing accrued:
[2026-04-03T02:25:10.723+0600][73.226s][info][gc,stats    ]       0 of   602 ms (  0.0%): <total>
[2026-04-03T02:25:10.723+0600][73.226s][info][gc,stats    ]       0 of   602 ms (  0.0%): <average total>
[2026-04-03T02:25:10.723+0600][73.226s][info][gc,stats    ] 
[2026-04-03T02:25:10.723+0600][73.226s][info][gc,metaspace] Metaspace: 131578K(132864K)->130441K(132800K) NonClass: 115080K(115712K)->114117K(115648K) Class: 16497K(17152K)->16323K(17152K)
[2026-04-03T02:25:10.723+0600][73.226s][info][gc,ergo     ] Pacer for Idle. Initial: 20480K, Alloc Tax Rate: 1.0x
[2026-04-03T02:25:10.723+0600][73.226s][info][gc,start    ] Concurrent uncommit
[2026-04-03T02:25:10.849+0600][73.352s][info][gc          ] Concurrent uncommit 99M->113M(116M) 126.142ms
[2026-04-03T02:25:11.050+0600][73.553s][info][gc          ] Trigger: Learning 2 of 5. Free (697M) is below initial threshold (700M)
[2026-04-03T02:25:11.050+0600][73.553s][info][gc,ergo     ] Free: 697M, Max: 256K regular, 275M humongous, Frag: 61% external, 0% internal; Reserve: 51200K, Max: 256K
[2026-04-03T02:25:11.050+0600][73.553s][info][gc,start    ] GC(93) Concurrent reset
[2026-04-03T02:25:11.050+0600][73.553s][info][gc,task     ] GC(93) Using 3 of 6 workers for concurrent reset
[2026-04-03T02:25:11.050+0600][73.553s][info][gc,ergo     ] GC(93) Pacer for Reset. Non-Taxable: 1000M
[2026-04-03T02:25:11.051+0600][73.554s][info][gc          ] GC(93) Concurrent reset 0.871ms
[2026-04-03T02:25:11.055+0600][73.558s][info][gc,start    ] GC(93) Pause Init Mark (unload classes)
[2026-04-03T02:25:11.055+0600][73.558s][info][gc,task     ] GC(93) Using 6 of 6 workers for init marking
[2026-04-03T02:25:11.055+0600][73.559s][info][gc,ergo     ] GC(93) Pacer for Mark. Expected Live: 93864K, Free: 693M, Non-Taxable: 70987K, Alloc Tax Rate: 0.2x
[2026-04-03T02:25:11.055+0600][73.559s][info][gc          ] GC(93) Pause Init Mark (unload classes) 0.178ms
[2026-04-03T02:25:11.055+0600][73.559s][info][gc,start    ] GC(93) Concurrent marking roots
[2026-04-03T02:25:11.055+0600][73.559s][info][gc,task     ] GC(93) Using 3 of 6 workers for concurrent marking roots
[2026-04-03T02:25:11.057+0600][73.560s][info][gc          ] GC(93) Concurrent marking roots 1.653ms
[2026-04-03T02:25:11.057+0600][73.560s][info][gc,start    ] GC(93) Concurrent marking (unload classes)
[2026-04-03T02:25:11.057+0600][73.560s][info][gc,task     ] GC(93) Using 3 of 6 workers for concurrent marking
[2026-04-03T02:25:11.119+0600][73.622s][info][gc          ] GC(93) Concurrent marking (unload classes) 61.449ms
[2026-04-03T02:25:11.119+0600][73.622s][info][gc,start    ] GC(93) Pause Final Mark (unload classes)
[2026-04-03T02:25:11.119+0600][73.622s][info][gc,task     ] GC(93) Using 6 of 6 workers for final marking
[2026-04-03T02:25:11.119+0600][73.623s][info][gc,ergo     ] GC(93) Adaptive CSet Selection. Target Free: 141M, Actual Free: 719M, Max CSet: 42666K, Min Garbage: 0B
[2026-04-03T02:25:11.119+0600][73.623s][info][gc,ergo     ] GC(93) Collectable Garbage: 132M (94%), Immediate: 91927K (64%), CSet: 43661K (30%)
[2026-04-03T02:25:11.120+0600][73.623s][info][gc,ergo     ] GC(93) Pacer for Evacuation. Used CSet: 50077K, Free: 679M, Non-Taxable: 69540K, Alloc Tax Rate: 1.1x
[2026-04-03T02:25:11.120+0600][73.623s][info][gc          ] GC(93) Pause Final Mark (unload classes) 0.858ms
[2026-04-03T02:25:11.120+0600][73.623s][info][gc,start    ] GC(93) Concurrent thread roots
[2026-04-03T02:25:11.120+0600][73.623s][info][gc,task     ] GC(93) Using 3 of 6 workers for Concurrent thread roots
[2026-04-03T02:25:11.122+0600][73.625s][info][gc          ] GC(93) Concurrent thread roots 2.066ms
[2026-04-03T02:25:11.122+0600][73.625s][info][gc,start    ] GC(93) Concurrent weak references
[2026-04-03T02:25:11.122+0600][73.625s][info][gc,task     ] GC(93) Using 3 of 6 workers for concurrent weak references
[2026-04-03T02:25:11.123+0600][73.626s][info][gc,ref      ] GC(93) Encountered references: Soft: 3615, Weak: 14844, Final: 84, Phantom: 628
[2026-04-03T02:25:11.123+0600][73.626s][info][gc,ref      ] GC(93) Discovered  references: Soft: 0, Weak: 5598, Final: 0, Phantom: 587
[2026-04-03T02:25:11.123+0600][73.626s][info][gc,ref      ] GC(93) Enqueued    references: Soft: 0, Weak: 388, Final: 0, Phantom: 0
[2026-04-03T02:25:11.123+0600][73.626s][info][gc          ] GC(93) Concurrent weak references 1.277ms
[2026-04-03T02:25:11.123+0600][73.626s][info][gc,start    ] GC(93) Concurrent weak roots
[2026-04-03T02:25:11.123+0600][73.626s][info][gc,task     ] GC(93) Using 3 of 6 workers for concurrent weak root
[2026-04-03T02:25:11.135+0600][73.638s][info][gc          ] GC(93) Concurrent weak roots 11.648ms
[2026-04-03T02:25:11.135+0600][73.638s][info][gc,start    ] GC(93) Concurrent cleanup
[2026-04-03T02:25:11.136+0600][73.639s][info][gc          ] GC(93) Concurrent cleanup 387M->310M(413M) 1.068ms
[2026-04-03T02:25:11.136+0600][73.639s][info][gc,ergo     ] GC(93) Free: 628M, Max: 256K regular, 275M humongous, Frag: 57% external, 0% internal; Reserve: 49694K, Max: 256K
[2026-04-03T02:25:11.136+0600][73.639s][info][gc,start    ] GC(93) Concurrent class unloading
[2026-04-03T02:25:11.136+0600][73.639s][info][gc,task     ] GC(93) Using 3 of 6 workers for concurrent class unloading
[2026-04-03T02:25:11.175+0600][73.679s][info][gc          ] GC(93) Concurrent class unloading 39.241ms
[2026-04-03T02:25:11.175+0600][73.679s][info][gc,start    ] GC(93) Concurrent strong roots
[2026-04-03T02:25:11.175+0600][73.679s][info][gc,task     ] GC(93) Using 3 of 6 workers for concurrent strong root
[2026-04-03T02:25:11.177+0600][73.680s][info][gc          ] GC(93) Concurrent strong roots 1.186ms
[2026-04-03T02:25:11.177+0600][73.680s][info][gc,start    ] GC(93) Concurrent evacuation
[2026-04-03T02:25:11.177+0600][73.680s][info][gc,task     ] GC(93) Using 3 of 6 workers for concurrent evacuation
[2026-04-03T02:25:11.182+0600][73.685s][info][gc          ] GC(93) Concurrent evacuation 5.149ms
[2026-04-03T02:25:11.182+0600][73.685s][info][gc,start    ] GC(93) Pause Init Update Refs
[2026-04-03T02:25:11.182+0600][73.686s][info][gc,ergo     ] GC(93) Pacer for Update Refs. Used: 369M, Free: 572M, Non-Taxable: 58602K, Alloc Tax Rate: 1.1x
[2026-04-03T02:25:11.182+0600][73.686s][info][gc          ] GC(93) Pause Init Update Refs 0.144ms
[2026-04-03T02:25:11.182+0600][73.686s][info][gc,start    ] GC(93) Concurrent update references
[2026-04-03T02:25:11.182+0600][73.686s][info][gc,task     ] GC(93) Using 3 of 6 workers for concurrent reference update
[2026-04-03T02:25:11.227+0600][73.731s][info][gc          ] GC(93) Concurrent update references 44.862ms
[2026-04-03T02:25:11.227+0600][73.731s][info][gc,start    ] GC(93) Concurrent update thread roots
[2026-04-03T02:25:11.229+0600][73.732s][info][gc          ] GC(93) Concurrent update thread roots 1.810ms
[2026-04-03T02:25:11.231+0600][73.735s][info][gc,start    ] GC(93) Pause Final Update Refs
[2026-04-03T02:25:11.231+0600][73.735s][info][gc,task     ] GC(93) Using 6 of 6 workers for final reference update
[2026-04-03T02:25:11.232+0600][73.735s][info][gc          ] GC(93) Pause Final Update Refs 0.232ms
[2026-04-03T02:25:11.232+0600][73.735s][info][gc,start    ] GC(93) Concurrent cleanup
[2026-04-03T02:25:11.233+0600][73.736s][info][gc          ] GC(93) Concurrent cleanup 416M->369M(435M) 0.891ms
[2026-04-03T02:25:11.233+0600][73.736s][info][gc,ergo     ] Free: 563M, Max: 256K regular, 372M humongous, Frag: 34% external, 0% internal; Reserve: 51200K, Max: 256K
[2026-04-03T02:25:11.233+0600][73.736s][info][gc,stats    ] 
[2026-04-03T02:25:11.233+0600][73.736s][info][gc,stats    ] All times are wall-clock times, except per-root-class counters, that are sum over
[2026-04-03T02:25:11.233+0600][73.736s][info][gc,stats    ] all workers. Dividing the <total> over the root stage time estimates parallelism.
[2026-04-03T02:25:11.233+0600][73.736s][info][gc,stats    ] 
[2026-04-03T02:25:11.233+0600][73.736s][info][gc,stats    ] Concurrent Reset                    938 us
[2026-04-03T02:25:11.233+0600][73.736s][info][gc,stats    ] Pause Init Mark (G)                4697 us
[2026-04-03T02:25:11.233+0600][73.736s][info][gc,stats    ] Pause Init Mark (N)                 188 us
[2026-04-03T02:25:11.233+0600][73.736s][info][gc,stats    ]   Update Region States               45 us
[2026-04-03T02:25:11.233+0600][73.736s][info][gc,stats    ] Concurrent Mark Roots              1705 us, parallelism: 1.91x
[2026-04-03T02:25:11.233+0600][73.736s][info][gc,stats    ]   CMR: <total>                     3250 us
[2026-04-03T02:25:11.233+0600][73.736s][info][gc,stats    ]   CMR: Thread Roots                2784 us, workers (us): 660, 1057, 1067, ---, ---, ---, 
[2026-04-03T02:25:11.233+0600][73.736s][info][gc,stats    ]   CMR: VM Strong Roots               48 us, workers (us):  45,   1,   1, ---, ---, ---, 
[2026-04-03T02:25:11.233+0600][73.736s][info][gc,stats    ]   CMR: CLDG Roots                   419 us, workers (us): 419, ---, ---, ---, ---, ---, 
[2026-04-03T02:25:11.233+0600][73.736s][info][gc,stats    ] Concurrent Marking                61525 us
[2026-04-03T02:25:11.233+0600][73.736s][info][gc,stats    ] Pause Final Mark (G)               1097 us
[2026-04-03T02:25:11.233+0600][73.736s][info][gc,stats    ] Pause Final Mark (N)                871 us
[2026-04-03T02:25:11.233+0600][73.736s][info][gc,stats    ]   Finish Mark                       360 us
[2026-04-03T02:25:11.233+0600][73.736s][info][gc,stats    ]   Update Region States               64 us
[2026-04-03T02:25:11.233+0600][73.736s][info][gc,stats    ]   Choose Collection Set             267 us
[2026-04-03T02:25:11.233+0600][73.736s][info][gc,stats    ]   Rebuild Free Set                   55 us
[2026-04-03T02:25:11.233+0600][73.736s][info][gc,stats    ] Concurrent Thread Roots            2123 us, parallelism: 2.58x
[2026-04-03T02:25:11.233+0600][73.736s][info][gc,stats    ]   CTR: <total>                     5473 us
[2026-04-03T02:25:11.233+0600][73.736s][info][gc,stats    ]   CTR: Thread Roots                5473 us, workers (us): 1852, 1836, 1785, ---, ---, ---, 
[2026-04-03T02:25:11.233+0600][73.736s][info][gc,stats    ] Concurrent Weak References         1292 us, parallelism: 1.74x
[2026-04-03T02:25:11.233+0600][73.736s][info][gc,stats    ]   CWRF: <total>                    2251 us
[2026-04-03T02:25:11.233+0600][73.736s][info][gc,stats    ]   CWRF: Weak References            2251 us, workers (us): 676, 966, 609, ---, ---, ---, 
[2026-04-03T02:25:11.233+0600][73.736s][info][gc,stats    ] Concurrent Weak Roots             11734 us
[2026-04-03T02:25:11.233+0600][73.736s][info][gc,stats    ]   Roots                            4863 us, parallelism: 2.67x
[2026-04-03T02:25:11.233+0600][73.736s][info][gc,stats    ]     CWR: <total>                  13007 us
[2026-04-03T02:25:11.233+0600][73.736s][info][gc,stats    ]     CWR: Code Cache Roots          9468 us, workers (us): 3381, 2952, 3136, ---, ---, ---, 
[2026-04-03T02:25:11.233+0600][73.737s][info][gc,stats    ]     CWR: VM Weak Roots             3394 us, workers (us): 1166, 1149, 1079, ---, ---, ---, 
[2026-04-03T02:25:11.233+0600][73.737s][info][gc,stats    ]     CWR: CLDG Roots                 145 us, workers (us): ---, 145, ---, ---, ---, ---, 
[2026-04-03T02:25:11.233+0600][73.737s][info][gc,stats    ]   Rendezvous                       6749 us
[2026-04-03T02:25:11.233+0600][73.737s][info][gc,stats    ] Concurrent Cleanup                 1089 us
[2026-04-03T02:25:11.233+0600][73.737s][info][gc,stats    ] Concurrent Class Unloading        39317 us
[2026-04-03T02:25:11.233+0600][73.737s][info][gc,stats    ]   Unlink Stale                    37340 us
[2026-04-03T02:25:11.233+0600][73.737s][info][gc,stats    ]     System Dictionary               443 us
[2026-04-03T02:25:11.233+0600][73.737s][info][gc,stats    ]     Weak Class Links              23416 us
[2026-04-03T02:25:11.233+0600][73.737s][info][gc,stats    ]     Code Roots                    13477 us
[2026-04-03T02:25:11.233+0600][73.737s][info][gc,stats    ]   Rendezvous                        840 us
[2026-04-03T02:25:11.233+0600][73.737s][info][gc,stats    ]   Purge Unlinked                   1030 us
[2026-04-03T02:25:11.233+0600][73.737s][info][gc,stats    ]     Code Roots                      987 us
[2026-04-03T02:25:11.233+0600][73.737s][info][gc,stats    ]     CLDG                             43 us
[2026-04-03T02:25:11.233+0600][73.737s][info][gc,stats    ]     Exception Caches                  0 us
[2026-04-03T02:25:11.233+0600][73.737s][info][gc,stats    ] Concurrent Strong Roots            1237 us, parallelism: 0.61x
[2026-04-03T02:25:11.233+0600][73.737s][info][gc,stats    ]   CSR: <total>                      756 us
[2026-04-03T02:25:11.233+0600][73.737s][info][gc,stats    ]   CSR: VM Strong Roots               69 us, workers (us):  24,  25,  21, ---, ---, ---, 
[2026-04-03T02:25:11.233+0600][73.737s][info][gc,stats    ]   CSR: CLDG Roots                   687 us, workers (us): 687, ---, ---, ---, ---, ---, 
[2026-04-03T02:25:11.233+0600][73.737s][info][gc,stats    ] Concurrent Evacuation              5219 us
[2026-04-03T02:25:11.233+0600][73.737s][info][gc,stats    ] Pause Init Update Refs (G)          525 us
[2026-04-03T02:25:11.233+0600][73.737s][info][gc,stats    ] Pause Init Update Refs (N)          161 us
[2026-04-03T02:25:11.233+0600][73.737s][info][gc,stats    ]   Manage GCLABs                      37 us
[2026-04-03T02:25:11.233+0600][73.737s][info][gc,stats    ] Concurrent Update Refs            44959 us
[2026-04-03T02:25:11.233+0600][73.737s][info][gc,stats    ] Concurrent Update Thread Roots     1905 us
[2026-04-03T02:25:11.233+0600][73.737s][info][gc,stats    ] Pause Final Update Refs (G)        2517 us
[2026-04-03T02:25:11.234+0600][73.737s][info][gc,stats    ] Pause Final Update Refs (N)         246 us
[2026-04-03T02:25:11.234+0600][73.737s][info][gc,stats    ]   Update Region States               74 us
[2026-04-03T02:25:11.234+0600][73.737s][info][gc,stats    ]   Trash Collection Set               15 us
[2026-04-03T02:25:11.234+0600][73.737s][info][gc,stats    ]   Rebuild Free Set                   58 us
[2026-04-03T02:25:11.234+0600][73.737s][info][gc,stats    ] Concurrent Cleanup                  948 us
[2026-04-03T02:25:11.234+0600][73.737s][info][gc,stats    ] Pacing                           232122 us
[2026-04-03T02:25:11.234+0600][73.737s][info][gc,stats    ] 
[2026-04-03T02:25:11.234+0600][73.737s][info][gc,stats    ] Allocation pacing accrued:
[2026-04-03T02:25:11.234+0600][73.737s][info][gc,stats    ]      60 of   511 ms ( 11.7%): Executor task launch worker for task 2.0 in stage 3122.0 (TID 5671)
[2026-04-03T02:25:11.234+0600][73.737s][info][gc,stats    ]      60 of   511 ms ( 11.8%): Executor task launch worker for task 0.0 in stage 3122.0 (TID 5669)
[2026-04-03T02:25:11.234+0600][73.737s][info][gc,stats    ]      57 of   511 ms ( 11.1%): Executor task launch worker for task 1.0 in stage 3122.0 (TID 5670)
[2026-04-03T02:25:11.234+0600][73.737s][info][gc,stats    ]      55 of   511 ms ( 10.8%): Executor task launch worker for task 3.0 in stage 3122.0 (TID 5672)
[2026-04-03T02:25:11.234+0600][73.737s][info][gc,stats    ]     232 of   511 ms ( 45.4%): <total>
[2026-04-03T02:25:11.234+0600][73.737s][info][gc,stats    ]       1 of   511 ms (  0.2%): <average total>
[2026-04-03T02:25:11.234+0600][73.737s][info][gc,stats    ]      58 of   511 ms ( 11.4%): <average non-zero>
[2026-04-03T02:25:11.234+0600][73.737s][info][gc,stats    ] 
[2026-04-03T02:25:11.234+0600][73.737s][info][gc,metaspace] Metaspace: 131083K(132800K)->131084K(132800K) NonClass: 114656K(115648K)->114658K(115648K) Class: 16426K(17152K)->16425K(17152K)
[2026-04-03T02:25:11.234+0600][73.737s][info][gc,ergo     ] Pacer for Idle. Initial: 20480K, Alloc Tax Rate: 1.0x
[2026-04-03T02:25:11.235+0600][73.738s][info][gc          ] Trigger: Learning 3 of 5. Free (559M) is below initial threshold (700M)
[2026-04-03T02:25:11.235+0600][73.738s][info][gc,ergo     ] Free: 559M, Max: 256K regular, 372M humongous, Frag: 34% external, 0% internal; Reserve: 51200K, Max: 256K
[2026-04-03T02:25:11.235+0600][73.738s][info][gc,start    ] GC(94) Concurrent reset
[2026-04-03T02:25:11.235+0600][73.738s][info][gc,task     ] GC(94) Using 3 of 6 workers for concurrent reset
[2026-04-03T02:25:11.235+0600][73.738s][info][gc,ergo     ] GC(94) Pacer for Reset. Non-Taxable: 1000M
[2026-04-03T02:25:11.237+0600][73.740s][info][gc          ] GC(94) Concurrent reset 2.008ms
[2026-04-03T02:25:11.237+0600][73.741s][info][gc,start    ] GC(94) Pause Init Mark (unload classes)
[2026-04-03T02:25:11.237+0600][73.741s][info][gc,task     ] GC(94) Using 6 of 6 workers for init marking
[2026-04-03T02:25:11.238+0600][73.741s][info][gc,ergo     ] GC(94) Pacer for Mark. Expected Live: 96601K, Free: 558M, Non-Taxable: 57140K, Alloc Tax Rate: 0.2x
[2026-04-03T02:25:11.238+0600][73.741s][info][gc          ] GC(94) Pause Init Mark (unload classes) 0.233ms
[2026-04-03T02:25:11.238+0600][73.741s][info][gc,start    ] GC(94) Concurrent marking roots
[2026-04-03T02:25:11.238+0600][73.741s][info][gc,task     ] GC(94) Using 3 of 6 workers for concurrent marking roots
[2026-04-03T02:25:11.239+0600][73.742s][info][gc          ] GC(94) Concurrent marking roots 1.492ms
[2026-04-03T02:25:11.239+0600][73.742s][info][gc,start    ] GC(94) Concurrent marking (unload classes)
[2026-04-03T02:25:11.239+0600][73.742s][info][gc,task     ] GC(94) Using 3 of 6 workers for concurrent marking
[2026-04-03T02:25:11.305+0600][73.808s][info][gc          ] GC(94) Concurrent marking (unload classes) 65.855ms
[2026-04-03T02:25:11.310+0600][73.813s][info][gc,start    ] GC(94) Pause Final Mark (unload classes)
[2026-04-03T02:25:11.310+0600][73.813s][info][gc,task     ] GC(94) Using 6 of 6 workers for final marking
[2026-04-03T02:25:11.310+0600][73.813s][info][gc,ergo     ] GC(94) Collectable Garbage: 260M (91%), Immediate: 260M (91%), CSet: 0B (0%)
[2026-04-03T02:25:11.310+0600][73.814s][info][gc          ] GC(94) Pause Final Mark (unload classes) 0.552ms
[2026-04-03T02:25:11.310+0600][73.814s][info][gc,start    ] GC(94) Concurrent weak references
[2026-04-03T02:25:11.310+0600][73.814s][info][gc,task     ] GC(94) Using 3 of 6 workers for concurrent weak references
[2026-04-03T02:25:11.311+0600][73.814s][info][gc,ref      ] GC(94) Encountered references: Soft: 3611, Weak: 14550, Final: 84, Phantom: 620
[2026-04-03T02:25:11.311+0600][73.814s][info][gc,ref      ] GC(94) Discovered  references: Soft: 0, Weak: 8662, Final: 84, Phantom: 579
[2026-04-03T02:25:11.311+0600][73.814s][info][gc,ref      ] GC(94) Enqueued    references: Soft: 0, Weak: 17, Final: 0, Phantom: 0
[2026-04-03T02:25:11.311+0600][73.815s][info][gc          ] GC(94) Concurrent weak references 0.811ms
[2026-04-03T02:25:11.311+0600][73.815s][info][gc,start    ] GC(94) Concurrent weak roots
[2026-04-03T02:25:11.311+0600][73.815s][info][gc,task     ] GC(94) Using 3 of 6 workers for concurrent weak root
[2026-04-03T02:25:11.319+0600][73.822s][info][gc          ] GC(94) Concurrent weak roots 7.516ms
[2026-04-03T02:25:11.319+0600][73.822s][info][gc,start    ] GC(94) Concurrent cleanup
[2026-04-03T02:25:11.320+0600][73.824s][info][gc          ] GC(94) Concurrent cleanup 470M->213M(524M) 1.521ms
[2026-04-03T02:25:11.320+0600][73.824s][info][gc,ergo     ] GC(94) Free: 727M, Max: 256K regular, 372M humongous, Frag: 49% external, 0% internal; Reserve: 51200K, Max: 256K
[2026-04-03T02:25:11.320+0600][73.824s][info][gc,start    ] GC(94) Concurrent class unloading
[2026-04-03T02:25:11.320+0600][73.824s][info][gc,task     ] GC(94) Using 3 of 6 workers for concurrent class unloading
[2026-04-03T02:25:11.342+0600][73.846s][info][gc          ] GC(94) Concurrent class unloading 21.931ms
[2026-04-03T02:25:11.343+0600][73.846s][info][gc,start    ] GC(94) Pause Final Roots
[2026-04-03T02:25:11.343+0600][73.846s][info][gc          ] GC(94) Pause Final Roots 0.072ms
[2026-04-03T02:25:11.343+0600][73.846s][info][gc,ergo     ] Free: 544M, Max: 256K regular, 372M humongous, Frag: 32% external, 0% internal; Reserve: 51200K, Max: 256K
[2026-04-03T02:25:11.343+0600][73.846s][info][gc,stats    ] 
[2026-04-03T02:25:11.343+0600][73.846s][info][gc,stats    ] All times are wall-clock times, except per-root-class counters, that are sum over
[2026-04-03T02:25:11.343+0600][73.846s][info][gc,stats    ] all workers. Dividing the <total> over the root stage time estimates parallelism.
[2026-04-03T02:25:11.343+0600][73.846s][info][gc,stats    ] 
[2026-04-03T02:25:11.343+0600][73.847s][info][gc,stats    ] Concurrent Reset                   2068 us
[2026-04-03T02:25:11.343+0600][73.847s][info][gc,stats    ] Pause Init Mark (G)                 474 us
[2026-04-03T02:25:11.343+0600][73.847s][info][gc,stats    ] Pause Init Mark (N)                 249 us
[2026-04-03T02:25:11.343+0600][73.847s][info][gc,stats    ]   Update Region States               72 us
[2026-04-03T02:25:11.343+0600][73.847s][info][gc,stats    ] Concurrent Mark Roots              1534 us, parallelism: 2.04x
[2026-04-03T02:25:11.343+0600][73.847s][info][gc,stats    ]   CMR: <total>                     3129 us
[2026-04-03T02:25:11.343+0600][73.847s][info][gc,stats    ]   CMR: Thread Roots                2571 us, workers (us): 1024, 1010, 537, ---, ---, ---, 
[2026-04-03T02:25:11.343+0600][73.847s][info][gc,stats    ]   CMR: VM Strong Roots               72 us, workers (us):  28,  22,  21, ---, ---, ---, 
[2026-04-03T02:25:11.343+0600][73.847s][info][gc,stats    ]   CMR: CLDG Roots                   487 us, workers (us): ---, ---, 487, ---, ---, ---, 
[2026-04-03T02:25:11.343+0600][73.847s][info][gc,stats    ] Concurrent Marking                65945 us
[2026-04-03T02:25:11.343+0600][73.847s][info][gc,stats    ] Pause Final Mark (G)               5278 us
[2026-04-03T02:25:11.343+0600][73.847s][info][gc,stats    ] Pause Final Mark (N)                568 us
[2026-04-03T02:25:11.343+0600][73.847s][info][gc,stats    ]   Finish Mark                       222 us
[2026-04-03T02:25:11.343+0600][73.847s][info][gc,stats    ]   Update Region States               57 us
[2026-04-03T02:25:11.343+0600][73.847s][info][gc,stats    ]   Choose Collection Set             110 us
[2026-04-03T02:25:11.343+0600][73.847s][info][gc,stats    ]   Rebuild Free Set                   54 us
[2026-04-03T02:25:11.343+0600][73.847s][info][gc,stats    ] Concurrent Weak References          824 us, parallelism: 1.09x
[2026-04-03T02:25:11.343+0600][73.847s][info][gc,stats    ]   CWRF: <total>                     896 us
[2026-04-03T02:25:11.343+0600][73.847s][info][gc,stats    ]   CWRF: Weak References             896 us, workers (us): 144, 614, 138, ---, ---, ---, 
[2026-04-03T02:25:11.343+0600][73.847s][info][gc,stats    ] Concurrent Weak Roots              7579 us
[2026-04-03T02:25:11.343+0600][73.847s][info][gc,stats    ]   Roots                            3971 us, parallelism: 2.67x
[2026-04-03T02:25:11.343+0600][73.847s][info][gc,stats    ]     CWR: <total>                  10587 us
[2026-04-03T02:25:11.343+0600][73.847s][info][gc,stats    ]     CWR: Code Cache Roots          8789 us, workers (us): 2881, 2979, 2929, ---, ---, ---, 
[2026-04-03T02:25:11.344+0600][73.847s][info][gc,stats    ]     CWR: VM Weak Roots             1637 us, workers (us): 555, 550, 532, ---, ---, ---, 
[2026-04-03T02:25:11.344+0600][73.847s][info][gc,stats    ]     CWR: CLDG Roots                 161 us, workers (us): ---, 161, ---, ---, ---, ---, 
[2026-04-03T02:25:11.344+0600][73.847s][info][gc,stats    ]   Rendezvous                       3518 us
[2026-04-03T02:25:11.344+0600][73.847s][info][gc,stats    ] Concurrent Cleanup                 1557 us
[2026-04-03T02:25:11.344+0600][73.847s][info][gc,stats    ] Concurrent Class Unloading        22046 us
[2026-04-03T02:25:11.344+0600][73.847s][info][gc,stats    ]   Unlink Stale                    18773 us
[2026-04-03T02:25:11.344+0600][73.847s][info][gc,stats    ]     System Dictionary               260 us
[2026-04-03T02:25:11.344+0600][73.847s][info][gc,stats    ]     Weak Class Links                  0 us
[2026-04-03T02:25:11.344+0600][73.847s][info][gc,stats    ]     Code Roots                    18506 us
[2026-04-03T02:25:11.344+0600][73.847s][info][gc,stats    ]   Rendezvous                       2441 us
[2026-04-03T02:25:11.344+0600][73.847s][info][gc,stats    ]   Purge Unlinked                    649 us
[2026-04-03T02:25:11.344+0600][73.847s][info][gc,stats    ]     Code Roots                      631 us
[2026-04-03T02:25:11.344+0600][73.847s][info][gc,stats    ]     CLDG                             16 us
[2026-04-03T02:25:11.344+0600][73.847s][info][gc,stats    ]     Exception Caches                  0 us
[2026-04-03T02:25:11.344+0600][73.847s][info][gc,stats    ] Pause Final Roots (G)               467 us
[2026-04-03T02:25:11.344+0600][73.847s][info][gc,stats    ] Pause Final Roots (N)                88 us
[2026-04-03T02:25:11.344+0600][73.847s][info][gc,stats    ] 
[2026-04-03T02:25:11.344+0600][73.847s][info][gc,stats    ] Allocation pacing accrued:
[2026-04-03T02:25:11.344+0600][73.847s][info][gc,stats    ]       0 of   110 ms (  0.0%): <total>
[2026-04-03T02:25:11.344+0600][73.847s][info][gc,stats    ]       0 of   110 ms (  0.0%): <average total>
[2026-04-03T02:25:11.344+0600][73.847s][info][gc,stats    ] 
[2026-04-03T02:25:11.344+0600][73.847s][info][gc,metaspace] Metaspace: 131084K(132800K)->131089K(132800K) NonClass: 114658K(115648K)->114663K(115648K) Class: 16425K(17152K)->16426K(17152K)
[2026-04-03T02:25:11.344+0600][73.847s][info][gc,ergo     ] Pacer for Idle. Initial: 20480K, Alloc Tax Rate: 1.0x
[2026-04-03T02:25:11.345+0600][73.848s][info][gc          ] Trigger: Learning 4 of 5. Free (536M) is below initial threshold (700M)
[2026-04-03T02:25:11.345+0600][73.848s][info][gc,ergo     ] Free: 536M, Max: 256K regular, 372M humongous, Frag: 31% external, 0% internal; Reserve: 51200K, Max: 256K
[2026-04-03T02:25:11.345+0600][73.849s][info][gc,start    ] GC(95) Concurrent reset
[2026-04-03T02:25:11.345+0600][73.849s][info][gc,task     ] GC(95) Using 3 of 6 workers for concurrent reset
[2026-04-03T02:25:11.345+0600][73.849s][info][gc,ergo     ] GC(95) Pacer for Reset. Non-Taxable: 1000M
[2026-04-03T02:25:11.347+0600][73.850s][info][gc          ] GC(95) Concurrent reset 1.565ms
[2026-04-03T02:25:11.348+0600][73.851s][info][gc,start    ] GC(95) Pause Init Mark (unload classes)
[2026-04-03T02:25:11.348+0600][73.851s][info][gc,task     ] GC(95) Using 6 of 6 workers for init marking
[2026-04-03T02:25:11.348+0600][73.851s][info][gc,ergo     ] GC(95) Pacer for Mark. Expected Live: 95901K, Free: 530M, Non-Taxable: 54279K, Alloc Tax Rate: 0.2x
[2026-04-03T02:25:11.348+0600][73.851s][info][gc          ] GC(95) Pause Init Mark (unload classes) 0.283ms
[2026-04-03T02:25:11.348+0600][73.851s][info][gc,start    ] GC(95) Concurrent marking roots
[2026-04-03T02:25:11.348+0600][73.851s][info][gc,task     ] GC(95) Using 3 of 6 workers for concurrent marking roots
[2026-04-03T02:25:11.349+0600][73.853s][info][gc          ] GC(95) Concurrent marking roots 1.513ms
[2026-04-03T02:25:11.349+0600][73.853s][info][gc,start    ] GC(95) Concurrent marking (unload classes)
[2026-04-03T02:25:11.349+0600][73.853s][info][gc,task     ] GC(95) Using 3 of 6 workers for concurrent marking
[2026-04-03T02:25:11.417+0600][73.920s][info][gc          ] GC(95) Concurrent marking (unload classes) 67.310ms
[2026-04-03T02:25:11.417+0600][73.920s][info][gc,start    ] GC(95) Pause Final Mark (unload classes)
[2026-04-03T02:25:11.417+0600][73.920s][info][gc,task     ] GC(95) Using 6 of 6 workers for final marking
[2026-04-03T02:25:11.418+0600][73.921s][info][gc,ergo     ] GC(95) Adaptive CSet Selection. Target Free: 141M, Actual Free: 780M, Max CSet: 42666K, Min Garbage: 0B
[2026-04-03T02:25:11.418+0600][73.921s][info][gc,ergo     ] GC(95) Collectable Garbage: 297M (97%), Immediate: 268M (87%), CSet: 30060K (9%)
[2026-04-03T02:25:11.418+0600][73.921s][info][gc,ergo     ] GC(95) Pacer for Evacuation. Used CSet: 33395K, Free: 748M, Non-Taxable: 76680K, Alloc Tax Rate: 1.1x
[2026-04-03T02:25:11.418+0600][73.921s][info][gc          ] GC(95) Pause Final Mark (unload classes) 0.815ms
[2026-04-03T02:25:11.418+0600][73.921s][info][gc,start    ] GC(95) Concurrent thread roots
[2026-04-03T02:25:11.418+0600][73.921s][info][gc,task     ] GC(95) Using 3 of 6 workers for Concurrent thread roots
[2026-04-03T02:25:11.419+0600][73.922s][info][gc          ] GC(95) Concurrent thread roots 0.877ms
[2026-04-03T02:25:11.419+0600][73.922s][info][gc,start    ] GC(95) Concurrent weak references
[2026-04-03T02:25:11.419+0600][73.922s][info][gc,task     ] GC(95) Using 3 of 6 workers for concurrent weak references
[2026-04-03T02:25:11.420+0600][73.923s][info][gc,ref      ] GC(95) Encountered references: Soft: 3618, Weak: 14623, Final: 84, Phantom: 620
[2026-04-03T02:25:11.420+0600][73.923s][info][gc,ref      ] GC(95) Discovered  references: Soft: 0, Weak: 6181, Final: 0, Phantom: 578
[2026-04-03T02:25:11.420+0600][73.923s][info][gc,ref      ] GC(95) Enqueued    references: Soft: 0, Weak: 216, Final: 0, Phantom: 0
[2026-04-03T02:25:11.420+0600][73.923s][info][gc          ] GC(95) Concurrent weak references 0.819ms
[2026-04-03T02:25:11.420+0600][73.923s][info][gc,start    ] GC(95) Concurrent weak roots
[2026-04-03T02:25:11.420+0600][73.923s][info][gc,task     ] GC(95) Using 3 of 6 workers for concurrent weak root
[2026-04-03T02:25:11.424+0600][73.927s][info][gc          ] GC(95) Concurrent weak roots 3.812ms
[2026-04-03T02:25:11.424+0600][73.927s][info][gc,start    ] GC(95) Concurrent cleanup
[2026-04-03T02:25:11.424+0600][73.928s][info][gc          ] GC(95) Concurrent cleanup 464M->196M(524M) 0.769ms
[2026-04-03T02:25:11.424+0600][73.928s][info][gc,ergo     ] GC(95) Free: 747M, Max: 256K regular, 372M humongous, Frag: 51% external, 0% internal; Reserve: 50944K, Max: 256K
[2026-04-03T02:25:11.424+0600][73.928s][info][gc,start    ] GC(95) Concurrent class unloading
[2026-04-03T02:25:11.425+0600][73.928s][info][gc,task     ] GC(95) Using 3 of 6 workers for concurrent class unloading
[2026-04-03T02:25:11.440+0600][73.943s][info][gc          ] GC(95) Concurrent class unloading 15.541ms
[2026-04-03T02:25:11.440+0600][73.943s][info][gc,start    ] GC(95) Concurrent strong roots
[2026-04-03T02:25:11.440+0600][73.943s][info][gc,task     ] GC(95) Using 3 of 6 workers for concurrent strong root
[2026-04-03T02:25:11.441+0600][73.944s][info][gc          ] GC(95) Concurrent strong roots 0.860ms
[2026-04-03T02:25:11.441+0600][73.944s][info][gc,start    ] GC(95) Concurrent evacuation
[2026-04-03T02:25:11.441+0600][73.944s][info][gc,task     ] GC(95) Using 3 of 6 workers for concurrent evacuation
[2026-04-03T02:25:11.442+0600][73.946s][info][gc          ] GC(95) Concurrent evacuation 1.241ms
[2026-04-03T02:25:11.443+0600][73.946s][info][gc,start    ] GC(95) Pause Init Update Refs
[2026-04-03T02:25:11.443+0600][73.946s][info][gc,ergo     ] GC(95) Pacer for Update Refs. Used: 204M, Free: 742M, Non-Taxable: 76078K, Alloc Tax Rate: 1.1x
[2026-04-03T02:25:11.443+0600][73.946s][info][gc          ] GC(95) Pause Init Update Refs 0.120ms
[2026-04-03T02:25:11.443+0600][73.946s][info][gc,start    ] GC(95) Concurrent update references
[2026-04-03T02:25:11.443+0600][73.946s][info][gc,task     ] GC(95) Using 3 of 6 workers for concurrent reference update
[2026-04-03T02:25:11.489+0600][73.993s][info][gc          ] GC(95) Concurrent update references 46.481ms
[2026-04-03T02:25:11.489+0600][73.993s][info][gc,start    ] GC(95) Concurrent update thread roots
[2026-04-03T02:25:11.491+0600][73.994s][info][gc          ] GC(95) Concurrent update thread roots 1.732ms
[2026-04-03T02:25:11.491+0600][73.995s][info][gc,start    ] GC(95) Pause Final Update Refs
[2026-04-03T02:25:11.491+0600][73.995s][info][gc,task     ] GC(95) Using 6 of 6 workers for final reference update
[2026-04-03T02:25:11.492+0600][73.995s][info][gc          ] GC(95) Pause Final Update Refs 0.282ms
[2026-04-03T02:25:11.492+0600][73.995s][info][gc,start    ] GC(95) Concurrent cleanup
[2026-04-03T02:25:11.492+0600][73.996s][info][gc          ] GC(95) Concurrent cleanup 237M->205M(524M) 0.747ms
[2026-04-03T02:25:11.493+0600][73.996s][info][gc,ergo     ] Free: 736M, Max: 256K regular, 372M humongous, Frag: 50% external, 1% internal; Reserve: 51200K, Max: 256K
[2026-04-03T02:25:11.493+0600][73.996s][info][gc,stats    ] 
[2026-04-03T02:25:11.493+0600][73.996s][info][gc,stats    ] All times are wall-clock times, except per-root-class counters, that are sum over
[2026-04-03T02:25:11.493+0600][73.996s][info][gc,stats    ] all workers. Dividing the <total> over the root stage time estimates parallelism.
[2026-04-03T02:25:11.493+0600][73.996s][info][gc,stats    ] 
[2026-04-03T02:25:11.493+0600][73.996s][info][gc,stats    ] Concurrent Reset                   1782 us
[2026-04-03T02:25:11.493+0600][73.996s][info][gc,stats    ] Pause Init Mark (G)                 843 us
[2026-04-03T02:25:11.493+0600][73.996s][info][gc,stats    ] Pause Init Mark (N)                 300 us
[2026-04-03T02:25:11.493+0600][73.996s][info][gc,stats    ]   Update Region States              114 us
[2026-04-03T02:25:11.493+0600][73.996s][info][gc,stats    ] Concurrent Mark Roots              1550 us, parallelism: 1.87x
[2026-04-03T02:25:11.493+0600][73.996s][info][gc,stats    ]   CMR: <total>                     2894 us
[2026-04-03T02:25:11.493+0600][73.996s][info][gc,stats    ]   CMR: Thread Roots                2550 us, workers (us): 645, 964, 941, ---, ---, ---, 
[2026-04-03T02:25:11.493+0600][73.996s][info][gc,stats    ]   CMR: VM Strong Roots               44 us, workers (us):  42,   1,   1, ---, ---, ---, 
[2026-04-03T02:25:11.493+0600][73.996s][info][gc,stats    ]   CMR: CLDG Roots                   300 us, workers (us): 300, ---, ---, ---, ---, ---, 
[2026-04-03T02:25:11.493+0600][73.996s][info][gc,stats    ] Concurrent Marking                67389 us
[2026-04-03T02:25:11.493+0600][73.996s][info][gc,stats    ] Pause Final Mark (G)               1197 us
[2026-04-03T02:25:11.493+0600][73.996s][info][gc,stats    ] Pause Final Mark (N)                828 us
[2026-04-03T02:25:11.493+0600][73.996s][info][gc,stats    ]   Finish Mark                       241 us
[2026-04-03T02:25:11.493+0600][73.996s][info][gc,stats    ]   Update Region States               72 us
[2026-04-03T02:25:11.493+0600][73.996s][info][gc,stats    ]   Choose Collection Set             287 us
[2026-04-03T02:25:11.493+0600][73.996s][info][gc,stats    ]   Rebuild Free Set                   47 us
[2026-04-03T02:25:11.493+0600][73.996s][info][gc,stats    ] Concurrent Thread Roots             904 us, parallelism: 2.36x
[2026-04-03T02:25:11.493+0600][73.996s][info][gc,stats    ]   CTR: <total>                     2136 us
[2026-04-03T02:25:11.493+0600][73.996s][info][gc,stats    ]   CTR: Thread Roots                2136 us, workers (us): 727, 703, 706, ---, ---, ---, 
[2026-04-03T02:25:11.493+0600][73.996s][info][gc,stats    ] Concurrent Weak References          829 us, parallelism: 0.81x
[2026-04-03T02:25:11.493+0600][73.996s][info][gc,stats    ]   CWRF: <total>                     675 us
[2026-04-03T02:25:11.493+0600][73.996s][info][gc,stats    ]   CWRF: Weak References             675 us, workers (us): 154,  81, 440, ---, ---, ---, 
[2026-04-03T02:25:11.493+0600][73.996s][info][gc,stats    ] Concurrent Weak Roots              3877 us
[2026-04-03T02:25:11.493+0600][73.996s][info][gc,stats    ]   Roots                            3229 us, parallelism: 2.65x
[2026-04-03T02:25:11.493+0600][73.996s][info][gc,stats    ]     CWR: <total>                   8554 us
[2026-04-03T02:25:11.493+0600][73.996s][info][gc,stats    ]     CWR: Code Cache Roots          6034 us, workers (us): 1950, 2016, 2068, ---, ---, ---, 
[2026-04-03T02:25:11.493+0600][73.996s][info][gc,stats    ]     CWR: VM Weak Roots             2345 us, workers (us): 784, 784, 776, ---, ---, ---, 
[2026-04-03T02:25:11.493+0600][73.996s][info][gc,stats    ]     CWR: CLDG Roots                 176 us, workers (us): 176, ---, ---, ---, ---, ---, 
[2026-04-03T02:25:11.493+0600][73.996s][info][gc,stats    ]   Rendezvous                        557 us
[2026-04-03T02:25:11.493+0600][73.996s][info][gc,stats    ] Concurrent Cleanup                  785 us
[2026-04-03T02:25:11.493+0600][73.996s][info][gc,stats    ] Concurrent Class Unloading        15634 us
[2026-04-03T02:25:11.493+0600][73.996s][info][gc,stats    ]   Unlink Stale                    14672 us
[2026-04-03T02:25:11.493+0600][73.996s][info][gc,stats    ]     System Dictionary               217 us
[2026-04-03T02:25:11.493+0600][73.996s][info][gc,stats    ]     Weak Class Links                  1 us
[2026-04-03T02:25:11.493+0600][73.996s][info][gc,stats    ]     Code Roots                    14452 us
[2026-04-03T02:25:11.493+0600][73.996s][info][gc,stats    ]   Rendezvous                        609 us
[2026-04-03T02:25:11.493+0600][73.996s][info][gc,stats    ]   Purge Unlinked                    234 us
[2026-04-03T02:25:11.493+0600][73.996s][info][gc,stats    ]     Code Roots                      220 us
[2026-04-03T02:25:11.493+0600][73.996s][info][gc,stats    ]     CLDG                             14 us
[2026-04-03T02:25:11.493+0600][73.996s][info][gc,stats    ]     Exception Caches                  0 us
[2026-04-03T02:25:11.493+0600][73.996s][info][gc,stats    ] Concurrent Strong Roots             890 us, parallelism: 0.63x
[2026-04-03T02:25:11.493+0600][73.996s][info][gc,stats    ]   CSR: <total>                      561 us
[2026-04-03T02:25:11.493+0600][73.996s][info][gc,stats    ]   CSR: VM Strong Roots               41 us, workers (us):  28,   9,   4, ---, ---, ---, 
[2026-04-03T02:25:11.493+0600][73.996s][info][gc,stats    ]   CSR: CLDG Roots                   520 us, workers (us): 520, ---, ---, ---, ---, ---, 
[2026-04-03T02:25:11.493+0600][73.996s][info][gc,stats    ] Concurrent Evacuation              1291 us
[2026-04-03T02:25:11.493+0600][73.996s][info][gc,stats    ] Pause Init Update Refs (G)          512 us
[2026-04-03T02:25:11.493+0600][73.996s][info][gc,stats    ] Pause Init Update Refs (N)          134 us
[2026-04-03T02:25:11.493+0600][73.996s][info][gc,stats    ]   Manage GCLABs                      32 us
[2026-04-03T02:25:11.493+0600][73.996s][info][gc,stats    ] Concurrent Update Refs            46561 us
[2026-04-03T02:25:11.493+0600][73.996s][info][gc,stats    ] Concurrent Update Thread Roots     1805 us
[2026-04-03T02:25:11.493+0600][73.996s][info][gc,stats    ] Pause Final Update Refs (G)         520 us
[2026-04-03T02:25:11.493+0600][73.996s][info][gc,stats    ] Pause Final Update Refs (N)         318 us
[2026-04-03T02:25:11.493+0600][73.996s][info][gc,stats    ]   Update Region States               85 us
[2026-04-03T02:25:11.493+0600][73.996s][info][gc,stats    ]   Trash Collection Set               18 us
[2026-04-03T02:25:11.493+0600][73.996s][info][gc,stats    ]   Rebuild Free Set                   54 us
[2026-04-03T02:25:11.493+0600][73.996s][info][gc,stats    ] Concurrent Cleanup                  769 us
[2026-04-03T02:25:11.493+0600][73.996s][info][gc,stats    ] 
[2026-04-03T02:25:11.493+0600][73.996s][info][gc,stats    ] Allocation pacing accrued:
[2026-04-03T02:25:11.493+0600][73.996s][info][gc,stats    ]       0 of   149 ms (  0.0%): <total>
[2026-04-03T02:25:11.493+0600][73.996s][info][gc,stats    ]       0 of   149 ms (  0.0%): <average total>
[2026-04-03T02:25:11.493+0600][73.996s][info][gc,stats    ] 
[2026-04-03T02:25:11.493+0600][73.996s][info][gc,metaspace] Metaspace: 131089K(132800K)->131153K(132800K) NonClass: 114663K(115648K)->114717K(115648K) Class: 16426K(17152K)->16436K(17152K)
[2026-04-03T02:25:11.493+0600][73.996s][info][gc,ergo     ] Pacer for Idle. Initial: 20480K, Alloc Tax Rate: 1.0x
[2026-04-03T02:25:11.546+0600][74.049s][info][gc          ] Trigger: Learning 5 of 5. Free (699M) is below initial threshold (700M)
[2026-04-03T02:25:11.546+0600][74.049s][info][gc,ergo     ] Free: 699M, Max: 256K regular, 372M humongous, Frag: 47% external, 0% internal; Reserve: 51200K, Max: 256K
[2026-04-03T02:25:11.546+0600][74.049s][info][gc,start    ] GC(96) Concurrent reset
[2026-04-03T02:25:11.546+0600][74.049s][info][gc,task     ] GC(96) Using 3 of 6 workers for concurrent reset
[2026-04-03T02:25:11.546+0600][74.049s][info][gc,ergo     ] GC(96) Pacer for Reset. Non-Taxable: 1000M
[2026-04-03T02:25:11.547+0600][74.050s][info][gc          ] GC(96) Concurrent reset 0.932ms
[2026-04-03T02:25:11.547+0600][74.050s][info][gc,start    ] GC(96) Pause Init Mark (unload classes)
[2026-04-03T02:25:11.547+0600][74.050s][info][gc,task     ] GC(96) Using 6 of 6 workers for init marking
[2026-04-03T02:25:11.547+0600][74.050s][info][gc,ergo     ] GC(96) Pacer for Mark. Expected Live: 96202K, Free: 699M, Non-Taxable: 71583K, Alloc Tax Rate: 0.2x
[2026-04-03T02:25:11.547+0600][74.050s][info][gc          ] GC(96) Pause Init Mark (unload classes) 0.143ms
[2026-04-03T02:25:11.547+0600][74.051s][info][gc,start    ] GC(96) Concurrent marking roots
[2026-04-03T02:25:11.547+0600][74.051s][info][gc,task     ] GC(96) Using 3 of 6 workers for concurrent marking roots
[2026-04-03T02:25:11.548+0600][74.052s][info][gc          ] GC(96) Concurrent marking roots 0.998ms
[2026-04-03T02:25:11.548+0600][74.052s][info][gc,start    ] GC(96) Concurrent marking (unload classes)
[2026-04-03T02:25:11.548+0600][74.052s][info][gc,task     ] GC(96) Using 3 of 6 workers for concurrent marking
[2026-04-03T02:25:11.615+0600][74.118s][info][gc          ] GC(96) Concurrent marking (unload classes) 66.277ms
[2026-04-03T02:25:11.615+0600][74.118s][info][gc,start    ] GC(96) Pause Final Mark (unload classes)
[2026-04-03T02:25:11.615+0600][74.118s][info][gc,task     ] GC(96) Using 6 of 6 workers for final marking
[2026-04-03T02:25:11.615+0600][74.119s][info][gc,ergo     ] GC(96) Adaptive CSet Selection. Target Free: 141M, Actual Free: 825M, Max CSet: 42666K, Min Garbage: 0B
[2026-04-03T02:25:11.616+0600][74.119s][info][gc,ergo     ] GC(96) Collectable Garbage: 142M (94%), Immediate: 106M (70%), CSet: 37107K (24%)
[2026-04-03T02:25:11.616+0600][74.119s][info][gc,ergo     ] GC(96) Pacer for Evacuation. Used CSet: 39777K, Free: 784M, Non-Taxable: 80365K, Alloc Tax Rate: 1.1x
[2026-04-03T02:25:11.616+0600][74.119s][info][gc          ] GC(96) Pause Final Mark (unload classes) 0.785ms
[2026-04-03T02:25:11.616+0600][74.119s][info][gc,start    ] GC(96) Concurrent thread roots
[2026-04-03T02:25:11.616+0600][74.119s][info][gc,task     ] GC(96) Using 3 of 6 workers for Concurrent thread roots
[2026-04-03T02:25:11.617+0600][74.120s][info][gc          ] GC(96) Concurrent thread roots 0.999ms
[2026-04-03T02:25:11.617+0600][74.120s][info][gc,start    ] GC(96) Concurrent weak references
[2026-04-03T02:25:11.617+0600][74.120s][info][gc,task     ] GC(96) Using 3 of 6 workers for concurrent weak references
[2026-04-03T02:25:11.617+0600][74.121s][info][gc,ref      ] GC(96) Encountered references: Soft: 3689, Weak: 14845, Final: 84, Phantom: 620
[2026-04-03T02:25:11.617+0600][74.121s][info][gc,ref      ] GC(96) Discovered  references: Soft: 0, Weak: 8609, Final: 84, Phantom: 616
[2026-04-03T02:25:11.617+0600][74.121s][info][gc,ref      ] GC(96) Enqueued    references: Soft: 0, Weak: 332, Final: 0, Phantom: 0
[2026-04-03T02:25:11.618+0600][74.121s][info][gc          ] GC(96) Concurrent weak references 0.595ms
[2026-04-03T02:25:11.618+0600][74.121s][info][gc,start    ] GC(96) Concurrent weak roots
[2026-04-03T02:25:11.618+0600][74.121s][info][gc,task     ] GC(96) Using 3 of 6 workers for concurrent weak root
[2026-04-03T02:25:11.623+0600][74.126s][info][gc          ] GC(96) Concurrent weak roots 5.470ms
[2026-04-03T02:25:11.623+0600][74.126s][info][gc,start    ] GC(96) Concurrent cleanup
[2026-04-03T02:25:11.624+0600][74.127s][info][gc          ] GC(96) Concurrent cleanup 268M->162M(524M) 0.831ms
[2026-04-03T02:25:11.624+0600][74.127s][info][gc,ergo     ] GC(96) Free: 783M, Max: 256K regular, 372M humongous, Frag: 53% external, 0% internal; Reserve: 50759K, Max: 256K
[2026-04-03T02:25:11.624+0600][74.127s][info][gc,start    ] GC(96) Concurrent class unloading
[2026-04-03T02:25:11.624+0600][74.127s][info][gc,task     ] GC(96) Using 3 of 6 workers for concurrent class unloading
[2026-04-03T02:25:11.660+0600][74.163s][info][gc          ] GC(96) Concurrent class unloading 35.858ms
[2026-04-03T02:25:11.660+0600][74.163s][info][gc,start    ] GC(96) Concurrent strong roots
[2026-04-03T02:25:11.660+0600][74.163s][info][gc,task     ] GC(96) Using 3 of 6 workers for concurrent strong root
[2026-04-03T02:25:11.661+0600][74.164s][info][gc          ] GC(96) Concurrent strong roots 1.056ms
[2026-04-03T02:25:11.661+0600][74.164s][info][gc,start    ] GC(96) Concurrent evacuation
[2026-04-03T02:25:11.661+0600][74.164s][info][gc,task     ] GC(96) Using 3 of 6 workers for concurrent evacuation
[2026-04-03T02:25:11.662+0600][74.166s][info][gc          ] GC(96) Concurrent evacuation 1.176ms
[2026-04-03T02:25:11.663+0600][74.166s][info][gc,start    ] GC(96) Pause Init Update Refs
[2026-04-03T02:25:11.663+0600][74.166s][info][gc,ergo     ] GC(96) Pacer for Update Refs. Used: 174M, Free: 773M, Non-Taxable: 79222K, Alloc Tax Rate: 1.1x
[2026-04-03T02:25:11.663+0600][74.166s][info][gc          ] GC(96) Pause Init Update Refs 0.116ms
[2026-04-03T02:25:11.663+0600][74.166s][info][gc,start    ] GC(96) Concurrent update references
[2026-04-03T02:25:11.663+0600][74.166s][info][gc,task     ] GC(96) Using 3 of 6 workers for concurrent reference update
[2026-04-03T02:25:11.695+0600][74.198s][info][gc          ] GC(96) Concurrent update references 32.309ms
[2026-04-03T02:25:11.695+0600][74.199s][info][gc,start    ] GC(96) Concurrent update thread roots
[2026-04-03T02:25:11.696+0600][74.200s][info][gc          ] GC(96) Concurrent update thread roots 1.153ms
[2026-04-03T02:25:11.697+0600][74.200s][info][gc,start    ] GC(96) Pause Final Update Refs
[2026-04-03T02:25:11.697+0600][74.200s][info][gc,task     ] GC(96) Using 6 of 6 workers for final reference update
[2026-04-03T02:25:11.697+0600][74.200s][info][gc          ] GC(96) Pause Final Update Refs 0.202ms
[2026-04-03T02:25:11.697+0600][74.200s][info][gc,start    ] GC(96) Concurrent cleanup
[2026-04-03T02:25:11.697+0600][74.201s][info][gc          ] GC(96) Concurrent cleanup 186M->148M(524M) 0.604ms
[2026-04-03T02:25:11.697+0600][74.201s][info][gc,ergo     ] Free: 797M, Max: 256K regular, 371M humongous, Frag: 54% external, 1% internal; Reserve: 51200K, Max: 256K
[2026-04-03T02:25:11.698+0600][74.201s][info][gc,stats    ] 
[2026-04-03T02:25:11.698+0600][74.201s][info][gc,stats    ] All times are wall-clock times, except per-root-class counters, that are sum over
[2026-04-03T02:25:11.698+0600][74.201s][info][gc,stats    ] all workers. Dividing the <total> over the root stage time estimates parallelism.
[2026-04-03T02:25:11.698+0600][74.201s][info][gc,stats    ] 
[2026-04-03T02:25:11.698+0600][74.201s][info][gc,stats    ] Concurrent Reset                    992 us
[2026-04-03T02:25:11.698+0600][74.201s][info][gc,stats    ] Pause Init Mark (G)                 497 us
[2026-04-03T02:25:11.698+0600][74.201s][info][gc,stats    ] Pause Init Mark (N)                 153 us
[2026-04-03T02:25:11.698+0600][74.201s][info][gc,stats    ]   Update Region States               49 us
[2026-04-03T02:25:11.698+0600][74.201s][info][gc,stats    ] Concurrent Mark Roots              1051 us, parallelism: 1.93x
[2026-04-03T02:25:11.698+0600][74.201s][info][gc,stats    ]   CMR: <total>                     2030 us
[2026-04-03T02:25:11.698+0600][74.201s][info][gc,stats    ]   CMR: Thread Roots                1674 us, workers (us): 335, 669, 670, ---, ---, ---, 
[2026-04-03T02:25:11.698+0600][74.201s][info][gc,stats    ]   CMR: VM Strong Roots               43 us, workers (us):  18,  13,  11, ---, ---, ---, 
[2026-04-03T02:25:11.698+0600][74.201s][info][gc,stats    ]   CMR: CLDG Roots                   314 us, workers (us): 314, ---, ---, ---, ---, ---, 
[2026-04-03T02:25:11.698+0600][74.201s][info][gc,stats    ] Concurrent Marking                66444 us
[2026-04-03T02:25:11.698+0600][74.201s][info][gc,stats    ] Pause Final Mark (G)               1049 us
[2026-04-03T02:25:11.698+0600][74.201s][info][gc,stats    ] Pause Final Mark (N)                803 us
[2026-04-03T02:25:11.698+0600][74.201s][info][gc,stats    ]   Finish Mark                       248 us
[2026-04-03T02:25:11.698+0600][74.201s][info][gc,stats    ]   Update Region States               69 us
[2026-04-03T02:25:11.698+0600][74.201s][info][gc,stats    ]   Choose Collection Set             251 us
[2026-04-03T02:25:11.698+0600][74.201s][info][gc,stats    ]   Rebuild Free Set                   65 us
[2026-04-03T02:25:11.698+0600][74.201s][info][gc,stats    ] Concurrent Thread Roots            1048 us, parallelism: 2.25x
[2026-04-03T02:25:11.698+0600][74.201s][info][gc,stats    ]   CTR: <total>                     2361 us
[2026-04-03T02:25:11.698+0600][74.201s][info][gc,stats    ]   CTR: Thread Roots                2361 us, workers (us): 809, 791, 761, ---, ---, ---, 
[2026-04-03T02:25:11.698+0600][74.201s][info][gc,stats    ] Concurrent Weak References          602 us, parallelism: 1.38x
[2026-04-03T02:25:11.698+0600][74.201s][info][gc,stats    ]   CWRF: <total>                     833 us
[2026-04-03T02:25:11.698+0600][74.201s][info][gc,stats    ]   CWRF: Weak References             833 us, workers (us): 503, 178, 153, ---, ---, ---, 
[2026-04-03T02:25:11.698+0600][74.201s][info][gc,stats    ] Concurrent Weak Roots              5580 us
[2026-04-03T02:25:11.698+0600][74.201s][info][gc,stats    ]   Roots                            4912 us, parallelism: 2.71x
[2026-04-03T02:25:11.698+0600][74.201s][info][gc,stats    ]     CWR: <total>                  13299 us
[2026-04-03T02:25:11.698+0600][74.201s][info][gc,stats    ]     CWR: Code Cache Roots         10611 us, workers (us): 3573, 3303, 3734, ---, ---, ---, 
[2026-04-03T02:25:11.698+0600][74.201s][info][gc,stats    ]     CWR: VM Weak Roots             2493 us, workers (us): 855, 826, 813, ---, ---, ---, 
[2026-04-03T02:25:11.698+0600][74.201s][info][gc,stats    ]     CWR: CLDG Roots                 195 us, workers (us): ---, 195, ---, ---, ---, ---, 
[2026-04-03T02:25:11.698+0600][74.201s][info][gc,stats    ]   Rendezvous                        533 us
[2026-04-03T02:25:11.698+0600][74.201s][info][gc,stats    ] Concurrent Cleanup                  853 us
[2026-04-03T02:25:11.698+0600][74.201s][info][gc,stats    ] Concurrent Class Unloading        35939 us
[2026-04-03T02:25:11.698+0600][74.201s][info][gc,stats    ]   Unlink Stale                    34748 us
[2026-04-03T02:25:11.698+0600][74.201s][info][gc,stats    ]     System Dictionary               473 us
[2026-04-03T02:25:11.698+0600][74.201s][info][gc,stats    ]     Weak Class Links              20487 us
[2026-04-03T02:25:11.698+0600][74.201s][info][gc,stats    ]     Code Roots                    13784 us
[2026-04-03T02:25:11.698+0600][74.201s][info][gc,stats    ]   Rendezvous                        501 us
[2026-04-03T02:25:11.698+0600][74.201s][info][gc,stats    ]   Purge Unlinked                    580 us
[2026-04-03T02:25:11.698+0600][74.201s][info][gc,stats    ]     Code Roots                      552 us
[2026-04-03T02:25:11.698+0600][74.201s][info][gc,stats    ]     CLDG                             28 us
[2026-04-03T02:25:11.698+0600][74.201s][info][gc,stats    ]     Exception Caches                  0 us
[2026-04-03T02:25:11.698+0600][74.201s][info][gc,stats    ] Concurrent Strong Roots            1113 us, parallelism: 0.56x
[2026-04-03T02:25:11.698+0600][74.201s][info][gc,stats    ]   CSR: <total>                      618 us
[2026-04-03T02:25:11.698+0600][74.201s][info][gc,stats    ]   CSR: VM Strong Roots               44 us, workers (us):  20,  12,  12, ---, ---, ---, 
[2026-04-03T02:25:11.698+0600][74.201s][info][gc,stats    ]   CSR: CLDG Roots                   573 us, workers (us): 573, ---, ---, ---, ---, ---, 
[2026-04-03T02:25:11.698+0600][74.201s][info][gc,stats    ] Concurrent Evacuation              1228 us
[2026-04-03T02:25:11.698+0600][74.201s][info][gc,stats    ] Pause Init Update Refs (G)          503 us
[2026-04-03T02:25:11.698+0600][74.201s][info][gc,stats    ] Pause Init Update Refs (N)          127 us
[2026-04-03T02:25:11.698+0600][74.201s][info][gc,stats    ]   Manage GCLABs                      51 us
[2026-04-03T02:25:11.698+0600][74.201s][info][gc,stats    ] Concurrent Update Refs            32374 us
[2026-04-03T02:25:11.698+0600][74.201s][info][gc,stats    ] Concurrent Update Thread Roots     1197 us
[2026-04-03T02:25:11.698+0600][74.201s][info][gc,stats    ] Pause Final Update Refs (G)         397 us
[2026-04-03T02:25:11.698+0600][74.201s][info][gc,stats    ] Pause Final Update Refs (N)         218 us
[2026-04-03T02:25:11.698+0600][74.201s][info][gc,stats    ]   Update Region States               49 us
[2026-04-03T02:25:11.698+0600][74.201s][info][gc,stats    ]   Trash Collection Set               11 us
[2026-04-03T02:25:11.698+0600][74.201s][info][gc,stats    ]   Rebuild Free Set                   63 us
[2026-04-03T02:25:11.698+0600][74.201s][info][gc,stats    ] Concurrent Cleanup                  620 us
[2026-04-03T02:25:11.698+0600][74.201s][info][gc,stats    ] 
[2026-04-03T02:25:11.698+0600][74.201s][info][gc,stats    ] Allocation pacing accrued:
[2026-04-03T02:25:11.698+0600][74.201s][info][gc,stats    ]       0 of   205 ms (  0.0%): <total>
[2026-04-03T02:25:11.698+0600][74.201s][info][gc,stats    ]       0 of   205 ms (  0.0%): <average total>
[2026-04-03T02:25:11.698+0600][74.201s][info][gc,stats    ] 
[2026-04-03T02:25:11.698+0600][74.201s][info][gc,metaspace] Metaspace: 131184K(132800K)->131212K(132800K) NonClass: 114742K(115648K)->114767K(115648K) Class: 16441K(17152K)->16444K(17152K)
[2026-04-03T02:25:11.698+0600][74.201s][info][gc,ergo     ] Pacer for Idle. Initial: 20480K, Alloc Tax Rate: 1.0x
[2026-04-03T02:25:12.367+0600][74.870s][info][gc          ] Trigger: Average GC time (177.99 ms) is above the time for average allocation rate (966 MB/s) to deplete free headroom (168M) (margin of error = 1.84)
[2026-04-03T02:25:12.367+0600][74.870s][info][gc,ergo     ] Free headroom: 218M (free) - 51200K (spike) - 0B (penalties) = 168M
[2026-04-03T02:25:12.367+0600][74.870s][info][gc,ergo     ] Free: 218M, Max: 256K regular, 217M humongous, Frag: 0% external, 0% internal; Reserve: 51200K, Max: 256K
[2026-04-03T02:25:12.367+0600][74.870s][info][gc,start    ] GC(97) Concurrent reset
[2026-04-03T02:25:12.367+0600][74.870s][info][gc,task     ] GC(97) Using 3 of 6 workers for concurrent reset
[2026-04-03T02:25:12.367+0600][74.870s][info][gc,ergo     ] GC(97) Pacer for Reset. Non-Taxable: 1000M
[2026-04-03T02:25:12.368+0600][74.872s][info][gc          ] GC(97) Concurrent reset 1.368ms
[2026-04-03T02:25:12.371+0600][74.874s][info][gc,start    ] GC(97) Pause Init Mark (unload classes)
[2026-04-03T02:25:12.371+0600][74.874s][info][gc,task     ] GC(97) Using 6 of 6 workers for init marking
[2026-04-03T02:25:12.371+0600][74.874s][info][gc,ergo     ] GC(97) Pacer for Mark. Expected Live: 95351K, Free: 218M, Non-Taxable: 22355K, Alloc Tax Rate: 0.5x
[2026-04-03T02:25:12.371+0600][74.874s][info][gc          ] GC(97) Pause Init Mark (unload classes) 0.188ms
[2026-04-03T02:25:12.371+0600][74.874s][info][gc,start    ] GC(97) Concurrent marking roots
[2026-04-03T02:25:12.371+0600][74.874s][info][gc,task     ] GC(97) Using 3 of 6 workers for concurrent marking roots
[2026-04-03T02:25:12.372+0600][74.876s][info][gc          ] GC(97) Concurrent marking roots 1.424ms
[2026-04-03T02:25:12.372+0600][74.876s][info][gc,start    ] GC(97) Concurrent marking (unload classes)
[2026-04-03T02:25:12.372+0600][74.876s][info][gc,task     ] GC(97) Using 3 of 6 workers for concurrent marking
[2026-04-03T02:25:12.440+0600][74.943s][info][gc          ] GC(97) Concurrent marking (unload classes) 67.503ms
[2026-04-03T02:25:12.440+0600][74.943s][info][gc,start    ] GC(97) Pause Final Mark (unload classes)
[2026-04-03T02:25:12.440+0600][74.943s][info][gc,task     ] GC(97) Using 6 of 6 workers for final marking
[2026-04-03T02:25:12.441+0600][74.944s][info][gc,ergo     ] GC(97) Adaptive CSet Selection. Target Free: 141M, Actual Free: 723M, Max CSet: 42666K, Min Garbage: 0B
[2026-04-03T02:25:12.441+0600][74.944s][info][gc,ergo     ] GC(97) Collectable Garbage: 586M (98%), Immediate: 497M (83%), CSet: 91019K (14%)
[2026-04-03T02:25:12.441+0600][74.944s][info][gc,ergo     ] GC(97) Pacer for Evacuation. Used CSet: 93397K, Free: 714M, Non-Taxable: 73127K, Alloc Tax Rate: 1.1x
[2026-04-03T02:25:12.441+0600][74.944s][info][gc          ] GC(97) Pause Final Mark (unload classes) 0.882ms
[2026-04-03T02:25:12.441+0600][74.944s][info][gc,start    ] GC(97) Concurrent thread roots
[2026-04-03T02:25:12.441+0600][74.944s][info][gc,task     ] GC(97) Using 3 of 6 workers for Concurrent thread roots
[2026-04-03T02:25:12.442+0600][74.945s][info][gc          ] GC(97) Concurrent thread roots 0.950ms
[2026-04-03T02:25:12.442+0600][74.945s][info][gc,start    ] GC(97) Concurrent weak references
[2026-04-03T02:25:12.442+0600][74.945s][info][gc,task     ] GC(97) Using 3 of 6 workers for concurrent weak references
[2026-04-03T02:25:12.443+0600][74.946s][info][gc,ref      ] GC(97) Encountered references: Soft: 3703, Weak: 15465, Final: 84, Phantom: 620
[2026-04-03T02:25:12.443+0600][74.946s][info][gc,ref      ] GC(97) Discovered  references: Soft: 0, Weak: 8166, Final: 52, Phantom: 616
[2026-04-03T02:25:12.443+0600][74.946s][info][gc,ref      ] GC(97) Enqueued    references: Soft: 0, Weak: 128, Final: 0, Phantom: 0
[2026-04-03T02:25:12.443+0600][74.946s][info][gc          ] GC(97) Concurrent weak references 0.911ms
[2026-04-03T02:25:12.443+0600][74.946s][info][gc,start    ] GC(97) Concurrent weak roots
[2026-04-03T02:25:12.443+0600][74.946s][info][gc,task     ] GC(97) Using 3 of 6 workers for concurrent weak root
[2026-04-03T02:25:12.447+0600][74.951s][info][gc          ] GC(97) Concurrent weak roots 4.223ms
[2026-04-03T02:25:12.447+0600][74.951s][info][gc,start    ] GC(97) Concurrent cleanup
[2026-04-03T02:25:12.448+0600][74.952s][info][gc          ] GC(97) Concurrent cleanup 733M->236M(785M) 1.011ms
[2026-04-03T02:25:12.448+0600][74.952s][info][gc,ergo     ] GC(97) Free: 709M, Max: 256K regular, 171M humongous, Frag: 76% external, 0% internal; Reserve: 50794K, Max: 256K
[2026-04-03T02:25:12.448+0600][74.952s][info][gc,start    ] GC(97) Concurrent class unloading
[2026-04-03T02:25:12.448+0600][74.952s][info][gc,task     ] GC(97) Using 3 of 6 workers for concurrent class unloading
[2026-04-03T02:25:12.503+0600][75.007s][info][gc          ] GC(97) Concurrent class unloading 54.928ms
[2026-04-03T02:25:12.503+0600][75.007s][info][gc,start    ] GC(97) Concurrent strong roots
[2026-04-03T02:25:12.503+0600][75.007s][info][gc,task     ] GC(97) Using 3 of 6 workers for concurrent strong root
[2026-04-03T02:25:12.505+0600][75.008s][info][gc          ] GC(97) Concurrent strong roots 1.196ms
[2026-04-03T02:25:12.505+0600][75.008s][info][gc,start    ] GC(97) Concurrent evacuation
[2026-04-03T02:25:12.505+0600][75.008s][info][gc,task     ] GC(97) Using 3 of 6 workers for concurrent evacuation
[2026-04-03T02:25:12.506+0600][75.009s][info][gc          ] GC(97) Concurrent evacuation 1.390ms
[2026-04-03T02:25:12.506+0600][75.010s][info][gc,start    ] GC(97) Pause Init Update Refs
[2026-04-03T02:25:12.506+0600][75.010s][info][gc,ergo     ] GC(97) Pacer for Update Refs. Used: 274M, Free: 670M, Non-Taxable: 68710K, Alloc Tax Rate: 1.1x
[2026-04-03T02:25:12.506+0600][75.010s][info][gc          ] GC(97) Pause Init Update Refs 0.140ms
[2026-04-03T02:25:12.507+0600][75.010s][info][gc,start    ] GC(97) Concurrent update references
[2026-04-03T02:25:12.507+0600][75.010s][info][gc,task     ] GC(97) Using 3 of 6 workers for concurrent reference update
[2026-04-03T02:25:12.557+0600][75.060s][info][gc          ] GC(97) Concurrent update references 49.986ms
[2026-04-03T02:25:12.557+0600][75.060s][info][gc,start    ] GC(97) Concurrent update thread roots
[2026-04-03T02:25:12.558+0600][75.062s][info][gc          ] GC(97) Concurrent update thread roots 1.711ms
[2026-04-03T02:25:12.559+0600][75.062s][info][gc,start    ] GC(97) Pause Final Update Refs
[2026-04-03T02:25:12.559+0600][75.062s][info][gc,task     ] GC(97) Using 6 of 6 workers for final reference update
[2026-04-03T02:25:12.559+0600][75.062s][info][gc          ] GC(97) Pause Final Update Refs 0.308ms
[2026-04-03T02:25:12.559+0600][75.062s][info][gc,start    ] GC(97) Concurrent cleanup
[2026-04-03T02:25:12.559+0600][75.063s][info][gc          ] GC(97) Concurrent cleanup 320M->230M(785M) 0.362ms
[2026-04-03T02:25:12.559+0600][75.063s][info][gc,ergo     ] Free: 710M, Max: 256K regular, 258M humongous, Frag: 64% external, 1% internal; Reserve: 51200K, Max: 256K
[2026-04-03T02:25:12.560+0600][75.063s][info][gc,stats    ] 
[2026-04-03T02:25:12.560+0600][75.063s][info][gc,stats    ] All times are wall-clock times, except per-root-class counters, that are sum over
[2026-04-03T02:25:12.560+0600][75.063s][info][gc,stats    ] all workers. Dividing the <total> over the root stage time estimates parallelism.
[2026-04-03T02:25:12.560+0600][75.063s][info][gc,stats    ] 
[2026-04-03T02:25:12.560+0600][75.063s][info][gc,stats    ] Concurrent Reset                   1425 us
[2026-04-03T02:25:12.560+0600][75.063s][info][gc,stats    ] Pause Init Mark (G)                2533 us
[2026-04-03T02:25:12.560+0600][75.063s][info][gc,stats    ] Pause Init Mark (N)                 196 us
[2026-04-03T02:25:12.560+0600][75.063s][info][gc,stats    ]   Update Region States               78 us
[2026-04-03T02:25:12.560+0600][75.063s][info][gc,stats    ] Concurrent Mark Roots              1490 us, parallelism: 2.02x
[2026-04-03T02:25:12.560+0600][75.063s][info][gc,stats    ]   CMR: <total>                     3008 us
[2026-04-03T02:25:12.560+0600][75.063s][info][gc,stats    ]   CMR: Thread Roots                2558 us, workers (us): 598, 1006, 955, ---, ---, ---, 
[2026-04-03T02:25:12.560+0600][75.063s][info][gc,stats    ]   CMR: VM Strong Roots               58 us, workers (us):  35,  22,   1, ---, ---, ---, 
[2026-04-03T02:25:12.560+0600][75.063s][info][gc,stats    ]   CMR: CLDG Roots                   392 us, workers (us): 392, ---, ---, ---, ---, ---, 
[2026-04-03T02:25:12.560+0600][75.063s][info][gc,stats    ] Concurrent Marking                67573 us
[2026-04-03T02:25:12.560+0600][75.063s][info][gc,stats    ] Pause Final Mark (G)               1114 us
[2026-04-03T02:25:12.560+0600][75.063s][info][gc,stats    ] Pause Final Mark (N)                894 us
[2026-04-03T02:25:12.560+0600][75.063s][info][gc,stats    ]   Finish Mark                       345 us
[2026-04-03T02:25:12.560+0600][75.063s][info][gc,stats    ]   Update Region States               61 us
[2026-04-03T02:25:12.560+0600][75.063s][info][gc,stats    ]   Choose Collection Set             317 us
[2026-04-03T02:25:12.560+0600][75.063s][info][gc,stats    ]   Rebuild Free Set                   54 us
[2026-04-03T02:25:12.560+0600][75.063s][info][gc,stats    ] Concurrent Thread Roots            1005 us, parallelism: 1.78x
[2026-04-03T02:25:12.560+0600][75.063s][info][gc,stats    ]   CTR: <total>                     1786 us
[2026-04-03T02:25:12.560+0600][75.063s][info][gc,stats    ]   CTR: Thread Roots                1786 us, workers (us): 615, 594, 578, ---, ---, ---, 
[2026-04-03T02:25:12.560+0600][75.063s][info][gc,stats    ] Concurrent Weak References          924 us, parallelism: 0.96x
[2026-04-03T02:25:12.560+0600][75.063s][info][gc,stats    ]   CWRF: <total>                     887 us
[2026-04-03T02:25:12.560+0600][75.063s][info][gc,stats    ]   CWRF: Weak References             887 us, workers (us): 124, 668,  95, ---, ---, ---, 
[2026-04-03T02:25:12.560+0600][75.063s][info][gc,stats    ] Concurrent Weak Roots              4317 us
[2026-04-03T02:25:12.560+0600][75.063s][info][gc,stats    ]   Roots                            3701 us, parallelism: 2.60x
[2026-04-03T02:25:12.560+0600][75.063s][info][gc,stats    ]     CWR: <total>                   9618 us
[2026-04-03T02:25:12.560+0600][75.063s][info][gc,stats    ]     CWR: Code Cache Roots          7140 us, workers (us): 2507, 2389, 2244, ---, ---, ---, 
[2026-04-03T02:25:12.560+0600][75.063s][info][gc,stats    ]     CWR: VM Weak Roots             2382 us, workers (us): 816, 784, 782, ---, ---, ---, 
[2026-04-03T02:25:12.560+0600][75.063s][info][gc,stats    ]     CWR: CLDG Roots                  95 us, workers (us): ---, ---,  95, ---, ---, ---, 
[2026-04-03T02:25:12.560+0600][75.063s][info][gc,stats    ]   Rendezvous                        494 us
[2026-04-03T02:25:12.560+0600][75.063s][info][gc,stats    ] Concurrent Cleanup                 1028 us
[2026-04-03T02:25:12.560+0600][75.063s][info][gc,stats    ] Concurrent Class Unloading        55021 us
[2026-04-03T02:25:12.560+0600][75.063s][info][gc,stats    ]   Unlink Stale                    52360 us
[2026-04-03T02:25:12.560+0600][75.063s][info][gc,stats    ]     System Dictionary               402 us
[2026-04-03T02:25:12.560+0600][75.063s][info][gc,stats    ]     Weak Class Links              32358 us
[2026-04-03T02:25:12.560+0600][75.063s][info][gc,stats    ]     Code Roots                    19594 us
[2026-04-03T02:25:12.560+0600][75.063s][info][gc,stats    ]   Rendezvous                        471 us
[2026-04-03T02:25:12.560+0600][75.063s][info][gc,stats    ]   Purge Unlinked                   2067 us
[2026-04-03T02:25:12.560+0600][75.063s][info][gc,stats    ]     Code Roots                     2007 us
[2026-04-03T02:25:12.560+0600][75.063s][info][gc,stats    ]     CLDG                             58 us
[2026-04-03T02:25:12.560+0600][75.063s][info][gc,stats    ]     Exception Caches                  0 us
[2026-04-03T02:25:12.560+0600][75.063s][info][gc,stats    ] Concurrent Strong Roots            1269 us, parallelism: 0.62x
[2026-04-03T02:25:12.560+0600][75.063s][info][gc,stats    ]   CSR: <total>                      783 us
[2026-04-03T02:25:12.560+0600][75.063s][info][gc,stats    ]   CSR: VM Strong Roots               55 us, workers (us):  53,   1,   0, ---, ---, ---, 
[2026-04-03T02:25:12.560+0600][75.063s][info][gc,stats    ]   CSR: CLDG Roots                   728 us, workers (us): ---, 728, ---, ---, ---, ---, 
[2026-04-03T02:25:12.560+0600][75.063s][info][gc,stats    ] Concurrent Evacuation              1457 us
[2026-04-03T02:25:12.560+0600][75.063s][info][gc,stats    ] Pause Init Update Refs (G)          404 us
[2026-04-03T02:25:12.560+0600][75.063s][info][gc,stats    ] Pause Init Update Refs (N)          151 us
[2026-04-03T02:25:12.560+0600][75.063s][info][gc,stats    ]   Manage GCLABs                      52 us
[2026-04-03T02:25:12.560+0600][75.063s][info][gc,stats    ] Concurrent Update Refs            50080 us
[2026-04-03T02:25:12.560+0600][75.063s][info][gc,stats    ] Concurrent Update Thread Roots     1787 us
[2026-04-03T02:25:12.560+0600][75.063s][info][gc,stats    ] Pause Final Update Refs (G)         548 us
[2026-04-03T02:25:12.560+0600][75.064s][info][gc,stats    ] Pause Final Update Refs (N)         330 us
[2026-04-03T02:25:12.560+0600][75.064s][info][gc,stats    ]   Update Region States               67 us
[2026-04-03T02:25:12.560+0600][75.064s][info][gc,stats    ]   Trash Collection Set               21 us
[2026-04-03T02:25:12.560+0600][75.064s][info][gc,stats    ]   Rebuild Free Set                   58 us
[2026-04-03T02:25:12.560+0600][75.064s][info][gc,stats    ] Concurrent Cleanup                  408 us
[2026-04-03T02:25:12.560+0600][75.064s][info][gc,stats    ] Pacing                            10094 us
[2026-04-03T02:25:12.560+0600][75.064s][info][gc,stats    ] 
[2026-04-03T02:25:12.560+0600][75.064s][info][gc,stats    ] Allocation pacing accrued:
[2026-04-03T02:25:12.560+0600][75.064s][info][gc,stats    ]      10 of   862 ms (  1.2%): dag-scheduler-event-loop
[2026-04-03T02:25:12.560+0600][75.064s][info][gc,stats    ]      10 of   862 ms (  1.2%): <total>
[2026-04-03T02:25:12.560+0600][75.064s][info][gc,stats    ]       0 of   862 ms (  0.0%): <average total>
[2026-04-03T02:25:12.560+0600][75.064s][info][gc,stats    ]      10 of   862 ms (  1.2%): <average non-zero>
[2026-04-03T02:25:12.560+0600][75.064s][info][gc,stats    ] 
[2026-04-03T02:25:12.560+0600][75.064s][info][gc,metaspace] Metaspace: 131284K(132800K)->131303K(132800K) NonClass: 114828K(115648K)->114844K(115648K) Class: 16455K(17152K)->16459K(17152K)
[2026-04-03T02:25:12.560+0600][75.064s][info][gc,ergo     ] Pacer for Idle. Initial: 20480K, Alloc Tax Rate: 1.0x
[2026-04-03T02:25:13.203+0600][75.706s][info][gc          ] Trigger: Average GC time (217.26 ms) is above the time for average allocation rate (593 MB/s) to deplete free headroom (128M) (margin of error = 1.84)
[2026-04-03T02:25:13.203+0600][75.706s][info][gc,ergo     ] Free headroom: 178M (free) - 51200K (spike) - 0B (penalties) = 128M
[2026-04-03T02:25:13.203+0600][75.706s][info][gc,ergo     ] Free: 178M, Max: 256K regular, 170M humongous, Frag: 5% external, 2% internal; Reserve: 51200K, Max: 256K
[2026-04-03T02:25:13.203+0600][75.706s][info][gc,start    ] GC(98) Concurrent reset
[2026-04-03T02:25:13.203+0600][75.706s][info][gc,task     ] GC(98) Using 3 of 6 workers for concurrent reset
[2026-04-03T02:25:13.203+0600][75.706s][info][gc,ergo     ] GC(98) Pacer for Reset. Non-Taxable: 1000M
[2026-04-03T02:25:13.205+0600][75.709s][info][gc          ] GC(98) Concurrent reset 2.359ms
[2026-04-03T02:25:13.206+0600][75.709s][info][gc,start    ] GC(98) Pause Init Mark (unload classes)
[2026-04-03T02:25:13.206+0600][75.709s][info][gc,task     ] GC(98) Using 6 of 6 workers for init marking
[2026-04-03T02:25:13.206+0600][75.709s][info][gc,ergo     ] GC(98) Pacer for Mark. Expected Live: 96627K, Free: 174M, Non-Taxable: 17904K, Alloc Tax Rate: 0.7x
[2026-04-03T02:25:13.206+0600][75.709s][info][gc          ] GC(98) Pause Init Mark (unload classes) 0.211ms
[2026-04-03T02:25:13.206+0600][75.709s][info][gc,start    ] GC(98) Concurrent marking roots
[2026-04-03T02:25:13.206+0600][75.710s][info][gc,task     ] GC(98) Using 3 of 6 workers for concurrent marking roots
[2026-04-03T02:25:13.208+0600][75.712s][info][gc          ] GC(98) Concurrent marking roots 2.169ms
[2026-04-03T02:25:13.208+0600][75.712s][info][gc,start    ] GC(98) Concurrent marking (unload classes)
[2026-04-03T02:25:13.208+0600][75.712s][info][gc,task     ] GC(98) Using 3 of 6 workers for concurrent marking
[2026-04-03T02:25:13.271+0600][75.774s][info][gc          ] GC(98) Concurrent marking (unload classes) 62.665ms
[2026-04-03T02:25:13.271+0600][75.775s][info][gc,start    ] GC(98) Pause Final Mark (unload classes)
[2026-04-03T02:25:13.271+0600][75.775s][info][gc,task     ] GC(98) Using 6 of 6 workers for final marking
[2026-04-03T02:25:13.272+0600][75.775s][info][gc,ergo     ] GC(98) Adaptive CSet Selection. Target Free: 141M, Actual Free: 726M, Max CSet: 42666K, Min Garbage: 0B
[2026-04-03T02:25:13.272+0600][75.775s][info][gc,ergo     ] GC(98) Collectable Garbage: 631M (98%), Immediate: 529M (82%), CSet: 101M (15%)
[2026-04-03T02:25:13.272+0600][75.775s][info][gc,ergo     ] GC(98) Pacer for Evacuation. Used CSet: 106M, Free: 718M, Non-Taxable: 73550K, Alloc Tax Rate: 1.1x
[2026-04-03T02:25:13.272+0600][75.775s][info][gc          ] GC(98) Pause Final Mark (unload classes) 0.855ms
[2026-04-03T02:25:13.272+0600][75.776s][info][gc,start    ] GC(98) Concurrent thread roots
[2026-04-03T02:25:13.272+0600][75.776s][info][gc,task     ] GC(98) Using 3 of 6 workers for Concurrent thread roots
[2026-04-03T02:25:13.273+0600][75.777s][info][gc          ] GC(98) Concurrent thread roots 0.979ms
[2026-04-03T02:25:13.273+0600][75.777s][info][gc,start    ] GC(98) Concurrent weak references
[2026-04-03T02:25:13.273+0600][75.777s][info][gc,task     ] GC(98) Using 3 of 6 workers for concurrent weak references
[2026-04-03T02:25:13.274+0600][75.778s][info][gc,ref      ] GC(98) Encountered references: Soft: 3729, Weak: 16293, Final: 84, Phantom: 620
[2026-04-03T02:25:13.274+0600][75.778s][info][gc,ref      ] GC(98) Discovered  references: Soft: 0, Weak: 9893, Final: 52, Phantom: 612
[2026-04-03T02:25:13.274+0600][75.778s][info][gc,ref      ] GC(98) Enqueued    references: Soft: 0, Weak: 1628, Final: 0, Phantom: 0
[2026-04-03T02:25:13.274+0600][75.778s][info][gc          ] GC(98) Concurrent weak references 1.047ms
[2026-04-03T02:25:13.274+0600][75.778s][info][gc,start    ] GC(98) Concurrent weak roots
[2026-04-03T02:25:13.274+0600][75.778s][info][gc,task     ] GC(98) Using 3 of 6 workers for concurrent weak root
[2026-04-03T02:25:13.278+0600][75.782s][info][gc          ] GC(98) Concurrent weak roots 3.996ms
[2026-04-03T02:25:13.278+0600][75.782s][info][gc,start    ] GC(98) Concurrent cleanup
[2026-04-03T02:25:13.280+0600][75.783s][info][gc          ] GC(98) Concurrent cleanup 761M->232M(813M) 1.244ms
[2026-04-03T02:25:13.280+0600][75.783s][info][gc,ergo     ] GC(98) Free: 713M, Max: 256K regular, 142M humongous, Frag: 81% external, 0% internal; Reserve: 50956K, Max: 256K
[2026-04-03T02:25:13.280+0600][75.783s][info][gc,start    ] GC(98) Concurrent class unloading
[2026-04-03T02:25:13.280+0600][75.783s][info][gc,task     ] GC(98) Using 3 of 6 workers for concurrent class unloading
[2026-04-03T02:25:13.302+0600][75.805s][info][gc          ] GC(98) Concurrent class unloading 22.149ms
[2026-04-03T02:25:13.302+0600][75.805s][info][gc,start    ] GC(98) Concurrent strong roots
[2026-04-03T02:25:13.302+0600][75.805s][info][gc,task     ] GC(98) Using 3 of 6 workers for concurrent strong root
[2026-04-03T02:25:13.304+0600][75.807s][info][gc          ] GC(98) Concurrent strong roots 1.372ms
[2026-04-03T02:25:13.304+0600][75.807s][info][gc,start    ] GC(98) Concurrent evacuation
[2026-04-03T02:25:13.304+0600][75.807s][info][gc,task     ] GC(98) Using 3 of 6 workers for concurrent evacuation
[2026-04-03T02:25:13.308+0600][75.812s][info][gc          ] GC(98) Concurrent evacuation 4.765ms
[2026-04-03T02:25:13.309+0600][75.812s][info][gc,start    ] GC(98) Pause Init Update Refs
[2026-04-03T02:25:13.309+0600][75.812s][info][gc,ergo     ] GC(98) Pacer for Update Refs. Used: 250M, Free: 701M, Non-Taxable: 71847K, Alloc Tax Rate: 1.1x
[2026-04-03T02:25:13.309+0600][75.812s][info][gc          ] GC(98) Pause Init Update Refs 0.317ms
[2026-04-03T02:25:13.309+0600][75.812s][info][gc,start    ] GC(98) Concurrent update references
[2026-04-03T02:25:13.309+0600][75.812s][info][gc,task     ] GC(98) Using 3 of 6 workers for concurrent reference update
[2026-04-03T02:25:13.357+0600][75.860s][info][gc          ] GC(98) Concurrent update references 47.994ms
[2026-04-03T02:25:13.357+0600][75.860s][info][gc,start    ] GC(98) Concurrent update thread roots
[2026-04-03T02:25:13.359+0600][75.862s][info][gc          ] GC(98) Concurrent update thread roots 1.949ms
[2026-04-03T02:25:13.359+0600][75.863s][info][gc,start    ] GC(98) Pause Final Update Refs
[2026-04-03T02:25:13.359+0600][75.863s][info][gc,task     ] GC(98) Using 6 of 6 workers for final reference update
[2026-04-03T02:25:13.359+0600][75.863s][info][gc          ] GC(98) Pause Final Update Refs 0.230ms
[2026-04-03T02:25:13.360+0600][75.863s][info][gc,start    ] GC(98) Concurrent cleanup
[2026-04-03T02:25:13.360+0600][75.864s][info][gc          ] GC(98) Concurrent cleanup 289M->183M(814M) 0.860ms
[2026-04-03T02:25:13.361+0600][75.864s][info][gc,ergo     ] Free: 759M, Max: 256K regular, 258M humongous, Frag: 66% external, 0% internal; Reserve: 51200K, Max: 256K
[2026-04-03T02:25:13.361+0600][75.864s][info][gc,stats    ] 
[2026-04-03T02:25:13.361+0600][75.864s][info][gc,stats    ] All times are wall-clock times, except per-root-class counters, that are sum over
[2026-04-03T02:25:13.361+0600][75.864s][info][gc,stats    ] all workers. Dividing the <total> over the root stage time estimates parallelism.
[2026-04-03T02:25:13.361+0600][75.864s][info][gc,stats    ] 
[2026-04-03T02:25:13.361+0600][75.864s][info][gc,stats    ] Concurrent Reset                   2423 us
[2026-04-03T02:25:13.361+0600][75.864s][info][gc,stats    ] Pause Init Mark (G)                 587 us
[2026-04-03T02:25:13.361+0600][75.864s][info][gc,stats    ] Pause Init Mark (N)                 222 us
[2026-04-03T02:25:13.361+0600][75.864s][info][gc,stats    ]   Update Region States               56 us
[2026-04-03T02:25:13.361+0600][75.864s][info][gc,stats    ] Concurrent Mark Roots              2274 us, parallelism: 2.09x
[2026-04-03T02:25:13.361+0600][75.864s][info][gc,stats    ]   CMR: <total>                     4743 us
[2026-04-03T02:25:13.361+0600][75.864s][info][gc,stats    ]   CMR: Thread Roots                4254 us, workers (us): 1560, 1579, 1115, ---, ---, ---, 
[2026-04-03T02:25:13.361+0600][75.864s][info][gc,stats    ]   CMR: VM Strong Roots               66 us, workers (us):  35,  15,  16, ---, ---, ---, 
[2026-04-03T02:25:13.361+0600][75.864s][info][gc,stats    ]   CMR: CLDG Roots                   423 us, workers (us): ---, ---, 423, ---, ---, ---, 
[2026-04-03T02:25:13.361+0600][75.864s][info][gc,stats    ] Concurrent Marking                62748 us
[2026-04-03T02:25:13.361+0600][75.864s][info][gc,stats    ] Pause Final Mark (G)               1116 us
[2026-04-03T02:25:13.361+0600][75.864s][info][gc,stats    ] Pause Final Mark (N)                868 us
[2026-04-03T02:25:13.361+0600][75.864s][info][gc,stats    ]   Finish Mark                       261 us
[2026-04-03T02:25:13.361+0600][75.864s][info][gc,stats    ]   Update Region States              128 us
[2026-04-03T02:25:13.361+0600][75.864s][info][gc,stats    ]   Choose Collection Set             305 us
[2026-04-03T02:25:13.361+0600][75.864s][info][gc,stats    ]   Rebuild Free Set                   46 us
[2026-04-03T02:25:13.361+0600][75.864s][info][gc,stats    ] Concurrent Thread Roots            1022 us, parallelism: 2.17x
[2026-04-03T02:25:13.361+0600][75.864s][info][gc,stats    ]   CTR: <total>                     2221 us
[2026-04-03T02:25:13.361+0600][75.864s][info][gc,stats    ]   CTR: Thread Roots                2221 us, workers (us): 744, 751, 727, ---, ---, ---, 
[2026-04-03T02:25:13.361+0600][75.864s][info][gc,stats    ] Concurrent Weak References         1062 us, parallelism: 0.86x
[2026-04-03T02:25:13.361+0600][75.864s][info][gc,stats    ]   CWRF: <total>                     917 us
[2026-04-03T02:25:13.361+0600][75.864s][info][gc,stats    ]   CWRF: Weak References             917 us, workers (us): 106, 685, 127, ---, ---, ---, 
[2026-04-03T02:25:13.361+0600][75.864s][info][gc,stats    ] Concurrent Weak Roots              4082 us
[2026-04-03T02:25:13.361+0600][75.864s][info][gc,stats    ]   Roots                            3654 us, parallelism: 2.65x
[2026-04-03T02:25:13.361+0600][75.864s][info][gc,stats    ]     CWR: <total>                   9699 us
[2026-04-03T02:25:13.361+0600][75.864s][info][gc,stats    ]     CWR: Code Cache Roots          7502 us, workers (us): 2392, 2614, 2495, ---, ---, ---, 
[2026-04-03T02:25:13.361+0600][75.864s][info][gc,stats    ]     CWR: VM Weak Roots             2088 us, workers (us): 704, 707, 677, ---, ---, ---, 
[2026-04-03T02:25:13.361+0600][75.864s][info][gc,stats    ]     CWR: CLDG Roots                 109 us, workers (us): 109, ---, ---, ---, ---, ---, 
[2026-04-03T02:25:13.361+0600][75.864s][info][gc,stats    ]   Rendezvous                        287 us
[2026-04-03T02:25:13.361+0600][75.864s][info][gc,stats    ] Concurrent Cleanup                 1341 us
[2026-04-03T02:25:13.361+0600][75.864s][info][gc,stats    ] Concurrent Class Unloading        22274 us
[2026-04-03T02:25:13.361+0600][75.865s][info][gc,stats    ]   Unlink Stale                    17732 us
[2026-04-03T02:25:13.361+0600][75.865s][info][gc,stats    ]     System Dictionary               262 us
[2026-04-03T02:25:13.361+0600][75.865s][info][gc,stats    ]     Weak Class Links                  1 us
[2026-04-03T02:25:13.361+0600][75.865s][info][gc,stats    ]     Code Roots                    17466 us
[2026-04-03T02:25:13.361+0600][75.865s][info][gc,stats    ]   Rendezvous                       3455 us
[2026-04-03T02:25:13.361+0600][75.865s][info][gc,stats    ]   Purge Unlinked                    928 us
[2026-04-03T02:25:13.361+0600][75.865s][info][gc,stats    ]     Code Roots                      908 us
[2026-04-03T02:25:13.361+0600][75.865s][info][gc,stats    ]     CLDG                             19 us
[2026-04-03T02:25:13.361+0600][75.865s][info][gc,stats    ]     Exception Caches                  1 us
[2026-04-03T02:25:13.361+0600][75.865s][info][gc,stats    ] Concurrent Strong Roots            1404 us, parallelism: 0.69x
[2026-04-03T02:25:13.361+0600][75.865s][info][gc,stats    ]   CSR: <total>                      972 us
[2026-04-03T02:25:13.361+0600][75.865s][info][gc,stats    ]   CSR: VM Strong Roots               72 us, workers (us):  34,  26,  12, ---, ---, ---, 
[2026-04-03T02:25:13.361+0600][75.865s][info][gc,stats    ]   CSR: CLDG Roots                   901 us, workers (us): 901, ---, ---, ---, ---, ---, 
[2026-04-03T02:25:13.361+0600][75.865s][info][gc,stats    ] Concurrent Evacuation              4849 us
[2026-04-03T02:25:13.361+0600][75.865s][info][gc,stats    ] Pause Init Update Refs (G)          602 us
[2026-04-03T02:25:13.361+0600][75.865s][info][gc,stats    ] Pause Init Update Refs (N)          331 us
[2026-04-03T02:25:13.361+0600][75.865s][info][gc,stats    ]   Manage GCLABs                      44 us
[2026-04-03T02:25:13.361+0600][75.865s][info][gc,stats    ] Concurrent Update Refs            48104 us
[2026-04-03T02:25:13.361+0600][75.865s][info][gc,stats    ] Concurrent Update Thread Roots     2040 us
[2026-04-03T02:25:13.361+0600][75.865s][info][gc,stats    ] Pause Final Update Refs (G)         458 us
[2026-04-03T02:25:13.361+0600][75.865s][info][gc,stats    ] Pause Final Update Refs (N)         269 us
[2026-04-03T02:25:13.361+0600][75.865s][info][gc,stats    ]   Update Region States               76 us
[2026-04-03T02:25:13.361+0600][75.865s][info][gc,stats    ]   Trash Collection Set               22 us
[2026-04-03T02:25:13.361+0600][75.865s][info][gc,stats    ]   Rebuild Free Set                   57 us
[2026-04-03T02:25:13.362+0600][75.865s][info][gc,stats    ] Concurrent Cleanup                  896 us
[2026-04-03T02:25:13.362+0600][75.865s][info][gc,stats    ] Pacing                            62361 us
[2026-04-03T02:25:13.362+0600][75.865s][info][gc,stats    ] 
[2026-04-03T02:25:13.362+0600][75.865s][info][gc,stats    ] Allocation pacing accrued:
[2026-04-03T02:25:13.362+0600][75.865s][info][gc,stats    ]      11 of   801 ms (  1.4%): dispatcher-event-loop-1
[2026-04-03T02:25:13.362+0600][75.865s][info][gc,stats    ]      11 of   801 ms (  1.4%): dispatcher-event-loop-2
[2026-04-03T02:25:13.362+0600][75.865s][info][gc,stats    ]      11 of   801 ms (  1.4%): dispatcher-event-loop-7
[2026-04-03T02:25:13.362+0600][75.865s][info][gc,stats    ]      10 of   801 ms (  1.3%): dag-scheduler-event-loop
[2026-04-03T02:25:13.362+0600][75.865s][info][gc,stats    ]       6 of   801 ms (  0.8%): task-result-getter-0
[2026-04-03T02:25:13.362+0600][75.865s][info][gc,stats    ]       6 of   801 ms (  0.8%): task-result-getter-1
[2026-04-03T02:25:13.362+0600][75.865s][info][gc,stats    ]       6 of   801 ms (  0.8%): task-result-getter-2
[2026-04-03T02:25:13.362+0600][75.865s][info][gc,stats    ]      62 of   801 ms (  7.8%): <total>
[2026-04-03T02:25:13.362+0600][75.865s][info][gc,stats    ]       0 of   801 ms (  0.0%): <average total>
[2026-04-03T02:25:13.362+0600][75.865s][info][gc,stats    ]       9 of   801 ms (  1.1%): <average non-zero>
[2026-04-03T02:25:13.362+0600][75.865s][info][gc,stats    ] 
[2026-04-03T02:25:13.362+0600][75.865s][info][gc,metaspace] Metaspace: 131363K(132800K)->131367K(132800K) NonClass: 114898K(115648K)->114902K(115648K) Class: 16464K(17152K)->16464K(17152K)
[2026-04-03T02:25:13.362+0600][75.865s][info][gc,ergo     ] Pacer for Idle. Initial: 20480K, Alloc Tax Rate: 1.0x
[2026-04-03T02:25:13.829+0600][76.332s][info][gc          ] Trigger: Average GC time (199.03 ms) is above the time for average allocation rate (1051 MB/s) to deplete free headroom (207M) (margin of error = 1.84)
[2026-04-03T02:25:13.829+0600][76.332s][info][gc,ergo     ] Free headroom: 257M (free) - 51200K (spike) - 0B (penalties) = 207M
[2026-04-03T02:25:13.829+0600][76.332s][info][gc,ergo     ] Free: 257M, Max: 256K regular, 139M humongous, Frag: 46% external, 1% internal; Reserve: 51200K, Max: 256K
[2026-04-03T02:25:13.829+0600][76.332s][info][gc,start    ] GC(99) Concurrent reset
[2026-04-03T02:25:13.829+0600][76.332s][info][gc,task     ] GC(99) Using 3 of 6 workers for concurrent reset
[2026-04-03T02:25:13.829+0600][76.332s][info][gc,ergo     ] GC(99) Pacer for Reset. Non-Taxable: 1000M
[2026-04-03T02:25:13.832+0600][76.335s][info][gc          ] GC(99) Concurrent reset 2.537ms
[2026-04-03T02:25:13.832+0600][76.335s][info][gc,start    ] GC(99) Pause Init Mark (unload classes)
[2026-04-03T02:25:13.832+0600][76.335s][info][gc,task     ] GC(99) Using 6 of 6 workers for init marking
[2026-04-03T02:25:13.832+0600][76.335s][info][gc,ergo     ] GC(99) Pacer for Mark. Expected Live: 94157K, Free: 255M, Non-Taxable: 26129K, Alloc Tax Rate: 0.4x
[2026-04-03T02:25:13.832+0600][76.335s][info][gc          ] GC(99) Pause Init Mark (unload classes) 0.233ms
[2026-04-03T02:25:13.832+0600][76.335s][info][gc,start    ] GC(99) Concurrent marking roots
[2026-04-03T02:25:13.832+0600][76.336s][info][gc,task     ] GC(99) Using 3 of 6 workers for concurrent marking roots
[2026-04-03T02:25:13.834+0600][76.337s][info][gc          ] GC(99) Concurrent marking roots 1.962ms
[2026-04-03T02:25:13.834+0600][76.337s][info][gc,start    ] GC(99) Concurrent marking (unload classes)
[2026-04-03T02:25:13.834+0600][76.338s][info][gc,task     ] GC(99) Using 3 of 6 workers for concurrent marking
[2026-04-03T02:25:13.907+0600][76.410s][info][gc          ] GC(99) Concurrent marking (unload classes) 72.815ms
[2026-04-03T02:25:13.907+0600][76.411s][info][gc,start    ] GC(99) Pause Final Mark (unload classes)
[2026-04-03T02:25:13.907+0600][76.411s][info][gc,task     ] GC(99) Using 6 of 6 workers for final marking
[2026-04-03T02:25:13.908+0600][76.411s][info][gc,ergo     ] GC(99) Adaptive CSet Selection. Target Free: 141M, Actual Free: 755M, Max CSet: 42666K, Min Garbage: 0B
[2026-04-03T02:25:13.908+0600][76.411s][info][gc,ergo     ] GC(99) Collectable Garbage: 558M (98%), Immediate: 492M (86%), CSet: 67492K (11%)
[2026-04-03T02:25:13.908+0600][76.411s][info][gc,ergo     ] GC(99) Pacer for Evacuation. Used CSet: 70824K, Free: 740M, Non-Taxable: 75839K, Alloc Tax Rate: 1.1x
[2026-04-03T02:25:13.908+0600][76.411s][info][gc          ] GC(99) Pause Final Mark (unload classes) 0.934ms
[2026-04-03T02:25:13.908+0600][76.412s][info][gc,start    ] GC(99) Concurrent thread roots
[2026-04-03T02:25:13.908+0600][76.412s][info][gc,task     ] GC(99) Using 3 of 6 workers for Concurrent thread roots
[2026-04-03T02:25:13.909+0600][76.413s][info][gc          ] GC(99) Concurrent thread roots 0.922ms
[2026-04-03T02:25:13.909+0600][76.413s][info][gc,start    ] GC(99) Concurrent weak references
[2026-04-03T02:25:13.909+0600][76.413s][info][gc,task     ] GC(99) Using 3 of 6 workers for concurrent weak references
[2026-04-03T02:25:13.910+0600][76.413s][info][gc,ref      ] GC(99) Encountered references: Soft: 3725, Weak: 15680, Final: 84, Phantom: 620
[2026-04-03T02:25:13.910+0600][76.413s][info][gc,ref      ] GC(99) Discovered  references: Soft: 0, Weak: 8189, Final: 48, Phantom: 578
[2026-04-03T02:25:13.910+0600][76.413s][info][gc,ref      ] GC(99) Enqueued    references: Soft: 0, Weak: 33, Final: 0, Phantom: 0
[2026-04-03T02:25:13.910+0600][76.413s][info][gc          ] GC(99) Concurrent weak references 0.701ms
[2026-04-03T02:25:13.910+0600][76.413s][info][gc,start    ] GC(99) Concurrent weak roots
[2026-04-03T02:25:13.910+0600][76.413s][info][gc,task     ] GC(99) Using 3 of 6 workers for concurrent weak root
[2026-04-03T02:25:13.914+0600][76.418s][info][gc          ] GC(99) Concurrent weak roots 4.325ms
[2026-04-03T02:25:13.914+0600][76.418s][info][gc,start    ] GC(99) Concurrent cleanup
[2026-04-03T02:25:13.915+0600][76.419s][info][gc          ] GC(99) Concurrent cleanup 698M->206M(814M) 0.902ms
[2026-04-03T02:25:13.915+0600][76.419s][info][gc,ergo     ] GC(99) Free: 738M, Max: 256K regular, 145M humongous, Frag: 81% external, 0% internal; Reserve: 50773K, Max: 256K
[2026-04-03T02:25:13.915+0600][76.419s][info][gc,start    ] GC(99) Concurrent class unloading
[2026-04-03T02:25:13.915+0600][76.419s][info][gc,task     ] GC(99) Using 3 of 6 workers for concurrent class unloading
[2026-04-03T02:25:13.933+0600][76.436s][info][gc          ] GC(99) Concurrent class unloading 17.261ms
[2026-04-03T02:25:13.933+0600][76.436s][info][gc,start    ] GC(99) Concurrent strong roots
[2026-04-03T02:25:13.933+0600][76.436s][info][gc,task     ] GC(99) Using 3 of 6 workers for concurrent strong root
[2026-04-03T02:25:13.934+0600][76.437s][info][gc          ] GC(99) Concurrent strong roots 1.144ms
[2026-04-03T02:25:13.934+0600][76.437s][info][gc,start    ] GC(99) Concurrent evacuation
[2026-04-03T02:25:13.934+0600][76.437s][info][gc,task     ] GC(99) Using 3 of 6 workers for concurrent evacuation
[2026-04-03T02:25:13.936+0600][76.439s][info][gc          ] GC(99) Concurrent evacuation 1.788ms
[2026-04-03T02:25:13.936+0600][76.439s][info][gc,start    ] GC(99) Pause Init Update Refs
[2026-04-03T02:25:13.936+0600][76.440s][info][gc,ergo     ] GC(99) Pacer for Update Refs. Used: 221M, Free: 726M, Non-Taxable: 74420K, Alloc Tax Rate: 1.1x
[2026-04-03T02:25:13.936+0600][76.440s][info][gc          ] GC(99) Pause Init Update Refs 0.127ms
[2026-04-03T02:25:13.936+0600][76.440s][info][gc,start    ] GC(99) Concurrent update references
[2026-04-03T02:25:13.936+0600][76.440s][info][gc,task     ] GC(99) Using 3 of 6 workers for concurrent reference update
[2026-04-03T02:25:13.989+0600][76.492s][info][gc          ] GC(99) Concurrent update references 52.419ms
[2026-04-03T02:25:13.989+0600][76.492s][info][gc,start    ] GC(99) Concurrent update thread roots
[2026-04-03T02:25:13.991+0600][76.494s][info][gc          ] GC(99) Concurrent update thread roots 1.879ms
[2026-04-03T02:25:13.991+0600][76.494s][info][gc,start    ] GC(99) Pause Final Update Refs
[2026-04-03T02:25:13.991+0600][76.494s][info][gc,task     ] GC(99) Using 6 of 6 workers for final reference update
[2026-04-03T02:25:13.991+0600][76.494s][info][gc          ] GC(99) Pause Final Update Refs 0.213ms
[2026-04-03T02:25:13.991+0600][76.495s][info][gc,start    ] GC(99) Concurrent cleanup
[2026-04-03T02:25:13.992+0600][76.495s][info][gc          ] GC(99) Concurrent cleanup 261M->193M(814M) 0.323ms
[2026-04-03T02:25:13.992+0600][76.495s][info][gc,ergo     ] Free: 749M, Max: 256K regular, 258M humongous, Frag: 66% external, 0% internal; Reserve: 51200K, Max: 256K
[2026-04-03T02:25:13.992+0600][76.495s][info][gc,stats    ] 
[2026-04-03T02:25:13.992+0600][76.495s][info][gc,stats    ] All times are wall-clock times, except per-root-class counters, that are sum over
[2026-04-03T02:25:13.992+0600][76.495s][info][gc,stats    ] all workers. Dividing the <total> over the root stage time estimates parallelism.
[2026-04-03T02:25:13.992+0600][76.495s][info][gc,stats    ] 
[2026-04-03T02:25:13.992+0600][76.495s][info][gc,stats    ] Concurrent Reset                   2626 us
[2026-04-03T02:25:13.992+0600][76.495s][info][gc,stats    ] Pause Init Mark (G)                 539 us
[2026-04-03T02:25:13.992+0600][76.495s][info][gc,stats    ] Pause Init Mark (N)                 251 us
[2026-04-03T02:25:13.992+0600][76.495s][info][gc,stats    ]   Update Region States               76 us
[2026-04-03T02:25:13.992+0600][76.495s][info][gc,stats    ] Concurrent Mark Roots              2023 us, parallelism: 1.99x
[2026-04-03T02:25:13.992+0600][76.495s][info][gc,stats    ]   CMR: <total>                     4034 us
[2026-04-03T02:25:13.992+0600][76.495s][info][gc,stats    ]   CMR: Thread Roots                3479 us, workers (us): 1310, 1313, 856, ---, ---, ---, 
[2026-04-03T02:25:13.992+0600][76.495s][info][gc,stats    ]   CMR: VM Strong Roots               80 us, workers (us):  41,  29,  10, ---, ---, ---, 
[2026-04-03T02:25:13.992+0600][76.495s][info][gc,stats    ]   CMR: CLDG Roots                   475 us, workers (us): ---, ---, 475, ---, ---, ---, 
[2026-04-03T02:25:13.992+0600][76.495s][info][gc,stats    ] Concurrent Marking                72888 us
[2026-04-03T02:25:13.992+0600][76.495s][info][gc,stats    ] Pause Final Mark (G)               1197 us
[2026-04-03T02:25:13.992+0600][76.495s][info][gc,stats    ] Pause Final Mark (N)                944 us
[2026-04-03T02:25:13.992+0600][76.495s][info][gc,stats    ]   Finish Mark                       442 us
[2026-04-03T02:25:13.992+0600][76.495s][info][gc,stats    ]   Update Region States               62 us
[2026-04-03T02:25:13.992+0600][76.495s][info][gc,stats    ]   Choose Collection Set             249 us
[2026-04-03T02:25:13.992+0600][76.495s][info][gc,stats    ]   Rebuild Free Set                   50 us
[2026-04-03T02:25:13.992+0600][76.495s][info][gc,stats    ] Concurrent Thread Roots             969 us, parallelism: 2.23x
[2026-04-03T02:25:13.992+0600][76.495s][info][gc,stats    ]   CTR: <total>                     2164 us
[2026-04-03T02:25:13.992+0600][76.495s][info][gc,stats    ]   CTR: Thread Roots                2164 us, workers (us): 715, 714, 735, ---, ---, ---, 
[2026-04-03T02:25:13.992+0600][76.495s][info][gc,stats    ] Concurrent Weak References          711 us, parallelism: 1.21x
[2026-04-03T02:25:13.992+0600][76.495s][info][gc,stats    ]   CWRF: <total>                     861 us
[2026-04-03T02:25:13.992+0600][76.495s][info][gc,stats    ]   CWRF: Weak References             861 us, workers (us): 141, 528, 192, ---, ---, ---, 
[2026-04-03T02:25:13.992+0600][76.495s][info][gc,stats    ] Concurrent Weak Roots              4403 us
[2026-04-03T02:25:13.992+0600][76.495s][info][gc,stats    ]   Roots                            3921 us, parallelism: 2.71x
[2026-04-03T02:25:13.992+0600][76.495s][info][gc,stats    ]     CWR: <total>                  10644 us
[2026-04-03T02:25:13.992+0600][76.495s][info][gc,stats    ]     CWR: Code Cache Roots          8106 us, workers (us): 2750, 2670, 2686, ---, ---, ---, 
[2026-04-03T02:25:13.992+0600][76.495s][info][gc,stats    ]     CWR: VM Weak Roots             2409 us, workers (us): 828, 789, 792, ---, ---, ---, 
[2026-04-03T02:25:13.992+0600][76.495s][info][gc,stats    ]     CWR: CLDG Roots                 129 us, workers (us): ---, 129, ---, ---, ---, ---, 
[2026-04-03T02:25:13.992+0600][76.495s][info][gc,stats    ]   Rendezvous                        362 us
[2026-04-03T02:25:13.992+0600][76.495s][info][gc,stats    ] Concurrent Cleanup                  935 us
[2026-04-03T02:25:13.992+0600][76.495s][info][gc,stats    ] Concurrent Class Unloading        17379 us
[2026-04-03T02:25:13.992+0600][76.495s][info][gc,stats    ]   Unlink Stale                    15320 us
[2026-04-03T02:25:13.992+0600][76.495s][info][gc,stats    ]     System Dictionary               295 us
[2026-04-03T02:25:13.992+0600][76.495s][info][gc,stats    ]     Weak Class Links                  0 us
[2026-04-03T02:25:13.992+0600][76.495s][info][gc,stats    ]     Code Roots                    15020 us
[2026-04-03T02:25:13.992+0600][76.495s][info][gc,stats    ]   Rendezvous                        469 us
[2026-04-03T02:25:13.992+0600][76.495s][info][gc,stats    ]   Purge Unlinked                   1427 us
[2026-04-03T02:25:13.992+0600][76.495s][info][gc,stats    ]     Code Roots                     1408 us
[2026-04-03T02:25:13.992+0600][76.496s][info][gc,stats    ]     CLDG                             19 us
[2026-04-03T02:25:13.992+0600][76.496s][info][gc,stats    ]     Exception Caches                  0 us
[2026-04-03T02:25:13.992+0600][76.496s][info][gc,stats    ] Concurrent Strong Roots            1228 us, parallelism: 0.60x
[2026-04-03T02:25:13.992+0600][76.496s][info][gc,stats    ]   CSR: <total>                      733 us
[2026-04-03T02:25:13.992+0600][76.496s][info][gc,stats    ]   CSR: VM Strong Roots               48 us, workers (us):  46,   1,   0, ---, ---, ---, 
[2026-04-03T02:25:13.992+0600][76.496s][info][gc,stats    ]   CSR: CLDG Roots                   685 us, workers (us): 685, ---, ---, ---, ---, ---, 
[2026-04-03T02:25:13.992+0600][76.496s][info][gc,stats    ] Concurrent Evacuation              1868 us
[2026-04-03T02:25:13.992+0600][76.496s][info][gc,stats    ] Pause Init Update Refs (G)          542 us
[2026-04-03T02:25:13.992+0600][76.496s][info][gc,stats    ] Pause Init Update Refs (N)          142 us
[2026-04-03T02:25:13.992+0600][76.496s][info][gc,stats    ]   Manage GCLABs                      38 us
[2026-04-03T02:25:13.992+0600][76.496s][info][gc,stats    ] Concurrent Update Refs            52493 us
[2026-04-03T02:25:13.992+0600][76.496s][info][gc,stats    ] Concurrent Update Thread Roots     1929 us
[2026-04-03T02:25:13.992+0600][76.496s][info][gc,stats    ] Pause Final Update Refs (G)         526 us
[2026-04-03T02:25:13.992+0600][76.496s][info][gc,stats    ] Pause Final Update Refs (N)         244 us
[2026-04-03T02:25:13.992+0600][76.496s][info][gc,stats    ]   Update Region States               66 us
[2026-04-03T02:25:13.992+0600][76.496s][info][gc,stats    ]   Trash Collection Set               21 us
[2026-04-03T02:25:13.992+0600][76.496s][info][gc,stats    ]   Rebuild Free Set                   65 us
[2026-04-03T02:25:13.992+0600][76.496s][info][gc,stats    ] Concurrent Cleanup                  350 us
[2026-04-03T02:25:13.992+0600][76.496s][info][gc,stats    ] Pacing                            97600 us
[2026-04-03T02:25:13.992+0600][76.496s][info][gc,stats    ] 
[2026-04-03T02:25:13.992+0600][76.496s][info][gc,stats    ] Allocation pacing accrued:
[2026-04-03T02:25:13.992+0600][76.496s][info][gc,stats    ]      11 of   631 ms (  1.8%): Spark Context Cleaner
[2026-04-03T02:25:13.993+0600][76.496s][info][gc,stats    ]      21 of   631 ms (  3.3%): Executor task launch worker for task 3.0 in stage 3217.0 (TID 6036)
[2026-04-03T02:25:13.993+0600][76.496s][info][gc,stats    ]      11 of   631 ms (  1.8%): Executor task launch worker for task 7.0 in stage 3217.0 (TID 6040)
[2026-04-03T02:25:13.993+0600][76.496s][info][gc,stats    ]      21 of   631 ms (  3.3%): Executor task launch worker for task 5.0 in stage 3217.0 (TID 6038)
[2026-04-03T02:25:13.993+0600][76.496s][info][gc,stats    ]      11 of   631 ms (  1.8%): task-result-getter-0
[2026-04-03T02:25:13.993+0600][76.496s][info][gc,stats    ]      11 of   631 ms (  1.8%): task-result-getter-2
[2026-04-03T02:25:13.993+0600][76.496s][info][gc,stats    ]      11 of   631 ms (  1.8%): task-result-getter-3
[2026-04-03T02:25:13.993+0600][76.496s][info][gc,stats    ]      98 of   631 ms ( 15.5%): <total>
[2026-04-03T02:25:13.993+0600][76.496s][info][gc,stats    ]       0 of   631 ms (  0.1%): <average total>
[2026-04-03T02:25:13.993+0600][76.496s][info][gc,stats    ]      14 of   631 ms (  2.2%): <average non-zero>
[2026-04-03T02:25:13.993+0600][76.496s][info][gc,stats    ] 
[2026-04-03T02:25:13.993+0600][76.496s][info][gc,metaspace] Metaspace: 131392K(132800K)->131394K(132800K) NonClass: 114926K(115648K)->114928K(115648K) Class: 16465K(17152K)->16465K(17152K)
[2026-04-03T02:25:13.993+0600][76.496s][info][gc,ergo     ] Pacer for Idle. Initial: 20480K, Alloc Tax Rate: 1.0x
[2026-04-03T02:25:14.487+0600][76.990s][info][gc          ] Trigger: Average GC time (188.25 ms) is above the time for average allocation rate (1020 MB/s) to deplete free headroom (190M) (margin of error = 1.84)
[2026-04-03T02:25:14.487+0600][76.990s][info][gc,ergo     ] Free headroom: 240M (free) - 51200K (spike) - 0B (penalties) = 190M
[2026-04-03T02:25:14.487+0600][76.990s][info][gc,ergo     ] Free: 240M, Max: 256K regular, 239M humongous, Frag: 0% external, 0% internal; Reserve: 51200K, Max: 256K
[2026-04-03T02:25:14.487+0600][76.990s][info][gc,start    ] GC(100) Concurrent reset
[2026-04-03T02:25:14.487+0600][76.990s][info][gc,task     ] GC(100) Using 3 of 6 workers for concurrent reset
[2026-04-03T02:25:14.487+0600][76.990s][info][gc,ergo     ] GC(100) Pacer for Reset. Non-Taxable: 1000M
[2026-04-03T02:25:14.489+0600][76.992s][info][gc          ] GC(100) Concurrent reset 1.848ms
[2026-04-03T02:25:14.489+0600][76.993s][info][gc,start    ] GC(100) Pause Init Mark (unload classes)
[2026-04-03T02:25:14.489+0600][76.993s][info][gc,task     ] GC(100) Using 6 of 6 workers for init marking
[2026-04-03T02:25:14.490+0600][76.993s][info][gc,ergo     ] GC(100) Pacer for Mark. Expected Live: 94940K, Free: 237M, Non-Taxable: 24359K, Alloc Tax Rate: 0.5x
[2026-04-03T02:25:14.490+0600][76.993s][info][gc          ] GC(100) Pause Init Mark (unload classes) 0.376ms
[2026-04-03T02:25:14.490+0600][76.993s][info][gc,start    ] GC(100) Concurrent marking roots
[2026-04-03T02:25:14.490+0600][76.993s][info][gc,task     ] GC(100) Using 3 of 6 workers for concurrent marking roots
[2026-04-03T02:25:14.492+0600][76.995s][info][gc          ] GC(100) Concurrent marking roots 1.830ms
[2026-04-03T02:25:14.492+0600][76.995s][info][gc,start    ] GC(100) Concurrent marking (unload classes)
[2026-04-03T02:25:14.492+0600][76.995s][info][gc,task     ] GC(100) Using 3 of 6 workers for concurrent marking
[2026-04-03T02:25:14.555+0600][77.058s][info][gc          ] GC(100) Concurrent marking (unload classes) 62.858ms
[2026-04-03T02:25:14.555+0600][77.058s][info][gc,start    ] GC(100) Pause Final Mark (unload classes)
[2026-04-03T02:25:14.555+0600][77.058s][info][gc,task     ] GC(100) Using 6 of 6 workers for final marking
[2026-04-03T02:25:14.555+0600][77.059s][info][gc,ergo     ] GC(100) Adaptive CSet Selection. Target Free: 141M, Actual Free: 711M, Max CSet: 42666K, Min Garbage: 0B
[2026-04-03T02:25:14.556+0600][77.059s][info][gc,ergo     ] GC(100) Collectable Garbage: 581M (98%), Immediate: 453M (76%), CSet: 128M (21%)
[2026-04-03T02:25:14.556+0600][77.059s][info][gc,ergo     ] GC(100) Pacer for Evacuation. Used CSet: 133M, Free: 689M, Non-Taxable: 70616K, Alloc Tax Rate: 1.1x
[2026-04-03T02:25:14.556+0600][77.059s][info][gc          ] GC(100) Pause Final Mark (unload classes) 0.884ms
[2026-04-03T02:25:14.556+0600][77.059s][info][gc,start    ] GC(100) Concurrent thread roots
[2026-04-03T02:25:14.556+0600][77.059s][info][gc,task     ] GC(100) Using 3 of 6 workers for Concurrent thread roots
[2026-04-03T02:25:14.557+0600][77.060s][info][gc          ] GC(100) Concurrent thread roots 1.018ms
[2026-04-03T02:25:14.557+0600][77.060s][info][gc,start    ] GC(100) Concurrent weak references
[2026-04-03T02:25:14.557+0600][77.060s][info][gc,task     ] GC(100) Using 3 of 6 workers for concurrent weak references
[2026-04-03T02:25:14.558+0600][77.061s][info][gc,ref      ] GC(100) Encountered references: Soft: 3787, Weak: 16703, Final: 84, Phantom: 620
[2026-04-03T02:25:14.558+0600][77.061s][info][gc,ref      ] GC(100) Discovered  references: Soft: 0, Weak: 7352, Final: 0, Phantom: 579
[2026-04-03T02:25:14.558+0600][77.061s][info][gc,ref      ] GC(100) Enqueued    references: Soft: 0, Weak: 1742, Final: 0, Phantom: 0
[2026-04-03T02:25:14.558+0600][77.061s][info][gc          ] GC(100) Concurrent weak references 0.741ms
[2026-04-03T02:25:14.558+0600][77.061s][info][gc,start    ] GC(100) Concurrent weak roots
[2026-04-03T02:25:14.558+0600][77.061s][info][gc,task     ] GC(100) Using 3 of 6 workers for concurrent weak root
[2026-04-03T02:25:14.563+0600][77.066s][info][gc          ] GC(100) Concurrent weak roots 4.841ms
[2026-04-03T02:25:14.563+0600][77.066s][info][gc,start    ] GC(100) Concurrent cleanup
[2026-04-03T02:25:14.563+0600][77.067s][info][gc          ] GC(100) Concurrent cleanup 709M->256M(814M) 0.807ms
[2026-04-03T02:25:14.564+0600][77.067s][info][gc,ergo     ] GC(100) Free: 688M, Max: 256K regular, 208M humongous, Frag: 70% external, 0% internal; Reserve: 50941K, Max: 256K
[2026-04-03T02:25:14.564+0600][77.067s][info][gc,start    ] GC(100) Concurrent class unloading
[2026-04-03T02:25:14.564+0600][77.067s][info][gc,task     ] GC(100) Using 3 of 6 workers for concurrent class unloading
[2026-04-03T02:25:14.581+0600][77.084s][info][gc          ] GC(100) Concurrent class unloading 17.469ms
[2026-04-03T02:25:14.581+0600][77.084s][info][gc,start    ] GC(100) Concurrent strong roots
[2026-04-03T02:25:14.581+0600][77.085s][info][gc,task     ] GC(100) Using 3 of 6 workers for concurrent strong root
[2026-04-03T02:25:14.582+0600][77.086s][info][gc          ] GC(100) Concurrent strong roots 1.173ms
[2026-04-03T02:25:14.582+0600][77.086s][info][gc,start    ] GC(100) Concurrent evacuation
[2026-04-03T02:25:14.582+0600][77.086s][info][gc,task     ] GC(100) Using 3 of 6 workers for concurrent evacuation
[2026-04-03T02:25:14.586+0600][77.090s][info][gc          ] GC(100) Concurrent evacuation 4.018ms
[2026-04-03T02:25:14.587+0600][77.090s][info][gc,start    ] GC(100) Pause Init Update Refs
[2026-04-03T02:25:14.587+0600][77.090s][info][gc,ergo     ] GC(100) Pacer for Update Refs. Used: 267M, Free: 683M, Non-Taxable: 69949K, Alloc Tax Rate: 1.1x
[2026-04-03T02:25:14.587+0600][77.090s][info][gc          ] GC(100) Pause Init Update Refs 0.129ms
[2026-04-03T02:25:14.587+0600][77.090s][info][gc,start    ] GC(100) Concurrent update references
[2026-04-03T02:25:14.587+0600][77.090s][info][gc,task     ] GC(100) Using 3 of 6 workers for concurrent reference update
[2026-04-03T02:25:14.629+0600][77.132s][info][gc          ] GC(100) Concurrent update references 41.818ms
[2026-04-03T02:25:14.629+0600][77.132s][info][gc,start    ] GC(100) Concurrent update thread roots
[2026-04-03T02:25:14.631+0600][77.134s][info][gc          ] GC(100) Concurrent update thread roots 1.889ms
[2026-04-03T02:25:14.631+0600][77.134s][info][gc,start    ] GC(100) Pause Final Update Refs
[2026-04-03T02:25:14.631+0600][77.134s][info][gc,task     ] GC(100) Using 6 of 6 workers for final reference update
[2026-04-03T02:25:14.631+0600][77.135s][info][gc          ] GC(100) Pause Final Update Refs 0.278ms
[2026-04-03T02:25:14.631+0600][77.135s][info][gc,start    ] GC(100) Concurrent cleanup
[2026-04-03T02:25:14.632+0600][77.136s][info][gc          ] GC(100) Concurrent cleanup 285M->153M(815M) 0.875ms
[2026-04-03T02:25:14.632+0600][77.136s][info][gc,ergo     ] Free: 789M, Max: 256K regular, 258M humongous, Frag: 68% external, 1% internal; Reserve: 51200K, Max: 256K
[2026-04-03T02:25:14.633+0600][77.136s][info][gc,stats    ] 
[2026-04-03T02:25:14.633+0600][77.136s][info][gc,stats    ] All times are wall-clock times, except per-root-class counters, that are sum over
[2026-04-03T02:25:14.633+0600][77.136s][info][gc,stats    ] all workers. Dividing the <total> over the root stage time estimates parallelism.
[2026-04-03T02:25:14.633+0600][77.136s][info][gc,stats    ] 
[2026-04-03T02:25:14.633+0600][77.136s][info][gc,stats    ] Concurrent Reset                   1919 us
[2026-04-03T02:25:14.633+0600][77.136s][info][gc,stats    ] Pause Init Mark (G)                 927 us
[2026-04-03T02:25:14.633+0600][77.136s][info][gc,stats    ] Pause Init Mark (N)                 398 us
[2026-04-03T02:25:14.633+0600][77.136s][info][gc,stats    ]   Update Region States              142 us
[2026-04-03T02:25:14.633+0600][77.136s][info][gc,stats    ] Concurrent Mark Roots              1903 us, parallelism: 1.68x
[2026-04-03T02:25:14.633+0600][77.136s][info][gc,stats    ]   CMR: <total>                     3192 us
[2026-04-03T02:25:14.633+0600][77.136s][info][gc,stats    ]   CMR: Thread Roots                2795 us, workers (us): 743, 1053, 999, ---, ---, ---, 
[2026-04-03T02:25:14.633+0600][77.136s][info][gc,stats    ]   CMR: VM Strong Roots               48 us, workers (us):  42,   6,   1, ---, ---, ---, 
[2026-04-03T02:25:14.633+0600][77.136s][info][gc,stats    ]   CMR: CLDG Roots                   349 us, workers (us): 349, ---, ---, ---, ---, ---, 
[2026-04-03T02:25:14.633+0600][77.136s][info][gc,stats    ] Concurrent Marking                63036 us
[2026-04-03T02:25:14.633+0600][77.136s][info][gc,stats    ] Pause Final Mark (G)               1058 us
[2026-04-03T02:25:14.633+0600][77.136s][info][gc,stats    ] Pause Final Mark (N)                899 us
[2026-04-03T02:25:14.633+0600][77.136s][info][gc,stats    ]   Finish Mark                       312 us
[2026-04-03T02:25:14.633+0600][77.136s][info][gc,stats    ]   Update Region States               80 us
[2026-04-03T02:25:14.633+0600][77.136s][info][gc,stats    ]   Choose Collection Set             331 us
[2026-04-03T02:25:14.633+0600][77.136s][info][gc,stats    ]   Rebuild Free Set                   63 us
[2026-04-03T02:25:14.633+0600][77.136s][info][gc,stats    ] Concurrent Thread Roots            1072 us, parallelism: 2.07x
[2026-04-03T02:25:14.633+0600][77.136s][info][gc,stats    ]   CTR: <total>                     2219 us
[2026-04-03T02:25:14.633+0600][77.136s][info][gc,stats    ]   CTR: Thread Roots                2219 us, workers (us): 785, 732, 703, ---, ---, ---, 
[2026-04-03T02:25:14.633+0600][77.136s][info][gc,stats    ] Concurrent Weak References          757 us, parallelism: 1.39x
[2026-04-03T02:25:14.633+0600][77.136s][info][gc,stats    ]   CWRF: <total>                    1053 us
[2026-04-03T02:25:14.633+0600][77.136s][info][gc,stats    ]   CWRF: Weak References            1053 us, workers (us): 165, 532, 355, ---, ---, ---, 
[2026-04-03T02:25:14.633+0600][77.136s][info][gc,stats    ] Concurrent Weak Roots              4931 us
[2026-04-03T02:25:14.633+0600][77.136s][info][gc,stats    ]   Roots                            4410 us, parallelism: 2.59x
[2026-04-03T02:25:14.633+0600][77.136s][info][gc,stats    ]     CWR: <total>                  11431 us
[2026-04-03T02:25:14.633+0600][77.136s][info][gc,stats    ]     CWR: Code Cache Roots          9274 us, workers (us): 3164, 3014, 3095, ---, ---, ---, 
[2026-04-03T02:25:14.633+0600][77.136s][info][gc,stats    ]     CWR: VM Weak Roots             2049 us, workers (us): 691, 687, 671, ---, ---, ---, 
[2026-04-03T02:25:14.633+0600][77.136s][info][gc,stats    ]     CWR: CLDG Roots                 109 us, workers (us): ---, 109, ---, ---, ---, ---, 
[2026-04-03T02:25:14.633+0600][77.137s][info][gc,stats    ]   Rendezvous                        400 us
[2026-04-03T02:25:14.633+0600][77.137s][info][gc,stats    ] Concurrent Cleanup                  859 us
[2026-04-03T02:25:14.633+0600][77.137s][info][gc,stats    ] Concurrent Class Unloading        17582 us
[2026-04-03T02:25:14.633+0600][77.137s][info][gc,stats    ]   Unlink Stale                    15564 us
[2026-04-03T02:25:14.633+0600][77.137s][info][gc,stats    ]     System Dictionary               340 us
[2026-04-03T02:25:14.633+0600][77.137s][info][gc,stats    ]     Weak Class Links                  0 us
[2026-04-03T02:25:14.633+0600][77.137s][info][gc,stats    ]     Code Roots                    15217 us
[2026-04-03T02:25:14.633+0600][77.137s][info][gc,stats    ]   Rendezvous                        471 us
[2026-04-03T02:25:14.633+0600][77.137s][info][gc,stats    ]   Purge Unlinked                   1391 us
[2026-04-03T02:25:14.633+0600][77.137s][info][gc,stats    ]     Code Roots                     1369 us
[2026-04-03T02:25:14.633+0600][77.137s][info][gc,stats    ]     CLDG                             21 us
[2026-04-03T02:25:14.633+0600][77.137s][info][gc,stats    ]     Exception Caches                  0 us
[2026-04-03T02:25:14.633+0600][77.137s][info][gc,stats    ] Concurrent Strong Roots            1247 us, parallelism: 0.59x
[2026-04-03T02:25:14.633+0600][77.137s][info][gc,stats    ]   CSR: <total>                      734 us
[2026-04-03T02:25:14.633+0600][77.137s][info][gc,stats    ]   CSR: VM Strong Roots               36 us, workers (us):  35,   1,   0, ---, ---, ---, 
[2026-04-03T02:25:14.633+0600][77.137s][info][gc,stats    ]   CSR: CLDG Roots                   698 us, workers (us): 698, ---, ---, ---, ---, ---, 
[2026-04-03T02:25:14.633+0600][77.137s][info][gc,stats    ] Concurrent Evacuation              4124 us
[2026-04-03T02:25:14.633+0600][77.137s][info][gc,stats    ] Pause Init Update Refs (G)          448 us
[2026-04-03T02:25:14.633+0600][77.137s][info][gc,stats    ] Pause Init Update Refs (N)          148 us
[2026-04-03T02:25:14.633+0600][77.137s][info][gc,stats    ]   Manage GCLABs                      48 us
[2026-04-03T02:25:14.633+0600][77.137s][info][gc,stats    ] Concurrent Update Refs            41923 us
[2026-04-03T02:25:14.633+0600][77.137s][info][gc,stats    ] Concurrent Update Thread Roots     1982 us
[2026-04-03T02:25:14.633+0600][77.137s][info][gc,stats    ] Pause Final Update Refs (G)         542 us
[2026-04-03T02:25:14.633+0600][77.137s][info][gc,stats    ] Pause Final Update Refs (N)         303 us
[2026-04-03T02:25:14.634+0600][77.137s][info][gc,stats    ]   Update Region States               88 us
[2026-04-03T02:25:14.634+0600][77.137s][info][gc,stats    ]   Trash Collection Set               28 us
[2026-04-03T02:25:14.634+0600][77.137s][info][gc,stats    ]   Rebuild Free Set                   61 us
[2026-04-03T02:25:14.634+0600][77.137s][info][gc,stats    ] Concurrent Cleanup                  904 us
[2026-04-03T02:25:14.634+0600][77.137s][info][gc,stats    ] 
[2026-04-03T02:25:14.634+0600][77.137s][info][gc,stats    ] Allocation pacing accrued:
[2026-04-03T02:25:14.634+0600][77.137s][info][gc,stats    ]       0 of   641 ms (  0.0%): <total>
[2026-04-03T02:25:14.634+0600][77.137s][info][gc,stats    ]       0 of   641 ms (  0.0%): <average total>
[2026-04-03T02:25:14.634+0600][77.137s][info][gc,stats    ] 
[2026-04-03T02:25:14.634+0600][77.137s][info][gc,metaspace] Metaspace: 131463K(132800K)->131464K(132800K) NonClass: 114986K(115648K)->114987K(115648K) Class: 16476K(17152K)->16476K(17152K)
[2026-04-03T02:25:14.634+0600][77.137s][info][gc,ergo     ] Pacer for Idle. Initial: 20480K, Alloc Tax Rate: 1.0x
[2026-04-03T02:25:14.735+0600][77.238s][info][gc          ] Trigger: Average GC time (178.31 ms) is above the time for average allocation rate (2238 MB/s) to deplete free headroom (364M) (margin of error = 1.84)
[2026-04-03T02:25:14.735+0600][77.238s][info][gc,ergo     ] Free headroom: 414M (free) - 51200K (spike) - 0B (penalties) = 364M
[2026-04-03T02:25:14.735+0600][77.238s][info][gc,ergo     ] Free: 414M, Max: 256K regular, 206M humongous, Frag: 50% external, 0% internal; Reserve: 51200K, Max: 256K
[2026-04-03T02:25:14.735+0600][77.238s][info][gc,start    ] GC(101) Concurrent reset
[2026-04-03T02:25:14.735+0600][77.238s][info][gc,task     ] GC(101) Using 3 of 6 workers for concurrent reset
[2026-04-03T02:25:14.735+0600][77.238s][info][gc,ergo     ] GC(101) Pacer for Reset. Non-Taxable: 1000M
[2026-04-03T02:25:14.736+0600][77.240s][info][gc          ] GC(101) Concurrent reset 1.211ms
[2026-04-03T02:25:14.736+0600][77.240s][info][gc,start    ] GC(101) Pause Init Mark (unload classes)
[2026-04-03T02:25:14.737+0600][77.240s][info][gc,task     ] GC(101) Using 6 of 6 workers for init marking
[2026-04-03T02:25:14.737+0600][77.240s][info][gc,ergo     ] GC(101) Pacer for Mark. Expected Live: 94833K, Free: 414M, Non-Taxable: 42434K, Alloc Tax Rate: 0.3x
[2026-04-03T02:25:14.737+0600][77.240s][info][gc          ] GC(101) Pause Init Mark (unload classes) 0.107ms
[2026-04-03T02:25:14.737+0600][77.240s][info][gc,start    ] GC(101) Concurrent marking roots
[2026-04-03T02:25:14.737+0600][77.240s][info][gc,task     ] GC(101) Using 3 of 6 workers for concurrent marking roots
[2026-04-03T02:25:14.738+0600][77.241s][info][gc          ] GC(101) Concurrent marking roots 1.121ms
[2026-04-03T02:25:14.738+0600][77.241s][info][gc,start    ] GC(101) Concurrent marking (unload classes)
[2026-04-03T02:25:14.738+0600][77.241s][info][gc,task     ] GC(101) Using 3 of 6 workers for concurrent marking
[2026-04-03T02:25:14.803+0600][77.306s][info][gc          ] GC(101) Concurrent marking (unload classes) 64.703ms
[2026-04-03T02:25:14.803+0600][77.306s][info][gc,start    ] GC(101) Pause Final Mark (unload classes)
[2026-04-03T02:25:14.803+0600][77.306s][info][gc,task     ] GC(101) Using 6 of 6 workers for final marking
[2026-04-03T02:25:14.803+0600][77.306s][info][gc,ergo     ] GC(101) Adaptive CSet Selection. Target Free: 141M, Actual Free: 746M, Max CSet: 42666K, Min Garbage: 0B
[2026-04-03T02:25:14.803+0600][77.307s][info][gc,ergo     ] GC(101) Collectable Garbage: 406M (98%), Immediate: 368M (88%), CSet: 39131K (9%)
[2026-04-03T02:25:14.803+0600][77.307s][info][gc,ergo     ] GC(101) Pacer for Evacuation. Used CSet: 42304K, Free: 725M, Non-Taxable: 74257K, Alloc Tax Rate: 1.1x
[2026-04-03T02:25:14.803+0600][77.307s][info][gc          ] GC(101) Pause Final Mark (unload classes) 0.652ms
[2026-04-03T02:25:14.803+0600][77.307s][info][gc,start    ] GC(101) Concurrent thread roots
[2026-04-03T02:25:14.803+0600][77.307s][info][gc,task     ] GC(101) Using 3 of 6 workers for Concurrent thread roots
[2026-04-03T02:25:14.804+0600][77.307s][info][gc          ] GC(101) Concurrent thread roots 0.811ms
[2026-04-03T02:25:14.804+0600][77.308s][info][gc,start    ] GC(101) Concurrent weak references
[2026-04-03T02:25:14.804+0600][77.308s][info][gc,task     ] GC(101) Using 3 of 6 workers for concurrent weak references
[2026-04-03T02:25:14.805+0600][77.308s][info][gc,ref      ] GC(101) Encountered references: Soft: 3784, Weak: 15426, Final: 84, Phantom: 620
[2026-04-03T02:25:14.805+0600][77.308s][info][gc,ref      ] GC(101) Discovered  references: Soft: 0, Weak: 7116, Final: 0, Phantom: 615
[2026-04-03T02:25:14.805+0600][77.308s][info][gc,ref      ] GC(101) Enqueued    references: Soft: 0, Weak: 791, Final: 0, Phantom: 0
[2026-04-03T02:25:14.805+0600][77.308s][info][gc          ] GC(101) Concurrent weak references 0.779ms
[2026-04-03T02:25:14.805+0600][77.308s][info][gc,start    ] GC(101) Concurrent weak roots
[2026-04-03T02:25:14.805+0600][77.308s][info][gc,task     ] GC(101) Using 3 of 6 workers for concurrent weak root
[2026-04-03T02:25:14.810+0600][77.314s][info][gc          ] GC(101) Concurrent weak roots 5.210ms
[2026-04-03T02:25:14.810+0600][77.314s][info][gc,start    ] GC(101) Concurrent cleanup
[2026-04-03T02:25:14.811+0600][77.314s][info][gc          ] GC(101) Concurrent cleanup 626M->274M(815M) 0.812ms
[2026-04-03T02:25:14.811+0600][77.315s][info][gc,ergo     ] GC(101) Free: 665M, Max: 256K regular, 211M humongous, Frag: 69% external, 0% internal; Reserve: 50526K, Max: 256K
[2026-04-03T02:25:14.811+0600][77.315s][info][gc,start    ] GC(101) Concurrent class unloading
[2026-04-03T02:25:14.811+0600][77.315s][info][gc,task     ] GC(101) Using 3 of 6 workers for concurrent class unloading
[2026-04-03T02:25:14.825+0600][77.328s][info][gc          ] GC(101) Concurrent class unloading 13.357ms
[2026-04-03T02:25:14.825+0600][77.328s][info][gc,start    ] GC(101) Concurrent strong roots
[2026-04-03T02:25:14.825+0600][77.328s][info][gc,task     ] GC(101) Using 3 of 6 workers for concurrent strong root
[2026-04-03T02:25:14.826+0600][77.329s][info][gc          ] GC(101) Concurrent strong roots 1.258ms
[2026-04-03T02:25:14.826+0600][77.329s][info][gc,start    ] GC(101) Concurrent evacuation
[2026-04-03T02:25:14.826+0600][77.329s][info][gc,task     ] GC(101) Using 3 of 6 workers for concurrent evacuation
[2026-04-03T02:25:14.827+0600][77.331s][info][gc          ] GC(101) Concurrent evacuation 1.255ms
[2026-04-03T02:25:14.828+0600][77.331s][info][gc,start    ] GC(101) Pause Init Update Refs
[2026-04-03T02:25:14.828+0600][77.331s][info][gc,ergo     ] GC(101) Pacer for Update Refs. Used: 299M, Free: 642M, Non-Taxable: 65792K, Alloc Tax Rate: 1.1x
[2026-04-03T02:25:14.828+0600][77.331s][info][gc          ] GC(101) Pause Init Update Refs 0.092ms
[2026-04-03T02:25:14.828+0600][77.331s][info][gc,start    ] GC(101) Concurrent update references
[2026-04-03T02:25:14.828+0600][77.331s][info][gc,task     ] GC(101) Using 3 of 6 workers for concurrent reference update
[2026-04-03T02:25:14.871+0600][77.374s][info][gc          ] GC(101) Concurrent update references 43.132ms
[2026-04-03T02:25:14.871+0600][77.374s][info][gc,start    ] GC(101) Concurrent update thread roots
[2026-04-03T02:25:14.876+0600][77.380s][info][gc          ] GC(101) Concurrent update thread roots 5.423ms
[2026-04-03T02:25:14.877+0600][77.380s][info][gc,start    ] GC(101) Pause Final Update Refs
[2026-04-03T02:25:14.877+0600][77.380s][info][gc,task     ] GC(101) Using 6 of 6 workers for final reference update
[2026-04-03T02:25:14.877+0600][77.380s][info][gc          ] GC(101) Pause Final Update Refs 0.286ms
[2026-04-03T02:25:14.877+0600][77.380s][info][gc,start    ] GC(101) Concurrent cleanup
[2026-04-03T02:25:14.878+0600][77.381s][info][gc          ] GC(101) Concurrent cleanup 453M->415M(815M) 0.802ms
[2026-04-03T02:25:14.878+0600][77.381s][info][gc,ergo     ] Free: 514M, Max: 256K regular, 317M humongous, Frag: 39% external, 0% internal; Reserve: 51200K, Max: 256K
[2026-04-03T02:25:14.878+0600][77.381s][info][gc,stats    ] 
[2026-04-03T02:25:14.878+0600][77.381s][info][gc,stats    ] All times are wall-clock times, except per-root-class counters, that are sum over
[2026-04-03T02:25:14.878+0600][77.381s][info][gc,stats    ] all workers. Dividing the <total> over the root stage time estimates parallelism.
[2026-04-03T02:25:14.878+0600][77.381s][info][gc,stats    ] 
[2026-04-03T02:25:14.878+0600][77.381s][info][gc,stats    ] Concurrent Reset                   1262 us
[2026-04-03T02:25:14.878+0600][77.381s][info][gc,stats    ] Pause Init Mark (G)                 357 us
[2026-04-03T02:25:14.878+0600][77.381s][info][gc,stats    ] Pause Init Mark (N)                 117 us
[2026-04-03T02:25:14.878+0600][77.381s][info][gc,stats    ]   Update Region States               27 us
[2026-04-03T02:25:14.878+0600][77.382s][info][gc,stats    ] Concurrent Mark Roots              1160 us, parallelism: 1.79x
[2026-04-03T02:25:14.878+0600][77.382s][info][gc,stats    ]   CMR: <total>                     2081 us
[2026-04-03T02:25:14.878+0600][77.382s][info][gc,stats    ]   CMR: Thread Roots                1856 us, workers (us): 684, 493, 679, ---, ---, ---, 
[2026-04-03T02:25:14.878+0600][77.382s][info][gc,stats    ]   CMR: VM Strong Roots               40 us, workers (us):  38,   1,   0, ---, ---, ---, 
[2026-04-03T02:25:14.878+0600][77.382s][info][gc,stats    ]   CMR: CLDG Roots                   186 us, workers (us): ---, 186, ---, ---, ---, ---, 
[2026-04-03T02:25:14.878+0600][77.382s][info][gc,stats    ] Concurrent Marking                64768 us
[2026-04-03T02:25:14.878+0600][77.382s][info][gc,stats    ] Pause Final Mark (G)                747 us
[2026-04-03T02:25:14.878+0600][77.382s][info][gc,stats    ] Pause Final Mark (N)                663 us
[2026-04-03T02:25:14.878+0600][77.382s][info][gc,stats    ]   Finish Mark                       247 us
[2026-04-03T02:25:14.878+0600][77.382s][info][gc,stats    ]   Update Region States               58 us
[2026-04-03T02:25:14.878+0600][77.382s][info][gc,stats    ]   Choose Collection Set             196 us
[2026-04-03T02:25:14.878+0600][77.382s][info][gc,stats    ]   Rebuild Free Set                   34 us
[2026-04-03T02:25:14.878+0600][77.382s][info][gc,stats    ] Concurrent Thread Roots             876 us, parallelism: 2.00x
[2026-04-03T02:25:14.878+0600][77.382s][info][gc,stats    ]   CTR: <total>                     1751 us
[2026-04-03T02:25:14.878+0600][77.382s][info][gc,stats    ]   CTR: Thread Roots                1751 us, workers (us): 634, 575, 542, ---, ---, ---, 
[2026-04-03T02:25:14.878+0600][77.382s][info][gc,stats    ] Concurrent Weak References          790 us, parallelism: 1.05x
[2026-04-03T02:25:14.878+0600][77.382s][info][gc,stats    ]   CWRF: <total>                     830 us
[2026-04-03T02:25:14.878+0600][77.382s][info][gc,stats    ]   CWRF: Weak References             830 us, workers (us):  75, 160, 595, ---, ---, ---, 
[2026-04-03T02:25:14.878+0600][77.382s][info][gc,stats    ] Concurrent Weak Roots              5305 us
[2026-04-03T02:25:14.878+0600][77.382s][info][gc,stats    ]   Roots                            4074 us, parallelism: 2.76x
[2026-04-03T02:25:14.878+0600][77.382s][info][gc,stats    ]     CWR: <total>                  11248 us
[2026-04-03T02:25:14.878+0600][77.382s][info][gc,stats    ]     CWR: Code Cache Roots          9251 us, workers (us): 3067, 3126, 3058, ---, ---, ---, 
[2026-04-03T02:25:14.878+0600][77.382s][info][gc,stats    ]     CWR: VM Weak Roots             1911 us, workers (us): 659, 651, 601, ---, ---, ---, 
[2026-04-03T02:25:14.878+0600][77.382s][info][gc,stats    ]     CWR: CLDG Roots                  86 us, workers (us):  86, ---, ---, ---, ---, ---, 
[2026-04-03T02:25:14.879+0600][77.382s][info][gc,stats    ]   Rendezvous                       1113 us
[2026-04-03T02:25:14.879+0600][77.382s][info][gc,stats    ] Concurrent Cleanup                  850 us
[2026-04-03T02:25:14.879+0600][77.382s][info][gc,stats    ] Concurrent Class Unloading        13487 us
[2026-04-03T02:25:14.879+0600][77.382s][info][gc,stats    ]   Unlink Stale                    12164 us
[2026-04-03T02:25:14.879+0600][77.382s][info][gc,stats    ]     System Dictionary               349 us
[2026-04-03T02:25:14.879+0600][77.382s][info][gc,stats    ]     Weak Class Links                  0 us
[2026-04-03T02:25:14.879+0600][77.382s][info][gc,stats    ]     Code Roots                    11809 us
[2026-04-03T02:25:14.879+0600][77.382s][info][gc,stats    ]   Rendezvous                        496 us
[2026-04-03T02:25:14.879+0600][77.382s][info][gc,stats    ]   Purge Unlinked                    653 us
[2026-04-03T02:25:14.879+0600][77.382s][info][gc,stats    ]     Code Roots                      631 us
[2026-04-03T02:25:14.879+0600][77.382s][info][gc,stats    ]     CLDG                             20 us
[2026-04-03T02:25:14.879+0600][77.382s][info][gc,stats    ]     Exception Caches                  0 us
[2026-04-03T02:25:14.879+0600][77.382s][info][gc,stats    ] Concurrent Strong Roots            1315 us, parallelism: 0.61x
[2026-04-03T02:25:14.879+0600][77.382s][info][gc,stats    ]   CSR: <total>                      805 us
[2026-04-03T02:25:14.879+0600][77.382s][info][gc,stats    ]   CSR: VM Strong Roots               43 us, workers (us):  43,   1,   0, ---, ---, ---, 
[2026-04-03T02:25:14.879+0600][77.382s][info][gc,stats    ]   CSR: CLDG Roots                   762 us, workers (us): 762, ---, ---, ---, ---, ---, 
[2026-04-03T02:25:14.879+0600][77.382s][info][gc,stats    ] Concurrent Evacuation              1310 us
[2026-04-03T02:25:14.879+0600][77.382s][info][gc,stats    ] Pause Init Update Refs (G)          403 us
[2026-04-03T02:25:14.879+0600][77.382s][info][gc,stats    ] Pause Init Update Refs (N)          107 us
[2026-04-03T02:25:14.879+0600][77.382s][info][gc,stats    ]   Manage GCLABs                      33 us
[2026-04-03T02:25:14.879+0600][77.382s][info][gc,stats    ] Concurrent Update Refs            43243 us
[2026-04-03T02:25:14.879+0600][77.382s][info][gc,stats    ] Concurrent Update Thread Roots     5511 us
[2026-04-03T02:25:14.879+0600][77.382s][info][gc,stats    ] Pause Final Update Refs (G)         567 us
[2026-04-03T02:25:14.879+0600][77.382s][info][gc,stats    ] Pause Final Update Refs (N)         309 us
[2026-04-03T02:25:14.879+0600][77.382s][info][gc,stats    ]   Update Region States               73 us
[2026-04-03T02:25:14.879+0600][77.382s][info][gc,stats    ]   Trash Collection Set               14 us
[2026-04-03T02:25:14.879+0600][77.382s][info][gc,stats    ]   Rebuild Free Set                   64 us
[2026-04-03T02:25:14.879+0600][77.382s][info][gc,stats    ] Concurrent Cleanup                  845 us
[2026-04-03T02:25:14.879+0600][77.382s][info][gc,stats    ] Pacing                           337145 us
[2026-04-03T02:25:14.879+0600][77.382s][info][gc,stats    ] 
[2026-04-03T02:25:14.879+0600][77.382s][info][gc,stats    ] Allocation pacing accrued:
[2026-04-03T02:25:14.879+0600][77.382s][info][gc,stats    ]      11 of   245 ms (  4.5%): Spark Context Cleaner
[2026-04-03T02:25:14.879+0600][77.382s][info][gc,stats    ]      70 of   245 ms ( 28.7%): Executor task launch worker for task 1.0 in stage 3338.0 (TID 6112)
[2026-04-03T02:25:14.879+0600][77.382s][info][gc,stats    ]      70 of   245 ms ( 28.5%): Executor task launch worker for task 2.0 in stage 3338.0 (TID 6113)
[2026-04-03T02:25:14.879+0600][77.382s][info][gc,stats    ]      70 of   245 ms ( 28.7%): Executor task launch worker for task 0.0 in stage 3338.0 (TID 6111)
[2026-04-03T02:25:14.879+0600][77.382s][info][gc,stats    ]      69 of   245 ms ( 28.3%): Executor task launch worker for task 3.0 in stage 3338.0 (TID 6114)
[2026-04-03T02:25:14.879+0600][77.382s][info][gc,stats    ]      15 of   245 ms (  6.2%): block-manager-storage-async-thread-pool-9
[2026-04-03T02:25:14.879+0600][77.382s][info][gc,stats    ]      11 of   245 ms (  4.5%): block-manager-storage-async-thread-pool-39
[2026-04-03T02:25:14.879+0600][77.382s][info][gc,stats    ]      11 of   245 ms (  4.6%): block-manager-storage-async-thread-pool-84
[2026-04-03T02:25:14.879+0600][77.382s][info][gc,stats    ]       4 of   245 ms (  1.7%): block-manager-ask-thread-pool-57
[2026-04-03T02:25:14.879+0600][77.382s][info][gc,stats    ]       4 of   245 ms (  1.7%): block-manager-storage-async-thread-pool-95
[2026-04-03T02:25:14.879+0600][77.382s][info][gc,stats    ]     337 of   245 ms (137.4%): <total>
[2026-04-03T02:25:14.879+0600][77.382s][info][gc,stats    ]       1 of   245 ms (  0.5%): <average total>
[2026-04-03T02:25:14.879+0600][77.382s][info][gc,stats    ]      34 of   245 ms ( 13.7%): <average non-zero>
[2026-04-03T02:25:14.879+0600][77.382s][info][gc,stats    ] 
[2026-04-03T02:25:14.879+0600][77.382s][info][gc,metaspace] Metaspace: 131466K(132800K)->131467K(132800K) NonClass: 114989K(115648K)->114990K(115648K) Class: 16476K(17152K)->16476K(17152K)
[2026-04-03T02:25:14.879+0600][77.382s][info][gc,ergo     ] Pacer for Idle. Initial: 20480K, Alloc Tax Rate: 1.0x
[2026-04-03T02:25:14.936+0600][77.439s][info][gc          ] Trigger: Average GC time (168.71 ms) is above the time for average allocation rate (2299 MB/s) to deplete free headroom (387M) (margin of error = 1.85)
[2026-04-03T02:25:14.936+0600][77.439s][info][gc,ergo     ] Free headroom: 437M (free) - 51200K (spike) - 0B (penalties) = 387M
[2026-04-03T02:25:14.936+0600][77.439s][info][gc,ergo     ] Free: 437M, Max: 256K regular, 317M humongous, Frag: 28% external, 0% internal; Reserve: 51200K, Max: 256K
[2026-04-03T02:25:14.936+0600][77.439s][info][gc,start    ] GC(102) Concurrent reset
[2026-04-03T02:25:14.936+0600][77.439s][info][gc,task     ] GC(102) Using 3 of 6 workers for concurrent reset
[2026-04-03T02:25:14.936+0600][77.439s][info][gc,ergo     ] GC(102) Pacer for Reset. Non-Taxable: 1000M
[2026-04-03T02:25:14.937+0600][77.440s][info][gc          ] GC(102) Concurrent reset 0.944ms
[2026-04-03T02:25:14.937+0600][77.440s][info][gc,start    ] GC(102) Pause Init Mark (unload classes)
[2026-04-03T02:25:14.937+0600][77.440s][info][gc,task     ] GC(102) Using 6 of 6 workers for init marking
[2026-04-03T02:25:14.937+0600][77.440s][info][gc,ergo     ] GC(102) Pacer for Mark. Expected Live: 95365K, Free: 435M, Non-Taxable: 44644K, Alloc Tax Rate: 0.3x
[2026-04-03T02:25:14.937+0600][77.440s][info][gc          ] GC(102) Pause Init Mark (unload classes) 0.118ms
[2026-04-03T02:25:14.937+0600][77.440s][info][gc,start    ] GC(102) Concurrent marking roots
[2026-04-03T02:25:14.937+0600][77.440s][info][gc,task     ] GC(102) Using 3 of 6 workers for concurrent marking roots
[2026-04-03T02:25:14.939+0600][77.442s][info][gc          ] GC(102) Concurrent marking roots 1.371ms
[2026-04-03T02:25:14.939+0600][77.442s][info][gc,start    ] GC(102) Concurrent marking (unload classes)
[2026-04-03T02:25:14.939+0600][77.442s][info][gc,task     ] GC(102) Using 3 of 6 workers for concurrent marking
[2026-04-03T02:25:14.997+0600][77.500s][info][gc          ] GC(102) Concurrent marking (unload classes) 58.267ms
[2026-04-03T02:25:14.997+0600][77.500s][info][gc,start    ] GC(102) Pause Final Mark (unload classes)
[2026-04-03T02:25:14.997+0600][77.500s][info][gc,task     ] GC(102) Using 6 of 6 workers for final marking
[2026-04-03T02:25:14.998+0600][77.501s][info][gc,ergo     ] GC(102) Adaptive CSet Selection. Target Free: 141M, Actual Free: 804M, Max CSet: 42666K, Min Garbage: 0B
[2026-04-03T02:25:14.998+0600][77.501s][info][gc,ergo     ] GC(102) Collectable Garbage: 390M (98%), Immediate: 353M (88%), CSet: 37608K (9%)
[2026-04-03T02:25:14.998+0600][77.501s][info][gc,ergo     ] GC(102) Pacer for Evacuation. Used CSet: 41951K, Free: 778M, Non-Taxable: 79727K, Alloc Tax Rate: 1.1x
[2026-04-03T02:25:14.998+0600][77.501s][info][gc          ] GC(102) Pause Final Mark (unload classes) 0.689ms
[2026-04-03T02:25:14.998+0600][77.501s][info][gc,start    ] GC(102) Concurrent thread roots
[2026-04-03T02:25:14.998+0600][77.501s][info][gc,task     ] GC(102) Using 3 of 6 workers for Concurrent thread roots
[2026-04-03T02:25:15.000+0600][77.503s][info][gc          ] GC(102) Concurrent thread roots 1.889ms
[2026-04-03T02:25:15.000+0600][77.503s][info][gc,start    ] GC(102) Concurrent weak references
[2026-04-03T02:25:15.000+0600][77.503s][info][gc,task     ] GC(102) Using 3 of 6 workers for concurrent weak references
[2026-04-03T02:25:15.001+0600][77.504s][info][gc,ref      ] GC(102) Encountered references: Soft: 3791, Weak: 14871, Final: 84, Phantom: 620
[2026-04-03T02:25:15.001+0600][77.504s][info][gc,ref      ] GC(102) Discovered  references: Soft: 0, Weak: 8372, Final: 0, Phantom: 615
[2026-04-03T02:25:15.001+0600][77.504s][info][gc,ref      ] GC(102) Enqueued    references: Soft: 0, Weak: 161, Final: 0, Phantom: 0
[2026-04-03T02:25:15.001+0600][77.504s][info][gc          ] GC(102) Concurrent weak references 0.999ms
[2026-04-03T02:25:15.001+0600][77.504s][info][gc,start    ] GC(102) Concurrent weak roots
[2026-04-03T02:25:15.001+0600][77.504s][info][gc,task     ] GC(102) Using 3 of 6 workers for concurrent weak root
[2026-04-03T02:25:15.008+0600][77.511s][info][gc          ] GC(102) Concurrent weak roots 7.107ms
[2026-04-03T02:25:15.008+0600][77.511s][info][gc,start    ] GC(102) Concurrent cleanup
[2026-04-03T02:25:15.009+0600][77.512s][info][gc          ] GC(102) Concurrent cleanup 525M->171M(815M) 1.083ms
[2026-04-03T02:25:15.009+0600][77.513s][info][gc,ergo     ] GC(102) Free: 774M, Max: 256K regular, 369M humongous, Frag: 53% external, 0% internal; Reserve: 50531K, Max: 256K
[2026-04-03T02:25:15.009+0600][77.513s][info][gc,start    ] GC(102) Concurrent class unloading
[2026-04-03T02:25:15.009+0600][77.513s][info][gc,task     ] GC(102) Using 3 of 6 workers for concurrent class unloading
[2026-04-03T02:25:15.031+0600][77.534s][info][gc          ] GC(102) Concurrent class unloading 21.239ms
[2026-04-03T02:25:15.031+0600][77.534s][info][gc,start    ] GC(102) Concurrent strong roots
[2026-04-03T02:25:15.031+0600][77.534s][info][gc,task     ] GC(102) Using 3 of 6 workers for concurrent strong root
[2026-04-03T02:25:15.032+0600][77.536s][info][gc          ] GC(102) Concurrent strong roots 1.864ms
[2026-04-03T02:25:15.033+0600][77.536s][info][gc,start    ] GC(102) Concurrent evacuation
[2026-04-03T02:25:15.033+0600][77.536s][info][gc,task     ] GC(102) Using 3 of 6 workers for concurrent evacuation
[2026-04-03T02:25:15.035+0600][77.538s][info][gc          ] GC(102) Concurrent evacuation 2.585ms
[2026-04-03T02:25:15.035+0600][77.539s][info][gc,start    ] GC(102) Pause Init Update Refs
[2026-04-03T02:25:15.035+0600][77.539s][info][gc,ergo     ] GC(102) Pacer for Update Refs. Used: 191M, Free: 757M, Non-Taxable: 77531K, Alloc Tax Rate: 1.1x
[2026-04-03T02:25:15.035+0600][77.539s][info][gc          ] GC(102) Pause Init Update Refs 0.133ms
[2026-04-03T02:25:15.036+0600][77.539s][info][gc,start    ] GC(102) Concurrent update references
[2026-04-03T02:25:15.036+0600][77.539s][info][gc,task     ] GC(102) Using 3 of 6 workers for concurrent reference update
[2026-04-03T02:25:15.076+0600][77.579s][info][gc          ] GC(102) Concurrent update references 39.987ms
[2026-04-03T02:25:15.076+0600][77.579s][info][gc,start    ] GC(102) Concurrent update thread roots
[2026-04-03T02:25:15.077+0600][77.581s][info][gc          ] GC(102) Concurrent update thread roots 1.639ms
[2026-04-03T02:25:15.077+0600][77.581s][info][gc,start    ] GC(102) Pause Final Update Refs
[2026-04-03T02:25:15.078+0600][77.581s][info][gc,task     ] GC(102) Using 6 of 6 workers for final reference update
[2026-04-03T02:25:15.078+0600][77.581s][info][gc          ] GC(102) Pause Final Update Refs 0.187ms
[2026-04-03T02:25:15.078+0600][77.581s][info][gc,start    ] GC(102) Concurrent cleanup
[2026-04-03T02:25:15.079+0600][77.582s][info][gc          ] GC(102) Concurrent cleanup 202M->161M(815M) 0.689ms
[2026-04-03T02:25:15.079+0600][77.582s][info][gc,ergo     ] Free: 781M, Max: 256K regular, 370M humongous, Frag: 53% external, 0% internal; Reserve: 51200K, Max: 256K
[2026-04-03T02:25:15.079+0600][77.582s][info][gc,stats    ] 
[2026-04-03T02:25:15.079+0600][77.582s][info][gc,stats    ] All times are wall-clock times, except per-root-class counters, that are sum over
[2026-04-03T02:25:15.079+0600][77.582s][info][gc,stats    ] all workers. Dividing the <total> over the root stage time estimates parallelism.
[2026-04-03T02:25:15.079+0600][77.582s][info][gc,stats    ] 
[2026-04-03T02:25:15.079+0600][77.582s][info][gc,stats    ] Concurrent Reset                    994 us
[2026-04-03T02:25:15.079+0600][77.582s][info][gc,stats    ] Pause Init Mark (G)                 324 us
[2026-04-03T02:25:15.079+0600][77.582s][info][gc,stats    ] Pause Init Mark (N)                 126 us
[2026-04-03T02:25:15.079+0600][77.582s][info][gc,stats    ]   Update Region States               35 us
[2026-04-03T02:25:15.079+0600][77.582s][info][gc,stats    ] Concurrent Mark Roots              1468 us, parallelism: 2.10x
[2026-04-03T02:25:15.079+0600][77.582s][info][gc,stats    ]   CMR: <total>                     3076 us
[2026-04-03T02:25:15.079+0600][77.582s][info][gc,stats    ]   CMR: Thread Roots                2836 us, workers (us): 1012, 809, 1015, ---, ---, ---, 
[2026-04-03T02:25:15.079+0600][77.582s][info][gc,stats    ]   CMR: VM Strong Roots               45 us, workers (us):  23,  21,   1, ---, ---, ---, 
[2026-04-03T02:25:15.079+0600][77.582s][info][gc,stats    ]   CMR: CLDG Roots                   195 us, workers (us): ---, 195, ---, ---, ---, ---, 
[2026-04-03T02:25:15.079+0600][77.582s][info][gc,stats    ] Concurrent Marking                58375 us
[2026-04-03T02:25:15.079+0600][77.582s][info][gc,stats    ] Pause Final Mark (G)                936 us
[2026-04-03T02:25:15.079+0600][77.582s][info][gc,stats    ] Pause Final Mark (N)                702 us
[2026-04-03T02:25:15.079+0600][77.582s][info][gc,stats    ]   Finish Mark                       219 us
[2026-04-03T02:25:15.079+0600][77.582s][info][gc,stats    ]   Update Region States               59 us
[2026-04-03T02:25:15.079+0600][77.582s][info][gc,stats    ]   Choose Collection Set             242 us
[2026-04-03T02:25:15.079+0600][77.582s][info][gc,stats    ]   Rebuild Free Set                   53 us
[2026-04-03T02:25:15.079+0600][77.582s][info][gc,stats    ] Concurrent Thread Roots            1944 us, parallelism: 2.59x
[2026-04-03T02:25:15.079+0600][77.582s][info][gc,stats    ]   CTR: <total>                     5044 us
[2026-04-03T02:25:15.079+0600][77.582s][info][gc,stats    ]   CTR: Thread Roots                5044 us, workers (us): 1732, 1704, 1609, ---, ---, ---, 
[2026-04-03T02:25:15.079+0600][77.582s][info][gc,stats    ] Concurrent Weak References         1014 us, parallelism: 1.21x
[2026-04-03T02:25:15.079+0600][77.582s][info][gc,stats    ]   CWRF: <total>                    1231 us
[2026-04-03T02:25:15.079+0600][77.582s][info][gc,stats    ]   CWRF: Weak References            1231 us, workers (us): 830, 195, 206, ---, ---, ---, 
[2026-04-03T02:25:15.079+0600][77.582s][info][gc,stats    ] Concurrent Weak Roots              7204 us
[2026-04-03T02:25:15.079+0600][77.582s][info][gc,stats    ]   Roots                            6697 us, parallelism: 2.61x
[2026-04-03T02:25:15.079+0600][77.582s][info][gc,stats    ]     CWR: <total>                  17492 us
[2026-04-03T02:25:15.079+0600][77.582s][info][gc,stats    ]     CWR: Code Cache Roots         13741 us, workers (us): 4711, 4712, 4317, ---, ---, ---, 
[2026-04-03T02:25:15.079+0600][77.582s][info][gc,stats    ]     CWR: VM Weak Roots             3431 us, workers (us): 1640, 1650, 142, ---, ---, ---, 
[2026-04-03T02:25:15.079+0600][77.582s][info][gc,stats    ]     CWR: CLDG Roots                 320 us, workers (us): ---, ---, 320, ---, ---, ---, 
[2026-04-03T02:25:15.079+0600][77.582s][info][gc,stats    ]   Rendezvous                        346 us
[2026-04-03T02:25:15.079+0600][77.582s][info][gc,stats    ] Concurrent Cleanup                 1112 us
[2026-04-03T02:25:15.079+0600][77.582s][info][gc,stats    ] Concurrent Class Unloading        21358 us
[2026-04-03T02:25:15.079+0600][77.582s][info][gc,stats    ]   Unlink Stale                    20322 us
[2026-04-03T02:25:15.079+0600][77.582s][info][gc,stats    ]     System Dictionary               317 us
[2026-04-03T02:25:15.079+0600][77.582s][info][gc,stats    ]     Weak Class Links                  0 us
[2026-04-03T02:25:15.079+0600][77.582s][info][gc,stats    ]     Code Roots                    19998 us
[2026-04-03T02:25:15.079+0600][77.582s][info][gc,stats    ]   Rendezvous                        441 us
[2026-04-03T02:25:15.079+0600][77.582s][info][gc,stats    ]   Purge Unlinked                    436 us
[2026-04-03T02:25:15.079+0600][77.582s][info][gc,stats    ]     Code Roots                      412 us
[2026-04-03T02:25:15.079+0600][77.582s][info][gc,stats    ]     CLDG                             22 us
[2026-04-03T02:25:15.079+0600][77.582s][info][gc,stats    ]     Exception Caches                  0 us
[2026-04-03T02:25:15.079+0600][77.582s][info][gc,stats    ] Concurrent Strong Roots            1924 us, parallelism: 0.75x
[2026-04-03T02:25:15.079+0600][77.582s][info][gc,stats    ]   CSR: <total>                     1438 us
[2026-04-03T02:25:15.079+0600][77.582s][info][gc,stats    ]   CSR: VM Strong Roots               95 us, workers (us):  33,  34,  29, ---, ---, ---, 
[2026-04-03T02:25:15.079+0600][77.582s][info][gc,stats    ]   CSR: CLDG Roots                  1342 us, workers (us): ---, ---, 1342, ---, ---, ---, 
[2026-04-03T02:25:15.079+0600][77.582s][info][gc,stats    ] Concurrent Evacuation              2674 us
[2026-04-03T02:25:15.079+0600][77.582s][info][gc,stats    ] Pause Init Update Refs (G)          311 us
[2026-04-03T02:25:15.079+0600][77.582s][info][gc,stats    ] Pause Init Update Refs (N)          147 us
[2026-04-03T02:25:15.079+0600][77.582s][info][gc,stats    ]   Manage GCLABs                      36 us
[2026-04-03T02:25:15.079+0600][77.582s][info][gc,stats    ] Concurrent Update Refs            40068 us
[2026-04-03T02:25:15.079+0600][77.582s][info][gc,stats    ] Concurrent Update Thread Roots     1688 us
[2026-04-03T02:25:15.079+0600][77.582s][info][gc,stats    ] Pause Final Update Refs (G)         550 us
[2026-04-03T02:25:15.079+0600][77.582s][info][gc,stats    ] Pause Final Update Refs (N)         204 us
[2026-04-03T02:25:15.079+0600][77.582s][info][gc,stats    ]   Update Region States               60 us
[2026-04-03T02:25:15.079+0600][77.582s][info][gc,stats    ]   Trash Collection Set               14 us
[2026-04-03T02:25:15.079+0600][77.582s][info][gc,stats    ]   Rebuild Free Set                   41 us
[2026-04-03T02:25:15.079+0600][77.582s][info][gc,stats    ] Concurrent Cleanup                  706 us
[2026-04-03T02:25:15.079+0600][77.582s][info][gc,stats    ] 
[2026-04-03T02:25:15.079+0600][77.582s][info][gc,stats    ] Allocation pacing accrued:
[2026-04-03T02:25:15.079+0600][77.582s][info][gc,stats    ]       0 of   200 ms (  0.0%): <total>
[2026-04-03T02:25:15.079+0600][77.582s][info][gc,stats    ]       0 of   200 ms (  0.0%): <average total>
[2026-04-03T02:25:15.079+0600][77.582s][info][gc,stats    ] 
[2026-04-03T02:25:15.079+0600][77.582s][info][gc,metaspace] Metaspace: 131474K(132800K)->131489K(132800K) NonClass: 114996K(115648K)->115011K(115648K) Class: 16477K(17152K)->16477K(17152K)
[2026-04-03T02:25:15.079+0600][77.582s][info][gc,ergo     ] Pacer for Idle. Initial: 20480K, Alloc Tax Rate: 1.0x
[2026-04-03T02:25:15.654+0600][78.158s][info][gc          ] Trigger: Average GC time (160.82 ms) is above the time for average allocation rate (1151 MB/s) to deplete free headroom (184M) (margin of error = 1.85)
[2026-04-03T02:25:15.654+0600][78.158s][info][gc,ergo     ] Free headroom: 234M (free) - 51200K (spike) - 0B (penalties) = 184M
[2026-04-03T02:25:15.654+0600][78.158s][info][gc,ergo     ] Free: 232M, Max: 256K regular, 232M humongous, Frag: 0% external, 0% internal; Reserve: 51200K, Max: 256K
[2026-04-03T02:25:15.654+0600][78.158s][info][gc,start    ] GC(103) Concurrent reset
[2026-04-03T02:25:15.654+0600][78.158s][info][gc,task     ] GC(103) Using 3 of 6 workers for concurrent reset
[2026-04-03T02:25:15.654+0600][78.158s][info][gc,ergo     ] GC(103) Pacer for Reset. Non-Taxable: 1000M
[2026-04-03T02:25:15.656+0600][78.159s][info][gc          ] GC(103) Concurrent reset 1.122ms
[2026-04-03T02:25:15.656+0600][78.159s][info][gc,start    ] GC(103) Pause Init Mark (unload classes)
[2026-04-03T02:25:15.656+0600][78.159s][info][gc,task     ] GC(103) Using 6 of 6 workers for init marking
[2026-04-03T02:25:15.656+0600][78.159s][info][gc,ergo     ] GC(103) Pacer for Mark. Expected Live: 94395K, Free: 231M, Non-Taxable: 23691K, Alloc Tax Rate: 0.5x
[2026-04-03T02:25:15.656+0600][78.159s][info][gc          ] GC(103) Pause Init Mark (unload classes) 0.161ms
[2026-04-03T02:25:15.656+0600][78.160s][info][gc,start    ] GC(103) Concurrent marking roots
[2026-04-03T02:25:15.656+0600][78.160s][info][gc,task     ] GC(103) Using 3 of 6 workers for concurrent marking roots
[2026-04-03T02:25:15.658+0600][78.161s][info][gc          ] GC(103) Concurrent marking roots 1.608ms
[2026-04-03T02:25:15.658+0600][78.161s][info][gc,start    ] GC(103) Concurrent marking (unload classes)
[2026-04-03T02:25:15.658+0600][78.161s][info][gc,task     ] GC(103) Using 3 of 6 workers for concurrent marking
[2026-04-03T02:25:15.722+0600][78.225s][info][gc          ] GC(103) Concurrent marking (unload classes) 64.021ms
[2026-04-03T02:25:15.722+0600][78.225s][info][gc,start    ] GC(103) Pause Final Mark (unload classes)
[2026-04-03T02:25:15.722+0600][78.225s][info][gc,task     ] GC(103) Using 6 of 6 workers for final marking
[2026-04-03T02:25:15.723+0600][78.226s][info][gc,ergo     ] GC(103) Adaptive CSet Selection. Target Free: 141M, Actual Free: 725M, Max CSet: 42666K, Min Garbage: 0B
[2026-04-03T02:25:15.723+0600][78.226s][info][gc,ergo     ] GC(103) Collectable Garbage: 576M (98%), Immediate: 483M (82%), CSet: 96128K (16%)
[2026-04-03T02:25:15.723+0600][78.226s][info][gc,ergo     ] GC(103) Pacer for Evacuation. Used CSet: 100165K, Free: 715M, Non-Taxable: 73312K, Alloc Tax Rate: 1.1x
[2026-04-03T02:25:15.723+0600][78.226s][info][gc          ] GC(103) Pause Final Mark (unload classes) 0.707ms
[2026-04-03T02:25:15.723+0600][78.226s][info][gc,start    ] GC(103) Concurrent thread roots
[2026-04-03T02:25:15.723+0600][78.226s][info][gc,task     ] GC(103) Using 3 of 6 workers for Concurrent thread roots
[2026-04-03T02:25:15.724+0600][78.227s][info][gc          ] GC(103) Concurrent thread roots 0.780ms
[2026-04-03T02:25:15.724+0600][78.227s][info][gc,start    ] GC(103) Concurrent weak references
[2026-04-03T02:25:15.724+0600][78.227s][info][gc,task     ] GC(103) Using 3 of 6 workers for concurrent weak references
[2026-04-03T02:25:15.724+0600][78.228s][info][gc,ref      ] GC(103) Encountered references: Soft: 3786, Weak: 15557, Final: 84, Phantom: 620
[2026-04-03T02:25:15.724+0600][78.228s][info][gc,ref      ] GC(103) Discovered  references: Soft: 0, Weak: 9074, Final: 48, Phantom: 596
[2026-04-03T02:25:15.724+0600][78.228s][info][gc,ref      ] GC(103) Enqueued    references: Soft: 0, Weak: 259, Final: 0, Phantom: 0
[2026-04-03T02:25:15.724+0600][78.228s][info][gc          ] GC(103) Concurrent weak references 0.653ms
[2026-04-03T02:25:15.724+0600][78.228s][info][gc,start    ] GC(103) Concurrent weak roots
[2026-04-03T02:25:15.724+0600][78.228s][info][gc,task     ] GC(103) Using 3 of 6 workers for concurrent weak root
[2026-04-03T02:25:15.729+0600][78.232s][info][gc          ] GC(103) Concurrent weak roots 4.292ms
[2026-04-03T02:25:15.729+0600][78.232s][info][gc,start    ] GC(103) Concurrent cleanup
[2026-04-03T02:25:15.730+0600][78.233s][info][gc          ] GC(103) Concurrent cleanup 718M->235M(815M) 1.008ms
[2026-04-03T02:25:15.730+0600][78.233s][info][gc,ergo     ] GC(103) Free: 710M, Max: 256K regular, 187M humongous, Frag: 74% external, 0% internal; Reserve: 50317K, Max: 256K
[2026-04-03T02:25:15.730+0600][78.233s][info][gc,start    ] GC(103) Concurrent class unloading
[2026-04-03T02:25:15.730+0600][78.233s][info][gc,task     ] GC(103) Using 3 of 6 workers for concurrent class unloading
[2026-04-03T02:25:15.750+0600][78.254s][info][gc          ] GC(103) Concurrent class unloading 20.532ms
[2026-04-03T02:25:15.751+0600][78.254s][info][gc,start    ] GC(103) Concurrent strong roots
[2026-04-03T02:25:15.751+0600][78.254s][info][gc,task     ] GC(103) Using 3 of 6 workers for concurrent strong root
[2026-04-03T02:25:15.752+0600][78.255s][info][gc          ] GC(103) Concurrent strong roots 1.409ms
[2026-04-03T02:25:15.752+0600][78.255s][info][gc,start    ] GC(103) Concurrent evacuation
[2026-04-03T02:25:15.752+0600][78.255s][info][gc,task     ] GC(103) Using 3 of 6 workers for concurrent evacuation
[2026-04-03T02:25:15.755+0600][78.258s][info][gc          ] GC(103) Concurrent evacuation 2.659ms
[2026-04-03T02:25:15.755+0600][78.258s][info][gc,start    ] GC(103) Pause Init Update Refs
[2026-04-03T02:25:15.755+0600][78.258s][info][gc,ergo     ] GC(103) Pacer for Update Refs. Used: 257M, Free: 691M, Non-Taxable: 70859K, Alloc Tax Rate: 1.1x
[2026-04-03T02:25:15.755+0600][78.258s][info][gc          ] GC(103) Pause Init Update Refs 0.109ms
[2026-04-03T02:25:15.755+0600][78.259s][info][gc,start    ] GC(103) Concurrent update references
[2026-04-03T02:25:15.755+0600][78.259s][info][gc,task     ] GC(103) Using 3 of 6 workers for concurrent reference update
[2026-04-03T02:25:15.804+0600][78.308s][info][gc          ] GC(103) Concurrent update references 48.980ms
[2026-04-03T02:25:15.804+0600][78.308s][info][gc,start    ] GC(103) Concurrent update thread roots
[2026-04-03T02:25:15.806+0600][78.309s][info][gc          ] GC(103) Concurrent update thread roots 1.486ms
[2026-04-03T02:25:15.806+0600][78.309s][info][gc,start    ] GC(103) Pause Final Update Refs
[2026-04-03T02:25:15.806+0600][78.309s][info][gc,task     ] GC(103) Using 6 of 6 workers for final reference update
[2026-04-03T02:25:15.806+0600][78.309s][info][gc          ] GC(103) Pause Final Update Refs 0.214ms
[2026-04-03T02:25:15.806+0600][78.310s][info][gc,start    ] GC(103) Concurrent cleanup
[2026-04-03T02:25:15.807+0600][78.310s][info][gc          ] GC(103) Concurrent cleanup 299M->201M(815M) 0.897ms
[2026-04-03T02:25:15.807+0600][78.311s][info][gc,ergo     ] Free: 741M, Max: 256K regular, 258M humongous, Frag: 66% external, 0% internal; Reserve: 51200K, Max: 256K
[2026-04-03T02:25:15.807+0600][78.311s][info][gc,stats    ] 
[2026-04-03T02:25:15.807+0600][78.311s][info][gc,stats    ] All times are wall-clock times, except per-root-class counters, that are sum over
[2026-04-03T02:25:15.807+0600][78.311s][info][gc,stats    ] all workers. Dividing the <total> over the root stage time estimates parallelism.
[2026-04-03T02:25:15.807+0600][78.311s][info][gc,stats    ] 
[2026-04-03T02:25:15.807+0600][78.311s][info][gc,stats    ] Concurrent Reset                   1191 us
[2026-04-03T02:25:15.807+0600][78.311s][info][gc,stats    ] Pause Init Mark (G)                 555 us
[2026-04-03T02:25:15.807+0600][78.311s][info][gc,stats    ] Pause Init Mark (N)                 172 us
[2026-04-03T02:25:15.807+0600][78.311s][info][gc,stats    ]   Update Region States               41 us
[2026-04-03T02:25:15.807+0600][78.311s][info][gc,stats    ] Concurrent Mark Roots              1668 us, parallelism: 1.92x
[2026-04-03T02:25:15.807+0600][78.311s][info][gc,stats    ]   CMR: <total>                     3199 us
[2026-04-03T02:25:15.807+0600][78.311s][info][gc,stats    ]   CMR: Thread Roots                2722 us, workers (us): 1043, 647, 1032, ---, ---, ---, 
[2026-04-03T02:25:15.807+0600][78.311s][info][gc,stats    ]   CMR: VM Strong Roots               97 us, workers (us):  52,  45,   1, ---, ---, ---, 
[2026-04-03T02:25:15.807+0600][78.311s][info][gc,stats    ]   CMR: CLDG Roots                   380 us, workers (us): ---, 380, ---, ---, ---, ---, 
[2026-04-03T02:25:15.808+0600][78.311s][info][gc,stats    ] Concurrent Marking                64080 us
[2026-04-03T02:25:15.808+0600][78.311s][info][gc,stats    ] Pause Final Mark (G)                925 us
[2026-04-03T02:25:15.808+0600][78.311s][info][gc,stats    ] Pause Final Mark (N)                716 us
[2026-04-03T02:25:15.808+0600][78.311s][info][gc,stats    ]   Finish Mark                       316 us
[2026-04-03T02:25:15.808+0600][78.311s][info][gc,stats    ]   Update Region States               43 us
[2026-04-03T02:25:15.808+0600][78.311s][info][gc,stats    ]   Choose Collection Set             233 us
[2026-04-03T02:25:15.808+0600][78.311s][info][gc,stats    ]   Rebuild Free Set                   42 us
[2026-04-03T02:25:15.808+0600][78.311s][info][gc,stats    ] Concurrent Thread Roots             810 us, parallelism: 2.38x
[2026-04-03T02:25:15.808+0600][78.311s][info][gc,stats    ]   CTR: <total>                     1924 us
[2026-04-03T02:25:15.808+0600][78.311s][info][gc,stats    ]   CTR: Thread Roots                1924 us, workers (us): 672, 631, 621, ---, ---, ---, 
[2026-04-03T02:25:15.808+0600][78.311s][info][gc,stats    ] Concurrent Weak References          662 us, parallelism: 1.20x
[2026-04-03T02:25:15.808+0600][78.311s][info][gc,stats    ]   CWRF: <total>                     792 us
[2026-04-03T02:25:15.808+0600][78.311s][info][gc,stats    ]   CWRF: Weak References             792 us, workers (us): 402, 389,   1, ---, ---, ---, 
[2026-04-03T02:25:15.808+0600][78.311s][info][gc,stats    ] Concurrent Weak Roots              4391 us
[2026-04-03T02:25:15.808+0600][78.311s][info][gc,stats    ]   Roots                            4024 us, parallelism: 2.68x
[2026-04-03T02:25:15.808+0600][78.311s][info][gc,stats    ]     CWR: <total>                  10800 us
[2026-04-03T02:25:15.808+0600][78.311s][info][gc,stats    ]     CWR: Code Cache Roots          8184 us, workers (us): 2725, 2566, 2893, ---, ---, ---, 
[2026-04-03T02:25:15.808+0600][78.311s][info][gc,stats    ]     CWR: VM Weak Roots             2435 us, workers (us): 814, 814, 807, ---, ---, ---, 
[2026-04-03T02:25:15.808+0600][78.311s][info][gc,stats    ]     CWR: CLDG Roots                 181 us, workers (us): ---, 181, ---, ---, ---, ---, 
[2026-04-03T02:25:15.808+0600][78.311s][info][gc,stats    ]   Rendezvous                        246 us
[2026-04-03T02:25:15.808+0600][78.311s][info][gc,stats    ] Concurrent Cleanup                 1078 us
[2026-04-03T02:25:15.808+0600][78.311s][info][gc,stats    ] Concurrent Class Unloading        20636 us
[2026-04-03T02:25:15.808+0600][78.311s][info][gc,stats    ]   Unlink Stale                    14216 us
[2026-04-03T02:25:15.808+0600][78.311s][info][gc,stats    ]     System Dictionary               275 us
[2026-04-03T02:25:15.808+0600][78.311s][info][gc,stats    ]     Weak Class Links                  0 us
[2026-04-03T02:25:15.808+0600][78.311s][info][gc,stats    ]     Code Roots                    13936 us
[2026-04-03T02:25:15.808+0600][78.311s][info][gc,stats    ]   Rendezvous                       4127 us
[2026-04-03T02:25:15.808+0600][78.311s][info][gc,stats    ]   Purge Unlinked                   2152 us
[2026-04-03T02:25:15.808+0600][78.311s][info][gc,stats    ]     Code Roots                     2130 us
[2026-04-03T02:25:15.808+0600][78.311s][info][gc,stats    ]     CLDG                             20 us
[2026-04-03T02:25:15.808+0600][78.311s][info][gc,stats    ]     Exception Caches                  1 us
[2026-04-03T02:25:15.808+0600][78.311s][info][gc,stats    ] Concurrent Strong Roots            1499 us, parallelism: 0.68x
[2026-04-03T02:25:15.808+0600][78.311s][info][gc,stats    ]   CSR: <total>                     1018 us
[2026-04-03T02:25:15.808+0600][78.311s][info][gc,stats    ]   CSR: VM Strong Roots               78 us, workers (us):  53,  25,   0, ---, ---, ---, 
[2026-04-03T02:25:15.808+0600][78.311s][info][gc,stats    ]   CSR: CLDG Roots                   940 us, workers (us): 940, ---, ---, ---, ---, ---, 
[2026-04-03T02:25:15.808+0600][78.311s][info][gc,stats    ] Concurrent Evacuation              2720 us
[2026-04-03T02:25:15.808+0600][78.311s][info][gc,stats    ] Pause Init Update Refs (G)          480 us
[2026-04-03T02:25:15.808+0600][78.311s][info][gc,stats    ] Pause Init Update Refs (N)          122 us
[2026-04-03T02:25:15.808+0600][78.311s][info][gc,stats    ]   Manage GCLABs                      35 us
[2026-04-03T02:25:15.808+0600][78.311s][info][gc,stats    ] Concurrent Update Refs            49083 us
[2026-04-03T02:25:15.808+0600][78.311s][info][gc,stats    ] Concurrent Update Thread Roots     1558 us
[2026-04-03T02:25:15.808+0600][78.311s][info][gc,stats    ] Pause Final Update Refs (G)         392 us
[2026-04-03T02:25:15.808+0600][78.311s][info][gc,stats    ] Pause Final Update Refs (N)         238 us
[2026-04-03T02:25:15.808+0600][78.311s][info][gc,stats    ]   Update Region States               73 us
[2026-04-03T02:25:15.808+0600][78.311s][info][gc,stats    ]   Trash Collection Set               20 us
[2026-04-03T02:25:15.808+0600][78.311s][info][gc,stats    ]   Rebuild Free Set                   56 us
[2026-04-03T02:25:15.808+0600][78.311s][info][gc,stats    ] Concurrent Cleanup                  929 us
[2026-04-03T02:25:15.808+0600][78.311s][info][gc,stats    ] Pacing                           139265 us
[2026-04-03T02:25:15.808+0600][78.311s][info][gc,stats    ] 
[2026-04-03T02:25:15.808+0600][78.311s][info][gc,stats    ] Allocation pacing accrued:
[2026-04-03T02:25:15.808+0600][78.311s][info][gc,stats    ]      11 of   729 ms (  1.6%): Spark Context Cleaner
[2026-04-03T02:25:15.808+0600][78.312s][info][gc,stats    ]      11 of   729 ms (  1.6%): Executor task launch worker for task 5.0 in stage 3370.0 (TID 6244)
[2026-04-03T02:25:15.808+0600][78.312s][info][gc,stats    ]      21 of   729 ms (  2.9%): Executor task launch worker for task 7.0 in stage 3370.0 (TID 6246)
[2026-04-03T02:25:15.808+0600][78.312s][info][gc,stats    ]      21 of   729 ms (  2.9%): Executor task launch worker for task 4.0 in stage 3370.0 (TID 6243)
[2026-04-03T02:25:15.808+0600][78.312s][info][gc,stats    ]      21 of   729 ms (  2.9%): Executor task launch worker for task 3.0 in stage 3370.0 (TID 6242)
[2026-04-03T02:25:15.808+0600][78.312s][info][gc,stats    ]      21 of   729 ms (  2.9%): task-result-getter-0
[2026-04-03T02:25:15.808+0600][78.312s][info][gc,stats    ]      10 of   729 ms (  1.4%): task-result-getter-1
[2026-04-03T02:25:15.808+0600][78.312s][info][gc,stats    ]      21 of   729 ms (  2.9%): task-result-getter-3
[2026-04-03T02:25:15.808+0600][78.312s][info][gc,stats    ]     139 of   729 ms ( 19.1%): <total>
[2026-04-03T02:25:15.808+0600][78.312s][info][gc,stats    ]       0 of   729 ms (  0.1%): <average total>
[2026-04-03T02:25:15.808+0600][78.312s][info][gc,stats    ]      17 of   729 ms (  2.4%): <average non-zero>
[2026-04-03T02:25:15.808+0600][78.312s][info][gc,stats    ] 
[2026-04-03T02:25:15.808+0600][78.312s][info][gc,metaspace] Metaspace: 131504K(132800K)->131504K(132800K) NonClass: 115024K(115648K)->115024K(115648K) Class: 16479K(17152K)->16479K(17152K)
[2026-04-03T02:25:15.808+0600][78.312s][info][gc,ergo     ] Pacer for Idle. Initial: 20480K, Alloc Tax Rate: 1.0x
[2026-04-03T02:25:16.438+0600][78.942s][info][gc          ] Trigger: Average GC time (161.78 ms) is above the time for average allocation rate (704 MB/s) to deplete free headroom (108M) (margin of error = 1.85)
[2026-04-03T02:25:16.438+0600][78.942s][info][gc,ergo     ] Free headroom: 158M (free) - 51200K (spike) - 0B (penalties) = 108M
[2026-04-03T02:25:16.438+0600][78.942s][info][gc,ergo     ] Free: 158M, Max: 256K regular, 158M humongous, Frag: 0% external, 1% internal; Reserve: 51200K, Max: 256K
[2026-04-03T02:25:16.439+0600][78.942s][info][gc,start    ] GC(104) Concurrent reset
[2026-04-03T02:25:16.439+0600][78.942s][info][gc,task     ] GC(104) Using 3 of 6 workers for concurrent reset
[2026-04-03T02:25:16.439+0600][78.942s][info][gc,ergo     ] GC(104) Pacer for Reset. Non-Taxable: 1000M
[2026-04-03T02:25:16.440+0600][78.943s][info][gc          ] GC(104) Concurrent reset 1.366ms
[2026-04-03T02:25:16.440+0600][78.943s][info][gc,start    ] GC(104) Pause Init Mark (unload classes)
[2026-04-03T02:25:16.440+0600][78.943s][info][gc,task     ] GC(104) Using 6 of 6 workers for init marking
[2026-04-03T02:25:16.440+0600][78.944s][info][gc,ergo     ] GC(104) Pacer for Mark. Expected Live: 94133K, Free: 157M, Non-Taxable: 16108K, Alloc Tax Rate: 0.7x
[2026-04-03T02:25:16.440+0600][78.944s][info][gc          ] GC(104) Pause Init Mark (unload classes) 0.116ms
[2026-04-03T02:25:16.440+0600][78.944s][info][gc,start    ] GC(104) Concurrent marking roots
[2026-04-03T02:25:16.440+0600][78.944s][info][gc,task     ] GC(104) Using 3 of 6 workers for concurrent marking roots
[2026-04-03T02:25:16.442+0600][78.945s][info][gc          ] GC(104) Concurrent marking roots 1.660ms
[2026-04-03T02:25:16.442+0600][78.945s][info][gc,start    ] GC(104) Concurrent marking (unload classes)
[2026-04-03T02:25:16.442+0600][78.945s][info][gc,task     ] GC(104) Using 3 of 6 workers for concurrent marking
[2026-04-03T02:25:16.497+0600][79.000s][info][gc          ] GC(104) Concurrent marking (unload classes) 54.516ms
[2026-04-03T02:25:16.497+0600][79.000s][info][gc,start    ] GC(104) Pause Final Mark (unload classes)
[2026-04-03T02:25:16.497+0600][79.000s][info][gc,task     ] GC(104) Using 6 of 6 workers for final marking
[2026-04-03T02:25:16.497+0600][79.000s][info][gc,ergo     ] GC(104) Adaptive CSet Selection. Target Free: 141M, Actual Free: 726M, Max CSet: 42666K, Min Garbage: 0B
[2026-04-03T02:25:16.497+0600][79.001s][info][gc,ergo     ] GC(104) Collectable Garbage: 645M (98%), Immediate: 545M (83%), CSet: 101560K (15%)
[2026-04-03T02:25:16.497+0600][79.001s][info][gc,ergo     ] GC(104) Pacer for Evacuation. Used CSet: 106M, Free: 719M, Non-Taxable: 73635K, Alloc Tax Rate: 1.1x
[2026-04-03T02:25:16.497+0600][79.001s][info][gc          ] GC(104) Pause Final Mark (unload classes) 0.599ms
[2026-04-03T02:25:16.497+0600][79.001s][info][gc,start    ] GC(104) Concurrent thread roots
[2026-04-03T02:25:16.497+0600][79.001s][info][gc,task     ] GC(104) Using 3 of 6 workers for Concurrent thread roots
[2026-04-03T02:25:16.499+0600][79.002s][info][gc          ] GC(104) Concurrent thread roots 1.110ms
[2026-04-03T02:25:16.499+0600][79.002s][info][gc,start    ] GC(104) Concurrent weak references
[2026-04-03T02:25:16.499+0600][79.002s][info][gc,task     ] GC(104) Using 3 of 6 workers for concurrent weak references
[2026-04-03T02:25:16.499+0600][79.002s][info][gc,ref      ] GC(104) Encountered references: Soft: 3792, Weak: 16293, Final: 84, Phantom: 620
[2026-04-03T02:25:16.499+0600][79.002s][info][gc,ref      ] GC(104) Discovered  references: Soft: 0, Weak: 9283, Final: 52, Phantom: 596
[2026-04-03T02:25:16.499+0600][79.002s][info][gc,ref      ] GC(104) Enqueued    references: Soft: 0, Weak: 1617, Final: 0, Phantom: 0
[2026-04-03T02:25:16.499+0600][79.002s][info][gc          ] GC(104) Concurrent weak references 0.590ms
[2026-04-03T02:25:16.499+0600][79.002s][info][gc,start    ] GC(104) Concurrent weak roots
[2026-04-03T02:25:16.499+0600][79.002s][info][gc,task     ] GC(104) Using 3 of 6 workers for concurrent weak root
[2026-04-03T02:25:16.505+0600][79.008s][info][gc          ] GC(104) Concurrent weak roots 5.694ms
[2026-04-03T02:25:16.505+0600][79.008s][info][gc,start    ] GC(104) Concurrent cleanup
[2026-04-03T02:25:16.506+0600][79.010s][info][gc          ] GC(104) Concurrent cleanup 775M->230M(829M) 1.269ms
[2026-04-03T02:25:16.506+0600][79.010s][info][gc,ergo     ] GC(104) Free: 714M, Max: 256K regular, 127M humongous, Frag: 83% external, 0% internal; Reserve: 50866K, Max: 256K
[2026-04-03T02:25:16.506+0600][79.010s][info][gc,start    ] GC(104) Concurrent class unloading
[2026-04-03T02:25:16.506+0600][79.010s][info][gc,task     ] GC(104) Using 3 of 6 workers for concurrent class unloading
[2026-04-03T02:25:16.533+0600][79.037s][info][gc          ] GC(104) Concurrent class unloading 26.895ms
[2026-04-03T02:25:16.533+0600][79.037s][info][gc,start    ] GC(104) Concurrent strong roots
[2026-04-03T02:25:16.533+0600][79.037s][info][gc,task     ] GC(104) Using 3 of 6 workers for concurrent strong root
[2026-04-03T02:25:16.535+0600][79.038s][info][gc          ] GC(104) Concurrent strong roots 1.494ms
[2026-04-03T02:25:16.535+0600][79.038s][info][gc,start    ] GC(104) Concurrent evacuation
[2026-04-03T02:25:16.535+0600][79.038s][info][gc,task     ] GC(104) Using 3 of 6 workers for concurrent evacuation
[2026-04-03T02:25:16.539+0600][79.042s][info][gc          ] GC(104) Concurrent evacuation 3.885ms
[2026-04-03T02:25:16.539+0600][79.042s][info][gc,start    ] GC(104) Pause Init Update Refs
[2026-04-03T02:25:16.539+0600][79.043s][info][gc,ergo     ] GC(104) Pacer for Update Refs. Used: 267M, Free: 683M, Non-Taxable: 69997K, Alloc Tax Rate: 1.1x
[2026-04-03T02:25:16.539+0600][79.043s][info][gc          ] GC(104) Pause Init Update Refs 0.117ms
[2026-04-03T02:25:16.539+0600][79.043s][info][gc,start    ] GC(104) Concurrent update references
[2026-04-03T02:25:16.539+0600][79.043s][info][gc,task     ] GC(104) Using 3 of 6 workers for concurrent reference update
[2026-04-03T02:25:16.590+0600][79.093s][info][gc          ] GC(104) Concurrent update references 50.279ms
[2026-04-03T02:25:16.590+0600][79.093s][info][gc,start    ] GC(104) Concurrent update thread roots
[2026-04-03T02:25:16.592+0600][79.095s][info][gc          ] GC(104) Concurrent update thread roots 1.788ms
[2026-04-03T02:25:16.592+0600][79.095s][info][gc,start    ] GC(104) Pause Final Update Refs
[2026-04-03T02:25:16.592+0600][79.095s][info][gc,task     ] GC(104) Using 6 of 6 workers for final reference update
[2026-04-03T02:25:16.592+0600][79.096s][info][gc          ] GC(104) Pause Final Update Refs 0.308ms
[2026-04-03T02:25:16.593+0600][79.096s][info][gc,start    ] GC(104) Concurrent cleanup
[2026-04-03T02:25:16.593+0600][79.096s][info][gc          ] GC(104) Concurrent cleanup 296M->190M(830M) 0.446ms
[2026-04-03T02:25:16.593+0600][79.096s][info][gc,ergo     ] Free: 751M, Max: 256K regular, 258M humongous, Frag: 66% external, 0% internal; Reserve: 51200K, Max: 256K
[2026-04-03T02:25:16.593+0600][79.096s][info][gc,stats    ] 
[2026-04-03T02:25:16.593+0600][79.096s][info][gc,stats    ] All times are wall-clock times, except per-root-class counters, that are sum over
[2026-04-03T02:25:16.593+0600][79.096s][info][gc,stats    ] all workers. Dividing the <total> over the root stage time estimates parallelism.
[2026-04-03T02:25:16.593+0600][79.096s][info][gc,stats    ] 
[2026-04-03T02:25:16.593+0600][79.096s][info][gc,stats    ] Concurrent Reset                   1430 us
[2026-04-03T02:25:16.593+0600][79.096s][info][gc,stats    ] Pause Init Mark (G)                 463 us
[2026-04-03T02:25:16.593+0600][79.096s][info][gc,stats    ] Pause Init Mark (N)                 125 us
[2026-04-03T02:25:16.593+0600][79.096s][info][gc,stats    ]   Update Region States               36 us
[2026-04-03T02:25:16.593+0600][79.097s][info][gc,stats    ] Concurrent Mark Roots              1705 us, parallelism: 1.94x
[2026-04-03T02:25:16.593+0600][79.097s][info][gc,stats    ]   CMR: <total>                     3307 us
[2026-04-03T02:25:16.593+0600][79.097s][info][gc,stats    ]   CMR: Thread Roots                2817 us, workers (us): 701, 1173, 943, ---, ---, ---, 
[2026-04-03T02:25:16.593+0600][79.097s][info][gc,stats    ]   CMR: VM Strong Roots               63 us, workers (us):  42,  21,   0, ---, ---, ---, 
[2026-04-03T02:25:16.593+0600][79.097s][info][gc,stats    ]   CMR: CLDG Roots                   426 us, workers (us): 426, ---, ---, ---, ---, ---, 
[2026-04-03T02:25:16.593+0600][79.097s][info][gc,stats    ] Concurrent Marking                54597 us
[2026-04-03T02:25:16.593+0600][79.097s][info][gc,stats    ] Pause Final Mark (G)                683 us
[2026-04-03T02:25:16.593+0600][79.097s][info][gc,stats    ] Pause Final Mark (N)                609 us
[2026-04-03T02:25:16.593+0600][79.097s][info][gc,stats    ]   Finish Mark                       181 us
[2026-04-03T02:25:16.593+0600][79.097s][info][gc,stats    ]   Update Region States               51 us
[2026-04-03T02:25:16.593+0600][79.097s][info][gc,stats    ]   Choose Collection Set             255 us
[2026-04-03T02:25:16.593+0600][79.097s][info][gc,stats    ]   Rebuild Free Set                   45 us
[2026-04-03T02:25:16.593+0600][79.097s][info][gc,stats    ] Concurrent Thread Roots            1154 us, parallelism: 2.41x
[2026-04-03T02:25:16.593+0600][79.097s][info][gc,stats    ]   CTR: <total>                     2783 us
[2026-04-03T02:25:16.593+0600][79.097s][info][gc,stats    ]   CTR: Thread Roots                2783 us, workers (us): 935, 933, 915, ---, ---, ---, 
[2026-04-03T02:25:16.593+0600][79.097s][info][gc,stats    ] Concurrent Weak References          598 us, parallelism: 1.34x
[2026-04-03T02:25:16.593+0600][79.097s][info][gc,stats    ]   CWRF: <total>                     799 us
[2026-04-03T02:25:16.593+0600][79.097s][info][gc,stats    ]   CWRF: Weak References             799 us, workers (us): 494, 162, 143, ---, ---, ---, 
[2026-04-03T02:25:16.593+0600][79.097s][info][gc,stats    ] Concurrent Weak Roots              5788 us
[2026-04-03T02:25:16.593+0600][79.097s][info][gc,stats    ]   Roots                            4722 us, parallelism: 2.67x
[2026-04-03T02:25:16.593+0600][79.097s][info][gc,stats    ]     CWR: <total>                  12622 us
[2026-04-03T02:25:16.593+0600][79.097s][info][gc,stats    ]     CWR: Code Cache Roots          9868 us, workers (us): 3451, 3177, 3241, ---, ---, ---, 
[2026-04-03T02:25:16.593+0600][79.097s][info][gc,stats    ]     CWR: VM Weak Roots             2642 us, workers (us): 920, 861, 862, ---, ---, ---, 
[2026-04-03T02:25:16.593+0600][79.097s][info][gc,stats    ]     CWR: CLDG Roots                 112 us, workers (us): ---, 112, ---, ---, ---, ---, 
[2026-04-03T02:25:16.593+0600][79.097s][info][gc,stats    ]   Rendezvous                        954 us
[2026-04-03T02:25:16.593+0600][79.097s][info][gc,stats    ] Concurrent Cleanup                 1335 us
[2026-04-03T02:25:16.593+0600][79.097s][info][gc,stats    ] Concurrent Class Unloading        27006 us
[2026-04-03T02:25:16.594+0600][79.097s][info][gc,stats    ]   Unlink Stale                    24757 us
[2026-04-03T02:25:16.594+0600][79.097s][info][gc,stats    ]     System Dictionary               357 us
[2026-04-03T02:25:16.594+0600][79.097s][info][gc,stats    ]     Weak Class Links                  1 us
[2026-04-03T02:25:16.594+0600][79.097s][info][gc,stats    ]     Code Roots                    24395 us
[2026-04-03T02:25:16.594+0600][79.097s][info][gc,stats    ]   Rendezvous                        407 us
[2026-04-03T02:25:16.594+0600][79.097s][info][gc,stats    ]   Purge Unlinked                   1684 us
[2026-04-03T02:25:16.594+0600][79.097s][info][gc,stats    ]     Code Roots                     1664 us
[2026-04-03T02:25:16.594+0600][79.097s][info][gc,stats    ]     CLDG                             19 us
[2026-04-03T02:25:16.594+0600][79.097s][info][gc,stats    ]     Exception Caches                  0 us
[2026-04-03T02:25:16.594+0600][79.097s][info][gc,stats    ] Concurrent Strong Roots            1596 us, parallelism: 0.64x
[2026-04-03T02:25:16.594+0600][79.097s][info][gc,stats    ]   CSR: <total>                     1023 us
[2026-04-03T02:25:16.594+0600][79.097s][info][gc,stats    ]   CSR: VM Strong Roots               50 us, workers (us):  42,   8,   0, ---, ---, ---, 
[2026-04-03T02:25:16.594+0600][79.097s][info][gc,stats    ]   CSR: CLDG Roots                   973 us, workers (us): 973, ---, ---, ---, ---, ---, 
[2026-04-03T02:25:16.594+0600][79.097s][info][gc,stats    ] Concurrent Evacuation              3966 us
[2026-04-03T02:25:16.594+0600][79.097s][info][gc,stats    ] Pause Init Update Refs (G)          441 us
[2026-04-03T02:25:16.594+0600][79.097s][info][gc,stats    ] Pause Init Update Refs (N)          133 us
[2026-04-03T02:25:16.594+0600][79.097s][info][gc,stats    ]   Manage GCLABs                      43 us
[2026-04-03T02:25:16.594+0600][79.097s][info][gc,stats    ] Concurrent Update Refs            50409 us
[2026-04-03T02:25:16.594+0600][79.097s][info][gc,stats    ] Concurrent Update Thread Roots     1870 us
[2026-04-03T02:25:16.594+0600][79.097s][info][gc,stats    ] Pause Final Update Refs (G)         841 us
[2026-04-03T02:25:16.594+0600][79.097s][info][gc,stats    ] Pause Final Update Refs (N)         325 us
[2026-04-03T02:25:16.594+0600][79.097s][info][gc,stats    ]   Update Region States               78 us
[2026-04-03T02:25:16.594+0600][79.097s][info][gc,stats    ]   Trash Collection Set               23 us
[2026-04-03T02:25:16.594+0600][79.097s][info][gc,stats    ]   Rebuild Free Set                   64 us
[2026-04-03T02:25:16.594+0600][79.097s][info][gc,stats    ] Concurrent Cleanup                  473 us
[2026-04-03T02:25:16.594+0600][79.097s][info][gc,stats    ] Pacing                           174650 us
[2026-04-03T02:25:16.594+0600][79.097s][info][gc,stats    ] 
[2026-04-03T02:25:16.594+0600][79.097s][info][gc,stats    ] Allocation pacing accrued:
[2026-04-03T02:25:16.594+0600][79.097s][info][gc,stats    ]       9 of   786 ms (  1.1%): dag-scheduler-event-loop
[2026-04-03T02:25:16.594+0600][79.097s][info][gc,stats    ]      20 of   786 ms (  2.6%): Executor task launch worker for task 3.0 in stage 3412.0 (TID 6338)
[2026-04-03T02:25:16.594+0600][79.097s][info][gc,stats    ]      21 of   786 ms (  2.6%): Executor task launch worker for task 2.0 in stage 3412.0 (TID 6337)
[2026-04-03T02:25:16.594+0600][79.097s][info][gc,stats    ]      21 of   786 ms (  2.6%): Executor task launch worker for task 1.0 in stage 3412.0 (TID 6336)
[2026-04-03T02:25:16.594+0600][79.097s][info][gc,stats    ]      20 of   786 ms (  2.6%): Executor task launch worker for task 0.0 in stage 3412.0 (TID 6335)
[2026-04-03T02:25:16.594+0600][79.097s][info][gc,stats    ]      21 of   786 ms (  2.7%): Executor task launch worker for task 7.0 in stage 3412.0 (TID 6342)
[2026-04-03T02:25:16.594+0600][79.097s][info][gc,stats    ]      20 of   786 ms (  2.6%): Executor task launch worker for task 5.0 in stage 3412.0 (TID 6340)
[2026-04-03T02:25:16.594+0600][79.097s][info][gc,stats    ]      21 of   786 ms (  2.7%): Executor task launch worker for task 6.0 in stage 3412.0 (TID 6341)
[2026-04-03T02:25:16.594+0600][79.097s][info][gc,stats    ]      21 of   786 ms (  2.7%): Executor task launch worker for task 4.0 in stage 3412.0 (TID 6339)
[2026-04-03T02:25:16.594+0600][79.097s][info][gc,stats    ]     175 of   786 ms ( 22.2%): <total>
[2026-04-03T02:25:16.594+0600][79.097s][info][gc,stats    ]       1 of   786 ms (  0.1%): <average total>
[2026-04-03T02:25:16.594+0600][79.097s][info][gc,stats    ]      19 of   786 ms (  2.5%): <average non-zero>
[2026-04-03T02:25:16.594+0600][79.097s][info][gc,stats    ] 
[2026-04-03T02:25:16.594+0600][79.097s][info][gc,metaspace] Metaspace: 131509K(132800K)->131509K(132800K) NonClass: 115029K(115648K)->115029K(115648K) Class: 16479K(17152K)->16479K(17152K)
[2026-04-03T02:25:16.594+0600][79.097s][info][gc,ergo     ] Pacer for Idle. Initial: 20480K, Alloc Tax Rate: 1.0x
[2026-04-03T02:25:17.058+0600][79.562s][info][gc          ] Trigger: Average GC time (161.98 ms) is above the time for average allocation rate (1133 MB/s) to deplete free headroom (182M) (margin of error = 1.85)
[2026-04-03T02:25:17.059+0600][79.562s][info][gc,ergo     ] Free headroom: 232M (free) - 51200K (spike) - 0B (penalties) = 182M
[2026-04-03T02:25:17.059+0600][79.562s][info][gc,ergo     ] Free: 232M, Max: 256K regular, 125M humongous, Frag: 46% external, 0% internal; Reserve: 51200K, Max: 256K
[2026-04-03T02:25:17.059+0600][79.562s][info][gc,start    ] GC(105) Concurrent reset
[2026-04-03T02:25:17.059+0600][79.562s][info][gc,task     ] GC(105) Using 3 of 6 workers for concurrent reset
[2026-04-03T02:25:17.059+0600][79.562s][info][gc,ergo     ] GC(105) Pacer for Reset. Non-Taxable: 1000M
[2026-04-03T02:25:17.061+0600][79.564s][info][gc          ] GC(105) Concurrent reset 2.062ms
[2026-04-03T02:25:17.061+0600][79.564s][info][gc,start    ] GC(105) Pause Init Mark (unload classes)
[2026-04-03T02:25:17.061+0600][79.564s][info][gc,task     ] GC(105) Using 6 of 6 workers for init marking
[2026-04-03T02:25:17.061+0600][79.564s][info][gc,ergo     ] GC(105) Pacer for Mark. Expected Live: 94819K, Free: 231M, Non-Taxable: 23675K, Alloc Tax Rate: 0.5x
[2026-04-03T02:25:17.061+0600][79.564s][info][gc          ] GC(105) Pause Init Mark (unload classes) 0.186ms
[2026-04-03T02:25:17.061+0600][79.565s][info][gc,start    ] GC(105) Concurrent marking roots
[2026-04-03T02:25:17.061+0600][79.565s][info][gc,task     ] GC(105) Using 3 of 6 workers for concurrent marking roots
[2026-04-03T02:25:17.063+0600][79.566s][info][gc          ] GC(105) Concurrent marking roots 1.917ms
[2026-04-03T02:25:17.063+0600][79.567s][info][gc,start    ] GC(105) Concurrent marking (unload classes)
[2026-04-03T02:25:17.063+0600][79.567s][info][gc,task     ] GC(105) Using 3 of 6 workers for concurrent marking
[2026-04-03T02:25:17.134+0600][79.638s][info][gc          ] GC(105) Concurrent marking (unload classes) 71.074ms
[2026-04-03T02:25:17.135+0600][79.638s][info][gc,start    ] GC(105) Pause Final Mark (unload classes)
[2026-04-03T02:25:17.135+0600][79.638s][info][gc,task     ] GC(105) Using 6 of 6 workers for final marking
[2026-04-03T02:25:17.135+0600][79.638s][info][gc,ergo     ] GC(105) Adaptive CSet Selection. Target Free: 141M, Actual Free: 738M, Max CSet: 42666K, Min Garbage: 0B
[2026-04-03T02:25:17.135+0600][79.639s][info][gc,ergo     ] GC(105) Collectable Garbage: 579M (98%), Immediate: 497M (84%), CSet: 84492K (14%)
[2026-04-03T02:25:17.135+0600][79.639s][info][gc,ergo     ] GC(105) Pacer for Evacuation. Used CSet: 89718K, Free: 725M, Non-Taxable: 74242K, Alloc Tax Rate: 1.1x
[2026-04-03T02:25:17.135+0600][79.639s][info][gc          ] GC(105) Pause Final Mark (unload classes) 0.875ms
[2026-04-03T02:25:17.136+0600][79.639s][info][gc,start    ] GC(105) Concurrent thread roots
[2026-04-03T02:25:17.136+0600][79.639s][info][gc,task     ] GC(105) Using 3 of 6 workers for Concurrent thread roots
[2026-04-03T02:25:17.136+0600][79.640s][info][gc          ] GC(105) Concurrent thread roots 0.866ms
[2026-04-03T02:25:17.136+0600][79.640s][info][gc,start    ] GC(105) Concurrent weak references
[2026-04-03T02:25:17.136+0600][79.640s][info][gc,task     ] GC(105) Using 3 of 6 workers for concurrent weak references
[2026-04-03T02:25:17.137+0600][79.641s][info][gc,ref      ] GC(105) Encountered references: Soft: 3791, Weak: 15758, Final: 84, Phantom: 620
[2026-04-03T02:25:17.137+0600][79.641s][info][gc,ref      ] GC(105) Discovered  references: Soft: 0, Weak: 8778, Final: 0, Phantom: 537
[2026-04-03T02:25:17.137+0600][79.641s][info][gc,ref      ] GC(105) Enqueued    references: Soft: 0, Weak: 34, Final: 0, Phantom: 0
[2026-04-03T02:25:17.137+0600][79.641s][info][gc          ] GC(105) Concurrent weak references 0.872ms
[2026-04-03T02:25:17.137+0600][79.641s][info][gc,start    ] GC(105) Concurrent weak roots
[2026-04-03T02:25:17.137+0600][79.641s][info][gc,task     ] GC(105) Using 3 of 6 workers for concurrent weak root
[2026-04-03T02:25:17.142+0600][79.645s][info][gc          ] GC(105) Concurrent weak roots 4.864ms
[2026-04-03T02:25:17.142+0600][79.646s][info][gc,start    ] GC(105) Concurrent cleanup
[2026-04-03T02:25:17.144+0600][79.647s][info][gc          ] GC(105) Concurrent cleanup 723M->227M(830M) 1.494ms
[2026-04-03T02:25:17.144+0600][79.647s][info][gc,ergo     ] GC(105) Free: 718M, Max: 256K regular, 128M humongous, Frag: 83% external, 0% internal; Reserve: 50834K, Max: 256K
[2026-04-03T02:25:17.144+0600][79.647s][info][gc,start    ] GC(105) Concurrent class unloading
[2026-04-03T02:25:17.144+0600][79.647s][info][gc,task     ] GC(105) Using 3 of 6 workers for concurrent class unloading
[2026-04-03T02:25:17.162+0600][79.666s][info][gc          ] GC(105) Concurrent class unloading 18.359ms
[2026-04-03T02:25:17.162+0600][79.666s][info][gc,start    ] GC(105) Concurrent strong roots
[2026-04-03T02:25:17.162+0600][79.666s][info][gc,task     ] GC(105) Using 3 of 6 workers for concurrent strong root
[2026-04-03T02:25:17.164+0600][79.667s][info][gc          ] GC(105) Concurrent strong roots 1.491ms
[2026-04-03T02:25:17.164+0600][79.667s][info][gc,start    ] GC(105) Concurrent evacuation
[2026-04-03T02:25:17.164+0600][79.667s][info][gc,task     ] GC(105) Using 3 of 6 workers for concurrent evacuation
[2026-04-03T02:25:17.166+0600][79.670s][info][gc          ] GC(105) Concurrent evacuation 2.606ms
[2026-04-03T02:25:17.167+0600][79.670s][info][gc,start    ] GC(105) Pause Init Update Refs
[2026-04-03T02:25:17.167+0600][79.670s][info][gc,ergo     ] GC(105) Pacer for Update Refs. Used: 246M, Free: 702M, Non-Taxable: 71917K, Alloc Tax Rate: 1.1x
[2026-04-03T02:25:17.167+0600][79.670s][info][gc          ] GC(105) Pause Init Update Refs 0.146ms
[2026-04-03T02:25:17.167+0600][79.670s][info][gc,start    ] GC(105) Concurrent update references
[2026-04-03T02:25:17.167+0600][79.670s][info][gc,task     ] GC(105) Using 3 of 6 workers for concurrent reference update
[2026-04-03T02:25:17.218+0600][79.722s][info][gc          ] GC(105) Concurrent update references 51.182ms
[2026-04-03T02:25:17.218+0600][79.722s][info][gc,start    ] GC(105) Concurrent update thread roots
[2026-04-03T02:25:17.220+0600][79.723s][info][gc          ] GC(105) Concurrent update thread roots 1.784ms
[2026-04-03T02:25:17.220+0600][79.724s][info][gc,start    ] GC(105) Pause Final Update Refs
[2026-04-03T02:25:17.220+0600][79.724s][info][gc,task     ] GC(105) Using 6 of 6 workers for final reference update
[2026-04-03T02:25:17.221+0600][79.724s][info][gc          ] GC(105) Pause Final Update Refs 0.267ms
[2026-04-03T02:25:17.221+0600][79.724s][info][gc,start    ] GC(105) Concurrent cleanup
[2026-04-03T02:25:17.222+0600][79.725s][info][gc          ] GC(105) Concurrent cleanup 284M->196M(830M) 1.002ms
[2026-04-03T02:25:17.222+0600][79.725s][info][gc,ergo     ] Free: 745M, Max: 256K regular, 258M humongous, Frag: 66% external, 0% internal; Reserve: 51200K, Max: 256K
[2026-04-03T02:25:17.222+0600][79.725s][info][gc,stats    ] 
[2026-04-03T02:25:17.222+0600][79.725s][info][gc,stats    ] All times are wall-clock times, except per-root-class counters, that are sum over
[2026-04-03T02:25:17.222+0600][79.725s][info][gc,stats    ] all workers. Dividing the <total> over the root stage time estimates parallelism.
[2026-04-03T02:25:17.222+0600][79.725s][info][gc,stats    ] 
[2026-04-03T02:25:17.222+0600][79.725s][info][gc,stats    ] Concurrent Reset                   2142 us
[2026-04-03T02:25:17.222+0600][79.725s][info][gc,stats    ] Pause Init Mark (G)                 435 us
[2026-04-03T02:25:17.222+0600][79.725s][info][gc,stats    ] Pause Init Mark (N)                 197 us
[2026-04-03T02:25:17.222+0600][79.725s][info][gc,stats    ]   Update Region States               59 us
[2026-04-03T02:25:17.222+0600][79.725s][info][gc,stats    ] Concurrent Mark Roots              1978 us, parallelism: 2.07x
[2026-04-03T02:25:17.222+0600][79.725s][info][gc,stats    ]   CMR: <total>                     4097 us
[2026-04-03T02:25:17.222+0600][79.725s][info][gc,stats    ]   CMR: Thread Roots                3553 us, workers (us): 868, 1338, 1346, ---, ---, ---, 
[2026-04-03T02:25:17.222+0600][79.725s][info][gc,stats    ]   CMR: VM Strong Roots               73 us, workers (us):  32,  35,   5, ---, ---, ---, 
[2026-04-03T02:25:17.222+0600][79.725s][info][gc,stats    ]   CMR: CLDG Roots                   471 us, workers (us): 471, ---, ---, ---, ---, ---, 
[2026-04-03T02:25:17.222+0600][79.725s][info][gc,stats    ] Concurrent Marking                71151 us
[2026-04-03T02:25:17.222+0600][79.725s][info][gc,stats    ] Pause Final Mark (G)               1171 us
[2026-04-03T02:25:17.222+0600][79.725s][info][gc,stats    ] Pause Final Mark (N)                909 us
[2026-04-03T02:25:17.222+0600][79.725s][info][gc,stats    ]   Finish Mark                       295 us
[2026-04-03T02:25:17.222+0600][79.725s][info][gc,stats    ]   Update Region States               65 us
[2026-04-03T02:25:17.222+0600][79.725s][info][gc,stats    ]   Choose Collection Set             305 us
[2026-04-03T02:25:17.222+0600][79.725s][info][gc,stats    ]   Rebuild Free Set                   61 us
[2026-04-03T02:25:17.222+0600][79.726s][info][gc,stats    ] Concurrent Thread Roots             900 us, parallelism: 2.39x
[2026-04-03T02:25:17.222+0600][79.726s][info][gc,stats    ]   CTR: <total>                     2153 us
[2026-04-03T02:25:17.222+0600][79.726s][info][gc,stats    ]   CTR: Thread Roots                2153 us, workers (us): 763, 733, 657, ---, ---, ---, 
[2026-04-03T02:25:17.222+0600][79.726s][info][gc,stats    ] Concurrent Weak References          886 us, parallelism: 1.05x
[2026-04-03T02:25:17.222+0600][79.726s][info][gc,stats    ]   CWRF: <total>                     932 us
[2026-04-03T02:25:17.222+0600][79.726s][info][gc,stats    ]   CWRF: Weak References             932 us, workers (us): 100, 168, 664, ---, ---, ---, 
[2026-04-03T02:25:17.222+0600][79.726s][info][gc,stats    ] Concurrent Weak Roots              4953 us
[2026-04-03T02:25:17.222+0600][79.726s][info][gc,stats    ]   Roots                            3971 us, parallelism: 2.68x
[2026-04-03T02:25:17.222+0600][79.726s][info][gc,stats    ]     CWR: <total>                  10639 us
[2026-04-03T02:25:17.222+0600][79.726s][info][gc,stats    ]     CWR: Code Cache Roots          8732 us, workers (us): 2923, 2841, 2969, ---, ---, ---, 
[2026-04-03T02:25:17.222+0600][79.726s][info][gc,stats    ]     CWR: VM Weak Roots             1720 us, workers (us): 616, 600, 503, ---, ---, ---, 
[2026-04-03T02:25:17.222+0600][79.726s][info][gc,stats    ]     CWR: CLDG Roots                 187 us, workers (us): ---, 187, ---, ---, ---, ---, 
[2026-04-03T02:25:17.222+0600][79.726s][info][gc,stats    ]   Rendezvous                        860 us
[2026-04-03T02:25:17.222+0600][79.726s][info][gc,stats    ] Concurrent Cleanup                 1529 us
[2026-04-03T02:25:17.222+0600][79.726s][info][gc,stats    ] Concurrent Class Unloading        18445 us
[2026-04-03T02:25:17.222+0600][79.726s][info][gc,stats    ]   Unlink Stale                    17681 us
[2026-04-03T02:25:17.222+0600][79.726s][info][gc,stats    ]     System Dictionary               310 us
[2026-04-03T02:25:17.222+0600][79.726s][info][gc,stats    ]     Weak Class Links                  0 us
[2026-04-03T02:25:17.222+0600][79.726s][info][gc,stats    ]     Code Roots                    17366 us
[2026-04-03T02:25:17.222+0600][79.726s][info][gc,stats    ]   Rendezvous                        485 us
[2026-04-03T02:25:17.222+0600][79.726s][info][gc,stats    ]   Purge Unlinked                    159 us
[2026-04-03T02:25:17.222+0600][79.726s][info][gc,stats    ]     Code Roots                      141 us
[2026-04-03T02:25:17.222+0600][79.726s][info][gc,stats    ]     CLDG                             17 us
[2026-04-03T02:25:17.222+0600][79.726s][info][gc,stats    ]     Exception Caches                  0 us
[2026-04-03T02:25:17.222+0600][79.726s][info][gc,stats    ] Concurrent Strong Roots            1546 us, parallelism: 0.70x
[2026-04-03T02:25:17.222+0600][79.726s][info][gc,stats    ]   CSR: <total>                     1087 us
[2026-04-03T02:25:17.222+0600][79.726s][info][gc,stats    ]   CSR: VM Strong Roots               76 us, workers (us):  68,   8,   0, ---, ---, ---, 
[2026-04-03T02:25:17.222+0600][79.726s][info][gc,stats    ]   CSR: CLDG Roots                  1011 us, workers (us): 1011, ---, ---, ---, ---, ---, 
[2026-04-03T02:25:17.222+0600][79.726s][info][gc,stats    ] Concurrent Evacuation              2693 us
[2026-04-03T02:25:17.222+0600][79.726s][info][gc,stats    ] Pause Init Update Refs (G)          484 us
[2026-04-03T02:25:17.222+0600][79.726s][info][gc,stats    ] Pause Init Update Refs (N)          164 us
[2026-04-03T02:25:17.222+0600][79.726s][info][gc,stats    ]   Manage GCLABs                      46 us
[2026-04-03T02:25:17.222+0600][79.726s][info][gc,stats    ] Concurrent Update Refs            51277 us
[2026-04-03T02:25:17.222+0600][79.726s][info][gc,stats    ] Concurrent Update Thread Roots     1850 us
[2026-04-03T02:25:17.222+0600][79.726s][info][gc,stats    ] Pause Final Update Refs (G)         651 us
[2026-04-03T02:25:17.222+0600][79.726s][info][gc,stats    ] Pause Final Update Refs (N)         306 us
[2026-04-03T02:25:17.222+0600][79.726s][info][gc,stats    ]   Update Region States               90 us
[2026-04-03T02:25:17.222+0600][79.726s][info][gc,stats    ]   Trash Collection Set               25 us
[2026-04-03T02:25:17.223+0600][79.726s][info][gc,stats    ]   Rebuild Free Set                   59 us
[2026-04-03T02:25:17.223+0600][79.726s][info][gc,stats    ] Concurrent Cleanup                 1062 us
[2026-04-03T02:25:17.223+0600][79.726s][info][gc,stats    ] Pacing                           159315 us
[2026-04-03T02:25:17.223+0600][79.726s][info][gc,stats    ] 
[2026-04-03T02:25:17.223+0600][79.726s][info][gc,stats    ] Allocation pacing accrued:
[2026-04-03T02:25:17.223+0600][79.726s][info][gc,stats    ]      10 of   629 ms (  1.6%): Spark Context Cleaner
[2026-04-03T02:25:17.223+0600][79.726s][info][gc,stats    ]      21 of   629 ms (  3.4%): Executor task launch worker for task 5.0 in stage 3427.0 (TID 6460)
[2026-04-03T02:25:17.223+0600][79.726s][info][gc,stats    ]      21 of   629 ms (  3.4%): Executor task launch worker for task 1.0 in stage 3427.0 (TID 6456)
[2026-04-03T02:25:17.223+0600][79.726s][info][gc,stats    ]      21 of   629 ms (  3.4%): Executor task launch worker for task 0.0 in stage 3427.0 (TID 6455)
[2026-04-03T02:25:17.223+0600][79.726s][info][gc,stats    ]      22 of   629 ms (  3.5%): Executor task launch worker for task 2.0 in stage 3427.0 (TID 6457)
[2026-04-03T02:25:17.223+0600][79.726s][info][gc,stats    ]      21 of   629 ms (  3.4%): Executor task launch worker for task 4.0 in stage 3427.0 (TID 6459)
[2026-04-03T02:25:17.223+0600][79.726s][info][gc,stats    ]      11 of   629 ms (  1.8%): Executor task launch worker for task 3.0 in stage 3427.0 (TID 6458)
[2026-04-03T02:25:17.223+0600][79.726s][info][gc,stats    ]      10 of   629 ms (  1.6%): Executor task launch worker for task 6.0 in stage 3427.0 (TID 6461)
[2026-04-03T02:25:17.223+0600][79.726s][info][gc,stats    ]      11 of   629 ms (  1.8%): Executor task launch worker for task 7.0 in stage 3427.0 (TID 6462)
[2026-04-03T02:25:17.223+0600][79.726s][info][gc,stats    ]      10 of   629 ms (  1.6%): task-result-getter-2
[2026-04-03T02:25:17.223+0600][79.726s][info][gc,stats    ]     159 of   629 ms ( 25.3%): <total>
[2026-04-03T02:25:17.223+0600][79.726s][info][gc,stats    ]       1 of   629 ms (  0.1%): <average total>
[2026-04-03T02:25:17.223+0600][79.726s][info][gc,stats    ]      16 of   629 ms (  2.5%): <average non-zero>
[2026-04-03T02:25:17.223+0600][79.726s][info][gc,stats    ] 
[2026-04-03T02:25:17.223+0600][79.726s][info][gc,metaspace] Metaspace: 131512K(132800K)->131536K(132800K) NonClass: 115032K(115648K)->115050K(115648K) Class: 16480K(17152K)->16486K(17152K)
[2026-04-03T02:25:17.223+0600][79.726s][info][gc,ergo     ] Pacer for Idle. Initial: 20480K, Alloc Tax Rate: 1.0x
[2026-04-03T02:25:17.717+0600][80.220s][info][gc          ] Trigger: Average GC time (170.31 ms) is above the time for average allocation rate (1076 MB/s) to deplete free headroom (181M) (margin of error = 1.85)
[2026-04-03T02:25:17.717+0600][80.220s][info][gc,ergo     ] Free headroom: 231M (free) - 51200K (spike) - 0B (penalties) = 181M
[2026-04-03T02:25:17.717+0600][80.220s][info][gc,ergo     ] Free: 231M, Max: 256K regular, 217M humongous, Frag: 6% external, 0% internal; Reserve: 51200K, Max: 256K
[2026-04-03T02:25:17.717+0600][80.220s][info][gc,start    ] GC(106) Concurrent reset
[2026-04-03T02:25:17.717+0600][80.220s][info][gc,task     ] GC(106) Using 3 of 6 workers for concurrent reset
[2026-04-03T02:25:17.717+0600][80.220s][info][gc,ergo     ] GC(106) Pacer for Reset. Non-Taxable: 1000M
[2026-04-03T02:25:17.719+0600][80.222s][info][gc          ] GC(106) Concurrent reset 1.401ms
[2026-04-03T02:25:17.719+0600][80.222s][info][gc,start    ] GC(106) Pause Init Mark (unload classes)
[2026-04-03T02:25:17.719+0600][80.222s][info][gc,task     ] GC(106) Using 6 of 6 workers for init marking
[2026-04-03T02:25:17.719+0600][80.222s][info][gc,ergo     ] GC(106) Pacer for Mark. Expected Live: 94781K, Free: 230M, Non-Taxable: 23572K, Alloc Tax Rate: 0.5x
[2026-04-03T02:25:17.719+0600][80.222s][info][gc          ] GC(106) Pause Init Mark (unload classes) 0.147ms
[2026-04-03T02:25:17.719+0600][80.222s][info][gc,start    ] GC(106) Concurrent marking roots
[2026-04-03T02:25:17.719+0600][80.223s][info][gc,task     ] GC(106) Using 3 of 6 workers for concurrent marking roots
[2026-04-03T02:25:17.721+0600][80.224s][info][gc          ] GC(106) Concurrent marking roots 1.574ms
[2026-04-03T02:25:17.721+0600][80.224s][info][gc,start    ] GC(106) Concurrent marking (unload classes)
[2026-04-03T02:25:17.721+0600][80.224s][info][gc,task     ] GC(106) Using 3 of 6 workers for concurrent marking
[2026-04-03T02:25:17.783+0600][80.286s][info][gc          ] GC(106) Concurrent marking (unload classes) 61.891ms
[2026-04-03T02:25:17.783+0600][80.286s][info][gc,start    ] GC(106) Pause Final Mark (unload classes)
[2026-04-03T02:25:17.783+0600][80.286s][info][gc,task     ] GC(106) Using 6 of 6 workers for final marking
[2026-04-03T02:25:17.784+0600][80.287s][info][gc,ergo     ] GC(106) Adaptive CSet Selection. Target Free: 141M, Actual Free: 695M, Max CSet: 42666K, Min Garbage: 0B
[2026-04-03T02:25:17.784+0600][80.287s][info][gc,ergo     ] GC(106) Collectable Garbage: 587M (98%), Immediate: 448M (75%), CSet: 139M (23%)
[2026-04-03T02:25:17.784+0600][80.287s][info][gc,ergo     ] GC(106) Pacer for Evacuation. Used CSet: 145M, Free: 674M, Non-Taxable: 69044K, Alloc Tax Rate: 1.1x
[2026-04-03T02:25:17.784+0600][80.287s][info][gc          ] GC(106) Pause Final Mark (unload classes) 0.973ms
[2026-04-03T02:25:17.784+0600][80.287s][info][gc,start    ] GC(106) Concurrent thread roots
[2026-04-03T02:25:17.784+0600][80.287s][info][gc,task     ] GC(106) Using 3 of 6 workers for Concurrent thread roots
[2026-04-03T02:25:17.785+0600][80.288s][info][gc          ] GC(106) Concurrent thread roots 1.004ms
[2026-04-03T02:25:17.785+0600][80.288s][info][gc,start    ] GC(106) Concurrent weak references
[2026-04-03T02:25:17.785+0600][80.288s][info][gc,task     ] GC(106) Using 3 of 6 workers for concurrent weak references
[2026-04-03T02:25:17.786+0600][80.289s][info][gc,ref      ] GC(106) Encountered references: Soft: 3788, Weak: 16672, Final: 84, Phantom: 620
[2026-04-03T02:25:17.786+0600][80.289s][info][gc,ref      ] GC(106) Discovered  references: Soft: 0, Weak: 7452, Final: 0, Phantom: 579
[2026-04-03T02:25:17.786+0600][80.289s][info][gc,ref      ] GC(106) Enqueued    references: Soft: 0, Weak: 1724, Final: 0, Phantom: 0
[2026-04-03T02:25:17.786+0600][80.289s][info][gc          ] GC(106) Concurrent weak references 0.704ms
[2026-04-03T02:25:17.786+0600][80.289s][info][gc,start    ] GC(106) Concurrent weak roots
[2026-04-03T02:25:17.786+0600][80.289s][info][gc,task     ] GC(106) Using 3 of 6 workers for concurrent weak root
[2026-04-03T02:25:17.791+0600][80.294s][info][gc          ] GC(106) Concurrent weak roots 4.670ms
[2026-04-03T02:25:17.791+0600][80.294s][info][gc,start    ] GC(106) Concurrent cleanup
[2026-04-03T02:25:17.792+0600][80.295s][info][gc          ] GC(106) Concurrent cleanup 719M->271M(830M) 1.051ms
[2026-04-03T02:25:17.792+0600][80.295s][info][gc,ergo     ] GC(106) Free: 673M, Max: 256K regular, 198M humongous, Frag: 71% external, 0% internal; Reserve: 50872K, Max: 256K
[2026-04-03T02:25:17.792+0600][80.295s][info][gc,start    ] GC(106) Concurrent class unloading
[2026-04-03T02:25:17.792+0600][80.295s][info][gc,task     ] GC(106) Using 3 of 6 workers for concurrent class unloading
[2026-04-03T02:25:17.811+0600][80.314s][info][gc          ] GC(106) Concurrent class unloading 19.092ms
[2026-04-03T02:25:17.811+0600][80.314s][info][gc,start    ] GC(106) Concurrent strong roots
[2026-04-03T02:25:17.811+0600][80.314s][info][gc,task     ] GC(106) Using 3 of 6 workers for concurrent strong root
[2026-04-03T02:25:17.813+0600][80.316s][info][gc          ] GC(106) Concurrent strong roots 1.503ms
[2026-04-03T02:25:17.813+0600][80.316s][info][gc,start    ] GC(106) Concurrent evacuation
[2026-04-03T02:25:17.813+0600][80.316s][info][gc,task     ] GC(106) Using 3 of 6 workers for concurrent evacuation
[2026-04-03T02:25:17.817+0600][80.320s][info][gc          ] GC(106) Concurrent evacuation 4.425ms
[2026-04-03T02:25:17.817+0600][80.321s][info][gc,start    ] GC(106) Pause Init Update Refs
[2026-04-03T02:25:17.817+0600][80.321s][info][gc,ergo     ] GC(106) Pacer for Update Refs. Used: 284M, Free: 667M, Non-Taxable: 68337K, Alloc Tax Rate: 1.1x
[2026-04-03T02:25:17.818+0600][80.321s][info][gc          ] GC(106) Pause Init Update Refs 0.151ms
[2026-04-03T02:25:17.818+0600][80.321s][info][gc,start    ] GC(106) Concurrent update references
[2026-04-03T02:25:17.818+0600][80.321s][info][gc,task     ] GC(106) Using 3 of 6 workers for concurrent reference update
[2026-04-03T02:25:17.859+0600][80.362s][info][gc          ] GC(106) Concurrent update references 41.554ms
[2026-04-03T02:25:17.859+0600][80.363s][info][gc,start    ] GC(106) Concurrent update thread roots
[2026-04-03T02:25:17.861+0600][80.364s][info][gc          ] GC(106) Concurrent update thread roots 1.435ms
[2026-04-03T02:25:17.861+0600][80.364s][info][gc,start    ] GC(106) Pause Final Update Refs
[2026-04-03T02:25:17.861+0600][80.364s][info][gc,task     ] GC(106) Using 6 of 6 workers for final reference update
[2026-04-03T02:25:17.861+0600][80.364s][info][gc          ] GC(106) Pause Final Update Refs 0.257ms
[2026-04-03T02:25:17.861+0600][80.365s][info][gc,start    ] GC(106) Concurrent cleanup
[2026-04-03T02:25:17.862+0600][80.365s][info][gc          ] GC(106) Concurrent cleanup 300M->155M(831M) 0.834ms
[2026-04-03T02:25:17.862+0600][80.366s][info][gc,ergo     ] Free: 787M, Max: 256K regular, 258M humongous, Frag: 68% external, 0% internal; Reserve: 51200K, Max: 256K
[2026-04-03T02:25:17.862+0600][80.366s][info][gc,stats    ] 
[2026-04-03T02:25:17.862+0600][80.366s][info][gc,stats    ] All times are wall-clock times, except per-root-class counters, that are sum over
[2026-04-03T02:25:17.862+0600][80.366s][info][gc,stats    ] all workers. Dividing the <total> over the root stage time estimates parallelism.
[2026-04-03T02:25:17.862+0600][80.366s][info][gc,stats    ] 
[2026-04-03T02:25:17.862+0600][80.366s][info][gc,stats    ] Concurrent Reset                   1431 us
[2026-04-03T02:25:17.862+0600][80.366s][info][gc,stats    ] Pause Init Mark (G)                 594 us
[2026-04-03T02:25:17.862+0600][80.366s][info][gc,stats    ] Pause Init Mark (N)                 157 us
[2026-04-03T02:25:17.862+0600][80.366s][info][gc,stats    ]   Update Region States               40 us
[2026-04-03T02:25:17.862+0600][80.366s][info][gc,stats    ] Concurrent Mark Roots              1672 us, parallelism: 1.64x
[2026-04-03T02:25:17.862+0600][80.366s][info][gc,stats    ]   CMR: <total>                     2735 us
[2026-04-03T02:25:17.862+0600][80.366s][info][gc,stats    ]   CMR: Thread Roots                2374 us, workers (us): 907, 593, 873, ---, ---, ---, 
[2026-04-03T02:25:17.862+0600][80.366s][info][gc,stats    ]   CMR: VM Strong Roots               68 us, workers (us):  46,  22,   1, ---, ---, ---, 
[2026-04-03T02:25:17.862+0600][80.366s][info][gc,stats    ]   CMR: CLDG Roots                   293 us, workers (us): ---, 293, ---, ---, ---, ---, 
[2026-04-03T02:25:17.862+0600][80.366s][info][gc,stats    ] Concurrent Marking                61968 us
[2026-04-03T02:25:17.862+0600][80.366s][info][gc,stats    ] Pause Final Mark (G)               1252 us
[2026-04-03T02:25:17.862+0600][80.366s][info][gc,stats    ] Pause Final Mark (N)                990 us
[2026-04-03T02:25:17.862+0600][80.366s][info][gc,stats    ]   Finish Mark                       281 us
[2026-04-03T02:25:17.862+0600][80.366s][info][gc,stats    ]   Update Region States               90 us
[2026-04-03T02:25:17.862+0600][80.366s][info][gc,stats    ]   Choose Collection Set             403 us
[2026-04-03T02:25:17.862+0600][80.366s][info][gc,stats    ]   Rebuild Free Set                   56 us
[2026-04-03T02:25:17.862+0600][80.366s][info][gc,stats    ] Concurrent Thread Roots            1036 us, parallelism: 2.22x
[2026-04-03T02:25:17.862+0600][80.366s][info][gc,stats    ]   CTR: <total>                     2302 us
[2026-04-03T02:25:17.862+0600][80.366s][info][gc,stats    ]   CTR: Thread Roots                2302 us, workers (us): 773, 781, 749, ---, ---, ---, 
[2026-04-03T02:25:17.862+0600][80.366s][info][gc,stats    ] Concurrent Weak References          716 us, parallelism: 1.32x
[2026-04-03T02:25:17.862+0600][80.366s][info][gc,stats    ]   CWRF: <total>                     943 us
[2026-04-03T02:25:17.862+0600][80.366s][info][gc,stats    ]   CWRF: Weak References             943 us, workers (us): 387, 228, 328, ---, ---, ---, 
[2026-04-03T02:25:17.862+0600][80.366s][info][gc,stats    ] Concurrent Weak Roots              4752 us
[2026-04-03T02:25:17.862+0600][80.366s][info][gc,stats    ]   Roots                            4128 us, parallelism: 2.52x
[2026-04-03T02:25:17.862+0600][80.366s][info][gc,stats    ]     CWR: <total>                  10412 us
[2026-04-03T02:25:17.863+0600][80.366s][info][gc,stats    ]     CWR: Code Cache Roots          8077 us, workers (us): 2481, 2914, 2681, ---, ---, ---, 
[2026-04-03T02:25:17.863+0600][80.366s][info][gc,stats    ]     CWR: VM Weak Roots             2201 us, workers (us): 787, 753, 661, ---, ---, ---, 
[2026-04-03T02:25:17.863+0600][80.366s][info][gc,stats    ]     CWR: CLDG Roots                 134 us, workers (us): 134, ---, ---, ---, ---, ---, 
[2026-04-03T02:25:17.863+0600][80.366s][info][gc,stats    ]   Rendezvous                        516 us
[2026-04-03T02:25:17.863+0600][80.366s][info][gc,stats    ] Concurrent Cleanup                 1075 us
[2026-04-03T02:25:17.863+0600][80.366s][info][gc,stats    ] Concurrent Class Unloading        19238 us
[2026-04-03T02:25:17.863+0600][80.366s][info][gc,stats    ]   Unlink Stale                    17567 us
[2026-04-03T02:25:17.863+0600][80.366s][info][gc,stats    ]     System Dictionary               313 us
[2026-04-03T02:25:17.863+0600][80.366s][info][gc,stats    ]     Weak Class Links                  0 us
[2026-04-03T02:25:17.863+0600][80.366s][info][gc,stats    ]     Code Roots                    17249 us
[2026-04-03T02:25:17.863+0600][80.366s][info][gc,stats    ]   Rendezvous                        434 us
[2026-04-03T02:25:17.863+0600][80.366s][info][gc,stats    ]   Purge Unlinked                   1059 us
[2026-04-03T02:25:17.863+0600][80.366s][info][gc,stats    ]     Code Roots                     1046 us
[2026-04-03T02:25:17.863+0600][80.366s][info][gc,stats    ]     CLDG                             12 us
[2026-04-03T02:25:17.863+0600][80.366s][info][gc,stats    ]     Exception Caches                  0 us
[2026-04-03T02:25:17.863+0600][80.366s][info][gc,stats    ] Concurrent Strong Roots            1590 us, parallelism: 0.64x
[2026-04-03T02:25:17.863+0600][80.366s][info][gc,stats    ]   CSR: <total>                     1013 us
[2026-04-03T02:25:17.863+0600][80.366s][info][gc,stats    ]   CSR: VM Strong Roots               60 us, workers (us):  25,  17,  18, ---, ---, ---, 
[2026-04-03T02:25:17.863+0600][80.366s][info][gc,stats    ]   CSR: CLDG Roots                   952 us, workers (us): ---, ---, 952, ---, ---, ---, 
[2026-04-03T02:25:17.863+0600][80.366s][info][gc,stats    ] Concurrent Evacuation              4528 us
[2026-04-03T02:25:17.863+0600][80.366s][info][gc,stats    ] Pause Init Update Refs (G)          455 us
[2026-04-03T02:25:17.863+0600][80.366s][info][gc,stats    ] Pause Init Update Refs (N)          169 us
[2026-04-03T02:25:17.863+0600][80.366s][info][gc,stats    ]   Manage GCLABs                      47 us
[2026-04-03T02:25:17.863+0600][80.366s][info][gc,stats    ] Concurrent Update Refs            41675 us
[2026-04-03T02:25:17.863+0600][80.366s][info][gc,stats    ] Concurrent Update Thread Roots     1538 us
[2026-04-03T02:25:17.863+0600][80.366s][info][gc,stats    ] Pause Final Update Refs (G)         485 us
[2026-04-03T02:25:17.863+0600][80.366s][info][gc,stats    ] Pause Final Update Refs (N)         300 us
[2026-04-03T02:25:17.863+0600][80.366s][info][gc,stats    ]   Update Region States               87 us
[2026-04-03T02:25:17.863+0600][80.366s][info][gc,stats    ]   Trash Collection Set               26 us
[2026-04-03T02:25:17.863+0600][80.366s][info][gc,stats    ]   Rebuild Free Set                   59 us
[2026-04-03T02:25:17.863+0600][80.366s][info][gc,stats    ] Concurrent Cleanup                  869 us
[2026-04-03T02:25:17.863+0600][80.366s][info][gc,stats    ] 
[2026-04-03T02:25:17.863+0600][80.366s][info][gc,stats    ] Allocation pacing accrued:
[2026-04-03T02:25:17.863+0600][80.366s][info][gc,stats    ]       0 of   640 ms (  0.0%): <total>
[2026-04-03T02:25:17.863+0600][80.366s][info][gc,stats    ]       0 of   640 ms (  0.0%): <average total>
[2026-04-03T02:25:17.863+0600][80.366s][info][gc,stats    ] 
[2026-04-03T02:25:17.863+0600][80.366s][info][gc,metaspace] Metaspace: 131578K(132864K)->131578K(132864K) NonClass: 115090K(115712K)->115090K(115712K) Class: 16488K(17152K)->16488K(17152K)
[2026-04-03T02:25:17.863+0600][80.366s][info][gc,ergo     ] Pacer for Idle. Initial: 20480K, Alloc Tax Rate: 1.0x
[2026-04-03T02:25:17.964+0600][80.468s][info][gc          ] Trigger: Average GC time (165.90 ms) is above the time for average allocation rate (2261 MB/s) to deplete free headroom (359M) (margin of error = 1.84)
[2026-04-03T02:25:17.965+0600][80.468s][info][gc,ergo     ] Free headroom: 409M (free) - 51200K (spike) - 0B (penalties) = 359M
[2026-04-03T02:25:17.965+0600][80.468s][info][gc,ergo     ] Free: 409M, Max: 256K regular, 196M humongous, Frag: 52% external, 0% internal; Reserve: 51200K, Max: 256K
[2026-04-03T02:25:17.965+0600][80.468s][info][gc,start    ] GC(107) Concurrent reset
[2026-04-03T02:25:17.965+0600][80.468s][info][gc,task     ] GC(107) Using 3 of 6 workers for concurrent reset
[2026-04-03T02:25:17.965+0600][80.468s][info][gc,ergo     ] GC(107) Pacer for Reset. Non-Taxable: 1000M
[2026-04-03T02:25:17.966+0600][80.469s][info][gc          ] GC(107) Concurrent reset 0.980ms
[2026-04-03T02:25:17.966+0600][80.469s][info][gc,start    ] GC(107) Pause Init Mark (unload classes)
[2026-04-03T02:25:17.966+0600][80.469s][info][gc,task     ] GC(107) Using 6 of 6 workers for init marking
[2026-04-03T02:25:17.966+0600][80.469s][info][gc,ergo     ] GC(107) Pacer for Mark. Expected Live: 95285K, Free: 409M, Non-Taxable: 41931K, Alloc Tax Rate: 0.3x
[2026-04-03T02:25:17.966+0600][80.469s][info][gc          ] GC(107) Pause Init Mark (unload classes) 0.152ms
[2026-04-03T02:25:17.966+0600][80.469s][info][gc,start    ] GC(107) Concurrent marking roots
[2026-04-03T02:25:17.966+0600][80.469s][info][gc,task     ] GC(107) Using 3 of 6 workers for concurrent marking roots
[2026-04-03T02:25:17.967+0600][80.470s][info][gc          ] GC(107) Concurrent marking roots 1.133ms
[2026-04-03T02:25:17.967+0600][80.471s][info][gc,start    ] GC(107) Concurrent marking (unload classes)
[2026-04-03T02:25:17.967+0600][80.471s][info][gc,task     ] GC(107) Using 3 of 6 workers for concurrent marking
[2026-04-03T02:25:18.023+0600][80.526s][info][gc          ] GC(107) Concurrent marking (unload classes) 55.868ms
[2026-04-03T02:25:18.024+0600][80.528s][info][gc,start    ] GC(107) Pause Final Mark (unload classes)
[2026-04-03T02:25:18.024+0600][80.528s][info][gc,task     ] GC(107) Using 6 of 6 workers for final marking
[2026-04-03T02:25:18.025+0600][80.528s][info][gc,ergo     ] GC(107) Adaptive CSet Selection. Target Free: 141M, Actual Free: 737M, Max CSet: 42666K, Min Garbage: 0B
[2026-04-03T02:25:18.025+0600][80.528s][info][gc,ergo     ] GC(107) Collectable Garbage: 410M (98%), Immediate: 373M (89%), CSet: 38523K (8%)
[2026-04-03T02:25:18.025+0600][80.529s][info][gc,ergo     ] GC(107) Pacer for Evacuation. Used CSet: 41756K, Free: 716M, Non-Taxable: 73347K, Alloc Tax Rate: 1.1x
[2026-04-03T02:25:18.025+0600][80.529s][info][gc          ] GC(107) Pause Final Mark (unload classes) 0.887ms
[2026-04-03T02:25:18.025+0600][80.529s][info][gc,start    ] GC(107) Concurrent thread roots
[2026-04-03T02:25:18.026+0600][80.529s][info][gc,task     ] GC(107) Using 3 of 6 workers for Concurrent thread roots
[2026-04-03T02:25:18.027+0600][80.530s][info][gc          ] GC(107) Concurrent thread roots 1.471ms
[2026-04-03T02:25:18.027+0600][80.530s][info][gc,start    ] GC(107) Concurrent weak references
[2026-04-03T02:25:18.027+0600][80.530s][info][gc,task     ] GC(107) Using 3 of 6 workers for concurrent weak references
[2026-04-03T02:25:18.029+0600][80.532s][info][gc,ref      ] GC(107) Encountered references: Soft: 3784, Weak: 15422, Final: 84, Phantom: 620
[2026-04-03T02:25:18.029+0600][80.532s][info][gc,ref      ] GC(107) Discovered  references: Soft: 0, Weak: 9307, Final: 84, Phantom: 616
[2026-04-03T02:25:18.029+0600][80.532s][info][gc,ref      ] GC(107) Enqueued    references: Soft: 0, Weak: 791, Final: 0, Phantom: 0
[2026-04-03T02:25:18.029+0600][80.532s][info][gc          ] GC(107) Concurrent weak references 1.846ms
[2026-04-03T02:25:18.029+0600][80.532s][info][gc,start    ] GC(107) Concurrent weak roots
[2026-04-03T02:25:18.029+0600][80.532s][info][gc,task     ] GC(107) Using 3 of 6 workers for concurrent weak root
[2026-04-03T02:25:18.034+0600][80.537s][info][gc          ] GC(107) Concurrent weak roots 5.141ms
[2026-04-03T02:25:18.034+0600][80.537s][info][gc,start    ] GC(107) Concurrent cleanup
[2026-04-03T02:25:18.035+0600][80.538s][info][gc          ] GC(107) Concurrent cleanup 664M->291M(831M) 0.963ms
[2026-04-03T02:25:18.035+0600][80.538s][info][gc,ergo     ] GC(107) Free: 647M, Max: 256K regular, 201M humongous, Frag: 69% external, 0% internal; Reserve: 50663K, Max: 256K
[2026-04-03T02:25:18.035+0600][80.538s][info][gc,start    ] GC(107) Concurrent class unloading
[2026-04-03T02:25:18.035+0600][80.538s][info][gc,task     ] GC(107) Using 3 of 6 workers for concurrent class unloading
[2026-04-03T02:25:18.050+0600][80.553s][info][gc          ] GC(107) Concurrent class unloading 15.023ms
[2026-04-03T02:25:18.050+0600][80.554s][info][gc,start    ] GC(107) Concurrent strong roots
[2026-04-03T02:25:18.050+0600][80.554s][info][gc,task     ] GC(107) Using 3 of 6 workers for concurrent strong root
[2026-04-03T02:25:18.052+0600][80.555s][info][gc          ] GC(107) Concurrent strong roots 1.599ms
[2026-04-03T02:25:18.052+0600][80.555s][info][gc,start    ] GC(107) Concurrent evacuation
[2026-04-03T02:25:18.052+0600][80.555s][info][gc,task     ] GC(107) Using 3 of 6 workers for concurrent evacuation
[2026-04-03T02:25:18.053+0600][80.557s][info][gc          ] GC(107) Concurrent evacuation 1.474ms
[2026-04-03T02:25:18.054+0600][80.557s][info][gc,start    ] GC(107) Pause Init Update Refs
[2026-04-03T02:25:18.054+0600][80.557s][info][gc,ergo     ] GC(107) Pacer for Update Refs. Used: 311M, Free: 629M, Non-Taxable: 64492K, Alloc Tax Rate: 1.1x
[2026-04-03T02:25:18.054+0600][80.557s][info][gc          ] GC(107) Pause Init Update Refs 0.123ms
[2026-04-03T02:25:18.054+0600][80.558s][info][gc,start    ] GC(107) Concurrent update references
[2026-04-03T02:25:18.054+0600][80.558s][info][gc,task     ] GC(107) Using 3 of 6 workers for concurrent reference update
[2026-04-03T02:25:18.102+0600][80.605s][info][gc          ] GC(107) Concurrent update references 47.938ms
[2026-04-03T02:25:18.102+0600][80.606s][info][gc,start    ] GC(107) Concurrent update thread roots
[2026-04-03T02:25:18.104+0600][80.608s][info][gc          ] GC(107) Concurrent update thread roots 1.942ms
[2026-04-03T02:25:18.108+0600][80.611s][info][gc,start    ] GC(107) Pause Final Update Refs
[2026-04-03T02:25:18.108+0600][80.611s][info][gc,task     ] GC(107) Using 6 of 6 workers for final reference update
[2026-04-03T02:25:18.108+0600][80.611s][info][gc          ] GC(107) Pause Final Update Refs 0.266ms
[2026-04-03T02:25:18.108+0600][80.612s][info][gc,start    ] GC(107) Concurrent cleanup
[2026-04-03T02:25:18.109+0600][80.612s][info][gc          ] GC(107) Concurrent cleanup 444M->404M(831M) 0.424ms
[2026-04-03T02:25:18.109+0600][80.612s][info][gc,ergo     ] Free: 525M, Max: 256K regular, 280M humongous, Frag: 47% external, 0% internal; Reserve: 51200K, Max: 256K
[2026-04-03T02:25:18.109+0600][80.612s][info][gc,stats    ] 
[2026-04-03T02:25:18.109+0600][80.612s][info][gc,stats    ] All times are wall-clock times, except per-root-class counters, that are sum over
[2026-04-03T02:25:18.109+0600][80.612s][info][gc,stats    ] all workers. Dividing the <total> over the root stage time estimates parallelism.
[2026-04-03T02:25:18.109+0600][80.612s][info][gc,stats    ] 
[2026-04-03T02:25:18.109+0600][80.612s][info][gc,stats    ] Concurrent Reset                   1025 us
[2026-04-03T02:25:18.109+0600][80.612s][info][gc,stats    ] Pause Init Mark (G)                 439 us
[2026-04-03T02:25:18.109+0600][80.612s][info][gc,stats    ] Pause Init Mark (N)                 163 us
[2026-04-03T02:25:18.109+0600][80.612s][info][gc,stats    ]   Update Region States               35 us
[2026-04-03T02:25:18.109+0600][80.612s][info][gc,stats    ] Concurrent Mark Roots              1157 us, parallelism: 1.92x
[2026-04-03T02:25:18.109+0600][80.612s][info][gc,stats    ]   CMR: <total>                     2224 us
[2026-04-03T02:25:18.109+0600][80.612s][info][gc,stats    ]   CMR: Thread Roots                1828 us, workers (us): 732, 379, 716, ---, ---, ---, 
[2026-04-03T02:25:18.109+0600][80.612s][info][gc,stats    ]   CMR: VM Strong Roots               43 us, workers (us):  25,  18,   1, ---, ---, ---, 
[2026-04-03T02:25:18.109+0600][80.612s][info][gc,stats    ]   CMR: CLDG Roots                   354 us, workers (us): ---, 354, ---, ---, ---, ---, 
[2026-04-03T02:25:18.109+0600][80.612s][info][gc,stats    ] Concurrent Marking                55946 us
[2026-04-03T02:25:18.109+0600][80.612s][info][gc,stats    ] Pause Final Mark (G)               2245 us
[2026-04-03T02:25:18.109+0600][80.612s][info][gc,stats    ] Pause Final Mark (N)                906 us
[2026-04-03T02:25:18.109+0600][80.612s][info][gc,stats    ]   Finish Mark                       331 us
[2026-04-03T02:25:18.109+0600][80.612s][info][gc,stats    ]   Update Region States              112 us
[2026-04-03T02:25:18.109+0600][80.612s][info][gc,stats    ]   Choose Collection Set             228 us
[2026-04-03T02:25:18.109+0600][80.613s][info][gc,stats    ]   Rebuild Free Set                   43 us
[2026-04-03T02:25:18.109+0600][80.613s][info][gc,stats    ] Concurrent Thread Roots            1528 us, parallelism: 2.49x
[2026-04-03T02:25:18.109+0600][80.613s][info][gc,stats    ]   CTR: <total>                     3811 us
[2026-04-03T02:25:18.109+0600][80.613s][info][gc,stats    ]   CTR: Thread Roots                3811 us, workers (us): 1305, 1262, 1244, ---, ---, ---, 
[2026-04-03T02:25:18.109+0600][80.613s][info][gc,stats    ] Concurrent Weak References         1862 us, parallelism: 1.03x
[2026-04-03T02:25:18.109+0600][80.613s][info][gc,stats    ]   CWRF: <total>                    1919 us
[2026-04-03T02:25:18.109+0600][80.613s][info][gc,stats    ]   CWRF: Weak References            1919 us, workers (us): 260, 1611,  48, ---, ---, ---, 
[2026-04-03T02:25:18.109+0600][80.613s][info][gc,stats    ] Concurrent Weak Roots              5225 us
[2026-04-03T02:25:18.109+0600][80.613s][info][gc,stats    ]   Roots                            4696 us, parallelism: 2.66x
[2026-04-03T02:25:18.109+0600][80.613s][info][gc,stats    ]     CWR: <total>                  12505 us
[2026-04-03T02:25:18.109+0600][80.613s][info][gc,stats    ]     CWR: Code Cache Roots          8722 us, workers (us): 3067, 3121, 2534, ---, ---, ---, 
[2026-04-03T02:25:18.109+0600][80.613s][info][gc,stats    ]     CWR: VM Weak Roots             3295 us, workers (us): 1118, 1104, 1072, ---, ---, ---, 
[2026-04-03T02:25:18.109+0600][80.613s][info][gc,stats    ]     CWR: CLDG Roots                 488 us, workers (us): ---, ---, 488, ---, ---, ---, 
[2026-04-03T02:25:18.109+0600][80.613s][info][gc,stats    ]   Rendezvous                        408 us
[2026-04-03T02:25:18.109+0600][80.613s][info][gc,stats    ] Concurrent Cleanup                  997 us
[2026-04-03T02:25:18.109+0600][80.613s][info][gc,stats    ] Concurrent Class Unloading        15125 us
[2026-04-03T02:25:18.109+0600][80.613s][info][gc,stats    ]   Unlink Stale                    13907 us
[2026-04-03T02:25:18.109+0600][80.613s][info][gc,stats    ]     System Dictionary               281 us
[2026-04-03T02:25:18.109+0600][80.613s][info][gc,stats    ]     Weak Class Links                  1 us
[2026-04-03T02:25:18.109+0600][80.613s][info][gc,stats    ]     Code Roots                    13622 us
[2026-04-03T02:25:18.109+0600][80.613s][info][gc,stats    ]   Rendezvous                        488 us
[2026-04-03T02:25:18.109+0600][80.613s][info][gc,stats    ]   Purge Unlinked                    591 us
[2026-04-03T02:25:18.109+0600][80.613s][info][gc,stats    ]     Code Roots                      579 us
[2026-04-03T02:25:18.109+0600][80.613s][info][gc,stats    ]     CLDG                             11 us
[2026-04-03T02:25:18.110+0600][80.613s][info][gc,stats    ]     Exception Caches                  1 us
[2026-04-03T02:25:18.110+0600][80.613s][info][gc,stats    ] Concurrent Strong Roots            1650 us, parallelism: 0.69x
[2026-04-03T02:25:18.110+0600][80.613s][info][gc,stats    ]   CSR: <total>                     1143 us
[2026-04-03T02:25:18.110+0600][80.613s][info][gc,stats    ]   CSR: VM Strong Roots               66 us, workers (us):  65,   1,   0, ---, ---, ---, 
[2026-04-03T02:25:18.110+0600][80.613s][info][gc,stats    ]   CSR: CLDG Roots                  1077 us, workers (us): 1077, ---, ---, ---, ---, ---, 
[2026-04-03T02:25:18.110+0600][80.613s][info][gc,stats    ] Concurrent Evacuation              1559 us
[2026-04-03T02:25:18.110+0600][80.613s][info][gc,stats    ] Pause Init Update Refs (G)          756 us
[2026-04-03T02:25:18.110+0600][80.613s][info][gc,stats    ] Pause Init Update Refs (N)          138 us
[2026-04-03T02:25:18.110+0600][80.613s][info][gc,stats    ]   Manage GCLABs                      36 us
[2026-04-03T02:25:18.110+0600][80.613s][info][gc,stats    ] Concurrent Update Refs            48068 us
[2026-04-03T02:25:18.110+0600][80.613s][info][gc,stats    ] Concurrent Update Thread Roots     5470 us
[2026-04-03T02:25:18.110+0600][80.613s][info][gc,stats    ] Pause Final Update Refs (G)         525 us
[2026-04-03T02:25:18.110+0600][80.613s][info][gc,stats    ] Pause Final Update Refs (N)         285 us
[2026-04-03T02:25:18.110+0600][80.613s][info][gc,stats    ]   Update Region States               76 us
[2026-04-03T02:25:18.110+0600][80.613s][info][gc,stats    ]   Trash Collection Set               15 us
[2026-04-03T02:25:18.110+0600][80.613s][info][gc,stats    ]   Rebuild Free Set                   53 us
[2026-04-03T02:25:18.110+0600][80.613s][info][gc,stats    ] Concurrent Cleanup                  482 us
[2026-04-03T02:25:18.110+0600][80.613s][info][gc,stats    ] Pacing                           275305 us
[2026-04-03T02:25:18.110+0600][80.613s][info][gc,stats    ] 
[2026-04-03T02:25:18.110+0600][80.613s][info][gc,stats    ] Allocation pacing accrued:
[2026-04-03T02:25:18.110+0600][80.613s][info][gc,stats    ]      11 of   247 ms (  4.5%): Spark Context Cleaner
[2026-04-03T02:25:18.110+0600][80.613s][info][gc,stats    ]      61 of   247 ms ( 24.6%): Executor task launch worker for task 1.0 in stage 3549.0 (TID 6542)
[2026-04-03T02:25:18.110+0600][80.613s][info][gc,stats    ]      60 of   247 ms ( 24.3%): Executor task launch worker for task 3.0 in stage 3549.0 (TID 6544)
[2026-04-03T02:25:18.110+0600][80.613s][info][gc,stats    ]      61 of   247 ms ( 24.6%): Executor task launch worker for task 2.0 in stage 3549.0 (TID 6543)
[2026-04-03T02:25:18.110+0600][80.613s][info][gc,stats    ]      61 of   247 ms ( 24.6%): Executor task launch worker for task 0.0 in stage 3549.0 (TID 6541)
[2026-04-03T02:25:18.110+0600][80.613s][info][gc,stats    ]      22 of   247 ms (  8.9%): block-manager-storage-async-thread-pool-62
[2026-04-03T02:25:18.110+0600][80.613s][info][gc,stats    ]     275 of   247 ms (111.4%): <total>
[2026-04-03T02:25:18.110+0600][80.613s][info][gc,stats    ]       1 of   247 ms (  0.4%): <average total>
[2026-04-03T02:25:18.110+0600][80.613s][info][gc,stats    ]      46 of   247 ms ( 18.6%): <average non-zero>
[2026-04-03T02:25:18.110+0600][80.613s][info][gc,stats    ] 
[2026-04-03T02:25:18.110+0600][80.613s][info][gc,metaspace] Metaspace: 131583K(132864K)->131586K(132864K) NonClass: 115095K(115712K)->115096K(115712K) Class: 16488K(17152K)->16489K(17152K)
[2026-04-03T02:25:18.110+0600][80.613s][info][gc,ergo     ] Pacer for Idle. Initial: 20480K, Alloc Tax Rate: 1.0x
[2026-04-03T02:25:18.599+0600][81.102s][info][gc          ] Trigger: Average GC time (160.09 ms) is above the time for average allocation rate (717 MB/s) to deplete free headroom (114M) (margin of error = 1.86)
[2026-04-03T02:25:18.599+0600][81.102s][info][gc,ergo     ] Free headroom: 164M (free) - 51200K (spike) - 0B (penalties) = 114M
[2026-04-03T02:25:18.599+0600][81.102s][info][gc,ergo     ] Free: 164M, Max: 256K regular, 163M humongous, Frag: 0% external, 0% internal; Reserve: 51200K, Max: 256K
[2026-04-03T02:25:18.599+0600][81.102s][info][gc,start    ] GC(108) Concurrent reset
[2026-04-03T02:25:18.599+0600][81.102s][info][gc,task     ] GC(108) Using 3 of 6 workers for concurrent reset
[2026-04-03T02:25:18.599+0600][81.102s][info][gc,ergo     ] GC(108) Pacer for Reset. Non-Taxable: 1000M
[2026-04-03T02:25:18.600+0600][81.104s][info][gc          ] GC(108) Concurrent reset 1.178ms
[2026-04-03T02:25:18.601+0600][81.104s][info][gc,start    ] GC(108) Pause Init Mark (unload classes)
[2026-04-03T02:25:18.601+0600][81.104s][info][gc,task     ] GC(108) Using 6 of 6 workers for init marking
[2026-04-03T02:25:18.601+0600][81.104s][info][gc,ergo     ] GC(108) Pacer for Mark. Expected Live: 95748K, Free: 161M, Non-Taxable: 16564K, Alloc Tax Rate: 0.7x
[2026-04-03T02:25:18.601+0600][81.104s][info][gc          ] GC(108) Pause Init Mark (unload classes) 0.177ms
[2026-04-03T02:25:18.601+0600][81.104s][info][gc,start    ] GC(108) Concurrent marking roots
[2026-04-03T02:25:18.601+0600][81.104s][info][gc,task     ] GC(108) Using 3 of 6 workers for concurrent marking roots
[2026-04-03T02:25:18.603+0600][81.106s][info][gc          ] GC(108) Concurrent marking roots 1.761ms
[2026-04-03T02:25:18.603+0600][81.106s][info][gc,start    ] GC(108) Concurrent marking (unload classes)
[2026-04-03T02:25:18.603+0600][81.106s][info][gc,task     ] GC(108) Using 3 of 6 workers for concurrent marking
[2026-04-03T02:25:18.658+0600][81.161s][info][gc          ] GC(108) Concurrent marking (unload classes) 55.312ms
[2026-04-03T02:25:18.658+0600][81.161s][info][gc,start    ] GC(108) Pause Final Mark (unload classes)
[2026-04-03T02:25:18.658+0600][81.161s][info][gc,task     ] GC(108) Using 6 of 6 workers for final marking
[2026-04-03T02:25:18.659+0600][81.162s][info][gc,ergo     ] GC(108) Adaptive CSet Selection. Target Free: 141M, Actual Free: 726M, Max CSet: 42666K, Min Garbage: 0B
[2026-04-03T02:25:18.659+0600][81.162s][info][gc,ergo     ] GC(108) Collectable Garbage: 640M (98%), Immediate: 541M (83%), CSet: 100931K (15%)
[2026-04-03T02:25:18.659+0600][81.162s][info][gc,ergo     ] GC(108) Pacer for Evacuation. Used CSet: 105M, Free: 722M, Non-Taxable: 73966K, Alloc Tax Rate: 1.1x
[2026-04-03T02:25:18.659+0600][81.162s][info][gc          ] GC(108) Pause Final Mark (unload classes) 0.827ms
[2026-04-03T02:25:18.659+0600][81.162s][info][gc,start    ] GC(108) Concurrent thread roots
[2026-04-03T02:25:18.659+0600][81.162s][info][gc,task     ] GC(108) Using 3 of 6 workers for Concurrent thread roots
[2026-04-03T02:25:18.660+0600][81.163s][info][gc          ] GC(108) Concurrent thread roots 0.808ms
[2026-04-03T02:25:18.660+0600][81.163s][info][gc,start    ] GC(108) Concurrent weak references
[2026-04-03T02:25:18.660+0600][81.163s][info][gc,task     ] GC(108) Using 3 of 6 workers for concurrent weak references
[2026-04-03T02:25:18.661+0600][81.164s][info][gc,ref      ] GC(108) Encountered references: Soft: 3792, Weak: 15138, Final: 84, Phantom: 620
[2026-04-03T02:25:18.661+0600][81.164s][info][gc,ref      ] GC(108) Discovered  references: Soft: 0, Weak: 8839, Final: 52, Phantom: 578
[2026-04-03T02:25:18.661+0600][81.164s][info][gc,ref      ] GC(108) Enqueued    references: Soft: 0, Weak: 405, Final: 0, Phantom: 0
[2026-04-03T02:25:18.661+0600][81.164s][info][gc          ] GC(108) Concurrent weak references 0.841ms
[2026-04-03T02:25:18.661+0600][81.164s][info][gc,start    ] GC(108) Concurrent weak roots
[2026-04-03T02:25:18.661+0600][81.164s][info][gc,task     ] GC(108) Using 3 of 6 workers for concurrent weak root
[2026-04-03T02:25:18.664+0600][81.167s][info][gc          ] GC(108) Concurrent weak roots 3.335ms
[2026-04-03T02:25:18.664+0600][81.167s][info][gc,start    ] GC(108) Concurrent cleanup
[2026-04-03T02:25:18.665+0600][81.169s][info][gc          ] GC(108) Concurrent cleanup 766M->225M(831M) 1.280ms
[2026-04-03T02:25:18.666+0600][81.169s][info][gc,ergo     ] GC(108) Free: 720M, Max: 256K regular, 134M humongous, Frag: 82% external, 0% internal; Reserve: 50925K, Max: 256K
[2026-04-03T02:25:18.666+0600][81.169s][info][gc,start    ] GC(108) Concurrent class unloading
[2026-04-03T02:25:18.666+0600][81.169s][info][gc,task     ] GC(108) Using 3 of 6 workers for concurrent class unloading
[2026-04-03T02:25:18.682+0600][81.185s][info][gc          ] GC(108) Concurrent class unloading 16.144ms
[2026-04-03T02:25:18.682+0600][81.185s][info][gc,start    ] GC(108) Concurrent strong roots
[2026-04-03T02:25:18.682+0600][81.185s][info][gc,task     ] GC(108) Using 3 of 6 workers for concurrent strong root
[2026-04-03T02:25:18.683+0600][81.186s][info][gc          ] GC(108) Concurrent strong roots 1.058ms
[2026-04-03T02:25:18.683+0600][81.186s][info][gc,start    ] GC(108) Concurrent evacuation
[2026-04-03T02:25:18.683+0600][81.186s][info][gc,task     ] GC(108) Using 3 of 6 workers for concurrent evacuation
[2026-04-03T02:25:18.687+0600][81.190s][info][gc          ] GC(108) Concurrent evacuation 3.690ms
[2026-04-03T02:25:18.687+0600][81.190s][info][gc,start    ] GC(108) Pause Init Update Refs
[2026-04-03T02:25:18.687+0600][81.190s][info][gc,ergo     ] GC(108) Pacer for Update Refs. Used: 245M, Free: 707M, Non-Taxable: 72417K, Alloc Tax Rate: 1.1x
[2026-04-03T02:25:18.687+0600][81.190s][info][gc          ] GC(108) Pause Init Update Refs 0.120ms
[2026-04-03T02:25:18.687+0600][81.191s][info][gc,start    ] GC(108) Concurrent update references
[2026-04-03T02:25:18.687+0600][81.191s][info][gc,task     ] GC(108) Using 3 of 6 workers for concurrent reference update
[2026-04-03T02:25:18.733+0600][81.237s][info][gc          ] GC(108) Concurrent update references 46.014ms
[2026-04-03T02:25:18.733+0600][81.237s][info][gc,start    ] GC(108) Concurrent update thread roots
[2026-04-03T02:25:18.735+0600][81.238s][info][gc          ] GC(108) Concurrent update thread roots 1.510ms
[2026-04-03T02:25:18.735+0600][81.238s][info][gc,start    ] GC(108) Pause Final Update Refs
[2026-04-03T02:25:18.735+0600][81.238s][info][gc,task     ] GC(108) Using 6 of 6 workers for final reference update
[2026-04-03T02:25:18.735+0600][81.239s][info][gc          ] GC(108) Pause Final Update Refs 0.240ms
[2026-04-03T02:25:18.736+0600][81.239s][info][gc,start    ] GC(108) Concurrent cleanup
[2026-04-03T02:25:18.736+0600][81.240s][info][gc          ] GC(108) Concurrent cleanup 281M->177M(831M) 0.897ms
[2026-04-03T02:25:18.737+0600][81.240s][info][gc,ergo     ] Free: 765M, Max: 256K regular, 258M humongous, Frag: 67% external, 0% internal; Reserve: 51200K, Max: 256K
[2026-04-03T02:25:18.737+0600][81.240s][info][gc,stats    ] 
[2026-04-03T02:25:18.737+0600][81.240s][info][gc,stats    ] All times are wall-clock times, except per-root-class counters, that are sum over
[2026-04-03T02:25:18.737+0600][81.240s][info][gc,stats    ] all workers. Dividing the <total> over the root stage time estimates parallelism.
[2026-04-03T02:25:18.737+0600][81.240s][info][gc,stats    ] 
[2026-04-03T02:25:18.737+0600][81.240s][info][gc,stats    ] Concurrent Reset                   1227 us
[2026-04-03T02:25:18.737+0600][81.240s][info][gc,stats    ] Pause Init Mark (G)                 470 us
[2026-04-03T02:25:18.737+0600][81.240s][info][gc,stats    ] Pause Init Mark (N)                 187 us
[2026-04-03T02:25:18.737+0600][81.240s][info][gc,stats    ]   Update Region States               54 us
[2026-04-03T02:25:18.737+0600][81.240s][info][gc,stats    ] Concurrent Mark Roots              1862 us, parallelism: 1.95x
[2026-04-03T02:25:18.737+0600][81.240s][info][gc,stats    ]   CMR: <total>                     3630 us
[2026-04-03T02:25:18.737+0600][81.240s][info][gc,stats    ]   CMR: Thread Roots                3116 us, workers (us): 1318, 869, 929, ---, ---, ---, 
[2026-04-03T02:25:18.737+0600][81.240s][info][gc,stats    ]   CMR: VM Strong Roots               64 us, workers (us):  36,  28,   1, ---, ---, ---, 
[2026-04-03T02:25:18.737+0600][81.240s][info][gc,stats    ]   CMR: CLDG Roots                   450 us, workers (us): ---, 450, ---, ---, ---, ---, 
[2026-04-03T02:25:18.737+0600][81.240s][info][gc,stats    ] Concurrent Marking                55381 us
[2026-04-03T02:25:18.737+0600][81.240s][info][gc,stats    ] Pause Final Mark (G)               1055 us
[2026-04-03T02:25:18.737+0600][81.240s][info][gc,stats    ] Pause Final Mark (N)                837 us
[2026-04-03T02:25:18.737+0600][81.240s][info][gc,stats    ]   Finish Mark                       337 us
[2026-04-03T02:25:18.737+0600][81.240s][info][gc,stats    ]   Update Region States               55 us
[2026-04-03T02:25:18.737+0600][81.240s][info][gc,stats    ]   Choose Collection Set             281 us
[2026-04-03T02:25:18.737+0600][81.240s][info][gc,stats    ]   Rebuild Free Set                   47 us
[2026-04-03T02:25:18.737+0600][81.240s][info][gc,stats    ] Concurrent Thread Roots             849 us, parallelism: 1.97x
[2026-04-03T02:25:18.737+0600][81.240s][info][gc,stats    ]   CTR: <total>                     1675 us
[2026-04-03T02:25:18.737+0600][81.240s][info][gc,stats    ]   CTR: Thread Roots                1675 us, workers (us): 645, 525, 506, ---, ---, ---, 
[2026-04-03T02:25:18.737+0600][81.240s][info][gc,stats    ] Concurrent Weak References          851 us, parallelism: 1.00x
[2026-04-03T02:25:18.737+0600][81.240s][info][gc,stats    ]   CWRF: <total>                     852 us
[2026-04-03T02:25:18.737+0600][81.240s][info][gc,stats    ]   CWRF: Weak References             852 us, workers (us): 235, 526,  90, ---, ---, ---, 
[2026-04-03T02:25:18.737+0600][81.240s][info][gc,stats    ] Concurrent Weak Roots              3407 us
[2026-04-03T02:25:18.737+0600][81.240s][info][gc,stats    ]   Roots                            3028 us, parallelism: 2.68x
[2026-04-03T02:25:18.737+0600][81.240s][info][gc,stats    ]     CWR: <total>                   8129 us
[2026-04-03T02:25:18.737+0600][81.240s][info][gc,stats    ]     CWR: Code Cache Roots          6376 us, workers (us): 2179, 2123, 2075, ---, ---, ---, 
[2026-04-03T02:25:18.737+0600][81.240s][info][gc,stats    ]     CWR: VM Weak Roots             1676 us, workers (us): 584, 579, 513, ---, ---, ---, 
[2026-04-03T02:25:18.737+0600][81.240s][info][gc,stats    ]     CWR: CLDG Roots                  77 us, workers (us): ---,  77, ---, ---, ---, ---, 
[2026-04-03T02:25:18.737+0600][81.240s][info][gc,stats    ]   Rendezvous                        283 us
[2026-04-03T02:25:18.737+0600][81.240s][info][gc,stats    ] Concurrent Cleanup                 1358 us
[2026-04-03T02:25:18.737+0600][81.240s][info][gc,stats    ] Concurrent Class Unloading        16251 us
[2026-04-03T02:25:18.737+0600][81.240s][info][gc,stats    ]   Unlink Stale                    11556 us
[2026-04-03T02:25:18.737+0600][81.240s][info][gc,stats    ]     System Dictionary               283 us
[2026-04-03T02:25:18.737+0600][81.240s][info][gc,stats    ]     Weak Class Links                  2 us
[2026-04-03T02:25:18.737+0600][81.240s][info][gc,stats    ]     Code Roots                    11268 us
[2026-04-03T02:25:18.737+0600][81.240s][info][gc,stats    ]   Rendezvous                        244 us
[2026-04-03T02:25:18.737+0600][81.240s][info][gc,stats    ]   Purge Unlinked                   4316 us
[2026-04-03T02:25:18.737+0600][81.240s][info][gc,stats    ]     Code Roots                     4284 us
[2026-04-03T02:25:18.737+0600][81.240s][info][gc,stats    ]     CLDG                             29 us
[2026-04-03T02:25:18.737+0600][81.240s][info][gc,stats    ]     Exception Caches                  0 us
[2026-04-03T02:25:18.737+0600][81.240s][info][gc,stats    ] Concurrent Strong Roots            1154 us, parallelism: 0.69x
[2026-04-03T02:25:18.737+0600][81.240s][info][gc,stats    ]   CSR: <total>                      793 us
[2026-04-03T02:25:18.737+0600][81.240s][info][gc,stats    ]   CSR: VM Strong Roots              145 us, workers (us): 112,  33,   0, ---, ---, ---, 
[2026-04-03T02:25:18.737+0600][81.240s][info][gc,stats    ]   CSR: CLDG Roots                   648 us, workers (us): ---, 648, ---, ---, ---, ---, 
[2026-04-03T02:25:18.737+0600][81.240s][info][gc,stats    ] Concurrent Evacuation              3775 us
[2026-04-03T02:25:18.737+0600][81.240s][info][gc,stats    ] Pause Init Update Refs (G)          458 us
[2026-04-03T02:25:18.737+0600][81.240s][info][gc,stats    ] Pause Init Update Refs (N)          158 us
[2026-04-03T02:25:18.737+0600][81.240s][info][gc,stats    ]   Manage GCLABs                      31 us
[2026-04-03T02:25:18.737+0600][81.240s][info][gc,stats    ] Concurrent Update Refs            46122 us
[2026-04-03T02:25:18.737+0600][81.240s][info][gc,stats    ] Concurrent Update Thread Roots     1582 us
[2026-04-03T02:25:18.737+0600][81.240s][info][gc,stats    ] Pause Final Update Refs (G)         556 us
[2026-04-03T02:25:18.737+0600][81.240s][info][gc,stats    ] Pause Final Update Refs (N)         262 us
[2026-04-03T02:25:18.737+0600][81.240s][info][gc,stats    ]   Update Region States               74 us
[2026-04-03T02:25:18.737+0600][81.240s][info][gc,stats    ]   Trash Collection Set               21 us
[2026-04-03T02:25:18.737+0600][81.240s][info][gc,stats    ]   Rebuild Free Set                   58 us
[2026-04-03T02:25:18.737+0600][81.240s][info][gc,stats    ] Concurrent Cleanup                  927 us
[2026-04-03T02:25:18.737+0600][81.240s][info][gc,stats    ] Pacing                           149614 us
[2026-04-03T02:25:18.737+0600][81.240s][info][gc,stats    ] 
[2026-04-03T02:25:18.737+0600][81.240s][info][gc,stats    ] Allocation pacing accrued:
[2026-04-03T02:25:18.737+0600][81.240s][info][gc,stats    ]      11 of   627 ms (  1.8%): dispatcher-event-loop-5
[2026-04-03T02:25:18.737+0600][81.240s][info][gc,stats    ]      11 of   627 ms (  1.8%): dispatcher-event-loop-6
[2026-04-03T02:25:18.737+0600][81.240s][info][gc,stats    ]      11 of   627 ms (  1.8%): Executor task launch worker for task 0.0 in stage 3572.0 (TID 6597)
[2026-04-03T02:25:18.737+0600][81.240s][info][gc,stats    ]      46 of   627 ms (  7.3%): Executor task launch worker for task 1.0 in stage 3572.0 (TID 6598)
[2026-04-03T02:25:18.737+0600][81.240s][info][gc,stats    ]      18 of   627 ms (  2.8%): task-result-getter-0
[2026-04-03T02:25:18.737+0600][81.240s][info][gc,stats    ]      35 of   627 ms (  5.5%): task-result-getter-1
[2026-04-03T02:25:18.737+0600][81.240s][info][gc,stats    ]      18 of   627 ms (  2.9%): task-result-getter-2
[2026-04-03T02:25:18.737+0600][81.240s][info][gc,stats    ]     150 of   627 ms ( 23.8%): <total>
[2026-04-03T02:25:18.737+0600][81.240s][info][gc,stats    ]       1 of   627 ms (  0.1%): <average total>
[2026-04-03T02:25:18.737+0600][81.240s][info][gc,stats    ]      21 of   627 ms (  3.4%): <average non-zero>
[2026-04-03T02:25:18.737+0600][81.240s][info][gc,stats    ] 
[2026-04-03T02:25:18.737+0600][81.241s][info][gc,metaspace] Metaspace: 131595K(132928K)->131595K(132928K) NonClass: 115106K(115776K)->115106K(115776K) Class: 16489K(17152K)->16489K(17152K)
[2026-04-03T02:25:18.737+0600][81.241s][info][gc,ergo     ] Pacer for Idle. Initial: 20480K, Alloc Tax Rate: 1.0x
[2026-04-03T02:25:19.298+0600][81.801s][info][gc          ] Trigger: Average GC time (155.52 ms) is above the time for average allocation rate (936 MB/s) to deplete free headroom (145M) (margin of error = 1.85)
[2026-04-03T02:25:19.298+0600][81.801s][info][gc,ergo     ] Free headroom: 195M (free) - 51200K (spike) - 0B (penalties) = 145M
[2026-04-03T02:25:19.298+0600][81.801s][info][gc,ergo     ] Free: 195M, Max: 256K regular, 133M humongous, Frag: 32% external, 1% internal; Reserve: 51200K, Max: 256K
[2026-04-03T02:25:19.298+0600][81.801s][info][gc,start    ] GC(109) Concurrent reset
[2026-04-03T02:25:19.298+0600][81.801s][info][gc,task     ] GC(109) Using 3 of 6 workers for concurrent reset
[2026-04-03T02:25:19.298+0600][81.801s][info][gc,ergo     ] GC(109) Pacer for Reset. Non-Taxable: 1000M
[2026-04-03T02:25:19.300+0600][81.803s][info][gc          ] GC(109) Concurrent reset 2.082ms
[2026-04-03T02:25:19.301+0600][81.804s][info][gc,start    ] GC(109) Pause Init Mark (unload classes)
[2026-04-03T02:25:19.301+0600][81.804s][info][gc,task     ] GC(109) Using 6 of 6 workers for init marking
[2026-04-03T02:25:19.301+0600][81.804s][info][gc,ergo     ] GC(109) Pacer for Mark. Expected Live: 96007K, Free: 193M, Non-Taxable: 19835K, Alloc Tax Rate: 0.6x
[2026-04-03T02:25:19.301+0600][81.805s][info][gc          ] GC(109) Pause Init Mark (unload classes) 0.181ms
[2026-04-03T02:25:19.301+0600][81.805s][info][gc,start    ] GC(109) Concurrent marking roots
[2026-04-03T02:25:19.301+0600][81.805s][info][gc,task     ] GC(109) Using 3 of 6 workers for concurrent marking roots
[2026-04-03T02:25:19.304+0600][81.808s][info][gc          ] GC(109) Concurrent marking roots 2.876ms
[2026-04-03T02:25:19.304+0600][81.808s][info][gc,start    ] GC(109) Concurrent marking (unload classes)
[2026-04-03T02:25:19.304+0600][81.808s][info][gc,task     ] GC(109) Using 3 of 6 workers for concurrent marking
[2026-04-03T02:25:19.377+0600][81.880s][info][gc          ] GC(109) Concurrent marking (unload classes) 72.500ms
[2026-04-03T02:25:19.377+0600][81.880s][info][gc,start    ] GC(109) Pause Final Mark (unload classes)
[2026-04-03T02:25:19.377+0600][81.880s][info][gc,task     ] GC(109) Using 6 of 6 workers for final marking
[2026-04-03T02:25:19.378+0600][81.881s][info][gc,ergo     ] GC(109) Adaptive CSet Selection. Target Free: 141M, Actual Free: 757M, Max CSet: 42666K, Min Garbage: 0B
[2026-04-03T02:25:19.378+0600][81.881s][info][gc,ergo     ] GC(109) Collectable Garbage: 614M (98%), Immediate: 550M (88%), CSet: 65756K (10%)
[2026-04-03T02:25:19.378+0600][81.881s][info][gc,ergo     ] GC(109) Pacer for Evacuation. Used CSet: 69980K, Free: 745M, Non-Taxable: 76387K, Alloc Tax Rate: 1.1x
[2026-04-03T02:25:19.378+0600][81.881s][info][gc          ] GC(109) Pause Final Mark (unload classes) 0.872ms
[2026-04-03T02:25:19.378+0600][81.881s][info][gc,start    ] GC(109) Concurrent thread roots
[2026-04-03T02:25:19.378+0600][81.881s][info][gc,task     ] GC(109) Using 3 of 6 workers for Concurrent thread roots
[2026-04-03T02:25:19.379+0600][81.883s][info][gc          ] GC(109) Concurrent thread roots 1.272ms
[2026-04-03T02:25:19.379+0600][81.883s][info][gc,start    ] GC(109) Concurrent weak references
[2026-04-03T02:25:19.379+0600][81.883s][info][gc,task     ] GC(109) Using 3 of 6 workers for concurrent weak references
[2026-04-03T02:25:19.380+0600][81.883s][info][gc,ref      ] GC(109) Encountered references: Soft: 3792, Weak: 15904, Final: 84, Phantom: 620
[2026-04-03T02:25:19.380+0600][81.883s][info][gc,ref      ] GC(109) Discovered  references: Soft: 0, Weak: 4066, Final: 0, Phantom: 579
[2026-04-03T02:25:19.380+0600][81.883s][info][gc,ref      ] GC(109) Enqueued    references: Soft: 0, Weak: 43, Final: 0, Phantom: 0
[2026-04-03T02:25:19.380+0600][81.883s][info][gc          ] GC(109) Concurrent weak references 0.529ms
[2026-04-03T02:25:19.380+0600][81.883s][info][gc,start    ] GC(109) Concurrent weak roots
[2026-04-03T02:25:19.380+0600][81.883s][info][gc,task     ] GC(109) Using 3 of 6 workers for concurrent weak root
[2026-04-03T02:25:19.385+0600][81.888s][info][gc          ] GC(109) Concurrent weak roots 4.853ms
[2026-04-03T02:25:19.385+0600][81.888s][info][gc,start    ] GC(109) Concurrent cleanup
[2026-04-03T02:25:19.386+0600][81.889s][info][gc          ] GC(109) Concurrent cleanup 752M->202M(831M) 1.257ms
[2026-04-03T02:25:19.386+0600][81.890s][info][gc,ergo     ] GC(109) Free: 743M, Max: 256K regular, 135M humongous, Frag: 82% external, 0% internal; Reserve: 50726K, Max: 256K
[2026-04-03T02:25:19.386+0600][81.890s][info][gc,start    ] GC(109) Concurrent class unloading
[2026-04-03T02:25:19.386+0600][81.890s][info][gc,task     ] GC(109) Using 3 of 6 workers for concurrent class unloading
[2026-04-03T02:25:19.406+0600][81.909s][info][gc          ] GC(109) Concurrent class unloading 19.414ms
[2026-04-03T02:25:19.406+0600][81.909s][info][gc,start    ] GC(109) Concurrent strong roots
[2026-04-03T02:25:19.406+0600][81.909s][info][gc,task     ] GC(109) Using 3 of 6 workers for concurrent strong root
[2026-04-03T02:25:19.407+0600][81.911s][info][gc          ] GC(109) Concurrent strong roots 1.621ms
[2026-04-03T02:25:19.407+0600][81.911s][info][gc,start    ] GC(109) Concurrent evacuation
[2026-04-03T02:25:19.407+0600][81.911s][info][gc,task     ] GC(109) Using 3 of 6 workers for concurrent evacuation
[2026-04-03T02:25:19.410+0600][81.913s][info][gc          ] GC(109) Concurrent evacuation 2.412ms
[2026-04-03T02:25:19.410+0600][81.914s][info][gc,start    ] GC(109) Pause Init Update Refs
[2026-04-03T02:25:19.410+0600][81.914s][info][gc,ergo     ] GC(109) Pacer for Update Refs. Used: 215M, Free: 734M, Non-Taxable: 75216K, Alloc Tax Rate: 1.1x
[2026-04-03T02:25:19.410+0600][81.914s][info][gc          ] GC(109) Pause Init Update Refs 0.135ms
[2026-04-03T02:25:19.411+0600][81.914s][info][gc,start    ] GC(109) Concurrent update references
[2026-04-03T02:25:19.411+0600][81.914s][info][gc,task     ] GC(109) Using 3 of 6 workers for concurrent reference update
[2026-04-03T02:25:19.469+0600][81.972s][info][gc          ] GC(109) Concurrent update references 58.321ms
[2026-04-03T02:25:19.469+0600][81.972s][info][gc,start    ] GC(109) Concurrent update thread roots
[2026-04-03T02:25:19.470+0600][81.973s][info][gc          ] GC(109) Concurrent update thread roots 1.152ms
[2026-04-03T02:25:19.470+0600][81.973s][info][gc,start    ] GC(109) Pause Final Update Refs
[2026-04-03T02:25:19.470+0600][81.973s][info][gc,task     ] GC(109) Using 6 of 6 workers for final reference update
[2026-04-03T02:25:19.470+0600][81.974s][info][gc          ] GC(109) Pause Final Update Refs 0.169ms
[2026-04-03T02:25:19.470+0600][81.974s][info][gc,start    ] GC(109) Concurrent cleanup
[2026-04-03T02:25:19.471+0600][81.974s][info][gc          ] GC(109) Concurrent cleanup 250M->182M(831M) 0.659ms
[2026-04-03T02:25:19.471+0600][81.974s][info][gc,ergo     ] Free: 761M, Max: 256K regular, 258M humongous, Frag: 66% external, 0% internal; Reserve: 51200K, Max: 256K
[2026-04-03T02:25:19.471+0600][81.974s][info][gc,stats    ] 
[2026-04-03T02:25:19.471+0600][81.974s][info][gc,stats    ] All times are wall-clock times, except per-root-class counters, that are sum over
[2026-04-03T02:25:19.471+0600][81.974s][info][gc,stats    ] all workers. Dividing the <total> over the root stage time estimates parallelism.
[2026-04-03T02:25:19.471+0600][81.974s][info][gc,stats    ] 
[2026-04-03T02:25:19.471+0600][81.974s][info][gc,stats    ] Concurrent Reset                   2144 us
[2026-04-03T02:25:19.471+0600][81.974s][info][gc,stats    ] Pause Init Mark (G)                1179 us
[2026-04-03T02:25:19.471+0600][81.975s][info][gc,stats    ] Pause Init Mark (N)                 196 us
[2026-04-03T02:25:19.471+0600][81.975s][info][gc,stats    ]   Update Region States               67 us
[2026-04-03T02:25:19.471+0600][81.975s][info][gc,stats    ] Concurrent Mark Roots              2963 us, parallelism: 1.25x
[2026-04-03T02:25:19.471+0600][81.975s][info][gc,stats    ]   CMR: <total>                     3704 us
[2026-04-03T02:25:19.471+0600][81.975s][info][gc,stats    ]   CMR: Thread Roots                3301 us, workers (us): 1820, 1481,   0, ---, ---, ---, 
[2026-04-03T02:25:19.471+0600][81.975s][info][gc,stats    ]   CMR: VM Strong Roots               59 us, workers (us):  57,   1,   0, ---, ---, ---, 
[2026-04-03T02:25:19.471+0600][81.975s][info][gc,stats    ]   CMR: CLDG Roots                   345 us, workers (us): 345, ---, ---, ---, ---, ---, 
[2026-04-03T02:25:19.471+0600][81.975s][info][gc,stats    ] Concurrent Marking                72573 us
[2026-04-03T02:25:19.471+0600][81.975s][info][gc,stats    ] Pause Final Mark (G)               1182 us
[2026-04-03T02:25:19.471+0600][81.975s][info][gc,stats    ] Pause Final Mark (N)                887 us
[2026-04-03T02:25:19.471+0600][81.975s][info][gc,stats    ]   Finish Mark                       244 us
[2026-04-03T02:25:19.471+0600][81.975s][info][gc,stats    ]   Update Region States               90 us
[2026-04-03T02:25:19.471+0600][81.975s][info][gc,stats    ]   Choose Collection Set             364 us
[2026-04-03T02:25:19.471+0600][81.975s][info][gc,stats    ]   Rebuild Free Set                   59 us
[2026-04-03T02:25:19.471+0600][81.975s][info][gc,stats    ] Concurrent Thread Roots            1328 us, parallelism: 2.08x
[2026-04-03T02:25:19.471+0600][81.975s][info][gc,stats    ]   CTR: <total>                     2762 us
[2026-04-03T02:25:19.471+0600][81.975s][info][gc,stats    ]   CTR: Thread Roots                2762 us, workers (us): 975, 918, 869, ---, ---, ---, 
[2026-04-03T02:25:19.471+0600][81.975s][info][gc,stats    ] Concurrent Weak References          539 us, parallelism: 1.07x
[2026-04-03T02:25:19.471+0600][81.975s][info][gc,stats    ]   CWRF: <total>                     578 us
[2026-04-03T02:25:19.471+0600][81.975s][info][gc,stats    ]   CWRF: Weak References             578 us, workers (us): 408, 155,  15, ---, ---, ---, 
[2026-04-03T02:25:19.471+0600][81.975s][info][gc,stats    ] Concurrent Weak Roots              4943 us
[2026-04-03T02:25:19.471+0600][81.975s][info][gc,stats    ]   Roots                            4507 us, parallelism: 2.70x
[2026-04-03T02:25:19.471+0600][81.975s][info][gc,stats    ]     CWR: <total>                  12165 us
[2026-04-03T02:25:19.471+0600][81.975s][info][gc,stats    ]     CWR: Code Cache Roots          9520 us, workers (us): 3291, 3082, 3146, ---, ---, ---, 
[2026-04-03T02:25:19.471+0600][81.975s][info][gc,stats    ]     CWR: VM Weak Roots             2485 us, workers (us): 857, 817, 811, ---, ---, ---, 
[2026-04-03T02:25:19.471+0600][81.975s][info][gc,stats    ]     CWR: CLDG Roots                 160 us, workers (us): ---, 160, ---, ---, ---, ---, 
[2026-04-03T02:25:19.471+0600][81.975s][info][gc,stats    ]   Rendezvous                        319 us
[2026-04-03T02:25:19.471+0600][81.975s][info][gc,stats    ] Concurrent Cleanup                 1278 us
[2026-04-03T02:25:19.471+0600][81.975s][info][gc,stats    ] Concurrent Class Unloading        19526 us
[2026-04-03T02:25:19.471+0600][81.975s][info][gc,stats    ]   Unlink Stale                    17159 us
[2026-04-03T02:25:19.471+0600][81.975s][info][gc,stats    ]     System Dictionary               303 us
[2026-04-03T02:25:19.471+0600][81.975s][info][gc,stats    ]     Weak Class Links                  0 us
[2026-04-03T02:25:19.471+0600][81.975s][info][gc,stats    ]     Code Roots                    16851 us
[2026-04-03T02:25:19.471+0600][81.975s][info][gc,stats    ]   Rendezvous                        552 us
[2026-04-03T02:25:19.471+0600][81.975s][info][gc,stats    ]   Purge Unlinked                   1671 us
[2026-04-03T02:25:19.471+0600][81.975s][info][gc,stats    ]     Code Roots                     1653 us
[2026-04-03T02:25:19.471+0600][81.975s][info][gc,stats    ]     CLDG                             18 us
[2026-04-03T02:25:19.471+0600][81.975s][info][gc,stats    ]     Exception Caches                  1 us
[2026-04-03T02:25:19.471+0600][81.975s][info][gc,stats    ] Concurrent Strong Roots            1692 us, parallelism: 0.62x
[2026-04-03T02:25:19.471+0600][81.975s][info][gc,stats    ]   CSR: <total>                     1048 us
[2026-04-03T02:25:19.471+0600][81.975s][info][gc,stats    ]   CSR: VM Strong Roots               69 us, workers (us):  65,   2,   2, ---, ---, ---, 
[2026-04-03T02:25:19.471+0600][81.975s][info][gc,stats    ]   CSR: CLDG Roots                   979 us, workers (us): 979, ---, ---, ---, ---, ---, 
[2026-04-03T02:25:19.471+0600][81.975s][info][gc,stats    ] Concurrent Evacuation              2531 us
[2026-04-03T02:25:19.472+0600][81.975s][info][gc,stats    ] Pause Init Update Refs (G)          516 us
[2026-04-03T02:25:19.472+0600][81.975s][info][gc,stats    ] Pause Init Update Refs (N)          148 us
[2026-04-03T02:25:19.472+0600][81.975s][info][gc,stats    ]   Manage GCLABs                      29 us
[2026-04-03T02:25:19.472+0600][81.975s][info][gc,stats    ] Concurrent Update Refs            58422 us
[2026-04-03T02:25:19.472+0600][81.975s][info][gc,stats    ] Concurrent Update Thread Roots     1179 us
[2026-04-03T02:25:19.472+0600][81.975s][info][gc,stats    ] Pause Final Update Refs (G)         299 us
[2026-04-03T02:25:19.472+0600][81.975s][info][gc,stats    ] Pause Final Update Refs (N)         211 us
[2026-04-03T02:25:19.472+0600][81.975s][info][gc,stats    ]   Update Region States               63 us
[2026-04-03T02:25:19.472+0600][81.975s][info][gc,stats    ]   Trash Collection Set               17 us
[2026-04-03T02:25:19.472+0600][81.975s][info][gc,stats    ]   Rebuild Free Set                   48 us
[2026-04-03T02:25:19.472+0600][81.975s][info][gc,stats    ] Concurrent Cleanup                  673 us
[2026-04-03T02:25:19.472+0600][81.975s][info][gc,stats    ] Pacing                           277291 us
[2026-04-03T02:25:19.472+0600][81.975s][info][gc,stats    ] 
[2026-04-03T02:25:19.472+0600][81.975s][info][gc,stats    ] Allocation pacing accrued:
[2026-04-03T02:25:19.472+0600][81.975s][info][gc,stats    ]      11 of   734 ms (  1.5%): dispatcher-event-loop-1
[2026-04-03T02:25:19.472+0600][81.975s][info][gc,stats    ]      11 of   734 ms (  1.5%): dispatcher-event-loop-4
[2026-04-03T02:25:19.472+0600][81.975s][info][gc,stats    ]      11 of   734 ms (  1.5%): dispatcher-event-loop-5
[2026-04-03T02:25:19.472+0600][81.975s][info][gc,stats    ]      11 of   734 ms (  1.5%): dispatcher-event-loop-7
[2026-04-03T02:25:19.472+0600][81.975s][info][gc,stats    ]      10 of   734 ms (  1.4%): Spark Context Cleaner
[2026-04-03T02:25:19.472+0600][81.975s][info][gc,stats    ]      45 of   734 ms (  6.1%): Executor task launch worker for task 1.0 in stage 3587.0 (TID 6718)
[2026-04-03T02:25:19.472+0600][81.975s][info][gc,stats    ]      11 of   734 ms (  1.5%): Executor task launch worker for task 4.0 in stage 3587.0 (TID 6721)
[2026-04-03T02:25:19.472+0600][81.975s][info][gc,stats    ]      11 of   734 ms (  1.5%): Executor task launch worker for task 3.0 in stage 3587.0 (TID 6720)
[2026-04-03T02:25:19.472+0600][81.975s][info][gc,stats    ]      34 of   734 ms (  4.6%): Executor task launch worker for task 2.0 in stage 3587.0 (TID 6719)
[2026-04-03T02:25:19.472+0600][81.975s][info][gc,stats    ]      55 of   734 ms (  7.5%): Executor task launch worker for task 2.0 in stage 3588.0 (TID 6727)
[2026-04-03T02:25:19.472+0600][81.975s][info][gc,stats    ]      11 of   734 ms (  1.5%): Executor task launch worker for task 3.0 in stage 3588.0 (TID 6728)
[2026-04-03T02:25:19.472+0600][81.975s][info][gc,stats    ]      11 of   734 ms (  1.5%): task-result-getter-0
[2026-04-03T02:25:19.472+0600][81.975s][info][gc,stats    ]      11 of   734 ms (  1.5%): task-result-getter-1
[2026-04-03T02:25:19.472+0600][81.975s][info][gc,stats    ]      22 of   734 ms (  3.0%): task-result-getter-2
[2026-04-03T02:25:19.472+0600][81.975s][info][gc,stats    ]      11 of   734 ms (  1.5%): task-result-getter-3
[2026-04-03T02:25:19.472+0600][81.975s][info][gc,stats    ]     277 of   734 ms ( 37.8%): <total>
[2026-04-03T02:25:19.472+0600][81.975s][info][gc,stats    ]       1 of   734 ms (  0.1%): <average total>
[2026-04-03T02:25:19.472+0600][81.975s][info][gc,stats    ]      18 of   734 ms (  2.5%): <average non-zero>
[2026-04-03T02:25:19.472+0600][81.975s][info][gc,stats    ] 
[2026-04-03T02:25:19.472+0600][81.975s][info][gc,metaspace] Metaspace: 131597K(132928K)->131599K(132928K) NonClass: 115107K(115776K)->115109K(115776K) Class: 16489K(17152K)->16490K(17152K)
[2026-04-03T02:25:19.472+0600][81.975s][info][gc,ergo     ] Pacer for Idle. Initial: 20480K, Alloc Tax Rate: 1.0x
[2026-04-03T02:25:20.146+0600][82.650s][info][gc          ] Trigger: Average GC time (187.52 ms) is above the time for average allocation rate (945 MB/s) to deplete free headroom (175M) (margin of error = 1.85)
[2026-04-03T02:25:20.146+0600][82.650s][info][gc,ergo     ] Free headroom: 225M (free) - 51200K (spike) - 0B (penalties) = 175M
[2026-04-03T02:25:20.146+0600][82.650s][info][gc,ergo     ] Free: 225M, Max: 256K regular, 182M humongous, Frag: 20% external, 0% internal; Reserve: 51200K, Max: 256K
[2026-04-03T02:25:20.146+0600][82.650s][info][gc,start    ] GC(110) Concurrent reset
[2026-04-03T02:25:20.146+0600][82.650s][info][gc,task     ] GC(110) Using 3 of 6 workers for concurrent reset
[2026-04-03T02:25:20.146+0600][82.650s][info][gc,ergo     ] GC(110) Pacer for Reset. Non-Taxable: 1000M
[2026-04-03T02:25:20.148+0600][82.651s][info][gc          ] GC(110) Concurrent reset 1.328ms
[2026-04-03T02:25:20.148+0600][82.651s][info][gc,start    ] GC(110) Pause Init Mark (unload classes)
[2026-04-03T02:25:20.148+0600][82.651s][info][gc,task     ] GC(110) Using 6 of 6 workers for init marking
[2026-04-03T02:25:20.148+0600][82.651s][info][gc,ergo     ] GC(110) Pacer for Mark. Expected Live: 95617K, Free: 225M, Non-Taxable: 23127K, Alloc Tax Rate: 0.5x
[2026-04-03T02:25:20.148+0600][82.651s][info][gc          ] GC(110) Pause Init Mark (unload classes) 0.122ms
[2026-04-03T02:25:20.148+0600][82.651s][info][gc,start    ] GC(110) Concurrent marking roots
[2026-04-03T02:25:20.148+0600][82.651s][info][gc,task     ] GC(110) Using 3 of 6 workers for concurrent marking roots
[2026-04-03T02:25:20.150+0600][82.653s][info][gc          ] GC(110) Concurrent marking roots 2.021ms
[2026-04-03T02:25:20.150+0600][82.653s][info][gc,start    ] GC(110) Concurrent marking (unload classes)
[2026-04-03T02:25:20.150+0600][82.653s][info][gc,task     ] GC(110) Using 3 of 6 workers for concurrent marking
[2026-04-03T02:25:20.225+0600][82.729s][info][gc          ] GC(110) Concurrent marking (unload classes) 75.102ms
[2026-04-03T02:25:20.226+0600][82.729s][info][gc,start    ] GC(110) Pause Final Mark (unload classes)
[2026-04-03T02:25:20.226+0600][82.729s][info][gc,task     ] GC(110) Using 6 of 6 workers for final marking
[2026-04-03T02:25:20.226+0600][82.730s][info][gc,ergo     ] GC(110) Adaptive CSet Selection. Target Free: 141M, Actual Free: 716M, Max CSet: 42666K, Min Garbage: 0B
[2026-04-03T02:25:20.227+0600][82.730s][info][gc,ergo     ] GC(110) Collectable Garbage: 582M (98%), Immediate: 478M (80%), CSet: 104M (17%)
[2026-04-03T02:25:20.227+0600][82.730s][info][gc,ergo     ] GC(110) Pacer for Evacuation. Used CSet: 110M, Free: 706M, Non-Taxable: 72305K, Alloc Tax Rate: 1.1x
[2026-04-03T02:25:20.227+0600][82.730s][info][gc          ] GC(110) Pause Final Mark (unload classes) 1.029ms
[2026-04-03T02:25:20.227+0600][82.730s][info][gc,start    ] GC(110) Concurrent thread roots
[2026-04-03T02:25:20.227+0600][82.730s][info][gc,task     ] GC(110) Using 3 of 6 workers for Concurrent thread roots
[2026-04-03T02:25:20.228+0600][82.731s][info][gc          ] GC(110) Concurrent thread roots 1.002ms
[2026-04-03T02:25:20.228+0600][82.731s][info][gc,start    ] GC(110) Concurrent weak references
[2026-04-03T02:25:20.228+0600][82.731s][info][gc,task     ] GC(110) Using 3 of 6 workers for concurrent weak references
[2026-04-03T02:25:20.229+0600][82.732s][info][gc,ref      ] GC(110) Encountered references: Soft: 3792, Weak: 16712, Final: 84, Phantom: 620
[2026-04-03T02:25:20.229+0600][82.732s][info][gc,ref      ] GC(110) Discovered  references: Soft: 0, Weak: 9678, Final: 52, Phantom: 578
[2026-04-03T02:25:20.229+0600][82.732s][info][gc,ref      ] GC(110) Enqueued    references: Soft: 0, Weak: 1619, Final: 0, Phantom: 0
[2026-04-03T02:25:20.229+0600][82.732s][info][gc          ] GC(110) Concurrent weak references 0.902ms
[2026-04-03T02:25:20.229+0600][82.732s][info][gc,start    ] GC(110) Concurrent weak roots
[2026-04-03T02:25:20.229+0600][82.732s][info][gc,task     ] GC(110) Using 3 of 6 workers for concurrent weak root
[2026-04-03T02:25:20.236+0600][82.739s][info][gc          ] GC(110) Concurrent weak roots 7.135ms
[2026-04-03T02:25:20.236+0600][82.739s][info][gc,start    ] GC(110) Concurrent cleanup
[2026-04-03T02:25:20.237+0600][82.741s][info][gc          ] GC(110) Concurrent cleanup 727M->250M(831M) 1.427ms
[2026-04-03T02:25:20.238+0600][82.741s][info][gc,ergo     ] GC(110) Free: 695M, Max: 256K regular, 179M humongous, Frag: 75% external, 0% internal; Reserve: 50616K, Max: 256K
[2026-04-03T02:25:20.238+0600][82.741s][info][gc,start    ] GC(110) Concurrent class unloading
[2026-04-03T02:25:20.238+0600][82.741s][info][gc,task     ] GC(110) Using 3 of 6 workers for concurrent class unloading
[2026-04-03T02:25:20.262+0600][82.765s][info][gc          ] GC(110) Concurrent class unloading 24.348ms
[2026-04-03T02:25:20.262+0600][82.765s][info][gc,start    ] GC(110) Concurrent strong roots
[2026-04-03T02:25:20.262+0600][82.765s][info][gc,task     ] GC(110) Using 3 of 6 workers for concurrent strong root
[2026-04-03T02:25:20.263+0600][82.766s][info][gc          ] GC(110) Concurrent strong roots 1.140ms
[2026-04-03T02:25:20.263+0600][82.766s][info][gc,start    ] GC(110) Concurrent evacuation
[2026-04-03T02:25:20.263+0600][82.767s][info][gc,task     ] GC(110) Using 3 of 6 workers for concurrent evacuation
[2026-04-03T02:25:20.267+0600][82.770s][info][gc          ] GC(110) Concurrent evacuation 3.828ms
[2026-04-03T02:25:20.267+0600][82.771s][info][gc,start    ] GC(110) Pause Init Update Refs
[2026-04-03T02:25:20.267+0600][82.771s][info][gc,ergo     ] GC(110) Pacer for Update Refs. Used: 280M, Free: 669M, Non-Taxable: 68582K, Alloc Tax Rate: 1.1x
[2026-04-03T02:25:20.267+0600][82.771s][info][gc          ] GC(110) Pause Init Update Refs 0.122ms
[2026-04-03T02:25:20.268+0600][82.771s][info][gc,start    ] GC(110) Concurrent update references
[2026-04-03T02:25:20.268+0600][82.771s][info][gc,task     ] GC(110) Using 3 of 6 workers for concurrent reference update
[2026-04-03T02:25:20.319+0600][82.822s][info][gc          ] GC(110) Concurrent update references 51.385ms
[2026-04-03T02:25:20.319+0600][82.822s][info][gc,start    ] GC(110) Concurrent update thread roots
[2026-04-03T02:25:20.321+0600][82.824s][info][gc          ] GC(110) Concurrent update thread roots 1.623ms
[2026-04-03T02:25:20.321+0600][82.824s][info][gc,start    ] GC(110) Pause Final Update Refs
[2026-04-03T02:25:20.321+0600][82.824s][info][gc,task     ] GC(110) Using 6 of 6 workers for final reference update
[2026-04-03T02:25:20.321+0600][82.824s][info][gc          ] GC(110) Pause Final Update Refs 0.290ms
[2026-04-03T02:25:20.321+0600][82.825s][info][gc,start    ] GC(110) Concurrent cleanup
[2026-04-03T02:25:20.322+0600][82.825s][info][gc          ] GC(110) Concurrent cleanup 307M->197M(832M) 0.377ms
[2026-04-03T02:25:20.322+0600][82.825s][info][gc,ergo     ] Free: 744M, Max: 256K regular, 258M humongous, Frag: 66% external, 0% internal; Reserve: 51200K, Max: 256K
[2026-04-03T02:25:20.322+0600][82.825s][info][gc,stats    ] 
[2026-04-03T02:25:20.322+0600][82.825s][info][gc,stats    ] All times are wall-clock times, except per-root-class counters, that are sum over
[2026-04-03T02:25:20.322+0600][82.825s][info][gc,stats    ] all workers. Dividing the <total> over the root stage time estimates parallelism.
[2026-04-03T02:25:20.322+0600][82.825s][info][gc,stats    ] 
[2026-04-03T02:25:20.322+0600][82.825s][info][gc,stats    ] Concurrent Reset                   1410 us
[2026-04-03T02:25:20.322+0600][82.825s][info][gc,stats    ] Pause Init Mark (G)                 313 us
[2026-04-03T02:25:20.322+0600][82.825s][info][gc,stats    ] Pause Init Mark (N)                 132 us
[2026-04-03T02:25:20.322+0600][82.825s][info][gc,stats    ]   Update Region States               39 us
[2026-04-03T02:25:20.322+0600][82.825s][info][gc,stats    ] Concurrent Mark Roots              2054 us, parallelism: 1.50x
[2026-04-03T02:25:20.322+0600][82.825s][info][gc,stats    ]   CMR: <total>                     3090 us
[2026-04-03T02:25:20.322+0600][82.825s][info][gc,stats    ]   CMR: Thread Roots                2745 us, workers (us): 1509, 1235,   0, ---, ---, ---, 
[2026-04-03T02:25:20.322+0600][82.825s][info][gc,stats    ]   CMR: VM Strong Roots               57 us, workers (us):  50,   6,   0, ---, ---, ---, 
[2026-04-03T02:25:20.322+0600][82.825s][info][gc,stats    ]   CMR: CLDG Roots                   289 us, workers (us): ---, 289, ---, ---, ---, ---, 
[2026-04-03T02:25:20.322+0600][82.825s][info][gc,stats    ] Concurrent Marking                75166 us
[2026-04-03T02:25:20.322+0600][82.825s][info][gc,stats    ] Pause Final Mark (G)               1412 us
[2026-04-03T02:25:20.322+0600][82.825s][info][gc,stats    ] Pause Final Mark (N)               1040 us
[2026-04-03T02:25:20.322+0600][82.825s][info][gc,stats    ]   Finish Mark                       350 us
[2026-04-03T02:25:20.322+0600][82.825s][info][gc,stats    ]   Update Region States               60 us
[2026-04-03T02:25:20.322+0600][82.825s][info][gc,stats    ]   Choose Collection Set             312 us
[2026-04-03T02:25:20.322+0600][82.825s][info][gc,stats    ]   Rebuild Free Set                   53 us
[2026-04-03T02:25:20.322+0600][82.825s][info][gc,stats    ] Concurrent Thread Roots            1058 us, parallelism: 2.14x
[2026-04-03T02:25:20.322+0600][82.825s][info][gc,stats    ]   CTR: <total>                     2264 us
[2026-04-03T02:25:20.322+0600][82.825s][info][gc,stats    ]   CTR: Thread Roots                2264 us, workers (us): 792, 751, 720, ---, ---, ---, 
[2026-04-03T02:25:20.322+0600][82.825s][info][gc,stats    ] Concurrent Weak References          913 us, parallelism: 1.18x
[2026-04-03T02:25:20.322+0600][82.825s][info][gc,stats    ]   CWRF: <total>                    1079 us
[2026-04-03T02:25:20.322+0600][82.825s][info][gc,stats    ]   CWRF: Weak References            1079 us, workers (us): 461, 616,   1, ---, ---, ---, 
[2026-04-03T02:25:20.322+0600][82.825s][info][gc,stats    ] Concurrent Weak Roots              7236 us
[2026-04-03T02:25:20.322+0600][82.825s][info][gc,stats    ]   Roots                            4826 us, parallelism: 2.78x
[2026-04-03T02:25:20.322+0600][82.825s][info][gc,stats    ]     CWR: <total>                  13423 us
[2026-04-03T02:25:20.322+0600][82.825s][info][gc,stats    ]     CWR: Code Cache Roots         10339 us, workers (us): 3458, 3483, 3397, ---, ---, ---, 
[2026-04-03T02:25:20.322+0600][82.825s][info][gc,stats    ]     CWR: VM Weak Roots             2899 us, workers (us): 968, 969, 962, ---, ---, ---, 
[2026-04-03T02:25:20.322+0600][82.826s][info][gc,stats    ]     CWR: CLDG Roots                 185 us, workers (us): ---, ---, 185, ---, ---, ---, 
[2026-04-03T02:25:20.322+0600][82.826s][info][gc,stats    ]   Rendezvous                       2285 us
[2026-04-03T02:25:20.322+0600][82.826s][info][gc,stats    ] Concurrent Cleanup                 1468 us
[2026-04-03T02:25:20.322+0600][82.826s][info][gc,stats    ] Concurrent Class Unloading        24471 us
[2026-04-03T02:25:20.322+0600][82.826s][info][gc,stats    ]   Unlink Stale                    22111 us
[2026-04-03T02:25:20.322+0600][82.826s][info][gc,stats    ]     System Dictionary               312 us
[2026-04-03T02:25:20.322+0600][82.826s][info][gc,stats    ]     Weak Class Links                  0 us
[2026-04-03T02:25:20.322+0600][82.826s][info][gc,stats    ]     Code Roots                    21796 us
[2026-04-03T02:25:20.322+0600][82.826s][info][gc,stats    ]   Rendezvous                        279 us
[2026-04-03T02:25:20.322+0600][82.826s][info][gc,stats    ]   Purge Unlinked                   1917 us
[2026-04-03T02:25:20.322+0600][82.826s][info][gc,stats    ]     Code Roots                     1895 us
[2026-04-03T02:25:20.322+0600][82.826s][info][gc,stats    ]     CLDG                             21 us
[2026-04-03T02:25:20.322+0600][82.826s][info][gc,stats    ]     Exception Caches                  0 us
[2026-04-03T02:25:20.322+0600][82.826s][info][gc,stats    ] Concurrent Strong Roots            1191 us, parallelism: 0.60x
[2026-04-03T02:25:20.322+0600][82.826s][info][gc,stats    ]   CSR: <total>                      712 us
[2026-04-03T02:25:20.322+0600][82.826s][info][gc,stats    ]   CSR: VM Strong Roots               57 us, workers (us):  29,  21,   7, ---, ---, ---, 
[2026-04-03T02:25:20.322+0600][82.826s][info][gc,stats    ]   CSR: CLDG Roots                   654 us, workers (us): ---, 654, ---, ---, ---, ---, 
[2026-04-03T02:25:20.322+0600][82.826s][info][gc,stats    ] Concurrent Evacuation              3921 us
[2026-04-03T02:25:20.322+0600][82.826s][info][gc,stats    ] Pause Init Update Refs (G)          383 us
[2026-04-03T02:25:20.322+0600][82.826s][info][gc,stats    ] Pause Init Update Refs (N)          140 us
[2026-04-03T02:25:20.322+0600][82.826s][info][gc,stats    ]   Manage GCLABs                      46 us
[2026-04-03T02:25:20.322+0600][82.826s][info][gc,stats    ] Concurrent Update Refs            51466 us
[2026-04-03T02:25:20.322+0600][82.826s][info][gc,stats    ] Concurrent Update Thread Roots     1682 us
[2026-04-03T02:25:20.322+0600][82.826s][info][gc,stats    ] Pause Final Update Refs (G)         588 us
[2026-04-03T02:25:20.322+0600][82.826s][info][gc,stats    ] Pause Final Update Refs (N)         313 us
[2026-04-03T02:25:20.322+0600][82.826s][info][gc,stats    ]   Update Region States               82 us
[2026-04-03T02:25:20.323+0600][82.826s][info][gc,stats    ]   Trash Collection Set               24 us
[2026-04-03T02:25:20.323+0600][82.826s][info][gc,stats    ]   Rebuild Free Set                   55 us
[2026-04-03T02:25:20.323+0600][82.826s][info][gc,stats    ] Concurrent Cleanup                  408 us
[2026-04-03T02:25:20.323+0600][82.826s][info][gc,stats    ] Pacing                           274424 us
[2026-04-03T02:25:20.323+0600][82.826s][info][gc,stats    ] 
[2026-04-03T02:25:20.323+0600][82.826s][info][gc,stats    ] Allocation pacing accrued:
[2026-04-03T02:25:20.323+0600][82.826s][info][gc,stats    ]      11 of   851 ms (  1.3%): Spark Context Cleaner
[2026-04-03T02:25:20.323+0600][82.826s][info][gc,stats    ]      34 of   851 ms (  4.0%): Executor task launch worker for task 3.0 in stage 3629.0 (TID 6816)
[2026-04-03T02:25:20.323+0600][82.826s][info][gc,stats    ]      33 of   851 ms (  3.9%): Executor task launch worker for task 5.0 in stage 3629.0 (TID 6818)
[2026-04-03T02:25:20.323+0600][82.826s][info][gc,stats    ]      32 of   851 ms (  3.8%): Executor task launch worker for task 6.0 in stage 3629.0 (TID 6819)
[2026-04-03T02:25:20.323+0600][82.826s][info][gc,stats    ]      33 of   851 ms (  3.9%): Executor task launch worker for task 4.0 in stage 3629.0 (TID 6817)
[2026-04-03T02:25:20.323+0600][82.826s][info][gc,stats    ]      32 of   851 ms (  3.8%): Executor task launch worker for task 7.0 in stage 3629.0 (TID 6820)
[2026-04-03T02:25:20.323+0600][82.826s][info][gc,stats    ]      33 of   851 ms (  3.8%): Executor task launch worker for task 0.0 in stage 3629.0 (TID 6813)
[2026-04-03T02:25:20.323+0600][82.826s][info][gc,stats    ]      33 of   851 ms (  3.9%): Executor task launch worker for task 2.0 in stage 3629.0 (TID 6815)
[2026-04-03T02:25:20.323+0600][82.826s][info][gc,stats    ]      32 of   851 ms (  3.8%): Executor task launch worker for task 1.0 in stage 3629.0 (TID 6814)
[2026-04-03T02:25:20.323+0600][82.826s][info][gc,stats    ]     274 of   851 ms ( 32.2%): <total>
[2026-04-03T02:25:20.323+0600][82.826s][info][gc,stats    ]       1 of   851 ms (  0.1%): <average total>
[2026-04-03T02:25:20.323+0600][82.826s][info][gc,stats    ]      30 of   851 ms (  3.6%): <average non-zero>
[2026-04-03T02:25:20.323+0600][82.826s][info][gc,stats    ] 
[2026-04-03T02:25:20.323+0600][82.826s][info][gc,metaspace] Metaspace: 131607K(132928K)->131607K(132928K) NonClass: 115116K(115776K)->115116K(115776K) Class: 16490K(17152K)->16490K(17152K)
[2026-04-03T02:25:20.323+0600][82.826s][info][gc,ergo     ] Pacer for Idle. Initial: 20480K, Alloc Tax Rate: 1.0x
[2026-04-03T02:25:20.755+0600][83.258s][info][gc          ] Trigger: Average GC time (193.06 ms) is above the time for average allocation rate (1131 MB/s) to deplete free headroom (216M) (margin of error = 1.85)
[2026-04-03T02:25:20.755+0600][83.259s][info][gc,ergo     ] Free headroom: 266M (free) - 51200K (spike) - 0B (penalties) = 216M
[2026-04-03T02:25:20.755+0600][83.259s][info][gc,ergo     ] Free: 266M, Max: 256K regular, 179M humongous, Frag: 33% external, 0% internal; Reserve: 51200K, Max: 256K
[2026-04-03T02:25:20.755+0600][83.259s][info][gc,start    ] GC(111) Concurrent reset
[2026-04-03T02:25:20.755+0600][83.259s][info][gc,task     ] GC(111) Using 3 of 6 workers for concurrent reset
[2026-04-03T02:25:20.755+0600][83.259s][info][gc,ergo     ] GC(111) Pacer for Reset. Non-Taxable: 1000M
[2026-04-03T02:25:20.756+0600][83.260s][info][gc          ] GC(111) Concurrent reset 1.107ms
[2026-04-03T02:25:20.757+0600][83.260s][info][gc,start    ] GC(111) Pause Init Mark (unload classes)
[2026-04-03T02:25:20.757+0600][83.260s][info][gc,task     ] GC(111) Using 6 of 6 workers for init marking
[2026-04-03T02:25:20.757+0600][83.260s][info][gc,ergo     ] GC(111) Pacer for Mark. Expected Live: 95471K, Free: 265M, Non-Taxable: 27215K, Alloc Tax Rate: 0.4x
[2026-04-03T02:25:20.757+0600][83.260s][info][gc          ] GC(111) Pause Init Mark (unload classes) 0.234ms
[2026-04-03T02:25:20.757+0600][83.260s][info][gc,start    ] GC(111) Concurrent marking roots
[2026-04-03T02:25:20.757+0600][83.260s][info][gc,task     ] GC(111) Using 3 of 6 workers for concurrent marking roots
[2026-04-03T02:25:20.758+0600][83.261s][info][gc          ] GC(111) Concurrent marking roots 1.159ms
[2026-04-03T02:25:20.758+0600][83.262s][info][gc,start    ] GC(111) Concurrent marking (unload classes)
[2026-04-03T02:25:20.758+0600][83.262s][info][gc,task     ] GC(111) Using 3 of 6 workers for concurrent marking
[2026-04-03T02:25:20.827+0600][83.330s][info][gc          ] GC(111) Concurrent marking (unload classes) 68.588ms
[2026-04-03T02:25:20.827+0600][83.330s][info][gc,start    ] GC(111) Pause Final Mark (unload classes)
[2026-04-03T02:25:20.827+0600][83.330s][info][gc,task     ] GC(111) Using 6 of 6 workers for final marking
[2026-04-03T02:25:20.828+0600][83.331s][info][gc,ergo     ] GC(111) Adaptive CSet Selection. Target Free: 141M, Actual Free: 752M, Max CSet: 42666K, Min Garbage: 0B
[2026-04-03T02:25:20.828+0600][83.331s][info][gc,ergo     ] GC(111) Collectable Garbage: 547M (98%), Immediate: 480M (86%), CSet: 69120K (12%)
[2026-04-03T02:25:20.828+0600][83.331s][info][gc,ergo     ] GC(111) Pacer for Evacuation. Used CSet: 72132K, Free: 737M, Non-Taxable: 75498K, Alloc Tax Rate: 1.1x
[2026-04-03T02:25:20.828+0600][83.331s][info][gc          ] GC(111) Pause Final Mark (unload classes) 0.915ms
[2026-04-03T02:25:20.828+0600][83.331s][info][gc,start    ] GC(111) Concurrent thread roots
[2026-04-03T02:25:20.828+0600][83.331s][info][gc,task     ] GC(111) Using 3 of 6 workers for Concurrent thread roots
[2026-04-03T02:25:20.829+0600][83.332s][info][gc          ] GC(111) Concurrent thread roots 0.837ms
[2026-04-03T02:25:20.829+0600][83.332s][info][gc,start    ] GC(111) Concurrent weak references
[2026-04-03T02:25:20.829+0600][83.332s][info][gc,task     ] GC(111) Using 3 of 6 workers for concurrent weak references
[2026-04-03T02:25:20.830+0600][83.333s][info][gc,ref      ] GC(111) Encountered references: Soft: 3784, Weak: 16104, Final: 84, Phantom: 620
[2026-04-03T02:25:20.830+0600][83.333s][info][gc,ref      ] GC(111) Discovered  references: Soft: 0, Weak: 9971, Final: 84, Phantom: 616
[2026-04-03T02:25:20.830+0600][83.333s][info][gc,ref      ] GC(111) Enqueued    references: Soft: 0, Weak: 1446, Final: 0, Phantom: 0
[2026-04-03T02:25:20.830+0600][83.333s][info][gc          ] GC(111) Concurrent weak references 0.758ms
[2026-04-03T02:25:20.830+0600][83.333s][info][gc,start    ] GC(111) Concurrent weak roots
[2026-04-03T02:25:20.830+0600][83.333s][info][gc,task     ] GC(111) Using 3 of 6 workers for concurrent weak root
[2026-04-03T02:25:20.834+0600][83.338s][info][gc          ] GC(111) Concurrent weak roots 4.743ms
[2026-04-03T02:25:20.834+0600][83.338s][info][gc,start    ] GC(111) Concurrent cleanup
[2026-04-03T02:25:20.836+0600][83.339s][info][gc          ] GC(111) Concurrent cleanup 698M->221M(832M) 1.187ms
[2026-04-03T02:25:20.836+0600][83.339s][info][gc,ergo     ] GC(111) Free: 725M, Max: 256K regular, 180M humongous, Frag: 76% external, 0% internal; Reserve: 50974K, Max: 256K
[2026-04-03T02:25:20.836+0600][83.339s][info][gc,start    ] GC(111) Concurrent class unloading
[2026-04-03T02:25:20.836+0600][83.339s][info][gc,task     ] GC(111) Using 3 of 6 workers for concurrent class unloading
[2026-04-03T02:25:20.854+0600][83.357s][info][gc          ] GC(111) Concurrent class unloading 18.349ms
[2026-04-03T02:25:20.854+0600][83.357s][info][gc,start    ] GC(111) Concurrent strong roots
[2026-04-03T02:25:20.854+0600][83.358s][info][gc,task     ] GC(111) Using 3 of 6 workers for concurrent strong root
[2026-04-03T02:25:20.855+0600][83.358s][info][gc          ] GC(111) Concurrent strong roots 0.956ms
[2026-04-03T02:25:20.855+0600][83.358s][info][gc,start    ] GC(111) Concurrent evacuation
[2026-04-03T02:25:20.855+0600][83.358s][info][gc,task     ] GC(111) Using 3 of 6 workers for concurrent evacuation
[2026-04-03T02:25:20.857+0600][83.360s][info][gc          ] GC(111) Concurrent evacuation 1.319ms
[2026-04-03T02:25:20.857+0600][83.360s][info][gc,start    ] GC(111) Pause Init Update Refs
[2026-04-03T02:25:20.857+0600][83.360s][info][gc,ergo     ] GC(111) Pacer for Update Refs. Used: 237M, Free: 710M, Non-Taxable: 72788K, Alloc Tax Rate: 1.1x
[2026-04-03T02:25:20.857+0600][83.360s][info][gc          ] GC(111) Pause Init Update Refs 0.141ms
[2026-04-03T02:25:20.857+0600][83.360s][info][gc,start    ] GC(111) Concurrent update references
[2026-04-03T02:25:20.857+0600][83.360s][info][gc,task     ] GC(111) Using 3 of 6 workers for concurrent reference update
[2026-04-03T02:25:20.901+0600][83.404s][info][gc          ] GC(111) Concurrent update references 43.561ms
[2026-04-03T02:25:20.901+0600][83.404s][info][gc,start    ] GC(111) Concurrent update thread roots
[2026-04-03T02:25:20.902+0600][83.405s][info][gc          ] GC(111) Concurrent update thread roots 1.412ms
[2026-04-03T02:25:20.902+0600][83.406s][info][gc,start    ] GC(111) Pause Final Update Refs
[2026-04-03T02:25:20.902+0600][83.406s][info][gc,task     ] GC(111) Using 6 of 6 workers for final reference update
[2026-04-03T02:25:20.903+0600][83.406s][info][gc          ] GC(111) Pause Final Update Refs 0.198ms
[2026-04-03T02:25:20.903+0600][83.406s][info][gc,start    ] GC(111) Concurrent cleanup
[2026-04-03T02:25:20.904+0600][83.407s][info][gc          ] GC(111) Concurrent cleanup 251M->181M(832M) 0.772ms
[2026-04-03T02:25:20.904+0600][83.407s][info][gc,ergo     ] Free: 762M, Max: 256K regular, 258M humongous, Frag: 67% external, 0% internal; Reserve: 51200K, Max: 256K
[2026-04-03T02:25:20.904+0600][83.407s][info][gc,stats    ] 
[2026-04-03T02:25:20.904+0600][83.407s][info][gc,stats    ] All times are wall-clock times, except per-root-class counters, that are sum over
[2026-04-03T02:25:20.904+0600][83.407s][info][gc,stats    ] all workers. Dividing the <total> over the root stage time estimates parallelism.
[2026-04-03T02:25:20.904+0600][83.407s][info][gc,stats    ] 
[2026-04-03T02:25:20.904+0600][83.407s][info][gc,stats    ] Concurrent Reset                   1151 us
[2026-04-03T02:25:20.904+0600][83.407s][info][gc,stats    ] Pause Init Mark (G)                 540 us
[2026-04-03T02:25:20.904+0600][83.407s][info][gc,stats    ] Pause Init Mark (N)                 244 us
[2026-04-03T02:25:20.904+0600][83.407s][info][gc,stats    ]   Update Region States               76 us
[2026-04-03T02:25:20.904+0600][83.407s][info][gc,stats    ] Concurrent Mark Roots              1206 us, parallelism: 1.89x
[2026-04-03T02:25:20.904+0600][83.407s][info][gc,stats    ]   CMR: <total>                     2284 us
[2026-04-03T02:25:20.904+0600][83.407s][info][gc,stats    ]   CMR: Thread Roots                1954 us, workers (us): 748, 459, 748, ---, ---, ---, 
[2026-04-03T02:25:20.904+0600][83.407s][info][gc,stats    ]   CMR: VM Strong Roots               39 us, workers (us):  37,   1,   1, ---, ---, ---, 
[2026-04-03T02:25:20.904+0600][83.407s][info][gc,stats    ]   CMR: CLDG Roots                   291 us, workers (us): ---, 291, ---, ---, ---, ---, 
[2026-04-03T02:25:20.904+0600][83.407s][info][gc,stats    ] Concurrent Marking                68697 us
[2026-04-03T02:25:20.904+0600][83.407s][info][gc,stats    ] Pause Final Mark (G)               1108 us
[2026-04-03T02:25:20.904+0600][83.407s][info][gc,stats    ] Pause Final Mark (N)                927 us
[2026-04-03T02:25:20.904+0600][83.407s][info][gc,stats    ]   Finish Mark                       345 us
[2026-04-03T02:25:20.904+0600][83.407s][info][gc,stats    ]   Update Region States               60 us
[2026-04-03T02:25:20.904+0600][83.407s][info][gc,stats    ]   Choose Collection Set             290 us
[2026-04-03T02:25:20.904+0600][83.407s][info][gc,stats    ]   Rebuild Free Set                   53 us
[2026-04-03T02:25:20.904+0600][83.407s][info][gc,stats    ] Concurrent Thread Roots             853 us, parallelism: 2.44x
[2026-04-03T02:25:20.904+0600][83.407s][info][gc,stats    ]   CTR: <total>                     2082 us
[2026-04-03T02:25:20.904+0600][83.407s][info][gc,stats    ]   CTR: Thread Roots                2082 us, workers (us): 706, 695, 681, ---, ---, ---, 
[2026-04-03T02:25:20.904+0600][83.407s][info][gc,stats    ] Concurrent Weak References          768 us, parallelism: 1.56x
[2026-04-03T02:25:20.904+0600][83.407s][info][gc,stats    ]   CWRF: <total>                    1195 us
[2026-04-03T02:25:20.904+0600][83.407s][info][gc,stats    ]   CWRF: Weak References            1195 us, workers (us): 573, 333, 290, ---, ---, ---, 
[2026-04-03T02:25:20.904+0600][83.407s][info][gc,stats    ] Concurrent Weak Roots              4826 us
[2026-04-03T02:25:20.904+0600][83.407s][info][gc,stats    ]   Roots                            4437 us, parallelism: 2.66x
[2026-04-03T02:25:20.904+0600][83.407s][info][gc,stats    ]     CWR: <total>                  11810 us
[2026-04-03T02:25:20.904+0600][83.407s][info][gc,stats    ]     CWR: Code Cache Roots          8874 us, workers (us): 3185, 2684, 3004, ---, ---, ---, 
[2026-04-03T02:25:20.904+0600][83.407s][info][gc,stats    ]     CWR: VM Weak Roots             2750 us, workers (us): 958, 894, 899, ---, ---, ---, 
[2026-04-03T02:25:20.904+0600][83.407s][info][gc,stats    ]     CWR: CLDG Roots                 186 us, workers (us): ---, 186, ---, ---, ---, ---, 
[2026-04-03T02:25:20.904+0600][83.407s][info][gc,stats    ]   Rendezvous                        282 us
[2026-04-03T02:25:20.904+0600][83.407s][info][gc,stats    ] Concurrent Cleanup                 1229 us
[2026-04-03T02:25:20.904+0600][83.407s][info][gc,stats    ] Concurrent Class Unloading        18428 us
[2026-04-03T02:25:20.904+0600][83.407s][info][gc,stats    ]   Unlink Stale                    16879 us
[2026-04-03T02:25:20.904+0600][83.407s][info][gc,stats    ]     System Dictionary               240 us
[2026-04-03T02:25:20.904+0600][83.407s][info][gc,stats    ]     Weak Class Links                  0 us
[2026-04-03T02:25:20.904+0600][83.407s][info][gc,stats    ]     Code Roots                    16635 us
[2026-04-03T02:25:20.904+0600][83.407s][info][gc,stats    ]   Rendezvous                        328 us
[2026-04-03T02:25:20.904+0600][83.407s][info][gc,stats    ]   Purge Unlinked                   1108 us
[2026-04-03T02:25:20.904+0600][83.407s][info][gc,stats    ]     Code Roots                     1093 us
[2026-04-03T02:25:20.904+0600][83.407s][info][gc,stats    ]     CLDG                             13 us
[2026-04-03T02:25:20.904+0600][83.407s][info][gc,stats    ]     Exception Caches                  0 us
[2026-04-03T02:25:20.904+0600][83.407s][info][gc,stats    ] Concurrent Strong Roots             989 us, parallelism: 0.57x
[2026-04-03T02:25:20.904+0600][83.407s][info][gc,stats    ]   CSR: <total>                      561 us
[2026-04-03T02:25:20.904+0600][83.407s][info][gc,stats    ]   CSR: VM Strong Roots               35 us, workers (us):  31,   2,   1, ---, ---, ---, 
[2026-04-03T02:25:20.904+0600][83.407s][info][gc,stats    ]   CSR: CLDG Roots                   526 us, workers (us): 526, ---, ---, ---, ---, ---, 
[2026-04-03T02:25:20.904+0600][83.407s][info][gc,stats    ] Concurrent Evacuation              1379 us
[2026-04-03T02:25:20.904+0600][83.407s][info][gc,stats    ] Pause Init Update Refs (G)          491 us
[2026-04-03T02:25:20.904+0600][83.407s][info][gc,stats    ] Pause Init Update Refs (N)          157 us
[2026-04-03T02:25:20.904+0600][83.407s][info][gc,stats    ]   Manage GCLABs                      56 us
[2026-04-03T02:25:20.904+0600][83.407s][info][gc,stats    ] Concurrent Update Refs            43636 us
[2026-04-03T02:25:20.904+0600][83.407s][info][gc,stats    ] Concurrent Update Thread Roots     1486 us
[2026-04-03T02:25:20.904+0600][83.407s][info][gc,stats    ] Pause Final Update Refs (G)         577 us
[2026-04-03T02:25:20.904+0600][83.407s][info][gc,stats    ] Pause Final Update Refs (N)         223 us
[2026-04-03T02:25:20.904+0600][83.407s][info][gc,stats    ]   Update Region States               76 us
[2026-04-03T02:25:20.904+0600][83.407s][info][gc,stats    ]   Trash Collection Set               20 us
[2026-04-03T02:25:20.904+0600][83.407s][info][gc,stats    ]   Rebuild Free Set                   49 us
[2026-04-03T02:25:20.904+0600][83.407s][info][gc,stats    ] Concurrent Cleanup                  793 us
[2026-04-03T02:25:20.904+0600][83.407s][info][gc,stats    ] Pacing                           153950 us
[2026-04-03T02:25:20.904+0600][83.407s][info][gc,stats    ] 
[2026-04-03T02:25:20.904+0600][83.407s][info][gc,stats    ] Allocation pacing accrued:
[2026-04-03T02:25:20.904+0600][83.407s][info][gc,stats    ]      20 of   581 ms (  3.4%): Executor task launch worker for task 1.0 in stage 3664.0 (TID 6910)
[2026-04-03T02:25:20.904+0600][83.407s][info][gc,stats    ]      19 of   581 ms (  3.3%): Executor task launch worker for task 0.0 in stage 3689.0 (TID 6917)
[2026-04-03T02:25:20.904+0600][83.407s][info][gc,stats    ]      20 of   581 ms (  3.4%): Executor task launch worker for task 2.0 in stage 3664.0 (TID 6911)
[2026-04-03T02:25:20.904+0600][83.407s][info][gc,stats    ]      19 of   581 ms (  3.2%): Executor task launch worker for task 7.0 in stage 3664.0 (TID 6916)
[2026-04-03T02:25:20.904+0600][83.407s][info][gc,stats    ]      19 of   581 ms (  3.3%): Executor task launch worker for task 3.0 in stage 3664.0 (TID 6912)
[2026-04-03T02:25:20.904+0600][83.407s][info][gc,stats    ]      19 of   581 ms (  3.2%): Executor task launch worker for task 0.0 in stage 3664.0 (TID 6909)
[2026-04-03T02:25:20.904+0600][83.407s][info][gc,stats    ]      19 of   581 ms (  3.3%): Executor task launch worker for task 5.0 in stage 3664.0 (TID 6914)
[2026-04-03T02:25:20.904+0600][83.407s][info][gc,stats    ]      19 of   581 ms (  3.2%): Executor task launch worker for task 6.0 in stage 3664.0 (TID 6915)
[2026-04-03T02:25:20.904+0600][83.407s][info][gc,stats    ]     154 of   581 ms ( 26.5%): <total>
[2026-04-03T02:25:20.904+0600][83.407s][info][gc,stats    ]       1 of   581 ms (  0.1%): <average total>
[2026-04-03T02:25:20.904+0600][83.407s][info][gc,stats    ]      19 of   581 ms (  3.3%): <average non-zero>
[2026-04-03T02:25:20.904+0600][83.407s][info][gc,stats    ] 
[2026-04-03T02:25:20.904+0600][83.407s][info][gc,metaspace] Metaspace: 131611K(132928K)->131611K(132928K) NonClass: 115120K(115776K)->115120K(115776K) Class: 16490K(17152K)->16490K(17152K)
[2026-04-03T02:25:20.904+0600][83.407s][info][gc,ergo     ] Pacer for Idle. Initial: 20480K, Alloc Tax Rate: 1.0x
[2026-04-03T02:25:21.278+0600][83.782s][info][gc          ] Trigger: Average GC time (182.67 ms) is above the time for average allocation rate (1225 MB/s) to deplete free headroom (209M) (margin of error = 1.85)
[2026-04-03T02:25:21.278+0600][83.782s][info][gc,ergo     ] Free headroom: 259M (free) - 51200K (spike) - 0B (penalties) = 209M
[2026-04-03T02:25:21.278+0600][83.782s][info][gc,ergo     ] Free: 255M, Max: 256K regular, 218M humongous, Frag: 15% external, 0% internal; Reserve: 51200K, Max: 256K
[2026-04-03T02:25:21.279+0600][83.782s][info][gc,start    ] GC(112) Concurrent reset
[2026-04-03T02:25:21.279+0600][83.782s][info][gc,task     ] GC(112) Using 3 of 6 workers for concurrent reset
[2026-04-03T02:25:21.279+0600][83.782s][info][gc,ergo     ] GC(112) Pacer for Reset. Non-Taxable: 1000M
[2026-04-03T02:25:21.280+0600][83.783s][info][gc          ] GC(112) Concurrent reset 1.169ms
[2026-04-03T02:25:21.281+0600][83.784s][info][gc,start    ] GC(112) Pause Init Mark (unload classes)
[2026-04-03T02:25:21.281+0600][83.784s][info][gc,task     ] GC(112) Using 6 of 6 workers for init marking
[2026-04-03T02:25:21.281+0600][83.784s][info][gc,ergo     ] GC(112) Pacer for Mark. Expected Live: 94937K, Free: 236M, Non-Taxable: 24244K, Alloc Tax Rate: 0.5x
[2026-04-03T02:25:21.281+0600][83.784s][info][gc          ] GC(112) Pause Init Mark (unload classes) 0.208ms
[2026-04-03T02:25:21.281+0600][83.784s][info][gc,start    ] GC(112) Concurrent marking roots
[2026-04-03T02:25:21.281+0600][83.784s][info][gc,task     ] GC(112) Using 3 of 6 workers for concurrent marking roots
[2026-04-03T02:25:21.282+0600][83.786s][info][gc          ] GC(112) Concurrent marking roots 1.375ms
[2026-04-03T02:25:21.282+0600][83.786s][info][gc,start    ] GC(112) Concurrent marking (unload classes)
[2026-04-03T02:25:21.282+0600][83.786s][info][gc,task     ] GC(112) Using 3 of 6 workers for concurrent marking
[2026-04-03T02:25:21.325+0600][83.828s][info][gc          ] GC(112) Concurrent marking (unload classes) 42.754ms
[2026-04-03T02:25:21.325+0600][83.829s][info][gc,start    ] GC(112) Pause Final Mark (unload classes)
[2026-04-03T02:25:21.325+0600][83.829s][info][gc,task     ] GC(112) Using 6 of 6 workers for final marking
[2026-04-03T02:25:21.326+0600][83.829s][info][gc,ergo     ] GC(112) Adaptive CSet Selection. Target Free: 141M, Actual Free: 701M, Max CSet: 42666K, Min Garbage: 0B
[2026-04-03T02:25:21.326+0600][83.829s][info][gc,ergo     ] GC(112) Collectable Garbage: 564M (98%), Immediate: 462M (80%), CSet: 101M (17%)
[2026-04-03T02:25:21.326+0600][83.829s][info][gc,ergo     ] GC(112) Pacer for Evacuation. Used CSet: 107M, Free: 678M, Non-Taxable: 69444K, Alloc Tax Rate: 1.1x
[2026-04-03T02:25:21.326+0600][83.829s][info][gc          ] GC(112) Pause Final Mark (unload classes) 0.752ms
[2026-04-03T02:25:21.326+0600][83.830s][info][gc,start    ] GC(112) Concurrent thread roots
[2026-04-03T02:25:21.326+0600][83.830s][info][gc,task     ] GC(112) Using 3 of 6 workers for Concurrent thread roots
[2026-04-03T02:25:21.327+0600][83.830s][info][gc          ] GC(112) Concurrent thread roots 0.914ms
[2026-04-03T02:25:21.327+0600][83.831s][info][gc,start    ] GC(112) Concurrent weak references
[2026-04-03T02:25:21.327+0600][83.831s][info][gc,task     ] GC(112) Using 3 of 6 workers for concurrent weak references
[2026-04-03T02:25:21.328+0600][83.831s][info][gc,ref      ] GC(112) Encountered references: Soft: 3788, Weak: 15586, Final: 84, Phantom: 634
[2026-04-03T02:25:21.328+0600][83.831s][info][gc,ref      ] GC(112) Discovered  references: Soft: 0, Weak: 5314, Final: 0, Phantom: 593
[2026-04-03T02:25:21.328+0600][83.831s][info][gc,ref      ] GC(112) Enqueued    references: Soft: 0, Weak: 895, Final: 0, Phantom: 0
[2026-04-03T02:25:21.328+0600][83.831s][info][gc          ] GC(112) Concurrent weak references 0.541ms
[2026-04-03T02:25:21.328+0600][83.831s][info][gc,start    ] GC(112) Concurrent weak roots
[2026-04-03T02:25:21.328+0600][83.831s][info][gc,task     ] GC(112) Using 3 of 6 workers for concurrent weak root
[2026-04-03T02:25:21.337+0600][83.840s][info][gc          ] GC(112) Concurrent weak roots 9.206ms
[2026-04-03T02:25:21.337+0600][83.840s][info][gc,start    ] GC(112) Concurrent cleanup
[2026-04-03T02:25:21.338+0600][83.841s][info][gc          ] GC(112) Concurrent cleanup 799M->336M(843M) 0.644ms
[2026-04-03T02:25:21.338+0600][83.841s][info][gc,ergo     ] GC(112) Free: 604M, Max: 256K regular, 114M humongous, Frag: 81% external, 0% internal; Reserve: 49647K, Max: 256K
[2026-04-03T02:25:21.338+0600][83.841s][info][gc,start    ] GC(112) Concurrent class unloading
[2026-04-03T02:25:21.338+0600][83.841s][info][gc,task     ] GC(112) Using 3 of 6 workers for concurrent class unloading
[2026-04-03T02:25:21.350+0600][83.853s][info][gc          ] GC(112) Concurrent class unloading 11.667ms
[2026-04-03T02:25:21.350+0600][83.853s][info][gc,start    ] GC(112) Concurrent strong roots
[2026-04-03T02:25:21.350+0600][83.853s][info][gc,task     ] GC(112) Using 3 of 6 workers for concurrent strong root
[2026-04-03T02:25:21.351+0600][83.854s][info][gc          ] GC(112) Concurrent strong roots 1.131ms
[2026-04-03T02:25:21.351+0600][83.854s][info][gc,start    ] GC(112) Concurrent evacuation
[2026-04-03T02:25:21.351+0600][83.854s][info][gc,task     ] GC(112) Using 3 of 6 workers for concurrent evacuation
[2026-04-03T02:25:21.353+0600][83.856s][info][gc          ] GC(112) Concurrent evacuation 1.848ms
[2026-04-03T02:25:21.353+0600][83.856s][info][gc,start    ] GC(112) Pause Init Update Refs
[2026-04-03T02:25:21.353+0600][83.856s][info][gc,ergo     ] GC(112) Pacer for Update Refs. Used: 346M, Free: 599M, Non-Taxable: 61354K, Alloc Tax Rate: 1.1x
[2026-04-03T02:25:21.353+0600][83.856s][info][gc          ] GC(112) Pause Init Update Refs 0.093ms
[2026-04-03T02:25:21.353+0600][83.856s][info][gc,start    ] GC(112) Concurrent update references
[2026-04-03T02:25:21.353+0600][83.856s][info][gc,task     ] GC(112) Using 3 of 6 workers for concurrent reference update
[2026-04-03T02:25:21.396+0600][83.900s][info][gc          ] GC(112) Concurrent update references 43.268ms
[2026-04-03T02:25:21.396+0600][83.900s][info][gc,start    ] GC(112) Concurrent update thread roots
[2026-04-03T02:25:21.398+0600][83.902s][info][gc          ] GC(112) Concurrent update thread roots 1.851ms
[2026-04-03T02:25:21.399+0600][83.902s][info][gc,start    ] GC(112) Pause Final Update Refs
[2026-04-03T02:25:21.399+0600][83.902s][info][gc,task     ] GC(112) Using 6 of 6 workers for final reference update
[2026-04-03T02:25:21.399+0600][83.902s][info][gc          ] GC(112) Pause Final Update Refs 0.297ms
[2026-04-03T02:25:21.399+0600][83.902s][info][gc,start    ] GC(112) Concurrent cleanup
[2026-04-03T02:25:21.399+0600][83.903s][info][gc          ] GC(112) Concurrent cleanup 437M->330M(843M) 0.429ms
[2026-04-03T02:25:21.399+0600][83.903s][info][gc,ergo     ] Free: 605M, Max: 256K regular, 258M humongous, Frag: 58% external, 0% internal; Reserve: 51200K, Max: 256K
[2026-04-03T02:25:21.400+0600][83.903s][info][gc,stats    ] 
[2026-04-03T02:25:21.400+0600][83.903s][info][gc,stats    ] All times are wall-clock times, except per-root-class counters, that are sum over
[2026-04-03T02:25:21.400+0600][83.903s][info][gc,stats    ] all workers. Dividing the <total> over the root stage time estimates parallelism.
[2026-04-03T02:25:21.400+0600][83.903s][info][gc,stats    ] 
[2026-04-03T02:25:21.400+0600][83.903s][info][gc,stats    ] Concurrent Reset                   1249 us
[2026-04-03T02:25:21.400+0600][83.903s][info][gc,stats    ] Pause Init Mark (G)                1196 us
[2026-04-03T02:25:21.400+0600][83.903s][info][gc,stats    ] Pause Init Mark (N)                 221 us
[2026-04-03T02:25:21.400+0600][83.903s][info][gc,stats    ]   Update Region States               62 us
[2026-04-03T02:25:21.400+0600][83.903s][info][gc,stats    ] Concurrent Mark Roots              1449 us, parallelism: 1.96x
[2026-04-03T02:25:21.400+0600][83.903s][info][gc,stats    ]   CMR: <total>                     2835 us
[2026-04-03T02:25:21.400+0600][83.903s][info][gc,stats    ]   CMR: Thread Roots                2444 us, workers (us): 676, 850, 919, ---, ---, ---, 
[2026-04-03T02:25:21.400+0600][83.903s][info][gc,stats    ]   CMR: VM Strong Roots              141 us, workers (us):  37,  95,   9, ---, ---, ---, 
[2026-04-03T02:25:21.400+0600][83.903s][info][gc,stats    ]   CMR: CLDG Roots                   250 us, workers (us): 250, ---, ---, ---, ---, ---, 
[2026-04-03T02:25:21.400+0600][83.903s][info][gc,stats    ] Concurrent Marking                42828 us
[2026-04-03T02:25:21.400+0600][83.903s][info][gc,stats    ] Pause Final Mark (G)                974 us
[2026-04-03T02:25:21.400+0600][83.903s][info][gc,stats    ] Pause Final Mark (N)                764 us
[2026-04-03T02:25:21.400+0600][83.903s][info][gc,stats    ]   Finish Mark                       247 us
[2026-04-03T02:25:21.400+0600][83.903s][info][gc,stats    ]   Update Region States               52 us
[2026-04-03T02:25:21.400+0600][83.903s][info][gc,stats    ]   Choose Collection Set             274 us
[2026-04-03T02:25:21.400+0600][83.903s][info][gc,stats    ]   Rebuild Free Set                   46 us
[2026-04-03T02:25:21.400+0600][83.903s][info][gc,stats    ] Concurrent Thread Roots            1014 us, parallelism: 2.04x
[2026-04-03T02:25:21.400+0600][83.903s][info][gc,stats    ]   CTR: <total>                     2066 us
[2026-04-03T02:25:21.400+0600][83.903s][info][gc,stats    ]   CTR: Thread Roots                2066 us, workers (us): 747, 676, 644, ---, ---, ---, 
[2026-04-03T02:25:21.400+0600][83.903s][info][gc,stats    ] Concurrent Weak References          556 us, parallelism: 1.14x
[2026-04-03T02:25:21.400+0600][83.903s][info][gc,stats    ]   CWRF: <total>                     634 us
[2026-04-03T02:25:21.400+0600][83.903s][info][gc,stats    ]   CWRF: Weak References             634 us, workers (us): 200, 211, 223, ---, ---, ---, 
[2026-04-03T02:25:21.400+0600][83.903s][info][gc,stats    ] Concurrent Weak Roots              9279 us
[2026-04-03T02:25:21.400+0600][83.903s][info][gc,stats    ]   Roots                            4641 us, parallelism: 2.72x
[2026-04-03T02:25:21.400+0600][83.903s][info][gc,stats    ]     CWR: <total>                  12637 us
[2026-04-03T02:25:21.400+0600][83.903s][info][gc,stats    ]     CWR: Code Cache Roots         10327 us, workers (us): 3416, 3439, 3471, ---, ---, ---, 
[2026-04-03T02:25:21.400+0600][83.903s][info][gc,stats    ]     CWR: VM Weak Roots             2176 us, workers (us): 730, 732, 714, ---, ---, ---, 
[2026-04-03T02:25:21.400+0600][83.903s][info][gc,stats    ]     CWR: CLDG Roots                 134 us, workers (us): 134, ---, ---, ---, ---, ---, 
[2026-04-03T02:25:21.400+0600][83.903s][info][gc,stats    ]   Rendezvous                       4532 us
[2026-04-03T02:25:21.400+0600][83.903s][info][gc,stats    ] Concurrent Cleanup                  732 us
[2026-04-03T02:25:21.400+0600][83.903s][info][gc,stats    ] Concurrent Class Unloading        11745 us
[2026-04-03T02:25:21.400+0600][83.903s][info][gc,stats    ]   Unlink Stale                    10751 us
[2026-04-03T02:25:21.400+0600][83.903s][info][gc,stats    ]     System Dictionary               277 us
[2026-04-03T02:25:21.400+0600][83.903s][info][gc,stats    ]     Weak Class Links                  0 us
[2026-04-03T02:25:21.400+0600][83.903s][info][gc,stats    ]     Code Roots                    10470 us
[2026-04-03T02:25:21.400+0600][83.903s][info][gc,stats    ]   Rendezvous                        454 us
[2026-04-03T02:25:21.400+0600][83.903s][info][gc,stats    ]   Purge Unlinked                    429 us
[2026-04-03T02:25:21.400+0600][83.903s][info][gc,stats    ]     Code Roots                      417 us
[2026-04-03T02:25:21.400+0600][83.903s][info][gc,stats    ]     CLDG                             11 us
[2026-04-03T02:25:21.400+0600][83.903s][info][gc,stats    ]     Exception Caches                  0 us
[2026-04-03T02:25:21.400+0600][83.903s][info][gc,stats    ] Concurrent Strong Roots            1185 us, parallelism: 0.60x
[2026-04-03T02:25:21.400+0600][83.903s][info][gc,stats    ]   CSR: <total>                      715 us
[2026-04-03T02:25:21.400+0600][83.903s][info][gc,stats    ]   CSR: VM Strong Roots               29 us, workers (us):  26,   2,   0, ---, ---, ---, 
[2026-04-03T02:25:21.400+0600][83.903s][info][gc,stats    ]   CSR: CLDG Roots                   686 us, workers (us): ---, 686, ---, ---, ---, ---, 
[2026-04-03T02:25:21.400+0600][83.904s][info][gc,stats    ] Concurrent Evacuation              1911 us
[2026-04-03T02:25:21.400+0600][83.904s][info][gc,stats    ] Pause Init Update Refs (G)          352 us
[2026-04-03T02:25:21.400+0600][83.904s][info][gc,stats    ] Pause Init Update Refs (N)          102 us
[2026-04-03T02:25:21.400+0600][83.904s][info][gc,stats    ]   Manage GCLABs                      43 us
[2026-04-03T02:25:21.400+0600][83.904s][info][gc,stats    ] Concurrent Update Refs            43365 us
[2026-04-03T02:25:21.400+0600][83.904s][info][gc,stats    ] Concurrent Update Thread Roots     1947 us
[2026-04-03T02:25:21.400+0600][83.904s][info][gc,stats    ] Pause Final Update Refs (G)         555 us
[2026-04-03T02:25:21.400+0600][83.904s][info][gc,stats    ] Pause Final Update Refs (N)         320 us
[2026-04-03T02:25:21.400+0600][83.904s][info][gc,stats    ]   Update Region States               98 us
[2026-04-03T02:25:21.400+0600][83.904s][info][gc,stats    ]   Trash Collection Set               26 us
[2026-04-03T02:25:21.400+0600][83.904s][info][gc,stats    ]   Rebuild Free Set                   63 us
[2026-04-03T02:25:21.400+0600][83.904s][info][gc,stats    ] Concurrent Cleanup                  459 us
[2026-04-03T02:25:21.400+0600][83.904s][info][gc,stats    ] Pacing                           271613 us
[2026-04-03T02:25:21.400+0600][83.904s][info][gc,stats    ] 
[2026-04-03T02:25:21.400+0600][83.904s][info][gc,stats    ] Allocation pacing accrued:
[2026-04-03T02:25:21.400+0600][83.904s][info][gc,stats    ]      63 of   496 ms ( 12.7%): Executor task launch worker for task 1.0 in stage 3755.0 (TID 6960)
[2026-04-03T02:25:21.400+0600][83.904s][info][gc,stats    ]      61 of   496 ms ( 12.3%): Executor task launch worker for task 2.0 in stage 3755.0 (TID 6961)
[2026-04-03T02:25:21.400+0600][83.904s][info][gc,stats    ]      62 of   496 ms ( 12.5%): Executor task launch worker for task 3.0 in stage 3755.0 (TID 6962)
[2026-04-03T02:25:21.400+0600][83.904s][info][gc,stats    ]      64 of   496 ms ( 12.9%): Executor task launch worker for task 0.0 in stage 3755.0 (TID 6959)
[2026-04-03T02:25:21.400+0600][83.904s][info][gc,stats    ]      21 of   496 ms (  4.3%): block-manager-storage-async-thread-pool-6
[2026-04-03T02:25:21.400+0600][83.904s][info][gc,stats    ]     272 of   496 ms ( 54.7%): <total>
[2026-04-03T02:25:21.400+0600][83.904s][info][gc,stats    ]       1 of   496 ms (  0.2%): <average total>
[2026-04-03T02:25:21.400+0600][83.904s][info][gc,stats    ]      54 of   496 ms ( 10.9%): <average non-zero>
[2026-04-03T02:25:21.400+0600][83.904s][info][gc,stats    ] 
[2026-04-03T02:25:21.401+0600][83.904s][info][gc,metaspace] Metaspace: 131616K(132928K)->131619K(132928K) NonClass: 115125K(115776K)->115128K(115776K) Class: 16490K(17152K)->16490K(17152K)
[2026-04-03T02:25:21.401+0600][83.904s][info][gc,ergo     ] Pacer for Idle. Initial: 20480K, Alloc Tax Rate: 1.0x
[2026-04-03T02:25:21.448+0600][83.951s][info][gc          ] Trigger: Average GC time (177.68 ms) is above the time for average allocation rate (1634 MB/s) to deplete free headroom (284M) (margin of error = 1.87)
[2026-04-03T02:25:21.448+0600][83.951s][info][gc,ergo     ] Free headroom: 334M (free) - 51200K (spike) - 0B (penalties) = 284M
[2026-04-03T02:25:21.448+0600][83.951s][info][gc,ergo     ] Free: 333M, Max: 256K regular, 111M humongous, Frag: 67% external, 0% internal; Reserve: 51200K, Max: 256K
[2026-04-03T02:25:21.448+0600][83.951s][info][gc,start    ] GC(113) Concurrent reset
[2026-04-03T02:25:21.448+0600][83.951s][info][gc,task     ] GC(113) Using 3 of 6 workers for concurrent reset
[2026-04-03T02:25:21.448+0600][83.951s][info][gc,ergo     ] GC(113) Pacer for Reset. Non-Taxable: 1000M
[2026-04-03T02:25:21.449+0600][83.953s][info][gc          ] GC(113) Concurrent reset 1.349ms
[2026-04-03T02:25:21.450+0600][83.953s][info][gc,start    ] GC(113) Pause Init Mark (unload classes)
[2026-04-03T02:25:21.450+0600][83.953s][info][gc,task     ] GC(113) Using 6 of 6 workers for init marking
[2026-04-03T02:25:21.450+0600][83.953s][info][gc,ergo     ] GC(113) Pacer for Mark. Expected Live: 98754K, Free: 315M, Non-Taxable: 32320K, Alloc Tax Rate: 0.4x
[2026-04-03T02:25:21.450+0600][83.953s][info][gc          ] GC(113) Pause Init Mark (unload classes) 0.157ms
[2026-04-03T02:25:21.450+0600][83.954s][info][gc,start    ] GC(113) Concurrent marking roots
[2026-04-03T02:25:21.450+0600][83.954s][info][gc,task     ] GC(113) Using 3 of 6 workers for concurrent marking roots
[2026-04-03T02:25:21.452+0600][83.955s][info][gc          ] GC(113) Concurrent marking roots 1.609ms
[2026-04-03T02:25:21.452+0600][83.955s][info][gc,start    ] GC(113) Concurrent marking (unload classes)
[2026-04-03T02:25:21.452+0600][83.955s][info][gc,task     ] GC(113) Using 3 of 6 workers for concurrent marking
[2026-04-03T02:25:21.500+0600][84.003s][info][gc          ] GC(113) Concurrent marking (unload classes) 47.658ms
[2026-04-03T02:25:21.500+0600][84.003s][info][gc,start    ] GC(113) Pause Final Mark (unload classes)
[2026-04-03T02:25:21.500+0600][84.003s][info][gc,task     ] GC(113) Using 6 of 6 workers for final marking
[2026-04-03T02:25:21.500+0600][84.003s][info][gc,ergo     ] GC(113) Adaptive CSet Selection. Target Free: 141M, Actual Free: 758M, Max CSet: 42666K, Min Garbage: 0B
[2026-04-03T02:25:21.500+0600][84.004s][info][gc,ergo     ] GC(113) Collectable Garbage: 497M (98%), Immediate: 457M (90%), CSet: 40049K (7%)
[2026-04-03T02:25:21.500+0600][84.004s][info][gc,ergo     ] GC(113) Pacer for Evacuation. Used CSet: 45803K, Free: 740M, Non-Taxable: 75877K, Alloc Tax Rate: 1.1x
[2026-04-03T02:25:21.500+0600][84.004s][info][gc          ] GC(113) Pause Final Mark (unload classes) 0.638ms
[2026-04-03T02:25:21.501+0600][84.004s][info][gc,start    ] GC(113) Concurrent thread roots
[2026-04-03T02:25:21.501+0600][84.004s][info][gc,task     ] GC(113) Using 3 of 6 workers for Concurrent thread roots
[2026-04-03T02:25:21.502+0600][84.005s][info][gc          ] GC(113) Concurrent thread roots 1.014ms
[2026-04-03T02:25:21.502+0600][84.005s][info][gc,start    ] GC(113) Concurrent weak references
[2026-04-03T02:25:21.502+0600][84.005s][info][gc,task     ] GC(113) Using 3 of 6 workers for concurrent weak references
[2026-04-03T02:25:21.502+0600][84.005s][info][gc,ref      ] GC(113) Encountered references: Soft: 3788, Weak: 14862, Final: 84, Phantom: 627
[2026-04-03T02:25:21.502+0600][84.005s][info][gc,ref      ] GC(113) Discovered  references: Soft: 0, Weak: 6060, Final: 0, Phantom: 620
[2026-04-03T02:25:21.502+0600][84.005s][info][gc,ref      ] GC(113) Enqueued    references: Soft: 0, Weak: 231, Final: 0, Phantom: 0
[2026-04-03T02:25:21.502+0600][84.005s][info][gc          ] GC(113) Concurrent weak references 0.487ms
[2026-04-03T02:25:21.502+0600][84.005s][info][gc,start    ] GC(113) Concurrent weak roots
[2026-04-03T02:25:21.502+0600][84.005s][info][gc,task     ] GC(113) Using 3 of 6 workers for concurrent weak root
[2026-04-03T02:25:21.509+0600][84.012s][info][gc          ] GC(113) Concurrent weak roots 6.914ms
[2026-04-03T02:25:21.509+0600][84.012s][info][gc,start    ] GC(113) Concurrent cleanup
[2026-04-03T02:25:21.510+0600][84.014s][info][gc          ] GC(113) Concurrent cleanup 682M->229M(843M) 1.145ms
[2026-04-03T02:25:21.510+0600][84.014s][info][gc,ergo     ] GC(113) Free: 714M, Max: 256K regular, 207M humongous, Frag: 71% external, 0% internal; Reserve: 50991K, Max: 256K
[2026-04-03T02:25:21.510+0600][84.014s][info][gc,start    ] GC(113) Concurrent class unloading
[2026-04-03T02:25:21.510+0600][84.014s][info][gc,task     ] GC(113) Using 3 of 6 workers for concurrent class unloading
[2026-04-03T02:25:21.525+0600][84.028s][info][gc          ] GC(113) Concurrent class unloading 14.615ms
[2026-04-03T02:25:21.525+0600][84.028s][info][gc,start    ] GC(113) Concurrent strong roots
[2026-04-03T02:25:21.525+0600][84.028s][info][gc,task     ] GC(113) Using 3 of 6 workers for concurrent strong root
[2026-04-03T02:25:21.526+0600][84.030s][info][gc          ] GC(113) Concurrent strong roots 1.190ms
[2026-04-03T02:25:21.526+0600][84.030s][info][gc,start    ] GC(113) Concurrent evacuation
[2026-04-03T02:25:21.526+0600][84.030s][info][gc,task     ] GC(113) Using 3 of 6 workers for concurrent evacuation
[2026-04-03T02:25:21.528+0600][84.031s][info][gc          ] GC(113) Concurrent evacuation 1.743ms
[2026-04-03T02:25:21.528+0600][84.032s][info][gc,start    ] GC(113) Pause Init Update Refs
[2026-04-03T02:25:21.528+0600][84.032s][info][gc,ergo     ] GC(113) Pacer for Update Refs. Used: 247M, Free: 701M, Non-Taxable: 71803K, Alloc Tax Rate: 1.1x
[2026-04-03T02:25:21.528+0600][84.032s][info][gc          ] GC(113) Pause Init Update Refs 0.129ms
[2026-04-03T02:25:21.529+0600][84.032s][info][gc,start    ] GC(113) Concurrent update references
[2026-04-03T02:25:21.529+0600][84.032s][info][gc,task     ] GC(113) Using 3 of 6 workers for concurrent reference update
[2026-04-03T02:25:21.562+0600][84.066s][info][gc          ] GC(113) Concurrent update references 33.815ms
[2026-04-03T02:25:21.562+0600][84.066s][info][gc,start    ] GC(113) Concurrent update thread roots
[2026-04-03T02:25:21.564+0600][84.067s][info][gc          ] GC(113) Concurrent update thread roots 1.545ms
[2026-04-03T02:25:21.564+0600][84.068s][info][gc,start    ] GC(113) Pause Final Update Refs
[2026-04-03T02:25:21.564+0600][84.068s][info][gc,task     ] GC(113) Using 6 of 6 workers for final reference update
[2026-04-03T02:25:21.564+0600][84.068s][info][gc          ] GC(113) Pause Final Update Refs 0.189ms
[2026-04-03T02:25:21.565+0600][84.068s][info][gc,start    ] GC(113) Concurrent cleanup
[2026-04-03T02:25:21.565+0600][84.069s][info][gc          ] GC(113) Concurrent cleanup 265M->220M(844M) 0.819ms
[2026-04-03T02:25:21.566+0600][84.069s][info][gc,ergo     ] Free: 720M, Max: 256K regular, 368M humongous, Frag: 49% external, 0% internal; Reserve: 51200K, Max: 256K
[2026-04-03T02:25:21.566+0600][84.069s][info][gc,stats    ] 
[2026-04-03T02:25:21.566+0600][84.069s][info][gc,stats    ] All times are wall-clock times, except per-root-class counters, that are sum over
[2026-04-03T02:25:21.566+0600][84.069s][info][gc,stats    ] all workers. Dividing the <total> over the root stage time estimates parallelism.
[2026-04-03T02:25:21.566+0600][84.069s][info][gc,stats    ] 
[2026-04-03T02:25:21.566+0600][84.069s][info][gc,stats    ] Concurrent Reset                   1414 us
[2026-04-03T02:25:21.566+0600][84.069s][info][gc,stats    ] Pause Init Mark (G)                 800 us
[2026-04-03T02:25:21.566+0600][84.069s][info][gc,stats    ] Pause Init Mark (N)                 168 us
[2026-04-03T02:25:21.566+0600][84.069s][info][gc,stats    ]   Update Region States               43 us
[2026-04-03T02:25:21.566+0600][84.069s][info][gc,stats    ] Concurrent Mark Roots              1658 us, parallelism: 2.00x
[2026-04-03T02:25:21.566+0600][84.069s][info][gc,stats    ]   CMR: <total>                     3324 us
[2026-04-03T02:25:21.566+0600][84.069s][info][gc,stats    ]   CMR: Thread Roots                3052 us, workers (us): 862, 1121, 1069, ---, ---, ---, 
[2026-04-03T02:25:21.566+0600][84.069s][info][gc,stats    ]   CMR: VM Strong Roots               44 us, workers (us):  41,   1,   2, ---, ---, ---, 
[2026-04-03T02:25:21.566+0600][84.069s][info][gc,stats    ]   CMR: CLDG Roots                   228 us, workers (us): 228, ---, ---, ---, ---, ---, 
[2026-04-03T02:25:21.566+0600][84.069s][info][gc,stats    ] Concurrent Marking                47740 us
[2026-04-03T02:25:21.566+0600][84.069s][info][gc,stats    ] Pause Final Mark (G)                922 us
[2026-04-03T02:25:21.566+0600][84.069s][info][gc,stats    ] Pause Final Mark (N)                648 us
[2026-04-03T02:25:21.566+0600][84.069s][info][gc,stats    ]   Finish Mark                       197 us
[2026-04-03T02:25:21.566+0600][84.069s][info][gc,stats    ]   Update Region States               55 us
[2026-04-03T02:25:21.566+0600][84.069s][info][gc,stats    ]   Choose Collection Set             208 us
[2026-04-03T02:25:21.566+0600][84.069s][info][gc,stats    ]   Rebuild Free Set                   44 us
[2026-04-03T02:25:21.566+0600][84.069s][info][gc,stats    ] Concurrent Thread Roots            1041 us, parallelism: 2.30x
[2026-04-03T02:25:21.566+0600][84.069s][info][gc,stats    ]   CTR: <total>                     2390 us
[2026-04-03T02:25:21.566+0600][84.069s][info][gc,stats    ]   CTR: Thread Roots                2390 us, workers (us): 876, 893, 621, ---, ---, ---, 
[2026-04-03T02:25:21.566+0600][84.069s][info][gc,stats    ] Concurrent Weak References          500 us, parallelism: 1.29x
[2026-04-03T02:25:21.566+0600][84.069s][info][gc,stats    ]   CWRF: <total>                     647 us
[2026-04-03T02:25:21.566+0600][84.069s][info][gc,stats    ]   CWRF: Weak References             647 us, workers (us): 186, 327, 134, ---, ---, ---, 
[2026-04-03T02:25:21.566+0600][84.069s][info][gc,stats    ] Concurrent Weak Roots              7006 us
[2026-04-03T02:25:21.566+0600][84.069s][info][gc,stats    ]   Roots                            6199 us, parallelism: 2.13x
[2026-04-03T02:25:21.566+0600][84.069s][info][gc,stats    ]     CWR: <total>                  13178 us
[2026-04-03T02:25:21.566+0600][84.069s][info][gc,stats    ]     CWR: Code Cache Roots         10317 us, workers (us): 3545, 3485, 3287, ---, ---, ---, 
[2026-04-03T02:25:21.566+0600][84.069s][info][gc,stats    ]     CWR: VM Weak Roots             2751 us, workers (us): 1002, 986, 763, ---, ---, ---, 
[2026-04-03T02:25:21.566+0600][84.069s][info][gc,stats    ]     CWR: CLDG Roots                 110 us, workers (us): ---, ---, 110, ---, ---, ---, 
[2026-04-03T02:25:21.566+0600][84.069s][info][gc,stats    ]   Rendezvous                        662 us
[2026-04-03T02:25:21.566+0600][84.069s][info][gc,stats    ] Concurrent Cleanup                 1179 us
[2026-04-03T02:25:21.566+0600][84.069s][info][gc,stats    ] Concurrent Class Unloading        14686 us
[2026-04-03T02:25:21.566+0600][84.069s][info][gc,stats    ]   Unlink Stale                    13710 us
[2026-04-03T02:25:21.566+0600][84.069s][info][gc,stats    ]     System Dictionary               317 us
[2026-04-03T02:25:21.566+0600][84.069s][info][gc,stats    ]     Weak Class Links                  0 us
[2026-04-03T02:25:21.566+0600][84.069s][info][gc,stats    ]     Code Roots                    13390 us
[2026-04-03T02:25:21.566+0600][84.069s][info][gc,stats    ]   Rendezvous                        516 us
[2026-04-03T02:25:21.566+0600][84.069s][info][gc,stats    ]   Purge Unlinked                    351 us
[2026-04-03T02:25:21.566+0600][84.069s][info][gc,stats    ]     Code Roots                      340 us
[2026-04-03T02:25:21.566+0600][84.069s][info][gc,stats    ]     CLDG                             10 us
[2026-04-03T02:25:21.566+0600][84.069s][info][gc,stats    ]     Exception Caches                  0 us
[2026-04-03T02:25:21.566+0600][84.069s][info][gc,stats    ] Concurrent Strong Roots            1238 us, parallelism: 0.63x
[2026-04-03T02:25:21.566+0600][84.069s][info][gc,stats    ]   CSR: <total>                      779 us
[2026-04-03T02:25:21.566+0600][84.070s][info][gc,stats    ]   CSR: VM Strong Roots               35 us, workers (us):  32,   2,   0, ---, ---, ---, 
[2026-04-03T02:25:21.566+0600][84.070s][info][gc,stats    ]   CSR: CLDG Roots                   744 us, workers (us): ---, 744, ---, ---, ---, ---, 
[2026-04-03T02:25:21.566+0600][84.070s][info][gc,stats    ] Concurrent Evacuation              1781 us
[2026-04-03T02:25:21.566+0600][84.070s][info][gc,stats    ] Pause Init Update Refs (G)          463 us
[2026-04-03T02:25:21.566+0600][84.070s][info][gc,stats    ] Pause Init Update Refs (N)          144 us
[2026-04-03T02:25:21.566+0600][84.070s][info][gc,stats    ]   Manage GCLABs                      33 us
[2026-04-03T02:25:21.566+0600][84.070s][info][gc,stats    ] Concurrent Update Refs            33911 us
[2026-04-03T02:25:21.566+0600][84.070s][info][gc,stats    ] Concurrent Update Thread Roots     1626 us
[2026-04-03T02:25:21.566+0600][84.070s][info][gc,stats    ] Pause Final Update Refs (G)         544 us
[2026-04-03T02:25:21.566+0600][84.070s][info][gc,stats    ] Pause Final Update Refs (N)         211 us
[2026-04-03T02:25:21.566+0600][84.070s][info][gc,stats    ]   Update Region States               63 us
[2026-04-03T02:25:21.566+0600][84.070s][info][gc,stats    ]   Trash Collection Set               13 us
[2026-04-03T02:25:21.566+0600][84.070s][info][gc,stats    ]   Rebuild Free Set                   50 us
[2026-04-03T02:25:21.566+0600][84.070s][info][gc,stats    ] Concurrent Cleanup                  861 us
[2026-04-03T02:25:21.566+0600][84.070s][info][gc,stats    ] Pacing                           127908 us
[2026-04-03T02:25:21.566+0600][84.070s][info][gc,stats    ] 
[2026-04-03T02:25:21.566+0600][84.070s][info][gc,stats    ] Allocation pacing accrued:
[2026-04-03T02:25:21.566+0600][84.070s][info][gc,stats    ]       3 of   166 ms (  2.1%): dispatcher-event-loop-6
[2026-04-03T02:25:21.566+0600][84.070s][info][gc,stats    ]       0 of   166 ms (  0.2%): Spark Context Cleaner
[2026-04-03T02:25:21.566+0600][84.070s][info][gc,stats    ]      19 of   166 ms ( 11.2%): Executor task launch worker for task 0.0 in stage 3765.0 (TID 6979)
[2026-04-03T02:25:21.566+0600][84.070s][info][gc,stats    ]      15 of   166 ms (  8.8%): Executor task launch worker for task 6.0 in stage 3765.0 (TID 6985)
[2026-04-03T02:25:21.566+0600][84.070s][info][gc,stats    ]      15 of   166 ms (  8.8%): Executor task launch worker for task 5.0 in stage 3765.0 (TID 6984)
[2026-04-03T02:25:21.566+0600][84.070s][info][gc,stats    ]      16 of   166 ms (  9.7%): Executor task launch worker for task 1.0 in stage 3765.0 (TID 6980)
[2026-04-03T02:25:21.566+0600][84.070s][info][gc,stats    ]      15 of   166 ms (  9.3%): Executor task launch worker for task 7.0 in stage 3765.0 (TID 6986)
[2026-04-03T02:25:21.566+0600][84.070s][info][gc,stats    ]      15 of   166 ms (  9.1%): Executor task launch worker for task 4.0 in stage 3765.0 (TID 6983)
[2026-04-03T02:25:21.567+0600][84.070s][info][gc,stats    ]      15 of   166 ms (  8.9%): Executor task launch worker for task 2.0 in stage 3765.0 (TID 6981)
[2026-04-03T02:25:21.567+0600][84.070s][info][gc,stats    ]      15 of   166 ms (  9.1%): Executor task launch worker for task 3.0 in stage 3765.0 (TID 6982)
[2026-04-03T02:25:21.567+0600][84.070s][info][gc,stats    ]     128 of   166 ms ( 77.0%): <total>
[2026-04-03T02:25:21.567+0600][84.070s][info][gc,stats    ]       0 of   166 ms (  0.3%): <average total>
[2026-04-03T02:25:21.567+0600][84.070s][info][gc,stats    ]      13 of   166 ms (  7.7%): <average non-zero>
[2026-04-03T02:25:21.567+0600][84.070s][info][gc,stats    ] 
[2026-04-03T02:25:21.567+0600][84.070s][info][gc,metaspace] Metaspace: 131619K(132928K)->131619K(132928K) NonClass: 115128K(115776K)->115128K(115776K) Class: 16490K(17152K)->16490K(17152K)
[2026-04-03T02:25:21.567+0600][84.070s][info][gc,ergo     ] Pacer for Idle. Initial: 20480K, Alloc Tax Rate: 1.0x
[2026-04-03T02:25:22.124+0600][84.627s][info][gc          ] Trigger: Average GC time (162.26 ms) is above the time for average allocation rate (1061 MB/s) to deplete free headroom (171M) (margin of error = 1.87)
[2026-04-03T02:25:22.124+0600][84.628s][info][gc,ergo     ] Free headroom: 221M (free) - 51200K (spike) - 0B (penalties) = 171M
[2026-04-03T02:25:22.124+0600][84.628s][info][gc,ergo     ] Free: 221M, Max: 256K regular, 220M humongous, Frag: 0% external, 0% internal; Reserve: 51200K, Max: 256K
[2026-04-03T02:25:22.124+0600][84.628s][info][gc,start    ] GC(114) Concurrent reset
[2026-04-03T02:25:22.124+0600][84.628s][info][gc,task     ] GC(114) Using 3 of 6 workers for concurrent reset
[2026-04-03T02:25:22.124+0600][84.628s][info][gc,ergo     ] GC(114) Pacer for Reset. Non-Taxable: 1000M
[2026-04-03T02:25:22.125+0600][84.629s][info][gc          ] GC(114) Concurrent reset 1.104ms
[2026-04-03T02:25:22.126+0600][84.629s][info][gc,start    ] GC(114) Pause Init Mark (unload classes)
[2026-04-03T02:25:22.126+0600][84.629s][info][gc,task     ] GC(114) Using 6 of 6 workers for init marking
[2026-04-03T02:25:22.126+0600][84.629s][info][gc,ergo     ] GC(114) Pacer for Mark. Expected Live: 99242K, Free: 221M, Non-Taxable: 22641K, Alloc Tax Rate: 0.5x
[2026-04-03T02:25:22.126+0600][84.629s][info][gc          ] GC(114) Pause Init Mark (unload classes) 0.190ms
[2026-04-03T02:25:22.126+0600][84.629s][info][gc,start    ] GC(114) Concurrent marking roots
[2026-04-03T02:25:22.126+0600][84.629s][info][gc,task     ] GC(114) Using 3 of 6 workers for concurrent marking roots
[2026-04-03T02:25:22.128+0600][84.631s][info][gc          ] GC(114) Concurrent marking roots 1.709ms
[2026-04-03T02:25:22.128+0600][84.631s][info][gc,start    ] GC(114) Concurrent marking (unload classes)
[2026-04-03T02:25:22.128+0600][84.631s][info][gc,task     ] GC(114) Using 3 of 6 workers for concurrent marking
[2026-04-03T02:25:22.203+0600][84.707s][info][gc          ] GC(114) Concurrent marking (unload classes) 75.540ms
[2026-04-03T02:25:22.204+0600][84.707s][info][gc,start    ] GC(114) Pause Final Mark (unload classes)
[2026-04-03T02:25:22.204+0600][84.707s][info][gc,task     ] GC(114) Using 6 of 6 workers for final marking
[2026-04-03T02:25:22.204+0600][84.707s][info][gc,ergo     ] GC(114) Adaptive CSet Selection. Target Free: 141M, Actual Free: 709M, Max CSet: 42666K, Min Garbage: 0B
[2026-04-03T02:25:22.204+0600][84.707s][info][gc,ergo     ] GC(114) Collectable Garbage: 585M (98%), Immediate: 478M (80%), CSet: 106M (18%)
[2026-04-03T02:25:22.204+0600][84.707s][info][gc,ergo     ] GC(114) Pacer for Evacuation. Used CSet: 113M, Free: 701M, Non-Taxable: 71849K, Alloc Tax Rate: 1.1x
[2026-04-03T02:25:22.204+0600][84.707s][info][gc          ] GC(114) Pause Final Mark (unload classes) 0.628ms
[2026-04-03T02:25:22.204+0600][84.708s][info][gc,start    ] GC(114) Concurrent thread roots
[2026-04-03T02:25:22.204+0600][84.708s][info][gc,task     ] GC(114) Using 3 of 6 workers for Concurrent thread roots
[2026-04-03T02:25:22.205+0600][84.709s][info][gc          ] GC(114) Concurrent thread roots 1.186ms
[2026-04-03T02:25:22.205+0600][84.709s][info][gc,start    ] GC(114) Concurrent weak references
[2026-04-03T02:25:22.205+0600][84.709s][info][gc,task     ] GC(114) Using 3 of 6 workers for concurrent weak references
[2026-04-03T02:25:22.206+0600][84.709s][info][gc,ref      ] GC(114) Encountered references: Soft: 3792, Weak: 15490, Final: 84, Phantom: 620
[2026-04-03T02:25:22.206+0600][84.709s][info][gc,ref      ] GC(114) Discovered  references: Soft: 0, Weak: 7991, Final: 48, Phantom: 615
[2026-04-03T02:25:22.206+0600][84.709s][info][gc,ref      ] GC(114) Enqueued    references: Soft: 0, Weak: 395, Final: 0, Phantom: 0
[2026-04-03T02:25:22.206+0600][84.709s][info][gc          ] GC(114) Concurrent weak references 0.644ms
[2026-04-03T02:25:22.206+0600][84.709s][info][gc,start    ] GC(114) Concurrent weak roots
[2026-04-03T02:25:22.206+0600][84.709s][info][gc,task     ] GC(114) Using 3 of 6 workers for concurrent weak root
[2026-04-03T02:25:22.212+0600][84.715s][info][gc          ] GC(114) Concurrent weak roots 5.829ms
[2026-04-03T02:25:22.212+0600][84.715s][info][gc,start    ] GC(114) Concurrent cleanup
[2026-04-03T02:25:22.213+0600][84.717s][info][gc          ] GC(114) Concurrent cleanup 731M->254M(844M) 1.368ms
[2026-04-03T02:25:22.214+0600][84.717s][info][gc,ergo     ] GC(114) Free: 692M, Max: 256K regular, 174M humongous, Frag: 75% external, 0% internal; Reserve: 50132K, Max: 256K
[2026-04-03T02:25:22.214+0600][84.717s][info][gc,start    ] GC(114) Concurrent class unloading
[2026-04-03T02:25:22.214+0600][84.717s][info][gc,task     ] GC(114) Using 3 of 6 workers for concurrent class unloading
[2026-04-03T02:25:22.235+0600][84.738s][info][gc          ] GC(114) Concurrent class unloading 20.945ms
[2026-04-03T02:25:22.235+0600][84.738s][info][gc,start    ] GC(114) Concurrent strong roots
[2026-04-03T02:25:22.235+0600][84.738s][info][gc,task     ] GC(114) Using 3 of 6 workers for concurrent strong root
[2026-04-03T02:25:22.236+0600][84.739s][info][gc          ] GC(114) Concurrent strong roots 1.277ms
[2026-04-03T02:25:22.236+0600][84.739s][info][gc,start    ] GC(114) Concurrent evacuation
[2026-04-03T02:25:22.236+0600][84.739s][info][gc,task     ] GC(114) Using 3 of 6 workers for concurrent evacuation
[2026-04-03T02:25:22.239+0600][84.743s][info][gc          ] GC(114) Concurrent evacuation 3.334ms
[2026-04-03T02:25:22.240+0600][84.743s][info][gc,start    ] GC(114) Pause Init Update Refs
[2026-04-03T02:25:22.240+0600][84.743s][info][gc,ergo     ] GC(114) Pacer for Update Refs. Used: 282M, Free: 667M, Non-Taxable: 68376K, Alloc Tax Rate: 1.1x
[2026-04-03T02:25:22.240+0600][84.743s][info][gc          ] GC(114) Pause Init Update Refs 0.188ms
[2026-04-03T02:25:22.240+0600][84.743s][info][gc,start    ] GC(114) Concurrent update references
[2026-04-03T02:25:22.240+0600][84.743s][info][gc,task     ] GC(114) Using 3 of 6 workers for concurrent reference update
[2026-04-03T02:25:22.289+0600][84.793s][info][gc          ] GC(114) Concurrent update references 49.519ms
[2026-04-03T02:25:22.289+0600][84.793s][info][gc,start    ] GC(114) Concurrent update thread roots
[2026-04-03T02:25:22.291+0600][84.794s][info][gc          ] GC(114) Concurrent update thread roots 1.232ms
[2026-04-03T02:25:22.291+0600][84.794s][info][gc,start    ] GC(114) Pause Final Update Refs
[2026-04-03T02:25:22.291+0600][84.794s][info][gc,task     ] GC(114) Using 6 of 6 workers for final reference update
[2026-04-03T02:25:22.291+0600][84.795s][info][gc          ] GC(114) Pause Final Update Refs 0.246ms
[2026-04-03T02:25:22.291+0600][84.795s][info][gc,start    ] GC(114) Concurrent cleanup
[2026-04-03T02:25:22.292+0600][84.795s][info][gc          ] GC(114) Concurrent cleanup 317M->204M(844M) 0.772ms
[2026-04-03T02:25:22.292+0600][84.796s][info][gc,ergo     ] Free: 737M, Max: 256K regular, 258M humongous, Frag: 65% external, 0% internal; Reserve: 51200K, Max: 256K
[2026-04-03T02:25:22.292+0600][84.796s][info][gc,stats    ] 
[2026-04-03T02:25:22.292+0600][84.796s][info][gc,stats    ] All times are wall-clock times, except per-root-class counters, that are sum over
[2026-04-03T02:25:22.292+0600][84.796s][info][gc,stats    ] all workers. Dividing the <total> over the root stage time estimates parallelism.
[2026-04-03T02:25:22.292+0600][84.796s][info][gc,stats    ] 
[2026-04-03T02:25:22.292+0600][84.796s][info][gc,stats    ] Concurrent Reset                   1156 us
[2026-04-03T02:25:22.292+0600][84.796s][info][gc,stats    ] Pause Init Mark (G)                 522 us
[2026-04-03T02:25:22.292+0600][84.796s][info][gc,stats    ] Pause Init Mark (N)                 199 us
[2026-04-03T02:25:22.292+0600][84.796s][info][gc,stats    ]   Update Region States               45 us
[2026-04-03T02:25:22.292+0600][84.796s][info][gc,stats    ] Concurrent Mark Roots              1759 us, parallelism: 1.93x
[2026-04-03T02:25:22.292+0600][84.796s][info][gc,stats    ]   CMR: <total>                     3386 us
[2026-04-03T02:25:22.292+0600][84.796s][info][gc,stats    ]   CMR: Thread Roots                2852 us, workers (us): 711, 1166, 974, ---, ---, ---, 
[2026-04-03T02:25:22.292+0600][84.796s][info][gc,stats    ]   CMR: VM Strong Roots               67 us, workers (us):  36,  31,   1, ---, ---, ---, 
[2026-04-03T02:25:22.292+0600][84.796s][info][gc,stats    ]   CMR: CLDG Roots                   467 us, workers (us): 467, ---, ---, ---, ---, ---, 
[2026-04-03T02:25:22.292+0600][84.796s][info][gc,stats    ] Concurrent Marking                75614 us
[2026-04-03T02:25:22.292+0600][84.796s][info][gc,stats    ] Pause Final Mark (G)                814 us
[2026-04-03T02:25:22.292+0600][84.796s][info][gc,stats    ] Pause Final Mark (N)                638 us
[2026-04-03T02:25:22.292+0600][84.796s][info][gc,stats    ]   Finish Mark                       173 us
[2026-04-03T02:25:22.292+0600][84.796s][info][gc,stats    ]   Update Region States               58 us
[2026-04-03T02:25:22.292+0600][84.796s][info][gc,stats    ]   Choose Collection Set             245 us
[2026-04-03T02:25:22.292+0600][84.796s][info][gc,stats    ]   Rebuild Free Set                   46 us
[2026-04-03T02:25:22.292+0600][84.796s][info][gc,stats    ] Concurrent Thread Roots            1238 us, parallelism: 2.37x
[2026-04-03T02:25:22.292+0600][84.796s][info][gc,stats    ]   CTR: <total>                     2936 us
[2026-04-03T02:25:22.292+0600][84.796s][info][gc,stats    ]   CTR: Thread Roots                2936 us, workers (us): 1099, 1068, 769, ---, ---, ---, 
[2026-04-03T02:25:22.292+0600][84.796s][info][gc,stats    ] Concurrent Weak References          657 us, parallelism: 1.54x
[2026-04-03T02:25:22.292+0600][84.796s][info][gc,stats    ]   CWRF: <total>                    1013 us
[2026-04-03T02:25:22.292+0600][84.796s][info][gc,stats    ]   CWRF: Weak References            1013 us, workers (us): 499, 513,   1, ---, ---, ---, 
[2026-04-03T02:25:22.292+0600][84.796s][info][gc,stats    ] Concurrent Weak Roots              5934 us
[2026-04-03T02:25:22.292+0600][84.796s][info][gc,stats    ]   Roots                            5348 us, parallelism: 2.64x
[2026-04-03T02:25:22.293+0600][84.796s][info][gc,stats    ]     CWR: <total>                  14111 us
[2026-04-03T02:25:22.293+0600][84.796s][info][gc,stats    ]     CWR: Code Cache Roots         10496 us, workers (us): 3597, 3494, 3405, ---, ---, ---, 
[2026-04-03T02:25:22.293+0600][84.796s][info][gc,stats    ]     CWR: VM Weak Roots             3383 us, workers (us): 1443, 1380, 561, ---, ---, ---, 
[2026-04-03T02:25:22.293+0600][84.796s][info][gc,stats    ]     CWR: CLDG Roots                 231 us, workers (us): ---, ---, 231, ---, ---, ---, 
[2026-04-03T02:25:22.293+0600][84.796s][info][gc,stats    ]   Rendezvous                        448 us
[2026-04-03T02:25:22.293+0600][84.796s][info][gc,stats    ] Concurrent Cleanup                 1425 us
[2026-04-03T02:25:22.293+0600][84.796s][info][gc,stats    ] Concurrent Class Unloading        21042 us
[2026-04-03T02:25:22.293+0600][84.796s][info][gc,stats    ]   Unlink Stale                    19263 us
[2026-04-03T02:25:22.293+0600][84.796s][info][gc,stats    ]     System Dictionary               265 us
[2026-04-03T02:25:22.293+0600][84.796s][info][gc,stats    ]     Weak Class Links                  1 us
[2026-04-03T02:25:22.293+0600][84.796s][info][gc,stats    ]     Code Roots                    18993 us
[2026-04-03T02:25:22.293+0600][84.796s][info][gc,stats    ]   Rendezvous                        435 us
[2026-04-03T02:25:22.293+0600][84.796s][info][gc,stats    ]   Purge Unlinked                   1203 us
[2026-04-03T02:25:22.293+0600][84.796s][info][gc,stats    ]     Code Roots                     1194 us
[2026-04-03T02:25:22.293+0600][84.796s][info][gc,stats    ]     CLDG                              9 us
[2026-04-03T02:25:22.293+0600][84.796s][info][gc,stats    ]     Exception Caches                  1 us
[2026-04-03T02:25:22.293+0600][84.796s][info][gc,stats    ] Concurrent Strong Roots            1354 us, parallelism: 0.59x
[2026-04-03T02:25:22.293+0600][84.796s][info][gc,stats    ]   CSR: <total>                      793 us
[2026-04-03T02:25:22.293+0600][84.796s][info][gc,stats    ]   CSR: VM Strong Roots               55 us, workers (us):  53,   2,   0, ---, ---, ---, 
[2026-04-03T02:25:22.293+0600][84.796s][info][gc,stats    ]   CSR: CLDG Roots                   737 us, workers (us): 737, ---, ---, ---, ---, ---, 
[2026-04-03T02:25:22.293+0600][84.796s][info][gc,stats    ] Concurrent Evacuation              3452 us
[2026-04-03T02:25:22.293+0600][84.796s][info][gc,stats    ] Pause Init Update Refs (G)          400 us
[2026-04-03T02:25:22.293+0600][84.796s][info][gc,stats    ] Pause Init Update Refs (N)          204 us
[2026-04-03T02:25:22.293+0600][84.796s][info][gc,stats    ]   Manage GCLABs                      82 us
[2026-04-03T02:25:22.293+0600][84.796s][info][gc,stats    ] Concurrent Update Refs            49618 us
[2026-04-03T02:25:22.293+0600][84.796s][info][gc,stats    ] Concurrent Update Thread Roots     1326 us
[2026-04-03T02:25:22.293+0600][84.796s][info][gc,stats    ] Pause Final Update Refs (G)         589 us
[2026-04-03T02:25:22.293+0600][84.796s][info][gc,stats    ] Pause Final Update Refs (N)         264 us
[2026-04-03T02:25:22.293+0600][84.796s][info][gc,stats    ]   Update Region States               68 us
[2026-04-03T02:25:22.293+0600][84.796s][info][gc,stats    ]   Trash Collection Set               22 us
[2026-04-03T02:25:22.293+0600][84.796s][info][gc,stats    ]   Rebuild Free Set                   58 us
[2026-04-03T02:25:22.293+0600][84.796s][info][gc,stats    ] Concurrent Cleanup                  800 us
[2026-04-03T02:25:22.293+0600][84.796s][info][gc,stats    ] Pacing                           281900 us
[2026-04-03T02:25:22.293+0600][84.796s][info][gc,stats    ] 
[2026-04-03T02:25:22.293+0600][84.796s][info][gc,stats    ] Allocation pacing accrued:
[2026-04-03T02:25:22.293+0600][84.796s][info][gc,stats    ]      11 of   726 ms (  1.5%): RemoteBlock-temp-file-clean-thread
[2026-04-03T02:25:22.293+0600][84.796s][info][gc,stats    ]      33 of   726 ms (  4.5%): Executor task launch worker for task 5.0 in stage 3789.0 (TID 7080)
[2026-04-03T02:25:22.293+0600][84.796s][info][gc,stats    ]      34 of   726 ms (  4.6%): Executor task launch worker for task 3.0 in stage 3789.0 (TID 7078)
[2026-04-03T02:25:22.293+0600][84.796s][info][gc,stats    ]      40 of   726 ms (  5.5%): Executor task launch worker for task 0.0 in stage 3789.0 (TID 7075)
[2026-04-03T02:25:22.293+0600][84.796s][info][gc,stats    ]      32 of   726 ms (  4.5%): Executor task launch worker for task 1.0 in stage 3789.0 (TID 7076)
[2026-04-03T02:25:22.293+0600][84.796s][info][gc,stats    ]      34 of   726 ms (  4.6%): Executor task launch worker for task 7.0 in stage 3789.0 (TID 7082)
[2026-04-03T02:25:22.293+0600][84.796s][info][gc,stats    ]      34 of   726 ms (  4.6%): Executor task launch worker for task 4.0 in stage 3789.0 (TID 7079)
[2026-04-03T02:25:22.293+0600][84.796s][info][gc,stats    ]      32 of   726 ms (  4.5%): Executor task launch worker for task 2.0 in stage 3789.0 (TID 7077)
[2026-04-03T02:25:22.293+0600][84.796s][info][gc,stats    ]      32 of   726 ms (  4.5%): Executor task launch worker for task 6.0 in stage 3789.0 (TID 7081)
[2026-04-03T02:25:22.293+0600][84.796s][info][gc,stats    ]     282 of   726 ms ( 38.8%): <total>
[2026-04-03T02:25:22.293+0600][84.796s][info][gc,stats    ]       1 of   726 ms (  0.1%): <average total>
[2026-04-03T02:25:22.293+0600][84.796s][info][gc,stats    ]      31 of   726 ms (  4.3%): <average non-zero>
[2026-04-03T02:25:22.293+0600][84.796s][info][gc,stats    ] 
[2026-04-03T02:25:22.293+0600][84.796s][info][gc,metaspace] Metaspace: 131625K(132928K)->131629K(132928K) NonClass: 115134K(115776K)->115138K(115776K) Class: 16490K(17152K)->16490K(17152K)
[2026-04-03T02:25:22.293+0600][84.796s][info][gc,ergo     ] Pacer for Idle. Initial: 20480K, Alloc Tax Rate: 1.0x
[2026-04-03T02:25:22.681+0600][85.184s][info][gc          ] Trigger: Average GC time (192.08 ms) is above the time for average allocation rate (1176 MB/s) to deplete free headroom (224M) (margin of error = 1.87)
[2026-04-03T02:25:22.681+0600][85.184s][info][gc,ergo     ] Free headroom: 274M (free) - 51200K (spike) - 0B (penalties) = 224M
[2026-04-03T02:25:22.681+0600][85.184s][info][gc,ergo     ] Free: 274M, Max: 256K regular, 172M humongous, Frag: 37% external, 0% internal; Reserve: 51200K, Max: 256K
[2026-04-03T02:25:22.681+0600][85.184s][info][gc,start    ] GC(115) Concurrent reset
[2026-04-03T02:25:22.681+0600][85.184s][info][gc,task     ] GC(115) Using 3 of 6 workers for concurrent reset
[2026-04-03T02:25:22.681+0600][85.184s][info][gc,ergo     ] GC(115) Pacer for Reset. Non-Taxable: 1000M
[2026-04-03T02:25:22.683+0600][85.186s][info][gc          ] GC(115) Concurrent reset 1.390ms
[2026-04-03T02:25:22.683+0600][85.186s][info][gc,start    ] GC(115) Pause Init Mark (unload classes)
[2026-04-03T02:25:22.683+0600][85.186s][info][gc,task     ] GC(115) Using 6 of 6 workers for init marking
[2026-04-03T02:25:22.683+0600][85.186s][info][gc,ergo     ] GC(115) Pacer for Mark. Expected Live: 99010K, Free: 274M, Non-Taxable: 28114K, Alloc Tax Rate: 0.4x
[2026-04-03T02:25:22.683+0600][85.186s][info][gc          ] GC(115) Pause Init Mark (unload classes) 0.115ms
[2026-04-03T02:25:22.683+0600][85.186s][info][gc,start    ] GC(115) Concurrent marking roots
[2026-04-03T02:25:22.683+0600][85.186s][info][gc,task     ] GC(115) Using 3 of 6 workers for concurrent marking roots
[2026-04-03T02:25:22.684+0600][85.187s][info][gc          ] GC(115) Concurrent marking roots 1.124ms
[2026-04-03T02:25:22.684+0600][85.187s][info][gc,start    ] GC(115) Concurrent marking (unload classes)
[2026-04-03T02:25:22.684+0600][85.187s][info][gc,task     ] GC(115) Using 3 of 6 workers for concurrent marking
[2026-04-03T02:25:22.742+0600][85.245s][info][gc          ] GC(115) Concurrent marking (unload classes) 57.936ms
[2026-04-03T02:25:22.742+0600][85.246s][info][gc,start    ] GC(115) Pause Final Mark (unload classes)
[2026-04-03T02:25:22.742+0600][85.246s][info][gc,task     ] GC(115) Using 6 of 6 workers for final marking
[2026-04-03T02:25:22.743+0600][85.246s][info][gc,ergo     ] GC(115) Adaptive CSet Selection. Target Free: 141M, Actual Free: 769M, Max CSet: 42666K, Min Garbage: 0B
[2026-04-03T02:25:22.743+0600][85.246s][info][gc,ergo     ] GC(115) Collectable Garbage: 540M (98%), Immediate: 479M (87%), CSet: 62728K (11%)
[2026-04-03T02:25:22.743+0600][85.246s][info][gc,ergo     ] GC(115) Pacer for Evacuation. Used CSet: 66185K, Free: 753M, Non-Taxable: 77133K, Alloc Tax Rate: 1.1x
[2026-04-03T02:25:22.743+0600][85.246s][info][gc          ] GC(115) Pause Final Mark (unload classes) 0.817ms
[2026-04-03T02:25:22.743+0600][85.246s][info][gc,start    ] GC(115) Concurrent thread roots
[2026-04-03T02:25:22.743+0600][85.246s][info][gc,task     ] GC(115) Using 3 of 6 workers for Concurrent thread roots
[2026-04-03T02:25:22.744+0600][85.247s][info][gc          ] GC(115) Concurrent thread roots 0.932ms
[2026-04-03T02:25:22.744+0600][85.247s][info][gc,start    ] GC(115) Concurrent weak references
[2026-04-03T02:25:22.744+0600][85.247s][info][gc,task     ] GC(115) Using 3 of 6 workers for concurrent weak references
[2026-04-03T02:25:22.745+0600][85.248s][info][gc,ref      ] GC(115) Encountered references: Soft: 3784, Weak: 16099, Final: 84, Phantom: 620
[2026-04-03T02:25:22.745+0600][85.248s][info][gc,ref      ] GC(115) Discovered  references: Soft: 0, Weak: 8016, Final: 0, Phantom: 615
[2026-04-03T02:25:22.745+0600][85.248s][info][gc,ref      ] GC(115) Enqueued    references: Soft: 0, Weak: 35, Final: 0, Phantom: 0
[2026-04-03T02:25:22.745+0600][85.248s][info][gc          ] GC(115) Concurrent weak references 0.905ms
[2026-04-03T02:25:22.745+0600][85.248s][info][gc,start    ] GC(115) Concurrent weak roots
[2026-04-03T02:25:22.745+0600][85.248s][info][gc,task     ] GC(115) Using 3 of 6 workers for concurrent weak root
[2026-04-03T02:25:22.750+0600][85.253s][info][gc          ] GC(115) Concurrent weak roots 4.502ms
[2026-04-03T02:25:22.750+0600][85.253s][info][gc,start    ] GC(115) Concurrent cleanup
[2026-04-03T02:25:22.751+0600][85.254s][info][gc          ] GC(115) Concurrent cleanup 672M->194M(844M) 1.142ms
[2026-04-03T02:25:22.751+0600][85.254s][info][gc,ergo     ] GC(115) Free: 751M, Max: 256K regular, 172M humongous, Frag: 77% external, 0% internal; Reserve: 50729K, Max: 256K
[2026-04-03T02:25:22.751+0600][85.254s][info][gc,start    ] GC(115) Concurrent class unloading
[2026-04-03T02:25:22.751+0600][85.254s][info][gc,task     ] GC(115) Using 3 of 6 workers for concurrent class unloading
[2026-04-03T02:25:22.770+0600][85.273s][info][gc          ] GC(115) Concurrent class unloading 19.247ms
[2026-04-03T02:25:22.770+0600][85.274s][info][gc,start    ] GC(115) Concurrent strong roots
[2026-04-03T02:25:22.770+0600][85.274s][info][gc,task     ] GC(115) Using 3 of 6 workers for concurrent strong root
[2026-04-03T02:25:22.772+0600][85.275s][info][gc          ] GC(115) Concurrent strong roots 1.515ms
[2026-04-03T02:25:22.772+0600][85.275s][info][gc,start    ] GC(115) Concurrent evacuation
[2026-04-03T02:25:22.772+0600][85.275s][info][gc,task     ] GC(115) Using 3 of 6 workers for concurrent evacuation
[2026-04-03T02:25:22.774+0600][85.277s][info][gc          ] GC(115) Concurrent evacuation 2.030ms
[2026-04-03T02:25:22.774+0600][85.277s][info][gc,start    ] GC(115) Pause Init Update Refs
[2026-04-03T02:25:22.774+0600][85.278s][info][gc,ergo     ] GC(115) Pacer for Update Refs. Used: 211M, Free: 737M, Non-Taxable: 75540K, Alloc Tax Rate: 1.1x
[2026-04-03T02:25:22.774+0600][85.278s][info][gc          ] GC(115) Pause Init Update Refs 0.130ms
[2026-04-03T02:25:22.775+0600][85.278s][info][gc,start    ] GC(115) Concurrent update references
[2026-04-03T02:25:22.775+0600][85.278s][info][gc,task     ] GC(115) Using 3 of 6 workers for concurrent reference update
[2026-04-03T02:25:22.823+0600][85.326s][info][gc          ] GC(115) Concurrent update references 48.315ms
[2026-04-03T02:25:22.823+0600][85.326s][info][gc,start    ] GC(115) Concurrent update thread roots
[2026-04-03T02:25:22.824+0600][85.327s][info][gc          ] GC(115) Concurrent update thread roots 1.096ms
[2026-04-03T02:25:22.824+0600][85.328s][info][gc,start    ] GC(115) Pause Final Update Refs
[2026-04-03T02:25:22.824+0600][85.328s][info][gc,task     ] GC(115) Using 6 of 6 workers for final reference update
[2026-04-03T02:25:22.824+0600][85.328s][info][gc          ] GC(115) Pause Final Update Refs 0.220ms
[2026-04-03T02:25:22.825+0600][85.328s][info][gc,start    ] GC(115) Concurrent cleanup
[2026-04-03T02:25:22.825+0600][85.329s][info][gc          ] GC(115) Concurrent cleanup 230M->166M(844M) 0.723ms
[2026-04-03T02:25:22.825+0600][85.329s][info][gc,ergo     ] Free: 777M, Max: 256K regular, 258M humongous, Frag: 67% external, 0% internal; Reserve: 51200K, Max: 256K
[2026-04-03T02:25:22.825+0600][85.329s][info][gc,stats    ] 
[2026-04-03T02:25:22.825+0600][85.329s][info][gc,stats    ] All times are wall-clock times, except per-root-class counters, that are sum over
[2026-04-03T02:25:22.825+0600][85.329s][info][gc,stats    ] all workers. Dividing the <total> over the root stage time estimates parallelism.
[2026-04-03T02:25:22.825+0600][85.329s][info][gc,stats    ] 
[2026-04-03T02:25:22.825+0600][85.329s][info][gc,stats    ] Concurrent Reset                   1446 us
[2026-04-03T02:25:22.825+0600][85.329s][info][gc,stats    ] Pause Init Mark (G)                 278 us
[2026-04-03T02:25:22.825+0600][85.329s][info][gc,stats    ] Pause Init Mark (N)                 123 us
[2026-04-03T02:25:22.825+0600][85.329s][info][gc,stats    ]   Update Region States               31 us
[2026-04-03T02:25:22.825+0600][85.329s][info][gc,stats    ] Concurrent Mark Roots              1173 us, parallelism: 1.85x
[2026-04-03T02:25:22.825+0600][85.329s][info][gc,stats    ]   CMR: <total>                     2170 us
[2026-04-03T02:25:22.825+0600][85.329s][info][gc,stats    ]   CMR: Thread Roots                1849 us, workers (us): 464, 727, 658, ---, ---, ---, 
[2026-04-03T02:25:22.825+0600][85.329s][info][gc,stats    ]   CMR: VM Strong Roots               54 us, workers (us):  36,  18,   1, ---, ---, ---, 
[2026-04-03T02:25:22.825+0600][85.329s][info][gc,stats    ]   CMR: CLDG Roots                   267 us, workers (us): 267, ---, ---, ---, ---, ---, 
[2026-04-03T02:25:22.825+0600][85.329s][info][gc,stats    ] Concurrent Marking                58025 us
[2026-04-03T02:25:22.825+0600][85.329s][info][gc,stats    ] Pause Final Mark (G)               1024 us
[2026-04-03T02:25:22.826+0600][85.329s][info][gc,stats    ] Pause Final Mark (N)                829 us
[2026-04-03T02:25:22.826+0600][85.329s][info][gc,stats    ]   Finish Mark                       301 us
[2026-04-03T02:25:22.826+0600][85.329s][info][gc,stats    ]   Update Region States               75 us
[2026-04-03T02:25:22.826+0600][85.329s][info][gc,stats    ]   Choose Collection Set             246 us
[2026-04-03T02:25:22.826+0600][85.329s][info][gc,stats    ]   Rebuild Free Set                   59 us
[2026-04-03T02:25:22.826+0600][85.329s][info][gc,stats    ] Concurrent Thread Roots            1001 us, parallelism: 2.32x
[2026-04-03T02:25:22.826+0600][85.329s][info][gc,stats    ]   CTR: <total>                     2318 us
[2026-04-03T02:25:22.826+0600][85.329s][info][gc,stats    ]   CTR: Thread Roots                2318 us, workers (us): 818, 786, 714, ---, ---, ---, 
[2026-04-03T02:25:22.826+0600][85.329s][info][gc,stats    ] Concurrent Weak References          918 us, parallelism: 0.92x
[2026-04-03T02:25:22.826+0600][85.329s][info][gc,stats    ]   CWRF: <total>                     847 us
[2026-04-03T02:25:22.826+0600][85.329s][info][gc,stats    ]   CWRF: Weak References             847 us, workers (us): 123,  23, 701, ---, ---, ---, 
[2026-04-03T02:25:22.826+0600][85.329s][info][gc,stats    ] Concurrent Weak Roots              4585 us
[2026-04-03T02:25:22.826+0600][85.329s][info][gc,stats    ]   Roots                            4040 us, parallelism: 2.65x
[2026-04-03T02:25:22.826+0600][85.329s][info][gc,stats    ]     CWR: <total>                  10721 us
[2026-04-03T02:25:22.826+0600][85.329s][info][gc,stats    ]     CWR: Code Cache Roots          8367 us, workers (us): 2967, 2738, 2662, ---, ---, ---, 
[2026-04-03T02:25:22.826+0600][85.329s][info][gc,stats    ]     CWR: VM Weak Roots             2159 us, workers (us): 779, 715, 665, ---, ---, ---, 
[2026-04-03T02:25:22.826+0600][85.329s][info][gc,stats    ]     CWR: CLDG Roots                 195 us, workers (us): ---, ---, 195, ---, ---, ---, 
[2026-04-03T02:25:22.826+0600][85.329s][info][gc,stats    ]   Rendezvous                        431 us
[2026-04-03T02:25:22.826+0600][85.329s][info][gc,stats    ] Concurrent Cleanup                 1172 us
[2026-04-03T02:25:22.826+0600][85.329s][info][gc,stats    ] Concurrent Class Unloading        19379 us
[2026-04-03T02:25:22.826+0600][85.329s][info][gc,stats    ]   Unlink Stale                    17046 us
[2026-04-03T02:25:22.826+0600][85.329s][info][gc,stats    ]     System Dictionary               287 us
[2026-04-03T02:25:22.826+0600][85.329s][info][gc,stats    ]     Weak Class Links                  0 us
[2026-04-03T02:25:22.826+0600][85.329s][info][gc,stats    ]     Code Roots                    16755 us
[2026-04-03T02:25:22.826+0600][85.329s][info][gc,stats    ]   Rendezvous                        525 us
[2026-04-03T02:25:22.826+0600][85.329s][info][gc,stats    ]   Purge Unlinked                   1619 us
[2026-04-03T02:25:22.826+0600][85.329s][info][gc,stats    ]     Code Roots                     1591 us
[2026-04-03T02:25:22.826+0600][85.329s][info][gc,stats    ]     CLDG                             26 us
[2026-04-03T02:25:22.826+0600][85.329s][info][gc,stats    ]     Exception Caches                  1 us
[2026-04-03T02:25:22.826+0600][85.329s][info][gc,stats    ] Concurrent Strong Roots            1595 us, parallelism: 0.69x
[2026-04-03T02:25:22.826+0600][85.329s][info][gc,stats    ]   CSR: <total>                     1101 us
[2026-04-03T02:25:22.826+0600][85.329s][info][gc,stats    ]   CSR: VM Strong Roots              118 us, workers (us):  59,  59,   0, ---, ---, ---, 
[2026-04-03T02:25:22.826+0600][85.329s][info][gc,stats    ]   CSR: CLDG Roots                   983 us, workers (us): 983, ---, ---, ---, ---, ---, 
[2026-04-03T02:25:22.826+0600][85.329s][info][gc,stats    ] Concurrent Evacuation              2105 us
[2026-04-03T02:25:22.826+0600][85.329s][info][gc,stats    ] Pause Init Update Refs (G)          561 us
[2026-04-03T02:25:22.826+0600][85.329s][info][gc,stats    ] Pause Init Update Refs (N)          143 us
[2026-04-03T02:25:22.826+0600][85.329s][info][gc,stats    ]   Manage GCLABs                      45 us
[2026-04-03T02:25:22.826+0600][85.329s][info][gc,stats    ] Concurrent Update Refs            48388 us
[2026-04-03T02:25:22.826+0600][85.329s][info][gc,stats    ] Concurrent Update Thread Roots     1149 us
[2026-04-03T02:25:22.826+0600][85.329s][info][gc,stats    ] Pause Final Update Refs (G)         496 us
[2026-04-03T02:25:22.826+0600][85.329s][info][gc,stats    ] Pause Final Update Refs (N)         246 us
[2026-04-03T02:25:22.826+0600][85.329s][info][gc,stats    ]   Update Region States               70 us
[2026-04-03T02:25:22.826+0600][85.329s][info][gc,stats    ]   Trash Collection Set               19 us
[2026-04-03T02:25:22.826+0600][85.329s][info][gc,stats    ]   Rebuild Free Set                   59 us
[2026-04-03T02:25:22.826+0600][85.329s][info][gc,stats    ] Concurrent Cleanup                  740 us
[2026-04-03T02:25:22.826+0600][85.329s][info][gc,stats    ] 
[2026-04-03T02:25:22.826+0600][85.329s][info][gc,stats    ] Allocation pacing accrued:
[2026-04-03T02:25:22.826+0600][85.329s][info][gc,stats    ]       0 of   533 ms (  0.0%): <total>
[2026-04-03T02:25:22.826+0600][85.329s][info][gc,stats    ]       0 of   533 ms (  0.0%): <average total>
[2026-04-03T02:25:22.826+0600][85.329s][info][gc,stats    ] 
[2026-04-03T02:25:22.826+0600][85.329s][info][gc,metaspace] Metaspace: 131631K(132928K)->131664K(132992K) NonClass: 115141K(115776K)->115167K(115840K) Class: 16490K(17152K)->16497K(17152K)
[2026-04-03T02:25:22.826+0600][85.329s][info][gc,ergo     ] Pacer for Idle. Initial: 20480K, Alloc Tax Rate: 1.0x
[2026-04-03T02:25:23.413+0600][85.917s][info][gc          ] Trigger: Average GC time (177.32 ms) is above the time for average allocation rate (1084 MB/s) to deplete free headroom (191M) (margin of error = 1.86)
[2026-04-03T02:25:23.414+0600][85.917s][info][gc,ergo     ] Free headroom: 241M (free) - 51200K (spike) - 0B (penalties) = 191M
[2026-04-03T02:25:23.414+0600][85.917s][info][gc,ergo     ] Free: 240M, Max: 256K regular, 173M humongous, Frag: 28% external, 0% internal; Reserve: 51200K, Max: 256K
[2026-04-03T02:25:23.414+0600][85.917s][info][gc,start    ] GC(116) Concurrent reset
[2026-04-03T02:25:23.414+0600][85.917s][info][gc,task     ] GC(116) Using 3 of 6 workers for concurrent reset
[2026-04-03T02:25:23.414+0600][85.917s][info][gc,ergo     ] GC(116) Pacer for Reset. Non-Taxable: 1000M
[2026-04-03T02:25:23.415+0600][85.918s][info][gc          ] GC(116) Concurrent reset 1.285ms
[2026-04-03T02:25:23.415+0600][85.919s][info][gc,start    ] GC(116) Pause Init Mark (unload classes)
[2026-04-03T02:25:23.415+0600][85.919s][info][gc,task     ] GC(116) Using 6 of 6 workers for init marking
[2026-04-03T02:25:23.415+0600][85.919s][info][gc,ergo     ] GC(116) Pacer for Mark. Expected Live: 98740K, Free: 238M, Non-Taxable: 24414K, Alloc Tax Rate: 0.5x
[2026-04-03T02:25:23.415+0600][85.919s][info][gc          ] GC(116) Pause Init Mark (unload classes) 0.148ms
[2026-04-03T02:25:23.415+0600][85.919s][info][gc,start    ] GC(116) Concurrent marking roots
[2026-04-03T02:25:23.416+0600][85.919s][info][gc,task     ] GC(116) Using 3 of 6 workers for concurrent marking roots
[2026-04-03T02:25:23.417+0600][85.920s][info][gc          ] GC(116) Concurrent marking roots 1.622ms
[2026-04-03T02:25:23.417+0600][85.920s][info][gc,start    ] GC(116) Concurrent marking (unload classes)
[2026-04-03T02:25:23.417+0600][85.920s][info][gc,task     ] GC(116) Using 3 of 6 workers for concurrent marking
[2026-04-03T02:25:23.476+0600][85.979s][info][gc          ] GC(116) Concurrent marking (unload classes) 58.347ms
[2026-04-03T02:25:23.476+0600][85.979s][info][gc,start    ] GC(116) Pause Final Mark (unload classes)
[2026-04-03T02:25:23.476+0600][85.979s][info][gc,task     ] GC(116) Using 6 of 6 workers for final marking
[2026-04-03T02:25:23.476+0600][85.979s][info][gc,ergo     ] GC(116) Adaptive CSet Selection. Target Free: 141M, Actual Free: 706M, Max CSet: 42666K, Min Garbage: 0B
[2026-04-03T02:25:23.476+0600][85.980s][info][gc,ergo     ] GC(116) Collectable Garbage: 568M (98%), Immediate: 457M (79%), CSet: 111M (19%)
[2026-04-03T02:25:23.476+0600][85.980s][info][gc,ergo     ] GC(116) Pacer for Evacuation. Used CSet: 116M, Free: 696M, Non-Taxable: 71311K, Alloc Tax Rate: 1.1x
[2026-04-03T02:25:23.477+0600][85.980s][info][gc          ] GC(116) Pause Final Mark (unload classes) 0.814ms
[2026-04-03T02:25:23.477+0600][85.980s][info][gc,start    ] GC(116) Concurrent thread roots
[2026-04-03T02:25:23.477+0600][85.980s][info][gc,task     ] GC(116) Using 3 of 6 workers for Concurrent thread roots
[2026-04-03T02:25:23.478+0600][85.981s][info][gc          ] GC(116) Concurrent thread roots 1.054ms
[2026-04-03T02:25:23.478+0600][85.981s][info][gc,start    ] GC(116) Concurrent weak references
[2026-04-03T02:25:23.478+0600][85.981s][info][gc,task     ] GC(116) Using 3 of 6 workers for concurrent weak references
[2026-04-03T02:25:23.478+0600][85.982s][info][gc,ref      ] GC(116) Encountered references: Soft: 3792, Weak: 16919, Final: 84, Phantom: 620
[2026-04-03T02:25:23.478+0600][85.982s][info][gc,ref      ] GC(116) Discovered  references: Soft: 0, Weak: 8524, Final: 0, Phantom: 578
[2026-04-03T02:25:23.479+0600][85.982s][info][gc,ref      ] GC(116) Enqueued    references: Soft: 0, Weak: 1620, Final: 0, Phantom: 0
[2026-04-03T02:25:23.479+0600][85.982s][info][gc          ] GC(116) Concurrent weak references 0.820ms
[2026-04-03T02:25:23.479+0600][85.982s][info][gc,start    ] GC(116) Concurrent weak roots
[2026-04-03T02:25:23.479+0600][85.982s][info][gc,task     ] GC(116) Using 3 of 6 workers for concurrent weak root
[2026-04-03T02:25:23.484+0600][85.988s][info][gc          ] GC(116) Concurrent weak roots 5.924ms
[2026-04-03T02:25:23.485+0600][85.988s][info][gc,start    ] GC(116) Concurrent cleanup
[2026-04-03T02:25:23.486+0600][85.989s][info][gc          ] GC(116) Concurrent cleanup 711M->254M(844M) 1.429ms
[2026-04-03T02:25:23.486+0600][85.990s][info][gc,ergo     ] GC(116) Free: 692M, Max: 256K regular, 173M humongous, Frag: 75% external, 0% internal; Reserve: 50321K, Max: 256K
[2026-04-03T02:25:23.486+0600][85.990s][info][gc,start    ] GC(116) Concurrent class unloading
[2026-04-03T02:25:23.486+0600][85.990s][info][gc,task     ] GC(116) Using 3 of 6 workers for concurrent class unloading
[2026-04-03T02:25:23.509+0600][86.013s][info][gc          ] GC(116) Concurrent class unloading 22.950ms
[2026-04-03T02:25:23.509+0600][86.013s][info][gc,start    ] GC(116) Concurrent strong roots
[2026-04-03T02:25:23.509+0600][86.013s][info][gc,task     ] GC(116) Using 3 of 6 workers for concurrent strong root
[2026-04-03T02:25:23.511+0600][86.014s][info][gc          ] GC(116) Concurrent strong roots 1.269ms
[2026-04-03T02:25:23.511+0600][86.014s][info][gc,start    ] GC(116) Concurrent evacuation
[2026-04-03T02:25:23.511+0600][86.014s][info][gc,task     ] GC(116) Using 3 of 6 workers for concurrent evacuation
[2026-04-03T02:25:23.513+0600][86.016s][info][gc          ] GC(116) Concurrent evacuation 2.520ms
[2026-04-03T02:25:23.513+0600][86.017s][info][gc,start    ] GC(116) Pause Init Update Refs
[2026-04-03T02:25:23.513+0600][86.017s][info][gc,ergo     ] GC(116) Pacer for Update Refs. Used: 283M, Free: 665M, Non-Taxable: 68174K, Alloc Tax Rate: 1.1x
[2026-04-03T02:25:23.513+0600][86.017s][info][gc          ] GC(116) Pause Init Update Refs 0.140ms
[2026-04-03T02:25:23.514+0600][86.017s][info][gc,start    ] GC(116) Concurrent update references
[2026-04-03T02:25:23.514+0600][86.017s][info][gc,task     ] GC(116) Using 3 of 6 workers for concurrent reference update
[2026-04-03T02:25:23.561+0600][86.064s][info][gc          ] GC(116) Concurrent update references 47.571ms
[2026-04-03T02:25:23.561+0600][86.065s][info][gc,start    ] GC(116) Concurrent update thread roots
[2026-04-03T02:25:23.563+0600][86.066s][info][gc          ] GC(116) Concurrent update thread roots 1.393ms
[2026-04-03T02:25:23.563+0600][86.066s][info][gc,start    ] GC(116) Pause Final Update Refs
[2026-04-03T02:25:23.563+0600][86.066s][info][gc,task     ] GC(116) Using 6 of 6 workers for final reference update
[2026-04-03T02:25:23.563+0600][86.067s][info][gc          ] GC(116) Pause Final Update Refs 0.249ms
[2026-04-03T02:25:23.563+0600][86.067s][info][gc,start    ] GC(116) Concurrent cleanup
[2026-04-03T02:25:23.564+0600][86.068s][info][gc          ] GC(116) Concurrent cleanup 326M->209M(844M) 0.761ms
[2026-04-03T02:25:23.564+0600][86.068s][info][gc,ergo     ] Free: 731M, Max: 256K regular, 258M humongous, Frag: 65% external, 0% internal; Reserve: 51200K, Max: 256K
[2026-04-03T02:25:23.564+0600][86.068s][info][gc,stats    ] 
[2026-04-03T02:25:23.564+0600][86.068s][info][gc,stats    ] All times are wall-clock times, except per-root-class counters, that are sum over
[2026-04-03T02:25:23.564+0600][86.068s][info][gc,stats    ] all workers. Dividing the <total> over the root stage time estimates parallelism.
[2026-04-03T02:25:23.564+0600][86.068s][info][gc,stats    ] 
[2026-04-03T02:25:23.564+0600][86.068s][info][gc,stats    ] Concurrent Reset                   1324 us
[2026-04-03T02:25:23.564+0600][86.068s][info][gc,stats    ] Pause Init Mark (G)                 513 us
[2026-04-03T02:25:23.564+0600][86.068s][info][gc,stats    ] Pause Init Mark (N)                 158 us
[2026-04-03T02:25:23.564+0600][86.068s][info][gc,stats    ]   Update Region States               36 us
[2026-04-03T02:25:23.564+0600][86.068s][info][gc,stats    ] Concurrent Mark Roots              1675 us, parallelism: 1.95x
[2026-04-03T02:25:23.564+0600][86.068s][info][gc,stats    ]   CMR: <total>                     3263 us
[2026-04-03T02:25:23.564+0600][86.068s][info][gc,stats    ]   CMR: Thread Roots                2760 us, workers (us): 1060, 628, 1072, ---, ---, ---, 
[2026-04-03T02:25:23.564+0600][86.068s][info][gc,stats    ]   CMR: VM Strong Roots               68 us, workers (us):  32,  27,   9, ---, ---, ---, 
[2026-04-03T02:25:23.564+0600][86.068s][info][gc,stats    ]   CMR: CLDG Roots                   435 us, workers (us): ---, 435, ---, ---, ---, ---, 
[2026-04-03T02:25:23.564+0600][86.068s][info][gc,stats    ] Concurrent Marking                58423 us
[2026-04-03T02:25:23.564+0600][86.068s][info][gc,stats    ] Pause Final Mark (G)               1002 us
[2026-04-03T02:25:23.564+0600][86.068s][info][gc,stats    ] Pause Final Mark (N)                826 us
[2026-04-03T02:25:23.564+0600][86.068s][info][gc,stats    ]   Finish Mark                       238 us
[2026-04-03T02:25:23.564+0600][86.068s][info][gc,stats    ]   Update Region States               59 us
[2026-04-03T02:25:23.564+0600][86.068s][info][gc,stats    ]   Choose Collection Set             311 us
[2026-04-03T02:25:23.564+0600][86.068s][info][gc,stats    ]   Rebuild Free Set                   50 us
[2026-04-03T02:25:23.564+0600][86.068s][info][gc,stats    ] Concurrent Thread Roots            1127 us, parallelism: 2.37x
[2026-04-03T02:25:23.564+0600][86.068s][info][gc,stats    ]   CTR: <total>                     2668 us
[2026-04-03T02:25:23.564+0600][86.068s][info][gc,stats    ]   CTR: Thread Roots                2668 us, workers (us): 899, 884, 886, ---, ---, ---, 
[2026-04-03T02:25:23.564+0600][86.068s][info][gc,stats    ] Concurrent Weak References          833 us, parallelism: 1.59x
[2026-04-03T02:25:23.564+0600][86.068s][info][gc,stats    ]   CWRF: <total>                    1326 us
[2026-04-03T02:25:23.564+0600][86.068s][info][gc,stats    ]   CWRF: Weak References            1326 us, workers (us): 496, 527, 302, ---, ---, ---, 
[2026-04-03T02:25:23.564+0600][86.068s][info][gc,stats    ] Concurrent Weak Roots              6173 us
[2026-04-03T02:25:23.565+0600][86.068s][info][gc,stats    ]   Roots                            5414 us, parallelism: 2.68x
[2026-04-03T02:25:23.565+0600][86.068s][info][gc,stats    ]     CWR: <total>                  14528 us
[2026-04-03T02:25:23.565+0600][86.068s][info][gc,stats    ]     CWR: Code Cache Roots         11621 us, workers (us): 3610, 4016, 3994, ---, ---, ---, 
[2026-04-03T02:25:23.565+0600][86.068s][info][gc,stats    ]     CWR: VM Weak Roots             2688 us, workers (us): 1029, 1016, 643, ---, ---, ---, 
[2026-04-03T02:25:23.565+0600][86.068s][info][gc,stats    ]     CWR: CLDG Roots                 219 us, workers (us): 219, ---, ---, ---, ---, ---, 
[2026-04-03T02:25:23.565+0600][86.068s][info][gc,stats    ]   Rendezvous                        476 us
[2026-04-03T02:25:23.565+0600][86.068s][info][gc,stats    ] Concurrent Cleanup                 1470 us
[2026-04-03T02:25:23.565+0600][86.068s][info][gc,stats    ] Concurrent Class Unloading        23051 us
[2026-04-03T02:25:23.565+0600][86.068s][info][gc,stats    ]   Unlink Stale                    20978 us
[2026-04-03T02:25:23.565+0600][86.068s][info][gc,stats    ]     System Dictionary               343 us
[2026-04-03T02:25:23.565+0600][86.068s][info][gc,stats    ]     Weak Class Links                  1 us
[2026-04-03T02:25:23.565+0600][86.068s][info][gc,stats    ]     Code Roots                    20629 us
[2026-04-03T02:25:23.565+0600][86.068s][info][gc,stats    ]   Rendezvous                        466 us
[2026-04-03T02:25:23.565+0600][86.068s][info][gc,stats    ]   Purge Unlinked                   1467 us
[2026-04-03T02:25:23.565+0600][86.068s][info][gc,stats    ]     Code Roots                     1453 us
[2026-04-03T02:25:23.565+0600][86.068s][info][gc,stats    ]     CLDG                             12 us
[2026-04-03T02:25:23.565+0600][86.068s][info][gc,stats    ]     Exception Caches                  0 us
[2026-04-03T02:25:23.565+0600][86.068s][info][gc,stats    ] Concurrent Strong Roots            1328 us, parallelism: 0.64x
[2026-04-03T02:25:23.565+0600][86.068s][info][gc,stats    ]   CSR: <total>                      843 us
[2026-04-03T02:25:23.565+0600][86.068s][info][gc,stats    ]   CSR: VM Strong Roots               60 us, workers (us):  58,   1,   0, ---, ---, ---, 
[2026-04-03T02:25:23.565+0600][86.068s][info][gc,stats    ]   CSR: CLDG Roots                   784 us, workers (us): 784, ---, ---, ---, ---, ---, 
[2026-04-03T02:25:23.565+0600][86.068s][info][gc,stats    ] Concurrent Evacuation              2613 us
[2026-04-03T02:25:23.565+0600][86.068s][info][gc,stats    ] Pause Init Update Refs (G)          350 us
[2026-04-03T02:25:23.565+0600][86.068s][info][gc,stats    ] Pause Init Update Refs (N)          153 us
[2026-04-03T02:25:23.565+0600][86.068s][info][gc,stats    ]   Manage GCLABs                      48 us
[2026-04-03T02:25:23.565+0600][86.068s][info][gc,stats    ] Concurrent Update Refs            47660 us
[2026-04-03T02:25:23.565+0600][86.068s][info][gc,stats    ] Concurrent Update Thread Roots     1561 us
[2026-04-03T02:25:23.565+0600][86.068s][info][gc,stats    ] Pause Final Update Refs (G)         616 us
[2026-04-03T02:25:23.565+0600][86.068s][info][gc,stats    ] Pause Final Update Refs (N)         274 us
[2026-04-03T02:25:23.565+0600][86.068s][info][gc,stats    ]   Update Region States               66 us
[2026-04-03T02:25:23.565+0600][86.068s][info][gc,stats    ]   Trash Collection Set               19 us
[2026-04-03T02:25:23.565+0600][86.068s][info][gc,stats    ]   Rebuild Free Set                   54 us
[2026-04-03T02:25:23.565+0600][86.068s][info][gc,stats    ] Concurrent Cleanup                  784 us
[2026-04-03T02:25:23.565+0600][86.068s][info][gc,stats    ] Pacing                           182683 us
[2026-04-03T02:25:23.565+0600][86.068s][info][gc,stats    ] 
[2026-04-03T02:25:23.565+0600][86.068s][info][gc,stats    ] Allocation pacing accrued:
[2026-04-03T02:25:23.565+0600][86.068s][info][gc,stats    ]      11 of   739 ms (  1.5%): Spark Context Cleaner
[2026-04-03T02:25:23.565+0600][86.068s][info][gc,stats    ]      22 of   739 ms (  3.0%): Executor task launch worker for task 0.0 in stage 3843.0 (TID 7267)
[2026-04-03T02:25:23.565+0600][86.068s][info][gc,stats    ]      21 of   739 ms (  2.9%): Executor task launch worker for task 3.0 in stage 3843.0 (TID 7270)
[2026-04-03T02:25:23.565+0600][86.068s][info][gc,stats    ]      21 of   739 ms (  2.9%): Executor task launch worker for task 4.0 in stage 3843.0 (TID 7271)
[2026-04-03T02:25:23.565+0600][86.068s][info][gc,stats    ]      21 of   739 ms (  2.9%): Executor task launch worker for task 5.0 in stage 3843.0 (TID 7272)
[2026-04-03T02:25:23.565+0600][86.068s][info][gc,stats    ]      21 of   739 ms (  2.9%): Executor task launch worker for task 6.0 in stage 3843.0 (TID 7273)
[2026-04-03T02:25:23.565+0600][86.068s][info][gc,stats    ]      21 of   739 ms (  2.9%): Executor task launch worker for task 7.0 in stage 3843.0 (TID 7274)
[2026-04-03T02:25:23.565+0600][86.068s][info][gc,stats    ]      21 of   739 ms (  2.9%): Executor task launch worker for task 1.0 in stage 3843.0 (TID 7268)
[2026-04-03T02:25:23.565+0600][86.068s][info][gc,stats    ]      21 of   739 ms (  2.9%): Executor task launch worker for task 2.0 in stage 3843.0 (TID 7269)
[2026-04-03T02:25:23.565+0600][86.068s][info][gc,stats    ]     183 of   739 ms ( 24.7%): <total>
[2026-04-03T02:25:23.565+0600][86.068s][info][gc,stats    ]       1 of   739 ms (  0.1%): <average total>
[2026-04-03T02:25:23.565+0600][86.068s][info][gc,stats    ]      20 of   739 ms (  2.7%): <average non-zero>
[2026-04-03T02:25:23.565+0600][86.068s][info][gc,stats    ] 
[2026-04-03T02:25:23.565+0600][86.068s][info][gc,metaspace] Metaspace: 131671K(132992K)->131671K(132992K) NonClass: 115174K(115840K)->115174K(115840K) Class: 16497K(17152K)->16497K(17152K)
[2026-04-03T02:25:23.565+0600][86.068s][info][gc,ergo     ] Pacer for Idle. Initial: 20480K, Alloc Tax Rate: 1.0x
[2026-04-03T02:25:24.024+0600][86.527s][info][gc          ] Trigger: Average GC time (170.83 ms) is above the time for average allocation rate (978 MB/s) to deplete free headroom (165M) (margin of error = 1.86)
[2026-04-03T02:25:24.024+0600][86.528s][info][gc,ergo     ] Free headroom: 215M (free) - 51200K (spike) - 0B (penalties) = 165M
[2026-04-03T02:25:24.024+0600][86.528s][info][gc,ergo     ] Free: 215M, Max: 256K regular, 170M humongous, Frag: 21% external, 1% internal; Reserve: 51200K, Max: 256K
[2026-04-03T02:25:24.024+0600][86.528s][info][gc,start    ] GC(117) Concurrent reset
[2026-04-03T02:25:24.024+0600][86.528s][info][gc,task     ] GC(117) Using 3 of 6 workers for concurrent reset
[2026-04-03T02:25:24.024+0600][86.528s][info][gc,ergo     ] GC(117) Pacer for Reset. Non-Taxable: 1000M
[2026-04-03T02:25:24.026+0600][86.529s][info][gc          ] GC(117) Concurrent reset 1.361ms
[2026-04-03T02:25:24.026+0600][86.529s][info][gc,start    ] GC(117) Pause Init Mark (unload classes)
[2026-04-03T02:25:24.026+0600][86.529s][info][gc,task     ] GC(117) Using 6 of 6 workers for init marking
[2026-04-03T02:25:24.026+0600][86.529s][info][gc,ergo     ] GC(117) Pacer for Mark. Expected Live: 99065K, Free: 215M, Non-Taxable: 22049K, Alloc Tax Rate: 0.5x
[2026-04-03T02:25:24.026+0600][86.529s][info][gc          ] GC(117) Pause Init Mark (unload classes) 0.182ms
[2026-04-03T02:25:24.026+0600][86.530s][info][gc,start    ] GC(117) Concurrent marking roots
[2026-04-03T02:25:24.026+0600][86.530s][info][gc,task     ] GC(117) Using 3 of 6 workers for concurrent marking roots
[2026-04-03T02:25:24.028+0600][86.531s][info][gc          ] GC(117) Concurrent marking roots 1.674ms
[2026-04-03T02:25:24.028+0600][86.531s][info][gc,start    ] GC(117) Concurrent marking (unload classes)
[2026-04-03T02:25:24.028+0600][86.531s][info][gc,task     ] GC(117) Using 3 of 6 workers for concurrent marking
[2026-04-03T02:25:24.090+0600][86.593s][info][gc          ] GC(117) Concurrent marking (unload classes) 62.093ms
[2026-04-03T02:25:24.090+0600][86.594s][info][gc,start    ] GC(117) Pause Final Mark (unload classes)
[2026-04-03T02:25:24.090+0600][86.594s][info][gc,task     ] GC(117) Using 6 of 6 workers for final marking
[2026-04-03T02:25:24.091+0600][86.594s][info][gc,ergo     ] GC(117) Adaptive CSet Selection. Target Free: 141M, Actual Free: 680M, Max CSet: 42666K, Min Garbage: 0B
[2026-04-03T02:25:24.091+0600][86.594s][info][gc,ergo     ] GC(117) Collectable Garbage: 594M (98%), Immediate: 452M (75%), CSet: 142M (23%)
[2026-04-03T02:25:24.091+0600][86.594s][info][gc,ergo     ] GC(117) Pacer for Evacuation. Used CSet: 149M, Free: 667M, Non-Taxable: 68332K, Alloc Tax Rate: 1.1x
[2026-04-03T02:25:24.091+0600][86.594s][info][gc          ] GC(117) Pause Final Mark (unload classes) 0.868ms
[2026-04-03T02:25:24.091+0600][86.595s][info][gc,start    ] GC(117) Concurrent thread roots
[2026-04-03T02:25:24.091+0600][86.595s][info][gc,task     ] GC(117) Using 3 of 6 workers for Concurrent thread roots
[2026-04-03T02:25:24.092+0600][86.595s][info][gc          ] GC(117) Concurrent thread roots 0.752ms
[2026-04-03T02:25:24.092+0600][86.595s][info][gc,start    ] GC(117) Concurrent weak references
[2026-04-03T02:25:24.092+0600][86.595s][info][gc,task     ] GC(117) Using 3 of 6 workers for concurrent weak references
[2026-04-03T02:25:24.093+0600][86.596s][info][gc,ref      ] GC(117) Encountered references: Soft: 3792, Weak: 16545, Final: 84, Phantom: 628
[2026-04-03T02:25:24.093+0600][86.596s][info][gc,ref      ] GC(117) Discovered  references: Soft: 0, Weak: 10096, Final: 52, Phantom: 624
[2026-04-03T02:25:24.093+0600][86.596s][info][gc,ref      ] GC(117) Enqueued    references: Soft: 0, Weak: 1729, Final: 0, Phantom: 0
[2026-04-03T02:25:24.093+0600][86.596s][info][gc          ] GC(117) Concurrent weak references 0.916ms
[2026-04-03T02:25:24.093+0600][86.596s][info][gc,start    ] GC(117) Concurrent weak roots
[2026-04-03T02:25:24.093+0600][86.596s][info][gc,task     ] GC(117) Using 3 of 6 workers for concurrent weak root
[2026-04-03T02:25:24.097+0600][86.600s][info][gc          ] GC(117) Concurrent weak roots 3.907ms
[2026-04-03T02:25:24.097+0600][86.600s][info][gc,start    ] GC(117) Concurrent cleanup
[2026-04-03T02:25:24.098+0600][86.601s][info][gc          ] GC(117) Concurrent cleanup 731M->281M(844M) 0.950ms
[2026-04-03T02:25:24.098+0600][86.601s][info][gc,ergo     ] GC(117) Free: 664M, Max: 256K regular, 179M humongous, Frag: 74% external, 0% internal; Reserve: 50522K, Max: 256K
[2026-04-03T02:25:24.098+0600][86.601s][info][gc,start    ] GC(117) Concurrent class unloading
[2026-04-03T02:25:24.098+0600][86.601s][info][gc,task     ] GC(117) Using 3 of 6 workers for concurrent class unloading
[2026-04-03T02:25:24.120+0600][86.623s][info][gc          ] GC(117) Concurrent class unloading 21.486ms
[2026-04-03T02:25:24.120+0600][86.623s][info][gc,start    ] GC(117) Concurrent strong roots
[2026-04-03T02:25:24.120+0600][86.623s][info][gc,task     ] GC(117) Using 3 of 6 workers for concurrent strong root
[2026-04-03T02:25:24.121+0600][86.624s][info][gc          ] GC(117) Concurrent strong roots 1.238ms
[2026-04-03T02:25:24.121+0600][86.624s][info][gc,start    ] GC(117) Concurrent evacuation
[2026-04-03T02:25:24.121+0600][86.624s][info][gc,task     ] GC(117) Using 3 of 6 workers for concurrent evacuation
[2026-04-03T02:25:24.128+0600][86.631s][info][gc          ] GC(117) Concurrent evacuation 7.038ms
[2026-04-03T02:25:24.128+0600][86.632s][info][gc,start    ] GC(117) Pause Init Update Refs
[2026-04-03T02:25:24.129+0600][86.632s][info][gc,ergo     ] GC(117) Pacer for Update Refs. Used: 306M, Free: 646M, Non-Taxable: 66229K, Alloc Tax Rate: 1.1x
[2026-04-03T02:25:24.129+0600][86.632s][info][gc          ] GC(117) Pause Init Update Refs 0.155ms
[2026-04-03T02:25:24.129+0600][86.632s][info][gc,start    ] GC(117) Concurrent update references
[2026-04-03T02:25:24.129+0600][86.632s][info][gc,task     ] GC(117) Using 3 of 6 workers for concurrent reference update
[2026-04-03T02:25:24.193+0600][86.697s][info][gc          ] GC(117) Concurrent update references 64.654ms
[2026-04-03T02:25:24.193+0600][86.697s][info][gc,start    ] GC(117) Concurrent update thread roots
[2026-04-03T02:25:24.195+0600][86.698s][info][gc          ] GC(117) Concurrent update thread roots 1.515ms
[2026-04-03T02:25:24.195+0600][86.699s][info][gc,start    ] GC(117) Pause Final Update Refs
[2026-04-03T02:25:24.195+0600][86.699s][info][gc,task     ] GC(117) Using 6 of 6 workers for final reference update
[2026-04-03T02:25:24.196+0600][86.699s][info][gc          ] GC(117) Pause Final Update Refs 0.255ms
[2026-04-03T02:25:24.196+0600][86.699s][info][gc,start    ] GC(117) Concurrent cleanup
[2026-04-03T02:25:24.197+0600][86.700s][info][gc          ] GC(117) Concurrent cleanup 370M->222M(844M) 0.894ms
[2026-04-03T02:25:24.197+0600][86.700s][info][gc,ergo     ] Free: 723M, Max: 256K regular, 258M humongous, Frag: 65% external, 0% internal; Reserve: 51200K, Max: 256K
[2026-04-03T02:25:24.197+0600][86.700s][info][gc,stats    ] 
[2026-04-03T02:25:24.197+0600][86.700s][info][gc,stats    ] All times are wall-clock times, except per-root-class counters, that are sum over
[2026-04-03T02:25:24.197+0600][86.700s][info][gc,stats    ] all workers. Dividing the <total> over the root stage time estimates parallelism.
[2026-04-03T02:25:24.197+0600][86.700s][info][gc,stats    ] 
[2026-04-03T02:25:24.197+0600][86.700s][info][gc,stats    ] Concurrent Reset                   1445 us
[2026-04-03T02:25:24.197+0600][86.700s][info][gc,stats    ] Pause Init Mark (G)                 436 us
[2026-04-03T02:25:24.197+0600][86.700s][info][gc,stats    ] Pause Init Mark (N)                 193 us
[2026-04-03T02:25:24.197+0600][86.700s][info][gc,stats    ]   Update Region States               63 us
[2026-04-03T02:25:24.197+0600][86.700s][info][gc,stats    ] Concurrent Mark Roots              1719 us, parallelism: 1.84x
[2026-04-03T02:25:24.197+0600][86.700s][info][gc,stats    ]   CMR: <total>                     3166 us
[2026-04-03T02:25:24.197+0600][86.700s][info][gc,stats    ]   CMR: Thread Roots                2663 us, workers (us): 1038, 1013, 612, ---, ---, ---, 
[2026-04-03T02:25:24.197+0600][86.700s][info][gc,stats    ]   CMR: VM Strong Roots               98 us, workers (us):  33,  43,  21, ---, ---, ---, 
[2026-04-03T02:25:24.197+0600][86.700s][info][gc,stats    ]   CMR: CLDG Roots                   405 us, workers (us): ---, ---, 405, ---, ---, ---, 
[2026-04-03T02:25:24.197+0600][86.700s][info][gc,stats    ] Concurrent Marking                62159 us
[2026-04-03T02:25:24.197+0600][86.700s][info][gc,stats    ] Pause Final Mark (G)               1207 us
[2026-04-03T02:25:24.197+0600][86.700s][info][gc,stats    ] Pause Final Mark (N)                914 us
[2026-04-03T02:25:24.197+0600][86.700s][info][gc,stats    ]   Finish Mark                       345 us
[2026-04-03T02:25:24.197+0600][86.700s][info][gc,stats    ]   Update Region States               45 us
[2026-04-03T02:25:24.197+0600][86.700s][info][gc,stats    ]   Choose Collection Set             305 us
[2026-04-03T02:25:24.197+0600][86.700s][info][gc,stats    ]   Rebuild Free Set                   58 us
[2026-04-03T02:25:24.197+0600][86.700s][info][gc,stats    ] Concurrent Thread Roots             774 us, parallelism: 2.41x
[2026-04-03T02:25:24.197+0600][86.700s][info][gc,stats    ]   CTR: <total>                     1868 us
[2026-04-03T02:25:24.197+0600][86.700s][info][gc,stats    ]   CTR: Thread Roots                1868 us, workers (us): 640, 628, 600, ---, ---, ---, 
[2026-04-03T02:25:24.197+0600][86.700s][info][gc,stats    ] Concurrent Weak References          926 us, parallelism: 0.99x
[2026-04-03T02:25:24.197+0600][86.700s][info][gc,stats    ]   CWRF: <total>                     919 us
[2026-04-03T02:25:24.197+0600][86.700s][info][gc,stats    ]   CWRF: Weak References             919 us, workers (us): 214, 115, 589, ---, ---, ---, 
[2026-04-03T02:25:24.197+0600][86.700s][info][gc,stats    ] Concurrent Weak Roots              3976 us
[2026-04-03T02:25:24.197+0600][86.700s][info][gc,stats    ]   Roots                            3515 us, parallelism: 2.59x
[2026-04-03T02:25:24.197+0600][86.700s][info][gc,stats    ]     CWR: <total>                   9089 us
[2026-04-03T02:25:24.197+0600][86.700s][info][gc,stats    ]     CWR: Code Cache Roots          7149 us, workers (us): 2232, 2541, 2376, ---, ---, ---, 
[2026-04-03T02:25:24.197+0600][86.700s][info][gc,stats    ]     CWR: VM Weak Roots             1788 us, workers (us): 614, 614, 560, ---, ---, ---, 
[2026-04-03T02:25:24.197+0600][86.700s][info][gc,stats    ]     CWR: CLDG Roots                 152 us, workers (us): 152, ---, ---, ---, ---, ---, 
[2026-04-03T02:25:24.197+0600][86.700s][info][gc,stats    ]   Rendezvous                        372 us
[2026-04-03T02:25:24.197+0600][86.700s][info][gc,stats    ] Concurrent Cleanup                  994 us
[2026-04-03T02:25:24.197+0600][86.700s][info][gc,stats    ] Concurrent Class Unloading        21625 us
[2026-04-03T02:25:24.197+0600][86.700s][info][gc,stats    ]   Unlink Stale                    17872 us
[2026-04-03T02:25:24.197+0600][86.700s][info][gc,stats    ]     System Dictionary               275 us
[2026-04-03T02:25:24.197+0600][86.700s][info][gc,stats    ]     Weak Class Links                  0 us
[2026-04-03T02:25:24.197+0600][86.701s][info][gc,stats    ]     Code Roots                    17593 us
[2026-04-03T02:25:24.197+0600][86.701s][info][gc,stats    ]   Rendezvous                       2400 us
[2026-04-03T02:25:24.197+0600][86.701s][info][gc,stats    ]   Purge Unlinked                   1168 us
[2026-04-03T02:25:24.197+0600][86.701s][info][gc,stats    ]     Code Roots                     1151 us
[2026-04-03T02:25:24.197+0600][86.701s][info][gc,stats    ]     CLDG                             16 us
[2026-04-03T02:25:24.197+0600][86.701s][info][gc,stats    ]     Exception Caches                  1 us
[2026-04-03T02:25:24.197+0600][86.701s][info][gc,stats    ] Concurrent Strong Roots            1283 us, parallelism: 0.63x
[2026-04-03T02:25:24.197+0600][86.701s][info][gc,stats    ]   CSR: <total>                      808 us
[2026-04-03T02:25:24.197+0600][86.701s][info][gc,stats    ]   CSR: VM Strong Roots               56 us, workers (us):  55,   1,   0, ---, ---, ---, 
[2026-04-03T02:25:24.197+0600][86.701s][info][gc,stats    ]   CSR: CLDG Roots                   752 us, workers (us): 752, ---, ---, ---, ---, ---, 
[2026-04-03T02:25:24.197+0600][86.701s][info][gc,stats    ] Concurrent Evacuation              7122 us
[2026-04-03T02:25:24.197+0600][86.701s][info][gc,stats    ] Pause Init Update Refs (G)          613 us
[2026-04-03T02:25:24.197+0600][86.701s][info][gc,stats    ] Pause Init Update Refs (N)          176 us
[2026-04-03T02:25:24.197+0600][86.701s][info][gc,stats    ]   Manage GCLABs                      49 us
[2026-04-03T02:25:24.197+0600][86.701s][info][gc,stats    ] Concurrent Update Refs            64737 us
[2026-04-03T02:25:24.197+0600][86.701s][info][gc,stats    ] Concurrent Update Thread Roots     1551 us
[2026-04-03T02:25:24.197+0600][86.701s][info][gc,stats    ] Pause Final Update Refs (G)         617 us
[2026-04-03T02:25:24.197+0600][86.701s][info][gc,stats    ] Pause Final Update Refs (N)         272 us
[2026-04-03T02:25:24.197+0600][86.701s][info][gc,stats    ]   Update Region States               79 us
[2026-04-03T02:25:24.197+0600][86.701s][info][gc,stats    ]   Trash Collection Set               27 us
[2026-04-03T02:25:24.197+0600][86.701s][info][gc,stats    ]   Rebuild Free Set                   54 us
[2026-04-03T02:25:24.197+0600][86.701s][info][gc,stats    ] Concurrent Cleanup                  930 us
[2026-04-03T02:25:24.197+0600][86.701s][info][gc,stats    ] Pacing                            32126 us
[2026-04-03T02:25:24.197+0600][86.701s][info][gc,stats    ] 
[2026-04-03T02:25:24.197+0600][86.701s][info][gc,stats    ] Allocation pacing accrued:
[2026-04-03T02:25:24.197+0600][86.701s][info][gc,stats    ]      32 of   633 ms (  5.1%): dag-scheduler-event-loop
[2026-04-03T02:25:24.198+0600][86.701s][info][gc,stats    ]      32 of   633 ms (  5.1%): <total>
[2026-04-03T02:25:24.198+0600][86.701s][info][gc,stats    ]       0 of   633 ms (  0.0%): <average total>
[2026-04-03T02:25:24.198+0600][86.701s][info][gc,stats    ]      32 of   633 ms (  5.1%): <average non-zero>
[2026-04-03T02:25:24.198+0600][86.701s][info][gc,stats    ] 
[2026-04-03T02:25:24.198+0600][86.701s][info][gc,metaspace] Metaspace: 131676K(132992K)->131676K(132992K) NonClass: 115179K(115840K)->115179K(115840K) Class: 16497K(17152K)->16497K(17152K)
[2026-04-03T02:25:24.198+0600][86.701s][info][gc,ergo     ] Pacer for Idle. Initial: 20480K, Alloc Tax Rate: 1.0x
[2026-04-03T02:25:24.400+0600][86.903s][info][gc          ] Trigger: Average GC time (187.61 ms) is above the time for average allocation rate (2005 MB/s) to deplete free headroom (247M) (margin of error = 1.86)
[2026-04-03T02:25:24.400+0600][86.903s][info][gc,ergo     ] Free headroom: 297M (free) - 51200K (spike) - 0B (penalties) = 247M
[2026-04-03T02:25:24.400+0600][86.903s][info][gc,ergo     ] Free: 297M, Max: 256K regular, 177M humongous, Frag: 41% external, 1% internal; Reserve: 51200K, Max: 256K
[2026-04-03T02:25:24.400+0600][86.903s][info][gc,start    ] GC(118) Concurrent reset
[2026-04-03T02:25:24.400+0600][86.903s][info][gc,task     ] GC(118) Using 3 of 6 workers for concurrent reset
[2026-04-03T02:25:24.400+0600][86.903s][info][gc,ergo     ] GC(118) Pacer for Reset. Non-Taxable: 1000M
[2026-04-03T02:25:24.401+0600][86.905s][info][gc          ] GC(118) Concurrent reset 1.433ms
[2026-04-03T02:25:24.402+0600][86.905s][info][gc,start    ] GC(118) Pause Init Mark (unload classes)
[2026-04-03T02:25:24.402+0600][86.905s][info][gc,task     ] GC(118) Using 6 of 6 workers for init marking
[2026-04-03T02:25:24.402+0600][86.905s][info][gc,ergo     ] GC(118) Pacer for Mark. Expected Live: 95594K, Free: 273M, Non-Taxable: 28049K, Alloc Tax Rate: 0.4x
[2026-04-03T02:25:24.402+0600][86.905s][info][gc          ] GC(118) Pause Init Mark (unload classes) 0.141ms
[2026-04-03T02:25:24.402+0600][86.906s][info][gc,start    ] GC(118) Concurrent marking roots
[2026-04-03T02:25:24.402+0600][86.906s][info][gc,task     ] GC(118) Using 3 of 6 workers for concurrent marking roots
[2026-04-03T02:25:24.404+0600][86.907s][info][gc          ] GC(118) Concurrent marking roots 1.311ms
[2026-04-03T02:25:24.404+0600][86.907s][info][gc,start    ] GC(118) Concurrent marking (unload classes)
[2026-04-03T02:25:24.404+0600][86.907s][info][gc,task     ] GC(118) Using 3 of 6 workers for concurrent marking
[2026-04-03T02:25:24.446+0600][86.949s][info][gc          ] GC(118) Concurrent marking (unload classes) 42.021ms
[2026-04-03T02:25:24.446+0600][86.949s][info][gc,start    ] GC(118) Pause Final Mark (unload classes)
[2026-04-03T02:25:24.446+0600][86.949s][info][gc,task     ] GC(118) Using 6 of 6 workers for final marking
[2026-04-03T02:25:24.446+0600][86.950s][info][gc,ergo     ] GC(118) Adaptive CSet Selection. Target Free: 141M, Actual Free: 754M, Max CSet: 42666K, Min Garbage: 0B
[2026-04-03T02:25:24.446+0600][86.950s][info][gc,ergo     ] GC(118) Collectable Garbage: 539M (98%), Immediate: 486M (88%), CSet: 54618K (9%)
[2026-04-03T02:25:24.446+0600][86.950s][info][gc,ergo     ] GC(118) Pacer for Evacuation. Used CSet: 61044K, Free: 731M, Non-Taxable: 74940K, Alloc Tax Rate: 1.1x
[2026-04-03T02:25:24.446+0600][86.950s][info][gc          ] GC(118) Pause Final Mark (unload classes) 0.707ms
[2026-04-03T02:25:24.447+0600][86.950s][info][gc,start    ] GC(118) Concurrent thread roots
[2026-04-03T02:25:24.447+0600][86.950s][info][gc,task     ] GC(118) Using 3 of 6 workers for Concurrent thread roots
[2026-04-03T02:25:24.447+0600][86.951s][info][gc          ] GC(118) Concurrent thread roots 0.890ms
[2026-04-03T02:25:24.447+0600][86.951s][info][gc,start    ] GC(118) Concurrent weak references
[2026-04-03T02:25:24.448+0600][86.951s][info][gc,task     ] GC(118) Using 3 of 6 workers for concurrent weak references
[2026-04-03T02:25:24.448+0600][86.952s][info][gc,ref      ] GC(118) Encountered references: Soft: 3788, Weak: 15288, Final: 84, Phantom: 637
[2026-04-03T02:25:24.448+0600][86.952s][info][gc,ref      ] GC(118) Discovered  references: Soft: 0, Weak: 9177, Final: 84, Phantom: 293
[2026-04-03T02:25:24.448+0600][86.952s][info][gc,ref      ] GC(118) Enqueued    references: Soft: 0, Weak: 594, Final: 0, Phantom: 0
[2026-04-03T02:25:24.448+0600][86.952s][info][gc          ] GC(118) Concurrent weak references 0.773ms
[2026-04-03T02:25:24.448+0600][86.952s][info][gc,start    ] GC(118) Concurrent weak roots
[2026-04-03T02:25:24.448+0600][86.952s][info][gc,task     ] GC(118) Using 3 of 6 workers for concurrent weak root
[2026-04-03T02:25:24.453+0600][86.956s][info][gc          ] GC(118) Concurrent weak roots 4.700ms
[2026-04-03T02:25:24.453+0600][86.956s][info][gc,start    ] GC(118) Concurrent cleanup
[2026-04-03T02:25:24.454+0600][86.958s][info][gc          ] GC(118) Concurrent cleanup 702M->216M(844M) 1.128ms
[2026-04-03T02:25:24.454+0600][86.958s][info][gc,ergo     ] GC(118) Free: 728M, Max: 256K regular, 182M humongous, Frag: 75% external, 0% internal; Reserve: 49767K, Max: 256K
[2026-04-03T02:25:24.454+0600][86.958s][info][gc,start    ] GC(118) Concurrent class unloading
[2026-04-03T02:25:24.454+0600][86.958s][info][gc,task     ] GC(118) Using 3 of 6 workers for concurrent class unloading
[2026-04-03T02:25:24.472+0600][86.975s][info][gc          ] GC(118) Concurrent class unloading 17.296ms
[2026-04-03T02:25:24.472+0600][86.975s][info][gc,start    ] GC(118) Concurrent strong roots
[2026-04-03T02:25:24.472+0600][86.975s][info][gc,task     ] GC(118) Using 3 of 6 workers for concurrent strong root
[2026-04-03T02:25:24.473+0600][86.977s][info][gc          ] GC(118) Concurrent strong roots 1.538ms
[2026-04-03T02:25:24.473+0600][86.977s][info][gc,start    ] GC(118) Concurrent evacuation
[2026-04-03T02:25:24.474+0600][86.977s][info][gc,task     ] GC(118) Using 3 of 6 workers for concurrent evacuation
[2026-04-03T02:25:24.477+0600][86.980s][info][gc          ] GC(118) Concurrent evacuation 3.172ms
[2026-04-03T02:25:24.477+0600][86.980s][info][gc,start    ] GC(118) Pause Init Update Refs
[2026-04-03T02:25:24.477+0600][86.980s][info][gc,ergo     ] GC(118) Pacer for Update Refs. Used: 234M, Free: 715M, Non-Taxable: 73296K, Alloc Tax Rate: 1.1x
[2026-04-03T02:25:24.477+0600][86.980s][info][gc          ] GC(118) Pause Init Update Refs 0.153ms
[2026-04-03T02:25:24.477+0600][86.981s][info][gc,start    ] GC(118) Concurrent update references
[2026-04-03T02:25:24.478+0600][86.981s][info][gc,task     ] GC(118) Using 3 of 6 workers for concurrent reference update
[2026-04-03T02:25:24.519+0600][87.023s][info][gc          ] GC(118) Concurrent update references 41.744ms
[2026-04-03T02:25:24.519+0600][87.023s][info][gc,start    ] GC(118) Concurrent update thread roots
[2026-04-03T02:25:24.520+0600][87.024s][info][gc          ] GC(118) Concurrent update thread roots 1.128ms
[2026-04-03T02:25:24.521+0600][87.024s][info][gc,start    ] GC(118) Pause Final Update Refs
[2026-04-03T02:25:24.521+0600][87.024s][info][gc,task     ] GC(118) Using 6 of 6 workers for final reference update
[2026-04-03T02:25:24.521+0600][87.024s][info][gc          ] GC(118) Pause Final Update Refs 0.237ms
[2026-04-03T02:25:24.521+0600][87.024s][info][gc,start    ] GC(118) Concurrent cleanup
[2026-04-03T02:25:24.521+0600][87.025s][info][gc          ] GC(118) Concurrent cleanup 268M->208M(845M) 0.289ms
[2026-04-03T02:25:24.521+0600][87.025s][info][gc,ergo     ] Free: 732M, Max: 256K regular, 258M humongous, Frag: 65% external, 0% internal; Reserve: 51200K, Max: 256K
[2026-04-03T02:25:24.521+0600][87.025s][info][gc,stats    ] 
[2026-04-03T02:25:24.521+0600][87.025s][info][gc,stats    ] All times are wall-clock times, except per-root-class counters, that are sum over
[2026-04-03T02:25:24.521+0600][87.025s][info][gc,stats    ] all workers. Dividing the <total> over the root stage time estimates parallelism.
[2026-04-03T02:25:24.521+0600][87.025s][info][gc,stats    ] 
[2026-04-03T02:25:24.522+0600][87.025s][info][gc,stats    ] Concurrent Reset                   1494 us
[2026-04-03T02:25:24.522+0600][87.025s][info][gc,stats    ] Pause Init Mark (G)                 717 us
[2026-04-03T02:25:24.522+0600][87.025s][info][gc,stats    ] Pause Init Mark (N)                 151 us
[2026-04-03T02:25:24.522+0600][87.025s][info][gc,stats    ]   Update Region States               39 us
[2026-04-03T02:25:24.522+0600][87.025s][info][gc,stats    ] Concurrent Mark Roots              1363 us, parallelism: 1.88x
[2026-04-03T02:25:24.522+0600][87.025s][info][gc,stats    ]   CMR: <total>                     2559 us
[2026-04-03T02:25:24.522+0600][87.025s][info][gc,stats    ]   CMR: Thread Roots                2100 us, workers (us): 838, 427, 835, ---, ---, ---, 
[2026-04-03T02:25:24.522+0600][87.025s][info][gc,stats    ]   CMR: VM Strong Roots               48 us, workers (us):  35,  12,   1, ---, ---, ---, 
[2026-04-03T02:25:24.522+0600][87.025s][info][gc,stats    ]   CMR: CLDG Roots                   411 us, workers (us): ---, 411, ---, ---, ---, ---, 
[2026-04-03T02:25:24.522+0600][87.025s][info][gc,stats    ] Concurrent Marking                42080 us
[2026-04-03T02:25:24.522+0600][87.025s][info][gc,stats    ] Pause Final Mark (G)                901 us
[2026-04-03T02:25:24.522+0600][87.025s][info][gc,stats    ] Pause Final Mark (N)                722 us
[2026-04-03T02:25:24.522+0600][87.025s][info][gc,stats    ]   Finish Mark                       307 us
[2026-04-03T02:25:24.522+0600][87.025s][info][gc,stats    ]   Update Region States               62 us
[2026-04-03T02:25:24.522+0600][87.025s][info][gc,stats    ]   Choose Collection Set             218 us
[2026-04-03T02:25:24.522+0600][87.025s][info][gc,stats    ]   Rebuild Free Set                   38 us
[2026-04-03T02:25:24.522+0600][87.025s][info][gc,stats    ] Concurrent Thread Roots             926 us, parallelism: 2.07x
[2026-04-03T02:25:24.522+0600][87.025s][info][gc,stats    ]   CTR: <total>                     1918 us
[2026-04-03T02:25:24.522+0600][87.025s][info][gc,stats    ]   CTR: Thread Roots                1918 us, workers (us): 652, 637, 630, ---, ---, ---, 
[2026-04-03T02:25:24.522+0600][87.025s][info][gc,stats    ] Concurrent Weak References          784 us, parallelism: 1.08x
[2026-04-03T02:25:24.522+0600][87.025s][info][gc,stats    ]   CWRF: <total>                     845 us
[2026-04-03T02:25:24.522+0600][87.025s][info][gc,stats    ]   CWRF: Weak References             845 us, workers (us): 144, 559, 141, ---, ---, ---, 
[2026-04-03T02:25:24.522+0600][87.025s][info][gc,stats    ] Concurrent Weak Roots              4785 us
[2026-04-03T02:25:24.522+0600][87.025s][info][gc,stats    ]   Roots                            4315 us, parallelism: 2.75x
[2026-04-03T02:25:24.522+0600][87.025s][info][gc,stats    ]     CWR: <total>                  11846 us
[2026-04-03T02:25:24.522+0600][87.025s][info][gc,stats    ]     CWR: Code Cache Roots          9544 us, workers (us): 3210, 3131, 3203, ---, ---, ---, 
[2026-04-03T02:25:24.522+0600][87.025s][info][gc,stats    ]     CWR: VM Weak Roots             2159 us, workers (us): 747, 710, 703, ---, ---, ---, 
[2026-04-03T02:25:24.522+0600][87.025s][info][gc,stats    ]     CWR: CLDG Roots                 143 us, workers (us): ---, 143, ---, ---, ---, ---, 
[2026-04-03T02:25:24.522+0600][87.025s][info][gc,stats    ]   Rendezvous                        361 us
[2026-04-03T02:25:24.522+0600][87.025s][info][gc,stats    ] Concurrent Cleanup                 1201 us
[2026-04-03T02:25:24.522+0600][87.025s][info][gc,stats    ] Concurrent Class Unloading        17443 us
[2026-04-03T02:25:24.522+0600][87.025s][info][gc,stats    ]   Unlink Stale                    15865 us
[2026-04-03T02:25:24.522+0600][87.025s][info][gc,stats    ]     System Dictionary               300 us
[2026-04-03T02:25:24.522+0600][87.025s][info][gc,stats    ]     Weak Class Links                  0 us
[2026-04-03T02:25:24.522+0600][87.025s][info][gc,stats    ]     Code Roots                    15561 us
[2026-04-03T02:25:24.522+0600][87.025s][info][gc,stats    ]   Rendezvous                        607 us
[2026-04-03T02:25:24.522+0600][87.025s][info][gc,stats    ]   Purge Unlinked                    790 us
[2026-04-03T02:25:24.522+0600][87.025s][info][gc,stats    ]     Code Roots                      768 us
[2026-04-03T02:25:24.522+0600][87.025s][info][gc,stats    ]     CLDG                             20 us
[2026-04-03T02:25:24.522+0600][87.025s][info][gc,stats    ]     Exception Caches                  1 us
[2026-04-03T02:25:24.522+0600][87.025s][info][gc,stats    ] Concurrent Strong Roots            1646 us, parallelism: 0.62x
[2026-04-03T02:25:24.522+0600][87.025s][info][gc,stats    ]   CSR: <total>                     1015 us
[2026-04-03T02:25:24.522+0600][87.025s][info][gc,stats    ]   CSR: VM Strong Roots               65 us, workers (us):  42,  24,   0, ---, ---, ---, 
[2026-04-03T02:25:24.522+0600][87.025s][info][gc,stats    ]   CSR: CLDG Roots                   949 us, workers (us): 949, ---, ---, ---, ---, ---, 
[2026-04-03T02:25:24.522+0600][87.025s][info][gc,stats    ] Concurrent Evacuation              3311 us
[2026-04-03T02:25:24.522+0600][87.025s][info][gc,stats    ] Pause Init Update Refs (G)          676 us
[2026-04-03T02:25:24.522+0600][87.025s][info][gc,stats    ] Pause Init Update Refs (N)          183 us
[2026-04-03T02:25:24.522+0600][87.025s][info][gc,stats    ]   Manage GCLABs                      52 us
[2026-04-03T02:25:24.522+0600][87.025s][info][gc,stats    ] Concurrent Update Refs            41823 us
[2026-04-03T02:25:24.522+0600][87.025s][info][gc,stats    ] Concurrent Update Thread Roots     1205 us
[2026-04-03T02:25:24.522+0600][87.025s][info][gc,stats    ] Pause Final Update Refs (G)         562 us
[2026-04-03T02:25:24.522+0600][87.025s][info][gc,stats    ] Pause Final Update Refs (N)         254 us
[2026-04-03T02:25:24.522+0600][87.025s][info][gc,stats    ]   Update Region States               54 us
[2026-04-03T02:25:24.522+0600][87.025s][info][gc,stats    ]   Trash Collection Set               14 us
[2026-04-03T02:25:24.522+0600][87.025s][info][gc,stats    ]   Rebuild Free Set                   46 us
[2026-04-03T02:25:24.522+0600][87.025s][info][gc,stats    ] Concurrent Cleanup                  309 us
[2026-04-03T02:25:24.522+0600][87.025s][info][gc,stats    ] Pacing                           134762 us
[2026-04-03T02:25:24.522+0600][87.025s][info][gc,stats    ] 
[2026-04-03T02:25:24.522+0600][87.025s][info][gc,stats    ] Allocation pacing accrued:
[2026-04-03T02:25:24.522+0600][87.025s][info][gc,stats    ]      11 of   325 ms (  3.5%): Spark Context Cleaner
[2026-04-03T02:25:24.522+0600][87.025s][info][gc,stats    ]      40 of   325 ms ( 12.3%): Executor task launch worker for task 0.0 in stage 3966.0 (TID 7389)
[2026-04-03T02:25:24.522+0600][87.025s][info][gc,stats    ]      11 of   325 ms (  3.4%): Executor task launch worker for task 2.0 in stage 3966.0 (TID 7391)
[2026-04-03T02:25:24.522+0600][87.025s][info][gc,stats    ]       3 of   325 ms (  0.9%): Executor task launch worker for task 3.0 in stage 3966.0 (TID 7392)
[2026-04-03T02:25:24.522+0600][87.025s][info][gc,stats    ]      40 of   325 ms ( 12.3%): Executor task launch worker for task 1.0 in stage 3966.0 (TID 7390)
[2026-04-03T02:25:24.522+0600][87.025s][info][gc,stats    ]      29 of   325 ms (  9.0%): task-result-getter-3
[2026-04-03T02:25:24.522+0600][87.025s][info][gc,stats    ]     135 of   325 ms ( 41.5%): <total>
[2026-04-03T02:25:24.522+0600][87.025s][info][gc,stats    ]       0 of   325 ms (  0.1%): <average total>
[2026-04-03T02:25:24.522+0600][87.025s][info][gc,stats    ]      22 of   325 ms (  6.9%): <average non-zero>
[2026-04-03T02:25:24.522+0600][87.025s][info][gc,stats    ] 
[2026-04-03T02:25:24.522+0600][87.025s][info][gc,metaspace] Metaspace: 131684K(132992K)->131684K(132992K) NonClass: 115185K(115840K)->115185K(115840K) Class: 16498K(17152K)->16498K(17152K)
[2026-04-03T02:25:24.522+0600][87.025s][info][gc,ergo     ] Pacer for Idle. Initial: 20480K, Alloc Tax Rate: 1.0x
[2026-04-03T02:25:24.617+0600][87.121s][info][gc          ] Trigger: Average GC time (181.86 ms) is above the time for average allocation rate (1545 MB/s) to deplete free headroom (278M) (margin of error = 1.86)
[2026-04-03T02:25:24.617+0600][87.121s][info][gc,ergo     ] Free headroom: 328M (free) - 51200K (spike) - 0B (penalties) = 278M
[2026-04-03T02:25:24.617+0600][87.121s][info][gc,ergo     ] Free: 328M, Max: 256K regular, 228M humongous, Frag: 31% external, 0% internal; Reserve: 51200K, Max: 256K
[2026-04-03T02:25:24.617+0600][87.121s][info][gc,start    ] GC(119) Concurrent reset
[2026-04-03T02:25:24.617+0600][87.121s][info][gc,task     ] GC(119) Using 3 of 6 workers for concurrent reset
[2026-04-03T02:25:24.617+0600][87.121s][info][gc,ergo     ] GC(119) Pacer for Reset. Non-Taxable: 1000M
[2026-04-03T02:25:24.618+0600][87.122s][info][gc          ] GC(119) Concurrent reset 0.910ms
[2026-04-03T02:25:24.618+0600][87.122s][info][gc,start    ] GC(119) Pause Init Mark (unload classes)
[2026-04-03T02:25:24.619+0600][87.122s][info][gc,task     ] GC(119) Using 6 of 6 workers for init marking
[2026-04-03T02:25:24.619+0600][87.122s][info][gc,ergo     ] GC(119) Pacer for Mark. Expected Live: 96265K, Free: 327M, Non-Taxable: 33490K, Alloc Tax Rate: 0.4x
[2026-04-03T02:25:24.619+0600][87.122s][info][gc          ] GC(119) Pause Init Mark (unload classes) 0.153ms
[2026-04-03T02:25:24.619+0600][87.122s][info][gc,start    ] GC(119) Concurrent marking roots
[2026-04-03T02:25:24.619+0600][87.122s][info][gc,task     ] GC(119) Using 3 of 6 workers for concurrent marking roots
[2026-04-03T02:25:24.620+0600][87.123s][info][gc          ] GC(119) Concurrent marking roots 1.231ms
[2026-04-03T02:25:24.620+0600][87.123s][info][gc,start    ] GC(119) Concurrent marking (unload classes)
[2026-04-03T02:25:24.620+0600][87.123s][info][gc,task     ] GC(119) Using 3 of 6 workers for concurrent marking
[2026-04-03T02:25:24.676+0600][87.179s][info][gc          ] GC(119) Concurrent marking (unload classes) 55.696ms
[2026-04-03T02:25:24.676+0600][87.179s][info][gc,start    ] GC(119) Pause Final Mark (unload classes)
[2026-04-03T02:25:24.676+0600][87.179s][info][gc,task     ] GC(119) Using 6 of 6 workers for final marking
[2026-04-03T02:25:24.676+0600][87.180s][info][gc,ergo     ] GC(119) Adaptive CSet Selection. Target Free: 141M, Actual Free: 784M, Max CSet: 42666K, Min Garbage: 0B
[2026-04-03T02:25:24.676+0600][87.180s][info][gc,ergo     ] GC(119) Collectable Garbage: 491M (98%), Immediate: 440M (88%), CSet: 51392K (10%)
[2026-04-03T02:25:24.676+0600][87.180s][info][gc,ergo     ] GC(119) Pacer for Evacuation. Used CSet: 55456K, Free: 767M, Non-Taxable: 78622K, Alloc Tax Rate: 1.1x
[2026-04-03T02:25:24.676+0600][87.180s][info][gc          ] GC(119) Pause Final Mark (unload classes) 0.660ms
[2026-04-03T02:25:24.677+0600][87.180s][info][gc,start    ] GC(119) Concurrent thread roots
[2026-04-03T02:25:24.677+0600][87.180s][info][gc,task     ] GC(119) Using 3 of 6 workers for Concurrent thread roots
[2026-04-03T02:25:24.677+0600][87.181s][info][gc          ] GC(119) Concurrent thread roots 0.930ms
[2026-04-03T02:25:24.677+0600][87.181s][info][gc,start    ] GC(119) Concurrent weak references
[2026-04-03T02:25:24.677+0600][87.181s][info][gc,task     ] GC(119) Using 3 of 6 workers for concurrent weak references
[2026-04-03T02:25:24.678+0600][87.182s][info][gc,ref      ] GC(119) Encountered references: Soft: 3784, Weak: 15017, Final: 84, Phantom: 620
[2026-04-03T02:25:24.678+0600][87.182s][info][gc,ref      ] GC(119) Discovered  references: Soft: 0, Weak: 7756, Final: 0, Phantom: 615
[2026-04-03T02:25:24.678+0600][87.182s][info][gc,ref      ] GC(119) Enqueued    references: Soft: 0, Weak: 371, Final: 0, Phantom: 0
[2026-04-03T02:25:24.678+0600][87.182s][info][gc          ] GC(119) Concurrent weak references 0.844ms
[2026-04-03T02:25:24.678+0600][87.182s][info][gc,start    ] GC(119) Concurrent weak roots
[2026-04-03T02:25:24.678+0600][87.182s][info][gc,task     ] GC(119) Using 3 of 6 workers for concurrent weak root
[2026-04-03T02:25:24.685+0600][87.188s][info][gc          ] GC(119) Concurrent weak roots 6.208ms
[2026-04-03T02:25:24.685+0600][87.188s][info][gc,start    ] GC(119) Concurrent cleanup
[2026-04-03T02:25:24.686+0600][87.189s][info][gc          ] GC(119) Concurrent cleanup 619M->179M(845M) 1.006ms
[2026-04-03T02:25:24.686+0600][87.189s][info][gc,ergo     ] GC(119) Free: 766M, Max: 256K regular, 257M humongous, Frag: 67% external, 0% internal; Reserve: 50842K, Max: 256K
[2026-04-03T02:25:24.686+0600][87.189s][info][gc,start    ] GC(119) Concurrent class unloading
[2026-04-03T02:25:24.686+0600][87.189s][info][gc,task     ] GC(119) Using 3 of 6 workers for concurrent class unloading
[2026-04-03T02:25:24.703+0600][87.206s][info][gc          ] GC(119) Concurrent class unloading 17.383ms
[2026-04-03T02:25:24.703+0600][87.207s][info][gc,start    ] GC(119) Concurrent strong roots
[2026-04-03T02:25:24.703+0600][87.207s][info][gc,task     ] GC(119) Using 3 of 6 workers for concurrent strong root
[2026-04-03T02:25:24.704+0600][87.208s][info][gc          ] GC(119) Concurrent strong roots 1.220ms
[2026-04-03T02:25:24.705+0600][87.208s][info][gc,start    ] GC(119) Concurrent evacuation
[2026-04-03T02:25:24.705+0600][87.208s][info][gc,task     ] GC(119) Using 3 of 6 workers for concurrent evacuation
[2026-04-03T02:25:24.708+0600][87.211s][info][gc          ] GC(119) Concurrent evacuation 3.381ms
[2026-04-03T02:25:24.708+0600][87.212s][info][gc,start    ] GC(119) Pause Init Update Refs
[2026-04-03T02:25:24.708+0600][87.212s][info][gc,ergo     ] GC(119) Pacer for Update Refs. Used: 194M, Free: 755M, Non-Taxable: 77339K, Alloc Tax Rate: 1.1x
[2026-04-03T02:25:24.708+0600][87.212s][info][gc          ] GC(119) Pause Init Update Refs 0.168ms
[2026-04-03T02:25:24.708+0600][87.212s][info][gc,start    ] GC(119) Concurrent update references
[2026-04-03T02:25:24.708+0600][87.212s][info][gc,task     ] GC(119) Using 3 of 6 workers for concurrent reference update
[2026-04-03T02:25:24.750+0600][87.253s][info][gc          ] GC(119) Concurrent update references 41.119ms
[2026-04-03T02:25:24.750+0600][87.253s][info][gc,start    ] GC(119) Concurrent update thread roots
[2026-04-03T02:25:24.751+0600][87.254s][info][gc          ] GC(119) Concurrent update thread roots 1.155ms
[2026-04-03T02:25:24.751+0600][87.254s][info][gc,start    ] GC(119) Pause Final Update Refs
[2026-04-03T02:25:24.751+0600][87.254s][info][gc,task     ] GC(119) Using 6 of 6 workers for final reference update
[2026-04-03T02:25:24.751+0600][87.254s][info][gc          ] GC(119) Pause Final Update Refs 0.192ms
[2026-04-03T02:25:24.751+0600][87.255s][info][gc,start    ] GC(119) Concurrent cleanup
[2026-04-03T02:25:24.752+0600][87.255s][info][gc          ] GC(119) Concurrent cleanup 215M->161M(845M) 0.317ms
[2026-04-03T02:25:24.752+0600][87.255s][info][gc,ergo     ] Free: 781M, Max: 256K regular, 361M humongous, Frag: 54% external, 0% internal; Reserve: 51200K, Max: 256K
[2026-04-03T02:25:24.752+0600][87.255s][info][gc,stats    ] 
[2026-04-03T02:25:24.752+0600][87.255s][info][gc,stats    ] All times are wall-clock times, except per-root-class counters, that are sum over
[2026-04-03T02:25:24.752+0600][87.255s][info][gc,stats    ] all workers. Dividing the <total> over the root stage time estimates parallelism.
[2026-04-03T02:25:24.752+0600][87.255s][info][gc,stats    ] 
[2026-04-03T02:25:24.752+0600][87.255s][info][gc,stats    ] Concurrent Reset                    961 us
[2026-04-03T02:25:24.752+0600][87.255s][info][gc,stats    ] Pause Init Mark (G)                 362 us
[2026-04-03T02:25:24.752+0600][87.255s][info][gc,stats    ] Pause Init Mark (N)                 164 us
[2026-04-03T02:25:24.752+0600][87.255s][info][gc,stats    ]   Update Region States               38 us
[2026-04-03T02:25:24.752+0600][87.255s][info][gc,stats    ] Concurrent Mark Roots              1280 us, parallelism: 1.91x
[2026-04-03T02:25:24.752+0600][87.255s][info][gc,stats    ]   CMR: <total>                     2445 us
[2026-04-03T02:25:24.752+0600][87.255s][info][gc,stats    ]   CMR: Thread Roots                2127 us, workers (us): 563, 825, 740, ---, ---, ---, 
[2026-04-03T02:25:24.752+0600][87.255s][info][gc,stats    ]   CMR: VM Strong Roots               56 us, workers (us):  31,  25,   1, ---, ---, ---, 
[2026-04-03T02:25:24.752+0600][87.255s][info][gc,stats    ]   CMR: CLDG Roots                   262 us, workers (us): 262, ---, ---, ---, ---, ---, 
[2026-04-03T02:25:24.752+0600][87.255s][info][gc,stats    ] Concurrent Marking                55780 us
[2026-04-03T02:25:24.752+0600][87.255s][info][gc,stats    ] Pause Final Mark (G)                771 us
[2026-04-03T02:25:24.752+0600][87.255s][info][gc,stats    ] Pause Final Mark (N)                671 us
[2026-04-03T02:25:24.752+0600][87.255s][info][gc,stats    ]   Finish Mark                       247 us
[2026-04-03T02:25:24.752+0600][87.255s][info][gc,stats    ]   Update Region States               57 us
[2026-04-03T02:25:24.752+0600][87.255s][info][gc,stats    ]   Choose Collection Set             209 us
[2026-04-03T02:25:24.752+0600][87.255s][info][gc,stats    ]   Rebuild Free Set                   49 us
[2026-04-03T02:25:24.752+0600][87.255s][info][gc,stats    ] Concurrent Thread Roots             959 us, parallelism: 2.36x
[2026-04-03T02:25:24.752+0600][87.255s][info][gc,stats    ]   CTR: <total>                     2263 us
[2026-04-03T02:25:24.752+0600][87.255s][info][gc,stats    ]   CTR: Thread Roots                2263 us, workers (us): 793, 745, 724, ---, ---, ---, 
[2026-04-03T02:25:24.752+0600][87.255s][info][gc,stats    ] Concurrent Weak References          855 us, parallelism: 0.85x
[2026-04-03T02:25:24.752+0600][87.255s][info][gc,stats    ]   CWRF: <total>                     727 us
[2026-04-03T02:25:24.752+0600][87.255s][info][gc,stats    ]   CWRF: Weak References             727 us, workers (us): 210,  10, 507, ---, ---, ---, 
[2026-04-03T02:25:24.752+0600][87.255s][info][gc,stats    ] Concurrent Weak Roots              6305 us
[2026-04-03T02:25:24.752+0600][87.255s][info][gc,stats    ]   Roots                            5725 us, parallelism: 2.77x
[2026-04-03T02:25:24.752+0600][87.255s][info][gc,stats    ]     CWR: <total>                  15866 us
[2026-04-03T02:25:24.752+0600][87.255s][info][gc,stats    ]     CWR: Code Cache Roots         13402 us, workers (us): 4427, 4543, 4433, ---, ---, ---, 
[2026-04-03T02:25:24.752+0600][87.255s][info][gc,stats    ]     CWR: VM Weak Roots             2303 us, workers (us): 777, 765, 760, ---, ---, ---, 
[2026-04-03T02:25:24.752+0600][87.255s][info][gc,stats    ]     CWR: CLDG Roots                 161 us, workers (us): ---, ---, 161, ---, ---, ---, 
[2026-04-03T02:25:24.752+0600][87.255s][info][gc,stats    ]   Rendezvous                        455 us
[2026-04-03T02:25:24.752+0600][87.255s][info][gc,stats    ] Concurrent Cleanup                 1025 us
[2026-04-03T02:25:24.752+0600][87.255s][info][gc,stats    ] Concurrent Class Unloading        17494 us
[2026-04-03T02:25:24.752+0600][87.255s][info][gc,stats    ]   Unlink Stale                    16252 us
[2026-04-03T02:25:24.752+0600][87.255s][info][gc,stats    ]     System Dictionary               332 us
[2026-04-03T02:25:24.752+0600][87.255s][info][gc,stats    ]     Weak Class Links                  0 us
[2026-04-03T02:25:24.752+0600][87.255s][info][gc,stats    ]     Code Roots                    15916 us
[2026-04-03T02:25:24.752+0600][87.255s][info][gc,stats    ]   Rendezvous                        385 us
[2026-04-03T02:25:24.752+0600][87.255s][info][gc,stats    ]   Purge Unlinked                    718 us
[2026-04-03T02:25:24.752+0600][87.255s][info][gc,stats    ]     Code Roots                      699 us
[2026-04-03T02:25:24.752+0600][87.255s][info][gc,stats    ]     CLDG                             17 us
[2026-04-03T02:25:24.752+0600][87.255s][info][gc,stats    ]     Exception Caches                  1 us
[2026-04-03T02:25:24.752+0600][87.255s][info][gc,stats    ] Concurrent Strong Roots            1315 us, parallelism: 0.64x
[2026-04-03T02:25:24.752+0600][87.255s][info][gc,stats    ]   CSR: <total>                      845 us
[2026-04-03T02:25:24.752+0600][87.255s][info][gc,stats    ]   CSR: VM Strong Roots               61 us, workers (us):  30,  24,   7, ---, ---, ---, 
[2026-04-03T02:25:24.752+0600][87.255s][info][gc,stats    ]   CSR: CLDG Roots                   784 us, workers (us): ---, 784, ---, ---, ---, ---, 
[2026-04-03T02:25:24.752+0600][87.255s][info][gc,stats    ] Concurrent Evacuation              3467 us
[2026-04-03T02:25:24.752+0600][87.255s][info][gc,stats    ] Pause Init Update Refs (G)          405 us
[2026-04-03T02:25:24.752+0600][87.256s][info][gc,stats    ] Pause Init Update Refs (N)          185 us
[2026-04-03T02:25:24.752+0600][87.256s][info][gc,stats    ]   Manage GCLABs                      49 us
[2026-04-03T02:25:24.752+0600][87.256s][info][gc,stats    ] Concurrent Update Refs            41192 us
[2026-04-03T02:25:24.752+0600][87.256s][info][gc,stats    ] Concurrent Update Thread Roots     1190 us
[2026-04-03T02:25:24.752+0600][87.256s][info][gc,stats    ] Pause Final Update Refs (G)         380 us
[2026-04-03T02:25:24.752+0600][87.256s][info][gc,stats    ] Pause Final Update Refs (N)         212 us
[2026-04-03T02:25:24.752+0600][87.256s][info][gc,stats    ]   Update Region States               62 us
[2026-04-03T02:25:24.752+0600][87.256s][info][gc,stats    ]   Trash Collection Set               14 us
[2026-04-03T02:25:24.752+0600][87.256s][info][gc,stats    ]   Rebuild Free Set                   50 us
[2026-04-03T02:25:24.752+0600][87.256s][info][gc,stats    ] Concurrent Cleanup                  346 us
[2026-04-03T02:25:24.752+0600][87.256s][info][gc,stats    ] 
[2026-04-03T02:25:24.752+0600][87.256s][info][gc,stats    ] Allocation pacing accrued:
[2026-04-03T02:25:24.752+0600][87.256s][info][gc,stats    ]       0 of   230 ms (  0.0%): <total>
[2026-04-03T02:25:24.752+0600][87.256s][info][gc,stats    ]       0 of   230 ms (  0.0%): <average total>
[2026-04-03T02:25:24.752+0600][87.256s][info][gc,stats    ] 
[2026-04-03T02:25:24.752+0600][87.256s][info][gc,metaspace] Metaspace: 131684K(132992K)->131689K(132992K) NonClass: 115186K(115840K)->115191K(115840K) Class: 16498K(17152K)->16498K(17152K)
[2026-04-03T02:25:24.752+0600][87.256s][info][gc,ergo     ] Pacer for Idle. Initial: 20480K, Alloc Tax Rate: 1.0x
[2026-04-03T02:25:25.366+0600][87.869s][info][gc          ] Trigger: Average GC time (167.01 ms) is above the time for average allocation rate (1176 MB/s) to deplete free headroom (196M) (margin of error = 1.85)
[2026-04-03T02:25:25.366+0600][87.870s][info][gc,ergo     ] Free headroom: 246M (free) - 51200K (spike) - 0B (penalties) = 196M
[2026-04-03T02:25:25.366+0600][87.870s][info][gc,ergo     ] Free: 245M, Max: 256K regular, 244M humongous, Frag: 0% external, 0% internal; Reserve: 51200K, Max: 256K
[2026-04-03T02:25:25.366+0600][87.870s][info][gc,start    ] GC(120) Concurrent reset
[2026-04-03T02:25:25.366+0600][87.870s][info][gc,task     ] GC(120) Using 3 of 6 workers for concurrent reset
[2026-04-03T02:25:25.366+0600][87.870s][info][gc,ergo     ] GC(120) Pacer for Reset. Non-Taxable: 1000M
[2026-04-03T02:25:25.367+0600][87.871s][info][gc          ] GC(120) Concurrent reset 1.013ms
[2026-04-03T02:25:25.368+0600][87.871s][info][gc,start    ] GC(120) Pause Init Mark (unload classes)
[2026-04-03T02:25:25.368+0600][87.871s][info][gc,task     ] GC(120) Using 6 of 6 workers for init marking
[2026-04-03T02:25:25.368+0600][87.871s][info][gc,ergo     ] GC(120) Pacer for Mark. Expected Live: 95763K, Free: 243M, Non-Taxable: 24982K, Alloc Tax Rate: 0.5x
[2026-04-03T02:25:25.368+0600][87.871s][info][gc          ] GC(120) Pause Init Mark (unload classes) 0.170ms
[2026-04-03T02:25:25.368+0600][87.871s][info][gc,start    ] GC(120) Concurrent marking roots
[2026-04-03T02:25:25.368+0600][87.871s][info][gc,task     ] GC(120) Using 3 of 6 workers for concurrent marking roots
[2026-04-03T02:25:25.369+0600][87.873s][info][gc          ] GC(120) Concurrent marking roots 1.565ms
[2026-04-03T02:25:25.370+0600][87.873s][info][gc,start    ] GC(120) Concurrent marking (unload classes)
[2026-04-03T02:25:25.370+0600][87.873s][info][gc,task     ] GC(120) Using 3 of 6 workers for concurrent marking
[2026-04-03T02:25:25.434+0600][87.938s][info][gc          ] GC(120) Concurrent marking (unload classes) 64.733ms
[2026-04-03T02:25:25.434+0600][87.938s][info][gc,start    ] GC(120) Pause Final Mark (unload classes)
[2026-04-03T02:25:25.434+0600][87.938s][info][gc,task     ] GC(120) Using 6 of 6 workers for final marking
[2026-04-03T02:25:25.435+0600][87.938s][info][gc,ergo     ] GC(120) Adaptive CSet Selection. Target Free: 141M, Actual Free: 715M, Max CSet: 42666K, Min Garbage: 0B
[2026-04-03T02:25:25.435+0600][87.938s][info][gc,ergo     ] GC(120) Collectable Garbage: 562M (98%), Immediate: 464M (81%), CSet: 100791K (17%)
[2026-04-03T02:25:25.435+0600][87.938s][info][gc,ergo     ] GC(120) Pacer for Evacuation. Used CSet: 104M, Free: 705M, Non-Taxable: 72251K, Alloc Tax Rate: 1.1x
[2026-04-03T02:25:25.435+0600][87.939s][info][gc          ] GC(120) Pause Final Mark (unload classes) 0.795ms
[2026-04-03T02:25:25.435+0600][87.939s][info][gc,start    ] GC(120) Concurrent thread roots
[2026-04-03T02:25:25.435+0600][87.939s][info][gc,task     ] GC(120) Using 3 of 6 workers for Concurrent thread roots
[2026-04-03T02:25:25.437+0600][87.940s][info][gc          ] GC(120) Concurrent thread roots 1.136ms
[2026-04-03T02:25:25.437+0600][87.940s][info][gc,start    ] GC(120) Concurrent weak references
[2026-04-03T02:25:25.437+0600][87.940s][info][gc,task     ] GC(120) Using 3 of 6 workers for concurrent weak references
[2026-04-03T02:25:25.438+0600][87.941s][info][gc,ref      ] GC(120) Encountered references: Soft: 3792, Weak: 15567, Final: 84, Phantom: 620
[2026-04-03T02:25:25.438+0600][87.941s][info][gc,ref      ] GC(120) Discovered  references: Soft: 0, Weak: 8517, Final: 52, Phantom: 576
[2026-04-03T02:25:25.438+0600][87.941s][info][gc,ref      ] GC(120) Enqueued    references: Soft: 0, Weak: 262, Final: 0, Phantom: 0
[2026-04-03T02:25:25.438+0600][87.941s][info][gc          ] GC(120) Concurrent weak references 1.087ms
[2026-04-03T02:25:25.438+0600][87.941s][info][gc,start    ] GC(120) Concurrent weak roots
[2026-04-03T02:25:25.438+0600][87.941s][info][gc,task     ] GC(120) Using 3 of 6 workers for concurrent weak root
[2026-04-03T02:25:25.446+0600][87.949s][info][gc          ] GC(120) Concurrent weak roots 8.302ms
[2026-04-03T02:25:25.446+0600][87.949s][info][gc,start    ] GC(120) Concurrent cleanup
[2026-04-03T02:25:25.447+0600][87.951s][info][gc          ] GC(120) Concurrent cleanup 713M->254M(845M) 1.282ms
[2026-04-03T02:25:25.447+0600][87.951s][info][gc,ergo     ] GC(120) Free: 690M, Max: 256K regular, 191M humongous, Frag: 73% external, 0% internal; Reserve: 50699K, Max: 256K
[2026-04-03T02:25:25.448+0600][87.951s][info][gc,start    ] GC(120) Concurrent class unloading
[2026-04-03T02:25:25.448+0600][87.951s][info][gc,task     ] GC(120) Using 3 of 6 workers for concurrent class unloading
[2026-04-03T02:25:25.464+0600][87.967s][info][gc          ] GC(120) Concurrent class unloading 16.380ms
[2026-04-03T02:25:25.464+0600][87.967s][info][gc,start    ] GC(120) Concurrent strong roots
[2026-04-03T02:25:25.464+0600][87.967s][info][gc,task     ] GC(120) Using 3 of 6 workers for concurrent strong root
[2026-04-03T02:25:25.465+0600][87.968s][info][gc          ] GC(120) Concurrent strong roots 0.983ms
[2026-04-03T02:25:25.465+0600][87.968s][info][gc,start    ] GC(120) Concurrent evacuation
[2026-04-03T02:25:25.465+0600][87.968s][info][gc,task     ] GC(120) Using 3 of 6 workers for concurrent evacuation
[2026-04-03T02:25:25.468+0600][87.971s][info][gc          ] GC(120) Concurrent evacuation 2.763ms
[2026-04-03T02:25:25.468+0600][87.971s][info][gc,start    ] GC(120) Pause Init Update Refs
[2026-04-03T02:25:25.468+0600][87.971s][info][gc,ergo     ] GC(120) Pacer for Update Refs. Used: 270M, Free: 678M, Non-Taxable: 69483K, Alloc Tax Rate: 1.1x
[2026-04-03T02:25:25.468+0600][87.971s][info][gc          ] GC(120) Pause Init Update Refs 0.124ms
[2026-04-03T02:25:25.468+0600][87.972s][info][gc,start    ] GC(120) Concurrent update references
[2026-04-03T02:25:25.468+0600][87.972s][info][gc,task     ] GC(120) Using 3 of 6 workers for concurrent reference update
[2026-04-03T02:25:25.518+0600][88.022s][info][gc          ] GC(120) Concurrent update references 50.074ms
[2026-04-03T02:25:25.518+0600][88.022s][info][gc,start    ] GC(120) Concurrent update thread roots
[2026-04-03T02:25:25.521+0600][88.024s][info][gc          ] GC(120) Concurrent update thread roots 2.304ms
[2026-04-03T02:25:25.521+0600][88.024s][info][gc,start    ] GC(120) Pause Final Update Refs
[2026-04-03T02:25:25.521+0600][88.024s][info][gc,task     ] GC(120) Using 6 of 6 workers for final reference update
[2026-04-03T02:25:25.521+0600][88.025s][info][gc          ] GC(120) Pause Final Update Refs 0.225ms
[2026-04-03T02:25:25.521+0600][88.025s][info][gc,start    ] GC(120) Concurrent cleanup
[2026-04-03T02:25:25.522+0600][88.026s][info][gc          ] GC(120) Concurrent cleanup 320M->216M(845M) 0.917ms
[2026-04-03T02:25:25.523+0600][88.026s][info][gc,ergo     ] Free: 724M, Max: 256K regular, 258M humongous, Frag: 65% external, 0% internal; Reserve: 51200K, Max: 256K
[2026-04-03T02:25:25.523+0600][88.026s][info][gc,stats    ] 
[2026-04-03T02:25:25.523+0600][88.026s][info][gc,stats    ] All times are wall-clock times, except per-root-class counters, that are sum over
[2026-04-03T02:25:25.523+0600][88.026s][info][gc,stats    ] all workers. Dividing the <total> over the root stage time estimates parallelism.
[2026-04-03T02:25:25.523+0600][88.026s][info][gc,stats    ] 
[2026-04-03T02:25:25.523+0600][88.026s][info][gc,stats    ] Concurrent Reset                   1087 us
[2026-04-03T02:25:25.523+0600][88.026s][info][gc,stats    ] Pause Init Mark (G)                 461 us
[2026-04-03T02:25:25.523+0600][88.026s][info][gc,stats    ] Pause Init Mark (N)                 181 us
[2026-04-03T02:25:25.523+0600][88.026s][info][gc,stats    ]   Update Region States               40 us
[2026-04-03T02:25:25.523+0600][88.026s][info][gc,stats    ] Concurrent Mark Roots              1609 us, parallelism: 2.16x
[2026-04-03T02:25:25.523+0600][88.026s][info][gc,stats    ]   CMR: <total>                     3468 us
[2026-04-03T02:25:25.523+0600][88.026s][info][gc,stats    ]   CMR: Thread Roots                2954 us, workers (us): 691, 1138, 1125, ---, ---, ---, 
[2026-04-03T02:25:25.523+0600][88.026s][info][gc,stats    ]   CMR: VM Strong Roots               71 us, workers (us):  26,  25,  20, ---, ---, ---, 
[2026-04-03T02:25:25.523+0600][88.026s][info][gc,stats    ]   CMR: CLDG Roots                   443 us, workers (us): 443, ---, ---, ---, ---, ---, 
[2026-04-03T02:25:25.523+0600][88.026s][info][gc,stats    ] Concurrent Marking                64824 us
[2026-04-03T02:25:25.523+0600][88.026s][info][gc,stats    ] Pause Final Mark (G)               1022 us
[2026-04-03T02:25:25.523+0600][88.026s][info][gc,stats    ] Pause Final Mark (N)                807 us
[2026-04-03T02:25:25.523+0600][88.026s][info][gc,stats    ]   Finish Mark                       167 us
[2026-04-03T02:25:25.523+0600][88.026s][info][gc,stats    ]   Update Region States              104 us
[2026-04-03T02:25:25.523+0600][88.026s][info][gc,stats    ]   Choose Collection Set             318 us
[2026-04-03T02:25:25.523+0600][88.026s][info][gc,stats    ]   Rebuild Free Set                   53 us
[2026-04-03T02:25:25.523+0600][88.026s][info][gc,stats    ] Concurrent Thread Roots            1190 us, parallelism: 2.47x
[2026-04-03T02:25:25.523+0600][88.026s][info][gc,stats    ]   CTR: <total>                     2937 us
[2026-04-03T02:25:25.523+0600][88.026s][info][gc,stats    ]   CTR: Thread Roots                2937 us, workers (us): 995, 991, 951, ---, ---, ---, 
[2026-04-03T02:25:25.523+0600][88.026s][info][gc,stats    ] Concurrent Weak References         1099 us, parallelism: 1.05x
[2026-04-03T02:25:25.523+0600][88.026s][info][gc,stats    ]   CWRF: <total>                    1151 us
[2026-04-03T02:25:25.523+0600][88.026s][info][gc,stats    ]   CWRF: Weak References            1151 us, workers (us): 837, 188, 127, ---, ---, ---, 
[2026-04-03T02:25:25.523+0600][88.026s][info][gc,stats    ] Concurrent Weak Roots              8394 us
[2026-04-03T02:25:25.523+0600][88.026s][info][gc,stats    ]   Roots                            7584 us, parallelism: 2.34x
[2026-04-03T02:25:25.523+0600][88.026s][info][gc,stats    ]     CWR: <total>                  17757 us
[2026-04-03T02:25:25.523+0600][88.026s][info][gc,stats    ]     CWR: Code Cache Roots         13996 us, workers (us): 5020, 5481, 3495, ---, ---, ---, 
[2026-04-03T02:25:25.523+0600][88.026s][info][gc,stats    ]     CWR: VM Weak Roots             3488 us, workers (us): 1757, 1730,   1, ---, ---, ---, 
[2026-04-03T02:25:25.523+0600][88.026s][info][gc,stats    ]     CWR: CLDG Roots                 273 us, workers (us): 273, ---, ---, ---, ---, ---, 
[2026-04-03T02:25:25.523+0600][88.026s][info][gc,stats    ]   Rendezvous                        660 us
[2026-04-03T02:25:25.523+0600][88.026s][info][gc,stats    ] Concurrent Cleanup                 1346 us
[2026-04-03T02:25:25.523+0600][88.026s][info][gc,stats    ] Concurrent Class Unloading        16459 us
[2026-04-03T02:25:25.523+0600][88.026s][info][gc,stats    ]   Unlink Stale                    14939 us
[2026-04-03T02:25:25.523+0600][88.026s][info][gc,stats    ]     System Dictionary               328 us
[2026-04-03T02:25:25.523+0600][88.026s][info][gc,stats    ]     Weak Class Links                  1 us
[2026-04-03T02:25:25.523+0600][88.026s][info][gc,stats    ]     Code Roots                    14606 us
[2026-04-03T02:25:25.523+0600][88.026s][info][gc,stats    ]   Rendezvous                        472 us
[2026-04-03T02:25:25.523+0600][88.026s][info][gc,stats    ]   Purge Unlinked                    923 us
[2026-04-03T02:25:25.523+0600][88.026s][info][gc,stats    ]     Code Roots                      911 us
[2026-04-03T02:25:25.523+0600][88.026s][info][gc,stats    ]     CLDG                             11 us
[2026-04-03T02:25:25.523+0600][88.026s][info][gc,stats    ]     Exception Caches                  1 us
[2026-04-03T02:25:25.523+0600][88.027s][info][gc,stats    ] Concurrent Strong Roots            1033 us, parallelism: 0.57x
[2026-04-03T02:25:25.523+0600][88.027s][info][gc,stats    ]   CSR: <total>                      589 us
[2026-04-03T02:25:25.523+0600][88.027s][info][gc,stats    ]   CSR: VM Strong Roots               31 us, workers (us):  29,   1,   0, ---, ---, ---, 
[2026-04-03T02:25:25.523+0600][88.027s][info][gc,stats    ]   CSR: CLDG Roots                   558 us, workers (us): 558, ---, ---, ---, ---, ---, 
[2026-04-03T02:25:25.523+0600][88.027s][info][gc,stats    ] Concurrent Evacuation              2836 us
[2026-04-03T02:25:25.523+0600][88.027s][info][gc,stats    ] Pause Init Update Refs (G)          462 us
[2026-04-03T02:25:25.523+0600][88.027s][info][gc,stats    ] Pause Init Update Refs (N)          139 us
[2026-04-03T02:25:25.523+0600][88.027s][info][gc,stats    ]   Manage GCLABs                      38 us
[2026-04-03T02:25:25.523+0600][88.027s][info][gc,stats    ] Concurrent Update Refs            50163 us
[2026-04-03T02:25:25.523+0600][88.027s][info][gc,stats    ] Concurrent Update Thread Roots     2398 us
[2026-04-03T02:25:25.523+0600][88.027s][info][gc,stats    ] Pause Final Update Refs (G)         591 us
[2026-04-03T02:25:25.523+0600][88.027s][info][gc,stats    ] Pause Final Update Refs (N)         245 us
[2026-04-03T02:25:25.523+0600][88.027s][info][gc,stats    ]   Update Region States               74 us
[2026-04-03T02:25:25.523+0600][88.027s][info][gc,stats    ]   Trash Collection Set               23 us
[2026-04-03T02:25:25.523+0600][88.027s][info][gc,stats    ]   Rebuild Free Set                   59 us
[2026-04-03T02:25:25.523+0600][88.027s][info][gc,stats    ] Concurrent Cleanup                  959 us
[2026-04-03T02:25:25.523+0600][88.027s][info][gc,stats    ] Pacing                           143821 us
[2026-04-03T02:25:25.523+0600][88.027s][info][gc,stats    ] 
[2026-04-03T02:25:25.523+0600][88.027s][info][gc,stats    ] Allocation pacing accrued:
[2026-04-03T02:25:25.523+0600][88.027s][info][gc,stats    ]      21 of   771 ms (  2.8%): Executor task launch worker for task 5.0 in stage 4003.0 (TID 7534)
[2026-04-03T02:25:25.523+0600][88.027s][info][gc,stats    ]      16 of   771 ms (  2.1%): Executor task launch worker for task 1.0 in stage 4003.0 (TID 7530)
[2026-04-03T02:25:25.524+0600][88.027s][info][gc,stats    ]      17 of   771 ms (  2.2%): Executor task launch worker for task 2.0 in stage 4003.0 (TID 7531)
[2026-04-03T02:25:25.524+0600][88.027s][info][gc,stats    ]      16 of   771 ms (  2.1%): Executor task launch worker for task 7.0 in stage 4003.0 (TID 7536)
[2026-04-03T02:25:25.524+0600][88.027s][info][gc,stats    ]      18 of   771 ms (  2.3%): Executor task launch worker for task 6.0 in stage 4003.0 (TID 7535)
[2026-04-03T02:25:25.524+0600][88.027s][info][gc,stats    ]      23 of   771 ms (  2.9%): Executor task launch worker for task 3.0 in stage 4003.0 (TID 7532)
[2026-04-03T02:25:25.524+0600][88.027s][info][gc,stats    ]      12 of   771 ms (  1.6%): Executor task launch worker for task 0.0 in stage 4003.0 (TID 7529)
[2026-04-03T02:25:25.524+0600][88.027s][info][gc,stats    ]      21 of   771 ms (  2.7%): Executor task launch worker for task 4.0 in stage 4003.0 (TID 7533)
[2026-04-03T02:25:25.524+0600][88.027s][info][gc,stats    ]     144 of   771 ms ( 18.7%): <total>
[2026-04-03T02:25:25.524+0600][88.027s][info][gc,stats    ]       1 of   771 ms (  0.1%): <average total>
[2026-04-03T02:25:25.524+0600][88.027s][info][gc,stats    ]      18 of   771 ms (  2.3%): <average non-zero>
[2026-04-03T02:25:25.524+0600][88.027s][info][gc,stats    ] 
[2026-04-03T02:25:25.524+0600][88.027s][info][gc,metaspace] Metaspace: 131689K(132992K)->131689K(132992K) NonClass: 115191K(115840K)->115191K(115840K) Class: 16498K(17152K)->16498K(17152K)
[2026-04-03T02:25:25.524+0600][88.027s][info][gc,ergo     ] Pacer for Idle. Initial: 20480K, Alloc Tax Rate: 1.0x
[2026-04-03T02:25:26.014+0600][88.517s][info][gc          ] Trigger: Average GC time (173.79 ms) is above the time for average allocation rate (962 MB/s) to deplete free headroom (167M) (margin of error = 1.85)
[2026-04-03T02:25:26.014+0600][88.518s][info][gc,ergo     ] Free headroom: 217M (free) - 51200K (spike) - 0B (penalties) = 167M
[2026-04-03T02:25:26.014+0600][88.518s][info][gc,ergo     ] Free: 216M, Max: 256K regular, 187M humongous, Frag: 14% external, 1% internal; Reserve: 51200K, Max: 256K
[2026-04-03T02:25:26.014+0600][88.518s][info][gc,start    ] GC(121) Concurrent reset
[2026-04-03T02:25:26.014+0600][88.518s][info][gc,task     ] GC(121) Using 3 of 6 workers for concurrent reset
[2026-04-03T02:25:26.014+0600][88.518s][info][gc,ergo     ] GC(121) Pacer for Reset. Non-Taxable: 1000M
[2026-04-03T02:25:26.016+0600][88.519s][info][gc          ] GC(121) Concurrent reset 1.405ms
[2026-04-03T02:25:26.016+0600][88.519s][info][gc,start    ] GC(121) Pause Init Mark (unload classes)
[2026-04-03T02:25:26.016+0600][88.519s][info][gc,task     ] GC(121) Using 6 of 6 workers for init marking
[2026-04-03T02:25:26.016+0600][88.519s][info][gc,ergo     ] GC(121) Pacer for Mark. Expected Live: 96204K, Free: 215M, Non-Taxable: 22065K, Alloc Tax Rate: 0.5x
[2026-04-03T02:25:26.016+0600][88.519s][info][gc          ] GC(121) Pause Init Mark (unload classes) 0.122ms
[2026-04-03T02:25:26.016+0600][88.520s][info][gc,start    ] GC(121) Concurrent marking roots
[2026-04-03T02:25:26.016+0600][88.520s][info][gc,task     ] GC(121) Using 3 of 6 workers for concurrent marking roots
[2026-04-03T02:25:26.018+0600][88.522s][info][gc          ] GC(121) Concurrent marking roots 2.159ms
[2026-04-03T02:25:26.018+0600][88.522s][info][gc,start    ] GC(121) Concurrent marking (unload classes)
[2026-04-03T02:25:26.018+0600][88.522s][info][gc,task     ] GC(121) Using 3 of 6 workers for concurrent marking
[2026-04-03T02:25:26.075+0600][88.578s][info][gc          ] GC(121) Concurrent marking (unload classes) 56.317ms
[2026-04-03T02:25:26.075+0600][88.578s][info][gc,start    ] GC(121) Pause Final Mark (unload classes)
[2026-04-03T02:25:26.075+0600][88.578s][info][gc,task     ] GC(121) Using 6 of 6 workers for final marking
[2026-04-03T02:25:26.076+0600][88.579s][info][gc,ergo     ] GC(121) Adaptive CSet Selection. Target Free: 141M, Actual Free: 687M, Max CSet: 42666K, Min Garbage: 0B
[2026-04-03T02:25:26.076+0600][88.579s][info][gc,ergo     ] GC(121) Collectable Garbage: 593M (98%), Immediate: 457M (76%), CSet: 135M (22%)
[2026-04-03T02:25:26.076+0600][88.579s][info][gc,ergo     ] GC(121) Pacer for Evacuation. Used CSet: 142M, Free: 674M, Non-Taxable: 69046K, Alloc Tax Rate: 1.1x
[2026-04-03T02:25:26.076+0600][88.579s][info][gc          ] GC(121) Pause Final Mark (unload classes) 0.801ms
[2026-04-03T02:25:26.076+0600][88.579s][info][gc,start    ] GC(121) Concurrent thread roots
[2026-04-03T02:25:26.076+0600][88.579s][info][gc,task     ] GC(121) Using 3 of 6 workers for Concurrent thread roots
[2026-04-03T02:25:26.077+0600][88.580s][info][gc          ] GC(121) Concurrent thread roots 0.827ms
[2026-04-03T02:25:26.077+0600][88.580s][info][gc,start    ] GC(121) Concurrent weak references
[2026-04-03T02:25:26.077+0600][88.580s][info][gc,task     ] GC(121) Using 3 of 6 workers for concurrent weak references
[2026-04-03T02:25:26.077+0600][88.581s][info][gc,ref      ] GC(121) Encountered references: Soft: 3792, Weak: 16558, Final: 84, Phantom: 622
[2026-04-03T02:25:26.077+0600][88.581s][info][gc,ref      ] GC(121) Discovered  references: Soft: 0, Weak: 6257, Final: 0, Phantom: 581
[2026-04-03T02:25:26.077+0600][88.581s][info][gc,ref      ] GC(121) Enqueued    references: Soft: 0, Weak: 1735, Final: 0, Phantom: 0
[2026-04-03T02:25:26.077+0600][88.581s][info][gc          ] GC(121) Concurrent weak references 0.619ms
[2026-04-03T02:25:26.077+0600][88.581s][info][gc,start    ] GC(121) Concurrent weak roots
[2026-04-03T02:25:26.077+0600][88.581s][info][gc,task     ] GC(121) Using 3 of 6 workers for concurrent weak root
[2026-04-03T02:25:26.081+0600][88.585s][info][gc          ] GC(121) Concurrent weak roots 3.962ms
[2026-04-03T02:25:26.081+0600][88.585s][info][gc,start    ] GC(121) Concurrent cleanup
[2026-04-03T02:25:26.082+0600][88.585s][info][gc          ] GC(121) Concurrent cleanup 729M->272M(845M) 0.734ms
[2026-04-03T02:25:26.082+0600][88.586s][info][gc,ergo     ] GC(121) Free: 674M, Max: 256K regular, 180M humongous, Frag: 74% external, 0% internal; Reserve: 50688K, Max: 256K
[2026-04-03T02:25:26.082+0600][88.586s][info][gc,start    ] GC(121) Concurrent class unloading
[2026-04-03T02:25:26.082+0600][88.586s][info][gc,task     ] GC(121) Using 3 of 6 workers for concurrent class unloading
[2026-04-03T02:25:26.097+0600][88.600s][info][gc          ] GC(121) Concurrent class unloading 14.562ms
[2026-04-03T02:25:26.097+0600][88.600s][info][gc,start    ] GC(121) Concurrent strong roots
[2026-04-03T02:25:26.097+0600][88.600s][info][gc,task     ] GC(121) Using 3 of 6 workers for concurrent strong root
[2026-04-03T02:25:26.098+0600][88.602s][info][gc          ] GC(121) Concurrent strong roots 1.365ms
[2026-04-03T02:25:26.098+0600][88.602s][info][gc,start    ] GC(121) Concurrent evacuation
[2026-04-03T02:25:26.098+0600][88.602s][info][gc,task     ] GC(121) Using 3 of 6 workers for concurrent evacuation
[2026-04-03T02:25:26.103+0600][88.607s][info][gc          ] GC(121) Concurrent evacuation 4.908ms
[2026-04-03T02:25:26.104+0600][88.607s][info][gc,start    ] GC(121) Pause Init Update Refs
[2026-04-03T02:25:26.104+0600][88.607s][info][gc,ergo     ] GC(121) Pacer for Update Refs. Used: 292M, Free: 660M, Non-Taxable: 67641K, Alloc Tax Rate: 1.1x
[2026-04-03T02:25:26.104+0600][88.607s][info][gc          ] GC(121) Pause Init Update Refs 0.219ms
[2026-04-03T02:25:26.104+0600][88.607s][info][gc,start    ] GC(121) Concurrent update references
[2026-04-03T02:25:26.104+0600][88.608s][info][gc,task     ] GC(121) Using 3 of 6 workers for concurrent reference update
[2026-04-03T02:25:26.165+0600][88.668s][info][gc          ] GC(121) Concurrent update references 60.861ms
[2026-04-03T02:25:26.165+0600][88.668s][info][gc,start    ] GC(121) Concurrent update thread roots
[2026-04-03T02:25:26.167+0600][88.670s][info][gc          ] GC(121) Concurrent update thread roots 1.449ms
[2026-04-03T02:25:26.167+0600][88.670s][info][gc,start    ] GC(121) Pause Final Update Refs
[2026-04-03T02:25:26.167+0600][88.670s][info][gc,task     ] GC(121) Using 6 of 6 workers for final reference update
[2026-04-03T02:25:26.167+0600][88.670s][info][gc          ] GC(121) Pause Final Update Refs 0.269ms
[2026-04-03T02:25:26.167+0600][88.671s][info][gc,start    ] GC(121) Concurrent cleanup
[2026-04-03T02:25:26.168+0600][88.672s][info][gc          ] GC(121) Concurrent cleanup 350M->207M(845M) 0.895ms
[2026-04-03T02:25:26.168+0600][88.672s][info][gc,ergo     ] Free: 737M, Max: 256K regular, 258M humongous, Frag: 65% external, 0% internal; Reserve: 51200K, Max: 256K
[2026-04-03T02:25:26.168+0600][88.672s][info][gc,stats    ] 
[2026-04-03T02:25:26.168+0600][88.672s][info][gc,stats    ] All times are wall-clock times, except per-root-class counters, that are sum over
[2026-04-03T02:25:26.168+0600][88.672s][info][gc,stats    ] all workers. Dividing the <total> over the root stage time estimates parallelism.
[2026-04-03T02:25:26.168+0600][88.672s][info][gc,stats    ] 
[2026-04-03T02:25:26.168+0600][88.672s][info][gc,stats    ] Concurrent Reset                   1486 us
[2026-04-03T02:25:26.168+0600][88.672s][info][gc,stats    ] Pause Init Mark (G)                 416 us
[2026-04-03T02:25:26.168+0600][88.672s][info][gc,stats    ] Pause Init Mark (N)                 132 us
[2026-04-03T02:25:26.168+0600][88.672s][info][gc,stats    ]   Update Region States               41 us
[2026-04-03T02:25:26.169+0600][88.672s][info][gc,stats    ] Concurrent Mark Roots              2212 us, parallelism: 1.42x
[2026-04-03T02:25:26.169+0600][88.672s][info][gc,stats    ]   CMR: <total>                     3140 us
[2026-04-03T02:25:26.169+0600][88.672s][info][gc,stats    ]   CMR: Thread Roots                2665 us, workers (us): 1125, 1540,   0, ---, ---, ---, 
[2026-04-03T02:25:26.169+0600][88.672s][info][gc,stats    ]   CMR: VM Strong Roots               67 us, workers (us):  42,  24,   0, ---, ---, ---, 
[2026-04-03T02:25:26.169+0600][88.672s][info][gc,stats    ]   CMR: CLDG Roots                   408 us, workers (us): 408, ---, ---, ---, ---, ---, 
[2026-04-03T02:25:26.169+0600][88.672s][info][gc,stats    ] Concurrent Marking                56378 us
[2026-04-03T02:25:26.169+0600][88.672s][info][gc,stats    ] Pause Final Mark (G)               1079 us
[2026-04-03T02:25:26.169+0600][88.672s][info][gc,stats    ] Pause Final Mark (N)                812 us
[2026-04-03T02:25:26.169+0600][88.672s][info][gc,stats    ]   Finish Mark                       305 us
[2026-04-03T02:25:26.169+0600][88.672s][info][gc,stats    ]   Update Region States               44 us
[2026-04-03T02:25:26.169+0600][88.672s][info][gc,stats    ]   Choose Collection Set             305 us
[2026-04-03T02:25:26.169+0600][88.672s][info][gc,stats    ]   Rebuild Free Set                   46 us
[2026-04-03T02:25:26.169+0600][88.672s][info][gc,stats    ] Concurrent Thread Roots             850 us, parallelism: 2.36x
[2026-04-03T02:25:26.169+0600][88.672s][info][gc,stats    ]   CTR: <total>                     2008 us
[2026-04-03T02:25:26.169+0600][88.672s][info][gc,stats    ]   CTR: Thread Roots                2008 us, workers (us): 725, 634, 649, ---, ---, ---, 
[2026-04-03T02:25:26.169+0600][88.672s][info][gc,stats    ] Concurrent Weak References          635 us, parallelism: 0.96x
[2026-04-03T02:25:26.169+0600][88.672s][info][gc,stats    ]   CWRF: <total>                     610 us
[2026-04-03T02:25:26.169+0600][88.672s][info][gc,stats    ]   CWRF: Weak References             610 us, workers (us): 242, 366,   1, ---, ---, ---, 
[2026-04-03T02:25:26.169+0600][88.672s][info][gc,stats    ] Concurrent Weak Roots              4043 us
[2026-04-03T02:25:26.169+0600][88.672s][info][gc,stats    ]   Roots                            3681 us, parallelism: 2.71x
[2026-04-03T02:25:26.169+0600][88.672s][info][gc,stats    ]     CWR: <total>                   9992 us
[2026-04-03T02:25:26.169+0600][88.672s][info][gc,stats    ]     CWR: Code Cache Roots          7590 us, workers (us): 2600, 2481, 2509, ---, ---, ---, 
[2026-04-03T02:25:26.169+0600][88.672s][info][gc,stats    ]     CWR: VM Weak Roots             2292 us, workers (us): 793, 787, 711, ---, ---, ---, 
[2026-04-03T02:25:26.169+0600][88.672s][info][gc,stats    ]     CWR: CLDG Roots                 111 us, workers (us): ---, 111, ---, ---, ---, ---, 
[2026-04-03T02:25:26.169+0600][88.672s][info][gc,stats    ]   Rendezvous                        256 us
[2026-04-03T02:25:26.169+0600][88.672s][info][gc,stats    ] Concurrent Cleanup                  779 us
[2026-04-03T02:25:26.169+0600][88.672s][info][gc,stats    ] Concurrent Class Unloading        14679 us
[2026-04-03T02:25:26.169+0600][88.672s][info][gc,stats    ]   Unlink Stale                    12053 us
[2026-04-03T02:25:26.169+0600][88.672s][info][gc,stats    ]     System Dictionary               241 us
[2026-04-03T02:25:26.169+0600][88.672s][info][gc,stats    ]     Weak Class Links                  0 us
[2026-04-03T02:25:26.169+0600][88.672s][info][gc,stats    ]     Code Roots                    11808 us
[2026-04-03T02:25:26.169+0600][88.672s][info][gc,stats    ]   Rendezvous                        914 us
[2026-04-03T02:25:26.169+0600][88.672s][info][gc,stats    ]   Purge Unlinked                   1557 us
[2026-04-03T02:25:26.169+0600][88.672s][info][gc,stats    ]     Code Roots                     1541 us
[2026-04-03T02:25:26.169+0600][88.672s][info][gc,stats    ]     CLDG                             15 us
[2026-04-03T02:25:26.169+0600][88.672s][info][gc,stats    ]     Exception Caches                  0 us
[2026-04-03T02:25:26.169+0600][88.672s][info][gc,stats    ] Concurrent Strong Roots            1433 us, parallelism: 0.64x
[2026-04-03T02:25:26.169+0600][88.672s][info][gc,stats    ]   CSR: <total>                      915 us
[2026-04-03T02:25:26.169+0600][88.672s][info][gc,stats    ]   CSR: VM Strong Roots               63 us, workers (us):  35,  27,   0, ---, ---, ---, 
[2026-04-03T02:25:26.169+0600][88.672s][info][gc,stats    ]   CSR: CLDG Roots                   852 us, workers (us): ---, 852, ---, ---, ---, ---, 
[2026-04-03T02:25:26.169+0600][88.672s][info][gc,stats    ] Concurrent Evacuation              5003 us
[2026-04-03T02:25:26.169+0600][88.672s][info][gc,stats    ] Pause Init Update Refs (G)          703 us
[2026-04-03T02:25:26.169+0600][88.672s][info][gc,stats    ] Pause Init Update Refs (N)          232 us
[2026-04-03T02:25:26.169+0600][88.672s][info][gc,stats    ]   Manage GCLABs                      53 us
[2026-04-03T02:25:26.169+0600][88.672s][info][gc,stats    ] Concurrent Update Refs            60949 us
[2026-04-03T02:25:26.169+0600][88.672s][info][gc,stats    ] Concurrent Update Thread Roots     1486 us
[2026-04-03T02:25:26.169+0600][88.672s][info][gc,stats    ] Pause Final Update Refs (G)         742 us
[2026-04-03T02:25:26.169+0600][88.672s][info][gc,stats    ] Pause Final Update Refs (N)         285 us
[2026-04-03T02:25:26.169+0600][88.672s][info][gc,stats    ]   Update Region States               81 us
[2026-04-03T02:25:26.169+0600][88.672s][info][gc,stats    ]   Trash Collection Set               23 us
[2026-04-03T02:25:26.169+0600][88.672s][info][gc,stats    ]   Rebuild Free Set                   61 us
[2026-04-03T02:25:26.169+0600][88.672s][info][gc,stats    ] Concurrent Cleanup                  931 us
[2026-04-03T02:25:26.169+0600][88.672s][info][gc,stats    ] Pacing                            62288 us
[2026-04-03T02:25:26.169+0600][88.672s][info][gc,stats    ] 
[2026-04-03T02:25:26.169+0600][88.672s][info][gc,stats    ] Allocation pacing accrued:
[2026-04-03T02:25:26.169+0600][88.672s][info][gc,stats    ]      10 of   646 ms (  1.6%): dispatcher-event-loop-5
[2026-04-03T02:25:26.169+0600][88.672s][info][gc,stats    ]      10 of   646 ms (  1.6%): Spark Context Cleaner
[2026-04-03T02:25:26.169+0600][88.673s][info][gc,stats    ]      11 of   646 ms (  1.7%): Executor task launch worker for task 1.0 in stage 4113.0 (TID 7618)
[2026-04-03T02:25:26.169+0600][88.673s][info][gc,stats    ]      21 of   646 ms (  3.3%): Executor task launch worker for task 0.0 in stage 4113.0 (TID 7617)
[2026-04-03T02:25:26.169+0600][88.673s][info][gc,stats    ]       9 of   646 ms (  1.4%): task-result-getter-3
[2026-04-03T02:25:26.169+0600][88.673s][info][gc,stats    ]      62 of   646 ms (  9.6%): <total>
[2026-04-03T02:25:26.169+0600][88.673s][info][gc,stats    ]       0 of   646 ms (  0.0%): <average total>
[2026-04-03T02:25:26.169+0600][88.673s][info][gc,stats    ]      12 of   646 ms (  1.9%): <average non-zero>
[2026-04-03T02:25:26.169+0600][88.673s][info][gc,stats    ] 
[2026-04-03T02:25:26.169+0600][88.673s][info][gc,metaspace] Metaspace: 131689K(132992K)->131689K(132992K) NonClass: 115191K(115840K)->115191K(115840K) Class: 16498K(17152K)->16498K(17152K)
[2026-04-03T02:25:26.169+0600][88.673s][info][gc,ergo     ] Pacer for Idle. Initial: 20480K, Alloc Tax Rate: 1.0x
[2026-04-03T02:25:26.371+0600][88.874s][info][gc          ] Trigger: Average GC time (170.55 ms) is above the time for average allocation rate (2271 MB/s) to deplete free headroom (201M) (margin of error = 1.85)
[2026-04-03T02:25:26.371+0600][88.874s][info][gc,ergo     ] Free headroom: 251M (free) - 51200K (spike) - 0B (penalties) = 201M
[2026-04-03T02:25:26.371+0600][88.874s][info][gc,ergo     ] Free: 247M, Max: 256K regular, 178M humongous, Frag: 28% external, 1% internal; Reserve: 51200K, Max: 256K
[2026-04-03T02:25:26.371+0600][88.874s][info][gc,start    ] GC(122) Concurrent reset
[2026-04-03T02:25:26.371+0600][88.874s][info][gc,task     ] GC(122) Using 3 of 6 workers for concurrent reset
[2026-04-03T02:25:26.371+0600][88.874s][info][gc,ergo     ] GC(122) Pacer for Reset. Non-Taxable: 1000M
[2026-04-03T02:25:26.373+0600][88.876s][info][gc          ] GC(122) Concurrent reset 1.492ms
[2026-04-03T02:25:26.373+0600][88.877s][info][gc,start    ] GC(122) Pause Init Mark (unload classes)
[2026-04-03T02:25:26.373+0600][88.877s][info][gc,task     ] GC(122) Using 6 of 6 workers for init marking
[2026-04-03T02:25:26.374+0600][88.877s][info][gc,ergo     ] GC(122) Pacer for Mark. Expected Live: 96463K, Free: 220M, Non-Taxable: 22533K, Alloc Tax Rate: 0.5x
[2026-04-03T02:25:26.374+0600][88.877s][info][gc          ] GC(122) Pause Init Mark (unload classes) 0.168ms
[2026-04-03T02:25:26.374+0600][88.877s][info][gc,start    ] GC(122) Concurrent marking roots
[2026-04-03T02:25:26.374+0600][88.877s][info][gc,task     ] GC(122) Using 3 of 6 workers for concurrent marking roots
[2026-04-03T02:25:26.375+0600][88.878s][info][gc          ] GC(122) Concurrent marking roots 1.361ms
[2026-04-03T02:25:26.375+0600][88.878s][info][gc,start    ] GC(122) Concurrent marking (unload classes)
[2026-04-03T02:25:26.375+0600][88.878s][info][gc,task     ] GC(122) Using 3 of 6 workers for concurrent marking
[2026-04-03T02:25:26.434+0600][88.938s][info][gc          ] GC(122) Concurrent marking (unload classes) 59.213ms
[2026-04-03T02:25:26.434+0600][88.938s][info][gc,start    ] GC(122) Pause Final Mark (unload classes)
[2026-04-03T02:25:26.435+0600][88.938s][info][gc,task     ] GC(122) Using 6 of 6 workers for final marking
[2026-04-03T02:25:26.435+0600][88.938s][info][gc,ergo     ] GC(122) Adaptive CSet Selection. Target Free: 141M, Actual Free: 739M, Max CSet: 42666K, Min Garbage: 0B
[2026-04-03T02:25:26.435+0600][88.939s][info][gc,ergo     ] GC(122) Collectable Garbage: 578M (98%), Immediate: 528M (90%), CSet: 51313K (8%)
[2026-04-03T02:25:26.435+0600][88.939s][info][gc,ergo     ] GC(122) Pacer for Evacuation. Used CSet: 57607K, Free: 719M, Non-Taxable: 73665K, Alloc Tax Rate: 1.1x
[2026-04-03T02:25:26.435+0600][88.939s][info][gc          ] GC(122) Pause Final Mark (unload classes) 0.933ms
[2026-04-03T02:25:26.436+0600][88.939s][info][gc,start    ] GC(122) Concurrent thread roots
[2026-04-03T02:25:26.436+0600][88.939s][info][gc,task     ] GC(122) Using 3 of 6 workers for Concurrent thread roots
[2026-04-03T02:25:26.436+0600][88.940s][info][gc          ] GC(122) Concurrent thread roots 0.953ms
[2026-04-03T02:25:26.437+0600][88.940s][info][gc,start    ] GC(122) Concurrent weak references
[2026-04-03T02:25:26.437+0600][88.940s][info][gc,task     ] GC(122) Using 3 of 6 workers for concurrent weak references
[2026-04-03T02:25:26.437+0600][88.940s][info][gc,ref      ] GC(122) Encountered references: Soft: 3788, Weak: 15276, Final: 84, Phantom: 620
[2026-04-03T02:25:26.437+0600][88.941s][info][gc,ref      ] GC(122) Discovered  references: Soft: 0, Weak: 8316, Final: 0, Phantom: 577
[2026-04-03T02:25:26.437+0600][88.941s][info][gc,ref      ] GC(122) Enqueued    references: Soft: 0, Weak: 571, Final: 0, Phantom: 0
[2026-04-03T02:25:26.437+0600][88.941s][info][gc          ] GC(122) Concurrent weak references 0.711ms
[2026-04-03T02:25:26.437+0600][88.941s][info][gc,start    ] GC(122) Concurrent weak roots
[2026-04-03T02:25:26.437+0600][88.941s][info][gc,task     ] GC(122) Using 3 of 6 workers for concurrent weak root
[2026-04-03T02:25:26.442+0600][88.945s][info][gc          ] GC(122) Concurrent weak roots 4.228ms
[2026-04-03T02:25:26.442+0600][88.945s][info][gc,start    ] GC(122) Concurrent cleanup
[2026-04-03T02:25:26.442+0600][88.946s][info][gc          ] GC(122) Concurrent cleanup 752M->224M(845M) 0.881ms
[2026-04-03T02:25:26.443+0600][88.946s][info][gc,ergo     ] GC(122) Free: 718M, Max: 256K regular, 161M humongous, Frag: 78% external, 0% internal; Reserve: 51006K, Max: 256K
[2026-04-03T02:25:26.443+0600][88.946s][info][gc,start    ] GC(122) Concurrent class unloading
[2026-04-03T02:25:26.443+0600][88.946s][info][gc,task     ] GC(122) Using 3 of 6 workers for concurrent class unloading
[2026-04-03T02:25:26.465+0600][88.969s][info][gc          ] GC(122) Concurrent class unloading 22.718ms
[2026-04-03T02:25:26.465+0600][88.969s][info][gc,start    ] GC(122) Concurrent strong roots
[2026-04-03T02:25:26.465+0600][88.969s][info][gc,task     ] GC(122) Using 3 of 6 workers for concurrent strong root
[2026-04-03T02:25:26.467+0600][88.970s][info][gc          ] GC(122) Concurrent strong roots 1.313ms
[2026-04-03T02:25:26.467+0600][88.970s][info][gc,start    ] GC(122) Concurrent evacuation
[2026-04-03T02:25:26.467+0600][88.970s][info][gc,task     ] GC(122) Using 3 of 6 workers for concurrent evacuation
[2026-04-03T02:25:26.469+0600][88.973s][info][gc          ] GC(122) Concurrent evacuation 2.574ms
[2026-04-03T02:25:26.470+0600][88.973s][info][gc,start    ] GC(122) Pause Init Update Refs
[2026-04-03T02:25:26.470+0600][88.973s][info][gc,ergo     ] GC(122) Pacer for Update Refs. Used: 295M, Free: 651M, Non-Taxable: 66670K, Alloc Tax Rate: 1.1x
[2026-04-03T02:25:26.470+0600][88.973s][info][gc          ] GC(122) Pause Init Update Refs 0.150ms
[2026-04-03T02:25:26.470+0600][88.973s][info][gc,start    ] GC(122) Concurrent update references
[2026-04-03T02:25:26.470+0600][88.973s][info][gc,task     ] GC(122) Using 3 of 6 workers for concurrent reference update
[2026-04-03T02:25:26.523+0600][89.027s][info][gc          ] GC(122) Concurrent update references 53.351ms
[2026-04-03T02:25:26.523+0600][89.027s][info][gc,start    ] GC(122) Concurrent update thread roots
[2026-04-03T02:25:26.525+0600][89.028s][info][gc          ] GC(122) Concurrent update thread roots 1.575ms
[2026-04-03T02:25:26.525+0600][89.029s][info][gc,start    ] GC(122) Pause Final Update Refs
[2026-04-03T02:25:26.525+0600][89.029s][info][gc,task     ] GC(122) Using 6 of 6 workers for final reference update
[2026-04-03T02:25:26.526+0600][89.029s][info][gc          ] GC(122) Pause Final Update Refs 0.273ms
[2026-04-03T02:25:26.526+0600][89.029s][info][gc,start    ] GC(122) Concurrent cleanup
[2026-04-03T02:25:26.526+0600][89.030s][info][gc          ] GC(122) Concurrent cleanup 525M->470M(845M) 0.870ms
[2026-04-03T02:25:26.527+0600][89.030s][info][gc,ergo     ] Free: 455M, Max: 256K regular, 158M humongous, Frag: 65% external, 1% internal; Reserve: 51200K, Max: 256K
[2026-04-03T02:25:26.527+0600][89.030s][info][gc,stats    ] 
[2026-04-03T02:25:26.527+0600][89.030s][info][gc,stats    ] All times are wall-clock times, except per-root-class counters, that are sum over
[2026-04-03T02:25:26.527+0600][89.030s][info][gc,stats    ] all workers. Dividing the <total> over the root stage time estimates parallelism.
[2026-04-03T02:25:26.527+0600][89.030s][info][gc,stats    ] 
[2026-04-03T02:25:26.527+0600][89.030s][info][gc,stats    ] Concurrent Reset                   1572 us
[2026-04-03T02:25:26.527+0600][89.030s][info][gc,stats    ] Pause Init Mark (G)                1024 us
[2026-04-03T02:25:26.527+0600][89.030s][info][gc,stats    ] Pause Init Mark (N)                 179 us
[2026-04-03T02:25:26.527+0600][89.030s][info][gc,stats    ]   Update Region States               52 us
[2026-04-03T02:25:26.527+0600][89.030s][info][gc,stats    ] Concurrent Mark Roots              1406 us, parallelism: 1.74x
[2026-04-03T02:25:26.527+0600][89.030s][info][gc,stats    ]   CMR: <total>                     2449 us
[2026-04-03T02:25:26.527+0600][89.030s][info][gc,stats    ]   CMR: Thread Roots                2159 us, workers (us): 578, 804, 777, ---, ---, ---, 
[2026-04-03T02:25:26.527+0600][89.030s][info][gc,stats    ]   CMR: VM Strong Roots               43 us, workers (us):  41,   1,   1, ---, ---, ---, 
[2026-04-03T02:25:26.527+0600][89.030s][info][gc,stats    ]   CMR: CLDG Roots                   247 us, workers (us): 247, ---, ---, ---, ---, ---, 
[2026-04-03T02:25:26.527+0600][89.030s][info][gc,stats    ] Concurrent Marking                59293 us
[2026-04-03T02:25:26.527+0600][89.030s][info][gc,stats    ] Pause Final Mark (G)               1164 us
[2026-04-03T02:25:26.527+0600][89.030s][info][gc,stats    ] Pause Final Mark (N)                953 us
[2026-04-03T02:25:26.527+0600][89.030s][info][gc,stats    ]   Finish Mark                       414 us
[2026-04-03T02:25:26.527+0600][89.030s][info][gc,stats    ]   Update Region States               88 us
[2026-04-03T02:25:26.527+0600][89.030s][info][gc,stats    ]   Choose Collection Set             289 us
[2026-04-03T02:25:26.527+0600][89.030s][info][gc,stats    ]   Rebuild Free Set                   45 us
[2026-04-03T02:25:26.527+0600][89.030s][info][gc,stats    ] Concurrent Thread Roots            1013 us, parallelism: 2.14x
[2026-04-03T02:25:26.527+0600][89.030s][info][gc,stats    ]   CTR: <total>                     2165 us
[2026-04-03T02:25:26.527+0600][89.030s][info][gc,stats    ]   CTR: Thread Roots                2165 us, workers (us): 776, 698, 691, ---, ---, ---, 
[2026-04-03T02:25:26.527+0600][89.030s][info][gc,stats    ] Concurrent Weak References          725 us, parallelism: 1.20x
[2026-04-03T02:25:26.527+0600][89.030s][info][gc,stats    ]   CWRF: <total>                     872 us
[2026-04-03T02:25:26.527+0600][89.030s][info][gc,stats    ]   CWRF: Weak References             872 us, workers (us): 528, 250,  95, ---, ---, ---, 
[2026-04-03T02:25:26.527+0600][89.030s][info][gc,stats    ] Concurrent Weak Roots              4312 us
[2026-04-03T02:25:26.527+0600][89.030s][info][gc,stats    ]   Roots                            3816 us, parallelism: 2.58x
[2026-04-03T02:25:26.527+0600][89.030s][info][gc,stats    ]     CWR: <total>                   9861 us
[2026-04-03T02:25:26.527+0600][89.030s][info][gc,stats    ]     CWR: Code Cache Roots          7630 us, workers (us): 2409, 2631, 2591, ---, ---, ---, 
[2026-04-03T02:25:26.527+0600][89.030s][info][gc,stats    ]     CWR: VM Weak Roots             2121 us, workers (us): 756, 712, 653, ---, ---, ---, 
[2026-04-03T02:25:26.527+0600][89.030s][info][gc,stats    ]     CWR: CLDG Roots                 109 us, workers (us): 109, ---, ---, ---, ---, ---, 
[2026-04-03T02:25:26.527+0600][89.030s][info][gc,stats    ]   Rendezvous                        384 us
[2026-04-03T02:25:26.527+0600][89.031s][info][gc,stats    ] Concurrent Cleanup                  919 us
[2026-04-03T02:25:26.527+0600][89.031s][info][gc,stats    ] Concurrent Class Unloading        22817 us
[2026-04-03T02:25:26.527+0600][89.031s][info][gc,stats    ]   Unlink Stale                    18036 us
[2026-04-03T02:25:26.527+0600][89.031s][info][gc,stats    ]     System Dictionary               346 us
[2026-04-03T02:25:26.527+0600][89.031s][info][gc,stats    ]     Weak Class Links                  0 us
[2026-04-03T02:25:26.527+0600][89.031s][info][gc,stats    ]     Code Roots                    17683 us
[2026-04-03T02:25:26.527+0600][89.031s][info][gc,stats    ]   Rendezvous                       2695 us
[2026-04-03T02:25:26.527+0600][89.031s][info][gc,stats    ]   Purge Unlinked                   1909 us
[2026-04-03T02:25:26.527+0600][89.031s][info][gc,stats    ]     Code Roots                     1891 us
[2026-04-03T02:25:26.527+0600][89.031s][info][gc,stats    ]     CLDG                             16 us
[2026-04-03T02:25:26.527+0600][89.031s][info][gc,stats    ]     Exception Caches                  1 us
[2026-04-03T02:25:26.527+0600][89.031s][info][gc,stats    ] Concurrent Strong Roots            1377 us, parallelism: 0.56x
[2026-04-03T02:25:26.527+0600][89.031s][info][gc,stats    ]   CSR: <total>                      775 us
[2026-04-03T02:25:26.527+0600][89.031s][info][gc,stats    ]   CSR: VM Strong Roots               52 us, workers (us):  28,  24,   0, ---, ---, ---, 
[2026-04-03T02:25:26.527+0600][89.031s][info][gc,stats    ]   CSR: CLDG Roots                   723 us, workers (us): 723, ---, ---, ---, ---, ---, 
[2026-04-03T02:25:26.527+0600][89.031s][info][gc,stats    ] Concurrent Evacuation              2647 us
[2026-04-03T02:25:26.527+0600][89.031s][info][gc,stats    ] Pause Init Update Refs (G)          478 us
[2026-04-03T02:25:26.527+0600][89.031s][info][gc,stats    ] Pause Init Update Refs (N)          167 us
[2026-04-03T02:25:26.527+0600][89.031s][info][gc,stats    ]   Manage GCLABs                      43 us
[2026-04-03T02:25:26.527+0600][89.031s][info][gc,stats    ] Concurrent Update Refs            53465 us
[2026-04-03T02:25:26.527+0600][89.031s][info][gc,stats    ] Concurrent Update Thread Roots     1638 us
[2026-04-03T02:25:26.527+0600][89.031s][info][gc,stats    ] Pause Final Update Refs (G)         594 us
[2026-04-03T02:25:26.527+0600][89.031s][info][gc,stats    ] Pause Final Update Refs (N)         295 us
[2026-04-03T02:25:26.528+0600][89.031s][info][gc,stats    ]   Update Region States               86 us
[2026-04-03T02:25:26.528+0600][89.031s][info][gc,stats    ]   Trash Collection Set               21 us
[2026-04-03T02:25:26.528+0600][89.031s][info][gc,stats    ]   Rebuild Free Set                   53 us
[2026-04-03T02:25:26.528+0600][89.031s][info][gc,stats    ] Concurrent Cleanup                  916 us
[2026-04-03T02:25:26.528+0600][89.031s][info][gc,stats    ] Pacing                            50616 us
[2026-04-03T02:25:26.528+0600][89.031s][info][gc,stats    ] 
[2026-04-03T02:25:26.528+0600][89.031s][info][gc,stats    ] Allocation pacing accrued:
[2026-04-03T02:25:26.528+0600][89.031s][info][gc,stats    ]      10 of   358 ms (  2.8%): Executor task launch worker for task 1.0 in stage 4130.0 (TID 7656)
[2026-04-03T02:25:26.528+0600][89.031s][info][gc,stats    ]      10 of   358 ms (  2.8%): Executor task launch worker for task 0.0 in stage 4130.0 (TID 7655)
[2026-04-03T02:25:26.528+0600][89.031s][info][gc,stats    ]      10 of   358 ms (  2.8%): Executor task launch worker for task 3.0 in stage 4130.0 (TID 7658)
[2026-04-03T02:25:26.528+0600][89.031s][info][gc,stats    ]      10 of   358 ms (  2.8%): Executor task launch worker for task 2.0 in stage 4130.0 (TID 7657)
[2026-04-03T02:25:26.528+0600][89.031s][info][gc,stats    ]      10 of   358 ms (  2.8%): block-manager-storage-async-thread-pool-39
[2026-04-03T02:25:26.528+0600][89.031s][info][gc,stats    ]      51 of   358 ms ( 14.1%): <total>
[2026-04-03T02:25:26.528+0600][89.031s][info][gc,stats    ]       0 of   358 ms (  0.1%): <average total>
[2026-04-03T02:25:26.528+0600][89.031s][info][gc,stats    ]      10 of   358 ms (  2.8%): <average non-zero>
[2026-04-03T02:25:26.528+0600][89.031s][info][gc,stats    ] 
[2026-04-03T02:25:26.528+0600][89.031s][info][gc,metaspace] Metaspace: 131692K(132992K)->131693K(132992K) NonClass: 115194K(115840K)->115195K(115840K) Class: 16498K(17152K)->16498K(17152K)
[2026-04-03T02:25:26.528+0600][89.031s][info][gc,ergo     ] Pacer for Idle. Initial: 20480K, Alloc Tax Rate: 1.0x
[2026-04-03T02:25:26.529+0600][89.032s][info][gc          ] Trigger: Average GC time (168.19 ms) is above the time for average allocation rate (2426 MB/s) to deplete free headroom (403M) (margin of error = 1.88)
[2026-04-03T02:25:26.529+0600][89.032s][info][gc,ergo     ] Free headroom: 453M (free) - 51200K (spike) - 0B (penalties) = 403M
[2026-04-03T02:25:26.529+0600][89.032s][info][gc,ergo     ] Free: 453M, Max: 256K regular, 158M humongous, Frag: 65% external, 1% internal; Reserve: 51200K, Max: 256K
[2026-04-03T02:25:26.529+0600][89.032s][info][gc,start    ] GC(123) Concurrent reset
[2026-04-03T02:25:26.529+0600][89.032s][info][gc,task     ] GC(123) Using 3 of 6 workers for concurrent reset
[2026-04-03T02:25:26.529+0600][89.032s][info][gc,ergo     ] GC(123) Pacer for Reset. Non-Taxable: 1000M
[2026-04-03T02:25:26.530+0600][89.034s][info][gc          ] GC(123) Concurrent reset 1.393ms
[2026-04-03T02:25:26.531+0600][89.034s][info][gc,start    ] GC(123) Pause Init Mark (unload classes)
[2026-04-03T02:25:26.531+0600][89.034s][info][gc,task     ] GC(123) Using 6 of 6 workers for init marking
[2026-04-03T02:25:26.531+0600][89.034s][info][gc,ergo     ] GC(123) Pacer for Mark. Expected Live: 100059K, Free: 452M, Non-Taxable: 46326K, Alloc Tax Rate: 0.3x
[2026-04-03T02:25:26.531+0600][89.034s][info][gc          ] GC(123) Pause Init Mark (unload classes) 0.236ms
[2026-04-03T02:25:26.531+0600][89.034s][info][gc,start    ] GC(123) Concurrent marking roots
[2026-04-03T02:25:26.531+0600][89.035s][info][gc,task     ] GC(123) Using 3 of 6 workers for concurrent marking roots
[2026-04-03T02:25:26.533+0600][89.036s][info][gc          ] GC(123) Concurrent marking roots 1.799ms
[2026-04-03T02:25:26.533+0600][89.036s][info][gc,start    ] GC(123) Concurrent marking (unload classes)
[2026-04-03T02:25:26.533+0600][89.036s][info][gc,task     ] GC(123) Using 3 of 6 workers for concurrent marking
[2026-04-03T02:25:26.586+0600][89.089s][info][gc          ] GC(123) Concurrent marking (unload classes) 53.046ms
[2026-04-03T02:25:26.586+0600][89.089s][info][gc,start    ] GC(123) Pause Final Mark (unload classes)
[2026-04-03T02:25:26.586+0600][89.090s][info][gc,task     ] GC(123) Using 6 of 6 workers for final marking
[2026-04-03T02:25:26.587+0600][89.090s][info][gc,ergo     ] GC(123) Adaptive CSet Selection. Target Free: 141M, Actual Free: 778M, Max CSet: 42666K, Min Garbage: 0B
[2026-04-03T02:25:26.587+0600][89.090s][info][gc,ergo     ] GC(123) Collectable Garbage: 374M (97%), Immediate: 335M (87%), CSet: 40856K (10%)
[2026-04-03T02:25:26.587+0600][89.090s][info][gc,ergo     ] GC(123) Pacer for Evacuation. Used CSet: 45515K, Free: 752M, Non-Taxable: 77020K, Alloc Tax Rate: 1.1x
[2026-04-03T02:25:26.587+0600][89.090s][info][gc          ] GC(123) Pause Final Mark (unload classes) 0.927ms
[2026-04-03T02:25:26.587+0600][89.090s][info][gc,start    ] GC(123) Concurrent thread roots
[2026-04-03T02:25:26.587+0600][89.091s][info][gc,task     ] GC(123) Using 3 of 6 workers for Concurrent thread roots
[2026-04-03T02:25:26.588+0600][89.092s][info][gc          ] GC(123) Concurrent thread roots 1.040ms
[2026-04-03T02:25:26.588+0600][89.092s][info][gc,start    ] GC(123) Concurrent weak references
[2026-04-03T02:25:26.588+0600][89.092s][info][gc,task     ] GC(123) Using 3 of 6 workers for concurrent weak references
[2026-04-03T02:25:26.589+0600][89.092s][info][gc,ref      ] GC(123) Encountered references: Soft: 3792, Weak: 14940, Final: 84, Phantom: 620
[2026-04-03T02:25:26.589+0600][89.093s][info][gc,ref      ] GC(123) Discovered  references: Soft: 0, Weak: 8298, Final: 52, Phantom: 616
[2026-04-03T02:25:26.589+0600][89.093s][info][gc,ref      ] GC(123) Enqueued    references: Soft: 0, Weak: 234, Final: 0, Phantom: 0
[2026-04-03T02:25:26.589+0600][89.093s][info][gc          ] GC(123) Concurrent weak references 0.988ms
[2026-04-03T02:25:26.589+0600][89.093s][info][gc,start    ] GC(123) Concurrent weak roots
[2026-04-03T02:25:26.589+0600][89.093s][info][gc,task     ] GC(123) Using 3 of 6 workers for concurrent weak root
[2026-04-03T02:25:26.595+0600][89.098s][info][gc          ] GC(123) Concurrent weak roots 5.739ms
[2026-04-03T02:25:26.595+0600][89.098s][info][gc,start    ] GC(123) Concurrent cleanup
[2026-04-03T02:25:26.596+0600][89.099s][info][gc          ] GC(123) Concurrent cleanup 530M->195M(845M) 0.923ms
[2026-04-03T02:25:26.596+0600][89.099s][info][gc,ergo     ] GC(123) Free: 749M, Max: 256K regular, 224M humongous, Frag: 71% external, 0% internal; Reserve: 50865K, Max: 256K
[2026-04-03T02:25:26.596+0600][89.099s][info][gc,start    ] GC(123) Concurrent class unloading
[2026-04-03T02:25:26.596+0600][89.099s][info][gc,task     ] GC(123) Using 3 of 6 workers for concurrent class unloading
[2026-04-03T02:25:26.613+0600][89.116s][info][gc          ] GC(123) Concurrent class unloading 17.036ms
[2026-04-03T02:25:26.613+0600][89.117s][info][gc,start    ] GC(123) Concurrent strong roots
[2026-04-03T02:25:26.613+0600][89.117s][info][gc,task     ] GC(123) Using 3 of 6 workers for concurrent strong root
[2026-04-03T02:25:26.615+0600][89.118s][info][gc          ] GC(123) Concurrent strong roots 1.828ms
[2026-04-03T02:25:26.615+0600][89.118s][info][gc,start    ] GC(123) Concurrent evacuation
[2026-04-03T02:25:26.615+0600][89.118s][info][gc,task     ] GC(123) Using 3 of 6 workers for concurrent evacuation
[2026-04-03T02:25:26.617+0600][89.121s][info][gc          ] GC(123) Concurrent evacuation 2.124ms
[2026-04-03T02:25:26.617+0600][89.121s][info][gc,start    ] GC(123) Pause Init Update Refs
[2026-04-03T02:25:26.618+0600][89.121s][info][gc,ergo     ] GC(123) Pacer for Update Refs. Used: 223M, Free: 724M, Non-Taxable: 74186K, Alloc Tax Rate: 1.1x
[2026-04-03T02:25:26.618+0600][89.121s][info][gc          ] GC(123) Pause Init Update Refs 0.202ms
[2026-04-03T02:25:26.618+0600][89.121s][info][gc,start    ] GC(123) Concurrent update references
[2026-04-03T02:25:26.618+0600][89.121s][info][gc,task     ] GC(123) Using 3 of 6 workers for concurrent reference update
[2026-04-03T02:25:26.670+0600][89.173s][info][gc          ] GC(123) Concurrent update references 52.049ms
[2026-04-03T02:25:26.670+0600][89.173s][info][gc,start    ] GC(123) Concurrent update thread roots
[2026-04-03T02:25:26.672+0600][89.175s][info][gc          ] GC(123) Concurrent update thread roots 1.634ms
[2026-04-03T02:25:26.672+0600][89.175s][info][gc,start    ] GC(123) Pause Final Update Refs
[2026-04-03T02:25:26.672+0600][89.175s][info][gc,task     ] GC(123) Using 6 of 6 workers for final reference update
[2026-04-03T02:25:26.672+0600][89.175s][info][gc          ] GC(123) Pause Final Update Refs 0.179ms
[2026-04-03T02:25:26.672+0600][89.175s][info][gc,start    ] GC(123) Concurrent cleanup
[2026-04-03T02:25:26.673+0600][89.176s][info][gc          ] GC(123) Concurrent cleanup 252M->208M(845M) 0.716ms
[2026-04-03T02:25:26.673+0600][89.176s][info][gc,ergo     ] Free: 732M, Max: 256K regular, 224M humongous, Frag: 70% external, 1% internal; Reserve: 51200K, Max: 256K
[2026-04-03T02:25:26.673+0600][89.176s][info][gc,stats    ] 
[2026-04-03T02:25:26.673+0600][89.176s][info][gc,stats    ] All times are wall-clock times, except per-root-class counters, that are sum over
[2026-04-03T02:25:26.673+0600][89.176s][info][gc,stats    ] all workers. Dividing the <total> over the root stage time estimates parallelism.
[2026-04-03T02:25:26.673+0600][89.176s][info][gc,stats    ] 
[2026-04-03T02:25:26.673+0600][89.176s][info][gc,stats    ] Concurrent Reset                   1469 us
[2026-04-03T02:25:26.673+0600][89.176s][info][gc,stats    ] Pause Init Mark (G)                 556 us
[2026-04-03T02:25:26.673+0600][89.176s][info][gc,stats    ] Pause Init Mark (N)                 250 us
[2026-04-03T02:25:26.673+0600][89.176s][info][gc,stats    ]   Update Region States               66 us
[2026-04-03T02:25:26.673+0600][89.176s][info][gc,stats    ] Concurrent Mark Roots              1846 us, parallelism: 1.68x
[2026-04-03T02:25:26.673+0600][89.176s][info][gc,stats    ]   CMR: <total>                     3093 us
[2026-04-03T02:25:26.673+0600][89.176s][info][gc,stats    ]   CMR: Thread Roots                2492 us, workers (us): 1158, 632, 701, ---, ---, ---, 
[2026-04-03T02:25:26.673+0600][89.176s][info][gc,stats    ]   CMR: VM Strong Roots               62 us, workers (us):  36,  25,   1, ---, ---, ---, 
[2026-04-03T02:25:26.673+0600][89.176s][info][gc,stats    ]   CMR: CLDG Roots                   539 us, workers (us): ---, 539, ---, ---, ---, ---, 
[2026-04-03T02:25:26.673+0600][89.176s][info][gc,stats    ] Concurrent Marking                53112 us
[2026-04-03T02:25:26.673+0600][89.176s][info][gc,stats    ] Pause Final Mark (G)               1121 us
[2026-04-03T02:25:26.673+0600][89.176s][info][gc,stats    ] Pause Final Mark (N)                939 us
[2026-04-03T02:25:26.673+0600][89.176s][info][gc,stats    ]   Finish Mark                       467 us
[2026-04-03T02:25:26.673+0600][89.176s][info][gc,stats    ]   Update Region States               63 us
[2026-04-03T02:25:26.673+0600][89.176s][info][gc,stats    ]   Choose Collection Set             235 us
[2026-04-03T02:25:26.673+0600][89.176s][info][gc,stats    ]   Rebuild Free Set                   52 us
[2026-04-03T02:25:26.673+0600][89.176s][info][gc,stats    ] Concurrent Thread Roots            1080 us, parallelism: 1.92x
[2026-04-03T02:25:26.673+0600][89.176s][info][gc,stats    ]   CTR: <total>                     2078 us
[2026-04-03T02:25:26.673+0600][89.176s][info][gc,stats    ]   CTR: Thread Roots                2078 us, workers (us): 722, 671, 684, ---, ---, ---, 
[2026-04-03T02:25:26.673+0600][89.176s][info][gc,stats    ] Concurrent Weak References         1001 us, parallelism: 0.89x
[2026-04-03T02:25:26.673+0600][89.176s][info][gc,stats    ]   CWRF: <total>                     891 us
[2026-04-03T02:25:26.673+0600][89.176s][info][gc,stats    ]   CWRF: Weak References             891 us, workers (us): 137, 679,  75, ---, ---, ---, 
[2026-04-03T02:25:26.673+0600][89.176s][info][gc,stats    ] Concurrent Weak Roots              5812 us
[2026-04-03T02:25:26.673+0600][89.176s][info][gc,stats    ]   Roots                            5341 us, parallelism: 2.65x
[2026-04-03T02:25:26.673+0600][89.176s][info][gc,stats    ]     CWR: <total>                  14162 us
[2026-04-03T02:25:26.673+0600][89.176s][info][gc,stats    ]     CWR: Code Cache Roots         12016 us, workers (us): 4146, 3948, 3922, ---, ---, ---, 
[2026-04-03T02:25:26.673+0600][89.176s][info][gc,stats    ]     CWR: VM Weak Roots             2001 us, workers (us): 669, 666, 666, ---, ---, ---, 
[2026-04-03T02:25:26.673+0600][89.176s][info][gc,stats    ]     CWR: CLDG Roots                 146 us, workers (us): ---, ---, 146, ---, ---, ---, 
[2026-04-03T02:25:26.673+0600][89.176s][info][gc,stats    ]   Rendezvous                        362 us
[2026-04-03T02:25:26.673+0600][89.176s][info][gc,stats    ] Concurrent Cleanup                  941 us
[2026-04-03T02:25:26.673+0600][89.176s][info][gc,stats    ] Concurrent Class Unloading        17151 us
[2026-04-03T02:25:26.673+0600][89.176s][info][gc,stats    ]   Unlink Stale                    15961 us
[2026-04-03T02:25:26.673+0600][89.176s][info][gc,stats    ]     System Dictionary               262 us
[2026-04-03T02:25:26.673+0600][89.176s][info][gc,stats    ]     Weak Class Links                  0 us
[2026-04-03T02:25:26.673+0600][89.176s][info][gc,stats    ]     Code Roots                    15694 us
[2026-04-03T02:25:26.673+0600][89.176s][info][gc,stats    ]   Rendezvous                        462 us
[2026-04-03T02:25:26.673+0600][89.176s][info][gc,stats    ]   Purge Unlinked                    573 us
[2026-04-03T02:25:26.673+0600][89.176s][info][gc,stats    ]     Code Roots                      552 us
[2026-04-03T02:25:26.673+0600][89.176s][info][gc,stats    ]     CLDG                             18 us
[2026-04-03T02:25:26.673+0600][89.176s][info][gc,stats    ]     Exception Caches                  1 us
[2026-04-03T02:25:26.673+0600][89.176s][info][gc,stats    ] Concurrent Strong Roots            1905 us, parallelism: 0.76x
[2026-04-03T02:25:26.673+0600][89.176s][info][gc,stats    ]   CSR: <total>                     1453 us
[2026-04-03T02:25:26.673+0600][89.176s][info][gc,stats    ]   CSR: VM Strong Roots              134 us, workers (us):  96,  21,  18, ---, ---, ---, 
[2026-04-03T02:25:26.673+0600][89.176s][info][gc,stats    ]   CSR: CLDG Roots                  1319 us, workers (us): ---, 1319, ---, ---, ---, ---, 
[2026-04-03T02:25:26.673+0600][89.176s][info][gc,stats    ] Concurrent Evacuation              2165 us
[2026-04-03T02:25:26.673+0600][89.176s][info][gc,stats    ] Pause Init Update Refs (G)          460 us
[2026-04-03T02:25:26.673+0600][89.176s][info][gc,stats    ] Pause Init Update Refs (N)          240 us
[2026-04-03T02:25:26.673+0600][89.176s][info][gc,stats    ]   Manage GCLABs                      56 us
[2026-04-03T02:25:26.673+0600][89.176s][info][gc,stats    ] Concurrent Update Refs            52120 us
[2026-04-03T02:25:26.673+0600][89.176s][info][gc,stats    ] Concurrent Update Thread Roots     1690 us
[2026-04-03T02:25:26.673+0600][89.177s][info][gc,stats    ] Pause Final Update Refs (G)         401 us
[2026-04-03T02:25:26.673+0600][89.177s][info][gc,stats    ] Pause Final Update Refs (N)         195 us
[2026-04-03T02:25:26.673+0600][89.177s][info][gc,stats    ]   Update Region States               56 us
[2026-04-03T02:25:26.673+0600][89.177s][info][gc,stats    ]   Trash Collection Set               11 us
[2026-04-03T02:25:26.673+0600][89.177s][info][gc,stats    ]   Rebuild Free Set                   48 us
[2026-04-03T02:25:26.673+0600][89.177s][info][gc,stats    ] Concurrent Cleanup                  735 us
[2026-04-03T02:25:26.673+0600][89.177s][info][gc,stats    ] 
[2026-04-03T02:25:26.673+0600][89.177s][info][gc,stats    ] Allocation pacing accrued:
[2026-04-03T02:25:26.673+0600][89.177s][info][gc,stats    ]       0 of   146 ms (  0.0%): <total>
[2026-04-03T02:25:26.673+0600][89.177s][info][gc,stats    ]       0 of   146 ms (  0.0%): <average total>
[2026-04-03T02:25:26.673+0600][89.177s][info][gc,stats    ] 
[2026-04-03T02:25:26.673+0600][89.177s][info][gc,metaspace] Metaspace: 131693K(132992K)->131697K(132992K) NonClass: 115195K(115840K)->115198K(115840K) Class: 16498K(17152K)->16498K(17152K)
[2026-04-03T02:25:26.673+0600][89.177s][info][gc,ergo     ] Pacer for Idle. Initial: 20480K, Alloc Tax Rate: 1.0x
[2026-04-03T02:25:27.207+0600][89.710s][info][gc          ] Trigger: Average GC time (162.15 ms) is above the time for average allocation rate (1196 MB/s) to deplete free headroom (192M) (margin of error = 1.88)
[2026-04-03T02:25:27.207+0600][89.710s][info][gc,ergo     ] Free headroom: 242M (free) - 51200K (spike) - 0B (penalties) = 192M
[2026-04-03T02:25:27.207+0600][89.710s][info][gc,ergo     ] Free: 242M, Max: 256K regular, 163M humongous, Frag: 33% external, 0% internal; Reserve: 51200K, Max: 256K
[2026-04-03T02:25:27.207+0600][89.710s][info][gc,start    ] GC(124) Concurrent reset
[2026-04-03T02:25:27.207+0600][89.710s][info][gc,task     ] GC(124) Using 3 of 6 workers for concurrent reset
[2026-04-03T02:25:27.207+0600][89.710s][info][gc,ergo     ] GC(124) Pacer for Reset. Non-Taxable: 1000M
[2026-04-03T02:25:27.208+0600][89.712s][info][gc          ] GC(124) Concurrent reset 1.102ms
[2026-04-03T02:25:27.208+0600][89.712s][info][gc,start    ] GC(124) Pause Init Mark (unload classes)
[2026-04-03T02:25:27.209+0600][89.712s][info][gc,task     ] GC(124) Using 6 of 6 workers for init marking
[2026-04-03T02:25:27.209+0600][89.712s][info][gc,ergo     ] GC(124) Pacer for Mark. Expected Live: 98276K, Free: 240M, Non-Taxable: 24650K, Alloc Tax Rate: 0.5x
[2026-04-03T02:25:27.209+0600][89.712s][info][gc          ] GC(124) Pause Init Mark (unload classes) 0.160ms
[2026-04-03T02:25:27.209+0600][89.712s][info][gc,start    ] GC(124) Concurrent marking roots
[2026-04-03T02:25:27.209+0600][89.712s][info][gc,task     ] GC(124) Using 3 of 6 workers for concurrent marking roots
[2026-04-03T02:25:27.210+0600][89.714s][info][gc          ] GC(124) Concurrent marking roots 1.489ms
[2026-04-03T02:25:27.210+0600][89.714s][info][gc,start    ] GC(124) Concurrent marking (unload classes)
[2026-04-03T02:25:27.210+0600][89.714s][info][gc,task     ] GC(124) Using 3 of 6 workers for concurrent marking
[2026-04-03T02:25:27.272+0600][89.775s][info][gc          ] GC(124) Concurrent marking (unload classes) 61.575ms
[2026-04-03T02:25:27.272+0600][89.775s][info][gc,start    ] GC(124) Pause Final Mark (unload classes)
[2026-04-03T02:25:27.272+0600][89.775s][info][gc,task     ] GC(124) Using 6 of 6 workers for final marking
[2026-04-03T02:25:27.272+0600][89.776s][info][gc,ergo     ] GC(124) Adaptive CSet Selection. Target Free: 141M, Actual Free: 704M, Max CSet: 42666K, Min Garbage: 0B
[2026-04-03T02:25:27.273+0600][89.776s][info][gc,ergo     ] GC(124) Collectable Garbage: 566M (98%), Immediate: 453M (78%), CSet: 112M (19%)
[2026-04-03T02:25:27.273+0600][89.776s][info][gc,ergo     ] GC(124) Pacer for Evacuation. Used CSet: 118M, Free: 694M, Non-Taxable: 71118K, Alloc Tax Rate: 1.1x
[2026-04-03T02:25:27.273+0600][89.776s][info][gc          ] GC(124) Pause Final Mark (unload classes) 0.666ms
[2026-04-03T02:25:27.273+0600][89.776s][info][gc,start    ] GC(124) Concurrent thread roots
[2026-04-03T02:25:27.273+0600][89.776s][info][gc,task     ] GC(124) Using 3 of 6 workers for Concurrent thread roots
[2026-04-03T02:25:27.274+0600][89.777s][info][gc          ] GC(124) Concurrent thread roots 1.411ms
[2026-04-03T02:25:27.274+0600][89.777s][info][gc,start    ] GC(124) Concurrent weak references
[2026-04-03T02:25:27.274+0600][89.777s][info][gc,task     ] GC(124) Using 3 of 6 workers for concurrent weak references
[2026-04-03T02:25:27.275+0600][89.778s][info][gc,ref      ] GC(124) Encountered references: Soft: 3792, Weak: 15566, Final: 84, Phantom: 620
[2026-04-03T02:25:27.275+0600][89.778s][info][gc,ref      ] GC(124) Discovered  references: Soft: 0, Weak: 8807, Final: 52, Phantom: 576
[2026-04-03T02:25:27.275+0600][89.778s][info][gc,ref      ] GC(124) Enqueued    references: Soft: 0, Weak: 394, Final: 0, Phantom: 0
[2026-04-03T02:25:27.275+0600][89.778s][info][gc          ] GC(124) Concurrent weak references 0.902ms
[2026-04-03T02:25:27.275+0600][89.778s][info][gc,start    ] GC(124) Concurrent weak roots
[2026-04-03T02:25:27.275+0600][89.778s][info][gc,task     ] GC(124) Using 3 of 6 workers for concurrent weak root
[2026-04-03T02:25:27.282+0600][89.785s][info][gc          ] GC(124) Concurrent weak roots 6.616ms
[2026-04-03T02:25:27.282+0600][89.785s][info][gc,start    ] GC(124) Concurrent cleanup
[2026-04-03T02:25:27.283+0600][89.786s][info][gc          ] GC(124) Concurrent cleanup 719M->265M(845M) 1.318ms
[2026-04-03T02:25:27.283+0600][89.786s][info][gc,ergo     ] GC(124) Free: 678M, Max: 256K regular, 164M humongous, Frag: 76% external, 0% internal; Reserve: 50381K, Max: 256K
[2026-04-03T02:25:27.283+0600][89.787s][info][gc,start    ] GC(124) Concurrent class unloading
[2026-04-03T02:25:27.283+0600][89.787s][info][gc,task     ] GC(124) Using 3 of 6 workers for concurrent class unloading
[2026-04-03T02:25:27.299+0600][89.802s][info][gc          ] GC(124) Concurrent class unloading 15.957ms
[2026-04-03T02:25:27.299+0600][89.803s][info][gc,start    ] GC(124) Concurrent strong roots
[2026-04-03T02:25:27.299+0600][89.803s][info][gc,task     ] GC(124) Using 3 of 6 workers for concurrent strong root
[2026-04-03T02:25:27.300+0600][89.804s][info][gc          ] GC(124) Concurrent strong roots 1.020ms
[2026-04-03T02:25:27.300+0600][89.804s][info][gc,start    ] GC(124) Concurrent evacuation
[2026-04-03T02:25:27.300+0600][89.804s][info][gc,task     ] GC(124) Using 3 of 6 workers for concurrent evacuation
[2026-04-03T02:25:27.303+0600][89.806s][info][gc          ] GC(124) Concurrent evacuation 2.671ms
[2026-04-03T02:25:27.303+0600][89.807s][info][gc,start    ] GC(124) Pause Init Update Refs
[2026-04-03T02:25:27.303+0600][89.807s][info][gc,ergo     ] GC(124) Pacer for Update Refs. Used: 282M, Free: 666M, Non-Taxable: 68287K, Alloc Tax Rate: 1.1x
[2026-04-03T02:25:27.303+0600][89.807s][info][gc          ] GC(124) Pause Init Update Refs 0.090ms
[2026-04-03T02:25:27.303+0600][89.807s][info][gc,start    ] GC(124) Concurrent update references
[2026-04-03T02:25:27.304+0600][89.807s][info][gc,task     ] GC(124) Using 3 of 6 workers for concurrent reference update
[2026-04-03T02:25:27.353+0600][89.856s][info][gc          ] GC(124) Concurrent update references 49.297ms
[2026-04-03T02:25:27.353+0600][89.856s][info][gc,start    ] GC(124) Concurrent update thread roots
[2026-04-03T02:25:27.355+0600][89.858s][info][gc          ] GC(124) Concurrent update thread roots 1.754ms
[2026-04-03T02:25:27.355+0600][89.858s][info][gc,start    ] GC(124) Pause Final Update Refs
[2026-04-03T02:25:27.355+0600][89.858s][info][gc,task     ] GC(124) Using 6 of 6 workers for final reference update
[2026-04-03T02:25:27.355+0600][89.859s][info][gc          ] GC(124) Pause Final Update Refs 0.246ms
[2026-04-03T02:25:27.355+0600][89.859s][info][gc,start    ] GC(124) Concurrent cleanup
[2026-04-03T02:25:27.356+0600][89.860s][info][gc          ] GC(124) Concurrent cleanup 330M->211M(845M) 0.864ms
[2026-04-03T02:25:27.356+0600][89.860s][info][gc,ergo     ] Free: 729M, Max: 256K regular, 258M humongous, Frag: 65% external, 0% internal; Reserve: 51200K, Max: 256K
[2026-04-03T02:25:27.356+0600][89.860s][info][gc,stats    ] 
[2026-04-03T02:25:27.356+0600][89.860s][info][gc,stats    ] All times are wall-clock times, except per-root-class counters, that are sum over
[2026-04-03T02:25:27.357+0600][89.860s][info][gc,stats    ] all workers. Dividing the <total> over the root stage time estimates parallelism.
[2026-04-03T02:25:27.357+0600][89.860s][info][gc,stats    ] 
[2026-04-03T02:25:27.357+0600][89.860s][info][gc,stats    ] Concurrent Reset                   1133 us
[2026-04-03T02:25:27.357+0600][89.860s][info][gc,stats    ] Pause Init Mark (G)                 412 us
[2026-04-03T02:25:27.357+0600][89.860s][info][gc,stats    ] Pause Init Mark (N)                 171 us
[2026-04-03T02:25:27.357+0600][89.860s][info][gc,stats    ]   Update Region States               42 us
[2026-04-03T02:25:27.357+0600][89.860s][info][gc,stats    ] Concurrent Mark Roots              1528 us, parallelism: 2.10x
[2026-04-03T02:25:27.357+0600][89.860s][info][gc,stats    ]   CMR: <total>                     3203 us
[2026-04-03T02:25:27.357+0600][89.860s][info][gc,stats    ]   CMR: Thread Roots                2685 us, workers (us): 1032, 607, 1046, ---, ---, ---, 
[2026-04-03T02:25:27.357+0600][89.860s][info][gc,stats    ]   CMR: VM Strong Roots               67 us, workers (us):  26,  25,  16, ---, ---, ---, 
[2026-04-03T02:25:27.357+0600][89.860s][info][gc,stats    ]   CMR: CLDG Roots                   452 us, workers (us): ---, 452, ---, ---, ---, ---, 
[2026-04-03T02:25:27.357+0600][89.860s][info][gc,stats    ] Concurrent Marking                61636 us
[2026-04-03T02:25:27.357+0600][89.860s][info][gc,stats    ] Pause Final Mark (G)                769 us
[2026-04-03T02:25:27.357+0600][89.860s][info][gc,stats    ] Pause Final Mark (N)                677 us
[2026-04-03T02:25:27.357+0600][89.860s][info][gc,stats    ]   Finish Mark                       164 us
[2026-04-03T02:25:27.357+0600][89.860s][info][gc,stats    ]   Update Region States               71 us
[2026-04-03T02:25:27.357+0600][89.860s][info][gc,stats    ]   Choose Collection Set             313 us
[2026-04-03T02:25:27.357+0600][89.860s][info][gc,stats    ]   Rebuild Free Set                   52 us
[2026-04-03T02:25:27.357+0600][89.860s][info][gc,stats    ] Concurrent Thread Roots            1473 us, parallelism: 1.92x
[2026-04-03T02:25:27.357+0600][89.860s][info][gc,stats    ]   CTR: <total>                     2823 us
[2026-04-03T02:25:27.357+0600][89.860s][info][gc,stats    ]   CTR: Thread Roots                2823 us, workers (us): 1308, 820, 695, ---, ---, ---, 
[2026-04-03T02:25:27.357+0600][89.860s][info][gc,stats    ] Concurrent Weak References          915 us, parallelism: 1.19x
[2026-04-03T02:25:27.357+0600][89.860s][info][gc,stats    ]   CWRF: <total>                    1090 us
[2026-04-03T02:25:27.357+0600][89.860s][info][gc,stats    ]   CWRF: Weak References            1090 us, workers (us): 189, 736, 164, ---, ---, ---, 
[2026-04-03T02:25:27.357+0600][89.860s][info][gc,stats    ] Concurrent Weak Roots              6730 us
[2026-04-03T02:25:27.357+0600][89.860s][info][gc,stats    ]   Roots                            6202 us, parallelism: 2.55x
[2026-04-03T02:25:27.357+0600][89.860s][info][gc,stats    ]     CWR: <total>                  15843 us
[2026-04-03T02:25:27.357+0600][89.860s][info][gc,stats    ]     CWR: Code Cache Roots         12540 us, workers (us): 4018, 4315, 4207, ---, ---, ---, 
[2026-04-03T02:25:27.357+0600][89.860s][info][gc,stats    ]     CWR: VM Weak Roots             3078 us, workers (us): 1559, 1332, 187, ---, ---, ---, 
[2026-04-03T02:25:27.357+0600][89.860s][info][gc,stats    ]     CWR: CLDG Roots                 225 us, workers (us): 225, ---, ---, ---, ---, ---, 
[2026-04-03T02:25:27.357+0600][89.860s][info][gc,stats    ]   Rendezvous                        381 us
[2026-04-03T02:25:27.357+0600][89.860s][info][gc,stats    ] Concurrent Cleanup                 1377 us
[2026-04-03T02:25:27.357+0600][89.860s][info][gc,stats    ] Concurrent Class Unloading        16037 us
[2026-04-03T02:25:27.357+0600][89.860s][info][gc,stats    ]   Unlink Stale                    14589 us
[2026-04-03T02:25:27.357+0600][89.860s][info][gc,stats    ]     System Dictionary               294 us
[2026-04-03T02:25:27.357+0600][89.860s][info][gc,stats    ]     Weak Class Links                  0 us
[2026-04-03T02:25:27.357+0600][89.860s][info][gc,stats    ]     Code Roots                    14292 us
[2026-04-03T02:25:27.357+0600][89.860s][info][gc,stats    ]   Rendezvous                        234 us
[2026-04-03T02:25:27.357+0600][89.860s][info][gc,stats    ]   Purge Unlinked                   1105 us
[2026-04-03T02:25:27.357+0600][89.860s][info][gc,stats    ]     Code Roots                     1089 us
[2026-04-03T02:25:27.357+0600][89.860s][info][gc,stats    ]     CLDG                             15 us
[2026-04-03T02:25:27.357+0600][89.860s][info][gc,stats    ]     Exception Caches                  0 us
[2026-04-03T02:25:27.357+0600][89.860s][info][gc,stats    ] Concurrent Strong Roots            1053 us, parallelism: 0.61x
[2026-04-03T02:25:27.357+0600][89.860s][info][gc,stats    ]   CSR: <total>                      642 us
[2026-04-03T02:25:27.357+0600][89.860s][info][gc,stats    ]   CSR: VM Strong Roots               37 us, workers (us):  32,   5,   0, ---, ---, ---, 
[2026-04-03T02:25:27.357+0600][89.860s][info][gc,stats    ]   CSR: CLDG Roots                   606 us, workers (us): 606, ---, ---, ---, ---, ---, 
[2026-04-03T02:25:27.357+0600][89.860s][info][gc,stats    ] Concurrent Evacuation              2755 us
[2026-04-03T02:25:27.357+0600][89.860s][info][gc,stats    ] Pause Init Update Refs (G)          394 us
[2026-04-03T02:25:27.357+0600][89.860s][info][gc,stats    ] Pause Init Update Refs (N)          102 us
[2026-04-03T02:25:27.357+0600][89.860s][info][gc,stats    ]   Manage GCLABs                      25 us
[2026-04-03T02:25:27.357+0600][89.860s][info][gc,stats    ] Concurrent Update Refs            49436 us
[2026-04-03T02:25:27.357+0600][89.860s][info][gc,stats    ] Concurrent Update Thread Roots     1830 us
[2026-04-03T02:25:27.357+0600][89.860s][info][gc,stats    ] Pause Final Update Refs (G)         716 us
[2026-04-03T02:25:27.357+0600][89.861s][info][gc,stats    ] Pause Final Update Refs (N)         263 us
[2026-04-03T02:25:27.357+0600][89.861s][info][gc,stats    ]   Update Region States               74 us
[2026-04-03T02:25:27.357+0600][89.861s][info][gc,stats    ]   Trash Collection Set               23 us
[2026-04-03T02:25:27.357+0600][89.861s][info][gc,stats    ]   Rebuild Free Set                   64 us
[2026-04-03T02:25:27.357+0600][89.861s][info][gc,stats    ] Concurrent Cleanup                  900 us
[2026-04-03T02:25:27.357+0600][89.861s][info][gc,stats    ] Pacing                           158320 us
[2026-04-03T02:25:27.357+0600][89.861s][info][gc,stats    ] 
[2026-04-03T02:25:27.357+0600][89.861s][info][gc,stats    ] Allocation pacing accrued:
[2026-04-03T02:25:27.357+0600][89.861s][info][gc,stats    ]      18 of   684 ms (  2.6%): Executor task launch worker for task 0.0 in stage 4160.0 (TID 7767)
[2026-04-03T02:25:27.357+0600][89.861s][info][gc,stats    ]      18 of   684 ms (  2.7%): Executor task launch worker for task 7.0 in stage 4160.0 (TID 7774)
[2026-04-03T02:25:27.357+0600][89.861s][info][gc,stats    ]      17 of   684 ms (  2.5%): Executor task launch worker for task 5.0 in stage 4160.0 (TID 7772)
[2026-04-03T02:25:27.357+0600][89.861s][info][gc,stats    ]      18 of   684 ms (  2.6%): Executor task launch worker for task 1.0 in stage 4160.0 (TID 7768)
[2026-04-03T02:25:27.357+0600][89.861s][info][gc,stats    ]      23 of   684 ms (  3.3%): Executor task launch worker for task 6.0 in stage 4160.0 (TID 7773)
[2026-04-03T02:25:27.357+0600][89.861s][info][gc,stats    ]      22 of   684 ms (  3.2%): Executor task launch worker for task 3.0 in stage 4160.0 (TID 7770)
[2026-04-03T02:25:27.357+0600][89.861s][info][gc,stats    ]      23 of   684 ms (  3.4%): Executor task launch worker for task 4.0 in stage 4160.0 (TID 7771)
[2026-04-03T02:25:27.357+0600][89.861s][info][gc,stats    ]      19 of   684 ms (  2.8%): Executor task launch worker for task 2.0 in stage 4160.0 (TID 7769)
[2026-04-03T02:25:27.357+0600][89.861s][info][gc,stats    ]     158 of   684 ms ( 23.1%): <total>
[2026-04-03T02:25:27.357+0600][89.861s][info][gc,stats    ]       1 of   684 ms (  0.1%): <average total>
[2026-04-03T02:25:27.357+0600][89.861s][info][gc,stats    ]      20 of   684 ms (  2.9%): <average non-zero>
[2026-04-03T02:25:27.357+0600][89.861s][info][gc,stats    ] 
[2026-04-03T02:25:27.358+0600][89.861s][info][gc,metaspace] Metaspace: 131712K(132992K)->131712K(132992K) NonClass: 115213K(115840K)->115213K(115840K) Class: 16498K(17152K)->16498K(17152K)
[2026-04-03T02:25:27.358+0600][89.861s][info][gc,ergo     ] Pacer for Idle. Initial: 20480K, Alloc Tax Rate: 1.0x
[2026-04-03T02:25:27.733+0600][90.236s][info][gc          ] Trigger: Average GC time (158.58 ms) is above the time for average allocation rate (1286 MB/s) to deplete free headroom (203M) (margin of error = 1.88)
[2026-04-03T02:25:27.733+0600][90.236s][info][gc,ergo     ] Free headroom: 253M (free) - 51200K (spike) - 0B (penalties) = 203M
[2026-04-03T02:25:27.733+0600][90.236s][info][gc,ergo     ] Free: 252M, Max: 256K regular, 161M humongous, Frag: 36% external, 1% internal; Reserve: 51200K, Max: 256K
[2026-04-03T02:25:27.733+0600][90.236s][info][gc,start    ] GC(125) Concurrent reset
[2026-04-03T02:25:27.733+0600][90.236s][info][gc,task     ] GC(125) Using 3 of 6 workers for concurrent reset
[2026-04-03T02:25:27.733+0600][90.236s][info][gc,ergo     ] GC(125) Pacer for Reset. Non-Taxable: 1000M
[2026-04-03T02:25:27.734+0600][90.237s][info][gc          ] GC(125) Concurrent reset 1.023ms
[2026-04-03T02:25:27.734+0600][90.237s][info][gc,start    ] GC(125) Pause Init Mark (unload classes)
[2026-04-03T02:25:27.734+0600][90.237s][info][gc,task     ] GC(125) Using 6 of 6 workers for init marking
[2026-04-03T02:25:27.734+0600][90.237s][info][gc,ergo     ] GC(125) Pacer for Mark. Expected Live: 99071K, Free: 252M, Non-Taxable: 25879K, Alloc Tax Rate: 0.5x
[2026-04-03T02:25:27.734+0600][90.237s][info][gc          ] GC(125) Pause Init Mark (unload classes) 0.096ms
[2026-04-03T02:25:27.734+0600][90.237s][info][gc,start    ] GC(125) Concurrent marking roots
[2026-04-03T02:25:27.734+0600][90.237s][info][gc,task     ] GC(125) Using 3 of 6 workers for concurrent marking roots
[2026-04-03T02:25:27.735+0600][90.238s][info][gc          ] GC(125) Concurrent marking roots 1.103ms
[2026-04-03T02:25:27.735+0600][90.238s][info][gc,start    ] GC(125) Concurrent marking (unload classes)
[2026-04-03T02:25:27.735+0600][90.238s][info][gc,task     ] GC(125) Using 3 of 6 workers for concurrent marking
[2026-04-03T02:25:27.787+0600][90.290s][info][gc          ] GC(125) Concurrent marking (unload classes) 51.308ms
[2026-04-03T02:25:27.787+0600][90.290s][info][gc,start    ] GC(125) Pause Final Mark (unload classes)
[2026-04-03T02:25:27.787+0600][90.290s][info][gc,task     ] GC(125) Using 6 of 6 workers for final marking
[2026-04-03T02:25:27.787+0600][90.290s][info][gc,ergo     ] GC(125) Adaptive CSet Selection. Target Free: 141M, Actual Free: 741M, Max CSet: 42666K, Min Garbage: 0B
[2026-04-03T02:25:27.787+0600][90.291s][info][gc,ergo     ] GC(125) Collectable Garbage: 560M (98%), Immediate: 459M (80%), CSet: 100M (17%)
[2026-04-03T02:25:27.787+0600][90.291s][info][gc,ergo     ] GC(125) Pacer for Evacuation. Used CSet: 104M, Free: 727M, Non-Taxable: 74450K, Alloc Tax Rate: 1.1x
[2026-04-03T02:25:27.787+0600][90.291s][info][gc          ] GC(125) Pause Final Mark (unload classes) 0.814ms
[2026-04-03T02:25:27.788+0600][90.291s][info][gc,start    ] GC(125) Concurrent thread roots
[2026-04-03T02:25:27.788+0600][90.291s][info][gc,task     ] GC(125) Using 3 of 6 workers for Concurrent thread roots
[2026-04-03T02:25:27.788+0600][90.292s][info][gc          ] GC(125) Concurrent thread roots 0.892ms
[2026-04-03T02:25:27.788+0600][90.292s][info][gc,start    ] GC(125) Concurrent weak references
[2026-04-03T02:25:27.788+0600][90.292s][info][gc,task     ] GC(125) Using 3 of 6 workers for concurrent weak references
[2026-04-03T02:25:27.790+0600][90.293s][info][gc,ref      ] GC(125) Encountered references: Soft: 3784, Weak: 16105, Final: 84, Phantom: 620
[2026-04-03T02:25:27.790+0600][90.293s][info][gc,ref      ] GC(125) Discovered  references: Soft: 0, Weak: 9116, Final: 48, Phantom: 580
[2026-04-03T02:25:27.790+0600][90.293s][info][gc,ref      ] GC(125) Enqueued    references: Soft: 0, Weak: 1441, Final: 0, Phantom: 0
[2026-04-03T02:25:27.790+0600][90.293s][info][gc          ] GC(125) Concurrent weak references 1.158ms
[2026-04-03T02:25:27.790+0600][90.293s][info][gc,start    ] GC(125) Concurrent weak roots
[2026-04-03T02:25:27.790+0600][90.293s][info][gc,task     ] GC(125) Using 3 of 6 workers for concurrent weak root
[2026-04-03T02:25:27.794+0600][90.298s][info][gc          ] GC(125) Concurrent weak roots 4.708ms
[2026-04-03T02:25:27.794+0600][90.298s][info][gc,start    ] GC(125) Concurrent cleanup
[2026-04-03T02:25:27.795+0600][90.299s][info][gc          ] GC(125) Concurrent cleanup 680M->225M(845M) 0.811ms
[2026-04-03T02:25:27.795+0600][90.299s][info][gc,ergo     ] GC(125) Free: 721M, Max: 256K regular, 162M humongous, Frag: 78% external, 0% internal; Reserve: 50624K, Max: 256K
[2026-04-03T02:25:27.795+0600][90.299s][info][gc,start    ] GC(125) Concurrent class unloading
[2026-04-03T02:25:27.795+0600][90.299s][info][gc,task     ] GC(125) Using 3 of 6 workers for concurrent class unloading
[2026-04-03T02:25:27.812+0600][90.315s][info][gc          ] GC(125) Concurrent class unloading 16.542ms
[2026-04-03T02:25:27.812+0600][90.315s][info][gc,start    ] GC(125) Concurrent strong roots
[2026-04-03T02:25:27.812+0600][90.315s][info][gc,task     ] GC(125) Using 3 of 6 workers for concurrent strong root
[2026-04-03T02:25:27.813+0600][90.317s][info][gc          ] GC(125) Concurrent strong roots 1.287ms
[2026-04-03T02:25:27.813+0600][90.317s][info][gc,start    ] GC(125) Concurrent evacuation
[2026-04-03T02:25:27.813+0600][90.317s][info][gc,task     ] GC(125) Using 3 of 6 workers for concurrent evacuation
[2026-04-03T02:25:27.816+0600][90.319s][info][gc          ] GC(125) Concurrent evacuation 2.448ms
[2026-04-03T02:25:27.816+0600][90.319s][info][gc,start    ] GC(125) Pause Init Update Refs
[2026-04-03T02:25:27.816+0600][90.320s][info][gc,ergo     ] GC(125) Pacer for Update Refs. Used: 233M, Free: 717M, Non-Taxable: 73490K, Alloc Tax Rate: 1.1x
[2026-04-03T02:25:27.816+0600][90.320s][info][gc          ] GC(125) Pause Init Update Refs 0.176ms
[2026-04-03T02:25:27.816+0600][90.320s][info][gc,start    ] GC(125) Concurrent update references
[2026-04-03T02:25:27.816+0600][90.320s][info][gc,task     ] GC(125) Using 3 of 6 workers for concurrent reference update
[2026-04-03T02:25:27.851+0600][90.354s][info][gc          ] GC(125) Concurrent update references 34.749ms
[2026-04-03T02:25:27.851+0600][90.355s][info][gc,start    ] GC(125) Concurrent update thread roots
[2026-04-03T02:25:27.852+0600][90.356s][info][gc          ] GC(125) Concurrent update thread roots 1.225ms
[2026-04-03T02:25:27.853+0600][90.356s][info][gc,start    ] GC(125) Pause Final Update Refs
[2026-04-03T02:25:27.853+0600][90.356s][info][gc,task     ] GC(125) Using 6 of 6 workers for final reference update
[2026-04-03T02:25:27.853+0600][90.356s][info][gc          ] GC(125) Pause Final Update Refs 0.260ms
[2026-04-03T02:25:27.853+0600][90.357s][info][gc,start    ] GC(125) Concurrent cleanup
[2026-04-03T02:25:27.854+0600][90.357s][info][gc          ] GC(125) Concurrent cleanup 250M->146M(845M) 0.308ms
[2026-04-03T02:25:27.854+0600][90.357s][info][gc,ergo     ] Free: 798M, Max: 256K regular, 258M humongous, Frag: 68% external, 0% internal; Reserve: 51200K, Max: 256K
[2026-04-03T02:25:27.854+0600][90.357s][info][gc,stats    ] 
[2026-04-03T02:25:27.854+0600][90.357s][info][gc,stats    ] All times are wall-clock times, except per-root-class counters, that are sum over
[2026-04-03T02:25:27.854+0600][90.357s][info][gc,stats    ] all workers. Dividing the <total> over the root stage time estimates parallelism.
[2026-04-03T02:25:27.854+0600][90.357s][info][gc,stats    ] 
[2026-04-03T02:25:27.854+0600][90.357s][info][gc,stats    ] Concurrent Reset                   1054 us
[2026-04-03T02:25:27.854+0600][90.357s][info][gc,stats    ] Pause Init Mark (G)                 227 us
[2026-04-03T02:25:27.854+0600][90.357s][info][gc,stats    ] Pause Init Mark (N)                 104 us
[2026-04-03T02:25:27.854+0600][90.357s][info][gc,stats    ]   Update Region States               27 us
[2026-04-03T02:25:27.854+0600][90.357s][info][gc,stats    ] Concurrent Mark Roots              1136 us, parallelism: 1.91x
[2026-04-03T02:25:27.854+0600][90.357s][info][gc,stats    ]   CMR: <total>                     2165 us
[2026-04-03T02:25:27.854+0600][90.357s][info][gc,stats    ]   CMR: Thread Roots                1720 us, workers (us): 324, 707, 689, ---, ---, ---, 
[2026-04-03T02:25:27.854+0600][90.357s][info][gc,stats    ]   CMR: VM Strong Roots               48 us, workers (us):  24,  23,   1, ---, ---, ---, 
[2026-04-03T02:25:27.854+0600][90.357s][info][gc,stats    ]   CMR: CLDG Roots                   396 us, workers (us): 396, ---, ---, ---, ---, ---, 
[2026-04-03T02:25:27.854+0600][90.357s][info][gc,stats    ] Concurrent Marking                51379 us
[2026-04-03T02:25:27.854+0600][90.357s][info][gc,stats    ] Pause Final Mark (G)                938 us
[2026-04-03T02:25:27.854+0600][90.357s][info][gc,stats    ] Pause Final Mark (N)                826 us
[2026-04-03T02:25:27.854+0600][90.357s][info][gc,stats    ]   Finish Mark                       316 us
[2026-04-03T02:25:27.854+0600][90.357s][info][gc,stats    ]   Update Region States               59 us
[2026-04-03T02:25:27.854+0600][90.357s][info][gc,stats    ]   Choose Collection Set             292 us
[2026-04-03T02:25:27.854+0600][90.357s][info][gc,stats    ]   Rebuild Free Set                   52 us
[2026-04-03T02:25:27.854+0600][90.357s][info][gc,stats    ] Concurrent Thread Roots             918 us, parallelism: 2.39x
[2026-04-03T02:25:27.854+0600][90.357s][info][gc,stats    ]   CTR: <total>                     2198 us
[2026-04-03T02:25:27.854+0600][90.357s][info][gc,stats    ]   CTR: Thread Roots                2198 us, workers (us): 803, 700, 695, ---, ---, ---, 
[2026-04-03T02:25:27.854+0600][90.357s][info][gc,stats    ] Concurrent Weak References         1224 us, parallelism: 1.08x
[2026-04-03T02:25:27.854+0600][90.357s][info][gc,stats    ]   CWRF: <total>                    1318 us
[2026-04-03T02:25:27.854+0600][90.357s][info][gc,stats    ]   CWRF: Weak References            1318 us, workers (us):  31, 399, 888, ---, ---, ---, 
[2026-04-03T02:25:27.854+0600][90.357s][info][gc,stats    ] Concurrent Weak Roots              4811 us
[2026-04-03T02:25:27.854+0600][90.357s][info][gc,stats    ]   Roots                            4238 us, parallelism: 2.65x
[2026-04-03T02:25:27.854+0600][90.357s][info][gc,stats    ]     CWR: <total>                  11234 us
[2026-04-03T02:25:27.854+0600][90.357s][info][gc,stats    ]     CWR: Code Cache Roots          8721 us, workers (us): 2930, 2679, 3112, ---, ---, ---, 
[2026-04-03T02:25:27.854+0600][90.357s][info][gc,stats    ]     CWR: VM Weak Roots             2300 us, workers (us): 791, 764, 744, ---, ---, ---, 
[2026-04-03T02:25:27.854+0600][90.357s][info][gc,stats    ]     CWR: CLDG Roots                 213 us, workers (us): ---, 213, ---, ---, ---, ---, 
[2026-04-03T02:25:27.854+0600][90.357s][info][gc,stats    ]   Rendezvous                        418 us
[2026-04-03T02:25:27.854+0600][90.357s][info][gc,stats    ] Concurrent Cleanup                  850 us
[2026-04-03T02:25:27.854+0600][90.357s][info][gc,stats    ] Concurrent Class Unloading        16639 us
[2026-04-03T02:25:27.854+0600][90.357s][info][gc,stats    ]   Unlink Stale                    15070 us
[2026-04-03T02:25:27.854+0600][90.357s][info][gc,stats    ]     System Dictionary               405 us
[2026-04-03T02:25:27.854+0600][90.357s][info][gc,stats    ]     Weak Class Links                  0 us
[2026-04-03T02:25:27.854+0600][90.357s][info][gc,stats    ]     Code Roots                    14658 us
[2026-04-03T02:25:27.854+0600][90.357s][info][gc,stats    ]   Rendezvous                        424 us
[2026-04-03T02:25:27.854+0600][90.357s][info][gc,stats    ]   Purge Unlinked                   1004 us
[2026-04-03T02:25:27.854+0600][90.357s][info][gc,stats    ]     Code Roots                      985 us
[2026-04-03T02:25:27.854+0600][90.357s][info][gc,stats    ]     CLDG                             18 us
[2026-04-03T02:25:27.854+0600][90.357s][info][gc,stats    ]     Exception Caches                  0 us
[2026-04-03T02:25:27.854+0600][90.357s][info][gc,stats    ] Concurrent Strong Roots            1364 us, parallelism: 0.65x
[2026-04-03T02:25:27.854+0600][90.357s][info][gc,stats    ]   CSR: <total>                      883 us
[2026-04-03T02:25:27.854+0600][90.357s][info][gc,stats    ]   CSR: VM Strong Roots               75 us, workers (us):  71,   2,   2, ---, ---, ---, 
[2026-04-03T02:25:27.854+0600][90.357s][info][gc,stats    ]   CSR: CLDG Roots                   808 us, workers (us): 808, ---, ---, ---, ---, ---, 
[2026-04-03T02:25:27.854+0600][90.357s][info][gc,stats    ] Concurrent Evacuation              2529 us
[2026-04-03T02:25:27.854+0600][90.357s][info][gc,stats    ] Pause Init Update Refs (G)          402 us
[2026-04-03T02:25:27.854+0600][90.357s][info][gc,stats    ] Pause Init Update Refs (N)          193 us
[2026-04-03T02:25:27.854+0600][90.357s][info][gc,stats    ]   Manage GCLABs                      63 us
[2026-04-03T02:25:27.854+0600][90.357s][info][gc,stats    ] Concurrent Update Refs            34863 us
[2026-04-03T02:25:27.854+0600][90.357s][info][gc,stats    ] Concurrent Update Thread Roots     1301 us
[2026-04-03T02:25:27.854+0600][90.357s][info][gc,stats    ] Pause Final Update Refs (G)         681 us
[2026-04-03T02:25:27.854+0600][90.357s][info][gc,stats    ] Pause Final Update Refs (N)         274 us
[2026-04-03T02:25:27.854+0600][90.357s][info][gc,stats    ]   Update Region States               58 us
[2026-04-03T02:25:27.854+0600][90.357s][info][gc,stats    ]   Trash Collection Set               17 us
[2026-04-03T02:25:27.854+0600][90.357s][info][gc,stats    ]   Rebuild Free Set                   45 us
[2026-04-03T02:25:27.854+0600][90.357s][info][gc,stats    ] Concurrent Cleanup                  330 us
[2026-04-03T02:25:27.854+0600][90.358s][info][gc,stats    ] 
[2026-04-03T02:25:27.854+0600][90.358s][info][gc,stats    ] Allocation pacing accrued:
[2026-04-03T02:25:27.854+0600][90.358s][info][gc,stats    ]       0 of   497 ms (  0.0%): <total>
[2026-04-03T02:25:27.854+0600][90.358s][info][gc,stats    ]       0 of   497 ms (  0.0%): <average total>
[2026-04-03T02:25:27.854+0600][90.358s][info][gc,stats    ] 
[2026-04-03T02:25:27.854+0600][90.358s][info][gc,metaspace] Metaspace: 131714K(132992K)->131717K(132992K) NonClass: 115216K(115840K)->115218K(115840K) Class: 16498K(17152K)->16498K(17152K)
[2026-04-03T02:25:27.854+0600][90.358s][info][gc,ergo     ] Pacer for Idle. Initial: 20480K, Alloc Tax Rate: 1.0x
[2026-04-03T02:25:28.198+0600][90.701s][info][gc          ] Trigger: Average GC time (161.81 ms) is above the time for average allocation rate (1097 MB/s) to deplete free headroom (175M) (margin of error = 1.87)
[2026-04-03T02:25:28.198+0600][90.701s][info][gc,ergo     ] Free headroom: 225M (free) - 51200K (spike) - 0B (penalties) = 175M
[2026-04-03T02:25:28.198+0600][90.701s][info][gc,ergo     ] Free: 225M, Max: 256K regular, 161M humongous, Frag: 29% external, 1% internal; Reserve: 51200K, Max: 256K
[2026-04-03T02:25:28.198+0600][90.701s][info][gc,start    ] GC(126) Concurrent reset
[2026-04-03T02:25:28.198+0600][90.701s][info][gc,task     ] GC(126) Using 3 of 6 workers for concurrent reset
[2026-04-03T02:25:28.198+0600][90.701s][info][gc,ergo     ] GC(126) Pacer for Reset. Non-Taxable: 1000M
[2026-04-03T02:25:28.199+0600][90.702s][info][gc          ] GC(126) Concurrent reset 1.138ms
[2026-04-03T02:25:28.200+0600][90.703s][info][gc,start    ] GC(126) Pause Init Mark (unload classes)
[2026-04-03T02:25:28.200+0600][90.703s][info][gc,task     ] GC(126) Using 6 of 6 workers for init marking
[2026-04-03T02:25:28.200+0600][90.703s][info][gc,ergo     ] GC(126) Pacer for Mark. Expected Live: 98865K, Free: 202M, Non-Taxable: 20753K, Alloc Tax Rate: 0.6x
[2026-04-03T02:25:28.200+0600][90.703s][info][gc          ] GC(126) Pause Init Mark (unload classes) 0.149ms
[2026-04-03T02:25:28.200+0600][90.703s][info][gc,start    ] GC(126) Concurrent marking roots
[2026-04-03T02:25:28.200+0600][90.703s][info][gc,task     ] GC(126) Using 3 of 6 workers for concurrent marking roots
[2026-04-03T02:25:28.201+0600][90.705s][info][gc          ] GC(126) Concurrent marking roots 1.518ms
[2026-04-03T02:25:28.201+0600][90.705s][info][gc,start    ] GC(126) Concurrent marking (unload classes)
[2026-04-03T02:25:28.201+0600][90.705s][info][gc,task     ] GC(126) Using 3 of 6 workers for concurrent marking
[2026-04-03T02:25:28.244+0600][90.747s][info][gc          ] GC(126) Concurrent marking (unload classes) 42.737ms
[2026-04-03T02:25:28.244+0600][90.748s][info][gc,start    ] GC(126) Pause Final Mark (unload classes)
[2026-04-03T02:25:28.244+0600][90.748s][info][gc,task     ] GC(126) Using 6 of 6 workers for final marking
[2026-04-03T02:25:28.245+0600][90.748s][info][gc,ergo     ] GC(126) Adaptive CSet Selection. Target Free: 141M, Actual Free: 751M, Max CSet: 42666K, Min Garbage: 0B
[2026-04-03T02:25:28.245+0600][90.748s][info][gc,ergo     ] GC(126) Collectable Garbage: 598M (98%), Immediate: 539M (88%), CSet: 61116K (9%)
[2026-04-03T02:25:28.245+0600][90.748s][info][gc,ergo     ] GC(126) Pacer for Evacuation. Used CSet: 68715K, Free: 732M, Non-Taxable: 75043K, Alloc Tax Rate: 1.1x
[2026-04-03T02:25:28.245+0600][90.748s][info][gc          ] GC(126) Pause Final Mark (unload classes) 0.756ms
[2026-04-03T02:25:28.245+0600][90.749s][info][gc,start    ] GC(126) Concurrent thread roots
[2026-04-03T02:25:28.245+0600][90.749s][info][gc,task     ] GC(126) Using 3 of 6 workers for Concurrent thread roots
[2026-04-03T02:25:28.246+0600][90.750s][info][gc          ] GC(126) Concurrent thread roots 1.125ms
[2026-04-03T02:25:28.246+0600][90.750s][info][gc,start    ] GC(126) Concurrent weak references
[2026-04-03T02:25:28.246+0600][90.750s][info][gc,task     ] GC(126) Using 3 of 6 workers for concurrent weak references
[2026-04-03T02:25:28.247+0600][90.751s][info][gc,ref      ] GC(126) Encountered references: Soft: 3788, Weak: 15585, Final: 84, Phantom: 641
[2026-04-03T02:25:28.247+0600][90.751s][info][gc,ref      ] GC(126) Discovered  references: Soft: 0, Weak: 9555, Final: 84, Phantom: 297
[2026-04-03T02:25:28.247+0600][90.751s][info][gc,ref      ] GC(126) Enqueued    references: Soft: 0, Weak: 894, Final: 0, Phantom: 0
[2026-04-03T02:25:28.247+0600][90.751s][info][gc          ] GC(126) Concurrent weak references 1.023ms
[2026-04-03T02:25:28.247+0600][90.751s][info][gc,start    ] GC(126) Concurrent weak roots
[2026-04-03T02:25:28.247+0600][90.751s][info][gc,task     ] GC(126) Using 3 of 6 workers for concurrent weak root
[2026-04-03T02:25:28.258+0600][90.761s][info][gc          ] GC(126) Concurrent weak roots 10.372ms
[2026-04-03T02:25:28.258+0600][90.761s][info][gc,start    ] GC(126) Concurrent cleanup
[2026-04-03T02:25:28.259+0600][90.762s][info][gc          ] GC(126) Concurrent cleanup 809M->271M(854M) 1.006ms
[2026-04-03T02:25:28.259+0600][90.762s][info][gc,ergo     ] GC(126) Free: 671M, Max: 256K regular, 103M humongous, Frag: 85% external, 0% internal; Reserve: 47863K, Max: 256K
[2026-04-03T02:25:28.259+0600][90.762s][info][gc,start    ] GC(126) Concurrent class unloading
[2026-04-03T02:25:28.259+0600][90.762s][info][gc,task     ] GC(126) Using 3 of 6 workers for concurrent class unloading
[2026-04-03T02:25:28.277+0600][90.780s][info][gc          ] GC(126) Concurrent class unloading 17.496ms
[2026-04-03T02:25:28.277+0600][90.780s][info][gc,start    ] GC(126) Concurrent strong roots
[2026-04-03T02:25:28.277+0600][90.780s][info][gc,task     ] GC(126) Using 3 of 6 workers for concurrent strong root
[2026-04-03T02:25:28.279+0600][90.782s][info][gc          ] GC(126) Concurrent strong roots 2.120ms
[2026-04-03T02:25:28.279+0600][90.782s][info][gc,start    ] GC(126) Concurrent evacuation
[2026-04-03T02:25:28.279+0600][90.782s][info][gc,task     ] GC(126) Using 3 of 6 workers for concurrent evacuation
[2026-04-03T02:25:28.283+0600][90.787s][info][gc          ] GC(126) Concurrent evacuation 4.450ms
[2026-04-03T02:25:28.284+0600][90.787s][info][gc,start    ] GC(126) Pause Init Update Refs
[2026-04-03T02:25:28.284+0600][90.787s][info][gc,ergo     ] GC(126) Pacer for Update Refs. Used: 291M, Free: 657M, Non-Taxable: 67351K, Alloc Tax Rate: 1.1x
[2026-04-03T02:25:28.284+0600][90.787s][info][gc          ] GC(126) Pause Init Update Refs 0.203ms
[2026-04-03T02:25:28.284+0600][90.787s][info][gc,start    ] GC(126) Concurrent update references
[2026-04-03T02:25:28.284+0600][90.787s][info][gc,task     ] GC(126) Using 3 of 6 workers for concurrent reference update
[2026-04-03T02:25:28.324+0600][90.827s][info][gc          ] GC(126) Concurrent update references 39.920ms
[2026-04-03T02:25:28.324+0600][90.827s][info][gc,start    ] GC(126) Concurrent update thread roots
[2026-04-03T02:25:28.325+0600][90.828s][info][gc          ] GC(126) Concurrent update thread roots 0.981ms
[2026-04-03T02:25:28.325+0600][90.828s][info][gc,start    ] GC(126) Pause Final Update Refs
[2026-04-03T02:25:28.325+0600][90.828s][info][gc,task     ] GC(126) Using 6 of 6 workers for final reference update
[2026-04-03T02:25:28.325+0600][90.828s][info][gc          ] GC(126) Pause Final Update Refs 0.158ms
[2026-04-03T02:25:28.325+0600][90.829s][info][gc,start    ] GC(126) Concurrent cleanup
[2026-04-03T02:25:28.326+0600][90.829s][info][gc          ] GC(126) Concurrent cleanup 326M->259M(855M) 0.672ms
[2026-04-03T02:25:28.326+0600][90.829s][info][gc,ergo     ] Free: 678M, Max: 256K regular, 258M humongous, Frag: 62% external, 0% internal; Reserve: 51200K, Max: 256K
[2026-04-03T02:25:28.326+0600][90.829s][info][gc,stats    ] 
[2026-04-03T02:25:28.326+0600][90.829s][info][gc,stats    ] All times are wall-clock times, except per-root-class counters, that are sum over
[2026-04-03T02:25:28.326+0600][90.829s][info][gc,stats    ] all workers. Dividing the <total> over the root stage time estimates parallelism.
[2026-04-03T02:25:28.326+0600][90.829s][info][gc,stats    ] 
[2026-04-03T02:25:28.326+0600][90.829s][info][gc,stats    ] Concurrent Reset                   1199 us
[2026-04-03T02:25:28.326+0600][90.829s][info][gc,stats    ] Pause Init Mark (G)                 878 us
[2026-04-03T02:25:28.326+0600][90.829s][info][gc,stats    ] Pause Init Mark (N)                 158 us
[2026-04-03T02:25:28.326+0600][90.829s][info][gc,stats    ]   Update Region States               47 us
[2026-04-03T02:25:28.326+0600][90.829s][info][gc,stats    ] Concurrent Mark Roots              1617 us, parallelism: 1.80x
[2026-04-03T02:25:28.326+0600][90.829s][info][gc,stats    ]   CMR: <total>                     2916 us
[2026-04-03T02:25:28.326+0600][90.829s][info][gc,stats    ]   CMR: Thread Roots                2505 us, workers (us): 954, 604, 948, ---, ---, ---, 
[2026-04-03T02:25:28.326+0600][90.829s][info][gc,stats    ]   CMR: VM Strong Roots               59 us, workers (us):  35,  11,  13, ---, ---, ---, 
[2026-04-03T02:25:28.326+0600][90.829s][info][gc,stats    ]   CMR: CLDG Roots                   352 us, workers (us): ---, 352, ---, ---, ---, ---, 
[2026-04-03T02:25:28.326+0600][90.829s][info][gc,stats    ] Concurrent Marking                42797 us
[2026-04-03T02:25:28.326+0600][90.829s][info][gc,stats    ] Pause Final Mark (G)               1001 us
[2026-04-03T02:25:28.326+0600][90.829s][info][gc,stats    ] Pause Final Mark (N)                767 us
[2026-04-03T02:25:28.326+0600][90.829s][info][gc,stats    ]   Finish Mark                       345 us
[2026-04-03T02:25:28.326+0600][90.829s][info][gc,stats    ]   Update Region States               49 us
[2026-04-03T02:25:28.326+0600][90.829s][info][gc,stats    ]   Choose Collection Set             221 us
[2026-04-03T02:25:28.326+0600][90.830s][info][gc,stats    ]   Rebuild Free Set                   41 us
[2026-04-03T02:25:28.326+0600][90.830s][info][gc,stats    ] Concurrent Thread Roots            1177 us, parallelism: 2.35x
[2026-04-03T02:25:28.326+0600][90.830s][info][gc,stats    ]   CTR: <total>                     2772 us
[2026-04-03T02:25:28.326+0600][90.830s][info][gc,stats    ]   CTR: Thread Roots                2772 us, workers (us): 940, 944, 889, ---, ---, ---, 
[2026-04-03T02:25:28.326+0600][90.830s][info][gc,stats    ] Concurrent Weak References         1037 us, parallelism: 1.18x
[2026-04-03T02:25:28.326+0600][90.830s][info][gc,stats    ]   CWRF: <total>                    1227 us
[2026-04-03T02:25:28.326+0600][90.830s][info][gc,stats    ]   CWRF: Weak References            1227 us, workers (us): 230, 760, 237, ---, ---, ---, 
[2026-04-03T02:25:28.326+0600][90.830s][info][gc,stats    ] Concurrent Weak Roots             10466 us
[2026-04-03T02:25:28.326+0600][90.830s][info][gc,stats    ]   Roots                            4655 us, parallelism: 2.75x
[2026-04-03T02:25:28.326+0600][90.830s][info][gc,stats    ]     CWR: <total>                  12786 us
[2026-04-03T02:25:28.326+0600][90.830s][info][gc,stats    ]     CWR: Code Cache Roots         10181 us, workers (us): 3253, 3407, 3522, ---, ---, ---, 
[2026-04-03T02:25:28.326+0600][90.830s][info][gc,stats    ]     CWR: VM Weak Roots             2433 us, workers (us): 811, 813, 809, ---, ---, ---, 
[2026-04-03T02:25:28.326+0600][90.830s][info][gc,stats    ]     CWR: CLDG Roots                 172 us, workers (us): 172, ---, ---, ---, ---, ---, 
[2026-04-03T02:25:28.326+0600][90.830s][info][gc,stats    ]   Rendezvous                       5689 us
[2026-04-03T02:25:28.326+0600][90.830s][info][gc,stats    ] Concurrent Cleanup                 1043 us
[2026-04-03T02:25:28.326+0600][90.830s][info][gc,stats    ] Concurrent Class Unloading        17611 us
[2026-04-03T02:25:28.326+0600][90.830s][info][gc,stats    ]   Unlink Stale                    15378 us
[2026-04-03T02:25:28.326+0600][90.830s][info][gc,stats    ]     System Dictionary               324 us
[2026-04-03T02:25:28.326+0600][90.830s][info][gc,stats    ]     Weak Class Links                  0 us
[2026-04-03T02:25:28.326+0600][90.830s][info][gc,stats    ]     Code Roots                    15048 us
[2026-04-03T02:25:28.326+0600][90.830s][info][gc,stats    ]   Rendezvous                        462 us
[2026-04-03T02:25:28.326+0600][90.830s][info][gc,stats    ]   Purge Unlinked                   1617 us
[2026-04-03T02:25:28.326+0600][90.830s][info][gc,stats    ]     Code Roots                     1585 us
[2026-04-03T02:25:28.326+0600][90.830s][info][gc,stats    ]     CLDG                             31 us
[2026-04-03T02:25:28.326+0600][90.830s][info][gc,stats    ]     Exception Caches                  0 us
[2026-04-03T02:25:28.326+0600][90.830s][info][gc,stats    ] Concurrent Strong Roots            2184 us, parallelism: 0.45x
[2026-04-03T02:25:28.326+0600][90.830s][info][gc,stats    ]   CSR: <total>                      992 us
[2026-04-03T02:25:28.326+0600][90.830s][info][gc,stats    ]   CSR: VM Strong Roots               61 us, workers (us):  53,   8,   0, ---, ---, ---, 
[2026-04-03T02:25:28.326+0600][90.830s][info][gc,stats    ]   CSR: CLDG Roots                   930 us, workers (us): 930, ---, ---, ---, ---, ---, 
[2026-04-03T02:25:28.327+0600][90.830s][info][gc,stats    ] Concurrent Evacuation              4546 us
[2026-04-03T02:25:28.327+0600][90.830s][info][gc,stats    ] Pause Init Update Refs (G)          486 us
[2026-04-03T02:25:28.327+0600][90.830s][info][gc,stats    ] Pause Init Update Refs (N)          262 us
[2026-04-03T02:25:28.327+0600][90.830s][info][gc,stats    ]   Manage GCLABs                      37 us
[2026-04-03T02:25:28.327+0600][90.830s][info][gc,stats    ] Concurrent Update Refs            39993 us
[2026-04-03T02:25:28.327+0600][90.830s][info][gc,stats    ] Concurrent Update Thread Roots     1013 us
[2026-04-03T02:25:28.327+0600][90.830s][info][gc,stats    ] Pause Final Update Refs (G)         344 us
[2026-04-03T02:25:28.327+0600][90.830s][info][gc,stats    ] Pause Final Update Refs (N)         178 us
[2026-04-03T02:25:28.327+0600][90.830s][info][gc,stats    ]   Update Region States               50 us
[2026-04-03T02:25:28.327+0600][90.830s][info][gc,stats    ]   Trash Collection Set               14 us
[2026-04-03T02:25:28.327+0600][90.830s][info][gc,stats    ]   Rebuild Free Set                   43 us
[2026-04-03T02:25:28.327+0600][90.830s][info][gc,stats    ] Concurrent Cleanup                  699 us
[2026-04-03T02:25:28.327+0600][90.830s][info][gc,stats    ] Pacing                           180462 us
[2026-04-03T02:25:28.327+0600][90.830s][info][gc,stats    ] 
[2026-04-03T02:25:28.327+0600][90.830s][info][gc,stats    ] Allocation pacing accrued:
[2026-04-03T02:25:28.327+0600][90.830s][info][gc,stats    ]      11 of   472 ms (  2.4%): Spark Context Cleaner
[2026-04-03T02:25:28.327+0600][90.830s][info][gc,stats    ]      42 of   472 ms (  8.9%): Executor task launch worker for task 1.0 in stage 4284.0 (TID 7898)
[2026-04-03T02:25:28.327+0600][90.830s][info][gc,stats    ]      43 of   472 ms (  9.0%): Executor task launch worker for task 3.0 in stage 4284.0 (TID 7900)
[2026-04-03T02:25:28.327+0600][90.830s][info][gc,stats    ]      42 of   472 ms (  8.9%): Executor task launch worker for task 2.0 in stage 4284.0 (TID 7899)
[2026-04-03T02:25:28.327+0600][90.830s][info][gc,stats    ]      43 of   472 ms (  9.0%): Executor task launch worker for task 0.0 in stage 4284.0 (TID 7897)
[2026-04-03T02:25:28.327+0600][90.830s][info][gc,stats    ]     180 of   472 ms ( 38.2%): <total>
[2026-04-03T02:25:28.327+0600][90.830s][info][gc,stats    ]       1 of   472 ms (  0.1%): <average total>
[2026-04-03T02:25:28.327+0600][90.830s][info][gc,stats    ]      36 of   472 ms (  7.6%): <average non-zero>
[2026-04-03T02:25:28.327+0600][90.830s][info][gc,stats    ] 
[2026-04-03T02:25:28.327+0600][90.830s][info][gc,metaspace] Metaspace: 131722K(132992K)->131724K(132992K) NonClass: 115223K(115840K)->115226K(115840K) Class: 16498K(17152K)->16498K(17152K)
[2026-04-03T02:25:28.327+0600][90.830s][info][gc,ergo     ] Pacer for Idle. Initial: 20480K, Alloc Tax Rate: 1.0x
[2026-04-03T02:25:28.428+0600][90.932s][info][gc          ] Trigger: Average GC time (151.56 ms) is above the time for average allocation rate (2672 MB/s) to deplete free headroom (220M) (margin of error = 1.87)
[2026-04-03T02:25:28.428+0600][90.932s][info][gc,ergo     ] Free headroom: 270M (free) - 51200K (spike) - 0B (penalties) = 220M
[2026-04-03T02:25:28.428+0600][90.932s][info][gc,ergo     ] Free: 270M, Max: 256K regular, 152M humongous, Frag: 44% external, 0% internal; Reserve: 51200K, Max: 256K
[2026-04-03T02:25:28.428+0600][90.932s][info][gc,start    ] GC(127) Concurrent reset
[2026-04-03T02:25:28.428+0600][90.932s][info][gc,task     ] GC(127) Using 3 of 6 workers for concurrent reset
[2026-04-03T02:25:28.428+0600][90.932s][info][gc,ergo     ] GC(127) Pacer for Reset. Non-Taxable: 1000M
[2026-04-03T02:25:28.429+0600][90.933s][info][gc          ] GC(127) Concurrent reset 0.930ms
[2026-04-03T02:25:28.430+0600][90.933s][info][gc,start    ] GC(127) Pause Init Mark (unload classes)
[2026-04-03T02:25:28.430+0600][90.933s][info][gc,task     ] GC(127) Using 6 of 6 workers for init marking
[2026-04-03T02:25:28.430+0600][90.933s][info][gc,ergo     ] GC(127) Pacer for Mark. Expected Live: 101423K, Free: 270M, Non-Taxable: 27668K, Alloc Tax Rate: 0.4x
[2026-04-03T02:25:28.430+0600][90.933s][info][gc          ] GC(127) Pause Init Mark (unload classes) 0.161ms
[2026-04-03T02:25:28.430+0600][90.933s][info][gc,start    ] GC(127) Concurrent marking roots
[2026-04-03T02:25:28.430+0600][90.933s][info][gc,task     ] GC(127) Using 3 of 6 workers for concurrent marking roots
[2026-04-03T02:25:28.431+0600][90.934s][info][gc          ] GC(127) Concurrent marking roots 1.219ms
[2026-04-03T02:25:28.431+0600][90.934s][info][gc,start    ] GC(127) Concurrent marking (unload classes)
[2026-04-03T02:25:28.431+0600][90.934s][info][gc,task     ] GC(127) Using 3 of 6 workers for concurrent marking
[2026-04-03T02:25:28.485+0600][90.988s][info][gc          ] GC(127) Concurrent marking (unload classes) 53.489ms
[2026-04-03T02:25:28.485+0600][90.988s][info][gc,start    ] GC(127) Pause Final Mark (unload classes)
[2026-04-03T02:25:28.485+0600][90.988s][info][gc,task     ] GC(127) Using 6 of 6 workers for final marking
[2026-04-03T02:25:28.485+0600][90.989s][info][gc,ergo     ] GC(127) Adaptive CSet Selection. Target Free: 141M, Actual Free: 780M, Max CSet: 42666K, Min Garbage: 0B
[2026-04-03T02:25:28.485+0600][90.989s][info][gc,ergo     ] GC(127) Collectable Garbage: 544M (98%), Immediate: 491M (88%), CSet: 54552K (9%)
[2026-04-03T02:25:28.485+0600][90.989s][info][gc,ergo     ] GC(127) Pacer for Evacuation. Used CSet: 58733K, Free: 767M, Non-Taxable: 78604K, Alloc Tax Rate: 1.1x
[2026-04-03T02:25:28.485+0600][90.989s][info][gc          ] GC(127) Pause Final Mark (unload classes) 0.788ms
[2026-04-03T02:25:28.486+0600][90.989s][info][gc,start    ] GC(127) Concurrent thread roots
[2026-04-03T02:25:28.486+0600][90.989s][info][gc,task     ] GC(127) Using 3 of 6 workers for Concurrent thread roots
[2026-04-03T02:25:28.487+0600][90.990s][info][gc          ] GC(127) Concurrent thread roots 1.007ms
[2026-04-03T02:25:28.487+0600][90.990s][info][gc,start    ] GC(127) Concurrent weak references
[2026-04-03T02:25:28.487+0600][90.990s][info][gc,task     ] GC(127) Using 3 of 6 workers for concurrent weak references
[2026-04-03T02:25:28.487+0600][90.991s][info][gc,ref      ] GC(127) Encountered references: Soft: 3784, Weak: 15093, Final: 84, Phantom: 620
[2026-04-03T02:25:28.488+0600][90.991s][info][gc,ref      ] GC(127) Discovered  references: Soft: 0, Weak: 8396, Final: 84, Phantom: 613
[2026-04-03T02:25:28.488+0600][90.991s][info][gc,ref      ] GC(127) Enqueued    references: Soft: 0, Weak: 379, Final: 0, Phantom: 0
[2026-04-03T02:25:28.488+0600][90.991s][info][gc          ] GC(127) Concurrent weak references 0.925ms
[2026-04-03T02:25:28.488+0600][90.991s][info][gc,start    ] GC(127) Concurrent weak roots
[2026-04-03T02:25:28.488+0600][90.991s][info][gc,task     ] GC(127) Using 3 of 6 workers for concurrent weak root
[2026-04-03T02:25:28.492+0600][90.995s][info][gc          ] GC(127) Concurrent weak roots 4.488ms
[2026-04-03T02:25:28.492+0600][90.995s][info][gc,start    ] GC(127) Concurrent cleanup
[2026-04-03T02:25:28.493+0600][90.997s][info][gc          ] GC(127) Concurrent cleanup 674M->184M(855M) 1.118ms
[2026-04-03T02:25:28.493+0600][90.997s][info][gc,ergo     ] GC(127) Free: 762M, Max: 256K regular, 175M humongous, Frag: 78% external, 0% internal; Reserve: 50582K, Max: 256K
[2026-04-03T02:25:28.493+0600][90.997s][info][gc,start    ] GC(127) Concurrent class unloading
[2026-04-03T02:25:28.493+0600][90.997s][info][gc,task     ] GC(127) Using 3 of 6 workers for concurrent class unloading
[2026-04-03T02:25:28.513+0600][91.017s][info][gc          ] GC(127) Concurrent class unloading 19.863ms
[2026-04-03T02:25:28.513+0600][91.017s][info][gc,start    ] GC(127) Concurrent strong roots
[2026-04-03T02:25:28.513+0600][91.017s][info][gc,task     ] GC(127) Using 3 of 6 workers for concurrent strong root
[2026-04-03T02:25:28.515+0600][91.018s][info][gc          ] GC(127) Concurrent strong roots 1.349ms
[2026-04-03T02:25:28.515+0600][91.018s][info][gc,start    ] GC(127) Concurrent evacuation
[2026-04-03T02:25:28.515+0600][91.018s][info][gc,task     ] GC(127) Using 3 of 6 workers for concurrent evacuation
[2026-04-03T02:25:28.517+0600][91.021s][info][gc          ] GC(127) Concurrent evacuation 2.624ms
[2026-04-03T02:25:28.519+0600][91.022s][info][gc,start    ] GC(127) Pause Init Update Refs
[2026-04-03T02:25:28.519+0600][91.022s][info][gc,ergo     ] GC(127) Pacer for Update Refs. Used: 198M, Free: 751M, Non-Taxable: 76965K, Alloc Tax Rate: 1.1x
[2026-04-03T02:25:28.519+0600][91.022s][info][gc          ] GC(127) Pause Init Update Refs 0.111ms
[2026-04-03T02:25:28.519+0600][91.022s][info][gc,start    ] GC(127) Concurrent update references
[2026-04-03T02:25:28.519+0600][91.022s][info][gc,task     ] GC(127) Using 3 of 6 workers for concurrent reference update
[2026-04-03T02:25:28.558+0600][91.062s][info][gc          ] GC(127) Concurrent update references 39.702ms
[2026-04-03T02:25:28.559+0600][91.062s][info][gc,start    ] GC(127) Concurrent update thread roots
[2026-04-03T02:25:28.560+0600][91.063s][info][gc          ] GC(127) Concurrent update thread roots 1.067ms
[2026-04-03T02:25:28.560+0600][91.063s][info][gc,start    ] GC(127) Pause Final Update Refs
[2026-04-03T02:25:28.560+0600][91.063s][info][gc,task     ] GC(127) Using 6 of 6 workers for final reference update
[2026-04-03T02:25:28.560+0600][91.063s][info][gc          ] GC(127) Pause Final Update Refs 0.205ms
[2026-04-03T02:25:28.560+0600][91.063s][info][gc,start    ] GC(127) Concurrent cleanup
[2026-04-03T02:25:28.561+0600][91.064s][info][gc          ] GC(127) Concurrent cleanup 217M->160M(855M) 0.713ms
[2026-04-03T02:25:28.561+0600][91.064s][info][gc,ergo     ] Free: 782M, Max: 256K regular, 351M humongous, Frag: 56% external, 0% internal; Reserve: 51200K, Max: 256K
[2026-04-03T02:25:28.561+0600][91.064s][info][gc,stats    ] 
[2026-04-03T02:25:28.561+0600][91.064s][info][gc,stats    ] All times are wall-clock times, except per-root-class counters, that are sum over
[2026-04-03T02:25:28.561+0600][91.064s][info][gc,stats    ] all workers. Dividing the <total> over the root stage time estimates parallelism.
[2026-04-03T02:25:28.561+0600][91.064s][info][gc,stats    ] 
[2026-04-03T02:25:28.561+0600][91.064s][info][gc,stats    ] Concurrent Reset                    962 us
[2026-04-03T02:25:28.561+0600][91.064s][info][gc,stats    ] Pause Init Mark (G)                 451 us
[2026-04-03T02:25:28.561+0600][91.064s][info][gc,stats    ] Pause Init Mark (N)                 190 us
[2026-04-03T02:25:28.561+0600][91.064s][info][gc,stats    ]   Update Region States               57 us
[2026-04-03T02:25:28.561+0600][91.064s][info][gc,stats    ] Concurrent Mark Roots              1272 us, parallelism: 1.74x
[2026-04-03T02:25:28.561+0600][91.064s][info][gc,stats    ]   CMR: <total>                     2208 us
[2026-04-03T02:25:28.561+0600][91.064s][info][gc,stats    ]   CMR: Thread Roots                1904 us, workers (us): 733, 711, 460, ---, ---, ---, 
[2026-04-03T02:25:28.561+0600][91.064s][info][gc,stats    ]   CMR: VM Strong Roots               38 us, workers (us):  31,   4,   3, ---, ---, ---, 
[2026-04-03T02:25:28.561+0600][91.064s][info][gc,stats    ]   CMR: CLDG Roots                   266 us, workers (us): ---, ---, 266, ---, ---, ---, 
[2026-04-03T02:25:28.561+0600][91.064s][info][gc,stats    ] Concurrent Marking                53572 us
[2026-04-03T02:25:28.561+0600][91.064s][info][gc,stats    ] Pause Final Mark (G)                946 us
[2026-04-03T02:25:28.561+0600][91.064s][info][gc,stats    ] Pause Final Mark (N)                800 us
[2026-04-03T02:25:28.561+0600][91.064s][info][gc,stats    ]   Finish Mark                       259 us
[2026-04-03T02:25:28.561+0600][91.064s][info][gc,stats    ]   Update Region States               84 us
[2026-04-03T02:25:28.561+0600][91.064s][info][gc,stats    ]   Choose Collection Set             216 us
[2026-04-03T02:25:28.561+0600][91.064s][info][gc,stats    ]   Rebuild Free Set                   46 us
[2026-04-03T02:25:28.561+0600][91.064s][info][gc,stats    ] Concurrent Thread Roots            1053 us, parallelism: 2.38x
[2026-04-03T02:25:28.561+0600][91.064s][info][gc,stats    ]   CTR: <total>                     2506 us
[2026-04-03T02:25:28.561+0600][91.064s][info][gc,stats    ]   CTR: Thread Roots                2506 us, workers (us): 855, 850, 801, ---, ---, ---, 
[2026-04-03T02:25:28.561+0600][91.064s][info][gc,stats    ] Concurrent Weak References          940 us, parallelism: 1.01x
[2026-04-03T02:25:28.561+0600][91.064s][info][gc,stats    ]   CWRF: <total>                     951 us
[2026-04-03T02:25:28.561+0600][91.064s][info][gc,stats    ]   CWRF: Weak References             951 us, workers (us): 750, 198,   2, ---, ---, ---, 
[2026-04-03T02:25:28.561+0600][91.064s][info][gc,stats    ] Concurrent Weak Roots              4581 us
[2026-04-03T02:25:28.561+0600][91.064s][info][gc,stats    ]   Roots                            3892 us, parallelism: 2.61x
[2026-04-03T02:25:28.561+0600][91.064s][info][gc,stats    ]     CWR: <total>                  10167 us
[2026-04-03T02:25:28.561+0600][91.064s][info][gc,stats    ]     CWR: Code Cache Roots          7951 us, workers (us): 2449, 2770, 2732, ---, ---, ---, 
[2026-04-03T02:25:28.561+0600][91.064s][info][gc,stats    ]     CWR: VM Weak Roots             2072 us, workers (us): 728, 677, 667, ---, ---, ---, 
[2026-04-03T02:25:28.561+0600][91.064s][info][gc,stats    ]     CWR: CLDG Roots                 144 us, workers (us): 144, ---, ---, ---, ---, ---, 
[2026-04-03T02:25:28.561+0600][91.064s][info][gc,stats    ]   Rendezvous                        563 us
[2026-04-03T02:25:28.561+0600][91.064s][info][gc,stats    ] Concurrent Cleanup                 1153 us
[2026-04-03T02:25:28.561+0600][91.064s][info][gc,stats    ] Concurrent Class Unloading        19958 us
[2026-04-03T02:25:28.561+0600][91.064s][info][gc,stats    ]   Unlink Stale                    18322 us
[2026-04-03T02:25:28.561+0600][91.064s][info][gc,stats    ]     System Dictionary               391 us
[2026-04-03T02:25:28.561+0600][91.064s][info][gc,stats    ]     Weak Class Links                  0 us
[2026-04-03T02:25:28.561+0600][91.064s][info][gc,stats    ]     Code Roots                    17925 us
[2026-04-03T02:25:28.561+0600][91.065s][info][gc,stats    ]   Rendezvous                        586 us
[2026-04-03T02:25:28.561+0600][91.065s][info][gc,stats    ]   Purge Unlinked                    914 us
[2026-04-03T02:25:28.561+0600][91.065s][info][gc,stats    ]     Code Roots                      901 us
[2026-04-03T02:25:28.561+0600][91.065s][info][gc,stats    ]     CLDG                             11 us
[2026-04-03T02:25:28.561+0600][91.065s][info][gc,stats    ]     Exception Caches                  1 us
[2026-04-03T02:25:28.561+0600][91.065s][info][gc,stats    ] Concurrent Strong Roots            1401 us, parallelism: 0.67x
[2026-04-03T02:25:28.561+0600][91.065s][info][gc,stats    ]   CSR: <total>                      939 us
[2026-04-03T02:25:28.561+0600][91.065s][info][gc,stats    ]   CSR: VM Strong Roots               61 us, workers (us):  33,  28,   0, ---, ---, ---, 
[2026-04-03T02:25:28.561+0600][91.065s][info][gc,stats    ]   CSR: CLDG Roots                   878 us, workers (us): 878, ---, ---, ---, ---, ---, 
[2026-04-03T02:25:28.561+0600][91.065s][info][gc,stats    ] Concurrent Evacuation              2707 us
[2026-04-03T02:25:28.561+0600][91.065s][info][gc,stats    ] Pause Init Update Refs (G)         1271 us
[2026-04-03T02:25:28.561+0600][91.065s][info][gc,stats    ] Pause Init Update Refs (N)          124 us
[2026-04-03T02:25:28.561+0600][91.065s][info][gc,stats    ]   Manage GCLABs                      27 us
[2026-04-03T02:25:28.561+0600][91.065s][info][gc,stats    ] Concurrent Update Refs            39764 us
[2026-04-03T02:25:28.561+0600][91.065s][info][gc,stats    ] Concurrent Update Thread Roots     1113 us
[2026-04-03T02:25:28.561+0600][91.065s][info][gc,stats    ] Pause Final Update Refs (G)         509 us
[2026-04-03T02:25:28.561+0600][91.065s][info][gc,stats    ] Pause Final Update Refs (N)         220 us
[2026-04-03T02:25:28.561+0600][91.065s][info][gc,stats    ]   Update Region States               82 us
[2026-04-03T02:25:28.561+0600][91.065s][info][gc,stats    ]   Trash Collection Set               13 us
[2026-04-03T02:25:28.561+0600][91.065s][info][gc,stats    ]   Rebuild Free Set                   47 us
[2026-04-03T02:25:28.561+0600][91.065s][info][gc,stats    ] Concurrent Cleanup                  744 us
[2026-04-03T02:25:28.561+0600][91.065s][info][gc,stats    ] 
[2026-04-03T02:25:28.561+0600][91.065s][info][gc,stats    ] Allocation pacing accrued:
[2026-04-03T02:25:28.561+0600][91.065s][info][gc,stats    ]       0 of   235 ms (  0.0%): <total>
[2026-04-03T02:25:28.561+0600][91.065s][info][gc,stats    ]       0 of   235 ms (  0.0%): <average total>
[2026-04-03T02:25:28.561+0600][91.065s][info][gc,stats    ] 
[2026-04-03T02:25:28.561+0600][91.065s][info][gc,metaspace] Metaspace: 131724K(132992K)->131727K(133056K) NonClass: 115226K(115840K)->115228K(115904K) Class: 16498K(17152K)->16498K(17152K)
[2026-04-03T02:25:28.561+0600][91.065s][info][gc,ergo     ] Pacer for Idle. Initial: 20480K, Alloc Tax Rate: 1.0x
[2026-04-03T02:25:29.112+0600][91.615s][info][gc          ] Trigger: Average GC time (146.18 ms) is above the time for average allocation rate (1186 MB/s) to deplete free headroom (171M) (margin of error = 1.86)
[2026-04-03T02:25:29.112+0600][91.615s][info][gc,ergo     ] Free headroom: 221M (free) - 51200K (spike) - 0B (penalties) = 171M
[2026-04-03T02:25:29.112+0600][91.615s][info][gc,ergo     ] Free: 221M, Max: 256K regular, 220M humongous, Frag: 0% external, 0% internal; Reserve: 51200K, Max: 256K
[2026-04-03T02:25:29.112+0600][91.615s][info][gc,start    ] GC(128) Concurrent reset
[2026-04-03T02:25:29.112+0600][91.615s][info][gc,task     ] GC(128) Using 3 of 6 workers for concurrent reset
[2026-04-03T02:25:29.112+0600][91.615s][info][gc,ergo     ] GC(128) Pacer for Reset. Non-Taxable: 1000M
[2026-04-03T02:25:29.113+0600][91.616s][info][gc          ] GC(128) Concurrent reset 1.159ms
[2026-04-03T02:25:29.113+0600][91.617s][info][gc,start    ] GC(128) Pause Init Mark (unload classes)
[2026-04-03T02:25:29.113+0600][91.617s][info][gc,task     ] GC(128) Using 6 of 6 workers for init marking
[2026-04-03T02:25:29.113+0600][91.617s][info][gc,ergo     ] GC(128) Pacer for Mark. Expected Live: 96970K, Free: 221M, Non-Taxable: 22692K, Alloc Tax Rate: 0.5x
[2026-04-03T02:25:29.113+0600][91.617s][info][gc          ] GC(128) Pause Init Mark (unload classes) 0.160ms
[2026-04-03T02:25:29.114+0600][91.617s][info][gc,start    ] GC(128) Concurrent marking roots
[2026-04-03T02:25:29.114+0600][91.617s][info][gc,task     ] GC(128) Using 3 of 6 workers for concurrent marking roots
[2026-04-03T02:25:29.115+0600][91.618s][info][gc          ] GC(128) Concurrent marking roots 1.331ms
[2026-04-03T02:25:29.115+0600][91.618s][info][gc,start    ] GC(128) Concurrent marking (unload classes)
[2026-04-03T02:25:29.115+0600][91.618s][info][gc,task     ] GC(128) Using 3 of 6 workers for concurrent marking
[2026-04-03T02:25:29.172+0600][91.675s][info][gc          ] GC(128) Concurrent marking (unload classes) 57.194ms
[2026-04-03T02:25:29.172+0600][91.676s][info][gc,start    ] GC(128) Pause Final Mark (unload classes)
[2026-04-03T02:25:29.172+0600][91.676s][info][gc,task     ] GC(128) Using 6 of 6 workers for final marking
[2026-04-03T02:25:29.173+0600][91.676s][info][gc,ergo     ] GC(128) Adaptive CSet Selection. Target Free: 141M, Actual Free: 731M, Max CSet: 42666K, Min Garbage: 0B
[2026-04-03T02:25:29.173+0600][91.676s][info][gc,ergo     ] GC(128) Collectable Garbage: 585M (98%), Immediate: 495M (83%), CSet: 91988K (15%)
[2026-04-03T02:25:29.173+0600][91.676s][info][gc,ergo     ] GC(128) Pacer for Evacuation. Used CSet: 95901K, Free: 723M, Non-Taxable: 74092K, Alloc Tax Rate: 1.1x
[2026-04-03T02:25:29.173+0600][91.676s][info][gc          ] GC(128) Pause Final Mark (unload classes) 0.652ms
[2026-04-03T02:25:29.173+0600][91.676s][info][gc,start    ] GC(128) Concurrent thread roots
[2026-04-03T02:25:29.173+0600][91.677s][info][gc,task     ] GC(128) Using 3 of 6 workers for Concurrent thread roots
[2026-04-03T02:25:29.174+0600][91.677s][info][gc          ] GC(128) Concurrent thread roots 0.922ms
[2026-04-03T02:25:29.174+0600][91.677s][info][gc,start    ] GC(128) Concurrent weak references
[2026-04-03T02:25:29.174+0600][91.677s][info][gc,task     ] GC(128) Using 3 of 6 workers for concurrent weak references
[2026-04-03T02:25:29.175+0600][91.678s][info][gc,ref      ] GC(128) Encountered references: Soft: 3784, Weak: 15566, Final: 84, Phantom: 620
[2026-04-03T02:25:29.175+0600][91.678s][info][gc,ref      ] GC(128) Discovered  references: Soft: 0, Weak: 6776, Final: 0, Phantom: 326
[2026-04-03T02:25:29.175+0600][91.678s][info][gc,ref      ] GC(128) Enqueued    references: Soft: 0, Weak: 270, Final: 0, Phantom: 0
[2026-04-03T02:25:29.175+0600][91.678s][info][gc          ] GC(128) Concurrent weak references 0.688ms
[2026-04-03T02:25:29.175+0600][91.678s][info][gc,start    ] GC(128) Concurrent weak roots
[2026-04-03T02:25:29.175+0600][91.678s][info][gc,task     ] GC(128) Using 3 of 6 workers for concurrent weak root
[2026-04-03T02:25:29.179+0600][91.682s][info][gc          ] GC(128) Concurrent weak roots 4.235ms
[2026-04-03T02:25:29.179+0600][91.682s][info][gc,start    ] GC(128) Concurrent cleanup
[2026-04-03T02:25:29.180+0600][91.683s][info][gc          ] GC(128) Concurrent cleanup 722M->226M(855M) 0.804ms
[2026-04-03T02:25:29.180+0600][91.683s][info][gc,ergo     ] GC(128) Free: 719M, Max: 256K regular, 182M humongous, Frag: 75% external, 0% internal; Reserve: 50777K, Max: 256K
[2026-04-03T02:25:29.180+0600][91.683s][info][gc,start    ] GC(128) Concurrent class unloading
[2026-04-03T02:25:29.180+0600][91.683s][info][gc,task     ] GC(128) Using 3 of 6 workers for concurrent class unloading
[2026-04-03T02:25:29.195+0600][91.698s][info][gc          ] GC(128) Concurrent class unloading 14.721ms
[2026-04-03T02:25:29.195+0600][91.698s][info][gc,start    ] GC(128) Concurrent strong roots
[2026-04-03T02:25:29.195+0600][91.698s][info][gc,task     ] GC(128) Using 3 of 6 workers for concurrent strong root
[2026-04-03T02:25:29.196+0600][91.699s][info][gc          ] GC(128) Concurrent strong roots 1.165ms
[2026-04-03T02:25:29.196+0600][91.699s][info][gc,start    ] GC(128) Concurrent evacuation
[2026-04-03T02:25:29.196+0600][91.699s][info][gc,task     ] GC(128) Using 3 of 6 workers for concurrent evacuation
[2026-04-03T02:25:29.199+0600][91.702s][info][gc          ] GC(128) Concurrent evacuation 2.455ms
[2026-04-03T02:25:29.199+0600][91.702s][info][gc,start    ] GC(128) Pause Init Update Refs
[2026-04-03T02:25:29.199+0600][91.702s][info][gc,ergo     ] GC(128) Pacer for Update Refs. Used: 242M, Free: 706M, Non-Taxable: 72391K, Alloc Tax Rate: 1.1x
[2026-04-03T02:25:29.199+0600][91.702s][info][gc          ] GC(128) Pause Init Update Refs 0.142ms
[2026-04-03T02:25:29.199+0600][91.702s][info][gc,start    ] GC(128) Concurrent update references
[2026-04-03T02:25:29.199+0600][91.702s][info][gc,task     ] GC(128) Using 3 of 6 workers for concurrent reference update
[2026-04-03T02:25:29.245+0600][91.748s][info][gc          ] GC(128) Concurrent update references 45.770ms
[2026-04-03T02:25:29.245+0600][91.748s][info][gc,start    ] GC(128) Concurrent update thread roots
[2026-04-03T02:25:29.246+0600][91.750s][info][gc          ] GC(128) Concurrent update thread roots 1.347ms
[2026-04-03T02:25:29.247+0600][91.750s][info][gc,start    ] GC(128) Pause Final Update Refs
[2026-04-03T02:25:29.247+0600][91.750s][info][gc,task     ] GC(128) Using 6 of 6 workers for final reference update
[2026-04-03T02:25:29.247+0600][91.750s][info][gc          ] GC(128) Pause Final Update Refs 0.301ms
[2026-04-03T02:25:29.247+0600][91.750s][info][gc,start    ] GC(128) Concurrent cleanup
[2026-04-03T02:25:29.248+0600][91.751s][info][gc          ] GC(128) Concurrent cleanup 286M->193M(855M) 0.923ms
[2026-04-03T02:25:29.248+0600][91.751s][info][gc,ergo     ] Free: 750M, Max: 256K regular, 258M humongous, Frag: 66% external, 0% internal; Reserve: 51200K, Max: 256K
[2026-04-03T02:25:29.248+0600][91.751s][info][gc,stats    ] 
[2026-04-03T02:25:29.248+0600][91.751s][info][gc,stats    ] All times are wall-clock times, except per-root-class counters, that are sum over
[2026-04-03T02:25:29.248+0600][91.752s][info][gc,stats    ] all workers. Dividing the <total> over the root stage time estimates parallelism.
[2026-04-03T02:25:29.248+0600][91.752s][info][gc,stats    ] 
[2026-04-03T02:25:29.248+0600][91.752s][info][gc,stats    ] Concurrent Reset                   1230 us
[2026-04-03T02:25:29.248+0600][91.752s][info][gc,stats    ] Pause Init Mark (G)                 413 us
[2026-04-03T02:25:29.248+0600][91.752s][info][gc,stats    ] Pause Init Mark (N)                 169 us
[2026-04-03T02:25:29.248+0600][91.752s][info][gc,stats    ]   Update Region States               42 us
[2026-04-03T02:25:29.248+0600][91.752s][info][gc,stats    ] Concurrent Mark Roots              1387 us, parallelism: 1.74x
[2026-04-03T02:25:29.248+0600][91.752s][info][gc,stats    ]   CMR: <total>                     2408 us
[2026-04-03T02:25:29.248+0600][91.752s][info][gc,stats    ]   CMR: Thread Roots                1824 us, workers (us): 272, 783, 769, ---, ---, ---, 
[2026-04-03T02:25:29.248+0600][91.752s][info][gc,stats    ]   CMR: VM Strong Roots               54 us, workers (us):  44,  10,   1, ---, ---, ---, 
[2026-04-03T02:25:29.248+0600][91.752s][info][gc,stats    ]   CMR: CLDG Roots                   530 us, workers (us): 530, ---, ---, ---, ---, ---, 
[2026-04-03T02:25:29.248+0600][91.752s][info][gc,stats    ] Concurrent Marking                57283 us
[2026-04-03T02:25:29.248+0600][91.752s][info][gc,stats    ] Pause Final Mark (G)                973 us
[2026-04-03T02:25:29.248+0600][91.752s][info][gc,stats    ] Pause Final Mark (N)                663 us
[2026-04-03T02:25:29.248+0600][91.752s][info][gc,stats    ]   Finish Mark                       219 us
[2026-04-03T02:25:29.248+0600][91.752s][info][gc,stats    ]   Update Region States               46 us
[2026-04-03T02:25:29.248+0600][91.752s][info][gc,stats    ]   Choose Collection Set             249 us
[2026-04-03T02:25:29.248+0600][91.752s][info][gc,stats    ]   Rebuild Free Set                   43 us
[2026-04-03T02:25:29.248+0600][91.752s][info][gc,stats    ] Concurrent Thread Roots             973 us, parallelism: 2.23x
[2026-04-03T02:25:29.248+0600][91.752s][info][gc,stats    ]   CTR: <total>                     2166 us
[2026-04-03T02:25:29.248+0600][91.752s][info][gc,stats    ]   CTR: Thread Roots                2166 us, workers (us): 734, 719, 712, ---, ---, ---, 
[2026-04-03T02:25:29.248+0600][91.752s][info][gc,stats    ] Concurrent Weak References          702 us, parallelism: 0.95x
[2026-04-03T02:25:29.248+0600][91.752s][info][gc,stats    ]   CWRF: <total>                     667 us
[2026-04-03T02:25:29.248+0600][91.752s][info][gc,stats    ]   CWRF: Weak References             667 us, workers (us): 253,  47, 367, ---, ---, ---, 
[2026-04-03T02:25:29.248+0600][91.752s][info][gc,stats    ] Concurrent Weak Roots              4312 us
[2026-04-03T02:25:29.248+0600][91.752s][info][gc,stats    ]   Roots                            3855 us, parallelism: 2.70x
[2026-04-03T02:25:29.249+0600][91.752s][info][gc,stats    ]     CWR: <total>                  10417 us
[2026-04-03T02:25:29.249+0600][91.752s][info][gc,stats    ]     CWR: Code Cache Roots          7690 us, workers (us): 2512, 2624, 2553, ---, ---, ---, 
[2026-04-03T02:25:29.249+0600][91.752s][info][gc,stats    ]     CWR: VM Weak Roots             2616 us, workers (us): 899, 859, 857, ---, ---, ---, 
[2026-04-03T02:25:29.249+0600][91.752s][info][gc,stats    ]     CWR: CLDG Roots                 111 us, workers (us): ---, ---, 111, ---, ---, ---, 
[2026-04-03T02:25:29.249+0600][91.752s][info][gc,stats    ]   Rendezvous                        324 us
[2026-04-03T02:25:29.249+0600][91.752s][info][gc,stats    ] Concurrent Cleanup                  840 us
[2026-04-03T02:25:29.249+0600][91.752s][info][gc,stats    ] Concurrent Class Unloading        14867 us
[2026-04-03T02:25:29.249+0600][91.752s][info][gc,stats    ]   Unlink Stale                    13790 us
[2026-04-03T02:25:29.249+0600][91.752s][info][gc,stats    ]     System Dictionary               232 us
[2026-04-03T02:25:29.249+0600][91.752s][info][gc,stats    ]     Weak Class Links                  0 us
[2026-04-03T02:25:29.249+0600][91.752s][info][gc,stats    ]     Code Roots                    13553 us
[2026-04-03T02:25:29.249+0600][91.752s][info][gc,stats    ]   Rendezvous                        333 us
[2026-04-03T02:25:29.249+0600][91.752s][info][gc,stats    ]   Purge Unlinked                    534 us
[2026-04-03T02:25:29.249+0600][91.752s][info][gc,stats    ]     Code Roots                      515 us
[2026-04-03T02:25:29.249+0600][91.752s][info][gc,stats    ]     CLDG                             19 us
[2026-04-03T02:25:29.249+0600][91.752s][info][gc,stats    ]     Exception Caches                  0 us
[2026-04-03T02:25:29.249+0600][91.752s][info][gc,stats    ] Concurrent Strong Roots            1230 us, parallelism: 0.65x
[2026-04-03T02:25:29.249+0600][91.752s][info][gc,stats    ]   CSR: <total>                      794 us
[2026-04-03T02:25:29.249+0600][91.752s][info][gc,stats    ]   CSR: VM Strong Roots               65 us, workers (us):  31,  15,  19, ---, ---, ---, 
[2026-04-03T02:25:29.249+0600][91.752s][info][gc,stats    ]   CSR: CLDG Roots                   730 us, workers (us): ---, 730, ---, ---, ---, ---, 
[2026-04-03T02:25:29.249+0600][91.752s][info][gc,stats    ] Concurrent Evacuation              2526 us
[2026-04-03T02:25:29.249+0600][91.752s][info][gc,stats    ] Pause Init Update Refs (G)          413 us
[2026-04-03T02:25:29.249+0600][91.752s][info][gc,stats    ] Pause Init Update Refs (N)          155 us
[2026-04-03T02:25:29.249+0600][91.752s][info][gc,stats    ]   Manage GCLABs                      38 us
[2026-04-03T02:25:29.249+0600][91.752s][info][gc,stats    ] Concurrent Update Refs            45914 us
[2026-04-03T02:25:29.249+0600][91.752s][info][gc,stats    ] Concurrent Update Thread Roots     1402 us
[2026-04-03T02:25:29.249+0600][91.752s][info][gc,stats    ] Pause Final Update Refs (G)         641 us
[2026-04-03T02:25:29.249+0600][91.752s][info][gc,stats    ] Pause Final Update Refs (N)         320 us
[2026-04-03T02:25:29.249+0600][91.752s][info][gc,stats    ]   Update Region States              106 us
[2026-04-03T02:25:29.249+0600][91.752s][info][gc,stats    ]   Trash Collection Set               22 us
[2026-04-03T02:25:29.249+0600][91.752s][info][gc,stats    ]   Rebuild Free Set                   59 us
[2026-04-03T02:25:29.249+0600][91.752s][info][gc,stats    ] Concurrent Cleanup                  960 us
[2026-04-03T02:25:29.249+0600][91.752s][info][gc,stats    ] Pacing                            44050 us
[2026-04-03T02:25:29.249+0600][91.752s][info][gc,stats    ] 
[2026-04-03T02:25:29.249+0600][91.752s][info][gc,stats    ] Allocation pacing accrued:
[2026-04-03T02:25:29.249+0600][91.752s][info][gc,stats    ]       5 of   688 ms (  0.7%): Executor task launch worker for task 7.0 in stage 4321.0 (TID 8044)
[2026-04-03T02:25:29.249+0600][91.752s][info][gc,stats    ]      13 of   688 ms (  1.9%): Executor task launch worker for task 3.0 in stage 4321.0 (TID 8040)
[2026-04-03T02:25:29.249+0600][91.752s][info][gc,stats    ]      13 of   688 ms (  1.9%): Executor task launch worker for task 5.0 in stage 4321.0 (TID 8042)
[2026-04-03T02:25:29.249+0600][91.752s][info][gc,stats    ]       4 of   688 ms (  0.6%): task-result-getter-0
[2026-04-03T02:25:29.249+0600][91.752s][info][gc,stats    ]       9 of   688 ms (  1.3%): task-result-getter-2
[2026-04-03T02:25:29.249+0600][91.752s][info][gc,stats    ]      44 of   688 ms (  6.4%): <total>
[2026-04-03T02:25:29.249+0600][91.752s][info][gc,stats    ]       0 of   688 ms (  0.0%): <average total>
[2026-04-03T02:25:29.249+0600][91.752s][info][gc,stats    ]       9 of   688 ms (  1.3%): <average non-zero>
[2026-04-03T02:25:29.249+0600][91.752s][info][gc,stats    ] 
[2026-04-03T02:25:29.249+0600][91.752s][info][gc,metaspace] Metaspace: 131731K(133056K)->131731K(133056K) NonClass: 115232K(115904K)->115232K(115904K) Class: 16498K(17152K)->16498K(17152K)
[2026-04-03T02:25:29.249+0600][91.752s][info][gc,ergo     ] Pacer for Idle. Initial: 20480K, Alloc Tax Rate: 1.0x
[2026-04-03T02:25:29.754+0600][92.257s][info][gc          ] Trigger: Average GC time (144.84 ms) is above the time for average allocation rate (1022 MB/s) to deplete free headroom (147M) (margin of error = 1.86)
[2026-04-03T02:25:29.754+0600][92.257s][info][gc,ergo     ] Free headroom: 197M (free) - 51200K (spike) - 0B (penalties) = 147M
[2026-04-03T02:25:29.754+0600][92.257s][info][gc,ergo     ] Free: 197M, Max: 256K regular, 180M humongous, Frag: 9% external, 1% internal; Reserve: 51200K, Max: 256K
[2026-04-03T02:25:29.754+0600][92.257s][info][gc,start    ] GC(129) Concurrent reset
[2026-04-03T02:25:29.754+0600][92.257s][info][gc,task     ] GC(129) Using 3 of 6 workers for concurrent reset
[2026-04-03T02:25:29.754+0600][92.257s][info][gc,ergo     ] GC(129) Pacer for Reset. Non-Taxable: 1000M
[2026-04-03T02:25:29.755+0600][92.258s][info][gc          ] GC(129) Concurrent reset 1.167ms
[2026-04-03T02:25:29.755+0600][92.258s][info][gc,start    ] GC(129) Pause Init Mark (unload classes)
[2026-04-03T02:25:29.755+0600][92.259s][info][gc,task     ] GC(129) Using 6 of 6 workers for init marking
[2026-04-03T02:25:29.755+0600][92.259s][info][gc,ergo     ] GC(129) Pacer for Mark. Expected Live: 97196K, Free: 195M, Non-Taxable: 20042K, Alloc Tax Rate: 0.6x
[2026-04-03T02:25:29.755+0600][92.259s][info][gc          ] GC(129) Pause Init Mark (unload classes) 0.167ms
[2026-04-03T02:25:29.755+0600][92.259s][info][gc,start    ] GC(129) Concurrent marking roots
[2026-04-03T02:25:29.756+0600][92.259s][info][gc,task     ] GC(129) Using 3 of 6 workers for concurrent marking roots
[2026-04-03T02:25:29.758+0600][92.261s][info][gc          ] GC(129) Concurrent marking roots 2.633ms
[2026-04-03T02:25:29.758+0600][92.262s][info][gc,start    ] GC(129) Concurrent marking (unload classes)
[2026-04-03T02:25:29.758+0600][92.262s][info][gc,task     ] GC(129) Using 3 of 6 workers for concurrent marking
[2026-04-03T02:25:29.821+0600][92.325s][info][gc          ] GC(129) Concurrent marking (unload classes) 63.072ms
[2026-04-03T02:25:29.822+0600][92.325s][info][gc,start    ] GC(129) Pause Final Mark (unload classes)
[2026-04-03T02:25:29.822+0600][92.325s][info][gc,task     ] GC(129) Using 6 of 6 workers for final marking
[2026-04-03T02:25:29.822+0600][92.325s][info][gc,ergo     ] GC(129) Adaptive CSet Selection. Target Free: 141M, Actual Free: 708M, Max CSet: 42666K, Min Garbage: 0B
[2026-04-03T02:25:29.822+0600][92.326s][info][gc,ergo     ] GC(129) Collectable Garbage: 612M (98%), Immediate: 496M (79%), CSet: 115M (18%)
[2026-04-03T02:25:29.822+0600][92.326s][info][gc,ergo     ] GC(129) Pacer for Evacuation. Used CSet: 122M, Free: 695M, Non-Taxable: 71197K, Alloc Tax Rate: 1.1x
[2026-04-03T02:25:29.823+0600][92.326s][info][gc          ] GC(129) Pause Final Mark (unload classes) 0.957ms
[2026-04-03T02:25:29.823+0600][92.326s][info][gc,start    ] GC(129) Concurrent thread roots
[2026-04-03T02:25:29.823+0600][92.326s][info][gc,task     ] GC(129) Using 3 of 6 workers for Concurrent thread roots
[2026-04-03T02:25:29.824+0600][92.327s][info][gc          ] GC(129) Concurrent thread roots 1.060ms
[2026-04-03T02:25:29.824+0600][92.327s][info][gc,start    ] GC(129) Concurrent weak references
[2026-04-03T02:25:29.824+0600][92.327s][info][gc,task     ] GC(129) Using 3 of 6 workers for concurrent weak references
[2026-04-03T02:25:29.825+0600][92.328s][info][gc,ref      ] GC(129) Encountered references: Soft: 3792, Weak: 16635, Final: 84, Phantom: 620
[2026-04-03T02:25:29.825+0600][92.328s][info][gc,ref      ] GC(129) Discovered  references: Soft: 0, Weak: 9887, Final: 1, Phantom: 613
[2026-04-03T02:25:29.825+0600][92.328s][info][gc,ref      ] GC(129) Enqueued    references: Soft: 0, Weak: 1739, Final: 0, Phantom: 0
[2026-04-03T02:25:29.825+0600][92.328s][info][gc          ] GC(129) Concurrent weak references 1.053ms
[2026-04-03T02:25:29.825+0600][92.328s][info][gc,start    ] GC(129) Concurrent weak roots
[2026-04-03T02:25:29.825+0600][92.328s][info][gc,task     ] GC(129) Using 3 of 6 workers for concurrent weak root
[2026-04-03T02:25:29.830+0600][92.334s][info][gc          ] GC(129) Concurrent weak roots 5.617ms
[2026-04-03T02:25:29.830+0600][92.334s][info][gc,start    ] GC(129) Concurrent cleanup
[2026-04-03T02:25:29.832+0600][92.335s][info][gc          ] GC(129) Concurrent cleanup 754M->258M(855M) 1.188ms
[2026-04-03T02:25:29.832+0600][92.335s][info][gc,ergo     ] GC(129) Free: 689M, Max: 256K regular, 156M humongous, Frag: 78% external, 0% internal; Reserve: 50764K, Max: 256K
[2026-04-03T02:25:29.832+0600][92.335s][info][gc,start    ] GC(129) Concurrent class unloading
[2026-04-03T02:25:29.832+0600][92.335s][info][gc,task     ] GC(129) Using 3 of 6 workers for concurrent class unloading
[2026-04-03T02:25:29.863+0600][92.366s][info][gc          ] GC(129) Concurrent class unloading 31.162ms
[2026-04-03T02:25:29.863+0600][92.366s][info][gc,start    ] GC(129) Concurrent strong roots
[2026-04-03T02:25:29.863+0600][92.366s][info][gc,task     ] GC(129) Using 3 of 6 workers for concurrent strong root
[2026-04-03T02:25:29.864+0600][92.367s][info][gc          ] GC(129) Concurrent strong roots 1.033ms
[2026-04-03T02:25:29.864+0600][92.367s][info][gc,start    ] GC(129) Concurrent evacuation
[2026-04-03T02:25:29.864+0600][92.367s][info][gc,task     ] GC(129) Using 3 of 6 workers for concurrent evacuation
[2026-04-03T02:25:29.869+0600][92.372s][info][gc          ] GC(129) Concurrent evacuation 4.868ms
[2026-04-03T02:25:29.869+0600][92.373s][info][gc,start    ] GC(129) Pause Init Update Refs
[2026-04-03T02:25:29.869+0600][92.373s][info][gc,ergo     ] GC(129) Pacer for Update Refs. Used: 300M, Free: 653M, Non-Taxable: 66948K, Alloc Tax Rate: 1.1x
[2026-04-03T02:25:29.869+0600][92.373s][info][gc          ] GC(129) Pause Init Update Refs 0.131ms
[2026-04-03T02:25:29.869+0600][92.373s][info][gc,start    ] GC(129) Concurrent update references
[2026-04-03T02:25:29.869+0600][92.373s][info][gc,task     ] GC(129) Using 3 of 6 workers for concurrent reference update
[2026-04-03T02:25:29.922+0600][92.426s][info][gc          ] GC(129) Concurrent update references 52.811ms
[2026-04-03T02:25:29.922+0600][92.426s][info][gc,start    ] GC(129) Concurrent update thread roots
[2026-04-03T02:25:29.924+0600][92.427s][info][gc          ] GC(129) Concurrent update thread roots 1.671ms
[2026-04-03T02:25:29.924+0600][92.427s][info][gc,start    ] GC(129) Pause Final Update Refs
[2026-04-03T02:25:29.924+0600][92.428s][info][gc,task     ] GC(129) Using 6 of 6 workers for final reference update
[2026-04-03T02:25:29.924+0600][92.428s][info][gc          ] GC(129) Pause Final Update Refs 0.245ms
[2026-04-03T02:25:29.924+0600][92.428s][info][gc,start    ] GC(129) Concurrent cleanup
[2026-04-03T02:25:29.925+0600][92.429s][info][gc          ] GC(129) Concurrent cleanup 343M->221M(855M) 0.920ms
[2026-04-03T02:25:29.926+0600][92.429s][info][gc,ergo     ] Free: 723M, Max: 256K regular, 258M humongous, Frag: 65% external, 0% internal; Reserve: 51200K, Max: 256K
[2026-04-03T02:25:29.926+0600][92.429s][info][gc,stats    ] 
[2026-04-03T02:25:29.926+0600][92.429s][info][gc,stats    ] All times are wall-clock times, except per-root-class counters, that are sum over
[2026-04-03T02:25:29.926+0600][92.429s][info][gc,stats    ] all workers. Dividing the <total> over the root stage time estimates parallelism.
[2026-04-03T02:25:29.926+0600][92.429s][info][gc,stats    ] 
[2026-04-03T02:25:29.926+0600][92.429s][info][gc,stats    ] Concurrent Reset                   1212 us
[2026-04-03T02:25:29.926+0600][92.429s][info][gc,stats    ] Pause Init Mark (G)                 476 us
[2026-04-03T02:25:29.926+0600][92.429s][info][gc,stats    ] Pause Init Mark (N)                 182 us
[2026-04-03T02:25:29.926+0600][92.429s][info][gc,stats    ]   Update Region States               48 us
[2026-04-03T02:25:29.926+0600][92.429s][info][gc,stats    ] Concurrent Mark Roots              2764 us, parallelism: 1.61x
[2026-04-03T02:25:29.926+0600][92.429s][info][gc,stats    ]   CMR: <total>                     4448 us
[2026-04-03T02:25:29.926+0600][92.429s][info][gc,stats    ]   CMR: Thread Roots                3986 us, workers (us): 1462, 1384, 1140, ---, ---, ---, 
[2026-04-03T02:25:29.926+0600][92.429s][info][gc,stats    ]   CMR: VM Strong Roots               50 us, workers (us):  47,   1,   2, ---, ---, ---, 
[2026-04-03T02:25:29.926+0600][92.429s][info][gc,stats    ]   CMR: CLDG Roots                   413 us, workers (us): 413, ---, ---, ---, ---, ---, 
[2026-04-03T02:25:29.926+0600][92.429s][info][gc,stats    ] Concurrent Marking                63156 us
[2026-04-03T02:25:29.926+0600][92.429s][info][gc,stats    ] Pause Final Mark (G)               1147 us
[2026-04-03T02:25:29.926+0600][92.429s][info][gc,stats    ] Pause Final Mark (N)                971 us
[2026-04-03T02:25:29.926+0600][92.429s][info][gc,stats    ]   Finish Mark                       386 us
[2026-04-03T02:25:29.926+0600][92.429s][info][gc,stats    ]   Update Region States               80 us
[2026-04-03T02:25:29.926+0600][92.429s][info][gc,stats    ]   Choose Collection Set             340 us
[2026-04-03T02:25:29.926+0600][92.429s][info][gc,stats    ]   Rebuild Free Set                   49 us
[2026-04-03T02:25:29.926+0600][92.429s][info][gc,stats    ] Concurrent Thread Roots            1098 us, parallelism: 2.23x
[2026-04-03T02:25:29.926+0600][92.429s][info][gc,stats    ]   CTR: <total>                     2453 us
[2026-04-03T02:25:29.926+0600][92.429s][info][gc,stats    ]   CTR: Thread Roots                2453 us, workers (us): 904, 777, 772, ---, ---, ---, 
[2026-04-03T02:25:29.926+0600][92.429s][info][gc,stats    ] Concurrent Weak References         1067 us, parallelism: 1.17x
[2026-04-03T02:25:29.926+0600][92.429s][info][gc,stats    ]   CWRF: <total>                    1247 us
[2026-04-03T02:25:29.926+0600][92.429s][info][gc,stats    ]   CWRF: Weak References            1247 us, workers (us): 808, 264, 176, ---, ---, ---, 
[2026-04-03T02:25:29.926+0600][92.429s][info][gc,stats    ] Concurrent Weak Roots              5723 us
[2026-04-03T02:25:29.926+0600][92.429s][info][gc,stats    ]   Roots                            4944 us, parallelism: 2.73x
[2026-04-03T02:25:29.926+0600][92.429s][info][gc,stats    ]     CWR: <total>                  13478 us
[2026-04-03T02:25:29.926+0600][92.429s][info][gc,stats    ]     CWR: Code Cache Roots         10716 us, workers (us): 3669, 3600, 3447, ---, ---, ---, 
[2026-04-03T02:25:29.926+0600][92.429s][info][gc,stats    ]     CWR: VM Weak Roots             2643 us, workers (us): 930, 856, 856, ---, ---, ---, 
[2026-04-03T02:25:29.926+0600][92.429s][info][gc,stats    ]     CWR: CLDG Roots                 119 us, workers (us): ---, ---, 119, ---, ---, ---, 
[2026-04-03T02:25:29.926+0600][92.429s][info][gc,stats    ]   Rendezvous                        641 us
[2026-04-03T02:25:29.926+0600][92.429s][info][gc,stats    ] Concurrent Cleanup                 1266 us
[2026-04-03T02:25:29.926+0600][92.429s][info][gc,stats    ] Concurrent Class Unloading        31250 us
[2026-04-03T02:25:29.926+0600][92.429s][info][gc,stats    ]   Unlink Stale                    30095 us
[2026-04-03T02:25:29.926+0600][92.429s][info][gc,stats    ]     System Dictionary               285 us
[2026-04-03T02:25:29.926+0600][92.429s][info][gc,stats    ]     Weak Class Links                  0 us
[2026-04-03T02:25:29.926+0600][92.429s][info][gc,stats    ]     Code Roots                    29807 us
[2026-04-03T02:25:29.926+0600][92.429s][info][gc,stats    ]   Rendezvous                        464 us
[2026-04-03T02:25:29.926+0600][92.429s][info][gc,stats    ]   Purge Unlinked                    569 us
[2026-04-03T02:25:29.926+0600][92.429s][info][gc,stats    ]     Code Roots                      549 us
[2026-04-03T02:25:29.926+0600][92.429s][info][gc,stats    ]     CLDG                             18 us
[2026-04-03T02:25:29.926+0600][92.429s][info][gc,stats    ]     Exception Caches                  0 us
[2026-04-03T02:25:29.926+0600][92.429s][info][gc,stats    ] Concurrent Strong Roots            1069 us, parallelism: 0.62x
[2026-04-03T02:25:29.926+0600][92.429s][info][gc,stats    ]   CSR: <total>                      663 us
[2026-04-03T02:25:29.926+0600][92.429s][info][gc,stats    ]   CSR: VM Strong Roots               56 us, workers (us):  32,  24,   0, ---, ---, ---, 
[2026-04-03T02:25:29.926+0600][92.429s][info][gc,stats    ]   CSR: CLDG Roots                   607 us, workers (us): 607, ---, ---, ---, ---, ---, 
[2026-04-03T02:25:29.926+0600][92.429s][info][gc,stats    ] Concurrent Evacuation              4945 us
[2026-04-03T02:25:29.926+0600][92.429s][info][gc,stats    ] Pause Init Update Refs (G)          317 us
[2026-04-03T02:25:29.926+0600][92.429s][info][gc,stats    ] Pause Init Update Refs (N)          147 us
[2026-04-03T02:25:29.926+0600][92.429s][info][gc,stats    ]   Manage GCLABs                      51 us
[2026-04-03T02:25:29.926+0600][92.429s][info][gc,stats    ] Concurrent Update Refs            52889 us
[2026-04-03T02:25:29.926+0600][92.430s][info][gc,stats    ] Concurrent Update Thread Roots     1731 us
[2026-04-03T02:25:29.926+0600][92.430s][info][gc,stats    ] Pause Final Update Refs (G)         457 us
[2026-04-03T02:25:29.926+0600][92.430s][info][gc,stats    ] Pause Final Update Refs (N)         282 us
[2026-04-03T02:25:29.926+0600][92.430s][info][gc,stats    ]   Update Region States               78 us
[2026-04-03T02:25:29.926+0600][92.430s][info][gc,stats    ]   Trash Collection Set               25 us
[2026-04-03T02:25:29.926+0600][92.430s][info][gc,stats    ]   Rebuild Free Set                   60 us
[2026-04-03T02:25:29.926+0600][92.430s][info][gc,stats    ] Concurrent Cleanup                  951 us
[2026-04-03T02:25:29.926+0600][92.430s][info][gc,stats    ] Pacing                           265294 us
[2026-04-03T02:25:29.926+0600][92.430s][info][gc,stats    ] 
[2026-04-03T02:25:29.926+0600][92.430s][info][gc,stats    ] Allocation pacing accrued:
[2026-04-03T02:25:29.926+0600][92.430s][info][gc,stats    ]      33 of   677 ms (  4.8%): Executor task launch worker for task 6.0 in stage 4432.0 (TID 8139)
[2026-04-03T02:25:29.926+0600][92.430s][info][gc,stats    ]      32 of   677 ms (  4.8%): Executor task launch worker for task 0.0 in stage 4432.0 (TID 8133)
[2026-04-03T02:25:29.926+0600][92.430s][info][gc,stats    ]      33 of   677 ms (  4.8%): Executor task launch worker for task 7.0 in stage 4432.0 (TID 8140)
[2026-04-03T02:25:29.926+0600][92.430s][info][gc,stats    ]      32 of   677 ms (  4.8%): Executor task launch worker for task 4.0 in stage 4432.0 (TID 8137)
[2026-04-03T02:25:29.926+0600][92.430s][info][gc,stats    ]      36 of   677 ms (  5.3%): Executor task launch worker for task 2.0 in stage 4432.0 (TID 8135)
[2026-04-03T02:25:29.926+0600][92.430s][info][gc,stats    ]      32 of   677 ms (  4.8%): Executor task launch worker for task 3.0 in stage 4432.0 (TID 8136)
[2026-04-03T02:25:29.926+0600][92.430s][info][gc,stats    ]      33 of   677 ms (  4.8%): Executor task launch worker for task 5.0 in stage 4432.0 (TID 8138)
[2026-04-03T02:25:29.926+0600][92.430s][info][gc,stats    ]      35 of   677 ms (  5.2%): Executor task launch worker for task 1.0 in stage 4432.0 (TID 8134)
[2026-04-03T02:25:29.926+0600][92.430s][info][gc,stats    ]     265 of   677 ms ( 39.2%): <total>
[2026-04-03T02:25:29.926+0600][92.430s][info][gc,stats    ]       1 of   677 ms (  0.1%): <average total>
[2026-04-03T02:25:29.926+0600][92.430s][info][gc,stats    ]      33 of   677 ms (  4.9%): <average non-zero>
[2026-04-03T02:25:29.926+0600][92.430s][info][gc,stats    ] 
[2026-04-03T02:25:29.926+0600][92.430s][info][gc,metaspace] Metaspace: 131732K(133056K)->131733K(133056K) NonClass: 115233K(115904K)->115234K(115904K) Class: 16498K(17152K)->16498K(17152K)
[2026-04-03T02:25:29.927+0600][92.430s][info][gc,ergo     ] Pacer for Idle. Initial: 20480K, Alloc Tax Rate: 1.0x
[2026-04-03T02:25:30.123+0600][92.626s][info][gc          ] Trigger: Average GC time (188.64 ms) is above the time for average allocation rate (1005 MB/s) to deplete free headroom (187M) (margin of error = 1.86)
[2026-04-03T02:25:30.123+0600][92.626s][info][gc,ergo     ] Free headroom: 237M (free) - 51200K (spike) - 0B (penalties) = 187M
[2026-04-03T02:25:30.123+0600][92.626s][info][gc,ergo     ] Free: 237M, Max: 256K regular, 152M humongous, Frag: 36% external, 0% internal; Reserve: 51200K, Max: 256K
[2026-04-03T02:25:30.123+0600][92.626s][info][gc,start    ] GC(130) Concurrent reset
[2026-04-03T02:25:30.123+0600][92.626s][info][gc,task     ] GC(130) Using 3 of 6 workers for concurrent reset
[2026-04-03T02:25:30.123+0600][92.626s][info][gc,ergo     ] GC(130) Pacer for Reset. Non-Taxable: 1000M
[2026-04-03T02:25:30.124+0600][92.627s][info][gc          ] GC(130) Concurrent reset 1.064ms
[2026-04-03T02:25:30.124+0600][92.628s][info][gc,start    ] GC(130) Pause Init Mark (unload classes)
[2026-04-03T02:25:30.124+0600][92.628s][info][gc,task     ] GC(130) Using 6 of 6 workers for init marking
[2026-04-03T02:25:30.124+0600][92.628s][info][gc,ergo     ] GC(130) Pacer for Mark. Expected Live: 97373K, Free: 234M, Non-Taxable: 24022K, Alloc Tax Rate: 0.5x
[2026-04-03T02:25:30.125+0600][92.628s][info][gc          ] GC(130) Pause Init Mark (unload classes) 0.137ms
[2026-04-03T02:25:30.125+0600][92.628s][info][gc,start    ] GC(130) Concurrent marking roots
[2026-04-03T02:25:30.125+0600][92.628s][info][gc,task     ] GC(130) Using 3 of 6 workers for concurrent marking roots
[2026-04-03T02:25:30.126+0600][92.629s][info][gc          ] GC(130) Concurrent marking roots 1.504ms
[2026-04-03T02:25:30.126+0600][92.629s][info][gc,start    ] GC(130) Concurrent marking (unload classes)
[2026-04-03T02:25:30.126+0600][92.629s][info][gc,task     ] GC(130) Using 3 of 6 workers for concurrent marking
[2026-04-03T02:25:30.175+0600][92.678s][info][gc          ] GC(130) Concurrent marking (unload classes) 48.911ms
[2026-04-03T02:25:30.175+0600][92.679s][info][gc,start    ] GC(130) Pause Final Mark (unload classes)
[2026-04-03T02:25:30.175+0600][92.679s][info][gc,task     ] GC(130) Using 6 of 6 workers for final marking
[2026-04-03T02:25:30.176+0600][92.679s][info][gc,ergo     ] GC(130) Adaptive CSet Selection. Target Free: 141M, Actual Free: 780M, Max CSet: 42666K, Min Garbage: 0B
[2026-04-03T02:25:30.176+0600][92.679s][info][gc,ergo     ] GC(130) Collectable Garbage: 582M (98%), Immediate: 532M (90%), CSet: 50635K (8%)
[2026-04-03T02:25:30.176+0600][92.679s][info][gc,ergo     ] GC(130) Pacer for Evacuation. Used CSet: 55700K, Free: 759M, Non-Taxable: 77816K, Alloc Tax Rate: 1.1x
[2026-04-03T02:25:30.176+0600][92.679s][info][gc          ] GC(130) Pause Final Mark (unload classes) 0.631ms
[2026-04-03T02:25:30.176+0600][92.679s][info][gc,start    ] GC(130) Concurrent thread roots
[2026-04-03T02:25:30.176+0600][92.679s][info][gc,task     ] GC(130) Using 3 of 6 workers for Concurrent thread roots
[2026-04-03T02:25:30.177+0600][92.680s][info][gc          ] GC(130) Concurrent thread roots 0.991ms
[2026-04-03T02:25:30.177+0600][92.680s][info][gc,start    ] GC(130) Concurrent weak references
[2026-04-03T02:25:30.177+0600][92.680s][info][gc,task     ] GC(130) Using 3 of 6 workers for concurrent weak references
[2026-04-03T02:25:30.178+0600][92.681s][info][gc,ref      ] GC(130) Encountered references: Soft: 3792, Weak: 15342, Final: 84, Phantom: 620
[2026-04-03T02:25:30.178+0600][92.681s][info][gc,ref      ] GC(130) Discovered  references: Soft: 0, Weak: 8656, Final: 52, Phantom: 616
[2026-04-03T02:25:30.178+0600][92.681s][info][gc,ref      ] GC(130) Enqueued    references: Soft: 0, Weak: 572, Final: 0, Phantom: 0
[2026-04-03T02:25:30.178+0600][92.682s][info][gc          ] GC(130) Concurrent weak references 1.169ms
[2026-04-03T02:25:30.178+0600][92.682s][info][gc,start    ] GC(130) Concurrent weak roots
[2026-04-03T02:25:30.178+0600][92.682s][info][gc,task     ] GC(130) Using 3 of 6 workers for concurrent weak root
[2026-04-03T02:25:30.184+0600][92.688s][info][gc          ] GC(130) Concurrent weak roots 6.240ms
[2026-04-03T02:25:30.185+0600][92.688s][info][gc,start    ] GC(130) Concurrent cleanup
[2026-04-03T02:25:30.186+0600][92.689s][info][gc          ] GC(130) Concurrent cleanup 795M->262M(855M) 0.995ms
[2026-04-03T02:25:30.186+0600][92.689s][info][gc,ergo     ] GC(130) Free: 677M, Max: 256K regular, 220M humongous, Frag: 68% external, 0% internal; Reserve: 50617K, Max: 256K
[2026-04-03T02:25:30.186+0600][92.689s][info][gc,start    ] GC(130) Concurrent class unloading
[2026-04-03T02:25:30.186+0600][92.689s][info][gc,task     ] GC(130) Using 3 of 6 workers for concurrent class unloading
[2026-04-03T02:25:30.199+0600][92.702s][info][gc          ] GC(130) Concurrent class unloading 13.246ms
[2026-04-03T02:25:30.199+0600][92.702s][info][gc,start    ] GC(130) Concurrent strong roots
[2026-04-03T02:25:30.199+0600][92.702s][info][gc,task     ] GC(130) Using 3 of 6 workers for concurrent strong root
[2026-04-03T02:25:30.200+0600][92.703s][info][gc          ] GC(130) Concurrent strong roots 0.930ms
[2026-04-03T02:25:30.200+0600][92.703s][info][gc,start    ] GC(130) Concurrent evacuation
[2026-04-03T02:25:30.200+0600][92.703s][info][gc,task     ] GC(130) Using 3 of 6 workers for concurrent evacuation
[2026-04-03T02:25:30.201+0600][92.705s][info][gc          ] GC(130) Concurrent evacuation 1.441ms
[2026-04-03T02:25:30.201+0600][92.705s][info][gc,start    ] GC(130) Pause Init Update Refs
[2026-04-03T02:25:30.202+0600][92.705s][info][gc,ergo     ] GC(130) Pacer for Update Refs. Used: 272M, Free: 672M, Non-Taxable: 68851K, Alloc Tax Rate: 1.1x
[2026-04-03T02:25:30.202+0600][92.705s][info][gc          ] GC(130) Pause Init Update Refs 0.089ms
[2026-04-03T02:25:30.202+0600][92.705s][info][gc,start    ] GC(130) Concurrent update references
[2026-04-03T02:25:30.202+0600][92.705s][info][gc,task     ] GC(130) Using 3 of 6 workers for concurrent reference update
[2026-04-03T02:25:30.247+0600][92.751s][info][gc          ] GC(130) Concurrent update references 45.700ms
[2026-04-03T02:25:30.247+0600][92.751s][info][gc,start    ] GC(130) Concurrent update thread roots
[2026-04-03T02:25:30.249+0600][92.752s][info][gc          ] GC(130) Concurrent update thread roots 1.520ms
[2026-04-03T02:25:30.249+0600][92.752s][info][gc,start    ] GC(130) Pause Final Update Refs
[2026-04-03T02:25:30.249+0600][92.752s][info][gc,task     ] GC(130) Using 6 of 6 workers for final reference update
[2026-04-03T02:25:30.249+0600][92.753s][info][gc          ] GC(130) Pause Final Update Refs 0.227ms
[2026-04-03T02:25:30.249+0600][92.753s][info][gc,start    ] GC(130) Concurrent cleanup
[2026-04-03T02:25:30.250+0600][92.753s][info][gc          ] GC(130) Concurrent cleanup 476M->422M(855M) 0.754ms
[2026-04-03T02:25:30.250+0600][92.754s][info][gc,ergo     ] Free: 505M, Max: 256K regular, 145M humongous, Frag: 72% external, 1% internal; Reserve: 51200K, Max: 256K
[2026-04-03T02:25:30.250+0600][92.754s][info][gc,stats    ] 
[2026-04-03T02:25:30.250+0600][92.754s][info][gc,stats    ] All times are wall-clock times, except per-root-class counters, that are sum over
[2026-04-03T02:25:30.250+0600][92.754s][info][gc,stats    ] all workers. Dividing the <total> over the root stage time estimates parallelism.
[2026-04-03T02:25:30.250+0600][92.754s][info][gc,stats    ] 
[2026-04-03T02:25:30.250+0600][92.754s][info][gc,stats    ] Concurrent Reset                   1107 us
[2026-04-03T02:25:30.250+0600][92.754s][info][gc,stats    ] Pause Init Mark (G)                 484 us
[2026-04-03T02:25:30.250+0600][92.754s][info][gc,stats    ] Pause Init Mark (N)                 146 us
[2026-04-03T02:25:30.250+0600][92.754s][info][gc,stats    ]   Update Region States               35 us
[2026-04-03T02:25:30.250+0600][92.754s][info][gc,stats    ] Concurrent Mark Roots              1551 us, parallelism: 1.85x
[2026-04-03T02:25:30.250+0600][92.754s][info][gc,stats    ]   CMR: <total>                     2868 us
[2026-04-03T02:25:30.250+0600][92.754s][info][gc,stats    ]   CMR: Thread Roots                2392 us, workers (us): 1038, 631, 723, ---, ---, ---, 
[2026-04-03T02:25:30.250+0600][92.754s][info][gc,stats    ]   CMR: VM Strong Roots               55 us, workers (us):  34,  20,   0, ---, ---, ---, 
[2026-04-03T02:25:30.250+0600][92.754s][info][gc,stats    ]   CMR: CLDG Roots                   421 us, workers (us): ---, 421, ---, ---, ---, ---, 
[2026-04-03T02:25:30.250+0600][92.754s][info][gc,stats    ] Concurrent Marking                48993 us
[2026-04-03T02:25:30.250+0600][92.754s][info][gc,stats    ] Pause Final Mark (G)                873 us
[2026-04-03T02:25:30.250+0600][92.754s][info][gc,stats    ] Pause Final Mark (N)                641 us
[2026-04-03T02:25:30.250+0600][92.754s][info][gc,stats    ]   Finish Mark                       231 us
[2026-04-03T02:25:30.250+0600][92.754s][info][gc,stats    ]   Update Region States               61 us
[2026-04-03T02:25:30.250+0600][92.754s][info][gc,stats    ]   Choose Collection Set             222 us
[2026-04-03T02:25:30.250+0600][92.754s][info][gc,stats    ]   Rebuild Free Set                   45 us
[2026-04-03T02:25:30.250+0600][92.754s][info][gc,stats    ] Concurrent Thread Roots            1037 us, parallelism: 2.03x
[2026-04-03T02:25:30.250+0600][92.754s][info][gc,stats    ]   CTR: <total>                     2107 us
[2026-04-03T02:25:30.250+0600][92.754s][info][gc,stats    ]   CTR: Thread Roots                2107 us, workers (us): 744, 677, 686, ---, ---, ---, 
[2026-04-03T02:25:30.250+0600][92.754s][info][gc,stats    ] Concurrent Weak References         1181 us, parallelism: 0.93x
[2026-04-03T02:25:30.250+0600][92.754s][info][gc,stats    ]   CWRF: <total>                    1098 us
[2026-04-03T02:25:30.251+0600][92.754s][info][gc,stats    ]   CWRF: Weak References            1098 us, workers (us): 138, 889,  70, ---, ---, ---, 
[2026-04-03T02:25:30.251+0600][92.754s][info][gc,stats    ] Concurrent Weak Roots              6309 us
[2026-04-03T02:25:30.251+0600][92.754s][info][gc,stats    ]   Roots                            5787 us, parallelism: 2.73x
[2026-04-03T02:25:30.251+0600][92.754s][info][gc,stats    ]     CWR: <total>                  15825 us
[2026-04-03T02:25:30.251+0600][92.754s][info][gc,stats    ]     CWR: Code Cache Roots         12757 us, workers (us): 4230, 4068, 4459, ---, ---, ---, 
[2026-04-03T02:25:30.251+0600][92.754s][info][gc,stats    ]     CWR: VM Weak Roots             2825 us, workers (us): 976, 922, 927, ---, ---, ---, 
[2026-04-03T02:25:30.251+0600][92.754s][info][gc,stats    ]     CWR: CLDG Roots                 243 us, workers (us): ---, 243, ---, ---, ---, ---, 
[2026-04-03T02:25:30.251+0600][92.754s][info][gc,stats    ]   Rendezvous                        422 us
[2026-04-03T02:25:30.251+0600][92.754s][info][gc,stats    ] Concurrent Cleanup                 1011 us
[2026-04-03T02:25:30.251+0600][92.754s][info][gc,stats    ] Concurrent Class Unloading        13311 us
[2026-04-03T02:25:30.251+0600][92.754s][info][gc,stats    ]   Unlink Stale                    12318 us
[2026-04-03T02:25:30.251+0600][92.754s][info][gc,stats    ]     System Dictionary               277 us
[2026-04-03T02:25:30.251+0600][92.754s][info][gc,stats    ]     Weak Class Links                  0 us
[2026-04-03T02:25:30.251+0600][92.754s][info][gc,stats    ]     Code Roots                    12038 us
[2026-04-03T02:25:30.251+0600][92.754s][info][gc,stats    ]   Rendezvous                        421 us
[2026-04-03T02:25:30.251+0600][92.754s][info][gc,stats    ]   Purge Unlinked                    484 us
[2026-04-03T02:25:30.251+0600][92.754s][info][gc,stats    ]     Code Roots                      473 us
[2026-04-03T02:25:30.251+0600][92.754s][info][gc,stats    ]     CLDG                              9 us
[2026-04-03T02:25:30.251+0600][92.754s][info][gc,stats    ]     Exception Caches                  0 us
[2026-04-03T02:25:30.251+0600][92.754s][info][gc,stats    ] Concurrent Strong Roots             978 us, parallelism: 0.53x
[2026-04-03T02:25:30.251+0600][92.754s][info][gc,stats    ]   CSR: <total>                      521 us
[2026-04-03T02:25:30.251+0600][92.754s][info][gc,stats    ]   CSR: VM Strong Roots               29 us, workers (us):  27,   1,   0, ---, ---, ---, 
[2026-04-03T02:25:30.251+0600][92.754s][info][gc,stats    ]   CSR: CLDG Roots                   492 us, workers (us): 492, ---, ---, ---, ---, ---, 
[2026-04-03T02:25:30.251+0600][92.754s][info][gc,stats    ] Concurrent Evacuation              1469 us
[2026-04-03T02:25:30.251+0600][92.754s][info][gc,stats    ] Pause Init Update Refs (G)          203 us
[2026-04-03T02:25:30.251+0600][92.754s][info][gc,stats    ] Pause Init Update Refs (N)           98 us
[2026-04-03T02:25:30.251+0600][92.754s][info][gc,stats    ]   Manage GCLABs                      31 us
[2026-04-03T02:25:30.251+0600][92.754s][info][gc,stats    ] Concurrent Update Refs            45822 us
[2026-04-03T02:25:30.251+0600][92.754s][info][gc,stats    ] Concurrent Update Thread Roots     1592 us
[2026-04-03T02:25:30.251+0600][92.754s][info][gc,stats    ] Pause Final Update Refs (G)         448 us
[2026-04-03T02:25:30.251+0600][92.754s][info][gc,stats    ] Pause Final Update Refs (N)         255 us
[2026-04-03T02:25:30.251+0600][92.754s][info][gc,stats    ]   Update Region States               74 us
[2026-04-03T02:25:30.251+0600][92.754s][info][gc,stats    ]   Trash Collection Set               16 us
[2026-04-03T02:25:30.251+0600][92.754s][info][gc,stats    ]   Rebuild Free Set                   59 us
[2026-04-03T02:25:30.251+0600][92.754s][info][gc,stats    ] Concurrent Cleanup                  782 us
[2026-04-03T02:25:30.251+0600][92.754s][info][gc,stats    ] Pacing                           247078 us
[2026-04-03T02:25:30.251+0600][92.754s][info][gc,stats    ] 
[2026-04-03T02:25:30.251+0600][92.754s][info][gc,stats    ] Allocation pacing accrued:
[2026-04-03T02:25:30.251+0600][92.754s][info][gc,stats    ]      10 of   325 ms (  3.0%): RemoteBlock-temp-file-clean-thread
[2026-04-03T02:25:30.251+0600][92.754s][info][gc,stats    ]      37 of   325 ms ( 11.3%): Executor task launch worker for task 1.0 in stage 4448.0 (TID 8164)
[2026-04-03T02:25:30.251+0600][92.754s][info][gc,stats    ]      37 of   325 ms ( 11.4%): Executor task launch worker for task 3.0 in stage 4448.0 (TID 8166)
[2026-04-03T02:25:30.251+0600][92.754s][info][gc,stats    ]      37 of   325 ms ( 11.3%): Executor task launch worker for task 0.0 in stage 4448.0 (TID 8163)
[2026-04-03T02:25:30.251+0600][92.754s][info][gc,stats    ]      37 of   325 ms ( 11.4%): Executor task launch worker for task 2.0 in stage 4448.0 (TID 8165)
[2026-04-03T02:25:30.251+0600][92.754s][info][gc,stats    ]       9 of   325 ms (  2.7%): block-manager-storage-async-thread-pool-14
[2026-04-03T02:25:30.251+0600][92.754s][info][gc,stats    ]      21 of   325 ms (  6.6%): block-manager-storage-async-thread-pool-22
[2026-04-03T02:25:30.251+0600][92.754s][info][gc,stats    ]      21 of   325 ms (  6.6%): block-manager-storage-async-thread-pool-32
[2026-04-03T02:25:30.251+0600][92.754s][info][gc,stats    ]       9 of   325 ms (  2.7%): block-manager-storage-async-thread-pool-33
[2026-04-03T02:25:30.251+0600][92.754s][info][gc,stats    ]       9 of   325 ms (  2.7%): block-manager-storage-async-thread-pool-55
[2026-04-03T02:25:30.251+0600][92.754s][info][gc,stats    ]      21 of   325 ms (  6.6%): block-manager-storage-async-thread-pool-82
[2026-04-03T02:25:30.251+0600][92.754s][info][gc,stats    ]     247 of   325 ms ( 76.1%): <total>
[2026-04-03T02:25:30.251+0600][92.754s][info][gc,stats    ]       1 of   325 ms (  0.3%): <average total>
[2026-04-03T02:25:30.251+0600][92.754s][info][gc,stats    ]      22 of   325 ms (  6.9%): <average non-zero>
[2026-04-03T02:25:30.251+0600][92.754s][info][gc,stats    ] 
[2026-04-03T02:25:30.251+0600][92.754s][info][gc,metaspace] Metaspace: 131736K(133056K)->131736K(133056K) NonClass: 115237K(115904K)->115237K(115904K) Class: 16498K(17152K)->16498K(17152K)
[2026-04-03T02:25:30.251+0600][92.754s][info][gc,ergo     ] Pacer for Idle. Initial: 20480K, Alloc Tax Rate: 1.0x
[2026-04-03T02:25:30.252+0600][92.755s][info][gc          ] Trigger: Average GC time (175.13 ms) is above the time for instantaneous allocation rate (2677 MB/s) to deplete free headroom (454M) (spike threshold = 1.79)
[2026-04-03T02:25:30.252+0600][92.755s][info][gc,ergo     ] Free: 504M, Max: 256K regular, 145M humongous, Frag: 71% external, 1% internal; Reserve: 51200K, Max: 256K
[2026-04-03T02:25:30.252+0600][92.755s][info][gc,start    ] GC(131) Concurrent reset
[2026-04-03T02:25:30.252+0600][92.755s][info][gc,task     ] GC(131) Using 3 of 6 workers for concurrent reset
[2026-04-03T02:25:30.252+0600][92.755s][info][gc,ergo     ] GC(131) Pacer for Reset. Non-Taxable: 1000M
[2026-04-03T02:25:30.253+0600][92.757s][info][gc          ] GC(131) Concurrent reset 1.180ms
[2026-04-03T02:25:30.254+0600][92.757s][info][gc,start    ] GC(131) Pause Init Mark (unload classes)
[2026-04-03T02:25:30.254+0600][92.757s][info][gc,task     ] GC(131) Using 6 of 6 workers for init marking
[2026-04-03T02:25:30.254+0600][92.757s][info][gc,ergo     ] GC(131) Pacer for Mark. Expected Live: 97753K, Free: 504M, Non-Taxable: 51611K, Alloc Tax Rate: 0.2x
[2026-04-03T02:25:30.254+0600][92.757s][info][gc          ] GC(131) Pause Init Mark (unload classes) 0.165ms
[2026-04-03T02:25:30.254+0600][92.757s][info][gc,start    ] GC(131) Concurrent marking roots
[2026-04-03T02:25:30.254+0600][92.757s][info][gc,task     ] GC(131) Using 3 of 6 workers for concurrent marking roots
[2026-04-03T02:25:30.256+0600][92.759s][info][gc          ] GC(131) Concurrent marking roots 2.138ms
[2026-04-03T02:25:30.256+0600][92.759s][info][gc,start    ] GC(131) Concurrent marking (unload classes)
[2026-04-03T02:25:30.256+0600][92.759s][info][gc,task     ] GC(131) Using 3 of 6 workers for concurrent marking
[2026-04-03T02:25:30.311+0600][92.814s][info][gc          ] GC(131) Concurrent marking (unload classes) 54.555ms
[2026-04-03T02:25:30.311+0600][92.814s][info][gc,start    ] GC(131) Pause Final Mark (unload classes)
[2026-04-03T02:25:30.311+0600][92.814s][info][gc,task     ] GC(131) Using 6 of 6 workers for final marking
[2026-04-03T02:25:30.311+0600][92.815s][info][gc,ergo     ] GC(131) Adaptive CSet Selection. Target Free: 141M, Actual Free: 791M, Max CSet: 42666K, Min Garbage: 0B
[2026-04-03T02:25:30.312+0600][92.815s][info][gc,ergo     ] GC(131) Collectable Garbage: 326M (97%), Immediate: 300M (89%), CSet: 26262K (7%)
[2026-04-03T02:25:30.312+0600][92.815s][info][gc,ergo     ] GC(131) Pacer for Evacuation. Used CSet: 32084K, Free: 764M, Non-Taxable: 78329K, Alloc Tax Rate: 1.1x
[2026-04-03T02:25:30.312+0600][92.815s][info][gc          ] GC(131) Pause Final Mark (unload classes) 0.810ms
[2026-04-03T02:25:30.312+0600][92.815s][info][gc,start    ] GC(131) Concurrent thread roots
[2026-04-03T02:25:30.312+0600][92.815s][info][gc,task     ] GC(131) Using 3 of 6 workers for Concurrent thread roots
[2026-04-03T02:25:30.313+0600][92.816s][info][gc          ] GC(131) Concurrent thread roots 0.860ms
[2026-04-03T02:25:30.313+0600][92.816s][info][gc,start    ] GC(131) Concurrent weak references
[2026-04-03T02:25:30.313+0600][92.816s][info][gc,task     ] GC(131) Using 3 of 6 workers for concurrent weak references
[2026-04-03T02:25:30.313+0600][92.816s][info][gc,ref      ] GC(131) Encountered references: Soft: 3792, Weak: 14933, Final: 84, Phantom: 620
[2026-04-03T02:25:30.313+0600][92.816s][info][gc,ref      ] GC(131) Discovered  references: Soft: 0, Weak: 3760, Final: 0, Phantom: 615
[2026-04-03T02:25:30.313+0600][92.816s][info][gc,ref      ] GC(131) Enqueued    references: Soft: 0, Weak: 236, Final: 0, Phantom: 0
[2026-04-03T02:25:30.313+0600][92.816s][info][gc          ] GC(131) Concurrent weak references 0.404ms
[2026-04-03T02:25:30.313+0600][92.816s][info][gc,start    ] GC(131) Concurrent weak roots
[2026-04-03T02:25:30.313+0600][92.816s][info][gc,task     ] GC(131) Using 3 of 6 workers for concurrent weak root
[2026-04-03T02:25:30.317+0600][92.820s][info][gc          ] GC(131) Concurrent weak roots 4.000ms
[2026-04-03T02:25:30.317+0600][92.821s][info][gc,start    ] GC(131) Concurrent cleanup
[2026-04-03T02:25:30.318+0600][92.821s][info][gc          ] GC(131) Concurrent cleanup 482M->183M(855M) 0.864ms
[2026-04-03T02:25:30.318+0600][92.821s][info][gc,ergo     ] GC(131) Free: 762M, Max: 256K regular, 258M humongous, Frag: 67% external, 0% internal; Reserve: 51001K, Max: 256K
[2026-04-03T02:25:30.318+0600][92.821s][info][gc,start    ] GC(131) Concurrent class unloading
[2026-04-03T02:25:30.318+0600][92.821s][info][gc,task     ] GC(131) Using 3 of 6 workers for concurrent class unloading
[2026-04-03T02:25:30.332+0600][92.836s][info][gc          ] GC(131) Concurrent class unloading 14.093ms
[2026-04-03T02:25:30.332+0600][92.836s][info][gc,start    ] GC(131) Concurrent strong roots
[2026-04-03T02:25:30.332+0600][92.836s][info][gc,task     ] GC(131) Using 3 of 6 workers for concurrent strong root
[2026-04-03T02:25:30.334+0600][92.837s][info][gc          ] GC(131) Concurrent strong roots 1.227ms
[2026-04-03T02:25:30.334+0600][92.837s][info][gc,start    ] GC(131) Concurrent evacuation
[2026-04-03T02:25:30.334+0600][92.837s][info][gc,task     ] GC(131) Using 3 of 6 workers for concurrent evacuation
[2026-04-03T02:25:30.337+0600][92.840s][info][gc          ] GC(131) Concurrent evacuation 3.120ms
[2026-04-03T02:25:30.337+0600][92.840s][info][gc,start    ] GC(131) Pause Init Update Refs
[2026-04-03T02:25:30.337+0600][92.841s][info][gc,ergo     ] GC(131) Pacer for Update Refs. Used: 198M, Free: 752M, Non-Taxable: 77045K, Alloc Tax Rate: 1.1x
[2026-04-03T02:25:30.337+0600][92.841s][info][gc          ] GC(131) Pause Init Update Refs 0.148ms
[2026-04-03T02:25:30.337+0600][92.841s][info][gc,start    ] GC(131) Concurrent update references
[2026-04-03T02:25:30.338+0600][92.841s][info][gc,task     ] GC(131) Using 3 of 6 workers for concurrent reference update
[2026-04-03T02:25:30.395+0600][92.898s][info][gc          ] GC(131) Concurrent update references 57.403ms
[2026-04-03T02:25:30.395+0600][92.898s][info][gc,start    ] GC(131) Concurrent update thread roots
[2026-04-03T02:25:30.397+0600][92.900s][info][gc          ] GC(131) Concurrent update thread roots 1.669ms
[2026-04-03T02:25:30.397+0600][92.900s][info][gc,start    ] GC(131) Pause Final Update Refs
[2026-04-03T02:25:30.397+0600][92.900s][info][gc,task     ] GC(131) Using 6 of 6 workers for final reference update
[2026-04-03T02:25:30.397+0600][92.901s][info][gc          ] GC(131) Pause Final Update Refs 0.229ms
[2026-04-03T02:25:30.397+0600][92.901s][info][gc,start    ] GC(131) Concurrent cleanup
[2026-04-03T02:25:30.398+0600][92.901s][info][gc          ] GC(131) Concurrent cleanup 245M->214M(855M) 0.344ms
[2026-04-03T02:25:30.398+0600][92.901s][info][gc,ergo     ] Free: 726M, Max: 256K regular, 369M humongous, Frag: 49% external, 0% internal; Reserve: 51200K, Max: 256K
[2026-04-03T02:25:30.398+0600][92.901s][info][gc,stats    ] 
[2026-04-03T02:25:30.398+0600][92.901s][info][gc,stats    ] All times are wall-clock times, except per-root-class counters, that are sum over
[2026-04-03T02:25:30.398+0600][92.901s][info][gc,stats    ] all workers. Dividing the <total> over the root stage time estimates parallelism.
[2026-04-03T02:25:30.398+0600][92.901s][info][gc,stats    ] 
[2026-04-03T02:25:30.398+0600][92.901s][info][gc,stats    ] Concurrent Reset                   1275 us
[2026-04-03T02:25:30.398+0600][92.901s][info][gc,stats    ] Pause Init Mark (G)                 481 us
[2026-04-03T02:25:30.398+0600][92.901s][info][gc,stats    ] Pause Init Mark (N)                 175 us
[2026-04-03T02:25:30.398+0600][92.901s][info][gc,stats    ]   Update Region States               43 us
[2026-04-03T02:25:30.398+0600][92.901s][info][gc,stats    ] Concurrent Mark Roots              2194 us, parallelism: 2.03x
[2026-04-03T02:25:30.398+0600][92.901s][info][gc,stats    ]   CMR: <total>                     4454 us
[2026-04-03T02:25:30.398+0600][92.901s][info][gc,stats    ]   CMR: Thread Roots                3997 us, workers (us): 1156, 1564, 1277, ---, ---, ---, 
[2026-04-03T02:25:30.398+0600][92.901s][info][gc,stats    ]   CMR: VM Strong Roots               65 us, workers (us):  32,  32,   1, ---, ---, ---, 
[2026-04-03T02:25:30.398+0600][92.901s][info][gc,stats    ]   CMR: CLDG Roots                   391 us, workers (us): 391, ---, ---, ---, ---, ---, 
[2026-04-03T02:25:30.398+0600][92.901s][info][gc,stats    ] Concurrent Marking                54649 us
[2026-04-03T02:25:30.398+0600][92.901s][info][gc,stats    ] Pause Final Mark (G)               1057 us
[2026-04-03T02:25:30.398+0600][92.901s][info][gc,stats    ] Pause Final Mark (N)                821 us
[2026-04-03T02:25:30.398+0600][92.901s][info][gc,stats    ]   Finish Mark                       271 us
[2026-04-03T02:25:30.398+0600][92.901s][info][gc,stats    ]   Update Region States               63 us
[2026-04-03T02:25:30.398+0600][92.901s][info][gc,stats    ]   Choose Collection Set             242 us
[2026-04-03T02:25:30.398+0600][92.901s][info][gc,stats    ]   Rebuild Free Set                   70 us
[2026-04-03T02:25:30.398+0600][92.901s][info][gc,stats    ] Concurrent Thread Roots             894 us, parallelism: 2.30x
[2026-04-03T02:25:30.398+0600][92.901s][info][gc,stats    ]   CTR: <total>                     2059 us
[2026-04-03T02:25:30.398+0600][92.901s][info][gc,stats    ]   CTR: Thread Roots                2059 us, workers (us): 722, 701, 635, ---, ---, ---, 
[2026-04-03T02:25:30.398+0600][92.901s][info][gc,stats    ] Concurrent Weak References          414 us, parallelism: 1.04x
[2026-04-03T02:25:30.398+0600][92.901s][info][gc,stats    ]   CWRF: <total>                     430 us
[2026-04-03T02:25:30.398+0600][92.901s][info][gc,stats    ]   CWRF: Weak References             430 us, workers (us): 159, 106, 165, ---, ---, ---, 
[2026-04-03T02:25:30.398+0600][92.902s][info][gc,stats    ] Concurrent Weak Roots              4070 us
[2026-04-03T02:25:30.398+0600][92.902s][info][gc,stats    ]   Roots                            3551 us, parallelism: 2.56x
[2026-04-03T02:25:30.398+0600][92.902s][info][gc,stats    ]     CWR: <total>                   9093 us
[2026-04-03T02:25:30.398+0600][92.902s][info][gc,stats    ]     CWR: Code Cache Roots          7090 us, workers (us): 2222, 2353, 2515, ---, ---, ---, 
[2026-04-03T02:25:30.398+0600][92.902s][info][gc,stats    ]     CWR: VM Weak Roots             1839 us, workers (us): 652, 594, 593, ---, ---, ---, 
[2026-04-03T02:25:30.398+0600][92.902s][info][gc,stats    ]     CWR: CLDG Roots                 164 us, workers (us): 164, ---, ---, ---, ---, ---, 
[2026-04-03T02:25:30.398+0600][92.902s][info][gc,stats    ]   Rendezvous                        427 us
[2026-04-03T02:25:30.398+0600][92.902s][info][gc,stats    ] Concurrent Cleanup                  880 us
[2026-04-03T02:25:30.398+0600][92.902s][info][gc,stats    ] Concurrent Class Unloading        14186 us
[2026-04-03T02:25:30.398+0600][92.902s][info][gc,stats    ]   Unlink Stale                    13380 us
[2026-04-03T02:25:30.398+0600][92.902s][info][gc,stats    ]     System Dictionary               279 us
[2026-04-03T02:25:30.398+0600][92.902s][info][gc,stats    ]     Weak Class Links                  0 us
[2026-04-03T02:25:30.398+0600][92.902s][info][gc,stats    ]     Code Roots                    13097 us
[2026-04-03T02:25:30.398+0600][92.902s][info][gc,stats    ]   Rendezvous                        464 us
[2026-04-03T02:25:30.398+0600][92.902s][info][gc,stats    ]   Purge Unlinked                    224 us
[2026-04-03T02:25:30.398+0600][92.902s][info][gc,stats    ]     Code Roots                      212 us
[2026-04-03T02:25:30.398+0600][92.902s][info][gc,stats    ]     CLDG                             11 us
[2026-04-03T02:25:30.398+0600][92.902s][info][gc,stats    ]     Exception Caches                  0 us
[2026-04-03T02:25:30.398+0600][92.902s][info][gc,stats    ] Concurrent Strong Roots            1293 us, parallelism: 0.62x
[2026-04-03T02:25:30.398+0600][92.902s][info][gc,stats    ]   CSR: <total>                      798 us
[2026-04-03T02:25:30.398+0600][92.902s][info][gc,stats    ]   CSR: VM Strong Roots               51 us, workers (us):  38,  13,   0, ---, ---, ---, 
[2026-04-03T02:25:30.398+0600][92.902s][info][gc,stats    ]   CSR: CLDG Roots                   747 us, workers (us): ---, 747, ---, ---, ---, ---, 
[2026-04-03T02:25:30.398+0600][92.902s][info][gc,stats    ] Concurrent Evacuation              3198 us
[2026-04-03T02:25:30.398+0600][92.902s][info][gc,stats    ] Pause Init Update Refs (G)          593 us
[2026-04-03T02:25:30.398+0600][92.902s][info][gc,stats    ] Pause Init Update Refs (N)          161 us
[2026-04-03T02:25:30.398+0600][92.902s][info][gc,stats    ]   Manage GCLABs                      25 us
[2026-04-03T02:25:30.398+0600][92.902s][info][gc,stats    ] Concurrent Update Refs            57495 us
[2026-04-03T02:25:30.398+0600][92.902s][info][gc,stats    ] Concurrent Update Thread Roots     1793 us
[2026-04-03T02:25:30.398+0600][92.902s][info][gc,stats    ] Pause Final Update Refs (G)         737 us
[2026-04-03T02:25:30.398+0600][92.902s][info][gc,stats    ] Pause Final Update Refs (N)         242 us
[2026-04-03T02:25:30.398+0600][92.902s][info][gc,stats    ]   Update Region States               59 us
[2026-04-03T02:25:30.399+0600][92.902s][info][gc,stats    ]   Trash Collection Set               11 us
[2026-04-03T02:25:30.399+0600][92.902s][info][gc,stats    ]   Rebuild Free Set                   47 us
[2026-04-03T02:25:30.399+0600][92.902s][info][gc,stats    ] Concurrent Cleanup                  369 us
[2026-04-03T02:25:30.399+0600][92.902s][info][gc,stats    ] 
[2026-04-03T02:25:30.399+0600][92.902s][info][gc,stats    ] Allocation pacing accrued:
[2026-04-03T02:25:30.399+0600][92.902s][info][gc,stats    ]       0 of   148 ms (  0.0%): <total>
[2026-04-03T02:25:30.399+0600][92.902s][info][gc,stats    ]       0 of   148 ms (  0.0%): <average total>
[2026-04-03T02:25:30.399+0600][92.902s][info][gc,stats    ] 
[2026-04-03T02:25:30.399+0600][92.902s][info][gc,metaspace] Metaspace: 131736K(133056K)->131736K(133056K) NonClass: 115237K(115904K)->115237K(115904K) Class: 16498K(17152K)->16498K(17152K)
[2026-04-03T02:25:30.399+0600][92.902s][info][gc,ergo     ] Pacer for Idle. Initial: 20480K, Alloc Tax Rate: 1.0x
[2026-04-03T02:25:30.913+0600][93.416s][info][gc          ] Trigger: Average GC time (168.23 ms) is above the time for average allocation rate (1199 MB/s) to deplete free headroom (200M) (margin of error = 1.88)
[2026-04-03T02:25:30.913+0600][93.416s][info][gc,ergo     ] Free headroom: 250M (free) - 51200K (spike) - 0B (penalties) = 200M
[2026-04-03T02:25:30.913+0600][93.416s][info][gc,ergo     ] Free: 250M, Max: 256K regular, 249M humongous, Frag: 0% external, 0% internal; Reserve: 51200K, Max: 256K
[2026-04-03T02:25:30.913+0600][93.416s][info][gc,start    ] GC(132) Concurrent reset
[2026-04-03T02:25:30.913+0600][93.416s][info][gc,task     ] GC(132) Using 3 of 6 workers for concurrent reset
[2026-04-03T02:25:30.913+0600][93.416s][info][gc,ergo     ] GC(132) Pacer for Reset. Non-Taxable: 1000M
[2026-04-03T02:25:30.914+0600][93.417s][info][gc          ] GC(132) Concurrent reset 0.987ms
[2026-04-03T02:25:30.914+0600][93.418s][info][gc,start    ] GC(132) Pause Init Mark (unload classes)
[2026-04-03T02:25:30.914+0600][93.418s][info][gc,task     ] GC(132) Using 6 of 6 workers for init marking
[2026-04-03T02:25:30.914+0600][93.418s][info][gc,ergo     ] GC(132) Pacer for Mark. Expected Live: 94161K, Free: 248M, Non-Taxable: 25475K, Alloc Tax Rate: 0.5x
[2026-04-03T02:25:30.914+0600][93.418s][info][gc          ] GC(132) Pause Init Mark (unload classes) 0.127ms
[2026-04-03T02:25:30.914+0600][93.418s][info][gc,start    ] GC(132) Concurrent marking roots
[2026-04-03T02:25:30.915+0600][93.418s][info][gc,task     ] GC(132) Using 3 of 6 workers for concurrent marking roots
[2026-04-03T02:25:30.916+0600][93.420s][info][gc          ] GC(132) Concurrent marking roots 1.866ms
[2026-04-03T02:25:30.916+0600][93.420s][info][gc,start    ] GC(132) Concurrent marking (unload classes)
[2026-04-03T02:25:30.916+0600][93.420s][info][gc,task     ] GC(132) Using 3 of 6 workers for concurrent marking
[2026-04-03T02:25:30.972+0600][93.475s][info][gc          ] GC(132) Concurrent marking (unload classes) 55.507ms
[2026-04-03T02:25:30.972+0600][93.475s][info][gc,start    ] GC(132) Pause Final Mark (unload classes)
[2026-04-03T02:25:30.972+0600][93.475s][info][gc,task     ] GC(132) Using 6 of 6 workers for final marking
[2026-04-03T02:25:30.973+0600][93.476s][info][gc,ergo     ] GC(132) Adaptive CSet Selection. Target Free: 141M, Actual Free: 707M, Max CSet: 42666K, Min Garbage: 0B
[2026-04-03T02:25:30.973+0600][93.476s][info][gc,ergo     ] GC(132) Collectable Garbage: 559M (98%), Immediate: 451M (79%), CSet: 107M (18%)
[2026-04-03T02:25:30.973+0600][93.476s][info][gc,ergo     ] GC(132) Pacer for Evacuation. Used CSet: 112M, Free: 697M, Non-Taxable: 71431K, Alloc Tax Rate: 1.1x
[2026-04-03T02:25:30.973+0600][93.476s][info][gc          ] GC(132) Pause Final Mark (unload classes) 0.818ms
[2026-04-03T02:25:30.973+0600][93.476s][info][gc,start    ] GC(132) Concurrent thread roots
[2026-04-03T02:25:30.973+0600][93.476s][info][gc,task     ] GC(132) Using 3 of 6 workers for Concurrent thread roots
[2026-04-03T02:25:30.975+0600][93.478s][info][gc          ] GC(132) Concurrent thread roots 1.552ms
[2026-04-03T02:25:30.975+0600][93.478s][info][gc,start    ] GC(132) Concurrent weak references
[2026-04-03T02:25:30.975+0600][93.478s][info][gc,task     ] GC(132) Using 3 of 6 workers for concurrent weak references
[2026-04-03T02:25:30.975+0600][93.479s][info][gc,ref      ] GC(132) Encountered references: Soft: 3792, Weak: 15564, Final: 84, Phantom: 620
[2026-04-03T02:25:30.975+0600][93.479s][info][gc,ref      ] GC(132) Discovered  references: Soft: 0, Weak: 8618, Final: 0, Phantom: 579
[2026-04-03T02:25:30.975+0600][93.479s][info][gc,ref      ] GC(132) Enqueued    references: Soft: 0, Weak: 392, Final: 0, Phantom: 0
[2026-04-03T02:25:30.975+0600][93.479s][info][gc          ] GC(132) Concurrent weak references 0.744ms
[2026-04-03T02:25:30.975+0600][93.479s][info][gc,start    ] GC(132) Concurrent weak roots
[2026-04-03T02:25:30.976+0600][93.479s][info][gc,task     ] GC(132) Using 3 of 6 workers for concurrent weak root
[2026-04-03T02:25:30.983+0600][93.486s][info][gc          ] GC(132) Concurrent weak roots 7.079ms
[2026-04-03T02:25:30.983+0600][93.486s][info][gc,start    ] GC(132) Concurrent cleanup
[2026-04-03T02:25:30.984+0600][93.487s][info][gc          ] GC(132) Concurrent cleanup 707M->256M(855M) 1.318ms
[2026-04-03T02:25:30.984+0600][93.487s][info][gc,ergo     ] GC(132) Free: 689M, Max: 256K regular, 198M humongous, Frag: 72% external, 0% internal; Reserve: 50335K, Max: 256K
[2026-04-03T02:25:30.984+0600][93.487s][info][gc,start    ] GC(132) Concurrent class unloading
[2026-04-03T02:25:30.984+0600][93.488s][info][gc,task     ] GC(132) Using 3 of 6 workers for concurrent class unloading
[2026-04-03T02:25:31.006+0600][93.509s][info][gc          ] GC(132) Concurrent class unloading 21.567ms
[2026-04-03T02:25:31.006+0600][93.509s][info][gc,start    ] GC(132) Concurrent strong roots
[2026-04-03T02:25:31.006+0600][93.509s][info][gc,task     ] GC(132) Using 3 of 6 workers for concurrent strong root
[2026-04-03T02:25:31.007+0600][93.510s][info][gc          ] GC(132) Concurrent strong roots 1.087ms
[2026-04-03T02:25:31.007+0600][93.510s][info][gc,start    ] GC(132) Concurrent evacuation
[2026-04-03T02:25:31.007+0600][93.510s][info][gc,task     ] GC(132) Using 3 of 6 workers for concurrent evacuation
[2026-04-03T02:25:31.010+0600][93.513s][info][gc          ] GC(132) Concurrent evacuation 2.797ms
[2026-04-03T02:25:31.010+0600][93.513s][info][gc,start    ] GC(132) Pause Init Update Refs
[2026-04-03T02:25:31.010+0600][93.513s][info][gc,ergo     ] GC(132) Pacer for Update Refs. Used: 282M, Free: 666M, Non-Taxable: 68294K, Alloc Tax Rate: 1.1x
[2026-04-03T02:25:31.010+0600][93.513s][info][gc          ] GC(132) Pause Init Update Refs 0.137ms
[2026-04-03T02:25:31.010+0600][93.514s][info][gc,start    ] GC(132) Concurrent update references
[2026-04-03T02:25:31.010+0600][93.514s][info][gc,task     ] GC(132) Using 3 of 6 workers for concurrent reference update
[2026-04-03T02:25:31.058+0600][93.561s][info][gc          ] GC(132) Concurrent update references 47.541ms
[2026-04-03T02:25:31.058+0600][93.561s][info][gc,start    ] GC(132) Concurrent update thread roots
[2026-04-03T02:25:31.059+0600][93.563s][info][gc          ] GC(132) Concurrent update thread roots 1.322ms
[2026-04-03T02:25:31.059+0600][93.563s][info][gc,start    ] GC(132) Pause Final Update Refs
[2026-04-03T02:25:31.059+0600][93.563s][info][gc,task     ] GC(132) Using 6 of 6 workers for final reference update
[2026-04-03T02:25:31.060+0600][93.563s][info][gc          ] GC(132) Pause Final Update Refs 0.238ms
[2026-04-03T02:25:31.060+0600][93.563s][info][gc,start    ] GC(132) Concurrent cleanup
[2026-04-03T02:25:31.060+0600][93.564s][info][gc          ] GC(132) Concurrent cleanup 325M->216M(855M) 0.812ms
[2026-04-03T02:25:31.061+0600][93.564s][info][gc,ergo     ] Free: 724M, Max: 256K regular, 258M humongous, Frag: 65% external, 0% internal; Reserve: 51200K, Max: 256K
[2026-04-03T02:25:31.061+0600][93.564s][info][gc,stats    ] 
[2026-04-03T02:25:31.061+0600][93.564s][info][gc,stats    ] All times are wall-clock times, except per-root-class counters, that are sum over
[2026-04-03T02:25:31.061+0600][93.564s][info][gc,stats    ] all workers. Dividing the <total> over the root stage time estimates parallelism.
[2026-04-03T02:25:31.061+0600][93.564s][info][gc,stats    ] 
[2026-04-03T02:25:31.061+0600][93.564s][info][gc,stats    ] Concurrent Reset                   1034 us
[2026-04-03T02:25:31.061+0600][93.564s][info][gc,stats    ] Pause Init Mark (G)                 479 us
[2026-04-03T02:25:31.061+0600][93.564s][info][gc,stats    ] Pause Init Mark (N)                 136 us
[2026-04-03T02:25:31.061+0600][93.564s][info][gc,stats    ]   Update Region States               34 us
[2026-04-03T02:25:31.061+0600][93.564s][info][gc,stats    ] Concurrent Mark Roots              1920 us, parallelism: 2.15x
[2026-04-03T02:25:31.061+0600][93.564s][info][gc,stats    ]   CMR: <total>                     4136 us
[2026-04-03T02:25:31.061+0600][93.564s][info][gc,stats    ]   CMR: Thread Roots                3690 us, workers (us): 955, 1411, 1324, ---, ---, ---, 
[2026-04-03T02:25:31.061+0600][93.564s][info][gc,stats    ]   CMR: VM Strong Roots               63 us, workers (us):  21,  21,  21, ---, ---, ---, 
[2026-04-03T02:25:31.061+0600][93.564s][info][gc,stats    ]   CMR: CLDG Roots                   383 us, workers (us): 383, ---, ---, ---, ---, ---, 
[2026-04-03T02:25:31.061+0600][93.564s][info][gc,stats    ] Concurrent Marking                55572 us
[2026-04-03T02:25:31.061+0600][93.564s][info][gc,stats    ] Pause Final Mark (G)               1151 us
[2026-04-03T02:25:31.061+0600][93.564s][info][gc,stats    ] Pause Final Mark (N)                830 us
[2026-04-03T02:25:31.061+0600][93.564s][info][gc,stats    ]   Finish Mark                       274 us
[2026-04-03T02:25:31.061+0600][93.564s][info][gc,stats    ]   Update Region States               57 us
[2026-04-03T02:25:31.061+0600][93.564s][info][gc,stats    ]   Choose Collection Set             304 us
[2026-04-03T02:25:31.061+0600][93.564s][info][gc,stats    ]   Rebuild Free Set                   53 us
[2026-04-03T02:25:31.061+0600][93.564s][info][gc,stats    ] Concurrent Thread Roots            1612 us, parallelism: 2.63x
[2026-04-03T02:25:31.061+0600][93.564s][info][gc,stats    ]   CTR: <total>                     4233 us
[2026-04-03T02:25:31.061+0600][93.564s][info][gc,stats    ]   CTR: Thread Roots                4233 us, workers (us): 1418, 1417, 1398, ---, ---, ---, 
[2026-04-03T02:25:31.061+0600][93.564s][info][gc,stats    ] Concurrent Weak References          758 us, parallelism: 1.30x
[2026-04-03T02:25:31.061+0600][93.564s][info][gc,stats    ]   CWRF: <total>                     984 us
[2026-04-03T02:25:31.061+0600][93.564s][info][gc,stats    ]   CWRF: Weak References             984 us, workers (us): 371, 613,   0, ---, ---, ---, 
[2026-04-03T02:25:31.061+0600][93.564s][info][gc,stats    ] Concurrent Weak Roots              7219 us
[2026-04-03T02:25:31.061+0600][93.564s][info][gc,stats    ]   Roots                            6763 us, parallelism: 2.76x
[2026-04-03T02:25:31.061+0600][93.564s][info][gc,stats    ]     CWR: <total>                  18694 us
[2026-04-03T02:25:31.061+0600][93.564s][info][gc,stats    ]     CWR: Code Cache Roots         15465 us, workers (us): 5014, 5231, 5220, ---, ---, ---, 
[2026-04-03T02:25:31.061+0600][93.564s][info][gc,stats    ]     CWR: VM Weak Roots             2997 us, workers (us): 1075, 1077, 845, ---, ---, ---, 
[2026-04-03T02:25:31.061+0600][93.564s][info][gc,stats    ]     CWR: CLDG Roots                 232 us, workers (us): 232, ---, ---, ---, ---, ---, 
[2026-04-03T02:25:31.061+0600][93.564s][info][gc,stats    ]   Rendezvous                        283 us
[2026-04-03T02:25:31.061+0600][93.564s][info][gc,stats    ] Concurrent Cleanup                 1379 us
[2026-04-03T02:25:31.061+0600][93.564s][info][gc,stats    ] Concurrent Class Unloading        21646 us
[2026-04-03T02:25:31.061+0600][93.564s][info][gc,stats    ]   Unlink Stale                    19945 us
[2026-04-03T02:25:31.061+0600][93.564s][info][gc,stats    ]     System Dictionary               289 us
[2026-04-03T02:25:31.061+0600][93.564s][info][gc,stats    ]     Weak Class Links                  0 us
[2026-04-03T02:25:31.061+0600][93.564s][info][gc,stats    ]     Code Roots                    19652 us
[2026-04-03T02:25:31.061+0600][93.564s][info][gc,stats    ]   Rendezvous                        428 us
[2026-04-03T02:25:31.061+0600][93.564s][info][gc,stats    ]   Purge Unlinked                   1149 us
[2026-04-03T02:25:31.061+0600][93.564s][info][gc,stats    ]     Code Roots                     1136 us
[2026-04-03T02:25:31.061+0600][93.564s][info][gc,stats    ]     CLDG                             11 us
[2026-04-03T02:25:31.061+0600][93.564s][info][gc,stats    ]     Exception Caches                  0 us
[2026-04-03T02:25:31.061+0600][93.564s][info][gc,stats    ] Concurrent Strong Roots            1126 us, parallelism: 0.63x
[2026-04-03T02:25:31.061+0600][93.564s][info][gc,stats    ]   CSR: <total>                      706 us
[2026-04-03T02:25:31.061+0600][93.564s][info][gc,stats    ]   CSR: VM Strong Roots               36 us, workers (us):  34,   1,   0, ---, ---, ---, 
[2026-04-03T02:25:31.061+0600][93.564s][info][gc,stats    ]   CSR: CLDG Roots                   670 us, workers (us): 670, ---, ---, ---, ---, ---, 
[2026-04-03T02:25:31.061+0600][93.564s][info][gc,stats    ] Concurrent Evacuation              2877 us
[2026-04-03T02:25:31.061+0600][93.564s][info][gc,stats    ] Pause Init Update Refs (G)          412 us
[2026-04-03T02:25:31.061+0600][93.564s][info][gc,stats    ] Pause Init Update Refs (N)          150 us
[2026-04-03T02:25:31.061+0600][93.564s][info][gc,stats    ]   Manage GCLABs                      49 us
[2026-04-03T02:25:31.061+0600][93.564s][info][gc,stats    ] Concurrent Update Refs            47625 us
[2026-04-03T02:25:31.061+0600][93.564s][info][gc,stats    ] Concurrent Update Thread Roots     1376 us
[2026-04-03T02:25:31.061+0600][93.564s][info][gc,stats    ] Pause Final Update Refs (G)         390 us
[2026-04-03T02:25:31.061+0600][93.564s][info][gc,stats    ] Pause Final Update Refs (N)         267 us
[2026-04-03T02:25:31.061+0600][93.564s][info][gc,stats    ]   Update Region States               84 us
[2026-04-03T02:25:31.061+0600][93.564s][info][gc,stats    ]   Trash Collection Set               22 us
[2026-04-03T02:25:31.061+0600][93.564s][info][gc,stats    ]   Rebuild Free Set                   61 us
[2026-04-03T02:25:31.061+0600][93.564s][info][gc,stats    ] Concurrent Cleanup                  828 us
[2026-04-03T02:25:31.061+0600][93.564s][info][gc,stats    ] Pacing                            93162 us
[2026-04-03T02:25:31.061+0600][93.564s][info][gc,stats    ] 
[2026-04-03T02:25:31.061+0600][93.564s][info][gc,stats    ] Allocation pacing accrued:
[2026-04-03T02:25:31.061+0600][93.564s][info][gc,stats    ]      10 of   662 ms (  1.5%): dag-scheduler-event-loop
[2026-04-03T02:25:31.061+0600][93.564s][info][gc,stats    ]      11 of   662 ms (  1.7%): Executor task launch worker for task 5.0 in stage 4477.0 (TID 8272)
[2026-04-03T02:25:31.061+0600][93.564s][info][gc,stats    ]      10 of   662 ms (  1.5%): Executor task launch worker for task 1.0 in stage 4477.0 (TID 8268)
[2026-04-03T02:25:31.061+0600][93.564s][info][gc,stats    ]      10 of   662 ms (  1.5%): Executor task launch worker for task 6.0 in stage 4477.0 (TID 8273)
[2026-04-03T02:25:31.061+0600][93.564s][info][gc,stats    ]      10 of   662 ms (  1.5%): Executor task launch worker for task 3.0 in stage 4477.0 (TID 8270)
[2026-04-03T02:25:31.061+0600][93.564s][info][gc,stats    ]      10 of   662 ms (  1.5%): Executor task launch worker for task 2.0 in stage 4477.0 (TID 8269)
[2026-04-03T02:25:31.061+0600][93.564s][info][gc,stats    ]      10 of   662 ms (  1.5%): Executor task launch worker for task 7.0 in stage 4477.0 (TID 8274)
[2026-04-03T02:25:31.061+0600][93.564s][info][gc,stats    ]      11 of   662 ms (  1.7%): Executor task launch worker for task 4.0 in stage 4477.0 (TID 8271)
[2026-04-03T02:25:31.061+0600][93.564s][info][gc,stats    ]      10 of   662 ms (  1.5%): Executor task launch worker for task 0.0 in stage 4477.0 (TID 8267)
[2026-04-03T02:25:31.061+0600][93.564s][info][gc,stats    ]      93 of   662 ms ( 14.1%): <total>
[2026-04-03T02:25:31.061+0600][93.564s][info][gc,stats    ]       0 of   662 ms (  0.0%): <average total>
[2026-04-03T02:25:31.061+0600][93.564s][info][gc,stats    ]      10 of   662 ms (  1.6%): <average non-zero>
[2026-04-03T02:25:31.061+0600][93.564s][info][gc,stats    ] 
[2026-04-03T02:25:31.061+0600][93.564s][info][gc,metaspace] Metaspace: 131738K(133056K)->131738K(133056K) NonClass: 115239K(115904K)->115239K(115904K) Class: 16498K(17152K)->16498K(17152K)
[2026-04-03T02:25:31.061+0600][93.564s][info][gc,ergo     ] Pacer for Idle. Initial: 20480K, Alloc Tax Rate: 1.0x
[2026-04-03T02:25:31.447+0600][93.950s][info][gc          ] Trigger: Average GC time (163.66 ms) is above the time for average allocation rate (1227 MB/s) to deplete free headroom (199M) (margin of error = 1.88)
[2026-04-03T02:25:31.447+0600][93.950s][info][gc,ergo     ] Free headroom: 249M (free) - 51200K (spike) - 0B (penalties) = 199M
[2026-04-03T02:25:31.447+0600][93.950s][info][gc,ergo     ] Free: 249M, Max: 256K regular, 196M humongous, Frag: 22% external, 1% internal; Reserve: 51200K, Max: 256K
[2026-04-03T02:25:31.447+0600][93.950s][info][gc,start    ] GC(133) Concurrent reset
[2026-04-03T02:25:31.447+0600][93.950s][info][gc,task     ] GC(133) Using 3 of 6 workers for concurrent reset
[2026-04-03T02:25:31.447+0600][93.950s][info][gc,ergo     ] GC(133) Pacer for Reset. Non-Taxable: 1000M
[2026-04-03T02:25:31.448+0600][93.952s][info][gc          ] GC(133) Concurrent reset 1.155ms
[2026-04-03T02:25:31.448+0600][93.952s][info][gc,start    ] GC(133) Pause Init Mark (unload classes)
[2026-04-03T02:25:31.449+0600][93.952s][info][gc,task     ] GC(133) Using 6 of 6 workers for init marking
[2026-04-03T02:25:31.449+0600][93.952s][info][gc,ergo     ] GC(133) Pacer for Mark. Expected Live: 94756K, Free: 248M, Non-Taxable: 25432K, Alloc Tax Rate: 0.5x
[2026-04-03T02:25:31.449+0600][93.952s][info][gc          ] GC(133) Pause Init Mark (unload classes) 0.164ms
[2026-04-03T02:25:31.449+0600][93.952s][info][gc,start    ] GC(133) Concurrent marking roots
