[2026-04-03T02:30:30.146+0600][0.005s][info][gc] Heuristics ergonomically sets -XX:+ExplicitGCInvokesConcurrent
[2026-04-03T02:30:30.146+0600][0.005s][info][gc] Heuristics ergonomically sets -XX:+ShenandoahImplicitGCInvokesConcurrent
[2026-04-03T02:30:30.146+0600][0.006s][info][gc] Using Shenandoah
[2026-04-03T02:30:30.147+0600][0.007s][info][gc,ergo] Pacer for Idle. Initial: 25600K, Alloc Tax Rate: 1.0x
[2026-04-03T02:30:30.147+0600][0.007s][info][gc,init] Version: 21.0.10+7-Ubuntu-124.04 (release)
[2026-04-03T02:30:30.147+0600][0.007s][info][gc,init] CPUs: 12 total, 12 available
[2026-04-03T02:30:30.147+0600][0.007s][info][gc,init] Memory: 15683M
[2026-04-03T02:30:30.147+0600][0.007s][info][gc,init] Large Page Support: Disabled
[2026-04-03T02:30:30.147+0600][0.007s][info][gc,init] NUMA Support: Disabled
[2026-04-03T02:30:30.147+0600][0.007s][info][gc,init] Compressed Oops: Enabled (32-bit)
[2026-04-03T02:30:30.147+0600][0.007s][info][gc,init] Heap Min Capacity: 6656K
[2026-04-03T02:30:30.147+0600][0.007s][info][gc,init] Heap Initial Capacity: 251392K
[2026-04-03T02:30:30.147+0600][0.007s][info][gc,init] Heap Max Capacity: 1250M
[2026-04-03T02:30:30.148+0600][0.007s][info][gc,init] Pre-touch: Disabled
[2026-04-03T02:30:30.148+0600][0.007s][info][gc,init] Mode: Snapshot-At-The-Beginning (SATB)
[2026-04-03T02:30:30.148+0600][0.007s][info][gc,init] Heuristics: Adaptive
[2026-04-03T02:30:30.148+0600][0.007s][info][gc,init] Heap Region Count: 2500
[2026-04-03T02:30:30.148+0600][0.007s][info][gc,init] Heap Region Size: 512K
[2026-04-03T02:30:30.148+0600][0.007s][info][gc,init] TLAB Size Max: 512K
[2026-04-03T02:30:30.148+0600][0.007s][info][gc,init] Humongous Object Threshold: 512K
[2026-04-03T02:30:30.148+0600][0.007s][info][gc,init] Parallel Workers: 6
[2026-04-03T02:30:30.148+0600][0.007s][info][gc,init] Concurrent Workers: 3
[2026-04-03T02:30:30.158+0600][0.017s][info][gc,metaspace] CDS archive(s) mapped at: [0x0000734f87000000-0x0000734f87c9c000-0x0000734f87c9c000), size 13221888, SharedBaseAddress: 0x0000734f87000000, ArchiveRelocationMode: 1.
[2026-04-03T02:30:30.158+0600][0.017s][info][gc,metaspace] Compressed class space mapped at: 0x0000734f88000000-0x0000734fc8000000, reserved size: 1073741824
[2026-04-03T02:30:30.158+0600][0.017s][info][gc,metaspace] Narrow klass base: 0x0000734f87000000, Narrow klass shift: 0, Narrow klass range: 0x100000000
[2026-04-03T02:30:33.346+0600][3.205s][info][gc          ] Trigger: Learning 1 of 5. Free (874M) is below initial threshold (875M)
[2026-04-03T02:30:33.346+0600][3.205s][info][gc,ergo     ] Free: 874M, Max: 512K regular, 874M humongous, Frag: 0% external, 0% internal; Reserve: 64000K, Max: 512K
[2026-04-03T02:30:33.346+0600][3.205s][info][gc,start    ] GC(0) Concurrent reset
[2026-04-03T02:30:33.346+0600][3.206s][info][gc,task     ] GC(0) Using 3 of 6 workers for concurrent reset
[2026-04-03T02:30:33.346+0600][3.206s][info][gc,ergo     ] GC(0) Pacer for Reset. Non-Taxable: 1250M
[2026-04-03T02:30:33.347+0600][3.206s][info][gc          ] GC(0) Concurrent reset 0.765ms
[2026-04-03T02:30:33.347+0600][3.206s][info][gc,start    ] GC(0) Pause Init Mark (unload classes)
[2026-04-03T02:30:33.348+0600][3.207s][info][gc,task     ] GC(0) Using 6 of 6 workers for init marking
[2026-04-03T02:30:33.348+0600][3.207s][info][gc,ergo     ] GC(0) Pacer for Mark. Expected Live: 125M, Free: 874M, Non-Taxable: 89497K, Alloc Tax Rate: 0.2x
[2026-04-03T02:30:33.348+0600][3.207s][info][gc          ] GC(0) Pause Init Mark (unload classes) 0.581ms
[2026-04-03T02:30:33.348+0600][3.207s][info][gc,start    ] GC(0) Concurrent marking roots
[2026-04-03T02:30:33.348+0600][3.207s][info][gc,task     ] GC(0) Using 3 of 6 workers for concurrent marking roots
[2026-04-03T02:30:33.349+0600][3.208s][info][gc          ] GC(0) Concurrent marking roots 1.264ms
[2026-04-03T02:30:33.349+0600][3.208s][info][gc,start    ] GC(0) Concurrent marking (unload classes)
[2026-04-03T02:30:33.349+0600][3.208s][info][gc,task     ] GC(0) Using 3 of 6 workers for concurrent marking
[2026-04-03T02:30:33.356+0600][3.215s][info][gc          ] GC(0) Concurrent marking (unload classes) 6.869ms
[2026-04-03T02:30:33.356+0600][3.215s][info][gc,start    ] GC(0) Pause Final Mark (unload classes)
[2026-04-03T02:30:33.356+0600][3.215s][info][gc,task     ] GC(0) Using 6 of 6 workers for final marking
[2026-04-03T02:30:33.356+0600][3.216s][info][gc,ergo     ] GC(0) Adaptive CSet Selection. Target Free: 177M, Actual Free: 934M, Max CSet: 53333K, Min Garbage: 0B
[2026-04-03T02:30:33.357+0600][3.216s][info][gc,ergo     ] GC(0) Collectable Garbage: 297M (99%), Immediate: 0B (0%), CSet: 297M (99%)
[2026-04-03T02:30:33.357+0600][3.216s][info][gc,ergo     ] GC(0) Pacer for Evacuation. Used CSet: 305M, Free: 872M, Non-Taxable: 89313K, Alloc Tax Rate: 1.1x
[2026-04-03T02:30:33.357+0600][3.216s][info][gc          ] GC(0) Pause Final Mark (unload classes) 0.483ms
[2026-04-03T02:30:33.357+0600][3.216s][info][gc,start    ] GC(0) Concurrent thread roots
[2026-04-03T02:30:33.357+0600][3.216s][info][gc,task     ] GC(0) Using 3 of 6 workers for Concurrent thread roots
[2026-04-03T02:30:33.357+0600][3.216s][info][gc          ] GC(0) Concurrent thread roots 0.340ms
[2026-04-03T02:30:33.357+0600][3.216s][info][gc,start    ] GC(0) Concurrent weak references
[2026-04-03T02:30:33.357+0600][3.216s][info][gc,task     ] GC(0) Using 3 of 6 workers for concurrent weak references
[2026-04-03T02:30:33.357+0600][3.217s][info][gc,ref      ] GC(0) Encountered references: Soft: 268, Weak: 1061, Final: 0, Phantom: 398
[2026-04-03T02:30:33.358+0600][3.217s][info][gc,ref      ] GC(0) Discovered  references: Soft: 0, Weak: 716, Final: 0, Phantom: 143
[2026-04-03T02:30:33.358+0600][3.217s][info][gc,ref      ] GC(0) Enqueued    references: Soft: 0, Weak: 309, Final: 0, Phantom: 0
[2026-04-03T02:30:33.358+0600][3.217s][info][gc          ] GC(0) Concurrent weak references 0.432ms
[2026-04-03T02:30:33.358+0600][3.217s][info][gc,start    ] GC(0) Concurrent weak roots
[2026-04-03T02:30:33.358+0600][3.217s][info][gc,task     ] GC(0) Using 3 of 6 workers for concurrent weak root
[2026-04-03T02:30:33.359+0600][3.218s][info][gc          ] GC(0) Concurrent weak roots 1.379ms
[2026-04-03T02:30:33.359+0600][3.218s][info][gc,start    ] GC(0) Concurrent cleanup
[2026-04-03T02:30:33.359+0600][3.219s][info][gc          ] GC(0) Concurrent cleanup 314M->314M(316M) 0.354ms
[2026-04-03T02:30:33.359+0600][3.219s][info][gc,ergo     ] GC(0) Free: 872M, Max: 512K regular, 872M humongous, Frag: 0% external, 0% internal; Reserve: 63232K, Max: 512K
[2026-04-03T02:30:33.359+0600][3.219s][info][gc,start    ] GC(0) Concurrent class unloading
[2026-04-03T02:30:33.359+0600][3.219s][info][gc,task     ] GC(0) Using 3 of 6 workers for concurrent class unloading
[2026-04-03T02:30:33.361+0600][3.220s][info][gc          ] GC(0) Concurrent class unloading 1.658ms
[2026-04-03T02:30:33.361+0600][3.220s][info][gc,start    ] GC(0) Concurrent strong roots
[2026-04-03T02:30:33.361+0600][3.220s][info][gc,task     ] GC(0) Using 3 of 6 workers for concurrent strong root
[2026-04-03T02:30:33.362+0600][3.221s][info][gc          ] GC(0) Concurrent strong roots 0.953ms
[2026-04-03T02:30:33.362+0600][3.221s][info][gc,start    ] GC(0) Concurrent evacuation
[2026-04-03T02:30:33.362+0600][3.221s][info][gc,task     ] GC(0) Using 3 of 6 workers for concurrent evacuation
[2026-04-03T02:30:33.368+0600][3.227s][info][gc          ] GC(0) Concurrent evacuation 5.963ms
[2026-04-03T02:30:33.369+0600][3.228s][info][gc,start    ] GC(0) Pause Init Update Refs
[2026-04-03T02:30:33.369+0600][3.228s][info][gc,ergo     ] GC(0) Pacer for Update Refs. Used: 325M, Free: 870M, Non-Taxable: 89144K, Alloc Tax Rate: 1.1x
[2026-04-03T02:30:33.369+0600][3.228s][info][gc          ] GC(0) Pause Init Update Refs 0.079ms
[2026-04-03T02:30:33.369+0600][3.228s][info][gc,start    ] GC(0) Concurrent update references
[2026-04-03T02:30:33.369+0600][3.228s][info][gc,task     ] GC(0) Using 3 of 6 workers for concurrent reference update
[2026-04-03T02:30:33.372+0600][3.232s][info][gc          ] GC(0) Concurrent update references 3.778ms
[2026-04-03T02:30:33.373+0600][3.232s][info][gc,start    ] GC(0) Concurrent update thread roots
[2026-04-03T02:30:33.373+0600][3.232s][info][gc          ] GC(0) Concurrent update thread roots 0.284ms
[2026-04-03T02:30:33.373+0600][3.232s][info][gc,start    ] GC(0) Pause Final Update Refs
[2026-04-03T02:30:33.373+0600][3.232s][info][gc,task     ] GC(0) Using 6 of 6 workers for final reference update
[2026-04-03T02:30:33.373+0600][3.232s][info][gc          ] GC(0) Pause Final Update Refs 0.133ms
[2026-04-03T02:30:33.373+0600][3.233s][info][gc,start    ] GC(0) Concurrent cleanup
[2026-04-03T02:30:33.373+0600][3.233s][info][gc          ] GC(0) Concurrent cleanup 325M->20M(327M) 0.222ms
[2026-04-03T02:30:33.374+0600][3.233s][info][gc,ergo     ] Free: 1165M, Max: 512K regular, 860M humongous, Frag: 27% external, 0% internal; Reserve: 64000K, Max: 512K
[2026-04-03T02:30:33.374+0600][3.233s][info][gc,stats    ] 
[2026-04-03T02:30:33.374+0600][3.233s][info][gc,stats    ] All times are wall-clock times, except per-root-class counters, that are sum over
[2026-04-03T02:30:33.374+0600][3.233s][info][gc,stats    ] all workers. Dividing the <total> over the root stage time estimates parallelism.
[2026-04-03T02:30:33.374+0600][3.233s][info][gc,stats    ] 
[2026-04-03T02:30:33.374+0600][3.233s][info][gc,stats    ] Concurrent Reset                    816 us
[2026-04-03T02:30:33.374+0600][3.233s][info][gc,stats    ] Pause Init Mark (G)                 919 us
[2026-04-03T02:30:33.374+0600][3.233s][info][gc,stats    ] Pause Init Mark (N)                 603 us
[2026-04-03T02:30:33.374+0600][3.233s][info][gc,stats    ]   Update Region States               16 us
[2026-04-03T02:30:33.374+0600][3.233s][info][gc,stats    ] Concurrent Mark Roots              1312 us, parallelism: 1.66x
[2026-04-03T02:30:33.374+0600][3.233s][info][gc,stats    ]   CMR: <total>                     2172 us
[2026-04-03T02:30:33.374+0600][3.233s][info][gc,stats    ]   CMR: Thread Roots                1145 us, workers (us): 833, 312,   0, ---, ---, ---, 
[2026-04-03T02:30:33.374+0600][3.233s][info][gc,stats    ]   CMR: VM Strong Roots              500 us, workers (us): 203, 211,  85, ---, ---, ---, 
[2026-04-03T02:30:33.374+0600][3.233s][info][gc,stats    ]   CMR: CLDG Roots                   527 us, workers (us): ---, ---, 527, ---, ---, ---, 
[2026-04-03T02:30:33.374+0600][3.233s][info][gc,stats    ] Concurrent Marking                 6950 us
[2026-04-03T02:30:33.374+0600][3.233s][info][gc,stats    ] Pause Final Mark (G)                723 us
[2026-04-03T02:30:33.374+0600][3.233s][info][gc,stats    ] Pause Final Mark (N)                493 us
[2026-04-03T02:30:33.374+0600][3.233s][info][gc,stats    ]   Finish Mark                       169 us
[2026-04-03T02:30:33.374+0600][3.233s][info][gc,stats    ]   Update Region States               43 us
[2026-04-03T02:30:33.374+0600][3.233s][info][gc,stats    ]   Choose Collection Set             194 us
[2026-04-03T02:30:33.374+0600][3.233s][info][gc,stats    ]   Rebuild Free Set                   20 us
[2026-04-03T02:30:33.374+0600][3.233s][info][gc,stats    ] Concurrent Thread Roots             379 us, parallelism: 0.74x
[2026-04-03T02:30:33.374+0600][3.233s][info][gc,stats    ]   CTR: <total>                      281 us
[2026-04-03T02:30:33.374+0600][3.233s][info][gc,stats    ]   CTR: Thread Roots                 281 us, workers (us): 177,  80,  24, ---, ---, ---, 
[2026-04-03T02:30:33.374+0600][3.233s][info][gc,stats    ] Concurrent Weak References          441 us, parallelism: 0.76x
[2026-04-03T02:30:33.374+0600][3.233s][info][gc,stats    ]   CWRF: <total>                     334 us
[2026-04-03T02:30:33.374+0600][3.233s][info][gc,stats    ]   CWRF: Weak References             334 us, workers (us): 278,  55,   1, ---, ---, ---, 
[2026-04-03T02:30:33.374+0600][3.233s][info][gc,stats    ] Concurrent Weak Roots              1422 us
[2026-04-03T02:30:33.374+0600][3.233s][info][gc,stats    ]   Roots                             801 us, parallelism: 2.06x
[2026-04-03T02:30:33.374+0600][3.233s][info][gc,stats    ]     CWR: <total>                   1651 us
[2026-04-03T02:30:33.374+0600][3.233s][info][gc,stats    ]     CWR: Code Cache Roots           705 us, workers (us): 282, 263, 159, ---, ---, ---, 
[2026-04-03T02:30:33.374+0600][3.233s][info][gc,stats    ]     CWR: VM Weak Roots              938 us, workers (us): 335, 333, 270, ---, ---, ---, 
[2026-04-03T02:30:33.374+0600][3.233s][info][gc,stats    ]     CWR: CLDG Roots                   8 us, workers (us): ---,   8, ---, ---, ---, ---, 
[2026-04-03T02:30:33.374+0600][3.233s][info][gc,stats    ]   Rendezvous                        560 us
[2026-04-03T02:30:33.374+0600][3.233s][info][gc,stats    ] Concurrent Cleanup                  366 us
[2026-04-03T02:30:33.374+0600][3.233s][info][gc,stats    ] Concurrent Class Unloading         1701 us
[2026-04-03T02:30:33.374+0600][3.233s][info][gc,stats    ]   Unlink Stale                     1174 us
[2026-04-03T02:30:33.374+0600][3.233s][info][gc,stats    ]     System Dictionary                11 us
[2026-04-03T02:30:33.374+0600][3.233s][info][gc,stats    ]     Weak Class Links                  0 us
[2026-04-03T02:30:33.374+0600][3.233s][info][gc,stats    ]     Code Roots                     1161 us
[2026-04-03T02:30:33.374+0600][3.233s][info][gc,stats    ]   Rendezvous                        167 us
[2026-04-03T02:30:33.374+0600][3.233s][info][gc,stats    ]   Purge Unlinked                    301 us
[2026-04-03T02:30:33.374+0600][3.233s][info][gc,stats    ]     Code Roots                      292 us
[2026-04-03T02:30:33.374+0600][3.233s][info][gc,stats    ]     CLDG                              8 us
[2026-04-03T02:30:33.374+0600][3.233s][info][gc,stats    ]     Exception Caches                  0 us
[2026-04-03T02:30:33.374+0600][3.233s][info][gc,stats    ] Concurrent Strong Roots             997 us, parallelism: 0.81x
[2026-04-03T02:30:33.374+0600][3.233s][info][gc,stats    ]   CSR: <total>                      803 us
[2026-04-03T02:30:33.374+0600][3.233s][info][gc,stats    ]   CSR: VM Strong Roots               33 us, workers (us):  22,  11,   0, ---, ---, ---, 
[2026-04-03T02:30:33.374+0600][3.233s][info][gc,stats    ]   CSR: CLDG Roots                   770 us, workers (us): ---, 770, ---, ---, ---, ---, 
[2026-04-03T02:30:33.374+0600][3.233s][info][gc,stats    ] Concurrent Evacuation              6028 us
[2026-04-03T02:30:33.374+0600][3.233s][info][gc,stats    ] Pause Init Update Refs (G)          559 us
[2026-04-03T02:30:33.374+0600][3.233s][info][gc,stats    ] Pause Init Update Refs (N)           90 us
[2026-04-03T02:30:33.374+0600][3.233s][info][gc,stats    ]   Manage GCLABs                       5 us
[2026-04-03T02:30:33.374+0600][3.233s][info][gc,stats    ] Concurrent Update Refs             3846 us
[2026-04-03T02:30:33.374+0600][3.233s][info][gc,stats    ] Concurrent Update Thread Roots      319 us
[2026-04-03T02:30:33.374+0600][3.233s][info][gc,stats    ] Pause Final Update Refs (G)         399 us
[2026-04-03T02:30:33.374+0600][3.233s][info][gc,stats    ] Pause Final Update Refs (N)         146 us
[2026-04-03T02:30:33.374+0600][3.233s][info][gc,stats    ]   Update Region States               35 us
[2026-04-03T02:30:33.374+0600][3.233s][info][gc,stats    ]   Trash Collection Set               18 us
[2026-04-03T02:30:33.374+0600][3.233s][info][gc,stats    ]   Rebuild Free Set                   21 us
[2026-04-03T02:30:33.374+0600][3.233s][info][gc,stats    ] Concurrent Cleanup                  243 us
[2026-04-03T02:30:33.374+0600][3.233s][info][gc,stats    ] 
[2026-04-03T02:30:33.374+0600][3.233s][info][gc,stats    ] Allocation pacing accrued:
[2026-04-03T02:30:33.374+0600][3.233s][info][gc,stats    ]       0 of  3227 ms (  0.0%): <total>
[2026-04-03T02:30:33.374+0600][3.233s][info][gc,stats    ]       0 of  3227 ms (  0.0%): <average total>
[2026-04-03T02:30:33.374+0600][3.233s][info][gc,stats    ] 
[2026-04-03T02:30:33.374+0600][3.234s][info][gc,metaspace] Metaspace: 14497K(14656K)->14660K(14912K) NonClass: 12654K(12736K)->12803K(12928K) Class: 1842K(1920K)->1856K(1984K)
[2026-04-03T02:30:33.374+0600][3.234s][info][gc,ergo     ] Pacer for Idle. Initial: 25600K, Alloc Tax Rate: 1.0x
[2026-04-03T02:30:34.532+0600][4.391s][info][gc          ] Trigger: Metadata GC Threshold
[2026-04-03T02:30:34.532+0600][4.391s][info][gc,ergo     ] Free: 1096M, Max: 512K regular, 860M humongous, Frag: 22% external, 0% internal; Reserve: 64000K, Max: 512K
[2026-04-03T02:30:34.532+0600][4.391s][info][gc,start    ] GC(1) Concurrent reset
[2026-04-03T02:30:34.532+0600][4.391s][info][gc,task     ] GC(1) Using 3 of 6 workers for concurrent reset
[2026-04-03T02:30:34.532+0600][4.391s][info][gc,ergo     ] GC(1) Pacer for Reset. Non-Taxable: 1250M
[2026-04-03T02:30:34.540+0600][4.399s][info][gc          ] GC(1) Concurrent reset 7.902ms
[2026-04-03T02:30:34.540+0600][4.400s][info][gc,start    ] GC(1) Pause Init Mark (unload classes)
[2026-04-03T02:30:34.540+0600][4.400s][info][gc,task     ] GC(1) Using 6 of 6 workers for init marking
[2026-04-03T02:30:34.540+0600][4.400s][info][gc,ergo     ] GC(1) Pacer for Mark. Expected Live: 14553K, Free: 1094M, Non-Taxable: 109M, Alloc Tax Rate: 0.0x
[2026-04-03T02:30:34.540+0600][4.400s][info][gc          ] GC(1) Pause Init Mark (unload classes) 0.095ms
[2026-04-03T02:30:34.541+0600][4.400s][info][gc,start    ] GC(1) Concurrent marking roots
[2026-04-03T02:30:34.541+0600][4.400s][info][gc,task     ] GC(1) Using 3 of 6 workers for concurrent marking roots
[2026-04-03T02:30:34.542+0600][4.402s][info][gc          ] GC(1) Concurrent marking roots 1.885ms
[2026-04-03T02:30:34.543+0600][4.402s][info][gc,start    ] GC(1) Concurrent marking (unload classes)
[2026-04-03T02:30:34.543+0600][4.402s][info][gc,task     ] GC(1) Using 3 of 6 workers for concurrent marking
[2026-04-03T02:30:34.551+0600][4.410s][info][gc          ] GC(1) Concurrent marking (unload classes) 8.517ms
[2026-04-03T02:30:34.551+0600][4.411s][info][gc,start    ] GC(1) Pause Final Mark (unload classes)
[2026-04-03T02:30:34.551+0600][4.411s][info][gc,task     ] GC(1) Using 6 of 6 workers for final marking
[2026-04-03T02:30:34.552+0600][4.411s][info][gc,ergo     ] GC(1) Adaptive CSet Selection. Target Free: 177M, Actual Free: 1155M, Max CSet: 53333K, Min Garbage: 0B
[2026-04-03T02:30:34.552+0600][4.411s][info][gc,ergo     ] GC(1) Collectable Garbage: 73372K (98%), Immediate: 1024K (1%), CSet: 72348K (97%)
[2026-04-03T02:30:34.552+0600][4.411s][info][gc,ergo     ] GC(1) Pacer for Evacuation. Used CSet: 79357K, Free: 1093M, Non-Taxable: 109M, Alloc Tax Rate: 1.1x
[2026-04-03T02:30:34.552+0600][4.411s][info][gc          ] GC(1) Pause Final Mark (unload classes) 0.516ms
[2026-04-03T02:30:34.552+0600][4.411s][info][gc,start    ] GC(1) Concurrent thread roots
[2026-04-03T02:30:34.552+0600][4.411s][info][gc,task     ] GC(1) Using 3 of 6 workers for Concurrent thread roots
[2026-04-03T02:30:34.553+0600][4.413s][info][gc          ] GC(1) Concurrent thread roots 1.249ms
[2026-04-03T02:30:34.553+0600][4.413s][info][gc,start    ] GC(1) Concurrent weak references
[2026-04-03T02:30:34.553+0600][4.413s][info][gc,task     ] GC(1) Using 3 of 6 workers for concurrent weak references
[2026-04-03T02:30:34.554+0600][4.413s][info][gc,ref      ] GC(1) Encountered references: Soft: 3722, Weak: 1902, Final: 0, Phantom: 563
[2026-04-03T02:30:34.554+0600][4.413s][info][gc,ref      ] GC(1) Discovered  references: Soft: 0, Weak: 594, Final: 0, Phantom: 559
[2026-04-03T02:30:34.554+0600][4.413s][info][gc,ref      ] GC(1) Enqueued    references: Soft: 0, Weak: 369, Final: 0, Phantom: 0
[2026-04-03T02:30:34.554+0600][4.413s][info][gc          ] GC(1) Concurrent weak references 0.490ms
[2026-04-03T02:30:34.554+0600][4.413s][info][gc,start    ] GC(1) Concurrent weak roots
[2026-04-03T02:30:34.554+0600][4.413s][info][gc,task     ] GC(1) Using 3 of 6 workers for concurrent weak root
[2026-04-03T02:30:34.555+0600][4.414s][info][gc          ] GC(1) Concurrent weak roots 1.309ms
[2026-04-03T02:30:34.555+0600][4.414s][info][gc,start    ] GC(1) Concurrent cleanup
[2026-04-03T02:30:34.556+0600][4.415s][info][gc          ] GC(1) Concurrent cleanup 94M->93M(328M) 0.431ms
[2026-04-03T02:30:34.556+0600][4.415s][info][gc,ergo     ] GC(1) Free: 1092M, Max: 512K regular, 860M humongous, Frag: 22% external, 0% internal; Reserve: 63717K, Max: 512K
[2026-04-03T02:30:34.556+0600][4.415s][info][gc,start    ] GC(1) Concurrent class unloading
[2026-04-03T02:30:34.556+0600][4.415s][info][gc,task     ] GC(1) Using 3 of 6 workers for concurrent class unloading
[2026-04-03T02:30:34.558+0600][4.418s][info][gc          ] GC(1) Concurrent class unloading 2.758ms
[2026-04-03T02:30:34.558+0600][4.418s][info][gc,start    ] GC(1) Concurrent strong roots
[2026-04-03T02:30:34.558+0600][4.418s][info][gc,task     ] GC(1) Using 3 of 6 workers for concurrent strong root
[2026-04-03T02:30:34.560+0600][4.419s][info][gc          ] GC(1) Concurrent strong roots 1.256ms
[2026-04-03T02:30:34.560+0600][4.419s][info][gc,start    ] GC(1) Concurrent evacuation
[2026-04-03T02:30:34.560+0600][4.419s][info][gc,task     ] GC(1) Using 3 of 6 workers for concurrent evacuation
[2026-04-03T02:30:34.565+0600][4.424s][info][gc          ] GC(1) Concurrent evacuation 5.090ms
[2026-04-03T02:30:34.565+0600][4.424s][info][gc,start    ] GC(1) Pause Init Update Refs
[2026-04-03T02:30:34.565+0600][4.424s][info][gc,ergo     ] GC(1) Pacer for Update Refs. Used: 101M, Free: 1092M, Non-Taxable: 109M, Alloc Tax Rate: 1.1x
[2026-04-03T02:30:34.565+0600][4.424s][info][gc          ] GC(1) Pause Init Update Refs 0.093ms
[2026-04-03T02:30:34.565+0600][4.425s][info][gc,start    ] GC(1) Concurrent update references
[2026-04-03T02:30:34.565+0600][4.425s][info][gc,task     ] GC(1) Using 3 of 6 workers for concurrent reference update
[2026-04-03T02:30:34.571+0600][4.430s][info][gc          ] GC(1) Concurrent update references 5.606ms
[2026-04-03T02:30:34.571+0600][4.430s][info][gc,start    ] GC(1) Concurrent update thread roots
[2026-04-03T02:30:34.572+0600][4.431s][info][gc          ] GC(1) Concurrent update thread roots 0.687ms
[2026-04-03T02:30:34.572+0600][4.431s][info][gc,start    ] GC(1) Pause Final Update Refs
[2026-04-03T02:30:34.572+0600][4.431s][info][gc,task     ] GC(1) Using 6 of 6 workers for final reference update
[2026-04-03T02:30:34.572+0600][4.431s][info][gc          ] GC(1) Pause Final Update Refs 0.180ms
[2026-04-03T02:30:34.572+0600][4.431s][info][gc,start    ] GC(1) Concurrent cleanup
[2026-04-03T02:30:34.572+0600][4.432s][info][gc          ] GC(1) Concurrent cleanup 102M->25M(336M) 0.200ms
[2026-04-03T02:30:34.572+0600][4.432s][info][gc,ergo     ] Free: 1160M, Max: 512K regular, 889M humongous, Frag: 24% external, 0% internal; Reserve: 64000K, Max: 512K
[2026-04-03T02:30:34.572+0600][4.432s][info][gc,stats    ] 
[2026-04-03T02:30:34.572+0600][4.432s][info][gc,stats    ] All times are wall-clock times, except per-root-class counters, that are sum over
[2026-04-03T02:30:34.572+0600][4.432s][info][gc,stats    ] all workers. Dividing the <total> over the root stage time estimates parallelism.
[2026-04-03T02:30:34.572+0600][4.432s][info][gc,stats    ] 
[2026-04-03T02:30:34.572+0600][4.432s][info][gc,stats    ] Concurrent Reset                   7970 us
[2026-04-03T02:30:34.572+0600][4.432s][info][gc,stats    ] Pause Init Mark (G)                 446 us
[2026-04-03T02:30:34.572+0600][4.432s][info][gc,stats    ] Pause Init Mark (N)                 106 us
[2026-04-03T02:30:34.572+0600][4.432s][info][gc,stats    ]   Update Region States               18 us
[2026-04-03T02:30:34.572+0600][4.432s][info][gc,stats    ] Concurrent Mark Roots              1963 us, parallelism: 0.99x
[2026-04-03T02:30:34.572+0600][4.432s][info][gc,stats    ]   CMR: <total>                     1950 us
[2026-04-03T02:30:34.572+0600][4.432s][info][gc,stats    ]   CMR: Thread Roots                1611 us, workers (us):   0, 113, 1498, ---, ---, ---, 
[2026-04-03T02:30:34.572+0600][4.432s][info][gc,stats    ]   CMR: VM Strong Roots              141 us, workers (us):  67,  73,   1, ---, ---, ---, 
[2026-04-03T02:30:34.572+0600][4.432s][info][gc,stats    ]   CMR: CLDG Roots                   198 us, workers (us): 198, ---, ---, ---, ---, ---, 
[2026-04-03T02:30:34.572+0600][4.432s][info][gc,stats    ] Concurrent Marking                 8594 us
[2026-04-03T02:30:34.572+0600][4.432s][info][gc,stats    ] Pause Final Mark (G)                825 us
[2026-04-03T02:30:34.572+0600][4.432s][info][gc,stats    ] Pause Final Mark (N)                528 us
[2026-04-03T02:30:34.572+0600][4.432s][info][gc,stats    ]   Finish Mark                       207 us
[2026-04-03T02:30:34.572+0600][4.432s][info][gc,stats    ]   Update Region States               48 us
[2026-04-03T02:30:34.573+0600][4.432s][info][gc,stats    ]   Choose Collection Set             128 us
[2026-04-03T02:30:34.573+0600][4.432s][info][gc,stats    ]   Rebuild Free Set                   25 us
[2026-04-03T02:30:34.573+0600][4.432s][info][gc,stats    ] Concurrent Thread Roots            1300 us, parallelism: 0.87x
[2026-04-03T02:30:34.573+0600][4.432s][info][gc,stats    ]   CTR: <total>                     1135 us
[2026-04-03T02:30:34.573+0600][4.432s][info][gc,stats    ]   CTR: Thread Roots                1135 us, workers (us):  72, 1053,  10, ---, ---, ---, 
[2026-04-03T02:30:34.573+0600][4.432s][info][gc,stats    ] Concurrent Weak References          503 us, parallelism: 0.87x
[2026-04-03T02:30:34.573+0600][4.432s][info][gc,stats    ]   CWRF: <total>                     438 us
[2026-04-03T02:30:34.573+0600][4.432s][info][gc,stats    ]   CWRF: Weak References             438 us, workers (us): 183, 220,  35, ---, ---, ---, 
[2026-04-03T02:30:34.573+0600][4.432s][info][gc,stats    ] Concurrent Weak Roots              1362 us
[2026-04-03T02:30:34.573+0600][4.432s][info][gc,stats    ]   Roots                            1124 us, parallelism: 2.31x
[2026-04-03T02:30:34.573+0600][4.432s][info][gc,stats    ]     CWR: <total>                   2591 us
[2026-04-03T02:30:34.573+0600][4.432s][info][gc,stats    ]     CWR: Code Cache Roots          1198 us, workers (us): 336, 363, 500, ---, ---, ---, 
[2026-04-03T02:30:34.573+0600][4.432s][info][gc,stats    ]     CWR: VM Weak Roots             1373 us, workers (us): 505, 439, 428, ---, ---, ---, 
[2026-04-03T02:30:34.573+0600][4.432s][info][gc,stats    ]     CWR: CLDG Roots                  20 us, workers (us): ---,  20, ---, ---, ---, ---, 
[2026-04-03T02:30:34.573+0600][4.432s][info][gc,stats    ]   Rendezvous                        159 us
[2026-04-03T02:30:34.573+0600][4.432s][info][gc,stats    ] Concurrent Cleanup                  445 us
[2026-04-03T02:30:34.573+0600][4.432s][info][gc,stats    ] Concurrent Class Unloading         2818 us
[2026-04-03T02:30:34.573+0600][4.432s][info][gc,stats    ]   Unlink Stale                     2145 us
[2026-04-03T02:30:34.573+0600][4.432s][info][gc,stats    ]     System Dictionary                20 us
[2026-04-03T02:30:34.573+0600][4.432s][info][gc,stats    ]     Weak Class Links                  0 us
[2026-04-03T02:30:34.573+0600][4.432s][info][gc,stats    ]     Code Roots                     2122 us
[2026-04-03T02:30:34.573+0600][4.432s][info][gc,stats    ]   Rendezvous                        170 us
[2026-04-03T02:30:34.573+0600][4.432s][info][gc,stats    ]   Purge Unlinked                    423 us
[2026-04-03T02:30:34.573+0600][4.432s][info][gc,stats    ]     Code Roots                      412 us
[2026-04-03T02:30:34.573+0600][4.432s][info][gc,stats    ]     CLDG                             11 us
[2026-04-03T02:30:34.573+0600][4.432s][info][gc,stats    ]     Exception Caches                  0 us
[2026-04-03T02:30:34.573+0600][4.432s][info][gc,stats    ] Concurrent Strong Roots            1313 us, parallelism: 0.87x
[2026-04-03T02:30:34.573+0600][4.432s][info][gc,stats    ]   CSR: <total>                     1145 us
[2026-04-03T02:30:34.573+0600][4.432s][info][gc,stats    ]   CSR: VM Strong Roots               34 us, workers (us):  23,  10,   0, ---, ---, ---, 
[2026-04-03T02:30:34.573+0600][4.432s][info][gc,stats    ]   CSR: CLDG Roots                  1111 us, workers (us): ---, 1111, ---, ---, ---, ---, 
[2026-04-03T02:30:34.573+0600][4.432s][info][gc,stats    ] Concurrent Evacuation              5168 us
[2026-04-03T02:30:34.573+0600][4.432s][info][gc,stats    ] Pause Init Update Refs (G)          267 us
[2026-04-03T02:30:34.573+0600][4.432s][info][gc,stats    ] Pause Init Update Refs (N)          107 us
[2026-04-03T02:30:34.573+0600][4.432s][info][gc,stats    ]   Manage GCLABs                       8 us
[2026-04-03T02:30:34.573+0600][4.432s][info][gc,stats    ] Concurrent Update Refs             5685 us
[2026-04-03T02:30:34.573+0600][4.432s][info][gc,stats    ] Concurrent Update Thread Roots      724 us
[2026-04-03T02:30:34.573+0600][4.432s][info][gc,stats    ] Pause Final Update Refs (G)         396 us
[2026-04-03T02:30:34.573+0600][4.432s][info][gc,stats    ] Pause Final Update Refs (N)         196 us
[2026-04-03T02:30:34.573+0600][4.432s][info][gc,stats    ]   Update Region States               42 us
[2026-04-03T02:30:34.573+0600][4.432s][info][gc,stats    ]   Trash Collection Set                9 us
[2026-04-03T02:30:34.573+0600][4.432s][info][gc,stats    ]   Rebuild Free Set                   33 us
[2026-04-03T02:30:34.573+0600][4.432s][info][gc,stats    ] Concurrent Cleanup                  223 us
[2026-04-03T02:30:34.573+0600][4.432s][info][gc,stats    ] 
[2026-04-03T02:30:34.573+0600][4.432s][info][gc,stats    ] Allocation pacing accrued:
[2026-04-03T02:30:34.573+0600][4.432s][info][gc,stats    ]       0 of  1199 ms (  0.0%): <total>
[2026-04-03T02:30:34.573+0600][4.432s][info][gc,stats    ]       0 of  1199 ms (  0.0%): <average total>
[2026-04-03T02:30:34.573+0600][4.432s][info][gc,stats    ] 
[2026-04-03T02:30:34.573+0600][4.432s][info][gc,metaspace] Metaspace: 24604K(24960K)->24792K(25088K) NonClass: 21507K(21696K)->21664K(21824K) Class: 3097K(3264K)->3127K(3264K)
[2026-04-03T02:30:34.573+0600][4.432s][info][gc,ergo     ] Pacer for Idle. Initial: 25600K, Alloc Tax Rate: 1.0x
[2026-04-03T02:30:38.662+0600][8.521s][info][gc          ] Trigger: Metadata GC Threshold
[2026-04-03T02:30:38.662+0600][8.521s][info][gc,ergo     ] Free: 1010M, Max: 512K regular, 889M humongous, Frag: 13% external, 0% internal; Reserve: 64000K, Max: 512K
[2026-04-03T02:30:38.662+0600][8.521s][info][gc,start    ] GC(2) Concurrent reset
[2026-04-03T02:30:38.662+0600][8.521s][info][gc,task     ] GC(2) Using 3 of 6 workers for concurrent reset
[2026-04-03T02:30:38.662+0600][8.521s][info][gc,ergo     ] GC(2) Pacer for Reset. Non-Taxable: 1250M
[2026-04-03T02:30:38.662+0600][8.522s][info][gc          ] GC(2) Concurrent reset 0.688ms
[2026-04-03T02:30:38.663+0600][8.522s][info][gc,start    ] GC(2) Pause Init Mark (unload classes)
[2026-04-03T02:30:38.663+0600][8.522s][info][gc,task     ] GC(2) Using 6 of 6 workers for init marking
[2026-04-03T02:30:38.663+0600][8.522s][info][gc,ergo     ] GC(2) Pacer for Mark. Expected Live: 16970K, Free: 1010M, Non-Taxable: 101M, Alloc Tax Rate: 0.0x
[2026-04-03T02:30:38.663+0600][8.522s][info][gc          ] GC(2) Pause Init Mark (unload classes) 0.090ms
[2026-04-03T02:30:38.663+0600][8.522s][info][gc,start    ] GC(2) Concurrent marking roots
[2026-04-03T02:30:38.663+0600][8.522s][info][gc,task     ] GC(2) Using 3 of 6 workers for concurrent marking roots
[2026-04-03T02:30:38.664+0600][8.523s][info][gc          ] GC(2) Concurrent marking roots 1.283ms
[2026-04-03T02:30:38.664+0600][8.523s][info][gc,start    ] GC(2) Concurrent marking (unload classes)
[2026-04-03T02:30:38.664+0600][8.523s][info][gc,task     ] GC(2) Using 3 of 6 workers for concurrent marking
[2026-04-03T02:30:38.674+0600][8.533s][info][gc          ] GC(2) Concurrent marking (unload classes) 9.691ms
[2026-04-03T02:30:38.674+0600][8.533s][info][gc,start    ] GC(2) Pause Final Mark (unload classes)
[2026-04-03T02:30:38.674+0600][8.533s][info][gc,task     ] GC(2) Using 6 of 6 workers for final marking
[2026-04-03T02:30:38.674+0600][8.534s][info][gc,ergo     ] GC(2) Adaptive CSet Selection. Target Free: 177M, Actual Free: 1085M, Max CSet: 53333K, Min Garbage: 0B
[2026-04-03T02:30:38.675+0600][8.534s][info][gc,ergo     ] GC(2) Collectable Garbage: 142M (99%), Immediate: 17018K (11%), CSet: 125M (87%)
[2026-04-03T02:30:38.675+0600][8.534s][info][gc,ergo     ] GC(2) Pacer for Evacuation. Used CSet: 131M, Free: 1030M, Non-Taxable: 103M, Alloc Tax Rate: 1.1x
[2026-04-03T02:30:38.675+0600][8.534s][info][gc          ] GC(2) Pause Final Mark (unload classes) 0.659ms
[2026-04-03T02:30:38.675+0600][8.534s][info][gc,start    ] GC(2) Concurrent thread roots
[2026-04-03T02:30:38.675+0600][8.534s][info][gc,task     ] GC(2) Using 3 of 6 workers for Concurrent thread roots
[2026-04-03T02:30:38.675+0600][8.535s][info][gc          ] GC(2) Concurrent thread roots 0.736ms
[2026-04-03T02:30:38.676+0600][8.535s][info][gc,start    ] GC(2) Concurrent weak references
[2026-04-03T02:30:38.676+0600][8.535s][info][gc,task     ] GC(2) Using 3 of 6 workers for concurrent weak references
[2026-04-03T02:30:38.676+0600][8.535s][info][gc,ref      ] GC(2) Encountered references: Soft: 3913, Weak: 2794, Final: 80, Phantom: 576
[2026-04-03T02:30:38.676+0600][8.535s][info][gc,ref      ] GC(2) Discovered  references: Soft: 0, Weak: 720, Final: 0, Phantom: 573
[2026-04-03T02:30:38.676+0600][8.535s][info][gc,ref      ] GC(2) Enqueued    references: Soft: 0, Weak: 438, Final: 0, Phantom: 1
[2026-04-03T02:30:38.676+0600][8.535s][info][gc          ] GC(2) Concurrent weak references 0.501ms
[2026-04-03T02:30:38.676+0600][8.535s][info][gc,start    ] GC(2) Concurrent weak roots
[2026-04-03T02:30:38.676+0600][8.535s][info][gc,task     ] GC(2) Using 3 of 6 workers for concurrent weak root
[2026-04-03T02:30:38.677+0600][8.537s][info][gc          ] GC(2) Concurrent weak roots 1.384ms
[2026-04-03T02:30:38.677+0600][8.537s][info][gc,start    ] GC(2) Concurrent cleanup
[2026-04-03T02:30:38.678+0600][8.537s][info][gc          ] GC(2) Concurrent cleanup 172M->156M(336M) 0.477ms
[2026-04-03T02:30:38.678+0600][8.537s][info][gc,ergo     ] GC(2) Free: 1029M, Max: 512K regular, 889M humongous, Frag: 14% external, 0% internal; Reserve: 63488K, Max: 512K
[2026-04-03T02:30:38.678+0600][8.537s][info][gc,start    ] GC(2) Concurrent class unloading
[2026-04-03T02:30:38.678+0600][8.537s][info][gc,task     ] GC(2) Using 3 of 6 workers for concurrent class unloading
[2026-04-03T02:30:38.682+0600][8.541s][info][gc          ] GC(2) Concurrent class unloading 3.563ms
[2026-04-03T02:30:38.682+0600][8.541s][info][gc,start    ] GC(2) Concurrent strong roots
[2026-04-03T02:30:38.682+0600][8.541s][info][gc,task     ] GC(2) Using 3 of 6 workers for concurrent strong root
[2026-04-03T02:30:38.683+0600][8.542s][info][gc          ] GC(2) Concurrent strong roots 0.812ms
[2026-04-03T02:30:38.683+0600][8.542s][info][gc,start    ] GC(2) Concurrent evacuation
[2026-04-03T02:30:38.683+0600][8.542s][info][gc,task     ] GC(2) Using 3 of 6 workers for concurrent evacuation
[2026-04-03T02:30:38.688+0600][8.547s][info][gc          ] GC(2) Concurrent evacuation 5.087ms
[2026-04-03T02:30:38.688+0600][8.547s][info][gc,start    ] GC(2) Pause Init Update Refs
[2026-04-03T02:30:38.688+0600][8.547s][info][gc,ergo     ] GC(2) Pacer for Update Refs. Used: 164M, Free: 1026M, Non-Taxable: 102M, Alloc Tax Rate: 1.1x
[2026-04-03T02:30:38.688+0600][8.547s][info][gc          ] GC(2) Pause Init Update Refs 0.081ms
[2026-04-03T02:30:38.688+0600][8.547s][info][gc,start    ] GC(2) Concurrent update references
[2026-04-03T02:30:38.688+0600][8.548s][info][gc,task     ] GC(2) Using 3 of 6 workers for concurrent reference update
[2026-04-03T02:30:38.698+0600][8.557s][info][gc          ] GC(2) Concurrent update references 9.938ms
[2026-04-03T02:30:38.698+0600][8.558s][info][gc,start    ] GC(2) Concurrent update thread roots
[2026-04-03T02:30:38.700+0600][8.559s][info][gc          ] GC(2) Concurrent update thread roots 1.350ms
[2026-04-03T02:30:38.700+0600][8.559s][info][gc,start    ] GC(2) Pause Final Update Refs
[2026-04-03T02:30:38.700+0600][8.559s][info][gc,task     ] GC(2) Using 6 of 6 workers for final reference update
[2026-04-03T02:30:38.700+0600][8.559s][info][gc          ] GC(2) Pause Final Update Refs 0.182ms
[2026-04-03T02:30:38.700+0600][8.559s][info][gc,start    ] GC(2) Concurrent cleanup
[2026-04-03T02:30:38.700+0600][8.559s][info][gc          ] GC(2) Concurrent cleanup 166M->35M(339M) 0.197ms
[2026-04-03T02:30:38.700+0600][8.559s][info][gc,ergo     ] Free: 1150M, Max: 512K regular, 885M humongous, Frag: 23% external, 0% internal; Reserve: 64000K, Max: 512K
[2026-04-03T02:30:38.700+0600][8.560s][info][gc,stats    ] 
[2026-04-03T02:30:38.700+0600][8.560s][info][gc,stats    ] All times are wall-clock times, except per-root-class counters, that are sum over
[2026-04-03T02:30:38.700+0600][8.560s][info][gc,stats    ] all workers. Dividing the <total> over the root stage time estimates parallelism.
[2026-04-03T02:30:38.700+0600][8.560s][info][gc,stats    ] 
[2026-04-03T02:30:38.700+0600][8.560s][info][gc,stats    ] Concurrent Reset                    740 us
[2026-04-03T02:30:38.700+0600][8.560s][info][gc,stats    ] Pause Init Mark (G)                 368 us
[2026-04-03T02:30:38.700+0600][8.560s][info][gc,stats    ] Pause Init Mark (N)                  98 us
[2026-04-03T02:30:38.700+0600][8.560s][info][gc,stats    ]   Update Region States               25 us
[2026-04-03T02:30:38.700+0600][8.560s][info][gc,stats    ] Concurrent Mark Roots              1318 us, parallelism: 2.25x
[2026-04-03T02:30:38.700+0600][8.560s][info][gc,stats    ]   CMR: <total>                     2962 us
[2026-04-03T02:30:38.700+0600][8.560s][info][gc,stats    ]   CMR: Thread Roots                2685 us, workers (us): 992, 755, 938, ---, ---, ---, 
[2026-04-03T02:30:38.700+0600][8.560s][info][gc,stats    ]   CMR: VM Strong Roots               71 us, workers (us):  60,  10,   0, ---, ---, ---, 
[2026-04-03T02:30:38.700+0600][8.560s][info][gc,stats    ]   CMR: CLDG Roots                   207 us, workers (us): ---, 207, ---, ---, ---, ---, 
[2026-04-03T02:30:38.700+0600][8.560s][info][gc,stats    ] Concurrent Marking                 9751 us
[2026-04-03T02:30:38.700+0600][8.560s][info][gc,stats    ] Pause Final Mark (G)                943 us
[2026-04-03T02:30:38.700+0600][8.560s][info][gc,stats    ] Pause Final Mark (N)                695 us
[2026-04-03T02:30:38.700+0600][8.560s][info][gc,stats    ]   Finish Mark                       338 us
[2026-04-03T02:30:38.700+0600][8.560s][info][gc,stats    ]   Update Region States               32 us
[2026-04-03T02:30:38.700+0600][8.560s][info][gc,stats    ]   Choose Collection Set             162 us
[2026-04-03T02:30:38.700+0600][8.560s][info][gc,stats    ]   Rebuild Free Set                   34 us
[2026-04-03T02:30:38.700+0600][8.560s][info][gc,stats    ] Concurrent Thread Roots             779 us, parallelism: 1.53x
[2026-04-03T02:30:38.700+0600][8.560s][info][gc,stats    ]   CTR: <total>                     1192 us
[2026-04-03T02:30:38.700+0600][8.560s][info][gc,stats    ]   CTR: Thread Roots                1192 us, workers (us): 532, 291, 370, ---, ---, ---, 
[2026-04-03T02:30:38.700+0600][8.560s][info][gc,stats    ] Concurrent Weak References          511 us, parallelism: 0.82x
[2026-04-03T02:30:38.700+0600][8.560s][info][gc,stats    ]   CWRF: <total>                     420 us
[2026-04-03T02:30:38.700+0600][8.560s][info][gc,stats    ]   CWRF: Weak References             420 us, workers (us):  30, 263, 127, ---, ---, ---, 
[2026-04-03T02:30:38.700+0600][8.560s][info][gc,stats    ] Concurrent Weak Roots              1434 us
[2026-04-03T02:30:38.700+0600][8.560s][info][gc,stats    ]   Roots                            1163 us, parallelism: 2.33x
[2026-04-03T02:30:38.700+0600][8.560s][info][gc,stats    ]     CWR: <total>                   2706 us
[2026-04-03T02:30:38.700+0600][8.560s][info][gc,stats    ]     CWR: Code Cache Roots           910 us, workers (us): 258, 354, 298, ---, ---, ---, 
[2026-04-03T02:30:38.701+0600][8.560s][info][gc,stats    ]     CWR: VM Weak Roots             1777 us, workers (us): 606, 609, 562, ---, ---, ---, 
[2026-04-03T02:30:38.701+0600][8.560s][info][gc,stats    ]     CWR: CLDG Roots                  19 us, workers (us): ---, ---,  19, ---, ---, ---, 
[2026-04-03T02:30:38.701+0600][8.560s][info][gc,stats    ]   Rendezvous                        202 us
[2026-04-03T02:30:38.701+0600][8.560s][info][gc,stats    ] Concurrent Cleanup                  531 us
[2026-04-03T02:30:38.701+0600][8.560s][info][gc,stats    ] Concurrent Class Unloading         3661 us
[2026-04-03T02:30:38.701+0600][8.560s][info][gc,stats    ]   Unlink Stale                     2189 us
[2026-04-03T02:30:38.701+0600][8.560s][info][gc,stats    ]     System Dictionary                31 us
[2026-04-03T02:30:38.701+0600][8.560s][info][gc,stats    ]     Weak Class Links                  0 us
[2026-04-03T02:30:38.701+0600][8.560s][info][gc,stats    ]     Code Roots                     2154 us
[2026-04-03T02:30:38.701+0600][8.560s][info][gc,stats    ]   Rendezvous                        256 us
[2026-04-03T02:30:38.701+0600][8.560s][info][gc,stats    ]   Purge Unlinked                   1088 us
[2026-04-03T02:30:38.701+0600][8.560s][info][gc,stats    ]     Code Roots                     1074 us
[2026-04-03T02:30:38.701+0600][8.560s][info][gc,stats    ]     CLDG                             13 us
[2026-04-03T02:30:38.701+0600][8.560s][info][gc,stats    ]     Exception Caches                  0 us
[2026-04-03T02:30:38.701+0600][8.560s][info][gc,stats    ] Concurrent Strong Roots             853 us, parallelism: 0.77x
[2026-04-03T02:30:38.701+0600][8.560s][info][gc,stats    ]   CSR: <total>                      655 us
[2026-04-03T02:30:38.701+0600][8.560s][info][gc,stats    ]   CSR: VM Strong Roots               29 us, workers (us):  15,  10,   5, ---, ---, ---, 
[2026-04-03T02:30:38.701+0600][8.560s][info][gc,stats    ]   CSR: CLDG Roots                   626 us, workers (us): 626, ---, ---, ---, ---, ---, 
[2026-04-03T02:30:38.701+0600][8.560s][info][gc,stats    ] Concurrent Evacuation              5199 us
[2026-04-03T02:30:38.701+0600][8.560s][info][gc,stats    ] Pause Init Update Refs (G)          367 us
[2026-04-03T02:30:38.701+0600][8.560s][info][gc,stats    ] Pause Init Update Refs (N)          100 us
[2026-04-03T02:30:38.701+0600][8.560s][info][gc,stats    ]   Manage GCLABs                      10 us
[2026-04-03T02:30:38.701+0600][8.560s][info][gc,stats    ] Concurrent Update Refs            10025 us
[2026-04-03T02:30:38.701+0600][8.560s][info][gc,stats    ] Concurrent Update Thread Roots     1389 us
[2026-04-03T02:30:38.701+0600][8.560s][info][gc,stats    ] Pause Final Update Refs (G)         332 us
[2026-04-03T02:30:38.701+0600][8.560s][info][gc,stats    ] Pause Final Update Refs (N)         197 us
[2026-04-03T02:30:38.701+0600][8.560s][info][gc,stats    ]   Update Region States               42 us
[2026-04-03T02:30:38.701+0600][8.560s][info][gc,stats    ]   Trash Collection Set               14 us
[2026-04-03T02:30:38.701+0600][8.560s][info][gc,stats    ]   Rebuild Free Set                   40 us
[2026-04-03T02:30:38.701+0600][8.560s][info][gc,stats    ] Concurrent Cleanup                  219 us
[2026-04-03T02:30:38.701+0600][8.560s][info][gc,stats    ] 
[2026-04-03T02:30:38.701+0600][8.560s][info][gc,stats    ] Allocation pacing accrued:
[2026-04-03T02:30:38.701+0600][8.560s][info][gc,stats    ]       0 of  4128 ms (  0.0%): <total>
[2026-04-03T02:30:38.701+0600][8.560s][info][gc,stats    ]       0 of  4128 ms (  0.0%): <average total>
[2026-04-03T02:30:38.701+0600][8.560s][info][gc,stats    ] 
[2026-04-03T02:30:38.701+0600][8.560s][info][gc,metaspace] Metaspace: 41496K(41984K)->41993K(42432K) NonClass: 36341K(36608K)->36766K(36992K) Class: 5154K(5376K)->5227K(5440K)
[2026-04-03T02:30:38.701+0600][8.560s][info][gc,ergo     ] Pacer for Idle. Initial: 25600K, Alloc Tax Rate: 1.0x
[2026-04-03T02:30:42.327+0600][12.187s][info][gc          ] Trigger: Metadata GC Threshold
[2026-04-03T02:30:42.328+0600][12.187s][info][gc,ergo     ] Free: 912M, Max: 512K regular, 885M humongous, Frag: 3% external, 0% internal; Reserve: 64000K, Max: 512K
[2026-04-03T02:30:42.328+0600][12.187s][info][gc,start    ] GC(3) Concurrent reset
[2026-04-03T02:30:42.328+0600][12.187s][info][gc,task     ] GC(3) Using 3 of 6 workers for concurrent reset
[2026-04-03T02:30:42.328+0600][12.187s][info][gc,ergo     ] GC(3) Pacer for Reset. Non-Taxable: 1250M
[2026-04-03T02:30:42.328+0600][12.188s][info][gc          ] GC(3) Concurrent reset 0.641ms
[2026-04-03T02:30:42.329+0600][12.188s][info][gc,start    ] GC(3) Pause Init Mark (unload classes)
[2026-04-03T02:30:42.329+0600][12.188s][info][gc,task     ] GC(3) Using 6 of 6 workers for init marking
[2026-04-03T02:30:42.329+0600][12.188s][info][gc,ergo     ] GC(3) Pacer for Mark. Expected Live: 19293K, Free: 912M, Non-Taxable: 93410K, Alloc Tax Rate: 0.0x
[2026-04-03T02:30:42.329+0600][12.188s][info][gc          ] GC(3) Pause Init Mark (unload classes) 0.180ms
[2026-04-03T02:30:42.329+0600][12.188s][info][gc,start    ] GC(3) Concurrent marking roots
[2026-04-03T02:30:42.329+0600][12.188s][info][gc,task     ] GC(3) Using 3 of 6 workers for concurrent marking roots
[2026-04-03T02:30:42.330+0600][12.190s][info][gc          ] GC(3) Concurrent marking roots 1.461ms
[2026-04-03T02:30:42.330+0600][12.190s][info][gc,start    ] GC(3) Concurrent marking (unload classes)
[2026-04-03T02:30:42.330+0600][12.190s][info][gc,task     ] GC(3) Using 3 of 6 workers for concurrent marking
[2026-04-03T02:30:42.348+0600][12.207s][info][gc          ] GC(3) Concurrent marking (unload classes) 17.090ms
[2026-04-03T02:30:42.348+0600][12.207s][info][gc,start    ] GC(3) Pause Final Mark (unload classes)
[2026-04-03T02:30:42.348+0600][12.207s][info][gc,task     ] GC(3) Using 6 of 6 workers for final marking
[2026-04-03T02:30:42.348+0600][12.207s][info][gc,ergo     ] GC(3) Adaptive CSet Selection. Target Free: 177M, Actual Free: 983M, Max CSet: 53333K, Min Garbage: 0B
[2026-04-03T02:30:42.348+0600][12.208s][info][gc,ergo     ] GC(3) Collectable Garbage: 234M (99%), Immediate: 10193K (4%), CSet: 224M (95%)
[2026-04-03T02:30:42.348+0600][12.208s][info][gc,ergo     ] GC(3) Pacer for Evacuation. Used CSet: 234M, Free: 924M, Non-Taxable: 94685K, Alloc Tax Rate: 1.1x
[2026-04-03T02:30:42.348+0600][12.208s][info][gc          ] GC(3) Pause Final Mark (unload classes) 0.701ms
[2026-04-03T02:30:42.348+0600][12.208s][info][gc,start    ] GC(3) Concurrent thread roots
[2026-04-03T02:30:42.349+0600][12.208s][info][gc,task     ] GC(3) Using 3 of 6 workers for Concurrent thread roots
[2026-04-03T02:30:42.350+0600][12.209s][info][gc          ] GC(3) Concurrent thread roots 1.221ms
[2026-04-03T02:30:42.350+0600][12.209s][info][gc,start    ] GC(3) Concurrent weak references
[2026-04-03T02:30:42.350+0600][12.209s][info][gc,task     ] GC(3) Using 3 of 6 workers for concurrent weak references
[2026-04-03T02:30:42.351+0600][12.210s][info][gc,ref      ] GC(3) Encountered references: Soft: 4182, Weak: 11119, Final: 84, Phantom: 588
[2026-04-03T02:30:42.351+0600][12.211s][info][gc,ref      ] GC(3) Discovered  references: Soft: 0, Weak: 6426, Final: 1, Phantom: 573
[2026-04-03T02:30:42.351+0600][12.211s][info][gc,ref      ] GC(3) Enqueued    references: Soft: 0, Weak: 2673, Final: 0, Phantom: 0
[2026-04-03T02:30:42.351+0600][12.211s][info][gc          ] GC(3) Concurrent weak references 1.482ms
[2026-04-03T02:30:42.351+0600][12.211s][info][gc,start    ] GC(3) Concurrent weak roots
[2026-04-03T02:30:42.351+0600][12.211s][info][gc,task     ] GC(3) Using 3 of 6 workers for concurrent weak root
[2026-04-03T02:30:42.353+0600][12.213s][info][gc          ] GC(3) Concurrent weak roots 2.064ms
[2026-04-03T02:30:42.353+0600][12.213s][info][gc,start    ] GC(3) Concurrent cleanup
[2026-04-03T02:30:42.354+0600][12.213s][info][gc          ] GC(3) Concurrent cleanup 271M->261M(339M) 0.135ms
[2026-04-03T02:30:42.354+0600][12.213s][info][gc,ergo     ] GC(3) Free: 924M, Max: 512K regular, 885M humongous, Frag: 5% external, 0% internal; Reserve: 62718K, Max: 512K
[2026-04-03T02:30:42.354+0600][12.213s][info][gc,start    ] GC(3) Concurrent class unloading
[2026-04-03T02:30:42.354+0600][12.213s][info][gc,task     ] GC(3) Using 3 of 6 workers for concurrent class unloading
[2026-04-03T02:30:42.359+0600][12.218s][info][gc          ] GC(3) Concurrent class unloading 4.981ms
[2026-04-03T02:30:42.359+0600][12.218s][info][gc,start    ] GC(3) Concurrent strong roots
[2026-04-03T02:30:42.359+0600][12.218s][info][gc,task     ] GC(3) Using 3 of 6 workers for concurrent strong root
[2026-04-03T02:30:42.360+0600][12.219s][info][gc          ] GC(3) Concurrent strong roots 1.325ms
[2026-04-03T02:30:42.360+0600][12.219s][info][gc,start    ] GC(3) Concurrent evacuation
[2026-04-03T02:30:42.360+0600][12.219s][info][gc,task     ] GC(3) Using 3 of 6 workers for concurrent evacuation
[2026-04-03T02:30:42.368+0600][12.227s][info][gc          ] GC(3) Concurrent evacuation 7.880ms
[2026-04-03T02:30:42.368+0600][12.227s][info][gc,start    ] GC(3) Pause Init Update Refs
[2026-04-03T02:30:42.368+0600][12.227s][info][gc,ergo     ] GC(3) Pacer for Update Refs. Used: 271M, Free: 923M, Non-Taxable: 94598K, Alloc Tax Rate: 1.1x
[2026-04-03T02:30:42.368+0600][12.227s][info][gc          ] GC(3) Pause Init Update Refs 0.084ms
[2026-04-03T02:30:42.368+0600][12.228s][info][gc,start    ] GC(3) Concurrent update references
[2026-04-03T02:30:42.368+0600][12.228s][info][gc,task     ] GC(3) Using 3 of 6 workers for concurrent reference update
[2026-04-03T02:30:42.379+0600][12.238s][info][gc          ] GC(3) Concurrent update references 10.178ms
[2026-04-03T02:30:42.379+0600][12.238s][info][gc,start    ] GC(3) Concurrent update thread roots
[2026-04-03T02:30:42.380+0600][12.239s][info][gc          ] GC(3) Concurrent update thread roots 1.199ms
[2026-04-03T02:30:42.380+0600][12.239s][info][gc,start    ] GC(3) Pause Final Update Refs
[2026-04-03T02:30:42.380+0600][12.239s][info][gc,task     ] GC(3) Using 6 of 6 workers for final reference update
[2026-04-03T02:30:42.380+0600][12.239s][info][gc          ] GC(3) Pause Final Update Refs 0.149ms
[2026-04-03T02:30:42.380+0600][12.239s][info][gc,start    ] GC(3) Concurrent cleanup
[2026-04-03T02:30:42.381+0600][12.240s][info][gc          ] GC(3) Concurrent cleanup 272M->37M(347M) 0.470ms
[2026-04-03T02:30:42.381+0600][12.240s][info][gc,ergo     ] Free: 1147M, Max: 512K regular, 876M humongous, Frag: 24% external, 0% internal; Reserve: 64000K, Max: 512K
[2026-04-03T02:30:42.381+0600][12.240s][info][gc,stats    ] 
[2026-04-03T02:30:42.381+0600][12.240s][info][gc,stats    ] All times are wall-clock times, except per-root-class counters, that are sum over
[2026-04-03T02:30:42.381+0600][12.240s][info][gc,stats    ] all workers. Dividing the <total> over the root stage time estimates parallelism.
[2026-04-03T02:30:42.381+0600][12.240s][info][gc,stats    ] 
[2026-04-03T02:30:42.381+0600][12.240s][info][gc,stats    ] Concurrent Reset                    699 us
[2026-04-03T02:30:42.381+0600][12.240s][info][gc,stats    ] Pause Init Mark (G)                 589 us
[2026-04-03T02:30:42.381+0600][12.240s][info][gc,stats    ] Pause Init Mark (N)                 191 us
[2026-04-03T02:30:42.381+0600][12.240s][info][gc,stats    ]   Update Region States               16 us
[2026-04-03T02:30:42.381+0600][12.240s][info][gc,stats    ] Concurrent Mark Roots              1500 us, parallelism: 1.40x
[2026-04-03T02:30:42.381+0600][12.240s][info][gc,stats    ]   CMR: <total>                     2095 us
[2026-04-03T02:30:42.381+0600][12.240s][info][gc,stats    ]   CMR: Thread Roots                1922 us, workers (us): 315, 1220, 386, ---, ---, ---, 
[2026-04-03T02:30:42.381+0600][12.240s][info][gc,stats    ]   CMR: VM Strong Roots               44 us, workers (us):  28,  15,   1, ---, ---, ---, 
[2026-04-03T02:30:42.381+0600][12.240s][info][gc,stats    ]   CMR: CLDG Roots                   130 us, workers (us): 130, ---, ---, ---, ---, ---, 
[2026-04-03T02:30:42.381+0600][12.240s][info][gc,stats    ] Concurrent Marking                17160 us
[2026-04-03T02:30:42.381+0600][12.240s][info][gc,stats    ] Pause Final Mark (G)                907 us
[2026-04-03T02:30:42.381+0600][12.240s][info][gc,stats    ] Pause Final Mark (N)                712 us
[2026-04-03T02:30:42.381+0600][12.240s][info][gc,stats    ]   Finish Mark                       358 us
[2026-04-03T02:30:42.381+0600][12.240s][info][gc,stats    ]   Update Region States               32 us
[2026-04-03T02:30:42.381+0600][12.240s][info][gc,stats    ]   Choose Collection Set             189 us
[2026-04-03T02:30:42.381+0600][12.240s][info][gc,stats    ]   Rebuild Free Set                   27 us
[2026-04-03T02:30:42.381+0600][12.240s][info][gc,stats    ] Concurrent Thread Roots            1266 us, parallelism: 1.28x
[2026-04-03T02:30:42.381+0600][12.240s][info][gc,stats    ]   CTR: <total>                     1624 us
[2026-04-03T02:30:42.381+0600][12.240s][info][gc,stats    ]   CTR: Thread Roots                1624 us, workers (us): 948, 362, 314, ---, ---, ---, 
[2026-04-03T02:30:42.381+0600][12.240s][info][gc,stats    ] Concurrent Weak References         1493 us, parallelism: 1.02x
[2026-04-03T02:30:42.381+0600][12.240s][info][gc,stats    ]   CWRF: <total>                    1516 us
[2026-04-03T02:30:42.381+0600][12.240s][info][gc,stats    ]   CWRF: Weak References            1516 us, workers (us): 185, 1265,  66, ---, ---, ---, 
[2026-04-03T02:30:42.381+0600][12.240s][info][gc,stats    ] Concurrent Weak Roots              2121 us
[2026-04-03T02:30:42.381+0600][12.240s][info][gc,stats    ]   Roots                            1535 us, parallelism: 2.43x
[2026-04-03T02:30:42.381+0600][12.240s][info][gc,stats    ]     CWR: <total>                   3729 us
[2026-04-03T02:30:42.381+0600][12.240s][info][gc,stats    ]     CWR: Code Cache Roots          1500 us, workers (us): 433, 579, 488, ---, ---, ---, 
[2026-04-03T02:30:42.381+0600][12.240s][info][gc,stats    ]     CWR: VM Weak Roots             2206 us, workers (us): 770, 755, 680, ---, ---, ---, 
[2026-04-03T02:30:42.381+0600][12.240s][info][gc,stats    ]     CWR: CLDG Roots                  23 us, workers (us):  23, ---, ---, ---, ---, ---, 
[2026-04-03T02:30:42.381+0600][12.240s][info][gc,stats    ]   Rendezvous                        505 us
[2026-04-03T02:30:42.381+0600][12.240s][info][gc,stats    ] Concurrent Cleanup                  147 us
[2026-04-03T02:30:42.381+0600][12.240s][info][gc,stats    ] Concurrent Class Unloading         5040 us
[2026-04-03T02:30:42.381+0600][12.240s][info][gc,stats    ]   Unlink Stale                     3263 us
[2026-04-03T02:30:42.381+0600][12.240s][info][gc,stats    ]     System Dictionary                39 us
[2026-04-03T02:30:42.381+0600][12.240s][info][gc,stats    ]     Weak Class Links                  0 us
[2026-04-03T02:30:42.381+0600][12.240s][info][gc,stats    ]     Code Roots                     3220 us
[2026-04-03T02:30:42.381+0600][12.240s][info][gc,stats    ]   Rendezvous                        233 us
[2026-04-03T02:30:42.381+0600][12.240s][info][gc,stats    ]   Purge Unlinked                   1456 us
[2026-04-03T02:30:42.381+0600][12.240s][info][gc,stats    ]     Code Roots                     1438 us
[2026-04-03T02:30:42.381+0600][12.240s][info][gc,stats    ]     CLDG                             16 us
[2026-04-03T02:30:42.381+0600][12.240s][info][gc,stats    ]     Exception Caches                  0 us
[2026-04-03T02:30:42.381+0600][12.240s][info][gc,stats    ] Concurrent Strong Roots            1370 us, parallelism: 0.75x
[2026-04-03T02:30:42.381+0600][12.240s][info][gc,stats    ]   CSR: <total>                     1031 us
[2026-04-03T02:30:42.381+0600][12.240s][info][gc,stats    ]   CSR: VM Strong Roots               31 us, workers (us):  24,   7,   0, ---, ---, ---, 
[2026-04-03T02:30:42.381+0600][12.240s][info][gc,stats    ]   CSR: CLDG Roots                  1000 us, workers (us): ---, 1000, ---, ---, ---, ---, 
[2026-04-03T02:30:42.381+0600][12.240s][info][gc,stats    ] Concurrent Evacuation              7944 us
[2026-04-03T02:30:42.381+0600][12.240s][info][gc,stats    ] Pause Init Update Refs (G)          406 us
[2026-04-03T02:30:42.381+0600][12.240s][info][gc,stats    ] Pause Init Update Refs (N)           98 us
[2026-04-03T02:30:42.381+0600][12.240s][info][gc,stats    ]   Manage GCLABs                      15 us
[2026-04-03T02:30:42.381+0600][12.240s][info][gc,stats    ] Concurrent Update Refs            10241 us
[2026-04-03T02:30:42.381+0600][12.240s][info][gc,stats    ] Concurrent Update Thread Roots     1244 us
[2026-04-03T02:30:42.381+0600][12.240s][info][gc,stats    ] Pause Final Update Refs (G)         273 us
[2026-04-03T02:30:42.381+0600][12.240s][info][gc,stats    ] Pause Final Update Refs (N)         171 us
[2026-04-03T02:30:42.381+0600][12.240s][info][gc,stats    ]   Update Region States               39 us
[2026-04-03T02:30:42.381+0600][12.240s][info][gc,stats    ]   Trash Collection Set               11 us
[2026-04-03T02:30:42.381+0600][12.240s][info][gc,stats    ]   Rebuild Free Set                   32 us
[2026-04-03T02:30:42.381+0600][12.240s][info][gc,stats    ] Concurrent Cleanup                  488 us
[2026-04-03T02:30:42.381+0600][12.240s][info][gc,stats    ] 
[2026-04-03T02:30:42.381+0600][12.240s][info][gc,stats    ] Allocation pacing accrued:
[2026-04-03T02:30:42.381+0600][12.240s][info][gc,stats    ]       0 of  3680 ms (  0.0%): <total>
[2026-04-03T02:30:42.381+0600][12.240s][info][gc,stats    ]       0 of  3680 ms (  0.0%): <average total>
[2026-04-03T02:30:42.381+0600][12.240s][info][gc,stats    ] 
[2026-04-03T02:30:42.381+0600][12.240s][info][gc,metaspace] Metaspace: 70272K(70784K)->70682K(71168K) NonClass: 61721K(62016K)->62076K(62336K) Class: 8551K(8768K)->8606K(8832K)
[2026-04-03T02:30:42.381+0600][12.240s][info][gc,ergo     ] Pacer for Idle. Initial: 25600K, Alloc Tax Rate: 1.0x
[2026-04-03T02:30:45.566+0600][15.425s][info][gc          ] Trigger: Learning 5 of 5. Free (874M) is below initial threshold (875M)
[2026-04-03T02:30:45.566+0600][15.425s][info][gc,ergo     ] Free: 874M, Max: 512K regular, 874M humongous, Frag: 0% external, 0% internal; Reserve: 64000K, Max: 512K
[2026-04-03T02:30:45.566+0600][15.425s][info][gc,start    ] GC(4) Concurrent reset
[2026-04-03T02:30:45.566+0600][15.425s][info][gc,task     ] GC(4) Using 3 of 6 workers for concurrent reset
[2026-04-03T02:30:45.566+0600][15.425s][info][gc,ergo     ] GC(4) Pacer for Reset. Non-Taxable: 1250M
[2026-04-03T02:30:45.568+0600][15.427s][info][gc          ] GC(4) Concurrent reset 1.622ms
[2026-04-03T02:30:45.568+0600][15.428s][info][gc,start    ] GC(4) Pause Init Mark (unload classes)
[2026-04-03T02:30:45.569+0600][15.428s][info][gc,task     ] GC(4) Using 6 of 6 workers for init marking
[2026-04-03T02:30:45.569+0600][15.428s][info][gc,ergo     ] GC(4) Pacer for Mark. Expected Live: 22759K, Free: 874M, Non-Taxable: 89529K, Alloc Tax Rate: 0.0x
[2026-04-03T02:30:45.569+0600][15.428s][info][gc          ] GC(4) Pause Init Mark (unload classes) 0.127ms
[2026-04-03T02:30:45.569+0600][15.428s][info][gc,start    ] GC(4) Concurrent marking roots
[2026-04-03T02:30:45.569+0600][15.428s][info][gc,task     ] GC(4) Using 3 of 6 workers for concurrent marking roots
[2026-04-03T02:30:45.571+0600][15.430s][info][gc          ] GC(4) Concurrent marking roots 2.268ms
[2026-04-03T02:30:45.571+0600][15.430s][info][gc,start    ] GC(4) Concurrent marking (unload classes)
[2026-04-03T02:30:45.571+0600][15.430s][info][gc,task     ] GC(4) Using 3 of 6 workers for concurrent marking
[2026-04-03T02:30:45.610+0600][15.469s][info][gc          ] GC(4) Concurrent marking (unload classes) 38.640ms
[2026-04-03T02:30:45.610+0600][15.469s][info][gc,start    ] GC(4) Pause Final Mark (unload classes)
[2026-04-03T02:30:45.610+0600][15.469s][info][gc,task     ] GC(4) Using 6 of 6 workers for final marking
[2026-04-03T02:30:45.610+0600][15.470s][info][gc,ergo     ] GC(4) Adaptive CSet Selection. Target Free: 177M, Actual Free: 942M, Max CSet: 53333K, Min Garbage: 0B
[2026-04-03T02:30:45.611+0600][15.470s][info][gc,ergo     ] GC(4) Collectable Garbage: 257M (99%), Immediate: 10440K (3%), CSet: 247M (95%)
[2026-04-03T02:30:45.611+0600][15.470s][info][gc,ergo     ] GC(4) Pacer for Evacuation. Used CSet: 263M, Free: 882M, Non-Taxable: 90348K, Alloc Tax Rate: 1.1x
[2026-04-03T02:30:45.611+0600][15.470s][info][gc          ] GC(4) Pause Final Mark (unload classes) 0.843ms
[2026-04-03T02:30:45.611+0600][15.470s][info][gc,start    ] GC(4) Concurrent thread roots
[2026-04-03T02:30:45.611+0600][15.470s][info][gc,task     ] GC(4) Using 3 of 6 workers for Concurrent thread roots
[2026-04-03T02:30:45.612+0600][15.471s][info][gc          ] GC(4) Concurrent thread roots 1.086ms
[2026-04-03T02:30:45.612+0600][15.471s][info][gc,start    ] GC(4) Concurrent weak references
[2026-04-03T02:30:45.612+0600][15.471s][info][gc,task     ] GC(4) Using 3 of 6 workers for concurrent weak references
[2026-04-03T02:30:45.614+0600][15.473s][info][gc,ref      ] GC(4) Encountered references: Soft: 5247, Weak: 13810, Final: 84, Phantom: 596
[2026-04-03T02:30:45.614+0600][15.473s][info][gc,ref      ] GC(4) Discovered  references: Soft: 0, Weak: 6956, Final: 0, Phantom: 589
[2026-04-03T02:30:45.614+0600][15.473s][info][gc,ref      ] GC(4) Enqueued    references: Soft: 0, Weak: 2607, Final: 0, Phantom: 1
[2026-04-03T02:30:45.614+0600][15.473s][info][gc          ] GC(4) Concurrent weak references 1.685ms
[2026-04-03T02:30:45.614+0600][15.473s][info][gc,start    ] GC(4) Concurrent weak roots
[2026-04-03T02:30:45.614+0600][15.473s][info][gc,task     ] GC(4) Using 3 of 6 workers for concurrent weak root
[2026-04-03T02:30:45.618+0600][15.477s][info][gc          ] GC(4) Concurrent weak roots 4.159ms
[2026-04-03T02:30:45.618+0600][15.477s][info][gc,start    ] GC(4) Concurrent cleanup
[2026-04-03T02:30:45.618+0600][15.478s][info][gc          ] GC(4) Concurrent cleanup 313M->303M(347M) 0.175ms
[2026-04-03T02:30:45.618+0600][15.478s][info][gc,ergo     ] GC(4) Free: 881M, Max: 512K regular, 869M humongous, Frag: 2% external, 0% internal; Reserve: 62855K, Max: 512K
[2026-04-03T02:30:45.618+0600][15.478s][info][gc,start    ] GC(4) Concurrent class unloading
[2026-04-03T02:30:45.618+0600][15.478s][info][gc,task     ] GC(4) Using 3 of 6 workers for concurrent class unloading
[2026-04-03T02:30:45.629+0600][15.489s][info][gc          ] GC(4) Concurrent class unloading 10.951ms
[2026-04-03T02:30:45.629+0600][15.489s][info][gc,start    ] GC(4) Concurrent strong roots
[2026-04-03T02:30:45.629+0600][15.489s][info][gc,task     ] GC(4) Using 3 of 6 workers for concurrent strong root
[2026-04-03T02:30:45.633+0600][15.492s][info][gc          ] GC(4) Concurrent strong roots 3.440ms
[2026-04-03T02:30:45.633+0600][15.492s][info][gc,start    ] GC(4) Concurrent evacuation
[2026-04-03T02:30:45.633+0600][15.492s][info][gc,task     ] GC(4) Using 3 of 6 workers for concurrent evacuation
[2026-04-03T02:30:45.646+0600][15.505s][info][gc          ] GC(4) Concurrent evacuation 13.223ms
[2026-04-03T02:30:45.646+0600][15.506s][info][gc,start    ] GC(4) Pause Init Update Refs
[2026-04-03T02:30:45.646+0600][15.506s][info][gc,ergo     ] GC(4) Pacer for Update Refs. Used: 318M, Free: 881M, Non-Taxable: 90297K, Alloc Tax Rate: 1.1x
[2026-04-03T02:30:45.646+0600][15.506s][info][gc          ] GC(4) Pause Init Update Refs 0.100ms
[2026-04-03T02:30:45.646+0600][15.506s][info][gc,start    ] GC(4) Concurrent update references
[2026-04-03T02:30:45.646+0600][15.506s][info][gc,task     ] GC(4) Using 3 of 6 workers for concurrent reference update
[2026-04-03T02:30:45.670+0600][15.529s][info][gc          ] GC(4) Concurrent update references 23.148ms
[2026-04-03T02:30:45.670+0600][15.529s][info][gc,start    ] GC(4) Concurrent update thread roots
[2026-04-03T02:30:45.670+0600][15.530s][info][gc          ] GC(4) Concurrent update thread roots 0.753ms
[2026-04-03T02:30:45.671+0600][15.530s][info][gc,start    ] GC(4) Pause Final Update Refs
[2026-04-03T02:30:45.671+0600][15.530s][info][gc,task     ] GC(4) Using 6 of 6 workers for final reference update
[2026-04-03T02:30:45.671+0600][15.530s][info][gc          ] GC(4) Pause Final Update Refs 0.260ms
[2026-04-03T02:30:45.671+0600][15.530s][info][gc,start    ] GC(4) Concurrent cleanup
[2026-04-03T02:30:45.671+0600][15.531s][info][gc          ] GC(4) Concurrent cleanup 318M->55M(362M) 0.267ms
[2026-04-03T02:30:45.671+0600][15.531s][info][gc,ergo     ] Free: 1129M, Max: 512K regular, 854M humongous, Frag: 25% external, 0% internal; Reserve: 64000K, Max: 512K
[2026-04-03T02:30:45.671+0600][15.531s][info][gc,stats    ] 
[2026-04-03T02:30:45.671+0600][15.531s][info][gc,stats    ] All times are wall-clock times, except per-root-class counters, that are sum over
[2026-04-03T02:30:45.671+0600][15.531s][info][gc,stats    ] all workers. Dividing the <total> over the root stage time estimates parallelism.
[2026-04-03T02:30:45.671+0600][15.531s][info][gc,stats    ] 
[2026-04-03T02:30:45.671+0600][15.531s][info][gc,stats    ] Concurrent Reset                   1740 us
[2026-04-03T02:30:45.671+0600][15.531s][info][gc,stats    ] Pause Init Mark (G)                 988 us
[2026-04-03T02:30:45.671+0600][15.531s][info][gc,stats    ] Pause Init Mark (N)                 138 us
[2026-04-03T02:30:45.671+0600][15.531s][info][gc,stats    ]   Update Region States               31 us
[2026-04-03T02:30:45.671+0600][15.531s][info][gc,stats    ] Concurrent Mark Roots              2331 us, parallelism: 1.52x
[2026-04-03T02:30:45.671+0600][15.531s][info][gc,stats    ]   CMR: <total>                     3546 us
[2026-04-03T02:30:45.671+0600][15.531s][info][gc,stats    ]   CMR: Thread Roots                3217 us, workers (us): 1590, 1626,   0, ---, ---, ---, 
[2026-04-03T02:30:45.672+0600][15.531s][info][gc,stats    ]   CMR: VM Strong Roots               68 us, workers (us):  47,  20,   0, ---, ---, ---, 
[2026-04-03T02:30:45.672+0600][15.531s][info][gc,stats    ]   CMR: CLDG Roots                   261 us, workers (us): ---, 261, ---, ---, ---, ---, 
[2026-04-03T02:30:45.672+0600][15.531s][info][gc,stats    ] Concurrent Marking                38850 us
[2026-04-03T02:30:45.672+0600][15.531s][info][gc,stats    ] Pause Final Mark (G)               1077 us
[2026-04-03T02:30:45.672+0600][15.531s][info][gc,stats    ] Pause Final Mark (N)                863 us
[2026-04-03T02:30:45.672+0600][15.531s][info][gc,stats    ]   Finish Mark                       294 us
[2026-04-03T02:30:45.672+0600][15.531s][info][gc,stats    ]   Update Region States               49 us
[2026-04-03T02:30:45.672+0600][15.531s][info][gc,stats    ]   Choose Collection Set             335 us
[2026-04-03T02:30:45.672+0600][15.531s][info][gc,stats    ]   Rebuild Free Set                   27 us
[2026-04-03T02:30:45.672+0600][15.531s][info][gc,stats    ] Concurrent Thread Roots            1149 us, parallelism: 2.05x
[2026-04-03T02:30:45.672+0600][15.531s][info][gc,stats    ]   CTR: <total>                     2359 us
[2026-04-03T02:30:45.672+0600][15.531s][info][gc,stats    ]   CTR: Thread Roots                2359 us, workers (us): 893, 747, 719, ---, ---, ---, 
[2026-04-03T02:30:45.672+0600][15.531s][info][gc,stats    ] Concurrent Weak References         1701 us, parallelism: 1.29x
[2026-04-03T02:30:45.672+0600][15.531s][info][gc,stats    ]   CWRF: <total>                    2200 us
[2026-04-03T02:30:45.672+0600][15.531s][info][gc,stats    ]   CWRF: Weak References            2200 us, workers (us): 563, 1389, 248, ---, ---, ---, 
[2026-04-03T02:30:45.672+0600][15.531s][info][gc,stats    ] Concurrent Weak Roots              4252 us
[2026-04-03T02:30:45.672+0600][15.531s][info][gc,stats    ]   Roots                            3904 us, parallelism: 2.71x
[2026-04-03T02:30:45.672+0600][15.531s][info][gc,stats    ]     CWR: <total>                  10566 us
[2026-04-03T02:30:45.672+0600][15.531s][info][gc,stats    ]     CWR: Code Cache Roots          4634 us, workers (us): 1561, 1650, 1424, ---, ---, ---, 
[2026-04-03T02:30:45.672+0600][15.531s][info][gc,stats    ]     CWR: VM Weak Roots             5799 us, workers (us): 1964, 1923, 1912, ---, ---, ---, 
[2026-04-03T02:30:45.672+0600][15.531s][info][gc,stats    ]     CWR: CLDG Roots                 133 us, workers (us): ---, ---, 133, ---, ---, ---, 
[2026-04-03T02:30:45.672+0600][15.531s][info][gc,stats    ]   Rendezvous                        223 us
[2026-04-03T02:30:45.672+0600][15.531s][info][gc,stats    ] Concurrent Cleanup                  190 us
[2026-04-03T02:30:45.672+0600][15.531s][info][gc,stats    ] Concurrent Class Unloading        11032 us
[2026-04-03T02:30:45.672+0600][15.531s][info][gc,stats    ]   Unlink Stale                     6388 us
[2026-04-03T02:30:45.672+0600][15.531s][info][gc,stats    ]     System Dictionary               128 us
[2026-04-03T02:30:45.672+0600][15.531s][info][gc,stats    ]     Weak Class Links                  0 us
[2026-04-03T02:30:45.672+0600][15.531s][info][gc,stats    ]     Code Roots                     6255 us
[2026-04-03T02:30:45.672+0600][15.531s][info][gc,stats    ]   Rendezvous                        223 us
[2026-04-03T02:30:45.672+0600][15.531s][info][gc,stats    ]   Purge Unlinked                   4305 us
[2026-04-03T02:30:45.672+0600][15.531s][info][gc,stats    ]     Code Roots                     4266 us
[2026-04-03T02:30:45.672+0600][15.531s][info][gc,stats    ]     CLDG                             38 us
[2026-04-03T02:30:45.672+0600][15.531s][info][gc,stats    ]     Exception Caches                  1 us
[2026-04-03T02:30:45.672+0600][15.531s][info][gc,stats    ] Concurrent Strong Roots            3498 us, parallelism: 0.88x
[2026-04-03T02:30:45.672+0600][15.531s][info][gc,stats    ]   CSR: <total>                     3069 us
[2026-04-03T02:30:45.672+0600][15.531s][info][gc,stats    ]   CSR: VM Strong Roots               58 us, workers (us):  18,  32,   8, ---, ---, ---, 
[2026-04-03T02:30:45.672+0600][15.531s][info][gc,stats    ]   CSR: CLDG Roots                  3010 us, workers (us): ---, ---, 3010, ---, ---, ---, 
[2026-04-03T02:30:45.672+0600][15.531s][info][gc,stats    ] Concurrent Evacuation             13275 us
[2026-04-03T02:30:45.672+0600][15.531s][info][gc,stats    ] Pause Init Update Refs (G)          308 us
[2026-04-03T02:30:45.672+0600][15.531s][info][gc,stats    ] Pause Init Update Refs (N)          114 us
[2026-04-03T02:30:45.672+0600][15.531s][info][gc,stats    ]   Manage GCLABs                      22 us
[2026-04-03T02:30:45.672+0600][15.531s][info][gc,stats    ] Concurrent Update Refs            23242 us
[2026-04-03T02:30:45.672+0600][15.531s][info][gc,stats    ] Concurrent Update Thread Roots      808 us
[2026-04-03T02:30:45.672+0600][15.531s][info][gc,stats    ] Pause Final Update Refs (G)         480 us
[2026-04-03T02:30:45.672+0600][15.531s][info][gc,stats    ] Pause Final Update Refs (N)         316 us
[2026-04-03T02:30:45.672+0600][15.531s][info][gc,stats    ]   Update Region States               90 us
[2026-04-03T02:30:45.672+0600][15.531s][info][gc,stats    ]   Trash Collection Set               17 us
[2026-04-03T02:30:45.672+0600][15.531s][info][gc,stats    ]   Rebuild Free Set                   39 us
[2026-04-03T02:30:45.672+0600][15.531s][info][gc,stats    ] Concurrent Cleanup                  293 us
[2026-04-03T02:30:45.672+0600][15.531s][info][gc,stats    ] 
[2026-04-03T02:30:45.672+0600][15.531s][info][gc,stats    ] Allocation pacing accrued:
[2026-04-03T02:30:45.672+0600][15.531s][info][gc,stats    ]       0 of  3291 ms (  0.0%): <total>
[2026-04-03T02:30:45.672+0600][15.531s][info][gc,stats    ]       0 of  3291 ms (  0.0%): <average total>
[2026-04-03T02:30:45.672+0600][15.531s][info][gc,stats    ] 
[2026-04-03T02:30:45.672+0600][15.531s][info][gc,metaspace] Metaspace: 110238K(111040K)->110493K(111296K) NonClass: 96321K(96768K)->96501K(96960K) Class: 13917K(14272K)->13991K(14336K)
[2026-04-03T02:30:45.672+0600][15.531s][info][gc,ergo     ] Pacer for Idle. Initial: 25600K, Alloc Tax Rate: 1.0x
[2026-04-03T02:30:51.038+0600][20.897s][info][gc          ] Trigger: Explicit GC request (System.gc())
[2026-04-03T02:30:51.038+0600][20.897s][info][gc,ergo     ] Free: 203M, Max: 512K regular, 203M humongous, Frag: 0% external, 0% internal; Reserve: 64000K, Max: 512K
[2026-04-03T02:30:51.038+0600][20.897s][info][gc,start    ] GC(5) Concurrent reset
[2026-04-03T02:30:51.038+0600][20.897s][info][gc,task     ] GC(5) Using 3 of 6 workers for concurrent reset
[2026-04-03T02:30:51.038+0600][20.897s][info][gc,ergo     ] GC(5) Pacer for Reset. Non-Taxable: 1250M
[2026-04-03T02:30:51.039+0600][20.898s][info][gc          ] GC(5) Concurrent reset 1.016ms
[2026-04-03T02:30:51.039+0600][20.898s][info][gc,start    ] GC(5) Pause Init Mark (unload classes)
[2026-04-03T02:30:51.039+0600][20.898s][info][gc,task     ] GC(5) Using 6 of 6 workers for init marking
[2026-04-03T02:30:51.039+0600][20.898s][info][gc,ref      ] GC(5) Clearing All SoftReferences
[2026-04-03T02:30:51.039+0600][20.898s][info][gc,ergo     ] GC(5) Pacer for Mark. Expected Live: 27890K, Free: 203M, Non-Taxable: 20870K, Alloc Tax Rate: 0.2x
[2026-04-03T02:30:51.039+0600][20.898s][info][gc          ] GC(5) Pause Init Mark (unload classes) 0.149ms
[2026-04-03T02:30:51.039+0600][20.898s][info][gc,start    ] GC(5) Concurrent marking roots
[2026-04-03T02:30:51.039+0600][20.899s][info][gc,task     ] GC(5) Using 3 of 6 workers for concurrent marking roots
[2026-04-03T02:30:51.040+0600][20.900s][info][gc          ] GC(5) Concurrent marking roots 1.151ms
[2026-04-03T02:30:51.040+0600][20.900s][info][gc,start    ] GC(5) Concurrent marking (unload classes)
[2026-04-03T02:30:51.040+0600][20.900s][info][gc,task     ] GC(5) Using 3 of 6 workers for concurrent marking
[2026-04-03T02:30:51.095+0600][20.954s][info][gc          ] GC(5) Concurrent marking (unload classes) 54.562ms
[2026-04-03T02:30:51.095+0600][20.954s][info][gc,start    ] GC(5) Pause Final Mark (unload classes)
[2026-04-03T02:30:51.095+0600][20.954s][info][gc,task     ] GC(5) Using 6 of 6 workers for final marking
[2026-04-03T02:30:51.096+0600][20.955s][info][gc,ergo     ] GC(5) Adaptive CSet Selection. Target Free: 177M, Actual Free: 768M, Max CSet: 53333K, Min Garbage: 0B
[2026-04-03T02:30:51.096+0600][20.955s][info][gc,ergo     ] GC(5) Collectable Garbage: 837M (99%), Immediate: 502M (59%), CSet: 334M (39%)
[2026-04-03T02:30:51.096+0600][20.955s][info][gc,ergo     ] GC(5) Pacer for Evacuation. Used CSet: 359M, Free: 772M, Non-Taxable: 79148K, Alloc Tax Rate: 1.1x
[2026-04-03T02:30:51.096+0600][20.955s][info][gc          ] GC(5) Pause Final Mark (unload classes) 0.778ms
[2026-04-03T02:30:51.096+0600][20.955s][info][gc,start    ] GC(5) Concurrent thread roots
[2026-04-03T02:30:51.096+0600][20.955s][info][gc,task     ] GC(5) Using 3 of 6 workers for Concurrent thread roots
[2026-04-03T02:30:51.097+0600][20.956s][info][gc          ] GC(5) Concurrent thread roots 0.572ms
[2026-04-03T02:30:51.097+0600][20.956s][info][gc,start    ] GC(5) Concurrent weak references
[2026-04-03T02:30:51.097+0600][20.956s][info][gc,task     ] GC(5) Using 3 of 6 workers for concurrent weak references
[2026-04-03T02:30:51.099+0600][20.958s][info][gc,ref      ] GC(5) Encountered references: Soft: 5590, Weak: 15668, Final: 84, Phantom: 612
[2026-04-03T02:30:51.099+0600][20.958s][info][gc,ref      ] GC(5) Discovered  references: Soft: 3249, Weak: 10501, Final: 84, Phantom: 610
[2026-04-03T02:30:51.099+0600][20.958s][info][gc,ref      ] GC(5) Enqueued    references: Soft: 2798, Weak: 2886, Final: 0, Phantom: 2
[2026-04-03T02:30:51.099+0600][20.958s][info][gc          ] GC(5) Concurrent weak references 2.176ms
[2026-04-03T02:30:51.099+0600][20.958s][info][gc,start    ] GC(5) Concurrent weak roots
[2026-04-03T02:30:51.099+0600][20.958s][info][gc,task     ] GC(5) Using 3 of 6 workers for concurrent weak root
[2026-04-03T02:30:51.102+0600][20.961s][info][gc          ] GC(5) Concurrent weak roots 3.058ms
[2026-04-03T02:30:51.102+0600][20.961s][info][gc,start    ] GC(5) Concurrent cleanup
[2026-04-03T02:30:51.102+0600][20.962s][info][gc          ] GC(5) Concurrent cleanup 915M->412M(986M) 0.493ms
[2026-04-03T02:30:51.102+0600][20.962s][info][gc,ergo     ] GC(5) Free: 772M, Max: 512K regular, 205M humongous, Frag: 74% external, 0% internal; Reserve: 62847K, Max: 512K
[2026-04-03T02:30:51.102+0600][20.962s][info][gc,start    ] GC(5) Concurrent class unloading
[2026-04-03T02:30:51.102+0600][20.962s][info][gc,task     ] GC(5) Using 3 of 6 workers for concurrent class unloading
[2026-04-03T02:30:51.157+0600][21.016s][info][gc          ] GC(5) Concurrent class unloading 54.056ms
[2026-04-03T02:30:51.157+0600][21.016s][info][gc,start    ] GC(5) Concurrent strong roots
[2026-04-03T02:30:51.157+0600][21.016s][info][gc,task     ] GC(5) Using 3 of 6 workers for concurrent strong root
[2026-04-03T02:30:51.157+0600][21.017s][info][gc          ] GC(5) Concurrent strong roots 0.730ms
[2026-04-03T02:30:51.157+0600][21.017s][info][gc,start    ] GC(5) Concurrent evacuation
[2026-04-03T02:30:51.157+0600][21.017s][info][gc,task     ] GC(5) Using 3 of 6 workers for concurrent evacuation
[2026-04-03T02:30:51.186+0600][21.045s][info][gc          ] GC(5) Concurrent evacuation 28.707ms
[2026-04-03T02:30:51.187+0600][21.046s][info][gc,start    ] GC(5) Pause Init Update Refs
[2026-04-03T02:30:51.187+0600][21.046s][info][gc,ergo     ] GC(5) Pacer for Update Refs. Used: 447M, Free: 763M, Non-Taxable: 78168K, Alloc Tax Rate: 1.1x
[2026-04-03T02:30:51.187+0600][21.046s][info][gc          ] GC(5) Pause Init Update Refs 0.160ms
[2026-04-03T02:30:51.187+0600][21.046s][info][gc,start    ] GC(5) Concurrent update references
[2026-04-03T02:30:51.187+0600][21.046s][info][gc,task     ] GC(5) Using 3 of 6 workers for concurrent reference update
[2026-04-03T02:30:51.224+0600][21.083s][info][gc          ] GC(5) Concurrent update references 36.817ms
[2026-04-03T02:30:51.224+0600][21.083s][info][gc,start    ] GC(5) Concurrent update thread roots
[2026-04-03T02:30:51.225+0600][21.084s][info][gc          ] GC(5) Concurrent update thread roots 0.897ms
[2026-04-03T02:30:51.225+0600][21.084s][info][gc,start    ] GC(5) Pause Final Update Refs
[2026-04-03T02:30:51.225+0600][21.084s][info][gc,task     ] GC(5) Using 6 of 6 workers for final reference update
[2026-04-03T02:30:51.225+0600][21.085s][info][gc          ] GC(5) Pause Final Update Refs 0.237ms
[2026-04-03T02:30:51.225+0600][21.085s][info][gc,start    ] GC(5) Concurrent cleanup
[2026-04-03T02:30:51.226+0600][21.086s][info][gc          ] GC(5) Concurrent cleanup 460M->101M(1010M) 0.839ms
[2026-04-03T02:30:51.226+0600][21.086s][info][gc,ergo     ] Free: 1084M, Max: 512K regular, 754M humongous, Frag: 31% external, 0% internal; Reserve: 64000K, Max: 512K
[2026-04-03T02:30:51.226+0600][21.086s][info][gc,stats    ] 
[2026-04-03T02:30:51.226+0600][21.086s][info][gc,stats    ] All times are wall-clock times, except per-root-class counters, that are sum over
[2026-04-03T02:30:51.226+0600][21.086s][info][gc,stats    ] all workers. Dividing the <total> over the root stage time estimates parallelism.
[2026-04-03T02:30:51.226+0600][21.086s][info][gc,stats    ] 
[2026-04-03T02:30:51.226+0600][21.086s][info][gc,stats    ] Concurrent Reset                   1066 us
[2026-04-03T02:30:51.226+0600][21.086s][info][gc,stats    ] Pause Init Mark (G)                 487 us
[2026-04-03T02:30:51.226+0600][21.086s][info][gc,stats    ] Pause Init Mark (N)                 160 us
[2026-04-03T02:30:51.226+0600][21.086s][info][gc,stats    ]   Update Region States               32 us
[2026-04-03T02:30:51.226+0600][21.086s][info][gc,stats    ] Concurrent Mark Roots              1184 us, parallelism: 1.63x
[2026-04-03T02:30:51.226+0600][21.086s][info][gc,stats    ]   CMR: <total>                     1932 us
[2026-04-03T02:30:51.226+0600][21.086s][info][gc,stats    ]   CMR: Thread Roots                1310 us, workers (us): 610,  88, 613, ---, ---, ---, 
[2026-04-03T02:30:51.226+0600][21.086s][info][gc,stats    ]   CMR: VM Strong Roots              110 us, workers (us):  69,  40,   1, ---, ---, ---, 
[2026-04-03T02:30:51.227+0600][21.086s][info][gc,stats    ]   CMR: CLDG Roots                   512 us, workers (us): ---, 512, ---, ---, ---, ---, 
[2026-04-03T02:30:51.227+0600][21.086s][info][gc,stats    ] Concurrent Marking                54627 us
[2026-04-03T02:30:51.227+0600][21.086s][info][gc,stats    ] Pause Final Mark (G)                989 us
[2026-04-03T02:30:51.227+0600][21.086s][info][gc,stats    ] Pause Final Mark (N)                788 us
[2026-04-03T02:30:51.227+0600][21.086s][info][gc,stats    ]   Finish Mark                       335 us
[2026-04-03T02:30:51.227+0600][21.086s][info][gc,stats    ]   Update Region States               41 us
[2026-04-03T02:30:51.227+0600][21.086s][info][gc,stats    ]   Choose Collection Set             277 us
[2026-04-03T02:30:51.227+0600][21.086s][info][gc,stats    ]   Rebuild Free Set                   32 us
[2026-04-03T02:30:51.227+0600][21.086s][info][gc,stats    ] Concurrent Thread Roots             613 us, parallelism: 1.47x
[2026-04-03T02:30:51.227+0600][21.086s][info][gc,stats    ]   CTR: <total>                      903 us
[2026-04-03T02:30:51.227+0600][21.086s][info][gc,stats    ]   CTR: Thread Roots                 903 us, workers (us): 326, 297, 280, ---, ---, ---, 
[2026-04-03T02:30:51.227+0600][21.086s][info][gc,stats    ] Concurrent Weak References         2184 us, parallelism: 1.28x
[2026-04-03T02:30:51.227+0600][21.086s][info][gc,stats    ]   CWRF: <total>                    2789 us
[2026-04-03T02:30:51.227+0600][21.086s][info][gc,stats    ]   CWRF: Weak References            2789 us, workers (us): 595, 1896, 298, ---, ---, ---, 
[2026-04-03T02:30:51.227+0600][21.086s][info][gc,stats    ] Concurrent Weak Roots              3132 us
[2026-04-03T02:30:51.227+0600][21.086s][info][gc,stats    ]   Roots                            2811 us, parallelism: 2.58x
[2026-04-03T02:30:51.227+0600][21.086s][info][gc,stats    ]     CWR: <total>                   7253 us
[2026-04-03T02:30:51.227+0600][21.086s][info][gc,stats    ]     CWR: Code Cache Roots          4162 us, workers (us): 1422, 1482, 1259, ---, ---, ---, 
[2026-04-03T02:30:51.227+0600][21.086s][info][gc,stats    ]     CWR: VM Weak Roots             2892 us, workers (us): 998, 976, 918, ---, ---, ---, 
[2026-04-03T02:30:51.227+0600][21.086s][info][gc,stats    ]     CWR: CLDG Roots                 198 us, workers (us): ---, ---, 198, ---, ---, ---, 
[2026-04-03T02:30:51.227+0600][21.086s][info][gc,stats    ]   Rendezvous                        227 us
[2026-04-03T02:30:51.227+0600][21.086s][info][gc,stats    ] Concurrent Cleanup                  518 us
[2026-04-03T02:30:51.227+0600][21.086s][info][gc,stats    ] Concurrent Class Unloading        54146 us
[2026-04-03T02:30:51.227+0600][21.086s][info][gc,stats    ]   Unlink Stale                    29559 us
[2026-04-03T02:30:51.227+0600][21.086s][info][gc,stats    ]     System Dictionary              1493 us
[2026-04-03T02:30:51.227+0600][21.086s][info][gc,stats    ]     Weak Class Links              17270 us
[2026-04-03T02:30:51.227+0600][21.086s][info][gc,stats    ]     Code Roots                    10790 us
[2026-04-03T02:30:51.227+0600][21.086s][info][gc,stats    ]   Rendezvous                        273 us
[2026-04-03T02:30:51.227+0600][21.086s][info][gc,stats    ]   Purge Unlinked                  24188 us
[2026-04-03T02:30:51.227+0600][21.086s][info][gc,stats    ]     Code Roots                    21651 us
[2026-04-03T02:30:51.227+0600][21.086s][info][gc,stats    ]     CLDG                           2535 us
[2026-04-03T02:30:51.227+0600][21.086s][info][gc,stats    ]     Exception Caches                  0 us
[2026-04-03T02:30:51.227+0600][21.086s][info][gc,stats    ] Concurrent Strong Roots             767 us, parallelism: 0.64x
[2026-04-03T02:30:51.227+0600][21.086s][info][gc,stats    ]   CSR: <total>                      490 us
[2026-04-03T02:30:51.227+0600][21.086s][info][gc,stats    ]   CSR: VM Strong Roots               46 us, workers (us):  25,  19,   1, ---, ---, ---, 
[2026-04-03T02:30:51.227+0600][21.086s][info][gc,stats    ]   CSR: CLDG Roots                   444 us, workers (us): ---, 444, ---, ---, ---, ---, 
[2026-04-03T02:30:51.227+0600][21.086s][info][gc,stats    ] Concurrent Evacuation             28800 us
[2026-04-03T02:30:51.227+0600][21.086s][info][gc,stats    ] Pause Init Update Refs (G)          640 us
[2026-04-03T02:30:51.227+0600][21.086s][info][gc,stats    ] Pause Init Update Refs (N)          174 us
[2026-04-03T02:30:51.227+0600][21.086s][info][gc,stats    ]   Manage GCLABs                      35 us
[2026-04-03T02:30:51.227+0600][21.086s][info][gc,stats    ] Concurrent Update Refs            36925 us
[2026-04-03T02:30:51.227+0600][21.086s][info][gc,stats    ] Concurrent Update Thread Roots      997 us
[2026-04-03T02:30:51.227+0600][21.086s][info][gc,stats    ] Pause Final Update Refs (G)         613 us
[2026-04-03T02:30:51.227+0600][21.086s][info][gc,stats    ] Pause Final Update Refs (N)         263 us
[2026-04-03T02:30:51.227+0600][21.086s][info][gc,stats    ]   Update Region States               61 us
[2026-04-03T02:30:51.227+0600][21.086s][info][gc,stats    ]   Trash Collection Set               30 us
[2026-04-03T02:30:51.227+0600][21.086s][info][gc,stats    ]   Rebuild Free Set                   54 us
[2026-04-03T02:30:51.227+0600][21.086s][info][gc,stats    ] Concurrent Cleanup                  878 us
[2026-04-03T02:30:51.227+0600][21.086s][info][gc,stats    ] 
[2026-04-03T02:30:51.227+0600][21.086s][info][gc,stats    ] Allocation pacing accrued:
[2026-04-03T02:30:51.227+0600][21.086s][info][gc,stats    ]       0 of  5555 ms (  0.0%): <total>
[2026-04-03T02:30:51.227+0600][21.086s][info][gc,stats    ]       0 of  5555 ms (  0.0%): <average total>
[2026-04-03T02:30:51.227+0600][21.086s][info][gc,stats    ] 
[2026-04-03T02:30:51.227+0600][21.086s][info][gc,metaspace] Metaspace: 122178K(123776K)->120808K(123968K) NonClass: 106355K(107264K)->105315K(107392K) Class: 15822K(16512K)->15493K(16576K)
[2026-04-03T02:30:51.227+0600][21.086s][info][gc,ergo     ] Pacer for Idle. Initial: 25600K, Alloc Tax Rate: 1.0x
[2026-04-03T02:30:51.227+0600][21.086s][info][gc,start    ] Concurrent uncommit
[2026-04-03T02:30:51.372+0600][21.231s][info][gc          ] Concurrent uncommit 101M->129M(131M) 144.764ms
[2026-04-03T02:30:52.205+0600][22.064s][info][gc          ] Trigger: Learning 2 of 5. Free (870M) is below initial threshold (875M)
[2026-04-03T02:30:52.205+0600][22.065s][info][gc,ergo     ] Free: 870M, Max: 512K regular, 754M humongous, Frag: 14% external, 0% internal; Reserve: 64000K, Max: 512K
[2026-04-03T02:30:52.205+0600][22.065s][info][gc,start    ] GC(6) Concurrent reset
[2026-04-03T02:30:52.205+0600][22.065s][info][gc,task     ] GC(6) Using 3 of 6 workers for concurrent reset
[2026-04-03T02:30:52.205+0600][22.065s][info][gc,ergo     ] GC(6) Pacer for Reset. Non-Taxable: 1250M
[2026-04-03T02:30:52.207+0600][22.066s][info][gc          ] GC(6) Concurrent reset 1.895ms
[2026-04-03T02:30:52.212+0600][22.071s][info][gc,start    ] GC(6) Pause Init Mark (unload classes)
[2026-04-03T02:30:52.212+0600][22.071s][info][gc,task     ] GC(6) Using 6 of 6 workers for init marking
[2026-04-03T02:30:52.212+0600][22.071s][info][gc,ergo     ] GC(6) Pacer for Mark. Expected Live: 39626K, Free: 865M, Non-Taxable: 88664K, Alloc Tax Rate: 0.1x
[2026-04-03T02:30:52.212+0600][22.071s][info][gc          ] GC(6) Pause Init Mark (unload classes) 0.147ms
[2026-04-03T02:30:52.212+0600][22.071s][info][gc,start    ] GC(6) Concurrent marking roots
[2026-04-03T02:30:52.212+0600][22.071s][info][gc,task     ] GC(6) Using 3 of 6 workers for concurrent marking roots
[2026-04-03T02:30:52.214+0600][22.073s][info][gc          ] GC(6) Concurrent marking roots 1.877ms
[2026-04-03T02:30:52.214+0600][22.073s][info][gc,start    ] GC(6) Concurrent marking (unload classes)
[2026-04-03T02:30:52.214+0600][22.073s][info][gc,task     ] GC(6) Using 3 of 6 workers for concurrent marking
[2026-04-03T02:30:52.290+0600][22.149s][info][gc          ] GC(6) Concurrent marking (unload classes) 75.725ms
[2026-04-03T02:30:52.290+0600][22.149s][info][gc,start    ] GC(6) Pause Final Mark (unload classes)
[2026-04-03T02:30:52.290+0600][22.149s][info][gc,task     ] GC(6) Using 6 of 6 workers for final marking
[2026-04-03T02:30:52.290+0600][22.150s][info][gc,ergo     ] GC(6) Adaptive CSet Selection. Target Free: 177M, Actual Free: 886M, Max CSet: 53333K, Min Garbage: 0B
[2026-04-03T02:30:52.290+0600][22.150s][info][gc,ergo     ] GC(6) Collectable Garbage: 208M (97%), Immediate: 110M (51%), CSet: 100280K (45%)
[2026-04-03T02:30:52.291+0600][22.150s][info][gc,ergo     ] GC(6) Pacer for Evacuation. Used CSet: 105M, Free: 839M, Non-Taxable: 85931K, Alloc Tax Rate: 1.1x
[2026-04-03T02:30:52.291+0600][22.150s][info][gc          ] GC(6) Pause Final Mark (unload classes) 0.728ms
[2026-04-03T02:30:52.291+0600][22.150s][info][gc,start    ] GC(6) Concurrent thread roots
[2026-04-03T02:30:52.291+0600][22.150s][info][gc,task     ] GC(6) Using 3 of 6 workers for Concurrent thread roots
[2026-04-03T02:30:52.292+0600][22.151s][info][gc          ] GC(6) Concurrent thread roots 1.080ms
[2026-04-03T02:30:52.292+0600][22.151s][info][gc,start    ] GC(6) Concurrent weak references
[2026-04-03T02:30:52.292+0600][22.151s][info][gc,task     ] GC(6) Using 3 of 6 workers for concurrent weak references
[2026-04-03T02:30:52.293+0600][22.153s][info][gc,ref      ] GC(6) Encountered references: Soft: 3568, Weak: 14056, Final: 84, Phantom: 626
[2026-04-03T02:30:52.293+0600][22.153s][info][gc,ref      ] GC(6) Discovered  references: Soft: 0, Weak: 7481, Final: 52, Phantom: 623
[2026-04-03T02:30:52.293+0600][22.153s][info][gc,ref      ] GC(6) Enqueued    references: Soft: 0, Weak: 557, Final: 0, Phantom: 0
[2026-04-03T02:30:52.293+0600][22.153s][info][gc          ] GC(6) Concurrent weak references 1.606ms
[2026-04-03T02:30:52.293+0600][22.153s][info][gc,start    ] GC(6) Concurrent weak roots
[2026-04-03T02:30:52.293+0600][22.153s][info][gc,task     ] GC(6) Using 3 of 6 workers for concurrent weak root
[2026-04-03T02:30:52.300+0600][22.159s][info][gc          ] GC(6) Concurrent weak roots 6.786ms
[2026-04-03T02:30:52.300+0600][22.160s][info][gc,start    ] GC(6) Concurrent cleanup
[2026-04-03T02:30:52.301+0600][22.160s][info][gc          ] GC(6) Concurrent cleanup 457M->348M(494M) 0.581ms
[2026-04-03T02:30:52.301+0600][22.160s][info][gc,ergo     ] GC(6) Free: 819M, Max: 512K regular, 694M humongous, Frag: 16% external, 0% internal; Reserve: 63030K, Max: 512K
[2026-04-03T02:30:52.301+0600][22.160s][info][gc,start    ] GC(6) Concurrent class unloading
[2026-04-03T02:30:52.301+0600][22.160s][info][gc,task     ] GC(6) Using 3 of 6 workers for concurrent class unloading
[2026-04-03T02:30:52.347+0600][22.206s][info][gc          ] GC(6) Concurrent class unloading 46.023ms
[2026-04-03T02:30:52.347+0600][22.206s][info][gc,start    ] GC(6) Concurrent strong roots
[2026-04-03T02:30:52.347+0600][22.206s][info][gc,task     ] GC(6) Using 3 of 6 workers for concurrent strong root
[2026-04-03T02:30:52.349+0600][22.208s][info][gc          ] GC(6) Concurrent strong roots 1.913ms
[2026-04-03T02:30:52.371+0600][22.230s][info][gc,start    ] GC(6) Concurrent evacuation
[2026-04-03T02:30:52.371+0600][22.230s][info][gc,task     ] GC(6) Using 3 of 6 workers for concurrent evacuation
[2026-04-03T02:30:52.394+0600][22.253s][info][gc          ] GC(6) Concurrent evacuation 22.669ms
[2026-04-03T02:30:52.394+0600][22.253s][info][gc,start    ] GC(6) Pause Init Update Refs
[2026-04-03T02:30:52.394+0600][22.253s][info][gc,ergo     ] GC(6) Pacer for Update Refs. Used: 416M, Free: 752M, Non-Taxable: 77036K, Alloc Tax Rate: 1.1x
[2026-04-03T02:30:52.394+0600][22.253s][info][gc          ] GC(6) Pause Init Update Refs 0.174ms
[2026-04-03T02:30:52.394+0600][22.254s][info][gc,start    ] GC(6) Concurrent update references
[2026-04-03T02:30:52.394+0600][22.254s][info][gc,task     ] GC(6) Using 3 of 6 workers for concurrent reference update
[2026-04-03T02:30:52.440+0600][22.299s][info][gc          ] GC(6) Concurrent update references 45.838ms
[2026-04-03T02:30:52.440+0600][22.299s][info][gc,start    ] GC(6) Concurrent update thread roots
[2026-04-03T02:30:52.444+0600][22.303s][info][gc          ] GC(6) Concurrent update thread roots 3.432ms
[2026-04-03T02:30:52.444+0600][22.303s][info][gc,start    ] GC(6) Pause Final Update Refs
[2026-04-03T02:30:52.444+0600][22.303s][info][gc,task     ] GC(6) Using 6 of 6 workers for final reference update
[2026-04-03T02:30:52.444+0600][22.304s][info][gc          ] GC(6) Pause Final Update Refs 0.211ms
[2026-04-03T02:30:52.444+0600][22.304s][info][gc,start    ] GC(6) Concurrent cleanup
[2026-04-03T02:30:52.445+0600][22.304s][info][gc          ] GC(6) Concurrent cleanup 418M->313M(502M) 0.218ms
[2026-04-03T02:30:52.445+0600][22.304s][info][gc,ergo     ] Free: 846M, Max: 512K regular, 688M humongous, Frag: 19% external, 0% internal; Reserve: 64000K, Max: 512K
[2026-04-03T02:30:52.445+0600][22.304s][info][gc,stats    ] 
[2026-04-03T02:30:52.445+0600][22.304s][info][gc,stats    ] All times are wall-clock times, except per-root-class counters, that are sum over
[2026-04-03T02:30:52.445+0600][22.304s][info][gc,stats    ] all workers. Dividing the <total> over the root stage time estimates parallelism.
[2026-04-03T02:30:52.445+0600][22.304s][info][gc,stats    ] 
[2026-04-03T02:30:52.445+0600][22.304s][info][gc,stats    ] Concurrent Reset                   1945 us
[2026-04-03T02:30:52.445+0600][22.304s][info][gc,stats    ] Pause Init Mark (G)                4672 us
[2026-04-03T02:30:52.445+0600][22.304s][info][gc,stats    ] Pause Init Mark (N)                 156 us
[2026-04-03T02:30:52.445+0600][22.304s][info][gc,stats    ]   Update Region States               29 us
[2026-04-03T02:30:52.445+0600][22.304s][info][gc,stats    ] Concurrent Mark Roots              1922 us, parallelism: 2.22x
[2026-04-03T02:30:52.445+0600][22.304s][info][gc,stats    ]   CMR: <total>                     4269 us
[2026-04-03T02:30:52.445+0600][22.304s][info][gc,stats    ]   CMR: Thread Roots                3796 us, workers (us): 1397, 1011, 1389, ---, ---, ---, 
[2026-04-03T02:30:52.445+0600][22.304s][info][gc,stats    ]   CMR: VM Strong Roots               79 us, workers (us):  41,  27,  10, ---, ---, ---, 
[2026-04-03T02:30:52.445+0600][22.304s][info][gc,stats    ]   CMR: CLDG Roots                   394 us, workers (us): ---, 394, ---, ---, ---, ---, 
[2026-04-03T02:30:52.445+0600][22.304s][info][gc,stats    ] Concurrent Marking                75835 us
[2026-04-03T02:30:52.445+0600][22.304s][info][gc,stats    ] Pause Final Mark (G)                964 us
[2026-04-03T02:30:52.445+0600][22.304s][info][gc,stats    ] Pause Final Mark (N)                742 us
[2026-04-03T02:30:52.445+0600][22.304s][info][gc,stats    ]   Finish Mark                       250 us
[2026-04-03T02:30:52.445+0600][22.304s][info][gc,stats    ]   Update Region States               53 us
[2026-04-03T02:30:52.445+0600][22.304s][info][gc,stats    ]   Choose Collection Set             210 us
[2026-04-03T02:30:52.445+0600][22.304s][info][gc,stats    ]   Rebuild Free Set                   41 us
[2026-04-03T02:30:52.445+0600][22.304s][info][gc,stats    ] Concurrent Thread Roots            1119 us, parallelism: 2.54x
[2026-04-03T02:30:52.445+0600][22.304s][info][gc,stats    ]   CTR: <total>                     2844 us
[2026-04-03T02:30:52.445+0600][22.304s][info][gc,stats    ]   CTR: Thread Roots                2844 us, workers (us): 967, 927, 951, ---, ---, ---, 
[2026-04-03T02:30:52.445+0600][22.304s][info][gc,stats    ] Concurrent Weak References         1622 us, parallelism: 1.34x
[2026-04-03T02:30:52.445+0600][22.304s][info][gc,stats    ]   CWRF: <total>                    2178 us
[2026-04-03T02:30:52.445+0600][22.304s][info][gc,stats    ]   CWRF: Weak References            2178 us, workers (us):  30, 1387, 762, ---, ---, ---, 
[2026-04-03T02:30:52.445+0600][22.304s][info][gc,stats    ] Concurrent Weak Roots              6890 us
[2026-04-03T02:30:52.445+0600][22.305s][info][gc,stats    ]   Roots                            6136 us, parallelism: 2.65x
[2026-04-03T02:30:52.445+0600][22.305s][info][gc,stats    ]     CWR: <total>                  16241 us
[2026-04-03T02:30:52.445+0600][22.305s][info][gc,stats    ]     CWR: Code Cache Roots          8530 us, workers (us): 2904, 3226, 2401, ---, ---, ---, 
[2026-04-03T02:30:52.445+0600][22.305s][info][gc,stats    ]     CWR: VM Weak Roots             7498 us, workers (us): 2278, 2231, 2989, ---, ---, ---, 
[2026-04-03T02:30:52.445+0600][22.305s][info][gc,stats    ]     CWR: CLDG Roots                 212 us, workers (us): 212, ---, ---, ---, ---, ---, 
[2026-04-03T02:30:52.445+0600][22.305s][info][gc,stats    ]   Rendezvous                        612 us
[2026-04-03T02:30:52.445+0600][22.305s][info][gc,stats    ] Concurrent Cleanup                  625 us
[2026-04-03T02:30:52.445+0600][22.305s][info][gc,stats    ] Concurrent Class Unloading        46127 us
[2026-04-03T02:30:52.445+0600][22.305s][info][gc,stats    ]   Unlink Stale                    40263 us
[2026-04-03T02:30:52.445+0600][22.305s][info][gc,stats    ]     System Dictionary               555 us
[2026-04-03T02:30:52.445+0600][22.305s][info][gc,stats    ]     Weak Class Links              27532 us
[2026-04-03T02:30:52.445+0600][22.305s][info][gc,stats    ]     Code Roots                    12171 us
[2026-04-03T02:30:52.445+0600][22.305s][info][gc,stats    ]   Rendezvous                        492 us
[2026-04-03T02:30:52.445+0600][22.305s][info][gc,stats    ]   Purge Unlinked                   5225 us
[2026-04-03T02:30:52.445+0600][22.305s][info][gc,stats    ]     Code Roots                     5080 us
[2026-04-03T02:30:52.445+0600][22.305s][info][gc,stats    ]     CLDG                            143 us
[2026-04-03T02:30:52.445+0600][22.305s][info][gc,stats    ]     Exception Caches                  0 us
[2026-04-03T02:30:52.445+0600][22.305s][info][gc,stats    ] Concurrent Strong Roots           23727 us, parallelism: 0.07x
[2026-04-03T02:30:52.445+0600][22.305s][info][gc,stats    ]   CSR: <total>                     1580 us
[2026-04-03T02:30:52.445+0600][22.305s][info][gc,stats    ]   CSR: VM Strong Roots              105 us, workers (us):  62,  17,  25, ---, ---, ---, 
[2026-04-03T02:30:52.445+0600][22.305s][info][gc,stats    ]   CSR: CLDG Roots                  1475 us, workers (us): ---, 1475, ---, ---, ---, ---, 
[2026-04-03T02:30:52.445+0600][22.305s][info][gc,stats    ] Concurrent Evacuation             22802 us
[2026-04-03T02:30:52.445+0600][22.305s][info][gc,stats    ] Pause Init Update Refs (G)          568 us
[2026-04-03T02:30:52.445+0600][22.305s][info][gc,stats    ] Pause Init Update Refs (N)          193 us
[2026-04-03T02:30:52.445+0600][22.305s][info][gc,stats    ]   Manage GCLABs                      49 us
[2026-04-03T02:30:52.445+0600][22.305s][info][gc,stats    ] Concurrent Update Refs            45947 us
[2026-04-03T02:30:52.446+0600][22.305s][info][gc,stats    ] Concurrent Update Thread Roots     3522 us
[2026-04-03T02:30:52.446+0600][22.305s][info][gc,stats    ] Pause Final Update Refs (G)         749 us
[2026-04-03T02:30:52.446+0600][22.305s][info][gc,stats    ] Pause Final Update Refs (N)         230 us
[2026-04-03T02:30:52.446+0600][22.305s][info][gc,stats    ]   Update Region States               54 us
[2026-04-03T02:30:52.446+0600][22.305s][info][gc,stats    ]   Trash Collection Set               13 us
[2026-04-03T02:30:52.446+0600][22.305s][info][gc,stats    ]   Rebuild Free Set                   32 us
[2026-04-03T02:30:52.446+0600][22.305s][info][gc,stats    ] Concurrent Cleanup                  240 us
[2026-04-03T02:30:52.446+0600][22.305s][info][gc,stats    ] Pacing                            56042 us
[2026-04-03T02:30:52.446+0600][22.305s][info][gc,stats    ] 
[2026-04-03T02:30:52.446+0600][22.305s][info][gc,stats    ] Allocation pacing accrued:
[2026-04-03T02:30:52.446+0600][22.305s][info][gc,stats    ]      45 of  1219 ms (  3.7%): main
[2026-04-03T02:30:52.446+0600][22.305s][info][gc,stats    ]      11 of  1219 ms (  0.9%): block-manager-ask-thread-pool-33
[2026-04-03T02:30:52.446+0600][22.305s][info][gc,stats    ]      56 of  1219 ms (  4.6%): <total>
[2026-04-03T02:30:52.446+0600][22.305s][info][gc,stats    ]       0 of  1219 ms (  0.0%): <average total>
[2026-04-03T02:30:52.446+0600][22.305s][info][gc,stats    ]      28 of  1219 ms (  2.3%): <average non-zero>
[2026-04-03T02:30:52.446+0600][22.305s][info][gc,stats    ] 
[2026-04-03T02:30:52.446+0600][22.305s][info][gc,metaspace] Metaspace: 122643K(124032K)->122627K(124032K) NonClass: 106869K(107456K)->106861K(107456K) Class: 15774K(16576K)->15766K(16576K)
[2026-04-03T02:30:52.446+0600][22.305s][info][gc,ergo     ] Pacer for Idle. Initial: 25600K, Alloc Tax Rate: 1.0x
[2026-04-03T02:30:52.447+0600][22.306s][info][gc          ] Trigger: Learning 3 of 5. Free (846M) is below initial threshold (875M)
[2026-04-03T02:30:52.448+0600][22.307s][info][gc,ergo     ] Free: 846M, Max: 512K regular, 688M humongous, Frag: 19% external, 0% internal; Reserve: 64000K, Max: 512K
[2026-04-03T02:30:52.448+0600][22.307s][info][gc,start    ] GC(7) Concurrent reset
[2026-04-03T02:30:52.448+0600][22.307s][info][gc,task     ] GC(7) Using 3 of 6 workers for concurrent reset
[2026-04-03T02:30:52.449+0600][22.308s][info][gc,ergo     ] GC(7) Pacer for Reset. Non-Taxable: 1250M
[2026-04-03T02:30:52.453+0600][22.312s][info][gc          ] GC(7) Concurrent reset 4.830ms
[2026-04-03T02:30:52.454+0600][22.313s][info][gc,start    ] GC(7) Pause Init Mark (unload classes)
[2026-04-03T02:30:52.454+0600][22.313s][info][gc,task     ] GC(7) Using 6 of 6 workers for init marking
[2026-04-03T02:30:52.454+0600][22.313s][info][gc,ergo     ] GC(7) Pacer for Mark. Expected Live: 53896K, Free: 846M, Non-Taxable: 86671K, Alloc Tax Rate: 0.1x
[2026-04-03T02:30:52.454+0600][22.314s][info][gc          ] GC(7) Pause Init Mark (unload classes) 0.215ms
[2026-04-03T02:30:52.456+0600][22.316s][info][gc,start    ] GC(7) Concurrent marking roots
[2026-04-03T02:30:52.457+0600][22.316s][info][gc,task     ] GC(7) Using 3 of 6 workers for concurrent marking roots
[2026-04-03T02:30:52.462+0600][22.321s][info][gc          ] GC(7) Concurrent marking roots 5.305ms
[2026-04-03T02:30:52.462+0600][22.321s][info][gc,start    ] GC(7) Concurrent marking (unload classes)
[2026-04-03T02:30:52.462+0600][22.321s][info][gc,task     ] GC(7) Using 3 of 6 workers for concurrent marking
[2026-04-03T02:30:52.535+0600][22.395s][info][gc          ] GC(7) Concurrent marking (unload classes) 73.448ms
[2026-04-03T02:30:52.536+0600][22.395s][info][gc,start    ] GC(7) Pause Final Mark (unload classes)
[2026-04-03T02:30:52.536+0600][22.395s][info][gc,task     ] GC(7) Using 6 of 6 workers for final marking
[2026-04-03T02:30:52.536+0600][22.396s][info][gc,ergo     ] GC(7) Adaptive CSet Selection. Target Free: 177M, Actual Free: 1104M, Max CSet: 53333K, Min Garbage: 0B
[2026-04-03T02:30:52.536+0600][22.396s][info][gc,ergo     ] GC(7) Collectable Garbage: 231M (97%), Immediate: 205M (86%), CSet: 26746K (11%)
[2026-04-03T02:30:52.536+0600][22.396s][info][gc,ergo     ] GC(7) Pacer for Evacuation. Used CSet: 31139K, Free: 1067M, Non-Taxable: 106M, Alloc Tax Rate: 1.1x
[2026-04-03T02:30:52.536+0600][22.396s][info][gc          ] GC(7) Pause Final Mark (unload classes) 0.561ms
[2026-04-03T02:30:52.537+0600][22.396s][info][gc,start    ] GC(7) Concurrent thread roots
[2026-04-03T02:30:52.537+0600][22.396s][info][gc,task     ] GC(7) Using 3 of 6 workers for Concurrent thread roots
[2026-04-03T02:30:52.543+0600][22.402s][info][gc          ] GC(7) Concurrent thread roots 6.171ms
[2026-04-03T02:30:52.543+0600][22.402s][info][gc,start    ] GC(7) Concurrent weak references
[2026-04-03T02:30:52.543+0600][22.402s][info][gc,task     ] GC(7) Using 3 of 6 workers for concurrent weak references
[2026-04-03T02:30:52.545+0600][22.404s][info][gc,ref      ] GC(7) Encountered references: Soft: 3577, Weak: 13659, Final: 84, Phantom: 616
[2026-04-03T02:30:52.545+0600][22.404s][info][gc,ref      ] GC(7) Discovered  references: Soft: 0, Weak: 7280, Final: 0, Phantom: 224
[2026-04-03T02:30:52.545+0600][22.404s][info][gc,ref      ] GC(7) Enqueued    references: Soft: 0, Weak: 42, Final: 0, Phantom: 0
[2026-04-03T02:30:52.545+0600][22.404s][info][gc          ] GC(7) Concurrent weak references 1.776ms
[2026-04-03T02:30:52.545+0600][22.404s][info][gc,start    ] GC(7) Concurrent weak roots
[2026-04-03T02:30:52.545+0600][22.404s][info][gc,task     ] GC(7) Using 3 of 6 workers for concurrent weak root
[2026-04-03T02:30:52.554+0600][22.413s][info][gc          ] GC(7) Concurrent weak roots 9.447ms
[2026-04-03T02:30:52.554+0600][22.414s][info][gc,start    ] GC(7) Concurrent cleanup
[2026-04-03T02:30:52.555+0600][22.414s][info][gc          ] GC(7) Concurrent cleanup 330M->125M(502M) 0.259ms
[2026-04-03T02:30:52.555+0600][22.414s][info][gc,ergo     ] GC(7) Free: 1060M, Max: 512K regular, 688M humongous, Frag: 36% external, 0% internal; Reserve: 63276K, Max: 512K
[2026-04-03T02:30:52.555+0600][22.414s][info][gc,start    ] GC(7) Concurrent class unloading
[2026-04-03T02:30:52.555+0600][22.414s][info][gc,task     ] GC(7) Using 3 of 6 workers for concurrent class unloading
[2026-04-03T02:30:52.631+0600][22.491s][info][gc          ] GC(7) Concurrent class unloading 76.872ms
[2026-04-03T02:30:52.632+0600][22.491s][info][gc,start    ] GC(7) Concurrent strong roots
[2026-04-03T02:30:52.632+0600][22.491s][info][gc,task     ] GC(7) Using 3 of 6 workers for concurrent strong root
[2026-04-03T02:30:52.633+0600][22.492s][info][gc          ] GC(7) Concurrent strong roots 1.400ms
[2026-04-03T02:30:52.633+0600][22.493s][info][gc,start    ] GC(7) Concurrent evacuation
[2026-04-03T02:30:52.634+0600][22.493s][info][gc,task     ] GC(7) Using 3 of 6 workers for concurrent evacuation
[2026-04-03T02:30:52.648+0600][22.507s][info][gc          ] GC(7) Concurrent evacuation 14.165ms
[2026-04-03T02:30:52.648+0600][22.507s][info][gc,start    ] GC(7) Pause Init Update Refs
[2026-04-03T02:30:52.648+0600][22.507s][info][gc,ergo     ] GC(7) Pacer for Update Refs. Used: 131M, Free: 1058M, Non-Taxable: 105M, Alloc Tax Rate: 1.1x
[2026-04-03T02:30:52.648+0600][22.507s][info][gc          ] GC(7) Pause Init Update Refs 0.099ms
[2026-04-03T02:30:52.648+0600][22.507s][info][gc,start    ] GC(7) Concurrent update references
[2026-04-03T02:30:52.648+0600][22.508s][info][gc,task     ] GC(7) Using 3 of 6 workers for concurrent reference update
[2026-04-03T02:30:52.699+0600][22.559s][info][gc          ] GC(7) Concurrent update references 51.034ms
[2026-04-03T02:30:52.699+0600][22.559s][info][gc,start    ] GC(7) Concurrent update thread roots
[2026-04-03T02:30:52.702+0600][22.561s][info][gc          ] GC(7) Concurrent update thread roots 2.606ms
[2026-04-03T02:30:52.702+0600][22.562s][info][gc,start    ] GC(7) Pause Final Update Refs
[2026-04-03T02:30:52.702+0600][22.562s][info][gc,task     ] GC(7) Using 6 of 6 workers for final reference update
[2026-04-03T02:30:52.702+0600][22.562s][info][gc          ] GC(7) Pause Final Update Refs 0.160ms
[2026-04-03T02:30:52.703+0600][22.562s][info][gc,start    ] GC(7) Concurrent cleanup
[2026-04-03T02:30:52.703+0600][22.562s][info][gc          ] GC(7) Concurrent cleanup 134M->103M(506M) 0.458ms
[2026-04-03T02:30:52.703+0600][22.562s][info][gc,ergo     ] Free: 1081M, Max: 512K regular, 749M humongous, Frag: 31% external, 0% internal; Reserve: 64000K, Max: 512K
[2026-04-03T02:30:52.703+0600][22.562s][info][gc,stats    ] 
[2026-04-03T02:30:52.703+0600][22.562s][info][gc,stats    ] All times are wall-clock times, except per-root-class counters, that are sum over
[2026-04-03T02:30:52.703+0600][22.563s][info][gc,stats    ] all workers. Dividing the <total> over the root stage time estimates parallelism.
[2026-04-03T02:30:52.703+0600][22.563s][info][gc,stats    ] 
[2026-04-03T02:30:52.703+0600][22.563s][info][gc,stats    ] Concurrent Reset                   4882 us
[2026-04-03T02:30:52.703+0600][22.563s][info][gc,stats    ] Pause Init Mark (G)                3658 us
[2026-04-03T02:30:52.703+0600][22.563s][info][gc,stats    ] Pause Init Mark (N)                 232 us
[2026-04-03T02:30:52.703+0600][22.563s][info][gc,stats    ]   Update Region States               45 us
[2026-04-03T02:30:52.703+0600][22.563s][info][gc,stats    ] Concurrent Mark Roots              5390 us, parallelism: 1.24x
[2026-04-03T02:30:52.703+0600][22.563s][info][gc,stats    ]   CMR: <total>                     6659 us
[2026-04-03T02:30:52.703+0600][22.563s][info][gc,stats    ]   CMR: Thread Roots                6081 us, workers (us): 3658, 1258, 1165, ---, ---, ---, 
[2026-04-03T02:30:52.703+0600][22.563s][info][gc,stats    ]   CMR: VM Strong Roots              236 us, workers (us):  20,  61, 156, ---, ---, ---, 
[2026-04-03T02:30:52.703+0600][22.563s][info][gc,stats    ]   CMR: CLDG Roots                   341 us, workers (us): 341, ---, ---, ---, ---, ---, 
[2026-04-03T02:30:52.703+0600][22.563s][info][gc,stats    ] Concurrent Marking                73550 us
[2026-04-03T02:30:52.703+0600][22.563s][info][gc,stats    ] Pause Final Mark (G)               1196 us
[2026-04-03T02:30:52.703+0600][22.563s][info][gc,stats    ] Pause Final Mark (N)                576 us
[2026-04-03T02:30:52.703+0600][22.563s][info][gc,stats    ]   Finish Mark                       199 us
[2026-04-03T02:30:52.703+0600][22.563s][info][gc,stats    ]   Update Region States               44 us
[2026-04-03T02:30:52.703+0600][22.563s][info][gc,stats    ]   Choose Collection Set             143 us
[2026-04-03T02:30:52.703+0600][22.563s][info][gc,stats    ]   Rebuild Free Set                   43 us
[2026-04-03T02:30:52.703+0600][22.563s][info][gc,stats    ] Concurrent Thread Roots            6269 us, parallelism: 0.99x
[2026-04-03T02:30:52.703+0600][22.563s][info][gc,stats    ]   CTR: <total>                     6179 us
[2026-04-03T02:30:52.703+0600][22.563s][info][gc,stats    ]   CTR: Thread Roots                6179 us, workers (us): 5847, 175, 157, ---, ---, ---, 
[2026-04-03T02:30:52.703+0600][22.563s][info][gc,stats    ] Concurrent Weak References         1800 us, parallelism: 0.56x
[2026-04-03T02:30:52.703+0600][22.563s][info][gc,stats    ]   CWRF: <total>                    1014 us
[2026-04-03T02:30:52.703+0600][22.563s][info][gc,stats    ]   CWRF: Weak References            1014 us, workers (us): 115,  59, 840, ---, ---, ---, 
[2026-04-03T02:30:52.704+0600][22.563s][info][gc,stats    ] Concurrent Weak Roots              9562 us
[2026-04-03T02:30:52.704+0600][22.563s][info][gc,stats    ]   Roots                            9135 us, parallelism: 1.94x
[2026-04-03T02:30:52.704+0600][22.563s][info][gc,stats    ]     CWR: <total>                  17727 us
[2026-04-03T02:30:52.704+0600][22.563s][info][gc,stats    ]     CWR: Code Cache Roots         14037 us, workers (us): 4175, 4673, 5190, ---, ---, ---, 
[2026-04-03T02:30:52.704+0600][22.563s][info][gc,stats    ]     CWR: VM Weak Roots             3491 us, workers (us): 1170, 1166, 1155, ---, ---, ---, 
[2026-04-03T02:30:52.704+0600][22.563s][info][gc,stats    ]     CWR: CLDG Roots                 199 us, workers (us): ---, ---, 199, ---, ---, ---, 
[2026-04-03T02:30:52.704+0600][22.563s][info][gc,stats    ]   Rendezvous                        282 us
[2026-04-03T02:30:52.704+0600][22.563s][info][gc,stats    ] Concurrent Cleanup                  285 us
[2026-04-03T02:30:52.704+0600][22.563s][info][gc,stats    ] Concurrent Class Unloading        77007 us
[2026-04-03T02:30:52.704+0600][22.563s][info][gc,stats    ]   Unlink Stale                    75316 us
[2026-04-03T02:30:52.704+0600][22.563s][info][gc,stats    ]     System Dictionary               547 us
[2026-04-03T02:30:52.704+0600][22.563s][info][gc,stats    ]     Weak Class Links              52439 us
[2026-04-03T02:30:52.704+0600][22.563s][info][gc,stats    ]     Code Roots                    22324 us
[2026-04-03T02:30:52.704+0600][22.563s][info][gc,stats    ]   Rendezvous                        280 us
[2026-04-03T02:30:52.704+0600][22.563s][info][gc,stats    ]   Purge Unlinked                   1238 us
[2026-04-03T02:30:52.704+0600][22.563s][info][gc,stats    ]     Code Roots                     1178 us
[2026-04-03T02:30:52.704+0600][22.563s][info][gc,stats    ]     CLDG                             59 us
[2026-04-03T02:30:52.704+0600][22.563s][info][gc,stats    ]     Exception Caches                  1 us
[2026-04-03T02:30:52.704+0600][22.563s][info][gc,stats    ] Concurrent Strong Roots            1863 us, parallelism: 0.56x
[2026-04-03T02:30:52.704+0600][22.563s][info][gc,stats    ]   CSR: <total>                     1043 us
[2026-04-03T02:30:52.704+0600][22.563s][info][gc,stats    ]   CSR: VM Strong Roots               79 us, workers (us):  43,  36,   1, ---, ---, ---, 
[2026-04-03T02:30:52.704+0600][22.563s][info][gc,stats    ]   CSR: CLDG Roots                   964 us, workers (us): ---, 964, ---, ---, ---, ---, 
[2026-04-03T02:30:52.704+0600][22.563s][info][gc,stats    ] Concurrent Evacuation             14328 us
[2026-04-03T02:30:52.704+0600][22.563s][info][gc,stats    ] Pause Init Update Refs (G)          384 us
[2026-04-03T02:30:52.704+0600][22.563s][info][gc,stats    ] Pause Init Update Refs (N)          125 us
[2026-04-03T02:30:52.704+0600][22.563s][info][gc,stats    ]   Manage GCLABs                      31 us
[2026-04-03T02:30:52.704+0600][22.563s][info][gc,stats    ] Concurrent Update Refs            51119 us
[2026-04-03T02:30:52.704+0600][22.563s][info][gc,stats    ] Concurrent Update Thread Roots     2689 us
[2026-04-03T02:30:52.704+0600][22.563s][info][gc,stats    ] Pause Final Update Refs (G)         600 us
[2026-04-03T02:30:52.704+0600][22.563s][info][gc,stats    ] Pause Final Update Refs (N)         177 us
[2026-04-03T02:30:52.704+0600][22.563s][info][gc,stats    ]   Update Region States               57 us
[2026-04-03T02:30:52.704+0600][22.563s][info][gc,stats    ]   Trash Collection Set               11 us
[2026-04-03T02:30:52.704+0600][22.563s][info][gc,stats    ]   Rebuild Free Set                   41 us
[2026-04-03T02:30:52.704+0600][22.563s][info][gc,stats    ] Concurrent Cleanup                  473 us
[2026-04-03T02:30:52.704+0600][22.563s][info][gc,stats    ] 
[2026-04-03T02:30:52.704+0600][22.563s][info][gc,stats    ] Allocation pacing accrued:
[2026-04-03T02:30:52.704+0600][22.563s][info][gc,stats    ]       0 of   258 ms (  0.0%): <total>
[2026-04-03T02:30:52.704+0600][22.563s][info][gc,stats    ]       0 of   258 ms (  0.0%): <average total>
[2026-04-03T02:30:52.704+0600][22.563s][info][gc,stats    ] 
[2026-04-03T02:30:52.704+0600][22.563s][info][gc,metaspace] Metaspace: 122632K(124032K)->122704K(124032K) NonClass: 106864K(107456K)->106924K(107456K) Class: 15767K(16576K)->15779K(16576K)
[2026-04-03T02:30:52.704+0600][22.564s][info][gc,ergo     ] Pacer for Idle. Initial: 25600K, Alloc Tax Rate: 1.0x
[2026-04-03T02:30:52.990+0600][22.849s][info][gc          ] Trigger: Learning 4 of 5. Free (870M) is below initial threshold (875M)
[2026-04-03T02:30:52.990+0600][22.849s][info][gc,ergo     ] Free: 870M, Max: 512K regular, 749M humongous, Frag: 14% external, 0% internal; Reserve: 64000K, Max: 512K
[2026-04-03T02:30:52.990+0600][22.849s][info][gc,start    ] GC(8) Concurrent reset
[2026-04-03T02:30:52.990+0600][22.849s][info][gc,task     ] GC(8) Using 3 of 6 workers for concurrent reset
[2026-04-03T02:30:52.990+0600][22.849s][info][gc,ergo     ] GC(8) Pacer for Reset. Non-Taxable: 1250M
[2026-04-03T02:30:52.991+0600][22.851s][info][gc          ] GC(8) Concurrent reset 1.365ms
[2026-04-03T02:30:52.995+0600][22.854s][info][gc,start    ] GC(8) Pause Init Mark (unload classes)
[2026-04-03T02:30:52.995+0600][22.855s][info][gc,task     ] GC(8) Using 6 of 6 workers for init marking
[2026-04-03T02:30:52.995+0600][22.855s][info][gc,ergo     ] GC(8) Pacer for Mark. Expected Live: 64708K, Free: 851M, Non-Taxable: 87228K, Alloc Tax Rate: 0.1x
[2026-04-03T02:30:52.995+0600][22.855s][info][gc          ] GC(8) Pause Init Mark (unload classes) 0.229ms
[2026-04-03T02:30:52.996+0600][22.855s][info][gc,start    ] GC(8) Concurrent marking roots
[2026-04-03T02:30:52.996+0600][22.855s][info][gc,task     ] GC(8) Using 3 of 6 workers for concurrent marking roots
[2026-04-03T02:30:52.997+0600][22.856s][info][gc          ] GC(8) Concurrent marking roots 1.355ms
[2026-04-03T02:30:52.997+0600][22.856s][info][gc,start    ] GC(8) Concurrent marking (unload classes)
[2026-04-03T02:30:52.997+0600][22.856s][info][gc,task     ] GC(8) Using 3 of 6 workers for concurrent marking
[2026-04-03T02:30:53.051+0600][22.910s][info][gc          ] GC(8) Concurrent marking (unload classes) 53.957ms
[2026-04-03T02:30:53.051+0600][22.910s][info][gc,start    ] GC(8) Pause Final Mark (unload classes)
[2026-04-03T02:30:53.051+0600][22.911s][info][gc,task     ] GC(8) Using 6 of 6 workers for final marking
[2026-04-03T02:30:53.052+0600][22.911s][info][gc,ergo     ] GC(8) Adaptive CSet Selection. Target Free: 177M, Actual Free: 971M, Max CSet: 53333K, Min Garbage: 0B
[2026-04-03T02:30:53.052+0600][22.911s][info][gc,ergo     ] GC(8) Collectable Garbage: 207M (96%), Immediate: 175M (82%), CSet: 32461K (14%)
[2026-04-03T02:30:53.052+0600][22.911s][info][gc,ergo     ] GC(8) Pacer for Evacuation. Used CSet: 37347K, Free: 932M, Non-Taxable: 95469K, Alloc Tax Rate: 1.1x
[2026-04-03T02:30:53.052+0600][22.911s][info][gc          ] GC(8) Pause Final Mark (unload classes) 0.563ms
[2026-04-03T02:30:53.052+0600][22.911s][info][gc,start    ] GC(8) Concurrent thread roots
[2026-04-03T02:30:53.052+0600][22.911s][info][gc,task     ] GC(8) Using 3 of 6 workers for Concurrent thread roots
[2026-04-03T02:30:53.054+0600][22.913s][info][gc          ] GC(8) Concurrent thread roots 1.803ms
[2026-04-03T02:30:53.054+0600][22.913s][info][gc,start    ] GC(8) Concurrent weak references
[2026-04-03T02:30:53.054+0600][22.913s][info][gc,task     ] GC(8) Using 3 of 6 workers for concurrent weak references
[2026-04-03T02:30:53.054+0600][22.913s][info][gc,ref      ] GC(8) Encountered references: Soft: 3583, Weak: 13764, Final: 84, Phantom: 637
[2026-04-03T02:30:53.054+0600][22.913s][info][gc,ref      ] GC(8) Discovered  references: Soft: 0, Weak: 3181, Final: 0, Phantom: 634
[2026-04-03T02:30:53.054+0600][22.913s][info][gc,ref      ] GC(8) Enqueued    references: Soft: 0, Weak: 233, Final: 0, Phantom: 0
[2026-04-03T02:30:53.054+0600][22.913s][info][gc          ] GC(8) Concurrent weak references 0.447ms
[2026-04-03T02:30:53.054+0600][22.913s][info][gc,start    ] GC(8) Concurrent weak roots
[2026-04-03T02:30:53.054+0600][22.913s][info][gc,task     ] GC(8) Using 3 of 6 workers for concurrent weak root
[2026-04-03T02:30:53.058+0600][22.917s][info][gc          ] GC(8) Concurrent weak roots 3.603ms
[2026-04-03T02:30:53.058+0600][22.917s][info][gc,start    ] GC(8) Concurrent cleanup
[2026-04-03T02:30:53.058+0600][22.917s][info][gc          ] GC(8) Concurrent cleanup 415M->239M(506M) 0.257ms
[2026-04-03T02:30:53.058+0600][22.917s][info][gc,ergo     ] GC(8) Free: 930M, Max: 512K regular, 731M humongous, Frag: 22% external, 0% internal; Reserve: 63927K, Max: 512K
[2026-04-03T02:30:53.058+0600][22.917s][info][gc,start    ] GC(8) Concurrent class unloading
[2026-04-03T02:30:53.058+0600][22.917s][info][gc,task     ] GC(8) Using 3 of 6 workers for concurrent class unloading
[2026-04-03T02:30:53.072+0600][22.932s][info][gc          ] GC(8) Concurrent class unloading 14.161ms
[2026-04-03T02:30:53.072+0600][22.932s][info][gc,start    ] GC(8) Concurrent strong roots
[2026-04-03T02:30:53.073+0600][22.932s][info][gc,task     ] GC(8) Using 3 of 6 workers for concurrent strong root
[2026-04-03T02:30:53.074+0600][22.933s][info][gc          ] GC(8) Concurrent strong roots 1.575ms
[2026-04-03T02:30:53.074+0600][22.933s][info][gc,start    ] GC(8) Concurrent evacuation
[2026-04-03T02:30:53.074+0600][22.933s][info][gc,task     ] GC(8) Using 3 of 6 workers for concurrent evacuation
[2026-04-03T02:30:53.078+0600][22.937s][info][gc          ] GC(8) Concurrent evacuation 3.659ms
[2026-04-03T02:30:53.079+0600][22.938s][info][gc,start    ] GC(8) Pause Init Update Refs
[2026-04-03T02:30:53.079+0600][22.938s][info][gc,ergo     ] GC(8) Pacer for Update Refs. Used: 255M, Free: 919M, Non-Taxable: 94137K, Alloc Tax Rate: 1.1x
[2026-04-03T02:30:53.079+0600][22.938s][info][gc          ] GC(8) Pause Init Update Refs 0.098ms
[2026-04-03T02:30:53.085+0600][22.944s][info][gc,start    ] GC(8) Concurrent update references
[2026-04-03T02:30:53.085+0600][22.944s][info][gc,task     ] GC(8) Using 3 of 6 workers for concurrent reference update
[2026-04-03T02:30:53.127+0600][22.987s][info][gc          ] GC(8) Concurrent update references 42.749ms
[2026-04-03T02:30:53.128+0600][22.987s][info][gc,start    ] GC(8) Concurrent update thread roots
[2026-04-03T02:30:53.132+0600][22.991s][info][gc          ] GC(8) Concurrent update thread roots 4.003ms
[2026-04-03T02:30:53.132+0600][22.992s][info][gc,start    ] GC(8) Pause Final Update Refs
[2026-04-03T02:30:53.132+0600][22.992s][info][gc,task     ] GC(8) Using 6 of 6 workers for final reference update
[2026-04-03T02:30:53.132+0600][22.992s][info][gc          ] GC(8) Pause Final Update Refs 0.131ms
[2026-04-03T02:30:53.135+0600][22.995s][info][gc,start    ] GC(8) Concurrent cleanup
[2026-04-03T02:30:53.136+0600][22.995s][info][gc          ] GC(8) Concurrent cleanup 259M->223M(506M) 0.559ms
[2026-04-03T02:30:53.136+0600][22.995s][info][gc,ergo     ] Free: 946M, Max: 512K regular, 729M humongous, Frag: 23% external, 0% internal; Reserve: 64000K, Max: 512K
[2026-04-03T02:30:53.136+0600][22.995s][info][gc,stats    ] 
[2026-04-03T02:30:53.136+0600][22.995s][info][gc,stats    ] All times are wall-clock times, except per-root-class counters, that are sum over
[2026-04-03T02:30:53.136+0600][22.995s][info][gc,stats    ] all workers. Dividing the <total> over the root stage time estimates parallelism.
[2026-04-03T02:30:53.136+0600][22.995s][info][gc,stats    ] 
[2026-04-03T02:30:53.136+0600][22.995s][info][gc,stats    ] Concurrent Reset                   1455 us
[2026-04-03T02:30:53.136+0600][22.995s][info][gc,stats    ] Pause Init Mark (G)                4073 us
[2026-04-03T02:30:53.136+0600][22.995s][info][gc,stats    ] Pause Init Mark (N)                 244 us
[2026-04-03T02:30:53.136+0600][22.996s][info][gc,stats    ]   Update Region States               54 us
[2026-04-03T02:30:53.136+0600][22.996s][info][gc,stats    ] Concurrent Mark Roots              1392 us, parallelism: 1.86x
[2026-04-03T02:30:53.136+0600][22.996s][info][gc,stats    ]   CMR: <total>                     2593 us
[2026-04-03T02:30:53.136+0600][22.996s][info][gc,stats    ]   CMR: Thread Roots                2190 us, workers (us): 495, 845, 849, ---, ---, ---, 
[2026-04-03T02:30:53.136+0600][22.996s][info][gc,stats    ]   CMR: VM Strong Roots               48 us, workers (us):  28,  18,   1, ---, ---, ---, 
[2026-04-03T02:30:53.136+0600][22.996s][info][gc,stats    ]   CMR: CLDG Roots                   355 us, workers (us): 355, ---, ---, ---, ---, ---, 
[2026-04-03T02:30:53.136+0600][22.996s][info][gc,stats    ] Concurrent Marking                54064 us
[2026-04-03T02:30:53.136+0600][22.996s][info][gc,stats    ] Pause Final Mark (G)                802 us
[2026-04-03T02:30:53.136+0600][22.996s][info][gc,stats    ] Pause Final Mark (N)                579 us
[2026-04-03T02:30:53.136+0600][22.996s][info][gc,stats    ]   Finish Mark                       208 us
[2026-04-03T02:30:53.136+0600][22.996s][info][gc,stats    ]   Update Region States               43 us
[2026-04-03T02:30:53.136+0600][22.996s][info][gc,stats    ]   Choose Collection Set             137 us
[2026-04-03T02:30:53.136+0600][22.996s][info][gc,stats    ]   Rebuild Free Set                   32 us
[2026-04-03T02:30:53.136+0600][22.996s][info][gc,stats    ] Concurrent Thread Roots            1850 us, parallelism: 1.77x
[2026-04-03T02:30:53.136+0600][22.996s][info][gc,stats    ]   CTR: <total>                     3269 us
[2026-04-03T02:30:53.136+0600][22.996s][info][gc,stats    ]   CTR: Thread Roots                3269 us, workers (us): 1661, 825, 783, ---, ---, ---, 
[2026-04-03T02:30:53.136+0600][22.996s][info][gc,stats    ] Concurrent Weak References          462 us, parallelism: 1.13x
[2026-04-03T02:30:53.137+0600][22.996s][info][gc,stats    ]   CWRF: <total>                     520 us
[2026-04-03T02:30:53.137+0600][22.996s][info][gc,stats    ]   CWRF: Weak References             520 us, workers (us): 232, 204,  84, ---, ---, ---, 
[2026-04-03T02:30:53.137+0600][22.996s][info][gc,stats    ] Concurrent Weak Roots              3715 us
[2026-04-03T02:30:53.137+0600][22.996s][info][gc,stats    ]   Roots                            3311 us, parallelism: 2.60x
[2026-04-03T02:30:53.137+0600][22.996s][info][gc,stats    ]     CWR: <total>                   8622 us
[2026-04-03T02:30:53.137+0600][22.996s][info][gc,stats    ]     CWR: Code Cache Roots          6290 us, workers (us): 2144, 2186, 1960, ---, ---, ---, 
[2026-04-03T02:30:53.137+0600][22.996s][info][gc,stats    ]     CWR: VM Weak Roots             2133 us, workers (us): 739, 709, 685, ---, ---, ---, 
[2026-04-03T02:30:53.137+0600][22.996s][info][gc,stats    ]     CWR: CLDG Roots                 199 us, workers (us): ---, ---, 199, ---, ---, ---, 
[2026-04-03T02:30:53.137+0600][22.996s][info][gc,stats    ]   Rendezvous                        238 us
[2026-04-03T02:30:53.137+0600][22.996s][info][gc,stats    ] Concurrent Cleanup                  277 us
[2026-04-03T02:30:53.137+0600][22.996s][info][gc,stats    ] Concurrent Class Unloading        14322 us
[2026-04-03T02:30:53.137+0600][22.996s][info][gc,stats    ]   Unlink Stale                    11556 us
[2026-04-03T02:30:53.137+0600][22.996s][info][gc,stats    ]     System Dictionary               266 us
[2026-04-03T02:30:53.137+0600][22.996s][info][gc,stats    ]     Weak Class Links                  1 us
[2026-04-03T02:30:53.137+0600][22.996s][info][gc,stats    ]     Code Roots                    11284 us
[2026-04-03T02:30:53.137+0600][22.996s][info][gc,stats    ]   Rendezvous                        403 us
[2026-04-03T02:30:53.137+0600][22.996s][info][gc,stats    ]   Purge Unlinked                   2154 us
[2026-04-03T02:30:53.137+0600][22.996s][info][gc,stats    ]     Code Roots                     2105 us
[2026-04-03T02:30:53.137+0600][22.996s][info][gc,stats    ]     CLDG                             48 us
[2026-04-03T02:30:53.137+0600][22.996s][info][gc,stats    ]     Exception Caches                  1 us
[2026-04-03T02:30:53.137+0600][22.996s][info][gc,stats    ] Concurrent Strong Roots            1672 us, parallelism: 0.67x
[2026-04-03T02:30:53.137+0600][22.996s][info][gc,stats    ]   CSR: <total>                     1115 us
[2026-04-03T02:30:53.137+0600][22.996s][info][gc,stats    ]   CSR: VM Strong Roots               58 us, workers (us):  57,   1,   0, ---, ---, ---, 
[2026-04-03T02:30:53.137+0600][22.996s][info][gc,stats    ]   CSR: CLDG Roots                  1056 us, workers (us): 1056, ---, ---, ---, ---, ---, 
[2026-04-03T02:30:53.137+0600][22.996s][info][gc,stats    ] Concurrent Evacuation              3806 us
[2026-04-03T02:30:53.137+0600][22.996s][info][gc,stats    ] Pause Init Update Refs (G)         6762 us
[2026-04-03T02:30:53.137+0600][22.996s][info][gc,stats    ] Pause Init Update Refs (N)          113 us
[2026-04-03T02:30:53.137+0600][22.996s][info][gc,stats    ]   Manage GCLABs                      26 us
[2026-04-03T02:30:53.137+0600][22.996s][info][gc,stats    ] Concurrent Update Refs            43057 us
[2026-04-03T02:30:53.137+0600][22.996s][info][gc,stats    ] Concurrent Update Thread Roots     4250 us
[2026-04-03T02:30:53.137+0600][22.996s][info][gc,stats    ] Pause Final Update Refs (G)        3344 us
[2026-04-03T02:30:53.137+0600][22.996s][info][gc,stats    ] Pause Final Update Refs (N)         144 us
[2026-04-03T02:30:53.137+0600][22.996s][info][gc,stats    ]   Update Region States               45 us
[2026-04-03T02:30:53.137+0600][22.996s][info][gc,stats    ]   Trash Collection Set                8 us
[2026-04-03T02:30:53.137+0600][22.996s][info][gc,stats    ]   Rebuild Free Set                   33 us
[2026-04-03T02:30:53.137+0600][22.996s][info][gc,stats    ] Concurrent Cleanup                  595 us
[2026-04-03T02:30:53.137+0600][22.996s][info][gc,stats    ] 
[2026-04-03T02:30:53.137+0600][22.996s][info][gc,stats    ] Allocation pacing accrued:
[2026-04-03T02:30:53.137+0600][22.996s][info][gc,stats    ]       0 of   433 ms (  0.0%): <total>
[2026-04-03T02:30:53.137+0600][22.996s][info][gc,stats    ]       0 of   433 ms (  0.0%): <average total>
[2026-04-03T02:30:53.137+0600][22.996s][info][gc,stats    ] 
[2026-04-03T02:30:53.137+0600][22.996s][info][gc,metaspace] Metaspace: 122751K(124096K)->122812K(124160K) NonClass: 106968K(107520K)->107029K(107584K) Class: 15782K(16576K)->15783K(16576K)
[2026-04-03T02:30:53.137+0600][22.996s][info][gc,ergo     ] Pacer for Idle. Initial: 25600K, Alloc Tax Rate: 1.0x
[2026-04-03T02:30:53.348+0600][23.208s][info][gc          ] Trigger: Learning 5 of 5. Free (874M) is below initial threshold (875M)
[2026-04-03T02:30:53.349+0600][23.208s][info][gc,ergo     ] Free: 874M, Max: 512K regular, 729M humongous, Frag: 17% external, 0% internal; Reserve: 64000K, Max: 512K
[2026-04-03T02:30:53.349+0600][23.208s][info][gc,start    ] GC(9) Concurrent reset
[2026-04-03T02:30:53.349+0600][23.208s][info][gc,task     ] GC(9) Using 3 of 6 workers for concurrent reset
[2026-04-03T02:30:53.349+0600][23.208s][info][gc,ergo     ] GC(9) Pacer for Reset. Non-Taxable: 1250M
[2026-04-03T02:30:53.350+0600][23.209s][info][gc          ] GC(9) Concurrent reset 1.062ms
[2026-04-03T02:30:53.350+0600][23.210s][info][gc,start    ] GC(9) Pause Init Mark (unload classes)
[2026-04-03T02:30:53.350+0600][23.210s][info][gc,task     ] GC(9) Using 6 of 6 workers for init marking
[2026-04-03T02:30:53.350+0600][23.210s][info][gc,ergo     ] GC(9) Pacer for Mark. Expected Live: 77403K, Free: 874M, Non-Taxable: 89530K, Alloc Tax Rate: 0.1x
[2026-04-03T02:30:53.350+0600][23.210s][info][gc          ] GC(9) Pause Init Mark (unload classes) 0.157ms
[2026-04-03T02:30:53.351+0600][23.210s][info][gc,start    ] GC(9) Concurrent marking roots
[2026-04-03T02:30:53.351+0600][23.210s][info][gc,task     ] GC(9) Using 3 of 6 workers for concurrent marking roots
[2026-04-03T02:30:53.352+0600][23.212s][info][gc          ] GC(9) Concurrent marking roots 1.685ms
[2026-04-03T02:30:53.352+0600][23.212s][info][gc,start    ] GC(9) Concurrent marking (unload classes)
[2026-04-03T02:30:53.352+0600][23.212s][info][gc,task     ] GC(9) Using 3 of 6 workers for concurrent marking
[2026-04-03T02:30:53.407+0600][23.267s][info][gc          ] GC(9) Concurrent marking (unload classes) 54.970ms
[2026-04-03T02:30:53.408+0600][23.267s][info][gc,start    ] GC(9) Pause Final Mark (unload classes)
[2026-04-03T02:30:53.408+0600][23.267s][info][gc,task     ] GC(9) Using 6 of 6 workers for final marking
[2026-04-03T02:30:53.408+0600][23.267s][info][gc,ergo     ] GC(9) Adaptive CSet Selection. Target Free: 177M, Actual Free: 1097M, Max CSet: 53333K, Min Garbage: 0B
[2026-04-03T02:30:53.408+0600][23.267s][info][gc,ergo     ] GC(9) Collectable Garbage: 206M (96%), Immediate: 166M (78%), CSet: 40847K (18%)
[2026-04-03T02:30:53.408+0600][23.267s][info][gc,ergo     ] GC(9) Pacer for Evacuation. Used CSet: 44535K, Free: 1056M, Non-Taxable: 105M, Alloc Tax Rate: 1.1x
[2026-04-03T02:30:53.408+0600][23.267s][info][gc          ] GC(9) Pause Final Mark (unload classes) 0.647ms
[2026-04-03T02:30:53.408+0600][23.268s][info][gc,start    ] GC(9) Concurrent thread roots
[2026-04-03T02:30:53.408+0600][23.268s][info][gc,task     ] GC(9) Using 3 of 6 workers for Concurrent thread roots
[2026-04-03T02:30:53.409+0600][23.269s][info][gc          ] GC(9) Concurrent thread roots 1.188ms
[2026-04-03T02:30:53.410+0600][23.269s][info][gc,start    ] GC(9) Concurrent weak references
[2026-04-03T02:30:53.410+0600][23.269s][info][gc,task     ] GC(9) Using 3 of 6 workers for concurrent weak references
[2026-04-03T02:30:53.411+0600][23.270s][info][gc,ref      ] GC(9) Encountered references: Soft: 3648, Weak: 13891, Final: 84, Phantom: 613
[2026-04-03T02:30:53.411+0600][23.270s][info][gc,ref      ] GC(9) Discovered  references: Soft: 0, Weak: 8251, Final: 4, Phantom: 610
[2026-04-03T02:30:53.411+0600][23.270s][info][gc,ref      ] GC(9) Enqueued    references: Soft: 0, Weak: 220, Final: 0, Phantom: 0
[2026-04-03T02:30:53.411+0600][23.270s][info][gc          ] GC(9) Concurrent weak references 1.297ms
[2026-04-03T02:30:53.411+0600][23.270s][info][gc,start    ] GC(9) Concurrent weak roots
[2026-04-03T02:30:53.411+0600][23.270s][info][gc,task     ] GC(9) Using 3 of 6 workers for concurrent weak root
[2026-04-03T02:30:53.419+0600][23.279s][info][gc          ] GC(9) Concurrent weak roots 8.431ms
[2026-04-03T02:30:53.419+0600][23.279s][info][gc,start    ] GC(9) Concurrent cleanup
[2026-04-03T02:30:53.420+0600][23.279s][info][gc          ] GC(9) Concurrent cleanup 301M->134M(506M) 0.256ms
[2026-04-03T02:30:53.420+0600][23.279s][info][gc,ergo     ] GC(9) Free: 1051M, Max: 512K regular, 731M humongous, Frag: 31% external, 0% internal; Reserve: 63762K, Max: 512K
[2026-04-03T02:30:53.420+0600][23.279s][info][gc,start    ] GC(9) Concurrent class unloading
[2026-04-03T02:30:53.420+0600][23.279s][info][gc,task     ] GC(9) Using 3 of 6 workers for concurrent class unloading
[2026-04-03T02:30:53.467+0600][23.326s][info][gc          ] GC(9) Concurrent class unloading 47.392ms
[2026-04-03T02:30:53.467+0600][23.327s][info][gc,start    ] GC(9) Concurrent strong roots
[2026-04-03T02:30:53.467+0600][23.327s][info][gc,task     ] GC(9) Using 3 of 6 workers for concurrent strong root
[2026-04-03T02:30:53.469+0600][23.328s][info][gc          ] GC(9) Concurrent strong roots 1.329ms
[2026-04-03T02:30:53.469+0600][23.328s][info][gc,start    ] GC(9) Concurrent evacuation
[2026-04-03T02:30:53.469+0600][23.328s][info][gc,task     ] GC(9) Using 3 of 6 workers for concurrent evacuation
[2026-04-03T02:30:53.471+0600][23.330s][info][gc          ] GC(9) Concurrent evacuation 2.233ms
[2026-04-03T02:30:53.471+0600][23.330s][info][gc,start    ] GC(9) Pause Init Update Refs
[2026-04-03T02:30:53.471+0600][23.331s][info][gc,ergo     ] GC(9) Pacer for Update Refs. Used: 160M, Free: 1025M, Non-Taxable: 102M, Alloc Tax Rate: 1.1x
[2026-04-03T02:30:53.471+0600][23.331s][info][gc          ] GC(9) Pause Init Update Refs 0.136ms
[2026-04-03T02:30:53.471+0600][23.331s][info][gc,start    ] GC(9) Concurrent update references
[2026-04-03T02:30:53.472+0600][23.331s][info][gc,task     ] GC(9) Using 3 of 6 workers for concurrent reference update
[2026-04-03T02:30:53.511+0600][23.370s][info][gc          ] GC(9) Concurrent update references 39.073ms
[2026-04-03T02:30:53.511+0600][23.370s][info][gc,start    ] GC(9) Concurrent update thread roots
[2026-04-03T02:30:53.516+0600][23.375s][info][gc          ] GC(9) Concurrent update thread roots 5.193ms
[2026-04-03T02:30:53.516+0600][23.376s][info][gc,start    ] GC(9) Pause Final Update Refs
[2026-04-03T02:30:53.516+0600][23.376s][info][gc,task     ] GC(9) Using 6 of 6 workers for final reference update
[2026-04-03T02:30:53.516+0600][23.376s][info][gc          ] GC(9) Pause Final Update Refs 0.191ms
[2026-04-03T02:30:53.520+0600][23.379s][info][gc,start    ] GC(9) Concurrent cleanup
[2026-04-03T02:30:53.520+0600][23.380s][info][gc          ] GC(9) Concurrent cleanup 170M->128M(506M) 0.333ms
[2026-04-03T02:30:53.520+0600][23.380s][info][gc,ergo     ] Free: 1052M, Max: 512K regular, 748M humongous, Frag: 29% external, 0% internal; Reserve: 64000K, Max: 512K
[2026-04-03T02:30:53.520+0600][23.380s][info][gc,stats    ] 
[2026-04-03T02:30:53.520+0600][23.380s][info][gc,stats    ] All times are wall-clock times, except per-root-class counters, that are sum over
[2026-04-03T02:30:53.520+0600][23.380s][info][gc,stats    ] all workers. Dividing the <total> over the root stage time estimates parallelism.
[2026-04-03T02:30:53.520+0600][23.380s][info][gc,stats    ] 
[2026-04-03T02:30:53.520+0600][23.380s][info][gc,stats    ] Concurrent Reset                   1183 us
[2026-04-03T02:30:53.520+0600][23.380s][info][gc,stats    ] Pause Init Mark (G)                 771 us
[2026-04-03T02:30:53.520+0600][23.380s][info][gc,stats    ] Pause Init Mark (N)                 168 us
[2026-04-03T02:30:53.521+0600][23.380s][info][gc,stats    ]   Update Region States               28 us
[2026-04-03T02:30:53.521+0600][23.380s][info][gc,stats    ] Concurrent Mark Roots              1799 us, parallelism: 1.83x
[2026-04-03T02:30:53.521+0600][23.380s][info][gc,stats    ]   CMR: <total>                     3296 us
[2026-04-03T02:30:53.521+0600][23.380s][info][gc,stats    ]   CMR: Thread Roots                2829 us, workers (us): 1034, 721, 1074, ---, ---, ---, 
[2026-04-03T02:30:53.521+0600][23.380s][info][gc,stats    ]   CMR: VM Strong Roots              110 us, workers (us):  92,  16,   1, ---, ---, ---, 
[2026-04-03T02:30:53.521+0600][23.380s][info][gc,stats    ]   CMR: CLDG Roots                   358 us, workers (us): ---, 358, ---, ---, ---, ---, 
[2026-04-03T02:30:53.521+0600][23.380s][info][gc,stats    ] Concurrent Marking                55057 us
[2026-04-03T02:30:53.521+0600][23.380s][info][gc,stats    ] Pause Final Mark (G)                843 us
[2026-04-03T02:30:53.521+0600][23.380s][info][gc,stats    ] Pause Final Mark (N)                663 us
[2026-04-03T02:30:53.521+0600][23.380s][info][gc,stats    ]   Finish Mark                       251 us
[2026-04-03T02:30:53.521+0600][23.380s][info][gc,stats    ]   Update Region States               41 us
[2026-04-03T02:30:53.521+0600][23.380s][info][gc,stats    ]   Choose Collection Set             208 us
[2026-04-03T02:30:53.521+0600][23.380s][info][gc,stats    ]   Rebuild Free Set                   28 us
[2026-04-03T02:30:53.521+0600][23.380s][info][gc,stats    ] Concurrent Thread Roots            1249 us, parallelism: 2.50x
[2026-04-03T02:30:53.521+0600][23.380s][info][gc,stats    ]   CTR: <total>                     3129 us
[2026-04-03T02:30:53.521+0600][23.380s][info][gc,stats    ]   CTR: Thread Roots                3129 us, workers (us): 1069, 1036, 1024, ---, ---, ---, 
[2026-04-03T02:30:53.521+0600][23.380s][info][gc,stats    ] Concurrent Weak References         1313 us, parallelism: 1.06x
[2026-04-03T02:30:53.521+0600][23.380s][info][gc,stats    ]   CWRF: <total>                    1387 us
[2026-04-03T02:30:53.521+0600][23.380s][info][gc,stats    ]   CWRF: Weak References            1387 us, workers (us): 1082, 271,  33, ---, ---, ---, 
[2026-04-03T02:30:53.521+0600][23.380s][info][gc,stats    ] Concurrent Weak Roots              8531 us
[2026-04-03T02:30:53.521+0600][23.380s][info][gc,stats    ]   Roots                            8042 us, parallelism: 2.07x
[2026-04-03T02:30:53.521+0600][23.380s][info][gc,stats    ]     CWR: <total>                  16655 us
[2026-04-03T02:30:53.521+0600][23.380s][info][gc,stats    ]     CWR: Code Cache Roots         13923 us, workers (us): 2741, 6503, 4679, ---, ---, ---, 
[2026-04-03T02:30:53.521+0600][23.380s][info][gc,stats    ]     CWR: VM Weak Roots             2601 us, workers (us): 1059, 838, 704, ---, ---, ---, 
[2026-04-03T02:30:53.521+0600][23.380s][info][gc,stats    ]     CWR: CLDG Roots                 131 us, workers (us): ---, 131, ---, ---, ---, ---, 
[2026-04-03T02:30:53.521+0600][23.380s][info][gc,stats    ]   Rendezvous                        356 us
[2026-04-03T02:30:53.521+0600][23.380s][info][gc,stats    ] Concurrent Cleanup                  276 us
[2026-04-03T02:30:53.521+0600][23.380s][info][gc,stats    ] Concurrent Class Unloading        47534 us
[2026-04-03T02:30:53.521+0600][23.380s][info][gc,stats    ]   Unlink Stale                    43075 us
[2026-04-03T02:30:53.521+0600][23.380s][info][gc,stats    ]     System Dictionary               582 us
[2026-04-03T02:30:53.521+0600][23.380s][info][gc,stats    ]     Weak Class Links              28676 us
[2026-04-03T02:30:53.521+0600][23.380s][info][gc,stats    ]     Code Roots                    13809 us
[2026-04-03T02:30:53.521+0600][23.380s][info][gc,stats    ]   Rendezvous                        420 us
[2026-04-03T02:30:53.521+0600][23.380s][info][gc,stats    ]   Purge Unlinked                   3849 us
[2026-04-03T02:30:53.521+0600][23.380s][info][gc,stats    ]     Code Roots                     3778 us
[2026-04-03T02:30:53.521+0600][23.380s][info][gc,stats    ]     CLDG                             70 us
[2026-04-03T02:30:53.521+0600][23.380s][info][gc,stats    ]     Exception Caches                  0 us
[2026-04-03T02:30:53.521+0600][23.380s][info][gc,stats    ] Concurrent Strong Roots            1387 us, parallelism: 0.66x
[2026-04-03T02:30:53.521+0600][23.380s][info][gc,stats    ]   CSR: <total>                      913 us
[2026-04-03T02:30:53.521+0600][23.380s][info][gc,stats    ]   CSR: VM Strong Roots               68 us, workers (us):  27,  31,  11, ---, ---, ---, 
[2026-04-03T02:30:53.521+0600][23.380s][info][gc,stats    ]   CSR: CLDG Roots                   844 us, workers (us): 844, ---, ---, ---, ---, ---, 
[2026-04-03T02:30:53.521+0600][23.380s][info][gc,stats    ] Concurrent Evacuation              2330 us
[2026-04-03T02:30:53.521+0600][23.380s][info][gc,stats    ] Pause Init Update Refs (G)          419 us
[2026-04-03T02:30:53.521+0600][23.380s][info][gc,stats    ] Pause Init Update Refs (N)          173 us
[2026-04-03T02:30:53.521+0600][23.380s][info][gc,stats    ]   Manage GCLABs                      24 us
[2026-04-03T02:30:53.521+0600][23.380s][info][gc,stats    ] Concurrent Update Refs            39209 us
[2026-04-03T02:30:53.521+0600][23.380s][info][gc,stats    ] Concurrent Update Thread Roots     5343 us
[2026-04-03T02:30:53.521+0600][23.380s][info][gc,stats    ] Pause Final Update Refs (G)        3890 us
[2026-04-03T02:30:53.521+0600][23.380s][info][gc,stats    ] Pause Final Update Refs (N)         232 us
[2026-04-03T02:30:53.521+0600][23.380s][info][gc,stats    ]   Update Region States               63 us
[2026-04-03T02:30:53.521+0600][23.381s][info][gc,stats    ]   Trash Collection Set               14 us
[2026-04-03T02:30:53.521+0600][23.381s][info][gc,stats    ]   Rebuild Free Set                   37 us
[2026-04-03T02:30:53.521+0600][23.381s][info][gc,stats    ] Concurrent Cleanup                  371 us
[2026-04-03T02:30:53.521+0600][23.381s][info][gc,stats    ] 
[2026-04-03T02:30:53.521+0600][23.381s][info][gc,stats    ] Allocation pacing accrued:
[2026-04-03T02:30:53.521+0600][23.381s][info][gc,stats    ]       0 of   384 ms (  0.0%): <total>
[2026-04-03T02:30:53.521+0600][23.381s][info][gc,stats    ]       0 of   384 ms (  0.0%): <average total>
[2026-04-03T02:30:53.521+0600][23.381s][info][gc,stats    ] 
[2026-04-03T02:30:53.521+0600][23.381s][info][gc,metaspace] Metaspace: 123085K(124352K)->124027K(125184K) NonClass: 107256K(107776K)->108047K(108608K) Class: 15828K(16576K)->15979K(16576K)
[2026-04-03T02:30:53.521+0600][23.381s][info][gc,ergo     ] Pacer for Idle. Initial: 25600K, Alloc Tax Rate: 1.0x
[2026-04-03T02:30:56.240+0600][26.099s][info][gc          ] Trigger: Average GC time (249.90 ms) is above the time for instantaneous allocation rate (655 MB/s) to deplete free headroom (153M) (spike threshold = 1.80)
[2026-04-03T02:30:56.240+0600][26.099s][info][gc,ergo     ] Free: 214M, Max: 512K regular, 213M humongous, Frag: 0% external, 0% internal; Reserve: 64000K, Max: 512K
[2026-04-03T02:30:56.240+0600][26.099s][info][gc,start    ] GC(10) Concurrent reset
[2026-04-03T02:30:56.240+0600][26.099s][info][gc,task     ] GC(10) Using 3 of 6 workers for concurrent reset
[2026-04-03T02:30:56.240+0600][26.099s][info][gc,ergo     ] GC(10) Pacer for Reset. Non-Taxable: 1250M
[2026-04-03T02:30:56.245+0600][26.104s][info][gc          ] GC(10) Concurrent reset 5.098ms
[2026-04-03T02:30:56.246+0600][26.105s][info][gc,start    ] GC(10) Pause Init Mark (unload classes)
[2026-04-03T02:30:56.246+0600][26.105s][info][gc,task     ] GC(10) Using 6 of 6 workers for init marking
[2026-04-03T02:30:56.246+0600][26.105s][info][gc,ergo     ] GC(10) Pacer for Mark. Expected Live: 83527K, Free: 210M, Non-Taxable: 21587K, Alloc Tax Rate: 0.5x
[2026-04-03T02:30:56.246+0600][26.105s][info][gc          ] GC(10) Pause Init Mark (unload classes) 0.122ms
[2026-04-03T02:30:56.246+0600][26.105s][info][gc,start    ] GC(10) Concurrent marking roots
[2026-04-03T02:30:56.246+0600][26.105s][info][gc,task     ] GC(10) Using 3 of 6 workers for concurrent marking roots
[2026-04-03T02:30:56.248+0600][26.107s][info][gc          ] GC(10) Concurrent marking roots 1.971ms
[2026-04-03T02:30:56.248+0600][26.107s][info][gc,start    ] GC(10) Concurrent marking (unload classes)
[2026-04-03T02:30:56.248+0600][26.107s][info][gc,task     ] GC(10) Using 3 of 6 workers for concurrent marking
[2026-04-03T02:30:56.324+0600][26.183s][info][gc          ] GC(10) Concurrent marking (unload classes) 75.957ms
[2026-04-03T02:30:56.325+0600][26.184s][info][gc,start    ] GC(10) Pause Final Mark (unload classes)
[2026-04-03T02:30:56.325+0600][26.184s][info][gc,task     ] GC(10) Using 6 of 6 workers for final marking
[2026-04-03T02:30:56.325+0600][26.184s][info][gc,ergo     ] GC(10) Adaptive CSet Selection. Target Free: 177M, Actual Free: 825M, Max CSet: 53333K, Min Garbage: 0B
[2026-04-03T02:30:56.325+0600][26.185s][info][gc,ergo     ] GC(10) Collectable Garbage: 808M (99%), Immediate: 574M (70%), CSet: 234M (28%)
[2026-04-03T02:30:56.325+0600][26.185s][info][gc,ergo     ] GC(10) Pacer for Evacuation. Used CSet: 239M, Free: 843M, Non-Taxable: 86355K, Alloc Tax Rate: 1.1x
[2026-04-03T02:30:56.325+0600][26.185s][info][gc          ] GC(10) Pause Final Mark (unload classes) 0.683ms
[2026-04-03T02:30:56.327+0600][26.186s][info][gc,start    ] GC(10) Concurrent thread roots
[2026-04-03T02:30:56.327+0600][26.186s][info][gc,task     ] GC(10) Using 3 of 6 workers for Concurrent thread roots
[2026-04-03T02:30:56.330+0600][26.189s][info][gc          ] GC(10) Concurrent thread roots 3.255ms
[2026-04-03T02:30:56.330+0600][26.189s][info][gc,start    ] GC(10) Concurrent weak references
[2026-04-03T02:30:56.330+0600][26.189s][info][gc,task     ] GC(10) Using 3 of 6 workers for concurrent weak references
[2026-04-03T02:30:56.343+0600][26.203s][info][gc,ref      ] GC(10) Encountered references: Soft: 3735, Weak: 15494, Final: 84, Phantom: 621
[2026-04-03T02:30:56.343+0600][26.203s][info][gc,ref      ] GC(10) Discovered  references: Soft: 0, Weak: 8854, Final: 0, Phantom: 616
[2026-04-03T02:30:56.343+0600][26.203s][info][gc,ref      ] GC(10) Enqueued    references: Soft: 0, Weak: 580, Final: 0, Phantom: 0
[2026-04-03T02:30:56.344+0600][26.203s][info][gc          ] GC(10) Concurrent weak references 13.719ms
[2026-04-03T02:30:56.344+0600][26.203s][info][gc,start    ] GC(10) Concurrent weak roots
[2026-04-03T02:30:56.344+0600][26.203s][info][gc,task     ] GC(10) Using 3 of 6 workers for concurrent weak root
[2026-04-03T02:30:56.354+0600][26.214s][info][gc          ] GC(10) Concurrent weak roots 10.660ms
[2026-04-03T02:30:56.355+0600][26.214s][info][gc,start    ] GC(10) Concurrent cleanup
[2026-04-03T02:30:56.355+0600][26.215s][info][gc          ] GC(10) Concurrent cleanup 936M->362M(1029M) 0.650ms
[2026-04-03T02:30:56.356+0600][26.215s][info][gc,ergo     ] GC(10) Free: 819M, Max: 512K regular, 165M humongous, Frag: 80% external, 0% internal; Reserve: 62875K, Max: 512K
[2026-04-03T02:30:56.356+0600][26.215s][info][gc,start    ] GC(10) Concurrent class unloading
[2026-04-03T02:30:56.356+0600][26.215s][info][gc,task     ] GC(10) Using 3 of 6 workers for concurrent class unloading
[2026-04-03T02:30:56.437+0600][26.296s][info][gc          ] GC(10) Concurrent class unloading 81.210ms
[2026-04-03T02:30:56.437+0600][26.296s][info][gc,start    ] GC(10) Concurrent strong roots
[2026-04-03T02:30:56.437+0600][26.296s][info][gc,task     ] GC(10) Using 3 of 6 workers for concurrent strong root
[2026-04-03T02:30:56.439+0600][26.298s][info][gc          ] GC(10) Concurrent strong roots 2.113ms
[2026-04-03T02:30:56.439+0600][26.299s][info][gc,start    ] GC(10) Concurrent evacuation
[2026-04-03T02:30:56.439+0600][26.299s][info][gc,task     ] GC(10) Using 3 of 6 workers for concurrent evacuation
[2026-04-03T02:30:56.450+0600][26.309s][info][gc          ] GC(10) Concurrent evacuation 10.481ms
[2026-04-03T02:30:56.450+0600][26.309s][info][gc,start    ] GC(10) Pause Init Update Refs
[2026-04-03T02:30:56.450+0600][26.310s][info][gc,ergo     ] GC(10) Pacer for Update Refs. Used: 426M, Free: 759M, Non-Taxable: 77744K, Alloc Tax Rate: 1.1x
[2026-04-03T02:30:56.450+0600][26.310s][info][gc          ] GC(10) Pause Init Update Refs 0.166ms
[2026-04-03T02:30:56.450+0600][26.310s][info][gc,start    ] GC(10) Concurrent update references
[2026-04-03T02:30:56.450+0600][26.310s][info][gc,task     ] GC(10) Using 3 of 6 workers for concurrent reference update
[2026-04-03T02:30:56.497+0600][26.356s][info][gc          ] GC(10) Concurrent update references 46.594ms
[2026-04-03T02:30:56.497+0600][26.356s][info][gc,start    ] GC(10) Concurrent update thread roots
[2026-04-03T02:30:56.498+0600][26.358s][info][gc          ] GC(10) Concurrent update thread roots 1.423ms
[2026-04-03T02:30:56.499+0600][26.358s][info][gc,start    ] GC(10) Pause Final Update Refs
[2026-04-03T02:30:56.499+0600][26.358s][info][gc,task     ] GC(10) Using 6 of 6 workers for final reference update
[2026-04-03T02:30:56.499+0600][26.358s][info][gc          ] GC(10) Pause Final Update Refs 0.205ms
[2026-04-03T02:30:56.499+0600][26.359s][info][gc,start    ] GC(10) Concurrent cleanup
[2026-04-03T02:30:56.500+0600][26.359s][info][gc          ] GC(10) Concurrent cleanup 457M->218M(1030M) 0.624ms
[2026-04-03T02:30:56.500+0600][26.359s][info][gc,ergo     ] Free: 957M, Max: 512K regular, 537M humongous, Frag: 44% external, 0% internal; Reserve: 64000K, Max: 512K
[2026-04-03T02:30:56.500+0600][26.359s][info][gc,stats    ] 
[2026-04-03T02:30:56.500+0600][26.359s][info][gc,stats    ] All times are wall-clock times, except per-root-class counters, that are sum over
[2026-04-03T02:30:56.500+0600][26.359s][info][gc,stats    ] all workers. Dividing the <total> over the root stage time estimates parallelism.
[2026-04-03T02:30:56.500+0600][26.359s][info][gc,stats    ] 
[2026-04-03T02:30:56.500+0600][26.359s][info][gc,stats    ] Concurrent Reset                   5212 us
[2026-04-03T02:30:56.500+0600][26.359s][info][gc,stats    ] Pause Init Mark (G)                 773 us
[2026-04-03T02:30:56.500+0600][26.359s][info][gc,stats    ] Pause Init Mark (N)                 132 us
[2026-04-03T02:30:56.500+0600][26.359s][info][gc,stats    ]   Update Region States               35 us
[2026-04-03T02:30:56.500+0600][26.359s][info][gc,stats    ] Concurrent Mark Roots              2037 us, parallelism: 2.02x
[2026-04-03T02:30:56.500+0600][26.359s][info][gc,stats    ]   CMR: <total>                     4111 us
[2026-04-03T02:30:56.500+0600][26.359s][info][gc,stats    ]   CMR: Thread Roots                3379 us, workers (us): 1306, 846, 1226, ---, ---, ---, 
[2026-04-03T02:30:56.500+0600][26.359s][info][gc,stats    ]   CMR: VM Strong Roots              223 us, workers (us):  63,  43, 117, ---, ---, ---, 
[2026-04-03T02:30:56.500+0600][26.359s][info][gc,stats    ]   CMR: CLDG Roots                   509 us, workers (us): ---, 509, ---, ---, ---, ---, 
[2026-04-03T02:30:56.500+0600][26.359s][info][gc,stats    ] Concurrent Marking                76059 us
[2026-04-03T02:30:56.500+0600][26.359s][info][gc,stats    ] Pause Final Mark (G)               2468 us
[2026-04-03T02:30:56.500+0600][26.359s][info][gc,stats    ] Pause Final Mark (N)                695 us
[2026-04-03T02:30:56.500+0600][26.359s][info][gc,stats    ]   Finish Mark                       223 us
[2026-04-03T02:30:56.500+0600][26.359s][info][gc,stats    ]   Update Region States               47 us
[2026-04-03T02:30:56.500+0600][26.359s][info][gc,stats    ]   Choose Collection Set             254 us
[2026-04-03T02:30:56.500+0600][26.359s][info][gc,stats    ]   Rebuild Free Set                   43 us
[2026-04-03T02:30:56.500+0600][26.359s][info][gc,stats    ] Concurrent Thread Roots            3318 us, parallelism: 1.54x
[2026-04-03T02:30:56.500+0600][26.359s][info][gc,stats    ]   CTR: <total>                     5126 us
[2026-04-03T02:30:56.500+0600][26.359s][info][gc,stats    ]   CTR: Thread Roots                5126 us, workers (us): 3025, 1034, 1067, ---, ---, ---, 
[2026-04-03T02:30:56.500+0600][26.359s][info][gc,stats    ] Concurrent Weak References        13759 us, parallelism: 1.53x
[2026-04-03T02:30:56.500+0600][26.359s][info][gc,stats    ]   CWRF: <total>                   20991 us
[2026-04-03T02:30:56.500+0600][26.359s][info][gc,stats    ]   CWRF: Weak References           20991 us, workers (us): 2173, 6287, 12531, ---, ---, ---, 
[2026-04-03T02:30:56.500+0600][26.360s][info][gc,stats    ] Concurrent Weak Roots             11149 us
[2026-04-03T02:30:56.500+0600][26.360s][info][gc,stats    ]   Roots                            8263 us, parallelism: 2.69x
[2026-04-03T02:30:56.500+0600][26.360s][info][gc,stats    ]     CWR: <total>                  22230 us
[2026-04-03T02:30:56.500+0600][26.360s][info][gc,stats    ]     CWR: Code Cache Roots         11320 us, workers (us): 3700, 3676, 3944, ---, ---, ---, 
[2026-04-03T02:30:56.500+0600][26.360s][info][gc,stats    ]     CWR: VM Weak Roots            10568 us, workers (us): 3616, 3487, 3466, ---, ---, ---, 
[2026-04-03T02:30:56.500+0600][26.360s][info][gc,stats    ]     CWR: CLDG Roots                 341 us, workers (us): ---, ---, 341, ---, ---, ---, 
[2026-04-03T02:30:56.500+0600][26.360s][info][gc,stats    ]   Rendezvous                       2328 us
[2026-04-03T02:30:56.500+0600][26.360s][info][gc,stats    ] Concurrent Cleanup                  706 us
[2026-04-03T02:30:56.500+0600][26.360s][info][gc,stats    ] Concurrent Class Unloading        81341 us
[2026-04-03T02:30:56.500+0600][26.360s][info][gc,stats    ]   Unlink Stale                    52351 us
[2026-04-03T02:30:56.500+0600][26.360s][info][gc,stats    ]     System Dictionary               994 us
[2026-04-03T02:30:56.500+0600][26.360s][info][gc,stats    ]     Weak Class Links              31087 us
[2026-04-03T02:30:56.500+0600][26.360s][info][gc,stats    ]     Code Roots                    20263 us
[2026-04-03T02:30:56.500+0600][26.360s][info][gc,stats    ]   Rendezvous                       1060 us
[2026-04-03T02:30:56.500+0600][26.360s][info][gc,stats    ]   Purge Unlinked                  27749 us
[2026-04-03T02:30:56.500+0600][26.360s][info][gc,stats    ]     Code Roots                    27141 us
[2026-04-03T02:30:56.500+0600][26.360s][info][gc,stats    ]     CLDG                            606 us
[2026-04-03T02:30:56.500+0600][26.360s][info][gc,stats    ]     Exception Caches                  0 us
[2026-04-03T02:30:56.500+0600][26.360s][info][gc,stats    ] Concurrent Strong Roots            2303 us, parallelism: 0.71x
[2026-04-03T02:30:56.500+0600][26.360s][info][gc,stats    ]   CSR: <total>                     1626 us
[2026-04-03T02:30:56.500+0600][26.360s][info][gc,stats    ]   CSR: VM Strong Roots               82 us, workers (us):  80,   2,   0, ---, ---, ---, 
[2026-04-03T02:30:56.500+0600][26.360s][info][gc,stats    ]   CSR: CLDG Roots                  1544 us, workers (us): 1544, ---, ---, ---, ---, ---, 
[2026-04-03T02:30:56.500+0600][26.360s][info][gc,stats    ] Concurrent Evacuation             10625 us
[2026-04-03T02:30:56.500+0600][26.360s][info][gc,stats    ] Pause Init Update Refs (G)          433 us
[2026-04-03T02:30:56.500+0600][26.360s][info][gc,stats    ] Pause Init Update Refs (N)          180 us
[2026-04-03T02:30:56.500+0600][26.360s][info][gc,stats    ]   Manage GCLABs                      48 us
[2026-04-03T02:30:56.500+0600][26.360s][info][gc,stats    ] Concurrent Update Refs            46708 us
[2026-04-03T02:30:56.500+0600][26.360s][info][gc,stats    ] Concurrent Update Thread Roots     1500 us
[2026-04-03T02:30:56.500+0600][26.360s][info][gc,stats    ] Pause Final Update Refs (G)         633 us
[2026-04-03T02:30:56.500+0600][26.360s][info][gc,stats    ] Pause Final Update Refs (N)         224 us
[2026-04-03T02:30:56.500+0600][26.360s][info][gc,stats    ]   Update Region States               53 us
[2026-04-03T02:30:56.500+0600][26.360s][info][gc,stats    ]   Trash Collection Set               24 us
[2026-04-03T02:30:56.500+0600][26.360s][info][gc,stats    ]   Rebuild Free Set                   48 us
[2026-04-03T02:30:56.500+0600][26.360s][info][gc,stats    ] Concurrent Cleanup                  671 us
[2026-04-03T02:30:56.500+0600][26.360s][info][gc,stats    ] 
[2026-04-03T02:30:56.500+0600][26.360s][info][gc,stats    ] Allocation pacing accrued:
[2026-04-03T02:30:56.500+0600][26.360s][info][gc,stats    ]       0 of  2979 ms (  0.0%): <total>
[2026-04-03T02:30:56.500+0600][26.360s][info][gc,stats    ]       0 of  2979 ms (  0.0%): <average total>
[2026-04-03T02:30:56.500+0600][26.360s][info][gc,stats    ] 
[2026-04-03T02:30:56.501+0600][26.360s][info][gc,metaspace] Metaspace: 127744K(129024K)->127641K(129088K) NonClass: 111437K(112128K)->111392K(112192K) Class: 16306K(16896K)->16249K(16896K)
[2026-04-03T02:30:56.501+0600][26.360s][info][gc,ergo     ] Pacer for Idle. Initial: 25600K, Alloc Tax Rate: 1.0x
[2026-04-03T02:30:57.693+0600][27.552s][info][gc          ] Trigger: Average GC time (308.79 ms) is above the time for average allocation rate (660 MB/s) to deplete free headroom (199M) (margin of error = 1.80)
[2026-04-03T02:30:57.693+0600][27.552s][info][gc,ergo     ] Free headroom: 261M (free) - 64000K (spike) - 0B (penalties) = 199M
[2026-04-03T02:30:57.693+0600][27.552s][info][gc,ergo     ] Free: 261M, Max: 512K regular, 163M humongous, Frag: 38% external, 0% internal; Reserve: 64000K, Max: 512K
[2026-04-03T02:30:57.693+0600][27.552s][info][gc,start    ] GC(11) Concurrent reset
[2026-04-03T02:30:57.693+0600][27.552s][info][gc,task     ] GC(11) Using 3 of 6 workers for concurrent reset
[2026-04-03T02:30:57.693+0600][27.552s][info][gc,ergo     ] GC(11) Pacer for Reset. Non-Taxable: 1250M
[2026-04-03T02:30:57.697+0600][27.556s][info][gc          ] GC(11) Concurrent reset 4.344ms
[2026-04-03T02:30:57.697+0600][27.557s][info][gc,start    ] GC(11) Pause Init Mark (unload classes)
[2026-04-03T02:30:57.698+0600][27.557s][info][gc,task     ] GC(11) Using 6 of 6 workers for init marking
[2026-04-03T02:30:57.698+0600][27.557s][info][gc,ergo     ] GC(11) Pacer for Mark. Expected Live: 85062K, Free: 261M, Non-Taxable: 26783K, Alloc Tax Rate: 0.4x
[2026-04-03T02:30:57.698+0600][27.557s][info][gc          ] GC(11) Pause Init Mark (unload classes) 0.185ms
[2026-04-03T02:30:57.698+0600][27.557s][info][gc,start    ] GC(11) Concurrent marking roots
[2026-04-03T02:30:57.698+0600][27.557s][info][gc,task     ] GC(11) Using 3 of 6 workers for concurrent marking roots
[2026-04-03T02:30:57.700+0600][27.559s][info][gc          ] GC(11) Concurrent marking roots 2.213ms
[2026-04-03T02:30:57.700+0600][27.560s][info][gc,start    ] GC(11) Concurrent marking (unload classes)
[2026-04-03T02:30:57.700+0600][27.560s][info][gc,task     ] GC(11) Using 3 of 6 workers for concurrent marking
[2026-04-03T02:30:57.767+0600][27.626s][info][gc          ] GC(11) Concurrent marking (unload classes) 66.619ms
[2026-04-03T02:30:57.767+0600][27.627s][info][gc,start    ] GC(11) Pause Final Mark (unload classes)
[2026-04-03T02:30:57.767+0600][27.627s][info][gc,task     ] GC(11) Using 6 of 6 workers for final marking
[2026-04-03T02:30:57.768+0600][27.627s][info][gc,ergo     ] GC(11) Adaptive CSet Selection. Target Free: 177M, Actual Free: 801M, Max CSet: 53333K, Min Garbage: 0B
[2026-04-03T02:30:57.768+0600][27.627s][info][gc,ergo     ] GC(11) Collectable Garbage: 771M (99%), Immediate: 514M (66%), CSet: 256M (32%)
[2026-04-03T02:30:57.768+0600][27.628s][info][gc,ergo     ] GC(11) Pacer for Evacuation. Used CSet: 262M, Free: 805M, Non-Taxable: 82515K, Alloc Tax Rate: 1.1x
[2026-04-03T02:30:57.768+0600][27.628s][info][gc          ] GC(11) Pause Final Mark (unload classes) 1.028ms
[2026-04-03T02:30:57.768+0600][27.628s][info][gc,start    ] GC(11) Concurrent thread roots
[2026-04-03T02:30:57.768+0600][27.628s][info][gc,task     ] GC(11) Using 3 of 6 workers for Concurrent thread roots
[2026-04-03T02:30:57.770+0600][27.629s][info][gc          ] GC(11) Concurrent thread roots 1.640ms
[2026-04-03T02:30:57.770+0600][27.629s][info][gc,start    ] GC(11) Concurrent weak references
[2026-04-03T02:30:57.770+0600][27.629s][info][gc,task     ] GC(11) Using 3 of 6 workers for concurrent weak references
[2026-04-03T02:30:57.772+0600][27.631s][info][gc,ref      ] GC(11) Encountered references: Soft: 3751, Weak: 16292, Final: 84, Phantom: 621
[2026-04-03T02:30:57.772+0600][27.631s][info][gc,ref      ] GC(11) Discovered  references: Soft: 0, Weak: 10044, Final: 0, Phantom: 616
[2026-04-03T02:30:57.772+0600][27.631s][info][gc,ref      ] GC(11) Enqueued    references: Soft: 0, Weak: 1671, Final: 0, Phantom: 0
[2026-04-03T02:30:57.772+0600][27.631s][info][gc          ] GC(11) Concurrent weak references 1.736ms
[2026-04-03T02:30:57.772+0600][27.631s][info][gc,start    ] GC(11) Concurrent weak roots
[2026-04-03T02:30:57.772+0600][27.631s][info][gc,task     ] GC(11) Using 3 of 6 workers for concurrent weak root
[2026-04-03T02:30:57.777+0600][27.636s][info][gc          ] GC(11) Concurrent weak roots 5.122ms
[2026-04-03T02:30:57.777+0600][27.636s][info][gc,start    ] GC(11) Concurrent cleanup
[2026-04-03T02:30:57.778+0600][27.637s][info][gc          ] GC(11) Concurrent cleanup 892M->378M(1030M) 0.542ms
[2026-04-03T02:30:57.778+0600][27.637s][info][gc,ergo     ] GC(11) Free: 803M, Max: 512K regular, 165M humongous, Frag: 80% external, 0% internal; Reserve: 63449K, Max: 512K
[2026-04-03T02:30:57.778+0600][27.637s][info][gc,start    ] GC(11) Concurrent class unloading
[2026-04-03T02:30:57.778+0600][27.637s][info][gc,task     ] GC(11) Using 3 of 6 workers for concurrent class unloading
[2026-04-03T02:30:57.807+0600][27.666s][info][gc          ] GC(11) Concurrent class unloading 29.425ms
[2026-04-03T02:30:57.807+0600][27.667s][info][gc,start    ] GC(11) Concurrent strong roots
[2026-04-03T02:30:57.807+0600][27.667s][info][gc,task     ] GC(11) Using 3 of 6 workers for concurrent strong root
[2026-04-03T02:30:57.809+0600][27.668s][info][gc          ] GC(11) Concurrent strong roots 1.584ms
[2026-04-03T02:30:57.809+0600][27.668s][info][gc,start    ] GC(11) Concurrent evacuation
[2026-04-03T02:30:57.809+0600][27.668s][info][gc,task     ] GC(11) Using 3 of 6 workers for concurrent evacuation
[2026-04-03T02:30:57.816+0600][27.675s][info][gc          ] GC(11) Concurrent evacuation 6.734ms
[2026-04-03T02:30:57.817+0600][27.676s][info][gc,start    ] GC(11) Pause Init Update Refs
[2026-04-03T02:30:57.817+0600][27.676s][info][gc,ergo     ] GC(11) Pacer for Update Refs. Used: 404M, Free: 783M, Non-Taxable: 80187K, Alloc Tax Rate: 1.1x
[2026-04-03T02:30:57.817+0600][27.676s][info][gc          ] GC(11) Pause Init Update Refs 0.181ms
[2026-04-03T02:30:57.818+0600][27.677s][info][gc,start    ] GC(11) Concurrent update references
[2026-04-03T02:30:57.818+0600][27.677s][info][gc,task     ] GC(11) Using 3 of 6 workers for concurrent reference update
[2026-04-03T02:30:57.870+0600][27.729s][info][gc          ] GC(11) Concurrent update references 51.849ms
[2026-04-03T02:30:57.870+0600][27.729s][info][gc,start    ] GC(11) Concurrent update thread roots
[2026-04-03T02:30:57.872+0600][27.731s][info][gc          ] GC(11) Concurrent update thread roots 1.952ms
[2026-04-03T02:30:57.872+0600][27.731s][info][gc,start    ] GC(11) Pause Final Update Refs
[2026-04-03T02:30:57.872+0600][27.731s][info][gc,task     ] GC(11) Using 6 of 6 workers for final reference update
[2026-04-03T02:30:57.872+0600][27.732s][info][gc          ] GC(11) Pause Final Update Refs 0.276ms
[2026-04-03T02:30:57.872+0600][27.732s][info][gc,start    ] GC(11) Concurrent cleanup
[2026-04-03T02:30:57.873+0600][27.732s][info][gc          ] GC(11) Concurrent cleanup 439M->177M(1031M) 0.629ms
[2026-04-03T02:30:57.873+0600][27.732s][info][gc,ergo     ] Free: 999M, Max: 512K regular, 439M humongous, Frag: 56% external, 0% internal; Reserve: 64000K, Max: 512K
[2026-04-03T02:30:57.873+0600][27.732s][info][gc,stats    ] 
[2026-04-03T02:30:57.873+0600][27.732s][info][gc,stats    ] All times are wall-clock times, except per-root-class counters, that are sum over
[2026-04-03T02:30:57.873+0600][27.732s][info][gc,stats    ] all workers. Dividing the <total> over the root stage time estimates parallelism.
[2026-04-03T02:30:57.873+0600][27.732s][info][gc,stats    ] 
[2026-04-03T02:30:57.873+0600][27.732s][info][gc,stats    ] Concurrent Reset                   4427 us
[2026-04-03T02:30:57.873+0600][27.732s][info][gc,stats    ] Pause Init Mark (G)                 715 us
[2026-04-03T02:30:57.873+0600][27.732s][info][gc,stats    ] Pause Init Mark (N)                 198 us
[2026-04-03T02:30:57.873+0600][27.732s][info][gc,stats    ]   Update Region States               42 us
[2026-04-03T02:30:57.873+0600][27.732s][info][gc,stats    ] Concurrent Mark Roots              2374 us, parallelism: 2.15x
[2026-04-03T02:30:57.873+0600][27.732s][info][gc,stats    ]   CMR: <total>                     5103 us
[2026-04-03T02:30:57.873+0600][27.733s][info][gc,stats    ]   CMR: Thread Roots                4331 us, workers (us): 1147, 1528, 1656, ---, ---, ---, 
[2026-04-03T02:30:57.873+0600][27.733s][info][gc,stats    ]   CMR: VM Strong Roots              362 us, workers (us): 103, 197,  62, ---, ---, ---, 
[2026-04-03T02:30:57.873+0600][27.733s][info][gc,stats    ]   CMR: CLDG Roots                   409 us, workers (us): 409, ---, ---, ---, ---, ---, 
[2026-04-03T02:30:57.873+0600][27.733s][info][gc,stats    ] Concurrent Marking                66719 us
[2026-04-03T02:30:57.873+0600][27.733s][info][gc,stats    ] Pause Final Mark (G)               1409 us
[2026-04-03T02:30:57.873+0600][27.733s][info][gc,stats    ] Pause Final Mark (N)               1041 us
[2026-04-03T02:30:57.873+0600][27.733s][info][gc,stats    ]   Finish Mark                       283 us
[2026-04-03T02:30:57.873+0600][27.733s][info][gc,stats    ]   Update Region States               43 us
[2026-04-03T02:30:57.873+0600][27.733s][info][gc,stats    ]   Choose Collection Set             295 us
[2026-04-03T02:30:57.873+0600][27.733s][info][gc,stats    ]   Rebuild Free Set                   41 us
[2026-04-03T02:30:57.873+0600][27.733s][info][gc,stats    ] Concurrent Thread Roots            1704 us, parallelism: 2.43x
[2026-04-03T02:30:57.873+0600][27.733s][info][gc,stats    ]   CTR: <total>                     4140 us
[2026-04-03T02:30:57.873+0600][27.733s][info][gc,stats    ]   CTR: Thread Roots                4140 us, workers (us): 1415, 1415, 1310, ---, ---, ---, 
[2026-04-03T02:30:57.873+0600][27.733s][info][gc,stats    ] Concurrent Weak References         1756 us, parallelism: 1.12x
[2026-04-03T02:30:57.873+0600][27.733s][info][gc,stats    ]   CWRF: <total>                    1970 us
[2026-04-03T02:30:57.873+0600][27.733s][info][gc,stats    ]   CWRF: Weak References            1970 us, workers (us): 1382, 457, 131, ---, ---, ---, 
[2026-04-03T02:30:57.873+0600][27.733s][info][gc,stats    ] Concurrent Weak Roots              5233 us
[2026-04-03T02:30:57.873+0600][27.733s][info][gc,stats    ]   Roots                            4609 us, parallelism: 2.73x
[2026-04-03T02:30:57.873+0600][27.733s][info][gc,stats    ]     CWR: <total>                  12598 us
[2026-04-03T02:30:57.873+0600][27.733s][info][gc,stats    ]     CWR: Code Cache Roots          9256 us, workers (us): 3162, 2944, 3150, ---, ---, ---, 
[2026-04-03T02:30:57.874+0600][27.733s][info][gc,stats    ]     CWR: VM Weak Roots             3131 us, workers (us): 1057, 1039, 1035, ---, ---, ---, 
[2026-04-03T02:30:57.874+0600][27.733s][info][gc,stats    ]     CWR: CLDG Roots                 211 us, workers (us): ---, 211, ---, ---, ---, ---, 
[2026-04-03T02:30:57.874+0600][27.733s][info][gc,stats    ]   Rendezvous                        468 us
[2026-04-03T02:30:57.874+0600][27.733s][info][gc,stats    ] Concurrent Cleanup                  579 us
[2026-04-03T02:30:57.874+0600][27.733s][info][gc,stats    ] Concurrent Class Unloading        29579 us
[2026-04-03T02:30:57.874+0600][27.733s][info][gc,stats    ]   Unlink Stale                    14026 us
[2026-04-03T02:30:57.874+0600][27.733s][info][gc,stats    ]     System Dictionary               306 us
[2026-04-03T02:30:57.874+0600][27.733s][info][gc,stats    ]     Weak Class Links                  0 us
[2026-04-03T02:30:57.874+0600][27.733s][info][gc,stats    ]     Code Roots                    13715 us
[2026-04-03T02:30:57.874+0600][27.733s][info][gc,stats    ]   Rendezvous                        414 us
[2026-04-03T02:30:57.874+0600][27.733s][info][gc,stats    ]   Purge Unlinked                  14930 us
[2026-04-03T02:30:57.874+0600][27.733s][info][gc,stats    ]     Code Roots                    14881 us
[2026-04-03T02:30:57.874+0600][27.733s][info][gc,stats    ]     CLDG                             46 us
[2026-04-03T02:30:57.874+0600][27.733s][info][gc,stats    ]     Exception Caches                  0 us
[2026-04-03T02:30:57.874+0600][27.733s][info][gc,stats    ] Concurrent Strong Roots            1697 us, parallelism: 0.65x
[2026-04-03T02:30:57.874+0600][27.733s][info][gc,stats    ]   CSR: <total>                     1108 us
[2026-04-03T02:30:57.874+0600][27.733s][info][gc,stats    ]   CSR: VM Strong Roots              102 us, workers (us):  53,  48,   0, ---, ---, ---, 
[2026-04-03T02:30:57.874+0600][27.733s][info][gc,stats    ]   CSR: CLDG Roots                  1006 us, workers (us): 1006, ---, ---, ---, ---, ---, 
[2026-04-03T02:30:57.874+0600][27.733s][info][gc,stats    ] Concurrent Evacuation              6857 us
[2026-04-03T02:30:57.874+0600][27.733s][info][gc,stats    ] Pause Init Update Refs (G)         1780 us
[2026-04-03T02:30:57.874+0600][27.733s][info][gc,stats    ] Pause Init Update Refs (N)          222 us
[2026-04-03T02:30:57.874+0600][27.733s][info][gc,stats    ]   Manage GCLABs                      78 us
[2026-04-03T02:30:57.874+0600][27.733s][info][gc,stats    ] Concurrent Update Refs            51957 us
[2026-04-03T02:30:57.874+0600][27.733s][info][gc,stats    ] Concurrent Update Thread Roots     2047 us
[2026-04-03T02:30:57.874+0600][27.733s][info][gc,stats    ] Pause Final Update Refs (G)         610 us
[2026-04-03T02:30:57.874+0600][27.733s][info][gc,stats    ] Pause Final Update Refs (N)         295 us
[2026-04-03T02:30:57.874+0600][27.733s][info][gc,stats    ]   Update Region States               62 us
[2026-04-03T02:30:57.874+0600][27.733s][info][gc,stats    ]   Trash Collection Set               25 us
[2026-04-03T02:30:57.874+0600][27.733s][info][gc,stats    ]   Rebuild Free Set                   44 us
[2026-04-03T02:30:57.874+0600][27.733s][info][gc,stats    ] Concurrent Cleanup                  671 us
[2026-04-03T02:30:57.874+0600][27.733s][info][gc,stats    ] 
[2026-04-03T02:30:57.874+0600][27.733s][info][gc,stats    ] Allocation pacing accrued:
[2026-04-03T02:30:57.874+0600][27.733s][info][gc,stats    ]       0 of  1374 ms (  0.0%): <total>
[2026-04-03T02:30:57.874+0600][27.734s][info][gc,stats    ]       0 of  1374 ms (  0.0%): <average total>
[2026-04-03T02:30:57.874+0600][27.734s][info][gc,stats    ] 
[2026-04-03T02:30:57.874+0600][27.734s][info][gc,metaspace] Metaspace: 128273K(129472K)->128364K(129536K) NonClass: 111985K(112576K)->112074K(112640K) Class: 16288K(16896K)->16290K(16896K)
[2026-04-03T02:30:57.874+0600][27.734s][info][gc,ergo     ] Pacer for Idle. Initial: 25600K, Alloc Tax Rate: 1.0x
[2026-04-03T02:30:59.174+0600][29.033s][info][gc          ] Trigger: Average GC time (271.95 ms) is above the time for average allocation rate (473 MB/s) to deplete free headroom (128M) (margin of error = 1.80)
[2026-04-03T02:30:59.174+0600][29.033s][info][gc,ergo     ] Free headroom: 190M (free) - 64000K (spike) - 0B (penalties) = 128M
[2026-04-03T02:30:59.174+0600][29.033s][info][gc,ergo     ] Free: 190M, Max: 512K regular, 190M humongous, Frag: 0% external, 1% internal; Reserve: 64000K, Max: 512K
[2026-04-03T02:30:59.174+0600][29.033s][info][gc,start    ] GC(12) Concurrent reset
[2026-04-03T02:30:59.174+0600][29.033s][info][gc,task     ] GC(12) Using 3 of 6 workers for concurrent reset
[2026-04-03T02:30:59.174+0600][29.033s][info][gc,ergo     ] GC(12) Pacer for Reset. Non-Taxable: 1250M
[2026-04-03T02:30:59.184+0600][29.043s][info][gc          ] GC(12) Concurrent reset 9.949ms
[2026-04-03T02:30:59.185+0600][29.044s][info][gc,start    ] GC(12) Pause Init Mark (unload classes)
[2026-04-03T02:30:59.185+0600][29.044s][info][gc,task     ] GC(12) Using 6 of 6 workers for init marking
[2026-04-03T02:30:59.185+0600][29.044s][info][gc,ergo     ] GC(12) Pacer for Mark. Expected Live: 83220K, Free: 183M, Non-Taxable: 18771K, Alloc Tax Rate: 0.5x
[2026-04-03T02:30:59.185+0600][29.044s][info][gc          ] GC(12) Pause Init Mark (unload classes) 0.142ms
[2026-04-03T02:30:59.185+0600][29.044s][info][gc,start    ] GC(12) Concurrent marking roots
[2026-04-03T02:30:59.185+0600][29.044s][info][gc,task     ] GC(12) Using 3 of 6 workers for concurrent marking roots
[2026-04-03T02:30:59.187+0600][29.046s][info][gc          ] GC(12) Concurrent marking roots 2.166ms
[2026-04-03T02:30:59.187+0600][29.046s][info][gc,start    ] GC(12) Concurrent marking (unload classes)
[2026-04-03T02:30:59.187+0600][29.046s][info][gc,task     ] GC(12) Using 3 of 6 workers for concurrent marking
[2026-04-03T02:30:59.271+0600][29.130s][info][gc          ] GC(12) Concurrent marking (unload classes) 83.561ms
[2026-04-03T02:30:59.271+0600][29.130s][info][gc,start    ] GC(12) Pause Final Mark (unload classes)
[2026-04-03T02:30:59.271+0600][29.130s][info][gc,task     ] GC(12) Using 6 of 6 workers for final marking
[2026-04-03T02:30:59.271+0600][29.131s][info][gc,ergo     ] GC(12) Adaptive CSet Selection. Target Free: 177M, Actual Free: 784M, Max CSet: 53333K, Min Garbage: 0B
[2026-04-03T02:30:59.272+0600][29.131s][info][gc,ergo     ] GC(12) Collectable Garbage: 830M (99%), Immediate: 573M (68%), CSet: 256M (30%)
[2026-04-03T02:30:59.272+0600][29.131s][info][gc,ergo     ] GC(12) Pacer for Evacuation. Used CSet: 265M, Free: 802M, Non-Taxable: 82158K, Alloc Tax Rate: 1.1x
[2026-04-03T02:30:59.272+0600][29.131s][info][gc          ] GC(12) Pause Final Mark (unload classes) 0.692ms
[2026-04-03T02:30:59.272+0600][29.131s][info][gc,start    ] GC(12) Concurrent thread roots
[2026-04-03T02:30:59.272+0600][29.131s][info][gc,task     ] GC(12) Using 3 of 6 workers for Concurrent thread roots
[2026-04-03T02:30:59.274+0600][29.133s][info][gc          ] GC(12) Concurrent thread roots 1.743ms
[2026-04-03T02:30:59.274+0600][29.133s][info][gc,start    ] GC(12) Concurrent weak references
[2026-04-03T02:30:59.274+0600][29.133s][info][gc,task     ] GC(12) Using 3 of 6 workers for concurrent weak references
[2026-04-03T02:30:59.274+0600][29.134s][info][gc,ref      ] GC(12) Encountered references: Soft: 3832, Weak: 16389, Final: 84, Phantom: 622
[2026-04-03T02:30:59.275+0600][29.134s][info][gc,ref      ] GC(12) Discovered  references: Soft: 0, Weak: 4876, Final: 0, Phantom: 615
[2026-04-03T02:30:59.275+0600][29.134s][info][gc,ref      ] GC(12) Enqueued    references: Soft: 0, Weak: 1824, Final: 0, Phantom: 0
[2026-04-03T02:30:59.275+0600][29.134s][info][gc          ] GC(12) Concurrent weak references 1.023ms
[2026-04-03T02:30:59.275+0600][29.134s][info][gc,start    ] GC(12) Concurrent weak roots
[2026-04-03T02:30:59.275+0600][29.134s][info][gc,task     ] GC(12) Using 3 of 6 workers for concurrent weak root
[2026-04-03T02:30:59.288+0600][29.148s][info][gc          ] GC(12) Concurrent weak roots 13.720ms
[2026-04-03T02:30:59.288+0600][29.148s][info][gc,start    ] GC(12) Concurrent cleanup
[2026-04-03T02:30:59.292+0600][29.151s][info][gc          ] GC(12) Concurrent cleanup 967M->393M(1057M) 3.100ms
[2026-04-03T02:30:59.292+0600][29.151s][info][gc,ergo     ] GC(12) Free: 790M, Max: 512K regular, 136M humongous, Frag: 83% external, 0% internal; Reserve: 62877K, Max: 512K
[2026-04-03T02:30:59.292+0600][29.151s][info][gc,start    ] GC(12) Concurrent class unloading
[2026-04-03T02:30:59.292+0600][29.151s][info][gc,task     ] GC(12) Using 3 of 6 workers for concurrent class unloading
[2026-04-03T02:30:59.357+0600][29.216s][info][gc          ] GC(12) Concurrent class unloading 65.044ms
[2026-04-03T02:30:59.357+0600][29.216s][info][gc,start    ] GC(12) Concurrent strong roots
[2026-04-03T02:30:59.357+0600][29.216s][info][gc,task     ] GC(12) Using 3 of 6 workers for concurrent strong root
[2026-04-03T02:30:59.358+0600][29.218s][info][gc          ] GC(12) Concurrent strong roots 1.529ms
[2026-04-03T02:30:59.358+0600][29.218s][info][gc,start    ] GC(12) Concurrent evacuation
[2026-04-03T02:30:59.359+0600][29.218s][info][gc,task     ] GC(12) Using 3 of 6 workers for concurrent evacuation
[2026-04-03T02:30:59.372+0600][29.231s][info][gc          ] GC(12) Concurrent evacuation 13.153ms
[2026-04-03T02:30:59.374+0600][29.233s][info][gc,start    ] GC(12) Pause Init Update Refs
[2026-04-03T02:30:59.374+0600][29.234s][info][gc,ergo     ] GC(12) Pacer for Update Refs. Used: 421M, Free: 769M, Non-Taxable: 78819K, Alloc Tax Rate: 1.1x
[2026-04-03T02:30:59.374+0600][29.234s][info][gc          ] GC(12) Pause Init Update Refs 0.194ms
[2026-04-03T02:30:59.375+0600][29.235s][info][gc,start    ] GC(12) Concurrent update references
[2026-04-03T02:30:59.376+0600][29.235s][info][gc,task     ] GC(12) Using 3 of 6 workers for concurrent reference update
[2026-04-03T02:30:59.439+0600][29.298s][info][gc          ] GC(12) Concurrent update references 63.105ms
[2026-04-03T02:30:59.439+0600][29.298s][info][gc,start    ] GC(12) Concurrent update thread roots
[2026-04-03T02:30:59.442+0600][29.301s][info][gc          ] GC(12) Concurrent update thread roots 3.108ms
[2026-04-03T02:30:59.442+0600][29.301s][info][gc,start    ] GC(12) Pause Final Update Refs
[2026-04-03T02:30:59.442+0600][29.301s][info][gc,task     ] GC(12) Using 6 of 6 workers for final reference update
[2026-04-03T02:30:59.442+0600][29.302s][info][gc          ] GC(12) Pause Final Update Refs 0.199ms
[2026-04-03T02:30:59.443+0600][29.302s][info][gc,start    ] GC(12) Concurrent cleanup
[2026-04-03T02:30:59.443+0600][29.302s][info][gc          ] GC(12) Concurrent cleanup 455M->190M(1062M) 0.369ms
[2026-04-03T02:30:59.443+0600][29.302s][info][gc,ergo     ] Free: 990M, Max: 512K regular, 562M humongous, Frag: 44% external, 0% internal; Reserve: 64000K, Max: 512K
[2026-04-03T02:30:59.443+0600][29.303s][info][gc,stats    ] 
[2026-04-03T02:30:59.443+0600][29.303s][info][gc,stats    ] All times are wall-clock times, except per-root-class counters, that are sum over
[2026-04-03T02:30:59.443+0600][29.303s][info][gc,stats    ] all workers. Dividing the <total> over the root stage time estimates parallelism.
[2026-04-03T02:30:59.443+0600][29.303s][info][gc,stats    ] 
[2026-04-03T02:30:59.443+0600][29.303s][info][gc,stats    ] Concurrent Reset                  10067 us
[2026-04-03T02:30:59.443+0600][29.303s][info][gc,stats    ] Pause Init Mark (G)                 829 us
[2026-04-03T02:30:59.443+0600][29.303s][info][gc,stats    ] Pause Init Mark (N)                 155 us
[2026-04-03T02:30:59.443+0600][29.303s][info][gc,stats    ]   Update Region States               52 us
[2026-04-03T02:30:59.443+0600][29.303s][info][gc,stats    ] Concurrent Mark Roots              2220 us, parallelism: 1.53x
[2026-04-03T02:30:59.443+0600][29.303s][info][gc,stats    ]   CMR: <total>                     3388 us
[2026-04-03T02:30:59.443+0600][29.303s][info][gc,stats    ]   CMR: Thread Roots                3095 us, workers (us): 1449, 1646,   0, ---, ---, ---, 
[2026-04-03T02:30:59.443+0600][29.303s][info][gc,stats    ]   CMR: VM Strong Roots               39 us, workers (us):  38,   1,   0, ---, ---, ---, 
[2026-04-03T02:30:59.443+0600][29.303s][info][gc,stats    ]   CMR: CLDG Roots                   253 us, workers (us): 253, ---, ---, ---, ---, ---, 
[2026-04-03T02:30:59.443+0600][29.303s][info][gc,stats    ] Concurrent Marking                83670 us
[2026-04-03T02:30:59.443+0600][29.303s][info][gc,stats    ] Pause Final Mark (G)               1032 us
[2026-04-03T02:30:59.443+0600][29.303s][info][gc,stats    ] Pause Final Mark (N)                706 us
[2026-04-03T02:30:59.443+0600][29.303s][info][gc,stats    ]   Finish Mark                       186 us
[2026-04-03T02:30:59.443+0600][29.303s][info][gc,stats    ]   Update Region States               45 us
[2026-04-03T02:30:59.443+0600][29.303s][info][gc,stats    ]   Choose Collection Set             278 us
[2026-04-03T02:30:59.444+0600][29.303s][info][gc,stats    ]   Rebuild Free Set                   39 us
[2026-04-03T02:30:59.444+0600][29.303s][info][gc,stats    ] Concurrent Thread Roots            1823 us, parallelism: 2.49x
[2026-04-03T02:30:59.444+0600][29.303s][info][gc,stats    ]   CTR: <total>                     4540 us
[2026-04-03T02:30:59.444+0600][29.303s][info][gc,stats    ]   CTR: Thread Roots                4540 us, workers (us): 1522, 1491, 1527, ---, ---, ---, 
[2026-04-03T02:30:59.444+0600][29.303s][info][gc,stats    ] Concurrent Weak References         1044 us, parallelism: 1.26x
[2026-04-03T02:30:59.444+0600][29.303s][info][gc,stats    ]   CWRF: <total>                    1318 us
[2026-04-03T02:30:59.444+0600][29.303s][info][gc,stats    ]   CWRF: Weak References            1318 us, workers (us): 712, 604,   2, ---, ---, ---, 
[2026-04-03T02:30:59.444+0600][29.303s][info][gc,stats    ] Concurrent Weak Roots             13834 us
[2026-04-03T02:30:59.444+0600][29.303s][info][gc,stats    ]   Roots                            8355 us, parallelism: 2.73x
[2026-04-03T02:30:59.444+0600][29.303s][info][gc,stats    ]     CWR: <total>                  22772 us
[2026-04-03T02:30:59.444+0600][29.303s][info][gc,stats    ]     CWR: Code Cache Roots         10801 us, workers (us): 5309, 5491,   1, ---, ---, ---, 
[2026-04-03T02:30:59.444+0600][29.303s][info][gc,stats    ]     CWR: VM Weak Roots            11727 us, workers (us): 1980, 1934, 7813, ---, ---, ---, 
[2026-04-03T02:30:59.444+0600][29.303s][info][gc,stats    ]     CWR: CLDG Roots                 244 us, workers (us): 244, ---, ---, ---, ---, ---, 
[2026-04-03T02:30:59.444+0600][29.303s][info][gc,stats    ]   Rendezvous                       5319 us
[2026-04-03T02:30:59.444+0600][29.303s][info][gc,stats    ] Concurrent Cleanup                 3152 us
[2026-04-03T02:30:59.444+0600][29.303s][info][gc,stats    ] Concurrent Class Unloading        65162 us
[2026-04-03T02:30:59.444+0600][29.303s][info][gc,stats    ]   Unlink Stale                    46342 us
[2026-04-03T02:30:59.444+0600][29.303s][info][gc,stats    ]     System Dictionary               592 us
[2026-04-03T02:30:59.444+0600][29.303s][info][gc,stats    ]     Weak Class Links              27259 us
[2026-04-03T02:30:59.444+0600][29.303s][info][gc,stats    ]     Code Roots                    18483 us
[2026-04-03T02:30:59.444+0600][29.303s][info][gc,stats    ]   Rendezvous                        656 us
[2026-04-03T02:30:59.444+0600][29.303s][info][gc,stats    ]   Purge Unlinked                  17982 us
[2026-04-03T02:30:59.444+0600][29.303s][info][gc,stats    ]     Code Roots                    17849 us
[2026-04-03T02:30:59.444+0600][29.303s][info][gc,stats    ]     CLDG                            131 us
[2026-04-03T02:30:59.444+0600][29.303s][info][gc,stats    ]     Exception Caches                  0 us
[2026-04-03T02:30:59.444+0600][29.303s][info][gc,stats    ] Concurrent Strong Roots            1644 us, parallelism: 0.68x
[2026-04-03T02:30:59.444+0600][29.303s][info][gc,stats    ]   CSR: <total>                     1120 us
[2026-04-03T02:30:59.444+0600][29.303s][info][gc,stats    ]   CSR: VM Strong Roots               92 us, workers (us):  46,  30,  16, ---, ---, ---, 
[2026-04-03T02:30:59.444+0600][29.303s][info][gc,stats    ]   CSR: CLDG Roots                  1028 us, workers (us): ---, ---, 1028, ---, ---, ---, 
[2026-04-03T02:30:59.444+0600][29.303s][info][gc,stats    ] Concurrent Evacuation             13319 us
[2026-04-03T02:30:59.444+0600][29.303s][info][gc,stats    ] Pause Init Update Refs (G)         3558 us
[2026-04-03T02:30:59.444+0600][29.303s][info][gc,stats    ] Pause Init Update Refs (N)          208 us
[2026-04-03T02:30:59.444+0600][29.303s][info][gc,stats    ]   Manage GCLABs                      51 us
[2026-04-03T02:30:59.444+0600][29.303s][info][gc,stats    ] Concurrent Update Refs            63226 us
[2026-04-03T02:30:59.444+0600][29.303s][info][gc,stats    ] Concurrent Update Thread Roots     3194 us
[2026-04-03T02:30:59.444+0600][29.303s][info][gc,stats    ] Pause Final Update Refs (G)         907 us
[2026-04-03T02:30:59.444+0600][29.303s][info][gc,stats    ] Pause Final Update Refs (N)         216 us
[2026-04-03T02:30:59.444+0600][29.303s][info][gc,stats    ]   Update Region States               61 us
[2026-04-03T02:30:59.444+0600][29.303s][info][gc,stats    ]   Trash Collection Set               27 us
[2026-04-03T02:30:59.444+0600][29.303s][info][gc,stats    ]   Rebuild Free Set                   53 us
[2026-04-03T02:30:59.444+0600][29.303s][info][gc,stats    ] Concurrent Cleanup                  395 us
[2026-04-03T02:30:59.444+0600][29.303s][info][gc,stats    ] Pacing                           243761 us
[2026-04-03T02:30:59.444+0600][29.303s][info][gc,stats    ] 
[2026-04-03T02:30:59.444+0600][29.303s][info][gc,stats    ] Allocation pacing accrued:
[2026-04-03T02:30:59.444+0600][29.303s][info][gc,stats    ]      11 of  1570 ms (  0.7%): Spark Context Cleaner
[2026-04-03T02:30:59.444+0600][29.303s][info][gc,stats    ]      46 of  1570 ms (  2.9%): Executor task launch worker for task 2.0 in stage 234.0 (TID 471)
[2026-04-03T02:30:59.444+0600][29.303s][info][gc,stats    ]      22 of  1570 ms (  1.4%): Executor task launch worker for task 7.0 in stage 234.0 (TID 476)
[2026-04-03T02:30:59.444+0600][29.303s][info][gc,stats    ]      22 of  1570 ms (  1.4%): Executor task launch worker for task 6.0 in stage 234.0 (TID 475)
[2026-04-03T02:30:59.444+0600][29.303s][info][gc,stats    ]      32 of  1570 ms (  2.1%): Executor task launch worker for task 1.0 in stage 234.0 (TID 470)
[2026-04-03T02:30:59.444+0600][29.303s][info][gc,stats    ]      21 of  1570 ms (  1.4%): Executor task launch worker for task 5.0 in stage 234.0 (TID 474)
[2026-04-03T02:30:59.444+0600][29.303s][info][gc,stats    ]      22 of  1570 ms (  1.4%): Executor task launch worker for task 3.0 in stage 234.0 (TID 472)
[2026-04-03T02:30:59.444+0600][29.303s][info][gc,stats    ]      45 of  1570 ms (  2.9%): Executor task launch worker for task 0.0 in stage 234.0 (TID 469)
[2026-04-03T02:30:59.444+0600][29.303s][info][gc,stats    ]      21 of  1570 ms (  1.3%): Executor task launch worker for task 4.0 in stage 234.0 (TID 473)
[2026-04-03T02:30:59.444+0600][29.303s][info][gc,stats    ]     244 of  1570 ms ( 15.5%): <total>
[2026-04-03T02:30:59.444+0600][29.303s][info][gc,stats    ]       1 of  1570 ms (  0.1%): <average total>
[2026-04-03T02:30:59.444+0600][29.303s][info][gc,stats    ]      27 of  1570 ms (  1.7%): <average non-zero>
[2026-04-03T02:30:59.444+0600][29.304s][info][gc,stats    ] 
[2026-04-03T02:30:59.444+0600][29.304s][info][gc,metaspace] Metaspace: 129091K(130240K)->129182K(130304K) NonClass: 112715K(113344K)->112808K(113408K) Class: 16376K(16896K)->16374K(16896K)
[2026-04-03T02:30:59.444+0600][29.304s][info][gc,ergo     ] Pacer for Idle. Initial: 25600K, Alloc Tax Rate: 1.0x
[2026-04-03T02:30:59.747+0600][29.606s][info][gc          ] Trigger: Average GC time (315.38 ms) is above the time for instantaneous allocation rate (2730 MB/s) to deplete free headroom (558M) (spike threshold = 1.79)
[2026-04-03T02:30:59.747+0600][29.606s][info][gc,ergo     ] Free: 620M, Max: 512K regular, 489M humongous, Frag: 22% external, 0% internal; Reserve: 64000K, Max: 512K
[2026-04-03T02:30:59.747+0600][29.607s][info][gc,start    ] GC(13) Concurrent reset
[2026-04-03T02:30:59.747+0600][29.607s][info][gc,task     ] GC(13) Using 3 of 6 workers for concurrent reset
[2026-04-03T02:30:59.747+0600][29.607s][info][gc,ergo     ] GC(13) Pacer for Reset. Non-Taxable: 1250M
[2026-04-03T02:30:59.752+0600][29.612s][info][gc          ] GC(13) Concurrent reset 5.141ms
[2026-04-03T02:30:59.755+0600][29.614s][info][gc,start    ] GC(13) Pause Init Mark (unload classes)
[2026-04-03T02:30:59.755+0600][29.614s][info][gc,task     ] GC(13) Using 6 of 6 workers for init marking
[2026-04-03T02:30:59.755+0600][29.614s][info][gc,ergo     ] GC(13) Pacer for Mark. Expected Live: 84880K, Free: 586M, Non-Taxable: 60084K, Alloc Tax Rate: 0.2x
[2026-04-03T02:30:59.755+0600][29.614s][info][gc          ] GC(13) Pause Init Mark (unload classes) 0.180ms
[2026-04-03T02:30:59.755+0600][29.614s][info][gc,start    ] GC(13) Concurrent marking roots
[2026-04-03T02:30:59.755+0600][29.615s][info][gc,task     ] GC(13) Using 3 of 6 workers for concurrent marking roots
[2026-04-03T02:30:59.757+0600][29.617s][info][gc          ] GC(13) Concurrent marking roots 2.119ms
[2026-04-03T02:30:59.757+0600][29.617s][info][gc,start    ] GC(13) Concurrent marking (unload classes)
[2026-04-03T02:30:59.757+0600][29.617s][info][gc,task     ] GC(13) Using 3 of 6 workers for concurrent marking
[2026-04-03T02:30:59.828+0600][29.688s][info][gc          ] GC(13) Concurrent marking (unload classes) 71.080ms
[2026-04-03T02:30:59.829+0600][29.689s][info][gc,start    ] GC(13) Pause Final Mark (unload classes)
[2026-04-03T02:30:59.829+0600][29.689s][info][gc,task     ] GC(13) Using 6 of 6 workers for final marking
[2026-04-03T02:30:59.830+0600][29.689s][info][gc,ergo     ] GC(13) Adaptive CSet Selection. Target Free: 177M, Actual Free: 973M, Max CSet: 53333K, Min Garbage: 0B
[2026-04-03T02:30:59.830+0600][29.689s][info][gc,ergo     ] GC(13) Collectable Garbage: 457M (98%), Immediate: 392M (84%), CSet: 66013K (13%)
[2026-04-03T02:30:59.830+0600][29.690s][info][gc,ergo     ] GC(13) Pacer for Evacuation. Used CSet: 72668K, Free: 953M, Non-Taxable: 97661K, Alloc Tax Rate: 1.1x
[2026-04-03T02:30:59.830+0600][29.690s][info][gc          ] GC(13) Pause Final Mark (unload classes) 0.935ms
[2026-04-03T02:30:59.832+0600][29.691s][info][gc,start    ] GC(13) Concurrent thread roots
[2026-04-03T02:30:59.832+0600][29.691s][info][gc,task     ] GC(13) Using 3 of 6 workers for Concurrent thread roots
[2026-04-03T02:30:59.838+0600][29.697s][info][gc          ] GC(13) Concurrent thread roots 6.014ms
[2026-04-03T02:30:59.838+0600][29.697s][info][gc,start    ] GC(13) Concurrent weak references
[2026-04-03T02:30:59.838+0600][29.697s][info][gc,task     ] GC(13) Using 3 of 6 workers for concurrent weak references
[2026-04-03T02:30:59.839+0600][29.698s][info][gc,ref      ] GC(13) Encountered references: Soft: 3858, Weak: 15033, Final: 84, Phantom: 635
[2026-04-03T02:30:59.839+0600][29.698s][info][gc,ref      ] GC(13) Discovered  references: Soft: 0, Weak: 3162, Final: 0, Phantom: 593
[2026-04-03T02:30:59.839+0600][29.698s][info][gc,ref      ] GC(13) Enqueued    references: Soft: 0, Weak: 556, Final: 0, Phantom: 0
[2026-04-03T02:30:59.839+0600][29.698s][info][gc          ] GC(13) Concurrent weak references 0.904ms
[2026-04-03T02:30:59.839+0600][29.698s][info][gc,start    ] GC(13) Concurrent weak roots
[2026-04-03T02:30:59.839+0600][29.698s][info][gc,task     ] GC(13) Using 3 of 6 workers for concurrent weak root
[2026-04-03T02:30:59.855+0600][29.715s][info][gc          ] GC(13) Concurrent weak roots 16.461ms
[2026-04-03T02:30:59.855+0600][29.715s][info][gc,start    ] GC(13) Concurrent cleanup
[2026-04-03T02:30:59.856+0600][29.716s][info][gc          ] GC(13) Concurrent cleanup 632M->239M(1062M) 0.836ms
[2026-04-03T02:30:59.856+0600][29.716s][info][gc,ergo     ] GC(13) Free: 937M, Max: 512K regular, 384M humongous, Frag: 59% external, 0% internal; Reserve: 63524K, Max: 512K
[2026-04-03T02:30:59.856+0600][29.716s][info][gc,start    ] GC(13) Concurrent class unloading
[2026-04-03T02:30:59.856+0600][29.716s][info][gc,task     ] GC(13) Using 3 of 6 workers for concurrent class unloading
[2026-04-03T02:30:59.884+0600][29.744s][info][gc          ] GC(13) Concurrent class unloading 27.779ms
[2026-04-03T02:30:59.884+0600][29.744s][info][gc,start    ] GC(13) Concurrent strong roots
[2026-04-03T02:30:59.884+0600][29.744s][info][gc,task     ] GC(13) Using 3 of 6 workers for concurrent strong root
[2026-04-03T02:30:59.886+0600][29.746s][info][gc          ] GC(13) Concurrent strong roots 1.967ms
[2026-04-03T02:30:59.886+0600][29.746s][info][gc,start    ] GC(13) Concurrent evacuation
[2026-04-03T02:30:59.886+0600][29.746s][info][gc,task     ] GC(13) Using 3 of 6 workers for concurrent evacuation
[2026-04-03T02:30:59.891+0600][29.750s][info][gc          ] GC(13) Concurrent evacuation 4.805ms
[2026-04-03T02:30:59.891+0600][29.751s][info][gc,start    ] GC(13) Pause Init Update Refs
[2026-04-03T02:30:59.892+0600][29.751s][info][gc,ergo     ] GC(13) Pacer for Update Refs. Used: 261M, Free: 919M, Non-Taxable: 94178K, Alloc Tax Rate: 1.1x
[2026-04-03T02:30:59.892+0600][29.751s][info][gc          ] GC(13) Pause Init Update Refs 0.127ms
[2026-04-03T02:30:59.892+0600][29.751s][info][gc,start    ] GC(13) Concurrent update references
[2026-04-03T02:30:59.892+0600][29.751s][info][gc,task     ] GC(13) Using 3 of 6 workers for concurrent reference update
[2026-04-03T02:30:59.932+0600][29.792s][info][gc          ] GC(13) Concurrent update references 40.737ms
[2026-04-03T02:30:59.932+0600][29.792s][info][gc,start    ] GC(13) Concurrent update thread roots
[2026-04-03T02:30:59.934+0600][29.794s][info][gc          ] GC(13) Concurrent update thread roots 1.974ms
[2026-04-03T02:30:59.935+0600][29.794s][info][gc,start    ] GC(13) Pause Final Update Refs
[2026-04-03T02:30:59.935+0600][29.794s][info][gc,task     ] GC(13) Using 6 of 6 workers for final reference update
[2026-04-03T02:30:59.935+0600][29.794s][info][gc          ] GC(13) Pause Final Update Refs 0.199ms
[2026-04-03T02:30:59.935+0600][29.794s][info][gc,start    ] GC(13) Concurrent cleanup
[2026-04-03T02:30:59.935+0600][29.795s][info][gc          ] GC(13) Concurrent cleanup 268M->197M(1064M) 0.226ms
[2026-04-03T02:30:59.935+0600][29.795s][info][gc,ergo     ] Free: 975M, Max: 512K regular, 418M humongous, Frag: 58% external, 0% internal; Reserve: 64000K, Max: 512K
[2026-04-03T02:30:59.935+0600][29.795s][info][gc,stats    ] 
[2026-04-03T02:30:59.935+0600][29.795s][info][gc,stats    ] All times are wall-clock times, except per-root-class counters, that are sum over
[2026-04-03T02:30:59.935+0600][29.795s][info][gc,stats    ] all workers. Dividing the <total> over the root stage time estimates parallelism.
[2026-04-03T02:30:59.935+0600][29.795s][info][gc,stats    ] 
[2026-04-03T02:30:59.935+0600][29.795s][info][gc,stats    ] Concurrent Reset                   5260 us
[2026-04-03T02:30:59.935+0600][29.795s][info][gc,stats    ] Pause Init Mark (G)                2668 us
[2026-04-03T02:30:59.935+0600][29.795s][info][gc,stats    ] Pause Init Mark (N)                 194 us
[2026-04-03T02:30:59.935+0600][29.795s][info][gc,stats    ]   Update Region States               44 us
[2026-04-03T02:30:59.936+0600][29.795s][info][gc,stats    ] Concurrent Mark Roots              2193 us, parallelism: 2.00x
[2026-04-03T02:30:59.936+0600][29.795s][info][gc,stats    ]   CMR: <total>                     4387 us
[2026-04-03T02:30:59.936+0600][29.795s][info][gc,stats    ]   CMR: Thread Roots                3783 us, workers (us): 928, 1424, 1432, ---, ---, ---, 
[2026-04-03T02:30:59.936+0600][29.795s][info][gc,stats    ]   CMR: VM Strong Roots               78 us, workers (us):  26,  28,  24, ---, ---, ---, 
[2026-04-03T02:30:59.936+0600][29.795s][info][gc,stats    ]   CMR: CLDG Roots                   526 us, workers (us): 526, ---, ---, ---, ---, ---, 
[2026-04-03T02:30:59.936+0600][29.795s][info][gc,stats    ] Concurrent Marking                71193 us
[2026-04-03T02:30:59.936+0600][29.795s][info][gc,stats    ] Pause Final Mark (G)               3265 us
[2026-04-03T02:30:59.936+0600][29.795s][info][gc,stats    ] Pause Final Mark (N)                953 us
[2026-04-03T02:30:59.936+0600][29.795s][info][gc,stats    ]   Finish Mark                       315 us
[2026-04-03T02:30:59.936+0600][29.795s][info][gc,stats    ]   Update Region States               94 us
[2026-04-03T02:30:59.936+0600][29.795s][info][gc,stats    ]   Choose Collection Set             237 us
[2026-04-03T02:30:59.936+0600][29.795s][info][gc,stats    ]   Rebuild Free Set                   36 us
[2026-04-03T02:30:59.936+0600][29.795s][info][gc,stats    ] Concurrent Thread Roots            6132 us, parallelism: 1.33x
[2026-04-03T02:30:59.936+0600][29.795s][info][gc,stats    ]   CTR: <total>                     8149 us
[2026-04-03T02:30:59.936+0600][29.795s][info][gc,stats    ]   CTR: Thread Roots                8149 us, workers (us): 2099, 5675, 376, ---, ---, ---, 
[2026-04-03T02:30:59.936+0600][29.795s][info][gc,stats    ] Concurrent Weak References          930 us, parallelism: 0.63x
[2026-04-03T02:30:59.936+0600][29.795s][info][gc,stats    ]   CWRF: <total>                     589 us
[2026-04-03T02:30:59.936+0600][29.795s][info][gc,stats    ]   CWRF: Weak References             589 us, workers (us): 589,   0,   0, ---, ---, ---, 
[2026-04-03T02:30:59.936+0600][29.795s][info][gc,stats    ] Concurrent Weak Roots             16595 us
[2026-04-03T02:30:59.936+0600][29.795s][info][gc,stats    ]   Roots                           11078 us, parallelism: 2.03x
[2026-04-03T02:30:59.936+0600][29.795s][info][gc,stats    ]     CWR: <total>                  22490 us
[2026-04-03T02:30:59.936+0600][29.795s][info][gc,stats    ]     CWR: Code Cache Roots         19512 us, workers (us): 8079, 5154, 6279, ---, ---, ---, 
[2026-04-03T02:30:59.936+0600][29.795s][info][gc,stats    ]     CWR: VM Weak Roots             2737 us, workers (us): 1569, 1166,   2, ---, ---, ---, 
[2026-04-03T02:30:59.936+0600][29.795s][info][gc,stats    ]     CWR: CLDG Roots                 241 us, workers (us): ---, 241, ---, ---, ---, ---, 
[2026-04-03T02:30:59.936+0600][29.795s][info][gc,stats    ]   Rendezvous                       5341 us
[2026-04-03T02:30:59.936+0600][29.795s][info][gc,stats    ] Concurrent Cleanup                  872 us
[2026-04-03T02:30:59.936+0600][29.795s][info][gc,stats    ] Concurrent Class Unloading        27882 us
[2026-04-03T02:30:59.936+0600][29.795s][info][gc,stats    ]   Unlink Stale                    21640 us
[2026-04-03T02:30:59.936+0600][29.795s][info][gc,stats    ]     System Dictionary               335 us
[2026-04-03T02:30:59.936+0600][29.795s][info][gc,stats    ]     Weak Class Links                  0 us
[2026-04-03T02:30:59.936+0600][29.795s][info][gc,stats    ]     Code Roots                    21299 us
[2026-04-03T02:30:59.936+0600][29.795s][info][gc,stats    ]   Rendezvous                        582 us
[2026-04-03T02:30:59.936+0600][29.795s][info][gc,stats    ]   Purge Unlinked                   5510 us
[2026-04-03T02:30:59.936+0600][29.795s][info][gc,stats    ]     Code Roots                     5482 us
[2026-04-03T02:30:59.936+0600][29.795s][info][gc,stats    ]     CLDG                             25 us
[2026-04-03T02:30:59.936+0600][29.795s][info][gc,stats    ]     Exception Caches                  1 us
[2026-04-03T02:30:59.936+0600][29.795s][info][gc,stats    ] Concurrent Strong Roots            2054 us, parallelism: 0.75x
[2026-04-03T02:30:59.936+0600][29.795s][info][gc,stats    ]   CSR: <total>                     1549 us
[2026-04-03T02:30:59.936+0600][29.795s][info][gc,stats    ]   CSR: VM Strong Roots              173 us, workers (us): 101,  61,  10, ---, ---, ---, 
[2026-04-03T02:30:59.936+0600][29.795s][info][gc,stats    ]   CSR: CLDG Roots                  1376 us, workers (us): ---, 1376, ---, ---, ---, ---, 
[2026-04-03T02:30:59.936+0600][29.795s][info][gc,stats    ] Concurrent Evacuation              4891 us
[2026-04-03T02:30:59.936+0600][29.795s][info][gc,stats    ] Pause Init Update Refs (G)          363 us
[2026-04-03T02:30:59.936+0600][29.795s][info][gc,stats    ] Pause Init Update Refs (N)          140 us
[2026-04-03T02:30:59.936+0600][29.795s][info][gc,stats    ]   Manage GCLABs                      33 us
[2026-04-03T02:30:59.936+0600][29.795s][info][gc,stats    ] Concurrent Update Refs            40854 us
[2026-04-03T02:30:59.936+0600][29.795s][info][gc,stats    ] Concurrent Update Thread Roots     2073 us
[2026-04-03T02:30:59.936+0600][29.795s][info][gc,stats    ] Pause Final Update Refs (G)         491 us
[2026-04-03T02:30:59.936+0600][29.795s][info][gc,stats    ] Pause Final Update Refs (N)         223 us
[2026-04-03T02:30:59.936+0600][29.795s][info][gc,stats    ]   Update Region States               65 us
[2026-04-03T02:30:59.936+0600][29.795s][info][gc,stats    ]   Trash Collection Set               15 us
[2026-04-03T02:30:59.936+0600][29.795s][info][gc,stats    ]   Rebuild Free Set                   37 us
[2026-04-03T02:30:59.936+0600][29.795s][info][gc,stats    ] Concurrent Cleanup                  252 us
[2026-04-03T02:30:59.936+0600][29.795s][info][gc,stats    ] 
[2026-04-03T02:30:59.936+0600][29.795s][info][gc,stats    ] Allocation pacing accrued:
[2026-04-03T02:30:59.936+0600][29.795s][info][gc,stats    ]       0 of   492 ms (  0.0%): <total>
[2026-04-03T02:30:59.936+0600][29.795s][info][gc,stats    ]       0 of   492 ms (  0.0%): <average total>
[2026-04-03T02:30:59.936+0600][29.795s][info][gc,stats    ] 
[2026-04-03T02:30:59.936+0600][29.796s][info][gc,metaspace] Metaspace: 129290K(130368K)->129317K(130432K) NonClass: 112905K(113472K)->112933K(113536K) Class: 16384K(16896K)->16384K(16896K)
[2026-04-03T02:30:59.936+0600][29.796s][info][gc,ergo     ] Pacer for Idle. Initial: 25600K, Alloc Tax Rate: 1.0x
[2026-04-03T02:31:00.037+0600][29.897s][info][gc          ] Trigger: Average GC time (282.04 ms) is above the time for average allocation rate (2410 MB/s) to deplete free headroom (555M) (margin of error = 1.80)
[2026-04-03T02:31:00.038+0600][29.897s][info][gc,ergo     ] Free headroom: 617M (free) - 64000K (spike) - 0B (penalties) = 555M
[2026-04-03T02:31:00.038+0600][29.897s][info][gc,ergo     ] Free: 617M, Max: 512K regular, 418M humongous, Frag: 33% external, 0% internal; Reserve: 64000K, Max: 512K
[2026-04-03T02:31:00.038+0600][29.897s][info][gc,start    ] GC(14) Concurrent reset
[2026-04-03T02:31:00.038+0600][29.897s][info][gc,task     ] GC(14) Using 3 of 6 workers for concurrent reset
[2026-04-03T02:31:00.038+0600][29.897s][info][gc,ergo     ] GC(14) Pacer for Reset. Non-Taxable: 1250M
[2026-04-03T02:31:00.039+0600][29.899s][info][gc          ] GC(14) Concurrent reset 1.671ms
[2026-04-03T02:31:00.040+0600][29.899s][info][gc,start    ] GC(14) Pause Init Mark (unload classes)
[2026-04-03T02:31:00.040+0600][29.899s][info][gc,task     ] GC(14) Using 6 of 6 workers for init marking
[2026-04-03T02:31:00.040+0600][29.899s][info][gc,ergo     ] GC(14) Pacer for Mark. Expected Live: 84344K, Free: 615M, Non-Taxable: 63000K, Alloc Tax Rate: 0.2x
[2026-04-03T02:31:00.040+0600][29.899s][info][gc          ] GC(14) Pause Init Mark (unload classes) 0.259ms
[2026-04-03T02:31:00.041+0600][29.900s][info][gc,start    ] GC(14) Concurrent marking roots
[2026-04-03T02:31:00.041+0600][29.900s][info][gc,task     ] GC(14) Using 3 of 6 workers for concurrent marking roots
[2026-04-03T02:31:00.044+0600][29.904s][info][gc          ] GC(14) Concurrent marking roots 3.779ms
[2026-04-03T02:31:00.045+0600][29.904s][info][gc,start    ] GC(14) Concurrent marking (unload classes)
[2026-04-03T02:31:00.045+0600][29.904s][info][gc,task     ] GC(14) Using 3 of 6 workers for concurrent marking
[2026-04-03T02:31:00.115+0600][29.975s][info][gc          ] GC(14) Concurrent marking (unload classes) 70.850ms
[2026-04-03T02:31:00.116+0600][29.975s][info][gc,start    ] GC(14) Pause Final Mark (unload classes)
[2026-04-03T02:31:00.116+0600][29.975s][info][gc,task     ] GC(14) Using 6 of 6 workers for final marking
[2026-04-03T02:31:00.116+0600][29.976s][info][gc,ergo     ] GC(14) Adaptive CSet Selection. Target Free: 177M, Actual Free: 1021M, Max CSet: 53333K, Min Garbage: 0B
[2026-04-03T02:31:00.117+0600][29.976s][info][gc,ergo     ] GC(14) Collectable Garbage: 431M (98%), Immediate: 376M (85%), CSet: 56313K (12%)
[2026-04-03T02:31:00.117+0600][29.976s][info][gc,ergo     ] GC(14) Pacer for Evacuation. Used CSet: 62947K, Free: 1007M, Non-Taxable: 100M, Alloc Tax Rate: 1.1x
[2026-04-03T02:31:00.117+0600][29.976s][info][gc          ] GC(14) Pause Final Mark (unload classes) 1.012ms
[2026-04-03T02:31:00.117+0600][29.976s][info][gc,start    ] GC(14) Concurrent thread roots
[2026-04-03T02:31:00.117+0600][29.976s][info][gc,task     ] GC(14) Using 3 of 6 workers for Concurrent thread roots
[2026-04-03T02:31:00.118+0600][29.978s][info][gc          ] GC(14) Concurrent thread roots 1.644ms
[2026-04-03T02:31:00.119+0600][29.978s][info][gc,start    ] GC(14) Concurrent weak references
[2026-04-03T02:31:00.119+0600][29.978s][info][gc,task     ] GC(14) Using 3 of 6 workers for concurrent weak references
[2026-04-03T02:31:00.119+0600][29.979s][info][gc,ref      ] GC(14) Encountered references: Soft: 3862, Weak: 14724, Final: 84, Phantom: 621
[2026-04-03T02:31:00.120+0600][29.979s][info][gc,ref      ] GC(14) Discovered  references: Soft: 0, Weak: 6942, Final: 69, Phantom: 616
[2026-04-03T02:31:00.120+0600][29.979s][info][gc,ref      ] GC(14) Enqueued    references: Soft: 0, Weak: 232, Final: 0, Phantom: 0
[2026-04-03T02:31:00.120+0600][29.979s][info][gc          ] GC(14) Concurrent weak references 1.000ms
[2026-04-03T02:31:00.120+0600][29.979s][info][gc,start    ] GC(14) Concurrent weak roots
[2026-04-03T02:31:00.120+0600][29.979s][info][gc,task     ] GC(14) Using 3 of 6 workers for concurrent weak root
[2026-04-03T02:31:00.125+0600][29.984s][info][gc          ] GC(14) Concurrent weak roots 5.221ms
[2026-04-03T02:31:00.125+0600][29.984s][info][gc,start    ] GC(14) Concurrent cleanup
[2026-04-03T02:31:00.125+0600][29.985s][info][gc          ] GC(14) Concurrent cleanup 553M->176M(1064M) 0.435ms
[2026-04-03T02:31:00.125+0600][29.985s][info][gc,ergo     ] GC(14) Free: 1004M, Max: 512K regular, 552M humongous, Frag: 45% external, 0% internal; Reserve: 63631K, Max: 512K
[2026-04-03T02:31:00.125+0600][29.985s][info][gc,start    ] GC(14) Concurrent class unloading
[2026-04-03T02:31:00.125+0600][29.985s][info][gc,task     ] GC(14) Using 3 of 6 workers for concurrent class unloading
[2026-04-03T02:31:00.144+0600][30.003s][info][gc          ] GC(14) Concurrent class unloading 18.359ms
[2026-04-03T02:31:00.144+0600][30.003s][info][gc,start    ] GC(14) Concurrent strong roots
[2026-04-03T02:31:00.144+0600][30.003s][info][gc,task     ] GC(14) Using 3 of 6 workers for concurrent strong root
[2026-04-03T02:31:00.145+0600][30.005s][info][gc          ] GC(14) Concurrent strong roots 1.486ms
[2026-04-03T02:31:00.145+0600][30.005s][info][gc,start    ] GC(14) Concurrent evacuation
[2026-04-03T02:31:00.145+0600][30.005s][info][gc,task     ] GC(14) Using 3 of 6 workers for concurrent evacuation
[2026-04-03T02:31:00.148+0600][30.008s][info][gc          ] GC(14) Concurrent evacuation 2.770ms
[2026-04-03T02:31:00.149+0600][30.008s][info][gc,start    ] GC(14) Pause Init Update Refs
[2026-04-03T02:31:00.149+0600][30.008s][info][gc,ergo     ] GC(14) Pacer for Update Refs. Used: 188M, Free: 999M, Non-Taxable: 102319K, Alloc Tax Rate: 1.1x
[2026-04-03T02:31:00.149+0600][30.008s][info][gc          ] GC(14) Pause Init Update Refs 0.380ms
[2026-04-03T02:31:00.149+0600][30.009s][info][gc,start    ] GC(14) Concurrent update references
[2026-04-03T02:31:00.149+0600][30.009s][info][gc,task     ] GC(14) Using 3 of 6 workers for concurrent reference update
[2026-04-03T02:31:00.197+0600][30.056s][info][gc          ] GC(14) Concurrent update references 47.381ms
[2026-04-03T02:31:00.197+0600][30.056s][info][gc,start    ] GC(14) Concurrent update thread roots
[2026-04-03T02:31:00.199+0600][30.058s][info][gc          ] GC(14) Concurrent update thread roots 1.829ms
[2026-04-03T02:31:00.199+0600][30.059s][info][gc,start    ] GC(14) Pause Final Update Refs
[2026-04-03T02:31:00.199+0600][30.059s][info][gc,task     ] GC(14) Using 6 of 6 workers for final reference update
[2026-04-03T02:31:00.199+0600][30.059s][info][gc          ] GC(14) Pause Final Update Refs 0.195ms
[2026-04-03T02:31:00.199+0600][30.059s][info][gc,start    ] GC(14) Concurrent cleanup
[2026-04-03T02:31:00.200+0600][30.059s][info][gc          ] GC(14) Concurrent cleanup 214M->152M(1064M) 0.611ms
[2026-04-03T02:31:00.200+0600][30.060s][info][gc,ergo     ] Free: 1024M, Max: 512K regular, 550M humongous, Frag: 47% external, 0% internal; Reserve: 64000K, Max: 512K
[2026-04-03T02:31:00.200+0600][30.060s][info][gc,stats    ] 
[2026-04-03T02:31:00.200+0600][30.060s][info][gc,stats    ] All times are wall-clock times, except per-root-class counters, that are sum over
[2026-04-03T02:31:00.200+0600][30.060s][info][gc,stats    ] all workers. Dividing the <total> over the root stage time estimates parallelism.
[2026-04-03T02:31:00.200+0600][30.060s][info][gc,stats    ] 
[2026-04-03T02:31:00.200+0600][30.060s][info][gc,stats    ] Concurrent Reset                   1727 us
[2026-04-03T02:31:00.200+0600][30.060s][info][gc,stats    ] Pause Init Mark (G)                1278 us
[2026-04-03T02:31:00.200+0600][30.060s][info][gc,stats    ] Pause Init Mark (N)                 448 us
[2026-04-03T02:31:00.200+0600][30.060s][info][gc,stats    ]   Update Region States               52 us
[2026-04-03T02:31:00.200+0600][30.060s][info][gc,stats    ] Concurrent Mark Roots              3878 us, parallelism: 1.25x
[2026-04-03T02:31:00.200+0600][30.060s][info][gc,stats    ]   CMR: <total>                     4835 us
[2026-04-03T02:31:00.200+0600][30.060s][info][gc,stats    ]   CMR: Thread Roots                4427 us, workers (us): 2558, 1299, 569, ---, ---, ---, 
[2026-04-03T02:31:00.200+0600][30.060s][info][gc,stats    ]   CMR: VM Strong Roots               59 us, workers (us):  57,   1,   1, ---, ---, ---, 
[2026-04-03T02:31:00.200+0600][30.060s][info][gc,stats    ]   CMR: CLDG Roots                   349 us, workers (us): 349, ---, ---, ---, ---, ---, 
[2026-04-03T02:31:00.200+0600][30.060s][info][gc,stats    ] Concurrent Marking                70950 us
[2026-04-03T02:31:00.200+0600][30.060s][info][gc,stats    ] Pause Final Mark (G)               1335 us
[2026-04-03T02:31:00.200+0600][30.060s][info][gc,stats    ] Pause Final Mark (N)               1048 us
[2026-04-03T02:31:00.200+0600][30.060s][info][gc,stats    ]   Finish Mark                       478 us
[2026-04-03T02:31:00.201+0600][30.060s][info][gc,stats    ]   Update Region States               55 us
[2026-04-03T02:31:00.201+0600][30.060s][info][gc,stats    ]   Choose Collection Set             199 us
[2026-04-03T02:31:00.201+0600][30.060s][info][gc,stats    ]   Rebuild Free Set                   31 us
[2026-04-03T02:31:00.201+0600][30.060s][info][gc,stats    ] Concurrent Thread Roots            1717 us, parallelism: 2.37x
[2026-04-03T02:31:00.201+0600][30.060s][info][gc,stats    ]   CTR: <total>                     4065 us
[2026-04-03T02:31:00.201+0600][30.060s][info][gc,stats    ]   CTR: Thread Roots                4065 us, workers (us): 1395, 1320, 1351, ---, ---, ---, 
[2026-04-03T02:31:00.201+0600][30.060s][info][gc,stats    ] Concurrent Weak References         1017 us, parallelism: 1.08x
[2026-04-03T02:31:00.201+0600][30.060s][info][gc,stats    ]   CWRF: <total>                    1096 us
[2026-04-03T02:31:00.201+0600][30.060s][info][gc,stats    ]   CWRF: Weak References            1096 us, workers (us): 165, 249, 683, ---, ---, ---, 
[2026-04-03T02:31:00.201+0600][30.060s][info][gc,stats    ] Concurrent Weak Roots              5327 us
[2026-04-03T02:31:00.201+0600][30.060s][info][gc,stats    ]   Roots                            4728 us, parallelism: 2.67x
[2026-04-03T02:31:00.201+0600][30.060s][info][gc,stats    ]     CWR: <total>                  12602 us
[2026-04-03T02:31:00.201+0600][30.060s][info][gc,stats    ]     CWR: Code Cache Roots          8973 us, workers (us): 2916, 2937, 3120, ---, ---, ---, 
[2026-04-03T02:31:00.201+0600][30.060s][info][gc,stats    ]     CWR: VM Weak Roots             3436 us, workers (us): 1168, 1141, 1126, ---, ---, ---, 
[2026-04-03T02:31:00.201+0600][30.060s][info][gc,stats    ]     CWR: CLDG Roots                 193 us, workers (us): 193, ---, ---, ---, ---, ---, 
[2026-04-03T02:31:00.201+0600][30.060s][info][gc,stats    ]   Rendezvous                        458 us
[2026-04-03T02:31:00.201+0600][30.060s][info][gc,stats    ] Concurrent Cleanup                  460 us
[2026-04-03T02:31:00.201+0600][30.060s][info][gc,stats    ] Concurrent Class Unloading        18482 us
[2026-04-03T02:31:00.201+0600][30.060s][info][gc,stats    ]   Unlink Stale                    15825 us
[2026-04-03T02:31:00.201+0600][30.060s][info][gc,stats    ]     System Dictionary               330 us
[2026-04-03T02:31:00.201+0600][30.060s][info][gc,stats    ]     Weak Class Links                  1 us
[2026-04-03T02:31:00.201+0600][30.060s][info][gc,stats    ]     Code Roots                    15489 us
[2026-04-03T02:31:00.201+0600][30.060s][info][gc,stats    ]   Rendezvous                        473 us
[2026-04-03T02:31:00.201+0600][30.060s][info][gc,stats    ]   Purge Unlinked                   2016 us
[2026-04-03T02:31:00.201+0600][30.060s][info][gc,stats    ]     Code Roots                     1997 us
[2026-04-03T02:31:00.201+0600][30.060s][info][gc,stats    ]     CLDG                             18 us
[2026-04-03T02:31:00.201+0600][30.060s][info][gc,stats    ]     Exception Caches                  0 us
[2026-04-03T02:31:00.201+0600][30.060s][info][gc,stats    ] Concurrent Strong Roots            1570 us, parallelism: 0.66x
[2026-04-03T02:31:00.201+0600][30.060s][info][gc,stats    ]   CSR: <total>                     1028 us
[2026-04-03T02:31:00.201+0600][30.060s][info][gc,stats    ]   CSR: VM Strong Roots               93 us, workers (us):  47,  38,   9, ---, ---, ---, 
[2026-04-03T02:31:00.201+0600][30.060s][info][gc,stats    ]   CSR: CLDG Roots                   935 us, workers (us): 935, ---, ---, ---, ---, ---, 
[2026-04-03T02:31:00.201+0600][30.060s][info][gc,stats    ] Concurrent Evacuation              2877 us
[2026-04-03T02:31:00.201+0600][30.060s][info][gc,stats    ] Pause Init Update Refs (G)          920 us
[2026-04-03T02:31:00.201+0600][30.060s][info][gc,stats    ] Pause Init Update Refs (N)          400 us
[2026-04-03T02:31:00.201+0600][30.060s][info][gc,stats    ]   Manage GCLABs                     186 us
[2026-04-03T02:31:00.201+0600][30.060s][info][gc,stats    ] Concurrent Update Refs            47614 us
[2026-04-03T02:31:00.201+0600][30.060s][info][gc,stats    ] Concurrent Update Thread Roots     1930 us
[2026-04-03T02:31:00.201+0600][30.060s][info][gc,stats    ] Pause Final Update Refs (G)         655 us
[2026-04-03T02:31:00.201+0600][30.060s][info][gc,stats    ] Pause Final Update Refs (N)         208 us
[2026-04-03T02:31:00.201+0600][30.060s][info][gc,stats    ]   Update Region States               48 us
[2026-04-03T02:31:00.201+0600][30.060s][info][gc,stats    ]   Trash Collection Set               10 us
[2026-04-03T02:31:00.201+0600][30.060s][info][gc,stats    ]   Rebuild Free Set                   34 us
[2026-04-03T02:31:00.201+0600][30.060s][info][gc,stats    ] Concurrent Cleanup                  660 us
[2026-04-03T02:31:00.201+0600][30.060s][info][gc,stats    ] 
[2026-04-03T02:31:00.201+0600][30.060s][info][gc,stats    ] Allocation pacing accrued:
[2026-04-03T02:31:00.201+0600][30.060s][info][gc,stats    ]       0 of   265 ms (  0.0%): <total>
[2026-04-03T02:31:00.201+0600][30.060s][info][gc,stats    ]       0 of   265 ms (  0.0%): <average total>
[2026-04-03T02:31:00.201+0600][30.061s][info][gc,stats    ] 
[2026-04-03T02:31:00.201+0600][30.061s][info][gc,metaspace] Metaspace: 129331K(130432K)->129480K(130560K) NonClass: 112947K(113536K)->113094K(113664K) Class: 16384K(16896K)->16385K(16896K)
[2026-04-03T02:31:00.201+0600][30.061s][info][gc,ergo     ] Pacer for Idle. Initial: 25600K, Alloc Tax Rate: 1.0x
[2026-04-03T02:31:01.276+0600][31.135s][info][gc          ] Trigger: Average GC time (253.42 ms) is above the time for average allocation rate (950 MB/s) to deplete free headroom (240M) (margin of error = 1.80)
[2026-04-03T02:31:01.276+0600][31.135s][info][gc,ergo     ] Free headroom: 302M (free) - 64000K (spike) - 0B (penalties) = 240M
[2026-04-03T02:31:01.276+0600][31.135s][info][gc,ergo     ] Free: 302M, Max: 512K regular, 302M humongous, Frag: 0% external, 0% internal; Reserve: 64000K, Max: 512K
[2026-04-03T02:31:01.276+0600][31.135s][info][gc,start    ] GC(15) Concurrent reset
[2026-04-03T02:31:01.276+0600][31.136s][info][gc,task     ] GC(15) Using 3 of 6 workers for concurrent reset
[2026-04-03T02:31:01.276+0600][31.136s][info][gc,ergo     ] GC(15) Pacer for Reset. Non-Taxable: 1250M
[2026-04-03T02:31:01.278+0600][31.137s][info][gc          ] GC(15) Concurrent reset 1.428ms
[2026-04-03T02:31:01.278+0600][31.138s][info][gc,start    ] GC(15) Pause Init Mark (unload classes)
[2026-04-03T02:31:01.278+0600][31.138s][info][gc,task     ] GC(15) Using 6 of 6 workers for init marking
[2026-04-03T02:31:01.278+0600][31.138s][info][gc,ergo     ] GC(15) Pacer for Mark. Expected Live: 85771K, Free: 297M, Non-Taxable: 30447K, Alloc Tax Rate: 0.3x
[2026-04-03T02:31:01.278+0600][31.138s][info][gc          ] GC(15) Pause Init Mark (unload classes) 0.141ms
[2026-04-03T02:31:01.278+0600][31.138s][info][gc,start    ] GC(15) Concurrent marking roots
[2026-04-03T02:31:01.278+0600][31.138s][info][gc,task     ] GC(15) Using 3 of 6 workers for concurrent marking roots
[2026-04-03T02:31:01.281+0600][31.141s][info][gc          ] GC(15) Concurrent marking roots 2.978ms
[2026-04-03T02:31:01.281+0600][31.141s][info][gc,start    ] GC(15) Concurrent marking (unload classes)
[2026-04-03T02:31:01.282+0600][31.141s][info][gc,task     ] GC(15) Using 3 of 6 workers for concurrent marking
[2026-04-03T02:31:01.344+0600][31.204s][info][gc          ] GC(15) Concurrent marking (unload classes) 62.748ms
[2026-04-03T02:31:01.345+0600][31.204s][info][gc,start    ] GC(15) Pause Final Mark (unload classes)
[2026-04-03T02:31:01.345+0600][31.204s][info][gc,task     ] GC(15) Using 6 of 6 workers for final marking
[2026-04-03T02:31:01.345+0600][31.204s][info][gc,ergo     ] GC(15) Adaptive CSet Selection. Target Free: 177M, Actual Free: 845M, Max CSet: 53333K, Min Garbage: 0B
[2026-04-03T02:31:01.345+0600][31.205s][info][gc,ergo     ] GC(15) Collectable Garbage: 722M (98%), Immediate: 531M (72%), CSet: 190M (26%)
[2026-04-03T02:31:01.345+0600][31.205s][info][gc,ergo     ] GC(15) Pacer for Evacuation. Used CSet: 196M, Free: 856M, Non-Taxable: 87657K, Alloc Tax Rate: 1.1x
[2026-04-03T02:31:01.345+0600][31.205s][info][gc          ] GC(15) Pause Final Mark (unload classes) 0.775ms
[2026-04-03T02:31:01.346+0600][31.205s][info][gc,start    ] GC(15) Concurrent thread roots
[2026-04-03T02:31:01.346+0600][31.205s][info][gc,task     ] GC(15) Using 3 of 6 workers for Concurrent thread roots
[2026-04-03T02:31:01.347+0600][31.206s][info][gc          ] GC(15) Concurrent thread roots 1.488ms
[2026-04-03T02:31:01.347+0600][31.206s][info][gc,start    ] GC(15) Concurrent weak references
[2026-04-03T02:31:01.347+0600][31.206s][info][gc,task     ] GC(15) Using 3 of 6 workers for concurrent weak references
[2026-04-03T02:31:01.348+0600][31.207s][info][gc,ref      ] GC(15) Encountered references: Soft: 3860, Weak: 15634, Final: 84, Phantom: 621
[2026-04-03T02:31:01.348+0600][31.207s][info][gc,ref      ] GC(15) Discovered  references: Soft: 0, Weak: 6152, Final: 0, Phantom: 577
[2026-04-03T02:31:01.348+0600][31.207s][info][gc,ref      ] GC(15) Enqueued    references: Soft: 0, Weak: 400, Final: 0, Phantom: 0
[2026-04-03T02:31:01.348+0600][31.207s][info][gc          ] GC(15) Concurrent weak references 0.872ms
[2026-04-03T02:31:01.348+0600][31.207s][info][gc,start    ] GC(15) Concurrent weak roots
[2026-04-03T02:31:01.348+0600][31.207s][info][gc,task     ] GC(15) Using 3 of 6 workers for concurrent weak root
[2026-04-03T02:31:01.353+0600][31.212s][info][gc          ] GC(15) Concurrent weak roots 4.847ms
[2026-04-03T02:31:01.353+0600][31.212s][info][gc,start    ] GC(15) Concurrent cleanup
[2026-04-03T02:31:01.354+0600][31.213s][info][gc          ] GC(15) Concurrent cleanup 859M->327M(1064M) 0.797ms
[2026-04-03T02:31:01.354+0600][31.213s][info][gc,ergo     ] GC(15) Free: 852M, Max: 512K regular, 247M humongous, Frag: 71% external, 0% internal; Reserve: 63435K, Max: 512K
[2026-04-03T02:31:01.354+0600][31.213s][info][gc,start    ] GC(15) Concurrent class unloading
[2026-04-03T02:31:01.354+0600][31.213s][info][gc,task     ] GC(15) Using 3 of 6 workers for concurrent class unloading
[2026-04-03T02:31:01.376+0600][31.236s][info][gc          ] GC(15) Concurrent class unloading 22.470ms
[2026-04-03T02:31:01.376+0600][31.236s][info][gc,start    ] GC(15) Concurrent strong roots
[2026-04-03T02:31:01.376+0600][31.236s][info][gc,task     ] GC(15) Using 3 of 6 workers for concurrent strong root
[2026-04-03T02:31:01.378+0600][31.237s][info][gc          ] GC(15) Concurrent strong roots 1.552ms
[2026-04-03T02:31:01.378+0600][31.237s][info][gc,start    ] GC(15) Concurrent evacuation
[2026-04-03T02:31:01.378+0600][31.237s][info][gc,task     ] GC(15) Using 3 of 6 workers for concurrent evacuation
[2026-04-03T02:31:01.381+0600][31.241s][info][gc          ] GC(15) Concurrent evacuation 3.216ms
[2026-04-03T02:31:01.382+0600][31.241s][info][gc,start    ] GC(15) Pause Init Update Refs
[2026-04-03T02:31:01.382+0600][31.241s][info][gc,ergo     ] GC(15) Pacer for Update Refs. Used: 342M, Free: 842M, Non-Taxable: 86248K, Alloc Tax Rate: 1.1x
[2026-04-03T02:31:01.382+0600][31.241s][info][gc          ] GC(15) Pause Init Update Refs 0.210ms
[2026-04-03T02:31:01.382+0600][31.241s][info][gc,start    ] GC(15) Concurrent update references
[2026-04-03T02:31:01.382+0600][31.241s][info][gc,task     ] GC(15) Using 3 of 6 workers for concurrent reference update
[2026-04-03T02:31:01.447+0600][31.306s][info][gc          ] GC(15) Concurrent update references 64.989ms
[2026-04-03T02:31:01.447+0600][31.306s][info][gc,start    ] GC(15) Concurrent update thread roots
[2026-04-03T02:31:01.449+0600][31.308s][info][gc          ] GC(15) Concurrent update thread roots 1.881ms
[2026-04-03T02:31:01.449+0600][31.309s][info][gc,start    ] GC(15) Pause Final Update Refs
[2026-04-03T02:31:01.449+0600][31.309s][info][gc,task     ] GC(15) Using 6 of 6 workers for final reference update
[2026-04-03T02:31:01.449+0600][31.309s][info][gc          ] GC(15) Pause Final Update Refs 0.190ms
[2026-04-03T02:31:01.449+0600][31.309s][info][gc,start    ] GC(15) Concurrent cleanup
[2026-04-03T02:31:01.450+0600][31.309s][info][gc          ] GC(15) Concurrent cleanup 382M->186M(1064M) 0.266ms
[2026-04-03T02:31:01.450+0600][31.309s][info][gc,ergo     ] Free: 988M, Max: 512K regular, 429M humongous, Frag: 57% external, 0% internal; Reserve: 64000K, Max: 512K
[2026-04-03T02:31:01.450+0600][31.309s][info][gc,stats    ] 
[2026-04-03T02:31:01.450+0600][31.309s][info][gc,stats    ] All times are wall-clock times, except per-root-class counters, that are sum over
[2026-04-03T02:31:01.450+0600][31.309s][info][gc,stats    ] all workers. Dividing the <total> over the root stage time estimates parallelism.
[2026-04-03T02:31:01.450+0600][31.309s][info][gc,stats    ] 
[2026-04-03T02:31:01.450+0600][31.309s][info][gc,stats    ] Concurrent Reset                   1547 us
[2026-04-03T02:31:01.450+0600][31.309s][info][gc,stats    ] Pause Init Mark (G)                 684 us
[2026-04-03T02:31:01.450+0600][31.309s][info][gc,stats    ] Pause Init Mark (N)                 151 us
[2026-04-03T02:31:01.450+0600][31.309s][info][gc,stats    ]   Update Region States               38 us
[2026-04-03T02:31:01.450+0600][31.309s][info][gc,stats    ] Concurrent Mark Roots              3068 us, parallelism: 1.13x
[2026-04-03T02:31:01.450+0600][31.309s][info][gc,stats    ]   CMR: <total>                     3452 us
[2026-04-03T02:31:01.450+0600][31.309s][info][gc,stats    ]   CMR: Thread Roots                2925 us, workers (us): 1867, 1057,   0, ---, ---, ---, 
[2026-04-03T02:31:01.450+0600][31.309s][info][gc,stats    ]   CMR: VM Strong Roots               63 us, workers (us):  61,   1,   0, ---, ---, ---, 
[2026-04-03T02:31:01.450+0600][31.309s][info][gc,stats    ]   CMR: CLDG Roots                   464 us, workers (us): 464, ---, ---, ---, ---, ---, 
[2026-04-03T02:31:01.450+0600][31.309s][info][gc,stats    ] Concurrent Marking                62847 us
[2026-04-03T02:31:01.450+0600][31.309s][info][gc,stats    ] Pause Final Mark (G)               1155 us
[2026-04-03T02:31:01.450+0600][31.309s][info][gc,stats    ] Pause Final Mark (N)                788 us
[2026-04-03T02:31:01.450+0600][31.309s][info][gc,stats    ]   Finish Mark                       300 us
[2026-04-03T02:31:01.450+0600][31.309s][info][gc,stats    ]   Update Region States               43 us
[2026-04-03T02:31:01.450+0600][31.309s][info][gc,stats    ]   Choose Collection Set             235 us
[2026-04-03T02:31:01.450+0600][31.309s][info][gc,stats    ]   Rebuild Free Set                   41 us
[2026-04-03T02:31:01.450+0600][31.309s][info][gc,stats    ] Concurrent Thread Roots            1558 us, parallelism: 2.36x
[2026-04-03T02:31:01.450+0600][31.309s][info][gc,stats    ]   CTR: <total>                     3672 us
[2026-04-03T02:31:01.450+0600][31.309s][info][gc,stats    ]   CTR: Thread Roots                3672 us, workers (us): 1195, 1167, 1310, ---, ---, ---, 
[2026-04-03T02:31:01.450+0600][31.310s][info][gc,stats    ] Concurrent Weak References          889 us, parallelism: 1.03x
[2026-04-03T02:31:01.450+0600][31.310s][info][gc,stats    ]   CWRF: <total>                     919 us
[2026-04-03T02:31:01.450+0600][31.310s][info][gc,stats    ]   CWRF: Weak References             919 us, workers (us): 705, 186,  28, ---, ---, ---, 
[2026-04-03T02:31:01.450+0600][31.310s][info][gc,stats    ] Concurrent Weak Roots              4958 us
[2026-04-03T02:31:01.450+0600][31.310s][info][gc,stats    ]   Roots                            4456 us, parallelism: 2.67x
[2026-04-03T02:31:01.450+0600][31.310s][info][gc,stats    ]     CWR: <total>                  11896 us
[2026-04-03T02:31:01.450+0600][31.310s][info][gc,stats    ]     CWR: Code Cache Roots          8558 us, workers (us): 2912, 2930, 2715, ---, ---, ---, 
[2026-04-03T02:31:01.450+0600][31.310s][info][gc,stats    ]     CWR: VM Weak Roots             3053 us, workers (us): 1041, 1029, 984, ---, ---, ---, 
[2026-04-03T02:31:01.450+0600][31.310s][info][gc,stats    ]     CWR: CLDG Roots                 285 us, workers (us): ---, ---, 285, ---, ---, ---, 
[2026-04-03T02:31:01.450+0600][31.310s][info][gc,stats    ]   Rendezvous                        328 us
[2026-04-03T02:31:01.450+0600][31.310s][info][gc,stats    ] Concurrent Cleanup                  843 us
[2026-04-03T02:31:01.450+0600][31.310s][info][gc,stats    ] Concurrent Class Unloading        22562 us
[2026-04-03T02:31:01.450+0600][31.310s][info][gc,stats    ]   Unlink Stale                    15559 us
[2026-04-03T02:31:01.450+0600][31.310s][info][gc,stats    ]     System Dictionary               271 us
[2026-04-03T02:31:01.450+0600][31.310s][info][gc,stats    ]     Weak Class Links                  0 us
[2026-04-03T02:31:01.450+0600][31.310s][info][gc,stats    ]     Code Roots                    15284 us
[2026-04-03T02:31:01.450+0600][31.310s][info][gc,stats    ]   Rendezvous                        445 us
[2026-04-03T02:31:01.450+0600][31.310s][info][gc,stats    ]   Purge Unlinked                   6430 us
[2026-04-03T02:31:01.450+0600][31.310s][info][gc,stats    ]     Code Roots                     6410 us
[2026-04-03T02:31:01.450+0600][31.310s][info][gc,stats    ]     CLDG                             19 us
[2026-04-03T02:31:01.450+0600][31.310s][info][gc,stats    ]     Exception Caches                  0 us
[2026-04-03T02:31:01.450+0600][31.310s][info][gc,stats    ] Concurrent Strong Roots            1624 us, parallelism: 0.69x
[2026-04-03T02:31:01.450+0600][31.310s][info][gc,stats    ]   CSR: <total>                     1118 us
[2026-04-03T02:31:01.450+0600][31.310s][info][gc,stats    ]   CSR: VM Strong Roots               74 us, workers (us):  41,  26,   7, ---, ---, ---, 
[2026-04-03T02:31:01.450+0600][31.310s][info][gc,stats    ]   CSR: CLDG Roots                  1043 us, workers (us): 1043, ---, ---, ---, ---, ---, 
[2026-04-03T02:31:01.450+0600][31.310s][info][gc,stats    ] Concurrent Evacuation              3345 us
[2026-04-03T02:31:01.451+0600][31.310s][info][gc,stats    ] Pause Init Update Refs (G)          620 us
[2026-04-03T02:31:01.451+0600][31.310s][info][gc,stats    ] Pause Init Update Refs (N)          224 us
[2026-04-03T02:31:01.451+0600][31.310s][info][gc,stats    ]   Manage GCLABs                      37 us
[2026-04-03T02:31:01.451+0600][31.310s][info][gc,stats    ] Concurrent Update Refs            65078 us
[2026-04-03T02:31:01.451+0600][31.310s][info][gc,stats    ] Concurrent Update Thread Roots     1965 us
[2026-04-03T02:31:01.451+0600][31.310s][info][gc,stats    ] Pause Final Update Refs (G)         453 us
[2026-04-03T02:31:01.451+0600][31.310s][info][gc,stats    ] Pause Final Update Refs (N)         220 us
[2026-04-03T02:31:01.451+0600][31.310s][info][gc,stats    ]   Update Region States               58 us
[2026-04-03T02:31:01.451+0600][31.310s][info][gc,stats    ]   Trash Collection Set               21 us
[2026-04-03T02:31:01.451+0600][31.310s][info][gc,stats    ]   Rebuild Free Set                   41 us
[2026-04-03T02:31:01.451+0600][31.310s][info][gc,stats    ] Concurrent Cleanup                  292 us
[2026-04-03T02:31:01.451+0600][31.310s][info][gc,stats    ] 
[2026-04-03T02:31:01.451+0600][31.310s][info][gc,stats    ] Allocation pacing accrued:
[2026-04-03T02:31:01.451+0600][31.310s][info][gc,stats    ]       0 of  1249 ms (  0.0%): <total>
[2026-04-03T02:31:01.451+0600][31.310s][info][gc,stats    ]       0 of  1249 ms (  0.0%): <average total>
[2026-04-03T02:31:01.451+0600][31.310s][info][gc,stats    ] 
[2026-04-03T02:31:01.451+0600][31.310s][info][gc,metaspace] Metaspace: 129658K(130816K)->129695K(130880K) NonClass: 113270K(113856K)->113307K(113920K) Class: 16388K(16960K)->16388K(16960K)
[2026-04-03T02:31:01.451+0600][31.310s][info][gc,ergo     ] Pacer for Idle. Initial: 25600K, Alloc Tax Rate: 1.0x
[2026-04-03T02:31:02.468+0600][32.327s][info][gc          ] Trigger: Average GC time (228.78 ms) is above the time for average allocation rate (867 MB/s) to deplete free headroom (195M) (margin of error = 1.80)
[2026-04-03T02:31:02.468+0600][32.327s][info][gc,ergo     ] Free headroom: 258M (free) - 64000K (spike) - 0B (penalties) = 195M
[2026-04-03T02:31:02.468+0600][32.327s][info][gc,ergo     ] Free: 258M, Max: 512K regular, 246M humongous, Frag: 5% external, 1% internal; Reserve: 64000K, Max: 512K
[2026-04-03T02:31:02.468+0600][32.327s][info][gc,start    ] GC(16) Concurrent reset
[2026-04-03T02:31:02.468+0600][32.328s][info][gc,task     ] GC(16) Using 3 of 6 workers for concurrent reset
[2026-04-03T02:31:02.468+0600][32.328s][info][gc,ergo     ] GC(16) Pacer for Reset. Non-Taxable: 1250M
[2026-04-03T02:31:02.471+0600][32.330s][info][gc          ] GC(16) Concurrent reset 2.648ms
[2026-04-03T02:31:02.471+0600][32.331s][info][gc,start    ] GC(16) Pause Init Mark (unload classes)
[2026-04-03T02:31:02.471+0600][32.331s][info][gc,task     ] GC(16) Using 6 of 6 workers for init marking
[2026-04-03T02:31:02.471+0600][32.331s][info][gc,ergo     ] GC(16) Pacer for Mark. Expected Live: 87100K, Free: 256M, Non-Taxable: 26240K, Alloc Tax Rate: 0.4x
[2026-04-03T02:31:02.471+0600][32.331s][info][gc          ] GC(16) Pause Init Mark (unload classes) 0.142ms
[2026-04-03T02:31:02.471+0600][32.331s][info][gc,start    ] GC(16) Concurrent marking roots
[2026-04-03T02:31:02.471+0600][32.331s][info][gc,task     ] GC(16) Using 3 of 6 workers for concurrent marking roots
[2026-04-03T02:31:02.474+0600][32.334s][info][gc          ] GC(16) Concurrent marking roots 2.944ms
[2026-04-03T02:31:02.474+0600][32.334s][info][gc,start    ] GC(16) Concurrent marking (unload classes)
[2026-04-03T02:31:02.475+0600][32.334s][info][gc,task     ] GC(16) Using 3 of 6 workers for concurrent marking
[2026-04-03T02:31:02.551+0600][32.410s][info][gc          ] GC(16) Concurrent marking (unload classes) 76.451ms
[2026-04-03T02:31:02.551+0600][32.411s][info][gc,start    ] GC(16) Pause Final Mark (unload classes)
[2026-04-03T02:31:02.551+0600][32.411s][info][gc,task     ] GC(16) Using 6 of 6 workers for final marking
[2026-04-03T02:31:02.552+0600][32.411s][info][gc,ergo     ] GC(16) Adaptive CSet Selection. Target Free: 177M, Actual Free: 841M, Max CSet: 53333K, Min Garbage: 0B
[2026-04-03T02:31:02.552+0600][32.411s][info][gc,ergo     ] GC(16) Collectable Garbage: 761M (98%), Immediate: 566M (73%), CSet: 195M (25%)
[2026-04-03T02:31:02.552+0600][32.411s][info][gc,ergo     ] GC(16) Pacer for Evacuation. Used CSet: 202M, Free: 851M, Non-Taxable: 87177K, Alloc Tax Rate: 1.1x
[2026-04-03T02:31:02.552+0600][32.411s][info][gc          ] GC(16) Pause Final Mark (unload classes) 0.749ms
[2026-04-03T02:31:02.552+0600][32.411s][info][gc,start    ] GC(16) Concurrent thread roots
[2026-04-03T02:31:02.552+0600][32.411s][info][gc,task     ] GC(16) Using 3 of 6 workers for Concurrent thread roots
[2026-04-03T02:31:02.554+0600][32.414s][info][gc          ] GC(16) Concurrent thread roots 2.097ms
[2026-04-03T02:31:02.554+0600][32.414s][info][gc,start    ] GC(16) Concurrent weak references
[2026-04-03T02:31:02.554+0600][32.414s][info][gc,task     ] GC(16) Using 3 of 6 workers for concurrent weak references
[2026-04-03T02:31:02.556+0600][32.416s][info][gc,ref      ] GC(16) Encountered references: Soft: 3862, Weak: 16448, Final: 84, Phantom: 621
[2026-04-03T02:31:02.556+0600][32.416s][info][gc,ref      ] GC(16) Discovered  references: Soft: 0, Weak: 7729, Final: 0, Phantom: 577
[2026-04-03T02:31:02.556+0600][32.416s][info][gc,ref      ] GC(16) Enqueued    references: Soft: 0, Weak: 1624, Final: 0, Phantom: 0
[2026-04-03T02:31:02.556+0600][32.416s][info][gc          ] GC(16) Concurrent weak references 2.005ms
[2026-04-03T02:31:02.556+0600][32.416s][info][gc,start    ] GC(16) Concurrent weak roots
[2026-04-03T02:31:02.556+0600][32.416s][info][gc,task     ] GC(16) Using 3 of 6 workers for concurrent weak root
[2026-04-03T02:31:02.567+0600][32.427s][info][gc          ] GC(16) Concurrent weak roots 10.880ms
[2026-04-03T02:31:02.567+0600][32.427s][info][gc,start    ] GC(16) Concurrent cleanup
[2026-04-03T02:31:02.568+0600][32.428s][info][gc          ] GC(16) Concurrent cleanup 911M->345M(1064M) 0.980ms
[2026-04-03T02:31:02.568+0600][32.428s][info][gc,ergo     ] GC(16) Free: 833M, Max: 512K regular, 196M humongous, Frag: 77% external, 0% internal; Reserve: 63198K, Max: 512K
[2026-04-03T02:31:02.568+0600][32.428s][info][gc,start    ] GC(16) Concurrent class unloading
[2026-04-03T02:31:02.568+0600][32.428s][info][gc,task     ] GC(16) Using 3 of 6 workers for concurrent class unloading
[2026-04-03T02:31:02.593+0600][32.452s][info][gc          ] GC(16) Concurrent class unloading 24.149ms
[2026-04-03T02:31:02.593+0600][32.452s][info][gc,start    ] GC(16) Concurrent strong roots
[2026-04-03T02:31:02.593+0600][32.452s][info][gc,task     ] GC(16) Using 3 of 6 workers for concurrent strong root
[2026-04-03T02:31:02.594+0600][32.453s][info][gc          ] GC(16) Concurrent strong roots 1.186ms
[2026-04-03T02:31:02.594+0600][32.453s][info][gc,start    ] GC(16) Concurrent evacuation
[2026-04-03T02:31:02.594+0600][32.453s][info][gc,task     ] GC(16) Using 3 of 6 workers for concurrent evacuation
[2026-04-03T02:31:02.599+0600][32.458s][info][gc          ] GC(16) Concurrent evacuation 5.012ms
[2026-04-03T02:31:02.599+0600][32.459s][info][gc,start    ] GC(16) Pause Init Update Refs
[2026-04-03T02:31:02.599+0600][32.459s][info][gc,ergo     ] GC(16) Pacer for Update Refs. Used: 364M, Free: 820M, Non-Taxable: 83974K, Alloc Tax Rate: 1.1x
[2026-04-03T02:31:02.600+0600][32.459s][info][gc          ] GC(16) Pause Init Update Refs 0.165ms
[2026-04-03T02:31:02.600+0600][32.459s][info][gc,start    ] GC(16) Concurrent update references
[2026-04-03T02:31:02.600+0600][32.459s][info][gc,task     ] GC(16) Using 3 of 6 workers for concurrent reference update
[2026-04-03T02:31:02.663+0600][32.522s][info][gc          ] GC(16) Concurrent update references 63.171ms
[2026-04-03T02:31:02.663+0600][32.522s][info][gc,start    ] GC(16) Concurrent update thread roots
[2026-04-03T02:31:02.665+0600][32.524s][info][gc          ] GC(16) Concurrent update thread roots 1.610ms
[2026-04-03T02:31:02.665+0600][32.524s][info][gc,start    ] GC(16) Pause Final Update Refs
[2026-04-03T02:31:02.665+0600][32.524s][info][gc,task     ] GC(16) Using 6 of 6 workers for final reference update
[2026-04-03T02:31:02.665+0600][32.524s][info][gc          ] GC(16) Pause Final Update Refs 0.189ms
[2026-04-03T02:31:02.665+0600][32.524s][info][gc,start    ] GC(16) Concurrent cleanup
[2026-04-03T02:31:02.666+0600][32.525s][info][gc          ] GC(16) Concurrent cleanup 399M->196M(1065M) 0.518ms
[2026-04-03T02:31:02.666+0600][32.525s][info][gc,ergo     ] Free: 975M, Max: 512K regular, 433M humongous, Frag: 56% external, 0% internal; Reserve: 64000K, Max: 512K
[2026-04-03T02:31:02.666+0600][32.525s][info][gc,stats    ] 
[2026-04-03T02:31:02.666+0600][32.525s][info][gc,stats    ] All times are wall-clock times, except per-root-class counters, that are sum over
[2026-04-03T02:31:02.666+0600][32.525s][info][gc,stats    ] all workers. Dividing the <total> over the root stage time estimates parallelism.
[2026-04-03T02:31:02.666+0600][32.525s][info][gc,stats    ] 
[2026-04-03T02:31:02.666+0600][32.525s][info][gc,stats    ] Concurrent Reset                   2749 us
[2026-04-03T02:31:02.666+0600][32.525s][info][gc,stats    ] Pause Init Mark (G)                 528 us
[2026-04-03T02:31:02.666+0600][32.525s][info][gc,stats    ] Pause Init Mark (N)                 155 us
[2026-04-03T02:31:02.666+0600][32.525s][info][gc,stats    ]   Update Region States               37 us
[2026-04-03T02:31:02.666+0600][32.525s][info][gc,stats    ] Concurrent Mark Roots              3033 us, parallelism: 1.59x
[2026-04-03T02:31:02.666+0600][32.525s][info][gc,stats    ]   CMR: <total>                     4821 us
[2026-04-03T02:31:02.666+0600][32.525s][info][gc,stats    ]   CMR: Thread Roots                4508 us, workers (us): 2010, 2248, 250, ---, ---, ---, 
[2026-04-03T02:31:02.666+0600][32.525s][info][gc,stats    ]   CMR: VM Strong Roots               44 us, workers (us):  41,   2,   1, ---, ---, ---, 
[2026-04-03T02:31:02.666+0600][32.525s][info][gc,stats    ]   CMR: CLDG Roots                   269 us, workers (us): 269, ---, ---, ---, ---, ---, 
[2026-04-03T02:31:02.666+0600][32.525s][info][gc,stats    ] Concurrent Marking                76534 us
[2026-04-03T02:31:02.666+0600][32.525s][info][gc,stats    ] Pause Final Mark (G)               1107 us
[2026-04-03T02:31:02.666+0600][32.525s][info][gc,stats    ] Pause Final Mark (N)                761 us
[2026-04-03T02:31:02.666+0600][32.525s][info][gc,stats    ]   Finish Mark                       244 us
[2026-04-03T02:31:02.666+0600][32.525s][info][gc,stats    ]   Update Region States               60 us
[2026-04-03T02:31:02.666+0600][32.525s][info][gc,stats    ]   Choose Collection Set             239 us
[2026-04-03T02:31:02.666+0600][32.525s][info][gc,stats    ]   Rebuild Free Set                   41 us
[2026-04-03T02:31:02.666+0600][32.525s][info][gc,stats    ] Concurrent Thread Roots            2177 us, parallelism: 2.14x
[2026-04-03T02:31:02.666+0600][32.525s][info][gc,stats    ]   CTR: <total>                     4655 us
[2026-04-03T02:31:02.666+0600][32.525s][info][gc,stats    ]   CTR: Thread Roots                4655 us, workers (us): 1987, 1534, 1134, ---, ---, ---, 
[2026-04-03T02:31:02.666+0600][32.525s][info][gc,stats    ] Concurrent Weak References         2021 us, parallelism: 0.73x
[2026-04-03T02:31:02.666+0600][32.525s][info][gc,stats    ]   CWRF: <total>                    1484 us
[2026-04-03T02:31:02.666+0600][32.525s][info][gc,stats    ]   CWRF: Weak References            1484 us, workers (us): 1481,   3,   0, ---, ---, ---, 
[2026-04-03T02:31:02.666+0600][32.525s][info][gc,stats    ] Concurrent Weak Roots             10989 us
[2026-04-03T02:31:02.666+0600][32.525s][info][gc,stats    ]   Roots                           10302 us, parallelism: 2.23x
[2026-04-03T02:31:02.666+0600][32.525s][info][gc,stats    ]     CWR: <total>                  23008 us
[2026-04-03T02:31:02.666+0600][32.525s][info][gc,stats    ]     CWR: Code Cache Roots         19143 us, workers (us): 6670, 6824, 5649, ---, ---, ---, 
[2026-04-03T02:31:02.666+0600][32.525s][info][gc,stats    ]     CWR: VM Weak Roots             3596 us, workers (us): 2810, 784,   2, ---, ---, ---, 
[2026-04-03T02:31:02.666+0600][32.525s][info][gc,stats    ]     CWR: CLDG Roots                 268 us, workers (us): ---, 268, ---, ---, ---, ---, 
[2026-04-03T02:31:02.666+0600][32.525s][info][gc,stats    ]   Rendezvous                        542 us
[2026-04-03T02:31:02.666+0600][32.525s][info][gc,stats    ] Concurrent Cleanup                 1023 us
[2026-04-03T02:31:02.666+0600][32.525s][info][gc,stats    ] Concurrent Class Unloading        24263 us
[2026-04-03T02:31:02.666+0600][32.525s][info][gc,stats    ]   Unlink Stale                    17025 us
[2026-04-03T02:31:02.666+0600][32.525s][info][gc,stats    ]     System Dictionary               395 us
[2026-04-03T02:31:02.666+0600][32.525s][info][gc,stats    ]     Weak Class Links                  1 us
[2026-04-03T02:31:02.666+0600][32.525s][info][gc,stats    ]     Code Roots                    16625 us
[2026-04-03T02:31:02.666+0600][32.525s][info][gc,stats    ]   Rendezvous                        497 us
[2026-04-03T02:31:02.666+0600][32.525s][info][gc,stats    ]   Purge Unlinked                   6571 us
[2026-04-03T02:31:02.666+0600][32.525s][info][gc,stats    ]     Code Roots                     6544 us
[2026-04-03T02:31:02.666+0600][32.525s][info][gc,stats    ]     CLDG                             26 us
[2026-04-03T02:31:02.666+0600][32.525s][info][gc,stats    ]     Exception Caches                  0 us
[2026-04-03T02:31:02.666+0600][32.525s][info][gc,stats    ] Concurrent Strong Roots            1260 us, parallelism: 0.66x
[2026-04-03T02:31:02.666+0600][32.525s][info][gc,stats    ]   CSR: <total>                      832 us
[2026-04-03T02:31:02.666+0600][32.525s][info][gc,stats    ]   CSR: VM Strong Roots               88 us, workers (us):  30,  31,  28, ---, ---, ---, 
[2026-04-03T02:31:02.666+0600][32.525s][info][gc,stats    ]   CSR: CLDG Roots                   745 us, workers (us): ---, ---, 745, ---, ---, ---, 
[2026-04-03T02:31:02.666+0600][32.525s][info][gc,stats    ] Concurrent Evacuation              5129 us
[2026-04-03T02:31:02.666+0600][32.525s][info][gc,stats    ] Pause Init Update Refs (G)          498 us
[2026-04-03T02:31:02.666+0600][32.525s][info][gc,stats    ] Pause Init Update Refs (N)          178 us
[2026-04-03T02:31:02.666+0600][32.525s][info][gc,stats    ]   Manage GCLABs                      46 us
[2026-04-03T02:31:02.666+0600][32.525s][info][gc,stats    ] Concurrent Update Refs            63282 us
[2026-04-03T02:31:02.666+0600][32.525s][info][gc,stats    ] Concurrent Update Thread Roots     1695 us
[2026-04-03T02:31:02.666+0600][32.525s][info][gc,stats    ] Pause Final Update Refs (G)         459 us
[2026-04-03T02:31:02.666+0600][32.525s][info][gc,stats    ] Pause Final Update Refs (N)         207 us
[2026-04-03T02:31:02.666+0600][32.525s][info][gc,stats    ]   Update Region States               52 us
[2026-04-03T02:31:02.666+0600][32.525s][info][gc,stats    ]   Trash Collection Set               18 us
[2026-04-03T02:31:02.666+0600][32.525s][info][gc,stats    ]   Rebuild Free Set                   43 us
[2026-04-03T02:31:02.666+0600][32.525s][info][gc,stats    ] Concurrent Cleanup                  535 us
[2026-04-03T02:31:02.666+0600][32.525s][info][gc,stats    ] Pacing                           124681 us
[2026-04-03T02:31:02.666+0600][32.525s][info][gc,stats    ] 
[2026-04-03T02:31:02.666+0600][32.525s][info][gc,stats    ] Allocation pacing accrued:
[2026-04-03T02:31:02.666+0600][32.526s][info][gc,stats    ]      11 of  1216 ms (  0.9%): Executor task launch worker for task 5.0 in stage 329.0 (TID 768)
[2026-04-03T02:31:02.666+0600][32.526s][info][gc,stats    ]      23 of  1216 ms (  1.9%): Executor task launch worker for task 0.0 in stage 329.0 (TID 763)
[2026-04-03T02:31:02.666+0600][32.526s][info][gc,stats    ]      11 of  1216 ms (  0.9%): Executor task launch worker for task 6.0 in stage 329.0 (TID 769)
[2026-04-03T02:31:02.666+0600][32.526s][info][gc,stats    ]      14 of  1216 ms (  1.1%): Executor task launch worker for task 1.0 in stage 329.0 (TID 764)
[2026-04-03T02:31:02.666+0600][32.526s][info][gc,stats    ]      22 of  1216 ms (  1.8%): Executor task launch worker for task 2.0 in stage 329.0 (TID 765)
[2026-04-03T02:31:02.666+0600][32.526s][info][gc,stats    ]      21 of  1216 ms (  1.7%): Executor task launch worker for task 4.0 in stage 329.0 (TID 767)
[2026-04-03T02:31:02.666+0600][32.526s][info][gc,stats    ]      11 of  1216 ms (  0.9%): Executor task launch worker for task 7.0 in stage 329.0 (TID 770)
[2026-04-03T02:31:02.666+0600][32.526s][info][gc,stats    ]      11 of  1216 ms (  0.9%): Executor task launch worker for task 3.0 in stage 329.0 (TID 766)
[2026-04-03T02:31:02.666+0600][32.526s][info][gc,stats    ]     125 of  1216 ms ( 10.3%): <total>
[2026-04-03T02:31:02.666+0600][32.526s][info][gc,stats    ]       0 of  1216 ms (  0.0%): <average total>
[2026-04-03T02:31:02.666+0600][32.526s][info][gc,stats    ]      16 of  1216 ms (  1.3%): <average non-zero>
[2026-04-03T02:31:02.666+0600][32.526s][info][gc,stats    ] 
[2026-04-03T02:31:02.666+0600][32.526s][info][gc,metaspace] Metaspace: 129771K(130944K)->129789K(130944K) NonClass: 113382K(113984K)->113401K(113984K) Class: 16388K(16960K)->16388K(16960K)
[2026-04-03T02:31:02.666+0600][32.526s][info][gc,ergo     ] Pacer for Idle. Initial: 25600K, Alloc Tax Rate: 1.0x
[2026-04-03T02:31:03.530+0600][33.390s][info][gc          ] Trigger: Average GC time (226.59 ms) is above the time for average allocation rate (733 MB/s) to deplete free headroom (165M) (margin of error = 1.81)
[2026-04-03T02:31:03.531+0600][33.390s][info][gc,ergo     ] Free headroom: 227M (free) - 64000K (spike) - 0B (penalties) = 165M
[2026-04-03T02:31:03.531+0600][33.390s][info][gc,ergo     ] Free: 227M, Max: 512K regular, 193M humongous, Frag: 15% external, 1% internal; Reserve: 64000K, Max: 512K
[2026-04-03T02:31:03.531+0600][33.390s][info][gc,start    ] GC(17) Concurrent reset
[2026-04-03T02:31:03.531+0600][33.390s][info][gc,task     ] GC(17) Using 3 of 6 workers for concurrent reset
[2026-04-03T02:31:03.531+0600][33.390s][info][gc,ergo     ] GC(17) Pacer for Reset. Non-Taxable: 1250M
[2026-04-03T02:31:03.533+0600][33.392s][info][gc          ] GC(17) Concurrent reset 2.343ms
[2026-04-03T02:31:03.533+0600][33.393s][info][gc,start    ] GC(17) Pause Init Mark (unload classes)
[2026-04-03T02:31:03.533+0600][33.393s][info][gc,task     ] GC(17) Using 6 of 6 workers for init marking
[2026-04-03T02:31:03.534+0600][33.393s][info][gc,ergo     ] GC(17) Pacer for Mark. Expected Live: 88636K, Free: 227M, Non-Taxable: 23319K, Alloc Tax Rate: 0.5x
[2026-04-03T02:31:03.534+0600][33.393s][info][gc          ] GC(17) Pause Init Mark (unload classes) 0.168ms
[2026-04-03T02:31:03.534+0600][33.393s][info][gc,start    ] GC(17) Concurrent marking roots
[2026-04-03T02:31:03.534+0600][33.393s][info][gc,task     ] GC(17) Using 3 of 6 workers for concurrent marking roots
[2026-04-03T02:31:03.535+0600][33.394s][info][gc          ] GC(17) Concurrent marking roots 1.472ms
[2026-04-03T02:31:03.535+0600][33.394s][info][gc,start    ] GC(17) Concurrent marking (unload classes)
[2026-04-03T02:31:03.535+0600][33.395s][info][gc,task     ] GC(17) Using 3 of 6 workers for concurrent marking
[2026-04-03T02:31:03.594+0600][33.453s][info][gc          ] GC(17) Concurrent marking (unload classes) 58.794ms
[2026-04-03T02:31:03.594+0600][33.453s][info][gc,start    ] GC(17) Pause Final Mark (unload classes)
[2026-04-03T02:31:03.594+0600][33.454s][info][gc,task     ] GC(17) Using 6 of 6 workers for final marking
[2026-04-03T02:31:03.595+0600][33.454s][info][gc,ergo     ] GC(17) Adaptive CSet Selection. Target Free: 177M, Actual Free: 835M, Max CSet: 53333K, Min Garbage: 0B
[2026-04-03T02:31:03.595+0600][33.454s][info][gc,ergo     ] GC(17) Collectable Garbage: 780M (98%), Immediate: 579M (73%), CSet: 201M (25%)
[2026-04-03T02:31:03.595+0600][33.454s][info][gc,ergo     ] GC(17) Pacer for Evacuation. Used CSet: 208M, Free: 855M, Non-Taxable: 87578K, Alloc Tax Rate: 1.1x
[2026-04-03T02:31:03.595+0600][33.454s][info][gc          ] GC(17) Pause Final Mark (unload classes) 0.766ms
[2026-04-03T02:31:03.595+0600][33.455s][info][gc,start    ] GC(17) Concurrent thread roots
[2026-04-03T02:31:03.595+0600][33.455s][info][gc,task     ] GC(17) Using 3 of 6 workers for Concurrent thread roots
[2026-04-03T02:31:03.597+0600][33.456s][info][gc          ] GC(17) Concurrent thread roots 1.736ms
[2026-04-03T02:31:03.597+0600][33.456s][info][gc,start    ] GC(17) Concurrent weak references
[2026-04-03T02:31:03.597+0600][33.456s][info][gc,task     ] GC(17) Using 3 of 6 workers for concurrent weak references
[2026-04-03T02:31:03.598+0600][33.457s][info][gc,ref      ] GC(17) Encountered references: Soft: 3857, Weak: 16368, Final: 84, Phantom: 621
[2026-04-03T02:31:03.598+0600][33.457s][info][gc,ref      ] GC(17) Discovered  references: Soft: 0, Weak: 5710, Final: 84, Phantom: 597
[2026-04-03T02:31:03.598+0600][33.457s][info][gc,ref      ] GC(17) Enqueued    references: Soft: 0, Weak: 1733, Final: 0, Phantom: 0
[2026-04-03T02:31:03.598+0600][33.457s][info][gc          ] GC(17) Concurrent weak references 0.883ms
[2026-04-03T02:31:03.598+0600][33.457s][info][gc,start    ] GC(17) Concurrent weak roots
[2026-04-03T02:31:03.598+0600][33.457s][info][gc,task     ] GC(17) Using 3 of 6 workers for concurrent weak root
[2026-04-03T02:31:03.606+0600][33.465s][info][gc          ] GC(17) Concurrent weak roots 7.749ms
[2026-04-03T02:31:03.606+0600][33.465s][info][gc,start    ] GC(17) Concurrent cleanup
[2026-04-03T02:31:03.607+0600][33.466s][info][gc          ] GC(17) Concurrent cleanup 917M->339M(1065M) 0.849ms
[2026-04-03T02:31:03.607+0600][33.466s][info][gc,ergo     ] GC(17) Free: 844M, Max: 512K regular, 184M humongous, Frag: 79% external, 0% internal; Reserve: 63625K, Max: 512K
[2026-04-03T02:31:03.607+0600][33.466s][info][gc,start    ] GC(17) Concurrent class unloading
[2026-04-03T02:31:03.607+0600][33.466s][info][gc,task     ] GC(17) Using 3 of 6 workers for concurrent class unloading
[2026-04-03T02:31:03.645+0600][33.504s][info][gc          ] GC(17) Concurrent class unloading 38.093ms
[2026-04-03T02:31:03.645+0600][33.505s][info][gc,start    ] GC(17) Concurrent strong roots
[2026-04-03T02:31:03.645+0600][33.505s][info][gc,task     ] GC(17) Using 3 of 6 workers for concurrent strong root
[2026-04-03T02:31:03.647+0600][33.506s][info][gc          ] GC(17) Concurrent strong roots 1.892ms
[2026-04-03T02:31:03.647+0600][33.506s][info][gc,start    ] GC(17) Concurrent evacuation
[2026-04-03T02:31:03.647+0600][33.507s][info][gc,task     ] GC(17) Using 3 of 6 workers for concurrent evacuation
[2026-04-03T02:31:03.657+0600][33.517s][info][gc          ] GC(17) Concurrent evacuation 10.103ms
[2026-04-03T02:31:03.658+0600][33.517s][info][gc,start    ] GC(17) Pause Init Update Refs
[2026-04-03T02:31:03.658+0600][33.517s][info][gc,ergo     ] GC(17) Pacer for Update Refs. Used: 382M, Free: 808M, Non-Taxable: 82822K, Alloc Tax Rate: 1.1x
[2026-04-03T02:31:03.658+0600][33.517s][info][gc          ] GC(17) Pause Init Update Refs 0.109ms
[2026-04-03T02:31:03.658+0600][33.517s][info][gc,start    ] GC(17) Concurrent update references
[2026-04-03T02:31:03.658+0600][33.517s][info][gc,task     ] GC(17) Using 3 of 6 workers for concurrent reference update
[2026-04-03T02:31:03.722+0600][33.581s][info][gc          ] GC(17) Concurrent update references 64.054ms
[2026-04-03T02:31:03.722+0600][33.581s][info][gc,start    ] GC(17) Concurrent update thread roots
[2026-04-03T02:31:03.724+0600][33.583s][info][gc          ] GC(17) Concurrent update thread roots 1.857ms
[2026-04-03T02:31:03.724+0600][33.584s][info][gc,start    ] GC(17) Pause Final Update Refs
[2026-04-03T02:31:03.724+0600][33.584s][info][gc,task     ] GC(17) Using 6 of 6 workers for final reference update
[2026-04-03T02:31:03.724+0600][33.584s][info][gc          ] GC(17) Pause Final Update Refs 0.246ms
[2026-04-03T02:31:03.725+0600][33.584s][info][gc,start    ] GC(17) Concurrent cleanup
[2026-04-03T02:31:03.725+0600][33.585s][info][gc          ] GC(17) Concurrent cleanup 426M->217M(1068M) 0.653ms
[2026-04-03T02:31:03.725+0600][33.585s][info][gc,ergo     ] Free: 962M, Max: 512K regular, 458M humongous, Frag: 53% external, 0% internal; Reserve: 64000K, Max: 512K
[2026-04-03T02:31:03.725+0600][33.585s][info][gc,stats    ] 
[2026-04-03T02:31:03.725+0600][33.585s][info][gc,stats    ] All times are wall-clock times, except per-root-class counters, that are sum over
[2026-04-03T02:31:03.725+0600][33.585s][info][gc,stats    ] all workers. Dividing the <total> over the root stage time estimates parallelism.
[2026-04-03T02:31:03.725+0600][33.585s][info][gc,stats    ] 
[2026-04-03T02:31:03.726+0600][33.585s][info][gc,stats    ] Concurrent Reset                   2408 us
[2026-04-03T02:31:03.726+0600][33.585s][info][gc,stats    ] Pause Init Mark (G)                 652 us
[2026-04-03T02:31:03.726+0600][33.585s][info][gc,stats    ] Pause Init Mark (N)                 178 us
[2026-04-03T02:31:03.726+0600][33.585s][info][gc,stats    ]   Update Region States               44 us
[2026-04-03T02:31:03.726+0600][33.585s][info][gc,stats    ] Concurrent Mark Roots              1525 us, parallelism: 1.92x
[2026-04-03T02:31:03.726+0600][33.585s][info][gc,stats    ]   CMR: <total>                     2920 us
[2026-04-03T02:31:03.726+0600][33.585s][info][gc,stats    ]   CMR: Thread Roots                2423 us, workers (us): 971, 549, 904, ---, ---, ---, 
[2026-04-03T02:31:03.726+0600][33.585s][info][gc,stats    ]   CMR: VM Strong Roots               53 us, workers (us):  31,  20,   1, ---, ---, ---, 
[2026-04-03T02:31:03.726+0600][33.585s][info][gc,stats    ]   CMR: CLDG Roots                   444 us, workers (us): ---, 444, ---, ---, ---, ---, 
[2026-04-03T02:31:03.726+0600][33.585s][info][gc,stats    ] Concurrent Marking                58891 us
[2026-04-03T02:31:03.726+0600][33.585s][info][gc,stats    ] Pause Final Mark (G)               1107 us
[2026-04-03T02:31:03.726+0600][33.585s][info][gc,stats    ] Pause Final Mark (N)                778 us
[2026-04-03T02:31:03.726+0600][33.585s][info][gc,stats    ]   Finish Mark                       324 us
[2026-04-03T02:31:03.726+0600][33.585s][info][gc,stats    ]   Update Region States               38 us
[2026-04-03T02:31:03.726+0600][33.585s][info][gc,stats    ]   Choose Collection Set             262 us
[2026-04-03T02:31:03.726+0600][33.585s][info][gc,stats    ]   Rebuild Free Set                   40 us
[2026-04-03T02:31:03.726+0600][33.585s][info][gc,stats    ] Concurrent Thread Roots            1772 us, parallelism: 2.21x
[2026-04-03T02:31:03.726+0600][33.585s][info][gc,stats    ]   CTR: <total>                     3920 us
[2026-04-03T02:31:03.726+0600][33.585s][info][gc,stats    ]   CTR: Thread Roots                3920 us, workers (us): 1433, 1272, 1215, ---, ---, ---, 
[2026-04-03T02:31:03.726+0600][33.585s][info][gc,stats    ] Concurrent Weak References          897 us, parallelism: 1.26x
[2026-04-03T02:31:03.726+0600][33.585s][info][gc,stats    ]   CWRF: <total>                    1133 us
[2026-04-03T02:31:03.726+0600][33.585s][info][gc,stats    ]   CWRF: Weak References            1133 us, workers (us): 731, 402,   0, ---, ---, ---, 
[2026-04-03T02:31:03.726+0600][33.585s][info][gc,stats    ] Concurrent Weak Roots              7846 us
[2026-04-03T02:31:03.726+0600][33.585s][info][gc,stats    ]   Roots                            6829 us, parallelism: 2.75x
[2026-04-03T02:31:03.726+0600][33.585s][info][gc,stats    ]     CWR: <total>                  18762 us
[2026-04-03T02:31:03.726+0600][33.585s][info][gc,stats    ]     CWR: Code Cache Roots         12087 us, workers (us): 4441, 4726, 2920, ---, ---, ---, 
[2026-04-03T02:31:03.726+0600][33.585s][info][gc,stats    ]     CWR: VM Weak Roots             6436 us, workers (us): 1712, 1706, 3018, ---, ---, ---, 
[2026-04-03T02:31:03.726+0600][33.585s][info][gc,stats    ]     CWR: CLDG Roots                 239 us, workers (us): 239, ---, ---, ---, ---, ---, 
[2026-04-03T02:31:03.726+0600][33.585s][info][gc,stats    ]   Rendezvous                        893 us
[2026-04-03T02:31:03.726+0600][33.585s][info][gc,stats    ] Concurrent Cleanup                  871 us
[2026-04-03T02:31:03.726+0600][33.585s][info][gc,stats    ] Concurrent Class Unloading        38585 us
[2026-04-03T02:31:03.726+0600][33.585s][info][gc,stats    ]   Unlink Stale                    30526 us
[2026-04-03T02:31:03.726+0600][33.585s][info][gc,stats    ]     System Dictionary               312 us
[2026-04-03T02:31:03.726+0600][33.585s][info][gc,stats    ]     Weak Class Links                  0 us
[2026-04-03T02:31:03.726+0600][33.585s][info][gc,stats    ]     Code Roots                    30210 us
[2026-04-03T02:31:03.726+0600][33.585s][info][gc,stats    ]   Rendezvous                        363 us
[2026-04-03T02:31:03.726+0600][33.585s][info][gc,stats    ]   Purge Unlinked                   7164 us
[2026-04-03T02:31:03.726+0600][33.585s][info][gc,stats    ]     Code Roots                     7100 us
[2026-04-03T02:31:03.726+0600][33.585s][info][gc,stats    ]     CLDG                             62 us
[2026-04-03T02:31:03.726+0600][33.585s][info][gc,stats    ]     Exception Caches                  1 us
[2026-04-03T02:31:03.726+0600][33.585s][info][gc,stats    ] Concurrent Strong Roots            1948 us, parallelism: 0.50x
[2026-04-03T02:31:03.726+0600][33.585s][info][gc,stats    ]   CSR: <total>                      968 us
[2026-04-03T02:31:03.726+0600][33.585s][info][gc,stats    ]   CSR: VM Strong Roots               70 us, workers (us):  70,   0,   0, ---, ---, ---, 
[2026-04-03T02:31:03.726+0600][33.585s][info][gc,stats    ]   CSR: CLDG Roots                   898 us, workers (us): 898, ---, ---, ---, ---, ---, 
[2026-04-03T02:31:03.726+0600][33.585s][info][gc,stats    ] Concurrent Evacuation             10199 us
[2026-04-03T02:31:03.726+0600][33.585s][info][gc,stats    ] Pause Init Update Refs (G)          474 us
[2026-04-03T02:31:03.726+0600][33.585s][info][gc,stats    ] Pause Init Update Refs (N)          122 us
[2026-04-03T02:31:03.726+0600][33.585s][info][gc,stats    ]   Manage GCLABs                      58 us
[2026-04-03T02:31:03.726+0600][33.585s][info][gc,stats    ] Concurrent Update Refs            64144 us
[2026-04-03T02:31:03.726+0600][33.585s][info][gc,stats    ] Concurrent Update Thread Roots     1928 us
[2026-04-03T02:31:03.726+0600][33.585s][info][gc,stats    ] Pause Final Update Refs (G)         736 us
[2026-04-03T02:31:03.726+0600][33.585s][info][gc,stats    ] Pause Final Update Refs (N)         296 us
[2026-04-03T02:31:03.726+0600][33.585s][info][gc,stats    ]   Update Region States               54 us
[2026-04-03T02:31:03.726+0600][33.585s][info][gc,stats    ]   Trash Collection Set               24 us
[2026-04-03T02:31:03.726+0600][33.585s][info][gc,stats    ]   Rebuild Free Set                   50 us
[2026-04-03T02:31:03.726+0600][33.585s][info][gc,stats    ] Concurrent Cleanup                  683 us
[2026-04-03T02:31:03.726+0600][33.585s][info][gc,stats    ] Pacing                            39491 us
[2026-04-03T02:31:03.726+0600][33.585s][info][gc,stats    ] 
[2026-04-03T02:31:03.726+0600][33.585s][info][gc,stats    ] Allocation pacing accrued:
[2026-04-03T02:31:03.726+0600][33.585s][info][gc,stats    ]       4 of  1060 ms (  0.4%): Executor task launch worker for task 0.0 in stage 443.0 (TID 891)
[2026-04-03T02:31:03.726+0600][33.585s][info][gc,stats    ]       4 of  1060 ms (  0.4%): Executor task launch worker for task 1.0 in stage 443.0 (TID 892)
[2026-04-03T02:31:03.726+0600][33.585s][info][gc,stats    ]       5 of  1060 ms (  0.5%): Executor task launch worker for task 6.0 in stage 443.0 (TID 897)
[2026-04-03T02:31:03.726+0600][33.585s][info][gc,stats    ]       4 of  1060 ms (  0.4%): Executor task launch worker for task 2.0 in stage 443.0 (TID 893)
[2026-04-03T02:31:03.726+0600][33.585s][info][gc,stats    ]       5 of  1060 ms (  0.5%): Executor task launch worker for task 4.0 in stage 443.0 (TID 895)
[2026-04-03T02:31:03.726+0600][33.585s][info][gc,stats    ]       7 of  1060 ms (  0.6%): Executor task launch worker for task 7.0 in stage 443.0 (TID 898)
[2026-04-03T02:31:03.726+0600][33.585s][info][gc,stats    ]       4 of  1060 ms (  0.4%): Executor task launch worker for task 3.0 in stage 443.0 (TID 894)
[2026-04-03T02:31:03.726+0600][33.585s][info][gc,stats    ]       5 of  1060 ms (  0.5%): Executor task launch worker for task 5.0 in stage 443.0 (TID 896)
[2026-04-03T02:31:03.726+0600][33.585s][info][gc,stats    ]      39 of  1060 ms (  3.7%): <total>
[2026-04-03T02:31:03.726+0600][33.585s][info][gc,stats    ]       0 of  1060 ms (  0.0%): <average total>
[2026-04-03T02:31:03.726+0600][33.585s][info][gc,stats    ]       5 of  1060 ms (  0.5%): <average non-zero>
[2026-04-03T02:31:03.726+0600][33.585s][info][gc,stats    ] 
[2026-04-03T02:31:03.726+0600][33.585s][info][gc,metaspace] Metaspace: 129918K(131136K)->129937K(131136K) NonClass: 113521K(114176K)->113540K(114176K) Class: 16396K(16960K)->16397K(16960K)
[2026-04-03T02:31:03.726+0600][33.585s][info][gc,ergo     ] Pacer for Idle. Initial: 25600K, Alloc Tax Rate: 1.0x
[2026-04-03T02:31:04.030+0600][33.889s][info][gc          ] Trigger: Average GC time (219.16 ms) is above the time for average allocation rate (1991 MB/s) to deplete free headroom (427M) (margin of error = 1.81)
[2026-04-03T02:31:04.030+0600][33.889s][info][gc,ergo     ] Free headroom: 489M (free) - 64000K (spike) - 0B (penalties) = 427M
[2026-04-03T02:31:04.030+0600][33.889s][info][gc,ergo     ] Free: 489M, Max: 512K regular, 255M humongous, Frag: 48% external, 0% internal; Reserve: 64000K, Max: 512K
[2026-04-03T02:31:04.030+0600][33.889s][info][gc,start    ] GC(18) Concurrent reset
[2026-04-03T02:31:04.030+0600][33.889s][info][gc,task     ] GC(18) Using 3 of 6 workers for concurrent reset
[2026-04-03T02:31:04.030+0600][33.889s][info][gc,ergo     ] GC(18) Pacer for Reset. Non-Taxable: 1250M
[2026-04-03T02:31:04.032+0600][33.891s][info][gc          ] GC(18) Concurrent reset 1.806ms
[2026-04-03T02:31:04.032+0600][33.892s][info][gc,start    ] GC(18) Pause Init Mark (unload classes)
[2026-04-03T02:31:04.032+0600][33.892s][info][gc,task     ] GC(18) Using 6 of 6 workers for init marking
[2026-04-03T02:31:04.032+0600][33.892s][info][gc,ergo     ] GC(18) Pacer for Mark. Expected Live: 89135K, Free: 477M, Non-Taxable: 48867K, Alloc Tax Rate: 0.2x
[2026-04-03T02:31:04.032+0600][33.892s][info][gc          ] GC(18) Pause Init Mark (unload classes) 0.167ms
[2026-04-03T02:31:04.033+0600][33.892s][info][gc,start    ] GC(18) Concurrent marking roots
[2026-04-03T02:31:04.033+0600][33.892s][info][gc,task     ] GC(18) Using 3 of 6 workers for concurrent marking roots
[2026-04-03T02:31:04.035+0600][33.894s][info][gc          ] GC(18) Concurrent marking roots 1.893ms
[2026-04-03T02:31:04.035+0600][33.894s][info][gc,start    ] GC(18) Concurrent marking (unload classes)
[2026-04-03T02:31:04.035+0600][33.894s][info][gc,task     ] GC(18) Using 3 of 6 workers for concurrent marking
[2026-04-03T02:31:04.108+0600][33.967s][info][gc          ] GC(18) Concurrent marking (unload classes) 72.979ms
[2026-04-03T02:31:04.108+0600][33.967s][info][gc,start    ] GC(18) Pause Final Mark (unload classes)
[2026-04-03T02:31:04.108+0600][33.967s][info][gc,task     ] GC(18) Using 6 of 6 workers for final marking
[2026-04-03T02:31:04.108+0600][33.968s][info][gc,ergo     ] GC(18) Adaptive CSet Selection. Target Free: 177M, Actual Free: 961M, Max CSet: 53333K, Min Garbage: 0B
[2026-04-03T02:31:04.108+0600][33.968s][info][gc,ergo     ] GC(18) Collectable Garbage: 560M (98%), Immediate: 480M (84%), CSet: 81485K (14%)
[2026-04-03T02:31:04.109+0600][33.968s][info][gc,ergo     ] GC(18) Pacer for Evacuation. Used CSet: 87867K, Free: 947M, Non-Taxable: 97005K, Alloc Tax Rate: 1.1x
[2026-04-03T02:31:04.109+0600][33.968s][info][gc          ] GC(18) Pause Final Mark (unload classes) 0.699ms
[2026-04-03T02:31:04.109+0600][33.968s][info][gc,start    ] GC(18) Concurrent thread roots
[2026-04-03T02:31:04.109+0600][33.968s][info][gc,task     ] GC(18) Using 3 of 6 workers for Concurrent thread roots
[2026-04-03T02:31:04.110+0600][33.970s][info][gc          ] GC(18) Concurrent thread roots 1.660ms
[2026-04-03T02:31:04.110+0600][33.970s][info][gc,start    ] GC(18) Concurrent weak references
[2026-04-03T02:31:04.110+0600][33.970s][info][gc,task     ] GC(18) Using 3 of 6 workers for concurrent weak references
[2026-04-03T02:31:04.111+0600][33.971s][info][gc,ref      ] GC(18) Encountered references: Soft: 3857, Weak: 15100, Final: 84, Phantom: 633
[2026-04-03T02:31:04.111+0600][33.971s][info][gc,ref      ] GC(18) Discovered  references: Soft: 0, Weak: 8617, Final: 84, Phantom: 591
[2026-04-03T02:31:04.111+0600][33.971s][info][gc,ref      ] GC(18) Enqueued    references: Soft: 0, Weak: 582, Final: 0, Phantom: 0
[2026-04-03T02:31:04.112+0600][33.971s][info][gc          ] GC(18) Concurrent weak references 1.142ms
[2026-04-03T02:31:04.112+0600][33.971s][info][gc,start    ] GC(18) Concurrent weak roots
[2026-04-03T02:31:04.112+0600][33.971s][info][gc,task     ] GC(18) Using 3 of 6 workers for concurrent weak root
[2026-04-03T02:31:04.117+0600][33.976s][info][gc          ] GC(18) Concurrent weak roots 5.177ms
[2026-04-03T02:31:04.117+0600][33.976s][info][gc,start    ] GC(18) Concurrent cleanup
[2026-04-03T02:31:04.118+0600][33.977s][info][gc          ] GC(18) Concurrent cleanup 713M->232M(1068M) 0.755ms
[2026-04-03T02:31:04.118+0600][33.977s][info][gc,ergo     ] GC(18) Free: 945M, Max: 512K regular, 185M humongous, Frag: 81% external, 0% internal; Reserve: 63570K, Max: 512K
[2026-04-03T02:31:04.118+0600][33.977s][info][gc,start    ] GC(18) Concurrent class unloading
[2026-04-03T02:31:04.118+0600][33.977s][info][gc,task     ] GC(18) Using 3 of 6 workers for concurrent class unloading
[2026-04-03T02:31:04.136+0600][33.995s][info][gc          ] GC(18) Concurrent class unloading 17.959ms
[2026-04-03T02:31:04.136+0600][33.995s][info][gc,start    ] GC(18) Concurrent strong roots
[2026-04-03T02:31:04.136+0600][33.995s][info][gc,task     ] GC(18) Using 3 of 6 workers for concurrent strong root
[2026-04-03T02:31:04.137+0600][33.997s][info][gc          ] GC(18) Concurrent strong roots 1.716ms
[2026-04-03T02:31:04.138+0600][33.997s][info][gc,start    ] GC(18) Concurrent evacuation
[2026-04-03T02:31:04.138+0600][33.997s][info][gc,task     ] GC(18) Using 3 of 6 workers for concurrent evacuation
[2026-04-03T02:31:04.141+0600][34.001s][info][gc          ] GC(18) Concurrent evacuation 3.827ms
[2026-04-03T02:31:04.142+0600][34.001s][info][gc,start    ] GC(18) Pause Init Update Refs
[2026-04-03T02:31:04.142+0600][34.001s][info][gc,ergo     ] GC(18) Pacer for Update Refs. Used: 243M, Free: 941M, Non-Taxable: 96371K, Alloc Tax Rate: 1.1x
[2026-04-03T02:31:04.142+0600][34.001s][info][gc          ] GC(18) Pause Init Update Refs 0.268ms
[2026-04-03T02:31:04.142+0600][34.001s][info][gc,start    ] GC(18) Concurrent update references
[2026-04-03T02:31:04.142+0600][34.001s][info][gc,task     ] GC(18) Using 3 of 6 workers for concurrent reference update
[2026-04-03T02:31:04.199+0600][34.058s][info][gc          ] GC(18) Concurrent update references 56.625ms
[2026-04-03T02:31:04.199+0600][34.058s][info][gc,start    ] GC(18) Concurrent update thread roots
[2026-04-03T02:31:04.203+0600][34.062s][info][gc          ] GC(18) Concurrent update thread roots 3.955ms
[2026-04-03T02:31:04.204+0600][34.063s][info][gc,start    ] GC(18) Pause Final Update Refs
[2026-04-03T02:31:04.204+0600][34.063s][info][gc,task     ] GC(18) Using 6 of 6 workers for final reference update
[2026-04-03T02:31:04.204+0600][34.064s][info][gc          ] GC(18) Pause Final Update Refs 0.170ms
[2026-04-03T02:31:04.204+0600][34.064s][info][gc,start    ] GC(18) Concurrent cleanup
[2026-04-03T02:31:04.205+0600][34.064s][info][gc          ] GC(18) Concurrent cleanup 388M->308M(1068M) 0.529ms
[2026-04-03T02:31:04.205+0600][34.064s][info][gc,ergo     ] Free: 853M, Max: 512K regular, 459M humongous, Frag: 47% external, 0% internal; Reserve: 64000K, Max: 512K
[2026-04-03T02:31:04.205+0600][34.064s][info][gc,stats    ] 
[2026-04-03T02:31:04.205+0600][34.064s][info][gc,stats    ] All times are wall-clock times, except per-root-class counters, that are sum over
[2026-04-03T02:31:04.205+0600][34.064s][info][gc,stats    ] all workers. Dividing the <total> over the root stage time estimates parallelism.
[2026-04-03T02:31:04.205+0600][34.064s][info][gc,stats    ] 
[2026-04-03T02:31:04.205+0600][34.064s][info][gc,stats    ] Concurrent Reset                   1894 us
[2026-04-03T02:31:04.205+0600][34.064s][info][gc,stats    ] Pause Init Mark (G)                 865 us
[2026-04-03T02:31:04.205+0600][34.064s][info][gc,stats    ] Pause Init Mark (N)                 177 us
[2026-04-03T02:31:04.205+0600][34.064s][info][gc,stats    ]   Update Region States               37 us
[2026-04-03T02:31:04.205+0600][34.064s][info][gc,stats    ] Concurrent Mark Roots              2029 us, parallelism: 1.89x
[2026-04-03T02:31:04.205+0600][34.064s][info][gc,stats    ]   CMR: <total>                     3837 us
[2026-04-03T02:31:04.205+0600][34.064s][info][gc,stats    ]   CMR: Thread Roots                3251 us, workers (us): 744, 1260, 1246, ---, ---, ---, 
[2026-04-03T02:31:04.205+0600][34.064s][info][gc,stats    ]   CMR: VM Strong Roots               61 us, workers (us):  28,  31,   2, ---, ---, ---, 
[2026-04-03T02:31:04.205+0600][34.065s][info][gc,stats    ]   CMR: CLDG Roots                   525 us, workers (us): 525, ---, ---, ---, ---, ---, 
[2026-04-03T02:31:04.205+0600][34.065s][info][gc,stats    ] Concurrent Marking                73100 us
[2026-04-03T02:31:04.205+0600][34.065s][info][gc,stats    ] Pause Final Mark (G)                879 us
[2026-04-03T02:31:04.205+0600][34.065s][info][gc,stats    ] Pause Final Mark (N)                712 us
[2026-04-03T02:31:04.205+0600][34.065s][info][gc,stats    ]   Finish Mark                       263 us
[2026-04-03T02:31:04.205+0600][34.065s][info][gc,stats    ]   Update Region States               44 us
[2026-04-03T02:31:04.205+0600][34.065s][info][gc,stats    ]   Choose Collection Set             188 us
[2026-04-03T02:31:04.205+0600][34.065s][info][gc,stats    ]   Rebuild Free Set                   40 us
[2026-04-03T02:31:04.205+0600][34.065s][info][gc,stats    ] Concurrent Thread Roots            1725 us, parallelism: 2.43x
[2026-04-03T02:31:04.205+0600][34.065s][info][gc,stats    ]   CTR: <total>                     4197 us
[2026-04-03T02:31:04.205+0600][34.065s][info][gc,stats    ]   CTR: Thread Roots                4197 us, workers (us): 1380, 1404, 1413, ---, ---, ---, 
[2026-04-03T02:31:04.205+0600][34.065s][info][gc,stats    ] Concurrent Weak References         1151 us, parallelism: 1.10x
[2026-04-03T02:31:04.205+0600][34.065s][info][gc,stats    ]   CWRF: <total>                    1268 us
[2026-04-03T02:31:04.205+0600][34.065s][info][gc,stats    ]   CWRF: Weak References            1268 us, workers (us): 979, 234,  55, ---, ---, ---, 
[2026-04-03T02:31:04.205+0600][34.065s][info][gc,stats    ] Concurrent Weak Roots              5271 us
[2026-04-03T02:31:04.205+0600][34.065s][info][gc,stats    ]   Roots                            4742 us, parallelism: 2.72x
[2026-04-03T02:31:04.205+0600][34.065s][info][gc,stats    ]     CWR: <total>                  12884 us
[2026-04-03T02:31:04.205+0600][34.065s][info][gc,stats    ]     CWR: Code Cache Roots          9140 us, workers (us): 3143, 2883, 3114, ---, ---, ---, 
[2026-04-03T02:31:04.205+0600][34.065s][info][gc,stats    ]     CWR: VM Weak Roots             3577 us, workers (us): 1204, 1194, 1180, ---, ---, ---, 
[2026-04-03T02:31:04.205+0600][34.065s][info][gc,stats    ]     CWR: CLDG Roots                 166 us, workers (us): ---, 166, ---, ---, ---, ---, 
[2026-04-03T02:31:04.205+0600][34.065s][info][gc,stats    ]   Rendezvous                        385 us
[2026-04-03T02:31:04.205+0600][34.065s][info][gc,stats    ] Concurrent Cleanup                  797 us
[2026-04-03T02:31:04.205+0600][34.065s][info][gc,stats    ] Concurrent Class Unloading        18087 us
[2026-04-03T02:31:04.205+0600][34.065s][info][gc,stats    ]   Unlink Stale                    15504 us
[2026-04-03T02:31:04.205+0600][34.065s][info][gc,stats    ]     System Dictionary               267 us
[2026-04-03T02:31:04.205+0600][34.065s][info][gc,stats    ]     Weak Class Links                  0 us
[2026-04-03T02:31:04.206+0600][34.065s][info][gc,stats    ]     Code Roots                    15232 us
[2026-04-03T02:31:04.206+0600][34.065s][info][gc,stats    ]   Rendezvous                        431 us
[2026-04-03T02:31:04.206+0600][34.065s][info][gc,stats    ]   Purge Unlinked                   1962 us
[2026-04-03T02:31:04.206+0600][34.065s][info][gc,stats    ]     Code Roots                     1945 us
[2026-04-03T02:31:04.206+0600][34.065s][info][gc,stats    ]     CLDG                             16 us
[2026-04-03T02:31:04.206+0600][34.065s][info][gc,stats    ]     Exception Caches                  0 us
[2026-04-03T02:31:04.206+0600][34.065s][info][gc,stats    ] Concurrent Strong Roots            1770 us, parallelism: 0.76x
[2026-04-03T02:31:04.206+0600][34.065s][info][gc,stats    ]   CSR: <total>                     1354 us
[2026-04-03T02:31:04.206+0600][34.065s][info][gc,stats    ]   CSR: VM Strong Roots              104 us, workers (us):  43,  40,  20, ---, ---, ---, 
[2026-04-03T02:31:04.206+0600][34.065s][info][gc,stats    ]   CSR: CLDG Roots                  1249 us, workers (us): 1249, ---, ---, ---, ---, ---, 
[2026-04-03T02:31:04.206+0600][34.065s][info][gc,stats    ] Concurrent Evacuation              3950 us
[2026-04-03T02:31:04.206+0600][34.065s][info][gc,stats    ] Pause Init Update Refs (G)          538 us
[2026-04-03T02:31:04.206+0600][34.065s][info][gc,stats    ] Pause Init Update Refs (N)          287 us
[2026-04-03T02:31:04.206+0600][34.065s][info][gc,stats    ]   Manage GCLABs                      51 us
[2026-04-03T02:31:04.206+0600][34.065s][info][gc,stats    ] Concurrent Update Refs            56877 us
[2026-04-03T02:31:04.206+0600][34.065s][info][gc,stats    ] Concurrent Update Thread Roots     4176 us
[2026-04-03T02:31:04.206+0600][34.065s][info][gc,stats    ] Pause Final Update Refs (G)        1239 us
[2026-04-03T02:31:04.206+0600][34.065s][info][gc,stats    ] Pause Final Update Refs (N)         184 us
[2026-04-03T02:31:04.206+0600][34.065s][info][gc,stats    ]   Update Region States               52 us
[2026-04-03T02:31:04.206+0600][34.065s][info][gc,stats    ]   Trash Collection Set               15 us
[2026-04-03T02:31:04.206+0600][34.065s][info][gc,stats    ]   Rebuild Free Set                   41 us
[2026-04-03T02:31:04.206+0600][34.065s][info][gc,stats    ] Concurrent Cleanup                  552 us
[2026-04-03T02:31:04.206+0600][34.065s][info][gc,stats    ] 
[2026-04-03T02:31:04.206+0600][34.065s][info][gc,stats    ] Allocation pacing accrued:
[2026-04-03T02:31:04.206+0600][34.065s][info][gc,stats    ]       0 of   480 ms (  0.0%): <total>
[2026-04-03T02:31:04.206+0600][34.065s][info][gc,stats    ]       0 of   480 ms (  0.0%): <average total>
[2026-04-03T02:31:04.206+0600][34.065s][info][gc,stats    ] 
[2026-04-03T02:31:04.206+0600][34.065s][info][gc,metaspace] Metaspace: 129958K(131136K)->129981K(131200K) NonClass: 113560K(114176K)->113583K(114240K) Class: 16397K(16960K)->16398K(16960K)
[2026-04-03T02:31:04.206+0600][34.065s][info][gc,ergo     ] Pacer for Idle. Initial: 25600K, Alloc Tax Rate: 1.0x
[2026-04-03T02:31:04.910+0600][34.770s][info][gc          ] Trigger: Average GC time (208.37 ms) is above the time for average allocation rate (920 MB/s) to deplete free headroom (150M) (margin of error = 1.84)
[2026-04-03T02:31:04.910+0600][34.770s][info][gc,ergo     ] Free headroom: 213M (free) - 64000K (spike) - 0B (penalties) = 150M
[2026-04-03T02:31:04.910+0600][34.770s][info][gc,ergo     ] Free: 213M, Max: 512K regular, 213M humongous, Frag: 0% external, 1% internal; Reserve: 64000K, Max: 512K
[2026-04-03T02:31:04.910+0600][34.770s][info][gc,start    ] GC(19) Concurrent reset
[2026-04-03T02:31:04.910+0600][34.770s][info][gc,task     ] GC(19) Using 3 of 6 workers for concurrent reset
[2026-04-03T02:31:04.910+0600][34.770s][info][gc,ergo     ] GC(19) Pacer for Reset. Non-Taxable: 1250M
[2026-04-03T02:31:04.912+0600][34.771s][info][gc          ] GC(19) Concurrent reset 1.180ms
[2026-04-03T02:31:04.912+0600][34.772s][info][gc,start    ] GC(19) Pause Init Mark (unload classes)
[2026-04-03T02:31:04.912+0600][34.772s][info][gc,task     ] GC(19) Using 6 of 6 workers for init marking
[2026-04-03T02:31:04.912+0600][34.772s][info][gc,ergo     ] GC(19) Pacer for Mark. Expected Live: 89026K, Free: 210M, Non-Taxable: 21577K, Alloc Tax Rate: 0.5x
[2026-04-03T02:31:04.912+0600][34.772s][info][gc          ] GC(19) Pause Init Mark (unload classes) 0.140ms
[2026-04-03T02:31:04.912+0600][34.772s][info][gc,start    ] GC(19) Concurrent marking roots
[2026-04-03T02:31:04.912+0600][34.772s][info][gc,task     ] GC(19) Using 3 of 6 workers for concurrent marking roots
[2026-04-03T02:31:04.915+0600][34.774s][info][gc          ] GC(19) Concurrent marking roots 2.058ms
[2026-04-03T02:31:04.915+0600][34.774s][info][gc,start    ] GC(19) Concurrent marking (unload classes)
[2026-04-03T02:31:04.915+0600][34.774s][info][gc,task     ] GC(19) Using 3 of 6 workers for concurrent marking
[2026-04-03T02:31:04.977+0600][34.836s][info][gc          ] GC(19) Concurrent marking (unload classes) 62.117ms
[2026-04-03T02:31:04.977+0600][34.836s][info][gc,start    ] GC(19) Pause Final Mark (unload classes)
[2026-04-03T02:31:04.977+0600][34.836s][info][gc,task     ] GC(19) Using 6 of 6 workers for final marking
[2026-04-03T02:31:04.978+0600][34.837s][info][gc,ergo     ] GC(19) Adaptive CSet Selection. Target Free: 177M, Actual Free: 829M, Max CSet: 53333K, Min Garbage: 0B
[2026-04-03T02:31:04.978+0600][34.837s][info][gc,ergo     ] GC(19) Collectable Garbage: 802M (99%), Immediate: 589M (72%), CSet: 212M (26%)
[2026-04-03T02:31:04.978+0600][34.837s][info][gc,ergo     ] GC(19) Pacer for Evacuation. Used CSet: 222M, Free: 844M, Non-Taxable: 86457K, Alloc Tax Rate: 1.1x
[2026-04-03T02:31:04.978+0600][34.837s][info][gc          ] GC(19) Pause Final Mark (unload classes) 0.867ms
[2026-04-03T02:31:04.978+0600][34.837s][info][gc,start    ] GC(19) Concurrent thread roots
[2026-04-03T02:31:04.978+0600][34.837s][info][gc,task     ] GC(19) Using 3 of 6 workers for Concurrent thread roots
[2026-04-03T02:31:04.979+0600][34.839s][info][gc          ] GC(19) Concurrent thread roots 1.434ms
[2026-04-03T02:31:04.979+0600][34.839s][info][gc,start    ] GC(19) Concurrent weak references
[2026-04-03T02:31:04.980+0600][34.839s][info][gc,task     ] GC(19) Using 3 of 6 workers for concurrent weak references
[2026-04-03T02:31:04.981+0600][34.840s][info][gc,ref      ] GC(19) Encountered references: Soft: 3860, Weak: 15318, Final: 84, Phantom: 621
[2026-04-03T02:31:04.981+0600][34.840s][info][gc,ref      ] GC(19) Discovered  references: Soft: 0, Weak: 8256, Final: 0, Phantom: 579
[2026-04-03T02:31:04.981+0600][34.840s][info][gc,ref      ] GC(19) Enqueued    references: Soft: 0, Weak: 609, Final: 0, Phantom: 0
[2026-04-03T02:31:04.981+0600][34.840s][info][gc          ] GC(19) Concurrent weak references 1.266ms
[2026-04-03T02:31:04.981+0600][34.840s][info][gc,start    ] GC(19) Concurrent weak roots
[2026-04-03T02:31:04.981+0600][34.840s][info][gc,task     ] GC(19) Using 3 of 6 workers for concurrent weak root
[2026-04-03T02:31:04.988+0600][34.847s][info][gc          ] GC(19) Concurrent weak roots 6.745ms
[2026-04-03T02:31:04.988+0600][34.847s][info][gc,start    ] GC(19) Concurrent cleanup
[2026-04-03T02:31:04.989+0600][34.848s][info][gc          ] GC(19) Concurrent cleanup 939M->351M(1068M) 0.898ms
[2026-04-03T02:31:04.989+0600][34.848s][info][gc,ergo     ] GC(19) Free: 829M, Max: 512K regular, 163M humongous, Frag: 81% external, 0% internal; Reserve: 62883K, Max: 512K
[2026-04-03T02:31:04.989+0600][34.848s][info][gc,start    ] GC(19) Concurrent class unloading
[2026-04-03T02:31:04.989+0600][34.848s][info][gc,task     ] GC(19) Using 3 of 6 workers for concurrent class unloading
[2026-04-03T02:31:05.016+0600][34.875s][info][gc          ] GC(19) Concurrent class unloading 27.106ms
[2026-04-03T02:31:05.016+0600][34.875s][info][gc,start    ] GC(19) Concurrent strong roots
[2026-04-03T02:31:05.016+0600][34.875s][info][gc,task     ] GC(19) Using 3 of 6 workers for concurrent strong root
[2026-04-03T02:31:05.018+0600][34.877s][info][gc          ] GC(19) Concurrent strong roots 2.199ms
[2026-04-03T02:31:05.019+0600][34.878s][info][gc,start    ] GC(19) Concurrent evacuation
[2026-04-03T02:31:05.019+0600][34.878s][info][gc,task     ] GC(19) Using 3 of 6 workers for concurrent evacuation
[2026-04-03T02:31:05.034+0600][34.894s][info][gc          ] GC(19) Concurrent evacuation 15.818ms
[2026-04-03T02:31:05.035+0600][34.894s][info][gc,start    ] GC(19) Pause Init Update Refs
[2026-04-03T02:31:05.035+0600][34.894s][info][gc,ergo     ] GC(19) Pacer for Update Refs. Used: 384M, Free: 803M, Non-Taxable: 82309K, Alloc Tax Rate: 1.1x
[2026-04-03T02:31:05.035+0600][34.894s][info][gc          ] GC(19) Pause Init Update Refs 0.244ms
[2026-04-03T02:31:05.039+0600][34.898s][info][gc,start    ] GC(19) Concurrent update references
[2026-04-03T02:31:05.039+0600][34.898s][info][gc,task     ] GC(19) Using 3 of 6 workers for concurrent reference update
[2026-04-03T02:31:05.092+0600][34.951s][info][gc          ] GC(19) Concurrent update references 52.779ms
[2026-04-03T02:31:05.092+0600][34.951s][info][gc,start    ] GC(19) Concurrent update thread roots
[2026-04-03T02:31:05.095+0600][34.954s][info][gc          ] GC(19) Concurrent update thread roots 3.093ms
[2026-04-03T02:31:05.095+0600][34.954s][info][gc,start    ] GC(19) Pause Final Update Refs
[2026-04-03T02:31:05.095+0600][34.954s][info][gc,task     ] GC(19) Using 6 of 6 workers for final reference update
[2026-04-03T02:31:05.095+0600][34.954s][info][gc          ] GC(19) Pause Final Update Refs 0.153ms
[2026-04-03T02:31:05.095+0600][34.954s][info][gc,start    ] GC(19) Concurrent cleanup
[2026-04-03T02:31:05.096+0600][34.955s][info][gc          ] GC(19) Concurrent cleanup 422M->200M(1070M) 0.579ms
[2026-04-03T02:31:05.096+0600][34.955s][info][gc,ergo     ] Free: 972M, Max: 512K regular, 524M humongous, Frag: 47% external, 0% internal; Reserve: 64000K, Max: 512K
[2026-04-03T02:31:05.096+0600][34.955s][info][gc,stats    ] 
[2026-04-03T02:31:05.096+0600][34.955s][info][gc,stats    ] All times are wall-clock times, except per-root-class counters, that are sum over
[2026-04-03T02:31:05.096+0600][34.955s][info][gc,stats    ] all workers. Dividing the <total> over the root stage time estimates parallelism.
[2026-04-03T02:31:05.096+0600][34.955s][info][gc,stats    ] 
[2026-04-03T02:31:05.096+0600][34.955s][info][gc,stats    ] Concurrent Reset                   1282 us
[2026-04-03T02:31:05.096+0600][34.955s][info][gc,stats    ] Pause Init Mark (G)                 736 us
[2026-04-03T02:31:05.096+0600][34.955s][info][gc,stats    ] Pause Init Mark (N)                 150 us
[2026-04-03T02:31:05.096+0600][34.955s][info][gc,stats    ]   Update Region States               30 us
[2026-04-03T02:31:05.096+0600][34.955s][info][gc,stats    ] Concurrent Mark Roots              2130 us, parallelism: 1.64x
[2026-04-03T02:31:05.096+0600][34.955s][info][gc,stats    ]   CMR: <total>                     3494 us
[2026-04-03T02:31:05.096+0600][34.955s][info][gc,stats    ]   CMR: Thread Roots                2932 us, workers (us): 1010, 1472, 450, ---, ---, ---, 
[2026-04-03T02:31:05.096+0600][34.955s][info][gc,stats    ]   CMR: VM Strong Roots               72 us, workers (us):  39,  32,   1, ---, ---, ---, 
[2026-04-03T02:31:05.096+0600][34.955s][info][gc,stats    ]   CMR: CLDG Roots                   490 us, workers (us): 490, ---, ---, ---, ---, ---, 
[2026-04-03T02:31:05.096+0600][34.955s][info][gc,stats    ] Concurrent Marking                62201 us
[2026-04-03T02:31:05.096+0600][34.955s][info][gc,stats    ] Pause Final Mark (G)               1139 us
[2026-04-03T02:31:05.096+0600][34.955s][info][gc,stats    ] Pause Final Mark (N)                884 us
[2026-04-03T02:31:05.096+0600][34.955s][info][gc,stats    ]   Finish Mark                       276 us
[2026-04-03T02:31:05.096+0600][34.955s][info][gc,stats    ]   Update Region States               79 us
[2026-04-03T02:31:05.096+0600][34.955s][info][gc,stats    ]   Choose Collection Set             287 us
[2026-04-03T02:31:05.096+0600][34.956s][info][gc,stats    ]   Rebuild Free Set                   39 us
[2026-04-03T02:31:05.096+0600][34.956s][info][gc,stats    ] Concurrent Thread Roots            1522 us, parallelism: 2.45x
[2026-04-03T02:31:05.096+0600][34.956s][info][gc,stats    ]   CTR: <total>                     3737 us
[2026-04-03T02:31:05.096+0600][34.956s][info][gc,stats    ]   CTR: Thread Roots                3737 us, workers (us): 1268, 1275, 1194, ---, ---, ---, 
[2026-04-03T02:31:05.096+0600][34.956s][info][gc,stats    ] Concurrent Weak References         1281 us, parallelism: 1.00x
[2026-04-03T02:31:05.096+0600][34.956s][info][gc,stats    ]   CWRF: <total>                    1276 us
[2026-04-03T02:31:05.096+0600][34.956s][info][gc,stats    ]   CWRF: Weak References            1276 us, workers (us): 428, 848,   0, ---, ---, ---, 
[2026-04-03T02:31:05.096+0600][34.956s][info][gc,stats    ] Concurrent Weak Roots              6835 us
[2026-04-03T02:31:05.096+0600][34.956s][info][gc,stats    ]   Roots                            6239 us, parallelism: 2.49x
[2026-04-03T02:31:05.096+0600][34.956s][info][gc,stats    ]     CWR: <total>                  15510 us
[2026-04-03T02:31:05.096+0600][34.956s][info][gc,stats    ]     CWR: Code Cache Roots         11143 us, workers (us): 3836, 3488, 3820, ---, ---, ---, 
[2026-04-03T02:31:05.096+0600][34.956s][info][gc,stats    ]     CWR: VM Weak Roots             4123 us, workers (us): 1995, 1718, 410, ---, ---, ---, 
[2026-04-03T02:31:05.096+0600][34.956s][info][gc,stats    ]     CWR: CLDG Roots                 243 us, workers (us): ---, 243, ---, ---, ---, ---, 
[2026-04-03T02:31:05.096+0600][34.956s][info][gc,stats    ]   Rendezvous                        468 us
[2026-04-03T02:31:05.096+0600][34.956s][info][gc,stats    ] Concurrent Cleanup                  960 us
[2026-04-03T02:31:05.096+0600][34.956s][info][gc,stats    ] Concurrent Class Unloading        27241 us
[2026-04-03T02:31:05.096+0600][34.956s][info][gc,stats    ]   Unlink Stale                    20788 us
[2026-04-03T02:31:05.096+0600][34.956s][info][gc,stats    ]     System Dictionary               316 us
[2026-04-03T02:31:05.096+0600][34.956s][info][gc,stats    ]     Weak Class Links                  0 us
[2026-04-03T02:31:05.096+0600][34.956s][info][gc,stats    ]     Code Roots                    20469 us
[2026-04-03T02:31:05.096+0600][34.956s][info][gc,stats    ]   Rendezvous                        448 us
[2026-04-03T02:31:05.096+0600][34.956s][info][gc,stats    ]   Purge Unlinked                   5807 us
[2026-04-03T02:31:05.097+0600][34.956s][info][gc,stats    ]     Code Roots                     5767 us
[2026-04-03T02:31:05.097+0600][34.956s][info][gc,stats    ]     CLDG                             39 us
[2026-04-03T02:31:05.097+0600][34.956s][info][gc,stats    ]     Exception Caches                  1 us
[2026-04-03T02:31:05.097+0600][34.956s][info][gc,stats    ] Concurrent Strong Roots            2655 us, parallelism: 0.63x
[2026-04-03T02:31:05.097+0600][34.956s][info][gc,stats    ]   CSR: <total>                     1682 us
[2026-04-03T02:31:05.097+0600][34.956s][info][gc,stats    ]   CSR: VM Strong Roots              127 us, workers (us): 124,   3,   0, ---, ---, ---, 
[2026-04-03T02:31:05.097+0600][34.956s][info][gc,stats    ]   CSR: CLDG Roots                  1555 us, workers (us): 1555, ---, ---, ---, ---, ---, 
[2026-04-03T02:31:05.097+0600][34.956s][info][gc,stats    ] Concurrent Evacuation             15939 us
[2026-04-03T02:31:05.097+0600][34.956s][info][gc,stats    ] Pause Init Update Refs (G)         4232 us
[2026-04-03T02:31:05.097+0600][34.956s][info][gc,stats    ] Pause Init Update Refs (N)          269 us
[2026-04-03T02:31:05.097+0600][34.956s][info][gc,stats    ]   Manage GCLABs                     101 us
[2026-04-03T02:31:05.097+0600][34.956s][info][gc,stats    ] Concurrent Update Refs            52897 us
[2026-04-03T02:31:05.097+0600][34.956s][info][gc,stats    ] Concurrent Update Thread Roots     3187 us
[2026-04-03T02:31:05.097+0600][34.956s][info][gc,stats    ] Pause Final Update Refs (G)         359 us
[2026-04-03T02:31:05.097+0600][34.956s][info][gc,stats    ] Pause Final Update Refs (N)         167 us
[2026-04-03T02:31:05.097+0600][34.956s][info][gc,stats    ]   Update Region States               54 us
[2026-04-03T02:31:05.097+0600][34.956s][info][gc,stats    ]   Trash Collection Set               19 us
[2026-04-03T02:31:05.097+0600][34.956s][info][gc,stats    ]   Rebuild Free Set                   43 us
[2026-04-03T02:31:05.097+0600][34.956s][info][gc,stats    ] Concurrent Cleanup                  605 us
[2026-04-03T02:31:05.097+0600][34.956s][info][gc,stats    ] Pacing                            41463 us
[2026-04-03T02:31:05.097+0600][34.956s][info][gc,stats    ] 
[2026-04-03T02:31:05.097+0600][34.956s][info][gc,stats    ] Allocation pacing accrued:
[2026-04-03T02:31:05.097+0600][34.956s][info][gc,stats    ]       5 of   891 ms (  0.6%): Executor task launch worker for task 4.0 in stage 487.0 (TID 1013)
[2026-04-03T02:31:05.097+0600][34.956s][info][gc,stats    ]       8 of   891 ms (  0.9%): Executor task launch worker for task 7.0 in stage 487.0 (TID 1016)
[2026-04-03T02:31:05.097+0600][34.956s][info][gc,stats    ]       8 of   891 ms (  0.9%): Executor task launch worker for task 1.0 in stage 487.0 (TID 1010)
[2026-04-03T02:31:05.097+0600][34.956s][info][gc,stats    ]       5 of   891 ms (  0.6%): Executor task launch worker for task 2.0 in stage 487.0 (TID 1011)
[2026-04-03T02:31:05.097+0600][34.956s][info][gc,stats    ]       8 of   891 ms (  0.8%): Executor task launch worker for task 3.0 in stage 487.0 (TID 1012)
[2026-04-03T02:31:05.097+0600][34.956s][info][gc,stats    ]       8 of   891 ms (  0.9%): Executor task launch worker for task 0.0 in stage 487.0 (TID 1009)
[2026-04-03T02:31:05.097+0600][34.956s][info][gc,stats    ]      41 of   891 ms (  4.7%): <total>
[2026-04-03T02:31:05.097+0600][34.956s][info][gc,stats    ]       0 of   891 ms (  0.0%): <average total>
[2026-04-03T02:31:05.097+0600][34.956s][info][gc,stats    ]       7 of   891 ms (  0.8%): <average non-zero>
[2026-04-03T02:31:05.097+0600][34.956s][info][gc,stats    ] 
[2026-04-03T02:31:05.097+0600][34.956s][info][gc,metaspace] Metaspace: 130048K(131264K)->130059K(131264K) NonClass: 113648K(114304K)->113658K(114304K) Class: 16399K(16960K)->16400K(16960K)
[2026-04-03T02:31:05.097+0600][34.956s][info][gc,ergo     ] Pacer for Idle. Initial: 25600K, Alloc Tax Rate: 1.0x
[2026-04-03T02:31:06.033+0600][35.892s][info][gc          ] Trigger: Average GC time (202.12 ms) is above the time for average allocation rate (591 MB/s) to deplete free headroom (118M) (margin of error = 1.84)
[2026-04-03T02:31:06.033+0600][35.892s][info][gc,ergo     ] Free headroom: 181M (free) - 64000K (spike) - 0B (penalties) = 118M
[2026-04-03T02:31:06.033+0600][35.892s][info][gc,ergo     ] Free: 181M, Max: 512K regular, 164M humongous, Frag: 10% external, 0% internal; Reserve: 64000K, Max: 512K
[2026-04-03T02:31:06.033+0600][35.892s][info][gc,start    ] GC(20) Concurrent reset
[2026-04-03T02:31:06.033+0600][35.892s][info][gc,task     ] GC(20) Using 3 of 6 workers for concurrent reset
[2026-04-03T02:31:06.033+0600][35.892s][info][gc,ergo     ] GC(20) Pacer for Reset. Non-Taxable: 1250M
[2026-04-03T02:31:06.034+0600][35.893s][info][gc          ] GC(20) Concurrent reset 1.027ms
[2026-04-03T02:31:06.034+0600][35.894s][info][gc,start    ] GC(20) Pause Init Mark (unload classes)
[2026-04-03T02:31:06.034+0600][35.894s][info][gc,task     ] GC(20) Using 6 of 6 workers for init marking
[2026-04-03T02:31:06.035+0600][35.894s][info][gc,ergo     ] GC(20) Pacer for Mark. Expected Live: 89666K, Free: 180M, Non-Taxable: 18515K, Alloc Tax Rate: 0.6x
[2026-04-03T02:31:06.035+0600][35.894s][info][gc          ] GC(20) Pause Init Mark (unload classes) 0.130ms
[2026-04-03T02:31:06.035+0600][35.894s][info][gc,start    ] GC(20) Concurrent marking roots
[2026-04-03T02:31:06.035+0600][35.894s][info][gc,task     ] GC(20) Using 3 of 6 workers for concurrent marking roots
[2026-04-03T02:31:06.036+0600][35.895s][info][gc          ] GC(20) Concurrent marking roots 1.005ms
[2026-04-03T02:31:06.036+0600][35.895s][info][gc,start    ] GC(20) Concurrent marking (unload classes)
[2026-04-03T02:31:06.036+0600][35.895s][info][gc,task     ] GC(20) Using 3 of 6 workers for concurrent marking
[2026-04-03T02:31:06.070+0600][35.930s][info][gc          ] GC(20) Concurrent marking (unload classes) 34.673ms
[2026-04-03T02:31:06.071+0600][35.930s][info][gc,start    ] GC(20) Pause Final Mark (unload classes)
[2026-04-03T02:31:06.071+0600][35.930s][info][gc,task     ] GC(20) Using 6 of 6 workers for final marking
[2026-04-03T02:31:06.071+0600][35.930s][info][gc,ergo     ] GC(20) Adaptive CSet Selection. Target Free: 177M, Actual Free: 920M, Max CSet: 53333K, Min Garbage: 0B
[2026-04-03T02:31:06.071+0600][35.930s][info][gc,ergo     ] GC(20) Collectable Garbage: 825M (99%), Immediate: 692M (83%), CSet: 132M (15%)
[2026-04-03T02:31:06.071+0600][35.931s][info][gc,ergo     ] GC(20) Pacer for Evacuation. Used CSet: 138M, Free: 944M, Non-Taxable: 96756K, Alloc Tax Rate: 1.1x
[2026-04-03T02:31:06.071+0600][35.931s][info][gc          ] GC(20) Pause Final Mark (unload classes) 0.598ms
[2026-04-03T02:31:06.071+0600][35.931s][info][gc,start    ] GC(20) Concurrent thread roots
[2026-04-03T02:31:06.071+0600][35.931s][info][gc,task     ] GC(20) Using 3 of 6 workers for Concurrent thread roots
[2026-04-03T02:31:06.073+0600][35.932s][info][gc          ] GC(20) Concurrent thread roots 1.055ms
[2026-04-03T02:31:06.073+0600][35.932s][info][gc,start    ] GC(20) Concurrent weak references
[2026-04-03T02:31:06.073+0600][35.932s][info][gc,task     ] GC(20) Using 3 of 6 workers for concurrent weak references
[2026-04-03T02:31:06.073+0600][35.933s][info][gc,ref      ] GC(20) Encountered references: Soft: 3864, Weak: 16098, Final: 84, Phantom: 621
[2026-04-03T02:31:06.073+0600][35.933s][info][gc,ref      ] GC(20) Discovered  references: Soft: 0, Weak: 9932, Final: 52, Phantom: 581
[2026-04-03T02:31:06.073+0600][35.933s][info][gc,ref      ] GC(20) Enqueued    references: Soft: 0, Weak: 1664, Final: 0, Phantom: 0
[2026-04-03T02:31:06.073+0600][35.933s][info][gc          ] GC(20) Concurrent weak references 0.855ms
[2026-04-03T02:31:06.073+0600][35.933s][info][gc,start    ] GC(20) Concurrent weak roots
[2026-04-03T02:31:06.073+0600][35.933s][info][gc,task     ] GC(20) Using 3 of 6 workers for concurrent weak root
[2026-04-03T02:31:06.077+0600][35.937s][info][gc          ] GC(20) Concurrent weak roots 3.974ms
[2026-04-03T02:31:06.077+0600][35.937s][info][gc,start    ] GC(20) Concurrent cleanup
[2026-04-03T02:31:06.078+0600][35.937s][info][gc          ] GC(20) Concurrent cleanup 934M->242M(1070M) 0.724ms
[2026-04-03T02:31:06.078+0600][35.938s][info][gc,ergo     ] GC(20) Free: 943M, Max: 512K regular, 163M humongous, Frag: 83% external, 0% internal; Reserve: 63657K, Max: 512K
[2026-04-03T02:31:06.078+0600][35.938s][info][gc,start    ] GC(20) Concurrent class unloading
[2026-04-03T02:31:06.078+0600][35.938s][info][gc,task     ] GC(20) Using 3 of 6 workers for concurrent class unloading
[2026-04-03T02:31:06.094+0600][35.953s][info][gc          ] GC(20) Concurrent class unloading 15.616ms
[2026-04-03T02:31:06.094+0600][35.953s][info][gc,start    ] GC(20) Concurrent strong roots
[2026-04-03T02:31:06.094+0600][35.953s][info][gc,task     ] GC(20) Using 3 of 6 workers for concurrent strong root
[2026-04-03T02:31:06.095+0600][35.954s][info][gc          ] GC(20) Concurrent strong roots 0.918ms
[2026-04-03T02:31:06.095+0600][35.954s][info][gc,start    ] GC(20) Concurrent evacuation
[2026-04-03T02:31:06.095+0600][35.954s][info][gc,task     ] GC(20) Using 3 of 6 workers for concurrent evacuation
[2026-04-03T02:31:06.097+0600][35.957s][info][gc          ] GC(20) Concurrent evacuation 2.485ms
[2026-04-03T02:31:06.098+0600][35.957s][info][gc,start    ] GC(20) Pause Init Update Refs
[2026-04-03T02:31:06.098+0600][35.957s][info][gc,ergo     ] GC(20) Pacer for Update Refs. Used: 255M, Free: 936M, Non-Taxable: 95867K, Alloc Tax Rate: 1.1x
[2026-04-03T02:31:06.098+0600][35.957s][info][gc          ] GC(20) Pause Init Update Refs 0.111ms
[2026-04-03T02:31:06.098+0600][35.957s][info][gc,start    ] GC(20) Concurrent update references
[2026-04-03T02:31:06.098+0600][35.957s][info][gc,task     ] GC(20) Using 3 of 6 workers for concurrent reference update
[2026-04-03T02:31:06.130+0600][35.989s][info][gc          ] GC(20) Concurrent update references 32.059ms
[2026-04-03T02:31:06.130+0600][35.989s][info][gc,start    ] GC(20) Concurrent update thread roots
[2026-04-03T02:31:06.132+0600][35.991s][info][gc          ] GC(20) Concurrent update thread roots 1.657ms
[2026-04-03T02:31:06.132+0600][35.991s][info][gc,start    ] GC(20) Pause Final Update Refs
[2026-04-03T02:31:06.132+0600][35.991s][info][gc,task     ] GC(20) Using 6 of 6 workers for final reference update
[2026-04-03T02:31:06.132+0600][35.991s][info][gc          ] GC(20) Pause Final Update Refs 0.142ms
[2026-04-03T02:31:06.132+0600][35.992s][info][gc,start    ] GC(20) Concurrent cleanup
[2026-04-03T02:31:06.133+0600][35.992s][info][gc          ] GC(20) Concurrent cleanup 265M->127M(1070M) 0.509ms
[2026-04-03T02:31:06.133+0600][35.992s][info][gc,ergo     ] Free: 1058M, Max: 512K regular, 508M humongous, Frag: 52% external, 0% internal; Reserve: 64000K, Max: 512K
[2026-04-03T02:31:06.133+0600][35.992s][info][gc,stats    ] 
[2026-04-03T02:31:06.133+0600][35.992s][info][gc,stats    ] All times are wall-clock times, except per-root-class counters, that are sum over
[2026-04-03T02:31:06.133+0600][35.992s][info][gc,stats    ] all workers. Dividing the <total> over the root stage time estimates parallelism.
[2026-04-03T02:31:06.133+0600][35.992s][info][gc,stats    ] 
[2026-04-03T02:31:06.133+0600][35.992s][info][gc,stats    ] Concurrent Reset                   1067 us
[2026-04-03T02:31:06.133+0600][35.992s][info][gc,stats    ] Pause Init Mark (G)                 539 us
[2026-04-03T02:31:06.133+0600][35.992s][info][gc,stats    ] Pause Init Mark (N)                 137 us
[2026-04-03T02:31:06.133+0600][35.992s][info][gc,stats    ]   Update Region States               46 us
[2026-04-03T02:31:06.133+0600][35.992s][info][gc,stats    ] Concurrent Mark Roots              1061 us, parallelism: 1.64x
[2026-04-03T02:31:06.133+0600][35.992s][info][gc,stats    ]   CMR: <total>                     1744 us
[2026-04-03T02:31:06.133+0600][35.992s][info][gc,stats    ]   CMR: Thread Roots                1552 us, workers (us): 429, 560, 562, ---, ---, ---, 
[2026-04-03T02:31:06.133+0600][35.992s][info][gc,stats    ]   CMR: VM Strong Roots               31 us, workers (us):  30,   1,   1, ---, ---, ---, 
[2026-04-03T02:31:06.133+0600][35.992s][info][gc,stats    ]   CMR: CLDG Roots                   162 us, workers (us): 162, ---, ---, ---, ---, ---, 
[2026-04-03T02:31:06.133+0600][35.992s][info][gc,stats    ] Concurrent Marking                34738 us
[2026-04-03T02:31:06.133+0600][35.992s][info][gc,stats    ] Pause Final Mark (G)                949 us
[2026-04-03T02:31:06.133+0600][35.992s][info][gc,stats    ] Pause Final Mark (N)                608 us
[2026-04-03T02:31:06.133+0600][35.992s][info][gc,stats    ]   Finish Mark                       206 us
[2026-04-03T02:31:06.133+0600][35.992s][info][gc,stats    ]   Update Region States               42 us
[2026-04-03T02:31:06.133+0600][35.992s][info][gc,stats    ]   Choose Collection Set             166 us
[2026-04-03T02:31:06.133+0600][35.992s][info][gc,stats    ]   Rebuild Free Set                   27 us
[2026-04-03T02:31:06.133+0600][35.992s][info][gc,stats    ] Concurrent Thread Roots            1087 us, parallelism: 2.26x
[2026-04-03T02:31:06.133+0600][35.992s][info][gc,stats    ]   CTR: <total>                     2460 us
[2026-04-03T02:31:06.133+0600][35.992s][info][gc,stats    ]   CTR: Thread Roots                2460 us, workers (us): 839, 833, 789, ---, ---, ---, 
[2026-04-03T02:31:06.133+0600][35.992s][info][gc,stats    ] Concurrent Weak References          867 us, parallelism: 1.53x
[2026-04-03T02:31:06.133+0600][35.992s][info][gc,stats    ]   CWRF: <total>                    1328 us
[2026-04-03T02:31:06.133+0600][35.992s][info][gc,stats    ]   CWRF: Weak References            1328 us, workers (us): 653, 426, 249, ---, ---, ---, 
[2026-04-03T02:31:06.133+0600][35.992s][info][gc,stats    ] Concurrent Weak Roots              4042 us
[2026-04-03T02:31:06.133+0600][35.992s][info][gc,stats    ]   Roots                            3629 us, parallelism: 2.66x
[2026-04-03T02:31:06.133+0600][35.992s][info][gc,stats    ]     CWR: <total>                   9640 us
[2026-04-03T02:31:06.133+0600][35.992s][info][gc,stats    ]     CWR: Code Cache Roots          6830 us, workers (us): 2320, 2406, 2104, ---, ---, ---, 
[2026-04-03T02:31:06.133+0600][35.992s][info][gc,stats    ]     CWR: VM Weak Roots             2619 us, workers (us): 945, 838, 836, ---, ---, ---, 
[2026-04-03T02:31:06.133+0600][35.992s][info][gc,stats    ]     CWR: CLDG Roots                 190 us, workers (us): ---, ---, 190, ---, ---, ---, 
[2026-04-03T02:31:06.133+0600][35.992s][info][gc,stats    ]   Rendezvous                        319 us
[2026-04-03T02:31:06.133+0600][35.992s][info][gc,stats    ] Concurrent Cleanup                  792 us
[2026-04-03T02:31:06.133+0600][35.992s][info][gc,stats    ] Concurrent Class Unloading        15696 us
[2026-04-03T02:31:06.133+0600][35.992s][info][gc,stats    ]   Unlink Stale                    11337 us
[2026-04-03T02:31:06.133+0600][35.992s][info][gc,stats    ]     System Dictionary               185 us
[2026-04-03T02:31:06.133+0600][35.992s][info][gc,stats    ]     Weak Class Links                  0 us
[2026-04-03T02:31:06.133+0600][35.992s][info][gc,stats    ]     Code Roots                    11148 us
[2026-04-03T02:31:06.133+0600][35.992s][info][gc,stats    ]   Rendezvous                        419 us
[2026-04-03T02:31:06.133+0600][35.992s][info][gc,stats    ]   Purge Unlinked                   3833 us
[2026-04-03T02:31:06.133+0600][35.993s][info][gc,stats    ]     Code Roots                     3814 us
[2026-04-03T02:31:06.133+0600][35.993s][info][gc,stats    ]     CLDG                             18 us
[2026-04-03T02:31:06.133+0600][35.993s][info][gc,stats    ]     Exception Caches                  0 us
[2026-04-03T02:31:06.133+0600][35.993s][info][gc,stats    ] Concurrent Strong Roots             953 us, parallelism: 0.62x
[2026-04-03T02:31:06.133+0600][35.993s][info][gc,stats    ]   CSR: <total>                      588 us
[2026-04-03T02:31:06.133+0600][35.993s][info][gc,stats    ]   CSR: VM Strong Roots               32 us, workers (us):  31,   2,   0, ---, ---, ---, 
[2026-04-03T02:31:06.133+0600][35.993s][info][gc,stats    ]   CSR: CLDG Roots                   556 us, workers (us): 556, ---, ---, ---, ---, ---, 
[2026-04-03T02:31:06.133+0600][35.993s][info][gc,stats    ] Concurrent Evacuation              2561 us
[2026-04-03T02:31:06.133+0600][35.993s][info][gc,stats    ] Pause Init Update Refs (G)          504 us
[2026-04-03T02:31:06.133+0600][35.993s][info][gc,stats    ] Pause Init Update Refs (N)          159 us
[2026-04-03T02:31:06.133+0600][35.993s][info][gc,stats    ]   Manage GCLABs                      31 us
[2026-04-03T02:31:06.133+0600][35.993s][info][gc,stats    ] Concurrent Update Refs            32120 us
[2026-04-03T02:31:06.133+0600][35.993s][info][gc,stats    ] Concurrent Update Thread Roots     1711 us
[2026-04-03T02:31:06.133+0600][35.993s][info][gc,stats    ] Pause Final Update Refs (G)         481 us
[2026-04-03T02:31:06.133+0600][35.993s][info][gc,stats    ] Pause Final Update Refs (N)         161 us
[2026-04-03T02:31:06.133+0600][35.993s][info][gc,stats    ]   Update Region States               41 us
[2026-04-03T02:31:06.133+0600][35.993s][info][gc,stats    ]   Trash Collection Set               13 us
[2026-04-03T02:31:06.133+0600][35.993s][info][gc,stats    ]   Rebuild Free Set                   33 us
[2026-04-03T02:31:06.133+0600][35.993s][info][gc,stats    ] Concurrent Cleanup                  527 us
[2026-04-03T02:31:06.133+0600][35.993s][info][gc,stats    ] 
[2026-04-03T02:31:06.133+0600][35.993s][info][gc,stats    ] Allocation pacing accrued:
[2026-04-03T02:31:06.133+0600][35.993s][info][gc,stats    ]       0 of  1037 ms (  0.0%): <total>
[2026-04-03T02:31:06.133+0600][35.993s][info][gc,stats    ]       0 of  1037 ms (  0.0%): <average total>
[2026-04-03T02:31:06.133+0600][35.993s][info][gc,stats    ] 
[2026-04-03T02:31:06.133+0600][35.993s][info][gc,metaspace] Metaspace: 130160K(131328K)->130162K(131328K) NonClass: 113746K(114368K)->113749K(114368K) Class: 16413K(16960K)->16413K(16960K)
[2026-04-03T02:31:06.133+0600][35.993s][info][gc,ergo     ] Pacer for Idle. Initial: 25600K, Alloc Tax Rate: 1.0x
[2026-04-03T02:31:06.881+0600][36.740s][info][gc          ] Trigger: Average GC time (220.21 ms) is above the time for average allocation rate (1065 MB/s) to deplete free headroom (234M) (margin of error = 1.82)
[2026-04-03T02:31:06.881+0600][36.740s][info][gc,ergo     ] Free headroom: 296M (free) - 64000K (spike) - 0B (penalties) = 234M
[2026-04-03T02:31:06.881+0600][36.740s][info][gc,ergo     ] Free: 296M, Max: 512K regular, 164M humongous, Frag: 45% external, 1% internal; Reserve: 64000K, Max: 512K
[2026-04-03T02:31:06.881+0600][36.740s][info][gc,start    ] GC(21) Concurrent reset
[2026-04-03T02:31:06.881+0600][36.740s][info][gc,task     ] GC(21) Using 3 of 6 workers for concurrent reset
[2026-04-03T02:31:06.881+0600][36.740s][info][gc,ergo     ] GC(21) Pacer for Reset. Non-Taxable: 1250M
[2026-04-03T02:31:06.883+0600][36.742s][info][gc          ] GC(21) Concurrent reset 1.610ms
[2026-04-03T02:31:06.883+0600][36.742s][info][gc,start    ] GC(21) Pause Init Mark (unload classes)
[2026-04-03T02:31:06.883+0600][36.742s][info][gc,task     ] GC(21) Using 6 of 6 workers for init marking
[2026-04-03T02:31:06.883+0600][36.742s][info][gc,ergo     ] GC(21) Pacer for Mark. Expected Live: 89686K, Free: 295M, Non-Taxable: 30244K, Alloc Tax Rate: 0.4x
[2026-04-03T02:31:06.883+0600][36.742s][info][gc          ] GC(21) Pause Init Mark (unload classes) 0.103ms
[2026-04-03T02:31:06.883+0600][36.742s][info][gc,start    ] GC(21) Concurrent marking roots
[2026-04-03T02:31:06.883+0600][36.742s][info][gc,task     ] GC(21) Using 3 of 6 workers for concurrent marking roots
[2026-04-03T02:31:06.886+0600][36.745s][info][gc          ] GC(21) Concurrent marking roots 2.647ms
[2026-04-03T02:31:06.886+0600][36.745s][info][gc,start    ] GC(21) Concurrent marking (unload classes)
[2026-04-03T02:31:06.886+0600][36.745s][info][gc,task     ] GC(21) Using 3 of 6 workers for concurrent marking
[2026-04-03T02:31:06.945+0600][36.804s][info][gc          ] GC(21) Concurrent marking (unload classes) 59.068ms
[2026-04-03T02:31:06.945+0600][36.805s][info][gc,start    ] GC(21) Pause Final Mark (unload classes)
[2026-04-03T02:31:06.945+0600][36.805s][info][gc,task     ] GC(21) Using 6 of 6 workers for final marking
[2026-04-03T02:31:06.946+0600][36.805s][info][gc,ergo     ] GC(21) Adaptive CSet Selection. Target Free: 177M, Actual Free: 893M, Max CSet: 53333K, Min Garbage: 0B
[2026-04-03T02:31:06.946+0600][36.805s][info][gc,ergo     ] GC(21) Collectable Garbage: 716M (98%), Immediate: 579M (79%), CSet: 137M (18%)
[2026-04-03T02:31:06.946+0600][36.805s][info][gc,ergo     ] GC(21) Pacer for Evacuation. Used CSet: 142M, Free: 908M, Non-Taxable: 93054K, Alloc Tax Rate: 1.1x
[2026-04-03T02:31:06.946+0600][36.805s][info][gc          ] GC(21) Pause Final Mark (unload classes) 0.881ms
[2026-04-03T02:31:06.946+0600][36.806s][info][gc,start    ] GC(21) Concurrent thread roots
[2026-04-03T02:31:06.946+0600][36.806s][info][gc,task     ] GC(21) Using 3 of 6 workers for Concurrent thread roots
[2026-04-03T02:31:06.947+0600][36.807s][info][gc          ] GC(21) Concurrent thread roots 0.981ms
[2026-04-03T02:31:06.947+0600][36.807s][info][gc,start    ] GC(21) Concurrent weak references
[2026-04-03T02:31:06.947+0600][36.807s][info][gc,task     ] GC(21) Using 3 of 6 workers for concurrent weak references
[2026-04-03T02:31:06.948+0600][36.808s][info][gc,ref      ] GC(21) Encountered references: Soft: 3872, Weak: 15802, Final: 84, Phantom: 621
[2026-04-03T02:31:06.948+0600][36.808s][info][gc,ref      ] GC(21) Discovered  references: Soft: 0, Weak: 9154, Final: 52, Phantom: 578
[2026-04-03T02:31:06.948+0600][36.808s][info][gc,ref      ] GC(21) Enqueued    references: Soft: 0, Weak: 55, Final: 0, Phantom: 0
[2026-04-03T02:31:06.948+0600][36.808s][info][gc          ] GC(21) Concurrent weak references 1.076ms
[2026-04-03T02:31:06.948+0600][36.808s][info][gc,start    ] GC(21) Concurrent weak roots
[2026-04-03T02:31:06.948+0600][36.808s][info][gc,task     ] GC(21) Using 3 of 6 workers for concurrent weak root
[2026-04-03T02:31:06.958+0600][36.817s][info][gc          ] GC(21) Concurrent weak roots 9.375ms
[2026-04-03T02:31:06.958+0600][36.817s][info][gc,start    ] GC(21) Concurrent cleanup
[2026-04-03T02:31:06.959+0600][36.818s][info][gc          ] GC(21) Concurrent cleanup 861M->281M(1070M) 0.896ms
[2026-04-03T02:31:06.959+0600][36.818s][info][gc,ergo     ] GC(21) Free: 899M, Max: 512K regular, 164M humongous, Frag: 82% external, 0% internal; Reserve: 63428K, Max: 512K
[2026-04-03T02:31:06.959+0600][36.818s][info][gc,start    ] GC(21) Concurrent class unloading
[2026-04-03T02:31:06.959+0600][36.818s][info][gc,task     ] GC(21) Using 3 of 6 workers for concurrent class unloading
[2026-04-03T02:31:06.985+0600][36.845s][info][gc          ] GC(21) Concurrent class unloading 26.306ms
[2026-04-03T02:31:06.985+0600][36.845s][info][gc,start    ] GC(21) Concurrent strong roots
[2026-04-03T02:31:06.985+0600][36.845s][info][gc,task     ] GC(21) Using 3 of 6 workers for concurrent strong root
[2026-04-03T02:31:06.987+0600][36.846s][info][gc          ] GC(21) Concurrent strong roots 1.688ms
[2026-04-03T02:31:06.987+0600][36.846s][info][gc,start    ] GC(21) Concurrent evacuation
[2026-04-03T02:31:06.987+0600][36.846s][info][gc,task     ] GC(21) Using 3 of 6 workers for concurrent evacuation
[2026-04-03T02:31:06.992+0600][36.851s][info][gc          ] GC(21) Concurrent evacuation 4.430ms
[2026-04-03T02:31:06.992+0600][36.851s][info][gc,start    ] GC(21) Pause Init Update Refs
[2026-04-03T02:31:06.992+0600][36.851s][info][gc,ergo     ] GC(21) Pacer for Update Refs. Used: 309M, Free: 873M, Non-Taxable: 89446K, Alloc Tax Rate: 1.1x
[2026-04-03T02:31:06.992+0600][36.851s][info][gc          ] GC(21) Pause Init Update Refs 0.142ms
[2026-04-03T02:31:06.992+0600][36.851s][info][gc,start    ] GC(21) Concurrent update references
[2026-04-03T02:31:06.992+0600][36.852s][info][gc,task     ] GC(21) Using 3 of 6 workers for concurrent reference update
[2026-04-03T02:31:07.039+0600][36.898s][info][gc          ] GC(21) Concurrent update references 46.928ms
[2026-04-03T02:31:07.039+0600][36.898s][info][gc,start    ] GC(21) Concurrent update thread roots
[2026-04-03T02:31:07.041+0600][36.901s][info][gc          ] GC(21) Concurrent update thread roots 2.241ms
[2026-04-03T02:31:07.043+0600][36.902s][info][gc,start    ] GC(21) Pause Final Update Refs
[2026-04-03T02:31:07.043+0600][36.902s][info][gc,task     ] GC(21) Using 6 of 6 workers for final reference update
[2026-04-03T02:31:07.043+0600][36.902s][info][gc          ] GC(21) Pause Final Update Refs 0.189ms
[2026-04-03T02:31:07.047+0600][36.906s][info][gc,start    ] GC(21) Concurrent cleanup
[2026-04-03T02:31:07.047+0600][36.907s][info][gc          ] GC(21) Concurrent cleanup 339M->198M(1070M) 0.600ms
[2026-04-03T02:31:07.047+0600][36.907s][info][gc,ergo     ] Free: 978M, Max: 512K regular, 427M humongous, Frag: 57% external, 0% internal; Reserve: 64000K, Max: 512K
[2026-04-03T02:31:07.047+0600][36.907s][info][gc,stats    ] 
[2026-04-03T02:31:07.047+0600][36.907s][info][gc,stats    ] All times are wall-clock times, except per-root-class counters, that are sum over
[2026-04-03T02:31:07.047+0600][36.907s][info][gc,stats    ] all workers. Dividing the <total> over the root stage time estimates parallelism.
[2026-04-03T02:31:07.048+0600][36.907s][info][gc,stats    ] 
[2026-04-03T02:31:07.048+0600][36.907s][info][gc,stats    ] Concurrent Reset                   1691 us
[2026-04-03T02:31:07.048+0600][36.907s][info][gc,stats    ] Pause Init Mark (G)                 460 us
[2026-04-03T02:31:07.048+0600][36.907s][info][gc,stats    ] Pause Init Mark (N)                 112 us
[2026-04-03T02:31:07.048+0600][36.907s][info][gc,stats    ]   Update Region States               28 us
[2026-04-03T02:31:07.048+0600][36.907s][info][gc,stats    ] Concurrent Mark Roots              2749 us, parallelism: 1.85x
[2026-04-03T02:31:07.048+0600][36.907s][info][gc,stats    ]   CMR: <total>                     5072 us
[2026-04-03T02:31:07.048+0600][36.907s][info][gc,stats    ]   CMR: Thread Roots                4564 us, workers (us): 2096, 1672, 796, ---, ---, ---, 
[2026-04-03T02:31:07.048+0600][36.907s][info][gc,stats    ]   CMR: VM Strong Roots               68 us, workers (us):  46,  21,   1, ---, ---, ---, 
[2026-04-03T02:31:07.048+0600][36.907s][info][gc,stats    ]   CMR: CLDG Roots                   441 us, workers (us): ---, 441, ---, ---, ---, ---, 
[2026-04-03T02:31:07.048+0600][36.907s][info][gc,stats    ] Concurrent Marking                59147 us
[2026-04-03T02:31:07.048+0600][36.907s][info][gc,stats    ] Pause Final Mark (G)               1216 us
[2026-04-03T02:31:07.048+0600][36.907s][info][gc,stats    ] Pause Final Mark (N)                893 us
[2026-04-03T02:31:07.048+0600][36.907s][info][gc,stats    ]   Finish Mark                       248 us
[2026-04-03T02:31:07.048+0600][36.907s][info][gc,stats    ]   Update Region States               39 us
[2026-04-03T02:31:07.048+0600][36.907s][info][gc,stats    ]   Choose Collection Set             395 us
[2026-04-03T02:31:07.048+0600][36.907s][info][gc,stats    ]   Rebuild Free Set                   43 us
[2026-04-03T02:31:07.048+0600][36.907s][info][gc,stats    ] Concurrent Thread Roots            1053 us, parallelism: 2.34x
[2026-04-03T02:31:07.048+0600][36.907s][info][gc,stats    ]   CTR: <total>                     2459 us
[2026-04-03T02:31:07.048+0600][36.907s][info][gc,stats    ]   CTR: Thread Roots                2459 us, workers (us): 818, 825, 816, ---, ---, ---, 
[2026-04-03T02:31:07.048+0600][36.907s][info][gc,stats    ] Concurrent Weak References         1089 us, parallelism: 1.06x
[2026-04-03T02:31:07.048+0600][36.907s][info][gc,stats    ]   CWRF: <total>                    1158 us
[2026-04-03T02:31:07.048+0600][36.907s][info][gc,stats    ]   CWRF: Weak References            1158 us, workers (us): 865, 186, 106, ---, ---, ---, 
[2026-04-03T02:31:07.048+0600][36.907s][info][gc,stats    ] Concurrent Weak Roots              9502 us
[2026-04-03T02:31:07.048+0600][36.907s][info][gc,stats    ]   Roots                            4956 us, parallelism: 2.76x
[2026-04-03T02:31:07.048+0600][36.907s][info][gc,stats    ]     CWR: <total>                  13678 us
[2026-04-03T02:31:07.048+0600][36.907s][info][gc,stats    ]     CWR: Code Cache Roots         10811 us, workers (us): 3745, 3730, 3336, ---, ---, ---, 
[2026-04-03T02:31:07.048+0600][36.907s][info][gc,stats    ]     CWR: VM Weak Roots             2651 us, workers (us): 936, 882, 832, ---, ---, ---, 
[2026-04-03T02:31:07.048+0600][36.907s][info][gc,stats    ]     CWR: CLDG Roots                 216 us, workers (us): ---, ---, 216, ---, ---, ---, 
[2026-04-03T02:31:07.048+0600][36.907s][info][gc,stats    ]   Rendezvous                       4384 us
[2026-04-03T02:31:07.048+0600][36.907s][info][gc,stats    ] Concurrent Cleanup                  931 us
[2026-04-03T02:31:07.048+0600][36.907s][info][gc,stats    ] Concurrent Class Unloading        26393 us
[2026-04-03T02:31:07.048+0600][36.907s][info][gc,stats    ]   Unlink Stale                    21236 us
[2026-04-03T02:31:07.048+0600][36.907s][info][gc,stats    ]     System Dictionary               303 us
[2026-04-03T02:31:07.048+0600][36.907s][info][gc,stats    ]     Weak Class Links                  1 us
[2026-04-03T02:31:07.048+0600][36.907s][info][gc,stats    ]     Code Roots                    20929 us
[2026-04-03T02:31:07.048+0600][36.907s][info][gc,stats    ]   Rendezvous                        421 us
[2026-04-03T02:31:07.048+0600][36.907s][info][gc,stats    ]   Purge Unlinked                   4608 us
[2026-04-03T02:31:07.048+0600][36.907s][info][gc,stats    ]     Code Roots                     4582 us
[2026-04-03T02:31:07.048+0600][36.907s][info][gc,stats    ]     CLDG                             24 us
[2026-04-03T02:31:07.048+0600][36.907s][info][gc,stats    ]     Exception Caches                  1 us
[2026-04-03T02:31:07.048+0600][36.907s][info][gc,stats    ] Concurrent Strong Roots            1776 us, parallelism: 0.69x
[2026-04-03T02:31:07.048+0600][36.907s][info][gc,stats    ]   CSR: <total>                     1230 us
[2026-04-03T02:31:07.048+0600][36.907s][info][gc,stats    ]   CSR: VM Strong Roots               59 us, workers (us):  51,   8,   0, ---, ---, ---, 
[2026-04-03T02:31:07.048+0600][36.907s][info][gc,stats    ]   CSR: CLDG Roots                  1170 us, workers (us): ---, 1170, ---, ---, ---, ---, 
[2026-04-03T02:31:07.048+0600][36.907s][info][gc,stats    ] Concurrent Evacuation              4527 us
[2026-04-03T02:31:07.048+0600][36.907s][info][gc,stats    ] Pause Init Update Refs (G)          502 us
[2026-04-03T02:31:07.048+0600][36.907s][info][gc,stats    ] Pause Init Update Refs (N)          154 us
[2026-04-03T02:31:07.048+0600][36.907s][info][gc,stats    ]   Manage GCLABs                      43 us
[2026-04-03T02:31:07.048+0600][36.907s][info][gc,stats    ] Concurrent Update Refs            47054 us
[2026-04-03T02:31:07.048+0600][36.908s][info][gc,stats    ] Concurrent Update Thread Roots     2274 us
[2026-04-03T02:31:07.048+0600][36.908s][info][gc,stats    ] Pause Final Update Refs (G)        5260 us
[2026-04-03T02:31:07.048+0600][36.908s][info][gc,stats    ] Pause Final Update Refs (N)         206 us
[2026-04-03T02:31:07.048+0600][36.908s][info][gc,stats    ]   Update Region States               52 us
[2026-04-03T02:31:07.048+0600][36.908s][info][gc,stats    ]   Trash Collection Set               17 us
[2026-04-03T02:31:07.048+0600][36.908s][info][gc,stats    ]   Rebuild Free Set                   39 us
[2026-04-03T02:31:07.048+0600][36.908s][info][gc,stats    ] Concurrent Cleanup                  639 us
[2026-04-03T02:31:07.048+0600][36.908s][info][gc,stats    ] Pacing                            20324 us
[2026-04-03T02:31:07.048+0600][36.908s][info][gc,stats    ] 
[2026-04-03T02:31:07.048+0600][36.908s][info][gc,stats    ] Allocation pacing accrued:
[2026-04-03T02:31:07.048+0600][36.908s][info][gc,stats    ]      10 of   915 ms (  1.1%): dispatcher-event-loop-0
[2026-04-03T02:31:07.048+0600][36.908s][info][gc,stats    ]      10 of   915 ms (  1.1%): spark-listener-group-appStatus
[2026-04-03T02:31:07.048+0600][36.908s][info][gc,stats    ]      20 of   915 ms (  2.2%): <total>
[2026-04-03T02:31:07.048+0600][36.908s][info][gc,stats    ]       0 of   915 ms (  0.0%): <average total>
[2026-04-03T02:31:07.048+0600][36.908s][info][gc,stats    ]      10 of   915 ms (  1.1%): <average non-zero>
[2026-04-03T02:31:07.048+0600][36.908s][info][gc,stats    ] 
[2026-04-03T02:31:07.048+0600][36.908s][info][gc,metaspace] Metaspace: 130202K(131328K)->130204K(131328K) NonClass: 113789K(114368K)->113790K(114368K) Class: 16413K(16960K)->16413K(16960K)
[2026-04-03T02:31:07.048+0600][36.908s][info][gc,ergo     ] Pacer for Idle. Initial: 25600K, Alloc Tax Rate: 1.0x
[2026-04-03T02:31:07.710+0600][37.570s][info][gc          ] Trigger: Average GC time (213.75 ms) is above the time for average allocation rate (846 MB/s) to deplete free headroom (175M) (margin of error = 1.82)
[2026-04-03T02:31:07.711+0600][37.570s][info][gc,ergo     ] Free headroom: 237M (free) - 64000K (spike) - 0B (penalties) = 175M
[2026-04-03T02:31:07.711+0600][37.570s][info][gc,ergo     ] Free: 236M, Max: 512K regular, 162M humongous, Frag: 32% external, 1% internal; Reserve: 64000K, Max: 512K
[2026-04-03T02:31:07.711+0600][37.570s][info][gc,start    ] GC(22) Concurrent reset
[2026-04-03T02:31:07.711+0600][37.570s][info][gc,task     ] GC(22) Using 3 of 6 workers for concurrent reset
[2026-04-03T02:31:07.711+0600][37.570s][info][gc,ergo     ] GC(22) Pacer for Reset. Non-Taxable: 1250M
[2026-04-03T02:31:07.712+0600][37.572s][info][gc          ] GC(22) Concurrent reset 1.579ms
[2026-04-03T02:31:07.713+0600][37.572s][info][gc,start    ] GC(22) Pause Init Mark (unload classes)
[2026-04-03T02:31:07.713+0600][37.572s][info][gc,task     ] GC(22) Using 6 of 6 workers for init marking
[2026-04-03T02:31:07.713+0600][37.572s][info][gc,ergo     ] GC(22) Pacer for Mark. Expected Live: 89819K, Free: 222M, Non-Taxable: 22762K, Alloc Tax Rate: 0.5x
[2026-04-03T02:31:07.713+0600][37.572s][info][gc          ] GC(22) Pause Init Mark (unload classes) 0.155ms
[2026-04-03T02:31:07.713+0600][37.572s][info][gc,start    ] GC(22) Concurrent marking roots
[2026-04-03T02:31:07.713+0600][37.572s][info][gc,task     ] GC(22) Using 3 of 6 workers for concurrent marking roots
[2026-04-03T02:31:07.715+0600][37.574s][info][gc          ] GC(22) Concurrent marking roots 1.624ms
[2026-04-03T02:31:07.715+0600][37.574s][info][gc,start    ] GC(22) Concurrent marking (unload classes)
[2026-04-03T02:31:07.715+0600][37.574s][info][gc,task     ] GC(22) Using 3 of 6 workers for concurrent marking
[2026-04-03T02:31:07.758+0600][37.618s][info][gc          ] GC(22) Concurrent marking (unload classes) 43.567ms
[2026-04-03T02:31:07.759+0600][37.618s][info][gc,start    ] GC(22) Pause Final Mark (unload classes)
[2026-04-03T02:31:07.759+0600][37.618s][info][gc,task     ] GC(22) Using 6 of 6 workers for final marking
[2026-04-03T02:31:07.760+0600][37.619s][info][gc,ergo     ] GC(22) Adaptive CSet Selection. Target Free: 177M, Actual Free: 839M, Max CSet: 53333K, Min Garbage: 0B
[2026-04-03T02:31:07.760+0600][37.619s][info][gc,ergo     ] GC(22) Collectable Garbage: 785M (98%), Immediate: 624M (78%), CSet: 161M (20%)
[2026-04-03T02:31:07.760+0600][37.619s][info][gc,ergo     ] GC(22) Pacer for Evacuation. Used CSet: 170M, Free: 843M, Non-Taxable: 86323K, Alloc Tax Rate: 1.1x
[2026-04-03T02:31:07.760+0600][37.619s][info][gc          ] GC(22) Pause Final Mark (unload classes) 0.675ms
[2026-04-03T02:31:07.760+0600][37.619s][info][gc,start    ] GC(22) Concurrent thread roots
[2026-04-03T02:31:07.760+0600][37.619s][info][gc,task     ] GC(22) Using 3 of 6 workers for Concurrent thread roots
[2026-04-03T02:31:07.761+0600][37.620s][info][gc          ] GC(22) Concurrent thread roots 0.992ms
[2026-04-03T02:31:07.761+0600][37.620s][info][gc,start    ] GC(22) Concurrent weak references
[2026-04-03T02:31:07.761+0600][37.620s][info][gc,task     ] GC(22) Using 3 of 6 workers for concurrent weak references
[2026-04-03T02:31:07.762+0600][37.621s][info][gc,ref      ] GC(22) Encountered references: Soft: 3868, Weak: 16879, Final: 84, Phantom: 642
[2026-04-03T02:31:07.762+0600][37.621s][info][gc,ref      ] GC(22) Discovered  references: Soft: 0, Weak: 10445, Final: 84, Phantom: 601
[2026-04-03T02:31:07.762+0600][37.621s][info][gc,ref      ] GC(22) Enqueued    references: Soft: 0, Weak: 2302, Final: 0, Phantom: 0
[2026-04-03T02:31:07.762+0600][37.621s][info][gc          ] GC(22) Concurrent weak references 1.134ms
[2026-04-03T02:31:07.762+0600][37.621s][info][gc,start    ] GC(22) Concurrent weak roots
[2026-04-03T02:31:07.762+0600][37.621s][info][gc,task     ] GC(22) Using 3 of 6 workers for concurrent weak root
[2026-04-03T02:31:07.769+0600][37.629s][info][gc          ] GC(22) Concurrent weak roots 7.165ms
[2026-04-03T02:31:07.769+0600][37.629s][info][gc,start    ] GC(22) Concurrent cleanup
[2026-04-03T02:31:07.770+0600][37.630s][info][gc          ] GC(22) Concurrent cleanup 988M->365M(1077M) 0.985ms
[2026-04-03T02:31:07.770+0600][37.630s][info][gc,ergo     ] GC(22) Free: 810M, Max: 512K regular, 121M humongous, Frag: 86% external, 0% internal; Reserve: 60625K, Max: 512K
[2026-04-03T02:31:07.770+0600][37.630s][info][gc,start    ] GC(22) Concurrent class unloading
[2026-04-03T02:31:07.770+0600][37.630s][info][gc,task     ] GC(22) Using 3 of 6 workers for concurrent class unloading
[2026-04-03T02:31:07.792+0600][37.652s][info][gc          ] GC(22) Concurrent class unloading 21.942ms
[2026-04-03T02:31:07.793+0600][37.652s][info][gc,start    ] GC(22) Concurrent strong roots
[2026-04-03T02:31:07.793+0600][37.652s][info][gc,task     ] GC(22) Using 3 of 6 workers for concurrent strong root
[2026-04-03T02:31:07.794+0600][37.653s][info][gc          ] GC(22) Concurrent strong roots 1.437ms
[2026-04-03T02:31:07.794+0600][37.653s][info][gc,start    ] GC(22) Concurrent evacuation
[2026-04-03T02:31:07.794+0600][37.653s][info][gc,task     ] GC(22) Using 3 of 6 workers for concurrent evacuation
[2026-04-03T02:31:07.800+0600][37.659s][info][gc          ] GC(22) Concurrent evacuation 5.910ms
[2026-04-03T02:31:07.801+0600][37.660s][info][gc,start    ] GC(22) Pause Init Update Refs
[2026-04-03T02:31:07.801+0600][37.661s][info][gc,ergo     ] GC(22) Pacer for Update Refs. Used: 381M, Free: 800M, Non-Taxable: 81938K, Alloc Tax Rate: 1.1x
[2026-04-03T02:31:07.801+0600][37.661s][info][gc          ] GC(22) Pause Init Update Refs 0.179ms
[2026-04-03T02:31:07.802+0600][37.661s][info][gc,start    ] GC(22) Concurrent update references
[2026-04-03T02:31:07.802+0600][37.661s][info][gc,task     ] GC(22) Using 3 of 6 workers for concurrent reference update
[2026-04-03T02:31:07.853+0600][37.713s][info][gc          ] GC(22) Concurrent update references 51.507ms
[2026-04-03T02:31:07.853+0600][37.713s][info][gc,start    ] GC(22) Concurrent update thread roots
[2026-04-03T02:31:07.855+0600][37.714s][info][gc          ] GC(22) Concurrent update thread roots 1.769ms
[2026-04-03T02:31:07.855+0600][37.715s][info][gc,start    ] GC(22) Pause Final Update Refs
[2026-04-03T02:31:07.855+0600][37.715s][info][gc,task     ] GC(22) Using 6 of 6 workers for final reference update
[2026-04-03T02:31:07.856+0600][37.715s][info][gc          ] GC(22) Pause Final Update Refs 0.214ms
[2026-04-03T02:31:07.856+0600][37.715s][info][gc,start    ] GC(22) Concurrent cleanup
[2026-04-03T02:31:07.856+0600][37.716s][info][gc          ] GC(22) Concurrent cleanup 415M->245M(1077M) 0.587ms
[2026-04-03T02:31:07.856+0600][37.716s][info][gc,ergo     ] Free: 922M, Max: 512K regular, 500M humongous, Frag: 46% external, 0% internal; Reserve: 64000K, Max: 512K
[2026-04-03T02:31:07.856+0600][37.716s][info][gc,stats    ] 
[2026-04-03T02:31:07.856+0600][37.716s][info][gc,stats    ] All times are wall-clock times, except per-root-class counters, that are sum over
[2026-04-03T02:31:07.856+0600][37.716s][info][gc,stats    ] all workers. Dividing the <total> over the root stage time estimates parallelism.
[2026-04-03T02:31:07.856+0600][37.716s][info][gc,stats    ] 
[2026-04-03T02:31:07.856+0600][37.716s][info][gc,stats    ] Concurrent Reset                   1669 us
[2026-04-03T02:31:07.856+0600][37.716s][info][gc,stats    ] Pause Init Mark (G)                 605 us
[2026-04-03T02:31:07.856+0600][37.716s][info][gc,stats    ] Pause Init Mark (N)                 171 us
[2026-04-03T02:31:07.856+0600][37.716s][info][gc,stats    ]   Update Region States               27 us
[2026-04-03T02:31:07.856+0600][37.716s][info][gc,stats    ] Concurrent Mark Roots              1697 us, parallelism: 1.80x
[2026-04-03T02:31:07.856+0600][37.716s][info][gc,stats    ]   CMR: <total>                     3052 us
[2026-04-03T02:31:07.856+0600][37.716s][info][gc,stats    ]   CMR: Thread Roots                2576 us, workers (us): 585, 999, 992, ---, ---, ---, 
[2026-04-03T02:31:07.857+0600][37.716s][info][gc,stats    ]   CMR: VM Strong Roots               49 us, workers (us):  46,   1,   1, ---, ---, ---, 
[2026-04-03T02:31:07.857+0600][37.716s][info][gc,stats    ]   CMR: CLDG Roots                   427 us, workers (us): 427, ---, ---, ---, ---, ---, 
[2026-04-03T02:31:07.857+0600][37.716s][info][gc,stats    ] Concurrent Marking                43652 us
[2026-04-03T02:31:07.857+0600][37.716s][info][gc,stats    ] Pause Final Mark (G)               1588 us
[2026-04-03T02:31:07.857+0600][37.716s][info][gc,stats    ] Pause Final Mark (N)                697 us
[2026-04-03T02:31:07.857+0600][37.716s][info][gc,stats    ]   Finish Mark                       292 us
[2026-04-03T02:31:07.857+0600][37.716s][info][gc,stats    ]   Update Region States               40 us
[2026-04-03T02:31:07.857+0600][37.716s][info][gc,stats    ]   Choose Collection Set             219 us
[2026-04-03T02:31:07.857+0600][37.716s][info][gc,stats    ]   Rebuild Free Set                   36 us
[2026-04-03T02:31:07.857+0600][37.716s][info][gc,stats    ] Concurrent Thread Roots            1052 us, parallelism: 2.49x
[2026-04-03T02:31:07.857+0600][37.716s][info][gc,stats    ]   CTR: <total>                     2625 us
[2026-04-03T02:31:07.857+0600][37.716s][info][gc,stats    ]   CTR: Thread Roots                2625 us, workers (us): 913, 855, 857, ---, ---, ---, 
[2026-04-03T02:31:07.857+0600][37.716s][info][gc,stats    ] Concurrent Weak References         1151 us, parallelism: 1.48x
[2026-04-03T02:31:07.857+0600][37.716s][info][gc,stats    ]   CWRF: <total>                    1707 us
[2026-04-03T02:31:07.857+0600][37.716s][info][gc,stats    ]   CWRF: Weak References            1707 us, workers (us): 656, 876, 175, ---, ---, ---, 
[2026-04-03T02:31:07.857+0600][37.716s][info][gc,stats    ] Concurrent Weak Roots              7268 us
[2026-04-03T02:31:07.857+0600][37.716s][info][gc,stats    ]   Roots                            4698 us, parallelism: 2.71x
[2026-04-03T02:31:07.857+0600][37.716s][info][gc,stats    ]     CWR: <total>                  12755 us
[2026-04-03T02:31:07.857+0600][37.716s][info][gc,stats    ]     CWR: Code Cache Roots          9699 us, workers (us): 3318, 3297, 3083, ---, ---, ---, 
[2026-04-03T02:31:07.857+0600][37.716s][info][gc,stats    ]     CWR: VM Weak Roots             2910 us, workers (us): 988, 974, 948, ---, ---, ---, 
[2026-04-03T02:31:07.857+0600][37.716s][info][gc,stats    ]     CWR: CLDG Roots                 147 us, workers (us): ---, ---, 147, ---, ---, ---, 
[2026-04-03T02:31:07.857+0600][37.716s][info][gc,stats    ]   Rendezvous                       2430 us
[2026-04-03T02:31:07.857+0600][37.716s][info][gc,stats    ] Concurrent Cleanup                 1044 us
[2026-04-03T02:31:07.857+0600][37.716s][info][gc,stats    ] Concurrent Class Unloading        22042 us
[2026-04-03T02:31:07.857+0600][37.716s][info][gc,stats    ]   Unlink Stale                    15959 us
[2026-04-03T02:31:07.857+0600][37.716s][info][gc,stats    ]     System Dictionary               336 us
[2026-04-03T02:31:07.857+0600][37.716s][info][gc,stats    ]     Weak Class Links                  0 us
[2026-04-03T02:31:07.857+0600][37.716s][info][gc,stats    ]     Code Roots                    15619 us
[2026-04-03T02:31:07.857+0600][37.716s][info][gc,stats    ]   Rendezvous                        437 us
[2026-04-03T02:31:07.857+0600][37.716s][info][gc,stats    ]   Purge Unlinked                   5498 us
[2026-04-03T02:31:07.857+0600][37.716s][info][gc,stats    ]     Code Roots                     5472 us
[2026-04-03T02:31:07.857+0600][37.716s][info][gc,stats    ]     CLDG                             24 us
[2026-04-03T02:31:07.857+0600][37.716s][info][gc,stats    ]     Exception Caches                  0 us
[2026-04-03T02:31:07.857+0600][37.716s][info][gc,stats    ] Concurrent Strong Roots            1505 us, parallelism: 0.68x
[2026-04-03T02:31:07.857+0600][37.716s][info][gc,stats    ]   CSR: <total>                     1017 us
[2026-04-03T02:31:07.857+0600][37.716s][info][gc,stats    ]   CSR: VM Strong Roots               49 us, workers (us):  20,  17,  12, ---, ---, ---, 
[2026-04-03T02:31:07.857+0600][37.716s][info][gc,stats    ]   CSR: CLDG Roots                   968 us, workers (us): 968, ---, ---, ---, ---, ---, 
[2026-04-03T02:31:07.857+0600][37.716s][info][gc,stats    ] Concurrent Evacuation              6017 us
[2026-04-03T02:31:07.857+0600][37.716s][info][gc,stats    ] Pause Init Update Refs (G)         1726 us
[2026-04-03T02:31:07.857+0600][37.716s][info][gc,stats    ] Pause Init Update Refs (N)          196 us
[2026-04-03T02:31:07.857+0600][37.716s][info][gc,stats    ]   Manage GCLABs                      60 us
[2026-04-03T02:31:07.857+0600][37.716s][info][gc,stats    ] Concurrent Update Refs            51610 us
[2026-04-03T02:31:07.857+0600][37.716s][info][gc,stats    ] Concurrent Update Thread Roots     1855 us
[2026-04-03T02:31:07.857+0600][37.716s][info][gc,stats    ] Pause Final Update Refs (G)         462 us
[2026-04-03T02:31:07.857+0600][37.716s][info][gc,stats    ] Pause Final Update Refs (N)         245 us
[2026-04-03T02:31:07.857+0600][37.716s][info][gc,stats    ]   Update Region States               62 us
[2026-04-03T02:31:07.857+0600][37.716s][info][gc,stats    ]   Trash Collection Set               20 us
[2026-04-03T02:31:07.857+0600][37.716s][info][gc,stats    ]   Rebuild Free Set                   41 us
[2026-04-03T02:31:07.857+0600][37.716s][info][gc,stats    ] Concurrent Cleanup                  614 us
[2026-04-03T02:31:07.857+0600][37.716s][info][gc,stats    ] Pacing                           155963 us
[2026-04-03T02:31:07.857+0600][37.716s][info][gc,stats    ] 
[2026-04-03T02:31:07.857+0600][37.716s][info][gc,stats    ] Allocation pacing accrued:
[2026-04-03T02:31:07.857+0600][37.716s][info][gc,stats    ]      39 of   809 ms (  4.8%): Executor task launch worker for task 0.0 in stage 667.0 (TID 1347)
[2026-04-03T02:31:07.857+0600][37.716s][info][gc,stats    ]      40 of   809 ms (  4.9%): Executor task launch worker for task 3.0 in stage 667.0 (TID 1350)
[2026-04-03T02:31:07.857+0600][37.716s][info][gc,stats    ]      38 of   809 ms (  4.7%): Executor task launch worker for task 1.0 in stage 667.0 (TID 1348)
[2026-04-03T02:31:07.857+0600][37.716s][info][gc,stats    ]      39 of   809 ms (  4.9%): Executor task launch worker for task 2.0 in stage 667.0 (TID 1349)
[2026-04-03T02:31:07.857+0600][37.716s][info][gc,stats    ]     156 of   809 ms ( 19.3%): <total>
[2026-04-03T02:31:07.857+0600][37.716s][info][gc,stats    ]       1 of   809 ms (  0.1%): <average total>
[2026-04-03T02:31:07.857+0600][37.716s][info][gc,stats    ]      39 of   809 ms (  4.8%): <average non-zero>
[2026-04-03T02:31:07.857+0600][37.716s][info][gc,stats    ] 
[2026-04-03T02:31:07.857+0600][37.716s][info][gc,metaspace] Metaspace: 130237K(131392K)->130249K(131392K) NonClass: 113823K(114432K)->113835K(114432K) Class: 16413K(16960K)->16413K(16960K)
[2026-04-03T02:31:07.857+0600][37.716s][info][gc,ergo     ] Pacer for Idle. Initial: 25600K, Alloc Tax Rate: 1.0x
[2026-04-03T02:31:07.959+0600][37.818s][info][gc          ] Trigger: Average GC time (192.98 ms) is above the time for instantaneous allocation rate (3839 MB/s) to deplete free headroom (471M) (spike threshold = 1.79)
[2026-04-03T02:31:07.959+0600][37.818s][info][gc,ergo     ] Free: 534M, Max: 512K regular, 415M humongous, Frag: 23% external, 0% internal; Reserve: 64000K, Max: 512K
[2026-04-03T02:31:07.959+0600][37.818s][info][gc,start    ] GC(23) Concurrent reset
[2026-04-03T02:31:07.959+0600][37.818s][info][gc,task     ] GC(23) Using 3 of 6 workers for concurrent reset
[2026-04-03T02:31:07.959+0600][37.818s][info][gc,ergo     ] GC(23) Pacer for Reset. Non-Taxable: 1250M
[2026-04-03T02:31:07.960+0600][37.819s][info][gc          ] GC(23) Concurrent reset 0.978ms
[2026-04-03T02:31:07.960+0600][37.820s][info][gc,start    ] GC(23) Pause Init Mark (unload classes)
[2026-04-03T02:31:07.960+0600][37.820s][info][gc,task     ] GC(23) Using 6 of 6 workers for init marking
[2026-04-03T02:31:07.960+0600][37.820s][info][gc,ergo     ] GC(23) Pacer for Mark. Expected Live: 93051K, Free: 533M, Non-Taxable: 54604K, Alloc Tax Rate: 0.2x
[2026-04-03T02:31:07.960+0600][37.820s][info][gc          ] GC(23) Pause Init Mark (unload classes) 0.123ms
[2026-04-03T02:31:07.961+0600][37.820s][info][gc,start    ] GC(23) Concurrent marking roots
[2026-04-03T02:31:07.961+0600][37.820s][info][gc,task     ] GC(23) Using 3 of 6 workers for concurrent marking roots
[2026-04-03T02:31:07.962+0600][37.821s][info][gc          ] GC(23) Concurrent marking roots 1.270ms
[2026-04-03T02:31:07.962+0600][37.821s][info][gc,start    ] GC(23) Concurrent marking (unload classes)
[2026-04-03T02:31:07.962+0600][37.821s][info][gc,task     ] GC(23) Using 3 of 6 workers for concurrent marking
[2026-04-03T02:31:08.011+0600][37.871s][info][gc          ] GC(23) Concurrent marking (unload classes) 49.457ms
[2026-04-03T02:31:08.011+0600][37.871s][info][gc,start    ] GC(23) Pause Final Mark (unload classes)
[2026-04-03T02:31:08.012+0600][37.871s][info][gc,task     ] GC(23) Using 6 of 6 workers for final marking
[2026-04-03T02:31:08.012+0600][37.871s][info][gc,ergo     ] GC(23) Adaptive CSet Selection. Target Free: 177M, Actual Free: 1003M, Max CSet: 53333K, Min Garbage: 0B
[2026-04-03T02:31:08.012+0600][37.871s][info][gc,ergo     ] GC(23) Collectable Garbage: 503M (98%), Immediate: 436M (85%), CSet: 69026K (13%)
[2026-04-03T02:31:08.012+0600][37.871s][info][gc,ergo     ] GC(23) Pacer for Evacuation. Used CSet: 76220K, Free: 999M, Non-Taxable: 102350K, Alloc Tax Rate: 1.1x
[2026-04-03T02:31:08.012+0600][37.871s][info][gc          ] GC(23) Pause Final Mark (unload classes) 0.671ms
[2026-04-03T02:31:08.012+0600][37.872s][info][gc,start    ] GC(23) Concurrent thread roots
[2026-04-03T02:31:08.012+0600][37.872s][info][gc,task     ] GC(23) Using 3 of 6 workers for Concurrent thread roots
[2026-04-03T02:31:08.014+0600][37.873s][info][gc          ] GC(23) Concurrent thread roots 1.366ms
[2026-04-03T02:31:08.014+0600][37.873s][info][gc,start    ] GC(23) Concurrent weak references
[2026-04-03T02:31:08.014+0600][37.873s][info][gc,task     ] GC(23) Using 3 of 6 workers for concurrent weak references
[2026-04-03T02:31:08.014+0600][37.874s][info][gc,ref      ] GC(23) Encountered references: Soft: 3864, Weak: 14818, Final: 84, Phantom: 621
[2026-04-03T02:31:08.015+0600][37.874s][info][gc,ref      ] GC(23) Discovered  references: Soft: 0, Weak: 3887, Final: 0, Phantom: 344
[2026-04-03T02:31:08.015+0600][37.874s][info][gc,ref      ] GC(23) Enqueued    references: Soft: 0, Weak: 379, Final: 0, Phantom: 0
[2026-04-03T02:31:08.015+0600][37.874s][info][gc          ] GC(23) Concurrent weak references 0.920ms
[2026-04-03T02:31:08.015+0600][37.874s][info][gc,start    ] GC(23) Concurrent weak roots
[2026-04-03T02:31:08.015+0600][37.874s][info][gc,task     ] GC(23) Using 3 of 6 workers for concurrent weak root
[2026-04-03T02:31:08.021+0600][37.880s][info][gc          ] GC(23) Concurrent weak roots 5.958ms
[2026-04-03T02:31:08.021+0600][37.880s][info][gc,start    ] GC(23) Concurrent cleanup
[2026-04-03T02:31:08.021+0600][37.881s][info][gc          ] GC(23) Concurrent cleanup 636M->200M(1077M) 0.714ms
[2026-04-03T02:31:08.021+0600][37.881s][info][gc,ergo     ] GC(23) Free: 981M, Max: 512K regular, 442M humongous, Frag: 55% external, 0% internal; Reserve: 63686K, Max: 512K
[2026-04-03T02:31:08.021+0600][37.881s][info][gc,start    ] GC(23) Concurrent class unloading
[2026-04-03T02:31:08.022+0600][37.881s][info][gc,task     ] GC(23) Using 3 of 6 workers for concurrent class unloading
[2026-04-03T02:31:08.039+0600][37.899s][info][gc          ] GC(23) Concurrent class unloading 17.876ms
[2026-04-03T02:31:08.040+0600][37.899s][info][gc,start    ] GC(23) Concurrent strong roots
[2026-04-03T02:31:08.040+0600][37.899s][info][gc,task     ] GC(23) Using 3 of 6 workers for concurrent strong root
[2026-04-03T02:31:08.041+0600][37.900s][info][gc          ] GC(23) Concurrent strong roots 1.638ms
[2026-04-03T02:31:08.041+0600][37.901s][info][gc,start    ] GC(23) Concurrent evacuation
[2026-04-03T02:31:08.041+0600][37.901s][info][gc,task     ] GC(23) Using 3 of 6 workers for concurrent evacuation
[2026-04-03T02:31:08.047+0600][37.906s][info][gc          ] GC(23) Concurrent evacuation 5.773ms
[2026-04-03T02:31:08.047+0600][37.907s][info][gc,start    ] GC(23) Pause Init Update Refs
[2026-04-03T02:31:08.048+0600][37.907s][info][gc,ergo     ] GC(23) Pacer for Update Refs. Used: 216M, Free: 972M, Non-Taxable: 99535K, Alloc Tax Rate: 1.1x
[2026-04-03T02:31:08.048+0600][37.907s][info][gc          ] GC(23) Pause Init Update Refs 0.146ms
[2026-04-03T02:31:08.048+0600][37.907s][info][gc,start    ] GC(23) Concurrent update references
[2026-04-03T02:31:08.048+0600][37.907s][info][gc,task     ] GC(23) Using 3 of 6 workers for concurrent reference update
[2026-04-03T02:31:08.104+0600][37.963s][info][gc          ] GC(23) Concurrent update references 55.779ms
[2026-04-03T02:31:08.104+0600][37.963s][info][gc,start    ] GC(23) Concurrent update thread roots
[2026-04-03T02:31:08.105+0600][37.965s][info][gc          ] GC(23) Concurrent update thread roots 1.609ms
[2026-04-03T02:31:08.105+0600][37.965s][info][gc,start    ] GC(23) Pause Final Update Refs
[2026-04-03T02:31:08.105+0600][37.965s][info][gc,task     ] GC(23) Using 6 of 6 workers for final reference update
[2026-04-03T02:31:08.106+0600][37.965s][info][gc          ] GC(23) Pause Final Update Refs 0.198ms
[2026-04-03T02:31:08.106+0600][37.965s][info][gc,start    ] GC(23) Concurrent cleanup
[2026-04-03T02:31:08.106+0600][37.965s][info][gc          ] GC(23) Concurrent cleanup 237M->162M(1078M) 0.218ms
[2026-04-03T02:31:08.106+0600][37.966s][info][gc,ergo     ] Free: 1013M, Max: 512K regular, 482M humongous, Frag: 53% external, 0% internal; Reserve: 64000K, Max: 512K
[2026-04-03T02:31:08.106+0600][37.966s][info][gc,stats    ] 
[2026-04-03T02:31:08.106+0600][37.966s][info][gc,stats    ] All times are wall-clock times, except per-root-class counters, that are sum over
[2026-04-03T02:31:08.106+0600][37.966s][info][gc,stats    ] all workers. Dividing the <total> over the root stage time estimates parallelism.
[2026-04-03T02:31:08.106+0600][37.966s][info][gc,stats    ] 
[2026-04-03T02:31:08.106+0600][37.966s][info][gc,stats    ] Concurrent Reset                    994 us
[2026-04-03T02:31:08.106+0600][37.966s][info][gc,stats    ] Pause Init Mark (G)                 461 us
[2026-04-03T02:31:08.106+0600][37.966s][info][gc,stats    ] Pause Init Mark (N)                 134 us
[2026-04-03T02:31:08.106+0600][37.966s][info][gc,stats    ]   Update Region States               25 us
[2026-04-03T02:31:08.106+0600][37.966s][info][gc,stats    ] Concurrent Mark Roots              1311 us, parallelism: 1.69x
[2026-04-03T02:31:08.106+0600][37.966s][info][gc,stats    ]   CMR: <total>                     2210 us
[2026-04-03T02:31:08.106+0600][37.966s][info][gc,stats    ]   CMR: Thread Roots                1899 us, workers (us): 458, 716, 724, ---, ---, ---, 
[2026-04-03T02:31:08.106+0600][37.966s][info][gc,stats    ]   CMR: VM Strong Roots               40 us, workers (us):  25,   8,   6, ---, ---, ---, 
[2026-04-03T02:31:08.106+0600][37.966s][info][gc,stats    ]   CMR: CLDG Roots                   271 us, workers (us): 271, ---, ---, ---, ---, ---, 
[2026-04-03T02:31:08.106+0600][37.966s][info][gc,stats    ] Concurrent Marking                49547 us
[2026-04-03T02:31:08.106+0600][37.966s][info][gc,stats    ] Pause Final Mark (G)                873 us
[2026-04-03T02:31:08.106+0600][37.966s][info][gc,stats    ] Pause Final Mark (N)                685 us
[2026-04-03T02:31:08.106+0600][37.966s][info][gc,stats    ]   Finish Mark                       273 us
[2026-04-03T02:31:08.106+0600][37.966s][info][gc,stats    ]   Update Region States               47 us
[2026-04-03T02:31:08.106+0600][37.966s][info][gc,stats    ]   Choose Collection Set             174 us
[2026-04-03T02:31:08.106+0600][37.966s][info][gc,stats    ]   Rebuild Free Set                   37 us
[2026-04-03T02:31:08.106+0600][37.966s][info][gc,stats    ] Concurrent Thread Roots            1417 us, parallelism: 2.38x
[2026-04-03T02:31:08.106+0600][37.966s][info][gc,stats    ]   CTR: <total>                     3377 us
[2026-04-03T02:31:08.106+0600][37.966s][info][gc,stats    ]   CTR: Thread Roots                3377 us, workers (us): 1238, 1205, 934, ---, ---, ---, 
[2026-04-03T02:31:08.107+0600][37.966s][info][gc,stats    ] Concurrent Weak References          936 us, parallelism: 0.78x
[2026-04-03T02:31:08.107+0600][37.966s][info][gc,stats    ]   CWRF: <total>                     728 us
[2026-04-03T02:31:08.107+0600][37.966s][info][gc,stats    ]   CWRF: Weak References             728 us, workers (us): 530, 198,   0, ---, ---, ---, 
[2026-04-03T02:31:08.107+0600][37.966s][info][gc,stats    ] Concurrent Weak Roots              6074 us
[2026-04-03T02:31:08.107+0600][37.966s][info][gc,stats    ]   Roots                            5455 us, parallelism: 2.73x
[2026-04-03T02:31:08.107+0600][37.966s][info][gc,stats    ]     CWR: <total>                  14914 us
[2026-04-03T02:31:08.107+0600][37.966s][info][gc,stats    ]     CWR: Code Cache Roots         11132 us, workers (us): 3602, 3769, 3761, ---, ---, ---, 
[2026-04-03T02:31:08.107+0600][37.966s][info][gc,stats    ]     CWR: VM Weak Roots             3515 us, workers (us): 1182, 1179, 1155, ---, ---, ---, 
[2026-04-03T02:31:08.107+0600][37.966s][info][gc,stats    ]     CWR: CLDG Roots                 267 us, workers (us): 267, ---, ---, ---, ---, ---, 
[2026-04-03T02:31:08.107+0600][37.966s][info][gc,stats    ]   Rendezvous                        458 us
[2026-04-03T02:31:08.107+0600][37.966s][info][gc,stats    ] Concurrent Cleanup                  769 us
[2026-04-03T02:31:08.107+0600][37.966s][info][gc,stats    ] Concurrent Class Unloading        18019 us
[2026-04-03T02:31:08.107+0600][37.966s][info][gc,stats    ]   Unlink Stale                    15316 us
[2026-04-03T02:31:08.107+0600][37.966s][info][gc,stats    ]     System Dictionary               326 us
[2026-04-03T02:31:08.107+0600][37.966s][info][gc,stats    ]     Weak Class Links                  1 us
[2026-04-03T02:31:08.107+0600][37.966s][info][gc,stats    ]     Code Roots                    14986 us
[2026-04-03T02:31:08.107+0600][37.966s][info][gc,stats    ]   Rendezvous                        502 us
[2026-04-03T02:31:08.107+0600][37.966s][info][gc,stats    ]   Purge Unlinked                   2021 us
[2026-04-03T02:31:08.107+0600][37.966s][info][gc,stats    ]     Code Roots                     2006 us
[2026-04-03T02:31:08.107+0600][37.966s][info][gc,stats    ]     CLDG                             13 us
[2026-04-03T02:31:08.107+0600][37.966s][info][gc,stats    ]     Exception Caches                  0 us
[2026-04-03T02:31:08.107+0600][37.966s][info][gc,stats    ] Concurrent Strong Roots            1715 us, parallelism: 0.64x
[2026-04-03T02:31:08.107+0600][37.966s][info][gc,stats    ]   CSR: <total>                     1102 us
[2026-04-03T02:31:08.107+0600][37.966s][info][gc,stats    ]   CSR: VM Strong Roots               58 us, workers (us):  29,  28,   0, ---, ---, ---, 
[2026-04-03T02:31:08.107+0600][37.966s][info][gc,stats    ]   CSR: CLDG Roots                  1044 us, workers (us): ---, 1044, ---, ---, ---, ---, 
[2026-04-03T02:31:08.107+0600][37.966s][info][gc,stats    ] Concurrent Evacuation              5909 us
[2026-04-03T02:31:08.107+0600][37.966s][info][gc,stats    ] Pause Init Update Refs (G)          612 us
[2026-04-03T02:31:08.107+0600][37.966s][info][gc,stats    ] Pause Init Update Refs (N)          164 us
[2026-04-03T02:31:08.107+0600][37.966s][info][gc,stats    ]   Manage GCLABs                      57 us
[2026-04-03T02:31:08.107+0600][37.966s][info][gc,stats    ] Concurrent Update Refs            55872 us
[2026-04-03T02:31:08.107+0600][37.966s][info][gc,stats    ] Concurrent Update Thread Roots     1674 us
[2026-04-03T02:31:08.107+0600][37.966s][info][gc,stats    ] Pause Final Update Refs (G)         596 us
[2026-04-03T02:31:08.107+0600][37.966s][info][gc,stats    ] Pause Final Update Refs (N)         218 us
[2026-04-03T02:31:08.107+0600][37.966s][info][gc,stats    ]   Update Region States               49 us
[2026-04-03T02:31:08.107+0600][37.966s][info][gc,stats    ]   Trash Collection Set               13 us
[2026-04-03T02:31:08.107+0600][37.966s][info][gc,stats    ]   Rebuild Free Set                   34 us
[2026-04-03T02:31:08.107+0600][37.966s][info][gc,stats    ] Concurrent Cleanup                  241 us
[2026-04-03T02:31:08.107+0600][37.966s][info][gc,stats    ] 
[2026-04-03T02:31:08.107+0600][37.966s][info][gc,stats    ] Allocation pacing accrued:
[2026-04-03T02:31:08.107+0600][37.966s][info][gc,stats    ]       0 of   250 ms (  0.0%): <total>
[2026-04-03T02:31:08.107+0600][37.966s][info][gc,stats    ]       0 of   250 ms (  0.0%): <average total>
[2026-04-03T02:31:08.107+0600][37.966s][info][gc,stats    ] 
[2026-04-03T02:31:08.107+0600][37.966s][info][gc,metaspace] Metaspace: 130270K(131456K)->130281K(131456K) NonClass: 113857K(114496K)->113866K(114496K) Class: 16413K(16960K)->16414K(16960K)
[2026-04-03T02:31:08.107+0600][37.966s][info][gc,ergo     ] Pacer for Idle. Initial: 25600K, Alloc Tax Rate: 1.0x
[2026-04-03T02:31:08.956+0600][38.815s][info][gc          ] Trigger: Average GC time (179.07 ms) is above the time for average allocation rate (1169 MB/s) to deplete free headroom (208M) (margin of error = 1.83)
[2026-04-03T02:31:08.956+0600][38.815s][info][gc,ergo     ] Free headroom: 270M (free) - 64000K (spike) - 0B (penalties) = 208M
[2026-04-03T02:31:08.956+0600][38.815s][info][gc,ergo     ] Free: 270M, Max: 512K regular, 144M humongous, Frag: 47% external, 0% internal; Reserve: 64000K, Max: 512K
[2026-04-03T02:31:08.956+0600][38.815s][info][gc,start    ] GC(24) Concurrent reset
[2026-04-03T02:31:08.956+0600][38.815s][info][gc,task     ] GC(24) Using 3 of 6 workers for concurrent reset
[2026-04-03T02:31:08.956+0600][38.815s][info][gc,ergo     ] GC(24) Pacer for Reset. Non-Taxable: 1250M
[2026-04-03T02:31:08.957+0600][38.816s][info][gc          ] GC(24) Concurrent reset 1.040ms
[2026-04-03T02:31:08.957+0600][38.817s][info][gc,start    ] GC(24) Pause Init Mark (unload classes)
[2026-04-03T02:31:08.957+0600][38.817s][info][gc,task     ] GC(24) Using 6 of 6 workers for init marking
[2026-04-03T02:31:08.957+0600][38.817s][info][gc,ergo     ] GC(24) Pacer for Mark. Expected Live: 91654K, Free: 270M, Non-Taxable: 27723K, Alloc Tax Rate: 0.4x
[2026-04-03T02:31:08.957+0600][38.817s][info][gc          ] GC(24) Pause Init Mark (unload classes) 0.161ms
[2026-04-03T02:31:08.958+0600][38.817s][info][gc,start    ] GC(24) Concurrent marking roots
[2026-04-03T02:31:08.958+0600][38.817s][info][gc,task     ] GC(24) Using 3 of 6 workers for concurrent marking roots
[2026-04-03T02:31:08.959+0600][38.818s][info][gc          ] GC(24) Concurrent marking roots 1.246ms
[2026-04-03T02:31:08.959+0600][38.818s][info][gc,start    ] GC(24) Concurrent marking (unload classes)
[2026-04-03T02:31:08.959+0600][38.818s][info][gc,task     ] GC(24) Using 3 of 6 workers for concurrent marking
[2026-04-03T02:31:09.016+0600][38.875s][info][gc          ] GC(24) Concurrent marking (unload classes) 56.894ms
[2026-04-03T02:31:09.016+0600][38.875s][info][gc,start    ] GC(24) Pause Final Mark (unload classes)
[2026-04-03T02:31:09.016+0600][38.875s][info][gc,task     ] GC(24) Using 6 of 6 workers for final marking
[2026-04-03T02:31:09.017+0600][38.876s][info][gc,ergo     ] GC(24) Adaptive CSet Selection. Target Free: 177M, Actual Free: 839M, Max CSet: 53333K, Min Garbage: 0B
[2026-04-03T02:31:09.017+0600][38.876s][info][gc,ergo     ] GC(24) Collectable Garbage: 745M (98%), Immediate: 549M (72%), CSet: 195M (26%)
[2026-04-03T02:31:09.017+0600][38.876s][info][gc,ergo     ] GC(24) Pacer for Evacuation. Used CSet: 200M, Free: 852M, Non-Taxable: 87320K, Alloc Tax Rate: 1.1x
[2026-04-03T02:31:09.017+0600][38.876s][info][gc          ] GC(24) Pause Final Mark (unload classes) 1.035ms
[2026-04-03T02:31:09.017+0600][38.877s][info][gc,start    ] GC(24) Concurrent thread roots
[2026-04-03T02:31:09.017+0600][38.877s][info][gc,task     ] GC(24) Using 3 of 6 workers for Concurrent thread roots
[2026-04-03T02:31:09.018+0600][38.878s][info][gc          ] GC(24) Concurrent thread roots 1.052ms
[2026-04-03T02:31:09.018+0600][38.878s][info][gc,start    ] GC(24) Concurrent weak references
[2026-04-03T02:31:09.018+0600][38.878s][info][gc,task     ] GC(24) Using 3 of 6 workers for concurrent weak references
[2026-04-03T02:31:09.019+0600][38.879s][info][gc,ref      ] GC(24) Encountered references: Soft: 3864, Weak: 15732, Final: 84, Phantom: 621
[2026-04-03T02:31:09.019+0600][38.879s][info][gc,ref      ] GC(24) Discovered  references: Soft: 0, Weak: 7955, Final: 52, Phantom: 616
[2026-04-03T02:31:09.019+0600][38.879s][info][gc,ref      ] GC(24) Enqueued    references: Soft: 0, Weak: 264, Final: 0, Phantom: 0
[2026-04-03T02:31:09.019+0600][38.879s][info][gc          ] GC(24) Concurrent weak references 0.959ms
[2026-04-03T02:31:09.019+0600][38.879s][info][gc,start    ] GC(24) Concurrent weak roots
[2026-04-03T02:31:09.019+0600][38.879s][info][gc,task     ] GC(24) Using 3 of 6 workers for concurrent weak root
[2026-04-03T02:31:09.023+0600][38.882s][info][gc          ] GC(24) Concurrent weak roots 3.828ms
[2026-04-03T02:31:09.023+0600][38.883s][info][gc,start    ] GC(24) Concurrent cleanup
[2026-04-03T02:31:09.024+0600][38.883s][info][gc          ] GC(24) Concurrent cleanup 881M->332M(1078M) 0.640ms
[2026-04-03T02:31:09.024+0600][38.883s][info][gc,ergo     ] GC(24) Free: 849M, Max: 512K regular, 126M humongous, Frag: 86% external, 0% internal; Reserve: 63630K, Max: 512K
[2026-04-03T02:31:09.024+0600][38.883s][info][gc,start    ] GC(24) Concurrent class unloading
[2026-04-03T02:31:09.024+0600][38.883s][info][gc,task     ] GC(24) Using 3 of 6 workers for concurrent class unloading
[2026-04-03T02:31:09.044+0600][38.903s][info][gc          ] GC(24) Concurrent class unloading 19.780ms
[2026-04-03T02:31:09.044+0600][38.903s][info][gc,start    ] GC(24) Concurrent strong roots
[2026-04-03T02:31:09.044+0600][38.903s][info][gc,task     ] GC(24) Using 3 of 6 workers for concurrent strong root
[2026-04-03T02:31:09.048+0600][38.907s][info][gc          ] GC(24) Concurrent strong roots 3.835ms
[2026-04-03T02:31:09.048+0600][38.907s][info][gc,start    ] GC(24) Concurrent evacuation
[2026-04-03T02:31:09.048+0600][38.907s][info][gc,task     ] GC(24) Using 3 of 6 workers for concurrent evacuation
[2026-04-03T02:31:09.052+0600][38.912s][info][gc          ] GC(24) Concurrent evacuation 4.592ms
[2026-04-03T02:31:09.053+0600][38.912s][info][gc,start    ] GC(24) Pause Init Update Refs
[2026-04-03T02:31:09.053+0600][38.912s][info][gc,ergo     ] GC(24) Pacer for Update Refs. Used: 352M, Free: 834M, Non-Taxable: 85405K, Alloc Tax Rate: 1.1x
[2026-04-03T02:31:09.053+0600][38.912s][info][gc          ] GC(24) Pause Init Update Refs 0.151ms
[2026-04-03T02:31:09.053+0600][38.912s][info][gc,start    ] GC(24) Concurrent update references
[2026-04-03T02:31:09.053+0600][38.913s][info][gc,task     ] GC(24) Using 3 of 6 workers for concurrent reference update
[2026-04-03T02:31:09.103+0600][38.962s][info][gc          ] GC(24) Concurrent update references 49.559ms
[2026-04-03T02:31:09.103+0600][38.962s][info][gc,start    ] GC(24) Concurrent update thread roots
[2026-04-03T02:31:09.105+0600][38.965s][info][gc          ] GC(24) Concurrent update thread roots 2.473ms
[2026-04-03T02:31:09.106+0600][38.965s][info][gc,start    ] GC(24) Pause Final Update Refs
[2026-04-03T02:31:09.106+0600][38.965s][info][gc,task     ] GC(24) Using 6 of 6 workers for final reference update
[2026-04-03T02:31:09.106+0600][38.965s][info][gc          ] GC(24) Pause Final Update Refs 0.174ms
[2026-04-03T02:31:09.106+0600][38.965s][info][gc,start    ] GC(24) Concurrent cleanup
[2026-04-03T02:31:09.107+0600][38.966s][info][gc          ] GC(24) Concurrent cleanup 387M->187M(1078M) 0.577ms
[2026-04-03T02:31:09.107+0600][38.966s][info][gc,ergo     ] Free: 988M, Max: 512K regular, 469M humongous, Frag: 53% external, 0% internal; Reserve: 64000K, Max: 512K
[2026-04-03T02:31:09.107+0600][38.966s][info][gc,stats    ] 
[2026-04-03T02:31:09.107+0600][38.966s][info][gc,stats    ] All times are wall-clock times, except per-root-class counters, that are sum over
[2026-04-03T02:31:09.107+0600][38.966s][info][gc,stats    ] all workers. Dividing the <total> over the root stage time estimates parallelism.
[2026-04-03T02:31:09.107+0600][38.966s][info][gc,stats    ] 
[2026-04-03T02:31:09.107+0600][38.966s][info][gc,stats    ] Concurrent Reset                   1100 us
[2026-04-03T02:31:09.107+0600][38.966s][info][gc,stats    ] Pause Init Mark (G)                 507 us
[2026-04-03T02:31:09.107+0600][38.966s][info][gc,stats    ] Pause Init Mark (N)                 176 us
[2026-04-03T02:31:09.107+0600][38.966s][info][gc,stats    ]   Update Region States               32 us
[2026-04-03T02:31:09.107+0600][38.966s][info][gc,stats    ] Concurrent Mark Roots              1293 us, parallelism: 1.79x
[2026-04-03T02:31:09.107+0600][38.966s][info][gc,stats    ]   CMR: <total>                     2309 us
[2026-04-03T02:31:09.107+0600][38.966s][info][gc,stats    ]   CMR: Thread Roots                1961 us, workers (us): 455, 750, 757, ---, ---, ---, 
[2026-04-03T02:31:09.107+0600][38.966s][info][gc,stats    ]   CMR: VM Strong Roots               33 us, workers (us):  31,   1,   1, ---, ---, ---, 
[2026-04-03T02:31:09.107+0600][38.966s][info][gc,stats    ]   CMR: CLDG Roots                   315 us, workers (us): 315, ---, ---, ---, ---, ---, 
[2026-04-03T02:31:09.107+0600][38.966s][info][gc,stats    ] Concurrent Marking                56964 us
[2026-04-03T02:31:09.107+0600][38.966s][info][gc,stats    ] Pause Final Mark (G)               1422 us
[2026-04-03T02:31:09.107+0600][38.966s][info][gc,stats    ] Pause Final Mark (N)               1047 us
[2026-04-03T02:31:09.107+0600][38.966s][info][gc,stats    ]   Finish Mark                       329 us
[2026-04-03T02:31:09.107+0600][38.966s][info][gc,stats    ]   Update Region States               54 us
[2026-04-03T02:31:09.107+0600][38.966s][info][gc,stats    ]   Choose Collection Set             424 us
[2026-04-03T02:31:09.107+0600][38.966s][info][gc,stats    ]   Rebuild Free Set                   48 us
[2026-04-03T02:31:09.107+0600][38.966s][info][gc,stats    ] Concurrent Thread Roots            1089 us, parallelism: 2.34x
[2026-04-03T02:31:09.107+0600][38.967s][info][gc,stats    ]   CTR: <total>                     2547 us
[2026-04-03T02:31:09.107+0600][38.967s][info][gc,stats    ]   CTR: Thread Roots                2547 us, workers (us): 892, 851, 804, ---, ---, ---, 
[2026-04-03T02:31:09.107+0600][38.967s][info][gc,stats    ] Concurrent Weak References          973 us, parallelism: 1.35x
[2026-04-03T02:31:09.107+0600][38.967s][info][gc,stats    ]   CWRF: <total>                    1315 us
[2026-04-03T02:31:09.107+0600][38.967s][info][gc,stats    ]   CWRF: Weak References            1315 us, workers (us): 694, 148, 473, ---, ---, ---, 
[2026-04-03T02:31:09.107+0600][38.967s][info][gc,stats    ] Concurrent Weak Roots              3929 us
[2026-04-03T02:31:09.107+0600][38.967s][info][gc,stats    ]   Roots                            3336 us, parallelism: 2.64x
[2026-04-03T02:31:09.107+0600][38.967s][info][gc,stats    ]     CWR: <total>                   8802 us
[2026-04-03T02:31:09.107+0600][38.967s][info][gc,stats    ]     CWR: Code Cache Roots          6381 us, workers (us): 2120, 2227, 2034, ---, ---, ---, 
[2026-04-03T02:31:09.107+0600][38.967s][info][gc,stats    ]     CWR: VM Weak Roots             2278 us, workers (us): 787, 775, 715, ---, ---, ---, 
[2026-04-03T02:31:09.107+0600][38.967s][info][gc,stats    ]     CWR: CLDG Roots                 143 us, workers (us): ---, ---, 143, ---, ---, ---, 
[2026-04-03T02:31:09.107+0600][38.967s][info][gc,stats    ]   Rendezvous                        461 us
[2026-04-03T02:31:09.107+0600][38.967s][info][gc,stats    ] Concurrent Cleanup                  706 us
[2026-04-03T02:31:09.107+0600][38.967s][info][gc,stats    ] Concurrent Class Unloading        19900 us
[2026-04-03T02:31:09.107+0600][38.967s][info][gc,stats    ]   Unlink Stale                    14808 us
[2026-04-03T02:31:09.107+0600][38.967s][info][gc,stats    ]     System Dictionary               249 us
[2026-04-03T02:31:09.107+0600][38.967s][info][gc,stats    ]     Weak Class Links                  0 us
[2026-04-03T02:31:09.107+0600][38.967s][info][gc,stats    ]     Code Roots                    14477 us
[2026-04-03T02:31:09.107+0600][38.967s][info][gc,stats    ]   Rendezvous                        447 us
[2026-04-03T02:31:09.107+0600][38.967s][info][gc,stats    ]   Purge Unlinked                   4490 us
[2026-04-03T02:31:09.107+0600][38.967s][info][gc,stats    ]     Code Roots                     4471 us
[2026-04-03T02:31:09.107+0600][38.967s][info][gc,stats    ]     CLDG                             17 us
[2026-04-03T02:31:09.108+0600][38.967s][info][gc,stats    ]     Exception Caches                  1 us
[2026-04-03T02:31:09.108+0600][38.967s][info][gc,stats    ] Concurrent Strong Roots            3943 us, parallelism: 0.29x
[2026-04-03T02:31:09.108+0600][38.967s][info][gc,stats    ]   CSR: <total>                     1133 us
[2026-04-03T02:31:09.108+0600][38.967s][info][gc,stats    ]   CSR: VM Strong Roots               50 us, workers (us):  47,   2,   0, ---, ---, ---, 
[2026-04-03T02:31:09.108+0600][38.967s][info][gc,stats    ]   CSR: CLDG Roots                  1083 us, workers (us): 1083, ---, ---, ---, ---, ---, 
[2026-04-03T02:31:09.108+0600][38.967s][info][gc,stats    ] Concurrent Evacuation              4699 us
[2026-04-03T02:31:09.108+0600][38.967s][info][gc,stats    ] Pause Init Update Refs (G)          633 us
[2026-04-03T02:31:09.108+0600][38.967s][info][gc,stats    ] Pause Init Update Refs (N)          165 us
[2026-04-03T02:31:09.108+0600][38.967s][info][gc,stats    ]   Manage GCLABs                      37 us
[2026-04-03T02:31:09.108+0600][38.967s][info][gc,stats    ] Concurrent Update Refs            49691 us
[2026-04-03T02:31:09.108+0600][38.967s][info][gc,stats    ] Concurrent Update Thread Roots     2581 us
[2026-04-03T02:31:09.108+0600][38.967s][info][gc,stats    ] Pause Final Update Refs (G)         685 us
[2026-04-03T02:31:09.108+0600][38.967s][info][gc,stats    ] Pause Final Update Refs (N)         188 us
[2026-04-03T02:31:09.108+0600][38.967s][info][gc,stats    ]   Update Region States               54 us
[2026-04-03T02:31:09.108+0600][38.967s][info][gc,stats    ]   Trash Collection Set               19 us
[2026-04-03T02:31:09.108+0600][38.967s][info][gc,stats    ]   Rebuild Free Set                   42 us
[2026-04-03T02:31:09.108+0600][38.967s][info][gc,stats    ] Concurrent Cleanup                  610 us
[2026-04-03T02:31:09.108+0600][38.967s][info][gc,stats    ] Pacing                            64029 us
[2026-04-03T02:31:09.108+0600][38.967s][info][gc,stats    ] 
[2026-04-03T02:31:09.108+0600][38.967s][info][gc,stats    ] Allocation pacing accrued:
[2026-04-03T02:31:09.108+0600][38.967s][info][gc,stats    ]      21 of  1001 ms (  2.1%): Executor task launch worker for task 3.0 in stage 707.0 (TID 1514)
[2026-04-03T02:31:09.108+0600][38.967s][info][gc,stats    ]      11 of  1001 ms (  1.1%): Executor task launch worker for task 4.0 in stage 707.0 (TID 1515)
[2026-04-03T02:31:09.108+0600][38.967s][info][gc,stats    ]      21 of  1001 ms (  2.1%): Executor task launch worker for task 0.0 in stage 707.0 (TID 1511)
[2026-04-03T02:31:09.108+0600][38.967s][info][gc,stats    ]      10 of  1001 ms (  1.0%): task-result-getter-3
[2026-04-03T02:31:09.108+0600][38.967s][info][gc,stats    ]      64 of  1001 ms (  6.4%): <total>
[2026-04-03T02:31:09.108+0600][38.967s][info][gc,stats    ]       0 of  1001 ms (  0.0%): <average total>
[2026-04-03T02:31:09.108+0600][38.967s][info][gc,stats    ]      16 of  1001 ms (  1.6%): <average non-zero>
[2026-04-03T02:31:09.108+0600][38.967s][info][gc,stats    ] 
[2026-04-03T02:31:09.108+0600][38.967s][info][gc,metaspace] Metaspace: 130334K(131520K)->130338K(131520K) NonClass: 113918K(114560K)->113922K(114560K) Class: 16415K(16960K)->16415K(16960K)
[2026-04-03T02:31:09.108+0600][38.967s][info][gc,ergo     ] Pacer for Idle. Initial: 25600K, Alloc Tax Rate: 1.0x
[2026-04-03T02:31:09.944+0600][39.803s][info][gc          ] Trigger: Average GC time (171.38 ms) is above the time for average allocation rate (1102 MB/s) to deplete free headroom (188M) (margin of error = 1.83)
[2026-04-03T02:31:09.944+0600][39.803s][info][gc,ergo     ] Free headroom: 251M (free) - 64000K (spike) - 0B (penalties) = 188M
[2026-04-03T02:31:09.944+0600][39.803s][info][gc,ergo     ] Free: 251M, Max: 512K regular, 123M humongous, Frag: 51% external, 0% internal; Reserve: 64000K, Max: 512K
[2026-04-03T02:31:09.944+0600][39.803s][info][gc,start    ] GC(25) Concurrent reset
[2026-04-03T02:31:09.944+0600][39.803s][info][gc,task     ] GC(25) Using 3 of 6 workers for concurrent reset
[2026-04-03T02:31:09.944+0600][39.803s][info][gc,ergo     ] GC(25) Pacer for Reset. Non-Taxable: 1250M
[2026-04-03T02:31:09.945+0600][39.805s][info][gc          ] GC(25) Concurrent reset 1.319ms
[2026-04-03T02:31:09.946+0600][39.805s][info][gc,start    ] GC(25) Pause Init Mark (unload classes)
[2026-04-03T02:31:09.946+0600][39.805s][info][gc,task     ] GC(25) Using 6 of 6 workers for init marking
[2026-04-03T02:31:09.946+0600][39.805s][info][gc,ergo     ] GC(25) Pacer for Mark. Expected Live: 91491K, Free: 246M, Non-Taxable: 25245K, Alloc Tax Rate: 0.4x
[2026-04-03T02:31:09.946+0600][39.805s][info][gc          ] GC(25) Pause Init Mark (unload classes) 0.157ms
[2026-04-03T02:31:09.946+0600][39.805s][info][gc,start    ] GC(25) Concurrent marking roots
[2026-04-03T02:31:09.946+0600][39.805s][info][gc,task     ] GC(25) Using 3 of 6 workers for concurrent marking roots
[2026-04-03T02:31:09.947+0600][39.807s][info][gc          ] GC(25) Concurrent marking roots 1.344ms
[2026-04-03T02:31:09.947+0600][39.807s][info][gc,start    ] GC(25) Concurrent marking (unload classes)
[2026-04-03T02:31:09.947+0600][39.807s][info][gc,task     ] GC(25) Using 3 of 6 workers for concurrent marking
[2026-04-03T02:31:10.006+0600][39.865s][info][gc          ] GC(25) Concurrent marking (unload classes) 58.587ms
[2026-04-03T02:31:10.006+0600][39.866s][info][gc,start    ] GC(25) Pause Final Mark (unload classes)
[2026-04-03T02:31:10.006+0600][39.866s][info][gc,task     ] GC(25) Using 6 of 6 workers for final marking
[2026-04-03T02:31:10.007+0600][39.866s][info][gc,ergo     ] GC(25) Adaptive CSet Selection. Target Free: 177M, Actual Free: 850M, Max CSet: 53333K, Min Garbage: 0B
[2026-04-03T02:31:10.007+0600][39.866s][info][gc,ergo     ] GC(25) Collectable Garbage: 765M (98%), Immediate: 581M (75%), CSet: 184M (23%)
[2026-04-03T02:31:10.007+0600][39.866s][info][gc,ergo     ] GC(25) Pacer for Evacuation. Used CSet: 188M, Free: 863M, Non-Taxable: 88372K, Alloc Tax Rate: 1.1x
[2026-04-03T02:31:10.007+0600][39.866s][info][gc          ] GC(25) Pause Final Mark (unload classes) 0.719ms
[2026-04-03T02:31:10.007+0600][39.866s][info][gc,start    ] GC(25) Concurrent thread roots
[2026-04-03T02:31:10.007+0600][39.866s][info][gc,task     ] GC(25) Using 3 of 6 workers for Concurrent thread roots
[2026-04-03T02:31:10.008+0600][39.868s][info][gc          ] GC(25) Concurrent thread roots 1.114ms
[2026-04-03T02:31:10.008+0600][39.868s][info][gc,start    ] GC(25) Concurrent weak references
[2026-04-03T02:31:10.008+0600][39.868s][info][gc,task     ] GC(25) Using 3 of 6 workers for concurrent weak references
[2026-04-03T02:31:10.009+0600][39.869s][info][gc,ref      ] GC(25) Encountered references: Soft: 3864, Weak: 16677, Final: 84, Phantom: 621
[2026-04-03T02:31:10.009+0600][39.869s][info][gc,ref      ] GC(25) Discovered  references: Soft: 0, Weak: 10677, Final: 0, Phantom: 616
[2026-04-03T02:31:10.009+0600][39.869s][info][gc,ref      ] GC(25) Enqueued    references: Soft: 0, Weak: 1629, Final: 0, Phantom: 0
[2026-04-03T02:31:10.009+0600][39.869s][info][gc          ] GC(25) Concurrent weak references 1.004ms
[2026-04-03T02:31:10.009+0600][39.869s][info][gc,start    ] GC(25) Concurrent weak roots
[2026-04-03T02:31:10.009+0600][39.869s][info][gc,task     ] GC(25) Using 3 of 6 workers for concurrent weak root
[2026-04-03T02:31:10.013+0600][39.872s][info][gc          ] GC(25) Concurrent weak roots 3.297ms
[2026-04-03T02:31:10.013+0600][39.872s][info][gc,start    ] GC(25) Concurrent cleanup
[2026-04-03T02:31:10.013+0600][39.873s][info][gc          ] GC(25) Concurrent cleanup 906M->325M(1078M) 0.694ms
[2026-04-03T02:31:10.013+0600][39.873s][info][gc,ergo     ] GC(25) Free: 856M, Max: 512K regular, 123M humongous, Frag: 86% external, 0% internal; Reserve: 63589K, Max: 512K
[2026-04-03T02:31:10.013+0600][39.873s][info][gc,start    ] GC(25) Concurrent class unloading
[2026-04-03T02:31:10.013+0600][39.873s][info][gc,task     ] GC(25) Using 3 of 6 workers for concurrent class unloading
[2026-04-03T02:31:10.032+0600][39.891s][info][gc          ] GC(25) Concurrent class unloading 18.803ms
[2026-04-03T02:31:10.032+0600][39.892s][info][gc,start    ] GC(25) Concurrent strong roots
[2026-04-03T02:31:10.032+0600][39.892s][info][gc,task     ] GC(25) Using 3 of 6 workers for concurrent strong root
[2026-04-03T02:31:10.034+0600][39.893s][info][gc          ] GC(25) Concurrent strong roots 1.862ms
[2026-04-03T02:31:10.034+0600][39.894s][info][gc,start    ] GC(25) Concurrent evacuation
[2026-04-03T02:31:10.034+0600][39.894s][info][gc,task     ] GC(25) Using 3 of 6 workers for concurrent evacuation
[2026-04-03T02:31:10.038+0600][39.897s][info][gc          ] GC(25) Concurrent evacuation 3.279ms
[2026-04-03T02:31:10.038+0600][39.897s][info][gc,start    ] GC(25) Pause Init Update Refs
[2026-04-03T02:31:10.038+0600][39.897s][info][gc,ergo     ] GC(25) Pacer for Update Refs. Used: 342M, Free: 843M, Non-Taxable: 86406K, Alloc Tax Rate: 1.1x
[2026-04-03T02:31:10.038+0600][39.897s][info][gc          ] GC(25) Pause Init Update Refs 0.219ms
[2026-04-03T02:31:10.038+0600][39.898s][info][gc,start    ] GC(25) Concurrent update references
[2026-04-03T02:31:10.038+0600][39.898s][info][gc,task     ] GC(25) Using 3 of 6 workers for concurrent reference update
[2026-04-03T02:31:10.095+0600][39.954s][info][gc          ] GC(25) Concurrent update references 56.404ms
[2026-04-03T02:31:10.095+0600][39.954s][info][gc,start    ] GC(25) Concurrent update thread roots
[2026-04-03T02:31:10.097+0600][39.956s][info][gc          ] GC(25) Concurrent update thread roots 1.903ms
[2026-04-03T02:31:10.097+0600][39.956s][info][gc,start    ] GC(25) Pause Final Update Refs
[2026-04-03T02:31:10.097+0600][39.956s][info][gc,task     ] GC(25) Using 6 of 6 workers for final reference update
[2026-04-03T02:31:10.097+0600][39.956s][info][gc          ] GC(25) Pause Final Update Refs 0.238ms
[2026-04-03T02:31:10.097+0600][39.957s][info][gc,start    ] GC(25) Concurrent cleanup
[2026-04-03T02:31:10.098+0600][39.957s][info][gc          ] GC(25) Concurrent cleanup 383M->195M(1078M) 0.360ms
[2026-04-03T02:31:10.098+0600][39.957s][info][gc,ergo     ] Free: 980M, Max: 512K regular, 440M humongous, Frag: 56% external, 0% internal; Reserve: 64000K, Max: 512K
[2026-04-03T02:31:10.098+0600][39.957s][info][gc,stats    ] 
[2026-04-03T02:31:10.098+0600][39.957s][info][gc,stats    ] All times are wall-clock times, except per-root-class counters, that are sum over
[2026-04-03T02:31:10.098+0600][39.957s][info][gc,stats    ] all workers. Dividing the <total> over the root stage time estimates parallelism.
[2026-04-03T02:31:10.098+0600][39.957s][info][gc,stats    ] 
[2026-04-03T02:31:10.098+0600][39.957s][info][gc,stats    ] Concurrent Reset                   1385 us
[2026-04-03T02:31:10.098+0600][39.957s][info][gc,stats    ] Pause Init Mark (G)                 529 us
[2026-04-03T02:31:10.098+0600][39.957s][info][gc,stats    ] Pause Init Mark (N)                 166 us
[2026-04-03T02:31:10.098+0600][39.957s][info][gc,stats    ]   Update Region States               31 us
[2026-04-03T02:31:10.098+0600][39.957s][info][gc,stats    ] Concurrent Mark Roots              1405 us, parallelism: 1.80x
[2026-04-03T02:31:10.098+0600][39.957s][info][gc,stats    ]   CMR: <total>                     2524 us
[2026-04-03T02:31:10.098+0600][39.957s][info][gc,stats    ]   CMR: Thread Roots                2176 us, workers (us): 537, 823, 815, ---, ---, ---, 
[2026-04-03T02:31:10.098+0600][39.957s][info][gc,stats    ]   CMR: VM Strong Roots               41 us, workers (us):  28,  12,   1, ---, ---, ---, 
[2026-04-03T02:31:10.098+0600][39.957s][info][gc,stats    ]   CMR: CLDG Roots                   308 us, workers (us): 308, ---, ---, ---, ---, ---, 
[2026-04-03T02:31:10.098+0600][39.957s][info][gc,stats    ] Concurrent Marking                58646 us
[2026-04-03T02:31:10.098+0600][39.957s][info][gc,stats    ] Pause Final Mark (G)               1043 us
[2026-04-03T02:31:10.098+0600][39.957s][info][gc,stats    ] Pause Final Mark (N)                732 us
[2026-04-03T02:31:10.098+0600][39.957s][info][gc,stats    ]   Finish Mark                       206 us
[2026-04-03T02:31:10.098+0600][39.957s][info][gc,stats    ]   Update Region States               45 us
[2026-04-03T02:31:10.098+0600][39.957s][info][gc,stats    ]   Choose Collection Set             265 us
[2026-04-03T02:31:10.098+0600][39.957s][info][gc,stats    ]   Rebuild Free Set                   35 us
[2026-04-03T02:31:10.098+0600][39.957s][info][gc,stats    ] Concurrent Thread Roots            1151 us, parallelism: 2.53x
[2026-04-03T02:31:10.098+0600][39.957s][info][gc,stats    ]   CTR: <total>                     2907 us
[2026-04-03T02:31:10.098+0600][39.957s][info][gc,stats    ]   CTR: Thread Roots                2907 us, workers (us): 1004, 955, 948, ---, ---, ---, 
[2026-04-03T02:31:10.098+0600][39.957s][info][gc,stats    ] Concurrent Weak References         1013 us, parallelism: 1.44x
[2026-04-03T02:31:10.098+0600][39.958s][info][gc,stats    ]   CWRF: <total>                    1457 us
[2026-04-03T02:31:10.098+0600][39.958s][info][gc,stats    ]   CWRF: Weak References            1457 us, workers (us): 519,  99, 838, ---, ---, ---, 
[2026-04-03T02:31:10.098+0600][39.958s][info][gc,stats    ] Concurrent Weak Roots              3340 us
[2026-04-03T02:31:10.098+0600][39.958s][info][gc,stats    ]   Roots                            3010 us, parallelism: 2.73x
[2026-04-03T02:31:10.098+0600][39.958s][info][gc,stats    ]     CWR: <total>                   8226 us
[2026-04-03T02:31:10.098+0600][39.958s][info][gc,stats    ]     CWR: Code Cache Roots          6174 us, workers (us): 2086, 2096, 1993, ---, ---, ---, 
[2026-04-03T02:31:10.098+0600][39.958s][info][gc,stats    ]     CWR: VM Weak Roots             1927 us, workers (us): 648, 645, 635, ---, ---, ---, 
[2026-04-03T02:31:10.098+0600][39.958s][info][gc,stats    ]     CWR: CLDG Roots                 125 us, workers (us): ---, ---, 125, ---, ---, ---, 
[2026-04-03T02:31:10.098+0600][39.958s][info][gc,stats    ]   Rendezvous                        266 us
[2026-04-03T02:31:10.098+0600][39.958s][info][gc,stats    ] Concurrent Cleanup                  710 us
[2026-04-03T02:31:10.098+0600][39.958s][info][gc,stats    ] Concurrent Class Unloading        18919 us
[2026-04-03T02:31:10.098+0600][39.958s][info][gc,stats    ]   Unlink Stale                    14859 us
[2026-04-03T02:31:10.098+0600][39.958s][info][gc,stats    ]     System Dictionary               234 us
[2026-04-03T02:31:10.098+0600][39.958s][info][gc,stats    ]     Weak Class Links                  0 us
[2026-04-03T02:31:10.098+0600][39.958s][info][gc,stats    ]     Code Roots                    14621 us
[2026-04-03T02:31:10.098+0600][39.958s][info][gc,stats    ]   Rendezvous                        279 us
[2026-04-03T02:31:10.098+0600][39.958s][info][gc,stats    ]   Purge Unlinked                   3637 us
[2026-04-03T02:31:10.098+0600][39.958s][info][gc,stats    ]     Code Roots                     3617 us
[2026-04-03T02:31:10.098+0600][39.958s][info][gc,stats    ]     CLDG                             19 us
[2026-04-03T02:31:10.098+0600][39.958s][info][gc,stats    ]     Exception Caches                  0 us
[2026-04-03T02:31:10.098+0600][39.958s][info][gc,stats    ] Concurrent Strong Roots            1949 us, parallelism: 0.65x
[2026-04-03T02:31:10.098+0600][39.958s][info][gc,stats    ]   CSR: <total>                     1264 us
[2026-04-03T02:31:10.098+0600][39.958s][info][gc,stats    ]   CSR: VM Strong Roots               56 us, workers (us):  53,   2,   0, ---, ---, ---, 
[2026-04-03T02:31:10.098+0600][39.958s][info][gc,stats    ]   CSR: CLDG Roots                  1208 us, workers (us): 1208, ---, ---, ---, ---, ---, 
[2026-04-03T02:31:10.098+0600][39.958s][info][gc,stats    ] Concurrent Evacuation              3338 us
[2026-04-03T02:31:10.098+0600][39.958s][info][gc,stats    ] Pause Init Update Refs (G)          656 us
[2026-04-03T02:31:10.099+0600][39.958s][info][gc,stats    ] Pause Init Update Refs (N)          238 us
[2026-04-03T02:31:10.099+0600][39.958s][info][gc,stats    ]   Manage GCLABs                      50 us
[2026-04-03T02:31:10.099+0600][39.958s][info][gc,stats    ] Concurrent Update Refs            56532 us
[2026-04-03T02:31:10.099+0600][39.958s][info][gc,stats    ] Concurrent Update Thread Roots     1997 us
[2026-04-03T02:31:10.099+0600][39.958s][info][gc,stats    ] Pause Final Update Refs (G)         530 us
[2026-04-03T02:31:10.099+0600][39.958s][info][gc,stats    ] Pause Final Update Refs (N)         259 us
[2026-04-03T02:31:10.099+0600][39.958s][info][gc,stats    ]   Update Region States               51 us
[2026-04-03T02:31:10.099+0600][39.958s][info][gc,stats    ]   Trash Collection Set               18 us
[2026-04-03T02:31:10.099+0600][39.958s][info][gc,stats    ]   Rebuild Free Set                   40 us
[2026-04-03T02:31:10.099+0600][39.958s][info][gc,stats    ] Concurrent Cleanup                  426 us
[2026-04-03T02:31:10.099+0600][39.958s][info][gc,stats    ] Pacing                           118102 us
[2026-04-03T02:31:10.099+0600][39.958s][info][gc,stats    ] 
[2026-04-03T02:31:10.099+0600][39.958s][info][gc,stats    ] Allocation pacing accrued:
[2026-04-03T02:31:10.099+0600][39.958s][info][gc,stats    ]      21 of   991 ms (  2.2%): Executor task launch worker for task 2.0 in stage 753.0 (TID 1641)
[2026-04-03T02:31:10.099+0600][39.958s][info][gc,stats    ]      22 of   991 ms (  2.2%): Executor task launch worker for task 3.0 in stage 753.0 (TID 1642)
[2026-04-03T02:31:10.099+0600][39.958s][info][gc,stats    ]      11 of   991 ms (  1.1%): Executor task launch worker for task 6.0 in stage 753.0 (TID 1645)
[2026-04-03T02:31:10.099+0600][39.958s][info][gc,stats    ]      21 of   991 ms (  2.1%): Executor task launch worker for task 7.0 in stage 753.0 (TID 1646)
[2026-04-03T02:31:10.099+0600][39.958s][info][gc,stats    ]       9 of   991 ms (  0.9%): task-result-getter-0
[2026-04-03T02:31:10.099+0600][39.958s][info][gc,stats    ]      11 of   991 ms (  1.1%): task-result-getter-2
[2026-04-03T02:31:10.099+0600][39.958s][info][gc,stats    ]      22 of   991 ms (  2.2%): task-result-getter-3
[2026-04-03T02:31:10.099+0600][39.958s][info][gc,stats    ]     118 of   991 ms ( 11.9%): <total>
[2026-04-03T02:31:10.099+0600][39.958s][info][gc,stats    ]       0 of   991 ms (  0.0%): <average total>
[2026-04-03T02:31:10.099+0600][39.958s][info][gc,stats    ]      17 of   991 ms (  1.7%): <average non-zero>
[2026-04-03T02:31:10.099+0600][39.958s][info][gc,stats    ] 
[2026-04-03T02:31:10.099+0600][39.958s][info][gc,metaspace] Metaspace: 130383K(131520K)->130393K(131520K) NonClass: 113967K(114560K)->113977K(114560K) Class: 16415K(16960K)->16415K(16960K)
[2026-04-03T02:31:10.099+0600][39.958s][info][gc,ergo     ] Pacer for Idle. Initial: 25600K, Alloc Tax Rate: 1.0x
[2026-04-03T02:31:10.833+0600][40.692s][info][gc          ] Trigger: Average GC time (167.44 ms) is above the time for average allocation rate (912 MB/s) to deplete free headroom (151M) (margin of error = 1.83)
[2026-04-03T02:31:10.833+0600][40.692s][info][gc,ergo     ] Free headroom: 214M (free) - 64000K (spike) - 0B (penalties) = 151M
[2026-04-03T02:31:10.833+0600][40.692s][info][gc,ergo     ] Free: 214M, Max: 512K regular, 122M humongous, Frag: 43% external, 1% internal; Reserve: 64000K, Max: 512K
[2026-04-03T02:31:10.833+0600][40.692s][info][gc,start    ] GC(26) Concurrent reset
[2026-04-03T02:31:10.833+0600][40.692s][info][gc,task     ] GC(26) Using 3 of 6 workers for concurrent reset
[2026-04-03T02:31:10.833+0600][40.692s][info][gc,ergo     ] GC(26) Pacer for Reset. Non-Taxable: 1250M
[2026-04-03T02:31:10.836+0600][40.695s][info][gc          ] GC(26) Concurrent reset 2.630ms
[2026-04-03T02:31:10.836+0600][40.696s][info][gc,start    ] GC(26) Pause Init Mark (unload classes)
[2026-04-03T02:31:10.836+0600][40.696s][info][gc,task     ] GC(26) Using 6 of 6 workers for init marking
[2026-04-03T02:31:10.836+0600][40.696s][info][gc,ergo     ] GC(26) Pacer for Mark. Expected Live: 92622K, Free: 209M, Non-Taxable: 21485K, Alloc Tax Rate: 0.5x
[2026-04-03T02:31:10.836+0600][40.696s][info][gc          ] GC(26) Pause Init Mark (unload classes) 0.156ms
[2026-04-03T02:31:10.837+0600][40.696s][info][gc,start    ] GC(26) Concurrent marking roots
[2026-04-03T02:31:10.837+0600][40.696s][info][gc,task     ] GC(26) Using 3 of 6 workers for concurrent marking roots
[2026-04-03T02:31:10.843+0600][40.702s][info][gc          ] GC(26) Concurrent marking roots 6.130ms
[2026-04-03T02:31:10.843+0600][40.702s][info][gc,start    ] GC(26) Concurrent marking (unload classes)
[2026-04-03T02:31:10.843+0600][40.702s][info][gc,task     ] GC(26) Using 3 of 6 workers for concurrent marking
[2026-04-03T02:31:10.908+0600][40.768s][info][gc          ] GC(26) Concurrent marking (unload classes) 65.574ms
[2026-04-03T02:31:10.909+0600][40.768s][info][gc,start    ] GC(26) Pause Final Mark (unload classes)
[2026-04-03T02:31:10.909+0600][40.768s][info][gc,task     ] GC(26) Using 6 of 6 workers for final marking
[2026-04-03T02:31:10.909+0600][40.768s][info][gc,ergo     ] GC(26) Adaptive CSet Selection. Target Free: 177M, Actual Free: 783M, Max CSet: 53333K, Min Garbage: 0B
[2026-04-03T02:31:10.909+0600][40.769s][info][gc,ergo     ] GC(26) Collectable Garbage: 801M (99%), Immediate: 548M (67%), CSet: 252M (31%)
[2026-04-03T02:31:10.909+0600][40.769s][info][gc,ergo     ] GC(26) Pacer for Evacuation. Used CSet: 259M, Free: 797M, Non-Taxable: 81654K, Alloc Tax Rate: 1.1x
[2026-04-03T02:31:10.909+0600][40.769s][info][gc          ] GC(26) Pause Final Mark (unload classes) 0.863ms
[2026-04-03T02:31:10.910+0600][40.769s][info][gc,start    ] GC(26) Concurrent thread roots
[2026-04-03T02:31:10.910+0600][40.769s][info][gc,task     ] GC(26) Using 3 of 6 workers for Concurrent thread roots
[2026-04-03T02:31:10.911+0600][40.770s][info][gc          ] GC(26) Concurrent thread roots 1.271ms
[2026-04-03T02:31:10.911+0600][40.770s][info][gc,start    ] GC(26) Concurrent weak references
[2026-04-03T02:31:10.911+0600][40.770s][info][gc,task     ] GC(26) Using 3 of 6 workers for concurrent weak references
[2026-04-03T02:31:10.912+0600][40.771s][info][gc,ref      ] GC(26) Encountered references: Soft: 3872, Weak: 16517, Final: 84, Phantom: 621
[2026-04-03T02:31:10.912+0600][40.771s][info][gc,ref      ] GC(26) Discovered  references: Soft: 0, Weak: 7654, Final: 0, Phantom: 615
[2026-04-03T02:31:10.912+0600][40.771s][info][gc,ref      ] GC(26) Enqueued    references: Soft: 0, Weak: 1744, Final: 0, Phantom: 0
[2026-04-03T02:31:10.912+0600][40.771s][info][gc          ] GC(26) Concurrent weak references 0.992ms
[2026-04-03T02:31:10.912+0600][40.771s][info][gc,start    ] GC(26) Concurrent weak roots
[2026-04-03T02:31:10.912+0600][40.771s][info][gc,task     ] GC(26) Using 3 of 6 workers for concurrent weak root
[2026-04-03T02:31:10.917+0600][40.776s][info][gc          ] GC(26) Concurrent weak roots 4.692ms
[2026-04-03T02:31:10.917+0600][40.776s][info][gc,start    ] GC(26) Concurrent cleanup
[2026-04-03T02:31:10.917+0600][40.777s][info][gc          ] GC(26) Concurrent cleanup 935M->386M(1078M) 0.472ms
[2026-04-03T02:31:10.917+0600][40.777s][info][gc,ergo     ] GC(26) Free: 795M, Max: 512K regular, 122M humongous, Frag: 85% external, 0% internal; Reserve: 63360K, Max: 512K
[2026-04-03T02:31:10.917+0600][40.777s][info][gc,start    ] GC(26) Concurrent class unloading
[2026-04-03T02:31:10.917+0600][40.777s][info][gc,task     ] GC(26) Using 3 of 6 workers for concurrent class unloading
[2026-04-03T02:31:10.935+0600][40.795s][info][gc          ] GC(26) Concurrent class unloading 18.061ms
[2026-04-03T02:31:10.935+0600][40.795s][info][gc,start    ] GC(26) Concurrent strong roots
[2026-04-03T02:31:10.936+0600][40.795s][info][gc,task     ] GC(26) Using 3 of 6 workers for concurrent strong root
[2026-04-03T02:31:10.937+0600][40.796s][info][gc          ] GC(26) Concurrent strong roots 1.429ms
[2026-04-03T02:31:10.937+0600][40.796s][info][gc,start    ] GC(26) Concurrent evacuation
[2026-04-03T02:31:10.937+0600][40.796s][info][gc,task     ] GC(26) Using 3 of 6 workers for concurrent evacuation
[2026-04-03T02:31:10.944+0600][40.803s][info][gc          ] GC(26) Concurrent evacuation 7.025ms
[2026-04-03T02:31:10.944+0600][40.804s][info][gc,start    ] GC(26) Pause Init Update Refs
[2026-04-03T02:31:10.945+0600][40.804s][info][gc,ergo     ] GC(26) Pacer for Update Refs. Used: 405M, Free: 784M, Non-Taxable: 80345K, Alloc Tax Rate: 1.1x
[2026-04-03T02:31:10.945+0600][40.804s][info][gc          ] GC(26) Pause Init Update Refs 0.201ms
[2026-04-03T02:31:10.945+0600][40.804s][info][gc,start    ] GC(26) Concurrent update references
[2026-04-03T02:31:10.945+0600][40.804s][info][gc,task     ] GC(26) Using 3 of 6 workers for concurrent reference update
[2026-04-03T02:31:11.024+0600][40.883s][info][gc          ] GC(26) Concurrent update references 78.733ms
[2026-04-03T02:31:11.024+0600][40.883s][info][gc,start    ] GC(26) Concurrent update thread roots
[2026-04-03T02:31:11.025+0600][40.884s][info][gc          ] GC(26) Concurrent update thread roots 1.392ms
[2026-04-03T02:31:11.025+0600][40.885s][info][gc,start    ] GC(26) Pause Final Update Refs
[2026-04-03T02:31:11.026+0600][40.885s][info][gc,task     ] GC(26) Using 6 of 6 workers for final reference update
[2026-04-03T02:31:11.026+0600][40.885s][info][gc          ] GC(26) Pause Final Update Refs 0.345ms
[2026-04-03T02:31:11.026+0600][40.885s][info][gc,start    ] GC(26) Concurrent cleanup
[2026-04-03T02:31:11.027+0600][40.886s][info][gc          ] GC(26) Concurrent cleanup 478M->219M(1078M) 0.665ms
[2026-04-03T02:31:11.027+0600][40.886s][info][gc,ergo     ] Free: 960M, Max: 512K regular, 505M humongous, Frag: 48% external, 0% internal; Reserve: 64000K, Max: 512K
[2026-04-03T02:31:11.027+0600][40.886s][info][gc,stats    ] 
[2026-04-03T02:31:11.027+0600][40.886s][info][gc,stats    ] All times are wall-clock times, except per-root-class counters, that are sum over
[2026-04-03T02:31:11.027+0600][40.886s][info][gc,stats    ] all workers. Dividing the <total> over the root stage time estimates parallelism.
[2026-04-03T02:31:11.027+0600][40.886s][info][gc,stats    ] 
[2026-04-03T02:31:11.027+0600][40.886s][info][gc,stats    ] Concurrent Reset                   2685 us
[2026-04-03T02:31:11.027+0600][40.886s][info][gc,stats    ] Pause Init Mark (G)                 930 us
[2026-04-03T02:31:11.027+0600][40.886s][info][gc,stats    ] Pause Init Mark (N)                 168 us
[2026-04-03T02:31:11.027+0600][40.886s][info][gc,stats    ]   Update Region States               51 us
[2026-04-03T02:31:11.027+0600][40.886s][info][gc,stats    ] Concurrent Mark Roots              6240 us, parallelism: 0.95x
[2026-04-03T02:31:11.027+0600][40.886s][info][gc,stats    ]   CMR: <total>                     5911 us
[2026-04-03T02:31:11.027+0600][40.886s][info][gc,stats    ]   CMR: Thread Roots                5410 us, workers (us): 2252, 3045, 114, ---, ---, ---, 
[2026-04-03T02:31:11.027+0600][40.886s][info][gc,stats    ]   CMR: VM Strong Roots               56 us, workers (us):  54,   1,   1, ---, ---, ---, 
[2026-04-03T02:31:11.027+0600][40.886s][info][gc,stats    ]   CMR: CLDG Roots                   444 us, workers (us): 444, ---, ---, ---, ---, ---, 
[2026-04-03T02:31:11.027+0600][40.886s][info][gc,stats    ] Concurrent Marking                65657 us
[2026-04-03T02:31:11.027+0600][40.886s][info][gc,stats    ] Pause Final Mark (G)               1121 us
[2026-04-03T02:31:11.027+0600][40.886s][info][gc,stats    ] Pause Final Mark (N)                879 us
[2026-04-03T02:31:11.027+0600][40.886s][info][gc,stats    ]   Finish Mark                       282 us
[2026-04-03T02:31:11.027+0600][40.886s][info][gc,stats    ]   Update Region States               44 us
[2026-04-03T02:31:11.027+0600][40.886s][info][gc,stats    ]   Choose Collection Set             314 us
[2026-04-03T02:31:11.027+0600][40.886s][info][gc,stats    ]   Rebuild Free Set                   46 us
[2026-04-03T02:31:11.027+0600][40.886s][info][gc,stats    ] Concurrent Thread Roots            1312 us, parallelism: 2.39x
[2026-04-03T02:31:11.027+0600][40.886s][info][gc,stats    ]   CTR: <total>                     3137 us
[2026-04-03T02:31:11.027+0600][40.886s][info][gc,stats    ]   CTR: Thread Roots                3137 us, workers (us): 1067, 1065, 1005, ---, ---, ---, 
[2026-04-03T02:31:11.027+0600][40.886s][info][gc,stats    ] Concurrent Weak References         1007 us, parallelism: 1.11x
[2026-04-03T02:31:11.027+0600][40.886s][info][gc,stats    ]   CWRF: <total>                    1122 us
[2026-04-03T02:31:11.027+0600][40.886s][info][gc,stats    ]   CWRF: Weak References            1122 us, workers (us): 750, 179, 193, ---, ---, ---, 
[2026-04-03T02:31:11.027+0600][40.886s][info][gc,stats    ] Concurrent Weak Roots              4808 us
[2026-04-03T02:31:11.027+0600][40.886s][info][gc,stats    ]   Roots                            4278 us, parallelism: 2.66x
[2026-04-03T02:31:11.027+0600][40.886s][info][gc,stats    ]     CWR: <total>                  11364 us
[2026-04-03T02:31:11.027+0600][40.886s][info][gc,stats    ]     CWR: Code Cache Roots          8669 us, workers (us): 2873, 2746, 3050, ---, ---, ---, 
[2026-04-03T02:31:11.027+0600][40.886s][info][gc,stats    ]     CWR: VM Weak Roots             2571 us, workers (us): 875, 849, 846, ---, ---, ---, 
[2026-04-03T02:31:11.027+0600][40.887s][info][gc,stats    ]     CWR: CLDG Roots                 125 us, workers (us): ---, 125, ---, ---, ---, ---, 
[2026-04-03T02:31:11.027+0600][40.887s][info][gc,stats    ]   Rendezvous                        387 us
[2026-04-03T02:31:11.027+0600][40.887s][info][gc,stats    ] Concurrent Cleanup                  500 us
[2026-04-03T02:31:11.027+0600][40.887s][info][gc,stats    ] Concurrent Class Unloading        18176 us
[2026-04-03T02:31:11.027+0600][40.887s][info][gc,stats    ]   Unlink Stale                    15219 us
[2026-04-03T02:31:11.027+0600][40.887s][info][gc,stats    ]     System Dictionary               300 us
[2026-04-03T02:31:11.027+0600][40.887s][info][gc,stats    ]     Weak Class Links                  1 us
[2026-04-03T02:31:11.027+0600][40.887s][info][gc,stats    ]     Code Roots                    14913 us
[2026-04-03T02:31:11.027+0600][40.887s][info][gc,stats    ]   Rendezvous                        490 us
[2026-04-03T02:31:11.027+0600][40.887s][info][gc,stats    ]   Purge Unlinked                   2310 us
[2026-04-03T02:31:11.027+0600][40.887s][info][gc,stats    ]     Code Roots                     2286 us
[2026-04-03T02:31:11.027+0600][40.887s][info][gc,stats    ]     CLDG                             22 us
[2026-04-03T02:31:11.027+0600][40.887s][info][gc,stats    ]     Exception Caches                  1 us
[2026-04-03T02:31:11.027+0600][40.887s][info][gc,stats    ] Concurrent Strong Roots            1530 us, parallelism: 0.62x
[2026-04-03T02:31:11.027+0600][40.887s][info][gc,stats    ]   CSR: <total>                      953 us
[2026-04-03T02:31:11.027+0600][40.887s][info][gc,stats    ]   CSR: VM Strong Roots               56 us, workers (us):  31,  25,   0, ---, ---, ---, 
[2026-04-03T02:31:11.027+0600][40.887s][info][gc,stats    ]   CSR: CLDG Roots                   897 us, workers (us): ---, 897, ---, ---, ---, ---, 
[2026-04-03T02:31:11.027+0600][40.887s][info][gc,stats    ] Concurrent Evacuation              7147 us
[2026-04-03T02:31:11.027+0600][40.887s][info][gc,stats    ] Pause Init Update Refs (G)          600 us
[2026-04-03T02:31:11.027+0600][40.887s][info][gc,stats    ] Pause Init Update Refs (N)          222 us
[2026-04-03T02:31:11.027+0600][40.887s][info][gc,stats    ]   Manage GCLABs                      53 us
[2026-04-03T02:31:11.027+0600][40.887s][info][gc,stats    ] Concurrent Update Refs            78858 us
[2026-04-03T02:31:11.027+0600][40.887s][info][gc,stats    ] Concurrent Update Thread Roots     1466 us
[2026-04-03T02:31:11.028+0600][40.887s][info][gc,stats    ] Pause Final Update Refs (G)         818 us
[2026-04-03T02:31:11.028+0600][40.887s][info][gc,stats    ] Pause Final Update Refs (N)         413 us
[2026-04-03T02:31:11.028+0600][40.887s][info][gc,stats    ]   Update Region States               57 us
[2026-04-03T02:31:11.028+0600][40.887s][info][gc,stats    ]   Trash Collection Set               25 us
[2026-04-03T02:31:11.028+0600][40.887s][info][gc,stats    ]   Rebuild Free Set                  101 us
[2026-04-03T02:31:11.028+0600][40.887s][info][gc,stats    ] Concurrent Cleanup                  707 us
[2026-04-03T02:31:11.028+0600][40.887s][info][gc,stats    ] Pacing                           311131 us
[2026-04-03T02:31:11.028+0600][40.887s][info][gc,stats    ] 
[2026-04-03T02:31:11.028+0600][40.887s][info][gc,stats    ] Allocation pacing accrued:
[2026-04-03T02:31:11.028+0600][40.887s][info][gc,stats    ]      11 of   929 ms (  1.2%): dispatcher-event-loop-0
[2026-04-03T02:31:11.028+0600][40.887s][info][gc,stats    ]      11 of   929 ms (  1.2%): dispatcher-event-loop-1
[2026-04-03T02:31:11.028+0600][40.887s][info][gc,stats    ]      11 of   929 ms (  1.2%): dispatcher-event-loop-2
[2026-04-03T02:31:11.028+0600][40.887s][info][gc,stats    ]      11 of   929 ms (  1.2%): dispatcher-event-loop-4
[2026-04-03T02:31:11.028+0600][40.887s][info][gc,stats    ]      11 of   929 ms (  1.2%): dag-scheduler-event-loop
[2026-04-03T02:31:11.028+0600][40.887s][info][gc,stats    ]       4 of   929 ms (  0.5%): Spark Context Cleaner
[2026-04-03T02:31:11.028+0600][40.887s][info][gc,stats    ]      11 of   929 ms (  1.2%): spark-listener-group-appStatus
[2026-04-03T02:31:11.028+0600][40.887s][info][gc,stats    ]      11 of   929 ms (  1.2%): spark-listener-group-executorManagement
[2026-04-03T02:31:11.028+0600][40.887s][info][gc,stats    ]      11 of   929 ms (  1.2%): spark-listener-group-shared
[2026-04-03T02:31:11.028+0600][40.887s][info][gc,stats    ]       4 of   929 ms (  0.4%): Executor task launch worker for task 5.0 in stage 867.0 (TID 1764)
[2026-04-03T02:31:11.028+0600][40.887s][info][gc,stats    ]      18 of   929 ms (  1.9%): Executor task launch worker for task 3.0 in stage 867.0 (TID 1762)
[2026-04-03T02:31:11.028+0600][40.887s][info][gc,stats    ]      16 of   929 ms (  1.7%): Executor task launch worker for task 2.0 in stage 867.0 (TID 1761)
[2026-04-03T02:31:11.028+0600][40.887s][info][gc,stats    ]       7 of   929 ms (  0.8%): Executor task launch worker for task 6.0 in stage 867.0 (TID 1765)
[2026-04-03T02:31:11.028+0600][40.887s][info][gc,stats    ]       8 of   929 ms (  0.8%): Executor task launch worker for task 4.0 in stage 867.0 (TID 1763)
[2026-04-03T02:31:11.028+0600][40.887s][info][gc,stats    ]       6 of   929 ms (  0.6%): Executor task launch worker for task 7.0 in stage 867.0 (TID 1766)
[2026-04-03T02:31:11.028+0600][40.887s][info][gc,stats    ]      27 of   929 ms (  2.9%): Executor task launch worker for task 1.0 in stage 867.0 (TID 1760)
[2026-04-03T02:31:11.028+0600][40.887s][info][gc,stats    ]      48 of   929 ms (  5.2%): Executor task launch worker for task 0.0 in stage 867.0 (TID 1759)
[2026-04-03T02:31:11.028+0600][40.887s][info][gc,stats    ]      22 of   929 ms (  2.4%): task-result-getter-0
[2026-04-03T02:31:11.028+0600][40.887s][info][gc,stats    ]      22 of   929 ms (  2.4%): task-result-getter-1
[2026-04-03T02:31:11.028+0600][40.887s][info][gc,stats    ]      22 of   929 ms (  2.4%): task-result-getter-2
[2026-04-03T02:31:11.028+0600][40.887s][info][gc,stats    ]      18 of   929 ms (  1.9%): task-result-getter-3
[2026-04-03T02:31:11.028+0600][40.887s][info][gc,stats    ]     311 of   929 ms ( 33.5%): <total>
[2026-04-03T02:31:11.028+0600][40.887s][info][gc,stats    ]       1 of   929 ms (  0.1%): <average total>
[2026-04-03T02:31:11.028+0600][40.887s][info][gc,stats    ]      15 of   929 ms (  1.6%): <average non-zero>
[2026-04-03T02:31:11.028+0600][40.887s][info][gc,stats    ] 
[2026-04-03T02:31:11.028+0600][40.887s][info][gc,metaspace] Metaspace: 130454K(131584K)->130458K(131584K) NonClass: 114038K(114624K)->114042K(114624K) Class: 16415K(16960K)->16415K(16960K)
[2026-04-03T02:31:11.028+0600][40.887s][info][gc,ergo     ] Pacer for Idle. Initial: 25600K, Alloc Tax Rate: 1.0x
[2026-04-03T02:31:11.231+0600][41.090s][info][gc          ] Trigger: Average GC time (212.74 ms) is above the time for average allocation rate (2384 MB/s) to deplete free headroom (429M) (margin of error = 1.83)
[2026-04-03T02:31:11.231+0600][41.090s][info][gc,ergo     ] Free headroom: 491M (free) - 64000K (spike) - 0B (penalties) = 429M
[2026-04-03T02:31:11.231+0600][41.090s][info][gc,ergo     ] Free: 491M, Max: 512K regular, 302M humongous, Frag: 39% external, 0% internal; Reserve: 64000K, Max: 512K
[2026-04-03T02:31:11.231+0600][41.090s][info][gc,start    ] GC(27) Concurrent reset
[2026-04-03T02:31:11.231+0600][41.090s][info][gc,task     ] GC(27) Using 3 of 6 workers for concurrent reset
[2026-04-03T02:31:11.231+0600][41.090s][info][gc,ergo     ] GC(27) Pacer for Reset. Non-Taxable: 1250M
[2026-04-03T02:31:11.232+0600][41.091s][info][gc          ] GC(27) Concurrent reset 1.111ms
[2026-04-03T02:31:11.232+0600][41.092s][info][gc,start    ] GC(27) Pause Init Mark (unload classes)
[2026-04-03T02:31:11.232+0600][41.092s][info][gc,task     ] GC(27) Using 6 of 6 workers for init marking
[2026-04-03T02:31:11.232+0600][41.092s][info][gc,ergo     ] GC(27) Pacer for Mark. Expected Live: 93320K, Free: 491M, Non-Taxable: 50338K, Alloc Tax Rate: 0.2x
[2026-04-03T02:31:11.232+0600][41.092s][info][gc          ] GC(27) Pause Init Mark (unload classes) 0.146ms
[2026-04-03T02:31:11.233+0600][41.092s][info][gc,start    ] GC(27) Concurrent marking roots
[2026-04-03T02:31:11.233+0600][41.092s][info][gc,task     ] GC(27) Using 3 of 6 workers for concurrent marking roots
[2026-04-03T02:31:11.234+0600][41.093s][info][gc          ] GC(27) Concurrent marking roots 1.136ms
[2026-04-03T02:31:11.234+0600][41.093s][info][gc,start    ] GC(27) Concurrent marking (unload classes)
[2026-04-03T02:31:11.234+0600][41.093s][info][gc,task     ] GC(27) Using 3 of 6 workers for concurrent marking
[2026-04-03T02:31:11.275+0600][41.134s][info][gc          ] GC(27) Concurrent marking (unload classes) 41.014ms
[2026-04-03T02:31:11.275+0600][41.134s][info][gc,start    ] GC(27) Pause Final Mark (unload classes)
[2026-04-03T02:31:11.275+0600][41.134s][info][gc,task     ] GC(27) Using 6 of 6 workers for final marking
[2026-04-03T02:31:11.275+0600][41.135s][info][gc,ergo     ] GC(27) Adaptive CSet Selection. Target Free: 177M, Actual Free: 953M, Max CSet: 53333K, Min Garbage: 0B
[2026-04-03T02:31:11.276+0600][41.135s][info][gc,ergo     ] GC(27) Collectable Garbage: 544M (98%), Immediate: 480M (86%), CSet: 65599K (11%)
[2026-04-03T02:31:11.276+0600][41.135s][info][gc,ergo     ] GC(27) Pacer for Evacuation. Used CSet: 70117K, Free: 945M, Non-Taxable: 96796K, Alloc Tax Rate: 1.1x
[2026-04-03T02:31:11.276+0600][41.135s][info][gc          ] GC(27) Pause Final Mark (unload classes) 0.623ms
[2026-04-03T02:31:11.276+0600][41.135s][info][gc,start    ] GC(27) Concurrent thread roots
[2026-04-03T02:31:11.276+0600][41.135s][info][gc,task     ] GC(27) Using 3 of 6 workers for Concurrent thread roots
[2026-04-03T02:31:11.277+0600][41.136s][info][gc          ] GC(27) Concurrent thread roots 1.087ms
[2026-04-03T02:31:11.277+0600][41.136s][info][gc,start    ] GC(27) Concurrent weak references
[2026-04-03T02:31:11.277+0600][41.136s][info][gc,task     ] GC(27) Using 3 of 6 workers for concurrent weak references
[2026-04-03T02:31:11.278+0600][41.138s][info][gc,ref      ] GC(27) Encountered references: Soft: 3864, Weak: 15323, Final: 84, Phantom: 621
[2026-04-03T02:31:11.278+0600][41.138s][info][gc,ref      ] GC(27) Discovered  references: Soft: 0, Weak: 8542, Final: 84, Phantom: 617
[2026-04-03T02:31:11.278+0600][41.138s][info][gc,ref      ] GC(27) Enqueued    references: Soft: 0, Weak: 811, Final: 0, Phantom: 0
[2026-04-03T02:31:11.278+0600][41.138s][info][gc          ] GC(27) Concurrent weak references 1.658ms
[2026-04-03T02:31:11.279+0600][41.138s][info][gc,start    ] GC(27) Concurrent weak roots
[2026-04-03T02:31:11.279+0600][41.138s][info][gc,task     ] GC(27) Using 3 of 6 workers for concurrent weak root
[2026-04-03T02:31:11.284+0600][41.143s][info][gc          ] GC(27) Concurrent weak roots 5.505ms
[2026-04-03T02:31:11.284+0600][41.143s][info][gc,start    ] GC(27) Concurrent cleanup
[2026-04-03T02:31:11.284+0600][41.144s][info][gc          ] GC(27) Concurrent cleanup 802M->322M(1078M) 0.341ms
[2026-04-03T02:31:11.285+0600][41.144s][info][gc,ergo     ] GC(27) Free: 845M, Max: 512K regular, 167M humongous, Frag: 81% external, 0% internal; Reserve: 63387K, Max: 512K
[2026-04-03T02:31:11.285+0600][41.144s][info][gc,start    ] GC(27) Concurrent class unloading
[2026-04-03T02:31:11.285+0600][41.144s][info][gc,task     ] GC(27) Using 3 of 6 workers for concurrent class unloading
[2026-04-03T02:31:11.297+0600][41.157s][info][gc          ] GC(27) Concurrent class unloading 12.949ms
[2026-04-03T02:31:11.298+0600][41.157s][info][gc,start    ] GC(27) Concurrent strong roots
[2026-04-03T02:31:11.298+0600][41.157s][info][gc,task     ] GC(27) Using 3 of 6 workers for concurrent strong root
[2026-04-03T02:31:11.299+0600][41.158s][info][gc          ] GC(27) Concurrent strong roots 1.225ms
[2026-04-03T02:31:11.299+0600][41.158s][info][gc,start    ] GC(27) Concurrent evacuation
[2026-04-03T02:31:11.299+0600][41.158s][info][gc,task     ] GC(27) Using 3 of 6 workers for concurrent evacuation
[2026-04-03T02:31:11.301+0600][41.160s][info][gc          ] GC(27) Concurrent evacuation 1.735ms
[2026-04-03T02:31:11.301+0600][41.160s][info][gc,start    ] GC(27) Pause Init Update Refs
[2026-04-03T02:31:11.301+0600][41.160s][info][gc,ergo     ] GC(27) Pacer for Update Refs. Used: 335M, Free: 835M, Non-Taxable: 85567K, Alloc Tax Rate: 1.1x
[2026-04-03T02:31:11.301+0600][41.160s][info][gc          ] GC(27) Pause Init Update Refs 0.087ms
[2026-04-03T02:31:11.301+0600][41.160s][info][gc,start    ] GC(27) Concurrent update references
[2026-04-03T02:31:11.301+0600][41.160s][info][gc,task     ] GC(27) Using 3 of 6 workers for concurrent reference update
[2026-04-03T02:31:11.344+0600][41.204s][info][gc          ] GC(27) Concurrent update references 43.228ms
[2026-04-03T02:31:11.344+0600][41.204s][info][gc,start    ] GC(27) Concurrent update thread roots
[2026-04-03T02:31:11.346+0600][41.206s][info][gc          ] GC(27) Concurrent update thread roots 2.007ms
[2026-04-03T02:31:11.347+0600][41.206s][info][gc,start    ] GC(27) Pause Final Update Refs
[2026-04-03T02:31:11.347+0600][41.206s][info][gc,task     ] GC(27) Using 6 of 6 workers for final reference update
[2026-04-03T02:31:11.347+0600][41.206s][info][gc          ] GC(27) Pause Final Update Refs 0.333ms
[2026-04-03T02:31:11.351+0600][41.210s][info][gc,start    ] GC(27) Concurrent cleanup
[2026-04-03T02:31:11.351+0600][41.210s][info][gc          ] GC(27) Concurrent cleanup 457M->392M(1078M) 0.343ms
[2026-04-03T02:31:11.351+0600][41.210s][info][gc,ergo     ] Free: 758M, Max: 512K regular, 230M humongous, Frag: 70% external, 0% internal; Reserve: 64000K, Max: 512K
[2026-04-03T02:31:11.351+0600][41.211s][info][gc,stats    ] 
[2026-04-03T02:31:11.351+0600][41.211s][info][gc,stats    ] All times are wall-clock times, except per-root-class counters, that are sum over
[2026-04-03T02:31:11.351+0600][41.211s][info][gc,stats    ] all workers. Dividing the <total> over the root stage time estimates parallelism.
[2026-04-03T02:31:11.351+0600][41.211s][info][gc,stats    ] 
[2026-04-03T02:31:11.351+0600][41.211s][info][gc,stats    ] Concurrent Reset                   1187 us
[2026-04-03T02:31:11.351+0600][41.211s][info][gc,stats    ] Pause Init Mark (G)                 451 us
[2026-04-03T02:31:11.351+0600][41.211s][info][gc,stats    ] Pause Init Mark (N)                 159 us
[2026-04-03T02:31:11.351+0600][41.211s][info][gc,stats    ]   Update Region States               30 us
[2026-04-03T02:31:11.351+0600][41.211s][info][gc,stats    ] Concurrent Mark Roots              1181 us, parallelism: 1.84x
[2026-04-03T02:31:11.351+0600][41.211s][info][gc,stats    ]   CMR: <total>                     2171 us
[2026-04-03T02:31:11.351+0600][41.211s][info][gc,stats    ]   CMR: Thread Roots                1822 us, workers (us): 713, 415, 694, ---, ---, ---, 
[2026-04-03T02:31:11.351+0600][41.211s][info][gc,stats    ]   CMR: VM Strong Roots               51 us, workers (us):  29,  19,   4, ---, ---, ---, 
[2026-04-03T02:31:11.351+0600][41.211s][info][gc,stats    ]   CMR: CLDG Roots                   297 us, workers (us): ---, 297, ---, ---, ---, ---, 
[2026-04-03T02:31:11.351+0600][41.211s][info][gc,stats    ] Concurrent Marking                41082 us
[2026-04-03T02:31:11.351+0600][41.211s][info][gc,stats    ] Pause Final Mark (G)                784 us
[2026-04-03T02:31:11.351+0600][41.211s][info][gc,stats    ] Pause Final Mark (N)                635 us
[2026-04-03T02:31:11.351+0600][41.211s][info][gc,stats    ]   Finish Mark                       293 us
[2026-04-03T02:31:11.351+0600][41.211s][info][gc,stats    ]   Update Region States               38 us
[2026-04-03T02:31:11.351+0600][41.211s][info][gc,stats    ]   Choose Collection Set             146 us
[2026-04-03T02:31:11.351+0600][41.211s][info][gc,stats    ]   Rebuild Free Set                   24 us
[2026-04-03T02:31:11.351+0600][41.211s][info][gc,stats    ] Concurrent Thread Roots            1163 us, parallelism: 2.14x
[2026-04-03T02:31:11.351+0600][41.211s][info][gc,stats    ]   CTR: <total>                     2486 us
[2026-04-03T02:31:11.351+0600][41.211s][info][gc,stats    ]   CTR: Thread Roots                2486 us, workers (us): 846, 861, 779, ---, ---, ---, 
[2026-04-03T02:31:11.352+0600][41.211s][info][gc,stats    ] Concurrent Weak References         1676 us, parallelism: 1.11x
[2026-04-03T02:31:11.352+0600][41.211s][info][gc,stats    ]   CWRF: <total>                    1867 us
[2026-04-03T02:31:11.352+0600][41.211s][info][gc,stats    ]   CWRF: Weak References            1867 us, workers (us): 370, 1379, 119, ---, ---, ---, 
[2026-04-03T02:31:11.352+0600][41.211s][info][gc,stats    ] Concurrent Weak Roots              5600 us
[2026-04-03T02:31:11.352+0600][41.211s][info][gc,stats    ]   Roots                            4891 us, parallelism: 2.59x
[2026-04-03T02:31:11.352+0600][41.211s][info][gc,stats    ]     CWR: <total>                  12665 us
[2026-04-03T02:31:11.352+0600][41.211s][info][gc,stats    ]     CWR: Code Cache Roots          9798 us, workers (us): 3221, 3292, 3285, ---, ---, ---, 
[2026-04-03T02:31:11.352+0600][41.211s][info][gc,stats    ]     CWR: VM Weak Roots             2630 us, workers (us): 900, 879, 851, ---, ---, ---, 
[2026-04-03T02:31:11.352+0600][41.211s][info][gc,stats    ]     CWR: CLDG Roots                 237 us, workers (us): 237, ---, ---, ---, ---, ---, 
[2026-04-03T02:31:11.352+0600][41.211s][info][gc,stats    ]   Rendezvous                        571 us
[2026-04-03T02:31:11.352+0600][41.211s][info][gc,stats    ] Concurrent Cleanup                  363 us
[2026-04-03T02:31:11.352+0600][41.211s][info][gc,stats    ] Concurrent Class Unloading        13020 us
[2026-04-03T02:31:11.352+0600][41.211s][info][gc,stats    ]   Unlink Stale                    11489 us
[2026-04-03T02:31:11.352+0600][41.211s][info][gc,stats    ]     System Dictionary               421 us
[2026-04-03T02:31:11.352+0600][41.211s][info][gc,stats    ]     Weak Class Links                  1 us
[2026-04-03T02:31:11.352+0600][41.211s][info][gc,stats    ]     Code Roots                    11063 us
[2026-04-03T02:31:11.352+0600][41.211s][info][gc,stats    ]   Rendezvous                        450 us
[2026-04-03T02:31:11.352+0600][41.211s][info][gc,stats    ]   Purge Unlinked                    971 us
[2026-04-03T02:31:11.352+0600][41.211s][info][gc,stats    ]     Code Roots                      955 us
[2026-04-03T02:31:11.352+0600][41.211s][info][gc,stats    ]     CLDG                             15 us
[2026-04-03T02:31:11.352+0600][41.211s][info][gc,stats    ]     Exception Caches                  0 us
[2026-04-03T02:31:11.352+0600][41.211s][info][gc,stats    ] Concurrent Strong Roots            1267 us, parallelism: 0.55x
[2026-04-03T02:31:11.352+0600][41.211s][info][gc,stats    ]   CSR: <total>                      694 us
[2026-04-03T02:31:11.352+0600][41.211s][info][gc,stats    ]   CSR: VM Strong Roots               42 us, workers (us):  21,  12,   9, ---, ---, ---, 
[2026-04-03T02:31:11.352+0600][41.211s][info][gc,stats    ]   CSR: CLDG Roots                   652 us, workers (us): ---, ---, 652, ---, ---, ---, 
[2026-04-03T02:31:11.352+0600][41.211s][info][gc,stats    ] Concurrent Evacuation              1805 us
[2026-04-03T02:31:11.352+0600][41.211s][info][gc,stats    ] Pause Init Update Refs (G)          356 us
[2026-04-03T02:31:11.352+0600][41.211s][info][gc,stats    ] Pause Init Update Refs (N)           95 us
[2026-04-03T02:31:11.352+0600][41.211s][info][gc,stats    ]   Manage GCLABs                      31 us
[2026-04-03T02:31:11.352+0600][41.211s][info][gc,stats    ] Concurrent Update Refs            43341 us
[2026-04-03T02:31:11.352+0600][41.211s][info][gc,stats    ] Concurrent Update Thread Roots     2104 us
[2026-04-03T02:31:11.352+0600][41.211s][info][gc,stats    ] Pause Final Update Refs (G)        4240 us
[2026-04-03T02:31:11.352+0600][41.211s][info][gc,stats    ] Pause Final Update Refs (N)         401 us
[2026-04-03T02:31:11.352+0600][41.211s][info][gc,stats    ]   Update Region States              121 us
[2026-04-03T02:31:11.352+0600][41.211s][info][gc,stats    ]   Trash Collection Set               24 us
[2026-04-03T02:31:11.352+0600][41.211s][info][gc,stats    ]   Rebuild Free Set                   66 us
[2026-04-03T02:31:11.352+0600][41.211s][info][gc,stats    ] Concurrent Cleanup                  380 us
[2026-04-03T02:31:11.352+0600][41.211s][info][gc,stats    ] Pacing                           282280 us
[2026-04-03T02:31:11.352+0600][41.211s][info][gc,stats    ] 
[2026-04-03T02:31:11.352+0600][41.211s][info][gc,stats    ] Allocation pacing accrued:
[2026-04-03T02:31:11.352+0600][41.211s][info][gc,stats    ]      11 of   324 ms (  3.4%): Spark Context Cleaner
[2026-04-03T02:31:11.352+0600][41.211s][info][gc,stats    ]      11 of   324 ms (  3.4%): spark-listener-group-appStatus
[2026-04-03T02:31:11.352+0600][41.211s][info][gc,stats    ]      11 of   324 ms (  3.5%): spark-listener-group-executorManagement
[2026-04-03T02:31:11.352+0600][41.211s][info][gc,stats    ]      11 of   324 ms (  3.4%): spark-listener-group-shared
[2026-04-03T02:31:11.352+0600][41.211s][info][gc,stats    ]      54 of   324 ms ( 16.6%): Executor task launch worker for task 3.0 in stage 883.0 (TID 1792)
[2026-04-03T02:31:11.352+0600][41.211s][info][gc,stats    ]      54 of   324 ms ( 16.7%): Executor task launch worker for task 2.0 in stage 883.0 (TID 1791)
[2026-04-03T02:31:11.352+0600][41.211s][info][gc,stats    ]      54 of   324 ms ( 16.6%): Executor task launch worker for task 0.0 in stage 883.0 (TID 1789)
[2026-04-03T02:31:11.352+0600][41.211s][info][gc,stats    ]      54 of   324 ms ( 16.7%): Executor task launch worker for task 1.0 in stage 883.0 (TID 1790)
[2026-04-03T02:31:11.352+0600][41.211s][info][gc,stats    ]      21 of   324 ms (  6.6%): block-manager-storage-async-thread-pool-16
[2026-04-03T02:31:11.352+0600][41.212s][info][gc,stats    ]     282 of   324 ms ( 87.0%): <total>
[2026-04-03T02:31:11.352+0600][41.212s][info][gc,stats    ]       1 of   324 ms (  0.3%): <average total>
[2026-04-03T02:31:11.352+0600][41.212s][info][gc,stats    ]      31 of   324 ms (  9.7%): <average non-zero>
[2026-04-03T02:31:11.352+0600][41.212s][info][gc,stats    ] 
[2026-04-03T02:31:11.352+0600][41.212s][info][gc,metaspace] Metaspace: 130466K(131584K)->130469K(131584K) NonClass: 114049K(114624K)->114052K(114624K) Class: 16416K(16960K)->16416K(16960K)
[2026-04-03T02:31:11.352+0600][41.212s][info][gc,ergo     ] Pacer for Idle. Initial: 25600K, Alloc Tax Rate: 1.0x
[2026-04-03T02:31:11.957+0600][41.816s][info][gc          ] Trigger: Average GC time (203.00 ms) is above the time for average allocation rate (999 MB/s) to deplete free headroom (193M) (margin of error = 1.86)
[2026-04-03T02:31:11.957+0600][41.816s][info][gc,ergo     ] Free headroom: 256M (free) - 64000K (spike) - 0B (penalties) = 193M
[2026-04-03T02:31:11.957+0600][41.816s][info][gc,ergo     ] Free: 255M, Max: 512K regular, 133M humongous, Frag: 48% external, 0% internal; Reserve: 64000K, Max: 512K
[2026-04-03T02:31:11.957+0600][41.816s][info][gc,start    ] GC(28) Concurrent reset
[2026-04-03T02:31:11.957+0600][41.816s][info][gc,task     ] GC(28) Using 3 of 6 workers for concurrent reset
[2026-04-03T02:31:11.957+0600][41.816s][info][gc,ergo     ] GC(28) Pacer for Reset. Non-Taxable: 1250M
[2026-04-03T02:31:11.958+0600][41.817s][info][gc          ] GC(28) Concurrent reset 1.207ms
[2026-04-03T02:31:11.958+0600][41.818s][info][gc,start    ] GC(28) Pause Init Mark (unload classes)
[2026-04-03T02:31:11.958+0600][41.818s][info][gc,task     ] GC(28) Using 6 of 6 workers for init marking
[2026-04-03T02:31:11.958+0600][41.818s][info][gc,ergo     ] GC(28) Pacer for Mark. Expected Live: 90380K, Free: 251M, Non-Taxable: 25773K, Alloc Tax Rate: 0.4x
[2026-04-03T02:31:11.958+0600][41.818s][info][gc          ] GC(28) Pause Init Mark (unload classes) 0.177ms
[2026-04-03T02:31:11.959+0600][41.818s][info][gc,start    ] GC(28) Concurrent marking roots
[2026-04-03T02:31:11.959+0600][41.818s][info][gc,task     ] GC(28) Using 3 of 6 workers for concurrent marking roots
[2026-04-03T02:31:11.960+0600][41.820s][info][gc          ] GC(28) Concurrent marking roots 1.801ms
[2026-04-03T02:31:11.960+0600][41.820s][info][gc,start    ] GC(28) Concurrent marking (unload classes)
[2026-04-03T02:31:11.960+0600][41.820s][info][gc,task     ] GC(28) Using 3 of 6 workers for concurrent marking
[2026-04-03T02:31:12.038+0600][41.897s][info][gc          ] GC(28) Concurrent marking (unload classes) 77.461ms
[2026-04-03T02:31:12.038+0600][41.897s][info][gc,start    ] GC(28) Pause Final Mark (unload classes)
[2026-04-03T02:31:12.038+0600][41.897s][info][gc,task     ] GC(28) Using 6 of 6 workers for final marking
[2026-04-03T02:31:12.038+0600][41.898s][info][gc,ergo     ] GC(28) Adaptive CSet Selection. Target Free: 177M, Actual Free: 849M, Max CSet: 53333K, Min Garbage: 0B
[2026-04-03T02:31:12.039+0600][41.898s][info][gc,ergo     ] GC(28) Collectable Garbage: 762M (98%), Immediate: 580M (75%), CSet: 181M (23%)
[2026-04-03T02:31:12.039+0600][41.898s][info][gc,ergo     ] GC(28) Pacer for Evacuation. Used CSet: 189M, Free: 861M, Non-Taxable: 88250K, Alloc Tax Rate: 1.1x
[2026-04-03T02:31:12.039+0600][41.898s][info][gc          ] GC(28) Pause Final Mark (unload classes) 0.630ms
[2026-04-03T02:31:12.039+0600][41.898s][info][gc,start    ] GC(28) Concurrent thread roots
[2026-04-03T02:31:12.039+0600][41.898s][info][gc,task     ] GC(28) Using 3 of 6 workers for Concurrent thread roots
[2026-04-03T02:31:12.040+0600][41.899s][info][gc          ] GC(28) Concurrent thread roots 1.329ms
[2026-04-03T02:31:12.040+0600][41.900s][info][gc,start    ] GC(28) Concurrent weak references
[2026-04-03T02:31:12.040+0600][41.900s][info][gc,task     ] GC(28) Using 3 of 6 workers for concurrent weak references
[2026-04-03T02:31:12.041+0600][41.900s][info][gc,ref      ] GC(28) Encountered references: Soft: 3870, Weak: 15245, Final: 84, Phantom: 621
[2026-04-03T02:31:12.041+0600][41.900s][info][gc,ref      ] GC(28) Discovered  references: Soft: 0, Weak: 7114, Final: 4, Phantom: 380
[2026-04-03T02:31:12.041+0600][41.900s][info][gc,ref      ] GC(28) Enqueued    references: Soft: 0, Weak: 398, Final: 0, Phantom: 0
[2026-04-03T02:31:12.041+0600][41.901s][info][gc          ] GC(28) Concurrent weak references 1.012ms
[2026-04-03T02:31:12.041+0600][41.901s][info][gc,start    ] GC(28) Concurrent weak roots
[2026-04-03T02:31:12.041+0600][41.901s][info][gc,task     ] GC(28) Using 3 of 6 workers for concurrent weak root
[2026-04-03T02:31:12.048+0600][41.907s][info][gc          ] GC(28) Concurrent weak roots 6.364ms
[2026-04-03T02:31:12.048+0600][41.907s][info][gc,start    ] GC(28) Concurrent cleanup
[2026-04-03T02:31:12.049+0600][41.908s][info][gc          ] GC(28) Concurrent cleanup 916M->337M(1078M) 0.878ms
[2026-04-03T02:31:12.049+0600][41.908s][info][gc,ergo     ] GC(28) Free: 841M, Max: 512K regular, 186M humongous, Frag: 78% external, 0% internal; Reserve: 63515K, Max: 512K
[2026-04-03T02:31:12.049+0600][41.908s][info][gc,start    ] GC(28) Concurrent class unloading
[2026-04-03T02:31:12.049+0600][41.908s][info][gc,task     ] GC(28) Using 3 of 6 workers for concurrent class unloading
[2026-04-03T02:31:12.067+0600][41.926s][info][gc          ] GC(28) Concurrent class unloading 18.261ms
[2026-04-03T02:31:12.067+0600][41.927s][info][gc,start    ] GC(28) Concurrent strong roots
[2026-04-03T02:31:12.067+0600][41.927s][info][gc,task     ] GC(28) Using 3 of 6 workers for concurrent strong root
[2026-04-03T02:31:12.068+0600][41.928s][info][gc          ] GC(28) Concurrent strong roots 1.169ms
[2026-04-03T02:31:12.068+0600][41.928s][info][gc,start    ] GC(28) Concurrent evacuation
[2026-04-03T02:31:12.068+0600][41.928s][info][gc,task     ] GC(28) Using 3 of 6 workers for concurrent evacuation
[2026-04-03T02:31:12.076+0600][41.935s][info][gc          ] GC(28) Concurrent evacuation 7.700ms
[2026-04-03T02:31:12.079+0600][41.938s][info][gc,start    ] GC(28) Pause Init Update Refs
[2026-04-03T02:31:12.079+0600][41.939s][info][gc,ergo     ] GC(28) Pacer for Update Refs. Used: 357M, Free: 829M, Non-Taxable: 84911K, Alloc Tax Rate: 1.1x
[2026-04-03T02:31:12.079+0600][41.939s][info][gc          ] GC(28) Pause Init Update Refs 0.162ms
[2026-04-03T02:31:12.080+0600][41.939s][info][gc,start    ] GC(28) Concurrent update references
[2026-04-03T02:31:12.080+0600][41.939s][info][gc,task     ] GC(28) Using 3 of 6 workers for concurrent reference update
[2026-04-03T02:31:12.131+0600][41.991s][info][gc          ] GC(28) Concurrent update references 51.710ms
[2026-04-03T02:31:12.131+0600][41.991s][info][gc,start    ] GC(28) Concurrent update thread roots
[2026-04-03T02:31:12.133+0600][41.993s][info][gc          ] GC(28) Concurrent update thread roots 1.870ms
[2026-04-03T02:31:12.134+0600][41.993s][info][gc,start    ] GC(28) Pause Final Update Refs
[2026-04-03T02:31:12.134+0600][41.993s][info][gc,task     ] GC(28) Using 6 of 6 workers for final reference update
[2026-04-03T02:31:12.134+0600][41.993s][info][gc          ] GC(28) Pause Final Update Refs 0.233ms
[2026-04-03T02:31:12.134+0600][41.993s][info][gc,start    ] GC(28) Concurrent cleanup
[2026-04-03T02:31:12.135+0600][41.994s][info][gc          ] GC(28) Concurrent cleanup 393M->203M(1078M) 0.618ms
[2026-04-03T02:31:12.135+0600][41.994s][info][gc,ergo     ] Free: 969M, Max: 512K regular, 480M humongous, Frag: 51% external, 0% internal; Reserve: 64000K, Max: 512K
[2026-04-03T02:31:12.135+0600][41.994s][info][gc,stats    ] 
[2026-04-03T02:31:12.135+0600][41.994s][info][gc,stats    ] All times are wall-clock times, except per-root-class counters, that are sum over
[2026-04-03T02:31:12.135+0600][41.994s][info][gc,stats    ] all workers. Dividing the <total> over the root stage time estimates parallelism.
[2026-04-03T02:31:12.135+0600][41.994s][info][gc,stats    ] 
[2026-04-03T02:31:12.135+0600][41.994s][info][gc,stats    ] Concurrent Reset                   1313 us
[2026-04-03T02:31:12.135+0600][41.994s][info][gc,stats    ] Pause Init Mark (G)                 450 us
[2026-04-03T02:31:12.135+0600][41.994s][info][gc,stats    ] Pause Init Mark (N)                 187 us
[2026-04-03T02:31:12.135+0600][41.994s][info][gc,stats    ]   Update Region States               29 us
[2026-04-03T02:31:12.135+0600][41.994s][info][gc,stats    ] Concurrent Mark Roots              1861 us, parallelism: 1.98x
[2026-04-03T02:31:12.135+0600][41.994s][info][gc,stats    ]   CMR: <total>                     3682 us
[2026-04-03T02:31:12.135+0600][41.994s][info][gc,stats    ]   CMR: Thread Roots                3144 us, workers (us): 1187, 1184, 772, ---, ---, ---, 
[2026-04-03T02:31:12.135+0600][41.994s][info][gc,stats    ]   CMR: VM Strong Roots               62 us, workers (us):  53,   9,   1, ---, ---, ---, 
[2026-04-03T02:31:12.135+0600][41.994s][info][gc,stats    ]   CMR: CLDG Roots                   476 us, workers (us): ---, ---, 476, ---, ---, ---, 
[2026-04-03T02:31:12.135+0600][41.994s][info][gc,stats    ] Concurrent Marking                77540 us
[2026-04-03T02:31:12.135+0600][41.994s][info][gc,stats    ] Pause Final Mark (G)                852 us
[2026-04-03T02:31:12.135+0600][41.994s][info][gc,stats    ] Pause Final Mark (N)                643 us
[2026-04-03T02:31:12.135+0600][41.994s][info][gc,stats    ]   Finish Mark                       176 us
[2026-04-03T02:31:12.135+0600][41.994s][info][gc,stats    ]   Update Region States               43 us
[2026-04-03T02:31:12.135+0600][41.994s][info][gc,stats    ]   Choose Collection Set             222 us
[2026-04-03T02:31:12.135+0600][41.994s][info][gc,stats    ]   Rebuild Free Set                   48 us
[2026-04-03T02:31:12.135+0600][41.994s][info][gc,stats    ] Concurrent Thread Roots            1385 us, parallelism: 2.43x
[2026-04-03T02:31:12.135+0600][41.994s][info][gc,stats    ]   CTR: <total>                     3361 us
[2026-04-03T02:31:12.135+0600][41.994s][info][gc,stats    ]   CTR: Thread Roots                3361 us, workers (us): 1136, 1118, 1106, ---, ---, ---, 
[2026-04-03T02:31:12.135+0600][41.994s][info][gc,stats    ] Concurrent Weak References         1030 us, parallelism: 1.22x
[2026-04-03T02:31:12.135+0600][41.994s][info][gc,stats    ]   CWRF: <total>                    1260 us
[2026-04-03T02:31:12.135+0600][41.994s][info][gc,stats    ]   CWRF: Weak References            1260 us, workers (us): 394, 105, 761, ---, ---, ---, 
[2026-04-03T02:31:12.135+0600][41.994s][info][gc,stats    ] Concurrent Weak Roots              6523 us
[2026-04-03T02:31:12.135+0600][41.994s][info][gc,stats    ]   Roots                            5916 us, parallelism: 2.75x
[2026-04-03T02:31:12.135+0600][41.994s][info][gc,stats    ]     CWR: <total>                  16290 us
[2026-04-03T02:31:12.135+0600][41.994s][info][gc,stats    ]     CWR: Code Cache Roots         12511 us, workers (us): 3925, 4257, 4330, ---, ---, ---, 
[2026-04-03T02:31:12.135+0600][41.994s][info][gc,stats    ]     CWR: VM Weak Roots             3483 us, workers (us): 1183, 1221, 1079, ---, ---, ---, 
[2026-04-03T02:31:12.135+0600][41.994s][info][gc,stats    ]     CWR: CLDG Roots                 296 us, workers (us): 296, ---, ---, ---, ---, ---, 
[2026-04-03T02:31:12.135+0600][41.995s][info][gc,stats    ]   Rendezvous                        406 us
[2026-04-03T02:31:12.135+0600][41.995s][info][gc,stats    ] Concurrent Cleanup                  996 us
[2026-04-03T02:31:12.135+0600][41.995s][info][gc,stats    ] Concurrent Class Unloading        18357 us
[2026-04-03T02:31:12.135+0600][41.995s][info][gc,stats    ]   Unlink Stale                    15244 us
[2026-04-03T02:31:12.135+0600][41.995s][info][gc,stats    ]     System Dictionary               340 us
[2026-04-03T02:31:12.135+0600][41.995s][info][gc,stats    ]     Weak Class Links                  1 us
[2026-04-03T02:31:12.135+0600][41.995s][info][gc,stats    ]     Code Roots                    14898 us
[2026-04-03T02:31:12.135+0600][41.995s][info][gc,stats    ]   Rendezvous                        494 us
[2026-04-03T02:31:12.135+0600][41.995s][info][gc,stats    ]   Purge Unlinked                   2474 us
[2026-04-03T02:31:12.135+0600][41.995s][info][gc,stats    ]     Code Roots                     2460 us
[2026-04-03T02:31:12.135+0600][41.995s][info][gc,stats    ]     CLDG                             12 us
[2026-04-03T02:31:12.135+0600][41.995s][info][gc,stats    ]     Exception Caches                  0 us
[2026-04-03T02:31:12.135+0600][41.995s][info][gc,stats    ] Concurrent Strong Roots            1212 us, parallelism: 0.65x
[2026-04-03T02:31:12.135+0600][41.995s][info][gc,stats    ]   CSR: <total>                      782 us
[2026-04-03T02:31:12.135+0600][41.995s][info][gc,stats    ]   CSR: VM Strong Roots               63 us, workers (us):  62,   0,   0, ---, ---, ---, 
[2026-04-03T02:31:12.135+0600][41.995s][info][gc,stats    ]   CSR: CLDG Roots                   719 us, workers (us): 719, ---, ---, ---, ---, ---, 
[2026-04-03T02:31:12.135+0600][41.995s][info][gc,stats    ] Concurrent Evacuation              7830 us
[2026-04-03T02:31:12.135+0600][41.995s][info][gc,stats    ] Pause Init Update Refs (G)         3362 us
[2026-04-03T02:31:12.135+0600][41.995s][info][gc,stats    ] Pause Init Update Refs (N)          175 us
[2026-04-03T02:31:12.135+0600][41.995s][info][gc,stats    ]   Manage GCLABs                      56 us
[2026-04-03T02:31:12.135+0600][41.995s][info][gc,stats    ] Concurrent Update Refs            51825 us
[2026-04-03T02:31:12.135+0600][41.995s][info][gc,stats    ] Concurrent Update Thread Roots     1943 us
[2026-04-03T02:31:12.135+0600][41.995s][info][gc,stats    ] Pause Final Update Refs (G)         549 us
[2026-04-03T02:31:12.135+0600][41.995s][info][gc,stats    ] Pause Final Update Refs (N)         254 us
[2026-04-03T02:31:12.135+0600][41.995s][info][gc,stats    ]   Update Region States               76 us
[2026-04-03T02:31:12.136+0600][41.995s][info][gc,stats    ]   Trash Collection Set               18 us
[2026-04-03T02:31:12.136+0600][41.995s][info][gc,stats    ]   Rebuild Free Set                   42 us
[2026-04-03T02:31:12.136+0600][41.995s][info][gc,stats    ] Concurrent Cleanup                  658 us
[2026-04-03T02:31:12.136+0600][41.995s][info][gc,stats    ] Pacing                           184652 us
[2026-04-03T02:31:12.136+0600][41.995s][info][gc,stats    ] 
[2026-04-03T02:31:12.136+0600][41.995s][info][gc,stats    ] Allocation pacing accrued:
[2026-04-03T02:31:12.136+0600][41.995s][info][gc,stats    ]      22 of   784 ms (  2.9%): Executor task launch worker for task 3.0 in stage 910.0 (TID 1880)
[2026-04-03T02:31:12.136+0600][41.995s][info][gc,stats    ]      25 of   784 ms (  3.2%): Executor task launch worker for task 4.0 in stage 910.0 (TID 1881)
[2026-04-03T02:31:12.136+0600][41.995s][info][gc,stats    ]      22 of   784 ms (  2.8%): Executor task launch worker for task 0.0 in stage 910.0 (TID 1877)
[2026-04-03T02:31:12.136+0600][41.995s][info][gc,stats    ]      22 of   784 ms (  2.9%): Executor task launch worker for task 7.0 in stage 910.0 (TID 1884)
[2026-04-03T02:31:12.136+0600][41.995s][info][gc,stats    ]      22 of   784 ms (  2.8%): Executor task launch worker for task 1.0 in stage 910.0 (TID 1878)
[2026-04-03T02:31:12.136+0600][41.995s][info][gc,stats    ]      22 of   784 ms (  2.9%): Executor task launch worker for task 2.0 in stage 910.0 (TID 1879)
[2026-04-03T02:31:12.136+0600][41.995s][info][gc,stats    ]      22 of   784 ms (  2.8%): Executor task launch worker for task 6.0 in stage 910.0 (TID 1883)
[2026-04-03T02:31:12.136+0600][41.995s][info][gc,stats    ]      25 of   784 ms (  3.2%): Executor task launch worker for task 5.0 in stage 910.0 (TID 1882)
[2026-04-03T02:31:12.136+0600][41.995s][info][gc,stats    ]     185 of   784 ms ( 23.6%): <total>
[2026-04-03T02:31:12.136+0600][41.995s][info][gc,stats    ]       1 of   784 ms (  0.1%): <average total>
[2026-04-03T02:31:12.136+0600][41.995s][info][gc,stats    ]      23 of   784 ms (  2.9%): <average non-zero>
[2026-04-03T02:31:12.136+0600][41.995s][info][gc,stats    ] 
[2026-04-03T02:31:12.136+0600][41.995s][info][gc,metaspace] Metaspace: 130478K(131648K)->130493K(131648K) NonClass: 114062K(114688K)->114077K(114688K) Class: 16416K(16960K)->16416K(16960K)
[2026-04-03T02:31:12.136+0600][41.995s][info][gc,ergo     ] Pacer for Idle. Initial: 25600K, Alloc Tax Rate: 1.0x
[2026-04-03T02:31:12.813+0600][42.672s][info][gc          ] Trigger: Average GC time (211.64 ms) is above the time for average allocation rate (1025 MB/s) to deplete free headroom (216M) (margin of error = 1.86)
[2026-04-03T02:31:12.813+0600][42.672s][info][gc,ergo     ] Free headroom: 279M (free) - 64000K (spike) - 0B (penalties) = 216M
[2026-04-03T02:31:12.813+0600][42.672s][info][gc,ergo     ] Free: 279M, Max: 512K regular, 185M humongous, Frag: 34% external, 0% internal; Reserve: 64000K, Max: 512K
[2026-04-03T02:31:12.813+0600][42.672s][info][gc,start    ] GC(29) Concurrent reset
[2026-04-03T02:31:12.813+0600][42.672s][info][gc,task     ] GC(29) Using 3 of 6 workers for concurrent reset
[2026-04-03T02:31:12.813+0600][42.672s][info][gc,ergo     ] GC(29) Pacer for Reset. Non-Taxable: 1250M
[2026-04-03T02:31:12.814+0600][42.673s][info][gc          ] GC(29) Concurrent reset 0.836ms
[2026-04-03T02:31:12.814+0600][42.673s][info][gc,start    ] GC(29) Pause Init Mark (unload classes)
[2026-04-03T02:31:12.814+0600][42.673s][info][gc,task     ] GC(29) Using 6 of 6 workers for init marking
[2026-04-03T02:31:12.814+0600][42.674s][info][gc,ergo     ] GC(29) Pacer for Mark. Expected Live: 91411K, Free: 278M, Non-Taxable: 28539K, Alloc Tax Rate: 0.4x
[2026-04-03T02:31:12.814+0600][42.674s][info][gc          ] GC(29) Pause Init Mark (unload classes) 0.108ms
[2026-04-03T02:31:12.814+0600][42.674s][info][gc,start    ] GC(29) Concurrent marking roots
[2026-04-03T02:31:12.814+0600][42.674s][info][gc,task     ] GC(29) Using 3 of 6 workers for concurrent marking roots
[2026-04-03T02:31:12.816+0600][42.675s][info][gc          ] GC(29) Concurrent marking roots 1.218ms
[2026-04-03T02:31:12.816+0600][42.675s][info][gc,start    ] GC(29) Concurrent marking (unload classes)
[2026-04-03T02:31:12.816+0600][42.675s][info][gc,task     ] GC(29) Using 3 of 6 workers for concurrent marking
[2026-04-03T02:31:12.881+0600][42.740s][info][gc          ] GC(29) Concurrent marking (unload classes) 65.276ms
[2026-04-03T02:31:12.881+0600][42.741s][info][gc,start    ] GC(29) Pause Final Mark (unload classes)
[2026-04-03T02:31:12.881+0600][42.741s][info][gc,task     ] GC(29) Using 6 of 6 workers for final marking
[2026-04-03T02:31:12.882+0600][42.741s][info][gc,ergo     ] GC(29) Adaptive CSet Selection. Target Free: 177M, Actual Free: 853M, Max CSet: 53333K, Min Garbage: 0B
[2026-04-03T02:31:12.882+0600][42.741s][info][gc,ergo     ] GC(29) Collectable Garbage: 728M (98%), Immediate: 553M (75%), CSet: 174M (23%)
[2026-04-03T02:31:12.882+0600][42.741s][info][gc,ergo     ] GC(29) Pacer for Evacuation. Used CSet: 180M, Free: 872M, Non-Taxable: 89314K, Alloc Tax Rate: 1.1x
[2026-04-03T02:31:12.882+0600][42.741s][info][gc          ] GC(29) Pause Final Mark (unload classes) 0.794ms
[2026-04-03T02:31:12.882+0600][42.742s][info][gc,start    ] GC(29) Concurrent thread roots
[2026-04-03T02:31:12.882+0600][42.742s][info][gc,task     ] GC(29) Using 3 of 6 workers for Concurrent thread roots
[2026-04-03T02:31:12.884+0600][42.743s][info][gc          ] GC(29) Concurrent thread roots 1.562ms
[2026-04-03T02:31:12.884+0600][42.743s][info][gc,start    ] GC(29) Concurrent weak references
[2026-04-03T02:31:12.884+0600][42.743s][info][gc,task     ] GC(29) Using 3 of 6 workers for concurrent weak references
[2026-04-03T02:31:12.885+0600][42.744s][info][gc,ref      ] GC(29) Encountered references: Soft: 3865, Weak: 16394, Final: 84, Phantom: 621
[2026-04-03T02:31:12.885+0600][42.744s][info][gc,ref      ] GC(29) Discovered  references: Soft: 0, Weak: 9087, Final: 0, Phantom: 616
[2026-04-03T02:31:12.885+0600][42.744s][info][gc,ref      ] GC(29) Enqueued    references: Soft: 0, Weak: 1731, Final: 0, Phantom: 0
[2026-04-03T02:31:12.885+0600][42.744s][info][gc          ] GC(29) Concurrent weak references 0.887ms
[2026-04-03T02:31:12.885+0600][42.744s][info][gc,start    ] GC(29) Concurrent weak roots
[2026-04-03T02:31:12.885+0600][42.744s][info][gc,task     ] GC(29) Using 3 of 6 workers for concurrent weak root
[2026-04-03T02:31:12.890+0600][42.749s][info][gc          ] GC(29) Concurrent weak roots 4.821ms
[2026-04-03T02:31:12.890+0600][42.749s][info][gc,start    ] GC(29) Concurrent cleanup
[2026-04-03T02:31:12.891+0600][42.750s][info][gc          ] GC(29) Concurrent cleanup 868M->315M(1078M) 0.855ms
[2026-04-03T02:31:12.891+0600][42.750s][info][gc,ergo     ] GC(29) Free: 866M, Max: 512K regular, 187M humongous, Frag: 79% external, 0% internal; Reserve: 63348K, Max: 512K
[2026-04-03T02:31:12.891+0600][42.750s][info][gc,start    ] GC(29) Concurrent class unloading
[2026-04-03T02:31:12.891+0600][42.750s][info][gc,task     ] GC(29) Using 3 of 6 workers for concurrent class unloading
[2026-04-03T02:31:12.914+0600][42.773s][info][gc          ] GC(29) Concurrent class unloading 22.876ms
[2026-04-03T02:31:12.914+0600][42.773s][info][gc,start    ] GC(29) Concurrent strong roots
[2026-04-03T02:31:12.914+0600][42.773s][info][gc,task     ] GC(29) Using 3 of 6 workers for concurrent strong root
[2026-04-03T02:31:12.915+0600][42.774s][info][gc          ] GC(29) Concurrent strong roots 1.342ms
[2026-04-03T02:31:12.915+0600][42.774s][info][gc,start    ] GC(29) Concurrent evacuation
[2026-04-03T02:31:12.915+0600][42.774s][info][gc,task     ] GC(29) Using 3 of 6 workers for concurrent evacuation
[2026-04-03T02:31:12.922+0600][42.781s][info][gc          ] GC(29) Concurrent evacuation 6.876ms
[2026-04-03T02:31:12.922+0600][42.782s][info][gc,start    ] GC(29) Pause Init Update Refs
[2026-04-03T02:31:12.922+0600][42.782s][info][gc,ergo     ] GC(29) Pacer for Update Refs. Used: 340M, Free: 848M, Non-Taxable: 86857K, Alloc Tax Rate: 1.1x
[2026-04-03T02:31:12.922+0600][42.782s][info][gc          ] GC(29) Pause Init Update Refs 0.097ms
[2026-04-03T02:31:12.923+0600][42.782s][info][gc,start    ] GC(29) Concurrent update references
[2026-04-03T02:31:12.923+0600][42.782s][info][gc,task     ] GC(29) Using 3 of 6 workers for concurrent reference update
[2026-04-03T02:31:12.970+0600][42.829s][info][gc          ] GC(29) Concurrent update references 47.296ms
[2026-04-03T02:31:12.970+0600][42.829s][info][gc,start    ] GC(29) Concurrent update thread roots
[2026-04-03T02:31:12.972+0600][42.831s][info][gc          ] GC(29) Concurrent update thread roots 1.780ms
[2026-04-03T02:31:12.972+0600][42.831s][info][gc,start    ] GC(29) Pause Final Update Refs
[2026-04-03T02:31:12.972+0600][42.832s][info][gc,task     ] GC(29) Using 6 of 6 workers for final reference update
[2026-04-03T02:31:12.972+0600][42.832s][info][gc          ] GC(29) Pause Final Update Refs 0.201ms
[2026-04-03T02:31:12.972+0600][42.832s][info][gc,start    ] GC(29) Concurrent cleanup
[2026-04-03T02:31:12.973+0600][42.832s][info][gc          ] GC(29) Concurrent cleanup 378M->198M(1078M) 0.540ms
[2026-04-03T02:31:12.973+0600][42.832s][info][gc,ergo     ] Free: 979M, Max: 512K regular, 390M humongous, Frag: 61% external, 0% internal; Reserve: 64000K, Max: 512K
[2026-04-03T02:31:12.973+0600][42.832s][info][gc,stats    ] 
[2026-04-03T02:31:12.973+0600][42.832s][info][gc,stats    ] All times are wall-clock times, except per-root-class counters, that are sum over
[2026-04-03T02:31:12.973+0600][42.832s][info][gc,stats    ] all workers. Dividing the <total> over the root stage time estimates parallelism.
[2026-04-03T02:31:12.973+0600][42.832s][info][gc,stats    ] 
[2026-04-03T02:31:12.973+0600][42.832s][info][gc,stats    ] Concurrent Reset                    897 us
[2026-04-03T02:31:12.973+0600][42.832s][info][gc,stats    ] Pause Init Mark (G)                 718 us
[2026-04-03T02:31:12.973+0600][42.832s][info][gc,stats    ] Pause Init Mark (N)                 119 us
[2026-04-03T02:31:12.973+0600][42.832s][info][gc,stats    ]   Update Region States               20 us
[2026-04-03T02:31:12.973+0600][42.832s][info][gc,stats    ] Concurrent Mark Roots              1304 us, parallelism: 1.75x
[2026-04-03T02:31:12.973+0600][42.832s][info][gc,stats    ]   CMR: <total>                     2276 us
[2026-04-03T02:31:12.973+0600][42.833s][info][gc,stats    ]   CMR: Thread Roots                1956 us, workers (us): 474, 768, 713, ---, ---, ---, 
[2026-04-03T02:31:12.973+0600][42.833s][info][gc,stats    ]   CMR: VM Strong Roots               39 us, workers (us):  24,  14,   1, ---, ---, ---, 
[2026-04-03T02:31:12.973+0600][42.833s][info][gc,stats    ]   CMR: CLDG Roots                   282 us, workers (us): 282, ---, ---, ---, ---, ---, 
[2026-04-03T02:31:12.973+0600][42.833s][info][gc,stats    ] Concurrent Marking                65362 us
[2026-04-03T02:31:12.973+0600][42.833s][info][gc,stats    ] Pause Final Mark (G)               1158 us
[2026-04-03T02:31:12.973+0600][42.833s][info][gc,stats    ] Pause Final Mark (N)                810 us
[2026-04-03T02:31:12.973+0600][42.833s][info][gc,stats    ]   Finish Mark                       283 us
[2026-04-03T02:31:12.973+0600][42.833s][info][gc,stats    ]   Update Region States               57 us
[2026-04-03T02:31:12.973+0600][42.833s][info][gc,stats    ]   Choose Collection Set             263 us
[2026-04-03T02:31:12.973+0600][42.833s][info][gc,stats    ]   Rebuild Free Set                   51 us
[2026-04-03T02:31:12.973+0600][42.833s][info][gc,stats    ] Concurrent Thread Roots            1599 us, parallelism: 2.44x
[2026-04-03T02:31:12.973+0600][42.833s][info][gc,stats    ]   CTR: <total>                     3893 us
[2026-04-03T02:31:12.973+0600][42.833s][info][gc,stats    ]   CTR: Thread Roots                3893 us, workers (us): 1369, 1273, 1251, ---, ---, ---, 
[2026-04-03T02:31:12.973+0600][42.833s][info][gc,stats    ] Concurrent Weak References          903 us, parallelism: 1.37x
[2026-04-03T02:31:12.973+0600][42.833s][info][gc,stats    ]   CWRF: <total>                    1235 us
[2026-04-03T02:31:12.973+0600][42.833s][info][gc,stats    ]   CWRF: Weak References            1235 us, workers (us): 704, 196, 335, ---, ---, ---, 
[2026-04-03T02:31:12.973+0600][42.833s][info][gc,stats    ] Concurrent Weak Roots              4933 us
[2026-04-03T02:31:12.973+0600][42.833s][info][gc,stats    ]   Roots                            4434 us, parallelism: 2.70x
[2026-04-03T02:31:12.973+0600][42.833s][info][gc,stats    ]     CWR: <total>                  11955 us
[2026-04-03T02:31:12.973+0600][42.833s][info][gc,stats    ]     CWR: Code Cache Roots          9226 us, workers (us): 3237, 3123, 2866, ---, ---, ---, 
[2026-04-03T02:31:12.973+0600][42.833s][info][gc,stats    ]     CWR: VM Weak Roots             2488 us, workers (us): 842, 843, 803, ---, ---, ---, 
[2026-04-03T02:31:12.973+0600][42.833s][info][gc,stats    ]     CWR: CLDG Roots                 241 us, workers (us): ---, ---, 241, ---, ---, ---, 
[2026-04-03T02:31:12.973+0600][42.833s][info][gc,stats    ]   Rendezvous                        355 us
[2026-04-03T02:31:12.973+0600][42.833s][info][gc,stats    ] Concurrent Cleanup                  884 us
[2026-04-03T02:31:12.974+0600][42.833s][info][gc,stats    ] Concurrent Class Unloading        22981 us
[2026-04-03T02:31:12.974+0600][42.833s][info][gc,stats    ]   Unlink Stale                    19465 us
[2026-04-03T02:31:12.974+0600][42.833s][info][gc,stats    ]     System Dictionary               290 us
[2026-04-03T02:31:12.974+0600][42.833s][info][gc,stats    ]     Weak Class Links                  0 us
[2026-04-03T02:31:12.974+0600][42.833s][info][gc,stats    ]     Code Roots                    19172 us
[2026-04-03T02:31:12.974+0600][42.833s][info][gc,stats    ]   Rendezvous                        311 us
[2026-04-03T02:31:12.974+0600][42.833s][info][gc,stats    ]   Purge Unlinked                   3059 us
[2026-04-03T02:31:12.974+0600][42.833s][info][gc,stats    ]     Code Roots                     3039 us
[2026-04-03T02:31:12.974+0600][42.833s][info][gc,stats    ]     CLDG                             19 us
[2026-04-03T02:31:12.974+0600][42.833s][info][gc,stats    ]     Exception Caches                  1 us
[2026-04-03T02:31:12.974+0600][42.833s][info][gc,stats    ] Concurrent Strong Roots            1432 us, parallelism: 0.68x
[2026-04-03T02:31:12.974+0600][42.833s][info][gc,stats    ]   CSR: <total>                      978 us
[2026-04-03T02:31:12.974+0600][42.833s][info][gc,stats    ]   CSR: VM Strong Roots               79 us, workers (us):  25,  27,  26, ---, ---, ---, 
[2026-04-03T02:31:12.974+0600][42.833s][info][gc,stats    ]   CSR: CLDG Roots                   899 us, workers (us): 899, ---, ---, ---, ---, ---, 
[2026-04-03T02:31:12.974+0600][42.833s][info][gc,stats    ] Concurrent Evacuation              6954 us
[2026-04-03T02:31:12.974+0600][42.833s][info][gc,stats    ] Pause Init Update Refs (G)          586 us
[2026-04-03T02:31:12.974+0600][42.833s][info][gc,stats    ] Pause Init Update Refs (N)          110 us
[2026-04-03T02:31:12.974+0600][42.833s][info][gc,stats    ]   Manage GCLABs                      31 us
[2026-04-03T02:31:12.974+0600][42.833s][info][gc,stats    ] Concurrent Update Refs            47402 us
[2026-04-03T02:31:12.974+0600][42.833s][info][gc,stats    ] Concurrent Update Thread Roots     1842 us
[2026-04-03T02:31:12.974+0600][42.833s][info][gc,stats    ] Pause Final Update Refs (G)         589 us
[2026-04-03T02:31:12.974+0600][42.833s][info][gc,stats    ] Pause Final Update Refs (N)         220 us
[2026-04-03T02:31:12.974+0600][42.833s][info][gc,stats    ]   Update Region States               47 us
[2026-04-03T02:31:12.974+0600][42.833s][info][gc,stats    ]   Trash Collection Set               18 us
[2026-04-03T02:31:12.974+0600][42.833s][info][gc,stats    ]   Rebuild Free Set                   38 us
[2026-04-03T02:31:12.974+0600][42.833s][info][gc,stats    ] Concurrent Cleanup                  559 us
[2026-04-03T02:31:12.974+0600][42.833s][info][gc,stats    ] Pacing                            82833 us
[2026-04-03T02:31:12.974+0600][42.833s][info][gc,stats    ] 
[2026-04-03T02:31:12.974+0600][42.833s][info][gc,stats    ] Allocation pacing accrued:
[2026-04-03T02:31:12.974+0600][42.833s][info][gc,stats    ]      10 of   838 ms (  1.2%): Executor task launch worker for task 4.0 in stage 1024.0 (TID 2009)
[2026-04-03T02:31:12.974+0600][42.833s][info][gc,stats    ]      10 of   838 ms (  1.2%): Executor task launch worker for task 6.0 in stage 1024.0 (TID 2011)
[2026-04-03T02:31:12.974+0600][42.833s][info][gc,stats    ]      11 of   838 ms (  1.3%): Executor task launch worker for task 7.0 in stage 1024.0 (TID 2012)
[2026-04-03T02:31:12.974+0600][42.833s][info][gc,stats    ]      10 of   838 ms (  1.2%): Executor task launch worker for task 5.0 in stage 1024.0 (TID 2010)
[2026-04-03T02:31:12.974+0600][42.833s][info][gc,stats    ]      10 of   838 ms (  1.2%): Executor task launch worker for task 0.0 in stage 1024.0 (TID 2005)
[2026-04-03T02:31:12.974+0600][42.833s][info][gc,stats    ]      10 of   838 ms (  1.2%): Executor task launch worker for task 3.0 in stage 1024.0 (TID 2008)
[2026-04-03T02:31:12.974+0600][42.833s][info][gc,stats    ]      10 of   838 ms (  1.2%): Executor task launch worker for task 2.0 in stage 1024.0 (TID 2007)
[2026-04-03T02:31:12.974+0600][42.833s][info][gc,stats    ]      12 of   838 ms (  1.4%): Executor task launch worker for task 1.0 in stage 1024.0 (TID 2006)
[2026-04-03T02:31:12.974+0600][42.833s][info][gc,stats    ]      83 of   838 ms (  9.9%): <total>
[2026-04-03T02:31:12.974+0600][42.833s][info][gc,stats    ]       0 of   838 ms (  0.0%): <average total>
[2026-04-03T02:31:12.974+0600][42.833s][info][gc,stats    ]      10 of   838 ms (  1.2%): <average non-zero>
[2026-04-03T02:31:12.974+0600][42.833s][info][gc,stats    ] 
[2026-04-03T02:31:12.974+0600][42.833s][info][gc,metaspace] Metaspace: 130516K(131648K)->130615K(131776K) NonClass: 114097K(114688K)->114183K(114752K) Class: 16419K(16960K)->16431K(17024K)
[2026-04-03T02:31:12.974+0600][42.833s][info][gc,ergo     ] Pacer for Idle. Initial: 25600K, Alloc Tax Rate: 1.0x
[2026-04-03T02:31:13.277+0600][43.136s][info][gc          ] Trigger: Average GC time (196.24 ms) is above the time for average allocation rate (2599 MB/s) to deplete free headroom (268M) (margin of error = 1.86)
[2026-04-03T02:31:13.277+0600][43.136s][info][gc,ergo     ] Free headroom: 331M (free) - 64000K (spike) - 0B (penalties) = 268M
[2026-04-03T02:31:13.277+0600][43.136s][info][gc,ergo     ] Free: 331M, Max: 512K regular, 186M humongous, Frag: 44% external, 0% internal; Reserve: 64000K, Max: 512K
[2026-04-03T02:31:13.277+0600][43.136s][info][gc,start    ] GC(30) Concurrent reset
[2026-04-03T02:31:13.277+0600][43.136s][info][gc,task     ] GC(30) Using 3 of 6 workers for concurrent reset
[2026-04-03T02:31:13.277+0600][43.136s][info][gc,ergo     ] GC(30) Pacer for Reset. Non-Taxable: 1250M
[2026-04-03T02:31:13.278+0600][43.137s][info][gc          ] GC(30) Concurrent reset 0.955ms
[2026-04-03T02:31:13.278+0600][43.137s][info][gc,start    ] GC(30) Pause Init Mark (unload classes)
[2026-04-03T02:31:13.278+0600][43.138s][info][gc,task     ] GC(30) Using 6 of 6 workers for init marking
[2026-04-03T02:31:13.278+0600][43.138s][info][gc,ergo     ] GC(30) Pacer for Mark. Expected Live: 91975K, Free: 330M, Non-Taxable: 33874K, Alloc Tax Rate: 0.3x
[2026-04-03T02:31:13.278+0600][43.138s][info][gc          ] GC(30) Pause Init Mark (unload classes) 0.150ms
[2026-04-03T02:31:13.278+0600][43.138s][info][gc,start    ] GC(30) Concurrent marking roots
[2026-04-03T02:31:13.279+0600][43.138s][info][gc,task     ] GC(30) Using 3 of 6 workers for concurrent marking roots
[2026-04-03T02:31:13.280+0600][43.139s][info][gc          ] GC(30) Concurrent marking roots 1.235ms
[2026-04-03T02:31:13.280+0600][43.139s][info][gc,start    ] GC(30) Concurrent marking (unload classes)
[2026-04-03T02:31:13.280+0600][43.139s][info][gc,task     ] GC(30) Using 3 of 6 workers for concurrent marking
[2026-04-03T02:31:13.339+0600][43.198s][info][gc          ] GC(30) Concurrent marking (unload classes) 58.892ms
[2026-04-03T02:31:13.339+0600][43.199s][info][gc,start    ] GC(30) Pause Final Mark (unload classes)
[2026-04-03T02:31:13.339+0600][43.199s][info][gc,task     ] GC(30) Using 6 of 6 workers for final marking
[2026-04-03T02:31:13.340+0600][43.199s][info][gc,ergo     ] GC(30) Adaptive CSet Selection. Target Free: 177M, Actual Free: 915M, Max CSet: 53333K, Min Garbage: 0B
[2026-04-03T02:31:13.340+0600][43.199s][info][gc,ergo     ] GC(30) Collectable Garbage: 697M (98%), Immediate: 609M (86%), CSet: 89761K (12%)
[2026-04-03T02:31:13.340+0600][43.199s][info][gc,ergo     ] GC(30) Pacer for Evacuation. Used CSet: 94115K, Free: 914M, Non-Taxable: 93647K, Alloc Tax Rate: 1.1x
[2026-04-03T02:31:13.340+0600][43.199s][info][gc          ] GC(30) Pause Final Mark (unload classes) 0.473ms
[2026-04-03T02:31:13.340+0600][43.199s][info][gc,start    ] GC(30) Concurrent thread roots
[2026-04-03T02:31:13.340+0600][43.199s][info][gc,task     ] GC(30) Using 3 of 6 workers for Concurrent thread roots
[2026-04-03T02:31:13.341+0600][43.200s][info][gc          ] GC(30) Concurrent thread roots 0.933ms
[2026-04-03T02:31:13.341+0600][43.200s][info][gc,start    ] GC(30) Concurrent weak references
[2026-04-03T02:31:13.341+0600][43.200s][info][gc,task     ] GC(30) Using 3 of 6 workers for concurrent weak references
[2026-04-03T02:31:13.342+0600][43.201s][info][gc,ref      ] GC(30) Encountered references: Soft: 3865, Weak: 15293, Final: 84, Phantom: 621
[2026-04-03T02:31:13.342+0600][43.201s][info][gc,ref      ] GC(30) Discovered  references: Soft: 0, Weak: 6598, Final: 0, Phantom: 616
[2026-04-03T02:31:13.342+0600][43.201s][info][gc,ref      ] GC(30) Enqueued    references: Soft: 0, Weak: 805, Final: 0, Phantom: 0
[2026-04-03T02:31:13.342+0600][43.201s][info][gc          ] GC(30) Concurrent weak references 0.871ms
[2026-04-03T02:31:13.342+0600][43.201s][info][gc,start    ] GC(30) Concurrent weak roots
[2026-04-03T02:31:13.342+0600][43.201s][info][gc,task     ] GC(30) Using 3 of 6 workers for concurrent weak root
[2026-04-03T02:31:13.347+0600][43.206s][info][gc          ] GC(30) Concurrent weak roots 4.963ms
[2026-04-03T02:31:13.347+0600][43.206s][info][gc,start    ] GC(30) Concurrent cleanup
[2026-04-03T02:31:13.347+0600][43.207s][info][gc          ] GC(30) Concurrent cleanup 954M->345M(1078M) 0.391ms
[2026-04-03T02:31:13.347+0600][43.207s][info][gc,ergo     ] GC(30) Free: 823M, Max: 512K regular, 281M humongous, Frag: 66% external, 0% internal; Reserve: 63119K, Max: 512K
[2026-04-03T02:31:13.347+0600][43.207s][info][gc,start    ] GC(30) Concurrent class unloading
[2026-04-03T02:31:13.347+0600][43.207s][info][gc,task     ] GC(30) Using 3 of 6 workers for concurrent class unloading
[2026-04-03T02:31:13.361+0600][43.220s][info][gc          ] GC(30) Concurrent class unloading 13.171ms
[2026-04-03T02:31:13.361+0600][43.220s][info][gc,start    ] GC(30) Concurrent strong roots
[2026-04-03T02:31:13.361+0600][43.220s][info][gc,task     ] GC(30) Using 3 of 6 workers for concurrent strong root
[2026-04-03T02:31:13.362+0600][43.221s][info][gc          ] GC(30) Concurrent strong roots 1.154ms
[2026-04-03T02:31:13.362+0600][43.221s][info][gc,start    ] GC(30) Concurrent evacuation
[2026-04-03T02:31:13.362+0600][43.221s][info][gc,task     ] GC(30) Using 3 of 6 workers for concurrent evacuation
[2026-04-03T02:31:13.364+0600][43.223s][info][gc          ] GC(30) Concurrent evacuation 1.821ms
[2026-04-03T02:31:13.364+0600][43.223s][info][gc,start    ] GC(30) Pause Init Update Refs
[2026-04-03T02:31:13.364+0600][43.223s][info][gc,ergo     ] GC(30) Pacer for Update Refs. Used: 358M, Free: 814M, Non-Taxable: 83356K, Alloc Tax Rate: 1.1x
[2026-04-03T02:31:13.364+0600][43.223s][info][gc          ] GC(30) Pause Init Update Refs 0.123ms
[2026-04-03T02:31:13.364+0600][43.224s][info][gc,start    ] GC(30) Concurrent update references
[2026-04-03T02:31:13.364+0600][43.224s][info][gc,task     ] GC(30) Using 3 of 6 workers for concurrent reference update
[2026-04-03T02:31:13.412+0600][43.271s][info][gc          ] GC(30) Concurrent update references 47.464ms
[2026-04-03T02:31:13.412+0600][43.271s][info][gc,start    ] GC(30) Concurrent update thread roots
[2026-04-03T02:31:13.414+0600][43.273s][info][gc          ] GC(30) Concurrent update thread roots 2.281ms
[2026-04-03T02:31:13.414+0600][43.274s][info][gc,start    ] GC(30) Pause Final Update Refs
[2026-04-03T02:31:13.414+0600][43.274s][info][gc,task     ] GC(30) Using 6 of 6 workers for final reference update
[2026-04-03T02:31:13.415+0600][43.274s][info][gc          ] GC(30) Pause Final Update Refs 0.223ms
[2026-04-03T02:31:13.415+0600][43.274s][info][gc,start    ] GC(30) Concurrent cleanup
[2026-04-03T02:31:13.415+0600][43.275s][info][gc          ] GC(30) Concurrent cleanup 496M->406M(1078M) 0.620ms
[2026-04-03T02:31:13.415+0600][43.275s][info][gc,ergo     ] Free: 743M, Max: 512K regular, 358M humongous, Frag: 52% external, 0% internal; Reserve: 64000K, Max: 512K
[2026-04-03T02:31:13.416+0600][43.275s][info][gc,stats    ] 
[2026-04-03T02:31:13.416+0600][43.275s][info][gc,stats    ] All times are wall-clock times, except per-root-class counters, that are sum over
[2026-04-03T02:31:13.416+0600][43.275s][info][gc,stats    ] all workers. Dividing the <total> over the root stage time estimates parallelism.
[2026-04-03T02:31:13.416+0600][43.275s][info][gc,stats    ] 
[2026-04-03T02:31:13.416+0600][43.275s][info][gc,stats    ] Concurrent Reset                   1007 us
[2026-04-03T02:31:13.416+0600][43.275s][info][gc,stats    ] Pause Init Mark (G)                 482 us
[2026-04-03T02:31:13.416+0600][43.275s][info][gc,stats    ] Pause Init Mark (N)                 161 us
[2026-04-03T02:31:13.416+0600][43.275s][info][gc,stats    ]   Update Region States               36 us
[2026-04-03T02:31:13.416+0600][43.275s][info][gc,stats    ] Concurrent Mark Roots              1271 us, parallelism: 1.79x
[2026-04-03T02:31:13.416+0600][43.275s][info][gc,stats    ]   CMR: <total>                     2270 us
[2026-04-03T02:31:13.416+0600][43.275s][info][gc,stats    ]   CMR: Thread Roots                1851 us, workers (us): 371, 745, 736, ---, ---, ---, 
[2026-04-03T02:31:13.416+0600][43.275s][info][gc,stats    ]   CMR: VM Strong Roots               47 us, workers (us):  37,   9,   1, ---, ---, ---, 
[2026-04-03T02:31:13.416+0600][43.275s][info][gc,stats    ]   CMR: CLDG Roots                   372 us, workers (us): 372, ---, ---, ---, ---, ---, 
[2026-04-03T02:31:13.416+0600][43.275s][info][gc,stats    ] Concurrent Marking                58965 us
[2026-04-03T02:31:13.416+0600][43.275s][info][gc,stats    ] Pause Final Mark (G)               1210 us
[2026-04-03T02:31:13.416+0600][43.275s][info][gc,stats    ] Pause Final Mark (N)                502 us
[2026-04-03T02:31:13.416+0600][43.275s][info][gc,stats    ]   Finish Mark                       160 us
[2026-04-03T02:31:13.416+0600][43.275s][info][gc,stats    ]   Update Region States               32 us
[2026-04-03T02:31:13.416+0600][43.275s][info][gc,stats    ]   Choose Collection Set             147 us
[2026-04-03T02:31:13.416+0600][43.275s][info][gc,stats    ]   Rebuild Free Set                   26 us
[2026-04-03T02:31:13.416+0600][43.275s][info][gc,stats    ] Concurrent Thread Roots             999 us, parallelism: 2.16x
[2026-04-03T02:31:13.416+0600][43.275s][info][gc,stats    ]   CTR: <total>                     2161 us
[2026-04-03T02:31:13.416+0600][43.275s][info][gc,stats    ]   CTR: Thread Roots                2161 us, workers (us): 731, 742, 689, ---, ---, ---, 
[2026-04-03T02:31:13.416+0600][43.275s][info][gc,stats    ] Concurrent Weak References          887 us, parallelism: 1.12x
[2026-04-03T02:31:13.416+0600][43.275s][info][gc,stats    ]   CWRF: <total>                     994 us
[2026-04-03T02:31:13.416+0600][43.275s][info][gc,stats    ]   CWRF: Weak References             994 us, workers (us): 299, 158, 537, ---, ---, ---, 
[2026-04-03T02:31:13.416+0600][43.275s][info][gc,stats    ] Concurrent Weak Roots              5074 us
[2026-04-03T02:31:13.416+0600][43.275s][info][gc,stats    ]   Roots                            4571 us, parallelism: 2.68x
[2026-04-03T02:31:13.416+0600][43.275s][info][gc,stats    ]     CWR: <total>                  12267 us
[2026-04-03T02:31:13.416+0600][43.275s][info][gc,stats    ]     CWR: Code Cache Roots          9437 us, workers (us): 3058, 3230, 3150, ---, ---, ---, 
[2026-04-03T02:31:13.416+0600][43.275s][info][gc,stats    ]     CWR: VM Weak Roots             2687 us, workers (us): 926, 888, 873, ---, ---, ---, 
[2026-04-03T02:31:13.416+0600][43.275s][info][gc,stats    ]     CWR: CLDG Roots                 143 us, workers (us): 143, ---, ---, ---, ---, ---, 
[2026-04-03T02:31:13.416+0600][43.275s][info][gc,stats    ]   Rendezvous                        357 us
[2026-04-03T02:31:13.416+0600][43.275s][info][gc,stats    ] Concurrent Cleanup                  410 us
[2026-04-03T02:31:13.416+0600][43.275s][info][gc,stats    ] Concurrent Class Unloading        13246 us
[2026-04-03T02:31:13.416+0600][43.275s][info][gc,stats    ]   Unlink Stale                    11883 us
[2026-04-03T02:31:13.416+0600][43.275s][info][gc,stats    ]     System Dictionary               313 us
[2026-04-03T02:31:13.416+0600][43.275s][info][gc,stats    ]     Weak Class Links                  0 us
[2026-04-03T02:31:13.416+0600][43.275s][info][gc,stats    ]     Code Roots                    11566 us
[2026-04-03T02:31:13.416+0600][43.275s][info][gc,stats    ]   Rendezvous                        492 us
[2026-04-03T02:31:13.416+0600][43.275s][info][gc,stats    ]   Purge Unlinked                    762 us
[2026-04-03T02:31:13.416+0600][43.276s][info][gc,stats    ]     Code Roots                      750 us
[2026-04-03T02:31:13.416+0600][43.276s][info][gc,stats    ]     CLDG                             12 us
[2026-04-03T02:31:13.416+0600][43.276s][info][gc,stats    ]     Exception Caches                  0 us
[2026-04-03T02:31:13.416+0600][43.276s][info][gc,stats    ] Concurrent Strong Roots            1200 us, parallelism: 0.65x
[2026-04-03T02:31:13.416+0600][43.276s][info][gc,stats    ]   CSR: <total>                      778 us
[2026-04-03T02:31:13.416+0600][43.276s][info][gc,stats    ]   CSR: VM Strong Roots               52 us, workers (us):  50,   2,   0, ---, ---, ---, 
[2026-04-03T02:31:13.416+0600][43.276s][info][gc,stats    ]   CSR: CLDG Roots                   725 us, workers (us): 725, ---, ---, ---, ---, ---, 
[2026-04-03T02:31:13.416+0600][43.276s][info][gc,stats    ] Concurrent Evacuation              1886 us
[2026-04-03T02:31:13.416+0600][43.276s][info][gc,stats    ] Pause Init Update Refs (G)          491 us
[2026-04-03T02:31:13.416+0600][43.276s][info][gc,stats    ] Pause Init Update Refs (N)          133 us
[2026-04-03T02:31:13.416+0600][43.276s][info][gc,stats    ]   Manage GCLABs                      37 us
[2026-04-03T02:31:13.416+0600][43.276s][info][gc,stats    ] Concurrent Update Refs            47622 us
[2026-04-03T02:31:13.416+0600][43.276s][info][gc,stats    ] Concurrent Update Thread Roots     2360 us
[2026-04-03T02:31:13.416+0600][43.276s][info][gc,stats    ] Pause Final Update Refs (G)         528 us
[2026-04-03T02:31:13.416+0600][43.276s][info][gc,stats    ] Pause Final Update Refs (N)         243 us
[2026-04-03T02:31:13.416+0600][43.276s][info][gc,stats    ]   Update Region States               59 us
[2026-04-03T02:31:13.416+0600][43.276s][info][gc,stats    ]   Trash Collection Set               15 us
[2026-04-03T02:31:13.416+0600][43.276s][info][gc,stats    ]   Rebuild Free Set                   43 us
[2026-04-03T02:31:13.416+0600][43.276s][info][gc,stats    ] Concurrent Cleanup                  672 us
[2026-04-03T02:31:13.416+0600][43.276s][info][gc,stats    ] Pacing                           190598 us
[2026-04-03T02:31:13.416+0600][43.276s][info][gc,stats    ] 
[2026-04-03T02:31:13.416+0600][43.276s][info][gc,stats    ] Allocation pacing accrued:
[2026-04-03T02:31:13.416+0600][43.276s][info][gc,stats    ]      11 of   443 ms (  2.5%): Spark Context Cleaner
[2026-04-03T02:31:13.416+0600][43.276s][info][gc,stats    ]      41 of   443 ms (  9.2%): Executor task launch worker for task 3.0 in stage 1042.0 (TID 2046)
[2026-04-03T02:31:13.417+0600][43.276s][info][gc,stats    ]      40 of   443 ms (  9.1%): Executor task launch worker for task 2.0 in stage 1042.0 (TID 2045)
[2026-04-03T02:31:13.417+0600][43.276s][info][gc,stats    ]      41 of   443 ms (  9.3%): Executor task launch worker for task 0.0 in stage 1042.0 (TID 2043)
[2026-04-03T02:31:13.417+0600][43.276s][info][gc,stats    ]      39 of   443 ms (  8.9%): Executor task launch worker for task 1.0 in stage 1042.0 (TID 2044)
[2026-04-03T02:31:13.417+0600][43.276s][info][gc,stats    ]      18 of   443 ms (  4.1%): block-manager-storage-async-thread-pool-47
[2026-04-03T02:31:13.417+0600][43.276s][info][gc,stats    ]     191 of   443 ms ( 43.1%): <total>
[2026-04-03T02:31:13.417+0600][43.276s][info][gc,stats    ]       1 of   443 ms (  0.2%): <average total>
[2026-04-03T02:31:13.417+0600][43.276s][info][gc,stats    ]      32 of   443 ms (  7.2%): <average non-zero>
[2026-04-03T02:31:13.417+0600][43.276s][info][gc,stats    ] 
[2026-04-03T02:31:13.417+0600][43.276s][info][gc,metaspace] Metaspace: 130618K(131776K)->130631K(131840K) NonClass: 114186K(114752K)->114200K(114816K) Class: 16431K(17024K)->16431K(17024K)
[2026-04-03T02:31:13.417+0600][43.276s][info][gc,ergo     ] Pacer for Idle. Initial: 25600K, Alloc Tax Rate: 1.0x
[2026-04-03T02:31:14.020+0600][43.880s][info][gc          ] Trigger: Average GC time (182.72 ms) is above the time for average allocation rate (1060 MB/s) to deplete free headroom (168M) (margin of error = 1.88)
[2026-04-03T02:31:14.021+0600][43.880s][info][gc,ergo     ] Free headroom: 231M (free) - 64000K (spike) - 0B (penalties) = 168M
[2026-04-03T02:31:14.021+0600][43.880s][info][gc,ergo     ] Free: 231M, Max: 512K regular, 150M humongous, Frag: 35% external, 1% internal; Reserve: 64000K, Max: 512K
[2026-04-03T02:31:14.021+0600][43.880s][info][gc,start    ] GC(31) Concurrent reset
[2026-04-03T02:31:14.021+0600][43.880s][info][gc,task     ] GC(31) Using 3 of 6 workers for concurrent reset
[2026-04-03T02:31:14.021+0600][43.880s][info][gc,ergo     ] GC(31) Pacer for Reset. Non-Taxable: 1250M
[2026-04-03T02:31:14.022+0600][43.881s][info][gc          ] GC(31) Concurrent reset 1.206ms
[2026-04-03T02:31:14.022+0600][43.881s][info][gc,start    ] GC(31) Pause Init Mark (unload classes)
[2026-04-03T02:31:14.022+0600][43.881s][info][gc,task     ] GC(31) Using 6 of 6 workers for init marking
[2026-04-03T02:31:14.022+0600][43.881s][info][gc,ergo     ] GC(31) Pacer for Mark. Expected Live: 91435K, Free: 228M, Non-Taxable: 23432K, Alloc Tax Rate: 0.5x
[2026-04-03T02:31:14.022+0600][43.882s][info][gc          ] GC(31) Pause Init Mark (unload classes) 0.141ms
[2026-04-03T02:31:14.022+0600][43.882s][info][gc,start    ] GC(31) Concurrent marking roots
[2026-04-03T02:31:14.022+0600][43.882s][info][gc,task     ] GC(31) Using 3 of 6 workers for concurrent marking roots
[2026-04-03T02:31:14.024+0600][43.883s][info][gc          ] GC(31) Concurrent marking roots 1.507ms
[2026-04-03T02:31:14.024+0600][43.883s][info][gc,start    ] GC(31) Concurrent marking (unload classes)
[2026-04-03T02:31:14.024+0600][43.883s][info][gc,task     ] GC(31) Using 3 of 6 workers for concurrent marking
[2026-04-03T02:31:14.087+0600][43.946s][info][gc          ] GC(31) Concurrent marking (unload classes) 62.674ms
[2026-04-03T02:31:14.087+0600][43.946s][info][gc,start    ] GC(31) Pause Final Mark (unload classes)
[2026-04-03T02:31:14.087+0600][43.946s][info][gc,task     ] GC(31) Using 6 of 6 workers for final marking
[2026-04-03T02:31:14.087+0600][43.946s][info][gc,ergo     ] GC(31) Adaptive CSet Selection. Target Free: 177M, Actual Free: 850M, Max CSet: 53333K, Min Garbage: 0B
[2026-04-03T02:31:14.087+0600][43.947s][info][gc,ergo     ] GC(31) Collectable Garbage: 783M (98%), Immediate: 600M (75%), CSet: 182M (23%)
[2026-04-03T02:31:14.087+0600][43.947s][info][gc,ergo     ] GC(31) Pacer for Evacuation. Used CSet: 188M, Free: 866M, Non-Taxable: 88751K, Alloc Tax Rate: 1.1x
[2026-04-03T02:31:14.087+0600][43.947s][info][gc          ] GC(31) Pause Final Mark (unload classes) 0.597ms
[2026-04-03T02:31:14.088+0600][43.947s][info][gc,start    ] GC(31) Concurrent thread roots
[2026-04-03T02:31:14.088+0600][43.947s][info][gc,task     ] GC(31) Using 3 of 6 workers for Concurrent thread roots
[2026-04-03T02:31:14.089+0600][43.948s][info][gc          ] GC(31) Concurrent thread roots 1.473ms
[2026-04-03T02:31:14.089+0600][43.948s][info][gc,start    ] GC(31) Concurrent weak references
[2026-04-03T02:31:14.089+0600][43.948s][info][gc,task     ] GC(31) Using 3 of 6 workers for concurrent weak references
[2026-04-03T02:31:14.090+0600][43.949s][info][gc,ref      ] GC(31) Encountered references: Soft: 3866, Weak: 15279, Final: 84, Phantom: 621
[2026-04-03T02:31:14.090+0600][43.949s][info][gc,ref      ] GC(31) Discovered  references: Soft: 0, Weak: 7317, Final: 4, Phantom: 579
[2026-04-03T02:31:14.090+0600][43.949s][info][gc,ref      ] GC(31) Enqueued    references: Soft: 0, Weak: 400, Final: 0, Phantom: 0
[2026-04-03T02:31:14.090+0600][43.949s][info][gc          ] GC(31) Concurrent weak references 1.055ms
[2026-04-03T02:31:14.090+0600][43.949s][info][gc,start    ] GC(31) Concurrent weak roots
[2026-04-03T02:31:14.090+0600][43.949s][info][gc,task     ] GC(31) Using 3 of 6 workers for concurrent weak root
[2026-04-03T02:31:14.095+0600][43.955s][info][gc          ] GC(31) Concurrent weak roots 5.334ms
[2026-04-03T02:31:14.096+0600][43.955s][info][gc,start    ] GC(31) Concurrent cleanup
[2026-04-03T02:31:14.096+0600][43.955s][info][gc          ] GC(31) Concurrent cleanup 925M->325M(1078M) 0.605ms
[2026-04-03T02:31:14.096+0600][43.956s][info][gc,ergo     ] GC(31) Free: 856M, Max: 512K regular, 188M humongous, Frag: 78% external, 0% internal; Reserve: 63505K, Max: 512K
[2026-04-03T02:31:14.096+0600][43.956s][info][gc,start    ] GC(31) Concurrent class unloading
[2026-04-03T02:31:14.096+0600][43.956s][info][gc,task     ] GC(31) Using 3 of 6 workers for concurrent class unloading
[2026-04-03T02:31:14.113+0600][43.973s][info][gc          ] GC(31) Concurrent class unloading 17.026ms
[2026-04-03T02:31:14.113+0600][43.973s][info][gc,start    ] GC(31) Concurrent strong roots
[2026-04-03T02:31:14.113+0600][43.973s][info][gc,task     ] GC(31) Using 3 of 6 workers for concurrent strong root
[2026-04-03T02:31:14.115+0600][43.974s][info][gc          ] GC(31) Concurrent strong roots 1.136ms
[2026-04-03T02:31:14.115+0600][43.974s][info][gc,start    ] GC(31) Concurrent evacuation
[2026-04-03T02:31:14.115+0600][43.974s][info][gc,task     ] GC(31) Using 3 of 6 workers for concurrent evacuation
[2026-04-03T02:31:14.117+0600][43.977s][info][gc          ] GC(31) Concurrent evacuation 2.674ms
[2026-04-03T02:31:14.118+0600][43.977s][info][gc,start    ] GC(31) Pause Init Update Refs
[2026-04-03T02:31:14.118+0600][43.977s][info][gc,ergo     ] GC(31) Pacer for Update Refs. Used: 339M, Free: 847M, Non-Taxable: 86745K, Alloc Tax Rate: 1.1x
[2026-04-03T02:31:14.118+0600][43.977s][info][gc          ] GC(31) Pause Init Update Refs 0.115ms
[2026-04-03T02:31:14.118+0600][43.977s][info][gc,start    ] GC(31) Concurrent update references
[2026-04-03T02:31:14.118+0600][43.977s][info][gc,task     ] GC(31) Using 3 of 6 workers for concurrent reference update
[2026-04-03T02:31:14.170+0600][44.030s][info][gc          ] GC(31) Concurrent update references 52.750ms
[2026-04-03T02:31:14.171+0600][44.030s][info][gc,start    ] GC(31) Concurrent update thread roots
[2026-04-03T02:31:14.173+0600][44.032s][info][gc          ] GC(31) Concurrent update thread roots 2.301ms
[2026-04-03T02:31:14.173+0600][44.032s][info][gc,start    ] GC(31) Pause Final Update Refs
[2026-04-03T02:31:14.173+0600][44.032s][info][gc,task     ] GC(31) Using 6 of 6 workers for final reference update
[2026-04-03T02:31:14.173+0600][44.033s][info][gc          ] GC(31) Pause Final Update Refs 0.158ms
[2026-04-03T02:31:14.177+0600][44.036s][info][gc,start    ] GC(31) Concurrent cleanup
[2026-04-03T02:31:14.177+0600][44.037s][info][gc          ] GC(31) Concurrent cleanup 377M->192M(1078M) 0.616ms
[2026-04-03T02:31:14.177+0600][44.037s][info][gc,ergo     ] Free: 983M, Max: 512K regular, 328M humongous, Frag: 67% external, 0% internal; Reserve: 64000K, Max: 512K
[2026-04-03T02:31:14.178+0600][44.037s][info][gc,stats    ] 
[2026-04-03T02:31:14.178+0600][44.037s][info][gc,stats    ] All times are wall-clock times, except per-root-class counters, that are sum over
[2026-04-03T02:31:14.178+0600][44.037s][info][gc,stats    ] all workers. Dividing the <total> over the root stage time estimates parallelism.
[2026-04-03T02:31:14.178+0600][44.037s][info][gc,stats    ] 
[2026-04-03T02:31:14.178+0600][44.037s][info][gc,stats    ] Concurrent Reset                   1260 us
[2026-04-03T02:31:14.178+0600][44.037s][info][gc,stats    ] Pause Init Mark (G)                 324 us
[2026-04-03T02:31:14.178+0600][44.037s][info][gc,stats    ] Pause Init Mark (N)                 152 us
[2026-04-03T02:31:14.178+0600][44.037s][info][gc,stats    ]   Update Region States               29 us
[2026-04-03T02:31:14.178+0600][44.037s][info][gc,stats    ] Concurrent Mark Roots              1587 us, parallelism: 1.93x
[2026-04-03T02:31:14.178+0600][44.037s][info][gc,stats    ]   CMR: <total>                     3057 us
[2026-04-03T02:31:14.178+0600][44.037s][info][gc,stats    ]   CMR: Thread Roots                2412 us, workers (us): 974, 434, 1003, ---, ---, ---, 
[2026-04-03T02:31:14.178+0600][44.037s][info][gc,stats    ]   CMR: VM Strong Roots               87 us, workers (us):  55,  31,   1, ---, ---, ---, 
[2026-04-03T02:31:14.178+0600][44.037s][info][gc,stats    ]   CMR: CLDG Roots                   559 us, workers (us): ---, 559, ---, ---, ---, ---, 
[2026-04-03T02:31:14.178+0600][44.037s][info][gc,stats    ] Concurrent Marking                62742 us
[2026-04-03T02:31:14.178+0600][44.037s][info][gc,stats    ] Pause Final Mark (G)                928 us
[2026-04-03T02:31:14.178+0600][44.037s][info][gc,stats    ] Pause Final Mark (N)                607 us
[2026-04-03T02:31:14.178+0600][44.037s][info][gc,stats    ]   Finish Mark                       241 us
[2026-04-03T02:31:14.178+0600][44.037s][info][gc,stats    ]   Update Region States               36 us
[2026-04-03T02:31:14.178+0600][44.037s][info][gc,stats    ]   Choose Collection Set             190 us
[2026-04-03T02:31:14.178+0600][44.037s][info][gc,stats    ]   Rebuild Free Set                   34 us
[2026-04-03T02:31:14.178+0600][44.037s][info][gc,stats    ] Concurrent Thread Roots            1531 us, parallelism: 2.58x
[2026-04-03T02:31:14.178+0600][44.037s][info][gc,stats    ]   CTR: <total>                     3944 us
[2026-04-03T02:31:14.178+0600][44.037s][info][gc,stats    ]   CTR: Thread Roots                3944 us, workers (us): 1292, 1337, 1315, ---, ---, ---, 
[2026-04-03T02:31:14.178+0600][44.037s][info][gc,stats    ] Concurrent Weak References         1079 us, parallelism: 1.22x
[2026-04-03T02:31:14.178+0600][44.037s][info][gc,stats    ]   CWRF: <total>                    1314 us
[2026-04-03T02:31:14.178+0600][44.037s][info][gc,stats    ]   CWRF: Weak References            1314 us, workers (us): 407, 779, 129, ---, ---, ---, 
[2026-04-03T02:31:14.178+0600][44.037s][info][gc,stats    ] Concurrent Weak Roots              5426 us
[2026-04-03T02:31:14.178+0600][44.037s][info][gc,stats    ]   Roots                            5015 us, parallelism: 2.71x
[2026-04-03T02:31:14.178+0600][44.037s][info][gc,stats    ]     CWR: <total>                  13576 us
[2026-04-03T02:31:14.178+0600][44.037s][info][gc,stats    ]     CWR: Code Cache Roots          9976 us, workers (us): 3415, 3466, 3095, ---, ---, ---, 
[2026-04-03T02:31:14.178+0600][44.037s][info][gc,stats    ]     CWR: VM Weak Roots             3378 us, workers (us): 1132, 1130, 1116, ---, ---, ---, 
[2026-04-03T02:31:14.178+0600][44.037s][info][gc,stats    ]     CWR: CLDG Roots                 223 us, workers (us): ---, ---, 223, ---, ---, ---, 
[2026-04-03T02:31:14.178+0600][44.037s][info][gc,stats    ]   Rendezvous                        282 us
[2026-04-03T02:31:14.178+0600][44.037s][info][gc,stats    ] Concurrent Cleanup                  651 us
[2026-04-03T02:31:14.178+0600][44.037s][info][gc,stats    ] Concurrent Class Unloading        17124 us
[2026-04-03T02:31:14.178+0600][44.037s][info][gc,stats    ]   Unlink Stale                    15192 us
[2026-04-03T02:31:14.178+0600][44.037s][info][gc,stats    ]     System Dictionary               308 us
[2026-04-03T02:31:14.178+0600][44.037s][info][gc,stats    ]     Weak Class Links                  0 us
[2026-04-03T02:31:14.178+0600][44.037s][info][gc,stats    ]     Code Roots                    14879 us
[2026-04-03T02:31:14.178+0600][44.037s][info][gc,stats    ]   Rendezvous                        381 us
[2026-04-03T02:31:14.178+0600][44.037s][info][gc,stats    ]   Purge Unlinked                   1412 us
[2026-04-03T02:31:14.178+0600][44.037s][info][gc,stats    ]     Code Roots                     1398 us
[2026-04-03T02:31:14.178+0600][44.037s][info][gc,stats    ]     CLDG                             13 us
[2026-04-03T02:31:14.178+0600][44.037s][info][gc,stats    ]     Exception Caches                  1 us
[2026-04-03T02:31:14.178+0600][44.037s][info][gc,stats    ] Concurrent Strong Roots            1172 us, parallelism: 0.63x
[2026-04-03T02:31:14.178+0600][44.038s][info][gc,stats    ]   CSR: <total>                      737 us
[2026-04-03T02:31:14.178+0600][44.038s][info][gc,stats    ]   CSR: VM Strong Roots               63 us, workers (us):  44,  19,   0, ---, ---, ---, 
[2026-04-03T02:31:14.178+0600][44.038s][info][gc,stats    ]   CSR: CLDG Roots                   674 us, workers (us): ---, 674, ---, ---, ---, ---, 
[2026-04-03T02:31:14.178+0600][44.038s][info][gc,stats    ] Concurrent Evacuation              2750 us
[2026-04-03T02:31:14.178+0600][44.038s][info][gc,stats    ] Pause Init Update Refs (G)          344 us
[2026-04-03T02:31:14.178+0600][44.038s][info][gc,stats    ] Pause Init Update Refs (N)          127 us
[2026-04-03T02:31:14.178+0600][44.038s][info][gc,stats    ]   Manage GCLABs                      31 us
[2026-04-03T02:31:14.178+0600][44.038s][info][gc,stats    ] Concurrent Update Refs            52869 us
[2026-04-03T02:31:14.178+0600][44.038s][info][gc,stats    ] Concurrent Update Thread Roots     2402 us
[2026-04-03T02:31:14.178+0600][44.038s][info][gc,stats    ] Pause Final Update Refs (G)        3799 us
[2026-04-03T02:31:14.178+0600][44.038s][info][gc,stats    ] Pause Final Update Refs (N)         180 us
[2026-04-03T02:31:14.178+0600][44.038s][info][gc,stats    ]   Update Region States               53 us
[2026-04-03T02:31:14.178+0600][44.038s][info][gc,stats    ]   Trash Collection Set               18 us
[2026-04-03T02:31:14.178+0600][44.038s][info][gc,stats    ]   Rebuild Free Set                   44 us
[2026-04-03T02:31:14.178+0600][44.038s][info][gc,stats    ] Concurrent Cleanup                  659 us
[2026-04-03T02:31:14.178+0600][44.038s][info][gc,stats    ] Pacing                           101810 us
[2026-04-03T02:31:14.178+0600][44.038s][info][gc,stats    ] 
[2026-04-03T02:31:14.178+0600][44.038s][info][gc,stats    ] Allocation pacing accrued:
[2026-04-03T02:31:14.178+0600][44.038s][info][gc,stats    ]      14 of   762 ms (  1.8%): Executor task launch worker for task 1.0 in stage 1069.0 (TID 2132)
[2026-04-03T02:31:14.178+0600][44.038s][info][gc,stats    ]      16 of   762 ms (  2.1%): Executor task launch worker for task 5.0 in stage 1069.0 (TID 2136)
[2026-04-03T02:31:14.178+0600][44.038s][info][gc,stats    ]      11 of   762 ms (  1.5%): Executor task launch worker for task 0.0 in stage 1069.0 (TID 2131)
[2026-04-03T02:31:14.178+0600][44.038s][info][gc,stats    ]      16 of   762 ms (  2.0%): Executor task launch worker for task 3.0 in stage 1069.0 (TID 2134)
[2026-04-03T02:31:14.178+0600][44.038s][info][gc,stats    ]      15 of   762 ms (  1.9%): Executor task launch worker for task 7.0 in stage 1069.0 (TID 2138)
[2026-04-03T02:31:14.179+0600][44.038s][info][gc,stats    ]      14 of   762 ms (  1.9%): Executor task launch worker for task 4.0 in stage 1069.0 (TID 2135)
[2026-04-03T02:31:14.179+0600][44.038s][info][gc,stats    ]      13 of   762 ms (  1.8%): Executor task launch worker for task 6.0 in stage 1069.0 (TID 2137)
[2026-04-03T02:31:14.179+0600][44.038s][info][gc,stats    ]       3 of   762 ms (  0.4%): task-result-getter-1
[2026-04-03T02:31:14.179+0600][44.038s][info][gc,stats    ]     102 of   762 ms ( 13.4%): <total>
[2026-04-03T02:31:14.179+0600][44.038s][info][gc,stats    ]       0 of   762 ms (  0.0%): <average total>
[2026-04-03T02:31:14.179+0600][44.038s][info][gc,stats    ]      13 of   762 ms (  1.7%): <average non-zero>
[2026-04-03T02:31:14.179+0600][44.038s][info][gc,stats    ] 
[2026-04-03T02:31:14.179+0600][44.038s][info][gc,metaspace] Metaspace: 130660K(131840K)->130664K(131840K) NonClass: 114227K(114816K)->114231K(114816K) Class: 16432K(17024K)->16432K(17024K)
[2026-04-03T02:31:14.179+0600][44.038s][info][gc,ergo     ] Pacer for Idle. Initial: 25600K, Alloc Tax Rate: 1.0x
[2026-04-03T02:31:14.883+0600][44.742s][info][gc          ] Trigger: Average GC time (177.39 ms) is above the time for average allocation rate (926 MB/s) to deplete free headroom (162M) (margin of error = 1.87)
[2026-04-03T02:31:14.883+0600][44.742s][info][gc,ergo     ] Free headroom: 225M (free) - 64000K (spike) - 0B (penalties) = 162M
[2026-04-03T02:31:14.883+0600][44.742s][info][gc,ergo     ] Free: 225M, Max: 512K regular, 189M humongous, Frag: 16% external, 0% internal; Reserve: 64000K, Max: 512K
[2026-04-03T02:31:14.883+0600][44.742s][info][gc,start    ] GC(32) Concurrent reset
[2026-04-03T02:31:14.883+0600][44.742s][info][gc,task     ] GC(32) Using 3 of 6 workers for concurrent reset
[2026-04-03T02:31:14.883+0600][44.742s][info][gc,ergo     ] GC(32) Pacer for Reset. Non-Taxable: 1250M
[2026-04-03T02:31:14.884+0600][44.744s][info][gc          ] GC(32) Concurrent reset 1.212ms
[2026-04-03T02:31:14.885+0600][44.744s][info][gc,start    ] GC(32) Pause Init Mark (unload classes)
[2026-04-03T02:31:14.885+0600][44.744s][info][gc,task     ] GC(32) Using 6 of 6 workers for init marking
[2026-04-03T02:31:14.885+0600][44.744s][info][gc,ergo     ] GC(32) Pacer for Mark. Expected Live: 90716K, Free: 223M, Non-Taxable: 22915K, Alloc Tax Rate: 0.5x
[2026-04-03T02:31:14.885+0600][44.744s][info][gc          ] GC(32) Pause Init Mark (unload classes) 0.162ms
[2026-04-03T02:31:14.885+0600][44.744s][info][gc,start    ] GC(32) Concurrent marking roots
[2026-04-03T02:31:14.885+0600][44.744s][info][gc,task     ] GC(32) Using 3 of 6 workers for concurrent marking roots
[2026-04-03T02:31:14.886+0600][44.746s][info][gc          ] GC(32) Concurrent marking roots 1.611ms
[2026-04-03T02:31:14.887+0600][44.746s][info][gc,start    ] GC(32) Concurrent marking (unload classes)
[2026-04-03T02:31:14.887+0600][44.746s][info][gc,task     ] GC(32) Using 3 of 6 workers for concurrent marking
[2026-04-03T02:31:14.942+0600][44.802s][info][gc          ] GC(32) Concurrent marking (unload classes) 55.852ms
[2026-04-03T02:31:14.943+0600][44.802s][info][gc,start    ] GC(32) Pause Final Mark (unload classes)
[2026-04-03T02:31:14.943+0600][44.802s][info][gc,task     ] GC(32) Using 6 of 6 workers for final marking
[2026-04-03T02:31:14.943+0600][44.803s][info][gc,ergo     ] GC(32) Adaptive CSet Selection. Target Free: 177M, Actual Free: 833M, Max CSet: 53333K, Min Garbage: 0B
[2026-04-03T02:31:14.943+0600][44.803s][info][gc,ergo     ] GC(32) Collectable Garbage: 780M (98%), Immediate: 585M (74%), CSet: 194M (24%)
[2026-04-03T02:31:14.944+0600][44.803s][info][gc,ergo     ] GC(32) Pacer for Evacuation. Used CSet: 200M, Free: 853M, Non-Taxable: 87430K, Alloc Tax Rate: 1.1x
[2026-04-03T02:31:14.944+0600][44.803s][info][gc          ] GC(32) Pause Final Mark (unload classes) 0.949ms
[2026-04-03T02:31:14.944+0600][44.803s][info][gc,start    ] GC(32) Concurrent thread roots
[2026-04-03T02:31:14.944+0600][44.803s][info][gc,task     ] GC(32) Using 3 of 6 workers for Concurrent thread roots
[2026-04-03T02:31:14.945+0600][44.805s][info][gc          ] GC(32) Concurrent thread roots 1.525ms
[2026-04-03T02:31:14.945+0600][44.805s][info][gc,start    ] GC(32) Concurrent weak references
[2026-04-03T02:31:14.945+0600][44.805s][info][gc,task     ] GC(32) Using 3 of 6 workers for concurrent weak references
[2026-04-03T02:31:14.946+0600][44.805s][info][gc,ref      ] GC(32) Encountered references: Soft: 3871, Weak: 16479, Final: 84, Phantom: 624
[2026-04-03T02:31:14.946+0600][44.805s][info][gc,ref      ] GC(32) Discovered  references: Soft: 0, Weak: 6940, Final: 0, Phantom: 619
[2026-04-03T02:31:14.946+0600][44.805s][info][gc,ref      ] GC(32) Enqueued    references: Soft: 0, Weak: 1732, Final: 0, Phantom: 0
[2026-04-03T02:31:14.946+0600][44.806s][info][gc          ] GC(32) Concurrent weak references 0.829ms
[2026-04-03T02:31:14.946+0600][44.806s][info][gc,start    ] GC(32) Concurrent weak roots
[2026-04-03T02:31:14.946+0600][44.806s][info][gc,task     ] GC(32) Using 3 of 6 workers for concurrent weak root
[2026-04-03T02:31:14.951+0600][44.811s][info][gc          ] GC(32) Concurrent weak roots 5.277ms
[2026-04-03T02:31:14.952+0600][44.811s][info][gc,start    ] GC(32) Concurrent cleanup
[2026-04-03T02:31:14.952+0600][44.812s][info][gc          ] GC(32) Concurrent cleanup 922M->336M(1078M) 0.798ms
[2026-04-03T02:31:14.952+0600][44.812s][info][gc,ergo     ] GC(32) Free: 845M, Max: 512K regular, 177M humongous, Frag: 80% external, 0% internal; Reserve: 63564K, Max: 512K
[2026-04-03T02:31:14.952+0600][44.812s][info][gc,start    ] GC(32) Concurrent class unloading
[2026-04-03T02:31:14.953+0600][44.812s][info][gc,task     ] GC(32) Using 3 of 6 workers for concurrent class unloading
[2026-04-03T02:31:14.980+0600][44.840s][info][gc          ] GC(32) Concurrent class unloading 27.693ms
[2026-04-03T02:31:14.980+0600][44.840s][info][gc,start    ] GC(32) Concurrent strong roots
[2026-04-03T02:31:14.980+0600][44.840s][info][gc,task     ] GC(32) Using 3 of 6 workers for concurrent strong root
[2026-04-03T02:31:14.982+0600][44.841s][info][gc          ] GC(32) Concurrent strong roots 1.427ms
[2026-04-03T02:31:14.982+0600][44.841s][info][gc,start    ] GC(32) Concurrent evacuation
[2026-04-03T02:31:14.982+0600][44.841s][info][gc,task     ] GC(32) Using 3 of 6 workers for concurrent evacuation
[2026-04-03T02:31:14.986+0600][44.845s][info][gc          ] GC(32) Concurrent evacuation 3.874ms
[2026-04-03T02:31:14.986+0600][44.845s][info][gc,start    ] GC(32) Pause Init Update Refs
[2026-04-03T02:31:14.986+0600][44.845s][info][gc,ergo     ] GC(32) Pacer for Update Refs. Used: 373M, Free: 815M, Non-Taxable: 83487K, Alloc Tax Rate: 1.1x
[2026-04-03T02:31:14.986+0600][44.845s][info][gc          ] GC(32) Pause Init Update Refs 0.097ms
[2026-04-03T02:31:14.986+0600][44.845s][info][gc,start    ] GC(32) Concurrent update references
[2026-04-03T02:31:14.986+0600][44.846s][info][gc,task     ] GC(32) Using 3 of 6 workers for concurrent reference update
[2026-04-03T02:31:15.036+0600][44.896s][info][gc          ] GC(32) Concurrent update references 50.183ms
[2026-04-03T02:31:15.037+0600][44.896s][info][gc,start    ] GC(32) Concurrent update thread roots
[2026-04-03T02:31:15.038+0600][44.897s][info][gc          ] GC(32) Concurrent update thread roots 1.533ms
[2026-04-03T02:31:15.038+0600][44.898s][info][gc,start    ] GC(32) Pause Final Update Refs
[2026-04-03T02:31:15.038+0600][44.898s][info][gc,task     ] GC(32) Using 6 of 6 workers for final reference update
[2026-04-03T02:31:15.039+0600][44.898s][info][gc          ] GC(32) Pause Final Update Refs 0.220ms
[2026-04-03T02:31:15.039+0600][44.898s][info][gc,start    ] GC(32) Concurrent cleanup
[2026-04-03T02:31:15.039+0600][44.898s][info][gc          ] GC(32) Concurrent cleanup 430M->230M(1078M) 0.263ms
[2026-04-03T02:31:15.039+0600][44.898s][info][gc,ergo     ] Free: 950M, Max: 512K regular, 511M humongous, Frag: 47% external, 0% internal; Reserve: 64000K, Max: 512K
[2026-04-03T02:31:15.039+0600][44.898s][info][gc,stats    ] 
[2026-04-03T02:31:15.039+0600][44.898s][info][gc,stats    ] All times are wall-clock times, except per-root-class counters, that are sum over
[2026-04-03T02:31:15.039+0600][44.899s][info][gc,stats    ] all workers. Dividing the <total> over the root stage time estimates parallelism.
[2026-04-03T02:31:15.039+0600][44.899s][info][gc,stats    ] 
[2026-04-03T02:31:15.039+0600][44.899s][info][gc,stats    ] Concurrent Reset                   1279 us
[2026-04-03T02:31:15.039+0600][44.899s][info][gc,stats    ] Pause Init Mark (G)                 486 us
[2026-04-03T02:31:15.039+0600][44.899s][info][gc,stats    ] Pause Init Mark (N)                 172 us
[2026-04-03T02:31:15.039+0600][44.899s][info][gc,stats    ]   Update Region States               28 us
[2026-04-03T02:31:15.039+0600][44.899s][info][gc,stats    ] Concurrent Mark Roots              1688 us, parallelism: 1.97x
[2026-04-03T02:31:15.039+0600][44.899s][info][gc,stats    ]   CMR: <total>                     3321 us
[2026-04-03T02:31:15.039+0600][44.899s][info][gc,stats    ]   CMR: Thread Roots                2766 us, workers (us): 595, 1077, 1094, ---, ---, ---, 
[2026-04-03T02:31:15.039+0600][44.899s][info][gc,stats    ]   CMR: VM Strong Roots               77 us, workers (us):  35,  33,   9, ---, ---, ---, 
[2026-04-03T02:31:15.039+0600][44.899s][info][gc,stats    ]   CMR: CLDG Roots                   478 us, workers (us): 478, ---, ---, ---, ---, ---, 
[2026-04-03T02:31:15.039+0600][44.899s][info][gc,stats    ] Concurrent Marking                55952 us
[2026-04-03T02:31:15.039+0600][44.899s][info][gc,stats    ] Pause Final Mark (G)               1313 us
[2026-04-03T02:31:15.039+0600][44.899s][info][gc,stats    ] Pause Final Mark (N)                961 us
[2026-04-03T02:31:15.039+0600][44.899s][info][gc,stats    ]   Finish Mark                       395 us
[2026-04-03T02:31:15.039+0600][44.899s][info][gc,stats    ]   Update Region States               74 us
[2026-04-03T02:31:15.039+0600][44.899s][info][gc,stats    ]   Choose Collection Set             266 us
[2026-04-03T02:31:15.039+0600][44.899s][info][gc,stats    ]   Rebuild Free Set                   43 us
[2026-04-03T02:31:15.039+0600][44.899s][info][gc,stats    ] Concurrent Thread Roots            1555 us, parallelism: 2.42x
[2026-04-03T02:31:15.039+0600][44.899s][info][gc,stats    ]   CTR: <total>                     3758 us
[2026-04-03T02:31:15.039+0600][44.899s][info][gc,stats    ]   CTR: Thread Roots                3758 us, workers (us): 1369, 1371, 1018, ---, ---, ---, 
[2026-04-03T02:31:15.039+0600][44.899s][info][gc,stats    ] Concurrent Weak References          843 us, parallelism: 1.34x
[2026-04-03T02:31:15.039+0600][44.899s][info][gc,stats    ]   CWRF: <total>                    1133 us
[2026-04-03T02:31:15.039+0600][44.899s][info][gc,stats    ]   CWRF: Weak References            1133 us, workers (us): 703, 428,   1, ---, ---, ---, 
[2026-04-03T02:31:15.040+0600][44.899s][info][gc,stats    ] Concurrent Weak Roots              5350 us
[2026-04-03T02:31:15.040+0600][44.899s][info][gc,stats    ]   Roots                            4924 us, parallelism: 2.73x
[2026-04-03T02:31:15.040+0600][44.899s][info][gc,stats    ]     CWR: <total>                  13445 us
[2026-04-03T02:31:15.040+0600][44.899s][info][gc,stats    ]     CWR: Code Cache Roots         10058 us, workers (us): 3400, 3231, 3427, ---, ---, ---, 
[2026-04-03T02:31:15.040+0600][44.899s][info][gc,stats    ]     CWR: VM Weak Roots             3148 us, workers (us): 1130, 1126, 892, ---, ---, ---, 
[2026-04-03T02:31:15.040+0600][44.899s][info][gc,stats    ]     CWR: CLDG Roots                 240 us, workers (us): ---, 240, ---, ---, ---, ---, 
[2026-04-03T02:31:15.040+0600][44.899s][info][gc,stats    ]   Rendezvous                        325 us
[2026-04-03T02:31:15.040+0600][44.899s][info][gc,stats    ] Concurrent Cleanup                  864 us
[2026-04-03T02:31:15.040+0600][44.899s][info][gc,stats    ] Concurrent Class Unloading        27802 us
[2026-04-03T02:31:15.040+0600][44.899s][info][gc,stats    ]   Unlink Stale                    24127 us
[2026-04-03T02:31:15.040+0600][44.899s][info][gc,stats    ]     System Dictionary               286 us
[2026-04-03T02:31:15.040+0600][44.899s][info][gc,stats    ]     Weak Class Links                  0 us
[2026-04-03T02:31:15.040+0600][44.899s][info][gc,stats    ]     Code Roots                    23838 us
[2026-04-03T02:31:15.040+0600][44.899s][info][gc,stats    ]   Rendezvous                        418 us
[2026-04-03T02:31:15.040+0600][44.899s][info][gc,stats    ]   Purge Unlinked                   3108 us
[2026-04-03T02:31:15.040+0600][44.899s][info][gc,stats    ]     Code Roots                     3092 us
[2026-04-03T02:31:15.040+0600][44.899s][info][gc,stats    ]     CLDG                             14 us
[2026-04-03T02:31:15.040+0600][44.899s][info][gc,stats    ]     Exception Caches                  1 us
[2026-04-03T02:31:15.040+0600][44.899s][info][gc,stats    ] Concurrent Strong Roots            1484 us, parallelism: 0.71x
[2026-04-03T02:31:15.040+0600][44.899s][info][gc,stats    ]   CSR: <total>                     1050 us
[2026-04-03T02:31:15.040+0600][44.899s][info][gc,stats    ]   CSR: VM Strong Roots              103 us, workers (us):  58,  45,   0, ---, ---, ---, 
[2026-04-03T02:31:15.040+0600][44.899s][info][gc,stats    ]   CSR: CLDG Roots                   946 us, workers (us): ---, 946, ---, ---, ---, ---, 
[2026-04-03T02:31:15.040+0600][44.899s][info][gc,stats    ] Concurrent Evacuation              3950 us
[2026-04-03T02:31:15.040+0600][44.899s][info][gc,stats    ] Pause Init Update Refs (G)          432 us
[2026-04-03T02:31:15.040+0600][44.899s][info][gc,stats    ] Pause Init Update Refs (N)          109 us
[2026-04-03T02:31:15.040+0600][44.899s][info][gc,stats    ]   Manage GCLABs                      34 us
[2026-04-03T02:31:15.040+0600][44.899s][info][gc,stats    ] Concurrent Update Refs            50326 us
[2026-04-03T02:31:15.040+0600][44.899s][info][gc,stats    ] Concurrent Update Thread Roots     1615 us
[2026-04-03T02:31:15.040+0600][44.899s][info][gc,stats    ] Pause Final Update Refs (G)         628 us
[2026-04-03T02:31:15.040+0600][44.899s][info][gc,stats    ] Pause Final Update Refs (N)         239 us
[2026-04-03T02:31:15.040+0600][44.899s][info][gc,stats    ]   Update Region States               51 us
[2026-04-03T02:31:15.040+0600][44.899s][info][gc,stats    ]   Trash Collection Set               21 us
[2026-04-03T02:31:15.040+0600][44.899s][info][gc,stats    ]   Rebuild Free Set                   41 us
[2026-04-03T02:31:15.040+0600][44.899s][info][gc,stats    ] Concurrent Cleanup                  287 us
[2026-04-03T02:31:15.040+0600][44.899s][info][gc,stats    ] Pacing                            89414 us
[2026-04-03T02:31:15.040+0600][44.899s][info][gc,stats    ] 
[2026-04-03T02:31:15.040+0600][44.899s][info][gc,stats    ] Allocation pacing accrued:
[2026-04-03T02:31:15.040+0600][44.899s][info][gc,stats    ]      11 of   862 ms (  1.3%): Executor task launch worker for task 1.0 in stage 1183.0 (TID 2260)
[2026-04-03T02:31:15.040+0600][44.899s][info][gc,stats    ]      11 of   862 ms (  1.3%): Executor task launch worker for task 2.0 in stage 1183.0 (TID 2261)
[2026-04-03T02:31:15.040+0600][44.899s][info][gc,stats    ]      11 of   862 ms (  1.3%): Executor task launch worker for task 6.0 in stage 1183.0 (TID 2265)
[2026-04-03T02:31:15.040+0600][44.899s][info][gc,stats    ]      11 of   862 ms (  1.3%): Executor task launch worker for task 4.0 in stage 1183.0 (TID 2263)
[2026-04-03T02:31:15.040+0600][44.899s][info][gc,stats    ]      11 of   862 ms (  1.3%): Executor task launch worker for task 0.0 in stage 1183.0 (TID 2259)
[2026-04-03T02:31:15.040+0600][44.899s][info][gc,stats    ]      11 of   862 ms (  1.3%): Executor task launch worker for task 7.0 in stage 1183.0 (TID 2266)
[2026-04-03T02:31:15.040+0600][44.899s][info][gc,stats    ]      11 of   862 ms (  1.3%): Executor task launch worker for task 5.0 in stage 1183.0 (TID 2264)
[2026-04-03T02:31:15.040+0600][44.899s][info][gc,stats    ]      11 of   862 ms (  1.3%): Executor task launch worker for task 3.0 in stage 1183.0 (TID 2262)
[2026-04-03T02:31:15.040+0600][44.899s][info][gc,stats    ]      89 of   862 ms ( 10.4%): <total>
[2026-04-03T02:31:15.040+0600][44.899s][info][gc,stats    ]       0 of   862 ms (  0.0%): <average total>
[2026-04-03T02:31:15.040+0600][44.899s][info][gc,stats    ]      11 of   862 ms (  1.3%): <average non-zero>
[2026-04-03T02:31:15.040+0600][44.899s][info][gc,stats    ] 
[2026-04-03T02:31:15.040+0600][44.899s][info][gc,metaspace] Metaspace: 130683K(131840K)->130684K(131840K) NonClass: 114250K(114816K)->114251K(114816K) Class: 16433K(17024K)->16433K(17024K)
[2026-04-03T02:31:15.040+0600][44.899s][info][gc,ergo     ] Pacer for Idle. Initial: 25600K, Alloc Tax Rate: 1.0x
[2026-04-03T02:31:15.242+0600][45.102s][info][gc          ] Trigger: Average GC time (171.86 ms) is above the time for average allocation rate (2461 MB/s) to deplete free headroom (382M) (margin of error = 1.87)
[2026-04-03T02:31:15.242+0600][45.102s][info][gc,ergo     ] Free headroom: 444M (free) - 64000K (spike) - 0B (penalties) = 382M
[2026-04-03T02:31:15.243+0600][45.102s][info][gc,ergo     ] Free: 444M, Max: 512K regular, 269M humongous, Frag: 40% external, 0% internal; Reserve: 64000K, Max: 512K
[2026-04-03T02:31:15.243+0600][45.102s][info][gc,start    ] GC(33) Concurrent reset
[2026-04-03T02:31:15.243+0600][45.102s][info][gc,task     ] GC(33) Using 3 of 6 workers for concurrent reset
[2026-04-03T02:31:15.243+0600][45.102s][info][gc,ergo     ] GC(33) Pacer for Reset. Non-Taxable: 1250M
[2026-04-03T02:31:15.244+0600][45.103s][info][gc          ] GC(33) Concurrent reset 1.162ms
[2026-04-03T02:31:15.244+0600][45.103s][info][gc,start    ] GC(33) Pause Init Mark (unload classes)
[2026-04-03T02:31:15.244+0600][45.103s][info][gc,task     ] GC(33) Using 6 of 6 workers for init marking
[2026-04-03T02:31:15.244+0600][45.103s][info][gc,ergo     ] GC(33) Pacer for Mark. Expected Live: 91139K, Free: 444M, Non-Taxable: 45531K, Alloc Tax Rate: 0.2x
[2026-04-03T02:31:15.244+0600][45.104s][info][gc          ] GC(33) Pause Init Mark (unload classes) 0.200ms
[2026-04-03T02:31:15.244+0600][45.104s][info][gc,start    ] GC(33) Concurrent marking roots
[2026-04-03T02:31:15.244+0600][45.104s][info][gc,task     ] GC(33) Using 3 of 6 workers for concurrent marking roots
[2026-04-03T02:31:15.246+0600][45.105s][info][gc          ] GC(33) Concurrent marking roots 1.447ms
[2026-04-03T02:31:15.246+0600][45.105s][info][gc,start    ] GC(33) Concurrent marking (unload classes)
[2026-04-03T02:31:15.246+0600][45.105s][info][gc,task     ] GC(33) Using 3 of 6 workers for concurrent marking
[2026-04-03T02:31:15.331+0600][45.190s][info][gc          ] GC(33) Concurrent marking (unload classes) 84.807ms
[2026-04-03T02:31:15.331+0600][45.191s][info][gc,start    ] GC(33) Pause Final Mark (unload classes)
[2026-04-03T02:31:15.332+0600][45.191s][info][gc,task     ] GC(33) Using 6 of 6 workers for final marking
[2026-04-03T02:31:15.332+0600][45.191s][info][gc,ergo     ] GC(33) Adaptive CSet Selection. Target Free: 177M, Actual Free: 961M, Max CSet: 53333K, Min Garbage: 0B
[2026-04-03T02:31:15.332+0600][45.192s][info][gc,ergo     ] GC(33) Collectable Garbage: 592M (98%), Immediate: 526M (87%), CSet: 67463K (10%)
[2026-04-03T02:31:15.332+0600][45.192s][info][gc,ergo     ] GC(33) Pacer for Evacuation. Used CSet: 71966K, Free: 952M, Non-Taxable: 97487K, Alloc Tax Rate: 1.1x
[2026-04-03T02:31:15.332+0600][45.192s][info][gc          ] GC(33) Pause Final Mark (unload classes) 0.828ms
[2026-04-03T02:31:15.333+0600][45.192s][info][gc,start    ] GC(33) Concurrent thread roots
[2026-04-03T02:31:15.333+0600][45.192s][info][gc,task     ] GC(33) Using 3 of 6 workers for Concurrent thread roots
[2026-04-03T02:31:15.334+0600][45.193s][info][gc          ] GC(33) Concurrent thread roots 1.124ms
[2026-04-03T02:31:15.334+0600][45.193s][info][gc,start    ] GC(33) Concurrent weak references
[2026-04-03T02:31:15.334+0600][45.193s][info][gc,task     ] GC(33) Using 3 of 6 workers for concurrent weak references
[2026-04-03T02:31:15.335+0600][45.194s][info][gc,ref      ] GC(33) Encountered references: Soft: 3865, Weak: 15279, Final: 84, Phantom: 621
[2026-04-03T02:31:15.335+0600][45.194s][info][gc,ref      ] GC(33) Discovered  references: Soft: 0, Weak: 7972, Final: 0, Phantom: 616
[2026-04-03T02:31:15.335+0600][45.194s][info][gc,ref      ] GC(33) Enqueued    references: Soft: 0, Weak: 577, Final: 0, Phantom: 0
[2026-04-03T02:31:15.335+0600][45.194s][info][gc          ] GC(33) Concurrent weak references 1.317ms
[2026-04-03T02:31:15.335+0600][45.194s][info][gc,start    ] GC(33) Concurrent weak roots
[2026-04-03T02:31:15.335+0600][45.194s][info][gc,task     ] GC(33) Using 3 of 6 workers for concurrent weak root
[2026-04-03T02:31:15.341+0600][45.201s][info][gc          ] GC(33) Concurrent weak roots 6.214ms
[2026-04-03T02:31:15.341+0600][45.201s][info][gc,start    ] GC(33) Concurrent cleanup
[2026-04-03T02:31:15.342+0600][45.201s][info][gc          ] GC(33) Concurrent cleanup 844M->318M(1078M) 0.714ms
[2026-04-03T02:31:15.342+0600][45.201s][info][gc,ergo     ] GC(33) Free: 851M, Max: 512K regular, 175M humongous, Frag: 80% external, 0% internal; Reserve: 63203K, Max: 512K
[2026-04-03T02:31:15.342+0600][45.202s][info][gc,start    ] GC(33) Concurrent class unloading
[2026-04-03T02:31:15.342+0600][45.202s][info][gc,task     ] GC(33) Using 3 of 6 workers for concurrent class unloading
[2026-04-03T02:31:15.355+0600][45.214s][info][gc          ] GC(33) Concurrent class unloading 12.974ms
[2026-04-03T02:31:15.355+0600][45.215s][info][gc,start    ] GC(33) Concurrent strong roots
[2026-04-03T02:31:15.355+0600][45.215s][info][gc,task     ] GC(33) Using 3 of 6 workers for concurrent strong root
[2026-04-03T02:31:15.356+0600][45.215s][info][gc          ] GC(33) Concurrent strong roots 0.813ms
[2026-04-03T02:31:15.356+0600][45.215s][info][gc,start    ] GC(33) Concurrent evacuation
[2026-04-03T02:31:15.356+0600][45.215s][info][gc,task     ] GC(33) Using 3 of 6 workers for concurrent evacuation
[2026-04-03T02:31:15.358+0600][45.217s][info][gc          ] GC(33) Concurrent evacuation 1.638ms
[2026-04-03T02:31:15.358+0600][45.217s][info][gc,start    ] GC(33) Pause Init Update Refs
[2026-04-03T02:31:15.358+0600][45.217s][info][gc,ergo     ] GC(33) Pacer for Update Refs. Used: 327M, Free: 846M, Non-Taxable: 86658K, Alloc Tax Rate: 1.1x
[2026-04-03T02:31:15.358+0600][45.217s][info][gc          ] GC(33) Pause Init Update Refs 0.076ms
[2026-04-03T02:31:15.358+0600][45.217s][info][gc,start    ] GC(33) Concurrent update references
[2026-04-03T02:31:15.358+0600][45.217s][info][gc,task     ] GC(33) Using 3 of 6 workers for concurrent reference update
[2026-04-03T02:31:15.411+0600][45.270s][info][gc          ] GC(33) Concurrent update references 53.112ms
[2026-04-03T02:31:15.411+0600][45.271s][info][gc,start    ] GC(33) Concurrent update thread roots
[2026-04-03T02:31:15.413+0600][45.272s][info][gc          ] GC(33) Concurrent update thread roots 1.293ms
[2026-04-03T02:31:15.413+0600][45.272s][info][gc,start    ] GC(33) Pause Final Update Refs
[2026-04-03T02:31:15.413+0600][45.272s][info][gc,task     ] GC(33) Using 6 of 6 workers for final reference update
[2026-04-03T02:31:15.413+0600][45.272s][info][gc          ] GC(33) Pause Final Update Refs 0.158ms
[2026-04-03T02:31:15.413+0600][45.272s][info][gc,start    ] GC(33) Concurrent cleanup
[2026-04-03T02:31:15.413+0600][45.273s][info][gc          ] GC(33) Concurrent cleanup 518M->449M(1078M) 0.475ms
[2026-04-03T02:31:15.413+0600][45.273s][info][gc,ergo     ] Free: 696M, Max: 512K regular, 320M humongous, Frag: 54% external, 0% internal; Reserve: 64000K, Max: 512K
[2026-04-03T02:31:15.414+0600][45.273s][info][gc,stats    ] 
[2026-04-03T02:31:15.414+0600][45.273s][info][gc,stats    ] All times are wall-clock times, except per-root-class counters, that are sum over
[2026-04-03T02:31:15.414+0600][45.273s][info][gc,stats    ] all workers. Dividing the <total> over the root stage time estimates parallelism.
[2026-04-03T02:31:15.414+0600][45.273s][info][gc,stats    ] 
[2026-04-03T02:31:15.414+0600][45.273s][info][gc,stats    ] Concurrent Reset                   1249 us
[2026-04-03T02:31:15.414+0600][45.273s][info][gc,stats    ] Pause Init Mark (G)                 490 us
[2026-04-03T02:31:15.414+0600][45.273s][info][gc,stats    ] Pause Init Mark (N)                 217 us
[2026-04-03T02:31:15.414+0600][45.273s][info][gc,stats    ]   Update Region States               36 us
[2026-04-03T02:31:15.414+0600][45.273s][info][gc,stats    ] Concurrent Mark Roots              1514 us, parallelism: 1.68x
[2026-04-03T02:31:15.414+0600][45.273s][info][gc,stats    ]   CMR: <total>                     2546 us
[2026-04-03T02:31:15.414+0600][45.273s][info][gc,stats    ]   CMR: Thread Roots                2138 us, workers (us): 503, 821, 815, ---, ---, ---, 
[2026-04-03T02:31:15.414+0600][45.273s][info][gc,stats    ]   CMR: VM Strong Roots               48 us, workers (us):  46,   1,   1, ---, ---, ---, 
[2026-04-03T02:31:15.414+0600][45.273s][info][gc,stats    ]   CMR: CLDG Roots                   360 us, workers (us): 360, ---, ---, ---, ---, ---, 
[2026-04-03T02:31:15.414+0600][45.273s][info][gc,stats    ] Concurrent Marking                84910 us
[2026-04-03T02:31:15.414+0600][45.273s][info][gc,stats    ] Pause Final Mark (G)               1761 us
[2026-04-03T02:31:15.414+0600][45.273s][info][gc,stats    ] Pause Final Mark (N)                847 us
[2026-04-03T02:31:15.414+0600][45.273s][info][gc,stats    ]   Finish Mark                       409 us
[2026-04-03T02:31:15.414+0600][45.273s][info][gc,stats    ]   Update Region States               41 us
[2026-04-03T02:31:15.414+0600][45.273s][info][gc,stats    ]   Choose Collection Set             173 us
[2026-04-03T02:31:15.414+0600][45.273s][info][gc,stats    ]   Rebuild Free Set                   44 us
[2026-04-03T02:31:15.414+0600][45.273s][info][gc,stats    ] Concurrent Thread Roots            1182 us, parallelism: 2.26x
[2026-04-03T02:31:15.414+0600][45.273s][info][gc,stats    ]   CTR: <total>                     2674 us
[2026-04-03T02:31:15.414+0600][45.273s][info][gc,stats    ]   CTR: Thread Roots                2674 us, workers (us): 926, 880, 869, ---, ---, ---, 
[2026-04-03T02:31:15.414+0600][45.273s][info][gc,stats    ] Concurrent Weak References         1332 us, parallelism: 1.06x
[2026-04-03T02:31:15.414+0600][45.273s][info][gc,stats    ]   CWRF: <total>                    1414 us
[2026-04-03T02:31:15.414+0600][45.273s][info][gc,stats    ]   CWRF: Weak References            1414 us, workers (us): 1085, 225, 103, ---, ---, ---, 
[2026-04-03T02:31:15.414+0600][45.273s][info][gc,stats    ] Concurrent Weak Roots              6297 us
[2026-04-03T02:31:15.414+0600][45.273s][info][gc,stats    ]   Roots                            4932 us, parallelism: 2.75x
[2026-04-03T02:31:15.414+0600][45.273s][info][gc,stats    ]     CWR: <total>                  13585 us
[2026-04-03T02:31:15.414+0600][45.273s][info][gc,stats    ]     CWR: Code Cache Roots         10687 us, workers (us): 3584, 3478, 3624, ---, ---, ---, 
[2026-04-03T02:31:15.414+0600][45.273s][info][gc,stats    ]     CWR: VM Weak Roots             2759 us, workers (us): 943, 914, 902, ---, ---, ---, 
[2026-04-03T02:31:15.414+0600][45.273s][info][gc,stats    ]     CWR: CLDG Roots                 139 us, workers (us): ---, 139, ---, ---, ---, ---, 
[2026-04-03T02:31:15.414+0600][45.273s][info][gc,stats    ]   Rendezvous                       1249 us
[2026-04-03T02:31:15.414+0600][45.273s][info][gc,stats    ] Concurrent Cleanup                  797 us
[2026-04-03T02:31:15.414+0600][45.273s][info][gc,stats    ] Concurrent Class Unloading        13089 us
[2026-04-03T02:31:15.414+0600][45.273s][info][gc,stats    ]   Unlink Stale                    12114 us
[2026-04-03T02:31:15.414+0600][45.273s][info][gc,stats    ]     System Dictionary               261 us
[2026-04-03T02:31:15.414+0600][45.273s][info][gc,stats    ]     Weak Class Links                  0 us
[2026-04-03T02:31:15.414+0600][45.273s][info][gc,stats    ]     Code Roots                    11846 us
[2026-04-03T02:31:15.414+0600][45.273s][info][gc,stats    ]   Rendezvous                        241 us
[2026-04-03T02:31:15.414+0600][45.273s][info][gc,stats    ]   Purge Unlinked                    588 us
[2026-04-03T02:31:15.414+0600][45.273s][info][gc,stats    ]     Code Roots                      578 us
[2026-04-03T02:31:15.414+0600][45.273s][info][gc,stats    ]     CLDG                              9 us
[2026-04-03T02:31:15.414+0600][45.273s][info][gc,stats    ]     Exception Caches                  0 us
[2026-04-03T02:31:15.414+0600][45.273s][info][gc,stats    ] Concurrent Strong Roots             843 us, parallelism: 0.65x
[2026-04-03T02:31:15.414+0600][45.273s][info][gc,stats    ]   CSR: <total>                      549 us
[2026-04-03T02:31:15.414+0600][45.273s][info][gc,stats    ]   CSR: VM Strong Roots               54 us, workers (us):  29,  25,   0, ---, ---, ---, 
[2026-04-03T02:31:15.414+0600][45.273s][info][gc,stats    ]   CSR: CLDG Roots                   495 us, workers (us): ---, 495, ---, ---, ---, ---, 
[2026-04-03T02:31:15.414+0600][45.273s][info][gc,stats    ] Concurrent Evacuation              1687 us
[2026-04-03T02:31:15.414+0600][45.273s][info][gc,stats    ] Pause Init Update Refs (G)          199 us
[2026-04-03T02:31:15.414+0600][45.273s][info][gc,stats    ] Pause Init Update Refs (N)           84 us
[2026-04-03T02:31:15.414+0600][45.273s][info][gc,stats    ]   Manage GCLABs                      35 us
[2026-04-03T02:31:15.414+0600][45.273s][info][gc,stats    ] Concurrent Update Refs            53197 us
[2026-04-03T02:31:15.414+0600][45.273s][info][gc,stats    ] Concurrent Update Thread Roots     1326 us
[2026-04-03T02:31:15.414+0600][45.273s][info][gc,stats    ] Pause Final Update Refs (G)         396 us
[2026-04-03T02:31:15.414+0600][45.273s][info][gc,stats    ] Pause Final Update Refs (N)         172 us
[2026-04-03T02:31:15.414+0600][45.273s][info][gc,stats    ]   Update Region States               47 us
[2026-04-03T02:31:15.414+0600][45.273s][info][gc,stats    ]   Trash Collection Set               12 us
[2026-04-03T02:31:15.414+0600][45.273s][info][gc,stats    ]   Rebuild Free Set                   40 us
[2026-04-03T02:31:15.414+0600][45.273s][info][gc,stats    ] Concurrent Cleanup                  491 us
[2026-04-03T02:31:15.414+0600][45.273s][info][gc,stats    ] Pacing                           167866 us
[2026-04-03T02:31:15.414+0600][45.273s][info][gc,stats    ] 
[2026-04-03T02:31:15.414+0600][45.273s][info][gc,stats    ] Allocation pacing accrued:
[2026-04-03T02:31:15.414+0600][45.273s][info][gc,stats    ]      11 of   374 ms (  3.0%): dispatcher-BlockManagerMaster
[2026-04-03T02:31:15.414+0600][45.273s][info][gc,stats    ]      10 of   374 ms (  2.7%): dispatcher-BlockManagerEndpoint1
[2026-04-03T02:31:15.414+0600][45.273s][info][gc,stats    ]      11 of   374 ms (  3.0%): Spark Context Cleaner
[2026-04-03T02:31:15.414+0600][45.273s][info][gc,stats    ]      27 of   374 ms (  7.3%): Executor task launch worker for task 2.0 in stage 1201.0 (TID 2299)
[2026-04-03T02:31:15.414+0600][45.273s][info][gc,stats    ]      21 of   374 ms (  5.7%): Executor task launch worker for task 3.0 in stage 1201.0 (TID 2300)
[2026-04-03T02:31:15.414+0600][45.273s][info][gc,stats    ]      28 of   374 ms (  7.4%): Executor task launch worker for task 0.0 in stage 1201.0 (TID 2297)
[2026-04-03T02:31:15.414+0600][45.273s][info][gc,stats    ]      28 of   374 ms (  7.4%): Executor task launch worker for task 1.0 in stage 1201.0 (TID 2298)
[2026-04-03T02:31:15.414+0600][45.273s][info][gc,stats    ]      21 of   374 ms (  5.7%): block-manager-storage-async-thread-pool-5
[2026-04-03T02:31:15.414+0600][45.273s][info][gc,stats    ]      10 of   374 ms (  2.7%): block-manager-storage-async-thread-pool-65
[2026-04-03T02:31:15.414+0600][45.273s][info][gc,stats    ]     168 of   374 ms ( 44.9%): <total>
[2026-04-03T02:31:15.414+0600][45.273s][info][gc,stats    ]       1 of   374 ms (  0.2%): <average total>
[2026-04-03T02:31:15.414+0600][45.273s][info][gc,stats    ]      19 of   374 ms (  5.0%): <average non-zero>
[2026-04-03T02:31:15.414+0600][45.273s][info][gc,stats    ] 
[2026-04-03T02:31:15.414+0600][45.274s][info][gc,metaspace] Metaspace: 130696K(131904K)->130700K(131904K) NonClass: 114263K(114880K)->114266K(114880K) Class: 16433K(17024K)->16433K(17024K)
[2026-04-03T02:31:15.414+0600][45.274s][info][gc,ergo     ] Pacer for Idle. Initial: 25600K, Alloc Tax Rate: 1.0x
[2026-04-03T02:31:16.013+0600][45.872s][info][gc          ] Trigger: Average GC time (182.42 ms) is above the time for average allocation rate (804 MB/s) to deplete free headroom (146M) (margin of error = 1.89)
[2026-04-03T02:31:16.013+0600][45.873s][info][gc,ergo     ] Free headroom: 208M (free) - 64000K (spike) - 0B (penalties) = 146M
[2026-04-03T02:31:16.013+0600][45.873s][info][gc,ergo     ] Free: 208M, Max: 512K regular, 208M humongous, Frag: 0% external, 0% internal; Reserve: 64000K, Max: 512K
[2026-04-03T02:31:16.013+0600][45.873s][info][gc,start    ] GC(34) Concurrent reset
[2026-04-03T02:31:16.013+0600][45.873s][info][gc,task     ] GC(34) Using 3 of 6 workers for concurrent reset
[2026-04-03T02:31:16.013+0600][45.873s][info][gc,ergo     ] GC(34) Pacer for Reset. Non-Taxable: 1250M
[2026-04-03T02:31:16.014+0600][45.874s][info][gc          ] GC(34) Concurrent reset 0.878ms
[2026-04-03T02:31:16.014+0600][45.874s][info][gc,start    ] GC(34) Pause Init Mark (unload classes)
[2026-04-03T02:31:16.014+0600][45.874s][info][gc,task     ] GC(34) Using 6 of 6 workers for init marking
[2026-04-03T02:31:16.015+0600][45.874s][info][gc,ergo     ] GC(34) Pacer for Mark. Expected Live: 90860K, Free: 207M, Non-Taxable: 21280K, Alloc Tax Rate: 0.5x
[2026-04-03T02:31:16.015+0600][45.874s][info][gc          ] GC(34) Pause Init Mark (unload classes) 0.107ms
[2026-04-03T02:31:16.015+0600][45.874s][info][gc,start    ] GC(34) Concurrent marking roots
[2026-04-03T02:31:16.015+0600][45.874s][info][gc,task     ] GC(34) Using 3 of 6 workers for concurrent marking roots
[2026-04-03T02:31:16.016+0600][45.876s][info][gc          ] GC(34) Concurrent marking roots 1.782ms
[2026-04-03T02:31:16.016+0600][45.876s][info][gc,start    ] GC(34) Concurrent marking (unload classes)
[2026-04-03T02:31:16.016+0600][45.876s][info][gc,task     ] GC(34) Using 3 of 6 workers for concurrent marking
[2026-04-03T02:31:16.075+0600][45.934s][info][gc          ] GC(34) Concurrent marking (unload classes) 58.718ms
[2026-04-03T02:31:16.075+0600][45.935s][info][gc,start    ] GC(34) Pause Final Mark (unload classes)
[2026-04-03T02:31:16.075+0600][45.935s][info][gc,task     ] GC(34) Using 6 of 6 workers for final marking
[2026-04-03T02:31:16.076+0600][45.935s][info][gc,ergo     ] GC(34) Adaptive CSet Selection. Target Free: 177M, Actual Free: 838M, Max CSet: 53333K, Min Garbage: 0B
[2026-04-03T02:31:16.076+0600][45.935s][info][gc,ergo     ] GC(34) Collectable Garbage: 803M (98%), Immediate: 600M (74%), CSet: 202M (24%)
[2026-04-03T02:31:16.076+0600][45.935s][info][gc,ergo     ] GC(34) Pacer for Evacuation. Used CSet: 210M, Free: 854M, Non-Taxable: 87470K, Alloc Tax Rate: 1.1x
[2026-04-03T02:31:16.076+0600][45.935s][info][gc          ] GC(34) Pause Final Mark (unload classes) 0.727ms
[2026-04-03T02:31:16.076+0600][45.936s][info][gc,start    ] GC(34) Concurrent thread roots
[2026-04-03T02:31:16.076+0600][45.936s][info][gc,task     ] GC(34) Using 3 of 6 workers for Concurrent thread roots
[2026-04-03T02:31:16.077+0600][45.937s][info][gc          ] GC(34) Concurrent thread roots 1.124ms
[2026-04-03T02:31:16.077+0600][45.937s][info][gc,start    ] GC(34) Concurrent weak references
[2026-04-03T02:31:16.077+0600][45.937s][info][gc,task     ] GC(34) Using 3 of 6 workers for concurrent weak references
[2026-04-03T02:31:16.078+0600][45.937s][info][gc,ref      ] GC(34) Encountered references: Soft: 3873, Weak: 15511, Final: 84, Phantom: 621
[2026-04-03T02:31:16.078+0600][45.938s][info][gc,ref      ] GC(34) Discovered  references: Soft: 0, Weak: 8693, Final: 84, Phantom: 617
[2026-04-03T02:31:16.078+0600][45.938s][info][gc,ref      ] GC(34) Enqueued    references: Soft: 0, Weak: 620, Final: 0, Phantom: 0
[2026-04-03T02:31:16.078+0600][45.938s][info][gc          ] GC(34) Concurrent weak references 0.894ms
[2026-04-03T02:31:16.078+0600][45.938s][info][gc,start    ] GC(34) Concurrent weak roots
[2026-04-03T02:31:16.078+0600][45.938s][info][gc,task     ] GC(34) Using 3 of 6 workers for concurrent weak root
[2026-04-03T02:31:16.082+0600][45.942s][info][gc          ] GC(34) Concurrent weak roots 4.090ms
[2026-04-03T02:31:16.082+0600][45.942s][info][gc,start    ] GC(34) Concurrent cleanup
[2026-04-03T02:31:16.083+0600][45.943s][info][gc          ] GC(34) Concurrent cleanup 929M->328M(1078M) 0.771ms
[2026-04-03T02:31:16.083+0600][45.943s][info][gc,ergo     ] GC(34) Free: 853M, Max: 512K regular, 174M humongous, Frag: 80% external, 0% internal; Reserve: 63483K, Max: 512K
[2026-04-03T02:31:16.083+0600][45.943s][info][gc,start    ] GC(34) Concurrent class unloading
[2026-04-03T02:31:16.083+0600][45.943s][info][gc,task     ] GC(34) Using 3 of 6 workers for concurrent class unloading
[2026-04-03T02:31:16.101+0600][45.960s][info][gc          ] GC(34) Concurrent class unloading 17.665ms
[2026-04-03T02:31:16.101+0600][45.960s][info][gc,start    ] GC(34) Concurrent strong roots
[2026-04-03T02:31:16.101+0600][45.960s][info][gc,task     ] GC(34) Using 3 of 6 workers for concurrent strong root
[2026-04-03T02:31:16.103+0600][45.962s][info][gc          ] GC(34) Concurrent strong roots 1.479ms
[2026-04-03T02:31:16.103+0600][45.962s][info][gc,start    ] GC(34) Concurrent evacuation
[2026-04-03T02:31:16.103+0600][45.962s][info][gc,task     ] GC(34) Using 3 of 6 workers for concurrent evacuation
[2026-04-03T02:31:16.108+0600][45.967s][info][gc          ] GC(34) Concurrent evacuation 5.038ms
[2026-04-03T02:31:16.108+0600][45.967s][info][gc,start    ] GC(34) Pause Init Update Refs
[2026-04-03T02:31:16.108+0600][45.967s][info][gc,ergo     ] GC(34) Pacer for Update Refs. Used: 351M, Free: 838M, Non-Taxable: 85891K, Alloc Tax Rate: 1.1x
[2026-04-03T02:31:16.108+0600][45.968s][info][gc          ] GC(34) Pause Init Update Refs 0.135ms
[2026-04-03T02:31:16.108+0600][45.968s][info][gc,start    ] GC(34) Concurrent update references
[2026-04-03T02:31:16.108+0600][45.968s][info][gc,task     ] GC(34) Using 3 of 6 workers for concurrent reference update
[2026-04-03T02:31:16.154+0600][46.013s][info][gc          ] GC(34) Concurrent update references 45.641ms
[2026-04-03T02:31:16.154+0600][46.013s][info][gc,start    ] GC(34) Concurrent update thread roots
[2026-04-03T02:31:16.156+0600][46.015s][info][gc          ] GC(34) Concurrent update thread roots 1.712ms
[2026-04-03T02:31:16.156+0600][46.015s][info][gc,start    ] GC(34) Pause Final Update Refs
[2026-04-03T02:31:16.156+0600][46.015s][info][gc,task     ] GC(34) Using 6 of 6 workers for final reference update
[2026-04-03T02:31:16.156+0600][46.016s][info][gc          ] GC(34) Pause Final Update Refs 0.191ms
[2026-04-03T02:31:16.156+0600][46.016s][info][gc,start    ] GC(34) Concurrent cleanup
[2026-04-03T02:31:16.157+0600][46.016s][info][gc          ] GC(34) Concurrent cleanup 390M->180M(1078M) 0.344ms
[2026-04-03T02:31:16.157+0600][46.016s][info][gc,ergo     ] Free: 996M, Max: 512K regular, 527M humongous, Frag: 48% external, 0% internal; Reserve: 64000K, Max: 512K
[2026-04-03T02:31:16.157+0600][46.016s][info][gc,stats    ] 
[2026-04-03T02:31:16.157+0600][46.016s][info][gc,stats    ] All times are wall-clock times, except per-root-class counters, that are sum over
[2026-04-03T02:31:16.157+0600][46.016s][info][gc,stats    ] all workers. Dividing the <total> over the root stage time estimates parallelism.
[2026-04-03T02:31:16.157+0600][46.016s][info][gc,stats    ] 
[2026-04-03T02:31:16.157+0600][46.016s][info][gc,stats    ] Concurrent Reset                    936 us
[2026-04-03T02:31:16.157+0600][46.016s][info][gc,stats    ] Pause Init Mark (G)                 379 us
[2026-04-03T02:31:16.157+0600][46.016s][info][gc,stats    ] Pause Init Mark (N)                 116 us
[2026-04-03T02:31:16.157+0600][46.016s][info][gc,stats    ]   Update Region States               25 us
[2026-04-03T02:31:16.157+0600][46.016s][info][gc,stats    ] Concurrent Mark Roots              1817 us, parallelism: 2.20x
[2026-04-03T02:31:16.157+0600][46.016s][info][gc,stats    ]   CMR: <total>                     3991 us
[2026-04-03T02:31:16.157+0600][46.016s][info][gc,stats    ]   CMR: Thread Roots                3501 us, workers (us): 1312, 1315, 874, ---, ---, ---, 
[2026-04-03T02:31:16.157+0600][46.016s][info][gc,stats    ]   CMR: VM Strong Roots               61 us, workers (us):  25,  26,   9, ---, ---, ---, 
[2026-04-03T02:31:16.157+0600][46.016s][info][gc,stats    ]   CMR: CLDG Roots                   429 us, workers (us): ---, ---, 429, ---, ---, ---, 
[2026-04-03T02:31:16.157+0600][46.016s][info][gc,stats    ] Concurrent Marking                58792 us
[2026-04-03T02:31:16.157+0600][46.016s][info][gc,stats    ] Pause Final Mark (G)                937 us
[2026-04-03T02:31:16.157+0600][46.016s][info][gc,stats    ] Pause Final Mark (N)                737 us
[2026-04-03T02:31:16.157+0600][46.016s][info][gc,stats    ]   Finish Mark                       325 us
[2026-04-03T02:31:16.157+0600][46.016s][info][gc,stats    ]   Update Region States               43 us
[2026-04-03T02:31:16.157+0600][46.016s][info][gc,stats    ]   Choose Collection Set             206 us
[2026-04-03T02:31:16.157+0600][46.016s][info][gc,stats    ]   Rebuild Free Set                   35 us
[2026-04-03T02:31:16.157+0600][46.016s][info][gc,stats    ] Concurrent Thread Roots            1169 us, parallelism: 2.14x
[2026-04-03T02:31:16.157+0600][46.016s][info][gc,stats    ]   CTR: <total>                     2496 us
[2026-04-03T02:31:16.157+0600][46.017s][info][gc,stats    ]   CTR: Thread Roots                2496 us, workers (us): 844, 849, 804, ---, ---, ---, 
[2026-04-03T02:31:16.157+0600][46.017s][info][gc,stats    ] Concurrent Weak References          909 us, parallelism: 1.07x
[2026-04-03T02:31:16.157+0600][46.017s][info][gc,stats    ]   CWRF: <total>                     976 us
[2026-04-03T02:31:16.157+0600][46.017s][info][gc,stats    ]   CWRF: Weak References             976 us, workers (us): 190, 552, 233, ---, ---, ---, 
[2026-04-03T02:31:16.157+0600][46.017s][info][gc,stats    ] Concurrent Weak Roots              4166 us
[2026-04-03T02:31:16.157+0600][46.017s][info][gc,stats    ]   Roots                            3715 us, parallelism: 2.63x
[2026-04-03T02:31:16.157+0600][46.017s][info][gc,stats    ]     CWR: <total>                   9752 us
[2026-04-03T02:31:16.157+0600][46.017s][info][gc,stats    ]     CWR: Code Cache Roots          7729 us, workers (us): 2714, 2475, 2540, ---, ---, ---, 
[2026-04-03T02:31:16.157+0600][46.017s][info][gc,stats    ]     CWR: VM Weak Roots             1927 us, workers (us): 679, 625, 623, ---, ---, ---, 
[2026-04-03T02:31:16.157+0600][46.017s][info][gc,stats    ]     CWR: CLDG Roots                  96 us, workers (us): ---,  96, ---, ---, ---, ---, 
[2026-04-03T02:31:16.157+0600][46.017s][info][gc,stats    ]   Rendezvous                        347 us
[2026-04-03T02:31:16.157+0600][46.017s][info][gc,stats    ] Concurrent Cleanup                  792 us
[2026-04-03T02:31:16.157+0600][46.017s][info][gc,stats    ] Concurrent Class Unloading        17799 us
[2026-04-03T02:31:16.157+0600][46.017s][info][gc,stats    ]   Unlink Stale                    14645 us
[2026-04-03T02:31:16.157+0600][46.017s][info][gc,stats    ]     System Dictionary               252 us
[2026-04-03T02:31:16.157+0600][46.017s][info][gc,stats    ]     Weak Class Links                  0 us
[2026-04-03T02:31:16.157+0600][46.017s][info][gc,stats    ]     Code Roots                    14389 us
[2026-04-03T02:31:16.157+0600][46.017s][info][gc,stats    ]   Rendezvous                        499 us
[2026-04-03T02:31:16.157+0600][46.017s][info][gc,stats    ]   Purge Unlinked                   2480 us
[2026-04-03T02:31:16.157+0600][46.017s][info][gc,stats    ]     Code Roots                     2460 us
[2026-04-03T02:31:16.157+0600][46.017s][info][gc,stats    ]     CLDG                             18 us
[2026-04-03T02:31:16.157+0600][46.017s][info][gc,stats    ]     Exception Caches                  1 us
[2026-04-03T02:31:16.157+0600][46.017s][info][gc,stats    ] Concurrent Strong Roots            1576 us, parallelism: 0.67x
[2026-04-03T02:31:16.157+0600][46.017s][info][gc,stats    ]   CSR: <total>                     1057 us
[2026-04-03T02:31:16.157+0600][46.017s][info][gc,stats    ]   CSR: VM Strong Roots               83 us, workers (us):  37,  24,  22, ---, ---, ---, 
[2026-04-03T02:31:16.157+0600][46.017s][info][gc,stats    ]   CSR: CLDG Roots                   975 us, workers (us): 975, ---, ---, ---, ---, ---, 
[2026-04-03T02:31:16.158+0600][46.017s][info][gc,stats    ] Concurrent Evacuation              5156 us
[2026-04-03T02:31:16.158+0600][46.017s][info][gc,stats    ] Pause Init Update Refs (G)          491 us
[2026-04-03T02:31:16.158+0600][46.017s][info][gc,stats    ] Pause Init Update Refs (N)          148 us
[2026-04-03T02:31:16.158+0600][46.017s][info][gc,stats    ]   Manage GCLABs                      45 us
[2026-04-03T02:31:16.158+0600][46.017s][info][gc,stats    ] Concurrent Update Refs            45737 us
[2026-04-03T02:31:16.158+0600][46.017s][info][gc,stats    ] Concurrent Update Thread Roots     1796 us
[2026-04-03T02:31:16.158+0600][46.017s][info][gc,stats    ] Pause Final Update Refs (G)         591 us
[2026-04-03T02:31:16.158+0600][46.017s][info][gc,stats    ] Pause Final Update Refs (N)         209 us
[2026-04-03T02:31:16.158+0600][46.017s][info][gc,stats    ]   Update Region States               46 us
[2026-04-03T02:31:16.158+0600][46.017s][info][gc,stats    ]   Trash Collection Set               18 us
[2026-04-03T02:31:16.158+0600][46.017s][info][gc,stats    ]   Rebuild Free Set                   39 us
[2026-04-03T02:31:16.158+0600][46.017s][info][gc,stats    ] Concurrent Cleanup                  379 us
[2026-04-03T02:31:16.158+0600][46.017s][info][gc,stats    ] Pacing                           175828 us
[2026-04-03T02:31:16.158+0600][46.017s][info][gc,stats    ] 
[2026-04-03T02:31:16.158+0600][46.017s][info][gc,stats    ] Allocation pacing accrued:
[2026-04-03T02:31:16.158+0600][46.017s][info][gc,stats    ]      11 of   744 ms (  1.5%): dispatcher-event-loop-2
[2026-04-03T02:31:16.158+0600][46.017s][info][gc,stats    ]      11 of   744 ms (  1.5%): dispatcher-event-loop-3
[2026-04-03T02:31:16.158+0600][46.017s][info][gc,stats    ]      19 of   744 ms (  2.6%): dispatcher-event-loop-5
[2026-04-03T02:31:16.158+0600][46.017s][info][gc,stats    ]      11 of   744 ms (  1.5%): dispatcher-event-loop-6
[2026-04-03T02:31:16.158+0600][46.017s][info][gc,stats    ]      11 of   744 ms (  1.5%): dag-scheduler-event-loop
[2026-04-03T02:31:16.158+0600][46.017s][info][gc,stats    ]      11 of   744 ms (  1.5%): spark-listener-group-appStatus
[2026-04-03T02:31:16.158+0600][46.017s][info][gc,stats    ]      11 of   744 ms (  1.5%): spark-listener-group-executorManagement
[2026-04-03T02:31:16.158+0600][46.017s][info][gc,stats    ]      11 of   744 ms (  1.5%): spark-listener-group-shared
[2026-04-03T02:31:16.158+0600][46.017s][info][gc,stats    ]      11 of   744 ms (  1.5%): Executor task launch worker for task 3.0 in stage 1227.0 (TID 2380)
[2026-04-03T02:31:16.158+0600][46.017s][info][gc,stats    ]      11 of   744 ms (  1.5%): Executor task launch worker for task 2.0 in stage 1227.0 (TID 2379)
[2026-04-03T02:31:16.158+0600][46.017s][info][gc,stats    ]       8 of   744 ms (  1.0%): task-result-getter-0
[2026-04-03T02:31:16.158+0600][46.017s][info][gc,stats    ]       8 of   744 ms (  1.0%): task-result-getter-1
[2026-04-03T02:31:16.158+0600][46.017s][info][gc,stats    ]      22 of   744 ms (  3.0%): task-result-getter-2
[2026-04-03T02:31:16.158+0600][46.017s][info][gc,stats    ]      19 of   744 ms (  2.5%): task-result-getter-3
[2026-04-03T02:31:16.158+0600][46.017s][info][gc,stats    ]     176 of   744 ms ( 23.6%): <total>
[2026-04-03T02:31:16.158+0600][46.017s][info][gc,stats    ]       1 of   744 ms (  0.1%): <average total>
[2026-04-03T02:31:16.158+0600][46.017s][info][gc,stats    ]      13 of   744 ms (  1.7%): <average non-zero>
[2026-04-03T02:31:16.158+0600][46.017s][info][gc,stats    ] 
[2026-04-03T02:31:16.158+0600][46.017s][info][gc,metaspace] Metaspace: 130721K(131968K)->130723K(131968K) NonClass: 114288K(114944K)->114290K(114944K) Class: 16433K(17024K)->16433K(17024K)
[2026-04-03T02:31:16.158+0600][46.017s][info][gc,ergo     ] Pacer for Idle. Initial: 25600K, Alloc Tax Rate: 1.0x
[2026-04-03T02:31:16.839+0600][46.698s][info][gc          ] Trigger: Average GC time (175.91 ms) is above the time for average allocation rate (1060 MB/s) to deplete free headroom (185M) (margin of error = 1.88)
[2026-04-03T02:31:16.839+0600][46.698s][info][gc,ergo     ] Free headroom: 248M (free) - 64000K (spike) - 0B (penalties) = 185M
[2026-04-03T02:31:16.839+0600][46.698s][info][gc,ergo     ] Free: 248M, Max: 512K regular, 174M humongous, Frag: 30% external, 0% internal; Reserve: 64000K, Max: 512K
[2026-04-03T02:31:16.839+0600][46.698s][info][gc,start    ] GC(35) Concurrent reset
[2026-04-03T02:31:16.839+0600][46.698s][info][gc,task     ] GC(35) Using 3 of 6 workers for concurrent reset
[2026-04-03T02:31:16.839+0600][46.698s][info][gc,ergo     ] GC(35) Pacer for Reset. Non-Taxable: 1250M
[2026-04-03T02:31:16.840+0600][46.699s][info][gc          ] GC(35) Concurrent reset 1.095ms
[2026-04-03T02:31:16.840+0600][46.700s][info][gc,start    ] GC(35) Pause Init Mark (unload classes)
[2026-04-03T02:31:16.840+0600][46.700s][info][gc,task     ] GC(35) Using 6 of 6 workers for init marking
[2026-04-03T02:31:16.840+0600][46.700s][info][gc,ergo     ] GC(35) Pacer for Mark. Expected Live: 90663K, Free: 247M, Non-Taxable: 25374K, Alloc Tax Rate: 0.4x
[2026-04-03T02:31:16.840+0600][46.700s][info][gc          ] GC(35) Pause Init Mark (unload classes) 0.161ms
[2026-04-03T02:31:16.841+0600][46.700s][info][gc,start    ] GC(35) Concurrent marking roots
[2026-04-03T02:31:16.841+0600][46.700s][info][gc,task     ] GC(35) Using 3 of 6 workers for concurrent marking roots
[2026-04-03T02:31:16.842+0600][46.701s][info][gc          ] GC(35) Concurrent marking roots 1.176ms
[2026-04-03T02:31:16.842+0600][46.701s][info][gc,start    ] GC(35) Concurrent marking (unload classes)
[2026-04-03T02:31:16.842+0600][46.701s][info][gc,task     ] GC(35) Using 3 of 6 workers for concurrent marking
[2026-04-03T02:31:16.912+0600][46.772s][info][gc          ] GC(35) Concurrent marking (unload classes) 70.389ms
[2026-04-03T02:31:16.912+0600][46.772s][info][gc,start    ] GC(35) Pause Final Mark (unload classes)
[2026-04-03T02:31:16.912+0600][46.772s][info][gc,task     ] GC(35) Using 6 of 6 workers for final marking
[2026-04-03T02:31:16.913+0600][46.772s][info][gc,ergo     ] GC(35) Adaptive CSet Selection. Target Free: 177M, Actual Free: 841M, Max CSet: 53333K, Min Garbage: 0B
[2026-04-03T02:31:16.913+0600][46.772s][info][gc,ergo     ] GC(35) Collectable Garbage: 754M (98%), Immediate: 571M (74%), CSet: 182M (23%)
[2026-04-03T02:31:16.913+0600][46.772s][info][gc,ergo     ] GC(35) Pacer for Evacuation. Used CSet: 190M, Free: 862M, Non-Taxable: 88294K, Alloc Tax Rate: 1.1x
[2026-04-03T02:31:16.913+0600][46.772s][info][gc          ] GC(35) Pause Final Mark (unload classes) 0.592ms
[2026-04-03T02:31:16.913+0600][46.772s][info][gc,start    ] GC(35) Concurrent thread roots
[2026-04-03T02:31:16.913+0600][46.772s][info][gc,task     ] GC(35) Using 3 of 6 workers for Concurrent thread roots
[2026-04-03T02:31:16.914+0600][46.773s][info][gc          ] GC(35) Concurrent thread roots 0.960ms
[2026-04-03T02:31:16.914+0600][46.773s][info][gc,start    ] GC(35) Concurrent weak references
[2026-04-03T02:31:16.914+0600][46.773s][info][gc,task     ] GC(35) Using 3 of 6 workers for concurrent weak references
[2026-04-03T02:31:16.915+0600][46.775s][info][gc,ref      ] GC(35) Encountered references: Soft: 3869, Weak: 16412, Final: 84, Phantom: 653
[2026-04-03T02:31:16.915+0600][46.775s][info][gc,ref      ] GC(35) Discovered  references: Soft: 0, Weak: 9062, Final: 48, Phantom: 610
[2026-04-03T02:31:16.915+0600][46.775s][info][gc,ref      ] GC(35) Enqueued    references: Soft: 0, Weak: 1728, Final: 0, Phantom: 0
[2026-04-03T02:31:16.915+0600][46.775s][info][gc          ] GC(35) Concurrent weak references 1.219ms
[2026-04-03T02:31:16.915+0600][46.775s][info][gc,start    ] GC(35) Concurrent weak roots
[2026-04-03T02:31:16.915+0600][46.775s][info][gc,task     ] GC(35) Using 3 of 6 workers for concurrent weak root
[2026-04-03T02:31:16.919+0600][46.779s][info][gc          ] GC(35) Concurrent weak roots 3.984ms
[2026-04-03T02:31:16.919+0600][46.779s][info][gc,start    ] GC(35) Concurrent cleanup
[2026-04-03T02:31:16.920+0600][46.779s][info][gc          ] GC(35) Concurrent cleanup 896M->325M(1078M) 0.568ms
[2026-04-03T02:31:16.920+0600][46.779s][info][gc,ergo     ] GC(35) Free: 857M, Max: 512K regular, 174M humongous, Frag: 80% external, 0% internal; Reserve: 63414K, Max: 512K
[2026-04-03T02:31:16.920+0600][46.779s][info][gc,start    ] GC(35) Concurrent class unloading
[2026-04-03T02:31:16.920+0600][46.779s][info][gc,task     ] GC(35) Using 3 of 6 workers for concurrent class unloading
[2026-04-03T02:31:16.947+0600][46.807s][info][gc          ] GC(35) Concurrent class unloading 27.059ms
[2026-04-03T02:31:16.947+0600][46.807s][info][gc,start    ] GC(35) Concurrent strong roots
[2026-04-03T02:31:16.947+0600][46.807s][info][gc,task     ] GC(35) Using 3 of 6 workers for concurrent strong root
[2026-04-03T02:31:16.949+0600][46.808s][info][gc          ] GC(35) Concurrent strong roots 1.581ms
[2026-04-03T02:31:16.949+0600][46.809s][info][gc,start    ] GC(35) Concurrent evacuation
[2026-04-03T02:31:16.949+0600][46.809s][info][gc,task     ] GC(35) Using 3 of 6 workers for concurrent evacuation
[2026-04-03T02:31:16.955+0600][46.814s][info][gc          ] GC(35) Concurrent evacuation 5.208ms
[2026-04-03T02:31:16.955+0600][46.814s][info][gc,start    ] GC(35) Pause Init Update Refs
[2026-04-03T02:31:16.955+0600][46.814s][info][gc,ergo     ] GC(35) Pacer for Update Refs. Used: 362M, Free: 828M, Non-Taxable: 84861K, Alloc Tax Rate: 1.1x
[2026-04-03T02:31:16.955+0600][46.814s][info][gc          ] GC(35) Pause Init Update Refs 0.143ms
[2026-04-03T02:31:16.955+0600][46.815s][info][gc,start    ] GC(35) Concurrent update references
[2026-04-03T02:31:16.955+0600][46.815s][info][gc,task     ] GC(35) Using 3 of 6 workers for concurrent reference update
[2026-04-03T02:31:17.001+0600][46.861s][info][gc          ] GC(35) Concurrent update references 46.189ms
[2026-04-03T02:31:17.001+0600][46.861s][info][gc,start    ] GC(35) Concurrent update thread roots
[2026-04-03T02:31:17.003+0600][46.862s][info][gc          ] GC(35) Concurrent update thread roots 1.289ms
[2026-04-03T02:31:17.003+0600][46.862s][info][gc,start    ] GC(35) Pause Final Update Refs
[2026-04-03T02:31:17.003+0600][46.862s][info][gc,task     ] GC(35) Using 6 of 6 workers for final reference update
[2026-04-03T02:31:17.003+0600][46.863s][info][gc          ] GC(35) Pause Final Update Refs 0.194ms
[2026-04-03T02:31:17.003+0600][46.863s][info][gc,start    ] GC(35) Concurrent cleanup
[2026-04-03T02:31:17.004+0600][46.863s][info][gc          ] GC(35) Concurrent cleanup 388M->198M(1078M) 0.562ms
[2026-04-03T02:31:17.004+0600][46.863s][info][gc,ergo     ] Free: 980M, Max: 512K regular, 449M humongous, Frag: 55% external, 0% internal; Reserve: 64000K, Max: 512K
[2026-04-03T02:31:17.004+0600][46.863s][info][gc,stats    ] 
[2026-04-03T02:31:17.004+0600][46.863s][info][gc,stats    ] All times are wall-clock times, except per-root-class counters, that are sum over
[2026-04-03T02:31:17.004+0600][46.863s][info][gc,stats    ] all workers. Dividing the <total> over the root stage time estimates parallelism.
[2026-04-03T02:31:17.004+0600][46.863s][info][gc,stats    ] 
[2026-04-03T02:31:17.004+0600][46.863s][info][gc,stats    ] Concurrent Reset                   1154 us
[2026-04-03T02:31:17.004+0600][46.863s][info][gc,stats    ] Pause Init Mark (G)                 486 us
[2026-04-03T02:31:17.004+0600][46.863s][info][gc,stats    ] Pause Init Mark (N)                 173 us
[2026-04-03T02:31:17.004+0600][46.863s][info][gc,stats    ]   Update Region States               23 us
[2026-04-03T02:31:17.004+0600][46.863s][info][gc,stats    ] Concurrent Mark Roots              1226 us, parallelism: 1.70x
[2026-04-03T02:31:17.004+0600][46.863s][info][gc,stats    ]   CMR: <total>                     2088 us
[2026-04-03T02:31:17.004+0600][46.863s][info][gc,stats    ]   CMR: Thread Roots                1844 us, workers (us): 481, 705, 659, ---, ---, ---, 
[2026-04-03T02:31:17.004+0600][46.863s][info][gc,stats    ]   CMR: VM Strong Roots               42 us, workers (us):  33,   8,   1, ---, ---, ---, 
[2026-04-03T02:31:17.004+0600][46.863s][info][gc,stats    ]   CMR: CLDG Roots                   202 us, workers (us): 202, ---, ---, ---, ---, ---, 
[2026-04-03T02:31:17.004+0600][46.863s][info][gc,stats    ] Concurrent Marking                70455 us
[2026-04-03T02:31:17.004+0600][46.863s][info][gc,stats    ] Pause Final Mark (G)                813 us
[2026-04-03T02:31:17.004+0600][46.863s][info][gc,stats    ] Pause Final Mark (N)                603 us
[2026-04-03T02:31:17.004+0600][46.864s][info][gc,stats    ]   Finish Mark                       196 us
[2026-04-03T02:31:17.004+0600][46.864s][info][gc,stats    ]   Update Region States               57 us
[2026-04-03T02:31:17.004+0600][46.864s][info][gc,stats    ]   Choose Collection Set             198 us
[2026-04-03T02:31:17.004+0600][46.864s][info][gc,stats    ]   Rebuild Free Set                   30 us
[2026-04-03T02:31:17.004+0600][46.864s][info][gc,stats    ] Concurrent Thread Roots            1037 us, parallelism: 1.94x
[2026-04-03T02:31:17.004+0600][46.864s][info][gc,stats    ]   CTR: <total>                     2016 us
[2026-04-03T02:31:17.004+0600][46.864s][info][gc,stats    ]   CTR: Thread Roots                2016 us, workers (us): 671, 682, 664, ---, ---, ---, 
[2026-04-03T02:31:17.004+0600][46.864s][info][gc,stats    ] Concurrent Weak References         1232 us, parallelism: 0.74x
[2026-04-03T02:31:17.004+0600][46.864s][info][gc,stats    ]   CWRF: <total>                     907 us
[2026-04-03T02:31:17.004+0600][46.864s][info][gc,stats    ]   CWRF: Weak References             907 us, workers (us):  35,  29, 844, ---, ---, ---, 
[2026-04-03T02:31:17.004+0600][46.864s][info][gc,stats    ] Concurrent Weak Roots              4089 us
[2026-04-03T02:31:17.004+0600][46.864s][info][gc,stats    ]   Roots                            3635 us, parallelism: 2.68x
[2026-04-03T02:31:17.004+0600][46.864s][info][gc,stats    ]     CWR: <total>                   9730 us
[2026-04-03T02:31:17.004+0600][46.864s][info][gc,stats    ]     CWR: Code Cache Roots          7873 us, workers (us): 2456, 2675, 2742, ---, ---, ---, 
[2026-04-03T02:31:17.004+0600][46.864s][info][gc,stats    ]     CWR: VM Weak Roots             1761 us, workers (us): 600, 601, 560, ---, ---, ---, 
[2026-04-03T02:31:17.004+0600][46.864s][info][gc,stats    ]     CWR: CLDG Roots                  96 us, workers (us):  96, ---, ---, ---, ---, ---, 
[2026-04-03T02:31:17.004+0600][46.864s][info][gc,stats    ]   Rendezvous                        314 us
[2026-04-03T02:31:17.004+0600][46.864s][info][gc,stats    ] Concurrent Cleanup                  646 us
[2026-04-03T02:31:17.004+0600][46.864s][info][gc,stats    ] Concurrent Class Unloading        27181 us
[2026-04-03T02:31:17.004+0600][46.864s][info][gc,stats    ]   Unlink Stale                    21441 us
[2026-04-03T02:31:17.004+0600][46.864s][info][gc,stats    ]     System Dictionary               277 us
[2026-04-03T02:31:17.004+0600][46.864s][info][gc,stats    ]     Weak Class Links                  0 us
[2026-04-03T02:31:17.005+0600][46.864s][info][gc,stats    ]     Code Roots                    21160 us
[2026-04-03T02:31:17.005+0600][46.864s][info][gc,stats    ]   Rendezvous                        449 us
[2026-04-03T02:31:17.005+0600][46.864s][info][gc,stats    ]   Purge Unlinked                   5126 us
[2026-04-03T02:31:17.005+0600][46.864s][info][gc,stats    ]     Code Roots                     5099 us
[2026-04-03T02:31:17.005+0600][46.864s][info][gc,stats    ]     CLDG                             25 us
[2026-04-03T02:31:17.005+0600][46.864s][info][gc,stats    ]     Exception Caches                  1 us
[2026-04-03T02:31:17.005+0600][46.864s][info][gc,stats    ] Concurrent Strong Roots            1951 us, parallelism: 0.57x
[2026-04-03T02:31:17.005+0600][46.864s][info][gc,stats    ]   CSR: <total>                     1121 us
[2026-04-03T02:31:17.005+0600][46.864s][info][gc,stats    ]   CSR: VM Strong Roots               88 us, workers (us):  54,  34,   0, ---, ---, ---, 
[2026-04-03T02:31:17.005+0600][46.864s][info][gc,stats    ]   CSR: CLDG Roots                  1033 us, workers (us): ---, 1033, ---, ---, ---, ---, 
[2026-04-03T02:31:17.005+0600][46.864s][info][gc,stats    ] Concurrent Evacuation              5295 us
[2026-04-03T02:31:17.005+0600][46.864s][info][gc,stats    ] Pause Init Update Refs (G)          599 us
[2026-04-03T02:31:17.005+0600][46.864s][info][gc,stats    ] Pause Init Update Refs (N)          156 us
[2026-04-03T02:31:17.005+0600][46.864s][info][gc,stats    ]   Manage GCLABs                      39 us
[2026-04-03T02:31:17.005+0600][46.864s][info][gc,stats    ] Concurrent Update Refs            46273 us
[2026-04-03T02:31:17.005+0600][46.864s][info][gc,stats    ] Concurrent Update Thread Roots     1365 us
[2026-04-03T02:31:17.005+0600][46.864s][info][gc,stats    ] Pause Final Update Refs (G)         453 us
[2026-04-03T02:31:17.005+0600][46.864s][info][gc,stats    ] Pause Final Update Refs (N)         213 us
[2026-04-03T02:31:17.005+0600][46.864s][info][gc,stats    ]   Update Region States               52 us
[2026-04-03T02:31:17.005+0600][46.864s][info][gc,stats    ]   Trash Collection Set               20 us
[2026-04-03T02:31:17.005+0600][46.864s][info][gc,stats    ]   Rebuild Free Set                   44 us
[2026-04-03T02:31:17.005+0600][46.864s][info][gc,stats    ] Concurrent Cleanup                  584 us
[2026-04-03T02:31:17.005+0600][46.864s][info][gc,stats    ] Pacing                           181391 us
[2026-04-03T02:31:17.005+0600][46.864s][info][gc,stats    ] 
[2026-04-03T02:31:17.005+0600][46.864s][info][gc,stats    ] Allocation pacing accrued:
[2026-04-03T02:31:17.005+0600][46.864s][info][gc,stats    ]      11 of   847 ms (  1.3%): Spark Context Cleaner
[2026-04-03T02:31:17.005+0600][46.864s][info][gc,stats    ]      21 of   847 ms (  2.5%): Executor task launch worker for task 0.0 in stage 1343.0 (TID 2513)
[2026-04-03T02:31:17.005+0600][46.864s][info][gc,stats    ]      21 of   847 ms (  2.5%): Executor task launch worker for task 7.0 in stage 1343.0 (TID 2520)
[2026-04-03T02:31:17.005+0600][46.864s][info][gc,stats    ]      21 of   847 ms (  2.5%): Executor task launch worker for task 6.0 in stage 1343.0 (TID 2519)
[2026-04-03T02:31:17.005+0600][46.864s][info][gc,stats    ]      21 of   847 ms (  2.5%): Executor task launch worker for task 3.0 in stage 1343.0 (TID 2516)
[2026-04-03T02:31:17.005+0600][46.864s][info][gc,stats    ]      21 of   847 ms (  2.5%): Executor task launch worker for task 5.0 in stage 1343.0 (TID 2518)
[2026-04-03T02:31:17.005+0600][46.864s][info][gc,stats    ]      21 of   847 ms (  2.5%): Executor task launch worker for task 4.0 in stage 1343.0 (TID 2517)
[2026-04-03T02:31:17.005+0600][46.864s][info][gc,stats    ]      21 of   847 ms (  2.5%): Executor task launch worker for task 2.0 in stage 1343.0 (TID 2515)
[2026-04-03T02:31:17.005+0600][46.864s][info][gc,stats    ]      21 of   847 ms (  2.5%): Executor task launch worker for task 1.0 in stage 1343.0 (TID 2514)
[2026-04-03T02:31:17.005+0600][46.864s][info][gc,stats    ]     181 of   847 ms ( 21.4%): <total>
[2026-04-03T02:31:17.005+0600][46.864s][info][gc,stats    ]       1 of   847 ms (  0.1%): <average total>
[2026-04-03T02:31:17.005+0600][46.864s][info][gc,stats    ]      20 of   847 ms (  2.4%): <average non-zero>
[2026-04-03T02:31:17.005+0600][46.864s][info][gc,stats    ] 
[2026-04-03T02:31:17.005+0600][46.864s][info][gc,metaspace] Metaspace: 130740K(131968K)->130751K(131968K) NonClass: 114307K(114944K)->114318K(114944K) Class: 16433K(17024K)->16433K(17024K)
[2026-04-03T02:31:17.005+0600][46.864s][info][gc,ergo     ] Pacer for Idle. Initial: 25600K, Alloc Tax Rate: 1.0x
[2026-04-03T02:31:17.308+0600][47.167s][info][gc          ] Trigger: Average GC time (178.53 ms) is above the time for average allocation rate (2577 MB/s) to deplete free headroom (270M) (margin of error = 1.87)
[2026-04-03T02:31:17.308+0600][47.167s][info][gc,ergo     ] Free headroom: 332M (free) - 64000K (spike) - 0B (penalties) = 270M
[2026-04-03T02:31:17.308+0600][47.167s][info][gc,ergo     ] Free: 332M, Max: 512K regular, 172M humongous, Frag: 49% external, 0% internal; Reserve: 64000K, Max: 512K
[2026-04-03T02:31:17.308+0600][47.167s][info][gc,start    ] GC(36) Concurrent reset
[2026-04-03T02:31:17.308+0600][47.167s][info][gc,task     ] GC(36) Using 3 of 6 workers for concurrent reset
[2026-04-03T02:31:17.308+0600][47.167s][info][gc,ergo     ] GC(36) Pacer for Reset. Non-Taxable: 1250M
[2026-04-03T02:31:17.309+0600][47.168s][info][gc          ] GC(36) Concurrent reset 0.847ms
[2026-04-03T02:31:17.309+0600][47.168s][info][gc,start    ] GC(36) Pause Init Mark (unload classes)
[2026-04-03T02:31:17.309+0600][47.168s][info][gc,task     ] GC(36) Using 6 of 6 workers for init marking
[2026-04-03T02:31:17.309+0600][47.168s][info][gc,ergo     ] GC(36) Pacer for Mark. Expected Live: 91601K, Free: 332M, Non-Taxable: 34026K, Alloc Tax Rate: 0.3x
[2026-04-03T02:31:17.309+0600][47.168s][info][gc          ] GC(36) Pause Init Mark (unload classes) 0.153ms
[2026-04-03T02:31:17.309+0600][47.168s][info][gc,start    ] GC(36) Concurrent marking roots
[2026-04-03T02:31:17.309+0600][47.168s][info][gc,task     ] GC(36) Using 3 of 6 workers for concurrent marking roots
[2026-04-03T02:31:17.310+0600][47.170s][info][gc          ] GC(36) Concurrent marking roots 1.147ms
[2026-04-03T02:31:17.310+0600][47.170s][info][gc,start    ] GC(36) Concurrent marking (unload classes)
[2026-04-03T02:31:17.310+0600][47.170s][info][gc,task     ] GC(36) Using 3 of 6 workers for concurrent marking
[2026-04-03T02:31:17.362+0600][47.221s][info][gc          ] GC(36) Concurrent marking (unload classes) 51.652ms
[2026-04-03T02:31:17.378+0600][47.237s][info][gc,start    ] GC(36) Pause Final Mark (unload classes)
[2026-04-03T02:31:17.378+0600][47.238s][info][gc,task     ] GC(36) Using 6 of 6 workers for final marking
[2026-04-03T02:31:17.378+0600][47.238s][info][gc,ergo     ] GC(36) Adaptive CSet Selection. Target Free: 177M, Actual Free: 921M, Max CSet: 53333K, Min Garbage: 0B
[2026-04-03T02:31:17.379+0600][47.238s][info][gc,ergo     ] GC(36) Collectable Garbage: 694M (98%), Immediate: 604M (85%), CSet: 92753K (12%)
[2026-04-03T02:31:17.379+0600][47.238s][info][gc,ergo     ] GC(36) Pacer for Evacuation. Used CSet: 97772K, Free: 920M, Non-Taxable: 94293K, Alloc Tax Rate: 1.1x
[2026-04-03T02:31:17.379+0600][47.238s][info][gc          ] GC(36) Pause Final Mark (unload classes) 0.483ms
[2026-04-03T02:31:17.379+0600][47.238s][info][gc,start    ] GC(36) Concurrent thread roots
[2026-04-03T02:31:17.379+0600][47.238s][info][gc,task     ] GC(36) Using 3 of 6 workers for Concurrent thread roots
[2026-04-03T02:31:17.383+0600][47.242s][info][gc          ] GC(36) Concurrent thread roots 4.116ms
[2026-04-03T02:31:17.383+0600][47.242s][info][gc,start    ] GC(36) Concurrent weak references
[2026-04-03T02:31:17.383+0600][47.242s][info][gc,task     ] GC(36) Using 3 of 6 workers for concurrent weak references
[2026-04-03T02:31:17.383+0600][47.243s][info][gc,ref      ] GC(36) Encountered references: Soft: 3865, Weak: 15288, Final: 84, Phantom: 621
[2026-04-03T02:31:17.383+0600][47.243s][info][gc,ref      ] GC(36) Discovered  references: Soft: 0, Weak: 4974, Final: 84, Phantom: 616
[2026-04-03T02:31:17.383+0600][47.243s][info][gc,ref      ] GC(36) Enqueued    references: Soft: 0, Weak: 799, Final: 0, Phantom: 0
[2026-04-03T02:31:17.383+0600][47.243s][info][gc          ] GC(36) Concurrent weak references 0.460ms
[2026-04-03T02:31:17.383+0600][47.243s][info][gc,start    ] GC(36) Concurrent weak roots
[2026-04-03T02:31:17.383+0600][47.243s][info][gc,task     ] GC(36) Using 3 of 6 workers for concurrent weak root
[2026-04-03T02:31:17.388+0600][47.247s][info][gc          ] GC(36) Concurrent weak roots 4.292ms
[2026-04-03T02:31:17.388+0600][47.247s][info][gc,start    ] GC(36) Concurrent cleanup
[2026-04-03T02:31:17.388+0600][47.248s][info][gc          ] GC(36) Concurrent cleanup 944M->339M(1078M) 0.496ms
[2026-04-03T02:31:17.388+0600][47.248s][info][gc,ergo     ] GC(36) Free: 829M, Max: 512K regular, 250M humongous, Frag: 70% external, 0% internal; Reserve: 63330K, Max: 512K
[2026-04-03T02:31:17.388+0600][47.248s][info][gc,start    ] GC(36) Concurrent class unloading
[2026-04-03T02:31:17.388+0600][47.248s][info][gc,task     ] GC(36) Using 3 of 6 workers for concurrent class unloading
[2026-04-03T02:31:17.400+0600][47.260s][info][gc          ] GC(36) Concurrent class unloading 12.114ms
[2026-04-03T02:31:17.400+0600][47.260s][info][gc,start    ] GC(36) Concurrent strong roots
[2026-04-03T02:31:17.400+0600][47.260s][info][gc,task     ] GC(36) Using 3 of 6 workers for concurrent strong root
[2026-04-03T02:31:17.402+0600][47.261s][info][gc          ] GC(36) Concurrent strong roots 1.088ms
[2026-04-03T02:31:17.402+0600][47.261s][info][gc,start    ] GC(36) Concurrent evacuation
[2026-04-03T02:31:17.402+0600][47.261s][info][gc,task     ] GC(36) Using 3 of 6 workers for concurrent evacuation
[2026-04-03T02:31:17.403+0600][47.263s][info][gc          ] GC(36) Concurrent evacuation 1.760ms
[2026-04-03T02:31:17.404+0600][47.263s][info][gc,start    ] GC(36) Pause Init Update Refs
[2026-04-03T02:31:17.404+0600][47.263s][info][gc,ergo     ] GC(36) Pacer for Update Refs. Used: 357M, Free: 815M, Non-Taxable: 83483K, Alloc Tax Rate: 1.1x
[2026-04-03T02:31:17.404+0600][47.263s][info][gc          ] GC(36) Pause Init Update Refs 0.127ms
[2026-04-03T02:31:17.404+0600][47.263s][info][gc,start    ] GC(36) Concurrent update references
[2026-04-03T02:31:17.404+0600][47.263s][info][gc,task     ] GC(36) Using 3 of 6 workers for concurrent reference update
[2026-04-03T02:31:17.447+0600][47.306s][info][gc          ] GC(36) Concurrent update references 43.018ms
[2026-04-03T02:31:17.447+0600][47.306s][info][gc,start    ] GC(36) Concurrent update thread roots
[2026-04-03T02:31:17.449+0600][47.308s][info][gc          ] GC(36) Concurrent update thread roots 1.930ms
[2026-04-03T02:31:17.449+0600][47.309s][info][gc,start    ] GC(36) Pause Final Update Refs
[2026-04-03T02:31:17.449+0600][47.309s][info][gc,task     ] GC(36) Using 6 of 6 workers for final reference update
[2026-04-03T02:31:17.449+0600][47.309s][info][gc          ] GC(36) Pause Final Update Refs 0.167ms
[2026-04-03T02:31:17.450+0600][47.309s][info][gc,start    ] GC(36) Concurrent cleanup
[2026-04-03T02:31:17.450+0600][47.310s][info][gc          ] GC(36) Concurrent cleanup 492M->397M(1078M) 0.612ms
[2026-04-03T02:31:17.450+0600][47.310s][info][gc,ergo     ] Free: 753M, Max: 512K regular, 355M humongous, Frag: 53% external, 0% internal; Reserve: 64000K, Max: 512K
[2026-04-03T02:31:17.450+0600][47.310s][info][gc,stats    ] 
[2026-04-03T02:31:17.450+0600][47.310s][info][gc,stats    ] All times are wall-clock times, except per-root-class counters, that are sum over
[2026-04-03T02:31:17.450+0600][47.310s][info][gc,stats    ] all workers. Dividing the <total> over the root stage time estimates parallelism.
[2026-04-03T02:31:17.450+0600][47.310s][info][gc,stats    ] 
[2026-04-03T02:31:17.450+0600][47.310s][info][gc,stats    ] Concurrent Reset                    886 us
[2026-04-03T02:31:17.450+0600][47.310s][info][gc,stats    ] Pause Init Mark (G)                 323 us
[2026-04-03T02:31:17.451+0600][47.310s][info][gc,stats    ] Pause Init Mark (N)                 165 us
[2026-04-03T02:31:17.451+0600][47.310s][info][gc,stats    ]   Update Region States               27 us
[2026-04-03T02:31:17.451+0600][47.310s][info][gc,stats    ] Concurrent Mark Roots              1230 us, parallelism: 1.79x
[2026-04-03T02:31:17.451+0600][47.310s][info][gc,stats    ]   CMR: <total>                     2206 us
[2026-04-03T02:31:17.451+0600][47.310s][info][gc,stats    ]   CMR: Thread Roots                1775 us, workers (us): 346, 726, 703, ---, ---, ---, 
[2026-04-03T02:31:17.451+0600][47.310s][info][gc,stats    ]   CMR: VM Strong Roots               41 us, workers (us):  40,   1,   0, ---, ---, ---, 
[2026-04-03T02:31:17.451+0600][47.310s][info][gc,stats    ]   CMR: CLDG Roots                   391 us, workers (us): 391, ---, ---, ---, ---, ---, 
[2026-04-03T02:31:17.451+0600][47.310s][info][gc,stats    ] Concurrent Marking                67548 us
[2026-04-03T02:31:17.451+0600][47.310s][info][gc,stats    ] Pause Final Mark (G)                816 us
[2026-04-03T02:31:17.451+0600][47.310s][info][gc,stats    ] Pause Final Mark (N)                491 us
[2026-04-03T02:31:17.451+0600][47.310s][info][gc,stats    ]   Finish Mark                       180 us
[2026-04-03T02:31:17.451+0600][47.310s][info][gc,stats    ]   Update Region States               48 us
[2026-04-03T02:31:17.451+0600][47.310s][info][gc,stats    ]   Choose Collection Set             115 us
[2026-04-03T02:31:17.451+0600][47.310s][info][gc,stats    ]   Rebuild Free Set                   27 us
[2026-04-03T02:31:17.451+0600][47.310s][info][gc,stats    ] Concurrent Thread Roots            4189 us, parallelism: 1.31x
[2026-04-03T02:31:17.451+0600][47.310s][info][gc,stats    ]   CTR: <total>                     5482 us
[2026-04-03T02:31:17.451+0600][47.310s][info][gc,stats    ]   CTR: Thread Roots                5482 us, workers (us): 885, 823, 3775, ---, ---, ---, 
[2026-04-03T02:31:17.451+0600][47.310s][info][gc,stats    ] Concurrent Weak References          469 us, parallelism: 1.80x
[2026-04-03T02:31:17.451+0600][47.310s][info][gc,stats    ]   CWRF: <total>                     842 us
[2026-04-03T02:31:17.451+0600][47.310s][info][gc,stats    ]   CWRF: Weak References             842 us, workers (us): 292, 261, 290, ---, ---, ---, 
[2026-04-03T02:31:17.451+0600][47.310s][info][gc,stats    ] Concurrent Weak Roots              4376 us
[2026-04-03T02:31:17.451+0600][47.310s][info][gc,stats    ]   Roots                            3881 us, parallelism: 2.61x
[2026-04-03T02:31:17.451+0600][47.310s][info][gc,stats    ]     CWR: <total>                  10138 us
[2026-04-03T02:31:17.451+0600][47.310s][info][gc,stats    ]     CWR: Code Cache Roots          8091 us, workers (us): 2794, 2614, 2683, ---, ---, ---, 
[2026-04-03T02:31:17.451+0600][47.310s][info][gc,stats    ]     CWR: VM Weak Roots             1929 us, workers (us): 661, 655, 614, ---, ---, ---, 
[2026-04-03T02:31:17.451+0600][47.310s][info][gc,stats    ]     CWR: CLDG Roots                 118 us, workers (us): ---, 118, ---, ---, ---, ---, 
[2026-04-03T02:31:17.451+0600][47.310s][info][gc,stats    ]   Rendezvous                        392 us
[2026-04-03T02:31:17.451+0600][47.310s][info][gc,stats    ] Concurrent Cleanup                  510 us
[2026-04-03T02:31:17.451+0600][47.310s][info][gc,stats    ] Concurrent Class Unloading        12188 us
[2026-04-03T02:31:17.451+0600][47.310s][info][gc,stats    ]   Unlink Stale                    11003 us
[2026-04-03T02:31:17.451+0600][47.310s][info][gc,stats    ]     System Dictionary               167 us
[2026-04-03T02:31:17.451+0600][47.310s][info][gc,stats    ]     Weak Class Links                  0 us
[2026-04-03T02:31:17.451+0600][47.310s][info][gc,stats    ]     Code Roots                    10832 us
[2026-04-03T02:31:17.451+0600][47.310s][info][gc,stats    ]   Rendezvous                        312 us
[2026-04-03T02:31:17.451+0600][47.310s][info][gc,stats    ]   Purge Unlinked                    777 us
[2026-04-03T02:31:17.451+0600][47.310s][info][gc,stats    ]     Code Roots                      762 us
[2026-04-03T02:31:17.451+0600][47.310s][info][gc,stats    ]     CLDG                             14 us
[2026-04-03T02:31:17.451+0600][47.310s][info][gc,stats    ]     Exception Caches                  0 us
[2026-04-03T02:31:17.451+0600][47.310s][info][gc,stats    ] Concurrent Strong Roots            1134 us, parallelism: 0.54x
[2026-04-03T02:31:17.451+0600][47.310s][info][gc,stats    ]   CSR: <total>                      614 us
[2026-04-03T02:31:17.451+0600][47.310s][info][gc,stats    ]   CSR: VM Strong Roots               73 us, workers (us):  72,   1,   0, ---, ---, ---, 
[2026-04-03T02:31:17.451+0600][47.310s][info][gc,stats    ]   CSR: CLDG Roots                   541 us, workers (us): 541, ---, ---, ---, ---, ---, 
[2026-04-03T02:31:17.451+0600][47.310s][info][gc,stats    ] Concurrent Evacuation              1808 us
[2026-04-03T02:31:17.451+0600][47.310s][info][gc,stats    ] Pause Init Update Refs (G)          447 us
[2026-04-03T02:31:17.451+0600][47.310s][info][gc,stats    ] Pause Init Update Refs (N)          158 us
[2026-04-03T02:31:17.451+0600][47.310s][info][gc,stats    ]   Manage GCLABs                      55 us
[2026-04-03T02:31:17.451+0600][47.310s][info][gc,stats    ] Concurrent Update Refs            43130 us
[2026-04-03T02:31:17.451+0600][47.311s][info][gc,stats    ] Concurrent Update Thread Roots     2026 us
[2026-04-03T02:31:17.451+0600][47.311s][info][gc,stats    ] Pause Final Update Refs (G)         584 us
[2026-04-03T02:31:17.451+0600][47.311s][info][gc,stats    ] Pause Final Update Refs (N)         194 us
[2026-04-03T02:31:17.451+0600][47.311s][info][gc,stats    ]   Update Region States               49 us
[2026-04-03T02:31:17.451+0600][47.311s][info][gc,stats    ]   Trash Collection Set               14 us
[2026-04-03T02:31:17.451+0600][47.311s][info][gc,stats    ]   Rebuild Free Set                   38 us
[2026-04-03T02:31:17.451+0600][47.311s][info][gc,stats    ] Concurrent Cleanup                  658 us
[2026-04-03T02:31:17.451+0600][47.311s][info][gc,stats    ] Pacing                           258246 us
[2026-04-03T02:31:17.451+0600][47.311s][info][gc,stats    ] 
[2026-04-03T02:31:17.451+0600][47.311s][info][gc,stats    ] Allocation pacing accrued:
[2026-04-03T02:31:17.451+0600][47.311s][info][gc,stats    ]      10 of   446 ms (  2.3%): dispatcher-BlockManagerMaster
[2026-04-03T02:31:17.451+0600][47.311s][info][gc,stats    ]      10 of   446 ms (  2.3%): netty-rpc-env-timeout
[2026-04-03T02:31:17.451+0600][47.311s][info][gc,stats    ]      22 of   446 ms (  5.0%): Spark Context Cleaner
[2026-04-03T02:31:17.451+0600][47.311s][info][gc,stats    ]      54 of   446 ms ( 12.1%): Executor task launch worker for task 2.0 in stage 1360.0 (TID 2553)
[2026-04-03T02:31:17.451+0600][47.311s][info][gc,stats    ]      54 of   446 ms ( 12.2%): Executor task launch worker for task 1.0 in stage 1360.0 (TID 2552)
[2026-04-03T02:31:17.451+0600][47.311s][info][gc,stats    ]      54 of   446 ms ( 12.0%): Executor task launch worker for task 3.0 in stage 1360.0 (TID 2554)
[2026-04-03T02:31:17.451+0600][47.311s][info][gc,stats    ]      54 of   446 ms ( 12.1%): Executor task launch worker for task 0.0 in stage 1360.0 (TID 2551)
[2026-04-03T02:31:17.451+0600][47.311s][info][gc,stats    ]     258 of   446 ms ( 57.8%): <total>
[2026-04-03T02:31:17.451+0600][47.311s][info][gc,stats    ]       1 of   446 ms (  0.2%): <average total>
[2026-04-03T02:31:17.451+0600][47.311s][info][gc,stats    ]      37 of   446 ms (  8.3%): <average non-zero>
[2026-04-03T02:31:17.451+0600][47.311s][info][gc,stats    ] 
[2026-04-03T02:31:17.452+0600][47.311s][info][gc,metaspace] Metaspace: 130752K(131968K)->130760K(131968K) NonClass: 114319K(114944K)->114327K(114944K) Class: 16433K(17024K)->16433K(17024K)
[2026-04-03T02:31:17.452+0600][47.311s][info][gc,ergo     ] Pacer for Idle. Initial: 25600K, Alloc Tax Rate: 1.0x
[2026-04-03T02:31:18.057+0600][47.916s][info][gc          ] Trigger: Average GC time (171.65 ms) is above the time for average allocation rate (1097 MB/s) to deplete free headroom (169M) (margin of error = 1.88)
[2026-04-03T02:31:18.057+0600][47.916s][info][gc,ergo     ] Free headroom: 231M (free) - 64000K (spike) - 0B (penalties) = 169M
[2026-04-03T02:31:18.057+0600][47.916s][info][gc,ergo     ] Free: 231M, Max: 512K regular, 159M humongous, Frag: 31% external, 0% internal; Reserve: 64000K, Max: 512K
[2026-04-03T02:31:18.057+0600][47.916s][info][gc,start    ] GC(37) Concurrent reset
[2026-04-03T02:31:18.057+0600][47.916s][info][gc,task     ] GC(37) Using 3 of 6 workers for concurrent reset
[2026-04-03T02:31:18.057+0600][47.916s][info][gc,ergo     ] GC(37) Pacer for Reset. Non-Taxable: 1250M
[2026-04-03T02:31:18.058+0600][47.917s][info][gc          ] GC(37) Concurrent reset 0.912ms
[2026-04-03T02:31:18.058+0600][47.917s][info][gc,start    ] GC(37) Pause Init Mark (unload classes)
[2026-04-03T02:31:18.058+0600][47.918s][info][gc,task     ] GC(37) Using 6 of 6 workers for init marking
[2026-04-03T02:31:18.058+0600][47.918s][info][gc,ergo     ] GC(37) Pacer for Mark. Expected Live: 91995K, Free: 231M, Non-Taxable: 23707K, Alloc Tax Rate: 0.5x
[2026-04-03T02:31:18.058+0600][47.918s][info][gc          ] GC(37) Pause Init Mark (unload classes) 0.129ms
[2026-04-03T02:31:18.058+0600][47.918s][info][gc,start    ] GC(37) Concurrent marking roots
[2026-04-03T02:31:18.058+0600][47.918s][info][gc,task     ] GC(37) Using 3 of 6 workers for concurrent marking roots
[2026-04-03T02:31:18.060+0600][47.919s][info][gc          ] GC(37) Concurrent marking roots 1.375ms
[2026-04-03T02:31:18.060+0600][47.919s][info][gc,start    ] GC(37) Concurrent marking (unload classes)
[2026-04-03T02:31:18.060+0600][47.919s][info][gc,task     ] GC(37) Using 3 of 6 workers for concurrent marking
[2026-04-03T02:31:18.112+0600][47.972s][info][gc          ] GC(37) Concurrent marking (unload classes) 52.504ms
[2026-04-03T02:31:18.113+0600][47.972s][info][gc,start    ] GC(37) Pause Final Mark (unload classes)
[2026-04-03T02:31:18.113+0600][47.972s][info][gc,task     ] GC(37) Using 6 of 6 workers for final marking
[2026-04-03T02:31:18.113+0600][47.972s][info][gc,ergo     ] GC(37) Adaptive CSet Selection. Target Free: 177M, Actual Free: 860M, Max CSet: 53333K, Min Garbage: 0B
[2026-04-03T02:31:18.113+0600][47.972s][info][gc,ergo     ] GC(37) Collectable Garbage: 780M (98%), Immediate: 603M (76%), CSet: 177M (22%)
[2026-04-03T02:31:18.113+0600][47.973s][info][gc,ergo     ] GC(37) Pacer for Evacuation. Used CSet: 184M, Free: 876M, Non-Taxable: 89782K, Alloc Tax Rate: 1.1x
[2026-04-03T02:31:18.113+0600][47.973s][info][gc          ] GC(37) Pause Final Mark (unload classes) 0.763ms
[2026-04-03T02:31:18.113+0600][47.973s][info][gc,start    ] GC(37) Concurrent thread roots
[2026-04-03T02:31:18.113+0600][47.973s][info][gc,task     ] GC(37) Using 3 of 6 workers for Concurrent thread roots
[2026-04-03T02:31:18.114+0600][47.974s][info][gc          ] GC(37) Concurrent thread roots 0.952ms
[2026-04-03T02:31:18.114+0600][47.974s][info][gc,start    ] GC(37) Concurrent weak references
[2026-04-03T02:31:18.114+0600][47.974s][info][gc,task     ] GC(37) Using 3 of 6 workers for concurrent weak references
[2026-04-03T02:31:18.115+0600][47.975s][info][gc,ref      ] GC(37) Encountered references: Soft: 3865, Weak: 15350, Final: 84, Phantom: 621
[2026-04-03T02:31:18.115+0600][47.975s][info][gc,ref      ] GC(37) Discovered  references: Soft: 0, Weak: 7203, Final: 0, Phantom: 616
[2026-04-03T02:31:18.115+0600][47.975s][info][gc,ref      ] GC(37) Enqueued    references: Soft: 0, Weak: 404, Final: 0, Phantom: 0
[2026-04-03T02:31:18.115+0600][47.975s][info][gc          ] GC(37) Concurrent weak references 0.898ms
[2026-04-03T02:31:18.115+0600][47.975s][info][gc,start    ] GC(37) Concurrent weak roots
[2026-04-03T02:31:18.115+0600][47.975s][info][gc,task     ] GC(37) Using 3 of 6 workers for concurrent weak root
[2026-04-03T02:31:18.120+0600][47.979s][info][gc          ] GC(37) Concurrent weak roots 4.766ms
[2026-04-03T02:31:18.120+0600][47.979s][info][gc,start    ] GC(37) Concurrent cleanup
[2026-04-03T02:31:18.121+0600][47.980s][info][gc          ] GC(37) Concurrent cleanup 920M->317M(1078M) 0.499ms
[2026-04-03T02:31:18.121+0600][47.980s][info][gc,ergo     ] GC(37) Free: 864M, Max: 512K regular, 255M humongous, Frag: 71% external, 0% internal; Reserve: 63539K, Max: 512K
[2026-04-03T02:31:18.121+0600][47.980s][info][gc,start    ] GC(37) Concurrent class unloading
[2026-04-03T02:31:18.121+0600][47.980s][info][gc,task     ] GC(37) Using 3 of 6 workers for concurrent class unloading
[2026-04-03T02:31:18.136+0600][47.996s][info][gc          ] GC(37) Concurrent class unloading 15.432ms
[2026-04-03T02:31:18.136+0600][47.996s][info][gc,start    ] GC(37) Concurrent strong roots
[2026-04-03T02:31:18.136+0600][47.996s][info][gc,task     ] GC(37) Using 3 of 6 workers for concurrent strong root
[2026-04-03T02:31:18.137+0600][47.997s][info][gc          ] GC(37) Concurrent strong roots 1.152ms
[2026-04-03T02:31:18.138+0600][47.997s][info][gc,start    ] GC(37) Concurrent evacuation
[2026-04-03T02:31:18.138+0600][47.997s][info][gc,task     ] GC(37) Using 3 of 6 workers for concurrent evacuation
[2026-04-03T02:31:18.143+0600][48.002s][info][gc          ] GC(37) Concurrent evacuation 5.117ms
[2026-04-03T02:31:18.143+0600][48.002s][info][gc,start    ] GC(37) Pause Init Update Refs
[2026-04-03T02:31:18.143+0600][48.002s][info][gc,ergo     ] GC(37) Pacer for Update Refs. Used: 335M, Free: 853M, Non-Taxable: 87424K, Alloc Tax Rate: 1.1x
[2026-04-03T02:31:18.143+0600][48.002s][info][gc          ] GC(37) Pause Init Update Refs 0.119ms
[2026-04-03T02:31:18.143+0600][48.003s][info][gc,start    ] GC(37) Concurrent update references
[2026-04-03T02:31:18.143+0600][48.003s][info][gc,task     ] GC(37) Using 3 of 6 workers for concurrent reference update
[2026-04-03T02:31:18.192+0600][48.051s][info][gc          ] GC(37) Concurrent update references 48.798ms
[2026-04-03T02:31:18.192+0600][48.051s][info][gc,start    ] GC(37) Concurrent update thread roots
[2026-04-03T02:31:18.194+0600][48.053s][info][gc          ] GC(37) Concurrent update thread roots 1.900ms
[2026-04-03T02:31:18.194+0600][48.054s][info][gc,start    ] GC(37) Pause Final Update Refs
[2026-04-03T02:31:18.194+0600][48.054s][info][gc,task     ] GC(37) Using 6 of 6 workers for final reference update
[2026-04-03T02:31:18.195+0600][48.054s][info][gc          ] GC(37) Pause Final Update Refs 0.216ms
[2026-04-03T02:31:18.195+0600][48.054s][info][gc,start    ] GC(37) Concurrent cleanup
[2026-04-03T02:31:18.195+0600][48.055s][info][gc          ] GC(37) Concurrent cleanup 378M->193M(1078M) 0.637ms
[2026-04-03T02:31:18.195+0600][48.055s][info][gc,ergo     ] Free: 981M, Max: 512K regular, 335M humongous, Frag: 66% external, 0% internal; Reserve: 64000K, Max: 512K
[2026-04-03T02:31:18.196+0600][48.055s][info][gc,stats    ] 
[2026-04-03T02:31:18.196+0600][48.055s][info][gc,stats    ] All times are wall-clock times, except per-root-class counters, that are sum over
[2026-04-03T02:31:18.196+0600][48.055s][info][gc,stats    ] all workers. Dividing the <total> over the root stage time estimates parallelism.
[2026-04-03T02:31:18.196+0600][48.055s][info][gc,stats    ] 
[2026-04-03T02:31:18.196+0600][48.055s][info][gc,stats    ] Concurrent Reset                    983 us
[2026-04-03T02:31:18.196+0600][48.055s][info][gc,stats    ] Pause Init Mark (G)                 447 us
[2026-04-03T02:31:18.196+0600][48.055s][info][gc,stats    ] Pause Init Mark (N)                 138 us
[2026-04-03T02:31:18.196+0600][48.055s][info][gc,stats    ]   Update Region States               28 us
[2026-04-03T02:31:18.196+0600][48.055s][info][gc,stats    ] Concurrent Mark Roots              1402 us, parallelism: 1.75x
[2026-04-03T02:31:18.196+0600][48.055s][info][gc,stats    ]   CMR: <total>                     2455 us
[2026-04-03T02:31:18.196+0600][48.055s][info][gc,stats    ]   CMR: Thread Roots                2171 us, workers (us): 572, 803, 797, ---, ---, ---, 
[2026-04-03T02:31:18.196+0600][48.055s][info][gc,stats    ]   CMR: VM Strong Roots               38 us, workers (us):  36,   1,   1, ---, ---, ---, 
[2026-04-03T02:31:18.196+0600][48.055s][info][gc,stats    ]   CMR: CLDG Roots                   246 us, workers (us): 246, ---, ---, ---, ---, ---, 
[2026-04-03T02:31:18.196+0600][48.055s][info][gc,stats    ] Concurrent Marking                52566 us
[2026-04-03T02:31:18.196+0600][48.055s][info][gc,stats    ] Pause Final Mark (G)               1051 us
[2026-04-03T02:31:18.196+0600][48.055s][info][gc,stats    ] Pause Final Mark (N)                774 us
[2026-04-03T02:31:18.196+0600][48.055s][info][gc,stats    ]   Finish Mark                       370 us
[2026-04-03T02:31:18.196+0600][48.055s][info][gc,stats    ]   Update Region States               34 us
[2026-04-03T02:31:18.196+0600][48.055s][info][gc,stats    ]   Choose Collection Set             216 us
[2026-04-03T02:31:18.196+0600][48.055s][info][gc,stats    ]   Rebuild Free Set                   34 us
[2026-04-03T02:31:18.196+0600][48.055s][info][gc,stats    ] Concurrent Thread Roots             998 us, parallelism: 2.01x
[2026-04-03T02:31:18.196+0600][48.055s][info][gc,stats    ]   CTR: <total>                     2007 us
[2026-04-03T02:31:18.196+0600][48.055s][info][gc,stats    ]   CTR: Thread Roots                2007 us, workers (us): 685, 666, 655, ---, ---, ---, 
[2026-04-03T02:31:18.196+0600][48.055s][info][gc,stats    ] Concurrent Weak References          914 us, parallelism: 0.95x
[2026-04-03T02:31:18.196+0600][48.055s][info][gc,stats    ]   CWRF: <total>                     871 us
[2026-04-03T02:31:18.196+0600][48.055s][info][gc,stats    ]   CWRF: Weak References             871 us, workers (us): 712, 158,   2, ---, ---, ---, 
[2026-04-03T02:31:18.196+0600][48.055s][info][gc,stats    ] Concurrent Weak Roots              4837 us
[2026-04-03T02:31:18.196+0600][48.055s][info][gc,stats    ]   Roots                            4472 us, parallelism: 2.74x
[2026-04-03T02:31:18.196+0600][48.055s][info][gc,stats    ]     CWR: <total>                  12239 us
[2026-04-03T02:31:18.196+0600][48.055s][info][gc,stats    ]     CWR: Code Cache Roots          9929 us, workers (us): 3322, 3442, 3165, ---, ---, ---, 
[2026-04-03T02:31:18.196+0600][48.055s][info][gc,stats    ]     CWR: VM Weak Roots             2046 us, workers (us): 717, 686, 643, ---, ---, ---, 
[2026-04-03T02:31:18.196+0600][48.055s][info][gc,stats    ]     CWR: CLDG Roots                 265 us, workers (us): ---, ---, 265, ---, ---, ---, 
[2026-04-03T02:31:18.196+0600][48.055s][info][gc,stats    ]   Rendezvous                        260 us
[2026-04-03T02:31:18.196+0600][48.055s][info][gc,stats    ] Concurrent Cleanup                  556 us
[2026-04-03T02:31:18.196+0600][48.055s][info][gc,stats    ] Concurrent Class Unloading        15531 us
[2026-04-03T02:31:18.196+0600][48.055s][info][gc,stats    ]   Unlink Stale                    13307 us
[2026-04-03T02:31:18.196+0600][48.055s][info][gc,stats    ]     System Dictionary               308 us
[2026-04-03T02:31:18.196+0600][48.055s][info][gc,stats    ]     Weak Class Links                  1 us
[2026-04-03T02:31:18.196+0600][48.055s][info][gc,stats    ]     Code Roots                    12992 us
[2026-04-03T02:31:18.196+0600][48.055s][info][gc,stats    ]   Rendezvous                        418 us
[2026-04-03T02:31:18.196+0600][48.055s][info][gc,stats    ]   Purge Unlinked                   1664 us
[2026-04-03T02:31:18.196+0600][48.055s][info][gc,stats    ]     Code Roots                     1634 us
[2026-04-03T02:31:18.196+0600][48.055s][info][gc,stats    ]     CLDG                             29 us
[2026-04-03T02:31:18.196+0600][48.055s][info][gc,stats    ]     Exception Caches                  0 us
[2026-04-03T02:31:18.196+0600][48.055s][info][gc,stats    ] Concurrent Strong Roots            1237 us, parallelism: 0.66x
[2026-04-03T02:31:18.196+0600][48.055s][info][gc,stats    ]   CSR: <total>                      811 us
[2026-04-03T02:31:18.196+0600][48.055s][info][gc,stats    ]   CSR: VM Strong Roots               53 us, workers (us):  24,  17,  12, ---, ---, ---, 
[2026-04-03T02:31:18.196+0600][48.055s][info][gc,stats    ]   CSR: CLDG Roots                   757 us, workers (us): 757, ---, ---, ---, ---, ---, 
[2026-04-03T02:31:18.196+0600][48.056s][info][gc,stats    ] Concurrent Evacuation              5228 us
[2026-04-03T02:31:18.196+0600][48.056s][info][gc,stats    ] Pause Init Update Refs (G)          460 us
[2026-04-03T02:31:18.196+0600][48.056s][info][gc,stats    ] Pause Init Update Refs (N)          133 us
[2026-04-03T02:31:18.196+0600][48.056s][info][gc,stats    ]   Manage GCLABs                      34 us
[2026-04-03T02:31:18.196+0600][48.056s][info][gc,stats    ] Concurrent Update Refs            48900 us
[2026-04-03T02:31:18.196+0600][48.056s][info][gc,stats    ] Concurrent Update Thread Roots     1994 us
[2026-04-03T02:31:18.196+0600][48.056s][info][gc,stats    ] Pause Final Update Refs (G)         571 us
[2026-04-03T02:31:18.196+0600][48.056s][info][gc,stats    ] Pause Final Update Refs (N)         260 us
[2026-04-03T02:31:18.196+0600][48.056s][info][gc,stats    ]   Update Region States               51 us
[2026-04-03T02:31:18.196+0600][48.056s][info][gc,stats    ]   Trash Collection Set               19 us
[2026-04-03T02:31:18.196+0600][48.056s][info][gc,stats    ]   Rebuild Free Set                   43 us
[2026-04-03T02:31:18.196+0600][48.056s][info][gc,stats    ] Concurrent Cleanup                  674 us
[2026-04-03T02:31:18.196+0600][48.056s][info][gc,stats    ] Pacing                           148975 us
[2026-04-03T02:31:18.196+0600][48.056s][info][gc,stats    ] 
[2026-04-03T02:31:18.196+0600][48.056s][info][gc,stats    ] Allocation pacing accrued:
[2026-04-03T02:31:18.196+0600][48.056s][info][gc,stats    ]      21 of   745 ms (  2.9%): Executor task launch worker for task 7.0 in stage 1387.0 (TID 2646)
[2026-04-03T02:31:18.196+0600][48.056s][info][gc,stats    ]      21 of   745 ms (  2.9%): Executor task launch worker for task 0.0 in stage 1387.0 (TID 2639)
[2026-04-03T02:31:18.196+0600][48.056s][info][gc,stats    ]      21 of   745 ms (  2.9%): Executor task launch worker for task 3.0 in stage 1387.0 (TID 2642)
[2026-04-03T02:31:18.196+0600][48.056s][info][gc,stats    ]      21 of   745 ms (  2.9%): Executor task launch worker for task 1.0 in stage 1387.0 (TID 2640)
[2026-04-03T02:31:18.196+0600][48.056s][info][gc,stats    ]      21 of   745 ms (  2.8%): Executor task launch worker for task 2.0 in stage 1387.0 (TID 2641)
[2026-04-03T02:31:18.196+0600][48.056s][info][gc,stats    ]      21 of   745 ms (  2.9%): Executor task launch worker for task 5.0 in stage 1387.0 (TID 2644)
[2026-04-03T02:31:18.196+0600][48.056s][info][gc,stats    ]      21 of   745 ms (  2.9%): task-result-getter-0
[2026-04-03T02:31:18.196+0600][48.056s][info][gc,stats    ]     149 of   745 ms ( 20.0%): <total>
[2026-04-03T02:31:18.197+0600][48.056s][info][gc,stats    ]       1 of   745 ms (  0.1%): <average total>
[2026-04-03T02:31:18.197+0600][48.056s][info][gc,stats    ]      21 of   745 ms (  2.9%): <average non-zero>
[2026-04-03T02:31:18.197+0600][48.056s][info][gc,stats    ] 
[2026-04-03T02:31:18.197+0600][48.056s][info][gc,metaspace] Metaspace: 130814K(132032K)->130814K(132032K) NonClass: 114380K(115008K)->114380K(115008K) Class: 16434K(17024K)->16434K(17024K)
[2026-04-03T02:31:18.197+0600][48.056s][info][gc,ergo     ] Pacer for Idle. Initial: 25600K, Alloc Tax Rate: 1.0x
[2026-04-03T02:31:18.901+0600][48.760s][info][gc          ] Trigger: Average GC time (163.29 ms) is above the time for average allocation rate (969 MB/s) to deplete free headroom (141M) (margin of error = 1.88)
[2026-04-03T02:31:18.901+0600][48.760s][info][gc,ergo     ] Free headroom: 203M (free) - 64000K (spike) - 0B (penalties) = 141M
[2026-04-03T02:31:18.901+0600][48.760s][info][gc,ergo     ] Free: 203M, Max: 512K regular, 203M humongous, Frag: 0% external, 1% internal; Reserve: 64000K, Max: 512K
[2026-04-03T02:31:18.901+0600][48.760s][info][gc,start    ] GC(38) Concurrent reset
[2026-04-03T02:31:18.901+0600][48.760s][info][gc,task     ] GC(38) Using 3 of 6 workers for concurrent reset
[2026-04-03T02:31:18.901+0600][48.760s][info][gc,ergo     ] GC(38) Pacer for Reset. Non-Taxable: 1250M
[2026-04-03T02:31:18.902+0600][48.761s][info][gc          ] GC(38) Concurrent reset 0.959ms
[2026-04-03T02:31:18.902+0600][48.762s][info][gc,start    ] GC(38) Pause Init Mark (unload classes)
[2026-04-03T02:31:18.902+0600][48.762s][info][gc,task     ] GC(38) Using 6 of 6 workers for init marking
[2026-04-03T02:31:18.902+0600][48.762s][info][gc,ergo     ] GC(38) Pacer for Mark. Expected Live: 91500K, Free: 203M, Non-Taxable: 20871K, Alloc Tax Rate: 0.5x
[2026-04-03T02:31:18.902+0600][48.762s][info][gc          ] GC(38) Pause Init Mark (unload classes) 0.116ms
[2026-04-03T02:31:18.903+0600][48.762s][info][gc,start    ] GC(38) Concurrent marking roots
[2026-04-03T02:31:18.903+0600][48.762s][info][gc,task     ] GC(38) Using 3 of 6 workers for concurrent marking roots
[2026-04-03T02:31:18.904+0600][48.763s][info][gc          ] GC(38) Concurrent marking roots 1.189ms
[2026-04-03T02:31:18.904+0600][48.763s][info][gc,start    ] GC(38) Concurrent marking (unload classes)
[2026-04-03T02:31:18.904+0600][48.763s][info][gc,task     ] GC(38) Using 3 of 6 workers for concurrent marking
[2026-04-03T02:31:18.959+0600][48.818s][info][gc          ] GC(38) Concurrent marking (unload classes) 54.867ms
[2026-04-03T02:31:18.959+0600][48.818s][info][gc,start    ] GC(38) Pause Final Mark (unload classes)
[2026-04-03T02:31:18.959+0600][48.818s][info][gc,task     ] GC(38) Using 6 of 6 workers for final marking
[2026-04-03T02:31:18.959+0600][48.819s][info][gc,ergo     ] GC(38) Adaptive CSet Selection. Target Free: 177M, Actual Free: 851M, Max CSet: 53333K, Min Garbage: 0B
[2026-04-03T02:31:18.959+0600][48.819s][info][gc,ergo     ] GC(38) Collectable Garbage: 797M (98%), Immediate: 619M (76%), CSet: 178M (22%)
[2026-04-03T02:31:18.959+0600][48.819s][info][gc,ergo     ] GC(38) Pacer for Evacuation. Used CSet: 183M, Free: 874M, Non-Taxable: 89529K, Alloc Tax Rate: 1.1x
[2026-04-03T02:31:18.959+0600][48.819s][info][gc          ] GC(38) Pause Final Mark (unload classes) 0.569ms
[2026-04-03T02:31:18.959+0600][48.819s][info][gc,start    ] GC(38) Concurrent thread roots
[2026-04-03T02:31:18.960+0600][48.819s][info][gc,task     ] GC(38) Using 3 of 6 workers for Concurrent thread roots
[2026-04-03T02:31:18.961+0600][48.820s][info][gc          ] GC(38) Concurrent thread roots 1.338ms
[2026-04-03T02:31:18.961+0600][48.820s][info][gc,start    ] GC(38) Concurrent weak references
[2026-04-03T02:31:18.961+0600][48.820s][info][gc,task     ] GC(38) Using 3 of 6 workers for concurrent weak references
[2026-04-03T02:31:18.962+0600][48.821s][info][gc,ref      ] GC(38) Encountered references: Soft: 3865, Weak: 16551, Final: 84, Phantom: 621
[2026-04-03T02:31:18.962+0600][48.821s][info][gc,ref      ] GC(38) Discovered  references: Soft: 0, Weak: 9825, Final: 0, Phantom: 297
[2026-04-03T02:31:18.962+0600][48.821s][info][gc,ref      ] GC(38) Enqueued    references: Soft: 0, Weak: 1740, Final: 0, Phantom: 0
[2026-04-03T02:31:18.962+0600][48.821s][info][gc          ] GC(38) Concurrent weak references 1.231ms
[2026-04-03T02:31:18.962+0600][48.821s][info][gc,start    ] GC(38) Concurrent weak roots
[2026-04-03T02:31:18.962+0600][48.821s][info][gc,task     ] GC(38) Using 3 of 6 workers for concurrent weak root
[2026-04-03T02:31:18.969+0600][48.828s][info][gc          ] GC(38) Concurrent weak roots 6.902ms
[2026-04-03T02:31:18.969+0600][48.828s][info][gc,start    ] GC(38) Concurrent cleanup
[2026-04-03T02:31:18.970+0600][48.829s][info][gc          ] GC(38) Concurrent cleanup 941M->322M(1078M) 0.835ms
[2026-04-03T02:31:18.970+0600][48.829s][info][gc,ergo     ] GC(38) Free: 862M, Max: 512K regular, 158M humongous, Frag: 82% external, 0% internal; Reserve: 63540K, Max: 512K
[2026-04-03T02:31:18.970+0600][48.829s][info][gc,start    ] GC(38) Concurrent class unloading
[2026-04-03T02:31:18.970+0600][48.829s][info][gc,task     ] GC(38) Using 3 of 6 workers for concurrent class unloading
[2026-04-03T02:31:18.999+0600][48.858s][info][gc          ] GC(38) Concurrent class unloading 28.622ms
[2026-04-03T02:31:18.999+0600][48.858s][info][gc,start    ] GC(38) Concurrent strong roots
[2026-04-03T02:31:18.999+0600][48.858s][info][gc,task     ] GC(38) Using 3 of 6 workers for concurrent strong root
[2026-04-03T02:31:19.000+0600][48.859s][info][gc          ] GC(38) Concurrent strong roots 1.378ms
[2026-04-03T02:31:19.000+0600][48.860s][info][gc,start    ] GC(38) Concurrent evacuation
[2026-04-03T02:31:19.000+0600][48.860s][info][gc,task     ] GC(38) Using 3 of 6 workers for concurrent evacuation
[2026-04-03T02:31:19.004+0600][48.863s][info][gc          ] GC(38) Concurrent evacuation 3.617ms
[2026-04-03T02:31:19.004+0600][48.863s][info][gc,start    ] GC(38) Pause Init Update Refs
[2026-04-03T02:31:19.004+0600][48.864s][info][gc,ergo     ] GC(38) Pacer for Update Refs. Used: 358M, Free: 832M, Non-Taxable: 85279K, Alloc Tax Rate: 1.1x
[2026-04-03T02:31:19.004+0600][48.864s][info][gc          ] GC(38) Pause Init Update Refs 0.075ms
[2026-04-03T02:31:19.004+0600][48.864s][info][gc,start    ] GC(38) Concurrent update references
[2026-04-03T02:31:19.004+0600][48.864s][info][gc,task     ] GC(38) Using 3 of 6 workers for concurrent reference update
[2026-04-03T02:31:19.057+0600][48.917s][info][gc          ] GC(38) Concurrent update references 53.140ms
[2026-04-03T02:31:19.058+0600][48.917s][info][gc,start    ] GC(38) Concurrent update thread roots
[2026-04-03T02:31:19.059+0600][48.919s][info][gc          ] GC(38) Concurrent update thread roots 1.716ms
[2026-04-03T02:31:19.059+0600][48.919s][info][gc,start    ] GC(38) Pause Final Update Refs
[2026-04-03T02:31:19.059+0600][48.919s][info][gc,task     ] GC(38) Using 6 of 6 workers for final reference update
[2026-04-03T02:31:19.060+0600][48.919s][info][gc          ] GC(38) Pause Final Update Refs 0.185ms
[2026-04-03T02:31:19.060+0600][48.919s][info][gc,start    ] GC(38) Concurrent cleanup
[2026-04-03T02:31:19.060+0600][48.920s][info][gc          ] GC(38) Concurrent cleanup 407M->224M(1078M) 0.540ms
[2026-04-03T02:31:19.060+0600][48.920s][info][gc,ergo     ] Free: 956M, Max: 512K regular, 531M humongous, Frag: 45% external, 0% internal; Reserve: 64000K, Max: 512K
[2026-04-03T02:31:19.060+0600][48.920s][info][gc,stats    ] 
[2026-04-03T02:31:19.060+0600][48.920s][info][gc,stats    ] All times are wall-clock times, except per-root-class counters, that are sum over
[2026-04-03T02:31:19.060+0600][48.920s][info][gc,stats    ] all workers. Dividing the <total> over the root stage time estimates parallelism.
[2026-04-03T02:31:19.060+0600][48.920s][info][gc,stats    ] 
[2026-04-03T02:31:19.060+0600][48.920s][info][gc,stats    ] Concurrent Reset                   1015 us
[2026-04-03T02:31:19.060+0600][48.920s][info][gc,stats    ] Pause Init Mark (G)                 367 us
[2026-04-03T02:31:19.060+0600][48.920s][info][gc,stats    ] Pause Init Mark (N)                 125 us
[2026-04-03T02:31:19.061+0600][48.920s][info][gc,stats    ]   Update Region States               23 us
[2026-04-03T02:31:19.061+0600][48.920s][info][gc,stats    ] Concurrent Mark Roots              1235 us, parallelism: 1.78x
[2026-04-03T02:31:19.061+0600][48.920s][info][gc,stats    ]   CMR: <total>                     2203 us
[2026-04-03T02:31:19.061+0600][48.920s][info][gc,stats    ]   CMR: Thread Roots                1835 us, workers (us): 410, 714, 711, ---, ---, ---, 
[2026-04-03T02:31:19.061+0600][48.920s][info][gc,stats    ]   CMR: VM Strong Roots               46 us, workers (us):  45,   1,   1, ---, ---, ---, 
[2026-04-03T02:31:19.061+0600][48.920s][info][gc,stats    ]   CMR: CLDG Roots                   321 us, workers (us): 321, ---, ---, ---, ---, ---, 
[2026-04-03T02:31:19.061+0600][48.920s][info][gc,stats    ] Concurrent Marking                54959 us
[2026-04-03T02:31:19.061+0600][48.920s][info][gc,stats    ] Pause Final Mark (G)                762 us
[2026-04-03T02:31:19.061+0600][48.920s][info][gc,stats    ] Pause Final Mark (N)                579 us
[2026-04-03T02:31:19.061+0600][48.920s][info][gc,stats    ]   Finish Mark                       191 us
[2026-04-03T02:31:19.061+0600][48.920s][info][gc,stats    ]   Update Region States               46 us
[2026-04-03T02:31:19.061+0600][48.920s][info][gc,stats    ]   Choose Collection Set             214 us
[2026-04-03T02:31:19.061+0600][48.920s][info][gc,stats    ]   Rebuild Free Set                   36 us
[2026-04-03T02:31:19.061+0600][48.920s][info][gc,stats    ] Concurrent Thread Roots            1375 us, parallelism: 2.47x
[2026-04-03T02:31:19.061+0600][48.920s][info][gc,stats    ]   CTR: <total>                     3404 us
[2026-04-03T02:31:19.061+0600][48.920s][info][gc,stats    ]   CTR: Thread Roots                3404 us, workers (us): 1167, 1133, 1103, ---, ---, ---, 
[2026-04-03T02:31:19.061+0600][48.920s][info][gc,stats    ] Concurrent Weak References         1244 us, parallelism: 1.32x
[2026-04-03T02:31:19.061+0600][48.920s][info][gc,stats    ]   CWRF: <total>                    1647 us
[2026-04-03T02:31:19.061+0600][48.920s][info][gc,stats    ]   CWRF: Weak References            1647 us, workers (us): 584, 1063,   0, ---, ---, ---, 
[2026-04-03T02:31:19.061+0600][48.920s][info][gc,stats    ] Concurrent Weak Roots              6982 us
[2026-04-03T02:31:19.061+0600][48.920s][info][gc,stats    ]   Roots                            6497 us, parallelism: 2.61x
[2026-04-03T02:31:19.061+0600][48.920s][info][gc,stats    ]     CWR: <total>                  16960 us
[2026-04-03T02:31:19.061+0600][48.920s][info][gc,stats    ]     CWR: Code Cache Roots         13335 us, workers (us): 4927, 4008, 4400, ---, ---, ---, 
[2026-04-03T02:31:19.061+0600][48.920s][info][gc,stats    ]     CWR: VM Weak Roots             3364 us, workers (us): 1226, 1222, 917, ---, ---, ---, 
[2026-04-03T02:31:19.061+0600][48.920s][info][gc,stats    ]     CWR: CLDG Roots                 260 us, workers (us): ---, 260, ---, ---, ---, ---, 
[2026-04-03T02:31:19.061+0600][48.920s][info][gc,stats    ]   Rendezvous                        373 us
[2026-04-03T02:31:19.061+0600][48.920s][info][gc,stats    ] Concurrent Cleanup                  869 us
[2026-04-03T02:31:19.061+0600][48.920s][info][gc,stats    ] Concurrent Class Unloading        28741 us
[2026-04-03T02:31:19.061+0600][48.920s][info][gc,stats    ]   Unlink Stale                    26296 us
[2026-04-03T02:31:19.061+0600][48.920s][info][gc,stats    ]     System Dictionary               289 us
[2026-04-03T02:31:19.061+0600][48.920s][info][gc,stats    ]     Weak Class Links                  0 us
[2026-04-03T02:31:19.061+0600][48.920s][info][gc,stats    ]     Code Roots                    26003 us
[2026-04-03T02:31:19.061+0600][48.920s][info][gc,stats    ]   Rendezvous                        400 us
[2026-04-03T02:31:19.061+0600][48.920s][info][gc,stats    ]   Purge Unlinked                   1889 us
[2026-04-03T02:31:19.061+0600][48.920s][info][gc,stats    ]     Code Roots                     1868 us
[2026-04-03T02:31:19.061+0600][48.920s][info][gc,stats    ]     CLDG                             19 us
[2026-04-03T02:31:19.061+0600][48.920s][info][gc,stats    ]     Exception Caches                  1 us
[2026-04-03T02:31:19.061+0600][48.920s][info][gc,stats    ] Concurrent Strong Roots            1425 us, parallelism: 0.70x
[2026-04-03T02:31:19.061+0600][48.920s][info][gc,stats    ]   CSR: <total>                      997 us
[2026-04-03T02:31:19.061+0600][48.920s][info][gc,stats    ]   CSR: VM Strong Roots               57 us, workers (us):  36,  21,   0, ---, ---, ---, 
[2026-04-03T02:31:19.061+0600][48.920s][info][gc,stats    ]   CSR: CLDG Roots                   940 us, workers (us): 940, ---, ---, ---, ---, ---, 
[2026-04-03T02:31:19.061+0600][48.920s][info][gc,stats    ] Concurrent Evacuation              3682 us
[2026-04-03T02:31:19.061+0600][48.920s][info][gc,stats    ] Pause Init Update Refs (G)          435 us
[2026-04-03T02:31:19.061+0600][48.920s][info][gc,stats    ] Pause Init Update Refs (N)           86 us
[2026-04-03T02:31:19.061+0600][48.920s][info][gc,stats    ]   Manage GCLABs                      35 us
[2026-04-03T02:31:19.061+0600][48.920s][info][gc,stats    ] Concurrent Update Refs            53217 us
[2026-04-03T02:31:19.061+0600][48.920s][info][gc,stats    ] Concurrent Update Thread Roots     1780 us
[2026-04-03T02:31:19.061+0600][48.920s][info][gc,stats    ] Pause Final Update Refs (G)         403 us
[2026-04-03T02:31:19.061+0600][48.920s][info][gc,stats    ] Pause Final Update Refs (N)         214 us
[2026-04-03T02:31:19.061+0600][48.920s][info][gc,stats    ]   Update Region States               51 us
[2026-04-03T02:31:19.061+0600][48.920s][info][gc,stats    ]   Trash Collection Set               20 us
[2026-04-03T02:31:19.061+0600][48.920s][info][gc,stats    ]   Rebuild Free Set                   41 us
[2026-04-03T02:31:19.061+0600][48.920s][info][gc,stats    ] Concurrent Cleanup                  566 us
[2026-04-03T02:31:19.061+0600][48.920s][info][gc,stats    ] Pacing                           110094 us
[2026-04-03T02:31:19.061+0600][48.920s][info][gc,stats    ] 
[2026-04-03T02:31:19.061+0600][48.920s][info][gc,stats    ] Allocation pacing accrued:
[2026-04-03T02:31:19.061+0600][48.920s][info][gc,stats    ]      13 of   865 ms (  1.6%): Executor task launch worker for task 3.0 in stage 1503.0 (TID 2778)
[2026-04-03T02:31:19.061+0600][48.920s][info][gc,stats    ]      14 of   865 ms (  1.6%): Executor task launch worker for task 1.0 in stage 1503.0 (TID 2776)
[2026-04-03T02:31:19.061+0600][48.920s][info][gc,stats    ]      13 of   865 ms (  1.5%): Executor task launch worker for task 0.0 in stage 1503.0 (TID 2775)
[2026-04-03T02:31:19.061+0600][48.920s][info][gc,stats    ]      15 of   865 ms (  1.8%): Executor task launch worker for task 7.0 in stage 1503.0 (TID 2782)
[2026-04-03T02:31:19.061+0600][48.920s][info][gc,stats    ]      14 of   865 ms (  1.6%): Executor task launch worker for task 5.0 in stage 1503.0 (TID 2780)
[2026-04-03T02:31:19.061+0600][48.920s][info][gc,stats    ]      15 of   865 ms (  1.8%): Executor task launch worker for task 6.0 in stage 1503.0 (TID 2781)
[2026-04-03T02:31:19.061+0600][48.920s][info][gc,stats    ]      11 of   865 ms (  1.3%): Executor task launch worker for task 2.0 in stage 1503.0 (TID 2777)
[2026-04-03T02:31:19.061+0600][48.921s][info][gc,stats    ]      14 of   865 ms (  1.6%): Executor task launch worker for task 4.0 in stage 1503.0 (TID 2779)
[2026-04-03T02:31:19.061+0600][48.921s][info][gc,stats    ]     110 of   865 ms ( 12.7%): <total>
[2026-04-03T02:31:19.061+0600][48.921s][info][gc,stats    ]       0 of   865 ms (  0.0%): <average total>
[2026-04-03T02:31:19.061+0600][48.921s][info][gc,stats    ]      14 of   865 ms (  1.6%): <average non-zero>
[2026-04-03T02:31:19.061+0600][48.921s][info][gc,stats    ] 
[2026-04-03T02:31:19.061+0600][48.921s][info][gc,metaspace] Metaspace: 130863K(132096K)->130869K(132096K) NonClass: 114426K(115072K)->114430K(115072K) Class: 16437K(17024K)->16438K(17024K)
[2026-04-03T02:31:19.061+0600][48.921s][info][gc,ergo     ] Pacer for Idle. Initial: 25600K, Alloc Tax Rate: 1.0x
[2026-04-03T02:31:19.740+0600][49.599s][info][gc          ] Trigger: Explicit GC request (System.gc())
[2026-04-03T02:31:19.740+0600][49.599s][info][gc,ergo     ] Free: 290M, Max: 512K regular, 156M humongous, Frag: 47% external, 0% internal; Reserve: 64000K, Max: 512K
[2026-04-03T02:31:19.740+0600][49.599s][info][gc,start    ] GC(39) Concurrent reset
[2026-04-03T02:31:19.740+0600][49.599s][info][gc,task     ] GC(39) Using 3 of 6 workers for concurrent reset
[2026-04-03T02:31:19.740+0600][49.599s][info][gc,ergo     ] GC(39) Pacer for Reset. Non-Taxable: 1250M
[2026-04-03T02:31:19.741+0600][49.600s][info][gc          ] GC(39) Concurrent reset 1.011ms
[2026-04-03T02:31:19.741+0600][49.601s][info][gc,start    ] GC(39) Pause Init Mark (unload classes)
[2026-04-03T02:31:19.741+0600][49.601s][info][gc,task     ] GC(39) Using 6 of 6 workers for init marking
[2026-04-03T02:31:19.742+0600][49.601s][info][gc,ref      ] GC(39) Clearing All SoftReferences
[2026-04-03T02:31:19.742+0600][49.601s][info][gc,ergo     ] GC(39) Pacer for Mark. Expected Live: 91897K, Free: 290M, Non-Taxable: 29739K, Alloc Tax Rate: 0.4x
[2026-04-03T02:31:19.742+0600][49.601s][info][gc          ] GC(39) Pause Init Mark (unload classes) 0.193ms
[2026-04-03T02:31:19.742+0600][49.601s][info][gc,start    ] GC(39) Concurrent marking roots
[2026-04-03T02:31:19.742+0600][49.601s][info][gc,task     ] GC(39) Using 3 of 6 workers for concurrent marking roots
[2026-04-03T02:31:19.743+0600][49.602s][info][gc          ] GC(39) Concurrent marking roots 1.393ms
[2026-04-03T02:31:19.743+0600][49.602s][info][gc,start    ] GC(39) Concurrent marking (unload classes)
[2026-04-03T02:31:19.743+0600][49.602s][info][gc,task     ] GC(39) Using 3 of 6 workers for concurrent marking
[2026-04-03T02:31:19.795+0600][49.655s][info][gc          ] GC(39) Concurrent marking (unload classes) 52.249ms
[2026-04-03T02:31:19.796+0600][49.655s][info][gc,start    ] GC(39) Pause Final Mark (unload classes)
[2026-04-03T02:31:19.796+0600][49.655s][info][gc,task     ] GC(39) Using 6 of 6 workers for final marking
[2026-04-03T02:31:19.796+0600][49.655s][info][gc,ergo     ] GC(39) Adaptive CSet Selection. Target Free: 177M, Actual Free: 990M, Max CSet: 53333K, Min Garbage: 0B
[2026-04-03T02:31:19.796+0600][49.656s][info][gc,ergo     ] GC(39) Collectable Garbage: 749M (98%), Immediate: 637M (84%), CSet: 111M (14%)
[2026-04-03T02:31:19.796+0600][49.656s][info][gc,ergo     ] GC(39) Pacer for Evacuation. Used CSet: 117M, Free: 978M, Non-Taxable: 100179K, Alloc Tax Rate: 1.1x
[2026-04-03T02:31:19.796+0600][49.656s][info][gc          ] GC(39) Pause Final Mark (unload classes) 0.828ms
[2026-04-03T02:31:19.797+0600][49.656s][info][gc,start    ] GC(39) Concurrent thread roots
[2026-04-03T02:31:19.797+0600][49.656s][info][gc,task     ] GC(39) Using 3 of 6 workers for Concurrent thread roots
[2026-04-03T02:31:19.798+0600][49.657s][info][gc          ] GC(39) Concurrent thread roots 1.229ms
[2026-04-03T02:31:19.798+0600][49.657s][info][gc,start    ] GC(39) Concurrent weak references
[2026-04-03T02:31:19.798+0600][49.657s][info][gc,task     ] GC(39) Using 3 of 6 workers for concurrent weak references
[2026-04-03T02:31:19.799+0600][49.659s][info][gc,ref      ] GC(39) Encountered references: Soft: 3644, Weak: 15739, Final: 84, Phantom: 621
[2026-04-03T02:31:19.799+0600][49.659s][info][gc,ref      ] GC(39) Discovered  references: Soft: 1267, Weak: 10038, Final: 84, Phantom: 617
[2026-04-03T02:31:19.799+0600][49.659s][info][gc,ref      ] GC(39) Enqueued    references: Soft: 747, Weak: 1470, Final: 0, Phantom: 0
[2026-04-03T02:31:19.799+0600][49.659s][info][gc          ] GC(39) Concurrent weak references 1.627ms
[2026-04-03T02:31:19.800+0600][49.659s][info][gc,start    ] GC(39) Concurrent weak roots
[2026-04-03T02:31:19.800+0600][49.659s][info][gc,task     ] GC(39) Using 3 of 6 workers for concurrent weak root
[2026-04-03T02:31:19.805+0600][49.664s][info][gc          ] GC(39) Concurrent weak roots 5.571ms
[2026-04-03T02:31:19.805+0600][49.665s][info][gc,start    ] GC(39) Concurrent cleanup
[2026-04-03T02:31:19.806+0600][49.665s][info][gc          ] GC(39) Concurrent cleanup 845M->207M(1078M) 0.764ms
[2026-04-03T02:31:19.806+0600][49.665s][info][gc,ergo     ] GC(39) Free: 978M, Max: 512K regular, 157M humongous, Frag: 84% external, 0% internal; Reserve: 63284K, Max: 512K
[2026-04-03T02:31:19.806+0600][49.665s][info][gc,start    ] GC(39) Concurrent class unloading
[2026-04-03T02:31:19.806+0600][49.665s][info][gc,task     ] GC(39) Using 3 of 6 workers for concurrent class unloading
[2026-04-03T02:31:19.872+0600][49.731s][info][gc          ] GC(39) Concurrent class unloading 65.718ms
[2026-04-03T02:31:19.872+0600][49.731s][info][gc,start    ] GC(39) Concurrent strong roots
[2026-04-03T02:31:19.872+0600][49.731s][info][gc,task     ] GC(39) Using 3 of 6 workers for concurrent strong root
[2026-04-03T02:31:19.873+0600][49.732s][info][gc          ] GC(39) Concurrent strong roots 0.924ms
[2026-04-03T02:31:19.873+0600][49.732s][info][gc,start    ] GC(39) Concurrent evacuation
[2026-04-03T02:31:19.873+0600][49.732s][info][gc,task     ] GC(39) Using 3 of 6 workers for concurrent evacuation
[2026-04-03T02:31:19.875+0600][49.735s][info][gc          ] GC(39) Concurrent evacuation 2.589ms
[2026-04-03T02:31:19.876+0600][49.735s][info][gc,start    ] GC(39) Pause Init Update Refs
[2026-04-03T02:31:19.876+0600][49.735s][info][gc,ergo     ] GC(39) Pacer for Update Refs. Used: 216M, Free: 975M, Non-Taxable: 99940K, Alloc Tax Rate: 1.1x
[2026-04-03T02:31:19.876+0600][49.735s][info][gc          ] GC(39) Pause Init Update Refs 0.151ms
[2026-04-03T02:31:19.876+0600][49.735s][info][gc,start    ] GC(39) Concurrent update references
[2026-04-03T02:31:19.876+0600][49.735s][info][gc,task     ] GC(39) Using 3 of 6 workers for concurrent reference update
[2026-04-03T02:31:19.905+0600][49.764s][info][gc          ] GC(39) Concurrent update references 29.089ms
[2026-04-03T02:31:19.905+0600][49.764s][info][gc,start    ] GC(39) Concurrent update thread roots
[2026-04-03T02:31:19.906+0600][49.766s][info][gc          ] GC(39) Concurrent update thread roots 1.244ms
[2026-04-03T02:31:19.907+0600][49.766s][info][gc,start    ] GC(39) Pause Final Update Refs
[2026-04-03T02:31:19.907+0600][49.766s][info][gc,task     ] GC(39) Using 6 of 6 workers for final reference update
[2026-04-03T02:31:19.907+0600][49.766s][info][gc          ] GC(39) Pause Final Update Refs 0.135ms
[2026-04-03T02:31:19.907+0600][49.766s][info][gc,start    ] GC(39) Concurrent cleanup
[2026-04-03T02:31:19.907+0600][49.767s][info][gc          ] GC(39) Concurrent cleanup 216M->99M(1078M) 0.446ms
[2026-04-03T02:31:19.907+0600][49.767s][info][gc,ergo     ] Free: 1086M, Max: 512K regular, 398M humongous, Frag: 64% external, 0% internal; Reserve: 64000K, Max: 512K
[2026-04-03T02:31:19.907+0600][49.767s][info][gc,stats    ] 
[2026-04-03T02:31:19.907+0600][49.767s][info][gc,stats    ] All times are wall-clock times, except per-root-class counters, that are sum over
[2026-04-03T02:31:19.907+0600][49.767s][info][gc,stats    ] all workers. Dividing the <total> over the root stage time estimates parallelism.
[2026-04-03T02:31:19.907+0600][49.767s][info][gc,stats    ] 
[2026-04-03T02:31:19.907+0600][49.767s][info][gc,stats    ] Concurrent Reset                   1076 us
[2026-04-03T02:31:19.907+0600][49.767s][info][gc,stats    ] Pause Init Mark (G)                 518 us
[2026-04-03T02:31:19.907+0600][49.767s][info][gc,stats    ] Pause Init Mark (N)                 204 us
[2026-04-03T02:31:19.907+0600][49.767s][info][gc,stats    ]   Update Region States               31 us
[2026-04-03T02:31:19.907+0600][49.767s][info][gc,stats    ] Concurrent Mark Roots              1441 us, parallelism: 1.70x
[2026-04-03T02:31:19.907+0600][49.767s][info][gc,stats    ]   CMR: <total>                     2452 us
[2026-04-03T02:31:19.907+0600][49.767s][info][gc,stats    ]   CMR: Thread Roots                1995 us, workers (us): 399, 800, 797, ---, ---, ---, 
[2026-04-03T02:31:19.907+0600][49.767s][info][gc,stats    ]   CMR: VM Strong Roots               53 us, workers (us):  39,  14,   1, ---, ---, ---, 
[2026-04-03T02:31:19.907+0600][49.767s][info][gc,stats    ]   CMR: CLDG Roots                   403 us, workers (us): 403, ---, ---, ---, ---, ---, 
[2026-04-03T02:31:19.907+0600][49.767s][info][gc,stats    ] Concurrent Marking                52329 us
[2026-04-03T02:31:19.907+0600][49.767s][info][gc,stats    ] Pause Final Mark (G)               1192 us
[2026-04-03T02:31:19.907+0600][49.767s][info][gc,stats    ] Pause Final Mark (N)                841 us
[2026-04-03T02:31:19.907+0600][49.767s][info][gc,stats    ]   Finish Mark                       362 us
[2026-04-03T02:31:19.907+0600][49.767s][info][gc,stats    ]   Update Region States               45 us
[2026-04-03T02:31:19.907+0600][49.767s][info][gc,stats    ]   Choose Collection Set             220 us
[2026-04-03T02:31:19.907+0600][49.767s][info][gc,stats    ]   Rebuild Free Set                   42 us
[2026-04-03T02:31:19.907+0600][49.767s][info][gc,stats    ] Concurrent Thread Roots            1261 us, parallelism: 2.36x
[2026-04-03T02:31:19.908+0600][49.767s][info][gc,stats    ]   CTR: <total>                     2970 us
[2026-04-03T02:31:19.908+0600][49.767s][info][gc,stats    ]   CTR: Thread Roots                2970 us, workers (us): 1021, 970, 979, ---, ---, ---, 
[2026-04-03T02:31:19.908+0600][49.767s][info][gc,stats    ] Concurrent Weak References         1668 us, parallelism: 1.32x
[2026-04-03T02:31:19.908+0600][49.767s][info][gc,stats    ]   CWRF: <total>                    2199 us
[2026-04-03T02:31:19.908+0600][49.767s][info][gc,stats    ]   CWRF: Weak References            2199 us, workers (us): 1370, 416, 413, ---, ---, ---, 
[2026-04-03T02:31:19.908+0600][49.767s][info][gc,stats    ] Concurrent Weak Roots              5654 us
[2026-04-03T02:31:19.908+0600][49.767s][info][gc,stats    ]   Roots                            5064 us, parallelism: 2.64x
[2026-04-03T02:31:19.908+0600][49.767s][info][gc,stats    ]     CWR: <total>                  13387 us
[2026-04-03T02:31:19.908+0600][49.767s][info][gc,stats    ]     CWR: Code Cache Roots         10258 us, workers (us): 3417, 3201, 3640, ---, ---, ---, 
[2026-04-03T02:31:19.908+0600][49.767s][info][gc,stats    ]     CWR: VM Weak Roots             2860 us, workers (us): 992, 935, 933, ---, ---, ---, 
[2026-04-03T02:31:19.908+0600][49.767s][info][gc,stats    ]     CWR: CLDG Roots                 269 us, workers (us): ---, 269, ---, ---, ---, ---, 
[2026-04-03T02:31:19.908+0600][49.767s][info][gc,stats    ]   Rendezvous                        479 us
[2026-04-03T02:31:19.908+0600][49.767s][info][gc,stats    ] Concurrent Cleanup                  786 us
[2026-04-03T02:31:19.908+0600][49.767s][info][gc,stats    ] Concurrent Class Unloading        65794 us
[2026-04-03T02:31:19.908+0600][49.767s][info][gc,stats    ]   Unlink Stale                    50000 us
[2026-04-03T02:31:19.908+0600][49.767s][info][gc,stats    ]     System Dictionary               964 us
[2026-04-03T02:31:19.908+0600][49.767s][info][gc,stats    ]     Weak Class Links              27350 us
[2026-04-03T02:31:19.908+0600][49.767s][info][gc,stats    ]     Code Roots                    21679 us
[2026-04-03T02:31:19.908+0600][49.767s][info][gc,stats    ]   Rendezvous                        572 us
[2026-04-03T02:31:19.908+0600][49.767s][info][gc,stats    ]   Purge Unlinked                  15111 us
[2026-04-03T02:31:19.908+0600][49.767s][info][gc,stats    ]     Code Roots                    13608 us
[2026-04-03T02:31:19.908+0600][49.767s][info][gc,stats    ]     CLDG                           1501 us
[2026-04-03T02:31:19.908+0600][49.767s][info][gc,stats    ]     Exception Caches                  0 us
[2026-04-03T02:31:19.908+0600][49.767s][info][gc,stats    ] Concurrent Strong Roots             953 us, parallelism: 0.72x
[2026-04-03T02:31:19.908+0600][49.767s][info][gc,stats    ]   CSR: <total>                      690 us
[2026-04-03T02:31:19.908+0600][49.767s][info][gc,stats    ]   CSR: VM Strong Roots               42 us, workers (us):  40,   1,   1, ---, ---, ---, 
[2026-04-03T02:31:19.908+0600][49.767s][info][gc,stats    ]   CSR: CLDG Roots                   648 us, workers (us): 648, ---, ---, ---, ---, ---, 
[2026-04-03T02:31:19.908+0600][49.767s][info][gc,stats    ] Concurrent Evacuation              2663 us
[2026-04-03T02:31:19.908+0600][49.767s][info][gc,stats    ] Pause Init Update Refs (G)          471 us
[2026-04-03T02:31:19.908+0600][49.767s][info][gc,stats    ] Pause Init Update Refs (N)          166 us
[2026-04-03T02:31:19.908+0600][49.767s][info][gc,stats    ]   Manage GCLABs                      82 us
[2026-04-03T02:31:19.908+0600][49.767s][info][gc,stats    ] Concurrent Update Refs            29159 us
[2026-04-03T02:31:19.908+0600][49.767s][info][gc,stats    ] Concurrent Update Thread Roots     1292 us
[2026-04-03T02:31:19.908+0600][49.767s][info][gc,stats    ] Pause Final Update Refs (G)         449 us
[2026-04-03T02:31:19.908+0600][49.767s][info][gc,stats    ] Pause Final Update Refs (N)         147 us
[2026-04-03T02:31:19.908+0600][49.767s][info][gc,stats    ]   Update Region States               38 us
[2026-04-03T02:31:19.908+0600][49.767s][info][gc,stats    ]   Trash Collection Set               13 us
[2026-04-03T02:31:19.908+0600][49.767s][info][gc,stats    ]   Rebuild Free Set                   33 us
[2026-04-03T02:31:19.908+0600][49.767s][info][gc,stats    ] Concurrent Cleanup                  463 us
[2026-04-03T02:31:19.908+0600][49.767s][info][gc,stats    ] 
[2026-04-03T02:31:19.908+0600][49.767s][info][gc,stats    ] Allocation pacing accrued:
[2026-04-03T02:31:19.908+0600][49.767s][info][gc,stats    ]       0 of   847 ms (  0.0%): <total>
[2026-04-03T02:31:19.908+0600][49.767s][info][gc,stats    ]       0 of   847 ms (  0.0%): <average total>
[2026-04-03T02:31:19.908+0600][49.767s][info][gc,stats    ] 
[2026-04-03T02:31:19.908+0600][49.767s][info][gc,metaspace] Metaspace: 131178K(132480K)->129874K(132480K) NonClass: 114666K(115328K)->113585K(115328K) Class: 16512K(17152K)->16289K(17152K)
[2026-04-03T02:31:19.908+0600][49.767s][info][gc,ergo     ] Pacer for Idle. Initial: 25600K, Alloc Tax Rate: 1.0x
[2026-04-03T02:31:19.908+0600][49.767s][info][gc,start    ] Concurrent uncommit
[2026-04-03T02:31:20.039+0600][49.898s][info][gc          ] Concurrent uncommit 99M->115M(119M) 131.304ms
[2026-04-03T02:31:20.238+0600][50.097s][info][gc          ] Trigger: Learning 2 of 5. Free (873M) is below initial threshold (875M)
[2026-04-03T02:31:20.238+0600][50.097s][info][gc,ergo     ] Free: 868M, Max: 512K regular, 398M humongous, Frag: 55% external, 0% internal; Reserve: 64000K, Max: 512K
[2026-04-03T02:31:20.238+0600][50.098s][info][gc,start    ] GC(40) Concurrent reset
[2026-04-03T02:31:20.238+0600][50.098s][info][gc,task     ] GC(40) Using 3 of 6 workers for concurrent reset
[2026-04-03T02:31:20.238+0600][50.098s][info][gc,ergo     ] GC(40) Pacer for Reset. Non-Taxable: 1250M
[2026-04-03T02:31:20.239+0600][50.098s][info][gc          ] GC(40) Concurrent reset 0.944ms
[2026-04-03T02:31:20.244+0600][50.103s][info][gc,start    ] GC(40) Pause Init Mark (unload classes)
[2026-04-03T02:31:20.244+0600][50.103s][info][gc,task     ] GC(40) Using 6 of 6 workers for init marking
[2026-04-03T02:31:20.244+0600][50.103s][info][gc,ergo     ] GC(40) Pacer for Mark. Expected Live: 91527K, Free: 863M, Non-Taxable: 88438K, Alloc Tax Rate: 0.1x
[2026-04-03T02:31:20.244+0600][50.103s][info][gc          ] GC(40) Pause Init Mark (unload classes) 0.160ms
[2026-04-03T02:31:20.244+0600][50.103s][info][gc,start    ] GC(40) Concurrent marking roots
[2026-04-03T02:31:20.244+0600][50.103s][info][gc,task     ] GC(40) Using 3 of 6 workers for concurrent marking roots
[2026-04-03T02:31:20.246+0600][50.105s][info][gc          ] GC(40) Concurrent marking roots 1.603ms
[2026-04-03T02:31:20.246+0600][50.105s][info][gc,start    ] GC(40) Concurrent marking (unload classes)
[2026-04-03T02:31:20.246+0600][50.105s][info][gc,task     ] GC(40) Using 3 of 6 workers for concurrent marking
[2026-04-03T02:31:20.298+0600][50.158s][info][gc          ] GC(40) Concurrent marking (unload classes) 52.785ms
[2026-04-03T02:31:20.298+0600][50.158s][info][gc,start    ] GC(40) Pause Final Mark (unload classes)
[2026-04-03T02:31:20.299+0600][50.158s][info][gc,task     ] GC(40) Using 6 of 6 workers for final marking
[2026-04-03T02:31:20.299+0600][50.158s][info][gc,ergo     ] GC(40) Adaptive CSet Selection. Target Free: 177M, Actual Free: 929M, Max CSet: 53333K, Min Garbage: 0B
[2026-04-03T02:31:20.299+0600][50.158s][info][gc,ergo     ] GC(40) Collectable Garbage: 190M (96%), Immediate: 137M (69%), CSet: 54354K (26%)
[2026-04-03T02:31:20.299+0600][50.158s][info][gc,ergo     ] GC(40) Pacer for Evacuation. Used CSet: 64161K, Free: 886M, Non-Taxable: 90745K, Alloc Tax Rate: 1.1x
[2026-04-03T02:31:20.299+0600][50.158s][info][gc          ] GC(40) Pause Final Mark (unload classes) 0.570ms
[2026-04-03T02:31:20.299+0600][50.158s][info][gc,start    ] GC(40) Concurrent thread roots
[2026-04-03T02:31:20.299+0600][50.159s][info][gc,task     ] GC(40) Using 3 of 6 workers for Concurrent thread roots
[2026-04-03T02:31:20.300+0600][50.160s][info][gc          ] GC(40) Concurrent thread roots 1.305ms
[2026-04-03T02:31:20.300+0600][50.160s][info][gc,start    ] GC(40) Concurrent weak references
[2026-04-03T02:31:20.301+0600][50.160s][info][gc,task     ] GC(40) Using 3 of 6 workers for concurrent weak references
[2026-04-03T02:31:20.302+0600][50.161s][info][gc,ref      ] GC(40) Encountered references: Soft: 3617, Weak: 14841, Final: 84, Phantom: 638
[2026-04-03T02:31:20.302+0600][50.161s][info][gc,ref      ] GC(40) Discovered  references: Soft: 0, Weak: 8836, Final: 52, Phantom: 241
[2026-04-03T02:31:20.302+0600][50.161s][info][gc,ref      ] GC(40) Enqueued    references: Soft: 0, Weak: 391, Final: 0, Phantom: 0
[2026-04-03T02:31:20.302+0600][50.161s][info][gc          ] GC(40) Concurrent weak references 1.108ms
[2026-04-03T02:31:20.302+0600][50.161s][info][gc,start    ] GC(40) Concurrent weak roots
[2026-04-03T02:31:20.302+0600][50.161s][info][gc,task     ] GC(40) Using 3 of 6 workers for concurrent weak root
[2026-04-03T02:31:20.311+0600][50.170s][info][gc          ] GC(40) Concurrent weak roots 9.401ms
[2026-04-03T02:31:20.311+0600][50.170s][info][gc,start    ] GC(40) Concurrent cleanup
[2026-04-03T02:31:20.312+0600][50.171s][info][gc          ] GC(40) Concurrent cleanup 448M->315M(493M) 0.435ms
[2026-04-03T02:31:20.312+0600][50.171s][info][gc,ergo     ] GC(40) Free: 852M, Max: 512K regular, 359M humongous, Frag: 58% external, 0% internal; Reserve: 61628K, Max: 512K
[2026-04-03T02:31:20.312+0600][50.171s][info][gc,start    ] GC(40) Concurrent class unloading
[2026-04-03T02:31:20.312+0600][50.171s][info][gc,task     ] GC(40) Using 3 of 6 workers for concurrent class unloading
[2026-04-03T02:31:20.327+0600][50.186s][info][gc          ] GC(40) Concurrent class unloading 15.264ms
[2026-04-03T02:31:20.327+0600][50.186s][info][gc,start    ] GC(40) Concurrent strong roots
[2026-04-03T02:31:20.327+0600][50.186s][info][gc,task     ] GC(40) Using 3 of 6 workers for concurrent strong root
[2026-04-03T02:31:20.329+0600][50.188s][info][gc          ] GC(40) Concurrent strong roots 1.570ms
[2026-04-03T02:31:20.329+0600][50.188s][info][gc,start    ] GC(40) Concurrent evacuation
[2026-04-03T02:31:20.329+0600][50.188s][info][gc,task     ] GC(40) Using 3 of 6 workers for concurrent evacuation
[2026-04-03T02:31:20.335+0600][50.194s][info][gc          ] GC(40) Concurrent evacuation 6.394ms
[2026-04-03T02:31:20.335+0600][50.195s][info][gc,start    ] GC(40) Pause Init Update Refs
[2026-04-03T02:31:20.335+0600][50.195s][info][gc,ergo     ] GC(40) Pacer for Update Refs. Used: 347M, Free: 826M, Non-Taxable: 84614K, Alloc Tax Rate: 1.1x
[2026-04-03T02:31:20.335+0600][50.195s][info][gc          ] GC(40) Pause Init Update Refs 0.114ms
[2026-04-03T02:31:20.335+0600][50.195s][info][gc,start    ] GC(40) Concurrent update references
[2026-04-03T02:31:20.336+0600][50.195s][info][gc,task     ] GC(40) Using 3 of 6 workers for concurrent reference update
[2026-04-03T02:31:20.378+0600][50.238s][info][gc          ] GC(40) Concurrent update references 42.967ms
[2026-04-03T02:31:20.379+0600][50.238s][info][gc,start    ] GC(40) Concurrent update thread roots
[2026-04-03T02:31:20.380+0600][50.239s][info][gc          ] GC(40) Concurrent update thread roots 1.271ms
[2026-04-03T02:31:20.380+0600][50.239s][info][gc,start    ] GC(40) Pause Final Update Refs
[2026-04-03T02:31:20.380+0600][50.240s][info][gc,task     ] GC(40) Using 6 of 6 workers for final reference update
[2026-04-03T02:31:20.380+0600][50.240s][info][gc          ] GC(40) Pause Final Update Refs 0.200ms
[2026-04-03T02:31:20.380+0600][50.240s][info][gc,start    ] GC(40) Concurrent cleanup
[2026-04-03T02:31:20.381+0600][50.240s][info][gc          ] GC(40) Concurrent cleanup 382M->320M(502M) 0.191ms
[2026-04-03T02:31:20.381+0600][50.240s][info][gc,ergo     ] Free: 838M, Max: 512K regular, 697M humongous, Frag: 17% external, 0% internal; Reserve: 64000K, Max: 512K
[2026-04-03T02:31:20.381+0600][50.240s][info][gc,stats    ] 
[2026-04-03T02:31:20.381+0600][50.240s][info][gc,stats    ] All times are wall-clock times, except per-root-class counters, that are sum over
[2026-04-03T02:31:20.381+0600][50.240s][info][gc,stats    ] all workers. Dividing the <total> over the root stage time estimates parallelism.
[2026-04-03T02:31:20.381+0600][50.240s][info][gc,stats    ] 
[2026-04-03T02:31:20.381+0600][50.240s][info][gc,stats    ] Concurrent Reset                    994 us
[2026-04-03T02:31:20.381+0600][50.240s][info][gc,stats    ] Pause Init Mark (G)                4740 us
[2026-04-03T02:31:20.381+0600][50.240s][info][gc,stats    ] Pause Init Mark (N)                 168 us
[2026-04-03T02:31:20.381+0600][50.240s][info][gc,stats    ]   Update Region States               40 us
[2026-04-03T02:31:20.381+0600][50.240s][info][gc,stats    ] Concurrent Mark Roots              1654 us, parallelism: 1.95x
[2026-04-03T02:31:20.381+0600][50.240s][info][gc,stats    ]   CMR: <total>                     3232 us
[2026-04-03T02:31:20.381+0600][50.240s][info][gc,stats    ]   CMR: Thread Roots                2699 us, workers (us): 1058, 579, 1062, ---, ---, ---, 
[2026-04-03T02:31:20.381+0600][50.240s][info][gc,stats    ]   CMR: VM Strong Roots               58 us, workers (us):  23,  18,  17, ---, ---, ---, 
[2026-04-03T02:31:20.381+0600][50.240s][info][gc,stats    ]   CMR: CLDG Roots                   476 us, workers (us): ---, 476, ---, ---, ---, ---, 
[2026-04-03T02:31:20.381+0600][50.240s][info][gc,stats    ] Concurrent Marking                52850 us
[2026-04-03T02:31:20.381+0600][50.240s][info][gc,stats    ] Pause Final Mark (G)                707 us
[2026-04-03T02:31:20.381+0600][50.240s][info][gc,stats    ] Pause Final Mark (N)                582 us
[2026-04-03T02:31:20.381+0600][50.240s][info][gc,stats    ]   Finish Mark                       299 us
[2026-04-03T02:31:20.381+0600][50.240s][info][gc,stats    ]   Update Region States               33 us
[2026-04-03T02:31:20.381+0600][50.240s][info][gc,stats    ]   Choose Collection Set             121 us
[2026-04-03T02:31:20.381+0600][50.240s][info][gc,stats    ]   Rebuild Free Set                   28 us
[2026-04-03T02:31:20.381+0600][50.240s][info][gc,stats    ] Concurrent Thread Roots            1340 us, parallelism: 2.40x
[2026-04-03T02:31:20.381+0600][50.240s][info][gc,stats    ]   CTR: <total>                     3216 us
[2026-04-03T02:31:20.381+0600][50.240s][info][gc,stats    ]   CTR: Thread Roots                3216 us, workers (us): 1130, 1047, 1038, ---, ---, ---, 
[2026-04-03T02:31:20.381+0600][50.240s][info][gc,stats    ] Concurrent Weak References         1123 us, parallelism: 1.17x
[2026-04-03T02:31:20.381+0600][50.240s][info][gc,stats    ]   CWRF: <total>                    1312 us
[2026-04-03T02:31:20.381+0600][50.240s][info][gc,stats    ]   CWRF: Weak References            1312 us, workers (us): 173, 907, 233, ---, ---, ---, 
[2026-04-03T02:31:20.381+0600][50.240s][info][gc,stats    ] Concurrent Weak Roots              9472 us
[2026-04-03T02:31:20.381+0600][50.240s][info][gc,stats    ]   Roots                            4943 us, parallelism: 2.78x
[2026-04-03T02:31:20.381+0600][50.240s][info][gc,stats    ]     CWR: <total>                  13735 us
[2026-04-03T02:31:20.381+0600][50.240s][info][gc,stats    ]     CWR: Code Cache Roots          8660 us, workers (us): 2974, 3037, 2649, ---, ---, ---, 
[2026-04-03T02:31:20.381+0600][50.240s][info][gc,stats    ]     CWR: VM Weak Roots             4874 us, workers (us): 1635, 1629, 1611, ---, ---, ---, 
[2026-04-03T02:31:20.381+0600][50.240s][info][gc,stats    ]     CWR: CLDG Roots                 201 us, workers (us): ---, ---, 201, ---, ---, ---, 
[2026-04-03T02:31:20.381+0600][50.240s][info][gc,stats    ]   Rendezvous                       4426 us
[2026-04-03T02:31:20.381+0600][50.240s][info][gc,stats    ] Concurrent Cleanup                  458 us
[2026-04-03T02:31:20.381+0600][50.240s][info][gc,stats    ] Concurrent Class Unloading        15362 us
[2026-04-03T02:31:20.381+0600][50.240s][info][gc,stats    ]   Unlink Stale                    13358 us
[2026-04-03T02:31:20.381+0600][50.240s][info][gc,stats    ]     System Dictionary               315 us
[2026-04-03T02:31:20.381+0600][50.240s][info][gc,stats    ]     Weak Class Links                  1 us
[2026-04-03T02:31:20.381+0600][50.240s][info][gc,stats    ]     Code Roots                    13038 us
[2026-04-03T02:31:20.381+0600][50.240s][info][gc,stats    ]   Rendezvous                        587 us
[2026-04-03T02:31:20.381+0600][50.241s][info][gc,stats    ]   Purge Unlinked                   1280 us
[2026-04-03T02:31:20.381+0600][50.241s][info][gc,stats    ]     Code Roots                     1262 us
[2026-04-03T02:31:20.381+0600][50.241s][info][gc,stats    ]     CLDG                             17 us
[2026-04-03T02:31:20.381+0600][50.241s][info][gc,stats    ]     Exception Caches                  0 us
[2026-04-03T02:31:20.381+0600][50.241s][info][gc,stats    ] Concurrent Strong Roots            1623 us, parallelism: 0.66x
[2026-04-03T02:31:20.381+0600][50.241s][info][gc,stats    ]   CSR: <total>                     1075 us
[2026-04-03T02:31:20.381+0600][50.241s][info][gc,stats    ]   CSR: VM Strong Roots               72 us, workers (us):  43,  28,   1, ---, ---, ---, 
[2026-04-03T02:31:20.381+0600][50.241s][info][gc,stats    ]   CSR: CLDG Roots                  1003 us, workers (us): 1003, ---, ---, ---, ---, ---, 
[2026-04-03T02:31:20.381+0600][50.241s][info][gc,stats    ] Concurrent Evacuation              6478 us
[2026-04-03T02:31:20.381+0600][50.241s][info][gc,stats    ] Pause Init Update Refs (G)          395 us
[2026-04-03T02:31:20.381+0600][50.241s][info][gc,stats    ] Pause Init Update Refs (N)          126 us
[2026-04-03T02:31:20.381+0600][50.241s][info][gc,stats    ]   Manage GCLABs                      28 us
[2026-04-03T02:31:20.381+0600][50.241s][info][gc,stats    ] Concurrent Update Refs            43051 us
[2026-04-03T02:31:20.381+0600][50.241s][info][gc,stats    ] Concurrent Update Thread Roots     1375 us
[2026-04-03T02:31:20.381+0600][50.241s][info][gc,stats    ] Pause Final Update Refs (G)         561 us
[2026-04-03T02:31:20.381+0600][50.241s][info][gc,stats    ] Pause Final Update Refs (N)         211 us
[2026-04-03T02:31:20.381+0600][50.241s][info][gc,stats    ]   Update Region States               37 us
[2026-04-03T02:31:20.381+0600][50.241s][info][gc,stats    ]   Trash Collection Set                9 us
[2026-04-03T02:31:20.381+0600][50.241s][info][gc,stats    ]   Rebuild Free Set                   31 us
[2026-04-03T02:31:20.381+0600][50.241s][info][gc,stats    ] Concurrent Cleanup                  211 us
[2026-04-03T02:31:20.381+0600][50.241s][info][gc,stats    ] Pacing                            69273 us
[2026-04-03T02:31:20.381+0600][50.241s][info][gc,stats    ] 
[2026-04-03T02:31:20.381+0600][50.241s][info][gc,stats    ] Allocation pacing accrued:
[2026-04-03T02:31:20.381+0600][50.241s][info][gc,stats    ]      18 of   474 ms (  3.9%): Executor task launch worker for task 0.0 in stage 1578.0 (TID 2863)
[2026-04-03T02:31:20.381+0600][50.241s][info][gc,stats    ]      17 of   474 ms (  3.7%): Executor task launch worker for task 3.0 in stage 1578.0 (TID 2866)
[2026-04-03T02:31:20.381+0600][50.241s][info][gc,stats    ]      17 of   474 ms (  3.5%): Executor task launch worker for task 2.0 in stage 1578.0 (TID 2865)
[2026-04-03T02:31:20.381+0600][50.241s][info][gc,stats    ]      17 of   474 ms (  3.6%): Executor task launch worker for task 1.0 in stage 1578.0 (TID 2864)
[2026-04-03T02:31:20.381+0600][50.241s][info][gc,stats    ]      69 of   474 ms ( 14.6%): <total>
[2026-04-03T02:31:20.381+0600][50.241s][info][gc,stats    ]       0 of   474 ms (  0.1%): <average total>
[2026-04-03T02:31:20.381+0600][50.241s][info][gc,stats    ]      17 of   474 ms (  3.7%): <average non-zero>
[2026-04-03T02:31:20.381+0600][50.241s][info][gc,stats    ] 
[2026-04-03T02:31:20.382+0600][50.241s][info][gc,metaspace] Metaspace: 130540K(132480K)->130549K(132480K) NonClass: 114148K(115328K)->114157K(115328K) Class: 16392K(17152K)->16392K(17152K)
[2026-04-03T02:31:20.382+0600][50.241s][info][gc,ergo     ] Pacer for Idle. Initial: 25600K, Alloc Tax Rate: 1.0x
[2026-04-03T02:31:20.383+0600][50.242s][info][gc          ] Trigger: Learning 3 of 5. Free (838M) is below initial threshold (875M)
[2026-04-03T02:31:20.383+0600][50.242s][info][gc,ergo     ] Free: 838M, Max: 512K regular, 697M humongous, Frag: 17% external, 0% internal; Reserve: 64000K, Max: 512K
[2026-04-03T02:31:20.383+0600][50.242s][info][gc,start    ] GC(41) Concurrent reset
[2026-04-03T02:31:20.383+0600][50.242s][info][gc,task     ] GC(41) Using 3 of 6 workers for concurrent reset
[2026-04-03T02:31:20.383+0600][50.242s][info][gc,ergo     ] GC(41) Pacer for Reset. Non-Taxable: 1250M
[2026-04-03T02:31:20.384+0600][50.244s][info][gc          ] GC(41) Concurrent reset 1.559ms
[2026-04-03T02:31:20.385+0600][50.244s][info][gc,start    ] GC(41) Pause Init Mark (unload classes)
[2026-04-03T02:31:20.385+0600][50.244s][info][gc,task     ] GC(41) Using 6 of 6 workers for init marking
[2026-04-03T02:31:20.385+0600][50.244s][info][gc,ergo     ] GC(41) Pacer for Mark. Expected Live: 93673K, Free: 837M, Non-Taxable: 85758K, Alloc Tax Rate: 0.1x
[2026-04-03T02:31:20.385+0600][50.244s][info][gc          ] GC(41) Pause Init Mark (unload classes) 0.137ms
[2026-04-03T02:31:20.385+0600][50.244s][info][gc,start    ] GC(41) Concurrent marking roots
[2026-04-03T02:31:20.385+0600][50.244s][info][gc,task     ] GC(41) Using 3 of 6 workers for concurrent marking roots
[2026-04-03T02:31:20.386+0600][50.245s][info][gc          ] GC(41) Concurrent marking roots 1.202ms
[2026-04-03T02:31:20.386+0600][50.245s][info][gc,start    ] GC(41) Concurrent marking (unload classes)
[2026-04-03T02:31:20.386+0600][50.245s][info][gc,task     ] GC(41) Using 3 of 6 workers for concurrent marking
[2026-04-03T02:31:20.439+0600][50.299s][info][gc          ] GC(41) Concurrent marking (unload classes) 53.135ms
[2026-04-03T02:31:20.439+0600][50.299s][info][gc,start    ] GC(41) Pause Final Mark (unload classes)
[2026-04-03T02:31:20.439+0600][50.299s][info][gc,task     ] GC(41) Using 6 of 6 workers for final marking
[2026-04-03T02:31:20.440+0600][50.299s][info][gc,ergo     ] GC(41) Adaptive CSet Selection. Target Free: 177M, Actual Free: 975M, Max CSet: 53333K, Min Garbage: 0B
[2026-04-03T02:31:20.440+0600][50.299s][info][gc,ergo     ] GC(41) Collectable Garbage: 228M (96%), Immediate: 198M (84%), CSet: 30080K (12%)
[2026-04-03T02:31:20.440+0600][50.299s][info][gc,ergo     ] GC(41) Pacer for Evacuation. Used CSet: 34294K, Free: 940M, Non-Taxable: 96278K, Alloc Tax Rate: 1.1x
[2026-04-03T02:31:20.440+0600][50.299s][info][gc          ] GC(41) Pause Final Mark (unload classes) 0.486ms
[2026-04-03T02:31:20.440+0600][50.299s][info][gc,start    ] GC(41) Concurrent thread roots
[2026-04-03T02:31:20.440+0600][50.299s][info][gc,task     ] GC(41) Using 3 of 6 workers for Concurrent thread roots
[2026-04-03T02:31:20.441+0600][50.300s][info][gc          ] GC(41) Concurrent thread roots 0.792ms
[2026-04-03T02:31:20.441+0600][50.300s][info][gc,start    ] GC(41) Concurrent weak references
[2026-04-03T02:31:20.441+0600][50.300s][info][gc,task     ] GC(41) Using 3 of 6 workers for concurrent weak references
[2026-04-03T02:31:20.442+0600][50.301s][info][gc,ref      ] GC(41) Encountered references: Soft: 3617, Weak: 14553, Final: 84, Phantom: 621
[2026-04-03T02:31:20.442+0600][50.301s][info][gc,ref      ] GC(41) Discovered  references: Soft: 0, Weak: 8631, Final: 84, Phantom: 612
[2026-04-03T02:31:20.442+0600][50.301s][info][gc,ref      ] GC(41) Enqueued    references: Soft: 0, Weak: 229, Final: 0, Phantom: 0
[2026-04-03T02:31:20.442+0600][50.301s][info][gc          ] GC(41) Concurrent weak references 1.146ms
[2026-04-03T02:31:20.442+0600][50.301s][info][gc,start    ] GC(41) Concurrent weak roots
[2026-04-03T02:31:20.442+0600][50.301s][info][gc,task     ] GC(41) Using 3 of 6 workers for concurrent weak root
[2026-04-03T02:31:20.449+0600][50.308s][info][gc          ] GC(41) Concurrent weak roots 6.568ms
[2026-04-03T02:31:20.449+0600][50.308s][info][gc,start    ] GC(41) Concurrent cleanup
[2026-04-03T02:31:20.449+0600][50.309s][info][gc          ] GC(41) Concurrent cleanup 459M->268M(538M) 0.545ms
[2026-04-03T02:31:20.449+0600][50.309s][info][gc,ergo     ] GC(41) Free: 901M, Max: 512K regular, 661M humongous, Frag: 27% external, 0% internal; Reserve: 62845K, Max: 512K
[2026-04-03T02:31:20.449+0600][50.309s][info][gc,start    ] GC(41) Concurrent class unloading
[2026-04-03T02:31:20.449+0600][50.309s][info][gc,task     ] GC(41) Using 3 of 6 workers for concurrent class unloading
[2026-04-03T02:31:20.464+0600][50.323s][info][gc          ] GC(41) Concurrent class unloading 14.614ms
[2026-04-03T02:31:20.464+0600][50.323s][info][gc,start    ] GC(41) Concurrent strong roots
[2026-04-03T02:31:20.464+0600][50.323s][info][gc,task     ] GC(41) Using 3 of 6 workers for concurrent strong root
[2026-04-03T02:31:20.465+0600][50.324s][info][gc          ] GC(41) Concurrent strong roots 0.876ms
[2026-04-03T02:31:20.465+0600][50.324s][info][gc,start    ] GC(41) Concurrent evacuation
[2026-04-03T02:31:20.465+0600][50.324s][info][gc,task     ] GC(41) Using 3 of 6 workers for concurrent evacuation
[2026-04-03T02:31:20.467+0600][50.326s][info][gc          ] GC(41) Concurrent evacuation 1.665ms
[2026-04-03T02:31:20.468+0600][50.327s][info][gc,start    ] GC(41) Pause Init Update Refs
[2026-04-03T02:31:20.468+0600][50.327s][info][gc,ergo     ] GC(41) Pacer for Update Refs. Used: 337M, Free: 830M, Non-Taxable: 85075K, Alloc Tax Rate: 1.1x
[2026-04-03T02:31:20.468+0600][50.327s][info][gc          ] GC(41) Pause Init Update Refs 0.118ms
[2026-04-03T02:31:20.468+0600][50.327s][info][gc,start    ] GC(41) Concurrent update references
[2026-04-03T02:31:20.468+0600][50.327s][info][gc,task     ] GC(41) Using 3 of 6 workers for concurrent reference update
[2026-04-03T02:31:20.503+0600][50.362s][info][gc          ] GC(41) Concurrent update references 34.594ms
[2026-04-03T02:31:20.503+0600][50.362s][info][gc,start    ] GC(41) Concurrent update thread roots
[2026-04-03T02:31:20.505+0600][50.365s][info][gc          ] GC(41) Concurrent update thread roots 2.611ms
[2026-04-03T02:31:20.507+0600][50.366s][info][gc,start    ] GC(41) Pause Final Update Refs
[2026-04-03T02:31:20.507+0600][50.366s][info][gc,task     ] GC(41) Using 6 of 6 workers for final reference update
[2026-04-03T02:31:20.507+0600][50.366s][info][gc          ] GC(41) Pause Final Update Refs 0.195ms
[2026-04-03T02:31:20.507+0600][50.366s][info][gc,start    ] GC(41) Concurrent cleanup
[2026-04-03T02:31:20.507+0600][50.367s][info][gc          ] GC(41) Concurrent cleanup 430M->397M(538M) 0.499ms
[2026-04-03T02:31:20.507+0600][50.367s][info][gc,ergo     ] Free: 753M, Max: 512K regular, 663M humongous, Frag: 12% external, 0% internal; Reserve: 64000K, Max: 512K
[2026-04-03T02:31:20.507+0600][50.367s][info][gc,stats    ] 
[2026-04-03T02:31:20.508+0600][50.367s][info][gc,stats    ] All times are wall-clock times, except per-root-class counters, that are sum over
[2026-04-03T02:31:20.508+0600][50.367s][info][gc,stats    ] all workers. Dividing the <total> over the root stage time estimates parallelism.
[2026-04-03T02:31:20.508+0600][50.367s][info][gc,stats    ] 
[2026-04-03T02:31:20.508+0600][50.367s][info][gc,stats    ] Concurrent Reset                   1617 us
[2026-04-03T02:31:20.508+0600][50.367s][info][gc,stats    ] Pause Init Mark (G)                 362 us
[2026-04-03T02:31:20.508+0600][50.367s][info][gc,stats    ] Pause Init Mark (N)                 144 us
[2026-04-03T02:31:20.508+0600][50.367s][info][gc,stats    ]   Update Region States               51 us
[2026-04-03T02:31:20.508+0600][50.367s][info][gc,stats    ] Concurrent Mark Roots              1250 us, parallelism: 1.65x
[2026-04-03T02:31:20.508+0600][50.367s][info][gc,stats    ]   CMR: <total>                     2060 us
[2026-04-03T02:31:20.508+0600][50.367s][info][gc,stats    ]   CMR: Thread Roots                1706 us, workers (us): 677, 348, 681, ---, ---, ---, 
[2026-04-03T02:31:20.508+0600][50.367s][info][gc,stats    ]   CMR: VM Strong Roots               40 us, workers (us):  13,  13,  14, ---, ---, ---, 
[2026-04-03T02:31:20.508+0600][50.367s][info][gc,stats    ]   CMR: CLDG Roots                   314 us, workers (us): ---, 314, ---, ---, ---, ---, 
[2026-04-03T02:31:20.508+0600][50.367s][info][gc,stats    ] Concurrent Marking                53203 us
[2026-04-03T02:31:20.508+0600][50.367s][info][gc,stats    ] Pause Final Mark (G)                704 us
[2026-04-03T02:31:20.508+0600][50.367s][info][gc,stats    ] Pause Final Mark (N)                495 us
[2026-04-03T02:31:20.508+0600][50.367s][info][gc,stats    ]   Finish Mark                       230 us
[2026-04-03T02:31:20.508+0600][50.367s][info][gc,stats    ]   Update Region States               29 us
[2026-04-03T02:31:20.508+0600][50.367s][info][gc,stats    ]   Choose Collection Set             112 us
[2026-04-03T02:31:20.508+0600][50.367s][info][gc,stats    ]   Rebuild Free Set                   25 us
[2026-04-03T02:31:20.508+0600][50.367s][info][gc,stats    ] Concurrent Thread Roots             852 us, parallelism: 1.99x
[2026-04-03T02:31:20.508+0600][50.367s][info][gc,stats    ]   CTR: <total>                     1697 us
[2026-04-03T02:31:20.508+0600][50.367s][info][gc,stats    ]   CTR: Thread Roots                1697 us, workers (us): 615, 554, 528, ---, ---, ---, 
[2026-04-03T02:31:20.508+0600][50.367s][info][gc,stats    ] Concurrent Weak References         1154 us, parallelism: 0.85x
[2026-04-03T02:31:20.508+0600][50.367s][info][gc,stats    ]   CWRF: <total>                     981 us
[2026-04-03T02:31:20.508+0600][50.367s][info][gc,stats    ]   CWRF: Weak References             981 us, workers (us):  48, 931,   1, ---, ---, ---, 
[2026-04-03T02:31:20.508+0600][50.367s][info][gc,stats    ] Concurrent Weak Roots              6644 us
[2026-04-03T02:31:20.508+0600][50.367s][info][gc,stats    ]   Roots                            4257 us, parallelism: 2.75x
[2026-04-03T02:31:20.508+0600][50.367s][info][gc,stats    ]     CWR: <total>                  11687 us
[2026-04-03T02:31:20.508+0600][50.367s][info][gc,stats    ]     CWR: Code Cache Roots          6775 us, workers (us): 2382, 2320, 2074, ---, ---, ---, 
[2026-04-03T02:31:20.508+0600][50.367s][info][gc,stats    ]     CWR: VM Weak Roots             4774 us, workers (us): 1593, 1592, 1589, ---, ---, ---, 
[2026-04-03T02:31:20.508+0600][50.367s][info][gc,stats    ]     CWR: CLDG Roots                 138 us, workers (us): ---, ---, 138, ---, ---, ---, 
[2026-04-03T02:31:20.508+0600][50.367s][info][gc,stats    ]   Rendezvous                       2289 us
[2026-04-03T02:31:20.508+0600][50.367s][info][gc,stats    ] Concurrent Cleanup                  562 us
[2026-04-03T02:31:20.508+0600][50.367s][info][gc,stats    ] Concurrent Class Unloading        14688 us
[2026-04-03T02:31:20.508+0600][50.367s][info][gc,stats    ]   Unlink Stale                    13674 us
[2026-04-03T02:31:20.508+0600][50.367s][info][gc,stats    ]     System Dictionary               231 us
[2026-04-03T02:31:20.508+0600][50.367s][info][gc,stats    ]     Weak Class Links                  0 us
[2026-04-03T02:31:20.508+0600][50.367s][info][gc,stats    ]     Code Roots                    13438 us
[2026-04-03T02:31:20.508+0600][50.367s][info][gc,stats    ]   Rendezvous                        503 us
[2026-04-03T02:31:20.508+0600][50.367s][info][gc,stats    ]   Purge Unlinked                    411 us
[2026-04-03T02:31:20.508+0600][50.367s][info][gc,stats    ]     Code Roots                      398 us
[2026-04-03T02:31:20.508+0600][50.367s][info][gc,stats    ]     CLDG                             12 us
[2026-04-03T02:31:20.508+0600][50.367s][info][gc,stats    ]     Exception Caches                  0 us
[2026-04-03T02:31:20.508+0600][50.367s][info][gc,stats    ] Concurrent Strong Roots             908 us, parallelism: 0.63x
[2026-04-03T02:31:20.508+0600][50.367s][info][gc,stats    ]   CSR: <total>                      570 us
[2026-04-03T02:31:20.508+0600][50.367s][info][gc,stats    ]   CSR: VM Strong Roots               42 us, workers (us):  39,   2,   1, ---, ---, ---, 
[2026-04-03T02:31:20.508+0600][50.367s][info][gc,stats    ]   CSR: CLDG Roots                   528 us, workers (us): 528, ---, ---, ---, ---, ---, 
[2026-04-03T02:31:20.508+0600][50.367s][info][gc,stats    ] Concurrent Evacuation              1714 us
[2026-04-03T02:31:20.508+0600][50.367s][info][gc,stats    ] Pause Init Update Refs (G)         1435 us
[2026-04-03T02:31:20.508+0600][50.367s][info][gc,stats    ] Pause Init Update Refs (N)          132 us
[2026-04-03T02:31:20.508+0600][50.367s][info][gc,stats    ]   Manage GCLABs                      40 us
[2026-04-03T02:31:20.508+0600][50.367s][info][gc,stats    ] Concurrent Update Refs            34721 us
[2026-04-03T02:31:20.508+0600][50.368s][info][gc,stats    ] Concurrent Update Thread Roots     2687 us
[2026-04-03T02:31:20.508+0600][50.368s][info][gc,stats    ] Pause Final Update Refs (G)        1384 us
[2026-04-03T02:31:20.508+0600][50.368s][info][gc,stats    ] Pause Final Update Refs (N)         238 us
[2026-04-03T02:31:20.508+0600][50.368s][info][gc,stats    ]   Update Region States               46 us
[2026-04-03T02:31:20.508+0600][50.368s][info][gc,stats    ]   Trash Collection Set                8 us
[2026-04-03T02:31:20.508+0600][50.368s][info][gc,stats    ]   Rebuild Free Set                   61 us
[2026-04-03T02:31:20.508+0600][50.368s][info][gc,stats    ] Concurrent Cleanup                  544 us
[2026-04-03T02:31:20.508+0600][50.368s][info][gc,stats    ] Pacing                           124211 us
[2026-04-03T02:31:20.508+0600][50.368s][info][gc,stats    ] 
[2026-04-03T02:31:20.508+0600][50.368s][info][gc,stats    ] Allocation pacing accrued:
[2026-04-03T02:31:20.508+0600][50.368s][info][gc,stats    ]      32 of   127 ms ( 25.2%): Executor task launch worker for task 3.0 in stage 1583.0 (TID 2878)
[2026-04-03T02:31:20.508+0600][50.368s][info][gc,stats    ]      32 of   127 ms ( 24.9%): Executor task launch worker for task 2.0 in stage 1583.0 (TID 2877)
[2026-04-03T02:31:20.508+0600][50.368s][info][gc,stats    ]      31 of   127 ms ( 24.8%): Executor task launch worker for task 0.0 in stage 1583.0 (TID 2875)
[2026-04-03T02:31:20.508+0600][50.368s][info][gc,stats    ]      29 of   127 ms ( 23.0%): Executor task launch worker for task 1.0 in stage 1583.0 (TID 2876)
[2026-04-03T02:31:20.508+0600][50.368s][info][gc,stats    ]     124 of   127 ms ( 97.9%): <total>
[2026-04-03T02:31:20.508+0600][50.368s][info][gc,stats    ]       0 of   127 ms (  0.3%): <average total>
[2026-04-03T02:31:20.508+0600][50.368s][info][gc,stats    ]      31 of   127 ms ( 24.5%): <average non-zero>
[2026-04-03T02:31:20.508+0600][50.368s][info][gc,stats    ] 
[2026-04-03T02:31:20.508+0600][50.368s][info][gc,metaspace] Metaspace: 130549K(132480K)->130556K(132480K) NonClass: 114157K(115328K)->114163K(115328K) Class: 16392K(17152K)->16393K(17152K)
[2026-04-03T02:31:20.508+0600][50.368s][info][gc,ergo     ] Pacer for Idle. Initial: 25600K, Alloc Tax Rate: 1.0x
[2026-04-03T02:31:20.510+0600][50.369s][info][gc          ] Trigger: Learning 4 of 5. Free (751M) is below initial threshold (875M)
[2026-04-03T02:31:20.510+0600][50.369s][info][gc,ergo     ] Free: 751M, Max: 512K regular, 663M humongous, Frag: 12% external, 0% internal; Reserve: 64000K, Max: 512K
[2026-04-03T02:31:20.510+0600][50.369s][info][gc,start    ] GC(42) Concurrent reset
[2026-04-03T02:31:20.510+0600][50.369s][info][gc,task     ] GC(42) Using 3 of 6 workers for concurrent reset
[2026-04-03T02:31:20.510+0600][50.369s][info][gc,ergo     ] GC(42) Pacer for Reset. Non-Taxable: 1250M
[2026-04-03T02:31:20.512+0600][50.371s][info][gc          ] GC(42) Concurrent reset 1.869ms
[2026-04-03T02:31:20.512+0600][50.371s][info][gc,start    ] GC(42) Pause Init Mark (unload classes)
[2026-04-03T02:31:20.512+0600][50.371s][info][gc,task     ] GC(42) Using 6 of 6 workers for init marking
[2026-04-03T02:31:20.512+0600][50.371s][info][gc,ergo     ] GC(42) Pacer for Mark. Expected Live: 92804K, Free: 744M, Non-Taxable: 76270K, Alloc Tax Rate: 0.1x
[2026-04-03T02:31:20.512+0600][50.371s][info][gc          ] GC(42) Pause Init Mark (unload classes) 0.171ms
[2026-04-03T02:31:20.512+0600][50.371s][info][gc,start    ] GC(42) Concurrent marking roots
[2026-04-03T02:31:20.512+0600][50.371s][info][gc,task     ] GC(42) Using 3 of 6 workers for concurrent marking roots
[2026-04-03T02:31:20.514+0600][50.374s][info][gc          ] GC(42) Concurrent marking roots 2.272ms
[2026-04-03T02:31:20.514+0600][50.374s][info][gc,start    ] GC(42) Concurrent marking (unload classes)
[2026-04-03T02:31:20.514+0600][50.374s][info][gc,task     ] GC(42) Using 3 of 6 workers for concurrent marking
[2026-04-03T02:31:20.571+0600][50.430s][info][gc          ] GC(42) Concurrent marking (unload classes) 56.459ms
[2026-04-03T02:31:20.571+0600][50.430s][info][gc,start    ] GC(42) Pause Final Mark (unload classes)
[2026-04-03T02:31:20.571+0600][50.430s][info][gc,task     ] GC(42) Using 6 of 6 workers for final marking
[2026-04-03T02:31:20.571+0600][50.431s][info][gc,ergo     ] GC(42) Adaptive CSet Selection. Target Free: 177M, Actual Free: 1044M, Max CSet: 53333K, Min Garbage: 0B
[2026-04-03T02:31:20.571+0600][50.431s][info][gc,ergo     ] GC(42) Collectable Garbage: 309M (97%), Immediate: 287M (90%), CSet: 22253K (6%)
[2026-04-03T02:31:20.572+0600][50.431s][info][gc,ergo     ] GC(42) Pacer for Evacuation. Used CSet: 27112K, Free: 1017M, Non-Taxable: 101M, Alloc Tax Rate: 1.1x
[2026-04-03T02:31:20.572+0600][50.431s][info][gc          ] GC(42) Pause Final Mark (unload classes) 0.592ms
[2026-04-03T02:31:20.572+0600][50.431s][info][gc,start    ] GC(42) Concurrent thread roots
[2026-04-03T02:31:20.572+0600][50.431s][info][gc,task     ] GC(42) Using 3 of 6 workers for Concurrent thread roots
[2026-04-03T02:31:20.573+0600][50.432s][info][gc          ] GC(42) Concurrent thread roots 1.134ms
[2026-04-03T02:31:20.573+0600][50.432s][info][gc,start    ] GC(42) Concurrent weak references
[2026-04-03T02:31:20.573+0600][50.432s][info][gc,task     ] GC(42) Using 3 of 6 workers for concurrent weak references
[2026-04-03T02:31:20.574+0600][50.433s][info][gc,ref      ] GC(42) Encountered references: Soft: 3625, Weak: 14494, Final: 84, Phantom: 621
[2026-04-03T02:31:20.574+0600][50.433s][info][gc,ref      ] GC(42) Discovered  references: Soft: 0, Weak: 8243, Final: 48, Phantom: 617
[2026-04-03T02:31:20.574+0600][50.433s][info][gc,ref      ] GC(42) Enqueued    references: Soft: 0, Weak: 24, Final: 0, Phantom: 0
[2026-04-03T02:31:20.574+0600][50.433s][info][gc          ] GC(42) Concurrent weak references 0.924ms
[2026-04-03T02:31:20.574+0600][50.433s][info][gc,start    ] GC(42) Concurrent weak roots
[2026-04-03T02:31:20.574+0600][50.433s][info][gc,task     ] GC(42) Using 3 of 6 workers for concurrent weak root
[2026-04-03T02:31:20.579+0600][50.438s][info][gc          ] GC(42) Concurrent weak roots 5.201ms
[2026-04-03T02:31:20.579+0600][50.438s][info][gc,start    ] GC(42) Concurrent cleanup
[2026-04-03T02:31:20.580+0600][50.439s][info][gc          ] GC(42) Concurrent cleanup 452M->165M(538M) 0.566ms
[2026-04-03T02:31:20.580+0600][50.439s][info][gc,ergo     ] GC(42) Free: 1016M, Max: 512K regular, 729M humongous, Frag: 29% external, 0% internal; Reserve: 63732K, Max: 512K
[2026-04-03T02:31:20.580+0600][50.439s][info][gc,start    ] GC(42) Concurrent class unloading
[2026-04-03T02:31:20.580+0600][50.439s][info][gc,task     ] GC(42) Using 3 of 6 workers for concurrent class unloading
[2026-04-03T02:31:20.594+0600][50.453s][info][gc          ] GC(42) Concurrent class unloading 13.822ms
[2026-04-03T02:31:20.594+0600][50.453s][info][gc,start    ] GC(42) Concurrent strong roots
[2026-04-03T02:31:20.594+0600][50.453s][info][gc,task     ] GC(42) Using 3 of 6 workers for concurrent strong root
[2026-04-03T02:31:20.595+0600][50.454s][info][gc          ] GC(42) Concurrent strong roots 1.353ms
[2026-04-03T02:31:20.595+0600][50.454s][info][gc,start    ] GC(42) Concurrent evacuation
[2026-04-03T02:31:20.595+0600][50.454s][info][gc,task     ] GC(42) Using 3 of 6 workers for concurrent evacuation
[2026-04-03T02:31:20.597+0600][50.456s][info][gc          ] GC(42) Concurrent evacuation 1.925ms
[2026-04-03T02:31:20.597+0600][50.457s][info][gc,start    ] GC(42) Pause Init Update Refs
[2026-04-03T02:31:20.597+0600][50.457s][info][gc,ergo     ] GC(42) Pacer for Update Refs. Used: 174M, Free: 1012M, Non-Taxable: 101M, Alloc Tax Rate: 1.1x
[2026-04-03T02:31:20.597+0600][50.457s][info][gc          ] GC(42) Pause Init Update Refs 0.101ms
[2026-04-03T02:31:20.597+0600][50.457s][info][gc,start    ] GC(42) Concurrent update references
[2026-04-03T02:31:20.597+0600][50.457s][info][gc,task     ] GC(42) Using 3 of 6 workers for concurrent reference update
[2026-04-03T02:31:20.648+0600][50.508s][info][gc          ] GC(42) Concurrent update references 50.811ms
[2026-04-03T02:31:20.648+0600][50.508s][info][gc,start    ] GC(42) Concurrent update thread roots
[2026-04-03T02:31:20.650+0600][50.509s][info][gc          ] GC(42) Concurrent update thread roots 1.235ms
[2026-04-03T02:31:20.650+0600][50.509s][info][gc,start    ] GC(42) Pause Final Update Refs
[2026-04-03T02:31:20.650+0600][50.509s][info][gc,task     ] GC(42) Using 6 of 6 workers for final reference update
[2026-04-03T02:31:20.650+0600][50.509s][info][gc          ] GC(42) Pause Final Update Refs 0.170ms
[2026-04-03T02:31:20.650+0600][50.509s][info][gc,start    ] GC(42) Concurrent cleanup
[2026-04-03T02:31:20.651+0600][50.510s][info][gc          ] GC(42) Concurrent cleanup 205M->181M(538M) 0.489ms
[2026-04-03T02:31:20.651+0600][50.510s][info][gc,ergo     ] Free: 994M, Max: 512K regular, 726M humongous, Frag: 27% external, 0% internal; Reserve: 64000K, Max: 512K
[2026-04-03T02:31:20.651+0600][50.510s][info][gc,stats    ] 
[2026-04-03T02:31:20.651+0600][50.510s][info][gc,stats    ] All times are wall-clock times, except per-root-class counters, that are sum over
[2026-04-03T02:31:20.651+0600][50.510s][info][gc,stats    ] all workers. Dividing the <total> over the root stage time estimates parallelism.
[2026-04-03T02:31:20.651+0600][50.510s][info][gc,stats    ] 
[2026-04-03T02:31:20.651+0600][50.510s][info][gc,stats    ] Concurrent Reset                   1931 us
[2026-04-03T02:31:20.651+0600][50.510s][info][gc,stats    ] Pause Init Mark (G)                 361 us
[2026-04-03T02:31:20.651+0600][50.510s][info][gc,stats    ] Pause Init Mark (N)                 182 us
[2026-04-03T02:31:20.651+0600][50.510s][info][gc,stats    ]   Update Region States               34 us
[2026-04-03T02:31:20.651+0600][50.510s][info][gc,stats    ] Concurrent Mark Roots              2316 us, parallelism: 1.91x
[2026-04-03T02:31:20.651+0600][50.510s][info][gc,stats    ]   CMR: <total>                     4433 us
[2026-04-03T02:31:20.651+0600][50.510s][info][gc,stats    ]   CMR: Thread Roots                3882 us, workers (us): 1173, 1821, 889, ---, ---, ---, 
[2026-04-03T02:31:20.651+0600][50.510s][info][gc,stats    ]   CMR: VM Strong Roots               69 us, workers (us):  42,  27,   1, ---, ---, ---, 
[2026-04-03T02:31:20.651+0600][50.510s][info][gc,stats    ]   CMR: CLDG Roots                   481 us, workers (us): 481, ---, ---, ---, ---, ---, 
[2026-04-03T02:31:20.651+0600][50.510s][info][gc,stats    ] Concurrent Marking                56539 us
[2026-04-03T02:31:20.651+0600][50.510s][info][gc,stats    ] Pause Final Mark (G)                704 us
[2026-04-03T02:31:20.651+0600][50.510s][info][gc,stats    ] Pause Final Mark (N)                602 us
[2026-04-03T02:31:20.651+0600][50.510s][info][gc,stats    ]   Finish Mark                       283 us
[2026-04-03T02:31:20.651+0600][50.510s][info][gc,stats    ]   Update Region States               38 us
[2026-04-03T02:31:20.651+0600][50.510s][info][gc,stats    ]   Choose Collection Set             137 us
[2026-04-03T02:31:20.651+0600][50.510s][info][gc,stats    ]   Rebuild Free Set                   30 us
[2026-04-03T02:31:20.651+0600][50.510s][info][gc,stats    ] Concurrent Thread Roots            1194 us, parallelism: 2.24x
[2026-04-03T02:31:20.651+0600][50.510s][info][gc,stats    ]   CTR: <total>                     2678 us
[2026-04-03T02:31:20.651+0600][50.510s][info][gc,stats    ]   CTR: Thread Roots                2678 us, workers (us): 949, 873, 856, ---, ---, ---, 
[2026-04-03T02:31:20.651+0600][50.510s][info][gc,stats    ] Concurrent Weak References          940 us, parallelism: 0.95x
[2026-04-03T02:31:20.651+0600][50.510s][info][gc,stats    ]   CWRF: <total>                     893 us
[2026-04-03T02:31:20.651+0600][50.510s][info][gc,stats    ]   CWRF: Weak References             893 us, workers (us): 645,  60, 188, ---, ---, ---, 
[2026-04-03T02:31:20.651+0600][50.510s][info][gc,stats    ] Concurrent Weak Roots              5302 us
[2026-04-03T02:31:20.651+0600][50.510s][info][gc,stats    ]   Roots                            4722 us, parallelism: 2.69x
[2026-04-03T02:31:20.651+0600][50.510s][info][gc,stats    ]     CWR: <total>                  12712 us
[2026-04-03T02:31:20.651+0600][50.510s][info][gc,stats    ]     CWR: Code Cache Roots         10128 us, workers (us): 3251, 3507, 3369, ---, ---, ---, 
[2026-04-03T02:31:20.651+0600][50.510s][info][gc,stats    ]     CWR: VM Weak Roots             2389 us, workers (us): 846, 778, 765, ---, ---, ---, 
[2026-04-03T02:31:20.651+0600][50.510s][info][gc,stats    ]     CWR: CLDG Roots                 195 us, workers (us): 195, ---, ---, ---, ---, ---, 
[2026-04-03T02:31:20.651+0600][50.510s][info][gc,stats    ]   Rendezvous                        447 us
[2026-04-03T02:31:20.651+0600][50.510s][info][gc,stats    ] Concurrent Cleanup                  605 us
[2026-04-03T02:31:20.651+0600][50.510s][info][gc,stats    ] Concurrent Class Unloading        13948 us
[2026-04-03T02:31:20.651+0600][50.510s][info][gc,stats    ]   Unlink Stale                    13067 us
[2026-04-03T02:31:20.651+0600][50.510s][info][gc,stats    ]     System Dictionary               241 us
[2026-04-03T02:31:20.651+0600][50.510s][info][gc,stats    ]     Weak Class Links                  0 us
[2026-04-03T02:31:20.651+0600][50.510s][info][gc,stats    ]     Code Roots                    12822 us
[2026-04-03T02:31:20.651+0600][50.510s][info][gc,stats    ]   Rendezvous                        477 us
[2026-04-03T02:31:20.651+0600][50.510s][info][gc,stats    ]   Purge Unlinked                    243 us
[2026-04-03T02:31:20.651+0600][50.510s][info][gc,stats    ]     Code Roots                      232 us
[2026-04-03T02:31:20.651+0600][50.510s][info][gc,stats    ]     CLDG                             10 us
[2026-04-03T02:31:20.651+0600][50.510s][info][gc,stats    ]     Exception Caches                  0 us
[2026-04-03T02:31:20.651+0600][50.510s][info][gc,stats    ] Concurrent Strong Roots            1408 us, parallelism: 0.67x
[2026-04-03T02:31:20.651+0600][50.510s][info][gc,stats    ]   CSR: <total>                      941 us
[2026-04-03T02:31:20.651+0600][50.510s][info][gc,stats    ]   CSR: VM Strong Roots               61 us, workers (us):  40,  10,  11, ---, ---, ---, 
[2026-04-03T02:31:20.651+0600][50.510s][info][gc,stats    ]   CSR: CLDG Roots                   879 us, workers (us): 879, ---, ---, ---, ---, ---, 
[2026-04-03T02:31:20.651+0600][50.510s][info][gc,stats    ] Concurrent Evacuation              2004 us
[2026-04-03T02:31:20.651+0600][50.510s][info][gc,stats    ] Pause Init Update Refs (G)          251 us
[2026-04-03T02:31:20.651+0600][50.510s][info][gc,stats    ] Pause Init Update Refs (N)          122 us
[2026-04-03T02:31:20.651+0600][50.510s][info][gc,stats    ]   Manage GCLABs                      30 us
[2026-04-03T02:31:20.651+0600][50.510s][info][gc,stats    ] Concurrent Update Refs            50911 us
[2026-04-03T02:31:20.651+0600][50.510s][info][gc,stats    ] Concurrent Update Thread Roots     1259 us
[2026-04-03T02:31:20.651+0600][50.510s][info][gc,stats    ] Pause Final Update Refs (G)         534 us
[2026-04-03T02:31:20.651+0600][50.510s][info][gc,stats    ] Pause Final Update Refs (N)         181 us
[2026-04-03T02:31:20.651+0600][50.510s][info][gc,stats    ]   Update Region States               40 us
[2026-04-03T02:31:20.651+0600][50.510s][info][gc,stats    ]   Trash Collection Set                7 us
[2026-04-03T02:31:20.651+0600][50.510s][info][gc,stats    ]   Rebuild Free Set                   31 us
[2026-04-03T02:31:20.651+0600][50.511s][info][gc,stats    ] Concurrent Cleanup                  514 us
[2026-04-03T02:31:20.651+0600][50.511s][info][gc,stats    ] 
[2026-04-03T02:31:20.651+0600][50.511s][info][gc,stats    ] Allocation pacing accrued:
[2026-04-03T02:31:20.651+0600][50.511s][info][gc,stats    ]       0 of   143 ms (  0.0%): <total>
[2026-04-03T02:31:20.651+0600][50.511s][info][gc,stats    ]       0 of   143 ms (  0.0%): <average total>
[2026-04-03T02:31:20.651+0600][50.511s][info][gc,stats    ] 
[2026-04-03T02:31:20.651+0600][50.511s][info][gc,metaspace] Metaspace: 130556K(132480K)->130632K(132480K) NonClass: 114163K(115328K)->114227K(115328K) Class: 16393K(17152K)->16404K(17152K)
[2026-04-03T02:31:20.651+0600][50.511s][info][gc,ergo     ] Pacer for Idle. Initial: 25600K, Alloc Tax Rate: 1.0x
[2026-04-03T02:31:20.856+0600][50.715s][info][gc          ] Trigger: Learning 5 of 5. Free (874M) is below initial threshold (875M)
[2026-04-03T02:31:20.856+0600][50.715s][info][gc,ergo     ] Free: 874M, Max: 512K regular, 726M humongous, Frag: 17% external, 0% internal; Reserve: 64000K, Max: 512K
[2026-04-03T02:31:20.856+0600][50.715s][info][gc,start    ] GC(43) Concurrent reset
[2026-04-03T02:31:20.856+0600][50.715s][info][gc,task     ] GC(43) Using 3 of 6 workers for concurrent reset
[2026-04-03T02:31:20.856+0600][50.715s][info][gc,ergo     ] GC(43) Pacer for Reset. Non-Taxable: 1250M
[2026-04-03T02:31:20.857+0600][50.716s][info][gc          ] GC(43) Concurrent reset 0.593ms
[2026-04-03T02:31:20.857+0600][50.716s][info][gc,start    ] GC(43) Pause Init Mark (unload classes)
[2026-04-03T02:31:20.857+0600][50.716s][info][gc,task     ] GC(43) Using 6 of 6 workers for init marking
[2026-04-03T02:31:20.857+0600][50.716s][info][gc,ergo     ] GC(43) Pacer for Mark. Expected Live: 92957K, Free: 874M, Non-Taxable: 89528K, Alloc Tax Rate: 0.1x
[2026-04-03T02:31:20.857+0600][50.716s][info][gc          ] GC(43) Pause Init Mark (unload classes) 0.100ms
[2026-04-03T02:31:20.857+0600][50.716s][info][gc,start    ] GC(43) Concurrent marking roots
[2026-04-03T02:31:20.857+0600][50.716s][info][gc,task     ] GC(43) Using 3 of 6 workers for concurrent marking roots
[2026-04-03T02:31:20.858+0600][50.717s][info][gc          ] GC(43) Concurrent marking roots 0.984ms
[2026-04-03T02:31:20.858+0600][50.717s][info][gc,start    ] GC(43) Concurrent marking (unload classes)
[2026-04-03T02:31:20.858+0600][50.717s][info][gc,task     ] GC(43) Using 3 of 6 workers for concurrent marking
[2026-04-03T02:31:20.901+0600][50.761s][info][gc          ] GC(43) Concurrent marking (unload classes) 43.233ms
[2026-04-03T02:31:20.902+0600][50.761s][info][gc,start    ] GC(43) Pause Final Mark (unload classes)
[2026-04-03T02:31:20.902+0600][50.761s][info][gc,task     ] GC(43) Using 6 of 6 workers for final marking
[2026-04-03T02:31:20.902+0600][50.761s][info][gc,ergo     ] GC(43) Adaptive CSet Selection. Target Free: 177M, Actual Free: 1043M, Max CSet: 53333K, Min Garbage: 0B
[2026-04-03T02:31:20.902+0600][50.761s][info][gc,ergo     ] GC(43) Collectable Garbage: 197M (96%), Immediate: 124M (60%), CSet: 75108K (35%)
[2026-04-03T02:31:20.902+0600][50.761s][info][gc,ergo     ] GC(43) Pacer for Evacuation. Used CSet: 78316K, Free: 1000M, Non-Taxable: 100M, Alloc Tax Rate: 1.1x
[2026-04-03T02:31:20.902+0600][50.761s][info][gc          ] GC(43) Pause Final Mark (unload classes) 0.583ms
[2026-04-03T02:31:20.902+0600][50.762s][info][gc,start    ] GC(43) Concurrent thread roots
[2026-04-03T02:31:20.902+0600][50.762s][info][gc,task     ] GC(43) Using 3 of 6 workers for Concurrent thread roots
[2026-04-03T02:31:20.903+0600][50.763s][info][gc          ] GC(43) Concurrent thread roots 0.990ms
[2026-04-03T02:31:20.903+0600][50.763s][info][gc,start    ] GC(43) Concurrent weak references
[2026-04-03T02:31:20.903+0600][50.763s][info][gc,task     ] GC(43) Using 3 of 6 workers for concurrent weak references
[2026-04-03T02:31:20.904+0600][50.764s][info][gc,ref      ] GC(43) Encountered references: Soft: 3694, Weak: 14867, Final: 84, Phantom: 621
[2026-04-03T02:31:20.904+0600][50.764s][info][gc,ref      ] GC(43) Discovered  references: Soft: 0, Weak: 7706, Final: 48, Phantom: 617
[2026-04-03T02:31:20.904+0600][50.764s][info][gc,ref      ] GC(43) Enqueued    references: Soft: 0, Weak: 440, Final: 0, Phantom: 0
[2026-04-03T02:31:20.904+0600][50.764s][info][gc          ] GC(43) Concurrent weak references 0.954ms
[2026-04-03T02:31:20.904+0600][50.764s][info][gc,start    ] GC(43) Concurrent weak roots
[2026-04-03T02:31:20.904+0600][50.764s][info][gc,task     ] GC(43) Using 3 of 6 workers for concurrent weak root
[2026-04-03T02:31:20.909+0600][50.768s][info][gc          ] GC(43) Concurrent weak roots 4.565ms
[2026-04-03T02:31:20.909+0600][50.768s][info][gc,start    ] GC(43) Concurrent cleanup
[2026-04-03T02:31:20.909+0600][50.769s][info][gc          ] GC(43) Concurrent cleanup 311M->187M(538M) 0.509ms
[2026-04-03T02:31:20.910+0600][50.769s][info][gc,ergo     ] GC(43) Free: 998M, Max: 512K regular, 726M humongous, Frag: 28% external, 0% internal; Reserve: 63639K, Max: 512K
[2026-04-03T02:31:20.910+0600][50.769s][info][gc,start    ] GC(43) Concurrent class unloading
[2026-04-03T02:31:20.910+0600][50.769s][info][gc,task     ] GC(43) Using 3 of 6 workers for concurrent class unloading
[2026-04-03T02:31:20.946+0600][50.805s][info][gc          ] GC(43) Concurrent class unloading 35.987ms
[2026-04-03T02:31:20.946+0600][50.805s][info][gc,start    ] GC(43) Concurrent strong roots
[2026-04-03T02:31:20.946+0600][50.805s][info][gc,task     ] GC(43) Using 3 of 6 workers for concurrent strong root
[2026-04-03T02:31:20.947+0600][50.806s][info][gc          ] GC(43) Concurrent strong roots 1.321ms
[2026-04-03T02:31:20.947+0600][50.806s][info][gc,start    ] GC(43) Concurrent evacuation
[2026-04-03T02:31:20.947+0600][50.806s][info][gc,task     ] GC(43) Using 3 of 6 workers for concurrent evacuation
[2026-04-03T02:31:20.949+0600][50.808s][info][gc          ] GC(43) Concurrent evacuation 1.606ms
[2026-04-03T02:31:20.949+0600][50.808s][info][gc,start    ] GC(43) Pause Init Update Refs
[2026-04-03T02:31:20.949+0600][50.808s][info][gc,ergo     ] GC(43) Pacer for Update Refs. Used: 201M, Free: 987M, Non-Taxable: 101150K, Alloc Tax Rate: 1.1x
[2026-04-03T02:31:20.949+0600][50.808s][info][gc          ] GC(43) Pause Init Update Refs 0.106ms
[2026-04-03T02:31:20.949+0600][50.808s][info][gc,start    ] GC(43) Concurrent update references
[2026-04-03T02:31:20.949+0600][50.809s][info][gc,task     ] GC(43) Using 3 of 6 workers for concurrent reference update
[2026-04-03T02:31:20.984+0600][50.843s][info][gc          ] GC(43) Concurrent update references 34.400ms
[2026-04-03T02:31:20.984+0600][50.843s][info][gc,start    ] GC(43) Concurrent update thread roots
[2026-04-03T02:31:20.985+0600][50.844s][info][gc          ] GC(43) Concurrent update thread roots 1.370ms
[2026-04-03T02:31:20.985+0600][50.845s][info][gc,start    ] GC(43) Pause Final Update Refs
[2026-04-03T02:31:20.985+0600][50.845s][info][gc,task     ] GC(43) Using 6 of 6 workers for final reference update
[2026-04-03T02:31:20.985+0600][50.845s][info][gc          ] GC(43) Pause Final Update Refs 0.184ms
[2026-04-03T02:31:20.986+0600][50.845s][info][gc,start    ] GC(43) Concurrent cleanup
[2026-04-03T02:31:20.986+0600][50.845s][info][gc          ] GC(43) Concurrent cleanup 212M->136M(538M) 0.510ms
[2026-04-03T02:31:20.986+0600][50.846s][info][gc,ergo     ] Free: 1049M, Max: 512K regular, 728M humongous, Frag: 31% external, 0% internal; Reserve: 64000K, Max: 512K
[2026-04-03T02:31:20.986+0600][50.846s][info][gc,stats    ] 
[2026-04-03T02:31:20.986+0600][50.846s][info][gc,stats    ] All times are wall-clock times, except per-root-class counters, that are sum over
[2026-04-03T02:31:20.986+0600][50.846s][info][gc,stats    ] all workers. Dividing the <total> over the root stage time estimates parallelism.
[2026-04-03T02:31:20.986+0600][50.846s][info][gc,stats    ] 
[2026-04-03T02:31:20.986+0600][50.846s][info][gc,stats    ] Concurrent Reset                    637 us
[2026-04-03T02:31:20.986+0600][50.846s][info][gc,stats    ] Pause Init Mark (G)                 268 us
[2026-04-03T02:31:20.986+0600][50.846s][info][gc,stats    ] Pause Init Mark (N)                 107 us
[2026-04-03T02:31:20.986+0600][50.846s][info][gc,stats    ]   Update Region States               18 us
[2026-04-03T02:31:20.986+0600][50.846s][info][gc,stats    ] Concurrent Mark Roots              1010 us, parallelism: 2.05x
[2026-04-03T02:31:20.986+0600][50.846s][info][gc,stats    ]   CMR: <total>                     2076 us
[2026-04-03T02:31:20.986+0600][50.846s][info][gc,stats    ]   CMR: Thread Roots                1772 us, workers (us): 685, 413, 675, ---, ---, ---, 
[2026-04-03T02:31:20.986+0600][50.846s][info][gc,stats    ]   CMR: VM Strong Roots               28 us, workers (us):  24,   4,   0, ---, ---, ---, 
[2026-04-03T02:31:20.986+0600][50.846s][info][gc,stats    ]   CMR: CLDG Roots                   275 us, workers (us): ---, 275, ---, ---, ---, ---, 
[2026-04-03T02:31:20.986+0600][50.846s][info][gc,stats    ] Concurrent Marking                43353 us
[2026-04-03T02:31:20.986+0600][50.846s][info][gc,stats    ] Pause Final Mark (G)                906 us
[2026-04-03T02:31:20.986+0600][50.846s][info][gc,stats    ] Pause Final Mark (N)                593 us
[2026-04-03T02:31:20.986+0600][50.846s][info][gc,stats    ]   Finish Mark                       263 us
[2026-04-03T02:31:20.986+0600][50.846s][info][gc,stats    ]   Update Region States               36 us
[2026-04-03T02:31:20.986+0600][50.846s][info][gc,stats    ]   Choose Collection Set             161 us
[2026-04-03T02:31:20.987+0600][50.846s][info][gc,stats    ]   Rebuild Free Set                   29 us
[2026-04-03T02:31:20.987+0600][50.846s][info][gc,stats    ] Concurrent Thread Roots            1019 us, parallelism: 2.29x
[2026-04-03T02:31:20.987+0600][50.846s][info][gc,stats    ]   CTR: <total>                     2333 us
[2026-04-03T02:31:20.987+0600][50.846s][info][gc,stats    ]   CTR: Thread Roots                2333 us, workers (us): 819, 818, 696, ---, ---, ---, 
[2026-04-03T02:31:20.987+0600][50.846s][info][gc,stats    ] Concurrent Weak References          967 us, parallelism: 1.05x
[2026-04-03T02:31:20.987+0600][50.846s][info][gc,stats    ]   CWRF: <total>                    1015 us
[2026-04-03T02:31:20.987+0600][50.846s][info][gc,stats    ]   CWRF: Weak References            1015 us, workers (us):  98, 216, 701, ---, ---, ---, 
[2026-04-03T02:31:20.987+0600][50.846s][info][gc,stats    ] Concurrent Weak Roots              4659 us
[2026-04-03T02:31:20.987+0600][50.846s][info][gc,stats    ]   Roots                            3999 us, parallelism: 2.56x
[2026-04-03T02:31:20.987+0600][50.846s][info][gc,stats    ]     CWR: <total>                  10254 us
[2026-04-03T02:31:20.987+0600][50.846s][info][gc,stats    ]     CWR: Code Cache Roots          7590 us, workers (us): 2363, 2702, 2525, ---, ---, ---, 
[2026-04-03T02:31:20.987+0600][50.846s][info][gc,stats    ]     CWR: VM Weak Roots             2482 us, workers (us): 852, 839, 792, ---, ---, ---, 
[2026-04-03T02:31:20.987+0600][50.846s][info][gc,stats    ]     CWR: CLDG Roots                 182 us, workers (us): 182, ---, ---, ---, ---, ---, 
[2026-04-03T02:31:20.987+0600][50.846s][info][gc,stats    ]   Rendezvous                        534 us
[2026-04-03T02:31:20.987+0600][50.846s][info][gc,stats    ] Concurrent Cleanup                  525 us
[2026-04-03T02:31:20.987+0600][50.846s][info][gc,stats    ] Concurrent Class Unloading        36072 us
[2026-04-03T02:31:20.987+0600][50.846s][info][gc,stats    ]   Unlink Stale                    34892 us
[2026-04-03T02:31:20.987+0600][50.846s][info][gc,stats    ]     System Dictionary               533 us
[2026-04-03T02:31:20.987+0600][50.846s][info][gc,stats    ]     Weak Class Links              19705 us
[2026-04-03T02:31:20.987+0600][50.846s][info][gc,stats    ]     Code Roots                    14649 us
[2026-04-03T02:31:20.987+0600][50.846s][info][gc,stats    ]   Rendezvous                        418 us
[2026-04-03T02:31:20.987+0600][50.846s][info][gc,stats    ]   Purge Unlinked                    646 us
[2026-04-03T02:31:20.987+0600][50.846s][info][gc,stats    ]     Code Roots                      591 us
[2026-04-03T02:31:20.987+0600][50.846s][info][gc,stats    ]     CLDG                             54 us
[2026-04-03T02:31:20.987+0600][50.846s][info][gc,stats    ]     Exception Caches                  0 us
[2026-04-03T02:31:20.987+0600][50.846s][info][gc,stats    ] Concurrent Strong Roots            1378 us, parallelism: 0.61x
[2026-04-03T02:31:20.987+0600][50.846s][info][gc,stats    ]   CSR: <total>                      839 us
[2026-04-03T02:31:20.987+0600][50.846s][info][gc,stats    ]   CSR: VM Strong Roots               70 us, workers (us):  51,  17,   1, ---, ---, ---, 
[2026-04-03T02:31:20.987+0600][50.846s][info][gc,stats    ]   CSR: CLDG Roots                   769 us, workers (us): 769, ---, ---, ---, ---, ---, 
[2026-04-03T02:31:20.987+0600][50.846s][info][gc,stats    ] Concurrent Evacuation              1662 us
[2026-04-03T02:31:20.987+0600][50.846s][info][gc,stats    ] Pause Init Update Refs (G)          484 us
[2026-04-03T02:31:20.987+0600][50.846s][info][gc,stats    ] Pause Init Update Refs (N)          118 us
[2026-04-03T02:31:20.987+0600][50.846s][info][gc,stats    ]   Manage GCLABs                      37 us
[2026-04-03T02:31:20.987+0600][50.846s][info][gc,stats    ] Concurrent Update Refs            34497 us
[2026-04-03T02:31:20.987+0600][50.846s][info][gc,stats    ] Concurrent Update Thread Roots     1466 us
[2026-04-03T02:31:20.987+0600][50.846s][info][gc,stats    ] Pause Final Update Refs (G)         527 us
[2026-04-03T02:31:20.987+0600][50.846s][info][gc,stats    ] Pause Final Update Refs (N)         217 us
[2026-04-03T02:31:20.987+0600][50.846s][info][gc,stats    ]   Update Region States               40 us
[2026-04-03T02:31:20.987+0600][50.846s][info][gc,stats    ]   Trash Collection Set               10 us
[2026-04-03T02:31:20.987+0600][50.846s][info][gc,stats    ]   Rebuild Free Set                   31 us
[2026-04-03T02:31:20.987+0600][50.846s][info][gc,stats    ] Concurrent Cleanup                  543 us
[2026-04-03T02:31:20.987+0600][50.846s][info][gc,stats    ] 
[2026-04-03T02:31:20.987+0600][50.846s][info][gc,stats    ] Allocation pacing accrued:
[2026-04-03T02:31:20.987+0600][50.846s][info][gc,stats    ]       0 of   336 ms (  0.0%): <total>
[2026-04-03T02:31:20.987+0600][50.846s][info][gc,stats    ]       0 of   336 ms (  0.0%): <average total>
[2026-04-03T02:31:20.987+0600][50.846s][info][gc,stats    ] 
[2026-04-03T02:31:20.987+0600][50.846s][info][gc,metaspace] Metaspace: 130670K(132480K)->130661K(132480K) NonClass: 114260K(115328K)->114252K(115328K) Class: 16410K(17152K)->16409K(17152K)
[2026-04-03T02:31:20.987+0600][50.846s][info][gc,ergo     ] Pacer for Idle. Initial: 25600K, Alloc Tax Rate: 1.0x
[2026-04-03T02:31:21.957+0600][51.816s][info][gc          ] Trigger: Average GC time (151.75 ms) is above the time for average allocation rate (952 MB/s) to deplete free headroom (144M) (margin of error = 1.88)
[2026-04-03T02:31:21.957+0600][51.816s][info][gc,ergo     ] Free headroom: 206M (free) - 64000K (spike) - 0B (penalties) = 144M
[2026-04-03T02:31:21.957+0600][51.816s][info][gc,ergo     ] Free: 206M, Max: 512K regular, 206M humongous, Frag: 0% external, 0% internal; Reserve: 64000K, Max: 512K
[2026-04-03T02:31:21.957+0600][51.816s][info][gc,start    ] GC(44) Concurrent reset
[2026-04-03T02:31:21.957+0600][51.816s][info][gc,task     ] GC(44) Using 3 of 6 workers for concurrent reset
[2026-04-03T02:31:21.957+0600][51.816s][info][gc,ergo     ] GC(44) Pacer for Reset. Non-Taxable: 1250M
[2026-04-03T02:31:21.960+0600][51.819s][info][gc          ] GC(44) Concurrent reset 3.145ms
[2026-04-03T02:31:21.960+0600][51.820s][info][gc,start    ] GC(44) Pause Init Mark (unload classes)
[2026-04-03T02:31:21.960+0600][51.820s][info][gc,task     ] GC(44) Using 6 of 6 workers for init marking
[2026-04-03T02:31:21.960+0600][51.820s][info][gc,ergo     ] GC(44) Pacer for Mark. Expected Live: 92324K, Free: 203M, Non-Taxable: 20819K, Alloc Tax Rate: 0.5x
[2026-04-03T02:31:21.960+0600][51.820s][info][gc          ] GC(44) Pause Init Mark (unload classes) 0.179ms
[2026-04-03T02:31:21.961+0600][51.820s][info][gc,start    ] GC(44) Concurrent marking roots
[2026-04-03T02:31:21.961+0600][51.820s][info][gc,task     ] GC(44) Using 3 of 6 workers for concurrent marking roots
[2026-04-03T02:31:21.964+0600][51.823s][info][gc          ] GC(44) Concurrent marking roots 3.203ms
[2026-04-03T02:31:21.964+0600][51.823s][info][gc,start    ] GC(44) Concurrent marking (unload classes)
[2026-04-03T02:31:21.964+0600][51.823s][info][gc,task     ] GC(44) Using 3 of 6 workers for concurrent marking
[2026-04-03T02:31:22.020+0600][51.880s][info][gc          ] GC(44) Concurrent marking (unload classes) 56.527ms
[2026-04-03T02:31:22.021+0600][51.880s][info][gc,start    ] GC(44) Pause Final Mark (unload classes)
[2026-04-03T02:31:22.021+0600][51.880s][info][gc,task     ] GC(44) Using 6 of 6 workers for final marking
[2026-04-03T02:31:22.021+0600][51.880s][info][gc,ergo     ] GC(44) Adaptive CSet Selection. Target Free: 177M, Actual Free: 859M, Max CSet: 53333K, Min Garbage: 0B
[2026-04-03T02:31:22.021+0600][51.880s][info][gc,ergo     ] GC(44) Collectable Garbage: 801M (98%), Immediate: 624M (77%), CSet: 176M (21%)
[2026-04-03T02:31:22.021+0600][51.881s][info][gc,ergo     ] GC(44) Pacer for Evacuation. Used CSet: 182M, Free: 880M, Non-Taxable: 90135K, Alloc Tax Rate: 1.1x
[2026-04-03T02:31:22.021+0600][51.881s][info][gc          ] GC(44) Pause Final Mark (unload classes) 0.682ms
[2026-04-03T02:31:22.021+0600][51.881s][info][gc,start    ] GC(44) Concurrent thread roots
[2026-04-03T02:31:22.021+0600][51.881s][info][gc,task     ] GC(44) Using 3 of 6 workers for Concurrent thread roots
[2026-04-03T02:31:22.023+0600][51.882s][info][gc          ] GC(44) Concurrent thread roots 1.150ms
[2026-04-03T02:31:22.023+0600][51.882s][info][gc,start    ] GC(44) Concurrent weak references
[2026-04-03T02:31:22.023+0600][51.882s][info][gc,task     ] GC(44) Using 3 of 6 workers for concurrent weak references
[2026-04-03T02:31:22.023+0600][51.883s][info][gc,ref      ] GC(44) Encountered references: Soft: 3713, Weak: 15871, Final: 84, Phantom: 621
[2026-04-03T02:31:22.023+0600][51.883s][info][gc,ref      ] GC(44) Discovered  references: Soft: 0, Weak: 9789, Final: 52, Phantom: 606
[2026-04-03T02:31:22.023+0600][51.883s][info][gc,ref      ] GC(44) Enqueued    references: Soft: 0, Weak: 48, Final: 0, Phantom: 0
[2026-04-03T02:31:22.023+0600][51.883s][info][gc          ] GC(44) Concurrent weak references 0.773ms
[2026-04-03T02:31:22.023+0600][51.883s][info][gc,start    ] GC(44) Concurrent weak roots
[2026-04-03T02:31:22.023+0600][51.883s][info][gc,task     ] GC(44) Using 3 of 6 workers for concurrent weak root
[2026-04-03T02:31:22.027+0600][51.887s][info][gc          ] GC(44) Concurrent weak roots 4.002ms
[2026-04-03T02:31:22.027+0600][51.887s][info][gc,start    ] GC(44) Concurrent cleanup
[2026-04-03T02:31:22.028+0600][51.887s][info][gc          ] GC(44) Concurrent cleanup 926M->302M(1027M) 0.483ms
[2026-04-03T02:31:22.028+0600][51.887s][info][gc,ergo     ] GC(44) Free: 879M, Max: 512K regular, 172M humongous, Frag: 81% external, 0% internal; Reserve: 63528K, Max: 512K
[2026-04-03T02:31:22.028+0600][51.887s][info][gc,start    ] GC(44) Concurrent class unloading
[2026-04-03T02:31:22.028+0600][51.887s][info][gc,task     ] GC(44) Using 3 of 6 workers for concurrent class unloading
[2026-04-03T02:31:22.049+0600][51.908s][info][gc          ] GC(44) Concurrent class unloading 20.561ms
[2026-04-03T02:31:22.049+0600][51.908s][info][gc,start    ] GC(44) Concurrent strong roots
[2026-04-03T02:31:22.049+0600][51.908s][info][gc,task     ] GC(44) Using 3 of 6 workers for concurrent strong root
[2026-04-03T02:31:22.050+0600][51.909s][info][gc          ] GC(44) Concurrent strong roots 1.315ms
[2026-04-03T02:31:22.050+0600][51.909s][info][gc,start    ] GC(44) Concurrent evacuation
[2026-04-03T02:31:22.050+0600][51.909s][info][gc,task     ] GC(44) Using 3 of 6 workers for concurrent evacuation
[2026-04-03T02:31:22.055+0600][51.914s][info][gc          ] GC(44) Concurrent evacuation 5.024ms
[2026-04-03T02:31:22.056+0600][51.915s][info][gc,start    ] GC(44) Pause Init Update Refs
[2026-04-03T02:31:22.056+0600][51.915s][info][gc,ergo     ] GC(44) Pacer for Update Refs. Used: 327M, Free: 860M, Non-Taxable: 88138K, Alloc Tax Rate: 1.1x
[2026-04-03T02:31:22.056+0600][51.915s][info][gc          ] GC(44) Pause Init Update Refs 0.139ms
[2026-04-03T02:31:22.056+0600][51.915s][info][gc,start    ] GC(44) Concurrent update references
[2026-04-03T02:31:22.056+0600][51.915s][info][gc,task     ] GC(44) Using 3 of 6 workers for concurrent reference update
[2026-04-03T02:31:22.101+0600][51.960s][info][gc          ] GC(44) Concurrent update references 44.795ms
[2026-04-03T02:31:22.101+0600][51.960s][info][gc,start    ] GC(44) Concurrent update thread roots
[2026-04-03T02:31:22.102+0600][51.962s][info][gc          ] GC(44) Concurrent update thread roots 1.410ms
[2026-04-03T02:31:22.103+0600][51.962s][info][gc,start    ] GC(44) Pause Final Update Refs
[2026-04-03T02:31:22.103+0600][51.962s][info][gc,task     ] GC(44) Using 6 of 6 workers for final reference update
[2026-04-03T02:31:22.103+0600][51.962s][info][gc          ] GC(44) Pause Final Update Refs 0.300ms
[2026-04-03T02:31:22.103+0600][51.962s][info][gc,start    ] GC(44) Concurrent cleanup
[2026-04-03T02:31:22.104+0600][51.963s][info][gc          ] GC(44) Concurrent cleanup 366M->184M(1027M) 0.627ms
[2026-04-03T02:31:22.104+0600][51.963s][info][gc,ergo     ] Free: 992M, Max: 512K regular, 534M humongous, Frag: 47% external, 0% internal; Reserve: 64000K, Max: 512K
[2026-04-03T02:31:22.104+0600][51.963s][info][gc,stats    ] 
[2026-04-03T02:31:22.104+0600][51.963s][info][gc,stats    ] All times are wall-clock times, except per-root-class counters, that are sum over
[2026-04-03T02:31:22.104+0600][51.963s][info][gc,stats    ] all workers. Dividing the <total> over the root stage time estimates parallelism.
[2026-04-03T02:31:22.104+0600][51.963s][info][gc,stats    ] 
[2026-04-03T02:31:22.104+0600][51.963s][info][gc,stats    ] Concurrent Reset                   3236 us
[2026-04-03T02:31:22.104+0600][51.963s][info][gc,stats    ] Pause Init Mark (G)                 458 us
[2026-04-03T02:31:22.104+0600][51.963s][info][gc,stats    ] Pause Init Mark (N)                 195 us
[2026-04-03T02:31:22.104+0600][51.963s][info][gc,stats    ]   Update Region States               39 us
[2026-04-03T02:31:22.104+0600][51.963s][info][gc,stats    ] Concurrent Mark Roots              3268 us, parallelism: 2.38x
[2026-04-03T02:31:22.104+0600][51.963s][info][gc,stats    ]   CMR: <total>                     7793 us
[2026-04-03T02:31:22.104+0600][51.963s][info][gc,stats    ]   CMR: Thread Roots                7330 us, workers (us): 2532, 2748, 2049, ---, ---, ---, 
[2026-04-03T02:31:22.104+0600][51.963s][info][gc,stats    ]   CMR: VM Strong Roots               62 us, workers (us):  32,  17,  13, ---, ---, ---, 
[2026-04-03T02:31:22.104+0600][51.963s][info][gc,stats    ]   CMR: CLDG Roots                   401 us, workers (us): ---, ---, 401, ---, ---, ---, 
[2026-04-03T02:31:22.104+0600][51.963s][info][gc,stats    ] Concurrent Marking                56607 us
[2026-04-03T02:31:22.104+0600][51.963s][info][gc,stats    ] Pause Final Mark (G)               1007 us
[2026-04-03T02:31:22.104+0600][51.963s][info][gc,stats    ] Pause Final Mark (N)                696 us
[2026-04-03T02:31:22.104+0600][51.963s][info][gc,stats    ]   Finish Mark                       256 us
[2026-04-03T02:31:22.104+0600][51.963s][info][gc,stats    ]   Update Region States               43 us
[2026-04-03T02:31:22.104+0600][51.963s][info][gc,stats    ]   Choose Collection Set             230 us
[2026-04-03T02:31:22.104+0600][51.963s][info][gc,stats    ]   Rebuild Free Set                   30 us
[2026-04-03T02:31:22.104+0600][51.963s][info][gc,stats    ] Concurrent Thread Roots            1186 us, parallelism: 2.42x
[2026-04-03T02:31:22.104+0600][51.963s][info][gc,stats    ]   CTR: <total>                     2870 us
[2026-04-03T02:31:22.104+0600][51.963s][info][gc,stats    ]   CTR: Thread Roots                2870 us, workers (us): 1005, 954, 911, ---, ---, ---, 
[2026-04-03T02:31:22.104+0600][51.963s][info][gc,stats    ] Concurrent Weak References          786 us, parallelism: 1.51x
[2026-04-03T02:31:22.104+0600][51.963s][info][gc,stats    ]   CWRF: <total>                    1183 us
[2026-04-03T02:31:22.104+0600][51.963s][info][gc,stats    ]   CWRF: Weak References            1183 us, workers (us): 330, 272, 580, ---, ---, ---, 
[2026-04-03T02:31:22.104+0600][51.963s][info][gc,stats    ] Concurrent Weak Roots              4076 us
[2026-04-03T02:31:22.104+0600][51.964s][info][gc,stats    ]   Roots                            3586 us, parallelism: 2.62x
[2026-04-03T02:31:22.104+0600][51.964s][info][gc,stats    ]     CWR: <total>                   9390 us
[2026-04-03T02:31:22.104+0600][51.964s][info][gc,stats    ]     CWR: Code Cache Roots          7193 us, workers (us): 2322, 2432, 2439, ---, ---, ---, 
[2026-04-03T02:31:22.104+0600][51.964s][info][gc,stats    ]     CWR: VM Weak Roots             2038 us, workers (us): 709, 671, 658, ---, ---, ---, 
[2026-04-03T02:31:22.104+0600][51.964s][info][gc,stats    ]     CWR: CLDG Roots                 159 us, workers (us): 159, ---, ---, ---, ---, ---, 
[2026-04-03T02:31:22.104+0600][51.964s][info][gc,stats    ]   Rendezvous                        392 us
[2026-04-03T02:31:22.104+0600][51.964s][info][gc,stats    ] Concurrent Cleanup                  511 us
[2026-04-03T02:31:22.104+0600][51.964s][info][gc,stats    ] Concurrent Class Unloading        20703 us
[2026-04-03T02:31:22.104+0600][51.964s][info][gc,stats    ]   Unlink Stale                    15111 us
[2026-04-03T02:31:22.104+0600][51.964s][info][gc,stats    ]     System Dictionary               273 us
[2026-04-03T02:31:22.104+0600][51.964s][info][gc,stats    ]     Weak Class Links                  0 us
[2026-04-03T02:31:22.104+0600][51.964s][info][gc,stats    ]     Code Roots                    14834 us
[2026-04-03T02:31:22.104+0600][51.964s][info][gc,stats    ]   Rendezvous                        389 us
[2026-04-03T02:31:22.104+0600][51.964s][info][gc,stats    ]   Purge Unlinked                   5017 us
[2026-04-03T02:31:22.104+0600][51.964s][info][gc,stats    ]     Code Roots                     4990 us
[2026-04-03T02:31:22.104+0600][51.964s][info][gc,stats    ]     CLDG                             24 us
[2026-04-03T02:31:22.104+0600][51.964s][info][gc,stats    ]     Exception Caches                  0 us
[2026-04-03T02:31:22.104+0600][51.964s][info][gc,stats    ] Concurrent Strong Roots            1391 us, parallelism: 0.63x
[2026-04-03T02:31:22.104+0600][51.964s][info][gc,stats    ]   CSR: <total>                      878 us
[2026-04-03T02:31:22.104+0600][51.964s][info][gc,stats    ]   CSR: VM Strong Roots               75 us, workers (us):  73,   1,   0, ---, ---, ---, 
[2026-04-03T02:31:22.104+0600][51.964s][info][gc,stats    ]   CSR: CLDG Roots                   804 us, workers (us): 804, ---, ---, ---, ---, ---, 
[2026-04-03T02:31:22.104+0600][51.964s][info][gc,stats    ] Concurrent Evacuation              5132 us
[2026-04-03T02:31:22.104+0600][51.964s][info][gc,stats    ] Pause Init Update Refs (G)          567 us
[2026-04-03T02:31:22.104+0600][51.964s][info][gc,stats    ] Pause Init Update Refs (N)          153 us
[2026-04-03T02:31:22.105+0600][51.964s][info][gc,stats    ]   Manage GCLABs                      35 us
[2026-04-03T02:31:22.105+0600][51.964s][info][gc,stats    ] Concurrent Update Refs            44944 us
[2026-04-03T02:31:22.105+0600][51.964s][info][gc,stats    ] Concurrent Update Thread Roots     1476 us
[2026-04-03T02:31:22.105+0600][51.964s][info][gc,stats    ] Pause Final Update Refs (G)         694 us
[2026-04-03T02:31:22.105+0600][51.964s][info][gc,stats    ] Pause Final Update Refs (N)         318 us
[2026-04-03T02:31:22.105+0600][51.964s][info][gc,stats    ]   Update Region States              106 us
[2026-04-03T02:31:22.105+0600][51.964s][info][gc,stats    ]   Trash Collection Set               25 us
[2026-04-03T02:31:22.105+0600][51.964s][info][gc,stats    ]   Rebuild Free Set                   55 us
[2026-04-03T02:31:22.105+0600][51.964s][info][gc,stats    ] Concurrent Cleanup                  672 us
[2026-04-03T02:31:22.105+0600][51.964s][info][gc,stats    ] Pacing                            33512 us
[2026-04-03T02:31:22.105+0600][51.964s][info][gc,stats    ] 
[2026-04-03T02:31:22.105+0600][51.964s][info][gc,stats    ] Allocation pacing accrued:
[2026-04-03T02:31:22.105+0600][51.964s][info][gc,stats    ]      11 of  1118 ms (  1.0%): Spark Context Cleaner
[2026-04-03T02:31:22.105+0600][51.964s][info][gc,stats    ]      23 of  1118 ms (  2.0%): task-result-getter-1
[2026-04-03T02:31:22.105+0600][51.964s][info][gc,stats    ]      34 of  1118 ms (  3.0%): <total>
[2026-04-03T02:31:22.105+0600][51.964s][info][gc,stats    ]       0 of  1118 ms (  0.0%): <average total>
[2026-04-03T02:31:22.105+0600][51.964s][info][gc,stats    ]      17 of  1118 ms (  1.5%): <average non-zero>
[2026-04-03T02:31:22.105+0600][51.964s][info][gc,stats    ] 
[2026-04-03T02:31:22.105+0600][51.964s][info][gc,metaspace] Metaspace: 130802K(132544K)->130823K(132544K) NonClass: 114374K(115392K)->114394K(115392K) Class: 16427K(17152K)->16428K(17152K)
[2026-04-03T02:31:22.105+0600][51.964s][info][gc,ergo     ] Pacer for Idle. Initial: 25600K, Alloc Tax Rate: 1.0x
[2026-04-03T02:31:22.921+0600][52.781s][info][gc          ] Trigger: Average GC time (157.38 ms) is above the time for average allocation rate (1211 MB/s) to deplete free headroom (190M) (margin of error = 1.88)
[2026-04-03T02:31:22.921+0600][52.781s][info][gc,ergo     ] Free headroom: 252M (free) - 64000K (spike) - 0B (penalties) = 190M
[2026-04-03T02:31:22.921+0600][52.781s][info][gc,ergo     ] Free: 251M, Max: 512K regular, 168M humongous, Frag: 34% external, 1% internal; Reserve: 64000K, Max: 512K
[2026-04-03T02:31:22.921+0600][52.781s][info][gc,start    ] GC(45) Concurrent reset
[2026-04-03T02:31:22.921+0600][52.781s][info][gc,task     ] GC(45) Using 3 of 6 workers for concurrent reset
[2026-04-03T02:31:22.921+0600][52.781s][info][gc,ergo     ] GC(45) Pacer for Reset. Non-Taxable: 1250M
[2026-04-03T02:31:22.928+0600][52.787s][info][gc          ] GC(45) Concurrent reset 6.441ms
[2026-04-03T02:31:22.928+0600][52.788s][info][gc,start    ] GC(45) Pause Init Mark (unload classes)
[2026-04-03T02:31:22.928+0600][52.788s][info][gc,task     ] GC(45) Using 6 of 6 workers for init marking
[2026-04-03T02:31:22.928+0600][52.788s][info][gc,ergo     ] GC(45) Pacer for Mark. Expected Live: 93151K, Free: 248M, Non-Taxable: 25428K, Alloc Tax Rate: 0.4x
[2026-04-03T02:31:22.928+0600][52.788s][info][gc          ] GC(45) Pause Init Mark (unload classes) 0.157ms
[2026-04-03T02:31:22.929+0600][52.788s][info][gc,start    ] GC(45) Concurrent marking roots
[2026-04-03T02:31:22.929+0600][52.788s][info][gc,task     ] GC(45) Using 3 of 6 workers for concurrent marking roots
[2026-04-03T02:31:22.934+0600][52.793s][info][gc          ] GC(45) Concurrent marking roots 5.247ms
[2026-04-03T02:31:22.934+0600][52.793s][info][gc,start    ] GC(45) Concurrent marking (unload classes)
[2026-04-03T02:31:22.934+0600][52.793s][info][gc,task     ] GC(45) Using 3 of 6 workers for concurrent marking
[2026-04-03T02:31:22.990+0600][52.849s][info][gc          ] GC(45) Concurrent marking (unload classes) 55.752ms
[2026-04-03T02:31:22.990+0600][52.849s][info][gc,start    ] GC(45) Pause Final Mark (unload classes)
[2026-04-03T02:31:22.990+0600][52.849s][info][gc,task     ] GC(45) Using 6 of 6 workers for final marking
[2026-04-03T02:31:22.990+0600][52.850s][info][gc,ergo     ] GC(45) Adaptive CSet Selection. Target Free: 177M, Actual Free: 831M, Max CSet: 53333K, Min Garbage: 0B
[2026-04-03T02:31:22.990+0600][52.850s][info][gc,ergo     ] GC(45) Collectable Garbage: 764M (98%), Immediate: 560M (72%), CSet: 203M (26%)
[2026-04-03T02:31:22.991+0600][52.850s][info][gc,ergo     ] GC(45) Pacer for Evacuation. Used CSet: 209M, Free: 843M, Non-Taxable: 86398K, Alloc Tax Rate: 1.1x
[2026-04-03T02:31:22.991+0600][52.850s][info][gc          ] GC(45) Pause Final Mark (unload classes) 0.748ms
[2026-04-03T02:31:22.991+0600][52.850s][info][gc,start    ] GC(45) Concurrent thread roots
[2026-04-03T02:31:22.991+0600][52.850s][info][gc,task     ] GC(45) Using 3 of 6 workers for Concurrent thread roots
[2026-04-03T02:31:22.995+0600][52.855s][info][gc          ] GC(45) Concurrent thread roots 4.425ms
[2026-04-03T02:31:22.995+0600][52.855s][info][gc,start    ] GC(45) Concurrent weak references
[2026-04-03T02:31:22.995+0600][52.855s][info][gc,task     ] GC(45) Using 3 of 6 workers for concurrent weak references
[2026-04-03T02:31:22.997+0600][52.856s][info][gc,ref      ] GC(45) Encountered references: Soft: 3731, Weak: 17069, Final: 84, Phantom: 621
[2026-04-03T02:31:22.997+0600][52.856s][info][gc,ref      ] GC(45) Discovered  references: Soft: 0, Weak: 10094, Final: 52, Phantom: 220
[2026-04-03T02:31:22.997+0600][52.856s][info][gc,ref      ] GC(45) Enqueued    references: Soft: 0, Weak: 1633, Final: 0, Phantom: 0
[2026-04-03T02:31:22.997+0600][52.856s][info][gc          ] GC(45) Concurrent weak references 1.519ms
[2026-04-03T02:31:22.997+0600][52.856s][info][gc,start    ] GC(45) Concurrent weak roots
[2026-04-03T02:31:22.997+0600][52.856s][info][gc,task     ] GC(45) Using 3 of 6 workers for concurrent weak root
[2026-04-03T02:31:23.005+0600][52.865s][info][gc          ] GC(45) Concurrent weak roots 8.488ms
[2026-04-03T02:31:23.005+0600][52.865s][info][gc,start    ] GC(45) Concurrent cleanup
[2026-04-03T02:31:23.006+0600][52.865s][info][gc          ] GC(45) Concurrent cleanup 914M->353M(1027M) 0.616ms
[2026-04-03T02:31:23.006+0600][52.865s][info][gc,ergo     ] GC(45) Free: 828M, Max: 512K regular, 168M humongous, Frag: 80% external, 0% internal; Reserve: 63379K, Max: 512K
[2026-04-03T02:31:23.006+0600][52.865s][info][gc,start    ] GC(45) Concurrent class unloading
[2026-04-03T02:31:23.006+0600][52.866s][info][gc,task     ] GC(45) Using 3 of 6 workers for concurrent class unloading
[2026-04-03T02:31:23.029+0600][52.888s][info][gc          ] GC(45) Concurrent class unloading 22.469ms
[2026-04-03T02:31:23.029+0600][52.888s][info][gc,start    ] GC(45) Concurrent strong roots
[2026-04-03T02:31:23.029+0600][52.888s][info][gc,task     ] GC(45) Using 3 of 6 workers for concurrent strong root
[2026-04-03T02:31:23.030+0600][52.889s][info][gc          ] GC(45) Concurrent strong roots 1.297ms
[2026-04-03T02:31:23.030+0600][52.889s][info][gc,start    ] GC(45) Concurrent evacuation
[2026-04-03T02:31:23.030+0600][52.889s][info][gc,task     ] GC(45) Using 3 of 6 workers for concurrent evacuation
[2026-04-03T02:31:23.034+0600][52.894s][info][gc          ] GC(45) Concurrent evacuation 4.198ms
[2026-04-03T02:31:23.035+0600][52.894s][info][gc,start    ] GC(45) Pause Init Update Refs
[2026-04-03T02:31:23.035+0600][52.894s][info][gc,ergo     ] GC(45) Pacer for Update Refs. Used: 383M, Free: 800M, Non-Taxable: 81979K, Alloc Tax Rate: 1.1x
[2026-04-03T02:31:23.035+0600][52.894s][info][gc          ] GC(45) Pause Init Update Refs 0.170ms
[2026-04-03T02:31:23.035+0600][52.894s][info][gc,start    ] GC(45) Concurrent update references
[2026-04-03T02:31:23.035+0600][52.894s][info][gc,task     ] GC(45) Using 3 of 6 workers for concurrent reference update
[2026-04-03T02:31:23.084+0600][52.943s][info][gc          ] GC(45) Concurrent update references 48.758ms
[2026-04-03T02:31:23.084+0600][52.943s][info][gc,start    ] GC(45) Concurrent update thread roots
[2026-04-03T02:31:23.085+0600][52.945s][info][gc          ] GC(45) Concurrent update thread roots 1.413ms
[2026-04-03T02:31:23.086+0600][52.945s][info][gc,start    ] GC(45) Pause Final Update Refs
[2026-04-03T02:31:23.086+0600][52.945s][info][gc,task     ] GC(45) Using 6 of 6 workers for final reference update
[2026-04-03T02:31:23.086+0600][52.945s][info][gc          ] GC(45) Pause Final Update Refs 0.172ms
[2026-04-03T02:31:23.086+0600][52.945s][info][gc,start    ] GC(45) Concurrent cleanup
[2026-04-03T02:31:23.086+0600][52.946s][info][gc          ] GC(45) Concurrent cleanup 418M->208M(1027M) 0.499ms
[2026-04-03T02:31:23.087+0600][52.946s][info][gc,ergo     ] Free: 963M, Max: 512K regular, 454M humongous, Frag: 53% external, 0% internal; Reserve: 64000K, Max: 512K
[2026-04-03T02:31:23.087+0600][52.946s][info][gc,stats    ] 
[2026-04-03T02:31:23.087+0600][52.946s][info][gc,stats    ] All times are wall-clock times, except per-root-class counters, that are sum over
[2026-04-03T02:31:23.087+0600][52.946s][info][gc,stats    ] all workers. Dividing the <total> over the root stage time estimates parallelism.
[2026-04-03T02:31:23.087+0600][52.946s][info][gc,stats    ] 
[2026-04-03T02:31:23.087+0600][52.946s][info][gc,stats    ] Concurrent Reset                   6538 us
[2026-04-03T02:31:23.087+0600][52.946s][info][gc,stats    ] Pause Init Mark (G)                 526 us
[2026-04-03T02:31:23.087+0600][52.946s][info][gc,stats    ] Pause Init Mark (N)                 168 us
[2026-04-03T02:31:23.087+0600][52.946s][info][gc,stats    ]   Update Region States               33 us
[2026-04-03T02:31:23.087+0600][52.946s][info][gc,stats    ] Concurrent Mark Roots              5304 us, parallelism: 1.46x
[2026-04-03T02:31:23.087+0600][52.946s][info][gc,stats    ]   CMR: <total>                     7759 us
[2026-04-03T02:31:23.087+0600][52.946s][info][gc,stats    ]   CMR: Thread Roots                7198 us, workers (us): 1088, 1534, 4576, ---, ---, ---, 
[2026-04-03T02:31:23.087+0600][52.946s][info][gc,stats    ]   CMR: VM Strong Roots               61 us, workers (us):  58,   2,   1, ---, ---, ---, 
[2026-04-03T02:31:23.087+0600][52.946s][info][gc,stats    ]   CMR: CLDG Roots                   500 us, workers (us): 500, ---, ---, ---, ---, ---, 
[2026-04-03T02:31:23.087+0600][52.946s][info][gc,stats    ] Concurrent Marking                55852 us
[2026-04-03T02:31:23.087+0600][52.946s][info][gc,stats    ] Pause Final Mark (G)               1089 us
[2026-04-03T02:31:23.087+0600][52.946s][info][gc,stats    ] Pause Final Mark (N)                760 us
[2026-04-03T02:31:23.087+0600][52.946s][info][gc,stats    ]   Finish Mark                       321 us
[2026-04-03T02:31:23.087+0600][52.946s][info][gc,stats    ]   Update Region States               37 us
[2026-04-03T02:31:23.087+0600][52.946s][info][gc,stats    ]   Choose Collection Set             222 us
[2026-04-03T02:31:23.087+0600][52.946s][info][gc,stats    ]   Rebuild Free Set                   37 us
[2026-04-03T02:31:23.087+0600][52.946s][info][gc,stats    ] Concurrent Thread Roots            4508 us, parallelism: 2.08x
[2026-04-03T02:31:23.087+0600][52.946s][info][gc,stats    ]   CTR: <total>                     9381 us
[2026-04-03T02:31:23.087+0600][52.946s][info][gc,stats    ]   CTR: Thread Roots                9381 us, workers (us): 4233, 1610, 3538, ---, ---, ---, 
[2026-04-03T02:31:23.087+0600][52.946s][info][gc,stats    ] Concurrent Weak References         1535 us, parallelism: 1.11x
[2026-04-03T02:31:23.087+0600][52.946s][info][gc,stats    ]   CWRF: <total>                    1707 us
[2026-04-03T02:31:23.087+0600][52.946s][info][gc,stats    ]   CWRF: Weak References            1707 us, workers (us): 1226, 456,  25, ---, ---, ---, 
[2026-04-03T02:31:23.087+0600][52.946s][info][gc,stats    ] Concurrent Weak Roots              8608 us
[2026-04-03T02:31:23.087+0600][52.946s][info][gc,stats    ]   Roots                            7934 us, parallelism: 2.38x
[2026-04-03T02:31:23.087+0600][52.946s][info][gc,stats    ]     CWR: <total>                  18889 us
[2026-04-03T02:31:23.087+0600][52.946s][info][gc,stats    ]     CWR: Code Cache Roots         15607 us, workers (us): 5772, 6021, 3814, ---, ---, ---, 
[2026-04-03T02:31:23.087+0600][52.946s][info][gc,stats    ]     CWR: VM Weak Roots             3139 us, workers (us): 1570, 1568,   1, ---, ---, ---, 
[2026-04-03T02:31:23.087+0600][52.946s][info][gc,stats    ]     CWR: CLDG Roots                 142 us, workers (us): 142, ---, ---, ---, ---, ---, 
[2026-04-03T02:31:23.087+0600][52.946s][info][gc,stats    ]   Rendezvous                        514 us
[2026-04-03T02:31:23.087+0600][52.946s][info][gc,stats    ] Concurrent Cleanup                  677 us
[2026-04-03T02:31:23.087+0600][52.946s][info][gc,stats    ] Concurrent Class Unloading        22610 us
[2026-04-03T02:31:23.087+0600][52.946s][info][gc,stats    ]   Unlink Stale                    18273 us
[2026-04-03T02:31:23.087+0600][52.946s][info][gc,stats    ]     System Dictionary               324 us
[2026-04-03T02:31:23.087+0600][52.946s][info][gc,stats    ]     Weak Class Links                  1 us
[2026-04-03T02:31:23.087+0600][52.946s][info][gc,stats    ]     Code Roots                    17942 us
[2026-04-03T02:31:23.087+0600][52.946s][info][gc,stats    ]   Rendezvous                        398 us
[2026-04-03T02:31:23.087+0600][52.946s][info][gc,stats    ]   Purge Unlinked                   3754 us
[2026-04-03T02:31:23.087+0600][52.946s][info][gc,stats    ]     Code Roots                     3736 us
[2026-04-03T02:31:23.087+0600][52.946s][info][gc,stats    ]     CLDG                             15 us
[2026-04-03T02:31:23.087+0600][52.946s][info][gc,stats    ]     Exception Caches                  0 us
[2026-04-03T02:31:23.087+0600][52.946s][info][gc,stats    ] Concurrent Strong Roots            1350 us, parallelism: 0.68x
[2026-04-03T02:31:23.087+0600][52.946s][info][gc,stats    ]   CSR: <total>                      915 us
[2026-04-03T02:31:23.087+0600][52.946s][info][gc,stats    ]   CSR: VM Strong Roots               69 us, workers (us):  35,  33,   0, ---, ---, ---, 
[2026-04-03T02:31:23.087+0600][52.946s][info][gc,stats    ]   CSR: CLDG Roots                   846 us, workers (us): 846, ---, ---, ---, ---, ---, 
[2026-04-03T02:31:23.087+0600][52.946s][info][gc,stats    ] Concurrent Evacuation              4281 us
[2026-04-03T02:31:23.087+0600][52.946s][info][gc,stats    ] Pause Init Update Refs (G)          587 us
[2026-04-03T02:31:23.087+0600][52.946s][info][gc,stats    ] Pause Init Update Refs (N)          184 us
[2026-04-03T02:31:23.087+0600][52.946s][info][gc,stats    ]   Manage GCLABs                      67 us
[2026-04-03T02:31:23.087+0600][52.946s][info][gc,stats    ] Concurrent Update Refs            48875 us
[2026-04-03T02:31:23.087+0600][52.946s][info][gc,stats    ] Concurrent Update Thread Roots     1464 us
[2026-04-03T02:31:23.087+0600][52.946s][info][gc,stats    ] Pause Final Update Refs (G)         598 us
[2026-04-03T02:31:23.087+0600][52.946s][info][gc,stats    ] Pause Final Update Refs (N)         194 us
[2026-04-03T02:31:23.087+0600][52.946s][info][gc,stats    ]   Update Region States               60 us
[2026-04-03T02:31:23.087+0600][52.946s][info][gc,stats    ]   Trash Collection Set               18 us
[2026-04-03T02:31:23.087+0600][52.946s][info][gc,stats    ]   Rebuild Free Set                   38 us
[2026-04-03T02:31:23.087+0600][52.946s][info][gc,stats    ] Concurrent Cleanup                  526 us
[2026-04-03T02:31:23.087+0600][52.946s][info][gc,stats    ] Pacing                           118588 us
[2026-04-03T02:31:23.087+0600][52.946s][info][gc,stats    ] 
[2026-04-03T02:31:23.087+0600][52.946s][info][gc,stats    ] Allocation pacing accrued:
[2026-04-03T02:31:23.087+0600][52.946s][info][gc,stats    ]      10 of   982 ms (  1.0%): Spark Context Cleaner
[2026-04-03T02:31:23.087+0600][52.946s][info][gc,stats    ]      10 of   982 ms (  1.0%): Executor task launch worker for task 1.0 in stage 1669.0 (TID 3196)
[2026-04-03T02:31:23.087+0600][52.946s][info][gc,stats    ]      11 of   982 ms (  1.1%): Executor task launch worker for task 2.0 in stage 1669.0 (TID 3197)
[2026-04-03T02:31:23.087+0600][52.946s][info][gc,stats    ]      11 of   982 ms (  1.1%): Executor task launch worker for task 0.0 in stage 1669.0 (TID 3195)
[2026-04-03T02:31:23.087+0600][52.946s][info][gc,stats    ]      21 of   982 ms (  2.2%): Executor task launch worker for task 3.0 in stage 1669.0 (TID 3198)
[2026-04-03T02:31:23.087+0600][52.946s][info][gc,stats    ]      11 of   982 ms (  1.1%): Executor task launch worker for task 7.0 in stage 1669.0 (TID 3202)
[2026-04-03T02:31:23.087+0600][52.946s][info][gc,stats    ]      11 of   982 ms (  1.1%): Executor task launch worker for task 5.0 in stage 1669.0 (TID 3200)
[2026-04-03T02:31:23.087+0600][52.946s][info][gc,stats    ]      11 of   982 ms (  1.1%): Executor task launch worker for task 6.0 in stage 1669.0 (TID 3201)
[2026-04-03T02:31:23.087+0600][52.946s][info][gc,stats    ]      11 of   982 ms (  1.1%): Executor task launch worker for task 4.0 in stage 1669.0 (TID 3199)
[2026-04-03T02:31:23.087+0600][52.946s][info][gc,stats    ]      10 of   982 ms (  1.0%): task-result-getter-3
[2026-04-03T02:31:23.087+0600][52.946s][info][gc,stats    ]     119 of   982 ms ( 12.1%): <total>
[2026-04-03T02:31:23.087+0600][52.946s][info][gc,stats    ]       0 of   982 ms (  0.0%): <average total>
[2026-04-03T02:31:23.087+0600][52.946s][info][gc,stats    ]      12 of   982 ms (  1.2%): <average non-zero>
[2026-04-03T02:31:23.087+0600][52.946s][info][gc,stats    ] 
[2026-04-03T02:31:23.087+0600][52.946s][info][gc,metaspace] Metaspace: 130900K(132544K)->130902K(132544K) NonClass: 114466K(115392K)->114469K(115392K) Class: 16433K(17152K)->16433K(17152K)
[2026-04-03T02:31:23.087+0600][52.946s][info][gc,ergo     ] Pacer for Idle. Initial: 25600K, Alloc Tax Rate: 1.0x
[2026-04-03T02:31:23.755+0600][53.615s][info][gc          ] Trigger: Average GC time (178.56 ms) is above the time for average allocation rate (1163 MB/s) to deplete free headroom (207M) (margin of error = 1.88)
[2026-04-03T02:31:23.755+0600][53.615s][info][gc,ergo     ] Free headroom: 269M (free) - 64000K (spike) - 0B (penalties) = 207M
[2026-04-03T02:31:23.756+0600][53.615s][info][gc,ergo     ] Free: 269M, Max: 512K regular, 168M humongous, Frag: 38% external, 0% internal; Reserve: 64000K, Max: 512K
[2026-04-03T02:31:23.756+0600][53.615s][info][gc,start    ] GC(46) Concurrent reset
[2026-04-03T02:31:23.756+0600][53.615s][info][gc,task     ] GC(46) Using 3 of 6 workers for concurrent reset
[2026-04-03T02:31:23.756+0600][53.615s][info][gc,ergo     ] GC(46) Pacer for Reset. Non-Taxable: 1250M
[2026-04-03T02:31:23.761+0600][53.620s][info][gc          ] GC(46) Concurrent reset 5.214ms
[2026-04-03T02:31:23.761+0600][53.620s][info][gc,start    ] GC(46) Pause Init Mark (unload classes)
[2026-04-03T02:31:23.761+0600][53.620s][info][gc,task     ] GC(46) Using 6 of 6 workers for init marking
[2026-04-03T02:31:23.761+0600][53.620s][info][gc,ergo     ] GC(46) Pacer for Mark. Expected Live: 90407K, Free: 268M, Non-Taxable: 27469K, Alloc Tax Rate: 0.4x
[2026-04-03T02:31:23.761+0600][53.621s][info][gc          ] GC(46) Pause Init Mark (unload classes) 0.174ms
[2026-04-03T02:31:23.761+0600][53.621s][info][gc,start    ] GC(46) Concurrent marking roots
[2026-04-03T02:31:23.761+0600][53.621s][info][gc,task     ] GC(46) Using 3 of 6 workers for concurrent marking roots
[2026-04-03T02:31:23.763+0600][53.622s][info][gc          ] GC(46) Concurrent marking roots 1.619ms
[2026-04-03T02:31:23.763+0600][53.622s][info][gc,start    ] GC(46) Concurrent marking (unload classes)
[2026-04-03T02:31:23.763+0600][53.622s][info][gc,task     ] GC(46) Using 3 of 6 workers for concurrent marking
[2026-04-03T02:31:23.854+0600][53.714s][info][gc          ] GC(46) Concurrent marking (unload classes) 91.479ms
[2026-04-03T02:31:23.855+0600][53.714s][info][gc,start    ] GC(46) Pause Final Mark (unload classes)
[2026-04-03T02:31:23.855+0600][53.714s][info][gc,task     ] GC(46) Using 6 of 6 workers for final marking
[2026-04-03T02:31:23.855+0600][53.715s][info][gc,ergo     ] GC(46) Adaptive CSet Selection. Target Free: 177M, Actual Free: 876M, Max CSet: 53333K, Min Garbage: 0B
[2026-04-03T02:31:23.856+0600][53.715s][info][gc,ergo     ] GC(46) Collectable Garbage: 755M (98%), Immediate: 587M (76%), CSet: 167M (21%)
[2026-04-03T02:31:23.856+0600][53.715s][info][gc,ergo     ] GC(46) Pacer for Evacuation. Used CSet: 172M, Free: 878M, Non-Taxable: 90009K, Alloc Tax Rate: 1.1x
[2026-04-03T02:31:23.856+0600][53.715s][info][gc          ] GC(46) Pause Final Mark (unload classes) 0.909ms
[2026-04-03T02:31:23.856+0600][53.715s][info][gc,start    ] GC(46) Concurrent thread roots
[2026-04-03T02:31:23.856+0600][53.715s][info][gc,task     ] GC(46) Using 3 of 6 workers for Concurrent thread roots
[2026-04-03T02:31:23.857+0600][53.716s][info][gc          ] GC(46) Concurrent thread roots 1.125ms
[2026-04-03T02:31:23.857+0600][53.716s][info][gc,start    ] GC(46) Concurrent weak references
[2026-04-03T02:31:23.857+0600][53.716s][info][gc,task     ] GC(46) Using 3 of 6 workers for concurrent weak references
[2026-04-03T02:31:23.858+0600][53.717s][info][gc,ref      ] GC(46) Encountered references: Soft: 3784, Weak: 16849, Final: 84, Phantom: 621
[2026-04-03T02:31:23.858+0600][53.717s][info][gc,ref      ] GC(46) Discovered  references: Soft: 0, Weak: 8367, Final: 0, Phantom: 223
[2026-04-03T02:31:23.858+0600][53.717s][info][gc,ref      ] GC(46) Enqueued    references: Soft: 0, Weak: 2281, Final: 0, Phantom: 0
[2026-04-03T02:31:23.858+0600][53.717s][info][gc          ] GC(46) Concurrent weak references 0.655ms
[2026-04-03T02:31:23.858+0600][53.717s][info][gc,start    ] GC(46) Concurrent weak roots
[2026-04-03T02:31:23.858+0600][53.717s][info][gc,task     ] GC(46) Using 3 of 6 workers for concurrent weak root
[2026-04-03T02:31:23.865+0600][53.724s][info][gc          ] GC(46) Concurrent weak roots 7.467ms
[2026-04-03T02:31:23.865+0600][53.725s][info][gc,start    ] GC(46) Concurrent cleanup
[2026-04-03T02:31:23.866+0600][53.726s][info][gc          ] GC(46) Concurrent cleanup 917M->342M(1027M) 1.001ms
[2026-04-03T02:31:23.866+0600][53.726s][info][gc,ergo     ] GC(46) Free: 836M, Max: 512K regular, 168M humongous, Frag: 80% external, 0% internal; Reserve: 63520K, Max: 512K
[2026-04-03T02:31:23.866+0600][53.726s][info][gc,start    ] GC(46) Concurrent class unloading
[2026-04-03T02:31:23.866+0600][53.726s][info][gc,task     ] GC(46) Using 3 of 6 workers for concurrent class unloading
[2026-04-03T02:31:23.887+0600][53.746s][info][gc          ] GC(46) Concurrent class unloading 20.564ms
[2026-04-03T02:31:23.887+0600][53.746s][info][gc,start    ] GC(46) Concurrent strong roots
[2026-04-03T02:31:23.887+0600][53.746s][info][gc,task     ] GC(46) Using 3 of 6 workers for concurrent strong root
[2026-04-03T02:31:23.888+0600][53.748s][info][gc          ] GC(46) Concurrent strong roots 1.137ms
[2026-04-03T02:31:23.888+0600][53.748s][info][gc,start    ] GC(46) Concurrent evacuation
[2026-04-03T02:31:23.888+0600][53.748s][info][gc,task     ] GC(46) Using 3 of 6 workers for concurrent evacuation
[2026-04-03T02:31:23.891+0600][53.750s][info][gc          ] GC(46) Concurrent evacuation 2.739ms
[2026-04-03T02:31:23.891+0600][53.751s][info][gc,start    ] GC(46) Pause Init Update Refs
[2026-04-03T02:31:23.891+0600][53.751s][info][gc,ergo     ] GC(46) Pacer for Update Refs. Used: 391M, Free: 787M, Non-Taxable: 80588K, Alloc Tax Rate: 1.1x
[2026-04-03T02:31:23.891+0600][53.751s][info][gc          ] GC(46) Pause Init Update Refs 0.146ms
[2026-04-03T02:31:23.891+0600][53.751s][info][gc,start    ] GC(46) Concurrent update references
[2026-04-03T02:31:23.891+0600][53.751s][info][gc,task     ] GC(46) Using 3 of 6 workers for concurrent reference update
[2026-04-03T02:31:23.943+0600][53.802s][info][gc          ] GC(46) Concurrent update references 51.331ms
[2026-04-03T02:31:23.943+0600][53.802s][info][gc,start    ] GC(46) Concurrent update thread roots
[2026-04-03T02:31:23.945+0600][53.804s][info][gc          ] GC(46) Concurrent update thread roots 1.864ms
[2026-04-03T02:31:23.945+0600][53.804s][info][gc,start    ] GC(46) Pause Final Update Refs
[2026-04-03T02:31:23.945+0600][53.804s][info][gc,task     ] GC(46) Using 6 of 6 workers for final reference update
[2026-04-03T02:31:23.945+0600][53.805s][info][gc          ] GC(46) Pause Final Update Refs 0.216ms
[2026-04-03T02:31:23.946+0600][53.805s][info][gc,start    ] GC(46) Concurrent cleanup
[2026-04-03T02:31:23.947+0600][53.806s][info][gc          ] GC(46) Concurrent cleanup 608M->436M(1027M) 0.681ms
[2026-04-03T02:31:23.947+0600][53.806s][info][gc,ergo     ] Free: 711M, Max: 512K regular, 190M humongous, Frag: 74% external, 0% internal; Reserve: 64000K, Max: 512K
[2026-04-03T02:31:23.947+0600][53.806s][info][gc,stats    ] 
[2026-04-03T02:31:23.947+0600][53.806s][info][gc,stats    ] All times are wall-clock times, except per-root-class counters, that are sum over
[2026-04-03T02:31:23.947+0600][53.806s][info][gc,stats    ] all workers. Dividing the <total> over the root stage time estimates parallelism.
[2026-04-03T02:31:23.947+0600][53.806s][info][gc,stats    ] 
[2026-04-03T02:31:23.947+0600][53.806s][info][gc,stats    ] Concurrent Reset                   5276 us
[2026-04-03T02:31:23.947+0600][53.806s][info][gc,stats    ] Pause Init Mark (G)                 452 us
[2026-04-03T02:31:23.947+0600][53.806s][info][gc,stats    ] Pause Init Mark (N)                 187 us
[2026-04-03T02:31:23.947+0600][53.806s][info][gc,stats    ]   Update Region States               39 us
[2026-04-03T02:31:23.947+0600][53.806s][info][gc,stats    ] Concurrent Mark Roots              1660 us, parallelism: 2.10x
[2026-04-03T02:31:23.947+0600][53.806s][info][gc,stats    ]   CMR: <total>                     3483 us
[2026-04-03T02:31:23.947+0600][53.806s][info][gc,stats    ]   CMR: Thread Roots                3003 us, workers (us): 734, 1130, 1139, ---, ---, ---, 
[2026-04-03T02:31:23.947+0600][53.806s][info][gc,stats    ]   CMR: VM Strong Roots               69 us, workers (us):  46,  13,   9, ---, ---, ---, 
[2026-04-03T02:31:23.947+0600][53.806s][info][gc,stats    ]   CMR: CLDG Roots                   411 us, workers (us): 411, ---, ---, ---, ---, ---, 
[2026-04-03T02:31:23.947+0600][53.806s][info][gc,stats    ] Concurrent Marking                91556 us
[2026-04-03T02:31:23.947+0600][53.806s][info][gc,stats    ] Pause Final Mark (G)               1321 us
[2026-04-03T02:31:23.947+0600][53.806s][info][gc,stats    ] Pause Final Mark (N)                928 us
[2026-04-03T02:31:23.947+0600][53.806s][info][gc,stats    ]   Finish Mark                       357 us
[2026-04-03T02:31:23.947+0600][53.806s][info][gc,stats    ]   Update Region States               55 us
[2026-04-03T02:31:23.947+0600][53.806s][info][gc,stats    ]   Choose Collection Set             243 us
[2026-04-03T02:31:23.947+0600][53.806s][info][gc,stats    ]   Rebuild Free Set                   35 us
[2026-04-03T02:31:23.947+0600][53.806s][info][gc,stats    ] Concurrent Thread Roots            1154 us, parallelism: 2.49x
[2026-04-03T02:31:23.947+0600][53.806s][info][gc,stats    ]   CTR: <total>                     2878 us
[2026-04-03T02:31:23.947+0600][53.807s][info][gc,stats    ]   CTR: Thread Roots                2878 us, workers (us): 972, 962, 945, ---, ---, ---, 
[2026-04-03T02:31:23.947+0600][53.807s][info][gc,stats    ] Concurrent Weak References          663 us, parallelism: 2.07x
[2026-04-03T02:31:23.947+0600][53.807s][info][gc,stats    ]   CWRF: <total>                    1374 us
[2026-04-03T02:31:23.947+0600][53.807s][info][gc,stats    ]   CWRF: Weak References            1374 us, workers (us): 564, 354, 455, ---, ---, ---, 
[2026-04-03T02:31:23.947+0600][53.807s][info][gc,stats    ] Concurrent Weak Roots              7586 us
[2026-04-03T02:31:23.947+0600][53.807s][info][gc,stats    ]   Roots                            5097 us, parallelism: 2.70x
[2026-04-03T02:31:23.947+0600][53.807s][info][gc,stats    ]     CWR: <total>                  13779 us
[2026-04-03T02:31:23.947+0600][53.807s][info][gc,stats    ]     CWR: Code Cache Roots         10143 us, workers (us): 3346, 3428, 3369, ---, ---, ---, 
[2026-04-03T02:31:23.947+0600][53.807s][info][gc,stats    ]     CWR: VM Weak Roots             3406 us, workers (us): 1144, 1133, 1129, ---, ---, ---, 
[2026-04-03T02:31:23.947+0600][53.807s][info][gc,stats    ]     CWR: CLDG Roots                 230 us, workers (us): 230, ---, ---, ---, ---, ---, 
[2026-04-03T02:31:23.947+0600][53.807s][info][gc,stats    ]   Rendezvous                       2345 us
[2026-04-03T02:31:23.947+0600][53.807s][info][gc,stats    ] Concurrent Cleanup                 1055 us
[2026-04-03T02:31:23.947+0600][53.807s][info][gc,stats    ] Concurrent Class Unloading        20641 us
[2026-04-03T02:31:23.947+0600][53.807s][info][gc,stats    ]   Unlink Stale                    17167 us
[2026-04-03T02:31:23.947+0600][53.807s][info][gc,stats    ]     System Dictionary               496 us
[2026-04-03T02:31:23.947+0600][53.807s][info][gc,stats    ]     Weak Class Links                  1 us
[2026-04-03T02:31:23.947+0600][53.807s][info][gc,stats    ]     Code Roots                    16665 us
[2026-04-03T02:31:23.947+0600][53.807s][info][gc,stats    ]   Rendezvous                        397 us
[2026-04-03T02:31:23.947+0600][53.807s][info][gc,stats    ]   Purge Unlinked                   2941 us
[2026-04-03T02:31:23.948+0600][53.807s][info][gc,stats    ]     Code Roots                     2928 us
[2026-04-03T02:31:23.948+0600][53.807s][info][gc,stats    ]     CLDG                             12 us
[2026-04-03T02:31:23.948+0600][53.807s][info][gc,stats    ]     Exception Caches                  0 us
[2026-04-03T02:31:23.948+0600][53.807s][info][gc,stats    ] Concurrent Strong Roots            1175 us, parallelism: 0.62x
[2026-04-03T02:31:23.948+0600][53.807s][info][gc,stats    ]   CSR: <total>                      730 us
[2026-04-03T02:31:23.948+0600][53.807s][info][gc,stats    ]   CSR: VM Strong Roots               59 us, workers (us):  27,  16,  15, ---, ---, ---, 
[2026-04-03T02:31:23.948+0600][53.807s][info][gc,stats    ]   CSR: CLDG Roots                   672 us, workers (us): ---, ---, 672, ---, ---, ---, 
[2026-04-03T02:31:23.948+0600][53.807s][info][gc,stats    ] Concurrent Evacuation              2800 us
[2026-04-03T02:31:23.948+0600][53.807s][info][gc,stats    ] Pause Init Update Refs (G)          414 us
[2026-04-03T02:31:23.948+0600][53.807s][info][gc,stats    ] Pause Init Update Refs (N)          159 us
[2026-04-03T02:31:23.948+0600][53.807s][info][gc,stats    ]   Manage GCLABs                      61 us
[2026-04-03T02:31:23.948+0600][53.807s][info][gc,stats    ] Concurrent Update Refs            51444 us
[2026-04-03T02:31:23.948+0600][53.807s][info][gc,stats    ] Concurrent Update Thread Roots     1978 us
[2026-04-03T02:31:23.948+0600][53.807s][info][gc,stats    ] Pause Final Update Refs (G)        1122 us
[2026-04-03T02:31:23.948+0600][53.807s][info][gc,stats    ] Pause Final Update Refs (N)         243 us
[2026-04-03T02:31:23.948+0600][53.807s][info][gc,stats    ]   Update Region States               61 us
[2026-04-03T02:31:23.948+0600][53.807s][info][gc,stats    ]   Trash Collection Set               21 us
[2026-04-03T02:31:23.948+0600][53.807s][info][gc,stats    ]   Rebuild Free Set                   52 us
[2026-04-03T02:31:23.948+0600][53.807s][info][gc,stats    ] Concurrent Cleanup                  732 us
[2026-04-03T02:31:23.948+0600][53.807s][info][gc,stats    ] Pacing                           160613 us
[2026-04-03T02:31:23.948+0600][53.807s][info][gc,stats    ] 
[2026-04-03T02:31:23.948+0600][53.807s][info][gc,stats    ] Allocation pacing accrued:
[2026-04-03T02:31:23.948+0600][53.807s][info][gc,stats    ]      32 of   861 ms (  3.8%): Executor task launch worker for task 0.0 in stage 1789.0 (TID 3293)
[2026-04-03T02:31:23.948+0600][53.807s][info][gc,stats    ]      32 of   861 ms (  3.7%): Executor task launch worker for task 3.0 in stage 1789.0 (TID 3296)
[2026-04-03T02:31:23.948+0600][53.807s][info][gc,stats    ]      32 of   861 ms (  3.8%): Executor task launch worker for task 2.0 in stage 1789.0 (TID 3295)
[2026-04-03T02:31:23.948+0600][53.807s][info][gc,stats    ]      32 of   861 ms (  3.7%): Executor task launch worker for task 1.0 in stage 1789.0 (TID 3294)
[2026-04-03T02:31:23.948+0600][53.807s][info][gc,stats    ]      10 of   861 ms (  1.2%): block-manager-storage-async-thread-pool-33
[2026-04-03T02:31:23.948+0600][53.807s][info][gc,stats    ]      11 of   861 ms (  1.3%): block-manager-storage-async-thread-pool-85
[2026-04-03T02:31:23.948+0600][53.807s][info][gc,stats    ]      10 of   861 ms (  1.2%): block-manager-ask-thread-pool-67
[2026-04-03T02:31:23.948+0600][53.807s][info][gc,stats    ]     161 of   861 ms ( 18.7%): <total>
[2026-04-03T02:31:23.948+0600][53.807s][info][gc,stats    ]       1 of   861 ms (  0.1%): <average total>
[2026-04-03T02:31:23.948+0600][53.807s][info][gc,stats    ]      23 of   861 ms (  2.7%): <average non-zero>
[2026-04-03T02:31:23.948+0600][53.807s][info][gc,stats    ] 
[2026-04-03T02:31:23.948+0600][53.807s][info][gc,metaspace] Metaspace: 130989K(132544K)->131014K(132544K) NonClass: 114545K(115392K)->114570K(115392K) Class: 16444K(17152K)->16444K(17152K)
[2026-04-03T02:31:23.948+0600][53.807s][info][gc,ergo     ] Pacer for Idle. Initial: 25600K, Alloc Tax Rate: 1.0x
[2026-04-03T02:31:24.012+0600][53.872s][info][gc          ] Trigger: Average GC time (212.76 ms) is above the time for average allocation rate (1569 MB/s) to deplete free headroom (331M) (margin of error = 1.90)
[2026-04-03T02:31:24.012+0600][53.872s][info][gc,ergo     ] Free headroom: 394M (free) - 64000K (spike) - 0B (penalties) = 331M
[2026-04-03T02:31:24.012+0600][53.872s][info][gc,ergo     ] Free: 389M, Max: 512K regular, 169M humongous, Frag: 57% external, 0% internal; Reserve: 64000K, Max: 512K
[2026-04-03T02:31:24.012+0600][53.872s][info][gc,start    ] GC(47) Concurrent reset
[2026-04-03T02:31:24.012+0600][53.872s][info][gc,task     ] GC(47) Using 3 of 6 workers for concurrent reset
[2026-04-03T02:31:24.013+0600][53.872s][info][gc,ergo     ] GC(47) Pacer for Reset. Non-Taxable: 1250M
[2026-04-03T02:31:24.016+0600][53.875s][info][gc          ] GC(47) Concurrent reset 3.361ms
[2026-04-03T02:31:24.017+0600][53.876s][info][gc,start    ] GC(47) Pause Init Mark (unload classes)
[2026-04-03T02:31:24.017+0600][53.877s][info][gc,task     ] GC(47) Using 6 of 6 workers for init marking
[2026-04-03T02:31:24.017+0600][53.877s][info][gc,ergo     ] GC(47) Pacer for Mark. Expected Live: 91242K, Free: 363M, Non-Taxable: 37230K, Alloc Tax Rate: 0.3x
[2026-04-03T02:31:24.017+0600][53.877s][info][gc          ] GC(47) Pause Init Mark (unload classes) 0.177ms
[2026-04-03T02:31:24.018+0600][53.877s][info][gc,start    ] GC(47) Concurrent marking roots
[2026-04-03T02:31:24.018+0600][53.877s][info][gc,task     ] GC(47) Using 3 of 6 workers for concurrent marking roots
[2026-04-03T02:31:24.019+0600][53.879s][info][gc          ] GC(47) Concurrent marking roots 1.943ms
[2026-04-03T02:31:24.020+0600][53.879s][info][gc,start    ] GC(47) Concurrent marking (unload classes)
[2026-04-03T02:31:24.020+0600][53.879s][info][gc,task     ] GC(47) Using 3 of 6 workers for concurrent marking
[2026-04-03T02:31:24.084+0600][53.943s][info][gc          ] GC(47) Concurrent marking (unload classes) 64.429ms
[2026-04-03T02:31:24.084+0600][53.943s][info][gc,start    ] GC(47) Pause Final Mark (unload classes)
[2026-04-03T02:31:24.084+0600][53.943s][info][gc,task     ] GC(47) Using 6 of 6 workers for final marking
[2026-04-03T02:31:24.085+0600][53.944s][info][gc,ergo     ] GC(47) Adaptive CSet Selection. Target Free: 177M, Actual Free: 913M, Max CSet: 53333K, Min Garbage: 0B
[2026-04-03T02:31:24.085+0600][53.944s][info][gc,ergo     ] GC(47) Collectable Garbage: 644M (98%), Immediate: 567M (86%), CSet: 78873K (11%)
[2026-04-03T02:31:24.085+0600][53.944s][info][gc,ergo     ] GC(47) Pacer for Evacuation. Used CSet: 85458K, Free: 924M, Non-Taxable: 94692K, Alloc Tax Rate: 1.1x
[2026-04-03T02:31:24.085+0600][53.944s][info][gc          ] GC(47) Pause Final Mark (unload classes) 0.687ms
[2026-04-03T02:31:24.085+0600][53.944s][info][gc,start    ] GC(47) Concurrent thread roots
[2026-04-03T02:31:24.085+0600][53.944s][info][gc,task     ] GC(47) Using 3 of 6 workers for Concurrent thread roots
[2026-04-03T02:31:24.086+0600][53.946s][info][gc          ] GC(47) Concurrent thread roots 1.307ms
[2026-04-03T02:31:24.086+0600][53.946s][info][gc,start    ] GC(47) Concurrent weak references
[2026-04-03T02:31:24.086+0600][53.946s][info][gc,task     ] GC(47) Using 3 of 6 workers for concurrent weak references
[2026-04-03T02:31:24.087+0600][53.946s][info][gc,ref      ] GC(47) Encountered references: Soft: 3787, Weak: 14888, Final: 84, Phantom: 622
[2026-04-03T02:31:24.087+0600][53.947s][info][gc,ref      ] GC(47) Discovered  references: Soft: 0, Weak: 8018, Final: 69, Phantom: 595
[2026-04-03T02:31:24.087+0600][53.947s][info][gc,ref      ] GC(47) Enqueued    references: Soft: 0, Weak: 241, Final: 0, Phantom: 0
[2026-04-03T02:31:24.087+0600][53.947s][info][gc          ] GC(47) Concurrent weak references 0.991ms
[2026-04-03T02:31:24.087+0600][53.947s][info][gc,start    ] GC(47) Concurrent weak roots
[2026-04-03T02:31:24.087+0600][53.947s][info][gc,task     ] GC(47) Using 3 of 6 workers for concurrent weak root
[2026-04-03T02:31:24.093+0600][53.952s][info][gc          ] GC(47) Concurrent weak roots 5.827ms
[2026-04-03T02:31:24.093+0600][53.952s][info][gc,start    ] GC(47) Concurrent cleanup
[2026-04-03T02:31:24.094+0600][53.953s][info][gc          ] GC(47) Concurrent cleanup 823M->256M(1027M) 0.675ms
[2026-04-03T02:31:24.094+0600][53.953s][info][gc,ergo     ] GC(47) Free: 922M, Max: 512K regular, 169M humongous, Frag: 82% external, 0% internal; Reserve: 62893K, Max: 512K
[2026-04-03T02:31:24.094+0600][53.953s][info][gc,start    ] GC(47) Concurrent class unloading
[2026-04-03T02:31:24.094+0600][53.953s][info][gc,task     ] GC(47) Using 3 of 6 workers for concurrent class unloading
[2026-04-03T02:31:24.109+0600][53.968s][info][gc          ] GC(47) Concurrent class unloading 15.102ms
[2026-04-03T02:31:24.109+0600][53.968s][info][gc,start    ] GC(47) Concurrent strong roots
[2026-04-03T02:31:24.109+0600][53.968s][info][gc,task     ] GC(47) Using 3 of 6 workers for concurrent strong root
[2026-04-03T02:31:24.110+0600][53.970s][info][gc          ] GC(47) Concurrent strong roots 1.212ms
[2026-04-03T02:31:24.110+0600][53.970s][info][gc,start    ] GC(47) Concurrent evacuation
[2026-04-03T02:31:24.110+0600][53.970s][info][gc,task     ] GC(47) Using 3 of 6 workers for concurrent evacuation
[2026-04-03T02:31:24.113+0600][53.973s][info][gc          ] GC(47) Concurrent evacuation 2.989ms
[2026-04-03T02:31:24.114+0600][53.973s][info][gc,start    ] GC(47) Pause Init Update Refs
[2026-04-03T02:31:24.114+0600][53.973s][info][gc,ergo     ] GC(47) Pacer for Update Refs. Used: 269M, Free: 915M, Non-Taxable: 93768K, Alloc Tax Rate: 1.1x
[2026-04-03T02:31:24.114+0600][53.973s][info][gc          ] GC(47) Pause Init Update Refs 0.134ms
[2026-04-03T02:31:24.114+0600][53.973s][info][gc,start    ] GC(47) Concurrent update references
[2026-04-03T02:31:24.114+0600][53.973s][info][gc,task     ] GC(47) Using 3 of 6 workers for concurrent reference update
[2026-04-03T02:31:24.169+0600][54.028s][info][gc          ] GC(47) Concurrent update references 55.161ms
[2026-04-03T02:31:24.169+0600][54.028s][info][gc,start    ] GC(47) Concurrent update thread roots
[2026-04-03T02:31:24.171+0600][54.030s][info][gc          ] GC(47) Concurrent update thread roots 1.935ms
[2026-04-03T02:31:24.171+0600][54.031s][info][gc,start    ] GC(47) Pause Final Update Refs
[2026-04-03T02:31:24.171+0600][54.031s][info][gc,task     ] GC(47) Using 6 of 6 workers for final reference update
[2026-04-03T02:31:24.171+0600][54.031s][info][gc          ] GC(47) Pause Final Update Refs 0.207ms
[2026-04-03T02:31:24.172+0600][54.031s][info][gc,start    ] GC(47) Concurrent cleanup
[2026-04-03T02:31:24.172+0600][54.032s][info][gc          ] GC(47) Concurrent cleanup 313M->229M(1027M) 0.620ms
[2026-04-03T02:31:24.172+0600][54.032s][info][gc,ergo     ] Free: 942M, Max: 512K regular, 181M humongous, Frag: 81% external, 0% internal; Reserve: 64000K, Max: 512K
[2026-04-03T02:31:24.172+0600][54.032s][info][gc,stats    ] 
[2026-04-03T02:31:24.172+0600][54.032s][info][gc,stats    ] All times are wall-clock times, except per-root-class counters, that are sum over
[2026-04-03T02:31:24.172+0600][54.032s][info][gc,stats    ] all workers. Dividing the <total> over the root stage time estimates parallelism.
[2026-04-03T02:31:24.172+0600][54.032s][info][gc,stats    ] 
[2026-04-03T02:31:24.172+0600][54.032s][info][gc,stats    ] Concurrent Reset                   3450 us
[2026-04-03T02:31:24.172+0600][54.032s][info][gc,stats    ] Pause Init Mark (G)                1582 us
[2026-04-03T02:31:24.172+0600][54.032s][info][gc,stats    ] Pause Init Mark (N)                 187 us
[2026-04-03T02:31:24.172+0600][54.032s][info][gc,stats    ]   Update Region States               40 us
[2026-04-03T02:31:24.172+0600][54.032s][info][gc,stats    ] Concurrent Mark Roots              2035 us, parallelism: 2.06x
[2026-04-03T02:31:24.173+0600][54.032s][info][gc,stats    ]   CMR: <total>                     4186 us
[2026-04-03T02:31:24.173+0600][54.032s][info][gc,stats    ]   CMR: Thread Roots                3569 us, workers (us): 1386, 841, 1343, ---, ---, ---, 
[2026-04-03T02:31:24.173+0600][54.032s][info][gc,stats    ]   CMR: VM Strong Roots               60 us, workers (us):  31,  27,   1, ---, ---, ---, 
[2026-04-03T02:31:24.173+0600][54.032s][info][gc,stats    ]   CMR: CLDG Roots                   558 us, workers (us): ---, 558, ---, ---, ---, ---, 
[2026-04-03T02:31:24.173+0600][54.032s][info][gc,stats    ] Concurrent Marking                64505 us
[2026-04-03T02:31:24.173+0600][54.032s][info][gc,stats    ] Pause Final Mark (G)                831 us
[2026-04-03T02:31:24.173+0600][54.032s][info][gc,stats    ] Pause Final Mark (N)                697 us
[2026-04-03T02:31:24.173+0600][54.032s][info][gc,stats    ]   Finish Mark                       332 us
[2026-04-03T02:31:24.173+0600][54.032s][info][gc,stats    ]   Update Region States               37 us
[2026-04-03T02:31:24.173+0600][54.032s][info][gc,stats    ]   Choose Collection Set             162 us
[2026-04-03T02:31:24.173+0600][54.032s][info][gc,stats    ]   Rebuild Free Set                   31 us
[2026-04-03T02:31:24.173+0600][54.032s][info][gc,stats    ] Concurrent Thread Roots            1357 us, parallelism: 2.22x
[2026-04-03T02:31:24.173+0600][54.032s][info][gc,stats    ]   CTR: <total>                     3013 us
[2026-04-03T02:31:24.173+0600][54.032s][info][gc,stats    ]   CTR: Thread Roots                3013 us, workers (us): 1015, 1002, 996, ---, ---, ---, 
[2026-04-03T02:31:24.173+0600][54.032s][info][gc,stats    ] Concurrent Weak References         1002 us, parallelism: 0.98x
[2026-04-03T02:31:24.173+0600][54.032s][info][gc,stats    ]   CWRF: <total>                     981 us
[2026-04-03T02:31:24.173+0600][54.032s][info][gc,stats    ]   CWRF: Weak References             981 us, workers (us): 170, 693, 117, ---, ---, ---, 
[2026-04-03T02:31:24.173+0600][54.032s][info][gc,stats    ] Concurrent Weak Roots              5918 us
[2026-04-03T02:31:24.173+0600][54.032s][info][gc,stats    ]   Roots                            5366 us, parallelism: 2.77x
[2026-04-03T02:31:24.173+0600][54.032s][info][gc,stats    ]     CWR: <total>                  14851 us
[2026-04-03T02:31:24.173+0600][54.032s][info][gc,stats    ]     CWR: Code Cache Roots         11775 us, workers (us): 3954, 3889, 3932, ---, ---, ---, 
[2026-04-03T02:31:24.173+0600][54.032s][info][gc,stats    ]     CWR: VM Weak Roots             2893 us, workers (us): 1007, 943, 943, ---, ---, ---, 
[2026-04-03T02:31:24.173+0600][54.032s][info][gc,stats    ]     CWR: CLDG Roots                 183 us, workers (us): ---, 183, ---, ---, ---, ---, 
[2026-04-03T02:31:24.173+0600][54.032s][info][gc,stats    ]   Rendezvous                        436 us
[2026-04-03T02:31:24.173+0600][54.032s][info][gc,stats    ] Concurrent Cleanup                  693 us
[2026-04-03T02:31:24.173+0600][54.032s][info][gc,stats    ] Concurrent Class Unloading        15184 us
[2026-04-03T02:31:24.173+0600][54.032s][info][gc,stats    ]   Unlink Stale                    14259 us
[2026-04-03T02:31:24.173+0600][54.032s][info][gc,stats    ]     System Dictionary               259 us
[2026-04-03T02:31:24.173+0600][54.032s][info][gc,stats    ]     Weak Class Links                  0 us
[2026-04-03T02:31:24.173+0600][54.032s][info][gc,stats    ]     Code Roots                    13996 us
[2026-04-03T02:31:24.173+0600][54.032s][info][gc,stats    ]   Rendezvous                        481 us
[2026-04-03T02:31:24.173+0600][54.032s][info][gc,stats    ]   Purge Unlinked                    337 us
[2026-04-03T02:31:24.173+0600][54.032s][info][gc,stats    ]     Code Roots                      326 us
[2026-04-03T02:31:24.173+0600][54.032s][info][gc,stats    ]     CLDG                             10 us
[2026-04-03T02:31:24.173+0600][54.032s][info][gc,stats    ]     Exception Caches                  0 us
[2026-04-03T02:31:24.173+0600][54.032s][info][gc,stats    ] Concurrent Strong Roots            1265 us, parallelism: 0.54x
[2026-04-03T02:31:24.173+0600][54.032s][info][gc,stats    ]   CSR: <total>                      688 us
[2026-04-03T02:31:24.173+0600][54.032s][info][gc,stats    ]   CSR: VM Strong Roots               61 us, workers (us):  23,  28,  10, ---, ---, ---, 
[2026-04-03T02:31:24.173+0600][54.032s][info][gc,stats    ]   CSR: CLDG Roots                   626 us, workers (us): ---, ---, 626, ---, ---, ---, 
[2026-04-03T02:31:24.173+0600][54.032s][info][gc,stats    ] Concurrent Evacuation              3058 us
[2026-04-03T02:31:24.173+0600][54.032s][info][gc,stats    ] Pause Init Update Refs (G)          423 us
[2026-04-03T02:31:24.173+0600][54.032s][info][gc,stats    ] Pause Init Update Refs (N)          145 us
[2026-04-03T02:31:24.173+0600][54.032s][info][gc,stats    ]   Manage GCLABs                      70 us
[2026-04-03T02:31:24.173+0600][54.032s][info][gc,stats    ] Concurrent Update Refs            55260 us
[2026-04-03T02:31:24.173+0600][54.032s][info][gc,stats    ] Concurrent Update Thread Roots     1996 us
[2026-04-03T02:31:24.173+0600][54.032s][info][gc,stats    ] Pause Final Update Refs (G)         459 us
[2026-04-03T02:31:24.173+0600][54.032s][info][gc,stats    ] Pause Final Update Refs (N)         226 us
[2026-04-03T02:31:24.173+0600][54.032s][info][gc,stats    ]   Update Region States               51 us
[2026-04-03T02:31:24.173+0600][54.032s][info][gc,stats    ]   Trash Collection Set               12 us
[2026-04-03T02:31:24.173+0600][54.033s][info][gc,stats    ]   Rebuild Free Set                   37 us
[2026-04-03T02:31:24.173+0600][54.033s][info][gc,stats    ] Concurrent Cleanup                  656 us
[2026-04-03T02:31:24.173+0600][54.033s][info][gc,stats    ] 
[2026-04-03T02:31:24.173+0600][54.033s][info][gc,stats    ] Allocation pacing accrued:
[2026-04-03T02:31:24.173+0600][54.033s][info][gc,stats    ]       0 of   225 ms (  0.0%): <total>
[2026-04-03T02:31:24.173+0600][54.033s][info][gc,stats    ]       0 of   225 ms (  0.0%): <average total>
[2026-04-03T02:31:24.173+0600][54.033s][info][gc,stats    ] 
[2026-04-03T02:31:24.173+0600][54.033s][info][gc,metaspace] Metaspace: 131015K(132544K)->131022K(132544K) NonClass: 114571K(115392K)->114577K(115392K) Class: 16444K(17152K)->16445K(17152K)
[2026-04-03T02:31:24.173+0600][54.033s][info][gc,ergo     ] Pacer for Idle. Initial: 25600K, Alloc Tax Rate: 1.0x
[2026-04-03T02:31:24.897+0600][54.757s][info][gc          ] Trigger: Average GC time (196.96 ms) is above the time for average allocation rate (1159 MB/s) to deplete free headroom (228M) (margin of error = 1.90)
[2026-04-03T02:31:24.897+0600][54.757s][info][gc,ergo     ] Free headroom: 290M (free) - 64000K (spike) - 0B (penalties) = 228M
[2026-04-03T02:31:24.898+0600][54.757s][info][gc,ergo     ] Free: 290M, Max: 512K regular, 170M humongous, Frag: 42% external, 0% internal; Reserve: 64000K, Max: 512K
[2026-04-03T02:31:24.898+0600][54.757s][info][gc,start    ] GC(48) Concurrent reset
[2026-04-03T02:31:24.898+0600][54.757s][info][gc,task     ] GC(48) Using 3 of 6 workers for concurrent reset
[2026-04-03T02:31:24.898+0600][54.757s][info][gc,ergo     ] GC(48) Pacer for Reset. Non-Taxable: 1250M
[2026-04-03T02:31:24.899+0600][54.759s][info][gc          ] GC(48) Concurrent reset 1.733ms
[2026-04-03T02:31:24.900+0600][54.759s][info][gc,start    ] GC(48) Pause Init Mark (unload classes)
[2026-04-03T02:31:24.900+0600][54.759s][info][gc,task     ] GC(48) Using 6 of 6 workers for init marking
[2026-04-03T02:31:24.900+0600][54.759s][info][gc,ergo     ] GC(48) Pacer for Mark. Expected Live: 92782K, Free: 288M, Non-Taxable: 29565K, Alloc Tax Rate: 0.4x
[2026-04-03T02:31:24.900+0600][54.759s][info][gc          ] GC(48) Pause Init Mark (unload classes) 0.125ms
[2026-04-03T02:31:24.900+0600][54.759s][info][gc,start    ] GC(48) Concurrent marking roots
[2026-04-03T02:31:24.900+0600][54.759s][info][gc,task     ] GC(48) Using 3 of 6 workers for concurrent marking roots
[2026-04-03T02:31:24.902+0600][54.762s][info][gc          ] GC(48) Concurrent marking roots 2.088ms
[2026-04-03T02:31:24.902+0600][54.762s][info][gc,start    ] GC(48) Concurrent marking (unload classes)
[2026-04-03T02:31:24.902+0600][54.762s][info][gc,task     ] GC(48) Using 3 of 6 workers for concurrent marking
[2026-04-03T02:31:24.973+0600][54.833s][info][gc          ] GC(48) Concurrent marking (unload classes) 71.017ms
[2026-04-03T02:31:24.974+0600][54.833s][info][gc,start    ] GC(48) Pause Final Mark (unload classes)
[2026-04-03T02:31:24.974+0600][54.833s][info][gc,task     ] GC(48) Using 6 of 6 workers for final marking
[2026-04-03T02:31:24.974+0600][54.833s][info][gc,ergo     ] GC(48) Adaptive CSet Selection. Target Free: 177M, Actual Free: 819M, Max CSet: 53333K, Min Garbage: 0B
[2026-04-03T02:31:24.974+0600][54.834s][info][gc,ergo     ] GC(48) Collectable Garbage: 726M (98%), Immediate: 515M (70%), CSet: 211M (28%)
[2026-04-03T02:31:24.974+0600][54.834s][info][gc,ergo     ] GC(48) Pacer for Evacuation. Used CSet: 218M, Free: 827M, Non-Taxable: 84708K, Alloc Tax Rate: 1.1x
[2026-04-03T02:31:24.974+0600][54.834s][info][gc          ] GC(48) Pause Final Mark (unload classes) 0.856ms
[2026-04-03T02:31:24.975+0600][54.834s][info][gc,start    ] GC(48) Concurrent thread roots
[2026-04-03T02:31:24.975+0600][54.834s][info][gc,task     ] GC(48) Using 3 of 6 workers for Concurrent thread roots
[2026-04-03T02:31:24.976+0600][54.835s][info][gc          ] GC(48) Concurrent thread roots 1.060ms
[2026-04-03T02:31:24.976+0600][54.835s][info][gc,start    ] GC(48) Concurrent weak references
[2026-04-03T02:31:24.976+0600][54.835s][info][gc,task     ] GC(48) Using 3 of 6 workers for concurrent weak references
[2026-04-03T02:31:24.977+0600][54.836s][info][gc,ref      ] GC(48) Encountered references: Soft: 3792, Weak: 15782, Final: 84, Phantom: 621
[2026-04-03T02:31:24.977+0600][54.836s][info][gc,ref      ] GC(48) Discovered  references: Soft: 0, Weak: 7638, Final: 4, Phantom: 594
[2026-04-03T02:31:24.977+0600][54.836s][info][gc,ref      ] GC(48) Enqueued    references: Soft: 0, Weak: 403, Final: 0, Phantom: 0
[2026-04-03T02:31:24.977+0600][54.836s][info][gc          ] GC(48) Concurrent weak references 1.252ms
[2026-04-03T02:31:24.977+0600][54.836s][info][gc,start    ] GC(48) Concurrent weak roots
[2026-04-03T02:31:24.977+0600][54.836s][info][gc,task     ] GC(48) Using 3 of 6 workers for concurrent weak root
[2026-04-03T02:31:24.983+0600][54.843s][info][gc          ] GC(48) Concurrent weak roots 6.377ms
[2026-04-03T02:31:24.983+0600][54.843s][info][gc,start    ] GC(48) Concurrent cleanup
[2026-04-03T02:31:24.984+0600][54.843s][info][gc          ] GC(48) Concurrent cleanup 881M->367M(1027M) 0.644ms
[2026-04-03T02:31:24.984+0600][54.843s][info][gc,ergo     ] GC(48) Free: 811M, Max: 512K regular, 171M humongous, Frag: 79% external, 0% internal; Reserve: 63446K, Max: 512K
[2026-04-03T02:31:24.984+0600][54.843s][info][gc,start    ] GC(48) Concurrent class unloading
[2026-04-03T02:31:24.984+0600][54.843s][info][gc,task     ] GC(48) Using 3 of 6 workers for concurrent class unloading
[2026-04-03T02:31:25.004+0600][54.864s][info][gc          ] GC(48) Concurrent class unloading 20.193ms
[2026-04-03T02:31:25.004+0600][54.864s][info][gc,start    ] GC(48) Concurrent strong roots
[2026-04-03T02:31:25.004+0600][54.864s][info][gc,task     ] GC(48) Using 3 of 6 workers for concurrent strong root
[2026-04-03T02:31:25.006+0600][54.865s][info][gc          ] GC(48) Concurrent strong roots 1.399ms
[2026-04-03T02:31:25.006+0600][54.865s][info][gc,start    ] GC(48) Concurrent evacuation
[2026-04-03T02:31:25.006+0600][54.865s][info][gc,task     ] GC(48) Using 3 of 6 workers for concurrent evacuation
[2026-04-03T02:31:25.010+0600][54.869s][info][gc          ] GC(48) Concurrent evacuation 3.644ms
[2026-04-03T02:31:25.010+0600][54.869s][info][gc,start    ] GC(48) Pause Init Update Refs
[2026-04-03T02:31:25.010+0600][54.869s][info][gc,ergo     ] GC(48) Pacer for Update Refs. Used: 386M, Free: 798M, Non-Taxable: 81778K, Alloc Tax Rate: 1.1x
[2026-04-03T02:31:25.010+0600][54.869s][info][gc          ] GC(48) Pause Init Update Refs 0.134ms
[2026-04-03T02:31:25.010+0600][54.870s][info][gc,start    ] GC(48) Concurrent update references
[2026-04-03T02:31:25.010+0600][54.870s][info][gc,task     ] GC(48) Using 3 of 6 workers for concurrent reference update
[2026-04-03T02:31:25.066+0600][54.925s][info][gc          ] GC(48) Concurrent update references 55.728ms
[2026-04-03T02:31:25.066+0600][54.925s][info][gc,start    ] GC(48) Concurrent update thread roots
[2026-04-03T02:31:25.068+0600][54.927s][info][gc          ] GC(48) Concurrent update thread roots 1.750ms
[2026-04-03T02:31:25.068+0600][54.927s][info][gc,start    ] GC(48) Pause Final Update Refs
[2026-04-03T02:31:25.068+0600][54.927s][info][gc,task     ] GC(48) Using 6 of 6 workers for final reference update
[2026-04-03T02:31:25.068+0600][54.928s][info][gc          ] GC(48) Pause Final Update Refs 0.227ms
[2026-04-03T02:31:25.068+0600][54.928s][info][gc,start    ] GC(48) Concurrent cleanup
[2026-04-03T02:31:25.069+0600][54.928s][info][gc          ] GC(48) Concurrent cleanup 422M->203M(1027M) 0.270ms
[2026-04-03T02:31:25.069+0600][54.928s][info][gc,ergo     ] Free: 968M, Max: 512K regular, 445M humongous, Frag: 55% external, 0% internal; Reserve: 64000K, Max: 512K
[2026-04-03T02:31:25.069+0600][54.928s][info][gc,stats    ] 
[2026-04-03T02:31:25.069+0600][54.928s][info][gc,stats    ] All times are wall-clock times, except per-root-class counters, that are sum over
[2026-04-03T02:31:25.069+0600][54.928s][info][gc,stats    ] all workers. Dividing the <total> over the root stage time estimates parallelism.
[2026-04-03T02:31:25.069+0600][54.928s][info][gc,stats    ] 
[2026-04-03T02:31:25.069+0600][54.928s][info][gc,stats    ] Concurrent Reset                   1815 us
[2026-04-03T02:31:25.069+0600][54.928s][info][gc,stats    ] Pause Init Mark (G)                 733 us
[2026-04-03T02:31:25.069+0600][54.928s][info][gc,stats    ] Pause Init Mark (N)                 135 us
[2026-04-03T02:31:25.069+0600][54.928s][info][gc,stats    ]   Update Region States               38 us
[2026-04-03T02:31:25.069+0600][54.928s][info][gc,stats    ] Concurrent Mark Roots              2172 us, parallelism: 2.12x
[2026-04-03T02:31:25.069+0600][54.928s][info][gc,stats    ]   CMR: <total>                     4612 us
[2026-04-03T02:31:25.069+0600][54.928s][info][gc,stats    ]   CMR: Thread Roots                3966 us, workers (us): 1508, 927, 1531, ---, ---, ---, 
[2026-04-03T02:31:25.069+0600][54.928s][info][gc,stats    ]   CMR: VM Strong Roots               80 us, workers (us):  42,  22,  15, ---, ---, ---, 
[2026-04-03T02:31:25.069+0600][54.928s][info][gc,stats    ]   CMR: CLDG Roots                   566 us, workers (us): ---, 566, ---, ---, ---, ---, 
[2026-04-03T02:31:25.069+0600][54.928s][info][gc,stats    ] Concurrent Marking                71089 us
[2026-04-03T02:31:25.069+0600][54.928s][info][gc,stats    ] Pause Final Mark (G)               1109 us
[2026-04-03T02:31:25.069+0600][54.928s][info][gc,stats    ] Pause Final Mark (N)                871 us
[2026-04-03T02:31:25.069+0600][54.928s][info][gc,stats    ]   Finish Mark                       364 us
[2026-04-03T02:31:25.069+0600][54.928s][info][gc,stats    ]   Update Region States               57 us
[2026-04-03T02:31:25.069+0600][54.928s][info][gc,stats    ]   Choose Collection Set             262 us
[2026-04-03T02:31:25.069+0600][54.928s][info][gc,stats    ]   Rebuild Free Set                   36 us
[2026-04-03T02:31:25.069+0600][54.928s][info][gc,stats    ] Concurrent Thread Roots            1145 us, parallelism: 2.43x
[2026-04-03T02:31:25.069+0600][54.928s][info][gc,stats    ]   CTR: <total>                     2781 us
[2026-04-03T02:31:25.069+0600][54.928s][info][gc,stats    ]   CTR: Thread Roots                2781 us, workers (us): 944, 931, 906, ---, ---, ---, 
[2026-04-03T02:31:25.069+0600][54.928s][info][gc,stats    ] Concurrent Weak References         1268 us, parallelism: 0.97x
[2026-04-03T02:31:25.069+0600][54.928s][info][gc,stats    ]   CWRF: <total>                    1236 us
[2026-04-03T02:31:25.069+0600][54.928s][info][gc,stats    ]   CWRF: Weak References            1236 us, workers (us): 397, 837,   2, ---, ---, ---, 
[2026-04-03T02:31:25.069+0600][54.928s][info][gc,stats    ] Concurrent Weak Roots              6497 us
[2026-04-03T02:31:25.069+0600][54.928s][info][gc,stats    ]   Roots                            5838 us, parallelism: 2.75x
[2026-04-03T02:31:25.069+0600][54.928s][info][gc,stats    ]     CWR: <total>                  16063 us
[2026-04-03T02:31:25.069+0600][54.929s][info][gc,stats    ]     CWR: Code Cache Roots         12553 us, workers (us): 4214, 3953, 4385, ---, ---, ---, 
[2026-04-03T02:31:25.069+0600][54.929s][info][gc,stats    ]     CWR: VM Weak Roots             3173 us, workers (us): 1067, 1060, 1046, ---, ---, ---, 
[2026-04-03T02:31:25.069+0600][54.929s][info][gc,stats    ]     CWR: CLDG Roots                 338 us, workers (us): ---, 338, ---, ---, ---, ---, 
[2026-04-03T02:31:25.069+0600][54.929s][info][gc,stats    ]   Rendezvous                        501 us
[2026-04-03T02:31:25.069+0600][54.929s][info][gc,stats    ] Concurrent Cleanup                  686 us
[2026-04-03T02:31:25.069+0600][54.929s][info][gc,stats    ] Concurrent Class Unloading        20300 us
[2026-04-03T02:31:25.069+0600][54.929s][info][gc,stats    ]   Unlink Stale                    18180 us
[2026-04-03T02:31:25.069+0600][54.929s][info][gc,stats    ]     System Dictionary               332 us
[2026-04-03T02:31:25.069+0600][54.929s][info][gc,stats    ]     Weak Class Links                  1 us
[2026-04-03T02:31:25.069+0600][54.929s][info][gc,stats    ]     Code Roots                    17841 us
[2026-04-03T02:31:25.069+0600][54.929s][info][gc,stats    ]   Rendezvous                        508 us
[2026-04-03T02:31:25.069+0600][54.929s][info][gc,stats    ]   Purge Unlinked                   1449 us
[2026-04-03T02:31:25.069+0600][54.929s][info][gc,stats    ]     Code Roots                     1432 us
[2026-04-03T02:31:25.069+0600][54.929s][info][gc,stats    ]     CLDG                             16 us
[2026-04-03T02:31:25.069+0600][54.929s][info][gc,stats    ]     Exception Caches                  1 us
[2026-04-03T02:31:25.069+0600][54.929s][info][gc,stats    ] Concurrent Strong Roots            1459 us, parallelism: 0.63x
[2026-04-03T02:31:25.069+0600][54.929s][info][gc,stats    ]   CSR: <total>                      916 us
[2026-04-03T02:31:25.069+0600][54.929s][info][gc,stats    ]   CSR: VM Strong Roots               79 us, workers (us):  60,  12,   8, ---, ---, ---, 
[2026-04-03T02:31:25.069+0600][54.929s][info][gc,stats    ]   CSR: CLDG Roots                   837 us, workers (us): ---, ---, 837, ---, ---, ---, 
[2026-04-03T02:31:25.069+0600][54.929s][info][gc,stats    ] Concurrent Evacuation              3750 us
[2026-04-03T02:31:25.069+0600][54.929s][info][gc,stats    ] Pause Init Update Refs (G)          504 us
[2026-04-03T02:31:25.069+0600][54.929s][info][gc,stats    ] Pause Init Update Refs (N)          150 us
[2026-04-03T02:31:25.069+0600][54.929s][info][gc,stats    ]   Manage GCLABs                      57 us
[2026-04-03T02:31:25.069+0600][54.929s][info][gc,stats    ] Concurrent Update Refs            55811 us
[2026-04-03T02:31:25.069+0600][54.929s][info][gc,stats    ] Concurrent Update Thread Roots     1822 us
[2026-04-03T02:31:25.069+0600][54.929s][info][gc,stats    ] Pause Final Update Refs (G)         617 us
[2026-04-03T02:31:25.069+0600][54.929s][info][gc,stats    ] Pause Final Update Refs (N)         243 us
[2026-04-03T02:31:25.069+0600][54.929s][info][gc,stats    ]   Update Region States               51 us
[2026-04-03T02:31:25.069+0600][54.929s][info][gc,stats    ]   Trash Collection Set               20 us
[2026-04-03T02:31:25.070+0600][54.929s][info][gc,stats    ]   Rebuild Free Set                   37 us
[2026-04-03T02:31:25.070+0600][54.929s][info][gc,stats    ] Concurrent Cleanup                  299 us
[2026-04-03T02:31:25.070+0600][54.929s][info][gc,stats    ] Pacing                           184957 us
[2026-04-03T02:31:25.070+0600][54.929s][info][gc,stats    ] 
[2026-04-03T02:31:25.070+0600][54.929s][info][gc,stats    ] Allocation pacing accrued:
[2026-04-03T02:31:25.070+0600][54.929s][info][gc,stats    ]      21 of   896 ms (  2.4%): Executor task launch worker for task 4.0 in stage 1827.0 (TID 3445)
[2026-04-03T02:31:25.070+0600][54.929s][info][gc,stats    ]      21 of   896 ms (  2.4%): Executor task launch worker for task 7.0 in stage 1827.0 (TID 3448)
[2026-04-03T02:31:25.070+0600][54.929s][info][gc,stats    ]      21 of   896 ms (  2.4%): Executor task launch worker for task 2.0 in stage 1827.0 (TID 3443)
[2026-04-03T02:31:25.070+0600][54.929s][info][gc,stats    ]      21 of   896 ms (  2.4%): Executor task launch worker for task 0.0 in stage 1827.0 (TID 3441)
[2026-04-03T02:31:25.070+0600][54.929s][info][gc,stats    ]      22 of   896 ms (  2.5%): Executor task launch worker for task 5.0 in stage 1827.0 (TID 3446)
[2026-04-03T02:31:25.070+0600][54.929s][info][gc,stats    ]      22 of   896 ms (  2.5%): Executor task launch worker for task 1.0 in stage 1827.0 (TID 3442)
[2026-04-03T02:31:25.070+0600][54.929s][info][gc,stats    ]      22 of   896 ms (  2.5%): Executor task launch worker for task 6.0 in stage 1827.0 (TID 3447)
[2026-04-03T02:31:25.070+0600][54.929s][info][gc,stats    ]      33 of   896 ms (  3.7%): Executor task launch worker for task 3.0 in stage 1827.0 (TID 3444)
[2026-04-03T02:31:25.070+0600][54.929s][info][gc,stats    ]     185 of   896 ms ( 20.6%): <total>
[2026-04-03T02:31:25.070+0600][54.929s][info][gc,stats    ]       1 of   896 ms (  0.1%): <average total>
[2026-04-03T02:31:25.070+0600][54.929s][info][gc,stats    ]      23 of   896 ms (  2.6%): <average non-zero>
[2026-04-03T02:31:25.070+0600][54.929s][info][gc,stats    ] 
[2026-04-03T02:31:25.070+0600][54.929s][info][gc,metaspace] Metaspace: 131058K(132544K)->131061K(132544K) NonClass: 114611K(115392K)->114614K(115392K) Class: 16447K(17152K)->16447K(17152K)
[2026-04-03T02:31:25.070+0600][54.929s][info][gc,ergo     ] Pacer for Idle. Initial: 25600K, Alloc Tax Rate: 1.0x
[2026-04-03T02:31:25.875+0600][55.735s][info][gc          ] Trigger: Average GC time (191.07 ms) is above the time for average allocation rate (1031 MB/s) to deplete free headroom (189M) (margin of error = 1.90)
[2026-04-03T02:31:25.875+0600][55.735s][info][gc,ergo     ] Free headroom: 251M (free) - 64000K (spike) - 0B (penalties) = 189M
[2026-04-03T02:31:25.875+0600][55.735s][info][gc,ergo     ] Free: 251M, Max: 512K regular, 168M humongous, Frag: 33% external, 0% internal; Reserve: 64000K, Max: 512K
[2026-04-03T02:31:25.875+0600][55.735s][info][gc,start    ] GC(49) Concurrent reset
[2026-04-03T02:31:25.875+0600][55.735s][info][gc,task     ] GC(49) Using 3 of 6 workers for concurrent reset
[2026-04-03T02:31:25.875+0600][55.735s][info][gc,ergo     ] GC(49) Pacer for Reset. Non-Taxable: 1250M
[2026-04-03T02:31:25.878+0600][55.737s][info][gc          ] GC(49) Concurrent reset 2.100ms
[2026-04-03T02:31:25.878+0600][55.737s][info][gc,start    ] GC(49) Pause Init Mark (unload classes)
[2026-04-03T02:31:25.878+0600][55.737s][info][gc,task     ] GC(49) Using 6 of 6 workers for init marking
[2026-04-03T02:31:25.878+0600][55.737s][info][gc,ergo     ] GC(49) Pacer for Mark. Expected Live: 93750K, Free: 251M, Non-Taxable: 25723K, Alloc Tax Rate: 0.4x
[2026-04-03T02:31:25.878+0600][55.737s][info][gc          ] GC(49) Pause Init Mark (unload classes) 0.108ms
[2026-04-03T02:31:25.878+0600][55.737s][info][gc,start    ] GC(49) Concurrent marking roots
[2026-04-03T02:31:25.878+0600][55.737s][info][gc,task     ] GC(49) Using 3 of 6 workers for concurrent marking roots
[2026-04-03T02:31:25.879+0600][55.739s][info][gc          ] GC(49) Concurrent marking roots 1.210ms
[2026-04-03T02:31:25.879+0600][55.739s][info][gc,start    ] GC(49) Concurrent marking (unload classes)
[2026-04-03T02:31:25.879+0600][55.739s][info][gc,task     ] GC(49) Using 3 of 6 workers for concurrent marking
[2026-04-03T02:31:25.938+0600][55.797s][info][gc          ] GC(49) Concurrent marking (unload classes) 58.272ms
[2026-04-03T02:31:25.938+0600][55.797s][info][gc,start    ] GC(49) Pause Final Mark (unload classes)
[2026-04-03T02:31:25.938+0600][55.797s][info][gc,task     ] GC(49) Using 6 of 6 workers for final marking
[2026-04-03T02:31:25.938+0600][55.798s][info][gc,ergo     ] GC(49) Adaptive CSet Selection. Target Free: 177M, Actual Free: 860M, Max CSet: 53333K, Min Garbage: 0B
[2026-04-03T02:31:25.938+0600][55.798s][info][gc,ergo     ] GC(49) Collectable Garbage: 762M (98%), Immediate: 586M (76%), CSet: 176M (22%)
[2026-04-03T02:31:25.938+0600][55.798s][info][gc,ergo     ] GC(49) Pacer for Evacuation. Used CSet: 182M, Free: 872M, Non-Taxable: 89316K, Alloc Tax Rate: 1.1x
[2026-04-03T02:31:25.939+0600][55.798s][info][gc          ] GC(49) Pause Final Mark (unload classes) 0.712ms
[2026-04-03T02:31:25.939+0600][55.798s][info][gc,start    ] GC(49) Concurrent thread roots
[2026-04-03T02:31:25.939+0600][55.798s][info][gc,task     ] GC(49) Using 3 of 6 workers for Concurrent thread roots
[2026-04-03T02:31:25.939+0600][55.799s][info][gc          ] GC(49) Concurrent thread roots 0.887ms
[2026-04-03T02:31:25.940+0600][55.799s][info][gc,start    ] GC(49) Concurrent weak references
[2026-04-03T02:31:25.940+0600][55.799s][info][gc,task     ] GC(49) Using 3 of 6 workers for concurrent weak references
[2026-04-03T02:31:25.940+0600][55.800s][info][gc,ref      ] GC(49) Encountered references: Soft: 3784, Weak: 16583, Final: 84, Phantom: 621
[2026-04-03T02:31:25.940+0600][55.800s][info][gc,ref      ] GC(49) Discovered  references: Soft: 0, Weak: 9689, Final: 0, Phantom: 454
[2026-04-03T02:31:25.940+0600][55.800s][info][gc,ref      ] GC(49) Enqueued    references: Soft: 0, Weak: 1627, Final: 0, Phantom: 0
[2026-04-03T02:31:25.940+0600][55.800s][info][gc          ] GC(49) Concurrent weak references 0.962ms
[2026-04-03T02:31:25.940+0600][55.800s][info][gc,start    ] GC(49) Concurrent weak roots
[2026-04-03T02:31:25.940+0600][55.800s][info][gc,task     ] GC(49) Using 3 of 6 workers for concurrent weak root
[2026-04-03T02:31:25.945+0600][55.804s][info][gc          ] GC(49) Concurrent weak roots 4.117ms
[2026-04-03T02:31:25.945+0600][55.804s][info][gc,start    ] GC(49) Concurrent cleanup
[2026-04-03T02:31:25.946+0600][55.805s][info][gc          ] GC(49) Concurrent cleanup 895M->309M(1027M) 0.826ms
[2026-04-03T02:31:25.946+0600][55.805s][info][gc,ergo     ] GC(49) Free: 871M, Max: 512K regular, 168M humongous, Frag: 81% external, 0% internal; Reserve: 63569K, Max: 512K
[2026-04-03T02:31:25.946+0600][55.805s][info][gc,start    ] GC(49) Concurrent class unloading
[2026-04-03T02:31:25.946+0600][55.805s][info][gc,task     ] GC(49) Using 3 of 6 workers for concurrent class unloading
[2026-04-03T02:31:25.974+0600][55.833s][info][gc          ] GC(49) Concurrent class unloading 28.290ms
[2026-04-03T02:31:25.974+0600][55.833s][info][gc,start    ] GC(49) Concurrent strong roots
[2026-04-03T02:31:25.974+0600][55.833s][info][gc,task     ] GC(49) Using 3 of 6 workers for concurrent strong root
[2026-04-03T02:31:25.975+0600][55.835s][info][gc          ] GC(49) Concurrent strong roots 1.380ms
[2026-04-03T02:31:25.975+0600][55.835s][info][gc,start    ] GC(49) Concurrent evacuation
[2026-04-03T02:31:25.975+0600][55.835s][info][gc,task     ] GC(49) Using 3 of 6 workers for concurrent evacuation
[2026-04-03T02:31:25.981+0600][55.840s][info][gc          ] GC(49) Concurrent evacuation 5.429ms
[2026-04-03T02:31:25.981+0600][55.840s][info][gc,start    ] GC(49) Pause Init Update Refs
[2026-04-03T02:31:25.981+0600][55.841s][info][gc,ergo     ] GC(49) Pacer for Update Refs. Used: 341M, Free: 845M, Non-Taxable: 86602K, Alloc Tax Rate: 1.1x
[2026-04-03T02:31:25.981+0600][55.841s][info][gc          ] GC(49) Pause Init Update Refs 0.128ms
[2026-04-03T02:31:25.981+0600][55.841s][info][gc,start    ] GC(49) Concurrent update references
[2026-04-03T02:31:25.981+0600][55.841s][info][gc,task     ] GC(49) Using 3 of 6 workers for concurrent reference update
[2026-04-03T02:31:26.028+0600][55.887s][info][gc          ] GC(49) Concurrent update references 46.801ms
[2026-04-03T02:31:26.028+0600][55.888s][info][gc,start    ] GC(49) Concurrent update thread roots
[2026-04-03T02:31:26.030+0600][55.889s][info][gc          ] GC(49) Concurrent update thread roots 1.905ms
[2026-04-03T02:31:26.030+0600][55.890s][info][gc,start    ] GC(49) Pause Final Update Refs
[2026-04-03T02:31:26.031+0600][55.890s][info][gc,task     ] GC(49) Using 6 of 6 workers for final reference update
[2026-04-03T02:31:26.031+0600][55.890s][info][gc          ] GC(49) Pause Final Update Refs 0.469ms
[2026-04-03T02:31:26.031+0600][55.890s][info][gc,start    ] GC(49) Concurrent cleanup
[2026-04-03T02:31:26.035+0600][55.894s][info][gc          ] GC(49) Concurrent cleanup 372M->197M(1027M) 3.740ms
[2026-04-03T02:31:26.035+0600][55.894s][info][gc,ergo     ] Free: 977M, Max: 512K regular, 418M humongous, Frag: 58% external, 0% internal; Reserve: 64000K, Max: 512K
[2026-04-03T02:31:26.035+0600][55.894s][info][gc,stats    ] 
[2026-04-03T02:31:26.035+0600][55.895s][info][gc,stats    ] All times are wall-clock times, except per-root-class counters, that are sum over
[2026-04-03T02:31:26.035+0600][55.895s][info][gc,stats    ] all workers. Dividing the <total> over the root stage time estimates parallelism.
[2026-04-03T02:31:26.035+0600][55.895s][info][gc,stats    ] 
[2026-04-03T02:31:26.035+0600][55.895s][info][gc,stats    ] Concurrent Reset                   2155 us
[2026-04-03T02:31:26.035+0600][55.895s][info][gc,stats    ] Pause Init Mark (G)                 461 us
[2026-04-03T02:31:26.035+0600][55.895s][info][gc,stats    ] Pause Init Mark (N)                 131 us
[2026-04-03T02:31:26.035+0600][55.895s][info][gc,stats    ]   Update Region States               20 us
[2026-04-03T02:31:26.035+0600][55.895s][info][gc,stats    ] Concurrent Mark Roots              1241 us, parallelism: 2.01x
[2026-04-03T02:31:26.035+0600][55.895s][info][gc,stats    ]   CMR: <total>                     2501 us
[2026-04-03T02:31:26.035+0600][55.895s][info][gc,stats    ]   CMR: Thread Roots                2226 us, workers (us): 607, 835, 784, ---, ---, ---, 
[2026-04-03T02:31:26.035+0600][55.895s][info][gc,stats    ]   CMR: VM Strong Roots               36 us, workers (us):  27,   8,   1, ---, ---, ---, 
[2026-04-03T02:31:26.035+0600][55.895s][info][gc,stats    ]   CMR: CLDG Roots                   238 us, workers (us): 238, ---, ---, ---, ---, ---, 
[2026-04-03T02:31:26.035+0600][55.895s][info][gc,stats    ] Concurrent Marking                58342 us
[2026-04-03T02:31:26.035+0600][55.895s][info][gc,stats    ] Pause Final Mark (G)                907 us
[2026-04-03T02:31:26.035+0600][55.895s][info][gc,stats    ] Pause Final Mark (N)                724 us
[2026-04-03T02:31:26.035+0600][55.895s][info][gc,stats    ]   Finish Mark                       302 us
[2026-04-03T02:31:26.035+0600][55.895s][info][gc,stats    ]   Update Region States               42 us
[2026-04-03T02:31:26.035+0600][55.895s][info][gc,stats    ]   Choose Collection Set             216 us
[2026-04-03T02:31:26.035+0600][55.895s][info][gc,stats    ]   Rebuild Free Set                   28 us
[2026-04-03T02:31:26.035+0600][55.895s][info][gc,stats    ] Concurrent Thread Roots             927 us, parallelism: 2.14x
[2026-04-03T02:31:26.035+0600][55.895s][info][gc,stats    ]   CTR: <total>                     1980 us
[2026-04-03T02:31:26.036+0600][55.895s][info][gc,stats    ]   CTR: Thread Roots                1980 us, workers (us): 695, 646, 639, ---, ---, ---, 
[2026-04-03T02:31:26.036+0600][55.895s][info][gc,stats    ] Concurrent Weak References          975 us, parallelism: 0.93x
[2026-04-03T02:31:26.036+0600][55.895s][info][gc,stats    ]   CWRF: <total>                     906 us
[2026-04-03T02:31:26.036+0600][55.895s][info][gc,stats    ]   CWRF: Weak References             906 us, workers (us): 254, 642,  10, ---, ---, ---, 
[2026-04-03T02:31:26.036+0600][55.895s][info][gc,stats    ] Concurrent Weak Roots              4187 us
[2026-04-03T02:31:26.036+0600][55.895s][info][gc,stats    ]   Roots                            3693 us, parallelism: 2.68x
[2026-04-03T02:31:26.036+0600][55.895s][info][gc,stats    ]     CWR: <total>                   9904 us
[2026-04-03T02:31:26.036+0600][55.895s][info][gc,stats    ]     CWR: Code Cache Roots          7748 us, workers (us): 2515, 2641, 2592, ---, ---, ---, 
[2026-04-03T02:31:26.036+0600][55.895s][info][gc,stats    ]     CWR: VM Weak Roots             2035 us, workers (us): 684, 683, 668, ---, ---, ---, 
[2026-04-03T02:31:26.036+0600][55.895s][info][gc,stats    ]     CWR: CLDG Roots                 121 us, workers (us): 121, ---, ---, ---, ---, ---, 
[2026-04-03T02:31:26.036+0600][55.895s][info][gc,stats    ]   Rendezvous                        393 us
[2026-04-03T02:31:26.036+0600][55.895s][info][gc,stats    ] Concurrent Cleanup                  850 us
[2026-04-03T02:31:26.036+0600][55.895s][info][gc,stats    ] Concurrent Class Unloading        28421 us
[2026-04-03T02:31:26.036+0600][55.895s][info][gc,stats    ]   Unlink Stale                    18882 us
[2026-04-03T02:31:26.036+0600][55.895s][info][gc,stats    ]     System Dictionary               320 us
[2026-04-03T02:31:26.036+0600][55.895s][info][gc,stats    ]     Weak Class Links                  0 us
[2026-04-03T02:31:26.036+0600][55.895s][info][gc,stats    ]     Code Roots                    18555 us
[2026-04-03T02:31:26.036+0600][55.895s][info][gc,stats    ]   Rendezvous                       2507 us
[2026-04-03T02:31:26.036+0600][55.895s][info][gc,stats    ]   Purge Unlinked                   6863 us
[2026-04-03T02:31:26.036+0600][55.895s][info][gc,stats    ]     Code Roots                     6830 us
[2026-04-03T02:31:26.036+0600][55.895s][info][gc,stats    ]     CLDG                             32 us
[2026-04-03T02:31:26.036+0600][55.895s][info][gc,stats    ]     Exception Caches                  0 us
[2026-04-03T02:31:26.036+0600][55.895s][info][gc,stats    ] Concurrent Strong Roots            1428 us, parallelism: 0.66x
[2026-04-03T02:31:26.036+0600][55.895s][info][gc,stats    ]   CSR: <total>                      946 us
[2026-04-03T02:31:26.036+0600][55.895s][info][gc,stats    ]   CSR: VM Strong Roots               82 us, workers (us):  48,  32,   1, ---, ---, ---, 
[2026-04-03T02:31:26.036+0600][55.895s][info][gc,stats    ]   CSR: CLDG Roots                   864 us, workers (us): ---, 864, ---, ---, ---, ---, 
[2026-04-03T02:31:26.036+0600][55.895s][info][gc,stats    ] Concurrent Evacuation              5514 us
[2026-04-03T02:31:26.036+0600][55.895s][info][gc,stats    ] Pause Init Update Refs (G)          353 us
[2026-04-03T02:31:26.036+0600][55.895s][info][gc,stats    ] Pause Init Update Refs (N)          143 us
[2026-04-03T02:31:26.036+0600][55.895s][info][gc,stats    ]   Manage GCLABs                      38 us
[2026-04-03T02:31:26.036+0600][55.895s][info][gc,stats    ] Concurrent Update Refs            46927 us
[2026-04-03T02:31:26.036+0600][55.895s][info][gc,stats    ] Concurrent Update Thread Roots     1967 us
[2026-04-03T02:31:26.036+0600][55.895s][info][gc,stats    ] Pause Final Update Refs (G)         813 us
[2026-04-03T02:31:26.036+0600][55.895s][info][gc,stats    ] Pause Final Update Refs (N)         528 us
[2026-04-03T02:31:26.036+0600][55.895s][info][gc,stats    ]   Update Region States               63 us
[2026-04-03T02:31:26.036+0600][55.895s][info][gc,stats    ]   Trash Collection Set               22 us
[2026-04-03T02:31:26.036+0600][55.895s][info][gc,stats    ]   Rebuild Free Set                  181 us
[2026-04-03T02:31:26.036+0600][55.895s][info][gc,stats    ] Concurrent Cleanup                 3820 us
[2026-04-03T02:31:26.036+0600][55.895s][info][gc,stats    ] Pacing                            21428 us
[2026-04-03T02:31:26.036+0600][55.895s][info][gc,stats    ] 
[2026-04-03T02:31:26.036+0600][55.895s][info][gc,stats    ] Allocation pacing accrued:
[2026-04-03T02:31:26.036+0600][55.895s][info][gc,stats    ]      10 of   966 ms (  1.0%): dispatcher-event-loop-7
[2026-04-03T02:31:26.036+0600][55.895s][info][gc,stats    ]      11 of   966 ms (  1.2%): dag-scheduler-event-loop
[2026-04-03T02:31:26.036+0600][55.895s][info][gc,stats    ]      21 of   966 ms (  2.2%): <total>
[2026-04-03T02:31:26.036+0600][55.895s][info][gc,stats    ]       0 of   966 ms (  0.0%): <average total>
[2026-04-03T02:31:26.036+0600][55.895s][info][gc,stats    ]      11 of   966 ms (  1.1%): <average non-zero>
[2026-04-03T02:31:26.036+0600][55.895s][info][gc,stats    ] 
[2026-04-03T02:31:26.036+0600][55.895s][info][gc,metaspace] Metaspace: 131130K(132544K)->131132K(132544K) NonClass: 114679K(115392K)->114681K(115392K) Class: 16451K(17152K)->16451K(17152K)
[2026-04-03T02:31:26.036+0600][55.895s][info][gc,ergo     ] Pacer for Idle. Initial: 25600K, Alloc Tax Rate: 1.0x
[2026-04-03T02:31:26.722+0600][56.582s][info][gc          ] Trigger: Average GC time (182.06 ms) is above the time for average allocation rate (987 MB/s) to deplete free headroom (178M) (margin of error = 1.89)
[2026-04-03T02:31:26.722+0600][56.582s][info][gc,ergo     ] Free headroom: 241M (free) - 64000K (spike) - 0B (penalties) = 178M
[2026-04-03T02:31:26.722+0600][56.582s][info][gc,ergo     ] Free: 241M, Max: 512K regular, 169M humongous, Frag: 30% external, 1% internal; Reserve: 64000K, Max: 512K
[2026-04-03T02:31:26.722+0600][56.582s][info][gc,start    ] GC(50) Concurrent reset
[2026-04-03T02:31:26.723+0600][56.582s][info][gc,task     ] GC(50) Using 3 of 6 workers for concurrent reset
[2026-04-03T02:31:26.723+0600][56.582s][info][gc,ergo     ] GC(50) Pacer for Reset. Non-Taxable: 1250M
[2026-04-03T02:31:26.725+0600][56.584s][info][gc          ] GC(50) Concurrent reset 2.613ms
[2026-04-03T02:31:26.726+0600][56.585s][info][gc,start    ] GC(50) Pause Init Mark (unload classes)
[2026-04-03T02:31:26.726+0600][56.585s][info][gc,task     ] GC(50) Using 6 of 6 workers for init marking
[2026-04-03T02:31:26.726+0600][56.585s][info][gc,ergo     ] GC(50) Pacer for Mark. Expected Live: 93522K, Free: 236M, Non-Taxable: 24245K, Alloc Tax Rate: 0.5x
[2026-04-03T02:31:26.726+0600][56.585s][info][gc          ] GC(50) Pause Init Mark (unload classes) 0.171ms
[2026-04-03T02:31:26.726+0600][56.585s][info][gc,start    ] GC(50) Concurrent marking roots
[2026-04-03T02:31:26.726+0600][56.585s][info][gc,task     ] GC(50) Using 3 of 6 workers for concurrent marking roots
[2026-04-03T02:31:26.728+0600][56.587s][info][gc          ] GC(50) Concurrent marking roots 1.435ms
[2026-04-03T02:31:26.728+0600][56.587s][info][gc,start    ] GC(50) Concurrent marking (unload classes)
[2026-04-03T02:31:26.728+0600][56.587s][info][gc,task     ] GC(50) Using 3 of 6 workers for concurrent marking
[2026-04-03T02:31:26.811+0600][56.670s][info][gc          ] GC(50) Concurrent marking (unload classes) 83.521ms
[2026-04-03T02:31:26.811+0600][56.671s][info][gc,start    ] GC(50) Pause Final Mark (unload classes)
[2026-04-03T02:31:26.811+0600][56.671s][info][gc,task     ] GC(50) Using 6 of 6 workers for final marking
[2026-04-03T02:31:26.812+0600][56.671s][info][gc,ergo     ] GC(50) Adaptive CSet Selection. Target Free: 177M, Actual Free: 828M, Max CSet: 53333K, Min Garbage: 0B
[2026-04-03T02:31:26.812+0600][56.671s][info][gc,ergo     ] GC(50) Collectable Garbage: 761M (98%), Immediate: 577M (74%), CSet: 183M (23%)
[2026-04-03T02:31:26.812+0600][56.671s][info][gc,ergo     ] GC(50) Pacer for Evacuation. Used CSet: 189M, Free: 850M, Non-Taxable: 87066K, Alloc Tax Rate: 1.1x
[2026-04-03T02:31:26.812+0600][56.671s][info][gc          ] GC(50) Pause Final Mark (unload classes) 0.626ms
[2026-04-03T02:31:26.812+0600][56.671s][info][gc,start    ] GC(50) Concurrent thread roots
[2026-04-03T02:31:26.812+0600][56.671s][info][gc,task     ] GC(50) Using 3 of 6 workers for Concurrent thread roots
[2026-04-03T02:31:26.813+0600][56.672s][info][gc          ] GC(50) Concurrent thread roots 1.040ms
[2026-04-03T02:31:26.813+0600][56.672s][info][gc,start    ] GC(50) Concurrent weak references
[2026-04-03T02:31:26.813+0600][56.672s][info][gc,task     ] GC(50) Using 3 of 6 workers for concurrent weak references
[2026-04-03T02:31:26.814+0600][56.674s][info][gc,ref      ] GC(50) Encountered references: Soft: 3784, Weak: 16557, Final: 84, Phantom: 621
[2026-04-03T02:31:26.814+0600][56.674s][info][gc,ref      ] GC(50) Discovered  references: Soft: 0, Weak: 9922, Final: 84, Phantom: 617
[2026-04-03T02:31:26.814+0600][56.674s][info][gc,ref      ] GC(50) Enqueued    references: Soft: 0, Weak: 1736, Final: 0, Phantom: 0
[2026-04-03T02:31:26.814+0600][56.674s][info][gc          ] GC(50) Concurrent weak references 1.139ms
[2026-04-03T02:31:26.814+0600][56.674s][info][gc,start    ] GC(50) Concurrent weak roots
[2026-04-03T02:31:26.814+0600][56.674s][info][gc,task     ] GC(50) Using 3 of 6 workers for concurrent weak root
[2026-04-03T02:31:26.820+0600][56.679s][info][gc          ] GC(50) Concurrent weak roots 5.242ms
[2026-04-03T02:31:26.820+0600][56.679s][info][gc,start    ] GC(50) Concurrent cleanup
[2026-04-03T02:31:26.821+0600][56.680s][info][gc          ] GC(50) Concurrent cleanup 919M->342M(1027M) 0.899ms
[2026-04-03T02:31:26.821+0600][56.680s][info][gc,ergo     ] GC(50) Free: 842M, Max: 512K regular, 169M humongous, Frag: 80% external, 0% internal; Reserve: 63620K, Max: 512K
[2026-04-03T02:31:26.821+0600][56.680s][info][gc,start    ] GC(50) Concurrent class unloading
[2026-04-03T02:31:26.821+0600][56.680s][info][gc,task     ] GC(50) Using 3 of 6 workers for concurrent class unloading
[2026-04-03T02:31:26.843+0600][56.702s][info][gc          ] GC(50) Concurrent class unloading 22.404ms
[2026-04-03T02:31:26.843+0600][56.702s][info][gc,start    ] GC(50) Concurrent strong roots
[2026-04-03T02:31:26.843+0600][56.703s][info][gc,task     ] GC(50) Using 3 of 6 workers for concurrent strong root
[2026-04-03T02:31:26.844+0600][56.704s][info][gc          ] GC(50) Concurrent strong roots 1.235ms
[2026-04-03T02:31:26.845+0600][56.704s][info][gc,start    ] GC(50) Concurrent evacuation
[2026-04-03T02:31:26.845+0600][56.704s][info][gc,task     ] GC(50) Using 3 of 6 workers for concurrent evacuation
[2026-04-03T02:31:26.848+0600][56.708s][info][gc          ] GC(50) Concurrent evacuation 3.740ms
[2026-04-03T02:31:26.849+0600][56.708s][info][gc,start    ] GC(50) Pause Init Update Refs
[2026-04-03T02:31:26.849+0600][56.708s][info][gc,ergo     ] GC(50) Pacer for Update Refs. Used: 361M, Free: 825M, Non-Taxable: 84550K, Alloc Tax Rate: 1.1x
[2026-04-03T02:31:26.849+0600][56.708s][info][gc          ] GC(50) Pause Init Update Refs 0.193ms
[2026-04-03T02:31:26.849+0600][56.708s][info][gc,start    ] GC(50) Concurrent update references
[2026-04-03T02:31:26.849+0600][56.708s][info][gc,task     ] GC(50) Using 3 of 6 workers for concurrent reference update
[2026-04-03T02:31:26.910+0600][56.770s][info][gc          ] GC(50) Concurrent update references 61.169ms
[2026-04-03T02:31:26.910+0600][56.770s][info][gc,start    ] GC(50) Concurrent update thread roots
[2026-04-03T02:31:26.912+0600][56.772s][info][gc          ] GC(50) Concurrent update thread roots 1.976ms
[2026-04-03T02:31:26.913+0600][56.772s][info][gc,start    ] GC(50) Pause Final Update Refs
[2026-04-03T02:31:26.913+0600][56.772s][info][gc,task     ] GC(50) Using 6 of 6 workers for final reference update
[2026-04-03T02:31:26.913+0600][56.772s][info][gc          ] GC(50) Pause Final Update Refs 0.227ms
[2026-04-03T02:31:26.913+0600][56.772s][info][gc,start    ] GC(50) Concurrent cleanup
[2026-04-03T02:31:26.913+0600][56.773s][info][gc          ] GC(50) Concurrent cleanup 403M->214M(1027M) 0.599ms
[2026-04-03T02:31:26.914+0600][56.773s][info][gc,ergo     ] Free: 965M, Max: 512K regular, 480M humongous, Frag: 51% external, 0% internal; Reserve: 64000K, Max: 512K
[2026-04-03T02:31:26.914+0600][56.773s][info][gc,stats    ] 
[2026-04-03T02:31:26.914+0600][56.773s][info][gc,stats    ] All times are wall-clock times, except per-root-class counters, that are sum over
[2026-04-03T02:31:26.914+0600][56.773s][info][gc,stats    ] all workers. Dividing the <total> over the root stage time estimates parallelism.
[2026-04-03T02:31:26.914+0600][56.773s][info][gc,stats    ] 
[2026-04-03T02:31:26.914+0600][56.773s][info][gc,stats    ] Concurrent Reset                   2683 us
[2026-04-03T02:31:26.914+0600][56.773s][info][gc,stats    ] Pause Init Mark (G)                 883 us
[2026-04-03T02:31:26.914+0600][56.773s][info][gc,stats    ] Pause Init Mark (N)                 180 us
[2026-04-03T02:31:26.914+0600][56.773s][info][gc,stats    ]   Update Region States               37 us
[2026-04-03T02:31:26.914+0600][56.773s][info][gc,stats    ] Concurrent Mark Roots              1485 us, parallelism: 1.81x
[2026-04-03T02:31:26.914+0600][56.773s][info][gc,stats    ]   CMR: <total>                     2681 us
[2026-04-03T02:31:26.914+0600][56.773s][info][gc,stats    ]   CMR: Thread Roots                2258 us, workers (us): 873, 509, 875, ---, ---, ---, 
[2026-04-03T02:31:26.914+0600][56.773s][info][gc,stats    ]   CMR: VM Strong Roots               54 us, workers (us):  40,  10,   4, ---, ---, ---, 
[2026-04-03T02:31:26.914+0600][56.773s][info][gc,stats    ]   CMR: CLDG Roots                   369 us, workers (us): ---, 369, ---, ---, ---, ---, 
[2026-04-03T02:31:26.914+0600][56.773s][info][gc,stats    ] Concurrent Marking                83597 us
[2026-04-03T02:31:26.914+0600][56.773s][info][gc,stats    ] Pause Final Mark (G)                914 us
[2026-04-03T02:31:26.914+0600][56.773s][info][gc,stats    ] Pause Final Mark (N)                636 us
[2026-04-03T02:31:26.914+0600][56.773s][info][gc,stats    ]   Finish Mark                       235 us
[2026-04-03T02:31:26.914+0600][56.773s][info][gc,stats    ]   Update Region States               51 us
[2026-04-03T02:31:26.914+0600][56.773s][info][gc,stats    ]   Choose Collection Set             211 us
[2026-04-03T02:31:26.914+0600][56.773s][info][gc,stats    ]   Rebuild Free Set                   32 us
[2026-04-03T02:31:26.914+0600][56.773s][info][gc,stats    ] Concurrent Thread Roots            1094 us, parallelism: 2.30x
[2026-04-03T02:31:26.914+0600][56.773s][info][gc,stats    ]   CTR: <total>                     2521 us
[2026-04-03T02:31:26.914+0600][56.773s][info][gc,stats    ]   CTR: Thread Roots                2521 us, workers (us): 835, 839, 847, ---, ---, ---, 
[2026-04-03T02:31:26.914+0600][56.773s][info][gc,stats    ] Concurrent Weak References         1153 us, parallelism: 1.10x
[2026-04-03T02:31:26.914+0600][56.773s][info][gc,stats    ]   CWRF: <total>                    1264 us
[2026-04-03T02:31:26.914+0600][56.773s][info][gc,stats    ]   CWRF: Weak References            1264 us, workers (us): 305, 957,   1, ---, ---, ---, 
[2026-04-03T02:31:26.914+0600][56.773s][info][gc,stats    ] Concurrent Weak Roots              5329 us
[2026-04-03T02:31:26.914+0600][56.773s][info][gc,stats    ]   Roots                            4847 us, parallelism: 2.74x
[2026-04-03T02:31:26.914+0600][56.773s][info][gc,stats    ]     CWR: <total>                  13277 us
[2026-04-03T02:31:26.914+0600][56.773s][info][gc,stats    ]     CWR: Code Cache Roots          9705 us, workers (us): 3304, 3117, 3284, ---, ---, ---, 
[2026-04-03T02:31:26.914+0600][56.773s][info][gc,stats    ]     CWR: VM Weak Roots             3353 us, workers (us): 1201, 1177, 975, ---, ---, ---, 
[2026-04-03T02:31:26.914+0600][56.773s][info][gc,stats    ]     CWR: CLDG Roots                 219 us, workers (us): ---, 219, ---, ---, ---, ---, 
[2026-04-03T02:31:26.914+0600][56.773s][info][gc,stats    ]   Rendezvous                        361 us
[2026-04-03T02:31:26.914+0600][56.773s][info][gc,stats    ] Concurrent Cleanup                  951 us
[2026-04-03T02:31:26.914+0600][56.773s][info][gc,stats    ] Concurrent Class Unloading        22512 us
[2026-04-03T02:31:26.914+0600][56.773s][info][gc,stats    ]   Unlink Stale                    20307 us
[2026-04-03T02:31:26.914+0600][56.773s][info][gc,stats    ]     System Dictionary               289 us
[2026-04-03T02:31:26.914+0600][56.774s][info][gc,stats    ]     Weak Class Links                  1 us
[2026-04-03T02:31:26.914+0600][56.774s][info][gc,stats    ]     Code Roots                    20011 us
[2026-04-03T02:31:26.914+0600][56.774s][info][gc,stats    ]   Rendezvous                        440 us
[2026-04-03T02:31:26.914+0600][56.774s][info][gc,stats    ]   Purge Unlinked                   1603 us
[2026-04-03T02:31:26.914+0600][56.774s][info][gc,stats    ]     Code Roots                     1581 us
[2026-04-03T02:31:26.914+0600][56.774s][info][gc,stats    ]     CLDG                             20 us
[2026-04-03T02:31:26.914+0600][56.774s][info][gc,stats    ]     Exception Caches                  1 us
[2026-04-03T02:31:26.914+0600][56.774s][info][gc,stats    ] Concurrent Strong Roots            1332 us, parallelism: 0.61x
[2026-04-03T02:31:26.914+0600][56.774s][info][gc,stats    ]   CSR: <total>                      807 us
[2026-04-03T02:31:26.914+0600][56.774s][info][gc,stats    ]   CSR: VM Strong Roots               75 us, workers (us):  26,  27,  22, ---, ---, ---, 
[2026-04-03T02:31:26.914+0600][56.774s][info][gc,stats    ]   CSR: CLDG Roots                   733 us, workers (us): ---, ---, 733, ---, ---, ---, 
[2026-04-03T02:31:26.914+0600][56.774s][info][gc,stats    ] Concurrent Evacuation              3846 us
[2026-04-03T02:31:26.914+0600][56.774s][info][gc,stats    ] Pause Init Update Refs (G)          657 us
[2026-04-03T02:31:26.914+0600][56.774s][info][gc,stats    ] Pause Init Update Refs (N)          206 us
[2026-04-03T02:31:26.914+0600][56.774s][info][gc,stats    ]   Manage GCLABs                      70 us
[2026-04-03T02:31:26.914+0600][56.774s][info][gc,stats    ] Concurrent Update Refs            61283 us
[2026-04-03T02:31:26.914+0600][56.774s][info][gc,stats    ] Concurrent Update Thread Roots     2074 us
[2026-04-03T02:31:26.914+0600][56.774s][info][gc,stats    ] Pause Final Update Refs (G)         505 us
[2026-04-03T02:31:26.914+0600][56.774s][info][gc,stats    ] Pause Final Update Refs (N)         249 us
[2026-04-03T02:31:26.914+0600][56.774s][info][gc,stats    ]   Update Region States               69 us
[2026-04-03T02:31:26.914+0600][56.774s][info][gc,stats    ]   Trash Collection Set               21 us
[2026-04-03T02:31:26.914+0600][56.774s][info][gc,stats    ]   Rebuild Free Set                   41 us
[2026-04-03T02:31:26.914+0600][56.774s][info][gc,stats    ] Concurrent Cleanup                  638 us
[2026-04-03T02:31:26.914+0600][56.774s][info][gc,stats    ] Pacing                           150218 us
[2026-04-03T02:31:26.914+0600][56.774s][info][gc,stats    ] 
[2026-04-03T02:31:26.914+0600][56.774s][info][gc,stats    ] Allocation pacing accrued:
[2026-04-03T02:31:26.914+0600][56.774s][info][gc,stats    ]      21 of   878 ms (  2.4%): Executor task launch worker for task 0.0 in stage 1987.0 (TID 3697)
[2026-04-03T02:31:26.914+0600][56.774s][info][gc,stats    ]      21 of   878 ms (  2.4%): Executor task launch worker for task 5.0 in stage 1987.0 (TID 3702)
[2026-04-03T02:31:26.915+0600][56.774s][info][gc,stats    ]      21 of   878 ms (  2.4%): Executor task launch worker for task 3.0 in stage 1987.0 (TID 3700)
[2026-04-03T02:31:26.915+0600][56.774s][info][gc,stats    ]      22 of   878 ms (  2.5%): Executor task launch worker for task 6.0 in stage 1987.0 (TID 3703)
[2026-04-03T02:31:26.915+0600][56.774s][info][gc,stats    ]      21 of   878 ms (  2.4%): Executor task launch worker for task 4.0 in stage 1987.0 (TID 3701)
[2026-04-03T02:31:26.915+0600][56.774s][info][gc,stats    ]      21 of   878 ms (  2.4%): Executor task launch worker for task 1.0 in stage 1987.0 (TID 3698)
[2026-04-03T02:31:26.915+0600][56.774s][info][gc,stats    ]      21 of   878 ms (  2.4%): Executor task launch worker for task 2.0 in stage 1987.0 (TID 3699)
[2026-04-03T02:31:26.915+0600][56.774s][info][gc,stats    ]     150 of   878 ms ( 17.1%): <total>
[2026-04-03T02:31:26.915+0600][56.774s][info][gc,stats    ]       1 of   878 ms (  0.1%): <average total>
[2026-04-03T02:31:26.915+0600][56.774s][info][gc,stats    ]      21 of   878 ms (  2.4%): <average non-zero>
[2026-04-03T02:31:26.915+0600][56.774s][info][gc,stats    ] 
[2026-04-03T02:31:26.915+0600][56.774s][info][gc,metaspace] Metaspace: 131167K(132544K)->131169K(132544K) NonClass: 114708K(115392K)->114709K(115392K) Class: 16459K(17152K)->16459K(17152K)
[2026-04-03T02:31:26.915+0600][56.774s][info][gc,ergo     ] Pacer for Idle. Initial: 25600K, Alloc Tax Rate: 1.0x
[2026-04-03T02:31:27.218+0600][57.077s][info][gc          ] Trigger: Average GC time (206.11 ms) is above the time for average allocation rate (2659 MB/s) to deplete free headroom (244M) (margin of error = 1.89)
[2026-04-03T02:31:27.218+0600][57.077s][info][gc,ergo     ] Free headroom: 307M (free) - 64000K (spike) - 0B (penalties) = 244M
[2026-04-03T02:31:27.218+0600][57.077s][info][gc,ergo     ] Free: 307M, Max: 512K regular, 167M humongous, Frag: 46% external, 0% internal; Reserve: 64000K, Max: 512K
[2026-04-03T02:31:27.218+0600][57.077s][info][gc,start    ] GC(51) Concurrent reset
[2026-04-03T02:31:27.218+0600][57.077s][info][gc,task     ] GC(51) Using 3 of 6 workers for concurrent reset
[2026-04-03T02:31:27.218+0600][57.077s][info][gc,ergo     ] GC(51) Pacer for Reset. Non-Taxable: 1250M
[2026-04-03T02:31:27.220+0600][57.079s][info][gc          ] GC(51) Concurrent reset 1.909ms
[2026-04-03T02:31:27.221+0600][57.080s][info][gc,start    ] GC(51) Pause Init Mark (unload classes)
[2026-04-03T02:31:27.221+0600][57.080s][info][gc,task     ] GC(51) Using 6 of 6 workers for init marking
[2026-04-03T02:31:27.221+0600][57.080s][info][gc,ergo     ] GC(51) Pacer for Mark. Expected Live: 94504K, Free: 269M, Non-Taxable: 27565K, Alloc Tax Rate: 0.4x
[2026-04-03T02:31:27.221+0600][57.080s][info][gc          ] GC(51) Pause Init Mark (unload classes) 0.120ms
[2026-04-03T02:31:27.221+0600][57.080s][info][gc,start    ] GC(51) Concurrent marking roots
[2026-04-03T02:31:27.221+0600][57.080s][info][gc,task     ] GC(51) Using 3 of 6 workers for concurrent marking roots
[2026-04-03T02:31:27.222+0600][57.082s][info][gc          ] GC(51) Concurrent marking roots 1.412ms
[2026-04-03T02:31:27.222+0600][57.082s][info][gc,start    ] GC(51) Concurrent marking (unload classes)
[2026-04-03T02:31:27.222+0600][57.082s][info][gc,task     ] GC(51) Using 3 of 6 workers for concurrent marking
[2026-04-03T02:31:27.267+0600][57.126s][info][gc          ] GC(51) Concurrent marking (unload classes) 44.604ms
[2026-04-03T02:31:27.272+0600][57.131s][info][gc,start    ] GC(51) Pause Final Mark (unload classes)
[2026-04-03T02:31:27.272+0600][57.131s][info][gc,task     ] GC(51) Using 6 of 6 workers for final marking
[2026-04-03T02:31:27.272+0600][57.131s][info][gc,ergo     ] GC(51) Adaptive CSet Selection. Target Free: 177M, Actual Free: 869M, Max CSet: 53333K, Min Garbage: 0B
[2026-04-03T02:31:27.272+0600][57.132s][info][gc,ergo     ] GC(51) Collectable Garbage: 738M (98%), Immediate: 664M (88%), CSet: 76121K (9%)
[2026-04-03T02:31:27.272+0600][57.132s][info][gc,ergo     ] GC(51) Pacer for Evacuation. Used CSet: 83292K, Free: 872M, Non-Taxable: 89316K, Alloc Tax Rate: 1.1x
[2026-04-03T02:31:27.272+0600][57.132s][info][gc          ] GC(51) Pause Final Mark (unload classes) 0.603ms
[2026-04-03T02:31:27.272+0600][57.132s][info][gc,start    ] GC(51) Concurrent thread roots
[2026-04-03T02:31:27.273+0600][57.132s][info][gc,task     ] GC(51) Using 3 of 6 workers for Concurrent thread roots
[2026-04-03T02:31:27.274+0600][57.133s][info][gc          ] GC(51) Concurrent thread roots 1.261ms
[2026-04-03T02:31:27.274+0600][57.133s][info][gc,start    ] GC(51) Concurrent weak references
[2026-04-03T02:31:27.274+0600][57.133s][info][gc,task     ] GC(51) Using 3 of 6 workers for concurrent weak references
[2026-04-03T02:31:27.274+0600][57.134s][info][gc,ref      ] GC(51) Encountered references: Soft: 3788, Weak: 15454, Final: 84, Phantom: 631
[2026-04-03T02:31:27.274+0600][57.134s][info][gc,ref      ] GC(51) Discovered  references: Soft: 0, Weak: 9359, Final: 52, Phantom: 233
[2026-04-03T02:31:27.275+0600][57.134s][info][gc,ref      ] GC(51) Enqueued    references: Soft: 0, Weak: 816, Final: 0, Phantom: 0
[2026-04-03T02:31:27.275+0600][57.134s][info][gc          ] GC(51) Concurrent weak references 0.785ms
[2026-04-03T02:31:27.275+0600][57.134s][info][gc,start    ] GC(51) Concurrent weak roots
[2026-04-03T02:31:27.275+0600][57.134s][info][gc,task     ] GC(51) Using 3 of 6 workers for concurrent weak root
[2026-04-03T02:31:27.284+0600][57.143s][info][gc          ] GC(51) Concurrent weak roots 9.516ms
[2026-04-03T02:31:27.284+0600][57.143s][info][gc,start    ] GC(51) Concurrent cleanup
[2026-04-03T02:31:27.285+0600][57.145s][info][gc          ] GC(51) Concurrent cleanup 1007M->351M(1113M) 1.106ms
[2026-04-03T02:31:27.285+0600][57.145s][info][gc,ergo     ] GC(51) Free: 814M, Max: 512K regular, 266M humongous, Frag: 68% external, 0% internal; Reserve: 62672K, Max: 512K
[2026-04-03T02:31:27.285+0600][57.145s][info][gc,start    ] GC(51) Concurrent class unloading
[2026-04-03T02:31:27.285+0600][57.145s][info][gc,task     ] GC(51) Using 3 of 6 workers for concurrent class unloading
[2026-04-03T02:31:27.301+0600][57.160s][info][gc          ] GC(51) Concurrent class unloading 15.160ms
[2026-04-03T02:31:27.301+0600][57.160s][info][gc,start    ] GC(51) Concurrent strong roots
[2026-04-03T02:31:27.301+0600][57.160s][info][gc,task     ] GC(51) Using 3 of 6 workers for concurrent strong root
[2026-04-03T02:31:27.302+0600][57.161s][info][gc          ] GC(51) Concurrent strong roots 1.541ms
[2026-04-03T02:31:27.302+0600][57.162s][info][gc,start    ] GC(51) Concurrent evacuation
[2026-04-03T02:31:27.302+0600][57.162s][info][gc,task     ] GC(51) Using 3 of 6 workers for concurrent evacuation
[2026-04-03T02:31:27.305+0600][57.165s][info][gc          ] GC(51) Concurrent evacuation 3.134ms
[2026-04-03T02:31:27.306+0600][57.165s][info][gc,start    ] GC(51) Pause Init Update Refs
[2026-04-03T02:31:27.306+0600][57.165s][info][gc,ergo     ] GC(51) Pacer for Update Refs. Used: 393M, Free: 775M, Non-Taxable: 79453K, Alloc Tax Rate: 1.1x
[2026-04-03T02:31:27.306+0600][57.165s][info][gc          ] GC(51) Pause Init Update Refs 0.100ms
[2026-04-03T02:31:27.306+0600][57.165s][info][gc,start    ] GC(51) Concurrent update references
[2026-04-03T02:31:27.306+0600][57.165s][info][gc,task     ] GC(51) Using 3 of 6 workers for concurrent reference update
[2026-04-03T02:31:27.350+0600][57.210s][info][gc          ] GC(51) Concurrent update references 44.476ms
[2026-04-03T02:31:27.350+0600][57.210s][info][gc,start    ] GC(51) Concurrent update thread roots
[2026-04-03T02:31:27.352+0600][57.212s][info][gc          ] GC(51) Concurrent update thread roots 2.027ms
[2026-04-03T02:31:27.353+0600][57.212s][info][gc,start    ] GC(51) Pause Final Update Refs
[2026-04-03T02:31:27.353+0600][57.212s][info][gc,task     ] GC(51) Using 6 of 6 workers for final reference update
[2026-04-03T02:31:27.353+0600][57.212s][info][gc          ] GC(51) Pause Final Update Refs 0.146ms
[2026-04-03T02:31:27.353+0600][57.212s][info][gc,start    ] GC(51) Concurrent cleanup
[2026-04-03T02:31:27.354+0600][57.213s][info][gc          ] GC(51) Concurrent cleanup 456M->375M(1114M) 0.604ms
[2026-04-03T02:31:27.354+0600][57.213s][info][gc,ergo     ] Free: 780M, Max: 512K regular, 390M humongous, Frag: 50% external, 0% internal; Reserve: 64000K, Max: 512K
[2026-04-03T02:31:27.354+0600][57.213s][info][gc,stats    ] 
[2026-04-03T02:31:27.354+0600][57.213s][info][gc,stats    ] All times are wall-clock times, except per-root-class counters, that are sum over
[2026-04-03T02:31:27.354+0600][57.213s][info][gc,stats    ] all workers. Dividing the <total> over the root stage time estimates parallelism.
[2026-04-03T02:31:27.354+0600][57.213s][info][gc,stats    ] 
[2026-04-03T02:31:27.354+0600][57.213s][info][gc,stats    ] Concurrent Reset                   1981 us
[2026-04-03T02:31:27.354+0600][57.213s][info][gc,stats    ] Pause Init Mark (G)                1067 us
[2026-04-03T02:31:27.354+0600][57.213s][info][gc,stats    ] Pause Init Mark (N)                 128 us
[2026-04-03T02:31:27.354+0600][57.213s][info][gc,stats    ]   Update Region States               23 us
[2026-04-03T02:31:27.354+0600][57.213s][info][gc,stats    ] Concurrent Mark Roots              1472 us, parallelism: 1.75x
[2026-04-03T02:31:27.354+0600][57.213s][info][gc,stats    ]   CMR: <total>                     2574 us
[2026-04-03T02:31:27.354+0600][57.213s][info][gc,stats    ]   CMR: Thread Roots                2195 us, workers (us): 545, 836, 814, ---, ---, ---, 
[2026-04-03T02:31:27.354+0600][57.213s][info][gc,stats    ]   CMR: VM Strong Roots              114 us, workers (us):  71,  42,   1, ---, ---, ---, 
[2026-04-03T02:31:27.354+0600][57.213s][info][gc,stats    ]   CMR: CLDG Roots                   265 us, workers (us): 265, ---, ---, ---, ---, ---, 
[2026-04-03T02:31:27.354+0600][57.213s][info][gc,stats    ] Concurrent Marking                44665 us
[2026-04-03T02:31:27.354+0600][57.213s][info][gc,stats    ] Pause Final Mark (G)               5355 us
[2026-04-03T02:31:27.354+0600][57.213s][info][gc,stats    ] Pause Final Mark (N)                613 us
[2026-04-03T02:31:27.354+0600][57.213s][info][gc,stats    ]   Finish Mark                       248 us
[2026-04-03T02:31:27.354+0600][57.213s][info][gc,stats    ]   Update Region States               35 us
[2026-04-03T02:31:27.354+0600][57.214s][info][gc,stats    ]   Choose Collection Set             154 us
[2026-04-03T02:31:27.354+0600][57.214s][info][gc,stats    ]   Rebuild Free Set                   27 us
[2026-04-03T02:31:27.354+0600][57.214s][info][gc,stats    ] Concurrent Thread Roots            1299 us, parallelism: 2.34x
[2026-04-03T02:31:27.354+0600][57.214s][info][gc,stats    ]   CTR: <total>                     3046 us
[2026-04-03T02:31:27.354+0600][57.214s][info][gc,stats    ]   CTR: Thread Roots                3046 us, workers (us): 1025, 1022, 999, ---, ---, ---, 
[2026-04-03T02:31:27.354+0600][57.214s][info][gc,stats    ] Concurrent Weak References          799 us, parallelism: 1.09x
[2026-04-03T02:31:27.354+0600][57.214s][info][gc,stats    ]   CWRF: <total>                     867 us
[2026-04-03T02:31:27.354+0600][57.214s][info][gc,stats    ]   CWRF: Weak References             867 us, workers (us): 537, 195, 135, ---, ---, ---, 
[2026-04-03T02:31:27.354+0600][57.214s][info][gc,stats    ] Concurrent Weak Roots              9590 us
[2026-04-03T02:31:27.354+0600][57.214s][info][gc,stats    ]   Roots                            3781 us, parallelism: 2.67x
[2026-04-03T02:31:27.354+0600][57.214s][info][gc,stats    ]     CWR: <total>                  10103 us
[2026-04-03T02:31:27.354+0600][57.214s][info][gc,stats    ]     CWR: Code Cache Roots          7861 us, workers (us): 2657, 2525, 2679, ---, ---, ---, 
[2026-04-03T02:31:27.354+0600][57.214s][info][gc,stats    ]     CWR: VM Weak Roots             2112 us, workers (us): 751, 705, 655, ---, ---, ---, 
[2026-04-03T02:31:27.354+0600][57.214s][info][gc,stats    ]     CWR: CLDG Roots                 131 us, workers (us): ---, 131, ---, ---, ---, ---, 
[2026-04-03T02:31:27.354+0600][57.214s][info][gc,stats    ]   Rendezvous                       5704 us
[2026-04-03T02:31:27.354+0600][57.214s][info][gc,stats    ] Concurrent Cleanup                 1149 us
[2026-04-03T02:31:27.354+0600][57.214s][info][gc,stats    ] Concurrent Class Unloading        15252 us
[2026-04-03T02:31:27.354+0600][57.214s][info][gc,stats    ]   Unlink Stale                    14012 us
[2026-04-03T02:31:27.354+0600][57.214s][info][gc,stats    ]     System Dictionary               299 us
[2026-04-03T02:31:27.354+0600][57.214s][info][gc,stats    ]     Weak Class Links                  0 us
[2026-04-03T02:31:27.354+0600][57.214s][info][gc,stats    ]     Code Roots                    13709 us
[2026-04-03T02:31:27.354+0600][57.214s][info][gc,stats    ]   Rendezvous                        378 us
[2026-04-03T02:31:27.354+0600][57.214s][info][gc,stats    ]   Purge Unlinked                    734 us
[2026-04-03T02:31:27.354+0600][57.214s][info][gc,stats    ]     Code Roots                      724 us
[2026-04-03T02:31:27.355+0600][57.214s][info][gc,stats    ]     CLDG                              9 us
[2026-04-03T02:31:27.355+0600][57.214s][info][gc,stats    ]     Exception Caches                  0 us
[2026-04-03T02:31:27.355+0600][57.214s][info][gc,stats    ] Concurrent Strong Roots            1594 us, parallelism: 0.70x
[2026-04-03T02:31:27.355+0600][57.214s][info][gc,stats    ]   CSR: <total>                     1119 us
[2026-04-03T02:31:27.355+0600][57.214s][info][gc,stats    ]   CSR: VM Strong Roots               38 us, workers (us):  37,   1,   0, ---, ---, ---, 
[2026-04-03T02:31:27.355+0600][57.214s][info][gc,stats    ]   CSR: CLDG Roots                  1081 us, workers (us): 1081, ---, ---, ---, ---, ---, 
[2026-04-03T02:31:27.355+0600][57.214s][info][gc,stats    ] Concurrent Evacuation              3199 us
[2026-04-03T02:31:27.355+0600][57.214s][info][gc,stats    ] Pause Init Update Refs (G)          365 us
[2026-04-03T02:31:27.355+0600][57.214s][info][gc,stats    ] Pause Init Update Refs (N)          114 us
[2026-04-03T02:31:27.355+0600][57.214s][info][gc,stats    ]   Manage GCLABs                      36 us
[2026-04-03T02:31:27.355+0600][57.214s][info][gc,stats    ] Concurrent Update Refs            44606 us
[2026-04-03T02:31:27.355+0600][57.214s][info][gc,stats    ] Concurrent Update Thread Roots     2105 us
[2026-04-03T02:31:27.355+0600][57.214s][info][gc,stats    ] Pause Final Update Refs (G)         654 us
[2026-04-03T02:31:27.355+0600][57.214s][info][gc,stats    ] Pause Final Update Refs (N)         159 us
[2026-04-03T02:31:27.355+0600][57.214s][info][gc,stats    ]   Update Region States               48 us
[2026-04-03T02:31:27.355+0600][57.214s][info][gc,stats    ]   Trash Collection Set               13 us
[2026-04-03T02:31:27.355+0600][57.214s][info][gc,stats    ]   Rebuild Free Set                   37 us
[2026-04-03T02:31:27.355+0600][57.214s][info][gc,stats    ] Concurrent Cleanup                  662 us
[2026-04-03T02:31:27.355+0600][57.214s][info][gc,stats    ] Pacing                           262024 us
[2026-04-03T02:31:27.355+0600][57.214s][info][gc,stats    ] 
[2026-04-03T02:31:27.355+0600][57.214s][info][gc,stats    ] Allocation pacing accrued:
[2026-04-03T02:31:27.355+0600][57.214s][info][gc,stats    ]      11 of   440 ms (  2.5%): dispatcher-BlockManagerMaster
[2026-04-03T02:31:27.355+0600][57.214s][info][gc,stats    ]      11 of   440 ms (  2.5%): dispatcher-BlockManagerEndpoint1
[2026-04-03T02:31:27.355+0600][57.214s][info][gc,stats    ]      10 of   440 ms (  2.3%): Spark Context Cleaner
[2026-04-03T02:31:27.355+0600][57.214s][info][gc,stats    ]      55 of   440 ms ( 12.6%): Executor task launch worker for task 1.0 in stage 2005.0 (TID 3736)
[2026-04-03T02:31:27.355+0600][57.214s][info][gc,stats    ]      49 of   440 ms ( 11.1%): Executor task launch worker for task 2.0 in stage 2005.0 (TID 3737)
[2026-04-03T02:31:27.355+0600][57.214s][info][gc,stats    ]      49 of   440 ms ( 11.2%): Executor task launch worker for task 0.0 in stage 2005.0 (TID 3735)
[2026-04-03T02:31:27.355+0600][57.214s][info][gc,stats    ]      45 of   440 ms ( 10.2%): Executor task launch worker for task 3.0 in stage 2005.0 (TID 3738)
[2026-04-03T02:31:27.355+0600][57.214s][info][gc,stats    ]      16 of   440 ms (  3.5%): block-manager-storage-async-thread-pool-6
[2026-04-03T02:31:27.355+0600][57.214s][info][gc,stats    ]       4 of   440 ms (  1.0%): block-manager-storage-async-thread-pool-9
[2026-04-03T02:31:27.355+0600][57.214s][info][gc,stats    ]      11 of   440 ms (  2.5%): block-manager-storage-async-thread-pool-60
[2026-04-03T02:31:27.355+0600][57.214s][info][gc,stats    ]     262 of   440 ms ( 59.5%): <total>
[2026-04-03T02:31:27.355+0600][57.214s][info][gc,stats    ]       1 of   440 ms (  0.2%): <average total>
[2026-04-03T02:31:27.355+0600][57.214s][info][gc,stats    ]      26 of   440 ms (  6.0%): <average non-zero>
[2026-04-03T02:31:27.355+0600][57.214s][info][gc,stats    ] 
[2026-04-03T02:31:27.355+0600][57.214s][info][gc,metaspace] Metaspace: 131174K(132544K)->131181K(132544K) NonClass: 114714K(115392K)->114720K(115392K) Class: 16460K(17152K)->16460K(17152K)
[2026-04-03T02:31:27.355+0600][57.215s][info][gc,ergo     ] Pacer for Idle. Initial: 25600K, Alloc Tax Rate: 1.0x
[2026-04-03T02:31:27.997+0600][57.856s][info][gc          ] Trigger: Average GC time (201.30 ms) is above the time for average allocation rate (1011 MB/s) to deplete free headroom (201M) (margin of error = 1.91)
[2026-04-03T02:31:27.997+0600][57.856s][info][gc,ergo     ] Free headroom: 264M (free) - 64000K (spike) - 0B (penalties) = 201M
[2026-04-03T02:31:27.997+0600][57.856s][info][gc,ergo     ] Free: 264M, Max: 512K regular, 119M humongous, Frag: 55% external, 0% internal; Reserve: 64000K, Max: 512K
[2026-04-03T02:31:27.997+0600][57.856s][info][gc,start    ] GC(52) Concurrent reset
[2026-04-03T02:31:27.997+0600][57.856s][info][gc,task     ] GC(52) Using 3 of 6 workers for concurrent reset
[2026-04-03T02:31:27.997+0600][57.856s][info][gc,ergo     ] GC(52) Pacer for Reset. Non-Taxable: 1250M
[2026-04-03T02:31:27.998+0600][57.858s][info][gc          ] GC(52) Concurrent reset 1.519ms
[2026-04-03T02:31:27.999+0600][57.858s][info][gc,start    ] GC(52) Pause Init Mark (unload classes)
[2026-04-03T02:31:27.999+0600][57.858s][info][gc,task     ] GC(52) Using 6 of 6 workers for init marking
[2026-04-03T02:31:27.999+0600][57.858s][info][gc,ergo     ] GC(52) Pacer for Mark. Expected Live: 97474K, Free: 260M, Non-Taxable: 26721K, Alloc Tax Rate: 0.4x
[2026-04-03T02:31:27.999+0600][57.858s][info][gc          ] GC(52) Pause Init Mark (unload classes) 0.157ms
[2026-04-03T02:31:27.999+0600][57.858s][info][gc,start    ] GC(52) Concurrent marking roots
[2026-04-03T02:31:27.999+0600][57.859s][info][gc,task     ] GC(52) Using 3 of 6 workers for concurrent marking roots
[2026-04-03T02:31:28.001+0600][57.860s][info][gc          ] GC(52) Concurrent marking roots 1.661ms
[2026-04-03T02:31:28.001+0600][57.860s][info][gc,start    ] GC(52) Concurrent marking (unload classes)
[2026-04-03T02:31:28.001+0600][57.860s][info][gc,task     ] GC(52) Using 3 of 6 workers for concurrent marking
[2026-04-03T02:31:28.072+0600][57.931s][info][gc          ] GC(52) Concurrent marking (unload classes) 70.687ms
[2026-04-03T02:31:28.072+0600][57.931s][info][gc,start    ] GC(52) Pause Final Mark (unload classes)
[2026-04-03T02:31:28.072+0600][57.931s][info][gc,task     ] GC(52) Using 6 of 6 workers for final marking
[2026-04-03T02:31:28.072+0600][57.932s][info][gc,ergo     ] GC(52) Adaptive CSet Selection. Target Free: 177M, Actual Free: 842M, Max CSet: 53333K, Min Garbage: 0B
[2026-04-03T02:31:28.072+0600][57.932s][info][gc,ergo     ] GC(52) Collectable Garbage: 752M (98%), Immediate: 561M (73%), CSet: 191M (25%)
[2026-04-03T02:31:28.072+0600][57.932s][info][gc,ergo     ] GC(52) Pacer for Evacuation. Used CSet: 200M, Free: 852M, Non-Taxable: 87320K, Alloc Tax Rate: 1.1x
[2026-04-03T02:31:28.073+0600][57.932s][info][gc          ] GC(52) Pause Final Mark (unload classes) 0.874ms
[2026-04-03T02:31:28.073+0600][57.932s][info][gc,start    ] GC(52) Concurrent thread roots
[2026-04-03T02:31:28.073+0600][57.932s][info][gc,task     ] GC(52) Using 3 of 6 workers for Concurrent thread roots
[2026-04-03T02:31:28.073+0600][57.933s][info][gc          ] GC(52) Concurrent thread roots 0.889ms
[2026-04-03T02:31:28.074+0600][57.933s][info][gc,start    ] GC(52) Concurrent weak references
[2026-04-03T02:31:28.074+0600][57.933s][info][gc,task     ] GC(52) Using 3 of 6 workers for concurrent weak references
[2026-04-03T02:31:28.074+0600][57.934s][info][gc,ref      ] GC(52) Encountered references: Soft: 3792, Weak: 15429, Final: 84, Phantom: 621
[2026-04-03T02:31:28.074+0600][57.934s][info][gc,ref      ] GC(52) Discovered  references: Soft: 0, Weak: 7681, Final: 0, Phantom: 596
[2026-04-03T02:31:28.074+0600][57.934s][info][gc,ref      ] GC(52) Enqueued    references: Soft: 0, Weak: 403, Final: 0, Phantom: 0
[2026-04-03T02:31:28.074+0600][57.934s][info][gc          ] GC(52) Concurrent weak references 0.877ms
[2026-04-03T02:31:28.074+0600][57.934s][info][gc,start    ] GC(52) Concurrent weak roots
[2026-04-03T02:31:28.074+0600][57.934s][info][gc,task     ] GC(52) Using 3 of 6 workers for concurrent weak root
[2026-04-03T02:31:28.081+0600][57.941s][info][gc          ] GC(52) Concurrent weak roots 6.925ms
[2026-04-03T02:31:28.081+0600][57.941s][info][gc,start    ] GC(52) Concurrent cleanup
[2026-04-03T02:31:28.082+0600][57.942s][info][gc          ] GC(52) Concurrent cleanup 901M->341M(1114M) 0.776ms
[2026-04-03T02:31:28.082+0600][57.942s][info][gc,ergo     ] GC(52) Free: 836M, Max: 512K regular, 166M humongous, Frag: 81% external, 0% internal; Reserve: 63433K, Max: 512K
[2026-04-03T02:31:28.082+0600][57.942s][info][gc,start    ] GC(52) Concurrent class unloading
[2026-04-03T02:31:28.082+0600][57.942s][info][gc,task     ] GC(52) Using 3 of 6 workers for concurrent class unloading
[2026-04-03T02:31:28.097+0600][57.957s][info][gc          ] GC(52) Concurrent class unloading 14.874ms
[2026-04-03T02:31:28.097+0600][57.957s][info][gc,start    ] GC(52) Concurrent strong roots
[2026-04-03T02:31:28.097+0600][57.957s][info][gc,task     ] GC(52) Using 3 of 6 workers for concurrent strong root
[2026-04-03T02:31:28.099+0600][57.958s][info][gc          ] GC(52) Concurrent strong roots 1.217ms
[2026-04-03T02:31:28.099+0600][57.958s][info][gc,start    ] GC(52) Concurrent evacuation
[2026-04-03T02:31:28.099+0600][57.958s][info][gc,task     ] GC(52) Using 3 of 6 workers for concurrent evacuation
[2026-04-03T02:31:28.106+0600][57.965s][info][gc          ] GC(52) Concurrent evacuation 7.417ms
[2026-04-03T02:31:28.106+0600][57.966s][info][gc,start    ] GC(52) Pause Init Update Refs
[2026-04-03T02:31:28.106+0600][57.966s][info][gc,ergo     ] GC(52) Pacer for Update Refs. Used: 366M, Free: 820M, Non-Taxable: 83972K, Alloc Tax Rate: 1.1x
[2026-04-03T02:31:28.106+0600][57.966s][info][gc          ] GC(52) Pause Init Update Refs 0.136ms
[2026-04-03T02:31:28.106+0600][57.966s][info][gc,start    ] GC(52) Concurrent update references
[2026-04-03T02:31:28.107+0600][57.966s][info][gc,task     ] GC(52) Using 3 of 6 workers for concurrent reference update
[2026-04-03T02:31:28.154+0600][58.013s][info][gc          ] GC(52) Concurrent update references 47.186ms
[2026-04-03T02:31:28.154+0600][58.013s][info][gc,start    ] GC(52) Concurrent update thread roots
[2026-04-03T02:31:28.156+0600][58.015s][info][gc          ] GC(52) Concurrent update thread roots 1.770ms
[2026-04-03T02:31:28.156+0600][58.015s][info][gc,start    ] GC(52) Pause Final Update Refs
[2026-04-03T02:31:28.156+0600][58.015s][info][gc,task     ] GC(52) Using 6 of 6 workers for final reference update
[2026-04-03T02:31:28.156+0600][58.015s][info][gc          ] GC(52) Pause Final Update Refs 0.189ms
[2026-04-03T02:31:28.156+0600][58.015s][info][gc,start    ] GC(52) Concurrent cleanup
[2026-04-03T02:31:28.157+0600][58.016s][info][gc          ] GC(52) Concurrent cleanup 409M->209M(1117M) 0.618ms
[2026-04-03T02:31:28.157+0600][58.016s][info][gc,ergo     ] Free: 962M, Max: 512K regular, 265M humongous, Frag: 73% external, 0% internal; Reserve: 64000K, Max: 512K
[2026-04-03T02:31:28.157+0600][58.016s][info][gc,stats    ] 
[2026-04-03T02:31:28.157+0600][58.016s][info][gc,stats    ] All times are wall-clock times, except per-root-class counters, that are sum over
[2026-04-03T02:31:28.157+0600][58.016s][info][gc,stats    ] all workers. Dividing the <total> over the root stage time estimates parallelism.
[2026-04-03T02:31:28.157+0600][58.016s][info][gc,stats    ] 
[2026-04-03T02:31:28.157+0600][58.016s][info][gc,stats    ] Concurrent Reset                   1601 us
[2026-04-03T02:31:28.157+0600][58.016s][info][gc,stats    ] Pause Init Mark (G)                 666 us
[2026-04-03T02:31:28.157+0600][58.016s][info][gc,stats    ] Pause Init Mark (N)                 170 us
[2026-04-03T02:31:28.157+0600][58.016s][info][gc,stats    ]   Update Region States               36 us
[2026-04-03T02:31:28.157+0600][58.016s][info][gc,stats    ] Concurrent Mark Roots              1707 us, parallelism: 2.05x
[2026-04-03T02:31:28.157+0600][58.016s][info][gc,stats    ]   CMR: <total>                     3507 us
[2026-04-03T02:31:28.157+0600][58.016s][info][gc,stats    ]   CMR: Thread Roots                2952 us, workers (us): 655, 1139, 1158, ---, ---, ---, 
[2026-04-03T02:31:28.157+0600][58.016s][info][gc,stats    ]   CMR: VM Strong Roots               69 us, workers (us):  32,  20,  17, ---, ---, ---, 
[2026-04-03T02:31:28.157+0600][58.016s][info][gc,stats    ]   CMR: CLDG Roots                   485 us, workers (us): 485, ---, ---, ---, ---, ---, 
[2026-04-03T02:31:28.157+0600][58.016s][info][gc,stats    ] Concurrent Marking                70753 us
[2026-04-03T02:31:28.157+0600][58.016s][info][gc,stats    ] Pause Final Mark (G)               1011 us
[2026-04-03T02:31:28.157+0600][58.016s][info][gc,stats    ] Pause Final Mark (N)                884 us
[2026-04-03T02:31:28.157+0600][58.016s][info][gc,stats    ]   Finish Mark                       265 us
[2026-04-03T02:31:28.157+0600][58.016s][info][gc,stats    ]   Update Region States               37 us
[2026-04-03T02:31:28.157+0600][58.016s][info][gc,stats    ]   Choose Collection Set             233 us
[2026-04-03T02:31:28.157+0600][58.016s][info][gc,stats    ]   Rebuild Free Set                   35 us
[2026-04-03T02:31:28.157+0600][58.016s][info][gc,stats    ] Concurrent Thread Roots             939 us, parallelism: 2.37x
[2026-04-03T02:31:28.157+0600][58.017s][info][gc,stats    ]   CTR: <total>                     2230 us
[2026-04-03T02:31:28.157+0600][58.017s][info][gc,stats    ]   CTR: Thread Roots                2230 us, workers (us): 754, 748, 727, ---, ---, ---, 
[2026-04-03T02:31:28.157+0600][58.017s][info][gc,stats    ] Concurrent Weak References          893 us, parallelism: 1.08x
[2026-04-03T02:31:28.157+0600][58.017s][info][gc,stats    ]   CWRF: <total>                     965 us
[2026-04-03T02:31:28.157+0600][58.017s][info][gc,stats    ]   CWRF: Weak References             965 us, workers (us): 682,  41, 242, ---, ---, ---, 
[2026-04-03T02:31:28.157+0600][58.017s][info][gc,stats    ] Concurrent Weak Roots              7057 us
[2026-04-03T02:31:28.157+0600][58.017s][info][gc,stats    ]   Roots                            6258 us, parallelism: 2.34x
[2026-04-03T02:31:28.157+0600][58.017s][info][gc,stats    ]     CWR: <total>                  14653 us
[2026-04-03T02:31:28.157+0600][58.017s][info][gc,stats    ]     CWR: Code Cache Roots         12219 us, workers (us): 4771, 4492, 2957, ---, ---, ---, 
[2026-04-03T02:31:28.157+0600][58.017s][info][gc,stats    ]     CWR: VM Weak Roots             2279 us, workers (us): 1141, 1136,   3, ---, ---, ---, 
[2026-04-03T02:31:28.157+0600][58.017s][info][gc,stats    ]     CWR: CLDG Roots                 155 us, workers (us): ---, 155, ---, ---, ---, ---, 
[2026-04-03T02:31:28.157+0600][58.017s][info][gc,stats    ]   Rendezvous                        611 us
[2026-04-03T02:31:28.157+0600][58.017s][info][gc,stats    ] Concurrent Cleanup                  809 us
[2026-04-03T02:31:28.157+0600][58.017s][info][gc,stats    ] Concurrent Class Unloading        14956 us
[2026-04-03T02:31:28.157+0600][58.017s][info][gc,stats    ]   Unlink Stale                    13591 us
[2026-04-03T02:31:28.157+0600][58.017s][info][gc,stats    ]     System Dictionary               325 us
[2026-04-03T02:31:28.157+0600][58.017s][info][gc,stats    ]     Weak Class Links                  0 us
[2026-04-03T02:31:28.157+0600][58.017s][info][gc,stats    ]     Code Roots                    13263 us
[2026-04-03T02:31:28.157+0600][58.017s][info][gc,stats    ]   Rendezvous                        395 us
[2026-04-03T02:31:28.157+0600][58.017s][info][gc,stats    ]   Purge Unlinked                    847 us
[2026-04-03T02:31:28.157+0600][58.017s][info][gc,stats    ]     Code Roots                      835 us
[2026-04-03T02:31:28.157+0600][58.017s][info][gc,stats    ]     CLDG                             12 us
[2026-04-03T02:31:28.157+0600][58.017s][info][gc,stats    ]     Exception Caches                  0 us
[2026-04-03T02:31:28.157+0600][58.017s][info][gc,stats    ] Concurrent Strong Roots            1290 us, parallelism: 0.67x
[2026-04-03T02:31:28.157+0600][58.017s][info][gc,stats    ]   CSR: <total>                      864 us
[2026-04-03T02:31:28.158+0600][58.017s][info][gc,stats    ]   CSR: VM Strong Roots               59 us, workers (us):  32,  27,   0, ---, ---, ---, 
[2026-04-03T02:31:28.158+0600][58.017s][info][gc,stats    ]   CSR: CLDG Roots                   806 us, workers (us): ---, 806, ---, ---, ---, ---, 
[2026-04-03T02:31:28.158+0600][58.017s][info][gc,stats    ] Concurrent Evacuation              7523 us
[2026-04-03T02:31:28.158+0600][58.017s][info][gc,stats    ] Pause Init Update Refs (G)          351 us
[2026-04-03T02:31:28.158+0600][58.017s][info][gc,stats    ] Pause Init Update Refs (N)          150 us
[2026-04-03T02:31:28.158+0600][58.017s][info][gc,stats    ]   Manage GCLABs                      28 us
[2026-04-03T02:31:28.158+0600][58.017s][info][gc,stats    ] Concurrent Update Refs            47307 us
[2026-04-03T02:31:28.158+0600][58.017s][info][gc,stats    ] Concurrent Update Thread Roots     1832 us
[2026-04-03T02:31:28.158+0600][58.017s][info][gc,stats    ] Pause Final Update Refs (G)         519 us
[2026-04-03T02:31:28.158+0600][58.017s][info][gc,stats    ] Pause Final Update Refs (N)         204 us
[2026-04-03T02:31:28.158+0600][58.017s][info][gc,stats    ]   Update Region States               46 us
[2026-04-03T02:31:28.158+0600][58.017s][info][gc,stats    ]   Trash Collection Set               17 us
[2026-04-03T02:31:28.158+0600][58.017s][info][gc,stats    ]   Rebuild Free Set                   53 us
[2026-04-03T02:31:28.158+0600][58.017s][info][gc,stats    ] Concurrent Cleanup                  654 us
[2026-04-03T02:31:28.158+0600][58.017s][info][gc,stats    ] Pacing                           189924 us
[2026-04-03T02:31:28.158+0600][58.017s][info][gc,stats    ] 
[2026-04-03T02:31:28.158+0600][58.017s][info][gc,stats    ] Allocation pacing accrued:
[2026-04-03T02:31:28.158+0600][58.017s][info][gc,stats    ]      11 of   803 ms (  1.4%): Spark Context Cleaner
[2026-04-03T02:31:28.158+0600][58.017s][info][gc,stats    ]      28 of   803 ms (  3.5%): Executor task launch worker for task 5.0 in stage 2033.0 (TID 3836)
[2026-04-03T02:31:28.158+0600][58.017s][info][gc,stats    ]      21 of   803 ms (  2.6%): Executor task launch worker for task 6.0 in stage 2033.0 (TID 3837)
[2026-04-03T02:31:28.158+0600][58.017s][info][gc,stats    ]      21 of   803 ms (  2.7%): Executor task launch worker for task 0.0 in stage 2033.0 (TID 3831)
[2026-04-03T02:31:28.158+0600][58.017s][info][gc,stats    ]      21 of   803 ms (  2.7%): Executor task launch worker for task 3.0 in stage 2033.0 (TID 3834)
[2026-04-03T02:31:28.158+0600][58.017s][info][gc,stats    ]      22 of   803 ms (  2.7%): Executor task launch worker for task 1.0 in stage 2033.0 (TID 3832)
[2026-04-03T02:31:28.158+0600][58.017s][info][gc,stats    ]      21 of   803 ms (  2.6%): Executor task launch worker for task 4.0 in stage 2033.0 (TID 3835)
[2026-04-03T02:31:28.158+0600][58.017s][info][gc,stats    ]      22 of   803 ms (  2.7%): Executor task launch worker for task 7.0 in stage 2033.0 (TID 3838)
[2026-04-03T02:31:28.158+0600][58.017s][info][gc,stats    ]      22 of   803 ms (  2.8%): Executor task launch worker for task 2.0 in stage 2033.0 (TID 3833)
[2026-04-03T02:31:28.158+0600][58.017s][info][gc,stats    ]     190 of   803 ms ( 23.7%): <total>
[2026-04-03T02:31:28.158+0600][58.017s][info][gc,stats    ]       1 of   803 ms (  0.1%): <average total>
[2026-04-03T02:31:28.158+0600][58.017s][info][gc,stats    ]      21 of   803 ms (  2.6%): <average non-zero>
[2026-04-03T02:31:28.158+0600][58.017s][info][gc,stats    ] 
[2026-04-03T02:31:28.158+0600][58.017s][info][gc,metaspace] Metaspace: 131194K(132544K)->131194K(132544K) NonClass: 114733K(115392K)->114733K(115392K) Class: 16461K(17152K)->16461K(17152K)
[2026-04-03T02:31:28.158+0600][58.017s][info][gc,ergo     ] Pacer for Idle. Initial: 25600K, Alloc Tax Rate: 1.0x
[2026-04-03T02:31:28.991+0600][58.850s][info][gc          ] Trigger: Average GC time (190.02 ms) is above the time for average allocation rate (681 MB/s) to deplete free headroom (128M) (margin of error = 1.91)
[2026-04-03T02:31:28.991+0600][58.850s][info][gc,ergo     ] Free headroom: 191M (free) - 64000K (spike) - 0B (penalties) = 128M
[2026-04-03T02:31:28.991+0600][58.850s][info][gc,ergo     ] Free: 191M, Max: 512K regular, 167M humongous, Frag: 13% external, 0% internal; Reserve: 64000K, Max: 512K
[2026-04-03T02:31:28.991+0600][58.850s][info][gc,start    ] GC(53) Concurrent reset
[2026-04-03T02:31:28.991+0600][58.850s][info][gc,task     ] GC(53) Using 3 of 6 workers for concurrent reset
[2026-04-03T02:31:28.991+0600][58.850s][info][gc,ergo     ] GC(53) Pacer for Reset. Non-Taxable: 1250M
[2026-04-03T02:31:28.992+0600][58.852s][info][gc          ] GC(53) Concurrent reset 1.520ms
[2026-04-03T02:31:28.993+0600][58.852s][info][gc,start    ] GC(53) Pause Init Mark (unload classes)
[2026-04-03T02:31:28.993+0600][58.852s][info][gc,task     ] GC(53) Using 6 of 6 workers for init marking
[2026-04-03T02:31:28.993+0600][58.852s][info][gc,ergo     ] GC(53) Pacer for Mark. Expected Live: 96674K, Free: 190M, Non-Taxable: 19530K, Alloc Tax Rate: 0.6x
[2026-04-03T02:31:28.993+0600][58.852s][info][gc          ] GC(53) Pause Init Mark (unload classes) 0.110ms
[2026-04-03T02:31:28.993+0600][58.852s][info][gc,start    ] GC(53) Concurrent marking roots
[2026-04-03T02:31:28.993+0600][58.852s][info][gc,task     ] GC(53) Using 3 of 6 workers for concurrent marking roots
[2026-04-03T02:31:28.994+0600][58.854s][info][gc          ] GC(53) Concurrent marking roots 1.426ms
[2026-04-03T02:31:28.994+0600][58.854s][info][gc,start    ] GC(53) Concurrent marking (unload classes)
[2026-04-03T02:31:28.994+0600][58.854s][info][gc,task     ] GC(53) Using 3 of 6 workers for concurrent marking
[2026-04-03T02:31:29.045+0600][58.905s][info][gc          ] GC(53) Concurrent marking (unload classes) 50.976ms
[2026-04-03T02:31:29.046+0600][58.905s][info][gc,start    ] GC(53) Pause Final Mark (unload classes)
[2026-04-03T02:31:29.046+0600][58.905s][info][gc,task     ] GC(53) Using 6 of 6 workers for final marking
[2026-04-03T02:31:29.046+0600][58.905s][info][gc,ergo     ] GC(53) Adaptive CSet Selection. Target Free: 177M, Actual Free: 844M, Max CSet: 53333K, Min Garbage: 0B
[2026-04-03T02:31:29.046+0600][58.906s][info][gc,ergo     ] GC(53) Collectable Garbage: 816M (98%), Immediate: 622M (75%), CSet: 193M (23%)
[2026-04-03T02:31:29.046+0600][58.906s][info][gc,ergo     ] GC(53) Pacer for Evacuation. Used CSet: 198M, Free: 861M, Non-Taxable: 88240K, Alloc Tax Rate: 1.1x
[2026-04-03T02:31:29.046+0600][58.906s][info][gc          ] GC(53) Pause Final Mark (unload classes) 0.774ms
[2026-04-03T02:31:29.046+0600][58.906s][info][gc,start    ] GC(53) Concurrent thread roots
[2026-04-03T02:31:29.047+0600][58.906s][info][gc,task     ] GC(53) Using 3 of 6 workers for Concurrent thread roots
[2026-04-03T02:31:29.047+0600][58.907s][info][gc          ] GC(53) Concurrent thread roots 0.908ms
[2026-04-03T02:31:29.047+0600][58.907s][info][gc,start    ] GC(53) Concurrent weak references
[2026-04-03T02:31:29.047+0600][58.907s][info][gc,task     ] GC(53) Using 3 of 6 workers for concurrent weak references
[2026-04-03T02:31:29.048+0600][58.907s][info][gc,ref      ] GC(53) Encountered references: Soft: 3792, Weak: 16299, Final: 84, Phantom: 621
[2026-04-03T02:31:29.048+0600][58.908s][info][gc,ref      ] GC(53) Discovered  references: Soft: 0, Weak: 6228, Final: 64, Phantom: 222
[2026-04-03T02:31:29.048+0600][58.908s][info][gc,ref      ] GC(53) Enqueued    references: Soft: 0, Weak: 1616, Final: 0, Phantom: 0
[2026-04-03T02:31:29.048+0600][58.908s][info][gc          ] GC(53) Concurrent weak references 0.824ms
[2026-04-03T02:31:29.048+0600][58.908s][info][gc,start    ] GC(53) Concurrent weak roots
[2026-04-03T02:31:29.048+0600][58.908s][info][gc,task     ] GC(53) Using 3 of 6 workers for concurrent weak root
[2026-04-03T02:31:29.053+0600][58.912s][info][gc          ] GC(53) Concurrent weak roots 4.722ms
[2026-04-03T02:31:29.053+0600][58.912s][info][gc,start    ] GC(53) Concurrent cleanup
[2026-04-03T02:31:29.054+0600][58.913s][info][gc          ] GC(53) Concurrent cleanup 946M->324M(1117M) 0.515ms
[2026-04-03T02:31:29.054+0600][58.913s][info][gc,ergo     ] GC(53) Free: 856M, Max: 512K regular, 156M humongous, Frag: 82% external, 0% internal; Reserve: 63641K, Max: 512K
[2026-04-03T02:31:29.054+0600][58.913s][info][gc,start    ] GC(53) Concurrent class unloading
[2026-04-03T02:31:29.054+0600][58.913s][info][gc,task     ] GC(53) Using 3 of 6 workers for concurrent class unloading
[2026-04-03T02:31:29.079+0600][58.939s][info][gc          ] GC(53) Concurrent class unloading 25.525ms
[2026-04-03T02:31:29.079+0600][58.939s][info][gc,start    ] GC(53) Concurrent strong roots
[2026-04-03T02:31:29.079+0600][58.939s][info][gc,task     ] GC(53) Using 3 of 6 workers for concurrent strong root
[2026-04-03T02:31:29.080+0600][58.940s][info][gc          ] GC(53) Concurrent strong roots 1.049ms
[2026-04-03T02:31:29.080+0600][58.940s][info][gc,start    ] GC(53) Concurrent evacuation
[2026-04-03T02:31:29.080+0600][58.940s][info][gc,task     ] GC(53) Using 3 of 6 workers for concurrent evacuation
[2026-04-03T02:31:29.084+0600][58.943s][info][gc          ] GC(53) Concurrent evacuation 3.127ms
[2026-04-03T02:31:29.084+0600][58.943s][info][gc,start    ] GC(53) Pause Init Update Refs
[2026-04-03T02:31:29.084+0600][58.943s][info][gc,ergo     ] GC(53) Pacer for Update Refs. Used: 356M, Free: 829M, Non-Taxable: 84900K, Alloc Tax Rate: 1.1x
[2026-04-03T02:31:29.084+0600][58.944s][info][gc          ] GC(53) Pause Init Update Refs 0.172ms
[2026-04-03T02:31:29.084+0600][58.944s][info][gc,start    ] GC(53) Concurrent update references
[2026-04-03T02:31:29.084+0600][58.944s][info][gc,task     ] GC(53) Using 3 of 6 workers for concurrent reference update
[2026-04-03T02:31:29.121+0600][58.980s][info][gc          ] GC(53) Concurrent update references 36.504ms
[2026-04-03T02:31:29.121+0600][58.980s][info][gc,start    ] GC(53) Concurrent update thread roots
[2026-04-03T02:31:29.123+0600][58.982s][info][gc          ] GC(53) Concurrent update thread roots 1.740ms
[2026-04-03T02:31:29.123+0600][58.982s][info][gc,start    ] GC(53) Pause Final Update Refs
[2026-04-03T02:31:29.123+0600][58.982s][info][gc,task     ] GC(53) Using 6 of 6 workers for final reference update
[2026-04-03T02:31:29.123+0600][58.982s][info][gc          ] GC(53) Pause Final Update Refs 0.238ms
[2026-04-03T02:31:29.123+0600][58.983s][info][gc,start    ] GC(53) Concurrent cleanup
[2026-04-03T02:31:29.124+0600][58.983s][info][gc          ] GC(53) Concurrent cleanup 378M->179M(1117M) 0.591ms
[2026-04-03T02:31:29.124+0600][58.983s][info][gc,ergo     ] Free: 996M, Max: 512K regular, 541M humongous, Frag: 46% external, 0% internal; Reserve: 64000K, Max: 512K
[2026-04-03T02:31:29.124+0600][58.983s][info][gc,stats    ] 
[2026-04-03T02:31:29.124+0600][58.983s][info][gc,stats    ] All times are wall-clock times, except per-root-class counters, that are sum over
[2026-04-03T02:31:29.124+0600][58.983s][info][gc,stats    ] all workers. Dividing the <total> over the root stage time estimates parallelism.
[2026-04-03T02:31:29.124+0600][58.983s][info][gc,stats    ] 
[2026-04-03T02:31:29.124+0600][58.983s][info][gc,stats    ] Concurrent Reset                   1559 us
[2026-04-03T02:31:29.124+0600][58.983s][info][gc,stats    ] Pause Init Mark (G)                 373 us
[2026-04-03T02:31:29.124+0600][58.983s][info][gc,stats    ] Pause Init Mark (N)                 117 us
[2026-04-03T02:31:29.124+0600][58.983s][info][gc,stats    ]   Update Region States               20 us
[2026-04-03T02:31:29.124+0600][58.983s][info][gc,stats    ] Concurrent Mark Roots              1477 us, parallelism: 1.75x
[2026-04-03T02:31:29.124+0600][58.983s][info][gc,stats    ]   CMR: <total>                     2585 us
[2026-04-03T02:31:29.124+0600][58.983s][info][gc,stats    ]   CMR: Thread Roots                2208 us, workers (us): 1026, 712, 470, ---, ---, ---, 
[2026-04-03T02:31:29.124+0600][58.983s][info][gc,stats    ]   CMR: VM Strong Roots               45 us, workers (us):  26,  18,   1, ---, ---, ---, 
[2026-04-03T02:31:29.124+0600][58.983s][info][gc,stats    ]   CMR: CLDG Roots                   332 us, workers (us): ---, 332, ---, ---, ---, ---, 
[2026-04-03T02:31:29.124+0600][58.984s][info][gc,stats    ] Concurrent Marking                51042 us
[2026-04-03T02:31:29.124+0600][58.984s][info][gc,stats    ] Pause Final Mark (G)               1047 us
[2026-04-03T02:31:29.124+0600][58.984s][info][gc,stats    ] Pause Final Mark (N)                785 us
[2026-04-03T02:31:29.124+0600][58.984s][info][gc,stats    ]   Finish Mark                       393 us
[2026-04-03T02:31:29.124+0600][58.984s][info][gc,stats    ]   Update Region States               34 us
[2026-04-03T02:31:29.124+0600][58.984s][info][gc,stats    ]   Choose Collection Set             198 us
[2026-04-03T02:31:29.124+0600][58.984s][info][gc,stats    ]   Rebuild Free Set                   34 us
[2026-04-03T02:31:29.124+0600][58.984s][info][gc,stats    ] Concurrent Thread Roots             947 us, parallelism: 2.15x
[2026-04-03T02:31:29.124+0600][58.984s][info][gc,stats    ]   CTR: <total>                     2038 us
[2026-04-03T02:31:29.124+0600][58.984s][info][gc,stats    ]   CTR: Thread Roots                2038 us, workers (us): 718, 722, 597, ---, ---, ---, 
[2026-04-03T02:31:29.124+0600][58.984s][info][gc,stats    ] Concurrent Weak References          833 us, parallelism: 0.84x
[2026-04-03T02:31:29.124+0600][58.984s][info][gc,stats    ]   CWRF: <total>                     701 us
[2026-04-03T02:31:29.124+0600][58.984s][info][gc,stats    ]   CWRF: Weak References             701 us, workers (us):  87, 569,  45, ---, ---, ---, 
[2026-04-03T02:31:29.124+0600][58.984s][info][gc,stats    ] Concurrent Weak Roots              4818 us
[2026-04-03T02:31:29.124+0600][58.984s][info][gc,stats    ]   Roots                            4384 us, parallelism: 2.73x
[2026-04-03T02:31:29.124+0600][58.984s][info][gc,stats    ]     CWR: <total>                  11954 us
[2026-04-03T02:31:29.124+0600][58.984s][info][gc,stats    ]     CWR: Code Cache Roots          9738 us, workers (us): 3278, 3298, 3162, ---, ---, ---, 
[2026-04-03T02:31:29.124+0600][58.984s][info][gc,stats    ]     CWR: VM Weak Roots             2022 us, workers (us): 709, 660, 653, ---, ---, ---, 
[2026-04-03T02:31:29.124+0600][58.984s][info][gc,stats    ]     CWR: CLDG Roots                 194 us, workers (us): ---, ---, 194, ---, ---, ---, 
[2026-04-03T02:31:29.124+0600][58.984s][info][gc,stats    ]   Rendezvous                        316 us
[2026-04-03T02:31:29.124+0600][58.984s][info][gc,stats    ] Concurrent Cleanup                  548 us
[2026-04-03T02:31:29.124+0600][58.984s][info][gc,stats    ] Concurrent Class Unloading        25620 us
[2026-04-03T02:31:29.124+0600][58.984s][info][gc,stats    ]   Unlink Stale                    20144 us
[2026-04-03T02:31:29.124+0600][58.984s][info][gc,stats    ]     System Dictionary               280 us
[2026-04-03T02:31:29.124+0600][58.984s][info][gc,stats    ]     Weak Class Links                  0 us
[2026-04-03T02:31:29.124+0600][58.984s][info][gc,stats    ]     Code Roots                    19859 us
[2026-04-03T02:31:29.124+0600][58.984s][info][gc,stats    ]   Rendezvous                       3313 us
[2026-04-03T02:31:29.124+0600][58.984s][info][gc,stats    ]   Purge Unlinked                   2025 us
[2026-04-03T02:31:29.124+0600][58.984s][info][gc,stats    ]     Code Roots                     2009 us
[2026-04-03T02:31:29.125+0600][58.984s][info][gc,stats    ]     CLDG                             15 us
[2026-04-03T02:31:29.125+0600][58.984s][info][gc,stats    ]     Exception Caches                  0 us
[2026-04-03T02:31:29.125+0600][58.984s][info][gc,stats    ] Concurrent Strong Roots            1088 us, parallelism: 0.63x
[2026-04-03T02:31:29.125+0600][58.984s][info][gc,stats    ]   CSR: <total>                      687 us
[2026-04-03T02:31:29.125+0600][58.984s][info][gc,stats    ]   CSR: VM Strong Roots               72 us, workers (us):  37,  20,  16, ---, ---, ---, 
[2026-04-03T02:31:29.125+0600][58.984s][info][gc,stats    ]   CSR: CLDG Roots                   614 us, workers (us): ---, ---, 614, ---, ---, ---, 
[2026-04-03T02:31:29.125+0600][58.984s][info][gc,stats    ] Concurrent Evacuation              3213 us
[2026-04-03T02:31:29.125+0600][58.984s][info][gc,stats    ] Pause Init Update Refs (G)          634 us
[2026-04-03T02:31:29.125+0600][58.984s][info][gc,stats    ] Pause Init Update Refs (N)          185 us
[2026-04-03T02:31:29.125+0600][58.984s][info][gc,stats    ]   Manage GCLABs                      56 us
[2026-04-03T02:31:29.125+0600][58.984s][info][gc,stats    ] Concurrent Update Refs            36608 us
[2026-04-03T02:31:29.125+0600][58.984s][info][gc,stats    ] Concurrent Update Thread Roots     1808 us
[2026-04-03T02:31:29.125+0600][58.984s][info][gc,stats    ] Pause Final Update Refs (G)         565 us
[2026-04-03T02:31:29.125+0600][58.984s][info][gc,stats    ] Pause Final Update Refs (N)         261 us
[2026-04-03T02:31:29.125+0600][58.984s][info][gc,stats    ]   Update Region States               58 us
[2026-04-03T02:31:29.125+0600][58.984s][info][gc,stats    ]   Trash Collection Set               23 us
[2026-04-03T02:31:29.125+0600][58.984s][info][gc,stats    ]   Rebuild Free Set                   41 us
[2026-04-03T02:31:29.125+0600][58.984s][info][gc,stats    ] Concurrent Cleanup                  633 us
[2026-04-03T02:31:29.125+0600][58.984s][info][gc,stats    ] Pacing                            43671 us
[2026-04-03T02:31:29.125+0600][58.984s][info][gc,stats    ] 
[2026-04-03T02:31:29.125+0600][58.984s][info][gc,stats    ] Allocation pacing accrued:
[2026-04-03T02:31:29.125+0600][58.984s][info][gc,stats    ]      21 of   967 ms (  2.2%): dispatcher-event-loop-0
[2026-04-03T02:31:29.125+0600][58.984s][info][gc,stats    ]      11 of   967 ms (  1.2%): dag-scheduler-event-loop
[2026-04-03T02:31:29.125+0600][58.984s][info][gc,stats    ]      11 of   967 ms (  1.2%): spark-listener-group-executorManagement
[2026-04-03T02:31:29.125+0600][58.984s][info][gc,stats    ]      44 of   967 ms (  4.5%): <total>
[2026-04-03T02:31:29.125+0600][58.984s][info][gc,stats    ]       0 of   967 ms (  0.0%): <average total>
[2026-04-03T02:31:29.125+0600][58.984s][info][gc,stats    ]      15 of   967 ms (  1.5%): <average non-zero>
[2026-04-03T02:31:29.125+0600][58.984s][info][gc,stats    ] 
[2026-04-03T02:31:29.125+0600][58.984s][info][gc,metaspace] Metaspace: 131230K(132544K)->131230K(132544K) NonClass: 114767K(115392K)->114767K(115392K) Class: 16462K(17152K)->16462K(17152K)
[2026-04-03T02:31:29.125+0600][58.984s][info][gc,ergo     ] Pacer for Idle. Initial: 25600K, Alloc Tax Rate: 1.0x
[2026-04-03T02:31:29.712+0600][59.571s][info][gc          ] Trigger: Average GC time (178.50 ms) is above the time for average allocation rate (1225 MB/s) to deplete free headroom (218M) (margin of error = 1.90)
[2026-04-03T02:31:29.712+0600][59.571s][info][gc,ergo     ] Free headroom: 280M (free) - 64000K (spike) - 0B (penalties) = 218M
[2026-04-03T02:31:29.712+0600][59.571s][info][gc,ergo     ] Free: 279M, Max: 512K regular, 155M humongous, Frag: 45% external, 0% internal; Reserve: 64000K, Max: 512K
[2026-04-03T02:31:29.712+0600][59.571s][info][gc,start    ] GC(54) Concurrent reset
[2026-04-03T02:31:29.712+0600][59.571s][info][gc,task     ] GC(54) Using 3 of 6 workers for concurrent reset
[2026-04-03T02:31:29.712+0600][59.571s][info][gc,ergo     ] GC(54) Pacer for Reset. Non-Taxable: 1250M
[2026-04-03T02:31:29.714+0600][59.574s][info][gc          ] GC(54) Concurrent reset 2.354ms
[2026-04-03T02:31:29.715+0600][59.574s][info][gc,start    ] GC(54) Pause Init Mark (unload classes)
[2026-04-03T02:31:29.715+0600][59.574s][info][gc,task     ] GC(54) Using 6 of 6 workers for init marking
[2026-04-03T02:31:29.715+0600][59.574s][info][gc,ergo     ] GC(54) Pacer for Mark. Expected Live: 96558K, Free: 275M, Non-Taxable: 28221K, Alloc Tax Rate: 0.4x
[2026-04-03T02:31:29.715+0600][59.574s][info][gc          ] GC(54) Pause Init Mark (unload classes) 0.150ms
[2026-04-03T02:31:29.715+0600][59.574s][info][gc,start    ] GC(54) Concurrent marking roots
[2026-04-03T02:31:29.715+0600][59.574s][info][gc,task     ] GC(54) Using 3 of 6 workers for concurrent marking roots
[2026-04-03T02:31:29.716+0600][59.576s][info][gc          ] GC(54) Concurrent marking roots 1.427ms
[2026-04-03T02:31:29.716+0600][59.576s][info][gc,start    ] GC(54) Concurrent marking (unload classes)
[2026-04-03T02:31:29.716+0600][59.576s][info][gc,task     ] GC(54) Using 3 of 6 workers for concurrent marking
[2026-04-03T02:31:29.776+0600][59.636s][info][gc          ] GC(54) Concurrent marking (unload classes) 60.075ms
[2026-04-03T02:31:29.777+0600][59.636s][info][gc,start    ] GC(54) Pause Final Mark (unload classes)
[2026-04-03T02:31:29.777+0600][59.636s][info][gc,task     ] GC(54) Using 6 of 6 workers for final marking
[2026-04-03T02:31:29.777+0600][59.636s][info][gc,ergo     ] GC(54) Adaptive CSet Selection. Target Free: 177M, Actual Free: 903M, Max CSet: 53333K, Min Garbage: 0B
[2026-04-03T02:31:29.777+0600][59.637s][info][gc,ergo     ] GC(54) Collectable Garbage: 725M (98%), Immediate: 610M (83%), CSet: 115M (15%)
[2026-04-03T02:31:29.777+0600][59.637s][info][gc,ergo     ] GC(54) Pacer for Evacuation. Used CSet: 120M, Free: 925M, Non-Taxable: 94775K, Alloc Tax Rate: 1.1x
[2026-04-03T02:31:29.777+0600][59.637s][info][gc          ] GC(54) Pause Final Mark (unload classes) 0.717ms
[2026-04-03T02:31:29.777+0600][59.637s][info][gc,start    ] GC(54) Concurrent thread roots
[2026-04-03T02:31:29.778+0600][59.637s][info][gc,task     ] GC(54) Using 3 of 6 workers for Concurrent thread roots
[2026-04-03T02:31:29.779+0600][59.638s][info][gc          ] GC(54) Concurrent thread roots 1.079ms
[2026-04-03T02:31:29.779+0600][59.638s][info][gc,start    ] GC(54) Concurrent weak references
[2026-04-03T02:31:29.779+0600][59.638s][info][gc,task     ] GC(54) Using 3 of 6 workers for concurrent weak references
[2026-04-03T02:31:29.779+0600][59.639s][info][gc,ref      ] GC(54) Encountered references: Soft: 3786, Weak: 15980, Final: 84, Phantom: 622
[2026-04-03T02:31:29.779+0600][59.639s][info][gc,ref      ] GC(54) Discovered  references: Soft: 0, Weak: 7506, Final: 0, Phantom: 616
[2026-04-03T02:31:29.779+0600][59.639s][info][gc,ref      ] GC(54) Enqueued    references: Soft: 0, Weak: 40, Final: 0, Phantom: 0
[2026-04-03T02:31:29.779+0600][59.639s][info][gc          ] GC(54) Concurrent weak references 0.766ms
[2026-04-03T02:31:29.779+0600][59.639s][info][gc,start    ] GC(54) Concurrent weak roots
[2026-04-03T02:31:29.779+0600][59.639s][info][gc,task     ] GC(54) Using 3 of 6 workers for concurrent weak root
[2026-04-03T02:31:29.784+0600][59.644s][info][gc          ] GC(54) Concurrent weak roots 5.099ms
[2026-04-03T02:31:29.785+0600][59.644s][info][gc,start    ] GC(54) Concurrent cleanup
[2026-04-03T02:31:29.785+0600][59.645s][info][gc          ] GC(54) Concurrent cleanup 873M->262M(1117M) 0.721ms
[2026-04-03T02:31:29.785+0600][59.645s][info][gc,ergo     ] GC(54) Free: 917M, Max: 512K regular, 155M humongous, Frag: 84% external, 0% internal; Reserve: 63477K, Max: 512K
[2026-04-03T02:31:29.785+0600][59.645s][info][gc,start    ] GC(54) Concurrent class unloading
[2026-04-03T02:31:29.785+0600][59.645s][info][gc,task     ] GC(54) Using 3 of 6 workers for concurrent class unloading
[2026-04-03T02:31:29.801+0600][59.660s][info][gc          ] GC(54) Concurrent class unloading 15.686ms
[2026-04-03T02:31:29.801+0600][59.660s][info][gc,start    ] GC(54) Concurrent strong roots
[2026-04-03T02:31:29.801+0600][59.660s][info][gc,task     ] GC(54) Using 3 of 6 workers for concurrent strong root
[2026-04-03T02:31:29.803+0600][59.662s][info][gc          ] GC(54) Concurrent strong roots 1.515ms
[2026-04-03T02:31:29.803+0600][59.662s][info][gc,start    ] GC(54) Concurrent evacuation
[2026-04-03T02:31:29.803+0600][59.662s][info][gc,task     ] GC(54) Using 3 of 6 workers for concurrent evacuation
[2026-04-03T02:31:29.806+0600][59.665s][info][gc          ] GC(54) Concurrent evacuation 2.911ms
[2026-04-03T02:31:29.806+0600][59.665s][info][gc,start    ] GC(54) Pause Init Update Refs
[2026-04-03T02:31:29.806+0600][59.666s][info][gc,ergo     ] GC(54) Pacer for Update Refs. Used: 274M, Free: 912M, Non-Taxable: 93410K, Alloc Tax Rate: 1.1x
[2026-04-03T02:31:29.806+0600][59.666s][info][gc          ] GC(54) Pause Init Update Refs 0.204ms
[2026-04-03T02:31:29.806+0600][59.666s][info][gc,start    ] GC(54) Concurrent update references
[2026-04-03T02:31:29.806+0600][59.666s][info][gc,task     ] GC(54) Using 3 of 6 workers for concurrent reference update
[2026-04-03T02:31:29.859+0600][59.718s][info][gc          ] GC(54) Concurrent update references 52.442ms
[2026-04-03T02:31:29.859+0600][59.718s][info][gc,start    ] GC(54) Concurrent update thread roots
[2026-04-03T02:31:29.861+0600][59.720s][info][gc          ] GC(54) Concurrent update thread roots 1.695ms
[2026-04-03T02:31:29.861+0600][59.720s][info][gc,start    ] GC(54) Pause Final Update Refs
[2026-04-03T02:31:29.861+0600][59.720s][info][gc,task     ] GC(54) Using 6 of 6 workers for final reference update
[2026-04-03T02:31:29.861+0600][59.720s][info][gc          ] GC(54) Pause Final Update Refs 0.192ms
[2026-04-03T02:31:29.861+0600][59.720s][info][gc,start    ] GC(54) Concurrent cleanup
[2026-04-03T02:31:29.861+0600][59.721s][info][gc          ] GC(54) Concurrent cleanup 307M->187M(1117M) 0.474ms
[2026-04-03T02:31:29.862+0600][59.721s][info][gc,ergo     ] Free: 991M, Max: 512K regular, 420M humongous, Frag: 58% external, 0% internal; Reserve: 64000K, Max: 512K
[2026-04-03T02:31:29.862+0600][59.721s][info][gc,stats    ] 
[2026-04-03T02:31:29.862+0600][59.721s][info][gc,stats    ] All times are wall-clock times, except per-root-class counters, that are sum over
[2026-04-03T02:31:29.862+0600][59.721s][info][gc,stats    ] all workers. Dividing the <total> over the root stage time estimates parallelism.
[2026-04-03T02:31:29.862+0600][59.721s][info][gc,stats    ] 
[2026-04-03T02:31:29.862+0600][59.721s][info][gc,stats    ] Concurrent Reset                   2426 us
[2026-04-03T02:31:29.862+0600][59.721s][info][gc,stats    ] Pause Init Mark (G)                 486 us
[2026-04-03T02:31:29.862+0600][59.721s][info][gc,stats    ] Pause Init Mark (N)                 159 us
[2026-04-03T02:31:29.862+0600][59.721s][info][gc,stats    ]   Update Region States               30 us
[2026-04-03T02:31:29.862+0600][59.721s][info][gc,stats    ] Concurrent Mark Roots              1467 us, parallelism: 1.93x
[2026-04-03T02:31:29.862+0600][59.721s][info][gc,stats    ]   CMR: <total>                     2826 us
[2026-04-03T02:31:29.862+0600][59.721s][info][gc,stats    ]   CMR: Thread Roots                2247 us, workers (us): 407, 916, 924, ---, ---, ---, 
[2026-04-03T02:31:29.862+0600][59.721s][info][gc,stats    ]   CMR: VM Strong Roots               64 us, workers (us):  31,  27,   6, ---, ---, ---, 
[2026-04-03T02:31:29.862+0600][59.721s][info][gc,stats    ]   CMR: CLDG Roots                   516 us, workers (us): 516, ---, ---, ---, ---, ---, 
[2026-04-03T02:31:29.862+0600][59.721s][info][gc,stats    ] Concurrent Marking                60142 us
[2026-04-03T02:31:29.862+0600][59.721s][info][gc,stats    ] Pause Final Mark (G)                898 us
[2026-04-03T02:31:29.862+0600][59.721s][info][gc,stats    ] Pause Final Mark (N)                728 us
[2026-04-03T02:31:29.862+0600][59.721s][info][gc,stats    ]   Finish Mark                       302 us
[2026-04-03T02:31:29.862+0600][59.721s][info][gc,stats    ]   Update Region States               38 us
[2026-04-03T02:31:29.862+0600][59.721s][info][gc,stats    ]   Choose Collection Set             194 us
[2026-04-03T02:31:29.862+0600][59.721s][info][gc,stats    ]   Rebuild Free Set                   34 us
[2026-04-03T02:31:29.862+0600][59.721s][info][gc,stats    ] Concurrent Thread Roots            1125 us, parallelism: 2.36x
[2026-04-03T02:31:29.862+0600][59.721s][info][gc,stats    ]   CTR: <total>                     2657 us
[2026-04-03T02:31:29.862+0600][59.721s][info][gc,stats    ]   CTR: Thread Roots                2657 us, workers (us): 898, 887, 872, ---, ---, ---, 
[2026-04-03T02:31:29.862+0600][59.721s][info][gc,stats    ] Concurrent Weak References          781 us, parallelism: 0.98x
[2026-04-03T02:31:29.862+0600][59.721s][info][gc,stats    ]   CWRF: <total>                     766 us
[2026-04-03T02:31:29.862+0600][59.721s][info][gc,stats    ]   CWRF: Weak References             766 us, workers (us): 233,  94, 440, ---, ---, ---, 
[2026-04-03T02:31:29.862+0600][59.721s][info][gc,stats    ] Concurrent Weak Roots              5173 us
[2026-04-03T02:31:29.862+0600][59.721s][info][gc,stats    ]   Roots                            4795 us, parallelism: 2.69x
[2026-04-03T02:31:29.862+0600][59.721s][info][gc,stats    ]     CWR: <total>                  12884 us
[2026-04-03T02:31:29.862+0600][59.721s][info][gc,stats    ]     CWR: Code Cache Roots         10434 us, workers (us): 3684, 3244, 3506, ---, ---, ---, 
[2026-04-03T02:31:29.862+0600][59.721s][info][gc,stats    ]     CWR: VM Weak Roots             2243 us, workers (us): 768, 768, 707, ---, ---, ---, 
[2026-04-03T02:31:29.862+0600][59.721s][info][gc,stats    ]     CWR: CLDG Roots                 208 us, workers (us): ---, 208, ---, ---, ---, ---, 
[2026-04-03T02:31:29.862+0600][59.721s][info][gc,stats    ]   Rendezvous                        273 us
[2026-04-03T02:31:29.862+0600][59.721s][info][gc,stats    ] Concurrent Cleanup                  743 us
[2026-04-03T02:31:29.862+0600][59.721s][info][gc,stats    ] Concurrent Class Unloading        15773 us
[2026-04-03T02:31:29.862+0600][59.721s][info][gc,stats    ]   Unlink Stale                    14114 us
[2026-04-03T02:31:29.862+0600][59.721s][info][gc,stats    ]     System Dictionary               251 us
[2026-04-03T02:31:29.862+0600][59.721s][info][gc,stats    ]     Weak Class Links                  0 us
[2026-04-03T02:31:29.862+0600][59.721s][info][gc,stats    ]     Code Roots                    13860 us
[2026-04-03T02:31:29.862+0600][59.721s][info][gc,stats    ]   Rendezvous                        516 us
[2026-04-03T02:31:29.862+0600][59.721s][info][gc,stats    ]   Purge Unlinked                   1030 us
[2026-04-03T02:31:29.862+0600][59.721s][info][gc,stats    ]     Code Roots                     1020 us
[2026-04-03T02:31:29.862+0600][59.721s][info][gc,stats    ]     CLDG                             10 us
[2026-04-03T02:31:29.862+0600][59.721s][info][gc,stats    ]     Exception Caches                  0 us
[2026-04-03T02:31:29.862+0600][59.721s][info][gc,stats    ] Concurrent Strong Roots            1618 us, parallelism: 0.72x
[2026-04-03T02:31:29.862+0600][59.721s][info][gc,stats    ]   CSR: <total>                     1160 us
[2026-04-03T02:31:29.862+0600][59.721s][info][gc,stats    ]   CSR: VM Strong Roots               72 us, workers (us):  56,  13,   4, ---, ---, ---, 
[2026-04-03T02:31:29.862+0600][59.721s][info][gc,stats    ]   CSR: CLDG Roots                  1088 us, workers (us): ---, ---, 1088, ---, ---, ---, 
[2026-04-03T02:31:29.862+0600][59.721s][info][gc,stats    ] Concurrent Evacuation              3014 us
[2026-04-03T02:31:29.862+0600][59.721s][info][gc,stats    ] Pause Init Update Refs (G)          584 us
[2026-04-03T02:31:29.862+0600][59.722s][info][gc,stats    ] Pause Init Update Refs (N)          216 us
[2026-04-03T02:31:29.862+0600][59.722s][info][gc,stats    ]   Manage GCLABs                      78 us
[2026-04-03T02:31:29.862+0600][59.722s][info][gc,stats    ] Concurrent Update Refs            52547 us
[2026-04-03T02:31:29.862+0600][59.722s][info][gc,stats    ] Concurrent Update Thread Roots     1730 us
[2026-04-03T02:31:29.862+0600][59.722s][info][gc,stats    ] Pause Final Update Refs (G)         366 us
[2026-04-03T02:31:29.862+0600][59.722s][info][gc,stats    ] Pause Final Update Refs (N)         211 us
[2026-04-03T02:31:29.862+0600][59.722s][info][gc,stats    ]   Update Region States               44 us
[2026-04-03T02:31:29.862+0600][59.722s][info][gc,stats    ]   Trash Collection Set               15 us
[2026-04-03T02:31:29.862+0600][59.722s][info][gc,stats    ]   Rebuild Free Set                   36 us
[2026-04-03T02:31:29.862+0600][59.722s][info][gc,stats    ] Concurrent Cleanup                  499 us
[2026-04-03T02:31:29.862+0600][59.722s][info][gc,stats    ] Pacing                            71741 us
[2026-04-03T02:31:29.862+0600][59.722s][info][gc,stats    ] 
[2026-04-03T02:31:29.862+0600][59.722s][info][gc,stats    ] Allocation pacing accrued:
[2026-04-03T02:31:29.862+0600][59.722s][info][gc,stats    ]      11 of   738 ms (  1.5%): dispatcher-BlockManagerMaster
[2026-04-03T02:31:29.862+0600][59.722s][info][gc,stats    ]       6 of   738 ms (  0.8%): Spark Context Cleaner
[2026-04-03T02:31:29.862+0600][59.722s][info][gc,stats    ]      11 of   738 ms (  1.5%): Executor task launch worker for task 1.0 in stage 2120.0 (TID 4104)
[2026-04-03T02:31:29.862+0600][59.722s][info][gc,stats    ]      10 of   738 ms (  1.4%): Executor task launch worker for task 3.0 in stage 2120.0 (TID 4106)
[2026-04-03T02:31:29.862+0600][59.722s][info][gc,stats    ]      11 of   738 ms (  1.5%): Executor task launch worker for task 0.0 in stage 2120.0 (TID 4103)
[2026-04-03T02:31:29.862+0600][59.722s][info][gc,stats    ]      11 of   738 ms (  1.5%): task-result-getter-0
[2026-04-03T02:31:29.862+0600][59.722s][info][gc,stats    ]      11 of   738 ms (  1.5%): task-result-getter-3
[2026-04-03T02:31:29.862+0600][59.722s][info][gc,stats    ]      72 of   738 ms (  9.7%): <total>
[2026-04-03T02:31:29.862+0600][59.722s][info][gc,stats    ]       0 of   738 ms (  0.0%): <average total>
[2026-04-03T02:31:29.862+0600][59.722s][info][gc,stats    ]      10 of   738 ms (  1.4%): <average non-zero>
[2026-04-03T02:31:29.862+0600][59.722s][info][gc,stats    ] 
[2026-04-03T02:31:29.863+0600][59.722s][info][gc,metaspace] Metaspace: 131234K(132544K)->131234K(132544K) NonClass: 114771K(115392K)->114771K(115392K) Class: 16462K(17152K)->16462K(17152K)
[2026-04-03T02:31:29.863+0600][59.722s][info][gc,ergo     ] Pacer for Idle. Initial: 25600K, Alloc Tax Rate: 1.0x
[2026-04-03T02:31:30.338+0600][60.197s][info][gc          ] Trigger: Average GC time (170.98 ms) is above the time for average allocation rate (1116 MB/s) to deplete free headroom (178M) (margin of error = 1.89)
[2026-04-03T02:31:30.338+0600][60.197s][info][gc,ergo     ] Free headroom: 240M (free) - 64000K (spike) - 0B (penalties) = 178M
[2026-04-03T02:31:30.338+0600][60.197s][info][gc,ergo     ] Free: 240M, Max: 512K regular, 155M humongous, Frag: 36% external, 1% internal; Reserve: 64000K, Max: 512K
[2026-04-03T02:31:30.338+0600][60.197s][info][gc,start    ] GC(55) Concurrent reset
[2026-04-03T02:31:30.338+0600][60.197s][info][gc,task     ] GC(55) Using 3 of 6 workers for concurrent reset
[2026-04-03T02:31:30.338+0600][60.197s][info][gc,ergo     ] GC(55) Pacer for Reset. Non-Taxable: 1250M
[2026-04-03T02:31:30.339+0600][60.199s][info][gc          ] GC(55) Concurrent reset 1.369ms
[2026-04-03T02:31:30.340+0600][60.200s][info][gc,start    ] GC(55) Pause Init Mark (unload classes)
[2026-04-03T02:31:30.340+0600][60.200s][info][gc,task     ] GC(55) Using 6 of 6 workers for init marking
[2026-04-03T02:31:30.340+0600][60.200s][info][gc,ergo     ] GC(55) Pacer for Mark. Expected Live: 96918K, Free: 226M, Non-Taxable: 23172K, Alloc Tax Rate: 0.5x
[2026-04-03T02:31:30.340+0600][60.200s][info][gc          ] GC(55) Pause Init Mark (unload classes) 0.197ms
[2026-04-03T02:31:30.341+0600][60.200s][info][gc,start    ] GC(55) Concurrent marking roots
[2026-04-03T02:31:30.341+0600][60.200s][info][gc,task     ] GC(55) Using 3 of 6 workers for concurrent marking roots
[2026-04-03T02:31:30.342+0600][60.202s][info][gc          ] GC(55) Concurrent marking roots 1.634ms
[2026-04-03T02:31:30.342+0600][60.202s][info][gc,start    ] GC(55) Concurrent marking (unload classes)
[2026-04-03T02:31:30.342+0600][60.202s][info][gc,task     ] GC(55) Using 3 of 6 workers for concurrent marking
[2026-04-03T02:31:30.385+0600][60.244s][info][gc          ] GC(55) Concurrent marking (unload classes) 42.445ms
[2026-04-03T02:31:30.385+0600][60.244s][info][gc,start    ] GC(55) Pause Final Mark (unload classes)
[2026-04-03T02:31:30.385+0600][60.244s][info][gc,task     ] GC(55) Using 6 of 6 workers for final marking
[2026-04-03T02:31:30.385+0600][60.245s][info][gc,ergo     ] GC(55) Adaptive CSet Selection. Target Free: 177M, Actual Free: 877M, Max CSet: 53333K, Min Garbage: 0B
[2026-04-03T02:31:30.386+0600][60.245s][info][gc,ergo     ] GC(55) Collectable Garbage: 787M (98%), Immediate: 625M (78%), CSet: 161M (20%)
[2026-04-03T02:31:30.386+0600][60.245s][info][gc,ergo     ] GC(55) Pacer for Evacuation. Used CSet: 171M, Free: 880M, Non-Taxable: 90138K, Alloc Tax Rate: 1.1x
[2026-04-03T02:31:30.386+0600][60.245s][info][gc          ] GC(55) Pause Final Mark (unload classes) 0.701ms
[2026-04-03T02:31:30.386+0600][60.245s][info][gc,start    ] GC(55) Concurrent thread roots
[2026-04-03T02:31:30.386+0600][60.245s][info][gc,task     ] GC(55) Using 3 of 6 workers for Concurrent thread roots
[2026-04-03T02:31:30.387+0600][60.246s][info][gc          ] GC(55) Concurrent thread roots 0.990ms
[2026-04-03T02:31:30.387+0600][60.246s][info][gc,start    ] GC(55) Concurrent weak references
[2026-04-03T02:31:30.387+0600][60.246s][info][gc,task     ] GC(55) Using 3 of 6 workers for concurrent weak references
[2026-04-03T02:31:30.388+0600][60.247s][info][gc,ref      ] GC(55) Encountered references: Soft: 3788, Weak: 16988, Final: 84, Phantom: 626
[2026-04-03T02:31:30.388+0600][60.247s][info][gc,ref      ] GC(55) Discovered  references: Soft: 0, Weak: 9076, Final: 48, Phantom: 621
[2026-04-03T02:31:30.388+0600][60.247s][info][gc,ref      ] GC(55) Enqueued    references: Soft: 0, Weak: 2290, Final: 0, Phantom: 0
[2026-04-03T02:31:30.388+0600][60.247s][info][gc          ] GC(55) Concurrent weak references 0.861ms
[2026-04-03T02:31:30.388+0600][60.247s][info][gc,start    ] GC(55) Concurrent weak roots
[2026-04-03T02:31:30.388+0600][60.247s][info][gc,task     ] GC(55) Using 3 of 6 workers for concurrent weak root
[2026-04-03T02:31:30.392+0600][60.251s][info][gc          ] GC(55) Concurrent weak roots 3.861ms
[2026-04-03T02:31:30.392+0600][60.251s][info][gc,start    ] GC(55) Concurrent cleanup
[2026-04-03T02:31:30.392+0600][60.252s][info][gc          ] GC(55) Concurrent cleanup 928M->302M(1117M) 0.693ms
[2026-04-03T02:31:30.392+0600][60.252s][info][gc,ergo     ] GC(55) Free: 877M, Max: 512K regular, 155M humongous, Frag: 83% external, 0% internal; Reserve: 63277K, Max: 512K
[2026-04-03T02:31:30.392+0600][60.252s][info][gc,start    ] GC(55) Concurrent class unloading
[2026-04-03T02:31:30.392+0600][60.252s][info][gc,task     ] GC(55) Using 3 of 6 workers for concurrent class unloading
[2026-04-03T02:31:30.411+0600][60.271s][info][gc          ] GC(55) Concurrent class unloading 18.920ms
[2026-04-03T02:31:30.411+0600][60.271s][info][gc,start    ] GC(55) Concurrent strong roots
[2026-04-03T02:31:30.411+0600][60.271s][info][gc,task     ] GC(55) Using 3 of 6 workers for concurrent strong root
[2026-04-03T02:31:30.413+0600][60.273s][info][gc          ] GC(55) Concurrent strong roots 1.875ms
[2026-04-03T02:31:30.413+0600][60.273s][info][gc,start    ] GC(55) Concurrent evacuation
[2026-04-03T02:31:30.413+0600][60.273s][info][gc,task     ] GC(55) Using 3 of 6 workers for concurrent evacuation
[2026-04-03T02:31:30.421+0600][60.280s][info][gc          ] GC(55) Concurrent evacuation 7.122ms
[2026-04-03T02:31:30.421+0600][60.280s][info][gc,start    ] GC(55) Pause Init Update Refs
[2026-04-03T02:31:30.421+0600][60.280s][info][gc,ergo     ] GC(55) Pacer for Update Refs. Used: 339M, Free: 850M, Non-Taxable: 87094K, Alloc Tax Rate: 1.1x
[2026-04-03T02:31:30.421+0600][60.280s][info][gc          ] GC(55) Pause Init Update Refs 0.138ms
[2026-04-03T02:31:30.422+0600][60.281s][info][gc,start    ] GC(55) Concurrent update references
[2026-04-03T02:31:30.422+0600][60.281s][info][gc,task     ] GC(55) Using 3 of 6 workers for concurrent reference update
[2026-04-03T02:31:30.461+0600][60.320s][info][gc          ] GC(55) Concurrent update references 39.063ms
[2026-04-03T02:31:30.461+0600][60.320s][info][gc,start    ] GC(55) Concurrent update thread roots
[2026-04-03T02:31:30.462+0600][60.321s][info][gc          ] GC(55) Concurrent update thread roots 1.430ms
[2026-04-03T02:31:30.462+0600][60.322s][info][gc,start    ] GC(55) Pause Final Update Refs
[2026-04-03T02:31:30.462+0600][60.322s][info][gc,task     ] GC(55) Using 6 of 6 workers for final reference update
[2026-04-03T02:31:30.463+0600][60.322s][info][gc          ] GC(55) Pause Final Update Refs 0.138ms
[2026-04-03T02:31:30.463+0600][60.322s][info][gc,start    ] GC(55) Concurrent cleanup
[2026-04-03T02:31:30.463+0600][60.322s][info][gc          ] GC(55) Concurrent cleanup 362M->191M(1117M) 0.245ms
[2026-04-03T02:31:30.463+0600][60.322s][info][gc,ergo     ] Free: 984M, Max: 512K regular, 501M humongous, Frag: 49% external, 0% internal; Reserve: 64000K, Max: 512K
[2026-04-03T02:31:30.463+0600][60.322s][info][gc,stats    ] 
[2026-04-03T02:31:30.463+0600][60.322s][info][gc,stats    ] All times are wall-clock times, except per-root-class counters, that are sum over
[2026-04-03T02:31:30.463+0600][60.322s][info][gc,stats    ] all workers. Dividing the <total> over the root stage time estimates parallelism.
[2026-04-03T02:31:30.463+0600][60.322s][info][gc,stats    ] 
[2026-04-03T02:31:30.463+0600][60.322s][info][gc,stats    ] Concurrent Reset                   1449 us
[2026-04-03T02:31:30.463+0600][60.322s][info][gc,stats    ] Pause Init Mark (G)                1375 us
[2026-04-03T02:31:30.463+0600][60.322s][info][gc,stats    ] Pause Init Mark (N)                 210 us
[2026-04-03T02:31:30.463+0600][60.322s][info][gc,stats    ]   Update Region States               48 us
[2026-04-03T02:31:30.463+0600][60.322s][info][gc,stats    ] Concurrent Mark Roots              1700 us, parallelism: 1.83x
[2026-04-03T02:31:30.463+0600][60.322s][info][gc,stats    ]   CMR: <total>                     3105 us
[2026-04-03T02:31:30.463+0600][60.322s][info][gc,stats    ]   CMR: Thread Roots                2582 us, workers (us): 550, 1017, 1015, ---, ---, ---, 
[2026-04-03T02:31:30.463+0600][60.322s][info][gc,stats    ]   CMR: VM Strong Roots               53 us, workers (us):  48,   4,   1, ---, ---, ---, 
[2026-04-03T02:31:30.463+0600][60.322s][info][gc,stats    ]   CMR: CLDG Roots                   470 us, workers (us): 470, ---, ---, ---, ---, ---, 
[2026-04-03T02:31:30.463+0600][60.322s][info][gc,stats    ] Concurrent Marking                42504 us
[2026-04-03T02:31:30.463+0600][60.322s][info][gc,stats    ] Pause Final Mark (G)                967 us
[2026-04-03T02:31:30.463+0600][60.322s][info][gc,stats    ] Pause Final Mark (N)                711 us
[2026-04-03T02:31:30.463+0600][60.322s][info][gc,stats    ]   Finish Mark                       335 us
[2026-04-03T02:31:30.463+0600][60.322s][info][gc,stats    ]   Update Region States               34 us
[2026-04-03T02:31:30.463+0600][60.322s][info][gc,stats    ]   Choose Collection Set             211 us
[2026-04-03T02:31:30.463+0600][60.322s][info][gc,stats    ]   Rebuild Free Set                   33 us
[2026-04-03T02:31:30.463+0600][60.322s][info][gc,stats    ] Concurrent Thread Roots            1032 us, parallelism: 2.23x
[2026-04-03T02:31:30.463+0600][60.322s][info][gc,stats    ]   CTR: <total>                     2300 us
[2026-04-03T02:31:30.463+0600][60.322s][info][gc,stats    ]   CTR: Thread Roots                2300 us, workers (us): 796, 759, 745, ---, ---, ---, 
[2026-04-03T02:31:30.463+0600][60.323s][info][gc,stats    ] Concurrent Weak References          876 us, parallelism: 1.25x
[2026-04-03T02:31:30.463+0600][60.323s][info][gc,stats    ]   CWRF: <total>                    1093 us
[2026-04-03T02:31:30.463+0600][60.323s][info][gc,stats    ]   CWRF: Weak References            1093 us, workers (us): 420, 572, 101, ---, ---, ---, 
[2026-04-03T02:31:30.463+0600][60.323s][info][gc,stats    ] Concurrent Weak Roots              3944 us
[2026-04-03T02:31:30.463+0600][60.323s][info][gc,stats    ]   Roots                            3535 us, parallelism: 2.72x
[2026-04-03T02:31:30.463+0600][60.323s][info][gc,stats    ]     CWR: <total>                   9618 us
[2026-04-03T02:31:30.463+0600][60.323s][info][gc,stats    ]     CWR: Code Cache Roots          7326 us, workers (us): 2369, 2454, 2502, ---, ---, ---, 
[2026-04-03T02:31:30.463+0600][60.323s][info][gc,stats    ]     CWR: VM Weak Roots             2197 us, workers (us): 769, 738, 690, ---, ---, ---, 
[2026-04-03T02:31:30.463+0600][60.323s][info][gc,stats    ]     CWR: CLDG Roots                  96 us, workers (us):  96, ---, ---, ---, ---, ---, 
[2026-04-03T02:31:30.463+0600][60.323s][info][gc,stats    ]   Rendezvous                        301 us
[2026-04-03T02:31:30.463+0600][60.323s][info][gc,stats    ] Concurrent Cleanup                  707 us
[2026-04-03T02:31:30.463+0600][60.323s][info][gc,stats    ] Concurrent Class Unloading        19036 us
[2026-04-03T02:31:30.463+0600][60.323s][info][gc,stats    ]   Unlink Stale                    15875 us
[2026-04-03T02:31:30.463+0600][60.323s][info][gc,stats    ]     System Dictionary               228 us
[2026-04-03T02:31:30.463+0600][60.323s][info][gc,stats    ]     Weak Class Links                  0 us
[2026-04-03T02:31:30.463+0600][60.323s][info][gc,stats    ]     Code Roots                    15642 us
[2026-04-03T02:31:30.463+0600][60.323s][info][gc,stats    ]   Rendezvous                        461 us
[2026-04-03T02:31:30.463+0600][60.323s][info][gc,stats    ]   Purge Unlinked                   2556 us
[2026-04-03T02:31:30.463+0600][60.323s][info][gc,stats    ]     Code Roots                     2528 us
[2026-04-03T02:31:30.463+0600][60.323s][info][gc,stats    ]     CLDG                             26 us
[2026-04-03T02:31:30.463+0600][60.323s][info][gc,stats    ]     Exception Caches                  0 us
[2026-04-03T02:31:30.463+0600][60.323s][info][gc,stats    ] Concurrent Strong Roots            1959 us, parallelism: 0.74x
[2026-04-03T02:31:30.463+0600][60.323s][info][gc,stats    ]   CSR: <total>                     1442 us
[2026-04-03T02:31:30.463+0600][60.323s][info][gc,stats    ]   CSR: VM Strong Roots               73 us, workers (us):  50,  23,   0, ---, ---, ---, 
[2026-04-03T02:31:30.463+0600][60.323s][info][gc,stats    ]   CSR: CLDG Roots                  1369 us, workers (us): ---, 1369, ---, ---, ---, ---, 
[2026-04-03T02:31:30.463+0600][60.323s][info][gc,stats    ] Concurrent Evacuation              7208 us
[2026-04-03T02:31:30.463+0600][60.323s][info][gc,stats    ] Pause Init Update Refs (G)          865 us
[2026-04-03T02:31:30.463+0600][60.323s][info][gc,stats    ] Pause Init Update Refs (N)          152 us
[2026-04-03T02:31:30.463+0600][60.323s][info][gc,stats    ]   Manage GCLABs                      40 us
[2026-04-03T02:31:30.463+0600][60.323s][info][gc,stats    ] Concurrent Update Refs            39168 us
[2026-04-03T02:31:30.463+0600][60.323s][info][gc,stats    ] Concurrent Update Thread Roots     1506 us
[2026-04-03T02:31:30.463+0600][60.323s][info][gc,stats    ] Pause Final Update Refs (G)         447 us
[2026-04-03T02:31:30.463+0600][60.323s][info][gc,stats    ] Pause Final Update Refs (N)         157 us
[2026-04-03T02:31:30.463+0600][60.323s][info][gc,stats    ]   Update Region States               38 us
[2026-04-03T02:31:30.463+0600][60.323s][info][gc,stats    ]   Trash Collection Set               14 us
[2026-04-03T02:31:30.463+0600][60.323s][info][gc,stats    ]   Rebuild Free Set                   30 us
[2026-04-03T02:31:30.464+0600][60.323s][info][gc,stats    ] Concurrent Cleanup                  263 us
[2026-04-03T02:31:30.464+0600][60.323s][info][gc,stats    ] Pacing                            43219 us
[2026-04-03T02:31:30.464+0600][60.323s][info][gc,stats    ] 
[2026-04-03T02:31:30.464+0600][60.323s][info][gc,stats    ] Allocation pacing accrued:
[2026-04-03T02:31:30.464+0600][60.323s][info][gc,stats    ]       3 of   601 ms (  0.6%): dispatcher-event-loop-6
[2026-04-03T02:31:30.464+0600][60.323s][info][gc,stats    ]      36 of   601 ms (  6.0%): Executor task launch worker for task 0.0 in stage 2211.0 (TID 4153)
[2026-04-03T02:31:30.464+0600][60.323s][info][gc,stats    ]       4 of   601 ms (  0.6%): task-result-getter-0
[2026-04-03T02:31:30.464+0600][60.323s][info][gc,stats    ]      43 of   601 ms (  7.2%): <total>
[2026-04-03T02:31:30.464+0600][60.323s][info][gc,stats    ]       0 of   601 ms (  0.0%): <average total>
[2026-04-03T02:31:30.464+0600][60.323s][info][gc,stats    ]      14 of   601 ms (  2.4%): <average non-zero>
[2026-04-03T02:31:30.464+0600][60.323s][info][gc,stats    ] 
[2026-04-03T02:31:30.464+0600][60.323s][info][gc,metaspace] Metaspace: 131243K(132544K)->131248K(132544K) NonClass: 114780K(115392K)->114784K(115392K) Class: 16463K(17152K)->16463K(17152K)
[2026-04-03T02:31:30.464+0600][60.323s][info][gc,ergo     ] Pacer for Idle. Initial: 25600K, Alloc Tax Rate: 1.0x
[2026-04-03T02:31:30.566+0600][60.425s][info][gc          ] Trigger: Average GC time (163.18 ms) is above the time for instantaneous allocation rate (4270 MB/s) to deplete free headroom (491M) (spike threshold = 1.80)
[2026-04-03T02:31:30.566+0600][60.425s][info][gc,ergo     ] Free: 553M, Max: 512K regular, 369M humongous, Frag: 34% external, 0% internal; Reserve: 64000K, Max: 512K
[2026-04-03T02:31:30.566+0600][60.425s][info][gc,start    ] GC(56) Concurrent reset
[2026-04-03T02:31:30.566+0600][60.425s][info][gc,task     ] GC(56) Using 3 of 6 workers for concurrent reset
[2026-04-03T02:31:30.566+0600][60.425s][info][gc,ergo     ] GC(56) Pacer for Reset. Non-Taxable: 1250M
[2026-04-03T02:31:30.567+0600][60.426s][info][gc          ] GC(56) Concurrent reset 1.159ms
[2026-04-03T02:31:30.567+0600][60.427s][info][gc,start    ] GC(56) Pause Init Mark (unload classes)
[2026-04-03T02:31:30.567+0600][60.427s][info][gc,task     ] GC(56) Using 6 of 6 workers for init marking
[2026-04-03T02:31:30.567+0600][60.427s][info][gc,ergo     ] GC(56) Pacer for Mark. Expected Live: 97412K, Free: 553M, Non-Taxable: 56632K, Alloc Tax Rate: 0.2x
[2026-04-03T02:31:30.567+0600][60.427s][info][gc          ] GC(56) Pause Init Mark (unload classes) 0.139ms
[2026-04-03T02:31:30.567+0600][60.427s][info][gc,start    ] GC(56) Concurrent marking roots
[2026-04-03T02:31:30.568+0600][60.427s][info][gc,task     ] GC(56) Using 3 of 6 workers for concurrent marking roots
[2026-04-03T02:31:30.569+0600][60.428s][info][gc          ] GC(56) Concurrent marking roots 1.575ms
[2026-04-03T02:31:30.569+0600][60.428s][info][gc,start    ] GC(56) Concurrent marking (unload classes)
[2026-04-03T02:31:30.569+0600][60.428s][info][gc,task     ] GC(56) Using 3 of 6 workers for concurrent marking
[2026-04-03T02:31:30.623+0600][60.482s][info][gc          ] GC(56) Concurrent marking (unload classes) 53.460ms
[2026-04-03T02:31:30.623+0600][60.482s][info][gc,start    ] GC(56) Pause Final Mark (unload classes)
[2026-04-03T02:31:30.623+0600][60.482s][info][gc,task     ] GC(56) Using 6 of 6 workers for final marking
[2026-04-03T02:31:30.623+0600][60.483s][info][gc,ergo     ] GC(56) Adaptive CSet Selection. Target Free: 177M, Actual Free: 988M, Max CSet: 53333K, Min Garbage: 0B
[2026-04-03T02:31:30.624+0600][60.483s][info][gc,ergo     ] GC(56) Collectable Garbage: 481M (98%), Immediate: 407M (83%), CSet: 75073K (14%)
[2026-04-03T02:31:30.624+0600][60.483s][info][gc,ergo     ] GC(56) Pacer for Evacuation. Used CSet: 82133K, Free: 981M, Non-Taxable: 100537K, Alloc Tax Rate: 1.1x
[2026-04-03T02:31:30.624+0600][60.483s][info][gc          ] GC(56) Pause Final Mark (unload classes) 0.845ms
[2026-04-03T02:31:30.624+0600][60.483s][info][gc,start    ] GC(56) Concurrent thread roots
[2026-04-03T02:31:30.624+0600][60.483s][info][gc,task     ] GC(56) Using 3 of 6 workers for Concurrent thread roots
[2026-04-03T02:31:30.625+0600][60.484s][info][gc          ] GC(56) Concurrent thread roots 1.153ms
[2026-04-03T02:31:30.625+0600][60.484s][info][gc,start    ] GC(56) Concurrent weak references
[2026-04-03T02:31:30.625+0600][60.484s][info][gc,task     ] GC(56) Using 3 of 6 workers for concurrent weak references
[2026-04-03T02:31:30.626+0600][60.485s][info][gc,ref      ] GC(56) Encountered references: Soft: 3792, Weak: 15096, Final: 84, Phantom: 621
[2026-04-03T02:31:30.626+0600][60.485s][info][gc,ref      ] GC(56) Discovered  references: Soft: 0, Weak: 8242, Final: 52, Phantom: 222
[2026-04-03T02:31:30.626+0600][60.485s][info][gc,ref      ] GC(56) Enqueued    references: Soft: 0, Weak: 383, Final: 0, Phantom: 0
[2026-04-03T02:31:30.626+0600][60.485s][info][gc          ] GC(56) Concurrent weak references 0.831ms
[2026-04-03T02:31:30.626+0600][60.485s][info][gc,start    ] GC(56) Concurrent weak roots
[2026-04-03T02:31:30.626+0600][60.485s][info][gc,task     ] GC(56) Using 3 of 6 workers for concurrent weak root
[2026-04-03T02:31:30.632+0600][60.492s][info][gc          ] GC(56) Concurrent weak roots 6.275ms
[2026-04-03T02:31:30.632+0600][60.492s][info][gc,start    ] GC(56) Concurrent cleanup
[2026-04-03T02:31:30.633+0600][60.492s][info][gc          ] GC(56) Concurrent cleanup 611M->203M(1117M) 0.475ms
[2026-04-03T02:31:30.633+0600][60.492s][info][gc,ergo     ] GC(56) Free: 976M, Max: 512K regular, 353M humongous, Frag: 64% external, 0% internal; Reserve: 63481K, Max: 512K
[2026-04-03T02:31:30.633+0600][60.492s][info][gc,start    ] GC(56) Concurrent class unloading
[2026-04-03T02:31:30.633+0600][60.492s][info][gc,task     ] GC(56) Using 3 of 6 workers for concurrent class unloading
[2026-04-03T02:31:30.654+0600][60.514s][info][gc          ] GC(56) Concurrent class unloading 21.530ms
[2026-04-03T02:31:30.655+0600][60.514s][info][gc,start    ] GC(56) Concurrent strong roots
[2026-04-03T02:31:30.655+0600][60.514s][info][gc,task     ] GC(56) Using 3 of 6 workers for concurrent strong root
[2026-04-03T02:31:30.656+0600][60.516s][info][gc          ] GC(56) Concurrent strong roots 1.738ms
[2026-04-03T02:31:30.656+0600][60.516s][info][gc,start    ] GC(56) Concurrent evacuation
[2026-04-03T02:31:30.656+0600][60.516s][info][gc,task     ] GC(56) Using 3 of 6 workers for concurrent evacuation
[2026-04-03T02:31:30.661+0600][60.520s][info][gc          ] GC(56) Concurrent evacuation 4.710ms
[2026-04-03T02:31:30.661+0600][60.521s][info][gc,start    ] GC(56) Pause Init Update Refs
[2026-04-03T02:31:30.662+0600][60.521s][info][gc,ergo     ] GC(56) Pacer for Update Refs. Used: 226M, Free: 959M, Non-Taxable: 98276K, Alloc Tax Rate: 1.1x
[2026-04-03T02:31:30.662+0600][60.521s][info][gc          ] GC(56) Pause Init Update Refs 0.135ms
[2026-04-03T02:31:30.662+0600][60.521s][info][gc,start    ] GC(56) Concurrent update references
[2026-04-03T02:31:30.662+0600][60.521s][info][gc,task     ] GC(56) Using 3 of 6 workers for concurrent reference update
[2026-04-03T02:31:30.700+0600][60.559s][info][gc          ] GC(56) Concurrent update references 38.190ms
[2026-04-03T02:31:30.700+0600][60.559s][info][gc,start    ] GC(56) Concurrent update thread roots
[2026-04-03T02:31:30.701+0600][60.561s][info][gc          ] GC(56) Concurrent update thread roots 1.418ms
[2026-04-03T02:31:30.702+0600][60.561s][info][gc,start    ] GC(56) Pause Final Update Refs
[2026-04-03T02:31:30.702+0600][60.561s][info][gc,task     ] GC(56) Using 6 of 6 workers for final reference update
[2026-04-03T02:31:30.702+0600][60.561s][info][gc          ] GC(56) Pause Final Update Refs 0.155ms
[2026-04-03T02:31:30.702+0600][60.561s][info][gc,start    ] GC(56) Concurrent cleanup
[2026-04-03T02:31:30.702+0600][60.562s][info][gc          ] GC(56) Concurrent cleanup 243M->163M(1117M) 0.465ms
[2026-04-03T02:31:30.702+0600][60.562s][info][gc,ergo     ] Free: 1012M, Max: 512K regular, 563M humongous, Frag: 45% external, 0% internal; Reserve: 64000K, Max: 512K
[2026-04-03T02:31:30.702+0600][60.562s][info][gc,stats    ] 
[2026-04-03T02:31:30.702+0600][60.562s][info][gc,stats    ] All times are wall-clock times, except per-root-class counters, that are sum over
[2026-04-03T02:31:30.702+0600][60.562s][info][gc,stats    ] all workers. Dividing the <total> over the root stage time estimates parallelism.
[2026-04-03T02:31:30.702+0600][60.562s][info][gc,stats    ] 
[2026-04-03T02:31:30.702+0600][60.562s][info][gc,stats    ] Concurrent Reset                   1227 us
[2026-04-03T02:31:30.702+0600][60.562s][info][gc,stats    ] Pause Init Mark (G)                 380 us
[2026-04-03T02:31:30.702+0600][60.562s][info][gc,stats    ] Pause Init Mark (N)                 154 us
[2026-04-03T02:31:30.702+0600][60.562s][info][gc,stats    ]   Update Region States               25 us
[2026-04-03T02:31:30.703+0600][60.562s][info][gc,stats    ] Concurrent Mark Roots              1651 us, parallelism: 2.01x
[2026-04-03T02:31:30.703+0600][60.562s][info][gc,stats    ]   CMR: <total>                     3314 us
[2026-04-03T02:31:30.703+0600][60.562s][info][gc,stats    ]   CMR: Thread Roots                2850 us, workers (us): 1084, 687, 1079, ---, ---, ---, 
[2026-04-03T02:31:30.703+0600][60.562s][info][gc,stats    ]   CMR: VM Strong Roots               56 us, workers (us):  28,  27,   1, ---, ---, ---, 
[2026-04-03T02:31:30.703+0600][60.562s][info][gc,stats    ]   CMR: CLDG Roots                   407 us, workers (us): ---, 407, ---, ---, ---, ---, 
[2026-04-03T02:31:30.703+0600][60.562s][info][gc,stats    ] Concurrent Marking                53536 us
[2026-04-03T02:31:30.703+0600][60.562s][info][gc,stats    ] Pause Final Mark (G)               1256 us
[2026-04-03T02:31:30.703+0600][60.562s][info][gc,stats    ] Pause Final Mark (N)                857 us
[2026-04-03T02:31:30.703+0600][60.562s][info][gc,stats    ]   Finish Mark                       313 us
[2026-04-03T02:31:30.703+0600][60.562s][info][gc,stats    ]   Update Region States               37 us
[2026-04-03T02:31:30.703+0600][60.562s][info][gc,stats    ]   Choose Collection Set             170 us
[2026-04-03T02:31:30.703+0600][60.562s][info][gc,stats    ]   Rebuild Free Set                   35 us
[2026-04-03T02:31:30.703+0600][60.562s][info][gc,stats    ] Concurrent Thread Roots            1203 us, parallelism: 2.37x
[2026-04-03T02:31:30.703+0600][60.562s][info][gc,stats    ]   CTR: <total>                     2846 us
[2026-04-03T02:31:30.703+0600][60.562s][info][gc,stats    ]   CTR: Thread Roots                2846 us, workers (us): 973, 962, 912, ---, ---, ---, 
[2026-04-03T02:31:30.703+0600][60.562s][info][gc,stats    ] Concurrent Weak References          843 us, parallelism: 1.08x
[2026-04-03T02:31:30.703+0600][60.562s][info][gc,stats    ]   CWRF: <total>                     915 us
[2026-04-03T02:31:30.703+0600][60.562s][info][gc,stats    ]   CWRF: Weak References             915 us, workers (us): 202, 542, 171, ---, ---, ---, 
[2026-04-03T02:31:30.703+0600][60.562s][info][gc,stats    ] Concurrent Weak Roots              6375 us
[2026-04-03T02:31:30.703+0600][60.562s][info][gc,stats    ]   Roots                            4648 us, parallelism: 2.73x
[2026-04-03T02:31:30.703+0600][60.562s][info][gc,stats    ]     CWR: <total>                  12671 us
[2026-04-03T02:31:30.703+0600][60.562s][info][gc,stats    ]     CWR: Code Cache Roots         10299 us, workers (us): 3551, 3239, 3508, ---, ---, ---, 
[2026-04-03T02:31:30.703+0600][60.562s][info][gc,stats    ]     CWR: VM Weak Roots             2233 us, workers (us): 758, 738, 736, ---, ---, ---, 
[2026-04-03T02:31:30.703+0600][60.562s][info][gc,stats    ]     CWR: CLDG Roots                 140 us, workers (us): ---, 140, ---, ---, ---, ---, 
[2026-04-03T02:31:30.703+0600][60.562s][info][gc,stats    ]   Rendezvous                       1577 us
[2026-04-03T02:31:30.703+0600][60.562s][info][gc,stats    ] Concurrent Cleanup                  520 us
[2026-04-03T02:31:30.703+0600][60.562s][info][gc,stats    ] Concurrent Class Unloading        21631 us
[2026-04-03T02:31:30.703+0600][60.562s][info][gc,stats    ]   Unlink Stale                    19205 us
[2026-04-03T02:31:30.703+0600][60.562s][info][gc,stats    ]     System Dictionary               312 us
[2026-04-03T02:31:30.703+0600][60.562s][info][gc,stats    ]     Weak Class Links                  0 us
[2026-04-03T02:31:30.703+0600][60.562s][info][gc,stats    ]     Code Roots                    18887 us
[2026-04-03T02:31:30.703+0600][60.562s][info][gc,stats    ]   Rendezvous                        520 us
[2026-04-03T02:31:30.703+0600][60.562s][info][gc,stats    ]   Purge Unlinked                   1765 us
[2026-04-03T02:31:30.703+0600][60.562s][info][gc,stats    ]     Code Roots                     1738 us
[2026-04-03T02:31:30.703+0600][60.562s][info][gc,stats    ]     CLDG                             26 us
[2026-04-03T02:31:30.703+0600][60.562s][info][gc,stats    ]     Exception Caches                  1 us
[2026-04-03T02:31:30.703+0600][60.562s][info][gc,stats    ] Concurrent Strong Roots            1816 us, parallelism: 0.70x
[2026-04-03T02:31:30.703+0600][60.562s][info][gc,stats    ]   CSR: <total>                     1270 us
[2026-04-03T02:31:30.703+0600][60.562s][info][gc,stats    ]   CSR: VM Strong Roots               59 us, workers (us):  59,   1,   0, ---, ---, ---, 
[2026-04-03T02:31:30.703+0600][60.562s][info][gc,stats    ]   CSR: CLDG Roots                  1211 us, workers (us): 1211, ---, ---, ---, ---, ---, 
[2026-04-03T02:31:30.703+0600][60.562s][info][gc,stats    ] Concurrent Evacuation              4777 us
[2026-04-03T02:31:30.703+0600][60.562s][info][gc,stats    ] Pause Init Update Refs (G)          616 us
[2026-04-03T02:31:30.703+0600][60.562s][info][gc,stats    ] Pause Init Update Refs (N)          148 us
[2026-04-03T02:31:30.703+0600][60.562s][info][gc,stats    ]   Manage GCLABs                      47 us
[2026-04-03T02:31:30.703+0600][60.562s][info][gc,stats    ] Concurrent Update Refs            38253 us
[2026-04-03T02:31:30.703+0600][60.562s][info][gc,stats    ] Concurrent Update Thread Roots     1466 us
[2026-04-03T02:31:30.703+0600][60.562s][info][gc,stats    ] Pause Final Update Refs (G)         402 us
[2026-04-03T02:31:30.703+0600][60.562s][info][gc,stats    ] Pause Final Update Refs (N)         175 us
[2026-04-03T02:31:30.703+0600][60.562s][info][gc,stats    ]   Update Region States               52 us
[2026-04-03T02:31:30.703+0600][60.562s][info][gc,stats    ]   Trash Collection Set               10 us
[2026-04-03T02:31:30.703+0600][60.562s][info][gc,stats    ]   Rebuild Free Set                   33 us
[2026-04-03T02:31:30.703+0600][60.562s][info][gc,stats    ] Concurrent Cleanup                  501 us
[2026-04-03T02:31:30.703+0600][60.562s][info][gc,stats    ] 
[2026-04-03T02:31:30.703+0600][60.562s][info][gc,stats    ] Allocation pacing accrued:
[2026-04-03T02:31:30.703+0600][60.562s][info][gc,stats    ]       0 of   239 ms (  0.0%): <total>
[2026-04-03T02:31:30.703+0600][60.562s][info][gc,stats    ]       0 of   239 ms (  0.0%): <average total>
[2026-04-03T02:31:30.703+0600][60.562s][info][gc,stats    ] 
[2026-04-03T02:31:30.703+0600][60.562s][info][gc,metaspace] Metaspace: 131255K(132544K)->131261K(132544K) NonClass: 114792K(115392K)->114798K(115392K) Class: 16463K(17152K)->16463K(17152K)
[2026-04-03T02:31:30.703+0600][60.562s][info][gc,ergo     ] Pacer for Idle. Initial: 25600K, Alloc Tax Rate: 1.0x
[2026-04-03T02:31:31.444+0600][61.303s][info][gc          ] Trigger: Average GC time (155.44 ms) is above the time for average allocation rate (1271 MB/s) to deplete free headroom (196M) (margin of error = 1.89)
[2026-04-03T02:31:31.444+0600][61.303s][info][gc,ergo     ] Free headroom: 259M (free) - 64000K (spike) - 0B (penalties) = 196M
[2026-04-03T02:31:31.444+0600][61.303s][info][gc,ergo     ] Free: 259M, Max: 512K regular, 258M humongous, Frag: 0% external, 0% internal; Reserve: 64000K, Max: 512K
[2026-04-03T02:31:31.444+0600][61.303s][info][gc,start    ] GC(57) Concurrent reset
[2026-04-03T02:31:31.444+0600][61.303s][info][gc,task     ] GC(57) Using 3 of 6 workers for concurrent reset
[2026-04-03T02:31:31.444+0600][61.303s][info][gc,ergo     ] GC(57) Pacer for Reset. Non-Taxable: 1250M
[2026-04-03T02:31:31.445+0600][61.305s][info][gc          ] GC(57) Concurrent reset 1.178ms
[2026-04-03T02:31:31.445+0600][61.305s][info][gc,start    ] GC(57) Pause Init Mark (unload classes)
[2026-04-03T02:31:31.446+0600][61.305s][info][gc,task     ] GC(57) Using 6 of 6 workers for init marking
[2026-04-03T02:31:31.446+0600][61.305s][info][gc,ergo     ] GC(57) Pacer for Mark. Expected Live: 94308K, Free: 259M, Non-Taxable: 26553K, Alloc Tax Rate: 0.4x
[2026-04-03T02:31:31.446+0600][61.305s][info][gc          ] GC(57) Pause Init Mark (unload classes) 0.108ms
[2026-04-03T02:31:31.446+0600][61.305s][info][gc,start    ] GC(57) Concurrent marking roots
[2026-04-03T02:31:31.446+0600][61.305s][info][gc,task     ] GC(57) Using 3 of 6 workers for concurrent marking roots
[2026-04-03T02:31:31.447+0600][61.307s][info][gc          ] GC(57) Concurrent marking roots 1.776ms
[2026-04-03T02:31:31.448+0600][61.307s][info][gc,start    ] GC(57) Concurrent marking (unload classes)
[2026-04-03T02:31:31.448+0600][61.307s][info][gc,task     ] GC(57) Using 3 of 6 workers for concurrent marking
[2026-04-03T02:31:31.507+0600][61.367s][info][gc          ] GC(57) Concurrent marking (unload classes) 59.961ms
[2026-04-03T02:31:31.508+0600][61.367s][info][gc,start    ] GC(57) Pause Final Mark (unload classes)
[2026-04-03T02:31:31.508+0600][61.367s][info][gc,task     ] GC(57) Using 6 of 6 workers for final marking
[2026-04-03T02:31:31.508+0600][61.367s][info][gc,ergo     ] GC(57) Adaptive CSet Selection. Target Free: 177M, Actual Free: 849M, Max CSet: 53333K, Min Garbage: 0B
[2026-04-03T02:31:31.508+0600][61.368s][info][gc,ergo     ] GC(57) Collectable Garbage: 753M (98%), Immediate: 569M (74%), CSet: 183M (24%)
[2026-04-03T02:31:31.508+0600][61.368s][info][gc,ergo     ] GC(57) Pacer for Evacuation. Used CSet: 190M, Free: 861M, Non-Taxable: 88198K, Alloc Tax Rate: 1.1x
[2026-04-03T02:31:31.508+0600][61.368s][info][gc          ] GC(57) Pause Final Mark (unload classes) 0.727ms
[2026-04-03T02:31:31.508+0600][61.368s][info][gc,start    ] GC(57) Concurrent thread roots
[2026-04-03T02:31:31.509+0600][61.368s][info][gc,task     ] GC(57) Using 3 of 6 workers for Concurrent thread roots
[2026-04-03T02:31:31.509+0600][61.369s][info][gc          ] GC(57) Concurrent thread roots 0.978ms
[2026-04-03T02:31:31.509+0600][61.369s][info][gc,start    ] GC(57) Concurrent weak references
[2026-04-03T02:31:31.510+0600][61.369s][info][gc,task     ] GC(57) Using 3 of 6 workers for concurrent weak references
[2026-04-03T02:31:31.510+0600][61.370s][info][gc,ref      ] GC(57) Encountered references: Soft: 3792, Weak: 15919, Final: 84, Phantom: 621
[2026-04-03T02:31:31.510+0600][61.370s][info][gc,ref      ] GC(57) Discovered  references: Soft: 0, Weak: 6790, Final: 0, Phantom: 222
[2026-04-03T02:31:31.510+0600][61.370s][info][gc,ref      ] GC(57) Enqueued    references: Soft: 0, Weak: 270, Final: 0, Phantom: 0
[2026-04-03T02:31:31.510+0600][61.370s][info][gc          ] GC(57) Concurrent weak references 0.773ms
[2026-04-03T02:31:31.510+0600][61.370s][info][gc,start    ] GC(57) Concurrent weak roots
[2026-04-03T02:31:31.510+0600][61.370s][info][gc,task     ] GC(57) Using 3 of 6 workers for concurrent weak root
[2026-04-03T02:31:31.514+0600][61.373s][info][gc          ] GC(57) Concurrent weak roots 3.608ms
[2026-04-03T02:31:31.514+0600][61.373s][info][gc,start    ] GC(57) Concurrent cleanup
[2026-04-03T02:31:31.514+0600][61.374s][info][gc          ] GC(57) Concurrent cleanup 892M->323M(1117M) 0.438ms
[2026-04-03T02:31:31.514+0600][61.374s][info][gc,ergo     ] GC(57) Free: 857M, Max: 512K regular, 213M humongous, Frag: 76% external, 0% internal; Reserve: 63693K, Max: 512K
[2026-04-03T02:31:31.514+0600][61.374s][info][gc,start    ] GC(57) Concurrent class unloading
[2026-04-03T02:31:31.514+0600][61.374s][info][gc,task     ] GC(57) Using 3 of 6 workers for concurrent class unloading
[2026-04-03T02:31:31.535+0600][61.394s][info][gc          ] GC(57) Concurrent class unloading 20.443ms
[2026-04-03T02:31:31.535+0600][61.394s][info][gc,start    ] GC(57) Concurrent strong roots
[2026-04-03T02:31:31.535+0600][61.394s][info][gc,task     ] GC(57) Using 3 of 6 workers for concurrent strong root
[2026-04-03T02:31:31.536+0600][61.396s][info][gc          ] GC(57) Concurrent strong roots 1.434ms
[2026-04-03T02:31:31.536+0600][61.396s][info][gc,start    ] GC(57) Concurrent evacuation
[2026-04-03T02:31:31.537+0600][61.396s][info][gc,task     ] GC(57) Using 3 of 6 workers for concurrent evacuation
[2026-04-03T02:31:31.540+0600][61.400s][info][gc          ] GC(57) Concurrent evacuation 3.839ms
[2026-04-03T02:31:31.541+0600][61.400s][info][gc,start    ] GC(57) Pause Init Update Refs
[2026-04-03T02:31:31.541+0600][61.400s][info][gc,ergo     ] GC(57) Pacer for Update Refs. Used: 357M, Free: 827M, Non-Taxable: 84692K, Alloc Tax Rate: 1.1x
[2026-04-03T02:31:31.541+0600][61.400s][info][gc          ] GC(57) Pause Init Update Refs 0.191ms
[2026-04-03T02:31:31.541+0600][61.400s][info][gc,start    ] GC(57) Concurrent update references
[2026-04-03T02:31:31.541+0600][61.400s][info][gc,task     ] GC(57) Using 3 of 6 workers for concurrent reference update
[2026-04-03T02:31:31.587+0600][61.447s][info][gc          ] GC(57) Concurrent update references 46.395ms
[2026-04-03T02:31:31.587+0600][61.447s][info][gc,start    ] GC(57) Concurrent update thread roots
[2026-04-03T02:31:31.589+0600][61.449s][info][gc          ] GC(57) Concurrent update thread roots 1.816ms
[2026-04-03T02:31:31.589+0600][61.449s][info][gc,start    ] GC(57) Pause Final Update Refs
[2026-04-03T02:31:31.590+0600][61.449s][info][gc,task     ] GC(57) Using 6 of 6 workers for final reference update
[2026-04-03T02:31:31.590+0600][61.449s][info][gc          ] GC(57) Pause Final Update Refs 0.175ms
[2026-04-03T02:31:31.590+0600][61.449s][info][gc,start    ] GC(57) Concurrent cleanup
[2026-04-03T02:31:31.590+0600][61.450s][info][gc          ] GC(57) Concurrent cleanup 391M->201M(1117M) 0.580ms
[2026-04-03T02:31:31.590+0600][61.450s][info][gc,ergo     ] Free: 971M, Max: 512K regular, 475M humongous, Frag: 51% external, 0% internal; Reserve: 64000K, Max: 512K
[2026-04-03T02:31:31.591+0600][61.450s][info][gc,stats    ] 
[2026-04-03T02:31:31.591+0600][61.450s][info][gc,stats    ] All times are wall-clock times, except per-root-class counters, that are sum over
[2026-04-03T02:31:31.591+0600][61.450s][info][gc,stats    ] all workers. Dividing the <total> over the root stage time estimates parallelism.
[2026-04-03T02:31:31.591+0600][61.450s][info][gc,stats    ] 
[2026-04-03T02:31:31.591+0600][61.450s][info][gc,stats    ] Concurrent Reset                   1252 us
[2026-04-03T02:31:31.591+0600][61.450s][info][gc,stats    ] Pause Init Mark (G)                 336 us
[2026-04-03T02:31:31.591+0600][61.450s][info][gc,stats    ] Pause Init Mark (N)                 118 us
[2026-04-03T02:31:31.591+0600][61.450s][info][gc,stats    ]   Update Region States               30 us
[2026-04-03T02:31:31.591+0600][61.450s][info][gc,stats    ] Concurrent Mark Roots              1845 us, parallelism: 2.00x
[2026-04-03T02:31:31.591+0600][61.450s][info][gc,stats    ]   CMR: <total>                     3682 us
[2026-04-03T02:31:31.591+0600][61.450s][info][gc,stats    ]   CMR: Thread Roots                3171 us, workers (us): 1229, 809, 1133, ---, ---, ---, 
[2026-04-03T02:31:31.591+0600][61.450s][info][gc,stats    ]   CMR: VM Strong Roots               64 us, workers (us):  37,  27,   1, ---, ---, ---, 
[2026-04-03T02:31:31.591+0600][61.450s][info][gc,stats    ]   CMR: CLDG Roots                   446 us, workers (us): ---, 446, ---, ---, ---, ---, 
[2026-04-03T02:31:31.591+0600][61.450s][info][gc,stats    ] Concurrent Marking                60061 us
[2026-04-03T02:31:31.591+0600][61.450s][info][gc,stats    ] Pause Final Mark (G)                884 us
[2026-04-03T02:31:31.591+0600][61.450s][info][gc,stats    ] Pause Final Mark (N)                738 us
[2026-04-03T02:31:31.591+0600][61.450s][info][gc,stats    ]   Finish Mark                       263 us
[2026-04-03T02:31:31.591+0600][61.450s][info][gc,stats    ]   Update Region States               37 us
[2026-04-03T02:31:31.591+0600][61.450s][info][gc,stats    ]   Choose Collection Set             231 us
[2026-04-03T02:31:31.591+0600][61.450s][info][gc,stats    ]   Rebuild Free Set                   36 us
[2026-04-03T02:31:31.591+0600][61.450s][info][gc,stats    ] Concurrent Thread Roots            1012 us, parallelism: 2.18x
[2026-04-03T02:31:31.591+0600][61.450s][info][gc,stats    ]   CTR: <total>                     2209 us
[2026-04-03T02:31:31.591+0600][61.450s][info][gc,stats    ]   CTR: Thread Roots                2209 us, workers (us): 753, 735, 721, ---, ---, ---, 
[2026-04-03T02:31:31.591+0600][61.450s][info][gc,stats    ] Concurrent Weak References          786 us, parallelism: 0.97x
[2026-04-03T02:31:31.591+0600][61.450s][info][gc,stats    ]   CWRF: <total>                     762 us
[2026-04-03T02:31:31.591+0600][61.450s][info][gc,stats    ]   CWRF: Weak References             762 us, workers (us): 170, 571,  21, ---, ---, ---, 
[2026-04-03T02:31:31.591+0600][61.450s][info][gc,stats    ] Concurrent Weak Roots              3680 us
[2026-04-03T02:31:31.591+0600][61.450s][info][gc,stats    ]   Roots                            3280 us, parallelism: 2.59x
[2026-04-03T02:31:31.591+0600][61.450s][info][gc,stats    ]     CWR: <total>                   8508 us
[2026-04-03T02:31:31.591+0600][61.450s][info][gc,stats    ]     CWR: Code Cache Roots          6623 us, workers (us): 2202, 2291, 2131, ---, ---, ---, 
[2026-04-03T02:31:31.591+0600][61.450s][info][gc,stats    ]     CWR: VM Weak Roots             1765 us, workers (us): 651, 595, 519, ---, ---, ---, 
[2026-04-03T02:31:31.591+0600][61.450s][info][gc,stats    ]     CWR: CLDG Roots                 119 us, workers (us): ---, ---, 119, ---, ---, ---, 
[2026-04-03T02:31:31.591+0600][61.450s][info][gc,stats    ]   Rendezvous                        301 us
[2026-04-03T02:31:31.591+0600][61.450s][info][gc,stats    ] Concurrent Cleanup                  469 us
[2026-04-03T02:31:31.591+0600][61.450s][info][gc,stats    ] Concurrent Class Unloading        20528 us
[2026-04-03T02:31:31.591+0600][61.450s][info][gc,stats    ]   Unlink Stale                    18051 us
[2026-04-03T02:31:31.591+0600][61.450s][info][gc,stats    ]     System Dictionary               247 us
[2026-04-03T02:31:31.591+0600][61.450s][info][gc,stats    ]     Weak Class Links                  0 us
[2026-04-03T02:31:31.591+0600][61.450s][info][gc,stats    ]     Code Roots                    17799 us
[2026-04-03T02:31:31.591+0600][61.450s][info][gc,stats    ]   Rendezvous                        707 us
[2026-04-03T02:31:31.591+0600][61.450s][info][gc,stats    ]   Purge Unlinked                   1650 us
[2026-04-03T02:31:31.591+0600][61.450s][info][gc,stats    ]     Code Roots                     1635 us
[2026-04-03T02:31:31.591+0600][61.450s][info][gc,stats    ]     CLDG                             12 us
[2026-04-03T02:31:31.591+0600][61.450s][info][gc,stats    ]     Exception Caches                  1 us
[2026-04-03T02:31:31.591+0600][61.450s][info][gc,stats    ] Concurrent Strong Roots            1486 us, parallelism: 0.70x
[2026-04-03T02:31:31.591+0600][61.450s][info][gc,stats    ]   CSR: <total>                     1043 us
[2026-04-03T02:31:31.591+0600][61.450s][info][gc,stats    ]   CSR: VM Strong Roots               75 us, workers (us):  30,  24,  22, ---, ---, ---, 
[2026-04-03T02:31:31.591+0600][61.450s][info][gc,stats    ]   CSR: CLDG Roots                   968 us, workers (us): 968, ---, ---, ---, ---, ---, 
[2026-04-03T02:31:31.591+0600][61.450s][info][gc,stats    ] Concurrent Evacuation              3948 us
[2026-04-03T02:31:31.591+0600][61.450s][info][gc,stats    ] Pause Init Update Refs (G)          485 us
[2026-04-03T02:31:31.591+0600][61.450s][info][gc,stats    ] Pause Init Update Refs (N)          202 us
[2026-04-03T02:31:31.591+0600][61.450s][info][gc,stats    ]   Manage GCLABs                      70 us
[2026-04-03T02:31:31.591+0600][61.450s][info][gc,stats    ] Concurrent Update Refs            46492 us
[2026-04-03T02:31:31.591+0600][61.450s][info][gc,stats    ] Concurrent Update Thread Roots     1889 us
[2026-04-03T02:31:31.591+0600][61.450s][info][gc,stats    ] Pause Final Update Refs (G)         496 us
[2026-04-03T02:31:31.591+0600][61.450s][info][gc,stats    ] Pause Final Update Refs (N)         208 us
[2026-04-03T02:31:31.591+0600][61.450s][info][gc,stats    ]   Update Region States               51 us
[2026-04-03T02:31:31.591+0600][61.450s][info][gc,stats    ]   Trash Collection Set               19 us
[2026-04-03T02:31:31.591+0600][61.450s][info][gc,stats    ]   Rebuild Free Set                   43 us
[2026-04-03T02:31:31.591+0600][61.450s][info][gc,stats    ] Concurrent Cleanup                  603 us
[2026-04-03T02:31:31.591+0600][61.450s][info][gc,stats    ] Pacing                           170550 us
[2026-04-03T02:31:31.591+0600][61.450s][info][gc,stats    ] 
[2026-04-03T02:31:31.591+0600][61.450s][info][gc,stats    ] Allocation pacing accrued:
[2026-04-03T02:31:31.591+0600][61.450s][info][gc,stats    ]      22 of   888 ms (  2.4%): Executor task launch worker for task 4.0 in stage 2252.0 (TID 4329)
[2026-04-03T02:31:31.591+0600][61.450s][info][gc,stats    ]      21 of   888 ms (  2.4%): Executor task launch worker for task 3.0 in stage 2252.0 (TID 4328)
[2026-04-03T02:31:31.591+0600][61.450s][info][gc,stats    ]      21 of   888 ms (  2.4%): Executor task launch worker for task 1.0 in stage 2252.0 (TID 4326)
[2026-04-03T02:31:31.591+0600][61.450s][info][gc,stats    ]      21 of   888 ms (  2.4%): Executor task launch worker for task 0.0 in stage 2252.0 (TID 4325)
[2026-04-03T02:31:31.591+0600][61.450s][info][gc,stats    ]      22 of   888 ms (  2.4%): Executor task launch worker for task 6.0 in stage 2252.0 (TID 4331)
[2026-04-03T02:31:31.591+0600][61.450s][info][gc,stats    ]      21 of   888 ms (  2.4%): Executor task launch worker for task 2.0 in stage 2252.0 (TID 4327)
[2026-04-03T02:31:31.591+0600][61.450s][info][gc,stats    ]      21 of   888 ms (  2.4%): Executor task launch worker for task 7.0 in stage 2252.0 (TID 4332)
[2026-04-03T02:31:31.591+0600][61.450s][info][gc,stats    ]      21 of   888 ms (  2.4%): Executor task launch worker for task 5.0 in stage 2252.0 (TID 4330)
[2026-04-03T02:31:31.591+0600][61.450s][info][gc,stats    ]     171 of   888 ms ( 19.2%): <total>
[2026-04-03T02:31:31.591+0600][61.450s][info][gc,stats    ]       1 of   888 ms (  0.1%): <average total>
[2026-04-03T02:31:31.591+0600][61.450s][info][gc,stats    ]      21 of   888 ms (  2.4%): <average non-zero>
[2026-04-03T02:31:31.591+0600][61.450s][info][gc,stats    ] 
[2026-04-03T02:31:31.591+0600][61.450s][info][gc,metaspace] Metaspace: 131267K(132544K)->131267K(132544K) NonClass: 114804K(115392K)->114804K(115392K) Class: 16463K(17152K)->16463K(17152K)
[2026-04-03T02:31:31.591+0600][61.450s][info][gc,ergo     ] Pacer for Idle. Initial: 25600K, Alloc Tax Rate: 1.0x
[2026-04-03T02:31:32.371+0600][62.231s][info][gc          ] Trigger: Average GC time (157.75 ms) is above the time for average allocation rate (1148 MB/s) to deplete free headroom (178M) (margin of error = 1.89)
[2026-04-03T02:31:32.371+0600][62.231s][info][gc,ergo     ] Free headroom: 240M (free) - 64000K (spike) - 0B (penalties) = 178M
[2026-04-03T02:31:32.371+0600][62.231s][info][gc,ergo     ] Free: 240M, Max: 512K regular, 211M humongous, Frag: 12% external, 0% internal; Reserve: 64000K, Max: 512K
[2026-04-03T02:31:32.371+0600][62.231s][info][gc,start    ] GC(58) Concurrent reset
[2026-04-03T02:31:32.371+0600][62.231s][info][gc,task     ] GC(58) Using 3 of 6 workers for concurrent reset
[2026-04-03T02:31:32.371+0600][62.231s][info][gc,ergo     ] GC(58) Pacer for Reset. Non-Taxable: 1250M
[2026-04-03T02:31:32.373+0600][62.232s][info][gc          ] GC(58) Concurrent reset 1.539ms
[2026-04-03T02:31:32.373+0600][62.233s][info][gc,start    ] GC(58) Pause Init Mark (unload classes)
[2026-04-03T02:31:32.373+0600][62.233s][info][gc,task     ] GC(58) Using 6 of 6 workers for init marking
[2026-04-03T02:31:32.373+0600][62.233s][info][gc,ergo     ] GC(58) Pacer for Mark. Expected Live: 94080K, Free: 239M, Non-Taxable: 24504K, Alloc Tax Rate: 0.5x
[2026-04-03T02:31:32.373+0600][62.233s][info][gc          ] GC(58) Pause Init Mark (unload classes) 0.145ms
[2026-04-03T02:31:32.374+0600][62.233s][info][gc,start    ] GC(58) Concurrent marking roots
[2026-04-03T02:31:32.374+0600][62.233s][info][gc,task     ] GC(58) Using 3 of 6 workers for concurrent marking roots
[2026-04-03T02:31:32.375+0600][62.234s][info][gc          ] GC(58) Concurrent marking roots 1.506ms
[2026-04-03T02:31:32.375+0600][62.234s][info][gc,start    ] GC(58) Concurrent marking (unload classes)
[2026-04-03T02:31:32.375+0600][62.234s][info][gc,task     ] GC(58) Using 3 of 6 workers for concurrent marking
[2026-04-03T02:31:32.435+0600][62.294s][info][gc          ] GC(58) Concurrent marking (unload classes) 59.978ms
[2026-04-03T02:31:32.435+0600][62.295s][info][gc,start    ] GC(58) Pause Final Mark (unload classes)
[2026-04-03T02:31:32.435+0600][62.295s][info][gc,task     ] GC(58) Using 6 of 6 workers for final marking
[2026-04-03T02:31:32.436+0600][62.295s][info][gc,ergo     ] GC(58) Adaptive CSet Selection. Target Free: 177M, Actual Free: 832M, Max CSet: 53333K, Min Garbage: 0B
[2026-04-03T02:31:32.436+0600][62.295s][info][gc,ergo     ] GC(58) Collectable Garbage: 770M (98%), Immediate: 571M (73%), CSet: 199M (25%)
[2026-04-03T02:31:32.436+0600][62.295s][info][gc,ergo     ] GC(58) Pacer for Evacuation. Used CSet: 205M, Free: 845M, Non-Taxable: 86559K, Alloc Tax Rate: 1.1x
[2026-04-03T02:31:32.436+0600][62.295s][info][gc          ] GC(58) Pause Final Mark (unload classes) 0.604ms
[2026-04-03T02:31:32.436+0600][62.295s][info][gc,start    ] GC(58) Concurrent thread roots
[2026-04-03T02:31:32.436+0600][62.295s][info][gc,task     ] GC(58) Using 3 of 6 workers for Concurrent thread roots
[2026-04-03T02:31:32.437+0600][62.296s][info][gc          ] GC(58) Concurrent thread roots 1.070ms
[2026-04-03T02:31:32.437+0600][62.296s][info][gc,start    ] GC(58) Concurrent weak references
[2026-04-03T02:31:32.437+0600][62.296s][info][gc,task     ] GC(58) Using 3 of 6 workers for concurrent weak references
[2026-04-03T02:31:32.438+0600][62.297s][info][gc,ref      ] GC(58) Encountered references: Soft: 3790, Weak: 16861, Final: 84, Phantom: 621
[2026-04-03T02:31:32.438+0600][62.297s][info][gc,ref      ] GC(58) Discovered  references: Soft: 0, Weak: 9479, Final: 48, Phantom: 615
[2026-04-03T02:31:32.438+0600][62.297s][info][gc,ref      ] GC(58) Enqueued    references: Soft: 0, Weak: 1625, Final: 0, Phantom: 0
[2026-04-03T02:31:32.438+0600][62.297s][info][gc          ] GC(58) Concurrent weak references 0.733ms
[2026-04-03T02:31:32.438+0600][62.297s][info][gc,start    ] GC(58) Concurrent weak roots
[2026-04-03T02:31:32.438+0600][62.297s][info][gc,task     ] GC(58) Using 3 of 6 workers for concurrent weak root
[2026-04-03T02:31:32.443+0600][62.303s][info][gc          ] GC(58) Concurrent weak roots 5.617ms
[2026-04-03T02:31:32.444+0600][62.303s][info][gc,start    ] GC(58) Concurrent cleanup
[2026-04-03T02:31:32.444+0600][62.304s][info][gc          ] GC(58) Concurrent cleanup 918M->347M(1117M) 0.883ms
[2026-04-03T02:31:32.445+0600][62.304s][info][gc,ergo     ] GC(58) Free: 834M, Max: 512K regular, 188M humongous, Frag: 78% external, 0% internal; Reserve: 63254K, Max: 512K
[2026-04-03T02:31:32.445+0600][62.304s][info][gc,start    ] GC(58) Concurrent class unloading
[2026-04-03T02:31:32.445+0600][62.304s][info][gc,task     ] GC(58) Using 3 of 6 workers for concurrent class unloading
[2026-04-03T02:31:32.465+0600][62.324s][info][gc          ] GC(58) Concurrent class unloading 19.940ms
[2026-04-03T02:31:32.465+0600][62.324s][info][gc,start    ] GC(58) Concurrent strong roots
[2026-04-03T02:31:32.465+0600][62.324s][info][gc,task     ] GC(58) Using 3 of 6 workers for concurrent strong root
[2026-04-03T02:31:32.466+0600][62.325s][info][gc          ] GC(58) Concurrent strong roots 1.001ms
[2026-04-03T02:31:32.466+0600][62.325s][info][gc,start    ] GC(58) Concurrent evacuation
[2026-04-03T02:31:32.466+0600][62.325s][info][gc,task     ] GC(58) Using 3 of 6 workers for concurrent evacuation
[2026-04-03T02:31:32.469+0600][62.328s][info][gc          ] GC(58) Concurrent evacuation 2.869ms
[2026-04-03T02:31:32.469+0600][62.328s][info][gc,start    ] GC(58) Pause Init Update Refs
[2026-04-03T02:31:32.469+0600][62.328s][info][gc,ergo     ] GC(58) Pacer for Update Refs. Used: 372M, Free: 812M, Non-Taxable: 83180K, Alloc Tax Rate: 1.1x
[2026-04-03T02:31:32.469+0600][62.328s][info][gc          ] GC(58) Pause Init Update Refs 0.097ms
[2026-04-03T02:31:32.469+0600][62.328s][info][gc,start    ] GC(58) Concurrent update references
[2026-04-03T02:31:32.469+0600][62.328s][info][gc,task     ] GC(58) Using 3 of 6 workers for concurrent reference update
[2026-04-03T02:31:32.519+0600][62.378s][info][gc          ] GC(58) Concurrent update references 49.631ms
[2026-04-03T02:31:32.519+0600][62.378s][info][gc,start    ] GC(58) Concurrent update thread roots
[2026-04-03T02:31:32.520+0600][62.379s][info][gc          ] GC(58) Concurrent update thread roots 1.165ms
[2026-04-03T02:31:32.520+0600][62.379s][info][gc,start    ] GC(58) Pause Final Update Refs
[2026-04-03T02:31:32.520+0600][62.379s][info][gc,task     ] GC(58) Using 6 of 6 workers for final reference update
[2026-04-03T02:31:32.520+0600][62.380s][info][gc          ] GC(58) Pause Final Update Refs 0.183ms
[2026-04-03T02:31:32.520+0600][62.380s][info][gc,start    ] GC(58) Concurrent cleanup
[2026-04-03T02:31:32.521+0600][62.380s][info][gc          ] GC(58) Concurrent cleanup 406M->200M(1117M) 0.257ms
[2026-04-03T02:31:32.521+0600][62.380s][info][gc,ergo     ] Free: 972M, Max: 512K regular, 447M humongous, Frag: 54% external, 0% internal; Reserve: 64000K, Max: 512K
[2026-04-03T02:31:32.521+0600][62.380s][info][gc,stats    ] 
[2026-04-03T02:31:32.521+0600][62.380s][info][gc,stats    ] All times are wall-clock times, except per-root-class counters, that are sum over
[2026-04-03T02:31:32.521+0600][62.380s][info][gc,stats    ] all workers. Dividing the <total> over the root stage time estimates parallelism.
[2026-04-03T02:31:32.521+0600][62.380s][info][gc,stats    ] 
[2026-04-03T02:31:32.521+0600][62.380s][info][gc,stats    ] Concurrent Reset                   1610 us
[2026-04-03T02:31:32.521+0600][62.380s][info][gc,stats    ] Pause Init Mark (G)                 474 us
[2026-04-03T02:31:32.521+0600][62.380s][info][gc,stats    ] Pause Init Mark (N)                 155 us
[2026-04-03T02:31:32.521+0600][62.380s][info][gc,stats    ]   Update Region States               33 us
[2026-04-03T02:31:32.521+0600][62.380s][info][gc,stats    ] Concurrent Mark Roots              1548 us, parallelism: 2.05x
[2026-04-03T02:31:32.521+0600][62.380s][info][gc,stats    ]   CMR: <total>                     3170 us
[2026-04-03T02:31:32.521+0600][62.380s][info][gc,stats    ]   CMR: Thread Roots                2720 us, workers (us): 1031, 1047, 642, ---, ---, ---, 
[2026-04-03T02:31:32.521+0600][62.380s][info][gc,stats    ]   CMR: VM Strong Roots               69 us, workers (us):  29,  24,  15, ---, ---, ---, 
[2026-04-03T02:31:32.521+0600][62.380s][info][gc,stats    ]   CMR: CLDG Roots                   381 us, workers (us): ---, ---, 381, ---, ---, ---, 
[2026-04-03T02:31:32.521+0600][62.380s][info][gc,stats    ] Concurrent Marking                60046 us
[2026-04-03T02:31:32.521+0600][62.380s][info][gc,stats    ] Pause Final Mark (G)                850 us
[2026-04-03T02:31:32.521+0600][62.380s][info][gc,stats    ] Pause Final Mark (N)                615 us
[2026-04-03T02:31:32.521+0600][62.380s][info][gc,stats    ]   Finish Mark                       217 us
[2026-04-03T02:31:32.521+0600][62.380s][info][gc,stats    ]   Update Region States               30 us
[2026-04-03T02:31:32.521+0600][62.380s][info][gc,stats    ]   Choose Collection Set             219 us
[2026-04-03T02:31:32.521+0600][62.380s][info][gc,stats    ]   Rebuild Free Set                   32 us
[2026-04-03T02:31:32.521+0600][62.380s][info][gc,stats    ] Concurrent Thread Roots            1111 us, parallelism: 2.34x
[2026-04-03T02:31:32.521+0600][62.380s][info][gc,stats    ]   CTR: <total>                     2603 us
[2026-04-03T02:31:32.521+0600][62.380s][info][gc,stats    ]   CTR: Thread Roots                2603 us, workers (us): 934, 860, 809, ---, ---, ---, 
[2026-04-03T02:31:32.521+0600][62.380s][info][gc,stats    ] Concurrent Weak References          747 us, parallelism: 1.21x
[2026-04-03T02:31:32.521+0600][62.380s][info][gc,stats    ]   CWRF: <total>                     901 us
[2026-04-03T02:31:32.521+0600][62.380s][info][gc,stats    ]   CWRF: Weak References             901 us, workers (us): 582, 314,   5, ---, ---, ---, 
[2026-04-03T02:31:32.521+0600][62.380s][info][gc,stats    ] Concurrent Weak Roots              5711 us
[2026-04-03T02:31:32.521+0600][62.380s][info][gc,stats    ]   Roots                            5174 us, parallelism: 2.48x
[2026-04-03T02:31:32.521+0600][62.380s][info][gc,stats    ]     CWR: <total>                  12825 us
[2026-04-03T02:31:32.521+0600][62.380s][info][gc,stats    ]     CWR: Code Cache Roots          9603 us, workers (us): 3319, 2998, 3286, ---, ---, ---, 
[2026-04-03T02:31:32.521+0600][62.380s][info][gc,stats    ]     CWR: VM Weak Roots             3000 us, workers (us): 1523, 1475,   2, ---, ---, ---, 
[2026-04-03T02:31:32.521+0600][62.380s][info][gc,stats    ]     CWR: CLDG Roots                 221 us, workers (us): ---, 221, ---, ---, ---, ---, 
[2026-04-03T02:31:32.521+0600][62.380s][info][gc,stats    ]   Rendezvous                        412 us
[2026-04-03T02:31:32.521+0600][62.380s][info][gc,stats    ] Concurrent Cleanup                  936 us
[2026-04-03T02:31:32.521+0600][62.380s][info][gc,stats    ] Concurrent Class Unloading        20033 us
[2026-04-03T02:31:32.521+0600][62.380s][info][gc,stats    ]   Unlink Stale                    16236 us
[2026-04-03T02:31:32.521+0600][62.380s][info][gc,stats    ]     System Dictionary               277 us
[2026-04-03T02:31:32.521+0600][62.380s][info][gc,stats    ]     Weak Class Links                  0 us
[2026-04-03T02:31:32.521+0600][62.380s][info][gc,stats    ]     Code Roots                    15954 us
[2026-04-03T02:31:32.521+0600][62.380s][info][gc,stats    ]   Rendezvous                        323 us
[2026-04-03T02:31:32.521+0600][62.380s][info][gc,stats    ]   Purge Unlinked                   3344 us
[2026-04-03T02:31:32.521+0600][62.381s][info][gc,stats    ]     Code Roots                     3329 us
[2026-04-03T02:31:32.521+0600][62.381s][info][gc,stats    ]     CLDG                             13 us
[2026-04-03T02:31:32.521+0600][62.381s][info][gc,stats    ]     Exception Caches                  0 us
[2026-04-03T02:31:32.521+0600][62.381s][info][gc,stats    ] Concurrent Strong Roots            1036 us, parallelism: 0.62x
[2026-04-03T02:31:32.521+0600][62.381s][info][gc,stats    ]   CSR: <total>                      647 us
[2026-04-03T02:31:32.521+0600][62.381s][info][gc,stats    ]   CSR: VM Strong Roots               61 us, workers (us):  42,  19,   0, ---, ---, ---, 
[2026-04-03T02:31:32.521+0600][62.381s][info][gc,stats    ]   CSR: CLDG Roots                   586 us, workers (us): ---, 586, ---, ---, ---, ---, 
[2026-04-03T02:31:32.521+0600][62.381s][info][gc,stats    ] Concurrent Evacuation              2936 us
[2026-04-03T02:31:32.521+0600][62.381s][info][gc,stats    ] Pause Init Update Refs (G)          363 us
[2026-04-03T02:31:32.521+0600][62.381s][info][gc,stats    ] Pause Init Update Refs (N)          106 us
[2026-04-03T02:31:32.521+0600][62.381s][info][gc,stats    ]   Manage GCLABs                      37 us
[2026-04-03T02:31:32.521+0600][62.381s][info][gc,stats    ] Concurrent Update Refs            49712 us
[2026-04-03T02:31:32.521+0600][62.381s][info][gc,stats    ] Concurrent Update Thread Roots     1238 us
[2026-04-03T02:31:32.521+0600][62.381s][info][gc,stats    ] Pause Final Update Refs (G)         496 us
[2026-04-03T02:31:32.521+0600][62.381s][info][gc,stats    ] Pause Final Update Refs (N)         234 us
[2026-04-03T02:31:32.521+0600][62.381s][info][gc,stats    ]   Update Region States               43 us
[2026-04-03T02:31:32.521+0600][62.381s][info][gc,stats    ]   Trash Collection Set               17 us
[2026-04-03T02:31:32.521+0600][62.381s][info][gc,stats    ]   Rebuild Free Set                   39 us
[2026-04-03T02:31:32.521+0600][62.381s][info][gc,stats    ] Concurrent Cleanup                  275 us
[2026-04-03T02:31:32.521+0600][62.381s][info][gc,stats    ] Pacing                           182323 us
[2026-04-03T02:31:32.521+0600][62.381s][info][gc,stats    ] 
[2026-04-03T02:31:32.521+0600][62.381s][info][gc,stats    ] Allocation pacing accrued:
[2026-04-03T02:31:32.521+0600][62.381s][info][gc,stats    ]       6 of   930 ms (  0.6%): Spark Context Cleaner
[2026-04-03T02:31:32.521+0600][62.381s][info][gc,stats    ]      19 of   930 ms (  2.0%): Executor task launch worker for task 7.0 in stage 2298.0 (TID 4460)
[2026-04-03T02:31:32.521+0600][62.381s][info][gc,stats    ]      21 of   930 ms (  2.3%): Executor task launch worker for task 1.0 in stage 2298.0 (TID 4454)
[2026-04-03T02:31:32.521+0600][62.381s][info][gc,stats    ]      22 of   930 ms (  2.4%): Executor task launch worker for task 4.0 in stage 2298.0 (TID 4457)
[2026-04-03T02:31:32.521+0600][62.381s][info][gc,stats    ]      22 of   930 ms (  2.4%): Executor task launch worker for task 3.0 in stage 2298.0 (TID 4456)
[2026-04-03T02:31:32.521+0600][62.381s][info][gc,stats    ]      21 of   930 ms (  2.3%): Executor task launch worker for task 6.0 in stage 2298.0 (TID 4459)
[2026-04-03T02:31:32.521+0600][62.381s][info][gc,stats    ]      26 of   930 ms (  2.8%): Executor task launch worker for task 0.0 in stage 2298.0 (TID 4453)
[2026-04-03T02:31:32.521+0600][62.381s][info][gc,stats    ]      23 of   930 ms (  2.4%): Executor task launch worker for task 2.0 in stage 2298.0 (TID 4455)
[2026-04-03T02:31:32.521+0600][62.381s][info][gc,stats    ]      22 of   930 ms (  2.4%): Executor task launch worker for task 5.0 in stage 2298.0 (TID 4458)
[2026-04-03T02:31:32.521+0600][62.381s][info][gc,stats    ]     182 of   930 ms ( 19.6%): <total>
[2026-04-03T02:31:32.521+0600][62.381s][info][gc,stats    ]       1 of   930 ms (  0.1%): <average total>
[2026-04-03T02:31:32.521+0600][62.381s][info][gc,stats    ]      20 of   930 ms (  2.2%): <average non-zero>
[2026-04-03T02:31:32.521+0600][62.381s][info][gc,stats    ] 
[2026-04-03T02:31:32.522+0600][62.381s][info][gc,metaspace] Metaspace: 131292K(132544K)->131293K(132544K) NonClass: 114829K(115392K)->114829K(115392K) Class: 16463K(17152K)->16463K(17152K)
[2026-04-03T02:31:32.522+0600][62.381s][info][gc,ergo     ] Pacer for Idle. Initial: 25600K, Alloc Tax Rate: 1.0x
[2026-04-03T02:31:33.168+0600][63.028s][info][gc          ] Trigger: Average GC time (159.04 ms) is above the time for average allocation rate (1084 MB/s) to deplete free headroom (169M) (margin of error = 1.89)
[2026-04-03T02:31:33.168+0600][63.028s][info][gc,ergo     ] Free headroom: 232M (free) - 64000K (spike) - 0B (penalties) = 169M
[2026-04-03T02:31:33.168+0600][63.028s][info][gc,ergo     ] Free: 232M, Max: 512K regular, 186M humongous, Frag: 20% external, 0% internal; Reserve: 64000K, Max: 512K
[2026-04-03T02:31:33.168+0600][63.028s][info][gc,start    ] GC(59) Concurrent reset
[2026-04-03T02:31:33.168+0600][63.028s][info][gc,task     ] GC(59) Using 3 of 6 workers for concurrent reset
[2026-04-03T02:31:33.168+0600][63.028s][info][gc,ergo     ] GC(59) Pacer for Reset. Non-Taxable: 1250M
[2026-04-03T02:31:33.170+0600][63.029s][info][gc          ] GC(59) Concurrent reset 1.148ms
[2026-04-03T02:31:33.170+0600][63.029s][info][gc,start    ] GC(59) Pause Init Mark (unload classes)
[2026-04-03T02:31:33.170+0600][63.029s][info][gc,task     ] GC(59) Using 6 of 6 workers for init marking
[2026-04-03T02:31:33.170+0600][63.029s][info][gc,ergo     ] GC(59) Pacer for Mark. Expected Live: 94342K, Free: 232M, Non-Taxable: 23775K, Alloc Tax Rate: 0.5x
[2026-04-03T02:31:33.170+0600][63.029s][info][gc          ] GC(59) Pause Init Mark (unload classes) 0.147ms
[2026-04-03T02:31:33.170+0600][63.029s][info][gc,start    ] GC(59) Concurrent marking roots
[2026-04-03T02:31:33.170+0600][63.029s][info][gc,task     ] GC(59) Using 3 of 6 workers for concurrent marking roots
[2026-04-03T02:31:33.171+0600][63.030s][info][gc          ] GC(59) Concurrent marking roots 1.206ms
[2026-04-03T02:31:33.171+0600][63.030s][info][gc,start    ] GC(59) Concurrent marking (unload classes)
[2026-04-03T02:31:33.171+0600][63.030s][info][gc,task     ] GC(59) Using 3 of 6 workers for concurrent marking
[2026-04-03T02:31:33.229+0600][63.089s][info][gc          ] GC(59) Concurrent marking (unload classes) 58.286ms
[2026-04-03T02:31:33.230+0600][63.089s][info][gc,start    ] GC(59) Pause Final Mark (unload classes)
[2026-04-03T02:31:33.230+0600][63.089s][info][gc,task     ] GC(59) Using 6 of 6 workers for final marking
[2026-04-03T02:31:33.230+0600][63.089s][info][gc,ergo     ] GC(59) Adaptive CSet Selection. Target Free: 177M, Actual Free: 855M, Max CSet: 53333K, Min Garbage: 0B
[2026-04-03T02:31:33.230+0600][63.089s][info][gc,ergo     ] GC(59) Collectable Garbage: 778M (98%), Immediate: 600M (76%), CSet: 177M (22%)
[2026-04-03T02:31:33.230+0600][63.089s][info][gc,ergo     ] GC(59) Pacer for Evacuation. Used CSet: 183M, Free: 868M, Non-Taxable: 88914K, Alloc Tax Rate: 1.1x
[2026-04-03T02:31:33.230+0600][63.089s][info][gc          ] GC(59) Pause Final Mark (unload classes) 0.533ms
[2026-04-03T02:31:33.230+0600][63.090s][info][gc,start    ] GC(59) Concurrent thread roots
[2026-04-03T02:31:33.230+0600][63.090s][info][gc,task     ] GC(59) Using 3 of 6 workers for Concurrent thread roots
[2026-04-03T02:31:33.232+0600][63.091s][info][gc          ] GC(59) Concurrent thread roots 1.210ms
[2026-04-03T02:31:33.232+0600][63.091s][info][gc,start    ] GC(59) Concurrent weak references
[2026-04-03T02:31:33.232+0600][63.091s][info][gc,task     ] GC(59) Using 3 of 6 workers for concurrent weak references
[2026-04-03T02:31:33.232+0600][63.092s][info][gc,ref      ] GC(59) Encountered references: Soft: 3784, Weak: 16694, Final: 84, Phantom: 621
[2026-04-03T02:31:33.232+0600][63.092s][info][gc,ref      ] GC(59) Discovered  references: Soft: 0, Weak: 10331, Final: 52, Phantom: 616
[2026-04-03T02:31:33.232+0600][63.092s][info][gc,ref      ] GC(59) Enqueued    references: Soft: 0, Weak: 1745, Final: 0, Phantom: 0
[2026-04-03T02:31:33.232+0600][63.092s][info][gc          ] GC(59) Concurrent weak references 0.834ms
[2026-04-03T02:31:33.232+0600][63.092s][info][gc,start    ] GC(59) Concurrent weak roots
[2026-04-03T02:31:33.232+0600][63.092s][info][gc,task     ] GC(59) Using 3 of 6 workers for concurrent weak root
[2026-04-03T02:31:33.238+0600][63.098s][info][gc          ] GC(59) Concurrent weak roots 5.818ms
[2026-04-03T02:31:33.260+0600][63.119s][info][gc,start    ] GC(59) Concurrent cleanup
[2026-04-03T02:31:33.261+0600][63.120s][info][gc          ] GC(59) Concurrent cleanup 949M->349M(1117M) 0.838ms
[2026-04-03T02:31:33.261+0600][63.120s][info][gc,ergo     ] GC(59) Free: 836M, Max: 512K regular, 161M humongous, Frag: 81% external, 0% internal; Reserve: 62490K, Max: 512K
[2026-04-03T02:31:33.261+0600][63.120s][info][gc,start    ] GC(59) Concurrent class unloading
[2026-04-03T02:31:33.261+0600][63.120s][info][gc,task     ] GC(59) Using 3 of 6 workers for concurrent class unloading
[2026-04-03T02:31:33.282+0600][63.141s][info][gc          ] GC(59) Concurrent class unloading 20.868ms
[2026-04-03T02:31:33.282+0600][63.141s][info][gc,start    ] GC(59) Concurrent strong roots
[2026-04-03T02:31:33.282+0600][63.141s][info][gc,task     ] GC(59) Using 3 of 6 workers for concurrent strong root
[2026-04-03T02:31:33.283+0600][63.142s][info][gc          ] GC(59) Concurrent strong roots 1.229ms
[2026-04-03T02:31:33.283+0600][63.142s][info][gc,start    ] GC(59) Concurrent evacuation
[2026-04-03T02:31:33.283+0600][63.143s][info][gc,task     ] GC(59) Using 3 of 6 workers for concurrent evacuation
[2026-04-03T02:31:33.286+0600][63.146s][info][gc          ] GC(59) Concurrent evacuation 3.160ms
[2026-04-03T02:31:33.287+0600][63.146s][info][gc,start    ] GC(59) Pause Init Update Refs
[2026-04-03T02:31:33.287+0600][63.146s][info][gc,ergo     ] GC(59) Pacer for Update Refs. Used: 386M, Free: 801M, Non-Taxable: 82053K, Alloc Tax Rate: 1.1x
[2026-04-03T02:31:33.287+0600][63.146s][info][gc          ] GC(59) Pause Init Update Refs 0.183ms
[2026-04-03T02:31:33.287+0600][63.146s][info][gc,start    ] GC(59) Concurrent update references
[2026-04-03T02:31:33.287+0600][63.146s][info][gc,task     ] GC(59) Using 3 of 6 workers for concurrent reference update
[2026-04-03T02:31:33.327+0600][63.186s][info][gc          ] GC(59) Concurrent update references 40.108ms
[2026-04-03T02:31:33.327+0600][63.186s][info][gc,start    ] GC(59) Concurrent update thread roots
[2026-04-03T02:31:33.328+0600][63.187s][info][gc          ] GC(59) Concurrent update thread roots 1.055ms
[2026-04-03T02:31:33.328+0600][63.188s][info][gc,start    ] GC(59) Pause Final Update Refs
[2026-04-03T02:31:33.328+0600][63.188s][info][gc,task     ] GC(59) Using 6 of 6 workers for final reference update
[2026-04-03T02:31:33.328+0600][63.188s][info][gc          ] GC(59) Pause Final Update Refs 0.136ms
[2026-04-03T02:31:33.329+0600][63.188s][info][gc,start    ] GC(59) Concurrent cleanup
[2026-04-03T02:31:33.329+0600][63.188s][info][gc          ] GC(59) Concurrent cleanup 399M->216M(1117M) 0.454ms
[2026-04-03T02:31:33.329+0600][63.188s][info][gc,ergo     ] Free: 964M, Max: 512K regular, 443M humongous, Frag: 54% external, 0% internal; Reserve: 64000K, Max: 512K
[2026-04-03T02:31:33.329+0600][63.188s][info][gc,stats    ] 
[2026-04-03T02:31:33.329+0600][63.188s][info][gc,stats    ] All times are wall-clock times, except per-root-class counters, that are sum over
[2026-04-03T02:31:33.329+0600][63.188s][info][gc,stats    ] all workers. Dividing the <total> over the root stage time estimates parallelism.
[2026-04-03T02:31:33.329+0600][63.188s][info][gc,stats    ] 
[2026-04-03T02:31:33.329+0600][63.188s][info][gc,stats    ] Concurrent Reset                   1205 us
[2026-04-03T02:31:33.329+0600][63.188s][info][gc,stats    ] Pause Init Mark (G)                 339 us
[2026-04-03T02:31:33.329+0600][63.188s][info][gc,stats    ] Pause Init Mark (N)                 155 us
[2026-04-03T02:31:33.329+0600][63.188s][info][gc,stats    ]   Update Region States               29 us
[2026-04-03T02:31:33.329+0600][63.188s][info][gc,stats    ] Concurrent Mark Roots              1247 us, parallelism: 1.82x
[2026-04-03T02:31:33.329+0600][63.188s][info][gc,stats    ]   CMR: <total>                     2275 us
[2026-04-03T02:31:33.329+0600][63.188s][info][gc,stats    ]   CMR: Thread Roots                1891 us, workers (us): 742, 415, 734, ---, ---, ---, 
[2026-04-03T02:31:33.329+0600][63.188s][info][gc,stats    ]   CMR: VM Strong Roots               45 us, workers (us):  28,  16,   1, ---, ---, ---, 
[2026-04-03T02:31:33.329+0600][63.188s][info][gc,stats    ]   CMR: CLDG Roots                   339 us, workers (us): ---, 339, ---, ---, ---, ---, 
[2026-04-03T02:31:33.329+0600][63.188s][info][gc,stats    ] Concurrent Marking                58364 us
[2026-04-03T02:31:33.329+0600][63.189s][info][gc,stats    ] Pause Final Mark (G)                780 us
[2026-04-03T02:31:33.329+0600][63.189s][info][gc,stats    ] Pause Final Mark (N)                543 us
[2026-04-03T02:31:33.329+0600][63.189s][info][gc,stats    ]   Finish Mark                       157 us
[2026-04-03T02:31:33.329+0600][63.189s][info][gc,stats    ]   Update Region States               29 us
[2026-04-03T02:31:33.329+0600][63.189s][info][gc,stats    ]   Choose Collection Set             170 us
[2026-04-03T02:31:33.329+0600][63.189s][info][gc,stats    ]   Rebuild Free Set                   30 us
[2026-04-03T02:31:33.329+0600][63.189s][info][gc,stats    ] Concurrent Thread Roots            1249 us, parallelism: 2.50x
[2026-04-03T02:31:33.329+0600][63.189s][info][gc,stats    ]   CTR: <total>                     3121 us
[2026-04-03T02:31:33.329+0600][63.189s][info][gc,stats    ]   CTR: Thread Roots                3121 us, workers (us): 1047, 1063, 1012, ---, ---, ---, 
[2026-04-03T02:31:33.329+0600][63.189s][info][gc,stats    ] Concurrent Weak References          849 us, parallelism: 1.37x
[2026-04-03T02:31:33.329+0600][63.189s][info][gc,stats    ]   CWRF: <total>                    1163 us
[2026-04-03T02:31:33.329+0600][63.189s][info][gc,stats    ]   CWRF: Weak References            1163 us, workers (us):  91, 666, 406, ---, ---, ---, 
[2026-04-03T02:31:33.329+0600][63.189s][info][gc,stats    ] Concurrent Weak Roots             27564 us
[2026-04-03T02:31:33.329+0600][63.189s][info][gc,stats    ]   Roots                            5473 us, parallelism: 2.71x
[2026-04-03T02:31:33.329+0600][63.189s][info][gc,stats    ]     CWR: <total>                  14855 us
[2026-04-03T02:31:33.329+0600][63.189s][info][gc,stats    ]     CWR: Code Cache Roots         10181 us, workers (us): 3108, 3379, 3694, ---, ---, ---, 
[2026-04-03T02:31:33.329+0600][63.189s][info][gc,stats    ]     CWR: VM Weak Roots             4467 us, workers (us): 2077, 1343, 1048, ---, ---, ---, 
[2026-04-03T02:31:33.329+0600][63.189s][info][gc,stats    ]     CWR: CLDG Roots                 207 us, workers (us): ---, 207, ---, ---, ---, ---, 
[2026-04-03T02:31:33.329+0600][63.189s][info][gc,stats    ]   Rendezvous                        314 us
[2026-04-03T02:31:33.329+0600][63.189s][info][gc,stats    ] Concurrent Cleanup                  886 us
[2026-04-03T02:31:33.329+0600][63.189s][info][gc,stats    ] Concurrent Class Unloading        20955 us
[2026-04-03T02:31:33.329+0600][63.189s][info][gc,stats    ]   Unlink Stale                    18400 us
[2026-04-03T02:31:33.329+0600][63.189s][info][gc,stats    ]     System Dictionary               288 us
[2026-04-03T02:31:33.329+0600][63.189s][info][gc,stats    ]     Weak Class Links                  1 us
[2026-04-03T02:31:33.329+0600][63.189s][info][gc,stats    ]     Code Roots                    18108 us
[2026-04-03T02:31:33.329+0600][63.189s][info][gc,stats    ]   Rendezvous                        453 us
[2026-04-03T02:31:33.329+0600][63.189s][info][gc,stats    ]   Purge Unlinked                   1962 us
[2026-04-03T02:31:33.329+0600][63.189s][info][gc,stats    ]     Code Roots                     1944 us
[2026-04-03T02:31:33.329+0600][63.189s][info][gc,stats    ]     CLDG                             16 us
[2026-04-03T02:31:33.329+0600][63.189s][info][gc,stats    ]     Exception Caches                  0 us
[2026-04-03T02:31:33.329+0600][63.189s][info][gc,stats    ] Concurrent Strong Roots            1306 us, parallelism: 0.57x
[2026-04-03T02:31:33.329+0600][63.189s][info][gc,stats    ]   CSR: <total>                      739 us
[2026-04-03T02:31:33.329+0600][63.189s][info][gc,stats    ]   CSR: VM Strong Roots               49 us, workers (us):  46,   2,   2, ---, ---, ---, 
[2026-04-03T02:31:33.329+0600][63.189s][info][gc,stats    ]   CSR: CLDG Roots                   690 us, workers (us): 690, ---, ---, ---, ---, ---, 
[2026-04-03T02:31:33.329+0600][63.189s][info][gc,stats    ] Concurrent Evacuation              3234 us
[2026-04-03T02:31:33.329+0600][63.189s][info][gc,stats    ] Pause Init Update Refs (G)          441 us
[2026-04-03T02:31:33.329+0600][63.189s][info][gc,stats    ] Pause Init Update Refs (N)          196 us
[2026-04-03T02:31:33.329+0600][63.189s][info][gc,stats    ]   Manage GCLABs                      70 us
[2026-04-03T02:31:33.329+0600][63.189s][info][gc,stats    ] Concurrent Update Refs            40165 us
[2026-04-03T02:31:33.329+0600][63.189s][info][gc,stats    ] Concurrent Update Thread Roots     1099 us
[2026-04-03T02:31:33.329+0600][63.189s][info][gc,stats    ] Pause Final Update Refs (G)         425 us
[2026-04-03T02:31:33.329+0600][63.189s][info][gc,stats    ] Pause Final Update Refs (N)         154 us
[2026-04-03T02:31:33.329+0600][63.189s][info][gc,stats    ]   Update Region States               35 us
[2026-04-03T02:31:33.329+0600][63.189s][info][gc,stats    ]   Trash Collection Set               14 us
[2026-04-03T02:31:33.329+0600][63.189s][info][gc,stats    ]   Rebuild Free Set                   31 us
[2026-04-03T02:31:33.329+0600][63.189s][info][gc,stats    ] Concurrent Cleanup                  472 us
[2026-04-03T02:31:33.329+0600][63.189s][info][gc,stats    ] Pacing                           172056 us
[2026-04-03T02:31:33.329+0600][63.189s][info][gc,stats    ] 
[2026-04-03T02:31:33.329+0600][63.189s][info][gc,stats    ] Allocation pacing accrued:
[2026-04-03T02:31:33.329+0600][63.189s][info][gc,stats    ]      23 of   808 ms (  2.8%): Executor task launch worker for task 4.0 in stage 2411.0 (TID 4569)
[2026-04-03T02:31:33.329+0600][63.189s][info][gc,stats    ]      21 of   808 ms (  2.5%): Executor task launch worker for task 6.0 in stage 2411.0 (TID 4571)
[2026-04-03T02:31:33.329+0600][63.189s][info][gc,stats    ]      21 of   808 ms (  2.7%): Executor task launch worker for task 7.0 in stage 2411.0 (TID 4572)
[2026-04-03T02:31:33.329+0600][63.189s][info][gc,stats    ]      21 of   808 ms (  2.6%): Executor task launch worker for task 5.0 in stage 2411.0 (TID 4570)
[2026-04-03T02:31:33.329+0600][63.189s][info][gc,stats    ]      21 of   808 ms (  2.7%): Executor task launch worker for task 2.0 in stage 2411.0 (TID 4567)
[2026-04-03T02:31:33.329+0600][63.189s][info][gc,stats    ]      21 of   808 ms (  2.6%): Executor task launch worker for task 0.0 in stage 2414.0 (TID 4573)
[2026-04-03T02:31:33.329+0600][63.189s][info][gc,stats    ]      22 of   808 ms (  2.7%): Executor task launch worker for task 1.0 in stage 2411.0 (TID 4566)
[2026-04-03T02:31:33.329+0600][63.189s][info][gc,stats    ]      22 of   808 ms (  2.7%): Executor task launch worker for task 3.0 in stage 2411.0 (TID 4568)
[2026-04-03T02:31:33.330+0600][63.189s][info][gc,stats    ]     172 of   808 ms ( 21.3%): <total>
[2026-04-03T02:31:33.330+0600][63.189s][info][gc,stats    ]       1 of   808 ms (  0.1%): <average total>
[2026-04-03T02:31:33.330+0600][63.189s][info][gc,stats    ]      22 of   808 ms (  2.7%): <average non-zero>
[2026-04-03T02:31:33.330+0600][63.189s][info][gc,stats    ] 
[2026-04-03T02:31:33.330+0600][63.189s][info][gc,metaspace] Metaspace: 131293K(132544K)->131293K(132544K) NonClass: 114830K(115392K)->114830K(115392K) Class: 16463K(17152K)->16463K(17152K)
[2026-04-03T02:31:33.330+0600][63.189s][info][gc,ergo     ] Pacer for Idle. Initial: 25600K, Alloc Tax Rate: 1.0x
[2026-04-03T02:31:33.431+0600][63.291s][info][gc          ] Trigger: Average GC time (170.44 ms) is above the time for instantaneous allocation rate (3925 MB/s) to deplete free headroom (507M) (spike threshold = 1.81)
[2026-04-03T02:31:33.431+0600][63.291s][info][gc,ergo     ] Free: 569M, Max: 512K regular, 351M humongous, Frag: 39% external, 0% internal; Reserve: 64000K, Max: 512K
[2026-04-03T02:31:33.431+0600][63.291s][info][gc,start    ] GC(60) Concurrent reset
[2026-04-03T02:31:33.431+0600][63.291s][info][gc,task     ] GC(60) Using 3 of 6 workers for concurrent reset
[2026-04-03T02:31:33.431+0600][63.291s][info][gc,ergo     ] GC(60) Pacer for Reset. Non-Taxable: 1250M
[2026-04-03T02:31:33.433+0600][63.292s][info][gc          ] GC(60) Concurrent reset 1.426ms
[2026-04-03T02:31:33.433+0600][63.292s][info][gc,start    ] GC(60) Pause Init Mark (unload classes)
[2026-04-03T02:31:33.433+0600][63.292s][info][gc,task     ] GC(60) Using 6 of 6 workers for init marking
[2026-04-03T02:31:33.433+0600][63.292s][info][gc,ergo     ] GC(60) Pacer for Mark. Expected Live: 94358K, Free: 567M, Non-Taxable: 58100K, Alloc Tax Rate: 0.2x
[2026-04-03T02:31:33.433+0600][63.293s][info][gc          ] GC(60) Pause Init Mark (unload classes) 0.122ms
[2026-04-03T02:31:33.433+0600][63.293s][info][gc,start    ] GC(60) Concurrent marking roots
[2026-04-03T02:31:33.433+0600][63.293s][info][gc,task     ] GC(60) Using 3 of 6 workers for concurrent marking roots
[2026-04-03T02:31:33.435+0600][63.295s][info][gc          ] GC(60) Concurrent marking roots 2.054ms
[2026-04-03T02:31:33.435+0600][63.295s][info][gc,start    ] GC(60) Concurrent marking (unload classes)
[2026-04-03T02:31:33.435+0600][63.295s][info][gc,task     ] GC(60) Using 3 of 6 workers for concurrent marking
[2026-04-03T02:31:33.494+0600][63.353s][info][gc          ] GC(60) Concurrent marking (unload classes) 58.203ms
[2026-04-03T02:31:33.494+0600][63.353s][info][gc,start    ] GC(60) Pause Final Mark (unload classes)
[2026-04-03T02:31:33.494+0600][63.353s][info][gc,task     ] GC(60) Using 6 of 6 workers for final marking
[2026-04-03T02:31:33.495+0600][63.354s][info][gc,ergo     ] GC(60) Adaptive CSet Selection. Target Free: 177M, Actual Free: 952M, Max CSet: 53333K, Min Garbage: 0B
[2026-04-03T02:31:33.495+0600][63.354s][info][gc,ergo     ] GC(60) Collectable Garbage: 471M (98%), Immediate: 405M (84%), CSet: 67051K (13%)
[2026-04-03T02:31:33.495+0600][63.354s][info][gc,ergo     ] GC(60) Pacer for Evacuation. Used CSet: 73132K, Free: 936M, Non-Taxable: 95862K, Alloc Tax Rate: 1.1x
[2026-04-03T02:31:33.495+0600][63.354s][info][gc          ] GC(60) Pause Final Mark (unload classes) 0.830ms
[2026-04-03T02:31:33.495+0600][63.354s][info][gc,start    ] GC(60) Concurrent thread roots
[2026-04-03T02:31:33.495+0600][63.354s][info][gc,task     ] GC(60) Using 3 of 6 workers for Concurrent thread roots
[2026-04-03T02:31:33.496+0600][63.356s][info][gc          ] GC(60) Concurrent thread roots 1.368ms
[2026-04-03T02:31:33.496+0600][63.356s][info][gc,start    ] GC(60) Concurrent weak references
[2026-04-03T02:31:33.496+0600][63.356s][info][gc,task     ] GC(60) Using 3 of 6 workers for concurrent weak references
[2026-04-03T02:31:33.497+0600][63.356s][info][gc,ref      ] GC(60) Encountered references: Soft: 3792, Weak: 15345, Final: 84, Phantom: 621
[2026-04-03T02:31:33.497+0600][63.356s][info][gc,ref      ] GC(60) Discovered  references: Soft: 0, Weak: 4107, Final: 0, Phantom: 616
[2026-04-03T02:31:33.497+0600][63.356s][info][gc,ref      ] GC(60) Enqueued    references: Soft: 0, Weak: 573, Final: 0, Phantom: 0
[2026-04-03T02:31:33.497+0600][63.357s][info][gc          ] GC(60) Concurrent weak references 0.860ms
[2026-04-03T02:31:33.497+0600][63.357s][info][gc,start    ] GC(60) Concurrent weak roots
[2026-04-03T02:31:33.497+0600][63.357s][info][gc,task     ] GC(60) Using 3 of 6 workers for concurrent weak root
[2026-04-03T02:31:33.505+0600][63.364s][info][gc          ] GC(60) Concurrent weak roots 7.395ms
[2026-04-03T02:31:33.505+0600][63.364s][info][gc,start    ] GC(60) Concurrent cleanup
[2026-04-03T02:31:33.505+0600][63.365s][info][gc          ] GC(60) Concurrent cleanup 733M->327M(1117M) 0.640ms
[2026-04-03T02:31:33.505+0600][63.365s][info][gc,ergo     ] GC(60) Free: 839M, Max: 512K regular, 170M humongous, Frag: 80% external, 0% internal; Reserve: 63278K, Max: 512K
[2026-04-03T02:31:33.505+0600][63.365s][info][gc,start    ] GC(60) Concurrent class unloading
[2026-04-03T02:31:33.505+0600][63.365s][info][gc,task     ] GC(60) Using 3 of 6 workers for concurrent class unloading
[2026-04-03T02:31:33.520+0600][63.380s][info][gc          ] GC(60) Concurrent class unloading 14.919ms
[2026-04-03T02:31:33.520+0600][63.380s][info][gc,start    ] GC(60) Concurrent strong roots
[2026-04-03T02:31:33.520+0600][63.380s][info][gc,task     ] GC(60) Using 3 of 6 workers for concurrent strong root
[2026-04-03T02:31:33.521+0600][63.381s][info][gc          ] GC(60) Concurrent strong roots 0.995ms
[2026-04-03T02:31:33.521+0600][63.381s][info][gc,start    ] GC(60) Concurrent evacuation
[2026-04-03T02:31:33.521+0600][63.381s][info][gc,task     ] GC(60) Using 3 of 6 workers for concurrent evacuation
[2026-04-03T02:31:33.523+0600][63.383s][info][gc          ] GC(60) Concurrent evacuation 1.779ms
[2026-04-03T02:31:33.523+0600][63.383s][info][gc,start    ] GC(60) Pause Init Update Refs
[2026-04-03T02:31:33.524+0600][63.383s][info][gc,ergo     ] GC(60) Pacer for Update Refs. Used: 346M, Free: 825M, Non-Taxable: 84547K, Alloc Tax Rate: 1.1x
[2026-04-03T02:31:33.524+0600][63.383s][info][gc          ] GC(60) Pause Init Update Refs 0.114ms
[2026-04-03T02:31:33.524+0600][63.383s][info][gc,start    ] GC(60) Concurrent update references
[2026-04-03T02:31:33.524+0600][63.383s][info][gc,task     ] GC(60) Using 3 of 6 workers for concurrent reference update
[2026-04-03T02:31:33.571+0600][63.431s][info][gc          ] GC(60) Concurrent update references 47.622ms
[2026-04-03T02:31:33.571+0600][63.431s][info][gc,start    ] GC(60) Concurrent update thread roots
[2026-04-03T02:31:33.573+0600][63.433s][info][gc          ] GC(60) Concurrent update thread roots 1.871ms
[2026-04-03T02:31:33.574+0600][63.433s][info][gc,start    ] GC(60) Pause Final Update Refs
[2026-04-03T02:31:33.574+0600][63.433s][info][gc,task     ] GC(60) Using 6 of 6 workers for final reference update
[2026-04-03T02:31:33.574+0600][63.433s][info][gc          ] GC(60) Pause Final Update Refs 0.233ms
[2026-04-03T02:31:33.574+0600][63.433s][info][gc,start    ] GC(60) Concurrent cleanup
[2026-04-03T02:31:33.574+0600][63.434s][info][gc          ] GC(60) Concurrent cleanup 502M->430M(1117M) 0.539ms
[2026-04-03T02:31:33.575+0600][63.434s][info][gc,ergo     ] Free: 715M, Max: 512K regular, 454M humongous, Frag: 37% external, 0% internal; Reserve: 64000K, Max: 512K
[2026-04-03T02:31:33.575+0600][63.434s][info][gc,stats    ] 
[2026-04-03T02:31:33.575+0600][63.434s][info][gc,stats    ] All times are wall-clock times, except per-root-class counters, that are sum over
[2026-04-03T02:31:33.575+0600][63.434s][info][gc,stats    ] all workers. Dividing the <total> over the root stage time estimates parallelism.
[2026-04-03T02:31:33.575+0600][63.434s][info][gc,stats    ] 
[2026-04-03T02:31:33.575+0600][63.434s][info][gc,stats    ] Concurrent Reset                   1488 us
[2026-04-03T02:31:33.575+0600][63.434s][info][gc,stats    ] Pause Init Mark (G)                 405 us
[2026-04-03T02:31:33.575+0600][63.434s][info][gc,stats    ] Pause Init Mark (N)                 135 us
[2026-04-03T02:31:33.575+0600][63.434s][info][gc,stats    ]   Update Region States               31 us
[2026-04-03T02:31:33.575+0600][63.434s][info][gc,stats    ] Concurrent Mark Roots              2114 us, parallelism: 1.50x
[2026-04-03T02:31:33.575+0600][63.434s][info][gc,stats    ]   CMR: <total>                     3164 us
[2026-04-03T02:31:33.575+0600][63.434s][info][gc,stats    ]   CMR: Thread Roots                2735 us, workers (us): 1200, 1534,   0, ---, ---, ---, 
[2026-04-03T02:31:33.575+0600][63.434s][info][gc,stats    ]   CMR: VM Strong Roots               73 us, workers (us):  71,   1,   0, ---, ---, ---, 
[2026-04-03T02:31:33.575+0600][63.434s][info][gc,stats    ]   CMR: CLDG Roots                   357 us, workers (us): 357, ---, ---, ---, ---, ---, 
[2026-04-03T02:31:33.575+0600][63.434s][info][gc,stats    ] Concurrent Marking                58324 us
[2026-04-03T02:31:33.575+0600][63.434s][info][gc,stats    ] Pause Final Mark (G)               1188 us
[2026-04-03T02:31:33.575+0600][63.434s][info][gc,stats    ] Pause Final Mark (N)                847 us
[2026-04-03T02:31:33.575+0600][63.434s][info][gc,stats    ]   Finish Mark                       345 us
[2026-04-03T02:31:33.575+0600][63.434s][info][gc,stats    ]   Update Region States               51 us
[2026-04-03T02:31:33.575+0600][63.434s][info][gc,stats    ]   Choose Collection Set             215 us
[2026-04-03T02:31:33.575+0600][63.434s][info][gc,stats    ]   Rebuild Free Set                   31 us
[2026-04-03T02:31:33.575+0600][63.434s][info][gc,stats    ] Concurrent Thread Roots            1433 us, parallelism: 2.31x
[2026-04-03T02:31:33.575+0600][63.434s][info][gc,stats    ]   CTR: <total>                     3306 us
[2026-04-03T02:31:33.575+0600][63.434s][info][gc,stats    ]   CTR: Thread Roots                3306 us, workers (us): 1151, 1090, 1065, ---, ---, ---, 
[2026-04-03T02:31:33.575+0600][63.434s][info][gc,stats    ] Concurrent Weak References          877 us, parallelism: 0.82x
[2026-04-03T02:31:33.575+0600][63.434s][info][gc,stats    ]   CWRF: <total>                     721 us
[2026-04-03T02:31:33.575+0600][63.434s][info][gc,stats    ]   CWRF: Weak References             721 us, workers (us): 190, 461,  71, ---, ---, ---, 
[2026-04-03T02:31:33.575+0600][63.434s][info][gc,stats    ] Concurrent Weak Roots              7505 us
[2026-04-03T02:31:33.575+0600][63.434s][info][gc,stats    ]   Roots                            6861 us, parallelism: 2.74x
[2026-04-03T02:31:33.575+0600][63.434s][info][gc,stats    ]     CWR: <total>                  18832 us
[2026-04-03T02:31:33.575+0600][63.434s][info][gc,stats    ]     CWR: Code Cache Roots         15059 us, workers (us): 5268, 5020, 4771, ---, ---, ---, 
[2026-04-03T02:31:33.575+0600][63.434s][info][gc,stats    ]     CWR: VM Weak Roots             3519 us, workers (us): 1212, 1154, 1152, ---, ---, ---, 
[2026-04-03T02:31:33.575+0600][63.434s][info][gc,stats    ]     CWR: CLDG Roots                 255 us, workers (us): ---, ---, 255, ---, ---, ---, 
[2026-04-03T02:31:33.575+0600][63.434s][info][gc,stats    ]   Rendezvous                        493 us
[2026-04-03T02:31:33.575+0600][63.434s][info][gc,stats    ] Concurrent Cleanup                  658 us
[2026-04-03T02:31:33.575+0600][63.434s][info][gc,stats    ] Concurrent Class Unloading        14996 us
[2026-04-03T02:31:33.575+0600][63.434s][info][gc,stats    ]   Unlink Stale                    13839 us
[2026-04-03T02:31:33.575+0600][63.434s][info][gc,stats    ]     System Dictionary               328 us
[2026-04-03T02:31:33.575+0600][63.435s][info][gc,stats    ]     Weak Class Links                  1 us
[2026-04-03T02:31:33.575+0600][63.435s][info][gc,stats    ]     Code Roots                    13507 us
[2026-04-03T02:31:33.575+0600][63.435s][info][gc,stats    ]   Rendezvous                        455 us
[2026-04-03T02:31:33.575+0600][63.435s][info][gc,stats    ]   Purge Unlinked                    597 us
[2026-04-03T02:31:33.575+0600][63.435s][info][gc,stats    ]     Code Roots                      589 us
[2026-04-03T02:31:33.575+0600][63.435s][info][gc,stats    ]     CLDG                              7 us
[2026-04-03T02:31:33.575+0600][63.435s][info][gc,stats    ]     Exception Caches                  0 us
[2026-04-03T02:31:33.575+0600][63.435s][info][gc,stats    ] Concurrent Strong Roots            1048 us, parallelism: 0.61x
[2026-04-03T02:31:33.575+0600][63.435s][info][gc,stats    ]   CSR: <total>                      638 us
[2026-04-03T02:31:33.575+0600][63.435s][info][gc,stats    ]   CSR: VM Strong Roots               63 us, workers (us):  33,  30,   0, ---, ---, ---, 
[2026-04-03T02:31:33.575+0600][63.435s][info][gc,stats    ]   CSR: CLDG Roots                   574 us, workers (us): ---, 574, ---, ---, ---, ---, 
[2026-04-03T02:31:33.575+0600][63.435s][info][gc,stats    ] Concurrent Evacuation              1828 us
[2026-04-03T02:31:33.575+0600][63.435s][info][gc,stats    ] Pause Init Update Refs (G)          337 us
[2026-04-03T02:31:33.575+0600][63.435s][info][gc,stats    ] Pause Init Update Refs (N)          128 us
[2026-04-03T02:31:33.575+0600][63.435s][info][gc,stats    ]   Manage GCLABs                      33 us
[2026-04-03T02:31:33.575+0600][63.435s][info][gc,stats    ] Concurrent Update Refs            47748 us
[2026-04-03T02:31:33.575+0600][63.435s][info][gc,stats    ] Concurrent Update Thread Roots     1955 us
[2026-04-03T02:31:33.575+0600][63.435s][info][gc,stats    ] Pause Final Update Refs (G)         593 us
[2026-04-03T02:31:33.575+0600][63.435s][info][gc,stats    ] Pause Final Update Refs (N)         290 us
[2026-04-03T02:31:33.575+0600][63.435s][info][gc,stats    ]   Update Region States               82 us
[2026-04-03T02:31:33.575+0600][63.435s][info][gc,stats    ]   Trash Collection Set               15 us
[2026-04-03T02:31:33.575+0600][63.435s][info][gc,stats    ]   Rebuild Free Set                   43 us
[2026-04-03T02:31:33.575+0600][63.435s][info][gc,stats    ] Concurrent Cleanup                  579 us
[2026-04-03T02:31:33.575+0600][63.435s][info][gc,stats    ] Pacing                           192351 us
[2026-04-03T02:31:33.576+0600][63.435s][info][gc,stats    ] 
[2026-04-03T02:31:33.576+0600][63.435s][info][gc,stats    ] Allocation pacing accrued:
[2026-04-03T02:31:33.576+0600][63.435s][info][gc,stats    ]      21 of   246 ms (  8.6%): dispatcher-BlockManagerMaster
[2026-04-03T02:31:33.576+0600][63.435s][info][gc,stats    ]      11 of   246 ms (  4.6%): Spark Context Cleaner
[2026-04-03T02:31:33.576+0600][63.435s][info][gc,stats    ]      25 of   246 ms ( 10.2%): Executor task launch worker for task 3.0 in stage 2427.0 (TID 4598)
[2026-04-03T02:31:33.576+0600][63.435s][info][gc,stats    ]      24 of   246 ms (  9.7%): Executor task launch worker for task 1.0 in stage 2427.0 (TID 4596)
[2026-04-03T02:31:33.576+0600][63.435s][info][gc,stats    ]      24 of   246 ms ( 10.0%): Executor task launch worker for task 0.0 in stage 2427.0 (TID 4595)
[2026-04-03T02:31:33.576+0600][63.435s][info][gc,stats    ]      24 of   246 ms (  9.6%): Executor task launch worker for task 2.0 in stage 2427.0 (TID 4597)
[2026-04-03T02:31:33.576+0600][63.435s][info][gc,stats    ]      21 of   246 ms (  8.5%): block-manager-storage-async-thread-pool-12
[2026-04-03T02:31:33.576+0600][63.435s][info][gc,stats    ]      21 of   246 ms (  8.5%): block-manager-storage-async-thread-pool-26
[2026-04-03T02:31:33.576+0600][63.435s][info][gc,stats    ]      21 of   246 ms (  8.5%): block-manager-storage-async-thread-pool-45
[2026-04-03T02:31:33.576+0600][63.435s][info][gc,stats    ]     192 of   246 ms ( 78.2%): <total>
[2026-04-03T02:31:33.576+0600][63.435s][info][gc,stats    ]       1 of   246 ms (  0.3%): <average total>
[2026-04-03T02:31:33.576+0600][63.435s][info][gc,stats    ]      21 of   246 ms (  8.7%): <average non-zero>
[2026-04-03T02:31:33.576+0600][63.435s][info][gc,stats    ] 
[2026-04-03T02:31:33.576+0600][63.435s][info][gc,metaspace] Metaspace: 131296K(132544K)->131296K(132544K) NonClass: 114832K(115392K)->114832K(115392K) Class: 16464K(17152K)->16464K(17152K)
[2026-04-03T02:31:33.576+0600][63.435s][info][gc,ergo     ] Pacer for Idle. Initial: 25600K, Alloc Tax Rate: 1.0x
[2026-04-03T02:31:34.162+0600][64.022s][info][gc          ] Trigger: Average GC time (163.51 ms) is above the time for average allocation rate (923 MB/s) to deplete free headroom (149M) (margin of error = 1.89)
[2026-04-03T02:31:34.162+0600][64.022s][info][gc,ergo     ] Free headroom: 212M (free) - 64000K (spike) - 0B (penalties) = 149M
[2026-04-03T02:31:34.162+0600][64.022s][info][gc,ergo     ] Free: 212M, Max: 512K regular, 211M humongous, Frag: 0% external, 0% internal; Reserve: 64000K, Max: 512K
[2026-04-03T02:31:34.162+0600][64.022s][info][gc,start    ] GC(61) Concurrent reset
[2026-04-03T02:31:34.162+0600][64.022s][info][gc,task     ] GC(61) Using 3 of 6 workers for concurrent reset
[2026-04-03T02:31:34.162+0600][64.022s][info][gc,ergo     ] GC(61) Pacer for Reset. Non-Taxable: 1250M
[2026-04-03T02:31:34.164+0600][64.023s][info][gc          ] GC(61) Concurrent reset 1.268ms
[2026-04-03T02:31:34.164+0600][64.023s][info][gc,start    ] GC(61) Pause Init Mark (unload classes)
[2026-04-03T02:31:34.164+0600][64.023s][info][gc,task     ] GC(61) Using 6 of 6 workers for init marking
[2026-04-03T02:31:34.164+0600][64.023s][info][gc,ergo     ] GC(61) Pacer for Mark. Expected Live: 93558K, Free: 208M, Non-Taxable: 21330K, Alloc Tax Rate: 0.5x
[2026-04-03T02:31:34.164+0600][64.023s][info][gc          ] GC(61) Pause Init Mark (unload classes) 0.096ms
[2026-04-03T02:31:34.164+0600][64.023s][info][gc,start    ] GC(61) Concurrent marking roots
[2026-04-03T02:31:34.164+0600][64.023s][info][gc,task     ] GC(61) Using 3 of 6 workers for concurrent marking roots
[2026-04-03T02:31:34.166+0600][64.025s][info][gc          ] GC(61) Concurrent marking roots 2.069ms
[2026-04-03T02:31:34.166+0600][64.026s][info][gc,start    ] GC(61) Concurrent marking (unload classes)
[2026-04-03T02:31:34.166+0600][64.026s][info][gc,task     ] GC(61) Using 3 of 6 workers for concurrent marking
[2026-04-03T02:31:34.221+0600][64.080s][info][gc          ] GC(61) Concurrent marking (unload classes) 54.446ms
[2026-04-03T02:31:34.221+0600][64.080s][info][gc,start    ] GC(61) Pause Final Mark (unload classes)
[2026-04-03T02:31:34.221+0600][64.080s][info][gc,task     ] GC(61) Using 6 of 6 workers for final marking
[2026-04-03T02:31:34.221+0600][64.081s][info][gc,ergo     ] GC(61) Adaptive CSet Selection. Target Free: 177M, Actual Free: 832M, Max CSet: 53333K, Min Garbage: 0B
[2026-04-03T02:31:34.221+0600][64.081s][info][gc,ergo     ] GC(61) Collectable Garbage: 797M (98%), Immediate: 598M (74%), CSet: 198M (24%)
[2026-04-03T02:31:34.222+0600][64.081s][info][gc,ergo     ] GC(61) Pacer for Evacuation. Used CSet: 206M, Free: 849M, Non-Taxable: 86974K, Alloc Tax Rate: 1.1x
[2026-04-03T02:31:34.222+0600][64.081s][info][gc          ] GC(61) Pause Final Mark (unload classes) 0.700ms
[2026-04-03T02:31:34.222+0600][64.081s][info][gc,start    ] GC(61) Concurrent thread roots
[2026-04-03T02:31:34.222+0600][64.081s][info][gc,task     ] GC(61) Using 3 of 6 workers for Concurrent thread roots
[2026-04-03T02:31:34.223+0600][64.082s][info][gc          ] GC(61) Concurrent thread roots 1.330ms
[2026-04-03T02:31:34.223+0600][64.082s][info][gc,start    ] GC(61) Concurrent weak references
[2026-04-03T02:31:34.223+0600][64.082s][info][gc,task     ] GC(61) Using 3 of 6 workers for concurrent weak references
[2026-04-03T02:31:34.224+0600][64.083s][info][gc,ref      ] GC(61) Encountered references: Soft: 3790, Weak: 15573, Final: 84, Phantom: 621
[2026-04-03T02:31:34.224+0600][64.083s][info][gc,ref      ] GC(61) Discovered  references: Soft: 0, Weak: 8677, Final: 52, Phantom: 596
[2026-04-03T02:31:34.224+0600][64.083s][info][gc,ref      ] GC(61) Enqueued    references: Soft: 0, Weak: 611, Final: 0, Phantom: 0
[2026-04-03T02:31:34.224+0600][64.083s][info][gc          ] GC(61) Concurrent weak references 0.728ms
[2026-04-03T02:31:34.224+0600][64.083s][info][gc,start    ] GC(61) Concurrent weak roots
[2026-04-03T02:31:34.224+0600][64.083s][info][gc,task     ] GC(61) Using 3 of 6 workers for concurrent weak root
[2026-04-03T02:31:34.229+0600][64.088s][info][gc          ] GC(61) Concurrent weak roots 4.767ms
[2026-04-03T02:31:34.229+0600][64.088s][info][gc,start    ] GC(61) Concurrent cleanup
[2026-04-03T02:31:34.229+0600][64.089s][info][gc          ] GC(61) Concurrent cleanup 941M->343M(1117M) 0.868ms
[2026-04-03T02:31:34.230+0600][64.089s][info][gc,ergo     ] GC(61) Free: 838M, Max: 512K regular, 160M humongous, Frag: 81% external, 0% internal; Reserve: 63337K, Max: 512K
[2026-04-03T02:31:34.230+0600][64.089s][info][gc,start    ] GC(61) Concurrent class unloading
[2026-04-03T02:31:34.230+0600][64.089s][info][gc,task     ] GC(61) Using 3 of 6 workers for concurrent class unloading
[2026-04-03T02:31:34.247+0600][64.107s][info][gc          ] GC(61) Concurrent class unloading 17.645ms
[2026-04-03T02:31:34.247+0600][64.107s][info][gc,start    ] GC(61) Concurrent strong roots
[2026-04-03T02:31:34.247+0600][64.107s][info][gc,task     ] GC(61) Using 3 of 6 workers for concurrent strong root
[2026-04-03T02:31:34.248+0600][64.107s][info][gc          ] GC(61) Concurrent strong roots 0.886ms
[2026-04-03T02:31:34.248+0600][64.108s][info][gc,start    ] GC(61) Concurrent evacuation
[2026-04-03T02:31:34.248+0600][64.108s][info][gc,task     ] GC(61) Using 3 of 6 workers for concurrent evacuation
[2026-04-03T02:31:34.253+0600][64.112s][info][gc          ] GC(61) Concurrent evacuation 4.353ms
[2026-04-03T02:31:34.253+0600][64.112s][info][gc,start    ] GC(61) Pause Init Update Refs
[2026-04-03T02:31:34.253+0600][64.112s][info][gc,ergo     ] GC(61) Pacer for Update Refs. Used: 369M, Free: 817M, Non-Taxable: 83733K, Alloc Tax Rate: 1.1x
[2026-04-03T02:31:34.253+0600][64.112s][info][gc          ] GC(61) Pause Init Update Refs 0.107ms
[2026-04-03T02:31:34.253+0600][64.112s][info][gc,start    ] GC(61) Concurrent update references
[2026-04-03T02:31:34.253+0600][64.113s][info][gc,task     ] GC(61) Using 3 of 6 workers for concurrent reference update
[2026-04-03T02:31:34.301+0600][64.161s][info][gc          ] GC(61) Concurrent update references 48.332ms
[2026-04-03T02:31:34.302+0600][64.161s][info][gc,start    ] GC(61) Concurrent update thread roots
[2026-04-03T02:31:34.303+0600][64.163s][info][gc          ] GC(61) Concurrent update thread roots 1.655ms
[2026-04-03T02:31:34.303+0600][64.163s][info][gc,start    ] GC(61) Pause Final Update Refs
[2026-04-03T02:31:34.304+0600][64.163s][info][gc,task     ] GC(61) Using 6 of 6 workers for final reference update
[2026-04-03T02:31:34.304+0600][64.163s][info][gc          ] GC(61) Pause Final Update Refs 0.210ms
[2026-04-03T02:31:34.304+0600][64.163s][info][gc,start    ] GC(61) Concurrent cleanup
[2026-04-03T02:31:34.304+0600][64.164s][info][gc          ] GC(61) Concurrent cleanup 406M->200M(1119M) 0.523ms
[2026-04-03T02:31:34.304+0600][64.164s][info][gc,ergo     ] Free: 973M, Max: 512K regular, 512M humongous, Frag: 48% external, 0% internal; Reserve: 64000K, Max: 512K
[2026-04-03T02:31:34.304+0600][64.164s][info][gc,stats    ] 
[2026-04-03T02:31:34.304+0600][64.164s][info][gc,stats    ] All times are wall-clock times, except per-root-class counters, that are sum over
[2026-04-03T02:31:34.304+0600][64.164s][info][gc,stats    ] all workers. Dividing the <total> over the root stage time estimates parallelism.
[2026-04-03T02:31:34.304+0600][64.164s][info][gc,stats    ] 
[2026-04-03T02:31:34.304+0600][64.164s][info][gc,stats    ] Concurrent Reset                   1352 us
[2026-04-03T02:31:34.304+0600][64.164s][info][gc,stats    ] Pause Init Mark (G)                 344 us
[2026-04-03T02:31:34.304+0600][64.164s][info][gc,stats    ] Pause Init Mark (N)                 106 us
[2026-04-03T02:31:34.304+0600][64.164s][info][gc,stats    ]   Update Region States               25 us
[2026-04-03T02:31:34.305+0600][64.164s][info][gc,stats    ] Concurrent Mark Roots              2138 us, parallelism: 1.50x
[2026-04-03T02:31:34.305+0600][64.164s][info][gc,stats    ]   CMR: <total>                     3207 us
[2026-04-03T02:31:34.305+0600][64.164s][info][gc,stats    ]   CMR: Thread Roots                2612 us, workers (us): 1564, 1048,   0, ---, ---, ---, 
[2026-04-03T02:31:34.305+0600][64.164s][info][gc,stats    ]   CMR: VM Strong Roots               71 us, workers (us):  36,  34,   0, ---, ---, ---, 
[2026-04-03T02:31:34.305+0600][64.164s][info][gc,stats    ]   CMR: CLDG Roots                   524 us, workers (us): ---, 524, ---, ---, ---, ---, 
[2026-04-03T02:31:34.305+0600][64.164s][info][gc,stats    ] Concurrent Marking                54512 us
[2026-04-03T02:31:34.305+0600][64.164s][info][gc,stats    ] Pause Final Mark (G)                859 us
[2026-04-03T02:31:34.305+0600][64.164s][info][gc,stats    ] Pause Final Mark (N)                711 us
[2026-04-03T02:31:34.305+0600][64.164s][info][gc,stats    ]   Finish Mark                       273 us
[2026-04-03T02:31:34.305+0600][64.164s][info][gc,stats    ]   Update Region States               36 us
[2026-04-03T02:31:34.305+0600][64.164s][info][gc,stats    ]   Choose Collection Set             225 us
[2026-04-03T02:31:34.305+0600][64.164s][info][gc,stats    ]   Rebuild Free Set                   34 us
[2026-04-03T02:31:34.305+0600][64.164s][info][gc,stats    ] Concurrent Thread Roots            1383 us, parallelism: 2.41x
[2026-04-03T02:31:34.305+0600][64.164s][info][gc,stats    ]   CTR: <total>                     3331 us
[2026-04-03T02:31:34.305+0600][64.164s][info][gc,stats    ]   CTR: Thread Roots                3331 us, workers (us): 1160, 1128, 1043, ---, ---, ---, 
[2026-04-03T02:31:34.305+0600][64.164s][info][gc,stats    ] Concurrent Weak References          739 us, parallelism: 1.11x
[2026-04-03T02:31:34.305+0600][64.164s][info][gc,stats    ]   CWRF: <total>                     819 us
[2026-04-03T02:31:34.305+0600][64.164s][info][gc,stats    ]   CWRF: Weak References             819 us, workers (us): 161, 590,  68, ---, ---, ---, 
[2026-04-03T02:31:34.305+0600][64.164s][info][gc,stats    ] Concurrent Weak Roots              4850 us
[2026-04-03T02:31:34.305+0600][64.164s][info][gc,stats    ]   Roots                            4279 us, parallelism: 2.59x
[2026-04-03T02:31:34.305+0600][64.164s][info][gc,stats    ]     CWR: <total>                  11073 us
[2026-04-03T02:31:34.305+0600][64.164s][info][gc,stats    ]     CWR: Code Cache Roots          8251 us, workers (us): 2900, 2589, 2761, ---, ---, ---, 
[2026-04-03T02:31:34.305+0600][64.164s][info][gc,stats    ]     CWR: VM Weak Roots             2632 us, workers (us): 881, 876, 875, ---, ---, ---, 
[2026-04-03T02:31:34.305+0600][64.164s][info][gc,stats    ]     CWR: CLDG Roots                 191 us, workers (us): ---, 191, ---, ---, ---, ---, 
[2026-04-03T02:31:34.305+0600][64.164s][info][gc,stats    ]   Rendezvous                        441 us
[2026-04-03T02:31:34.305+0600][64.164s][info][gc,stats    ] Concurrent Cleanup                  908 us
[2026-04-03T02:31:34.305+0600][64.164s][info][gc,stats    ] Concurrent Class Unloading        17736 us
[2026-04-03T02:31:34.305+0600][64.164s][info][gc,stats    ]   Unlink Stale                    16406 us
[2026-04-03T02:31:34.305+0600][64.164s][info][gc,stats    ]     System Dictionary               270 us
[2026-04-03T02:31:34.305+0600][64.164s][info][gc,stats    ]     Weak Class Links                  0 us
[2026-04-03T02:31:34.305+0600][64.164s][info][gc,stats    ]     Code Roots                    16128 us
[2026-04-03T02:31:34.305+0600][64.164s][info][gc,stats    ]   Rendezvous                        334 us
[2026-04-03T02:31:34.305+0600][64.164s][info][gc,stats    ]   Purge Unlinked                    874 us
[2026-04-03T02:31:34.305+0600][64.164s][info][gc,stats    ]     Code Roots                      858 us
[2026-04-03T02:31:34.305+0600][64.164s][info][gc,stats    ]     CLDG                             15 us
[2026-04-03T02:31:34.305+0600][64.164s][info][gc,stats    ]     Exception Caches                  1 us
[2026-04-03T02:31:34.305+0600][64.164s][info][gc,stats    ] Concurrent Strong Roots             919 us, parallelism: 0.59x
[2026-04-03T02:31:34.305+0600][64.164s][info][gc,stats    ]   CSR: <total>                      546 us
[2026-04-03T02:31:34.305+0600][64.164s][info][gc,stats    ]   CSR: VM Strong Roots               44 us, workers (us):  30,  14,   0, ---, ---, ---, 
[2026-04-03T02:31:34.305+0600][64.164s][info][gc,stats    ]   CSR: CLDG Roots                   502 us, workers (us): 502, ---, ---, ---, ---, ---, 
[2026-04-03T02:31:34.305+0600][64.164s][info][gc,stats    ] Concurrent Evacuation              4439 us
[2026-04-03T02:31:34.305+0600][64.164s][info][gc,stats    ] Pause Init Update Refs (G)          480 us
[2026-04-03T02:31:34.305+0600][64.164s][info][gc,stats    ] Pause Init Update Refs (N)          119 us
[2026-04-03T02:31:34.305+0600][64.164s][info][gc,stats    ]   Manage GCLABs                      30 us
[2026-04-03T02:31:34.305+0600][64.164s][info][gc,stats    ] Concurrent Update Refs            48426 us
[2026-04-03T02:31:34.305+0600][64.164s][info][gc,stats    ] Concurrent Update Thread Roots     1715 us
[2026-04-03T02:31:34.305+0600][64.164s][info][gc,stats    ] Pause Final Update Refs (G)         462 us
[2026-04-03T02:31:34.305+0600][64.164s][info][gc,stats    ] Pause Final Update Refs (N)         227 us
[2026-04-03T02:31:34.305+0600][64.164s][info][gc,stats    ]   Update Region States               45 us
[2026-04-03T02:31:34.305+0600][64.164s][info][gc,stats    ]   Trash Collection Set               20 us
[2026-04-03T02:31:34.305+0600][64.164s][info][gc,stats    ]   Rebuild Free Set                   51 us
[2026-04-03T02:31:34.305+0600][64.164s][info][gc,stats    ] Concurrent Cleanup                  558 us
[2026-04-03T02:31:34.305+0600][64.164s][info][gc,stats    ] Pacing                           175477 us
[2026-04-03T02:31:34.305+0600][64.164s][info][gc,stats    ] 
[2026-04-03T02:31:34.305+0600][64.165s][info][gc,stats    ] Allocation pacing accrued:
[2026-04-03T02:31:34.305+0600][64.165s][info][gc,stats    ]      21 of   730 ms (  2.9%): Executor task launch worker for task 3.0 in stage 2454.0 (TID 4686)
[2026-04-03T02:31:34.305+0600][64.165s][info][gc,stats    ]      22 of   730 ms (  3.1%): Executor task launch worker for task 5.0 in stage 2454.0 (TID 4688)
[2026-04-03T02:31:34.305+0600][64.165s][info][gc,stats    ]      21 of   730 ms (  2.9%): Executor task launch worker for task 4.0 in stage 2454.0 (TID 4687)
[2026-04-03T02:31:34.305+0600][64.165s][info][gc,stats    ]      23 of   730 ms (  3.1%): Executor task launch worker for task 0.0 in stage 2454.0 (TID 4683)
[2026-04-03T02:31:34.305+0600][64.165s][info][gc,stats    ]      22 of   730 ms (  3.1%): Executor task launch worker for task 2.0 in stage 2454.0 (TID 4685)
[2026-04-03T02:31:34.305+0600][64.165s][info][gc,stats    ]      22 of   730 ms (  3.1%): Executor task launch worker for task 1.0 in stage 2454.0 (TID 4684)
[2026-04-03T02:31:34.305+0600][64.165s][info][gc,stats    ]      22 of   730 ms (  3.1%): Executor task launch worker for task 7.0 in stage 2454.0 (TID 4690)
[2026-04-03T02:31:34.305+0600][64.165s][info][gc,stats    ]      21 of   730 ms (  2.9%): Executor task launch worker for task 6.0 in stage 2454.0 (TID 4689)
[2026-04-03T02:31:34.305+0600][64.165s][info][gc,stats    ]     175 of   730 ms ( 24.0%): <total>
[2026-04-03T02:31:34.305+0600][64.165s][info][gc,stats    ]       1 of   730 ms (  0.1%): <average total>
[2026-04-03T02:31:34.305+0600][64.165s][info][gc,stats    ]      22 of   730 ms (  3.0%): <average non-zero>
[2026-04-03T02:31:34.305+0600][64.165s][info][gc,stats    ] 
[2026-04-03T02:31:34.305+0600][64.165s][info][gc,metaspace] Metaspace: 131334K(132672K)->131337K(132672K) NonClass: 114869K(115520K)->114873K(115520K) Class: 16464K(17152K)->16464K(17152K)
[2026-04-03T02:31:34.305+0600][64.165s][info][gc,ergo     ] Pacer for Idle. Initial: 25600K, Alloc Tax Rate: 1.0x
[2026-04-03T02:31:34.984+0600][64.844s][info][gc          ] Trigger: Average GC time (157.36 ms) is above the time for average allocation rate (993 MB/s) to deplete free headroom (155M) (margin of error = 1.89)
[2026-04-03T02:31:34.984+0600][64.844s][info][gc,ergo     ] Free headroom: 218M (free) - 64000K (spike) - 0B (penalties) = 155M
[2026-04-03T02:31:34.984+0600][64.844s][info][gc,ergo     ] Free: 217M, Max: 512K regular, 162M humongous, Frag: 25% external, 0% internal; Reserve: 64000K, Max: 512K
[2026-04-03T02:31:34.985+0600][64.844s][info][gc,start    ] GC(62) Concurrent reset
[2026-04-03T02:31:34.985+0600][64.844s][info][gc,task     ] GC(62) Using 3 of 6 workers for concurrent reset
[2026-04-03T02:31:34.985+0600][64.844s][info][gc,ergo     ] GC(62) Pacer for Reset. Non-Taxable: 1250M
[2026-04-03T02:31:34.986+0600][64.845s][info][gc          ] GC(62) Concurrent reset 1.660ms
[2026-04-03T02:31:34.987+0600][64.846s][info][gc,start    ] GC(62) Pause Init Mark (unload classes)
[2026-04-03T02:31:34.987+0600][64.846s][info][gc,task     ] GC(62) Using 6 of 6 workers for init marking
[2026-04-03T02:31:34.987+0600][64.846s][info][gc,ergo     ] GC(62) Pacer for Mark. Expected Live: 94365K, Free: 216M, Non-Taxable: 22202K, Alloc Tax Rate: 0.5x
[2026-04-03T02:31:34.987+0600][64.846s][info][gc          ] GC(62) Pause Init Mark (unload classes) 0.117ms
[2026-04-03T02:31:34.987+0600][64.846s][info][gc,start    ] GC(62) Concurrent marking roots
[2026-04-03T02:31:34.987+0600][64.846s][info][gc,task     ] GC(62) Using 3 of 6 workers for concurrent marking roots
[2026-04-03T02:31:34.989+0600][64.848s][info][gc          ] GC(62) Concurrent marking roots 2.153ms
[2026-04-03T02:31:34.989+0600][64.848s][info][gc,start    ] GC(62) Concurrent marking (unload classes)
[2026-04-03T02:31:34.989+0600][64.848s][info][gc,task     ] GC(62) Using 3 of 6 workers for concurrent marking
[2026-04-03T02:31:35.049+0600][64.908s][info][gc          ] GC(62) Concurrent marking (unload classes) 59.663ms
[2026-04-03T02:31:35.049+0600][64.908s][info][gc,start    ] GC(62) Pause Final Mark (unload classes)
[2026-04-03T02:31:35.049+0600][64.908s][info][gc,task     ] GC(62) Using 6 of 6 workers for final marking
[2026-04-03T02:31:35.049+0600][64.909s][info][gc,ergo     ] GC(62) Adaptive CSet Selection. Target Free: 177M, Actual Free: 817M, Max CSet: 53333K, Min Garbage: 0B
[2026-04-03T02:31:35.050+0600][64.909s][info][gc,ergo     ] GC(62) Collectable Garbage: 783M (98%), Immediate: 572M (72%), CSet: 210M (26%)
[2026-04-03T02:31:35.050+0600][64.909s][info][gc,ergo     ] GC(62) Pacer for Evacuation. Used CSet: 217M, Free: 839M, Non-Taxable: 86005K, Alloc Tax Rate: 1.1x
[2026-04-03T02:31:35.050+0600][64.909s][info][gc          ] GC(62) Pause Final Mark (unload classes) 0.736ms
[2026-04-03T02:31:35.050+0600][64.909s][info][gc,start    ] GC(62) Concurrent thread roots
[2026-04-03T02:31:35.050+0600][64.909s][info][gc,task     ] GC(62) Using 3 of 6 workers for Concurrent thread roots
[2026-04-03T02:31:35.051+0600][64.910s][info][gc          ] GC(62) Concurrent thread roots 1.048ms
[2026-04-03T02:31:35.051+0600][64.910s][info][gc,start    ] GC(62) Concurrent weak references
[2026-04-03T02:31:35.051+0600][64.910s][info][gc,task     ] GC(62) Using 3 of 6 workers for concurrent weak references
[2026-04-03T02:31:35.052+0600][64.911s][info][gc,ref      ] GC(62) Encountered references: Soft: 3791, Weak: 16562, Final: 84, Phantom: 625
[2026-04-03T02:31:35.052+0600][64.911s][info][gc,ref      ] GC(62) Discovered  references: Soft: 0, Weak: 7816, Final: 0, Phantom: 227
[2026-04-03T02:31:35.052+0600][64.911s][info][gc,ref      ] GC(62) Enqueued    references: Soft: 0, Weak: 1743, Final: 0, Phantom: 0
[2026-04-03T02:31:35.052+0600][64.911s][info][gc          ] GC(62) Concurrent weak references 1.062ms
[2026-04-03T02:31:35.052+0600][64.911s][info][gc,start    ] GC(62) Concurrent weak roots
[2026-04-03T02:31:35.052+0600][64.911s][info][gc,task     ] GC(62) Using 3 of 6 workers for concurrent weak root
[2026-04-03T02:31:35.056+0600][64.915s][info][gc          ] GC(62) Concurrent weak roots 3.742ms
[2026-04-03T02:31:35.056+0600][64.915s][info][gc,start    ] GC(62) Concurrent cleanup
[2026-04-03T02:31:35.056+0600][64.916s][info][gc          ] GC(62) Concurrent cleanup 914M->342M(1119M) 0.626ms
[2026-04-03T02:31:35.056+0600][64.916s][info][gc,ergo     ] GC(62) Free: 839M, Max: 512K regular, 165M humongous, Frag: 81% external, 0% internal; Reserve: 63755K, Max: 512K
[2026-04-03T02:31:35.057+0600][64.916s][info][gc,start    ] GC(62) Concurrent class unloading
[2026-04-03T02:31:35.057+0600][64.916s][info][gc,task     ] GC(62) Using 3 of 6 workers for concurrent class unloading
[2026-04-03T02:31:35.078+0600][64.937s][info][gc          ] GC(62) Concurrent class unloading 21.090ms
[2026-04-03T02:31:35.078+0600][64.937s][info][gc,start    ] GC(62) Concurrent strong roots
[2026-04-03T02:31:35.078+0600][64.937s][info][gc,task     ] GC(62) Using 3 of 6 workers for concurrent strong root
[2026-04-03T02:31:35.079+0600][64.939s][info][gc          ] GC(62) Concurrent strong roots 1.464ms
[2026-04-03T02:31:35.079+0600][64.939s][info][gc,start    ] GC(62) Concurrent evacuation
[2026-04-03T02:31:35.079+0600][64.939s][info][gc,task     ] GC(62) Using 3 of 6 workers for concurrent evacuation
[2026-04-03T02:31:35.087+0600][64.946s][info][gc          ] GC(62) Concurrent evacuation 7.241ms
[2026-04-03T02:31:35.087+0600][64.946s][info][gc,start    ] GC(62) Pause Init Update Refs
[2026-04-03T02:31:35.087+0600][64.946s][info][gc,ergo     ] GC(62) Pacer for Update Refs. Used: 366M, Free: 822M, Non-Taxable: 84202K, Alloc Tax Rate: 1.1x
[2026-04-03T02:31:35.087+0600][64.946s][info][gc          ] GC(62) Pause Init Update Refs 0.158ms
[2026-04-03T02:31:35.087+0600][64.947s][info][gc,start    ] GC(62) Concurrent update references
[2026-04-03T02:31:35.087+0600][64.947s][info][gc,task     ] GC(62) Using 3 of 6 workers for concurrent reference update
[2026-04-03T02:31:35.144+0600][65.003s][info][gc          ] GC(62) Concurrent update references 56.499ms
[2026-04-03T02:31:35.144+0600][65.003s][info][gc,start    ] GC(62) Concurrent update thread roots
[2026-04-03T02:31:35.146+0600][65.005s][info][gc          ] GC(62) Concurrent update thread roots 1.712ms
[2026-04-03T02:31:35.146+0600][65.005s][info][gc,start    ] GC(62) Pause Final Update Refs
[2026-04-03T02:31:35.146+0600][65.005s][info][gc,task     ] GC(62) Using 6 of 6 workers for final reference update
[2026-04-03T02:31:35.146+0600][65.005s][info][gc          ] GC(62) Pause Final Update Refs 0.229ms
[2026-04-03T02:31:35.146+0600][65.006s][info][gc,start    ] GC(62) Concurrent cleanup
[2026-04-03T02:31:35.147+0600][65.006s][info][gc          ] GC(62) Concurrent cleanup 414M->197M(1119M) 0.723ms
[2026-04-03T02:31:35.147+0600][65.006s][info][gc,ergo     ] Free: 984M, Max: 512K regular, 466M humongous, Frag: 53% external, 0% internal; Reserve: 64000K, Max: 512K
[2026-04-03T02:31:35.147+0600][65.006s][info][gc,stats    ] 
[2026-04-03T02:31:35.147+0600][65.006s][info][gc,stats    ] All times are wall-clock times, except per-root-class counters, that are sum over
[2026-04-03T02:31:35.147+0600][65.006s][info][gc,stats    ] all workers. Dividing the <total> over the root stage time estimates parallelism.
[2026-04-03T02:31:35.147+0600][65.006s][info][gc,stats    ] 
[2026-04-03T02:31:35.147+0600][65.006s][info][gc,stats    ] Concurrent Reset                   1715 us
[2026-04-03T02:31:35.147+0600][65.007s][info][gc,stats    ] Pause Init Mark (G)                 613 us
[2026-04-03T02:31:35.147+0600][65.007s][info][gc,stats    ] Pause Init Mark (N)                 129 us
[2026-04-03T02:31:35.147+0600][65.007s][info][gc,stats    ]   Update Region States               30 us
[2026-04-03T02:31:35.147+0600][65.007s][info][gc,stats    ] Concurrent Mark Roots              2213 us, parallelism: 1.29x
[2026-04-03T02:31:35.147+0600][65.007s][info][gc,stats    ]   CMR: <total>                     2855 us
[2026-04-03T02:31:35.147+0600][65.007s][info][gc,stats    ]   CMR: Thread Roots                2478 us, workers (us): 1245, 1233,   0, ---, ---, ---, 
[2026-04-03T02:31:35.147+0600][65.007s][info][gc,stats    ]   CMR: VM Strong Roots               52 us, workers (us):  50,   1,   1, ---, ---, ---, 
[2026-04-03T02:31:35.147+0600][65.007s][info][gc,stats    ]   CMR: CLDG Roots                   325 us, workers (us): 325, ---, ---, ---, ---, ---, 
[2026-04-03T02:31:35.147+0600][65.007s][info][gc,stats    ] Concurrent Marking                59738 us
[2026-04-03T02:31:35.147+0600][65.007s][info][gc,stats    ] Pause Final Mark (G)                968 us
[2026-04-03T02:31:35.147+0600][65.007s][info][gc,stats    ] Pause Final Mark (N)                751 us
[2026-04-03T02:31:35.147+0600][65.007s][info][gc,stats    ]   Finish Mark                       242 us
[2026-04-03T02:31:35.147+0600][65.007s][info][gc,stats    ]   Update Region States               51 us
[2026-04-03T02:31:35.147+0600][65.007s][info][gc,stats    ]   Choose Collection Set             227 us
[2026-04-03T02:31:35.147+0600][65.007s][info][gc,stats    ]   Rebuild Free Set                   34 us
[2026-04-03T02:31:35.147+0600][65.007s][info][gc,stats    ] Concurrent Thread Roots            1097 us, parallelism: 2.07x
[2026-04-03T02:31:35.147+0600][65.007s][info][gc,stats    ]   CTR: <total>                     2268 us
[2026-04-03T02:31:35.147+0600][65.007s][info][gc,stats    ]   CTR: Thread Roots                2268 us, workers (us): 769, 771, 728, ---, ---, ---, 
[2026-04-03T02:31:35.147+0600][65.007s][info][gc,stats    ] Concurrent Weak References         1075 us, parallelism: 0.90x
[2026-04-03T02:31:35.147+0600][65.007s][info][gc,stats    ]   CWRF: <total>                     973 us
[2026-04-03T02:31:35.147+0600][65.007s][info][gc,stats    ]   CWRF: Weak References             973 us, workers (us): 792, 172,   8, ---, ---, ---, 
[2026-04-03T02:31:35.147+0600][65.007s][info][gc,stats    ] Concurrent Weak Roots              3843 us
[2026-04-03T02:31:35.148+0600][65.007s][info][gc,stats    ]   Roots                            3396 us, parallelism: 2.61x
[2026-04-03T02:31:35.148+0600][65.007s][info][gc,stats    ]     CWR: <total>                   8861 us
[2026-04-03T02:31:35.148+0600][65.007s][info][gc,stats    ]     CWR: Code Cache Roots          6756 us, workers (us): 2139, 2313, 2304, ---, ---, ---, 
[2026-04-03T02:31:35.148+0600][65.007s][info][gc,stats    ]     CWR: VM Weak Roots             1992 us, workers (us): 726, 656, 610, ---, ---, ---, 
[2026-04-03T02:31:35.148+0600][65.007s][info][gc,stats    ]     CWR: CLDG Roots                 113 us, workers (us): 113, ---, ---, ---, ---, ---, 
[2026-04-03T02:31:35.148+0600][65.007s][info][gc,stats    ]   Rendezvous                        303 us
[2026-04-03T02:31:35.148+0600][65.007s][info][gc,stats    ] Concurrent Cleanup                  643 us
[2026-04-03T02:31:35.148+0600][65.007s][info][gc,stats    ] Concurrent Class Unloading        21239 us
[2026-04-03T02:31:35.148+0600][65.007s][info][gc,stats    ]   Unlink Stale                    17169 us
[2026-04-03T02:31:35.148+0600][65.007s][info][gc,stats    ]     System Dictionary               223 us
[2026-04-03T02:31:35.148+0600][65.007s][info][gc,stats    ]     Weak Class Links                  0 us
[2026-04-03T02:31:35.148+0600][65.007s][info][gc,stats    ]     Code Roots                    16942 us
[2026-04-03T02:31:35.148+0600][65.007s][info][gc,stats    ]   Rendezvous                       2283 us
[2026-04-03T02:31:35.148+0600][65.007s][info][gc,stats    ]   Purge Unlinked                   1602 us
[2026-04-03T02:31:35.148+0600][65.007s][info][gc,stats    ]     Code Roots                     1588 us
[2026-04-03T02:31:35.148+0600][65.007s][info][gc,stats    ]     CLDG                             12 us
[2026-04-03T02:31:35.148+0600][65.007s][info][gc,stats    ]     Exception Caches                  1 us
[2026-04-03T02:31:35.148+0600][65.007s][info][gc,stats    ] Concurrent Strong Roots            1528 us, parallelism: 0.65x
[2026-04-03T02:31:35.148+0600][65.007s][info][gc,stats    ]   CSR: <total>                      990 us
[2026-04-03T02:31:35.148+0600][65.007s][info][gc,stats    ]   CSR: VM Strong Roots               65 us, workers (us):  63,   2,   0, ---, ---, ---, 
[2026-04-03T02:31:35.148+0600][65.007s][info][gc,stats    ]   CSR: CLDG Roots                   925 us, workers (us): 925, ---, ---, ---, ---, ---, 
[2026-04-03T02:31:35.148+0600][65.007s][info][gc,stats    ] Concurrent Evacuation              7343 us
[2026-04-03T02:31:35.148+0600][65.007s][info][gc,stats    ] Pause Init Update Refs (G)          631 us
[2026-04-03T02:31:35.148+0600][65.007s][info][gc,stats    ] Pause Init Update Refs (N)          173 us
[2026-04-03T02:31:35.148+0600][65.007s][info][gc,stats    ]   Manage GCLABs                      46 us
[2026-04-03T02:31:35.148+0600][65.007s][info][gc,stats    ] Concurrent Update Refs            56600 us
[2026-04-03T02:31:35.148+0600][65.007s][info][gc,stats    ] Concurrent Update Thread Roots     1799 us
[2026-04-03T02:31:35.148+0600][65.007s][info][gc,stats    ] Pause Final Update Refs (G)         538 us
[2026-04-03T02:31:35.148+0600][65.007s][info][gc,stats    ] Pause Final Update Refs (N)         246 us
[2026-04-03T02:31:35.148+0600][65.007s][info][gc,stats    ]   Update Region States               54 us
[2026-04-03T02:31:35.148+0600][65.007s][info][gc,stats    ]   Trash Collection Set               21 us
[2026-04-03T02:31:35.148+0600][65.007s][info][gc,stats    ]   Rebuild Free Set                   38 us
[2026-04-03T02:31:35.148+0600][65.007s][info][gc,stats    ] Concurrent Cleanup                  763 us
[2026-04-03T02:31:35.148+0600][65.007s][info][gc,stats    ] Pacing                            42065 us
[2026-04-03T02:31:35.148+0600][65.007s][info][gc,stats    ] 
[2026-04-03T02:31:35.148+0600][65.007s][info][gc,stats    ] Allocation pacing accrued:
[2026-04-03T02:31:35.148+0600][65.007s][info][gc,stats    ]      11 of   843 ms (  1.3%): dispatcher-event-loop-2
[2026-04-03T02:31:35.148+0600][65.007s][info][gc,stats    ]      10 of   843 ms (  1.2%): Spark Context Cleaner
[2026-04-03T02:31:35.148+0600][65.007s][info][gc,stats    ]      11 of   843 ms (  1.3%): Executor task launch worker for task 0.0 in stage 2568.0 (TID 4811)
[2026-04-03T02:31:35.148+0600][65.007s][info][gc,stats    ]       9 of   843 ms (  1.1%): task-result-getter-1
[2026-04-03T02:31:35.148+0600][65.007s][info][gc,stats    ]      42 of   843 ms (  5.0%): <total>
[2026-04-03T02:31:35.148+0600][65.007s][info][gc,stats    ]       0 of   843 ms (  0.0%): <average total>
[2026-04-03T02:31:35.148+0600][65.007s][info][gc,stats    ]      11 of   843 ms (  1.2%): <average non-zero>
[2026-04-03T02:31:35.148+0600][65.007s][info][gc,stats    ] 
[2026-04-03T02:31:35.148+0600][65.007s][info][gc,metaspace] Metaspace: 131338K(132672K)->131338K(132672K) NonClass: 114873K(115520K)->114873K(115520K) Class: 16464K(17152K)->16464K(17152K)
[2026-04-03T02:31:35.148+0600][65.007s][info][gc,ergo     ] Pacer for Idle. Initial: 25600K, Alloc Tax Rate: 1.0x
[2026-04-03T02:31:35.450+0600][65.309s][info][gc          ] Trigger: Average GC time (172.41 ms) is above the time for average allocation rate (2535 MB/s) to deplete free headroom (313M) (margin of error = 1.89)
[2026-04-03T02:31:35.450+0600][65.310s][info][gc,ergo     ] Free headroom: 375M (free) - 64000K (spike) - 0B (penalties) = 313M
[2026-04-03T02:31:35.450+0600][65.310s][info][gc,ergo     ] Free: 375M, Max: 512K regular, 229M humongous, Frag: 39% external, 1% internal; Reserve: 64000K, Max: 512K
[2026-04-03T02:31:35.450+0600][65.310s][info][gc,start    ] GC(63) Concurrent reset
[2026-04-03T02:31:35.450+0600][65.310s][info][gc,task     ] GC(63) Using 3 of 6 workers for concurrent reset
[2026-04-03T02:31:35.450+0600][65.310s][info][gc,ergo     ] GC(63) Pacer for Reset. Non-Taxable: 1250M
[2026-04-03T02:31:35.451+0600][65.311s][info][gc          ] GC(63) Concurrent reset 0.955ms
[2026-04-03T02:31:35.451+0600][65.311s][info][gc,start    ] GC(63) Pause Init Mark (unload classes)
[2026-04-03T02:31:35.452+0600][65.311s][info][gc,task     ] GC(63) Using 6 of 6 workers for init marking
[2026-04-03T02:31:35.452+0600][65.311s][info][gc,ergo     ] GC(63) Pacer for Mark. Expected Live: 94793K, Free: 374M, Non-Taxable: 38386K, Alloc Tax Rate: 0.3x
[2026-04-03T02:31:35.452+0600][65.311s][info][gc          ] GC(63) Pause Init Mark (unload classes) 0.127ms
[2026-04-03T02:31:35.452+0600][65.311s][info][gc,start    ] GC(63) Concurrent marking roots
[2026-04-03T02:31:35.452+0600][65.311s][info][gc,task     ] GC(63) Using 3 of 6 workers for concurrent marking roots
[2026-04-03T02:31:35.453+0600][65.312s][info][gc          ] GC(63) Concurrent marking roots 0.915ms
[2026-04-03T02:31:35.453+0600][65.312s][info][gc,start    ] GC(63) Concurrent marking (unload classes)
[2026-04-03T02:31:35.453+0600][65.312s][info][gc,task     ] GC(63) Using 3 of 6 workers for concurrent marking
[2026-04-03T02:31:35.495+0600][65.354s][info][gc          ] GC(63) Concurrent marking (unload classes) 42.449ms
[2026-04-03T02:31:35.496+0600][65.355s][info][gc,start    ] GC(63) Pause Final Mark (unload classes)
[2026-04-03T02:31:35.496+0600][65.355s][info][gc,task     ] GC(63) Using 6 of 6 workers for final marking
[2026-04-03T02:31:35.496+0600][65.355s][info][gc,ergo     ] GC(63) Adaptive CSet Selection. Target Free: 177M, Actual Free: 903M, Max CSet: 53333K, Min Garbage: 0B
[2026-04-03T02:31:35.496+0600][65.355s][info][gc,ergo     ] GC(63) Collectable Garbage: 652M (98%), Immediate: 580M (87%), CSet: 73733K (10%)
[2026-04-03T02:31:35.496+0600][65.355s][info][gc,ergo     ] GC(63) Pacer for Evacuation. Used CSet: 79278K, Free: 900M, Non-Taxable: 92204K, Alloc Tax Rate: 1.1x
[2026-04-03T02:31:35.496+0600][65.355s][info][gc          ] GC(63) Pause Final Mark (unload classes) 0.641ms
[2026-04-03T02:31:35.496+0600][65.356s][info][gc,start    ] GC(63) Concurrent thread roots
[2026-04-03T02:31:35.496+0600][65.356s][info][gc,task     ] GC(63) Using 3 of 6 workers for Concurrent thread roots
[2026-04-03T02:31:35.497+0600][65.357s][info][gc          ] GC(63) Concurrent thread roots 0.945ms
[2026-04-03T02:31:35.497+0600][65.357s][info][gc,start    ] GC(63) Concurrent weak references
[2026-04-03T02:31:35.497+0600][65.357s][info][gc,task     ] GC(63) Using 3 of 6 workers for concurrent weak references
[2026-04-03T02:31:35.498+0600][65.358s][info][gc,ref      ] GC(63) Encountered references: Soft: 3784, Weak: 15452, Final: 84, Phantom: 621
[2026-04-03T02:31:35.499+0600][65.358s][info][gc,ref      ] GC(63) Discovered  references: Soft: 0, Weak: 8698, Final: 84, Phantom: 617
[2026-04-03T02:31:35.499+0600][65.358s][info][gc,ref      ] GC(63) Enqueued    references: Soft: 0, Weak: 815, Final: 0, Phantom: 0
[2026-04-03T02:31:35.499+0600][65.358s][info][gc          ] GC(63) Concurrent weak references 1.200ms
[2026-04-03T02:31:35.499+0600][65.358s][info][gc,start    ] GC(63) Concurrent weak roots
[2026-04-03T02:31:35.499+0600][65.358s][info][gc,task     ] GC(63) Using 3 of 6 workers for concurrent weak root
[2026-04-03T02:31:35.505+0600][65.364s][info][gc          ] GC(63) Concurrent weak roots 5.925ms
[2026-04-03T02:31:35.505+0600][65.364s][info][gc,start    ] GC(63) Concurrent cleanup
[2026-04-03T02:31:35.505+0600][65.364s][info][gc          ] GC(63) Concurrent cleanup 935M->354M(1119M) 0.481ms
[2026-04-03T02:31:35.505+0600][65.364s][info][gc,ergo     ] GC(63) Free: 810M, Max: 512K regular, 225M humongous, Frag: 73% external, 0% internal; Reserve: 63389K, Max: 512K
[2026-04-03T02:31:35.505+0600][65.365s][info][gc,start    ] GC(63) Concurrent class unloading
[2026-04-03T02:31:35.505+0600][65.365s][info][gc,task     ] GC(63) Using 3 of 6 workers for concurrent class unloading
[2026-04-03T02:31:35.520+0600][65.379s][info][gc          ] GC(63) Concurrent class unloading 14.389ms
[2026-04-03T02:31:35.520+0600][65.379s][info][gc,start    ] GC(63) Concurrent strong roots
[2026-04-03T02:31:35.520+0600][65.379s][info][gc,task     ] GC(63) Using 3 of 6 workers for concurrent strong root
[2026-04-03T02:31:35.521+0600][65.380s][info][gc          ] GC(63) Concurrent strong roots 0.939ms
[2026-04-03T02:31:35.521+0600][65.380s][info][gc,start    ] GC(63) Concurrent evacuation
[2026-04-03T02:31:35.521+0600][65.380s][info][gc,task     ] GC(63) Using 3 of 6 workers for concurrent evacuation
[2026-04-03T02:31:35.523+0600][65.382s][info][gc          ] GC(63) Concurrent evacuation 2.259ms
[2026-04-03T02:31:35.524+0600][65.383s][info][gc,start    ] GC(63) Pause Init Update Refs
[2026-04-03T02:31:35.524+0600][65.383s][info][gc,ergo     ] GC(63) Pacer for Update Refs. Used: 399M, Free: 767M, Non-Taxable: 78571K, Alloc Tax Rate: 1.1x
[2026-04-03T02:31:35.524+0600][65.383s][info][gc          ] GC(63) Pause Init Update Refs 0.102ms
[2026-04-03T02:31:35.524+0600][65.383s][info][gc,start    ] GC(63) Concurrent update references
[2026-04-03T02:31:35.524+0600][65.383s][info][gc,task     ] GC(63) Using 3 of 6 workers for concurrent reference update
[2026-04-03T02:31:35.569+0600][65.429s][info][gc          ] GC(63) Concurrent update references 45.444ms
[2026-04-03T02:31:35.569+0600][65.429s][info][gc,start    ] GC(63) Concurrent update thread roots
[2026-04-03T02:31:35.571+0600][65.430s][info][gc          ] GC(63) Concurrent update thread roots 1.826ms
[2026-04-03T02:31:35.571+0600][65.431s][info][gc,start    ] GC(63) Pause Final Update Refs
[2026-04-03T02:31:35.571+0600][65.431s][info][gc,task     ] GC(63) Using 6 of 6 workers for final reference update
[2026-04-03T02:31:35.571+0600][65.431s][info][gc          ] GC(63) Pause Final Update Refs 0.182ms
[2026-04-03T02:31:35.572+0600][65.431s][info][gc,start    ] GC(63) Concurrent cleanup
[2026-04-03T02:31:35.572+0600][65.431s][info][gc          ] GC(63) Concurrent cleanup 485M->409M(1119M) 0.545ms
[2026-04-03T02:31:35.572+0600][65.432s][info][gc,ergo     ] Free: 741M, Max: 512K regular, 322M humongous, Frag: 57% external, 0% internal; Reserve: 64000K, Max: 512K
[2026-04-03T02:31:35.572+0600][65.432s][info][gc,stats    ] 
[2026-04-03T02:31:35.572+0600][65.432s][info][gc,stats    ] All times are wall-clock times, except per-root-class counters, that are sum over
[2026-04-03T02:31:35.572+0600][65.432s][info][gc,stats    ] all workers. Dividing the <total> over the root stage time estimates parallelism.
[2026-04-03T02:31:35.572+0600][65.432s][info][gc,stats    ] 
[2026-04-03T02:31:35.572+0600][65.432s][info][gc,stats    ] Concurrent Reset                   1032 us
[2026-04-03T02:31:35.572+0600][65.432s][info][gc,stats    ] Pause Init Mark (G)                 353 us
[2026-04-03T02:31:35.572+0600][65.432s][info][gc,stats    ] Pause Init Mark (N)                 137 us
[2026-04-03T02:31:35.572+0600][65.432s][info][gc,stats    ]   Update Region States               26 us
[2026-04-03T02:31:35.572+0600][65.432s][info][gc,stats    ] Concurrent Mark Roots               975 us, parallelism: 1.77x
[2026-04-03T02:31:35.572+0600][65.432s][info][gc,stats    ]   CMR: <total>                     1725 us
[2026-04-03T02:31:35.572+0600][65.432s][info][gc,stats    ]   CMR: Thread Roots                1441 us, workers (us): 330, 564, 548, ---, ---, ---, 
[2026-04-03T02:31:35.572+0600][65.432s][info][gc,stats    ]   CMR: VM Strong Roots               26 us, workers (us):  25,   1,   0, ---, ---, ---, 
[2026-04-03T02:31:35.572+0600][65.432s][info][gc,stats    ]   CMR: CLDG Roots                   258 us, workers (us): 258, ---, ---, ---, ---, ---, 
[2026-04-03T02:31:35.572+0600][65.432s][info][gc,stats    ] Concurrent Marking                42512 us
[2026-04-03T02:31:35.572+0600][65.432s][info][gc,stats    ] Pause Final Mark (G)               1241 us
[2026-04-03T02:31:35.572+0600][65.432s][info][gc,stats    ] Pause Final Mark (N)                651 us
[2026-04-03T02:31:35.572+0600][65.432s][info][gc,stats    ]   Finish Mark                       316 us
[2026-04-03T02:31:35.572+0600][65.432s][info][gc,stats    ]   Update Region States               35 us
[2026-04-03T02:31:35.573+0600][65.432s][info][gc,stats    ]   Choose Collection Set             163 us
[2026-04-03T02:31:35.573+0600][65.432s][info][gc,stats    ]   Rebuild Free Set                   30 us
[2026-04-03T02:31:35.573+0600][65.432s][info][gc,stats    ] Concurrent Thread Roots            1009 us, parallelism: 2.16x
[2026-04-03T02:31:35.573+0600][65.432s][info][gc,stats    ]   CTR: <total>                     2181 us
[2026-04-03T02:31:35.573+0600][65.432s][info][gc,stats    ]   CTR: Thread Roots                2181 us, workers (us): 734, 720, 727, ---, ---, ---, 
[2026-04-03T02:31:35.573+0600][65.432s][info][gc,stats    ] Concurrent Weak References         1214 us, parallelism: 1.08x
[2026-04-03T02:31:35.573+0600][65.432s][info][gc,stats    ]   CWRF: <total>                    1311 us
[2026-04-03T02:31:35.573+0600][65.432s][info][gc,stats    ]   CWRF: Weak References            1311 us, workers (us): 939, 245, 126, ---, ---, ---, 
[2026-04-03T02:31:35.573+0600][65.432s][info][gc,stats    ] Concurrent Weak Roots              6030 us
[2026-04-03T02:31:35.573+0600][65.432s][info][gc,stats    ]   Roots                            5373 us, parallelism: 2.70x
[2026-04-03T02:31:35.573+0600][65.432s][info][gc,stats    ]     CWR: <total>                  14506 us
[2026-04-03T02:31:35.573+0600][65.432s][info][gc,stats    ]     CWR: Code Cache Roots         12313 us, workers (us): 4114, 4140, 4059, ---, ---, ---, 
[2026-04-03T02:31:35.573+0600][65.432s][info][gc,stats    ]     CWR: VM Weak Roots             2027 us, workers (us): 696, 680, 651, ---, ---, ---, 
[2026-04-03T02:31:35.573+0600][65.432s][info][gc,stats    ]     CWR: CLDG Roots                 167 us, workers (us): ---, ---, 167, ---, ---, ---, 
[2026-04-03T02:31:35.573+0600][65.432s][info][gc,stats    ]   Rendezvous                        514 us
[2026-04-03T02:31:35.573+0600][65.432s][info][gc,stats    ] Concurrent Cleanup                  508 us
[2026-04-03T02:31:35.573+0600][65.432s][info][gc,stats    ] Concurrent Class Unloading        14467 us
[2026-04-03T02:31:35.573+0600][65.432s][info][gc,stats    ]   Unlink Stale                    13007 us
[2026-04-03T02:31:35.573+0600][65.432s][info][gc,stats    ]     System Dictionary               421 us
[2026-04-03T02:31:35.573+0600][65.432s][info][gc,stats    ]     Weak Class Links                  1 us
[2026-04-03T02:31:35.573+0600][65.432s][info][gc,stats    ]     Code Roots                    12581 us
[2026-04-03T02:31:35.573+0600][65.432s][info][gc,stats    ]   Rendezvous                        367 us
[2026-04-03T02:31:35.573+0600][65.432s][info][gc,stats    ]   Purge Unlinked                    974 us
[2026-04-03T02:31:35.573+0600][65.432s][info][gc,stats    ]     Code Roots                      962 us
[2026-04-03T02:31:35.573+0600][65.432s][info][gc,stats    ]     CLDG                             11 us
[2026-04-03T02:31:35.573+0600][65.432s][info][gc,stats    ]     Exception Caches                  0 us
[2026-04-03T02:31:35.573+0600][65.432s][info][gc,stats    ] Concurrent Strong Roots            1031 us, parallelism: 0.53x
[2026-04-03T02:31:35.573+0600][65.432s][info][gc,stats    ]   CSR: <total>                      547 us
[2026-04-03T02:31:35.573+0600][65.432s][info][gc,stats    ]   CSR: VM Strong Roots               37 us, workers (us):  35,   1,   0, ---, ---, ---, 
[2026-04-03T02:31:35.573+0600][65.432s][info][gc,stats    ]   CSR: CLDG Roots                   511 us, workers (us): 511, ---, ---, ---, ---, ---, 
[2026-04-03T02:31:35.573+0600][65.432s][info][gc,stats    ] Concurrent Evacuation              2382 us
[2026-04-03T02:31:35.573+0600][65.432s][info][gc,stats    ] Pause Init Update Refs (G)          659 us
[2026-04-03T02:31:35.573+0600][65.432s][info][gc,stats    ] Pause Init Update Refs (N)          141 us
[2026-04-03T02:31:35.573+0600][65.432s][info][gc,stats    ]   Manage GCLABs                      29 us
[2026-04-03T02:31:35.573+0600][65.432s][info][gc,stats    ] Concurrent Update Refs            45560 us
[2026-04-03T02:31:35.573+0600][65.432s][info][gc,stats    ] Concurrent Update Thread Roots     1875 us
[2026-04-03T02:31:35.573+0600][65.432s][info][gc,stats    ] Pause Final Update Refs (G)         379 us
[2026-04-03T02:31:35.573+0600][65.432s][info][gc,stats    ] Pause Final Update Refs (N)         219 us
[2026-04-03T02:31:35.573+0600][65.432s][info][gc,stats    ]   Update Region States               50 us
[2026-04-03T02:31:35.573+0600][65.432s][info][gc,stats    ]   Trash Collection Set               12 us
[2026-04-03T02:31:35.573+0600][65.432s][info][gc,stats    ]   Rebuild Free Set                   37 us
[2026-04-03T02:31:35.573+0600][65.432s][info][gc,stats    ] Concurrent Cleanup                  577 us
[2026-04-03T02:31:35.573+0600][65.432s][info][gc,stats    ] Pacing                           337718 us
[2026-04-03T02:31:35.573+0600][65.432s][info][gc,stats    ] 
[2026-04-03T02:31:35.573+0600][65.432s][info][gc,stats    ] Allocation pacing accrued:
[2026-04-03T02:31:35.573+0600][65.432s][info][gc,stats    ]      19 of   425 ms (  4.4%): dispatcher-BlockManagerMaster
[2026-04-03T02:31:35.573+0600][65.432s][info][gc,stats    ]      11 of   425 ms (  2.7%): Spark Context Cleaner
[2026-04-03T02:31:35.573+0600][65.432s][info][gc,stats    ]      52 of   425 ms ( 12.2%): Executor task launch worker for task 1.0 in stage 2586.0 (TID 4850)
[2026-04-03T02:31:35.573+0600][65.432s][info][gc,stats    ]      52 of   425 ms ( 12.3%): Executor task launch worker for task 3.0 in stage 2586.0 (TID 4852)
[2026-04-03T02:31:35.573+0600][65.433s][info][gc,stats    ]      52 of   425 ms ( 12.1%): Executor task launch worker for task 2.0 in stage 2586.0 (TID 4851)
[2026-04-03T02:31:35.573+0600][65.433s][info][gc,stats    ]      60 of   425 ms ( 14.1%): Executor task launch worker for task 0.0 in stage 2586.0 (TID 4849)
[2026-04-03T02:31:35.573+0600][65.433s][info][gc,stats    ]      11 of   425 ms (  2.6%): block-manager-storage-async-thread-pool-23
[2026-04-03T02:31:35.573+0600][65.433s][info][gc,stats    ]      18 of   425 ms (  4.3%): block-manager-storage-async-thread-pool-30
[2026-04-03T02:31:35.573+0600][65.433s][info][gc,stats    ]      18 of   425 ms (  4.3%): block-manager-storage-async-thread-pool-34
[2026-04-03T02:31:35.573+0600][65.433s][info][gc,stats    ]      19 of   425 ms (  4.4%): block-manager-storage-async-thread-pool-46
[2026-04-03T02:31:35.573+0600][65.433s][info][gc,stats    ]       7 of   425 ms (  1.7%): block-manager-storage-async-thread-pool-85
[2026-04-03T02:31:35.573+0600][65.433s][info][gc,stats    ]      11 of   425 ms (  2.6%): block-manager-ask-thread-pool-87
[2026-04-03T02:31:35.573+0600][65.433s][info][gc,stats    ]       7 of   425 ms (  1.7%): block-manager-ask-thread-pool-89
[2026-04-03T02:31:35.573+0600][65.433s][info][gc,stats    ]     338 of   425 ms ( 79.4%): <total>
[2026-04-03T02:31:35.573+0600][65.433s][info][gc,stats    ]       1 of   425 ms (  0.3%): <average total>
[2026-04-03T02:31:35.573+0600][65.433s][info][gc,stats    ]      26 of   425 ms (  6.1%): <average non-zero>
[2026-04-03T02:31:35.573+0600][65.433s][info][gc,stats    ] 
[2026-04-03T02:31:35.573+0600][65.433s][info][gc,metaspace] Metaspace: 131348K(132672K)->131348K(132672K) NonClass: 114883K(115520K)->114884K(115520K) Class: 16464K(17152K)->16464K(17152K)
[2026-04-03T02:31:35.573+0600][65.433s][info][gc,ergo     ] Pacer for Idle. Initial: 25600K, Alloc Tax Rate: 1.0x
[2026-04-03T02:31:36.168+0600][66.027s][info][gc          ] Trigger: Average GC time (170.94 ms) is above the time for average allocation rate (917 MB/s) to deplete free headroom (156M) (margin of error = 1.90)
[2026-04-03T02:31:36.168+0600][66.027s][info][gc,ergo     ] Free headroom: 218M (free) - 64000K (spike) - 0B (penalties) = 156M
[2026-04-03T02:31:36.168+0600][66.027s][info][gc,ergo     ] Free: 218M, Max: 512K regular, 172M humongous, Frag: 21% external, 0% internal; Reserve: 64000K, Max: 512K
[2026-04-03T02:31:36.168+0600][66.027s][info][gc,start    ] GC(64) Concurrent reset
[2026-04-03T02:31:36.168+0600][66.027s][info][gc,task     ] GC(64) Using 3 of 6 workers for concurrent reset
[2026-04-03T02:31:36.168+0600][66.027s][info][gc,ergo     ] GC(64) Pacer for Reset. Non-Taxable: 1250M
[2026-04-03T02:31:36.169+0600][66.028s][info][gc          ] GC(64) Concurrent reset 1.000ms
[2026-04-03T02:31:36.169+0600][66.028s][info][gc,start    ] GC(64) Pause Init Mark (unload classes)
[2026-04-03T02:31:36.169+0600][66.028s][info][gc,task     ] GC(64) Using 6 of 6 workers for init marking
[2026-04-03T02:31:36.169+0600][66.028s][info][gc,ergo     ] GC(64) Pacer for Mark. Expected Live: 94640K, Free: 216M, Non-Taxable: 22171K, Alloc Tax Rate: 0.5x
[2026-04-03T02:31:36.169+0600][66.028s][info][gc          ] GC(64) Pause Init Mark (unload classes) 0.130ms
[2026-04-03T02:31:36.169+0600][66.029s][info][gc,start    ] GC(64) Concurrent marking roots
[2026-04-03T02:31:36.169+0600][66.029s][info][gc,task     ] GC(64) Using 3 of 6 workers for concurrent marking roots
[2026-04-03T02:31:36.171+0600][66.030s][info][gc          ] GC(64) Concurrent marking roots 1.513ms
[2026-04-03T02:31:36.171+0600][66.030s][info][gc,start    ] GC(64) Concurrent marking (unload classes)
[2026-04-03T02:31:36.171+0600][66.030s][info][gc,task     ] GC(64) Using 3 of 6 workers for concurrent marking
[2026-04-03T02:31:36.220+0600][66.079s][info][gc          ] GC(64) Concurrent marking (unload classes) 48.793ms
[2026-04-03T02:31:36.220+0600][66.079s][info][gc,start    ] GC(64) Pause Final Mark (unload classes)
[2026-04-03T02:31:36.220+0600][66.079s][info][gc,task     ] GC(64) Using 6 of 6 workers for final marking
[2026-04-03T02:31:36.220+0600][66.079s][info][gc,ergo     ] GC(64) Adaptive CSet Selection. Target Free: 177M, Actual Free: 850M, Max CSet: 53333K, Min Garbage: 0B
[2026-04-03T02:31:36.220+0600][66.080s][info][gc,ergo     ] GC(64) Collectable Garbage: 790M (98%), Immediate: 607M (75%), CSet: 183M (22%)
[2026-04-03T02:31:36.220+0600][66.080s][info][gc,ergo     ] GC(64) Pacer for Evacuation. Used CSet: 190M, Free: 866M, Non-Taxable: 88710K, Alloc Tax Rate: 1.1x
[2026-04-03T02:31:36.220+0600][66.080s][info][gc          ] GC(64) Pause Final Mark (unload classes) 0.673ms
[2026-04-03T02:31:36.221+0600][66.080s][info][gc,start    ] GC(64) Concurrent thread roots
[2026-04-03T02:31:36.221+0600][66.080s][info][gc,task     ] GC(64) Using 3 of 6 workers for Concurrent thread roots
[2026-04-03T02:31:36.221+0600][66.081s][info][gc          ] GC(64) Concurrent thread roots 0.942ms
[2026-04-03T02:31:36.222+0600][66.081s][info][gc,start    ] GC(64) Concurrent weak references
[2026-04-03T02:31:36.222+0600][66.081s][info][gc,task     ] GC(64) Using 3 of 6 workers for concurrent weak references
[2026-04-03T02:31:36.222+0600][66.081s][info][gc,ref      ] GC(64) Encountered references: Soft: 3792, Weak: 15429, Final: 84, Phantom: 621
[2026-04-03T02:31:36.222+0600][66.081s][info][gc,ref      ] GC(64) Discovered  references: Soft: 0, Weak: 3765, Final: 0, Phantom: 541
[2026-04-03T02:31:36.222+0600][66.081s][info][gc,ref      ] GC(64) Enqueued    references: Soft: 0, Weak: 399, Final: 0, Phantom: 0
[2026-04-03T02:31:36.222+0600][66.081s][info][gc          ] GC(64) Concurrent weak references 0.398ms
[2026-04-03T02:31:36.222+0600][66.081s][info][gc,start    ] GC(64) Concurrent weak roots
[2026-04-03T02:31:36.222+0600][66.081s][info][gc,task     ] GC(64) Using 3 of 6 workers for concurrent weak root
[2026-04-03T02:31:36.226+0600][66.085s][info][gc          ] GC(64) Concurrent weak roots 3.811ms
[2026-04-03T02:31:36.226+0600][66.085s][info][gc,start    ] GC(64) Concurrent cleanup
[2026-04-03T02:31:36.226+0600][66.086s][info][gc          ] GC(64) Concurrent cleanup 926M->320M(1119M) 0.649ms
[2026-04-03T02:31:36.227+0600][66.086s][info][gc,ergo     ] GC(64) Free: 861M, Max: 512K regular, 234M humongous, Frag: 73% external, 0% internal; Reserve: 63610K, Max: 512K
[2026-04-03T02:31:36.227+0600][66.086s][info][gc,start    ] GC(64) Concurrent class unloading
[2026-04-03T02:31:36.227+0600][66.086s][info][gc,task     ] GC(64) Using 3 of 6 workers for concurrent class unloading
[2026-04-03T02:31:36.249+0600][66.108s][info][gc          ] GC(64) Concurrent class unloading 22.316ms
[2026-04-03T02:31:36.249+0600][66.108s][info][gc,start    ] GC(64) Concurrent strong roots
[2026-04-03T02:31:36.249+0600][66.108s][info][gc,task     ] GC(64) Using 3 of 6 workers for concurrent strong root
[2026-04-03T02:31:36.250+0600][66.110s][info][gc          ] GC(64) Concurrent strong roots 1.326ms
[2026-04-03T02:31:36.250+0600][66.110s][info][gc,start    ] GC(64) Concurrent evacuation
[2026-04-03T02:31:36.250+0600][66.110s][info][gc,task     ] GC(64) Using 3 of 6 workers for concurrent evacuation
[2026-04-03T02:31:36.260+0600][66.119s][info][gc          ] GC(64) Concurrent evacuation 9.216ms
[2026-04-03T02:31:36.260+0600][66.119s][info][gc,start    ] GC(64) Pause Init Update Refs
[2026-04-03T02:31:36.260+0600][66.119s][info][gc,ergo     ] GC(64) Pacer for Update Refs. Used: 348M, Free: 839M, Non-Taxable: 85972K, Alloc Tax Rate: 1.1x
[2026-04-03T02:31:36.260+0600][66.119s][info][gc          ] GC(64) Pause Init Update Refs 0.147ms
[2026-04-03T02:31:36.260+0600][66.120s][info][gc,start    ] GC(64) Concurrent update references
[2026-04-03T02:31:36.260+0600][66.120s][info][gc,task     ] GC(64) Using 3 of 6 workers for concurrent reference update
[2026-04-03T02:31:36.306+0600][66.165s][info][gc          ] GC(64) Concurrent update references 45.906ms
[2026-04-03T02:31:36.306+0600][66.166s][info][gc,start    ] GC(64) Concurrent update thread roots
[2026-04-03T02:31:36.308+0600][66.167s][info][gc          ] GC(64) Concurrent update thread roots 1.863ms
[2026-04-03T02:31:36.308+0600][66.168s][info][gc,start    ] GC(64) Pause Final Update Refs
[2026-04-03T02:31:36.308+0600][66.168s][info][gc,task     ] GC(64) Using 6 of 6 workers for final reference update
[2026-04-03T02:31:36.309+0600][66.168s][info][gc          ] GC(64) Pause Final Update Refs 0.195ms
[2026-04-03T02:31:36.309+0600][66.168s][info][gc,start    ] GC(64) Concurrent cleanup
[2026-04-03T02:31:36.309+0600][66.168s][info][gc          ] GC(64) Concurrent cleanup 388M->200M(1119M) 0.300ms
[2026-04-03T02:31:36.309+0600][66.168s][info][gc,ergo     ] Free: 973M, Max: 512K regular, 312M humongous, Frag: 68% external, 0% internal; Reserve: 64000K, Max: 512K
[2026-04-03T02:31:36.309+0600][66.168s][info][gc,stats    ] 
[2026-04-03T02:31:36.309+0600][66.168s][info][gc,stats    ] All times are wall-clock times, except per-root-class counters, that are sum over
[2026-04-03T02:31:36.309+0600][66.168s][info][gc,stats    ] all workers. Dividing the <total> over the root stage time estimates parallelism.
[2026-04-03T02:31:36.309+0600][66.168s][info][gc,stats    ] 
[2026-04-03T02:31:36.309+0600][66.169s][info][gc,stats    ] Concurrent Reset                   1059 us
[2026-04-03T02:31:36.309+0600][66.169s][info][gc,stats    ] Pause Init Mark (G)                 458 us
[2026-04-03T02:31:36.309+0600][66.169s][info][gc,stats    ] Pause Init Mark (N)                 140 us
[2026-04-03T02:31:36.309+0600][66.169s][info][gc,stats    ]   Update Region States               26 us
[2026-04-03T02:31:36.309+0600][66.169s][info][gc,stats    ] Concurrent Mark Roots              1610 us, parallelism: 1.95x
[2026-04-03T02:31:36.309+0600][66.169s][info][gc,stats    ]   CMR: <total>                     3146 us
[2026-04-03T02:31:36.309+0600][66.169s][info][gc,stats    ]   CMR: Thread Roots                2748 us, workers (us): 1028, 1029, 692, ---, ---, ---, 
[2026-04-03T02:31:36.309+0600][66.169s][info][gc,stats    ]   CMR: VM Strong Roots               70 us, workers (us):  30,  26,  14, ---, ---, ---, 
[2026-04-03T02:31:36.309+0600][66.169s][info][gc,stats    ]   CMR: CLDG Roots                   327 us, workers (us): ---, ---, 327, ---, ---, ---, 
[2026-04-03T02:31:36.309+0600][66.169s][info][gc,stats    ] Concurrent Marking                48851 us
[2026-04-03T02:31:36.309+0600][66.169s][info][gc,stats    ] Pause Final Mark (G)                870 us
[2026-04-03T02:31:36.309+0600][66.169s][info][gc,stats    ] Pause Final Mark (N)                683 us
[2026-04-03T02:31:36.309+0600][66.169s][info][gc,stats    ]   Finish Mark                       287 us
[2026-04-03T02:31:36.309+0600][66.169s][info][gc,stats    ]   Update Region States               34 us
[2026-04-03T02:31:36.309+0600][66.169s][info][gc,stats    ]   Choose Collection Set             217 us
[2026-04-03T02:31:36.309+0600][66.169s][info][gc,stats    ]   Rebuild Free Set                   37 us
[2026-04-03T02:31:36.309+0600][66.169s][info][gc,stats    ] Concurrent Thread Roots             988 us, parallelism: 2.21x
[2026-04-03T02:31:36.309+0600][66.169s][info][gc,stats    ]   CTR: <total>                     2189 us
[2026-04-03T02:31:36.309+0600][66.169s][info][gc,stats    ]   CTR: Thread Roots                2189 us, workers (us): 773, 706, 709, ---, ---, ---, 
[2026-04-03T02:31:36.309+0600][66.169s][info][gc,stats    ] Concurrent Weak References          406 us, parallelism: 1.87x
[2026-04-03T02:31:36.309+0600][66.169s][info][gc,stats    ]   CWRF: <total>                     757 us
[2026-04-03T02:31:36.309+0600][66.169s][info][gc,stats    ]   CWRF: Weak References             757 us, workers (us): 305, 238, 214, ---, ---, ---, 
[2026-04-03T02:31:36.309+0600][66.169s][info][gc,stats    ] Concurrent Weak Roots              3885 us
[2026-04-03T02:31:36.310+0600][66.169s][info][gc,stats    ]   Roots                            3474 us, parallelism: 2.72x
[2026-04-03T02:31:36.310+0600][66.169s][info][gc,stats    ]     CWR: <total>                   9441 us
[2026-04-03T02:31:36.310+0600][66.169s][info][gc,stats    ]     CWR: Code Cache Roots          7453 us, workers (us): 2595, 2552, 2305, ---, ---, ---, 
[2026-04-03T02:31:36.310+0600][66.169s][info][gc,stats    ]     CWR: VM Weak Roots             1795 us, workers (us): 619, 612, 565, ---, ---, ---, 
[2026-04-03T02:31:36.310+0600][66.169s][info][gc,stats    ]     CWR: CLDG Roots                 193 us, workers (us): ---, ---, 193, ---, ---, ---, 
[2026-04-03T02:31:36.310+0600][66.169s][info][gc,stats    ]   Rendezvous                        317 us
[2026-04-03T02:31:36.310+0600][66.169s][info][gc,stats    ] Concurrent Cleanup                  674 us
[2026-04-03T02:31:36.310+0600][66.169s][info][gc,stats    ] Concurrent Class Unloading        22444 us
[2026-04-03T02:31:36.310+0600][66.169s][info][gc,stats    ]   Unlink Stale                    20069 us
[2026-04-03T02:31:36.310+0600][66.169s][info][gc,stats    ]     System Dictionary               230 us
[2026-04-03T02:31:36.310+0600][66.169s][info][gc,stats    ]     Weak Class Links                  0 us
[2026-04-03T02:31:36.310+0600][66.169s][info][gc,stats    ]     Code Roots                    19835 us
[2026-04-03T02:31:36.310+0600][66.169s][info][gc,stats    ]   Rendezvous                        604 us
[2026-04-03T02:31:36.310+0600][66.169s][info][gc,stats    ]   Purge Unlinked                   1605 us
[2026-04-03T02:31:36.310+0600][66.169s][info][gc,stats    ]     Code Roots                     1577 us
[2026-04-03T02:31:36.310+0600][66.169s][info][gc,stats    ]     CLDG                             26 us
[2026-04-03T02:31:36.310+0600][66.169s][info][gc,stats    ]     Exception Caches                  1 us
[2026-04-03T02:31:36.310+0600][66.169s][info][gc,stats    ] Concurrent Strong Roots            1376 us, parallelism: 0.64x
[2026-04-03T02:31:36.310+0600][66.169s][info][gc,stats    ]   CSR: <total>                      878 us
[2026-04-03T02:31:36.310+0600][66.169s][info][gc,stats    ]   CSR: VM Strong Roots               66 us, workers (us):  34,  32,   0, ---, ---, ---, 
[2026-04-03T02:31:36.310+0600][66.169s][info][gc,stats    ]   CSR: CLDG Roots                   812 us, workers (us): 812, ---, ---, ---, ---, ---, 
[2026-04-03T02:31:36.310+0600][66.169s][info][gc,stats    ] Concurrent Evacuation              9338 us
[2026-04-03T02:31:36.310+0600][66.169s][info][gc,stats    ] Pause Init Update Refs (G)          495 us
[2026-04-03T02:31:36.310+0600][66.169s][info][gc,stats    ] Pause Init Update Refs (N)          190 us
[2026-04-03T02:31:36.310+0600][66.169s][info][gc,stats    ]   Manage GCLABs                      56 us
[2026-04-03T02:31:36.310+0600][66.169s][info][gc,stats    ] Concurrent Update Refs            46003 us
[2026-04-03T02:31:36.310+0600][66.169s][info][gc,stats    ] Concurrent Update Thread Roots     1944 us
[2026-04-03T02:31:36.310+0600][66.169s][info][gc,stats    ] Pause Final Update Refs (G)         506 us
[2026-04-03T02:31:36.310+0600][66.169s][info][gc,stats    ] Pause Final Update Refs (N)         217 us
[2026-04-03T02:31:36.310+0600][66.169s][info][gc,stats    ]   Update Region States               59 us
[2026-04-03T02:31:36.310+0600][66.169s][info][gc,stats    ]   Trash Collection Set               21 us
[2026-04-03T02:31:36.310+0600][66.169s][info][gc,stats    ]   Rebuild Free Set                   40 us
[2026-04-03T02:31:36.310+0600][66.169s][info][gc,stats    ] Concurrent Cleanup                  335 us
[2026-04-03T02:31:36.310+0600][66.169s][info][gc,stats    ] Pacing                            24865 us
[2026-04-03T02:31:36.310+0600][66.169s][info][gc,stats    ] 
[2026-04-03T02:31:36.310+0600][66.169s][info][gc,stats    ] Allocation pacing accrued:
[2026-04-03T02:31:36.310+0600][66.169s][info][gc,stats    ]       2 of   737 ms (  0.3%): dispatcher-event-loop-6
[2026-04-03T02:31:36.310+0600][66.169s][info][gc,stats    ]      23 of   737 ms (  3.1%): dag-scheduler-event-loop
[2026-04-03T02:31:36.310+0600][66.169s][info][gc,stats    ]      25 of   737 ms (  3.4%): <total>
[2026-04-03T02:31:36.310+0600][66.169s][info][gc,stats    ]       0 of   737 ms (  0.0%): <average total>
[2026-04-03T02:31:36.310+0600][66.169s][info][gc,stats    ]      12 of   737 ms (  1.7%): <average non-zero>
[2026-04-03T02:31:36.310+0600][66.169s][info][gc,stats    ] 
[2026-04-03T02:31:36.310+0600][66.169s][info][gc,metaspace] Metaspace: 131362K(132672K)->131362K(132672K) NonClass: 114898K(115520K)->114898K(115520K) Class: 16464K(17152K)->16464K(17152K)
[2026-04-03T02:31:36.310+0600][66.169s][info][gc,ergo     ] Pacer for Idle. Initial: 25600K, Alloc Tax Rate: 1.0x
[2026-04-03T02:31:36.954+0600][66.813s][info][gc          ] Trigger: Average GC time (163.24 ms) is above the time for average allocation rate (992 MB/s) to deplete free headroom (161M) (margin of error = 1.90)
[2026-04-03T02:31:36.954+0600][66.813s][info][gc,ergo     ] Free headroom: 224M (free) - 64000K (spike) - 0B (penalties) = 161M
[2026-04-03T02:31:36.954+0600][66.813s][info][gc,ergo     ] Free: 224M, Max: 512K regular, 223M humongous, Frag: 0% external, 1% internal; Reserve: 64000K, Max: 512K
[2026-04-03T02:31:36.954+0600][66.813s][info][gc,start    ] GC(65) Concurrent reset
[2026-04-03T02:31:36.954+0600][66.813s][info][gc,task     ] GC(65) Using 3 of 6 workers for concurrent reset
[2026-04-03T02:31:36.954+0600][66.813s][info][gc,ergo     ] GC(65) Pacer for Reset. Non-Taxable: 1250M
[2026-04-03T02:31:36.955+0600][66.815s][info][gc          ] GC(65) Concurrent reset 1.248ms
[2026-04-03T02:31:36.956+0600][66.815s][info][gc,start    ] GC(65) Pause Init Mark (unload classes)
[2026-04-03T02:31:36.956+0600][66.815s][info][gc,task     ] GC(65) Using 6 of 6 workers for init marking
[2026-04-03T02:31:36.956+0600][66.815s][info][gc,ergo     ] GC(65) Pacer for Mark. Expected Live: 94755K, Free: 222M, Non-Taxable: 22755K, Alloc Tax Rate: 0.5x
[2026-04-03T02:31:36.956+0600][66.815s][info][gc          ] GC(65) Pause Init Mark (unload classes) 0.151ms
[2026-04-03T02:31:36.956+0600][66.815s][info][gc,start    ] GC(65) Concurrent marking roots
[2026-04-03T02:31:36.956+0600][66.815s][info][gc,task     ] GC(65) Using 3 of 6 workers for concurrent marking roots
[2026-04-03T02:31:36.957+0600][66.816s][info][gc          ] GC(65) Concurrent marking roots 1.113ms
[2026-04-03T02:31:36.957+0600][66.816s][info][gc,start    ] GC(65) Concurrent marking (unload classes)
[2026-04-03T02:31:36.957+0600][66.816s][info][gc,task     ] GC(65) Using 3 of 6 workers for concurrent marking
[2026-04-03T02:31:37.019+0600][66.879s][info][gc          ] GC(65) Concurrent marking (unload classes) 62.272ms
[2026-04-03T02:31:37.020+0600][66.879s][info][gc,start    ] GC(65) Pause Final Mark (unload classes)
[2026-04-03T02:31:37.020+0600][66.879s][info][gc,task     ] GC(65) Using 6 of 6 workers for final marking
[2026-04-03T02:31:37.020+0600][66.879s][info][gc,ergo     ] GC(65) Adaptive CSet Selection. Target Free: 177M, Actual Free: 854M, Max CSet: 53333K, Min Garbage: 0B
[2026-04-03T02:31:37.020+0600][66.880s][info][gc,ergo     ] GC(65) Collectable Garbage: 778M (98%), Immediate: 606M (76%), CSet: 172M (21%)
[2026-04-03T02:31:37.020+0600][66.880s][info][gc,ergo     ] GC(65) Pacer for Evacuation. Used CSet: 178M, Free: 876M, Non-Taxable: 89734K, Alloc Tax Rate: 1.1x
[2026-04-03T02:31:37.020+0600][66.880s][info][gc          ] GC(65) Pause Final Mark (unload classes) 0.812ms
[2026-04-03T02:31:37.021+0600][66.880s][info][gc,start    ] GC(65) Concurrent thread roots
[2026-04-03T02:31:37.021+0600][66.880s][info][gc,task     ] GC(65) Using 3 of 6 workers for Concurrent thread roots
[2026-04-03T02:31:37.022+0600][66.882s][info][gc          ] GC(65) Concurrent thread roots 1.521ms
[2026-04-03T02:31:37.022+0600][66.882s][info][gc,start    ] GC(65) Concurrent weak references
[2026-04-03T02:31:37.022+0600][66.882s][info][gc,task     ] GC(65) Using 3 of 6 workers for concurrent weak references
[2026-04-03T02:31:37.024+0600][66.883s][info][gc,ref      ] GC(65) Encountered references: Soft: 3784, Weak: 16559, Final: 84, Phantom: 621
[2026-04-03T02:31:37.024+0600][66.883s][info][gc,ref      ] GC(65) Discovered  references: Soft: 0, Weak: 10175, Final: 0, Phantom: 616
[2026-04-03T02:31:37.024+0600][66.883s][info][gc,ref      ] GC(65) Enqueued    references: Soft: 0, Weak: 1734, Final: 0, Phantom: 0
[2026-04-03T02:31:37.024+0600][66.883s][info][gc          ] GC(65) Concurrent weak references 1.797ms
[2026-04-03T02:31:37.024+0600][66.883s][info][gc,start    ] GC(65) Concurrent weak roots
[2026-04-03T02:31:37.024+0600][66.883s][info][gc,task     ] GC(65) Using 3 of 6 workers for concurrent weak root
[2026-04-03T02:31:37.034+0600][66.893s][info][gc          ] GC(65) Concurrent weak roots 9.745ms
[2026-04-03T02:31:37.034+0600][66.893s][info][gc,start    ] GC(65) Concurrent cleanup
[2026-04-03T02:31:37.035+0600][66.894s][info][gc          ] GC(65) Concurrent cleanup 927M->323M(1119M) 0.924ms
[2026-04-03T02:31:37.035+0600][66.894s][info][gc,ergo     ] GC(65) Free: 861M, Max: 512K regular, 173M humongous, Frag: 80% external, 0% internal; Reserve: 63502K, Max: 512K
[2026-04-03T02:31:37.035+0600][66.894s][info][gc,start    ] GC(65) Concurrent class unloading
[2026-04-03T02:31:37.035+0600][66.894s][info][gc,task     ] GC(65) Using 3 of 6 workers for concurrent class unloading
[2026-04-03T02:31:37.060+0600][66.920s][info][gc          ] GC(65) Concurrent class unloading 25.218ms
[2026-04-03T02:31:37.060+0600][66.920s][info][gc,start    ] GC(65) Concurrent strong roots
[2026-04-03T02:31:37.060+0600][66.920s][info][gc,task     ] GC(65) Using 3 of 6 workers for concurrent strong root
[2026-04-03T02:31:37.062+0600][66.921s][info][gc          ] GC(65) Concurrent strong roots 1.198ms
[2026-04-03T02:31:37.062+0600][66.921s][info][gc,start    ] GC(65) Concurrent evacuation
[2026-04-03T02:31:37.062+0600][66.921s][info][gc,task     ] GC(65) Using 3 of 6 workers for concurrent evacuation
[2026-04-03T02:31:37.066+0600][66.925s][info][gc          ] GC(65) Concurrent evacuation 4.251ms
[2026-04-03T02:31:37.066+0600][66.926s][info][gc,start    ] GC(65) Pause Init Update Refs
[2026-04-03T02:31:37.066+0600][66.926s][info][gc,ergo     ] GC(65) Pacer for Update Refs. Used: 356M, Free: 834M, Non-Taxable: 85482K, Alloc Tax Rate: 1.1x
[2026-04-03T02:31:37.066+0600][66.926s][info][gc          ] GC(65) Pause Init Update Refs 0.084ms
[2026-04-03T02:31:37.067+0600][66.926s][info][gc,start    ] GC(65) Concurrent update references
[2026-04-03T02:31:37.067+0600][66.926s][info][gc,task     ] GC(65) Using 3 of 6 workers for concurrent reference update
[2026-04-03T02:31:37.118+0600][66.977s][info][gc          ] GC(65) Concurrent update references 51.537ms
[2026-04-03T02:31:37.118+0600][66.977s][info][gc,start    ] GC(65) Concurrent update thread roots
[2026-04-03T02:31:37.119+0600][66.979s][info][gc          ] GC(65) Concurrent update thread roots 1.158ms
[2026-04-03T02:31:37.120+0600][66.979s][info][gc,start    ] GC(65) Pause Final Update Refs
[2026-04-03T02:31:37.120+0600][66.979s][info][gc,task     ] GC(65) Using 6 of 6 workers for final reference update
[2026-04-03T02:31:37.120+0600][66.979s][info][gc          ] GC(65) Pause Final Update Refs 0.339ms
[2026-04-03T02:31:37.120+0600][66.979s][info][gc,start    ] GC(65) Concurrent cleanup
[2026-04-03T02:31:37.121+0600][66.980s][info][gc          ] GC(65) Concurrent cleanup 405M->228M(1119M) 0.560ms
[2026-04-03T02:31:37.121+0600][66.980s][info][gc,ergo     ] Free: 952M, Max: 512K regular, 509M humongous, Frag: 47% external, 0% internal; Reserve: 64000K, Max: 512K
[2026-04-03T02:31:37.121+0600][66.980s][info][gc,stats    ] 
[2026-04-03T02:31:37.121+0600][66.980s][info][gc,stats    ] All times are wall-clock times, except per-root-class counters, that are sum over
[2026-04-03T02:31:37.121+0600][66.980s][info][gc,stats    ] all workers. Dividing the <total> over the root stage time estimates parallelism.
[2026-04-03T02:31:37.121+0600][66.980s][info][gc,stats    ] 
[2026-04-03T02:31:37.121+0600][66.980s][info][gc,stats    ] Concurrent Reset                   1308 us
[2026-04-03T02:31:37.121+0600][66.980s][info][gc,stats    ] Pause Init Mark (G)                 580 us
[2026-04-03T02:31:37.121+0600][66.980s][info][gc,stats    ] Pause Init Mark (N)                 162 us
[2026-04-03T02:31:37.121+0600][66.980s][info][gc,stats    ]   Update Region States               29 us
[2026-04-03T02:31:37.121+0600][66.980s][info][gc,stats    ] Concurrent Mark Roots              1138 us, parallelism: 1.79x
[2026-04-03T02:31:37.121+0600][66.980s][info][gc,stats    ]   CMR: <total>                     2041 us
[2026-04-03T02:31:37.121+0600][66.980s][info][gc,stats    ]   CMR: Thread Roots                1717 us, workers (us): 393, 663, 661, ---, ---, ---, 
[2026-04-03T02:31:37.121+0600][66.980s][info][gc,stats    ]   CMR: VM Strong Roots               29 us, workers (us):  28,   1,   0, ---, ---, ---, 
[2026-04-03T02:31:37.121+0600][66.980s][info][gc,stats    ]   CMR: CLDG Roots                   295 us, workers (us): 295, ---, ---, ---, ---, ---, 
[2026-04-03T02:31:37.121+0600][66.980s][info][gc,stats    ] Concurrent Marking                62362 us
[2026-04-03T02:31:37.121+0600][66.980s][info][gc,stats    ] Pause Final Mark (G)               1189 us
[2026-04-03T02:31:37.121+0600][66.980s][info][gc,stats    ] Pause Final Mark (N)                828 us
[2026-04-03T02:31:37.121+0600][66.980s][info][gc,stats    ]   Finish Mark                       234 us
[2026-04-03T02:31:37.121+0600][66.980s][info][gc,stats    ]   Update Region States               65 us
[2026-04-03T02:31:37.121+0600][66.980s][info][gc,stats    ]   Choose Collection Set             271 us
[2026-04-03T02:31:37.121+0600][66.980s][info][gc,stats    ]   Rebuild Free Set                   35 us
[2026-04-03T02:31:37.121+0600][66.980s][info][gc,stats    ] Concurrent Thread Roots            1603 us, parallelism: 2.25x
[2026-04-03T02:31:37.121+0600][66.980s][info][gc,stats    ]   CTR: <total>                     3607 us
[2026-04-03T02:31:37.121+0600][66.980s][info][gc,stats    ]   CTR: Thread Roots                3607 us, workers (us): 1329, 1147, 1131, ---, ---, ---, 
[2026-04-03T02:31:37.121+0600][66.980s][info][gc,stats    ] Concurrent Weak References         1810 us, parallelism: 0.89x
[2026-04-03T02:31:37.121+0600][66.980s][info][gc,stats    ]   CWRF: <total>                    1609 us
[2026-04-03T02:31:37.121+0600][66.980s][info][gc,stats    ]   CWRF: Weak References            1609 us, workers (us): 1607,   1,   0, ---, ---, ---, 
[2026-04-03T02:31:37.121+0600][66.980s][info][gc,stats    ] Concurrent Weak Roots              9859 us
[2026-04-03T02:31:37.121+0600][66.980s][info][gc,stats    ]   Roots                            7773 us, parallelism: 2.73x
[2026-04-03T02:31:37.121+0600][66.980s][info][gc,stats    ]     CWR: <total>                  21218 us
[2026-04-03T02:31:37.121+0600][66.980s][info][gc,stats    ]     CWR: Code Cache Roots         17774 us, workers (us): 5929, 6127, 5717, ---, ---, ---, 
[2026-04-03T02:31:37.121+0600][66.980s][info][gc,stats    ]     CWR: VM Weak Roots             3149 us, workers (us): 1275, 1295, 579, ---, ---, ---, 
[2026-04-03T02:31:37.121+0600][66.980s][info][gc,stats    ]     CWR: CLDG Roots                 295 us, workers (us): ---, ---, 295, ---, ---, ---, 
[2026-04-03T02:31:37.121+0600][66.980s][info][gc,stats    ]   Rendezvous                       1937 us
[2026-04-03T02:31:37.121+0600][66.980s][info][gc,stats    ] Concurrent Cleanup                  957 us
[2026-04-03T02:31:37.121+0600][66.980s][info][gc,stats    ] Concurrent Class Unloading        25325 us
[2026-04-03T02:31:37.121+0600][66.980s][info][gc,stats    ]   Unlink Stale                    22463 us
[2026-04-03T02:31:37.121+0600][66.980s][info][gc,stats    ]     System Dictionary               306 us
[2026-04-03T02:31:37.121+0600][66.981s][info][gc,stats    ]     Weak Class Links                  0 us
[2026-04-03T02:31:37.121+0600][66.981s][info][gc,stats    ]     Code Roots                    22153 us
[2026-04-03T02:31:37.121+0600][66.981s][info][gc,stats    ]   Rendezvous                        390 us
[2026-04-03T02:31:37.121+0600][66.981s][info][gc,stats    ]   Purge Unlinked                   2323 us
[2026-04-03T02:31:37.121+0600][66.981s][info][gc,stats    ]     Code Roots                     2303 us
[2026-04-03T02:31:37.121+0600][66.981s][info][gc,stats    ]     CLDG                             19 us
[2026-04-03T02:31:37.121+0600][66.981s][info][gc,stats    ]     Exception Caches                  1 us
[2026-04-03T02:31:37.121+0600][66.981s][info][gc,stats    ] Concurrent Strong Roots            1252 us, parallelism: 0.68x
[2026-04-03T02:31:37.121+0600][66.981s][info][gc,stats    ]   CSR: <total>                      847 us
[2026-04-03T02:31:37.121+0600][66.981s][info][gc,stats    ]   CSR: VM Strong Roots               88 us, workers (us):  46,  41,   0, ---, ---, ---, 
[2026-04-03T02:31:37.121+0600][66.981s][info][gc,stats    ]   CSR: CLDG Roots                   759 us, workers (us): ---, 759, ---, ---, ---, ---, 
[2026-04-03T02:31:37.121+0600][66.981s][info][gc,stats    ] Concurrent Evacuation              4354 us
[2026-04-03T02:31:37.121+0600][66.981s][info][gc,stats    ] Pause Init Update Refs (G)          597 us
[2026-04-03T02:31:37.121+0600][66.981s][info][gc,stats    ] Pause Init Update Refs (N)           95 us
[2026-04-03T02:31:37.121+0600][66.981s][info][gc,stats    ]   Manage GCLABs                      30 us
[2026-04-03T02:31:37.121+0600][66.981s][info][gc,stats    ] Concurrent Update Refs            51645 us
[2026-04-03T02:31:37.121+0600][66.981s][info][gc,stats    ] Concurrent Update Thread Roots     1214 us
[2026-04-03T02:31:37.121+0600][66.981s][info][gc,stats    ] Pause Final Update Refs (G)         682 us
[2026-04-03T02:31:37.121+0600][66.981s][info][gc,stats    ] Pause Final Update Refs (N)         398 us
[2026-04-03T02:31:37.121+0600][66.981s][info][gc,stats    ]   Update Region States               53 us
[2026-04-03T02:31:37.121+0600][66.981s][info][gc,stats    ]   Trash Collection Set               43 us
[2026-04-03T02:31:37.121+0600][66.981s][info][gc,stats    ]   Rebuild Free Set                  153 us
[2026-04-03T02:31:37.121+0600][66.981s][info][gc,stats    ] Concurrent Cleanup                  585 us
[2026-04-03T02:31:37.121+0600][66.981s][info][gc,stats    ] Pacing                           160022 us
[2026-04-03T02:31:37.121+0600][66.981s][info][gc,stats    ] 
[2026-04-03T02:31:37.121+0600][66.981s][info][gc,stats    ] Allocation pacing accrued:
[2026-04-03T02:31:37.121+0600][66.981s][info][gc,stats    ]      19 of   811 ms (  2.4%): Executor task launch worker for task 6.0 in stage 2729.0 (TID 5079)
[2026-04-03T02:31:37.121+0600][66.981s][info][gc,stats    ]      21 of   811 ms (  2.6%): Executor task launch worker for task 2.0 in stage 2729.0 (TID 5075)
[2026-04-03T02:31:37.121+0600][66.981s][info][gc,stats    ]      22 of   811 ms (  2.7%): Executor task launch worker for task 4.0 in stage 2729.0 (TID 5077)
[2026-04-03T02:31:37.122+0600][66.981s][info][gc,stats    ]      20 of   811 ms (  2.4%): Executor task launch worker for task 1.0 in stage 2729.0 (TID 5074)
[2026-04-03T02:31:37.122+0600][66.981s][info][gc,stats    ]      21 of   811 ms (  2.6%): Executor task launch worker for task 0.0 in stage 2729.0 (TID 5073)
[2026-04-03T02:31:37.122+0600][66.981s][info][gc,stats    ]      19 of   811 ms (  2.3%): Executor task launch worker for task 7.0 in stage 2729.0 (TID 5080)
[2026-04-03T02:31:37.122+0600][66.981s][info][gc,stats    ]      20 of   811 ms (  2.4%): Executor task launch worker for task 3.0 in stage 2729.0 (TID 5076)
[2026-04-03T02:31:37.122+0600][66.981s][info][gc,stats    ]      19 of   811 ms (  2.3%): Executor task launch worker for task 5.0 in stage 2729.0 (TID 5078)
[2026-04-03T02:31:37.122+0600][66.981s][info][gc,stats    ]     160 of   811 ms ( 19.7%): <total>
[2026-04-03T02:31:37.122+0600][66.981s][info][gc,stats    ]       1 of   811 ms (  0.1%): <average total>
[2026-04-03T02:31:37.122+0600][66.981s][info][gc,stats    ]      20 of   811 ms (  2.5%): <average non-zero>
[2026-04-03T02:31:37.122+0600][66.981s][info][gc,stats    ] 
[2026-04-03T02:31:37.122+0600][66.981s][info][gc,metaspace] Metaspace: 131374K(132672K)->131376K(132672K) NonClass: 114908K(115520K)->114909K(115520K) Class: 16466K(17152K)->16466K(17152K)
[2026-04-03T02:31:37.122+0600][66.981s][info][gc,ergo     ] Pacer for Idle. Initial: 25600K, Alloc Tax Rate: 1.0x
[2026-04-03T02:31:37.324+0600][67.183s][info][gc          ] Trigger: Average GC time (183.74 ms) is above the time for average allocation rate (2593 MB/s) to deplete free headroom (359M) (margin of error = 1.90)
[2026-04-03T02:31:37.324+0600][67.183s][info][gc,ergo     ] Free headroom: 421M (free) - 64000K (spike) - 0B (penalties) = 359M
[2026-04-03T02:31:37.324+0600][67.183s][info][gc,ergo     ] Free: 421M, Max: 512K regular, 248M humongous, Frag: 42% external, 0% internal; Reserve: 64000K, Max: 512K
[2026-04-03T02:31:37.324+0600][67.183s][info][gc,start    ] GC(66) Concurrent reset
[2026-04-03T02:31:37.324+0600][67.183s][info][gc,task     ] GC(66) Using 3 of 6 workers for concurrent reset
[2026-04-03T02:31:37.324+0600][67.183s][info][gc,ergo     ] GC(66) Pacer for Reset. Non-Taxable: 1250M
[2026-04-03T02:31:37.325+0600][67.184s][info][gc          ] GC(66) Concurrent reset 1.176ms
[2026-04-03T02:31:37.325+0600][67.184s][info][gc,start    ] GC(66) Pause Init Mark (unload classes)
[2026-04-03T02:31:37.325+0600][67.184s][info][gc,task     ] GC(66) Using 6 of 6 workers for init marking
[2026-04-03T02:31:37.325+0600][67.185s][info][gc,ergo     ] GC(66) Pacer for Mark. Expected Live: 94436K, Free: 421M, Non-Taxable: 43178K, Alloc Tax Rate: 0.3x
[2026-04-03T02:31:37.325+0600][67.185s][info][gc          ] GC(66) Pause Init Mark (unload classes) 0.125ms
[2026-04-03T02:31:37.325+0600][67.185s][info][gc,start    ] GC(66) Concurrent marking roots
[2026-04-03T02:31:37.325+0600][67.185s][info][gc,task     ] GC(66) Using 3 of 6 workers for concurrent marking roots
[2026-04-03T02:31:37.326+0600][67.186s][info][gc          ] GC(66) Concurrent marking roots 1.065ms
[2026-04-03T02:31:37.326+0600][67.186s][info][gc,start    ] GC(66) Concurrent marking (unload classes)
[2026-04-03T02:31:37.326+0600][67.186s][info][gc,task     ] GC(66) Using 3 of 6 workers for concurrent marking
[2026-04-03T02:31:37.378+0600][67.237s][info][gc          ] GC(66) Concurrent marking (unload classes) 51.588ms
[2026-04-03T02:31:37.379+0600][67.238s][info][gc,start    ] GC(66) Pause Final Mark (unload classes)
[2026-04-03T02:31:37.379+0600][67.238s][info][gc,task     ] GC(66) Using 6 of 6 workers for final marking
[2026-04-03T02:31:37.380+0600][67.239s][info][gc,ergo     ] GC(66) Adaptive CSet Selection. Target Free: 177M, Actual Free: 914M, Max CSet: 53333K, Min Garbage: 0B
[2026-04-03T02:31:37.380+0600][67.239s][info][gc,ergo     ] GC(66) Collectable Garbage: 609M (98%), Immediate: 532M (86%), CSet: 78809K (12%)
[2026-04-03T02:31:37.380+0600][67.239s][info][gc,ergo     ] GC(66) Pacer for Evacuation. Used CSet: 82716K, Free: 907M, Non-Taxable: 92887K, Alloc Tax Rate: 1.1x
[2026-04-03T02:31:37.380+0600][67.239s][info][gc          ] GC(66) Pause Final Mark (unload classes) 0.639ms
[2026-04-03T02:31:37.380+0600][67.239s][info][gc,start    ] GC(66) Concurrent thread roots
[2026-04-03T02:31:37.380+0600][67.239s][info][gc,task     ] GC(66) Using 3 of 6 workers for Concurrent thread roots
[2026-04-03T02:31:37.381+0600][67.240s][info][gc          ] GC(66) Concurrent thread roots 0.996ms
[2026-04-03T02:31:37.381+0600][67.240s][info][gc,start    ] GC(66) Concurrent weak references
[2026-04-03T02:31:37.381+0600][67.240s][info][gc,task     ] GC(66) Using 3 of 6 workers for concurrent weak references
[2026-04-03T02:31:37.382+0600][67.242s][info][gc,ref      ] GC(66) Encountered references: Soft: 3784, Weak: 15361, Final: 84, Phantom: 621
[2026-04-03T02:31:37.383+0600][67.242s][info][gc,ref      ] GC(66) Discovered  references: Soft: 0, Weak: 9646, Final: 68, Phantom: 599
[2026-04-03T02:31:37.383+0600][67.242s][info][gc,ref      ] GC(66) Enqueued    references: Soft: 0, Weak: 794, Final: 0, Phantom: 0
[2026-04-03T02:31:37.383+0600][67.242s][info][gc          ] GC(66) Concurrent weak references 1.633ms
[2026-04-03T02:31:37.383+0600][67.242s][info][gc,start    ] GC(66) Concurrent weak roots
[2026-04-03T02:31:37.383+0600][67.242s][info][gc,task     ] GC(66) Using 3 of 6 workers for concurrent weak root
[2026-04-03T02:31:37.388+0600][67.248s][info][gc          ] GC(66) Concurrent weak roots 5.588ms
[2026-04-03T02:31:37.388+0600][67.248s][info][gc,start    ] GC(66) Concurrent cleanup
[2026-04-03T02:31:37.389+0600][67.248s][info][gc          ] GC(66) Concurrent cleanup 883M->350M(1119M) 0.643ms
[2026-04-03T02:31:37.389+0600][67.248s][info][gc,ergo     ] GC(66) Free: 816M, Max: 512K regular, 202M humongous, Frag: 76% external, 0% internal; Reserve: 63423K, Max: 512K
[2026-04-03T02:31:37.389+0600][67.248s][info][gc,start    ] GC(66) Concurrent class unloading
[2026-04-03T02:31:37.389+0600][67.248s][info][gc,task     ] GC(66) Using 3 of 6 workers for concurrent class unloading
[2026-04-03T02:31:37.404+0600][67.263s][info][gc          ] GC(66) Concurrent class unloading 14.927ms
[2026-04-03T02:31:37.404+0600][67.263s][info][gc,start    ] GC(66) Concurrent strong roots
[2026-04-03T02:31:37.404+0600][67.263s][info][gc,task     ] GC(66) Using 3 of 6 workers for concurrent strong root
[2026-04-03T02:31:37.405+0600][67.264s][info][gc          ] GC(66) Concurrent strong roots 0.823ms
[2026-04-03T02:31:37.405+0600][67.264s][info][gc,start    ] GC(66) Concurrent evacuation
[2026-04-03T02:31:37.405+0600][67.264s][info][gc,task     ] GC(66) Using 3 of 6 workers for concurrent evacuation
[2026-04-03T02:31:37.407+0600][67.266s][info][gc          ] GC(66) Concurrent evacuation 1.777ms
[2026-04-03T02:31:37.407+0600][67.266s][info][gc,start    ] GC(66) Pause Init Update Refs
[2026-04-03T02:31:37.407+0600][67.266s][info][gc,ergo     ] GC(66) Pacer for Update Refs. Used: 355M, Free: 815M, Non-Taxable: 83499K, Alloc Tax Rate: 1.1x
[2026-04-03T02:31:37.407+0600][67.266s][info][gc          ] GC(66) Pause Init Update Refs 0.113ms
[2026-04-03T02:31:37.407+0600][67.266s][info][gc,start    ] GC(66) Concurrent update references
[2026-04-03T02:31:37.407+0600][67.266s][info][gc,task     ] GC(66) Using 3 of 6 workers for concurrent reference update
[2026-04-03T02:31:37.454+0600][67.313s][info][gc          ] GC(66) Concurrent update references 46.948ms
[2026-04-03T02:31:37.454+0600][67.313s][info][gc,start    ] GC(66) Concurrent update thread roots
[2026-04-03T02:31:37.456+0600][67.315s][info][gc          ] GC(66) Concurrent update thread roots 1.447ms
[2026-04-03T02:31:37.456+0600][67.315s][info][gc,start    ] GC(66) Pause Final Update Refs
[2026-04-03T02:31:37.456+0600][67.315s][info][gc,task     ] GC(66) Using 6 of 6 workers for final reference update
[2026-04-03T02:31:37.456+0600][67.316s][info][gc          ] GC(66) Pause Final Update Refs 0.226ms
[2026-04-03T02:31:37.457+0600][67.316s][info][gc,start    ] GC(66) Concurrent cleanup
[2026-04-03T02:31:37.457+0600][67.317s][info][gc          ] GC(66) Concurrent cleanup 503M->424M(1119M) 0.552ms
[2026-04-03T02:31:37.457+0600][67.317s][info][gc,ergo     ] Free: 725M, Max: 512K regular, 278M humongous, Frag: 62% external, 0% internal; Reserve: 64000K, Max: 512K
[2026-04-03T02:31:37.457+0600][67.317s][info][gc,stats    ] 
[2026-04-03T02:31:37.458+0600][67.317s][info][gc,stats    ] All times are wall-clock times, except per-root-class counters, that are sum over
[2026-04-03T02:31:37.458+0600][67.317s][info][gc,stats    ] all workers. Dividing the <total> over the root stage time estimates parallelism.
[2026-04-03T02:31:37.458+0600][67.317s][info][gc,stats    ] 
[2026-04-03T02:31:37.458+0600][67.317s][info][gc,stats    ] Concurrent Reset                   1228 us
[2026-04-03T02:31:37.458+0600][67.317s][info][gc,stats    ] Pause Init Mark (G)                 448 us
[2026-04-03T02:31:37.458+0600][67.317s][info][gc,stats    ] Pause Init Mark (N)                 132 us
[2026-04-03T02:31:37.458+0600][67.317s][info][gc,stats    ]   Update Region States               21 us
[2026-04-03T02:31:37.458+0600][67.317s][info][gc,stats    ] Concurrent Mark Roots              1101 us, parallelism: 1.76x
[2026-04-03T02:31:37.458+0600][67.317s][info][gc,stats    ]   CMR: <total>                     1938 us
[2026-04-03T02:31:37.458+0600][67.317s][info][gc,stats    ]   CMR: Thread Roots                1713 us, workers (us): 466, 621, 626, ---, ---, ---, 
[2026-04-03T02:31:37.458+0600][67.317s][info][gc,stats    ]   CMR: VM Strong Roots               31 us, workers (us):  29,   1,   1, ---, ---, ---, 
[2026-04-03T02:31:37.458+0600][67.317s][info][gc,stats    ]   CMR: CLDG Roots                   194 us, workers (us): 194, ---, ---, ---, ---, ---, 
[2026-04-03T02:31:37.458+0600][67.317s][info][gc,stats    ] Concurrent Marking                51656 us
[2026-04-03T02:31:37.458+0600][67.317s][info][gc,stats    ] Pause Final Mark (G)               1812 us
[2026-04-03T02:31:37.458+0600][67.317s][info][gc,stats    ] Pause Final Mark (N)                653 us
[2026-04-03T02:31:37.458+0600][67.317s][info][gc,stats    ]   Finish Mark                       244 us
[2026-04-03T02:31:37.458+0600][67.317s][info][gc,stats    ]   Update Region States               77 us
[2026-04-03T02:31:37.458+0600][67.317s][info][gc,stats    ]   Choose Collection Set             165 us
[2026-04-03T02:31:37.458+0600][67.317s][info][gc,stats    ]   Rebuild Free Set                   26 us
[2026-04-03T02:31:37.458+0600][67.317s][info][gc,stats    ] Concurrent Thread Roots            1033 us, parallelism: 2.19x
[2026-04-03T02:31:37.458+0600][67.317s][info][gc,stats    ]   CTR: <total>                     2257 us
[2026-04-03T02:31:37.458+0600][67.317s][info][gc,stats    ]   CTR: Thread Roots                2257 us, workers (us): 780, 763, 714, ---, ---, ---, 
[2026-04-03T02:31:37.458+0600][67.317s][info][gc,stats    ] Concurrent Weak References         1654 us, parallelism: 0.94x
[2026-04-03T02:31:37.458+0600][67.317s][info][gc,stats    ]   CWRF: <total>                    1552 us
[2026-04-03T02:31:37.458+0600][67.317s][info][gc,stats    ]   CWRF: Weak References            1552 us, workers (us): 1320,  76, 156, ---, ---, ---, 
[2026-04-03T02:31:37.458+0600][67.317s][info][gc,stats    ] Concurrent Weak Roots              5670 us
[2026-04-03T02:31:37.458+0600][67.317s][info][gc,stats    ]   Roots                            4963 us, parallelism: 2.70x
[2026-04-03T02:31:37.458+0600][67.317s][info][gc,stats    ]     CWR: <total>                  13423 us
[2026-04-03T02:31:37.458+0600][67.317s][info][gc,stats    ]     CWR: Code Cache Roots         10832 us, workers (us): 3447, 3692, 3693, ---, ---, ---, 
[2026-04-03T02:31:37.458+0600][67.317s][info][gc,stats    ]     CWR: VM Weak Roots             2325 us, workers (us): 809, 764, 752, ---, ---, ---, 
[2026-04-03T02:31:37.458+0600][67.317s][info][gc,stats    ]     CWR: CLDG Roots                 267 us, workers (us): 267, ---, ---, ---, ---, ---, 
[2026-04-03T02:31:37.458+0600][67.317s][info][gc,stats    ]   Rendezvous                        584 us
[2026-04-03T02:31:37.458+0600][67.317s][info][gc,stats    ] Concurrent Cleanup                  660 us
[2026-04-03T02:31:37.458+0600][67.317s][info][gc,stats    ] Concurrent Class Unloading        15001 us
[2026-04-03T02:31:37.458+0600][67.317s][info][gc,stats    ]   Unlink Stale                    14006 us
[2026-04-03T02:31:37.458+0600][67.317s][info][gc,stats    ]     System Dictionary               310 us
[2026-04-03T02:31:37.458+0600][67.317s][info][gc,stats    ]     Weak Class Links                  0 us
[2026-04-03T02:31:37.458+0600][67.317s][info][gc,stats    ]     Code Roots                    13693 us
[2026-04-03T02:31:37.458+0600][67.317s][info][gc,stats    ]   Rendezvous                        453 us
[2026-04-03T02:31:37.458+0600][67.317s][info][gc,stats    ]   Purge Unlinked                    441 us
[2026-04-03T02:31:37.458+0600][67.317s][info][gc,stats    ]     Code Roots                      430 us
[2026-04-03T02:31:37.458+0600][67.317s][info][gc,stats    ]     CLDG                             10 us
[2026-04-03T02:31:37.458+0600][67.317s][info][gc,stats    ]     Exception Caches                  0 us
[2026-04-03T02:31:37.458+0600][67.317s][info][gc,stats    ] Concurrent Strong Roots             853 us, parallelism: 0.60x
[2026-04-03T02:31:37.458+0600][67.317s][info][gc,stats    ]   CSR: <total>                      510 us
[2026-04-03T02:31:37.458+0600][67.317s][info][gc,stats    ]   CSR: VM Strong Roots               32 us, workers (us):  30,   1,   0, ---, ---, ---, 
[2026-04-03T02:31:37.458+0600][67.317s][info][gc,stats    ]   CSR: CLDG Roots                   478 us, workers (us): 478, ---, ---, ---, ---, ---, 
[2026-04-03T02:31:37.458+0600][67.317s][info][gc,stats    ] Concurrent Evacuation              1839 us
[2026-04-03T02:31:37.458+0600][67.317s][info][gc,stats    ] Pause Init Update Refs (G)          431 us
[2026-04-03T02:31:37.458+0600][67.318s][info][gc,stats    ] Pause Init Update Refs (N)          127 us
[2026-04-03T02:31:37.458+0600][67.318s][info][gc,stats    ]   Manage GCLABs                      30 us
[2026-04-03T02:31:37.458+0600][67.318s][info][gc,stats    ] Concurrent Update Refs            47036 us
[2026-04-03T02:31:37.458+0600][67.318s][info][gc,stats    ] Concurrent Update Thread Roots     1534 us
[2026-04-03T02:31:37.458+0600][67.318s][info][gc,stats    ] Pause Final Update Refs (G)        1053 us
[2026-04-03T02:31:37.458+0600][67.318s][info][gc,stats    ] Pause Final Update Refs (N)         250 us
[2026-04-03T02:31:37.458+0600][67.318s][info][gc,stats    ]   Update Region States               63 us
[2026-04-03T02:31:37.458+0600][67.318s][info][gc,stats    ]   Trash Collection Set               13 us
[2026-04-03T02:31:37.458+0600][67.318s][info][gc,stats    ]   Rebuild Free Set                   49 us
[2026-04-03T02:31:37.458+0600][67.318s][info][gc,stats    ] Concurrent Cleanup                  610 us
[2026-04-03T02:31:37.458+0600][67.318s][info][gc,stats    ] Pacing                           201996 us
[2026-04-03T02:31:37.458+0600][67.318s][info][gc,stats    ] 
[2026-04-03T02:31:37.458+0600][67.318s][info][gc,stats    ] Allocation pacing accrued:
[2026-04-03T02:31:37.458+0600][67.318s][info][gc,stats    ]       9 of   337 ms (  2.8%): Spark Context Cleaner
[2026-04-03T02:31:37.458+0600][67.318s][info][gc,stats    ]      10 of   337 ms (  3.1%): spark-listener-group-appStatus
[2026-04-03T02:31:37.458+0600][67.318s][info][gc,stats    ]      10 of   337 ms (  3.1%): spark-listener-group-executorManagement
[2026-04-03T02:31:37.458+0600][67.318s][info][gc,stats    ]      10 of   337 ms (  3.0%): spark-listener-group-shared
[2026-04-03T02:31:37.458+0600][67.318s][info][gc,stats    ]      35 of   337 ms ( 10.5%): Executor task launch worker for task 2.0 in stage 2745.0 (TID 5105)
[2026-04-03T02:31:37.458+0600][67.318s][info][gc,stats    ]      35 of   337 ms ( 10.5%): Executor task launch worker for task 3.0 in stage 2745.0 (TID 5106)
[2026-04-03T02:31:37.458+0600][67.318s][info][gc,stats    ]      35 of   337 ms ( 10.3%): Executor task launch worker for task 0.0 in stage 2745.0 (TID 5103)
[2026-04-03T02:31:37.458+0600][67.318s][info][gc,stats    ]      35 of   337 ms ( 10.4%): Executor task launch worker for task 1.0 in stage 2745.0 (TID 5104)
[2026-04-03T02:31:37.458+0600][67.318s][info][gc,stats    ]      21 of   337 ms (  6.4%): block-manager-storage-async-thread-pool-75
[2026-04-03T02:31:37.458+0600][67.318s][info][gc,stats    ]     202 of   337 ms ( 60.0%): <total>
[2026-04-03T02:31:37.459+0600][67.318s][info][gc,stats    ]       1 of   337 ms (  0.2%): <average total>
[2026-04-03T02:31:37.459+0600][67.318s][info][gc,stats    ]      22 of   337 ms (  6.7%): <average non-zero>
[2026-04-03T02:31:37.459+0600][67.318s][info][gc,stats    ] 
[2026-04-03T02:31:37.459+0600][67.318s][info][gc,metaspace] Metaspace: 131381K(132672K)->131385K(132672K) NonClass: 114914K(115520K)->114918K(115520K) Class: 16466K(17152K)->16466K(17152K)
[2026-04-03T02:31:37.459+0600][67.318s][info][gc,ergo     ] Pacer for Idle. Initial: 25600K, Alloc Tax Rate: 1.0x
[2026-04-03T02:31:37.986+0600][67.845s][info][gc          ] Trigger: Average GC time (172.09 ms) is above the time for average allocation rate (1097 MB/s) to deplete free headroom (187M) (margin of error = 1.92)
[2026-04-03T02:31:37.986+0600][67.845s][info][gc,ergo     ] Free headroom: 250M (free) - 64000K (spike) - 0B (penalties) = 187M
[2026-04-03T02:31:37.986+0600][67.845s][info][gc,ergo     ] Free: 250M, Max: 512K regular, 249M humongous, Frag: 0% external, 0% internal; Reserve: 64000K, Max: 512K
[2026-04-03T02:31:37.986+0600][67.845s][info][gc,start    ] GC(67) Concurrent reset
[2026-04-03T02:31:37.986+0600][67.845s][info][gc,task     ] GC(67) Using 3 of 6 workers for concurrent reset
[2026-04-03T02:31:37.986+0600][67.845s][info][gc,ergo     ] GC(67) Pacer for Reset. Non-Taxable: 1250M
[2026-04-03T02:31:37.987+0600][67.846s][info][gc          ] GC(67) Concurrent reset 0.825ms
[2026-04-03T02:31:37.987+0600][67.846s][info][gc,start    ] GC(67) Pause Init Mark (unload classes)
[2026-04-03T02:31:37.987+0600][67.846s][info][gc,task     ] GC(67) Using 6 of 6 workers for init marking
[2026-04-03T02:31:37.987+0600][67.846s][info][gc,ergo     ] GC(67) Pacer for Mark. Expected Live: 94159K, Free: 249M, Non-Taxable: 25580K, Alloc Tax Rate: 0.4x
[2026-04-03T02:31:37.987+0600][67.846s][info][gc          ] GC(67) Pause Init Mark (unload classes) 0.112ms
[2026-04-03T02:31:37.987+0600][67.846s][info][gc,start    ] GC(67) Concurrent marking roots
[2026-04-03T02:31:37.987+0600][67.846s][info][gc,task     ] GC(67) Using 3 of 6 workers for concurrent marking roots
[2026-04-03T02:31:37.989+0600][67.849s][info][gc          ] GC(67) Concurrent marking roots 2.241ms
[2026-04-03T02:31:37.989+0600][67.849s][info][gc,start    ] GC(67) Concurrent marking (unload classes)
[2026-04-03T02:31:37.989+0600][67.849s][info][gc,task     ] GC(67) Using 3 of 6 workers for concurrent marking
[2026-04-03T02:31:38.055+0600][67.914s][info][gc          ] GC(67) Concurrent marking (unload classes) 65.514ms
[2026-04-03T02:31:38.055+0600][67.914s][info][gc,start    ] GC(67) Pause Final Mark (unload classes)
[2026-04-03T02:31:38.055+0600][67.914s][info][gc,task     ] GC(67) Using 6 of 6 workers for final marking
[2026-04-03T02:31:38.055+0600][67.915s][info][gc,ergo     ] GC(67) Adaptive CSet Selection. Target Free: 177M, Actual Free: 850M, Max CSet: 53333K, Min Garbage: 0B
[2026-04-03T02:31:38.056+0600][67.915s][info][gc,ergo     ] GC(67) Collectable Garbage: 762M (98%), Immediate: 578M (74%), CSet: 184M (23%)
[2026-04-03T02:31:38.056+0600][67.915s][info][gc,ergo     ] GC(67) Pacer for Evacuation. Used CSet: 190M, Free: 861M, Non-Taxable: 88198K, Alloc Tax Rate: 1.1x
[2026-04-03T02:31:38.056+0600][67.915s][info][gc          ] GC(67) Pause Final Mark (unload classes) 0.731ms
[2026-04-03T02:31:38.056+0600][67.915s][info][gc,start    ] GC(67) Concurrent thread roots
[2026-04-03T02:31:38.056+0600][67.915s][info][gc,task     ] GC(67) Using 3 of 6 workers for Concurrent thread roots
[2026-04-03T02:31:38.058+0600][67.917s][info][gc          ] GC(67) Concurrent thread roots 1.991ms
[2026-04-03T02:31:38.058+0600][67.917s][info][gc,start    ] GC(67) Concurrent weak references
[2026-04-03T02:31:38.058+0600][67.917s][info][gc,task     ] GC(67) Using 3 of 6 workers for concurrent weak references
[2026-04-03T02:31:38.059+0600][67.918s][info][gc,ref      ] GC(67) Encountered references: Soft: 3792, Weak: 15369, Final: 84, Phantom: 621
[2026-04-03T02:31:38.059+0600][67.918s][info][gc,ref      ] GC(67) Discovered  references: Soft: 0, Weak: 8146, Final: 0, Phantom: 223
[2026-04-03T02:31:38.059+0600][67.918s][info][gc,ref      ] GC(67) Enqueued    references: Soft: 0, Weak: 400, Final: 0, Phantom: 0
[2026-04-03T02:31:38.059+0600][67.918s][info][gc          ] GC(67) Concurrent weak references 0.637ms
[2026-04-03T02:31:38.059+0600][67.918s][info][gc,start    ] GC(67) Concurrent weak roots
[2026-04-03T02:31:38.059+0600][67.918s][info][gc,task     ] GC(67) Using 3 of 6 workers for concurrent weak root
[2026-04-03T02:31:38.068+0600][67.927s][info][gc          ] GC(67) Concurrent weak roots 9.009ms
[2026-04-03T02:31:38.068+0600][67.927s][info][gc,start    ] GC(67) Concurrent cleanup
[2026-04-03T02:31:38.069+0600][67.928s][info][gc          ] GC(67) Concurrent cleanup 912M->333M(1119M) 0.779ms
[2026-04-03T02:31:38.069+0600][67.928s][info][gc,ergo     ] GC(67) Free: 847M, Max: 512K regular, 196M humongous, Frag: 77% external, 0% internal; Reserve: 63242K, Max: 512K
[2026-04-03T02:31:38.069+0600][67.928s][info][gc,start    ] GC(67) Concurrent class unloading
[2026-04-03T02:31:38.069+0600][67.928s][info][gc,task     ] GC(67) Using 3 of 6 workers for concurrent class unloading
[2026-04-03T02:31:38.089+0600][67.949s][info][gc          ] GC(67) Concurrent class unloading 20.749ms
[2026-04-03T02:31:38.090+0600][67.949s][info][gc,start    ] GC(67) Concurrent strong roots
[2026-04-03T02:31:38.090+0600][67.949s][info][gc,task     ] GC(67) Using 3 of 6 workers for concurrent strong root
[2026-04-03T02:31:38.091+0600][67.950s][info][gc          ] GC(67) Concurrent strong roots 1.281ms
[2026-04-03T02:31:38.091+0600][67.950s][info][gc,start    ] GC(67) Concurrent evacuation
[2026-04-03T02:31:38.091+0600][67.950s][info][gc,task     ] GC(67) Using 3 of 6 workers for concurrent evacuation
[2026-04-03T02:31:38.095+0600][67.954s][info][gc          ] GC(67) Concurrent evacuation 3.648ms
[2026-04-03T02:31:38.095+0600][67.954s][info][gc,start    ] GC(67) Pause Init Update Refs
[2026-04-03T02:31:38.095+0600][67.954s][info][gc,ergo     ] GC(67) Pacer for Update Refs. Used: 362M, Free: 821M, Non-Taxable: 84158K, Alloc Tax Rate: 1.1x
[2026-04-03T02:31:38.095+0600][67.954s][info][gc          ] GC(67) Pause Init Update Refs 0.160ms
[2026-04-03T02:31:38.095+0600][67.954s][info][gc,start    ] GC(67) Concurrent update references
[2026-04-03T02:31:38.095+0600][67.954s][info][gc,task     ] GC(67) Using 3 of 6 workers for concurrent reference update
[2026-04-03T02:31:38.146+0600][68.005s][info][gc          ] GC(67) Concurrent update references 50.798ms
[2026-04-03T02:31:38.146+0600][68.005s][info][gc,start    ] GC(67) Concurrent update thread roots
[2026-04-03T02:31:38.147+0600][68.007s][info][gc          ] GC(67) Concurrent update thread roots 1.132ms
[2026-04-03T02:31:38.147+0600][68.007s][info][gc,start    ] GC(67) Pause Final Update Refs
[2026-04-03T02:31:38.147+0600][68.007s][info][gc,task     ] GC(67) Using 6 of 6 workers for final reference update
[2026-04-03T02:31:38.148+0600][68.007s][info][gc          ] GC(67) Pause Final Update Refs 0.237ms
[2026-04-03T02:31:38.148+0600][68.007s][info][gc,start    ] GC(67) Concurrent cleanup
[2026-04-03T02:31:38.148+0600][68.008s][info][gc          ] GC(67) Concurrent cleanup 395M->204M(1119M) 0.495ms
[2026-04-03T02:31:38.148+0600][68.008s][info][gc,ergo     ] Free: 968M, Max: 512K regular, 481M humongous, Frag: 51% external, 0% internal; Reserve: 64000K, Max: 512K
[2026-04-03T02:31:38.148+0600][68.008s][info][gc,stats    ] 
[2026-04-03T02:31:38.148+0600][68.008s][info][gc,stats    ] All times are wall-clock times, except per-root-class counters, that are sum over
[2026-04-03T02:31:38.148+0600][68.008s][info][gc,stats    ] all workers. Dividing the <total> over the root stage time estimates parallelism.
[2026-04-03T02:31:38.148+0600][68.008s][info][gc,stats    ] 
[2026-04-03T02:31:38.148+0600][68.008s][info][gc,stats    ] Concurrent Reset                    859 us
[2026-04-03T02:31:38.148+0600][68.008s][info][gc,stats    ] Pause Init Mark (G)                 376 us
[2026-04-03T02:31:38.148+0600][68.008s][info][gc,stats    ] Pause Init Mark (N)                 120 us
[2026-04-03T02:31:38.148+0600][68.008s][info][gc,stats    ]   Update Region States               24 us
[2026-04-03T02:31:38.148+0600][68.008s][info][gc,stats    ] Concurrent Mark Roots              2298 us, parallelism: 1.66x
[2026-04-03T02:31:38.148+0600][68.008s][info][gc,stats    ]   CMR: <total>                     3808 us
[2026-04-03T02:31:38.148+0600][68.008s][info][gc,stats    ]   CMR: Thread Roots                3391 us, workers (us): 1510, 1880,   0, ---, ---, ---, 
[2026-04-03T02:31:38.148+0600][68.008s][info][gc,stats    ]   CMR: VM Strong Roots               51 us, workers (us):  31,  20,   0, ---, ---, ---, 
[2026-04-03T02:31:38.148+0600][68.008s][info][gc,stats    ]   CMR: CLDG Roots                   366 us, workers (us): 366, ---, ---, ---, ---, ---, 
[2026-04-03T02:31:38.148+0600][68.008s][info][gc,stats    ] Concurrent Marking                65588 us
[2026-04-03T02:31:38.148+0600][68.008s][info][gc,stats    ] Pause Final Mark (G)               1107 us
[2026-04-03T02:31:38.148+0600][68.008s][info][gc,stats    ] Pause Final Mark (N)                873 us
[2026-04-03T02:31:38.148+0600][68.008s][info][gc,stats    ]   Finish Mark                       300 us
[2026-04-03T02:31:38.148+0600][68.008s][info][gc,stats    ]   Update Region States               38 us
[2026-04-03T02:31:38.148+0600][68.008s][info][gc,stats    ]   Choose Collection Set             239 us
[2026-04-03T02:31:38.148+0600][68.008s][info][gc,stats    ]   Rebuild Free Set                   58 us
[2026-04-03T02:31:38.148+0600][68.008s][info][gc,stats    ] Concurrent Thread Roots            2054 us, parallelism: 2.59x
[2026-04-03T02:31:38.148+0600][68.008s][info][gc,stats    ]   CTR: <total>                     5328 us
[2026-04-03T02:31:38.148+0600][68.008s][info][gc,stats    ]   CTR: Thread Roots                5328 us, workers (us): 1873, 1718, 1738, ---, ---, ---, 
[2026-04-03T02:31:38.149+0600][68.008s][info][gc,stats    ] Concurrent Weak References          649 us, parallelism: 1.43x
[2026-04-03T02:31:38.149+0600][68.008s][info][gc,stats    ]   CWRF: <total>                     932 us
[2026-04-03T02:31:38.149+0600][68.008s][info][gc,stats    ]   CWRF: Weak References             932 us, workers (us): 523, 337,  72, ---, ---, ---, 
[2026-04-03T02:31:38.149+0600][68.008s][info][gc,stats    ] Concurrent Weak Roots              9094 us
[2026-04-03T02:31:38.149+0600][68.008s][info][gc,stats    ]   Roots                            8690 us, parallelism: 1.98x
[2026-04-03T02:31:38.149+0600][68.008s][info][gc,stats    ]     CWR: <total>                  17179 us
[2026-04-03T02:31:38.149+0600][68.008s][info][gc,stats    ]     CWR: Code Cache Roots         14208 us, workers (us): 6583, 6148, 1477, ---, ---, ---, 
[2026-04-03T02:31:38.149+0600][68.008s][info][gc,stats    ]     CWR: VM Weak Roots             2748 us, workers (us): 1392, 1352,   4, ---, ---, ---, 
[2026-04-03T02:31:38.149+0600][68.008s][info][gc,stats    ]     CWR: CLDG Roots                 224 us, workers (us): ---, 224, ---, ---, ---, ---, 
[2026-04-03T02:31:38.149+0600][68.008s][info][gc,stats    ]   Rendezvous                        291 us
[2026-04-03T02:31:38.149+0600][68.008s][info][gc,stats    ] Concurrent Cleanup                  841 us
[2026-04-03T02:31:38.149+0600][68.008s][info][gc,stats    ] Concurrent Class Unloading        20833 us
[2026-04-03T02:31:38.149+0600][68.008s][info][gc,stats    ]   Unlink Stale                    19193 us
[2026-04-03T02:31:38.149+0600][68.008s][info][gc,stats    ]     System Dictionary               278 us
[2026-04-03T02:31:38.149+0600][68.008s][info][gc,stats    ]     Weak Class Links                  0 us
[2026-04-03T02:31:38.149+0600][68.008s][info][gc,stats    ]     Code Roots                    18909 us
[2026-04-03T02:31:38.149+0600][68.008s][info][gc,stats    ]   Rendezvous                        286 us
[2026-04-03T02:31:38.149+0600][68.008s][info][gc,stats    ]   Purge Unlinked                   1231 us
[2026-04-03T02:31:38.149+0600][68.008s][info][gc,stats    ]     Code Roots                     1218 us
[2026-04-03T02:31:38.149+0600][68.008s][info][gc,stats    ]     CLDG                             11 us
[2026-04-03T02:31:38.149+0600][68.008s][info][gc,stats    ]     Exception Caches                  0 us
[2026-04-03T02:31:38.149+0600][68.008s][info][gc,stats    ] Concurrent Strong Roots            1346 us, parallelism: 0.55x
[2026-04-03T02:31:38.149+0600][68.008s][info][gc,stats    ]   CSR: <total>                      736 us
[2026-04-03T02:31:38.149+0600][68.008s][info][gc,stats    ]   CSR: VM Strong Roots               80 us, workers (us):  30,  24,  26, ---, ---, ---, 
[2026-04-03T02:31:38.149+0600][68.008s][info][gc,stats    ]   CSR: CLDG Roots                   655 us, workers (us): ---, 655, ---, ---, ---, ---, 
[2026-04-03T02:31:38.149+0600][68.008s][info][gc,stats    ] Concurrent Evacuation              3723 us
[2026-04-03T02:31:38.149+0600][68.008s][info][gc,stats    ] Pause Init Update Refs (G)          517 us
[2026-04-03T02:31:38.149+0600][68.008s][info][gc,stats    ] Pause Init Update Refs (N)          171 us
[2026-04-03T02:31:38.149+0600][68.008s][info][gc,stats    ]   Manage GCLABs                      71 us
[2026-04-03T02:31:38.149+0600][68.008s][info][gc,stats    ] Concurrent Update Refs            50914 us
[2026-04-03T02:31:38.149+0600][68.008s][info][gc,stats    ] Concurrent Update Thread Roots     1179 us
[2026-04-03T02:31:38.149+0600][68.008s][info][gc,stats    ] Pause Final Update Refs (G)         469 us
[2026-04-03T02:31:38.149+0600][68.008s][info][gc,stats    ] Pause Final Update Refs (N)         258 us
[2026-04-03T02:31:38.149+0600][68.008s][info][gc,stats    ]   Update Region States               50 us
[2026-04-03T02:31:38.149+0600][68.008s][info][gc,stats    ]   Trash Collection Set               20 us
[2026-04-03T02:31:38.149+0600][68.008s][info][gc,stats    ]   Rebuild Free Set                   37 us
[2026-04-03T02:31:38.149+0600][68.008s][info][gc,stats    ] Concurrent Cleanup                  509 us
[2026-04-03T02:31:38.149+0600][68.008s][info][gc,stats    ] Pacing                           153272 us
[2026-04-03T02:31:38.149+0600][68.008s][info][gc,stats    ] 
[2026-04-03T02:31:38.149+0600][68.008s][info][gc,stats    ] Allocation pacing accrued:
[2026-04-03T02:31:38.149+0600][68.008s][info][gc,stats    ]       4 of   690 ms (  0.6%): Spark Context Cleaner
[2026-04-03T02:31:38.149+0600][68.008s][info][gc,stats    ]      19 of   690 ms (  2.8%): Executor task launch worker for task 6.0 in stage 2771.0 (TID 5189)
[2026-04-03T02:31:38.149+0600][68.008s][info][gc,stats    ]      19 of   690 ms (  2.8%): Executor task launch worker for task 7.0 in stage 2771.0 (TID 5190)
[2026-04-03T02:31:38.149+0600][68.008s][info][gc,stats    ]      16 of   690 ms (  2.3%): Executor task launch worker for task 3.0 in stage 2771.0 (TID 5186)
[2026-04-03T02:31:38.149+0600][68.008s][info][gc,stats    ]      22 of   690 ms (  3.2%): Executor task launch worker for task 0.0 in stage 2771.0 (TID 5183)
[2026-04-03T02:31:38.149+0600][68.008s][info][gc,stats    ]      16 of   690 ms (  2.3%): Executor task launch worker for task 4.0 in stage 2771.0 (TID 5187)
[2026-04-03T02:31:38.149+0600][68.008s][info][gc,stats    ]      17 of   690 ms (  2.4%): Executor task launch worker for task 2.0 in stage 2771.0 (TID 5185)
[2026-04-03T02:31:38.149+0600][68.008s][info][gc,stats    ]      20 of   690 ms (  2.9%): Executor task launch worker for task 1.0 in stage 2771.0 (TID 5184)
[2026-04-03T02:31:38.149+0600][68.008s][info][gc,stats    ]      19 of   690 ms (  2.8%): Executor task launch worker for task 5.0 in stage 2771.0 (TID 5188)
[2026-04-03T02:31:38.149+0600][68.008s][info][gc,stats    ]     153 of   690 ms ( 22.2%): <total>
[2026-04-03T02:31:38.149+0600][68.008s][info][gc,stats    ]       1 of   690 ms (  0.1%): <average total>
[2026-04-03T02:31:38.149+0600][68.008s][info][gc,stats    ]      17 of   690 ms (  2.5%): <average non-zero>
[2026-04-03T02:31:38.149+0600][68.008s][info][gc,stats    ] 
[2026-04-03T02:31:38.149+0600][68.008s][info][gc,metaspace] Metaspace: 131413K(132736K)->131413K(132736K) NonClass: 114946K(115584K)->114946K(115584K) Class: 16466K(17152K)->16466K(17152K)
[2026-04-03T02:31:38.149+0600][68.008s][info][gc,ergo     ] Pacer for Idle. Initial: 25600K, Alloc Tax Rate: 1.0x
[2026-04-03T02:31:38.797+0600][68.657s][info][gc          ] Trigger: Average GC time (180.19 ms) is above the time for average allocation rate (1078 MB/s) to deplete free headroom (191M) (margin of error = 1.91)
[2026-04-03T02:31:38.798+0600][68.657s][info][gc,ergo     ] Free headroom: 253M (free) - 64000K (spike) - 0B (penalties) = 191M
[2026-04-03T02:31:38.798+0600][68.657s][info][gc,ergo     ] Free: 253M, Max: 512K regular, 196M humongous, Frag: 23% external, 0% internal; Reserve: 64000K, Max: 512K
[2026-04-03T02:31:38.798+0600][68.657s][info][gc,start    ] GC(68) Concurrent reset
[2026-04-03T02:31:38.798+0600][68.657s][info][gc,task     ] GC(68) Using 3 of 6 workers for concurrent reset
[2026-04-03T02:31:38.798+0600][68.657s][info][gc,ergo     ] GC(68) Pacer for Reset. Non-Taxable: 1250M
[2026-04-03T02:31:38.798+0600][68.658s][info][gc          ] GC(68) Concurrent reset 0.858ms
[2026-04-03T02:31:38.799+0600][68.658s][info][gc,start    ] GC(68) Pause Init Mark (unload classes)
[2026-04-03T02:31:38.799+0600][68.658s][info][gc,task     ] GC(68) Using 6 of 6 workers for init marking
[2026-04-03T02:31:38.799+0600][68.658s][info][gc,ergo     ] GC(68) Pacer for Mark. Expected Live: 93782K, Free: 251M, Non-Taxable: 25785K, Alloc Tax Rate: 0.4x
[2026-04-03T02:31:38.799+0600][68.658s][info][gc          ] GC(68) Pause Init Mark (unload classes) 0.202ms
[2026-04-03T02:31:38.799+0600][68.658s][info][gc,start    ] GC(68) Concurrent marking roots
[2026-04-03T02:31:38.799+0600][68.658s][info][gc,task     ] GC(68) Using 3 of 6 workers for concurrent marking roots
[2026-04-03T02:31:38.800+0600][68.659s][info][gc          ] GC(68) Concurrent marking roots 1.124ms
[2026-04-03T02:31:38.800+0600][68.659s][info][gc,start    ] GC(68) Concurrent marking (unload classes)
[2026-04-03T02:31:38.800+0600][68.659s][info][gc,task     ] GC(68) Using 3 of 6 workers for concurrent marking
[2026-04-03T02:31:38.857+0600][68.716s][info][gc          ] GC(68) Concurrent marking (unload classes) 56.963ms
[2026-04-03T02:31:38.857+0600][68.717s][info][gc,start    ] GC(68) Pause Final Mark (unload classes)
[2026-04-03T02:31:38.857+0600][68.717s][info][gc,task     ] GC(68) Using 6 of 6 workers for final marking
[2026-04-03T02:31:38.858+0600][68.717s][info][gc,ergo     ] GC(68) Adaptive CSet Selection. Target Free: 177M, Actual Free: 840M, Max CSet: 53333K, Min Garbage: 0B
[2026-04-03T02:31:38.858+0600][68.717s][info][gc,ergo     ] GC(68) Collectable Garbage: 747M (98%), Immediate: 567M (74%), CSet: 180M (23%)
[2026-04-03T02:31:38.858+0600][68.717s][info][gc,ergo     ] GC(68) Pacer for Evacuation. Used CSet: 187M, Free: 860M, Non-Taxable: 88148K, Alloc Tax Rate: 1.1x
[2026-04-03T02:31:38.858+0600][68.717s][info][gc          ] GC(68) Pause Final Mark (unload classes) 0.699ms
[2026-04-03T02:31:38.858+0600][68.718s][info][gc,start    ] GC(68) Concurrent thread roots
[2026-04-03T02:31:38.858+0600][68.718s][info][gc,task     ] GC(68) Using 3 of 6 workers for Concurrent thread roots
[2026-04-03T02:31:38.859+0600][68.719s][info][gc          ] GC(68) Concurrent thread roots 1.252ms
[2026-04-03T02:31:38.859+0600][68.719s][info][gc,start    ] GC(68) Concurrent weak references
[2026-04-03T02:31:38.860+0600][68.719s][info][gc,task     ] GC(68) Using 3 of 6 workers for concurrent weak references
[2026-04-03T02:31:38.860+0600][68.720s][info][gc,ref      ] GC(68) Encountered references: Soft: 3786, Weak: 16492, Final: 84, Phantom: 637
[2026-04-03T02:31:38.860+0600][68.720s][info][gc,ref      ] GC(68) Discovered  references: Soft: 0, Weak: 10382, Final: 0, Phantom: 632
[2026-04-03T02:31:38.860+0600][68.720s][info][gc,ref      ] GC(68) Enqueued    references: Soft: 0, Weak: 1726, Final: 0, Phantom: 0
[2026-04-03T02:31:38.860+0600][68.720s][info][gc          ] GC(68) Concurrent weak references 0.854ms
[2026-04-03T02:31:38.860+0600][68.720s][info][gc,start    ] GC(68) Concurrent weak roots
[2026-04-03T02:31:38.860+0600][68.720s][info][gc,task     ] GC(68) Using 3 of 6 workers for concurrent weak root
[2026-04-03T02:31:38.866+0600][68.725s][info][gc          ] GC(68) Concurrent weak roots 5.549ms
[2026-04-03T02:31:38.866+0600][68.725s][info][gc,start    ] GC(68) Concurrent cleanup
[2026-04-03T02:31:38.867+0600][68.726s][info][gc          ] GC(68) Concurrent cleanup 897M->330M(1119M) 0.817ms
[2026-04-03T02:31:38.867+0600][68.726s][info][gc,ergo     ] GC(68) Free: 852M, Max: 512K regular, 196M humongous, Frag: 77% external, 0% internal; Reserve: 63328K, Max: 512K
[2026-04-03T02:31:38.867+0600][68.726s][info][gc,start    ] GC(68) Concurrent class unloading
[2026-04-03T02:31:38.867+0600][68.726s][info][gc,task     ] GC(68) Using 3 of 6 workers for concurrent class unloading
[2026-04-03T02:31:38.888+0600][68.748s][info][gc          ] GC(68) Concurrent class unloading 21.547ms
[2026-04-03T02:31:38.889+0600][68.748s][info][gc,start    ] GC(68) Concurrent strong roots
[2026-04-03T02:31:38.889+0600][68.748s][info][gc,task     ] GC(68) Using 3 of 6 workers for concurrent strong root
[2026-04-03T02:31:38.890+0600][68.749s][info][gc          ] GC(68) Concurrent strong roots 1.236ms
[2026-04-03T02:31:38.890+0600][68.749s][info][gc,start    ] GC(68) Concurrent evacuation
[2026-04-03T02:31:38.890+0600][68.749s][info][gc,task     ] GC(68) Using 3 of 6 workers for concurrent evacuation
[2026-04-03T02:31:38.894+0600][68.753s][info][gc          ] GC(68) Concurrent evacuation 3.845ms
[2026-04-03T02:31:38.894+0600][68.753s][info][gc,start    ] GC(68) Pause Init Update Refs
[2026-04-03T02:31:38.894+0600][68.753s][info][gc,ergo     ] GC(68) Pacer for Update Refs. Used: 353M, Free: 836M, Non-Taxable: 85633K, Alloc Tax Rate: 1.1x
[2026-04-03T02:31:38.894+0600][68.753s][info][gc          ] GC(68) Pause Init Update Refs 0.130ms
[2026-04-03T02:31:38.895+0600][68.754s][info][gc,start    ] GC(68) Concurrent update references
[2026-04-03T02:31:38.895+0600][68.754s][info][gc,task     ] GC(68) Using 3 of 6 workers for concurrent reference update
[2026-04-03T02:31:38.945+0600][68.804s][info][gc          ] GC(68) Concurrent update references 50.230ms
[2026-04-03T02:31:38.945+0600][68.804s][info][gc,start    ] GC(68) Concurrent update thread roots
[2026-04-03T02:31:38.947+0600][68.806s][info][gc          ] GC(68) Concurrent update thread roots 1.795ms
[2026-04-03T02:31:38.947+0600][68.806s][info][gc,start    ] GC(68) Pause Final Update Refs
[2026-04-03T02:31:38.947+0600][68.806s][info][gc,task     ] GC(68) Using 6 of 6 workers for final reference update
[2026-04-03T02:31:38.947+0600][68.806s][info][gc          ] GC(68) Pause Final Update Refs 0.202ms
[2026-04-03T02:31:38.947+0600][68.807s][info][gc,start    ] GC(68) Concurrent cleanup
[2026-04-03T02:31:38.948+0600][68.807s][info][gc          ] GC(68) Concurrent cleanup 395M->208M(1119M) 0.666ms
[2026-04-03T02:31:38.948+0600][68.807s][info][gc,ergo     ] Free: 969M, Max: 512K regular, 424M humongous, Frag: 57% external, 0% internal; Reserve: 64000K, Max: 512K
[2026-04-03T02:31:38.948+0600][68.807s][info][gc,stats    ] 
[2026-04-03T02:31:38.948+0600][68.807s][info][gc,stats    ] All times are wall-clock times, except per-root-class counters, that are sum over
[2026-04-03T02:31:38.948+0600][68.807s][info][gc,stats    ] all workers. Dividing the <total> over the root stage time estimates parallelism.
[2026-04-03T02:31:38.948+0600][68.807s][info][gc,stats    ] 
[2026-04-03T02:31:38.948+0600][68.807s][info][gc,stats    ] Concurrent Reset                    909 us
[2026-04-03T02:31:38.948+0600][68.807s][info][gc,stats    ] Pause Init Mark (G)                 446 us
[2026-04-03T02:31:38.948+0600][68.807s][info][gc,stats    ] Pause Init Mark (N)                 213 us
[2026-04-03T02:31:38.948+0600][68.807s][info][gc,stats    ]   Update Region States               19 us
[2026-04-03T02:31:38.948+0600][68.808s][info][gc,stats    ] Concurrent Mark Roots              1162 us, parallelism: 1.64x
[2026-04-03T02:31:38.948+0600][68.808s][info][gc,stats    ]   CMR: <total>                     1901 us
[2026-04-03T02:31:38.948+0600][68.808s][info][gc,stats    ]   CMR: Thread Roots                1573 us, workers (us): 368, 628, 578, ---, ---, ---, 
[2026-04-03T02:31:38.948+0600][68.808s][info][gc,stats    ]   CMR: VM Strong Roots               38 us, workers (us):  36,   1,   1, ---, ---, ---, 
[2026-04-03T02:31:38.948+0600][68.808s][info][gc,stats    ]   CMR: CLDG Roots                   290 us, workers (us): 290, ---, ---, ---, ---, ---, 
[2026-04-03T02:31:38.948+0600][68.808s][info][gc,stats    ] Concurrent Marking                57036 us
[2026-04-03T02:31:38.948+0600][68.808s][info][gc,stats    ] Pause Final Mark (G)               1043 us
[2026-04-03T02:31:38.948+0600][68.808s][info][gc,stats    ] Pause Final Mark (N)                709 us
[2026-04-03T02:31:38.948+0600][68.808s][info][gc,stats    ]   Finish Mark                       272 us
[2026-04-03T02:31:38.948+0600][68.808s][info][gc,stats    ]   Update Region States               75 us
[2026-04-03T02:31:38.948+0600][68.808s][info][gc,stats    ]   Choose Collection Set             187 us
[2026-04-03T02:31:38.948+0600][68.808s][info][gc,stats    ]   Rebuild Free Set                   33 us
[2026-04-03T02:31:38.948+0600][68.808s][info][gc,stats    ] Concurrent Thread Roots            1284 us, parallelism: 1.75x
[2026-04-03T02:31:38.948+0600][68.808s][info][gc,stats    ]   CTR: <total>                     2247 us
[2026-04-03T02:31:38.948+0600][68.808s][info][gc,stats    ]   CTR: Thread Roots                2247 us, workers (us): 1131, 1116,   0, ---, ---, ---, 
[2026-04-03T02:31:38.948+0600][68.808s][info][gc,stats    ] Concurrent Weak References          867 us, parallelism: 1.36x
[2026-04-03T02:31:38.948+0600][68.808s][info][gc,stats    ]   CWRF: <total>                    1181 us
[2026-04-03T02:31:38.948+0600][68.808s][info][gc,stats    ]   CWRF: Weak References            1181 us, workers (us): 446, 735,   0, ---, ---, ---, 
[2026-04-03T02:31:38.948+0600][68.808s][info][gc,stats    ] Concurrent Weak Roots              5633 us
[2026-04-03T02:31:38.948+0600][68.808s][info][gc,stats    ]   Roots                            5219 us, parallelism: 2.81x
[2026-04-03T02:31:38.948+0600][68.808s][info][gc,stats    ]     CWR: <total>                  14684 us
[2026-04-03T02:31:38.948+0600][68.808s][info][gc,stats    ]     CWR: Code Cache Roots         11097 us, workers (us): 3763, 3787, 3547, ---, ---, ---, 
[2026-04-03T02:31:38.948+0600][68.808s][info][gc,stats    ]     CWR: VM Weak Roots             3378 us, workers (us): 1159, 1154, 1065, ---, ---, ---, 
[2026-04-03T02:31:38.948+0600][68.808s][info][gc,stats    ]     CWR: CLDG Roots                 208 us, workers (us): ---, ---, 208, ---, ---, ---, 
[2026-04-03T02:31:38.948+0600][68.808s][info][gc,stats    ]   Rendezvous                        294 us
[2026-04-03T02:31:38.949+0600][68.808s][info][gc,stats    ] Concurrent Cleanup                  853 us
[2026-04-03T02:31:38.949+0600][68.808s][info][gc,stats    ] Concurrent Class Unloading        21654 us
[2026-04-03T02:31:38.949+0600][68.808s][info][gc,stats    ]   Unlink Stale                    18464 us
[2026-04-03T02:31:38.949+0600][68.808s][info][gc,stats    ]     System Dictionary               242 us
[2026-04-03T02:31:38.949+0600][68.808s][info][gc,stats    ]     Weak Class Links                  0 us
[2026-04-03T02:31:38.949+0600][68.808s][info][gc,stats    ]     Code Roots                    18219 us
[2026-04-03T02:31:38.949+0600][68.808s][info][gc,stats    ]   Rendezvous                        372 us
[2026-04-03T02:31:38.949+0600][68.808s][info][gc,stats    ]   Purge Unlinked                   2638 us
[2026-04-03T02:31:38.949+0600][68.808s][info][gc,stats    ]     Code Roots                     2621 us
[2026-04-03T02:31:38.949+0600][68.808s][info][gc,stats    ]     CLDG                             16 us
[2026-04-03T02:31:38.949+0600][68.808s][info][gc,stats    ]     Exception Caches                  0 us
[2026-04-03T02:31:38.949+0600][68.808s][info][gc,stats    ] Concurrent Strong Roots            1285 us, parallelism: 0.69x
[2026-04-03T02:31:38.949+0600][68.808s][info][gc,stats    ]   CSR: <total>                      886 us
[2026-04-03T02:31:38.949+0600][68.808s][info][gc,stats    ]   CSR: VM Strong Roots              106 us, workers (us):  68,  38,   0, ---, ---, ---, 
[2026-04-03T02:31:38.949+0600][68.808s][info][gc,stats    ]   CSR: CLDG Roots                   779 us, workers (us): ---, 779, ---, ---, ---, ---, 
[2026-04-03T02:31:38.949+0600][68.808s][info][gc,stats    ] Concurrent Evacuation              3895 us
[2026-04-03T02:31:38.949+0600][68.808s][info][gc,stats    ] Pause Init Update Refs (G)          736 us
[2026-04-03T02:31:38.949+0600][68.808s][info][gc,stats    ] Pause Init Update Refs (N)          143 us
[2026-04-03T02:31:38.949+0600][68.808s][info][gc,stats    ]   Manage GCLABs                      44 us
[2026-04-03T02:31:38.949+0600][68.808s][info][gc,stats    ] Concurrent Update Refs            50349 us
[2026-04-03T02:31:38.949+0600][68.808s][info][gc,stats    ] Concurrent Update Thread Roots     1894 us
[2026-04-03T02:31:38.949+0600][68.808s][info][gc,stats    ] Pause Final Update Refs (G)         545 us
[2026-04-03T02:31:38.949+0600][68.808s][info][gc,stats    ] Pause Final Update Refs (N)         217 us
[2026-04-03T02:31:38.949+0600][68.808s][info][gc,stats    ]   Update Region States               52 us
[2026-04-03T02:31:38.949+0600][68.808s][info][gc,stats    ]   Trash Collection Set               19 us
[2026-04-03T02:31:38.949+0600][68.808s][info][gc,stats    ]   Rebuild Free Set                   41 us
[2026-04-03T02:31:38.949+0600][68.808s][info][gc,stats    ] Concurrent Cleanup                  702 us
[2026-04-03T02:31:38.949+0600][68.808s][info][gc,stats    ] Pacing                            72313 us
[2026-04-03T02:31:38.949+0600][68.808s][info][gc,stats    ] 
[2026-04-03T02:31:38.949+0600][68.808s][info][gc,stats    ] Allocation pacing accrued:
[2026-04-03T02:31:38.949+0600][68.808s][info][gc,stats    ]       9 of   800 ms (  1.1%): Executor task launch worker for task 6.0 in stage 2887.0 (TID 5325)
[2026-04-03T02:31:38.949+0600][68.808s][info][gc,stats    ]      11 of   800 ms (  1.4%): Executor task launch worker for task 4.0 in stage 2887.0 (TID 5323)
[2026-04-03T02:31:38.949+0600][68.808s][info][gc,stats    ]       8 of   800 ms (  1.0%): Executor task launch worker for task 2.0 in stage 2887.0 (TID 5321)
[2026-04-03T02:31:38.949+0600][68.808s][info][gc,stats    ]       9 of   800 ms (  1.1%): Executor task launch worker for task 0.0 in stage 2887.0 (TID 5319)
[2026-04-03T02:31:38.949+0600][68.808s][info][gc,stats    ]      10 of   800 ms (  1.2%): Executor task launch worker for task 1.0 in stage 2887.0 (TID 5320)
[2026-04-03T02:31:38.949+0600][68.808s][info][gc,stats    ]      10 of   800 ms (  1.3%): Executor task launch worker for task 5.0 in stage 2887.0 (TID 5324)
[2026-04-03T02:31:38.949+0600][68.808s][info][gc,stats    ]       9 of   800 ms (  1.1%): Executor task launch worker for task 7.0 in stage 2887.0 (TID 5326)
[2026-04-03T02:31:38.949+0600][68.808s][info][gc,stats    ]       8 of   800 ms (  0.9%): Executor task launch worker for task 3.0 in stage 2887.0 (TID 5322)
[2026-04-03T02:31:38.949+0600][68.808s][info][gc,stats    ]      72 of   800 ms (  9.0%): <total>
[2026-04-03T02:31:38.949+0600][68.808s][info][gc,stats    ]       0 of   800 ms (  0.0%): <average total>
[2026-04-03T02:31:38.949+0600][68.808s][info][gc,stats    ]       9 of   800 ms (  1.1%): <average non-zero>
[2026-04-03T02:31:38.949+0600][68.808s][info][gc,stats    ] 
[2026-04-03T02:31:38.949+0600][68.808s][info][gc,metaspace] Metaspace: 131424K(132736K)->131424K(132736K) NonClass: 114957K(115584K)->114957K(115584K) Class: 16466K(17152K)->16466K(17152K)
[2026-04-03T02:31:38.949+0600][68.808s][info][gc,ergo     ] Pacer for Idle. Initial: 25600K, Alloc Tax Rate: 1.0x
[2026-04-03T02:31:39.250+0600][69.109s][info][gc          ] Trigger: Average GC time (171.03 ms) is above the time for average allocation rate (1118 MB/s) to deplete free headroom (191M) (margin of error = 1.91)
[2026-04-03T02:31:39.250+0600][69.109s][info][gc,ergo     ] Free headroom: 253M (free) - 64000K (spike) - 0B (penalties) = 191M
[2026-04-03T02:31:39.250+0600][69.109s][info][gc,ergo     ] Free: 252M, Max: 512K regular, 194M humongous, Frag: 23% external, 1% internal; Reserve: 64000K, Max: 512K
[2026-04-03T02:31:39.250+0600][69.109s][info][gc,start    ] GC(69) Concurrent reset
[2026-04-03T02:31:39.250+0600][69.109s][info][gc,task     ] GC(69) Using 3 of 6 workers for concurrent reset
[2026-04-03T02:31:39.250+0600][69.109s][info][gc,ergo     ] GC(69) Pacer for Reset. Non-Taxable: 1250M
[2026-04-03T02:31:39.251+0600][69.110s][info][gc          ] GC(69) Concurrent reset 1.202ms
[2026-04-03T02:31:39.251+0600][69.111s][info][gc,start    ] GC(69) Pause Init Mark (unload classes)
[2026-04-03T02:31:39.251+0600][69.111s][info][gc,task     ] GC(69) Using 6 of 6 workers for init marking
[2026-04-03T02:31:39.252+0600][69.111s][info][gc,ergo     ] GC(69) Pacer for Mark. Expected Live: 94359K, Free: 233M, Non-Taxable: 23902K, Alloc Tax Rate: 0.5x
[2026-04-03T02:31:39.252+0600][69.111s][info][gc          ] GC(69) Pause Init Mark (unload classes) 0.144ms
[2026-04-03T02:31:39.252+0600][69.111s][info][gc,start    ] GC(69) Concurrent marking roots
[2026-04-03T02:31:39.252+0600][69.111s][info][gc,task     ] GC(69) Using 3 of 6 workers for concurrent marking roots
[2026-04-03T02:31:39.253+0600][69.113s][info][gc          ] GC(69) Concurrent marking roots 1.562ms
[2026-04-03T02:31:39.253+0600][69.113s][info][gc,start    ] GC(69) Concurrent marking (unload classes)
[2026-04-03T02:31:39.253+0600][69.113s][info][gc,task     ] GC(69) Using 3 of 6 workers for concurrent marking
[2026-04-03T02:31:39.297+0600][69.156s][info][gc          ] GC(69) Concurrent marking (unload classes) 43.613ms
[2026-04-03T02:31:39.297+0600][69.157s][info][gc,start    ] GC(69) Pause Final Mark (unload classes)
[2026-04-03T02:31:39.297+0600][69.157s][info][gc,task     ] GC(69) Using 6 of 6 workers for final marking
[2026-04-03T02:31:39.298+0600][69.157s][info][gc,ergo     ] GC(69) Adaptive CSet Selection. Target Free: 177M, Actual Free: 917M, Max CSet: 53333K, Min Garbage: 0B
[2026-04-03T02:31:39.298+0600][69.157s][info][gc,ergo     ] GC(69) Collectable Garbage: 775M (98%), Immediate: 690M (87%), CSet: 87386K (10%)
[2026-04-03T02:31:39.298+0600][69.157s][info][gc,ergo     ] GC(69) Pacer for Evacuation. Used CSet: 94060K, Free: 924M, Non-Taxable: 94699K, Alloc Tax Rate: 1.1x
[2026-04-03T02:31:39.298+0600][69.157s][info][gc          ] GC(69) Pause Final Mark (unload classes) 0.650ms
[2026-04-03T02:31:39.298+0600][69.158s][info][gc,start    ] GC(69) Concurrent thread roots
[2026-04-03T02:31:39.298+0600][69.158s][info][gc,task     ] GC(69) Using 3 of 6 workers for Concurrent thread roots
[2026-04-03T02:31:39.299+0600][69.159s][info][gc          ] GC(69) Concurrent thread roots 1.208ms
[2026-04-03T02:31:39.299+0600][69.159s][info][gc,start    ] GC(69) Concurrent weak references
[2026-04-03T02:31:39.299+0600][69.159s][info][gc,task     ] GC(69) Using 3 of 6 workers for concurrent weak references
[2026-04-03T02:31:39.301+0600][69.160s][info][gc,ref      ] GC(69) Encountered references: Soft: 3788, Weak: 15454, Final: 84, Phantom: 633
[2026-04-03T02:31:39.301+0600][69.160s][info][gc,ref      ] GC(69) Discovered  references: Soft: 0, Weak: 9412, Final: 68, Phantom: 236
[2026-04-03T02:31:39.301+0600][69.160s][info][gc,ref      ] GC(69) Enqueued    references: Soft: 0, Weak: 815, Final: 0, Phantom: 0
[2026-04-03T02:31:39.301+0600][69.160s][info][gc          ] GC(69) Concurrent weak references 1.403ms
[2026-04-03T02:31:39.301+0600][69.160s][info][gc,start    ] GC(69) Concurrent weak roots
[2026-04-03T02:31:39.301+0600][69.160s][info][gc,task     ] GC(69) Using 3 of 6 workers for concurrent weak root
[2026-04-03T02:31:39.312+0600][69.171s][info][gc          ] GC(69) Concurrent weak roots 11.200ms
[2026-04-03T02:31:39.312+0600][69.171s][info][gc,start    ] GC(69) Concurrent cleanup
[2026-04-03T02:31:39.313+0600][69.172s][info][gc          ] GC(69) Concurrent cleanup 1025M->335M(1124M) 0.410ms
[2026-04-03T02:31:39.313+0600][69.172s][info][gc,ergo     ] GC(69) Free: 834M, Max: 512K regular, 296M humongous, Frag: 65% external, 0% internal; Reserve: 62495K, Max: 512K
[2026-04-03T02:31:39.313+0600][69.172s][info][gc,start    ] GC(69) Concurrent class unloading
[2026-04-03T02:31:39.313+0600][69.172s][info][gc,task     ] GC(69) Using 3 of 6 workers for concurrent class unloading
[2026-04-03T02:31:39.327+0600][69.186s][info][gc          ] GC(69) Concurrent class unloading 14.005ms
[2026-04-03T02:31:39.327+0600][69.186s][info][gc,start    ] GC(69) Concurrent strong roots
[2026-04-03T02:31:39.327+0600][69.186s][info][gc,task     ] GC(69) Using 3 of 6 workers for concurrent strong root
[2026-04-03T02:31:39.328+0600][69.187s][info][gc          ] GC(69) Concurrent strong roots 1.159ms
[2026-04-03T02:31:39.328+0600][69.187s][info][gc,start    ] GC(69) Concurrent evacuation
[2026-04-03T02:31:39.328+0600][69.187s][info][gc,task     ] GC(69) Using 3 of 6 workers for concurrent evacuation
[2026-04-03T02:31:39.330+0600][69.190s][info][gc          ] GC(69) Concurrent evacuation 2.380ms
[2026-04-03T02:31:39.331+0600][69.191s][info][gc,start    ] GC(69) Pause Init Update Refs
[2026-04-03T02:31:39.331+0600][69.191s][info][gc,ergo     ] GC(69) Pacer for Update Refs. Used: 371M, Free: 801M, Non-Taxable: 82078K, Alloc Tax Rate: 1.1x
[2026-04-03T02:31:39.331+0600][69.191s][info][gc          ] GC(69) Pause Init Update Refs 0.146ms
[2026-04-03T02:31:39.332+0600][69.191s][info][gc,start    ] GC(69) Concurrent update references
[2026-04-03T02:31:39.332+0600][69.191s][info][gc,task     ] GC(69) Using 3 of 6 workers for concurrent reference update
[2026-04-03T02:31:39.376+0600][69.235s][info][gc          ] GC(69) Concurrent update references 44.128ms
[2026-04-03T02:31:39.376+0600][69.235s][info][gc,start    ] GC(69) Concurrent update thread roots
[2026-04-03T02:31:39.377+0600][69.237s][info][gc          ] GC(69) Concurrent update thread roots 1.566ms
[2026-04-03T02:31:39.378+0600][69.237s][info][gc,start    ] GC(69) Pause Final Update Refs
[2026-04-03T02:31:39.378+0600][69.237s][info][gc,task     ] GC(69) Using 6 of 6 workers for final reference update
[2026-04-03T02:31:39.378+0600][69.237s][info][gc          ] GC(69) Pause Final Update Refs 0.185ms
[2026-04-03T02:31:39.378+0600][69.237s][info][gc,start    ] GC(69) Concurrent cleanup
[2026-04-03T02:31:39.378+0600][69.238s][info][gc          ] GC(69) Concurrent cleanup 438M->347M(1124M) 0.474ms
[2026-04-03T02:31:39.378+0600][69.238s][info][gc,ergo     ] Free: 811M, Max: 512K regular, 425M humongous, Frag: 48% external, 0% internal; Reserve: 64000K, Max: 512K
[2026-04-03T02:31:39.378+0600][69.238s][info][gc,stats    ] 
[2026-04-03T02:31:39.378+0600][69.238s][info][gc,stats    ] All times are wall-clock times, except per-root-class counters, that are sum over
[2026-04-03T02:31:39.378+0600][69.238s][info][gc,stats    ] all workers. Dividing the <total> over the root stage time estimates parallelism.
[2026-04-03T02:31:39.378+0600][69.238s][info][gc,stats    ] 
[2026-04-03T02:31:39.378+0600][69.238s][info][gc,stats    ] Concurrent Reset                   1278 us
[2026-04-03T02:31:39.378+0600][69.238s][info][gc,stats    ] Pause Init Mark (G)                 413 us
[2026-04-03T02:31:39.378+0600][69.238s][info][gc,stats    ] Pause Init Mark (N)                 156 us
[2026-04-03T02:31:39.378+0600][69.238s][info][gc,stats    ]   Update Region States               26 us
[2026-04-03T02:31:39.379+0600][69.238s][info][gc,stats    ] Concurrent Mark Roots              1633 us, parallelism: 1.89x
[2026-04-03T02:31:39.379+0600][69.238s][info][gc,stats    ]   CMR: <total>                     3079 us
[2026-04-03T02:31:39.379+0600][69.238s][info][gc,stats    ]   CMR: Thread Roots                2620 us, workers (us): 1007, 1004, 609, ---, ---, ---, 
[2026-04-03T02:31:39.379+0600][69.238s][info][gc,stats    ]   CMR: VM Strong Roots               72 us, workers (us):  36,  25,  12, ---, ---, ---, 
[2026-04-03T02:31:39.379+0600][69.238s][info][gc,stats    ]   CMR: CLDG Roots                   387 us, workers (us): ---, ---, 387, ---, ---, ---, 
[2026-04-03T02:31:39.379+0600][69.238s][info][gc,stats    ] Concurrent Marking                43700 us
[2026-04-03T02:31:39.379+0600][69.238s][info][gc,stats    ] Pause Final Mark (G)               1241 us
[2026-04-03T02:31:39.379+0600][69.238s][info][gc,stats    ] Pause Final Mark (N)                661 us
[2026-04-03T02:31:39.379+0600][69.238s][info][gc,stats    ]   Finish Mark                       227 us
[2026-04-03T02:31:39.379+0600][69.238s][info][gc,stats    ]   Update Region States               64 us
[2026-04-03T02:31:39.379+0600][69.238s][info][gc,stats    ]   Choose Collection Set             186 us
[2026-04-03T02:31:39.379+0600][69.238s][info][gc,stats    ]   Rebuild Free Set                   32 us
[2026-04-03T02:31:39.379+0600][69.238s][info][gc,stats    ] Concurrent Thread Roots            1254 us, parallelism: 2.38x
[2026-04-03T02:31:39.379+0600][69.238s][info][gc,stats    ]   CTR: <total>                     2983 us
[2026-04-03T02:31:39.379+0600][69.238s][info][gc,stats    ]   CTR: Thread Roots                2983 us, workers (us): 1024, 993, 965, ---, ---, ---, 
[2026-04-03T02:31:39.379+0600][69.238s][info][gc,stats    ] Concurrent Weak References         1421 us, parallelism: 1.03x
[2026-04-03T02:31:39.379+0600][69.238s][info][gc,stats    ]   CWRF: <total>                    1460 us
[2026-04-03T02:31:39.379+0600][69.238s][info][gc,stats    ]   CWRF: Weak References            1460 us, workers (us): 250, 115, 1095, ---, ---, ---, 
[2026-04-03T02:31:39.379+0600][69.238s][info][gc,stats    ] Concurrent Weak Roots             11287 us
[2026-04-03T02:31:39.379+0600][69.238s][info][gc,stats    ]   Roots                            6480 us, parallelism: 2.77x
[2026-04-03T02:31:39.379+0600][69.238s][info][gc,stats    ]     CWR: <total>                  17969 us
[2026-04-03T02:31:39.379+0600][69.238s][info][gc,stats    ]     CWR: Code Cache Roots         15270 us, workers (us): 4996, 5177, 5097, ---, ---, ---, 
[2026-04-03T02:31:39.379+0600][69.238s][info][gc,stats    ]     CWR: VM Weak Roots             2538 us, workers (us): 873, 850, 815, ---, ---, ---, 
[2026-04-03T02:31:39.379+0600][69.238s][info][gc,stats    ]     CWR: CLDG Roots                 161 us, workers (us): 161, ---, ---, ---, ---, ---, 
[2026-04-03T02:31:39.379+0600][69.238s][info][gc,stats    ]   Rendezvous                       4686 us
[2026-04-03T02:31:39.379+0600][69.238s][info][gc,stats    ] Concurrent Cleanup                  430 us
[2026-04-03T02:31:39.379+0600][69.238s][info][gc,stats    ] Concurrent Class Unloading        14110 us
[2026-04-03T02:31:39.379+0600][69.238s][info][gc,stats    ]   Unlink Stale                    13119 us
[2026-04-03T02:31:39.379+0600][69.238s][info][gc,stats    ]     System Dictionary               301 us
[2026-04-03T02:31:39.379+0600][69.238s][info][gc,stats    ]     Weak Class Links                  0 us
[2026-04-03T02:31:39.379+0600][69.238s][info][gc,stats    ]     Code Roots                    12813 us
[2026-04-03T02:31:39.379+0600][69.238s][info][gc,stats    ]   Rendezvous                        392 us
[2026-04-03T02:31:39.379+0600][69.238s][info][gc,stats    ]   Purge Unlinked                    450 us
[2026-04-03T02:31:39.379+0600][69.238s][info][gc,stats    ]     Code Roots                      438 us
[2026-04-03T02:31:39.379+0600][69.238s][info][gc,stats    ]     CLDG                             10 us
[2026-04-03T02:31:39.379+0600][69.238s][info][gc,stats    ]     Exception Caches                  0 us
[2026-04-03T02:31:39.379+0600][69.238s][info][gc,stats    ] Concurrent Strong Roots            1232 us, parallelism: 0.62x
[2026-04-03T02:31:39.379+0600][69.238s][info][gc,stats    ]   CSR: <total>                      764 us
[2026-04-03T02:31:39.379+0600][69.238s][info][gc,stats    ]   CSR: VM Strong Roots               53 us, workers (us):  29,  12,  12, ---, ---, ---, 
[2026-04-03T02:31:39.379+0600][69.238s][info][gc,stats    ]   CSR: CLDG Roots                   711 us, workers (us): 711, ---, ---, ---, ---, ---, 
[2026-04-03T02:31:39.379+0600][69.238s][info][gc,stats    ] Concurrent Evacuation              2467 us
[2026-04-03T02:31:39.379+0600][69.238s][info][gc,stats    ] Pause Init Update Refs (G)         1041 us
[2026-04-03T02:31:39.379+0600][69.238s][info][gc,stats    ] Pause Init Update Refs (N)          172 us
[2026-04-03T02:31:39.379+0600][69.238s][info][gc,stats    ]   Manage GCLABs                      44 us
[2026-04-03T02:31:39.379+0600][69.238s][info][gc,stats    ] Concurrent Update Refs            44248 us
[2026-04-03T02:31:39.379+0600][69.238s][info][gc,stats    ] Concurrent Update Thread Roots     1663 us
[2026-04-03T02:31:39.379+0600][69.238s][info][gc,stats    ] Pause Final Update Refs (G)         380 us
[2026-04-03T02:31:39.379+0600][69.238s][info][gc,stats    ] Pause Final Update Refs (N)         212 us
[2026-04-03T02:31:39.379+0600][69.238s][info][gc,stats    ]   Update Region States               45 us
[2026-04-03T02:31:39.379+0600][69.238s][info][gc,stats    ]   Trash Collection Set               12 us
[2026-04-03T02:31:39.379+0600][69.238s][info][gc,stats    ]   Rebuild Free Set                   53 us
[2026-04-03T02:31:39.379+0600][69.238s][info][gc,stats    ] Concurrent Cleanup                  497 us
[2026-04-03T02:31:39.379+0600][69.238s][info][gc,stats    ] Pacing                           341427 us
[2026-04-03T02:31:39.379+0600][69.238s][info][gc,stats    ] 
[2026-04-03T02:31:39.379+0600][69.238s][info][gc,stats    ] Allocation pacing accrued:
[2026-04-03T02:31:39.379+0600][69.239s][info][gc,stats    ]      21 of   430 ms (  4.9%): Spark Context Cleaner
[2026-04-03T02:31:39.379+0600][69.239s][info][gc,stats    ]      62 of   430 ms ( 14.5%): Executor task launch worker for task 2.0 in stage 2904.0 (TID 5359)
[2026-04-03T02:31:39.379+0600][69.239s][info][gc,stats    ]      63 of   430 ms ( 14.7%): Executor task launch worker for task 3.0 in stage 2904.0 (TID 5360)
[2026-04-03T02:31:39.379+0600][69.239s][info][gc,stats    ]      65 of   430 ms ( 15.2%): Executor task launch worker for task 0.0 in stage 2904.0 (TID 5357)
[2026-04-03T02:31:39.379+0600][69.239s][info][gc,stats    ]      65 of   430 ms ( 15.1%): Executor task launch worker for task 1.0 in stage 2904.0 (TID 5358)
[2026-04-03T02:31:39.379+0600][69.239s][info][gc,stats    ]      21 of   430 ms (  5.0%): block-manager-storage-async-thread-pool-28
[2026-04-03T02:31:39.379+0600][69.239s][info][gc,stats    ]      22 of   430 ms (  5.0%): block-manager-storage-async-thread-pool-68
[2026-04-03T02:31:39.379+0600][69.239s][info][gc,stats    ]      21 of   430 ms (  4.9%): block-manager-storage-async-thread-pool-95
[2026-04-03T02:31:39.379+0600][69.239s][info][gc,stats    ]     341 of   430 ms ( 79.3%): <total>
[2026-04-03T02:31:39.379+0600][69.239s][info][gc,stats    ]       1 of   430 ms (  0.3%): <average total>
[2026-04-03T02:31:39.379+0600][69.239s][info][gc,stats    ]      43 of   430 ms (  9.9%): <average non-zero>
[2026-04-03T02:31:39.379+0600][69.239s][info][gc,stats    ] 
[2026-04-03T02:31:39.379+0600][69.239s][info][gc,metaspace] Metaspace: 131432K(132736K)->131435K(132736K) NonClass: 114963K(115584K)->114966K(115584K) Class: 16468K(17152K)->16468K(17152K)
[2026-04-03T02:31:39.379+0600][69.239s][info][gc,ergo     ] Pacer for Idle. Initial: 25600K, Alloc Tax Rate: 1.0x
[2026-04-03T02:31:39.984+0600][69.843s][info][gc          ] Trigger: Average GC time (166.19 ms) is above the time for average allocation rate (1173 MB/s) to deplete free headroom (191M) (margin of error = 1.91)
[2026-04-03T02:31:39.984+0600][69.843s][info][gc,ergo     ] Free headroom: 254M (free) - 64000K (spike) - 0B (penalties) = 191M
[2026-04-03T02:31:39.984+0600][69.843s][info][gc,ergo     ] Free: 254M, Max: 512K regular, 114M humongous, Frag: 55% external, 0% internal; Reserve: 64000K, Max: 512K
[2026-04-03T02:31:39.984+0600][69.843s][info][gc,start    ] GC(70) Concurrent reset
[2026-04-03T02:31:39.984+0600][69.843s][info][gc,task     ] GC(70) Using 3 of 6 workers for concurrent reset
[2026-04-03T02:31:39.984+0600][69.843s][info][gc,ergo     ] GC(70) Pacer for Reset. Non-Taxable: 1250M
[2026-04-03T02:31:39.985+0600][69.844s][info][gc          ] GC(70) Concurrent reset 1.064ms
[2026-04-03T02:31:39.985+0600][69.845s][info][gc,start    ] GC(70) Pause Init Mark (unload classes)
[2026-04-03T02:31:39.985+0600][69.845s][info][gc,task     ] GC(70) Using 6 of 6 workers for init marking
[2026-04-03T02:31:39.985+0600][69.845s][info][gc,ergo     ] GC(70) Pacer for Mark. Expected Live: 95573K, Free: 253M, Non-Taxable: 25924K, Alloc Tax Rate: 0.5x
[2026-04-03T02:31:39.985+0600][69.845s][info][gc          ] GC(70) Pause Init Mark (unload classes) 0.133ms
[2026-04-03T02:31:39.986+0600][69.845s][info][gc,start    ] GC(70) Concurrent marking roots
[2026-04-03T02:31:39.986+0600][69.845s][info][gc,task     ] GC(70) Using 3 of 6 workers for concurrent marking roots
[2026-04-03T02:31:39.988+0600][69.847s][info][gc          ] GC(70) Concurrent marking roots 2.185ms
[2026-04-03T02:31:39.988+0600][69.847s][info][gc,start    ] GC(70) Concurrent marking (unload classes)
[2026-04-03T02:31:39.988+0600][69.847s][info][gc,task     ] GC(70) Using 3 of 6 workers for concurrent marking
[2026-04-03T02:31:40.051+0600][69.910s][info][gc          ] GC(70) Concurrent marking (unload classes) 62.759ms
[2026-04-03T02:31:40.051+0600][69.910s][info][gc,start    ] GC(70) Pause Final Mark (unload classes)
[2026-04-03T02:31:40.051+0600][69.910s][info][gc,task     ] GC(70) Using 6 of 6 workers for final marking
[2026-04-03T02:31:40.051+0600][69.910s][info][gc,ergo     ] GC(70) Adaptive CSet Selection. Target Free: 177M, Actual Free: 845M, Max CSet: 53333K, Min Garbage: 0B
[2026-04-03T02:31:40.051+0600][69.911s][info][gc,ergo     ] GC(70) Collectable Garbage: 757M (98%), Immediate: 571M (74%), CSet: 186M (24%)
[2026-04-03T02:31:40.051+0600][69.911s][info][gc,ergo     ] GC(70) Pacer for Evacuation. Used CSet: 193M, Free: 858M, Non-Taxable: 87890K, Alloc Tax Rate: 1.1x
[2026-04-03T02:31:40.051+0600][69.911s][info][gc          ] GC(70) Pause Final Mark (unload classes) 0.552ms
[2026-04-03T02:31:40.051+0600][69.911s][info][gc,start    ] GC(70) Concurrent thread roots
[2026-04-03T02:31:40.051+0600][69.911s][info][gc,task     ] GC(70) Using 3 of 6 workers for Concurrent thread roots
[2026-04-03T02:31:40.052+0600][69.912s][info][gc          ] GC(70) Concurrent thread roots 1.072ms
[2026-04-03T02:31:40.052+0600][69.912s][info][gc,start    ] GC(70) Concurrent weak references
[2026-04-03T02:31:40.052+0600][69.912s][info][gc,task     ] GC(70) Using 3 of 6 workers for concurrent weak references
[2026-04-03T02:31:40.053+0600][69.912s][info][gc,ref      ] GC(70) Encountered references: Soft: 3792, Weak: 15509, Final: 84, Phantom: 621
[2026-04-03T02:31:40.053+0600][69.913s][info][gc,ref      ] GC(70) Discovered  references: Soft: 0, Weak: 9182, Final: 0, Phantom: 220
[2026-04-03T02:31:40.053+0600][69.913s][info][gc,ref      ] GC(70) Enqueued    references: Soft: 0, Weak: 401, Final: 0, Phantom: 0
[2026-04-03T02:31:40.053+0600][69.913s][info][gc          ] GC(70) Concurrent weak references 0.792ms
[2026-04-03T02:31:40.053+0600][69.913s][info][gc,start    ] GC(70) Concurrent weak roots
[2026-04-03T02:31:40.053+0600][69.913s][info][gc,task     ] GC(70) Using 3 of 6 workers for concurrent weak root
[2026-04-03T02:31:40.059+0600][69.918s][info][gc          ] GC(70) Concurrent weak roots 5.650ms
[2026-04-03T02:31:40.059+0600][69.918s][info][gc,start    ] GC(70) Concurrent cleanup
[2026-04-03T02:31:40.060+0600][69.919s][info][gc          ] GC(70) Concurrent cleanup 904M->333M(1124M) 0.807ms
[2026-04-03T02:31:40.060+0600][69.919s][info][gc,ergo     ] GC(70) Free: 848M, Max: 512K regular, 170M humongous, Frag: 80% external, 0% internal; Reserve: 63488K, Max: 512K
[2026-04-03T02:31:40.060+0600][69.919s][info][gc,start    ] GC(70) Concurrent class unloading
[2026-04-03T02:31:40.060+0600][69.919s][info][gc,task     ] GC(70) Using 3 of 6 workers for concurrent class unloading
[2026-04-03T02:31:40.080+0600][69.939s][info][gc          ] GC(70) Concurrent class unloading 19.892ms
[2026-04-03T02:31:40.080+0600][69.939s][info][gc,start    ] GC(70) Concurrent strong roots
[2026-04-03T02:31:40.080+0600][69.939s][info][gc,task     ] GC(70) Using 3 of 6 workers for concurrent strong root
[2026-04-03T02:31:40.081+0600][69.940s][info][gc          ] GC(70) Concurrent strong roots 1.198ms
[2026-04-03T02:31:40.081+0600][69.941s][info][gc,start    ] GC(70) Concurrent evacuation
[2026-04-03T02:31:40.081+0600][69.941s][info][gc,task     ] GC(70) Using 3 of 6 workers for concurrent evacuation
[2026-04-03T02:31:40.085+0600][69.944s][info][gc          ] GC(70) Concurrent evacuation 3.394ms
[2026-04-03T02:31:40.085+0600][69.944s][info][gc,start    ] GC(70) Pause Init Update Refs
[2026-04-03T02:31:40.085+0600][69.944s][info][gc,ergo     ] GC(70) Pacer for Update Refs. Used: 362M, Free: 822M, Non-Taxable: 84254K, Alloc Tax Rate: 1.1x
[2026-04-03T02:31:40.085+0600][69.944s][info][gc          ] GC(70) Pause Init Update Refs 0.134ms
[2026-04-03T02:31:40.085+0600][69.944s][info][gc,start    ] GC(70) Concurrent update references
[2026-04-03T02:31:40.085+0600][69.944s][info][gc,task     ] GC(70) Using 3 of 6 workers for concurrent reference update
[2026-04-03T02:31:40.132+0600][69.992s][info][gc          ] GC(70) Concurrent update references 47.146ms
[2026-04-03T02:31:40.132+0600][69.992s][info][gc,start    ] GC(70) Concurrent update thread roots
[2026-04-03T02:31:40.134+0600][69.993s][info][gc          ] GC(70) Concurrent update thread roots 1.590ms
[2026-04-03T02:31:40.134+0600][69.994s][info][gc,start    ] GC(70) Pause Final Update Refs
[2026-04-03T02:31:40.134+0600][69.994s][info][gc,task     ] GC(70) Using 6 of 6 workers for final reference update
[2026-04-03T02:31:40.134+0600][69.994s][info][gc          ] GC(70) Pause Final Update Refs 0.164ms
[2026-04-03T02:31:40.135+0600][69.994s][info][gc,start    ] GC(70) Concurrent cleanup
[2026-04-03T02:31:40.135+0600][69.994s][info][gc          ] GC(70) Concurrent cleanup 401M->208M(1124M) 0.498ms
[2026-04-03T02:31:40.135+0600][69.994s][info][gc,ergo     ] Free: 963M, Max: 512K regular, 367M humongous, Frag: 62% external, 0% internal; Reserve: 64000K, Max: 512K
[2026-04-03T02:31:40.135+0600][69.994s][info][gc,stats    ] 
[2026-04-03T02:31:40.135+0600][69.995s][info][gc,stats    ] All times are wall-clock times, except per-root-class counters, that are sum over
[2026-04-03T02:31:40.135+0600][69.995s][info][gc,stats    ] all workers. Dividing the <total> over the root stage time estimates parallelism.
[2026-04-03T02:31:40.135+0600][69.995s][info][gc,stats    ] 
[2026-04-03T02:31:40.135+0600][69.995s][info][gc,stats    ] Concurrent Reset                   1146 us
[2026-04-03T02:31:40.135+0600][69.995s][info][gc,stats    ] Pause Init Mark (G)                 442 us
[2026-04-03T02:31:40.135+0600][69.995s][info][gc,stats    ] Pause Init Mark (N)                 143 us
[2026-04-03T02:31:40.135+0600][69.995s][info][gc,stats    ]   Update Region States               29 us
[2026-04-03T02:31:40.135+0600][69.995s][info][gc,stats    ] Concurrent Mark Roots              2267 us, parallelism: 1.85x
[2026-04-03T02:31:40.135+0600][69.995s][info][gc,stats    ]   CMR: <total>                     4193 us
[2026-04-03T02:31:40.135+0600][69.995s][info][gc,stats    ]   CMR: Thread Roots                3720 us, workers (us): 1589, 1223, 908, ---, ---, ---, 
[2026-04-03T02:31:40.135+0600][69.995s][info][gc,stats    ]   CMR: VM Strong Roots               63 us, workers (us):  36,  27,   0, ---, ---, ---, 
[2026-04-03T02:31:40.135+0600][69.995s][info][gc,stats    ]   CMR: CLDG Roots                   410 us, workers (us): ---, 410, ---, ---, ---, ---, 
[2026-04-03T02:31:40.135+0600][69.995s][info][gc,stats    ] Concurrent Marking                62827 us
[2026-04-03T02:31:40.135+0600][69.995s][info][gc,stats    ] Pause Final Mark (G)                715 us
[2026-04-03T02:31:40.135+0600][69.995s][info][gc,stats    ] Pause Final Mark (N)                565 us
[2026-04-03T02:31:40.135+0600][69.995s][info][gc,stats    ]   Finish Mark                       182 us
[2026-04-03T02:31:40.135+0600][69.995s][info][gc,stats    ]   Update Region States               35 us
[2026-04-03T02:31:40.135+0600][69.995s][info][gc,stats    ]   Choose Collection Set             199 us
[2026-04-03T02:31:40.135+0600][69.995s][info][gc,stats    ]   Rebuild Free Set                   34 us
[2026-04-03T02:31:40.135+0600][69.995s][info][gc,stats    ] Concurrent Thread Roots            1114 us, parallelism: 2.17x
[2026-04-03T02:31:40.135+0600][69.995s][info][gc,stats    ]   CTR: <total>                     2421 us
[2026-04-03T02:31:40.135+0600][69.995s][info][gc,stats    ]   CTR: Thread Roots                2421 us, workers (us): 808, 815, 799, ---, ---, ---, 
[2026-04-03T02:31:40.135+0600][69.995s][info][gc,stats    ] Concurrent Weak References          806 us, parallelism: 1.43x
[2026-04-03T02:31:40.135+0600][69.995s][info][gc,stats    ]   CWRF: <total>                    1152 us
[2026-04-03T02:31:40.135+0600][69.995s][info][gc,stats    ]   CWRF: Weak References            1152 us, workers (us): 363, 294, 495, ---, ---, ---, 
[2026-04-03T02:31:40.135+0600][69.995s][info][gc,stats    ] Concurrent Weak Roots              5742 us
[2026-04-03T02:31:40.135+0600][69.995s][info][gc,stats    ]   Roots                            5225 us, parallelism: 2.74x
[2026-04-03T02:31:40.135+0600][69.995s][info][gc,stats    ]     CWR: <total>                  14319 us
[2026-04-03T02:31:40.135+0600][69.995s][info][gc,stats    ]     CWR: Code Cache Roots         11772 us, workers (us): 3951, 3906, 3915, ---, ---, ---, 
[2026-04-03T02:31:40.135+0600][69.995s][info][gc,stats    ]     CWR: VM Weak Roots             2403 us, workers (us): 878, 855, 670, ---, ---, ---, 
[2026-04-03T02:31:40.135+0600][69.995s][info][gc,stats    ]     CWR: CLDG Roots                 144 us, workers (us): ---, ---, 144, ---, ---, ---, 
[2026-04-03T02:31:40.135+0600][69.995s][info][gc,stats    ]   Rendezvous                        392 us
[2026-04-03T02:31:40.135+0600][69.995s][info][gc,stats    ] Concurrent Cleanup                  840 us
[2026-04-03T02:31:40.135+0600][69.995s][info][gc,stats    ] Concurrent Class Unloading        19998 us
[2026-04-03T02:31:40.135+0600][69.995s][info][gc,stats    ]   Unlink Stale                    17461 us
[2026-04-03T02:31:40.135+0600][69.995s][info][gc,stats    ]     System Dictionary               264 us
[2026-04-03T02:31:40.135+0600][69.995s][info][gc,stats    ]     Weak Class Links                  1 us
[2026-04-03T02:31:40.135+0600][69.995s][info][gc,stats    ]     Code Roots                    17192 us
[2026-04-03T02:31:40.135+0600][69.995s][info][gc,stats    ]   Rendezvous                        512 us
[2026-04-03T02:31:40.135+0600][69.995s][info][gc,stats    ]   Purge Unlinked                   1877 us
[2026-04-03T02:31:40.135+0600][69.995s][info][gc,stats    ]     Code Roots                     1866 us
[2026-04-03T02:31:40.135+0600][69.995s][info][gc,stats    ]     CLDG                             10 us
[2026-04-03T02:31:40.136+0600][69.995s][info][gc,stats    ]     Exception Caches                  1 us
[2026-04-03T02:31:40.136+0600][69.995s][info][gc,stats    ] Concurrent Strong Roots            1254 us, parallelism: 0.65x
[2026-04-03T02:31:40.136+0600][69.995s][info][gc,stats    ]   CSR: <total>                      810 us
[2026-04-03T02:31:40.136+0600][69.995s][info][gc,stats    ]   CSR: VM Strong Roots               46 us, workers (us):  43,   1,   1, ---, ---, ---, 
[2026-04-03T02:31:40.136+0600][69.995s][info][gc,stats    ]   CSR: CLDG Roots                   764 us, workers (us): 764, ---, ---, ---, ---, ---, 
[2026-04-03T02:31:40.136+0600][69.995s][info][gc,stats    ] Concurrent Evacuation              3455 us
[2026-04-03T02:31:40.136+0600][69.995s][info][gc,stats    ] Pause Init Update Refs (G)          493 us
[2026-04-03T02:31:40.136+0600][69.995s][info][gc,stats    ] Pause Init Update Refs (N)          172 us
[2026-04-03T02:31:40.136+0600][69.995s][info][gc,stats    ]   Manage GCLABs                      42 us
[2026-04-03T02:31:40.136+0600][69.995s][info][gc,stats    ] Concurrent Update Refs            47241 us
[2026-04-03T02:31:40.136+0600][69.995s][info][gc,stats    ] Concurrent Update Thread Roots     1646 us
[2026-04-03T02:31:40.136+0600][69.995s][info][gc,stats    ] Pause Final Update Refs (G)         535 us
[2026-04-03T02:31:40.136+0600][69.995s][info][gc,stats    ] Pause Final Update Refs (N)         179 us
[2026-04-03T02:31:40.136+0600][69.995s][info][gc,stats    ]   Update Region States               43 us
[2026-04-03T02:31:40.136+0600][69.995s][info][gc,stats    ]   Trash Collection Set               17 us
[2026-04-03T02:31:40.136+0600][69.995s][info][gc,stats    ]   Rebuild Free Set                   38 us
[2026-04-03T02:31:40.136+0600][69.995s][info][gc,stats    ] Concurrent Cleanup                  524 us
[2026-04-03T02:31:40.136+0600][69.995s][info][gc,stats    ] Pacing                           157857 us
[2026-04-03T02:31:40.136+0600][69.995s][info][gc,stats    ] 
[2026-04-03T02:31:40.136+0600][69.995s][info][gc,stats    ] Allocation pacing accrued:
[2026-04-03T02:31:40.136+0600][69.995s][info][gc,stats    ]      19 of   756 ms (  2.6%): Executor task launch worker for task 1.0 in stage 2933.0 (TID 5462)
[2026-04-03T02:31:40.136+0600][69.995s][info][gc,stats    ]      20 of   756 ms (  2.7%): Executor task launch worker for task 2.0 in stage 2933.0 (TID 5463)
[2026-04-03T02:31:40.136+0600][69.995s][info][gc,stats    ]      21 of   756 ms (  2.7%): Executor task launch worker for task 7.0 in stage 2933.0 (TID 5468)
[2026-04-03T02:31:40.136+0600][69.995s][info][gc,stats    ]      19 of   756 ms (  2.5%): Executor task launch worker for task 0.0 in stage 2933.0 (TID 5461)
[2026-04-03T02:31:40.136+0600][69.995s][info][gc,stats    ]      19 of   756 ms (  2.5%): Executor task launch worker for task 4.0 in stage 2933.0 (TID 5465)
[2026-04-03T02:31:40.136+0600][69.995s][info][gc,stats    ]      19 of   756 ms (  2.6%): Executor task launch worker for task 6.0 in stage 2933.0 (TID 5467)
[2026-04-03T02:31:40.136+0600][69.995s][info][gc,stats    ]      22 of   756 ms (  2.8%): Executor task launch worker for task 5.0 in stage 2933.0 (TID 5466)
[2026-04-03T02:31:40.136+0600][69.995s][info][gc,stats    ]      19 of   756 ms (  2.5%): Executor task launch worker for task 3.0 in stage 2933.0 (TID 5464)
[2026-04-03T02:31:40.136+0600][69.995s][info][gc,stats    ]     158 of   756 ms ( 20.9%): <total>
[2026-04-03T02:31:40.136+0600][69.995s][info][gc,stats    ]       1 of   756 ms (  0.1%): <average total>
[2026-04-03T02:31:40.136+0600][69.995s][info][gc,stats    ]      20 of   756 ms (  2.6%): <average non-zero>
[2026-04-03T02:31:40.136+0600][69.995s][info][gc,stats    ] 
[2026-04-03T02:31:40.136+0600][69.995s][info][gc,metaspace] Metaspace: 131439K(132736K)->131439K(132736K) NonClass: 114971K(115584K)->114971K(115584K) Class: 16468K(17152K)->16468K(17152K)
[2026-04-03T02:31:40.136+0600][69.995s][info][gc,ergo     ] Pacer for Idle. Initial: 25600K, Alloc Tax Rate: 1.0x
[2026-04-03T02:31:40.771+0600][70.630s][info][gc          ] Trigger: Average GC time (166.87 ms) is above the time for average allocation rate (1066 MB/s) to deplete free headroom (176M) (margin of error = 1.91)
[2026-04-03T02:31:40.771+0600][70.630s][info][gc,ergo     ] Free headroom: 239M (free) - 64000K (spike) - 0B (penalties) = 176M
[2026-04-03T02:31:40.771+0600][70.630s][info][gc,ergo     ] Free: 239M, Max: 512K regular, 238M humongous, Frag: 0% external, 0% internal; Reserve: 64000K, Max: 512K
[2026-04-03T02:31:40.771+0600][70.630s][info][gc,start    ] GC(71) Concurrent reset
[2026-04-03T02:31:40.771+0600][70.630s][info][gc,task     ] GC(71) Using 3 of 6 workers for concurrent reset
[2026-04-03T02:31:40.771+0600][70.630s][info][gc,ergo     ] GC(71) Pacer for Reset. Non-Taxable: 1250M
[2026-04-03T02:31:40.772+0600][70.632s][info][gc          ] GC(71) Concurrent reset 1.294ms
[2026-04-03T02:31:40.773+0600][70.632s][info][gc,start    ] GC(71) Pause Init Mark (unload classes)
[2026-04-03T02:31:40.773+0600][70.632s][info][gc,task     ] GC(71) Using 6 of 6 workers for init marking
[2026-04-03T02:31:40.773+0600][70.632s][info][gc,ergo     ] GC(71) Pacer for Mark. Expected Live: 95513K, Free: 238M, Non-Taxable: 24454K, Alloc Tax Rate: 0.5x
[2026-04-03T02:31:40.773+0600][70.632s][info][gc          ] GC(71) Pause Init Mark (unload classes) 0.267ms
[2026-04-03T02:31:40.773+0600][70.633s][info][gc,start    ] GC(71) Concurrent marking roots
[2026-04-03T02:31:40.773+0600][70.633s][info][gc,task     ] GC(71) Using 3 of 6 workers for concurrent marking roots
[2026-04-03T02:31:40.775+0600][70.634s][info][gc          ] GC(71) Concurrent marking roots 1.722ms
[2026-04-03T02:31:40.775+0600][70.634s][info][gc,start    ] GC(71) Concurrent marking (unload classes)
[2026-04-03T02:31:40.775+0600][70.634s][info][gc,task     ] GC(71) Using 3 of 6 workers for concurrent marking
[2026-04-03T02:31:40.830+0600][70.689s][info][gc          ] GC(71) Concurrent marking (unload classes) 55.106ms
[2026-04-03T02:31:40.830+0600][70.690s][info][gc,start    ] GC(71) Pause Final Mark (unload classes)
[2026-04-03T02:31:40.830+0600][70.690s][info][gc,task     ] GC(71) Using 6 of 6 workers for final marking
[2026-04-03T02:31:40.831+0600][70.690s][info][gc,ergo     ] GC(71) Adaptive CSet Selection. Target Free: 177M, Actual Free: 828M, Max CSet: 53333K, Min Garbage: 0B
[2026-04-03T02:31:40.831+0600][70.690s][info][gc,ergo     ] GC(71) Collectable Garbage: 763M (98%), Immediate: 570M (73%), CSet: 192M (24%)
[2026-04-03T02:31:40.831+0600][70.690s][info][gc,ergo     ] GC(71) Pacer for Evacuation. Used CSet: 199M, Free: 846M, Non-Taxable: 86713K, Alloc Tax Rate: 1.1x
[2026-04-03T02:31:40.831+0600][70.690s][info][gc          ] GC(71) Pause Final Mark (unload classes) 0.628ms
[2026-04-03T02:31:40.831+0600][70.690s][info][gc,start    ] GC(71) Concurrent thread roots
[2026-04-03T02:31:40.831+0600][70.690s][info][gc,task     ] GC(71) Using 3 of 6 workers for Concurrent thread roots
[2026-04-03T02:31:40.832+0600][70.691s][info][gc          ] GC(71) Concurrent thread roots 1.004ms
[2026-04-03T02:31:40.832+0600][70.691s][info][gc,start    ] GC(71) Concurrent weak references
[2026-04-03T02:31:40.832+0600][70.691s][info][gc,task     ] GC(71) Using 3 of 6 workers for concurrent weak references
[2026-04-03T02:31:40.833+0600][70.692s][info][gc,ref      ] GC(71) Encountered references: Soft: 3792, Weak: 16647, Final: 84, Phantom: 629
[2026-04-03T02:31:40.833+0600][70.692s][info][gc,ref      ] GC(71) Discovered  references: Soft: 0, Weak: 5028, Final: 0, Phantom: 624
[2026-04-03T02:31:40.833+0600][70.692s][info][gc,ref      ] GC(71) Enqueued    references: Soft: 0, Weak: 1749, Final: 0, Phantom: 0
[2026-04-03T02:31:40.833+0600][70.692s][info][gc          ] GC(71) Concurrent weak references 0.647ms
[2026-04-03T02:31:40.833+0600][70.692s][info][gc,start    ] GC(71) Concurrent weak roots
[2026-04-03T02:31:40.833+0600][70.692s][info][gc,task     ] GC(71) Using 3 of 6 workers for concurrent weak root
[2026-04-03T02:31:40.838+0600][70.698s][info][gc          ] GC(71) Concurrent weak roots 5.585ms
[2026-04-03T02:31:40.838+0600][70.698s][info][gc,start    ] GC(71) Concurrent cleanup
[2026-04-03T02:31:40.839+0600][70.698s][info][gc          ] GC(71) Concurrent cleanup 917M->348M(1124M) 0.553ms
[2026-04-03T02:31:40.839+0600][70.698s][info][gc,ergo     ] GC(71) Free: 837M, Max: 512K regular, 187M humongous, Frag: 78% external, 0% internal; Reserve: 63443K, Max: 512K
[2026-04-03T02:31:40.839+0600][70.698s][info][gc,start    ] GC(71) Concurrent class unloading
[2026-04-03T02:31:40.839+0600][70.698s][info][gc,task     ] GC(71) Using 3 of 6 workers for concurrent class unloading
[2026-04-03T02:31:40.864+0600][70.723s][info][gc          ] GC(71) Concurrent class unloading 24.673ms
[2026-04-03T02:31:40.864+0600][70.723s][info][gc,start    ] GC(71) Concurrent strong roots
[2026-04-03T02:31:40.864+0600][70.723s][info][gc,task     ] GC(71) Using 3 of 6 workers for concurrent strong root
[2026-04-03T02:31:40.866+0600][70.725s][info][gc          ] GC(71) Concurrent strong roots 1.452ms
[2026-04-03T02:31:40.866+0600][70.725s][info][gc,start    ] GC(71) Concurrent evacuation
[2026-04-03T02:31:40.866+0600][70.725s][info][gc,task     ] GC(71) Using 3 of 6 workers for concurrent evacuation
[2026-04-03T02:31:40.870+0600][70.729s][info][gc          ] GC(71) Concurrent evacuation 3.514ms
[2026-04-03T02:31:40.870+0600][70.729s][info][gc,start    ] GC(71) Pause Init Update Refs
[2026-04-03T02:31:40.870+0600][70.729s][info][gc,ergo     ] GC(71) Pacer for Update Refs. Used: 386M, Free: 804M, Non-Taxable: 82410K, Alloc Tax Rate: 1.1x
[2026-04-03T02:31:40.870+0600][70.729s][info][gc          ] GC(71) Pause Init Update Refs 0.173ms
[2026-04-03T02:31:40.870+0600][70.730s][info][gc,start    ] GC(71) Concurrent update references
[2026-04-03T02:31:40.870+0600][70.730s][info][gc,task     ] GC(71) Using 3 of 6 workers for concurrent reference update
[2026-04-03T02:31:40.928+0600][70.787s][info][gc          ] GC(71) Concurrent update references 57.461ms
[2026-04-03T02:31:40.928+0600][70.787s][info][gc,start    ] GC(71) Concurrent update thread roots
[2026-04-03T02:31:40.929+0600][70.789s][info][gc          ] GC(71) Concurrent update thread roots 1.665ms
[2026-04-03T02:31:40.930+0600][70.789s][info][gc,start    ] GC(71) Pause Final Update Refs
[2026-04-03T02:31:40.930+0600][70.789s][info][gc,task     ] GC(71) Using 6 of 6 workers for final reference update
[2026-04-03T02:31:40.930+0600][70.789s][info][gc          ] GC(71) Pause Final Update Refs 0.240ms
[2026-04-03T02:31:40.930+0600][70.789s][info][gc,start    ] GC(71) Concurrent cleanup
[2026-04-03T02:31:40.931+0600][70.790s][info][gc          ] GC(71) Concurrent cleanup 433M->235M(1124M) 0.629ms
[2026-04-03T02:31:40.931+0600][70.790s][info][gc,ergo     ] Free: 945M, Max: 512K regular, 492M humongous, Frag: 48% external, 0% internal; Reserve: 64000K, Max: 512K
[2026-04-03T02:31:40.931+0600][70.790s][info][gc,stats    ] 
[2026-04-03T02:31:40.931+0600][70.790s][info][gc,stats    ] All times are wall-clock times, except per-root-class counters, that are sum over
[2026-04-03T02:31:40.931+0600][70.790s][info][gc,stats    ] all workers. Dividing the <total> over the root stage time estimates parallelism.
[2026-04-03T02:31:40.931+0600][70.790s][info][gc,stats    ] 
[2026-04-03T02:31:40.931+0600][70.790s][info][gc,stats    ] Concurrent Reset                   1348 us
[2026-04-03T02:31:40.931+0600][70.790s][info][gc,stats    ] Pause Init Mark (G)                 744 us
[2026-04-03T02:31:40.931+0600][70.790s][info][gc,stats    ] Pause Init Mark (N)                 275 us
[2026-04-03T02:31:40.931+0600][70.790s][info][gc,stats    ]   Update Region States               32 us
[2026-04-03T02:31:40.931+0600][70.790s][info][gc,stats    ] Concurrent Mark Roots              1759 us, parallelism: 1.94x
[2026-04-03T02:31:40.931+0600][70.790s][info][gc,stats    ]   CMR: <total>                     3412 us
[2026-04-03T02:31:40.931+0600][70.790s][info][gc,stats    ]   CMR: Thread Roots                2920 us, workers (us): 689, 1117, 1114, ---, ---, ---, 
[2026-04-03T02:31:40.931+0600][70.790s][info][gc,stats    ]   CMR: VM Strong Roots               65 us, workers (us):  26,  24,  16, ---, ---, ---, 
[2026-04-03T02:31:40.931+0600][70.790s][info][gc,stats    ]   CMR: CLDG Roots                   427 us, workers (us): 427, ---, ---, ---, ---, ---, 
[2026-04-03T02:31:40.931+0600][70.790s][info][gc,stats    ] Concurrent Marking                55165 us
[2026-04-03T02:31:40.931+0600][70.790s][info][gc,stats    ] Pause Final Mark (G)                782 us
[2026-04-03T02:31:40.931+0600][70.790s][info][gc,stats    ] Pause Final Mark (N)                637 us
[2026-04-03T02:31:40.931+0600][70.790s][info][gc,stats    ]   Finish Mark                       238 us
[2026-04-03T02:31:40.931+0600][70.790s][info][gc,stats    ]   Update Region States               30 us
[2026-04-03T02:31:40.931+0600][70.790s][info][gc,stats    ]   Choose Collection Set             212 us
[2026-04-03T02:31:40.931+0600][70.790s][info][gc,stats    ]   Rebuild Free Set                   37 us
[2026-04-03T02:31:40.931+0600][70.790s][info][gc,stats    ] Concurrent Thread Roots            1047 us, parallelism: 2.43x
[2026-04-03T02:31:40.931+0600][70.790s][info][gc,stats    ]   CTR: <total>                     2549 us
[2026-04-03T02:31:40.931+0600][70.790s][info][gc,stats    ]   CTR: Thread Roots                2549 us, workers (us): 900, 843, 806, ---, ---, ---, 
[2026-04-03T02:31:40.931+0600][70.790s][info][gc,stats    ] Concurrent Weak References          657 us, parallelism: 1.46x
[2026-04-03T02:31:40.931+0600][70.790s][info][gc,stats    ]   CWRF: <total>                     959 us
[2026-04-03T02:31:40.931+0600][70.791s][info][gc,stats    ]   CWRF: Weak References             959 us, workers (us): 366, 187, 406, ---, ---, ---, 
[2026-04-03T02:31:40.931+0600][70.791s][info][gc,stats    ] Concurrent Weak Roots              5689 us
[2026-04-03T02:31:40.931+0600][70.791s][info][gc,stats    ]   Roots                            4755 us, parallelism: 2.80x
[2026-04-03T02:31:40.931+0600][70.791s][info][gc,stats    ]     CWR: <total>                  13304 us
[2026-04-03T02:31:40.931+0600][70.791s][info][gc,stats    ]     CWR: Code Cache Roots         10042 us, workers (us): 3238, 3421, 3383, ---, ---, ---, 
[2026-04-03T02:31:40.931+0600][70.791s][info][gc,stats    ]     CWR: VM Weak Roots             3086 us, workers (us): 1030, 1028, 1029, ---, ---, ---, 
[2026-04-03T02:31:40.931+0600][70.791s][info][gc,stats    ]     CWR: CLDG Roots                 176 us, workers (us): 176, ---, ---, ---, ---, ---, 
[2026-04-03T02:31:40.931+0600][70.791s][info][gc,stats    ]   Rendezvous                        808 us
[2026-04-03T02:31:40.931+0600][70.791s][info][gc,stats    ] Concurrent Cleanup                  602 us
[2026-04-03T02:31:40.931+0600][70.791s][info][gc,stats    ] Concurrent Class Unloading        25081 us
[2026-04-03T02:31:40.931+0600][70.791s][info][gc,stats    ]   Unlink Stale                    21735 us
[2026-04-03T02:31:40.931+0600][70.791s][info][gc,stats    ]     System Dictionary               281 us
[2026-04-03T02:31:40.931+0600][70.791s][info][gc,stats    ]     Weak Class Links                  1 us
[2026-04-03T02:31:40.931+0600][70.791s][info][gc,stats    ]     Code Roots                    21393 us
[2026-04-03T02:31:40.931+0600][70.791s][info][gc,stats    ]   Rendezvous                        429 us
[2026-04-03T02:31:40.931+0600][70.791s][info][gc,stats    ]   Purge Unlinked                   2466 us
[2026-04-03T02:31:40.931+0600][70.791s][info][gc,stats    ]     Code Roots                     2427 us
[2026-04-03T02:31:40.931+0600][70.791s][info][gc,stats    ]     CLDG                             36 us
[2026-04-03T02:31:40.931+0600][70.791s][info][gc,stats    ]     Exception Caches                  1 us
[2026-04-03T02:31:40.931+0600][70.791s][info][gc,stats    ] Concurrent Strong Roots            1954 us, parallelism: 0.50x
[2026-04-03T02:31:40.931+0600][70.791s][info][gc,stats    ]   CSR: <total>                      986 us
[2026-04-03T02:31:40.931+0600][70.791s][info][gc,stats    ]   CSR: VM Strong Roots               73 us, workers (us):  44,  29,   0, ---, ---, ---, 
[2026-04-03T02:31:40.931+0600][70.791s][info][gc,stats    ]   CSR: CLDG Roots                   913 us, workers (us): 913, ---, ---, ---, ---, ---, 
[2026-04-03T02:31:40.931+0600][70.791s][info][gc,stats    ] Concurrent Evacuation              3613 us
[2026-04-03T02:31:40.931+0600][70.791s][info][gc,stats    ] Pause Init Update Refs (G)          588 us
[2026-04-03T02:31:40.931+0600][70.791s][info][gc,stats    ] Pause Init Update Refs (N)          189 us
[2026-04-03T02:31:40.932+0600][70.791s][info][gc,stats    ]   Manage GCLABs                      44 us
[2026-04-03T02:31:40.932+0600][70.791s][info][gc,stats    ] Concurrent Update Refs            57556 us
[2026-04-03T02:31:40.932+0600][70.791s][info][gc,stats    ] Concurrent Update Thread Roots     1730 us
[2026-04-03T02:31:40.932+0600][70.791s][info][gc,stats    ] Pause Final Update Refs (G)         587 us
[2026-04-03T02:31:40.932+0600][70.791s][info][gc,stats    ] Pause Final Update Refs (N)         255 us
[2026-04-03T02:31:40.932+0600][70.791s][info][gc,stats    ]   Update Region States               50 us
[2026-04-03T02:31:40.932+0600][70.791s][info][gc,stats    ]   Trash Collection Set               18 us
[2026-04-03T02:31:40.932+0600][70.791s][info][gc,stats    ]   Rebuild Free Set                   38 us
[2026-04-03T02:31:40.932+0600][70.791s][info][gc,stats    ] Concurrent Cleanup                  660 us
[2026-04-03T02:31:40.932+0600][70.791s][info][gc,stats    ] Pacing                           203602 us
[2026-04-03T02:31:40.932+0600][70.791s][info][gc,stats    ] 
[2026-04-03T02:31:40.932+0600][70.791s][info][gc,stats    ] Allocation pacing accrued:
[2026-04-03T02:31:40.932+0600][70.791s][info][gc,stats    ]      11 of   796 ms (  1.4%): RemoteBlock-temp-file-clean-thread
[2026-04-03T02:31:40.932+0600][70.791s][info][gc,stats    ]      22 of   796 ms (  2.8%): Executor task launch worker for task 5.0 in stage 3047.0 (TID 5586)
[2026-04-03T02:31:40.932+0600][70.791s][info][gc,stats    ]      22 of   796 ms (  2.8%): Executor task launch worker for task 6.0 in stage 3047.0 (TID 5587)
[2026-04-03T02:31:40.932+0600][70.791s][info][gc,stats    ]      27 of   796 ms (  3.4%): Executor task launch worker for task 7.0 in stage 3047.0 (TID 5588)
[2026-04-03T02:31:40.932+0600][70.791s][info][gc,stats    ]      22 of   796 ms (  2.8%): Executor task launch worker for task 3.0 in stage 3047.0 (TID 5584)
[2026-04-03T02:31:40.932+0600][70.791s][info][gc,stats    ]      22 of   796 ms (  2.8%): Executor task launch worker for task 4.0 in stage 3047.0 (TID 5585)
[2026-04-03T02:31:40.932+0600][70.791s][info][gc,stats    ]      27 of   796 ms (  3.4%): Executor task launch worker for task 1.0 in stage 3047.0 (TID 5582)
[2026-04-03T02:31:40.932+0600][70.791s][info][gc,stats    ]      22 of   796 ms (  2.8%): Executor task launch worker for task 2.0 in stage 3047.0 (TID 5583)
[2026-04-03T02:31:40.932+0600][70.791s][info][gc,stats    ]      27 of   796 ms (  3.4%): Executor task launch worker for task 0.0 in stage 3047.0 (TID 5581)
[2026-04-03T02:31:40.932+0600][70.791s][info][gc,stats    ]     204 of   796 ms ( 25.6%): <total>
[2026-04-03T02:31:40.932+0600][70.791s][info][gc,stats    ]       1 of   796 ms (  0.1%): <average total>
[2026-04-03T02:31:40.932+0600][70.791s][info][gc,stats    ]      23 of   796 ms (  2.8%): <average non-zero>
[2026-04-03T02:31:40.932+0600][70.791s][info][gc,stats    ] 
[2026-04-03T02:31:40.932+0600][70.791s][info][gc,metaspace] Metaspace: 131445K(132736K)->131447K(132736K) NonClass: 114975K(115584K)->114977K(115584K) Class: 16469K(17152K)->16469K(17152K)
[2026-04-03T02:31:40.932+0600][70.791s][info][gc,ergo     ] Pacer for Idle. Initial: 25600K, Alloc Tax Rate: 1.0x
[2026-04-03T02:31:41.462+0600][71.321s][info][gc          ] Trigger: Explicit GC request (System.gc())
[2026-04-03T02:31:41.462+0600][71.321s][info][gc,ergo     ] Free: 308M, Max: 512K regular, 184M humongous, Frag: 41% external, 0% internal; Reserve: 64000K, Max: 512K
[2026-04-03T02:31:41.462+0600][71.321s][info][gc,start    ] GC(72) Concurrent reset
[2026-04-03T02:31:41.462+0600][71.321s][info][gc,task     ] GC(72) Using 3 of 6 workers for concurrent reset
[2026-04-03T02:31:41.462+0600][71.321s][info][gc,ergo     ] GC(72) Pacer for Reset. Non-Taxable: 1250M
[2026-04-03T02:31:41.463+0600][71.322s][info][gc          ] GC(72) Concurrent reset 1.000ms
[2026-04-03T02:31:41.463+0600][71.322s][info][gc,start    ] GC(72) Pause Init Mark (unload classes)
[2026-04-03T02:31:41.463+0600][71.322s][info][gc,task     ] GC(72) Using 6 of 6 workers for init marking
[2026-04-03T02:31:41.463+0600][71.322s][info][gc,ref      ] GC(72) Clearing All SoftReferences
[2026-04-03T02:31:41.463+0600][71.322s][info][gc,ergo     ] GC(72) Pacer for Mark. Expected Live: 95940K, Free: 308M, Non-Taxable: 31622K, Alloc Tax Rate: 0.4x
[2026-04-03T02:31:41.463+0600][71.323s][info][gc          ] GC(72) Pause Init Mark (unload classes) 0.105ms
[2026-04-03T02:31:41.463+0600][71.323s][info][gc,start    ] GC(72) Concurrent marking roots
[2026-04-03T02:31:41.463+0600][71.323s][info][gc,task     ] GC(72) Using 3 of 6 workers for concurrent marking roots
[2026-04-03T02:31:41.464+0600][71.324s][info][gc          ] GC(72) Concurrent marking roots 1.199ms
[2026-04-03T02:31:41.465+0600][71.324s][info][gc,start    ] GC(72) Concurrent marking (unload classes)
[2026-04-03T02:31:41.465+0600][71.324s][info][gc,task     ] GC(72) Using 3 of 6 workers for concurrent marking
[2026-04-03T02:31:41.509+0600][71.368s][info][gc          ] GC(72) Concurrent marking (unload classes) 44.619ms
[2026-04-03T02:31:41.509+0600][71.369s][info][gc,start    ] GC(72) Pause Final Mark (unload classes)
[2026-04-03T02:31:41.509+0600][71.369s][info][gc,task     ] GC(72) Using 6 of 6 workers for final marking
[2026-04-03T02:31:41.510+0600][71.369s][info][gc,ergo     ] GC(72) Adaptive CSet Selection. Target Free: 177M, Actual Free: 1004M, Max CSet: 53333K, Min Garbage: 0B
[2026-04-03T02:31:41.510+0600][71.369s][info][gc,ergo     ] GC(72) Collectable Garbage: 728M (98%), Immediate: 634M (86%), CSet: 95814K (12%)
[2026-04-03T02:31:41.510+0600][71.369s][info][gc,ergo     ] GC(72) Pacer for Evacuation. Used CSet: 102366K, Free: 994M, Non-Taxable: 101816K, Alloc Tax Rate: 1.1x
[2026-04-03T02:31:41.510+0600][71.369s][info][gc          ] GC(72) Pause Final Mark (unload classes) 0.626ms
[2026-04-03T02:31:41.510+0600][71.369s][info][gc,start    ] GC(72) Concurrent thread roots
[2026-04-03T02:31:41.510+0600][71.369s][info][gc,task     ] GC(72) Using 3 of 6 workers for Concurrent thread roots
[2026-04-03T02:31:41.511+0600][71.370s][info][gc          ] GC(72) Concurrent thread roots 0.880ms
[2026-04-03T02:31:41.511+0600][71.370s][info][gc,start    ] GC(72) Concurrent weak references
[2026-04-03T02:31:41.511+0600][71.370s][info][gc,task     ] GC(72) Using 3 of 6 workers for concurrent weak references
[2026-04-03T02:31:41.512+0600][71.371s][info][gc,ref      ] GC(72) Encountered references: Soft: 3586, Weak: 15687, Final: 84, Phantom: 621
[2026-04-03T02:31:41.512+0600][71.371s][info][gc,ref      ] GC(72) Discovered  references: Soft: 1221, Weak: 10088, Final: 52, Phantom: 617
[2026-04-03T02:31:41.512+0600][71.371s][info][gc,ref      ] GC(72) Enqueued    references: Soft: 689, Weak: 1411, Final: 0, Phantom: 0
[2026-04-03T02:31:41.512+0600][71.371s][info][gc          ] GC(72) Concurrent weak references 1.138ms
[2026-04-03T02:31:41.512+0600][71.371s][info][gc,start    ] GC(72) Concurrent weak roots
[2026-04-03T02:31:41.512+0600][71.371s][info][gc,task     ] GC(72) Using 3 of 6 workers for concurrent weak root
[2026-04-03T02:31:41.517+0600][71.377s][info][gc          ] GC(72) Concurrent weak roots 5.316ms
[2026-04-03T02:31:41.518+0600][71.377s][info][gc,start    ] GC(72) Concurrent cleanup
[2026-04-03T02:31:41.518+0600][71.378s][info][gc          ] GC(72) Concurrent cleanup 827M->192M(1124M) 0.699ms
[2026-04-03T02:31:41.518+0600][71.378s][info][gc,ergo     ] GC(72) Free: 993M, Max: 512K regular, 184M humongous, Frag: 82% external, 0% internal; Reserve: 63119K, Max: 512K
[2026-04-03T02:31:41.518+0600][71.378s][info][gc,start    ] GC(72) Concurrent class unloading
[2026-04-03T02:31:41.518+0600][71.378s][info][gc,task     ] GC(72) Using 3 of 6 workers for concurrent class unloading
[2026-04-03T02:31:41.576+0600][71.436s][info][gc          ] GC(72) Concurrent class unloading 58.147ms
[2026-04-03T02:31:41.577+0600][71.436s][info][gc,start    ] GC(72) Concurrent strong roots
[2026-04-03T02:31:41.577+0600][71.436s][info][gc,task     ] GC(72) Using 3 of 6 workers for concurrent strong root
[2026-04-03T02:31:41.578+0600][71.437s][info][gc          ] GC(72) Concurrent strong roots 1.387ms
[2026-04-03T02:31:41.578+0600][71.437s][info][gc,start    ] GC(72) Concurrent evacuation
[2026-04-03T02:31:41.578+0600][71.437s][info][gc,task     ] GC(72) Using 3 of 6 workers for concurrent evacuation
[2026-04-03T02:31:41.581+0600][71.440s][info][gc          ] GC(72) Concurrent evacuation 2.825ms
[2026-04-03T02:31:41.581+0600][71.440s][info][gc,start    ] GC(72) Pause Init Update Refs
[2026-04-03T02:31:41.581+0600][71.441s][info][gc,ergo     ] GC(72) Pacer for Update Refs. Used: 201M, Free: 992M, Non-Taxable: 101585K, Alloc Tax Rate: 1.1x
[2026-04-03T02:31:41.581+0600][71.441s][info][gc          ] GC(72) Pause Init Update Refs 0.153ms
[2026-04-03T02:31:41.581+0600][71.441s][info][gc,start    ] GC(72) Concurrent update references
[2026-04-03T02:31:41.581+0600][71.441s][info][gc,task     ] GC(72) Using 3 of 6 workers for concurrent reference update
[2026-04-03T02:31:41.615+0600][71.474s][info][gc          ] GC(72) Concurrent update references 33.133ms
[2026-04-03T02:31:41.615+0600][71.474s][info][gc,start    ] GC(72) Concurrent update thread roots
[2026-04-03T02:31:41.616+0600][71.476s][info][gc          ] GC(72) Concurrent update thread roots 1.584ms
[2026-04-03T02:31:41.616+0600][71.476s][info][gc,start    ] GC(72) Pause Final Update Refs
[2026-04-03T02:31:41.617+0600][71.476s][info][gc,task     ] GC(72) Using 6 of 6 workers for final reference update
[2026-04-03T02:31:41.617+0600][71.476s][info][gc          ] GC(72) Pause Final Update Refs 0.163ms
[2026-04-03T02:31:41.617+0600][71.476s][info][gc,start    ] GC(72) Concurrent cleanup
[2026-04-03T02:31:41.617+0600][71.477s][info][gc          ] GC(72) Concurrent cleanup 201M->101M(1124M) 0.508ms
[2026-04-03T02:31:41.617+0600][71.477s][info][gc,ergo     ] Free: 1084M, Max: 512K regular, 369M humongous, Frag: 66% external, 0% internal; Reserve: 64000K, Max: 512K
[2026-04-03T02:31:41.617+0600][71.477s][info][gc,stats    ] 
[2026-04-03T02:31:41.617+0600][71.477s][info][gc,stats    ] All times are wall-clock times, except per-root-class counters, that are sum over
[2026-04-03T02:31:41.617+0600][71.477s][info][gc,stats    ] all workers. Dividing the <total> over the root stage time estimates parallelism.
[2026-04-03T02:31:41.618+0600][71.477s][info][gc,stats    ] 
[2026-04-03T02:31:41.618+0600][71.477s][info][gc,stats    ] Concurrent Reset                   1055 us
[2026-04-03T02:31:41.618+0600][71.477s][info][gc,stats    ] Pause Init Mark (G)                 342 us
[2026-04-03T02:31:41.618+0600][71.477s][info][gc,stats    ] Pause Init Mark (N)                 113 us
[2026-04-03T02:31:41.618+0600][71.477s][info][gc,stats    ]   Update Region States               19 us
[2026-04-03T02:31:41.618+0600][71.477s][info][gc,stats    ] Concurrent Mark Roots              1239 us, parallelism: 1.64x
[2026-04-03T02:31:41.618+0600][71.477s][info][gc,stats    ]   CMR: <total>                     2029 us
[2026-04-03T02:31:41.618+0600][71.477s][info][gc,stats    ]   CMR: Thread Roots                1703 us, workers (us): 434, 633, 636, ---, ---, ---, 
[2026-04-03T02:31:41.618+0600][71.477s][info][gc,stats    ]   CMR: VM Strong Roots               37 us, workers (us):  36,   1,   1, ---, ---, ---, 
[2026-04-03T02:31:41.618+0600][71.477s][info][gc,stats    ]   CMR: CLDG Roots                   289 us, workers (us): 289, ---, ---, ---, ---, ---, 
[2026-04-03T02:31:41.618+0600][71.477s][info][gc,stats    ] Concurrent Marking                44700 us
[2026-04-03T02:31:41.618+0600][71.477s][info][gc,stats    ] Pause Final Mark (G)                794 us
[2026-04-03T02:31:41.618+0600][71.477s][info][gc,stats    ] Pause Final Mark (N)                635 us
[2026-04-03T02:31:41.618+0600][71.477s][info][gc,stats    ]   Finish Mark                       324 us
[2026-04-03T02:31:41.618+0600][71.477s][info][gc,stats    ]   Update Region States               36 us
[2026-04-03T02:31:41.618+0600][71.477s][info][gc,stats    ]   Choose Collection Set             138 us
[2026-04-03T02:31:41.618+0600][71.477s][info][gc,stats    ]   Rebuild Free Set                   29 us
[2026-04-03T02:31:41.618+0600][71.477s][info][gc,stats    ] Concurrent Thread Roots             932 us, parallelism: 2.39x
[2026-04-03T02:31:41.618+0600][71.477s][info][gc,stats    ]   CTR: <total>                     2227 us
[2026-04-03T02:31:41.618+0600][71.477s][info][gc,stats    ]   CTR: Thread Roots                2227 us, workers (us): 784, 787, 657, ---, ---, ---, 
[2026-04-03T02:31:41.618+0600][71.477s][info][gc,stats    ] Concurrent Weak References         1150 us, parallelism: 1.43x
[2026-04-03T02:31:41.618+0600][71.477s][info][gc,stats    ]   CWRF: <total>                    1645 us
[2026-04-03T02:31:41.618+0600][71.477s][info][gc,stats    ]   CWRF: Weak References            1645 us, workers (us): 899, 322, 423, ---, ---, ---, 
[2026-04-03T02:31:41.618+0600][71.477s][info][gc,stats    ] Concurrent Weak Roots              5398 us
[2026-04-03T02:31:41.618+0600][71.477s][info][gc,stats    ]   Roots                            4808 us, parallelism: 2.75x
[2026-04-03T02:31:41.618+0600][71.477s][info][gc,stats    ]     CWR: <total>                  13199 us
[2026-04-03T02:31:41.618+0600][71.477s][info][gc,stats    ]     CWR: Code Cache Roots          9827 us, workers (us): 3401, 3033, 3393, ---, ---, ---, 
[2026-04-03T02:31:41.618+0600][71.477s][info][gc,stats    ]     CWR: VM Weak Roots             3168 us, workers (us): 1071, 1049, 1048, ---, ---, ---, 
[2026-04-03T02:31:41.618+0600][71.477s][info][gc,stats    ]     CWR: CLDG Roots                 204 us, workers (us): ---, 204, ---, ---, ---, ---, 
[2026-04-03T02:31:41.618+0600][71.477s][info][gc,stats    ]   Rendezvous                        479 us
[2026-04-03T02:31:41.618+0600][71.477s][info][gc,stats    ] Concurrent Cleanup                  739 us
[2026-04-03T02:31:41.618+0600][71.477s][info][gc,stats    ] Concurrent Class Unloading        58230 us
[2026-04-03T02:31:41.618+0600][71.477s][info][gc,stats    ]   Unlink Stale                    43685 us
[2026-04-03T02:31:41.618+0600][71.477s][info][gc,stats    ]     System Dictionary               949 us
[2026-04-03T02:31:41.618+0600][71.477s][info][gc,stats    ]     Weak Class Links              25631 us
[2026-04-03T02:31:41.618+0600][71.477s][info][gc,stats    ]     Code Roots                    17100 us
[2026-04-03T02:31:41.618+0600][71.477s][info][gc,stats    ]   Rendezvous                        462 us
[2026-04-03T02:31:41.618+0600][71.477s][info][gc,stats    ]   Purge Unlinked                  13951 us
[2026-04-03T02:31:41.618+0600][71.477s][info][gc,stats    ]     Code Roots                    12590 us
[2026-04-03T02:31:41.618+0600][71.477s][info][gc,stats    ]     CLDG                           1360 us
[2026-04-03T02:31:41.618+0600][71.477s][info][gc,stats    ]     Exception Caches                  0 us
[2026-04-03T02:31:41.618+0600][71.477s][info][gc,stats    ] Concurrent Strong Roots            1437 us, parallelism: 0.74x
[2026-04-03T02:31:41.618+0600][71.477s][info][gc,stats    ]   CSR: <total>                     1070 us
[2026-04-03T02:31:41.618+0600][71.477s][info][gc,stats    ]   CSR: VM Strong Roots               68 us, workers (us):  32,  24,  11, ---, ---, ---, 
[2026-04-03T02:31:41.618+0600][71.477s][info][gc,stats    ]   CSR: CLDG Roots                  1003 us, workers (us): 1003, ---, ---, ---, ---, ---, 
[2026-04-03T02:31:41.618+0600][71.477s][info][gc,stats    ] Concurrent Evacuation              2863 us
[2026-04-03T02:31:41.618+0600][71.477s][info][gc,stats    ] Pause Init Update Refs (G)          555 us
[2026-04-03T02:31:41.618+0600][71.477s][info][gc,stats    ] Pause Init Update Refs (N)          167 us
[2026-04-03T02:31:41.618+0600][71.477s][info][gc,stats    ]   Manage GCLABs                      71 us
[2026-04-03T02:31:41.618+0600][71.477s][info][gc,stats    ] Concurrent Update Refs            33213 us
[2026-04-03T02:31:41.618+0600][71.477s][info][gc,stats    ] Concurrent Update Thread Roots     1637 us
[2026-04-03T02:31:41.618+0600][71.477s][info][gc,stats    ] Pause Final Update Refs (G)         538 us
[2026-04-03T02:31:41.618+0600][71.477s][info][gc,stats    ] Pause Final Update Refs (N)         179 us
[2026-04-03T02:31:41.618+0600][71.477s][info][gc,stats    ]   Update Region States               43 us
[2026-04-03T02:31:41.618+0600][71.477s][info][gc,stats    ]   Trash Collection Set               13 us
[2026-04-03T02:31:41.618+0600][71.477s][info][gc,stats    ]   Rebuild Free Set                   30 us
[2026-04-03T02:31:41.618+0600][71.477s][info][gc,stats    ] Concurrent Cleanup                  550 us
[2026-04-03T02:31:41.618+0600][71.477s][info][gc,stats    ] 
[2026-04-03T02:31:41.618+0600][71.477s][info][gc,stats    ] Allocation pacing accrued:
[2026-04-03T02:31:41.618+0600][71.477s][info][gc,stats    ]       0 of   686 ms (  0.0%): <total>
[2026-04-03T02:31:41.618+0600][71.477s][info][gc,stats    ]       0 of   686 ms (  0.0%): <average total>
[2026-04-03T02:31:41.618+0600][71.477s][info][gc,stats    ] 
[2026-04-03T02:31:41.618+0600][71.477s][info][gc,metaspace] Metaspace: 131482K(132800K)->130349K(132800K) NonClass: 115007K(115648K)->114047K(115648K) Class: 16474K(17152K)->16301K(17152K)
[2026-04-03T02:31:41.618+0600][71.478s][info][gc,ergo     ] Pacer for Idle. Initial: 25600K, Alloc Tax Rate: 1.0x
[2026-04-03T02:31:41.618+0600][71.478s][info][gc,start    ] Concurrent uncommit
[2026-04-03T02:31:41.770+0600][71.630s][info][gc          ] Concurrent uncommit 101M->123M(128M) 152.148ms
[2026-04-03T02:31:41.953+0600][71.812s][info][gc          ] Trigger: Learning 2 of 5. Free (865M) is below initial threshold (875M)
[2026-04-03T02:31:41.953+0600][71.812s][info][gc,ergo     ] Free: 865M, Max: 512K regular, 369M humongous, Frag: 58% external, 0% internal; Reserve: 64000K, Max: 512K
[2026-04-03T02:31:41.953+0600][71.812s][info][gc,start    ] GC(73) Concurrent reset
[2026-04-03T02:31:41.953+0600][71.812s][info][gc,task     ] GC(73) Using 3 of 6 workers for concurrent reset
[2026-04-03T02:31:41.953+0600][71.812s][info][gc,ergo     ] GC(73) Pacer for Reset. Non-Taxable: 1250M
[2026-04-03T02:31:41.954+0600][71.813s][info][gc          ] GC(73) Concurrent reset 1.073ms
[2026-04-03T02:31:41.958+0600][71.818s][info][gc,start    ] GC(73) Pause Init Mark (unload classes)
[2026-04-03T02:31:41.959+0600][71.818s][info][gc,task     ] GC(73) Using 6 of 6 workers for init marking
[2026-04-03T02:31:41.959+0600][71.818s][info][gc,ergo     ] GC(73) Pacer for Mark. Expected Live: 95413K, Free: 860M, Non-Taxable: 88165K, Alloc Tax Rate: 0.1x
[2026-04-03T02:31:41.959+0600][71.818s][info][gc          ] GC(73) Pause Init Mark (unload classes) 0.180ms
[2026-04-03T02:31:41.959+0600][71.818s][info][gc,start    ] GC(73) Concurrent marking roots
[2026-04-03T02:31:41.959+0600][71.818s][info][gc,task     ] GC(73) Using 3 of 6 workers for concurrent marking roots
[2026-04-03T02:31:41.960+0600][71.820s][info][gc          ] GC(73) Concurrent marking roots 1.578ms
[2026-04-03T02:31:41.960+0600][71.820s][info][gc,start    ] GC(73) Concurrent marking (unload classes)
[2026-04-03T02:31:41.960+0600][71.820s][info][gc,task     ] GC(73) Using 3 of 6 workers for concurrent marking
[2026-04-03T02:31:42.022+0600][71.881s][info][gc          ] GC(73) Concurrent marking (unload classes) 61.759ms
[2026-04-03T02:31:42.027+0600][71.886s][info][gc,start    ] GC(73) Pause Final Mark (unload classes)
[2026-04-03T02:31:42.027+0600][71.886s][info][gc,task     ] GC(73) Using 6 of 6 workers for final marking
[2026-04-03T02:31:42.027+0600][71.887s][info][gc,ergo     ] GC(73) Adaptive CSet Selection. Target Free: 177M, Actual Free: 908M, Max CSet: 53333K, Min Garbage: 0B
[2026-04-03T02:31:42.027+0600][71.887s][info][gc,ergo     ] GC(73) Collectable Garbage: 189M (95%), Immediate: 138M (70%), CSet: 51930K (25%)
[2026-04-03T02:31:42.027+0600][71.887s][info][gc,ergo     ] GC(73) Pacer for Evacuation. Used CSet: 60672K, Free: 865M, Non-Taxable: 88658K, Alloc Tax Rate: 1.1x
[2026-04-03T02:31:42.027+0600][71.887s][info][gc          ] GC(73) Pause Final Mark (unload classes) 0.746ms
[2026-04-03T02:31:42.028+0600][71.887s][info][gc,start    ] GC(73) Concurrent thread roots
[2026-04-03T02:31:42.028+0600][71.887s][info][gc,task     ] GC(73) Using 3 of 6 workers for Concurrent thread roots
[2026-04-03T02:31:42.029+0600][71.888s][info][gc          ] GC(73) Concurrent thread roots 1.304ms
[2026-04-03T02:31:42.029+0600][71.888s][info][gc,start    ] GC(73) Concurrent weak references
[2026-04-03T02:31:42.029+0600][71.888s][info][gc,task     ] GC(73) Using 3 of 6 workers for concurrent weak references
[2026-04-03T02:31:42.030+0600][71.889s][info][gc,ref      ] GC(73) Encountered references: Soft: 3615, Weak: 14840, Final: 84, Phantom: 638
[2026-04-03T02:31:42.030+0600][71.889s][info][gc,ref      ] GC(73) Discovered  references: Soft: 0, Weak: 3207, Final: 0, Phantom: 633
[2026-04-03T02:31:42.030+0600][71.889s][info][gc,ref      ] GC(73) Enqueued    references: Soft: 0, Weak: 389, Final: 0, Phantom: 0
[2026-04-03T02:31:42.030+0600][71.889s][info][gc          ] GC(73) Concurrent weak references 0.871ms
[2026-04-03T02:31:42.030+0600][71.889s][info][gc,start    ] GC(73) Concurrent weak roots
[2026-04-03T02:31:42.030+0600][71.889s][info][gc,task     ] GC(73) Using 3 of 6 workers for concurrent weak root
[2026-04-03T02:31:42.041+0600][71.900s][info][gc          ] GC(73) Concurrent weak roots 11.106ms
[2026-04-03T02:31:42.041+0600][71.900s][info][gc,start    ] GC(73) Concurrent cleanup
[2026-04-03T02:31:42.041+0600][71.901s][info][gc          ] GC(73) Concurrent cleanup 469M->331M(513M) 0.287ms
[2026-04-03T02:31:42.041+0600][71.901s][info][gc,ergo     ] GC(73) Free: 835M, Max: 512K regular, 364M humongous, Frag: 57% external, 0% internal; Reserve: 61232K, Max: 512K
[2026-04-03T02:31:42.041+0600][71.901s][info][gc,start    ] GC(73) Concurrent class unloading
[2026-04-03T02:31:42.041+0600][71.901s][info][gc,task     ] GC(73) Using 3 of 6 workers for concurrent class unloading
[2026-04-03T02:31:42.100+0600][71.959s][info][gc          ] GC(73) Concurrent class unloading 58.706ms
[2026-04-03T02:31:42.100+0600][71.960s][info][gc,start    ] GC(73) Concurrent strong roots
[2026-04-03T02:31:42.100+0600][71.960s][info][gc,task     ] GC(73) Using 3 of 6 workers for concurrent strong root
[2026-04-03T02:31:42.103+0600][71.962s][info][gc          ] GC(73) Concurrent strong roots 2.637ms
[2026-04-03T02:31:42.103+0600][71.962s][info][gc,start    ] GC(73) Concurrent evacuation
[2026-04-03T02:31:42.103+0600][71.962s][info][gc,task     ] GC(73) Using 3 of 6 workers for concurrent evacuation
[2026-04-03T02:31:42.109+0600][71.968s][info][gc          ] GC(73) Concurrent evacuation 5.985ms
[2026-04-03T02:31:42.109+0600][71.969s][info][gc,start    ] GC(73) Pause Init Update Refs
[2026-04-03T02:31:42.109+0600][71.969s][info][gc,ergo     ] GC(73) Pacer for Update Refs. Used: 382M, Free: 787M, Non-Taxable: 80620K, Alloc Tax Rate: 1.1x
[2026-04-03T02:31:42.109+0600][71.969s][info][gc          ] GC(73) Pause Init Update Refs 0.147ms
[2026-04-03T02:31:42.109+0600][71.969s][info][gc,start    ] GC(73) Concurrent update references
[2026-04-03T02:31:42.109+0600][71.969s][info][gc,task     ] GC(73) Using 3 of 6 workers for concurrent reference update
[2026-04-03T02:31:42.146+0600][72.005s][info][gc          ] GC(73) Concurrent update references 36.129ms
[2026-04-03T02:31:42.146+0600][72.005s][info][gc,start    ] GC(73) Concurrent update thread roots
[2026-04-03T02:31:42.147+0600][72.007s][info][gc          ] GC(73) Concurrent update thread roots 1.568ms
[2026-04-03T02:31:42.147+0600][72.007s][info][gc,start    ] GC(73) Pause Final Update Refs
[2026-04-03T02:31:42.148+0600][72.007s][info][gc,task     ] GC(73) Using 6 of 6 workers for final reference update
[2026-04-03T02:31:42.148+0600][72.007s][info][gc          ] GC(73) Pause Final Update Refs 0.189ms
[2026-04-03T02:31:42.148+0600][72.007s][info][gc,start    ] GC(73) Concurrent cleanup
[2026-04-03T02:31:42.148+0600][72.007s][info][gc          ] GC(73) Concurrent cleanup 394M->335M(521M) 0.206ms
[2026-04-03T02:31:42.148+0600][72.007s][info][gc,ergo     ] Free: 823M, Max: 512K regular, 676M humongous, Frag: 18% external, 0% internal; Reserve: 64000K, Max: 512K
[2026-04-03T02:31:42.148+0600][72.008s][info][gc,stats    ] 
[2026-04-03T02:31:42.148+0600][72.008s][info][gc,stats    ] All times are wall-clock times, except per-root-class counters, that are sum over
[2026-04-03T02:31:42.148+0600][72.008s][info][gc,stats    ] all workers. Dividing the <total> over the root stage time estimates parallelism.
[2026-04-03T02:31:42.148+0600][72.008s][info][gc,stats    ] 
[2026-04-03T02:31:42.148+0600][72.008s][info][gc,stats    ] Concurrent Reset                   1118 us
[2026-04-03T02:31:42.148+0600][72.008s][info][gc,stats    ] Pause Init Mark (G)                4902 us
[2026-04-03T02:31:42.148+0600][72.008s][info][gc,stats    ] Pause Init Mark (N)                 192 us
[2026-04-03T02:31:42.148+0600][72.008s][info][gc,stats    ]   Update Region States               40 us
[2026-04-03T02:31:42.148+0600][72.008s][info][gc,stats    ] Concurrent Mark Roots              1617 us, parallelism: 2.08x
[2026-04-03T02:31:42.148+0600][72.008s][info][gc,stats    ]   CMR: <total>                     3356 us
[2026-04-03T02:31:42.148+0600][72.008s][info][gc,stats    ]   CMR: Thread Roots                2851 us, workers (us): 660, 1094, 1098, ---, ---, ---, 
[2026-04-03T02:31:42.148+0600][72.008s][info][gc,stats    ]   CMR: VM Strong Roots               55 us, workers (us):  40,  15,   1, ---, ---, ---, 
[2026-04-03T02:31:42.148+0600][72.008s][info][gc,stats    ]   CMR: CLDG Roots                   449 us, workers (us): 449, ---, ---, ---, ---, ---, 
[2026-04-03T02:31:42.148+0600][72.008s][info][gc,stats    ] Concurrent Marking                61852 us
[2026-04-03T02:31:42.148+0600][72.008s][info][gc,stats    ] Pause Final Mark (G)               5369 us
[2026-04-03T02:31:42.148+0600][72.008s][info][gc,stats    ] Pause Final Mark (N)                760 us
[2026-04-03T02:31:42.148+0600][72.008s][info][gc,stats    ]   Finish Mark                       326 us
[2026-04-03T02:31:42.148+0600][72.008s][info][gc,stats    ]   Update Region States               44 us
[2026-04-03T02:31:42.148+0600][72.008s][info][gc,stats    ]   Choose Collection Set             152 us
[2026-04-03T02:31:42.148+0600][72.008s][info][gc,stats    ]   Rebuild Free Set                   27 us
[2026-04-03T02:31:42.148+0600][72.008s][info][gc,stats    ] Concurrent Thread Roots            1342 us, parallelism: 2.41x
[2026-04-03T02:31:42.148+0600][72.008s][info][gc,stats    ]   CTR: <total>                     3240 us
[2026-04-03T02:31:42.148+0600][72.008s][info][gc,stats    ]   CTR: Thread Roots                3240 us, workers (us): 1118, 1094, 1028, ---, ---, ---, 
[2026-04-03T02:31:42.148+0600][72.008s][info][gc,stats    ] Concurrent Weak References          886 us, parallelism: 1.51x
[2026-04-03T02:31:42.148+0600][72.008s][info][gc,stats    ]   CWRF: <total>                    1337 us
[2026-04-03T02:31:42.149+0600][72.008s][info][gc,stats    ]   CWRF: Weak References            1337 us, workers (us): 691, 288, 358, ---, ---, ---, 
[2026-04-03T02:31:42.149+0600][72.008s][info][gc,stats    ] Concurrent Weak Roots             11205 us
[2026-04-03T02:31:42.149+0600][72.008s][info][gc,stats    ]   Roots                            5119 us, parallelism: 2.77x
[2026-04-03T02:31:42.149+0600][72.008s][info][gc,stats    ]     CWR: <total>                  14163 us
[2026-04-03T02:31:42.149+0600][72.008s][info][gc,stats    ]     CWR: Code Cache Roots          9919 us, workers (us): 3098, 3344, 3477, ---, ---, ---, 
[2026-04-03T02:31:42.149+0600][72.008s][info][gc,stats    ]     CWR: VM Weak Roots             4019 us, workers (us): 1337, 1332, 1350, ---, ---, ---, 
[2026-04-03T02:31:42.149+0600][72.008s][info][gc,stats    ]     CWR: CLDG Roots                 225 us, workers (us): 225, ---, ---, ---, ---, ---, 
[2026-04-03T02:31:42.149+0600][72.008s][info][gc,stats    ]   Rendezvous                       5956 us
[2026-04-03T02:31:42.149+0600][72.008s][info][gc,stats    ] Concurrent Cleanup                  316 us
[2026-04-03T02:31:42.149+0600][72.008s][info][gc,stats    ] Concurrent Class Unloading        58824 us
[2026-04-03T02:31:42.149+0600][72.008s][info][gc,stats    ]   Unlink Stale                    54623 us
[2026-04-03T02:31:42.149+0600][72.008s][info][gc,stats    ]     System Dictionary               589 us
[2026-04-03T02:31:42.149+0600][72.008s][info][gc,stats    ]     Weak Class Links              31084 us
[2026-04-03T02:31:42.149+0600][72.008s][info][gc,stats    ]     Code Roots                    22943 us
[2026-04-03T02:31:42.149+0600][72.008s][info][gc,stats    ]   Rendezvous                        419 us
[2026-04-03T02:31:42.149+0600][72.008s][info][gc,stats    ]   Purge Unlinked                   3599 us
[2026-04-03T02:31:42.149+0600][72.008s][info][gc,stats    ]     Code Roots                     3522 us
[2026-04-03T02:31:42.149+0600][72.008s][info][gc,stats    ]     CLDG                             75 us
[2026-04-03T02:31:42.149+0600][72.008s][info][gc,stats    ]     Exception Caches                  1 us
[2026-04-03T02:31:42.149+0600][72.008s][info][gc,stats    ] Concurrent Strong Roots            2740 us, parallelism: 0.79x
[2026-04-03T02:31:42.149+0600][72.008s][info][gc,stats    ]   CSR: <total>                     2176 us
[2026-04-03T02:31:42.149+0600][72.008s][info][gc,stats    ]   CSR: VM Strong Roots              105 us, workers (us):  87,  17,   0, ---, ---, ---, 
[2026-04-03T02:31:42.149+0600][72.008s][info][gc,stats    ]   CSR: CLDG Roots                  2072 us, workers (us): 2072, ---, ---, ---, ---, ---, 
[2026-04-03T02:31:42.149+0600][72.008s][info][gc,stats    ] Concurrent Evacuation              6084 us
[2026-04-03T02:31:42.149+0600][72.008s][info][gc,stats    ] Pause Init Update Refs (G)          361 us
[2026-04-03T02:31:42.149+0600][72.008s][info][gc,stats    ] Pause Init Update Refs (N)          161 us
[2026-04-03T02:31:42.149+0600][72.008s][info][gc,stats    ]   Manage GCLABs                      38 us
[2026-04-03T02:31:42.149+0600][72.008s][info][gc,stats    ] Concurrent Update Refs            36230 us
[2026-04-03T02:31:42.149+0600][72.008s][info][gc,stats    ] Concurrent Update Thread Roots     1664 us
[2026-04-03T02:31:42.149+0600][72.008s][info][gc,stats    ] Pause Final Update Refs (G)         548 us
[2026-04-03T02:31:42.149+0600][72.008s][info][gc,stats    ] Pause Final Update Refs (N)         228 us
[2026-04-03T02:31:42.149+0600][72.008s][info][gc,stats    ]   Update Region States               42 us
[2026-04-03T02:31:42.149+0600][72.008s][info][gc,stats    ]   Trash Collection Set               10 us
[2026-04-03T02:31:42.149+0600][72.008s][info][gc,stats    ]   Rebuild Free Set                   36 us
[2026-04-03T02:31:42.149+0600][72.008s][info][gc,stats    ] Concurrent Cleanup                  229 us
[2026-04-03T02:31:42.149+0600][72.008s][info][gc,stats    ] Pacing                            54576 us
[2026-04-03T02:31:42.149+0600][72.008s][info][gc,stats    ] 
[2026-04-03T02:31:42.149+0600][72.008s][info][gc,stats    ] Allocation pacing accrued:
[2026-04-03T02:31:42.149+0600][72.008s][info][gc,stats    ]      16 of   531 ms (  3.0%): Executor task launch worker for task 3.0 in stage 3126.0 (TID 5680)
[2026-04-03T02:31:42.149+0600][72.008s][info][gc,stats    ]      11 of   531 ms (  2.1%): Executor task launch worker for task 2.0 in stage 3122.0 (TID 5671)
[2026-04-03T02:31:42.149+0600][72.008s][info][gc,stats    ]      11 of   531 ms (  2.1%): Executor task launch worker for task 2.0 in stage 3126.0 (TID 5679)
[2026-04-03T02:31:42.149+0600][72.008s][info][gc,stats    ]      16 of   531 ms (  3.1%): Executor task launch worker for task 1.0 in stage 3122.0 (TID 5670)
[2026-04-03T02:31:42.149+0600][72.009s][info][gc,stats    ]      55 of   531 ms ( 10.3%): <total>
[2026-04-03T02:31:42.149+0600][72.009s][info][gc,stats    ]       0 of   531 ms (  0.0%): <average total>
[2026-04-03T02:31:42.149+0600][72.009s][info][gc,stats    ]      14 of   531 ms (  2.6%): <average non-zero>
[2026-04-03T02:31:42.149+0600][72.009s][info][gc,stats    ] 
[2026-04-03T02:31:42.149+0600][72.009s][info][gc,metaspace] Metaspace: 131009K(132800K)->131003K(132800K) NonClass: 114603K(115648K)->114600K(115648K) Class: 16405K(17152K)->16403K(17152K)
[2026-04-03T02:31:42.149+0600][72.009s][info][gc,ergo     ] Pacer for Idle. Initial: 25600K, Alloc Tax Rate: 1.0x
[2026-04-03T02:31:42.150+0600][72.010s][info][gc          ] Trigger: Learning 3 of 5. Free (822M) is below initial threshold (875M)
[2026-04-03T02:31:42.150+0600][72.010s][info][gc,ergo     ] Free: 822M, Max: 512K regular, 676M humongous, Frag: 18% external, 0% internal; Reserve: 64000K, Max: 512K
[2026-04-03T02:31:42.151+0600][72.010s][info][gc,start    ] GC(74) Concurrent reset
[2026-04-03T02:31:42.151+0600][72.010s][info][gc,task     ] GC(74) Using 3 of 6 workers for concurrent reset
[2026-04-03T02:31:42.151+0600][72.010s][info][gc,ergo     ] GC(74) Pacer for Reset. Non-Taxable: 1250M
[2026-04-03T02:31:42.152+0600][72.012s][info][gc          ] GC(74) Concurrent reset 1.970ms
[2026-04-03T02:31:42.153+0600][72.012s][info][gc,start    ] GC(74) Pause Init Mark (unload classes)
[2026-04-03T02:31:42.153+0600][72.012s][info][gc,task     ] GC(74) Using 6 of 6 workers for init marking
[2026-04-03T02:31:42.153+0600][72.012s][info][gc,ergo     ] GC(74) Pacer for Mark. Expected Live: 97832K, Free: 822M, Non-Taxable: 84188K, Alloc Tax Rate: 0.1x
[2026-04-03T02:31:42.153+0600][72.012s][info][gc          ] GC(74) Pause Init Mark (unload classes) 0.198ms
[2026-04-03T02:31:42.153+0600][72.012s][info][gc,start    ] GC(74) Concurrent marking roots
[2026-04-03T02:31:42.153+0600][72.012s][info][gc,task     ] GC(74) Using 3 of 6 workers for concurrent marking roots
[2026-04-03T02:31:42.155+0600][72.014s][info][gc          ] GC(74) Concurrent marking roots 1.924ms
[2026-04-03T02:31:42.155+0600][72.014s][info][gc,start    ] GC(74) Concurrent marking (unload classes)
[2026-04-03T02:31:42.155+0600][72.014s][info][gc,task     ] GC(74) Using 3 of 6 workers for concurrent marking
[2026-04-03T02:31:42.216+0600][72.075s][info][gc          ] GC(74) Concurrent marking (unload classes) 60.873ms
[2026-04-03T02:31:42.219+0600][72.079s][info][gc,start    ] GC(74) Pause Final Mark (unload classes)
[2026-04-03T02:31:42.220+0600][72.079s][info][gc,task     ] GC(74) Using 6 of 6 workers for final marking
[2026-04-03T02:31:42.220+0600][72.079s][info][gc,ergo     ] GC(74) Adaptive CSet Selection. Target Free: 177M, Actual Free: 933M, Max CSet: 53333K, Min Garbage: 0B
[2026-04-03T02:31:42.220+0600][72.079s][info][gc,ergo     ] GC(74) Collectable Garbage: 239M (96%), Immediate: 208M (84%), CSet: 31878K (12%)
[2026-04-03T02:31:42.220+0600][72.079s][info][gc,ergo     ] GC(74) Pacer for Evacuation. Used CSet: 36349K, Free: 899M, Non-Taxable: 92079K, Alloc Tax Rate: 1.1x
[2026-04-03T02:31:42.220+0600][72.079s][info][gc          ] GC(74) Pause Final Mark (unload classes) 0.685ms
[2026-04-03T02:31:42.220+0600][72.080s][info][gc,start    ] GC(74) Concurrent thread roots
[2026-04-03T02:31:42.220+0600][72.080s][info][gc,task     ] GC(74) Using 3 of 6 workers for Concurrent thread roots
[2026-04-03T02:31:42.222+0600][72.081s][info][gc          ] GC(74) Concurrent thread roots 1.355ms
[2026-04-03T02:31:42.222+0600][72.081s][info][gc,start    ] GC(74) Concurrent weak references
[2026-04-03T02:31:42.222+0600][72.081s][info][gc,task     ] GC(74) Using 3 of 6 workers for concurrent weak references
[2026-04-03T02:31:42.223+0600][72.082s][info][gc,ref      ] GC(74) Encountered references: Soft: 3619, Weak: 14654, Final: 84, Phantom: 621
[2026-04-03T02:31:42.223+0600][72.082s][info][gc,ref      ] GC(74) Discovered  references: Soft: 0, Weak: 8541, Final: 52, Phantom: 617
[2026-04-03T02:31:42.223+0600][72.082s][info][gc,ref      ] GC(74) Enqueued    references: Soft: 0, Weak: 251, Final: 0, Phantom: 0
[2026-04-03T02:31:42.223+0600][72.082s][info][gc          ] GC(74) Concurrent weak references 1.024ms
[2026-04-03T02:31:42.223+0600][72.082s][info][gc,start    ] GC(74) Concurrent weak roots
[2026-04-03T02:31:42.223+0600][72.082s][info][gc,task     ] GC(74) Using 3 of 6 workers for concurrent weak root
[2026-04-03T02:31:42.234+0600][72.093s][info][gc          ] GC(74) Concurrent weak roots 11.217ms
[2026-04-03T02:31:42.234+0600][72.093s][info][gc,start    ] GC(74) Concurrent cleanup
[2026-04-03T02:31:42.234+0600][72.094s][info][gc          ] GC(74) Concurrent cleanup 530M->322M(616M) 0.258ms
[2026-04-03T02:31:42.234+0600][72.094s][info][gc,ergo     ] GC(74) Free: 841M, Max: 512K regular, 581M humongous, Frag: 31% external, 0% internal; Reserve: 63391K, Max: 512K
[2026-04-03T02:31:42.234+0600][72.094s][info][gc,start    ] GC(74) Concurrent class unloading
[2026-04-03T02:31:42.234+0600][72.094s][info][gc,task     ] GC(74) Using 3 of 6 workers for concurrent class unloading
[2026-04-03T02:31:42.250+0600][72.109s][info][gc          ] GC(74) Concurrent class unloading 15.261ms
[2026-04-03T02:31:42.250+0600][72.109s][info][gc,start    ] GC(74) Concurrent strong roots
[2026-04-03T02:31:42.250+0600][72.109s][info][gc,task     ] GC(74) Using 3 of 6 workers for concurrent strong root
[2026-04-03T02:31:42.251+0600][72.110s][info][gc          ] GC(74) Concurrent strong roots 1.078ms
[2026-04-03T02:31:42.251+0600][72.110s][info][gc,start    ] GC(74) Concurrent evacuation
[2026-04-03T02:31:42.251+0600][72.110s][info][gc,task     ] GC(74) Using 3 of 6 workers for concurrent evacuation
[2026-04-03T02:31:42.253+0600][72.112s][info][gc          ] GC(74) Concurrent evacuation 1.997ms
[2026-04-03T02:31:42.254+0600][72.113s][info][gc,start    ] GC(74) Pause Init Update Refs
[2026-04-03T02:31:42.254+0600][72.113s][info][gc,ergo     ] GC(74) Pacer for Update Refs. Used: 378M, Free: 784M, Non-Taxable: 80313K, Alloc Tax Rate: 1.1x
[2026-04-03T02:31:42.254+0600][72.113s][info][gc          ] GC(74) Pause Init Update Refs 0.115ms
[2026-04-03T02:31:42.254+0600][72.113s][info][gc,start    ] GC(74) Concurrent update references
[2026-04-03T02:31:42.254+0600][72.113s][info][gc,task     ] GC(74) Using 3 of 6 workers for concurrent reference update
[2026-04-03T02:31:42.296+0600][72.155s][info][gc          ] GC(74) Concurrent update references 41.675ms
[2026-04-03T02:31:42.296+0600][72.155s][info][gc,start    ] GC(74) Concurrent update thread roots
[2026-04-03T02:31:42.298+0600][72.157s][info][gc          ] GC(74) Concurrent update thread roots 1.972ms
[2026-04-03T02:31:42.298+0600][72.157s][info][gc,start    ] GC(74) Pause Final Update Refs
[2026-04-03T02:31:42.298+0600][72.158s][info][gc,task     ] GC(74) Using 6 of 6 workers for final reference update
[2026-04-03T02:31:42.298+0600][72.158s][info][gc          ] GC(74) Pause Final Update Refs 0.200ms
[2026-04-03T02:31:42.299+0600][72.158s][info][gc,start    ] GC(74) Concurrent cleanup
[2026-04-03T02:31:42.299+0600][72.158s][info][gc          ] GC(74) Concurrent cleanup 435M->401M(616M) 0.606ms
[2026-04-03T02:31:42.299+0600][72.159s][info][gc,ergo     ] Free: 749M, Max: 512K regular, 584M humongous, Frag: 23% external, 0% internal; Reserve: 64000K, Max: 512K
[2026-04-03T02:31:42.299+0600][72.159s][info][gc,stats    ] 
[2026-04-03T02:31:42.299+0600][72.159s][info][gc,stats    ] All times are wall-clock times, except per-root-class counters, that are sum over
[2026-04-03T02:31:42.299+0600][72.159s][info][gc,stats    ] all workers. Dividing the <total> over the root stage time estimates parallelism.
[2026-04-03T02:31:42.299+0600][72.159s][info][gc,stats    ] 
[2026-04-03T02:31:42.299+0600][72.159s][info][gc,stats    ] Concurrent Reset                   2027 us
[2026-04-03T02:31:42.299+0600][72.159s][info][gc,stats    ] Pause Init Mark (G)                 562 us
[2026-04-03T02:31:42.299+0600][72.159s][info][gc,stats    ] Pause Init Mark (N)                 211 us
[2026-04-03T02:31:42.299+0600][72.159s][info][gc,stats    ]   Update Region States               39 us
[2026-04-03T02:31:42.299+0600][72.159s][info][gc,stats    ] Concurrent Mark Roots              2006 us, parallelism: 2.08x
[2026-04-03T02:31:42.299+0600][72.159s][info][gc,stats    ]   CMR: <total>                     4166 us
[2026-04-03T02:31:42.299+0600][72.159s][info][gc,stats    ]   CMR: Thread Roots                3630 us, workers (us): 890, 1381, 1360, ---, ---, ---, 
[2026-04-03T02:31:42.299+0600][72.159s][info][gc,stats    ]   CMR: VM Strong Roots               57 us, workers (us):  39,  17,   1, ---, ---, ---, 
[2026-04-03T02:31:42.299+0600][72.159s][info][gc,stats    ]   CMR: CLDG Roots                   479 us, workers (us): 479, ---, ---, ---, ---, ---, 
[2026-04-03T02:31:42.299+0600][72.159s][info][gc,stats    ] Concurrent Marking                60972 us
[2026-04-03T02:31:42.299+0600][72.159s][info][gc,stats    ] Pause Final Mark (G)               4187 us
[2026-04-03T02:31:42.299+0600][72.159s][info][gc,stats    ] Pause Final Mark (N)                696 us
[2026-04-03T02:31:42.299+0600][72.159s][info][gc,stats    ]   Finish Mark                       308 us
[2026-04-03T02:31:42.300+0600][72.159s][info][gc,stats    ]   Update Region States               40 us
[2026-04-03T02:31:42.300+0600][72.159s][info][gc,stats    ]   Choose Collection Set             141 us
[2026-04-03T02:31:42.300+0600][72.159s][info][gc,stats    ]   Rebuild Free Set                   32 us
[2026-04-03T02:31:42.300+0600][72.159s][info][gc,stats    ] Concurrent Thread Roots            1405 us, parallelism: 2.45x
[2026-04-03T02:31:42.300+0600][72.159s][info][gc,stats    ]   CTR: <total>                     3436 us
[2026-04-03T02:31:42.300+0600][72.159s][info][gc,stats    ]   CTR: Thread Roots                3436 us, workers (us): 1180, 1178, 1078, ---, ---, ---, 
[2026-04-03T02:31:42.300+0600][72.159s][info][gc,stats    ] Concurrent Weak References         1040 us, parallelism: 1.09x
[2026-04-03T02:31:42.300+0600][72.159s][info][gc,stats    ]   CWRF: <total>                    1134 us
[2026-04-03T02:31:42.300+0600][72.159s][info][gc,stats    ]   CWRF: Weak References            1134 us, workers (us): 800, 186, 148, ---, ---, ---, 
[2026-04-03T02:31:42.300+0600][72.159s][info][gc,stats    ] Concurrent Weak Roots             11293 us
[2026-04-03T02:31:42.300+0600][72.159s][info][gc,stats    ]   Roots                            4401 us, parallelism: 2.75x
[2026-04-03T02:31:42.300+0600][72.159s][info][gc,stats    ]     CWR: <total>                  12089 us
[2026-04-03T02:31:42.300+0600][72.159s][info][gc,stats    ]     CWR: Code Cache Roots          9737 us, workers (us): 3228, 3224, 3286, ---, ---, ---, 
[2026-04-03T02:31:42.300+0600][72.159s][info][gc,stats    ]     CWR: VM Weak Roots             2267 us, workers (us): 755, 748, 763, ---, ---, ---, 
[2026-04-03T02:31:42.300+0600][72.159s][info][gc,stats    ]     CWR: CLDG Roots                  85 us, workers (us): ---,  85, ---, ---, ---, ---, 
[2026-04-03T02:31:42.300+0600][72.159s][info][gc,stats    ]   Rendezvous                       6782 us
[2026-04-03T02:31:42.300+0600][72.159s][info][gc,stats    ] Concurrent Cleanup                  281 us
[2026-04-03T02:31:42.300+0600][72.159s][info][gc,stats    ] Concurrent Class Unloading        15345 us
[2026-04-03T02:31:42.300+0600][72.159s][info][gc,stats    ]   Unlink Stale                    14511 us
[2026-04-03T02:31:42.300+0600][72.159s][info][gc,stats    ]     System Dictionary               269 us
[2026-04-03T02:31:42.300+0600][72.159s][info][gc,stats    ]     Weak Class Links                  0 us
[2026-04-03T02:31:42.300+0600][72.159s][info][gc,stats    ]     Code Roots                    14237 us
[2026-04-03T02:31:42.300+0600][72.159s][info][gc,stats    ]   Rendezvous                        365 us
[2026-04-03T02:31:42.300+0600][72.159s][info][gc,stats    ]   Purge Unlinked                    350 us
[2026-04-03T02:31:42.300+0600][72.159s][info][gc,stats    ]     Code Roots                      340 us
[2026-04-03T02:31:42.300+0600][72.159s][info][gc,stats    ]     CLDG                              9 us
[2026-04-03T02:31:42.300+0600][72.159s][info][gc,stats    ]     Exception Caches                  0 us
[2026-04-03T02:31:42.300+0600][72.159s][info][gc,stats    ] Concurrent Strong Roots            1143 us, parallelism: 0.64x
[2026-04-03T02:31:42.300+0600][72.159s][info][gc,stats    ]   CSR: <total>                      730 us
[2026-04-03T02:31:42.300+0600][72.159s][info][gc,stats    ]   CSR: VM Strong Roots               32 us, workers (us):  27,   5,   0, ---, ---, ---, 
[2026-04-03T02:31:42.300+0600][72.159s][info][gc,stats    ]   CSR: CLDG Roots                   698 us, workers (us): 698, ---, ---, ---, ---, ---, 
[2026-04-03T02:31:42.300+0600][72.159s][info][gc,stats    ] Concurrent Evacuation              2068 us
[2026-04-03T02:31:42.300+0600][72.159s][info][gc,stats    ] Pause Init Update Refs (G)         1165 us
[2026-04-03T02:31:42.300+0600][72.159s][info][gc,stats    ] Pause Init Update Refs (N)          125 us
[2026-04-03T02:31:42.300+0600][72.159s][info][gc,stats    ]   Manage GCLABs                      31 us
[2026-04-03T02:31:42.300+0600][72.159s][info][gc,stats    ] Concurrent Update Refs            41858 us
[2026-04-03T02:31:42.300+0600][72.159s][info][gc,stats    ] Concurrent Update Thread Roots     2068 us
[2026-04-03T02:31:42.300+0600][72.159s][info][gc,stats    ] Pause Final Update Refs (G)         493 us
[2026-04-03T02:31:42.300+0600][72.159s][info][gc,stats    ] Pause Final Update Refs (N)         224 us
[2026-04-03T02:31:42.300+0600][72.159s][info][gc,stats    ]   Update Region States               48 us
[2026-04-03T02:31:42.300+0600][72.159s][info][gc,stats    ]   Trash Collection Set                9 us
[2026-04-03T02:31:42.300+0600][72.159s][info][gc,stats    ]   Rebuild Free Set                   33 us
[2026-04-03T02:31:42.300+0600][72.159s][info][gc,stats    ] Concurrent Cleanup                  642 us
[2026-04-03T02:31:42.300+0600][72.159s][info][gc,stats    ] Pacing                           204292 us
[2026-04-03T02:31:42.300+0600][72.159s][info][gc,stats    ] 
[2026-04-03T02:31:42.300+0600][72.159s][info][gc,stats    ] Allocation pacing accrued:
[2026-04-03T02:31:42.300+0600][72.159s][info][gc,stats    ]      53 of   151 ms ( 34.9%): Executor task launch worker for task 2.0 in stage 3127.0 (TID 5683)
[2026-04-03T02:31:42.300+0600][72.159s][info][gc,stats    ]      55 of   151 ms ( 36.5%): Executor task launch worker for task 0.0 in stage 3127.0 (TID 5681)
[2026-04-03T02:31:42.300+0600][72.159s][info][gc,stats    ]      52 of   151 ms ( 34.4%): Executor task launch worker for task 1.0 in stage 3127.0 (TID 5682)
[2026-04-03T02:31:42.300+0600][72.160s][info][gc,stats    ]      45 of   151 ms ( 29.5%): Executor task launch worker for task 3.0 in stage 3127.0 (TID 5684)
[2026-04-03T02:31:42.300+0600][72.160s][info][gc,stats    ]     204 of   151 ms (135.3%): <total>
[2026-04-03T02:31:42.300+0600][72.160s][info][gc,stats    ]       1 of   151 ms (  0.5%): <average total>
[2026-04-03T02:31:42.300+0600][72.160s][info][gc,stats    ]      51 of   151 ms ( 33.8%): <average non-zero>
[2026-04-03T02:31:42.300+0600][72.160s][info][gc,stats    ] 
[2026-04-03T02:31:42.300+0600][72.160s][info][gc,metaspace] Metaspace: 131003K(132800K)->131010K(132800K) NonClass: 114600K(115648K)->114606K(115648K) Class: 16403K(17152K)->16404K(17152K)
[2026-04-03T02:31:42.300+0600][72.160s][info][gc,ergo     ] Pacer for Idle. Initial: 25600K, Alloc Tax Rate: 1.0x
[2026-04-03T02:31:42.301+0600][72.161s][info][gc          ] Trigger: Learning 4 of 5. Free (743M) is below initial threshold (875M)
[2026-04-03T02:31:42.302+0600][72.161s][info][gc,ergo     ] Free: 743M, Max: 512K regular, 584M humongous, Frag: 22% external, 0% internal; Reserve: 64000K, Max: 512K
[2026-04-03T02:31:42.302+0600][72.161s][info][gc,start    ] GC(75) Concurrent reset
[2026-04-03T02:31:42.302+0600][72.161s][info][gc,task     ] GC(75) Using 3 of 6 workers for concurrent reset
[2026-04-03T02:31:42.302+0600][72.161s][info][gc,ergo     ] GC(75) Pacer for Reset. Non-Taxable: 1250M
[2026-04-03T02:31:42.303+0600][72.162s][info][gc          ] GC(75) Concurrent reset 1.550ms
[2026-04-03T02:31:42.303+0600][72.163s][info][gc,start    ] GC(75) Pause Init Mark (unload classes)
[2026-04-03T02:31:42.303+0600][72.163s][info][gc,task     ] GC(75) Using 6 of 6 workers for init marking
[2026-04-03T02:31:42.303+0600][72.163s][info][gc,ergo     ] GC(75) Pacer for Mark. Expected Live: 95957K, Free: 739M, Non-Taxable: 75756K, Alloc Tax Rate: 0.2x
[2026-04-03T02:31:42.303+0600][72.163s][info][gc          ] GC(75) Pause Init Mark (unload classes) 0.129ms
[2026-04-03T02:31:42.304+0600][72.163s][info][gc,start    ] GC(75) Concurrent marking roots
[2026-04-03T02:31:42.304+0600][72.163s][info][gc,task     ] GC(75) Using 3 of 6 workers for concurrent marking roots
[2026-04-03T02:31:42.306+0600][72.165s][info][gc          ] GC(75) Concurrent marking roots 2.547ms
[2026-04-03T02:31:42.306+0600][72.166s][info][gc,start    ] GC(75) Concurrent marking (unload classes)
[2026-04-03T02:31:42.306+0600][72.166s][info][gc,task     ] GC(75) Using 3 of 6 workers for concurrent marking
[2026-04-03T02:31:42.363+0600][72.222s][info][gc          ] GC(75) Concurrent marking (unload classes) 56.919ms
[2026-04-03T02:31:42.363+0600][72.223s][info][gc,start    ] GC(75) Pause Final Mark (unload classes)
[2026-04-03T02:31:42.363+0600][72.223s][info][gc,task     ] GC(75) Using 6 of 6 workers for final marking
[2026-04-03T02:31:42.364+0600][72.223s][info][gc,ergo     ] GC(75) Adaptive CSet Selection. Target Free: 177M, Actual Free: 1050M, Max CSet: 53333K, Min Garbage: 0B
[2026-04-03T02:31:42.364+0600][72.223s][info][gc,ergo     ] GC(75) Collectable Garbage: 312M (97%), Immediate: 288M (89%), CSet: 24323K (7%)
[2026-04-03T02:31:42.364+0600][72.223s][info][gc,ergo     ] GC(75) Pacer for Evacuation. Used CSet: 29184K, Free: 1023M, Non-Taxable: 102M, Alloc Tax Rate: 1.1x
[2026-04-03T02:31:42.364+0600][72.224s][info][gc          ] GC(75) Pause Final Mark (unload classes) 0.788ms
[2026-04-03T02:31:42.364+0600][72.224s][info][gc,start    ] GC(75) Concurrent thread roots
[2026-04-03T02:31:42.364+0600][72.224s][info][gc,task     ] GC(75) Using 3 of 6 workers for Concurrent thread roots
[2026-04-03T02:31:42.365+0600][72.225s][info][gc          ] GC(75) Concurrent thread roots 1.164ms
[2026-04-03T02:31:42.365+0600][72.225s][info][gc,start    ] GC(75) Concurrent weak references
[2026-04-03T02:31:42.365+0600][72.225s][info][gc,task     ] GC(75) Using 3 of 6 workers for concurrent weak references
[2026-04-03T02:31:42.366+0600][72.226s][info][gc,ref      ] GC(75) Encountered references: Soft: 3623, Weak: 14475, Final: 84, Phantom: 621
[2026-04-03T02:31:42.366+0600][72.226s][info][gc,ref      ] GC(75) Discovered  references: Soft: 0, Weak: 8001, Final: 0, Phantom: 616
[2026-04-03T02:31:42.366+0600][72.226s][info][gc,ref      ] GC(75) Enqueued    references: Soft: 0, Weak: 16, Final: 0, Phantom: 0
[2026-04-03T02:31:42.366+0600][72.226s][info][gc          ] GC(75) Concurrent weak references 0.981ms
[2026-04-03T02:31:42.366+0600][72.226s][info][gc,start    ] GC(75) Concurrent weak roots
[2026-04-03T02:31:42.366+0600][72.226s][info][gc,task     ] GC(75) Using 3 of 6 workers for concurrent weak root
[2026-04-03T02:31:42.372+0600][72.231s][info][gc          ] GC(75) Concurrent weak roots 5.172ms
[2026-04-03T02:31:42.372+0600][72.231s][info][gc,start    ] GC(75) Concurrent cleanup
[2026-04-03T02:31:42.372+0600][72.231s][info][gc          ] GC(75) Concurrent cleanup 449M->160M(616M) 0.328ms
[2026-04-03T02:31:42.372+0600][72.231s][info][gc,ergo     ] GC(75) Free: 1021M, Max: 512K regular, 733M humongous, Frag: 29% external, 0% internal; Reserve: 63739K, Max: 512K
[2026-04-03T02:31:42.372+0600][72.231s][info][gc,start    ] GC(75) Concurrent class unloading
[2026-04-03T02:31:42.372+0600][72.231s][info][gc,task     ] GC(75) Using 3 of 6 workers for concurrent class unloading
[2026-04-03T02:31:42.388+0600][72.248s][info][gc          ] GC(75) Concurrent class unloading 16.173ms
[2026-04-03T02:31:42.388+0600][72.248s][info][gc,start    ] GC(75) Concurrent strong roots
[2026-04-03T02:31:42.388+0600][72.248s][info][gc,task     ] GC(75) Using 3 of 6 workers for concurrent strong root
[2026-04-03T02:31:42.390+0600][72.249s][info][gc          ] GC(75) Concurrent strong roots 1.648ms
[2026-04-03T02:31:42.390+0600][72.249s][info][gc,start    ] GC(75) Concurrent evacuation
[2026-04-03T02:31:42.390+0600][72.249s][info][gc,task     ] GC(75) Using 3 of 6 workers for concurrent evacuation
[2026-04-03T02:31:42.393+0600][72.253s][info][gc          ] GC(75) Concurrent evacuation 3.271ms
[2026-04-03T02:31:42.395+0600][72.254s][info][gc,start    ] GC(75) Pause Init Update Refs
[2026-04-03T02:31:42.395+0600][72.255s][info][gc,ergo     ] GC(75) Pacer for Update Refs. Used: 177M, Free: 1009M, Non-Taxable: 100M, Alloc Tax Rate: 1.1x
[2026-04-03T02:31:42.395+0600][72.255s][info][gc          ] GC(75) Pause Init Update Refs 0.206ms
[2026-04-03T02:31:42.395+0600][72.255s][info][gc,start    ] GC(75) Concurrent update references
[2026-04-03T02:31:42.396+0600][72.255s][info][gc,task     ] GC(75) Using 3 of 6 workers for concurrent reference update
[2026-04-03T02:31:42.447+0600][72.306s][info][gc          ] GC(75) Concurrent update references 51.120ms
[2026-04-03T02:31:42.447+0600][72.306s][info][gc,start    ] GC(75) Concurrent update thread roots
[2026-04-03T02:31:42.449+0600][72.308s][info][gc          ] GC(75) Concurrent update thread roots 1.873ms
[2026-04-03T02:31:42.449+0600][72.308s][info][gc,start    ] GC(75) Pause Final Update Refs
[2026-04-03T02:31:42.449+0600][72.308s][info][gc,task     ] GC(75) Using 6 of 6 workers for final reference update
[2026-04-03T02:31:42.449+0600][72.308s][info][gc          ] GC(75) Pause Final Update Refs 0.169ms
[2026-04-03T02:31:42.449+0600][72.309s][info][gc,start    ] GC(75) Concurrent cleanup
[2026-04-03T02:31:42.450+0600][72.309s][info][gc          ] GC(75) Concurrent cleanup 217M->190M(616M) 0.625ms
[2026-04-03T02:31:42.450+0600][72.309s][info][gc,ergo     ] Free: 982M, Max: 512K regular, 732M humongous, Frag: 26% external, 0% internal; Reserve: 64000K, Max: 512K
[2026-04-03T02:31:42.450+0600][72.309s][info][gc,stats    ] 
[2026-04-03T02:31:42.450+0600][72.309s][info][gc,stats    ] All times are wall-clock times, except per-root-class counters, that are sum over
[2026-04-03T02:31:42.450+0600][72.309s][info][gc,stats    ] all workers. Dividing the <total> over the root stage time estimates parallelism.
[2026-04-03T02:31:42.450+0600][72.309s][info][gc,stats    ] 
[2026-04-03T02:31:42.450+0600][72.309s][info][gc,stats    ] Concurrent Reset                   1600 us
[2026-04-03T02:31:42.450+0600][72.309s][info][gc,stats    ] Pause Init Mark (G)                 362 us
[2026-04-03T02:31:42.450+0600][72.309s][info][gc,stats    ] Pause Init Mark (N)                 139 us
[2026-04-03T02:31:42.450+0600][72.309s][info][gc,stats    ]   Update Region States               39 us
[2026-04-03T02:31:42.450+0600][72.309s][info][gc,stats    ] Concurrent Mark Roots              2638 us, parallelism: 2.02x
[2026-04-03T02:31:42.450+0600][72.310s][info][gc,stats    ]   CMR: <total>                     5332 us
[2026-04-03T02:31:42.450+0600][72.310s][info][gc,stats    ]   CMR: Thread Roots                4793 us, workers (us): 1525, 1950, 1318, ---, ---, ---, 
[2026-04-03T02:31:42.450+0600][72.310s][info][gc,stats    ]   CMR: VM Strong Roots               70 us, workers (us):  35,  35,   0, ---, ---, ---, 
[2026-04-03T02:31:42.450+0600][72.310s][info][gc,stats    ]   CMR: CLDG Roots                   469 us, workers (us): 469, ---, ---, ---, ---, ---, 
[2026-04-03T02:31:42.450+0600][72.310s][info][gc,stats    ] Concurrent Marking                57025 us
[2026-04-03T02:31:42.450+0600][72.310s][info][gc,stats    ] Pause Final Mark (G)               1017 us
[2026-04-03T02:31:42.450+0600][72.310s][info][gc,stats    ] Pause Final Mark (N)                800 us
[2026-04-03T02:31:42.450+0600][72.310s][info][gc,stats    ]   Finish Mark                       435 us
[2026-04-03T02:31:42.450+0600][72.310s][info][gc,stats    ]   Update Region States               41 us
[2026-04-03T02:31:42.450+0600][72.310s][info][gc,stats    ]   Choose Collection Set             164 us
[2026-04-03T02:31:42.450+0600][72.310s][info][gc,stats    ]   Rebuild Free Set                   36 us
[2026-04-03T02:31:42.450+0600][72.310s][info][gc,stats    ] Concurrent Thread Roots            1215 us, parallelism: 2.40x
[2026-04-03T02:31:42.450+0600][72.310s][info][gc,stats    ]   CTR: <total>                     2911 us
[2026-04-03T02:31:42.450+0600][72.310s][info][gc,stats    ]   CTR: Thread Roots                2911 us, workers (us): 1051, 934, 926, ---, ---, ---, 
[2026-04-03T02:31:42.450+0600][72.310s][info][gc,stats    ] Concurrent Weak References          994 us, parallelism: 0.95x
[2026-04-03T02:31:42.450+0600][72.310s][info][gc,stats    ]   CWRF: <total>                     948 us
[2026-04-03T02:31:42.450+0600][72.310s][info][gc,stats    ]   CWRF: Weak References             948 us, workers (us): 169, 777,   1, ---, ---, ---, 
[2026-04-03T02:31:42.450+0600][72.310s][info][gc,stats    ] Concurrent Weak Roots              5286 us
[2026-04-03T02:31:42.450+0600][72.310s][info][gc,stats    ]   Roots                            4784 us, parallelism: 2.67x
[2026-04-03T02:31:42.450+0600][72.310s][info][gc,stats    ]     CWR: <total>                  12783 us
[2026-04-03T02:31:42.450+0600][72.310s][info][gc,stats    ]     CWR: Code Cache Roots         10383 us, workers (us): 3293, 3604, 3485, ---, ---, ---, 
[2026-04-03T02:31:42.450+0600][72.310s][info][gc,stats    ]     CWR: VM Weak Roots             2149 us, workers (us): 823, 661, 664, ---, ---, ---, 
[2026-04-03T02:31:42.450+0600][72.310s][info][gc,stats    ]     CWR: CLDG Roots                 252 us, workers (us): 252, ---, ---, ---, ---, ---, 
[2026-04-03T02:31:42.450+0600][72.310s][info][gc,stats    ]   Rendezvous                        365 us
[2026-04-03T02:31:42.450+0600][72.310s][info][gc,stats    ] Concurrent Cleanup                  350 us
[2026-04-03T02:31:42.450+0600][72.310s][info][gc,stats    ] Concurrent Class Unloading        16268 us
[2026-04-03T02:31:42.450+0600][72.310s][info][gc,stats    ]   Unlink Stale                    15581 us
[2026-04-03T02:31:42.450+0600][72.310s][info][gc,stats    ]     System Dictionary               280 us
[2026-04-03T02:31:42.450+0600][72.310s][info][gc,stats    ]     Weak Class Links                  1 us
[2026-04-03T02:31:42.450+0600][72.310s][info][gc,stats    ]     Code Roots                    15296 us
[2026-04-03T02:31:42.450+0600][72.310s][info][gc,stats    ]   Rendezvous                        528 us
[2026-04-03T02:31:42.450+0600][72.310s][info][gc,stats    ]   Purge Unlinked                     16 us
[2026-04-03T02:31:42.450+0600][72.310s][info][gc,stats    ]     Code Roots                        6 us
[2026-04-03T02:31:42.450+0600][72.310s][info][gc,stats    ]     CLDG                              9 us
[2026-04-03T02:31:42.450+0600][72.310s][info][gc,stats    ]     Exception Caches                  1 us
[2026-04-03T02:31:42.450+0600][72.310s][info][gc,stats    ] Concurrent Strong Roots            1697 us, parallelism: 0.73x
[2026-04-03T02:31:42.450+0600][72.310s][info][gc,stats    ]   CSR: <total>                     1243 us
[2026-04-03T02:31:42.450+0600][72.310s][info][gc,stats    ]   CSR: VM Strong Roots               54 us, workers (us):  44,   9,   0, ---, ---, ---, 
[2026-04-03T02:31:42.450+0600][72.310s][info][gc,stats    ]   CSR: CLDG Roots                  1189 us, workers (us): ---, 1189, ---, ---, ---, ---, 
[2026-04-03T02:31:42.451+0600][72.310s][info][gc,stats    ] Concurrent Evacuation              3388 us
[2026-04-03T02:31:42.451+0600][72.310s][info][gc,stats    ] Pause Init Update Refs (G)         1960 us
[2026-04-03T02:31:42.451+0600][72.310s][info][gc,stats    ] Pause Init Update Refs (N)          231 us
[2026-04-03T02:31:42.451+0600][72.310s][info][gc,stats    ]   Manage GCLABs                      77 us
[2026-04-03T02:31:42.451+0600][72.310s][info][gc,stats    ] Concurrent Update Refs            51261 us
[2026-04-03T02:31:42.451+0600][72.310s][info][gc,stats    ] Concurrent Update Thread Roots     1956 us
[2026-04-03T02:31:42.451+0600][72.310s][info][gc,stats    ] Pause Final Update Refs (G)         644 us
[2026-04-03T02:31:42.451+0600][72.310s][info][gc,stats    ] Pause Final Update Refs (N)         186 us
[2026-04-03T02:31:42.451+0600][72.310s][info][gc,stats    ]   Update Region States               51 us
[2026-04-03T02:31:42.451+0600][72.310s][info][gc,stats    ]   Trash Collection Set               10 us
[2026-04-03T02:31:42.451+0600][72.310s][info][gc,stats    ]   Rebuild Free Set                   34 us
[2026-04-03T02:31:42.451+0600][72.310s][info][gc,stats    ] Concurrent Cleanup                  649 us
[2026-04-03T02:31:42.451+0600][72.310s][info][gc,stats    ] 
[2026-04-03T02:31:42.451+0600][72.310s][info][gc,stats    ] Allocation pacing accrued:
[2026-04-03T02:31:42.451+0600][72.310s][info][gc,stats    ]       0 of   150 ms (  0.0%): <total>
[2026-04-03T02:31:42.451+0600][72.310s][info][gc,stats    ]       0 of   150 ms (  0.0%): <average total>
[2026-04-03T02:31:42.451+0600][72.310s][info][gc,stats    ] 
[2026-04-03T02:31:42.451+0600][72.310s][info][gc,metaspace] Metaspace: 131010K(132800K)->131096K(132800K) NonClass: 114606K(115648K)->114677K(115648K) Class: 16404K(17152K)->16419K(17152K)
[2026-04-03T02:31:42.451+0600][72.310s][info][gc,ergo     ] Pacer for Idle. Initial: 25600K, Alloc Tax Rate: 1.0x
[2026-04-03T02:31:42.638+0600][72.497s][info][gc          ] Trigger: Learning 5 of 5. Free (874M) is below initial threshold (875M)
[2026-04-03T02:31:42.638+0600][72.497s][info][gc,ergo     ] Free: 874M, Max: 512K regular, 732M humongous, Frag: 17% external, 0% internal; Reserve: 64000K, Max: 512K
[2026-04-03T02:31:42.638+0600][72.497s][info][gc,start    ] GC(76) Concurrent reset
[2026-04-03T02:31:42.638+0600][72.497s][info][gc,task     ] GC(76) Using 3 of 6 workers for concurrent reset
[2026-04-03T02:31:42.638+0600][72.497s][info][gc,ergo     ] GC(76) Pacer for Reset. Non-Taxable: 1250M
[2026-04-03T02:31:42.639+0600][72.498s][info][gc          ] GC(76) Concurrent reset 0.608ms
[2026-04-03T02:31:42.639+0600][72.498s][info][gc,start    ] GC(76) Pause Init Mark (unload classes)
[2026-04-03T02:31:42.639+0600][72.498s][info][gc,task     ] GC(76) Using 6 of 6 workers for init marking
[2026-04-03T02:31:42.639+0600][72.498s][info][gc,ergo     ] GC(76) Pacer for Mark. Expected Live: 95720K, Free: 874M, Non-Taxable: 89522K, Alloc Tax Rate: 0.1x
[2026-04-03T02:31:42.639+0600][72.498s][info][gc          ] GC(76) Pause Init Mark (unload classes) 0.087ms
[2026-04-03T02:31:42.639+0600][72.498s][info][gc,start    ] GC(76) Concurrent marking roots
[2026-04-03T02:31:42.639+0600][72.498s][info][gc,task     ] GC(76) Using 3 of 6 workers for concurrent marking roots
[2026-04-03T02:31:42.640+0600][72.499s][info][gc          ] GC(76) Concurrent marking roots 0.903ms
[2026-04-03T02:31:42.640+0600][72.499s][info][gc,start    ] GC(76) Concurrent marking (unload classes)
[2026-04-03T02:31:42.640+0600][72.499s][info][gc,task     ] GC(76) Using 3 of 6 workers for concurrent marking
[2026-04-03T02:31:42.682+0600][72.541s][info][gc          ] GC(76) Concurrent marking (unload classes) 41.496ms
[2026-04-03T02:31:42.682+0600][72.541s][info][gc,start    ] GC(76) Pause Final Mark (unload classes)
[2026-04-03T02:31:42.682+0600][72.541s][info][gc,task     ] GC(76) Using 6 of 6 workers for final marking
[2026-04-03T02:31:42.682+0600][72.541s][info][gc,ergo     ] GC(76) Adaptive CSet Selection. Target Free: 177M, Actual Free: 1029M, Max CSet: 53333K, Min Garbage: 0B
[2026-04-03T02:31:42.682+0600][72.542s][info][gc,ergo     ] GC(76) Collectable Garbage: 194M (95%), Immediate: 112M (55%), CSet: 83945K (40%)
[2026-04-03T02:31:42.682+0600][72.542s][info][gc,ergo     ] GC(76) Pacer for Evacuation. Used CSet: 87011K, Free: 986M, Non-Taxable: 101059K, Alloc Tax Rate: 1.1x
[2026-04-03T02:31:42.682+0600][72.542s][info][gc          ] GC(76) Pause Final Mark (unload classes) 0.629ms
[2026-04-03T02:31:42.682+0600][72.542s][info][gc,start    ] GC(76) Concurrent thread roots
[2026-04-03T02:31:42.682+0600][72.542s][info][gc,task     ] GC(76) Using 3 of 6 workers for Concurrent thread roots
[2026-04-03T02:31:42.683+0600][72.543s][info][gc          ] GC(76) Concurrent thread roots 0.972ms
[2026-04-03T02:31:42.683+0600][72.543s][info][gc,start    ] GC(76) Concurrent weak references
[2026-04-03T02:31:42.683+0600][72.543s][info][gc,task     ] GC(76) Using 3 of 6 workers for concurrent weak references
[2026-04-03T02:31:42.684+0600][72.543s][info][gc,ref      ] GC(76) Encountered references: Soft: 3692, Weak: 14868, Final: 84, Phantom: 621
[2026-04-03T02:31:42.684+0600][72.543s][info][gc,ref      ] GC(76) Discovered  references: Soft: 0, Weak: 3674, Final: 0, Phantom: 616
[2026-04-03T02:31:42.684+0600][72.543s][info][gc,ref      ] GC(76) Enqueued    references: Soft: 0, Weak: 439, Final: 0, Phantom: 0
[2026-04-03T02:31:42.684+0600][72.543s][info][gc          ] GC(76) Concurrent weak references 0.477ms
[2026-04-03T02:31:42.684+0600][72.543s][info][gc,start    ] GC(76) Concurrent weak roots
[2026-04-03T02:31:42.684+0600][72.543s][info][gc,task     ] GC(76) Using 3 of 6 workers for concurrent weak root
[2026-04-03T02:31:42.688+0600][72.547s][info][gc          ] GC(76) Concurrent weak roots 3.749ms
[2026-04-03T02:31:42.688+0600][72.547s][info][gc,start    ] GC(76) Concurrent cleanup
[2026-04-03T02:31:42.688+0600][72.547s][info][gc          ] GC(76) Concurrent cleanup 313M->200M(616M) 0.222ms
[2026-04-03T02:31:42.688+0600][72.547s][info][gc,ergo     ] GC(76) Free: 984M, Max: 512K regular, 732M humongous, Frag: 26% external, 0% internal; Reserve: 63647K, Max: 512K
[2026-04-03T02:31:42.688+0600][72.547s][info][gc,start    ] GC(76) Concurrent class unloading
[2026-04-03T02:31:42.688+0600][72.547s][info][gc,task     ] GC(76) Using 3 of 6 workers for concurrent class unloading
[2026-04-03T02:31:42.727+0600][72.587s][info][gc          ] GC(76) Concurrent class unloading 39.265ms
[2026-04-03T02:31:42.727+0600][72.587s][info][gc,start    ] GC(76) Concurrent strong roots
[2026-04-03T02:31:42.727+0600][72.587s][info][gc,task     ] GC(76) Using 3 of 6 workers for concurrent strong root
[2026-04-03T02:31:42.729+0600][72.588s][info][gc          ] GC(76) Concurrent strong roots 1.410ms
[2026-04-03T02:31:42.729+0600][72.588s][info][gc,start    ] GC(76) Concurrent evacuation
[2026-04-03T02:31:42.729+0600][72.588s][info][gc,task     ] GC(76) Using 3 of 6 workers for concurrent evacuation
[2026-04-03T02:31:42.731+0600][72.590s][info][gc          ] GC(76) Concurrent evacuation 1.739ms
[2026-04-03T02:31:42.731+0600][72.590s][info][gc,start    ] GC(76) Pause Init Update Refs
[2026-04-03T02:31:42.731+0600][72.590s][info][gc,ergo     ] GC(76) Pacer for Update Refs. Used: 218M, Free: 970M, Non-Taxable: 99393K, Alloc Tax Rate: 1.1x
[2026-04-03T02:31:42.731+0600][72.590s][info][gc          ] GC(76) Pause Init Update Refs 0.136ms
[2026-04-03T02:31:42.731+0600][72.591s][info][gc,start    ] GC(76) Concurrent update references
[2026-04-03T02:31:42.731+0600][72.591s][info][gc,task     ] GC(76) Using 3 of 6 workers for concurrent reference update
[2026-04-03T02:31:42.763+0600][72.622s][info][gc          ] GC(76) Concurrent update references 31.505ms
[2026-04-03T02:31:42.763+0600][72.622s][info][gc,start    ] GC(76) Concurrent update thread roots
[2026-04-03T02:31:42.764+0600][72.624s][info][gc          ] GC(76) Concurrent update thread roots 1.533ms
[2026-04-03T02:31:42.765+0600][72.624s][info][gc,start    ] GC(76) Pause Final Update Refs
[2026-04-03T02:31:42.765+0600][72.624s][info][gc,task     ] GC(76) Using 6 of 6 workers for final reference update
[2026-04-03T02:31:42.765+0600][72.624s][info][gc          ] GC(76) Pause Final Update Refs 0.191ms
[2026-04-03T02:31:42.765+0600][72.624s][info][gc,start    ] GC(76) Concurrent cleanup
[2026-04-03T02:31:42.766+0600][72.625s][info][gc          ] GC(76) Concurrent cleanup 230M->146M(616M) 0.435ms
[2026-04-03T02:31:42.766+0600][72.625s][info][gc,ergo     ] Free: 1039M, Max: 512K regular, 733M humongous, Frag: 30% external, 0% internal; Reserve: 64000K, Max: 512K
[2026-04-03T02:31:42.766+0600][72.625s][info][gc,stats    ] 
[2026-04-03T02:31:42.766+0600][72.625s][info][gc,stats    ] All times are wall-clock times, except per-root-class counters, that are sum over
[2026-04-03T02:31:42.766+0600][72.625s][info][gc,stats    ] all workers. Dividing the <total> over the root stage time estimates parallelism.
[2026-04-03T02:31:42.766+0600][72.625s][info][gc,stats    ] 
[2026-04-03T02:31:42.766+0600][72.625s][info][gc,stats    ] Concurrent Reset                    645 us
[2026-04-03T02:31:42.766+0600][72.625s][info][gc,stats    ] Pause Init Mark (G)                 338 us
[2026-04-03T02:31:42.766+0600][72.625s][info][gc,stats    ] Pause Init Mark (N)                 111 us
[2026-04-03T02:31:42.766+0600][72.625s][info][gc,stats    ]   Update Region States               14 us
[2026-04-03T02:31:42.766+0600][72.625s][info][gc,stats    ] Concurrent Mark Roots               936 us, parallelism: 1.69x
[2026-04-03T02:31:42.766+0600][72.625s][info][gc,stats    ]   CMR: <total>                     1583 us
[2026-04-03T02:31:42.766+0600][72.625s][info][gc,stats    ]   CMR: Thread Roots                1408 us, workers (us): 417, 529, 462, ---, ---, ---, 
[2026-04-03T02:31:42.766+0600][72.625s][info][gc,stats    ]   CMR: VM Strong Roots               27 us, workers (us):  26,   1,   0, ---, ---, ---, 
[2026-04-03T02:31:42.766+0600][72.625s][info][gc,stats    ]   CMR: CLDG Roots                   148 us, workers (us): 148, ---, ---, ---, ---, ---, 
[2026-04-03T02:31:42.766+0600][72.625s][info][gc,stats    ] Concurrent Marking                41571 us
[2026-04-03T02:31:42.766+0600][72.625s][info][gc,stats    ] Pause Final Mark (G)                782 us
[2026-04-03T02:31:42.766+0600][72.625s][info][gc,stats    ] Pause Final Mark (N)                641 us
[2026-04-03T02:31:42.766+0600][72.625s][info][gc,stats    ]   Finish Mark                       266 us
[2026-04-03T02:31:42.766+0600][72.625s][info][gc,stats    ]   Update Region States               39 us
[2026-04-03T02:31:42.766+0600][72.625s][info][gc,stats    ]   Choose Collection Set             145 us
[2026-04-03T02:31:42.766+0600][72.625s][info][gc,stats    ]   Rebuild Free Set                   26 us
[2026-04-03T02:31:42.766+0600][72.625s][info][gc,stats    ] Concurrent Thread Roots            1047 us, parallelism: 1.91x
[2026-04-03T02:31:42.766+0600][72.625s][info][gc,stats    ]   CTR: <total>                     1998 us
[2026-04-03T02:31:42.766+0600][72.625s][info][gc,stats    ]   CTR: Thread Roots                1998 us, workers (us): 726, 643, 629, ---, ---, ---, 
[2026-04-03T02:31:42.766+0600][72.625s][info][gc,stats    ] Concurrent Weak References          489 us, parallelism: 1.11x
[2026-04-03T02:31:42.766+0600][72.625s][info][gc,stats    ]   CWRF: <total>                     542 us
[2026-04-03T02:31:42.766+0600][72.625s][info][gc,stats    ]   CWRF: Weak References             542 us, workers (us): 226, 236,  81, ---, ---, ---, 
[2026-04-03T02:31:42.766+0600][72.625s][info][gc,stats    ] Concurrent Weak Roots              3843 us
[2026-04-03T02:31:42.766+0600][72.625s][info][gc,stats    ]   Roots                            3418 us, parallelism: 2.60x
[2026-04-03T02:31:42.766+0600][72.625s][info][gc,stats    ]     CWR: <total>                   8898 us
[2026-04-03T02:31:42.766+0600][72.625s][info][gc,stats    ]     CWR: Code Cache Roots          6882 us, workers (us): 2304, 2282, 2297, ---, ---, ---, 
[2026-04-03T02:31:42.766+0600][72.625s][info][gc,stats    ]     CWR: VM Weak Roots             1948 us, workers (us): 695, 625, 628, ---, ---, ---, 
[2026-04-03T02:31:42.766+0600][72.625s][info][gc,stats    ]     CWR: CLDG Roots                  69 us, workers (us): ---,  69, ---, ---, ---, ---, 
[2026-04-03T02:31:42.766+0600][72.625s][info][gc,stats    ]   Rendezvous                        306 us
[2026-04-03T02:31:42.766+0600][72.625s][info][gc,stats    ] Concurrent Cleanup                  244 us
[2026-04-03T02:31:42.766+0600][72.625s][info][gc,stats    ] Concurrent Class Unloading        39352 us
[2026-04-03T02:31:42.766+0600][72.625s][info][gc,stats    ]   Unlink Stale                    37634 us
[2026-04-03T02:31:42.766+0600][72.625s][info][gc,stats    ]     System Dictionary               480 us
[2026-04-03T02:31:42.766+0600][72.625s][info][gc,stats    ]     Weak Class Links              23266 us
[2026-04-03T02:31:42.766+0600][72.625s][info][gc,stats    ]     Code Roots                    13883 us
[2026-04-03T02:31:42.766+0600][72.625s][info][gc,stats    ]   Rendezvous                        458 us
[2026-04-03T02:31:42.766+0600][72.625s][info][gc,stats    ]   Purge Unlinked                   1141 us
[2026-04-03T02:31:42.766+0600][72.625s][info][gc,stats    ]     Code Roots                     1077 us
[2026-04-03T02:31:42.766+0600][72.625s][info][gc,stats    ]     CLDG                             63 us
[2026-04-03T02:31:42.766+0600][72.625s][info][gc,stats    ]     Exception Caches                  0 us
[2026-04-03T02:31:42.766+0600][72.625s][info][gc,stats    ] Concurrent Strong Roots            1461 us, parallelism: 0.70x
[2026-04-03T02:31:42.766+0600][72.625s][info][gc,stats    ]   CSR: <total>                     1030 us
[2026-04-03T02:31:42.766+0600][72.625s][info][gc,stats    ]   CSR: VM Strong Roots               58 us, workers (us):  57,   1,   0, ---, ---, ---, 
[2026-04-03T02:31:42.766+0600][72.625s][info][gc,stats    ]   CSR: CLDG Roots                   972 us, workers (us): 972, ---, ---, ---, ---, ---, 
[2026-04-03T02:31:42.766+0600][72.625s][info][gc,stats    ] Concurrent Evacuation              1792 us
[2026-04-03T02:31:42.766+0600][72.625s][info][gc,stats    ] Pause Init Update Refs (G)          626 us
[2026-04-03T02:31:42.766+0600][72.625s][info][gc,stats    ] Pause Init Update Refs (N)          151 us
[2026-04-03T02:31:42.766+0600][72.625s][info][gc,stats    ]   Manage GCLABs                      33 us
[2026-04-03T02:31:42.766+0600][72.625s][info][gc,stats    ] Concurrent Update Refs            31606 us
[2026-04-03T02:31:42.766+0600][72.625s][info][gc,stats    ] Concurrent Update Thread Roots     1579 us
[2026-04-03T02:31:42.766+0600][72.625s][info][gc,stats    ] Pause Final Update Refs (G)         583 us
[2026-04-03T02:31:42.766+0600][72.625s][info][gc,stats    ] Pause Final Update Refs (N)         201 us
[2026-04-03T02:31:42.766+0600][72.625s][info][gc,stats    ]   Update Region States               38 us
[2026-04-03T02:31:42.766+0600][72.625s][info][gc,stats    ]   Trash Collection Set                9 us
[2026-04-03T02:31:42.766+0600][72.625s][info][gc,stats    ]   Rebuild Free Set                   30 us
[2026-04-03T02:31:42.766+0600][72.625s][info][gc,stats    ] Concurrent Cleanup                  452 us
[2026-04-03T02:31:42.766+0600][72.625s][info][gc,stats    ] 
[2026-04-03T02:31:42.766+0600][72.625s][info][gc,stats    ] Allocation pacing accrued:
[2026-04-03T02:31:42.766+0600][72.625s][info][gc,stats    ]       0 of   315 ms (  0.0%): <total>
[2026-04-03T02:31:42.766+0600][72.625s][info][gc,stats    ]       0 of   315 ms (  0.0%): <average total>
[2026-04-03T02:31:42.766+0600][72.625s][info][gc,stats    ] 
[2026-04-03T02:31:42.766+0600][72.625s][info][gc,metaspace] Metaspace: 131134K(132800K)->131115K(132800K) NonClass: 114710K(115648K)->114695K(115648K) Class: 16424K(17152K)->16419K(17152K)
[2026-04-03T02:31:42.766+0600][72.625s][info][gc,ergo     ] Pacer for Idle. Initial: 25600K, Alloc Tax Rate: 1.0x
[2026-04-03T02:31:43.568+0600][73.427s][info][gc          ] Trigger: Average GC time (174.94 ms) is above the time for average allocation rate (1032 MB/s) to deplete free headroom (178M) (margin of error = 1.91)
[2026-04-03T02:31:43.568+0600][73.427s][info][gc,ergo     ] Free headroom: 241M (free) - 64000K (spike) - 0B (penalties) = 178M
[2026-04-03T02:31:43.568+0600][73.427s][info][gc,ergo     ] Free: 240M, Max: 512K regular, 240M humongous, Frag: 0% external, 0% internal; Reserve: 64000K, Max: 512K
[2026-04-03T02:31:43.568+0600][73.428s][info][gc,start    ] GC(77) Concurrent reset
[2026-04-03T02:31:43.568+0600][73.428s][info][gc,task     ] GC(77) Using 3 of 6 workers for concurrent reset
[2026-04-03T02:31:43.568+0600][73.428s][info][gc,ergo     ] GC(77) Pacer for Reset. Non-Taxable: 1250M
[2026-04-03T02:31:43.572+0600][73.431s][info][gc          ] GC(77) Concurrent reset 3.665ms
[2026-04-03T02:31:43.573+0600][73.433s][info][gc,start    ] GC(77) Pause Init Mark (unload classes)
[2026-04-03T02:31:43.573+0600][73.433s][info][gc,task     ] GC(77) Using 6 of 6 workers for init marking
[2026-04-03T02:31:43.573+0600][73.433s][info][gc,ergo     ] GC(77) Pacer for Mark. Expected Live: 94907K, Free: 234M, Non-Taxable: 24041K, Alloc Tax Rate: 0.5x
[2026-04-03T02:31:43.573+0600][73.433s][info][gc          ] GC(77) Pause Init Mark (unload classes) 0.200ms
[2026-04-03T02:31:43.574+0600][73.433s][info][gc,start    ] GC(77) Concurrent marking roots
[2026-04-03T02:31:43.574+0600][73.433s][info][gc,task     ] GC(77) Using 3 of 6 workers for concurrent marking roots
[2026-04-03T02:31:43.575+0600][73.434s][info][gc          ] GC(77) Concurrent marking roots 1.661ms
[2026-04-03T02:31:43.575+0600][73.435s][info][gc,start    ] GC(77) Concurrent marking (unload classes)
[2026-04-03T02:31:43.575+0600][73.435s][info][gc,task     ] GC(77) Using 3 of 6 workers for concurrent marking
[2026-04-03T02:31:43.639+0600][73.499s][info][gc          ] GC(77) Concurrent marking (unload classes) 64.096ms
[2026-04-03T02:31:43.640+0600][73.499s][info][gc,start    ] GC(77) Pause Final Mark (unload classes)
[2026-04-03T02:31:43.640+0600][73.499s][info][gc,task     ] GC(77) Using 6 of 6 workers for final marking
[2026-04-03T02:31:43.640+0600][73.499s][info][gc,ergo     ] GC(77) Adaptive CSet Selection. Target Free: 177M, Actual Free: 844M, Max CSet: 53333K, Min Garbage: 0B
[2026-04-03T02:31:43.640+0600][73.500s][info][gc,ergo     ] GC(77) Collectable Garbage: 766M (98%), Immediate: 591M (76%), CSet: 174M (22%)
[2026-04-03T02:31:43.640+0600][73.500s][info][gc,ergo     ] GC(77) Pacer for Evacuation. Used CSet: 179M, Free: 861M, Non-Taxable: 88188K, Alloc Tax Rate: 1.1x
[2026-04-03T02:31:43.640+0600][73.500s][info][gc          ] GC(77) Pause Final Mark (unload classes) 0.809ms
[2026-04-03T02:31:43.641+0600][73.500s][info][gc,start    ] GC(77) Concurrent thread roots
[2026-04-03T02:31:43.641+0600][73.500s][info][gc,task     ] GC(77) Using 3 of 6 workers for Concurrent thread roots
[2026-04-03T02:31:43.642+0600][73.501s][info][gc          ] GC(77) Concurrent thread roots 1.062ms
[2026-04-03T02:31:43.642+0600][73.501s][info][gc,start    ] GC(77) Concurrent weak references
[2026-04-03T02:31:43.642+0600][73.501s][info][gc,task     ] GC(77) Using 3 of 6 workers for concurrent weak references
[2026-04-03T02:31:43.643+0600][73.502s][info][gc,ref      ] GC(77) Encountered references: Soft: 3710, Weak: 15800, Final: 84, Phantom: 621
[2026-04-03T02:31:43.643+0600][73.502s][info][gc,ref      ] GC(77) Discovered  references: Soft: 0, Weak: 8154, Final: 52, Phantom: 597
[2026-04-03T02:31:43.643+0600][73.502s][info][gc,ref      ] GC(77) Enqueued    references: Soft: 0, Weak: 43, Final: 0, Phantom: 0
[2026-04-03T02:31:43.643+0600][73.502s][info][gc          ] GC(77) Concurrent weak references 1.054ms
[2026-04-03T02:31:43.643+0600][73.502s][info][gc,start    ] GC(77) Concurrent weak roots
[2026-04-03T02:31:43.643+0600][73.502s][info][gc,task     ] GC(77) Using 3 of 6 workers for concurrent weak root
[2026-04-03T02:31:43.648+0600][73.507s][info][gc          ] GC(77) Concurrent weak roots 5.150ms
[2026-04-03T02:31:43.648+0600][73.507s][info][gc,start    ] GC(77) Concurrent cleanup
[2026-04-03T02:31:43.649+0600][73.508s][info][gc          ] GC(77) Concurrent cleanup 916M->326M(1016M) 0.750ms
[2026-04-03T02:31:43.649+0600][73.508s][info][gc,ergo     ] GC(77) Free: 852M, Max: 512K regular, 182M humongous, Frag: 79% external, 0% internal; Reserve: 63616K, Max: 512K
[2026-04-03T02:31:43.649+0600][73.508s][info][gc,start    ] GC(77) Concurrent class unloading
[2026-04-03T02:31:43.649+0600][73.508s][info][gc,task     ] GC(77) Using 3 of 6 workers for concurrent class unloading
[2026-04-03T02:31:43.669+0600][73.528s][info][gc          ] GC(77) Concurrent class unloading 20.112ms
[2026-04-03T02:31:43.669+0600][73.528s][info][gc,start    ] GC(77) Concurrent strong roots
[2026-04-03T02:31:43.669+0600][73.529s][info][gc,task     ] GC(77) Using 3 of 6 workers for concurrent strong root
[2026-04-03T02:31:43.671+0600][73.530s][info][gc          ] GC(77) Concurrent strong roots 1.690ms
[2026-04-03T02:31:43.671+0600][73.530s][info][gc,start    ] GC(77) Concurrent evacuation
[2026-04-03T02:31:43.671+0600][73.530s][info][gc,task     ] GC(77) Using 3 of 6 workers for concurrent evacuation
[2026-04-03T02:31:43.676+0600][73.536s][info][gc          ] GC(77) Concurrent evacuation 5.292ms
[2026-04-03T02:31:43.677+0600][73.536s][info][gc,start    ] GC(77) Pause Init Update Refs
[2026-04-03T02:31:43.677+0600][73.536s][info][gc,ergo     ] GC(77) Pacer for Update Refs. Used: 345M, Free: 837M, Non-Taxable: 85739K, Alloc Tax Rate: 1.1x
[2026-04-03T02:31:43.677+0600][73.536s][info][gc          ] GC(77) Pause Init Update Refs 0.211ms
[2026-04-03T02:31:43.677+0600][73.536s][info][gc,start    ] GC(77) Concurrent update references
[2026-04-03T02:31:43.677+0600][73.536s][info][gc,task     ] GC(77) Using 3 of 6 workers for concurrent reference update
[2026-04-03T02:31:43.724+0600][73.583s][info][gc          ] GC(77) Concurrent update references 46.689ms
[2026-04-03T02:31:43.724+0600][73.583s][info][gc,start    ] GC(77) Concurrent update thread roots
[2026-04-03T02:31:43.731+0600][73.590s][info][gc          ] GC(77) Concurrent update thread roots 7.326ms
[2026-04-03T02:31:43.731+0600][73.591s][info][gc,start    ] GC(77) Pause Final Update Refs
[2026-04-03T02:31:43.732+0600][73.591s][info][gc,task     ] GC(77) Using 6 of 6 workers for final reference update
[2026-04-03T02:31:43.732+0600][73.591s][info][gc          ] GC(77) Pause Final Update Refs 0.240ms
[2026-04-03T02:31:43.732+0600][73.591s][info][gc,start    ] GC(77) Concurrent cleanup
[2026-04-03T02:31:43.733+0600][73.592s][info][gc          ] GC(77) Concurrent cleanup 391M->212M(1016M) 0.666ms
[2026-04-03T02:31:43.733+0600][73.592s][info][gc,ergo     ] Free: 959M, Max: 512K regular, 486M humongous, Frag: 50% external, 0% internal; Reserve: 64000K, Max: 512K
[2026-04-03T02:31:43.733+0600][73.592s][info][gc,stats    ] 
[2026-04-03T02:31:43.733+0600][73.592s][info][gc,stats    ] All times are wall-clock times, except per-root-class counters, that are sum over
[2026-04-03T02:31:43.733+0600][73.592s][info][gc,stats    ] all workers. Dividing the <total> over the root stage time estimates parallelism.
[2026-04-03T02:31:43.733+0600][73.592s][info][gc,stats    ] 
[2026-04-03T02:31:43.733+0600][73.592s][info][gc,stats    ] Concurrent Reset                   3733 us
[2026-04-03T02:31:43.733+0600][73.592s][info][gc,stats    ] Pause Init Mark (G)                1552 us
[2026-04-03T02:31:43.733+0600][73.592s][info][gc,stats    ] Pause Init Mark (N)                 220 us
[2026-04-03T02:31:43.733+0600][73.592s][info][gc,stats    ]   Update Region States               49 us
[2026-04-03T02:31:43.733+0600][73.592s][info][gc,stats    ] Concurrent Mark Roots              1741 us, parallelism: 1.95x
[2026-04-03T02:31:43.733+0600][73.592s][info][gc,stats    ]   CMR: <total>                     3388 us
[2026-04-03T02:31:43.733+0600][73.592s][info][gc,stats    ]   CMR: Thread Roots                2833 us, workers (us): 668, 1145, 1019, ---, ---, ---, 
[2026-04-03T02:31:43.733+0600][73.592s][info][gc,stats    ]   CMR: VM Strong Roots               72 us, workers (us):  37,  33,   1, ---, ---, ---, 
[2026-04-03T02:31:43.733+0600][73.592s][info][gc,stats    ]   CMR: CLDG Roots                   484 us, workers (us): 484, ---, ---, ---, ---, ---, 
[2026-04-03T02:31:43.733+0600][73.592s][info][gc,stats    ] Concurrent Marking                64186 us
[2026-04-03T02:31:43.733+0600][73.592s][info][gc,stats    ] Pause Final Mark (G)               1172 us
[2026-04-03T02:31:43.733+0600][73.592s][info][gc,stats    ] Pause Final Mark (N)                822 us
[2026-04-03T02:31:43.733+0600][73.592s][info][gc,stats    ]   Finish Mark                       234 us
[2026-04-03T02:31:43.733+0600][73.592s][info][gc,stats    ]   Update Region States               55 us
[2026-04-03T02:31:43.733+0600][73.592s][info][gc,stats    ]   Choose Collection Set             275 us
[2026-04-03T02:31:43.733+0600][73.592s][info][gc,stats    ]   Rebuild Free Set                   53 us
[2026-04-03T02:31:43.733+0600][73.592s][info][gc,stats    ] Concurrent Thread Roots            1123 us, parallelism: 2.28x
[2026-04-03T02:31:43.733+0600][73.592s][info][gc,stats    ]   CTR: <total>                     2555 us
[2026-04-03T02:31:43.733+0600][73.592s][info][gc,stats    ]   CTR: Thread Roots                2555 us, workers (us): 876, 864, 815, ---, ---, ---, 
[2026-04-03T02:31:43.733+0600][73.592s][info][gc,stats    ] Concurrent Weak References         1065 us, parallelism: 0.87x
[2026-04-03T02:31:43.733+0600][73.592s][info][gc,stats    ]   CWRF: <total>                     931 us
[2026-04-03T02:31:43.733+0600][73.592s][info][gc,stats    ]   CWRF: Weak References             931 us, workers (us): 700, 229,   2, ---, ---, ---, 
[2026-04-03T02:31:43.733+0600][73.592s][info][gc,stats    ] Concurrent Weak Roots              5245 us
[2026-04-03T02:31:43.733+0600][73.592s][info][gc,stats    ]   Roots                            4248 us, parallelism: 2.63x
[2026-04-03T02:31:43.733+0600][73.592s][info][gc,stats    ]     CWR: <total>                  11192 us
[2026-04-03T02:31:43.733+0600][73.592s][info][gc,stats    ]     CWR: Code Cache Roots          8564 us, workers (us): 3039, 2689, 2835, ---, ---, ---, 
[2026-04-03T02:31:43.733+0600][73.592s][info][gc,stats    ]     CWR: VM Weak Roots             2422 us, workers (us): 843, 789, 791, ---, ---, ---, 
[2026-04-03T02:31:43.733+0600][73.592s][info][gc,stats    ]     CWR: CLDG Roots                 206 us, workers (us): ---, 206, ---, ---, ---, ---, 
[2026-04-03T02:31:43.733+0600][73.592s][info][gc,stats    ]   Rendezvous                        873 us
[2026-04-03T02:31:43.733+0600][73.592s][info][gc,stats    ] Concurrent Cleanup                  826 us
[2026-04-03T02:31:43.733+0600][73.592s][info][gc,stats    ] Concurrent Class Unloading        20227 us
[2026-04-03T02:31:43.733+0600][73.592s][info][gc,stats    ]   Unlink Stale                    16213 us
[2026-04-03T02:31:43.733+0600][73.592s][info][gc,stats    ]     System Dictionary               259 us
[2026-04-03T02:31:43.733+0600][73.592s][info][gc,stats    ]     Weak Class Links                  1 us
[2026-04-03T02:31:43.733+0600][73.592s][info][gc,stats    ]     Code Roots                    15950 us
[2026-04-03T02:31:43.733+0600][73.592s][info][gc,stats    ]   Rendezvous                        306 us
[2026-04-03T02:31:43.733+0600][73.592s][info][gc,stats    ]   Purge Unlinked                   3557 us
[2026-04-03T02:31:43.733+0600][73.592s][info][gc,stats    ]     Code Roots                     3530 us
[2026-04-03T02:31:43.733+0600][73.592s][info][gc,stats    ]     CLDG                             26 us
[2026-04-03T02:31:43.733+0600][73.593s][info][gc,stats    ]     Exception Caches                  0 us
[2026-04-03T02:31:43.733+0600][73.593s][info][gc,stats    ] Concurrent Strong Roots            1769 us, parallelism: 0.69x
[2026-04-03T02:31:43.733+0600][73.593s][info][gc,stats    ]   CSR: <total>                     1221 us
[2026-04-03T02:31:43.733+0600][73.593s][info][gc,stats    ]   CSR: VM Strong Roots               46 us, workers (us):  46,   0,   0, ---, ---, ---, 
[2026-04-03T02:31:43.733+0600][73.593s][info][gc,stats    ]   CSR: CLDG Roots                  1175 us, workers (us): 1175, ---, ---, ---, ---, ---, 
[2026-04-03T02:31:43.733+0600][73.593s][info][gc,stats    ] Concurrent Evacuation              5438 us
[2026-04-03T02:31:43.733+0600][73.593s][info][gc,stats    ] Pause Init Update Refs (G)          569 us
[2026-04-03T02:31:43.733+0600][73.593s][info][gc,stats    ] Pause Init Update Refs (N)          224 us
[2026-04-03T02:31:43.733+0600][73.593s][info][gc,stats    ]   Manage GCLABs                      84 us
[2026-04-03T02:31:43.733+0600][73.593s][info][gc,stats    ] Concurrent Update Refs            46782 us
[2026-04-03T02:31:43.733+0600][73.593s][info][gc,stats    ] Concurrent Update Thread Roots     7440 us
[2026-04-03T02:31:43.733+0600][73.593s][info][gc,stats    ] Pause Final Update Refs (G)         644 us
[2026-04-03T02:31:43.733+0600][73.593s][info][gc,stats    ] Pause Final Update Refs (N)         263 us
[2026-04-03T02:31:43.733+0600][73.593s][info][gc,stats    ]   Update Region States               50 us
[2026-04-03T02:31:43.733+0600][73.593s][info][gc,stats    ]   Trash Collection Set               19 us
[2026-04-03T02:31:43.733+0600][73.593s][info][gc,stats    ]   Rebuild Free Set                   62 us
[2026-04-03T02:31:43.733+0600][73.593s][info][gc,stats    ] Concurrent Cleanup                  708 us
[2026-04-03T02:31:43.733+0600][73.593s][info][gc,stats    ] Pacing                            47829 us
[2026-04-03T02:31:43.733+0600][73.593s][info][gc,stats    ] 
[2026-04-03T02:31:43.733+0600][73.593s][info][gc,stats    ] Allocation pacing accrued:
[2026-04-03T02:31:43.733+0600][73.593s][info][gc,stats    ]      10 of   967 ms (  1.0%): Executor task launch worker for task 7.0 in stage 3167.0 (TID 5880)
[2026-04-03T02:31:43.733+0600][73.593s][info][gc,stats    ]      10 of   967 ms (  1.0%): Executor task launch worker for task 4.0 in stage 3167.0 (TID 5877)
[2026-04-03T02:31:43.733+0600][73.593s][info][gc,stats    ]       9 of   967 ms (  0.9%): Executor task launch worker for task 6.0 in stage 3167.0 (TID 5879)
[2026-04-03T02:31:43.733+0600][73.593s][info][gc,stats    ]      10 of   967 ms (  1.0%): Executor task launch worker for task 2.0 in stage 3167.0 (TID 5875)
[2026-04-03T02:31:43.733+0600][73.593s][info][gc,stats    ]       9 of   967 ms (  1.0%): Executor task launch worker for task 1.0 in stage 3167.0 (TID 5874)
[2026-04-03T02:31:43.733+0600][73.593s][info][gc,stats    ]      48 of   967 ms (  4.9%): <total>
[2026-04-03T02:31:43.733+0600][73.593s][info][gc,stats    ]       0 of   967 ms (  0.0%): <average total>
[2026-04-03T02:31:43.733+0600][73.593s][info][gc,stats    ]      10 of   967 ms (  1.0%): <average non-zero>
[2026-04-03T02:31:43.733+0600][73.593s][info][gc,stats    ] 
[2026-04-03T02:31:43.734+0600][73.593s][info][gc,metaspace] Metaspace: 131225K(132800K)->131244K(132800K) NonClass: 114788K(115648K)->114806K(115648K) Class: 16437K(17152K)->16438K(17152K)
[2026-04-03T02:31:43.734+0600][73.593s][info][gc,ergo     ] Pacer for Idle. Initial: 25600K, Alloc Tax Rate: 1.0x
[2026-04-03T02:31:44.518+0600][74.378s][info][gc          ] Trigger: Average GC time (185.26 ms) is above the time for average allocation rate (1073 MB/s) to deplete free headroom (197M) (margin of error = 1.91)
[2026-04-03T02:31:44.518+0600][74.378s][info][gc,ergo     ] Free headroom: 260M (free) - 64000K (spike) - 0B (penalties) = 197M
[2026-04-03T02:31:44.518+0600][74.378s][info][gc,ergo     ] Free: 260M, Max: 512K regular, 179M humongous, Frag: 31% external, 0% internal; Reserve: 64000K, Max: 512K
[2026-04-03T02:31:44.518+0600][74.378s][info][gc,start    ] GC(78) Concurrent reset
[2026-04-03T02:31:44.518+0600][74.378s][info][gc,task     ] GC(78) Using 3 of 6 workers for concurrent reset
[2026-04-03T02:31:44.518+0600][74.378s][info][gc,ergo     ] GC(78) Pacer for Reset. Non-Taxable: 1250M
[2026-04-03T02:31:44.523+0600][74.382s][info][gc          ] GC(78) Concurrent reset 4.716ms
[2026-04-03T02:31:44.523+0600][74.383s][info][gc,start    ] GC(78) Pause Init Mark (unload classes)
[2026-04-03T02:31:44.524+0600][74.383s][info][gc,task     ] GC(78) Using 6 of 6 workers for init marking
[2026-04-03T02:31:44.524+0600][74.383s][info][gc,ergo     ] GC(78) Pacer for Mark. Expected Live: 96412K, Free: 256M, Non-Taxable: 26252K, Alloc Tax Rate: 0.4x
[2026-04-03T02:31:44.524+0600][74.383s][info][gc          ] GC(78) Pause Init Mark (unload classes) 0.163ms
[2026-04-03T02:31:44.524+0600][74.383s][info][gc,start    ] GC(78) Concurrent marking roots
[2026-04-03T02:31:44.524+0600][74.383s][info][gc,task     ] GC(78) Using 3 of 6 workers for concurrent marking roots
[2026-04-03T02:31:44.526+0600][74.385s][info][gc          ] GC(78) Concurrent marking roots 2.123ms
[2026-04-03T02:31:44.526+0600][74.385s][info][gc,start    ] GC(78) Concurrent marking (unload classes)
[2026-04-03T02:31:44.526+0600][74.385s][info][gc,task     ] GC(78) Using 3 of 6 workers for concurrent marking
[2026-04-03T02:31:44.590+0600][74.449s][info][gc          ] GC(78) Concurrent marking (unload classes) 63.921ms
[2026-04-03T02:31:44.590+0600][74.449s][info][gc,start    ] GC(78) Pause Final Mark (unload classes)
[2026-04-03T02:31:44.590+0600][74.449s][info][gc,task     ] GC(78) Using 6 of 6 workers for final marking
[2026-04-03T02:31:44.591+0600][74.450s][info][gc,ergo     ] GC(78) Adaptive CSet Selection. Target Free: 177M, Actual Free: 825M, Max CSet: 53333K, Min Garbage: 0B
[2026-04-03T02:31:44.591+0600][74.450s][info][gc,ergo     ] GC(78) Collectable Garbage: 753M (98%), Immediate: 554M (72%), CSet: 199M (26%)
[2026-04-03T02:31:44.591+0600][74.450s][info][gc,ergo     ] GC(78) Pacer for Evacuation. Used CSet: 205M, Free: 837M, Non-Taxable: 85793K, Alloc Tax Rate: 1.1x
[2026-04-03T02:31:44.591+0600][74.450s][info][gc          ] GC(78) Pause Final Mark (unload classes) 1.018ms
[2026-04-03T02:31:44.591+0600][74.451s][info][gc,start    ] GC(78) Concurrent thread roots
[2026-04-03T02:31:44.591+0600][74.451s][info][gc,task     ] GC(78) Using 3 of 6 workers for Concurrent thread roots
[2026-04-03T02:31:44.593+0600][74.452s][info][gc          ] GC(78) Concurrent thread roots 1.704ms
[2026-04-03T02:31:44.593+0600][74.452s][info][gc,start    ] GC(78) Concurrent weak references
[2026-04-03T02:31:44.593+0600][74.452s][info][gc,task     ] GC(78) Using 3 of 6 workers for concurrent weak references
[2026-04-03T02:31:44.594+0600][74.454s][info][gc,ref      ] GC(78) Encountered references: Soft: 3729, Weak: 16999, Final: 84, Phantom: 621
[2026-04-03T02:31:44.594+0600][74.454s][info][gc,ref      ] GC(78) Discovered  references: Soft: 0, Weak: 9702, Final: 52, Phantom: 220
[2026-04-03T02:31:44.594+0600][74.454s][info][gc,ref      ] GC(78) Enqueued    references: Soft: 0, Weak: 1631, Final: 0, Phantom: 0
[2026-04-03T02:31:44.594+0600][74.454s][info][gc          ] GC(78) Concurrent weak references 1.206ms
[2026-04-03T02:31:44.594+0600][74.454s][info][gc,start    ] GC(78) Concurrent weak roots
[2026-04-03T02:31:44.594+0600][74.454s][info][gc,task     ] GC(78) Using 3 of 6 workers for concurrent weak root
[2026-04-03T02:31:44.601+0600][74.461s][info][gc          ] GC(78) Concurrent weak roots 6.906ms
[2026-04-03T02:31:44.601+0600][74.461s][info][gc,start    ] GC(78) Concurrent cleanup
[2026-04-03T02:31:44.602+0600][74.461s][info][gc          ] GC(78) Concurrent cleanup 908M->354M(1016M) 0.870ms
[2026-04-03T02:31:44.602+0600][74.462s][info][gc,ergo     ] GC(78) Free: 825M, Max: 512K regular, 179M humongous, Frag: 79% external, 0% internal; Reserve: 63253K, Max: 512K
[2026-04-03T02:31:44.602+0600][74.462s][info][gc,start    ] GC(78) Concurrent class unloading
[2026-04-03T02:31:44.602+0600][74.462s][info][gc,task     ] GC(78) Using 3 of 6 workers for concurrent class unloading
[2026-04-03T02:31:44.622+0600][74.481s][info][gc          ] GC(78) Concurrent class unloading 19.490ms
[2026-04-03T02:31:44.622+0600][74.481s][info][gc,start    ] GC(78) Concurrent strong roots
[2026-04-03T02:31:44.622+0600][74.481s][info][gc,task     ] GC(78) Using 3 of 6 workers for concurrent strong root
[2026-04-03T02:31:44.624+0600][74.483s][info][gc          ] GC(78) Concurrent strong roots 1.832ms
[2026-04-03T02:31:44.624+0600][74.483s][info][gc,start    ] GC(78) Concurrent evacuation
[2026-04-03T02:31:44.624+0600][74.483s][info][gc,task     ] GC(78) Using 3 of 6 workers for concurrent evacuation
[2026-04-03T02:31:44.632+0600][74.492s][info][gc          ] GC(78) Concurrent evacuation 8.461ms
[2026-04-03T02:31:44.633+0600][74.492s][info][gc,start    ] GC(78) Pause Init Update Refs
[2026-04-03T02:31:44.633+0600][74.492s][info][gc,ergo     ] GC(78) Pacer for Update Refs. Used: 383M, Free: 801M, Non-Taxable: 82049K, Alloc Tax Rate: 1.1x
[2026-04-03T02:31:44.633+0600][74.492s][info][gc          ] GC(78) Pause Init Update Refs 0.202ms
[2026-04-03T02:31:44.633+0600][74.492s][info][gc,start    ] GC(78) Concurrent update references
[2026-04-03T02:31:44.633+0600][74.492s][info][gc,task     ] GC(78) Using 3 of 6 workers for concurrent reference update
[2026-04-03T02:31:44.680+0600][74.539s][info][gc          ] GC(78) Concurrent update references 46.686ms
[2026-04-03T02:31:44.680+0600][74.539s][info][gc,start    ] GC(78) Concurrent update thread roots
[2026-04-03T02:31:44.681+0600][74.541s][info][gc          ] GC(78) Concurrent update thread roots 1.632ms
[2026-04-03T02:31:44.682+0600][74.541s][info][gc,start    ] GC(78) Pause Final Update Refs
[2026-04-03T02:31:44.682+0600][74.541s][info][gc,task     ] GC(78) Using 6 of 6 workers for final reference update
[2026-04-03T02:31:44.682+0600][74.541s][info][gc          ] GC(78) Pause Final Update Refs 0.223ms
[2026-04-03T02:31:44.682+0600][74.541s][info][gc,start    ] GC(78) Concurrent cleanup
[2026-04-03T02:31:44.682+0600][74.542s][info][gc          ] GC(78) Concurrent cleanup 424M->218M(1018M) 0.485ms
[2026-04-03T02:31:44.683+0600][74.542s][info][gc,ergo     ] Free: 953M, Max: 512K regular, 418M humongous, Frag: 57% external, 0% internal; Reserve: 64000K, Max: 512K
[2026-04-03T02:31:44.683+0600][74.542s][info][gc,stats    ] 
[2026-04-03T02:31:44.683+0600][74.542s][info][gc,stats    ] All times are wall-clock times, except per-root-class counters, that are sum over
[2026-04-03T02:31:44.683+0600][74.542s][info][gc,stats    ] all workers. Dividing the <total> over the root stage time estimates parallelism.
[2026-04-03T02:31:44.683+0600][74.542s][info][gc,stats    ] 
[2026-04-03T02:31:44.683+0600][74.542s][info][gc,stats    ] Concurrent Reset                   4814 us
[2026-04-03T02:31:44.683+0600][74.542s][info][gc,stats    ] Pause Init Mark (G)                 495 us
[2026-04-03T02:31:44.683+0600][74.542s][info][gc,stats    ] Pause Init Mark (N)                 174 us
[2026-04-03T02:31:44.683+0600][74.542s][info][gc,stats    ]   Update Region States               38 us
[2026-04-03T02:31:44.683+0600][74.542s][info][gc,stats    ] Concurrent Mark Roots              2165 us, parallelism: 2.14x
[2026-04-03T02:31:44.683+0600][74.542s][info][gc,stats    ]   CMR: <total>                     4641 us
[2026-04-03T02:31:44.683+0600][74.542s][info][gc,stats    ]   CMR: Thread Roots                4027 us, workers (us): 1080, 1627, 1320, ---, ---, ---, 
[2026-04-03T02:31:44.683+0600][74.542s][info][gc,stats    ]   CMR: VM Strong Roots               72 us, workers (us):  40,  32,   1, ---, ---, ---, 
[2026-04-03T02:31:44.683+0600][74.542s][info][gc,stats    ]   CMR: CLDG Roots                   542 us, workers (us): 542, ---, ---, ---, ---, ---, 
[2026-04-03T02:31:44.683+0600][74.542s][info][gc,stats    ] Concurrent Marking                64000 us
[2026-04-03T02:31:44.683+0600][74.542s][info][gc,stats    ] Pause Final Mark (G)               1449 us
[2026-04-03T02:31:44.683+0600][74.542s][info][gc,stats    ] Pause Final Mark (N)               1032 us
[2026-04-03T02:31:44.683+0600][74.542s][info][gc,stats    ]   Finish Mark                       254 us
[2026-04-03T02:31:44.683+0600][74.542s][info][gc,stats    ]   Update Region States               55 us
[2026-04-03T02:31:44.683+0600][74.542s][info][gc,stats    ]   Choose Collection Set             455 us
[2026-04-03T02:31:44.683+0600][74.542s][info][gc,stats    ]   Rebuild Free Set                   69 us
[2026-04-03T02:31:44.683+0600][74.542s][info][gc,stats    ] Concurrent Thread Roots            1733 us, parallelism: 1.86x
[2026-04-03T02:31:44.683+0600][74.542s][info][gc,stats    ]   CTR: <total>                     3229 us
[2026-04-03T02:31:44.683+0600][74.542s][info][gc,stats    ]   CTR: Thread Roots                3229 us, workers (us): 1515, 1542, 172, ---, ---, ---, 
[2026-04-03T02:31:44.683+0600][74.542s][info][gc,stats    ] Concurrent Weak References         1219 us, parallelism: 1.22x
[2026-04-03T02:31:44.683+0600][74.542s][info][gc,stats    ]   CWRF: <total>                    1484 us
[2026-04-03T02:31:44.683+0600][74.542s][info][gc,stats    ]   CWRF: Weak References            1484 us, workers (us): 1081, 403,   0, ---, ---, ---, 
[2026-04-03T02:31:44.683+0600][74.542s][info][gc,stats    ] Concurrent Weak Roots              7026 us
[2026-04-03T02:31:44.683+0600][74.542s][info][gc,stats    ]   Roots                            6481 us, parallelism: 2.64x
[2026-04-03T02:31:44.683+0600][74.542s][info][gc,stats    ]     CWR: <total>                  17130 us
[2026-04-03T02:31:44.683+0600][74.542s][info][gc,stats    ]     CWR: Code Cache Roots         13467 us, workers (us): 4271, 4659, 4536, ---, ---, ---, 
[2026-04-03T02:31:44.683+0600][74.542s][info][gc,stats    ]     CWR: VM Weak Roots             3419 us, workers (us): 1524, 987, 908, ---, ---, ---, 
[2026-04-03T02:31:44.683+0600][74.542s][info][gc,stats    ]     CWR: CLDG Roots                 244 us, workers (us): 244, ---, ---, ---, ---, ---, 
[2026-04-03T02:31:44.683+0600][74.542s][info][gc,stats    ]   Rendezvous                        389 us
[2026-04-03T02:31:44.683+0600][74.542s][info][gc,stats    ] Concurrent Cleanup                  916 us
[2026-04-03T02:31:44.683+0600][74.542s][info][gc,stats    ] Concurrent Class Unloading        19600 us
[2026-04-03T02:31:44.683+0600][74.542s][info][gc,stats    ]   Unlink Stale                    17628 us
[2026-04-03T02:31:44.683+0600][74.542s][info][gc,stats    ]     System Dictionary               282 us
[2026-04-03T02:31:44.683+0600][74.542s][info][gc,stats    ]     Weak Class Links                  1 us
[2026-04-03T02:31:44.683+0600][74.542s][info][gc,stats    ]     Code Roots                    17342 us
[2026-04-03T02:31:44.683+0600][74.542s][info][gc,stats    ]   Rendezvous                        457 us
[2026-04-03T02:31:44.683+0600][74.542s][info][gc,stats    ]   Purge Unlinked                   1360 us
[2026-04-03T02:31:44.683+0600][74.542s][info][gc,stats    ]     Code Roots                     1347 us
[2026-04-03T02:31:44.683+0600][74.542s][info][gc,stats    ]     CLDG                             12 us
[2026-04-03T02:31:44.683+0600][74.542s][info][gc,stats    ]     Exception Caches                  0 us
[2026-04-03T02:31:44.683+0600][74.542s][info][gc,stats    ] Concurrent Strong Roots            1921 us, parallelism: 0.73x
[2026-04-03T02:31:44.683+0600][74.542s][info][gc,stats    ]   CSR: <total>                     1401 us
[2026-04-03T02:31:44.683+0600][74.542s][info][gc,stats    ]   CSR: VM Strong Roots               51 us, workers (us):  39,  11,   0, ---, ---, ---, 
[2026-04-03T02:31:44.683+0600][74.542s][info][gc,stats    ]   CSR: CLDG Roots                  1350 us, workers (us): 1350, ---, ---, ---, ---, ---, 
[2026-04-03T02:31:44.683+0600][74.542s][info][gc,stats    ] Concurrent Evacuation              8583 us
[2026-04-03T02:31:44.683+0600][74.542s][info][gc,stats    ] Pause Init Update Refs (G)          541 us
[2026-04-03T02:31:44.683+0600][74.542s][info][gc,stats    ] Pause Init Update Refs (N)          217 us
[2026-04-03T02:31:44.683+0600][74.542s][info][gc,stats    ]   Manage GCLABs                      48 us
[2026-04-03T02:31:44.683+0600][74.542s][info][gc,stats    ] Concurrent Update Refs            46812 us
[2026-04-03T02:31:44.683+0600][74.542s][info][gc,stats    ] Concurrent Update Thread Roots     1695 us
[2026-04-03T02:31:44.683+0600][74.542s][info][gc,stats    ] Pause Final Update Refs (G)         483 us
[2026-04-03T02:31:44.683+0600][74.542s][info][gc,stats    ] Pause Final Update Refs (N)         238 us
[2026-04-03T02:31:44.683+0600][74.542s][info][gc,stats    ]   Update Region States               47 us
[2026-04-03T02:31:44.683+0600][74.542s][info][gc,stats    ]   Trash Collection Set               18 us
[2026-04-03T02:31:44.683+0600][74.542s][info][gc,stats    ]   Rebuild Free Set                   40 us
[2026-04-03T02:31:44.683+0600][74.542s][info][gc,stats    ] Concurrent Cleanup                  512 us
[2026-04-03T02:31:44.683+0600][74.542s][info][gc,stats    ] Pacing                           154217 us
[2026-04-03T02:31:44.683+0600][74.542s][info][gc,stats    ] 
[2026-04-03T02:31:44.683+0600][74.542s][info][gc,stats    ] Allocation pacing accrued:
[2026-04-03T02:31:44.683+0600][74.542s][info][gc,stats    ]      15 of   950 ms (  1.6%): Executor task launch worker for task 6.0 in stage 3213.0 (TID 6007)
[2026-04-03T02:31:44.683+0600][74.542s][info][gc,stats    ]      17 of   950 ms (  1.8%): Executor task launch worker for task 4.0 in stage 3213.0 (TID 6005)
[2026-04-03T02:31:44.683+0600][74.542s][info][gc,stats    ]      21 of   950 ms (  2.2%): Executor task launch worker for task 7.0 in stage 3213.0 (TID 6008)
[2026-04-03T02:31:44.683+0600][74.542s][info][gc,stats    ]      19 of   950 ms (  2.0%): Executor task launch worker for task 0.0 in stage 3213.0 (TID 6001)
[2026-04-03T02:31:44.683+0600][74.542s][info][gc,stats    ]      22 of   950 ms (  2.4%): Executor task launch worker for task 1.0 in stage 3213.0 (TID 6002)
[2026-04-03T02:31:44.683+0600][74.542s][info][gc,stats    ]      15 of   950 ms (  1.6%): Executor task launch worker for task 5.0 in stage 3213.0 (TID 6006)
[2026-04-03T02:31:44.683+0600][74.542s][info][gc,stats    ]      22 of   950 ms (  2.4%): Executor task launch worker for task 2.0 in stage 3213.0 (TID 6003)
[2026-04-03T02:31:44.683+0600][74.542s][info][gc,stats    ]      22 of   950 ms (  2.3%): Executor task launch worker for task 3.0 in stage 3213.0 (TID 6004)
[2026-04-03T02:31:44.683+0600][74.542s][info][gc,stats    ]     154 of   950 ms ( 16.2%): <total>
[2026-04-03T02:31:44.683+0600][74.542s][info][gc,stats    ]       1 of   950 ms (  0.1%): <average total>
[2026-04-03T02:31:44.683+0600][74.542s][info][gc,stats    ]      19 of   950 ms (  2.0%): <average non-zero>
[2026-04-03T02:31:44.683+0600][74.542s][info][gc,stats    ] 
[2026-04-03T02:31:44.683+0600][74.542s][info][gc,metaspace] Metaspace: 131304K(132800K)->131309K(132800K) NonClass: 114861K(115648K)->114866K(115648K) Class: 16443K(17152K)->16443K(17152K)
[2026-04-03T02:31:44.683+0600][74.543s][info][gc,ergo     ] Pacer for Idle. Initial: 25600K, Alloc Tax Rate: 1.0x
[2026-04-03T02:31:45.368+0600][75.227s][info][gc          ] Trigger: Average GC time (183.81 ms) is above the time for average allocation rate (1012 MB/s) to deplete free headroom (182M) (margin of error = 1.91)
[2026-04-03T02:31:45.368+0600][75.227s][info][gc,ergo     ] Free headroom: 245M (free) - 64000K (spike) - 0B (penalties) = 182M
[2026-04-03T02:31:45.368+0600][75.227s][info][gc,ergo     ] Free: 245M, Max: 512K regular, 178M humongous, Frag: 27% external, 0% internal; Reserve: 64000K, Max: 512K
[2026-04-03T02:31:45.368+0600][75.227s][info][gc,start    ] GC(79) Concurrent reset
[2026-04-03T02:31:45.368+0600][75.227s][info][gc,task     ] GC(79) Using 3 of 6 workers for concurrent reset
[2026-04-03T02:31:45.368+0600][75.227s][info][gc,ergo     ] GC(79) Pacer for Reset. Non-Taxable: 1250M
[2026-04-03T02:31:45.371+0600][75.230s][info][gc          ] GC(79) Concurrent reset 2.516ms
[2026-04-03T02:31:45.371+0600][75.230s][info][gc,start    ] GC(79) Pause Init Mark (unload classes)
[2026-04-03T02:31:45.371+0600][75.230s][info][gc,task     ] GC(79) Using 6 of 6 workers for init marking
[2026-04-03T02:31:45.371+0600][75.230s][info][gc,ergo     ] GC(79) Pacer for Mark. Expected Live: 93851K, Free: 244M, Non-Taxable: 25023K, Alloc Tax Rate: 0.5x
[2026-04-03T02:31:45.371+0600][75.230s][info][gc          ] GC(79) Pause Init Mark (unload classes) 0.098ms
[2026-04-03T02:31:45.371+0600][75.230s][info][gc,start    ] GC(79) Concurrent marking roots
[2026-04-03T02:31:45.371+0600][75.230s][info][gc,task     ] GC(79) Using 3 of 6 workers for concurrent marking roots
[2026-04-03T02:31:45.372+0600][75.232s][info][gc          ] GC(79) Concurrent marking roots 1.321ms
[2026-04-03T02:31:45.372+0600][75.232s][info][gc,start    ] GC(79) Concurrent marking (unload classes)
[2026-04-03T02:31:45.372+0600][75.232s][info][gc,task     ] GC(79) Using 3 of 6 workers for concurrent marking
[2026-04-03T02:31:45.419+0600][75.278s][info][gc          ] GC(79) Concurrent marking (unload classes) 46.092ms
[2026-04-03T02:31:45.419+0600][75.278s][info][gc,start    ] GC(79) Pause Final Mark (unload classes)
[2026-04-03T02:31:45.419+0600][75.278s][info][gc,task     ] GC(79) Using 6 of 6 workers for final marking
[2026-04-03T02:31:45.419+0600][75.278s][info][gc,ergo     ] GC(79) Adaptive CSet Selection. Target Free: 177M, Actual Free: 899M, Max CSet: 53333K, Min Garbage: 0B
[2026-04-03T02:31:45.419+0600][75.279s][info][gc,ergo     ] GC(79) Collectable Garbage: 774M (98%), Immediate: 612M (78%), CSet: 161M (20%)
[2026-04-03T02:31:45.419+0600][75.279s][info][gc,ergo     ] GC(79) Pacer for Evacuation. Used CSet: 166M, Free: 904M, Non-Taxable: 92649K, Alloc Tax Rate: 1.1x
[2026-04-03T02:31:45.419+0600][75.279s][info][gc          ] GC(79) Pause Final Mark (unload classes) 0.591ms
[2026-04-03T02:31:45.419+0600][75.279s][info][gc,start    ] GC(79) Concurrent thread roots
[2026-04-03T02:31:45.420+0600][75.279s][info][gc,task     ] GC(79) Using 3 of 6 workers for Concurrent thread roots
[2026-04-03T02:31:45.420+0600][75.280s][info][gc          ] GC(79) Concurrent thread roots 0.989ms
[2026-04-03T02:31:45.421+0600][75.280s][info][gc,start    ] GC(79) Concurrent weak references
[2026-04-03T02:31:45.421+0600][75.280s][info][gc,task     ] GC(79) Using 3 of 6 workers for concurrent weak references
[2026-04-03T02:31:45.422+0600][75.281s][info][gc,ref      ] GC(79) Encountered references: Soft: 3784, Weak: 16775, Final: 84, Phantom: 621
[2026-04-03T02:31:45.422+0600][75.281s][info][gc,ref      ] GC(79) Discovered  references: Soft: 0, Weak: 11282, Final: 48, Phantom: 617
[2026-04-03T02:31:45.422+0600][75.281s][info][gc,ref      ] GC(79) Enqueued    references: Soft: 0, Weak: 2149, Final: 0, Phantom: 0
[2026-04-03T02:31:45.422+0600][75.281s][info][gc          ] GC(79) Concurrent weak references 1.079ms
[2026-04-03T02:31:45.422+0600][75.281s][info][gc,start    ] GC(79) Concurrent weak roots
[2026-04-03T02:31:45.422+0600][75.281s][info][gc,task     ] GC(79) Using 3 of 6 workers for concurrent weak root
[2026-04-03T02:31:45.427+0600][75.286s][info][gc          ] GC(79) Concurrent weak roots 4.955ms
[2026-04-03T02:31:45.427+0600][75.286s][info][gc,start    ] GC(79) Concurrent cleanup
[2026-04-03T02:31:45.427+0600][75.287s][info][gc          ] GC(79) Concurrent cleanup 893M->281M(1018M) 0.748ms
[2026-04-03T02:31:45.427+0600][75.287s][info][gc,ergo     ] GC(79) Free: 902M, Max: 512K regular, 178M humongous, Frag: 81% external, 0% internal; Reserve: 63561K, Max: 512K
[2026-04-03T02:31:45.427+0600][75.287s][info][gc,start    ] GC(79) Concurrent class unloading
[2026-04-03T02:31:45.427+0600][75.287s][info][gc,task     ] GC(79) Using 3 of 6 workers for concurrent class unloading
[2026-04-03T02:31:45.446+0600][75.305s][info][gc          ] GC(79) Concurrent class unloading 18.618ms
[2026-04-03T02:31:45.446+0600][75.305s][info][gc,start    ] GC(79) Concurrent strong roots
[2026-04-03T02:31:45.446+0600][75.306s][info][gc,task     ] GC(79) Using 3 of 6 workers for concurrent strong root
[2026-04-03T02:31:45.448+0600][75.307s][info][gc          ] GC(79) Concurrent strong roots 1.837ms
[2026-04-03T02:31:45.448+0600][75.307s][info][gc,start    ] GC(79) Concurrent evacuation
[2026-04-03T02:31:45.448+0600][75.307s][info][gc,task     ] GC(79) Using 3 of 6 workers for concurrent evacuation
[2026-04-03T02:31:45.451+0600][75.311s][info][gc          ] GC(79) Concurrent evacuation 3.224ms
[2026-04-03T02:31:45.452+0600][75.311s][info][gc,start    ] GC(79) Pause Init Update Refs
[2026-04-03T02:31:45.452+0600][75.311s][info][gc,ergo     ] GC(79) Pacer for Update Refs. Used: 295M, Free: 893M, Non-Taxable: 91507K, Alloc Tax Rate: 1.1x
[2026-04-03T02:31:45.452+0600][75.311s][info][gc          ] GC(79) Pause Init Update Refs 0.144ms
[2026-04-03T02:31:45.452+0600][75.311s][info][gc,start    ] GC(79) Concurrent update references
[2026-04-03T02:31:45.452+0600][75.311s][info][gc,task     ] GC(79) Using 3 of 6 workers for concurrent reference update
[2026-04-03T02:31:45.489+0600][75.348s][info][gc          ] GC(79) Concurrent update references 36.811ms
[2026-04-03T02:31:45.489+0600][75.348s][info][gc,start    ] GC(79) Concurrent update thread roots
[2026-04-03T02:31:45.490+0600][75.349s][info][gc          ] GC(79) Concurrent update thread roots 1.214ms
[2026-04-03T02:31:45.490+0600][75.350s][info][gc,start    ] GC(79) Pause Final Update Refs
[2026-04-03T02:31:45.490+0600][75.350s][info][gc,task     ] GC(79) Using 6 of 6 workers for final reference update
[2026-04-03T02:31:45.490+0600][75.350s][info][gc          ] GC(79) Pause Final Update Refs 0.198ms
[2026-04-03T02:31:45.491+0600][75.350s][info][gc,start    ] GC(79) Concurrent cleanup
[2026-04-03T02:31:45.491+0600][75.350s][info][gc          ] GC(79) Concurrent cleanup 319M->152M(1018M) 0.504ms
[2026-04-03T02:31:45.491+0600][75.350s][info][gc,ergo     ] Free: 1029M, Max: 512K regular, 485M humongous, Frag: 53% external, 0% internal; Reserve: 64000K, Max: 512K
[2026-04-03T02:31:45.491+0600][75.350s][info][gc,stats    ] 
[2026-04-03T02:31:45.491+0600][75.350s][info][gc,stats    ] All times are wall-clock times, except per-root-class counters, that are sum over
[2026-04-03T02:31:45.491+0600][75.350s][info][gc,stats    ] all workers. Dividing the <total> over the root stage time estimates parallelism.
[2026-04-03T02:31:45.491+0600][75.350s][info][gc,stats    ] 
[2026-04-03T02:31:45.491+0600][75.350s][info][gc,stats    ] Concurrent Reset                   2578 us
[2026-04-03T02:31:45.491+0600][75.350s][info][gc,stats    ] Pause Init Mark (G)                 380 us
[2026-04-03T02:31:45.491+0600][75.350s][info][gc,stats    ] Pause Init Mark (N)                 105 us
[2026-04-03T02:31:45.491+0600][75.350s][info][gc,stats    ]   Update Region States               19 us
[2026-04-03T02:31:45.491+0600][75.351s][info][gc,stats    ] Concurrent Mark Roots              1359 us, parallelism: 1.78x
[2026-04-03T02:31:45.491+0600][75.351s][info][gc,stats    ]   CMR: <total>                     2419 us
[2026-04-03T02:31:45.491+0600][75.351s][info][gc,stats    ]   CMR: Thread Roots                2114 us, workers (us): 537, 797, 780, ---, ---, ---, 
[2026-04-03T02:31:45.491+0600][75.351s][info][gc,stats    ]   CMR: VM Strong Roots               38 us, workers (us):  36,   1,   1, ---, ---, ---, 
[2026-04-03T02:31:45.491+0600][75.351s][info][gc,stats    ]   CMR: CLDG Roots                   268 us, workers (us): 268, ---, ---, ---, ---, ---, 
[2026-04-03T02:31:45.491+0600][75.351s][info][gc,stats    ] Concurrent Marking                46169 us
[2026-04-03T02:31:45.491+0600][75.351s][info][gc,stats    ] Pause Final Mark (G)                850 us
[2026-04-03T02:31:45.491+0600][75.351s][info][gc,stats    ] Pause Final Mark (N)                601 us
[2026-04-03T02:31:45.491+0600][75.351s][info][gc,stats    ]   Finish Mark                       186 us
[2026-04-03T02:31:45.491+0600][75.351s][info][gc,stats    ]   Update Region States               48 us
[2026-04-03T02:31:45.491+0600][75.351s][info][gc,stats    ]   Choose Collection Set             182 us
[2026-04-03T02:31:45.491+0600][75.351s][info][gc,stats    ]   Rebuild Free Set                   32 us
[2026-04-03T02:31:45.491+0600][75.351s][info][gc,stats    ] Concurrent Thread Roots            1035 us, parallelism: 1.99x
[2026-04-03T02:31:45.491+0600][75.351s][info][gc,stats    ]   CTR: <total>                     2064 us
[2026-04-03T02:31:45.491+0600][75.351s][info][gc,stats    ]   CTR: Thread Roots                2064 us, workers (us): 704, 710, 650, ---, ---, ---, 
[2026-04-03T02:31:45.491+0600][75.351s][info][gc,stats    ] Concurrent Weak References         1089 us, parallelism: 1.27x
[2026-04-03T02:31:45.491+0600][75.351s][info][gc,stats    ]   CWRF: <total>                    1380 us
[2026-04-03T02:31:45.491+0600][75.351s][info][gc,stats    ]   CWRF: Weak References            1380 us, workers (us): 568, 781,  31, ---, ---, ---, 
[2026-04-03T02:31:45.491+0600][75.351s][info][gc,stats    ] Concurrent Weak Roots              5041 us
[2026-04-03T02:31:45.491+0600][75.351s][info][gc,stats    ]   Roots                            4551 us, parallelism: 2.63x
[2026-04-03T02:31:45.491+0600][75.351s][info][gc,stats    ]     CWR: <total>                  11971 us
[2026-04-03T02:31:45.491+0600][75.351s][info][gc,stats    ]     CWR: Code Cache Roots          9640 us, workers (us): 3225, 3220, 3195, ---, ---, ---, 
[2026-04-03T02:31:45.491+0600][75.351s][info][gc,stats    ]     CWR: VM Weak Roots             2153 us, workers (us): 736, 705, 711, ---, ---, ---, 
[2026-04-03T02:31:45.491+0600][75.351s][info][gc,stats    ]     CWR: CLDG Roots                 179 us, workers (us): ---, 179, ---, ---, ---, ---, 
[2026-04-03T02:31:45.491+0600][75.351s][info][gc,stats    ]   Rendezvous                        381 us
[2026-04-03T02:31:45.491+0600][75.351s][info][gc,stats    ] Concurrent Cleanup                  766 us
[2026-04-03T02:31:45.491+0600][75.351s][info][gc,stats    ] Concurrent Class Unloading        18703 us
[2026-04-03T02:31:45.491+0600][75.351s][info][gc,stats    ]   Unlink Stale                    16203 us
[2026-04-03T02:31:45.491+0600][75.351s][info][gc,stats    ]     System Dictionary               253 us
[2026-04-03T02:31:45.491+0600][75.351s][info][gc,stats    ]     Weak Class Links                  0 us
[2026-04-03T02:31:45.491+0600][75.351s][info][gc,stats    ]     Code Roots                    15946 us
[2026-04-03T02:31:45.491+0600][75.351s][info][gc,stats    ]   Rendezvous                        294 us
[2026-04-03T02:31:45.491+0600][75.351s][info][gc,stats    ]   Purge Unlinked                   2094 us
[2026-04-03T02:31:45.491+0600][75.351s][info][gc,stats    ]     Code Roots                     2076 us
[2026-04-03T02:31:45.491+0600][75.351s][info][gc,stats    ]     CLDG                             17 us
[2026-04-03T02:31:45.491+0600][75.351s][info][gc,stats    ]     Exception Caches                  1 us
[2026-04-03T02:31:45.491+0600][75.351s][info][gc,stats    ] Concurrent Strong Roots            1897 us, parallelism: 0.76x
[2026-04-03T02:31:45.491+0600][75.351s][info][gc,stats    ]   CSR: <total>                     1448 us
[2026-04-03T02:31:45.491+0600][75.351s][info][gc,stats    ]   CSR: VM Strong Roots               48 us, workers (us):  45,   1,   1, ---, ---, ---, 
[2026-04-03T02:31:45.491+0600][75.351s][info][gc,stats    ]   CSR: CLDG Roots                  1401 us, workers (us): 1401, ---, ---, ---, ---, ---, 
[2026-04-03T02:31:45.491+0600][75.351s][info][gc,stats    ] Concurrent Evacuation              3325 us
[2026-04-03T02:31:45.491+0600][75.351s][info][gc,stats    ] Pause Init Update Refs (G)          428 us
[2026-04-03T02:31:45.491+0600][75.351s][info][gc,stats    ] Pause Init Update Refs (N)          181 us
[2026-04-03T02:31:45.491+0600][75.351s][info][gc,stats    ]   Manage GCLABs                      48 us
[2026-04-03T02:31:45.491+0600][75.351s][info][gc,stats    ] Concurrent Update Refs            36912 us
[2026-04-03T02:31:45.491+0600][75.351s][info][gc,stats    ] Concurrent Update Thread Roots     1284 us
[2026-04-03T02:31:45.492+0600][75.351s][info][gc,stats    ] Pause Final Update Refs (G)         527 us
[2026-04-03T02:31:45.492+0600][75.351s][info][gc,stats    ] Pause Final Update Refs (N)         210 us
[2026-04-03T02:31:45.492+0600][75.351s][info][gc,stats    ]   Update Region States               44 us
[2026-04-03T02:31:45.492+0600][75.351s][info][gc,stats    ]   Trash Collection Set               16 us
[2026-04-03T02:31:45.492+0600][75.351s][info][gc,stats    ]   Rebuild Free Set                   38 us
[2026-04-03T02:31:45.492+0600][75.351s][info][gc,stats    ] Concurrent Cleanup                  525 us
[2026-04-03T02:31:45.492+0600][75.351s][info][gc,stats    ] 
[2026-04-03T02:31:45.492+0600][75.351s][info][gc,stats    ] Allocation pacing accrued:
[2026-04-03T02:31:45.492+0600][75.351s][info][gc,stats    ]       0 of   808 ms (  0.0%): <total>
[2026-04-03T02:31:45.492+0600][75.351s][info][gc,stats    ]       0 of   808 ms (  0.0%): <average total>
[2026-04-03T02:31:45.492+0600][75.351s][info][gc,stats    ] 
[2026-04-03T02:31:45.492+0600][75.351s][info][gc,metaspace] Metaspace: 131381K(132800K)->131381K(132800K) NonClass: 114928K(115648K)->114928K(115648K) Class: 16453K(17152K)->16453K(17152K)
[2026-04-03T02:31:45.492+0600][75.351s][info][gc,ergo     ] Pacer for Idle. Initial: 25600K, Alloc Tax Rate: 1.0x
[2026-04-03T02:31:45.594+0600][75.453s][info][gc          ] Trigger: Average GC time (178.84 ms) is above the time for average allocation rate (3837 MB/s) to deplete free headroom (268M) (margin of error = 1.90)
[2026-04-03T02:31:45.594+0600][75.453s][info][gc,ergo     ] Free headroom: 330M (free) - 64000K (spike) - 0B (penalties) = 268M
[2026-04-03T02:31:45.594+0600][75.453s][info][gc,ergo     ] Free: 330M, Max: 512K regular, 180M humongous, Frag: 46% external, 0% internal; Reserve: 64000K, Max: 512K
[2026-04-03T02:31:45.594+0600][75.453s][info][gc,start    ] GC(80) Concurrent reset
[2026-04-03T02:31:45.594+0600][75.453s][info][gc,task     ] GC(80) Using 3 of 6 workers for concurrent reset
[2026-04-03T02:31:45.594+0600][75.453s][info][gc,ergo     ] GC(80) Pacer for Reset. Non-Taxable: 1250M
[2026-04-03T02:31:45.596+0600][75.455s][info][gc          ] GC(80) Concurrent reset 2.121ms
[2026-04-03T02:31:45.596+0600][75.456s][info][gc,start    ] GC(80) Pause Init Mark (unload classes)
[2026-04-03T02:31:45.596+0600][75.456s][info][gc,task     ] GC(80) Using 6 of 6 workers for init marking
[2026-04-03T02:31:45.596+0600][75.456s][info][gc,ergo     ] GC(80) Pacer for Mark. Expected Live: 94574K, Free: 327M, Non-Taxable: 33551K, Alloc Tax Rate: 0.3x
[2026-04-03T02:31:45.596+0600][75.456s][info][gc          ] GC(80) Pause Init Mark (unload classes) 0.120ms
[2026-04-03T02:31:45.596+0600][75.456s][info][gc,start    ] GC(80) Concurrent marking roots
[2026-04-03T02:31:45.597+0600][75.456s][info][gc,task     ] GC(80) Using 3 of 6 workers for concurrent marking roots
[2026-04-03T02:31:45.598+0600][75.457s][info][gc          ] GC(80) Concurrent marking roots 1.231ms
[2026-04-03T02:31:45.598+0600][75.457s][info][gc,start    ] GC(80) Concurrent marking (unload classes)
[2026-04-03T02:31:45.598+0600][75.457s][info][gc,task     ] GC(80) Using 3 of 6 workers for concurrent marking
[2026-04-03T02:31:45.649+0600][75.508s][info][gc          ] GC(80) Concurrent marking (unload classes) 50.831ms
[2026-04-03T02:31:45.649+0600][75.508s][info][gc,start    ] GC(80) Pause Final Mark (unload classes)
[2026-04-03T02:31:45.649+0600][75.508s][info][gc,task     ] GC(80) Using 6 of 6 workers for final marking
[2026-04-03T02:31:45.649+0600][75.508s][info][gc,ergo     ] GC(80) Adaptive CSet Selection. Target Free: 177M, Actual Free: 959M, Max CSet: 53333K, Min Garbage: 0B
[2026-04-03T02:31:45.649+0600][75.509s][info][gc,ergo     ] GC(80) Collectable Garbage: 682M (98%), Immediate: 621M (89%), CSet: 62701K (8%)
[2026-04-03T02:31:45.649+0600][75.509s][info][gc,ergo     ] GC(80) Pacer for Evacuation. Used CSet: 67015K, Free: 976M, Non-Taxable: 99962K, Alloc Tax Rate: 1.1x
[2026-04-03T02:31:45.649+0600][75.509s][info][gc          ] GC(80) Pause Final Mark (unload classes) 0.627ms
[2026-04-03T02:31:45.649+0600][75.509s][info][gc,start    ] GC(80) Concurrent thread roots
[2026-04-03T02:31:45.649+0600][75.509s][info][gc,task     ] GC(80) Using 3 of 6 workers for Concurrent thread roots
[2026-04-03T02:31:45.651+0600][75.510s][info][gc          ] GC(80) Concurrent thread roots 1.237ms
[2026-04-03T02:31:45.651+0600][75.510s][info][gc,start    ] GC(80) Concurrent weak references
[2026-04-03T02:31:45.651+0600][75.510s][info][gc,task     ] GC(80) Using 3 of 6 workers for concurrent weak references
[2026-04-03T02:31:45.652+0600][75.511s][info][gc,ref      ] GC(80) Encountered references: Soft: 3784, Weak: 15032, Final: 84, Phantom: 621
[2026-04-03T02:31:45.652+0600][75.511s][info][gc,ref      ] GC(80) Discovered  references: Soft: 0, Weak: 7576, Final: 0, Phantom: 616
[2026-04-03T02:31:45.652+0600][75.511s][info][gc,ref      ] GC(80) Enqueued    references: Soft: 0, Weak: 386, Final: 0, Phantom: 0
[2026-04-03T02:31:45.652+0600][75.511s][info][gc          ] GC(80) Concurrent weak references 1.298ms
[2026-04-03T02:31:45.652+0600][75.511s][info][gc,start    ] GC(80) Concurrent weak roots
[2026-04-03T02:31:45.652+0600][75.511s][info][gc,task     ] GC(80) Using 3 of 6 workers for concurrent weak root
[2026-04-03T02:31:45.657+0600][75.516s][info][gc          ] GC(80) Concurrent weak roots 4.523ms
[2026-04-03T02:31:45.657+0600][75.516s][info][gc,start    ] GC(80) Concurrent cleanup
[2026-04-03T02:31:45.657+0600][75.517s][info][gc          ] GC(80) Concurrent cleanup 837M->216M(1018M) 0.638ms
[2026-04-03T02:31:45.657+0600][75.517s][info][gc,ergo     ] GC(80) Free: 964M, Max: 512K regular, 271M humongous, Frag: 72% external, 0% internal; Reserve: 63526K, Max: 512K
[2026-04-03T02:31:45.657+0600][75.517s][info][gc,start    ] GC(80) Concurrent class unloading
[2026-04-03T02:31:45.657+0600][75.517s][info][gc,task     ] GC(80) Using 3 of 6 workers for concurrent class unloading
[2026-04-03T02:31:45.672+0600][75.531s][info][gc          ] GC(80) Concurrent class unloading 14.540ms
[2026-04-03T02:31:45.672+0600][75.531s][info][gc,start    ] GC(80) Concurrent strong roots
[2026-04-03T02:31:45.672+0600][75.531s][info][gc,task     ] GC(80) Using 3 of 6 workers for concurrent strong root
[2026-04-03T02:31:45.673+0600][75.533s][info][gc          ] GC(80) Concurrent strong roots 1.279ms
[2026-04-03T02:31:45.673+0600][75.533s][info][gc,start    ] GC(80) Concurrent evacuation
[2026-04-03T02:31:45.673+0600][75.533s][info][gc,task     ] GC(80) Using 3 of 6 workers for concurrent evacuation
[2026-04-03T02:31:45.675+0600][75.534s][info][gc          ] GC(80) Concurrent evacuation 1.693ms
[2026-04-03T02:31:45.675+0600][75.535s][info][gc,start    ] GC(80) Pause Init Update Refs
[2026-04-03T02:31:45.675+0600][75.535s][info][gc,ergo     ] GC(80) Pacer for Update Refs. Used: 226M, Free: 959M, Non-Taxable: 98222K, Alloc Tax Rate: 1.1x
[2026-04-03T02:31:45.675+0600][75.535s][info][gc          ] GC(80) Pause Init Update Refs 0.108ms
[2026-04-03T02:31:45.676+0600][75.535s][info][gc,start    ] GC(80) Concurrent update references
[2026-04-03T02:31:45.676+0600][75.535s][info][gc,task     ] GC(80) Using 3 of 6 workers for concurrent reference update
[2026-04-03T02:31:45.719+0600][75.579s][info][gc          ] GC(80) Concurrent update references 43.943ms
[2026-04-03T02:31:45.720+0600][75.579s][info][gc,start    ] GC(80) Concurrent update thread roots
[2026-04-03T02:31:45.721+0600][75.581s][info][gc          ] GC(80) Concurrent update thread roots 1.640ms
[2026-04-03T02:31:45.721+0600][75.581s][info][gc,start    ] GC(80) Pause Final Update Refs
[2026-04-03T02:31:45.721+0600][75.581s][info][gc,task     ] GC(80) Using 6 of 6 workers for final reference update
[2026-04-03T02:31:45.721+0600][75.581s][info][gc          ] GC(80) Pause Final Update Refs 0.153ms
[2026-04-03T02:31:45.722+0600][75.581s][info][gc,start    ] GC(80) Concurrent cleanup
[2026-04-03T02:31:45.722+0600][75.581s][info][gc          ] GC(80) Concurrent cleanup 260M->194M(1018M) 0.208ms
[2026-04-03T02:31:45.722+0600][75.581s][info][gc,ergo     ] Free: 981M, Max: 512K regular, 382M humongous, Frag: 62% external, 0% internal; Reserve: 64000K, Max: 512K
[2026-04-03T02:31:45.722+0600][75.581s][info][gc,stats    ] 
[2026-04-03T02:31:45.722+0600][75.581s][info][gc,stats    ] All times are wall-clock times, except per-root-class counters, that are sum over
[2026-04-03T02:31:45.722+0600][75.581s][info][gc,stats    ] all workers. Dividing the <total> over the root stage time estimates parallelism.
[2026-04-03T02:31:45.722+0600][75.581s][info][gc,stats    ] 
[2026-04-03T02:31:45.722+0600][75.581s][info][gc,stats    ] Concurrent Reset                   2176 us
[2026-04-03T02:31:45.722+0600][75.581s][info][gc,stats    ] Pause Init Mark (G)                 367 us
[2026-04-03T02:31:45.722+0600][75.581s][info][gc,stats    ] Pause Init Mark (N)                 129 us
[2026-04-03T02:31:45.722+0600][75.581s][info][gc,stats    ]   Update Region States               28 us
[2026-04-03T02:31:45.722+0600][75.581s][info][gc,stats    ] Concurrent Mark Roots              1261 us, parallelism: 1.83x
[2026-04-03T02:31:45.722+0600][75.581s][info][gc,stats    ]   CMR: <total>                     2313 us
[2026-04-03T02:31:45.722+0600][75.581s][info][gc,stats    ]   CMR: Thread Roots                1866 us, workers (us): 355, 759, 752, ---, ---, ---, 
[2026-04-03T02:31:45.722+0600][75.581s][info][gc,stats    ]   CMR: VM Strong Roots               46 us, workers (us):  24,  21,   1, ---, ---, ---, 
[2026-04-03T02:31:45.722+0600][75.581s][info][gc,stats    ]   CMR: CLDG Roots                   402 us, workers (us): 402, ---, ---, ---, ---, ---, 
[2026-04-03T02:31:45.722+0600][75.581s][info][gc,stats    ] Concurrent Marking                50895 us
[2026-04-03T02:31:45.722+0600][75.581s][info][gc,stats    ] Pause Final Mark (G)                753 us
[2026-04-03T02:31:45.722+0600][75.581s][info][gc,stats    ] Pause Final Mark (N)                655 us
[2026-04-03T02:31:45.722+0600][75.581s][info][gc,stats    ]   Finish Mark                       261 us
[2026-04-03T02:31:45.722+0600][75.581s][info][gc,stats    ]   Update Region States               37 us
[2026-04-03T02:31:45.722+0600][75.581s][info][gc,stats    ]   Choose Collection Set             172 us
[2026-04-03T02:31:45.722+0600][75.581s][info][gc,stats    ]   Rebuild Free Set                   31 us
[2026-04-03T02:31:45.722+0600][75.581s][info][gc,stats    ] Concurrent Thread Roots            1270 us, parallelism: 2.47x
[2026-04-03T02:31:45.722+0600][75.581s][info][gc,stats    ]   CTR: <total>                     3138 us
[2026-04-03T02:31:45.722+0600][75.581s][info][gc,stats    ]   CTR: Thread Roots                3138 us, workers (us): 1070, 1041, 1027, ---, ---, ---, 
[2026-04-03T02:31:45.722+0600][75.581s][info][gc,stats    ] Concurrent Weak References         1311 us, parallelism: 1.07x
[2026-04-03T02:31:45.722+0600][75.582s][info][gc,stats    ]   CWRF: <total>                    1409 us
[2026-04-03T02:31:45.722+0600][75.582s][info][gc,stats    ]   CWRF: Weak References            1409 us, workers (us): 1061, 117, 231, ---, ---, ---, 
[2026-04-03T02:31:45.722+0600][75.582s][info][gc,stats    ] Concurrent Weak Roots              4671 us
[2026-04-03T02:31:45.722+0600][75.582s][info][gc,stats    ]   Roots                            4161 us, parallelism: 2.73x
[2026-04-03T02:31:45.722+0600][75.582s][info][gc,stats    ]     CWR: <total>                  11362 us
[2026-04-03T02:31:45.722+0600][75.582s][info][gc,stats    ]     CWR: Code Cache Roots          8707 us, workers (us): 2940, 2998, 2769, ---, ---, ---, 
[2026-04-03T02:31:45.722+0600][75.582s][info][gc,stats    ]     CWR: VM Weak Roots             2446 us, workers (us): 839, 840, 766, ---, ---, ---, 
[2026-04-03T02:31:45.722+0600][75.582s][info][gc,stats    ]     CWR: CLDG Roots                 209 us, workers (us): ---, ---, 209, ---, ---, ---, 
[2026-04-03T02:31:45.722+0600][75.582s][info][gc,stats    ]   Rendezvous                        331 us
[2026-04-03T02:31:45.722+0600][75.582s][info][gc,stats    ] Concurrent Cleanup                  679 us
[2026-04-03T02:31:45.722+0600][75.582s][info][gc,stats    ] Concurrent Class Unloading        14630 us
[2026-04-03T02:31:45.722+0600][75.582s][info][gc,stats    ]   Unlink Stale                    13557 us
[2026-04-03T02:31:45.722+0600][75.582s][info][gc,stats    ]     System Dictionary               324 us
[2026-04-03T02:31:45.722+0600][75.582s][info][gc,stats    ]     Weak Class Links                  1 us
[2026-04-03T02:31:45.722+0600][75.582s][info][gc,stats    ]     Code Roots                    13227 us
[2026-04-03T02:31:45.722+0600][75.582s][info][gc,stats    ]   Rendezvous                        383 us
[2026-04-03T02:31:45.722+0600][75.582s][info][gc,stats    ]   Purge Unlinked                    563 us
[2026-04-03T02:31:45.722+0600][75.582s][info][gc,stats    ]     Code Roots                      553 us
[2026-04-03T02:31:45.722+0600][75.582s][info][gc,stats    ]     CLDG                              9 us
[2026-04-03T02:31:45.722+0600][75.582s][info][gc,stats    ]     Exception Caches                  0 us
[2026-04-03T02:31:45.722+0600][75.582s][info][gc,stats    ] Concurrent Strong Roots            1316 us, parallelism: 0.63x
[2026-04-03T02:31:45.722+0600][75.582s][info][gc,stats    ]   CSR: <total>                      829 us
[2026-04-03T02:31:45.722+0600][75.582s][info][gc,stats    ]   CSR: VM Strong Roots               33 us, workers (us):  31,   1,   0, ---, ---, ---, 
[2026-04-03T02:31:45.722+0600][75.582s][info][gc,stats    ]   CSR: CLDG Roots                   796 us, workers (us): 796, ---, ---, ---, ---, ---, 
[2026-04-03T02:31:45.722+0600][75.582s][info][gc,stats    ] Concurrent Evacuation              1760 us
[2026-04-03T02:31:45.722+0600][75.582s][info][gc,stats    ] Pause Init Update Refs (G)          401 us
[2026-04-03T02:31:45.722+0600][75.582s][info][gc,stats    ] Pause Init Update Refs (N)          123 us
[2026-04-03T02:31:45.722+0600][75.582s][info][gc,stats    ]   Manage GCLABs                      45 us
[2026-04-03T02:31:45.722+0600][75.582s][info][gc,stats    ] Concurrent Update Refs            44041 us
[2026-04-03T02:31:45.722+0600][75.582s][info][gc,stats    ] Concurrent Update Thread Roots     1709 us
[2026-04-03T02:31:45.723+0600][75.582s][info][gc,stats    ] Pause Final Update Refs (G)         290 us
[2026-04-03T02:31:45.723+0600][75.582s][info][gc,stats    ] Pause Final Update Refs (N)         169 us
[2026-04-03T02:31:45.723+0600][75.582s][info][gc,stats    ]   Update Region States               46 us
[2026-04-03T02:31:45.723+0600][75.582s][info][gc,stats    ]   Trash Collection Set               12 us
[2026-04-03T02:31:45.723+0600][75.582s][info][gc,stats    ]   Rebuild Free Set                   31 us
[2026-04-03T02:31:45.723+0600][75.582s][info][gc,stats    ] Concurrent Cleanup                  232 us
[2026-04-03T02:31:45.723+0600][75.582s][info][gc,stats    ] Pacing                           137631 us
[2026-04-03T02:31:45.723+0600][75.582s][info][gc,stats    ] 
[2026-04-03T02:31:45.723+0600][75.582s][info][gc,stats    ] Allocation pacing accrued:
[2026-04-03T02:31:45.723+0600][75.582s][info][gc,stats    ]      10 of   231 ms (  4.4%): dispatcher-event-loop-6
[2026-04-03T02:31:45.723+0600][75.582s][info][gc,stats    ]      11 of   231 ms (  4.8%): dispatcher-BlockManagerMaster
[2026-04-03T02:31:45.723+0600][75.582s][info][gc,stats    ]      21 of   231 ms (  9.2%): spark-listener-group-appStatus
[2026-04-03T02:31:45.723+0600][75.582s][info][gc,stats    ]      10 of   231 ms (  4.4%): spark-listener-group-executorManagement
[2026-04-03T02:31:45.723+0600][75.582s][info][gc,stats    ]      10 of   231 ms (  4.4%): spark-listener-group-shared
[2026-04-03T02:31:45.723+0600][75.582s][info][gc,stats    ]      11 of   231 ms (  4.8%): Executor task launch worker for task 1.0 in stage 3343.0 (TID 6120)
[2026-04-03T02:31:45.723+0600][75.582s][info][gc,stats    ]      11 of   231 ms (  4.8%): Executor task launch worker for task 5.0 in stage 3343.0 (TID 6124)
[2026-04-03T02:31:45.723+0600][75.582s][info][gc,stats    ]      11 of   231 ms (  4.8%): Executor task launch worker for task 6.0 in stage 3343.0 (TID 6125)
[2026-04-03T02:31:45.723+0600][75.582s][info][gc,stats    ]      10 of   231 ms (  4.4%): Executor task launch worker for task 4.0 in stage 3343.0 (TID 6123)
[2026-04-03T02:31:45.723+0600][75.582s][info][gc,stats    ]      21 of   231 ms (  9.2%): Executor task launch worker for task 0.0 in stage 3343.0 (TID 6119)
[2026-04-03T02:31:45.723+0600][75.582s][info][gc,stats    ]      10 of   231 ms (  4.4%): task-result-getter-1
[2026-04-03T02:31:45.723+0600][75.582s][info][gc,stats    ]     138 of   231 ms ( 59.6%): <total>
[2026-04-03T02:31:45.723+0600][75.582s][info][gc,stats    ]       0 of   231 ms (  0.2%): <average total>
[2026-04-03T02:31:45.723+0600][75.582s][info][gc,stats    ]      13 of   231 ms (  5.4%): <average non-zero>
[2026-04-03T02:31:45.723+0600][75.582s][info][gc,stats    ] 
[2026-04-03T02:31:45.723+0600][75.582s][info][gc,metaspace] Metaspace: 131385K(132800K)->131391K(132800K) NonClass: 114932K(115648K)->114937K(115648K) Class: 16453K(17152K)->16454K(17152K)
[2026-04-03T02:31:45.723+0600][75.582s][info][gc,ergo     ] Pacer for Idle. Initial: 25600K, Alloc Tax Rate: 1.0x
[2026-04-03T02:31:46.486+0600][76.345s][info][gc          ] Trigger: Average GC time (163.88 ms) is above the time for average allocation rate (1166 MB/s) to deplete free headroom (190M) (margin of error = 1.90)
[2026-04-03T02:31:46.486+0600][76.345s][info][gc,ergo     ] Free headroom: 253M (free) - 64000K (spike) - 0B (penalties) = 190M
[2026-04-03T02:31:46.486+0600][76.345s][info][gc,ergo     ] Free: 251M, Max: 512K regular, 228M humongous, Frag: 9% external, 0% internal; Reserve: 64000K, Max: 512K
[2026-04-03T02:31:46.486+0600][76.346s][info][gc,start    ] GC(81) Concurrent reset
[2026-04-03T02:31:46.486+0600][76.346s][info][gc,task     ] GC(81) Using 3 of 6 workers for concurrent reset
[2026-04-03T02:31:46.486+0600][76.346s][info][gc,ergo     ] GC(81) Pacer for Reset. Non-Taxable: 1250M
[2026-04-03T02:31:46.488+0600][76.347s][info][gc          ] GC(81) Concurrent reset 1.287ms
[2026-04-03T02:31:46.488+0600][76.347s][info][gc,start    ] GC(81) Pause Init Mark (unload classes)
[2026-04-03T02:31:46.488+0600][76.347s][info][gc,task     ] GC(81) Using 6 of 6 workers for init marking
[2026-04-03T02:31:46.488+0600][76.347s][info][gc,ergo     ] GC(81) Pacer for Mark. Expected Live: 94252K, Free: 251M, Non-Taxable: 25753K, Alloc Tax Rate: 0.4x
[2026-04-03T02:31:46.488+0600][76.347s][info][gc          ] GC(81) Pause Init Mark (unload classes) 0.185ms
[2026-04-03T02:31:46.488+0600][76.347s][info][gc,start    ] GC(81) Concurrent marking roots
[2026-04-03T02:31:46.488+0600][76.347s][info][gc,task     ] GC(81) Using 3 of 6 workers for concurrent marking roots
[2026-04-03T02:31:46.490+0600][76.349s][info][gc          ] GC(81) Concurrent marking roots 1.536ms
[2026-04-03T02:31:46.490+0600][76.349s][info][gc,start    ] GC(81) Concurrent marking (unload classes)
[2026-04-03T02:31:46.490+0600][76.349s][info][gc,task     ] GC(81) Using 3 of 6 workers for concurrent marking
[2026-04-03T02:31:46.562+0600][76.421s][info][gc          ] GC(81) Concurrent marking (unload classes) 71.995ms
[2026-04-03T02:31:46.562+0600][76.421s][info][gc,start    ] GC(81) Pause Final Mark (unload classes)
[2026-04-03T02:31:46.562+0600][76.422s][info][gc,task     ] GC(81) Using 6 of 6 workers for final marking
[2026-04-03T02:31:46.563+0600][76.422s][info][gc,ergo     ] GC(81) Adaptive CSet Selection. Target Free: 177M, Actual Free: 811M, Max CSet: 53333K, Min Garbage: 0B
[2026-04-03T02:31:46.563+0600][76.422s][info][gc,ergo     ] GC(81) Collectable Garbage: 758M (98%), Immediate: 540M (70%), CSet: 217M (28%)
[2026-04-03T02:31:46.563+0600][76.422s][info][gc,ergo     ] GC(81) Pacer for Evacuation. Used CSet: 222M, Free: 823M, Non-Taxable: 84358K, Alloc Tax Rate: 1.1x
[2026-04-03T02:31:46.563+0600][76.422s][info][gc          ] GC(81) Pause Final Mark (unload classes) 1.031ms
[2026-04-03T02:31:46.563+0600][76.423s][info][gc,start    ] GC(81) Concurrent thread roots
[2026-04-03T02:31:46.563+0600][76.423s][info][gc,task     ] GC(81) Using 3 of 6 workers for Concurrent thread roots
[2026-04-03T02:31:46.565+0600][76.424s][info][gc          ] GC(81) Concurrent thread roots 1.179ms
[2026-04-03T02:31:46.565+0600][76.424s][info][gc,start    ] GC(81) Concurrent weak references
[2026-04-03T02:31:46.565+0600][76.424s][info][gc,task     ] GC(81) Using 3 of 6 workers for concurrent weak references
[2026-04-03T02:31:46.566+0600][76.425s][info][gc,ref      ] GC(81) Encountered references: Soft: 3786, Weak: 15856, Final: 84, Phantom: 621
[2026-04-03T02:31:46.566+0600][76.425s][info][gc,ref      ] GC(81) Discovered  references: Soft: 0, Weak: 8603, Final: 0, Phantom: 596
[2026-04-03T02:31:46.566+0600][76.425s][info][gc,ref      ] GC(81) Enqueued    references: Soft: 0, Weak: 404, Final: 0, Phantom: 0
[2026-04-03T02:31:46.566+0600][76.425s][info][gc          ] GC(81) Concurrent weak references 1.089ms
[2026-04-03T02:31:46.566+0600][76.425s][info][gc,start    ] GC(81) Concurrent weak roots
[2026-04-03T02:31:46.566+0600][76.425s][info][gc,task     ] GC(81) Using 3 of 6 workers for concurrent weak root
[2026-04-03T02:31:46.572+0600][76.431s][info][gc          ] GC(81) Concurrent weak roots 6.204ms
[2026-04-03T02:31:46.572+0600][76.431s][info][gc,start    ] GC(81) Concurrent cleanup
[2026-04-03T02:31:46.573+0600][76.432s][info][gc          ] GC(81) Concurrent cleanup 901M->361M(1018M) 0.570ms
[2026-04-03T02:31:46.573+0600][76.432s][info][gc,ergo     ] GC(81) Free: 818M, Max: 512K regular, 204M humongous, Frag: 76% external, 0% internal; Reserve: 63435K, Max: 512K
[2026-04-03T02:31:46.573+0600][76.432s][info][gc,start    ] GC(81) Concurrent class unloading
[2026-04-03T02:31:46.573+0600][76.432s][info][gc,task     ] GC(81) Using 3 of 6 workers for concurrent class unloading
[2026-04-03T02:31:46.594+0600][76.453s][info][gc          ] GC(81) Concurrent class unloading 21.317ms
[2026-04-03T02:31:46.594+0600][76.453s][info][gc,start    ] GC(81) Concurrent strong roots
[2026-04-03T02:31:46.594+0600][76.454s][info][gc,task     ] GC(81) Using 3 of 6 workers for concurrent strong root
[2026-04-03T02:31:46.595+0600][76.455s][info][gc          ] GC(81) Concurrent strong roots 1.295ms
[2026-04-03T02:31:46.596+0600][76.455s][info][gc,start    ] GC(81) Concurrent evacuation
[2026-04-03T02:31:46.596+0600][76.455s][info][gc,task     ] GC(81) Using 3 of 6 workers for concurrent evacuation
[2026-04-03T02:31:46.599+0600][76.459s][info][gc          ] GC(81) Concurrent evacuation 3.798ms
[2026-04-03T02:31:46.600+0600][76.459s][info][gc,start    ] GC(81) Pause Init Update Refs
[2026-04-03T02:31:46.600+0600][76.459s][info][gc,ergo     ] GC(81) Pacer for Update Refs. Used: 380M, Free: 804M, Non-Taxable: 82356K, Alloc Tax Rate: 1.1x
[2026-04-03T02:31:46.600+0600][76.459s][info][gc          ] GC(81) Pause Init Update Refs 0.182ms
[2026-04-03T02:31:46.600+0600][76.460s][info][gc,start    ] GC(81) Concurrent update references
[2026-04-03T02:31:46.600+0600][76.460s][info][gc,task     ] GC(81) Using 3 of 6 workers for concurrent reference update
[2026-04-03T02:31:46.652+0600][76.511s][info][gc          ] GC(81) Concurrent update references 51.331ms
[2026-04-03T02:31:46.652+0600][76.511s][info][gc,start    ] GC(81) Concurrent update thread roots
[2026-04-03T02:31:46.654+0600][76.513s][info][gc          ] GC(81) Concurrent update thread roots 2.001ms
[2026-04-03T02:31:46.654+0600][76.513s][info][gc,start    ] GC(81) Pause Final Update Refs
[2026-04-03T02:31:46.654+0600][76.513s][info][gc,task     ] GC(81) Using 6 of 6 workers for final reference update
[2026-04-03T02:31:46.654+0600][76.514s][info][gc          ] GC(81) Pause Final Update Refs 0.206ms
[2026-04-03T02:31:46.654+0600][76.514s][info][gc,start    ] GC(81) Concurrent cleanup
[2026-04-03T02:31:46.655+0600][76.514s][info][gc          ] GC(81) Concurrent cleanup 424M->202M(1018M) 0.698ms
[2026-04-03T02:31:46.655+0600][76.514s][info][gc,ergo     ] Free: 972M, Max: 512K regular, 483M humongous, Frag: 51% external, 0% internal; Reserve: 64000K, Max: 512K
[2026-04-03T02:31:46.655+0600][76.514s][info][gc,stats    ] 
[2026-04-03T02:31:46.655+0600][76.514s][info][gc,stats    ] All times are wall-clock times, except per-root-class counters, that are sum over
[2026-04-03T02:31:46.655+0600][76.515s][info][gc,stats    ] all workers. Dividing the <total> over the root stage time estimates parallelism.
[2026-04-03T02:31:46.655+0600][76.515s][info][gc,stats    ] 
[2026-04-03T02:31:46.655+0600][76.515s][info][gc,stats    ] Concurrent Reset                   1378 us
[2026-04-03T02:31:46.655+0600][76.515s][info][gc,stats    ] Pause Init Mark (G)                 482 us
[2026-04-03T02:31:46.655+0600][76.515s][info][gc,stats    ] Pause Init Mark (N)                 200 us
[2026-04-03T02:31:46.655+0600][76.515s][info][gc,stats    ]   Update Region States               41 us
[2026-04-03T02:31:46.655+0600][76.515s][info][gc,stats    ] Concurrent Mark Roots              1593 us, parallelism: 1.88x
[2026-04-03T02:31:46.655+0600][76.515s][info][gc,stats    ]   CMR: <total>                     2990 us
[2026-04-03T02:31:46.655+0600][76.515s][info][gc,stats    ]   CMR: Thread Roots                2605 us, workers (us): 680, 977, 948, ---, ---, ---, 
[2026-04-03T02:31:46.655+0600][76.515s][info][gc,stats    ]   CMR: VM Strong Roots               71 us, workers (us):  46,  24,   1, ---, ---, ---, 
[2026-04-03T02:31:46.655+0600][76.515s][info][gc,stats    ]   CMR: CLDG Roots                   314 us, workers (us): 314, ---, ---, ---, ---, ---, 
[2026-04-03T02:31:46.655+0600][76.515s][info][gc,stats    ] Concurrent Marking                72108 us
[2026-04-03T02:31:46.655+0600][76.515s][info][gc,stats    ] Pause Final Mark (G)               1556 us
[2026-04-03T02:31:46.655+0600][76.515s][info][gc,stats    ] Pause Final Mark (N)               1044 us
[2026-04-03T02:31:46.655+0600][76.515s][info][gc,stats    ]   Finish Mark                       246 us
[2026-04-03T02:31:46.655+0600][76.515s][info][gc,stats    ]   Update Region States              123 us
[2026-04-03T02:31:46.655+0600][76.515s][info][gc,stats    ]   Choose Collection Set             364 us
[2026-04-03T02:31:46.655+0600][76.515s][info][gc,stats    ]   Rebuild Free Set                   40 us
[2026-04-03T02:31:46.655+0600][76.515s][info][gc,stats    ] Concurrent Thread Roots            1232 us, parallelism: 2.30x
[2026-04-03T02:31:46.655+0600][76.515s][info][gc,stats    ]   CTR: <total>                     2838 us
[2026-04-03T02:31:46.655+0600][76.515s][info][gc,stats    ]   CTR: Thread Roots                2838 us, workers (us): 989, 924, 926, ---, ---, ---, 
[2026-04-03T02:31:46.656+0600][76.515s][info][gc,stats    ] Concurrent Weak References         1132 us, parallelism: 1.47x
[2026-04-03T02:31:46.656+0600][76.515s][info][gc,stats    ]   CWRF: <total>                    1668 us
[2026-04-03T02:31:46.656+0600][76.515s][info][gc,stats    ]   CWRF: Weak References            1668 us, workers (us): 436, 464, 768, ---, ---, ---, 
[2026-04-03T02:31:46.656+0600][76.515s][info][gc,stats    ] Concurrent Weak Roots              6288 us
[2026-04-03T02:31:46.656+0600][76.515s][info][gc,stats    ]   Roots                            5808 us, parallelism: 2.68x
[2026-04-03T02:31:46.656+0600][76.515s][info][gc,stats    ]     CWR: <total>                  15584 us
[2026-04-03T02:31:46.656+0600][76.515s][info][gc,stats    ]     CWR: Code Cache Roots         12171 us, workers (us): 3990, 3958, 4223, ---, ---, ---, 
[2026-04-03T02:31:46.656+0600][76.515s][info][gc,stats    ]     CWR: VM Weak Roots             3188 us, workers (us): 1148, 1116, 923, ---, ---, ---, 
[2026-04-03T02:31:46.656+0600][76.515s][info][gc,stats    ]     CWR: CLDG Roots                 225 us, workers (us): ---, 225, ---, ---, ---, ---, 
[2026-04-03T02:31:46.656+0600][76.515s][info][gc,stats    ]   Rendezvous                        350 us
[2026-04-03T02:31:46.656+0600][76.515s][info][gc,stats    ] Concurrent Cleanup                  635 us
[2026-04-03T02:31:46.656+0600][76.515s][info][gc,stats    ] Concurrent Class Unloading        21433 us
[2026-04-03T02:31:46.656+0600][76.515s][info][gc,stats    ]   Unlink Stale                    18722 us
[2026-04-03T02:31:46.656+0600][76.515s][info][gc,stats    ]     System Dictionary               323 us
[2026-04-03T02:31:46.656+0600][76.515s][info][gc,stats    ]     Weak Class Links                  1 us
[2026-04-03T02:31:46.656+0600][76.515s][info][gc,stats    ]     Code Roots                    18393 us
[2026-04-03T02:31:46.656+0600][76.515s][info][gc,stats    ]   Rendezvous                        464 us
[2026-04-03T02:31:46.656+0600][76.515s][info][gc,stats    ]   Purge Unlinked                   2086 us
[2026-04-03T02:31:46.656+0600][76.515s][info][gc,stats    ]     Code Roots                     2061 us
[2026-04-03T02:31:46.656+0600][76.515s][info][gc,stats    ]     CLDG                             23 us
[2026-04-03T02:31:46.656+0600][76.515s][info][gc,stats    ]     Exception Caches                  0 us
[2026-04-03T02:31:46.656+0600][76.515s][info][gc,stats    ] Concurrent Strong Roots            1361 us, parallelism: 0.66x
[2026-04-03T02:31:46.656+0600][76.515s][info][gc,stats    ]   CSR: <total>                      902 us
[2026-04-03T02:31:46.656+0600][76.515s][info][gc,stats    ]   CSR: VM Strong Roots               49 us, workers (us):  32,  16,   0, ---, ---, ---, 
[2026-04-03T02:31:46.656+0600][76.515s][info][gc,stats    ]   CSR: CLDG Roots                   853 us, workers (us): ---, 853, ---, ---, ---, ---, 
[2026-04-03T02:31:46.656+0600][76.515s][info][gc,stats    ] Concurrent Evacuation              3949 us
[2026-04-03T02:31:46.656+0600][76.515s][info][gc,stats    ] Pause Init Update Refs (G)          703 us
[2026-04-03T02:31:46.656+0600][76.515s][info][gc,stats    ] Pause Init Update Refs (N)          196 us
[2026-04-03T02:31:46.656+0600][76.515s][info][gc,stats    ]   Manage GCLABs                      51 us
[2026-04-03T02:31:46.656+0600][76.515s][info][gc,stats    ] Concurrent Update Refs            51456 us
[2026-04-03T02:31:46.656+0600][76.515s][info][gc,stats    ] Concurrent Update Thread Roots     2139 us
[2026-04-03T02:31:46.656+0600][76.515s][info][gc,stats    ] Pause Final Update Refs (G)         482 us
[2026-04-03T02:31:46.656+0600][76.515s][info][gc,stats    ] Pause Final Update Refs (N)         227 us
[2026-04-03T02:31:46.656+0600][76.515s][info][gc,stats    ]   Update Region States               55 us
[2026-04-03T02:31:46.656+0600][76.515s][info][gc,stats    ]   Trash Collection Set               21 us
[2026-04-03T02:31:46.656+0600][76.515s][info][gc,stats    ]   Rebuild Free Set                   45 us
[2026-04-03T02:31:46.656+0600][76.515s][info][gc,stats    ] Concurrent Cleanup                  739 us
[2026-04-03T02:31:46.656+0600][76.515s][info][gc,stats    ] Pacing                           101173 us
[2026-04-03T02:31:46.656+0600][76.515s][info][gc,stats    ] 
[2026-04-03T02:31:46.656+0600][76.515s][info][gc,stats    ] Allocation pacing accrued:
[2026-04-03T02:31:46.656+0600][76.515s][info][gc,stats    ]       6 of   933 ms (  0.6%): Spark Context Cleaner
[2026-04-03T02:31:46.656+0600][76.515s][info][gc,stats    ]      10 of   933 ms (  1.1%): Executor task launch worker for task 6.0 in stage 3372.0 (TID 6261)
[2026-04-03T02:31:46.656+0600][76.515s][info][gc,stats    ]      11 of   933 ms (  1.2%): Executor task launch worker for task 3.0 in stage 3372.0 (TID 6258)
[2026-04-03T02:31:46.656+0600][76.515s][info][gc,stats    ]      11 of   933 ms (  1.2%): Executor task launch worker for task 0.0 in stage 3372.0 (TID 6255)
[2026-04-03T02:31:46.656+0600][76.515s][info][gc,stats    ]      11 of   933 ms (  1.2%): Executor task launch worker for task 7.0 in stage 3372.0 (TID 6262)
[2026-04-03T02:31:46.656+0600][76.515s][info][gc,stats    ]      11 of   933 ms (  1.2%): Executor task launch worker for task 1.0 in stage 3372.0 (TID 6256)
[2026-04-03T02:31:46.656+0600][76.515s][info][gc,stats    ]      11 of   933 ms (  1.2%): task-result-getter-0
[2026-04-03T02:31:46.656+0600][76.515s][info][gc,stats    ]       6 of   933 ms (  0.7%): task-result-getter-1
[2026-04-03T02:31:46.656+0600][76.515s][info][gc,stats    ]      17 of   933 ms (  1.8%): task-result-getter-2
[2026-04-03T02:31:46.656+0600][76.515s][info][gc,stats    ]       6 of   933 ms (  0.7%): task-result-getter-3
[2026-04-03T02:31:46.656+0600][76.516s][info][gc,stats    ]     101 of   933 ms ( 10.8%): <total>
[2026-04-03T02:31:46.656+0600][76.516s][info][gc,stats    ]       0 of   933 ms (  0.0%): <average total>
[2026-04-03T02:31:46.656+0600][76.516s][info][gc,stats    ]      10 of   933 ms (  1.1%): <average non-zero>
[2026-04-03T02:31:46.656+0600][76.516s][info][gc,stats    ] 
[2026-04-03T02:31:46.656+0600][76.516s][info][gc,metaspace] Metaspace: 131424K(132800K)->131424K(132800K) NonClass: 114967K(115648K)->114967K(115648K) Class: 16456K(17152K)->16456K(17152K)
[2026-04-03T02:31:46.656+0600][76.516s][info][gc,ergo     ] Pacer for Idle. Initial: 25600K, Alloc Tax Rate: 1.0x
[2026-04-03T02:31:47.406+0600][77.265s][info][gc          ] Trigger: Average GC time (190.48 ms) is above the time for average allocation rate (1031 MB/s) to deplete free headroom (195M) (margin of error = 1.90)
[2026-04-03T02:31:47.406+0600][77.265s][info][gc,ergo     ] Free headroom: 257M (free) - 64000K (spike) - 0B (penalties) = 195M
[2026-04-03T02:31:47.406+0600][77.265s][info][gc,ergo     ] Free: 257M, Max: 512K regular, 200M humongous, Frag: 23% external, 0% internal; Reserve: 64000K, Max: 512K
[2026-04-03T02:31:47.406+0600][77.265s][info][gc,start    ] GC(82) Concurrent reset
[2026-04-03T02:31:47.406+0600][77.265s][info][gc,task     ] GC(82) Using 3 of 6 workers for concurrent reset
[2026-04-03T02:31:47.406+0600][77.265s][info][gc,ergo     ] GC(82) Pacer for Reset. Non-Taxable: 1250M
[2026-04-03T02:31:47.410+0600][77.270s][info][gc          ] GC(82) Concurrent reset 4.122ms
[2026-04-03T02:31:47.411+0600][77.270s][info][gc,start    ] GC(82) Pause Init Mark (unload classes)
[2026-04-03T02:31:47.411+0600][77.270s][info][gc,task     ] GC(82) Using 6 of 6 workers for init marking
[2026-04-03T02:31:47.411+0600][77.270s][info][gc,ergo     ] GC(82) Pacer for Mark. Expected Live: 94800K, Free: 253M, Non-Taxable: 25985K, Alloc Tax Rate: 0.4x
[2026-04-03T02:31:47.411+0600][77.270s][info][gc          ] GC(82) Pause Init Mark (unload classes) 0.151ms
[2026-04-03T02:31:47.411+0600][77.270s][info][gc,start    ] GC(82) Concurrent marking roots
[2026-04-03T02:31:47.411+0600][77.270s][info][gc,task     ] GC(82) Using 3 of 6 workers for concurrent marking roots
[2026-04-03T02:31:47.413+0600][77.272s][info][gc          ] GC(82) Concurrent marking roots 2.064ms
[2026-04-03T02:31:47.413+0600][77.272s][info][gc,start    ] GC(82) Concurrent marking (unload classes)
[2026-04-03T02:31:47.413+0600][77.272s][info][gc,task     ] GC(82) Using 3 of 6 workers for concurrent marking
[2026-04-03T02:31:47.480+0600][77.340s][info][gc          ] GC(82) Concurrent marking (unload classes) 67.607ms
[2026-04-03T02:31:47.481+0600][77.340s][info][gc,start    ] GC(82) Pause Final Mark (unload classes)
[2026-04-03T02:31:47.481+0600][77.340s][info][gc,task     ] GC(82) Using 6 of 6 workers for final marking
[2026-04-03T02:31:47.481+0600][77.340s][info][gc,ergo     ] GC(82) Adaptive CSet Selection. Target Free: 177M, Actual Free: 850M, Max CSet: 53333K, Min Garbage: 0B
[2026-04-03T02:31:47.481+0600][77.341s][info][gc,ergo     ] GC(82) Collectable Garbage: 756M (98%), Immediate: 578M (75%), CSet: 178M (23%)
[2026-04-03T02:31:47.481+0600][77.341s][info][gc,ergo     ] GC(82) Pacer for Evacuation. Used CSet: 186M, Free: 860M, Non-Taxable: 88141K, Alloc Tax Rate: 1.1x
[2026-04-03T02:31:47.481+0600][77.341s][info][gc          ] GC(82) Pause Final Mark (unload classes) 0.666ms
[2026-04-03T02:31:47.481+0600][77.341s][info][gc,start    ] GC(82) Concurrent thread roots
[2026-04-03T02:31:47.482+0600][77.341s][info][gc,task     ] GC(82) Using 3 of 6 workers for Concurrent thread roots
[2026-04-03T02:31:47.483+0600][77.342s][info][gc          ] GC(82) Concurrent thread roots 1.463ms
[2026-04-03T02:31:47.483+0600][77.342s][info][gc,start    ] GC(82) Concurrent weak references
[2026-04-03T02:31:47.483+0600][77.342s][info][gc,task     ] GC(82) Using 3 of 6 workers for concurrent weak references
[2026-04-03T02:31:47.484+0600][77.343s][info][gc,ref      ] GC(82) Encountered references: Soft: 3792, Weak: 16652, Final: 84, Phantom: 621
[2026-04-03T02:31:47.484+0600][77.343s][info][gc,ref      ] GC(82) Discovered  references: Soft: 0, Weak: 8679, Final: 0, Phantom: 222
[2026-04-03T02:31:47.484+0600][77.343s][info][gc,ref      ] GC(82) Enqueued    references: Soft: 0, Weak: 1625, Final: 0, Phantom: 0
[2026-04-03T02:31:47.484+0600][77.343s][info][gc          ] GC(82) Concurrent weak references 0.947ms
[2026-04-03T02:31:47.484+0600][77.343s][info][gc,start    ] GC(82) Concurrent weak roots
[2026-04-03T02:31:47.484+0600][77.343s][info][gc,task     ] GC(82) Using 3 of 6 workers for concurrent weak root
[2026-04-03T02:31:47.492+0600][77.352s][info][gc          ] GC(82) Concurrent weak roots 8.348ms
[2026-04-03T02:31:47.492+0600][77.352s][info][gc,start    ] GC(82) Concurrent cleanup
[2026-04-03T02:31:47.493+0600][77.352s][info][gc          ] GC(82) Concurrent cleanup 915M->337M(1018M) 0.602ms
[2026-04-03T02:31:47.493+0600][77.352s][info][gc,ergo     ] GC(82) Free: 840M, Max: 512K regular, 190M humongous, Frag: 78% external, 0% internal; Reserve: 63192K, Max: 512K
[2026-04-03T02:31:47.493+0600][77.352s][info][gc,start    ] GC(82) Concurrent class unloading
[2026-04-03T02:31:47.493+0600][77.352s][info][gc,task     ] GC(82) Using 3 of 6 workers for concurrent class unloading
[2026-04-03T02:31:47.511+0600][77.371s][info][gc          ] GC(82) Concurrent class unloading 18.200ms
[2026-04-03T02:31:47.511+0600][77.371s][info][gc,start    ] GC(82) Concurrent strong roots
[2026-04-03T02:31:47.511+0600][77.371s][info][gc,task     ] GC(82) Using 3 of 6 workers for concurrent strong root
[2026-04-03T02:31:47.513+0600][77.372s][info][gc          ] GC(82) Concurrent strong roots 1.453ms
[2026-04-03T02:31:47.513+0600][77.372s][info][gc,start    ] GC(82) Concurrent evacuation
[2026-04-03T02:31:47.513+0600][77.372s][info][gc,task     ] GC(82) Using 3 of 6 workers for concurrent evacuation
[2026-04-03T02:31:47.518+0600][77.377s][info][gc          ] GC(82) Concurrent evacuation 5.036ms
[2026-04-03T02:31:47.518+0600][77.378s][info][gc,start    ] GC(82) Pause Init Update Refs
[2026-04-03T02:31:47.518+0600][77.378s][info][gc,ergo     ] GC(82) Pacer for Update Refs. Used: 355M, Free: 830M, Non-Taxable: 85044K, Alloc Tax Rate: 1.1x
[2026-04-03T02:31:47.518+0600][77.378s][info][gc          ] GC(82) Pause Init Update Refs 0.113ms
[2026-04-03T02:31:47.519+0600][77.378s][info][gc,start    ] GC(82) Concurrent update references
[2026-04-03T02:31:47.519+0600][77.378s][info][gc,task     ] GC(82) Using 3 of 6 workers for concurrent reference update
[2026-04-03T02:31:47.569+0600][77.428s][info][gc          ] GC(82) Concurrent update references 50.579ms
[2026-04-03T02:31:47.569+0600][77.429s][info][gc,start    ] GC(82) Concurrent update thread roots
[2026-04-03T02:31:47.571+0600][77.430s][info][gc          ] GC(82) Concurrent update thread roots 1.818ms
[2026-04-03T02:31:47.571+0600][77.431s][info][gc,start    ] GC(82) Pause Final Update Refs
[2026-04-03T02:31:47.571+0600][77.431s][info][gc,task     ] GC(82) Using 6 of 6 workers for final reference update
[2026-04-03T02:31:47.572+0600][77.431s][info][gc          ] GC(82) Pause Final Update Refs 0.136ms
[2026-04-03T02:31:47.572+0600][77.431s][info][gc,start    ] GC(82) Concurrent cleanup
[2026-04-03T02:31:47.572+0600][77.432s][info][gc          ] GC(82) Concurrent cleanup 398M->212M(1018M) 0.572ms
[2026-04-03T02:31:47.572+0600][77.432s][info][gc,ergo     ] Free: 959M, Max: 512K regular, 431M humongous, Frag: 56% external, 0% internal; Reserve: 64000K, Max: 512K
[2026-04-03T02:31:47.572+0600][77.432s][info][gc,stats    ] 
[2026-04-03T02:31:47.572+0600][77.432s][info][gc,stats    ] All times are wall-clock times, except per-root-class counters, that are sum over
[2026-04-03T02:31:47.572+0600][77.432s][info][gc,stats    ] all workers. Dividing the <total> over the root stage time estimates parallelism.
[2026-04-03T02:31:47.572+0600][77.432s][info][gc,stats    ] 
[2026-04-03T02:31:47.572+0600][77.432s][info][gc,stats    ] Concurrent Reset                   4220 us
[2026-04-03T02:31:47.572+0600][77.432s][info][gc,stats    ] Pause Init Mark (G)                 413 us
[2026-04-03T02:31:47.572+0600][77.432s][info][gc,stats    ] Pause Init Mark (N)                 161 us
[2026-04-03T02:31:47.572+0600][77.432s][info][gc,stats    ]   Update Region States               31 us
[2026-04-03T02:31:47.572+0600][77.432s][info][gc,stats    ] Concurrent Mark Roots              2112 us, parallelism: 1.93x
[2026-04-03T02:31:47.572+0600][77.432s][info][gc,stats    ]   CMR: <total>                     4069 us
[2026-04-03T02:31:47.572+0600][77.432s][info][gc,stats    ]   CMR: Thread Roots                3475 us, workers (us): 985, 1500, 990, ---, ---, ---, 
[2026-04-03T02:31:47.573+0600][77.432s][info][gc,stats    ]   CMR: VM Strong Roots               72 us, workers (us):  42,  29,   1, ---, ---, ---, 
[2026-04-03T02:31:47.573+0600][77.432s][info][gc,stats    ]   CMR: CLDG Roots                   523 us, workers (us): 523, ---, ---, ---, ---, ---, 
[2026-04-03T02:31:47.573+0600][77.432s][info][gc,stats    ] Concurrent Marking                67674 us
[2026-04-03T02:31:47.573+0600][77.432s][info][gc,stats    ] Pause Final Mark (G)                932 us
[2026-04-03T02:31:47.573+0600][77.432s][info][gc,stats    ] Pause Final Mark (N)                684 us
[2026-04-03T02:31:47.573+0600][77.432s][info][gc,stats    ]   Finish Mark                       185 us
[2026-04-03T02:31:47.573+0600][77.432s][info][gc,stats    ]   Update Region States               49 us
[2026-04-03T02:31:47.573+0600][77.432s][info][gc,stats    ]   Choose Collection Set             226 us
[2026-04-03T02:31:47.573+0600][77.432s][info][gc,stats    ]   Rebuild Free Set                   30 us
[2026-04-03T02:31:47.573+0600][77.432s][info][gc,stats    ] Concurrent Thread Roots            1498 us, parallelism: 1.72x
[2026-04-03T02:31:47.573+0600][77.432s][info][gc,stats    ]   CTR: <total>                     2569 us
[2026-04-03T02:31:47.573+0600][77.432s][info][gc,stats    ]   CTR: Thread Roots                2569 us, workers (us): 1301, 1268,   0, ---, ---, ---, 
[2026-04-03T02:31:47.573+0600][77.432s][info][gc,stats    ] Concurrent Weak References          965 us, parallelism: 1.25x
[2026-04-03T02:31:47.573+0600][77.432s][info][gc,stats    ]   CWRF: <total>                    1210 us
[2026-04-03T02:31:47.573+0600][77.432s][info][gc,stats    ]   CWRF: Weak References            1210 us, workers (us): 763, 447,   0, ---, ---, ---, 
[2026-04-03T02:31:47.573+0600][77.432s][info][gc,stats    ] Concurrent Weak Roots              8439 us
[2026-04-03T02:31:47.573+0600][77.432s][info][gc,stats    ]   Roots                            7881 us, parallelism: 2.40x
[2026-04-03T02:31:47.573+0600][77.432s][info][gc,stats    ]     CWR: <total>                  18901 us
[2026-04-03T02:31:47.573+0600][77.432s][info][gc,stats    ]     CWR: Code Cache Roots         15156 us, workers (us): 5767, 5256, 4134, ---, ---, ---, 
[2026-04-03T02:31:47.573+0600][77.432s][info][gc,stats    ]     CWR: VM Weak Roots             3483 us, workers (us): 1740, 1738,   4, ---, ---, ---, 
[2026-04-03T02:31:47.573+0600][77.432s][info][gc,stats    ]     CWR: CLDG Roots                 262 us, workers (us): ---, 262, ---, ---, ---, ---, 
[2026-04-03T02:31:47.573+0600][77.432s][info][gc,stats    ]   Rendezvous                        429 us
[2026-04-03T02:31:47.573+0600][77.432s][info][gc,stats    ] Concurrent Cleanup                  647 us
[2026-04-03T02:31:47.573+0600][77.432s][info][gc,stats    ] Concurrent Class Unloading        18303 us
[2026-04-03T02:31:47.573+0600][77.432s][info][gc,stats    ]   Unlink Stale                    16247 us
[2026-04-03T02:31:47.573+0600][77.432s][info][gc,stats    ]     System Dictionary               344 us
[2026-04-03T02:31:47.573+0600][77.432s][info][gc,stats    ]     Weak Class Links                  1 us
[2026-04-03T02:31:47.573+0600][77.432s][info][gc,stats    ]     Code Roots                    15897 us
[2026-04-03T02:31:47.573+0600][77.432s][info][gc,stats    ]   Rendezvous                        400 us
[2026-04-03T02:31:47.573+0600][77.432s][info][gc,stats    ]   Purge Unlinked                   1511 us
[2026-04-03T02:31:47.573+0600][77.432s][info][gc,stats    ]     Code Roots                     1493 us
[2026-04-03T02:31:47.573+0600][77.432s][info][gc,stats    ]     CLDG                             15 us
[2026-04-03T02:31:47.573+0600][77.432s][info][gc,stats    ]     Exception Caches                  0 us
[2026-04-03T02:31:47.573+0600][77.432s][info][gc,stats    ] Concurrent Strong Roots            1518 us, parallelism: 0.63x
[2026-04-03T02:31:47.573+0600][77.432s][info][gc,stats    ]   CSR: <total>                      963 us
[2026-04-03T02:31:47.573+0600][77.432s][info][gc,stats    ]   CSR: VM Strong Roots               57 us, workers (us):  19,  19,  19, ---, ---, ---, 
[2026-04-03T02:31:47.573+0600][77.432s][info][gc,stats    ]   CSR: CLDG Roots                   907 us, workers (us): ---, ---, 907, ---, ---, ---, 
[2026-04-03T02:31:47.573+0600][77.432s][info][gc,stats    ] Concurrent Evacuation              5151 us
[2026-04-03T02:31:47.573+0600][77.432s][info][gc,stats    ] Pause Init Update Refs (G)          531 us
[2026-04-03T02:31:47.573+0600][77.432s][info][gc,stats    ] Pause Init Update Refs (N)          127 us
[2026-04-03T02:31:47.573+0600][77.432s][info][gc,stats    ]   Manage GCLABs                      30 us
[2026-04-03T02:31:47.573+0600][77.432s][info][gc,stats    ] Concurrent Update Refs            50687 us
[2026-04-03T02:31:47.573+0600][77.432s][info][gc,stats    ] Concurrent Update Thread Roots     1889 us
[2026-04-03T02:31:47.573+0600][77.432s][info][gc,stats    ] Pause Final Update Refs (G)         482 us
[2026-04-03T02:31:47.573+0600][77.432s][info][gc,stats    ] Pause Final Update Refs (N)         148 us
[2026-04-03T02:31:47.573+0600][77.432s][info][gc,stats    ]   Update Region States               46 us
[2026-04-03T02:31:47.573+0600][77.432s][info][gc,stats    ]   Trash Collection Set               16 us
[2026-04-03T02:31:47.573+0600][77.432s][info][gc,stats    ]   Rebuild Free Set                   36 us
[2026-04-03T02:31:47.573+0600][77.432s][info][gc,stats    ] Concurrent Cleanup                  594 us
[2026-04-03T02:31:47.573+0600][77.432s][info][gc,stats    ] Pacing                           151560 us
[2026-04-03T02:31:47.573+0600][77.432s][info][gc,stats    ] 
[2026-04-03T02:31:47.573+0600][77.432s][info][gc,stats    ] Allocation pacing accrued:
[2026-04-03T02:31:47.573+0600][77.432s][info][gc,stats    ]      21 of   917 ms (  2.3%): Executor task launch worker for task 7.0 in stage 3418.0 (TID 6390)
[2026-04-03T02:31:47.573+0600][77.432s][info][gc,stats    ]      21 of   917 ms (  2.3%): Executor task launch worker for task 0.0 in stage 3418.0 (TID 6383)
[2026-04-03T02:31:47.573+0600][77.432s][info][gc,stats    ]      17 of   917 ms (  1.9%): Executor task launch worker for task 2.0 in stage 3418.0 (TID 6385)
[2026-04-03T02:31:47.573+0600][77.432s][info][gc,stats    ]      11 of   917 ms (  1.2%): Executor task launch worker for task 1.0 in stage 3418.0 (TID 6384)
[2026-04-03T02:31:47.573+0600][77.432s][info][gc,stats    ]      17 of   917 ms (  1.9%): Executor task launch worker for task 6.0 in stage 3418.0 (TID 6389)
[2026-04-03T02:31:47.573+0600][77.433s][info][gc,stats    ]      21 of   917 ms (  2.3%): Executor task launch worker for task 4.0 in stage 3418.0 (TID 6387)
[2026-04-03T02:31:47.573+0600][77.433s][info][gc,stats    ]      20 of   917 ms (  2.2%): Executor task launch worker for task 5.0 in stage 3418.0 (TID 6388)
[2026-04-03T02:31:47.573+0600][77.433s][info][gc,stats    ]      22 of   917 ms (  2.4%): Executor task launch worker for task 3.0 in stage 3418.0 (TID 6386)
[2026-04-03T02:31:47.573+0600][77.433s][info][gc,stats    ]     152 of   917 ms ( 16.5%): <total>
[2026-04-03T02:31:47.573+0600][77.433s][info][gc,stats    ]       1 of   917 ms (  0.1%): <average total>
[2026-04-03T02:31:47.573+0600][77.433s][info][gc,stats    ]      19 of   917 ms (  2.1%): <average non-zero>
[2026-04-03T02:31:47.573+0600][77.433s][info][gc,stats    ] 
[2026-04-03T02:31:47.573+0600][77.433s][info][gc,metaspace] Metaspace: 131430K(132800K)->131430K(132800K) NonClass: 114974K(115648K)->114974K(115648K) Class: 16456K(17152K)->16456K(17152K)
[2026-04-03T02:31:47.573+0600][77.433s][info][gc,ergo     ] Pacer for Idle. Initial: 25600K, Alloc Tax Rate: 1.0x
[2026-04-03T02:31:48.242+0600][78.101s][info][gc          ] Trigger: Average GC time (189.68 ms) is above the time for average allocation rate (913 MB/s) to deplete free headroom (170M) (margin of error = 1.90)
[2026-04-03T02:31:48.242+0600][78.101s][info][gc,ergo     ] Free headroom: 232M (free) - 64000K (spike) - 0B (penalties) = 170M
[2026-04-03T02:31:48.242+0600][78.101s][info][gc,ergo     ] Free: 232M, Max: 512K regular, 188M humongous, Frag: 19% external, 1% internal; Reserve: 64000K, Max: 512K
[2026-04-03T02:31:48.242+0600][78.101s][info][gc,start    ] GC(83) Concurrent reset
[2026-04-03T02:31:48.242+0600][78.101s][info][gc,task     ] GC(83) Using 3 of 6 workers for concurrent reset
[2026-04-03T02:31:48.242+0600][78.101s][info][gc,ergo     ] GC(83) Pacer for Reset. Non-Taxable: 1250M
[2026-04-03T02:31:48.245+0600][78.104s][info][gc          ] GC(83) Concurrent reset 2.785ms
[2026-04-03T02:31:48.245+0600][78.104s][info][gc,start    ] GC(83) Pause Init Mark (unload classes)
[2026-04-03T02:31:48.245+0600][78.105s][info][gc,task     ] GC(83) Using 6 of 6 workers for init marking
[2026-04-03T02:31:48.245+0600][78.105s][info][gc,ergo     ] GC(83) Pacer for Mark. Expected Live: 94419K, Free: 230M, Non-Taxable: 23563K, Alloc Tax Rate: 0.5x
[2026-04-03T02:31:48.245+0600][78.105s][info][gc          ] GC(83) Pause Init Mark (unload classes) 0.163ms
[2026-04-03T02:31:48.245+0600][78.105s][info][gc,start    ] GC(83) Concurrent marking roots
[2026-04-03T02:31:48.246+0600][78.105s][info][gc,task     ] GC(83) Using 3 of 6 workers for concurrent marking roots
[2026-04-03T02:31:48.247+0600][78.106s][info][gc          ] GC(83) Concurrent marking roots 1.638ms
[2026-04-03T02:31:48.247+0600][78.106s][info][gc,start    ] GC(83) Concurrent marking (unload classes)
[2026-04-03T02:31:48.247+0600][78.106s][info][gc,task     ] GC(83) Using 3 of 6 workers for concurrent marking
[2026-04-03T02:31:48.293+0600][78.153s][info][gc          ] GC(83) Concurrent marking (unload classes) 46.338ms
[2026-04-03T02:31:48.294+0600][78.153s][info][gc,start    ] GC(83) Pause Final Mark (unload classes)
[2026-04-03T02:31:48.294+0600][78.153s][info][gc,task     ] GC(83) Using 6 of 6 workers for final marking
[2026-04-03T02:31:48.294+0600][78.154s][info][gc,ergo     ] GC(83) Adaptive CSet Selection. Target Free: 177M, Actual Free: 835M, Max CSet: 53333K, Min Garbage: 0B
[2026-04-03T02:31:48.295+0600][78.154s][info][gc,ergo     ] GC(83) Collectable Garbage: 767M (98%), Immediate: 570M (73%), CSet: 196M (25%)
[2026-04-03T02:31:48.295+0600][78.154s][info][gc,ergo     ] GC(83) Pacer for Evacuation. Used CSet: 203M, Free: 854M, Non-Taxable: 87532K, Alloc Tax Rate: 1.1x
[2026-04-03T02:31:48.295+0600][78.154s][info][gc          ] GC(83) Pause Final Mark (unload classes) 0.984ms
[2026-04-03T02:31:48.295+0600][78.154s][info][gc,start    ] GC(83) Concurrent thread roots
[2026-04-03T02:31:48.295+0600][78.154s][info][gc,task     ] GC(83) Using 3 of 6 workers for Concurrent thread roots
[2026-04-03T02:31:48.297+0600][78.156s][info][gc          ] GC(83) Concurrent thread roots 1.819ms
[2026-04-03T02:31:48.297+0600][78.156s][info][gc,start    ] GC(83) Concurrent weak references
[2026-04-03T02:31:48.297+0600][78.156s][info][gc,task     ] GC(83) Using 3 of 6 workers for concurrent weak references
[2026-04-03T02:31:48.298+0600][78.158s][info][gc,ref      ] GC(83) Encountered references: Soft: 3789, Weak: 16556, Final: 84, Phantom: 646
[2026-04-03T02:31:48.298+0600][78.158s][info][gc,ref      ] GC(83) Discovered  references: Soft: 0, Weak: 9830, Final: 52, Phantom: 642
[2026-04-03T02:31:48.298+0600][78.158s][info][gc,ref      ] GC(83) Enqueued    references: Soft: 0, Weak: 1733, Final: 0, Phantom: 0
[2026-04-03T02:31:48.298+0600][78.158s][info][gc          ] GC(83) Concurrent weak references 1.691ms
[2026-04-03T02:31:48.298+0600][78.158s][info][gc,start    ] GC(83) Concurrent weak roots
[2026-04-03T02:31:48.299+0600][78.158s][info][gc,task     ] GC(83) Using 3 of 6 workers for concurrent weak root
[2026-04-03T02:31:48.305+0600][78.164s][info][gc          ] GC(83) Concurrent weak roots 6.634ms
[2026-04-03T02:31:48.305+0600][78.165s][info][gc,start    ] GC(83) Concurrent cleanup
[2026-04-03T02:31:48.306+0600][78.165s][info][gc          ] GC(83) Concurrent cleanup 906M->335M(1018M) 0.941ms
[2026-04-03T02:31:48.306+0600][78.166s][info][gc,ergo     ] GC(83) Free: 846M, Max: 512K regular, 189M humongous, Frag: 78% external, 0% internal; Reserve: 63339K, Max: 512K
[2026-04-03T02:31:48.306+0600][78.166s][info][gc,start    ] GC(83) Concurrent class unloading
[2026-04-03T02:31:48.306+0600][78.166s][info][gc,task     ] GC(83) Using 3 of 6 workers for concurrent class unloading
[2026-04-03T02:31:48.327+0600][78.186s][info][gc          ] GC(83) Concurrent class unloading 20.836ms
[2026-04-03T02:31:48.327+0600][78.187s][info][gc,start    ] GC(83) Concurrent strong roots
[2026-04-03T02:31:48.327+0600][78.187s][info][gc,task     ] GC(83) Using 3 of 6 workers for concurrent strong root
[2026-04-03T02:31:48.329+0600][78.188s][info][gc          ] GC(83) Concurrent strong roots 1.438ms
[2026-04-03T02:31:48.330+0600][78.189s][info][gc,start    ] GC(83) Concurrent evacuation
[2026-04-03T02:31:48.330+0600][78.189s][info][gc,task     ] GC(83) Using 3 of 6 workers for concurrent evacuation
[2026-04-03T02:31:48.336+0600][78.196s][info][gc          ] GC(83) Concurrent evacuation 6.461ms
[2026-04-03T02:31:48.336+0600][78.196s][info][gc,start    ] GC(83) Pause Init Update Refs
[2026-04-03T02:31:48.337+0600][78.196s][info][gc,ergo     ] GC(83) Pacer for Update Refs. Used: 371M, Free: 818M, Non-Taxable: 83841K, Alloc Tax Rate: 1.1x
[2026-04-03T02:31:48.337+0600][78.196s][info][gc          ] GC(83) Pause Init Update Refs 0.117ms
[2026-04-03T02:31:48.337+0600][78.196s][info][gc,start    ] GC(83) Concurrent update references
[2026-04-03T02:31:48.337+0600][78.196s][info][gc,task     ] GC(83) Using 3 of 6 workers for concurrent reference update
[2026-04-03T02:31:48.395+0600][78.254s][info][gc          ] GC(83) Concurrent update references 58.202ms
[2026-04-03T02:31:48.395+0600][78.254s][info][gc,start    ] GC(83) Concurrent update thread roots
[2026-04-03T02:31:48.396+0600][78.256s][info][gc          ] GC(83) Concurrent update thread roots 1.457ms
[2026-04-03T02:31:48.397+0600][78.256s][info][gc,start    ] GC(83) Pause Final Update Refs
[2026-04-03T02:31:48.397+0600][78.256s][info][gc,task     ] GC(83) Using 6 of 6 workers for final reference update
[2026-04-03T02:31:48.397+0600][78.256s][info][gc          ] GC(83) Pause Final Update Refs 0.229ms
[2026-04-03T02:31:48.397+0600][78.256s][info][gc,start    ] GC(83) Concurrent cleanup
[2026-04-03T02:31:48.397+0600][78.257s][info][gc          ] GC(83) Concurrent cleanup 438M->234M(1018M) 0.275ms
[2026-04-03T02:31:48.397+0600][78.257s][info][gc,ergo     ] Free: 944M, Max: 512K regular, 428M humongous, Frag: 55% external, 0% internal; Reserve: 64000K, Max: 512K
[2026-04-03T02:31:48.397+0600][78.257s][info][gc,stats    ] 
[2026-04-03T02:31:48.397+0600][78.257s][info][gc,stats    ] All times are wall-clock times, except per-root-class counters, that are sum over
[2026-04-03T02:31:48.397+0600][78.257s][info][gc,stats    ] all workers. Dividing the <total> over the root stage time estimates parallelism.
[2026-04-03T02:31:48.397+0600][78.257s][info][gc,stats    ] 
[2026-04-03T02:31:48.397+0600][78.257s][info][gc,stats    ] Concurrent Reset                   2871 us
[2026-04-03T02:31:48.397+0600][78.257s][info][gc,stats    ] Pause Init Mark (G)                 515 us
[2026-04-03T02:31:48.397+0600][78.257s][info][gc,stats    ] Pause Init Mark (N)                 172 us
[2026-04-03T02:31:48.397+0600][78.257s][info][gc,stats    ]   Update Region States               27 us
[2026-04-03T02:31:48.397+0600][78.257s][info][gc,stats    ] Concurrent Mark Roots              1678 us, parallelism: 1.87x
[2026-04-03T02:31:48.397+0600][78.257s][info][gc,stats    ]   CMR: <total>                     3131 us
[2026-04-03T02:31:48.398+0600][78.257s][info][gc,stats    ]   CMR: Thread Roots                2610 us, workers (us): 1016, 575, 1019, ---, ---, ---, 
[2026-04-03T02:31:48.398+0600][78.257s][info][gc,stats    ]   CMR: VM Strong Roots               62 us, workers (us):  51,   7,   4, ---, ---, ---, 
[2026-04-03T02:31:48.398+0600][78.257s][info][gc,stats    ]   CMR: CLDG Roots                   459 us, workers (us): ---, 459, ---, ---, ---, ---, 
[2026-04-03T02:31:48.398+0600][78.257s][info][gc,stats    ] Concurrent Marking                46434 us
[2026-04-03T02:31:48.398+0600][78.257s][info][gc,stats    ] Pause Final Mark (G)               1264 us
[2026-04-03T02:31:48.398+0600][78.257s][info][gc,stats    ] Pause Final Mark (N)               1000 us
[2026-04-03T02:31:48.398+0600][78.257s][info][gc,stats    ]   Finish Mark                       390 us
[2026-04-03T02:31:48.398+0600][78.257s][info][gc,stats    ]   Update Region States               51 us
[2026-04-03T02:31:48.398+0600][78.257s][info][gc,stats    ]   Choose Collection Set             294 us
[2026-04-03T02:31:48.398+0600][78.257s][info][gc,stats    ]   Rebuild Free Set                   46 us
[2026-04-03T02:31:48.398+0600][78.257s][info][gc,stats    ] Concurrent Thread Roots            1937 us, parallelism: 2.49x
[2026-04-03T02:31:48.398+0600][78.257s][info][gc,stats    ]   CTR: <total>                     4830 us
[2026-04-03T02:31:48.398+0600][78.257s][info][gc,stats    ]   CTR: Thread Roots                4830 us, workers (us): 1628, 1608, 1593, ---, ---, ---, 
[2026-04-03T02:31:48.398+0600][78.257s][info][gc,stats    ] Concurrent Weak References         1707 us, parallelism: 1.11x
[2026-04-03T02:31:48.398+0600][78.257s][info][gc,stats    ]   CWRF: <total>                    1889 us
[2026-04-03T02:31:48.398+0600][78.257s][info][gc,stats    ]   CWRF: Weak References            1889 us, workers (us): 214, 1424, 252, ---, ---, ---, 
[2026-04-03T02:31:48.398+0600][78.257s][info][gc,stats    ] Concurrent Weak Roots              6743 us
[2026-04-03T02:31:48.398+0600][78.257s][info][gc,stats    ]   Roots                            6105 us, parallelism: 2.71x
[2026-04-03T02:31:48.398+0600][78.257s][info][gc,stats    ]     CWR: <total>                  16557 us
[2026-04-03T02:31:48.398+0600][78.257s][info][gc,stats    ]     CWR: Code Cache Roots         13105 us, workers (us): 4425, 4417, 4263, ---, ---, ---, 
[2026-04-03T02:31:48.398+0600][78.257s][info][gc,stats    ]     CWR: VM Weak Roots             3332 us, workers (us): 1134, 1111, 1087, ---, ---, ---, 
[2026-04-03T02:31:48.398+0600][78.257s][info][gc,stats    ]     CWR: CLDG Roots                 120 us, workers (us): ---, 120, ---, ---, ---, ---, 
[2026-04-03T02:31:48.398+0600][78.257s][info][gc,stats    ]   Rendezvous                        466 us
[2026-04-03T02:31:48.398+0600][78.257s][info][gc,stats    ] Concurrent Cleanup                  972 us
[2026-04-03T02:31:48.398+0600][78.257s][info][gc,stats    ] Concurrent Class Unloading        20943 us
[2026-04-03T02:31:48.398+0600][78.257s][info][gc,stats    ]   Unlink Stale                    18958 us
[2026-04-03T02:31:48.398+0600][78.257s][info][gc,stats    ]     System Dictionary               262 us
[2026-04-03T02:31:48.398+0600][78.257s][info][gc,stats    ]     Weak Class Links                  0 us
[2026-04-03T02:31:48.398+0600][78.257s][info][gc,stats    ]     Code Roots                    18692 us
[2026-04-03T02:31:48.398+0600][78.257s][info][gc,stats    ]   Rendezvous                        369 us
[2026-04-03T02:31:48.398+0600][78.257s][info][gc,stats    ]   Purge Unlinked                   1464 us
[2026-04-03T02:31:48.398+0600][78.257s][info][gc,stats    ]     Code Roots                     1445 us
[2026-04-03T02:31:48.398+0600][78.257s][info][gc,stats    ]     CLDG                             17 us
[2026-04-03T02:31:48.398+0600][78.257s][info][gc,stats    ]     Exception Caches                  1 us
[2026-04-03T02:31:48.398+0600][78.257s][info][gc,stats    ] Concurrent Strong Roots            2505 us, parallelism: 0.39x
[2026-04-03T02:31:48.398+0600][78.257s][info][gc,stats    ]   CSR: <total>                      974 us
[2026-04-03T02:31:48.398+0600][78.257s][info][gc,stats    ]   CSR: VM Strong Roots               68 us, workers (us):  61,   7,   0, ---, ---, ---, 
[2026-04-03T02:31:48.398+0600][78.257s][info][gc,stats    ]   CSR: CLDG Roots                   905 us, workers (us): ---, 905, ---, ---, ---, ---, 
[2026-04-03T02:31:48.398+0600][78.257s][info][gc,stats    ] Concurrent Evacuation              6545 us
[2026-04-03T02:31:48.398+0600][78.257s][info][gc,stats    ] Pause Init Update Refs (G)          320 us
[2026-04-03T02:31:48.398+0600][78.257s][info][gc,stats    ] Pause Init Update Refs (N)          129 us
[2026-04-03T02:31:48.398+0600][78.257s][info][gc,stats    ]   Manage GCLABs                      26 us
[2026-04-03T02:31:48.398+0600][78.257s][info][gc,stats    ] Concurrent Update Refs            58321 us
[2026-04-03T02:31:48.398+0600][78.257s][info][gc,stats    ] Concurrent Update Thread Roots     1525 us
[2026-04-03T02:31:48.398+0600][78.257s][info][gc,stats    ] Pause Final Update Refs (G)         506 us
[2026-04-03T02:31:48.398+0600][78.257s][info][gc,stats    ] Pause Final Update Refs (N)         255 us
[2026-04-03T02:31:48.398+0600][78.257s][info][gc,stats    ]   Update Region States               71 us
[2026-04-03T02:31:48.398+0600][78.257s][info][gc,stats    ]   Trash Collection Set               22 us
[2026-04-03T02:31:48.398+0600][78.257s][info][gc,stats    ]   Rebuild Free Set                   47 us
[2026-04-03T02:31:48.398+0600][78.257s][info][gc,stats    ] Concurrent Cleanup                  302 us
[2026-04-03T02:31:48.398+0600][78.257s][info][gc,stats    ] 
[2026-04-03T02:31:48.398+0600][78.257s][info][gc,stats    ] Allocation pacing accrued:
[2026-04-03T02:31:48.398+0600][78.258s][info][gc,stats    ]       0 of   825 ms (  0.0%): <total>
[2026-04-03T02:31:48.398+0600][78.258s][info][gc,stats    ]       0 of   825 ms (  0.0%): <average total>
[2026-04-03T02:31:48.398+0600][78.258s][info][gc,stats    ] 
[2026-04-03T02:31:48.398+0600][78.258s][info][gc,metaspace] Metaspace: 131486K(132800K)->131488K(132800K) NonClass: 115021K(115648K)->115022K(115648K) Class: 16464K(17152K)->16465K(17152K)
[2026-04-03T02:31:48.398+0600][78.258s][info][gc,ergo     ] Pacer for Idle. Initial: 25600K, Alloc Tax Rate: 1.0x
[2026-04-03T02:31:48.600+0600][78.459s][info][gc          ] Trigger: Average GC time (179.10 ms) is above the time for average allocation rate (2497 MB/s) to deplete free headroom (370M) (margin of error = 1.90)
[2026-04-03T02:31:48.600+0600][78.459s][info][gc,ergo     ] Free headroom: 432M (free) - 64000K (spike) - 0B (penalties) = 370M
[2026-04-03T02:31:48.600+0600][78.459s][info][gc,ergo     ] Free: 432M, Max: 512K regular, 202M humongous, Frag: 54% external, 0% internal; Reserve: 64000K, Max: 512K
[2026-04-03T02:31:48.600+0600][78.459s][info][gc,start    ] GC(84) Concurrent reset
[2026-04-03T02:31:48.600+0600][78.459s][info][gc,task     ] GC(84) Using 3 of 6 workers for concurrent reset
[2026-04-03T02:31:48.600+0600][78.459s][info][gc,ergo     ] GC(84) Pacer for Reset. Non-Taxable: 1250M
[2026-04-03T02:31:48.602+0600][78.461s][info][gc          ] GC(84) Concurrent reset 2.026ms
[2026-04-03T02:31:48.602+0600][78.462s][info][gc,start    ] GC(84) Pause Init Mark (unload classes)
[2026-04-03T02:31:48.602+0600][78.462s][info][gc,task     ] GC(84) Using 6 of 6 workers for init marking
[2026-04-03T02:31:48.602+0600][78.462s][info][gc,ergo     ] GC(84) Pacer for Mark. Expected Live: 95037K, Free: 428M, Non-Taxable: 43862K, Alloc Tax Rate: 0.3x
[2026-04-03T02:31:48.602+0600][78.462s][info][gc          ] GC(84) Pause Init Mark (unload classes) 0.144ms
[2026-04-03T02:31:48.603+0600][78.462s][info][gc,start    ] GC(84) Concurrent marking roots
[2026-04-03T02:31:48.603+0600][78.462s][info][gc,task     ] GC(84) Using 3 of 6 workers for concurrent marking roots
[2026-04-03T02:31:48.606+0600][78.465s][info][gc          ] GC(84) Concurrent marking roots 3.131ms
[2026-04-03T02:31:48.606+0600][78.465s][info][gc,start    ] GC(84) Concurrent marking (unload classes)
[2026-04-03T02:31:48.606+0600][78.465s][info][gc,task     ] GC(84) Using 3 of 6 workers for concurrent marking
[2026-04-03T02:31:48.657+0600][78.516s][info][gc          ] GC(84) Concurrent marking (unload classes) 51.256ms
[2026-04-03T02:31:48.657+0600][78.517s][info][gc,start    ] GC(84) Pause Final Mark (unload classes)
[2026-04-03T02:31:48.657+0600][78.517s][info][gc,task     ] GC(84) Using 6 of 6 workers for final marking
[2026-04-03T02:31:48.658+0600][78.517s][info][gc,ergo     ] GC(84) Adaptive CSet Selection. Target Free: 177M, Actual Free: 977M, Max CSet: 53333K, Min Garbage: 0B
[2026-04-03T02:31:48.658+0600][78.517s][info][gc,ergo     ] GC(84) Collectable Garbage: 601M (98%), Immediate: 529M (86%), CSet: 73626K (11%)
[2026-04-03T02:31:48.658+0600][78.517s][info][gc,ergo     ] GC(84) Pacer for Evacuation. Used CSet: 79623K, Free: 968M, Non-Taxable: 99165K, Alloc Tax Rate: 1.1x
[2026-04-03T02:31:48.658+0600][78.517s][info][gc          ] GC(84) Pause Final Mark (unload classes) 0.777ms
[2026-04-03T02:31:48.658+0600][78.518s][info][gc,start    ] GC(84) Concurrent thread roots
[2026-04-03T02:31:48.658+0600][78.518s][info][gc,task     ] GC(84) Using 3 of 6 workers for Concurrent thread roots
[2026-04-03T02:31:48.659+0600][78.519s][info][gc          ] GC(84) Concurrent thread roots 1.209ms
[2026-04-03T02:31:48.659+0600][78.519s][info][gc,start    ] GC(84) Concurrent weak references
[2026-04-03T02:31:48.659+0600][78.519s][info][gc,task     ] GC(84) Using 3 of 6 workers for concurrent weak references
[2026-04-03T02:31:48.661+0600][78.520s][info][gc,ref      ] GC(84) Encountered references: Soft: 3792, Weak: 15345, Final: 84, Phantom: 621
[2026-04-03T02:31:48.661+0600][78.520s][info][gc,ref      ] GC(84) Discovered  references: Soft: 0, Weak: 8317, Final: 52, Phantom: 221
[2026-04-03T02:31:48.661+0600][78.520s][info][gc,ref      ] GC(84) Enqueued    references: Soft: 0, Weak: 576, Final: 0, Phantom: 0
[2026-04-03T02:31:48.661+0600][78.520s][info][gc          ] GC(84) Concurrent weak references 1.134ms
[2026-04-03T02:31:48.661+0600][78.520s][info][gc,start    ] GC(84) Concurrent weak roots
[2026-04-03T02:31:48.661+0600][78.520s][info][gc,task     ] GC(84) Using 3 of 6 workers for concurrent weak root
[2026-04-03T02:31:48.669+0600][78.528s][info][gc          ] GC(84) Concurrent weak roots 7.946ms
[2026-04-03T02:31:48.669+0600][78.528s][info][gc,start    ] GC(84) Concurrent cleanup
[2026-04-03T02:31:48.670+0600][78.529s][info][gc          ] GC(84) Concurrent cleanup 820M->296M(1018M) 0.960ms
[2026-04-03T02:31:48.670+0600][78.529s][info][gc,ergo     ] GC(84) Free: 875M, Max: 512K regular, 202M humongous, Frag: 77% external, 0% internal; Reserve: 63282K, Max: 512K
[2026-04-03T02:31:48.670+0600][78.529s][info][gc,start    ] GC(84) Concurrent class unloading
[2026-04-03T02:31:48.670+0600][78.529s][info][gc,task     ] GC(84) Using 3 of 6 workers for concurrent class unloading
[2026-04-03T02:31:48.685+0600][78.544s][info][gc          ] GC(84) Concurrent class unloading 15.033ms
[2026-04-03T02:31:48.685+0600][78.544s][info][gc,start    ] GC(84) Concurrent strong roots
[2026-04-03T02:31:48.685+0600][78.544s][info][gc,task     ] GC(84) Using 3 of 6 workers for concurrent strong root
[2026-04-03T02:31:48.686+0600][78.546s][info][gc          ] GC(84) Concurrent strong roots 1.555ms
[2026-04-03T02:31:48.687+0600][78.546s][info][gc,start    ] GC(84) Concurrent evacuation
[2026-04-03T02:31:48.687+0600][78.546s][info][gc,task     ] GC(84) Using 3 of 6 workers for concurrent evacuation
[2026-04-03T02:31:48.690+0600][78.549s][info][gc          ] GC(84) Concurrent evacuation 3.215ms
[2026-04-03T02:31:48.691+0600][78.550s][info][gc,start    ] GC(84) Pause Init Update Refs
[2026-04-03T02:31:48.691+0600][78.550s][info][gc,ergo     ] GC(84) Pacer for Update Refs. Used: 354M, Free: 818M, Non-Taxable: 83789K, Alloc Tax Rate: 1.1x
[2026-04-03T02:31:48.691+0600][78.550s][info][gc          ] GC(84) Pause Init Update Refs 0.167ms
[2026-04-03T02:31:48.691+0600][78.550s][info][gc,start    ] GC(84) Concurrent update references
[2026-04-03T02:31:48.691+0600][78.550s][info][gc,task     ] GC(84) Using 3 of 6 workers for concurrent reference update
[2026-04-03T02:31:48.743+0600][78.602s][info][gc          ] GC(84) Concurrent update references 51.677ms
[2026-04-03T02:31:48.743+0600][78.602s][info][gc,start    ] GC(84) Concurrent update thread roots
[2026-04-03T02:31:48.744+0600][78.604s][info][gc          ] GC(84) Concurrent update thread roots 1.799ms
[2026-04-03T02:31:48.745+0600][78.604s][info][gc,start    ] GC(84) Pause Final Update Refs
[2026-04-03T02:31:48.745+0600][78.604s][info][gc,task     ] GC(84) Using 6 of 6 workers for final reference update
[2026-04-03T02:31:48.745+0600][78.604s][info][gc          ] GC(84) Pause Final Update Refs 0.226ms
[2026-04-03T02:31:48.745+0600][78.604s][info][gc,start    ] GC(84) Concurrent cleanup
[2026-04-03T02:31:48.745+0600][78.605s][info][gc          ] GC(84) Concurrent cleanup 523M->446M(1019M) 0.532ms
[2026-04-03T02:31:48.746+0600][78.605s][info][gc,ergo     ] Free: 699M, Max: 512K regular, 262M humongous, Frag: 63% external, 0% internal; Reserve: 64000K, Max: 512K
[2026-04-03T02:31:48.746+0600][78.605s][info][gc,stats    ] 
[2026-04-03T02:31:48.746+0600][78.605s][info][gc,stats    ] All times are wall-clock times, except per-root-class counters, that are sum over
[2026-04-03T02:31:48.746+0600][78.605s][info][gc,stats    ] all workers. Dividing the <total> over the root stage time estimates parallelism.
[2026-04-03T02:31:48.746+0600][78.605s][info][gc,stats    ] 
[2026-04-03T02:31:48.746+0600][78.605s][info][gc,stats    ] Concurrent Reset                   2080 us
[2026-04-03T02:31:48.746+0600][78.605s][info][gc,stats    ] Pause Init Mark (G)                 400 us
[2026-04-03T02:31:48.746+0600][78.605s][info][gc,stats    ] Pause Init Mark (N)                 155 us
[2026-04-03T02:31:48.746+0600][78.605s][info][gc,stats    ]   Update Region States               35 us
[2026-04-03T02:31:48.746+0600][78.605s][info][gc,stats    ] Concurrent Mark Roots              3188 us, parallelism: 0.83x
[2026-04-03T02:31:48.746+0600][78.605s][info][gc,stats    ]   CMR: <total>                     2662 us
[2026-04-03T02:31:48.746+0600][78.605s][info][gc,stats    ]   CMR: Thread Roots                2175 us, workers (us): 2175,   0,   0, ---, ---, ---, 
[2026-04-03T02:31:48.746+0600][78.605s][info][gc,stats    ]   CMR: VM Strong Roots               51 us, workers (us):  51,   0,   0, ---, ---, ---, 
[2026-04-03T02:31:48.746+0600][78.605s][info][gc,stats    ]   CMR: CLDG Roots                   435 us, workers (us): 435, ---, ---, ---, ---, ---, 
[2026-04-03T02:31:48.746+0600][78.605s][info][gc,stats    ] Concurrent Marking                51335 us
[2026-04-03T02:31:48.746+0600][78.605s][info][gc,stats    ] Pause Final Mark (G)               1155 us
[2026-04-03T02:31:48.746+0600][78.605s][info][gc,stats    ] Pause Final Mark (N)                792 us
[2026-04-03T02:31:48.746+0600][78.605s][info][gc,stats    ]   Finish Mark                       230 us
[2026-04-03T02:31:48.746+0600][78.605s][info][gc,stats    ]   Update Region States               55 us
[2026-04-03T02:31:48.746+0600][78.605s][info][gc,stats    ]   Choose Collection Set             312 us
[2026-04-03T02:31:48.746+0600][78.605s][info][gc,stats    ]   Rebuild Free Set                   45 us
[2026-04-03T02:31:48.746+0600][78.605s][info][gc,stats    ] Concurrent Thread Roots            1236 us, parallelism: 2.60x
[2026-04-03T02:31:48.746+0600][78.605s][info][gc,stats    ]   CTR: <total>                     3214 us
[2026-04-03T02:31:48.746+0600][78.605s][info][gc,stats    ]   CTR: Thread Roots                3214 us, workers (us): 1078, 1075, 1061, ---, ---, ---, 
[2026-04-03T02:31:48.746+0600][78.605s][info][gc,stats    ] Concurrent Weak References         1144 us, parallelism: 1.01x
[2026-04-03T02:31:48.746+0600][78.605s][info][gc,stats    ]   CWRF: <total>                    1150 us
[2026-04-03T02:31:48.746+0600][78.605s][info][gc,stats    ]   CWRF: Weak References            1150 us, workers (us): 117, 172, 862, ---, ---, ---, 
[2026-04-03T02:31:48.746+0600][78.605s][info][gc,stats    ] Concurrent Weak Roots              8141 us
[2026-04-03T02:31:48.746+0600][78.605s][info][gc,stats    ]   Roots                            7283 us, parallelism: 2.75x
[2026-04-03T02:31:48.746+0600][78.605s][info][gc,stats    ]     CWR: <total>                  20003 us
[2026-04-03T02:31:48.746+0600][78.605s][info][gc,stats    ]     CWR: Code Cache Roots         16868 us, workers (us): 5904, 5393, 5571, ---, ---, ---, 
[2026-04-03T02:31:48.746+0600][78.605s][info][gc,stats    ]     CWR: VM Weak Roots             2965 us, workers (us): 1000, 991, 975, ---, ---, ---, 
[2026-04-03T02:31:48.746+0600][78.605s][info][gc,stats    ]     CWR: CLDG Roots                 170 us, workers (us): ---, 170, ---, ---, ---, ---, 
[2026-04-03T02:31:48.746+0600][78.605s][info][gc,stats    ]   Rendezvous                        626 us
[2026-04-03T02:31:48.746+0600][78.605s][info][gc,stats    ] Concurrent Cleanup                 1000 us
[2026-04-03T02:31:48.746+0600][78.605s][info][gc,stats    ] Concurrent Class Unloading        15106 us
[2026-04-03T02:31:48.746+0600][78.605s][info][gc,stats    ]   Unlink Stale                    14006 us
[2026-04-03T02:31:48.746+0600][78.605s][info][gc,stats    ]     System Dictionary               306 us
[2026-04-03T02:31:48.746+0600][78.605s][info][gc,stats    ]     Weak Class Links                  0 us
[2026-04-03T02:31:48.746+0600][78.605s][info][gc,stats    ]     Code Roots                    13696 us
[2026-04-03T02:31:48.746+0600][78.606s][info][gc,stats    ]   Rendezvous                        270 us
[2026-04-03T02:31:48.746+0600][78.606s][info][gc,stats    ]   Purge Unlinked                    729 us
[2026-04-03T02:31:48.746+0600][78.606s][info][gc,stats    ]     Code Roots                      719 us
[2026-04-03T02:31:48.746+0600][78.606s][info][gc,stats    ]     CLDG                              9 us
[2026-04-03T02:31:48.746+0600][78.606s][info][gc,stats    ]     Exception Caches                  1 us
[2026-04-03T02:31:48.746+0600][78.606s][info][gc,stats    ] Concurrent Strong Roots            1609 us, parallelism: 0.68x
[2026-04-03T02:31:48.746+0600][78.606s][info][gc,stats    ]   CSR: <total>                     1098 us
[2026-04-03T02:31:48.746+0600][78.606s][info][gc,stats    ]   CSR: VM Strong Roots               43 us, workers (us):  43,   1,   0, ---, ---, ---, 
[2026-04-03T02:31:48.746+0600][78.606s][info][gc,stats    ]   CSR: CLDG Roots                  1055 us, workers (us): 1055, ---, ---, ---, ---, ---, 
[2026-04-03T02:31:48.746+0600][78.606s][info][gc,stats    ] Concurrent Evacuation              3292 us
[2026-04-03T02:31:48.746+0600][78.606s][info][gc,stats    ] Pause Init Update Refs (G)         1034 us
[2026-04-03T02:31:48.746+0600][78.606s][info][gc,stats    ] Pause Init Update Refs (N)          180 us
[2026-04-03T02:31:48.746+0600][78.606s][info][gc,stats    ]   Manage GCLABs                      58 us
[2026-04-03T02:31:48.746+0600][78.606s][info][gc,stats    ] Concurrent Update Refs            51786 us
[2026-04-03T02:31:48.746+0600][78.606s][info][gc,stats    ] Concurrent Update Thread Roots     1839 us
[2026-04-03T02:31:48.746+0600][78.606s][info][gc,stats    ] Pause Final Update Refs (G)         460 us
[2026-04-03T02:31:48.746+0600][78.606s][info][gc,stats    ] Pause Final Update Refs (N)         242 us
[2026-04-03T02:31:48.746+0600][78.606s][info][gc,stats    ]   Update Region States               75 us
[2026-04-03T02:31:48.746+0600][78.606s][info][gc,stats    ]   Trash Collection Set               12 us
[2026-04-03T02:31:48.746+0600][78.606s][info][gc,stats    ]   Rebuild Free Set                   37 us
[2026-04-03T02:31:48.746+0600][78.606s][info][gc,stats    ] Concurrent Cleanup                  559 us
[2026-04-03T02:31:48.746+0600][78.606s][info][gc,stats    ] Pacing                           129144 us
[2026-04-03T02:31:48.746+0600][78.606s][info][gc,stats    ] 
[2026-04-03T02:31:48.746+0600][78.606s][info][gc,stats    ] Allocation pacing accrued:
[2026-04-03T02:31:48.746+0600][78.606s][info][gc,stats    ]      17 of   348 ms (  5.0%): dispatcher-BlockManagerMaster
[2026-04-03T02:31:48.746+0600][78.606s][info][gc,stats    ]      17 of   348 ms (  4.9%): Executor task launch worker for task 0.0 in stage 3549.0 (TID 6541)
[2026-04-03T02:31:48.747+0600][78.606s][info][gc,stats    ]      16 of   348 ms (  4.7%): Executor task launch worker for task 1.0 in stage 3549.0 (TID 6542)
[2026-04-03T02:31:48.747+0600][78.606s][info][gc,stats    ]      16 of   348 ms (  4.7%): Executor task launch worker for task 3.0 in stage 3549.0 (TID 6544)
[2026-04-03T02:31:48.747+0600][78.606s][info][gc,stats    ]      16 of   348 ms (  4.7%): Executor task launch worker for task 2.0 in stage 3549.0 (TID 6543)
[2026-04-03T02:31:48.747+0600][78.606s][info][gc,stats    ]       6 of   348 ms (  1.8%): block-manager-ask-thread-pool-0
[2026-04-03T02:31:48.747+0600][78.606s][info][gc,stats    ]      17 of   348 ms (  4.9%): block-manager-storage-async-thread-pool-57
[2026-04-03T02:31:48.747+0600][78.606s][info][gc,stats    ]      11 of   348 ms (  3.2%): block-manager-storage-async-thread-pool-70
[2026-04-03T02:31:48.747+0600][78.606s][info][gc,stats    ]      11 of   348 ms (  3.2%): block-manager-ask-thread-pool-97
[2026-04-03T02:31:48.747+0600][78.606s][info][gc,stats    ]     129 of   348 ms ( 37.1%): <total>
[2026-04-03T02:31:48.747+0600][78.606s][info][gc,stats    ]       0 of   348 ms (  0.1%): <average total>
[2026-04-03T02:31:48.747+0600][78.606s][info][gc,stats    ]      14 of   348 ms (  4.1%): <average non-zero>
[2026-04-03T02:31:48.747+0600][78.606s][info][gc,stats    ] 
[2026-04-03T02:31:48.747+0600][78.606s][info][gc,metaspace] Metaspace: 131494K(132800K)->131497K(132800K) NonClass: 115028K(115648K)->115030K(115648K) Class: 16465K(17152K)->16466K(17152K)
[2026-04-03T02:31:48.747+0600][78.606s][info][gc,ergo     ] Pacer for Idle. Initial: 25600K, Alloc Tax Rate: 1.0x
[2026-04-03T02:31:49.278+0600][79.137s][info][gc          ] Trigger: Average GC time (170.62 ms) is above the time for average allocation rate (1034 MB/s) to deplete free headroom (175M) (margin of error = 1.93)
[2026-04-03T02:31:49.278+0600][79.138s][info][gc,ergo     ] Free headroom: 238M (free) - 64000K (spike) - 0B (penalties) = 175M
[2026-04-03T02:31:49.278+0600][79.138s][info][gc,ergo     ] Free: 238M, Max: 512K regular, 203M humongous, Frag: 15% external, 0% internal; Reserve: 64000K, Max: 512K
[2026-04-03T02:31:49.278+0600][79.138s][info][gc,start    ] GC(85) Concurrent reset
[2026-04-03T02:31:49.278+0600][79.138s][info][gc,task     ] GC(85) Using 3 of 6 workers for concurrent reset
[2026-04-03T02:31:49.278+0600][79.138s][info][gc,ergo     ] GC(85) Pacer for Reset. Non-Taxable: 1250M
[2026-04-03T02:31:49.280+0600][79.139s][info][gc          ] GC(85) Concurrent reset 1.382ms
[2026-04-03T02:31:49.280+0600][79.139s][info][gc,start    ] GC(85) Pause Init Mark (unload classes)
[2026-04-03T02:31:49.280+0600][79.139s][info][gc,task     ] GC(85) Using 6 of 6 workers for init marking
[2026-04-03T02:31:49.280+0600][79.139s][info][gc,ergo     ] GC(85) Pacer for Mark. Expected Live: 95465K, Free: 235M, Non-Taxable: 24085K, Alloc Tax Rate: 0.5x
[2026-04-03T02:31:49.280+0600][79.139s][info][gc          ] GC(85) Pause Init Mark (unload classes) 0.156ms
[2026-04-03T02:31:49.280+0600][79.140s][info][gc,start    ] GC(85) Concurrent marking roots
[2026-04-03T02:31:49.280+0600][79.140s][info][gc,task     ] GC(85) Using 3 of 6 workers for concurrent marking roots
[2026-04-03T02:31:49.282+0600][79.141s][info][gc          ] GC(85) Concurrent marking roots 1.488ms
[2026-04-03T02:31:49.282+0600][79.141s][info][gc,start    ] GC(85) Concurrent marking (unload classes)
[2026-04-03T02:31:49.282+0600][79.141s][info][gc,task     ] GC(85) Using 3 of 6 workers for concurrent marking
[2026-04-03T02:31:49.345+0600][79.205s][info][gc          ] GC(85) Concurrent marking (unload classes) 63.423ms
[2026-04-03T02:31:49.346+0600][79.205s][info][gc,start    ] GC(85) Pause Final Mark (unload classes)
[2026-04-03T02:31:49.346+0600][79.205s][info][gc,task     ] GC(85) Using 6 of 6 workers for final marking
[2026-04-03T02:31:49.346+0600][79.205s][info][gc,ergo     ] GC(85) Adaptive CSet Selection. Target Free: 177M, Actual Free: 834M, Max CSet: 53333K, Min Garbage: 0B
[2026-04-03T02:31:49.346+0600][79.206s][info][gc,ergo     ] GC(85) Collectable Garbage: 773M (98%), Immediate: 573M (73%), CSet: 199M (25%)
[2026-04-03T02:31:49.346+0600][79.206s][info][gc,ergo     ] GC(85) Pacer for Evacuation. Used CSet: 207M, Free: 847M, Non-Taxable: 86764K, Alloc Tax Rate: 1.1x
[2026-04-03T02:31:49.346+0600][79.206s][info][gc          ] GC(85) Pause Final Mark (unload classes) 0.959ms
[2026-04-03T02:31:49.347+0600][79.206s][info][gc,start    ] GC(85) Concurrent thread roots
[2026-04-03T02:31:49.347+0600][79.206s][info][gc,task     ] GC(85) Using 3 of 6 workers for Concurrent thread roots
[2026-04-03T02:31:49.348+0600][79.207s][info][gc          ] GC(85) Concurrent thread roots 0.941ms
[2026-04-03T02:31:49.348+0600][79.207s][info][gc,start    ] GC(85) Concurrent weak references
[2026-04-03T02:31:49.348+0600][79.207s][info][gc,task     ] GC(85) Using 3 of 6 workers for concurrent weak references
[2026-04-03T02:31:49.348+0600][79.208s][info][gc,ref      ] GC(85) Encountered references: Soft: 3788, Weak: 15489, Final: 84, Phantom: 621
[2026-04-03T02:31:49.348+0600][79.208s][info][gc,ref      ] GC(85) Discovered  references: Soft: 0, Weak: 8917, Final: 0, Phantom: 222
[2026-04-03T02:31:49.349+0600][79.208s][info][gc,ref      ] GC(85) Enqueued    references: Soft: 0, Weak: 610, Final: 0, Phantom: 0
[2026-04-03T02:31:49.349+0600][79.208s][info][gc          ] GC(85) Concurrent weak references 0.874ms
[2026-04-03T02:31:49.349+0600][79.208s][info][gc,start    ] GC(85) Concurrent weak roots
[2026-04-03T02:31:49.349+0600][79.208s][info][gc,task     ] GC(85) Using 3 of 6 workers for concurrent weak root
[2026-04-03T02:31:49.354+0600][79.213s][info][gc          ] GC(85) Concurrent weak roots 5.605ms
[2026-04-03T02:31:49.354+0600][79.214s][info][gc,start    ] GC(85) Concurrent cleanup
[2026-04-03T02:31:49.355+0600][79.214s][info][gc          ] GC(85) Concurrent cleanup 915M->344M(1019M) 0.602ms
[2026-04-03T02:31:49.355+0600][79.214s][info][gc,ergo     ] GC(85) Free: 835M, Max: 512K regular, 187M humongous, Frag: 78% external, 0% internal; Reserve: 63357K, Max: 512K
[2026-04-03T02:31:49.355+0600][79.214s][info][gc,start    ] GC(85) Concurrent class unloading
[2026-04-03T02:31:49.355+0600][79.214s][info][gc,task     ] GC(85) Using 3 of 6 workers for concurrent class unloading
[2026-04-03T02:31:49.372+0600][79.231s][info][gc          ] GC(85) Concurrent class unloading 16.926ms
[2026-04-03T02:31:49.372+0600][79.231s][info][gc,start    ] GC(85) Concurrent strong roots
[2026-04-03T02:31:49.372+0600][79.231s][info][gc,task     ] GC(85) Using 3 of 6 workers for concurrent strong root
[2026-04-03T02:31:49.374+0600][79.233s][info][gc          ] GC(85) Concurrent strong roots 1.849ms
[2026-04-03T02:31:49.374+0600][79.233s][info][gc,start    ] GC(85) Concurrent evacuation
[2026-04-03T02:31:49.374+0600][79.233s][info][gc,task     ] GC(85) Using 3 of 6 workers for concurrent evacuation
[2026-04-03T02:31:49.380+0600][79.239s][info][gc          ] GC(85) Concurrent evacuation 5.966ms
[2026-04-03T02:31:49.380+0600][79.240s][info][gc,start    ] GC(85) Pause Init Update Refs
[2026-04-03T02:31:49.380+0600][79.240s][info][gc,ergo     ] GC(85) Pacer for Update Refs. Used: 365M, Free: 822M, Non-Taxable: 84236K, Alloc Tax Rate: 1.1x
[2026-04-03T02:31:49.380+0600][79.240s][info][gc          ] GC(85) Pause Init Update Refs 0.149ms
[2026-04-03T02:31:49.380+0600][79.240s][info][gc,start    ] GC(85) Concurrent update references
[2026-04-03T02:31:49.380+0600][79.240s][info][gc,task     ] GC(85) Using 3 of 6 workers for concurrent reference update
[2026-04-03T02:31:49.436+0600][79.295s][info][gc          ] GC(85) Concurrent update references 55.570ms
[2026-04-03T02:31:49.436+0600][79.295s][info][gc,start    ] GC(85) Concurrent update thread roots
[2026-04-03T02:31:49.438+0600][79.297s][info][gc          ] GC(85) Concurrent update thread roots 1.876ms
[2026-04-03T02:31:49.438+0600][79.298s][info][gc,start    ] GC(85) Pause Final Update Refs
[2026-04-03T02:31:49.438+0600][79.298s][info][gc,task     ] GC(85) Using 6 of 6 workers for final reference update
[2026-04-03T02:31:49.438+0600][79.298s][info][gc          ] GC(85) Pause Final Update Refs 0.232ms
[2026-04-03T02:31:49.439+0600][79.298s][info][gc,start    ] GC(85) Concurrent cleanup
[2026-04-03T02:31:49.439+0600][79.299s][info][gc          ] GC(85) Concurrent cleanup 411M->203M(1020M) 0.669ms
[2026-04-03T02:31:49.439+0600][79.299s][info][gc,ergo     ] Free: 970M, Max: 512K regular, 490M humongous, Frag: 50% external, 0% internal; Reserve: 64000K, Max: 512K
[2026-04-03T02:31:49.439+0600][79.299s][info][gc,stats    ] 
[2026-04-03T02:31:49.439+0600][79.299s][info][gc,stats    ] All times are wall-clock times, except per-root-class counters, that are sum over
[2026-04-03T02:31:49.439+0600][79.299s][info][gc,stats    ] all workers. Dividing the <total> over the root stage time estimates parallelism.
[2026-04-03T02:31:49.439+0600][79.299s][info][gc,stats    ] 
[2026-04-03T02:31:49.439+0600][79.299s][info][gc,stats    ] Concurrent Reset                   1479 us
[2026-04-03T02:31:49.439+0600][79.299s][info][gc,stats    ] Pause Init Mark (G)                 610 us
[2026-04-03T02:31:49.440+0600][79.299s][info][gc,stats    ] Pause Init Mark (N)                 170 us
[2026-04-03T02:31:49.440+0600][79.299s][info][gc,stats    ]   Update Region States               31 us
[2026-04-03T02:31:49.440+0600][79.299s][info][gc,stats    ] Concurrent Mark Roots              1524 us, parallelism: 1.86x
[2026-04-03T02:31:49.440+0600][79.299s][info][gc,stats    ]   CMR: <total>                     2828 us
[2026-04-03T02:31:49.440+0600][79.299s][info][gc,stats    ]   CMR: Thread Roots                2499 us, workers (us): 923, 663, 913, ---, ---, ---, 
[2026-04-03T02:31:49.440+0600][79.299s][info][gc,stats    ]   CMR: VM Strong Roots               61 us, workers (us):  33,  25,   3, ---, ---, ---, 
[2026-04-03T02:31:49.440+0600][79.299s][info][gc,stats    ]   CMR: CLDG Roots                   268 us, workers (us): ---, 268, ---, ---, ---, ---, 
[2026-04-03T02:31:49.440+0600][79.299s][info][gc,stats    ] Concurrent Marking                63496 us
[2026-04-03T02:31:49.440+0600][79.299s][info][gc,stats    ] Pause Final Mark (G)               1246 us
[2026-04-03T02:31:49.440+0600][79.299s][info][gc,stats    ] Pause Final Mark (N)                976 us
[2026-04-03T02:31:49.440+0600][79.299s][info][gc,stats    ]   Finish Mark                       441 us
[2026-04-03T02:31:49.440+0600][79.299s][info][gc,stats    ]   Update Region States               45 us
[2026-04-03T02:31:49.440+0600][79.299s][info][gc,stats    ]   Choose Collection Set             307 us
[2026-04-03T02:31:49.440+0600][79.299s][info][gc,stats    ]   Rebuild Free Set                   47 us
[2026-04-03T02:31:49.440+0600][79.299s][info][gc,stats    ] Concurrent Thread Roots             996 us, parallelism: 2.27x
[2026-04-03T02:31:49.440+0600][79.299s][info][gc,stats    ]   CTR: <total>                     2266 us
[2026-04-03T02:31:49.440+0600][79.299s][info][gc,stats    ]   CTR: Thread Roots                2266 us, workers (us): 764, 758, 744, ---, ---, ---, 
[2026-04-03T02:31:49.440+0600][79.299s][info][gc,stats    ] Concurrent Weak References          887 us, parallelism: 1.22x
[2026-04-03T02:31:49.440+0600][79.299s][info][gc,stats    ]   CWRF: <total>                    1084 us
[2026-04-03T02:31:49.440+0600][79.299s][info][gc,stats    ]   CWRF: Weak References            1084 us, workers (us): 717, 175, 192, ---, ---, ---, 
[2026-04-03T02:31:49.440+0600][79.299s][info][gc,stats    ] Concurrent Weak Roots              5698 us
[2026-04-03T02:31:49.440+0600][79.299s][info][gc,stats    ]   Roots                            5253 us, parallelism: 2.72x
[2026-04-03T02:31:49.440+0600][79.299s][info][gc,stats    ]     CWR: <total>                  14283 us
[2026-04-03T02:31:49.440+0600][79.299s][info][gc,stats    ]     CWR: Code Cache Roots         10789 us, workers (us): 3588, 3613, 3588, ---, ---, ---, 
[2026-04-03T02:31:49.440+0600][79.299s][info][gc,stats    ]     CWR: VM Weak Roots             3270 us, workers (us): 1137, 1071, 1062, ---, ---, ---, 
[2026-04-03T02:31:49.440+0600][79.299s][info][gc,stats    ]     CWR: CLDG Roots                 224 us, workers (us): 224, ---, ---, ---, ---, ---, 
[2026-04-03T02:31:49.440+0600][79.299s][info][gc,stats    ]   Rendezvous                        321 us
[2026-04-03T02:31:49.440+0600][79.299s][info][gc,stats    ] Concurrent Cleanup                  664 us
[2026-04-03T02:31:49.440+0600][79.299s][info][gc,stats    ] Concurrent Class Unloading        17016 us
[2026-04-03T02:31:49.440+0600][79.299s][info][gc,stats    ]   Unlink Stale                    14306 us
[2026-04-03T02:31:49.440+0600][79.299s][info][gc,stats    ]     System Dictionary               378 us
[2026-04-03T02:31:49.440+0600][79.299s][info][gc,stats    ]     Weak Class Links                  1 us
[2026-04-03T02:31:49.440+0600][79.299s][info][gc,stats    ]     Code Roots                    13923 us
[2026-04-03T02:31:49.440+0600][79.299s][info][gc,stats    ]   Rendezvous                        334 us
[2026-04-03T02:31:49.440+0600][79.299s][info][gc,stats    ]   Purge Unlinked                   2244 us
[2026-04-03T02:31:49.440+0600][79.299s][info][gc,stats    ]     Code Roots                     2224 us
[2026-04-03T02:31:49.440+0600][79.299s][info][gc,stats    ]     CLDG                             19 us
[2026-04-03T02:31:49.440+0600][79.299s][info][gc,stats    ]     Exception Caches                  0 us
[2026-04-03T02:31:49.440+0600][79.299s][info][gc,stats    ] Concurrent Strong Roots            1944 us, parallelism: 0.77x
[2026-04-03T02:31:49.440+0600][79.299s][info][gc,stats    ]   CSR: <total>                     1497 us
[2026-04-03T02:31:49.440+0600][79.299s][info][gc,stats    ]   CSR: VM Strong Roots               61 us, workers (us):  33,  28,   0, ---, ---, ---, 
[2026-04-03T02:31:49.440+0600][79.299s][info][gc,stats    ]   CSR: CLDG Roots                  1437 us, workers (us): ---, 1437, ---, ---, ---, ---, 
[2026-04-03T02:31:49.440+0600][79.299s][info][gc,stats    ] Concurrent Evacuation              6066 us
[2026-04-03T02:31:49.440+0600][79.299s][info][gc,stats    ] Pause Init Update Refs (G)          448 us
[2026-04-03T02:31:49.440+0600][79.299s][info][gc,stats    ] Pause Init Update Refs (N)          161 us
[2026-04-03T02:31:49.440+0600][79.299s][info][gc,stats    ]   Manage GCLABs                      39 us
[2026-04-03T02:31:49.440+0600][79.300s][info][gc,stats    ] Concurrent Update Refs            55674 us
[2026-04-03T02:31:49.440+0600][79.300s][info][gc,stats    ] Concurrent Update Thread Roots     1923 us
[2026-04-03T02:31:49.440+0600][79.300s][info][gc,stats    ] Pause Final Update Refs (G)         542 us
[2026-04-03T02:31:49.440+0600][79.300s][info][gc,stats    ] Pause Final Update Refs (N)         252 us
[2026-04-03T02:31:49.440+0600][79.300s][info][gc,stats    ]   Update Region States               54 us
[2026-04-03T02:31:49.440+0600][79.300s][info][gc,stats    ]   Trash Collection Set               20 us
[2026-04-03T02:31:49.440+0600][79.300s][info][gc,stats    ]   Rebuild Free Set                   43 us
[2026-04-03T02:31:49.440+0600][79.300s][info][gc,stats    ] Concurrent Cleanup                  705 us
[2026-04-03T02:31:49.440+0600][79.300s][info][gc,stats    ] Pacing                           137703 us
[2026-04-03T02:31:49.440+0600][79.300s][info][gc,stats    ] 
[2026-04-03T02:31:49.440+0600][79.300s][info][gc,stats    ] Allocation pacing accrued:
[2026-04-03T02:31:49.440+0600][79.300s][info][gc,stats    ]      19 of   694 ms (  2.8%): dispatcher-event-loop-4
[2026-04-03T02:31:49.440+0600][79.300s][info][gc,stats    ]      17 of   694 ms (  2.5%): Executor task launch worker for task 7.0 in stage 3575.0 (TID 6628)
[2026-04-03T02:31:49.440+0600][79.300s][info][gc,stats    ]      11 of   694 ms (  1.6%): Executor task launch worker for task 6.0 in stage 3575.0 (TID 6627)
[2026-04-03T02:31:49.440+0600][79.300s][info][gc,stats    ]      20 of   694 ms (  2.8%): Executor task launch worker for task 0.0 in stage 3575.0 (TID 6621)
[2026-04-03T02:31:49.440+0600][79.300s][info][gc,stats    ]      15 of   694 ms (  2.2%): Executor task launch worker for task 4.0 in stage 3575.0 (TID 6625)
[2026-04-03T02:31:49.440+0600][79.300s][info][gc,stats    ]      16 of   694 ms (  2.3%): Executor task launch worker for task 1.0 in stage 3575.0 (TID 6622)
[2026-04-03T02:31:49.440+0600][79.300s][info][gc,stats    ]      20 of   694 ms (  2.9%): Executor task launch worker for task 3.0 in stage 3575.0 (TID 6624)
[2026-04-03T02:31:49.440+0600][79.300s][info][gc,stats    ]      19 of   694 ms (  2.7%): task-result-getter-3
[2026-04-03T02:31:49.440+0600][79.300s][info][gc,stats    ]     138 of   694 ms ( 19.8%): <total>
[2026-04-03T02:31:49.440+0600][79.300s][info][gc,stats    ]       0 of   694 ms (  0.1%): <average total>
[2026-04-03T02:31:49.441+0600][79.300s][info][gc,stats    ]      17 of   694 ms (  2.5%): <average non-zero>
[2026-04-03T02:31:49.441+0600][79.300s][info][gc,stats    ] 
[2026-04-03T02:31:49.441+0600][79.300s][info][gc,metaspace] Metaspace: 131510K(132800K)->131512K(132800K) NonClass: 115044K(115648K)->115045K(115648K) Class: 16466K(17152K)->16466K(17152K)
[2026-04-03T02:31:49.441+0600][79.300s][info][gc,ergo     ] Pacer for Idle. Initial: 25600K, Alloc Tax Rate: 1.0x
[2026-04-03T02:31:50.287+0600][80.146s][info][gc          ] Trigger: Average GC time (172.77 ms) is above the time for average allocation rate (696 MB/s) to deplete free headroom (119M) (margin of error = 1.93)
[2026-04-03T02:31:50.287+0600][80.146s][info][gc,ergo     ] Free headroom: 181M (free) - 64000K (spike) - 0B (penalties) = 119M
[2026-04-03T02:31:50.287+0600][80.146s][info][gc,ergo     ] Free: 181M, Max: 512K regular, 181M humongous, Frag: 0% external, 0% internal; Reserve: 64000K, Max: 512K
[2026-04-03T02:31:50.287+0600][80.146s][info][gc,start    ] GC(86) Concurrent reset
[2026-04-03T02:31:50.287+0600][80.146s][info][gc,task     ] GC(86) Using 3 of 6 workers for concurrent reset
[2026-04-03T02:31:50.287+0600][80.146s][info][gc,ergo     ] GC(86) Pacer for Reset. Non-Taxable: 1250M
[2026-04-03T02:31:50.288+0600][80.148s][info][gc          ] GC(86) Concurrent reset 1.390ms
[2026-04-03T02:31:50.289+0600][80.148s][info][gc,start    ] GC(86) Pause Init Mark (unload classes)
[2026-04-03T02:31:50.289+0600][80.148s][info][gc,task     ] GC(86) Using 6 of 6 workers for init marking
[2026-04-03T02:31:50.289+0600][80.148s][info][gc,ergo     ] GC(86) Pacer for Mark. Expected Live: 96381K, Free: 181M, Non-Taxable: 18567K, Alloc Tax Rate: 0.6x
[2026-04-03T02:31:50.289+0600][80.148s][info][gc          ] GC(86) Pause Init Mark (unload classes) 0.135ms
[2026-04-03T02:31:50.289+0600][80.148s][info][gc,start    ] GC(86) Concurrent marking roots
[2026-04-03T02:31:50.289+0600][80.148s][info][gc,task     ] GC(86) Using 3 of 6 workers for concurrent marking roots
[2026-04-03T02:31:50.290+0600][80.150s][info][gc          ] GC(86) Concurrent marking roots 1.209ms
[2026-04-03T02:31:50.290+0600][80.150s][info][gc,start    ] GC(86) Concurrent marking (unload classes)
[2026-04-03T02:31:50.290+0600][80.150s][info][gc,task     ] GC(86) Using 3 of 6 workers for concurrent marking
[2026-04-03T02:31:50.333+0600][80.192s][info][gc          ] GC(86) Concurrent marking (unload classes) 42.284ms
[2026-04-03T02:31:50.333+0600][80.192s][info][gc,start    ] GC(86) Pause Final Mark (unload classes)
[2026-04-03T02:31:50.333+0600][80.192s][info][gc,task     ] GC(86) Using 6 of 6 workers for final marking
[2026-04-03T02:31:50.333+0600][80.192s][info][gc,ergo     ] GC(86) Adaptive CSet Selection. Target Free: 177M, Actual Free: 890M, Max CSet: 53333K, Min Garbage: 0B
[2026-04-03T02:31:50.333+0600][80.193s][info][gc,ergo     ] GC(86) Collectable Garbage: 818M (98%), Immediate: 662M (79%), CSet: 156M (18%)
[2026-04-03T02:31:50.333+0600][80.193s][info][gc,ergo     ] GC(86) Pacer for Evacuation. Used CSet: 161M, Free: 913M, Non-Taxable: 93530K, Alloc Tax Rate: 1.1x
[2026-04-03T02:31:50.333+0600][80.193s][info][gc          ] GC(86) Pause Final Mark (unload classes) 0.709ms
[2026-04-03T02:31:50.333+0600][80.193s][info][gc,start    ] GC(86) Concurrent thread roots
[2026-04-03T02:31:50.333+0600][80.193s][info][gc,task     ] GC(86) Using 3 of 6 workers for Concurrent thread roots
[2026-04-03T02:31:50.334+0600][80.194s][info][gc          ] GC(86) Concurrent thread roots 0.835ms
[2026-04-03T02:31:50.334+0600][80.194s][info][gc,start    ] GC(86) Concurrent weak references
[2026-04-03T02:31:50.334+0600][80.194s][info][gc,task     ] GC(86) Using 3 of 6 workers for concurrent weak references
[2026-04-03T02:31:50.335+0600][80.195s][info][gc,ref      ] GC(86) Encountered references: Soft: 3784, Weak: 16197, Final: 84, Phantom: 621
[2026-04-03T02:31:50.335+0600][80.195s][info][gc,ref      ] GC(86) Discovered  references: Soft: 0, Weak: 10512, Final: 84, Phantom: 615
[2026-04-03T02:31:50.335+0600][80.195s][info][gc,ref      ] GC(86) Enqueued    references: Soft: 0, Weak: 1645, Final: 0, Phantom: 0
[2026-04-03T02:31:50.335+0600][80.195s][info][gc          ] GC(86) Concurrent weak references 1.104ms
[2026-04-03T02:31:50.335+0600][80.195s][info][gc,start    ] GC(86) Concurrent weak roots
[2026-04-03T02:31:50.335+0600][80.195s][info][gc,task     ] GC(86) Using 3 of 6 workers for concurrent weak root
[2026-04-03T02:31:50.341+0600][80.200s][info][gc          ] GC(86) Concurrent weak roots 5.309ms
[2026-04-03T02:31:50.341+0600][80.200s][info][gc,start    ] GC(86) Concurrent cleanup
[2026-04-03T02:31:50.342+0600][80.201s][info][gc          ] GC(86) Concurrent cleanup 936M->274M(1036M) 0.730ms
[2026-04-03T02:31:50.342+0600][80.201s][info][gc,ergo     ] GC(86) Free: 911M, Max: 512K regular, 163M humongous, Frag: 83% external, 0% internal; Reserve: 63534K, Max: 512K
[2026-04-03T02:31:50.342+0600][80.201s][info][gc,start    ] GC(86) Concurrent class unloading
[2026-04-03T02:31:50.342+0600][80.201s][info][gc,task     ] GC(86) Using 3 of 6 workers for concurrent class unloading
[2026-04-03T02:31:50.360+0600][80.219s][info][gc          ] GC(86) Concurrent class unloading 18.163ms
[2026-04-03T02:31:50.360+0600][80.219s][info][gc,start    ] GC(86) Concurrent strong roots
[2026-04-03T02:31:50.360+0600][80.219s][info][gc,task     ] GC(86) Using 3 of 6 workers for concurrent strong root
[2026-04-03T02:31:50.361+0600][80.221s][info][gc          ] GC(86) Concurrent strong roots 1.498ms
[2026-04-03T02:31:50.361+0600][80.221s][info][gc,start    ] GC(86) Concurrent evacuation
[2026-04-03T02:31:50.362+0600][80.221s][info][gc,task     ] GC(86) Using 3 of 6 workers for concurrent evacuation
[2026-04-03T02:31:50.364+0600][80.223s][info][gc          ] GC(86) Concurrent evacuation 2.251ms
[2026-04-03T02:31:50.364+0600][80.223s][info][gc,start    ] GC(86) Pause Init Update Refs
[2026-04-03T02:31:50.364+0600][80.223s][info][gc,ergo     ] GC(86) Pacer for Update Refs. Used: 286M, Free: 904M, Non-Taxable: 92599K, Alloc Tax Rate: 1.1x
[2026-04-03T02:31:50.364+0600][80.223s][info][gc          ] GC(86) Pause Init Update Refs 0.127ms
[2026-04-03T02:31:50.364+0600][80.224s][info][gc,start    ] GC(86) Concurrent update references
[2026-04-03T02:31:50.364+0600][80.224s][info][gc,task     ] GC(86) Using 3 of 6 workers for concurrent reference update
[2026-04-03T02:31:50.396+0600][80.255s][info][gc          ] GC(86) Concurrent update references 31.473ms
[2026-04-03T02:31:50.396+0600][80.255s][info][gc,start    ] GC(86) Concurrent update thread roots
[2026-04-03T02:31:50.397+0600][80.256s][info][gc          ] GC(86) Concurrent update thread roots 1.093ms
[2026-04-03T02:31:50.397+0600][80.256s][info][gc,start    ] GC(86) Pause Final Update Refs
[2026-04-03T02:31:50.397+0600][80.256s][info][gc,task     ] GC(86) Using 6 of 6 workers for final reference update
[2026-04-03T02:31:50.397+0600][80.257s][info][gc          ] GC(86) Pause Final Update Refs 0.138ms
[2026-04-03T02:31:50.397+0600][80.257s][info][gc,start    ] GC(86) Concurrent cleanup
[2026-04-03T02:31:50.398+0600][80.257s][info][gc          ] GC(86) Concurrent cleanup 299M->137M(1036M) 0.434ms
[2026-04-03T02:31:50.398+0600][80.257s][info][gc,ergo     ] Free: 1048M, Max: 512K regular, 549M humongous, Frag: 48% external, 0% internal; Reserve: 64000K, Max: 512K
[2026-04-03T02:31:50.398+0600][80.257s][info][gc,stats    ] 
[2026-04-03T02:31:50.398+0600][80.257s][info][gc,stats    ] All times are wall-clock times, except per-root-class counters, that are sum over
[2026-04-03T02:31:50.398+0600][80.257s][info][gc,stats    ] all workers. Dividing the <total> over the root stage time estimates parallelism.
[2026-04-03T02:31:50.398+0600][80.257s][info][gc,stats    ] 
[2026-04-03T02:31:50.398+0600][80.257s][info][gc,stats    ] Concurrent Reset                   1436 us
[2026-04-03T02:31:50.398+0600][80.257s][info][gc,stats    ] Pause Init Mark (G)                 494 us
[2026-04-03T02:31:50.398+0600][80.257s][info][gc,stats    ] Pause Init Mark (N)                 140 us
[2026-04-03T02:31:50.398+0600][80.257s][info][gc,stats    ]   Update Region States               19 us
[2026-04-03T02:31:50.398+0600][80.257s][info][gc,stats    ] Concurrent Mark Roots              1254 us, parallelism: 1.48x
[2026-04-03T02:31:50.398+0600][80.257s][info][gc,stats    ]   CMR: <total>                     1854 us
[2026-04-03T02:31:50.398+0600][80.257s][info][gc,stats    ]   CMR: Thread Roots                1527 us, workers (us): 614, 605, 308, ---, ---, ---, 
[2026-04-03T02:31:50.398+0600][80.257s][info][gc,stats    ]   CMR: VM Strong Roots               26 us, workers (us):  25,   1,   1, ---, ---, ---, 
[2026-04-03T02:31:50.398+0600][80.257s][info][gc,stats    ]   CMR: CLDG Roots                   301 us, workers (us): ---, ---, 301, ---, ---, ---, 
[2026-04-03T02:31:50.398+0600][80.257s][info][gc,stats    ] Concurrent Marking                42360 us
[2026-04-03T02:31:50.398+0600][80.257s][info][gc,stats    ] Pause Final Mark (G)                843 us
[2026-04-03T02:31:50.398+0600][80.257s][info][gc,stats    ] Pause Final Mark (N)                723 us
[2026-04-03T02:31:50.398+0600][80.257s][info][gc,stats    ]   Finish Mark                       255 us
[2026-04-03T02:31:50.398+0600][80.257s][info][gc,stats    ]   Update Region States               45 us
[2026-04-03T02:31:50.398+0600][80.257s][info][gc,stats    ]   Choose Collection Set             215 us
[2026-04-03T02:31:50.398+0600][80.257s][info][gc,stats    ]   Rebuild Free Set                   29 us
[2026-04-03T02:31:50.398+0600][80.257s][info][gc,stats    ] Concurrent Thread Roots             876 us, parallelism: 2.30x
[2026-04-03T02:31:50.398+0600][80.257s][info][gc,stats    ]   CTR: <total>                     2016 us
[2026-04-03T02:31:50.398+0600][80.257s][info][gc,stats    ]   CTR: Thread Roots                2016 us, workers (us): 718, 664, 634, ---, ---, ---, 
[2026-04-03T02:31:50.398+0600][80.257s][info][gc,stats    ] Concurrent Weak References         1116 us, parallelism: 1.38x
[2026-04-03T02:31:50.398+0600][80.257s][info][gc,stats    ]   CWRF: <total>                    1537 us
[2026-04-03T02:31:50.398+0600][80.257s][info][gc,stats    ]   CWRF: Weak References            1537 us, workers (us): 325, 334, 878, ---, ---, ---, 
[2026-04-03T02:31:50.398+0600][80.257s][info][gc,stats    ] Concurrent Weak Roots              5387 us
[2026-04-03T02:31:50.398+0600][80.257s][info][gc,stats    ]   Roots                            4905 us, parallelism: 2.69x
[2026-04-03T02:31:50.398+0600][80.257s][info][gc,stats    ]     CWR: <total>                  13192 us
[2026-04-03T02:31:50.398+0600][80.257s][info][gc,stats    ]     CWR: Code Cache Roots         10915 us, workers (us): 3847, 3640, 3428, ---, ---, ---, 
[2026-04-03T02:31:50.398+0600][80.257s][info][gc,stats    ]     CWR: VM Weak Roots             2096 us, workers (us): 714, 710, 672, ---, ---, ---, 
[2026-04-03T02:31:50.398+0600][80.257s][info][gc,stats    ]     CWR: CLDG Roots                 182 us, workers (us): ---, ---, 182, ---, ---, ---, 
[2026-04-03T02:31:50.398+0600][80.257s][info][gc,stats    ]   Rendezvous                        378 us
[2026-04-03T02:31:50.398+0600][80.257s][info][gc,stats    ] Concurrent Cleanup                  787 us
[2026-04-03T02:31:50.398+0600][80.257s][info][gc,stats    ] Concurrent Class Unloading        18269 us
[2026-04-03T02:31:50.398+0600][80.257s][info][gc,stats    ]   Unlink Stale                    15538 us
[2026-04-03T02:31:50.398+0600][80.257s][info][gc,stats    ]     System Dictionary               253 us
[2026-04-03T02:31:50.398+0600][80.257s][info][gc,stats    ]     Weak Class Links                  2 us
[2026-04-03T02:31:50.398+0600][80.257s][info][gc,stats    ]     Code Roots                    15278 us
[2026-04-03T02:31:50.398+0600][80.257s][info][gc,stats    ]   Rendezvous                        288 us
[2026-04-03T02:31:50.398+0600][80.257s][info][gc,stats    ]   Purge Unlinked                   2295 us
[2026-04-03T02:31:50.398+0600][80.257s][info][gc,stats    ]     Code Roots                     2282 us
[2026-04-03T02:31:50.398+0600][80.257s][info][gc,stats    ]     CLDG                             13 us
[2026-04-03T02:31:50.398+0600][80.257s][info][gc,stats    ]     Exception Caches                  0 us
[2026-04-03T02:31:50.398+0600][80.257s][info][gc,stats    ] Concurrent Strong Roots            1551 us, parallelism: 0.61x
[2026-04-03T02:31:50.398+0600][80.258s][info][gc,stats    ]   CSR: <total>                      952 us
[2026-04-03T02:31:50.398+0600][80.258s][info][gc,stats    ]   CSR: VM Strong Roots               44 us, workers (us):  21,  21,   1, ---, ---, ---, 
[2026-04-03T02:31:50.398+0600][80.258s][info][gc,stats    ]   CSR: CLDG Roots                   908 us, workers (us): 908, ---, ---, ---, ---, ---, 
[2026-04-03T02:31:50.398+0600][80.258s][info][gc,stats    ] Concurrent Evacuation              2340 us
[2026-04-03T02:31:50.398+0600][80.258s][info][gc,stats    ] Pause Init Update Refs (G)          399 us
[2026-04-03T02:31:50.398+0600][80.258s][info][gc,stats    ] Pause Init Update Refs (N)          138 us
[2026-04-03T02:31:50.398+0600][80.258s][info][gc,stats    ]   Manage GCLABs                      49 us
[2026-04-03T02:31:50.398+0600][80.258s][info][gc,stats    ] Concurrent Update Refs            31538 us
[2026-04-03T02:31:50.398+0600][80.258s][info][gc,stats    ] Concurrent Update Thread Roots     1134 us
[2026-04-03T02:31:50.398+0600][80.258s][info][gc,stats    ] Pause Final Update Refs (G)         494 us
[2026-04-03T02:31:50.398+0600][80.258s][info][gc,stats    ] Pause Final Update Refs (N)         151 us
[2026-04-03T02:31:50.398+0600][80.258s][info][gc,stats    ]   Update Region States               37 us
[2026-04-03T02:31:50.398+0600][80.258s][info][gc,stats    ]   Trash Collection Set               13 us
[2026-04-03T02:31:50.398+0600][80.258s][info][gc,stats    ]   Rebuild Free Set                   31 us
[2026-04-03T02:31:50.398+0600][80.258s][info][gc,stats    ] Concurrent Cleanup                  453 us
[2026-04-03T02:31:50.398+0600][80.258s][info][gc,stats    ] 
[2026-04-03T02:31:50.398+0600][80.258s][info][gc,stats    ] Allocation pacing accrued:
[2026-04-03T02:31:50.398+0600][80.258s][info][gc,stats    ]       0 of   958 ms (  0.0%): <total>
[2026-04-03T02:31:50.398+0600][80.258s][info][gc,stats    ]       0 of   958 ms (  0.0%): <average total>
[2026-04-03T02:31:50.398+0600][80.258s][info][gc,stats    ] 
[2026-04-03T02:31:50.398+0600][80.258s][info][gc,metaspace] Metaspace: 131523K(132800K)->131523K(132800K) NonClass: 115055K(115648K)->115055K(115648K) Class: 16467K(17152K)->16467K(17152K)
[2026-04-03T02:31:50.398+0600][80.258s][info][gc,ergo     ] Pacer for Idle. Initial: 25600K, Alloc Tax Rate: 1.0x
[2026-04-03T02:31:51.047+0600][80.906s][info][gc          ] Trigger: Average GC time (178.47 ms) is above the time for average allocation rate (1194 MB/s) to deplete free headroom (209M) (margin of error = 1.92)
[2026-04-03T02:31:51.047+0600][80.907s][info][gc,ergo     ] Free headroom: 272M (free) - 64000K (spike) - 0B (penalties) = 209M
[2026-04-03T02:31:51.047+0600][80.907s][info][gc,ergo     ] Free: 272M, Max: 512K regular, 164M humongous, Frag: 40% external, 1% internal; Reserve: 64000K, Max: 512K
[2026-04-03T02:31:51.047+0600][80.907s][info][gc,start    ] GC(87) Concurrent reset
[2026-04-03T02:31:51.047+0600][80.907s][info][gc,task     ] GC(87) Using 3 of 6 workers for concurrent reset
[2026-04-03T02:31:51.047+0600][80.907s][info][gc,ergo     ] GC(87) Pacer for Reset. Non-Taxable: 1250M
[2026-04-03T02:31:51.050+0600][80.909s][info][gc          ] GC(87) Concurrent reset 2.247ms
[2026-04-03T02:31:51.050+0600][80.909s][info][gc,start    ] GC(87) Pause Init Mark (unload classes)
[2026-04-03T02:31:51.050+0600][80.909s][info][gc,task     ] GC(87) Using 6 of 6 workers for init marking
[2026-04-03T02:31:51.050+0600][80.909s][info][gc,ergo     ] GC(87) Pacer for Mark. Expected Live: 96263K, Free: 271M, Non-Taxable: 27789K, Alloc Tax Rate: 0.4x
[2026-04-03T02:31:51.050+0600][80.909s][info][gc          ] GC(87) Pause Init Mark (unload classes) 0.201ms
[2026-04-03T02:31:51.050+0600][80.909s][info][gc,start    ] GC(87) Concurrent marking roots
[2026-04-03T02:31:51.050+0600][80.909s][info][gc,task     ] GC(87) Using 3 of 6 workers for concurrent marking roots
[2026-04-03T02:31:51.052+0600][80.911s][info][gc          ] GC(87) Concurrent marking roots 1.678ms
[2026-04-03T02:31:51.052+0600][80.911s][info][gc,start    ] GC(87) Concurrent marking (unload classes)
[2026-04-03T02:31:51.052+0600][80.911s][info][gc,task     ] GC(87) Using 3 of 6 workers for concurrent marking
[2026-04-03T02:31:51.113+0600][80.973s][info][gc          ] GC(87) Concurrent marking (unload classes) 61.375ms
[2026-04-03T02:31:51.113+0600][80.973s][info][gc,start    ] GC(87) Pause Final Mark (unload classes)
[2026-04-03T02:31:51.113+0600][80.973s][info][gc,task     ] GC(87) Using 6 of 6 workers for final marking
[2026-04-03T02:31:51.114+0600][80.973s][info][gc,ergo     ] GC(87) Adaptive CSet Selection. Target Free: 177M, Actual Free: 858M, Max CSet: 53333K, Min Garbage: 0B
[2026-04-03T02:31:51.114+0600][80.973s][info][gc,ergo     ] GC(87) Collectable Garbage: 732M (98%), Immediate: 566M (76%), CSet: 165M (22%)
[2026-04-03T02:31:51.114+0600][80.973s][info][gc,ergo     ] GC(87) Pacer for Evacuation. Used CSet: 171M, Free: 874M, Non-Taxable: 89579K, Alloc Tax Rate: 1.1x
[2026-04-03T02:31:51.114+0600][80.973s][info][gc          ] GC(87) Pause Final Mark (unload classes) 0.593ms
[2026-04-03T02:31:51.114+0600][80.973s][info][gc,start    ] GC(87) Concurrent thread roots
[2026-04-03T02:31:51.114+0600][80.973s][info][gc,task     ] GC(87) Using 3 of 6 workers for Concurrent thread roots
[2026-04-03T02:31:51.115+0600][80.974s][info][gc          ] GC(87) Concurrent thread roots 1.053ms
[2026-04-03T02:31:51.115+0600][80.974s][info][gc,start    ] GC(87) Concurrent weak references
[2026-04-03T02:31:51.115+0600][80.974s][info][gc,task     ] GC(87) Using 3 of 6 workers for concurrent weak references
[2026-04-03T02:31:51.116+0600][80.975s][info][gc,ref      ] GC(87) Encountered references: Soft: 3791, Weak: 15915, Final: 84, Phantom: 621
[2026-04-03T02:31:51.116+0600][80.975s][info][gc,ref      ] GC(87) Discovered  references: Soft: 0, Weak: 6872, Final: 0, Phantom: 222
[2026-04-03T02:31:51.116+0600][80.975s][info][gc,ref      ] GC(87) Enqueued    references: Soft: 0, Weak: 55, Final: 0, Phantom: 0
[2026-04-03T02:31:51.116+0600][80.975s][info][gc          ] GC(87) Concurrent weak references 0.486ms
[2026-04-03T02:31:51.116+0600][80.975s][info][gc,start    ] GC(87) Concurrent weak roots
[2026-04-03T02:31:51.116+0600][80.975s][info][gc,task     ] GC(87) Using 3 of 6 workers for concurrent weak root
[2026-04-03T02:31:51.121+0600][80.980s][info][gc          ] GC(87) Concurrent weak roots 5.012ms
[2026-04-03T02:31:51.121+0600][80.980s][info][gc,start    ] GC(87) Concurrent cleanup
[2026-04-03T02:31:51.122+0600][80.981s][info][gc          ] GC(87) Concurrent cleanup 882M->317M(1036M) 0.787ms
[2026-04-03T02:31:51.122+0600][80.981s][info][gc,ergo     ] GC(87) Free: 862M, Max: 512K regular, 164M humongous, Frag: 81% external, 0% internal; Reserve: 63535K, Max: 512K
[2026-04-03T02:31:51.122+0600][80.981s][info][gc,start    ] GC(87) Concurrent class unloading
[2026-04-03T02:31:51.122+0600][80.981s][info][gc,task     ] GC(87) Using 3 of 6 workers for concurrent class unloading
[2026-04-03T02:31:51.141+0600][81.000s][info][gc          ] GC(87) Concurrent class unloading 19.233ms
[2026-04-03T02:31:51.141+0600][81.000s][info][gc,start    ] GC(87) Concurrent strong roots
[2026-04-03T02:31:51.141+0600][81.000s][info][gc,task     ] GC(87) Using 3 of 6 workers for concurrent strong root
[2026-04-03T02:31:51.142+0600][81.002s][info][gc          ] GC(87) Concurrent strong roots 1.373ms
[2026-04-03T02:31:51.142+0600][81.002s][info][gc,start    ] GC(87) Concurrent evacuation
[2026-04-03T02:31:51.142+0600][81.002s][info][gc,task     ] GC(87) Using 3 of 6 workers for concurrent evacuation
[2026-04-03T02:31:51.146+0600][81.005s][info][gc          ] GC(87) Concurrent evacuation 3.409ms
[2026-04-03T02:31:51.146+0600][81.005s][info][gc,start    ] GC(87) Pause Init Update Refs
[2026-04-03T02:31:51.146+0600][81.006s][info][gc,ergo     ] GC(87) Pacer for Update Refs. Used: 338M, Free: 844M, Non-Taxable: 86502K, Alloc Tax Rate: 1.1x
[2026-04-03T02:31:51.146+0600][81.006s][info][gc          ] GC(87) Pause Init Update Refs 0.152ms
[2026-04-03T02:31:51.146+0600][81.006s][info][gc,start    ] GC(87) Concurrent update references
[2026-04-03T02:31:51.147+0600][81.006s][info][gc,task     ] GC(87) Using 3 of 6 workers for concurrent reference update
[2026-04-03T02:31:51.197+0600][81.057s][info][gc          ] GC(87) Concurrent update references 50.791ms
[2026-04-03T02:31:51.197+0600][81.057s][info][gc,start    ] GC(87) Concurrent update thread roots
[2026-04-03T02:31:51.198+0600][81.058s][info][gc          ] GC(87) Concurrent update thread roots 1.185ms
[2026-04-03T02:31:51.199+0600][81.058s][info][gc,start    ] GC(87) Pause Final Update Refs
[2026-04-03T02:31:51.199+0600][81.058s][info][gc,task     ] GC(87) Using 6 of 6 workers for final reference update
[2026-04-03T02:31:51.199+0600][81.058s][info][gc          ] GC(87) Pause Final Update Refs 0.159ms
[2026-04-03T02:31:51.199+0600][81.058s][info][gc,start    ] GC(87) Concurrent cleanup
[2026-04-03T02:31:51.199+0600][81.059s][info][gc          ] GC(87) Concurrent cleanup 374M->203M(1036M) 0.458ms
[2026-04-03T02:31:51.200+0600][81.059s][info][gc,ergo     ] Free: 969M, Max: 512K regular, 443M humongous, Frag: 55% external, 0% internal; Reserve: 64000K, Max: 512K
[2026-04-03T02:31:51.200+0600][81.059s][info][gc,stats    ] 
[2026-04-03T02:31:51.200+0600][81.059s][info][gc,stats    ] All times are wall-clock times, except per-root-class counters, that are sum over
[2026-04-03T02:31:51.200+0600][81.059s][info][gc,stats    ] all workers. Dividing the <total> over the root stage time estimates parallelism.
[2026-04-03T02:31:51.200+0600][81.059s][info][gc,stats    ] 
[2026-04-03T02:31:51.200+0600][81.059s][info][gc,stats    ] Concurrent Reset                   2322 us
[2026-04-03T02:31:51.200+0600][81.059s][info][gc,stats    ] Pause Init Mark (G)                 499 us
[2026-04-03T02:31:51.200+0600][81.059s][info][gc,stats    ] Pause Init Mark (N)                 216 us
[2026-04-03T02:31:51.200+0600][81.059s][info][gc,stats    ]   Update Region States               52 us
[2026-04-03T02:31:51.200+0600][81.059s][info][gc,stats    ] Concurrent Mark Roots              1715 us, parallelism: 1.99x
[2026-04-03T02:31:51.200+0600][81.059s][info][gc,stats    ]   CMR: <total>                     3409 us
[2026-04-03T02:31:51.200+0600][81.059s][info][gc,stats    ]   CMR: Thread Roots                2859 us, workers (us): 1104, 637, 1118, ---, ---, ---, 
[2026-04-03T02:31:51.200+0600][81.059s][info][gc,stats    ]   CMR: VM Strong Roots               81 us, workers (us):  37,  26,  17, ---, ---, ---, 
[2026-04-03T02:31:51.200+0600][81.059s][info][gc,stats    ]   CMR: CLDG Roots                   469 us, workers (us): ---, 469, ---, ---, ---, ---, 
[2026-04-03T02:31:51.200+0600][81.059s][info][gc,stats    ] Concurrent Marking                61443 us
[2026-04-03T02:31:51.200+0600][81.059s][info][gc,stats    ] Pause Final Mark (G)                743 us
[2026-04-03T02:31:51.200+0600][81.059s][info][gc,stats    ] Pause Final Mark (N)                604 us
[2026-04-03T02:31:51.200+0600][81.059s][info][gc,stats    ]   Finish Mark                       161 us
[2026-04-03T02:31:51.200+0600][81.059s][info][gc,stats    ]   Update Region States               46 us
[2026-04-03T02:31:51.200+0600][81.059s][info][gc,stats    ]   Choose Collection Set             192 us
[2026-04-03T02:31:51.200+0600][81.059s][info][gc,stats    ]   Rebuild Free Set                   35 us
[2026-04-03T02:31:51.200+0600][81.059s][info][gc,stats    ] Concurrent Thread Roots            1103 us, parallelism: 2.24x
[2026-04-03T02:31:51.200+0600][81.059s][info][gc,stats    ]   CTR: <total>                     2475 us
[2026-04-03T02:31:51.200+0600][81.059s][info][gc,stats    ]   CTR: Thread Roots                2475 us, workers (us): 877, 809, 790, ---, ---, ---, 
[2026-04-03T02:31:51.200+0600][81.059s][info][gc,stats    ] Concurrent Weak References          499 us, parallelism: 1.85x
[2026-04-03T02:31:51.200+0600][81.059s][info][gc,stats    ]   CWRF: <total>                     924 us
[2026-04-03T02:31:51.200+0600][81.059s][info][gc,stats    ]   CWRF: Weak References             924 us, workers (us): 283, 322, 319, ---, ---, ---, 
[2026-04-03T02:31:51.200+0600][81.059s][info][gc,stats    ] Concurrent Weak Roots              5109 us
[2026-04-03T02:31:51.200+0600][81.059s][info][gc,stats    ]   Roots                            4548 us, parallelism: 2.73x
[2026-04-03T02:31:51.200+0600][81.059s][info][gc,stats    ]     CWR: <total>                  12397 us
[2026-04-03T02:31:51.200+0600][81.059s][info][gc,stats    ]     CWR: Code Cache Roots          9907 us, workers (us): 3234, 3462, 3211, ---, ---, ---, 
[2026-04-03T02:31:51.200+0600][81.059s][info][gc,stats    ]     CWR: VM Weak Roots             2314 us, workers (us): 766, 771, 777, ---, ---, ---, 
[2026-04-03T02:31:51.200+0600][81.059s][info][gc,stats    ]     CWR: CLDG Roots                 176 us, workers (us): 176, ---, ---, ---, ---, ---, 
[2026-04-03T02:31:51.200+0600][81.059s][info][gc,stats    ]   Rendezvous                        432 us
[2026-04-03T02:31:51.200+0600][81.059s][info][gc,stats    ] Concurrent Cleanup                  831 us
[2026-04-03T02:31:51.200+0600][81.059s][info][gc,stats    ] Concurrent Class Unloading        19327 us
[2026-04-03T02:31:51.200+0600][81.059s][info][gc,stats    ]   Unlink Stale                    17673 us
[2026-04-03T02:31:51.200+0600][81.059s][info][gc,stats    ]     System Dictionary               331 us
[2026-04-03T02:31:51.200+0600][81.059s][info][gc,stats    ]     Weak Class Links                  1 us
[2026-04-03T02:31:51.200+0600][81.059s][info][gc,stats    ]     Code Roots                    17338 us
[2026-04-03T02:31:51.200+0600][81.059s][info][gc,stats    ]   Rendezvous                        438 us
[2026-04-03T02:31:51.200+0600][81.059s][info][gc,stats    ]   Purge Unlinked                   1074 us
[2026-04-03T02:31:51.200+0600][81.059s][info][gc,stats    ]     Code Roots                     1063 us
[2026-04-03T02:31:51.200+0600][81.059s][info][gc,stats    ]     CLDG                             10 us
[2026-04-03T02:31:51.200+0600][81.059s][info][gc,stats    ]     Exception Caches                  0 us
[2026-04-03T02:31:51.200+0600][81.059s][info][gc,stats    ] Concurrent Strong Roots            1429 us, parallelism: 0.61x
[2026-04-03T02:31:51.200+0600][81.059s][info][gc,stats    ]   CSR: <total>                      876 us
[2026-04-03T02:31:51.200+0600][81.059s][info][gc,stats    ]   CSR: VM Strong Roots               53 us, workers (us):  52,   0,   0, ---, ---, ---, 
[2026-04-03T02:31:51.200+0600][81.059s][info][gc,stats    ]   CSR: CLDG Roots                   823 us, workers (us): 823, ---, ---, ---, ---, ---, 
[2026-04-03T02:31:51.200+0600][81.059s][info][gc,stats    ] Concurrent Evacuation              3532 us
[2026-04-03T02:31:51.200+0600][81.059s][info][gc,stats    ] Pause Init Update Refs (G)          496 us
[2026-04-03T02:31:51.200+0600][81.059s][info][gc,stats    ] Pause Init Update Refs (N)          171 us
[2026-04-03T02:31:51.200+0600][81.059s][info][gc,stats    ]   Manage GCLABs                      52 us
[2026-04-03T02:31:51.200+0600][81.059s][info][gc,stats    ] Concurrent Update Refs            50875 us
[2026-04-03T02:31:51.200+0600][81.059s][info][gc,stats    ] Concurrent Update Thread Roots     1230 us
[2026-04-03T02:31:51.200+0600][81.059s][info][gc,stats    ] Pause Final Update Refs (G)         506 us
[2026-04-03T02:31:51.200+0600][81.059s][info][gc,stats    ] Pause Final Update Refs (N)         178 us
[2026-04-03T02:31:51.200+0600][81.059s][info][gc,stats    ]   Update Region States               38 us
[2026-04-03T02:31:51.200+0600][81.059s][info][gc,stats    ]   Trash Collection Set               15 us
[2026-04-03T02:31:51.200+0600][81.059s][info][gc,stats    ]   Rebuild Free Set                   35 us
[2026-04-03T02:31:51.200+0600][81.059s][info][gc,stats    ] Concurrent Cleanup                  478 us
[2026-04-03T02:31:51.200+0600][81.059s][info][gc,stats    ] Pacing                           134063 us
[2026-04-03T02:31:51.200+0600][81.059s][info][gc,stats    ] 
[2026-04-03T02:31:51.200+0600][81.059s][info][gc,stats    ] Allocation pacing accrued:
[2026-04-03T02:31:51.200+0600][81.059s][info][gc,stats    ]      11 of   802 ms (  1.4%): Common-Cleaner
[2026-04-03T02:31:51.200+0600][81.059s][info][gc,stats    ]      17 of   802 ms (  2.2%): Executor task launch worker for task 0.0 in stage 3640.0 (TID 6901)
[2026-04-03T02:31:51.200+0600][81.059s][info][gc,stats    ]      17 of   802 ms (  2.1%): Executor task launch worker for task 2.0 in stage 3640.0 (TID 6903)
[2026-04-03T02:31:51.200+0600][81.059s][info][gc,stats    ]      21 of   802 ms (  2.7%): Executor task launch worker for task 4.0 in stage 3640.0 (TID 6905)
[2026-04-03T02:31:51.200+0600][81.059s][info][gc,stats    ]      10 of   802 ms (  1.3%): Executor task launch worker for task 5.0 in stage 3640.0 (TID 6906)
[2026-04-03T02:31:51.200+0600][81.059s][info][gc,stats    ]      11 of   802 ms (  1.4%): Executor task launch worker for task 6.0 in stage 3640.0 (TID 6907)
[2026-04-03T02:31:51.200+0600][81.059s][info][gc,stats    ]      17 of   802 ms (  2.1%): Executor task launch worker for task 1.0 in stage 3640.0 (TID 6902)
[2026-04-03T02:31:51.200+0600][81.059s][info][gc,stats    ]      17 of   802 ms (  2.2%): Executor task launch worker for task 3.0 in stage 3640.0 (TID 6904)
[2026-04-03T02:31:51.200+0600][81.059s][info][gc,stats    ]      11 of   802 ms (  1.4%): Executor task launch worker for task 7.0 in stage 3640.0 (TID 6908)
[2026-04-03T02:31:51.200+0600][81.059s][info][gc,stats    ]     134 of   802 ms ( 16.7%): <total>
[2026-04-03T02:31:51.200+0600][81.059s][info][gc,stats    ]       0 of   802 ms (  0.1%): <average total>
[2026-04-03T02:31:51.200+0600][81.059s][info][gc,stats    ]      15 of   802 ms (  1.9%): <average non-zero>
[2026-04-03T02:31:51.200+0600][81.059s][info][gc,stats    ] 
[2026-04-03T02:31:51.200+0600][81.059s][info][gc,metaspace] Metaspace: 131527K(132800K)->131527K(132800K) NonClass: 115059K(115648K)->115059K(115648K) Class: 16467K(17152K)->16467K(17152K)
[2026-04-03T02:31:51.200+0600][81.059s][info][gc,ergo     ] Pacer for Idle. Initial: 25600K, Alloc Tax Rate: 1.0x
[2026-04-03T02:31:51.679+0600][81.538s][info][gc          ] Trigger: Average GC time (179.41 ms) is above the time for average allocation rate (1221 MB/s) to deplete free headroom (209M) (margin of error = 1.92)
[2026-04-03T02:31:51.679+0600][81.538s][info][gc,ergo     ] Free headroom: 271M (free) - 64000K (spike) - 0B (penalties) = 209M
[2026-04-03T02:31:51.679+0600][81.538s][info][gc,ergo     ] Free: 271M, Max: 512K regular, 162M humongous, Frag: 40% external, 0% internal; Reserve: 64000K, Max: 512K
[2026-04-03T02:31:51.679+0600][81.538s][info][gc,start    ] GC(88) Concurrent reset
[2026-04-03T02:31:51.679+0600][81.538s][info][gc,task     ] GC(88) Using 3 of 6 workers for concurrent reset
[2026-04-03T02:31:51.679+0600][81.538s][info][gc,ergo     ] GC(88) Pacer for Reset. Non-Taxable: 1250M
[2026-04-03T02:31:51.681+0600][81.540s][info][gc          ] GC(88) Concurrent reset 1.985ms
[2026-04-03T02:31:51.682+0600][81.541s][info][gc,start    ] GC(88) Pause Init Mark (unload classes)
[2026-04-03T02:31:51.682+0600][81.541s][info][gc,task     ] GC(88) Using 6 of 6 workers for init marking
[2026-04-03T02:31:51.682+0600][81.541s][info][gc,ergo     ] GC(88) Pacer for Mark. Expected Live: 96321K, Free: 237M, Non-Taxable: 24329K, Alloc Tax Rate: 0.5x
[2026-04-03T02:31:51.682+0600][81.541s][info][gc          ] GC(88) Pause Init Mark (unload classes) 0.179ms
[2026-04-03T02:31:51.682+0600][81.541s][info][gc,start    ] GC(88) Concurrent marking roots
[2026-04-03T02:31:51.682+0600][81.542s][info][gc,task     ] GC(88) Using 3 of 6 workers for concurrent marking roots
[2026-04-03T02:31:51.684+0600][81.543s][info][gc          ] GC(88) Concurrent marking roots 1.467ms
[2026-04-03T02:31:51.684+0600][81.543s][info][gc,start    ] GC(88) Concurrent marking (unload classes)
[2026-04-03T02:31:51.684+0600][81.543s][info][gc,task     ] GC(88) Using 3 of 6 workers for concurrent marking
[2026-04-03T02:31:51.726+0600][81.586s][info][gc          ] GC(88) Concurrent marking (unload classes) 42.657ms
[2026-04-03T02:31:51.727+0600][81.586s][info][gc,start    ] GC(88) Pause Final Mark (unload classes)
[2026-04-03T02:31:51.727+0600][81.586s][info][gc,task     ] GC(88) Using 6 of 6 workers for final marking
[2026-04-03T02:31:51.727+0600][81.587s][info][gc,ergo     ] GC(88) Adaptive CSet Selection. Target Free: 177M, Actual Free: 838M, Max CSet: 53333K, Min Garbage: 0B
[2026-04-03T02:31:51.728+0600][81.587s][info][gc,ergo     ] GC(88) Collectable Garbage: 768M (98%), Immediate: 602M (77%), CSet: 165M (21%)
[2026-04-03T02:31:51.728+0600][81.587s][info][gc,ergo     ] GC(88) Pacer for Evacuation. Used CSet: 174M, Free: 843M, Non-Taxable: 86334K, Alloc Tax Rate: 1.1x
[2026-04-03T02:31:51.728+0600][81.587s][info][gc          ] GC(88) Pause Final Mark (unload classes) 0.748ms
[2026-04-03T02:31:51.728+0600][81.587s][info][gc,start    ] GC(88) Concurrent thread roots
[2026-04-03T02:31:51.728+0600][81.587s][info][gc,task     ] GC(88) Using 3 of 6 workers for Concurrent thread roots
[2026-04-03T02:31:51.729+0600][81.588s][info][gc          ] GC(88) Concurrent thread roots 1.100ms
[2026-04-03T02:31:51.729+0600][81.588s][info][gc,start    ] GC(88) Concurrent weak references
[2026-04-03T02:31:51.729+0600][81.588s][info][gc,task     ] GC(88) Using 3 of 6 workers for concurrent weak references
[2026-04-03T02:31:51.731+0600][81.590s][info][gc,ref      ] GC(88) Encountered references: Soft: 3788, Weak: 16992, Final: 84, Phantom: 642
[2026-04-03T02:31:51.731+0600][81.590s][info][gc,ref      ] GC(88) Discovered  references: Soft: 0, Weak: 10720, Final: 52, Phantom: 244
[2026-04-03T02:31:51.731+0600][81.590s][info][gc,ref      ] GC(88) Enqueued    references: Soft: 0, Weak: 2289, Final: 0, Phantom: 0
[2026-04-03T02:31:51.731+0600][81.590s][info][gc          ] GC(88) Concurrent weak references 1.757ms
[2026-04-03T02:31:51.731+0600][81.590s][info][gc,start    ] GC(88) Concurrent weak roots
[2026-04-03T02:31:51.731+0600][81.590s][info][gc,task     ] GC(88) Using 3 of 6 workers for concurrent weak root
[2026-04-03T02:31:51.736+0600][81.595s][info][gc          ] GC(88) Concurrent weak roots 4.797ms
[2026-04-03T02:31:51.736+0600][81.595s][info][gc,start    ] GC(88) Concurrent cleanup
[2026-04-03T02:31:51.736+0600][81.596s][info][gc          ] GC(88) Concurrent cleanup 959M->364M(1047M) 0.776ms
[2026-04-03T02:31:51.737+0600][81.596s][info][gc,ergo     ] GC(88) Free: 810M, Max: 512K regular, 151M humongous, Frag: 82% external, 0% internal; Reserve: 62536K, Max: 512K
[2026-04-03T02:31:51.737+0600][81.596s][info][gc,start    ] GC(88) Concurrent class unloading
[2026-04-03T02:31:51.737+0600][81.596s][info][gc,task     ] GC(88) Using 3 of 6 workers for concurrent class unloading
[2026-04-03T02:31:51.755+0600][81.614s][info][gc          ] GC(88) Concurrent class unloading 18.329ms
[2026-04-03T02:31:51.755+0600][81.614s][info][gc,start    ] GC(88) Concurrent strong roots
[2026-04-03T02:31:51.755+0600][81.614s][info][gc,task     ] GC(88) Using 3 of 6 workers for concurrent strong root
[2026-04-03T02:31:51.756+0600][81.615s][info][gc          ] GC(88) Concurrent strong roots 1.137ms
[2026-04-03T02:31:51.756+0600][81.615s][info][gc,start    ] GC(88) Concurrent evacuation
[2026-04-03T02:31:51.756+0600][81.616s][info][gc,task     ] GC(88) Using 3 of 6 workers for concurrent evacuation
[2026-04-03T02:31:51.760+0600][81.619s][info][gc          ] GC(88) Concurrent evacuation 3.759ms
[2026-04-03T02:31:51.763+0600][81.622s][info][gc,start    ] GC(88) Pause Init Update Refs
[2026-04-03T02:31:51.763+0600][81.622s][info][gc,ergo     ] GC(88) Pacer for Update Refs. Used: 394M, Free: 787M, Non-Taxable: 80617K, Alloc Tax Rate: 1.1x
[2026-04-03T02:31:51.763+0600][81.622s][info][gc          ] GC(88) Pause Init Update Refs 0.142ms
[2026-04-03T02:31:51.763+0600][81.622s][info][gc,start    ] GC(88) Concurrent update references
[2026-04-03T02:31:51.763+0600][81.622s][info][gc,task     ] GC(88) Using 3 of 6 workers for concurrent reference update
[2026-04-03T02:31:51.806+0600][81.666s][info][gc          ] GC(88) Concurrent update references 43.353ms
[2026-04-03T02:31:51.807+0600][81.666s][info][gc,start    ] GC(88) Concurrent update thread roots
[2026-04-03T02:31:51.808+0600][81.667s][info][gc          ] GC(88) Concurrent update thread roots 1.100ms
[2026-04-03T02:31:51.808+0600][81.667s][info][gc,start    ] GC(88) Pause Final Update Refs
[2026-04-03T02:31:51.808+0600][81.667s][info][gc,task     ] GC(88) Using 6 of 6 workers for final reference update
[2026-04-03T02:31:51.808+0600][81.667s][info][gc          ] GC(88) Pause Final Update Refs 0.178ms
[2026-04-03T02:31:51.808+0600][81.667s][info][gc,start    ] GC(88) Concurrent cleanup
[2026-04-03T02:31:51.808+0600][81.668s][info][gc          ] GC(88) Concurrent cleanup 431M->257M(1047M) 0.432ms
[2026-04-03T02:31:51.808+0600][81.668s][info][gc,ergo     ] Free: 910M, Max: 512K regular, 430M humongous, Frag: 53% external, 0% internal; Reserve: 64000K, Max: 512K
[2026-04-03T02:31:51.808+0600][81.668s][info][gc,stats    ] 
[2026-04-03T02:31:51.808+0600][81.668s][info][gc,stats    ] All times are wall-clock times, except per-root-class counters, that are sum over
[2026-04-03T02:31:51.808+0600][81.668s][info][gc,stats    ] all workers. Dividing the <total> over the root stage time estimates parallelism.
[2026-04-03T02:31:51.809+0600][81.668s][info][gc,stats    ] 
[2026-04-03T02:31:51.809+0600][81.668s][info][gc,stats    ] Concurrent Reset                   2064 us
[2026-04-03T02:31:51.809+0600][81.668s][info][gc,stats    ] Pause Init Mark (G)                1089 us
[2026-04-03T02:31:51.809+0600][81.668s][info][gc,stats    ] Pause Init Mark (N)                 187 us
[2026-04-03T02:31:51.809+0600][81.668s][info][gc,stats    ]   Update Region States               40 us
[2026-04-03T02:31:51.809+0600][81.668s][info][gc,stats    ] Concurrent Mark Roots              1536 us, parallelism: 1.75x
[2026-04-03T02:31:51.809+0600][81.668s][info][gc,stats    ]   CMR: <total>                     2694 us
[2026-04-03T02:31:51.809+0600][81.668s][info][gc,stats    ]   CMR: Thread Roots                2301 us, workers (us): 548, 871, 881, ---, ---, ---, 
[2026-04-03T02:31:51.809+0600][81.668s][info][gc,stats    ]   CMR: VM Strong Roots               70 us, workers (us):  35,  31,   4, ---, ---, ---, 
[2026-04-03T02:31:51.809+0600][81.668s][info][gc,stats    ]   CMR: CLDG Roots                   324 us, workers (us): 324, ---, ---, ---, ---, ---, 
[2026-04-03T02:31:51.809+0600][81.668s][info][gc,stats    ] Concurrent Marking                42715 us
[2026-04-03T02:31:51.809+0600][81.668s][info][gc,stats    ] Pause Final Mark (G)               1460 us
[2026-04-03T02:31:51.809+0600][81.668s][info][gc,stats    ] Pause Final Mark (N)                761 us
[2026-04-03T02:31:51.809+0600][81.668s][info][gc,stats    ]   Finish Mark                       319 us
[2026-04-03T02:31:51.809+0600][81.668s][info][gc,stats    ]   Update Region States               48 us
[2026-04-03T02:31:51.809+0600][81.668s][info][gc,stats    ]   Choose Collection Set             190 us
[2026-04-03T02:31:51.809+0600][81.668s][info][gc,stats    ]   Rebuild Free Set                   30 us
[2026-04-03T02:31:51.809+0600][81.668s][info][gc,stats    ] Concurrent Thread Roots            1150 us, parallelism: 2.25x
[2026-04-03T02:31:51.809+0600][81.668s][info][gc,stats    ]   CTR: <total>                     2589 us
[2026-04-03T02:31:51.809+0600][81.668s][info][gc,stats    ]   CTR: Thread Roots                2589 us, workers (us): 888, 854, 847, ---, ---, ---, 
[2026-04-03T02:31:51.809+0600][81.668s][info][gc,stats    ] Concurrent Weak References         1766 us, parallelism: 1.23x
[2026-04-03T02:31:51.809+0600][81.668s][info][gc,stats    ]   CWRF: <total>                    2178 us
[2026-04-03T02:31:51.809+0600][81.668s][info][gc,stats    ]   CWRF: Weak References            2178 us, workers (us): 1442, 401, 335, ---, ---, ---, 
[2026-04-03T02:31:51.809+0600][81.668s][info][gc,stats    ] Concurrent Weak Roots              4906 us
[2026-04-03T02:31:51.809+0600][81.668s][info][gc,stats    ]   Roots                            4387 us, parallelism: 2.73x
[2026-04-03T02:31:51.809+0600][81.668s][info][gc,stats    ]     CWR: <total>                  11957 us
[2026-04-03T02:31:51.809+0600][81.668s][info][gc,stats    ]     CWR: Code Cache Roots          9290 us, workers (us): 3084, 3234, 2972, ---, ---, ---, 
[2026-04-03T02:31:51.809+0600][81.668s][info][gc,stats    ]     CWR: VM Weak Roots             2497 us, workers (us): 879, 815, 803, ---, ---, ---, 
[2026-04-03T02:31:51.809+0600][81.668s][info][gc,stats    ]     CWR: CLDG Roots                 170 us, workers (us): ---, ---, 170, ---, ---, ---, 
[2026-04-03T02:31:51.809+0600][81.668s][info][gc,stats    ]   Rendezvous                        384 us
[2026-04-03T02:31:51.809+0600][81.668s][info][gc,stats    ] Concurrent Cleanup                  818 us
[2026-04-03T02:31:51.809+0600][81.668s][info][gc,stats    ] Concurrent Class Unloading        18413 us
[2026-04-03T02:31:51.809+0600][81.668s][info][gc,stats    ]   Unlink Stale                    15904 us
[2026-04-03T02:31:51.809+0600][81.668s][info][gc,stats    ]     System Dictionary               327 us
[2026-04-03T02:31:51.809+0600][81.668s][info][gc,stats    ]     Weak Class Links                  0 us
[2026-04-03T02:31:51.809+0600][81.668s][info][gc,stats    ]     Code Roots                    15573 us
[2026-04-03T02:31:51.809+0600][81.668s][info][gc,stats    ]   Rendezvous                        532 us
[2026-04-03T02:31:51.809+0600][81.668s][info][gc,stats    ]   Purge Unlinked                   1863 us
[2026-04-03T02:31:51.809+0600][81.668s][info][gc,stats    ]     Code Roots                     1847 us
[2026-04-03T02:31:51.809+0600][81.668s][info][gc,stats    ]     CLDG                             15 us
[2026-04-03T02:31:51.809+0600][81.668s][info][gc,stats    ]     Exception Caches                  0 us
[2026-04-03T02:31:51.809+0600][81.668s][info][gc,stats    ] Concurrent Strong Roots            1186 us, parallelism: 0.68x
[2026-04-03T02:31:51.809+0600][81.668s][info][gc,stats    ]   CSR: <total>                      805 us
[2026-04-03T02:31:51.809+0600][81.668s][info][gc,stats    ]   CSR: VM Strong Roots               53 us, workers (us):  23,  17,  13, ---, ---, ---, 
[2026-04-03T02:31:51.809+0600][81.668s][info][gc,stats    ]   CSR: CLDG Roots                   752 us, workers (us): ---, 752, ---, ---, ---, ---, 
[2026-04-03T02:31:51.809+0600][81.668s][info][gc,stats    ] Concurrent Evacuation              3881 us
[2026-04-03T02:31:51.809+0600][81.668s][info][gc,stats    ] Pause Init Update Refs (G)         3048 us
[2026-04-03T02:31:51.809+0600][81.668s][info][gc,stats    ] Pause Init Update Refs (N)          155 us
[2026-04-03T02:31:51.809+0600][81.668s][info][gc,stats    ]   Manage GCLABs                      43 us
[2026-04-03T02:31:51.809+0600][81.668s][info][gc,stats    ] Concurrent Update Refs            43426 us
[2026-04-03T02:31:51.809+0600][81.668s][info][gc,stats    ] Concurrent Update Thread Roots     1115 us
[2026-04-03T02:31:51.809+0600][81.668s][info][gc,stats    ] Pause Final Update Refs (G)         303 us
[2026-04-03T02:31:51.809+0600][81.668s][info][gc,stats    ] Pause Final Update Refs (N)         194 us
[2026-04-03T02:31:51.809+0600][81.668s][info][gc,stats    ]   Update Region States               43 us
[2026-04-03T02:31:51.809+0600][81.668s][info][gc,stats    ]   Trash Collection Set               16 us
[2026-04-03T02:31:51.809+0600][81.668s][info][gc,stats    ]   Rebuild Free Set                   40 us
[2026-04-03T02:31:51.809+0600][81.668s][info][gc,stats    ] Concurrent Cleanup                  445 us
[2026-04-03T02:31:51.809+0600][81.668s][info][gc,stats    ] Pacing                           155721 us
[2026-04-03T02:31:51.809+0600][81.668s][info][gc,stats    ] 
[2026-04-03T02:31:51.809+0600][81.668s][info][gc,stats    ] Allocation pacing accrued:
[2026-04-03T02:31:51.809+0600][81.668s][info][gc,stats    ]      40 of   609 ms (  6.6%): Executor task launch worker for task 2.0 in stage 3755.0 (TID 6961)
[2026-04-03T02:31:51.809+0600][81.668s][info][gc,stats    ]      40 of   609 ms (  6.6%): Executor task launch worker for task 1.0 in stage 3755.0 (TID 6960)
[2026-04-03T02:31:51.809+0600][81.668s][info][gc,stats    ]      39 of   609 ms (  6.5%): Executor task launch worker for task 0.0 in stage 3755.0 (TID 6959)
[2026-04-03T02:31:51.809+0600][81.668s][info][gc,stats    ]      36 of   609 ms (  5.9%): Executor task launch worker for task 3.0 in stage 3755.0 (TID 6962)
[2026-04-03T02:31:51.809+0600][81.668s][info][gc,stats    ]     156 of   609 ms ( 25.6%): <total>
[2026-04-03T02:31:51.809+0600][81.668s][info][gc,stats    ]       1 of   609 ms (  0.1%): <average total>
[2026-04-03T02:31:51.809+0600][81.668s][info][gc,stats    ]      39 of   609 ms (  6.4%): <average non-zero>
[2026-04-03T02:31:51.809+0600][81.668s][info][gc,stats    ] 
[2026-04-03T02:31:51.809+0600][81.668s][info][gc,metaspace] Metaspace: 131533K(132800K)->131536K(132800K) NonClass: 115065K(115648K)->115068K(115648K) Class: 16467K(17152K)->16467K(17152K)
[2026-04-03T02:31:51.809+0600][81.668s][info][gc,ergo     ] Pacer for Idle. Initial: 25600K, Alloc Tax Rate: 1.0x
[2026-04-03T02:31:51.911+0600][81.770s][info][gc          ] Trigger: Average GC time (165.01 ms) is above the time for instantaneous allocation rate (3947 MB/s) to deplete free headroom (449M) (spike threshold = 1.78)
[2026-04-03T02:31:51.911+0600][81.770s][info][gc,ergo     ] Free: 511M, Max: 512K regular, 310M humongous, Frag: 40% external, 0% internal; Reserve: 64000K, Max: 512K
[2026-04-03T02:31:51.911+0600][81.771s][info][gc,start    ] GC(89) Concurrent reset
[2026-04-03T02:31:51.911+0600][81.771s][info][gc,task     ] GC(89) Using 3 of 6 workers for concurrent reset
[2026-04-03T02:31:51.911+0600][81.771s][info][gc,ergo     ] GC(89) Pacer for Reset. Non-Taxable: 1250M
[2026-04-03T02:31:51.912+0600][81.771s][info][gc          ] GC(89) Concurrent reset 0.929ms
[2026-04-03T02:31:51.912+0600][81.772s][info][gc,start    ] GC(89) Pause Init Mark (unload classes)
[2026-04-03T02:31:51.912+0600][81.772s][info][gc,task     ] GC(89) Using 6 of 6 workers for init marking
[2026-04-03T02:31:51.912+0600][81.772s][info][gc,ergo     ] GC(89) Pacer for Mark. Expected Live: 97791K, Free: 508M, Non-Taxable: 52102K, Alloc Tax Rate: 0.2x
[2026-04-03T02:31:51.912+0600][81.772s][info][gc          ] GC(89) Pause Init Mark (unload classes) 0.101ms
[2026-04-03T02:31:51.912+0600][81.772s][info][gc,start    ] GC(89) Concurrent marking roots
[2026-04-03T02:31:51.912+0600][81.772s][info][gc,task     ] GC(89) Using 3 of 6 workers for concurrent marking roots
[2026-04-03T02:31:51.914+0600][81.773s][info][gc          ] GC(89) Concurrent marking roots 1.690ms
[2026-04-03T02:31:51.914+0600][81.774s][info][gc,start    ] GC(89) Concurrent marking (unload classes)
[2026-04-03T02:31:51.914+0600][81.774s][info][gc,task     ] GC(89) Using 3 of 6 workers for concurrent marking
[2026-04-03T02:31:51.982+0600][81.841s][info][gc          ] GC(89) Concurrent marking (unload classes) 67.858ms
[2026-04-03T02:31:51.982+0600][81.842s][info][gc,start    ] GC(89) Pause Final Mark (unload classes)
[2026-04-03T02:31:51.982+0600][81.842s][info][gc,task     ] GC(89) Using 6 of 6 workers for final marking
[2026-04-03T02:31:51.983+0600][81.842s][info][gc,ergo     ] GC(89) Adaptive CSet Selection. Target Free: 177M, Actual Free: 952M, Max CSet: 53333K, Min Garbage: 0B
[2026-04-03T02:31:51.983+0600][81.842s][info][gc,ergo     ] GC(89) Collectable Garbage: 519M (98%), Immediate: 448M (84%), CSet: 73142K (13%)
[2026-04-03T02:31:51.983+0600][81.842s][info][gc,ergo     ] GC(89) Pacer for Evacuation. Used CSet: 81394K, Free: 948M, Non-Taxable: 97141K, Alloc Tax Rate: 1.1x
[2026-04-03T02:31:51.983+0600][81.842s][info][gc          ] GC(89) Pause Final Mark (unload classes) 0.834ms
[2026-04-03T02:31:51.983+0600][81.843s][info][gc,start    ] GC(89) Concurrent thread roots
[2026-04-03T02:31:51.983+0600][81.843s][info][gc,task     ] GC(89) Using 3 of 6 workers for Concurrent thread roots
[2026-04-03T02:31:51.984+0600][81.844s][info][gc          ] GC(89) Concurrent thread roots 1.100ms
[2026-04-03T02:31:51.985+0600][81.844s][info][gc,start    ] GC(89) Concurrent weak references
[2026-04-03T02:31:51.985+0600][81.844s][info][gc,task     ] GC(89) Using 3 of 6 workers for concurrent weak references
[2026-04-03T02:31:51.986+0600][81.845s][info][gc,ref      ] GC(89) Encountered references: Soft: 3792, Weak: 15017, Final: 84, Phantom: 621
[2026-04-03T02:31:51.986+0600][81.845s][info][gc,ref      ] GC(89) Discovered  references: Soft: 0, Weak: 8985, Final: 52, Phantom: 223
[2026-04-03T02:31:51.986+0600][81.845s][info][gc,ref      ] GC(89) Enqueued    references: Soft: 0, Weak: 379, Final: 0, Phantom: 0
[2026-04-03T02:31:51.986+0600][81.845s][info][gc          ] GC(89) Concurrent weak references 1.103ms
[2026-04-03T02:31:51.986+0600][81.845s][info][gc,start    ] GC(89) Concurrent weak roots
[2026-04-03T02:31:51.986+0600][81.845s][info][gc,task     ] GC(89) Using 3 of 6 workers for concurrent weak root
[2026-04-03T02:31:51.991+0600][81.850s][info][gc          ] GC(89) Concurrent weak roots 5.154ms
[2026-04-03T02:31:51.991+0600][81.850s][info][gc,start    ] GC(89) Concurrent cleanup
[2026-04-03T02:31:51.992+0600][81.851s][info][gc          ] GC(89) Concurrent cleanup 681M->232M(1047M) 0.667ms
[2026-04-03T02:31:51.992+0600][81.851s][info][gc,ergo     ] GC(89) Free: 943M, Max: 512K regular, 354M humongous, Frag: 63% external, 0% internal; Reserve: 63353K, Max: 512K
[2026-04-03T02:31:51.992+0600][81.851s][info][gc,start    ] GC(89) Concurrent class unloading
[2026-04-03T02:31:51.992+0600][81.851s][info][gc,task     ] GC(89) Using 3 of 6 workers for concurrent class unloading
[2026-04-03T02:31:52.014+0600][81.873s][info][gc          ] GC(89) Concurrent class unloading 22.389ms
[2026-04-03T02:31:52.014+0600][81.873s][info][gc,start    ] GC(89) Concurrent strong roots
[2026-04-03T02:31:52.014+0600][81.874s][info][gc,task     ] GC(89) Using 3 of 6 workers for concurrent strong root
[2026-04-03T02:31:52.016+0600][81.875s][info][gc          ] GC(89) Concurrent strong roots 1.725ms
[2026-04-03T02:31:52.016+0600][81.875s][info][gc,start    ] GC(89) Concurrent evacuation
[2026-04-03T02:31:52.016+0600][81.875s][info][gc,task     ] GC(89) Using 3 of 6 workers for concurrent evacuation
[2026-04-03T02:31:52.027+0600][81.886s][info][gc          ] GC(89) Concurrent evacuation 11.011ms
[2026-04-03T02:31:52.027+0600][81.887s][info][gc,start    ] GC(89) Pause Init Update Refs
[2026-04-03T02:31:52.028+0600][81.887s][info][gc,ergo     ] GC(89) Pacer for Update Refs. Used: 265M, Free: 915M, Non-Taxable: 93759K, Alloc Tax Rate: 1.1x
[2026-04-03T02:31:52.028+0600][81.887s][info][gc          ] GC(89) Pause Init Update Refs 0.165ms
[2026-04-03T02:31:52.028+0600][81.887s][info][gc,start    ] GC(89) Concurrent update references
[2026-04-03T02:31:52.028+0600][81.887s][info][gc,task     ] GC(89) Using 3 of 6 workers for concurrent reference update
[2026-04-03T02:31:52.067+0600][81.926s][info][gc          ] GC(89) Concurrent update references 38.957ms
[2026-04-03T02:31:52.067+0600][81.926s][info][gc,start    ] GC(89) Concurrent update thread roots
[2026-04-03T02:31:52.068+0600][81.927s][info][gc          ] GC(89) Concurrent update thread roots 0.999ms
[2026-04-03T02:31:52.068+0600][81.927s][info][gc,start    ] GC(89) Pause Final Update Refs
[2026-04-03T02:31:52.068+0600][81.927s][info][gc,task     ] GC(89) Using 6 of 6 workers for final reference update
[2026-04-03T02:31:52.068+0600][81.927s][info][gc          ] GC(89) Pause Final Update Refs 0.176ms
[2026-04-03T02:31:52.068+0600][81.928s][info][gc,start    ] GC(89) Concurrent cleanup
[2026-04-03T02:31:52.069+0600][81.928s][info][gc          ] GC(89) Concurrent cleanup 272M->193M(1049M) 0.225ms
[2026-04-03T02:31:52.069+0600][81.928s][info][gc,ergo     ] Free: 977M, Max: 512K regular, 537M humongous, Frag: 45% external, 0% internal; Reserve: 64000K, Max: 512K
[2026-04-03T02:31:52.069+0600][81.928s][info][gc,stats    ] 
[2026-04-03T02:31:52.069+0600][81.928s][info][gc,stats    ] All times are wall-clock times, except per-root-class counters, that are sum over
[2026-04-03T02:31:52.069+0600][81.928s][info][gc,stats    ] all workers. Dividing the <total> over the root stage time estimates parallelism.
[2026-04-03T02:31:52.069+0600][81.928s][info][gc,stats    ] 
[2026-04-03T02:31:52.069+0600][81.928s][info][gc,stats    ] Concurrent Reset                    970 us
[2026-04-03T02:31:52.069+0600][81.928s][info][gc,stats    ] Pause Init Mark (G)                 302 us
[2026-04-03T02:31:52.069+0600][81.928s][info][gc,stats    ] Pause Init Mark (N)                 109 us
[2026-04-03T02:31:52.069+0600][81.928s][info][gc,stats    ]   Update Region States               18 us
[2026-04-03T02:31:52.069+0600][81.928s][info][gc,stats    ] Concurrent Mark Roots              1747 us, parallelism: 1.90x
[2026-04-03T02:31:52.069+0600][81.928s][info][gc,stats    ]   CMR: <total>                     3313 us
[2026-04-03T02:31:52.069+0600][81.928s][info][gc,stats    ]   CMR: Thread Roots                2971 us, workers (us): 1041, 1321, 610, ---, ---, ---, 
[2026-04-03T02:31:52.069+0600][81.928s][info][gc,stats    ]   CMR: VM Strong Roots               47 us, workers (us):  23,  21,   3, ---, ---, ---, 
[2026-04-03T02:31:52.069+0600][81.928s][info][gc,stats    ]   CMR: CLDG Roots                   295 us, workers (us): 295, ---, ---, ---, ---, ---, 
[2026-04-03T02:31:52.069+0600][81.928s][info][gc,stats    ] Concurrent Marking                67939 us
[2026-04-03T02:31:52.069+0600][81.928s][info][gc,stats    ] Pause Final Mark (G)               1197 us
[2026-04-03T02:31:52.069+0600][81.928s][info][gc,stats    ] Pause Final Mark (N)                849 us
[2026-04-03T02:31:52.069+0600][81.928s][info][gc,stats    ]   Finish Mark                       158 us
[2026-04-03T02:31:52.069+0600][81.928s][info][gc,stats    ]   Update Region States               47 us
[2026-04-03T02:31:52.069+0600][81.928s][info][gc,stats    ]   Choose Collection Set             400 us
[2026-04-03T02:31:52.069+0600][81.928s][info][gc,stats    ]   Rebuild Free Set                   54 us
[2026-04-03T02:31:52.069+0600][81.928s][info][gc,stats    ] Concurrent Thread Roots            1135 us, parallelism: 2.35x
[2026-04-03T02:31:52.069+0600][81.928s][info][gc,stats    ]   CTR: <total>                     2666 us
[2026-04-03T02:31:52.069+0600][81.928s][info][gc,stats    ]   CTR: Thread Roots                2666 us, workers (us): 903, 878, 885, ---, ---, ---, 
[2026-04-03T02:31:52.069+0600][81.928s][info][gc,stats    ] Concurrent Weak References         1115 us, parallelism: 1.08x
[2026-04-03T02:31:52.069+0600][81.928s][info][gc,stats    ]   CWRF: <total>                    1207 us
[2026-04-03T02:31:52.069+0600][81.928s][info][gc,stats    ]   CWRF: Weak References            1207 us, workers (us): 932, 274,   1, ---, ---, ---, 
[2026-04-03T02:31:52.069+0600][81.928s][info][gc,stats    ] Concurrent Weak Roots              5257 us
[2026-04-03T02:31:52.069+0600][81.928s][info][gc,stats    ]   Roots                            4789 us, parallelism: 2.75x
[2026-04-03T02:31:52.069+0600][81.928s][info][gc,stats    ]     CWR: <total>                  13167 us
[2026-04-03T02:31:52.069+0600][81.928s][info][gc,stats    ]     CWR: Code Cache Roots         10476 us, workers (us): 3493, 3467, 3515, ---, ---, ---, 
[2026-04-03T02:31:52.069+0600][81.928s][info][gc,stats    ]     CWR: VM Weak Roots             2566 us, workers (us): 852, 881, 832, ---, ---, ---, 
[2026-04-03T02:31:52.069+0600][81.928s][info][gc,stats    ]     CWR: CLDG Roots                 125 us, workers (us): 125, ---, ---, ---, ---, ---, 
[2026-04-03T02:31:52.069+0600][81.928s][info][gc,stats    ]   Rendezvous                        337 us
[2026-04-03T02:31:52.069+0600][81.928s][info][gc,stats    ] Concurrent Cleanup                  704 us
[2026-04-03T02:31:52.069+0600][81.928s][info][gc,stats    ] Concurrent Class Unloading        22520 us
[2026-04-03T02:31:52.069+0600][81.928s][info][gc,stats    ]   Unlink Stale                    20702 us
[2026-04-03T02:31:52.069+0600][81.928s][info][gc,stats    ]     System Dictionary               267 us
[2026-04-03T02:31:52.069+0600][81.928s][info][gc,stats    ]     Weak Class Links                  0 us
[2026-04-03T02:31:52.069+0600][81.928s][info][gc,stats    ]     Code Roots                    20429 us
[2026-04-03T02:31:52.069+0600][81.928s][info][gc,stats    ]   Rendezvous                        479 us
[2026-04-03T02:31:52.069+0600][81.928s][info][gc,stats    ]   Purge Unlinked                   1178 us
[2026-04-03T02:31:52.069+0600][81.928s][info][gc,stats    ]     Code Roots                     1164 us
[2026-04-03T02:31:52.069+0600][81.928s][info][gc,stats    ]     CLDG                             13 us
[2026-04-03T02:31:52.069+0600][81.928s][info][gc,stats    ]     Exception Caches                  0 us
[2026-04-03T02:31:52.069+0600][81.929s][info][gc,stats    ] Concurrent Strong Roots            1816 us, parallelism: 0.70x
[2026-04-03T02:31:52.069+0600][81.929s][info][gc,stats    ]   CSR: <total>                     1273 us
[2026-04-03T02:31:52.069+0600][81.929s][info][gc,stats    ]   CSR: VM Strong Roots               62 us, workers (us):  46,  16,   0, ---, ---, ---, 
[2026-04-03T02:31:52.069+0600][81.929s][info][gc,stats    ]   CSR: CLDG Roots                  1211 us, workers (us): ---, 1211, ---, ---, ---, ---, 
[2026-04-03T02:31:52.069+0600][81.929s][info][gc,stats    ] Concurrent Evacuation             11133 us
[2026-04-03T02:31:52.069+0600][81.929s][info][gc,stats    ] Pause Init Update Refs (G)          476 us
[2026-04-03T02:31:52.069+0600][81.929s][info][gc,stats    ] Pause Init Update Refs (N)          181 us
[2026-04-03T02:31:52.069+0600][81.929s][info][gc,stats    ]   Manage GCLABs                      47 us
[2026-04-03T02:31:52.069+0600][81.929s][info][gc,stats    ] Concurrent Update Refs            39040 us
[2026-04-03T02:31:52.069+0600][81.929s][info][gc,stats    ] Concurrent Update Thread Roots     1061 us
[2026-04-03T02:31:52.069+0600][81.929s][info][gc,stats    ] Pause Final Update Refs (G)         622 us
[2026-04-03T02:31:52.069+0600][81.929s][info][gc,stats    ] Pause Final Update Refs (N)         210 us
[2026-04-03T02:31:52.069+0600][81.929s][info][gc,stats    ]   Update Region States               39 us
[2026-04-03T02:31:52.069+0600][81.929s][info][gc,stats    ]   Trash Collection Set               11 us
[2026-04-03T02:31:52.069+0600][81.929s][info][gc,stats    ]   Rebuild Free Set                   34 us
[2026-04-03T02:31:52.069+0600][81.929s][info][gc,stats    ] Concurrent Cleanup                  249 us
[2026-04-03T02:31:52.069+0600][81.929s][info][gc,stats    ] 
[2026-04-03T02:31:52.069+0600][81.929s][info][gc,stats    ] Allocation pacing accrued:
[2026-04-03T02:31:52.069+0600][81.929s][info][gc,stats    ]       0 of   260 ms (  0.0%): <total>
[2026-04-03T02:31:52.069+0600][81.929s][info][gc,stats    ]       0 of   260 ms (  0.0%): <average total>
[2026-04-03T02:31:52.069+0600][81.929s][info][gc,stats    ] 
[2026-04-03T02:31:52.069+0600][81.929s][info][gc,metaspace] Metaspace: 131536K(132800K)->131541K(132800K) NonClass: 115068K(115648K)->115073K(115648K) Class: 16467K(17152K)->16467K(17152K)
[2026-04-03T02:31:52.069+0600][81.929s][info][gc,ergo     ] Pacer for Idle. Initial: 25600K, Alloc Tax Rate: 1.0x
[2026-04-03T02:31:52.766+0600][82.625s][info][gc          ] Trigger: Average GC time (175.62 ms) is above the time for average allocation rate (1189 MB/s) to deplete free headroom (208M) (margin of error = 1.92)
[2026-04-03T02:31:52.766+0600][82.625s][info][gc,ergo     ] Free headroom: 271M (free) - 64000K (spike) - 0B (penalties) = 208M
[2026-04-03T02:31:52.766+0600][82.625s][info][gc,ergo     ] Free: 270M, Max: 512K regular, 270M humongous, Frag: 0% external, 0% internal; Reserve: 64000K, Max: 512K
[2026-04-03T02:31:52.766+0600][82.625s][info][gc,start    ] GC(90) Concurrent reset
[2026-04-03T02:31:52.766+0600][82.625s][info][gc,task     ] GC(90) Using 3 of 6 workers for concurrent reset
[2026-04-03T02:31:52.766+0600][82.625s][info][gc,ergo     ] GC(90) Pacer for Reset. Non-Taxable: 1250M
[2026-04-03T02:31:52.767+0600][82.626s][info][gc          ] GC(90) Concurrent reset 1.087ms
[2026-04-03T02:31:52.767+0600][82.627s][info][gc,start    ] GC(90) Pause Init Mark (unload classes)
[2026-04-03T02:31:52.767+0600][82.627s][info][gc,task     ] GC(90) Using 6 of 6 workers for init marking
[2026-04-03T02:31:52.767+0600][82.627s][info][gc,ergo     ] GC(90) Pacer for Mark. Expected Live: 97074K, Free: 269M, Non-Taxable: 27632K, Alloc Tax Rate: 0.4x
[2026-04-03T02:31:52.767+0600][82.627s][info][gc          ] GC(90) Pause Init Mark (unload classes) 0.088ms
[2026-04-03T02:31:52.767+0600][82.627s][info][gc,start    ] GC(90) Concurrent marking roots
[2026-04-03T02:31:52.767+0600][82.627s][info][gc,task     ] GC(90) Using 3 of 6 workers for concurrent marking roots
[2026-04-03T02:31:52.770+0600][82.629s][info][gc          ] GC(90) Concurrent marking roots 2.189ms
[2026-04-03T02:31:52.770+0600][82.629s][info][gc,start    ] GC(90) Concurrent marking (unload classes)
[2026-04-03T02:31:52.770+0600][82.629s][info][gc,task     ] GC(90) Using 3 of 6 workers for concurrent marking
[2026-04-03T02:31:52.841+0600][82.701s][info][gc          ] GC(90) Concurrent marking (unload classes) 71.582ms
[2026-04-03T02:31:52.842+0600][82.701s][info][gc,start    ] GC(90) Pause Final Mark (unload classes)
[2026-04-03T02:31:52.842+0600][82.701s][info][gc,task     ] GC(90) Using 6 of 6 workers for final marking
[2026-04-03T02:31:52.842+0600][82.701s][info][gc,ergo     ] GC(90) Adaptive CSet Selection. Target Free: 177M, Actual Free: 830M, Max CSet: 53333K, Min Garbage: 0B
[2026-04-03T02:31:52.842+0600][82.701s][info][gc,ergo     ] GC(90) Collectable Garbage: 739M (98%), Immediate: 538M (71%), CSet: 201M (26%)
[2026-04-03T02:31:52.842+0600][82.701s][info][gc,ergo     ] GC(90) Pacer for Evacuation. Used CSet: 208M, Free: 842M, Non-Taxable: 86250K, Alloc Tax Rate: 1.1x
[2026-04-03T02:31:52.842+0600][82.701s][info][gc          ] GC(90) Pause Final Mark (unload classes) 0.670ms
[2026-04-03T02:31:52.842+0600][82.702s][info][gc,start    ] GC(90) Concurrent thread roots
[2026-04-03T02:31:52.842+0600][82.702s][info][gc,task     ] GC(90) Using 3 of 6 workers for Concurrent thread roots
[2026-04-03T02:31:52.843+0600][82.703s][info][gc          ] GC(90) Concurrent thread roots 1.044ms
[2026-04-03T02:31:52.843+0600][82.703s][info][gc,start    ] GC(90) Concurrent weak references
[2026-04-03T02:31:52.843+0600][82.703s][info][gc,task     ] GC(90) Using 3 of 6 workers for concurrent weak references
[2026-04-03T02:31:52.844+0600][82.704s][info][gc,ref      ] GC(90) Encountered references: Soft: 3792, Weak: 15844, Final: 84, Phantom: 621
[2026-04-03T02:31:52.845+0600][82.704s][info][gc,ref      ] GC(90) Discovered  references: Soft: 0, Weak: 7952, Final: 48, Phantom: 596
[2026-04-03T02:31:52.845+0600][82.704s][info][gc,ref      ] GC(90) Enqueued    references: Soft: 0, Weak: 267, Final: 0, Phantom: 0
[2026-04-03T02:31:52.845+0600][82.704s][info][gc          ] GC(90) Concurrent weak references 1.192ms
[2026-04-03T02:31:52.845+0600][82.704s][info][gc,start    ] GC(90) Concurrent weak roots
[2026-04-03T02:31:52.845+0600][82.704s][info][gc,task     ] GC(90) Using 3 of 6 workers for concurrent weak root
[2026-04-03T02:31:52.849+0600][82.709s][info][gc          ] GC(90) Concurrent weak roots 4.741ms
[2026-04-03T02:31:52.849+0600][82.709s][info][gc,start    ] GC(90) Concurrent cleanup
[2026-04-03T02:31:52.850+0600][82.709s][info][gc          ] GC(90) Concurrent cleanup 882M->344M(1049M) 0.700ms
[2026-04-03T02:31:52.850+0600][82.710s][info][gc,ergo     ] GC(90) Free: 837M, Max: 512K regular, 224M humongous, Frag: 74% external, 0% internal; Reserve: 63338K, Max: 512K
[2026-04-03T02:31:52.850+0600][82.710s][info][gc,start    ] GC(90) Concurrent class unloading
[2026-04-03T02:31:52.850+0600][82.710s][info][gc,task     ] GC(90) Using 3 of 6 workers for concurrent class unloading
[2026-04-03T02:31:52.874+0600][82.734s][info][gc          ] GC(90) Concurrent class unloading 24.070ms
[2026-04-03T02:31:52.874+0600][82.734s][info][gc,start    ] GC(90) Concurrent strong roots
[2026-04-03T02:31:52.875+0600][82.734s][info][gc,task     ] GC(90) Using 3 of 6 workers for concurrent strong root
[2026-04-03T02:31:52.876+0600][82.736s][info][gc          ] GC(90) Concurrent strong roots 1.888ms
[2026-04-03T02:31:52.876+0600][82.736s][info][gc,start    ] GC(90) Concurrent evacuation
[2026-04-03T02:31:52.876+0600][82.736s][info][gc,task     ] GC(90) Using 3 of 6 workers for concurrent evacuation
[2026-04-03T02:31:52.883+0600][82.742s][info][gc          ] GC(90) Concurrent evacuation 6.418ms
[2026-04-03T02:31:52.883+0600][82.743s][info][gc,start    ] GC(90) Pause Init Update Refs
[2026-04-03T02:31:52.883+0600][82.743s][info][gc,ergo     ] GC(90) Pacer for Update Refs. Used: 369M, Free: 819M, Non-Taxable: 83946K, Alloc Tax Rate: 1.1x
[2026-04-03T02:31:52.883+0600][82.743s][info][gc          ] GC(90) Pause Init Update Refs 0.127ms
[2026-04-03T02:31:52.883+0600][82.743s][info][gc,start    ] GC(90) Concurrent update references
[2026-04-03T02:31:52.883+0600][82.743s][info][gc,task     ] GC(90) Using 3 of 6 workers for concurrent reference update
[2026-04-03T02:31:52.931+0600][82.790s][info][gc          ] GC(90) Concurrent update references 47.341ms
[2026-04-03T02:31:52.931+0600][82.790s][info][gc,start    ] GC(90) Concurrent update thread roots
[2026-04-03T02:31:52.933+0600][82.792s][info][gc          ] GC(90) Concurrent update thread roots 1.877ms
[2026-04-03T02:31:52.933+0600][82.792s][info][gc,start    ] GC(90) Pause Final Update Refs
[2026-04-03T02:31:52.933+0600][82.792s][info][gc,task     ] GC(90) Using 6 of 6 workers for final reference update
[2026-04-03T02:31:52.933+0600][82.793s][info][gc          ] GC(90) Pause Final Update Refs 0.242ms
[2026-04-03T02:31:52.935+0600][82.794s][info][gc,start    ] GC(90) Concurrent cleanup
[2026-04-03T02:31:52.935+0600][82.795s][info][gc          ] GC(90) Concurrent cleanup 405M->196M(1049M) 0.575ms
[2026-04-03T02:31:52.935+0600][82.795s][info][gc,ergo     ] Free: 979M, Max: 512K regular, 462M humongous, Frag: 53% external, 0% internal; Reserve: 64000K, Max: 512K
[2026-04-03T02:31:52.935+0600][82.795s][info][gc,stats    ] 
[2026-04-03T02:31:52.935+0600][82.795s][info][gc,stats    ] All times are wall-clock times, except per-root-class counters, that are sum over
[2026-04-03T02:31:52.935+0600][82.795s][info][gc,stats    ] all workers. Dividing the <total> over the root stage time estimates parallelism.
[2026-04-03T02:31:52.935+0600][82.795s][info][gc,stats    ] 
[2026-04-03T02:31:52.936+0600][82.795s][info][gc,stats    ] Concurrent Reset                   1161 us
[2026-04-03T02:31:52.936+0600][82.795s][info][gc,stats    ] Pause Init Mark (G)                 389 us
[2026-04-03T02:31:52.936+0600][82.795s][info][gc,stats    ] Pause Init Mark (N)                  97 us
[2026-04-03T02:31:52.936+0600][82.795s][info][gc,stats    ]   Update Region States               24 us
[2026-04-03T02:31:52.936+0600][82.795s][info][gc,stats    ] Concurrent Mark Roots              2309 us, parallelism: 1.99x
[2026-04-03T02:31:52.936+0600][82.795s][info][gc,stats    ]   CMR: <total>                     4601 us
[2026-04-03T02:31:52.936+0600][82.795s][info][gc,stats    ]   CMR: Thread Roots                4208 us, workers (us): 1430, 1124, 1655, ---, ---, ---, 
[2026-04-03T02:31:52.936+0600][82.795s][info][gc,stats    ]   CMR: VM Strong Roots               61 us, workers (us):  46,  14,   1, ---, ---, ---, 
[2026-04-03T02:31:52.936+0600][82.795s][info][gc,stats    ]   CMR: CLDG Roots                   331 us, workers (us): ---, 331, ---, ---, ---, ---, 
[2026-04-03T02:31:52.936+0600][82.795s][info][gc,stats    ] Concurrent Marking                71654 us
[2026-04-03T02:31:52.936+0600][82.795s][info][gc,stats    ] Pause Final Mark (G)                883 us
[2026-04-03T02:31:52.936+0600][82.795s][info][gc,stats    ] Pause Final Mark (N)                682 us
[2026-04-03T02:31:52.936+0600][82.795s][info][gc,stats    ]   Finish Mark                       256 us
[2026-04-03T02:31:52.936+0600][82.795s][info][gc,stats    ]   Update Region States               45 us
[2026-04-03T02:31:52.936+0600][82.795s][info][gc,stats    ]   Choose Collection Set             224 us
[2026-04-03T02:31:52.936+0600][82.795s][info][gc,stats    ]   Rebuild Free Set                   31 us
[2026-04-03T02:31:52.936+0600][82.795s][info][gc,stats    ] Concurrent Thread Roots            1103 us, parallelism: 2.28x
[2026-04-03T02:31:52.936+0600][82.795s][info][gc,stats    ]   CTR: <total>                     2512 us
[2026-04-03T02:31:52.936+0600][82.795s][info][gc,stats    ]   CTR: Thread Roots                2512 us, workers (us): 870, 829, 813, ---, ---, ---, 
[2026-04-03T02:31:52.936+0600][82.795s][info][gc,stats    ] Concurrent Weak References         1206 us, parallelism: 0.89x
[2026-04-03T02:31:52.936+0600][82.795s][info][gc,stats    ]   CWRF: <total>                    1072 us
[2026-04-03T02:31:52.936+0600][82.795s][info][gc,stats    ]   CWRF: Weak References            1072 us, workers (us): 108,  38, 926, ---, ---, ---, 
[2026-04-03T02:31:52.936+0600][82.795s][info][gc,stats    ] Concurrent Weak Roots              4851 us
[2026-04-03T02:31:52.936+0600][82.795s][info][gc,stats    ]   Roots                            4387 us, parallelism: 2.76x
[2026-04-03T02:31:52.936+0600][82.795s][info][gc,stats    ]     CWR: <total>                  12117 us
[2026-04-03T02:31:52.936+0600][82.795s][info][gc,stats    ]     CWR: Code Cache Roots          9460 us, workers (us): 3198, 3207, 3055, ---, ---, ---, 
[2026-04-03T02:31:52.936+0600][82.795s][info][gc,stats    ]     CWR: VM Weak Roots             2515 us, workers (us): 862, 843, 810, ---, ---, ---, 
[2026-04-03T02:31:52.936+0600][82.795s][info][gc,stats    ]     CWR: CLDG Roots                 142 us, workers (us): ---, ---, 142, ---, ---, ---, 
[2026-04-03T02:31:52.936+0600][82.795s][info][gc,stats    ]   Rendezvous                        326 us
[2026-04-03T02:31:52.936+0600][82.795s][info][gc,stats    ] Concurrent Cleanup                  729 us
[2026-04-03T02:31:52.936+0600][82.795s][info][gc,stats    ] Concurrent Class Unloading        24201 us
[2026-04-03T02:31:52.936+0600][82.795s][info][gc,stats    ]   Unlink Stale                    22019 us
[2026-04-03T02:31:52.936+0600][82.795s][info][gc,stats    ]     System Dictionary               281 us
[2026-04-03T02:31:52.936+0600][82.795s][info][gc,stats    ]     Weak Class Links                  0 us
[2026-04-03T02:31:52.936+0600][82.795s][info][gc,stats    ]     Code Roots                    21733 us
[2026-04-03T02:31:52.936+0600][82.795s][info][gc,stats    ]   Rendezvous                        560 us
[2026-04-03T02:31:52.936+0600][82.795s][info][gc,stats    ]   Purge Unlinked                   1448 us
[2026-04-03T02:31:52.936+0600][82.795s][info][gc,stats    ]     Code Roots                     1424 us
[2026-04-03T02:31:52.936+0600][82.795s][info][gc,stats    ]     CLDG                             23 us
[2026-04-03T02:31:52.936+0600][82.795s][info][gc,stats    ]     Exception Caches                  1 us
[2026-04-03T02:31:52.936+0600][82.795s][info][gc,stats    ] Concurrent Strong Roots            1928 us, parallelism: 0.75x
[2026-04-03T02:31:52.936+0600][82.795s][info][gc,stats    ]   CSR: <total>                     1444 us
[2026-04-03T02:31:52.936+0600][82.795s][info][gc,stats    ]   CSR: VM Strong Roots               65 us, workers (us):  63,   2,   1, ---, ---, ---, 
[2026-04-03T02:31:52.936+0600][82.795s][info][gc,stats    ]   CSR: CLDG Roots                  1378 us, workers (us): 1378, ---, ---, ---, ---, ---, 
[2026-04-03T02:31:52.936+0600][82.795s][info][gc,stats    ] Concurrent Evacuation              6558 us
[2026-04-03T02:31:52.936+0600][82.796s][info][gc,stats    ] Pause Init Update Refs (G)          431 us
[2026-04-03T02:31:52.936+0600][82.796s][info][gc,stats    ] Pause Init Update Refs (N)          142 us
[2026-04-03T02:31:52.936+0600][82.796s][info][gc,stats    ]   Manage GCLABs                      35 us
[2026-04-03T02:31:52.936+0600][82.796s][info][gc,stats    ] Concurrent Update Refs            47446 us
[2026-04-03T02:31:52.936+0600][82.796s][info][gc,stats    ] Concurrent Update Thread Roots     1932 us
[2026-04-03T02:31:52.936+0600][82.796s][info][gc,stats    ] Pause Final Update Refs (G)        1957 us
[2026-04-03T02:31:52.936+0600][82.796s][info][gc,stats    ] Pause Final Update Refs (N)         259 us
[2026-04-03T02:31:52.936+0600][82.796s][info][gc,stats    ]   Update Region States               55 us
[2026-04-03T02:31:52.936+0600][82.796s][info][gc,stats    ]   Trash Collection Set               21 us
[2026-04-03T02:31:52.936+0600][82.796s][info][gc,stats    ]   Rebuild Free Set                   46 us
[2026-04-03T02:31:52.936+0600][82.796s][info][gc,stats    ] Concurrent Cleanup                  600 us
[2026-04-03T02:31:52.936+0600][82.796s][info][gc,stats    ] Pacing                            54000 us
[2026-04-03T02:31:52.936+0600][82.796s][info][gc,stats    ] 
[2026-04-03T02:31:52.936+0600][82.796s][info][gc,stats    ] Allocation pacing accrued:
[2026-04-03T02:31:52.936+0600][82.796s][info][gc,stats    ]      31 of   867 ms (  3.6%): dispatcher-event-loop-0
[2026-04-03T02:31:52.936+0600][82.796s][info][gc,stats    ]      11 of   867 ms (  1.3%): RemoteBlock-temp-file-clean-thread
[2026-04-03T02:31:52.936+0600][82.796s][info][gc,stats    ]      11 of   867 ms (  1.3%): dag-scheduler-event-loop
[2026-04-03T02:31:52.936+0600][82.796s][info][gc,stats    ]      54 of   867 ms (  6.2%): <total>
[2026-04-03T02:31:52.936+0600][82.796s][info][gc,stats    ]       0 of   867 ms (  0.0%): <average total>
[2026-04-03T02:31:52.936+0600][82.796s][info][gc,stats    ]      18 of   867 ms (  2.1%): <average non-zero>
[2026-04-03T02:31:52.936+0600][82.796s][info][gc,stats    ] 
[2026-04-03T02:31:52.937+0600][82.796s][info][gc,metaspace] Metaspace: 131547K(132800K)->131547K(132800K) NonClass: 115079K(115648K)->115079K(115648K) Class: 16467K(17152K)->16467K(17152K)
[2026-04-03T02:31:52.937+0600][82.796s][info][gc,ergo     ] Pacer for Idle. Initial: 25600K, Alloc Tax Rate: 1.0x
[2026-04-03T02:31:53.689+0600][83.549s][info][gc          ] Trigger: Average GC time (187.96 ms) is above the time for average allocation rate (1124 MB/s) to deplete free headroom (208M) (margin of error = 1.92)
[2026-04-03T02:31:53.689+0600][83.549s][info][gc,ergo     ] Free headroom: 271M (free) - 64000K (spike) - 0B (penalties) = 208M
[2026-04-03T02:31:53.690+0600][83.549s][info][gc,ergo     ] Free: 271M, Max: 512K regular, 221M humongous, Frag: 18% external, 0% internal; Reserve: 64000K, Max: 512K
[2026-04-03T02:31:53.690+0600][83.549s][info][gc,start    ] GC(91) Concurrent reset
[2026-04-03T02:31:53.690+0600][83.549s][info][gc,task     ] GC(91) Using 3 of 6 workers for concurrent reset
[2026-04-03T02:31:53.690+0600][83.549s][info][gc,ergo     ] GC(91) Pacer for Reset. Non-Taxable: 1250M
[2026-04-03T02:31:53.691+0600][83.550s][info][gc          ] GC(91) Concurrent reset 1.542ms
[2026-04-03T02:31:53.691+0600][83.551s][info][gc,start    ] GC(91) Pause Init Mark (unload classes)
[2026-04-03T02:31:53.691+0600][83.551s][info][gc,task     ] GC(91) Using 6 of 6 workers for init marking
[2026-04-03T02:31:53.692+0600][83.551s][info][gc,ergo     ] GC(91) Pacer for Mark. Expected Live: 97064K, Free: 268M, Non-Taxable: 27526K, Alloc Tax Rate: 0.4x
[2026-04-03T02:31:53.692+0600][83.551s][info][gc          ] GC(91) Pause Init Mark (unload classes) 0.145ms
[2026-04-03T02:31:53.692+0600][83.551s][info][gc,start    ] GC(91) Concurrent marking roots
[2026-04-03T02:31:53.692+0600][83.551s][info][gc,task     ] GC(91) Using 3 of 6 workers for concurrent marking roots
[2026-04-03T02:31:53.693+0600][83.553s][info][gc          ] GC(91) Concurrent marking roots 1.793ms
[2026-04-03T02:31:53.693+0600][83.553s][info][gc,start    ] GC(91) Concurrent marking (unload classes)
[2026-04-03T02:31:53.693+0600][83.553s][info][gc,task     ] GC(91) Using 3 of 6 workers for concurrent marking
[2026-04-03T02:31:53.759+0600][83.618s][info][gc          ] GC(91) Concurrent marking (unload classes) 65.333ms
[2026-04-03T02:31:53.759+0600][83.618s][info][gc,start    ] GC(91) Pause Final Mark (unload classes)
[2026-04-03T02:31:53.759+0600][83.618s][info][gc,task     ] GC(91) Using 6 of 6 workers for final marking
[2026-04-03T02:31:53.759+0600][83.619s][info][gc,ergo     ] GC(91) Adaptive CSet Selection. Target Free: 177M, Actual Free: 850M, Max CSet: 53333K, Min Garbage: 0B
[2026-04-03T02:31:53.760+0600][83.619s][info][gc,ergo     ] GC(91) Collectable Garbage: 741M (98%), Immediate: 562M (74%), CSet: 179M (23%)
[2026-04-03T02:31:53.760+0600][83.619s][info][gc,ergo     ] GC(91) Pacer for Evacuation. Used CSet: 186M, Free: 860M, Non-Taxable: 88087K, Alloc Tax Rate: 1.1x
[2026-04-03T02:31:53.760+0600][83.619s][info][gc          ] GC(91) Pause Final Mark (unload classes) 0.629ms
[2026-04-03T02:31:53.760+0600][83.619s][info][gc,start    ] GC(91) Concurrent thread roots
[2026-04-03T02:31:53.760+0600][83.619s][info][gc,task     ] GC(91) Using 3 of 6 workers for Concurrent thread roots
[2026-04-03T02:31:53.761+0600][83.620s][info][gc          ] GC(91) Concurrent thread roots 0.848ms
[2026-04-03T02:31:53.761+0600][83.620s][info][gc,start    ] GC(91) Concurrent weak references
[2026-04-03T02:31:53.761+0600][83.620s][info][gc,task     ] GC(91) Using 3 of 6 workers for concurrent weak references
[2026-04-03T02:31:53.761+0600][83.621s][info][gc,ref      ] GC(91) Encountered references: Soft: 3790, Weak: 16715, Final: 84, Phantom: 621
[2026-04-03T02:31:53.761+0600][83.621s][info][gc,ref      ] GC(91) Discovered  references: Soft: 0, Weak: 9127, Final: 0, Phantom: 595
[2026-04-03T02:31:53.761+0600][83.621s][info][gc,ref      ] GC(91) Enqueued    references: Soft: 0, Weak: 1624, Final: 0, Phantom: 0
[2026-04-03T02:31:53.761+0600][83.621s][info][gc          ] GC(91) Concurrent weak references 0.828ms
[2026-04-03T02:31:53.761+0600][83.621s][info][gc,start    ] GC(91) Concurrent weak roots
[2026-04-03T02:31:53.761+0600][83.621s][info][gc,task     ] GC(91) Using 3 of 6 workers for concurrent weak root
[2026-04-03T02:31:53.766+0600][83.626s][info][gc          ] GC(91) Concurrent weak roots 4.730ms
[2026-04-03T02:31:53.766+0600][83.626s][info][gc,start    ] GC(91) Concurrent cleanup
[2026-04-03T02:31:53.767+0600][83.626s][info][gc          ] GC(91) Concurrent cleanup 898M->336M(1049M) 0.762ms
[2026-04-03T02:31:53.767+0600][83.626s][info][gc,ergo     ] GC(91) Free: 843M, Max: 512K regular, 210M humongous, Frag: 75% external, 0% internal; Reserve: 63285K, Max: 512K
[2026-04-03T02:31:53.767+0600][83.626s][info][gc,start    ] GC(91) Concurrent class unloading
[2026-04-03T02:31:53.767+0600][83.626s][info][gc,task     ] GC(91) Using 3 of 6 workers for concurrent class unloading
[2026-04-03T02:31:53.787+0600][83.647s][info][gc          ] GC(91) Concurrent class unloading 20.209ms
[2026-04-03T02:31:53.787+0600][83.647s][info][gc,start    ] GC(91) Concurrent strong roots
[2026-04-03T02:31:53.788+0600][83.647s][info][gc,task     ] GC(91) Using 3 of 6 workers for concurrent strong root
[2026-04-03T02:31:53.789+0600][83.648s][info][gc          ] GC(91) Concurrent strong roots 1.646ms
[2026-04-03T02:31:53.789+0600][83.649s][info][gc,start    ] GC(91) Concurrent evacuation
[2026-04-03T02:31:53.789+0600][83.649s][info][gc,task     ] GC(91) Using 3 of 6 workers for concurrent evacuation
[2026-04-03T02:31:53.794+0600][83.654s][info][gc          ] GC(91) Concurrent evacuation 5.050ms
[2026-04-03T02:31:53.795+0600][83.654s][info][gc,start    ] GC(91) Pause Init Update Refs
[2026-04-03T02:31:53.795+0600][83.654s][info][gc,ergo     ] GC(91) Pacer for Update Refs. Used: 358M, Free: 826M, Non-Taxable: 84648K, Alloc Tax Rate: 1.1x
[2026-04-03T02:31:53.795+0600][83.654s][info][gc          ] GC(91) Pause Init Update Refs 0.350ms
[2026-04-03T02:31:53.795+0600][83.655s][info][gc,start    ] GC(91) Concurrent update references
[2026-04-03T02:31:53.795+0600][83.655s][info][gc,task     ] GC(91) Using 3 of 6 workers for concurrent reference update
[2026-04-03T02:31:53.846+0600][83.705s][info][gc          ] GC(91) Concurrent update references 50.295ms
[2026-04-03T02:31:53.846+0600][83.705s][info][gc,start    ] GC(91) Concurrent update thread roots
[2026-04-03T02:31:53.847+0600][83.706s][info][gc          ] GC(91) Concurrent update thread roots 1.340ms
[2026-04-03T02:31:53.847+0600][83.706s][info][gc,start    ] GC(91) Pause Final Update Refs
[2026-04-03T02:31:53.847+0600][83.706s][info][gc,task     ] GC(91) Using 6 of 6 workers for final reference update
[2026-04-03T02:31:53.847+0600][83.707s][info][gc          ] GC(91) Pause Final Update Refs 0.174ms
[2026-04-03T02:31:53.847+0600][83.707s][info][gc,start    ] GC(91) Concurrent cleanup
[2026-04-03T02:31:53.848+0600][83.707s][info][gc          ] GC(91) Concurrent cleanup 404M->218M(1049M) 0.528ms
[2026-04-03T02:31:53.848+0600][83.707s][info][gc,ergo     ] Free: 954M, Max: 512K regular, 414M humongous, Frag: 57% external, 0% internal; Reserve: 64000K, Max: 512K
[2026-04-03T02:31:53.848+0600][83.707s][info][gc,stats    ] 
[2026-04-03T02:31:53.848+0600][83.707s][info][gc,stats    ] All times are wall-clock times, except per-root-class counters, that are sum over
[2026-04-03T02:31:53.848+0600][83.707s][info][gc,stats    ] all workers. Dividing the <total> over the root stage time estimates parallelism.
[2026-04-03T02:31:53.848+0600][83.707s][info][gc,stats    ] 
[2026-04-03T02:31:53.848+0600][83.707s][info][gc,stats    ] Concurrent Reset                   1617 us
[2026-04-03T02:31:53.848+0600][83.707s][info][gc,stats    ] Pause Init Mark (G)                 431 us
[2026-04-03T02:31:53.848+0600][83.707s][info][gc,stats    ] Pause Init Mark (N)                 155 us
[2026-04-03T02:31:53.848+0600][83.707s][info][gc,stats    ]   Update Region States               30 us
[2026-04-03T02:31:53.848+0600][83.707s][info][gc,stats    ] Concurrent Mark Roots              1839 us, parallelism: 2.06x
[2026-04-03T02:31:53.848+0600][83.707s][info][gc,stats    ]   CMR: <total>                     3786 us
[2026-04-03T02:31:53.848+0600][83.707s][info][gc,stats    ]   CMR: Thread Roots                3200 us, workers (us): 727, 1242, 1231, ---, ---, ---, 
[2026-04-03T02:31:53.848+0600][83.707s][info][gc,stats    ]   CMR: VM Strong Roots               68 us, workers (us):  33,  34,   1, ---, ---, ---, 
[2026-04-03T02:31:53.848+0600][83.707s][info][gc,stats    ]   CMR: CLDG Roots                   518 us, workers (us): 518, ---, ---, ---, ---, ---, 
[2026-04-03T02:31:53.848+0600][83.707s][info][gc,stats    ] Concurrent Marking                65392 us
[2026-04-03T02:31:53.848+0600][83.707s][info][gc,stats    ] Pause Final Mark (G)                896 us
[2026-04-03T02:31:53.848+0600][83.707s][info][gc,stats    ] Pause Final Mark (N)                640 us
[2026-04-03T02:31:53.848+0600][83.707s][info][gc,stats    ]   Finish Mark                       243 us
[2026-04-03T02:31:53.848+0600][83.707s][info][gc,stats    ]   Update Region States               33 us
[2026-04-03T02:31:53.848+0600][83.707s][info][gc,stats    ]   Choose Collection Set             200 us
[2026-04-03T02:31:53.848+0600][83.707s][info][gc,stats    ]   Rebuild Free Set                   33 us
[2026-04-03T02:31:53.848+0600][83.707s][info][gc,stats    ] Concurrent Thread Roots             890 us, parallelism: 2.34x
[2026-04-03T02:31:53.848+0600][83.707s][info][gc,stats    ]   CTR: <total>                     2084 us
[2026-04-03T02:31:53.848+0600][83.707s][info][gc,stats    ]   CTR: Thread Roots                2084 us, workers (us): 707, 703, 674, ---, ---, ---, 
[2026-04-03T02:31:53.848+0600][83.707s][info][gc,stats    ] Concurrent Weak References          844 us, parallelism: 1.35x
[2026-04-03T02:31:53.848+0600][83.707s][info][gc,stats    ]   CWRF: <total>                    1140 us
[2026-04-03T02:31:53.848+0600][83.708s][info][gc,stats    ]   CWRF: Weak References            1140 us, workers (us): 639, 141, 359, ---, ---, ---, 
[2026-04-03T02:31:53.848+0600][83.708s][info][gc,stats    ] Concurrent Weak Roots              4804 us
[2026-04-03T02:31:53.848+0600][83.708s][info][gc,stats    ]   Roots                            4338 us, parallelism: 2.77x
[2026-04-03T02:31:53.848+0600][83.708s][info][gc,stats    ]     CWR: <total>                  12027 us
[2026-04-03T02:31:53.848+0600][83.708s][info][gc,stats    ]     CWR: Code Cache Roots          9511 us, workers (us): 3194, 3108, 3209, ---, ---, ---, 
[2026-04-03T02:31:53.848+0600][83.708s][info][gc,stats    ]     CWR: VM Weak Roots             2376 us, workers (us): 809, 784, 783, ---, ---, ---, 
[2026-04-03T02:31:53.848+0600][83.708s][info][gc,stats    ]     CWR: CLDG Roots                 140 us, workers (us): ---, 140, ---, ---, ---, ---, 
[2026-04-03T02:31:53.848+0600][83.708s][info][gc,stats    ]   Rendezvous                        359 us
[2026-04-03T02:31:53.848+0600][83.708s][info][gc,stats    ] Concurrent Cleanup                  799 us
[2026-04-03T02:31:53.848+0600][83.708s][info][gc,stats    ] Concurrent Class Unloading        20332 us
[2026-04-03T02:31:53.848+0600][83.708s][info][gc,stats    ]   Unlink Stale                    17013 us
[2026-04-03T02:31:53.848+0600][83.708s][info][gc,stats    ]     System Dictionary               286 us
[2026-04-03T02:31:53.848+0600][83.708s][info][gc,stats    ]     Weak Class Links                  0 us
[2026-04-03T02:31:53.848+0600][83.708s][info][gc,stats    ]     Code Roots                    16722 us
[2026-04-03T02:31:53.848+0600][83.708s][info][gc,stats    ]   Rendezvous                        454 us
[2026-04-03T02:31:53.848+0600][83.708s][info][gc,stats    ]   Purge Unlinked                   2700 us
[2026-04-03T02:31:53.848+0600][83.708s][info][gc,stats    ]     Code Roots                     2671 us
[2026-04-03T02:31:53.848+0600][83.708s][info][gc,stats    ]     CLDG                             28 us
[2026-04-03T02:31:53.848+0600][83.708s][info][gc,stats    ]     Exception Caches                  0 us
[2026-04-03T02:31:53.848+0600][83.708s][info][gc,stats    ] Concurrent Strong Roots            1754 us, parallelism: 0.68x
[2026-04-03T02:31:53.848+0600][83.708s][info][gc,stats    ]   CSR: <total>                     1186 us
[2026-04-03T02:31:53.848+0600][83.708s][info][gc,stats    ]   CSR: VM Strong Roots               67 us, workers (us):  37,  30,   0, ---, ---, ---, 
[2026-04-03T02:31:53.848+0600][83.708s][info][gc,stats    ]   CSR: CLDG Roots                  1119 us, workers (us): 1119, ---, ---, ---, ---, ---, 
[2026-04-03T02:31:53.848+0600][83.708s][info][gc,stats    ] Concurrent Evacuation              5160 us
[2026-04-03T02:31:53.848+0600][83.708s][info][gc,stats    ] Pause Init Update Refs (G)          789 us
[2026-04-03T02:31:53.848+0600][83.708s][info][gc,stats    ] Pause Init Update Refs (N)          371 us
[2026-04-03T02:31:53.848+0600][83.708s][info][gc,stats    ]   Manage GCLABs                     161 us
[2026-04-03T02:31:53.848+0600][83.708s][info][gc,stats    ] Concurrent Update Refs            50389 us
[2026-04-03T02:31:53.848+0600][83.708s][info][gc,stats    ] Concurrent Update Thread Roots     1383 us
[2026-04-03T02:31:53.848+0600][83.708s][info][gc,stats    ] Pause Final Update Refs (G)         385 us
[2026-04-03T02:31:53.848+0600][83.708s][info][gc,stats    ] Pause Final Update Refs (N)         190 us
[2026-04-03T02:31:53.848+0600][83.708s][info][gc,stats    ]   Update Region States               53 us
[2026-04-03T02:31:53.848+0600][83.708s][info][gc,stats    ]   Trash Collection Set               19 us
[2026-04-03T02:31:53.848+0600][83.708s][info][gc,stats    ]   Rebuild Free Set                   42 us
[2026-04-03T02:31:53.848+0600][83.708s][info][gc,stats    ] Concurrent Cleanup                  545 us
[2026-04-03T02:31:53.848+0600][83.708s][info][gc,stats    ] Pacing                           204813 us
[2026-04-03T02:31:53.848+0600][83.708s][info][gc,stats    ] 
[2026-04-03T02:31:53.848+0600][83.708s][info][gc,stats    ] Allocation pacing accrued:
[2026-04-03T02:31:53.848+0600][83.708s][info][gc,stats    ]      21 of   912 ms (  2.3%): Executor task launch worker for task 3.0 in stage 3841.0 (TID 7254)
[2026-04-03T02:31:53.849+0600][83.708s][info][gc,stats    ]      22 of   912 ms (  2.5%): Executor task launch worker for task 7.0 in stage 3841.0 (TID 7258)
[2026-04-03T02:31:53.849+0600][83.708s][info][gc,stats    ]      33 of   912 ms (  3.6%): Executor task launch worker for task 6.0 in stage 3841.0 (TID 7257)
[2026-04-03T02:31:53.849+0600][83.708s][info][gc,stats    ]      32 of   912 ms (  3.6%): Executor task launch worker for task 0.0 in stage 3841.0 (TID 7251)
[2026-04-03T02:31:53.849+0600][83.708s][info][gc,stats    ]      21 of   912 ms (  2.3%): Executor task launch worker for task 2.0 in stage 3841.0 (TID 7253)
[2026-04-03T02:31:53.849+0600][83.708s][info][gc,stats    ]      22 of   912 ms (  2.4%): Executor task launch worker for task 4.0 in stage 3841.0 (TID 7255)
[2026-04-03T02:31:53.849+0600][83.708s][info][gc,stats    ]      21 of   912 ms (  2.3%): Executor task launch worker for task 1.0 in stage 3841.0 (TID 7252)
[2026-04-03T02:31:53.849+0600][83.708s][info][gc,stats    ]      31 of   912 ms (  3.4%): Executor task launch worker for task 5.0 in stage 3841.0 (TID 7256)
[2026-04-03T02:31:53.849+0600][83.708s][info][gc,stats    ]     205 of   912 ms ( 22.5%): <total>
[2026-04-03T02:31:53.849+0600][83.708s][info][gc,stats    ]       1 of   912 ms (  0.1%): <average total>
[2026-04-03T02:31:53.849+0600][83.708s][info][gc,stats    ]      26 of   912 ms (  2.8%): <average non-zero>
[2026-04-03T02:31:53.849+0600][83.708s][info][gc,stats    ] 
[2026-04-03T02:31:53.849+0600][83.708s][info][gc,metaspace] Metaspace: 131589K(132864K)->131590K(132864K) NonClass: 115114K(115712K)->115116K(115712K) Class: 16474K(17152K)->16474K(17152K)
[2026-04-03T02:31:53.849+0600][83.708s][info][gc,ergo     ] Pacer for Idle. Initial: 25600K, Alloc Tax Rate: 1.0x
[2026-04-03T02:31:54.452+0600][84.311s][info][gc          ] Trigger: Average GC time (179.34 ms) is above the time for average allocation rate (1075 MB/s) to deplete free headroom (182M) (margin of error = 1.92)
[2026-04-03T02:31:54.452+0600][84.311s][info][gc,ergo     ] Free headroom: 244M (free) - 64000K (spike) - 0B (penalties) = 182M
[2026-04-03T02:31:54.452+0600][84.311s][info][gc,ergo     ] Free: 244M, Max: 512K regular, 209M humongous, Frag: 14% external, 1% internal; Reserve: 64000K, Max: 512K
[2026-04-03T02:31:54.452+0600][84.311s][info][gc,start    ] GC(92) Concurrent reset
[2026-04-03T02:31:54.452+0600][84.312s][info][gc,task     ] GC(92) Using 3 of 6 workers for concurrent reset
[2026-04-03T02:31:54.452+0600][84.312s][info][gc,ergo     ] GC(92) Pacer for Reset. Non-Taxable: 1250M
[2026-04-03T02:31:54.453+0600][84.313s][info][gc          ] GC(92) Concurrent reset 1.283ms
[2026-04-03T02:31:54.454+0600][84.313s][info][gc,start    ] GC(92) Pause Init Mark (unload classes)
[2026-04-03T02:31:54.454+0600][84.313s][info][gc,task     ] GC(92) Using 6 of 6 workers for init marking
[2026-04-03T02:31:54.454+0600][84.313s][info][gc,ergo     ] GC(92) Pacer for Mark. Expected Live: 97794K, Free: 242M, Non-Taxable: 24802K, Alloc Tax Rate: 0.5x
[2026-04-03T02:31:54.454+0600][84.313s][info][gc          ] GC(92) Pause Init Mark (unload classes) 0.138ms
[2026-04-03T02:31:54.454+0600][84.313s][info][gc,start    ] GC(92) Concurrent marking roots
[2026-04-03T02:31:54.454+0600][84.313s][info][gc,task     ] GC(92) Using 3 of 6 workers for concurrent marking roots
[2026-04-03T02:31:54.456+0600][84.315s][info][gc          ] GC(92) Concurrent marking roots 1.999ms
[2026-04-03T02:31:54.456+0600][84.315s][info][gc,start    ] GC(92) Concurrent marking (unload classes)
[2026-04-03T02:31:54.456+0600][84.315s][info][gc,task     ] GC(92) Using 3 of 6 workers for concurrent marking
[2026-04-03T02:31:54.516+0600][84.375s][info][gc          ] GC(92) Concurrent marking (unload classes) 59.444ms
[2026-04-03T02:31:54.516+0600][84.375s][info][gc,start    ] GC(92) Pause Final Mark (unload classes)
[2026-04-03T02:31:54.516+0600][84.375s][info][gc,task     ] GC(92) Using 6 of 6 workers for final marking
[2026-04-03T02:31:54.516+0600][84.376s][info][gc,ergo     ] GC(92) Adaptive CSet Selection. Target Free: 177M, Actual Free: 825M, Max CSet: 53333K, Min Garbage: 0B
[2026-04-03T02:31:54.516+0600][84.376s][info][gc,ergo     ] GC(92) Collectable Garbage: 761M (98%), Immediate: 564M (73%), CSet: 196M (25%)
[2026-04-03T02:31:54.517+0600][84.376s][info][gc,ergo     ] GC(92) Pacer for Evacuation. Used CSet: 205M, Free: 842M, Non-Taxable: 86303K, Alloc Tax Rate: 1.1x
[2026-04-03T02:31:54.517+0600][84.376s][info][gc          ] GC(92) Pause Final Mark (unload classes) 0.861ms
[2026-04-03T02:31:54.517+0600][84.376s][info][gc,start    ] GC(92) Concurrent thread roots
[2026-04-03T02:31:54.517+0600][84.376s][info][gc,task     ] GC(92) Using 3 of 6 workers for Concurrent thread roots
[2026-04-03T02:31:54.518+0600][84.377s][info][gc          ] GC(92) Concurrent thread roots 1.111ms
[2026-04-03T02:31:54.518+0600][84.377s][info][gc,start    ] GC(92) Concurrent weak references
[2026-04-03T02:31:54.518+0600][84.377s][info][gc,task     ] GC(92) Using 3 of 6 workers for concurrent weak references
[2026-04-03T02:31:54.519+0600][84.378s][info][gc,ref      ] GC(92) Encountered references: Soft: 3792, Weak: 16638, Final: 84, Phantom: 626
[2026-04-03T02:31:54.519+0600][84.378s][info][gc,ref      ] GC(92) Discovered  references: Soft: 0, Weak: 9288, Final: 48, Phantom: 620
[2026-04-03T02:31:54.519+0600][84.378s][info][gc,ref      ] GC(92) Enqueued    references: Soft: 0, Weak: 1747, Final: 0, Phantom: 0
[2026-04-03T02:31:54.519+0600][84.378s][info][gc          ] GC(92) Concurrent weak references 0.995ms
[2026-04-03T02:31:54.519+0600][84.378s][info][gc,start    ] GC(92) Concurrent weak roots
[2026-04-03T02:31:54.519+0600][84.378s][info][gc,task     ] GC(92) Using 3 of 6 workers for concurrent weak root
[2026-04-03T02:31:54.523+0600][84.383s][info][gc          ] GC(92) Concurrent weak roots 4.463ms
[2026-04-03T02:31:54.523+0600][84.383s][info][gc,start    ] GC(92) Concurrent cleanup
[2026-04-03T02:31:54.524+0600][84.383s][info][gc          ] GC(92) Concurrent cleanup 911M->347M(1049M) 0.500ms
[2026-04-03T02:31:54.524+0600][84.383s][info][gc,ergo     ] GC(92) Free: 838M, Max: 512K regular, 195M humongous, Frag: 77% external, 0% internal; Reserve: 63148K, Max: 512K
[2026-04-03T02:31:54.524+0600][84.383s][info][gc,start    ] GC(92) Concurrent class unloading
[2026-04-03T02:31:54.524+0600][84.383s][info][gc,task     ] GC(92) Using 3 of 6 workers for concurrent class unloading
[2026-04-03T02:31:54.545+0600][84.405s][info][gc          ] GC(92) Concurrent class unloading 21.269ms
[2026-04-03T02:31:54.545+0600][84.405s][info][gc,start    ] GC(92) Concurrent strong roots
[2026-04-03T02:31:54.545+0600][84.405s][info][gc,task     ] GC(92) Using 3 of 6 workers for concurrent strong root
[2026-04-03T02:31:54.547+0600][84.406s][info][gc          ] GC(92) Concurrent strong roots 1.688ms
[2026-04-03T02:31:54.547+0600][84.406s][info][gc,start    ] GC(92) Concurrent evacuation
[2026-04-03T02:31:54.547+0600][84.406s][info][gc,task     ] GC(92) Using 3 of 6 workers for concurrent evacuation
[2026-04-03T02:31:54.553+0600][84.412s][info][gc          ] GC(92) Concurrent evacuation 5.520ms
[2026-04-03T02:31:54.553+0600][84.412s][info][gc,start    ] GC(92) Pause Init Update Refs
[2026-04-03T02:31:54.553+0600][84.413s][info][gc,ergo     ] GC(92) Pacer for Update Refs. Used: 387M, Free: 806M, Non-Taxable: 82566K, Alloc Tax Rate: 1.1x
[2026-04-03T02:31:54.553+0600][84.413s][info][gc          ] GC(92) Pause Init Update Refs 0.162ms
[2026-04-03T02:31:54.553+0600][84.413s][info][gc,start    ] GC(92) Concurrent update references
[2026-04-03T02:31:54.554+0600][84.413s][info][gc,task     ] GC(92) Using 3 of 6 workers for concurrent reference update
[2026-04-03T02:31:54.614+0600][84.473s][info][gc          ] GC(92) Concurrent update references 60.177ms
[2026-04-03T02:31:54.614+0600][84.473s][info][gc,start    ] GC(92) Concurrent update thread roots
[2026-04-03T02:31:54.615+0600][84.475s][info][gc          ] GC(92) Concurrent update thread roots 1.717ms
[2026-04-03T02:31:54.616+0600][84.475s][info][gc,start    ] GC(92) Pause Final Update Refs
[2026-04-03T02:31:54.616+0600][84.475s][info][gc,task     ] GC(92) Using 6 of 6 workers for final reference update
[2026-04-03T02:31:54.616+0600][84.475s][info][gc          ] GC(92) Pause Final Update Refs 0.254ms
[2026-04-03T02:31:54.616+0600][84.475s][info][gc,start    ] GC(92) Concurrent cleanup
[2026-04-03T02:31:54.617+0600][84.476s][info][gc          ] GC(92) Concurrent cleanup 434M->229M(1049M) 0.603ms
[2026-04-03T02:31:54.617+0600][84.476s][info][gc,ergo     ] Free: 951M, Max: 512K regular, 475M humongous, Frag: 51% external, 0% internal; Reserve: 64000K, Max: 512K
[2026-04-03T02:31:54.617+0600][84.476s][info][gc,stats    ] 
[2026-04-03T02:31:54.617+0600][84.476s][info][gc,stats    ] All times are wall-clock times, except per-root-class counters, that are sum over
[2026-04-03T02:31:54.617+0600][84.476s][info][gc,stats    ] all workers. Dividing the <total> over the root stage time estimates parallelism.
[2026-04-03T02:31:54.617+0600][84.476s][info][gc,stats    ] 
[2026-04-03T02:31:54.617+0600][84.476s][info][gc,stats    ] Concurrent Reset                   1362 us
[2026-04-03T02:31:54.617+0600][84.476s][info][gc,stats    ] Pause Init Mark (G)                 368 us
[2026-04-03T02:31:54.617+0600][84.476s][info][gc,stats    ] Pause Init Mark (N)                 147 us
[2026-04-03T02:31:54.617+0600][84.476s][info][gc,stats    ]   Update Region States               44 us
[2026-04-03T02:31:54.617+0600][84.476s][info][gc,stats    ] Concurrent Mark Roots              2126 us, parallelism: 1.42x
[2026-04-03T02:31:54.617+0600][84.476s][info][gc,stats    ]   CMR: <total>                     3013 us
[2026-04-03T02:31:54.617+0600][84.476s][info][gc,stats    ]   CMR: Thread Roots                2572 us, workers (us): 1092, 1480,   0, ---, ---, ---, 
[2026-04-03T02:31:54.617+0600][84.476s][info][gc,stats    ]   CMR: VM Strong Roots               52 us, workers (us):  47,   5,   0, ---, ---, ---, 
[2026-04-03T02:31:54.617+0600][84.476s][info][gc,stats    ]   CMR: CLDG Roots                   389 us, workers (us): 389, ---, ---, ---, ---, ---, 
[2026-04-03T02:31:54.617+0600][84.476s][info][gc,stats    ] Concurrent Marking                59522 us
[2026-04-03T02:31:54.617+0600][84.476s][info][gc,stats    ] Pause Final Mark (G)               1146 us
[2026-04-03T02:31:54.617+0600][84.476s][info][gc,stats    ] Pause Final Mark (N)                873 us
[2026-04-03T02:31:54.617+0600][84.476s][info][gc,stats    ]   Finish Mark                       386 us
[2026-04-03T02:31:54.617+0600][84.476s][info][gc,stats    ]   Update Region States               39 us
[2026-04-03T02:31:54.617+0600][84.476s][info][gc,stats    ]   Choose Collection Set             265 us
[2026-04-03T02:31:54.617+0600][84.476s][info][gc,stats    ]   Rebuild Free Set                   38 us
[2026-04-03T02:31:54.617+0600][84.476s][info][gc,stats    ] Concurrent Thread Roots            1144 us, parallelism: 2.43x
[2026-04-03T02:31:54.617+0600][84.476s][info][gc,stats    ]   CTR: <total>                     2782 us
[2026-04-03T02:31:54.617+0600][84.476s][info][gc,stats    ]   CTR: Thread Roots                2782 us, workers (us): 933, 933, 917, ---, ---, ---, 
[2026-04-03T02:31:54.617+0600][84.476s][info][gc,stats    ] Concurrent Weak References         1007 us, parallelism: 1.31x
[2026-04-03T02:31:54.617+0600][84.476s][info][gc,stats    ]   CWRF: <total>                    1323 us
[2026-04-03T02:31:54.617+0600][84.476s][info][gc,stats    ]   CWRF: Weak References            1323 us, workers (us): 777, 439, 107, ---, ---, ---, 
[2026-04-03T02:31:54.617+0600][84.476s][info][gc,stats    ] Concurrent Weak Roots              4550 us
[2026-04-03T02:31:54.617+0600][84.476s][info][gc,stats    ]   Roots                            4040 us, parallelism: 2.63x
[2026-04-03T02:31:54.617+0600][84.476s][info][gc,stats    ]     CWR: <total>                  10625 us
[2026-04-03T02:31:54.617+0600][84.476s][info][gc,stats    ]     CWR: Code Cache Roots          8256 us, workers (us): 2628, 2876, 2752, ---, ---, ---, 
[2026-04-03T02:31:54.617+0600][84.476s][info][gc,stats    ]     CWR: VM Weak Roots             2248 us, workers (us): 782, 734, 732, ---, ---, ---, 
[2026-04-03T02:31:54.617+0600][84.476s][info][gc,stats    ]     CWR: CLDG Roots                 122 us, workers (us): 122, ---, ---, ---, ---, ---, 
[2026-04-03T02:31:54.617+0600][84.476s][info][gc,stats    ]   Rendezvous                        396 us
[2026-04-03T02:31:54.617+0600][84.476s][info][gc,stats    ] Concurrent Cleanup                  529 us
[2026-04-03T02:31:54.617+0600][84.476s][info][gc,stats    ] Concurrent Class Unloading        21379 us
[2026-04-03T02:31:54.617+0600][84.476s][info][gc,stats    ]   Unlink Stale                    18701 us
[2026-04-03T02:31:54.617+0600][84.476s][info][gc,stats    ]     System Dictionary               247 us
[2026-04-03T02:31:54.617+0600][84.476s][info][gc,stats    ]     Weak Class Links                  0 us
[2026-04-03T02:31:54.617+0600][84.476s][info][gc,stats    ]     Code Roots                    18447 us
[2026-04-03T02:31:54.617+0600][84.476s][info][gc,stats    ]   Rendezvous                        469 us
[2026-04-03T02:31:54.617+0600][84.476s][info][gc,stats    ]   Purge Unlinked                   2063 us
[2026-04-03T02:31:54.617+0600][84.477s][info][gc,stats    ]     Code Roots                     2033 us
[2026-04-03T02:31:54.617+0600][84.477s][info][gc,stats    ]     CLDG                             29 us
[2026-04-03T02:31:54.617+0600][84.477s][info][gc,stats    ]     Exception Caches                  0 us
[2026-04-03T02:31:54.617+0600][84.477s][info][gc,stats    ] Concurrent Strong Roots            1749 us, parallelism: 0.73x
[2026-04-03T02:31:54.617+0600][84.477s][info][gc,stats    ]   CSR: <total>                     1282 us
[2026-04-03T02:31:54.617+0600][84.477s][info][gc,stats    ]   CSR: VM Strong Roots               61 us, workers (us):  31,  29,   0, ---, ---, ---, 
[2026-04-03T02:31:54.617+0600][84.477s][info][gc,stats    ]   CSR: CLDG Roots                  1221 us, workers (us): ---, 1221, ---, ---, ---, ---, 
[2026-04-03T02:31:54.617+0600][84.477s][info][gc,stats    ] Concurrent Evacuation              5609 us
[2026-04-03T02:31:54.617+0600][84.477s][info][gc,stats    ] Pause Init Update Refs (G)          641 us
[2026-04-03T02:31:54.617+0600][84.477s][info][gc,stats    ] Pause Init Update Refs (N)          179 us
[2026-04-03T02:31:54.617+0600][84.477s][info][gc,stats    ]   Manage GCLABs                      60 us
[2026-04-03T02:31:54.617+0600][84.477s][info][gc,stats    ] Concurrent Update Refs            60285 us
[2026-04-03T02:31:54.617+0600][84.477s][info][gc,stats    ] Concurrent Update Thread Roots     1752 us
[2026-04-03T02:31:54.617+0600][84.477s][info][gc,stats    ] Pause Final Update Refs (G)         522 us
[2026-04-03T02:31:54.617+0600][84.477s][info][gc,stats    ] Pause Final Update Refs (N)         275 us
[2026-04-03T02:31:54.617+0600][84.477s][info][gc,stats    ]   Update Region States               78 us
[2026-04-03T02:31:54.617+0600][84.477s][info][gc,stats    ]   Trash Collection Set               18 us
[2026-04-03T02:31:54.617+0600][84.477s][info][gc,stats    ]   Rebuild Free Set                   38 us
[2026-04-03T02:31:54.617+0600][84.477s][info][gc,stats    ] Concurrent Cleanup                  640 us
[2026-04-03T02:31:54.617+0600][84.477s][info][gc,stats    ] Pacing                           249740 us
[2026-04-03T02:31:54.617+0600][84.477s][info][gc,stats    ] 
[2026-04-03T02:31:54.617+0600][84.477s][info][gc,stats    ] Allocation pacing accrued:
[2026-04-03T02:31:54.617+0600][84.477s][info][gc,stats    ]      32 of   769 ms (  4.2%): Executor task launch worker for task 1.0 in stage 3955.0 (TID 7372)
[2026-04-03T02:31:54.617+0600][84.477s][info][gc,stats    ]      32 of   769 ms (  4.2%): Executor task launch worker for task 0.0 in stage 3955.0 (TID 7371)
[2026-04-03T02:31:54.617+0600][84.477s][info][gc,stats    ]      32 of   769 ms (  4.2%): Executor task launch worker for task 3.0 in stage 3955.0 (TID 7374)
[2026-04-03T02:31:54.617+0600][84.477s][info][gc,stats    ]      22 of   769 ms (  2.9%): Executor task launch worker for task 5.0 in stage 3955.0 (TID 7376)
[2026-04-03T02:31:54.618+0600][84.477s][info][gc,stats    ]      32 of   769 ms (  4.2%): Executor task launch worker for task 6.0 in stage 3955.0 (TID 7377)
[2026-04-03T02:31:54.618+0600][84.477s][info][gc,stats    ]      33 of   769 ms (  4.3%): Executor task launch worker for task 4.0 in stage 3955.0 (TID 7375)
[2026-04-03T02:31:54.618+0600][84.477s][info][gc,stats    ]      32 of   769 ms (  4.2%): Executor task launch worker for task 2.0 in stage 3955.0 (TID 7373)
[2026-04-03T02:31:54.618+0600][84.477s][info][gc,stats    ]      32 of   769 ms (  4.2%): Executor task launch worker for task 7.0 in stage 3955.0 (TID 7378)
[2026-04-03T02:31:54.618+0600][84.477s][info][gc,stats    ]     250 of   769 ms ( 32.5%): <total>
[2026-04-03T02:31:54.618+0600][84.477s][info][gc,stats    ]       1 of   769 ms (  0.1%): <average total>
[2026-04-03T02:31:54.618+0600][84.477s][info][gc,stats    ]      31 of   769 ms (  4.1%): <average non-zero>
[2026-04-03T02:31:54.618+0600][84.477s][info][gc,stats    ] 
[2026-04-03T02:31:54.618+0600][84.477s][info][gc,metaspace] Metaspace: 131595K(132864K)->131595K(132864K) NonClass: 115120K(115712K)->115120K(115712K) Class: 16475K(17152K)->16475K(17152K)
[2026-04-03T02:31:54.618+0600][84.477s][info][gc,ergo     ] Pacer for Idle. Initial: 25600K, Alloc Tax Rate: 1.0x
[2026-04-03T02:31:54.820+0600][84.680s][info][gc          ] Trigger: Average GC time (177.39 ms) is above the time for average allocation rate (2560 MB/s) to deplete free headroom (374M) (margin of error = 1.92)
[2026-04-03T02:31:54.820+0600][84.680s][info][gc,ergo     ] Free headroom: 437M (free) - 64000K (spike) - 0B (penalties) = 374M
[2026-04-03T02:31:54.821+0600][84.680s][info][gc,ergo     ] Free: 437M, Max: 512K regular, 230M humongous, Frag: 48% external, 0% internal; Reserve: 64000K, Max: 512K
[2026-04-03T02:31:54.821+0600][84.680s][info][gc,start    ] GC(93) Concurrent reset
[2026-04-03T02:31:54.821+0600][84.680s][info][gc,task     ] GC(93) Using 3 of 6 workers for concurrent reset
[2026-04-03T02:31:54.821+0600][84.680s][info][gc,ergo     ] GC(93) Pacer for Reset. Non-Taxable: 1250M
[2026-04-03T02:31:54.821+0600][84.681s][info][gc          ] GC(93) Concurrent reset 0.842ms
[2026-04-03T02:31:54.822+0600][84.681s][info][gc,start    ] GC(93) Pause Init Mark (unload classes)
[2026-04-03T02:31:54.822+0600][84.681s][info][gc,task     ] GC(93) Using 6 of 6 workers for init marking
[2026-04-03T02:31:54.822+0600][84.681s][info][gc,ergo     ] GC(93) Pacer for Mark. Expected Live: 97724K, Free: 436M, Non-Taxable: 44680K, Alloc Tax Rate: 0.3x
[2026-04-03T02:31:54.822+0600][84.681s][info][gc          ] GC(93) Pause Init Mark (unload classes) 0.102ms
[2026-04-03T02:31:54.822+0600][84.681s][info][gc,start    ] GC(93) Concurrent marking roots
[2026-04-03T02:31:54.822+0600][84.681s][info][gc,task     ] GC(93) Using 3 of 6 workers for concurrent marking roots
[2026-04-03T02:31:54.823+0600][84.682s][info][gc          ] GC(93) Concurrent marking roots 1.228ms
[2026-04-03T02:31:54.823+0600][84.682s][info][gc,start    ] GC(93) Concurrent marking (unload classes)
[2026-04-03T02:31:54.823+0600][84.682s][info][gc,task     ] GC(93) Using 3 of 6 workers for concurrent marking
[2026-04-03T02:31:54.864+0600][84.723s][info][gc          ] GC(93) Concurrent marking (unload classes) 40.595ms
[2026-04-03T02:31:54.864+0600][84.723s][info][gc,start    ] GC(93) Pause Final Mark (unload classes)
[2026-04-03T02:31:54.864+0600][84.723s][info][gc,task     ] GC(93) Using 6 of 6 workers for final marking
[2026-04-03T02:31:54.864+0600][84.724s][info][gc,ergo     ] GC(93) Adaptive CSet Selection. Target Free: 177M, Actual Free: 930M, Max CSet: 53333K, Min Garbage: 0B
[2026-04-03T02:31:54.865+0600][84.724s][info][gc,ergo     ] GC(93) Collectable Garbage: 593M (98%), Immediate: 515M (85%), CSet: 79886K (12%)
[2026-04-03T02:31:54.865+0600][84.724s][info][gc,ergo     ] GC(93) Pacer for Evacuation. Used CSet: 85304K, Free: 922M, Non-Taxable: 94444K, Alloc Tax Rate: 1.1x
[2026-04-03T02:31:54.865+0600][84.724s][info][gc          ] GC(93) Pause Final Mark (unload classes) 0.574ms
[2026-04-03T02:31:54.865+0600][84.724s][info][gc,start    ] GC(93) Concurrent thread roots
[2026-04-03T02:31:54.865+0600][84.724s][info][gc,task     ] GC(93) Using 3 of 6 workers for Concurrent thread roots
[2026-04-03T02:31:54.866+0600][84.725s][info][gc          ] GC(93) Concurrent thread roots 0.991ms
[2026-04-03T02:31:54.866+0600][84.725s][info][gc,start    ] GC(93) Concurrent weak references
[2026-04-03T02:31:54.866+0600][84.725s][info][gc,task     ] GC(93) Using 3 of 6 workers for concurrent weak references
[2026-04-03T02:31:54.866+0600][84.726s][info][gc,ref      ] GC(93) Encountered references: Soft: 3788, Weak: 15441, Final: 84, Phantom: 621
[2026-04-03T02:31:54.866+0600][84.726s][info][gc,ref      ] GC(93) Discovered  references: Soft: 0, Weak: 4872, Final: 52, Phantom: 617
[2026-04-03T02:31:54.866+0600][84.726s][info][gc,ref      ] GC(93) Enqueued    references: Soft: 0, Weak: 812, Final: 0, Phantom: 0
[2026-04-03T02:31:54.866+0600][84.726s][info][gc          ] GC(93) Concurrent weak references 0.509ms
[2026-04-03T02:31:54.866+0600][84.726s][info][gc,start    ] GC(93) Concurrent weak roots
[2026-04-03T02:31:54.866+0600][84.726s][info][gc,task     ] GC(93) Using 3 of 6 workers for concurrent weak root
[2026-04-03T02:31:54.871+0600][84.730s][info][gc          ] GC(93) Concurrent weak roots 4.807ms
[2026-04-03T02:31:54.871+0600][84.731s][info][gc,start    ] GC(93) Concurrent cleanup
[2026-04-03T02:31:54.872+0600][84.731s][info][gc          ] GC(93) Concurrent cleanup 825M->314M(1049M) 0.400ms
[2026-04-03T02:31:54.872+0600][84.731s][info][gc,ergo     ] GC(93) Free: 855M, Max: 512K regular, 195M humongous, Frag: 78% external, 0% internal; Reserve: 63441K, Max: 512K
[2026-04-03T02:31:54.872+0600][84.731s][info][gc,start    ] GC(93) Concurrent class unloading
[2026-04-03T02:31:54.872+0600][84.731s][info][gc,task     ] GC(93) Using 3 of 6 workers for concurrent class unloading
[2026-04-03T02:31:54.887+0600][84.746s][info][gc          ] GC(93) Concurrent class unloading 15.406ms
[2026-04-03T02:31:54.887+0600][84.747s][info][gc,start    ] GC(93) Concurrent strong roots
[2026-04-03T02:31:54.887+0600][84.747s][info][gc,task     ] GC(93) Using 3 of 6 workers for concurrent strong root
[2026-04-03T02:31:54.888+0600][84.748s][info][gc          ] GC(93) Concurrent strong roots 1.143ms
[2026-04-03T02:31:54.888+0600][84.748s][info][gc,start    ] GC(93) Concurrent evacuation
[2026-04-03T02:31:54.888+0600][84.748s][info][gc,task     ] GC(93) Using 3 of 6 workers for concurrent evacuation
[2026-04-03T02:31:54.891+0600][84.750s][info][gc          ] GC(93) Concurrent evacuation 2.501ms
[2026-04-03T02:31:54.891+0600][84.751s][info][gc,start    ] GC(93) Pause Init Update Refs
[2026-04-03T02:31:54.892+0600][84.751s][info][gc,ergo     ] GC(93) Pacer for Update Refs. Used: 369M, Free: 800M, Non-Taxable: 81996K, Alloc Tax Rate: 1.1x
[2026-04-03T02:31:54.892+0600][84.751s][info][gc          ] GC(93) Pause Init Update Refs 0.135ms
[2026-04-03T02:31:54.892+0600][84.751s][info][gc,start    ] GC(93) Concurrent update references
[2026-04-03T02:31:54.892+0600][84.751s][info][gc,task     ] GC(93) Using 3 of 6 workers for concurrent reference update
[2026-04-03T02:31:54.935+0600][84.794s][info][gc          ] GC(93) Concurrent update references 43.350ms
[2026-04-03T02:31:54.935+0600][84.794s][info][gc,start    ] GC(93) Concurrent update thread roots
[2026-04-03T02:31:54.937+0600][84.796s][info][gc          ] GC(93) Concurrent update thread roots 1.842ms
[2026-04-03T02:31:54.937+0600][84.797s][info][gc,start    ] GC(93) Pause Final Update Refs
[2026-04-03T02:31:54.937+0600][84.797s][info][gc,task     ] GC(93) Using 6 of 6 workers for final reference update
[2026-04-03T02:31:54.938+0600][84.797s][info][gc          ] GC(93) Pause Final Update Refs 0.195ms
[2026-04-03T02:31:54.938+0600][84.797s][info][gc,start    ] GC(93) Concurrent cleanup
[2026-04-03T02:31:54.938+0600][84.798s][info][gc          ] GC(93) Concurrent cleanup 487M->403M(1049M) 0.513ms
[2026-04-03T02:31:54.938+0600][84.798s][info][gc,ergo     ] Free: 747M, Max: 512K regular, 333M humongous, Frag: 56% external, 0% internal; Reserve: 64000K, Max: 512K
[2026-04-03T02:31:54.938+0600][84.798s][info][gc,stats    ] 
[2026-04-03T02:31:54.938+0600][84.798s][info][gc,stats    ] All times are wall-clock times, except per-root-class counters, that are sum over
[2026-04-03T02:31:54.938+0600][84.798s][info][gc,stats    ] all workers. Dividing the <total> over the root stage time estimates parallelism.
[2026-04-03T02:31:54.938+0600][84.798s][info][gc,stats    ] 
[2026-04-03T02:31:54.938+0600][84.798s][info][gc,stats    ] Concurrent Reset                    883 us
[2026-04-03T02:31:54.938+0600][84.798s][info][gc,stats    ] Pause Init Mark (G)                 367 us
[2026-04-03T02:31:54.938+0600][84.798s][info][gc,stats    ] Pause Init Mark (N)                 117 us
[2026-04-03T02:31:54.938+0600][84.798s][info][gc,stats    ]   Update Region States               18 us
[2026-04-03T02:31:54.938+0600][84.798s][info][gc,stats    ] Concurrent Mark Roots              1273 us, parallelism: 1.95x
[2026-04-03T02:31:54.939+0600][84.798s][info][gc,stats    ]   CMR: <total>                     2481 us
[2026-04-03T02:31:54.939+0600][84.798s][info][gc,stats    ]   CMR: Thread Roots                2159 us, workers (us): 820, 531, 809, ---, ---, ---, 
[2026-04-03T02:31:54.939+0600][84.798s][info][gc,stats    ]   CMR: VM Strong Roots               40 us, workers (us):  25,  14,   1, ---, ---, ---, 
[2026-04-03T02:31:54.939+0600][84.798s][info][gc,stats    ]   CMR: CLDG Roots                   282 us, workers (us): ---, 282, ---, ---, ---, ---, 
[2026-04-03T02:31:54.939+0600][84.798s][info][gc,stats    ] Concurrent Marking                40745 us
[2026-04-03T02:31:54.939+0600][84.798s][info][gc,stats    ] Pause Final Mark (G)                970 us
[2026-04-03T02:31:54.939+0600][84.798s][info][gc,stats    ] Pause Final Mark (N)                604 us
[2026-04-03T02:31:54.939+0600][84.798s][info][gc,stats    ]   Finish Mark                       245 us
[2026-04-03T02:31:54.939+0600][84.798s][info][gc,stats    ]   Update Region States               34 us
[2026-04-03T02:31:54.939+0600][84.798s][info][gc,stats    ]   Choose Collection Set             159 us
[2026-04-03T02:31:54.939+0600][84.798s][info][gc,stats    ]   Rebuild Free Set                   32 us
[2026-04-03T02:31:54.939+0600][84.798s][info][gc,stats    ] Concurrent Thread Roots            1032 us, parallelism: 2.12x
[2026-04-03T02:31:54.939+0600][84.798s][info][gc,stats    ]   CTR: <total>                     2190 us
[2026-04-03T02:31:54.939+0600][84.798s][info][gc,stats    ]   CTR: Thread Roots                2190 us, workers (us): 782, 726, 682, ---, ---, ---, 
[2026-04-03T02:31:54.939+0600][84.798s][info][gc,stats    ] Concurrent Weak References          518 us, parallelism: 1.36x
[2026-04-03T02:31:54.939+0600][84.798s][info][gc,stats    ]   CWRF: <total>                     703 us
[2026-04-03T02:31:54.939+0600][84.798s][info][gc,stats    ]   CWRF: Weak References             703 us, workers (us): 286, 150, 266, ---, ---, ---, 
[2026-04-03T02:31:54.939+0600][84.798s][info][gc,stats    ] Concurrent Weak Roots              4889 us
[2026-04-03T02:31:54.939+0600][84.798s][info][gc,stats    ]   Roots                            4182 us, parallelism: 2.67x
[2026-04-03T02:31:54.939+0600][84.798s][info][gc,stats    ]     CWR: <total>                  11146 us
[2026-04-03T02:31:54.939+0600][84.798s][info][gc,stats    ]     CWR: Code Cache Roots          9081 us, workers (us): 3206, 2890, 2985, ---, ---, ---, 
[2026-04-03T02:31:54.939+0600][84.798s][info][gc,stats    ]     CWR: VM Weak Roots             1911 us, workers (us): 669, 671, 572, ---, ---, ---, 
[2026-04-03T02:31:54.939+0600][84.798s][info][gc,stats    ]     CWR: CLDG Roots                 153 us, workers (us): ---, ---, 153, ---, ---, ---, 
[2026-04-03T02:31:54.939+0600][84.798s][info][gc,stats    ]   Rendezvous                        606 us
[2026-04-03T02:31:54.939+0600][84.798s][info][gc,stats    ] Concurrent Cleanup                  429 us
[2026-04-03T02:31:54.939+0600][84.798s][info][gc,stats    ] Concurrent Class Unloading        15481 us
[2026-04-03T02:31:54.939+0600][84.798s][info][gc,stats    ]   Unlink Stale                    14431 us
[2026-04-03T02:31:54.939+0600][84.798s][info][gc,stats    ]     System Dictionary               309 us
[2026-04-03T02:31:54.939+0600][84.798s][info][gc,stats    ]     Weak Class Links                  0 us
[2026-04-03T02:31:54.939+0600][84.798s][info][gc,stats    ]     Code Roots                    14116 us
[2026-04-03T02:31:54.939+0600][84.798s][info][gc,stats    ]   Rendezvous                        419 us
[2026-04-03T02:31:54.939+0600][84.798s][info][gc,stats    ]   Purge Unlinked                    516 us
[2026-04-03T02:31:54.939+0600][84.798s][info][gc,stats    ]     Code Roots                      509 us
[2026-04-03T02:31:54.939+0600][84.798s][info][gc,stats    ]     CLDG                              6 us
[2026-04-03T02:31:54.939+0600][84.798s][info][gc,stats    ]     Exception Caches                  1 us
[2026-04-03T02:31:54.939+0600][84.798s][info][gc,stats    ] Concurrent Strong Roots            1174 us, parallelism: 0.67x
[2026-04-03T02:31:54.939+0600][84.798s][info][gc,stats    ]   CSR: <total>                      785 us
[2026-04-03T02:31:54.939+0600][84.798s][info][gc,stats    ]   CSR: VM Strong Roots               37 us, workers (us):  34,   2,   2, ---, ---, ---, 
[2026-04-03T02:31:54.939+0600][84.798s][info][gc,stats    ]   CSR: CLDG Roots                   748 us, workers (us): 748, ---, ---, ---, ---, ---, 
[2026-04-03T02:31:54.939+0600][84.798s][info][gc,stats    ] Concurrent Evacuation              2596 us
[2026-04-03T02:31:54.939+0600][84.798s][info][gc,stats    ] Pause Init Update Refs (G)          692 us
[2026-04-03T02:31:54.939+0600][84.798s][info][gc,stats    ] Pause Init Update Refs (N)          148 us
[2026-04-03T02:31:54.939+0600][84.798s][info][gc,stats    ]   Manage GCLABs                      50 us
[2026-04-03T02:31:54.939+0600][84.798s][info][gc,stats    ] Concurrent Update Refs            43458 us
[2026-04-03T02:31:54.939+0600][84.798s][info][gc,stats    ] Concurrent Update Thread Roots     1928 us
[2026-04-03T02:31:54.939+0600][84.798s][info][gc,stats    ] Pause Final Update Refs (G)         641 us
[2026-04-03T02:31:54.939+0600][84.798s][info][gc,stats    ] Pause Final Update Refs (N)         213 us
[2026-04-03T02:31:54.939+0600][84.798s][info][gc,stats    ]   Update Region States               49 us
[2026-04-03T02:31:54.939+0600][84.798s][info][gc,stats    ]   Trash Collection Set               12 us
[2026-04-03T02:31:54.939+0600][84.798s][info][gc,stats    ]   Rebuild Free Set                   40 us
[2026-04-03T02:31:54.939+0600][84.798s][info][gc,stats    ] Concurrent Cleanup                  537 us
[2026-04-03T02:31:54.939+0600][84.798s][info][gc,stats    ] Pacing                           321217 us
[2026-04-03T02:31:54.939+0600][84.799s][info][gc,stats    ] 
[2026-04-03T02:31:54.939+0600][84.799s][info][gc,stats    ] Allocation pacing accrued:
[2026-04-03T02:31:54.939+0600][84.799s][info][gc,stats    ]       2 of   322 ms (  0.6%): dispatcher-event-loop-2
[2026-04-03T02:31:54.939+0600][84.799s][info][gc,stats    ]      11 of   322 ms (  3.5%): dispatcher-BlockManagerMaster
[2026-04-03T02:31:54.939+0600][84.799s][info][gc,stats    ]      11 of   322 ms (  3.5%): RemoteBlock-temp-file-clean-thread
[2026-04-03T02:31:54.939+0600][84.799s][info][gc,stats    ]      11 of   322 ms (  3.5%): Spark Context Cleaner
[2026-04-03T02:31:54.939+0600][84.799s][info][gc,stats    ]      58 of   322 ms ( 18.0%): Executor task launch worker for task 2.0 in stage 3971.0 (TID 7403)
[2026-04-03T02:31:54.939+0600][84.799s][info][gc,stats    ]      46 of   322 ms ( 14.2%): Executor task launch worker for task 3.0 in stage 3971.0 (TID 7404)
[2026-04-03T02:31:54.939+0600][84.799s][info][gc,stats    ]      57 of   322 ms ( 17.9%): Executor task launch worker for task 1.0 in stage 3971.0 (TID 7402)
[2026-04-03T02:31:54.939+0600][84.799s][info][gc,stats    ]      56 of   322 ms ( 17.3%): Executor task launch worker for task 0.0 in stage 3971.0 (TID 7401)
[2026-04-03T02:31:54.939+0600][84.799s][info][gc,stats    ]      11 of   322 ms (  3.5%): block-manager-storage-async-thread-pool-19
[2026-04-03T02:31:54.939+0600][84.799s][info][gc,stats    ]      15 of   322 ms (  4.8%): block-manager-storage-async-thread-pool-21
[2026-04-03T02:31:54.939+0600][84.799s][info][gc,stats    ]       4 of   322 ms (  1.4%): block-manager-storage-async-thread-pool-61
[2026-04-03T02:31:54.939+0600][84.799s][info][gc,stats    ]      11 of   322 ms (  3.5%): block-manager-ask-thread-pool-87
[2026-04-03T02:31:54.939+0600][84.799s][info][gc,stats    ]      11 of   322 ms (  3.5%): block-manager-ask-thread-pool-91
[2026-04-03T02:31:54.939+0600][84.799s][info][gc,stats    ]      11 of   322 ms (  3.5%): block-manager-ask-thread-pool-90
[2026-04-03T02:31:54.939+0600][84.799s][info][gc,stats    ]       4 of   322 ms (  1.4%): block-manager-ask-thread-pool-95
[2026-04-03T02:31:54.939+0600][84.799s][info][gc,stats    ]     321 of   322 ms ( 99.8%): <total>
[2026-04-03T02:31:54.939+0600][84.799s][info][gc,stats    ]       1 of   322 ms (  0.4%): <average total>
[2026-04-03T02:31:54.939+0600][84.799s][info][gc,stats    ]      21 of   322 ms (  6.7%): <average non-zero>
[2026-04-03T02:31:54.940+0600][84.799s][info][gc,stats    ] 
[2026-04-03T02:31:54.940+0600][84.799s][info][gc,metaspace] Metaspace: 131600K(132864K)->131600K(132864K) NonClass: 115124K(115712K)->115124K(115712K) Class: 16475K(17152K)->16475K(17152K)
[2026-04-03T02:31:54.940+0600][84.799s][info][gc,ergo     ] Pacer for Idle. Initial: 25600K, Alloc Tax Rate: 1.0x
[2026-04-03T02:31:55.519+0600][85.378s][info][gc          ] Trigger: Average GC time (183.22 ms) is above the time for average allocation rate (965 MB/s) to deplete free headroom (174M) (margin of error = 1.93)
[2026-04-03T02:31:55.519+0600][85.378s][info][gc,ergo     ] Free headroom: 237M (free) - 64000K (spike) - 0B (penalties) = 174M
[2026-04-03T02:31:55.519+0600][85.378s][info][gc,ergo     ] Free: 237M, Max: 512K regular, 235M humongous, Frag: 0% external, 0% internal; Reserve: 64000K, Max: 512K
[2026-04-03T02:31:55.519+0600][85.378s][info][gc,start    ] GC(94) Concurrent reset
[2026-04-03T02:31:55.519+0600][85.378s][info][gc,task     ] GC(94) Using 3 of 6 workers for concurrent reset
[2026-04-03T02:31:55.519+0600][85.378s][info][gc,ergo     ] GC(94) Pacer for Reset. Non-Taxable: 1250M
[2026-04-03T02:31:55.520+0600][85.379s][info][gc          ] GC(94) Concurrent reset 0.932ms
[2026-04-03T02:31:55.520+0600][85.380s][info][gc,start    ] GC(94) Pause Init Mark (unload classes)
[2026-04-03T02:31:55.520+0600][85.380s][info][gc,task     ] GC(94) Using 6 of 6 workers for init marking
[2026-04-03T02:31:55.521+0600][85.380s][info][gc,ergo     ] GC(94) Pacer for Mark. Expected Live: 95460K, Free: 235M, Non-Taxable: 24079K, Alloc Tax Rate: 0.5x
[2026-04-03T02:31:55.521+0600][85.380s][info][gc          ] GC(94) Pause Init Mark (unload classes) 0.291ms
[2026-04-03T02:31:55.521+0600][85.380s][info][gc,start    ] GC(94) Concurrent marking roots
[2026-04-03T02:31:55.521+0600][85.380s][info][gc,task     ] GC(94) Using 3 of 6 workers for concurrent marking roots
[2026-04-03T02:31:55.522+0600][85.381s][info][gc          ] GC(94) Concurrent marking roots 1.510ms
[2026-04-03T02:31:55.522+0600][85.382s][info][gc,start    ] GC(94) Concurrent marking (unload classes)
[2026-04-03T02:31:55.522+0600][85.382s][info][gc,task     ] GC(94) Using 3 of 6 workers for concurrent marking
[2026-04-03T02:31:55.580+0600][85.440s][info][gc          ] GC(94) Concurrent marking (unload classes) 58.160ms
[2026-04-03T02:31:55.581+0600][85.440s][info][gc,start    ] GC(94) Pause Final Mark (unload classes)
[2026-04-03T02:31:55.581+0600][85.440s][info][gc,task     ] GC(94) Using 6 of 6 workers for final marking
[2026-04-03T02:31:55.581+0600][85.440s][info][gc,ergo     ] GC(94) Adaptive CSet Selection. Target Free: 177M, Actual Free: 833M, Max CSet: 53333K, Min Garbage: 0B
[2026-04-03T02:31:55.581+0600][85.441s][info][gc,ergo     ] GC(94) Collectable Garbage: 774M (98%), Immediate: 578M (73%), CSet: 195M (24%)
[2026-04-03T02:31:55.581+0600][85.441s][info][gc,ergo     ] GC(94) Pacer for Evacuation. Used CSet: 202M, Free: 849M, Non-Taxable: 86960K, Alloc Tax Rate: 1.1x
[2026-04-03T02:31:55.581+0600][85.441s][info][gc          ] GC(94) Pause Final Mark (unload classes) 0.832ms
[2026-04-03T02:31:55.582+0600][85.441s][info][gc,start    ] GC(94) Concurrent thread roots
[2026-04-03T02:31:55.582+0600][85.441s][info][gc,task     ] GC(94) Using 3 of 6 workers for Concurrent thread roots
[2026-04-03T02:31:55.583+0600][85.442s][info][gc          ] GC(94) Concurrent thread roots 1.464ms
[2026-04-03T02:31:55.583+0600][85.442s][info][gc,start    ] GC(94) Concurrent weak references
[2026-04-03T02:31:55.583+0600][85.442s][info][gc,task     ] GC(94) Using 3 of 6 workers for concurrent weak references
[2026-04-03T02:31:55.584+0600][85.443s][info][gc,ref      ] GC(94) Encountered references: Soft: 3785, Weak: 15361, Final: 84, Phantom: 621
[2026-04-03T02:31:55.584+0600][85.443s][info][gc,ref      ] GC(94) Discovered  references: Soft: 0, Weak: 7953, Final: 0, Phantom: 594
[2026-04-03T02:31:55.584+0600][85.443s][info][gc,ref      ] GC(94) Enqueued    references: Soft: 0, Weak: 399, Final: 0, Phantom: 0
[2026-04-03T02:31:55.584+0600][85.443s][info][gc          ] GC(94) Concurrent weak references 1.119ms
[2026-04-03T02:31:55.584+0600][85.444s][info][gc,start    ] GC(94) Concurrent weak roots
[2026-04-03T02:31:55.584+0600][85.444s][info][gc,task     ] GC(94) Using 3 of 6 workers for concurrent weak root
[2026-04-03T02:31:55.591+0600][85.450s][info][gc          ] GC(94) Concurrent weak roots 6.438ms
[2026-04-03T02:31:55.591+0600][85.450s][info][gc,start    ] GC(94) Concurrent cleanup
[2026-04-03T02:31:55.591+0600][85.451s][info][gc          ] GC(94) Concurrent cleanup 920M->342M(1049M) 0.564ms
[2026-04-03T02:31:55.591+0600][85.451s][info][gc,ergo     ] GC(94) Free: 838M, Max: 512K regular, 182M humongous, Frag: 79% external, 0% internal; Reserve: 63310K, Max: 512K
[2026-04-03T02:31:55.591+0600][85.451s][info][gc,start    ] GC(94) Concurrent class unloading
[2026-04-03T02:31:55.591+0600][85.451s][info][gc,task     ] GC(94) Using 3 of 6 workers for concurrent class unloading
[2026-04-03T02:31:55.612+0600][85.471s][info][gc          ] GC(94) Concurrent class unloading 20.065ms
[2026-04-03T02:31:55.612+0600][85.471s][info][gc,start    ] GC(94) Concurrent strong roots
[2026-04-03T02:31:55.612+0600][85.471s][info][gc,task     ] GC(94) Using 3 of 6 workers for concurrent strong root
[2026-04-03T02:31:55.613+0600][85.473s][info][gc          ] GC(94) Concurrent strong roots 1.542ms
[2026-04-03T02:31:55.613+0600][85.473s][info][gc,start    ] GC(94) Concurrent evacuation
[2026-04-03T02:31:55.613+0600][85.473s][info][gc,task     ] GC(94) Using 3 of 6 workers for concurrent evacuation
[2026-04-03T02:31:55.618+0600][85.477s][info][gc          ] GC(94) Concurrent evacuation 4.446ms
[2026-04-03T02:31:55.618+0600][85.477s][info][gc,start    ] GC(94) Pause Init Update Refs
[2026-04-03T02:31:55.618+0600][85.477s][info][gc,ergo     ] GC(94) Pacer for Update Refs. Used: 363M, Free: 824M, Non-Taxable: 84419K, Alloc Tax Rate: 1.1x
[2026-04-03T02:31:55.618+0600][85.477s][info][gc          ] GC(94) Pause Init Update Refs 0.114ms
[2026-04-03T02:31:55.618+0600][85.478s][info][gc,start    ] GC(94) Concurrent update references
[2026-04-03T02:31:55.618+0600][85.478s][info][gc,task     ] GC(94) Using 3 of 6 workers for concurrent reference update
[2026-04-03T02:31:55.671+0600][85.530s][info][gc          ] GC(94) Concurrent update references 52.260ms
[2026-04-03T02:31:55.671+0600][85.530s][info][gc,start    ] GC(94) Concurrent update thread roots
[2026-04-03T02:31:55.675+0600][85.534s][info][gc          ] GC(94) Concurrent update thread roots 4.070ms
[2026-04-03T02:31:55.675+0600][85.534s][info][gc,start    ] GC(94) Pause Final Update Refs
[2026-04-03T02:31:55.675+0600][85.534s][info][gc,task     ] GC(94) Using 6 of 6 workers for final reference update
[2026-04-03T02:31:55.675+0600][85.535s][info][gc          ] GC(94) Pause Final Update Refs 0.220ms
[2026-04-03T02:31:55.675+0600][85.535s][info][gc,start    ] GC(94) Concurrent cleanup
[2026-04-03T02:31:55.676+0600][85.535s][info][gc          ] GC(94) Concurrent cleanup 409M->207M(1049M) 0.679ms
[2026-04-03T02:31:55.676+0600][85.535s][info][gc,ergo     ] Free: 967M, Max: 512K regular, 495M humongous, Frag: 49% external, 0% internal; Reserve: 64000K, Max: 512K
[2026-04-03T02:31:55.676+0600][85.535s][info][gc,stats    ] 
[2026-04-03T02:31:55.676+0600][85.535s][info][gc,stats    ] All times are wall-clock times, except per-root-class counters, that are sum over
[2026-04-03T02:31:55.676+0600][85.536s][info][gc,stats    ] all workers. Dividing the <total> over the root stage time estimates parallelism.
[2026-04-03T02:31:55.676+0600][85.536s][info][gc,stats    ] 
[2026-04-03T02:31:55.676+0600][85.536s][info][gc,stats    ] Concurrent Reset                   1001 us
[2026-04-03T02:31:55.676+0600][85.536s][info][gc,stats    ] Pause Init Mark (G)                 590 us
[2026-04-03T02:31:55.676+0600][85.536s][info][gc,stats    ] Pause Init Mark (N)                 308 us
[2026-04-03T02:31:55.676+0600][85.536s][info][gc,stats    ]   Update Region States               44 us
[2026-04-03T02:31:55.676+0600][85.536s][info][gc,stats    ] Concurrent Mark Roots              1572 us, parallelism: 1.87x
[2026-04-03T02:31:55.676+0600][85.536s][info][gc,stats    ]   CMR: <total>                     2936 us
[2026-04-03T02:31:55.676+0600][85.536s][info][gc,stats    ]   CMR: Thread Roots                2412 us, workers (us): 961, 954, 497, ---, ---, ---, 
[2026-04-03T02:31:55.676+0600][85.536s][info][gc,stats    ]   CMR: VM Strong Roots               70 us, workers (us):  27,  27,  16, ---, ---, ---, 
[2026-04-03T02:31:55.676+0600][85.536s][info][gc,stats    ]   CMR: CLDG Roots                   454 us, workers (us): ---, ---, 454, ---, ---, ---, 
[2026-04-03T02:31:55.676+0600][85.536s][info][gc,stats    ] Concurrent Marking                58250 us
[2026-04-03T02:31:55.676+0600][85.536s][info][gc,stats    ] Pause Final Mark (G)               1081 us
[2026-04-03T02:31:55.676+0600][85.536s][info][gc,stats    ] Pause Final Mark (N)                847 us
[2026-04-03T02:31:55.676+0600][85.536s][info][gc,stats    ]   Finish Mark                       275 us
[2026-04-03T02:31:55.676+0600][85.536s][info][gc,stats    ]   Update Region States               46 us
[2026-04-03T02:31:55.676+0600][85.536s][info][gc,stats    ]   Choose Collection Set             290 us
[2026-04-03T02:31:55.676+0600][85.536s][info][gc,stats    ]   Rebuild Free Set                   50 us
[2026-04-03T02:31:55.676+0600][85.536s][info][gc,stats    ] Concurrent Thread Roots            1511 us, parallelism: 2.59x
[2026-04-03T02:31:55.676+0600][85.536s][info][gc,stats    ]   CTR: <total>                     3907 us
[2026-04-03T02:31:55.676+0600][85.536s][info][gc,stats    ]   CTR: Thread Roots                3907 us, workers (us): 1308, 1293, 1306, ---, ---, ---, 
[2026-04-03T02:31:55.676+0600][85.536s][info][gc,stats    ] Concurrent Weak References         1135 us, parallelism: 1.17x
[2026-04-03T02:31:55.677+0600][85.536s][info][gc,stats    ]   CWRF: <total>                    1332 us
[2026-04-03T02:31:55.677+0600][85.536s][info][gc,stats    ]   CWRF: Weak References            1332 us, workers (us): 950, 307,  75, ---, ---, ---, 
[2026-04-03T02:31:55.677+0600][85.536s][info][gc,stats    ] Concurrent Weak Roots              6584 us
[2026-04-03T02:31:55.677+0600][85.536s][info][gc,stats    ]   Roots                            5979 us, parallelism: 2.68x
[2026-04-03T02:31:55.677+0600][85.536s][info][gc,stats    ]     CWR: <total>                  16020 us
[2026-04-03T02:31:55.677+0600][85.536s][info][gc,stats    ]     CWR: Code Cache Roots         12483 us, workers (us): 4432, 3896, 4155, ---, ---, ---, 
[2026-04-03T02:31:55.677+0600][85.536s][info][gc,stats    ]     CWR: VM Weak Roots             3227 us, workers (us): 1091, 1067, 1069, ---, ---, ---, 
[2026-04-03T02:31:55.677+0600][85.536s][info][gc,stats    ]     CWR: CLDG Roots                 309 us, workers (us): ---, 309, ---, ---, ---, ---, 
[2026-04-03T02:31:55.677+0600][85.536s][info][gc,stats    ]   Rendezvous                        428 us
[2026-04-03T02:31:55.677+0600][85.536s][info][gc,stats    ] Concurrent Cleanup                  599 us
[2026-04-03T02:31:55.677+0600][85.536s][info][gc,stats    ] Concurrent Class Unloading        20187 us
[2026-04-03T02:31:55.677+0600][85.536s][info][gc,stats    ]   Unlink Stale                    15832 us
[2026-04-03T02:31:55.677+0600][85.536s][info][gc,stats    ]     System Dictionary               455 us
[2026-04-03T02:31:55.677+0600][85.536s][info][gc,stats    ]     Weak Class Links                  1 us
[2026-04-03T02:31:55.677+0600][85.536s][info][gc,stats    ]     Code Roots                    15371 us
[2026-04-03T02:31:55.677+0600][85.536s][info][gc,stats    ]   Rendezvous                       2297 us
[2026-04-03T02:31:55.677+0600][85.536s][info][gc,stats    ]   Purge Unlinked                   1894 us
[2026-04-03T02:31:55.677+0600][85.536s][info][gc,stats    ]     Code Roots                     1867 us
[2026-04-03T02:31:55.677+0600][85.536s][info][gc,stats    ]     CLDG                             26 us
[2026-04-03T02:31:55.677+0600][85.536s][info][gc,stats    ]     Exception Caches                  1 us
[2026-04-03T02:31:55.677+0600][85.536s][info][gc,stats    ] Concurrent Strong Roots            1606 us, parallelism: 0.65x
[2026-04-03T02:31:55.677+0600][85.536s][info][gc,stats    ]   CSR: <total>                     1042 us
[2026-04-03T02:31:55.677+0600][85.536s][info][gc,stats    ]   CSR: VM Strong Roots               64 us, workers (us):  32,  32,   0, ---, ---, ---, 
[2026-04-03T02:31:55.677+0600][85.536s][info][gc,stats    ]   CSR: CLDG Roots                   977 us, workers (us): 977, ---, ---, ---, ---, ---, 
[2026-04-03T02:31:55.677+0600][85.536s][info][gc,stats    ] Concurrent Evacuation              4528 us
[2026-04-03T02:31:55.677+0600][85.536s][info][gc,stats    ] Pause Init Update Refs (G)          489 us
[2026-04-03T02:31:55.677+0600][85.536s][info][gc,stats    ] Pause Init Update Refs (N)          127 us
[2026-04-03T02:31:55.677+0600][85.536s][info][gc,stats    ]   Manage GCLABs                      33 us
[2026-04-03T02:31:55.677+0600][85.536s][info][gc,stats    ] Concurrent Update Refs            52373 us
[2026-04-03T02:31:55.677+0600][85.536s][info][gc,stats    ] Concurrent Update Thread Roots     4150 us
[2026-04-03T02:31:55.677+0600][85.536s][info][gc,stats    ] Pause Final Update Refs (G)         519 us
[2026-04-03T02:31:55.677+0600][85.536s][info][gc,stats    ] Pause Final Update Refs (N)         240 us
[2026-04-03T02:31:55.677+0600][85.536s][info][gc,stats    ]   Update Region States               52 us
[2026-04-03T02:31:55.677+0600][85.536s][info][gc,stats    ]   Trash Collection Set               19 us
[2026-04-03T02:31:55.677+0600][85.536s][info][gc,stats    ]   Rebuild Free Set                   44 us
[2026-04-03T02:31:55.677+0600][85.536s][info][gc,stats    ] Concurrent Cleanup                  714 us
[2026-04-03T02:31:55.677+0600][85.536s][info][gc,stats    ] Pacing                            91054 us
[2026-04-03T02:31:55.677+0600][85.536s][info][gc,stats    ] 
[2026-04-03T02:31:55.677+0600][85.536s][info][gc,stats    ] Allocation pacing accrued:
[2026-04-03T02:31:55.677+0600][85.536s][info][gc,stats    ]      13 of   738 ms (  1.8%): Executor task launch worker for task 7.0 in stage 3998.0 (TID 7496)
[2026-04-03T02:31:55.677+0600][85.536s][info][gc,stats    ]      11 of   738 ms (  1.5%): Executor task launch worker for task 5.0 in stage 3998.0 (TID 7494)
[2026-04-03T02:31:55.677+0600][85.536s][info][gc,stats    ]      11 of   738 ms (  1.5%): Executor task launch worker for task 6.0 in stage 3998.0 (TID 7495)
[2026-04-03T02:31:55.677+0600][85.536s][info][gc,stats    ]      14 of   738 ms (  1.9%): Executor task launch worker for task 4.0 in stage 3998.0 (TID 7493)
[2026-04-03T02:31:55.677+0600][85.536s][info][gc,stats    ]      11 of   738 ms (  1.5%): Executor task launch worker for task 0.0 in stage 3998.0 (TID 7489)
[2026-04-03T02:31:55.677+0600][85.536s][info][gc,stats    ]      14 of   738 ms (  1.9%): Executor task launch worker for task 3.0 in stage 3998.0 (TID 7492)
[2026-04-03T02:31:55.677+0600][85.536s][info][gc,stats    ]      14 of   738 ms (  1.9%): Executor task launch worker for task 2.0 in stage 3998.0 (TID 7491)
[2026-04-03T02:31:55.677+0600][85.536s][info][gc,stats    ]       2 of   738 ms (  0.3%): task-result-getter-1
[2026-04-03T02:31:55.677+0600][85.537s][info][gc,stats    ]      91 of   738 ms ( 12.3%): <total>
[2026-04-03T02:31:55.677+0600][85.537s][info][gc,stats    ]       0 of   738 ms (  0.0%): <average total>
[2026-04-03T02:31:55.677+0600][85.537s][info][gc,stats    ]      11 of   738 ms (  1.5%): <average non-zero>
[2026-04-03T02:31:55.677+0600][85.537s][info][gc,stats    ] 
[2026-04-03T02:31:55.677+0600][85.537s][info][gc,metaspace] Metaspace: 131604K(132864K)->131604K(132864K) NonClass: 115129K(115712K)->115129K(115712K) Class: 16475K(17152K)->16475K(17152K)
[2026-04-03T02:31:55.677+0600][85.537s][info][gc,ergo     ] Pacer for Idle. Initial: 25600K, Alloc Tax Rate: 1.0x
[2026-04-03T02:31:56.348+0600][86.207s][info][gc          ] Trigger: Average GC time (183.48 ms) is above the time for average allocation rate (923 MB/s) to deplete free headroom (167M) (margin of error = 1.93)
[2026-04-03T02:31:56.348+0600][86.207s][info][gc,ergo     ] Free headroom: 229M (free) - 64000K (spike) - 0B (penalties) = 167M
[2026-04-03T02:31:56.348+0600][86.207s][info][gc,ergo     ] Free: 229M, Max: 512K regular, 183M humongous, Frag: 20% external, 0% internal; Reserve: 64000K, Max: 512K
[2026-04-03T02:31:56.348+0600][86.207s][info][gc,start    ] GC(95) Concurrent reset
[2026-04-03T02:31:56.348+0600][86.207s][info][gc,task     ] GC(95) Using 3 of 6 workers for concurrent reset
[2026-04-03T02:31:56.348+0600][86.207s][info][gc,ergo     ] GC(95) Pacer for Reset. Non-Taxable: 1250M
[2026-04-03T02:31:56.349+0600][86.209s][info][gc          ] GC(95) Concurrent reset 1.351ms
[2026-04-03T02:31:56.350+0600][86.209s][info][gc,start    ] GC(95) Pause Init Mark (unload classes)
[2026-04-03T02:31:56.350+0600][86.209s][info][gc,task     ] GC(95) Using 6 of 6 workers for init marking
[2026-04-03T02:31:56.350+0600][86.209s][info][gc,ergo     ] GC(95) Pacer for Mark. Expected Live: 95539K, Free: 228M, Non-Taxable: 23435K, Alloc Tax Rate: 0.5x
[2026-04-03T02:31:56.350+0600][86.209s][info][gc          ] GC(95) Pause Init Mark (unload classes) 0.291ms
[2026-04-03T02:31:56.350+0600][86.209s][info][gc,start    ] GC(95) Concurrent marking roots
[2026-04-03T02:31:56.350+0600][86.209s][info][gc,task     ] GC(95) Using 3 of 6 workers for concurrent marking roots
[2026-04-03T02:31:56.352+0600][86.211s][info][gc          ] GC(95) Concurrent marking roots 1.484ms
[2026-04-03T02:31:56.352+0600][86.211s][info][gc,start    ] GC(95) Concurrent marking (unload classes)
[2026-04-03T02:31:56.352+0600][86.211s][info][gc,task     ] GC(95) Using 3 of 6 workers for concurrent marking
[2026-04-03T02:31:56.405+0600][86.264s][info][gc          ] GC(95) Concurrent marking (unload classes) 53.064ms
[2026-04-03T02:31:56.405+0600][86.264s][info][gc,start    ] GC(95) Pause Final Mark (unload classes)
[2026-04-03T02:31:56.405+0600][86.264s][info][gc,task     ] GC(95) Using 6 of 6 workers for final marking
[2026-04-03T02:31:56.405+0600][86.265s][info][gc,ergo     ] GC(95) Adaptive CSet Selection. Target Free: 177M, Actual Free: 826M, Max CSet: 53333K, Min Garbage: 0B
[2026-04-03T02:31:56.406+0600][86.265s][info][gc,ergo     ] GC(95) Collectable Garbage: 771M (98%), Immediate: 570M (73%), CSet: 201M (25%)
[2026-04-03T02:31:56.406+0600][86.265s][info][gc,ergo     ] GC(95) Pacer for Evacuation. Used CSet: 208M, Free: 847M, Non-Taxable: 86747K, Alloc Tax Rate: 1.1x
[2026-04-03T02:31:56.406+0600][86.265s][info][gc          ] GC(95) Pause Final Mark (unload classes) 0.724ms
[2026-04-03T02:31:56.406+0600][86.265s][info][gc,start    ] GC(95) Concurrent thread roots
[2026-04-03T02:31:56.406+0600][86.265s][info][gc,task     ] GC(95) Using 3 of 6 workers for Concurrent thread roots
[2026-04-03T02:31:56.407+0600][86.266s][info][gc          ] GC(95) Concurrent thread roots 0.909ms
[2026-04-03T02:31:56.407+0600][86.266s][info][gc,start    ] GC(95) Concurrent weak references
[2026-04-03T02:31:56.407+0600][86.266s][info][gc,task     ] GC(95) Using 3 of 6 workers for concurrent weak references
[2026-04-03T02:31:56.407+0600][86.267s][info][gc,ref      ] GC(95) Encountered references: Soft: 3791, Weak: 16562, Final: 84, Phantom: 621
[2026-04-03T02:31:56.407+0600][86.267s][info][gc,ref      ] GC(95) Discovered  references: Soft: 0, Weak: 4566, Final: 0, Phantom: 220
[2026-04-03T02:31:56.407+0600][86.267s][info][gc,ref      ] GC(95) Enqueued    references: Soft: 0, Weak: 1741, Final: 0, Phantom: 0
[2026-04-03T02:31:56.407+0600][86.267s][info][gc          ] GC(95) Concurrent weak references 0.678ms
[2026-04-03T02:31:56.407+0600][86.267s][info][gc,start    ] GC(95) Concurrent weak roots
[2026-04-03T02:31:56.407+0600][86.267s][info][gc,task     ] GC(95) Using 3 of 6 workers for concurrent weak root
[2026-04-03T02:31:56.412+0600][86.271s][info][gc          ] GC(95) Concurrent weak roots 4.281ms
[2026-04-03T02:31:56.412+0600][86.271s][info][gc,start    ] GC(95) Concurrent cleanup
[2026-04-03T02:31:56.412+0600][86.271s][info][gc          ] GC(95) Concurrent cleanup 904M->334M(1049M) 0.474ms
[2026-04-03T02:31:56.412+0600][86.271s][info][gc,ergo     ] GC(95) Free: 847M, Max: 512K regular, 186M humongous, Frag: 78% external, 0% internal; Reserve: 63715K, Max: 512K
[2026-04-03T02:31:56.412+0600][86.271s][info][gc,start    ] GC(95) Concurrent class unloading
[2026-04-03T02:31:56.412+0600][86.271s][info][gc,task     ] GC(95) Using 3 of 6 workers for concurrent class unloading
[2026-04-03T02:31:56.427+0600][86.286s][info][gc          ] GC(95) Concurrent class unloading 14.657ms
[2026-04-03T02:31:56.427+0600][86.286s][info][gc,start    ] GC(95) Concurrent strong roots
[2026-04-03T02:31:56.427+0600][86.286s][info][gc,task     ] GC(95) Using 3 of 6 workers for concurrent strong root
[2026-04-03T02:31:56.429+0600][86.288s][info][gc          ] GC(95) Concurrent strong roots 1.938ms
[2026-04-03T02:31:56.429+0600][86.288s][info][gc,start    ] GC(95) Concurrent evacuation
[2026-04-03T02:31:56.429+0600][86.288s][info][gc,task     ] GC(95) Using 3 of 6 workers for concurrent evacuation
[2026-04-03T02:31:56.436+0600][86.296s][info][gc          ] GC(95) Concurrent evacuation 7.428ms
[2026-04-03T02:31:56.437+0600][86.296s][info][gc,start    ] GC(95) Pause Init Update Refs
[2026-04-03T02:31:56.437+0600][86.296s][info][gc,ergo     ] GC(95) Pacer for Update Refs. Used: 357M, Free: 832M, Non-Taxable: 85209K, Alloc Tax Rate: 1.1x
[2026-04-03T02:31:56.437+0600][86.296s][info][gc          ] GC(95) Pause Init Update Refs 0.185ms
[2026-04-03T02:31:56.437+0600][86.296s][info][gc,start    ] GC(95) Concurrent update references
[2026-04-03T02:31:56.437+0600][86.296s][info][gc,task     ] GC(95) Using 3 of 6 workers for concurrent reference update
[2026-04-03T02:31:56.492+0600][86.352s][info][gc          ] GC(95) Concurrent update references 55.395ms
[2026-04-03T02:31:56.493+0600][86.352s][info][gc,start    ] GC(95) Concurrent update thread roots
[2026-04-03T02:31:56.494+0600][86.353s][info][gc          ] GC(95) Concurrent update thread roots 1.233ms
[2026-04-03T02:31:56.494+0600][86.353s][info][gc,start    ] GC(95) Pause Final Update Refs
[2026-04-03T02:31:56.494+0600][86.353s][info][gc,task     ] GC(95) Using 6 of 6 workers for final reference update
[2026-04-03T02:31:56.494+0600][86.353s][info][gc          ] GC(95) Pause Final Update Refs 0.202ms
[2026-04-03T02:31:56.494+0600][86.354s][info][gc,start    ] GC(95) Concurrent cleanup
[2026-04-03T02:31:56.495+0600][86.354s][info][gc          ] GC(95) Concurrent cleanup 409M->202M(1049M) 0.583ms
[2026-04-03T02:31:56.495+0600][86.354s][info][gc,ergo     ] Free: 979M, Max: 512K regular, 451M humongous, Frag: 54% external, 0% internal; Reserve: 64000K, Max: 512K
[2026-04-03T02:31:56.495+0600][86.354s][info][gc,stats    ] 
[2026-04-03T02:31:56.495+0600][86.354s][info][gc,stats    ] All times are wall-clock times, except per-root-class counters, that are sum over
[2026-04-03T02:31:56.495+0600][86.354s][info][gc,stats    ] all workers. Dividing the <total> over the root stage time estimates parallelism.
[2026-04-03T02:31:56.495+0600][86.354s][info][gc,stats    ] 
[2026-04-03T02:31:56.495+0600][86.354s][info][gc,stats    ] Concurrent Reset                   1433 us
[2026-04-03T02:31:56.495+0600][86.354s][info][gc,stats    ] Pause Init Mark (G)                 559 us
[2026-04-03T02:31:56.495+0600][86.355s][info][gc,stats    ] Pause Init Mark (N)                 302 us
[2026-04-03T02:31:56.495+0600][86.355s][info][gc,stats    ]   Update Region States               28 us
[2026-04-03T02:31:56.495+0600][86.355s][info][gc,stats    ] Concurrent Mark Roots              1524 us, parallelism: 1.93x
[2026-04-03T02:31:56.495+0600][86.355s][info][gc,stats    ]   CMR: <total>                     2949 us
[2026-04-03T02:31:56.495+0600][86.355s][info][gc,stats    ]   CMR: Thread Roots                2382 us, workers (us): 480, 977, 924, ---, ---, ---, 
[2026-04-03T02:31:56.495+0600][86.355s][info][gc,stats    ]   CMR: VM Strong Roots               63 us, workers (us):  33,  29,   1, ---, ---, ---, 
[2026-04-03T02:31:56.495+0600][86.355s][info][gc,stats    ]   CMR: CLDG Roots                   505 us, workers (us): 505, ---, ---, ---, ---, ---, 
[2026-04-03T02:31:56.495+0600][86.355s][info][gc,stats    ] Concurrent Marking                53150 us
[2026-04-03T02:31:56.495+0600][86.355s][info][gc,stats    ] Pause Final Mark (G)                894 us
[2026-04-03T02:31:56.495+0600][86.355s][info][gc,stats    ] Pause Final Mark (N)                733 us
[2026-04-03T02:31:56.495+0600][86.355s][info][gc,stats    ]   Finish Mark                       333 us
[2026-04-03T02:31:56.495+0600][86.355s][info][gc,stats    ]   Update Region States               34 us
[2026-04-03T02:31:56.495+0600][86.355s][info][gc,stats    ]   Choose Collection Set             211 us
[2026-04-03T02:31:56.495+0600][86.355s][info][gc,stats    ]   Rebuild Free Set                   35 us
[2026-04-03T02:31:56.495+0600][86.355s][info][gc,stats    ] Concurrent Thread Roots             950 us, parallelism: 1.95x
[2026-04-03T02:31:56.495+0600][86.355s][info][gc,stats    ]   CTR: <total>                     1857 us
[2026-04-03T02:31:56.495+0600][86.355s][info][gc,stats    ]   CTR: Thread Roots                1857 us, workers (us): 674, 597, 585, ---, ---, ---, 
[2026-04-03T02:31:56.495+0600][86.355s][info][gc,stats    ] Concurrent Weak References          686 us, parallelism: 0.82x
[2026-04-03T02:31:56.495+0600][86.355s][info][gc,stats    ]   CWRF: <total>                     565 us
[2026-04-03T02:31:56.495+0600][86.355s][info][gc,stats    ]   CWRF: Weak References             565 us, workers (us):  23, 181, 361, ---, ---, ---, 
[2026-04-03T02:31:56.495+0600][86.355s][info][gc,stats    ] Concurrent Weak Roots              4334 us
[2026-04-03T02:31:56.495+0600][86.355s][info][gc,stats    ]   Roots                            3845 us, parallelism: 2.73x
[2026-04-03T02:31:56.495+0600][86.355s][info][gc,stats    ]     CWR: <total>                  10485 us
[2026-04-03T02:31:56.495+0600][86.355s][info][gc,stats    ]     CWR: Code Cache Roots          8028 us, workers (us): 2661, 2665, 2702, ---, ---, ---, 
[2026-04-03T02:31:56.495+0600][86.355s][info][gc,stats    ]     CWR: VM Weak Roots             2352 us, workers (us): 797, 796, 759, ---, ---, ---, 
[2026-04-03T02:31:56.495+0600][86.355s][info][gc,stats    ]     CWR: CLDG Roots                 105 us, workers (us): ---, ---, 105, ---, ---, ---, 
[2026-04-03T02:31:56.496+0600][86.355s][info][gc,stats    ]   Rendezvous                        416 us
[2026-04-03T02:31:56.496+0600][86.355s][info][gc,stats    ] Concurrent Cleanup                  489 us
[2026-04-03T02:31:56.496+0600][86.355s][info][gc,stats    ] Concurrent Class Unloading        14766 us
[2026-04-03T02:31:56.496+0600][86.355s][info][gc,stats    ]   Unlink Stale                    12917 us
[2026-04-03T02:31:56.496+0600][86.355s][info][gc,stats    ]     System Dictionary               180 us
[2026-04-03T02:31:56.496+0600][86.355s][info][gc,stats    ]     Weak Class Links                  0 us
[2026-04-03T02:31:56.496+0600][86.355s][info][gc,stats    ]     Code Roots                    12735 us
[2026-04-03T02:31:56.496+0600][86.355s][info][gc,stats    ]   Rendezvous                        414 us
[2026-04-03T02:31:56.496+0600][86.355s][info][gc,stats    ]   Purge Unlinked                   1303 us
[2026-04-03T02:31:56.496+0600][86.355s][info][gc,stats    ]     Code Roots                     1283 us
[2026-04-03T02:31:56.496+0600][86.355s][info][gc,stats    ]     CLDG                             19 us
[2026-04-03T02:31:56.496+0600][86.355s][info][gc,stats    ]     Exception Caches                  0 us
[2026-04-03T02:31:56.496+0600][86.355s][info][gc,stats    ] Concurrent Strong Roots            2057 us, parallelism: 0.72x
[2026-04-03T02:31:56.496+0600][86.355s][info][gc,stats    ]   CSR: <total>                     1490 us
[2026-04-03T02:31:56.496+0600][86.355s][info][gc,stats    ]   CSR: VM Strong Roots               80 us, workers (us):  78,   2,   0, ---, ---, ---, 
[2026-04-03T02:31:56.496+0600][86.355s][info][gc,stats    ]   CSR: CLDG Roots                  1409 us, workers (us): 1409, ---, ---, ---, ---, ---, 
[2026-04-03T02:31:56.496+0600][86.355s][info][gc,stats    ] Concurrent Evacuation              7537 us
[2026-04-03T02:31:56.496+0600][86.355s][info][gc,stats    ] Pause Init Update Refs (G)          491 us
[2026-04-03T02:31:56.496+0600][86.355s][info][gc,stats    ] Pause Init Update Refs (N)          200 us
[2026-04-03T02:31:56.496+0600][86.355s][info][gc,stats    ]   Manage GCLABs                      50 us
[2026-04-03T02:31:56.496+0600][86.355s][info][gc,stats    ] Concurrent Update Refs            55495 us
[2026-04-03T02:31:56.496+0600][86.355s][info][gc,stats    ] Concurrent Update Thread Roots     1262 us
[2026-04-03T02:31:56.496+0600][86.355s][info][gc,stats    ] Pause Final Update Refs (G)         584 us
[2026-04-03T02:31:56.496+0600][86.355s][info][gc,stats    ] Pause Final Update Refs (N)         217 us
[2026-04-03T02:31:56.496+0600][86.355s][info][gc,stats    ]   Update Region States               49 us
[2026-04-03T02:31:56.496+0600][86.355s][info][gc,stats    ]   Trash Collection Set               20 us
[2026-04-03T02:31:56.496+0600][86.355s][info][gc,stats    ]   Rebuild Free Set                   41 us
[2026-04-03T02:31:56.496+0600][86.355s][info][gc,stats    ] Concurrent Cleanup                  615 us
[2026-04-03T02:31:56.496+0600][86.355s][info][gc,stats    ] Pacing                            74030 us
[2026-04-03T02:31:56.496+0600][86.355s][info][gc,stats    ] 
[2026-04-03T02:31:56.496+0600][86.355s][info][gc,stats    ] Allocation pacing accrued:
[2026-04-03T02:31:56.496+0600][86.355s][info][gc,stats    ]      11 of   819 ms (  1.4%): dispatcher-event-loop-7
[2026-04-03T02:31:56.496+0600][86.355s][info][gc,stats    ]      10 of   819 ms (  1.2%): dispatcher-BlockManagerMaster
[2026-04-03T02:31:56.496+0600][86.355s][info][gc,stats    ]      10 of   819 ms (  1.2%): netty-rpc-env-timeout
[2026-04-03T02:31:56.496+0600][86.355s][info][gc,stats    ]      10 of   819 ms (  1.2%): Spark Context Cleaner
[2026-04-03T02:31:56.496+0600][86.355s][info][gc,stats    ]      10 of   819 ms (  1.2%): element-tracking-store-worker
[2026-04-03T02:31:56.496+0600][86.355s][info][gc,stats    ]      11 of   819 ms (  1.4%): task-result-getter-0
[2026-04-03T02:31:56.496+0600][86.355s][info][gc,stats    ]      11 of   819 ms (  1.4%): task-result-getter-2
[2026-04-03T02:31:56.496+0600][86.355s][info][gc,stats    ]      74 of   819 ms (  9.0%): <total>
[2026-04-03T02:31:56.496+0600][86.355s][info][gc,stats    ]       0 of   819 ms (  0.0%): <average total>
[2026-04-03T02:31:56.496+0600][86.355s][info][gc,stats    ]      11 of   819 ms (  1.3%): <average non-zero>
[2026-04-03T02:31:56.496+0600][86.355s][info][gc,stats    ] 
[2026-04-03T02:31:56.496+0600][86.355s][info][gc,metaspace] Metaspace: 131605K(132864K)->131605K(132864K) NonClass: 115129K(115712K)->115129K(115712K) Class: 16475K(17152K)->16475K(17152K)
[2026-04-03T02:31:56.496+0600][86.355s][info][gc,ergo     ] Pacer for Idle. Initial: 25600K, Alloc Tax Rate: 1.0x
[2026-04-03T02:31:56.770+0600][86.629s][info][gc          ] Trigger: Average GC time (172.52 ms) is above the time for average allocation rate (1694 MB/s) to deplete free headroom (289M) (margin of error = 1.93)
[2026-04-03T02:31:56.770+0600][86.630s][info][gc,ergo     ] Free headroom: 352M (free) - 64000K (spike) - 0B (penalties) = 289M
[2026-04-03T02:31:56.770+0600][86.630s][info][gc,ergo     ] Free: 352M, Max: 512K regular, 241M humongous, Frag: 32% external, 0% internal; Reserve: 64000K, Max: 512K
[2026-04-03T02:31:56.770+0600][86.630s][info][gc,start    ] GC(96) Concurrent reset
[2026-04-03T02:31:56.770+0600][86.630s][info][gc,task     ] GC(96) Using 3 of 6 workers for concurrent reset
[2026-04-03T02:31:56.770+0600][86.630s][info][gc,ergo     ] GC(96) Pacer for Reset. Non-Taxable: 1250M
[2026-04-03T02:31:56.772+0600][86.631s][info][gc          ] GC(96) Concurrent reset 1.267ms
[2026-04-03T02:31:56.772+0600][86.632s][info][gc,start    ] GC(96) Pause Init Mark (unload classes)
[2026-04-03T02:31:56.772+0600][86.632s][info][gc,task     ] GC(96) Using 6 of 6 workers for init marking
[2026-04-03T02:31:56.772+0600][86.632s][info][gc,ergo     ] GC(96) Pacer for Mark. Expected Live: 95761K, Free: 328M, Non-Taxable: 33651K, Alloc Tax Rate: 0.3x
[2026-04-03T02:31:56.772+0600][86.632s][info][gc          ] GC(96) Pause Init Mark (unload classes) 0.105ms
[2026-04-03T02:31:56.772+0600][86.632s][info][gc,start    ] GC(96) Concurrent marking roots
[2026-04-03T02:31:56.772+0600][86.632s][info][gc,task     ] GC(96) Using 3 of 6 workers for concurrent marking roots
[2026-04-03T02:31:56.774+0600][86.633s][info][gc          ] GC(96) Concurrent marking roots 1.339ms
[2026-04-03T02:31:56.774+0600][86.633s][info][gc,start    ] GC(96) Concurrent marking (unload classes)
[2026-04-03T02:31:56.774+0600][86.633s][info][gc,task     ] GC(96) Using 3 of 6 workers for concurrent marking
[2026-04-03T02:31:56.820+0600][86.680s][info][gc          ] GC(96) Concurrent marking (unload classes) 46.546ms
[2026-04-03T02:31:56.821+0600][86.680s][info][gc,start    ] GC(96) Pause Final Mark (unload classes)
[2026-04-03T02:31:56.821+0600][86.680s][info][gc,task     ] GC(96) Using 6 of 6 workers for final marking
[2026-04-03T02:31:56.821+0600][86.681s][info][gc,ergo     ] GC(96) Adaptive CSet Selection. Target Free: 177M, Actual Free: 925M, Max CSet: 53333K, Min Garbage: 0B
[2026-04-03T02:31:56.821+0600][86.681s][info][gc,ergo     ] GC(96) Collectable Garbage: 675M (98%), Immediate: 604M (88%), CSet: 72551K (10%)
[2026-04-03T02:31:56.821+0600][86.681s][info][gc,ergo     ] GC(96) Pacer for Evacuation. Used CSet: 77969K, Free: 924M, Non-Taxable: 94700K, Alloc Tax Rate: 1.1x
[2026-04-03T02:31:56.821+0600][86.681s][info][gc          ] GC(96) Pause Final Mark (unload classes) 0.758ms
[2026-04-03T02:31:56.821+0600][86.681s][info][gc,start    ] GC(96) Concurrent thread roots
[2026-04-03T02:31:56.822+0600][86.681s][info][gc,task     ] GC(96) Using 3 of 6 workers for Concurrent thread roots
[2026-04-03T02:31:56.822+0600][86.682s][info][gc          ] GC(96) Concurrent thread roots 0.928ms
[2026-04-03T02:31:56.822+0600][86.682s][info][gc,start    ] GC(96) Concurrent weak references
[2026-04-03T02:31:56.822+0600][86.682s][info][gc,task     ] GC(96) Using 3 of 6 workers for concurrent weak references
[2026-04-03T02:31:56.823+0600][86.682s][info][gc,ref      ] GC(96) Encountered references: Soft: 3788, Weak: 15450, Final: 84, Phantom: 626
[2026-04-03T02:31:56.823+0600][86.682s][info][gc,ref      ] GC(96) Discovered  references: Soft: 0, Weak: 9255, Final: 84, Phantom: 229
[2026-04-03T02:31:56.823+0600][86.682s][info][gc,ref      ] GC(96) Enqueued    references: Soft: 0, Weak: 814, Final: 0, Phantom: 0
[2026-04-03T02:31:56.823+0600][86.682s][info][gc          ] GC(96) Concurrent weak references 0.722ms
[2026-04-03T02:31:56.823+0600][86.682s][info][gc,start    ] GC(96) Concurrent weak roots
[2026-04-03T02:31:56.823+0600][86.682s][info][gc,task     ] GC(96) Using 3 of 6 workers for concurrent weak root
[2026-04-03T02:31:56.829+0600][86.689s][info][gc          ] GC(96) Concurrent weak roots 6.301ms
[2026-04-03T02:31:56.830+0600][86.689s][info][gc,start    ] GC(96) Concurrent cleanup
[2026-04-03T02:31:56.830+0600][86.690s][info][gc          ] GC(96) Concurrent cleanup 928M->333M(1049M) 0.656ms
[2026-04-03T02:31:56.830+0600][86.690s][info][gc,ergo     ] GC(96) Free: 834M, Max: 512K regular, 226M humongous, Frag: 73% external, 0% internal; Reserve: 63012K, Max: 512K
[2026-04-03T02:31:56.830+0600][86.690s][info][gc,start    ] GC(96) Concurrent class unloading
[2026-04-03T02:31:56.830+0600][86.690s][info][gc,task     ] GC(96) Using 3 of 6 workers for concurrent class unloading
[2026-04-03T02:31:56.845+0600][86.705s][info][gc          ] GC(96) Concurrent class unloading 14.984ms
[2026-04-03T02:31:56.846+0600][86.705s][info][gc,start    ] GC(96) Concurrent strong roots
[2026-04-03T02:31:56.846+0600][86.705s][info][gc,task     ] GC(96) Using 3 of 6 workers for concurrent strong root
[2026-04-03T02:31:56.847+0600][86.706s][info][gc          ] GC(96) Concurrent strong roots 1.036ms
[2026-04-03T02:31:56.847+0600][86.706s][info][gc,start    ] GC(96) Concurrent evacuation
[2026-04-03T02:31:56.847+0600][86.706s][info][gc,task     ] GC(96) Using 3 of 6 workers for concurrent evacuation
[2026-04-03T02:31:56.848+0600][86.708s][info][gc          ] GC(96) Concurrent evacuation 1.815ms
[2026-04-03T02:31:56.849+0600][86.708s][info][gc,start    ] GC(96) Pause Init Update Refs
[2026-04-03T02:31:56.849+0600][86.708s][info][gc,ergo     ] GC(96) Pacer for Update Refs. Used: 356M, Free: 815M, Non-Taxable: 83459K, Alloc Tax Rate: 1.1x
[2026-04-03T02:31:56.849+0600][86.708s][info][gc          ] GC(96) Pause Init Update Refs 0.109ms
[2026-04-03T02:31:56.849+0600][86.708s][info][gc,start    ] GC(96) Concurrent update references
[2026-04-03T02:31:56.849+0600][86.708s][info][gc,task     ] GC(96) Using 3 of 6 workers for concurrent reference update
[2026-04-03T02:31:56.895+0600][86.755s][info][gc          ] GC(96) Concurrent update references 46.495ms
[2026-04-03T02:31:56.896+0600][86.755s][info][gc,start    ] GC(96) Concurrent update thread roots
[2026-04-03T02:31:56.897+0600][86.757s][info][gc          ] GC(96) Concurrent update thread roots 1.705ms
[2026-04-03T02:31:56.897+0600][86.757s][info][gc,start    ] GC(96) Pause Final Update Refs
[2026-04-03T02:31:56.898+0600][86.757s][info][gc,task     ] GC(96) Using 6 of 6 workers for final reference update
[2026-04-03T02:31:56.898+0600][86.757s][info][gc          ] GC(96) Pause Final Update Refs 0.136ms
[2026-04-03T02:31:56.898+0600][86.757s][info][gc,start    ] GC(96) Concurrent cleanup
[2026-04-03T02:31:56.898+0600][86.758s][info][gc          ] GC(96) Concurrent cleanup 473M->397M(1049M) 0.511ms
[2026-04-03T02:31:56.898+0600][86.758s][info][gc,ergo     ] Free: 755M, Max: 512K regular, 347M humongous, Frag: 54% external, 0% internal; Reserve: 64000K, Max: 512K
[2026-04-03T02:31:56.898+0600][86.758s][info][gc,stats    ] 
[2026-04-03T02:31:56.898+0600][86.758s][info][gc,stats    ] All times are wall-clock times, except per-root-class counters, that are sum over
[2026-04-03T02:31:56.898+0600][86.758s][info][gc,stats    ] all workers. Dividing the <total> over the root stage time estimates parallelism.
[2026-04-03T02:31:56.898+0600][86.758s][info][gc,stats    ] 
[2026-04-03T02:31:56.898+0600][86.758s][info][gc,stats    ] Concurrent Reset                   1363 us
[2026-04-03T02:31:56.898+0600][86.758s][info][gc,stats    ] Pause Init Mark (G)                 807 us
[2026-04-03T02:31:56.898+0600][86.758s][info][gc,stats    ] Pause Init Mark (N)                 112 us
[2026-04-03T02:31:56.899+0600][86.758s][info][gc,stats    ]   Update Region States               24 us
[2026-04-03T02:31:56.899+0600][86.758s][info][gc,stats    ] Concurrent Mark Roots              1429 us, parallelism: 1.84x
[2026-04-03T02:31:56.899+0600][86.758s][info][gc,stats    ]   CMR: <total>                     2623 us
[2026-04-03T02:31:56.899+0600][86.758s][info][gc,stats    ]   CMR: Thread Roots                2173 us, workers (us): 861, 452, 860, ---, ---, ---, 
[2026-04-03T02:31:56.899+0600][86.758s][info][gc,stats    ]   CMR: VM Strong Roots               50 us, workers (us):  29,  20,   1, ---, ---, ---, 
[2026-04-03T02:31:56.899+0600][86.758s][info][gc,stats    ]   CMR: CLDG Roots                   401 us, workers (us): ---, 401, ---, ---, ---, ---, 
[2026-04-03T02:31:56.899+0600][86.758s][info][gc,stats    ] Concurrent Marking                46609 us
[2026-04-03T02:31:56.899+0600][86.758s][info][gc,stats    ] Pause Final Mark (G)                950 us
[2026-04-03T02:31:56.899+0600][86.758s][info][gc,stats    ] Pause Final Mark (N)                768 us
[2026-04-03T02:31:56.899+0600][86.758s][info][gc,stats    ]   Finish Mark                       390 us
[2026-04-03T02:31:56.899+0600][86.758s][info][gc,stats    ]   Update Region States               34 us
[2026-04-03T02:31:56.899+0600][86.758s][info][gc,stats    ]   Choose Collection Set             157 us
[2026-04-03T02:31:56.899+0600][86.758s][info][gc,stats    ]   Rebuild Free Set                   31 us
[2026-04-03T02:31:56.899+0600][86.758s][info][gc,stats    ] Concurrent Thread Roots             967 us, parallelism: 2.11x
[2026-04-03T02:31:56.899+0600][86.758s][info][gc,stats    ]   CTR: <total>                     2043 us
[2026-04-03T02:31:56.899+0600][86.758s][info][gc,stats    ]   CTR: Thread Roots                2043 us, workers (us): 720, 657, 666, ---, ---, ---, 
[2026-04-03T02:31:56.899+0600][86.758s][info][gc,stats    ] Concurrent Weak References          729 us, parallelism: 1.09x
[2026-04-03T02:31:56.899+0600][86.758s][info][gc,stats    ]   CWRF: <total>                     793 us
[2026-04-03T02:31:56.899+0600][86.758s][info][gc,stats    ]   CWRF: Weak References             793 us, workers (us): 627, 165,   1, ---, ---, ---, 
[2026-04-03T02:31:56.899+0600][86.758s][info][gc,stats    ] Concurrent Weak Roots              6430 us
[2026-04-03T02:31:56.899+0600][86.758s][info][gc,stats    ]   Roots                            5403 us, parallelism: 2.73x
[2026-04-03T02:31:56.899+0600][86.758s][info][gc,stats    ]     CWR: <total>                  14760 us
[2026-04-03T02:31:56.899+0600][86.758s][info][gc,stats    ]     CWR: Code Cache Roots         12842 us, workers (us): 4172, 4472, 4198, ---, ---, ---, 
[2026-04-03T02:31:56.899+0600][86.758s][info][gc,stats    ]     CWR: VM Weak Roots             1832 us, workers (us): 660, 609, 564, ---, ---, ---, 
[2026-04-03T02:31:56.899+0600][86.758s][info][gc,stats    ]     CWR: CLDG Roots                  85 us, workers (us):  85, ---, ---, ---, ---, ---, 
[2026-04-03T02:31:56.899+0600][86.758s][info][gc,stats    ]   Rendezvous                        846 us
[2026-04-03T02:31:56.899+0600][86.758s][info][gc,stats    ] Concurrent Cleanup                  755 us
[2026-04-03T02:31:56.899+0600][86.758s][info][gc,stats    ] Concurrent Class Unloading        15052 us
[2026-04-03T02:31:56.899+0600][86.758s][info][gc,stats    ]   Unlink Stale                    13057 us
[2026-04-03T02:31:56.899+0600][86.758s][info][gc,stats    ]     System Dictionary               429 us
[2026-04-03T02:31:56.899+0600][86.758s][info][gc,stats    ]     Weak Class Links                  1 us
[2026-04-03T02:31:56.899+0600][86.758s][info][gc,stats    ]     Code Roots                    12621 us
[2026-04-03T02:31:56.899+0600][86.758s][info][gc,stats    ]   Rendezvous                        917 us
[2026-04-03T02:31:56.899+0600][86.758s][info][gc,stats    ]   Purge Unlinked                    965 us
[2026-04-03T02:31:56.899+0600][86.758s][info][gc,stats    ]     Code Roots                      954 us
[2026-04-03T02:31:56.899+0600][86.758s][info][gc,stats    ]     CLDG                             10 us
[2026-04-03T02:31:56.899+0600][86.758s][info][gc,stats    ]     Exception Caches                  0 us
[2026-04-03T02:31:56.899+0600][86.758s][info][gc,stats    ] Concurrent Strong Roots            1082 us, parallelism: 0.53x
[2026-04-03T02:31:56.899+0600][86.758s][info][gc,stats    ]   CSR: <total>                      579 us
[2026-04-03T02:31:56.899+0600][86.758s][info][gc,stats    ]   CSR: VM Strong Roots               38 us, workers (us):  37,   1,   0, ---, ---, ---, 
[2026-04-03T02:31:56.899+0600][86.758s][info][gc,stats    ]   CSR: CLDG Roots                   540 us, workers (us): 540, ---, ---, ---, ---, ---, 
[2026-04-03T02:31:56.899+0600][86.758s][info][gc,stats    ] Concurrent Evacuation              1864 us
[2026-04-03T02:31:56.899+0600][86.758s][info][gc,stats    ] Pause Init Update Refs (G)          469 us
[2026-04-03T02:31:56.899+0600][86.758s][info][gc,stats    ] Pause Init Update Refs (N)          121 us
[2026-04-03T02:31:56.899+0600][86.758s][info][gc,stats    ]   Manage GCLABs                      33 us
[2026-04-03T02:31:56.899+0600][86.758s][info][gc,stats    ] Concurrent Update Refs            46613 us
[2026-04-03T02:31:56.899+0600][86.758s][info][gc,stats    ] Concurrent Update Thread Roots     1827 us
[2026-04-03T02:31:56.899+0600][86.758s][info][gc,stats    ] Pause Final Update Refs (G)         349 us
[2026-04-03T02:31:56.899+0600][86.759s][info][gc,stats    ] Pause Final Update Refs (N)         154 us
[2026-04-03T02:31:56.899+0600][86.759s][info][gc,stats    ]   Update Region States               49 us
[2026-04-03T02:31:56.899+0600][86.759s][info][gc,stats    ]   Trash Collection Set               12 us
[2026-04-03T02:31:56.899+0600][86.759s][info][gc,stats    ]   Rebuild Free Set                   37 us
[2026-04-03T02:31:56.899+0600][86.759s][info][gc,stats    ] Concurrent Cleanup                  545 us
[2026-04-03T02:31:56.899+0600][86.759s][info][gc,stats    ] Pacing                           301209 us
[2026-04-03T02:31:56.899+0600][86.759s][info][gc,stats    ] 
[2026-04-03T02:31:56.899+0600][86.759s][info][gc,stats    ] Allocation pacing accrued:
[2026-04-03T02:31:56.899+0600][86.759s][info][gc,stats    ]       7 of   403 ms (  1.6%): dispatcher-BlockManagerMaster
[2026-04-03T02:31:56.899+0600][86.759s][info][gc,stats    ]      11 of   403 ms (  2.8%): Spark Context Cleaner
[2026-04-03T02:31:56.899+0600][86.759s][info][gc,stats    ]      66 of   403 ms ( 16.3%): Executor task launch worker for task 0.0 in stage 4130.0 (TID 7655)
[2026-04-03T02:31:56.899+0600][86.759s][info][gc,stats    ]      65 of   403 ms ( 16.2%): Executor task launch worker for task 1.0 in stage 4130.0 (TID 7656)
[2026-04-03T02:31:56.899+0600][86.759s][info][gc,stats    ]      65 of   403 ms ( 16.2%): Executor task launch worker for task 3.0 in stage 4130.0 (TID 7658)
[2026-04-03T02:31:56.899+0600][86.759s][info][gc,stats    ]      63 of   403 ms ( 15.6%): Executor task launch worker for task 2.0 in stage 4130.0 (TID 7657)
[2026-04-03T02:31:56.899+0600][86.759s][info][gc,stats    ]      18 of   403 ms (  4.4%): block-manager-storage-async-thread-pool-6
[2026-04-03T02:31:56.899+0600][86.759s][info][gc,stats    ]       6 of   403 ms (  1.6%): block-manager-storage-async-thread-pool-85
[2026-04-03T02:31:56.899+0600][86.759s][info][gc,stats    ]     301 of   403 ms ( 74.7%): <total>
[2026-04-03T02:31:56.899+0600][86.759s][info][gc,stats    ]       1 of   403 ms (  0.3%): <average total>
[2026-04-03T02:31:56.899+0600][86.759s][info][gc,stats    ]      38 of   403 ms (  9.3%): <average non-zero>
[2026-04-03T02:31:56.899+0600][86.759s][info][gc,stats    ] 
[2026-04-03T02:31:56.899+0600][86.759s][info][gc,metaspace] Metaspace: 131608K(132864K)->131609K(132864K) NonClass: 115133K(115712K)->115134K(115712K) Class: 16475K(17152K)->16475K(17152K)
[2026-04-03T02:31:56.899+0600][86.759s][info][gc,ergo     ] Pacer for Idle. Initial: 25600K, Alloc Tax Rate: 1.0x
[2026-04-03T02:31:57.505+0600][87.364s][info][gc          ] Trigger: Average GC time (163.92 ms) is above the time for average allocation rate (1109 MB/s) to deplete free headroom (176M) (margin of error = 1.95)
[2026-04-03T02:31:57.505+0600][87.364s][info][gc,ergo     ] Free headroom: 239M (free) - 64000K (spike) - 0B (penalties) = 176M
[2026-04-03T02:31:57.505+0600][87.364s][info][gc,ergo     ] Free: 238M, Max: 512K regular, 179M humongous, Frag: 25% external, 0% internal; Reserve: 64000K, Max: 512K
[2026-04-03T02:31:57.505+0600][87.364s][info][gc,start    ] GC(97) Concurrent reset
[2026-04-03T02:31:57.505+0600][87.364s][info][gc,task     ] GC(97) Using 3 of 6 workers for concurrent reset
[2026-04-03T02:31:57.505+0600][87.364s][info][gc,ergo     ] GC(97) Pacer for Reset. Non-Taxable: 1250M
[2026-04-03T02:31:57.506+0600][87.366s][info][gc          ] GC(97) Concurrent reset 1.369ms
[2026-04-03T02:31:57.507+0600][87.366s][info][gc,start    ] GC(97) Pause Init Mark (unload classes)
[2026-04-03T02:31:57.507+0600][87.366s][info][gc,task     ] GC(97) Using 6 of 6 workers for init marking
[2026-04-03T02:31:57.507+0600][87.366s][info][gc,ergo     ] GC(97) Pacer for Mark. Expected Live: 98810K, Free: 237M, Non-Taxable: 24272K, Alloc Tax Rate: 0.5x
[2026-04-03T02:31:57.507+0600][87.366s][info][gc          ] GC(97) Pause Init Mark (unload classes) 0.178ms
[2026-04-03T02:31:57.507+0600][87.366s][info][gc,start    ] GC(97) Concurrent marking roots
[2026-04-03T02:31:57.507+0600][87.366s][info][gc,task     ] GC(97) Using 3 of 6 workers for concurrent marking roots
[2026-04-03T02:31:57.511+0600][87.370s][info][gc          ] GC(97) Concurrent marking roots 3.975ms
[2026-04-03T02:31:57.511+0600][87.370s][info][gc,start    ] GC(97) Concurrent marking (unload classes)
[2026-04-03T02:31:57.511+0600][87.370s][info][gc,task     ] GC(97) Using 3 of 6 workers for concurrent marking
[2026-04-03T02:31:57.576+0600][87.435s][info][gc          ] GC(97) Concurrent marking (unload classes) 64.712ms
[2026-04-03T02:31:57.576+0600][87.435s][info][gc,start    ] GC(97) Pause Final Mark (unload classes)
[2026-04-03T02:31:57.576+0600][87.435s][info][gc,task     ] GC(97) Using 6 of 6 workers for final marking
[2026-04-03T02:31:57.576+0600][87.436s][info][gc,ergo     ] GC(97) Adaptive CSet Selection. Target Free: 177M, Actual Free: 835M, Max CSet: 53333K, Min Garbage: 0B
[2026-04-03T02:31:57.577+0600][87.436s][info][gc,ergo     ] GC(97) Collectable Garbage: 772M (98%), Immediate: 576M (73%), CSet: 195M (25%)
[2026-04-03T02:31:57.577+0600][87.436s][info][gc,ergo     ] GC(97) Pacer for Evacuation. Used CSet: 203M, Free: 848M, Non-Taxable: 86866K, Alloc Tax Rate: 1.1x
[2026-04-03T02:31:57.577+0600][87.436s][info][gc          ] GC(97) Pause Final Mark (unload classes) 0.804ms
[2026-04-03T02:31:57.577+0600][87.436s][info][gc,start    ] GC(97) Concurrent thread roots
[2026-04-03T02:31:57.577+0600][87.436s][info][gc,task     ] GC(97) Using 3 of 6 workers for Concurrent thread roots
[2026-04-03T02:31:57.578+0600][87.437s][info][gc          ] GC(97) Concurrent thread roots 1.220ms
[2026-04-03T02:31:57.578+0600][87.437s][info][gc,start    ] GC(97) Concurrent weak references
[2026-04-03T02:31:57.578+0600][87.437s][info][gc,task     ] GC(97) Using 3 of 6 workers for concurrent weak references
[2026-04-03T02:31:57.579+0600][87.438s][info][gc,ref      ] GC(97) Encountered references: Soft: 3792, Weak: 15428, Final: 84, Phantom: 621
[2026-04-03T02:31:57.579+0600][87.438s][info][gc,ref      ] GC(97) Discovered  references: Soft: 0, Weak: 5482, Final: 0, Phantom: 220
[2026-04-03T02:31:57.579+0600][87.438s][info][gc,ref      ] GC(97) Enqueued    references: Soft: 0, Weak: 398, Final: 0, Phantom: 0
[2026-04-03T02:31:57.579+0600][87.438s][info][gc          ] GC(97) Concurrent weak references 0.872ms
[2026-04-03T02:31:57.579+0600][87.438s][info][gc,start    ] GC(97) Concurrent weak roots
[2026-04-03T02:31:57.579+0600][87.438s][info][gc,task     ] GC(97) Using 3 of 6 workers for concurrent weak root
[2026-04-03T02:31:57.584+0600][87.444s][info][gc          ] GC(97) Concurrent weak roots 5.510ms
[2026-04-03T02:31:57.585+0600][87.444s][info][gc,start    ] GC(97) Concurrent cleanup
[2026-04-03T02:31:57.585+0600][87.445s][info][gc          ] GC(97) Concurrent cleanup 918M->343M(1049M) 0.915ms
[2026-04-03T02:31:57.586+0600][87.445s][info][gc,ergo     ] GC(97) Free: 837M, Max: 512K regular, 197M humongous, Frag: 77% external, 0% internal; Reserve: 63284K, Max: 512K
[2026-04-03T02:31:57.586+0600][87.445s][info][gc,start    ] GC(97) Concurrent class unloading
[2026-04-03T02:31:57.586+0600][87.445s][info][gc,task     ] GC(97) Using 3 of 6 workers for concurrent class unloading
[2026-04-03T02:31:57.605+0600][87.464s][info][gc          ] GC(97) Concurrent class unloading 19.096ms
[2026-04-03T02:31:57.605+0600][87.464s][info][gc,start    ] GC(97) Concurrent strong roots
[2026-04-03T02:31:57.605+0600][87.464s][info][gc,task     ] GC(97) Using 3 of 6 workers for concurrent strong root
[2026-04-03T02:31:57.606+0600][87.465s][info][gc          ] GC(97) Concurrent strong roots 0.979ms
[2026-04-03T02:31:57.606+0600][87.465s][info][gc,start    ] GC(97) Concurrent evacuation
[2026-04-03T02:31:57.606+0600][87.465s][info][gc,task     ] GC(97) Using 3 of 6 workers for concurrent evacuation
[2026-04-03T02:31:57.609+0600][87.469s][info][gc          ] GC(97) Concurrent evacuation 3.539ms
[2026-04-03T02:31:57.610+0600][87.469s][info][gc,start    ] GC(97) Pause Init Update Refs
[2026-04-03T02:31:57.610+0600][87.469s][info][gc,ergo     ] GC(97) Pacer for Update Refs. Used: 367M, Free: 817M, Non-Taxable: 83738K, Alloc Tax Rate: 1.1x
[2026-04-03T02:31:57.610+0600][87.469s][info][gc          ] GC(97) Pause Init Update Refs 0.110ms
[2026-04-03T02:31:57.610+0600][87.469s][info][gc,start    ] GC(97) Concurrent update references
[2026-04-03T02:31:57.610+0600][87.469s][info][gc,task     ] GC(97) Using 3 of 6 workers for concurrent reference update
[2026-04-03T02:31:57.656+0600][87.516s][info][gc          ] GC(97) Concurrent update references 46.483ms
[2026-04-03T02:31:57.656+0600][87.516s][info][gc,start    ] GC(97) Concurrent update thread roots
[2026-04-03T02:31:57.658+0600][87.517s][info][gc          ] GC(97) Concurrent update thread roots 1.259ms
[2026-04-03T02:31:57.658+0600][87.517s][info][gc,start    ] GC(97) Pause Final Update Refs
[2026-04-03T02:31:57.658+0600][87.517s][info][gc,task     ] GC(97) Using 6 of 6 workers for final reference update
[2026-04-03T02:31:57.658+0600][87.517s][info][gc          ] GC(97) Pause Final Update Refs 0.192ms
[2026-04-03T02:31:57.658+0600][87.517s][info][gc,start    ] GC(97) Concurrent cleanup
[2026-04-03T02:31:57.658+0600][87.518s][info][gc          ] GC(97) Concurrent cleanup 410M->207M(1049M) 0.288ms
[2026-04-03T02:31:57.658+0600][87.518s][info][gc,ergo     ] Free: 964M, Max: 512K regular, 324M humongous, Frag: 67% external, 0% internal; Reserve: 64000K, Max: 512K
[2026-04-03T02:31:57.659+0600][87.518s][info][gc,stats    ] 
[2026-04-03T02:31:57.659+0600][87.518s][info][gc,stats    ] All times are wall-clock times, except per-root-class counters, that are sum over
[2026-04-03T02:31:57.659+0600][87.518s][info][gc,stats    ] all workers. Dividing the <total> over the root stage time estimates parallelism.
[2026-04-03T02:31:57.659+0600][87.518s][info][gc,stats    ] 
[2026-04-03T02:31:57.659+0600][87.518s][info][gc,stats    ] Concurrent Reset                   1459 us
[2026-04-03T02:31:57.659+0600][87.518s][info][gc,stats    ] Pause Init Mark (G)                 478 us
[2026-04-03T02:31:57.659+0600][87.518s][info][gc,stats    ] Pause Init Mark (N)                 193 us
[2026-04-03T02:31:57.659+0600][87.518s][info][gc,stats    ]   Update Region States               57 us
[2026-04-03T02:31:57.659+0600][87.518s][info][gc,stats    ] Concurrent Mark Roots              4041 us, parallelism: 1.63x
[2026-04-03T02:31:57.659+0600][87.518s][info][gc,stats    ]   CMR: <total>                     6577 us
[2026-04-03T02:31:57.659+0600][87.518s][info][gc,stats    ]   CMR: Thread Roots                6050 us, workers (us): 3004, 1578, 1468, ---, ---, ---, 
[2026-04-03T02:31:57.659+0600][87.518s][info][gc,stats    ]   CMR: VM Strong Roots               54 us, workers (us):  52,   1,   1, ---, ---, ---, 
[2026-04-03T02:31:57.659+0600][87.518s][info][gc,stats    ]   CMR: CLDG Roots                   473 us, workers (us): 473, ---, ---, ---, ---, ---, 
[2026-04-03T02:31:57.659+0600][87.518s][info][gc,stats    ] Concurrent Marking                64796 us
[2026-04-03T02:31:57.659+0600][87.518s][info][gc,stats    ] Pause Final Mark (G)               1169 us
[2026-04-03T02:31:57.659+0600][87.518s][info][gc,stats    ] Pause Final Mark (N)                815 us
[2026-04-03T02:31:57.659+0600][87.518s][info][gc,stats    ]   Finish Mark                       352 us
[2026-04-03T02:31:57.659+0600][87.518s][info][gc,stats    ]   Update Region States               37 us
[2026-04-03T02:31:57.659+0600][87.518s][info][gc,stats    ]   Choose Collection Set             252 us
[2026-04-03T02:31:57.659+0600][87.518s][info][gc,stats    ]   Rebuild Free Set                   37 us
[2026-04-03T02:31:57.659+0600][87.518s][info][gc,stats    ] Concurrent Thread Roots            1259 us, parallelism: 2.25x
[2026-04-03T02:31:57.659+0600][87.518s][info][gc,stats    ]   CTR: <total>                     2827 us
[2026-04-03T02:31:57.659+0600][87.518s][info][gc,stats    ]   CTR: Thread Roots                2827 us, workers (us): 953, 941, 933, ---, ---, ---, 
[2026-04-03T02:31:57.659+0600][87.518s][info][gc,stats    ] Concurrent Weak References          886 us, parallelism: 1.03x
[2026-04-03T02:31:57.659+0600][87.518s][info][gc,stats    ]   CWRF: <total>                     910 us
[2026-04-03T02:31:57.659+0600][87.518s][info][gc,stats    ]   CWRF: Weak References             910 us, workers (us): 207, 662,  40, ---, ---, ---, 
[2026-04-03T02:31:57.659+0600][87.518s][info][gc,stats    ] Concurrent Weak Roots              5597 us
[2026-04-03T02:31:57.659+0600][87.518s][info][gc,stats    ]   Roots                            5168 us, parallelism: 2.75x
[2026-04-03T02:31:57.659+0600][87.518s][info][gc,stats    ]     CWR: <total>                  14209 us
[2026-04-03T02:31:57.659+0600][87.518s][info][gc,stats    ]     CWR: Code Cache Roots         11182 us, workers (us): 3616, 3796, 3770, ---, ---, ---, 
[2026-04-03T02:31:57.659+0600][87.518s][info][gc,stats    ]     CWR: VM Weak Roots             2839 us, workers (us): 966, 936, 937, ---, ---, ---, 
[2026-04-03T02:31:57.659+0600][87.518s][info][gc,stats    ]     CWR: CLDG Roots                 188 us, workers (us): 188, ---, ---, ---, ---, ---, 
[2026-04-03T02:31:57.659+0600][87.518s][info][gc,stats    ]   Rendezvous                        314 us
[2026-04-03T02:31:57.659+0600][87.518s][info][gc,stats    ] Concurrent Cleanup                  965 us
[2026-04-03T02:31:57.659+0600][87.518s][info][gc,stats    ] Concurrent Class Unloading        19205 us
[2026-04-03T02:31:57.659+0600][87.518s][info][gc,stats    ]   Unlink Stale                    16704 us
[2026-04-03T02:31:57.659+0600][87.518s][info][gc,stats    ]     System Dictionary               320 us
[2026-04-03T02:31:57.659+0600][87.518s][info][gc,stats    ]     Weak Class Links                  0 us
[2026-04-03T02:31:57.659+0600][87.518s][info][gc,stats    ]     Code Roots                    16380 us
[2026-04-03T02:31:57.659+0600][87.518s][info][gc,stats    ]   Rendezvous                        507 us
[2026-04-03T02:31:57.659+0600][87.518s][info][gc,stats    ]   Purge Unlinked                   1841 us
[2026-04-03T02:31:57.659+0600][87.518s][info][gc,stats    ]     Code Roots                     1813 us
[2026-04-03T02:31:57.659+0600][87.518s][info][gc,stats    ]     CLDG                             28 us
[2026-04-03T02:31:57.659+0600][87.518s][info][gc,stats    ]     Exception Caches                  0 us
[2026-04-03T02:31:57.659+0600][87.518s][info][gc,stats    ] Concurrent Strong Roots            1011 us, parallelism: 0.65x
[2026-04-03T02:31:57.659+0600][87.518s][info][gc,stats    ]   CSR: <total>                      660 us
[2026-04-03T02:31:57.659+0600][87.518s][info][gc,stats    ]   CSR: VM Strong Roots               42 us, workers (us):  25,  17,   0, ---, ---, ---, 
[2026-04-03T02:31:57.659+0600][87.518s][info][gc,stats    ]   CSR: CLDG Roots                   617 us, workers (us): 617, ---, ---, ---, ---, ---, 
[2026-04-03T02:31:57.659+0600][87.518s][info][gc,stats    ] Concurrent Evacuation              3625 us
[2026-04-03T02:31:57.659+0600][87.518s][info][gc,stats    ] Pause Init Update Refs (G)          246 us
[2026-04-03T02:31:57.659+0600][87.518s][info][gc,stats    ] Pause Init Update Refs (N)          122 us
[2026-04-03T02:31:57.659+0600][87.518s][info][gc,stats    ]   Manage GCLABs                      34 us
[2026-04-03T02:31:57.659+0600][87.518s][info][gc,stats    ] Concurrent Update Refs            46582 us
[2026-04-03T02:31:57.659+0600][87.518s][info][gc,stats    ] Concurrent Update Thread Roots     1322 us
[2026-04-03T02:31:57.659+0600][87.519s][info][gc,stats    ] Pause Final Update Refs (G)         489 us
[2026-04-03T02:31:57.659+0600][87.519s][info][gc,stats    ] Pause Final Update Refs (N)         208 us
[2026-04-03T02:31:57.659+0600][87.519s][info][gc,stats    ]   Update Region States               46 us
[2026-04-03T02:31:57.659+0600][87.519s][info][gc,stats    ]   Trash Collection Set               17 us
[2026-04-03T02:31:57.659+0600][87.519s][info][gc,stats    ]   Rebuild Free Set                   38 us
[2026-04-03T02:31:57.659+0600][87.519s][info][gc,stats    ] Concurrent Cleanup                  321 us
[2026-04-03T02:31:57.659+0600][87.519s][info][gc,stats    ] Pacing                           177982 us
[2026-04-03T02:31:57.659+0600][87.519s][info][gc,stats    ] 
[2026-04-03T02:31:57.659+0600][87.519s][info][gc,stats    ] Allocation pacing accrued:
[2026-04-03T02:31:57.659+0600][87.519s][info][gc,stats    ]      11 of   760 ms (  1.5%): dispatcher-event-loop-6
[2026-04-03T02:31:57.659+0600][87.519s][info][gc,stats    ]      35 of   760 ms (  4.6%): Executor task launch worker for task 1.0 in stage 4158.0 (TID 7752)
[2026-04-03T02:31:57.659+0600][87.519s][info][gc,stats    ]      22 of   760 ms (  2.9%): Executor task launch worker for task 6.0 in stage 4158.0 (TID 7757)
[2026-04-03T02:31:57.659+0600][87.519s][info][gc,stats    ]      18 of   760 ms (  2.4%): Executor task launch worker for task 5.0 in stage 4158.0 (TID 7756)
[2026-04-03T02:31:57.659+0600][87.519s][info][gc,stats    ]      18 of   760 ms (  2.3%): Executor task launch worker for task 7.0 in stage 4158.0 (TID 7758)
[2026-04-03T02:31:57.659+0600][87.519s][info][gc,stats    ]      11 of   760 ms (  1.5%): Executor task launch worker for task 0.0 in stage 4158.0 (TID 7751)
[2026-04-03T02:31:57.659+0600][87.519s][info][gc,stats    ]      21 of   760 ms (  2.8%): Executor task launch worker for task 4.0 in stage 4158.0 (TID 7755)
[2026-04-03T02:31:57.659+0600][87.519s][info][gc,stats    ]      22 of   760 ms (  2.9%): Executor task launch worker for task 3.0 in stage 4158.0 (TID 7754)
[2026-04-03T02:31:57.659+0600][87.519s][info][gc,stats    ]      19 of   760 ms (  2.5%): Executor task launch worker for task 2.0 in stage 4158.0 (TID 7753)
[2026-04-03T02:31:57.659+0600][87.519s][info][gc,stats    ]     178 of   760 ms ( 23.4%): <total>
[2026-04-03T02:31:57.659+0600][87.519s][info][gc,stats    ]       1 of   760 ms (  0.1%): <average total>
[2026-04-03T02:31:57.659+0600][87.519s][info][gc,stats    ]      20 of   760 ms (  2.6%): <average non-zero>
[2026-04-03T02:31:57.659+0600][87.519s][info][gc,stats    ] 
[2026-04-03T02:31:57.659+0600][87.519s][info][gc,metaspace] Metaspace: 131615K(132864K)->131615K(132864K) NonClass: 115138K(115712K)->115138K(115712K) Class: 16476K(17152K)->16476K(17152K)
[2026-04-03T02:31:57.660+0600][87.519s][info][gc,ergo     ] Pacer for Idle. Initial: 25600K, Alloc Tax Rate: 1.0x
[2026-04-03T02:31:58.259+0600][88.118s][info][gc          ] Trigger: Average GC time (169.67 ms) is above the time for average allocation rate (1085 MB/s) to deplete free headroom (183M) (margin of error = 1.95)
[2026-04-03T02:31:58.259+0600][88.118s][info][gc,ergo     ] Free headroom: 245M (free) - 64000K (spike) - 0B (penalties) = 183M
[2026-04-03T02:31:58.259+0600][88.118s][info][gc,ergo     ] Free: 245M, Max: 512K regular, 244M humongous, Frag: 0% external, 0% internal; Reserve: 64000K, Max: 512K
[2026-04-03T02:31:58.259+0600][88.118s][info][gc,start    ] GC(98) Concurrent reset
[2026-04-03T02:31:58.259+0600][88.118s][info][gc,task     ] GC(98) Using 3 of 6 workers for concurrent reset
[2026-04-03T02:31:58.259+0600][88.118s][info][gc,ergo     ] GC(98) Pacer for Reset. Non-Taxable: 1250M
[2026-04-03T02:31:58.260+0600][88.120s][info][gc          ] GC(98) Concurrent reset 1.271ms
[2026-04-03T02:31:58.260+0600][88.120s][info][gc,start    ] GC(98) Pause Init Mark (unload classes)
[2026-04-03T02:31:58.260+0600][88.120s][info][gc,task     ] GC(98) Using 6 of 6 workers for init marking
[2026-04-03T02:31:58.261+0600][88.120s][info][gc,ergo     ] GC(98) Pacer for Mark. Expected Live: 98668K, Free: 244M, Non-Taxable: 25020K, Alloc Tax Rate: 0.5x
[2026-04-03T02:31:58.261+0600][88.120s][info][gc          ] GC(98) Pause Init Mark (unload classes) 0.149ms
[2026-04-03T02:31:58.261+0600][88.120s][info][gc,start    ] GC(98) Concurrent marking roots
[2026-04-03T02:31:58.261+0600][88.120s][info][gc,task     ] GC(98) Using 3 of 6 workers for concurrent marking roots
[2026-04-03T02:31:58.262+0600][88.121s][info][gc          ] GC(98) Concurrent marking roots 1.492ms
[2026-04-03T02:31:58.262+0600][88.121s][info][gc,start    ] GC(98) Concurrent marking (unload classes)
[2026-04-03T02:31:58.262+0600][88.122s][info][gc,task     ] GC(98) Using 3 of 6 workers for concurrent marking
[2026-04-03T02:31:58.323+0600][88.182s][info][gc          ] GC(98) Concurrent marking (unload classes) 60.843ms
[2026-04-03T02:31:58.323+0600][88.183s][info][gc,start    ] GC(98) Pause Final Mark (unload classes)
[2026-04-03T02:31:58.323+0600][88.183s][info][gc,task     ] GC(98) Using 6 of 6 workers for final marking
[2026-04-03T02:31:58.324+0600][88.183s][info][gc,ergo     ] GC(98) Adaptive CSet Selection. Target Free: 177M, Actual Free: 815M, Max CSet: 53333K, Min Garbage: 0B
[2026-04-03T02:31:58.324+0600][88.183s][info][gc,ergo     ] GC(98) Collectable Garbage: 756M (98%), Immediate: 557M (72%), CSet: 199M (26%)
[2026-04-03T02:31:58.324+0600][88.183s][info][gc,ergo     ] GC(98) Pacer for Evacuation. Used CSet: 206M, Free: 834M, Non-Taxable: 85436K, Alloc Tax Rate: 1.1x
[2026-04-03T02:31:58.324+0600][88.183s][info][gc          ] GC(98) Pause Final Mark (unload classes) 0.535ms
[2026-04-03T02:31:58.324+0600][88.183s][info][gc,start    ] GC(98) Concurrent thread roots
[2026-04-03T02:31:58.324+0600][88.183s][info][gc,task     ] GC(98) Using 3 of 6 workers for Concurrent thread roots
[2026-04-03T02:31:58.325+0600][88.184s][info][gc          ] GC(98) Concurrent thread roots 1.217ms
[2026-04-03T02:31:58.325+0600][88.184s][info][gc,start    ] GC(98) Concurrent weak references
[2026-04-03T02:31:58.325+0600][88.184s][info][gc,task     ] GC(98) Using 3 of 6 workers for concurrent weak references
[2026-04-03T02:31:58.326+0600][88.185s][info][gc,ref      ] GC(98) Encountered references: Soft: 3790, Weak: 16558, Final: 84, Phantom: 621
[2026-04-03T02:31:58.326+0600][88.185s][info][gc,ref      ] GC(98) Discovered  references: Soft: 0, Weak: 9618, Final: 0, Phantom: 219
[2026-04-03T02:31:58.326+0600][88.185s][info][gc,ref      ] GC(98) Enqueued    references: Soft: 0, Weak: 1732, Final: 0, Phantom: 0
[2026-04-03T02:31:58.326+0600][88.185s][info][gc          ] GC(98) Concurrent weak references 0.778ms
[2026-04-03T02:31:58.326+0600][88.185s][info][gc,start    ] GC(98) Concurrent weak roots
[2026-04-03T02:31:58.326+0600][88.185s][info][gc,task     ] GC(98) Using 3 of 6 workers for concurrent weak root
[2026-04-03T02:31:58.333+0600][88.193s][info][gc          ] GC(98) Concurrent weak roots 7.294ms
[2026-04-03T02:31:58.333+0600][88.193s][info][gc,start    ] GC(98) Concurrent cleanup
[2026-04-03T02:31:58.334+0600][88.194s][info][gc          ] GC(98) Concurrent cleanup 916M->359M(1049M) 0.863ms
[2026-04-03T02:31:58.334+0600][88.194s][info][gc,ergo     ] GC(98) Free: 822M, Max: 512K regular, 184M humongous, Frag: 78% external, 0% internal; Reserve: 63523K, Max: 512K
[2026-04-03T02:31:58.334+0600][88.194s][info][gc,start    ] GC(98) Concurrent class unloading
[2026-04-03T02:31:58.334+0600][88.194s][info][gc,task     ] GC(98) Using 3 of 6 workers for concurrent class unloading
[2026-04-03T02:31:58.355+0600][88.214s][info][gc          ] GC(98) Concurrent class unloading 20.575ms
[2026-04-03T02:31:58.355+0600][88.214s][info][gc,start    ] GC(98) Concurrent strong roots
[2026-04-03T02:31:58.355+0600][88.214s][info][gc,task     ] GC(98) Using 3 of 6 workers for concurrent strong root
[2026-04-03T02:31:58.356+0600][88.216s][info][gc          ] GC(98) Concurrent strong roots 1.341ms
[2026-04-03T02:31:58.356+0600][88.216s][info][gc,start    ] GC(98) Concurrent evacuation
[2026-04-03T02:31:58.356+0600][88.216s][info][gc,task     ] GC(98) Using 3 of 6 workers for concurrent evacuation
[2026-04-03T02:31:58.361+0600][88.220s][info][gc          ] GC(98) Concurrent evacuation 4.261ms
[2026-04-03T02:31:58.361+0600][88.220s][info][gc,start    ] GC(98) Pause Init Update Refs
[2026-04-03T02:31:58.361+0600][88.220s][info][gc,ergo     ] GC(98) Pacer for Update Refs. Used: 393M, Free: 796M, Non-Taxable: 81592K, Alloc Tax Rate: 1.1x
[2026-04-03T02:31:58.361+0600][88.220s][info][gc          ] GC(98) Pause Init Update Refs 0.169ms
[2026-04-03T02:31:58.361+0600][88.221s][info][gc,start    ] GC(98) Concurrent update references
[2026-04-03T02:31:58.361+0600][88.221s][info][gc,task     ] GC(98) Using 3 of 6 workers for concurrent reference update
[2026-04-03T02:31:58.417+0600][88.277s][info][gc          ] GC(98) Concurrent update references 56.087ms
[2026-04-03T02:31:58.417+0600][88.277s][info][gc,start    ] GC(98) Concurrent update thread roots
[2026-04-03T02:31:58.419+0600][88.278s][info][gc          ] GC(98) Concurrent update thread roots 1.176ms
[2026-04-03T02:31:58.419+0600][88.278s][info][gc,start    ] GC(98) Pause Final Update Refs
[2026-04-03T02:31:58.419+0600][88.278s][info][gc,task     ] GC(98) Using 6 of 6 workers for final reference update
[2026-04-03T02:31:58.419+0600][88.278s][info][gc          ] GC(98) Pause Final Update Refs 0.196ms
[2026-04-03T02:31:58.419+0600][88.279s][info][gc,start    ] GC(98) Concurrent cleanup
[2026-04-03T02:31:58.420+0600][88.279s][info][gc          ] GC(98) Concurrent cleanup 453M->246M(1049M) 0.577ms
[2026-04-03T02:31:58.420+0600][88.279s][info][gc,ergo     ] Free: 930M, Max: 512K regular, 479M humongous, Frag: 49% external, 0% internal; Reserve: 64000K, Max: 512K
[2026-04-03T02:31:58.420+0600][88.279s][info][gc,stats    ] 
[2026-04-03T02:31:58.420+0600][88.279s][info][gc,stats    ] All times are wall-clock times, except per-root-class counters, that are sum over
[2026-04-03T02:31:58.420+0600][88.279s][info][gc,stats    ] all workers. Dividing the <total> over the root stage time estimates parallelism.
[2026-04-03T02:31:58.420+0600][88.279s][info][gc,stats    ] 
[2026-04-03T02:31:58.420+0600][88.279s][info][gc,stats    ] Concurrent Reset                   1321 us
[2026-04-03T02:31:58.420+0600][88.279s][info][gc,stats    ] Pause Init Mark (G)                 355 us
[2026-04-03T02:31:58.420+0600][88.279s][info][gc,stats    ] Pause Init Mark (N)                 158 us
[2026-04-03T02:31:58.420+0600][88.279s][info][gc,stats    ]   Update Region States               30 us
[2026-04-03T02:31:58.420+0600][88.279s][info][gc,stats    ] Concurrent Mark Roots              1561 us, parallelism: 1.92x
[2026-04-03T02:31:58.420+0600][88.279s][info][gc,stats    ]   CMR: <total>                     2993 us
[2026-04-03T02:31:58.420+0600][88.279s][info][gc,stats    ]   CMR: Thread Roots                2461 us, workers (us): 508, 976, 977, ---, ---, ---, 
[2026-04-03T02:31:58.420+0600][88.279s][info][gc,stats    ]   CMR: VM Strong Roots               70 us, workers (us):  43,  21,   5, ---, ---, ---, 
[2026-04-03T02:31:58.420+0600][88.279s][info][gc,stats    ]   CMR: CLDG Roots                   463 us, workers (us): 463, ---, ---, ---, ---, ---, 
[2026-04-03T02:31:58.420+0600][88.279s][info][gc,stats    ] Concurrent Marking                60926 us
[2026-04-03T02:31:58.420+0600][88.279s][info][gc,stats    ] Pause Final Mark (G)                767 us
[2026-04-03T02:31:58.420+0600][88.279s][info][gc,stats    ] Pause Final Mark (N)                545 us
[2026-04-03T02:31:58.420+0600][88.279s][info][gc,stats    ]   Finish Mark                       158 us
[2026-04-03T02:31:58.420+0600][88.279s][info][gc,stats    ]   Update Region States               36 us
[2026-04-03T02:31:58.420+0600][88.279s][info][gc,stats    ]   Choose Collection Set             225 us
[2026-04-03T02:31:58.420+0600][88.279s][info][gc,stats    ]   Rebuild Free Set                   37 us
[2026-04-03T02:31:58.420+0600][88.279s][info][gc,stats    ] Concurrent Thread Roots            1258 us, parallelism: 2.30x
[2026-04-03T02:31:58.420+0600][88.279s][info][gc,stats    ]   CTR: <total>                     2889 us
[2026-04-03T02:31:58.420+0600][88.279s][info][gc,stats    ]   CTR: Thread Roots                2889 us, workers (us): 1066, 1072, 751, ---, ---, ---, 
[2026-04-03T02:31:58.420+0600][88.279s][info][gc,stats    ] Concurrent Weak References          790 us, parallelism: 1.54x
[2026-04-03T02:31:58.420+0600][88.280s][info][gc,stats    ]   CWRF: <total>                    1218 us
[2026-04-03T02:31:58.420+0600][88.280s][info][gc,stats    ]   CWRF: Weak References            1218 us, workers (us): 570, 648,   0, ---, ---, ---, 
[2026-04-03T02:31:58.420+0600][88.280s][info][gc,stats    ] Concurrent Weak Roots              7408 us
[2026-04-03T02:31:58.420+0600][88.280s][info][gc,stats    ]   Roots                            6905 us, parallelism: 2.64x
[2026-04-03T02:31:58.420+0600][88.280s][info][gc,stats    ]     CWR: <total>                  18248 us
[2026-04-03T02:31:58.420+0600][88.280s][info][gc,stats    ]     CWR: Code Cache Roots         15113 us, workers (us): 4957, 4700, 5455, ---, ---, ---, 
[2026-04-03T02:31:58.420+0600][88.280s][info][gc,stats    ]     CWR: VM Weak Roots             2912 us, workers (us): 1140, 1131, 641, ---, ---, ---, 
[2026-04-03T02:31:58.420+0600][88.280s][info][gc,stats    ]     CWR: CLDG Roots                 223 us, workers (us): ---, 223, ---, ---, ---, ---, 
[2026-04-03T02:31:58.420+0600][88.280s][info][gc,stats    ]   Rendezvous                        358 us
[2026-04-03T02:31:58.420+0600][88.280s][info][gc,stats    ] Concurrent Cleanup                  900 us
[2026-04-03T02:31:58.420+0600][88.280s][info][gc,stats    ] Concurrent Class Unloading        20678 us
[2026-04-03T02:31:58.420+0600][88.280s][info][gc,stats    ]   Unlink Stale                    18914 us
[2026-04-03T02:31:58.420+0600][88.280s][info][gc,stats    ]     System Dictionary               298 us
[2026-04-03T02:31:58.420+0600][88.280s][info][gc,stats    ]     Weak Class Links                  1 us
[2026-04-03T02:31:58.420+0600][88.280s][info][gc,stats    ]     Code Roots                    18612 us
[2026-04-03T02:31:58.420+0600][88.280s][info][gc,stats    ]   Rendezvous                        342 us
[2026-04-03T02:31:58.420+0600][88.280s][info][gc,stats    ]   Purge Unlinked                   1279 us
[2026-04-03T02:31:58.420+0600][88.280s][info][gc,stats    ]     Code Roots                     1264 us
[2026-04-03T02:31:58.420+0600][88.280s][info][gc,stats    ]     CLDG                             14 us
[2026-04-03T02:31:58.420+0600][88.280s][info][gc,stats    ]     Exception Caches                  0 us
[2026-04-03T02:31:58.420+0600][88.280s][info][gc,stats    ] Concurrent Strong Roots            1376 us, parallelism: 0.70x
[2026-04-03T02:31:58.420+0600][88.280s][info][gc,stats    ]   CSR: <total>                      970 us
[2026-04-03T02:31:58.420+0600][88.280s][info][gc,stats    ]   CSR: VM Strong Roots               63 us, workers (us):  32,  26,   6, ---, ---, ---, 
[2026-04-03T02:31:58.420+0600][88.280s][info][gc,stats    ]   CSR: CLDG Roots                   907 us, workers (us): ---, 907, ---, ---, ---, ---, 
[2026-04-03T02:31:58.420+0600][88.280s][info][gc,stats    ] Concurrent Evacuation              4319 us
[2026-04-03T02:31:58.420+0600][88.280s][info][gc,stats    ] Pause Init Update Refs (G)          510 us
[2026-04-03T02:31:58.420+0600][88.280s][info][gc,stats    ] Pause Init Update Refs (N)          183 us
[2026-04-03T02:31:58.420+0600][88.280s][info][gc,stats    ]   Manage GCLABs                      69 us
[2026-04-03T02:31:58.420+0600][88.280s][info][gc,stats    ] Concurrent Update Refs            56166 us
[2026-04-03T02:31:58.420+0600][88.280s][info][gc,stats    ] Concurrent Update Thread Roots     1253 us
[2026-04-03T02:31:58.420+0600][88.280s][info][gc,stats    ] Pause Final Update Refs (G)         594 us
[2026-04-03T02:31:58.421+0600][88.280s][info][gc,stats    ] Pause Final Update Refs (N)         214 us
[2026-04-03T02:31:58.421+0600][88.280s][info][gc,stats    ]   Update Region States               50 us
[2026-04-03T02:31:58.421+0600][88.280s][info][gc,stats    ]   Trash Collection Set               22 us
[2026-04-03T02:31:58.421+0600][88.280s][info][gc,stats    ]   Rebuild Free Set                   49 us
[2026-04-03T02:31:58.421+0600][88.280s][info][gc,stats    ] Concurrent Cleanup                  608 us
[2026-04-03T02:31:58.421+0600][88.280s][info][gc,stats    ] Pacing                           174872 us
[2026-04-03T02:31:58.421+0600][88.280s][info][gc,stats    ] 
[2026-04-03T02:31:58.421+0600][88.280s][info][gc,stats    ] Allocation pacing accrued:
[2026-04-03T02:31:58.421+0600][88.280s][info][gc,stats    ]      11 of   761 ms (  1.5%): Spark Context Cleaner
[2026-04-03T02:31:58.421+0600][88.280s][info][gc,stats    ]      18 of   761 ms (  2.4%): Executor task launch worker for task 7.0 in stage 4273.0 (TID 7886)
[2026-04-03T02:31:58.421+0600][88.280s][info][gc,stats    ]      21 of   761 ms (  2.7%): Executor task launch worker for task 2.0 in stage 4273.0 (TID 7881)
[2026-04-03T02:31:58.421+0600][88.280s][info][gc,stats    ]      21 of   761 ms (  2.7%): Executor task launch worker for task 5.0 in stage 4273.0 (TID 7884)
[2026-04-03T02:31:58.421+0600][88.280s][info][gc,stats    ]      22 of   761 ms (  2.9%): Executor task launch worker for task 3.0 in stage 4273.0 (TID 7882)
[2026-04-03T02:31:58.421+0600][88.280s][info][gc,stats    ]      19 of   761 ms (  2.5%): Executor task launch worker for task 1.0 in stage 4273.0 (TID 7880)
[2026-04-03T02:31:58.421+0600][88.280s][info][gc,stats    ]      22 of   761 ms (  2.9%): Executor task launch worker for task 6.0 in stage 4273.0 (TID 7885)
[2026-04-03T02:31:58.421+0600][88.280s][info][gc,stats    ]      21 of   761 ms (  2.8%): Executor task launch worker for task 0.0 in stage 4273.0 (TID 7879)
[2026-04-03T02:31:58.421+0600][88.280s][info][gc,stats    ]      19 of   761 ms (  2.5%): Executor task launch worker for task 4.0 in stage 4273.0 (TID 7883)
[2026-04-03T02:31:58.421+0600][88.280s][info][gc,stats    ]     175 of   761 ms ( 23.0%): <total>
[2026-04-03T02:31:58.421+0600][88.280s][info][gc,stats    ]       1 of   761 ms (  0.1%): <average total>
[2026-04-03T02:31:58.421+0600][88.280s][info][gc,stats    ]      19 of   761 ms (  2.6%): <average non-zero>
[2026-04-03T02:31:58.421+0600][88.280s][info][gc,stats    ] 
[2026-04-03T02:31:58.421+0600][88.280s][info][gc,metaspace] Metaspace: 131620K(132864K)->131621K(132864K) NonClass: 115144K(115712K)->115145K(115712K) Class: 16476K(17152K)->16476K(17152K)
[2026-04-03T02:31:58.421+0600][88.280s][info][gc,ergo     ] Pacer for Idle. Initial: 25600K, Alloc Tax Rate: 1.0x
[2026-04-03T02:31:58.623+0600][88.483s][info][gc          ] Trigger: Average GC time (175.82 ms) is above the time for average allocation rate (2626 MB/s) to deplete free headroom (335M) (margin of error = 1.95)
[2026-04-03T02:31:58.624+0600][88.483s][info][gc,ergo     ] Free headroom: 398M (free) - 64000K (spike) - 0B (penalties) = 335M
[2026-04-03T02:31:58.624+0600][88.483s][info][gc,ergo     ] Free: 398M, Max: 512K regular, 209M humongous, Frag: 48% external, 0% internal; Reserve: 64000K, Max: 512K
[2026-04-03T02:31:58.624+0600][88.483s][info][gc,start    ] GC(99) Concurrent reset
[2026-04-03T02:31:58.624+0600][88.483s][info][gc,task     ] GC(99) Using 3 of 6 workers for concurrent reset
[2026-04-03T02:31:58.624+0600][88.483s][info][gc,ergo     ] GC(99) Pacer for Reset. Non-Taxable: 1250M
[2026-04-03T02:31:58.625+0600][88.484s][info][gc          ] GC(99) Concurrent reset 0.966ms
[2026-04-03T02:31:58.625+0600][88.484s][info][gc,start    ] GC(99) Pause Init Mark (unload classes)
[2026-04-03T02:31:58.625+0600][88.484s][info][gc,task     ] GC(99) Using 6 of 6 workers for init marking
[2026-04-03T02:31:58.625+0600][88.484s][info][gc,ergo     ] GC(99) Pacer for Mark. Expected Live: 99110K, Free: 398M, Non-Taxable: 40797K, Alloc Tax Rate: 0.3x
[2026-04-03T02:31:58.625+0600][88.484s][info][gc          ] GC(99) Pause Init Mark (unload classes) 0.128ms
[2026-04-03T02:31:58.625+0600][88.484s][info][gc,start    ] GC(99) Concurrent marking roots
[2026-04-03T02:31:58.625+0600][88.484s][info][gc,task     ] GC(99) Using 3 of 6 workers for concurrent marking roots
[2026-04-03T02:31:58.626+0600][88.486s][info][gc          ] GC(99) Concurrent marking roots 1.221ms
[2026-04-03T02:31:58.626+0600][88.486s][info][gc,start    ] GC(99) Concurrent marking (unload classes)
[2026-04-03T02:31:58.626+0600][88.486s][info][gc,task     ] GC(99) Using 3 of 6 workers for concurrent marking
[2026-04-03T02:31:58.672+0600][88.532s][info][gc          ] GC(99) Concurrent marking (unload classes) 45.973ms
[2026-04-03T02:31:58.672+0600][88.532s][info][gc,start    ] GC(99) Pause Final Mark (unload classes)
[2026-04-03T02:31:58.673+0600][88.532s][info][gc,task     ] GC(99) Using 6 of 6 workers for final marking
[2026-04-03T02:31:58.673+0600][88.532s][info][gc,ergo     ] GC(99) Adaptive CSet Selection. Target Free: 177M, Actual Free: 951M, Max CSet: 53333K, Min Garbage: 0B
[2026-04-03T02:31:58.673+0600][88.532s][info][gc,ergo     ] GC(99) Collectable Garbage: 629M (98%), Immediate: 550M (86%), CSet: 80334K (12%)
[2026-04-03T02:31:58.673+0600][88.532s][info][gc,ergo     ] GC(99) Pacer for Evacuation. Used CSet: 85391K, Free: 947M, Non-Taxable: 97045K, Alloc Tax Rate: 1.1x
[2026-04-03T02:31:58.673+0600][88.532s][info][gc          ] GC(99) Pause Final Mark (unload classes) 0.628ms
[2026-04-03T02:31:58.673+0600][88.533s][info][gc,start    ] GC(99) Concurrent thread roots
[2026-04-03T02:31:58.673+0600][88.533s][info][gc,task     ] GC(99) Using 3 of 6 workers for Concurrent thread roots
[2026-04-03T02:31:58.674+0600][88.533s][info][gc          ] GC(99) Concurrent thread roots 0.933ms
[2026-04-03T02:31:58.674+0600][88.534s][info][gc,start    ] GC(99) Concurrent weak references
[2026-04-03T02:31:58.674+0600][88.534s][info][gc,task     ] GC(99) Using 3 of 6 workers for concurrent weak references
[2026-04-03T02:31:58.675+0600][88.534s][info][gc,ref      ] GC(99) Encountered references: Soft: 3784, Weak: 15357, Final: 84, Phantom: 621
[2026-04-03T02:31:58.675+0600][88.534s][info][gc,ref      ] GC(99) Discovered  references: Soft: 0, Weak: 6317, Final: 0, Phantom: 616
[2026-04-03T02:31:58.675+0600][88.534s][info][gc,ref      ] GC(99) Enqueued    references: Soft: 0, Weak: 792, Final: 0, Phantom: 0
[2026-04-03T02:31:58.675+0600][88.534s][info][gc          ] GC(99) Concurrent weak references 0.896ms
[2026-04-03T02:31:58.675+0600][88.534s][info][gc,start    ] GC(99) Concurrent weak roots
[2026-04-03T02:31:58.675+0600][88.534s][info][gc,task     ] GC(99) Using 3 of 6 workers for concurrent weak root
[2026-04-03T02:31:58.681+0600][88.540s][info][gc          ] GC(99) Concurrent weak roots 5.601ms
[2026-04-03T02:31:58.681+0600][88.540s][info][gc,start    ] GC(99) Concurrent cleanup
[2026-04-03T02:31:58.682+0600][88.541s][info][gc          ] GC(99) Concurrent cleanup 877M->326M(1049M) 0.658ms
[2026-04-03T02:31:58.682+0600][88.541s][info][gc,ergo     ] GC(99) Free: 842M, Max: 512K regular, 182M humongous, Frag: 79% external, 0% internal; Reserve: 63473K, Max: 512K
[2026-04-03T02:31:58.682+0600][88.541s][info][gc,start    ] GC(99) Concurrent class unloading
[2026-04-03T02:31:58.682+0600][88.541s][info][gc,task     ] GC(99) Using 3 of 6 workers for concurrent class unloading
[2026-04-03T02:31:58.696+0600][88.555s][info][gc          ] GC(99) Concurrent class unloading 14.407ms
[2026-04-03T02:31:58.696+0600][88.555s][info][gc,start    ] GC(99) Concurrent strong roots
[2026-04-03T02:31:58.696+0600][88.555s][info][gc,task     ] GC(99) Using 3 of 6 workers for concurrent strong root
[2026-04-03T02:31:58.697+0600][88.556s][info][gc          ] GC(99) Concurrent strong roots 1.073ms
[2026-04-03T02:31:58.697+0600][88.556s][info][gc,start    ] GC(99) Concurrent evacuation
[2026-04-03T02:31:58.697+0600][88.556s][info][gc,task     ] GC(99) Using 3 of 6 workers for concurrent evacuation
[2026-04-03T02:31:58.699+0600][88.558s][info][gc          ] GC(99) Concurrent evacuation 1.959ms
[2026-04-03T02:31:58.699+0600][88.559s][info][gc,start    ] GC(99) Pause Init Update Refs
[2026-04-03T02:31:58.699+0600][88.559s][info][gc,ergo     ] GC(99) Pacer for Update Refs. Used: 337M, Free: 836M, Non-Taxable: 85693K, Alloc Tax Rate: 1.1x
[2026-04-03T02:31:58.699+0600][88.559s][info][gc          ] GC(99) Pause Init Update Refs 0.142ms
[2026-04-03T02:31:58.700+0600][88.559s][info][gc,start    ] GC(99) Concurrent update references
[2026-04-03T02:31:58.700+0600][88.559s][info][gc,task     ] GC(99) Using 3 of 6 workers for concurrent reference update
[2026-04-03T02:31:58.741+0600][88.601s][info][gc          ] GC(99) Concurrent update references 41.905ms
[2026-04-03T02:31:58.742+0600][88.601s][info][gc,start    ] GC(99) Concurrent update thread roots
[2026-04-03T02:31:58.743+0600][88.603s][info][gc          ] GC(99) Concurrent update thread roots 1.799ms
[2026-04-03T02:31:58.744+0600][88.603s][info][gc,start    ] GC(99) Pause Final Update Refs
[2026-04-03T02:31:58.744+0600][88.603s][info][gc,task     ] GC(99) Using 6 of 6 workers for final reference update
[2026-04-03T02:31:58.744+0600][88.603s][info][gc          ] GC(99) Pause Final Update Refs 0.243ms
[2026-04-03T02:31:58.744+0600][88.603s][info][gc,start    ] GC(99) Concurrent cleanup
[2026-04-03T02:31:58.745+0600][88.604s][info][gc          ] GC(99) Concurrent cleanup 492M->409M(1049M) 0.586ms
[2026-04-03T02:31:58.745+0600][88.604s][info][gc,ergo     ] Free: 740M, Max: 512K regular, 270M humongous, Frag: 64% external, 0% internal; Reserve: 64000K, Max: 512K
[2026-04-03T02:31:58.745+0600][88.604s][info][gc,stats    ] 
[2026-04-03T02:31:58.745+0600][88.604s][info][gc,stats    ] All times are wall-clock times, except per-root-class counters, that are sum over
[2026-04-03T02:31:58.745+0600][88.604s][info][gc,stats    ] all workers. Dividing the <total> over the root stage time estimates parallelism.
[2026-04-03T02:31:58.745+0600][88.604s][info][gc,stats    ] 
[2026-04-03T02:31:58.745+0600][88.604s][info][gc,stats    ] Concurrent Reset                   1005 us
[2026-04-03T02:31:58.745+0600][88.604s][info][gc,stats    ] Pause Init Mark (G)                 446 us
[2026-04-03T02:31:58.745+0600][88.604s][info][gc,stats    ] Pause Init Mark (N)                 138 us
[2026-04-03T02:31:58.745+0600][88.604s][info][gc,stats    ]   Update Region States               26 us
[2026-04-03T02:31:58.745+0600][88.604s][info][gc,stats    ] Concurrent Mark Roots              1251 us, parallelism: 1.61x
[2026-04-03T02:31:58.745+0600][88.604s][info][gc,stats    ]   CMR: <total>                     2017 us
[2026-04-03T02:31:58.745+0600][88.604s][info][gc,stats    ]   CMR: Thread Roots                1681 us, workers (us): 408, 646, 627, ---, ---, ---, 
[2026-04-03T02:31:58.745+0600][88.604s][info][gc,stats    ]   CMR: VM Strong Roots               29 us, workers (us):  28,   1,   0, ---, ---, ---, 
[2026-04-03T02:31:58.745+0600][88.604s][info][gc,stats    ]   CMR: CLDG Roots                   306 us, workers (us): 306, ---, ---, ---, ---, ---, 
[2026-04-03T02:31:58.745+0600][88.604s][info][gc,stats    ] Concurrent Marking                46032 us
[2026-04-03T02:31:58.745+0600][88.604s][info][gc,stats    ] Pause Final Mark (G)                904 us
[2026-04-03T02:31:58.745+0600][88.604s][info][gc,stats    ] Pause Final Mark (N)                639 us
[2026-04-03T02:31:58.745+0600][88.604s][info][gc,stats    ]   Finish Mark                       284 us
[2026-04-03T02:31:58.745+0600][88.604s][info][gc,stats    ]   Update Region States               40 us
[2026-04-03T02:31:58.745+0600][88.604s][info][gc,stats    ]   Choose Collection Set             158 us
[2026-04-03T02:31:58.745+0600][88.604s][info][gc,stats    ]   Rebuild Free Set                   25 us
[2026-04-03T02:31:58.745+0600][88.604s][info][gc,stats    ] Concurrent Thread Roots             991 us, parallelism: 2.00x
[2026-04-03T02:31:58.745+0600][88.604s][info][gc,stats    ]   CTR: <total>                     1984 us
[2026-04-03T02:31:58.745+0600][88.604s][info][gc,stats    ]   CTR: Thread Roots                1984 us, workers (us): 704, 667, 614, ---, ---, ---, 
[2026-04-03T02:31:58.745+0600][88.604s][info][gc,stats    ] Concurrent Weak References          906 us, parallelism: 1.23x
[2026-04-03T02:31:58.745+0600][88.604s][info][gc,stats    ]   CWRF: <total>                    1117 us
[2026-04-03T02:31:58.745+0600][88.604s][info][gc,stats    ]   CWRF: Weak References            1117 us, workers (us): 492,  29, 595, ---, ---, ---, 
[2026-04-03T02:31:58.745+0600][88.604s][info][gc,stats    ] Concurrent Weak Roots              5690 us
[2026-04-03T02:31:58.745+0600][88.604s][info][gc,stats    ]   Roots                            4700 us, parallelism: 2.64x
[2026-04-03T02:31:58.745+0600][88.604s][info][gc,stats    ]     CWR: <total>                  12411 us
[2026-04-03T02:31:58.745+0600][88.604s][info][gc,stats    ]     CWR: Code Cache Roots         10435 us, workers (us): 3439, 3482, 3514, ---, ---, ---, 
[2026-04-03T02:31:58.745+0600][88.604s][info][gc,stats    ]     CWR: VM Weak Roots             1766 us, workers (us): 608, 588, 570, ---, ---, ---, 
[2026-04-03T02:31:58.745+0600][88.605s][info][gc,stats    ]     CWR: CLDG Roots                 210 us, workers (us): 210, ---, ---, ---, ---, ---, 
[2026-04-03T02:31:58.745+0600][88.605s][info][gc,stats    ]   Rendezvous                        879 us
[2026-04-03T02:31:58.745+0600][88.605s][info][gc,stats    ] Concurrent Cleanup                  673 us
[2026-04-03T02:31:58.745+0600][88.605s][info][gc,stats    ] Concurrent Class Unloading        14480 us
[2026-04-03T02:31:58.745+0600][88.605s][info][gc,stats    ]   Unlink Stale                    13743 us
[2026-04-03T02:31:58.745+0600][88.605s][info][gc,stats    ]     System Dictionary               418 us
[2026-04-03T02:31:58.745+0600][88.605s][info][gc,stats    ]     Weak Class Links                  0 us
[2026-04-03T02:31:58.745+0600][88.605s][info][gc,stats    ]     Code Roots                    13322 us
[2026-04-03T02:31:58.745+0600][88.605s][info][gc,stats    ]   Rendezvous                        245 us
[2026-04-03T02:31:58.745+0600][88.605s][info][gc,stats    ]   Purge Unlinked                    393 us
[2026-04-03T02:31:58.745+0600][88.605s][info][gc,stats    ]     Code Roots                      384 us
[2026-04-03T02:31:58.745+0600][88.605s][info][gc,stats    ]     CLDG                              7 us
[2026-04-03T02:31:58.745+0600][88.605s][info][gc,stats    ]     Exception Caches                  0 us
[2026-04-03T02:31:58.745+0600][88.605s][info][gc,stats    ] Concurrent Strong Roots            1120 us, parallelism: 0.51x
[2026-04-03T02:31:58.745+0600][88.605s][info][gc,stats    ]   CSR: <total>                      575 us
[2026-04-03T02:31:58.745+0600][88.605s][info][gc,stats    ]   CSR: VM Strong Roots               44 us, workers (us):  40,   4,   0, ---, ---, ---, 
[2026-04-03T02:31:58.745+0600][88.605s][info][gc,stats    ]   CSR: CLDG Roots                   531 us, workers (us): ---, 531, ---, ---, ---, ---, 
[2026-04-03T02:31:58.745+0600][88.605s][info][gc,stats    ] Concurrent Evacuation              2004 us
[2026-04-03T02:31:58.745+0600][88.605s][info][gc,stats    ] Pause Init Update Refs (G)          345 us
[2026-04-03T02:31:58.745+0600][88.605s][info][gc,stats    ] Pause Init Update Refs (N)          151 us
[2026-04-03T02:31:58.745+0600][88.605s][info][gc,stats    ]   Manage GCLABs                      41 us
[2026-04-03T02:31:58.745+0600][88.605s][info][gc,stats    ] Concurrent Update Refs            42022 us
[2026-04-03T02:31:58.745+0600][88.605s][info][gc,stats    ] Concurrent Update Thread Roots     1878 us
[2026-04-03T02:31:58.745+0600][88.605s][info][gc,stats    ] Pause Final Update Refs (G)         568 us
[2026-04-03T02:31:58.745+0600][88.605s][info][gc,stats    ] Pause Final Update Refs (N)         262 us
[2026-04-03T02:31:58.746+0600][88.605s][info][gc,stats    ]   Update Region States               84 us
[2026-04-03T02:31:58.746+0600][88.605s][info][gc,stats    ]   Trash Collection Set               12 us
[2026-04-03T02:31:58.746+0600][88.605s][info][gc,stats    ]   Rebuild Free Set                   39 us
[2026-04-03T02:31:58.746+0600][88.605s][info][gc,stats    ] Concurrent Cleanup                  626 us
[2026-04-03T02:31:58.746+0600][88.605s][info][gc,stats    ] Pacing                           199677 us
[2026-04-03T02:31:58.746+0600][88.605s][info][gc,stats    ] 
[2026-04-03T02:31:58.746+0600][88.605s][info][gc,stats    ] Allocation pacing accrued:
[2026-04-03T02:31:58.746+0600][88.605s][info][gc,stats    ]      10 of   325 ms (  3.1%): dispatcher-BlockManagerMaster
[2026-04-03T02:31:58.746+0600][88.605s][info][gc,stats    ]      11 of   325 ms (  3.4%): Spark Context Cleaner
[2026-04-03T02:31:58.746+0600][88.605s][info][gc,stats    ]      38 of   325 ms ( 11.8%): Executor task launch worker for task 0.0 in stage 4289.0 (TID 7909)
[2026-04-03T02:31:58.746+0600][88.605s][info][gc,stats    ]      39 of   325 ms ( 12.1%): Executor task launch worker for task 3.0 in stage 4289.0 (TID 7912)
[2026-04-03T02:31:58.746+0600][88.605s][info][gc,stats    ]      39 of   325 ms ( 11.9%): Executor task launch worker for task 1.0 in stage 4289.0 (TID 7910)
[2026-04-03T02:31:58.746+0600][88.605s][info][gc,stats    ]      39 of   325 ms ( 12.1%): Executor task launch worker for task 2.0 in stage 4289.0 (TID 7911)
[2026-04-03T02:31:58.746+0600][88.605s][info][gc,stats    ]      11 of   325 ms (  3.5%): block-manager-ask-thread-pool-2
[2026-04-03T02:31:58.746+0600][88.605s][info][gc,stats    ]      11 of   325 ms (  3.4%): block-manager-storage-async-thread-pool-22
[2026-04-03T02:31:58.746+0600][88.605s][info][gc,stats    ]     200 of   325 ms ( 61.4%): <total>
[2026-04-03T02:31:58.746+0600][88.605s][info][gc,stats    ]       1 of   325 ms (  0.2%): <average total>
[2026-04-03T02:31:58.746+0600][88.605s][info][gc,stats    ]      25 of   325 ms (  7.7%): <average non-zero>
[2026-04-03T02:31:58.746+0600][88.605s][info][gc,stats    ] 
[2026-04-03T02:31:58.746+0600][88.605s][info][gc,metaspace] Metaspace: 131626K(132864K)->131627K(132864K) NonClass: 115150K(115712K)->115151K(115712K) Class: 16476K(17152K)->16476K(17152K)
[2026-04-03T02:31:58.746+0600][88.605s][info][gc,ergo     ] Pacer for Idle. Initial: 25600K, Alloc Tax Rate: 1.0x
[2026-04-03T02:31:59.267+0600][89.127s][info][gc          ] Trigger: Average GC time (172.66 ms) is above the time for average allocation rate (1107 MB/s) to deplete free headroom (190M) (margin of error = 1.96)
[2026-04-03T02:31:59.267+0600][89.127s][info][gc,ergo     ] Free headroom: 253M (free) - 64000K (spike) - 0B (penalties) = 190M
[2026-04-03T02:31:59.268+0600][89.127s][info][gc,ergo     ] Free: 252M, Max: 512K regular, 184M humongous, Frag: 27% external, 0% internal; Reserve: 64000K, Max: 512K
[2026-04-03T02:31:59.268+0600][89.127s][info][gc,start    ] GC(100) Concurrent reset
[2026-04-03T02:31:59.268+0600][89.127s][info][gc,task     ] GC(100) Using 3 of 6 workers for concurrent reset
[2026-04-03T02:31:59.268+0600][89.127s][info][gc,ergo     ] GC(100) Pacer for Reset. Non-Taxable: 1250M
[2026-04-03T02:31:59.268+0600][89.128s][info][gc          ] GC(100) Concurrent reset 0.812ms
[2026-04-03T02:31:59.269+0600][89.128s][info][gc,start    ] GC(100) Pause Init Mark (unload classes)
[2026-04-03T02:31:59.269+0600][89.128s][info][gc,task     ] GC(100) Using 6 of 6 workers for init marking
[2026-04-03T02:31:59.269+0600][89.128s][info][gc,ergo     ] GC(100) Pacer for Mark. Expected Live: 99415K, Free: 252M, Non-Taxable: 25835K, Alloc Tax Rate: 0.5x
[2026-04-03T02:31:59.269+0600][89.128s][info][gc          ] GC(100) Pause Init Mark (unload classes) 0.086ms
[2026-04-03T02:31:59.269+0600][89.128s][info][gc,start    ] GC(100) Concurrent marking roots
[2026-04-03T02:31:59.269+0600][89.128s][info][gc,task     ] GC(100) Using 3 of 6 workers for concurrent marking roots
[2026-04-03T02:31:59.270+0600][89.129s][info][gc          ] GC(100) Concurrent marking roots 1.136ms
[2026-04-03T02:31:59.270+0600][89.129s][info][gc,start    ] GC(100) Concurrent marking (unload classes)
[2026-04-03T02:31:59.270+0600][89.129s][info][gc,task     ] GC(100) Using 3 of 6 workers for concurrent marking
[2026-04-03T02:31:59.324+0600][89.183s][info][gc          ] GC(100) Concurrent marking (unload classes) 54.101ms
[2026-04-03T02:31:59.324+0600][89.183s][info][gc,start    ] GC(100) Pause Final Mark (unload classes)
[2026-04-03T02:31:59.324+0600][89.183s][info][gc,task     ] GC(100) Using 6 of 6 workers for final marking
[2026-04-03T02:31:59.325+0600][89.184s][info][gc,ergo     ] GC(100) Adaptive CSet Selection. Target Free: 177M, Actual Free: 850M, Max CSet: 53333K, Min Garbage: 0B
[2026-04-03T02:31:59.325+0600][89.184s][info][gc,ergo     ] GC(100) Collectable Garbage: 759M (98%), Immediate: 576M (75%), CSet: 182M (23%)
[2026-04-03T02:31:59.325+0600][89.184s][info][gc,ergo     ] GC(100) Pacer for Evacuation. Used CSet: 188M, Free: 863M, Non-Taxable: 88443K, Alloc Tax Rate: 1.1x
[2026-04-03T02:31:59.325+0600][89.184s][info][gc          ] GC(100) Pause Final Mark (unload classes) 0.700ms
[2026-04-03T02:31:59.325+0600][89.184s][info][gc,start    ] GC(100) Concurrent thread roots
[2026-04-03T02:31:59.325+0600][89.184s][info][gc,task     ] GC(100) Using 3 of 6 workers for Concurrent thread roots
[2026-04-03T02:31:59.326+0600][89.185s][info][gc          ] GC(100) Concurrent thread roots 0.873ms
[2026-04-03T02:31:59.326+0600][89.185s][info][gc,start    ] GC(100) Concurrent weak references
[2026-04-03T02:31:59.326+0600][89.185s][info][gc,task     ] GC(100) Using 3 of 6 workers for concurrent weak references
[2026-04-03T02:31:59.326+0600][89.186s][info][gc,ref      ] GC(100) Encountered references: Soft: 3792, Weak: 15376, Final: 84, Phantom: 621
[2026-04-03T02:31:59.326+0600][89.186s][info][gc,ref      ] GC(100) Discovered  references: Soft: 0, Weak: 8386, Final: 0, Phantom: 616
[2026-04-03T02:31:59.326+0600][89.186s][info][gc,ref      ] GC(100) Enqueued    references: Soft: 0, Weak: 400, Final: 0, Phantom: 0
[2026-04-03T02:31:59.326+0600][89.186s][info][gc          ] GC(100) Concurrent weak references 0.652ms
[2026-04-03T02:31:59.326+0600][89.186s][info][gc,start    ] GC(100) Concurrent weak roots
[2026-04-03T02:31:59.326+0600][89.186s][info][gc,task     ] GC(100) Using 3 of 6 workers for concurrent weak root
[2026-04-03T02:31:59.331+0600][89.190s][info][gc          ] GC(100) Concurrent weak roots 4.285ms
[2026-04-03T02:31:59.331+0600][89.190s][info][gc,start    ] GC(100) Concurrent cleanup
[2026-04-03T02:31:59.331+0600][89.191s][info][gc          ] GC(100) Concurrent cleanup 898M->322M(1049M) 0.734ms
[2026-04-03T02:31:59.332+0600][89.191s][info][gc,ergo     ] GC(100) Free: 858M, Max: 512K regular, 207M humongous, Frag: 76% external, 0% internal; Reserve: 63443K, Max: 512K
[2026-04-03T02:31:59.332+0600][89.191s][info][gc,start    ] GC(100) Concurrent class unloading
[2026-04-03T02:31:59.332+0600][89.191s][info][gc,task     ] GC(100) Using 3 of 6 workers for concurrent class unloading
[2026-04-03T02:31:59.351+0600][89.210s][info][gc          ] GC(100) Concurrent class unloading 19.458ms
[2026-04-03T02:31:59.351+0600][89.210s][info][gc,start    ] GC(100) Concurrent strong roots
[2026-04-03T02:31:59.351+0600][89.211s][info][gc,task     ] GC(100) Using 3 of 6 workers for concurrent strong root
[2026-04-03T02:31:59.353+0600][89.212s][info][gc          ] GC(100) Concurrent strong roots 1.426ms
[2026-04-03T02:31:59.353+0600][89.212s][info][gc,start    ] GC(100) Concurrent evacuation
[2026-04-03T02:31:59.353+0600][89.212s][info][gc,task     ] GC(100) Using 3 of 6 workers for concurrent evacuation
[2026-04-03T02:31:59.357+0600][89.216s][info][gc          ] GC(100) Concurrent evacuation 4.481ms
[2026-04-03T02:31:59.357+0600][89.217s][info][gc,start    ] GC(100) Pause Init Update Refs
[2026-04-03T02:31:59.357+0600][89.217s][info][gc,ergo     ] GC(100) Pacer for Update Refs. Used: 352M, Free: 834M, Non-Taxable: 85469K, Alloc Tax Rate: 1.1x
[2026-04-03T02:31:59.357+0600][89.217s][info][gc          ] GC(100) Pause Init Update Refs 0.136ms
[2026-04-03T02:31:59.358+0600][89.217s][info][gc,start    ] GC(100) Concurrent update references
[2026-04-03T02:31:59.358+0600][89.217s][info][gc,task     ] GC(100) Using 3 of 6 workers for concurrent reference update
[2026-04-03T02:31:59.403+0600][89.262s][info][gc          ] GC(100) Concurrent update references 45.080ms
[2026-04-03T02:31:59.403+0600][89.262s][info][gc,start    ] GC(100) Concurrent update thread roots
[2026-04-03T02:31:59.405+0600][89.264s][info][gc          ] GC(100) Concurrent update thread roots 2.105ms
[2026-04-03T02:31:59.405+0600][89.265s][info][gc,start    ] GC(100) Pause Final Update Refs
[2026-04-03T02:31:59.405+0600][89.265s][info][gc,task     ] GC(100) Using 6 of 6 workers for final reference update
[2026-04-03T02:31:59.405+0600][89.265s][info][gc          ] GC(100) Pause Final Update Refs 0.271ms
[2026-04-03T02:31:59.406+0600][89.265s][info][gc,start    ] GC(100) Concurrent cleanup
[2026-04-03T02:31:59.406+0600][89.266s][info][gc          ] GC(100) Concurrent cleanup 388M->200M(1049M) 0.673ms
[2026-04-03T02:31:59.406+0600][89.266s][info][gc,ergo     ] Free: 974M, Max: 512K regular, 478M humongous, Frag: 51% external, 0% internal; Reserve: 64000K, Max: 512K
[2026-04-03T02:31:59.406+0600][89.266s][info][gc,stats    ] 
[2026-04-03T02:31:59.407+0600][89.266s][info][gc,stats    ] All times are wall-clock times, except per-root-class counters, that are sum over
[2026-04-03T02:31:59.407+0600][89.266s][info][gc,stats    ] all workers. Dividing the <total> over the root stage time estimates parallelism.
[2026-04-03T02:31:59.407+0600][89.266s][info][gc,stats    ] 
[2026-04-03T02:31:59.407+0600][89.266s][info][gc,stats    ] Concurrent Reset                    849 us
[2026-04-03T02:31:59.407+0600][89.266s][info][gc,stats    ] Pause Init Mark (G)                 272 us
[2026-04-03T02:31:59.407+0600][89.266s][info][gc,stats    ] Pause Init Mark (N)                  95 us
[2026-04-03T02:31:59.407+0600][89.266s][info][gc,stats    ]   Update Region States               17 us
[2026-04-03T02:31:59.407+0600][89.266s][info][gc,stats    ] Concurrent Mark Roots              1162 us, parallelism: 2.00x
[2026-04-03T02:31:59.407+0600][89.266s][info][gc,stats    ]   CMR: <total>                     2326 us
[2026-04-03T02:31:59.407+0600][89.266s][info][gc,stats    ]   CMR: Thread Roots                2103 us, workers (us): 594, 754, 755, ---, ---, ---, 
[2026-04-03T02:31:59.407+0600][89.266s][info][gc,stats    ]   CMR: VM Strong Roots               32 us, workers (us):  30,   1,   1, ---, ---, ---, 
[2026-04-03T02:31:59.407+0600][89.266s][info][gc,stats    ]   CMR: CLDG Roots                   192 us, workers (us): 192, ---, ---, ---, ---, ---, 
[2026-04-03T02:31:59.407+0600][89.266s][info][gc,stats    ] Concurrent Marking                54174 us
[2026-04-03T02:31:59.407+0600][89.266s][info][gc,stats    ] Pause Final Mark (G)                778 us
[2026-04-03T02:31:59.407+0600][89.266s][info][gc,stats    ] Pause Final Mark (N)                711 us
[2026-04-03T02:31:59.407+0600][89.266s][info][gc,stats    ]   Finish Mark                       327 us
[2026-04-03T02:31:59.407+0600][89.266s][info][gc,stats    ]   Update Region States               35 us
[2026-04-03T02:31:59.407+0600][89.266s][info][gc,stats    ]   Choose Collection Set             191 us
[2026-04-03T02:31:59.407+0600][89.266s][info][gc,stats    ]   Rebuild Free Set                   41 us
[2026-04-03T02:31:59.407+0600][89.266s][info][gc,stats    ] Concurrent Thread Roots             894 us, parallelism: 2.38x
[2026-04-03T02:31:59.407+0600][89.266s][info][gc,stats    ]   CTR: <total>                     2128 us
[2026-04-03T02:31:59.407+0600][89.266s][info][gc,stats    ]   CTR: Thread Roots                2128 us, workers (us): 794, 674, 660, ---, ---, ---, 
[2026-04-03T02:31:59.407+0600][89.266s][info][gc,stats    ] Concurrent Weak References          663 us, parallelism: 1.33x
[2026-04-03T02:31:59.407+0600][89.266s][info][gc,stats    ]   CWRF: <total>                     881 us
[2026-04-03T02:31:59.407+0600][89.266s][info][gc,stats    ]   CWRF: Weak References             881 us, workers (us): 239, 550,  92, ---, ---, ---, 
[2026-04-03T02:31:59.407+0600][89.266s][info][gc,stats    ] Concurrent Weak Roots              4394 us
[2026-04-03T02:31:59.407+0600][89.266s][info][gc,stats    ]   Roots                            3763 us, parallelism: 2.72x
[2026-04-03T02:31:59.407+0600][89.266s][info][gc,stats    ]     CWR: <total>                  10224 us
[2026-04-03T02:31:59.407+0600][89.266s][info][gc,stats    ]     CWR: Code Cache Roots          7639 us, workers (us): 2574, 2455, 2610, ---, ---, ---, 
[2026-04-03T02:31:59.407+0600][89.266s][info][gc,stats    ]     CWR: VM Weak Roots             2411 us, workers (us): 806, 803, 803, ---, ---, ---, 
[2026-04-03T02:31:59.407+0600][89.266s][info][gc,stats    ]     CWR: CLDG Roots                 174 us, workers (us): ---, 174, ---, ---, ---, ---, 
[2026-04-03T02:31:59.407+0600][89.266s][info][gc,stats    ]   Rendezvous                        496 us
[2026-04-03T02:31:59.407+0600][89.266s][info][gc,stats    ] Concurrent Cleanup                  780 us
[2026-04-03T02:31:59.407+0600][89.266s][info][gc,stats    ] Concurrent Class Unloading        19579 us
[2026-04-03T02:31:59.407+0600][89.266s][info][gc,stats    ]   Unlink Stale                    18020 us
[2026-04-03T02:31:59.407+0600][89.266s][info][gc,stats    ]     System Dictionary               282 us
[2026-04-03T02:31:59.407+0600][89.266s][info][gc,stats    ]     Weak Class Links                  0 us
[2026-04-03T02:31:59.407+0600][89.266s][info][gc,stats    ]     Code Roots                    17733 us
[2026-04-03T02:31:59.407+0600][89.266s][info][gc,stats    ]   Rendezvous                        612 us
[2026-04-03T02:31:59.407+0600][89.266s][info][gc,stats    ]   Purge Unlinked                    786 us
[2026-04-03T02:31:59.407+0600][89.266s][info][gc,stats    ]     Code Roots                      764 us
[2026-04-03T02:31:59.407+0600][89.266s][info][gc,stats    ]     CLDG                             20 us
[2026-04-03T02:31:59.407+0600][89.266s][info][gc,stats    ]     Exception Caches                  0 us
[2026-04-03T02:31:59.407+0600][89.266s][info][gc,stats    ] Concurrent Strong Roots            1486 us, parallelism: 0.71x
[2026-04-03T02:31:59.407+0600][89.266s][info][gc,stats    ]   CSR: <total>                     1053 us
[2026-04-03T02:31:59.407+0600][89.266s][info][gc,stats    ]   CSR: VM Strong Roots               63 us, workers (us):  33,  17,  13, ---, ---, ---, 
[2026-04-03T02:31:59.407+0600][89.267s][info][gc,stats    ]   CSR: CLDG Roots                   990 us, workers (us): ---, ---, 990, ---, ---, ---, 
[2026-04-03T02:31:59.407+0600][89.267s][info][gc,stats    ] Concurrent Evacuation              4548 us
[2026-04-03T02:31:59.407+0600][89.267s][info][gc,stats    ] Pause Init Update Refs (G)          296 us
[2026-04-03T02:31:59.407+0600][89.267s][info][gc,stats    ] Pause Init Update Refs (N)          149 us
[2026-04-03T02:31:59.407+0600][89.267s][info][gc,stats    ]   Manage GCLABs                      37 us
[2026-04-03T02:31:59.407+0600][89.267s][info][gc,stats    ] Concurrent Update Refs            45170 us
[2026-04-03T02:31:59.407+0600][89.267s][info][gc,stats    ] Concurrent Update Thread Roots     2203 us
[2026-04-03T02:31:59.407+0600][89.267s][info][gc,stats    ] Pause Final Update Refs (G)         767 us
[2026-04-03T02:31:59.407+0600][89.267s][info][gc,stats    ] Pause Final Update Refs (N)         285 us
[2026-04-03T02:31:59.407+0600][89.267s][info][gc,stats    ]   Update Region States               58 us
[2026-04-03T02:31:59.407+0600][89.267s][info][gc,stats    ]   Trash Collection Set               21 us
[2026-04-03T02:31:59.407+0600][89.267s][info][gc,stats    ]   Rebuild Free Set                   45 us
[2026-04-03T02:31:59.407+0600][89.267s][info][gc,stats    ] Concurrent Cleanup                  711 us
[2026-04-03T02:31:59.407+0600][89.267s][info][gc,stats    ] Pacing                            11256 us
[2026-04-03T02:31:59.407+0600][89.267s][info][gc,stats    ] 
[2026-04-03T02:31:59.407+0600][89.267s][info][gc,stats    ] Allocation pacing accrued:
[2026-04-03T02:31:59.407+0600][89.267s][info][gc,stats    ]      11 of   662 ms (  1.7%): dag-scheduler-event-loop
[2026-04-03T02:31:59.407+0600][89.267s][info][gc,stats    ]      11 of   662 ms (  1.7%): <total>
[2026-04-03T02:31:59.407+0600][89.267s][info][gc,stats    ]       0 of   662 ms (  0.0%): <average total>
[2026-04-03T02:31:59.407+0600][89.267s][info][gc,stats    ]      11 of   662 ms (  1.7%): <average non-zero>
[2026-04-03T02:31:59.407+0600][89.267s][info][gc,stats    ] 
[2026-04-03T02:31:59.408+0600][89.267s][info][gc,metaspace] Metaspace: 131637K(132928K)->131637K(132928K) NonClass: 115161K(115776K)->115161K(115776K) Class: 16476K(17152K)->16476K(17152K)
[2026-04-03T02:31:59.408+0600][89.267s][info][gc,ergo     ] Pacer for Idle. Initial: 25600K, Alloc Tax Rate: 1.0x
[2026-04-03T02:32:00.042+0600][89.901s][info][gc          ] Trigger: Average GC time (163.06 ms) is above the time for average allocation rate (1028 MB/s) to deplete free headroom (167M) (margin of error = 1.95)
[2026-04-03T02:32:00.042+0600][89.901s][info][gc,ergo     ] Free headroom: 230M (free) - 64000K (spike) - 0B (penalties) = 167M
[2026-04-03T02:32:00.042+0600][89.901s][info][gc,ergo     ] Free: 230M, Max: 512K regular, 208M humongous, Frag: 9% external, 1% internal; Reserve: 64000K, Max: 512K
[2026-04-03T02:32:00.042+0600][89.901s][info][gc,start    ] GC(101) Concurrent reset
[2026-04-03T02:32:00.042+0600][89.901s][info][gc,task     ] GC(101) Using 3 of 6 workers for concurrent reset
[2026-04-03T02:32:00.042+0600][89.901s][info][gc,ergo     ] GC(101) Pacer for Reset. Non-Taxable: 1250M
[2026-04-03T02:32:00.043+0600][89.903s][info][gc          ] GC(101) Concurrent reset 1.052ms
[2026-04-03T02:32:00.043+0600][89.903s][info][gc,start    ] GC(101) Pause Init Mark (unload classes)
[2026-04-03T02:32:00.043+0600][89.903s][info][gc,task     ] GC(101) Using 6 of 6 workers for init marking
[2026-04-03T02:32:00.044+0600][89.903s][info][gc,ergo     ] GC(101) Pacer for Mark. Expected Live: 98842K, Free: 229M, Non-Taxable: 23517K, Alloc Tax Rate: 0.5x
[2026-04-03T02:32:00.044+0600][89.903s][info][gc          ] GC(101) Pause Init Mark (unload classes) 0.113ms
[2026-04-03T02:32:00.044+0600][89.903s][info][gc,start    ] GC(101) Concurrent marking roots
[2026-04-03T02:32:00.044+0600][89.903s][info][gc,task     ] GC(101) Using 3 of 6 workers for concurrent marking roots
[2026-04-03T02:32:00.045+0600][89.904s][info][gc          ] GC(101) Concurrent marking roots 1.058ms
[2026-04-03T02:32:00.045+0600][89.904s][info][gc,start    ] GC(101) Concurrent marking (unload classes)
[2026-04-03T02:32:00.045+0600][89.904s][info][gc,task     ] GC(101) Using 3 of 6 workers for concurrent marking
[2026-04-03T02:32:00.106+0600][89.965s][info][gc          ] GC(101) Concurrent marking (unload classes) 60.912ms
[2026-04-03T02:32:00.106+0600][89.965s][info][gc,start    ] GC(101) Pause Final Mark (unload classes)
[2026-04-03T02:32:00.106+0600][89.965s][info][gc,task     ] GC(101) Using 6 of 6 workers for final marking
[2026-04-03T02:32:00.106+0600][89.966s][info][gc,ergo     ] GC(101) Adaptive CSet Selection. Target Free: 177M, Actual Free: 852M, Max CSet: 53333K, Min Garbage: 0B
[2026-04-03T02:32:00.106+0600][89.966s][info][gc,ergo     ] GC(101) Collectable Garbage: 769M (98%), Immediate: 597M (76%), CSet: 171M (22%)
[2026-04-03T02:32:00.106+0600][89.966s][info][gc,ergo     ] GC(101) Pacer for Evacuation. Used CSet: 178M, Free: 875M, Non-Taxable: 89631K, Alloc Tax Rate: 1.1x
[2026-04-03T02:32:00.106+0600][89.966s][info][gc          ] GC(101) Pause Final Mark (unload classes) 0.664ms
[2026-04-03T02:32:00.107+0600][89.966s][info][gc,start    ] GC(101) Concurrent thread roots
[2026-04-03T02:32:00.107+0600][89.966s][info][gc,task     ] GC(101) Using 3 of 6 workers for Concurrent thread roots
[2026-04-03T02:32:00.108+0600][89.967s][info][gc          ] GC(101) Concurrent thread roots 1.191ms
[2026-04-03T02:32:00.108+0600][89.967s][info][gc,start    ] GC(101) Concurrent weak references
[2026-04-03T02:32:00.108+0600][89.967s][info][gc,task     ] GC(101) Using 3 of 6 workers for concurrent weak references
[2026-04-03T02:32:00.109+0600][89.968s][info][gc,ref      ] GC(101) Encountered references: Soft: 3784, Weak: 16558, Final: 84, Phantom: 621
[2026-04-03T02:32:00.109+0600][89.968s][info][gc,ref      ] GC(101) Discovered  references: Soft: 0, Weak: 10201, Final: 0, Phantom: 616
[2026-04-03T02:32:00.109+0600][89.968s][info][gc,ref      ] GC(101) Enqueued    references: Soft: 0, Weak: 1740, Final: 0, Phantom: 0
[2026-04-03T02:32:00.109+0600][89.968s][info][gc          ] GC(101) Concurrent weak references 1.043ms
[2026-04-03T02:32:00.109+0600][89.968s][info][gc,start    ] GC(101) Concurrent weak roots
[2026-04-03T02:32:00.109+0600][89.968s][info][gc,task     ] GC(101) Using 3 of 6 workers for concurrent weak root
[2026-04-03T02:32:00.114+0600][89.974s][info][gc          ] GC(101) Concurrent weak roots 5.423ms
[2026-04-03T02:32:00.114+0600][89.974s][info][gc,start    ] GC(101) Concurrent cleanup
[2026-04-03T02:32:00.115+0600][89.975s][info][gc          ] GC(101) Concurrent cleanup 917M->319M(1049M) 0.767ms
[2026-04-03T02:32:00.115+0600][89.975s][info][gc,ergo     ] GC(101) Free: 865M, Max: 512K regular, 183M humongous, Frag: 79% external, 0% internal; Reserve: 63381K, Max: 512K
[2026-04-03T02:32:00.115+0600][89.975s][info][gc,start    ] GC(101) Concurrent class unloading
[2026-04-03T02:32:00.115+0600][89.975s][info][gc,task     ] GC(101) Using 3 of 6 workers for concurrent class unloading
[2026-04-03T02:32:00.135+0600][89.995s][info][gc          ] GC(101) Concurrent class unloading 19.971ms
[2026-04-03T02:32:00.135+0600][89.995s][info][gc,start    ] GC(101) Concurrent strong roots
[2026-04-03T02:32:00.135+0600][89.995s][info][gc,task     ] GC(101) Using 3 of 6 workers for concurrent strong root
[2026-04-03T02:32:00.137+0600][89.996s][info][gc          ] GC(101) Concurrent strong roots 1.224ms
[2026-04-03T02:32:00.137+0600][89.996s][info][gc,start    ] GC(101) Concurrent evacuation
[2026-04-03T02:32:00.137+0600][89.996s][info][gc,task     ] GC(101) Using 3 of 6 workers for concurrent evacuation
[2026-04-03T02:32:00.140+0600][89.999s][info][gc          ] GC(101) Concurrent evacuation 3.189ms
[2026-04-03T02:32:00.140+0600][89.999s][info][gc,start    ] GC(101) Pause Init Update Refs
[2026-04-03T02:32:00.140+0600][90.000s][info][gc,ergo     ] GC(101) Pacer for Update Refs. Used: 348M, Free: 840M, Non-Taxable: 86032K, Alloc Tax Rate: 1.1x
[2026-04-03T02:32:00.140+0600][90.000s][info][gc          ] GC(101) Pause Init Update Refs 0.146ms
[2026-04-03T02:32:00.140+0600][90.000s][info][gc,start    ] GC(101) Concurrent update references
[2026-04-03T02:32:00.141+0600][90.000s][info][gc,task     ] GC(101) Using 3 of 6 workers for concurrent reference update
[2026-04-03T02:32:00.193+0600][90.052s][info][gc          ] GC(101) Concurrent update references 52.661ms
[2026-04-03T02:32:00.193+0600][90.052s][info][gc,start    ] GC(101) Concurrent update thread roots
[2026-04-03T02:32:00.195+0600][90.054s][info][gc          ] GC(101) Concurrent update thread roots 1.753ms
[2026-04-03T02:32:00.195+0600][90.054s][info][gc,start    ] GC(101) Pause Final Update Refs
[2026-04-03T02:32:00.195+0600][90.054s][info][gc,task     ] GC(101) Using 6 of 6 workers for final reference update
[2026-04-03T02:32:00.195+0600][90.055s][info][gc          ] GC(101) Pause Final Update Refs 0.181ms
[2026-04-03T02:32:00.195+0600][90.055s][info][gc,start    ] GC(101) Concurrent cleanup
[2026-04-03T02:32:00.196+0600][90.055s][info][gc          ] GC(101) Concurrent cleanup 390M->213M(1049M) 0.585ms
[2026-04-03T02:32:00.196+0600][90.055s][info][gc,ergo     ] Free: 967M, Max: 512K regular, 458M humongous, Frag: 53% external, 0% internal; Reserve: 64000K, Max: 512K
[2026-04-03T02:32:00.196+0600][90.055s][info][gc,stats    ] 
[2026-04-03T02:32:00.196+0600][90.055s][info][gc,stats    ] All times are wall-clock times, except per-root-class counters, that are sum over
[2026-04-03T02:32:00.196+0600][90.055s][info][gc,stats    ] all workers. Dividing the <total> over the root stage time estimates parallelism.
[2026-04-03T02:32:00.196+0600][90.055s][info][gc,stats    ] 
[2026-04-03T02:32:00.196+0600][90.056s][info][gc,stats    ] Concurrent Reset                   1100 us
[2026-04-03T02:32:00.196+0600][90.056s][info][gc,stats    ] Pause Init Mark (G)                 322 us
[2026-04-03T02:32:00.196+0600][90.056s][info][gc,stats    ] Pause Init Mark (N)                 121 us
[2026-04-03T02:32:00.196+0600][90.056s][info][gc,stats    ]   Update Region States               23 us
[2026-04-03T02:32:00.196+0600][90.056s][info][gc,stats    ] Concurrent Mark Roots              1095 us, parallelism: 1.64x
[2026-04-03T02:32:00.196+0600][90.056s][info][gc,stats    ]   CMR: <total>                     1799 us
[2026-04-03T02:32:00.196+0600][90.056s][info][gc,stats    ]   CMR: Thread Roots                1509 us, workers (us): 343, 589, 577, ---, ---, ---, 
[2026-04-03T02:32:00.196+0600][90.056s][info][gc,stats    ]   CMR: VM Strong Roots               40 us, workers (us):  38,   1,   1, ---, ---, ---, 
[2026-04-03T02:32:00.196+0600][90.056s][info][gc,stats    ]   CMR: CLDG Roots                   251 us, workers (us): 251, ---, ---, ---, ---, ---, 
[2026-04-03T02:32:00.196+0600][90.056s][info][gc,stats    ] Concurrent Marking                60984 us
[2026-04-03T02:32:00.196+0600][90.056s][info][gc,stats    ] Pause Final Mark (G)                974 us
[2026-04-03T02:32:00.196+0600][90.056s][info][gc,stats    ] Pause Final Mark (N)                677 us
[2026-04-03T02:32:00.196+0600][90.056s][info][gc,stats    ]   Finish Mark                       278 us
[2026-04-03T02:32:00.196+0600][90.056s][info][gc,stats    ]   Update Region States               38 us
[2026-04-03T02:32:00.196+0600][90.056s][info][gc,stats    ]   Choose Collection Set             219 us
[2026-04-03T02:32:00.196+0600][90.056s][info][gc,stats    ]   Rebuild Free Set                   35 us
[2026-04-03T02:32:00.196+0600][90.056s][info][gc,stats    ] Concurrent Thread Roots            1241 us, parallelism: 2.14x
[2026-04-03T02:32:00.196+0600][90.056s][info][gc,stats    ]   CTR: <total>                     2653 us
[2026-04-03T02:32:00.196+0600][90.056s][info][gc,stats    ]   CTR: Thread Roots                2653 us, workers (us): 911, 914, 827, ---, ---, ---, 
[2026-04-03T02:32:00.196+0600][90.056s][info][gc,stats    ] Concurrent Weak References         1053 us, parallelism: 1.03x
[2026-04-03T02:32:00.196+0600][90.056s][info][gc,stats    ]   CWRF: <total>                    1080 us
[2026-04-03T02:32:00.196+0600][90.056s][info][gc,stats    ]   CWRF: Weak References            1080 us, workers (us): 100, 728, 253, ---, ---, ---, 
[2026-04-03T02:32:00.196+0600][90.056s][info][gc,stats    ] Concurrent Weak Roots              5516 us
[2026-04-03T02:32:00.197+0600][90.056s][info][gc,stats    ]   Roots                            4797 us, parallelism: 2.28x
[2026-04-03T02:32:00.197+0600][90.056s][info][gc,stats    ]     CWR: <total>                  10943 us
[2026-04-03T02:32:00.197+0600][90.056s][info][gc,stats    ]     CWR: Code Cache Roots          8118 us, workers (us): 3009, 3163, 1946, ---, ---, ---, 
[2026-04-03T02:32:00.197+0600][90.056s][info][gc,stats    ]     CWR: VM Weak Roots             2616 us, workers (us): 1307, 1307,   2, ---, ---, ---, 
[2026-04-03T02:32:00.197+0600][90.056s][info][gc,stats    ]     CWR: CLDG Roots                 209 us, workers (us): 209, ---, ---, ---, ---, ---, 
[2026-04-03T02:32:00.197+0600][90.056s][info][gc,stats    ]   Rendezvous                        603 us
[2026-04-03T02:32:00.197+0600][90.056s][info][gc,stats    ] Concurrent Cleanup                  795 us
[2026-04-03T02:32:00.197+0600][90.056s][info][gc,stats    ] Concurrent Class Unloading        20052 us
[2026-04-03T02:32:00.197+0600][90.056s][info][gc,stats    ]   Unlink Stale                    18297 us
[2026-04-03T02:32:00.197+0600][90.056s][info][gc,stats    ]     System Dictionary               282 us
[2026-04-03T02:32:00.197+0600][90.056s][info][gc,stats    ]     Weak Class Links                  1 us
[2026-04-03T02:32:00.197+0600][90.056s][info][gc,stats    ]     Code Roots                    18012 us
[2026-04-03T02:32:00.197+0600][90.056s][info][gc,stats    ]   Rendezvous                        315 us
[2026-04-03T02:32:00.197+0600][90.056s][info][gc,stats    ]   Purge Unlinked                   1323 us
[2026-04-03T02:32:00.197+0600][90.056s][info][gc,stats    ]     Code Roots                     1309 us
[2026-04-03T02:32:00.197+0600][90.056s][info][gc,stats    ]     CLDG                             13 us
[2026-04-03T02:32:00.197+0600][90.056s][info][gc,stats    ]     Exception Caches                  1 us
[2026-04-03T02:32:00.197+0600][90.056s][info][gc,stats    ] Concurrent Strong Roots            1244 us, parallelism: 0.69x
[2026-04-03T02:32:00.197+0600][90.056s][info][gc,stats    ]   CSR: <total>                      852 us
[2026-04-03T02:32:00.197+0600][90.056s][info][gc,stats    ]   CSR: VM Strong Roots               54 us, workers (us):  24,  14,  16, ---, ---, ---, 
[2026-04-03T02:32:00.197+0600][90.056s][info][gc,stats    ]   CSR: CLDG Roots                   798 us, workers (us): ---, 798, ---, ---, ---, ---, 
[2026-04-03T02:32:00.197+0600][90.056s][info][gc,stats    ] Concurrent Evacuation              3267 us
[2026-04-03T02:32:00.197+0600][90.056s][info][gc,stats    ] Pause Init Update Refs (G)          534 us
[2026-04-03T02:32:00.197+0600][90.056s][info][gc,stats    ] Pause Init Update Refs (N)          159 us
[2026-04-03T02:32:00.197+0600][90.056s][info][gc,stats    ]   Manage GCLABs                      63 us
[2026-04-03T02:32:00.197+0600][90.056s][info][gc,stats    ] Concurrent Update Refs            52751 us
[2026-04-03T02:32:00.197+0600][90.056s][info][gc,stats    ] Concurrent Update Thread Roots     1800 us
[2026-04-03T02:32:00.197+0600][90.056s][info][gc,stats    ] Pause Final Update Refs (G)         448 us
[2026-04-03T02:32:00.197+0600][90.056s][info][gc,stats    ] Pause Final Update Refs (N)         199 us
[2026-04-03T02:32:00.197+0600][90.056s][info][gc,stats    ]   Update Region States               46 us
[2026-04-03T02:32:00.197+0600][90.056s][info][gc,stats    ]   Trash Collection Set               18 us
[2026-04-03T02:32:00.197+0600][90.056s][info][gc,stats    ]   Rebuild Free Set                   38 us
[2026-04-03T02:32:00.197+0600][90.056s][info][gc,stats    ] Concurrent Cleanup                  618 us
[2026-04-03T02:32:00.197+0600][90.056s][info][gc,stats    ] Pacing                           170621 us
[2026-04-03T02:32:00.197+0600][90.056s][info][gc,stats    ] 
[2026-04-03T02:32:00.197+0600][90.056s][info][gc,stats    ] Allocation pacing accrued:
[2026-04-03T02:32:00.197+0600][90.056s][info][gc,stats    ]      21 of   790 ms (  2.7%): Executor task launch worker for task 6.0 in stage 4431.0 (TID 8131)
[2026-04-03T02:32:00.197+0600][90.056s][info][gc,stats    ]      21 of   790 ms (  2.7%): Executor task launch worker for task 3.0 in stage 4431.0 (TID 8128)
[2026-04-03T02:32:00.197+0600][90.056s][info][gc,stats    ]      21 of   790 ms (  2.7%): Executor task launch worker for task 5.0 in stage 4431.0 (TID 8130)
[2026-04-03T02:32:00.197+0600][90.056s][info][gc,stats    ]      21 of   790 ms (  2.7%): Executor task launch worker for task 7.0 in stage 4431.0 (TID 8132)
[2026-04-03T02:32:00.197+0600][90.056s][info][gc,stats    ]      21 of   790 ms (  2.7%): Executor task launch worker for task 1.0 in stage 4431.0 (TID 8126)
[2026-04-03T02:32:00.197+0600][90.056s][info][gc,stats    ]      21 of   790 ms (  2.7%): Executor task launch worker for task 2.0 in stage 4431.0 (TID 8127)
[2026-04-03T02:32:00.197+0600][90.056s][info][gc,stats    ]      22 of   790 ms (  2.7%): Executor task launch worker for task 4.0 in stage 4431.0 (TID 8129)
[2026-04-03T02:32:00.197+0600][90.056s][info][gc,stats    ]      21 of   790 ms (  2.7%): Executor task launch worker for task 0.0 in stage 4431.0 (TID 8125)
[2026-04-03T02:32:00.197+0600][90.056s][info][gc,stats    ]     171 of   790 ms ( 21.6%): <total>
[2026-04-03T02:32:00.197+0600][90.056s][info][gc,stats    ]       1 of   790 ms (  0.1%): <average total>
[2026-04-03T02:32:00.197+0600][90.056s][info][gc,stats    ]      21 of   790 ms (  2.7%): <average non-zero>
[2026-04-03T02:32:00.197+0600][90.056s][info][gc,stats    ] 
[2026-04-03T02:32:00.197+0600][90.056s][info][gc,metaspace] Metaspace: 131639K(132928K)->131640K(132928K) NonClass: 115163K(115776K)->115164K(115776K) Class: 16476K(17152K)->16476K(17152K)
[2026-04-03T02:32:00.197+0600][90.056s][info][gc,ergo     ] Pacer for Idle. Initial: 25600K, Alloc Tax Rate: 1.0x
[2026-04-03T02:32:00.469+0600][90.329s][info][gc          ] Trigger: Average GC time (169.44 ms) is above the time for average allocation rate (1500 MB/s) to deplete free headroom (247M) (margin of error = 1.95)
[2026-04-03T02:32:00.469+0600][90.329s][info][gc,ergo     ] Free headroom: 310M (free) - 64000K (spike) - 0B (penalties) = 247M
[2026-04-03T02:32:00.469+0600][90.329s][info][gc,ergo     ] Free: 310M, Max: 512K regular, 180M humongous, Frag: 42% external, 0% internal; Reserve: 64000K, Max: 512K
[2026-04-03T02:32:00.469+0600][90.329s][info][gc,start    ] GC(102) Concurrent reset
[2026-04-03T02:32:00.469+0600][90.329s][info][gc,task     ] GC(102) Using 3 of 6 workers for concurrent reset
[2026-04-03T02:32:00.469+0600][90.329s][info][gc,ergo     ] GC(102) Pacer for Reset. Non-Taxable: 1250M
[2026-04-03T02:32:00.471+0600][90.330s][info][gc          ] GC(102) Concurrent reset 1.193ms
[2026-04-03T02:32:00.471+0600][90.331s][info][gc,start    ] GC(102) Pause Init Mark (unload classes)
[2026-04-03T02:32:00.472+0600][90.331s][info][gc,task     ] GC(102) Using 6 of 6 workers for init marking
[2026-04-03T02:32:00.472+0600][90.331s][info][gc,ergo     ] GC(102) Pacer for Mark. Expected Live: 95433K, Free: 285M, Non-Taxable: 29260K, Alloc Tax Rate: 0.4x
[2026-04-03T02:32:00.472+0600][90.331s][info][gc          ] GC(102) Pause Init Mark (unload classes) 0.135ms
[2026-04-03T02:32:00.472+0600][90.331s][info][gc,start    ] GC(102) Concurrent marking roots
[2026-04-03T02:32:00.472+0600][90.331s][info][gc,task     ] GC(102) Using 3 of 6 workers for concurrent marking roots
[2026-04-03T02:32:00.473+0600][90.333s][info][gc          ] GC(102) Concurrent marking roots 1.673ms
[2026-04-03T02:32:00.474+0600][90.333s][info][gc,start    ] GC(102) Concurrent marking (unload classes)
[2026-04-03T02:32:00.474+0600][90.333s][info][gc,task     ] GC(102) Using 3 of 6 workers for concurrent marking
[2026-04-03T02:32:00.516+0600][90.376s][info][gc          ] GC(102) Concurrent marking (unload classes) 42.864ms
[2026-04-03T02:32:00.517+0600][90.376s][info][gc,start    ] GC(102) Pause Final Mark (unload classes)
[2026-04-03T02:32:00.517+0600][90.376s][info][gc,task     ] GC(102) Using 6 of 6 workers for final marking
[2026-04-03T02:32:00.517+0600][90.376s][info][gc,ergo     ] GC(102) Adaptive CSet Selection. Target Free: 177M, Actual Free: 915M, Max CSet: 53333K, Min Garbage: 0B
[2026-04-03T02:32:00.517+0600][90.376s][info][gc,ergo     ] GC(102) Collectable Garbage: 720M (98%), Immediate: 636M (87%), CSet: 86062K (11%)
[2026-04-03T02:32:00.517+0600][90.376s][info][gc,ergo     ] GC(102) Pacer for Evacuation. Used CSet: 91611K, Free: 916M, Non-Taxable: 93855K, Alloc Tax Rate: 1.1x
[2026-04-03T02:32:00.517+0600][90.376s][info][gc          ] GC(102) Pause Final Mark (unload classes) 0.656ms
[2026-04-03T02:32:00.517+0600][90.377s][info][gc,start    ] GC(102) Concurrent thread roots
[2026-04-03T02:32:00.517+0600][90.377s][info][gc,task     ] GC(102) Using 3 of 6 workers for Concurrent thread roots
[2026-04-03T02:32:00.518+0600][90.378s][info][gc          ] GC(102) Concurrent thread roots 1.146ms
[2026-04-03T02:32:00.518+0600][90.378s][info][gc,start    ] GC(102) Concurrent weak references
[2026-04-03T02:32:00.518+0600][90.378s][info][gc,task     ] GC(102) Using 3 of 6 workers for concurrent weak references
[2026-04-03T02:32:00.519+0600][90.378s][info][gc,ref      ] GC(102) Encountered references: Soft: 3788, Weak: 15452, Final: 84, Phantom: 628
[2026-04-03T02:32:00.519+0600][90.378s][info][gc,ref      ] GC(102) Discovered  references: Soft: 0, Weak: 4723, Final: 0, Phantom: 230
[2026-04-03T02:32:00.519+0600][90.378s][info][gc,ref      ] GC(102) Enqueued    references: Soft: 0, Weak: 815, Final: 0, Phantom: 0
[2026-04-03T02:32:00.519+0600][90.378s][info][gc          ] GC(102) Concurrent weak references 0.579ms
[2026-04-03T02:32:00.519+0600][90.378s][info][gc,start    ] GC(102) Concurrent weak roots
[2026-04-03T02:32:00.519+0600][90.378s][info][gc,task     ] GC(102) Using 3 of 6 workers for concurrent weak root
[2026-04-03T02:32:00.531+0600][90.390s][info][gc          ] GC(102) Concurrent weak roots 11.530ms
[2026-04-03T02:32:00.531+0600][90.390s][info][gc,start    ] GC(102) Concurrent cleanup
[2026-04-03T02:32:00.532+0600][90.391s][info][gc          ] GC(102) Concurrent cleanup 982M->354M(1082M) 1.038ms
[2026-04-03T02:32:00.532+0600][90.391s][info][gc,ergo     ] GC(102) Free: 812M, Max: 512K regular, 267M humongous, Frag: 68% external, 0% internal; Reserve: 62973K, Max: 512K
[2026-04-03T02:32:00.532+0600][90.391s][info][gc,start    ] GC(102) Concurrent class unloading
[2026-04-03T02:32:00.532+0600][90.391s][info][gc,task     ] GC(102) Using 3 of 6 workers for concurrent class unloading
[2026-04-03T02:32:00.547+0600][90.407s][info][gc          ] GC(102) Concurrent class unloading 15.356ms
[2026-04-03T02:32:00.547+0600][90.407s][info][gc,start    ] GC(102) Concurrent strong roots
[2026-04-03T02:32:00.547+0600][90.407s][info][gc,task     ] GC(102) Using 3 of 6 workers for concurrent strong root
[2026-04-03T02:32:00.548+0600][90.408s][info][gc          ] GC(102) Concurrent strong roots 1.043ms
[2026-04-03T02:32:00.548+0600][90.408s][info][gc,start    ] GC(102) Concurrent evacuation
[2026-04-03T02:32:00.548+0600][90.408s][info][gc,task     ] GC(102) Using 3 of 6 workers for concurrent evacuation
[2026-04-03T02:32:00.550+0600][90.410s][info][gc          ] GC(102) Concurrent evacuation 1.952ms
[2026-04-03T02:32:00.551+0600][90.410s][info][gc,start    ] GC(102) Pause Init Update Refs
[2026-04-03T02:32:00.551+0600][90.410s][info][gc,ergo     ] GC(102) Pacer for Update Refs. Used: 377M, Free: 793M, Non-Taxable: 81220K, Alloc Tax Rate: 1.1x
[2026-04-03T02:32:00.551+0600][90.410s][info][gc          ] GC(102) Pause Init Update Refs 0.140ms
[2026-04-03T02:32:00.551+0600][90.410s][info][gc,start    ] GC(102) Concurrent update references
[2026-04-03T02:32:00.551+0600][90.410s][info][gc,task     ] GC(102) Using 3 of 6 workers for concurrent reference update
[2026-04-03T02:32:00.597+0600][90.456s][info][gc          ] GC(102) Concurrent update references 45.937ms
[2026-04-03T02:32:00.597+0600][90.456s][info][gc,start    ] GC(102) Concurrent update thread roots
[2026-04-03T02:32:00.599+0600][90.458s][info][gc          ] GC(102) Concurrent update thread roots 1.730ms
[2026-04-03T02:32:00.599+0600][90.459s][info][gc,start    ] GC(102) Pause Final Update Refs
[2026-04-03T02:32:00.599+0600][90.459s][info][gc,task     ] GC(102) Using 6 of 6 workers for final reference update
[2026-04-03T02:32:00.599+0600][90.459s][info][gc          ] GC(102) Pause Final Update Refs 0.189ms
[2026-04-03T02:32:00.599+0600][90.459s][info][gc,start    ] GC(102) Concurrent cleanup
[2026-04-03T02:32:00.600+0600][90.459s][info][gc          ] GC(102) Concurrent cleanup 475M->386M(1082M) 0.483ms
[2026-04-03T02:32:00.600+0600][90.459s][info][gc,ergo     ] Free: 767M, Max: 512K regular, 384M humongous, Frag: 50% external, 0% internal; Reserve: 64000K, Max: 512K
[2026-04-03T02:32:00.600+0600][90.459s][info][gc,stats    ] 
[2026-04-03T02:32:00.600+0600][90.459s][info][gc,stats    ] All times are wall-clock times, except per-root-class counters, that are sum over
[2026-04-03T02:32:00.600+0600][90.459s][info][gc,stats    ] all workers. Dividing the <total> over the root stage time estimates parallelism.
[2026-04-03T02:32:00.600+0600][90.459s][info][gc,stats    ] 
[2026-04-03T02:32:00.600+0600][90.459s][info][gc,stats    ] Concurrent Reset                   1300 us
[2026-04-03T02:32:00.600+0600][90.459s][info][gc,stats    ] Pause Init Mark (G)                1041 us
[2026-04-03T02:32:00.600+0600][90.459s][info][gc,stats    ] Pause Init Mark (N)                 143 us
[2026-04-03T02:32:00.600+0600][90.459s][info][gc,stats    ]   Update Region States               28 us
[2026-04-03T02:32:00.600+0600][90.459s][info][gc,stats    ] Concurrent Mark Roots              1745 us, parallelism: 1.76x
[2026-04-03T02:32:00.600+0600][90.459s][info][gc,stats    ]   CMR: <total>                     3065 us
[2026-04-03T02:32:00.600+0600][90.459s][info][gc,stats    ]   CMR: Thread Roots                2617 us, workers (us): 613, 1016, 987, ---, ---, ---, 
[2026-04-03T02:32:00.600+0600][90.459s][info][gc,stats    ]   CMR: VM Strong Roots               76 us, workers (us):  40,  35,   1, ---, ---, ---, 
[2026-04-03T02:32:00.600+0600][90.460s][info][gc,stats    ]   CMR: CLDG Roots                   373 us, workers (us): 373, ---, ---, ---, ---, ---, 
[2026-04-03T02:32:00.600+0600][90.460s][info][gc,stats    ] Concurrent Marking                42937 us
[2026-04-03T02:32:00.600+0600][90.460s][info][gc,stats    ] Pause Final Mark (G)                777 us
[2026-04-03T02:32:00.600+0600][90.460s][info][gc,stats    ] Pause Final Mark (N)                666 us
[2026-04-03T02:32:00.600+0600][90.460s][info][gc,stats    ]   Finish Mark                       290 us
[2026-04-03T02:32:00.600+0600][90.460s][info][gc,stats    ]   Update Region States               30 us
[2026-04-03T02:32:00.600+0600][90.460s][info][gc,stats    ]   Choose Collection Set             176 us
[2026-04-03T02:32:00.600+0600][90.460s][info][gc,stats    ]   Rebuild Free Set                   30 us
[2026-04-03T02:32:00.600+0600][90.460s][info][gc,stats    ] Concurrent Thread Roots            1195 us, parallelism: 2.12x
[2026-04-03T02:32:00.600+0600][90.460s][info][gc,stats    ]   CTR: <total>                     2535 us
[2026-04-03T02:32:00.600+0600][90.460s][info][gc,stats    ]   CTR: Thread Roots                2535 us, workers (us): 869, 855, 811, ---, ---, ---, 
[2026-04-03T02:32:00.600+0600][90.460s][info][gc,stats    ] Concurrent Weak References          595 us, parallelism: 1.36x
[2026-04-03T02:32:00.600+0600][90.460s][info][gc,stats    ]   CWRF: <total>                     810 us
[2026-04-03T02:32:00.600+0600][90.460s][info][gc,stats    ]   CWRF: Weak References             810 us, workers (us): 316, 313, 181, ---, ---, ---, 
[2026-04-03T02:32:00.600+0600][90.460s][info][gc,stats    ] Concurrent Weak Roots             11656 us
[2026-04-03T02:32:00.600+0600][90.460s][info][gc,stats    ]   Roots                            5697 us, parallelism: 2.74x
[2026-04-03T02:32:00.600+0600][90.460s][info][gc,stats    ]     CWR: <total>                  15612 us
[2026-04-03T02:32:00.600+0600][90.460s][info][gc,stats    ]     CWR: Code Cache Roots         12616 us, workers (us): 4330, 4248, 4039, ---, ---, ---, 
[2026-04-03T02:32:00.600+0600][90.460s][info][gc,stats    ]     CWR: VM Weak Roots             2784 us, workers (us): 935, 935, 913, ---, ---, ---, 
[2026-04-03T02:32:00.600+0600][90.460s][info][gc,stats    ]     CWR: CLDG Roots                 211 us, workers (us): ---, ---, 211, ---, ---, ---, 
[2026-04-03T02:32:00.600+0600][90.460s][info][gc,stats    ]   Rendezvous                       5797 us
[2026-04-03T02:32:00.600+0600][90.460s][info][gc,stats    ] Concurrent Cleanup                 1066 us
[2026-04-03T02:32:00.600+0600][90.460s][info][gc,stats    ] Concurrent Class Unloading        15434 us
[2026-04-03T02:32:00.600+0600][90.460s][info][gc,stats    ]   Unlink Stale                    14379 us
[2026-04-03T02:32:00.601+0600][90.460s][info][gc,stats    ]     System Dictionary               273 us
[2026-04-03T02:32:00.601+0600][90.460s][info][gc,stats    ]     Weak Class Links                  0 us
[2026-04-03T02:32:00.601+0600][90.460s][info][gc,stats    ]     Code Roots                    14103 us
[2026-04-03T02:32:00.601+0600][90.460s][info][gc,stats    ]   Rendezvous                        490 us
[2026-04-03T02:32:00.601+0600][90.460s][info][gc,stats    ]   Purge Unlinked                    448 us
[2026-04-03T02:32:00.601+0600][90.460s][info][gc,stats    ]     Code Roots                      438 us
[2026-04-03T02:32:00.601+0600][90.460s][info][gc,stats    ]     CLDG                              9 us
[2026-04-03T02:32:00.601+0600][90.460s][info][gc,stats    ]     Exception Caches                  0 us
[2026-04-03T02:32:00.601+0600][90.460s][info][gc,stats    ] Concurrent Strong Roots            1093 us, parallelism: 0.58x
[2026-04-03T02:32:00.601+0600][90.460s][info][gc,stats    ]   CSR: <total>                      636 us
[2026-04-03T02:32:00.601+0600][90.460s][info][gc,stats    ]   CSR: VM Strong Roots               51 us, workers (us):  30,  16,   6, ---, ---, ---, 
[2026-04-03T02:32:00.601+0600][90.460s][info][gc,stats    ]   CSR: CLDG Roots                   585 us, workers (us): ---, 585, ---, ---, ---, ---, 
[2026-04-03T02:32:00.601+0600][90.460s][info][gc,stats    ] Concurrent Evacuation              2003 us
[2026-04-03T02:32:00.601+0600][90.460s][info][gc,stats    ] Pause Init Update Refs (G)          661 us
[2026-04-03T02:32:00.601+0600][90.460s][info][gc,stats    ] Pause Init Update Refs (N)          150 us
[2026-04-03T02:32:00.601+0600][90.460s][info][gc,stats    ]   Manage GCLABs                      35 us
[2026-04-03T02:32:00.601+0600][90.460s][info][gc,stats    ] Concurrent Update Refs            46039 us
[2026-04-03T02:32:00.601+0600][90.460s][info][gc,stats    ] Concurrent Update Thread Roots     1801 us
[2026-04-03T02:32:00.601+0600][90.460s][info][gc,stats    ] Pause Final Update Refs (G)         575 us
[2026-04-03T02:32:00.601+0600][90.460s][info][gc,stats    ] Pause Final Update Refs (N)         205 us
[2026-04-03T02:32:00.601+0600][90.460s][info][gc,stats    ]   Update Region States               44 us
[2026-04-03T02:32:00.601+0600][90.460s][info][gc,stats    ]   Trash Collection Set               13 us
[2026-04-03T02:32:00.601+0600][90.460s][info][gc,stats    ]   Rebuild Free Set                   36 us
[2026-04-03T02:32:00.601+0600][90.460s][info][gc,stats    ] Concurrent Cleanup                  502 us
[2026-04-03T02:32:00.601+0600][90.460s][info][gc,stats    ] Pacing                           245502 us
[2026-04-03T02:32:00.601+0600][90.460s][info][gc,stats    ] 
[2026-04-03T02:32:00.601+0600][90.460s][info][gc,stats    ] Allocation pacing accrued:
[2026-04-03T02:32:00.601+0600][90.460s][info][gc,stats    ]      58 of   404 ms ( 14.4%): Executor task launch worker for task 3.0 in stage 4448.0 (TID 8166)
[2026-04-03T02:32:00.601+0600][90.460s][info][gc,stats    ]      60 of   404 ms ( 14.8%): Executor task launch worker for task 2.0 in stage 4448.0 (TID 8165)
[2026-04-03T02:32:00.601+0600][90.460s][info][gc,stats    ]      55 of   404 ms ( 13.6%): Executor task launch worker for task 1.0 in stage 4448.0 (TID 8164)
[2026-04-03T02:32:00.601+0600][90.460s][info][gc,stats    ]      55 of   404 ms ( 13.7%): Executor task launch worker for task 0.0 in stage 4448.0 (TID 8163)
[2026-04-03T02:32:00.601+0600][90.460s][info][gc,stats    ]      17 of   404 ms (  4.2%): block-manager-storage-async-thread-pool-19
[2026-04-03T02:32:00.601+0600][90.460s][info][gc,stats    ]     246 of   404 ms ( 60.8%): <total>
[2026-04-03T02:32:00.601+0600][90.460s][info][gc,stats    ]       1 of   404 ms (  0.2%): <average total>
[2026-04-03T02:32:00.601+0600][90.460s][info][gc,stats    ]      49 of   404 ms ( 12.2%): <average non-zero>
[2026-04-03T02:32:00.601+0600][90.460s][info][gc,stats    ] 
[2026-04-03T02:32:00.601+0600][90.460s][info][gc,metaspace] Metaspace: 131643K(132928K)->131643K(132928K) NonClass: 115167K(115776K)->115167K(115776K) Class: 16476K(17152K)->16476K(17152K)
[2026-04-03T02:32:00.601+0600][90.460s][info][gc,ergo     ] Pacer for Idle. Initial: 25600K, Alloc Tax Rate: 1.0x
[2026-04-03T02:32:01.171+0600][91.030s][info][gc          ] Trigger: Average GC time (160.75 ms) is above the time for average allocation rate (1072 MB/s) to deplete free headroom (169M) (margin of error = 1.96)
[2026-04-03T02:32:01.171+0600][91.030s][info][gc,ergo     ] Free headroom: 232M (free) - 64000K (spike) - 0B (penalties) = 169M
[2026-04-03T02:32:01.171+0600][91.030s][info][gc,ergo     ] Free: 232M, Max: 512K regular, 116M humongous, Frag: 50% external, 0% internal; Reserve: 64000K, Max: 512K
[2026-04-03T02:32:01.171+0600][91.030s][info][gc,start    ] GC(103) Concurrent reset
[2026-04-03T02:32:01.171+0600][91.030s][info][gc,task     ] GC(103) Using 3 of 6 workers for concurrent reset
[2026-04-03T02:32:01.171+0600][91.030s][info][gc,ergo     ] GC(103) Pacer for Reset. Non-Taxable: 1250M
[2026-04-03T02:32:01.172+0600][91.032s][info][gc          ] GC(103) Concurrent reset 1.095ms
[2026-04-03T02:32:01.172+0600][91.032s][info][gc,start    ] GC(103) Pause Init Mark (unload classes)
[2026-04-03T02:32:01.173+0600][91.032s][info][gc,task     ] GC(103) Using 6 of 6 workers for init marking
[2026-04-03T02:32:01.173+0600][91.032s][info][gc,ergo     ] GC(103) Pacer for Mark. Expected Live: 98083K, Free: 229M, Non-Taxable: 23510K, Alloc Tax Rate: 0.5x
[2026-04-03T02:32:01.173+0600][91.032s][info][gc          ] GC(103) Pause Init Mark (unload classes) 0.142ms
[2026-04-03T02:32:01.173+0600][91.032s][info][gc,start    ] GC(103) Concurrent marking roots
[2026-04-03T02:32:01.173+0600][91.032s][info][gc,task     ] GC(103) Using 3 of 6 workers for concurrent marking roots
[2026-04-03T02:32:01.174+0600][91.033s][info][gc          ] GC(103) Concurrent marking roots 1.260ms
[2026-04-03T02:32:01.174+0600][91.033s][info][gc,start    ] GC(103) Concurrent marking (unload classes)
[2026-04-03T02:32:01.174+0600][91.033s][info][gc,task     ] GC(103) Using 3 of 6 workers for concurrent marking
[2026-04-03T02:32:01.232+0600][91.092s][info][gc          ] GC(103) Concurrent marking (unload classes) 58.311ms
[2026-04-03T02:32:01.233+0600][91.092s][info][gc,start    ] GC(103) Pause Final Mark (unload classes)
[2026-04-03T02:32:01.233+0600][91.092s][info][gc,task     ] GC(103) Using 6 of 6 workers for final marking
[2026-04-03T02:32:01.233+0600][91.092s][info][gc,ergo     ] GC(103) Adaptive CSet Selection. Target Free: 177M, Actual Free: 840M, Max CSet: 53333K, Min Garbage: 0B
[2026-04-03T02:32:01.233+0600][91.092s][info][gc,ergo     ] GC(103) Collectable Garbage: 778M (98%), Immediate: 584M (74%), CSet: 194M (24%)
[2026-04-03T02:32:01.233+0600][91.092s][info][gc,ergo     ] GC(103) Pacer for Evacuation. Used CSet: 199M, Free: 856M, Non-Taxable: 87726K, Alloc Tax Rate: 1.1x
[2026-04-03T02:32:01.233+0600][91.092s][info][gc          ] GC(103) Pause Final Mark (unload classes) 0.504ms
[2026-04-03T02:32:01.233+0600][91.092s][info][gc,start    ] GC(103) Concurrent thread roots
[2026-04-03T02:32:01.233+0600][91.093s][info][gc,task     ] GC(103) Using 3 of 6 workers for Concurrent thread roots
[2026-04-03T02:32:01.234+0600][91.093s][info][gc          ] GC(103) Concurrent thread roots 0.784ms
[2026-04-03T02:32:01.234+0600][91.093s][info][gc,start    ] GC(103) Concurrent weak references
[2026-04-03T02:32:01.234+0600][91.093s][info][gc,task     ] GC(103) Using 3 of 6 workers for concurrent weak references
[2026-04-03T02:32:01.235+0600][91.094s][info][gc,ref      ] GC(103) Encountered references: Soft: 3785, Weak: 15429, Final: 84, Phantom: 621
[2026-04-03T02:32:01.235+0600][91.094s][info][gc,ref      ] GC(103) Discovered  references: Soft: 0, Weak: 8002, Final: 0, Phantom: 607
[2026-04-03T02:32:01.235+0600][91.094s][info][gc,ref      ] GC(103) Enqueued    references: Soft: 0, Weak: 399, Final: 0, Phantom: 0
[2026-04-03T02:32:01.235+0600][91.094s][info][gc          ] GC(103) Concurrent weak references 0.864ms
[2026-04-03T02:32:01.235+0600][91.094s][info][gc,start    ] GC(103) Concurrent weak roots
[2026-04-03T02:32:01.235+0600][91.094s][info][gc,task     ] GC(103) Using 3 of 6 workers for concurrent weak root
[2026-04-03T02:32:01.241+0600][91.100s][info][gc          ] GC(103) Concurrent weak roots 5.775ms
[2026-04-03T02:32:01.241+0600][91.100s][info][gc,start    ] GC(103) Concurrent cleanup
[2026-04-03T02:32:01.241+0600][91.101s][info][gc          ] GC(103) Concurrent cleanup 917M->333M(1082M) 0.667ms
[2026-04-03T02:32:01.241+0600][91.101s][info][gc,ergo     ] GC(103) Free: 847M, Max: 512K regular, 159M humongous, Frag: 82% external, 0% internal; Reserve: 63443K, Max: 512K
[2026-04-03T02:32:01.241+0600][91.101s][info][gc,start    ] GC(103) Concurrent class unloading
[2026-04-03T02:32:01.241+0600][91.101s][info][gc,task     ] GC(103) Using 3 of 6 workers for concurrent class unloading
[2026-04-03T02:32:01.258+0600][91.118s][info][gc          ] GC(103) Concurrent class unloading 16.883ms
[2026-04-03T02:32:01.258+0600][91.118s][info][gc,start    ] GC(103) Concurrent strong roots
[2026-04-03T02:32:01.259+0600][91.118s][info][gc,task     ] GC(103) Using 3 of 6 workers for concurrent strong root
[2026-04-03T02:32:01.260+0600][91.119s][info][gc          ] GC(103) Concurrent strong roots 1.452ms
[2026-04-03T02:32:01.260+0600][91.119s][info][gc,start    ] GC(103) Concurrent evacuation
[2026-04-03T02:32:01.260+0600][91.119s][info][gc,task     ] GC(103) Using 3 of 6 workers for concurrent evacuation
[2026-04-03T02:32:01.263+0600][91.123s][info][gc          ] GC(103) Concurrent evacuation 3.292ms
[2026-04-03T02:32:01.264+0600][91.123s][info][gc,start    ] GC(103) Pause Init Update Refs
[2026-04-03T02:32:01.264+0600][91.123s][info][gc,ergo     ] GC(103) Pacer for Update Refs. Used: 351M, Free: 833M, Non-Taxable: 85375K, Alloc Tax Rate: 1.1x
[2026-04-03T02:32:01.264+0600][91.123s][info][gc          ] GC(103) Pause Init Update Refs 0.148ms
[2026-04-03T02:32:01.264+0600][91.123s][info][gc,start    ] GC(103) Concurrent update references
[2026-04-03T02:32:01.264+0600][91.123s][info][gc,task     ] GC(103) Using 3 of 6 workers for concurrent reference update
[2026-04-03T02:32:01.310+0600][91.170s][info][gc          ] GC(103) Concurrent update references 46.429ms
[2026-04-03T02:32:01.310+0600][91.170s][info][gc,start    ] GC(103) Concurrent update thread roots
[2026-04-03T02:32:01.312+0600][91.172s][info][gc          ] GC(103) Concurrent update thread roots 1.897ms
[2026-04-03T02:32:01.313+0600][91.172s][info][gc,start    ] GC(103) Pause Final Update Refs
[2026-04-03T02:32:01.313+0600][91.172s][info][gc,task     ] GC(103) Using 6 of 6 workers for final reference update
[2026-04-03T02:32:01.313+0600][91.172s][info][gc          ] GC(103) Pause Final Update Refs 0.217ms
[2026-04-03T02:32:01.313+0600][91.172s][info][gc,start    ] GC(103) Concurrent cleanup
[2026-04-03T02:32:01.313+0600][91.173s][info][gc          ] GC(103) Concurrent cleanup 397M->198M(1082M) 0.552ms
[2026-04-03T02:32:01.314+0600][91.173s][info][gc,ergo     ] Free: 977M, Max: 512K regular, 369M humongous, Frag: 63% external, 0% internal; Reserve: 64000K, Max: 512K
[2026-04-03T02:32:01.314+0600][91.173s][info][gc,stats    ] 
[2026-04-03T02:32:01.314+0600][91.173s][info][gc,stats    ] All times are wall-clock times, except per-root-class counters, that are sum over
[2026-04-03T02:32:01.314+0600][91.173s][info][gc,stats    ] all workers. Dividing the <total> over the root stage time estimates parallelism.
[2026-04-03T02:32:01.314+0600][91.173s][info][gc,stats    ] 
[2026-04-03T02:32:01.314+0600][91.173s][info][gc,stats    ] Concurrent Reset                   1200 us
[2026-04-03T02:32:01.314+0600][91.173s][info][gc,stats    ] Pause Init Mark (G)                 312 us
[2026-04-03T02:32:01.314+0600][91.173s][info][gc,stats    ] Pause Init Mark (N)                 152 us
[2026-04-03T02:32:01.314+0600][91.173s][info][gc,stats    ]   Update Region States               27 us
[2026-04-03T02:32:01.314+0600][91.173s][info][gc,stats    ] Concurrent Mark Roots              1292 us, parallelism: 1.85x
[2026-04-03T02:32:01.314+0600][91.173s][info][gc,stats    ]   CMR: <total>                     2386 us
[2026-04-03T02:32:01.314+0600][91.173s][info][gc,stats    ]   CMR: Thread Roots                2065 us, workers (us): 540, 783, 741, ---, ---, ---, 
[2026-04-03T02:32:01.314+0600][91.173s][info][gc,stats    ]   CMR: VM Strong Roots               85 us, workers (us):  44,  40,   1, ---, ---, ---, 
[2026-04-03T02:32:01.314+0600][91.173s][info][gc,stats    ]   CMR: CLDG Roots                   236 us, workers (us): 236, ---, ---, ---, ---, ---, 
[2026-04-03T02:32:01.314+0600][91.173s][info][gc,stats    ] Concurrent Marking                58376 us
[2026-04-03T02:32:01.314+0600][91.173s][info][gc,stats    ] Pause Final Mark (G)                869 us
[2026-04-03T02:32:01.314+0600][91.173s][info][gc,stats    ] Pause Final Mark (N)                514 us
[2026-04-03T02:32:01.314+0600][91.173s][info][gc,stats    ]   Finish Mark                       177 us
[2026-04-03T02:32:01.314+0600][91.173s][info][gc,stats    ]   Update Region States               26 us
[2026-04-03T02:32:01.314+0600][91.173s][info][gc,stats    ]   Choose Collection Set             173 us
[2026-04-03T02:32:01.314+0600][91.173s][info][gc,stats    ]   Rebuild Free Set                   29 us
[2026-04-03T02:32:01.314+0600][91.173s][info][gc,stats    ] Concurrent Thread Roots             810 us, parallelism: 2.41x
[2026-04-03T02:32:01.314+0600][91.173s][info][gc,stats    ]   CTR: <total>                     1952 us
[2026-04-03T02:32:01.314+0600][91.173s][info][gc,stats    ]   CTR: Thread Roots                1952 us, workers (us): 668, 645, 638, ---, ---, ---, 
[2026-04-03T02:32:01.314+0600][91.173s][info][gc,stats    ] Concurrent Weak References          874 us, parallelism: 1.12x
[2026-04-03T02:32:01.314+0600][91.173s][info][gc,stats    ]   CWRF: <total>                     983 us
[2026-04-03T02:32:01.314+0600][91.173s][info][gc,stats    ]   CWRF: Weak References             983 us, workers (us): 158, 650, 175, ---, ---, ---, 
[2026-04-03T02:32:01.314+0600][91.173s][info][gc,stats    ] Concurrent Weak Roots              5882 us
[2026-04-03T02:32:01.314+0600][91.173s][info][gc,stats    ]   Roots                            5433 us, parallelism: 2.76x
[2026-04-03T02:32:01.314+0600][91.173s][info][gc,stats    ]     CWR: <total>                  14985 us
[2026-04-03T02:32:01.314+0600][91.173s][info][gc,stats    ]     CWR: Code Cache Roots         12393 us, workers (us): 4159, 4216, 4018, ---, ---, ---, 
[2026-04-03T02:32:01.314+0600][91.173s][info][gc,stats    ]     CWR: VM Weak Roots             2363 us, workers (us): 798, 784, 781, ---, ---, ---, 
[2026-04-03T02:32:01.314+0600][91.173s][info][gc,stats    ]     CWR: CLDG Roots                 229 us, workers (us): ---, ---, 229, ---, ---, ---, 
[2026-04-03T02:32:01.314+0600][91.173s][info][gc,stats    ]   Rendezvous                        316 us
[2026-04-03T02:32:01.314+0600][91.173s][info][gc,stats    ] Concurrent Cleanup                  687 us
[2026-04-03T02:32:01.314+0600][91.173s][info][gc,stats    ] Concurrent Class Unloading        16992 us
[2026-04-03T02:32:01.314+0600][91.173s][info][gc,stats    ]   Unlink Stale                    14883 us
[2026-04-03T02:32:01.314+0600][91.173s][info][gc,stats    ]     System Dictionary               289 us
[2026-04-03T02:32:01.314+0600][91.173s][info][gc,stats    ]     Weak Class Links                  0 us
[2026-04-03T02:32:01.314+0600][91.173s][info][gc,stats    ]     Code Roots                    14590 us
[2026-04-03T02:32:01.314+0600][91.173s][info][gc,stats    ]   Rendezvous                        415 us
[2026-04-03T02:32:01.314+0600][91.173s][info][gc,stats    ]   Purge Unlinked                   1552 us
[2026-04-03T02:32:01.314+0600][91.173s][info][gc,stats    ]     Code Roots                     1530 us
[2026-04-03T02:32:01.314+0600][91.174s][info][gc,stats    ]     CLDG                             21 us
[2026-04-03T02:32:01.314+0600][91.174s][info][gc,stats    ]     Exception Caches                  0 us
[2026-04-03T02:32:01.314+0600][91.174s][info][gc,stats    ] Concurrent Strong Roots            1553 us, parallelism: 0.68x
[2026-04-03T02:32:01.314+0600][91.174s][info][gc,stats    ]   CSR: <total>                     1053 us
[2026-04-03T02:32:01.314+0600][91.174s][info][gc,stats    ]   CSR: VM Strong Roots               66 us, workers (us):  36,  29,   0, ---, ---, ---, 
[2026-04-03T02:32:01.314+0600][91.174s][info][gc,stats    ]   CSR: CLDG Roots                   988 us, workers (us): 988, ---, ---, ---, ---, ---, 
[2026-04-03T02:32:01.314+0600][91.174s][info][gc,stats    ] Concurrent Evacuation              3383 us
[2026-04-03T02:32:01.314+0600][91.174s][info][gc,stats    ] Pause Init Update Refs (G)          525 us
[2026-04-03T02:32:01.314+0600][91.174s][info][gc,stats    ] Pause Init Update Refs (N)          160 us
[2026-04-03T02:32:01.314+0600][91.174s][info][gc,stats    ]   Manage GCLABs                      34 us
[2026-04-03T02:32:01.314+0600][91.174s][info][gc,stats    ] Concurrent Update Refs            46537 us
[2026-04-03T02:32:01.314+0600][91.174s][info][gc,stats    ] Concurrent Update Thread Roots     1964 us
[2026-04-03T02:32:01.314+0600][91.174s][info][gc,stats    ] Pause Final Update Refs (G)         420 us
[2026-04-03T02:32:01.314+0600][91.174s][info][gc,stats    ] Pause Final Update Refs (N)         245 us
[2026-04-03T02:32:01.314+0600][91.174s][info][gc,stats    ]   Update Region States               70 us
[2026-04-03T02:32:01.314+0600][91.174s][info][gc,stats    ]   Trash Collection Set               20 us
[2026-04-03T02:32:01.314+0600][91.174s][info][gc,stats    ]   Rebuild Free Set                   46 us
[2026-04-03T02:32:01.314+0600][91.174s][info][gc,stats    ] Concurrent Cleanup                  576 us
[2026-04-03T02:32:01.314+0600][91.174s][info][gc,stats    ] Pacing                           143844 us
[2026-04-03T02:32:01.314+0600][91.174s][info][gc,stats    ] 
[2026-04-03T02:32:01.314+0600][91.174s][info][gc,stats    ] Allocation pacing accrued:
[2026-04-03T02:32:01.314+0600][91.174s][info][gc,stats    ]      23 of   714 ms (  3.2%): dispatcher-event-loop-7
[2026-04-03T02:32:01.315+0600][91.174s][info][gc,stats    ]      21 of   714 ms (  3.0%): Executor task launch worker for task 2.0 in stage 4476.0 (TID 8261)
[2026-04-03T02:32:01.315+0600][91.174s][info][gc,stats    ]      22 of   714 ms (  3.1%): Executor task launch worker for task 1.0 in stage 4476.0 (TID 8260)
[2026-04-03T02:32:01.315+0600][91.174s][info][gc,stats    ]      21 of   714 ms (  3.0%): Executor task launch worker for task 5.0 in stage 4476.0 (TID 8264)
[2026-04-03T02:32:01.315+0600][91.174s][info][gc,stats    ]      22 of   714 ms (  3.1%): Executor task launch worker for task 6.0 in stage 4476.0 (TID 8265)
[2026-04-03T02:32:01.315+0600][91.174s][info][gc,stats    ]      22 of   714 ms (  3.1%): task-result-getter-1
[2026-04-03T02:32:01.315+0600][91.174s][info][gc,stats    ]      11 of   714 ms (  1.6%): task-result-getter-3
[2026-04-03T02:32:01.315+0600][91.174s][info][gc,stats    ]     144 of   714 ms ( 20.2%): <total>
[2026-04-03T02:32:01.315+0600][91.174s][info][gc,stats    ]       1 of   714 ms (  0.1%): <average total>
[2026-04-03T02:32:01.315+0600][91.174s][info][gc,stats    ]      21 of   714 ms (  2.9%): <average non-zero>
[2026-04-03T02:32:01.315+0600][91.174s][info][gc,stats    ] 
[2026-04-03T02:32:01.315+0600][91.174s][info][gc,metaspace] Metaspace: 131651K(132928K)->131651K(132928K) NonClass: 115175K(115776K)->115175K(115776K) Class: 16476K(17152K)->16476K(17152K)
[2026-04-03T02:32:01.315+0600][91.174s][info][gc,ergo     ] Pacer for Idle. Initial: 25600K, Alloc Tax Rate: 1.0x
[2026-04-03T02:32:01.972+0600][91.832s][info][gc          ] Trigger: Average GC time (156.65 ms) is above the time for average allocation rate (1016 MB/s) to deplete free headroom (157M) (margin of error = 1.95)
[2026-04-03T02:32:01.972+0600][91.832s][info][gc,ergo     ] Free headroom: 219M (free) - 64000K (spike) - 0B (penalties) = 157M
[2026-04-03T02:32:01.972+0600][91.832s][info][gc,ergo     ] Free: 219M, Max: 512K regular, 218M humongous, Frag: 0% external, 0% internal; Reserve: 64000K, Max: 512K
[2026-04-03T02:32:01.972+0600][91.832s][info][gc,start    ] GC(104) Concurrent reset
[2026-04-03T02:32:01.972+0600][91.832s][info][gc,task     ] GC(104) Using 3 of 6 workers for concurrent reset
[2026-04-03T02:32:01.972+0600][91.832s][info][gc,ergo     ] GC(104) Pacer for Reset. Non-Taxable: 1250M
[2026-04-03T02:32:01.974+0600][91.833s][info][gc          ] GC(104) Concurrent reset 1.171ms
[2026-04-03T02:32:01.974+0600][91.833s][info][gc,start    ] GC(104) Pause Init Mark (unload classes)
[2026-04-03T02:32:01.974+0600][91.833s][info][gc,task     ] GC(104) Using 6 of 6 workers for init marking
[2026-04-03T02:32:01.974+0600][91.833s][info][gc,ergo     ] GC(104) Pacer for Mark. Expected Live: 97319K, Free: 219M, Non-Taxable: 22457K, Alloc Tax Rate: 0.5x
[2026-04-03T02:32:01.974+0600][91.833s][info][gc          ] GC(104) Pause Init Mark (unload classes) 0.156ms
[2026-04-03T02:32:01.974+0600][91.833s][info][gc,start    ] GC(104) Concurrent marking roots
[2026-04-03T02:32:01.974+0600][91.833s][info][gc,task     ] GC(104) Using 3 of 6 workers for concurrent marking roots
[2026-04-03T02:32:01.976+0600][91.835s][info][gc          ] GC(104) Concurrent marking roots 1.442ms
[2026-04-03T02:32:01.976+0600][91.835s][info][gc,start    ] GC(104) Concurrent marking (unload classes)
[2026-04-03T02:32:01.976+0600][91.835s][info][gc,task     ] GC(104) Using 3 of 6 workers for concurrent marking
[2026-04-03T02:32:02.028+0600][91.887s][info][gc          ] GC(104) Concurrent marking (unload classes) 52.469ms
[2026-04-03T02:32:02.028+0600][91.887s][info][gc,start    ] GC(104) Pause Final Mark (unload classes)
[2026-04-03T02:32:02.028+0600][91.888s][info][gc,task     ] GC(104) Using 6 of 6 workers for final marking
[2026-04-03T02:32:02.028+0600][91.888s][info][gc,ergo     ] GC(104) Adaptive CSet Selection. Target Free: 177M, Actual Free: 816M, Max CSet: 53333K, Min Garbage: 0B
[2026-04-03T02:32:02.029+0600][91.888s][info][gc,ergo     ] GC(104) Collectable Garbage: 781M (98%), Immediate: 574M (72%), CSet: 207M (26%)
[2026-04-03T02:32:02.029+0600][91.888s][info][gc,ergo     ] GC(104) Pacer for Evacuation. Used CSet: 215M, Free: 835M, Non-Taxable: 85535K, Alloc Tax Rate: 1.1x
[2026-04-03T02:32:02.029+0600][91.888s][info][gc          ] GC(104) Pause Final Mark (unload classes) 0.612ms
[2026-04-03T02:32:02.029+0600][91.888s][info][gc,start    ] GC(104) Concurrent thread roots
[2026-04-03T02:32:02.029+0600][91.888s][info][gc,task     ] GC(104) Using 3 of 6 workers for Concurrent thread roots
[2026-04-03T02:32:02.030+0600][91.890s][info][gc          ] GC(104) Concurrent thread roots 1.600ms
[2026-04-03T02:32:02.030+0600][91.890s][info][gc,start    ] GC(104) Concurrent weak references
[2026-04-03T02:32:02.031+0600][91.890s][info][gc,task     ] GC(104) Using 3 of 6 workers for concurrent weak references
[2026-04-03T02:32:02.031+0600][91.891s][info][gc,ref      ] GC(104) Encountered references: Soft: 3792, Weak: 16646, Final: 84, Phantom: 628
[2026-04-03T02:32:02.031+0600][91.891s][info][gc,ref      ] GC(104) Discovered  references: Soft: 0, Weak: 9950, Final: 48, Phantom: 230
[2026-04-03T02:32:02.031+0600][91.891s][info][gc,ref      ] GC(104) Enqueued    references: Soft: 0, Weak: 1748, Final: 0, Phantom: 0
[2026-04-03T02:32:02.031+0600][91.891s][info][gc          ] GC(104) Concurrent weak references 0.950ms
[2026-04-03T02:32:02.031+0600][91.891s][info][gc,start    ] GC(104) Concurrent weak roots
[2026-04-03T02:32:02.031+0600][91.891s][info][gc,task     ] GC(104) Using 3 of 6 workers for concurrent weak root
[2026-04-03T02:32:02.037+0600][91.896s][info][gc          ] GC(104) Concurrent weak roots 5.558ms
[2026-04-03T02:32:02.037+0600][91.896s][info][gc,start    ] GC(104) Concurrent cleanup
[2026-04-03T02:32:02.038+0600][91.897s][info][gc          ] GC(104) Concurrent cleanup 935M->361M(1082M) 0.777ms
[2026-04-03T02:32:02.038+0600][91.897s][info][gc,ergo     ] GC(104) Free: 824M, Max: 512K regular, 168M humongous, Frag: 80% external, 0% internal; Reserve: 63162K, Max: 512K
[2026-04-03T02:32:02.038+0600][91.897s][info][gc,start    ] GC(104) Concurrent class unloading
[2026-04-03T02:32:02.038+0600][91.897s][info][gc,task     ] GC(104) Using 3 of 6 workers for concurrent class unloading
[2026-04-03T02:32:02.060+0600][91.919s][info][gc          ] GC(104) Concurrent class unloading 22.117ms
[2026-04-03T02:32:02.060+0600][91.920s][info][gc,start    ] GC(104) Concurrent strong roots
[2026-04-03T02:32:02.060+0600][91.920s][info][gc,task     ] GC(104) Using 3 of 6 workers for concurrent strong root
[2026-04-03T02:32:02.062+0600][91.921s][info][gc          ] GC(104) Concurrent strong roots 1.325ms
[2026-04-03T02:32:02.062+0600][91.921s][info][gc,start    ] GC(104) Concurrent evacuation
[2026-04-03T02:32:02.062+0600][91.921s][info][gc,task     ] GC(104) Using 3 of 6 workers for concurrent evacuation
[2026-04-03T02:32:02.066+0600][91.925s][info][gc          ] GC(104) Concurrent evacuation 4.258ms
[2026-04-03T02:32:02.066+0600][91.925s][info][gc,start    ] GC(104) Pause Init Update Refs
[2026-04-03T02:32:02.066+0600][91.925s][info][gc,ergo     ] GC(104) Pacer for Update Refs. Used: 401M, Free: 792M, Non-Taxable: 81172K, Alloc Tax Rate: 1.1x
[2026-04-03T02:32:02.066+0600][91.926s][info][gc          ] GC(104) Pause Init Update Refs 0.084ms
[2026-04-03T02:32:02.066+0600][91.926s][info][gc,start    ] GC(104) Concurrent update references
[2026-04-03T02:32:02.066+0600][91.926s][info][gc,task     ] GC(104) Using 3 of 6 workers for concurrent reference update
[2026-04-03T02:32:02.124+0600][91.983s][info][gc          ] GC(104) Concurrent update references 57.626ms
[2026-04-03T02:32:02.124+0600][91.983s][info][gc,start    ] GC(104) Concurrent update thread roots
[2026-04-03T02:32:02.126+0600][91.985s][info][gc          ] GC(104) Concurrent update thread roots 1.688ms
[2026-04-03T02:32:02.126+0600][91.985s][info][gc,start    ] GC(104) Pause Final Update Refs
[2026-04-03T02:32:02.126+0600][91.985s][info][gc,task     ] GC(104) Using 6 of 6 workers for final reference update
[2026-04-03T02:32:02.126+0600][91.985s][info][gc          ] GC(104) Pause Final Update Refs 0.241ms
[2026-04-03T02:32:02.126+0600][91.986s][info][gc,start    ] GC(104) Concurrent cleanup
[2026-04-03T02:32:02.127+0600][91.986s][info][gc          ] GC(104) Concurrent cleanup 453M->239M(1082M) 0.727ms
[2026-04-03T02:32:02.127+0600][91.986s][info][gc,ergo     ] Free: 941M, Max: 512K regular, 512M humongous, Frag: 46% external, 0% internal; Reserve: 64000K, Max: 512K
[2026-04-03T02:32:02.127+0600][91.986s][info][gc,stats    ] 
[2026-04-03T02:32:02.127+0600][91.986s][info][gc,stats    ] All times are wall-clock times, except per-root-class counters, that are sum over
[2026-04-03T02:32:02.127+0600][91.986s][info][gc,stats    ] all workers. Dividing the <total> over the root stage time estimates parallelism.
[2026-04-03T02:32:02.127+0600][91.986s][info][gc,stats    ] 
[2026-04-03T02:32:02.127+0600][91.986s][info][gc,stats    ] Concurrent Reset                   1242 us
[2026-04-03T02:32:02.127+0600][91.986s][info][gc,stats    ] Pause Init Mark (G)                 404 us
[2026-04-03T02:32:02.127+0600][91.986s][info][gc,stats    ] Pause Init Mark (N)                 166 us
[2026-04-03T02:32:02.127+0600][91.986s][info][gc,stats    ]   Update Region States               34 us
[2026-04-03T02:32:02.127+0600][91.986s][info][gc,stats    ] Concurrent Mark Roots              1486 us, parallelism: 2.05x
[2026-04-03T02:32:02.127+0600][91.987s][info][gc,stats    ]   CMR: <total>                     3038 us
[2026-04-03T02:32:02.127+0600][91.987s][info][gc,stats    ]   CMR: Thread Roots                2583 us, workers (us): 602, 977, 1003, ---, ---, ---, 
[2026-04-03T02:32:02.127+0600][91.987s][info][gc,stats    ]   CMR: VM Strong Roots               62 us, workers (us):  29,  23,  10, ---, ---, ---, 
[2026-04-03T02:32:02.127+0600][91.987s][info][gc,stats    ]   CMR: CLDG Roots                   393 us, workers (us): 393, ---, ---, ---, ---, ---, 
[2026-04-03T02:32:02.127+0600][91.987s][info][gc,stats    ] Concurrent Marking                52541 us
[2026-04-03T02:32:02.127+0600][91.987s][info][gc,stats    ] Pause Final Mark (G)                744 us
[2026-04-03T02:32:02.127+0600][91.987s][info][gc,stats    ] Pause Final Mark (N)                625 us
[2026-04-03T02:32:02.127+0600][91.987s][info][gc,stats    ]   Finish Mark                       192 us
[2026-04-03T02:32:02.127+0600][91.987s][info][gc,stats    ]   Update Region States               29 us
[2026-04-03T02:32:02.127+0600][91.987s][info][gc,stats    ]   Choose Collection Set             229 us
[2026-04-03T02:32:02.127+0600][91.987s][info][gc,stats    ]   Rebuild Free Set                   54 us
[2026-04-03T02:32:02.127+0600][91.987s][info][gc,stats    ] Concurrent Thread Roots            1650 us, parallelism: 2.61x
[2026-04-03T02:32:02.127+0600][91.987s][info][gc,stats    ]   CTR: <total>                     4300 us
[2026-04-03T02:32:02.127+0600][91.987s][info][gc,stats    ]   CTR: Thread Roots                4300 us, workers (us): 1459, 1449, 1392, ---, ---, ---, 
[2026-04-03T02:32:02.127+0600][91.987s][info][gc,stats    ] Concurrent Weak References          959 us, parallelism: 1.36x
[2026-04-03T02:32:02.127+0600][91.987s][info][gc,stats    ]   CWRF: <total>                    1302 us
[2026-04-03T02:32:02.127+0600][91.987s][info][gc,stats    ]   CWRF: Weak References            1302 us, workers (us): 847, 454,   1, ---, ---, ---, 
[2026-04-03T02:32:02.127+0600][91.987s][info][gc,stats    ] Concurrent Weak Roots              5637 us
[2026-04-03T02:32:02.127+0600][91.987s][info][gc,stats    ]   Roots                            5163 us, parallelism: 2.78x
[2026-04-03T02:32:02.127+0600][91.987s][info][gc,stats    ]     CWR: <total>                  14345 us
[2026-04-03T02:32:02.127+0600][91.987s][info][gc,stats    ]     CWR: Code Cache Roots         10930 us, workers (us): 3452, 3779, 3699, ---, ---, ---, 
[2026-04-03T02:32:02.127+0600][91.987s][info][gc,stats    ]     CWR: VM Weak Roots             3205 us, workers (us): 1089, 1084, 1032, ---, ---, ---, 
[2026-04-03T02:32:02.127+0600][91.987s][info][gc,stats    ]     CWR: CLDG Roots                 211 us, workers (us): 211, ---, ---, ---, ---, ---, 
[2026-04-03T02:32:02.128+0600][91.987s][info][gc,stats    ]   Rendezvous                        372 us
[2026-04-03T02:32:02.128+0600][91.987s][info][gc,stats    ] Concurrent Cleanup                  805 us
[2026-04-03T02:32:02.128+0600][91.987s][info][gc,stats    ] Concurrent Class Unloading        22221 us
[2026-04-03T02:32:02.128+0600][91.987s][info][gc,stats    ]   Unlink Stale                    20018 us
[2026-04-03T02:32:02.128+0600][91.987s][info][gc,stats    ]     System Dictionary               308 us
[2026-04-03T02:32:02.128+0600][91.987s][info][gc,stats    ]     Weak Class Links                  1 us
[2026-04-03T02:32:02.128+0600][91.987s][info][gc,stats    ]     Code Roots                    19706 us
[2026-04-03T02:32:02.128+0600][91.987s][info][gc,stats    ]   Rendezvous                        329 us
[2026-04-03T02:32:02.128+0600][91.987s][info][gc,stats    ]   Purge Unlinked                   1728 us
[2026-04-03T02:32:02.128+0600][91.987s][info][gc,stats    ]     Code Roots                     1712 us
[2026-04-03T02:32:02.128+0600][91.987s][info][gc,stats    ]     CLDG                             14 us
[2026-04-03T02:32:02.128+0600][91.987s][info][gc,stats    ]     Exception Caches                  1 us
[2026-04-03T02:32:02.128+0600][91.987s][info][gc,stats    ] Concurrent Strong Roots            1371 us, parallelism: 0.70x
[2026-04-03T02:32:02.128+0600][91.987s][info][gc,stats    ]   CSR: <total>                      963 us
[2026-04-03T02:32:02.128+0600][91.987s][info][gc,stats    ]   CSR: VM Strong Roots               67 us, workers (us):  27,  22,  17, ---, ---, ---, 
[2026-04-03T02:32:02.128+0600][91.987s][info][gc,stats    ]   CSR: CLDG Roots                   897 us, workers (us): ---, 897, ---, ---, ---, ---, 
[2026-04-03T02:32:02.128+0600][91.987s][info][gc,stats    ] Concurrent Evacuation              4319 us
[2026-04-03T02:32:02.128+0600][91.987s][info][gc,stats    ] Pause Init Update Refs (G)          358 us
[2026-04-03T02:32:02.128+0600][91.987s][info][gc,stats    ] Pause Init Update Refs (N)           95 us
[2026-04-03T02:32:02.128+0600][91.987s][info][gc,stats    ]   Manage GCLABs                      32 us
[2026-04-03T02:32:02.128+0600][91.987s][info][gc,stats    ] Concurrent Update Refs            57726 us
[2026-04-03T02:32:02.128+0600][91.987s][info][gc,stats    ] Concurrent Update Thread Roots     1740 us
[2026-04-03T02:32:02.128+0600][91.987s][info][gc,stats    ] Pause Final Update Refs (G)         497 us
[2026-04-03T02:32:02.128+0600][91.987s][info][gc,stats    ] Pause Final Update Refs (N)         258 us
[2026-04-03T02:32:02.128+0600][91.987s][info][gc,stats    ]   Update Region States               60 us
[2026-04-03T02:32:02.128+0600][91.987s][info][gc,stats    ]   Trash Collection Set               21 us
[2026-04-03T02:32:02.128+0600][91.987s][info][gc,stats    ]   Rebuild Free Set                   42 us
[2026-04-03T02:32:02.128+0600][91.987s][info][gc,stats    ] Concurrent Cleanup                  761 us
[2026-04-03T02:32:02.128+0600][91.987s][info][gc,stats    ] Pacing                           183508 us
[2026-04-03T02:32:02.128+0600][91.987s][info][gc,stats    ] 
[2026-04-03T02:32:02.128+0600][91.987s][info][gc,stats    ] Allocation pacing accrued:
[2026-04-03T02:32:02.128+0600][91.987s][info][gc,stats    ]      22 of   813 ms (  2.7%): Executor task launch worker for task 4.0 in stage 4591.0 (TID 8391)
[2026-04-03T02:32:02.128+0600][91.987s][info][gc,stats    ]      23 of   813 ms (  2.8%): Executor task launch worker for task 2.0 in stage 4591.0 (TID 8389)
[2026-04-03T02:32:02.128+0600][91.987s][info][gc,stats    ]      23 of   813 ms (  2.8%): Executor task launch worker for task 7.0 in stage 4591.0 (TID 8394)
[2026-04-03T02:32:02.128+0600][91.987s][info][gc,stats    ]      22 of   813 ms (  2.7%): Executor task launch worker for task 6.0 in stage 4591.0 (TID 8393)
[2026-04-03T02:32:02.128+0600][91.987s][info][gc,stats    ]      23 of   813 ms (  2.8%): Executor task launch worker for task 1.0 in stage 4591.0 (TID 8388)
[2026-04-03T02:32:02.128+0600][91.987s][info][gc,stats    ]      22 of   813 ms (  2.7%): Executor task launch worker for task 0.0 in stage 4591.0 (TID 8387)
[2026-04-03T02:32:02.128+0600][91.987s][info][gc,stats    ]      22 of   813 ms (  2.8%): Executor task launch worker for task 5.0 in stage 4591.0 (TID 8392)
[2026-04-03T02:32:02.128+0600][91.987s][info][gc,stats    ]      26 of   813 ms (  3.3%): Executor task launch worker for task 3.0 in stage 4591.0 (TID 8390)
[2026-04-03T02:32:02.128+0600][91.987s][info][gc,stats    ]     184 of   813 ms ( 22.6%): <total>
[2026-04-03T02:32:02.128+0600][91.987s][info][gc,stats    ]       1 of   813 ms (  0.1%): <average total>
[2026-04-03T02:32:02.128+0600][91.987s][info][gc,stats    ]      23 of   813 ms (  2.8%): <average non-zero>
[2026-04-03T02:32:02.128+0600][91.987s][info][gc,stats    ] 
[2026-04-03T02:32:02.128+0600][91.987s][info][gc,metaspace] Metaspace: 131670K(132928K)->131670K(132928K) NonClass: 115190K(115776K)->115190K(115776K) Class: 16480K(17152K)->16480K(17152K)
[2026-04-03T02:32:02.128+0600][91.987s][info][gc,ergo     ] Pacer for Idle. Initial: 25600K, Alloc Tax Rate: 1.0x
[2026-04-03T02:32:03.423+0600][93.283s][info][gc          ] Cancelling GC: Stopping VM
[2026-04-03T02:32:03.425+0600][93.284s][info][gc,heap,exit] Heap
[2026-04-03T02:32:03.425+0600][93.284s][info][gc,heap,exit] Shenandoah Heap
[2026-04-03T02:32:03.425+0600][93.284s][info][gc,heap,exit]  1250M max, 1250M soft max, 1082M committed, 850M used
[2026-04-03T02:32:03.425+0600][93.284s][info][gc,heap,exit]  2500 x 512K regions
[2026-04-03T02:32:03.425+0600][93.284s][info][gc,heap,exit] Status: cancelled
[2026-04-03T02:32:03.425+0600][93.284s][info][gc,heap,exit] Reserved region:
[2026-04-03T02:32:03.425+0600][93.284s][info][gc,heap,exit]  - [0x00000000b1e00000, 0x0000000100000000) 
[2026-04-03T02:32:03.425+0600][93.284s][info][gc,heap,exit] Collection set:
[2026-04-03T02:32:03.425+0600][93.284s][info][gc,heap,exit]  - map (vanilla): 0x000000000001163c
[2026-04-03T02:32:03.425+0600][93.284s][info][gc,heap,exit]  - map (biased):  0x0000000000010000
[2026-04-03T02:32:03.425+0600][93.284s][info][gc,heap,exit] 
[2026-04-03T02:32:03.425+0600][93.284s][info][gc,heap,exit]  Metaspace       used 132211K, committed 133376K, reserved 1179648K
[2026-04-03T02:32:03.425+0600][93.284s][info][gc,heap,exit]   class space    used 16582K, committed 17152K, reserved 1048576K
[2026-04-03T02:32:03.425+0600][93.284s][info][gc,stats    ] 
[2026-04-03T02:32:03.425+0600][93.284s][info][gc,stats    ] GC STATISTICS:
[2026-04-03T02:32:03.425+0600][93.284s][info][gc,stats    ]   "(G)" (gross) pauses include VM time: time to notify and block threads, do the pre-
[2026-04-03T02:32:03.425+0600][93.284s][info][gc,stats    ]         and post-safepoint housekeeping. Use -Xlog:safepoint+stats to dissect.
[2026-04-03T02:32:03.425+0600][93.284s][info][gc,stats    ]   "(N)" (net) pauses are the times spent in the actual GC code.
[2026-04-03T02:32:03.425+0600][93.284s][info][gc,stats    ]   "a" is average time for each phase, look at levels to see if average makes sense.
[2026-04-03T02:32:03.425+0600][93.284s][info][gc,stats    ]   "lvls" are quantiles: 0% (minimum), 25%, 50% (median), 75%, 100% (maximum).
[2026-04-03T02:32:03.425+0600][93.284s][info][gc,stats    ] 
[2026-04-03T02:32:03.425+0600][93.284s][info][gc,stats    ]   All times are wall-clock times, except per-root-class counters, that are sum over
[2026-04-03T02:32:03.425+0600][93.284s][info][gc,stats    ]   all workers. Dividing the <total> over the root stage time estimates parallelism.
[2026-04-03T02:32:03.425+0600][93.284s][info][gc,stats    ] 
[2026-04-03T02:32:03.425+0600][93.284s][info][gc,stats    ]   Pacing delays are measured from entering the pacing code till exiting it. Therefore,
[2026-04-03T02:32:03.425+0600][93.284s][info][gc,stats    ]   observed pacing delays may be higher than the threshold when paced thread spent more
[2026-04-03T02:32:03.425+0600][93.284s][info][gc,stats    ]   time in the pacing code. It usually happens when thread is de-scheduled while paced,
[2026-04-03T02:32:03.425+0600][93.284s][info][gc,stats    ]   OS takes longer to unblock the thread, or JVM experiences an STW pause.
[2026-04-03T02:32:03.425+0600][93.284s][info][gc,stats    ] 
[2026-04-03T02:32:03.425+0600][93.284s][info][gc,stats    ]   Higher delay would prevent application outpacing the GC, but it will hide the GC latencies
[2026-04-03T02:32:03.425+0600][93.284s][info][gc,stats    ]   from the STW pause times. Pacing affects the individual threads, and so it would also be
[2026-04-03T02:32:03.425+0600][93.284s][info][gc,stats    ]   invisible to the usual profiling tools, but would add up to end-to-end application latency.
[2026-04-03T02:32:03.425+0600][93.284s][info][gc,stats    ]   Raise max pacing delay with care.
[2026-04-03T02:32:03.425+0600][93.284s][info][gc,stats    ] 
[2026-04-03T02:32:03.425+0600][93.284s][info][gc,stats    ] Concurrent Reset               =    0.200 s (a =     1906 us) (n =   105) (lvls, us =      637,     1074,     1348,     1934,    10067)
[2026-04-03T02:32:03.425+0600][93.284s][info][gc,stats    ] Pause Init Mark (G)            =    0.080 s (a =      760 us) (n =   105) (lvls, us =      268,      379,      480,      684,     4902)
[2026-04-03T02:32:03.425+0600][93.284s][info][gc,stats    ] Pause Init Mark (N)            =    0.017 s (a =      167 us) (n =   105) (lvls, us =       95,      131,      154,      178,      603)
[2026-04-03T02:32:03.425+0600][93.284s][info][gc,stats    ]   Update Region States         =    0.003 s (a =       32 us) (n =   105) (lvls, us =       14,       25,       30,       38,       57)
[2026-04-03T02:32:03.425+0600][93.284s][info][gc,stats    ] Concurrent Mark Roots          =    0.194 s (a =     1848 us) (n =   105) (lvls, us =      936,     1289,     1602,     2031,     6240)
[2026-04-03T02:32:03.425+0600][93.284s][info][gc,stats    ]   CMR: <total>                 =    0.338 s (a =     3223 us) (n =   105) (lvls, us =     1582,     2305,     3008,     3535,     7793)
[2026-04-03T02:32:03.425+0600][93.284s][info][gc,stats    ]   CMR: Thread Roots            =    0.292 s (a =     2778 us) (n =   105) (lvls, us =     1133,     1953,     2559,     3125,     7330)
[2026-04-03T02:32:03.425+0600][93.284s][info][gc,stats    ]   CMR: VM Strong Roots         =    0.007 s (a =       68 us) (n =   105) (lvls, us =       26,       44,       59,       70,      500)
[2026-04-03T02:32:03.425+0600][93.284s][info][gc,stats    ]   CMR: CLDG Roots              =    0.040 s (a =      377 us) (n =   105) (lvls, us =      129,      295,      381,      463,      566)
[2026-04-03T02:32:03.425+0600][93.284s][info][gc,stats    ] Concurrent Marking             =    5.962 s (a =    56781 us) (n =   105) (lvls, us =     6934,    50781,    58203,    64063,    91556)
[2026-04-03T02:32:03.425+0600][93.284s][info][gc,stats    ] Pause Final Mark (G)           =    0.123 s (a =     1169 us) (n =   105) (lvls, us =      703,      850,      969,     1172,     5369)
[2026-04-03T02:32:03.425+0600][93.284s][info][gc,stats    ] Pause Final Mark (N)           =    0.077 s (a =      730 us) (n =   105) (lvls, us =      490,      635,      709,      809,     1048)
[2026-04-03T02:32:03.425+0600][93.284s][info][gc,stats    ]   Finish Mark                  =    0.029 s (a =      276 us) (n =   105) (lvls, us =      156,      229,      271,      320,      478)
[2026-04-03T02:32:03.425+0600][93.284s][info][gc,stats    ]   Update Region States         =    0.005 s (a =       45 us) (n =   105) (lvls, us =       26,       36,       42,       48,      123)
[2026-04-03T02:32:03.425+0600][93.284s][info][gc,stats    ]   Choose Collection Set        =    0.023 s (a =      217 us) (n =   105) (lvls, us =      111,      170,      211,      238,      455)
[2026-04-03T02:32:03.425+0600][93.285s][info][gc,stats    ]   Rebuild Free Set             =    0.004 s (a =       36 us) (n =   105) (lvls, us =       20,       30,       34,       39,       69)
[2026-04-03T02:32:03.425+0600][93.285s][info][gc,stats    ] Concurrent Thread Roots        =    0.147 s (a =     1402 us) (n =   105) (lvls, us =      379,     1016,     1172,     1367,     6269)
[2026-04-03T02:32:03.425+0600][93.285s][info][gc,stats    ]   CTR: <total>                 =    0.311 s (a =     2964 us) (n =   105) (lvls, us =      279,     2227,     2656,     3262,     9381)
[2026-04-03T02:32:03.425+0600][93.285s][info][gc,stats    ]   CTR: Thread Roots            =    0.311 s (a =     2964 us) (n =   105) (lvls, us =      279,     2227,     2656,     3262,     9381)
[2026-04-03T02:32:03.425+0600][93.285s][info][gc,stats    ] Concurrent Weak References     =    0.122 s (a =     1158 us) (n =   105) (lvls, us =      404,      842,      973,     1152,    13759)
[2026-04-03T02:32:03.425+0600][93.285s][info][gc,stats    ]   CWRF: <total>                =    0.144 s (a =     1368 us) (n =   105) (lvls, us =      334,      908,     1133,     1328,    20991)
[2026-04-03T02:32:03.425+0600][93.285s][info][gc,stats    ]   CWRF: Weak References        =    0.144 s (a =     1368 us) (n =   105) (lvls, us =      334,      908,     1133,     1328,    20991)
[2026-04-03T02:32:03.425+0600][93.285s][info][gc,stats    ] Concurrent Weak Roots          =    0.663 s (a =     6316 us) (n =   105) (lvls, us =     1348,     4785,     5508,     6875,    27564)
[2026-04-03T02:32:03.425+0600][93.285s][info][gc,stats    ]   Roots                        =    0.528 s (a =     5026 us) (n =   105) (lvls, us =      801,     4160,     4785,     5449,    11078)
[2026-04-03T02:32:03.425+0600][93.285s][info][gc,stats    ]     CWR: <total>               =    1.382 s (a =    13164 us) (n =   105) (lvls, us =     1641,    10938,    12695,    14844,    23008)
[2026-04-03T02:32:03.425+0600][93.285s][info][gc,stats    ]     CWR: Code Cache Roots      =    1.051 s (a =    10012 us) (n =   105) (lvls, us =      703,     8105,     9902,    11133,    19512)
[2026-04-03T02:32:03.425+0600][93.285s][info][gc,stats    ]     CWR: VM Weak Roots         =    0.312 s (a =     2967 us) (n =   105) (lvls, us =      938,     2188,     2617,     3203,    11727)
[2026-04-03T02:32:03.425+0600][93.285s][info][gc,stats    ]     CWR: CLDG Roots            =    0.019 s (a =      185 us) (n =   105) (lvls, us =        8,      139,      191,      223,      341)
[2026-04-03T02:32:03.425+0600][93.285s][info][gc,stats    ]   Rendezvous                   =    0.100 s (a =      952 us) (n =   105) (lvls, us =      158,      324,      404,      570,     6782)
[2026-04-03T02:32:03.425+0600][93.285s][info][gc,stats    ] Concurrent Cleanup             =    0.075 s (a =      710 us) (n =   105) (lvls, us =      146,      523,      703,      840,     3152)
[2026-04-03T02:32:03.425+0600][93.285s][info][gc,stats    ] Concurrent Class Unloading     =    2.398 s (a =    22840 us) (n =   105) (lvls, us =     1699,    15234,    19531,    22461,    81341)
[2026-04-03T02:32:03.425+0600][93.285s][info][gc,stats    ]   Unlink Stale                 =    2.004 s (a =    19084 us) (n =   105) (lvls, us =     1172,    13867,    16016,    19141,    75316)
[2026-04-03T02:32:03.425+0600][93.285s][info][gc,stats    ]     System Dictionary          =    0.035 s (a =      332 us) (n =   105) (lvls, us =       11,      262,      289,      326,     1493)
[2026-04-03T02:32:03.425+0600][93.285s][info][gc,stats    ]     Weak Class Links           =    0.311 s (a =     2965 us) (n =   105) (lvls, us =        0,        0,        0,        1,    52439)
[2026-04-03T02:32:03.425+0600][93.285s][info][gc,stats    ]     Code Roots                 =    1.657 s (a =    15781 us) (n =   105) (lvls, us =     1152,    13672,    15234,    18359,    30210)
[2026-04-03T02:32:03.425+0600][93.285s][info][gc,stats    ]   Rendezvous                   =    0.054 s (a =      512 us) (n =   105) (lvls, us =      166,      365,      428,      490,     3313)
[2026-04-03T02:32:03.425+0600][93.285s][info][gc,stats    ]   Purge Unlinked               =    0.325 s (a =     3095 us) (n =   105) (lvls, us =       15,      973,     1758,     3047,    27749)
[2026-04-03T02:32:03.425+0600][93.285s][info][gc,stats    ]     Code Roots                 =    0.317 s (a =     3015 us) (n =   105) (lvls, us =        6,      961,     1719,     3027,    27141)
[2026-04-03T02:32:03.425+0600][93.285s][info][gc,stats    ]     CLDG                       =    0.008 s (a =       79 us) (n =   105) (lvls, us =        6,       12,       16,       26,     2535)
[2026-04-03T02:32:03.425+0600][93.285s][info][gc,stats    ]     Exception Caches           =    0.000 s (a =        0 us) (n =   105) (lvls, us =        0,        0,        0,        1,        1)
[2026-04-03T02:32:03.425+0600][93.285s][info][gc,stats    ] Concurrent Strong Roots        =    0.181 s (a =     1725 us) (n =   105) (lvls, us =      766,     1230,     1426,     1680,    23727)
[2026-04-03T02:32:03.425+0600][93.285s][info][gc,stats    ]   CSR: <total>                 =    0.105 s (a =      999 us) (n =   105) (lvls, us =      488,      777,      963,     1113,     3069)
[2026-04-03T02:32:03.426+0600][93.285s][info][gc,stats    ]   CSR: VM Strong Roots         =    0.007 s (a =       63 us) (n =   105) (lvls, us =       29,       49,       61,       73,      173)
[2026-04-03T02:32:03.426+0600][93.285s][info][gc,stats    ]   CSR: CLDG Roots              =    0.098 s (a =      935 us) (n =   105) (lvls, us =      443,      719,      896,     1035,     3010)
[2026-04-03T02:32:03.426+0600][93.285s][info][gc,stats    ] Concurrent Evacuation          =    0.542 s (a =     5164 us) (n =   105) (lvls, us =     1660,     2871,     3945,     5898,    28800)
[2026-04-03T02:32:03.426+0600][93.285s][info][gc,stats    ] Pause Init Update Refs (G)     =    0.077 s (a =      736 us) (n =   105) (lvls, us =      197,      418,      496,      625,     6762)
[2026-04-03T02:32:03.426+0600][93.285s][info][gc,stats    ] Pause Init Update Refs (N)     =    0.017 s (a =      161 us) (n =   105) (lvls, us =       84,      127,      152,      180,      400)
[2026-04-03T02:32:03.426+0600][93.285s][info][gc,stats    ]   Manage GCLABs                =    0.005 s (a =       47 us) (n =   105) (lvls, us =        5,       33,       41,       55,      186)
[2026-04-03T02:32:03.426+0600][93.285s][info][gc,stats    ] Concurrent Update Refs         =    4.873 s (a =    46411 us) (n =   105) (lvls, us =     3828,    42969,    47070,    51758,    78858)
[2026-04-03T02:32:03.426+0600][93.285s][info][gc,stats    ] Concurrent Update Thread Roots =    0.200 s (a =     1903 us) (n =   105) (lvls, us =      318,     1465,     1797,     1953,     7440)
[2026-04-03T02:32:03.426+0600][93.285s][info][gc,stats    ] Pause Final Update Refs (G)    =    0.078 s (a =      739 us) (n =   105) (lvls, us =      271,      461,      533,      615,     5260)
[2026-04-03T02:32:03.426+0600][93.285s][info][gc,stats    ] Pause Final Update Refs (N)    =    0.024 s (a =      226 us) (n =   105) (lvls, us =      143,      193,      217,      244,      528)
[2026-04-03T02:32:03.426+0600][93.285s][info][gc,stats    ]   Update Region States         =    0.006 s (a =       53 us) (n =   105) (lvls, us =       35,       45,       51,       57,      121)
[2026-04-03T02:32:03.426+0600][93.285s][info][gc,stats    ]   Trash Collection Set         =    0.002 s (a =       17 us) (n =   105) (lvls, us =        7,       12,       17,       20,       43)
[2026-04-03T02:32:03.426+0600][93.285s][info][gc,stats    ]   Rebuild Free Set             =    0.005 s (a =       43 us) (n =   105) (lvls, us =       21,       36,       39,       43,      181)
[2026-04-03T02:32:03.426+0600][93.285s][info][gc,stats    ] Concurrent Cleanup             =    0.059 s (a =      559 us) (n =   105) (lvls, us =      211,      451,      551,      641,     3820)
[2026-04-03T02:32:03.426+0600][93.285s][info][gc,stats    ] Concurrent Uncommit            =    0.428 s (a =   142803 us) (n =     3) (lvls, us =   130859,   130859,   130859,   144531,   152219)
[2026-04-03T02:32:03.426+0600][93.285s][info][gc,stats    ] Pacing                         =   11.221 s (a =   106871 us) (n =   105) (lvls, us =        0,        0,    99609,   173828,   341427)
[2026-04-03T02:32:03.426+0600][93.285s][info][gc,stats    ] 
[2026-04-03T02:32:03.426+0600][93.285s][info][gc,stats    ] 
[2026-04-03T02:32:03.426+0600][93.285s][info][gc,stats    ] Under allocation pressure, concurrent cycles may cancel, and either continue cycle
[2026-04-03T02:32:03.426+0600][93.285s][info][gc,stats    ] under stop-the-world pause or result in stop-the-world Full GC. Increase heap size,
[2026-04-03T02:32:03.426+0600][93.285s][info][gc,stats    ] tune GC heuristics, set more aggressive pacing delay, or lower allocation rate
[2026-04-03T02:32:03.426+0600][93.285s][info][gc,stats    ] to avoid Degenerated and Full GC cycles.
[2026-04-03T02:32:03.426+0600][93.285s][info][gc,stats    ] 
[2026-04-03T02:32:03.426+0600][93.285s][info][gc,stats    ]   105 successful concurrent GCs
[2026-04-03T02:32:03.426+0600][93.285s][info][gc,stats    ]       3 invoked explicitly
[2026-04-03T02:32:03.426+0600][93.285s][info][gc,stats    ]       0 invoked implicitly
[2026-04-03T02:32:03.426+0600][93.285s][info][gc,stats    ] 
[2026-04-03T02:32:03.426+0600][93.285s][info][gc,stats    ]     0 Degenerated GCs
[2026-04-03T02:32:03.426+0600][93.285s][info][gc,stats    ]       0 caused by allocation failure
[2026-04-03T02:32:03.426+0600][93.285s][info][gc,stats    ]       0 upgraded to Full GC
[2026-04-03T02:32:03.426+0600][93.285s][info][gc,stats    ] 
[2026-04-03T02:32:03.426+0600][93.285s][info][gc,stats    ]     0 Full GCs
[2026-04-03T02:32:03.426+0600][93.285s][info][gc,stats    ]       0 invoked explicitly
[2026-04-03T02:32:03.426+0600][93.285s][info][gc,stats    ]       0 invoked implicitly
[2026-04-03T02:32:03.426+0600][93.285s][info][gc,stats    ]       0 caused by allocation failure
[2026-04-03T02:32:03.426+0600][93.285s][info][gc,stats    ]       0 upgraded from Degenerated GC
[2026-04-03T02:32:03.426+0600][93.285s][info][gc,stats    ] 
[2026-04-03T02:32:03.426+0600][93.285s][info][gc,stats    ] 
