[2026-04-03T02:43:15.216+0600][0.005s][info][gc] Heuristics ergonomically sets -XX:+ExplicitGCInvokesConcurrent
[2026-04-03T02:43:15.216+0600][0.005s][info][gc] Heuristics ergonomically sets -XX:+ShenandoahImplicitGCInvokesConcurrent
[2026-04-03T02:43:15.217+0600][0.006s][info][gc] Using Shenandoah
[2026-04-03T02:43:15.217+0600][0.007s][info][gc,ergo] Pacer for Idle. Initial: 35840K, Alloc Tax Rate: 1.0x
[2026-04-03T02:43:15.218+0600][0.007s][info][gc,init] Version: 21.0.10+7-Ubuntu-124.04 (release)
[2026-04-03T02:43:15.218+0600][0.007s][info][gc,init] CPUs: 12 total, 12 available
[2026-04-03T02:43:15.218+0600][0.007s][info][gc,init] Memory: 15683M
[2026-04-03T02:43:15.218+0600][0.007s][info][gc,init] Large Page Support: Disabled
[2026-04-03T02:43:15.218+0600][0.007s][info][gc,init] NUMA Support: Disabled
[2026-04-03T02:43:15.218+0600][0.007s][info][gc,init] Compressed Oops: Enabled (32-bit)
[2026-04-03T02:43:15.218+0600][0.007s][info][gc,init] Heap Min Capacity: 6656K
[2026-04-03T02:43:15.218+0600][0.007s][info][gc,init] Heap Initial Capacity: 251392K
[2026-04-03T02:43:15.218+0600][0.007s][info][gc,init] Heap Max Capacity: 1750M
[2026-04-03T02:43:15.218+0600][0.007s][info][gc,init] Pre-touch: Disabled
[2026-04-03T02:43:15.218+0600][0.007s][info][gc,init] Mode: Snapshot-At-The-Beginning (SATB)
[2026-04-03T02:43:15.218+0600][0.007s][info][gc,init] Heuristics: Adaptive
[2026-04-03T02:43:15.218+0600][0.007s][info][gc,init] Heap Region Count: 3500
[2026-04-03T02:43:15.218+0600][0.007s][info][gc,init] Heap Region Size: 512K
[2026-04-03T02:43:15.218+0600][0.007s][info][gc,init] TLAB Size Max: 512K
[2026-04-03T02:43:15.218+0600][0.007s][info][gc,init] Humongous Object Threshold: 512K
[2026-04-03T02:43:15.218+0600][0.007s][info][gc,init] Parallel Workers: 6
[2026-04-03T02:43:15.218+0600][0.007s][info][gc,init] Concurrent Workers: 3
[2026-04-03T02:43:15.229+0600][0.018s][info][gc,metaspace] CDS archive(s) mapped at: [0x0000753017000000-0x0000753017c9c000-0x0000753017c9c000), size 13221888, SharedBaseAddress: 0x0000753017000000, ArchiveRelocationMode: 1.
[2026-04-03T02:43:15.229+0600][0.018s][info][gc,metaspace] Compressed class space mapped at: 0x0000753018000000-0x0000753058000000, reserved size: 1073741824
[2026-04-03T02:43:15.229+0600][0.018s][info][gc,metaspace] Narrow klass base: 0x0000753017000000, Narrow klass shift: 0, Narrow klass range: 0x100000000
[2026-04-03T02:43:19.359+0600][4.148s][info][gc          ] Trigger: Metadata GC Threshold
[2026-04-03T02:43:19.359+0600][4.148s][info][gc,ergo     ] Free: 1293M, Max: 512K regular, 1293M humongous, Frag: 0% external, 0% internal; Reserve: 89600K, Max: 512K
[2026-04-03T02:43:19.359+0600][4.148s][info][gc,start    ] GC(0) Concurrent reset
[2026-04-03T02:43:19.359+0600][4.149s][info][gc,task     ] GC(0) Using 3 of 6 workers for concurrent reset
[2026-04-03T02:43:19.359+0600][4.149s][info][gc,ergo     ] GC(0) Pacer for Reset. Non-Taxable: 1750M
[2026-04-03T02:43:19.360+0600][4.149s][info][gc          ] GC(0) Concurrent reset 1.030ms
[2026-04-03T02:43:19.360+0600][4.149s][info][gc,start    ] GC(0) Pause Init Mark (unload classes)
[2026-04-03T02:43:19.360+0600][4.150s][info][gc,task     ] GC(0) Using 6 of 6 workers for init marking
[2026-04-03T02:43:19.360+0600][4.150s][info][gc,ergo     ] GC(0) Pacer for Mark. Expected Live: 175M, Free: 1293M, Non-Taxable: 129M, Alloc Tax Rate: 0.2x
[2026-04-03T02:43:19.360+0600][4.150s][info][gc          ] GC(0) Pause Init Mark (unload classes) 0.470ms
[2026-04-03T02:43:19.361+0600][4.150s][info][gc,start    ] GC(0) Concurrent marking roots
[2026-04-03T02:43:19.361+0600][4.150s][info][gc,task     ] GC(0) Using 3 of 6 workers for concurrent marking roots
[2026-04-03T02:43:19.363+0600][4.153s][info][gc          ] GC(0) Concurrent marking roots 2.750ms
[2026-04-03T02:43:19.363+0600][4.153s][info][gc,start    ] GC(0) Concurrent marking (unload classes)
[2026-04-03T02:43:19.363+0600][4.153s][info][gc,task     ] GC(0) Using 3 of 6 workers for concurrent marking
[2026-04-03T02:43:19.373+0600][4.162s][info][gc          ] GC(0) Concurrent marking (unload classes) 9.288ms
[2026-04-03T02:43:19.373+0600][4.162s][info][gc,start    ] GC(0) Pause Final Mark (unload classes)
[2026-04-03T02:43:19.373+0600][4.162s][info][gc,task     ] GC(0) Using 6 of 6 workers for final marking
[2026-04-03T02:43:19.373+0600][4.163s][info][gc,ergo     ] GC(0) Adaptive CSet Selection. Target Free: 247M, Actual Free: 1380M, Max CSet: 74666K, Min Garbage: 0B
[2026-04-03T02:43:19.374+0600][4.163s][info][gc,ergo     ] GC(0) Collectable Garbage: 349M (99%), Immediate: 0B (0%), CSet: 349M (99%)
[2026-04-03T02:43:19.374+0600][4.163s][info][gc,ergo     ] GC(0) Pacer for Evacuation. Used CSet: 361M, Free: 1293M, Non-Taxable: 129M, Alloc Tax Rate: 1.1x
[2026-04-03T02:43:19.374+0600][4.163s][info][gc          ] GC(0) Pause Final Mark (unload classes) 0.776ms
[2026-04-03T02:43:19.374+0600][4.163s][info][gc,start    ] GC(0) Concurrent thread roots
[2026-04-03T02:43:19.374+0600][4.163s][info][gc,task     ] GC(0) Using 3 of 6 workers for Concurrent thread roots
[2026-04-03T02:43:19.374+0600][4.164s][info][gc          ] GC(0) Concurrent thread roots 0.339ms
[2026-04-03T02:43:19.374+0600][4.164s][info][gc,start    ] GC(0) Concurrent weak references
[2026-04-03T02:43:19.374+0600][4.164s][info][gc,task     ] GC(0) Using 3 of 6 workers for concurrent weak references
[2026-04-03T02:43:19.375+0600][4.164s][info][gc,ref      ] GC(0) Encountered references: Soft: 3500, Weak: 1468, Final: 0, Phantom: 563
[2026-04-03T02:43:19.375+0600][4.164s][info][gc,ref      ] GC(0) Discovered  references: Soft: 0, Weak: 1073, Final: 0, Phantom: 560
[2026-04-03T02:43:19.375+0600][4.164s][info][gc,ref      ] GC(0) Enqueued    references: Soft: 0, Weak: 460, Final: 0, Phantom: 0
[2026-04-03T02:43:19.375+0600][4.164s][info][gc          ] GC(0) Concurrent weak references 0.686ms
[2026-04-03T02:43:19.375+0600][4.164s][info][gc,start    ] GC(0) Concurrent weak roots
[2026-04-03T02:43:19.375+0600][4.164s][info][gc,task     ] GC(0) Using 3 of 6 workers for concurrent weak root
[2026-04-03T02:43:19.376+0600][4.165s][info][gc          ] GC(0) Concurrent weak roots 0.987ms
[2026-04-03T02:43:19.376+0600][4.165s][info][gc,start    ] GC(0) Concurrent cleanup
[2026-04-03T02:43:19.376+0600][4.166s][info][gc          ] GC(0) Concurrent cleanup 368M->368M(370M) 0.176ms
[2026-04-03T02:43:19.376+0600][4.166s][info][gc,ergo     ] GC(0) Free: 1293M, Max: 512K regular, 1293M humongous, Frag: 0% external, 0% internal; Reserve: 89023K, Max: 512K
[2026-04-03T02:43:19.376+0600][4.166s][info][gc,start    ] GC(0) Concurrent class unloading
[2026-04-03T02:43:19.376+0600][4.166s][info][gc,task     ] GC(0) Using 3 of 6 workers for concurrent class unloading
[2026-04-03T02:43:19.379+0600][4.168s][info][gc          ] GC(0) Concurrent class unloading 2.449ms
[2026-04-03T02:43:19.379+0600][4.168s][info][gc,start    ] GC(0) Concurrent strong roots
[2026-04-03T02:43:19.379+0600][4.168s][info][gc,task     ] GC(0) Using 3 of 6 workers for concurrent strong root
[2026-04-03T02:43:19.380+0600][4.169s][info][gc          ] GC(0) Concurrent strong roots 1.325ms
[2026-04-03T02:43:19.380+0600][4.169s][info][gc,start    ] GC(0) Concurrent evacuation
[2026-04-03T02:43:19.380+0600][4.169s][info][gc,task     ] GC(0) Using 3 of 6 workers for concurrent evacuation
[2026-04-03T02:43:19.389+0600][4.178s][info][gc          ] GC(0) Concurrent evacuation 8.455ms
[2026-04-03T02:43:19.389+0600][4.178s][info][gc,start    ] GC(0) Pause Init Update Refs
[2026-04-03T02:43:19.389+0600][4.178s][info][gc,ergo     ] GC(0) Pacer for Update Refs. Used: 382M, Free: 1293M, Non-Taxable: 129M, Alloc Tax Rate: 1.1x
[2026-04-03T02:43:19.389+0600][4.178s][info][gc          ] GC(0) Pause Init Update Refs 0.091ms
[2026-04-03T02:43:19.389+0600][4.178s][info][gc,start    ] GC(0) Concurrent update references
[2026-04-03T02:43:19.389+0600][4.178s][info][gc,task     ] GC(0) Using 3 of 6 workers for concurrent reference update
[2026-04-03T02:43:19.393+0600][4.182s][info][gc          ] GC(0) Concurrent update references 3.890ms
[2026-04-03T02:43:19.393+0600][4.182s][info][gc,start    ] GC(0) Concurrent update thread roots
[2026-04-03T02:43:19.394+0600][4.183s][info][gc          ] GC(0) Concurrent update thread roots 0.718ms
[2026-04-03T02:43:19.394+0600][4.183s][info][gc,start    ] GC(0) Pause Final Update Refs
[2026-04-03T02:43:19.394+0600][4.183s][info][gc,task     ] GC(0) Using 6 of 6 workers for final reference update
[2026-04-03T02:43:19.394+0600][4.183s][info][gc          ] GC(0) Pause Final Update Refs 0.194ms
[2026-04-03T02:43:19.394+0600][4.183s][info][gc,start    ] GC(0) Concurrent cleanup
[2026-04-03T02:43:19.394+0600][4.184s][info][gc          ] GC(0) Concurrent cleanup 383M->22M(385M) 0.332ms
[2026-04-03T02:43:19.394+0600][4.184s][info][gc,ergo     ] Free: 1638M, Max: 512K regular, 1277M humongous, Frag: 23% external, 0% internal; Reserve: 89600K, Max: 512K
[2026-04-03T02:43:19.394+0600][4.184s][info][gc,stats    ] 
[2026-04-03T02:43:19.394+0600][4.184s][info][gc,stats    ] All times are wall-clock times, except per-root-class counters, that are sum over
[2026-04-03T02:43:19.394+0600][4.184s][info][gc,stats    ] all workers. Dividing the <total> over the root stage time estimates parallelism.
[2026-04-03T02:43:19.394+0600][4.184s][info][gc,stats    ] 
[2026-04-03T02:43:19.394+0600][4.184s][info][gc,stats    ] Concurrent Reset                   1064 us
[2026-04-03T02:43:19.394+0600][4.184s][info][gc,stats    ] Pause Init Mark (G)                 659 us
[2026-04-03T02:43:19.394+0600][4.184s][info][gc,stats    ] Pause Init Mark (N)                 490 us
[2026-04-03T02:43:19.394+0600][4.184s][info][gc,stats    ]   Update Region States               23 us
[2026-04-03T02:43:19.394+0600][4.184s][info][gc,stats    ] Concurrent Mark Roots              2800 us, parallelism: 1.36x
[2026-04-03T02:43:19.394+0600][4.184s][info][gc,stats    ]   CMR: <total>                     3796 us
[2026-04-03T02:43:19.394+0600][4.184s][info][gc,stats    ]   CMR: Thread Roots                2682 us, workers (us): 2361, 321,   0, ---, ---, ---, 
[2026-04-03T02:43:19.395+0600][4.184s][info][gc,stats    ]   CMR: VM Strong Roots              374 us, workers (us): 130, 199,  46, ---, ---, ---, 
[2026-04-03T02:43:19.395+0600][4.184s][info][gc,stats    ]   CMR: CLDG Roots                   739 us, workers (us): ---, ---, 739, ---, ---, ---, 
[2026-04-03T02:43:19.395+0600][4.184s][info][gc,stats    ] Concurrent Marking                 9439 us
[2026-04-03T02:43:19.395+0600][4.184s][info][gc,stats    ] Pause Final Mark (G)               1078 us
[2026-04-03T02:43:19.395+0600][4.184s][info][gc,stats    ] Pause Final Mark (N)                790 us
[2026-04-03T02:43:19.395+0600][4.184s][info][gc,stats    ]   Finish Mark                       302 us
[2026-04-03T02:43:19.395+0600][4.184s][info][gc,stats    ]   Update Region States               38 us
[2026-04-03T02:43:19.395+0600][4.184s][info][gc,stats    ]   Choose Collection Set             336 us
[2026-04-03T02:43:19.395+0600][4.184s][info][gc,stats    ]   Rebuild Free Set                   25 us
[2026-04-03T02:43:19.395+0600][4.184s][info][gc,stats    ] Concurrent Thread Roots             380 us, parallelism: 0.57x
[2026-04-03T02:43:19.395+0600][4.184s][info][gc,stats    ]   CTR: <total>                      215 us
[2026-04-03T02:43:19.395+0600][4.184s][info][gc,stats    ]   CTR: Thread Roots                 215 us, workers (us): 105,  75,  35, ---, ---, ---, 
[2026-04-03T02:43:19.395+0600][4.184s][info][gc,stats    ] Concurrent Weak References          695 us, parallelism: 0.85x
[2026-04-03T02:43:19.395+0600][4.184s][info][gc,stats    ]   CWRF: <total>                     590 us
[2026-04-03T02:43:19.395+0600][4.184s][info][gc,stats    ]   CWRF: Weak References             590 us, workers (us):  16, 378, 196, ---, ---, ---, 
[2026-04-03T02:43:19.395+0600][4.184s][info][gc,stats    ] Concurrent Weak Roots              1033 us
[2026-04-03T02:43:19.395+0600][4.184s][info][gc,stats    ]   Roots                             864 us, parallelism: 2.45x
[2026-04-03T02:43:19.395+0600][4.184s][info][gc,stats    ]     CWR: <total>                   2116 us
[2026-04-03T02:43:19.395+0600][4.184s][info][gc,stats    ]     CWR: Code Cache Roots           703 us, workers (us): 211, 242, 251, ---, ---, ---, 
[2026-04-03T02:43:19.395+0600][4.184s][info][gc,stats    ]     CWR: VM Weak Roots             1402 us, workers (us): 484, 483, 436, ---, ---, ---, 
[2026-04-03T02:43:19.395+0600][4.184s][info][gc,stats    ]     CWR: CLDG Roots                  10 us, workers (us):  10, ---, ---, ---, ---, ---, 
[2026-04-03T02:43:19.395+0600][4.184s][info][gc,stats    ]   Rendezvous                        100 us
[2026-04-03T02:43:19.395+0600][4.184s][info][gc,stats    ] Concurrent Cleanup                  192 us
[2026-04-03T02:43:19.395+0600][4.184s][info][gc,stats    ] Concurrent Class Unloading         2509 us
[2026-04-03T02:43:19.395+0600][4.184s][info][gc,stats    ]   Unlink Stale                     1605 us
[2026-04-03T02:43:19.395+0600][4.184s][info][gc,stats    ]     System Dictionary                28 us
[2026-04-03T02:43:19.395+0600][4.184s][info][gc,stats    ]     Weak Class Links                  0 us
[2026-04-03T02:43:19.395+0600][4.184s][info][gc,stats    ]     Code Roots                     1573 us
[2026-04-03T02:43:19.395+0600][4.184s][info][gc,stats    ]   Rendezvous                        172 us
[2026-04-03T02:43:19.395+0600][4.184s][info][gc,stats    ]   Purge Unlinked                    649 us
[2026-04-03T02:43:19.395+0600][4.184s][info][gc,stats    ]     Code Roots                      635 us
[2026-04-03T02:43:19.395+0600][4.184s][info][gc,stats    ]     CLDG                             13 us
[2026-04-03T02:43:19.395+0600][4.184s][info][gc,stats    ]     Exception Caches                  0 us
[2026-04-03T02:43:19.395+0600][4.184s][info][gc,stats    ] Concurrent Strong Roots            1372 us, parallelism: 0.89x
[2026-04-03T02:43:19.395+0600][4.184s][info][gc,stats    ]   CSR: <total>                     1221 us
[2026-04-03T02:43:19.395+0600][4.184s][info][gc,stats    ]   CSR: VM Strong Roots               29 us, workers (us):  18,  10,   0, ---, ---, ---, 
[2026-04-03T02:43:19.395+0600][4.184s][info][gc,stats    ]   CSR: CLDG Roots                  1192 us, workers (us): ---, 1192, ---, ---, ---, ---, 
[2026-04-03T02:43:19.395+0600][4.184s][info][gc,stats    ] Concurrent Evacuation              8526 us
[2026-04-03T02:43:19.395+0600][4.184s][info][gc,stats    ] Pause Init Update Refs (G)          294 us
[2026-04-03T02:43:19.395+0600][4.184s][info][gc,stats    ] Pause Init Update Refs (N)          102 us
[2026-04-03T02:43:19.395+0600][4.184s][info][gc,stats    ]   Manage GCLABs                       6 us
[2026-04-03T02:43:19.395+0600][4.184s][info][gc,stats    ] Concurrent Update Refs             3960 us
[2026-04-03T02:43:19.395+0600][4.184s][info][gc,stats    ] Concurrent Update Thread Roots      745 us
[2026-04-03T02:43:19.395+0600][4.184s][info][gc,stats    ] Pause Final Update Refs (G)         336 us
[2026-04-03T02:43:19.395+0600][4.184s][info][gc,stats    ] Pause Final Update Refs (N)         216 us
[2026-04-03T02:43:19.395+0600][4.184s][info][gc,stats    ]   Update Region States               75 us
[2026-04-03T02:43:19.395+0600][4.184s][info][gc,stats    ]   Trash Collection Set               12 us
[2026-04-03T02:43:19.395+0600][4.184s][info][gc,stats    ]   Rebuild Free Set                   31 us
[2026-04-03T02:43:19.395+0600][4.184s][info][gc,stats    ] Concurrent Cleanup                  363 us
[2026-04-03T02:43:19.395+0600][4.184s][info][gc,stats    ] 
[2026-04-03T02:43:19.395+0600][4.184s][info][gc,stats    ] Allocation pacing accrued:
[2026-04-03T02:43:19.395+0600][4.184s][info][gc,stats    ]       0 of  4178 ms (  0.0%): <total>
[2026-04-03T02:43:19.395+0600][4.184s][info][gc,stats    ]       0 of  4178 ms (  0.0%): <average total>
[2026-04-03T02:43:19.395+0600][4.184s][info][gc,stats    ] 
[2026-04-03T02:43:19.395+0600][4.185s][info][gc,metaspace] Metaspace: 21295K(21632K)->21566K(21952K) NonClass: 18649K(18816K)->18876K(19072K) Class: 2645K(2816K)->2690K(2880K)
[2026-04-03T02:43:19.395+0600][4.185s][info][gc,ergo     ] Pacer for Idle. Initial: 35840K, Alloc Tax Rate: 1.0x
[2026-04-03T02:43:22.265+0600][7.054s][info][gc          ] Trigger: Metadata GC Threshold
[2026-04-03T02:43:22.265+0600][7.054s][info][gc,ergo     ] Free: 1513M, Max: 512K regular, 1277M humongous, Frag: 16% external, 0% internal; Reserve: 89600K, Max: 512K
[2026-04-03T02:43:22.265+0600][7.054s][info][gc,start    ] GC(1) Concurrent reset
[2026-04-03T02:43:22.265+0600][7.054s][info][gc,task     ] GC(1) Using 3 of 6 workers for concurrent reset
[2026-04-03T02:43:22.265+0600][7.054s][info][gc,ergo     ] GC(1) Pacer for Reset. Non-Taxable: 1750M
[2026-04-03T02:43:22.274+0600][7.064s][info][gc          ] GC(1) Concurrent reset 9.630ms
[2026-04-03T02:43:22.275+0600][7.064s][info][gc,start    ] GC(1) Pause Init Mark (unload classes)
[2026-04-03T02:43:22.275+0600][7.064s][info][gc,task     ] GC(1) Using 6 of 6 workers for init marking
[2026-04-03T02:43:22.275+0600][7.064s][info][gc,ergo     ] GC(1) Pacer for Mark. Expected Live: 18335K, Free: 1513M, Non-Taxable: 151M, Alloc Tax Rate: 0.0x
[2026-04-03T02:43:22.275+0600][7.064s][info][gc          ] GC(1) Pause Init Mark (unload classes) 0.160ms
[2026-04-03T02:43:22.275+0600][7.064s][info][gc,start    ] GC(1) Concurrent marking roots
[2026-04-03T02:43:22.275+0600][7.064s][info][gc,task     ] GC(1) Using 3 of 6 workers for concurrent marking roots
[2026-04-03T02:43:22.277+0600][7.066s][info][gc          ] GC(1) Concurrent marking roots 1.653ms
[2026-04-03T02:43:22.277+0600][7.066s][info][gc,start    ] GC(1) Concurrent marking (unload classes)
[2026-04-03T02:43:22.277+0600][7.066s][info][gc,task     ] GC(1) Using 3 of 6 workers for concurrent marking
[2026-04-03T02:43:22.289+0600][7.078s][info][gc          ] GC(1) Concurrent marking (unload classes) 12.201ms
[2026-04-03T02:43:22.289+0600][7.078s][info][gc,start    ] GC(1) Pause Final Mark (unload classes)
[2026-04-03T02:43:22.289+0600][7.079s][info][gc,task     ] GC(1) Using 6 of 6 workers for final marking
[2026-04-03T02:43:22.290+0600][7.079s][info][gc,ergo     ] GC(1) Adaptive CSet Selection. Target Free: 247M, Actual Free: 1609M, Max CSet: 74666K, Min Garbage: 0B
[2026-04-03T02:43:22.290+0600][7.079s][info][gc,ergo     ] GC(1) Collectable Garbage: 120M (99%), Immediate: 10636K (8%), CSet: 109M (90%)
[2026-04-03T02:43:22.290+0600][7.079s][info][gc,ergo     ] GC(1) Pacer for Evacuation. Used CSet: 115M, Free: 1527M, Non-Taxable: 152M, Alloc Tax Rate: 1.1x
[2026-04-03T02:43:22.290+0600][7.079s][info][gc          ] GC(1) Pause Final Mark (unload classes) 0.644ms
[2026-04-03T02:43:22.290+0600][7.079s][info][gc,start    ] GC(1) Concurrent thread roots
[2026-04-03T02:43:22.290+0600][7.079s][info][gc,task     ] GC(1) Using 3 of 6 workers for Concurrent thread roots
[2026-04-03T02:43:22.291+0600][7.080s][info][gc          ] GC(1) Concurrent thread roots 0.702ms
[2026-04-03T02:43:22.291+0600][7.080s][info][gc,start    ] GC(1) Concurrent weak references
[2026-04-03T02:43:22.291+0600][7.080s][info][gc,task     ] GC(1) Using 3 of 6 workers for concurrent weak references
[2026-04-03T02:43:22.291+0600][7.081s][info][gc,ref      ] GC(1) Encountered references: Soft: 3858, Weak: 2546, Final: 80, Phantom: 569
[2026-04-03T02:43:22.291+0600][7.081s][info][gc,ref      ] GC(1) Discovered  references: Soft: 0, Weak: 1258, Final: 0, Phantom: 565
[2026-04-03T02:43:22.291+0600][7.081s][info][gc,ref      ] GC(1) Enqueued    references: Soft: 0, Weak: 478, Final: 0, Phantom: 1
[2026-04-03T02:43:22.291+0600][7.081s][info][gc          ] GC(1) Concurrent weak references 0.659ms
[2026-04-03T02:43:22.291+0600][7.081s][info][gc,start    ] GC(1) Concurrent weak roots
[2026-04-03T02:43:22.291+0600][7.081s][info][gc,task     ] GC(1) Using 3 of 6 workers for concurrent weak root
[2026-04-03T02:43:22.293+0600][7.083s][info][gc          ] GC(1) Concurrent weak roots 1.991ms
[2026-04-03T02:43:22.293+0600][7.083s][info][gc,start    ] GC(1) Concurrent cleanup
[2026-04-03T02:43:22.294+0600][7.083s][info][gc          ] GC(1) Concurrent cleanup 144M->134M(385M) 0.230ms
[2026-04-03T02:43:22.294+0600][7.083s][info][gc,ergo     ] GC(1) Free: 1526M, Max: 512K regular, 1277M humongous, Frag: 17% external, 0% internal; Reserve: 89088K, Max: 512K
[2026-04-03T02:43:22.294+0600][7.083s][info][gc,start    ] GC(1) Concurrent class unloading
[2026-04-03T02:43:22.294+0600][7.083s][info][gc,task     ] GC(1) Using 3 of 6 workers for concurrent class unloading
[2026-04-03T02:43:22.298+0600][7.087s][info][gc          ] GC(1) Concurrent class unloading 4.238ms
[2026-04-03T02:43:22.298+0600][7.087s][info][gc,start    ] GC(1) Concurrent strong roots
[2026-04-03T02:43:22.298+0600][7.087s][info][gc,task     ] GC(1) Using 3 of 6 workers for concurrent strong root
[2026-04-03T02:43:22.299+0600][7.089s][info][gc          ] GC(1) Concurrent strong roots 1.190ms
[2026-04-03T02:43:22.299+0600][7.089s][info][gc,start    ] GC(1) Concurrent evacuation
[2026-04-03T02:43:22.299+0600][7.089s][info][gc,task     ] GC(1) Using 3 of 6 workers for concurrent evacuation
[2026-04-03T02:43:22.305+0600][7.095s][info][gc          ] GC(1) Concurrent evacuation 5.851ms
[2026-04-03T02:43:22.306+0600][7.095s][info][gc,start    ] GC(1) Pause Init Update Refs
[2026-04-03T02:43:22.306+0600][7.095s][info][gc,ergo     ] GC(1) Pacer for Update Refs. Used: 141M, Free: 1526M, Non-Taxable: 152M, Alloc Tax Rate: 1.1x
[2026-04-03T02:43:22.306+0600][7.095s][info][gc          ] GC(1) Pause Init Update Refs 0.098ms
[2026-04-03T02:43:22.306+0600][7.095s][info][gc,start    ] GC(1) Concurrent update references
[2026-04-03T02:43:22.306+0600][7.095s][info][gc,task     ] GC(1) Using 3 of 6 workers for concurrent reference update
[2026-04-03T02:43:22.315+0600][7.104s][info][gc          ] GC(1) Concurrent update references 8.884ms
[2026-04-03T02:43:22.315+0600][7.104s][info][gc,start    ] GC(1) Concurrent update thread roots
[2026-04-03T02:43:22.315+0600][7.105s][info][gc          ] GC(1) Concurrent update thread roots 0.506ms
[2026-04-03T02:43:22.315+0600][7.105s][info][gc,start    ] GC(1) Pause Final Update Refs
[2026-04-03T02:43:22.315+0600][7.105s][info][gc,task     ] GC(1) Using 6 of 6 workers for final reference update
[2026-04-03T02:43:22.316+0600][7.105s][info][gc          ] GC(1) Pause Final Update Refs 0.183ms
[2026-04-03T02:43:22.316+0600][7.105s][info][gc,start    ] GC(1) Concurrent cleanup
[2026-04-03T02:43:22.316+0600][7.106s][info][gc          ] GC(1) Concurrent cleanup 145M->29M(392M) 0.714ms
[2026-04-03T02:43:22.317+0600][7.106s][info][gc,ergo     ] Free: 1631M, Max: 512K regular, 1361M humongous, Frag: 17% external, 0% internal; Reserve: 89600K, Max: 512K
[2026-04-03T02:43:22.317+0600][7.106s][info][gc,stats    ] 
[2026-04-03T02:43:22.317+0600][7.106s][info][gc,stats    ] All times are wall-clock times, except per-root-class counters, that are sum over
[2026-04-03T02:43:22.317+0600][7.106s][info][gc,stats    ] all workers. Dividing the <total> over the root stage time estimates parallelism.
[2026-04-03T02:43:22.317+0600][7.106s][info][gc,stats    ] 
[2026-04-03T02:43:22.317+0600][7.106s][info][gc,stats    ] Concurrent Reset                   9729 us
[2026-04-03T02:43:22.317+0600][7.106s][info][gc,stats    ] Pause Init Mark (G)                 412 us
[2026-04-03T02:43:22.317+0600][7.106s][info][gc,stats    ] Pause Init Mark (N)                 171 us
[2026-04-03T02:43:22.317+0600][7.106s][info][gc,stats    ]   Update Region States               37 us
[2026-04-03T02:43:22.317+0600][7.106s][info][gc,stats    ] Concurrent Mark Roots              1736 us, parallelism: 1.93x
[2026-04-03T02:43:22.317+0600][7.106s][info][gc,stats    ]   CMR: <total>                     3352 us
[2026-04-03T02:43:22.317+0600][7.106s][info][gc,stats    ]   CMR: Thread Roots                2859 us, workers (us): 678, 953, 1229, ---, ---, ---, 
[2026-04-03T02:43:22.317+0600][7.106s][info][gc,stats    ]   CMR: VM Strong Roots              179 us, workers (us): 119,  59,   1, ---, ---, ---, 
[2026-04-03T02:43:22.317+0600][7.106s][info][gc,stats    ]   CMR: CLDG Roots                   314 us, workers (us): 314, ---, ---, ---, ---, ---, 
[2026-04-03T02:43:22.317+0600][7.106s][info][gc,stats    ] Concurrent Marking                12304 us
[2026-04-03T02:43:22.317+0600][7.106s][info][gc,stats    ] Pause Final Mark (G)                803 us
[2026-04-03T02:43:22.317+0600][7.106s][info][gc,stats    ] Pause Final Mark (N)                658 us
[2026-04-03T02:43:22.317+0600][7.106s][info][gc,stats    ]   Finish Mark                       251 us
[2026-04-03T02:43:22.317+0600][7.106s][info][gc,stats    ]   Update Region States               60 us
[2026-04-03T02:43:22.317+0600][7.106s][info][gc,stats    ]   Choose Collection Set             160 us
[2026-04-03T02:43:22.317+0600][7.106s][info][gc,stats    ]   Rebuild Free Set                   59 us
[2026-04-03T02:43:22.317+0600][7.106s][info][gc,stats    ] Concurrent Thread Roots             760 us, parallelism: 1.53x
[2026-04-03T02:43:22.317+0600][7.106s][info][gc,stats    ]   CTR: <total>                     1161 us
[2026-04-03T02:43:22.317+0600][7.106s][info][gc,stats    ]   CTR: Thread Roots                1161 us, workers (us): 462, 356, 342, ---, ---, ---, 
[2026-04-03T02:43:22.317+0600][7.106s][info][gc,stats    ] Concurrent Weak References          674 us, parallelism: 0.91x
[2026-04-03T02:43:22.317+0600][7.106s][info][gc,stats    ]   CWRF: <total>                     610 us
[2026-04-03T02:43:22.317+0600][7.106s][info][gc,stats    ]   CWRF: Weak References             610 us, workers (us): 103,  74, 433, ---, ---, ---, 
[2026-04-03T02:43:22.317+0600][7.106s][info][gc,stats    ] Concurrent Weak Roots              2067 us
[2026-04-03T02:43:22.317+0600][7.106s][info][gc,stats    ]   Roots                            1808 us, parallelism: 2.55x
[2026-04-03T02:43:22.317+0600][7.106s][info][gc,stats    ]     CWR: <total>                   4614 us
[2026-04-03T02:43:22.317+0600][7.106s][info][gc,stats    ]     CWR: Code Cache Roots          1958 us, workers (us): 608, 647, 703, ---, ---, ---, 
[2026-04-03T02:43:22.317+0600][7.106s][info][gc,stats    ]     CWR: VM Weak Roots             2626 us, workers (us): 928, 847, 851, ---, ---, ---, 
[2026-04-03T02:43:22.317+0600][7.106s][info][gc,stats    ]     CWR: CLDG Roots                  29 us, workers (us): ---,  29, ---, ---, ---, ---, 
[2026-04-03T02:43:22.317+0600][7.106s][info][gc,stats    ]   Rendezvous                        150 us
[2026-04-03T02:43:22.317+0600][7.106s][info][gc,stats    ] Concurrent Cleanup                  246 us
[2026-04-03T02:43:22.317+0600][7.106s][info][gc,stats    ] Concurrent Class Unloading         4328 us
[2026-04-03T02:43:22.317+0600][7.106s][info][gc,stats    ]   Unlink Stale                     2739 us
[2026-04-03T02:43:22.317+0600][7.106s][info][gc,stats    ]     System Dictionary                37 us
[2026-04-03T02:43:22.317+0600][7.106s][info][gc,stats    ]     Weak Class Links                  1 us
[2026-04-03T02:43:22.317+0600][7.106s][info][gc,stats    ]     Code Roots                     2698 us
[2026-04-03T02:43:22.317+0600][7.106s][info][gc,stats    ]   Rendezvous                        107 us
[2026-04-03T02:43:22.317+0600][7.106s][info][gc,stats    ]   Purge Unlinked                   1335 us
[2026-04-03T02:43:22.317+0600][7.106s][info][gc,stats    ]     Code Roots                     1314 us
[2026-04-03T02:43:22.317+0600][7.106s][info][gc,stats    ]     CLDG                             20 us
[2026-04-03T02:43:22.317+0600][7.106s][info][gc,stats    ]     Exception Caches                  0 us
[2026-04-03T02:43:22.317+0600][7.106s][info][gc,stats    ] Concurrent Strong Roots            1278 us, parallelism: 0.80x
[2026-04-03T02:43:22.317+0600][7.106s][info][gc,stats    ]   CSR: <total>                     1018 us
[2026-04-03T02:43:22.317+0600][7.106s][info][gc,stats    ]   CSR: VM Strong Roots               42 us, workers (us):  40,   1,   1, ---, ---, ---, 
[2026-04-03T02:43:22.317+0600][7.106s][info][gc,stats    ]   CSR: CLDG Roots                   976 us, workers (us): 976, ---, ---, ---, ---, ---, 
[2026-04-03T02:43:22.317+0600][7.106s][info][gc,stats    ] Concurrent Evacuation              5967 us
[2026-04-03T02:43:22.317+0600][7.106s][info][gc,stats    ] Pause Init Update Refs (G)          492 us
[2026-04-03T02:43:22.317+0600][7.106s][info][gc,stats    ] Pause Init Update Refs (N)          111 us
[2026-04-03T02:43:22.317+0600][7.106s][info][gc,stats    ]   Manage GCLABs                       7 us
[2026-04-03T02:43:22.317+0600][7.106s][info][gc,stats    ] Concurrent Update Refs             9005 us
[2026-04-03T02:43:22.317+0600][7.106s][info][gc,stats    ] Concurrent Update Thread Roots      554 us
[2026-04-03T02:43:22.317+0600][7.106s][info][gc,stats    ] Pause Final Update Refs (G)         355 us
[2026-04-03T02:43:22.317+0600][7.106s][info][gc,stats    ] Pause Final Update Refs (N)         212 us
[2026-04-03T02:43:22.317+0600][7.106s][info][gc,stats    ]   Update Region States               56 us
[2026-04-03T02:43:22.317+0600][7.106s][info][gc,stats    ]   Trash Collection Set                9 us
[2026-04-03T02:43:22.317+0600][7.106s][info][gc,stats    ]   Rebuild Free Set                   37 us
[2026-04-03T02:43:22.317+0600][7.106s][info][gc,stats    ] Concurrent Cleanup                  775 us
[2026-04-03T02:43:22.317+0600][7.106s][info][gc,stats    ] 
[2026-04-03T02:43:22.317+0600][7.106s][info][gc,stats    ] Allocation pacing accrued:
[2026-04-03T02:43:22.317+0600][7.106s][info][gc,stats    ]       0 of  2922 ms (  0.0%): <total>
[2026-04-03T02:43:22.317+0600][7.106s][info][gc,stats    ]       0 of  2922 ms (  0.0%): <average total>
[2026-04-03T02:43:22.317+0600][7.106s][info][gc,stats    ] 
[2026-04-03T02:43:22.317+0600][7.106s][info][gc,metaspace] Metaspace: 36286K(36672K)->36492K(36800K) NonClass: 31778K(32000K)->31949K(32128K) Class: 4507K(4672K)->4543K(4672K)
[2026-04-03T02:43:22.317+0600][7.106s][info][gc,ergo     ] Pacer for Idle. Initial: 35840K, Alloc Tax Rate: 1.0x
[2026-04-03T02:43:26.404+0600][11.194s][info][gc          ] Trigger: Metadata GC Threshold
[2026-04-03T02:43:26.405+0600][11.194s][info][gc,ergo     ] Free: 1451M, Max: 512K regular, 1361M humongous, Frag: 7% external, 0% internal; Reserve: 89600K, Max: 512K
[2026-04-03T02:43:26.405+0600][11.194s][info][gc,start    ] GC(2) Concurrent reset
[2026-04-03T02:43:26.405+0600][11.194s][info][gc,task     ] GC(2) Using 3 of 6 workers for concurrent reset
[2026-04-03T02:43:26.405+0600][11.194s][info][gc,ergo     ] GC(2) Pacer for Reset. Non-Taxable: 1750M
[2026-04-03T02:43:26.406+0600][11.195s][info][gc          ] GC(2) Concurrent reset 1.205ms
[2026-04-03T02:43:26.406+0600][11.196s][info][gc,start    ] GC(2) Pause Init Mark (unload classes)
[2026-04-03T02:43:26.406+0600][11.196s][info][gc,task     ] GC(2) Using 6 of 6 workers for init marking
[2026-04-03T02:43:26.406+0600][11.196s][info][gc,ergo     ] GC(2) Pacer for Mark. Expected Live: 20162K, Free: 1451M, Non-Taxable: 145M, Alloc Tax Rate: 0.0x
[2026-04-03T02:43:26.406+0600][11.196s][info][gc          ] GC(2) Pause Init Mark (unload classes) 0.143ms
[2026-04-03T02:43:26.407+0600][11.196s][info][gc,start    ] GC(2) Concurrent marking roots
[2026-04-03T02:43:26.407+0600][11.196s][info][gc,task     ] GC(2) Using 3 of 6 workers for concurrent marking roots
[2026-04-03T02:43:26.409+0600][11.198s][info][gc          ] GC(2) Concurrent marking roots 2.039ms
[2026-04-03T02:43:26.409+0600][11.198s][info][gc,start    ] GC(2) Concurrent marking (unload classes)
[2026-04-03T02:43:26.409+0600][11.198s][info][gc,task     ] GC(2) Using 3 of 6 workers for concurrent marking
[2026-04-03T02:43:26.426+0600][11.216s][info][gc          ] GC(2) Concurrent marking (unload classes) 17.411ms
[2026-04-03T02:43:26.426+0600][11.216s][info][gc,start    ] GC(2) Pause Final Mark (unload classes)
[2026-04-03T02:43:26.427+0600][11.216s][info][gc,task     ] GC(2) Using 6 of 6 workers for final marking
[2026-04-03T02:43:26.427+0600][11.216s][info][gc,ergo     ] GC(2) Adaptive CSet Selection. Target Free: 247M, Actual Free: 1554M, Max CSet: 74666K, Min Garbage: 0B
[2026-04-03T02:43:26.427+0600][11.216s][info][gc,ergo     ] GC(2) Collectable Garbage: 172M (99%), Immediate: 16786K (9%), CSet: 156M (89%)
[2026-04-03T02:43:26.427+0600][11.217s][info][gc,ergo     ] GC(2) Pacer for Evacuation. Used CSet: 163M, Free: 1473M, Non-Taxable: 147M, Alloc Tax Rate: 1.1x
[2026-04-03T02:43:26.427+0600][11.217s][info][gc          ] GC(2) Pause Final Mark (unload classes) 0.672ms
[2026-04-03T02:43:26.427+0600][11.217s][info][gc,start    ] GC(2) Concurrent thread roots
[2026-04-03T02:43:26.427+0600][11.217s][info][gc,task     ] GC(2) Using 3 of 6 workers for Concurrent thread roots
[2026-04-03T02:43:26.428+0600][11.218s][info][gc          ] GC(2) Concurrent thread roots 0.971ms
[2026-04-03T02:43:26.428+0600][11.218s][info][gc,start    ] GC(2) Concurrent weak references
[2026-04-03T02:43:26.428+0600][11.218s][info][gc,task     ] GC(2) Using 3 of 6 workers for concurrent weak references
[2026-04-03T02:43:26.430+0600][11.219s][info][gc,ref      ] GC(2) Encountered references: Soft: 4001, Weak: 4476, Final: 82, Phantom: 587
[2026-04-03T02:43:26.430+0600][11.219s][info][gc,ref      ] GC(2) Discovered  references: Soft: 0, Weak: 1937, Final: 1, Phantom: 581
[2026-04-03T02:43:26.430+0600][11.219s][info][gc,ref      ] GC(2) Enqueued    references: Soft: 0, Weak: 647, Final: 0, Phantom: 0
[2026-04-03T02:43:26.430+0600][11.219s][info][gc          ] GC(2) Concurrent weak references 1.318ms
[2026-04-03T02:43:26.430+0600][11.219s][info][gc,start    ] GC(2) Concurrent weak roots
[2026-04-03T02:43:26.430+0600][11.219s][info][gc,task     ] GC(2) Using 3 of 6 workers for concurrent weak root
[2026-04-03T02:43:26.432+0600][11.222s][info][gc          ] GC(2) Concurrent weak roots 2.405ms
[2026-04-03T02:43:26.432+0600][11.222s][info][gc,start    ] GC(2) Concurrent cleanup
[2026-04-03T02:43:26.433+0600][11.222s][info][gc          ] GC(2) Concurrent cleanup 204M->188M(392M) 0.745ms
[2026-04-03T02:43:26.433+0600][11.222s][info][gc,ergo     ] GC(2) Free: 1472M, Max: 512K regular, 1361M humongous, Frag: 8% external, 0% internal; Reserve: 88668K, Max: 512K
[2026-04-03T02:43:26.433+0600][11.222s][info][gc,start    ] GC(2) Concurrent class unloading
[2026-04-03T02:43:26.433+0600][11.222s][info][gc,task     ] GC(2) Using 3 of 6 workers for concurrent class unloading
[2026-04-03T02:43:26.439+0600][11.228s][info][gc          ] GC(2) Concurrent class unloading 5.851ms
[2026-04-03T02:43:26.439+0600][11.229s][info][gc,start    ] GC(2) Concurrent strong roots
[2026-04-03T02:43:26.439+0600][11.229s][info][gc,task     ] GC(2) Using 3 of 6 workers for concurrent strong root
[2026-04-03T02:43:26.441+0600][11.230s][info][gc          ] GC(2) Concurrent strong roots 1.423ms
[2026-04-03T02:43:26.441+0600][11.230s][info][gc,start    ] GC(2) Concurrent evacuation
[2026-04-03T02:43:26.441+0600][11.230s][info][gc,task     ] GC(2) Using 3 of 6 workers for concurrent evacuation
[2026-04-03T02:43:26.447+0600][11.236s][info][gc          ] GC(2) Concurrent evacuation 6.146ms
[2026-04-03T02:43:26.447+0600][11.236s][info][gc,start    ] GC(2) Pause Init Update Refs
[2026-04-03T02:43:26.447+0600][11.237s][info][gc,ergo     ] GC(2) Pacer for Update Refs. Used: 195M, Free: 1472M, Non-Taxable: 147M, Alloc Tax Rate: 1.1x
[2026-04-03T02:43:26.447+0600][11.237s][info][gc          ] GC(2) Pause Init Update Refs 0.087ms
[2026-04-03T02:43:26.447+0600][11.237s][info][gc,start    ] GC(2) Concurrent update references
[2026-04-03T02:43:26.447+0600][11.237s][info][gc,task     ] GC(2) Using 3 of 6 workers for concurrent reference update
[2026-04-03T02:43:26.459+0600][11.249s][info][gc          ] GC(2) Concurrent update references 11.926ms
[2026-04-03T02:43:26.459+0600][11.249s][info][gc,start    ] GC(2) Concurrent update thread roots
[2026-04-03T02:43:26.460+0600][11.249s][info][gc          ] GC(2) Concurrent update thread roots 0.667ms
[2026-04-03T02:43:26.460+0600][11.250s][info][gc,start    ] GC(2) Pause Final Update Refs
[2026-04-03T02:43:26.460+0600][11.250s][info][gc,task     ] GC(2) Using 6 of 6 workers for final reference update
[2026-04-03T02:43:26.460+0600][11.250s][info][gc          ] GC(2) Pause Final Update Refs 0.181ms
[2026-04-03T02:43:26.461+0600][11.250s][info][gc,start    ] GC(2) Concurrent cleanup
[2026-04-03T02:43:26.461+0600][11.251s][info][gc          ] GC(2) Concurrent cleanup 196M->32M(396M) 0.780ms
[2026-04-03T02:43:26.461+0600][11.251s][info][gc,ergo     ] Free: 1627M, Max: 512K regular, 1356M humongous, Frag: 17% external, 0% internal; Reserve: 89600K, Max: 512K
[2026-04-03T02:43:26.462+0600][11.251s][info][gc,stats    ] 
[2026-04-03T02:43:26.462+0600][11.251s][info][gc,stats    ] All times are wall-clock times, except per-root-class counters, that are sum over
[2026-04-03T02:43:26.462+0600][11.251s][info][gc,stats    ] all workers. Dividing the <total> over the root stage time estimates parallelism.
[2026-04-03T02:43:26.462+0600][11.251s][info][gc,stats    ] 
[2026-04-03T02:43:26.462+0600][11.251s][info][gc,stats    ] Concurrent Reset                   1333 us
[2026-04-03T02:43:26.462+0600][11.251s][info][gc,stats    ] Pause Init Mark (G)                 581 us
[2026-04-03T02:43:26.462+0600][11.251s][info][gc,stats    ] Pause Init Mark (N)                 154 us
[2026-04-03T02:43:26.462+0600][11.251s][info][gc,stats    ]   Update Region States               35 us
[2026-04-03T02:43:26.462+0600][11.251s][info][gc,stats    ] Concurrent Mark Roots              2178 us, parallelism: 2.33x
[2026-04-03T02:43:26.462+0600][11.251s][info][gc,stats    ]   CMR: <total>                     5079 us
[2026-04-03T02:43:26.462+0600][11.251s][info][gc,stats    ]   CMR: Thread Roots                4535 us, workers (us): 1590, 1313, 1632, ---, ---, ---, 
[2026-04-03T02:43:26.462+0600][11.251s][info][gc,stats    ]   CMR: VM Strong Roots              226 us, workers (us):  76,  64,  86, ---, ---, ---, 
[2026-04-03T02:43:26.462+0600][11.251s][info][gc,stats    ]   CMR: CLDG Roots                   319 us, workers (us): ---, 319, ---, ---, ---, ---, 
[2026-04-03T02:43:26.462+0600][11.251s][info][gc,stats    ] Concurrent Marking                17529 us
[2026-04-03T02:43:26.462+0600][11.251s][info][gc,stats    ] Pause Final Mark (G)               1070 us
[2026-04-03T02:43:26.462+0600][11.251s][info][gc,stats    ] Pause Final Mark (N)                711 us
[2026-04-03T02:43:26.462+0600][11.251s][info][gc,stats    ]   Finish Mark                       287 us
[2026-04-03T02:43:26.462+0600][11.251s][info][gc,stats    ]   Update Region States               56 us
[2026-04-03T02:43:26.462+0600][11.251s][info][gc,stats    ]   Choose Collection Set             182 us
[2026-04-03T02:43:26.462+0600][11.251s][info][gc,stats    ]   Rebuild Free Set                   39 us
[2026-04-03T02:43:26.462+0600][11.251s][info][gc,stats    ] Concurrent Thread Roots            1111 us, parallelism: 1.54x
[2026-04-03T02:43:26.462+0600][11.251s][info][gc,stats    ]   CTR: <total>                     1713 us
[2026-04-03T02:43:26.462+0600][11.251s][info][gc,stats    ]   CTR: Thread Roots                1713 us, workers (us): 706, 529, 478, ---, ---, ---, 
[2026-04-03T02:43:26.462+0600][11.251s][info][gc,stats    ] Concurrent Weak References         1340 us, parallelism: 0.71x
[2026-04-03T02:43:26.462+0600][11.251s][info][gc,stats    ]   CWRF: <total>                     956 us
[2026-04-03T02:43:26.462+0600][11.251s][info][gc,stats    ]   CWRF: Weak References             956 us, workers (us): 105, 816,  35, ---, ---, ---, 
[2026-04-03T02:43:26.462+0600][11.251s][info][gc,stats    ] Concurrent Weak Roots              2489 us
[2026-04-03T02:43:26.462+0600][11.251s][info][gc,stats    ]   Roots                            2041 us, parallelism: 2.55x
[2026-04-03T02:43:26.462+0600][11.251s][info][gc,stats    ]     CWR: <total>                   5202 us
[2026-04-03T02:43:26.462+0600][11.251s][info][gc,stats    ]     CWR: Code Cache Roots          1384 us, workers (us): 460, 458, 466, ---, ---, ---, 
[2026-04-03T02:43:26.462+0600][11.251s][info][gc,stats    ]     CWR: VM Weak Roots             3783 us, workers (us): 1283, 1283, 1216, ---, ---, ---, 
[2026-04-03T02:43:26.462+0600][11.251s][info][gc,stats    ]     CWR: CLDG Roots                  36 us, workers (us):  36, ---, ---, ---, ---, ---, 
[2026-04-03T02:43:26.462+0600][11.251s][info][gc,stats    ]   Rendezvous                        324 us
[2026-04-03T02:43:26.462+0600][11.251s][info][gc,stats    ] Concurrent Cleanup                  773 us
[2026-04-03T02:43:26.462+0600][11.251s][info][gc,stats    ] Concurrent Class Unloading         6009 us
[2026-04-03T02:43:26.462+0600][11.251s][info][gc,stats    ]   Unlink Stale                     4080 us
[2026-04-03T02:43:26.462+0600][11.251s][info][gc,stats    ]     System Dictionary                62 us
[2026-04-03T02:43:26.462+0600][11.251s][info][gc,stats    ]     Weak Class Links                  0 us
[2026-04-03T02:43:26.462+0600][11.251s][info][gc,stats    ]     Code Roots                     4014 us
[2026-04-03T02:43:26.462+0600][11.251s][info][gc,stats    ]   Rendezvous                        297 us
[2026-04-03T02:43:26.462+0600][11.251s][info][gc,stats    ]   Purge Unlinked                   1436 us
[2026-04-03T02:43:26.462+0600][11.251s][info][gc,stats    ]     Code Roots                     1395 us
[2026-04-03T02:43:26.462+0600][11.251s][info][gc,stats    ]     CLDG                             39 us
[2026-04-03T02:43:26.462+0600][11.251s][info][gc,stats    ]     Exception Caches                  1 us
[2026-04-03T02:43:26.462+0600][11.251s][info][gc,stats    ] Concurrent Strong Roots            1538 us, parallelism: 0.76x
[2026-04-03T02:43:26.462+0600][11.251s][info][gc,stats    ]   CSR: <total>                     1164 us
[2026-04-03T02:43:26.462+0600][11.251s][info][gc,stats    ]   CSR: VM Strong Roots              114 us, workers (us):  29,  84,   1, ---, ---, ---, 
[2026-04-03T02:43:26.462+0600][11.251s][info][gc,stats    ]   CSR: CLDG Roots                  1050 us, workers (us): 1050, ---, ---, ---, ---, ---, 
[2026-04-03T02:43:26.462+0600][11.251s][info][gc,stats    ] Concurrent Evacuation              6238 us
[2026-04-03T02:43:26.462+0600][11.251s][info][gc,stats    ] Pause Init Update Refs (G)          405 us
[2026-04-03T02:43:26.462+0600][11.251s][info][gc,stats    ] Pause Init Update Refs (N)          110 us
[2026-04-03T02:43:26.462+0600][11.251s][info][gc,stats    ]   Manage GCLABs                      17 us
[2026-04-03T02:43:26.462+0600][11.251s][info][gc,stats    ] Concurrent Update Refs            12013 us
[2026-04-03T02:43:26.462+0600][11.251s][info][gc,stats    ] Concurrent Update Thread Roots      736 us
[2026-04-03T02:43:26.462+0600][11.251s][info][gc,stats    ] Pause Final Update Refs (G)         475 us
[2026-04-03T02:43:26.462+0600][11.251s][info][gc,stats    ] Pause Final Update Refs (N)         194 us
[2026-04-03T02:43:26.462+0600][11.251s][info][gc,stats    ]   Update Region States               61 us
[2026-04-03T02:43:26.462+0600][11.251s][info][gc,stats    ]   Trash Collection Set               11 us
[2026-04-03T02:43:26.462+0600][11.251s][info][gc,stats    ]   Rebuild Free Set                   41 us
[2026-04-03T02:43:26.462+0600][11.251s][info][gc,stats    ] Concurrent Cleanup                  809 us
[2026-04-03T02:43:26.462+0600][11.251s][info][gc,stats    ] 
[2026-04-03T02:43:26.462+0600][11.251s][info][gc,stats    ] Allocation pacing accrued:
[2026-04-03T02:43:26.462+0600][11.251s][info][gc,stats    ]       0 of  4145 ms (  0.0%): <total>
[2026-04-03T02:43:26.462+0600][11.251s][info][gc,stats    ]       0 of  4145 ms (  0.0%): <average total>
[2026-04-03T02:43:26.462+0600][11.251s][info][gc,stats    ] 
[2026-04-03T02:43:26.462+0600][11.251s][info][gc,metaspace] Metaspace: 60953K(61440K)->60984K(61440K) NonClass: 53503K(53824K)->53529K(53824K) Class: 7450K(7616K)->7455K(7616K)
[2026-04-03T02:43:26.462+0600][11.251s][info][gc,ergo     ] Pacer for Idle. Initial: 35840K, Alloc Tax Rate: 1.0x
[2026-04-03T02:43:29.792+0600][14.582s][info][gc          ] Trigger: Metadata GC Threshold
[2026-04-03T02:43:29.792+0600][14.582s][info][gc,ergo     ] Free: 1317M, Max: 512K regular, 1317M humongous, Frag: 0% external, 0% internal; Reserve: 89600K, Max: 512K
[2026-04-03T02:43:29.792+0600][14.582s][info][gc,start    ] GC(3) Concurrent reset
[2026-04-03T02:43:29.792+0600][14.582s][info][gc,task     ] GC(3) Using 3 of 6 workers for concurrent reset
[2026-04-03T02:43:29.792+0600][14.582s][info][gc,ergo     ] GC(3) Pacer for Reset. Non-Taxable: 1750M
[2026-04-03T02:43:29.793+0600][14.582s][info][gc          ] GC(3) Concurrent reset 0.679ms
[2026-04-03T02:43:29.793+0600][14.583s][info][gc,start    ] GC(3) Pause Init Mark (unload classes)
[2026-04-03T02:43:29.793+0600][14.583s][info][gc,task     ] GC(3) Using 6 of 6 workers for init marking
[2026-04-03T02:43:29.793+0600][14.583s][info][gc,ergo     ] GC(3) Pacer for Mark. Expected Live: 23206K, Free: 1317M, Non-Taxable: 131M, Alloc Tax Rate: 0.0x
[2026-04-03T02:43:29.793+0600][14.583s][info][gc          ] GC(3) Pause Init Mark (unload classes) 0.118ms
[2026-04-03T02:43:29.793+0600][14.583s][info][gc,start    ] GC(3) Concurrent marking roots
[2026-04-03T02:43:29.794+0600][14.583s][info][gc,task     ] GC(3) Using 3 of 6 workers for concurrent marking roots
[2026-04-03T02:43:29.794+0600][14.584s][info][gc          ] GC(3) Concurrent marking roots 0.729ms
[2026-04-03T02:43:29.794+0600][14.584s][info][gc,start    ] GC(3) Concurrent marking (unload classes)
[2026-04-03T02:43:29.794+0600][14.584s][info][gc,task     ] GC(3) Using 3 of 6 workers for concurrent marking
[2026-04-03T02:43:29.817+0600][14.606s][info][gc          ] GC(3) Concurrent marking (unload classes) 22.663ms
[2026-04-03T02:43:29.817+0600][14.607s][info][gc,start    ] GC(3) Pause Final Mark (unload classes)
[2026-04-03T02:43:29.817+0600][14.607s][info][gc,task     ] GC(3) Using 6 of 6 workers for final marking
[2026-04-03T02:43:29.818+0600][14.607s][info][gc,ergo     ] GC(3) Adaptive CSet Selection. Target Free: 247M, Actual Free: 1408M, Max CSet: 74666K, Min Garbage: 0B
[2026-04-03T02:43:29.818+0600][14.607s][info][gc,ergo     ] GC(3) Collectable Garbage: 297M (99%), Immediate: 5280K (1%), CSet: 292M (97%)
[2026-04-03T02:43:29.818+0600][14.607s][info][gc,ergo     ] GC(3) Pacer for Evacuation. Used CSet: 307M, Free: 1322M, Non-Taxable: 132M, Alloc Tax Rate: 1.1x
[2026-04-03T02:43:29.818+0600][14.607s][info][gc          ] GC(3) Pause Final Mark (unload classes) 0.782ms
[2026-04-03T02:43:29.818+0600][14.607s][info][gc,start    ] GC(3) Concurrent thread roots
[2026-04-03T02:43:29.818+0600][14.608s][info][gc,task     ] GC(3) Using 3 of 6 workers for Concurrent thread roots
[2026-04-03T02:43:29.819+0600][14.608s][info][gc          ] GC(3) Concurrent thread roots 0.981ms
[2026-04-03T02:43:29.819+0600][14.609s][info][gc,start    ] GC(3) Concurrent weak references
[2026-04-03T02:43:29.819+0600][14.609s][info][gc,task     ] GC(3) Using 3 of 6 workers for concurrent weak references
[2026-04-03T02:43:29.821+0600][14.610s][info][gc,ref      ] GC(3) Encountered references: Soft: 4571, Weak: 13340, Final: 84, Phantom: 591
[2026-04-03T02:43:29.821+0600][14.610s][info][gc,ref      ] GC(3) Discovered  references: Soft: 0, Weak: 8678, Final: 0, Phantom: 582
[2026-04-03T02:43:29.821+0600][14.610s][info][gc,ref      ] GC(3) Enqueued    references: Soft: 0, Weak: 3557, Final: 0, Phantom: 1
[2026-04-03T02:43:29.821+0600][14.610s][info][gc          ] GC(3) Concurrent weak references 1.536ms
[2026-04-03T02:43:29.821+0600][14.610s][info][gc,start    ] GC(3) Concurrent weak roots
[2026-04-03T02:43:29.821+0600][14.610s][info][gc,task     ] GC(3) Using 3 of 6 workers for concurrent weak root
[2026-04-03T02:43:29.823+0600][14.613s][info][gc          ] GC(3) Concurrent weak roots 2.464ms
[2026-04-03T02:43:29.823+0600][14.613s][info][gc,start    ] GC(3) Concurrent cleanup
[2026-04-03T02:43:29.824+0600][14.613s][info][gc          ] GC(3) Concurrent cleanup 344M->340M(396M) 0.534ms
[2026-04-03T02:43:29.824+0600][14.613s][info][gc,ergo     ] GC(3) Free: 1321M, Max: 512K regular, 1314M humongous, Frag: 1% external, 0% internal; Reserve: 87552K, Max: 512K
[2026-04-03T02:43:29.824+0600][14.613s][info][gc,start    ] GC(3) Concurrent class unloading
[2026-04-03T02:43:29.824+0600][14.613s][info][gc,task     ] GC(3) Using 3 of 6 workers for concurrent class unloading
[2026-04-03T02:43:29.831+0600][14.620s][info][gc          ] GC(3) Concurrent class unloading 7.180ms
[2026-04-03T02:43:29.831+0600][14.620s][info][gc,start    ] GC(3) Concurrent strong roots
[2026-04-03T02:43:29.831+0600][14.620s][info][gc,task     ] GC(3) Using 3 of 6 workers for concurrent strong root
[2026-04-03T02:43:29.832+0600][14.621s][info][gc          ] GC(3) Concurrent strong roots 0.996ms
[2026-04-03T02:43:29.832+0600][14.622s][info][gc,start    ] GC(3) Concurrent evacuation
[2026-04-03T02:43:29.832+0600][14.622s][info][gc,task     ] GC(3) Using 3 of 6 workers for concurrent evacuation
[2026-04-03T02:43:29.847+0600][14.636s][info][gc          ] GC(3) Concurrent evacuation 14.635ms
[2026-04-03T02:43:29.847+0600][14.637s][info][gc,start    ] GC(3) Pause Init Update Refs
[2026-04-03T02:43:29.847+0600][14.637s][info][gc,ergo     ] GC(3) Pacer for Update Refs. Used: 356M, Free: 1320M, Non-Taxable: 132M, Alloc Tax Rate: 1.1x
[2026-04-03T02:43:29.847+0600][14.637s][info][gc          ] GC(3) Pause Init Update Refs 0.125ms
[2026-04-03T02:43:29.847+0600][14.637s][info][gc,start    ] GC(3) Concurrent update references
[2026-04-03T02:43:29.847+0600][14.637s][info][gc,task     ] GC(3) Using 3 of 6 workers for concurrent reference update
[2026-04-03T02:43:29.868+0600][14.657s][info][gc          ] GC(3) Concurrent update references 20.566ms
[2026-04-03T02:43:29.868+0600][14.657s][info][gc,start    ] GC(3) Concurrent update thread roots
[2026-04-03T02:43:29.869+0600][14.658s][info][gc          ] GC(3) Concurrent update thread roots 0.702ms
[2026-04-03T02:43:29.869+0600][14.658s][info][gc,start    ] GC(3) Pause Final Update Refs
[2026-04-03T02:43:29.869+0600][14.659s][info][gc,task     ] GC(3) Using 6 of 6 workers for final reference update
[2026-04-03T02:43:29.869+0600][14.659s][info][gc          ] GC(3) Pause Final Update Refs 0.281ms
[2026-04-03T02:43:29.870+0600][14.659s][info][gc,start    ] GC(3) Concurrent cleanup
[2026-04-03T02:43:29.870+0600][14.660s][info][gc          ] GC(3) Concurrent cleanup 356M->48M(410M) 0.757ms
[2026-04-03T02:43:29.870+0600][14.660s][info][gc,ergo     ] Free: 1611M, Max: 512K regular, 1301M humongous, Frag: 20% external, 0% internal; Reserve: 89600K, Max: 512K
[2026-04-03T02:43:29.870+0600][14.660s][info][gc,stats    ] 
[2026-04-03T02:43:29.870+0600][14.660s][info][gc,stats    ] All times are wall-clock times, except per-root-class counters, that are sum over
[2026-04-03T02:43:29.870+0600][14.660s][info][gc,stats    ] all workers. Dividing the <total> over the root stage time estimates parallelism.
[2026-04-03T02:43:29.870+0600][14.660s][info][gc,stats    ] 
[2026-04-03T02:43:29.870+0600][14.660s][info][gc,stats    ] Concurrent Reset                    717 us
[2026-04-03T02:43:29.870+0600][14.660s][info][gc,stats    ] Pause Init Mark (G)                 450 us
[2026-04-03T02:43:29.870+0600][14.660s][info][gc,stats    ] Pause Init Mark (N)                 127 us
[2026-04-03T02:43:29.870+0600][14.660s][info][gc,stats    ]   Update Region States               26 us
[2026-04-03T02:43:29.871+0600][14.660s][info][gc,stats    ] Concurrent Mark Roots               755 us, parallelism: 1.49x
[2026-04-03T02:43:29.871+0600][14.660s][info][gc,stats    ]   CMR: <total>                     1123 us
[2026-04-03T02:43:29.871+0600][14.660s][info][gc,stats    ]   CMR: Thread Roots                 925 us, workers (us): 161, 459, 305, ---, ---, ---, 
[2026-04-03T02:43:29.871+0600][14.660s][info][gc,stats    ]   CMR: VM Strong Roots               19 us, workers (us):  18,   1,   1, ---, ---, ---, 
[2026-04-03T02:43:29.871+0600][14.660s][info][gc,stats    ]   CMR: CLDG Roots                   179 us, workers (us): 179, ---, ---, ---, ---, ---, 
[2026-04-03T02:43:29.871+0600][14.660s][info][gc,stats    ] Concurrent Marking                22730 us
[2026-04-03T02:43:29.871+0600][14.660s][info][gc,stats    ] Pause Final Mark (G)               1148 us
[2026-04-03T02:43:29.871+0600][14.660s][info][gc,stats    ] Pause Final Mark (N)                797 us
[2026-04-03T02:43:29.871+0600][14.660s][info][gc,stats    ]   Finish Mark                       338 us
[2026-04-03T02:43:29.871+0600][14.660s][info][gc,stats    ]   Update Region States               43 us
[2026-04-03T02:43:29.871+0600][14.660s][info][gc,stats    ]   Choose Collection Set             281 us
[2026-04-03T02:43:29.871+0600][14.660s][info][gc,stats    ]   Rebuild Free Set                   30 us
[2026-04-03T02:43:29.871+0600][14.660s][info][gc,stats    ] Concurrent Thread Roots            1030 us, parallelism: 1.33x
[2026-04-03T02:43:29.871+0600][14.660s][info][gc,stats    ]   CTR: <total>                     1371 us
[2026-04-03T02:43:29.871+0600][14.660s][info][gc,stats    ]   CTR: Thread Roots                1371 us, workers (us): 658, 360, 353, ---, ---, ---, 
[2026-04-03T02:43:29.871+0600][14.660s][info][gc,stats    ] Concurrent Weak References         1564 us, parallelism: 1.39x
[2026-04-03T02:43:29.871+0600][14.660s][info][gc,stats    ]   CWRF: <total>                    2175 us
[2026-04-03T02:43:29.871+0600][14.660s][info][gc,stats    ]   CWRF: Weak References            2175 us, workers (us): 879, 1293,   2, ---, ---, ---, 
[2026-04-03T02:43:29.871+0600][14.660s][info][gc,stats    ] Concurrent Weak Roots              2524 us
[2026-04-03T02:43:29.871+0600][14.660s][info][gc,stats    ]   Roots                            2274 us, parallelism: 2.76x
[2026-04-03T02:43:29.871+0600][14.660s][info][gc,stats    ]     CWR: <total>                   6276 us
[2026-04-03T02:43:29.871+0600][14.660s][info][gc,stats    ]     CWR: Code Cache Roots          2470 us, workers (us): 821, 774, 875, ---, ---, ---, 
[2026-04-03T02:43:29.871+0600][14.660s][info][gc,stats    ]     CWR: VM Weak Roots             3767 us, workers (us): 1270, 1244, 1253, ---, ---, ---, 
[2026-04-03T02:43:29.871+0600][14.660s][info][gc,stats    ]     CWR: CLDG Roots                  39 us, workers (us): ---,  39, ---, ---, ---, ---, 
[2026-04-03T02:43:29.871+0600][14.660s][info][gc,stats    ]   Rendezvous                        170 us
[2026-04-03T02:43:29.871+0600][14.660s][info][gc,stats    ] Concurrent Cleanup                  558 us
[2026-04-03T02:43:29.871+0600][14.660s][info][gc,stats    ] Concurrent Class Unloading         7245 us
[2026-04-03T02:43:29.871+0600][14.660s][info][gc,stats    ]   Unlink Stale                     4552 us
[2026-04-03T02:43:29.871+0600][14.660s][info][gc,stats    ]     System Dictionary                41 us
[2026-04-03T02:43:29.871+0600][14.660s][info][gc,stats    ]     Weak Class Links                  0 us
[2026-04-03T02:43:29.871+0600][14.660s][info][gc,stats    ]     Code Roots                     4509 us
[2026-04-03T02:43:29.871+0600][14.660s][info][gc,stats    ]   Rendezvous                        140 us
[2026-04-03T02:43:29.871+0600][14.660s][info][gc,stats    ]   Purge Unlinked                   2466 us
[2026-04-03T02:43:29.871+0600][14.660s][info][gc,stats    ]     Code Roots                     2421 us
[2026-04-03T02:43:29.871+0600][14.660s][info][gc,stats    ]     CLDG                             43 us
[2026-04-03T02:43:29.871+0600][14.660s][info][gc,stats    ]     Exception Caches                  0 us
[2026-04-03T02:43:29.871+0600][14.660s][info][gc,stats    ] Concurrent Strong Roots            1067 us, parallelism: 0.72x
[2026-04-03T02:43:29.871+0600][14.660s][info][gc,stats    ]   CSR: <total>                      769 us
[2026-04-03T02:43:29.871+0600][14.660s][info][gc,stats    ]   CSR: VM Strong Roots               37 us, workers (us):  34,   1,   1, ---, ---, ---, 
[2026-04-03T02:43:29.871+0600][14.660s][info][gc,stats    ]   CSR: CLDG Roots                   732 us, workers (us): 732, ---, ---, ---, ---, ---, 
[2026-04-03T02:43:29.871+0600][14.660s][info][gc,stats    ] Concurrent Evacuation             14707 us
[2026-04-03T02:43:29.871+0600][14.660s][info][gc,stats    ] Pause Init Update Refs (G)          520 us
[2026-04-03T02:43:29.871+0600][14.660s][info][gc,stats    ] Pause Init Update Refs (N)          139 us
[2026-04-03T02:43:29.871+0600][14.660s][info][gc,stats    ]   Manage GCLABs                      12 us
[2026-04-03T02:43:29.871+0600][14.660s][info][gc,stats    ] Concurrent Update Refs            20663 us
[2026-04-03T02:43:29.871+0600][14.660s][info][gc,stats    ] Concurrent Update Thread Roots      745 us
[2026-04-03T02:43:29.871+0600][14.660s][info][gc,stats    ] Pause Final Update Refs (G)         717 us
[2026-04-03T02:43:29.871+0600][14.660s][info][gc,stats    ] Pause Final Update Refs (N)         301 us
[2026-04-03T02:43:29.871+0600][14.661s][info][gc,stats    ]   Update Region States              104 us
[2026-04-03T02:43:29.871+0600][14.661s][info][gc,stats    ]   Trash Collection Set               21 us
[2026-04-03T02:43:29.871+0600][14.661s][info][gc,stats    ]   Rebuild Free Set                   46 us
[2026-04-03T02:43:29.871+0600][14.661s][info][gc,stats    ] Concurrent Cleanup                  807 us
[2026-04-03T02:43:29.871+0600][14.661s][info][gc,stats    ] 
[2026-04-03T02:43:29.871+0600][14.661s][info][gc,stats    ] Allocation pacing accrued:
[2026-04-03T02:43:29.871+0600][14.661s][info][gc,stats    ]       0 of  3409 ms (  0.0%): <total>
[2026-04-03T02:43:29.871+0600][14.661s][info][gc,stats    ]       0 of  3409 ms (  0.0%): <average total>
[2026-04-03T02:43:29.871+0600][14.661s][info][gc,stats    ] 
[2026-04-03T02:43:29.871+0600][14.661s][info][gc,metaspace] Metaspace: 101809K(102464K)->102236K(102848K) NonClass: 89108K(89472K)->89441K(89792K) Class: 12701K(12992K)->12795K(13056K)
[2026-04-03T02:43:29.871+0600][14.661s][info][gc,ergo     ] Pacer for Idle. Initial: 35840K, Alloc Tax Rate: 1.0x
[2026-04-03T02:43:33.210+0600][18.000s][info][gc          ] Trigger: Learning 5 of 5. Free (1224M) is below initial threshold (1225M)
[2026-04-03T02:43:33.210+0600][18.000s][info][gc,ergo     ] Free: 1224M, Max: 512K regular, 1224M humongous, Frag: 0% external, 0% internal; Reserve: 89600K, Max: 512K
[2026-04-03T02:43:33.211+0600][18.000s][info][gc,start    ] GC(4) Concurrent reset
[2026-04-03T02:43:33.211+0600][18.000s][info][gc,task     ] GC(4) Using 3 of 6 workers for concurrent reset
[2026-04-03T02:43:33.211+0600][18.000s][info][gc,ergo     ] GC(4) Pacer for Reset. Non-Taxable: 1750M
[2026-04-03T02:43:33.212+0600][18.001s][info][gc          ] GC(4) Concurrent reset 1.317ms
[2026-04-03T02:43:33.212+0600][18.002s][info][gc,start    ] GC(4) Pause Init Mark (unload classes)
[2026-04-03T02:43:33.212+0600][18.002s][info][gc,task     ] GC(4) Using 6 of 6 workers for init marking
[2026-04-03T02:43:33.212+0600][18.002s][info][gc,ergo     ] GC(4) Pacer for Mark. Expected Live: 28213K, Free: 1224M, Non-Taxable: 122M, Alloc Tax Rate: 0.0x
[2026-04-03T02:43:33.212+0600][18.002s][info][gc          ] GC(4) Pause Init Mark (unload classes) 0.163ms
[2026-04-03T02:43:33.212+0600][18.002s][info][gc,start    ] GC(4) Concurrent marking roots
[2026-04-03T02:43:33.213+0600][18.002s][info][gc,task     ] GC(4) Using 3 of 6 workers for concurrent marking roots
[2026-04-03T02:43:33.214+0600][18.003s][info][gc          ] GC(4) Concurrent marking roots 1.207ms
[2026-04-03T02:43:33.214+0600][18.003s][info][gc,start    ] GC(4) Concurrent marking (unload classes)
[2026-04-03T02:43:33.214+0600][18.003s][info][gc,task     ] GC(4) Using 3 of 6 workers for concurrent marking
[2026-04-03T02:43:33.282+0600][18.071s][info][gc          ] GC(4) Concurrent marking (unload classes) 67.930ms
[2026-04-03T02:43:33.282+0600][18.071s][info][gc,start    ] GC(4) Pause Final Mark (unload classes)
[2026-04-03T02:43:33.282+0600][18.071s][info][gc,task     ] GC(4) Using 6 of 6 workers for final marking
[2026-04-03T02:43:33.282+0600][18.072s][info][gc,ergo     ] GC(4) Adaptive CSet Selection. Target Free: 247M, Actual Free: 1449M, Max CSet: 74666K, Min Garbage: 0B
[2026-04-03T02:43:33.283+0600][18.072s][info][gc,ergo     ] GC(4) Collectable Garbage: 322M (99%), Immediate: 145M (44%), CSet: 177M (54%)
[2026-04-03T02:43:33.283+0600][18.072s][info][gc,ergo     ] GC(4) Pacer for Evacuation. Used CSet: 212M, Free: 1390M, Non-Taxable: 139M, Alloc Tax Rate: 1.1x
[2026-04-03T02:43:33.283+0600][18.072s][info][gc          ] GC(4) Pause Final Mark (unload classes) 0.822ms
[2026-04-03T02:43:33.283+0600][18.072s][info][gc,start    ] GC(4) Concurrent thread roots
[2026-04-03T02:43:33.283+0600][18.072s][info][gc,task     ] GC(4) Using 3 of 6 workers for Concurrent thread roots
[2026-04-03T02:43:33.284+0600][18.073s][info][gc          ] GC(4) Concurrent thread roots 0.708ms
[2026-04-03T02:43:33.284+0600][18.073s][info][gc,start    ] GC(4) Concurrent weak references
[2026-04-03T02:43:33.284+0600][18.073s][info][gc,task     ] GC(4) Using 3 of 6 workers for concurrent weak references
[2026-04-03T02:43:33.286+0600][18.075s][info][gc,ref      ] GC(4) Encountered references: Soft: 5607, Weak: 15349, Final: 84, Phantom: 609
[2026-04-03T02:43:33.286+0600][18.075s][info][gc,ref      ] GC(4) Discovered  references: Soft: 0, Weak: 9747, Final: 48, Phantom: 607
[2026-04-03T02:43:33.286+0600][18.075s][info][gc,ref      ] GC(4) Enqueued    references: Soft: 0, Weak: 2722, Final: 0, Phantom: 1
[2026-04-03T02:43:33.286+0600][18.075s][info][gc          ] GC(4) Concurrent weak references 2.117ms
[2026-04-03T02:43:33.286+0600][18.075s][info][gc,start    ] GC(4) Concurrent weak roots
[2026-04-03T02:43:33.286+0600][18.075s][info][gc,task     ] GC(4) Using 3 of 6 workers for concurrent weak root
[2026-04-03T02:43:33.291+0600][18.080s][info][gc          ] GC(4) Concurrent weak roots 4.965ms
[2026-04-03T02:43:33.291+0600][18.080s][info][gc,start    ] GC(4) Concurrent cleanup
[2026-04-03T02:43:33.291+0600][18.080s][info][gc          ] GC(4) Concurrent cleanup 418M->273M(451M) 0.289ms
[2026-04-03T02:43:33.291+0600][18.081s][info][gc,ergo     ] GC(4) Free: 1388M, Max: 512K regular, 1214M humongous, Frag: 13% external, 0% internal; Reserve: 86975K, Max: 512K
[2026-04-03T02:43:33.291+0600][18.081s][info][gc,start    ] GC(4) Concurrent class unloading
[2026-04-03T02:43:33.291+0600][18.081s][info][gc,task     ] GC(4) Using 3 of 6 workers for concurrent class unloading
[2026-04-03T02:43:33.335+0600][18.125s][info][gc          ] GC(4) Concurrent class unloading 44.050ms
[2026-04-03T02:43:33.335+0600][18.125s][info][gc,start    ] GC(4) Concurrent strong roots
[2026-04-03T02:43:33.335+0600][18.125s][info][gc,task     ] GC(4) Using 3 of 6 workers for concurrent strong root
[2026-04-03T02:43:33.337+0600][18.126s][info][gc          ] GC(4) Concurrent strong roots 1.197ms
[2026-04-03T02:43:33.337+0600][18.126s][info][gc,start    ] GC(4) Concurrent evacuation
[2026-04-03T02:43:33.337+0600][18.126s][info][gc,task     ] GC(4) Using 3 of 6 workers for concurrent evacuation
[2026-04-03T02:43:33.378+0600][18.167s][info][gc          ] GC(4) Concurrent evacuation 40.977ms
[2026-04-03T02:43:33.378+0600][18.167s][info][gc,start    ] GC(4) Pause Init Update Refs
[2026-04-03T02:43:33.378+0600][18.168s][info][gc,ergo     ] GC(4) Pacer for Update Refs. Used: 332M, Free: 1363M, Non-Taxable: 136M, Alloc Tax Rate: 1.1x
[2026-04-03T02:43:33.378+0600][18.168s][info][gc          ] GC(4) Pause Init Update Refs 0.127ms
[2026-04-03T02:43:33.378+0600][18.168s][info][gc,start    ] GC(4) Concurrent update references
[2026-04-03T02:43:33.378+0600][18.168s][info][gc,task     ] GC(4) Using 3 of 6 workers for concurrent reference update
[2026-04-03T02:43:33.431+0600][18.221s][info][gc          ] GC(4) Concurrent update references 53.242ms
[2026-04-03T02:43:33.432+0600][18.221s][info][gc,start    ] GC(4) Concurrent update thread roots
[2026-04-03T02:43:33.433+0600][18.222s][info][gc          ] GC(4) Concurrent update thread roots 1.014ms
[2026-04-03T02:43:33.433+0600][18.222s][info][gc,start    ] GC(4) Pause Final Update Refs
[2026-04-03T02:43:33.433+0600][18.222s][info][gc,task     ] GC(4) Using 6 of 6 workers for final reference update
[2026-04-03T02:43:33.433+0600][18.222s][info][gc          ] GC(4) Pause Final Update Refs 0.243ms
[2026-04-03T02:43:33.433+0600][18.223s][info][gc,start    ] GC(4) Concurrent cleanup
[2026-04-03T02:43:33.434+0600][18.223s][info][gc          ] GC(4) Concurrent cleanup 349M->137M(484M) 0.775ms
[2026-04-03T02:43:33.434+0600][18.224s][info][gc,ergo     ] Free: 1522M, Max: 512K regular, 1186M humongous, Frag: 23% external, 0% internal; Reserve: 89600K, Max: 512K
[2026-04-03T02:43:33.434+0600][18.224s][info][gc,stats    ] 
[2026-04-03T02:43:33.434+0600][18.224s][info][gc,stats    ] All times are wall-clock times, except per-root-class counters, that are sum over
[2026-04-03T02:43:33.434+0600][18.224s][info][gc,stats    ] all workers. Dividing the <total> over the root stage time estimates parallelism.
[2026-04-03T02:43:33.434+0600][18.224s][info][gc,stats    ] 
[2026-04-03T02:43:33.434+0600][18.224s][info][gc,stats    ] Concurrent Reset                   1387 us
[2026-04-03T02:43:33.434+0600][18.224s][info][gc,stats    ] Pause Init Mark (G)                 566 us
[2026-04-03T02:43:33.434+0600][18.224s][info][gc,stats    ] Pause Init Mark (N)                 175 us
[2026-04-03T02:43:33.434+0600][18.224s][info][gc,stats    ]   Update Region States               36 us
[2026-04-03T02:43:33.434+0600][18.224s][info][gc,stats    ] Concurrent Mark Roots              1273 us, parallelism: 1.60x
[2026-04-03T02:43:33.434+0600][18.224s][info][gc,stats    ]   CMR: <total>                     2043 us
[2026-04-03T02:43:33.434+0600][18.224s][info][gc,stats    ]   CMR: Thread Roots                1606 us, workers (us): 666, 293, 647, ---, ---, ---, 
[2026-04-03T02:43:33.434+0600][18.224s][info][gc,stats    ]   CMR: VM Strong Roots               34 us, workers (us):  17,  15,   1, ---, ---, ---, 
[2026-04-03T02:43:33.434+0600][18.224s][info][gc,stats    ]   CMR: CLDG Roots                   403 us, workers (us): ---, 403, ---, ---, ---, ---, 
[2026-04-03T02:43:33.434+0600][18.224s][info][gc,stats    ] Concurrent Marking                68022 us
[2026-04-03T02:43:33.434+0600][18.224s][info][gc,stats    ] Pause Final Mark (G)               1029 us
[2026-04-03T02:43:33.434+0600][18.224s][info][gc,stats    ] Pause Final Mark (N)                852 us
[2026-04-03T02:43:33.434+0600][18.224s][info][gc,stats    ]   Finish Mark                       247 us
[2026-04-03T02:43:33.434+0600][18.224s][info][gc,stats    ]   Update Region States               71 us
[2026-04-03T02:43:33.434+0600][18.224s][info][gc,stats    ]   Choose Collection Set             301 us
[2026-04-03T02:43:33.434+0600][18.224s][info][gc,stats    ]   Rebuild Free Set                   71 us
[2026-04-03T02:43:33.434+0600][18.224s][info][gc,stats    ] Concurrent Thread Roots             753 us, parallelism: 2.02x
[2026-04-03T02:43:33.434+0600][18.224s][info][gc,stats    ]   CTR: <total>                     1518 us
[2026-04-03T02:43:33.435+0600][18.224s][info][gc,stats    ]   CTR: Thread Roots                1518 us, workers (us): 529, 509, 481, ---, ---, ---, 
[2026-04-03T02:43:33.435+0600][18.224s][info][gc,stats    ] Concurrent Weak References         2150 us, parallelism: 1.22x
[2026-04-03T02:43:33.435+0600][18.224s][info][gc,stats    ]   CWRF: <total>                    2631 us
[2026-04-03T02:43:33.435+0600][18.224s][info][gc,stats    ]   CWRF: Weak References            2631 us, workers (us): 1865, 511, 255, ---, ---, ---, 
[2026-04-03T02:43:33.435+0600][18.224s][info][gc,stats    ] Concurrent Weak Roots              5073 us
[2026-04-03T02:43:33.435+0600][18.224s][info][gc,stats    ]   Roots                            4579 us, parallelism: 2.63x
[2026-04-03T02:43:33.435+0600][18.224s][info][gc,stats    ]     CWR: <total>                  12051 us
[2026-04-03T02:43:33.435+0600][18.224s][info][gc,stats    ]     CWR: Code Cache Roots          6090 us, workers (us): 1863, 2045, 2183, ---, ---, ---, 
[2026-04-03T02:43:33.435+0600][18.224s][info][gc,stats    ]     CWR: VM Weak Roots             5732 us, workers (us): 1921, 1922, 1888, ---, ---, ---, 
[2026-04-03T02:43:33.435+0600][18.224s][info][gc,stats    ]     CWR: CLDG Roots                 228 us, workers (us): 228, ---, ---, ---, ---, ---, 
[2026-04-03T02:43:33.435+0600][18.224s][info][gc,stats    ]   Rendezvous                        342 us
[2026-04-03T02:43:33.435+0600][18.224s][info][gc,stats    ] Concurrent Cleanup                  323 us
[2026-04-03T02:43:33.435+0600][18.224s][info][gc,stats    ] Concurrent Class Unloading        44165 us
[2026-04-03T02:43:33.435+0600][18.224s][info][gc,stats    ]   Unlink Stale                    34215 us
[2026-04-03T02:43:33.435+0600][18.224s][info][gc,stats    ]     System Dictionary              1185 us
[2026-04-03T02:43:33.435+0600][18.224s][info][gc,stats    ]     Weak Class Links              22938 us
[2026-04-03T02:43:33.435+0600][18.224s][info][gc,stats    ]     Code Roots                    10083 us
[2026-04-03T02:43:33.435+0600][18.224s][info][gc,stats    ]   Rendezvous                        198 us
[2026-04-03T02:43:33.435+0600][18.224s][info][gc,stats    ]   Purge Unlinked                   9597 us
[2026-04-03T02:43:33.435+0600][18.224s][info][gc,stats    ]     Code Roots                     8577 us
[2026-04-03T02:43:33.435+0600][18.224s][info][gc,stats    ]     CLDG                           1019 us
[2026-04-03T02:43:33.435+0600][18.224s][info][gc,stats    ]     Exception Caches                  0 us
[2026-04-03T02:43:33.435+0600][18.224s][info][gc,stats    ] Concurrent Strong Roots            1231 us, parallelism: 0.77x
[2026-04-03T02:43:33.435+0600][18.224s][info][gc,stats    ]   CSR: <total>                      942 us
[2026-04-03T02:43:33.435+0600][18.224s][info][gc,stats    ]   CSR: VM Strong Roots               48 us, workers (us):  27,  20,   1, ---, ---, ---, 
[2026-04-03T02:43:33.435+0600][18.224s][info][gc,stats    ]   CSR: CLDG Roots                   895 us, workers (us): ---, 895, ---, ---, ---, ---, 
[2026-04-03T02:43:33.435+0600][18.224s][info][gc,stats    ] Concurrent Evacuation             41068 us
[2026-04-03T02:43:33.435+0600][18.224s][info][gc,stats    ] Pause Init Update Refs (G)          588 us
[2026-04-03T02:43:33.435+0600][18.224s][info][gc,stats    ] Pause Init Update Refs (N)          147 us
[2026-04-03T02:43:33.435+0600][18.224s][info][gc,stats    ]   Manage GCLABs                      21 us
[2026-04-03T02:43:33.435+0600][18.224s][info][gc,stats    ] Concurrent Update Refs            53341 us
[2026-04-03T02:43:33.435+0600][18.224s][info][gc,stats    ] Concurrent Update Thread Roots     1094 us
[2026-04-03T02:43:33.435+0600][18.224s][info][gc,stats    ] Pause Final Update Refs (G)         517 us
[2026-04-03T02:43:33.435+0600][18.224s][info][gc,stats    ] Pause Final Update Refs (N)         287 us
[2026-04-03T02:43:33.435+0600][18.224s][info][gc,stats    ]   Update Region States               76 us
[2026-04-03T02:43:33.435+0600][18.224s][info][gc,stats    ]   Trash Collection Set               21 us
[2026-04-03T02:43:33.435+0600][18.224s][info][gc,stats    ]   Rebuild Free Set                   46 us
[2026-04-03T02:43:33.435+0600][18.224s][info][gc,stats    ] Concurrent Cleanup                  846 us
[2026-04-03T02:43:33.435+0600][18.224s][info][gc,stats    ] 
[2026-04-03T02:43:33.435+0600][18.224s][info][gc,stats    ] Allocation pacing accrued:
[2026-04-03T02:43:33.435+0600][18.224s][info][gc,stats    ]       0 of  3564 ms (  0.0%): <total>
[2026-04-03T02:43:33.435+0600][18.224s][info][gc,stats    ]       0 of  3564 ms (  0.0%): <average total>
[2026-04-03T02:43:33.435+0600][18.224s][info][gc,stats    ] 
[2026-04-03T02:43:33.435+0600][18.224s][info][gc,metaspace] Metaspace: 116841K(118400K)->116436K(118528K) NonClass: 101602K(102464K)->101339K(102592K) Class: 15238K(15936K)->15096K(15936K)
[2026-04-03T02:43:33.435+0600][18.225s][info][gc,ergo     ] Pacer for Idle. Initial: 35840K, Alloc Tax Rate: 1.0x
[2026-04-03T02:43:36.473+0600][21.262s][info][gc          ] Trigger: Explicit GC request (System.gc())
[2026-04-03T02:43:36.473+0600][21.262s][info][gc,ergo     ] Free: 917M, Max: 512K regular, 917M humongous, Frag: 0% external, 0% internal; Reserve: 89600K, Max: 512K
[2026-04-03T02:43:36.473+0600][21.262s][info][gc,start    ] GC(5) Concurrent reset
[2026-04-03T02:43:36.473+0600][21.262s][info][gc,task     ] GC(5) Using 3 of 6 workers for concurrent reset
[2026-04-03T02:43:36.473+0600][21.262s][info][gc,ergo     ] GC(5) Pacer for Reset. Non-Taxable: 1750M
[2026-04-03T02:43:36.474+0600][21.264s][info][gc          ] GC(5) Concurrent reset 1.312ms
[2026-04-03T02:43:36.475+0600][21.264s][info][gc,start    ] GC(5) Pause Init Mark (unload classes)
[2026-04-03T02:43:36.475+0600][21.264s][info][gc,task     ] GC(5) Using 6 of 6 workers for init marking
[2026-04-03T02:43:36.475+0600][21.264s][info][gc,ref      ] GC(5) Clearing All SoftReferences
[2026-04-03T02:43:36.475+0600][21.264s][info][gc,ergo     ] GC(5) Pacer for Mark. Expected Live: 39262K, Free: 917M, Non-Taxable: 93906K, Alloc Tax Rate: 0.1x
[2026-04-03T02:43:36.475+0600][21.264s][info][gc          ] GC(5) Pause Init Mark (unload classes) 0.129ms
[2026-04-03T02:43:36.475+0600][21.264s][info][gc,start    ] GC(5) Concurrent marking roots
[2026-04-03T02:43:36.475+0600][21.264s][info][gc,task     ] GC(5) Using 3 of 6 workers for concurrent marking roots
[2026-04-03T02:43:36.476+0600][21.265s][info][gc          ] GC(5) Concurrent marking roots 0.977ms
[2026-04-03T02:43:36.476+0600][21.265s][info][gc,start    ] GC(5) Concurrent marking (unload classes)
[2026-04-03T02:43:36.476+0600][21.265s][info][gc,task     ] GC(5) Using 3 of 6 workers for concurrent marking
[2026-04-03T02:43:36.520+0600][21.310s][info][gc          ] GC(5) Concurrent marking (unload classes) 44.523ms
[2026-04-03T02:43:36.521+0600][21.310s][info][gc,start    ] GC(5) Pause Final Mark (unload classes)
[2026-04-03T02:43:36.521+0600][21.310s][info][gc,task     ] GC(5) Using 6 of 6 workers for final marking
[2026-04-03T02:43:36.521+0600][21.310s][info][gc,ergo     ] GC(5) Adaptive CSet Selection. Target Free: 247M, Actual Free: 1387M, Max CSet: 74666K, Min Garbage: 0B
[2026-04-03T02:43:36.521+0600][21.311s][info][gc,ergo     ] GC(5) Collectable Garbage: 623M (99%), Immediate: 382M (60%), CSet: 240M (38%)
[2026-04-03T02:43:36.521+0600][21.311s][info][gc,ergo     ] GC(5) Pacer for Evacuation. Used CSet: 258M, Free: 1342M, Non-Taxable: 134M, Alloc Tax Rate: 1.1x
[2026-04-03T02:43:36.521+0600][21.311s][info][gc          ] GC(5) Pause Final Mark (unload classes) 0.740ms
[2026-04-03T02:43:36.521+0600][21.311s][info][gc,start    ] GC(5) Concurrent thread roots
[2026-04-03T02:43:36.521+0600][21.311s][info][gc,task     ] GC(5) Using 3 of 6 workers for Concurrent thread roots
[2026-04-03T02:43:36.522+0600][21.312s][info][gc          ] GC(5) Concurrent thread roots 0.769ms
[2026-04-03T02:43:36.522+0600][21.312s][info][gc,start    ] GC(5) Concurrent weak references
[2026-04-03T02:43:36.522+0600][21.312s][info][gc,task     ] GC(5) Using 3 of 6 workers for concurrent weak references
[2026-04-03T02:43:36.524+0600][21.313s][info][gc,ref      ] GC(5) Encountered references: Soft: 5586, Weak: 14277, Final: 84, Phantom: 609
[2026-04-03T02:43:36.524+0600][21.313s][info][gc,ref      ] GC(5) Discovered  references: Soft: 3249, Weak: 8497, Final: 64, Phantom: 607
[2026-04-03T02:43:36.524+0600][21.313s][info][gc,ref      ] GC(5) Enqueued    references: Soft: 2798, Weak: 1409, Final: 0, Phantom: 1
[2026-04-03T02:43:36.524+0600][21.313s][info][gc          ] GC(5) Concurrent weak references 1.533ms
[2026-04-03T02:43:36.524+0600][21.313s][info][gc,start    ] GC(5) Concurrent weak roots
[2026-04-03T02:43:36.524+0600][21.313s][info][gc,task     ] GC(5) Using 3 of 6 workers for concurrent weak root
[2026-04-03T02:43:36.527+0600][21.317s][info][gc          ] GC(5) Concurrent weak roots 3.464ms
[2026-04-03T02:43:36.527+0600][21.317s][info][gc,start    ] GC(5) Concurrent cleanup
[2026-04-03T02:43:36.528+0600][21.317s][info][gc          ] GC(5) Concurrent cleanup 702M->319M(755M) 0.641ms
[2026-04-03T02:43:36.528+0600][21.317s][info][gc,ergo     ] GC(5) Free: 1341M, Max: 512K regular, 924M humongous, Frag: 32% external, 0% internal; Reserve: 88144K, Max: 512K
[2026-04-03T02:43:36.528+0600][21.317s][info][gc,start    ] GC(5) Concurrent class unloading
[2026-04-03T02:43:36.528+0600][21.317s][info][gc,task     ] GC(5) Using 3 of 6 workers for concurrent class unloading
[2026-04-03T02:43:36.576+0600][21.365s][info][gc          ] GC(5) Concurrent class unloading 48.050ms
[2026-04-03T02:43:36.576+0600][21.365s][info][gc,start    ] GC(5) Concurrent strong roots
[2026-04-03T02:43:36.576+0600][21.366s][info][gc,task     ] GC(5) Using 3 of 6 workers for concurrent strong root
[2026-04-03T02:43:36.577+0600][21.366s][info][gc          ] GC(5) Concurrent strong roots 0.993ms
[2026-04-03T02:43:36.577+0600][21.367s][info][gc,start    ] GC(5) Concurrent evacuation
[2026-04-03T02:43:36.577+0600][21.367s][info][gc,task     ] GC(5) Using 3 of 6 workers for concurrent evacuation
[2026-04-03T02:43:36.590+0600][21.379s][info][gc          ] GC(5) Concurrent evacuation 12.415ms
[2026-04-03T02:43:36.590+0600][21.379s][info][gc,start    ] GC(5) Pause Init Update Refs
[2026-04-03T02:43:36.590+0600][21.380s][info][gc,ergo     ] GC(5) Pacer for Update Refs. Used: 361M, Free: 1316M, Non-Taxable: 131M, Alloc Tax Rate: 1.1x
[2026-04-03T02:43:36.590+0600][21.380s][info][gc          ] GC(5) Pause Init Update Refs 0.141ms
[2026-04-03T02:43:36.590+0600][21.380s][info][gc,start    ] GC(5) Concurrent update references
[2026-04-03T02:43:36.590+0600][21.380s][info][gc,task     ] GC(5) Using 3 of 6 workers for concurrent reference update
[2026-04-03T02:43:36.620+0600][21.409s][info][gc          ] GC(5) Concurrent update references 29.308ms
[2026-04-03T02:43:36.620+0600][21.409s][info][gc,start    ] GC(5) Concurrent update thread roots
[2026-04-03T02:43:36.621+0600][21.410s][info][gc          ] GC(5) Concurrent update thread roots 1.261ms
[2026-04-03T02:43:36.621+0600][21.411s][info][gc,start    ] GC(5) Pause Final Update Refs
[2026-04-03T02:43:36.621+0600][21.411s][info][gc,task     ] GC(5) Using 6 of 6 workers for final reference update
[2026-04-03T02:43:36.621+0600][21.411s][info][gc          ] GC(5) Pause Final Update Refs 0.269ms
[2026-04-03T02:43:36.622+0600][21.411s][info][gc,start    ] GC(5) Concurrent cleanup
[2026-04-03T02:43:36.622+0600][21.412s][info][gc          ] GC(5) Concurrent cleanup 364M->105M(756M) 0.739ms
[2026-04-03T02:43:36.623+0600][21.412s][info][gc,ergo     ] Free: 1554M, Max: 512K regular, 922M humongous, Frag: 41% external, 0% internal; Reserve: 89600K, Max: 512K
[2026-04-03T02:43:36.623+0600][21.412s][info][gc,stats    ] 
[2026-04-03T02:43:36.623+0600][21.412s][info][gc,stats    ] All times are wall-clock times, except per-root-class counters, that are sum over
[2026-04-03T02:43:36.623+0600][21.412s][info][gc,stats    ] all workers. Dividing the <total> over the root stage time estimates parallelism.
[2026-04-03T02:43:36.623+0600][21.412s][info][gc,stats    ] 
[2026-04-03T02:43:36.623+0600][21.412s][info][gc,stats    ] Concurrent Reset                   1372 us
[2026-04-03T02:43:36.623+0600][21.412s][info][gc,stats    ] Pause Init Mark (G)                 489 us
[2026-04-03T02:43:36.623+0600][21.412s][info][gc,stats    ] Pause Init Mark (N)                 156 us
[2026-04-03T02:43:36.623+0600][21.412s][info][gc,stats    ]   Update Region States               23 us
[2026-04-03T02:43:36.623+0600][21.412s][info][gc,stats    ] Concurrent Mark Roots              1011 us, parallelism: 1.61x
[2026-04-03T02:43:36.623+0600][21.412s][info][gc,stats    ]   CMR: <total>                     1631 us
[2026-04-03T02:43:36.623+0600][21.412s][info][gc,stats    ]   CMR: Thread Roots                1359 us, workers (us): 272, 484, 603, ---, ---, ---, 
[2026-04-03T02:43:36.623+0600][21.412s][info][gc,stats    ]   CMR: VM Strong Roots               57 us, workers (us):  15,  15,  27, ---, ---, ---, 
[2026-04-03T02:43:36.623+0600][21.412s][info][gc,stats    ]   CMR: CLDG Roots                   215 us, workers (us): 215, ---, ---, ---, ---, ---, 
[2026-04-03T02:43:36.623+0600][21.412s][info][gc,stats    ] Concurrent Marking                44599 us
[2026-04-03T02:43:36.623+0600][21.412s][info][gc,stats    ] Pause Final Mark (G)                881 us
[2026-04-03T02:43:36.623+0600][21.412s][info][gc,stats    ] Pause Final Mark (N)                754 us
[2026-04-03T02:43:36.623+0600][21.412s][info][gc,stats    ]   Finish Mark                       291 us
[2026-04-03T02:43:36.623+0600][21.412s][info][gc,stats    ]   Update Region States              106 us
[2026-04-03T02:43:36.623+0600][21.412s][info][gc,stats    ]   Choose Collection Set             231 us
[2026-04-03T02:43:36.623+0600][21.412s][info][gc,stats    ]   Rebuild Free Set                   35 us
[2026-04-03T02:43:36.623+0600][21.412s][info][gc,stats    ] Concurrent Thread Roots             848 us, parallelism: 1.57x
[2026-04-03T02:43:36.623+0600][21.412s][info][gc,stats    ]   CTR: <total>                     1330 us
[2026-04-03T02:43:36.623+0600][21.412s][info][gc,stats    ]   CTR: Thread Roots                1330 us, workers (us): 448, 453, 429, ---, ---, ---, 
[2026-04-03T02:43:36.623+0600][21.412s][info][gc,stats    ] Concurrent Weak References         1546 us, parallelism: 1.42x
[2026-04-03T02:43:36.623+0600][21.412s][info][gc,stats    ]   CWRF: <total>                    2200 us
[2026-04-03T02:43:36.623+0600][21.412s][info][gc,stats    ]   CWRF: Weak References            2200 us, workers (us): 1245, 863,  92, ---, ---, ---, 
[2026-04-03T02:43:36.623+0600][21.412s][info][gc,stats    ] Concurrent Weak Roots              3529 us
[2026-04-03T02:43:36.623+0600][21.412s][info][gc,stats    ]   Roots                            3189 us, parallelism: 2.67x
[2026-04-03T02:43:36.623+0600][21.412s][info][gc,stats    ]     CWR: <total>                   8512 us
[2026-04-03T02:43:36.623+0600][21.412s][info][gc,stats    ]     CWR: Code Cache Roots          5611 us, workers (us): 1790, 1897, 1924, ---, ---, ---, 
[2026-04-03T02:43:36.623+0600][21.412s][info][gc,stats    ]     CWR: VM Weak Roots             2803 us, workers (us): 972, 950, 881, ---, ---, ---, 
[2026-04-03T02:43:36.623+0600][21.412s][info][gc,stats    ]     CWR: CLDG Roots                  99 us, workers (us):  99, ---, ---, ---, ---, ---, 
[2026-04-03T02:43:36.623+0600][21.412s][info][gc,stats    ]   Rendezvous                        247 us
[2026-04-03T02:43:36.623+0600][21.412s][info][gc,stats    ] Concurrent Cleanup                  658 us
[2026-04-03T02:43:36.623+0600][21.412s][info][gc,stats    ] Concurrent Class Unloading        48124 us
[2026-04-03T02:43:36.623+0600][21.412s][info][gc,stats    ]   Unlink Stale                    26161 us
[2026-04-03T02:43:36.623+0600][21.412s][info][gc,stats    ]     System Dictionary               619 us
[2026-04-03T02:43:36.623+0600][21.412s][info][gc,stats    ]     Weak Class Links              15300 us
[2026-04-03T02:43:36.623+0600][21.412s][info][gc,stats    ]     Code Roots                    10236 us
[2026-04-03T02:43:36.623+0600][21.412s][info][gc,stats    ]   Rendezvous                        259 us
[2026-04-03T02:43:36.623+0600][21.412s][info][gc,stats    ]   Purge Unlinked                  21597 us
[2026-04-03T02:43:36.623+0600][21.412s][info][gc,stats    ]     Code Roots                    20596 us
[2026-04-03T02:43:36.623+0600][21.412s][info][gc,stats    ]     CLDG                            999 us
[2026-04-03T02:43:36.623+0600][21.412s][info][gc,stats    ]     Exception Caches                  0 us
[2026-04-03T02:43:36.623+0600][21.412s][info][gc,stats    ] Concurrent Strong Roots            1011 us, parallelism: 0.82x
[2026-04-03T02:43:36.623+0600][21.412s][info][gc,stats    ]   CSR: <total>                      831 us
[2026-04-03T02:43:36.623+0600][21.412s][info][gc,stats    ]   CSR: VM Strong Roots               45 us, workers (us):  26,  19,   0, ---, ---, ---, 
[2026-04-03T02:43:36.623+0600][21.412s][info][gc,stats    ]   CSR: CLDG Roots                   786 us, workers (us): 786, ---, ---, ---, ---, ---, 
[2026-04-03T02:43:36.623+0600][21.412s][info][gc,stats    ] Concurrent Evacuation             12473 us
[2026-04-03T02:43:36.623+0600][21.412s][info][gc,stats    ] Pause Init Update Refs (G)          692 us
[2026-04-03T02:43:36.623+0600][21.412s][info][gc,stats    ] Pause Init Update Refs (N)          156 us
[2026-04-03T02:43:36.623+0600][21.412s][info][gc,stats    ]   Manage GCLABs                      30 us
[2026-04-03T02:43:36.623+0600][21.412s][info][gc,stats    ] Concurrent Update Refs            29372 us
[2026-04-03T02:43:36.623+0600][21.412s][info][gc,stats    ] Concurrent Update Thread Roots     1315 us
[2026-04-03T02:43:36.623+0600][21.412s][info][gc,stats    ] Pause Final Update Refs (G)         676 us
[2026-04-03T02:43:36.623+0600][21.412s][info][gc,stats    ] Pause Final Update Refs (N)         299 us
[2026-04-03T02:43:36.623+0600][21.412s][info][gc,stats    ]   Update Region States               89 us
[2026-04-03T02:43:36.623+0600][21.412s][info][gc,stats    ]   Trash Collection Set               21 us
[2026-04-03T02:43:36.623+0600][21.412s][info][gc,stats    ]   Rebuild Free Set                   39 us
[2026-04-03T02:43:36.623+0600][21.412s][info][gc,stats    ] Concurrent Cleanup                  774 us
[2026-04-03T02:43:36.623+0600][21.412s][info][gc,stats    ] 
[2026-04-03T02:43:36.623+0600][21.412s][info][gc,stats    ] Allocation pacing accrued:
[2026-04-03T02:43:36.623+0600][21.412s][info][gc,stats    ]       0 of  3188 ms (  0.0%): <total>
[2026-04-03T02:43:36.623+0600][21.412s][info][gc,stats    ]       0 of  3188 ms (  0.0%): <average total>
[2026-04-03T02:43:36.623+0600][21.412s][info][gc,stats    ] 
[2026-04-03T02:43:36.623+0600][21.412s][info][gc,metaspace] Metaspace: 121574K(122688K)->120731K(122624K) NonClass: 105917K(106560K)->105247K(106496K) Class: 15656K(16128K)->15483K(16128K)
[2026-04-03T02:43:36.623+0600][21.412s][info][gc,ergo     ] Pacer for Idle. Initial: 35840K, Alloc Tax Rate: 1.0x
[2026-04-03T02:43:36.623+0600][21.412s][info][gc,start    ] Concurrent uncommit
[2026-04-03T02:43:36.719+0600][21.509s][info][gc          ] Concurrent uncommit 106M->112M(115M) 96.416ms
[2026-04-03T02:43:37.563+0600][22.352s][info][gc          ] Trigger: Learning 2 of 5. Free (1222M) is below initial threshold (1225M)
[2026-04-03T02:43:37.563+0600][22.352s][info][gc,ergo     ] Free: 1222M, Max: 512K regular, 922M humongous, Frag: 25% external, 0% internal; Reserve: 89600K, Max: 512K
[2026-04-03T02:43:37.563+0600][22.352s][info][gc,start    ] GC(6) Concurrent reset
[2026-04-03T02:43:37.563+0600][22.352s][info][gc,task     ] GC(6) Using 3 of 6 workers for concurrent reset
[2026-04-03T02:43:37.563+0600][22.352s][info][gc,ergo     ] GC(6) Pacer for Reset. Non-Taxable: 1750M
[2026-04-03T02:43:37.565+0600][22.355s][info][gc          ] GC(6) Concurrent reset 2.302ms
[2026-04-03T02:43:37.570+0600][22.359s][info][gc,start    ] GC(6) Pause Init Mark (unload classes)
[2026-04-03T02:43:37.570+0600][22.359s][info][gc,task     ] GC(6) Using 6 of 6 workers for init marking
[2026-04-03T02:43:37.570+0600][22.359s][info][gc,ergo     ] GC(6) Pacer for Mark. Expected Live: 50196K, Free: 1218M, Non-Taxable: 121M, Alloc Tax Rate: 0.0x
[2026-04-03T02:43:37.570+0600][22.359s][info][gc          ] GC(6) Pause Init Mark (unload classes) 0.175ms
[2026-04-03T02:43:37.570+0600][22.359s][info][gc,start    ] GC(6) Concurrent marking roots
[2026-04-03T02:43:37.570+0600][22.359s][info][gc,task     ] GC(6) Using 3 of 6 workers for concurrent marking roots
[2026-04-03T02:43:37.572+0600][22.362s][info][gc          ] GC(6) Concurrent marking roots 2.214ms
[2026-04-03T02:43:37.572+0600][22.362s][info][gc,start    ] GC(6) Concurrent marking (unload classes)
[2026-04-03T02:43:37.572+0600][22.362s][info][gc,task     ] GC(6) Using 3 of 6 workers for concurrent marking
[2026-04-03T02:43:37.627+0600][22.416s][info][gc          ] GC(6) Concurrent marking (unload classes) 54.427ms
[2026-04-03T02:43:37.627+0600][22.416s][info][gc,start    ] GC(6) Pause Final Mark (unload classes)
[2026-04-03T02:43:37.627+0600][22.417s][info][gc,task     ] GC(6) Using 6 of 6 workers for final marking
[2026-04-03T02:43:37.628+0600][22.417s][info][gc,ergo     ] GC(6) Adaptive CSet Selection. Target Free: 247M, Actual Free: 1450M, Max CSet: 74666K, Min Garbage: 0B
[2026-04-03T02:43:37.628+0600][22.417s][info][gc,ergo     ] GC(6) Collectable Garbage: 316M (98%), Immediate: 223M (69%), CSet: 95423K (29%)
[2026-04-03T02:43:37.628+0600][22.417s][info][gc,ergo     ] GC(6) Pacer for Evacuation. Used CSet: 101M, Free: 1392M, Non-Taxable: 139M, Alloc Tax Rate: 1.1x
[2026-04-03T02:43:37.628+0600][22.417s][info][gc          ] GC(6) Pause Final Mark (unload classes) 0.762ms
[2026-04-03T02:43:37.628+0600][22.417s][info][gc,start    ] GC(6) Concurrent thread roots
[2026-04-03T02:43:37.628+0600][22.417s][info][gc,task     ] GC(6) Using 3 of 6 workers for Concurrent thread roots
[2026-04-03T02:43:37.629+0600][22.418s][info][gc          ] GC(6) Concurrent thread roots 1.073ms
[2026-04-03T02:43:37.629+0600][22.418s][info][gc,start    ] GC(6) Concurrent weak references
[2026-04-03T02:43:37.629+0600][22.418s][info][gc,task     ] GC(6) Using 3 of 6 workers for concurrent weak references
[2026-04-03T02:43:37.630+0600][22.419s][info][gc,ref      ] GC(6) Encountered references: Soft: 3562, Weak: 13950, Final: 84, Phantom: 632
[2026-04-03T02:43:37.630+0600][22.419s][info][gc,ref      ] GC(6) Discovered  references: Soft: 0, Weak: 6216, Final: 0, Phantom: 598
[2026-04-03T02:43:37.630+0600][22.419s][info][gc,ref      ] GC(6) Enqueued    references: Soft: 0, Weak: 479, Final: 0, Phantom: 0
[2026-04-03T02:43:37.630+0600][22.419s][info][gc          ] GC(6) Concurrent weak references 0.919ms
[2026-04-03T02:43:37.630+0600][22.419s][info][gc,start    ] GC(6) Concurrent weak roots
[2026-04-03T02:43:37.630+0600][22.419s][info][gc,task     ] GC(6) Using 3 of 6 workers for concurrent weak root
[2026-04-03T02:43:37.636+0600][22.425s][info][gc          ] GC(6) Concurrent weak roots 5.930ms
[2026-04-03T02:43:37.636+0600][22.425s][info][gc,start    ] GC(6) Concurrent cleanup
[2026-04-03T02:43:37.637+0600][22.426s][info][gc          ] GC(6) Concurrent cleanup 487M->265M(531M) 0.724ms
[2026-04-03T02:43:37.637+0600][22.426s][info][gc,ergo     ] GC(6) Free: 1384M, Max: 512K regular, 922M humongous, Frag: 34% external, 0% internal; Reserve: 88954K, Max: 512K
[2026-04-03T02:43:37.637+0600][22.426s][info][gc,start    ] GC(6) Concurrent class unloading
[2026-04-03T02:43:37.637+0600][22.426s][info][gc,task     ] GC(6) Using 3 of 6 workers for concurrent class unloading
[2026-04-03T02:43:37.679+0600][22.468s][info][gc          ] GC(6) Concurrent class unloading 41.857ms
[2026-04-03T02:43:37.679+0600][22.468s][info][gc,start    ] GC(6) Concurrent strong roots
[2026-04-03T02:43:37.679+0600][22.468s][info][gc,task     ] GC(6) Using 3 of 6 workers for concurrent strong root
[2026-04-03T02:43:37.682+0600][22.471s][info][gc          ] GC(6) Concurrent strong roots 2.783ms
[2026-04-03T02:43:37.682+0600][22.471s][info][gc,start    ] GC(6) Concurrent evacuation
[2026-04-03T02:43:37.682+0600][22.471s][info][gc,task     ] GC(6) Using 3 of 6 workers for concurrent evacuation
[2026-04-03T02:43:37.701+0600][22.491s][info][gc          ] GC(6) Concurrent evacuation 19.462ms
[2026-04-03T02:43:37.702+0600][22.491s][info][gc,start    ] GC(6) Pause Init Update Refs
[2026-04-03T02:43:37.702+0600][22.492s][info][gc,ergo     ] GC(6) Pacer for Update Refs. Used: 292M, Free: 1365M, Non-Taxable: 136M, Alloc Tax Rate: 1.1x
[2026-04-03T02:43:37.702+0600][22.492s][info][gc          ] GC(6) Pause Init Update Refs 0.243ms
[2026-04-03T02:43:37.702+0600][22.492s][info][gc,start    ] GC(6) Concurrent update references
[2026-04-03T02:43:37.702+0600][22.492s][info][gc,task     ] GC(6) Using 3 of 6 workers for concurrent reference update
[2026-04-03T02:43:37.751+0600][22.540s][info][gc          ] GC(6) Concurrent update references 48.368ms
[2026-04-03T02:43:37.751+0600][22.540s][info][gc,start    ] GC(6) Concurrent update thread roots
[2026-04-03T02:43:37.752+0600][22.542s][info][gc          ] GC(6) Concurrent update thread roots 1.308ms
[2026-04-03T02:43:37.752+0600][22.542s][info][gc,start    ] GC(6) Pause Final Update Refs
[2026-04-03T02:43:37.752+0600][22.542s][info][gc,task     ] GC(6) Using 6 of 6 workers for final reference update
[2026-04-03T02:43:37.753+0600][22.542s][info][gc          ] GC(6) Pause Final Update Refs 0.220ms
[2026-04-03T02:43:37.757+0600][22.546s][info][gc,start    ] GC(6) Concurrent cleanup
[2026-04-03T02:43:37.757+0600][22.547s][info][gc          ] GC(6) Concurrent cleanup 296M->195M(540M) 0.735ms
[2026-04-03T02:43:37.758+0600][22.547s][info][gc,ergo     ] Free: 1453M, Max: 512K regular, 1127M humongous, Frag: 23% external, 0% internal; Reserve: 89600K, Max: 512K
[2026-04-03T02:43:37.758+0600][22.547s][info][gc,stats    ] 
[2026-04-03T02:43:37.758+0600][22.547s][info][gc,stats    ] All times are wall-clock times, except per-root-class counters, that are sum over
[2026-04-03T02:43:37.758+0600][22.547s][info][gc,stats    ] all workers. Dividing the <total> over the root stage time estimates parallelism.
[2026-04-03T02:43:37.758+0600][22.547s][info][gc,stats    ] 
[2026-04-03T02:43:37.758+0600][22.547s][info][gc,stats    ] Concurrent Reset                   2385 us
[2026-04-03T02:43:37.758+0600][22.547s][info][gc,stats    ] Pause Init Mark (G)                4710 us
[2026-04-03T02:43:37.758+0600][22.547s][info][gc,stats    ] Pause Init Mark (N)                 184 us
[2026-04-03T02:43:37.758+0600][22.547s][info][gc,stats    ]   Update Region States               56 us
[2026-04-03T02:43:37.758+0600][22.547s][info][gc,stats    ] Concurrent Mark Roots              2260 us, parallelism: 2.40x
[2026-04-03T02:43:37.758+0600][22.547s][info][gc,stats    ]   CMR: <total>                     5420 us
[2026-04-03T02:43:37.758+0600][22.547s][info][gc,stats    ]   CMR: Thread Roots                4854 us, workers (us): 1348, 1770, 1737, ---, ---, ---, 
[2026-04-03T02:43:37.758+0600][22.547s][info][gc,stats    ]   CMR: VM Strong Roots              167 us, workers (us):  56,  61,  49, ---, ---, ---, 
[2026-04-03T02:43:37.758+0600][22.547s][info][gc,stats    ]   CMR: CLDG Roots                   400 us, workers (us): 400, ---, ---, ---, ---, ---, 
[2026-04-03T02:43:37.758+0600][22.547s][info][gc,stats    ] Concurrent Marking                54532 us
[2026-04-03T02:43:37.758+0600][22.547s][info][gc,stats    ] Pause Final Mark (G)               1022 us
[2026-04-03T02:43:37.758+0600][22.547s][info][gc,stats    ] Pause Final Mark (N)                781 us
[2026-04-03T02:43:37.758+0600][22.547s][info][gc,stats    ]   Finish Mark                       226 us
[2026-04-03T02:43:37.758+0600][22.547s][info][gc,stats    ]   Update Region States               61 us
[2026-04-03T02:43:37.758+0600][22.547s][info][gc,stats    ]   Choose Collection Set             216 us
[2026-04-03T02:43:37.758+0600][22.547s][info][gc,stats    ]   Rebuild Free Set                   78 us
[2026-04-03T02:43:37.758+0600][22.547s][info][gc,stats    ] Concurrent Thread Roots            1116 us, parallelism: 2.33x
[2026-04-03T02:43:37.758+0600][22.547s][info][gc,stats    ]   CTR: <total>                     2603 us
[2026-04-03T02:43:37.758+0600][22.547s][info][gc,stats    ]   CTR: Thread Roots                2603 us, workers (us): 892, 870, 841, ---, ---, ---, 
[2026-04-03T02:43:37.758+0600][22.547s][info][gc,stats    ] Concurrent Weak References          934 us, parallelism: 1.19x
[2026-04-03T02:43:37.758+0600][22.547s][info][gc,stats    ]   CWRF: <total>                    1107 us
[2026-04-03T02:43:37.758+0600][22.547s][info][gc,stats    ]   CWRF: Weak References            1107 us, workers (us): 745, 341,  21, ---, ---, ---, 
[2026-04-03T02:43:37.758+0600][22.547s][info][gc,stats    ] Concurrent Weak Roots              6008 us
[2026-04-03T02:43:37.758+0600][22.547s][info][gc,stats    ]   Roots                            3671 us, parallelism: 2.65x
[2026-04-03T02:43:37.758+0600][22.547s][info][gc,stats    ]     CWR: <total>                   9740 us
[2026-04-03T02:43:37.758+0600][22.547s][info][gc,stats    ]     CWR: Code Cache Roots          5727 us, workers (us): 1925, 1843, 1960, ---, ---, ---, 
[2026-04-03T02:43:37.758+0600][22.547s][info][gc,stats    ]     CWR: VM Weak Roots             3755 us, workers (us): 1304, 1245, 1206, ---, ---, ---, 
[2026-04-03T02:43:37.758+0600][22.547s][info][gc,stats    ]     CWR: CLDG Roots                 258 us, workers (us): ---, 258, ---, ---, ---, ---, 
[2026-04-03T02:43:37.758+0600][22.547s][info][gc,stats    ]   Rendezvous                       2229 us
[2026-04-03T02:43:37.758+0600][22.547s][info][gc,stats    ] Concurrent Cleanup                  787 us
[2026-04-03T02:43:37.758+0600][22.547s][info][gc,stats    ] Concurrent Class Unloading        41986 us
[2026-04-03T02:43:37.758+0600][22.547s][info][gc,stats    ]   Unlink Stale                    35183 us
[2026-04-03T02:43:37.758+0600][22.547s][info][gc,stats    ]     System Dictionary               499 us
[2026-04-03T02:43:37.758+0600][22.547s][info][gc,stats    ]     Weak Class Links              24775 us
[2026-04-03T02:43:37.758+0600][22.548s][info][gc,stats    ]     Code Roots                     9901 us
[2026-04-03T02:43:37.758+0600][22.548s][info][gc,stats    ]   Rendezvous                       2378 us
[2026-04-03T02:43:37.758+0600][22.548s][info][gc,stats    ]   Purge Unlinked                   4256 us
[2026-04-03T02:43:37.758+0600][22.548s][info][gc,stats    ]     Code Roots                     4077 us
[2026-04-03T02:43:37.758+0600][22.548s][info][gc,stats    ]     CLDG                            177 us
[2026-04-03T02:43:37.758+0600][22.548s][info][gc,stats    ]     Exception Caches                  0 us
[2026-04-03T02:43:37.758+0600][22.548s][info][gc,stats    ] Concurrent Strong Roots            2910 us, parallelism: 0.82x
[2026-04-03T02:43:37.758+0600][22.548s][info][gc,stats    ]   CSR: <total>                     2385 us
[2026-04-03T02:43:37.758+0600][22.548s][info][gc,stats    ]   CSR: VM Strong Roots               65 us, workers (us):  63,   2,   0, ---, ---, ---, 
[2026-04-03T02:43:37.758+0600][22.548s][info][gc,stats    ]   CSR: CLDG Roots                  2319 us, workers (us): 2319, ---, ---, ---, ---, ---, 
[2026-04-03T02:43:37.758+0600][22.548s][info][gc,stats    ] Concurrent Evacuation             19601 us
[2026-04-03T02:43:37.758+0600][22.548s][info][gc,stats    ] Pause Init Update Refs (G)         1018 us
[2026-04-03T02:43:37.758+0600][22.548s][info][gc,stats    ] Pause Init Update Refs (N)          259 us
[2026-04-03T02:43:37.758+0600][22.548s][info][gc,stats    ]   Manage GCLABs                     106 us
[2026-04-03T02:43:37.758+0600][22.548s][info][gc,stats    ] Concurrent Update Refs            48489 us
[2026-04-03T02:43:37.758+0600][22.548s][info][gc,stats    ] Concurrent Update Thread Roots     1399 us
[2026-04-03T02:43:37.758+0600][22.548s][info][gc,stats    ] Pause Final Update Refs (G)        4482 us
[2026-04-03T02:43:37.758+0600][22.548s][info][gc,stats    ] Pause Final Update Refs (N)         370 us
[2026-04-03T02:43:37.758+0600][22.548s][info][gc,stats    ]   Update Region States               82 us
[2026-04-03T02:43:37.758+0600][22.548s][info][gc,stats    ]   Trash Collection Set               17 us
[2026-04-03T02:43:37.758+0600][22.548s][info][gc,stats    ]   Rebuild Free Set                   65 us
[2026-04-03T02:43:37.758+0600][22.548s][info][gc,stats    ] Concurrent Cleanup                  777 us
[2026-04-03T02:43:37.758+0600][22.548s][info][gc,stats    ] 
[2026-04-03T02:43:37.758+0600][22.548s][info][gc,stats    ] Allocation pacing accrued:
[2026-04-03T02:43:37.758+0600][22.548s][info][gc,stats    ]       0 of  1135 ms (  0.0%): <total>
[2026-04-03T02:43:37.758+0600][22.548s][info][gc,stats    ]       0 of  1135 ms (  0.0%): <average total>
[2026-04-03T02:43:37.758+0600][22.548s][info][gc,stats    ] 
[2026-04-03T02:43:37.759+0600][22.548s][info][gc,metaspace] Metaspace: 122538K(123584K)->122517K(123584K) NonClass: 106777K(107328K)->106765K(107328K) Class: 15761K(16256K)->15751K(16256K)
[2026-04-03T02:43:37.759+0600][22.548s][info][gc,ergo     ] Pacer for Idle. Initial: 35840K, Alloc Tax Rate: 1.0x
[2026-04-03T02:43:38.257+0600][23.046s][info][gc          ] Trigger: Learning 3 of 5. Free (1219M) is below initial threshold (1225M)
[2026-04-03T02:43:38.257+0600][23.047s][info][gc,ergo     ] Free: 1219M, Max: 512K regular, 1127M humongous, Frag: 8% external, 0% internal; Reserve: 89600K, Max: 512K
[2026-04-03T02:43:38.257+0600][23.047s][info][gc,start    ] GC(7) Concurrent reset
[2026-04-03T02:43:38.257+0600][23.047s][info][gc,task     ] GC(7) Using 3 of 6 workers for concurrent reset
[2026-04-03T02:43:38.257+0600][23.047s][info][gc,ergo     ] GC(7) Pacer for Reset. Non-Taxable: 1750M
[2026-04-03T02:43:38.260+0600][23.050s][info][gc          ] GC(7) Concurrent reset 3.074ms
[2026-04-03T02:43:38.261+0600][23.051s][info][gc,start    ] GC(7) Pause Init Mark (unload classes)
[2026-04-03T02:43:38.262+0600][23.051s][info][gc,task     ] GC(7) Using 6 of 6 workers for init marking
[2026-04-03T02:43:38.262+0600][23.051s][info][gc,ergo     ] GC(7) Pacer for Mark. Expected Live: 64123K, Free: 1190M, Non-Taxable: 119M, Alloc Tax Rate: 0.1x
[2026-04-03T02:43:38.262+0600][23.051s][info][gc          ] GC(7) Pause Init Mark (unload classes) 0.174ms
[2026-04-03T02:43:38.262+0600][23.051s][info][gc,start    ] GC(7) Concurrent marking roots
[2026-04-03T02:43:38.262+0600][23.051s][info][gc,task     ] GC(7) Using 3 of 6 workers for concurrent marking roots
[2026-04-03T02:43:38.264+0600][23.054s][info][gc          ] GC(7) Concurrent marking roots 2.635ms
[2026-04-03T02:43:38.264+0600][23.054s][info][gc,start    ] GC(7) Concurrent marking (unload classes)
[2026-04-03T02:43:38.264+0600][23.054s][info][gc,task     ] GC(7) Using 3 of 6 workers for concurrent marking
[2026-04-03T02:43:38.329+0600][23.118s][info][gc          ] GC(7) Concurrent marking (unload classes) 64.075ms
[2026-04-03T02:43:38.329+0600][23.118s][info][gc,start    ] GC(7) Pause Final Mark (unload classes)
[2026-04-03T02:43:38.329+0600][23.118s][info][gc,task     ] GC(7) Using 6 of 6 workers for final marking
[2026-04-03T02:43:38.329+0600][23.119s][info][gc,ergo     ] GC(7) Adaptive CSet Selection. Target Free: 247M, Actual Free: 1444M, Max CSet: 74666K, Min Garbage: 0B
[2026-04-03T02:43:38.330+0600][23.119s][info][gc,ergo     ] GC(7) Collectable Garbage: 330M (98%), Immediate: 273M (81%), CSet: 58197K (16%)
[2026-04-03T02:43:38.330+0600][23.119s][info][gc,ergo     ] GC(7) Pacer for Evacuation. Used CSet: 66016K, Free: 1394M, Non-Taxable: 139M, Alloc Tax Rate: 1.1x
[2026-04-03T02:43:38.330+0600][23.119s][info][gc          ] GC(7) Pause Final Mark (unload classes) 0.845ms
[2026-04-03T02:43:38.330+0600][23.119s][info][gc,start    ] GC(7) Concurrent thread roots
[2026-04-03T02:43:38.330+0600][23.119s][info][gc,task     ] GC(7) Using 3 of 6 workers for Concurrent thread roots
[2026-04-03T02:43:38.332+0600][23.121s][info][gc          ] GC(7) Concurrent thread roots 2.241ms
[2026-04-03T02:43:38.332+0600][23.122s][info][gc,start    ] GC(7) Concurrent weak references
[2026-04-03T02:43:38.332+0600][23.122s][info][gc,task     ] GC(7) Using 3 of 6 workers for concurrent weak references
[2026-04-03T02:43:38.333+0600][23.122s][info][gc,ref      ] GC(7) Encountered references: Soft: 3577, Weak: 13728, Final: 84, Phantom: 637
[2026-04-03T02:43:38.333+0600][23.122s][info][gc,ref      ] GC(7) Discovered  references: Soft: 0, Weak: 2967, Final: 0, Phantom: 601
[2026-04-03T02:43:38.333+0600][23.122s][info][gc,ref      ] GC(7) Enqueued    references: Soft: 0, Weak: 246, Final: 0, Phantom: 0
[2026-04-03T02:43:38.333+0600][23.122s][info][gc          ] GC(7) Concurrent weak references 0.461ms
[2026-04-03T02:43:38.333+0600][23.122s][info][gc,start    ] GC(7) Concurrent weak roots
[2026-04-03T02:43:38.333+0600][23.122s][info][gc,task     ] GC(7) Using 3 of 6 workers for concurrent weak root
[2026-04-03T02:43:38.337+0600][23.126s][info][gc          ] GC(7) Concurrent weak roots 4.025ms
[2026-04-03T02:43:38.337+0600][23.126s][info][gc,start    ] GC(7) Concurrent cleanup
[2026-04-03T02:43:38.338+0600][23.127s][info][gc          ] GC(7) Concurrent cleanup 528M->254M(598M) 0.773ms
[2026-04-03T02:43:38.338+0600][23.127s][info][gc,ergo     ] GC(7) Free: 1391M, Max: 512K regular, 1068M humongous, Frag: 24% external, 0% internal; Reserve: 89090K, Max: 512K
[2026-04-03T02:43:38.338+0600][23.127s][info][gc,start    ] GC(7) Concurrent class unloading
[2026-04-03T02:43:38.338+0600][23.127s][info][gc,task     ] GC(7) Using 3 of 6 workers for concurrent class unloading
[2026-04-03T02:43:38.357+0600][23.146s][info][gc          ] GC(7) Concurrent class unloading 19.196ms
[2026-04-03T02:43:38.357+0600][23.146s][info][gc,start    ] GC(7) Concurrent strong roots
[2026-04-03T02:43:38.357+0600][23.146s][info][gc,task     ] GC(7) Using 3 of 6 workers for concurrent strong root
[2026-04-03T02:43:38.359+0600][23.149s][info][gc          ] GC(7) Concurrent strong roots 2.351ms
[2026-04-03T02:43:38.359+0600][23.149s][info][gc,start    ] GC(7) Concurrent evacuation
[2026-04-03T02:43:38.359+0600][23.149s][info][gc,task     ] GC(7) Using 3 of 6 workers for concurrent evacuation
[2026-04-03T02:43:38.373+0600][23.162s][info][gc          ] GC(7) Concurrent evacuation 13.053ms
[2026-04-03T02:43:38.373+0600][23.162s][info][gc,start    ] GC(7) Pause Init Update Refs
[2026-04-03T02:43:38.373+0600][23.163s][info][gc,ergo     ] GC(7) Pacer for Update Refs. Used: 274M, Free: 1379M, Non-Taxable: 137M, Alloc Tax Rate: 1.1x
[2026-04-03T02:43:38.373+0600][23.163s][info][gc          ] GC(7) Pause Init Update Refs 0.257ms
[2026-04-03T02:43:38.374+0600][23.163s][info][gc,start    ] GC(7) Concurrent update references
[2026-04-03T02:43:38.374+0600][23.163s][info][gc,task     ] GC(7) Using 3 of 6 workers for concurrent reference update
[2026-04-03T02:43:38.427+0600][23.216s][info][gc          ] GC(7) Concurrent update references 52.705ms
[2026-04-03T02:43:38.427+0600][23.216s][info][gc,start    ] GC(7) Concurrent update thread roots
[2026-04-03T02:43:38.432+0600][23.221s][info][gc          ] GC(7) Concurrent update thread roots 5.130ms
[2026-04-03T02:43:38.432+0600][23.222s][info][gc,start    ] GC(7) Pause Final Update Refs
[2026-04-03T02:43:38.432+0600][23.222s][info][gc,task     ] GC(7) Using 6 of 6 workers for final reference update
[2026-04-03T02:43:38.432+0600][23.222s][info][gc          ] GC(7) Pause Final Update Refs 0.230ms
[2026-04-03T02:43:38.433+0600][23.222s][info][gc,start    ] GC(7) Concurrent cleanup
[2026-04-03T02:43:38.433+0600][23.222s][info][gc          ] GC(7) Concurrent cleanup 276M->211M(604M) 0.364ms
[2026-04-03T02:43:38.433+0600][23.222s][info][gc,ergo     ] Free: 1434M, Max: 512K regular, 1068M humongous, Frag: 26% external, 0% internal; Reserve: 89600K, Max: 512K
[2026-04-03T02:43:38.433+0600][23.223s][info][gc,stats    ] 
[2026-04-03T02:43:38.433+0600][23.223s][info][gc,stats    ] All times are wall-clock times, except per-root-class counters, that are sum over
[2026-04-03T02:43:38.433+0600][23.223s][info][gc,stats    ] all workers. Dividing the <total> over the root stage time estimates parallelism.
[2026-04-03T02:43:38.433+0600][23.223s][info][gc,stats    ] 
[2026-04-03T02:43:38.433+0600][23.223s][info][gc,stats    ] Concurrent Reset                   3171 us
[2026-04-03T02:43:38.433+0600][23.223s][info][gc,stats    ] Pause Init Mark (G)                1247 us
[2026-04-03T02:43:38.433+0600][23.223s][info][gc,stats    ] Pause Init Mark (N)                 188 us
[2026-04-03T02:43:38.433+0600][23.223s][info][gc,stats    ]   Update Region States               57 us
[2026-04-03T02:43:38.433+0600][23.223s][info][gc,stats    ] Concurrent Mark Roots              2713 us, parallelism: 1.93x
[2026-04-03T02:43:38.433+0600][23.223s][info][gc,stats    ]   CMR: <total>                     5226 us
[2026-04-03T02:43:38.433+0600][23.223s][info][gc,stats    ]   CMR: Thread Roots                4528 us, workers (us): 1633, 1914, 981, ---, ---, ---, 
[2026-04-03T02:43:38.433+0600][23.223s][info][gc,stats    ]   CMR: VM Strong Roots              265 us, workers (us):  82, 182,   1, ---, ---, ---, 
[2026-04-03T02:43:38.433+0600][23.223s][info][gc,stats    ]   CMR: CLDG Roots                   432 us, workers (us): 432, ---, ---, ---, ---, ---, 
[2026-04-03T02:43:38.433+0600][23.223s][info][gc,stats    ] Concurrent Marking                64162 us
[2026-04-03T02:43:38.433+0600][23.223s][info][gc,stats    ] Pause Final Mark (G)               1181 us
[2026-04-03T02:43:38.433+0600][23.223s][info][gc,stats    ] Pause Final Mark (N)                887 us
[2026-04-03T02:43:38.433+0600][23.223s][info][gc,stats    ]   Finish Mark                       290 us
[2026-04-03T02:43:38.433+0600][23.223s][info][gc,stats    ]   Update Region States               76 us
[2026-04-03T02:43:38.433+0600][23.223s][info][gc,stats    ]   Choose Collection Set             233 us
[2026-04-03T02:43:38.433+0600][23.223s][info][gc,stats    ]   Rebuild Free Set                   47 us
[2026-04-03T02:43:38.433+0600][23.223s][info][gc,stats    ] Concurrent Thread Roots            2312 us, parallelism: 2.10x
[2026-04-03T02:43:38.433+0600][23.223s][info][gc,stats    ]   CTR: <total>                     4846 us
[2026-04-03T02:43:38.433+0600][23.223s][info][gc,stats    ]   CTR: Thread Roots                4846 us, workers (us): 2014, 1444, 1388, ---, ---, ---, 
[2026-04-03T02:43:38.433+0600][23.223s][info][gc,stats    ] Concurrent Weak References          476 us, parallelism: 1.09x
[2026-04-03T02:43:38.433+0600][23.223s][info][gc,stats    ]   CWRF: <total>                     521 us
[2026-04-03T02:43:38.434+0600][23.223s][info][gc,stats    ]   CWRF: Weak References             521 us, workers (us): 313, 116,  93, ---, ---, ---, 
[2026-04-03T02:43:38.434+0600][23.223s][info][gc,stats    ] Concurrent Weak Roots              4139 us
[2026-04-03T02:43:38.434+0600][23.223s][info][gc,stats    ]   Roots                            3673 us, parallelism: 2.69x
[2026-04-03T02:43:38.434+0600][23.223s][info][gc,stats    ]     CWR: <total>                   9889 us
[2026-04-03T02:43:38.434+0600][23.223s][info][gc,stats    ]     CWR: Code Cache Roots          6639 us, workers (us): 2262, 2243, 2134, ---, ---, ---, 
[2026-04-03T02:43:38.434+0600][23.223s][info][gc,stats    ]     CWR: VM Weak Roots             3128 us, workers (us): 1095, 1027, 1005, ---, ---, ---, 
[2026-04-03T02:43:38.434+0600][23.223s][info][gc,stats    ]     CWR: CLDG Roots                 122 us, workers (us): ---, ---, 122, ---, ---, ---, 
[2026-04-03T02:43:38.434+0600][23.223s][info][gc,stats    ]   Rendezvous                        320 us
[2026-04-03T02:43:38.434+0600][23.223s][info][gc,stats    ] Concurrent Cleanup                  829 us
[2026-04-03T02:43:38.434+0600][23.223s][info][gc,stats    ] Concurrent Class Unloading        19331 us
[2026-04-03T02:43:38.434+0600][23.223s][info][gc,stats    ]   Unlink Stale                    11631 us
[2026-04-03T02:43:38.434+0600][23.223s][info][gc,stats    ]     System Dictionary               221 us
[2026-04-03T02:43:38.434+0600][23.223s][info][gc,stats    ]     Weak Class Links                  1 us
[2026-04-03T02:43:38.434+0600][23.223s][info][gc,stats    ]     Code Roots                    11405 us
[2026-04-03T02:43:38.434+0600][23.223s][info][gc,stats    ]   Rendezvous                       3983 us
[2026-04-03T02:43:38.434+0600][23.223s][info][gc,stats    ]   Purge Unlinked                   3515 us
[2026-04-03T02:43:38.434+0600][23.223s][info][gc,stats    ]     Code Roots                     3473 us
[2026-04-03T02:43:38.434+0600][23.223s][info][gc,stats    ]     CLDG                             40 us
[2026-04-03T02:43:38.434+0600][23.223s][info][gc,stats    ]     Exception Caches                  0 us
[2026-04-03T02:43:38.434+0600][23.223s][info][gc,stats    ] Concurrent Strong Roots            2443 us, parallelism: 0.62x
[2026-04-03T02:43:38.434+0600][23.223s][info][gc,stats    ]   CSR: <total>                     1504 us
[2026-04-03T02:43:38.434+0600][23.223s][info][gc,stats    ]   CSR: VM Strong Roots               60 us, workers (us):  60,   1,   0, ---, ---, ---, 
[2026-04-03T02:43:38.434+0600][23.223s][info][gc,stats    ]   CSR: CLDG Roots                  1444 us, workers (us): 1444, ---, ---, ---, ---, ---, 
[2026-04-03T02:43:38.434+0600][23.223s][info][gc,stats    ] Concurrent Evacuation             13161 us
[2026-04-03T02:43:38.434+0600][23.223s][info][gc,stats    ] Pause Init Update Refs (G)         1160 us
[2026-04-03T02:43:38.434+0600][23.223s][info][gc,stats    ] Pause Init Update Refs (N)          279 us
[2026-04-03T02:43:38.434+0600][23.223s][info][gc,stats    ]   Manage GCLABs                      44 us
[2026-04-03T02:43:38.434+0600][23.223s][info][gc,stats    ] Concurrent Update Refs            52814 us
[2026-04-03T02:43:38.434+0600][23.223s][info][gc,stats    ] Concurrent Update Thread Roots     5231 us
[2026-04-03T02:43:38.434+0600][23.223s][info][gc,stats    ] Pause Final Update Refs (G)         760 us
[2026-04-03T02:43:38.434+0600][23.223s][info][gc,stats    ] Pause Final Update Refs (N)         245 us
[2026-04-03T02:43:38.434+0600][23.223s][info][gc,stats    ]   Update Region States               69 us
[2026-04-03T02:43:38.434+0600][23.223s][info][gc,stats    ]   Trash Collection Set               10 us
[2026-04-03T02:43:38.434+0600][23.223s][info][gc,stats    ]   Rebuild Free Set                   44 us
[2026-04-03T02:43:38.434+0600][23.223s][info][gc,stats    ] Concurrent Cleanup                  394 us
[2026-04-03T02:43:38.434+0600][23.223s][info][gc,stats    ] 
[2026-04-03T02:43:38.434+0600][23.223s][info][gc,stats    ] Allocation pacing accrued:
[2026-04-03T02:43:38.434+0600][23.223s][info][gc,stats    ]       0 of   676 ms (  0.0%): <total>
[2026-04-03T02:43:38.434+0600][23.223s][info][gc,stats    ]       0 of   676 ms (  0.0%): <average total>
[2026-04-03T02:43:38.434+0600][23.223s][info][gc,stats    ] 
[2026-04-03T02:43:38.434+0600][23.223s][info][gc,metaspace] Metaspace: 122663K(123712K)->122720K(123776K) NonClass: 106890K(107456K)->106948K(107520K) Class: 15772K(16256K)->15772K(16256K)
[2026-04-03T02:43:38.434+0600][23.223s][info][gc,ergo     ] Pacer for Idle. Initial: 35840K, Alloc Tax Rate: 1.0x
[2026-04-03T02:43:39.852+0600][24.641s][info][gc          ] Trigger: Learning 4 of 5. Free (1224M) is below initial threshold (1225M)
[2026-04-03T02:43:39.852+0600][24.642s][info][gc,ergo     ] Free: 1224M, Max: 512K regular, 1068M humongous, Frag: 13% external, 0% internal; Reserve: 89600K, Max: 512K
[2026-04-03T02:43:39.852+0600][24.642s][info][gc,start    ] GC(8) Concurrent reset
[2026-04-03T02:43:39.852+0600][24.642s][info][gc,task     ] GC(8) Using 3 of 6 workers for concurrent reset
[2026-04-03T02:43:39.852+0600][24.642s][info][gc,ergo     ] GC(8) Pacer for Reset. Non-Taxable: 1750M
[2026-04-03T02:43:39.854+0600][24.643s][info][gc          ] GC(8) Concurrent reset 1.861ms
[2026-04-03T02:43:39.854+0600][24.644s][info][gc,start    ] GC(8) Pause Init Mark (unload classes)
[2026-04-03T02:43:39.855+0600][24.644s][info][gc,task     ] GC(8) Using 6 of 6 workers for init marking
[2026-04-03T02:43:39.855+0600][24.644s][info][gc,ergo     ] GC(8) Pacer for Mark. Expected Live: 77638K, Free: 1224M, Non-Taxable: 122M, Alloc Tax Rate: 0.1x
[2026-04-03T02:43:39.855+0600][24.644s][info][gc          ] GC(8) Pause Init Mark (unload classes) 0.149ms
[2026-04-03T02:43:39.855+0600][24.644s][info][gc,start    ] GC(8) Concurrent marking roots
[2026-04-03T02:43:39.855+0600][24.644s][info][gc,task     ] GC(8) Using 3 of 6 workers for concurrent marking roots
[2026-04-03T02:43:39.856+0600][24.646s][info][gc          ] GC(8) Concurrent marking roots 1.631ms
[2026-04-03T02:43:39.856+0600][24.646s][info][gc,start    ] GC(8) Concurrent marking (unload classes)
[2026-04-03T02:43:39.856+0600][24.646s][info][gc,task     ] GC(8) Using 3 of 6 workers for concurrent marking
[2026-04-03T02:43:39.901+0600][24.691s][info][gc          ] GC(8) Concurrent marking (unload classes) 44.942ms
[2026-04-03T02:43:39.902+0600][24.691s][info][gc,start    ] GC(8) Pause Final Mark (unload classes)
[2026-04-03T02:43:39.902+0600][24.691s][info][gc,task     ] GC(8) Using 6 of 6 workers for final marking
[2026-04-03T02:43:39.902+0600][24.691s][info][gc,ergo     ] GC(8) Adaptive CSet Selection. Target Free: 247M, Actual Free: 1514M, Max CSet: 74666K, Min Garbage: 0B
[2026-04-03T02:43:39.902+0600][24.691s][info][gc,ergo     ] GC(8) Collectable Garbage: 317M (98%), Immediate: 213M (65%), CSet: 104M (32%)
[2026-04-03T02:43:39.902+0600][24.692s][info][gc,ergo     ] GC(8) Pacer for Evacuation. Used CSet: 107M, Free: 1462M, Non-Taxable: 146M, Alloc Tax Rate: 1.1x
[2026-04-03T02:43:39.902+0600][24.692s][info][gc          ] GC(8) Pause Final Mark (unload classes) 0.621ms
[2026-04-03T02:43:39.902+0600][24.692s][info][gc,start    ] GC(8) Concurrent thread roots
[2026-04-03T02:43:39.902+0600][24.692s][info][gc,task     ] GC(8) Using 3 of 6 workers for Concurrent thread roots
[2026-04-03T02:43:39.903+0600][24.693s][info][gc          ] GC(8) Concurrent thread roots 1.021ms
[2026-04-03T02:43:39.903+0600][24.693s][info][gc,start    ] GC(8) Concurrent weak references
[2026-04-03T02:43:39.903+0600][24.693s][info][gc,task     ] GC(8) Using 3 of 6 workers for concurrent weak references
[2026-04-03T02:43:39.904+0600][24.693s][info][gc,ref      ] GC(8) Encountered references: Soft: 3715, Weak: 14558, Final: 84, Phantom: 619
[2026-04-03T02:43:39.904+0600][24.694s][info][gc,ref      ] GC(8) Discovered  references: Soft: 0, Weak: 4531, Final: 0, Phantom: 387
[2026-04-03T02:43:39.904+0600][24.694s][info][gc,ref      ] GC(8) Enqueued    references: Soft: 0, Weak: 770, Final: 0, Phantom: 0
[2026-04-03T02:43:39.904+0600][24.694s][info][gc          ] GC(8) Concurrent weak references 0.810ms
[2026-04-03T02:43:39.904+0600][24.694s][info][gc,start    ] GC(8) Concurrent weak roots
[2026-04-03T02:43:39.904+0600][24.694s][info][gc,task     ] GC(8) Using 3 of 6 workers for concurrent weak root
[2026-04-03T02:43:39.909+0600][24.698s][info][gc          ] GC(8) Concurrent weak roots 4.271ms
[2026-04-03T02:43:39.909+0600][24.698s][info][gc,start    ] GC(8) Concurrent cleanup
[2026-04-03T02:43:39.909+0600][24.698s][info][gc          ] GC(8) Concurrent cleanup 412M->199M(604M) 0.447ms
[2026-04-03T02:43:39.909+0600][24.699s][info][gc,ergo     ] GC(8) Free: 1460M, Max: 512K regular, 1313M humongous, Frag: 11% external, 0% internal; Reserve: 89374K, Max: 512K
[2026-04-03T02:43:39.909+0600][24.699s][info][gc,start    ] GC(8) Concurrent class unloading
[2026-04-03T02:43:39.909+0600][24.699s][info][gc,task     ] GC(8) Using 3 of 6 workers for concurrent class unloading
[2026-04-03T02:43:39.959+0600][24.748s][info][gc          ] GC(8) Concurrent class unloading 49.819ms
[2026-04-03T02:43:39.959+0600][24.748s][info][gc,start    ] GC(8) Concurrent strong roots
[2026-04-03T02:43:39.959+0600][24.749s][info][gc,task     ] GC(8) Using 3 of 6 workers for concurrent strong root
[2026-04-03T02:43:39.960+0600][24.750s][info][gc          ] GC(8) Concurrent strong roots 1.136ms
[2026-04-03T02:43:39.960+0600][24.750s][info][gc,start    ] GC(8) Concurrent evacuation
[2026-04-03T02:43:39.960+0600][24.750s][info][gc,task     ] GC(8) Using 3 of 6 workers for concurrent evacuation
[2026-04-03T02:43:39.963+0600][24.753s][info][gc          ] GC(8) Concurrent evacuation 2.859ms
[2026-04-03T02:43:39.963+0600][24.753s][info][gc,start    ] GC(8) Pause Init Update Refs
[2026-04-03T02:43:39.964+0600][24.753s][info][gc,ergo     ] GC(8) Pacer for Update Refs. Used: 222M, Free: 1441M, Non-Taxable: 144M, Alloc Tax Rate: 1.1x
[2026-04-03T02:43:39.964+0600][24.753s][info][gc          ] GC(8) Pause Init Update Refs 0.104ms
[2026-04-03T02:43:39.964+0600][24.753s][info][gc,start    ] GC(8) Concurrent update references
[2026-04-03T02:43:39.964+0600][24.753s][info][gc,task     ] GC(8) Using 3 of 6 workers for concurrent reference update
[2026-04-03T02:43:40.000+0600][24.789s][info][gc          ] GC(8) Concurrent update references 36.354ms
[2026-04-03T02:43:40.000+0600][24.789s][info][gc,start    ] GC(8) Concurrent update thread roots
[2026-04-03T02:43:40.002+0600][24.791s][info][gc          ] GC(8) Concurrent update thread roots 1.453ms
[2026-04-03T02:43:40.002+0600][24.791s][info][gc,start    ] GC(8) Pause Final Update Refs
[2026-04-03T02:43:40.002+0600][24.791s][info][gc,task     ] GC(8) Using 6 of 6 workers for final reference update
[2026-04-03T02:43:40.002+0600][24.791s][info][gc          ] GC(8) Pause Final Update Refs 0.244ms
[2026-04-03T02:43:40.002+0600][24.792s][info][gc,start    ] GC(8) Concurrent cleanup
[2026-04-03T02:43:40.003+0600][24.792s][info][gc          ] GC(8) Concurrent cleanup 228M->120M(604M) 0.770ms
[2026-04-03T02:43:40.003+0600][24.792s][info][gc,ergo     ] Free: 1539M, Max: 512K regular, 1314M humongous, Frag: 15% external, 0% internal; Reserve: 89600K, Max: 512K
[2026-04-03T02:43:40.003+0600][24.793s][info][gc,stats    ] 
[2026-04-03T02:43:40.003+0600][24.793s][info][gc,stats    ] All times are wall-clock times, except per-root-class counters, that are sum over
[2026-04-03T02:43:40.003+0600][24.793s][info][gc,stats    ] all workers. Dividing the <total> over the root stage time estimates parallelism.
[2026-04-03T02:43:40.003+0600][24.793s][info][gc,stats    ] 
[2026-04-03T02:43:40.003+0600][24.793s][info][gc,stats    ] Concurrent Reset                   1926 us
[2026-04-03T02:43:40.003+0600][24.793s][info][gc,stats    ] Pause Init Mark (G)                 485 us
[2026-04-03T02:43:40.003+0600][24.793s][info][gc,stats    ] Pause Init Mark (N)                 157 us
[2026-04-03T02:43:40.003+0600][24.793s][info][gc,stats    ]   Update Region States               32 us
[2026-04-03T02:43:40.003+0600][24.793s][info][gc,stats    ] Concurrent Mark Roots              1684 us, parallelism: 1.91x
[2026-04-03T02:43:40.003+0600][24.793s][info][gc,stats    ]   CMR: <total>                     3218 us
[2026-04-03T02:43:40.003+0600][24.793s][info][gc,stats    ]   CMR: Thread Roots                2556 us, workers (us): 946, 662, 948, ---, ---, ---, 
[2026-04-03T02:43:40.003+0600][24.793s][info][gc,stats    ]   CMR: VM Strong Roots              364 us, workers (us): 162,  98, 104, ---, ---, ---, 
[2026-04-03T02:43:40.003+0600][24.793s][info][gc,stats    ]   CMR: CLDG Roots                   298 us, workers (us): ---, 298, ---, ---, ---, ---, 
[2026-04-03T02:43:40.003+0600][24.793s][info][gc,stats    ] Concurrent Marking                45034 us
[2026-04-03T02:43:40.003+0600][24.793s][info][gc,stats    ] Pause Final Mark (G)                911 us
[2026-04-03T02:43:40.003+0600][24.793s][info][gc,stats    ] Pause Final Mark (N)                633 us
[2026-04-03T02:43:40.003+0600][24.793s][info][gc,stats    ]   Finish Mark                       211 us
[2026-04-03T02:43:40.003+0600][24.793s][info][gc,stats    ]   Update Region States               50 us
[2026-04-03T02:43:40.003+0600][24.793s][info][gc,stats    ]   Choose Collection Set             186 us
[2026-04-03T02:43:40.003+0600][24.793s][info][gc,stats    ]   Rebuild Free Set                   44 us
[2026-04-03T02:43:40.003+0600][24.793s][info][gc,stats    ] Concurrent Thread Roots            1075 us, parallelism: 2.07x
[2026-04-03T02:43:40.003+0600][24.793s][info][gc,stats    ]   CTR: <total>                     2224 us
[2026-04-03T02:43:40.003+0600][24.793s][info][gc,stats    ]   CTR: Thread Roots                2224 us, workers (us): 823, 722, 679, ---, ---, ---, 
[2026-04-03T02:43:40.003+0600][24.793s][info][gc,stats    ] Concurrent Weak References          852 us, parallelism: 1.06x
[2026-04-03T02:43:40.003+0600][24.793s][info][gc,stats    ]   CWRF: <total>                     905 us
[2026-04-03T02:43:40.003+0600][24.793s][info][gc,stats    ]   CWRF: Weak References             905 us, workers (us): 320, 470, 115, ---, ---, ---, 
[2026-04-03T02:43:40.003+0600][24.793s][info][gc,stats    ] Concurrent Weak Roots              4377 us
[2026-04-03T02:43:40.003+0600][24.793s][info][gc,stats    ]   Roots                            3873 us, parallelism: 2.60x
[2026-04-03T02:43:40.003+0600][24.793s][info][gc,stats    ]     CWR: <total>                  10068 us
[2026-04-03T02:43:40.003+0600][24.793s][info][gc,stats    ]     CWR: Code Cache Roots          6929 us, workers (us): 2261, 2427, 2241, ---, ---, ---, 
[2026-04-03T02:43:40.003+0600][24.793s][info][gc,stats    ]     CWR: VM Weak Roots             2993 us, workers (us): 1019, 1004, 970, ---, ---, ---, 
[2026-04-03T02:43:40.003+0600][24.793s][info][gc,stats    ]     CWR: CLDG Roots                 146 us, workers (us): ---, ---, 146, ---, ---, ---, 
[2026-04-03T02:43:40.003+0600][24.793s][info][gc,stats    ]   Rendezvous                        358 us
[2026-04-03T02:43:40.003+0600][24.793s][info][gc,stats    ] Concurrent Cleanup                  524 us
[2026-04-03T02:43:40.003+0600][24.793s][info][gc,stats    ] Concurrent Class Unloading        49910 us
[2026-04-03T02:43:40.003+0600][24.793s][info][gc,stats    ]   Unlink Stale                    40386 us
[2026-04-03T02:43:40.003+0600][24.793s][info][gc,stats    ]     System Dictionary               826 us
[2026-04-03T02:43:40.003+0600][24.793s][info][gc,stats    ]     Weak Class Links              25839 us
[2026-04-03T02:43:40.003+0600][24.793s][info][gc,stats    ]     Code Roots                    13714 us
[2026-04-03T02:43:40.003+0600][24.793s][info][gc,stats    ]   Rendezvous                        514 us
[2026-04-03T02:43:40.003+0600][24.793s][info][gc,stats    ]   Purge Unlinked                   8875 us
[2026-04-03T02:43:40.004+0600][24.793s][info][gc,stats    ]     Code Roots                     8118 us
[2026-04-03T02:43:40.004+0600][24.793s][info][gc,stats    ]     CLDG                            755 us
[2026-04-03T02:43:40.004+0600][24.793s][info][gc,stats    ]     Exception Caches                  0 us
[2026-04-03T02:43:40.004+0600][24.793s][info][gc,stats    ] Concurrent Strong Roots            1176 us, parallelism: 0.72x
[2026-04-03T02:43:40.004+0600][24.793s][info][gc,stats    ]   CSR: <total>                      843 us
[2026-04-03T02:43:40.004+0600][24.793s][info][gc,stats    ]   CSR: VM Strong Roots               68 us, workers (us):  36,  32,   0, ---, ---, ---, 
[2026-04-03T02:43:40.004+0600][24.793s][info][gc,stats    ]   CSR: CLDG Roots                   775 us, workers (us): ---, 775, ---, ---, ---, ---, 
[2026-04-03T02:43:40.004+0600][24.793s][info][gc,stats    ] Concurrent Evacuation              2935 us
[2026-04-03T02:43:40.004+0600][24.793s][info][gc,stats    ] Pause Init Update Refs (G)          357 us
[2026-04-03T02:43:40.004+0600][24.793s][info][gc,stats    ] Pause Init Update Refs (N)          126 us
[2026-04-03T02:43:40.004+0600][24.793s][info][gc,stats    ]   Manage GCLABs                      45 us
[2026-04-03T02:43:40.004+0600][24.793s][info][gc,stats    ] Concurrent Update Refs            36448 us
[2026-04-03T02:43:40.004+0600][24.793s][info][gc,stats    ] Concurrent Update Thread Roots     1561 us
[2026-04-03T02:43:40.004+0600][24.793s][info][gc,stats    ] Pause Final Update Refs (G)         626 us
[2026-04-03T02:43:40.004+0600][24.793s][info][gc,stats    ] Pause Final Update Refs (N)         261 us
[2026-04-03T02:43:40.004+0600][24.793s][info][gc,stats    ]   Update Region States               67 us
[2026-04-03T02:43:40.004+0600][24.793s][info][gc,stats    ]   Trash Collection Set               14 us
[2026-04-03T02:43:40.004+0600][24.793s][info][gc,stats    ]   Rebuild Free Set                   53 us
[2026-04-03T02:43:40.004+0600][24.793s][info][gc,stats    ] Concurrent Cleanup                  814 us
[2026-04-03T02:43:40.004+0600][24.793s][info][gc,stats    ] 
[2026-04-03T02:43:40.004+0600][24.793s][info][gc,stats    ] Allocation pacing accrued:
[2026-04-03T02:43:40.004+0600][24.793s][info][gc,stats    ]       0 of  1570 ms (  0.0%): <total>
[2026-04-03T02:43:40.004+0600][24.793s][info][gc,stats    ]       0 of  1570 ms (  0.0%): <average total>
[2026-04-03T02:43:40.004+0600][24.793s][info][gc,stats    ] 
[2026-04-03T02:43:40.004+0600][24.793s][info][gc,metaspace] Metaspace: 126778K(128000K)->126541K(128064K) NonClass: 110492K(111168K)->110330K(111232K) Class: 16286K(16832K)->16211K(16832K)
[2026-04-03T02:43:40.004+0600][24.793s][info][gc,ergo     ] Pacer for Idle. Initial: 35840K, Alloc Tax Rate: 1.0x
[2026-04-03T02:43:40.860+0600][25.649s][info][gc          ] Trigger: Learning 5 of 5. Free (1224M) is below initial threshold (1225M)
[2026-04-03T02:43:40.860+0600][25.650s][info][gc,ergo     ] Free: 1223M, Max: 512K regular, 1223M humongous, Frag: 0% external, 0% internal; Reserve: 89600K, Max: 512K
[2026-04-03T02:43:40.860+0600][25.650s][info][gc,start    ] GC(9) Concurrent reset
[2026-04-03T02:43:40.860+0600][25.650s][info][gc,task     ] GC(9) Using 3 of 6 workers for concurrent reset
[2026-04-03T02:43:40.860+0600][25.650s][info][gc,ergo     ] GC(9) Pacer for Reset. Non-Taxable: 1750M
[2026-04-03T02:43:40.863+0600][25.653s][info][gc          ] GC(9) Concurrent reset 2.990ms
[2026-04-03T02:43:40.864+0600][25.653s][info][gc,start    ] GC(9) Pause Init Mark (unload classes)
[2026-04-03T02:43:40.864+0600][25.653s][info][gc,task     ] GC(9) Using 6 of 6 workers for init marking
[2026-04-03T02:43:40.864+0600][25.653s][info][gc,ergo     ] GC(9) Pacer for Mark. Expected Live: 84730K, Free: 1223M, Non-Taxable: 122M, Alloc Tax Rate: 0.1x
[2026-04-03T02:43:40.864+0600][25.653s][info][gc          ] GC(9) Pause Init Mark (unload classes) 0.184ms
[2026-04-03T02:43:40.864+0600][25.654s][info][gc,start    ] GC(9) Concurrent marking roots
[2026-04-03T02:43:40.864+0600][25.654s][info][gc,task     ] GC(9) Using 3 of 6 workers for concurrent marking roots
[2026-04-03T02:43:40.867+0600][25.657s][info][gc          ] GC(9) Concurrent marking roots 2.931ms
[2026-04-03T02:43:40.867+0600][25.657s][info][gc,start    ] GC(9) Concurrent marking (unload classes)
[2026-04-03T02:43:40.867+0600][25.657s][info][gc,task     ] GC(9) Using 3 of 6 workers for concurrent marking
[2026-04-03T02:43:40.947+0600][25.736s][info][gc          ] GC(9) Concurrent marking (unload classes) 79.516ms
[2026-04-03T02:43:40.947+0600][25.737s][info][gc,start    ] GC(9) Pause Final Mark (unload classes)
[2026-04-03T02:43:40.947+0600][25.737s][info][gc,task     ] GC(9) Using 6 of 6 workers for final marking
[2026-04-03T02:43:40.948+0600][25.737s][info][gc,ergo     ] GC(9) Adaptive CSet Selection. Target Free: 247M, Actual Free: 1457M, Max CSet: 74666K, Min Garbage: 0B
[2026-04-03T02:43:40.948+0600][25.738s][info][gc,ergo     ] GC(9) Collectable Garbage: 326M (98%), Immediate: 188M (56%), CSet: 137M (41%)
[2026-04-03T02:43:40.948+0600][25.738s][info][gc,ergo     ] GC(9) Pacer for Evacuation. Used CSet: 140M, Free: 1393M, Non-Taxable: 139M, Alloc Tax Rate: 1.1x
[2026-04-03T02:43:40.948+0600][25.738s][info][gc          ] GC(9) Pause Final Mark (unload classes) 1.081ms
[2026-04-03T02:43:40.948+0600][25.738s][info][gc,start    ] GC(9) Concurrent thread roots
[2026-04-03T02:43:40.948+0600][25.738s][info][gc,task     ] GC(9) Using 3 of 6 workers for Concurrent thread roots
[2026-04-03T02:43:40.952+0600][25.741s][info][gc          ] GC(9) Concurrent thread roots 3.594ms
[2026-04-03T02:43:40.952+0600][25.741s][info][gc,start    ] GC(9) Concurrent weak references
[2026-04-03T02:43:40.952+0600][25.741s][info][gc,task     ] GC(9) Using 3 of 6 workers for concurrent weak references
[2026-04-03T02:43:40.953+0600][25.742s][info][gc,ref      ] GC(9) Encountered references: Soft: 3742, Weak: 14324, Final: 84, Phantom: 620
[2026-04-03T02:43:40.953+0600][25.742s][info][gc,ref      ] GC(9) Discovered  references: Soft: 0, Weak: 6522, Final: 52, Phantom: 221
[2026-04-03T02:43:40.953+0600][25.742s][info][gc,ref      ] GC(9) Enqueued    references: Soft: 0, Weak: 56, Final: 0, Phantom: 0
[2026-04-03T02:43:40.953+0600][25.742s][info][gc          ] GC(9) Concurrent weak references 0.934ms
[2026-04-03T02:43:40.953+0600][25.742s][info][gc,start    ] GC(9) Concurrent weak roots
[2026-04-03T02:43:40.953+0600][25.742s][info][gc,task     ] GC(9) Using 3 of 6 workers for concurrent weak root
[2026-04-03T02:43:40.967+0600][25.757s][info][gc          ] GC(9) Concurrent weak roots 14.285ms
[2026-04-03T02:43:40.967+0600][25.757s][info][gc,start    ] GC(9) Concurrent cleanup
[2026-04-03T02:43:40.968+0600][25.758s][info][gc          ] GC(9) Concurrent cleanup 464M->277M(604M) 0.845ms
[2026-04-03T02:43:40.968+0600][25.758s][info][gc,ergo     ] GC(9) Free: 1374M, Max: 512K regular, 1165M humongous, Frag: 16% external, 0% internal; Reserve: 89253K, Max: 512K
[2026-04-03T02:43:40.968+0600][25.758s][info][gc,start    ] GC(9) Concurrent class unloading
[2026-04-03T02:43:40.968+0600][25.758s][info][gc,task     ] GC(9) Using 3 of 6 workers for concurrent class unloading
[2026-04-03T02:43:40.987+0600][25.776s][info][gc          ] GC(9) Concurrent class unloading 18.379ms
[2026-04-03T02:43:40.987+0600][25.776s][info][gc,start    ] GC(9) Concurrent strong roots
[2026-04-03T02:43:40.987+0600][25.776s][info][gc,task     ] GC(9) Using 3 of 6 workers for concurrent strong root
[2026-04-03T02:43:40.989+0600][25.778s][info][gc          ] GC(9) Concurrent strong roots 1.630ms
[2026-04-03T02:43:40.989+0600][25.778s][info][gc,start    ] GC(9) Concurrent evacuation
[2026-04-03T02:43:40.989+0600][25.778s][info][gc,task     ] GC(9) Using 3 of 6 workers for concurrent evacuation
[2026-04-03T02:43:40.991+0600][25.781s][info][gc          ] GC(9) Concurrent evacuation 2.577ms
[2026-04-03T02:43:40.991+0600][25.781s][info][gc,start    ] GC(9) Pause Init Update Refs
[2026-04-03T02:43:40.992+0600][25.781s][info][gc,ergo     ] GC(9) Pacer for Update Refs. Used: 297M, Free: 1356M, Non-Taxable: 135M, Alloc Tax Rate: 1.1x
[2026-04-03T02:43:40.992+0600][25.781s][info][gc          ] GC(9) Pause Init Update Refs 0.146ms
[2026-04-03T02:43:40.992+0600][25.781s][info][gc,start    ] GC(9) Concurrent update references
[2026-04-03T02:43:40.992+0600][25.781s][info][gc,task     ] GC(9) Using 3 of 6 workers for concurrent reference update
[2026-04-03T02:43:41.032+0600][25.821s][info][gc          ] GC(9) Concurrent update references 40.258ms
[2026-04-03T02:43:41.032+0600][25.822s][info][gc,start    ] GC(9) Concurrent update thread roots
[2026-04-03T02:43:41.034+0600][25.823s][info][gc          ] GC(9) Concurrent update thread roots 1.861ms
[2026-04-03T02:43:41.034+0600][25.824s][info][gc,start    ] GC(9) Pause Final Update Refs
[2026-04-03T02:43:41.034+0600][25.824s][info][gc,task     ] GC(9) Using 6 of 6 workers for final reference update
[2026-04-03T02:43:41.034+0600][25.824s][info][gc          ] GC(9) Pause Final Update Refs 0.200ms
[2026-04-03T02:43:41.038+0600][25.827s][info][gc,start    ] GC(9) Concurrent cleanup
[2026-04-03T02:43:41.038+0600][25.828s][info][gc          ] GC(9) Concurrent cleanup 308M->169M(604M) 0.416ms
[2026-04-03T02:43:41.038+0600][25.828s][info][gc,ergo     ] Free: 1483M, Max: 512K regular, 1163M humongous, Frag: 22% external, 0% internal; Reserve: 89600K, Max: 512K
[2026-04-03T02:43:41.038+0600][25.828s][info][gc,stats    ] 
[2026-04-03T02:43:41.038+0600][25.828s][info][gc,stats    ] All times are wall-clock times, except per-root-class counters, that are sum over
[2026-04-03T02:43:41.038+0600][25.828s][info][gc,stats    ] all workers. Dividing the <total> over the root stage time estimates parallelism.
[2026-04-03T02:43:41.038+0600][25.828s][info][gc,stats    ] 
[2026-04-03T02:43:41.038+0600][25.828s][info][gc,stats    ] Concurrent Reset                   3061 us
[2026-04-03T02:43:41.038+0600][25.828s][info][gc,stats    ] Pause Init Mark (G)                 945 us
[2026-04-03T02:43:41.038+0600][25.828s][info][gc,stats    ] Pause Init Mark (N)                 196 us
[2026-04-03T02:43:41.039+0600][25.828s][info][gc,stats    ]   Update Region States               46 us
[2026-04-03T02:43:41.039+0600][25.828s][info][gc,stats    ] Concurrent Mark Roots              3002 us, parallelism: 1.60x
[2026-04-03T02:43:41.039+0600][25.828s][info][gc,stats    ]   CMR: <total>                     4795 us
[2026-04-03T02:43:41.039+0600][25.828s][info][gc,stats    ]   CMR: Thread Roots                4192 us, workers (us): 1873, 2319,   0, ---, ---, ---, 
[2026-04-03T02:43:41.039+0600][25.828s][info][gc,stats    ]   CMR: VM Strong Roots              144 us, workers (us):  82,  61,   1, ---, ---, ---, 
[2026-04-03T02:43:41.039+0600][25.828s][info][gc,stats    ]   CMR: CLDG Roots                   460 us, workers (us): 460, ---, ---, ---, ---, ---, 
[2026-04-03T02:43:41.039+0600][25.828s][info][gc,stats    ] Concurrent Marking                79646 us
[2026-04-03T02:43:41.039+0600][25.828s][info][gc,stats    ] Pause Final Mark (G)               1494 us
[2026-04-03T02:43:41.039+0600][25.828s][info][gc,stats    ] Pause Final Mark (N)               1093 us
[2026-04-03T02:43:41.039+0600][25.828s][info][gc,stats    ]   Finish Mark                       544 us
[2026-04-03T02:43:41.039+0600][25.828s][info][gc,stats    ]   Update Region States               66 us
[2026-04-03T02:43:41.039+0600][25.828s][info][gc,stats    ]   Choose Collection Set             228 us
[2026-04-03T02:43:41.039+0600][25.828s][info][gc,stats    ]   Rebuild Free Set                   54 us
[2026-04-03T02:43:41.039+0600][25.828s][info][gc,stats    ] Concurrent Thread Roots            3656 us, parallelism: 1.10x
[2026-04-03T02:43:41.039+0600][25.828s][info][gc,stats    ]   CTR: <total>                     4013 us
[2026-04-03T02:43:41.039+0600][25.828s][info][gc,stats    ]   CTR: Thread Roots                4013 us, workers (us): 3463, 282, 267, ---, ---, ---, 
[2026-04-03T02:43:41.039+0600][25.828s][info][gc,stats    ] Concurrent Weak References          955 us, parallelism: 0.94x
[2026-04-03T02:43:41.039+0600][25.828s][info][gc,stats    ]   CWRF: <total>                     901 us
[2026-04-03T02:43:41.039+0600][25.828s][info][gc,stats    ]   CWRF: Weak References             901 us, workers (us): 691, 210,   0, ---, ---, ---, 
[2026-04-03T02:43:41.039+0600][25.828s][info][gc,stats    ] Concurrent Weak Roots             14408 us
[2026-04-03T02:43:41.039+0600][25.828s][info][gc,stats    ]   Roots                           11717 us, parallelism: 1.94x
[2026-04-03T02:43:41.039+0600][25.828s][info][gc,stats    ]     CWR: <total>                  22709 us
[2026-04-03T02:43:41.039+0600][25.828s][info][gc,stats    ]     CWR: Code Cache Roots         19259 us, workers (us): 5272, 5291, 8696, ---, ---, ---, 
[2026-04-03T02:43:41.039+0600][25.828s][info][gc,stats    ]     CWR: VM Weak Roots             3170 us, workers (us): 1564, 1367, 240, ---, ---, ---, 
[2026-04-03T02:43:41.039+0600][25.828s][info][gc,stats    ]     CWR: CLDG Roots                 280 us, workers (us): ---, ---, 280, ---, ---, ---, 
[2026-04-03T02:43:41.039+0600][25.828s][info][gc,stats    ]   Rendezvous                       2525 us
[2026-04-03T02:43:41.039+0600][25.828s][info][gc,stats    ] Concurrent Cleanup                  901 us
[2026-04-03T02:43:41.039+0600][25.828s][info][gc,stats    ] Concurrent Class Unloading        18467 us
[2026-04-03T02:43:41.039+0600][25.828s][info][gc,stats    ]   Unlink Stale                    15218 us
[2026-04-03T02:43:41.039+0600][25.828s][info][gc,stats    ]     System Dictionary               309 us
[2026-04-03T02:43:41.039+0600][25.828s][info][gc,stats    ]     Weak Class Links                  0 us
[2026-04-03T02:43:41.039+0600][25.828s][info][gc,stats    ]     Code Roots                    14905 us
[2026-04-03T02:43:41.039+0600][25.828s][info][gc,stats    ]   Rendezvous                        475 us
[2026-04-03T02:43:41.039+0600][25.828s][info][gc,stats    ]   Purge Unlinked                   2648 us
[2026-04-03T02:43:41.039+0600][25.828s][info][gc,stats    ]     Code Roots                     2629 us
[2026-04-03T02:43:41.039+0600][25.828s][info][gc,stats    ]     CLDG                             17 us
[2026-04-03T02:43:41.039+0600][25.828s][info][gc,stats    ]     Exception Caches                  0 us
[2026-04-03T02:43:41.039+0600][25.828s][info][gc,stats    ] Concurrent Strong Roots            1683 us, parallelism: 0.78x
[2026-04-03T02:43:41.039+0600][25.828s][info][gc,stats    ]   CSR: <total>                     1320 us
[2026-04-03T02:43:41.039+0600][25.828s][info][gc,stats    ]   CSR: VM Strong Roots               73 us, workers (us):  45,  23,   5, ---, ---, ---, 
[2026-04-03T02:43:41.039+0600][25.828s][info][gc,stats    ]   CSR: CLDG Roots                  1247 us, workers (us): ---, ---, 1247, ---, ---, ---, 
[2026-04-03T02:43:41.039+0600][25.828s][info][gc,stats    ] Concurrent Evacuation              2621 us
[2026-04-03T02:43:41.039+0600][25.828s][info][gc,stats    ] Pause Init Update Refs (G)          494 us
[2026-04-03T02:43:41.039+0600][25.828s][info][gc,stats    ] Pause Init Update Refs (N)          160 us
[2026-04-03T02:43:41.039+0600][25.828s][info][gc,stats    ]   Manage GCLABs                      51 us
[2026-04-03T02:43:41.039+0600][25.829s][info][gc,stats    ] Concurrent Update Refs            40417 us
[2026-04-03T02:43:41.039+0600][25.829s][info][gc,stats    ] Concurrent Update Thread Roots     1958 us
[2026-04-03T02:43:41.039+0600][25.829s][info][gc,stats    ] Pause Final Update Refs (G)        3625 us
[2026-04-03T02:43:41.039+0600][25.829s][info][gc,stats    ] Pause Final Update Refs (N)         227 us
[2026-04-03T02:43:41.039+0600][25.829s][info][gc,stats    ]   Update Region States               66 us
[2026-04-03T02:43:41.039+0600][25.829s][info][gc,stats    ]   Trash Collection Set               17 us
[2026-04-03T02:43:41.039+0600][25.829s][info][gc,stats    ]   Rebuild Free Set                   50 us
[2026-04-03T02:43:41.039+0600][25.829s][info][gc,stats    ] Concurrent Cleanup                  473 us
[2026-04-03T02:43:41.039+0600][25.829s][info][gc,stats    ] 
[2026-04-03T02:43:41.039+0600][25.829s][info][gc,stats    ] Allocation pacing accrued:
[2026-04-03T02:43:41.039+0600][25.829s][info][gc,stats    ]       0 of  1036 ms (  0.0%): <total>
[2026-04-03T02:43:41.039+0600][25.829s][info][gc,stats    ]       0 of  1036 ms (  0.0%): <average total>
[2026-04-03T02:43:41.039+0600][25.829s][info][gc,stats    ] 
[2026-04-03T02:43:41.039+0600][25.829s][info][gc,metaspace] Metaspace: 127107K(128320K)->127209K(128384K) NonClass: 110862K(111488K)->110958K(111552K) Class: 16245K(16832K)->16250K(16832K)
[2026-04-03T02:43:41.039+0600][25.829s][info][gc,ergo     ] Pacer for Idle. Initial: 35840K, Alloc Tax Rate: 1.0x
[2026-04-03T02:43:43.275+0600][28.065s][info][gc          ] Trigger: Average GC time (206.06 ms) is above the time for average allocation rate (623 MB/s) to deplete free headroom (125M) (margin of error = 1.80)
[2026-04-03T02:43:43.275+0600][28.065s][info][gc,ergo     ] Free headroom: 213M (free) - 89600K (spike) - 0B (penalties) = 125M
[2026-04-03T02:43:43.278+0600][28.067s][info][gc,ergo     ] Free: 210M, Max: 512K regular, 210M humongous, Frag: 0% external, 0% internal; Reserve: 89600K, Max: 512K
[2026-04-03T02:43:43.278+0600][28.068s][info][gc,start    ] GC(10) Concurrent reset
[2026-04-03T02:43:43.278+0600][28.068s][info][gc,task     ] GC(10) Using 3 of 6 workers for concurrent reset
[2026-04-03T02:43:43.278+0600][28.068s][info][gc,ergo     ] GC(10) Pacer for Reset. Non-Taxable: 1750M
[2026-04-03T02:43:43.283+0600][28.073s][info][gc          ] GC(10) Concurrent reset 4.984ms
[2026-04-03T02:43:43.286+0600][28.075s][info][gc,start    ] GC(10) Pause Init Mark (unload classes)
[2026-04-03T02:43:43.286+0600][28.075s][info][gc,task     ] GC(10) Using 6 of 6 workers for init marking
[2026-04-03T02:43:43.286+0600][28.075s][info][gc,ergo     ] GC(10) Pacer for Mark. Expected Live: 84276K, Free: 206M, Non-Taxable: 21160K, Alloc Tax Rate: 0.5x
[2026-04-03T02:43:43.286+0600][28.075s][info][gc          ] GC(10) Pause Init Mark (unload classes) 0.174ms
[2026-04-03T02:43:43.286+0600][28.075s][info][gc,start    ] GC(10) Concurrent marking roots
[2026-04-03T02:43:43.286+0600][28.075s][info][gc,task     ] GC(10) Using 3 of 6 workers for concurrent marking roots
[2026-04-03T02:43:43.289+0600][28.078s][info][gc          ] GC(10) Concurrent marking roots 2.983ms
[2026-04-03T02:43:43.289+0600][28.078s][info][gc,start    ] GC(10) Concurrent marking (unload classes)
[2026-04-03T02:43:43.289+0600][28.078s][info][gc,task     ] GC(10) Using 3 of 6 workers for concurrent marking
[2026-04-03T02:43:43.360+0600][28.149s][info][gc          ] GC(10) Concurrent marking (unload classes) 70.491ms
[2026-04-03T02:43:43.360+0600][28.149s][info][gc,start    ] GC(10) Pause Final Mark (unload classes)
[2026-04-03T02:43:43.360+0600][28.149s][info][gc,task     ] GC(10) Using 6 of 6 workers for final marking
[2026-04-03T02:43:43.361+0600][28.150s][info][gc,ergo     ] GC(10) Adaptive CSet Selection. Target Free: 247M, Actual Free: 1226M, Max CSet: 74666K, Min Garbage: 0B
[2026-04-03T02:43:43.361+0600][28.150s][info][gc,ergo     ] GC(10) Collectable Garbage: 1233M (99%), Immediate: 957M (77%), CSet: 276M (22%)
[2026-04-03T02:43:43.361+0600][28.150s][info][gc,ergo     ] GC(10) Pacer for Evacuation. Used CSet: 282M, Free: 1263M, Non-Taxable: 126M, Alloc Tax Rate: 1.1x
[2026-04-03T02:43:43.361+0600][28.150s][info][gc          ] GC(10) Pause Final Mark (unload classes) 1.141ms
[2026-04-03T02:43:43.361+0600][28.151s][info][gc,start    ] GC(10) Concurrent thread roots
[2026-04-03T02:43:43.361+0600][28.151s][info][gc,task     ] GC(10) Using 3 of 6 workers for Concurrent thread roots
[2026-04-03T02:43:43.367+0600][28.157s][info][gc          ] GC(10) Concurrent thread roots 6.254ms
[2026-04-03T02:43:43.368+0600][28.157s][info][gc,start    ] GC(10) Concurrent weak references
[2026-04-03T02:43:43.368+0600][28.157s][info][gc,task     ] GC(10) Using 3 of 6 workers for concurrent weak references
[2026-04-03T02:43:43.371+0600][28.161s][info][gc,ref      ] GC(10) Encountered references: Soft: 3758, Weak: 16449, Final: 84, Phantom: 620
[2026-04-03T02:43:43.371+0600][28.161s][info][gc,ref      ] GC(10) Discovered  references: Soft: 0, Weak: 9742, Final: 0, Phantom: 572
[2026-04-03T02:43:43.372+0600][28.161s][info][gc,ref      ] GC(10) Enqueued    references: Soft: 0, Weak: 1680, Final: 0, Phantom: 0
[2026-04-03T02:43:43.372+0600][28.161s][info][gc          ] GC(10) Concurrent weak references 4.184ms
[2026-04-03T02:43:43.372+0600][28.161s][info][gc,start    ] GC(10) Concurrent weak roots
[2026-04-03T02:43:43.372+0600][28.161s][info][gc,task     ] GC(10) Using 3 of 6 workers for concurrent weak root
[2026-04-03T02:43:43.380+0600][28.169s][info][gc          ] GC(10) Concurrent weak roots 7.798ms
[2026-04-03T02:43:43.380+0600][28.169s][info][gc,start    ] GC(10) Concurrent cleanup
[2026-04-03T02:43:43.384+0600][28.173s][info][gc          ] GC(10) Concurrent cleanup 1355M->402M(1499M) 4.134ms
[2026-04-03T02:43:43.384+0600][28.173s][info][gc,ergo     ] GC(10) Free: 1249M, Max: 512K regular, 171M humongous, Frag: 87% external, 0% internal; Reserve: 89081K, Max: 512K
[2026-04-03T02:43:43.384+0600][28.173s][info][gc,start    ] GC(10) Concurrent class unloading
[2026-04-03T02:43:43.384+0600][28.174s][info][gc,task     ] GC(10) Using 3 of 6 workers for concurrent class unloading
[2026-04-03T02:43:43.423+0600][28.212s][info][gc          ] GC(10) Concurrent class unloading 38.624ms
[2026-04-03T02:43:43.423+0600][28.212s][info][gc,start    ] GC(10) Concurrent strong roots
[2026-04-03T02:43:43.423+0600][28.212s][info][gc,task     ] GC(10) Using 3 of 6 workers for concurrent strong root
[2026-04-03T02:43:43.425+0600][28.214s][info][gc          ] GC(10) Concurrent strong roots 2.172ms
[2026-04-03T02:43:43.425+0600][28.215s][info][gc,start    ] GC(10) Concurrent evacuation
[2026-04-03T02:43:43.425+0600][28.215s][info][gc,task     ] GC(10) Using 3 of 6 workers for concurrent evacuation
[2026-04-03T02:43:43.437+0600][28.226s][info][gc          ] GC(10) Concurrent evacuation 11.802ms
[2026-04-03T02:43:43.438+0600][28.227s][info][gc,start    ] GC(10) Pause Init Update Refs
[2026-04-03T02:43:43.438+0600][28.227s][info][gc,ergo     ] GC(10) Pacer for Update Refs. Used: 447M, Free: 1206M, Non-Taxable: 120M, Alloc Tax Rate: 1.1x
[2026-04-03T02:43:43.438+0600][28.227s][info][gc          ] GC(10) Pause Init Update Refs 0.235ms
[2026-04-03T02:43:43.438+0600][28.227s][info][gc,start    ] GC(10) Concurrent update references
[2026-04-03T02:43:43.438+0600][28.227s][info][gc,task     ] GC(10) Using 3 of 6 workers for concurrent reference update
[2026-04-03T02:43:43.500+0600][28.289s][info][gc          ] GC(10) Concurrent update references 61.947ms
[2026-04-03T02:43:43.500+0600][28.289s][info][gc,start    ] GC(10) Concurrent update thread roots
[2026-04-03T02:43:43.502+0600][28.291s][info][gc          ] GC(10) Concurrent update thread roots 1.556ms
[2026-04-03T02:43:43.502+0600][28.291s][info][gc,start    ] GC(10) Pause Final Update Refs
[2026-04-03T02:43:43.502+0600][28.291s][info][gc,task     ] GC(10) Using 6 of 6 workers for final reference update
[2026-04-03T02:43:43.502+0600][28.291s][info][gc          ] GC(10) Pause Final Update Refs 0.248ms
[2026-04-03T02:43:43.502+0600][28.292s][info][gc,start    ] GC(10) Concurrent cleanup
[2026-04-03T02:43:43.503+0600][28.292s][info][gc          ] GC(10) Concurrent cleanup 481M->199M(1499M) 0.434ms
[2026-04-03T02:43:43.503+0600][28.292s][info][gc,ergo     ] Free: 1450M, Max: 512K regular, 1102M humongous, Frag: 25% external, 0% internal; Reserve: 89600K, Max: 512K
[2026-04-03T02:43:43.503+0600][28.292s][info][gc,stats    ] 
[2026-04-03T02:43:43.503+0600][28.292s][info][gc,stats    ] All times are wall-clock times, except per-root-class counters, that are sum over
[2026-04-03T02:43:43.503+0600][28.292s][info][gc,stats    ] all workers. Dividing the <total> over the root stage time estimates parallelism.
[2026-04-03T02:43:43.503+0600][28.292s][info][gc,stats    ] 
[2026-04-03T02:43:43.503+0600][28.292s][info][gc,stats    ] Concurrent Reset                   5110 us
[2026-04-03T02:43:43.503+0600][28.292s][info][gc,stats    ] Pause Init Mark (G)                2718 us
[2026-04-03T02:43:43.503+0600][28.292s][info][gc,stats    ] Pause Init Mark (N)                 186 us
[2026-04-03T02:43:43.503+0600][28.292s][info][gc,stats    ]   Update Region States               43 us
[2026-04-03T02:43:43.503+0600][28.292s][info][gc,stats    ] Concurrent Mark Roots              3059 us, parallelism: 2.39x
[2026-04-03T02:43:43.503+0600][28.292s][info][gc,stats    ]   CMR: <total>                     7298 us
[2026-04-03T02:43:43.503+0600][28.292s][info][gc,stats    ]   CMR: Thread Roots                5974 us, workers (us): 2069, 2071, 1834, ---, ---, ---, 
[2026-04-03T02:43:43.503+0600][28.292s][info][gc,stats    ]   CMR: VM Strong Roots              787 us, workers (us): 369, 408,  10, ---, ---, ---, 
[2026-04-03T02:43:43.503+0600][28.292s][info][gc,stats    ]   CMR: CLDG Roots                   537 us, workers (us): ---, ---, 537, ---, ---, ---, 
[2026-04-03T02:43:43.503+0600][28.292s][info][gc,stats    ] Concurrent Marking                70623 us
[2026-04-03T02:43:43.503+0600][28.292s][info][gc,stats    ] Pause Final Mark (G)               1459 us
[2026-04-03T02:43:43.503+0600][28.292s][info][gc,stats    ] Pause Final Mark (N)               1158 us
[2026-04-03T02:43:43.503+0600][28.292s][info][gc,stats    ]   Finish Mark                       361 us
[2026-04-03T02:43:43.503+0600][28.292s][info][gc,stats    ]   Update Region States              109 us
[2026-04-03T02:43:43.503+0600][28.292s][info][gc,stats    ]   Choose Collection Set             435 us
[2026-04-03T02:43:43.503+0600][28.292s][info][gc,stats    ]   Rebuild Free Set                   58 us
[2026-04-03T02:43:43.503+0600][28.292s][info][gc,stats    ] Concurrent Thread Roots            6364 us, parallelism: 1.31x
[2026-04-03T02:43:43.503+0600][28.292s][info][gc,stats    ]   CTR: <total>                     8313 us
[2026-04-03T02:43:43.503+0600][28.293s][info][gc,stats    ]   CTR: Thread Roots                8313 us, workers (us): 2379, 4464, 1470, ---, ---, ---, 
[2026-04-03T02:43:43.503+0600][28.293s][info][gc,stats    ] Concurrent Weak References         4214 us, parallelism: 1.45x
[2026-04-03T02:43:43.503+0600][28.293s][info][gc,stats    ]   CWRF: <total>                    6095 us
[2026-04-03T02:43:43.503+0600][28.293s][info][gc,stats    ]   CWRF: Weak References            6095 us, workers (us): 539, 3689, 1867, ---, ---, ---, 
[2026-04-03T02:43:43.503+0600][28.293s][info][gc,stats    ] Concurrent Weak Roots              7920 us
[2026-04-03T02:43:43.503+0600][28.293s][info][gc,stats    ]   Roots                            6792 us, parallelism: 2.58x
[2026-04-03T02:43:43.503+0600][28.293s][info][gc,stats    ]     CWR: <total>                  17531 us
[2026-04-03T02:43:43.503+0600][28.293s][info][gc,stats    ]     CWR: Code Cache Roots         13473 us, workers (us): 4490, 4140, 4842, ---, ---, ---, 
[2026-04-03T02:43:43.503+0600][28.293s][info][gc,stats    ]     CWR: VM Weak Roots             3819 us, workers (us): 1528, 1450, 840, ---, ---, ---, 
[2026-04-03T02:43:43.503+0600][28.293s][info][gc,stats    ]     CWR: CLDG Roots                 239 us, workers (us): ---, 239, ---, ---, ---, ---, 
[2026-04-03T02:43:43.503+0600][28.293s][info][gc,stats    ]   Rendezvous                        926 us
[2026-04-03T02:43:43.503+0600][28.293s][info][gc,stats    ] Concurrent Cleanup                 4257 us
[2026-04-03T02:43:43.503+0600][28.293s][info][gc,stats    ] Concurrent Class Unloading        38752 us
[2026-04-03T02:43:43.503+0600][28.293s][info][gc,stats    ]   Unlink Stale                    20882 us
[2026-04-03T02:43:43.503+0600][28.293s][info][gc,stats    ]     System Dictionary               335 us
[2026-04-03T02:43:43.503+0600][28.293s][info][gc,stats    ]     Weak Class Links                  1 us
[2026-04-03T02:43:43.503+0600][28.293s][info][gc,stats    ]     Code Roots                    20541 us
[2026-04-03T02:43:43.503+0600][28.293s][info][gc,stats    ]   Rendezvous                        317 us
[2026-04-03T02:43:43.503+0600][28.293s][info][gc,stats    ]   Purge Unlinked                  17368 us
[2026-04-03T02:43:43.503+0600][28.293s][info][gc,stats    ]     Code Roots                    17260 us
[2026-04-03T02:43:43.503+0600][28.293s][info][gc,stats    ]     CLDG                            105 us
[2026-04-03T02:43:43.503+0600][28.293s][info][gc,stats    ]     Exception Caches                  1 us
[2026-04-03T02:43:43.503+0600][28.293s][info][gc,stats    ] Concurrent Strong Roots            2301 us, parallelism: 0.57x
[2026-04-03T02:43:43.503+0600][28.293s][info][gc,stats    ]   CSR: <total>                     1317 us
[2026-04-03T02:43:43.503+0600][28.293s][info][gc,stats    ]   CSR: VM Strong Roots               87 us, workers (us):  50,  36,   0, ---, ---, ---, 
[2026-04-03T02:43:43.503+0600][28.293s][info][gc,stats    ]   CSR: CLDG Roots                  1230 us, workers (us): ---, 1230, ---, ---, ---, ---, 
[2026-04-03T02:43:43.503+0600][28.293s][info][gc,stats    ] Concurrent Evacuation             11956 us
[2026-04-03T02:43:43.503+0600][28.293s][info][gc,stats    ] Pause Init Update Refs (G)          764 us
[2026-04-03T02:43:43.503+0600][28.293s][info][gc,stats    ] Pause Init Update Refs (N)          251 us
[2026-04-03T02:43:43.503+0600][28.293s][info][gc,stats    ]   Manage GCLABs                      69 us
[2026-04-03T02:43:43.504+0600][28.293s][info][gc,stats    ] Concurrent Update Refs            62046 us
[2026-04-03T02:43:43.504+0600][28.293s][info][gc,stats    ] Concurrent Update Thread Roots     1668 us
[2026-04-03T02:43:43.504+0600][28.293s][info][gc,stats    ] Pause Final Update Refs (G)         502 us
[2026-04-03T02:43:43.504+0600][28.293s][info][gc,stats    ] Pause Final Update Refs (N)         268 us
[2026-04-03T02:43:43.504+0600][28.293s][info][gc,stats    ]   Update Region States               72 us
[2026-04-03T02:43:43.504+0600][28.293s][info][gc,stats    ]   Trash Collection Set               26 us
[2026-04-03T02:43:43.504+0600][28.293s][info][gc,stats    ]   Rebuild Free Set                   53 us
[2026-04-03T02:43:43.504+0600][28.293s][info][gc,stats    ] Concurrent Cleanup                  482 us
[2026-04-03T02:43:43.504+0600][28.293s][info][gc,stats    ] 
[2026-04-03T02:43:43.504+0600][28.293s][info][gc,stats    ] Allocation pacing accrued:
[2026-04-03T02:43:43.504+0600][28.293s][info][gc,stats    ]       0 of  2464 ms (  0.0%): <total>
[2026-04-03T02:43:43.504+0600][28.293s][info][gc,stats    ]       0 of  2464 ms (  0.0%): <average total>
[2026-04-03T02:43:43.504+0600][28.293s][info][gc,stats    ] 
[2026-04-03T02:43:43.504+0600][28.293s][info][gc,metaspace] Metaspace: 128425K(129536K)->128466K(129600K) NonClass: 112100K(112704K)->112137K(112768K) Class: 16324K(16832K)->16328K(16832K)
[2026-04-03T02:43:43.504+0600][28.293s][info][gc,ergo     ] Pacer for Idle. Initial: 35840K, Alloc Tax Rate: 1.0x
[2026-04-03T02:43:44.993+0600][29.783s][info][gc          ] Trigger: Average GC time (252.83 ms) is above the time for average allocation rate (562 MB/s) to deplete free headroom (137M) (margin of error = 1.81)
[2026-04-03T02:43:44.993+0600][29.783s][info][gc,ergo     ] Free headroom: 224M (free) - 89600K (spike) - 0B (penalties) = 137M
[2026-04-03T02:43:44.993+0600][29.783s][info][gc,ergo     ] Free: 224M, Max: 512K regular, 169M humongous, Frag: 25% external, 1% internal; Reserve: 89600K, Max: 512K
[2026-04-03T02:43:44.993+0600][29.783s][info][gc,start    ] GC(11) Concurrent reset
[2026-04-03T02:43:44.993+0600][29.783s][info][gc,task     ] GC(11) Using 3 of 6 workers for concurrent reset
[2026-04-03T02:43:44.993+0600][29.783s][info][gc,ergo     ] GC(11) Pacer for Reset. Non-Taxable: 1750M
[2026-04-03T02:43:45.003+0600][29.793s][info][gc          ] GC(11) Concurrent reset 9.716ms
[2026-04-03T02:43:45.004+0600][29.793s][info][gc,start    ] GC(11) Pause Init Mark (unload classes)
[2026-04-03T02:43:45.004+0600][29.793s][info][gc,task     ] GC(11) Using 6 of 6 workers for init marking
[2026-04-03T02:43:45.004+0600][29.793s][info][gc,ergo     ] GC(11) Pacer for Mark. Expected Live: 86630K, Free: 205M, Non-Taxable: 21058K, Alloc Tax Rate: 0.5x
[2026-04-03T02:43:45.004+0600][29.793s][info][gc          ] GC(11) Pause Init Mark (unload classes) 0.211ms
[2026-04-03T02:43:45.004+0600][29.793s][info][gc,start    ] GC(11) Concurrent marking roots
[2026-04-03T02:43:45.004+0600][29.793s][info][gc,task     ] GC(11) Using 3 of 6 workers for concurrent marking roots
[2026-04-03T02:43:45.006+0600][29.795s][info][gc          ] GC(11) Concurrent marking roots 2.019ms
[2026-04-03T02:43:45.006+0600][29.795s][info][gc,start    ] GC(11) Concurrent marking (unload classes)
[2026-04-03T02:43:45.006+0600][29.795s][info][gc,task     ] GC(11) Using 3 of 6 workers for concurrent marking
[2026-04-03T02:43:45.082+0600][29.872s][info][gc          ] GC(11) Concurrent marking (unload classes) 76.582ms
[2026-04-03T02:43:45.083+0600][29.872s][info][gc,start    ] GC(11) Pause Final Mark (unload classes)
[2026-04-03T02:43:45.083+0600][29.872s][info][gc,task     ] GC(11) Using 6 of 6 workers for final marking
[2026-04-03T02:43:45.083+0600][29.873s][info][gc,ergo     ] GC(11) Adaptive CSet Selection. Target Free: 247M, Actual Free: 1284M, Max CSet: 74666K, Min Garbage: 0B
[2026-04-03T02:43:45.084+0600][29.873s][info][gc,ergo     ] GC(11) Collectable Garbage: 1248M (99%), Immediate: 1022M (81%), CSet: 226M (18%)
[2026-04-03T02:43:45.084+0600][29.873s][info][gc,ergo     ] GC(11) Pacer for Evacuation. Used CSet: 234M, Free: 1313M, Non-Taxable: 131M, Alloc Tax Rate: 1.1x
[2026-04-03T02:43:45.084+0600][29.873s][info][gc          ] GC(11) Pause Final Mark (unload classes) 1.294ms
[2026-04-03T02:43:45.084+0600][29.874s][info][gc,start    ] GC(11) Concurrent thread roots
[2026-04-03T02:43:45.084+0600][29.874s][info][gc,task     ] GC(11) Using 3 of 6 workers for Concurrent thread roots
[2026-04-03T02:43:45.086+0600][29.875s][info][gc          ] GC(11) Concurrent thread roots 1.693ms
[2026-04-03T02:43:45.086+0600][29.875s][info][gc,start    ] GC(11) Concurrent weak references
[2026-04-03T02:43:45.086+0600][29.875s][info][gc,task     ] GC(11) Using 3 of 6 workers for concurrent weak references
[2026-04-03T02:43:45.087+0600][29.877s][info][gc,ref      ] GC(11) Encountered references: Soft: 3860, Weak: 16823, Final: 84, Phantom: 620
[2026-04-03T02:43:45.087+0600][29.877s][info][gc,ref      ] GC(11) Discovered  references: Soft: 0, Weak: 9189, Final: 48, Phantom: 300
[2026-04-03T02:43:45.087+0600][29.877s][info][gc,ref      ] GC(11) Enqueued    references: Soft: 0, Weak: 2344, Final: 0, Phantom: 0
[2026-04-03T02:43:45.087+0600][29.877s][info][gc          ] GC(11) Concurrent weak references 1.330ms
[2026-04-03T02:43:45.087+0600][29.877s][info][gc,start    ] GC(11) Concurrent weak roots
[2026-04-03T02:43:45.087+0600][29.877s][info][gc,task     ] GC(11) Using 3 of 6 workers for concurrent weak root
[2026-04-03T02:43:45.097+0600][29.887s][info][gc          ] GC(11) Concurrent weak roots 9.998ms
[2026-04-03T02:43:45.097+0600][29.887s][info][gc,start    ] GC(11) Concurrent cleanup
[2026-04-03T02:43:45.098+0600][29.888s][info][gc          ] GC(11) Concurrent cleanup 1379M->357M(1506M) 0.949ms
[2026-04-03T02:43:45.098+0600][29.888s][info][gc,ergo     ] GC(11) Free: 1300M, Max: 512K regular, 162M humongous, Frag: 88% external, 0% internal; Reserve: 88621K, Max: 512K
[2026-04-03T02:43:45.099+0600][29.888s][info][gc,start    ] GC(11) Concurrent class unloading
[2026-04-03T02:43:45.099+0600][29.888s][info][gc,task     ] GC(11) Using 3 of 6 workers for concurrent class unloading
[2026-04-03T02:43:45.179+0600][29.969s][info][gc          ] GC(11) Concurrent class unloading 80.796ms
[2026-04-03T02:43:45.179+0600][29.969s][info][gc,start    ] GC(11) Concurrent strong roots
[2026-04-03T02:43:45.179+0600][29.969s][info][gc,task     ] GC(11) Using 3 of 6 workers for concurrent strong root
[2026-04-03T02:43:45.181+0600][29.971s][info][gc          ] GC(11) Concurrent strong roots 1.940ms
[2026-04-03T02:43:45.181+0600][29.971s][info][gc,start    ] GC(11) Concurrent evacuation
[2026-04-03T02:43:45.182+0600][29.971s][info][gc,task     ] GC(11) Using 3 of 6 workers for concurrent evacuation
[2026-04-03T02:43:45.188+0600][29.978s][info][gc          ] GC(11) Concurrent evacuation 6.712ms
[2026-04-03T02:43:45.189+0600][29.978s][info][gc,start    ] GC(11) Pause Init Update Refs
[2026-04-03T02:43:45.189+0600][29.978s][info][gc,ergo     ] GC(11) Pacer for Update Refs. Used: 388M, Free: 1275M, Non-Taxable: 127M, Alloc Tax Rate: 1.1x
[2026-04-03T02:43:45.189+0600][29.978s][info][gc          ] GC(11) Pause Init Update Refs 0.282ms
[2026-04-03T02:43:45.189+0600][29.978s][info][gc,start    ] GC(11) Concurrent update references
[2026-04-03T02:43:45.189+0600][29.978s][info][gc,task     ] GC(11) Using 3 of 6 workers for concurrent reference update
[2026-04-03T02:43:45.245+0600][30.034s][info][gc          ] GC(11) Concurrent update references 55.548ms
[2026-04-03T02:43:45.245+0600][30.034s][info][gc,start    ] GC(11) Concurrent update thread roots
[2026-04-03T02:43:45.247+0600][30.036s][info][gc          ] GC(11) Concurrent update thread roots 2.127ms
[2026-04-03T02:43:45.247+0600][30.036s][info][gc,start    ] GC(11) Pause Final Update Refs
[2026-04-03T02:43:45.247+0600][30.036s][info][gc,task     ] GC(11) Using 6 of 6 workers for final reference update
[2026-04-03T02:43:45.247+0600][30.037s][info][gc          ] GC(11) Pause Final Update Refs 0.254ms
[2026-04-03T02:43:45.247+0600][30.037s][info][gc,start    ] GC(11) Concurrent cleanup
[2026-04-03T02:43:45.248+0600][30.037s][info][gc          ] GC(11) Concurrent cleanup 667M->432M(1510M) 0.410ms
[2026-04-03T02:43:45.248+0600][30.037s][info][gc,ergo     ] Free: 1189M, Max: 512K regular, 594M humongous, Frag: 51% external, 0% internal; Reserve: 89600K, Max: 512K
[2026-04-03T02:43:45.248+0600][30.037s][info][gc,stats    ] 
[2026-04-03T02:43:45.248+0600][30.037s][info][gc,stats    ] All times are wall-clock times, except per-root-class counters, that are sum over
[2026-04-03T02:43:45.248+0600][30.037s][info][gc,stats    ] all workers. Dividing the <total> over the root stage time estimates parallelism.
[2026-04-03T02:43:45.248+0600][30.037s][info][gc,stats    ] 
[2026-04-03T02:43:45.248+0600][30.037s][info][gc,stats    ] Concurrent Reset                   9801 us
[2026-04-03T02:43:45.248+0600][30.037s][info][gc,stats    ] Pause Init Mark (G)                 600 us
[2026-04-03T02:43:45.248+0600][30.037s][info][gc,stats    ] Pause Init Mark (N)                 221 us
[2026-04-03T02:43:45.248+0600][30.037s][info][gc,stats    ]   Update Region States               87 us
[2026-04-03T02:43:45.248+0600][30.037s][info][gc,stats    ] Concurrent Mark Roots              2066 us, parallelism: 2.25x
[2026-04-03T02:43:45.248+0600][30.037s][info][gc,stats    ]   CMR: <total>                     4656 us
[2026-04-03T02:43:45.248+0600][30.038s][info][gc,stats    ]   CMR: Thread Roots                4087 us, workers (us): 1015, 1526, 1546, ---, ---, ---, 
[2026-04-03T02:43:45.248+0600][30.038s][info][gc,stats    ]   CMR: VM Strong Roots               61 us, workers (us):  26,  22,  13, ---, ---, ---, 
[2026-04-03T02:43:45.248+0600][30.038s][info][gc,stats    ]   CMR: CLDG Roots                   507 us, workers (us): 507, ---, ---, ---, ---, ---, 
[2026-04-03T02:43:45.248+0600][30.038s][info][gc,stats    ] Concurrent Marking                76675 us
[2026-04-03T02:43:45.248+0600][30.038s][info][gc,stats    ] Pause Final Mark (G)               1608 us
[2026-04-03T02:43:45.248+0600][30.038s][info][gc,stats    ] Pause Final Mark (N)               1312 us
[2026-04-03T02:43:45.248+0600][30.038s][info][gc,stats    ]   Finish Mark                       338 us
[2026-04-03T02:43:45.248+0600][30.038s][info][gc,stats    ]   Update Region States               91 us
[2026-04-03T02:43:45.248+0600][30.038s][info][gc,stats    ]   Choose Collection Set             371 us
[2026-04-03T02:43:45.248+0600][30.038s][info][gc,stats    ]   Rebuild Free Set                  172 us
[2026-04-03T02:43:45.248+0600][30.038s][info][gc,stats    ] Concurrent Thread Roots            1748 us, parallelism: 2.66x
[2026-04-03T02:43:45.248+0600][30.038s][info][gc,stats    ]   CTR: <total>                     4644 us
[2026-04-03T02:43:45.248+0600][30.038s][info][gc,stats    ]   CTR: Thread Roots                4644 us, workers (us): 1562, 1558, 1524, ---, ---, ---, 
[2026-04-03T02:43:45.248+0600][30.038s][info][gc,stats    ] Concurrent Weak References         1345 us, parallelism: 1.24x
[2026-04-03T02:43:45.248+0600][30.038s][info][gc,stats    ]   CWRF: <total>                    1672 us
[2026-04-03T02:43:45.248+0600][30.038s][info][gc,stats    ]   CWRF: Weak References            1672 us, workers (us): 1109,  61, 502, ---, ---, ---, 
[2026-04-03T02:43:45.248+0600][30.038s][info][gc,stats    ] Concurrent Weak Roots             10122 us
[2026-04-03T02:43:45.248+0600][30.038s][info][gc,stats    ]   Roots                            8987 us, parallelism: 2.68x
[2026-04-03T02:43:45.248+0600][30.038s][info][gc,stats    ]     CWR: <total>                  24107 us
[2026-04-03T02:43:45.248+0600][30.038s][info][gc,stats    ]     CWR: Code Cache Roots         11740 us, workers (us): 1680, 5424, 4635, ---, ---, ---, 
[2026-04-03T02:43:45.248+0600][30.038s][info][gc,stats    ]     CWR: VM Weak Roots            12045 us, workers (us): 6457, 3027, 2560, ---, ---, ---, 
[2026-04-03T02:43:45.248+0600][30.038s][info][gc,stats    ]     CWR: CLDG Roots                 323 us, workers (us): ---, ---, 323, ---, ---, ---, 
[2026-04-03T02:43:45.248+0600][30.038s][info][gc,stats    ]   Rendezvous                        975 us
[2026-04-03T02:43:45.248+0600][30.038s][info][gc,stats    ] Concurrent Cleanup                 1015 us
[2026-04-03T02:43:45.249+0600][30.038s][info][gc,stats    ] Concurrent Class Unloading        80925 us
[2026-04-03T02:43:45.249+0600][30.038s][info][gc,stats    ]   Unlink Stale                    59059 us
[2026-04-03T02:43:45.249+0600][30.038s][info][gc,stats    ]     System Dictionary               800 us
[2026-04-03T02:43:45.249+0600][30.038s][info][gc,stats    ]     Weak Class Links              39557 us
[2026-04-03T02:43:45.249+0600][30.038s][info][gc,stats    ]     Code Roots                    18694 us
[2026-04-03T02:43:45.249+0600][30.038s][info][gc,stats    ]   Rendezvous                        513 us
[2026-04-03T02:43:45.249+0600][30.038s][info][gc,stats    ]   Purge Unlinked                  21173 us
[2026-04-03T02:43:45.249+0600][30.038s][info][gc,stats    ]     Code Roots                    21069 us
[2026-04-03T02:43:45.249+0600][30.038s][info][gc,stats    ]     CLDG                            102 us
[2026-04-03T02:43:45.249+0600][30.038s][info][gc,stats    ]     Exception Caches                  0 us
[2026-04-03T02:43:45.249+0600][30.038s][info][gc,stats    ] Concurrent Strong Roots            2049 us, parallelism: 0.70x
[2026-04-03T02:43:45.249+0600][30.038s][info][gc,stats    ]   CSR: <total>                     1426 us
[2026-04-03T02:43:45.249+0600][30.038s][info][gc,stats    ]   CSR: VM Strong Roots               94 us, workers (us):  45,  47,   2, ---, ---, ---, 
[2026-04-03T02:43:45.249+0600][30.038s][info][gc,stats    ]   CSR: CLDG Roots                  1332 us, workers (us): 1332, ---, ---, ---, ---, ---, 
[2026-04-03T02:43:45.249+0600][30.038s][info][gc,stats    ] Concurrent Evacuation              6849 us
[2026-04-03T02:43:45.249+0600][30.038s][info][gc,stats    ] Pause Init Update Refs (G)          615 us
[2026-04-03T02:43:45.249+0600][30.038s][info][gc,stats    ] Pause Init Update Refs (N)          302 us
[2026-04-03T02:43:45.249+0600][30.038s][info][gc,stats    ]   Manage GCLABs                      80 us
[2026-04-03T02:43:45.249+0600][30.038s][info][gc,stats    ] Concurrent Update Refs            55628 us
[2026-04-03T02:43:45.249+0600][30.038s][info][gc,stats    ] Concurrent Update Thread Roots     2216 us
[2026-04-03T02:43:45.249+0600][30.038s][info][gc,stats    ] Pause Final Update Refs (G)         562 us
[2026-04-03T02:43:45.249+0600][30.038s][info][gc,stats    ] Pause Final Update Refs (N)         275 us
[2026-04-03T02:43:45.249+0600][30.038s][info][gc,stats    ]   Update Region States               83 us
[2026-04-03T02:43:45.249+0600][30.038s][info][gc,stats    ]   Trash Collection Set               26 us
[2026-04-03T02:43:45.249+0600][30.038s][info][gc,stats    ]   Rebuild Free Set                   58 us
[2026-04-03T02:43:45.249+0600][30.038s][info][gc,stats    ] Concurrent Cleanup                  452 us
[2026-04-03T02:43:45.249+0600][30.038s][info][gc,stats    ] Pacing                            41396 us
[2026-04-03T02:43:45.249+0600][30.038s][info][gc,stats    ] 
[2026-04-03T02:43:45.249+0600][30.038s][info][gc,stats    ] Allocation pacing accrued:
[2026-04-03T02:43:45.249+0600][30.038s][info][gc,stats    ]      10 of  1745 ms (  0.6%): Executor task launch worker for task 0.0 in stage 249.0 (TID 495)
[2026-04-03T02:43:45.249+0600][30.038s][info][gc,stats    ]      10 of  1745 ms (  0.6%): Executor task launch worker for task 3.0 in stage 245.0 (TID 490)
[2026-04-03T02:43:45.249+0600][30.038s][info][gc,stats    ]      11 of  1745 ms (  0.6%): Executor task launch worker for task 1.0 in stage 249.0 (TID 496)
[2026-04-03T02:43:45.249+0600][30.038s][info][gc,stats    ]      10 of  1745 ms (  0.6%): task-result-getter-2
[2026-04-03T02:43:45.249+0600][30.038s][info][gc,stats    ]      41 of  1745 ms (  2.4%): <total>
[2026-04-03T02:43:45.249+0600][30.038s][info][gc,stats    ]       0 of  1745 ms (  0.0%): <average total>
[2026-04-03T02:43:45.249+0600][30.038s][info][gc,stats    ]      10 of  1745 ms (  0.6%): <average non-zero>
[2026-04-03T02:43:45.249+0600][30.038s][info][gc,stats    ] 
[2026-04-03T02:43:45.249+0600][30.038s][info][gc,metaspace] Metaspace: 129359K(130496K)->129389K(130560K) NonClass: 112937K(113536K)->112970K(113600K) Class: 16422K(16960K)->16418K(16960K)
[2026-04-03T02:43:45.249+0600][30.038s][info][gc,ergo     ] Pacer for Idle. Initial: 35840K, Alloc Tax Rate: 1.0x
[2026-04-03T02:43:46.440+0600][31.229s][info][gc          ] Trigger: Average GC time (291.79 ms) is above the time for average allocation rate (884 MB/s) to deplete free headroom (256M) (margin of error = 1.84)
[2026-04-03T02:43:46.440+0600][31.229s][info][gc,ergo     ] Free headroom: 344M (free) - 89600K (spike) - 0B (penalties) = 256M
[2026-04-03T02:43:46.440+0600][31.229s][info][gc,ergo     ] Free: 344M, Max: 512K regular, 158M humongous, Frag: 54% external, 0% internal; Reserve: 89600K, Max: 512K
[2026-04-03T02:43:46.440+0600][31.229s][info][gc,start    ] GC(12) Concurrent reset
[2026-04-03T02:43:46.440+0600][31.229s][info][gc,task     ] GC(12) Using 3 of 6 workers for concurrent reset
[2026-04-03T02:43:46.440+0600][31.229s][info][gc,ergo     ] GC(12) Pacer for Reset. Non-Taxable: 1750M
[2026-04-03T02:43:46.443+0600][31.232s][info][gc          ] GC(12) Concurrent reset 2.773ms
[2026-04-03T02:43:46.443+0600][31.233s][info][gc,start    ] GC(12) Pause Init Mark (unload classes)
[2026-04-03T02:43:46.443+0600][31.233s][info][gc,task     ] GC(12) Using 6 of 6 workers for init marking
[2026-04-03T02:43:46.443+0600][31.233s][info][gc,ergo     ] GC(12) Pacer for Mark. Expected Live: 85380K, Free: 344M, Non-Taxable: 35236K, Alloc Tax Rate: 0.3x
[2026-04-03T02:43:46.443+0600][31.233s][info][gc          ] GC(12) Pause Init Mark (unload classes) 0.168ms
[2026-04-03T02:43:46.443+0600][31.233s][info][gc,start    ] GC(12) Concurrent marking roots
[2026-04-03T02:43:46.444+0600][31.233s][info][gc,task     ] GC(12) Using 3 of 6 workers for concurrent marking roots
[2026-04-03T02:43:46.445+0600][31.235s][info][gc          ] GC(12) Concurrent marking roots 1.875ms
[2026-04-03T02:43:46.445+0600][31.235s][info][gc,start    ] GC(12) Concurrent marking (unload classes)
[2026-04-03T02:43:46.445+0600][31.235s][info][gc,task     ] GC(12) Using 3 of 6 workers for concurrent marking
[2026-04-03T02:43:46.510+0600][31.299s][info][gc          ] GC(12) Concurrent marking (unload classes) 64.341ms
[2026-04-03T02:43:46.510+0600][31.299s][info][gc,start    ] GC(12) Pause Final Mark (unload classes)
[2026-04-03T02:43:46.510+0600][31.299s][info][gc,task     ] GC(12) Using 6 of 6 workers for final marking
[2026-04-03T02:43:46.511+0600][31.300s][info][gc,ergo     ] GC(12) Adaptive CSet Selection. Target Free: 247M, Actual Free: 1273M, Max CSet: 74666K, Min Garbage: 0B
[2026-04-03T02:43:46.511+0600][31.300s][info][gc,ergo     ] GC(12) Collectable Garbage: 1111M (99%), Immediate: 880M (78%), CSet: 231M (20%)
[2026-04-03T02:43:46.511+0600][31.300s][info][gc,ergo     ] GC(12) Pacer for Evacuation. Used CSet: 238M, Free: 1301M, Non-Taxable: 130M, Alloc Tax Rate: 1.1x
[2026-04-03T02:43:46.511+0600][31.300s][info][gc          ] GC(12) Pause Final Mark (unload classes) 0.842ms
[2026-04-03T02:43:46.511+0600][31.300s][info][gc,start    ] GC(12) Concurrent thread roots
[2026-04-03T02:43:46.511+0600][31.300s][info][gc,task     ] GC(12) Using 3 of 6 workers for Concurrent thread roots
[2026-04-03T02:43:46.513+0600][31.303s][info][gc          ] GC(12) Concurrent thread roots 2.190ms
[2026-04-03T02:43:46.513+0600][31.303s][info][gc,start    ] GC(12) Concurrent weak references
[2026-04-03T02:43:46.513+0600][31.303s][info][gc,task     ] GC(12) Using 3 of 6 workers for concurrent weak references
[2026-04-03T02:43:46.514+0600][31.304s][info][gc,ref      ] GC(12) Encountered references: Soft: 3857, Weak: 15946, Final: 84, Phantom: 620
[2026-04-03T02:43:46.514+0600][31.304s][info][gc,ref      ] GC(12) Discovered  references: Soft: 0, Weak: 8615, Final: 52, Phantom: 616
[2026-04-03T02:43:46.514+0600][31.304s][info][gc,ref      ] GC(12) Enqueued    references: Soft: 0, Weak: 639, Final: 0, Phantom: 0
[2026-04-03T02:43:46.514+0600][31.304s][info][gc          ] GC(12) Concurrent weak references 1.047ms
[2026-04-03T02:43:46.514+0600][31.304s][info][gc,start    ] GC(12) Concurrent weak roots
[2026-04-03T02:43:46.514+0600][31.304s][info][gc,task     ] GC(12) Using 3 of 6 workers for concurrent weak root
[2026-04-03T02:43:46.519+0600][31.309s][info][gc          ] GC(12) Concurrent weak roots 5.115ms
[2026-04-03T02:43:46.520+0600][31.309s][info][gc,start    ] GC(12) Concurrent cleanup
[2026-04-03T02:43:46.520+0600][31.310s][info][gc          ] GC(12) Concurrent cleanup 1240M->360M(1510M) 0.868ms
[2026-04-03T02:43:46.521+0600][31.310s][info][gc,ergo     ] GC(12) Free: 1296M, Max: 512K regular, 160M humongous, Frag: 88% external, 0% internal; Reserve: 88577K, Max: 512K
[2026-04-03T02:43:46.521+0600][31.310s][info][gc,start    ] GC(12) Concurrent class unloading
[2026-04-03T02:43:46.521+0600][31.310s][info][gc,task     ] GC(12) Using 3 of 6 workers for concurrent class unloading
[2026-04-03T02:43:46.551+0600][31.340s][info][gc          ] GC(12) Concurrent class unloading 30.120ms
[2026-04-03T02:43:46.551+0600][31.340s][info][gc,start    ] GC(12) Concurrent strong roots
[2026-04-03T02:43:46.551+0600][31.340s][info][gc,task     ] GC(12) Using 3 of 6 workers for concurrent strong root
[2026-04-03T02:43:46.553+0600][31.342s][info][gc          ] GC(12) Concurrent strong roots 2.163ms
[2026-04-03T02:43:46.553+0600][31.342s][info][gc,start    ] GC(12) Concurrent evacuation
[2026-04-03T02:43:46.553+0600][31.342s][info][gc,task     ] GC(12) Using 3 of 6 workers for concurrent evacuation
[2026-04-03T02:43:46.566+0600][31.355s][info][gc          ] GC(12) Concurrent evacuation 12.815ms
[2026-04-03T02:43:46.567+0600][31.356s][info][gc,start    ] GC(12) Pause Init Update Refs
[2026-04-03T02:43:46.567+0600][31.356s][info][gc,ergo     ] GC(12) Pacer for Update Refs. Used: 393M, Free: 1271M, Non-Taxable: 127M, Alloc Tax Rate: 1.1x
[2026-04-03T02:43:46.567+0600][31.356s][info][gc          ] GC(12) Pause Init Update Refs 0.226ms
[2026-04-03T02:43:46.567+0600][31.356s][info][gc,start    ] GC(12) Concurrent update references
[2026-04-03T02:43:46.567+0600][31.357s][info][gc,task     ] GC(12) Using 3 of 6 workers for concurrent reference update
[2026-04-03T02:43:46.613+0600][31.402s][info][gc          ] GC(12) Concurrent update references 45.718ms
[2026-04-03T02:43:46.613+0600][31.402s][info][gc,start    ] GC(12) Concurrent update thread roots
[2026-04-03T02:43:46.615+0600][31.404s][info][gc          ] GC(12) Concurrent update thread roots 1.921ms
[2026-04-03T02:43:46.615+0600][31.405s][info][gc,start    ] GC(12) Pause Final Update Refs
[2026-04-03T02:43:46.615+0600][31.405s][info][gc,task     ] GC(12) Using 6 of 6 workers for final reference update
[2026-04-03T02:43:46.615+0600][31.405s][info][gc          ] GC(12) Pause Final Update Refs 0.239ms
[2026-04-03T02:43:46.616+0600][31.405s][info][gc,start    ] GC(12) Concurrent cleanup
[2026-04-03T02:43:46.616+0600][31.406s][info][gc          ] GC(12) Concurrent cleanup 419M->180M(1513M) 0.772ms
[2026-04-03T02:43:46.616+0600][31.406s][info][gc,ergo     ] Free: 1470M, Max: 512K regular, 919M humongous, Frag: 38% external, 0% internal; Reserve: 89600K, Max: 512K
[2026-04-03T02:43:46.616+0600][31.406s][info][gc,stats    ] 
[2026-04-03T02:43:46.617+0600][31.406s][info][gc,stats    ] All times are wall-clock times, except per-root-class counters, that are sum over
[2026-04-03T02:43:46.617+0600][31.406s][info][gc,stats    ] all workers. Dividing the <total> over the root stage time estimates parallelism.
[2026-04-03T02:43:46.617+0600][31.406s][info][gc,stats    ] 
[2026-04-03T02:43:46.617+0600][31.406s][info][gc,stats    ] Concurrent Reset                   2854 us
[2026-04-03T02:43:46.617+0600][31.406s][info][gc,stats    ] Pause Init Mark (G)                 587 us
[2026-04-03T02:43:46.617+0600][31.406s][info][gc,stats    ] Pause Init Mark (N)                 180 us
[2026-04-03T02:43:46.617+0600][31.406s][info][gc,stats    ]   Update Region States               50 us
[2026-04-03T02:43:46.617+0600][31.406s][info][gc,stats    ] Concurrent Mark Roots              1946 us, parallelism: 1.87x
[2026-04-03T02:43:46.617+0600][31.406s][info][gc,stats    ]   CMR: <total>                     3645 us
[2026-04-03T02:43:46.617+0600][31.406s][info][gc,stats    ]   CMR: Thread Roots                3307 us, workers (us): 911, 1185, 1211, ---, ---, ---, 
[2026-04-03T02:43:46.617+0600][31.406s][info][gc,stats    ]   CMR: VM Strong Roots               58 us, workers (us):  42,  14,   1, ---, ---, ---, 
[2026-04-03T02:43:46.617+0600][31.406s][info][gc,stats    ]   CMR: CLDG Roots                   281 us, workers (us): 281, ---, ---, ---, ---, ---, 
[2026-04-03T02:43:46.617+0600][31.406s][info][gc,stats    ] Concurrent Marking                64435 us
[2026-04-03T02:43:46.617+0600][31.406s][info][gc,stats    ] Pause Final Mark (G)               1122 us
[2026-04-03T02:43:46.617+0600][31.406s][info][gc,stats    ] Pause Final Mark (N)                861 us
[2026-04-03T02:43:46.617+0600][31.406s][info][gc,stats    ]   Finish Mark                       269 us
[2026-04-03T02:43:46.617+0600][31.406s][info][gc,stats    ]   Update Region States               80 us
[2026-04-03T02:43:46.617+0600][31.406s][info][gc,stats    ]   Choose Collection Set             335 us
[2026-04-03T02:43:46.617+0600][31.406s][info][gc,stats    ]   Rebuild Free Set                   48 us
[2026-04-03T02:43:46.617+0600][31.406s][info][gc,stats    ] Concurrent Thread Roots            2251 us, parallelism: 2.57x
[2026-04-03T02:43:46.617+0600][31.406s][info][gc,stats    ]   CTR: <total>                     5779 us
[2026-04-03T02:43:46.617+0600][31.406s][info][gc,stats    ]   CTR: Thread Roots                5779 us, workers (us): 1940, 1926, 1913, ---, ---, ---, 
[2026-04-03T02:43:46.617+0600][31.406s][info][gc,stats    ] Concurrent Weak References         1059 us, parallelism: 1.10x
[2026-04-03T02:43:46.617+0600][31.406s][info][gc,stats    ]   CWRF: <total>                    1165 us
[2026-04-03T02:43:46.617+0600][31.406s][info][gc,stats    ]   CWRF: Weak References            1165 us, workers (us): 152, 217, 796, ---, ---, ---, 
[2026-04-03T02:43:46.617+0600][31.406s][info][gc,stats    ] Concurrent Weak Roots              5259 us
[2026-04-03T02:43:46.617+0600][31.406s][info][gc,stats    ]   Roots                            4655 us, parallelism: 2.74x
[2026-04-03T02:43:46.617+0600][31.406s][info][gc,stats    ]     CWR: <total>                  12760 us
[2026-04-03T02:43:46.617+0600][31.406s][info][gc,stats    ]     CWR: Code Cache Roots          9347 us, workers (us): 3188, 3181, 2978, ---, ---, ---, 
[2026-04-03T02:43:46.617+0600][31.406s][info][gc,stats    ]     CWR: VM Weak Roots             3221 us, workers (us): 1085, 1081, 1055, ---, ---, ---, 
[2026-04-03T02:43:46.617+0600][31.406s][info][gc,stats    ]     CWR: CLDG Roots                 192 us, workers (us): ---, ---, 192, ---, ---, ---, 
[2026-04-03T02:43:46.617+0600][31.406s][info][gc,stats    ]   Rendezvous                        424 us
[2026-04-03T02:43:46.617+0600][31.406s][info][gc,stats    ] Concurrent Cleanup                  924 us
[2026-04-03T02:43:46.617+0600][31.406s][info][gc,stats    ] Concurrent Class Unloading        30231 us
[2026-04-03T02:43:46.617+0600][31.406s][info][gc,stats    ]   Unlink Stale                    18078 us
[2026-04-03T02:43:46.617+0600][31.406s][info][gc,stats    ]     System Dictionary               366 us
[2026-04-03T02:43:46.617+0600][31.406s][info][gc,stats    ]     Weak Class Links                  1 us
[2026-04-03T02:43:46.617+0600][31.406s][info][gc,stats    ]     Code Roots                    17704 us
[2026-04-03T02:43:46.617+0600][31.406s][info][gc,stats    ]   Rendezvous                       3459 us
[2026-04-03T02:43:46.617+0600][31.406s][info][gc,stats    ]   Purge Unlinked                   8536 us
[2026-04-03T02:43:46.617+0600][31.406s][info][gc,stats    ]     Code Roots                     8502 us
[2026-04-03T02:43:46.617+0600][31.407s][info][gc,stats    ]     CLDG                             32 us
[2026-04-03T02:43:46.617+0600][31.407s][info][gc,stats    ]     Exception Caches                  0 us
[2026-04-03T02:43:46.617+0600][31.407s][info][gc,stats    ] Concurrent Strong Roots            2248 us, parallelism: 0.55x
[2026-04-03T02:43:46.617+0600][31.407s][info][gc,stats    ]   CSR: <total>                     1237 us
[2026-04-03T02:43:46.617+0600][31.407s][info][gc,stats    ]   CSR: VM Strong Roots               68 us, workers (us):  67,   0,   0, ---, ---, ---, 
[2026-04-03T02:43:46.617+0600][31.407s][info][gc,stats    ]   CSR: CLDG Roots                  1169 us, workers (us): 1169, ---, ---, ---, ---, ---, 
[2026-04-03T02:43:46.617+0600][31.407s][info][gc,stats    ] Concurrent Evacuation             12925 us
[2026-04-03T02:43:46.617+0600][31.407s][info][gc,stats    ] Pause Init Update Refs (G)         1066 us
[2026-04-03T02:43:46.617+0600][31.407s][info][gc,stats    ] Pause Init Update Refs (N)          291 us
[2026-04-03T02:43:46.617+0600][31.407s][info][gc,stats    ]   Manage GCLABs                      72 us
[2026-04-03T02:43:46.617+0600][31.407s][info][gc,stats    ] Concurrent Update Refs            45829 us
[2026-04-03T02:43:46.617+0600][31.407s][info][gc,stats    ] Concurrent Update Thread Roots     2008 us
[2026-04-03T02:43:46.617+0600][31.407s][info][gc,stats    ] Pause Final Update Refs (G)         600 us
[2026-04-03T02:43:46.617+0600][31.407s][info][gc,stats    ] Pause Final Update Refs (N)         260 us
[2026-04-03T02:43:46.617+0600][31.407s][info][gc,stats    ]   Update Region States               72 us
[2026-04-03T02:43:46.617+0600][31.407s][info][gc,stats    ]   Trash Collection Set               25 us
[2026-04-03T02:43:46.617+0600][31.407s][info][gc,stats    ]   Rebuild Free Set                   56 us
[2026-04-03T02:43:46.617+0600][31.407s][info][gc,stats    ] Concurrent Cleanup                  820 us
[2026-04-03T02:43:46.617+0600][31.407s][info][gc,stats    ] 
[2026-04-03T02:43:46.617+0600][31.407s][info][gc,stats    ] Allocation pacing accrued:
[2026-04-03T02:43:46.617+0600][31.407s][info][gc,stats    ]       0 of  1369 ms (  0.0%): <total>
[2026-04-03T02:43:46.617+0600][31.407s][info][gc,stats    ]       0 of  1369 ms (  0.0%): <average total>
[2026-04-03T02:43:46.617+0600][31.407s][info][gc,stats    ] 
[2026-04-03T02:43:46.617+0600][31.407s][info][gc,metaspace] Metaspace: 129744K(130944K)->129776K(130944K) NonClass: 113322K(113984K)->113353K(113984K) Class: 16422K(16960K)->16422K(16960K)
[2026-04-03T02:43:46.617+0600][31.407s][info][gc,ergo     ] Pacer for Idle. Initial: 35840K, Alloc Tax Rate: 1.0x
[2026-04-03T02:43:47.983+0600][32.773s][info][gc          ] Trigger: Average GC time (266.20 ms) is above the time for average allocation rate (973 MB/s) to deplete free headroom (255M) (margin of error = 1.84)
[2026-04-03T02:43:47.983+0600][32.773s][info][gc,ergo     ] Free headroom: 342M (free) - 89600K (spike) - 0B (penalties) = 255M
[2026-04-03T02:43:47.984+0600][32.773s][info][gc,ergo     ] Free: 342M, Max: 512K regular, 342M humongous, Frag: 0% external, 0% internal; Reserve: 89600K, Max: 512K
[2026-04-03T02:43:47.984+0600][32.773s][info][gc,start    ] GC(13) Concurrent reset
[2026-04-03T02:43:47.984+0600][32.773s][info][gc,task     ] GC(13) Using 3 of 6 workers for concurrent reset
[2026-04-03T02:43:47.984+0600][32.773s][info][gc,ergo     ] GC(13) Pacer for Reset. Non-Taxable: 1750M
[2026-04-03T02:43:47.988+0600][32.777s][info][gc          ] GC(13) Concurrent reset 4.063ms
[2026-04-03T02:43:47.988+0600][32.777s][info][gc,start    ] GC(13) Pause Init Mark (unload classes)
[2026-04-03T02:43:47.988+0600][32.777s][info][gc,task     ] GC(13) Using 6 of 6 workers for init marking
[2026-04-03T02:43:47.988+0600][32.778s][info][gc,ergo     ] GC(13) Pacer for Mark. Expected Live: 83263K, Free: 340M, Non-Taxable: 34873K, Alloc Tax Rate: 0.3x
[2026-04-03T02:43:47.988+0600][32.778s][info][gc          ] GC(13) Pause Init Mark (unload classes) 0.227ms
[2026-04-03T02:43:47.988+0600][32.778s][info][gc,start    ] GC(13) Concurrent marking roots
[2026-04-03T02:43:47.988+0600][32.778s][info][gc,task     ] GC(13) Using 3 of 6 workers for concurrent marking roots
[2026-04-03T02:43:47.990+0600][32.780s][info][gc          ] GC(13) Concurrent marking roots 2.041ms
[2026-04-03T02:43:47.990+0600][32.780s][info][gc,start    ] GC(13) Concurrent marking (unload classes)
[2026-04-03T02:43:47.990+0600][32.780s][info][gc,task     ] GC(13) Using 3 of 6 workers for concurrent marking
[2026-04-03T02:43:48.063+0600][32.852s][info][gc          ] GC(13) Concurrent marking (unload classes) 72.530ms
[2026-04-03T02:43:48.063+0600][32.853s][info][gc,start    ] GC(13) Pause Final Mark (unload classes)
[2026-04-03T02:43:48.063+0600][32.853s][info][gc,task     ] GC(13) Using 6 of 6 workers for final marking
[2026-04-03T02:43:48.064+0600][32.853s][info][gc,ergo     ] GC(13) Adaptive CSet Selection. Target Free: 247M, Actual Free: 1249M, Max CSet: 74666K, Min Garbage: 0B
[2026-04-03T02:43:48.064+0600][32.853s][info][gc,ergo     ] GC(13) Collectable Garbage: 1114M (99%), Immediate: 865M (77%), CSet: 248M (22%)
[2026-04-03T02:43:48.064+0600][32.854s][info][gc,ergo     ] GC(13) Pacer for Evacuation. Used CSet: 254M, Free: 1276M, Non-Taxable: 127M, Alloc Tax Rate: 1.1x
[2026-04-03T02:43:48.064+0600][32.854s][info][gc          ] GC(13) Pause Final Mark (unload classes) 0.913ms
[2026-04-03T02:43:48.064+0600][32.854s][info][gc,start    ] GC(13) Concurrent thread roots
[2026-04-03T02:43:48.064+0600][32.854s][info][gc,task     ] GC(13) Using 3 of 6 workers for Concurrent thread roots
[2026-04-03T02:43:48.067+0600][32.857s][info][gc          ] GC(13) Concurrent thread roots 2.994ms
[2026-04-03T02:43:48.067+0600][32.857s][info][gc,start    ] GC(13) Concurrent weak references
[2026-04-03T02:43:48.067+0600][32.857s][info][gc,task     ] GC(13) Using 3 of 6 workers for concurrent weak references
[2026-04-03T02:43:48.068+0600][32.858s][info][gc,ref      ] GC(13) Encountered references: Soft: 3859, Weak: 17099, Final: 84, Phantom: 621
[2026-04-03T02:43:48.068+0600][32.858s][info][gc,ref      ] GC(13) Discovered  references: Soft: 0, Weak: 8439, Final: 4, Phantom: 616
[2026-04-03T02:43:48.068+0600][32.858s][info][gc,ref      ] GC(13) Enqueued    references: Soft: 0, Weak: 1636, Final: 0, Phantom: 0
[2026-04-03T02:43:48.068+0600][32.858s][info][gc          ] GC(13) Concurrent weak references 0.933ms
[2026-04-03T02:43:48.068+0600][32.858s][info][gc,start    ] GC(13) Concurrent weak roots
[2026-04-03T02:43:48.068+0600][32.858s][info][gc,task     ] GC(13) Using 3 of 6 workers for concurrent weak root
[2026-04-03T02:43:48.074+0600][32.863s][info][gc          ] GC(13) Concurrent weak roots 5.740ms
[2026-04-03T02:43:48.074+0600][32.864s][info][gc,start    ] GC(13) Concurrent cleanup
[2026-04-03T02:43:48.075+0600][32.865s][info][gc          ] GC(13) Concurrent cleanup 1256M->390M(1513M) 1.229ms
[2026-04-03T02:43:48.076+0600][32.865s][info][gc,ergo     ] GC(13) Free: 1264M, Max: 512K regular, 285M humongous, Frag: 78% external, 0% internal; Reserve: 89129K, Max: 512K
[2026-04-03T02:43:48.076+0600][32.865s][info][gc,start    ] GC(13) Concurrent class unloading
[2026-04-03T02:43:48.076+0600][32.865s][info][gc,task     ] GC(13) Using 3 of 6 workers for concurrent class unloading
[2026-04-03T02:43:48.096+0600][32.885s][info][gc          ] GC(13) Concurrent class unloading 20.346ms
[2026-04-03T02:43:48.096+0600][32.885s][info][gc,start    ] GC(13) Concurrent strong roots
[2026-04-03T02:43:48.096+0600][32.885s][info][gc,task     ] GC(13) Using 3 of 6 workers for concurrent strong root
[2026-04-03T02:43:48.097+0600][32.887s][info][gc          ] GC(13) Concurrent strong roots 1.228ms
[2026-04-03T02:43:48.097+0600][32.887s][info][gc,start    ] GC(13) Concurrent evacuation
[2026-04-03T02:43:48.097+0600][32.887s][info][gc,task     ] GC(13) Using 3 of 6 workers for concurrent evacuation
[2026-04-03T02:43:48.101+0600][32.891s][info][gc          ] GC(13) Concurrent evacuation 4.125ms
[2026-04-03T02:43:48.102+0600][32.891s][info][gc,start    ] GC(13) Pause Init Update Refs
[2026-04-03T02:43:48.102+0600][32.891s][info][gc,ergo     ] GC(13) Pacer for Update Refs. Used: 404M, Free: 1257M, Non-Taxable: 125M, Alloc Tax Rate: 1.1x
[2026-04-03T02:43:48.102+0600][32.891s][info][gc          ] GC(13) Pause Init Update Refs 0.333ms
[2026-04-03T02:43:48.102+0600][32.891s][info][gc,start    ] GC(13) Concurrent update references
[2026-04-03T02:43:48.102+0600][32.891s][info][gc,task     ] GC(13) Using 3 of 6 workers for concurrent reference update
[2026-04-03T02:43:48.161+0600][32.950s][info][gc          ] GC(13) Concurrent update references 58.715ms
[2026-04-03T02:43:48.161+0600][32.950s][info][gc,start    ] GC(13) Concurrent update thread roots
[2026-04-03T02:43:48.163+0600][32.952s][info][gc          ] GC(13) Concurrent update thread roots 1.851ms
[2026-04-03T02:43:48.163+0600][32.953s][info][gc,start    ] GC(13) Pause Final Update Refs
[2026-04-03T02:43:48.163+0600][32.953s][info][gc,task     ] GC(13) Using 6 of 6 workers for final reference update
[2026-04-03T02:43:48.164+0600][32.953s][info][gc          ] GC(13) Pause Final Update Refs 0.285ms
[2026-04-03T02:43:48.164+0600][32.953s][info][gc,start    ] GC(13) Concurrent cleanup
[2026-04-03T02:43:48.164+0600][32.954s][info][gc          ] GC(13) Concurrent cleanup 428M->173M(1513M) 0.804ms
[2026-04-03T02:43:48.165+0600][32.954s][info][gc,ergo     ] Free: 1478M, Max: 512K regular, 965M humongous, Frag: 35% external, 0% internal; Reserve: 89600K, Max: 512K
[2026-04-03T02:43:48.165+0600][32.954s][info][gc,stats    ] 
[2026-04-03T02:43:48.165+0600][32.954s][info][gc,stats    ] All times are wall-clock times, except per-root-class counters, that are sum over
[2026-04-03T02:43:48.165+0600][32.954s][info][gc,stats    ] all workers. Dividing the <total> over the root stage time estimates parallelism.
[2026-04-03T02:43:48.165+0600][32.954s][info][gc,stats    ] 
[2026-04-03T02:43:48.165+0600][32.954s][info][gc,stats    ] Concurrent Reset                   4279 us
[2026-04-03T02:43:48.165+0600][32.954s][info][gc,stats    ] Pause Init Mark (G)                 539 us
[2026-04-03T02:43:48.165+0600][32.954s][info][gc,stats    ] Pause Init Mark (N)                 242 us
[2026-04-03T02:43:48.165+0600][32.954s][info][gc,stats    ]   Update Region States               67 us
[2026-04-03T02:43:48.165+0600][32.954s][info][gc,stats    ] Concurrent Mark Roots              2096 us, parallelism: 1.89x
[2026-04-03T02:43:48.165+0600][32.954s][info][gc,stats    ]   CMR: <total>                     3970 us
[2026-04-03T02:43:48.165+0600][32.954s][info][gc,stats    ]   CMR: Thread Roots                3383 us, workers (us): 771, 1311, 1301, ---, ---, ---, 
[2026-04-03T02:43:48.165+0600][32.954s][info][gc,stats    ]   CMR: VM Strong Roots               72 us, workers (us):  49,  22,   1, ---, ---, ---, 
[2026-04-03T02:43:48.165+0600][32.954s][info][gc,stats    ]   CMR: CLDG Roots                   514 us, workers (us): 514, ---, ---, ---, ---, ---, 
[2026-04-03T02:43:48.165+0600][32.954s][info][gc,stats    ] Concurrent Marking                72648 us
[2026-04-03T02:43:48.165+0600][32.954s][info][gc,stats    ] Pause Final Mark (G)               1236 us
[2026-04-03T02:43:48.165+0600][32.954s][info][gc,stats    ] Pause Final Mark (N)                934 us
[2026-04-03T02:43:48.165+0600][32.954s][info][gc,stats    ]   Finish Mark                       223 us
[2026-04-03T02:43:48.165+0600][32.954s][info][gc,stats    ]   Update Region States               82 us
[2026-04-03T02:43:48.165+0600][32.954s][info][gc,stats    ]   Choose Collection Set             324 us
[2026-04-03T02:43:48.165+0600][32.954s][info][gc,stats    ]   Rebuild Free Set                   73 us
[2026-04-03T02:43:48.165+0600][32.954s][info][gc,stats    ] Concurrent Thread Roots            3059 us, parallelism: 1.85x
[2026-04-03T02:43:48.165+0600][32.954s][info][gc,stats    ]   CTR: <total>                     5664 us
[2026-04-03T02:43:48.165+0600][32.954s][info][gc,stats    ]   CTR: Thread Roots                5664 us, workers (us): 1526, 1471, 2667, ---, ---, ---, 
[2026-04-03T02:43:48.165+0600][32.954s][info][gc,stats    ] Concurrent Weak References          951 us, parallelism: 1.54x
[2026-04-03T02:43:48.165+0600][32.954s][info][gc,stats    ]   CWRF: <total>                    1463 us
[2026-04-03T02:43:48.165+0600][32.954s][info][gc,stats    ]   CWRF: Weak References            1463 us, workers (us): 724, 240, 499, ---, ---, ---, 
[2026-04-03T02:43:48.165+0600][32.954s][info][gc,stats    ] Concurrent Weak Roots              5856 us
[2026-04-03T02:43:48.165+0600][32.954s][info][gc,stats    ]   Roots                            5277 us, parallelism: 2.54x
[2026-04-03T02:43:48.165+0600][32.954s][info][gc,stats    ]     CWR: <total>                  13416 us
[2026-04-03T02:43:48.165+0600][32.954s][info][gc,stats    ]     CWR: Code Cache Roots          9165 us, workers (us): 3110, 2866, 3188, ---, ---, ---, 
[2026-04-03T02:43:48.165+0600][32.954s][info][gc,stats    ]     CWR: VM Weak Roots             3965 us, workers (us): 1657, 1637, 671, ---, ---, ---, 
[2026-04-03T02:43:48.165+0600][32.954s][info][gc,stats    ]     CWR: CLDG Roots                 287 us, workers (us): ---, 287, ---, ---, ---, ---, 
[2026-04-03T02:43:48.165+0600][32.954s][info][gc,stats    ]   Rendezvous                        421 us
[2026-04-03T02:43:48.165+0600][32.954s][info][gc,stats    ] Concurrent Cleanup                 1272 us
[2026-04-03T02:43:48.165+0600][32.954s][info][gc,stats    ] Concurrent Class Unloading        20435 us
[2026-04-03T02:43:48.165+0600][32.954s][info][gc,stats    ]   Unlink Stale                    14539 us
[2026-04-03T02:43:48.165+0600][32.954s][info][gc,stats    ]     System Dictionary               338 us
[2026-04-03T02:43:48.165+0600][32.954s][info][gc,stats    ]     Weak Class Links                  0 us
[2026-04-03T02:43:48.165+0600][32.954s][info][gc,stats    ]     Code Roots                    14196 us
[2026-04-03T02:43:48.165+0600][32.954s][info][gc,stats    ]   Rendezvous                        469 us
[2026-04-03T02:43:48.165+0600][32.954s][info][gc,stats    ]   Purge Unlinked                   5299 us
[2026-04-03T02:43:48.165+0600][32.954s][info][gc,stats    ]     Code Roots                     5262 us
[2026-04-03T02:43:48.165+0600][32.954s][info][gc,stats    ]     CLDG                             36 us
[2026-04-03T02:43:48.165+0600][32.954s][info][gc,stats    ]     Exception Caches                  0 us
[2026-04-03T02:43:48.165+0600][32.954s][info][gc,stats    ] Concurrent Strong Roots            1262 us, parallelism: 0.70x
[2026-04-03T02:43:48.165+0600][32.954s][info][gc,stats    ]   CSR: <total>                      879 us
[2026-04-03T02:43:48.165+0600][32.955s][info][gc,stats    ]   CSR: VM Strong Roots               70 us, workers (us):  26,  26,  18, ---, ---, ---, 
[2026-04-03T02:43:48.165+0600][32.955s][info][gc,stats    ]   CSR: CLDG Roots                   808 us, workers (us): ---, ---, 808, ---, ---, ---, 
[2026-04-03T02:43:48.165+0600][32.955s][info][gc,stats    ] Concurrent Evacuation              4194 us
[2026-04-03T02:43:48.165+0600][32.955s][info][gc,stats    ] Pause Init Update Refs (G)          602 us
[2026-04-03T02:43:48.165+0600][32.955s][info][gc,stats    ] Pause Init Update Refs (N)          349 us
[2026-04-03T02:43:48.165+0600][32.955s][info][gc,stats    ]   Manage GCLABs                      71 us
[2026-04-03T02:43:48.165+0600][32.955s][info][gc,stats    ] Concurrent Update Refs            58948 us
[2026-04-03T02:43:48.165+0600][32.955s][info][gc,stats    ] Concurrent Update Thread Roots     1905 us
[2026-04-03T02:43:48.165+0600][32.955s][info][gc,stats    ] Pause Final Update Refs (G)         659 us
[2026-04-03T02:43:48.165+0600][32.955s][info][gc,stats    ] Pause Final Update Refs (N)         315 us
[2026-04-03T02:43:48.165+0600][32.955s][info][gc,stats    ]   Update Region States               82 us
[2026-04-03T02:43:48.165+0600][32.955s][info][gc,stats    ]   Trash Collection Set               32 us
[2026-04-03T02:43:48.165+0600][32.955s][info][gc,stats    ]   Rebuild Free Set                   71 us
[2026-04-03T02:43:48.165+0600][32.955s][info][gc,stats    ] Concurrent Cleanup                  835 us
[2026-04-03T02:43:48.165+0600][32.955s][info][gc,stats    ] 
[2026-04-03T02:43:48.165+0600][32.955s][info][gc,stats    ] Allocation pacing accrued:
[2026-04-03T02:43:48.165+0600][32.955s][info][gc,stats    ]       0 of  1548 ms (  0.0%): <total>
[2026-04-03T02:43:48.165+0600][32.955s][info][gc,stats    ]       0 of  1548 ms (  0.0%): <average total>
[2026-04-03T02:43:48.165+0600][32.955s][info][gc,stats    ] 
[2026-04-03T02:43:48.165+0600][32.955s][info][gc,metaspace] Metaspace: 129935K(131072K)->129961K(131072K) NonClass: 113511K(114112K)->113537K(114112K) Class: 16423K(16960K)->16423K(16960K)
[2026-04-03T02:43:48.165+0600][32.955s][info][gc,ergo     ] Pacer for Idle. Initial: 35840K, Alloc Tax Rate: 1.0x
[2026-04-03T02:43:49.070+0600][33.859s][info][gc          ] Trigger: Average GC time (240.63 ms) is above the time for average allocation rate (2190 MB/s) to deplete free headroom (378M) (margin of error = 1.84)
[2026-04-03T02:43:49.070+0600][33.860s][info][gc,ergo     ] Free headroom: 465M (free) - 89600K (spike) - 0B (penalties) = 378M
[2026-04-03T02:43:49.070+0600][33.860s][info][gc,ergo     ] Free: 465M, Max: 512K regular, 284M humongous, Frag: 39% external, 0% internal; Reserve: 89600K, Max: 512K
[2026-04-03T02:43:49.070+0600][33.860s][info][gc,start    ] GC(14) Concurrent reset
[2026-04-03T02:43:49.070+0600][33.860s][info][gc,task     ] GC(14) Using 3 of 6 workers for concurrent reset
[2026-04-03T02:43:49.070+0600][33.860s][info][gc,ergo     ] GC(14) Pacer for Reset. Non-Taxable: 1750M
[2026-04-03T02:43:49.075+0600][33.865s][info][gc          ] GC(14) Concurrent reset 5.066ms
[2026-04-03T02:43:49.076+0600][33.865s][info][gc,start    ] GC(14) Pause Init Mark (unload classes)
[2026-04-03T02:43:49.076+0600][33.865s][info][gc,task     ] GC(14) Using 6 of 6 workers for init marking
[2026-04-03T02:43:49.076+0600][33.865s][info][gc,ergo     ] GC(14) Pacer for Mark. Expected Live: 85081K, Free: 461M, Non-Taxable: 47259K, Alloc Tax Rate: 0.2x
[2026-04-03T02:43:49.076+0600][33.865s][info][gc          ] GC(14) Pause Init Mark (unload classes) 0.173ms
[2026-04-03T02:43:49.076+0600][33.866s][info][gc,start    ] GC(14) Concurrent marking roots
[2026-04-03T02:43:49.076+0600][33.866s][info][gc,task     ] GC(14) Using 3 of 6 workers for concurrent marking roots
[2026-04-03T02:43:49.078+0600][33.868s][info][gc          ] GC(14) Concurrent marking roots 1.954ms
[2026-04-03T02:43:49.078+0600][33.868s][info][gc,start    ] GC(14) Concurrent marking (unload classes)
[2026-04-03T02:43:49.078+0600][33.868s][info][gc,task     ] GC(14) Using 3 of 6 workers for concurrent marking
[2026-04-03T02:43:49.138+0600][33.927s][info][gc          ] GC(14) Concurrent marking (unload classes) 59.490ms
[2026-04-03T02:43:49.138+0600][33.927s][info][gc,start    ] GC(14) Pause Final Mark (unload classes)
[2026-04-03T02:43:49.138+0600][33.927s][info][gc,task     ] GC(14) Using 6 of 6 workers for final marking
[2026-04-03T02:43:49.138+0600][33.928s][info][gc,ergo     ] GC(14) Adaptive CSet Selection. Target Free: 247M, Actual Free: 1352M, Max CSet: 74666K, Min Garbage: 0B
[2026-04-03T02:43:49.139+0600][33.928s][info][gc,ergo     ] GC(14) Collectable Garbage: 1013M (99%), Immediate: 826M (81%), CSet: 186M (18%)
[2026-04-03T02:43:49.139+0600][33.928s][info][gc,ergo     ] GC(14) Pacer for Evacuation. Used CSet: 197M, Free: 1355M, Non-Taxable: 135M, Alloc Tax Rate: 1.1x
[2026-04-03T02:43:49.139+0600][33.928s][info][gc          ] GC(14) Pause Final Mark (unload classes) 0.775ms
[2026-04-03T02:43:49.139+0600][33.928s][info][gc,start    ] GC(14) Concurrent thread roots
[2026-04-03T02:43:49.139+0600][33.928s][info][gc,task     ] GC(14) Using 3 of 6 workers for Concurrent thread roots
[2026-04-03T02:43:49.140+0600][33.930s][info][gc          ] GC(14) Concurrent thread roots 1.428ms
[2026-04-03T02:43:49.140+0600][33.930s][info][gc,start    ] GC(14) Concurrent weak references
[2026-04-03T02:43:49.140+0600][33.930s][info][gc,task     ] GC(14) Using 3 of 6 workers for concurrent weak references
[2026-04-03T02:43:49.142+0600][33.931s][info][gc,ref      ] GC(14) Encountered references: Soft: 3863, Weak: 16881, Final: 84, Phantom: 620
[2026-04-03T02:43:49.142+0600][33.931s][info][gc,ref      ] GC(14) Discovered  references: Soft: 0, Weak: 10480, Final: 84, Phantom: 616
[2026-04-03T02:43:49.142+0600][33.931s][info][gc,ref      ] GC(14) Enqueued    references: Soft: 0, Weak: 2283, Final: 0, Phantom: 0
[2026-04-03T02:43:49.142+0600][33.931s][info][gc          ] GC(14) Concurrent weak references 1.518ms
[2026-04-03T02:43:49.142+0600][33.931s][info][gc,start    ] GC(14) Concurrent weak roots
[2026-04-03T02:43:49.142+0600][33.931s][info][gc,task     ] GC(14) Using 3 of 6 workers for concurrent weak root
[2026-04-03T02:43:49.147+0600][33.936s][info][gc          ] GC(14) Concurrent weak roots 5.169ms
[2026-04-03T02:43:49.147+0600][33.937s][info][gc,start    ] GC(14) Concurrent cleanup
[2026-04-03T02:43:49.148+0600][33.937s][info][gc          ] GC(14) Concurrent cleanup 1133M->307M(1513M) 0.893ms
[2026-04-03T02:43:49.148+0600][33.938s][info][gc,ergo     ] GC(14) Free: 1350M, Max: 512K regular, 284M humongous, Frag: 79% external, 0% internal; Reserve: 88307K, Max: 512K
[2026-04-03T02:43:49.148+0600][33.938s][info][gc,start    ] GC(14) Concurrent class unloading
[2026-04-03T02:43:49.148+0600][33.938s][info][gc,task     ] GC(14) Using 3 of 6 workers for concurrent class unloading
[2026-04-03T02:43:49.180+0600][33.970s][info][gc          ] GC(14) Concurrent class unloading 32.227ms
[2026-04-03T02:43:49.181+0600][33.970s][info][gc,start    ] GC(14) Concurrent strong roots
[2026-04-03T02:43:49.181+0600][33.970s][info][gc,task     ] GC(14) Using 3 of 6 workers for concurrent strong root
[2026-04-03T02:43:49.182+0600][33.972s][info][gc          ] GC(14) Concurrent strong roots 1.887ms
[2026-04-03T02:43:49.183+0600][33.972s][info][gc,start    ] GC(14) Concurrent evacuation
[2026-04-03T02:43:49.183+0600][33.972s][info][gc,task     ] GC(14) Using 3 of 6 workers for concurrent evacuation
[2026-04-03T02:43:49.191+0600][33.980s][info][gc          ] GC(14) Concurrent evacuation 8.183ms
[2026-04-03T02:43:49.192+0600][33.982s][info][gc,start    ] GC(14) Pause Init Update Refs
[2026-04-03T02:43:49.192+0600][33.982s][info][gc,ergo     ] GC(14) Pacer for Update Refs. Used: 484M, Free: 1165M, Non-Taxable: 116M, Alloc Tax Rate: 1.1x
[2026-04-03T02:43:49.192+0600][33.982s][info][gc          ] GC(14) Pause Init Update Refs 0.199ms
[2026-04-03T02:43:49.193+0600][33.982s][info][gc,start    ] GC(14) Concurrent update references
[2026-04-03T02:43:49.193+0600][33.982s][info][gc,task     ] GC(14) Using 3 of 6 workers for concurrent reference update
[2026-04-03T02:43:49.245+0600][34.035s][info][gc          ] GC(14) Concurrent update references 52.331ms
[2026-04-03T02:43:49.245+0600][34.035s][info][gc,start    ] GC(14) Concurrent update thread roots
[2026-04-03T02:43:49.251+0600][34.040s][info][gc          ] GC(14) Concurrent update thread roots 5.470ms
[2026-04-03T02:43:49.251+0600][34.041s][info][gc,start    ] GC(14) Pause Final Update Refs
[2026-04-03T02:43:49.252+0600][34.041s][info][gc,task     ] GC(14) Using 6 of 6 workers for final reference update
[2026-04-03T02:43:49.252+0600][34.041s][info][gc          ] GC(14) Pause Final Update Refs 0.369ms
[2026-04-03T02:43:49.254+0600][34.044s][info][gc,start    ] GC(14) Concurrent cleanup
[2026-04-03T02:43:49.255+0600][34.045s][info][gc          ] GC(14) Concurrent cleanup 611M->415M(1518M) 0.969ms
[2026-04-03T02:43:49.255+0600][34.045s][info][gc,ergo     ] Free: 1206M, Max: 512K regular, 450M humongous, Frag: 63% external, 0% internal; Reserve: 89600K, Max: 512K
[2026-04-03T02:43:49.255+0600][34.045s][info][gc,stats    ] 
[2026-04-03T02:43:49.255+0600][34.045s][info][gc,stats    ] All times are wall-clock times, except per-root-class counters, that are sum over
[2026-04-03T02:43:49.255+0600][34.045s][info][gc,stats    ] all workers. Dividing the <total> over the root stage time estimates parallelism.
[2026-04-03T02:43:49.255+0600][34.045s][info][gc,stats    ] 
[2026-04-03T02:43:49.256+0600][34.045s][info][gc,stats    ] Concurrent Reset                   5157 us
[2026-04-03T02:43:49.256+0600][34.045s][info][gc,stats    ] Pause Init Mark (G)                 799 us
[2026-04-03T02:43:49.256+0600][34.045s][info][gc,stats    ] Pause Init Mark (N)                 183 us
[2026-04-03T02:43:49.256+0600][34.045s][info][gc,stats    ]   Update Region States               44 us
[2026-04-03T02:43:49.256+0600][34.045s][info][gc,stats    ] Concurrent Mark Roots              1990 us, parallelism: 2.23x
[2026-04-03T02:43:49.256+0600][34.045s][info][gc,stats    ]   CMR: <total>                     4430 us
[2026-04-03T02:43:49.256+0600][34.045s][info][gc,stats    ]   CMR: Thread Roots                3837 us, workers (us): 919, 1477, 1441, ---, ---, ---, 
[2026-04-03T02:43:49.256+0600][34.045s][info][gc,stats    ]   CMR: VM Strong Roots               73 us, workers (us):  37,  35,   1, ---, ---, ---, 
[2026-04-03T02:43:49.256+0600][34.045s][info][gc,stats    ]   CMR: CLDG Roots                   520 us, workers (us): 520, ---, ---, ---, ---, ---, 
[2026-04-03T02:43:49.256+0600][34.045s][info][gc,stats    ] Concurrent Marking                59586 us
[2026-04-03T02:43:49.256+0600][34.045s][info][gc,stats    ] Pause Final Mark (G)               1030 us
[2026-04-03T02:43:49.256+0600][34.045s][info][gc,stats    ] Pause Final Mark (N)                792 us
[2026-04-03T02:43:49.256+0600][34.045s][info][gc,stats    ]   Finish Mark                       241 us
[2026-04-03T02:43:49.256+0600][34.045s][info][gc,stats    ]   Update Region States               76 us
[2026-04-03T02:43:49.256+0600][34.045s][info][gc,stats    ]   Choose Collection Set             269 us
[2026-04-03T02:43:49.256+0600][34.045s][info][gc,stats    ]   Rebuild Free Set                   44 us
[2026-04-03T02:43:49.256+0600][34.045s][info][gc,stats    ] Concurrent Thread Roots            1493 us, parallelism: 2.46x
[2026-04-03T02:43:49.256+0600][34.045s][info][gc,stats    ]   CTR: <total>                     3673 us
[2026-04-03T02:43:49.256+0600][34.045s][info][gc,stats    ]   CTR: Thread Roots                3673 us, workers (us): 1229, 1232, 1212, ---, ---, ---, 
[2026-04-03T02:43:49.256+0600][34.045s][info][gc,stats    ] Concurrent Weak References         1534 us, parallelism: 1.08x
[2026-04-03T02:43:49.256+0600][34.045s][info][gc,stats    ]   CWRF: <total>                    1663 us
[2026-04-03T02:43:49.256+0600][34.045s][info][gc,stats    ]   CWRF: Weak References            1663 us, workers (us): 1269,  48, 345, ---, ---, ---, 
[2026-04-03T02:43:49.256+0600][34.045s][info][gc,stats    ] Concurrent Weak Roots              5272 us
[2026-04-03T02:43:49.256+0600][34.045s][info][gc,stats    ]   Roots                            4647 us, parallelism: 2.72x
[2026-04-03T02:43:49.256+0600][34.045s][info][gc,stats    ]     CWR: <total>                  12656 us
[2026-04-03T02:43:49.256+0600][34.045s][info][gc,stats    ]     CWR: Code Cache Roots          8950 us, workers (us): 3047, 2843, 3060, ---, ---, ---, 
[2026-04-03T02:43:49.256+0600][34.045s][info][gc,stats    ]     CWR: VM Weak Roots             3523 us, workers (us): 1210, 1201, 1113, ---, ---, ---, 
[2026-04-03T02:43:49.256+0600][34.045s][info][gc,stats    ]     CWR: CLDG Roots                 183 us, workers (us): ---, 183, ---, ---, ---, ---, 
[2026-04-03T02:43:49.256+0600][34.045s][info][gc,stats    ]   Rendezvous                        487 us
[2026-04-03T02:43:49.256+0600][34.045s][info][gc,stats    ] Concurrent Cleanup                  989 us
[2026-04-03T02:43:49.256+0600][34.045s][info][gc,stats    ] Concurrent Class Unloading        32325 us
[2026-04-03T02:43:49.256+0600][34.045s][info][gc,stats    ]   Unlink Stale                    18602 us
[2026-04-03T02:43:49.256+0600][34.045s][info][gc,stats    ]     System Dictionary               339 us
[2026-04-03T02:43:49.256+0600][34.045s][info][gc,stats    ]     Weak Class Links                  1 us
[2026-04-03T02:43:49.256+0600][34.045s][info][gc,stats    ]     Code Roots                    18258 us
[2026-04-03T02:43:49.256+0600][34.045s][info][gc,stats    ]   Rendezvous                        505 us
[2026-04-03T02:43:49.256+0600][34.045s][info][gc,stats    ]   Purge Unlinked                  13069 us
[2026-04-03T02:43:49.256+0600][34.045s][info][gc,stats    ]     Code Roots                    13039 us
[2026-04-03T02:43:49.256+0600][34.045s][info][gc,stats    ]     CLDG                             28 us
[2026-04-03T02:43:49.256+0600][34.045s][info][gc,stats    ]     Exception Caches                  0 us
[2026-04-03T02:43:49.256+0600][34.045s][info][gc,stats    ] Concurrent Strong Roots            1970 us, parallelism: 0.67x
[2026-04-03T02:43:49.256+0600][34.045s][info][gc,stats    ]   CSR: <total>                     1315 us
[2026-04-03T02:43:49.256+0600][34.045s][info][gc,stats    ]   CSR: VM Strong Roots               80 us, workers (us):  76,   2,   2, ---, ---, ---, 
[2026-04-03T02:43:49.256+0600][34.045s][info][gc,stats    ]   CSR: CLDG Roots                  1236 us, workers (us): 1236, ---, ---, ---, ---, ---, 
[2026-04-03T02:43:49.256+0600][34.045s][info][gc,stats    ] Concurrent Evacuation              8360 us
[2026-04-03T02:43:49.256+0600][34.045s][info][gc,stats    ] Pause Init Update Refs (G)         1978 us
[2026-04-03T02:43:49.256+0600][34.045s][info][gc,stats    ] Pause Init Update Refs (N)          220 us
[2026-04-03T02:43:49.256+0600][34.046s][info][gc,stats    ]   Manage GCLABs                      81 us
[2026-04-03T02:43:49.256+0600][34.046s][info][gc,stats    ] Concurrent Update Refs            52475 us
[2026-04-03T02:43:49.256+0600][34.046s][info][gc,stats    ] Concurrent Update Thread Roots     5614 us
[2026-04-03T02:43:49.256+0600][34.046s][info][gc,stats    ] Pause Final Update Refs (G)        3181 us
[2026-04-03T02:43:49.256+0600][34.046s][info][gc,stats    ] Pause Final Update Refs (N)         399 us
[2026-04-03T02:43:49.256+0600][34.046s][info][gc,stats    ]   Update Region States               79 us
[2026-04-03T02:43:49.256+0600][34.046s][info][gc,stats    ]   Trash Collection Set               42 us
[2026-04-03T02:43:49.256+0600][34.046s][info][gc,stats    ]   Rebuild Free Set                   63 us
[2026-04-03T02:43:49.256+0600][34.046s][info][gc,stats    ] Concurrent Cleanup                 1041 us
[2026-04-03T02:43:49.256+0600][34.046s][info][gc,stats    ] Pacing                            39500 us
[2026-04-03T02:43:49.256+0600][34.046s][info][gc,stats    ] 
[2026-04-03T02:43:49.256+0600][34.046s][info][gc,stats    ] Allocation pacing accrued:
[2026-04-03T02:43:49.256+0600][34.046s][info][gc,stats    ]       8 of  1091 ms (  0.7%): Executor task launch worker for task 0.0 in stage 461.0 (TID 929)
[2026-04-03T02:43:49.256+0600][34.046s][info][gc,stats    ]       8 of  1091 ms (  0.7%): Executor task launch worker for task 2.0 in stage 461.0 (TID 931)
[2026-04-03T02:43:49.256+0600][34.046s][info][gc,stats    ]       9 of  1091 ms (  0.8%): Executor task launch worker for task 3.0 in stage 461.0 (TID 932)
[2026-04-03T02:43:49.256+0600][34.046s][info][gc,stats    ]       9 of  1091 ms (  0.8%): Executor task launch worker for task 1.0 in stage 461.0 (TID 930)
[2026-04-03T02:43:49.256+0600][34.046s][info][gc,stats    ]       6 of  1091 ms (  0.5%): block-manager-storage-async-thread-pool-54
[2026-04-03T02:43:49.256+0600][34.046s][info][gc,stats    ]      39 of  1091 ms (  3.6%): <total>
[2026-04-03T02:43:49.256+0600][34.046s][info][gc,stats    ]       0 of  1091 ms (  0.0%): <average total>
[2026-04-03T02:43:49.256+0600][34.046s][info][gc,stats    ]       8 of  1091 ms (  0.7%): <average non-zero>
[2026-04-03T02:43:49.256+0600][34.046s][info][gc,stats    ] 
[2026-04-03T02:43:49.256+0600][34.046s][info][gc,metaspace] Metaspace: 130060K(131328K)->130087K(131328K) NonClass: 113628K(114304K)->113654K(114304K) Class: 16432K(17024K)->16432K(17024K)
[2026-04-03T02:43:49.256+0600][34.046s][info][gc,ergo     ] Pacer for Idle. Initial: 35840K, Alloc Tax Rate: 1.0x
[2026-04-03T02:43:50.344+0600][35.133s][info][gc          ] Trigger: Average GC time (223.86 ms) is above the time for average allocation rate (1043 MB/s) to deplete free headroom (233M) (margin of error = 1.85)
[2026-04-03T02:43:50.344+0600][35.133s][info][gc,ergo     ] Free headroom: 320M (free) - 89600K (spike) - 0B (penalties) = 233M
[2026-04-03T02:43:50.344+0600][35.133s][info][gc,ergo     ] Free: 320M, Max: 512K regular, 279M humongous, Frag: 13% external, 0% internal; Reserve: 89600K, Max: 512K
[2026-04-03T02:43:50.344+0600][35.133s][info][gc,start    ] GC(15) Concurrent reset
[2026-04-03T02:43:50.344+0600][35.133s][info][gc,task     ] GC(15) Using 3 of 6 workers for concurrent reset
[2026-04-03T02:43:50.344+0600][35.133s][info][gc,ergo     ] GC(15) Pacer for Reset. Non-Taxable: 1750M
[2026-04-03T02:43:50.347+0600][35.136s][info][gc          ] GC(15) Concurrent reset 3.303ms
[2026-04-03T02:43:50.348+0600][35.137s][info][gc,start    ] GC(15) Pause Init Mark (unload classes)
[2026-04-03T02:43:50.348+0600][35.137s][info][gc,task     ] GC(15) Using 6 of 6 workers for init marking
[2026-04-03T02:43:50.348+0600][35.137s][info][gc,ergo     ] GC(15) Pacer for Mark. Expected Live: 87116K, Free: 317M, Non-Taxable: 32461K, Alloc Tax Rate: 0.3x
[2026-04-03T02:43:50.348+0600][35.138s][info][gc          ] GC(15) Pause Init Mark (unload classes) 0.278ms
[2026-04-03T02:43:50.348+0600][35.138s][info][gc,start    ] GC(15) Concurrent marking roots
[2026-04-03T02:43:50.348+0600][35.138s][info][gc,task     ] GC(15) Using 3 of 6 workers for concurrent marking roots
[2026-04-03T02:43:50.351+0600][35.140s][info][gc          ] GC(15) Concurrent marking roots 2.402ms
[2026-04-03T02:43:50.351+0600][35.140s][info][gc,start    ] GC(15) Concurrent marking (unload classes)
[2026-04-03T02:43:50.351+0600][35.140s][info][gc,task     ] GC(15) Using 3 of 6 workers for concurrent marking
[2026-04-03T02:43:50.430+0600][35.219s][info][gc          ] GC(15) Concurrent marking (unload classes) 79.070ms
[2026-04-03T02:43:50.430+0600][35.219s][info][gc,start    ] GC(15) Pause Final Mark (unload classes)
[2026-04-03T02:43:50.430+0600][35.220s][info][gc,task     ] GC(15) Using 6 of 6 workers for final marking
[2026-04-03T02:43:50.431+0600][35.220s][info][gc,ergo     ] GC(15) Adaptive CSet Selection. Target Free: 247M, Actual Free: 1243M, Max CSet: 74666K, Min Garbage: 0B
[2026-04-03T02:43:50.431+0600][35.220s][info][gc,ergo     ] GC(15) Collectable Garbage: 1131M (99%), Immediate: 886M (77%), CSet: 245M (21%)
[2026-04-03T02:43:50.431+0600][35.220s][info][gc,ergo     ] GC(15) Pacer for Evacuation. Used CSet: 257M, Free: 1273M, Non-Taxable: 127M, Alloc Tax Rate: 1.1x
[2026-04-03T02:43:50.431+0600][35.220s][info][gc          ] GC(15) Pause Final Mark (unload classes) 0.801ms
[2026-04-03T02:43:50.431+0600][35.220s][info][gc,start    ] GC(15) Concurrent thread roots
[2026-04-03T02:43:50.431+0600][35.220s][info][gc,task     ] GC(15) Using 3 of 6 workers for Concurrent thread roots
[2026-04-03T02:43:50.434+0600][35.223s][info][gc          ] GC(15) Concurrent thread roots 2.741ms
[2026-04-03T02:43:50.434+0600][35.223s][info][gc,start    ] GC(15) Concurrent weak references
[2026-04-03T02:43:50.434+0600][35.223s][info][gc,task     ] GC(15) Using 3 of 6 workers for concurrent weak references
[2026-04-03T02:43:50.435+0600][35.224s][info][gc,ref      ] GC(15) Encountered references: Soft: 3865, Weak: 16044, Final: 84, Phantom: 620
[2026-04-03T02:43:50.435+0600][35.224s][info][gc,ref      ] GC(15) Discovered  references: Soft: 0, Weak: 4853, Final: 0, Phantom: 221
[2026-04-03T02:43:50.435+0600][35.224s][info][gc,ref      ] GC(15) Enqueued    references: Soft: 0, Weak: 635, Final: 0, Phantom: 0
[2026-04-03T02:43:50.435+0600][35.224s][info][gc          ] GC(15) Concurrent weak references 1.022ms
[2026-04-03T02:43:50.435+0600][35.224s][info][gc,start    ] GC(15) Concurrent weak roots
[2026-04-03T02:43:50.435+0600][35.224s][info][gc,task     ] GC(15) Using 3 of 6 workers for concurrent weak root
[2026-04-03T02:43:50.447+0600][35.236s][info][gc          ] GC(15) Concurrent weak roots 12.266ms
[2026-04-03T02:43:50.447+0600][35.237s][info][gc,start    ] GC(15) Concurrent cleanup
[2026-04-03T02:43:50.449+0600][35.238s][info][gc          ] GC(15) Concurrent cleanup 1277M->393M(1518M) 1.442ms
[2026-04-03T02:43:50.449+0600][35.238s][info][gc,ergo     ] GC(15) Free: 1261M, Max: 512K regular, 262M humongous, Frag: 80% external, 0% internal; Reserve: 87637K, Max: 512K
[2026-04-03T02:43:50.449+0600][35.238s][info][gc,start    ] GC(15) Concurrent class unloading
[2026-04-03T02:43:50.449+0600][35.238s][info][gc,task     ] GC(15) Using 3 of 6 workers for concurrent class unloading
[2026-04-03T02:43:50.481+0600][35.270s][info][gc          ] GC(15) Concurrent class unloading 31.813ms
[2026-04-03T02:43:50.481+0600][35.270s][info][gc,start    ] GC(15) Concurrent strong roots
[2026-04-03T02:43:50.481+0600][35.270s][info][gc,task     ] GC(15) Using 3 of 6 workers for concurrent strong root
[2026-04-03T02:43:50.483+0600][35.272s][info][gc          ] GC(15) Concurrent strong roots 1.588ms
[2026-04-03T02:43:50.483+0600][35.272s][info][gc,start    ] GC(15) Concurrent evacuation
[2026-04-03T02:43:50.483+0600][35.272s][info][gc,task     ] GC(15) Using 3 of 6 workers for concurrent evacuation
[2026-04-03T02:43:50.492+0600][35.281s][info][gc          ] GC(15) Concurrent evacuation 9.127ms
[2026-04-03T02:43:50.492+0600][35.281s][info][gc,start    ] GC(15) Pause Init Update Refs
[2026-04-03T02:43:50.492+0600][35.282s][info][gc,ergo     ] GC(15) Pacer for Update Refs. Used: 423M, Free: 1240M, Non-Taxable: 124M, Alloc Tax Rate: 1.1x
[2026-04-03T02:43:50.492+0600][35.282s][info][gc          ] GC(15) Pause Init Update Refs 0.121ms
[2026-04-03T02:43:50.492+0600][35.282s][info][gc,start    ] GC(15) Concurrent update references
[2026-04-03T02:43:50.492+0600][35.282s][info][gc,task     ] GC(15) Using 3 of 6 workers for concurrent reference update
[2026-04-03T02:43:50.549+0600][35.339s][info][gc          ] GC(15) Concurrent update references 56.963ms
[2026-04-03T02:43:50.549+0600][35.339s][info][gc,start    ] GC(15) Concurrent update thread roots
[2026-04-03T02:43:50.551+0600][35.341s][info][gc          ] GC(15) Concurrent update thread roots 2.034ms
[2026-04-03T02:43:50.552+0600][35.341s][info][gc,start    ] GC(15) Pause Final Update Refs
[2026-04-03T02:43:50.552+0600][35.341s][info][gc,task     ] GC(15) Using 6 of 6 workers for final reference update
[2026-04-03T02:43:50.552+0600][35.341s][info][gc          ] GC(15) Pause Final Update Refs 0.258ms
[2026-04-03T02:43:50.552+0600][35.342s][info][gc,start    ] GC(15) Concurrent cleanup
[2026-04-03T02:43:50.553+0600][35.342s][info][gc          ] GC(15) Concurrent cleanup 458M->201M(1524M) 0.810ms
[2026-04-03T02:43:50.553+0600][35.343s][info][gc,ergo     ] Free: 1447M, Max: 512K regular, 983M humongous, Frag: 33% external, 0% internal; Reserve: 89600K, Max: 512K
[2026-04-03T02:43:50.553+0600][35.343s][info][gc,stats    ] 
[2026-04-03T02:43:50.553+0600][35.343s][info][gc,stats    ] All times are wall-clock times, except per-root-class counters, that are sum over
[2026-04-03T02:43:50.553+0600][35.343s][info][gc,stats    ] all workers. Dividing the <total> over the root stage time estimates parallelism.
[2026-04-03T02:43:50.553+0600][35.343s][info][gc,stats    ] 
[2026-04-03T02:43:50.553+0600][35.343s][info][gc,stats    ] Concurrent Reset                   3374 us
[2026-04-03T02:43:50.553+0600][35.343s][info][gc,stats    ] Pause Init Mark (G)                1105 us
[2026-04-03T02:43:50.553+0600][35.343s][info][gc,stats    ] Pause Init Mark (N)                 293 us
[2026-04-03T02:43:50.553+0600][35.343s][info][gc,stats    ]   Update Region States               77 us
[2026-04-03T02:43:50.553+0600][35.343s][info][gc,stats    ] Concurrent Mark Roots              2497 us, parallelism: 1.78x
[2026-04-03T02:43:50.553+0600][35.343s][info][gc,stats    ]   CMR: <total>                     4456 us
[2026-04-03T02:43:50.553+0600][35.343s][info][gc,stats    ]   CMR: Thread Roots                4013 us, workers (us): 1747, 1402, 864, ---, ---, ---, 
[2026-04-03T02:43:50.553+0600][35.343s][info][gc,stats    ]   CMR: VM Strong Roots               68 us, workers (us):  61,   6,   1, ---, ---, ---, 
[2026-04-03T02:43:50.553+0600][35.343s][info][gc,stats    ]   CMR: CLDG Roots                   375 us, workers (us): ---, 375, ---, ---, ---, ---, 
[2026-04-03T02:43:50.553+0600][35.343s][info][gc,stats    ] Concurrent Marking                79159 us
[2026-04-03T02:43:50.553+0600][35.343s][info][gc,stats    ] Pause Final Mark (G)               1059 us
[2026-04-03T02:43:50.553+0600][35.343s][info][gc,stats    ] Pause Final Mark (N)                817 us
[2026-04-03T02:43:50.553+0600][35.343s][info][gc,stats    ]   Finish Mark                       207 us
[2026-04-03T02:43:50.553+0600][35.343s][info][gc,stats    ]   Update Region States               60 us
[2026-04-03T02:43:50.553+0600][35.343s][info][gc,stats    ]   Choose Collection Set             303 us
[2026-04-03T02:43:50.553+0600][35.343s][info][gc,stats    ]   Rebuild Free Set                   56 us
[2026-04-03T02:43:50.553+0600][35.343s][info][gc,stats    ] Concurrent Thread Roots            2793 us, parallelism: 2.75x
[2026-04-03T02:43:50.553+0600][35.343s][info][gc,stats    ]   CTR: <total>                     7669 us
[2026-04-03T02:43:50.553+0600][35.343s][info][gc,stats    ]   CTR: Thread Roots                7669 us, workers (us): 2608, 2607, 2454, ---, ---, ---, 
[2026-04-03T02:43:50.553+0600][35.343s][info][gc,stats    ] Concurrent Weak References         1041 us, parallelism: 0.99x
[2026-04-03T02:43:50.553+0600][35.343s][info][gc,stats    ]   CWRF: <total>                    1028 us
[2026-04-03T02:43:50.553+0600][35.343s][info][gc,stats    ]   CWRF: Weak References            1028 us, workers (us): 714, 314,   0, ---, ---, ---, 
[2026-04-03T02:43:50.553+0600][35.343s][info][gc,stats    ] Concurrent Weak Roots             12378 us
[2026-04-03T02:43:50.553+0600][35.343s][info][gc,stats    ]   Roots                           11520 us, parallelism: 2.76x
[2026-04-03T02:43:50.553+0600][35.343s][info][gc,stats    ]     CWR: <total>                  31796 us
[2026-04-03T02:43:50.553+0600][35.343s][info][gc,stats    ]     CWR: Code Cache Roots         24842 us, workers (us): 7346, 8724, 8773, ---, ---, ---, 
[2026-04-03T02:43:50.553+0600][35.343s][info][gc,stats    ]     CWR: VM Weak Roots             6699 us, workers (us): 3519, 2000, 1180, ---, ---, ---, 
[2026-04-03T02:43:50.553+0600][35.343s][info][gc,stats    ]     CWR: CLDG Roots                 255 us, workers (us): ---, 255, ---, ---, ---, ---, 
[2026-04-03T02:43:50.554+0600][35.343s][info][gc,stats    ]   Rendezvous                        678 us
[2026-04-03T02:43:50.554+0600][35.343s][info][gc,stats    ] Concurrent Cleanup                 1544 us
[2026-04-03T02:43:50.554+0600][35.343s][info][gc,stats    ] Concurrent Class Unloading        31925 us
[2026-04-03T02:43:50.554+0600][35.343s][info][gc,stats    ]   Unlink Stale                    22717 us
[2026-04-03T02:43:50.554+0600][35.343s][info][gc,stats    ]     System Dictionary               423 us
[2026-04-03T02:43:50.554+0600][35.343s][info][gc,stats    ]     Weak Class Links                  1 us
[2026-04-03T02:43:50.554+0600][35.343s][info][gc,stats    ]     Code Roots                    22286 us
[2026-04-03T02:43:50.554+0600][35.343s][info][gc,stats    ]   Rendezvous                        505 us
[2026-04-03T02:43:50.554+0600][35.343s][info][gc,stats    ]   Purge Unlinked                   8527 us
[2026-04-03T02:43:50.554+0600][35.343s][info][gc,stats    ]     Code Roots                     8494 us
[2026-04-03T02:43:50.554+0600][35.343s][info][gc,stats    ]     CLDG                             31 us
[2026-04-03T02:43:50.554+0600][35.343s][info][gc,stats    ]     Exception Caches                  0 us
[2026-04-03T02:43:50.554+0600][35.343s][info][gc,stats    ] Concurrent Strong Roots            1673 us, parallelism: 0.69x
[2026-04-03T02:43:50.554+0600][35.343s][info][gc,stats    ]   CSR: <total>                     1162 us
[2026-04-03T02:43:50.554+0600][35.343s][info][gc,stats    ]   CSR: VM Strong Roots               88 us, workers (us):  47,  32,   9, ---, ---, ---, 
[2026-04-03T02:43:50.554+0600][35.343s][info][gc,stats    ]   CSR: CLDG Roots                  1074 us, workers (us): ---, 1074, ---, ---, ---, ---, 
[2026-04-03T02:43:50.554+0600][35.343s][info][gc,stats    ] Concurrent Evacuation              9217 us
[2026-04-03T02:43:50.554+0600][35.343s][info][gc,stats    ] Pause Init Update Refs (G)          462 us
[2026-04-03T02:43:50.554+0600][35.343s][info][gc,stats    ] Pause Init Update Refs (N)          138 us
[2026-04-03T02:43:50.554+0600][35.343s][info][gc,stats    ]   Manage GCLABs                      55 us
[2026-04-03T02:43:50.554+0600][35.343s][info][gc,stats    ] Concurrent Update Refs            57082 us
[2026-04-03T02:43:50.554+0600][35.343s][info][gc,stats    ] Concurrent Update Thread Roots     2108 us
[2026-04-03T02:43:50.554+0600][35.343s][info][gc,stats    ] Pause Final Update Refs (G)         780 us
[2026-04-03T02:43:50.554+0600][35.343s][info][gc,stats    ] Pause Final Update Refs (N)         281 us
[2026-04-03T02:43:50.554+0600][35.343s][info][gc,stats    ]   Update Region States               83 us
[2026-04-03T02:43:50.554+0600][35.343s][info][gc,stats    ]   Trash Collection Set               30 us
[2026-04-03T02:43:50.554+0600][35.343s][info][gc,stats    ]   Rebuild Free Set                   59 us
[2026-04-03T02:43:50.554+0600][35.343s][info][gc,stats    ] Concurrent Cleanup                  837 us
[2026-04-03T02:43:50.554+0600][35.343s][info][gc,stats    ] Pacing                            29522 us
[2026-04-03T02:43:50.554+0600][35.343s][info][gc,stats    ] 
[2026-04-03T02:43:50.554+0600][35.343s][info][gc,stats    ] Allocation pacing accrued:
[2026-04-03T02:43:50.554+0600][35.343s][info][gc,stats    ]      10 of  1297 ms (  0.8%): Executor task launch worker for task 2.0 in stage 496.0 (TID 1083)
[2026-04-03T02:43:50.554+0600][35.343s][info][gc,stats    ]      10 of  1297 ms (  0.8%): Executor task launch worker for task 0.0 in stage 496.0 (TID 1081)
[2026-04-03T02:43:50.554+0600][35.343s][info][gc,stats    ]       9 of  1297 ms (  0.7%): Executor task launch worker for task 1.0 in stage 496.0 (TID 1082)
[2026-04-03T02:43:50.554+0600][35.343s][info][gc,stats    ]      30 of  1297 ms (  2.3%): <total>
[2026-04-03T02:43:50.554+0600][35.343s][info][gc,stats    ]       0 of  1297 ms (  0.0%): <average total>
[2026-04-03T02:43:50.554+0600][35.343s][info][gc,stats    ]      10 of  1297 ms (  0.8%): <average non-zero>
[2026-04-03T02:43:50.554+0600][35.343s][info][gc,stats    ] 
[2026-04-03T02:43:50.554+0600][35.343s][info][gc,metaspace] Metaspace: 130163K(131392K)->130176K(131392K) NonClass: 113729K(114368K)->113741K(114368K) Class: 16434K(17024K)->16434K(17024K)
[2026-04-03T02:43:50.554+0600][35.343s][info][gc,ergo     ] Pacer for Idle. Initial: 35840K, Alloc Tax Rate: 1.0x
[2026-04-03T02:43:51.862+0600][36.652s][info][gc          ] Trigger: Average GC time (230.86 ms) is above the time for average allocation rate (1133 MB/s) to deplete free headroom (246M) (margin of error = 1.85)
[2026-04-03T02:43:51.862+0600][36.652s][info][gc,ergo     ] Free headroom: 334M (free) - 89600K (spike) - 0B (penalties) = 246M
[2026-04-03T02:43:51.862+0600][36.652s][info][gc,ergo     ] Free: 334M, Max: 512K regular, 264M humongous, Frag: 21% external, 0% internal; Reserve: 89600K, Max: 512K
[2026-04-03T02:43:51.863+0600][36.652s][info][gc,start    ] GC(16) Concurrent reset
[2026-04-03T02:43:51.863+0600][36.652s][info][gc,task     ] GC(16) Using 3 of 6 workers for concurrent reset
[2026-04-03T02:43:51.863+0600][36.652s][info][gc,ergo     ] GC(16) Pacer for Reset. Non-Taxable: 1750M
[2026-04-03T02:43:51.865+0600][36.654s][info][gc          ] GC(16) Concurrent reset 2.304ms
[2026-04-03T02:43:51.865+0600][36.654s][info][gc,start    ] GC(16) Pause Init Mark (unload classes)
[2026-04-03T02:43:51.865+0600][36.654s][info][gc,task     ] GC(16) Using 6 of 6 workers for init marking
[2026-04-03T02:43:51.865+0600][36.655s][info][gc,ergo     ] GC(16) Pacer for Mark. Expected Live: 88199K, Free: 329M, Non-Taxable: 33700K, Alloc Tax Rate: 0.3x
[2026-04-03T02:43:51.865+0600][36.655s][info][gc          ] GC(16) Pause Init Mark (unload classes) 0.144ms
[2026-04-03T02:43:51.865+0600][36.655s][info][gc,start    ] GC(16) Concurrent marking roots
[2026-04-03T02:43:51.865+0600][36.655s][info][gc,task     ] GC(16) Using 3 of 6 workers for concurrent marking roots
[2026-04-03T02:43:51.867+0600][36.656s][info][gc          ] GC(16) Concurrent marking roots 1.305ms
[2026-04-03T02:43:51.867+0600][36.656s][info][gc,start    ] GC(16) Concurrent marking (unload classes)
[2026-04-03T02:43:51.867+0600][36.656s][info][gc,task     ] GC(16) Using 3 of 6 workers for concurrent marking
[2026-04-03T02:43:51.925+0600][36.714s][info][gc          ] GC(16) Concurrent marking (unload classes) 58.253ms
[2026-04-03T02:43:51.925+0600][36.715s][info][gc,start    ] GC(16) Pause Final Mark (unload classes)
[2026-04-03T02:43:51.925+0600][36.715s][info][gc,task     ] GC(16) Using 6 of 6 workers for final marking
[2026-04-03T02:43:51.926+0600][36.715s][info][gc,ergo     ] GC(16) Adaptive CSet Selection. Target Free: 247M, Actual Free: 1263M, Max CSet: 74666K, Min Garbage: 0B
[2026-04-03T02:43:51.926+0600][36.715s][info][gc,ergo     ] GC(16) Collectable Garbage: 1122M (99%), Immediate: 885M (78%), CSet: 237M (21%)
[2026-04-03T02:43:51.926+0600][36.715s][info][gc,ergo     ] GC(16) Pacer for Evacuation. Used CSet: 243M, Free: 1291M, Non-Taxable: 129M, Alloc Tax Rate: 1.1x
[2026-04-03T02:43:51.926+0600][36.715s][info][gc          ] GC(16) Pause Final Mark (unload classes) 0.846ms
[2026-04-03T02:43:51.926+0600][36.716s][info][gc,start    ] GC(16) Concurrent thread roots
[2026-04-03T02:43:51.926+0600][36.716s][info][gc,task     ] GC(16) Using 3 of 6 workers for Concurrent thread roots
[2026-04-03T02:43:51.927+0600][36.717s][info][gc          ] GC(16) Concurrent thread roots 1.132ms
[2026-04-03T02:43:51.927+0600][36.717s][info][gc,start    ] GC(16) Concurrent weak references
[2026-04-03T02:43:51.927+0600][36.717s][info][gc,task     ] GC(16) Using 3 of 6 workers for concurrent weak references
[2026-04-03T02:43:51.928+0600][36.718s][info][gc,ref      ] GC(16) Encountered references: Soft: 3867, Weak: 17328, Final: 84, Phantom: 620
[2026-04-03T02:43:51.928+0600][36.718s][info][gc,ref      ] GC(16) Discovered  references: Soft: 0, Weak: 10631, Final: 0, Phantom: 615
[2026-04-03T02:43:51.928+0600][36.718s][info][gc,ref      ] GC(16) Enqueued    references: Soft: 0, Weak: 1657, Final: 0, Phantom: 0
[2026-04-03T02:43:51.928+0600][36.718s][info][gc          ] GC(16) Concurrent weak references 1.018ms
[2026-04-03T02:43:51.928+0600][36.718s][info][gc,start    ] GC(16) Concurrent weak roots
[2026-04-03T02:43:51.928+0600][36.718s][info][gc,task     ] GC(16) Using 3 of 6 workers for concurrent weak root
[2026-04-03T02:43:51.933+0600][36.722s][info][gc          ] GC(16) Concurrent weak roots 4.577ms
[2026-04-03T02:43:51.933+0600][36.722s][info][gc,start    ] GC(16) Concurrent cleanup
[2026-04-03T02:43:51.934+0600][36.723s][info][gc          ] GC(16) Concurrent cleanup 1255M->369M(1524M) 0.955ms
[2026-04-03T02:43:51.934+0600][36.723s][info][gc,ergo     ] GC(16) Free: 1286M, Max: 512K regular, 264M humongous, Frag: 80% external, 0% internal; Reserve: 89073K, Max: 512K
[2026-04-03T02:43:51.934+0600][36.723s][info][gc,start    ] GC(16) Concurrent class unloading
[2026-04-03T02:43:51.934+0600][36.723s][info][gc,task     ] GC(16) Using 3 of 6 workers for concurrent class unloading
[2026-04-03T02:43:51.963+0600][36.752s][info][gc          ] GC(16) Concurrent class unloading 29.000ms
[2026-04-03T02:43:51.963+0600][36.753s][info][gc,start    ] GC(16) Concurrent strong roots
[2026-04-03T02:43:51.963+0600][36.753s][info][gc,task     ] GC(16) Using 3 of 6 workers for concurrent strong root
[2026-04-03T02:43:51.965+0600][36.755s][info][gc          ] GC(16) Concurrent strong roots 2.163ms
[2026-04-03T02:43:51.965+0600][36.755s][info][gc,start    ] GC(16) Concurrent evacuation
[2026-04-03T02:43:51.966+0600][36.755s][info][gc,task     ] GC(16) Using 3 of 6 workers for concurrent evacuation
[2026-04-03T02:43:51.973+0600][36.763s][info][gc          ] GC(16) Concurrent evacuation 7.972ms
[2026-04-03T02:43:51.975+0600][36.765s][info][gc,start    ] GC(16) Pause Init Update Refs
[2026-04-03T02:43:51.975+0600][36.765s][info][gc,ergo     ] GC(16) Pacer for Update Refs. Used: 401M, Free: 1261M, Non-Taxable: 126M, Alloc Tax Rate: 1.1x
[2026-04-03T02:43:51.975+0600][36.765s][info][gc          ] GC(16) Pause Init Update Refs 0.145ms
[2026-04-03T02:43:51.975+0600][36.765s][info][gc,start    ] GC(16) Concurrent update references
[2026-04-03T02:43:51.976+0600][36.765s][info][gc,task     ] GC(16) Using 3 of 6 workers for concurrent reference update
[2026-04-03T02:43:52.032+0600][36.821s][info][gc          ] GC(16) Concurrent update references 55.999ms
[2026-04-03T02:43:52.032+0600][36.821s][info][gc,start    ] GC(16) Concurrent update thread roots
[2026-04-03T02:43:52.033+0600][36.823s][info][gc          ] GC(16) Concurrent update thread roots 1.826ms
[2026-04-03T02:43:52.034+0600][36.823s][info][gc,start    ] GC(16) Pause Final Update Refs
[2026-04-03T02:43:52.034+0600][36.823s][info][gc,task     ] GC(16) Using 6 of 6 workers for final reference update
[2026-04-03T02:43:52.034+0600][36.824s][info][gc          ] GC(16) Pause Final Update Refs 0.276ms
[2026-04-03T02:43:52.034+0600][36.824s][info][gc,start    ] GC(16) Concurrent cleanup
[2026-04-03T02:43:52.035+0600][36.824s][info][gc          ] GC(16) Concurrent cleanup 432M->189M(1524M) 0.776ms
[2026-04-03T02:43:52.035+0600][36.825s][info][gc,ergo     ] Free: 1461M, Max: 512K regular, 918M humongous, Frag: 38% external, 0% internal; Reserve: 89600K, Max: 512K
[2026-04-03T02:43:52.035+0600][36.825s][info][gc,stats    ] 
[2026-04-03T02:43:52.035+0600][36.825s][info][gc,stats    ] All times are wall-clock times, except per-root-class counters, that are sum over
[2026-04-03T02:43:52.035+0600][36.825s][info][gc,stats    ] all workers. Dividing the <total> over the root stage time estimates parallelism.
[2026-04-03T02:43:52.035+0600][36.825s][info][gc,stats    ] 
[2026-04-03T02:43:52.035+0600][36.825s][info][gc,stats    ] Concurrent Reset                   2339 us
[2026-04-03T02:43:52.035+0600][36.825s][info][gc,stats    ] Pause Init Mark (G)                 446 us
[2026-04-03T02:43:52.035+0600][36.825s][info][gc,stats    ] Pause Init Mark (N)                 152 us
[2026-04-03T02:43:52.035+0600][36.825s][info][gc,stats    ]   Update Region States               31 us
[2026-04-03T02:43:52.035+0600][36.825s][info][gc,stats    ] Concurrent Mark Roots              1351 us, parallelism: 1.91x
[2026-04-03T02:43:52.035+0600][36.825s][info][gc,stats    ]   CMR: <total>                     2586 us
[2026-04-03T02:43:52.035+0600][36.825s][info][gc,stats    ]   CMR: Thread Roots                2259 us, workers (us): 567, 847, 845, ---, ---, ---, 
[2026-04-03T02:43:52.035+0600][36.825s][info][gc,stats    ]   CMR: VM Strong Roots               45 us, workers (us):  22,  22,   1, ---, ---, ---, 
[2026-04-03T02:43:52.035+0600][36.825s][info][gc,stats    ]   CMR: CLDG Roots                   282 us, workers (us): 282, ---, ---, ---, ---, ---, 
[2026-04-03T02:43:52.035+0600][36.825s][info][gc,stats    ] Concurrent Marking                58334 us
[2026-04-03T02:43:52.035+0600][36.825s][info][gc,stats    ] Pause Final Mark (G)               1187 us
[2026-04-03T02:43:52.036+0600][36.825s][info][gc,stats    ] Pause Final Mark (N)                860 us
[2026-04-03T02:43:52.036+0600][36.825s][info][gc,stats    ]   Finish Mark                       240 us
[2026-04-03T02:43:52.036+0600][36.825s][info][gc,stats    ]   Update Region States               63 us
[2026-04-03T02:43:52.036+0600][36.825s][info][gc,stats    ]   Choose Collection Set             334 us
[2026-04-03T02:43:52.036+0600][36.825s][info][gc,stats    ]   Rebuild Free Set                   56 us
[2026-04-03T02:43:52.036+0600][36.825s][info][gc,stats    ] Concurrent Thread Roots            1182 us, parallelism: 2.31x
[2026-04-03T02:43:52.036+0600][36.825s][info][gc,stats    ]   CTR: <total>                     2735 us
[2026-04-03T02:43:52.036+0600][36.825s][info][gc,stats    ]   CTR: Thread Roots                2735 us, workers (us): 941, 904, 890, ---, ---, ---, 
[2026-04-03T02:43:52.036+0600][36.825s][info][gc,stats    ] Concurrent Weak References         1028 us, parallelism: 1.14x
[2026-04-03T02:43:52.036+0600][36.825s][info][gc,stats    ]   CWRF: <total>                    1173 us
[2026-04-03T02:43:52.036+0600][36.825s][info][gc,stats    ]   CWRF: Weak References            1173 us, workers (us): 110, 724, 339, ---, ---, ---, 
[2026-04-03T02:43:52.036+0600][36.825s][info][gc,stats    ] Concurrent Weak Roots              4672 us
[2026-04-03T02:43:52.036+0600][36.825s][info][gc,stats    ]   Roots                            4130 us, parallelism: 2.68x
[2026-04-03T02:43:52.036+0600][36.825s][info][gc,stats    ]     CWR: <total>                  11059 us
[2026-04-03T02:43:52.036+0600][36.825s][info][gc,stats    ]     CWR: Code Cache Roots          8498 us, workers (us): 2907, 2764, 2827, ---, ---, ---, 
[2026-04-03T02:43:52.036+0600][36.825s][info][gc,stats    ]     CWR: VM Weak Roots             2396 us, workers (us): 853, 792, 751, ---, ---, ---, 
[2026-04-03T02:43:52.036+0600][36.825s][info][gc,stats    ]     CWR: CLDG Roots                 165 us, workers (us): ---, 165, ---, ---, ---, ---, 
[2026-04-03T02:43:52.036+0600][36.825s][info][gc,stats    ]   Rendezvous                        422 us
[2026-04-03T02:43:52.036+0600][36.825s][info][gc,stats    ] Concurrent Cleanup                  982 us
[2026-04-03T02:43:52.036+0600][36.825s][info][gc,stats    ] Concurrent Class Unloading        29127 us
[2026-04-03T02:43:52.036+0600][36.825s][info][gc,stats    ]   Unlink Stale                    16483 us
[2026-04-03T02:43:52.036+0600][36.825s][info][gc,stats    ]     System Dictionary               271 us
[2026-04-03T02:43:52.036+0600][36.825s][info][gc,stats    ]     Weak Class Links                  0 us
[2026-04-03T02:43:52.036+0600][36.825s][info][gc,stats    ]     Code Roots                    16207 us
[2026-04-03T02:43:52.036+0600][36.825s][info][gc,stats    ]   Rendezvous                        471 us
[2026-04-03T02:43:52.036+0600][36.825s][info][gc,stats    ]   Purge Unlinked                  12012 us
[2026-04-03T02:43:52.036+0600][36.825s][info][gc,stats    ]     Code Roots                    11965 us
[2026-04-03T02:43:52.036+0600][36.825s][info][gc,stats    ]     CLDG                             46 us
[2026-04-03T02:43:52.036+0600][36.825s][info][gc,stats    ]     Exception Caches                  1 us
[2026-04-03T02:43:52.036+0600][36.825s][info][gc,stats    ] Concurrent Strong Roots            2261 us, parallelism: 0.75x
[2026-04-03T02:43:52.036+0600][36.825s][info][gc,stats    ]   CSR: <total>                     1699 us
[2026-04-03T02:43:52.036+0600][36.825s][info][gc,stats    ]   CSR: VM Strong Roots              104 us, workers (us):  97,   6,   0, ---, ---, ---, 
[2026-04-03T02:43:52.036+0600][36.825s][info][gc,stats    ]   CSR: CLDG Roots                  1595 us, workers (us): ---, 1595, ---, ---, ---, ---, 
[2026-04-03T02:43:52.036+0600][36.825s][info][gc,stats    ] Concurrent Evacuation              8074 us
[2026-04-03T02:43:52.036+0600][36.825s][info][gc,stats    ] Pause Init Update Refs (G)         1922 us
[2026-04-03T02:43:52.036+0600][36.825s][info][gc,stats    ] Pause Init Update Refs (N)          158 us
[2026-04-03T02:43:52.036+0600][36.826s][info][gc,stats    ]   Manage GCLABs                      57 us
[2026-04-03T02:43:52.036+0600][36.826s][info][gc,stats    ] Concurrent Update Refs            56118 us
[2026-04-03T02:43:52.036+0600][36.826s][info][gc,stats    ] Concurrent Update Thread Roots     1896 us
[2026-04-03T02:43:52.036+0600][36.826s][info][gc,stats    ] Pause Final Update Refs (G)         805 us
[2026-04-03T02:43:52.036+0600][36.826s][info][gc,stats    ] Pause Final Update Refs (N)         294 us
[2026-04-03T02:43:52.036+0600][36.826s][info][gc,stats    ]   Update Region States               71 us
[2026-04-03T02:43:52.036+0600][36.826s][info][gc,stats    ]   Trash Collection Set               25 us
[2026-04-03T02:43:52.036+0600][36.826s][info][gc,stats    ]   Rebuild Free Set                   56 us
[2026-04-03T02:43:52.036+0600][36.826s][info][gc,stats    ] Concurrent Cleanup                  825 us
[2026-04-03T02:43:52.036+0600][36.826s][info][gc,stats    ] 
[2026-04-03T02:43:52.036+0600][36.826s][info][gc,stats    ] Allocation pacing accrued:
[2026-04-03T02:43:52.036+0600][36.826s][info][gc,stats    ]       0 of  1483 ms (  0.0%): <total>
[2026-04-03T02:43:52.036+0600][36.826s][info][gc,stats    ]       0 of  1483 ms (  0.0%): <average total>
[2026-04-03T02:43:52.036+0600][36.826s][info][gc,stats    ] 
[2026-04-03T02:43:52.036+0600][36.826s][info][gc,metaspace] Metaspace: 130303K(131456K)->130305K(131456K) NonClass: 113853K(114432K)->113855K(114432K) Class: 16449K(17024K)->16449K(17024K)
[2026-04-03T02:43:52.036+0600][36.826s][info][gc,ergo     ] Pacer for Idle. Initial: 35840K, Alloc Tax Rate: 1.0x
[2026-04-03T02:43:52.743+0600][37.533s][info][gc          ] Trigger: Average GC time (218.83 ms) is above the time for average allocation rate (2259 MB/s) to deplete free headroom (480M) (margin of error = 1.85)
[2026-04-03T02:43:52.743+0600][37.533s][info][gc,ergo     ] Free headroom: 567M (free) - 89600K (spike) - 0B (penalties) = 480M
[2026-04-03T02:43:52.743+0600][37.533s][info][gc,ergo     ] Free: 567M, Max: 512K regular, 264M humongous, Frag: 54% external, 0% internal; Reserve: 89600K, Max: 512K
[2026-04-03T02:43:52.743+0600][37.533s][info][gc,start    ] GC(17) Concurrent reset
[2026-04-03T02:43:52.743+0600][37.533s][info][gc,task     ] GC(17) Using 3 of 6 workers for concurrent reset
[2026-04-03T02:43:52.744+0600][37.533s][info][gc,ergo     ] GC(17) Pacer for Reset. Non-Taxable: 1750M
[2026-04-03T02:43:52.747+0600][37.536s][info][gc          ] GC(17) Concurrent reset 3.422ms
[2026-04-03T02:43:52.747+0600][37.537s][info][gc,start    ] GC(17) Pause Init Mark (unload classes)
[2026-04-03T02:43:52.747+0600][37.537s][info][gc,task     ] GC(17) Using 6 of 6 workers for init marking
[2026-04-03T02:43:52.747+0600][37.537s][info][gc,ergo     ] GC(17) Pacer for Mark. Expected Live: 88902K, Free: 556M, Non-Taxable: 56986K, Alloc Tax Rate: 0.2x
[2026-04-03T02:43:52.747+0600][37.537s][info][gc          ] GC(17) Pause Init Mark (unload classes) 0.164ms
[2026-04-03T02:43:52.748+0600][37.537s][info][gc,start    ] GC(17) Concurrent marking roots
[2026-04-03T02:43:52.748+0600][37.537s][info][gc,task     ] GC(17) Using 3 of 6 workers for concurrent marking roots
[2026-04-03T02:43:52.749+0600][37.539s][info][gc          ] GC(17) Concurrent marking roots 1.897ms
[2026-04-03T02:43:52.750+0600][37.539s][info][gc,start    ] GC(17) Concurrent marking (unload classes)
[2026-04-03T02:43:52.750+0600][37.539s][info][gc,task     ] GC(17) Using 3 of 6 workers for concurrent marking
[2026-04-03T02:43:52.815+0600][37.604s][info][gc          ] GC(17) Concurrent marking (unload classes) 65.314ms
[2026-04-03T02:43:52.815+0600][37.604s][info][gc,start    ] GC(17) Pause Final Mark (unload classes)
[2026-04-03T02:43:52.815+0600][37.604s][info][gc,task     ] GC(17) Using 6 of 6 workers for final marking
[2026-04-03T02:43:52.816+0600][37.605s][info][gc,ergo     ] GC(17) Adaptive CSet Selection. Target Free: 247M, Actual Free: 1347M, Max CSet: 74666K, Min Garbage: 0B
[2026-04-03T02:43:52.816+0600][37.605s][info][gc,ergo     ] GC(17) Collectable Garbage: 927M (99%), Immediate: 759M (81%), CSet: 167M (17%)
[2026-04-03T02:43:52.816+0600][37.606s][info][gc,ergo     ] GC(17) Pacer for Evacuation. Used CSet: 175M, Free: 1342M, Non-Taxable: 134M, Alloc Tax Rate: 1.1x
[2026-04-03T02:43:52.816+0600][37.606s][info][gc          ] GC(17) Pause Final Mark (unload classes) 1.226ms
[2026-04-03T02:43:52.817+0600][37.606s][info][gc,start    ] GC(17) Concurrent thread roots
[2026-04-03T02:43:52.817+0600][37.606s][info][gc,task     ] GC(17) Using 3 of 6 workers for Concurrent thread roots
[2026-04-03T02:43:52.818+0600][37.607s][info][gc          ] GC(17) Concurrent thread roots 1.262ms
[2026-04-03T02:43:52.818+0600][37.607s][info][gc,start    ] GC(17) Concurrent weak references
[2026-04-03T02:43:52.818+0600][37.607s][info][gc,task     ] GC(17) Using 3 of 6 workers for concurrent weak references
[2026-04-03T02:43:52.819+0600][37.609s][info][gc,ref      ] GC(17) Encountered references: Soft: 3869, Weak: 16866, Final: 84, Phantom: 620
[2026-04-03T02:43:52.819+0600][37.609s][info][gc,ref      ] GC(17) Discovered  references: Soft: 0, Weak: 7864, Final: 0, Phantom: 614
[2026-04-03T02:43:52.819+0600][37.609s][info][gc,ref      ] GC(17) Enqueued    references: Soft: 0, Weak: 2283, Final: 0, Phantom: 0
[2026-04-03T02:43:52.819+0600][37.609s][info][gc          ] GC(17) Concurrent weak references 1.349ms
[2026-04-03T02:43:52.819+0600][37.609s][info][gc,start    ] GC(17) Concurrent weak roots
[2026-04-03T02:43:52.819+0600][37.609s][info][gc,task     ] GC(17) Using 3 of 6 workers for concurrent weak root
[2026-04-03T02:43:52.825+0600][37.615s][info][gc          ] GC(17) Concurrent weak roots 6.023ms
[2026-04-03T02:43:52.825+0600][37.615s][info][gc,start    ] GC(17) Concurrent cleanup
[2026-04-03T02:43:52.826+0600][37.616s][info][gc          ] GC(17) Concurrent cleanup 1074M->314M(1524M) 1.027ms
[2026-04-03T02:43:52.826+0600][37.616s][info][gc,ergo     ] GC(17) Free: 1340M, Max: 512K regular, 264M humongous, Frag: 81% external, 0% internal; Reserve: 88634K, Max: 512K
[2026-04-03T02:43:52.827+0600][37.616s][info][gc,start    ] GC(17) Concurrent class unloading
[2026-04-03T02:43:52.827+0600][37.616s][info][gc,task     ] GC(17) Using 3 of 6 workers for concurrent class unloading
[2026-04-03T02:43:52.845+0600][37.635s][info][gc          ] GC(17) Concurrent class unloading 18.807ms
[2026-04-03T02:43:52.845+0600][37.635s][info][gc,start    ] GC(17) Concurrent strong roots
[2026-04-03T02:43:52.845+0600][37.635s][info][gc,task     ] GC(17) Using 3 of 6 workers for concurrent strong root
[2026-04-03T02:43:52.847+0600][37.637s][info][gc          ] GC(17) Concurrent strong roots 1.785ms
[2026-04-03T02:43:52.847+0600][37.637s][info][gc,start    ] GC(17) Concurrent evacuation
[2026-04-03T02:43:52.847+0600][37.637s][info][gc,task     ] GC(17) Using 3 of 6 workers for concurrent evacuation
[2026-04-03T02:43:52.852+0600][37.642s][info][gc          ] GC(17) Concurrent evacuation 4.897ms
[2026-04-03T02:43:52.852+0600][37.642s][info][gc,start    ] GC(17) Pause Init Update Refs
[2026-04-03T02:43:52.853+0600][37.642s][info][gc,ergo     ] GC(17) Pacer for Update Refs. Used: 329M, Free: 1334M, Non-Taxable: 133M, Alloc Tax Rate: 1.1x
[2026-04-03T02:43:52.853+0600][37.642s][info][gc          ] GC(17) Pause Init Update Refs 0.170ms
[2026-04-03T02:43:52.853+0600][37.642s][info][gc,start    ] GC(17) Concurrent update references
[2026-04-03T02:43:52.853+0600][37.642s][info][gc,task     ] GC(17) Using 3 of 6 workers for concurrent reference update
[2026-04-03T02:43:52.905+0600][37.695s][info][gc          ] GC(17) Concurrent update references 52.671ms
[2026-04-03T02:43:52.906+0600][37.695s][info][gc,start    ] GC(17) Concurrent update thread roots
[2026-04-03T02:43:52.907+0600][37.697s][info][gc          ] GC(17) Concurrent update thread roots 1.651ms
[2026-04-03T02:43:52.908+0600][37.697s][info][gc,start    ] GC(17) Pause Final Update Refs
[2026-04-03T02:43:52.908+0600][37.697s][info][gc,task     ] GC(17) Using 6 of 6 workers for final reference update
[2026-04-03T02:43:52.908+0600][37.698s][info][gc          ] GC(17) Pause Final Update Refs 0.290ms
[2026-04-03T02:43:52.908+0600][37.698s][info][gc,start    ] GC(17) Concurrent cleanup
[2026-04-03T02:43:52.909+0600][37.699s][info][gc          ] GC(17) Concurrent cleanup 601M->434M(1524M) 0.881ms
[2026-04-03T02:43:52.909+0600][37.699s][info][gc,ergo     ] Free: 1187M, Max: 512K regular, 361M humongous, Frag: 70% external, 0% internal; Reserve: 89600K, Max: 512K
[2026-04-03T02:43:52.910+0600][37.699s][info][gc,stats    ] 
[2026-04-03T02:43:52.910+0600][37.699s][info][gc,stats    ] All times are wall-clock times, except per-root-class counters, that are sum over
[2026-04-03T02:43:52.910+0600][37.699s][info][gc,stats    ] all workers. Dividing the <total> over the root stage time estimates parallelism.
[2026-04-03T02:43:52.910+0600][37.699s][info][gc,stats    ] 
[2026-04-03T02:43:52.910+0600][37.699s][info][gc,stats    ] Concurrent Reset                   3539 us
[2026-04-03T02:43:52.910+0600][37.699s][info][gc,stats    ] Pause Init Mark (G)                 472 us
[2026-04-03T02:43:52.910+0600][37.699s][info][gc,stats    ] Pause Init Mark (N)                 174 us
[2026-04-03T02:43:52.910+0600][37.699s][info][gc,stats    ]   Update Region States               43 us
[2026-04-03T02:43:52.910+0600][37.699s][info][gc,stats    ] Concurrent Mark Roots              2011 us, parallelism: 1.79x
[2026-04-03T02:43:52.910+0600][37.699s][info][gc,stats    ]   CMR: <total>                     3591 us
[2026-04-03T02:43:52.910+0600][37.699s][info][gc,stats    ]   CMR: Thread Roots                3129 us, workers (us): 1168, 776, 1185, ---, ---, ---, 
[2026-04-03T02:43:52.910+0600][37.699s][info][gc,stats    ]   CMR: VM Strong Roots               59 us, workers (us):  44,   7,   7, ---, ---, ---, 
[2026-04-03T02:43:52.910+0600][37.699s][info][gc,stats    ]   CMR: CLDG Roots                   404 us, workers (us): ---, 404, ---, ---, ---, ---, 
[2026-04-03T02:43:52.910+0600][37.699s][info][gc,stats    ] Concurrent Marking                65417 us
[2026-04-03T02:43:52.910+0600][37.699s][info][gc,stats    ] Pause Final Mark (G)               1628 us
[2026-04-03T02:43:52.910+0600][37.699s][info][gc,stats    ] Pause Final Mark (N)               1244 us
[2026-04-03T02:43:52.910+0600][37.699s][info][gc,stats    ]   Finish Mark                       300 us
[2026-04-03T02:43:52.910+0600][37.699s][info][gc,stats    ]   Update Region States               81 us
[2026-04-03T02:43:52.910+0600][37.699s][info][gc,stats    ]   Choose Collection Set             558 us
[2026-04-03T02:43:52.910+0600][37.699s][info][gc,stats    ]   Rebuild Free Set                   89 us
[2026-04-03T02:43:52.910+0600][37.699s][info][gc,stats    ] Concurrent Thread Roots            1342 us, parallelism: 2.14x
[2026-04-03T02:43:52.910+0600][37.699s][info][gc,stats    ]   CTR: <total>                     2876 us
[2026-04-03T02:43:52.910+0600][37.699s][info][gc,stats    ]   CTR: Thread Roots                2876 us, workers (us): 994, 947, 934, ---, ---, ---, 
[2026-04-03T02:43:52.910+0600][37.699s][info][gc,stats    ] Concurrent Weak References         1365 us, parallelism: 1.04x
[2026-04-03T02:43:52.910+0600][37.699s][info][gc,stats    ]   CWRF: <total>                    1416 us
[2026-04-03T02:43:52.910+0600][37.699s][info][gc,stats    ]   CWRF: Weak References            1416 us, workers (us): 1003, 411,   2, ---, ---, ---, 
[2026-04-03T02:43:52.910+0600][37.699s][info][gc,stats    ] Concurrent Weak Roots              6111 us
[2026-04-03T02:43:52.910+0600][37.699s][info][gc,stats    ]   Roots                            5483 us, parallelism: 2.74x
[2026-04-03T02:43:52.910+0600][37.699s][info][gc,stats    ]     CWR: <total>                  15005 us
[2026-04-03T02:43:52.910+0600][37.699s][info][gc,stats    ]     CWR: Code Cache Roots         11470 us, workers (us): 3764, 3781, 3925, ---, ---, ---, 
[2026-04-03T02:43:52.910+0600][37.699s][info][gc,stats    ]     CWR: VM Weak Roots             3375 us, workers (us): 1165, 1100, 1110, ---, ---, ---, 
[2026-04-03T02:43:52.910+0600][37.699s][info][gc,stats    ]     CWR: CLDG Roots                 160 us, workers (us): 160, ---, ---, ---, ---, ---, 
[2026-04-03T02:43:52.910+0600][37.699s][info][gc,stats    ]   Rendezvous                        499 us
[2026-04-03T02:43:52.910+0600][37.699s][info][gc,stats    ] Concurrent Cleanup                 1059 us
[2026-04-03T02:43:52.910+0600][37.699s][info][gc,stats    ] Concurrent Class Unloading        18898 us
[2026-04-03T02:43:52.910+0600][37.699s][info][gc,stats    ]   Unlink Stale                    15257 us
[2026-04-03T02:43:52.910+0600][37.699s][info][gc,stats    ]     System Dictionary               394 us
[2026-04-03T02:43:52.910+0600][37.699s][info][gc,stats    ]     Weak Class Links                  0 us
[2026-04-03T02:43:52.910+0600][37.699s][info][gc,stats    ]     Code Roots                    14857 us
[2026-04-03T02:43:52.910+0600][37.699s][info][gc,stats    ]   Rendezvous                        389 us
[2026-04-03T02:43:52.910+0600][37.699s][info][gc,stats    ]   Purge Unlinked                   3120 us
[2026-04-03T02:43:52.910+0600][37.699s][info][gc,stats    ]     Code Roots                     3096 us
[2026-04-03T02:43:52.910+0600][37.699s][info][gc,stats    ]     CLDG                             22 us
[2026-04-03T02:43:52.910+0600][37.699s][info][gc,stats    ]     Exception Caches                  0 us
[2026-04-03T02:43:52.910+0600][37.699s][info][gc,stats    ] Concurrent Strong Roots            1878 us, parallelism: 0.72x
[2026-04-03T02:43:52.910+0600][37.699s][info][gc,stats    ]   CSR: <total>                     1345 us
[2026-04-03T02:43:52.910+0600][37.699s][info][gc,stats    ]   CSR: VM Strong Roots               70 us, workers (us):  30,  20,  19, ---, ---, ---, 
[2026-04-03T02:43:52.910+0600][37.699s][info][gc,stats    ]   CSR: CLDG Roots                  1275 us, workers (us): 1275, ---, ---, ---, ---, ---, 
[2026-04-03T02:43:52.910+0600][37.699s][info][gc,stats    ] Concurrent Evacuation              5007 us
[2026-04-03T02:43:52.910+0600][37.699s][info][gc,stats    ] Pause Init Update Refs (G)          501 us
[2026-04-03T02:43:52.910+0600][37.699s][info][gc,stats    ] Pause Init Update Refs (N)          184 us
[2026-04-03T02:43:52.910+0600][37.699s][info][gc,stats    ]   Manage GCLABs                      57 us
[2026-04-03T02:43:52.910+0600][37.699s][info][gc,stats    ] Concurrent Update Refs            52783 us
[2026-04-03T02:43:52.910+0600][37.700s][info][gc,stats    ] Concurrent Update Thread Roots     1738 us
[2026-04-03T02:43:52.910+0600][37.700s][info][gc,stats    ] Pause Final Update Refs (G)        1114 us
[2026-04-03T02:43:52.910+0600][37.700s][info][gc,stats    ] Pause Final Update Refs (N)         320 us
[2026-04-03T02:43:52.910+0600][37.700s][info][gc,stats    ]   Update Region States               81 us
[2026-04-03T02:43:52.910+0600][37.700s][info][gc,stats    ]   Trash Collection Set               27 us
[2026-04-03T02:43:52.910+0600][37.700s][info][gc,stats    ]   Rebuild Free Set                   75 us
[2026-04-03T02:43:52.910+0600][37.700s][info][gc,stats    ] Concurrent Cleanup                  949 us
[2026-04-03T02:43:52.910+0600][37.700s][info][gc,stats    ] 
[2026-04-03T02:43:52.910+0600][37.700s][info][gc,stats    ] Allocation pacing accrued:
[2026-04-03T02:43:52.910+0600][37.700s][info][gc,stats    ]       0 of   874 ms (  0.0%): <total>
[2026-04-03T02:43:52.910+0600][37.700s][info][gc,stats    ]       0 of   874 ms (  0.0%): <average total>
[2026-04-03T02:43:52.910+0600][37.700s][info][gc,stats    ] 
[2026-04-03T02:43:52.910+0600][37.700s][info][gc,metaspace] Metaspace: 130339K(131520K)->130364K(131584K) NonClass: 113889K(114496K)->113915K(114560K) Class: 16449K(17024K)->16449K(17024K)
[2026-04-03T02:43:52.910+0600][37.700s][info][gc,ergo     ] Pacer for Idle. Initial: 35840K, Alloc Tax Rate: 1.0x
[2026-04-03T02:43:53.825+0600][38.615s][info][gc          ] Trigger: Average GC time (205.79 ms) is above the time for average allocation rate (1156 MB/s) to deplete free headroom (237M) (margin of error = 1.87)
[2026-04-03T02:43:53.826+0600][38.615s][info][gc,ergo     ] Free headroom: 325M (free) - 89600K (spike) - 0B (penalties) = 237M
[2026-04-03T02:43:53.826+0600][38.615s][info][gc,ergo     ] Free: 325M, Max: 512K regular, 263M humongous, Frag: 19% external, 0% internal; Reserve: 89600K, Max: 512K
[2026-04-03T02:43:53.826+0600][38.615s][info][gc,start    ] GC(18) Concurrent reset
[2026-04-03T02:43:53.826+0600][38.615s][info][gc,task     ] GC(18) Using 3 of 6 workers for concurrent reset
[2026-04-03T02:43:53.826+0600][38.615s][info][gc,ergo     ] GC(18) Pacer for Reset. Non-Taxable: 1750M
[2026-04-03T02:43:53.828+0600][38.617s][info][gc          ] GC(18) Concurrent reset 2.004ms
[2026-04-03T02:43:53.828+0600][38.617s][info][gc,start    ] GC(18) Pause Init Mark (unload classes)
[2026-04-03T02:43:53.828+0600][38.617s][info][gc,task     ] GC(18) Using 6 of 6 workers for init marking
[2026-04-03T02:43:53.828+0600][38.618s][info][gc,ergo     ] GC(18) Pacer for Mark. Expected Live: 89781K, Free: 323M, Non-Taxable: 33127K, Alloc Tax Rate: 0.3x
[2026-04-03T02:43:53.828+0600][38.618s][info][gc          ] GC(18) Pause Init Mark (unload classes) 0.143ms
[2026-04-03T02:43:53.828+0600][38.618s][info][gc,start    ] GC(18) Concurrent marking roots
[2026-04-03T02:43:53.828+0600][38.618s][info][gc,task     ] GC(18) Using 3 of 6 workers for concurrent marking roots
[2026-04-03T02:43:53.831+0600][38.621s][info][gc          ] GC(18) Concurrent marking roots 3.045ms
[2026-04-03T02:43:53.831+0600][38.621s][info][gc,start    ] GC(18) Concurrent marking (unload classes)
[2026-04-03T02:43:53.831+0600][38.621s][info][gc,task     ] GC(18) Using 3 of 6 workers for concurrent marking
[2026-04-03T02:43:53.908+0600][38.697s][info][gc          ] GC(18) Concurrent marking (unload classes) 76.070ms
[2026-04-03T02:43:53.908+0600][38.697s][info][gc,start    ] GC(18) Pause Final Mark (unload classes)
[2026-04-03T02:43:53.908+0600][38.697s][info][gc,task     ] GC(18) Using 6 of 6 workers for final marking
[2026-04-03T02:43:53.908+0600][38.698s][info][gc,ergo     ] GC(18) Adaptive CSet Selection. Target Free: 247M, Actual Free: 1219M, Max CSet: 74666K, Min Garbage: 0B
[2026-04-03T02:43:53.908+0600][38.698s][info][gc,ergo     ] GC(18) Collectable Garbage: 1126M (99%), Immediate: 859M (75%), CSet: 266M (23%)
[2026-04-03T02:43:53.908+0600][38.698s][info][gc,ergo     ] GC(18) Pacer for Evacuation. Used CSet: 278M, Free: 1248M, Non-Taxable: 124M, Alloc Tax Rate: 1.1x
[2026-04-03T02:43:53.908+0600][38.698s][info][gc          ] GC(18) Pause Final Mark (unload classes) 0.873ms
[2026-04-03T02:43:53.909+0600][38.698s][info][gc,start    ] GC(18) Concurrent thread roots
[2026-04-03T02:43:53.909+0600][38.698s][info][gc,task     ] GC(18) Using 3 of 6 workers for Concurrent thread roots
[2026-04-03T02:43:53.910+0600][38.699s][info][gc          ] GC(18) Concurrent thread roots 1.156ms
[2026-04-03T02:43:53.910+0600][38.699s][info][gc,start    ] GC(18) Concurrent weak references
[2026-04-03T02:43:53.910+0600][38.699s][info][gc,task     ] GC(18) Using 3 of 6 workers for concurrent weak references
[2026-04-03T02:43:53.911+0600][38.700s][info][gc,ref      ] GC(18) Encountered references: Soft: 3875, Weak: 16028, Final: 84, Phantom: 620
[2026-04-03T02:43:53.911+0600][38.700s][info][gc,ref      ] GC(18) Discovered  references: Soft: 0, Weak: 9371, Final: 64, Phantom: 576
[2026-04-03T02:43:53.911+0600][38.700s][info][gc,ref      ] GC(18) Enqueued    references: Soft: 0, Weak: 629, Final: 0, Phantom: 0
[2026-04-03T02:43:53.911+0600][38.700s][info][gc          ] GC(18) Concurrent weak references 0.980ms
[2026-04-03T02:43:53.911+0600][38.700s][info][gc,start    ] GC(18) Concurrent weak roots
[2026-04-03T02:43:53.911+0600][38.700s][info][gc,task     ] GC(18) Using 3 of 6 workers for concurrent weak root
[2026-04-03T02:43:53.917+0600][38.706s][info][gc          ] GC(18) Concurrent weak roots 6.247ms
[2026-04-03T02:43:53.917+0600][38.707s][info][gc,start    ] GC(18) Concurrent cleanup
[2026-04-03T02:43:53.918+0600][38.708s][info][gc          ] GC(18) Concurrent cleanup 1283M->424M(1524M) 1.114ms
[2026-04-03T02:43:53.919+0600][38.708s][info][gc,ergo     ] GC(18) Free: 1228M, Max: 512K regular, 253M humongous, Frag: 80% external, 0% internal; Reserve: 88573K, Max: 512K
[2026-04-03T02:43:53.919+0600][38.708s][info][gc,start    ] GC(18) Concurrent class unloading
[2026-04-03T02:43:53.919+0600][38.708s][info][gc,task     ] GC(18) Using 3 of 6 workers for concurrent class unloading
[2026-04-03T02:43:53.940+0600][38.729s][info][gc          ] GC(18) Concurrent class unloading 20.955ms
[2026-04-03T02:43:53.940+0600][38.729s][info][gc,start    ] GC(18) Concurrent strong roots
[2026-04-03T02:43:53.940+0600][38.729s][info][gc,task     ] GC(18) Using 3 of 6 workers for concurrent strong root
[2026-04-03T02:43:53.942+0600][38.731s][info][gc          ] GC(18) Concurrent strong roots 2.322ms
[2026-04-03T02:43:53.942+0600][38.731s][info][gc,start    ] GC(18) Concurrent evacuation
[2026-04-03T02:43:53.942+0600][38.732s][info][gc,task     ] GC(18) Using 3 of 6 workers for concurrent evacuation
[2026-04-03T02:43:53.952+0600][38.742s][info][gc          ] GC(18) Concurrent evacuation 10.075ms
[2026-04-03T02:43:53.953+0600][38.742s][info][gc,start    ] GC(18) Pause Init Update Refs
[2026-04-03T02:43:53.953+0600][38.742s][info][gc,ergo     ] GC(18) Pacer for Update Refs. Used: 450M, Free: 1215M, Non-Taxable: 121M, Alloc Tax Rate: 1.1x
[2026-04-03T02:43:53.953+0600][38.742s][info][gc          ] GC(18) Pause Init Update Refs 0.259ms
[2026-04-03T02:43:53.953+0600][38.742s][info][gc,start    ] GC(18) Concurrent update references
[2026-04-03T02:43:53.953+0600][38.742s][info][gc,task     ] GC(18) Using 3 of 6 workers for concurrent reference update
[2026-04-03T02:43:54.007+0600][38.796s][info][gc          ] GC(18) Concurrent update references 54.036ms
[2026-04-03T02:43:54.007+0600][38.796s][info][gc,start    ] GC(18) Concurrent update thread roots
[2026-04-03T02:43:54.009+0600][38.798s][info][gc          ] GC(18) Concurrent update thread roots 1.933ms
[2026-04-03T02:43:54.009+0600][38.799s][info][gc,start    ] GC(18) Pause Final Update Refs
[2026-04-03T02:43:54.009+0600][38.799s][info][gc,task     ] GC(18) Using 6 of 6 workers for final reference update
[2026-04-03T02:43:54.010+0600][38.799s][info][gc          ] GC(18) Pause Final Update Refs 0.240ms
[2026-04-03T02:43:54.010+0600][38.799s][info][gc,start    ] GC(18) Concurrent cleanup
[2026-04-03T02:43:54.010+0600][38.800s][info][gc          ] GC(18) Concurrent cleanup 489M->211M(1524M) 0.816ms
[2026-04-03T02:43:54.011+0600][38.800s][info][gc,ergo     ] Free: 1434M, Max: 512K regular, 976M humongous, Frag: 32% external, 0% internal; Reserve: 89600K, Max: 512K
[2026-04-03T02:43:54.011+0600][38.800s][info][gc,stats    ] 
[2026-04-03T02:43:54.011+0600][38.800s][info][gc,stats    ] All times are wall-clock times, except per-root-class counters, that are sum over
[2026-04-03T02:43:54.011+0600][38.800s][info][gc,stats    ] all workers. Dividing the <total> over the root stage time estimates parallelism.
[2026-04-03T02:43:54.011+0600][38.800s][info][gc,stats    ] 
[2026-04-03T02:43:54.011+0600][38.800s][info][gc,stats    ] Concurrent Reset                   2099 us
[2026-04-03T02:43:54.011+0600][38.800s][info][gc,stats    ] Pause Init Mark (G)                 523 us
[2026-04-03T02:43:54.011+0600][38.800s][info][gc,stats    ] Pause Init Mark (N)                 153 us
[2026-04-03T02:43:54.011+0600][38.800s][info][gc,stats    ]   Update Region States               45 us
[2026-04-03T02:43:54.011+0600][38.800s][info][gc,stats    ] Concurrent Mark Roots              3130 us, parallelism: 1.58x
[2026-04-03T02:43:54.011+0600][38.800s][info][gc,stats    ]   CMR: <total>                     4949 us
[2026-04-03T02:43:54.011+0600][38.800s][info][gc,stats    ]   CMR: Thread Roots                4317 us, workers (us): 1655, 1439, 1224, ---, ---, ---, 
[2026-04-03T02:43:54.011+0600][38.800s][info][gc,stats    ]   CMR: VM Strong Roots               65 us, workers (us):  63,   1,   1, ---, ---, ---, 
[2026-04-03T02:43:54.011+0600][38.800s][info][gc,stats    ]   CMR: CLDG Roots                   566 us, workers (us): 566, ---, ---, ---, ---, ---, 
[2026-04-03T02:43:54.011+0600][38.800s][info][gc,stats    ] Concurrent Marking                76132 us
[2026-04-03T02:43:54.011+0600][38.800s][info][gc,stats    ] Pause Final Mark (G)               1060 us
[2026-04-03T02:43:54.011+0600][38.800s][info][gc,stats    ] Pause Final Mark (N)                888 us
[2026-04-03T02:43:54.011+0600][38.800s][info][gc,stats    ]   Finish Mark                       319 us
[2026-04-03T02:43:54.011+0600][38.800s][info][gc,stats    ]   Update Region States               58 us
[2026-04-03T02:43:54.011+0600][38.800s][info][gc,stats    ]   Choose Collection Set             289 us
[2026-04-03T02:43:54.011+0600][38.800s][info][gc,stats    ]   Rebuild Free Set                   46 us
[2026-04-03T02:43:54.011+0600][38.800s][info][gc,stats    ] Concurrent Thread Roots            1229 us, parallelism: 2.42x
[2026-04-03T02:43:54.011+0600][38.800s][info][gc,stats    ]   CTR: <total>                     2980 us
[2026-04-03T02:43:54.011+0600][38.800s][info][gc,stats    ]   CTR: Thread Roots                2980 us, workers (us): 1017, 953, 1010, ---, ---, ---, 
[2026-04-03T02:43:54.011+0600][38.800s][info][gc,stats    ] Concurrent Weak References         1002 us, parallelism: 1.29x
[2026-04-03T02:43:54.011+0600][38.800s][info][gc,stats    ]   CWRF: <total>                    1288 us
[2026-04-03T02:43:54.011+0600][38.800s][info][gc,stats    ]   CWRF: Weak References            1288 us, workers (us): 731,  21, 537, ---, ---, ---, 
[2026-04-03T02:43:54.011+0600][38.800s][info][gc,stats    ] Concurrent Weak Roots              6369 us
[2026-04-03T02:43:54.011+0600][38.800s][info][gc,stats    ]   Roots                            5943 us, parallelism: 2.72x
[2026-04-03T02:43:54.011+0600][38.800s][info][gc,stats    ]     CWR: <total>                  16142 us
[2026-04-03T02:43:54.011+0600][38.800s][info][gc,stats    ]     CWR: Code Cache Roots         12599 us, workers (us): 4078, 4374, 4148, ---, ---, ---, 
[2026-04-03T02:43:54.011+0600][38.800s][info][gc,stats    ]     CWR: VM Weak Roots             3379 us, workers (us): 1221, 1205, 953, ---, ---, ---, 
[2026-04-03T02:43:54.011+0600][38.800s][info][gc,stats    ]     CWR: CLDG Roots                 164 us, workers (us): 164, ---, ---, ---, ---, ---, 
[2026-04-03T02:43:54.011+0600][38.800s][info][gc,stats    ]   Rendezvous                        264 us
[2026-04-03T02:43:54.011+0600][38.800s][info][gc,stats    ] Concurrent Cleanup                 1228 us
[2026-04-03T02:43:54.011+0600][38.801s][info][gc,stats    ] Concurrent Class Unloading        21093 us
[2026-04-03T02:43:54.011+0600][38.801s][info][gc,stats    ]   Unlink Stale                    15320 us
[2026-04-03T02:43:54.011+0600][38.801s][info][gc,stats    ]     System Dictionary               396 us
[2026-04-03T02:43:54.011+0600][38.801s][info][gc,stats    ]     Weak Class Links                  1 us
[2026-04-03T02:43:54.011+0600][38.801s][info][gc,stats    ]     Code Roots                    14919 us
[2026-04-03T02:43:54.011+0600][38.801s][info][gc,stats    ]   Rendezvous                        382 us
[2026-04-03T02:43:54.011+0600][38.801s][info][gc,stats    ]   Purge Unlinked                   5202 us
[2026-04-03T02:43:54.011+0600][38.801s][info][gc,stats    ]     Code Roots                     5160 us
[2026-04-03T02:43:54.011+0600][38.801s][info][gc,stats    ]     CLDG                             40 us
[2026-04-03T02:43:54.011+0600][38.801s][info][gc,stats    ]     Exception Caches                  0 us
[2026-04-03T02:43:54.011+0600][38.801s][info][gc,stats    ] Concurrent Strong Roots            2440 us, parallelism: 0.72x
[2026-04-03T02:43:54.011+0600][38.801s][info][gc,stats    ]   CSR: <total>                     1764 us
[2026-04-03T02:43:54.011+0600][38.801s][info][gc,stats    ]   CSR: VM Strong Roots               65 us, workers (us):  44,  21,   0, ---, ---, ---, 
[2026-04-03T02:43:54.011+0600][38.801s][info][gc,stats    ]   CSR: CLDG Roots                  1698 us, workers (us): ---, 1698, ---, ---, ---, ---, 
[2026-04-03T02:43:54.011+0600][38.801s][info][gc,stats    ] Concurrent Evacuation             10181 us
[2026-04-03T02:43:54.011+0600][38.801s][info][gc,stats    ] Pause Init Update Refs (G)          639 us
[2026-04-03T02:43:54.011+0600][38.801s][info][gc,stats    ] Pause Init Update Refs (N)          273 us
[2026-04-03T02:43:54.011+0600][38.801s][info][gc,stats    ]   Manage GCLABs                     109 us
[2026-04-03T02:43:54.011+0600][38.801s][info][gc,stats    ] Concurrent Update Refs            54144 us
[2026-04-03T02:43:54.011+0600][38.801s][info][gc,stats    ] Concurrent Update Thread Roots     2008 us
[2026-04-03T02:43:54.011+0600][38.801s][info][gc,stats    ] Pause Final Update Refs (G)         494 us
[2026-04-03T02:43:54.011+0600][38.801s][info][gc,stats    ] Pause Final Update Refs (N)         260 us
[2026-04-03T02:43:54.011+0600][38.801s][info][gc,stats    ]   Update Region States               71 us
[2026-04-03T02:43:54.011+0600][38.801s][info][gc,stats    ]   Trash Collection Set               27 us
[2026-04-03T02:43:54.011+0600][38.801s][info][gc,stats    ]   Rebuild Free Set                   60 us
[2026-04-03T02:43:54.011+0600][38.801s][info][gc,stats    ] Concurrent Cleanup                  854 us
[2026-04-03T02:43:54.011+0600][38.801s][info][gc,stats    ] Pacing                           183493 us
[2026-04-03T02:43:54.011+0600][38.801s][info][gc,stats    ] 
[2026-04-03T02:43:54.011+0600][38.801s][info][gc,stats    ] Allocation pacing accrued:
[2026-04-03T02:43:54.012+0600][38.801s][info][gc,stats    ]      11 of  1101 ms (  1.0%): executor-kill-mark-cleanup
[2026-04-03T02:43:54.012+0600][38.801s][info][gc,stats    ]      21 of  1101 ms (  1.9%): Executor task launch worker for task 2.0 in stage 707.0 (TID 1513)
[2026-04-03T02:43:54.012+0600][38.801s][info][gc,stats    ]      21 of  1101 ms (  1.9%): Executor task launch worker for task 4.0 in stage 707.0 (TID 1515)
[2026-04-03T02:43:54.012+0600][38.801s][info][gc,stats    ]      21 of  1101 ms (  1.9%): Executor task launch worker for task 1.0 in stage 707.0 (TID 1512)
[2026-04-03T02:43:54.012+0600][38.801s][info][gc,stats    ]      22 of  1101 ms (  2.0%): Executor task launch worker for task 7.0 in stage 707.0 (TID 1518)
[2026-04-03T02:43:54.012+0600][38.801s][info][gc,stats    ]      21 of  1101 ms (  1.9%): Executor task launch worker for task 5.0 in stage 707.0 (TID 1516)
[2026-04-03T02:43:54.012+0600][38.801s][info][gc,stats    ]      22 of  1101 ms (  2.0%): Executor task launch worker for task 0.0 in stage 707.0 (TID 1511)
[2026-04-03T02:43:54.012+0600][38.801s][info][gc,stats    ]      22 of  1101 ms (  2.0%): Executor task launch worker for task 6.0 in stage 707.0 (TID 1517)
[2026-04-03T02:43:54.012+0600][38.801s][info][gc,stats    ]      21 of  1101 ms (  1.9%): Executor task launch worker for task 3.0 in stage 707.0 (TID 1514)
[2026-04-03T02:43:54.012+0600][38.801s][info][gc,stats    ]     183 of  1101 ms ( 16.7%): <total>
[2026-04-03T02:43:54.012+0600][38.801s][info][gc,stats    ]       1 of  1101 ms (  0.1%): <average total>
[2026-04-03T02:43:54.012+0600][38.801s][info][gc,stats    ]      20 of  1101 ms (  1.9%): <average non-zero>
[2026-04-03T02:43:54.012+0600][38.801s][info][gc,stats    ] 
[2026-04-03T02:43:54.012+0600][38.801s][info][gc,metaspace] Metaspace: 130428K(131648K)->130431K(131648K) NonClass: 113977K(114624K)->113980K(114624K) Class: 16450K(17024K)->16451K(17024K)
[2026-04-03T02:43:54.012+0600][38.801s][info][gc,ergo     ] Pacer for Idle. Initial: 35840K, Alloc Tax Rate: 1.0x
[2026-04-03T02:43:55.220+0600][40.009s][info][gc          ] Trigger: Average GC time (203.13 ms) is above the time for average allocation rate (1121 MB/s) to deplete free headroom (224M) (margin of error = 1.87)
[2026-04-03T02:43:55.220+0600][40.009s][info][gc,ergo     ] Free headroom: 311M (free) - 89600K (spike) - 0B (penalties) = 224M
[2026-04-03T02:43:55.220+0600][40.010s][info][gc,ergo     ] Free: 311M, Max: 512K regular, 253M humongous, Frag: 19% external, 0% internal; Reserve: 89600K, Max: 512K
[2026-04-03T02:43:55.220+0600][40.010s][info][gc,start    ] GC(19) Concurrent reset
[2026-04-03T02:43:55.220+0600][40.010s][info][gc,task     ] GC(19) Using 3 of 6 workers for concurrent reset
[2026-04-03T02:43:55.220+0600][40.010s][info][gc,ergo     ] GC(19) Pacer for Reset. Non-Taxable: 1750M
[2026-04-03T02:43:55.223+0600][40.012s][info][gc          ] GC(19) Concurrent reset 2.578ms
[2026-04-03T02:43:55.223+0600][40.012s][info][gc,start    ] GC(19) Pause Init Mark (unload classes)
[2026-04-03T02:43:55.223+0600][40.012s][info][gc,task     ] GC(19) Using 6 of 6 workers for init marking
[2026-04-03T02:43:55.223+0600][40.013s][info][gc,ergo     ] GC(19) Pacer for Mark. Expected Live: 90404K, Free: 309M, Non-Taxable: 31711K, Alloc Tax Rate: 0.3x
[2026-04-03T02:43:55.223+0600][40.013s][info][gc          ] GC(19) Pause Init Mark (unload classes) 0.141ms
[2026-04-03T02:43:55.223+0600][40.013s][info][gc,start    ] GC(19) Concurrent marking roots
[2026-04-03T02:43:55.223+0600][40.013s][info][gc,task     ] GC(19) Using 3 of 6 workers for concurrent marking roots
[2026-04-03T02:43:55.225+0600][40.014s][info][gc          ] GC(19) Concurrent marking roots 1.533ms
[2026-04-03T02:43:55.225+0600][40.014s][info][gc,start    ] GC(19) Concurrent marking (unload classes)
[2026-04-03T02:43:55.225+0600][40.014s][info][gc,task     ] GC(19) Using 3 of 6 workers for concurrent marking
[2026-04-03T02:43:55.292+0600][40.081s][info][gc          ] GC(19) Concurrent marking (unload classes) 67.137ms
[2026-04-03T02:43:55.292+0600][40.082s][info][gc,start    ] GC(19) Pause Final Mark (unload classes)
[2026-04-03T02:43:55.292+0600][40.082s][info][gc,task     ] GC(19) Using 6 of 6 workers for final marking
[2026-04-03T02:43:55.293+0600][40.082s][info][gc,ergo     ] GC(19) Adaptive CSet Selection. Target Free: 247M, Actual Free: 1254M, Max CSet: 74666K, Min Garbage: 0B
[2026-04-03T02:43:55.293+0600][40.083s][info][gc,ergo     ] GC(19) Collectable Garbage: 1137M (99%), Immediate: 900M (78%), CSet: 236M (20%)
[2026-04-03T02:43:55.293+0600][40.083s][info][gc,ergo     ] GC(19) Pacer for Evacuation. Used CSet: 242M, Free: 1286M, Non-Taxable: 128M, Alloc Tax Rate: 1.1x
[2026-04-03T02:43:55.293+0600][40.083s][info][gc          ] GC(19) Pause Final Mark (unload classes) 1.034ms
[2026-04-03T02:43:55.293+0600][40.083s][info][gc,start    ] GC(19) Concurrent thread roots
[2026-04-03T02:43:55.294+0600][40.083s][info][gc,task     ] GC(19) Using 3 of 6 workers for Concurrent thread roots
[2026-04-03T02:43:55.295+0600][40.084s][info][gc          ] GC(19) Concurrent thread roots 1.170ms
[2026-04-03T02:43:55.295+0600][40.084s][info][gc,start    ] GC(19) Concurrent weak references
[2026-04-03T02:43:55.295+0600][40.084s][info][gc,task     ] GC(19) Using 3 of 6 workers for concurrent weak references
[2026-04-03T02:43:55.295+0600][40.085s][info][gc,ref      ] GC(19) Encountered references: Soft: 3867, Weak: 17254, Final: 84, Phantom: 620
[2026-04-03T02:43:55.296+0600][40.085s][info][gc,ref      ] GC(19) Discovered  references: Soft: 0, Weak: 10062, Final: 53, Phantom: 616
[2026-04-03T02:43:55.296+0600][40.085s][info][gc,ref      ] GC(19) Enqueued    references: Soft: 0, Weak: 1637, Final: 0, Phantom: 0
[2026-04-03T02:43:55.296+0600][40.085s][info][gc          ] GC(19) Concurrent weak references 0.840ms
[2026-04-03T02:43:55.296+0600][40.085s][info][gc,start    ] GC(19) Concurrent weak roots
[2026-04-03T02:43:55.296+0600][40.085s][info][gc,task     ] GC(19) Using 3 of 6 workers for concurrent weak root
[2026-04-03T02:43:55.301+0600][40.090s][info][gc          ] GC(19) Concurrent weak roots 5.277ms
[2026-04-03T02:43:55.301+0600][40.090s][info][gc,start    ] GC(19) Concurrent cleanup
[2026-04-03T02:43:55.302+0600][40.091s][info][gc          ] GC(19) Concurrent cleanup 1274M->374M(1524M) 0.952ms
[2026-04-03T02:43:55.302+0600][40.091s][info][gc,ergo     ] GC(19) Free: 1281M, Max: 512K regular, 253M humongous, Frag: 81% external, 0% internal; Reserve: 89287K, Max: 512K
[2026-04-03T02:43:55.302+0600][40.091s][info][gc,start    ] GC(19) Concurrent class unloading
[2026-04-03T02:43:55.302+0600][40.091s][info][gc,task     ] GC(19) Using 3 of 6 workers for concurrent class unloading
[2026-04-03T02:43:55.331+0600][40.121s][info][gc          ] GC(19) Concurrent class unloading 29.217ms
[2026-04-03T02:43:55.331+0600][40.121s][info][gc,start    ] GC(19) Concurrent strong roots
[2026-04-03T02:43:55.331+0600][40.121s][info][gc,task     ] GC(19) Using 3 of 6 workers for concurrent strong root
[2026-04-03T02:43:55.333+0600][40.122s][info][gc          ] GC(19) Concurrent strong roots 1.674ms
[2026-04-03T02:43:55.333+0600][40.123s][info][gc,start    ] GC(19) Concurrent evacuation
[2026-04-03T02:43:55.333+0600][40.123s][info][gc,task     ] GC(19) Using 3 of 6 workers for concurrent evacuation
[2026-04-03T02:43:55.340+0600][40.129s][info][gc          ] GC(19) Concurrent evacuation 6.616ms
[2026-04-03T02:43:55.340+0600][40.130s][info][gc,start    ] GC(19) Pause Init Update Refs
[2026-04-03T02:43:55.341+0600][40.130s][info][gc,ergo     ] GC(19) Pacer for Update Refs. Used: 404M, Free: 1257M, Non-Taxable: 125M, Alloc Tax Rate: 1.1x
[2026-04-03T02:43:55.341+0600][40.130s][info][gc          ] GC(19) Pause Init Update Refs 0.089ms
[2026-04-03T02:43:55.341+0600][40.130s][info][gc,start    ] GC(19) Concurrent update references
[2026-04-03T02:43:55.341+0600][40.130s][info][gc,task     ] GC(19) Using 3 of 6 workers for concurrent reference update
[2026-04-03T02:43:55.394+0600][40.184s][info][gc          ] GC(19) Concurrent update references 53.622ms
[2026-04-03T02:43:55.394+0600][40.184s][info][gc,start    ] GC(19) Concurrent update thread roots
[2026-04-03T02:43:55.396+0600][40.186s][info][gc          ] GC(19) Concurrent update thread roots 1.959ms
[2026-04-03T02:43:55.397+0600][40.186s][info][gc,start    ] GC(19) Pause Final Update Refs
[2026-04-03T02:43:55.397+0600][40.186s][info][gc,task     ] GC(19) Using 6 of 6 workers for final reference update
[2026-04-03T02:43:55.397+0600][40.186s][info][gc          ] GC(19) Pause Final Update Refs 0.272ms
[2026-04-03T02:43:55.397+0600][40.186s][info][gc,start    ] GC(19) Concurrent cleanup
[2026-04-03T02:43:55.398+0600][40.187s][info][gc          ] GC(19) Concurrent cleanup 439M->196M(1524M) 0.873ms
[2026-04-03T02:43:55.398+0600][40.187s][info][gc,ergo     ] Free: 1454M, Max: 512K regular, 921M humongous, Frag: 37% external, 0% internal; Reserve: 89600K, Max: 512K
[2026-04-03T02:43:55.398+0600][40.187s][info][gc,stats    ] 
[2026-04-03T02:43:55.398+0600][40.187s][info][gc,stats    ] All times are wall-clock times, except per-root-class counters, that are sum over
[2026-04-03T02:43:55.398+0600][40.187s][info][gc,stats    ] all workers. Dividing the <total> over the root stage time estimates parallelism.
[2026-04-03T02:43:55.398+0600][40.188s][info][gc,stats    ] 
[2026-04-03T02:43:55.398+0600][40.188s][info][gc,stats    ] Concurrent Reset                   2659 us
[2026-04-03T02:43:55.398+0600][40.188s][info][gc,stats    ] Pause Init Mark (G)                 453 us
[2026-04-03T02:43:55.398+0600][40.188s][info][gc,stats    ] Pause Init Mark (N)                 171 us
[2026-04-03T02:43:55.398+0600][40.188s][info][gc,stats    ]   Update Region States               40 us
[2026-04-03T02:43:55.398+0600][40.188s][info][gc,stats    ] Concurrent Mark Roots              1590 us, parallelism: 1.83x
[2026-04-03T02:43:55.398+0600][40.188s][info][gc,stats    ]   CMR: <total>                     2904 us
[2026-04-03T02:43:55.398+0600][40.188s][info][gc,stats    ]   CMR: Thread Roots                2508 us, workers (us): 623, 935, 950, ---, ---, ---, 
[2026-04-03T02:43:55.398+0600][40.188s][info][gc,stats    ]   CMR: VM Strong Roots               58 us, workers (us):  40,  11,   7, ---, ---, ---, 
[2026-04-03T02:43:55.398+0600][40.188s][info][gc,stats    ]   CMR: CLDG Roots                   338 us, workers (us): 338, ---, ---, ---, ---, ---, 
[2026-04-03T02:43:55.398+0600][40.188s][info][gc,stats    ] Concurrent Marking                67217 us
[2026-04-03T02:43:55.398+0600][40.188s][info][gc,stats    ] Pause Final Mark (G)               1342 us
[2026-04-03T02:43:55.398+0600][40.188s][info][gc,stats    ] Pause Final Mark (N)               1050 us
[2026-04-03T02:43:55.398+0600][40.188s][info][gc,stats    ]   Finish Mark                       465 us
[2026-04-03T02:43:55.398+0600][40.188s][info][gc,stats    ]   Update Region States               60 us
[2026-04-03T02:43:55.398+0600][40.188s][info][gc,stats    ]   Choose Collection Set             323 us
[2026-04-03T02:43:55.398+0600][40.188s][info][gc,stats    ]   Rebuild Free Set                   60 us
[2026-04-03T02:43:55.398+0600][40.188s][info][gc,stats    ] Concurrent Thread Roots            1244 us, parallelism: 1.99x
[2026-04-03T02:43:55.398+0600][40.188s][info][gc,stats    ]   CTR: <total>                     2475 us
[2026-04-03T02:43:55.398+0600][40.188s][info][gc,stats    ]   CTR: Thread Roots                2475 us, workers (us): 816, 834, 826, ---, ---, ---, 
[2026-04-03T02:43:55.398+0600][40.188s][info][gc,stats    ] Concurrent Weak References          851 us, parallelism: 1.19x
[2026-04-03T02:43:55.398+0600][40.188s][info][gc,stats    ]   CWRF: <total>                    1012 us
[2026-04-03T02:43:55.398+0600][40.188s][info][gc,stats    ]   CWRF: Weak References            1012 us, workers (us): 422, 590,   1, ---, ---, ---, 
[2026-04-03T02:43:55.399+0600][40.188s][info][gc,stats    ] Concurrent Weak Roots              5409 us
[2026-04-03T02:43:55.399+0600][40.188s][info][gc,stats    ]   Roots                            4887 us, parallelism: 2.70x
[2026-04-03T02:43:55.399+0600][40.188s][info][gc,stats    ]     CWR: <total>                  13199 us
[2026-04-03T02:43:55.399+0600][40.188s][info][gc,stats    ]     CWR: Code Cache Roots         10557 us, workers (us): 3426, 3601, 3530, ---, ---, ---, 
[2026-04-03T02:43:55.399+0600][40.188s][info][gc,stats    ]     CWR: VM Weak Roots             2354 us, workers (us): 808, 773, 773, ---, ---, ---, 
[2026-04-03T02:43:55.399+0600][40.188s][info][gc,stats    ]     CWR: CLDG Roots                 288 us, workers (us): 288, ---, ---, ---, ---, ---, 
[2026-04-03T02:43:55.399+0600][40.188s][info][gc,stats    ]   Rendezvous                        366 us
[2026-04-03T02:43:55.399+0600][40.188s][info][gc,stats    ] Concurrent Cleanup                  989 us
[2026-04-03T02:43:55.399+0600][40.188s][info][gc,stats    ] Concurrent Class Unloading        29344 us
[2026-04-03T02:43:55.399+0600][40.188s][info][gc,stats    ]   Unlink Stale                    20760 us
[2026-04-03T02:43:55.399+0600][40.188s][info][gc,stats    ]     System Dictionary               269 us
[2026-04-03T02:43:55.399+0600][40.188s][info][gc,stats    ]     Weak Class Links                  0 us
[2026-04-03T02:43:55.399+0600][40.188s][info][gc,stats    ]     Code Roots                    20487 us
[2026-04-03T02:43:55.399+0600][40.188s][info][gc,stats    ]   Rendezvous                        527 us
[2026-04-03T02:43:55.399+0600][40.188s][info][gc,stats    ]   Purge Unlinked                   7892 us
[2026-04-03T02:43:55.399+0600][40.188s][info][gc,stats    ]     Code Roots                     7861 us
[2026-04-03T02:43:55.399+0600][40.188s][info][gc,stats    ]     CLDG                             29 us
[2026-04-03T02:43:55.399+0600][40.188s][info][gc,stats    ]     Exception Caches                  1 us
[2026-04-03T02:43:55.399+0600][40.188s][info][gc,stats    ] Concurrent Strong Roots            1748 us, parallelism: 0.68x
[2026-04-03T02:43:55.399+0600][40.188s][info][gc,stats    ]   CSR: <total>                     1192 us
[2026-04-03T02:43:55.399+0600][40.188s][info][gc,stats    ]   CSR: VM Strong Roots               57 us, workers (us):  55,   1,   1, ---, ---, ---, 
[2026-04-03T02:43:55.399+0600][40.188s][info][gc,stats    ]   CSR: CLDG Roots                  1134 us, workers (us): 1134, ---, ---, ---, ---, ---, 
[2026-04-03T02:43:55.399+0600][40.188s][info][gc,stats    ] Concurrent Evacuation              6758 us
[2026-04-03T02:43:55.399+0600][40.188s][info][gc,stats    ] Pause Init Update Refs (G)          831 us
[2026-04-03T02:43:55.399+0600][40.188s][info][gc,stats    ] Pause Init Update Refs (N)          100 us
[2026-04-03T02:43:55.399+0600][40.188s][info][gc,stats    ]   Manage GCLABs                      36 us
[2026-04-03T02:43:55.399+0600][40.188s][info][gc,stats    ] Concurrent Update Refs            53733 us
[2026-04-03T02:43:55.399+0600][40.188s][info][gc,stats    ] Concurrent Update Thread Roots     2055 us
[2026-04-03T02:43:55.399+0600][40.188s][info][gc,stats    ] Pause Final Update Refs (G)         515 us
[2026-04-03T02:43:55.399+0600][40.188s][info][gc,stats    ] Pause Final Update Refs (N)         293 us
[2026-04-03T02:43:55.399+0600][40.188s][info][gc,stats    ]   Update Region States               72 us
[2026-04-03T02:43:55.399+0600][40.188s][info][gc,stats    ]   Trash Collection Set               25 us
[2026-04-03T02:43:55.399+0600][40.188s][info][gc,stats    ]   Rebuild Free Set                   58 us
[2026-04-03T02:43:55.399+0600][40.188s][info][gc,stats    ] Concurrent Cleanup                  909 us
[2026-04-03T02:43:55.399+0600][40.188s][info][gc,stats    ] Pacing                             7800 us
[2026-04-03T02:43:55.399+0600][40.188s][info][gc,stats    ] 
[2026-04-03T02:43:55.399+0600][40.188s][info][gc,stats    ] Allocation pacing accrued:
[2026-04-03T02:43:55.399+0600][40.188s][info][gc,stats    ]       8 of  1388 ms (  0.6%): dag-scheduler-event-loop
[2026-04-03T02:43:55.399+0600][40.188s][info][gc,stats    ]       8 of  1388 ms (  0.6%): <total>
[2026-04-03T02:43:55.399+0600][40.188s][info][gc,stats    ]       0 of  1388 ms (  0.0%): <average total>
[2026-04-03T02:43:55.399+0600][40.188s][info][gc,stats    ]       8 of  1388 ms (  0.6%): <average non-zero>
[2026-04-03T02:43:55.399+0600][40.188s][info][gc,stats    ] 
[2026-04-03T02:43:55.399+0600][40.189s][info][gc,metaspace] Metaspace: 130481K(131712K)->130498K(131712K) NonClass: 114030K(114688K)->114046K(114688K) Class: 16451K(17024K)->16451K(17024K)
[2026-04-03T02:43:55.399+0600][40.189s][info][gc,ergo     ] Pacer for Idle. Initial: 35840K, Alloc Tax Rate: 1.0x
[2026-04-03T02:43:56.103+0600][40.892s][info][gc          ] Trigger: Average GC time (195.30 ms) is above the time for average allocation rate (2453 MB/s) to deplete free headroom (421M) (margin of error = 1.86)
[2026-04-03T02:43:56.103+0600][40.892s][info][gc,ergo     ] Free headroom: 508M (free) - 89600K (spike) - 0B (penalties) = 421M
[2026-04-03T02:43:56.103+0600][40.892s][info][gc,ergo     ] Free: 508M, Max: 512K regular, 332M humongous, Frag: 35% external, 0% internal; Reserve: 89600K, Max: 512K
[2026-04-03T02:43:56.103+0600][40.892s][info][gc,start    ] GC(20) Concurrent reset
[2026-04-03T02:43:56.103+0600][40.892s][info][gc,task     ] GC(20) Using 3 of 6 workers for concurrent reset
[2026-04-03T02:43:56.103+0600][40.892s][info][gc,ergo     ] GC(20) Pacer for Reset. Non-Taxable: 1750M
[2026-04-03T02:43:56.106+0600][40.895s][info][gc          ] GC(20) Concurrent reset 3.195ms
[2026-04-03T02:43:56.106+0600][40.896s][info][gc,start    ] GC(20) Pause Init Mark (unload classes)
[2026-04-03T02:43:56.106+0600][40.896s][info][gc,task     ] GC(20) Using 6 of 6 workers for init marking
[2026-04-03T02:43:56.106+0600][40.896s][info][gc,ergo     ] GC(20) Pacer for Mark. Expected Live: 90135K, Free: 506M, Non-Taxable: 51855K, Alloc Tax Rate: 0.2x
[2026-04-03T02:43:56.106+0600][40.896s][info][gc          ] GC(20) Pause Init Mark (unload classes) 0.160ms
[2026-04-03T02:43:56.107+0600][40.896s][info][gc,start    ] GC(20) Concurrent marking roots
[2026-04-03T02:43:56.107+0600][40.896s][info][gc,task     ] GC(20) Using 3 of 6 workers for concurrent marking roots
[2026-04-03T02:43:56.108+0600][40.898s][info][gc          ] GC(20) Concurrent marking roots 1.780ms
[2026-04-03T02:43:56.108+0600][40.898s][info][gc,start    ] GC(20) Concurrent marking (unload classes)
[2026-04-03T02:43:56.108+0600][40.898s][info][gc,task     ] GC(20) Using 3 of 6 workers for concurrent marking
[2026-04-03T02:43:56.166+0600][40.956s][info][gc          ] GC(20) Concurrent marking (unload classes) 57.965ms
[2026-04-03T02:43:56.167+0600][40.956s][info][gc,start    ] GC(20) Pause Final Mark (unload classes)
[2026-04-03T02:43:56.167+0600][40.956s][info][gc,task     ] GC(20) Using 6 of 6 workers for final marking
[2026-04-03T02:43:56.167+0600][40.957s][info][gc,ergo     ] GC(20) Adaptive CSet Selection. Target Free: 247M, Actual Free: 1370M, Max CSet: 74666K, Min Garbage: 0B
[2026-04-03T02:43:56.167+0600][40.957s][info][gc,ergo     ] GC(20) Collectable Garbage: 970M (99%), Immediate: 795M (81%), CSet: 175M (17%)
[2026-04-03T02:43:56.168+0600][40.957s][info][gc,ergo     ] GC(20) Pacer for Evacuation. Used CSet: 183M, Free: 1371M, Non-Taxable: 137M, Alloc Tax Rate: 1.1x
[2026-04-03T02:43:56.168+0600][40.957s][info][gc          ] GC(20) Pause Final Mark (unload classes) 0.998ms
[2026-04-03T02:43:56.168+0600][40.957s][info][gc,start    ] GC(20) Concurrent thread roots
[2026-04-03T02:43:56.168+0600][40.957s][info][gc,task     ] GC(20) Using 3 of 6 workers for Concurrent thread roots
[2026-04-03T02:43:56.169+0600][40.959s][info][gc          ] GC(20) Concurrent thread roots 1.497ms
[2026-04-03T02:43:56.169+0600][40.959s][info][gc,start    ] GC(20) Concurrent weak references
[2026-04-03T02:43:56.169+0600][40.959s][info][gc,task     ] GC(20) Using 3 of 6 workers for concurrent weak references
[2026-04-03T02:43:56.170+0600][40.960s][info][gc,ref      ] GC(20) Encountered references: Soft: 3868, Weak: 16954, Final: 84, Phantom: 620
[2026-04-03T02:43:56.170+0600][40.960s][info][gc,ref      ] GC(20) Discovered  references: Soft: 0, Weak: 6659, Final: 0, Phantom: 615
[2026-04-03T02:43:56.170+0600][40.960s][info][gc,ref      ] GC(20) Enqueued    references: Soft: 0, Weak: 2279, Final: 0, Phantom: 0
[2026-04-03T02:43:56.170+0600][40.960s][info][gc          ] GC(20) Concurrent weak references 1.020ms
[2026-04-03T02:43:56.170+0600][40.960s][info][gc,start    ] GC(20) Concurrent weak roots
[2026-04-03T02:43:56.170+0600][40.960s][info][gc,task     ] GC(20) Using 3 of 6 workers for concurrent weak root
[2026-04-03T02:43:56.177+0600][40.966s][info][gc          ] GC(20) Concurrent weak roots 6.271ms
[2026-04-03T02:43:56.177+0600][40.966s][info][gc,start    ] GC(20) Concurrent cleanup
[2026-04-03T02:43:56.178+0600][40.967s][info][gc          ] GC(20) Concurrent cleanup 1085M->302M(1524M) 1.289ms
[2026-04-03T02:43:56.178+0600][40.967s][info][gc,ergo     ] GC(20) Free: 1350M, Max: 512K regular, 332M humongous, Frag: 76% external, 0% internal; Reserve: 88967K, Max: 512K
[2026-04-03T02:43:56.178+0600][40.967s][info][gc,start    ] GC(20) Concurrent class unloading
[2026-04-03T02:43:56.178+0600][40.967s][info][gc,task     ] GC(20) Using 3 of 6 workers for concurrent class unloading
[2026-04-03T02:43:56.201+0600][40.990s][info][gc          ] GC(20) Concurrent class unloading 22.835ms
[2026-04-03T02:43:56.201+0600][40.990s][info][gc,start    ] GC(20) Concurrent strong roots
[2026-04-03T02:43:56.201+0600][40.990s][info][gc,task     ] GC(20) Using 3 of 6 workers for concurrent strong root
[2026-04-03T02:43:56.202+0600][40.992s][info][gc          ] GC(20) Concurrent strong roots 1.430ms
[2026-04-03T02:43:56.202+0600][40.992s][info][gc,start    ] GC(20) Concurrent evacuation
[2026-04-03T02:43:56.203+0600][40.992s][info][gc,task     ] GC(20) Using 3 of 6 workers for concurrent evacuation
[2026-04-03T02:43:56.207+0600][40.996s][info][gc          ] GC(20) Concurrent evacuation 4.572ms
[2026-04-03T02:43:56.208+0600][40.997s][info][gc,start    ] GC(20) Pause Init Update Refs
[2026-04-03T02:43:56.208+0600][40.997s][info][gc,ergo     ] GC(20) Pacer for Update Refs. Used: 465M, Free: 1183M, Non-Taxable: 118M, Alloc Tax Rate: 1.1x
[2026-04-03T02:43:56.208+0600][40.997s][info][gc          ] GC(20) Pause Init Update Refs 0.129ms
[2026-04-03T02:43:56.208+0600][40.998s][info][gc,start    ] GC(20) Concurrent update references
[2026-04-03T02:43:56.208+0600][40.998s][info][gc,task     ] GC(20) Using 3 of 6 workers for concurrent reference update
[2026-04-03T02:43:56.256+0600][41.046s][info][gc          ] GC(20) Concurrent update references 48.000ms
[2026-04-03T02:43:56.256+0600][41.046s][info][gc,start    ] GC(20) Concurrent update thread roots
[2026-04-03T02:43:56.266+0600][41.055s][info][gc          ] GC(20) Concurrent update thread roots 9.564ms
[2026-04-03T02:43:56.266+0600][41.056s][info][gc,start    ] GC(20) Pause Final Update Refs
[2026-04-03T02:43:56.266+0600][41.056s][info][gc,task     ] GC(20) Using 6 of 6 workers for final reference update
[2026-04-03T02:43:56.267+0600][41.056s][info][gc          ] GC(20) Pause Final Update Refs 0.301ms
[2026-04-03T02:43:56.267+0600][41.056s][info][gc,start    ] GC(20) Concurrent cleanup
[2026-04-03T02:43:56.267+0600][41.056s][info][gc          ] GC(20) Concurrent cleanup 594M->411M(1524M) 0.322ms
[2026-04-03T02:43:56.267+0600][41.057s][info][gc,ergo     ] Free: 1213M, Max: 512K regular, 453M humongous, Frag: 63% external, 0% internal; Reserve: 89600K, Max: 512K
[2026-04-03T02:43:56.267+0600][41.057s][info][gc,stats    ] 
[2026-04-03T02:43:56.267+0600][41.057s][info][gc,stats    ] All times are wall-clock times, except per-root-class counters, that are sum over
[2026-04-03T02:43:56.267+0600][41.057s][info][gc,stats    ] all workers. Dividing the <total> over the root stage time estimates parallelism.
[2026-04-03T02:43:56.267+0600][41.057s][info][gc,stats    ] 
[2026-04-03T02:43:56.267+0600][41.057s][info][gc,stats    ] Concurrent Reset                   3274 us
[2026-04-03T02:43:56.267+0600][41.057s][info][gc,stats    ] Pause Init Mark (G)                 433 us
[2026-04-03T02:43:56.267+0600][41.057s][info][gc,stats    ] Pause Init Mark (N)                 171 us
[2026-04-03T02:43:56.267+0600][41.057s][info][gc,stats    ]   Update Region States               43 us
[2026-04-03T02:43:56.267+0600][41.057s][info][gc,stats    ] Concurrent Mark Roots              1855 us, parallelism: 2.02x
[2026-04-03T02:43:56.267+0600][41.057s][info][gc,stats    ]   CMR: <total>                     3746 us
[2026-04-03T02:43:56.267+0600][41.057s][info][gc,stats    ]   CMR: Thread Roots                3203 us, workers (us): 1202, 766, 1235, ---, ---, ---, 
[2026-04-03T02:43:56.267+0600][41.057s][info][gc,stats    ]   CMR: VM Strong Roots               71 us, workers (us):  38,  32,   1, ---, ---, ---, 
[2026-04-03T02:43:56.267+0600][41.057s][info][gc,stats    ]   CMR: CLDG Roots                   473 us, workers (us): ---, 473, ---, ---, ---, ---, 
[2026-04-03T02:43:56.267+0600][41.057s][info][gc,stats    ] Concurrent Marking                58075 us
[2026-04-03T02:43:56.267+0600][41.057s][info][gc,stats    ] Pause Final Mark (G)               1194 us
[2026-04-03T02:43:56.267+0600][41.057s][info][gc,stats    ] Pause Final Mark (N)               1015 us
[2026-04-03T02:43:56.268+0600][41.057s][info][gc,stats    ]   Finish Mark                       329 us
[2026-04-03T02:43:56.268+0600][41.057s][info][gc,stats    ]   Update Region States               83 us
[2026-04-03T02:43:56.268+0600][41.057s][info][gc,stats    ]   Choose Collection Set             318 us
[2026-04-03T02:43:56.268+0600][41.057s][info][gc,stats    ]   Rebuild Free Set                   50 us
[2026-04-03T02:43:56.268+0600][41.057s][info][gc,stats    ] Concurrent Thread Roots            1553 us, parallelism: 2.36x
[2026-04-03T02:43:56.268+0600][41.057s][info][gc,stats    ]   CTR: <total>                     3671 us
[2026-04-03T02:43:56.268+0600][41.057s][info][gc,stats    ]   CTR: Thread Roots                3671 us, workers (us): 1231, 1244, 1195, ---, ---, ---, 
[2026-04-03T02:43:56.268+0600][41.057s][info][gc,stats    ] Concurrent Weak References         1036 us, parallelism: 1.27x
[2026-04-03T02:43:56.268+0600][41.057s][info][gc,stats    ]   CWRF: <total>                    1315 us
[2026-04-03T02:43:56.268+0600][41.057s][info][gc,stats    ]   CWRF: Weak References            1315 us, workers (us):  85, 840, 390, ---, ---, ---, 
[2026-04-03T02:43:56.268+0600][41.057s][info][gc,stats    ] Concurrent Weak Roots              6353 us
[2026-04-03T02:43:56.268+0600][41.057s][info][gc,stats    ]   Roots                            5807 us, parallelism: 2.76x
[2026-04-03T02:43:56.268+0600][41.057s][info][gc,stats    ]     CWR: <total>                  16008 us
[2026-04-03T02:43:56.268+0600][41.057s][info][gc,stats    ]     CWR: Code Cache Roots         11823 us, workers (us): 3809, 3971, 4042, ---, ---, ---, 
[2026-04-03T02:43:56.268+0600][41.057s][info][gc,stats    ]     CWR: VM Weak Roots             3906 us, workers (us): 1317, 1371, 1219, ---, ---, ---, 
[2026-04-03T02:43:56.268+0600][41.057s][info][gc,stats    ]     CWR: CLDG Roots                 279 us, workers (us): 279, ---, ---, ---, ---, ---, 
[2026-04-03T02:43:56.268+0600][41.057s][info][gc,stats    ]   Rendezvous                        431 us
[2026-04-03T02:43:56.268+0600][41.057s][info][gc,stats    ] Concurrent Cleanup                 1347 us
[2026-04-03T02:43:56.268+0600][41.057s][info][gc,stats    ] Concurrent Class Unloading        22936 us
[2026-04-03T02:43:56.268+0600][41.057s][info][gc,stats    ]   Unlink Stale                    19375 us
[2026-04-03T02:43:56.268+0600][41.057s][info][gc,stats    ]     System Dictionary               475 us
[2026-04-03T02:43:56.268+0600][41.057s][info][gc,stats    ]     Weak Class Links                  1 us
[2026-04-03T02:43:56.268+0600][41.057s][info][gc,stats    ]     Code Roots                    18895 us
[2026-04-03T02:43:56.268+0600][41.057s][info][gc,stats    ]   Rendezvous                        606 us
[2026-04-03T02:43:56.268+0600][41.057s][info][gc,stats    ]   Purge Unlinked                   2814 us
[2026-04-03T02:43:56.268+0600][41.057s][info][gc,stats    ]     Code Roots                     2796 us
[2026-04-03T02:43:56.268+0600][41.057s][info][gc,stats    ]     CLDG                             16 us
[2026-04-03T02:43:56.268+0600][41.057s][info][gc,stats    ]     Exception Caches                  1 us
[2026-04-03T02:43:56.268+0600][41.057s][info][gc,stats    ] Concurrent Strong Roots            1478 us, parallelism: 0.74x
[2026-04-03T02:43:56.268+0600][41.057s][info][gc,stats    ]   CSR: <total>                     1095 us
[2026-04-03T02:43:56.268+0600][41.057s][info][gc,stats    ]   CSR: VM Strong Roots               60 us, workers (us):  29,  30,   0, ---, ---, ---, 
[2026-04-03T02:43:56.268+0600][41.057s][info][gc,stats    ]   CSR: CLDG Roots                  1035 us, workers (us): ---, 1035, ---, ---, ---, ---, 
[2026-04-03T02:43:56.268+0600][41.057s][info][gc,stats    ] Concurrent Evacuation              4709 us
[2026-04-03T02:43:56.268+0600][41.057s][info][gc,stats    ] Pause Init Update Refs (G)          969 us
[2026-04-03T02:43:56.268+0600][41.057s][info][gc,stats    ] Pause Init Update Refs (N)          140 us
[2026-04-03T02:43:56.268+0600][41.057s][info][gc,stats    ]   Manage GCLABs                      40 us
[2026-04-03T02:43:56.268+0600][41.057s][info][gc,stats    ] Concurrent Update Refs            48166 us
[2026-04-03T02:43:56.268+0600][41.057s][info][gc,stats    ] Concurrent Update Thread Roots     9677 us
[2026-04-03T02:43:56.268+0600][41.057s][info][gc,stats    ] Pause Final Update Refs (G)         724 us
[2026-04-03T02:43:56.268+0600][41.057s][info][gc,stats    ] Pause Final Update Refs (N)         321 us
[2026-04-03T02:43:56.268+0600][41.057s][info][gc,stats    ]   Update Region States               84 us
[2026-04-03T02:43:56.268+0600][41.057s][info][gc,stats    ]   Trash Collection Set               24 us
[2026-04-03T02:43:56.268+0600][41.057s][info][gc,stats    ]   Rebuild Free Set                   54 us
[2026-04-03T02:43:56.268+0600][41.057s][info][gc,stats    ] Concurrent Cleanup                  363 us
[2026-04-03T02:43:56.268+0600][41.057s][info][gc,stats    ] Pacing                            80411 us
[2026-04-03T02:43:56.268+0600][41.057s][info][gc,stats    ] 
[2026-04-03T02:43:56.268+0600][41.057s][info][gc,stats    ] Allocation pacing accrued:
[2026-04-03T02:43:56.268+0600][41.057s][info][gc,stats    ]       3 of   869 ms (  0.3%): dispatcher-BlockManagerMaster
[2026-04-03T02:43:56.268+0600][41.057s][info][gc,stats    ]      11 of   869 ms (  1.3%): Spark Context Cleaner
[2026-04-03T02:43:56.268+0600][41.058s][info][gc,stats    ]      14 of   869 ms (  1.6%): Executor task launch worker for task 0.0 in stage 883.0 (TID 1789)
[2026-04-03T02:43:56.268+0600][41.058s][info][gc,stats    ]      14 of   869 ms (  1.6%): Executor task launch worker for task 1.0 in stage 883.0 (TID 1790)
[2026-04-03T02:43:56.268+0600][41.058s][info][gc,stats    ]      14 of   869 ms (  1.6%): Executor task launch worker for task 2.0 in stage 883.0 (TID 1791)
[2026-04-03T02:43:56.268+0600][41.058s][info][gc,stats    ]      13 of   869 ms (  1.5%): Executor task launch worker for task 3.0 in stage 883.0 (TID 1792)
[2026-04-03T02:43:56.268+0600][41.058s][info][gc,stats    ]      11 of   869 ms (  1.3%): block-manager-storage-async-thread-pool-73
[2026-04-03T02:43:56.268+0600][41.058s][info][gc,stats    ]      80 of   869 ms (  9.3%): <total>
[2026-04-03T02:43:56.268+0600][41.058s][info][gc,stats    ]       0 of   869 ms (  0.0%): <average total>
[2026-04-03T02:43:56.268+0600][41.058s][info][gc,stats    ]      11 of   869 ms (  1.3%): <average non-zero>
[2026-04-03T02:43:56.268+0600][41.058s][info][gc,stats    ] 
[2026-04-03T02:43:56.268+0600][41.058s][info][gc,metaspace] Metaspace: 130545K(131712K)->130549K(131712K) NonClass: 114093K(114688K)->114097K(114688K) Class: 16451K(17024K)->16451K(17024K)
[2026-04-03T02:43:56.268+0600][41.058s][info][gc,ergo     ] Pacer for Idle. Initial: 35840K, Alloc Tax Rate: 1.0x
[2026-04-03T02:43:57.299+0600][42.088s][info][gc          ] Trigger: Average GC time (189.69 ms) is above the time for average allocation rate (1083 MB/s) to deplete free headroom (205M) (margin of error = 1.88)
[2026-04-03T02:43:57.299+0600][42.088s][info][gc,ergo     ] Free headroom: 292M (free) - 89600K (spike) - 0B (penalties) = 205M
[2026-04-03T02:43:57.299+0600][42.088s][info][gc,ergo     ] Free: 292M, Max: 512K regular, 292M humongous, Frag: 0% external, 0% internal; Reserve: 89600K, Max: 512K
[2026-04-03T02:43:57.299+0600][42.088s][info][gc,start    ] GC(21) Concurrent reset
[2026-04-03T02:43:57.299+0600][42.088s][info][gc,task     ] GC(21) Using 3 of 6 workers for concurrent reset
[2026-04-03T02:43:57.299+0600][42.088s][info][gc,ergo     ] GC(21) Pacer for Reset. Non-Taxable: 1750M
[2026-04-03T02:43:57.300+0600][42.090s][info][gc          ] GC(21) Concurrent reset 1.379ms
[2026-04-03T02:43:57.301+0600][42.090s][info][gc,start    ] GC(21) Pause Init Mark (unload classes)
[2026-04-03T02:43:57.301+0600][42.090s][info][gc,task     ] GC(21) Using 6 of 6 workers for init marking
[2026-04-03T02:43:57.301+0600][42.090s][info][gc,ergo     ] GC(21) Pacer for Mark. Expected Live: 90369K, Free: 291M, Non-Taxable: 29857K, Alloc Tax Rate: 0.4x
[2026-04-03T02:43:57.301+0600][42.090s][info][gc          ] GC(21) Pause Init Mark (unload classes) 0.157ms
[2026-04-03T02:43:57.301+0600][42.090s][info][gc,start    ] GC(21) Concurrent marking roots
[2026-04-03T02:43:57.301+0600][42.090s][info][gc,task     ] GC(21) Using 3 of 6 workers for concurrent marking roots
[2026-04-03T02:43:57.305+0600][42.094s][info][gc          ] GC(21) Concurrent marking roots 3.999ms
[2026-04-03T02:43:57.305+0600][42.094s][info][gc,start    ] GC(21) Concurrent marking (unload classes)
[2026-04-03T02:43:57.305+0600][42.094s][info][gc,task     ] GC(21) Using 3 of 6 workers for concurrent marking
[2026-04-03T02:43:57.367+0600][42.157s][info][gc          ] GC(21) Concurrent marking (unload classes) 62.502ms
[2026-04-03T02:43:57.368+0600][42.157s][info][gc,start    ] GC(21) Pause Final Mark (unload classes)
[2026-04-03T02:43:57.368+0600][42.157s][info][gc,task     ] GC(21) Using 6 of 6 workers for final marking
[2026-04-03T02:43:57.368+0600][42.157s][info][gc,ergo     ] GC(21) Adaptive CSet Selection. Target Free: 247M, Actual Free: 1233M, Max CSet: 74666K, Min Garbage: 0B
[2026-04-03T02:43:57.368+0600][42.158s][info][gc,ergo     ] GC(21) Collectable Garbage: 1154M (99%), Immediate: 897M (77%), CSet: 256M (22%)
[2026-04-03T02:43:57.368+0600][42.158s][info][gc,ergo     ] GC(21) Pacer for Evacuation. Used CSet: 267M, Free: 1266M, Non-Taxable: 126M, Alloc Tax Rate: 1.1x
[2026-04-03T02:43:57.368+0600][42.158s][info][gc          ] GC(21) Pause Final Mark (unload classes) 0.683ms
[2026-04-03T02:43:57.368+0600][42.158s][info][gc,start    ] GC(21) Concurrent thread roots
[2026-04-03T02:43:57.369+0600][42.158s][info][gc,task     ] GC(21) Using 3 of 6 workers for Concurrent thread roots
[2026-04-03T02:43:57.370+0600][42.160s][info][gc          ] GC(21) Concurrent thread roots 1.710ms
[2026-04-03T02:43:57.370+0600][42.160s][info][gc,start    ] GC(21) Concurrent weak references
[2026-04-03T02:43:57.370+0600][42.160s][info][gc,task     ] GC(21) Using 3 of 6 workers for concurrent weak references
[2026-04-03T02:43:57.371+0600][42.160s][info][gc,ref      ] GC(21) Encountered references: Soft: 3875, Weak: 16189, Final: 84, Phantom: 620
[2026-04-03T02:43:57.371+0600][42.160s][info][gc,ref      ] GC(21) Discovered  references: Soft: 0, Weak: 9173, Final: 0, Phantom: 573
[2026-04-03T02:43:57.371+0600][42.160s][info][gc,ref      ] GC(21) Enqueued    references: Soft: 0, Weak: 634, Final: 0, Phantom: 0
[2026-04-03T02:43:57.371+0600][42.160s][info][gc          ] GC(21) Concurrent weak references 0.813ms
[2026-04-03T02:43:57.371+0600][42.160s][info][gc,start    ] GC(21) Concurrent weak roots
[2026-04-03T02:43:57.371+0600][42.160s][info][gc,task     ] GC(21) Using 3 of 6 workers for concurrent weak root
[2026-04-03T02:43:57.379+0600][42.168s][info][gc          ] GC(21) Concurrent weak roots 7.696ms
[2026-04-03T02:43:57.379+0600][42.168s][info][gc,start    ] GC(21) Concurrent cleanup
[2026-04-03T02:43:57.380+0600][42.169s][info][gc          ] GC(21) Concurrent cleanup 1297M->401M(1524M) 1.228ms
[2026-04-03T02:43:57.380+0600][42.170s][info][gc,ergo     ] GC(21) Free: 1254M, Max: 512K regular, 238M humongous, Frag: 81% external, 0% internal; Reserve: 88978K, Max: 512K
[2026-04-03T02:43:57.380+0600][42.170s][info][gc,start    ] GC(21) Concurrent class unloading
[2026-04-03T02:43:57.380+0600][42.170s][info][gc,task     ] GC(21) Using 3 of 6 workers for concurrent class unloading
[2026-04-03T02:43:57.410+0600][42.199s][info][gc          ] GC(21) Concurrent class unloading 29.900ms
[2026-04-03T02:43:57.410+0600][42.200s][info][gc,start    ] GC(21) Concurrent strong roots
[2026-04-03T02:43:57.410+0600][42.200s][info][gc,task     ] GC(21) Using 3 of 6 workers for concurrent strong root
[2026-04-03T02:43:57.412+0600][42.201s][info][gc          ] GC(21) Concurrent strong roots 1.469ms
[2026-04-03T02:43:57.412+0600][42.201s][info][gc,start    ] GC(21) Concurrent evacuation
[2026-04-03T02:43:57.412+0600][42.201s][info][gc,task     ] GC(21) Using 3 of 6 workers for concurrent evacuation
[2026-04-03T02:43:57.419+0600][42.208s][info][gc          ] GC(21) Concurrent evacuation 6.887ms
[2026-04-03T02:43:57.419+0600][42.208s][info][gc,start    ] GC(21) Pause Init Update Refs
[2026-04-03T02:43:57.419+0600][42.208s][info][gc,ergo     ] GC(21) Pacer for Update Refs. Used: 439M, Free: 1224M, Non-Taxable: 122M, Alloc Tax Rate: 1.1x
[2026-04-03T02:43:57.419+0600][42.208s][info][gc          ] GC(21) Pause Init Update Refs 0.177ms
[2026-04-03T02:43:57.419+0600][42.209s][info][gc,start    ] GC(21) Concurrent update references
[2026-04-03T02:43:57.419+0600][42.209s][info][gc,task     ] GC(21) Using 3 of 6 workers for concurrent reference update
[2026-04-03T02:43:57.474+0600][42.263s][info][gc          ] GC(21) Concurrent update references 54.325ms
[2026-04-03T02:43:57.474+0600][42.263s][info][gc,start    ] GC(21) Concurrent update thread roots
[2026-04-03T02:43:57.475+0600][42.265s][info][gc          ] GC(21) Concurrent update thread roots 1.552ms
[2026-04-03T02:43:57.475+0600][42.265s][info][gc,start    ] GC(21) Pause Final Update Refs
[2026-04-03T02:43:57.475+0600][42.265s][info][gc,task     ] GC(21) Using 6 of 6 workers for final reference update
[2026-04-03T02:43:57.476+0600][42.265s][info][gc          ] GC(21) Pause Final Update Refs 0.205ms
[2026-04-03T02:43:57.476+0600][42.265s][info][gc,start    ] GC(21) Concurrent cleanup
[2026-04-03T02:43:57.476+0600][42.266s][info][gc          ] GC(21) Concurrent cleanup 471M->203M(1524M) 0.710ms
[2026-04-03T02:43:57.477+0600][42.266s][info][gc,ergo     ] Free: 1444M, Max: 512K regular, 1008M humongous, Frag: 31% external, 0% internal; Reserve: 89600K, Max: 512K
[2026-04-03T02:43:57.477+0600][42.266s][info][gc,stats    ] 
[2026-04-03T02:43:57.477+0600][42.266s][info][gc,stats    ] All times are wall-clock times, except per-root-class counters, that are sum over
[2026-04-03T02:43:57.477+0600][42.266s][info][gc,stats    ] all workers. Dividing the <total> over the root stage time estimates parallelism.
[2026-04-03T02:43:57.477+0600][42.266s][info][gc,stats    ] 
[2026-04-03T02:43:57.477+0600][42.266s][info][gc,stats    ] Concurrent Reset                   1457 us
[2026-04-03T02:43:57.477+0600][42.266s][info][gc,stats    ] Pause Init Mark (G)                 501 us
[2026-04-03T02:43:57.477+0600][42.266s][info][gc,stats    ] Pause Init Mark (N)                 167 us
[2026-04-03T02:43:57.477+0600][42.266s][info][gc,stats    ]   Update Region States               40 us
[2026-04-03T02:43:57.477+0600][42.266s][info][gc,stats    ] Concurrent Mark Roots              4088 us, parallelism: 1.43x
[2026-04-03T02:43:57.477+0600][42.266s][info][gc,stats    ]   CMR: <total>                     5841 us
[2026-04-03T02:43:57.477+0600][42.266s][info][gc,stats    ]   CMR: Thread Roots                5337 us, workers (us): 1003, 3360, 973, ---, ---, ---, 
[2026-04-03T02:43:57.477+0600][42.266s][info][gc,stats    ]   CMR: VM Strong Roots               55 us, workers (us):  53,   1,   1, ---, ---, ---, 
[2026-04-03T02:43:57.477+0600][42.266s][info][gc,stats    ]   CMR: CLDG Roots                   449 us, workers (us): 449, ---, ---, ---, ---, ---, 
[2026-04-03T02:43:57.477+0600][42.266s][info][gc,stats    ] Concurrent Marking                62578 us
[2026-04-03T02:43:57.477+0600][42.266s][info][gc,stats    ] Pause Final Mark (G)                907 us
[2026-04-03T02:43:57.477+0600][42.266s][info][gc,stats    ] Pause Final Mark (N)                695 us
[2026-04-03T02:43:57.477+0600][42.266s][info][gc,stats    ]   Finish Mark                       212 us
[2026-04-03T02:43:57.477+0600][42.266s][info][gc,stats    ]   Update Region States               51 us
[2026-04-03T02:43:57.477+0600][42.266s][info][gc,stats    ]   Choose Collection Set             265 us
[2026-04-03T02:43:57.477+0600][42.266s][info][gc,stats    ]   Rebuild Free Set                   50 us
[2026-04-03T02:43:57.477+0600][42.266s][info][gc,stats    ] Concurrent Thread Roots            1745 us, parallelism: 2.53x
[2026-04-03T02:43:57.477+0600][42.266s][info][gc,stats    ]   CTR: <total>                     4421 us
[2026-04-03T02:43:57.477+0600][42.266s][info][gc,stats    ]   CTR: Thread Roots                4421 us, workers (us): 1517, 1439, 1465, ---, ---, ---, 
[2026-04-03T02:43:57.477+0600][42.266s][info][gc,stats    ] Concurrent Weak References          849 us, parallelism: 1.30x
[2026-04-03T02:43:57.477+0600][42.266s][info][gc,stats    ]   CWRF: <total>                    1104 us
[2026-04-03T02:43:57.477+0600][42.266s][info][gc,stats    ]   CWRF: Weak References            1104 us, workers (us): 365, 618, 121, ---, ---, ---, 
[2026-04-03T02:43:57.477+0600][42.266s][info][gc,stats    ] Concurrent Weak Roots              7807 us
[2026-04-03T02:43:57.477+0600][42.266s][info][gc,stats    ]   Roots                            7088 us, parallelism: 2.15x
[2026-04-03T02:43:57.477+0600][42.266s][info][gc,stats    ]     CWR: <total>                  15245 us
[2026-04-03T02:43:57.477+0600][42.266s][info][gc,stats    ]     CWR: Code Cache Roots         12229 us, workers (us): 3309, 5786, 3134, ---, ---, ---, 
[2026-04-03T02:43:57.477+0600][42.266s][info][gc,stats    ]     CWR: VM Weak Roots             2803 us, workers (us): 966, 935, 901, ---, ---, ---, 
[2026-04-03T02:43:57.477+0600][42.266s][info][gc,stats    ]     CWR: CLDG Roots                 214 us, workers (us): ---, ---, 214, ---, ---, ---, 
[2026-04-03T02:43:57.477+0600][42.266s][info][gc,stats    ]   Rendezvous                        577 us
[2026-04-03T02:43:57.477+0600][42.266s][info][gc,stats    ] Concurrent Cleanup                 1277 us
[2026-04-03T02:43:57.477+0600][42.266s][info][gc,stats    ] Concurrent Class Unloading        29989 us
[2026-04-03T02:43:57.477+0600][42.266s][info][gc,stats    ]   Unlink Stale                    25096 us
[2026-04-03T02:43:57.477+0600][42.266s][info][gc,stats    ]     System Dictionary               300 us
[2026-04-03T02:43:57.477+0600][42.266s][info][gc,stats    ]     Weak Class Links                  1 us
[2026-04-03T02:43:57.477+0600][42.266s][info][gc,stats    ]     Code Roots                    24789 us
[2026-04-03T02:43:57.477+0600][42.266s][info][gc,stats    ]   Rendezvous                        567 us
[2026-04-03T02:43:57.477+0600][42.266s][info][gc,stats    ]   Purge Unlinked                   4196 us
[2026-04-03T02:43:57.477+0600][42.266s][info][gc,stats    ]     Code Roots                     4171 us
[2026-04-03T02:43:57.477+0600][42.266s][info][gc,stats    ]     CLDG                             24 us
[2026-04-03T02:43:57.477+0600][42.266s][info][gc,stats    ]     Exception Caches                  0 us
[2026-04-03T02:43:57.477+0600][42.266s][info][gc,stats    ] Concurrent Strong Roots            1564 us, parallelism: 0.72x
[2026-04-03T02:43:57.477+0600][42.266s][info][gc,stats    ]   CSR: <total>                     1131 us
[2026-04-03T02:43:57.477+0600][42.266s][info][gc,stats    ]   CSR: VM Strong Roots               68 us, workers (us):  44,  24,   0, ---, ---, ---, 
[2026-04-03T02:43:57.477+0600][42.266s][info][gc,stats    ]   CSR: CLDG Roots                  1063 us, workers (us): 1063, ---, ---, ---, ---, ---, 
[2026-04-03T02:43:57.477+0600][42.266s][info][gc,stats    ] Concurrent Evacuation              7016 us
[2026-04-03T02:43:57.477+0600][42.266s][info][gc,stats    ] Pause Init Update Refs (G)          511 us
[2026-04-03T02:43:57.477+0600][42.266s][info][gc,stats    ] Pause Init Update Refs (N)          197 us
[2026-04-03T02:43:57.477+0600][42.266s][info][gc,stats    ]   Manage GCLABs                      54 us
[2026-04-03T02:43:57.477+0600][42.266s][info][gc,stats    ] Concurrent Update Refs            54451 us
[2026-04-03T02:43:57.477+0600][42.266s][info][gc,stats    ] Concurrent Update Thread Roots     1626 us
[2026-04-03T02:43:57.477+0600][42.266s][info][gc,stats    ] Pause Final Update Refs (G)         371 us
[2026-04-03T02:43:57.477+0600][42.266s][info][gc,stats    ] Pause Final Update Refs (N)         229 us
[2026-04-03T02:43:57.477+0600][42.266s][info][gc,stats    ]   Update Region States               70 us
[2026-04-03T02:43:57.477+0600][42.266s][info][gc,stats    ]   Trash Collection Set               27 us
[2026-04-03T02:43:57.477+0600][42.266s][info][gc,stats    ]   Rebuild Free Set                   60 us
[2026-04-03T02:43:57.477+0600][42.266s][info][gc,stats    ] Concurrent Cleanup                  732 us
[2026-04-03T02:43:57.477+0600][42.266s][info][gc,stats    ] Pacing                            83250 us
[2026-04-03T02:43:57.477+0600][42.266s][info][gc,stats    ] 
[2026-04-03T02:43:57.477+0600][42.266s][info][gc,stats    ] Allocation pacing accrued:
[2026-04-03T02:43:57.477+0600][42.266s][info][gc,stats    ]      11 of  1209 ms (  0.9%): Executor task launch worker for task 6.0 in stage 919.0 (TID 1955)
[2026-04-03T02:43:57.477+0600][42.266s][info][gc,stats    ]      10 of  1209 ms (  0.8%): Executor task launch worker for task 2.0 in stage 919.0 (TID 1951)
[2026-04-03T02:43:57.477+0600][42.266s][info][gc,stats    ]      10 of  1209 ms (  0.8%): Executor task launch worker for task 4.0 in stage 919.0 (TID 1953)
[2026-04-03T02:43:57.477+0600][42.267s][info][gc,stats    ]      10 of  1209 ms (  0.8%): Executor task launch worker for task 5.0 in stage 919.0 (TID 1954)
[2026-04-03T02:43:57.477+0600][42.267s][info][gc,stats    ]      10 of  1209 ms (  0.8%): Executor task launch worker for task 7.0 in stage 919.0 (TID 1956)
[2026-04-03T02:43:57.477+0600][42.267s][info][gc,stats    ]      10 of  1209 ms (  0.8%): Executor task launch worker for task 0.0 in stage 919.0 (TID 1949)
[2026-04-03T02:43:57.477+0600][42.267s][info][gc,stats    ]      12 of  1209 ms (  1.0%): Executor task launch worker for task 1.0 in stage 919.0 (TID 1950)
[2026-04-03T02:43:57.477+0600][42.267s][info][gc,stats    ]      10 of  1209 ms (  0.8%): Executor task launch worker for task 3.0 in stage 919.0 (TID 1952)
[2026-04-03T02:43:57.477+0600][42.267s][info][gc,stats    ]      83 of  1209 ms (  6.9%): <total>
[2026-04-03T02:43:57.477+0600][42.267s][info][gc,stats    ]       0 of  1209 ms (  0.0%): <average total>
[2026-04-03T02:43:57.477+0600][42.267s][info][gc,stats    ]      10 of  1209 ms (  0.9%): <average non-zero>
[2026-04-03T02:43:57.477+0600][42.267s][info][gc,stats    ] 
[2026-04-03T02:43:57.477+0600][42.267s][info][gc,metaspace] Metaspace: 130573K(131776K)->130575K(131776K) NonClass: 114122K(114752K)->114123K(114752K) Class: 16451K(17024K)->16451K(17024K)
[2026-04-03T02:43:57.477+0600][42.267s][info][gc,ergo     ] Pacer for Idle. Initial: 35840K, Alloc Tax Rate: 1.0x
[2026-04-03T02:43:58.182+0600][42.971s][info][gc          ] Trigger: Average GC time (188.50 ms) is above the time for average allocation rate (2499 MB/s) to deplete free headroom (373M) (margin of error = 1.87)
[2026-04-03T02:43:58.182+0600][42.971s][info][gc,ergo     ] Free headroom: 460M (free) - 89600K (spike) - 0B (penalties) = 373M
[2026-04-03T02:43:58.182+0600][42.971s][info][gc,ergo     ] Free: 460M, Max: 512K regular, 239M humongous, Frag: 48% external, 0% internal; Reserve: 89600K, Max: 512K
[2026-04-03T02:43:58.182+0600][42.971s][info][gc,start    ] GC(22) Concurrent reset
[2026-04-03T02:43:58.182+0600][42.971s][info][gc,task     ] GC(22) Using 3 of 6 workers for concurrent reset
[2026-04-03T02:43:58.182+0600][42.971s][info][gc,ergo     ] GC(22) Pacer for Reset. Non-Taxable: 1750M
[2026-04-03T02:43:58.184+0600][42.973s][info][gc          ] GC(22) Concurrent reset 1.968ms
[2026-04-03T02:43:58.184+0600][42.974s][info][gc,start    ] GC(22) Pause Init Mark (unload classes)
[2026-04-03T02:43:58.184+0600][42.974s][info][gc,task     ] GC(22) Using 6 of 6 workers for init marking
[2026-04-03T02:43:58.184+0600][42.974s][info][gc,ergo     ] GC(22) Pacer for Mark. Expected Live: 90807K, Free: 458M, Non-Taxable: 46913K, Alloc Tax Rate: 0.2x
[2026-04-03T02:43:58.184+0600][42.974s][info][gc          ] GC(22) Pause Init Mark (unload classes) 0.148ms
[2026-04-03T02:43:58.185+0600][42.974s][info][gc,start    ] GC(22) Concurrent marking roots
[2026-04-03T02:43:58.185+0600][42.974s][info][gc,task     ] GC(22) Using 3 of 6 workers for concurrent marking roots
[2026-04-03T02:43:58.186+0600][42.975s][info][gc          ] GC(22) Concurrent marking roots 1.531ms
[2026-04-03T02:43:58.186+0600][42.975s][info][gc,start    ] GC(22) Concurrent marking (unload classes)
[2026-04-03T02:43:58.186+0600][42.976s][info][gc,task     ] GC(22) Using 3 of 6 workers for concurrent marking
[2026-04-03T02:43:58.241+0600][43.030s][info][gc          ] GC(22) Concurrent marking (unload classes) 54.776ms
[2026-04-03T02:43:58.241+0600][43.031s][info][gc,start    ] GC(22) Pause Final Mark (unload classes)
[2026-04-03T02:43:58.241+0600][43.031s][info][gc,task     ] GC(22) Using 6 of 6 workers for final marking
[2026-04-03T02:43:58.242+0600][43.031s][info][gc,ergo     ] GC(22) Adaptive CSet Selection. Target Free: 247M, Actual Free: 1327M, Max CSet: 74666K, Min Garbage: 0B
[2026-04-03T02:43:58.242+0600][43.031s][info][gc,ergo     ] GC(22) Collectable Garbage: 1012M (99%), Immediate: 831M (81%), CSet: 180M (17%)
[2026-04-03T02:43:58.242+0600][43.031s][info][gc,ergo     ] GC(22) Pacer for Evacuation. Used CSet: 189M, Free: 1334M, Non-Taxable: 133M, Alloc Tax Rate: 1.1x
[2026-04-03T02:43:58.242+0600][43.031s][info][gc          ] GC(22) Pause Final Mark (unload classes) 0.739ms
[2026-04-03T02:43:58.242+0600][43.031s][info][gc,start    ] GC(22) Concurrent thread roots
[2026-04-03T02:43:58.242+0600][43.031s][info][gc,task     ] GC(22) Using 3 of 6 workers for Concurrent thread roots
[2026-04-03T02:43:58.243+0600][43.032s][info][gc          ] GC(22) Concurrent thread roots 1.037ms
[2026-04-03T02:43:58.243+0600][43.033s][info][gc,start    ] GC(22) Concurrent weak references
[2026-04-03T02:43:58.243+0600][43.033s][info][gc,task     ] GC(22) Using 3 of 6 workers for concurrent weak references
[2026-04-03T02:43:58.244+0600][43.033s][info][gc,ref      ] GC(22) Encountered references: Soft: 3876, Weak: 17001, Final: 84, Phantom: 620
[2026-04-03T02:43:58.244+0600][43.033s][info][gc,ref      ] GC(22) Discovered  references: Soft: 0, Weak: 10139, Final: 84, Phantom: 601
[2026-04-03T02:43:58.244+0600][43.033s][info][gc,ref      ] GC(22) Enqueued    references: Soft: 0, Weak: 2290, Final: 0, Phantom: 0
[2026-04-03T02:43:58.244+0600][43.034s][info][gc          ] GC(22) Concurrent weak references 0.987ms
[2026-04-03T02:43:58.244+0600][43.034s][info][gc,start    ] GC(22) Concurrent weak roots
[2026-04-03T02:43:58.244+0600][43.034s][info][gc,task     ] GC(22) Using 3 of 6 workers for concurrent weak root
[2026-04-03T02:43:58.249+0600][43.038s][info][gc          ] GC(22) Concurrent weak roots 4.486ms
[2026-04-03T02:43:58.249+0600][43.038s][info][gc,start    ] GC(22) Concurrent cleanup
[2026-04-03T02:43:58.250+0600][43.039s][info][gc          ] GC(22) Concurrent cleanup 1154M->323M(1524M) 0.764ms
[2026-04-03T02:43:58.250+0600][43.039s][info][gc,ergo     ] GC(22) Free: 1332M, Max: 512K regular, 306M humongous, Frag: 78% external, 0% internal; Reserve: 89002K, Max: 512K
[2026-04-03T02:43:58.250+0600][43.039s][info][gc,start    ] GC(22) Concurrent class unloading
[2026-04-03T02:43:58.250+0600][43.039s][info][gc,task     ] GC(22) Using 3 of 6 workers for concurrent class unloading
[2026-04-03T02:43:58.272+0600][43.062s][info][gc          ] GC(22) Concurrent class unloading 22.726ms
[2026-04-03T02:43:58.273+0600][43.062s][info][gc,start    ] GC(22) Concurrent strong roots
[2026-04-03T02:43:58.273+0600][43.062s][info][gc,task     ] GC(22) Using 3 of 6 workers for concurrent strong root
[2026-04-03T02:43:58.274+0600][43.063s][info][gc          ] GC(22) Concurrent strong roots 1.409ms
[2026-04-03T02:43:58.274+0600][43.063s][info][gc,start    ] GC(22) Concurrent evacuation
[2026-04-03T02:43:58.274+0600][43.063s][info][gc,task     ] GC(22) Using 3 of 6 workers for concurrent evacuation
[2026-04-03T02:43:58.279+0600][43.068s][info][gc          ] GC(22) Concurrent evacuation 4.727ms
[2026-04-03T02:43:58.280+0600][43.069s][info][gc,start    ] GC(22) Pause Init Update Refs
[2026-04-03T02:43:58.280+0600][43.069s][info][gc,ergo     ] GC(22) Pacer for Update Refs. Used: 496M, Free: 1150M, Non-Taxable: 115M, Alloc Tax Rate: 1.1x
[2026-04-03T02:43:58.280+0600][43.069s][info][gc          ] GC(22) Pause Init Update Refs 0.149ms
[2026-04-03T02:43:58.280+0600][43.069s][info][gc,start    ] GC(22) Concurrent update references
[2026-04-03T02:43:58.280+0600][43.069s][info][gc,task     ] GC(22) Using 3 of 6 workers for concurrent reference update
[2026-04-03T02:43:58.333+0600][43.123s][info][gc          ] GC(22) Concurrent update references 53.329ms
[2026-04-03T02:43:58.333+0600][43.123s][info][gc,start    ] GC(22) Concurrent update thread roots
[2026-04-03T02:43:58.335+0600][43.125s][info][gc          ] GC(22) Concurrent update thread roots 1.979ms
[2026-04-03T02:43:58.336+0600][43.125s][info][gc,start    ] GC(22) Pause Final Update Refs
[2026-04-03T02:43:58.336+0600][43.125s][info][gc,task     ] GC(22) Using 6 of 6 workers for final reference update
[2026-04-03T02:43:58.336+0600][43.126s][info][gc          ] GC(22) Pause Final Update Refs 0.261ms
[2026-04-03T02:43:58.336+0600][43.126s][info][gc,start    ] GC(22) Concurrent cleanup
[2026-04-03T02:43:58.337+0600][43.126s][info][gc          ] GC(22) Concurrent cleanup 628M->439M(1524M) 0.790ms
[2026-04-03T02:43:58.337+0600][43.127s][info][gc,ergo     ] Free: 1181M, Max: 512K regular, 457M humongous, Frag: 62% external, 0% internal; Reserve: 89600K, Max: 512K
[2026-04-03T02:43:58.337+0600][43.127s][info][gc,stats    ] 
[2026-04-03T02:43:58.337+0600][43.127s][info][gc,stats    ] All times are wall-clock times, except per-root-class counters, that are sum over
[2026-04-03T02:43:58.337+0600][43.127s][info][gc,stats    ] all workers. Dividing the <total> over the root stage time estimates parallelism.
[2026-04-03T02:43:58.337+0600][43.127s][info][gc,stats    ] 
[2026-04-03T02:43:58.337+0600][43.127s][info][gc,stats    ] Concurrent Reset                   2040 us
[2026-04-03T02:43:58.337+0600][43.127s][info][gc,stats    ] Pause Init Mark (G)                 595 us
[2026-04-03T02:43:58.337+0600][43.127s][info][gc,stats    ] Pause Init Mark (N)                 161 us
[2026-04-03T02:43:58.337+0600][43.127s][info][gc,stats    ]   Update Region States               42 us
[2026-04-03T02:43:58.337+0600][43.127s][info][gc,stats    ] Concurrent Mark Roots              1590 us, parallelism: 1.90x
[2026-04-03T02:43:58.337+0600][43.127s][info][gc,stats    ]   CMR: <total>                     3023 us
[2026-04-03T02:43:58.337+0600][43.127s][info][gc,stats    ]   CMR: Thread Roots                2542 us, workers (us): 980, 1015, 546, ---, ---, ---, 
[2026-04-03T02:43:58.337+0600][43.127s][info][gc,stats    ]   CMR: VM Strong Roots               58 us, workers (us):  29,  14,  15, ---, ---, ---, 
[2026-04-03T02:43:58.337+0600][43.127s][info][gc,stats    ]   CMR: CLDG Roots                   423 us, workers (us): ---, ---, 423, ---, ---, ---, 
[2026-04-03T02:43:58.337+0600][43.127s][info][gc,stats    ] Concurrent Marking                54868 us
[2026-04-03T02:43:58.337+0600][43.127s][info][gc,stats    ] Pause Final Mark (G)               1040 us
[2026-04-03T02:43:58.337+0600][43.127s][info][gc,stats    ] Pause Final Mark (N)                749 us
[2026-04-03T02:43:58.337+0600][43.127s][info][gc,stats    ]   Finish Mark                       270 us
[2026-04-03T02:43:58.337+0600][43.127s][info][gc,stats    ]   Update Region States               48 us
[2026-04-03T02:43:58.337+0600][43.127s][info][gc,stats    ]   Choose Collection Set             232 us
[2026-04-03T02:43:58.337+0600][43.127s][info][gc,stats    ]   Rebuild Free Set                   43 us
[2026-04-03T02:43:58.337+0600][43.127s][info][gc,stats    ] Concurrent Thread Roots            1103 us, parallelism: 2.08x
[2026-04-03T02:43:58.338+0600][43.127s][info][gc,stats    ]   CTR: <total>                     2296 us
[2026-04-03T02:43:58.338+0600][43.127s][info][gc,stats    ]   CTR: Thread Roots                2296 us, workers (us): 766, 760, 769, ---, ---, ---, 
[2026-04-03T02:43:58.338+0600][43.127s][info][gc,stats    ] Concurrent Weak References         1004 us, parallelism: 1.83x
[2026-04-03T02:43:58.338+0600][43.127s][info][gc,stats    ]   CWRF: <total>                    1833 us
[2026-04-03T02:43:58.338+0600][43.127s][info][gc,stats    ]   CWRF: Weak References            1833 us, workers (us): 585, 696, 551, ---, ---, ---, 
[2026-04-03T02:43:58.338+0600][43.127s][info][gc,stats    ] Concurrent Weak Roots              4599 us
[2026-04-03T02:43:58.338+0600][43.127s][info][gc,stats    ]   Roots                            4163 us, parallelism: 2.63x
[2026-04-03T02:43:58.338+0600][43.127s][info][gc,stats    ]     CWR: <total>                  10933 us
[2026-04-03T02:43:58.338+0600][43.127s][info][gc,stats    ]     CWR: Code Cache Roots          8270 us, workers (us): 2647, 2695, 2928, ---, ---, ---, 
[2026-04-03T02:43:58.338+0600][43.127s][info][gc,stats    ]     CWR: VM Weak Roots             2554 us, workers (us): 859, 854, 841, ---, ---, ---, 
[2026-04-03T02:43:58.338+0600][43.127s][info][gc,stats    ]     CWR: CLDG Roots                 109 us, workers (us): 109, ---, ---, ---, ---, ---, 
[2026-04-03T02:43:58.338+0600][43.127s][info][gc,stats    ]   Rendezvous                        290 us
[2026-04-03T02:43:58.338+0600][43.127s][info][gc,stats    ] Concurrent Cleanup                  849 us
[2026-04-03T02:43:58.338+0600][43.127s][info][gc,stats    ] Concurrent Class Unloading        22828 us
[2026-04-03T02:43:58.338+0600][43.127s][info][gc,stats    ]   Unlink Stale                    19913 us
[2026-04-03T02:43:58.338+0600][43.127s][info][gc,stats    ]     System Dictionary               338 us
[2026-04-03T02:43:58.338+0600][43.127s][info][gc,stats    ]     Weak Class Links                  1 us
[2026-04-03T02:43:58.338+0600][43.127s][info][gc,stats    ]     Code Roots                    19568 us
[2026-04-03T02:43:58.338+0600][43.127s][info][gc,stats    ]   Rendezvous                        501 us
[2026-04-03T02:43:58.338+0600][43.127s][info][gc,stats    ]   Purge Unlinked                   2260 us
[2026-04-03T02:43:58.338+0600][43.127s][info][gc,stats    ]     Code Roots                     2243 us
[2026-04-03T02:43:58.338+0600][43.127s][info][gc,stats    ]     CLDG                             15 us
[2026-04-03T02:43:58.338+0600][43.127s][info][gc,stats    ]     Exception Caches                  1 us
[2026-04-03T02:43:58.338+0600][43.127s][info][gc,stats    ] Concurrent Strong Roots            1457 us, parallelism: 0.64x
[2026-04-03T02:43:58.338+0600][43.127s][info][gc,stats    ]   CSR: <total>                      931 us
[2026-04-03T02:43:58.338+0600][43.127s][info][gc,stats    ]   CSR: VM Strong Roots               68 us, workers (us):  22,  23,  23, ---, ---, ---, 
[2026-04-03T02:43:58.338+0600][43.127s][info][gc,stats    ]   CSR: CLDG Roots                   863 us, workers (us): 863, ---, ---, ---, ---, ---, 
[2026-04-03T02:43:58.338+0600][43.127s][info][gc,stats    ] Concurrent Evacuation              4881 us
[2026-04-03T02:43:58.338+0600][43.127s][info][gc,stats    ] Pause Init Update Refs (G)         1066 us
[2026-04-03T02:43:58.338+0600][43.127s][info][gc,stats    ] Pause Init Update Refs (N)          162 us
[2026-04-03T02:43:58.338+0600][43.127s][info][gc,stats    ]   Manage GCLABs                      43 us
[2026-04-03T02:43:58.338+0600][43.127s][info][gc,stats    ] Concurrent Update Refs            53455 us
[2026-04-03T02:43:58.338+0600][43.127s][info][gc,stats    ] Concurrent Update Thread Roots     2109 us
[2026-04-03T02:43:58.338+0600][43.127s][info][gc,stats    ] Pause Final Update Refs (G)         710 us
[2026-04-03T02:43:58.338+0600][43.127s][info][gc,stats    ] Pause Final Update Refs (N)         281 us
[2026-04-03T02:43:58.338+0600][43.127s][info][gc,stats    ]   Update Region States               83 us
[2026-04-03T02:43:58.338+0600][43.127s][info][gc,stats    ]   Trash Collection Set               23 us
[2026-04-03T02:43:58.338+0600][43.127s][info][gc,stats    ]   Rebuild Free Set                   63 us
[2026-04-03T02:43:58.338+0600][43.127s][info][gc,stats    ] Concurrent Cleanup                  822 us
[2026-04-03T02:43:58.338+0600][43.127s][info][gc,stats    ] Pacing                            65565 us
[2026-04-03T02:43:58.338+0600][43.127s][info][gc,stats    ] 
[2026-04-03T02:43:58.338+0600][43.127s][info][gc,stats    ] Allocation pacing accrued:
[2026-04-03T02:43:58.338+0600][43.127s][info][gc,stats    ]      10 of   861 ms (  1.1%): Spark Context Cleaner
[2026-04-03T02:43:58.338+0600][43.127s][info][gc,stats    ]       9 of   861 ms (  1.1%): Executor task launch worker for task 0.0 in stage 1042.0 (TID 2043)
[2026-04-03T02:43:58.338+0600][43.127s][info][gc,stats    ]       9 of   861 ms (  1.0%): Executor task launch worker for task 1.0 in stage 1042.0 (TID 2044)
[2026-04-03T02:43:58.338+0600][43.128s][info][gc,stats    ]       9 of   861 ms (  1.0%): Executor task launch worker for task 3.0 in stage 1042.0 (TID 2046)
[2026-04-03T02:43:58.338+0600][43.128s][info][gc,stats    ]      10 of   861 ms (  1.1%): Executor task launch worker for task 2.0 in stage 1042.0 (TID 2045)
[2026-04-03T02:43:58.338+0600][43.128s][info][gc,stats    ]      10 of   861 ms (  1.1%): block-manager-storage-async-thread-pool-47
[2026-04-03T02:43:58.338+0600][43.128s][info][gc,stats    ]      10 of   861 ms (  1.1%): block-manager-storage-async-thread-pool-53
[2026-04-03T02:43:58.338+0600][43.128s][info][gc,stats    ]      66 of   861 ms (  7.6%): <total>
[2026-04-03T02:43:58.338+0600][43.128s][info][gc,stats    ]       0 of   861 ms (  0.0%): <average total>
[2026-04-03T02:43:58.338+0600][43.128s][info][gc,stats    ]       9 of   861 ms (  1.1%): <average non-zero>
[2026-04-03T02:43:58.338+0600][43.128s][info][gc,stats    ] 
[2026-04-03T02:43:58.338+0600][43.128s][info][gc,metaspace] Metaspace: 130681K(131840K)->130720K(131904K) NonClass: 114215K(114816K)->114253K(114880K) Class: 16466K(17024K)->16466K(17024K)
[2026-04-03T02:43:58.338+0600][43.128s][info][gc,ergo     ] Pacer for Idle. Initial: 35840K, Alloc Tax Rate: 1.0x
[2026-04-03T02:43:59.253+0600][44.042s][info][gc          ] Trigger: Average GC time (185.72 ms) is above the time for average allocation rate (1223 MB/s) to deplete free headroom (226M) (margin of error = 1.88)
[2026-04-03T02:43:59.253+0600][44.043s][info][gc,ergo     ] Free headroom: 314M (free) - 89600K (spike) - 0B (penalties) = 226M
[2026-04-03T02:43:59.253+0600][44.043s][info][gc,ergo     ] Free: 314M, Max: 512K regular, 313M humongous, Frag: 0% external, 0% internal; Reserve: 89600K, Max: 512K
[2026-04-03T02:43:59.253+0600][44.043s][info][gc,start    ] GC(23) Concurrent reset
[2026-04-03T02:43:59.253+0600][44.043s][info][gc,task     ] GC(23) Using 3 of 6 workers for concurrent reset
[2026-04-03T02:43:59.253+0600][44.043s][info][gc,ergo     ] GC(23) Pacer for Reset. Non-Taxable: 1750M
[2026-04-03T02:43:59.255+0600][44.044s][info][gc          ] GC(23) Concurrent reset 1.473ms
[2026-04-03T02:43:59.255+0600][44.044s][info][gc,start    ] GC(23) Pause Init Mark (unload classes)
[2026-04-03T02:43:59.255+0600][44.045s][info][gc,task     ] GC(23) Using 6 of 6 workers for init marking
[2026-04-03T02:43:59.255+0600][44.045s][info][gc,ergo     ] GC(23) Pacer for Mark. Expected Live: 91132K, Free: 313M, Non-Taxable: 32116K, Alloc Tax Rate: 0.3x
[2026-04-03T02:43:59.255+0600][44.045s][info][gc          ] GC(23) Pause Init Mark (unload classes) 0.152ms
[2026-04-03T02:43:59.255+0600][44.045s][info][gc,start    ] GC(23) Concurrent marking roots
[2026-04-03T02:43:59.255+0600][44.045s][info][gc,task     ] GC(23) Using 3 of 6 workers for concurrent marking roots
[2026-04-03T02:43:59.258+0600][44.048s][info][gc          ] GC(23) Concurrent marking roots 2.848ms
[2026-04-03T02:43:59.258+0600][44.048s][info][gc,start    ] GC(23) Concurrent marking (unload classes)
[2026-04-03T02:43:59.258+0600][44.048s][info][gc,task     ] GC(23) Using 3 of 6 workers for concurrent marking
[2026-04-03T02:43:59.324+0600][44.114s][info][gc          ] GC(23) Concurrent marking (unload classes) 66.003ms
[2026-04-03T02:43:59.325+0600][44.114s][info][gc,start    ] GC(23) Pause Final Mark (unload classes)
[2026-04-03T02:43:59.325+0600][44.114s][info][gc,task     ] GC(23) Using 6 of 6 workers for final marking
[2026-04-03T02:43:59.325+0600][44.115s][info][gc,ergo     ] GC(23) Adaptive CSet Selection. Target Free: 247M, Actual Free: 1239M, Max CSet: 74666K, Min Garbage: 0B
[2026-04-03T02:43:59.325+0600][44.115s][info][gc,ergo     ] GC(23) Collectable Garbage: 1133M (99%), Immediate: 892M (78%), CSet: 240M (21%)
[2026-04-03T02:43:59.325+0600][44.115s][info][gc,ergo     ] GC(23) Pacer for Evacuation. Used CSet: 250M, Free: 1270M, Non-Taxable: 127M, Alloc Tax Rate: 1.1x
[2026-04-03T02:43:59.325+0600][44.115s][info][gc          ] GC(23) Pause Final Mark (unload classes) 0.949ms
[2026-04-03T02:43:59.326+0600][44.115s][info][gc,start    ] GC(23) Concurrent thread roots
[2026-04-03T02:43:59.326+0600][44.115s][info][gc,task     ] GC(23) Using 3 of 6 workers for Concurrent thread roots
[2026-04-03T02:43:59.329+0600][44.119s][info][gc          ] GC(23) Concurrent thread roots 3.550ms
[2026-04-03T02:43:59.329+0600][44.119s][info][gc,start    ] GC(23) Concurrent weak references
[2026-04-03T02:43:59.329+0600][44.119s][info][gc,task     ] GC(23) Using 3 of 6 workers for concurrent weak references
[2026-04-03T02:43:59.330+0600][44.119s][info][gc,ref      ] GC(23) Encountered references: Soft: 3876, Weak: 16145, Final: 84, Phantom: 620
[2026-04-03T02:43:59.330+0600][44.119s][info][gc,ref      ] GC(23) Discovered  references: Soft: 0, Weak: 8833, Final: 52, Phantom: 603
[2026-04-03T02:43:59.330+0600][44.119s][info][gc,ref      ] GC(23) Enqueued    references: Soft: 0, Weak: 629, Final: 0, Phantom: 0
[2026-04-03T02:43:59.330+0600][44.119s][info][gc          ] GC(23) Concurrent weak references 0.804ms
[2026-04-03T02:43:59.330+0600][44.119s][info][gc,start    ] GC(23) Concurrent weak roots
[2026-04-03T02:43:59.330+0600][44.120s][info][gc,task     ] GC(23) Using 3 of 6 workers for concurrent weak root
[2026-04-03T02:43:59.337+0600][44.127s][info][gc          ] GC(23) Concurrent weak roots 7.158ms
[2026-04-03T02:43:59.337+0600][44.127s][info][gc,start    ] GC(23) Concurrent cleanup
[2026-04-03T02:43:59.339+0600][44.128s][info][gc          ] GC(23) Concurrent cleanup 1285M->393M(1524M) 1.393ms
[2026-04-03T02:43:59.339+0600][44.128s][info][gc,ergo     ] GC(23) Free: 1263M, Max: 512K regular, 252M humongous, Frag: 80% external, 0% internal; Reserve: 87952K, Max: 512K
[2026-04-03T02:43:59.339+0600][44.128s][info][gc,start    ] GC(23) Concurrent class unloading
[2026-04-03T02:43:59.339+0600][44.128s][info][gc,task     ] GC(23) Using 3 of 6 workers for concurrent class unloading
[2026-04-03T02:43:59.363+0600][44.152s][info][gc          ] GC(23) Concurrent class unloading 24.060ms
[2026-04-03T02:43:59.363+0600][44.152s][info][gc,start    ] GC(23) Concurrent strong roots
[2026-04-03T02:43:59.363+0600][44.152s][info][gc,task     ] GC(23) Using 3 of 6 workers for concurrent strong root
[2026-04-03T02:43:59.364+0600][44.154s][info][gc          ] GC(23) Concurrent strong roots 1.180ms
[2026-04-03T02:43:59.364+0600][44.154s][info][gc,start    ] GC(23) Concurrent evacuation
[2026-04-03T02:43:59.364+0600][44.154s][info][gc,task     ] GC(23) Using 3 of 6 workers for concurrent evacuation
[2026-04-03T02:43:59.369+0600][44.158s][info][gc          ] GC(23) Concurrent evacuation 4.785ms
[2026-04-03T02:43:59.369+0600][44.159s][info][gc,start    ] GC(23) Pause Init Update Refs
[2026-04-03T02:43:59.369+0600][44.159s][info][gc,ergo     ] GC(23) Pacer for Update Refs. Used: 426M, Free: 1235M, Non-Taxable: 123M, Alloc Tax Rate: 1.1x
[2026-04-03T02:43:59.369+0600][44.159s][info][gc          ] GC(23) Pause Init Update Refs 0.121ms
[2026-04-03T02:43:59.370+0600][44.159s][info][gc,start    ] GC(23) Concurrent update references
[2026-04-03T02:43:59.370+0600][44.159s][info][gc,task     ] GC(23) Using 3 of 6 workers for concurrent reference update
[2026-04-03T02:43:59.418+0600][44.208s][info][gc          ] GC(23) Concurrent update references 48.687ms
[2026-04-03T02:43:59.418+0600][44.208s][info][gc,start    ] GC(23) Concurrent update thread roots
[2026-04-03T02:43:59.420+0600][44.209s][info][gc          ] GC(23) Concurrent update thread roots 1.375ms
[2026-04-03T02:43:59.420+0600][44.209s][info][gc,start    ] GC(23) Pause Final Update Refs
[2026-04-03T02:43:59.420+0600][44.209s][info][gc,task     ] GC(23) Using 6 of 6 workers for final reference update
[2026-04-03T02:43:59.420+0600][44.210s][info][gc          ] GC(23) Pause Final Update Refs 0.265ms
[2026-04-03T02:43:59.421+0600][44.210s][info][gc,start    ] GC(23) Concurrent cleanup
[2026-04-03T02:43:59.421+0600][44.211s][info][gc          ] GC(23) Concurrent cleanup 466M->216M(1524M) 0.801ms
[2026-04-03T02:43:59.421+0600][44.211s][info][gc,ergo     ] Free: 1430M, Max: 512K regular, 986M humongous, Frag: 31% external, 0% internal; Reserve: 89600K, Max: 512K
[2026-04-03T02:43:59.421+0600][44.211s][info][gc,stats    ] 
[2026-04-03T02:43:59.421+0600][44.211s][info][gc,stats    ] All times are wall-clock times, except per-root-class counters, that are sum over
[2026-04-03T02:43:59.421+0600][44.211s][info][gc,stats    ] all workers. Dividing the <total> over the root stage time estimates parallelism.
[2026-04-03T02:43:59.421+0600][44.211s][info][gc,stats    ] 
[2026-04-03T02:43:59.421+0600][44.211s][info][gc,stats    ] Concurrent Reset                   1562 us
[2026-04-03T02:43:59.421+0600][44.211s][info][gc,stats    ] Pause Init Mark (G)                 611 us
[2026-04-03T02:43:59.421+0600][44.211s][info][gc,stats    ] Pause Init Mark (N)                 161 us
[2026-04-03T02:43:59.421+0600][44.211s][info][gc,stats    ]   Update Region States               30 us
[2026-04-03T02:43:59.421+0600][44.211s][info][gc,stats    ] Concurrent Mark Roots              2913 us, parallelism: 2.06x
[2026-04-03T02:43:59.421+0600][44.211s][info][gc,stats    ]   CMR: <total>                     6003 us
[2026-04-03T02:43:59.422+0600][44.211s][info][gc,stats    ]   CMR: Thread Roots                5547 us, workers (us): 1458, 2365, 1724, ---, ---, ---, 
[2026-04-03T02:43:59.422+0600][44.211s][info][gc,stats    ]   CMR: VM Strong Roots               61 us, workers (us):  30,  30,   1, ---, ---, ---, 
[2026-04-03T02:43:59.422+0600][44.211s][info][gc,stats    ]   CMR: CLDG Roots                   395 us, workers (us): 395, ---, ---, ---, ---, ---, 
[2026-04-03T02:43:59.422+0600][44.211s][info][gc,stats    ] Concurrent Marking                66088 us
[2026-04-03T02:43:59.422+0600][44.211s][info][gc,stats    ] Pause Final Mark (G)               1265 us
[2026-04-03T02:43:59.422+0600][44.211s][info][gc,stats    ] Pause Final Mark (N)                963 us
[2026-04-03T02:43:59.422+0600][44.211s][info][gc,stats    ]   Finish Mark                       373 us
[2026-04-03T02:43:59.422+0600][44.211s][info][gc,stats    ]   Update Region States               55 us
[2026-04-03T02:43:59.422+0600][44.211s][info][gc,stats    ]   Choose Collection Set             295 us
[2026-04-03T02:43:59.422+0600][44.211s][info][gc,stats    ]   Rebuild Free Set                   59 us
[2026-04-03T02:43:59.422+0600][44.211s][info][gc,stats    ] Concurrent Thread Roots            3628 us, parallelism: 2.06x
[2026-04-03T02:43:59.422+0600][44.211s][info][gc,stats    ]   CTR: <total>                     7487 us
[2026-04-03T02:43:59.422+0600][44.211s][info][gc,stats    ]   CTR: Thread Roots                7487 us, workers (us): 2248, 1899, 3339, ---, ---, ---, 
[2026-04-03T02:43:59.422+0600][44.211s][info][gc,stats    ] Concurrent Weak References          818 us, parallelism: 1.52x
[2026-04-03T02:43:59.422+0600][44.211s][info][gc,stats    ]   CWRF: <total>                    1245 us
[2026-04-03T02:43:59.422+0600][44.211s][info][gc,stats    ]   CWRF: Weak References            1245 us, workers (us): 178, 397, 670, ---, ---, ---, 
[2026-04-03T02:43:59.422+0600][44.211s][info][gc,stats    ] Concurrent Weak Roots              7270 us
[2026-04-03T02:43:59.422+0600][44.211s][info][gc,stats    ]   Roots                            6661 us, parallelism: 2.24x
[2026-04-03T02:43:59.422+0600][44.211s][info][gc,stats    ]     CWR: <total>                  14903 us
[2026-04-03T02:43:59.422+0600][44.211s][info][gc,stats    ]     CWR: Code Cache Roots         10678 us, workers (us): 3879, 3076, 3723, ---, ---, ---, 
[2026-04-03T02:43:59.422+0600][44.211s][info][gc,stats    ]     CWR: VM Weak Roots             3962 us, workers (us): 2055, 1905,   3, ---, ---, ---, 
[2026-04-03T02:43:59.422+0600][44.211s][info][gc,stats    ]     CWR: CLDG Roots                 263 us, workers (us): 263, ---, ---, ---, ---, ---, 
[2026-04-03T02:43:59.422+0600][44.211s][info][gc,stats    ]   Rendezvous                        462 us
[2026-04-03T02:43:59.422+0600][44.211s][info][gc,stats    ] Concurrent Cleanup                 1425 us
[2026-04-03T02:43:59.422+0600][44.211s][info][gc,stats    ] Concurrent Class Unloading        24150 us
[2026-04-03T02:43:59.422+0600][44.211s][info][gc,stats    ]   Unlink Stale                    21236 us
[2026-04-03T02:43:59.422+0600][44.211s][info][gc,stats    ]     System Dictionary               317 us
[2026-04-03T02:43:59.422+0600][44.211s][info][gc,stats    ]     Weak Class Links                  1 us
[2026-04-03T02:43:59.422+0600][44.211s][info][gc,stats    ]     Code Roots                    20914 us
[2026-04-03T02:43:59.422+0600][44.211s][info][gc,stats    ]   Rendezvous                        331 us
[2026-04-03T02:43:59.422+0600][44.211s][info][gc,stats    ]   Purge Unlinked                   2450 us
[2026-04-03T02:43:59.422+0600][44.211s][info][gc,stats    ]     Code Roots                     2433 us
[2026-04-03T02:43:59.422+0600][44.211s][info][gc,stats    ]     CLDG                             15 us
[2026-04-03T02:43:59.422+0600][44.211s][info][gc,stats    ]     Exception Caches                  0 us
[2026-04-03T02:43:59.422+0600][44.211s][info][gc,stats    ] Concurrent Strong Roots            1212 us, parallelism: 0.66x
[2026-04-03T02:43:59.422+0600][44.211s][info][gc,stats    ]   CSR: <total>                      795 us
[2026-04-03T02:43:59.422+0600][44.211s][info][gc,stats    ]   CSR: VM Strong Roots               51 us, workers (us):  26,  25,   0, ---, ---, ---, 
[2026-04-03T02:43:59.422+0600][44.211s][info][gc,stats    ]   CSR: CLDG Roots                   744 us, workers (us): 744, ---, ---, ---, ---, ---, 
[2026-04-03T02:43:59.422+0600][44.211s][info][gc,stats    ] Concurrent Evacuation              4854 us
[2026-04-03T02:43:59.422+0600][44.211s][info][gc,stats    ] Pause Init Update Refs (G)          558 us
[2026-04-03T02:43:59.422+0600][44.211s][info][gc,stats    ] Pause Init Update Refs (N)          136 us
[2026-04-03T02:43:59.422+0600][44.211s][info][gc,stats    ]   Manage GCLABs                      45 us
[2026-04-03T02:43:59.422+0600][44.211s][info][gc,stats    ] Concurrent Update Refs            48761 us
[2026-04-03T02:43:59.422+0600][44.211s][info][gc,stats    ] Concurrent Update Thread Roots     1429 us
[2026-04-03T02:43:59.422+0600][44.211s][info][gc,stats    ] Pause Final Update Refs (G)         616 us
[2026-04-03T02:43:59.422+0600][44.211s][info][gc,stats    ] Pause Final Update Refs (N)         295 us
[2026-04-03T02:43:59.422+0600][44.211s][info][gc,stats    ]   Update Region States               72 us
[2026-04-03T02:43:59.422+0600][44.211s][info][gc,stats    ]   Trash Collection Set               31 us
[2026-04-03T02:43:59.422+0600][44.211s][info][gc,stats    ]   Rebuild Free Set                   70 us
[2026-04-03T02:43:59.422+0600][44.211s][info][gc,stats    ] Concurrent Cleanup                  825 us
[2026-04-03T02:43:59.422+0600][44.211s][info][gc,stats    ] Pacing                           141150 us
[2026-04-03T02:43:59.422+0600][44.211s][info][gc,stats    ] 
[2026-04-03T02:43:59.422+0600][44.211s][info][gc,stats    ] Allocation pacing accrued:
[2026-04-03T02:43:59.422+0600][44.211s][info][gc,stats    ]      17 of  1084 ms (  1.6%): Executor task launch worker for task 1.0 in stage 1077.0 (TID 2196)
[2026-04-03T02:43:59.422+0600][44.211s][info][gc,stats    ]      18 of  1084 ms (  1.6%): Executor task launch worker for task 5.0 in stage 1077.0 (TID 2200)
[2026-04-03T02:43:59.422+0600][44.211s][info][gc,stats    ]      16 of  1084 ms (  1.5%): Executor task launch worker for task 6.0 in stage 1077.0 (TID 2201)
[2026-04-03T02:43:59.422+0600][44.211s][info][gc,stats    ]      18 of  1084 ms (  1.7%): Executor task launch worker for task 4.0 in stage 1077.0 (TID 2199)
[2026-04-03T02:43:59.422+0600][44.211s][info][gc,stats    ]      17 of  1084 ms (  1.6%): Executor task launch worker for task 2.0 in stage 1077.0 (TID 2197)
[2026-04-03T02:43:59.422+0600][44.211s][info][gc,stats    ]      16 of  1084 ms (  1.4%): Executor task launch worker for task 7.0 in stage 1077.0 (TID 2202)
[2026-04-03T02:43:59.422+0600][44.211s][info][gc,stats    ]      18 of  1084 ms (  1.6%): Executor task launch worker for task 3.0 in stage 1077.0 (TID 2198)
[2026-04-03T02:43:59.422+0600][44.211s][info][gc,stats    ]      21 of  1084 ms (  2.0%): Executor task launch worker for task 0.0 in stage 1077.0 (TID 2195)
[2026-04-03T02:43:59.422+0600][44.211s][info][gc,stats    ]     141 of  1084 ms ( 13.0%): <total>
[2026-04-03T02:43:59.422+0600][44.211s][info][gc,stats    ]       0 of  1084 ms (  0.0%): <average total>
[2026-04-03T02:43:59.422+0600][44.211s][info][gc,stats    ]      18 of  1084 ms (  1.6%): <average non-zero>
[2026-04-03T02:43:59.422+0600][44.211s][info][gc,stats    ] 
[2026-04-03T02:43:59.422+0600][44.211s][info][gc,metaspace] Metaspace: 130759K(131904K)->130759K(131904K) NonClass: 114291K(114880K)->114291K(114880K) Class: 16467K(17024K)->16467K(17024K)
[2026-04-03T02:43:59.422+0600][44.211s][info][gc,ergo     ] Pacer for Idle. Initial: 35840K, Alloc Tax Rate: 1.0x
[2026-04-03T02:44:00.209+0600][44.998s][info][gc          ] Trigger: Average GC time (181.48 ms) is above the time for average allocation rate (1348 MB/s) to deplete free headroom (233M) (margin of error = 1.88)
[2026-04-03T02:44:00.209+0600][44.998s][info][gc,ergo     ] Free headroom: 321M (free) - 89600K (spike) - 0B (penalties) = 233M
[2026-04-03T02:44:00.209+0600][44.998s][info][gc,ergo     ] Free: 320M, Max: 512K regular, 253M humongous, Frag: 21% external, 0% internal; Reserve: 89600K, Max: 512K
[2026-04-03T02:44:00.209+0600][44.998s][info][gc,start    ] GC(24) Concurrent reset
[2026-04-03T02:44:00.209+0600][44.998s][info][gc,task     ] GC(24) Using 3 of 6 workers for concurrent reset
[2026-04-03T02:44:00.209+0600][44.998s][info][gc,ergo     ] GC(24) Pacer for Reset. Non-Taxable: 1750M
[2026-04-03T02:44:00.211+0600][45.000s][info][gc          ] GC(24) Concurrent reset 1.894ms
[2026-04-03T02:44:00.211+0600][45.001s][info][gc,start    ] GC(24) Pause Init Mark (unload classes)
[2026-04-03T02:44:00.211+0600][45.001s][info][gc,task     ] GC(24) Using 6 of 6 workers for init marking
[2026-04-03T02:44:00.212+0600][45.001s][info][gc,ergo     ] GC(24) Pacer for Mark. Expected Live: 91264K, Free: 288M, Non-Taxable: 29493K, Alloc Tax Rate: 0.4x
[2026-04-03T02:44:00.212+0600][45.001s][info][gc          ] GC(24) Pause Init Mark (unload classes) 0.128ms
[2026-04-03T02:44:00.212+0600][45.001s][info][gc,start    ] GC(24) Concurrent marking roots
[2026-04-03T02:44:00.212+0600][45.001s][info][gc,task     ] GC(24) Using 3 of 6 workers for concurrent marking roots
[2026-04-03T02:44:00.213+0600][45.003s][info][gc          ] GC(24) Concurrent marking roots 1.905ms
[2026-04-03T02:44:00.214+0600][45.003s][info][gc,start    ] GC(24) Concurrent marking (unload classes)
[2026-04-03T02:44:00.214+0600][45.003s][info][gc,task     ] GC(24) Using 3 of 6 workers for concurrent marking
[2026-04-03T02:44:00.260+0600][45.050s][info][gc          ] GC(24) Concurrent marking (unload classes) 46.679ms
[2026-04-03T02:44:00.261+0600][45.051s][info][gc,start    ] GC(24) Pause Final Mark (unload classes)
[2026-04-03T02:44:00.261+0600][45.051s][info][gc,task     ] GC(24) Using 6 of 6 workers for final marking
[2026-04-03T02:44:00.262+0600][45.051s][info][gc,ergo     ] GC(24) Adaptive CSet Selection. Target Free: 247M, Actual Free: 1187M, Max CSet: 74666K, Min Garbage: 0B
[2026-04-03T02:44:00.262+0600][45.051s][info][gc,ergo     ] GC(24) Collectable Garbage: 1148M (99%), Immediate: 942M (81%), CSet: 206M (17%)
[2026-04-03T02:44:00.262+0600][45.051s][info][gc,ergo     ] GC(24) Pacer for Evacuation. Used CSet: 217M, Free: 1208M, Non-Taxable: 120M, Alloc Tax Rate: 1.1x
[2026-04-03T02:44:00.262+0600][45.051s][info][gc          ] GC(24) Pause Final Mark (unload classes) 0.693ms
[2026-04-03T02:44:00.262+0600][45.051s][info][gc,start    ] GC(24) Concurrent thread roots
[2026-04-03T02:44:00.262+0600][45.052s][info][gc,task     ] GC(24) Using 3 of 6 workers for Concurrent thread roots
[2026-04-03T02:44:00.264+0600][45.054s][info][gc          ] GC(24) Concurrent thread roots 2.106ms
[2026-04-03T02:44:00.264+0600][45.054s][info][gc,start    ] GC(24) Concurrent weak references
[2026-04-03T02:44:00.264+0600][45.054s][info][gc,task     ] GC(24) Using 3 of 6 workers for concurrent weak references
[2026-04-03T02:44:00.265+0600][45.055s][info][gc,ref      ] GC(24) Encountered references: Soft: 3872, Weak: 17081, Final: 84, Phantom: 629
[2026-04-03T02:44:00.265+0600][45.055s][info][gc,ref      ] GC(24) Discovered  references: Soft: 0, Weak: 5242, Final: 0, Phantom: 588
[2026-04-03T02:44:00.265+0600][45.055s][info][gc,ref      ] GC(24) Enqueued    references: Soft: 0, Weak: 2516, Final: 0, Phantom: 0
[2026-04-03T02:44:00.265+0600][45.055s][info][gc          ] GC(24) Concurrent weak references 1.216ms
[2026-04-03T02:44:00.266+0600][45.055s][info][gc,start    ] GC(24) Concurrent weak roots
[2026-04-03T02:44:00.266+0600][45.055s][info][gc,task     ] GC(24) Using 3 of 6 workers for concurrent weak root
[2026-04-03T02:44:00.276+0600][45.065s][info][gc          ] GC(24) Concurrent weak roots 10.445ms
[2026-04-03T02:44:00.276+0600][45.065s][info][gc,start    ] GC(24) Concurrent cleanup
[2026-04-03T02:44:00.277+0600][45.066s][info][gc          ] GC(24) Concurrent cleanup 1427M->489M(1575M) 0.988ms
[2026-04-03T02:44:00.277+0600][45.067s][info][gc,ergo     ] GC(24) Free: 1150M, Max: 512K regular, 284M humongous, Frag: 76% external, 0% internal; Reserve: 88090K, Max: 512K
[2026-04-03T02:44:00.277+0600][45.067s][info][gc,start    ] GC(24) Concurrent class unloading
[2026-04-03T02:44:00.277+0600][45.067s][info][gc,task     ] GC(24) Using 3 of 6 workers for concurrent class unloading
[2026-04-03T02:44:00.297+0600][45.086s][info][gc          ] GC(24) Concurrent class unloading 19.833ms
[2026-04-03T02:44:00.297+0600][45.086s][info][gc,start    ] GC(24) Concurrent strong roots
[2026-04-03T02:44:00.297+0600][45.087s][info][gc,task     ] GC(24) Using 3 of 6 workers for concurrent strong root
[2026-04-03T02:44:00.299+0600][45.088s][info][gc          ] GC(24) Concurrent strong roots 1.578ms
[2026-04-03T02:44:00.299+0600][45.088s][info][gc,start    ] GC(24) Concurrent evacuation
[2026-04-03T02:44:00.299+0600][45.088s][info][gc,task     ] GC(24) Using 3 of 6 workers for concurrent evacuation
[2026-04-03T02:44:00.304+0600][45.093s][info][gc          ] GC(24) Concurrent evacuation 4.989ms
[2026-04-03T02:44:00.304+0600][45.093s][info][gc,start    ] GC(24) Pause Init Update Refs
[2026-04-03T02:44:00.304+0600][45.094s][info][gc,ergo     ] GC(24) Pacer for Update Refs. Used: 554M, Free: 1089M, Non-Taxable: 108M, Alloc Tax Rate: 1.1x
[2026-04-03T02:44:00.304+0600][45.094s][info][gc          ] GC(24) Pause Init Update Refs 0.210ms
[2026-04-03T02:44:00.305+0600][45.094s][info][gc,start    ] GC(24) Concurrent update references
[2026-04-03T02:44:00.305+0600][45.094s][info][gc,task     ] GC(24) Using 3 of 6 workers for concurrent reference update
[2026-04-03T02:44:00.349+0600][45.139s][info][gc          ] GC(24) Concurrent update references 44.856ms
[2026-04-03T02:44:00.349+0600][45.139s][info][gc,start    ] GC(24) Concurrent update thread roots
[2026-04-03T02:44:00.351+0600][45.140s][info][gc          ] GC(24) Concurrent update thread roots 1.377ms
[2026-04-03T02:44:00.351+0600][45.140s][info][gc,start    ] GC(24) Pause Final Update Refs
[2026-04-03T02:44:00.351+0600][45.141s][info][gc,task     ] GC(24) Using 6 of 6 workers for final reference update
[2026-04-03T02:44:00.351+0600][45.141s][info][gc          ] GC(24) Pause Final Update Refs 0.242ms
[2026-04-03T02:44:00.352+0600][45.141s][info][gc,start    ] GC(24) Concurrent cleanup
[2026-04-03T02:44:00.352+0600][45.141s][info][gc          ] GC(24) Concurrent cleanup 605M->388M(1575M) 0.385ms
[2026-04-03T02:44:00.352+0600][45.141s][info][gc,ergo     ] Free: 1238M, Max: 512K regular, 934M humongous, Frag: 25% external, 0% internal; Reserve: 89600K, Max: 512K
[2026-04-03T02:44:00.352+0600][45.141s][info][gc,stats    ] 
[2026-04-03T02:44:00.352+0600][45.141s][info][gc,stats    ] All times are wall-clock times, except per-root-class counters, that are sum over
[2026-04-03T02:44:00.352+0600][45.141s][info][gc,stats    ] all workers. Dividing the <total> over the root stage time estimates parallelism.
[2026-04-03T02:44:00.352+0600][45.141s][info][gc,stats    ] 
[2026-04-03T02:44:00.352+0600][45.142s][info][gc,stats    ] Concurrent Reset                   2006 us
[2026-04-03T02:44:00.352+0600][45.142s][info][gc,stats    ] Pause Init Mark (G)                 826 us
[2026-04-03T02:44:00.352+0600][45.142s][info][gc,stats    ] Pause Init Mark (N)                 136 us
[2026-04-03T02:44:00.352+0600][45.142s][info][gc,stats    ]   Update Region States               34 us
[2026-04-03T02:44:00.352+0600][45.142s][info][gc,stats    ] Concurrent Mark Roots              1975 us, parallelism: 1.92x
[2026-04-03T02:44:00.352+0600][45.142s][info][gc,stats    ]   CMR: <total>                     3796 us
[2026-04-03T02:44:00.352+0600][45.142s][info][gc,stats    ]   CMR: Thread Roots                3385 us, workers (us): 914, 1235, 1236, ---, ---, ---, 
[2026-04-03T02:44:00.352+0600][45.142s][info][gc,stats    ]   CMR: VM Strong Roots               63 us, workers (us):  42,  14,   7, ---, ---, ---, 
[2026-04-03T02:44:00.352+0600][45.142s][info][gc,stats    ]   CMR: CLDG Roots                   348 us, workers (us): 348, ---, ---, ---, ---, ---, 
[2026-04-03T02:44:00.352+0600][45.142s][info][gc,stats    ] Concurrent Marking                46766 us
[2026-04-03T02:44:00.352+0600][45.142s][info][gc,stats    ] Pause Final Mark (G)               1787 us
[2026-04-03T02:44:00.352+0600][45.142s][info][gc,stats    ] Pause Final Mark (N)                707 us
[2026-04-03T02:44:00.352+0600][45.142s][info][gc,stats    ]   Finish Mark                       234 us
[2026-04-03T02:44:00.352+0600][45.142s][info][gc,stats    ]   Update Region States               60 us
[2026-04-03T02:44:00.352+0600][45.142s][info][gc,stats    ]   Choose Collection Set             199 us
[2026-04-03T02:44:00.352+0600][45.142s][info][gc,stats    ]   Rebuild Free Set                   41 us
[2026-04-03T02:44:00.352+0600][45.142s][info][gc,stats    ] Concurrent Thread Roots            2164 us, parallelism: 2.67x
[2026-04-03T02:44:00.352+0600][45.142s][info][gc,stats    ]   CTR: <total>                     5782 us
[2026-04-03T02:44:00.352+0600][45.142s][info][gc,stats    ]   CTR: Thread Roots                5782 us, workers (us): 1941, 1929, 1912, ---, ---, ---, 
[2026-04-03T02:44:00.352+0600][45.142s][info][gc,stats    ] Concurrent Weak References         1232 us, parallelism: 1.22x
[2026-04-03T02:44:00.352+0600][45.142s][info][gc,stats    ]   CWRF: <total>                    1504 us
[2026-04-03T02:44:00.352+0600][45.142s][info][gc,stats    ]   CWRF: Weak References            1504 us, workers (us): 1003,  89, 411, ---, ---, ---, 
[2026-04-03T02:44:00.352+0600][45.142s][info][gc,stats    ] Concurrent Weak Roots             10541 us
[2026-04-03T02:44:00.352+0600][45.142s][info][gc,stats    ]   Roots                            4826 us, parallelism: 2.71x
[2026-04-03T02:44:00.352+0600][45.142s][info][gc,stats    ]     CWR: <total>                  13074 us
[2026-04-03T02:44:00.352+0600][45.142s][info][gc,stats    ]     CWR: Code Cache Roots         10243 us, workers (us): 3358, 3490, 3395, ---, ---, ---, 
[2026-04-03T02:44:00.352+0600][45.142s][info][gc,stats    ]     CWR: VM Weak Roots             2707 us, workers (us): 907, 902, 898, ---, ---, ---, 
[2026-04-03T02:44:00.352+0600][45.142s][info][gc,stats    ]     CWR: CLDG Roots                 124 us, workers (us): 124, ---, ---, ---, ---, ---, 
[2026-04-03T02:44:00.352+0600][45.142s][info][gc,stats    ]   Rendezvous                       5584 us
[2026-04-03T02:44:00.353+0600][45.142s][info][gc,stats    ] Concurrent Cleanup                 1032 us
[2026-04-03T02:44:00.353+0600][45.142s][info][gc,stats    ] Concurrent Class Unloading        19943 us
[2026-04-03T02:44:00.353+0600][45.142s][info][gc,stats    ]   Unlink Stale                    16835 us
[2026-04-03T02:44:00.353+0600][45.142s][info][gc,stats    ]     System Dictionary               312 us
[2026-04-03T02:44:00.353+0600][45.142s][info][gc,stats    ]     Weak Class Links                  0 us
[2026-04-03T02:44:00.353+0600][45.142s][info][gc,stats    ]     Code Roots                    16517 us
[2026-04-03T02:44:00.353+0600][45.142s][info][gc,stats    ]   Rendezvous                        347 us
[2026-04-03T02:44:00.353+0600][45.142s][info][gc,stats    ]   Purge Unlinked                   2608 us
[2026-04-03T02:44:00.353+0600][45.142s][info][gc,stats    ]     Code Roots                     2595 us
[2026-04-03T02:44:00.353+0600][45.142s][info][gc,stats    ]     CLDG                             12 us
[2026-04-03T02:44:00.353+0600][45.142s][info][gc,stats    ]     Exception Caches                  0 us
[2026-04-03T02:44:00.353+0600][45.142s][info][gc,stats    ] Concurrent Strong Roots            1663 us, parallelism: 0.68x
[2026-04-03T02:44:00.353+0600][45.142s][info][gc,stats    ]   CSR: <total>                     1133 us
[2026-04-03T02:44:00.353+0600][45.142s][info][gc,stats    ]   CSR: VM Strong Roots               67 us, workers (us):  33,  34,   0, ---, ---, ---, 
[2026-04-03T02:44:00.353+0600][45.142s][info][gc,stats    ]   CSR: CLDG Roots                  1066 us, workers (us): 1066, ---, ---, ---, ---, ---, 
[2026-04-03T02:44:00.353+0600][45.142s][info][gc,stats    ] Concurrent Evacuation              5116 us
[2026-04-03T02:44:00.353+0600][45.142s][info][gc,stats    ] Pause Init Update Refs (G)          602 us
[2026-04-03T02:44:00.353+0600][45.142s][info][gc,stats    ] Pause Init Update Refs (N)          230 us
[2026-04-03T02:44:00.353+0600][45.142s][info][gc,stats    ]   Manage GCLABs                      54 us
[2026-04-03T02:44:00.353+0600][45.142s][info][gc,stats    ] Concurrent Update Refs            44973 us
[2026-04-03T02:44:00.353+0600][45.142s][info][gc,stats    ] Concurrent Update Thread Roots     1482 us
[2026-04-03T02:44:00.353+0600][45.142s][info][gc,stats    ] Pause Final Update Refs (G)         556 us
[2026-04-03T02:44:00.353+0600][45.142s][info][gc,stats    ] Pause Final Update Refs (N)         279 us
[2026-04-03T02:44:00.353+0600][45.142s][info][gc,stats    ]   Update Region States               71 us
[2026-04-03T02:44:00.353+0600][45.142s][info][gc,stats    ]   Trash Collection Set               24 us
[2026-04-03T02:44:00.353+0600][45.142s][info][gc,stats    ]   Rebuild Free Set                   56 us
[2026-04-03T02:44:00.353+0600][45.142s][info][gc,stats    ] Concurrent Cleanup                  425 us
[2026-04-03T02:44:00.353+0600][45.142s][info][gc,stats    ] Pacing                           165376 us
[2026-04-03T02:44:00.353+0600][45.142s][info][gc,stats    ] 
[2026-04-03T02:44:00.353+0600][45.142s][info][gc,stats    ] Allocation pacing accrued:
[2026-04-03T02:44:00.353+0600][45.142s][info][gc,stats    ]      41 of   931 ms (  4.5%): Executor task launch worker for task 0.0 in stage 1201.0 (TID 2297)
[2026-04-03T02:44:00.353+0600][45.142s][info][gc,stats    ]      42 of   931 ms (  4.5%): Executor task launch worker for task 3.0 in stage 1201.0 (TID 2300)
[2026-04-03T02:44:00.353+0600][45.142s][info][gc,stats    ]      41 of   931 ms (  4.4%): Executor task launch worker for task 1.0 in stage 1201.0 (TID 2298)
[2026-04-03T02:44:00.353+0600][45.142s][info][gc,stats    ]      41 of   931 ms (  4.4%): Executor task launch worker for task 2.0 in stage 1201.0 (TID 2299)
[2026-04-03T02:44:00.353+0600][45.142s][info][gc,stats    ]     165 of   931 ms ( 17.8%): <total>
[2026-04-03T02:44:00.353+0600][45.142s][info][gc,stats    ]       1 of   931 ms (  0.1%): <average total>
[2026-04-03T02:44:00.353+0600][45.142s][info][gc,stats    ]      41 of   931 ms (  4.4%): <average non-zero>
[2026-04-03T02:44:00.353+0600][45.142s][info][gc,stats    ] 
[2026-04-03T02:44:00.353+0600][45.142s][info][gc,metaspace] Metaspace: 130786K(131968K)->130787K(131968K) NonClass: 114318K(114944K)->114319K(114944K) Class: 16468K(17024K)->16468K(17024K)
[2026-04-03T02:44:00.353+0600][45.142s][info][gc,ergo     ] Pacer for Idle. Initial: 35840K, Alloc Tax Rate: 1.0x
[2026-04-03T02:44:01.339+0600][46.129s][info][gc          ] Trigger: Average GC time (179.28 ms) is above the time for average allocation rate (1190 MB/s) to deplete free headroom (213M) (margin of error = 1.89)
[2026-04-03T02:44:01.339+0600][46.129s][info][gc,ergo     ] Free headroom: 300M (free) - 89600K (spike) - 0B (penalties) = 213M
[2026-04-03T02:44:01.339+0600][46.129s][info][gc,ergo     ] Free: 300M, Max: 512K regular, 141M humongous, Frag: 53% external, 0% internal; Reserve: 89600K, Max: 512K
[2026-04-03T02:44:01.339+0600][46.129s][info][gc,start    ] GC(25) Concurrent reset
[2026-04-03T02:44:01.339+0600][46.129s][info][gc,task     ] GC(25) Using 3 of 6 workers for concurrent reset
[2026-04-03T02:44:01.339+0600][46.129s][info][gc,ergo     ] GC(25) Pacer for Reset. Non-Taxable: 1750M
[2026-04-03T02:44:01.342+0600][46.132s][info][gc          ] GC(25) Concurrent reset 2.874ms
[2026-04-03T02:44:01.343+0600][46.132s][info][gc,start    ] GC(25) Pause Init Mark (unload classes)
[2026-04-03T02:44:01.343+0600][46.132s][info][gc,task     ] GC(25) Using 6 of 6 workers for init marking
[2026-04-03T02:44:01.343+0600][46.132s][info][gc,ergo     ] GC(25) Pacer for Mark. Expected Live: 95263K, Free: 297M, Non-Taxable: 30514K, Alloc Tax Rate: 0.4x
[2026-04-03T02:44:01.343+0600][46.132s][info][gc          ] GC(25) Pause Init Mark (unload classes) 0.202ms
[2026-04-03T02:44:01.343+0600][46.132s][info][gc,start    ] GC(25) Concurrent marking roots
[2026-04-03T02:44:01.343+0600][46.133s][info][gc,task     ] GC(25) Using 3 of 6 workers for concurrent marking roots
[2026-04-03T02:44:01.346+0600][46.135s][info][gc          ] GC(25) Concurrent marking roots 2.830ms
[2026-04-03T02:44:01.346+0600][46.135s][info][gc,start    ] GC(25) Concurrent marking (unload classes)
[2026-04-03T02:44:01.346+0600][46.135s][info][gc,task     ] GC(25) Using 3 of 6 workers for concurrent marking
[2026-04-03T02:44:01.405+0600][46.195s][info][gc          ] GC(25) Concurrent marking (unload classes) 59.405ms
[2026-04-03T02:44:01.406+0600][46.195s][info][gc,start    ] GC(25) Pause Final Mark (unload classes)
[2026-04-03T02:44:01.406+0600][46.195s][info][gc,task     ] GC(25) Using 6 of 6 workers for final marking
[2026-04-03T02:44:01.406+0600][46.195s][info][gc,ergo     ] GC(25) Adaptive CSet Selection. Target Free: 247M, Actual Free: 1222M, Max CSet: 74666K, Min Garbage: 0B
[2026-04-03T02:44:01.406+0600][46.196s][info][gc,ergo     ] GC(25) Collectable Garbage: 1147M (99%), Immediate: 881M (76%), CSet: 266M (23%)
[2026-04-03T02:44:01.406+0600][46.196s][info][gc,ergo     ] GC(25) Pacer for Evacuation. Used CSet: 276M, Free: 1254M, Non-Taxable: 125M, Alloc Tax Rate: 1.1x
[2026-04-03T02:44:01.406+0600][46.196s][info][gc          ] GC(25) Pause Final Mark (unload classes) 0.863ms
[2026-04-03T02:44:01.407+0600][46.196s][info][gc,start    ] GC(25) Concurrent thread roots
[2026-04-03T02:44:01.407+0600][46.196s][info][gc,task     ] GC(25) Using 3 of 6 workers for Concurrent thread roots
[2026-04-03T02:44:01.408+0600][46.197s][info][gc          ] GC(25) Concurrent thread roots 1.131ms
[2026-04-03T02:44:01.408+0600][46.197s][info][gc,start    ] GC(25) Concurrent weak references
[2026-04-03T02:44:01.408+0600][46.197s][info][gc,task     ] GC(25) Using 3 of 6 workers for concurrent weak references
[2026-04-03T02:44:01.409+0600][46.198s][info][gc,ref      ] GC(25) Encountered references: Soft: 3875, Weak: 16087, Final: 84, Phantom: 620
[2026-04-03T02:44:01.409+0600][46.198s][info][gc,ref      ] GC(25) Discovered  references: Soft: 0, Weak: 8700, Final: 80, Phantom: 535
[2026-04-03T02:44:01.409+0600][46.198s][info][gc,ref      ] GC(25) Enqueued    references: Soft: 0, Weak: 424, Final: 0, Phantom: 0
[2026-04-03T02:44:01.409+0600][46.198s][info][gc          ] GC(25) Concurrent weak references 0.988ms
[2026-04-03T02:44:01.409+0600][46.198s][info][gc,start    ] GC(25) Concurrent weak roots
[2026-04-03T02:44:01.409+0600][46.198s][info][gc,task     ] GC(25) Using 3 of 6 workers for concurrent weak root
[2026-04-03T02:44:01.414+0600][46.203s][info][gc          ] GC(25) Concurrent weak roots 5.049ms
[2026-04-03T02:44:01.414+0600][46.203s][info][gc,start    ] GC(25) Concurrent cleanup
[2026-04-03T02:44:01.415+0600][46.204s][info][gc          ] GC(25) Concurrent cleanup 1291M->410M(1575M) 0.957ms
[2026-04-03T02:44:01.415+0600][46.204s][info][gc,ergo     ] GC(25) Free: 1245M, Max: 512K regular, 181M humongous, Frag: 86% external, 0% internal; Reserve: 89059K, Max: 512K
[2026-04-03T02:44:01.415+0600][46.204s][info][gc,start    ] GC(25) Concurrent class unloading
[2026-04-03T02:44:01.415+0600][46.204s][info][gc,task     ] GC(25) Using 3 of 6 workers for concurrent class unloading
[2026-04-03T02:44:01.437+0600][46.226s][info][gc          ] GC(25) Concurrent class unloading 21.736ms
[2026-04-03T02:44:01.437+0600][46.226s][info][gc,start    ] GC(25) Concurrent strong roots
[2026-04-03T02:44:01.437+0600][46.226s][info][gc,task     ] GC(25) Using 3 of 6 workers for concurrent strong root
[2026-04-03T02:44:01.438+0600][46.228s][info][gc          ] GC(25) Concurrent strong roots 1.469ms
[2026-04-03T02:44:01.438+0600][46.228s][info][gc,start    ] GC(25) Concurrent evacuation
[2026-04-03T02:44:01.438+0600][46.228s][info][gc,task     ] GC(25) Using 3 of 6 workers for concurrent evacuation
[2026-04-03T02:44:01.445+0600][46.235s][info][gc          ] GC(25) Concurrent evacuation 6.922ms
[2026-04-03T02:44:01.446+0600][46.235s][info][gc,start    ] GC(25) Pause Init Update Refs
[2026-04-03T02:44:01.446+0600][46.235s][info][gc,ergo     ] GC(25) Pacer for Update Refs. Used: 438M, Free: 1225M, Non-Taxable: 122M, Alloc Tax Rate: 1.1x
[2026-04-03T02:44:01.446+0600][46.235s][info][gc          ] GC(25) Pause Init Update Refs 0.192ms
[2026-04-03T02:44:01.446+0600][46.235s][info][gc,start    ] GC(25) Concurrent update references
[2026-04-03T02:44:01.446+0600][46.235s][info][gc,task     ] GC(25) Using 3 of 6 workers for concurrent reference update
[2026-04-03T02:44:01.494+0600][46.283s][info][gc          ] GC(25) Concurrent update references 47.893ms
[2026-04-03T02:44:01.494+0600][46.283s][info][gc,start    ] GC(25) Concurrent update thread roots
[2026-04-03T02:44:01.496+0600][46.285s][info][gc          ] GC(25) Concurrent update thread roots 1.658ms
[2026-04-03T02:44:01.496+0600][46.285s][info][gc,start    ] GC(25) Pause Final Update Refs
[2026-04-03T02:44:01.496+0600][46.285s][info][gc,task     ] GC(25) Using 6 of 6 workers for final reference update
[2026-04-03T02:44:01.496+0600][46.285s][info][gc          ] GC(25) Pause Final Update Refs 0.236ms
[2026-04-03T02:44:01.496+0600][46.286s][info][gc,start    ] GC(25) Concurrent cleanup
[2026-04-03T02:44:01.497+0600][46.286s][info][gc          ] GC(25) Concurrent cleanup 482M->205M(1577M) 0.388ms
[2026-04-03T02:44:01.497+0600][46.286s][info][gc,ergo     ] Free: 1441M, Max: 512K regular, 794M humongous, Frag: 45% external, 0% internal; Reserve: 89600K, Max: 512K
[2026-04-03T02:44:01.497+0600][46.286s][info][gc,stats    ] 
[2026-04-03T02:44:01.497+0600][46.286s][info][gc,stats    ] All times are wall-clock times, except per-root-class counters, that are sum over
[2026-04-03T02:44:01.497+0600][46.286s][info][gc,stats    ] all workers. Dividing the <total> over the root stage time estimates parallelism.
[2026-04-03T02:44:01.497+0600][46.286s][info][gc,stats    ] 
[2026-04-03T02:44:01.497+0600][46.286s][info][gc,stats    ] Concurrent Reset                   2988 us
[2026-04-03T02:44:01.497+0600][46.286s][info][gc,stats    ] Pause Init Mark (G)                 716 us
[2026-04-03T02:44:01.497+0600][46.286s][info][gc,stats    ] Pause Init Mark (N)                 213 us
[2026-04-03T02:44:01.497+0600][46.286s][info][gc,stats    ]   Update Region States               53 us
[2026-04-03T02:44:01.497+0600][46.286s][info][gc,stats    ] Concurrent Mark Roots              2896 us, parallelism: 1.56x
[2026-04-03T02:44:01.497+0600][46.286s][info][gc,stats    ]   CMR: <total>                     4526 us
[2026-04-03T02:44:01.497+0600][46.286s][info][gc,stats    ]   CMR: Thread Roots                3971 us, workers (us): 1750, 2221,   0, ---, ---, ---, 
[2026-04-03T02:44:01.497+0600][46.286s][info][gc,stats    ]   CMR: VM Strong Roots               73 us, workers (us):  35,  38,   0, ---, ---, ---, 
[2026-04-03T02:44:01.497+0600][46.286s][info][gc,stats    ]   CMR: CLDG Roots                   483 us, workers (us): 483, ---, ---, ---, ---, ---, 
[2026-04-03T02:44:01.497+0600][46.286s][info][gc,stats    ] Concurrent Marking                59468 us
[2026-04-03T02:44:01.497+0600][46.286s][info][gc,stats    ] Pause Final Mark (G)               1078 us
[2026-04-03T02:44:01.497+0600][46.286s][info][gc,stats    ] Pause Final Mark (N)                880 us
[2026-04-03T02:44:01.497+0600][46.286s][info][gc,stats    ]   Finish Mark                       258 us
[2026-04-03T02:44:01.497+0600][46.286s][info][gc,stats    ]   Update Region States               65 us
[2026-04-03T02:44:01.497+0600][46.286s][info][gc,stats    ]   Choose Collection Set             324 us
[2026-04-03T02:44:01.497+0600][46.286s][info][gc,stats    ]   Rebuild Free Set                   69 us
[2026-04-03T02:44:01.497+0600][46.286s][info][gc,stats    ] Concurrent Thread Roots            1157 us, parallelism: 2.43x
[2026-04-03T02:44:01.497+0600][46.286s][info][gc,stats    ]   CTR: <total>                     2806 us
[2026-04-03T02:44:01.497+0600][46.286s][info][gc,stats    ]   CTR: Thread Roots                2806 us, workers (us): 1010, 890, 906, ---, ---, ---, 
[2026-04-03T02:44:01.497+0600][46.286s][info][gc,stats    ] Concurrent Weak References         1021 us, parallelism: 0.90x
[2026-04-03T02:44:01.497+0600][46.286s][info][gc,stats    ]   CWRF: <total>                     916 us
[2026-04-03T02:44:01.497+0600][46.286s][info][gc,stats    ]   CWRF: Weak References             916 us, workers (us): 751, 120,  45, ---, ---, ---, 
[2026-04-03T02:44:01.497+0600][46.286s][info][gc,stats    ] Concurrent Weak Roots              5160 us
[2026-04-03T02:44:01.497+0600][46.287s][info][gc,stats    ]   Roots                            4407 us, parallelism: 2.70x
[2026-04-03T02:44:01.497+0600][46.287s][info][gc,stats    ]     CWR: <total>                  11910 us
[2026-04-03T02:44:01.497+0600][46.287s][info][gc,stats    ]     CWR: Code Cache Roots          9584 us, workers (us): 3201, 3318, 3066, ---, ---, ---, 
[2026-04-03T02:44:01.497+0600][46.287s][info][gc,stats    ]     CWR: VM Weak Roots             2115 us, workers (us): 747, 710, 658, ---, ---, ---, 
[2026-04-03T02:44:01.497+0600][46.287s][info][gc,stats    ]     CWR: CLDG Roots                 211 us, workers (us): ---, ---, 211, ---, ---, ---, 
[2026-04-03T02:44:01.497+0600][46.287s][info][gc,stats    ]   Rendezvous                        476 us
[2026-04-03T02:44:01.497+0600][46.287s][info][gc,stats    ] Concurrent Cleanup                 1013 us
[2026-04-03T02:44:01.497+0600][46.287s][info][gc,stats    ] Concurrent Class Unloading        21845 us
[2026-04-03T02:44:01.497+0600][46.287s][info][gc,stats    ]   Unlink Stale                    18548 us
[2026-04-03T02:44:01.497+0600][46.287s][info][gc,stats    ]     System Dictionary               360 us
[2026-04-03T02:44:01.497+0600][46.287s][info][gc,stats    ]     Weak Class Links                  0 us
[2026-04-03T02:44:01.497+0600][46.287s][info][gc,stats    ]     Code Roots                    18182 us
[2026-04-03T02:44:01.497+0600][46.287s][info][gc,stats    ]   Rendezvous                        531 us
[2026-04-03T02:44:01.497+0600][46.287s][info][gc,stats    ]   Purge Unlinked                   2603 us
[2026-04-03T02:44:01.497+0600][46.287s][info][gc,stats    ]     Code Roots                     2575 us
[2026-04-03T02:44:01.497+0600][46.287s][info][gc,stats    ]     CLDG                             26 us
[2026-04-03T02:44:01.497+0600][46.287s][info][gc,stats    ]     Exception Caches                  0 us
[2026-04-03T02:44:01.497+0600][46.287s][info][gc,stats    ] Concurrent Strong Roots            1542 us, parallelism: 0.68x
[2026-04-03T02:44:01.497+0600][46.287s][info][gc,stats    ]   CSR: <total>                     1053 us
[2026-04-03T02:44:01.497+0600][46.287s][info][gc,stats    ]   CSR: VM Strong Roots               73 us, workers (us):  39,  34,   0, ---, ---, ---, 
[2026-04-03T02:44:01.497+0600][46.287s][info][gc,stats    ]   CSR: CLDG Roots                   980 us, workers (us): ---, 980, ---, ---, ---, ---, 
[2026-04-03T02:44:01.497+0600][46.287s][info][gc,stats    ] Concurrent Evacuation              7016 us
[2026-04-03T02:44:01.497+0600][46.287s][info][gc,stats    ] Pause Init Update Refs (G)          608 us
[2026-04-03T02:44:01.497+0600][46.287s][info][gc,stats    ] Pause Init Update Refs (N)          205 us
[2026-04-03T02:44:01.497+0600][46.287s][info][gc,stats    ]   Manage GCLABs                      55 us
[2026-04-03T02:44:01.497+0600][46.287s][info][gc,stats    ] Concurrent Update Refs            47989 us
[2026-04-03T02:44:01.497+0600][46.287s][info][gc,stats    ] Concurrent Update Thread Roots     1740 us
[2026-04-03T02:44:01.497+0600][46.287s][info][gc,stats    ] Pause Final Update Refs (G)         520 us
[2026-04-03T02:44:01.497+0600][46.287s][info][gc,stats    ] Pause Final Update Refs (N)         254 us
[2026-04-03T02:44:01.497+0600][46.287s][info][gc,stats    ]   Update Region States               61 us
[2026-04-03T02:44:01.497+0600][46.287s][info][gc,stats    ]   Trash Collection Set               24 us
[2026-04-03T02:44:01.497+0600][46.287s][info][gc,stats    ]   Rebuild Free Set                   55 us
[2026-04-03T02:44:01.497+0600][46.287s][info][gc,stats    ] Concurrent Cleanup                  419 us
[2026-04-03T02:44:01.497+0600][46.287s][info][gc,stats    ] Pacing                            81170 us
[2026-04-03T02:44:01.498+0600][46.287s][info][gc,stats    ] 
[2026-04-03T02:44:01.498+0600][46.287s][info][gc,stats    ] Allocation pacing accrued:
[2026-04-03T02:44:01.498+0600][46.287s][info][gc,stats    ]      10 of  1145 ms (  0.9%): Executor task launch worker for task 4.0 in stage 1239.0 (TID 2477)
[2026-04-03T02:44:01.498+0600][46.287s][info][gc,stats    ]      10 of  1145 ms (  0.9%): Executor task launch worker for task 1.0 in stage 1239.0 (TID 2474)
[2026-04-03T02:44:01.498+0600][46.287s][info][gc,stats    ]      10 of  1145 ms (  0.9%): Executor task launch worker for task 6.0 in stage 1239.0 (TID 2479)
[2026-04-03T02:44:01.498+0600][46.287s][info][gc,stats    ]      11 of  1145 ms (  0.9%): Executor task launch worker for task 0.0 in stage 1239.0 (TID 2473)
[2026-04-03T02:44:01.498+0600][46.287s][info][gc,stats    ]      10 of  1145 ms (  0.9%): Executor task launch worker for task 7.0 in stage 1239.0 (TID 2480)
[2026-04-03T02:44:01.498+0600][46.287s][info][gc,stats    ]      10 of  1145 ms (  0.9%): Executor task launch worker for task 3.0 in stage 1239.0 (TID 2476)
[2026-04-03T02:44:01.498+0600][46.287s][info][gc,stats    ]      10 of  1145 ms (  0.9%): Executor task launch worker for task 2.0 in stage 1239.0 (TID 2475)
[2026-04-03T02:44:01.498+0600][46.287s][info][gc,stats    ]      10 of  1145 ms (  0.9%): Executor task launch worker for task 5.0 in stage 1239.0 (TID 2478)
[2026-04-03T02:44:01.498+0600][46.287s][info][gc,stats    ]      81 of  1145 ms (  7.1%): <total>
[2026-04-03T02:44:01.498+0600][46.287s][info][gc,stats    ]       0 of  1145 ms (  0.0%): <average total>
[2026-04-03T02:44:01.498+0600][46.287s][info][gc,stats    ]      10 of  1145 ms (  0.9%): <average non-zero>
[2026-04-03T02:44:01.498+0600][46.287s][info][gc,stats    ] 
[2026-04-03T02:44:01.498+0600][46.287s][info][gc,metaspace] Metaspace: 130836K(132032K)->130836K(132032K) NonClass: 114368K(115008K)->114368K(115008K) Class: 16468K(17024K)->16468K(17024K)
[2026-04-03T02:44:01.498+0600][46.287s][info][gc,ergo     ] Pacer for Idle. Initial: 35840K, Alloc Tax Rate: 1.0x
[2026-04-03T02:44:02.302+0600][47.091s][info][gc          ] Trigger: Average GC time (173.44 ms) is above the time for average allocation rate (2359 MB/s) to deplete free headroom (391M) (margin of error = 1.88)
[2026-04-03T02:44:02.302+0600][47.092s][info][gc,ergo     ] Free headroom: 479M (free) - 89600K (spike) - 0B (penalties) = 391M
[2026-04-03T02:44:02.302+0600][47.092s][info][gc,ergo     ] Free: 478M, Max: 512K regular, 348M humongous, Frag: 27% external, 0% internal; Reserve: 89600K, Max: 512K
[2026-04-03T02:44:02.302+0600][47.092s][info][gc,start    ] GC(26) Concurrent reset
[2026-04-03T02:44:02.302+0600][47.092s][info][gc,task     ] GC(26) Using 3 of 6 workers for concurrent reset
[2026-04-03T02:44:02.302+0600][47.092s][info][gc,ergo     ] GC(26) Pacer for Reset. Non-Taxable: 1750M
[2026-04-03T02:44:02.304+0600][47.093s][info][gc          ] GC(26) Concurrent reset 1.319ms
[2026-04-03T02:44:02.304+0600][47.093s][info][gc,start    ] GC(26) Pause Init Mark (unload classes)
[2026-04-03T02:44:02.304+0600][47.093s][info][gc,task     ] GC(26) Using 6 of 6 workers for init marking
[2026-04-03T02:44:02.304+0600][47.093s][info][gc,ergo     ] GC(26) Pacer for Mark. Expected Live: 95542K, Free: 478M, Non-Taxable: 48952K, Alloc Tax Rate: 0.2x
[2026-04-03T02:44:02.304+0600][47.093s][info][gc          ] GC(26) Pause Init Mark (unload classes) 0.137ms
[2026-04-03T02:44:02.304+0600][47.093s][info][gc,start    ] GC(26) Concurrent marking roots
[2026-04-03T02:44:02.304+0600][47.093s][info][gc,task     ] GC(26) Using 3 of 6 workers for concurrent marking roots
[2026-04-03T02:44:02.305+0600][47.095s][info][gc          ] GC(26) Concurrent marking roots 1.171ms
[2026-04-03T02:44:02.305+0600][47.095s][info][gc,start    ] GC(26) Concurrent marking (unload classes)
[2026-04-03T02:44:02.305+0600][47.095s][info][gc,task     ] GC(26) Using 3 of 6 workers for concurrent marking
[2026-04-03T02:44:02.359+0600][47.149s][info][gc          ] GC(26) Concurrent marking (unload classes) 54.145ms
[2026-04-03T02:44:02.360+0600][47.149s][info][gc,start    ] GC(26) Pause Final Mark (unload classes)
[2026-04-03T02:44:02.360+0600][47.149s][info][gc,task     ] GC(26) Using 6 of 6 workers for final marking
[2026-04-03T02:44:02.360+0600][47.150s][info][gc,ergo     ] GC(26) Adaptive CSet Selection. Target Free: 247M, Actual Free: 1307M, Max CSet: 74666K, Min Garbage: 0B
[2026-04-03T02:44:02.360+0600][47.150s][info][gc,ergo     ] GC(26) Collectable Garbage: 993M (99%), Immediate: 820M (82%), CSet: 173M (17%)
[2026-04-03T02:44:02.361+0600][47.150s][info][gc,ergo     ] GC(26) Pacer for Evacuation. Used CSet: 180M, Free: 1313M, Non-Taxable: 131M, Alloc Tax Rate: 1.1x
[2026-04-03T02:44:02.361+0600][47.150s][info][gc          ] GC(26) Pause Final Mark (unload classes) 0.835ms
[2026-04-03T02:44:02.361+0600][47.150s][info][gc,start    ] GC(26) Concurrent thread roots
[2026-04-03T02:44:02.361+0600][47.150s][info][gc,task     ] GC(26) Using 3 of 6 workers for Concurrent thread roots
[2026-04-03T02:44:02.362+0600][47.151s][info][gc          ] GC(26) Concurrent thread roots 1.186ms
[2026-04-03T02:44:02.362+0600][47.151s][info][gc,start    ] GC(26) Concurrent weak references
[2026-04-03T02:44:02.362+0600][47.151s][info][gc,task     ] GC(26) Using 3 of 6 workers for concurrent weak references
[2026-04-03T02:44:02.363+0600][47.152s][info][gc,ref      ] GC(26) Encountered references: Soft: 3868, Weak: 16991, Final: 84, Phantom: 620
[2026-04-03T02:44:02.363+0600][47.152s][info][gc,ref      ] GC(26) Discovered  references: Soft: 0, Weak: 8302, Final: 0, Phantom: 322
[2026-04-03T02:44:02.363+0600][47.152s][info][gc,ref      ] GC(26) Enqueued    references: Soft: 0, Weak: 2495, Final: 0, Phantom: 0
[2026-04-03T02:44:02.363+0600][47.152s][info][gc          ] GC(26) Concurrent weak references 1.003ms
[2026-04-03T02:44:02.363+0600][47.152s][info][gc,start    ] GC(26) Concurrent weak roots
[2026-04-03T02:44:02.363+0600][47.152s][info][gc,task     ] GC(26) Using 3 of 6 workers for concurrent weak root
[2026-04-03T02:44:02.369+0600][47.158s][info][gc          ] GC(26) Concurrent weak roots 5.752ms
[2026-04-03T02:44:02.369+0600][47.158s][info][gc,start    ] GC(26) Concurrent cleanup
[2026-04-03T02:44:02.370+0600][47.159s][info][gc          ] GC(26) Concurrent cleanup 1229M->417M(1577M) 0.900ms
[2026-04-03T02:44:02.370+0600][47.159s][info][gc,ergo     ] GC(26) Free: 1227M, Max: 512K regular, 286M humongous, Frag: 77% external, 0% internal; Reserve: 88789K, Max: 512K
[2026-04-03T02:44:02.370+0600][47.159s][info][gc,start    ] GC(26) Concurrent class unloading
[2026-04-03T02:44:02.370+0600][47.159s][info][gc,task     ] GC(26) Using 3 of 6 workers for concurrent class unloading
[2026-04-03T02:44:02.386+0600][47.176s][info][gc          ] GC(26) Concurrent class unloading 16.389ms
[2026-04-03T02:44:02.386+0600][47.176s][info][gc,start    ] GC(26) Concurrent strong roots
[2026-04-03T02:44:02.387+0600][47.176s][info][gc,task     ] GC(26) Using 3 of 6 workers for concurrent strong root
[2026-04-03T02:44:02.388+0600][47.177s][info][gc          ] GC(26) Concurrent strong roots 1.266ms
[2026-04-03T02:44:02.388+0600][47.177s][info][gc,start    ] GC(26) Concurrent evacuation
[2026-04-03T02:44:02.388+0600][47.177s][info][gc,task     ] GC(26) Using 3 of 6 workers for concurrent evacuation
[2026-04-03T02:44:02.391+0600][47.180s][info][gc          ] GC(26) Concurrent evacuation 3.010ms
[2026-04-03T02:44:02.391+0600][47.180s][info][gc,start    ] GC(26) Pause Init Update Refs
[2026-04-03T02:44:02.391+0600][47.181s][info][gc,ergo     ] GC(26) Pacer for Update Refs. Used: 485M, Free: 1160M, Non-Taxable: 116M, Alloc Tax Rate: 1.1x
[2026-04-03T02:44:02.391+0600][47.181s][info][gc          ] GC(26) Pause Init Update Refs 0.118ms
[2026-04-03T02:44:02.391+0600][47.181s][info][gc,start    ] GC(26) Concurrent update references
[2026-04-03T02:44:02.391+0600][47.181s][info][gc,task     ] GC(26) Using 3 of 6 workers for concurrent reference update
[2026-04-03T02:44:02.434+0600][47.223s][info][gc          ] GC(26) Concurrent update references 42.476ms
[2026-04-03T02:44:02.434+0600][47.223s][info][gc,start    ] GC(26) Concurrent update thread roots
[2026-04-03T02:44:02.437+0600][47.226s][info][gc          ] GC(26) Concurrent update thread roots 2.847ms
[2026-04-03T02:44:02.437+0600][47.227s][info][gc,start    ] GC(26) Pause Final Update Refs
[2026-04-03T02:44:02.437+0600][47.227s][info][gc,task     ] GC(26) Using 6 of 6 workers for final reference update
[2026-04-03T02:44:02.437+0600][47.227s][info][gc          ] GC(26) Pause Final Update Refs 0.202ms
[2026-04-03T02:44:02.437+0600][47.227s][info][gc,start    ] GC(26) Concurrent cleanup
[2026-04-03T02:44:02.438+0600][47.228s][info][gc          ] GC(26) Concurrent cleanup 582M->402M(1577M) 0.762ms
[2026-04-03T02:44:02.438+0600][47.228s][info][gc,ergo     ] Free: 1223M, Max: 512K regular, 634M humongous, Frag: 48% external, 0% internal; Reserve: 89600K, Max: 512K
[2026-04-03T02:44:02.438+0600][47.228s][info][gc,stats    ] 
[2026-04-03T02:44:02.438+0600][47.228s][info][gc,stats    ] All times are wall-clock times, except per-root-class counters, that are sum over
[2026-04-03T02:44:02.439+0600][47.228s][info][gc,stats    ] all workers. Dividing the <total> over the root stage time estimates parallelism.
[2026-04-03T02:44:02.439+0600][47.228s][info][gc,stats    ] 
[2026-04-03T02:44:02.439+0600][47.228s][info][gc,stats    ] Concurrent Reset                   1361 us
[2026-04-03T02:44:02.439+0600][47.228s][info][gc,stats    ] Pause Init Mark (G)                 455 us
[2026-04-03T02:44:02.439+0600][47.228s][info][gc,stats    ] Pause Init Mark (N)                 145 us
[2026-04-03T02:44:02.439+0600][47.228s][info][gc,stats    ]   Update Region States               36 us
[2026-04-03T02:44:02.439+0600][47.228s][info][gc,stats    ] Concurrent Mark Roots              1216 us, parallelism: 1.72x
[2026-04-03T02:44:02.439+0600][47.228s][info][gc,stats    ]   CMR: <total>                     2090 us
[2026-04-03T02:44:02.439+0600][47.228s][info][gc,stats    ]   CMR: Thread Roots                1858 us, workers (us): 703, 497, 659, ---, ---, ---, 
[2026-04-03T02:44:02.439+0600][47.228s][info][gc,stats    ]   CMR: VM Strong Roots               37 us, workers (us):  31,   5,   1, ---, ---, ---, 
[2026-04-03T02:44:02.439+0600][47.228s][info][gc,stats    ]   CMR: CLDG Roots                   194 us, workers (us): ---, 194, ---, ---, ---, ---, 
[2026-04-03T02:44:02.439+0600][47.228s][info][gc,stats    ] Concurrent Marking                54225 us
[2026-04-03T02:44:02.439+0600][47.228s][info][gc,stats    ] Pause Final Mark (G)               1258 us
[2026-04-03T02:44:02.439+0600][47.228s][info][gc,stats    ] Pause Final Mark (N)                848 us
[2026-04-03T02:44:02.439+0600][47.228s][info][gc,stats    ]   Finish Mark                       343 us
[2026-04-03T02:44:02.439+0600][47.228s][info][gc,stats    ]   Update Region States               55 us
[2026-04-03T02:44:02.439+0600][47.228s][info][gc,stats    ]   Choose Collection Set             253 us
[2026-04-03T02:44:02.439+0600][47.228s][info][gc,stats    ]   Rebuild Free Set                   53 us
[2026-04-03T02:44:02.439+0600][47.228s][info][gc,stats    ] Concurrent Thread Roots            1266 us, parallelism: 2.12x
[2026-04-03T02:44:02.439+0600][47.228s][info][gc,stats    ]   CTR: <total>                     2685 us
[2026-04-03T02:44:02.439+0600][47.228s][info][gc,stats    ]   CTR: Thread Roots                2685 us, workers (us): 936, 874, 875, ---, ---, ---, 
[2026-04-03T02:44:02.439+0600][47.228s][info][gc,stats    ] Concurrent Weak References         1016 us, parallelism: 0.93x
[2026-04-03T02:44:02.439+0600][47.228s][info][gc,stats    ]   CWRF: <total>                     942 us
[2026-04-03T02:44:02.439+0600][47.228s][info][gc,stats    ]   CWRF: Weak References             942 us, workers (us):  27, 146, 769, ---, ---, ---, 
[2026-04-03T02:44:02.439+0600][47.228s][info][gc,stats    ] Concurrent Weak Roots              5848 us
[2026-04-03T02:44:02.439+0600][47.228s][info][gc,stats    ]   Roots                            4404 us, parallelism: 2.68x
[2026-04-03T02:44:02.439+0600][47.228s][info][gc,stats    ]     CWR: <total>                  11811 us
[2026-04-03T02:44:02.439+0600][47.228s][info][gc,stats    ]     CWR: Code Cache Roots          9189 us, workers (us): 3161, 3056, 2972, ---, ---, ---, 
[2026-04-03T02:44:02.439+0600][47.228s][info][gc,stats    ]     CWR: VM Weak Roots             2524 us, workers (us): 844, 851, 829, ---, ---, ---, 
[2026-04-03T02:44:02.439+0600][47.228s][info][gc,stats    ]     CWR: CLDG Roots                  98 us, workers (us): ---, ---,  98, ---, ---, ---, 
[2026-04-03T02:44:02.439+0600][47.228s][info][gc,stats    ]   Rendezvous                       1315 us
[2026-04-03T02:44:02.439+0600][47.228s][info][gc,stats    ] Concurrent Cleanup                  976 us
[2026-04-03T02:44:02.439+0600][47.228s][info][gc,stats    ] Concurrent Class Unloading        16460 us
[2026-04-03T02:44:02.439+0600][47.228s][info][gc,stats    ]   Unlink Stale                    14486 us
[2026-04-03T02:44:02.439+0600][47.228s][info][gc,stats    ]     System Dictionary               473 us
[2026-04-03T02:44:02.439+0600][47.228s][info][gc,stats    ]     Weak Class Links                  1 us
[2026-04-03T02:44:02.439+0600][47.228s][info][gc,stats    ]     Code Roots                    13992 us
[2026-04-03T02:44:02.439+0600][47.228s][info][gc,stats    ]   Rendezvous                        403 us
[2026-04-03T02:44:02.439+0600][47.228s][info][gc,stats    ]   Purge Unlinked                   1451 us
[2026-04-03T02:44:02.439+0600][47.228s][info][gc,stats    ]     Code Roots                     1434 us
[2026-04-03T02:44:02.439+0600][47.228s][info][gc,stats    ]     CLDG                             16 us
[2026-04-03T02:44:02.439+0600][47.228s][info][gc,stats    ]     Exception Caches                  0 us
[2026-04-03T02:44:02.439+0600][47.228s][info][gc,stats    ] Concurrent Strong Roots            1335 us, parallelism: 0.63x
[2026-04-03T02:44:02.439+0600][47.228s][info][gc,stats    ]   CSR: <total>                      844 us
[2026-04-03T02:44:02.439+0600][47.228s][info][gc,stats    ]   CSR: VM Strong Roots               56 us, workers (us):  29,  17,  10, ---, ---, ---, 
[2026-04-03T02:44:02.439+0600][47.228s][info][gc,stats    ]   CSR: CLDG Roots                   788 us, workers (us): ---, 788, ---, ---, ---, ---, 
[2026-04-03T02:44:02.439+0600][47.228s][info][gc,stats    ] Concurrent Evacuation              3078 us
[2026-04-03T02:44:02.439+0600][47.228s][info][gc,stats    ] Pause Init Update Refs (G)          374 us
[2026-04-03T02:44:02.439+0600][47.228s][info][gc,stats    ] Pause Init Update Refs (N)          133 us
[2026-04-03T02:44:02.439+0600][47.228s][info][gc,stats    ]   Manage GCLABs                      34 us
[2026-04-03T02:44:02.439+0600][47.228s][info][gc,stats    ] Concurrent Update Refs            42600 us
[2026-04-03T02:44:02.439+0600][47.228s][info][gc,stats    ] Concurrent Update Thread Roots     2959 us
[2026-04-03T02:44:02.439+0600][47.228s][info][gc,stats    ] Pause Final Update Refs (G)         637 us
[2026-04-03T02:44:02.439+0600][47.228s][info][gc,stats    ] Pause Final Update Refs (N)         220 us
[2026-04-03T02:44:02.439+0600][47.228s][info][gc,stats    ]   Update Region States               69 us
[2026-04-03T02:44:02.439+0600][47.228s][info][gc,stats    ]   Trash Collection Set               20 us
[2026-04-03T02:44:02.439+0600][47.228s][info][gc,stats    ]   Rebuild Free Set                   54 us
[2026-04-03T02:44:02.439+0600][47.228s][info][gc,stats    ] Concurrent Cleanup                  807 us
[2026-04-03T02:44:02.439+0600][47.229s][info][gc,stats    ] Pacing                           197306 us
[2026-04-03T02:44:02.439+0600][47.229s][info][gc,stats    ] 
[2026-04-03T02:44:02.439+0600][47.229s][info][gc,stats    ] Allocation pacing accrued:
[2026-04-03T02:44:02.439+0600][47.229s][info][gc,stats    ]      20 of   942 ms (  2.1%): dispatcher-BlockManagerMaster
[2026-04-03T02:44:02.439+0600][47.229s][info][gc,stats    ]      40 of   942 ms (  4.2%): Executor task launch worker for task 3.0 in stage 1360.0 (TID 2554)
[2026-04-03T02:44:02.439+0600][47.229s][info][gc,stats    ]      38 of   942 ms (  4.1%): Executor task launch worker for task 2.0 in stage 1360.0 (TID 2553)
[2026-04-03T02:44:02.439+0600][47.229s][info][gc,stats    ]      39 of   942 ms (  4.2%): Executor task launch worker for task 0.0 in stage 1360.0 (TID 2551)
[2026-04-03T02:44:02.439+0600][47.229s][info][gc,stats    ]      40 of   942 ms (  4.3%): Executor task launch worker for task 1.0 in stage 1360.0 (TID 2552)
[2026-04-03T02:44:02.439+0600][47.229s][info][gc,stats    ]      20 of   942 ms (  2.1%): block-manager-storage-async-thread-pool-11
[2026-04-03T02:44:02.439+0600][47.229s][info][gc,stats    ]     197 of   942 ms ( 21.0%): <total>
[2026-04-03T02:44:02.439+0600][47.229s][info][gc,stats    ]       1 of   942 ms (  0.1%): <average total>
[2026-04-03T02:44:02.439+0600][47.229s][info][gc,stats    ]      33 of   942 ms (  3.5%): <average non-zero>
[2026-04-03T02:44:02.439+0600][47.229s][info][gc,stats    ] 
[2026-04-03T02:44:02.439+0600][47.229s][info][gc,metaspace] Metaspace: 130852K(132032K)->130868K(132096K) NonClass: 114383K(115008K)->114400K(115072K) Class: 16468K(17024K)->16468K(17024K)
[2026-04-03T02:44:02.439+0600][47.229s][info][gc,ergo     ] Pacer for Idle. Initial: 35840K, Alloc Tax Rate: 1.0x
[2026-04-03T02:44:03.352+0600][48.141s][info][gc          ] Trigger: Average GC time (168.64 ms) is above the time for average allocation rate (1276 MB/s) to deplete free headroom (215M) (margin of error = 1.89)
[2026-04-03T02:44:03.352+0600][48.141s][info][gc,ergo     ] Free headroom: 302M (free) - 89600K (spike) - 0B (penalties) = 215M
[2026-04-03T02:44:03.352+0600][48.141s][info][gc,ergo     ] Free: 302M, Max: 512K regular, 197M humongous, Frag: 35% external, 0% internal; Reserve: 89600K, Max: 512K
[2026-04-03T02:44:03.352+0600][48.141s][info][gc,start    ] GC(27) Concurrent reset
[2026-04-03T02:44:03.352+0600][48.141s][info][gc,task     ] GC(27) Using 3 of 6 workers for concurrent reset
[2026-04-03T02:44:03.352+0600][48.141s][info][gc,ergo     ] GC(27) Pacer for Reset. Non-Taxable: 1750M
[2026-04-03T02:44:03.353+0600][48.143s][info][gc          ] GC(27) Concurrent reset 1.459ms
[2026-04-03T02:44:03.354+0600][48.143s][info][gc,start    ] GC(27) Pause Init Mark (unload classes)
[2026-04-03T02:44:03.354+0600][48.143s][info][gc,task     ] GC(27) Using 6 of 6 workers for init marking
[2026-04-03T02:44:03.354+0600][48.143s][info][gc,ergo     ] GC(27) Pacer for Mark. Expected Live: 95777K, Free: 300M, Non-Taxable: 30776K, Alloc Tax Rate: 0.4x
[2026-04-03T02:44:03.354+0600][48.143s][info][gc          ] GC(27) Pause Init Mark (unload classes) 0.154ms
[2026-04-03T02:44:03.354+0600][48.143s][info][gc,start    ] GC(27) Concurrent marking roots
[2026-04-03T02:44:03.354+0600][48.143s][info][gc,task     ] GC(27) Using 3 of 6 workers for concurrent marking roots
[2026-04-03T02:44:03.357+0600][48.147s][info][gc          ] GC(27) Concurrent marking roots 3.465ms
[2026-04-03T02:44:03.357+0600][48.147s][info][gc,start    ] GC(27) Concurrent marking (unload classes)
[2026-04-03T02:44:03.357+0600][48.147s][info][gc,task     ] GC(27) Using 3 of 6 workers for concurrent marking
[2026-04-03T02:44:03.422+0600][48.211s][info][gc          ] GC(27) Concurrent marking (unload classes) 64.257ms
[2026-04-03T02:44:03.422+0600][48.211s][info][gc,start    ] GC(27) Pause Final Mark (unload classes)
[2026-04-03T02:44:03.422+0600][48.211s][info][gc,task     ] GC(27) Using 6 of 6 workers for final marking
[2026-04-03T02:44:03.422+0600][48.212s][info][gc,ergo     ] GC(27) Adaptive CSet Selection. Target Free: 247M, Actual Free: 1253M, Max CSet: 74666K, Min Garbage: 0B
[2026-04-03T02:44:03.423+0600][48.212s][info][gc,ergo     ] GC(27) Collectable Garbage: 1144M (99%), Immediate: 914M (79%), CSet: 230M (20%)
[2026-04-03T02:44:03.423+0600][48.212s][info][gc,ergo     ] GC(27) Pacer for Evacuation. Used CSet: 240M, Free: 1286M, Non-Taxable: 128M, Alloc Tax Rate: 1.1x
[2026-04-03T02:44:03.423+0600][48.212s][info][gc          ] GC(27) Pause Final Mark (unload classes) 0.806ms
[2026-04-03T02:44:03.423+0600][48.212s][info][gc,start    ] GC(27) Concurrent thread roots
[2026-04-03T02:44:03.423+0600][48.212s][info][gc,task     ] GC(27) Using 3 of 6 workers for Concurrent thread roots
[2026-04-03T02:44:03.425+0600][48.214s][info][gc          ] GC(27) Concurrent thread roots 1.913ms
[2026-04-03T02:44:03.425+0600][48.214s][info][gc,start    ] GC(27) Concurrent weak references
[2026-04-03T02:44:03.425+0600][48.214s][info][gc,task     ] GC(27) Using 3 of 6 workers for concurrent weak references
[2026-04-03T02:44:03.426+0600][48.216s][info][gc,ref      ] GC(27) Encountered references: Soft: 3876, Weak: 16008, Final: 84, Phantom: 620
[2026-04-03T02:44:03.426+0600][48.216s][info][gc,ref      ] GC(27) Discovered  references: Soft: 0, Weak: 8693, Final: 0, Phantom: 578
[2026-04-03T02:44:03.426+0600][48.216s][info][gc,ref      ] GC(27) Enqueued    references: Soft: 0, Weak: 419, Final: 0, Phantom: 0
[2026-04-03T02:44:03.426+0600][48.216s][info][gc          ] GC(27) Concurrent weak references 1.524ms
[2026-04-03T02:44:03.426+0600][48.216s][info][gc,start    ] GC(27) Concurrent weak roots
[2026-04-03T02:44:03.426+0600][48.216s][info][gc,task     ] GC(27) Using 3 of 6 workers for concurrent weak root
[2026-04-03T02:44:03.436+0600][48.226s][info][gc          ] GC(27) Concurrent weak roots 9.845ms
[2026-04-03T02:44:03.436+0600][48.226s][info][gc,start    ] GC(27) Concurrent cleanup
[2026-04-03T02:44:03.438+0600][48.227s][info][gc          ] GC(27) Concurrent cleanup 1297M->385M(1577M) 1.619ms
[2026-04-03T02:44:03.438+0600][48.228s][info][gc,ergo     ] GC(27) Free: 1272M, Max: 512K regular, 239M humongous, Frag: 82% external, 0% internal; Reserve: 88325K, Max: 512K
[2026-04-03T02:44:03.438+0600][48.228s][info][gc,start    ] GC(27) Concurrent class unloading
[2026-04-03T02:44:03.438+0600][48.228s][info][gc,task     ] GC(27) Using 3 of 6 workers for concurrent class unloading
[2026-04-03T02:44:03.460+0600][48.250s][info][gc          ] GC(27) Concurrent class unloading 22.060ms
[2026-04-03T02:44:03.460+0600][48.250s][info][gc,start    ] GC(27) Concurrent strong roots
[2026-04-03T02:44:03.460+0600][48.250s][info][gc,task     ] GC(27) Using 3 of 6 workers for concurrent strong root
[2026-04-03T02:44:03.462+0600][48.251s][info][gc          ] GC(27) Concurrent strong roots 1.490ms
[2026-04-03T02:44:03.462+0600][48.251s][info][gc,start    ] GC(27) Concurrent evacuation
[2026-04-03T02:44:03.462+0600][48.251s][info][gc,task     ] GC(27) Using 3 of 6 workers for concurrent evacuation
[2026-04-03T02:44:03.468+0600][48.258s][info][gc          ] GC(27) Concurrent evacuation 6.186ms
[2026-04-03T02:44:03.469+0600][48.258s][info][gc,start    ] GC(27) Pause Init Update Refs
[2026-04-03T02:44:03.469+0600][48.258s][info][gc,ergo     ] GC(27) Pacer for Update Refs. Used: 418M, Free: 1245M, Non-Taxable: 124M, Alloc Tax Rate: 1.1x
[2026-04-03T02:44:03.469+0600][48.258s][info][gc          ] GC(27) Pause Init Update Refs 0.192ms
[2026-04-03T02:44:03.469+0600][48.258s][info][gc,start    ] GC(27) Concurrent update references
[2026-04-03T02:44:03.469+0600][48.258s][info][gc,task     ] GC(27) Using 3 of 6 workers for concurrent reference update
[2026-04-03T02:44:03.522+0600][48.312s][info][gc          ] GC(27) Concurrent update references 53.589ms
[2026-04-03T02:44:03.523+0600][48.312s][info][gc,start    ] GC(27) Concurrent update thread roots
[2026-04-03T02:44:03.524+0600][48.314s][info][gc          ] GC(27) Concurrent update thread roots 1.619ms
[2026-04-03T02:44:03.524+0600][48.314s][info][gc,start    ] GC(27) Pause Final Update Refs
[2026-04-03T02:44:03.524+0600][48.314s][info][gc,task     ] GC(27) Using 6 of 6 workers for final reference update
[2026-04-03T02:44:03.525+0600][48.314s][info][gc          ] GC(27) Pause Final Update Refs 0.246ms
[2026-04-03T02:44:03.525+0600][48.314s][info][gc,start    ] GC(27) Concurrent cleanup
[2026-04-03T02:44:03.525+0600][48.315s][info][gc          ] GC(27) Concurrent cleanup 453M->212M(1577M) 0.317ms
[2026-04-03T02:44:03.525+0600][48.315s][info][gc,ergo     ] Free: 1434M, Max: 512K regular, 998M humongous, Frag: 31% external, 0% internal; Reserve: 89600K, Max: 512K
[2026-04-03T02:44:03.525+0600][48.315s][info][gc,stats    ] 
[2026-04-03T02:44:03.525+0600][48.315s][info][gc,stats    ] All times are wall-clock times, except per-root-class counters, that are sum over
[2026-04-03T02:44:03.525+0600][48.315s][info][gc,stats    ] all workers. Dividing the <total> over the root stage time estimates parallelism.
[2026-04-03T02:44:03.525+0600][48.315s][info][gc,stats    ] 
[2026-04-03T02:44:03.525+0600][48.315s][info][gc,stats    ] Concurrent Reset                   1501 us
[2026-04-03T02:44:03.525+0600][48.315s][info][gc,stats    ] Pause Init Mark (G)                 500 us
[2026-04-03T02:44:03.525+0600][48.315s][info][gc,stats    ] Pause Init Mark (N)                 185 us
[2026-04-03T02:44:03.525+0600][48.315s][info][gc,stats    ]   Update Region States               35 us
[2026-04-03T02:44:03.525+0600][48.315s][info][gc,stats    ] Concurrent Mark Roots              3543 us, parallelism: 2.21x
[2026-04-03T02:44:03.525+0600][48.315s][info][gc,stats    ]   CMR: <total>                     7841 us
[2026-04-03T02:44:03.525+0600][48.315s][info][gc,stats    ]   CMR: Thread Roots                7356 us, workers (us): 1491, 2795, 3071, ---, ---, ---, 
[2026-04-03T02:44:03.525+0600][48.315s][info][gc,stats    ]   CMR: VM Strong Roots               65 us, workers (us):  28,  26,  10, ---, ---, ---, 
[2026-04-03T02:44:03.525+0600][48.315s][info][gc,stats    ]   CMR: CLDG Roots                   420 us, workers (us): 420, ---, ---, ---, ---, ---, 
[2026-04-03T02:44:03.525+0600][48.315s][info][gc,stats    ] Concurrent Marking                64339 us
[2026-04-03T02:44:03.525+0600][48.315s][info][gc,stats    ] Pause Final Mark (G)               1094 us
[2026-04-03T02:44:03.525+0600][48.315s][info][gc,stats    ] Pause Final Mark (N)                817 us
[2026-04-03T02:44:03.525+0600][48.315s][info][gc,stats    ]   Finish Mark                       297 us
[2026-04-03T02:44:03.525+0600][48.315s][info][gc,stats    ]   Update Region States               49 us
[2026-04-03T02:44:03.525+0600][48.315s][info][gc,stats    ]   Choose Collection Set             260 us
[2026-04-03T02:44:03.526+0600][48.315s][info][gc,stats    ]   Rebuild Free Set                   51 us
[2026-04-03T02:44:03.526+0600][48.315s][info][gc,stats    ] Concurrent Thread Roots            2017 us, parallelism: 2.04x
[2026-04-03T02:44:03.526+0600][48.315s][info][gc,stats    ]   CTR: <total>                     4116 us
[2026-04-03T02:44:03.526+0600][48.315s][info][gc,stats    ]   CTR: Thread Roots                4116 us, workers (us): 1733, 1319, 1064, ---, ---, ---, 
[2026-04-03T02:44:03.526+0600][48.315s][info][gc,stats    ] Concurrent Weak References         1540 us, parallelism: 0.78x
[2026-04-03T02:44:03.526+0600][48.315s][info][gc,stats    ]   CWRF: <total>                    1197 us
[2026-04-03T02:44:03.526+0600][48.315s][info][gc,stats    ]   CWRF: Weak References            1197 us, workers (us): 1101,  96,   0, ---, ---, ---, 
[2026-04-03T02:44:03.526+0600][48.315s][info][gc,stats    ] Concurrent Weak Roots              9949 us
[2026-04-03T02:44:03.526+0600][48.315s][info][gc,stats    ]   Roots                            9270 us, parallelism: 2.54x
[2026-04-03T02:44:03.526+0600][48.315s][info][gc,stats    ]     CWR: <total>                  23537 us
[2026-04-03T02:44:03.526+0600][48.315s][info][gc,stats    ]     CWR: Code Cache Roots         17628 us, workers (us): 5787, 6082, 5758, ---, ---, ---, 
[2026-04-03T02:44:03.526+0600][48.315s][info][gc,stats    ]     CWR: VM Weak Roots             5641 us, workers (us): 3069, 2570,   2, ---, ---, ---, 
[2026-04-03T02:44:03.526+0600][48.315s][info][gc,stats    ]     CWR: CLDG Roots                 269 us, workers (us): ---, 269, ---, ---, ---, ---, 
[2026-04-03T02:44:03.526+0600][48.315s][info][gc,stats    ]   Rendezvous                        516 us
[2026-04-03T02:44:03.526+0600][48.315s][info][gc,stats    ] Concurrent Cleanup                 1877 us
[2026-04-03T02:44:03.526+0600][48.315s][info][gc,stats    ] Concurrent Class Unloading        22155 us
[2026-04-03T02:44:03.526+0600][48.315s][info][gc,stats    ]   Unlink Stale                    19682 us
[2026-04-03T02:44:03.526+0600][48.315s][info][gc,stats    ]     System Dictionary               296 us
[2026-04-03T02:44:03.526+0600][48.315s][info][gc,stats    ]     Weak Class Links                  0 us
[2026-04-03T02:44:03.526+0600][48.315s][info][gc,stats    ]     Code Roots                    19381 us
[2026-04-03T02:44:03.526+0600][48.315s][info][gc,stats    ]   Rendezvous                        516 us
[2026-04-03T02:44:03.526+0600][48.315s][info][gc,stats    ]   Purge Unlinked                   1817 us
[2026-04-03T02:44:03.526+0600][48.315s][info][gc,stats    ]     Code Roots                     1801 us
[2026-04-03T02:44:03.526+0600][48.315s][info][gc,stats    ]     CLDG                             15 us
[2026-04-03T02:44:03.526+0600][48.315s][info][gc,stats    ]     Exception Caches                  0 us
[2026-04-03T02:44:03.526+0600][48.315s][info][gc,stats    ] Concurrent Strong Roots            1555 us, parallelism: 0.65x
[2026-04-03T02:44:03.526+0600][48.315s][info][gc,stats    ]   CSR: <total>                     1016 us
[2026-04-03T02:44:03.526+0600][48.315s][info][gc,stats    ]   CSR: VM Strong Roots               56 us, workers (us):  54,   2,   0, ---, ---, ---, 
[2026-04-03T02:44:03.526+0600][48.315s][info][gc,stats    ]   CSR: CLDG Roots                   960 us, workers (us): 960, ---, ---, ---, ---, ---, 
[2026-04-03T02:44:03.526+0600][48.315s][info][gc,stats    ] Concurrent Evacuation              6309 us
[2026-04-03T02:44:03.526+0600][48.315s][info][gc,stats    ] Pause Init Update Refs (G)          572 us
[2026-04-03T02:44:03.526+0600][48.315s][info][gc,stats    ] Pause Init Update Refs (N)          211 us
[2026-04-03T02:44:03.526+0600][48.315s][info][gc,stats    ]   Manage GCLABs                      72 us
[2026-04-03T02:44:03.526+0600][48.315s][info][gc,stats    ] Concurrent Update Refs            53689 us
[2026-04-03T02:44:03.526+0600][48.315s][info][gc,stats    ] Concurrent Update Thread Roots     1677 us
[2026-04-03T02:44:03.526+0600][48.315s][info][gc,stats    ] Pause Final Update Refs (G)         602 us
[2026-04-03T02:44:03.526+0600][48.315s][info][gc,stats    ] Pause Final Update Refs (N)         285 us
[2026-04-03T02:44:03.526+0600][48.315s][info][gc,stats    ]   Update Region States               95 us
[2026-04-03T02:44:03.526+0600][48.315s][info][gc,stats    ]   Trash Collection Set               26 us
[2026-04-03T02:44:03.526+0600][48.315s][info][gc,stats    ]   Rebuild Free Set                   51 us
[2026-04-03T02:44:03.526+0600][48.315s][info][gc,stats    ] Concurrent Cleanup                  341 us
[2026-04-03T02:44:03.526+0600][48.315s][info][gc,stats    ] Pacing                            83091 us
[2026-04-03T02:44:03.526+0600][48.315s][info][gc,stats    ] 
[2026-04-03T02:44:03.526+0600][48.315s][info][gc,stats    ] Allocation pacing accrued:
[2026-04-03T02:44:03.526+0600][48.315s][info][gc,stats    ]      11 of  1087 ms (  1.0%): Executor task launch worker for task 3.0 in stage 1396.0 (TID 2714)
[2026-04-03T02:44:03.526+0600][48.315s][info][gc,stats    ]      10 of  1087 ms (  0.9%): Executor task launch worker for task 1.0 in stage 1396.0 (TID 2712)
[2026-04-03T02:44:03.526+0600][48.315s][info][gc,stats    ]      10 of  1087 ms (  0.9%): Executor task launch worker for task 7.0 in stage 1396.0 (TID 2718)
[2026-04-03T02:44:03.526+0600][48.315s][info][gc,stats    ]      10 of  1087 ms (  0.9%): Executor task launch worker for task 4.0 in stage 1396.0 (TID 2715)
[2026-04-03T02:44:03.526+0600][48.315s][info][gc,stats    ]      11 of  1087 ms (  1.0%): Executor task launch worker for task 0.0 in stage 1396.0 (TID 2711)
[2026-04-03T02:44:03.526+0600][48.315s][info][gc,stats    ]      10 of  1087 ms (  0.9%): Executor task launch worker for task 2.0 in stage 1396.0 (TID 2713)
[2026-04-03T02:44:03.526+0600][48.315s][info][gc,stats    ]      10 of  1087 ms (  0.9%): Executor task launch worker for task 6.0 in stage 1396.0 (TID 2717)
[2026-04-03T02:44:03.526+0600][48.315s][info][gc,stats    ]      10 of  1087 ms (  0.9%): Executor task launch worker for task 5.0 in stage 1396.0 (TID 2716)
[2026-04-03T02:44:03.526+0600][48.315s][info][gc,stats    ]      83 of  1087 ms (  7.6%): <total>
[2026-04-03T02:44:03.526+0600][48.316s][info][gc,stats    ]       0 of  1087 ms (  0.0%): <average total>
[2026-04-03T02:44:03.526+0600][48.316s][info][gc,stats    ]      10 of  1087 ms (  1.0%): <average non-zero>
[2026-04-03T02:44:03.526+0600][48.316s][info][gc,stats    ] 
[2026-04-03T02:44:03.526+0600][48.316s][info][gc,metaspace] Metaspace: 130958K(132160K)->130961K(132160K) NonClass: 114487K(115136K)->114490K(115136K) Class: 16470K(17024K)->16470K(17024K)
[2026-04-03T02:44:03.526+0600][48.316s][info][gc,ergo     ] Pacer for Idle. Initial: 35840K, Alloc Tax Rate: 1.0x
[2026-04-03T02:44:04.708+0600][49.497s][info][gc          ] Trigger: Explicit GC request (System.gc())
[2026-04-03T02:44:04.708+0600][49.498s][info][gc,ergo     ] Free: 285M, Max: 512K regular, 239M humongous, Frag: 16% external, 0% internal; Reserve: 89600K, Max: 512K
[2026-04-03T02:44:04.708+0600][49.498s][info][gc,start    ] GC(28) Concurrent reset
[2026-04-03T02:44:04.708+0600][49.498s][info][gc,task     ] GC(28) Using 3 of 6 workers for concurrent reset
[2026-04-03T02:44:04.708+0600][49.498s][info][gc,ergo     ] GC(28) Pacer for Reset. Non-Taxable: 1750M
[2026-04-03T02:44:04.710+0600][49.499s][info][gc          ] GC(28) Concurrent reset 1.396ms
[2026-04-03T02:44:04.710+0600][49.499s][info][gc,start    ] GC(28) Pause Init Mark (unload classes)
[2026-04-03T02:44:04.710+0600][49.499s][info][gc,task     ] GC(28) Using 6 of 6 workers for init marking
[2026-04-03T02:44:04.710+0600][49.499s][info][gc,ref      ] GC(28) Clearing All SoftReferences
[2026-04-03T02:44:04.710+0600][49.499s][info][gc,ergo     ] GC(28) Pacer for Mark. Expected Live: 95896K, Free: 285M, Non-Taxable: 29192K, Alloc Tax Rate: 0.4x
[2026-04-03T02:44:04.710+0600][49.499s][info][gc          ] GC(28) Pause Init Mark (unload classes) 0.156ms
[2026-04-03T02:44:04.710+0600][49.500s][info][gc,start    ] GC(28) Concurrent marking roots
[2026-04-03T02:44:04.710+0600][49.500s][info][gc,task     ] GC(28) Using 3 of 6 workers for concurrent marking roots
[2026-04-03T02:44:04.711+0600][49.501s][info][gc          ] GC(28) Concurrent marking roots 1.189ms
[2026-04-03T02:44:04.711+0600][49.501s][info][gc,start    ] GC(28) Concurrent marking (unload classes)
[2026-04-03T02:44:04.711+0600][49.501s][info][gc,task     ] GC(28) Using 3 of 6 workers for concurrent marking
[2026-04-03T02:44:04.753+0600][49.542s][info][gc          ] GC(28) Concurrent marking (unload classes) 41.106ms
[2026-04-03T02:44:04.753+0600][49.542s][info][gc,start    ] GC(28) Pause Final Mark (unload classes)
[2026-04-03T02:44:04.753+0600][49.542s][info][gc,task     ] GC(28) Using 6 of 6 workers for final marking
[2026-04-03T02:44:04.753+0600][49.543s][info][gc,ergo     ] GC(28) Adaptive CSet Selection. Target Free: 247M, Actual Free: 1338M, Max CSet: 74666K, Min Garbage: 0B
[2026-04-03T02:44:04.753+0600][49.543s][info][gc,ergo     ] GC(28) Collectable Garbage: 1186M (99%), Immediate: 967M (81%), CSet: 219M (18%)
[2026-04-03T02:44:04.753+0600][49.543s][info][gc,ergo     ] GC(28) Pacer for Evacuation. Used CSet: 226M, Free: 1346M, Non-Taxable: 134M, Alloc Tax Rate: 1.1x
[2026-04-03T02:44:04.754+0600][49.543s][info][gc          ] GC(28) Pause Final Mark (unload classes) 0.766ms
[2026-04-03T02:44:04.754+0600][49.543s][info][gc,start    ] GC(28) Concurrent thread roots
[2026-04-03T02:44:04.754+0600][49.543s][info][gc,task     ] GC(28) Using 3 of 6 workers for Concurrent thread roots
[2026-04-03T02:44:04.755+0600][49.544s][info][gc          ] GC(28) Concurrent thread roots 0.894ms
[2026-04-03T02:44:04.755+0600][49.544s][info][gc,start    ] GC(28) Concurrent weak references
[2026-04-03T02:44:04.755+0600][49.544s][info][gc,task     ] GC(28) Using 3 of 6 workers for concurrent weak references
[2026-04-03T02:44:04.756+0600][49.545s][info][gc,ref      ] GC(28) Encountered references: Soft: 3646, Weak: 17448, Final: 84, Phantom: 620
[2026-04-03T02:44:04.756+0600][49.545s][info][gc,ref      ] GC(28) Discovered  references: Soft: 1264, Weak: 11873, Final: 84, Phantom: 616
[2026-04-03T02:44:04.756+0600][49.545s][info][gc,ref      ] GC(28) Enqueued    references: Soft: 749, Weak: 3168, Final: 0, Phantom: 0
[2026-04-03T02:44:04.756+0600][49.545s][info][gc          ] GC(28) Concurrent weak references 1.127ms
[2026-04-03T02:44:04.756+0600][49.545s][info][gc,start    ] GC(28) Concurrent weak roots
[2026-04-03T02:44:04.756+0600][49.545s][info][gc,task     ] GC(28) Using 3 of 6 workers for concurrent weak root
[2026-04-03T02:44:04.760+0600][49.549s][info][gc          ] GC(28) Concurrent weak roots 3.846ms
[2026-04-03T02:44:04.760+0600][49.549s][info][gc,start    ] GC(28) Concurrent cleanup
[2026-04-03T02:44:04.761+0600][49.550s][info][gc          ] GC(28) Concurrent cleanup 1281M->314M(1577M) 0.925ms
[2026-04-03T02:44:04.761+0600][49.550s][info][gc,ergo     ] GC(28) Free: 1346M, Max: 512K regular, 239M humongous, Frag: 83% external, 0% internal; Reserve: 88714K, Max: 512K
[2026-04-03T02:44:04.761+0600][49.550s][info][gc,start    ] GC(28) Concurrent class unloading
[2026-04-03T02:44:04.761+0600][49.550s][info][gc,task     ] GC(28) Using 3 of 6 workers for concurrent class unloading
[2026-04-03T02:44:04.817+0600][49.606s][info][gc          ] GC(28) Concurrent class unloading 56.065ms
[2026-04-03T02:44:04.817+0600][49.606s][info][gc,start    ] GC(28) Concurrent strong roots
[2026-04-03T02:44:04.817+0600][49.606s][info][gc,task     ] GC(28) Using 3 of 6 workers for concurrent strong root
[2026-04-03T02:44:04.818+0600][49.607s][info][gc          ] GC(28) Concurrent strong roots 1.222ms
[2026-04-03T02:44:04.818+0600][49.607s][info][gc,start    ] GC(28) Concurrent evacuation
[2026-04-03T02:44:04.818+0600][49.607s][info][gc,task     ] GC(28) Using 3 of 6 workers for concurrent evacuation
[2026-04-03T02:44:04.821+0600][49.611s][info][gc          ] GC(28) Concurrent evacuation 3.420ms
[2026-04-03T02:44:04.822+0600][49.611s][info][gc,start    ] GC(28) Pause Init Update Refs
[2026-04-03T02:44:04.822+0600][49.611s][info][gc,ergo     ] GC(28) Pacer for Update Refs. Used: 324M, Free: 1343M, Non-Taxable: 134M, Alloc Tax Rate: 1.1x
[2026-04-03T02:44:04.822+0600][49.611s][info][gc          ] GC(28) Pause Init Update Refs 0.157ms
[2026-04-03T02:44:04.822+0600][49.612s][info][gc,start    ] GC(28) Concurrent update references
[2026-04-03T02:44:04.822+0600][49.612s][info][gc,task     ] GC(28) Using 3 of 6 workers for concurrent reference update
[2026-04-03T02:44:04.848+0600][49.637s][info][gc          ] GC(28) Concurrent update references 25.337ms
[2026-04-03T02:44:04.848+0600][49.637s][info][gc,start    ] GC(28) Concurrent update thread roots
[2026-04-03T02:44:04.849+0600][49.638s][info][gc          ] GC(28) Concurrent update thread roots 1.006ms
[2026-04-03T02:44:04.849+0600][49.638s][info][gc,start    ] GC(28) Pause Final Update Refs
[2026-04-03T02:44:04.849+0600][49.638s][info][gc,task     ] GC(28) Using 6 of 6 workers for final reference update
[2026-04-03T02:44:04.849+0600][49.638s][info][gc          ] GC(28) Pause Final Update Refs 0.159ms
[2026-04-03T02:44:04.849+0600][49.639s][info][gc,start    ] GC(28) Concurrent cleanup
[2026-04-03T02:44:04.850+0600][49.639s][info][gc          ] GC(28) Concurrent cleanup 324M->98M(1577M) 0.516ms
[2026-04-03T02:44:04.850+0600][49.639s][info][gc,ergo     ] Free: 1562M, Max: 512K regular, 954M humongous, Frag: 39% external, 0% internal; Reserve: 89600K, Max: 512K
[2026-04-03T02:44:04.850+0600][49.639s][info][gc,stats    ] 
[2026-04-03T02:44:04.850+0600][49.639s][info][gc,stats    ] All times are wall-clock times, except per-root-class counters, that are sum over
[2026-04-03T02:44:04.850+0600][49.639s][info][gc,stats    ] all workers. Dividing the <total> over the root stage time estimates parallelism.
[2026-04-03T02:44:04.850+0600][49.639s][info][gc,stats    ] 
[2026-04-03T02:44:04.850+0600][49.639s][info][gc,stats    ] Concurrent Reset                   1451 us
[2026-04-03T02:44:04.850+0600][49.639s][info][gc,stats    ] Pause Init Mark (G)                 523 us
[2026-04-03T02:44:04.850+0600][49.639s][info][gc,stats    ] Pause Init Mark (N)                 166 us
[2026-04-03T02:44:04.850+0600][49.639s][info][gc,stats    ]   Update Region States               35 us
[2026-04-03T02:44:04.850+0600][49.639s][info][gc,stats    ] Concurrent Mark Roots              1230 us, parallelism: 1.73x
[2026-04-03T02:44:04.850+0600][49.639s][info][gc,stats    ]   CMR: <total>                     2122 us
[2026-04-03T02:44:04.850+0600][49.639s][info][gc,stats    ]   CMR: Thread Roots                1756 us, workers (us): 682, 395, 679, ---, ---, ---, 
[2026-04-03T02:44:04.850+0600][49.639s][info][gc,stats    ]   CMR: VM Strong Roots               75 us, workers (us):  55,  14,   6, ---, ---, ---, 
[2026-04-03T02:44:04.850+0600][49.639s][info][gc,stats    ]   CMR: CLDG Roots                   291 us, workers (us): ---, 291, ---, ---, ---, ---, 
[2026-04-03T02:44:04.850+0600][49.639s][info][gc,stats    ] Concurrent Marking                41167 us
[2026-04-03T02:44:04.850+0600][49.639s][info][gc,stats    ] Pause Final Mark (G)               1064 us
[2026-04-03T02:44:04.850+0600][49.639s][info][gc,stats    ] Pause Final Mark (N)                778 us
[2026-04-03T02:44:04.850+0600][49.639s][info][gc,stats    ]   Finish Mark                       327 us
[2026-04-03T02:44:04.850+0600][49.639s][info][gc,stats    ]   Update Region States               61 us
[2026-04-03T02:44:04.850+0600][49.639s][info][gc,stats    ]   Choose Collection Set             246 us
[2026-04-03T02:44:04.850+0600][49.639s][info][gc,stats    ]   Rebuild Free Set                   38 us
[2026-04-03T02:44:04.850+0600][49.639s][info][gc,stats    ] Concurrent Thread Roots             935 us, parallelism: 1.90x
[2026-04-03T02:44:04.850+0600][49.639s][info][gc,stats    ]   CTR: <total>                     1778 us
[2026-04-03T02:44:04.850+0600][49.639s][info][gc,stats    ]   CTR: Thread Roots                1778 us, workers (us): 614, 601, 563, ---, ---, ---, 
[2026-04-03T02:44:04.850+0600][49.639s][info][gc,stats    ] Concurrent Weak References         1139 us, parallelism: 1.64x
[2026-04-03T02:44:04.850+0600][49.639s][info][gc,stats    ]   CWRF: <total>                    1866 us
[2026-04-03T02:44:04.850+0600][49.639s][info][gc,stats    ]   CWRF: Weak References            1866 us, workers (us): 385, 846, 635, ---, ---, ---, 
[2026-04-03T02:44:04.850+0600][49.639s][info][gc,stats    ] Concurrent Weak Roots              3928 us
[2026-04-03T02:44:04.850+0600][49.639s][info][gc,stats    ]   Roots                            3487 us, parallelism: 2.65x
[2026-04-03T02:44:04.850+0600][49.639s][info][gc,stats    ]     CWR: <total>                   9226 us
[2026-04-03T02:44:04.850+0600][49.639s][info][gc,stats    ]     CWR: Code Cache Roots          6540 us, workers (us): 2199, 2082, 2258, ---, ---, ---, 
[2026-04-03T02:44:04.850+0600][49.639s][info][gc,stats    ]     CWR: VM Weak Roots             2476 us, workers (us): 882, 818, 776, ---, ---, ---, 
[2026-04-03T02:44:04.850+0600][49.639s][info][gc,stats    ]     CWR: CLDG Roots                 210 us, workers (us): ---, 210, ---, ---, ---, ---, 
[2026-04-03T02:44:04.850+0600][49.639s][info][gc,stats    ]   Rendezvous                        333 us
[2026-04-03T02:44:04.850+0600][49.639s][info][gc,stats    ] Concurrent Cleanup                  941 us
[2026-04-03T02:44:04.850+0600][49.639s][info][gc,stats    ] Concurrent Class Unloading        56129 us
[2026-04-03T02:44:04.850+0600][49.639s][info][gc,stats    ]   Unlink Stale                    39236 us
[2026-04-03T02:44:04.850+0600][49.639s][info][gc,stats    ]     System Dictionary               884 us
[2026-04-03T02:44:04.850+0600][49.639s][info][gc,stats    ]     Weak Class Links              22107 us
[2026-04-03T02:44:04.850+0600][49.639s][info][gc,stats    ]     Code Roots                    16240 us
[2026-04-03T02:44:04.850+0600][49.639s][info][gc,stats    ]   Rendezvous                        500 us
[2026-04-03T02:44:04.850+0600][49.639s][info][gc,stats    ]   Purge Unlinked                  16270 us
[2026-04-03T02:44:04.850+0600][49.640s][info][gc,stats    ]     Code Roots                    14817 us
[2026-04-03T02:44:04.850+0600][49.640s][info][gc,stats    ]     CLDG                           1451 us
[2026-04-03T02:44:04.850+0600][49.640s][info][gc,stats    ]     Exception Caches                  0 us
[2026-04-03T02:44:04.850+0600][49.640s][info][gc,stats    ] Concurrent Strong Roots            1274 us, parallelism: 0.78x
[2026-04-03T02:44:04.850+0600][49.640s][info][gc,stats    ]   CSR: <total>                      989 us
[2026-04-03T02:44:04.850+0600][49.640s][info][gc,stats    ]   CSR: VM Strong Roots               67 us, workers (us):  35,  15,  17, ---, ---, ---, 
[2026-04-03T02:44:04.850+0600][49.640s][info][gc,stats    ]   CSR: CLDG Roots                   922 us, workers (us): ---, 922, ---, ---, ---, ---, 
[2026-04-03T02:44:04.850+0600][49.640s][info][gc,stats    ] Concurrent Evacuation              3456 us
[2026-04-03T02:44:04.850+0600][49.640s][info][gc,stats    ] Pause Init Update Refs (G)          727 us
[2026-04-03T02:44:04.850+0600][49.640s][info][gc,stats    ] Pause Init Update Refs (N)          326 us
[2026-04-03T02:44:04.850+0600][49.640s][info][gc,stats    ]   Manage GCLABs                      63 us
[2026-04-03T02:44:04.850+0600][49.640s][info][gc,stats    ] Concurrent Update Refs            25396 us
[2026-04-03T02:44:04.850+0600][49.640s][info][gc,stats    ] Concurrent Update Thread Roots     1056 us
[2026-04-03T02:44:04.850+0600][49.640s][info][gc,stats    ] Pause Final Update Refs (G)         434 us
[2026-04-03T02:44:04.850+0600][49.640s][info][gc,stats    ] Pause Final Update Refs (N)         174 us
[2026-04-03T02:44:04.850+0600][49.640s][info][gc,stats    ]   Update Region States               48 us
[2026-04-03T02:44:04.850+0600][49.640s][info][gc,stats    ]   Trash Collection Set               17 us
[2026-04-03T02:44:04.850+0600][49.640s][info][gc,stats    ]   Rebuild Free Set                   41 us
[2026-04-03T02:44:04.850+0600][49.640s][info][gc,stats    ] Concurrent Cleanup                  534 us
[2026-04-03T02:44:04.850+0600][49.640s][info][gc,stats    ] 
[2026-04-03T02:44:04.850+0600][49.640s][info][gc,stats    ] Allocation pacing accrued:
[2026-04-03T02:44:04.850+0600][49.640s][info][gc,stats    ]       0 of  1324 ms (  0.0%): <total>
[2026-04-03T02:44:04.850+0600][49.640s][info][gc,stats    ]       0 of  1324 ms (  0.0%): <average total>
[2026-04-03T02:44:04.850+0600][49.640s][info][gc,stats    ] 
[2026-04-03T02:44:04.850+0600][49.640s][info][gc,metaspace] Metaspace: 131323K(132608K)->130012K(132608K) NonClass: 114774K(115456K)->113687K(115456K) Class: 16548K(17152K)->16325K(17152K)
[2026-04-03T02:44:04.850+0600][49.640s][info][gc,ergo     ] Pacer for Idle. Initial: 35840K, Alloc Tax Rate: 1.0x
[2026-04-03T02:44:04.850+0600][49.640s][info][gc,start    ] Concurrent uncommit
[2026-04-03T02:44:05.020+0600][49.810s][info][gc          ] Concurrent uncommit 98M->123M(128M) 169.828ms
[2026-04-03T02:44:05.213+0600][50.002s][info][gc          ] Trigger: Learning 2 of 5. Free (1221M) is below initial threshold (1225M)
[2026-04-03T02:44:05.213+0600][50.003s][info][gc,ergo     ] Free: 1221M, Max: 512K regular, 864M humongous, Frag: 30% external, 0% internal; Reserve: 89600K, Max: 512K
[2026-04-03T02:44:05.213+0600][50.003s][info][gc,start    ] GC(29) Concurrent reset
[2026-04-03T02:44:05.213+0600][50.003s][info][gc,task     ] GC(29) Using 3 of 6 workers for concurrent reset
[2026-04-03T02:44:05.213+0600][50.003s][info][gc,ergo     ] GC(29) Pacer for Reset. Non-Taxable: 1750M
[2026-04-03T02:44:05.215+0600][50.005s][info][gc          ] GC(29) Concurrent reset 1.981ms
[2026-04-03T02:44:05.220+0600][50.009s][info][gc,start    ] GC(29) Pause Init Mark (unload classes)
[2026-04-03T02:44:05.220+0600][50.009s][info][gc,task     ] GC(29) Using 6 of 6 workers for init marking
[2026-04-03T02:44:05.220+0600][50.010s][info][gc,ergo     ] GC(29) Pacer for Mark. Expected Live: 95514K, Free: 1207M, Non-Taxable: 120M, Alloc Tax Rate: 0.1x
[2026-04-03T02:44:05.220+0600][50.010s][info][gc          ] GC(29) Pause Init Mark (unload classes) 0.235ms
[2026-04-03T02:44:05.220+0600][50.010s][info][gc,start    ] GC(29) Concurrent marking roots
[2026-04-03T02:44:05.220+0600][50.010s][info][gc,task     ] GC(29) Using 3 of 6 workers for concurrent marking roots
[2026-04-03T02:44:05.222+0600][50.011s][info][gc          ] GC(29) Concurrent marking roots 1.580ms
[2026-04-03T02:44:05.222+0600][50.011s][info][gc,start    ] GC(29) Concurrent marking (unload classes)
[2026-04-03T02:44:05.222+0600][50.011s][info][gc,task     ] GC(29) Using 3 of 6 workers for concurrent marking
[2026-04-03T02:44:05.283+0600][50.073s][info][gc          ] GC(29) Concurrent marking (unload classes) 61.335ms
[2026-04-03T02:44:05.284+0600][50.073s][info][gc,start    ] GC(29) Pause Final Mark (unload classes)
[2026-04-03T02:44:05.284+0600][50.073s][info][gc,task     ] GC(29) Using 6 of 6 workers for final marking
[2026-04-03T02:44:05.284+0600][50.073s][info][gc,ergo     ] GC(29) Adaptive CSet Selection. Target Free: 247M, Actual Free: 1466M, Max CSet: 74666K, Min Garbage: 0B
[2026-04-03T02:44:05.284+0600][50.074s][info][gc,ergo     ] GC(29) Collectable Garbage: 308M (97%), Immediate: 243M (77%), CSet: 66729K (20%)
[2026-04-03T02:44:05.284+0600][50.074s][info][gc,ergo     ] GC(29) Pacer for Evacuation. Used CSet: 77418K, Free: 1411M, Non-Taxable: 141M, Alloc Tax Rate: 1.1x
[2026-04-03T02:44:05.284+0600][50.074s][info][gc          ] GC(29) Pause Final Mark (unload classes) 0.781ms
[2026-04-03T02:44:05.284+0600][50.074s][info][gc,start    ] GC(29) Concurrent thread roots
[2026-04-03T02:44:05.284+0600][50.074s][info][gc,task     ] GC(29) Using 3 of 6 workers for Concurrent thread roots
[2026-04-03T02:44:05.287+0600][50.076s][info][gc          ] GC(29) Concurrent thread roots 2.107ms
[2026-04-03T02:44:05.287+0600][50.076s][info][gc,start    ] GC(29) Concurrent weak references
[2026-04-03T02:44:05.287+0600][50.076s][info][gc,task     ] GC(29) Using 3 of 6 workers for concurrent weak references
[2026-04-03T02:44:05.288+0600][50.077s][info][gc,ref      ] GC(29) Encountered references: Soft: 3615, Weak: 14841, Final: 84, Phantom: 639
[2026-04-03T02:44:05.288+0600][50.077s][info][gc,ref      ] GC(29) Discovered  references: Soft: 0, Weak: 8631, Final: 52, Phantom: 242
[2026-04-03T02:44:05.288+0600][50.077s][info][gc,ref      ] GC(29) Enqueued    references: Soft: 0, Weak: 369, Final: 0, Phantom: 0
[2026-04-03T02:44:05.288+0600][50.077s][info][gc          ] GC(29) Concurrent weak references 1.043ms
[2026-04-03T02:44:05.288+0600][50.077s][info][gc,start    ] GC(29) Concurrent weak roots
[2026-04-03T02:44:05.288+0600][50.077s][info][gc,task     ] GC(29) Using 3 of 6 workers for concurrent weak root
[2026-04-03T02:44:05.300+0600][50.090s][info][gc          ] GC(29) Concurrent weak roots 12.778ms
[2026-04-03T02:44:05.301+0600][50.090s][info][gc,start    ] GC(29) Concurrent cleanup
[2026-04-03T02:44:05.301+0600][50.091s][info][gc          ] GC(29) Concurrent cleanup 499M->258M(547M) 0.706ms
[2026-04-03T02:44:05.301+0600][50.091s][info][gc,ergo     ] GC(29) Free: 1392M, Max: 512K regular, 770M humongous, Frag: 45% external, 0% internal; Reserve: 88479K, Max: 512K
[2026-04-03T02:44:05.301+0600][50.091s][info][gc,start    ] GC(29) Concurrent class unloading
[2026-04-03T02:44:05.301+0600][50.091s][info][gc,task     ] GC(29) Using 3 of 6 workers for concurrent class unloading
[2026-04-03T02:44:05.342+0600][50.132s][info][gc          ] GC(29) Concurrent class unloading 40.844ms
[2026-04-03T02:44:05.342+0600][50.132s][info][gc,start    ] GC(29) Concurrent strong roots
[2026-04-03T02:44:05.342+0600][50.132s][info][gc,task     ] GC(29) Using 3 of 6 workers for concurrent strong root
[2026-04-03T02:44:05.344+0600][50.133s][info][gc          ] GC(29) Concurrent strong roots 1.568ms
[2026-04-03T02:44:05.344+0600][50.133s][info][gc,start    ] GC(29) Concurrent evacuation
[2026-04-03T02:44:05.344+0600][50.133s][info][gc,task     ] GC(29) Using 3 of 6 workers for concurrent evacuation
[2026-04-03T02:44:05.350+0600][50.140s][info][gc          ] GC(29) Concurrent evacuation 6.278ms
[2026-04-03T02:44:05.350+0600][50.140s][info][gc,start    ] GC(29) Pause Init Update Refs
[2026-04-03T02:44:05.350+0600][50.140s][info][gc,ergo     ] GC(29) Pacer for Update Refs. Used: 284M, Free: 1374M, Non-Taxable: 137M, Alloc Tax Rate: 1.1x
[2026-04-03T02:44:05.350+0600][50.140s][info][gc          ] GC(29) Pause Init Update Refs 0.090ms
[2026-04-03T02:44:05.350+0600][50.140s][info][gc,start    ] GC(29) Concurrent update references
[2026-04-03T02:44:05.350+0600][50.140s][info][gc,task     ] GC(29) Using 3 of 6 workers for concurrent reference update
[2026-04-03T02:44:05.395+0600][50.184s][info][gc          ] GC(29) Concurrent update references 44.433ms
[2026-04-03T02:44:05.395+0600][50.184s][info][gc,start    ] GC(29) Concurrent update thread roots
[2026-04-03T02:44:05.400+0600][50.190s][info][gc          ] GC(29) Concurrent update thread roots 5.162ms
[2026-04-03T02:44:05.404+0600][50.193s][info][gc,start    ] GC(29) Pause Final Update Refs
[2026-04-03T02:44:05.404+0600][50.193s][info][gc,task     ] GC(29) Using 6 of 6 workers for final reference update
[2026-04-03T02:44:05.404+0600][50.193s][info][gc          ] GC(29) Pause Final Update Refs 0.159ms
[2026-04-03T02:44:05.404+0600][50.193s][info][gc,start    ] GC(29) Concurrent cleanup
[2026-04-03T02:44:05.404+0600][50.194s][info][gc          ] GC(29) Concurrent cleanup 540M->473M(589M) 0.637ms
[2026-04-03T02:44:05.405+0600][50.194s][info][gc,ergo     ] Free: 1142M, Max: 512K regular, 1084M humongous, Frag: 5% external, 0% internal; Reserve: 89600K, Max: 512K
[2026-04-03T02:44:05.405+0600][50.194s][info][gc,stats    ] 
[2026-04-03T02:44:05.405+0600][50.194s][info][gc,stats    ] All times are wall-clock times, except per-root-class counters, that are sum over
[2026-04-03T02:44:05.405+0600][50.194s][info][gc,stats    ] all workers. Dividing the <total> over the root stage time estimates parallelism.
[2026-04-03T02:44:05.405+0600][50.194s][info][gc,stats    ] 
[2026-04-03T02:44:05.405+0600][50.194s][info][gc,stats    ] Concurrent Reset                   2026 us
[2026-04-03T02:44:05.405+0600][50.194s][info][gc,stats    ] Pause Init Mark (G)                5098 us
[2026-04-03T02:44:05.405+0600][50.194s][info][gc,stats    ] Pause Init Mark (N)                 252 us
[2026-04-03T02:44:05.405+0600][50.194s][info][gc,stats    ]   Update Region States               53 us
[2026-04-03T02:44:05.405+0600][50.194s][info][gc,stats    ] Concurrent Mark Roots              1635 us, parallelism: 1.93x
[2026-04-03T02:44:05.405+0600][50.194s][info][gc,stats    ]   CMR: <total>                     3152 us
[2026-04-03T02:44:05.405+0600][50.194s][info][gc,stats    ]   CMR: Thread Roots                2840 us, workers (us): 1044, 773, 1023, ---, ---, ---, 
[2026-04-03T02:44:05.405+0600][50.194s][info][gc,stats    ]   CMR: VM Strong Roots               61 us, workers (us):  49,  12,   1, ---, ---, ---, 
[2026-04-03T02:44:05.405+0600][50.194s][info][gc,stats    ]   CMR: CLDG Roots                   250 us, workers (us): ---, 250, ---, ---, ---, ---, 
[2026-04-03T02:44:05.405+0600][50.194s][info][gc,stats    ] Concurrent Marking                61449 us
[2026-04-03T02:44:05.405+0600][50.194s][info][gc,stats    ] Pause Final Mark (G)               1026 us
[2026-04-03T02:44:05.405+0600][50.194s][info][gc,stats    ] Pause Final Mark (N)                794 us
[2026-04-03T02:44:05.405+0600][50.194s][info][gc,stats    ]   Finish Mark                       328 us
[2026-04-03T02:44:05.405+0600][50.194s][info][gc,stats    ]   Update Region States               60 us
[2026-04-03T02:44:05.405+0600][50.194s][info][gc,stats    ]   Choose Collection Set             186 us
[2026-04-03T02:44:05.405+0600][50.194s][info][gc,stats    ]   Rebuild Free Set                   48 us
[2026-04-03T02:44:05.405+0600][50.194s][info][gc,stats    ] Concurrent Thread Roots            2150 us, parallelism: 2.69x
[2026-04-03T02:44:05.405+0600][50.194s][info][gc,stats    ]   CTR: <total>                     5781 us
[2026-04-03T02:44:05.405+0600][50.194s][info][gc,stats    ]   CTR: Thread Roots                5781 us, workers (us): 1992, 1967, 1822, ---, ---, ---, 
[2026-04-03T02:44:05.405+0600][50.194s][info][gc,stats    ] Concurrent Weak References         1056 us, parallelism: 1.32x
[2026-04-03T02:44:05.405+0600][50.194s][info][gc,stats    ]   CWRF: <total>                    1390 us
[2026-04-03T02:44:05.405+0600][50.194s][info][gc,stats    ]   CWRF: Weak References            1390 us, workers (us): 511, 878,   1, ---, ---, ---, 
[2026-04-03T02:44:05.405+0600][50.194s][info][gc,stats    ] Concurrent Weak Roots             12892 us
[2026-04-03T02:44:05.405+0600][50.194s][info][gc,stats    ]   Roots                            8213 us, parallelism: 2.35x
[2026-04-03T02:44:05.405+0600][50.194s][info][gc,stats    ]     CWR: <total>                  19320 us
[2026-04-03T02:44:05.405+0600][50.194s][info][gc,stats    ]     CWR: Code Cache Roots         14784 us, workers (us): 5413, 5516, 3855, ---, ---, ---, 
[2026-04-03T02:44:05.405+0600][50.194s][info][gc,stats    ]     CWR: VM Weak Roots             4345 us, workers (us): 2252, 2091,   1, ---, ---, ---, 
[2026-04-03T02:44:05.405+0600][50.194s][info][gc,stats    ]     CWR: CLDG Roots                 192 us, workers (us): 192, ---, ---, ---, ---, ---, 
[2026-04-03T02:44:05.405+0600][50.194s][info][gc,stats    ]   Rendezvous                       4531 us
[2026-04-03T02:44:05.405+0600][50.194s][info][gc,stats    ] Concurrent Cleanup                  765 us
[2026-04-03T02:44:05.405+0600][50.194s][info][gc,stats    ] Concurrent Class Unloading        40923 us
[2026-04-03T02:44:05.405+0600][50.194s][info][gc,stats    ]   Unlink Stale                    39489 us
[2026-04-03T02:44:05.405+0600][50.194s][info][gc,stats    ]     System Dictionary               721 us
[2026-04-03T02:44:05.405+0600][50.194s][info][gc,stats    ]     Weak Class Links              25060 us
[2026-04-03T02:44:05.405+0600][50.194s][info][gc,stats    ]     Code Roots                    13703 us
[2026-04-03T02:44:05.405+0600][50.194s][info][gc,stats    ]   Rendezvous                        492 us
[2026-04-03T02:44:05.405+0600][50.194s][info][gc,stats    ]   Purge Unlinked                    821 us
[2026-04-03T02:44:05.405+0600][50.194s][info][gc,stats    ]     Code Roots                      762 us
[2026-04-03T02:44:05.405+0600][50.194s][info][gc,stats    ]     CLDG                             59 us
[2026-04-03T02:44:05.405+0600][50.194s][info][gc,stats    ]     Exception Caches                  0 us
[2026-04-03T02:44:05.405+0600][50.194s][info][gc,stats    ] Concurrent Strong Roots            1617 us, parallelism: 0.70x
[2026-04-03T02:44:05.405+0600][50.194s][info][gc,stats    ]   CSR: <total>                     1131 us
[2026-04-03T02:44:05.405+0600][50.194s][info][gc,stats    ]   CSR: VM Strong Roots               90 us, workers (us):  46,  42,   1, ---, ---, ---, 
[2026-04-03T02:44:05.405+0600][50.194s][info][gc,stats    ]   CSR: CLDG Roots                  1042 us, workers (us): ---, ---, 1042, ---, ---, ---, 
[2026-04-03T02:44:05.405+0600][50.194s][info][gc,stats    ] Concurrent Evacuation              6316 us
[2026-04-03T02:44:05.405+0600][50.194s][info][gc,stats    ] Pause Init Update Refs (G)          235 us
[2026-04-03T02:44:05.405+0600][50.194s][info][gc,stats    ] Pause Init Update Refs (N)          100 us
[2026-04-03T02:44:05.405+0600][50.194s][info][gc,stats    ]   Manage GCLABs                      29 us
[2026-04-03T02:44:05.405+0600][50.194s][info][gc,stats    ] Concurrent Update Refs            44547 us
[2026-04-03T02:44:05.405+0600][50.194s][info][gc,stats    ] Concurrent Update Thread Roots     5206 us
[2026-04-03T02:44:05.405+0600][50.194s][info][gc,stats    ] Pause Final Update Refs (G)        3565 us
[2026-04-03T02:44:05.405+0600][50.194s][info][gc,stats    ] Pause Final Update Refs (N)         206 us
[2026-04-03T02:44:05.405+0600][50.194s][info][gc,stats    ]   Update Region States               48 us
[2026-04-03T02:44:05.405+0600][50.194s][info][gc,stats    ]   Trash Collection Set                8 us
[2026-04-03T02:44:05.405+0600][50.194s][info][gc,stats    ]   Rebuild Free Set                   34 us
[2026-04-03T02:44:05.405+0600][50.194s][info][gc,stats    ] Concurrent Cleanup                  668 us
[2026-04-03T02:44:05.405+0600][50.194s][info][gc,stats    ] 
[2026-04-03T02:44:05.405+0600][50.194s][info][gc,stats    ] Allocation pacing accrued:
[2026-04-03T02:44:05.405+0600][50.194s][info][gc,stats    ]       0 of   555 ms (  0.0%): <total>
[2026-04-03T02:44:05.405+0600][50.194s][info][gc,stats    ]       0 of   555 ms (  0.0%): <average total>
[2026-04-03T02:44:05.405+0600][50.194s][info][gc,stats    ] 
[2026-04-03T02:44:05.405+0600][50.195s][info][gc,metaspace] Metaspace: 130677K(132608K)->130676K(132608K) NonClass: 114247K(115456K)->114248K(115456K) Class: 16430K(17152K)->16428K(17152K)
[2026-04-03T02:44:05.405+0600][50.195s][info][gc,ergo     ] Pacer for Idle. Initial: 35840K, Alloc Tax Rate: 1.0x
[2026-04-03T02:44:05.406+0600][50.196s][info][gc          ] Trigger: Learning 3 of 5. Free (1133M) is below initial threshold (1225M)
[2026-04-03T02:44:05.406+0600][50.196s][info][gc,ergo     ] Free: 1132M, Max: 512K regular, 1084M humongous, Frag: 5% external, 0% internal; Reserve: 89600K, Max: 512K
[2026-04-03T02:44:05.406+0600][50.196s][info][gc,start    ] GC(30) Concurrent reset
[2026-04-03T02:44:05.406+0600][50.196s][info][gc,task     ] GC(30) Using 3 of 6 workers for concurrent reset
[2026-04-03T02:44:05.406+0600][50.196s][info][gc,ergo     ] GC(30) Pacer for Reset. Non-Taxable: 1750M
[2026-04-03T02:44:05.408+0600][50.198s][info][gc          ] GC(30) Concurrent reset 2.017ms
[2026-04-03T02:44:05.412+0600][50.201s][info][gc,start    ] GC(30) Pause Init Mark (unload classes)
[2026-04-03T02:44:05.412+0600][50.201s][info][gc,task     ] GC(30) Using 6 of 6 workers for init marking
[2026-04-03T02:44:05.412+0600][50.201s][info][gc,ergo     ] GC(30) Pacer for Mark. Expected Live: 94897K, Free: 1120M, Non-Taxable: 112M, Alloc Tax Rate: 0.1x
[2026-04-03T02:44:05.412+0600][50.201s][info][gc          ] GC(30) Pause Init Mark (unload classes) 0.159ms
[2026-04-03T02:44:05.412+0600][50.201s][info][gc,start    ] GC(30) Concurrent marking roots
[2026-04-03T02:44:05.412+0600][50.201s][info][gc,task     ] GC(30) Using 3 of 6 workers for concurrent marking roots
[2026-04-03T02:44:05.413+0600][50.203s][info][gc          ] GC(30) Concurrent marking roots 1.307ms
[2026-04-03T02:44:05.413+0600][50.203s][info][gc,start    ] GC(30) Concurrent marking (unload classes)
[2026-04-03T02:44:05.413+0600][50.203s][info][gc,task     ] GC(30) Using 3 of 6 workers for concurrent marking
[2026-04-03T02:44:05.471+0600][50.261s][info][gc          ] GC(30) Concurrent marking (unload classes) 57.938ms
[2026-04-03T02:44:05.471+0600][50.261s][info][gc,start    ] GC(30) Pause Final Mark (unload classes)
[2026-04-03T02:44:05.471+0600][50.261s][info][gc,task     ] GC(30) Using 6 of 6 workers for final marking
[2026-04-03T02:44:05.472+0600][50.261s][info][gc,ergo     ] GC(30) Adaptive CSet Selection. Target Free: 247M, Actual Free: 1500M, Max CSet: 74666K, Min Garbage: 0B
[2026-04-03T02:44:05.472+0600][50.261s][info][gc,ergo     ] GC(30) Collectable Garbage: 395M (98%), Immediate: 356M (88%), CSet: 39958K (9%)
[2026-04-03T02:44:05.472+0600][50.261s][info][gc,ergo     ] GC(30) Pacer for Evacuation. Used CSet: 44982K, Free: 1460M, Non-Taxable: 146M, Alloc Tax Rate: 1.1x
[2026-04-03T02:44:05.472+0600][50.261s][info][gc          ] GC(30) Pause Final Mark (unload classes) 0.633ms
[2026-04-03T02:44:05.472+0600][50.262s][info][gc,start    ] GC(30) Concurrent thread roots
[2026-04-03T02:44:05.472+0600][50.262s][info][gc,task     ] GC(30) Using 3 of 6 workers for Concurrent thread roots
[2026-04-03T02:44:05.473+0600][50.263s][info][gc          ] GC(30) Concurrent thread roots 1.193ms
[2026-04-03T02:44:05.473+0600][50.263s][info][gc,start    ] GC(30) Concurrent weak references
[2026-04-03T02:44:05.473+0600][50.263s][info][gc,task     ] GC(30) Using 3 of 6 workers for concurrent weak references
[2026-04-03T02:44:05.474+0600][50.263s][info][gc,ref      ] GC(30) Encountered references: Soft: 3616, Weak: 14643, Final: 84, Phantom: 624
[2026-04-03T02:44:05.474+0600][50.263s][info][gc,ref      ] GC(30) Discovered  references: Soft: 0, Weak: 6129, Final: 0, Phantom: 619
[2026-04-03T02:44:05.474+0600][50.263s][info][gc,ref      ] GC(30) Enqueued    references: Soft: 0, Weak: 221, Final: 0, Phantom: 0
[2026-04-03T02:44:05.474+0600][50.263s][info][gc          ] GC(30) Concurrent weak references 0.507ms
[2026-04-03T02:44:05.474+0600][50.263s][info][gc,start    ] GC(30) Concurrent weak roots
[2026-04-03T02:44:05.474+0600][50.263s][info][gc,task     ] GC(30) Using 3 of 6 workers for concurrent weak root
[2026-04-03T02:44:05.478+0600][50.267s][info][gc          ] GC(30) Concurrent weak roots 3.881ms
[2026-04-03T02:44:05.478+0600][50.267s][info][gc,start    ] GC(30) Concurrent cleanup
[2026-04-03T02:44:05.479+0600][50.268s][info][gc          ] GC(30) Concurrent cleanup 552M->196M(618M) 0.701ms
[2026-04-03T02:44:05.479+0600][50.268s][info][gc,ergo     ] GC(30) Free: 1459M, Max: 512K regular, 1057M humongous, Frag: 28% external, 0% internal; Reserve: 89029K, Max: 512K
[2026-04-03T02:44:05.479+0600][50.268s][info][gc,start    ] GC(30) Concurrent class unloading
[2026-04-03T02:44:05.479+0600][50.268s][info][gc,task     ] GC(30) Using 3 of 6 workers for concurrent class unloading
[2026-04-03T02:44:05.492+0600][50.281s][info][gc          ] GC(30) Concurrent class unloading 13.377ms
[2026-04-03T02:44:05.492+0600][50.282s][info][gc,start    ] GC(30) Concurrent strong roots
[2026-04-03T02:44:05.492+0600][50.282s][info][gc,task     ] GC(30) Using 3 of 6 workers for concurrent strong root
[2026-04-03T02:44:05.493+0600][50.283s][info][gc          ] GC(30) Concurrent strong roots 1.035ms
[2026-04-03T02:44:05.493+0600][50.283s][info][gc,start    ] GC(30) Concurrent evacuation
[2026-04-03T02:44:05.493+0600][50.283s][info][gc,task     ] GC(30) Using 3 of 6 workers for concurrent evacuation
[2026-04-03T02:44:05.495+0600][50.285s][info][gc          ] GC(30) Concurrent evacuation 2.046ms
[2026-04-03T02:44:05.496+0600][50.285s][info][gc,start    ] GC(30) Pause Init Update Refs
[2026-04-03T02:44:05.496+0600][50.285s][info][gc,ergo     ] GC(30) Pacer for Update Refs. Used: 205M, Free: 1455M, Non-Taxable: 145M, Alloc Tax Rate: 1.1x
[2026-04-03T02:44:05.496+0600][50.285s][info][gc          ] GC(30) Pause Init Update Refs 0.124ms
[2026-04-03T02:44:05.496+0600][50.285s][info][gc,start    ] GC(30) Concurrent update references
[2026-04-03T02:44:05.496+0600][50.285s][info][gc,task     ] GC(30) Using 3 of 6 workers for concurrent reference update
[2026-04-03T02:44:05.534+0600][50.324s][info][gc          ] GC(30) Concurrent update references 38.304ms
[2026-04-03T02:44:05.534+0600][50.324s][info][gc,start    ] GC(30) Concurrent update thread roots
[2026-04-03T02:44:05.536+0600][50.325s][info][gc          ] GC(30) Concurrent update thread roots 1.457ms
[2026-04-03T02:44:05.536+0600][50.325s][info][gc,start    ] GC(30) Pause Final Update Refs
[2026-04-03T02:44:05.536+0600][50.325s][info][gc,task     ] GC(30) Using 6 of 6 workers for final reference update
[2026-04-03T02:44:05.536+0600][50.326s][info][gc          ] GC(30) Pause Final Update Refs 0.253ms
[2026-04-03T02:44:05.536+0600][50.326s][info][gc,start    ] GC(30) Concurrent cleanup
[2026-04-03T02:44:05.537+0600][50.326s][info][gc          ] GC(30) Concurrent cleanup 217M->173M(618M) 0.298ms
[2026-04-03T02:44:05.537+0600][50.326s][info][gc,ergo     ] Free: 1480M, Max: 512K regular, 1057M humongous, Frag: 29% external, 0% internal; Reserve: 89600K, Max: 512K
[2026-04-03T02:44:05.537+0600][50.326s][info][gc,stats    ] 
[2026-04-03T02:44:05.537+0600][50.326s][info][gc,stats    ] All times are wall-clock times, except per-root-class counters, that are sum over
[2026-04-03T02:44:05.537+0600][50.326s][info][gc,stats    ] all workers. Dividing the <total> over the root stage time estimates parallelism.
[2026-04-03T02:44:05.537+0600][50.326s][info][gc,stats    ] 
[2026-04-03T02:44:05.537+0600][50.326s][info][gc,stats    ] Concurrent Reset                   2052 us
[2026-04-03T02:44:05.537+0600][50.326s][info][gc,stats    ] Pause Init Mark (G)                3535 us
[2026-04-03T02:44:05.537+0600][50.326s][info][gc,stats    ] Pause Init Mark (N)                 167 us
[2026-04-03T02:44:05.537+0600][50.326s][info][gc,stats    ]   Update Region States               41 us
[2026-04-03T02:44:05.537+0600][50.326s][info][gc,stats    ] Concurrent Mark Roots              1352 us, parallelism: 1.86x
[2026-04-03T02:44:05.537+0600][50.326s][info][gc,stats    ]   CMR: <total>                     2519 us
[2026-04-03T02:44:05.537+0600][50.326s][info][gc,stats    ]   CMR: Thread Roots                2141 us, workers (us): 494, 832, 814, ---, ---, ---, 
[2026-04-03T02:44:05.537+0600][50.326s][info][gc,stats    ]   CMR: VM Strong Roots               34 us, workers (us):  33,   1,   0, ---, ---, ---, 
[2026-04-03T02:44:05.537+0600][50.326s][info][gc,stats    ]   CMR: CLDG Roots                   345 us, workers (us): 345, ---, ---, ---, ---, ---, 
[2026-04-03T02:44:05.537+0600][50.326s][info][gc,stats    ] Concurrent Marking                58017 us
[2026-04-03T02:44:05.537+0600][50.326s][info][gc,stats    ] Pause Final Mark (G)                927 us
[2026-04-03T02:44:05.537+0600][50.326s][info][gc,stats    ] Pause Final Mark (N)                652 us
[2026-04-03T02:44:05.537+0600][50.326s][info][gc,stats    ]   Finish Mark                       197 us
[2026-04-03T02:44:05.537+0600][50.326s][info][gc,stats    ]   Update Region States               54 us
[2026-04-03T02:44:05.537+0600][50.326s][info][gc,stats    ]   Choose Collection Set             173 us
[2026-04-03T02:44:05.537+0600][50.326s][info][gc,stats    ]   Rebuild Free Set                   58 us
[2026-04-03T02:44:05.537+0600][50.326s][info][gc,stats    ] Concurrent Thread Roots            1245 us, parallelism: 2.13x
[2026-04-03T02:44:05.537+0600][50.326s][info][gc,stats    ]   CTR: <total>                     2653 us
[2026-04-03T02:44:05.537+0600][50.326s][info][gc,stats    ]   CTR: Thread Roots                2653 us, workers (us): 974, 835, 844, ---, ---, ---, 
[2026-04-03T02:44:05.537+0600][50.326s][info][gc,stats    ] Concurrent Weak References          516 us, parallelism: 1.31x
[2026-04-03T02:44:05.537+0600][50.326s][info][gc,stats    ]   CWRF: <total>                     677 us
[2026-04-03T02:44:05.537+0600][50.326s][info][gc,stats    ]   CWRF: Weak References             677 us, workers (us): 287, 389,   2, ---, ---, ---, 
[2026-04-03T02:44:05.537+0600][50.326s][info][gc,stats    ] Concurrent Weak Roots              3955 us
[2026-04-03T02:44:05.537+0600][50.326s][info][gc,stats    ]   Roots                            3592 us, parallelism: 2.68x
[2026-04-03T02:44:05.537+0600][50.327s][info][gc,stats    ]     CWR: <total>                   9640 us
[2026-04-03T02:44:05.537+0600][50.327s][info][gc,stats    ]     CWR: Code Cache Roots          6870 us, workers (us): 2297, 2150, 2423, ---, ---, ---, 
[2026-04-03T02:44:05.537+0600][50.327s][info][gc,stats    ]     CWR: VM Weak Roots             2643 us, workers (us): 905, 882, 856, ---, ---, ---, 
[2026-04-03T02:44:05.537+0600][50.327s][info][gc,stats    ]     CWR: CLDG Roots                 127 us, workers (us): ---, 127, ---, ---, ---, ---, 
[2026-04-03T02:44:05.537+0600][50.327s][info][gc,stats    ]   Rendezvous                        254 us
[2026-04-03T02:44:05.537+0600][50.327s][info][gc,stats    ] Concurrent Cleanup                  718 us
[2026-04-03T02:44:05.537+0600][50.327s][info][gc,stats    ] Concurrent Class Unloading        13445 us
[2026-04-03T02:44:05.537+0600][50.327s][info][gc,stats    ]   Unlink Stale                    12266 us
[2026-04-03T02:44:05.537+0600][50.327s][info][gc,stats    ]     System Dictionary               199 us
[2026-04-03T02:44:05.537+0600][50.327s][info][gc,stats    ]     Weak Class Links                  0 us
[2026-04-03T02:44:05.537+0600][50.327s][info][gc,stats    ]     Code Roots                    12060 us
[2026-04-03T02:44:05.537+0600][50.327s][info][gc,stats    ]   Rendezvous                        323 us
[2026-04-03T02:44:05.537+0600][50.327s][info][gc,stats    ]   Purge Unlinked                    719 us
[2026-04-03T02:44:05.537+0600][50.327s][info][gc,stats    ]     Code Roots                      713 us
[2026-04-03T02:44:05.537+0600][50.327s][info][gc,stats    ]     CLDG                              5 us
[2026-04-03T02:44:05.537+0600][50.327s][info][gc,stats    ]     Exception Caches                  0 us
[2026-04-03T02:44:05.537+0600][50.327s][info][gc,stats    ] Concurrent Strong Roots            1099 us, parallelism: 0.67x
[2026-04-03T02:44:05.537+0600][50.327s][info][gc,stats    ]   CSR: <total>                      739 us
[2026-04-03T02:44:05.537+0600][50.327s][info][gc,stats    ]   CSR: VM Strong Roots               63 us, workers (us):  58,   5,   0, ---, ---, ---, 
[2026-04-03T02:44:05.537+0600][50.327s][info][gc,stats    ]   CSR: CLDG Roots                   676 us, workers (us): ---, 676, ---, ---, ---, ---, 
[2026-04-03T02:44:05.537+0600][50.327s][info][gc,stats    ] Concurrent Evacuation              2108 us
[2026-04-03T02:44:05.537+0600][50.327s][info][gc,stats    ] Pause Init Update Refs (G)          505 us
[2026-04-03T02:44:05.537+0600][50.327s][info][gc,stats    ] Pause Init Update Refs (N)          135 us
[2026-04-03T02:44:05.537+0600][50.327s][info][gc,stats    ]   Manage GCLABs                      41 us
[2026-04-03T02:44:05.537+0600][50.327s][info][gc,stats    ] Concurrent Update Refs            38391 us
[2026-04-03T02:44:05.537+0600][50.327s][info][gc,stats    ] Concurrent Update Thread Roots     1540 us
[2026-04-03T02:44:05.537+0600][50.327s][info][gc,stats    ] Pause Final Update Refs (G)         582 us
[2026-04-03T02:44:05.537+0600][50.327s][info][gc,stats    ] Pause Final Update Refs (N)         267 us
[2026-04-03T02:44:05.537+0600][50.327s][info][gc,stats    ]   Update Region States               82 us
[2026-04-03T02:44:05.537+0600][50.327s][info][gc,stats    ]   Trash Collection Set                9 us
[2026-04-03T02:44:05.537+0600][50.327s][info][gc,stats    ]   Rebuild Free Set                   47 us
[2026-04-03T02:44:05.537+0600][50.327s][info][gc,stats    ] Concurrent Cleanup                  321 us
[2026-04-03T02:44:05.537+0600][50.327s][info][gc,stats    ] 
[2026-04-03T02:44:05.537+0600][50.327s][info][gc,stats    ] Allocation pacing accrued:
[2026-04-03T02:44:05.537+0600][50.327s][info][gc,stats    ]       0 of   132 ms (  0.0%): <total>
[2026-04-03T02:44:05.537+0600][50.327s][info][gc,stats    ]       0 of   132 ms (  0.0%): <average total>
[2026-04-03T02:44:05.537+0600][50.327s][info][gc,stats    ] 
[2026-04-03T02:44:05.538+0600][50.327s][info][gc,metaspace] Metaspace: 130676K(132608K)->130725K(132608K) NonClass: 114248K(115456K)->114289K(115456K) Class: 16428K(17152K)->16436K(17152K)
[2026-04-03T02:44:05.538+0600][50.327s][info][gc,ergo     ] Pacer for Idle. Initial: 35840K, Alloc Tax Rate: 1.0x
[2026-04-03T02:44:05.973+0600][50.763s][info][gc          ] Trigger: Learning 4 of 5. Free (1224M) is below initial threshold (1225M)
[2026-04-03T02:44:05.973+0600][50.763s][info][gc,ergo     ] Free: 1224M, Max: 512K regular, 1057M humongous, Frag: 14% external, 0% internal; Reserve: 89600K, Max: 512K
[2026-04-03T02:44:05.973+0600][50.763s][info][gc,start    ] GC(31) Concurrent reset
[2026-04-03T02:44:05.973+0600][50.763s][info][gc,task     ] GC(31) Using 3 of 6 workers for concurrent reset
[2026-04-03T02:44:05.973+0600][50.763s][info][gc,ergo     ] GC(31) Pacer for Reset. Non-Taxable: 1750M
[2026-04-03T02:44:05.974+0600][50.764s][info][gc          ] GC(31) Concurrent reset 0.991ms
[2026-04-03T02:44:05.975+0600][50.764s][info][gc,start    ] GC(31) Pause Init Mark (unload classes)
[2026-04-03T02:44:05.975+0600][50.764s][info][gc,task     ] GC(31) Using 6 of 6 workers for init marking
[2026-04-03T02:44:05.975+0600][50.764s][info][gc,ergo     ] GC(31) Pacer for Mark. Expected Live: 94872K, Free: 1223M, Non-Taxable: 122M, Alloc Tax Rate: 0.1x
[2026-04-03T02:44:05.975+0600][50.764s][info][gc          ] GC(31) Pause Init Mark (unload classes) 0.126ms
[2026-04-03T02:44:05.975+0600][50.764s][info][gc,start    ] GC(31) Concurrent marking roots
[2026-04-03T02:44:05.975+0600][50.764s][info][gc,task     ] GC(31) Using 3 of 6 workers for concurrent marking roots
[2026-04-03T02:44:05.976+0600][50.765s][info][gc          ] GC(31) Concurrent marking roots 1.078ms
[2026-04-03T02:44:05.976+0600][50.765s][info][gc,start    ] GC(31) Concurrent marking (unload classes)
[2026-04-03T02:44:05.976+0600][50.765s][info][gc,task     ] GC(31) Using 3 of 6 workers for concurrent marking
[2026-04-03T02:44:06.036+0600][50.825s][info][gc          ] GC(31) Concurrent marking (unload classes) 59.654ms
[2026-04-03T02:44:06.036+0600][50.825s][info][gc,start    ] GC(31) Pause Final Mark (unload classes)
[2026-04-03T02:44:06.036+0600][50.825s][info][gc,task     ] GC(31) Using 6 of 6 workers for final marking
[2026-04-03T02:44:06.037+0600][50.826s][info][gc,ergo     ] GC(31) Adaptive CSet Selection. Target Free: 247M, Actual Free: 1439M, Max CSet: 74666K, Min Garbage: 0B
[2026-04-03T02:44:06.037+0600][50.826s][info][gc,ergo     ] GC(31) Collectable Garbage: 321M (97%), Immediate: 182M (55%), CSet: 139M (42%)
[2026-04-03T02:44:06.037+0600][50.826s][info][gc,ergo     ] GC(31) Pacer for Evacuation. Used CSet: 142M, Free: 1374M, Non-Taxable: 137M, Alloc Tax Rate: 1.1x
[2026-04-03T02:44:06.037+0600][50.826s][info][gc          ] GC(31) Pause Final Mark (unload classes) 1.074ms
[2026-04-03T02:44:06.037+0600][50.827s][info][gc,start    ] GC(31) Concurrent thread roots
[2026-04-03T02:44:06.037+0600][50.827s][info][gc,task     ] GC(31) Using 3 of 6 workers for Concurrent thread roots
[2026-04-03T02:44:06.039+0600][50.829s][info][gc          ] GC(31) Concurrent thread roots 2.032ms
[2026-04-03T02:44:06.039+0600][50.829s][info][gc,start    ] GC(31) Concurrent weak references
[2026-04-03T02:44:06.039+0600][50.829s][info][gc,task     ] GC(31) Using 3 of 6 workers for concurrent weak references
[2026-04-03T02:44:06.040+0600][50.830s][info][gc,ref      ] GC(31) Encountered references: Soft: 3692, Weak: 14862, Final: 84, Phantom: 620
[2026-04-03T02:44:06.040+0600][50.830s][info][gc,ref      ] GC(31) Discovered  references: Soft: 0, Weak: 8011, Final: 68, Phantom: 616
[2026-04-03T02:44:06.040+0600][50.830s][info][gc,ref      ] GC(31) Enqueued    references: Soft: 0, Weak: 408, Final: 0, Phantom: 0
[2026-04-03T02:44:06.040+0600][50.830s][info][gc          ] GC(31) Concurrent weak references 1.023ms
[2026-04-03T02:44:06.040+0600][50.830s][info][gc,start    ] GC(31) Concurrent weak roots
[2026-04-03T02:44:06.040+0600][50.830s][info][gc,task     ] GC(31) Using 3 of 6 workers for concurrent weak root
[2026-04-03T02:44:06.049+0600][50.838s][info][gc          ] GC(31) Concurrent weak roots 8.590ms
[2026-04-03T02:44:06.049+0600][50.839s][info][gc,start    ] GC(31) Concurrent cleanup
[2026-04-03T02:44:06.050+0600][50.839s][info][gc          ] GC(31) Concurrent cleanup 475M->293M(618M) 0.573ms
[2026-04-03T02:44:06.050+0600][50.839s][info][gc,ergo     ] GC(31) Free: 1362M, Max: 512K regular, 1058M humongous, Frag: 23% external, 0% internal; Reserve: 88830K, Max: 512K
[2026-04-03T02:44:06.050+0600][50.839s][info][gc,start    ] GC(31) Concurrent class unloading
[2026-04-03T02:44:06.050+0600][50.839s][info][gc,task     ] GC(31) Using 3 of 6 workers for concurrent class unloading
[2026-04-03T02:44:06.117+0600][50.906s][info][gc          ] GC(31) Concurrent class unloading 67.030ms
[2026-04-03T02:44:06.117+0600][50.906s][info][gc,start    ] GC(31) Concurrent strong roots
[2026-04-03T02:44:06.117+0600][50.906s][info][gc,task     ] GC(31) Using 3 of 6 workers for concurrent strong root
[2026-04-03T02:44:06.119+0600][50.909s][info][gc          ] GC(31) Concurrent strong roots 2.118ms
[2026-04-03T02:44:06.119+0600][50.909s][info][gc,start    ] GC(31) Concurrent evacuation
[2026-04-03T02:44:06.119+0600][50.909s][info][gc,task     ] GC(31) Using 3 of 6 workers for concurrent evacuation
[2026-04-03T02:44:06.122+0600][50.911s][info][gc          ] GC(31) Concurrent evacuation 2.619ms
[2026-04-03T02:44:06.122+0600][50.912s][info][gc,start    ] GC(31) Pause Init Update Refs
[2026-04-03T02:44:06.122+0600][50.912s][info][gc,ergo     ] GC(31) Pacer for Update Refs. Used: 343M, Free: 1308M, Non-Taxable: 130M, Alloc Tax Rate: 1.1x
[2026-04-03T02:44:06.122+0600][50.912s][info][gc          ] GC(31) Pause Init Update Refs 0.165ms
[2026-04-03T02:44:06.123+0600][50.912s][info][gc,start    ] GC(31) Concurrent update references
[2026-04-03T02:44:06.123+0600][50.912s][info][gc,task     ] GC(31) Using 3 of 6 workers for concurrent reference update
[2026-04-03T02:44:06.175+0600][50.964s][info][gc          ] GC(31) Concurrent update references 52.509ms
[2026-04-03T02:44:06.175+0600][50.965s][info][gc,start    ] GC(31) Concurrent update thread roots
[2026-04-03T02:44:06.177+0600][50.966s][info][gc          ] GC(31) Concurrent update thread roots 1.661ms
[2026-04-03T02:44:06.177+0600][50.967s][info][gc,start    ] GC(31) Pause Final Update Refs
[2026-04-03T02:44:06.177+0600][50.967s][info][gc,task     ] GC(31) Using 6 of 6 workers for final reference update
[2026-04-03T02:44:06.177+0600][50.967s][info][gc          ] GC(31) Pause Final Update Refs 0.251ms
[2026-04-03T02:44:06.177+0600][50.967s][info][gc,start    ] GC(31) Concurrent cleanup
[2026-04-03T02:44:06.178+0600][50.968s][info][gc          ] GC(31) Concurrent cleanup 376M->235M(618M) 0.737ms
[2026-04-03T02:44:06.178+0600][50.968s][info][gc,ergo     ] Free: 1409M, Max: 512K regular, 1186M humongous, Frag: 16% external, 0% internal; Reserve: 89600K, Max: 512K
[2026-04-03T02:44:06.178+0600][50.968s][info][gc,stats    ] 
[2026-04-03T02:44:06.178+0600][50.968s][info][gc,stats    ] All times are wall-clock times, except per-root-class counters, that are sum over
[2026-04-03T02:44:06.178+0600][50.968s][info][gc,stats    ] all workers. Dividing the <total> over the root stage time estimates parallelism.
[2026-04-03T02:44:06.178+0600][50.968s][info][gc,stats    ] 
[2026-04-03T02:44:06.178+0600][50.968s][info][gc,stats    ] Concurrent Reset                   1023 us
[2026-04-03T02:44:06.178+0600][50.968s][info][gc,stats    ] Pause Init Mark (G)                 387 us
[2026-04-03T02:44:06.178+0600][50.968s][info][gc,stats    ] Pause Init Mark (N)                 139 us
[2026-04-03T02:44:06.178+0600][50.968s][info][gc,stats    ]   Update Region States               21 us
[2026-04-03T02:44:06.178+0600][50.968s][info][gc,stats    ] Concurrent Mark Roots              1105 us, parallelism: 1.73x
[2026-04-03T02:44:06.179+0600][50.968s][info][gc,stats    ]   CMR: <total>                     1909 us
[2026-04-03T02:44:06.179+0600][50.968s][info][gc,stats    ]   CMR: Thread Roots                1642 us, workers (us): 654, 416, 572, ---, ---, ---, 
[2026-04-03T02:44:06.179+0600][50.968s][info][gc,stats    ]   CMR: VM Strong Roots               35 us, workers (us):  29,   6,   0, ---, ---, ---, 
[2026-04-03T02:44:06.179+0600][50.968s][info][gc,stats    ]   CMR: CLDG Roots                   232 us, workers (us): ---, 232, ---, ---, ---, ---, 
[2026-04-03T02:44:06.179+0600][50.968s][info][gc,stats    ] Concurrent Marking                59817 us
[2026-04-03T02:44:06.179+0600][50.968s][info][gc,stats    ] Pause Final Mark (G)               1502 us
[2026-04-03T02:44:06.179+0600][50.968s][info][gc,stats    ] Pause Final Mark (N)               1116 us
[2026-04-03T02:44:06.179+0600][50.968s][info][gc,stats    ]   Finish Mark                       384 us
[2026-04-03T02:44:06.179+0600][50.968s][info][gc,stats    ]   Update Region States               74 us
[2026-04-03T02:44:06.179+0600][50.968s][info][gc,stats    ]   Choose Collection Set             344 us
[2026-04-03T02:44:06.179+0600][50.968s][info][gc,stats    ]   Rebuild Free Set                   57 us
[2026-04-03T02:44:06.179+0600][50.968s][info][gc,stats    ] Concurrent Thread Roots            2115 us, parallelism: 2.37x
[2026-04-03T02:44:06.179+0600][50.968s][info][gc,stats    ]   CTR: <total>                     5014 us
[2026-04-03T02:44:06.179+0600][50.968s][info][gc,stats    ]   CTR: Thread Roots                5014 us, workers (us): 1732, 1769, 1513, ---, ---, ---, 
[2026-04-03T02:44:06.179+0600][50.968s][info][gc,stats    ] Concurrent Weak References         1037 us, parallelism: 1.20x
[2026-04-03T02:44:06.179+0600][50.968s][info][gc,stats    ]   CWRF: <total>                    1240 us
[2026-04-03T02:44:06.179+0600][50.968s][info][gc,stats    ]   CWRF: Weak References            1240 us, workers (us): 234, 816, 191, ---, ---, ---, 
[2026-04-03T02:44:06.179+0600][50.968s][info][gc,stats    ] Concurrent Weak Roots              8693 us
[2026-04-03T02:44:06.179+0600][50.968s][info][gc,stats    ]   Roots                            8072 us, parallelism: 2.45x
[2026-04-03T02:44:06.179+0600][50.968s][info][gc,stats    ]     CWR: <total>                  19786 us
[2026-04-03T02:44:06.179+0600][50.968s][info][gc,stats    ]     CWR: Code Cache Roots         15269 us, workers (us): 5114, 5358, 4797, ---, ---, ---, 
[2026-04-03T02:44:06.179+0600][50.968s][info][gc,stats    ]     CWR: VM Weak Roots             4270 us, workers (us): 2138, 2131,   2, ---, ---, ---, 
[2026-04-03T02:44:06.179+0600][50.968s][info][gc,stats    ]     CWR: CLDG Roots                 247 us, workers (us): 247, ---, ---, ---, ---, ---, 
[2026-04-03T02:44:06.179+0600][50.968s][info][gc,stats    ]   Rendezvous                        476 us
[2026-04-03T02:44:06.179+0600][50.968s][info][gc,stats    ] Concurrent Cleanup                  660 us
[2026-04-03T02:44:06.179+0600][50.968s][info][gc,stats    ] Concurrent Class Unloading        67142 us
[2026-04-03T02:44:06.179+0600][50.968s][info][gc,stats    ]   Unlink Stale                    64438 us
[2026-04-03T02:44:06.179+0600][50.968s][info][gc,stats    ]     System Dictionary               624 us
[2026-04-03T02:44:06.179+0600][50.968s][info][gc,stats    ]     Weak Class Links              32814 us
[2026-04-03T02:44:06.179+0600][50.968s][info][gc,stats    ]     Code Roots                    30994 us
[2026-04-03T02:44:06.179+0600][50.968s][info][gc,stats    ]   Rendezvous                        529 us
[2026-04-03T02:44:06.179+0600][50.968s][info][gc,stats    ]   Purge Unlinked                   2019 us
[2026-04-03T02:44:06.179+0600][50.968s][info][gc,stats    ]     Code Roots                     1943 us
[2026-04-03T02:44:06.179+0600][50.968s][info][gc,stats    ]     CLDG                             74 us
[2026-04-03T02:44:06.179+0600][50.968s][info][gc,stats    ]     Exception Caches                  0 us
[2026-04-03T02:44:06.179+0600][50.968s][info][gc,stats    ] Concurrent Strong Roots            2184 us, parallelism: 0.77x
[2026-04-03T02:44:06.179+0600][50.968s][info][gc,stats    ]   CSR: <total>                     1690 us
[2026-04-03T02:44:06.179+0600][50.968s][info][gc,stats    ]   CSR: VM Strong Roots              107 us, workers (us):  90,  16,   0, ---, ---, ---, 
[2026-04-03T02:44:06.179+0600][50.968s][info][gc,stats    ]   CSR: CLDG Roots                  1583 us, workers (us): ---, 1583, ---, ---, ---, ---, 
[2026-04-03T02:44:06.179+0600][50.968s][info][gc,stats    ] Concurrent Evacuation              2724 us
[2026-04-03T02:44:06.179+0600][50.968s][info][gc,stats    ] Pause Init Update Refs (G)          600 us
[2026-04-03T02:44:06.179+0600][50.968s][info][gc,stats    ] Pause Init Update Refs (N)          181 us
[2026-04-03T02:44:06.179+0600][50.968s][info][gc,stats    ]   Manage GCLABs                      63 us
[2026-04-03T02:44:06.179+0600][50.969s][info][gc,stats    ] Concurrent Update Refs            52608 us
[2026-04-03T02:44:06.179+0600][50.969s][info][gc,stats    ] Concurrent Update Thread Roots     1729 us
[2026-04-03T02:44:06.179+0600][50.969s][info][gc,stats    ] Pause Final Update Refs (G)         538 us
[2026-04-03T02:44:06.179+0600][50.969s][info][gc,stats    ] Pause Final Update Refs (N)         273 us
[2026-04-03T02:44:06.179+0600][50.969s][info][gc,stats    ]   Update Region States               79 us
[2026-04-03T02:44:06.179+0600][50.969s][info][gc,stats    ]   Trash Collection Set               20 us
[2026-04-03T02:44:06.179+0600][50.969s][info][gc,stats    ]   Rebuild Free Set                   52 us
[2026-04-03T02:44:06.179+0600][50.969s][info][gc,stats    ] Concurrent Cleanup                  760 us
[2026-04-03T02:44:06.179+0600][50.969s][info][gc,stats    ] 
[2026-04-03T02:44:06.179+0600][50.969s][info][gc,stats    ] Allocation pacing accrued:
[2026-04-03T02:44:06.179+0600][50.969s][info][gc,stats    ]       0 of   642 ms (  0.0%): <total>
[2026-04-03T02:44:06.179+0600][50.969s][info][gc,stats    ]       0 of   642 ms (  0.0%): <average total>
[2026-04-03T02:44:06.179+0600][50.969s][info][gc,stats    ] 
[2026-04-03T02:44:06.179+0600][50.969s][info][gc,metaspace] Metaspace: 130793K(132672K)->130826K(132672K) NonClass: 114347K(115520K)->114375K(115520K) Class: 16446K(17152K)->16451K(17152K)
[2026-04-03T02:44:06.179+0600][50.969s][info][gc,ergo     ] Pacer for Idle. Initial: 35840K, Alloc Tax Rate: 1.0x
[2026-04-03T02:44:06.367+0600][51.157s][info][gc          ] Trigger: Learning 5 of 5. Free (1223M) is below initial threshold (1225M)
[2026-04-03T02:44:06.368+0600][51.157s][info][gc,ergo     ] Free: 1223M, Max: 512K regular, 1186M humongous, Frag: 3% external, 0% internal; Reserve: 89600K, Max: 512K
[2026-04-03T02:44:06.368+0600][51.157s][info][gc,start    ] GC(32) Concurrent reset
[2026-04-03T02:44:06.368+0600][51.157s][info][gc,task     ] GC(32) Using 3 of 6 workers for concurrent reset
[2026-04-03T02:44:06.368+0600][51.157s][info][gc,ergo     ] GC(32) Pacer for Reset. Non-Taxable: 1750M
[2026-04-03T02:44:06.371+0600][51.161s][info][gc          ] GC(32) Concurrent reset 3.417ms
[2026-04-03T02:44:06.372+0600][51.161s][info][gc,start    ] GC(32) Pause Init Mark (unload classes)
[2026-04-03T02:44:06.372+0600][51.161s][info][gc,task     ] GC(32) Using 6 of 6 workers for init marking
[2026-04-03T02:44:06.372+0600][51.161s][info][gc,ergo     ] GC(32) Pacer for Mark. Expected Live: 94250K, Free: 1222M, Non-Taxable: 122M, Alloc Tax Rate: 0.1x
[2026-04-03T02:44:06.372+0600][51.161s][info][gc          ] GC(32) Pause Init Mark (unload classes) 0.176ms
[2026-04-03T02:44:06.372+0600][51.161s][info][gc,start    ] GC(32) Concurrent marking roots
[2026-04-03T02:44:06.372+0600][51.161s][info][gc,task     ] GC(32) Using 3 of 6 workers for concurrent marking roots
[2026-04-03T02:44:06.374+0600][51.164s][info][gc          ] GC(32) Concurrent marking roots 2.583ms
[2026-04-03T02:44:06.374+0600][51.164s][info][gc,start    ] GC(32) Concurrent marking (unload classes)
[2026-04-03T02:44:06.375+0600][51.164s][info][gc,task     ] GC(32) Using 3 of 6 workers for concurrent marking
[2026-04-03T02:44:06.472+0600][51.262s][info][gc          ] GC(32) Concurrent marking (unload classes) 97.924ms
[2026-04-03T02:44:06.473+0600][51.263s][info][gc,start    ] GC(32) Pause Final Mark (unload classes)
[2026-04-03T02:44:06.473+0600][51.263s][info][gc,task     ] GC(32) Using 6 of 6 workers for final marking
[2026-04-03T02:44:06.474+0600][51.263s][info][gc,ergo     ] GC(32) Adaptive CSet Selection. Target Free: 247M, Actual Free: 1487M, Max CSet: 74666K, Min Garbage: 0B
[2026-04-03T02:44:06.474+0600][51.263s][info][gc,ergo     ] GC(32) Collectable Garbage: 306M (97%), Immediate: 236M (75%), CSet: 72076K (22%)
[2026-04-03T02:44:06.474+0600][51.263s][info][gc,ergo     ] GC(32) Pacer for Evacuation. Used CSet: 77310K, Free: 1438M, Non-Taxable: 143M, Alloc Tax Rate: 1.1x
[2026-04-03T02:44:06.474+0600][51.263s][info][gc          ] GC(32) Pause Final Mark (unload classes) 0.837ms
[2026-04-03T02:44:06.474+0600][51.264s][info][gc,start    ] GC(32) Concurrent thread roots
[2026-04-03T02:44:06.474+0600][51.264s][info][gc,task     ] GC(32) Using 3 of 6 workers for Concurrent thread roots
[2026-04-03T02:44:06.478+0600][51.268s][info][gc          ] GC(32) Concurrent thread roots 3.760ms
[2026-04-03T02:44:06.478+0600][51.268s][info][gc,start    ] GC(32) Concurrent weak references
[2026-04-03T02:44:06.478+0600][51.268s][info][gc,task     ] GC(32) Using 3 of 6 workers for concurrent weak references
[2026-04-03T02:44:06.479+0600][51.269s][info][gc,ref      ] GC(32) Encountered references: Soft: 3703, Weak: 15148, Final: 84, Phantom: 620
[2026-04-03T02:44:06.479+0600][51.269s][info][gc,ref      ] GC(32) Discovered  references: Soft: 0, Weak: 8666, Final: 48, Phantom: 613
[2026-04-03T02:44:06.479+0600][51.269s][info][gc,ref      ] GC(32) Enqueued    references: Soft: 0, Weak: 32, Final: 0, Phantom: 0
[2026-04-03T02:44:06.479+0600][51.269s][info][gc          ] GC(32) Concurrent weak references 1.212ms
[2026-04-03T02:44:06.479+0600][51.269s][info][gc,start    ] GC(32) Concurrent weak roots
[2026-04-03T02:44:06.479+0600][51.269s][info][gc,task     ] GC(32) Using 3 of 6 workers for concurrent weak root
[2026-04-03T02:44:06.492+0600][51.281s][info][gc          ] GC(32) Concurrent weak roots 12.078ms
[2026-04-03T02:44:06.492+0600][51.281s][info][gc,start    ] GC(32) Concurrent cleanup
[2026-04-03T02:44:06.493+0600][51.282s][info][gc          ] GC(32) Concurrent cleanup 467M->231M(618M) 0.938ms
[2026-04-03T02:44:06.493+0600][51.282s][info][gc,ergo     ] GC(32) Free: 1424M, Max: 512K regular, 1150M humongous, Frag: 20% external, 0% internal; Reserve: 88530K, Max: 512K
[2026-04-03T02:44:06.493+0600][51.282s][info][gc,start    ] GC(32) Concurrent class unloading
[2026-04-03T02:44:06.493+0600][51.282s][info][gc,task     ] GC(32) Using 3 of 6 workers for concurrent class unloading
[2026-04-03T02:44:06.516+0600][51.306s][info][gc          ] GC(32) Concurrent class unloading 23.438ms
[2026-04-03T02:44:06.516+0600][51.306s][info][gc,start    ] GC(32) Concurrent strong roots
[2026-04-03T02:44:06.516+0600][51.306s][info][gc,task     ] GC(32) Using 3 of 6 workers for concurrent strong root
[2026-04-03T02:44:06.518+0600][51.307s][info][gc          ] GC(32) Concurrent strong roots 1.631ms
[2026-04-03T02:44:06.518+0600][51.307s][info][gc,start    ] GC(32) Concurrent evacuation
[2026-04-03T02:44:06.518+0600][51.307s][info][gc,task     ] GC(32) Using 3 of 6 workers for concurrent evacuation
[2026-04-03T02:44:06.521+0600][51.310s][info][gc          ] GC(32) Concurrent evacuation 2.989ms
[2026-04-03T02:44:06.521+0600][51.311s][info][gc,start    ] GC(32) Pause Init Update Refs
[2026-04-03T02:44:06.522+0600][51.311s][info][gc,ergo     ] GC(32) Pacer for Update Refs. Used: 251M, Free: 1406M, Non-Taxable: 140M, Alloc Tax Rate: 1.1x
[2026-04-03T02:44:06.522+0600][51.311s][info][gc          ] GC(32) Pause Init Update Refs 0.093ms
[2026-04-03T02:44:06.522+0600][51.311s][info][gc,start    ] GC(32) Concurrent update references
[2026-04-03T02:44:06.522+0600][51.311s][info][gc,task     ] GC(32) Using 3 of 6 workers for concurrent reference update
[2026-04-03T02:44:06.584+0600][51.373s][info][gc          ] GC(32) Concurrent update references 62.177ms
[2026-04-03T02:44:06.584+0600][51.373s][info][gc,start    ] GC(32) Concurrent update thread roots
[2026-04-03T02:44:06.586+0600][51.375s][info][gc          ] GC(32) Concurrent update thread roots 1.905ms
[2026-04-03T02:44:06.586+0600][51.376s][info][gc,start    ] GC(32) Pause Final Update Refs
[2026-04-03T02:44:06.586+0600][51.376s][info][gc,task     ] GC(32) Using 6 of 6 workers for final reference update
[2026-04-03T02:44:06.586+0600][51.376s][info][gc          ] GC(32) Pause Final Update Refs 0.232ms
[2026-04-03T02:44:06.586+0600][51.376s][info][gc,start    ] GC(32) Concurrent cleanup
[2026-04-03T02:44:06.587+0600][51.376s][info][gc          ] GC(32) Concurrent cleanup 278M->203M(618M) 0.370ms
[2026-04-03T02:44:06.587+0600][51.376s][info][gc,ergo     ] Free: 1445M, Max: 512K regular, 1150M humongous, Frag: 21% external, 0% internal; Reserve: 89600K, Max: 512K
[2026-04-03T02:44:06.587+0600][51.376s][info][gc,stats    ] 
[2026-04-03T02:44:06.587+0600][51.377s][info][gc,stats    ] All times are wall-clock times, except per-root-class counters, that are sum over
[2026-04-03T02:44:06.587+0600][51.377s][info][gc,stats    ] all workers. Dividing the <total> over the root stage time estimates parallelism.
[2026-04-03T02:44:06.587+0600][51.377s][info][gc,stats    ] 
[2026-04-03T02:44:06.587+0600][51.377s][info][gc,stats    ] Concurrent Reset                   3575 us
[2026-04-03T02:44:06.587+0600][51.377s][info][gc,stats    ] Pause Init Mark (G)                 503 us
[2026-04-03T02:44:06.587+0600][51.377s][info][gc,stats    ] Pause Init Mark (N)                 187 us
[2026-04-03T02:44:06.587+0600][51.377s][info][gc,stats    ]   Update Region States               37 us
[2026-04-03T02:44:06.587+0600][51.377s][info][gc,stats    ] Concurrent Mark Roots              2697 us, parallelism: 1.52x
[2026-04-03T02:44:06.587+0600][51.377s][info][gc,stats    ]   CMR: <total>                     4096 us
[2026-04-03T02:44:06.587+0600][51.377s][info][gc,stats    ]   CMR: Thread Roots                3595 us, workers (us): 1822, 873, 900, ---, ---, ---, 
[2026-04-03T02:44:06.587+0600][51.377s][info][gc,stats    ]   CMR: VM Strong Roots               62 us, workers (us):  40,  22,   1, ---, ---, ---, 
[2026-04-03T02:44:06.587+0600][51.377s][info][gc,stats    ]   CMR: CLDG Roots                   438 us, workers (us): ---, 438, ---, ---, ---, ---, 
[2026-04-03T02:44:06.587+0600][51.377s][info][gc,stats    ] Concurrent Marking                98067 us
[2026-04-03T02:44:06.587+0600][51.377s][info][gc,stats    ] Pause Final Mark (G)               1827 us
[2026-04-03T02:44:06.587+0600][51.377s][info][gc,stats    ] Pause Final Mark (N)                852 us
[2026-04-03T02:44:06.587+0600][51.377s][info][gc,stats    ]   Finish Mark                       287 us
[2026-04-03T02:44:06.587+0600][51.377s][info][gc,stats    ]   Update Region States              127 us
[2026-04-03T02:44:06.587+0600][51.377s][info][gc,stats    ]   Choose Collection Set             187 us
[2026-04-03T02:44:06.587+0600][51.377s][info][gc,stats    ]   Rebuild Free Set                   54 us
[2026-04-03T02:44:06.587+0600][51.377s][info][gc,stats    ] Concurrent Thread Roots            3863 us, parallelism: 1.11x
[2026-04-03T02:44:06.587+0600][51.377s][info][gc,stats    ]   CTR: <total>                     4277 us
[2026-04-03T02:44:06.587+0600][51.377s][info][gc,stats    ]   CTR: Thread Roots                4277 us, workers (us): 3544, 365, 369, ---, ---, ---, 
[2026-04-03T02:44:06.587+0600][51.377s][info][gc,stats    ] Concurrent Weak References         1229 us, parallelism: 0.82x
[2026-04-03T02:44:06.588+0600][51.377s][info][gc,stats    ]   CWRF: <total>                    1011 us
[2026-04-03T02:44:06.588+0600][51.377s][info][gc,stats    ]   CWRF: Weak References            1011 us, workers (us): 1009,   2,   0, ---, ---, ---, 
[2026-04-03T02:44:06.588+0600][51.377s][info][gc,stats    ] Concurrent Weak Roots             12194 us
[2026-04-03T02:44:06.588+0600][51.377s][info][gc,stats    ]   Roots                           10944 us, parallelism: 2.63x
[2026-04-03T02:44:06.588+0600][51.377s][info][gc,stats    ]     CWR: <total>                  28781 us
[2026-04-03T02:44:06.588+0600][51.377s][info][gc,stats    ]     CWR: Code Cache Roots         24341 us, workers (us): 8506, 7559, 8276, ---, ---, ---, 
[2026-04-03T02:44:06.588+0600][51.377s][info][gc,stats    ]     CWR: VM Weak Roots             4117 us, workers (us): 1691, 1559, 867, ---, ---, ---, 
[2026-04-03T02:44:06.588+0600][51.377s][info][gc,stats    ]     CWR: CLDG Roots                 323 us, workers (us): 323, ---, ---, ---, ---, ---, 
[2026-04-03T02:44:06.588+0600][51.377s][info][gc,stats    ]   Rendezvous                       1098 us
[2026-04-03T02:44:06.588+0600][51.377s][info][gc,stats    ] Concurrent Cleanup                 1008 us
[2026-04-03T02:44:06.588+0600][51.377s][info][gc,stats    ] Concurrent Class Unloading        23533 us
[2026-04-03T02:44:06.588+0600][51.377s][info][gc,stats    ]   Unlink Stale                    20611 us
[2026-04-03T02:44:06.588+0600][51.377s][info][gc,stats    ]     System Dictionary               319 us
[2026-04-03T02:44:06.588+0600][51.377s][info][gc,stats    ]     Weak Class Links                  1 us
[2026-04-03T02:44:06.588+0600][51.377s][info][gc,stats    ]     Code Roots                    20286 us
[2026-04-03T02:44:06.588+0600][51.377s][info][gc,stats    ]   Rendezvous                        358 us
[2026-04-03T02:44:06.588+0600][51.377s][info][gc,stats    ]   Purge Unlinked                   2425 us
[2026-04-03T02:44:06.588+0600][51.377s][info][gc,stats    ]     Code Roots                     2416 us
[2026-04-03T02:44:06.588+0600][51.377s][info][gc,stats    ]     CLDG                              8 us
[2026-04-03T02:44:06.588+0600][51.377s][info][gc,stats    ]     Exception Caches                  1 us
[2026-04-03T02:44:06.588+0600][51.377s][info][gc,stats    ] Concurrent Strong Roots            1700 us, parallelism: 0.70x
[2026-04-03T02:44:06.588+0600][51.377s][info][gc,stats    ]   CSR: <total>                     1185 us
[2026-04-03T02:44:06.588+0600][51.377s][info][gc,stats    ]   CSR: VM Strong Roots               62 us, workers (us):  37,  18,   8, ---, ---, ---, 
[2026-04-03T02:44:06.588+0600][51.377s][info][gc,stats    ]   CSR: CLDG Roots                  1123 us, workers (us): ---, ---, 1123, ---, ---, ---, 
[2026-04-03T02:44:06.588+0600][51.377s][info][gc,stats    ] Concurrent Evacuation              3047 us
[2026-04-03T02:44:06.588+0600][51.377s][info][gc,stats    ] Pause Init Update Refs (G)          562 us
[2026-04-03T02:44:06.588+0600][51.377s][info][gc,stats    ] Pause Init Update Refs (N)          103 us
[2026-04-03T02:44:06.588+0600][51.377s][info][gc,stats    ]   Manage GCLABs                      39 us
[2026-04-03T02:44:06.588+0600][51.377s][info][gc,stats    ] Concurrent Update Refs            62271 us
[2026-04-03T02:44:06.588+0600][51.377s][info][gc,stats    ] Concurrent Update Thread Roots     2014 us
[2026-04-03T02:44:06.588+0600][51.377s][info][gc,stats    ] Pause Final Update Refs (G)         535 us
[2026-04-03T02:44:06.588+0600][51.377s][info][gc,stats    ] Pause Final Update Refs (N)         258 us
[2026-04-03T02:44:06.588+0600][51.377s][info][gc,stats    ]   Update Region States               66 us
[2026-04-03T02:44:06.588+0600][51.377s][info][gc,stats    ]   Trash Collection Set               16 us
[2026-04-03T02:44:06.588+0600][51.377s][info][gc,stats    ]   Rebuild Free Set                   56 us
[2026-04-03T02:44:06.588+0600][51.377s][info][gc,stats    ] Concurrent Cleanup                  419 us
[2026-04-03T02:44:06.588+0600][51.377s][info][gc,stats    ] 
[2026-04-03T02:44:06.588+0600][51.377s][info][gc,stats    ] Allocation pacing accrued:
[2026-04-03T02:44:06.588+0600][51.378s][info][gc,stats    ]       0 of   409 ms (  0.0%): <total>
[2026-04-03T02:44:06.588+0600][51.378s][info][gc,stats    ]       0 of   409 ms (  0.0%): <average total>
[2026-04-03T02:44:06.588+0600][51.378s][info][gc,stats    ] 
[2026-04-03T02:44:06.588+0600][51.378s][info][gc,metaspace] Metaspace: 130843K(132672K)->130859K(132672K) NonClass: 114390K(115520K)->114404K(115520K) Class: 16453K(17152K)->16455K(17152K)
[2026-04-03T02:44:06.588+0600][51.378s][info][gc,ergo     ] Pacer for Idle. Initial: 35840K, Alloc Tax Rate: 1.0x
[2026-04-03T02:44:08.006+0600][52.796s][info][gc          ] Trigger: Average GC time (256.82 ms) is above the time for average allocation rate (994 MB/s) to deplete free headroom (251M) (margin of error = 1.88)
[2026-04-03T02:44:08.006+0600][52.796s][info][gc,ergo     ] Free headroom: 339M (free) - 89600K (spike) - 0B (penalties) = 251M
[2026-04-03T02:44:08.006+0600][52.796s][info][gc,ergo     ] Free: 339M, Max: 512K regular, 338M humongous, Frag: 0% external, 0% internal; Reserve: 89600K, Max: 512K
[2026-04-03T02:44:08.006+0600][52.796s][info][gc,start    ] GC(33) Concurrent reset
[2026-04-03T02:44:08.006+0600][52.796s][info][gc,task     ] GC(33) Using 3 of 6 workers for concurrent reset
[2026-04-03T02:44:08.006+0600][52.796s][info][gc,ergo     ] GC(33) Pacer for Reset. Non-Taxable: 1750M
[2026-04-03T02:44:08.009+0600][52.798s][info][gc          ] GC(33) Concurrent reset 2.195ms
[2026-04-03T02:44:08.009+0600][52.798s][info][gc,start    ] GC(33) Pause Init Mark (unload classes)
[2026-04-03T02:44:08.009+0600][52.798s][info][gc,task     ] GC(33) Using 6 of 6 workers for init marking
[2026-04-03T02:44:08.009+0600][52.798s][info][gc,ergo     ] GC(33) Pacer for Mark. Expected Live: 93664K, Free: 339M, Non-Taxable: 34723K, Alloc Tax Rate: 0.3x
[2026-04-03T02:44:08.009+0600][52.798s][info][gc          ] GC(33) Pause Init Mark (unload classes) 0.143ms
[2026-04-03T02:44:08.009+0600][52.799s][info][gc,start    ] GC(33) Concurrent marking roots
[2026-04-03T02:44:08.009+0600][52.799s][info][gc,task     ] GC(33) Using 3 of 6 workers for concurrent marking roots
[2026-04-03T02:44:08.011+0600][52.800s][info][gc          ] GC(33) Concurrent marking roots 1.362ms
[2026-04-03T02:44:08.011+0600][52.800s][info][gc,start    ] GC(33) Concurrent marking (unload classes)
[2026-04-03T02:44:08.011+0600][52.800s][info][gc,task     ] GC(33) Using 3 of 6 workers for concurrent marking
[2026-04-03T02:44:08.077+0600][52.866s][info][gc          ] GC(33) Concurrent marking (unload classes) 66.379ms
[2026-04-03T02:44:08.077+0600][52.867s][info][gc,start    ] GC(33) Pause Final Mark (unload classes)
[2026-04-03T02:44:08.077+0600][52.867s][info][gc,task     ] GC(33) Using 6 of 6 workers for final marking
[2026-04-03T02:44:08.078+0600][52.867s][info][gc,ergo     ] GC(33) Adaptive CSet Selection. Target Free: 247M, Actual Free: 1270M, Max CSet: 74666K, Min Garbage: 0B
[2026-04-03T02:44:08.078+0600][52.867s][info][gc,ergo     ] GC(33) Collectable Garbage: 1105M (99%), Immediate: 894M (80%), CSet: 210M (18%)
[2026-04-03T02:44:08.078+0600][52.867s][info][gc,ergo     ] GC(33) Pacer for Evacuation. Used CSet: 215M, Free: 1298M, Non-Taxable: 129M, Alloc Tax Rate: 1.1x
[2026-04-03T02:44:08.078+0600][52.867s][info][gc          ] GC(33) Pause Final Mark (unload classes) 0.778ms
[2026-04-03T02:44:08.078+0600][52.868s][info][gc,start    ] GC(33) Concurrent thread roots
[2026-04-03T02:44:08.078+0600][52.868s][info][gc,task     ] GC(33) Using 3 of 6 workers for Concurrent thread roots
[2026-04-03T02:44:08.080+0600][52.869s][info][gc          ] GC(33) Concurrent thread roots 1.510ms
[2026-04-03T02:44:08.080+0600][52.869s][info][gc,start    ] GC(33) Concurrent weak references
[2026-04-03T02:44:08.080+0600][52.869s][info][gc,task     ] GC(33) Using 3 of 6 workers for concurrent weak references
[2026-04-03T02:44:08.081+0600][52.871s][info][gc,ref      ] GC(33) Encountered references: Soft: 3721, Weak: 17004, Final: 84, Phantom: 620
[2026-04-03T02:44:08.081+0600][52.871s][info][gc,ref      ] GC(33) Discovered  references: Soft: 0, Weak: 10442, Final: 48, Phantom: 615
[2026-04-03T02:44:08.081+0600][52.871s][info][gc,ref      ] GC(33) Enqueued    references: Soft: 0, Weak: 1630, Final: 0, Phantom: 0
[2026-04-03T02:44:08.081+0600][52.871s][info][gc          ] GC(33) Concurrent weak references 1.531ms
[2026-04-03T02:44:08.081+0600][52.871s][info][gc,start    ] GC(33) Concurrent weak roots
[2026-04-03T02:44:08.081+0600][52.871s][info][gc,task     ] GC(33) Using 3 of 6 workers for concurrent weak root
[2026-04-03T02:44:08.091+0600][52.880s][info][gc          ] GC(33) Concurrent weak roots 9.424ms
[2026-04-03T02:44:08.091+0600][52.880s][info][gc,start    ] GC(33) Concurrent cleanup
[2026-04-03T02:44:08.092+0600][52.881s][info][gc          ] GC(33) Concurrent cleanup 1259M->365M(1394M) 1.174ms
[2026-04-03T02:44:08.092+0600][52.882s][info][gc,ergo     ] GC(33) Free: 1290M, Max: 512K regular, 279M humongous, Frag: 79% external, 0% internal; Reserve: 89303K, Max: 512K
[2026-04-03T02:44:08.092+0600][52.882s][info][gc,start    ] GC(33) Concurrent class unloading
[2026-04-03T02:44:08.092+0600][52.882s][info][gc,task     ] GC(33) Using 3 of 6 workers for concurrent class unloading
[2026-04-03T02:44:08.122+0600][52.911s][info][gc          ] GC(33) Concurrent class unloading 29.417ms
[2026-04-03T02:44:08.122+0600][52.911s][info][gc,start    ] GC(33) Concurrent strong roots
[2026-04-03T02:44:08.122+0600][52.911s][info][gc,task     ] GC(33) Using 3 of 6 workers for concurrent strong root
[2026-04-03T02:44:08.123+0600][52.913s][info][gc          ] GC(33) Concurrent strong roots 1.465ms
[2026-04-03T02:44:08.123+0600][52.913s][info][gc,start    ] GC(33) Concurrent evacuation
[2026-04-03T02:44:08.123+0600][52.913s][info][gc,task     ] GC(33) Using 3 of 6 workers for concurrent evacuation
[2026-04-03T02:44:08.126+0600][52.916s][info][gc          ] GC(33) Concurrent evacuation 2.899ms
[2026-04-03T02:44:08.127+0600][52.916s][info][gc,start    ] GC(33) Pause Init Update Refs
[2026-04-03T02:44:08.127+0600][52.916s][info][gc,ergo     ] GC(33) Pacer for Update Refs. Used: 395M, Free: 1261M, Non-Taxable: 126M, Alloc Tax Rate: 1.1x
[2026-04-03T02:44:08.127+0600][52.916s][info][gc          ] GC(33) Pause Init Update Refs 0.211ms
[2026-04-03T02:44:08.127+0600][52.916s][info][gc,start    ] GC(33) Concurrent update references
[2026-04-03T02:44:08.127+0600][52.916s][info][gc,task     ] GC(33) Using 3 of 6 workers for concurrent reference update
[2026-04-03T02:44:08.173+0600][52.962s][info][gc          ] GC(33) Concurrent update references 46.031ms
[2026-04-03T02:44:08.173+0600][52.962s][info][gc,start    ] GC(33) Concurrent update thread roots
[2026-04-03T02:44:08.175+0600][52.964s][info][gc          ] GC(33) Concurrent update thread roots 1.694ms
[2026-04-03T02:44:08.175+0600][52.964s][info][gc,start    ] GC(33) Pause Final Update Refs
[2026-04-03T02:44:08.175+0600][52.964s][info][gc,task     ] GC(33) Using 6 of 6 workers for final reference update
[2026-04-03T02:44:08.175+0600][52.964s][info][gc          ] GC(33) Pause Final Update Refs 0.277ms
[2026-04-03T02:44:08.175+0600][52.965s][info][gc,start    ] GC(33) Concurrent cleanup
[2026-04-03T02:44:08.176+0600][52.965s][info][gc          ] GC(33) Concurrent cleanup 432M->218M(1394M) 0.338ms
[2026-04-03T02:44:08.176+0600][52.965s][info][gc,ergo     ] Free: 1430M, Max: 512K regular, 958M humongous, Frag: 33% external, 0% internal; Reserve: 89600K, Max: 512K
[2026-04-03T02:44:08.176+0600][52.965s][info][gc,stats    ] 
[2026-04-03T02:44:08.176+0600][52.965s][info][gc,stats    ] All times are wall-clock times, except per-root-class counters, that are sum over
[2026-04-03T02:44:08.176+0600][52.965s][info][gc,stats    ] all workers. Dividing the <total> over the root stage time estimates parallelism.
[2026-04-03T02:44:08.176+0600][52.965s][info][gc,stats    ] 
[2026-04-03T02:44:08.176+0600][52.965s][info][gc,stats    ] Concurrent Reset                   2246 us
[2026-04-03T02:44:08.176+0600][52.965s][info][gc,stats    ] Pause Init Mark (G)                 601 us
[2026-04-03T02:44:08.176+0600][52.965s][info][gc,stats    ] Pause Init Mark (N)                 153 us
[2026-04-03T02:44:08.176+0600][52.965s][info][gc,stats    ]   Update Region States               41 us
[2026-04-03T02:44:08.176+0600][52.965s][info][gc,stats    ] Concurrent Mark Roots              1409 us, parallelism: 1.98x
[2026-04-03T02:44:08.176+0600][52.965s][info][gc,stats    ]   CMR: <total>                     2794 us
[2026-04-03T02:44:08.176+0600][52.965s][info][gc,stats    ]   CMR: Thread Roots                2421 us, workers (us): 579, 923, 920, ---, ---, ---, 
[2026-04-03T02:44:08.176+0600][52.965s][info][gc,stats    ]   CMR: VM Strong Roots               40 us, workers (us):  20,  11,   9, ---, ---, ---, 
[2026-04-03T02:44:08.176+0600][52.965s][info][gc,stats    ]   CMR: CLDG Roots                   333 us, workers (us): 333, ---, ---, ---, ---, ---, 
[2026-04-03T02:44:08.176+0600][52.965s][info][gc,stats    ] Concurrent Marking                66494 us
[2026-04-03T02:44:08.176+0600][52.965s][info][gc,stats    ] Pause Final Mark (G)               1073 us
[2026-04-03T02:44:08.176+0600][52.965s][info][gc,stats    ] Pause Final Mark (N)                790 us
[2026-04-03T02:44:08.176+0600][52.965s][info][gc,stats    ]   Finish Mark                       165 us
[2026-04-03T02:44:08.176+0600][52.965s][info][gc,stats    ]   Update Region States               60 us
[2026-04-03T02:44:08.176+0600][52.965s][info][gc,stats    ]   Choose Collection Set             366 us
[2026-04-03T02:44:08.176+0600][52.965s][info][gc,stats    ]   Rebuild Free Set                   53 us
[2026-04-03T02:44:08.176+0600][52.965s][info][gc,stats    ] Concurrent Thread Roots            1555 us, parallelism: 2.39x
[2026-04-03T02:44:08.176+0600][52.965s][info][gc,stats    ]   CTR: <total>                     3718 us
[2026-04-03T02:44:08.176+0600][52.965s][info][gc,stats    ]   CTR: Thread Roots                3718 us, workers (us): 1356, 1312, 1050, ---, ---, ---, 
[2026-04-03T02:44:08.176+0600][52.965s][info][gc,stats    ] Concurrent Weak References         1548 us, parallelism: 0.95x
[2026-04-03T02:44:08.176+0600][52.965s][info][gc,stats    ]   CWRF: <total>                    1471 us
[2026-04-03T02:44:08.176+0600][52.965s][info][gc,stats    ]   CWRF: Weak References            1471 us, workers (us):  46, 101, 1324, ---, ---, ---, 
[2026-04-03T02:44:08.176+0600][52.965s][info][gc,stats    ] Concurrent Weak Roots              9535 us
[2026-04-03T02:44:08.176+0600][52.965s][info][gc,stats    ]   Roots                            8398 us, parallelism: 2.72x
[2026-04-03T02:44:08.176+0600][52.965s][info][gc,stats    ]     CWR: <total>                  22838 us
[2026-04-03T02:44:08.176+0600][52.966s][info][gc,stats    ]     CWR: Code Cache Roots         15779 us, workers (us): 3728, 5753, 6298, ---, ---, ---, 
[2026-04-03T02:44:08.176+0600][52.966s][info][gc,stats    ]     CWR: VM Weak Roots             6834 us, workers (us): 4118, 1612, 1104, ---, ---, ---, 
[2026-04-03T02:44:08.176+0600][52.966s][info][gc,stats    ]     CWR: CLDG Roots                 225 us, workers (us): ---, 225, ---, ---, ---, ---, 
[2026-04-03T02:44:08.176+0600][52.966s][info][gc,stats    ]   Rendezvous                        994 us
[2026-04-03T02:44:08.176+0600][52.966s][info][gc,stats    ] Concurrent Cleanup                 1209 us
[2026-04-03T02:44:08.176+0600][52.966s][info][gc,stats    ] Concurrent Class Unloading        29514 us
[2026-04-03T02:44:08.176+0600][52.966s][info][gc,stats    ]   Unlink Stale                    21098 us
[2026-04-03T02:44:08.176+0600][52.966s][info][gc,stats    ]     System Dictionary               281 us
[2026-04-03T02:44:08.176+0600][52.966s][info][gc,stats    ]     Weak Class Links                  0 us
[2026-04-03T02:44:08.176+0600][52.966s][info][gc,stats    ]     Code Roots                    20812 us
[2026-04-03T02:44:08.176+0600][52.966s][info][gc,stats    ]   Rendezvous                        472 us
[2026-04-03T02:44:08.176+0600][52.966s][info][gc,stats    ]   Purge Unlinked                   7804 us
[2026-04-03T02:44:08.176+0600][52.966s][info][gc,stats    ]     Code Roots                     7781 us
[2026-04-03T02:44:08.176+0600][52.966s][info][gc,stats    ]     CLDG                             21 us
[2026-04-03T02:44:08.176+0600][52.966s][info][gc,stats    ]     Exception Caches                  1 us
[2026-04-03T02:44:08.176+0600][52.966s][info][gc,stats    ] Concurrent Strong Roots            1572 us, parallelism: 0.65x
[2026-04-03T02:44:08.176+0600][52.966s][info][gc,stats    ]   CSR: <total>                     1029 us
[2026-04-03T02:44:08.176+0600][52.966s][info][gc,stats    ]   CSR: VM Strong Roots               91 us, workers (us):  39,  37,  15, ---, ---, ---, 
[2026-04-03T02:44:08.176+0600][52.966s][info][gc,stats    ]   CSR: CLDG Roots                   938 us, workers (us): 938, ---, ---, ---, ---, ---, 
[2026-04-03T02:44:08.176+0600][52.966s][info][gc,stats    ] Concurrent Evacuation              2986 us
[2026-04-03T02:44:08.176+0600][52.966s][info][gc,stats    ] Pause Init Update Refs (G)          590 us
[2026-04-03T02:44:08.176+0600][52.966s][info][gc,stats    ] Pause Init Update Refs (N)          238 us
[2026-04-03T02:44:08.176+0600][52.966s][info][gc,stats    ]   Manage GCLABs                      50 us
[2026-04-03T02:44:08.176+0600][52.966s][info][gc,stats    ] Concurrent Update Refs            46126 us
[2026-04-03T02:44:08.176+0600][52.966s][info][gc,stats    ] Concurrent Update Thread Roots     1786 us
[2026-04-03T02:44:08.176+0600][52.966s][info][gc,stats    ] Pause Final Update Refs (G)         516 us
[2026-04-03T02:44:08.176+0600][52.966s][info][gc,stats    ] Pause Final Update Refs (N)         308 us
[2026-04-03T02:44:08.176+0600][52.966s][info][gc,stats    ]   Update Region States               79 us
[2026-04-03T02:44:08.176+0600][52.966s][info][gc,stats    ]   Trash Collection Set               25 us
[2026-04-03T02:44:08.176+0600][52.966s][info][gc,stats    ]   Rebuild Free Set                   52 us
[2026-04-03T02:44:08.176+0600][52.966s][info][gc,stats    ] Concurrent Cleanup                  366 us
[2026-04-03T02:44:08.176+0600][52.966s][info][gc,stats    ] 
[2026-04-03T02:44:08.176+0600][52.966s][info][gc,stats    ] Allocation pacing accrued:
[2026-04-03T02:44:08.177+0600][52.966s][info][gc,stats    ]       0 of  1588 ms (  0.0%): <total>
[2026-04-03T02:44:08.177+0600][52.966s][info][gc,stats    ]       0 of  1588 ms (  0.0%): <average total>
[2026-04-03T02:44:08.177+0600][52.966s][info][gc,stats    ] 
[2026-04-03T02:44:08.177+0600][52.966s][info][gc,metaspace] Metaspace: 130997K(132672K)->131003K(132672K) NonClass: 114530K(115520K)->114535K(115520K) Class: 16467K(17152K)->16467K(17152K)
[2026-04-03T02:44:08.177+0600][52.966s][info][gc,ergo     ] Pacer for Idle. Initial: 35840K, Alloc Tax Rate: 1.0x
[2026-04-03T02:44:08.981+0600][53.771s][info][gc          ] Trigger: Average GC time (233.42 ms) is above the time for average allocation rate (2060 MB/s) to deplete free headroom (316M) (margin of error = 1.88)
[2026-04-03T02:44:08.982+0600][53.771s][info][gc,ergo     ] Free headroom: 403M (free) - 89600K (spike) - 0B (penalties) = 316M
[2026-04-03T02:44:08.982+0600][53.771s][info][gc,ergo     ] Free: 403M, Max: 512K regular, 277M humongous, Frag: 31% external, 0% internal; Reserve: 89600K, Max: 512K
[2026-04-03T02:44:08.982+0600][53.771s][info][gc,start    ] GC(34) Concurrent reset
[2026-04-03T02:44:08.982+0600][53.771s][info][gc,task     ] GC(34) Using 3 of 6 workers for concurrent reset
[2026-04-03T02:44:08.982+0600][53.771s][info][gc,ergo     ] GC(34) Pacer for Reset. Non-Taxable: 1750M
[2026-04-03T02:44:08.988+0600][53.777s][info][gc          ] GC(34) Concurrent reset 6.455ms
[2026-04-03T02:44:08.989+0600][53.779s][info][gc,start    ] GC(34) Pause Init Mark (unload classes)
[2026-04-03T02:44:08.990+0600][53.779s][info][gc,task     ] GC(34) Using 6 of 6 workers for init marking
[2026-04-03T02:44:08.990+0600][53.779s][info][gc,ergo     ] GC(34) Pacer for Mark. Expected Live: 94888K, Free: 361M, Non-Taxable: 36967K, Alloc Tax Rate: 0.3x
[2026-04-03T02:44:08.990+0600][53.779s][info][gc          ] GC(34) Pause Init Mark (unload classes) 0.229ms
[2026-04-03T02:44:08.990+0600][53.779s][info][gc,start    ] GC(34) Concurrent marking roots
[2026-04-03T02:44:08.990+0600][53.779s][info][gc,task     ] GC(34) Using 3 of 6 workers for concurrent marking roots
[2026-04-03T02:44:08.992+0600][53.781s][info][gc          ] GC(34) Concurrent marking roots 1.760ms
[2026-04-03T02:44:08.992+0600][53.781s][info][gc,start    ] GC(34) Concurrent marking (unload classes)
[2026-04-03T02:44:08.992+0600][53.781s][info][gc,task     ] GC(34) Using 3 of 6 workers for concurrent marking
[2026-04-03T02:44:09.071+0600][53.861s][info][gc          ] GC(34) Concurrent marking (unload classes) 79.458ms
[2026-04-03T02:44:09.071+0600][53.861s][info][gc,start    ] GC(34) Pause Final Mark (unload classes)
[2026-04-03T02:44:09.071+0600][53.861s][info][gc,task     ] GC(34) Using 6 of 6 workers for final marking
[2026-04-03T02:44:09.072+0600][53.861s][info][gc,ergo     ] GC(34) Adaptive CSet Selection. Target Free: 247M, Actual Free: 1270M, Max CSet: 74666K, Min Garbage: 0B
[2026-04-03T02:44:09.072+0600][53.861s][info][gc,ergo     ] GC(34) Collectable Garbage: 1090M (99%), Immediate: 903M (82%), CSet: 186M (17%)
[2026-04-03T02:44:09.072+0600][53.862s][info][gc,ergo     ] GC(34) Pacer for Evacuation. Used CSet: 195M, Free: 1285M, Non-Taxable: 128M, Alloc Tax Rate: 1.1x
[2026-04-03T02:44:09.072+0600][53.862s][info][gc          ] GC(34) Pause Final Mark (unload classes) 0.763ms
[2026-04-03T02:44:09.072+0600][53.862s][info][gc,start    ] GC(34) Concurrent thread roots
[2026-04-03T02:44:09.072+0600][53.862s][info][gc,task     ] GC(34) Using 3 of 6 workers for Concurrent thread roots
[2026-04-03T02:44:09.073+0600][53.863s][info][gc          ] GC(34) Concurrent thread roots 1.045ms
[2026-04-03T02:44:09.073+0600][53.863s][info][gc,start    ] GC(34) Concurrent weak references
[2026-04-03T02:44:09.073+0600][53.863s][info][gc,task     ] GC(34) Using 3 of 6 workers for concurrent weak references
[2026-04-03T02:44:09.075+0600][53.864s][info][gc,ref      ] GC(34) Encountered references: Soft: 3785, Weak: 17022, Final: 84, Phantom: 634
[2026-04-03T02:44:09.075+0600][53.864s][info][gc,ref      ] GC(34) Discovered  references: Soft: 0, Weak: 10569, Final: 68, Phantom: 629
[2026-04-03T02:44:09.075+0600][53.864s][info][gc,ref      ] GC(34) Enqueued    references: Soft: 0, Weak: 2307, Final: 0, Phantom: 0
[2026-04-03T02:44:09.075+0600][53.864s][info][gc          ] GC(34) Concurrent weak references 1.220ms
[2026-04-03T02:44:09.075+0600][53.864s][info][gc,start    ] GC(34) Concurrent weak roots
[2026-04-03T02:44:09.075+0600][53.864s][info][gc,task     ] GC(34) Using 3 of 6 workers for concurrent weak root
[2026-04-03T02:44:09.079+0600][53.869s][info][gc          ] GC(34) Concurrent weak roots 4.710ms
[2026-04-03T02:44:09.080+0600][53.869s][info][gc,start    ] GC(34) Concurrent cleanup
[2026-04-03T02:44:09.080+0600][53.870s][info][gc          ] GC(34) Concurrent cleanup 1273M->370M(1397M) 0.788ms
[2026-04-03T02:44:09.080+0600][53.870s][info][gc,ergo     ] GC(34) Free: 1280M, Max: 512K regular, 275M humongous, Frag: 79% external, 0% internal; Reserve: 89125K, Max: 512K
[2026-04-03T02:44:09.080+0600][53.870s][info][gc,start    ] GC(34) Concurrent class unloading
[2026-04-03T02:44:09.080+0600][53.870s][info][gc,task     ] GC(34) Using 3 of 6 workers for concurrent class unloading
[2026-04-03T02:44:09.099+0600][53.889s][info][gc          ] GC(34) Concurrent class unloading 18.899ms
[2026-04-03T02:44:09.099+0600][53.889s][info][gc,start    ] GC(34) Concurrent strong roots
[2026-04-03T02:44:09.099+0600][53.889s][info][gc,task     ] GC(34) Using 3 of 6 workers for concurrent strong root
[2026-04-03T02:44:09.101+0600][53.890s][info][gc          ] GC(34) Concurrent strong roots 1.222ms
[2026-04-03T02:44:09.101+0600][53.890s][info][gc,start    ] GC(34) Concurrent evacuation
[2026-04-03T02:44:09.101+0600][53.890s][info][gc,task     ] GC(34) Using 3 of 6 workers for concurrent evacuation
[2026-04-03T02:44:09.107+0600][53.897s][info][gc          ] GC(34) Concurrent evacuation 6.777ms
[2026-04-03T02:44:09.108+0600][53.897s][info][gc,start    ] GC(34) Pause Init Update Refs
[2026-04-03T02:44:09.108+0600][53.897s][info][gc,ergo     ] GC(34) Pacer for Update Refs. Used: 386M, Free: 1273M, Non-Taxable: 127M, Alloc Tax Rate: 1.1x
[2026-04-03T02:44:09.108+0600][53.897s][info][gc          ] GC(34) Pause Init Update Refs 0.185ms
[2026-04-03T02:44:09.108+0600][53.898s][info][gc,start    ] GC(34) Concurrent update references
[2026-04-03T02:44:09.108+0600][53.898s][info][gc,task     ] GC(34) Using 3 of 6 workers for concurrent reference update
[2026-04-03T02:44:09.161+0600][53.950s][info][gc          ] GC(34) Concurrent update references 52.379ms
[2026-04-03T02:44:09.161+0600][53.950s][info][gc,start    ] GC(34) Concurrent update thread roots
[2026-04-03T02:44:09.163+0600][53.952s][info][gc          ] GC(34) Concurrent update thread roots 2.339ms
[2026-04-03T02:44:09.166+0600][53.955s][info][gc,start    ] GC(34) Pause Final Update Refs
[2026-04-03T02:44:09.166+0600][53.955s][info][gc,task     ] GC(34) Using 6 of 6 workers for final reference update
[2026-04-03T02:44:09.166+0600][53.955s][info][gc          ] GC(34) Pause Final Update Refs 0.332ms
[2026-04-03T02:44:09.166+0600][53.956s][info][gc,start    ] GC(34) Concurrent cleanup
[2026-04-03T02:44:09.167+0600][53.957s][info][gc          ] GC(34) Concurrent cleanup 566M->384M(1399M) 1.044ms
[2026-04-03T02:44:09.167+0600][53.957s][info][gc,ergo     ] Free: 1244M, Max: 512K regular, 657M humongous, Frag: 48% external, 0% internal; Reserve: 89600K, Max: 512K
[2026-04-03T02:44:09.168+0600][53.957s][info][gc,stats    ] 
[2026-04-03T02:44:09.168+0600][53.957s][info][gc,stats    ] All times are wall-clock times, except per-root-class counters, that are sum over
[2026-04-03T02:44:09.168+0600][53.957s][info][gc,stats    ] all workers. Dividing the <total> over the root stage time estimates parallelism.
[2026-04-03T02:44:09.168+0600][53.957s][info][gc,stats    ] 
[2026-04-03T02:44:09.168+0600][53.957s][info][gc,stats    ] Concurrent Reset                   6561 us
[2026-04-03T02:44:09.168+0600][53.957s][info][gc,stats    ] Pause Init Mark (G)                1680 us
[2026-04-03T02:44:09.168+0600][53.957s][info][gc,stats    ] Pause Init Mark (N)                 240 us
[2026-04-03T02:44:09.168+0600][53.957s][info][gc,stats    ]   Update Region States               48 us
[2026-04-03T02:44:09.168+0600][53.957s][info][gc,stats    ] Concurrent Mark Roots              1853 us, parallelism: 1.86x
[2026-04-03T02:44:09.168+0600][53.957s][info][gc,stats    ]   CMR: <total>                     3440 us
[2026-04-03T02:44:09.168+0600][53.957s][info][gc,stats    ]   CMR: Thread Roots                3038 us, workers (us): 1134, 783, 1120, ---, ---, ---, 
[2026-04-03T02:44:09.168+0600][53.957s][info][gc,stats    ]   CMR: VM Strong Roots               71 us, workers (us):  44,  27,   1, ---, ---, ---, 
[2026-04-03T02:44:09.168+0600][53.957s][info][gc,stats    ]   CMR: CLDG Roots                   331 us, workers (us): ---, 331, ---, ---, ---, ---, 
[2026-04-03T02:44:09.168+0600][53.957s][info][gc,stats    ] Concurrent Marking                79540 us
[2026-04-03T02:44:09.168+0600][53.957s][info][gc,stats    ] Pause Final Mark (G)               1124 us
[2026-04-03T02:44:09.168+0600][53.957s][info][gc,stats    ] Pause Final Mark (N)                774 us
[2026-04-03T02:44:09.168+0600][53.957s][info][gc,stats    ]   Finish Mark                       316 us
[2026-04-03T02:44:09.168+0600][53.957s][info][gc,stats    ]   Update Region States               50 us
[2026-04-03T02:44:09.168+0600][53.957s][info][gc,stats    ]   Choose Collection Set             227 us
[2026-04-03T02:44:09.168+0600][53.957s][info][gc,stats    ]   Rebuild Free Set                   42 us
[2026-04-03T02:44:09.168+0600][53.957s][info][gc,stats    ] Concurrent Thread Roots            1086 us, parallelism: 2.27x
[2026-04-03T02:44:09.168+0600][53.957s][info][gc,stats    ]   CTR: <total>                     2469 us
[2026-04-03T02:44:09.168+0600][53.957s][info][gc,stats    ]   CTR: Thread Roots                2469 us, workers (us): 870, 825, 775, ---, ---, ---, 
[2026-04-03T02:44:09.168+0600][53.957s][info][gc,stats    ] Concurrent Weak References         1235 us, parallelism: 0.92x
[2026-04-03T02:44:09.168+0600][53.957s][info][gc,stats    ]   CWRF: <total>                    1142 us
[2026-04-03T02:44:09.168+0600][53.958s][info][gc,stats    ]   CWRF: Weak References            1142 us, workers (us): 1027, 114,   1, ---, ---, ---, 
[2026-04-03T02:44:09.168+0600][53.958s][info][gc,stats    ] Concurrent Weak Roots              4808 us
[2026-04-03T02:44:09.168+0600][53.958s][info][gc,stats    ]   Roots                            4270 us, parallelism: 2.69x
[2026-04-03T02:44:09.168+0600][53.958s][info][gc,stats    ]     CWR: <total>                  11504 us
[2026-04-03T02:44:09.168+0600][53.958s][info][gc,stats    ]     CWR: Code Cache Roots          8819 us, workers (us): 2951, 2977, 2891, ---, ---, ---, 
[2026-04-03T02:44:09.168+0600][53.958s][info][gc,stats    ]     CWR: VM Weak Roots             2544 us, workers (us): 859, 893, 792, ---, ---, ---, 
[2026-04-03T02:44:09.168+0600][53.958s][info][gc,stats    ]     CWR: CLDG Roots                 141 us, workers (us): ---, ---, 141, ---, ---, ---, 
[2026-04-03T02:44:09.168+0600][53.958s][info][gc,stats    ]   Rendezvous                        411 us
[2026-04-03T02:44:09.168+0600][53.958s][info][gc,stats    ] Concurrent Cleanup                  827 us
[2026-04-03T02:44:09.168+0600][53.958s][info][gc,stats    ] Concurrent Class Unloading        19009 us
[2026-04-03T02:44:09.168+0600][53.958s][info][gc,stats    ]   Unlink Stale                    15224 us
[2026-04-03T02:44:09.168+0600][53.958s][info][gc,stats    ]     System Dictionary               309 us
[2026-04-03T02:44:09.168+0600][53.958s][info][gc,stats    ]     Weak Class Links                  0 us
[2026-04-03T02:44:09.168+0600][53.958s][info][gc,stats    ]     Code Roots                    14909 us
[2026-04-03T02:44:09.168+0600][53.958s][info][gc,stats    ]   Rendezvous                        364 us
[2026-04-03T02:44:09.168+0600][53.958s][info][gc,stats    ]   Purge Unlinked                   3274 us
[2026-04-03T02:44:09.169+0600][53.958s][info][gc,stats    ]     Code Roots                     3256 us
[2026-04-03T02:44:09.169+0600][53.958s][info][gc,stats    ]     CLDG                             16 us
[2026-04-03T02:44:09.169+0600][53.958s][info][gc,stats    ]     Exception Caches                  1 us
[2026-04-03T02:44:09.169+0600][53.958s][info][gc,stats    ] Concurrent Strong Roots            1251 us, parallelism: 0.68x
[2026-04-03T02:44:09.169+0600][53.958s][info][gc,stats    ]   CSR: <total>                      851 us
[2026-04-03T02:44:09.169+0600][53.958s][info][gc,stats    ]   CSR: VM Strong Roots               71 us, workers (us):  28,  28,  15, ---, ---, ---, 
[2026-04-03T02:44:09.169+0600][53.958s][info][gc,stats    ]   CSR: CLDG Roots                   781 us, workers (us): 781, ---, ---, ---, ---, ---, 
[2026-04-03T02:44:09.169+0600][53.958s][info][gc,stats    ] Concurrent Evacuation              6880 us
[2026-04-03T02:44:09.169+0600][53.958s][info][gc,stats    ] Pause Init Update Refs (G)          596 us
[2026-04-03T02:44:09.169+0600][53.958s][info][gc,stats    ] Pause Init Update Refs (N)          205 us
[2026-04-03T02:44:09.169+0600][53.958s][info][gc,stats    ]   Manage GCLABs                      59 us
[2026-04-03T02:44:09.169+0600][53.958s][info][gc,stats    ] Concurrent Update Refs            52493 us
[2026-04-03T02:44:09.169+0600][53.958s][info][gc,stats    ] Concurrent Update Thread Roots     2540 us
[2026-04-03T02:44:09.169+0600][53.958s][info][gc,stats    ] Pause Final Update Refs (G)        2962 us
[2026-04-03T02:44:09.169+0600][53.958s][info][gc,stats    ] Pause Final Update Refs (N)         351 us
[2026-04-03T02:44:09.169+0600][53.958s][info][gc,stats    ]   Update Region States               91 us
[2026-04-03T02:44:09.169+0600][53.958s][info][gc,stats    ]   Trash Collection Set               27 us
[2026-04-03T02:44:09.169+0600][53.958s][info][gc,stats    ]   Rebuild Free Set                   55 us
[2026-04-03T02:44:09.169+0600][53.958s][info][gc,stats    ] Concurrent Cleanup                 1130 us
[2026-04-03T02:44:09.169+0600][53.958s][info][gc,stats    ] Pacing                           116723 us
[2026-04-03T02:44:09.169+0600][53.958s][info][gc,stats    ] 
[2026-04-03T02:44:09.169+0600][53.958s][info][gc,stats    ] Allocation pacing accrued:
[2026-04-03T02:44:09.169+0600][53.958s][info][gc,stats    ]      11 of   992 ms (  1.1%): dispatcher-BlockManagerMaster
[2026-04-03T02:44:09.169+0600][53.958s][info][gc,stats    ]       8 of   992 ms (  0.8%): spark-listener-group-appStatus
[2026-04-03T02:44:09.169+0600][53.958s][info][gc,stats    ]       9 of   992 ms (  0.9%): spark-listener-group-executorManagement
[2026-04-03T02:44:09.169+0600][53.958s][info][gc,stats    ]       8 of   992 ms (  0.9%): spark-listener-group-shared
[2026-04-03T02:44:09.169+0600][53.958s][info][gc,stats    ]      19 of   992 ms (  1.9%): Executor task launch worker for task 0.0 in stage 1793.0 (TID 3301)
[2026-04-03T02:44:09.169+0600][53.958s][info][gc,stats    ]      20 of   992 ms (  2.0%): Executor task launch worker for task 1.0 in stage 1793.0 (TID 3302)
[2026-04-03T02:44:09.169+0600][53.958s][info][gc,stats    ]      11 of   992 ms (  1.1%): Executor task launch worker for task 2.0 in stage 1793.0 (TID 3303)
[2026-04-03T02:44:09.169+0600][53.958s][info][gc,stats    ]      19 of   992 ms (  1.9%): task-result-getter-2
[2026-04-03T02:44:09.169+0600][53.958s][info][gc,stats    ]      11 of   992 ms (  1.1%): task-result-getter-3
[2026-04-03T02:44:09.169+0600][53.958s][info][gc,stats    ]     117 of   992 ms ( 11.8%): <total>
[2026-04-03T02:44:09.169+0600][53.958s][info][gc,stats    ]       0 of   992 ms (  0.0%): <average total>
[2026-04-03T02:44:09.169+0600][53.958s][info][gc,stats    ]      13 of   992 ms (  1.3%): <average non-zero>
[2026-04-03T02:44:09.169+0600][53.958s][info][gc,stats    ] 
[2026-04-03T02:44:09.169+0600][53.958s][info][gc,metaspace] Metaspace: 131092K(132672K)->131110K(132672K) NonClass: 114614K(115520K)->114632K(115520K) Class: 16478K(17152K)->16478K(17152K)
[2026-04-03T02:44:09.169+0600][53.959s][info][gc,ergo     ] Pacer for Idle. Initial: 35840K, Alloc Tax Rate: 1.0x
[2026-04-03T02:44:09.992+0600][54.782s][info][gc          ] Trigger: Average GC time (220.07 ms) is above the time for average allocation rate (1237 MB/s) to deplete free headroom (269M) (margin of error = 1.89)
[2026-04-03T02:44:09.992+0600][54.782s][info][gc,ergo     ] Free headroom: 356M (free) - 89600K (spike) - 0B (penalties) = 269M
[2026-04-03T02:44:09.992+0600][54.782s][info][gc,ergo     ] Free: 356M, Max: 512K regular, 272M humongous, Frag: 24% external, 0% internal; Reserve: 89600K, Max: 512K
[2026-04-03T02:44:09.992+0600][54.782s][info][gc,start    ] GC(35) Concurrent reset
[2026-04-03T02:44:09.992+0600][54.782s][info][gc,task     ] GC(35) Using 3 of 6 workers for concurrent reset
[2026-04-03T02:44:09.992+0600][54.782s][info][gc,ergo     ] GC(35) Pacer for Reset. Non-Taxable: 1750M
[2026-04-03T02:44:09.996+0600][54.785s][info][gc          ] GC(35) Concurrent reset 3.643ms
[2026-04-03T02:44:09.996+0600][54.786s][info][gc,start    ] GC(35) Pause Init Mark (unload classes)
[2026-04-03T02:44:09.996+0600][54.786s][info][gc,task     ] GC(35) Using 6 of 6 workers for init marking
[2026-04-03T02:44:09.997+0600][54.786s][info][gc,ergo     ] GC(35) Pacer for Mark. Expected Live: 94075K, Free: 355M, Non-Taxable: 36380K, Alloc Tax Rate: 0.3x
[2026-04-03T02:44:09.997+0600][54.786s][info][gc          ] GC(35) Pause Init Mark (unload classes) 0.208ms
[2026-04-03T02:44:09.997+0600][54.786s][info][gc,start    ] GC(35) Concurrent marking roots
[2026-04-03T02:44:09.997+0600][54.786s][info][gc,task     ] GC(35) Using 3 of 6 workers for concurrent marking roots
[2026-04-03T02:44:09.998+0600][54.788s][info][gc          ] GC(35) Concurrent marking roots 1.401ms
[2026-04-03T02:44:09.998+0600][54.788s][info][gc,start    ] GC(35) Concurrent marking (unload classes)
[2026-04-03T02:44:09.998+0600][54.788s][info][gc,task     ] GC(35) Using 3 of 6 workers for concurrent marking
[2026-04-03T02:44:10.064+0600][54.853s][info][gc          ] GC(35) Concurrent marking (unload classes) 65.481ms
[2026-04-03T02:44:10.064+0600][54.853s][info][gc,start    ] GC(35) Pause Final Mark (unload classes)
[2026-04-03T02:44:10.064+0600][54.853s][info][gc,task     ] GC(35) Using 6 of 6 workers for final marking
[2026-04-03T02:44:10.064+0600][54.854s][info][gc,ergo     ] GC(35) Adaptive CSet Selection. Target Free: 247M, Actual Free: 1234M, Max CSet: 74666K, Min Garbage: 0B
[2026-04-03T02:44:10.065+0600][54.854s][info][gc,ergo     ] GC(35) Collectable Garbage: 1096M (99%), Immediate: 845M (76%), CSet: 250M (22%)
[2026-04-03T02:44:10.065+0600][54.854s][info][gc,ergo     ] GC(35) Pacer for Evacuation. Used CSet: 260M, Free: 1260M, Non-Taxable: 126M, Alloc Tax Rate: 1.1x
[2026-04-03T02:44:10.065+0600][54.854s][info][gc          ] GC(35) Pause Final Mark (unload classes) 0.922ms
[2026-04-03T02:44:10.065+0600][54.854s][info][gc,start    ] GC(35) Concurrent thread roots
[2026-04-03T02:44:10.065+0600][54.854s][info][gc,task     ] GC(35) Using 3 of 6 workers for Concurrent thread roots
[2026-04-03T02:44:10.066+0600][54.855s][info][gc          ] GC(35) Concurrent thread roots 1.080ms
[2026-04-03T02:44:10.066+0600][54.855s][info][gc,start    ] GC(35) Concurrent weak references
[2026-04-03T02:44:10.066+0600][54.855s][info][gc,task     ] GC(35) Using 3 of 6 workers for concurrent weak references
[2026-04-03T02:44:10.067+0600][54.856s][info][gc,ref      ] GC(35) Encountered references: Soft: 3787, Weak: 16012, Final: 84, Phantom: 621
[2026-04-03T02:44:10.067+0600][54.856s][info][gc,ref      ] GC(35) Discovered  references: Soft: 0, Weak: 9056, Final: 80, Phantom: 523
[2026-04-03T02:44:10.067+0600][54.856s][info][gc,ref      ] GC(35) Enqueued    references: Soft: 0, Weak: 632, Final: 0, Phantom: 0
[2026-04-03T02:44:10.067+0600][54.856s][info][gc          ] GC(35) Concurrent weak references 0.921ms
[2026-04-03T02:44:10.067+0600][54.856s][info][gc,start    ] GC(35) Concurrent weak roots
[2026-04-03T02:44:10.067+0600][54.856s][info][gc,task     ] GC(35) Using 3 of 6 workers for concurrent weak root
[2026-04-03T02:44:10.073+0600][54.862s][info][gc          ] GC(35) Concurrent weak roots 5.752ms
[2026-04-03T02:44:10.073+0600][54.862s][info][gc,start    ] GC(35) Concurrent cleanup
[2026-04-03T02:44:10.074+0600][54.863s][info][gc          ] GC(35) Concurrent cleanup 1243M->398M(1399M) 1.063ms
[2026-04-03T02:44:10.074+0600][54.863s][info][gc,ergo     ] GC(35) Free: 1254M, Max: 512K regular, 274M humongous, Frag: 79% external, 0% internal; Reserve: 88826K, Max: 512K
[2026-04-03T02:44:10.074+0600][54.863s][info][gc,start    ] GC(35) Concurrent class unloading
[2026-04-03T02:44:10.074+0600][54.863s][info][gc,task     ] GC(35) Using 3 of 6 workers for concurrent class unloading
[2026-04-03T02:44:10.094+0600][54.883s][info][gc          ] GC(35) Concurrent class unloading 19.644ms
[2026-04-03T02:44:10.094+0600][54.883s][info][gc,start    ] GC(35) Concurrent strong roots
[2026-04-03T02:44:10.094+0600][54.883s][info][gc,task     ] GC(35) Using 3 of 6 workers for concurrent strong root
[2026-04-03T02:44:10.095+0600][54.884s][info][gc          ] GC(35) Concurrent strong roots 1.416ms
[2026-04-03T02:44:10.095+0600][54.884s][info][gc,start    ] GC(35) Concurrent evacuation
[2026-04-03T02:44:10.095+0600][54.885s][info][gc,task     ] GC(35) Using 3 of 6 workers for concurrent evacuation
[2026-04-03T02:44:10.102+0600][54.891s][info][gc          ] GC(35) Concurrent evacuation 6.608ms
[2026-04-03T02:44:10.102+0600][54.891s][info][gc,start    ] GC(35) Pause Init Update Refs
[2026-04-03T02:44:10.102+0600][54.892s][info][gc,ergo     ] GC(35) Pacer for Update Refs. Used: 421M, Free: 1242M, Non-Taxable: 124M, Alloc Tax Rate: 1.1x
[2026-04-03T02:44:10.102+0600][54.892s][info][gc          ] GC(35) Pause Init Update Refs 0.141ms
[2026-04-03T02:44:10.102+0600][54.892s][info][gc,start    ] GC(35) Concurrent update references
[2026-04-03T02:44:10.102+0600][54.892s][info][gc,task     ] GC(35) Using 3 of 6 workers for concurrent reference update
[2026-04-03T02:44:10.155+0600][54.945s][info][gc          ] GC(35) Concurrent update references 53.065ms
[2026-04-03T02:44:10.156+0600][54.945s][info][gc,start    ] GC(35) Concurrent update thread roots
[2026-04-03T02:44:10.157+0600][54.947s][info][gc          ] GC(35) Concurrent update thread roots 1.959ms
[2026-04-03T02:44:10.158+0600][54.947s][info][gc,start    ] GC(35) Pause Final Update Refs
[2026-04-03T02:44:10.158+0600][54.947s][info][gc,task     ] GC(35) Using 6 of 6 workers for final reference update
[2026-04-03T02:44:10.158+0600][54.947s][info][gc          ] GC(35) Pause Final Update Refs 0.216ms
[2026-04-03T02:44:10.158+0600][54.948s][info][gc,start    ] GC(35) Concurrent cleanup
[2026-04-03T02:44:10.159+0600][54.948s][info][gc          ] GC(35) Concurrent cleanup 459M->199M(1400M) 0.755ms
[2026-04-03T02:44:10.159+0600][54.948s][info][gc,ergo     ] Free: 1449M, Max: 512K regular, 848M humongous, Frag: 42% external, 0% internal; Reserve: 89600K, Max: 512K
[2026-04-03T02:44:10.159+0600][54.948s][info][gc,stats    ] 
[2026-04-03T02:44:10.159+0600][54.948s][info][gc,stats    ] All times are wall-clock times, except per-root-class counters, that are sum over
[2026-04-03T02:44:10.159+0600][54.948s][info][gc,stats    ] all workers. Dividing the <total> over the root stage time estimates parallelism.
[2026-04-03T02:44:10.159+0600][54.948s][info][gc,stats    ] 
[2026-04-03T02:44:10.159+0600][54.948s][info][gc,stats    ] Concurrent Reset                   3696 us
[2026-04-03T02:44:10.159+0600][54.948s][info][gc,stats    ] Pause Init Mark (G)                 700 us
[2026-04-03T02:44:10.159+0600][54.948s][info][gc,stats    ] Pause Init Mark (N)                 239 us
[2026-04-03T02:44:10.159+0600][54.948s][info][gc,stats    ]   Update Region States               66 us
[2026-04-03T02:44:10.159+0600][54.948s][info][gc,stats    ] Concurrent Mark Roots              1437 us, parallelism: 1.91x
[2026-04-03T02:44:10.159+0600][54.948s][info][gc,stats    ]   CMR: <total>                     2740 us
[2026-04-03T02:44:10.159+0600][54.949s][info][gc,stats    ]   CMR: Thread Roots                2444 us, workers (us): 658, 882, 905, ---, ---, ---, 
[2026-04-03T02:44:10.159+0600][54.949s][info][gc,stats    ]   CMR: VM Strong Roots               57 us, workers (us):  23,  17,  17, ---, ---, ---, 
[2026-04-03T02:44:10.159+0600][54.949s][info][gc,stats    ]   CMR: CLDG Roots                   238 us, workers (us): 238, ---, ---, ---, ---, ---, 
[2026-04-03T02:44:10.159+0600][54.949s][info][gc,stats    ] Concurrent Marking                65578 us
[2026-04-03T02:44:10.159+0600][54.949s][info][gc,stats    ] Pause Final Mark (G)               1048 us
[2026-04-03T02:44:10.159+0600][54.949s][info][gc,stats    ] Pause Final Mark (N)                936 us
[2026-04-03T02:44:10.159+0600][54.949s][info][gc,stats    ]   Finish Mark                       376 us
[2026-04-03T02:44:10.159+0600][54.949s][info][gc,stats    ]   Update Region States               62 us
[2026-04-03T02:44:10.159+0600][54.949s][info][gc,stats    ]   Choose Collection Set             314 us
[2026-04-03T02:44:10.159+0600][54.949s][info][gc,stats    ]   Rebuild Free Set                   57 us
[2026-04-03T02:44:10.159+0600][54.949s][info][gc,stats    ] Concurrent Thread Roots            1130 us, parallelism: 2.36x
[2026-04-03T02:44:10.159+0600][54.949s][info][gc,stats    ]   CTR: <total>                     2664 us
[2026-04-03T02:44:10.159+0600][54.949s][info][gc,stats    ]   CTR: Thread Roots                2664 us, workers (us): 919, 870, 876, ---, ---, ---, 
[2026-04-03T02:44:10.159+0600][54.949s][info][gc,stats    ] Concurrent Weak References          933 us, parallelism: 1.03x
[2026-04-03T02:44:10.159+0600][54.949s][info][gc,stats    ]   CWRF: <total>                     957 us
[2026-04-03T02:44:10.159+0600][54.949s][info][gc,stats    ]   CWRF: Weak References             957 us, workers (us): 676,  20, 261, ---, ---, ---, 
[2026-04-03T02:44:10.159+0600][54.949s][info][gc,stats    ] Concurrent Weak Roots              5833 us
[2026-04-03T02:44:10.159+0600][54.949s][info][gc,stats    ]   Roots                            5461 us, parallelism: 2.75x
[2026-04-03T02:44:10.159+0600][54.949s][info][gc,stats    ]     CWR: <total>                  15007 us
[2026-04-03T02:44:10.159+0600][54.949s][info][gc,stats    ]     CWR: Code Cache Roots         11985 us, workers (us): 3854, 4083, 4048, ---, ---, ---, 
[2026-04-03T02:44:10.159+0600][54.949s][info][gc,stats    ]     CWR: VM Weak Roots             2804 us, workers (us): 930, 933, 941, ---, ---, ---, 
[2026-04-03T02:44:10.159+0600][54.949s][info][gc,stats    ]     CWR: CLDG Roots                 217 us, workers (us): 217, ---, ---, ---, ---, ---, 
[2026-04-03T02:44:10.159+0600][54.949s][info][gc,stats    ]   Rendezvous                        267 us
[2026-04-03T02:44:10.159+0600][54.949s][info][gc,stats    ] Concurrent Cleanup                 1095 us
[2026-04-03T02:44:10.159+0600][54.949s][info][gc,stats    ] Concurrent Class Unloading        19728 us
[2026-04-03T02:44:10.159+0600][54.949s][info][gc,stats    ]   Unlink Stale                    16244 us
[2026-04-03T02:44:10.159+0600][54.949s][info][gc,stats    ]     System Dictionary               295 us
[2026-04-03T02:44:10.159+0600][54.949s][info][gc,stats    ]     Weak Class Links                  0 us
[2026-04-03T02:44:10.159+0600][54.949s][info][gc,stats    ]     Code Roots                    15945 us
[2026-04-03T02:44:10.159+0600][54.949s][info][gc,stats    ]   Rendezvous                        419 us
[2026-04-03T02:44:10.159+0600][54.949s][info][gc,stats    ]   Purge Unlinked                   2945 us
[2026-04-03T02:44:10.159+0600][54.949s][info][gc,stats    ]     Code Roots                     2928 us
[2026-04-03T02:44:10.159+0600][54.949s][info][gc,stats    ]     CLDG                             15 us
[2026-04-03T02:44:10.160+0600][54.949s][info][gc,stats    ]     Exception Caches                  0 us
[2026-04-03T02:44:10.160+0600][54.949s][info][gc,stats    ] Concurrent Strong Roots            1513 us, parallelism: 0.64x
[2026-04-03T02:44:10.160+0600][54.949s][info][gc,stats    ]   CSR: <total>                      963 us
[2026-04-03T02:44:10.160+0600][54.949s][info][gc,stats    ]   CSR: VM Strong Roots               56 us, workers (us):  55,   2,   0, ---, ---, ---, 
[2026-04-03T02:44:10.160+0600][54.949s][info][gc,stats    ]   CSR: CLDG Roots                   907 us, workers (us): 907, ---, ---, ---, ---, ---, 
[2026-04-03T02:44:10.160+0600][54.949s][info][gc,stats    ] Concurrent Evacuation              6761 us
[2026-04-03T02:44:10.160+0600][54.949s][info][gc,stats    ] Pause Init Update Refs (G)          463 us
[2026-04-03T02:44:10.160+0600][54.949s][info][gc,stats    ] Pause Init Update Refs (N)          156 us
[2026-04-03T02:44:10.160+0600][54.949s][info][gc,stats    ]   Manage GCLABs                      38 us
[2026-04-03T02:44:10.160+0600][54.949s][info][gc,stats    ] Concurrent Update Refs            53164 us
[2026-04-03T02:44:10.160+0600][54.949s][info][gc,stats    ] Concurrent Update Thread Roots     2031 us
[2026-04-03T02:44:10.160+0600][54.949s][info][gc,stats    ] Pause Final Update Refs (G)         577 us
[2026-04-03T02:44:10.160+0600][54.949s][info][gc,stats    ] Pause Final Update Refs (N)         233 us
[2026-04-03T02:44:10.160+0600][54.949s][info][gc,stats    ]   Update Region States               65 us
[2026-04-03T02:44:10.160+0600][54.949s][info][gc,stats    ]   Trash Collection Set               23 us
[2026-04-03T02:44:10.160+0600][54.949s][info][gc,stats    ]   Rebuild Free Set                   55 us
[2026-04-03T02:44:10.160+0600][54.949s][info][gc,stats    ] Concurrent Cleanup                  789 us
[2026-04-03T02:44:10.160+0600][54.949s][info][gc,stats    ] Pacing                            53758 us
[2026-04-03T02:44:10.160+0600][54.949s][info][gc,stats    ] 
[2026-04-03T02:44:10.160+0600][54.949s][info][gc,stats    ] Allocation pacing accrued:
[2026-04-03T02:44:10.160+0600][54.949s][info][gc,stats    ]      10 of   991 ms (  1.0%): Executor task launch worker for task 3.0 in stage 1827.0 (TID 3444)
[2026-04-03T02:44:10.160+0600][54.949s][info][gc,stats    ]      11 of   991 ms (  1.1%): Executor task launch worker for task 6.0 in stage 1827.0 (TID 3447)
[2026-04-03T02:44:10.160+0600][54.949s][info][gc,stats    ]      10 of   991 ms (  1.0%): Executor task launch worker for task 1.0 in stage 1827.0 (TID 3442)
[2026-04-03T02:44:10.160+0600][54.949s][info][gc,stats    ]      11 of   991 ms (  1.1%): task-result-getter-0
[2026-04-03T02:44:10.160+0600][54.949s][info][gc,stats    ]      11 of   991 ms (  1.1%): task-result-getter-3
[2026-04-03T02:44:10.160+0600][54.949s][info][gc,stats    ]      54 of   991 ms (  5.4%): <total>
[2026-04-03T02:44:10.160+0600][54.949s][info][gc,stats    ]       0 of   991 ms (  0.0%): <average total>
[2026-04-03T02:44:10.160+0600][54.949s][info][gc,stats    ]      11 of   991 ms (  1.1%): <average non-zero>
[2026-04-03T02:44:10.160+0600][54.949s][info][gc,stats    ] 
[2026-04-03T02:44:10.160+0600][54.949s][info][gc,metaspace] Metaspace: 131156K(132672K)->131159K(132672K) NonClass: 114675K(115520K)->114678K(115520K) Class: 16481K(17152K)->16481K(17152K)
[2026-04-03T02:44:10.160+0600][54.949s][info][gc,ergo     ] Pacer for Idle. Initial: 35840K, Alloc Tax Rate: 1.0x
[2026-04-03T02:44:11.225+0600][56.014s][info][gc          ] Trigger: Average GC time (205.90 ms) is above the time for average allocation rate (1243 MB/s) to deplete free headroom (255M) (margin of error = 1.88)
[2026-04-03T02:44:11.225+0600][56.014s][info][gc,ergo     ] Free headroom: 342M (free) - 89600K (spike) - 0B (penalties) = 255M
[2026-04-03T02:44:11.225+0600][56.014s][info][gc,ergo     ] Free: 342M, Max: 512K regular, 302M humongous, Frag: 12% external, 0% internal; Reserve: 89600K, Max: 512K
[2026-04-03T02:44:11.225+0600][56.014s][info][gc,start    ] GC(36) Concurrent reset
[2026-04-03T02:44:11.225+0600][56.014s][info][gc,task     ] GC(36) Using 3 of 6 workers for concurrent reset
[2026-04-03T02:44:11.225+0600][56.014s][info][gc,ergo     ] GC(36) Pacer for Reset. Non-Taxable: 1750M
[2026-04-03T02:44:11.230+0600][56.020s][info][gc          ] GC(36) Concurrent reset 5.396ms
[2026-04-03T02:44:11.231+0600][56.020s][info][gc,start    ] GC(36) Pause Init Mark (unload classes)
[2026-04-03T02:44:11.231+0600][56.020s][info][gc,task     ] GC(36) Using 6 of 6 workers for init marking
[2026-04-03T02:44:11.231+0600][56.020s][info][gc,ergo     ] GC(36) Pacer for Mark. Expected Live: 94003K, Free: 337M, Non-Taxable: 34512K, Alloc Tax Rate: 0.3x
[2026-04-03T02:44:11.231+0600][56.020s][info][gc          ] GC(36) Pause Init Mark (unload classes) 0.201ms
[2026-04-03T02:44:11.231+0600][56.020s][info][gc,start    ] GC(36) Concurrent marking roots
[2026-04-03T02:44:11.231+0600][56.020s][info][gc,task     ] GC(36) Using 3 of 6 workers for concurrent marking roots
[2026-04-03T02:44:11.233+0600][56.022s][info][gc          ] GC(36) Concurrent marking roots 2.033ms
[2026-04-03T02:44:11.233+0600][56.022s][info][gc,start    ] GC(36) Concurrent marking (unload classes)
[2026-04-03T02:44:11.233+0600][56.022s][info][gc,task     ] GC(36) Using 3 of 6 workers for concurrent marking
[2026-04-03T02:44:11.306+0600][56.095s][info][gc          ] GC(36) Concurrent marking (unload classes) 73.010ms
[2026-04-03T02:44:11.306+0600][56.095s][info][gc,start    ] GC(36) Pause Final Mark (unload classes)
[2026-04-03T02:44:11.306+0600][56.095s][info][gc,task     ] GC(36) Using 6 of 6 workers for final marking
[2026-04-03T02:44:11.306+0600][56.096s][info][gc,ergo     ] GC(36) Adaptive CSet Selection. Target Free: 247M, Actual Free: 1255M, Max CSet: 74666K, Min Garbage: 0B
[2026-04-03T02:44:11.307+0600][56.096s][info][gc,ergo     ] GC(36) Collectable Garbage: 1110M (99%), Immediate: 881M (78%), CSet: 228M (20%)
[2026-04-03T02:44:11.307+0600][56.096s][info][gc,ergo     ] GC(36) Pacer for Evacuation. Used CSet: 236M, Free: 1283M, Non-Taxable: 128M, Alloc Tax Rate: 1.1x
[2026-04-03T02:44:11.307+0600][56.096s][info][gc          ] GC(36) Pause Final Mark (unload classes) 0.750ms
[2026-04-03T02:44:11.307+0600][56.096s][info][gc,start    ] GC(36) Concurrent thread roots
[2026-04-03T02:44:11.307+0600][56.096s][info][gc,task     ] GC(36) Using 3 of 6 workers for Concurrent thread roots
[2026-04-03T02:44:11.308+0600][56.097s][info][gc          ] GC(36) Concurrent thread roots 1.162ms
[2026-04-03T02:44:11.308+0600][56.097s][info][gc,start    ] GC(36) Concurrent weak references
[2026-04-03T02:44:11.308+0600][56.097s][info][gc,task     ] GC(36) Using 3 of 6 workers for concurrent weak references
[2026-04-03T02:44:11.309+0600][56.099s][info][gc,ref      ] GC(36) Encountered references: Soft: 3792, Weak: 17229, Final: 84, Phantom: 620
[2026-04-03T02:44:11.310+0600][56.099s][info][gc,ref      ] GC(36) Discovered  references: Soft: 0, Weak: 9955, Final: 0, Phantom: 221
[2026-04-03T02:44:11.310+0600][56.099s][info][gc,ref      ] GC(36) Enqueued    references: Soft: 0, Weak: 1635, Final: 0, Phantom: 0
[2026-04-03T02:44:11.310+0600][56.099s][info][gc          ] GC(36) Concurrent weak references 1.461ms
[2026-04-03T02:44:11.310+0600][56.099s][info][gc,start    ] GC(36) Concurrent weak roots
[2026-04-03T02:44:11.310+0600][56.099s][info][gc,task     ] GC(36) Using 3 of 6 workers for concurrent weak root
[2026-04-03T02:44:11.316+0600][56.106s][info][gc          ] GC(36) Concurrent weak roots 6.901ms
[2026-04-03T02:44:11.317+0600][56.106s][info][gc,start    ] GC(36) Concurrent cleanup
[2026-04-03T02:44:11.318+0600][56.107s][info][gc          ] GC(36) Concurrent cleanup 1265M->384M(1402M) 1.406ms
[2026-04-03T02:44:11.318+0600][56.107s][info][gc,ergo     ] GC(36) Free: 1268M, Max: 512K regular, 273M humongous, Frag: 79% external, 0% internal; Reserve: 88878K, Max: 512K
[2026-04-03T02:44:11.318+0600][56.108s][info][gc,start    ] GC(36) Concurrent class unloading
[2026-04-03T02:44:11.318+0600][56.108s][info][gc,task     ] GC(36) Using 3 of 6 workers for concurrent class unloading
[2026-04-03T02:44:11.341+0600][56.130s][info][gc          ] GC(36) Concurrent class unloading 22.437ms
[2026-04-03T02:44:11.341+0600][56.130s][info][gc,start    ] GC(36) Concurrent strong roots
[2026-04-03T02:44:11.341+0600][56.130s][info][gc,task     ] GC(36) Using 3 of 6 workers for concurrent strong root
[2026-04-03T02:44:11.344+0600][56.134s][info][gc          ] GC(36) Concurrent strong roots 3.467ms
[2026-04-03T02:44:11.345+0600][56.134s][info][gc,start    ] GC(36) Concurrent evacuation
[2026-04-03T02:44:11.345+0600][56.134s][info][gc,task     ] GC(36) Using 3 of 6 workers for concurrent evacuation
[2026-04-03T02:44:11.354+0600][56.143s][info][gc          ] GC(36) Concurrent evacuation 8.848ms
[2026-04-03T02:44:11.354+0600][56.144s][info][gc,start    ] GC(36) Pause Init Update Refs
[2026-04-03T02:44:11.355+0600][56.144s][info][gc,ergo     ] GC(36) Pacer for Update Refs. Used: 410M, Free: 1250M, Non-Taxable: 125M, Alloc Tax Rate: 1.1x
[2026-04-03T02:44:11.355+0600][56.144s][info][gc          ] GC(36) Pause Init Update Refs 0.167ms
[2026-04-03T02:44:11.355+0600][56.144s][info][gc,start    ] GC(36) Concurrent update references
[2026-04-03T02:44:11.355+0600][56.144s][info][gc,task     ] GC(36) Using 3 of 6 workers for concurrent reference update
[2026-04-03T02:44:11.412+0600][56.201s][info][gc          ] GC(36) Concurrent update references 57.343ms
[2026-04-03T02:44:11.412+0600][56.202s][info][gc,start    ] GC(36) Concurrent update thread roots
[2026-04-03T02:44:11.414+0600][56.203s][info][gc          ] GC(36) Concurrent update thread roots 1.758ms
[2026-04-03T02:44:11.414+0600][56.204s][info][gc,start    ] GC(36) Pause Final Update Refs
[2026-04-03T02:44:11.414+0600][56.204s][info][gc,task     ] GC(36) Using 6 of 6 workers for final reference update
[2026-04-03T02:44:11.415+0600][56.204s][info][gc          ] GC(36) Pause Final Update Refs 0.248ms
[2026-04-03T02:44:11.418+0600][56.207s][info][gc,start    ] GC(36) Concurrent cleanup
[2026-04-03T02:44:11.419+0600][56.208s][info][gc          ] GC(36) Concurrent cleanup 453M->220M(1402M) 0.825ms
[2026-04-03T02:44:11.419+0600][56.208s][info][gc,ergo     ] Free: 1426M, Max: 512K regular, 925M humongous, Frag: 36% external, 0% internal; Reserve: 89600K, Max: 512K
[2026-04-03T02:44:11.419+0600][56.208s][info][gc,stats    ] 
[2026-04-03T02:44:11.419+0600][56.208s][info][gc,stats    ] All times are wall-clock times, except per-root-class counters, that are sum over
[2026-04-03T02:44:11.419+0600][56.208s][info][gc,stats    ] all workers. Dividing the <total> over the root stage time estimates parallelism.
[2026-04-03T02:44:11.419+0600][56.208s][info][gc,stats    ] 
[2026-04-03T02:44:11.419+0600][56.208s][info][gc,stats    ] Concurrent Reset                   5447 us
[2026-04-03T02:44:11.419+0600][56.208s][info][gc,stats    ] Pause Init Mark (G)                 492 us
[2026-04-03T02:44:11.419+0600][56.208s][info][gc,stats    ] Pause Init Mark (N)                 211 us
[2026-04-03T02:44:11.419+0600][56.208s][info][gc,stats    ]   Update Region States               44 us
[2026-04-03T02:44:11.419+0600][56.208s][info][gc,stats    ] Concurrent Mark Roots              2084 us, parallelism: 2.01x
[2026-04-03T02:44:11.419+0600][56.208s][info][gc,stats    ]   CMR: <total>                     4195 us
[2026-04-03T02:44:11.419+0600][56.208s][info][gc,stats    ]   CMR: Thread Roots                3678 us, workers (us): 1081, 1547, 1050, ---, ---, ---, 
[2026-04-03T02:44:11.419+0600][56.208s][info][gc,stats    ]   CMR: VM Strong Roots               68 us, workers (us):  51,  16,   1, ---, ---, ---, 
[2026-04-03T02:44:11.419+0600][56.208s][info][gc,stats    ]   CMR: CLDG Roots                   449 us, workers (us): 449, ---, ---, ---, ---, ---, 
[2026-04-03T02:44:11.419+0600][56.208s][info][gc,stats    ] Concurrent Marking                73094 us
[2026-04-03T02:44:11.419+0600][56.208s][info][gc,stats    ] Pause Final Mark (G)                919 us
[2026-04-03T02:44:11.419+0600][56.208s][info][gc,stats    ] Pause Final Mark (N)                764 us
[2026-04-03T02:44:11.419+0600][56.208s][info][gc,stats    ]   Finish Mark                       208 us
[2026-04-03T02:44:11.419+0600][56.208s][info][gc,stats    ]   Update Region States               67 us
[2026-04-03T02:44:11.419+0600][56.208s][info][gc,stats    ]   Choose Collection Set             319 us
[2026-04-03T02:44:11.419+0600][56.208s][info][gc,stats    ]   Rebuild Free Set                   56 us
[2026-04-03T02:44:11.419+0600][56.208s][info][gc,stats    ] Concurrent Thread Roots            1194 us, parallelism: 2.49x
[2026-04-03T02:44:11.419+0600][56.208s][info][gc,stats    ]   CTR: <total>                     2970 us
[2026-04-03T02:44:11.419+0600][56.208s][info][gc,stats    ]   CTR: Thread Roots                2970 us, workers (us): 1000, 1006, 965, ---, ---, ---, 
[2026-04-03T02:44:11.419+0600][56.208s][info][gc,stats    ] Concurrent Weak References         1474 us, parallelism: 1.04x
[2026-04-03T02:44:11.419+0600][56.208s][info][gc,stats    ]   CWRF: <total>                    1528 us
[2026-04-03T02:44:11.419+0600][56.208s][info][gc,stats    ]   CWRF: Weak References            1528 us, workers (us): 312,  66, 1150, ---, ---, ---, 
[2026-04-03T02:44:11.419+0600][56.208s][info][gc,stats    ] Concurrent Weak Roots              6996 us
[2026-04-03T02:44:11.419+0600][56.208s][info][gc,stats    ]   Roots                            6215 us, parallelism: 2.79x
[2026-04-03T02:44:11.419+0600][56.208s][info][gc,stats    ]     CWR: <total>                  17351 us
[2026-04-03T02:44:11.419+0600][56.209s][info][gc,stats    ]     CWR: Code Cache Roots         13760 us, workers (us): 4671, 4429, 4660, ---, ---, ---, 
[2026-04-03T02:44:11.419+0600][56.209s][info][gc,stats    ]     CWR: VM Weak Roots             3336 us, workers (us): 1134, 1119, 1083, ---, ---, ---, 
[2026-04-03T02:44:11.419+0600][56.209s][info][gc,stats    ]     CWR: CLDG Roots                 255 us, workers (us): ---, 255, ---, ---, ---, ---, 
[2026-04-03T02:44:11.419+0600][56.209s][info][gc,stats    ]   Rendezvous                        662 us
[2026-04-03T02:44:11.419+0600][56.209s][info][gc,stats    ] Concurrent Cleanup                 1478 us
[2026-04-03T02:44:11.419+0600][56.209s][info][gc,stats    ] Concurrent Class Unloading        22684 us
[2026-04-03T02:44:11.419+0600][56.209s][info][gc,stats    ]   Unlink Stale                    17303 us
[2026-04-03T02:44:11.419+0600][56.209s][info][gc,stats    ]     System Dictionary               366 us
[2026-04-03T02:44:11.419+0600][56.209s][info][gc,stats    ]     Weak Class Links                  1 us
[2026-04-03T02:44:11.419+0600][56.209s][info][gc,stats    ]     Code Roots                    16933 us
[2026-04-03T02:44:11.419+0600][56.209s][info][gc,stats    ]   Rendezvous                        692 us
[2026-04-03T02:44:11.419+0600][56.209s][info][gc,stats    ]   Purge Unlinked                   4391 us
[2026-04-03T02:44:11.419+0600][56.209s][info][gc,stats    ]     Code Roots                     4346 us
[2026-04-03T02:44:11.419+0600][56.209s][info][gc,stats    ]     CLDG                             42 us
[2026-04-03T02:44:11.419+0600][56.209s][info][gc,stats    ]     Exception Caches                  1 us
[2026-04-03T02:44:11.419+0600][56.209s][info][gc,stats    ] Concurrent Strong Roots            3986 us, parallelism: 0.74x
[2026-04-03T02:44:11.419+0600][56.209s][info][gc,stats    ]   CSR: <total>                     2940 us
[2026-04-03T02:44:11.419+0600][56.209s][info][gc,stats    ]   CSR: VM Strong Roots               69 us, workers (us):  67,   2,   0, ---, ---, ---, 
[2026-04-03T02:44:11.419+0600][56.209s][info][gc,stats    ]   CSR: CLDG Roots                  2871 us, workers (us): 2871, ---, ---, ---, ---, ---, 
[2026-04-03T02:44:11.419+0600][56.209s][info][gc,stats    ] Concurrent Evacuation              8999 us
[2026-04-03T02:44:11.419+0600][56.209s][info][gc,stats    ] Pause Init Update Refs (G)          899 us
[2026-04-03T02:44:11.419+0600][56.209s][info][gc,stats    ] Pause Init Update Refs (N)          184 us
[2026-04-03T02:44:11.419+0600][56.209s][info][gc,stats    ]   Manage GCLABs                      81 us
[2026-04-03T02:44:11.419+0600][56.209s][info][gc,stats    ] Concurrent Update Refs            57465 us
[2026-04-03T02:44:11.419+0600][56.209s][info][gc,stats    ] Concurrent Update Thread Roots     1844 us
[2026-04-03T02:44:11.419+0600][56.209s][info][gc,stats    ] Pause Final Update Refs (G)        3668 us
[2026-04-03T02:44:11.419+0600][56.209s][info][gc,stats    ] Pause Final Update Refs (N)         267 us
[2026-04-03T02:44:11.419+0600][56.209s][info][gc,stats    ]   Update Region States               69 us
[2026-04-03T02:44:11.419+0600][56.209s][info][gc,stats    ]   Trash Collection Set               23 us
[2026-04-03T02:44:11.419+0600][56.209s][info][gc,stats    ]   Rebuild Free Set                   56 us
[2026-04-03T02:44:11.420+0600][56.209s][info][gc,stats    ] Concurrent Cleanup                  875 us
[2026-04-03T02:44:11.420+0600][56.209s][info][gc,stats    ] Pacing                            69920 us
[2026-04-03T02:44:11.420+0600][56.209s][info][gc,stats    ] 
[2026-04-03T02:44:11.420+0600][56.209s][info][gc,stats    ] Allocation pacing accrued:
[2026-04-03T02:44:11.420+0600][56.209s][info][gc,stats    ]      10 of  1260 ms (  0.8%): Executor task launch worker for task 2.0 in stage 1882.0 (TID 3643)
[2026-04-03T02:44:11.420+0600][56.209s][info][gc,stats    ]      10 of  1260 ms (  0.8%): Executor task launch worker for task 4.0 in stage 1882.0 (TID 3645)
[2026-04-03T02:44:11.420+0600][56.209s][info][gc,stats    ]      10 of  1260 ms (  0.8%): Executor task launch worker for task 6.0 in stage 1882.0 (TID 3647)
[2026-04-03T02:44:11.420+0600][56.209s][info][gc,stats    ]      10 of  1260 ms (  0.8%): Executor task launch worker for task 5.0 in stage 1882.0 (TID 3646)
[2026-04-03T02:44:11.420+0600][56.209s][info][gc,stats    ]      10 of  1260 ms (  0.8%): Executor task launch worker for task 0.0 in stage 1882.0 (TID 3641)
[2026-04-03T02:44:11.420+0600][56.209s][info][gc,stats    ]      10 of  1260 ms (  0.8%): Executor task launch worker for task 1.0 in stage 1882.0 (TID 3642)
[2026-04-03T02:44:11.420+0600][56.209s][info][gc,stats    ]      10 of  1260 ms (  0.8%): Executor task launch worker for task 7.0 in stage 1882.0 (TID 3648)
[2026-04-03T02:44:11.420+0600][56.209s][info][gc,stats    ]      70 of  1260 ms (  5.6%): <total>
[2026-04-03T02:44:11.420+0600][56.209s][info][gc,stats    ]       0 of  1260 ms (  0.0%): <average total>
[2026-04-03T02:44:11.420+0600][56.209s][info][gc,stats    ]      10 of  1260 ms (  0.8%): <average non-zero>
[2026-04-03T02:44:11.420+0600][56.209s][info][gc,stats    ] 
[2026-04-03T02:44:11.420+0600][56.209s][info][gc,metaspace] Metaspace: 131208K(132672K)->131225K(132672K) NonClass: 114723K(115520K)->114739K(115520K) Class: 16484K(17152K)->16485K(17152K)
[2026-04-03T02:44:11.420+0600][56.209s][info][gc,ergo     ] Pacer for Idle. Initial: 35840K, Alloc Tax Rate: 1.0x
[2026-04-03T02:44:12.125+0600][56.915s][info][gc          ] Trigger: Average GC time (212.04 ms) is above the time for average allocation rate (2446 MB/s) to deplete free headroom (355M) (margin of error = 1.88)
[2026-04-03T02:44:12.126+0600][56.915s][info][gc,ergo     ] Free headroom: 443M (free) - 89600K (spike) - 0B (penalties) = 355M
[2026-04-03T02:44:12.126+0600][56.915s][info][gc,ergo     ] Free: 438M, Max: 512K regular, 270M humongous, Frag: 39% external, 0% internal; Reserve: 89600K, Max: 512K
[2026-04-03T02:44:12.126+0600][56.915s][info][gc,start    ] GC(37) Concurrent reset
[2026-04-03T02:44:12.126+0600][56.915s][info][gc,task     ] GC(37) Using 3 of 6 workers for concurrent reset
[2026-04-03T02:44:12.126+0600][56.915s][info][gc,ergo     ] GC(37) Pacer for Reset. Non-Taxable: 1750M
[2026-04-03T02:44:12.129+0600][56.918s][info][gc          ] GC(37) Concurrent reset 3.392ms
[2026-04-03T02:44:12.129+0600][56.919s][info][gc,start    ] GC(37) Pause Init Mark (unload classes)
[2026-04-03T02:44:12.130+0600][56.919s][info][gc,task     ] GC(37) Using 6 of 6 workers for init marking
[2026-04-03T02:44:12.130+0600][56.919s][info][gc,ergo     ] GC(37) Pacer for Mark. Expected Live: 95188K, Free: 432M, Non-Taxable: 44335K, Alloc Tax Rate: 0.3x
[2026-04-03T02:44:12.130+0600][56.919s][info][gc          ] GC(37) Pause Init Mark (unload classes) 0.179ms
[2026-04-03T02:44:12.130+0600][56.919s][info][gc,start    ] GC(37) Concurrent marking roots
[2026-04-03T02:44:12.130+0600][56.919s][info][gc,task     ] GC(37) Using 3 of 6 workers for concurrent marking roots
[2026-04-03T02:44:12.131+0600][56.921s][info][gc          ] GC(37) Concurrent marking roots 1.590ms
[2026-04-03T02:44:12.131+0600][56.921s][info][gc,start    ] GC(37) Concurrent marking (unload classes)
[2026-04-03T02:44:12.132+0600][56.921s][info][gc,task     ] GC(37) Using 3 of 6 workers for concurrent marking
[2026-04-03T02:44:12.198+0600][56.987s][info][gc          ] GC(37) Concurrent marking (unload classes) 66.449ms
[2026-04-03T02:44:12.198+0600][56.987s][info][gc,start    ] GC(37) Pause Final Mark (unload classes)
[2026-04-03T02:44:12.198+0600][56.987s][info][gc,task     ] GC(37) Using 6 of 6 workers for final marking
[2026-04-03T02:44:12.199+0600][56.988s][info][gc,ergo     ] GC(37) Adaptive CSet Selection. Target Free: 247M, Actual Free: 1295M, Max CSet: 74666K, Min Garbage: 0B
[2026-04-03T02:44:12.199+0600][56.988s][info][gc,ergo     ] GC(37) Collectable Garbage: 1034M (99%), Immediate: 833M (80%), CSet: 200M (19%)
[2026-04-03T02:44:12.199+0600][56.988s][info][gc,ergo     ] GC(37) Pacer for Evacuation. Used CSet: 207M, Free: 1303M, Non-Taxable: 130M, Alloc Tax Rate: 1.1x
[2026-04-03T02:44:12.199+0600][56.988s][info][gc          ] GC(37) Pause Final Mark (unload classes) 0.827ms
[2026-04-03T02:44:12.199+0600][56.988s][info][gc,start    ] GC(37) Concurrent thread roots
[2026-04-03T02:44:12.199+0600][56.988s][info][gc,task     ] GC(37) Using 3 of 6 workers for Concurrent thread roots
[2026-04-03T02:44:12.200+0600][56.989s][info][gc          ] GC(37) Concurrent thread roots 1.044ms
[2026-04-03T02:44:12.200+0600][56.990s][info][gc,start    ] GC(37) Concurrent weak references
[2026-04-03T02:44:12.200+0600][56.990s][info][gc,task     ] GC(37) Using 3 of 6 workers for concurrent weak references
[2026-04-03T02:44:12.201+0600][56.990s][info][gc,ref      ] GC(37) Encountered references: Soft: 3787, Weak: 17002, Final: 84, Phantom: 621
[2026-04-03T02:44:12.201+0600][56.990s][info][gc,ref      ] GC(37) Discovered  references: Soft: 0, Weak: 4979, Final: 0, Phantom: 351
[2026-04-03T02:44:12.201+0600][56.990s][info][gc,ref      ] GC(37) Enqueued    references: Soft: 0, Weak: 2279, Final: 0, Phantom: 0
[2026-04-03T02:44:12.201+0600][56.990s][info][gc          ] GC(37) Concurrent weak references 0.847ms
[2026-04-03T02:44:12.201+0600][56.990s][info][gc,start    ] GC(37) Concurrent weak roots
[2026-04-03T02:44:12.201+0600][56.990s][info][gc,task     ] GC(37) Using 3 of 6 workers for concurrent weak root
[2026-04-03T02:44:12.205+0600][56.995s][info][gc          ] GC(37) Concurrent weak roots 4.188ms
[2026-04-03T02:44:12.205+0600][56.995s][info][gc,start    ] GC(37) Concurrent cleanup
[2026-04-03T02:44:12.206+0600][56.995s][info][gc          ] GC(37) Concurrent cleanup 1186M->352M(1402M) 0.733ms
[2026-04-03T02:44:12.206+0600][56.995s][info][gc,ergo     ] GC(37) Free: 1301M, Max: 512K regular, 275M humongous, Frag: 79% external, 0% internal; Reserve: 89021K, Max: 512K
[2026-04-03T02:44:12.206+0600][56.995s][info][gc,start    ] GC(37) Concurrent class unloading
[2026-04-03T02:44:12.206+0600][56.995s][info][gc,task     ] GC(37) Using 3 of 6 workers for concurrent class unloading
[2026-04-03T02:44:12.228+0600][57.017s][info][gc          ] GC(37) Concurrent class unloading 21.914ms
[2026-04-03T02:44:12.228+0600][57.018s][info][gc,start    ] GC(37) Concurrent strong roots
[2026-04-03T02:44:12.228+0600][57.018s][info][gc,task     ] GC(37) Using 3 of 6 workers for concurrent strong root
[2026-04-03T02:44:12.230+0600][57.020s][info][gc          ] GC(37) Concurrent strong roots 2.165ms
[2026-04-03T02:44:12.230+0600][57.020s][info][gc,start    ] GC(37) Concurrent evacuation
[2026-04-03T02:44:12.231+0600][57.020s][info][gc,task     ] GC(37) Using 3 of 6 workers for concurrent evacuation
[2026-04-03T02:44:12.238+0600][57.027s][info][gc          ] GC(37) Concurrent evacuation 7.324ms
[2026-04-03T02:44:12.239+0600][57.028s][info][gc,start    ] GC(37) Pause Init Update Refs
[2026-04-03T02:44:12.239+0600][57.028s][info][gc,ergo     ] GC(37) Pacer for Update Refs. Used: 436M, Free: 1216M, Non-Taxable: 121M, Alloc Tax Rate: 1.1x
[2026-04-03T02:44:12.239+0600][57.028s][info][gc          ] GC(37) Pause Init Update Refs 0.160ms
[2026-04-03T02:44:12.239+0600][57.029s][info][gc,start    ] GC(37) Concurrent update references
[2026-04-03T02:44:12.239+0600][57.029s][info][gc,task     ] GC(37) Using 3 of 6 workers for concurrent reference update
[2026-04-03T02:44:12.296+0600][57.086s][info][gc          ] GC(37) Concurrent update references 57.101ms
[2026-04-03T02:44:12.297+0600][57.086s][info][gc,start    ] GC(37) Concurrent update thread roots
[2026-04-03T02:44:12.299+0600][57.088s][info][gc          ] GC(37) Concurrent update thread roots 1.975ms
[2026-04-03T02:44:12.299+0600][57.088s][info][gc,start    ] GC(37) Pause Final Update Refs
[2026-04-03T02:44:12.299+0600][57.088s][info][gc,task     ] GC(37) Using 6 of 6 workers for final reference update
[2026-04-03T02:44:12.299+0600][57.089s][info][gc          ] GC(37) Pause Final Update Refs 0.281ms
[2026-04-03T02:44:12.299+0600][57.089s][info][gc,start    ] GC(37) Concurrent cleanup
[2026-04-03T02:44:12.300+0600][57.089s][info][gc          ] GC(37) Concurrent cleanup 661M->454M(1402M) 0.324ms
[2026-04-03T02:44:12.300+0600][57.089s][info][gc,ergo     ] Free: 1164M, Max: 512K regular, 436M humongous, Frag: 63% external, 0% internal; Reserve: 89600K, Max: 512K
[2026-04-03T02:44:12.300+0600][57.089s][info][gc,stats    ] 
[2026-04-03T02:44:12.300+0600][57.089s][info][gc,stats    ] All times are wall-clock times, except per-root-class counters, that are sum over
[2026-04-03T02:44:12.300+0600][57.089s][info][gc,stats    ] all workers. Dividing the <total> over the root stage time estimates parallelism.
[2026-04-03T02:44:12.300+0600][57.089s][info][gc,stats    ] 
[2026-04-03T02:44:12.300+0600][57.089s][info][gc,stats    ] Concurrent Reset                   3468 us
[2026-04-03T02:44:12.300+0600][57.089s][info][gc,stats    ] Pause Init Mark (G)                 648 us
[2026-04-03T02:44:12.300+0600][57.089s][info][gc,stats    ] Pause Init Mark (N)                 208 us
[2026-04-03T02:44:12.300+0600][57.089s][info][gc,stats    ]   Update Region States               47 us
[2026-04-03T02:44:12.300+0600][57.089s][info][gc,stats    ] Concurrent Mark Roots              1659 us, parallelism: 1.92x
[2026-04-03T02:44:12.300+0600][57.089s][info][gc,stats    ]   CMR: <total>                     3192 us
[2026-04-03T02:44:12.300+0600][57.089s][info][gc,stats    ]   CMR: Thread Roots                2714 us, workers (us): 646, 1035, 1033, ---, ---, ---, 
[2026-04-03T02:44:12.300+0600][57.089s][info][gc,stats    ]   CMR: VM Strong Roots               58 us, workers (us):  49,   9,   1, ---, ---, ---, 
[2026-04-03T02:44:12.300+0600][57.089s][info][gc,stats    ]   CMR: CLDG Roots                   420 us, workers (us): 420, ---, ---, ---, ---, ---, 
[2026-04-03T02:44:12.300+0600][57.089s][info][gc,stats    ] Concurrent Marking                66521 us
[2026-04-03T02:44:12.300+0600][57.090s][info][gc,stats    ] Pause Final Mark (G)               1019 us
[2026-04-03T02:44:12.300+0600][57.090s][info][gc,stats    ] Pause Final Mark (N)                838 us
[2026-04-03T02:44:12.300+0600][57.090s][info][gc,stats    ]   Finish Mark                       357 us
[2026-04-03T02:44:12.300+0600][57.090s][info][gc,stats    ]   Update Region States               57 us
[2026-04-03T02:44:12.300+0600][57.090s][info][gc,stats    ]   Choose Collection Set             295 us
[2026-04-03T02:44:12.300+0600][57.090s][info][gc,stats    ]   Rebuild Free Set                   47 us
[2026-04-03T02:44:12.300+0600][57.090s][info][gc,stats    ] Concurrent Thread Roots            1112 us, parallelism: 2.05x
[2026-04-03T02:44:12.300+0600][57.090s][info][gc,stats    ]   CTR: <total>                     2281 us
[2026-04-03T02:44:12.300+0600][57.090s][info][gc,stats    ]   CTR: Thread Roots                2281 us, workers (us): 809, 765, 707, ---, ---, ---, 
[2026-04-03T02:44:12.300+0600][57.090s][info][gc,stats    ] Concurrent Weak References          857 us, parallelism: 0.86x
[2026-04-03T02:44:12.300+0600][57.090s][info][gc,stats    ]   CWRF: <total>                     738 us
[2026-04-03T02:44:12.300+0600][57.090s][info][gc,stats    ]   CWRF: Weak References             738 us, workers (us): 126,  47, 565, ---, ---, ---, 
[2026-04-03T02:44:12.300+0600][57.090s][info][gc,stats    ] Concurrent Weak Roots              4259 us
[2026-04-03T02:44:12.300+0600][57.090s][info][gc,stats    ]   Roots                            3597 us, parallelism: 2.70x
[2026-04-03T02:44:12.300+0600][57.090s][info][gc,stats    ]     CWR: <total>                   9726 us
[2026-04-03T02:44:12.300+0600][57.090s][info][gc,stats    ]     CWR: Code Cache Roots          6865 us, workers (us): 2321, 2327, 2217, ---, ---, ---, 
[2026-04-03T02:44:12.300+0600][57.090s][info][gc,stats    ]     CWR: VM Weak Roots             2722 us, workers (us): 933, 912, 877, ---, ---, ---, 
[2026-04-03T02:44:12.300+0600][57.090s][info][gc,stats    ]     CWR: CLDG Roots                 140 us, workers (us): ---, ---, 140, ---, ---, ---, 
[2026-04-03T02:44:12.300+0600][57.090s][info][gc,stats    ]   Rendezvous                        570 us
[2026-04-03T02:44:12.300+0600][57.090s][info][gc,stats    ] Concurrent Cleanup                  772 us
[2026-04-03T02:44:12.300+0600][57.090s][info][gc,stats    ] Concurrent Class Unloading        22078 us
[2026-04-03T02:44:12.300+0600][57.090s][info][gc,stats    ]   Unlink Stale                    16857 us
[2026-04-03T02:44:12.300+0600][57.090s][info][gc,stats    ]     System Dictionary               271 us
[2026-04-03T02:44:12.300+0600][57.090s][info][gc,stats    ]     Weak Class Links                  0 us
[2026-04-03T02:44:12.300+0600][57.090s][info][gc,stats    ]     Code Roots                    16581 us
[2026-04-03T02:44:12.300+0600][57.090s][info][gc,stats    ]   Rendezvous                        393 us
[2026-04-03T02:44:12.300+0600][57.090s][info][gc,stats    ]   Purge Unlinked                   4622 us
[2026-04-03T02:44:12.300+0600][57.090s][info][gc,stats    ]     Code Roots                     4593 us
[2026-04-03T02:44:12.301+0600][57.090s][info][gc,stats    ]     CLDG                             26 us
[2026-04-03T02:44:12.301+0600][57.090s][info][gc,stats    ]     Exception Caches                  0 us
[2026-04-03T02:44:12.301+0600][57.090s][info][gc,stats    ] Concurrent Strong Roots            2273 us, parallelism: 0.69x
[2026-04-03T02:44:12.301+0600][57.090s][info][gc,stats    ]   CSR: <total>                     1577 us
[2026-04-03T02:44:12.301+0600][57.090s][info][gc,stats    ]   CSR: VM Strong Roots               60 us, workers (us):  59,   1,   0, ---, ---, ---, 
[2026-04-03T02:44:12.301+0600][57.090s][info][gc,stats    ]   CSR: CLDG Roots                  1517 us, workers (us): 1517, ---, ---, ---, ---, ---, 
[2026-04-03T02:44:12.301+0600][57.090s][info][gc,stats    ] Concurrent Evacuation              7452 us
[2026-04-03T02:44:12.301+0600][57.090s][info][gc,stats    ] Pause Init Update Refs (G)         1365 us
[2026-04-03T02:44:12.301+0600][57.090s][info][gc,stats    ] Pause Init Update Refs (N)          174 us
[2026-04-03T02:44:12.301+0600][57.090s][info][gc,stats    ]   Manage GCLABs                      60 us
[2026-04-03T02:44:12.301+0600][57.090s][info][gc,stats    ] Concurrent Update Refs            57213 us
[2026-04-03T02:44:12.301+0600][57.090s][info][gc,stats    ] Concurrent Update Thread Roots     2059 us
[2026-04-03T02:44:12.301+0600][57.090s][info][gc,stats    ] Pause Final Update Refs (G)         751 us
[2026-04-03T02:44:12.301+0600][57.090s][info][gc,stats    ] Pause Final Update Refs (N)         300 us
[2026-04-03T02:44:12.301+0600][57.090s][info][gc,stats    ]   Update Region States               83 us
[2026-04-03T02:44:12.301+0600][57.090s][info][gc,stats    ]   Trash Collection Set               25 us
[2026-04-03T02:44:12.301+0600][57.090s][info][gc,stats    ]   Rebuild Free Set                   54 us
[2026-04-03T02:44:12.301+0600][57.090s][info][gc,stats    ] Concurrent Cleanup                  389 us
[2026-04-03T02:44:12.301+0600][57.090s][info][gc,stats    ] 
[2026-04-03T02:44:12.301+0600][57.090s][info][gc,stats    ] Allocation pacing accrued:
[2026-04-03T02:44:12.301+0600][57.090s][info][gc,stats    ]       0 of   881 ms (  0.0%): <total>
[2026-04-03T02:44:12.301+0600][57.090s][info][gc,stats    ]       0 of   881 ms (  0.0%): <average total>
[2026-04-03T02:44:12.301+0600][57.090s][info][gc,stats    ] 
[2026-04-03T02:44:12.301+0600][57.090s][info][gc,metaspace] Metaspace: 131257K(132672K)->131264K(132672K) NonClass: 114763K(115520K)->114770K(115520K) Class: 16494K(17152K)->16494K(17152K)
[2026-04-03T02:44:12.301+0600][57.090s][info][gc,ergo     ] Pacer for Idle. Initial: 35840K, Alloc Tax Rate: 1.0x
[2026-04-03T02:44:13.120+0600][57.910s][info][gc          ] Trigger: Average GC time (201.34 ms) is above the time for average allocation rate (1245 MB/s) to deplete free headroom (246M) (margin of error = 1.90)
[2026-04-03T02:44:13.120+0600][57.910s][info][gc,ergo     ] Free headroom: 334M (free) - 89600K (spike) - 0B (penalties) = 246M
[2026-04-03T02:44:13.120+0600][57.910s][info][gc,ergo     ] Free: 334M, Max: 512K regular, 333M humongous, Frag: 0% external, 0% internal; Reserve: 89600K, Max: 512K
[2026-04-03T02:44:13.120+0600][57.910s][info][gc,start    ] GC(38) Concurrent reset
[2026-04-03T02:44:13.120+0600][57.910s][info][gc,task     ] GC(38) Using 3 of 6 workers for concurrent reset
[2026-04-03T02:44:13.120+0600][57.910s][info][gc,ergo     ] GC(38) Pacer for Reset. Non-Taxable: 1750M
[2026-04-03T02:44:13.122+0600][57.911s][info][gc          ] GC(38) Concurrent reset 1.709ms
[2026-04-03T02:44:13.122+0600][57.912s][info][gc,start    ] GC(38) Pause Init Mark (unload classes)
[2026-04-03T02:44:13.122+0600][57.912s][info][gc,task     ] GC(38) Using 6 of 6 workers for init marking
[2026-04-03T02:44:13.122+0600][57.912s][info][gc,ergo     ] GC(38) Pacer for Mark. Expected Live: 95812K, Free: 334M, Non-Taxable: 34208K, Alloc Tax Rate: 0.3x
[2026-04-03T02:44:13.122+0600][57.912s][info][gc          ] GC(38) Pause Init Mark (unload classes) 0.169ms
[2026-04-03T02:44:13.123+0600][57.912s][info][gc,start    ] GC(38) Concurrent marking roots
[2026-04-03T02:44:13.123+0600][57.912s][info][gc,task     ] GC(38) Using 3 of 6 workers for concurrent marking roots
[2026-04-03T02:44:13.124+0600][57.913s][info][gc          ] GC(38) Concurrent marking roots 1.298ms
[2026-04-03T02:44:13.124+0600][57.913s][info][gc,start    ] GC(38) Concurrent marking (unload classes)
[2026-04-03T02:44:13.124+0600][57.913s][info][gc,task     ] GC(38) Using 3 of 6 workers for concurrent marking
[2026-04-03T02:44:13.184+0600][57.973s][info][gc          ] GC(38) Concurrent marking (unload classes) 59.763ms
[2026-04-03T02:44:13.184+0600][57.973s][info][gc,start    ] GC(38) Pause Final Mark (unload classes)
[2026-04-03T02:44:13.184+0600][57.973s][info][gc,task     ] GC(38) Using 6 of 6 workers for final marking
[2026-04-03T02:44:13.185+0600][57.974s][info][gc,ergo     ] GC(38) Adaptive CSet Selection. Target Free: 247M, Actual Free: 1235M, Max CSet: 74666K, Min Garbage: 0B
[2026-04-03T02:44:13.185+0600][57.974s][info][gc,ergo     ] GC(38) Collectable Garbage: 1114M (99%), Immediate: 864M (77%), CSet: 249M (22%)
[2026-04-03T02:44:13.185+0600][57.974s][info][gc,ergo     ] GC(38) Pacer for Evacuation. Used CSet: 257M, Free: 1265M, Non-Taxable: 126M, Alloc Tax Rate: 1.1x
[2026-04-03T02:44:13.185+0600][57.974s][info][gc          ] GC(38) Pause Final Mark (unload classes) 0.982ms
[2026-04-03T02:44:13.185+0600][57.975s][info][gc,start    ] GC(38) Concurrent thread roots
[2026-04-03T02:44:13.185+0600][57.975s][info][gc,task     ] GC(38) Using 3 of 6 workers for Concurrent thread roots
[2026-04-03T02:44:13.190+0600][57.979s][info][gc          ] GC(38) Concurrent thread roots 4.485ms
[2026-04-03T02:44:13.190+0600][57.979s][info][gc,start    ] GC(38) Concurrent weak references
[2026-04-03T02:44:13.190+0600][57.979s][info][gc,task     ] GC(38) Using 3 of 6 workers for concurrent weak references
[2026-04-03T02:44:13.190+0600][57.980s][info][gc,ref      ] GC(38) Encountered references: Soft: 3784, Weak: 16161, Final: 84, Phantom: 620
[2026-04-03T02:44:13.190+0600][57.980s][info][gc,ref      ] GC(38) Discovered  references: Soft: 0, Weak: 5034, Final: 0, Phantom: 615
[2026-04-03T02:44:13.190+0600][57.980s][info][gc,ref      ] GC(38) Enqueued    references: Soft: 0, Weak: 637, Final: 0, Phantom: 0
[2026-04-03T02:44:13.191+0600][57.980s][info][gc          ] GC(38) Concurrent weak references 0.771ms
[2026-04-03T02:44:13.191+0600][57.980s][info][gc,start    ] GC(38) Concurrent weak roots
[2026-04-03T02:44:13.191+0600][57.980s][info][gc,task     ] GC(38) Using 3 of 6 workers for concurrent weak root
[2026-04-03T02:44:13.197+0600][57.987s][info][gc          ] GC(38) Concurrent weak roots 6.596ms
[2026-04-03T02:44:13.197+0600][57.987s][info][gc,start    ] GC(38) Concurrent cleanup
[2026-04-03T02:44:13.198+0600][57.987s][info][gc          ] GC(38) Concurrent cleanup 1267M->404M(1402M) 0.913ms
[2026-04-03T02:44:13.198+0600][57.988s][info][gc,ergo     ] GC(38) Free: 1252M, Max: 512K regular, 271M humongous, Frag: 79% external, 0% internal; Reserve: 88891K, Max: 512K
[2026-04-03T02:44:13.198+0600][57.988s][info][gc,start    ] GC(38) Concurrent class unloading
[2026-04-03T02:44:13.198+0600][57.988s][info][gc,task     ] GC(38) Using 3 of 6 workers for concurrent class unloading
[2026-04-03T02:44:13.222+0600][58.011s][info][gc          ] GC(38) Concurrent class unloading 23.826ms
[2026-04-03T02:44:13.222+0600][58.012s][info][gc,start    ] GC(38) Concurrent strong roots
[2026-04-03T02:44:13.222+0600][58.012s][info][gc,task     ] GC(38) Using 3 of 6 workers for concurrent strong root
[2026-04-03T02:44:13.224+0600][58.013s][info][gc          ] GC(38) Concurrent strong roots 1.346ms
[2026-04-03T02:44:13.224+0600][58.013s][info][gc,start    ] GC(38) Concurrent evacuation
[2026-04-03T02:44:13.224+0600][58.013s][info][gc,task     ] GC(38) Using 3 of 6 workers for concurrent evacuation
[2026-04-03T02:44:13.228+0600][58.017s][info][gc          ] GC(38) Concurrent evacuation 4.319ms
[2026-04-03T02:44:13.228+0600][58.018s][info][gc,start    ] GC(38) Pause Init Update Refs
[2026-04-03T02:44:13.228+0600][58.018s][info][gc,ergo     ] GC(38) Pacer for Update Refs. Used: 435M, Free: 1225M, Non-Taxable: 122M, Alloc Tax Rate: 1.1x
[2026-04-03T02:44:13.229+0600][58.018s][info][gc          ] GC(38) Pause Init Update Refs 0.161ms
[2026-04-03T02:44:13.229+0600][58.018s][info][gc,start    ] GC(38) Concurrent update references
[2026-04-03T02:44:13.229+0600][58.018s][info][gc,task     ] GC(38) Using 3 of 6 workers for concurrent reference update
[2026-04-03T02:44:13.284+0600][58.073s][info][gc          ] GC(38) Concurrent update references 55.104ms
[2026-04-03T02:44:13.284+0600][58.073s][info][gc,start    ] GC(38) Concurrent update thread roots
[2026-04-03T02:44:13.286+0600][58.075s][info][gc          ] GC(38) Concurrent update thread roots 2.011ms
[2026-04-03T02:44:13.286+0600][58.076s][info][gc,start    ] GC(38) Pause Final Update Refs
[2026-04-03T02:44:13.286+0600][58.076s][info][gc,task     ] GC(38) Using 6 of 6 workers for final reference update
[2026-04-03T02:44:13.286+0600][58.076s][info][gc          ] GC(38) Pause Final Update Refs 0.230ms
[2026-04-03T02:44:13.287+0600][58.076s][info][gc,start    ] GC(38) Concurrent cleanup
[2026-04-03T02:44:13.287+0600][58.076s][info][gc          ] GC(38) Concurrent cleanup 469M->211M(1402M) 0.340ms
[2026-04-03T02:44:13.287+0600][58.076s][info][gc,ergo     ] Free: 1435M, Max: 512K regular, 964M humongous, Frag: 33% external, 0% internal; Reserve: 89600K, Max: 512K
[2026-04-03T02:44:13.287+0600][58.076s][info][gc,stats    ] 
[2026-04-03T02:44:13.287+0600][58.076s][info][gc,stats    ] All times are wall-clock times, except per-root-class counters, that are sum over
[2026-04-03T02:44:13.287+0600][58.076s][info][gc,stats    ] all workers. Dividing the <total> over the root stage time estimates parallelism.
[2026-04-03T02:44:13.287+0600][58.076s][info][gc,stats    ] 
[2026-04-03T02:44:13.287+0600][58.076s][info][gc,stats    ] Concurrent Reset                   1743 us
[2026-04-03T02:44:13.287+0600][58.076s][info][gc,stats    ] Pause Init Mark (G)                 540 us
[2026-04-03T02:44:13.287+0600][58.076s][info][gc,stats    ] Pause Init Mark (N)                 179 us
[2026-04-03T02:44:13.287+0600][58.076s][info][gc,stats    ]   Update Region States               36 us
[2026-04-03T02:44:13.287+0600][58.076s][info][gc,stats    ] Concurrent Mark Roots              1362 us, parallelism: 1.70x
[2026-04-03T02:44:13.287+0600][58.076s][info][gc,stats    ]   CMR: <total>                     2314 us
[2026-04-03T02:44:13.287+0600][58.076s][info][gc,stats    ]   CMR: Thread Roots                2092 us, workers (us): 603, 747, 742, ---, ---, ---, 
[2026-04-03T02:44:13.287+0600][58.077s][info][gc,stats    ]   CMR: VM Strong Roots               29 us, workers (us):  27,   1,   1, ---, ---, ---, 
[2026-04-03T02:44:13.287+0600][58.077s][info][gc,stats    ]   CMR: CLDG Roots                   193 us, workers (us): 193, ---, ---, ---, ---, ---, 
[2026-04-03T02:44:13.287+0600][58.077s][info][gc,stats    ] Concurrent Marking                59861 us
[2026-04-03T02:44:13.287+0600][58.077s][info][gc,stats    ] Pause Final Mark (G)               1295 us
[2026-04-03T02:44:13.287+0600][58.077s][info][gc,stats    ] Pause Final Mark (N)               1019 us
[2026-04-03T02:44:13.287+0600][58.077s][info][gc,stats    ]   Finish Mark                       257 us
[2026-04-03T02:44:13.287+0600][58.077s][info][gc,stats    ]   Update Region States               77 us
[2026-04-03T02:44:13.287+0600][58.077s][info][gc,stats    ]   Choose Collection Set             399 us
[2026-04-03T02:44:13.287+0600][58.077s][info][gc,stats    ]   Rebuild Free Set                   56 us
[2026-04-03T02:44:13.287+0600][58.077s][info][gc,stats    ] Concurrent Thread Roots            4566 us, parallelism: 2.31x
[2026-04-03T02:44:13.287+0600][58.077s][info][gc,stats    ]   CTR: <total>                    10539 us
[2026-04-03T02:44:13.287+0600][58.077s][info][gc,stats    ]   CTR: Thread Roots               10539 us, workers (us): 2657, 3575, 4308, ---, ---, ---, 
[2026-04-03T02:44:13.287+0600][58.077s][info][gc,stats    ] Concurrent Weak References          791 us, parallelism: 1.36x
[2026-04-03T02:44:13.287+0600][58.077s][info][gc,stats    ]   CWRF: <total>                    1073 us
[2026-04-03T02:44:13.287+0600][58.077s][info][gc,stats    ]   CWRF: Weak References            1073 us, workers (us): 337, 215, 521, ---, ---, ---, 
[2026-04-03T02:44:13.287+0600][58.077s][info][gc,stats    ] Concurrent Weak Roots              6673 us
[2026-04-03T02:44:13.287+0600][58.077s][info][gc,stats    ]   Roots                            6202 us, parallelism: 2.75x
[2026-04-03T02:44:13.287+0600][58.077s][info][gc,stats    ]     CWR: <total>                  17045 us
[2026-04-03T02:44:13.287+0600][58.077s][info][gc,stats    ]     CWR: Code Cache Roots         12728 us, workers (us): 4264, 4305, 4159, ---, ---, ---, 
[2026-04-03T02:44:13.287+0600][58.077s][info][gc,stats    ]     CWR: VM Weak Roots             4072 us, workers (us): 1366, 1361, 1345, ---, ---, ---, 
[2026-04-03T02:44:13.287+0600][58.077s][info][gc,stats    ]     CWR: CLDG Roots                 245 us, workers (us): ---, ---, 245, ---, ---, ---, 
[2026-04-03T02:44:13.287+0600][58.077s][info][gc,stats    ]   Rendezvous                        356 us
[2026-04-03T02:44:13.287+0600][58.077s][info][gc,stats    ] Concurrent Cleanup                  983 us
[2026-04-03T02:44:13.287+0600][58.077s][info][gc,stats    ] Concurrent Class Unloading        23931 us
[2026-04-03T02:44:13.287+0600][58.077s][info][gc,stats    ]   Unlink Stale                    19831 us
[2026-04-03T02:44:13.287+0600][58.077s][info][gc,stats    ]     System Dictionary               337 us
[2026-04-03T02:44:13.287+0600][58.077s][info][gc,stats    ]     Weak Class Links                  1 us
[2026-04-03T02:44:13.287+0600][58.077s][info][gc,stats    ]     Code Roots                    19489 us
[2026-04-03T02:44:13.287+0600][58.077s][info][gc,stats    ]   Rendezvous                       1322 us
[2026-04-03T02:44:13.287+0600][58.077s][info][gc,stats    ]   Purge Unlinked                   2628 us
[2026-04-03T02:44:13.287+0600][58.077s][info][gc,stats    ]     Code Roots                     2613 us
[2026-04-03T02:44:13.287+0600][58.077s][info][gc,stats    ]     CLDG                             14 us
[2026-04-03T02:44:13.287+0600][58.077s][info][gc,stats    ]     Exception Caches                  0 us
[2026-04-03T02:44:13.287+0600][58.077s][info][gc,stats    ] Concurrent Strong Roots            1395 us, parallelism: 0.61x
[2026-04-03T02:44:13.288+0600][58.077s][info][gc,stats    ]   CSR: <total>                      853 us
[2026-04-03T02:44:13.288+0600][58.077s][info][gc,stats    ]   CSR: VM Strong Roots               39 us, workers (us):  37,   1,   0, ---, ---, ---, 
[2026-04-03T02:44:13.288+0600][58.077s][info][gc,stats    ]   CSR: CLDG Roots                   814 us, workers (us): 814, ---, ---, ---, ---, ---, 
[2026-04-03T02:44:13.288+0600][58.077s][info][gc,stats    ] Concurrent Evacuation              4423 us
[2026-04-03T02:44:13.288+0600][58.077s][info][gc,stats    ] Pause Init Update Refs (G)          578 us
[2026-04-03T02:44:13.288+0600][58.077s][info][gc,stats    ] Pause Init Update Refs (N)          174 us
[2026-04-03T02:44:13.288+0600][58.077s][info][gc,stats    ]   Manage GCLABs                      67 us
[2026-04-03T02:44:13.288+0600][58.077s][info][gc,stats    ] Concurrent Update Refs            55214 us
[2026-04-03T02:44:13.288+0600][58.077s][info][gc,stats    ] Concurrent Update Thread Roots     2075 us
[2026-04-03T02:44:13.288+0600][58.077s][info][gc,stats    ] Pause Final Update Refs (G)         609 us
[2026-04-03T02:44:13.288+0600][58.077s][info][gc,stats    ] Pause Final Update Refs (N)         251 us
[2026-04-03T02:44:13.288+0600][58.077s][info][gc,stats    ]   Update Region States               72 us
[2026-04-03T02:44:13.288+0600][58.077s][info][gc,stats    ]   Trash Collection Set               28 us
[2026-04-03T02:44:13.288+0600][58.077s][info][gc,stats    ]   Rebuild Free Set                   55 us
[2026-04-03T02:44:13.288+0600][58.077s][info][gc,stats    ] Concurrent Cleanup                  369 us
[2026-04-03T02:44:13.288+0600][58.077s][info][gc,stats    ] 
[2026-04-03T02:44:13.288+0600][58.077s][info][gc,stats    ] Allocation pacing accrued:
[2026-04-03T02:44:13.288+0600][58.077s][info][gc,stats    ]       0 of   987 ms (  0.0%): <total>
[2026-04-03T02:44:13.288+0600][58.077s][info][gc,stats    ]       0 of   987 ms (  0.0%): <average total>
[2026-04-03T02:44:13.288+0600][58.077s][info][gc,stats    ] 
[2026-04-03T02:44:13.288+0600][58.077s][info][gc,metaspace] Metaspace: 131282K(132672K)->131285K(132672K) NonClass: 114787K(115520K)->114790K(115520K) Class: 16495K(17152K)->16495K(17152K)
[2026-04-03T02:44:13.288+0600][58.077s][info][gc,ergo     ] Pacer for Idle. Initial: 35840K, Alloc Tax Rate: 1.0x
[2026-04-03T02:44:14.388+0600][59.177s][info][gc          ] Trigger: Average GC time (192.64 ms) is above the time for average allocation rate (1178 MB/s) to deplete free headroom (225M) (margin of error = 1.89)
[2026-04-03T02:44:14.388+0600][59.177s][info][gc,ergo     ] Free headroom: 312M (free) - 89600K (spike) - 0B (penalties) = 225M
[2026-04-03T02:44:14.388+0600][59.177s][info][gc,ergo     ] Free: 312M, Max: 512K regular, 273M humongous, Frag: 13% external, 0% internal; Reserve: 89600K, Max: 512K
[2026-04-03T02:44:14.388+0600][59.177s][info][gc,start    ] GC(39) Concurrent reset
[2026-04-03T02:44:14.388+0600][59.177s][info][gc,task     ] GC(39) Using 3 of 6 workers for concurrent reset
[2026-04-03T02:44:14.388+0600][59.177s][info][gc,ergo     ] GC(39) Pacer for Reset. Non-Taxable: 1750M
[2026-04-03T02:44:14.392+0600][59.181s][info][gc          ] GC(39) Concurrent reset 3.945ms
[2026-04-03T02:44:14.392+0600][59.182s][info][gc,start    ] GC(39) Pause Init Mark (unload classes)
[2026-04-03T02:44:14.392+0600][59.182s][info][gc,task     ] GC(39) Using 6 of 6 workers for init marking
[2026-04-03T02:44:14.392+0600][59.182s][info][gc,ergo     ] GC(39) Pacer for Mark. Expected Live: 94976K, Free: 307M, Non-Taxable: 31439K, Alloc Tax Rate: 0.4x
[2026-04-03T02:44:14.392+0600][59.182s][info][gc          ] GC(39) Pause Init Mark (unload classes) 0.218ms
[2026-04-03T02:44:14.393+0600][59.182s][info][gc,start    ] GC(39) Concurrent marking roots
[2026-04-03T02:44:14.393+0600][59.182s][info][gc,task     ] GC(39) Using 3 of 6 workers for concurrent marking roots
[2026-04-03T02:44:14.394+0600][59.184s][info][gc          ] GC(39) Concurrent marking roots 1.791ms
[2026-04-03T02:44:14.394+0600][59.184s][info][gc,start    ] GC(39) Concurrent marking (unload classes)
[2026-04-03T02:44:14.394+0600][59.184s][info][gc,task     ] GC(39) Using 3 of 6 workers for concurrent marking
[2026-04-03T02:44:14.464+0600][59.253s][info][gc          ] GC(39) Concurrent marking (unload classes) 69.235ms
[2026-04-03T02:44:14.464+0600][59.253s][info][gc,start    ] GC(39) Pause Final Mark (unload classes)
[2026-04-03T02:44:14.464+0600][59.253s][info][gc,task     ] GC(39) Using 6 of 6 workers for final marking
[2026-04-03T02:44:14.465+0600][59.254s][info][gc,ergo     ] GC(39) Adaptive CSet Selection. Target Free: 247M, Actual Free: 1236M, Max CSet: 74666K, Min Garbage: 0B
[2026-04-03T02:44:14.465+0600][59.254s][info][gc,ergo     ] GC(39) Collectable Garbage: 1138M (99%), Immediate: 891M (77%), CSet: 247M (21%)
[2026-04-03T02:44:14.465+0600][59.254s][info][gc,ergo     ] GC(39) Pacer for Evacuation. Used CSet: 255M, Free: 1265M, Non-Taxable: 126M, Alloc Tax Rate: 1.1x
[2026-04-03T02:44:14.465+0600][59.254s][info][gc          ] GC(39) Pause Final Mark (unload classes) 1.141ms
[2026-04-03T02:44:14.465+0600][59.255s][info][gc,start    ] GC(39) Concurrent thread roots
[2026-04-03T02:44:14.465+0600][59.255s][info][gc,task     ] GC(39) Using 3 of 6 workers for Concurrent thread roots
[2026-04-03T02:44:14.467+0600][59.256s][info][gc          ] GC(39) Concurrent thread roots 1.382ms
[2026-04-03T02:44:14.467+0600][59.256s][info][gc,start    ] GC(39) Concurrent weak references
[2026-04-03T02:44:14.467+0600][59.256s][info][gc,task     ] GC(39) Using 3 of 6 workers for concurrent weak references
[2026-04-03T02:44:14.467+0600][59.257s][info][gc,ref      ] GC(39) Encountered references: Soft: 3792, Weak: 17375, Final: 84, Phantom: 620
[2026-04-03T02:44:14.467+0600][59.257s][info][gc,ref      ] GC(39) Discovered  references: Soft: 0, Weak: 8427, Final: 0, Phantom: 220
[2026-04-03T02:44:14.467+0600][59.257s][info][gc,ref      ] GC(39) Enqueued    references: Soft: 0, Weak: 1637, Final: 0, Phantom: 0
[2026-04-03T02:44:14.468+0600][59.257s][info][gc          ] GC(39) Concurrent weak references 0.916ms
[2026-04-03T02:44:14.468+0600][59.257s][info][gc,start    ] GC(39) Concurrent weak roots
[2026-04-03T02:44:14.468+0600][59.257s][info][gc,task     ] GC(39) Using 3 of 6 workers for concurrent weak root
[2026-04-03T02:44:14.476+0600][59.265s][info][gc          ] GC(39) Concurrent weak roots 8.278ms
[2026-04-03T02:44:14.476+0600][59.265s][info][gc,start    ] GC(39) Concurrent cleanup
[2026-04-03T02:44:14.477+0600][59.267s][info][gc          ] GC(39) Concurrent cleanup 1289M->399M(1425M) 1.420ms
[2026-04-03T02:44:14.477+0600][59.267s][info][gc,ergo     ] GC(39) Free: 1257M, Max: 512K regular, 250M humongous, Frag: 81% external, 0% internal; Reserve: 88733K, Max: 512K
[2026-04-03T02:44:14.477+0600][59.267s][info][gc,start    ] GC(39) Concurrent class unloading
[2026-04-03T02:44:14.477+0600][59.267s][info][gc,task     ] GC(39) Using 3 of 6 workers for concurrent class unloading
[2026-04-03T02:44:14.501+0600][59.291s][info][gc          ] GC(39) Concurrent class unloading 23.814ms
[2026-04-03T02:44:14.501+0600][59.291s][info][gc,start    ] GC(39) Concurrent strong roots
[2026-04-03T02:44:14.501+0600][59.291s][info][gc,task     ] GC(39) Using 3 of 6 workers for concurrent strong root
[2026-04-03T02:44:14.503+0600][59.293s][info][gc          ] GC(39) Concurrent strong roots 1.758ms
[2026-04-03T02:44:14.503+0600][59.293s][info][gc,start    ] GC(39) Concurrent evacuation
[2026-04-03T02:44:14.503+0600][59.293s][info][gc,task     ] GC(39) Using 3 of 6 workers for concurrent evacuation
[2026-04-03T02:44:14.508+0600][59.297s][info][gc          ] GC(39) Concurrent evacuation 4.636ms
[2026-04-03T02:44:14.508+0600][59.298s][info][gc,start    ] GC(39) Pause Init Update Refs
[2026-04-03T02:44:14.508+0600][59.298s][info][gc,ergo     ] GC(39) Pacer for Update Refs. Used: 429M, Free: 1231M, Non-Taxable: 123M, Alloc Tax Rate: 1.1x
[2026-04-03T02:44:14.508+0600][59.298s][info][gc          ] GC(39) Pause Init Update Refs 0.198ms
[2026-04-03T02:44:14.509+0600][59.298s][info][gc,start    ] GC(39) Concurrent update references
[2026-04-03T02:44:14.509+0600][59.298s][info][gc,task     ] GC(39) Using 3 of 6 workers for concurrent reference update
[2026-04-03T02:44:14.562+0600][59.351s][info][gc          ] GC(39) Concurrent update references 53.012ms
[2026-04-03T02:44:14.562+0600][59.351s][info][gc,start    ] GC(39) Concurrent update thread roots
[2026-04-03T02:44:14.563+0600][59.352s][info][gc          ] GC(39) Concurrent update thread roots 1.247ms
[2026-04-03T02:44:14.563+0600][59.353s][info][gc,start    ] GC(39) Pause Final Update Refs
[2026-04-03T02:44:14.563+0600][59.353s][info][gc,task     ] GC(39) Using 6 of 6 workers for final reference update
[2026-04-03T02:44:14.564+0600][59.353s][info][gc          ] GC(39) Pause Final Update Refs 0.250ms
[2026-04-03T02:44:14.564+0600][59.353s][info][gc,start    ] GC(39) Concurrent cleanup
[2026-04-03T02:44:14.565+0600][59.354s][info][gc          ] GC(39) Concurrent cleanup 476M->220M(1425M) 0.765ms
[2026-04-03T02:44:14.565+0600][59.354s][info][gc,ergo     ] Free: 1426M, Max: 512K regular, 932M humongous, Frag: 35% external, 0% internal; Reserve: 89600K, Max: 512K
[2026-04-03T02:44:14.565+0600][59.354s][info][gc,stats    ] 
[2026-04-03T02:44:14.565+0600][59.354s][info][gc,stats    ] All times are wall-clock times, except per-root-class counters, that are sum over
[2026-04-03T02:44:14.565+0600][59.354s][info][gc,stats    ] all workers. Dividing the <total> over the root stage time estimates parallelism.
[2026-04-03T02:44:14.565+0600][59.354s][info][gc,stats    ] 
[2026-04-03T02:44:14.565+0600][59.354s][info][gc,stats    ] Concurrent Reset                   4016 us
[2026-04-03T02:44:14.565+0600][59.354s][info][gc,stats    ] Pause Init Mark (G)                 604 us
[2026-04-03T02:44:14.565+0600][59.354s][info][gc,stats    ] Pause Init Mark (N)                 231 us
[2026-04-03T02:44:14.565+0600][59.354s][info][gc,stats    ]   Update Region States               49 us
[2026-04-03T02:44:14.565+0600][59.354s][info][gc,stats    ] Concurrent Mark Roots              1846 us, parallelism: 1.99x
[2026-04-03T02:44:14.565+0600][59.354s][info][gc,stats    ]   CMR: <total>                     3673 us
[2026-04-03T02:44:14.565+0600][59.354s][info][gc,stats    ]   CMR: Thread Roots                3180 us, workers (us): 778, 1192, 1210, ---, ---, ---, 
[2026-04-03T02:44:14.565+0600][59.354s][info][gc,stats    ]   CMR: VM Strong Roots               60 us, workers (us):  58,   1,   1, ---, ---, ---, 
[2026-04-03T02:44:14.565+0600][59.354s][info][gc,stats    ]   CMR: CLDG Roots                   432 us, workers (us): 432, ---, ---, ---, ---, ---, 
[2026-04-03T02:44:14.565+0600][59.354s][info][gc,stats    ] Concurrent Marking                69353 us
[2026-04-03T02:44:14.565+0600][59.354s][info][gc,stats    ] Pause Final Mark (G)               1421 us
[2026-04-03T02:44:14.565+0600][59.354s][info][gc,stats    ] Pause Final Mark (N)               1159 us
[2026-04-03T02:44:14.565+0600][59.354s][info][gc,stats    ]   Finish Mark                       306 us
[2026-04-03T02:44:14.565+0600][59.354s][info][gc,stats    ]   Update Region States               88 us
[2026-04-03T02:44:14.565+0600][59.354s][info][gc,stats    ]   Choose Collection Set             503 us
[2026-04-03T02:44:14.565+0600][59.354s][info][gc,stats    ]   Rebuild Free Set                   74 us
[2026-04-03T02:44:14.565+0600][59.354s][info][gc,stats    ] Concurrent Thread Roots            1435 us, parallelism: 2.42x
[2026-04-03T02:44:14.565+0600][59.354s][info][gc,stats    ]   CTR: <total>                     3480 us
[2026-04-03T02:44:14.565+0600][59.354s][info][gc,stats    ]   CTR: Thread Roots                3480 us, workers (us): 1178, 1180, 1121, ---, ---, ---, 
[2026-04-03T02:44:14.565+0600][59.354s][info][gc,stats    ] Concurrent Weak References          933 us, parallelism: 1.61x
[2026-04-03T02:44:14.565+0600][59.354s][info][gc,stats    ]   CWRF: <total>                    1506 us
[2026-04-03T02:44:14.565+0600][59.354s][info][gc,stats    ]   CWRF: Weak References            1506 us, workers (us): 704, 555, 248, ---, ---, ---, 
[2026-04-03T02:44:14.565+0600][59.354s][info][gc,stats    ] Concurrent Weak Roots              8397 us
[2026-04-03T02:44:14.565+0600][59.354s][info][gc,stats    ]   Roots                            7704 us, parallelism: 2.73x
[2026-04-03T02:44:14.565+0600][59.354s][info][gc,stats    ]     CWR: <total>                  21067 us
[2026-04-03T02:44:14.565+0600][59.354s][info][gc,stats    ]     CWR: Code Cache Roots         17016 us, workers (us): 5836, 5742, 5438, ---, ---, ---, 
[2026-04-03T02:44:14.565+0600][59.354s][info][gc,stats    ]     CWR: VM Weak Roots             3876 us, workers (us): 1408, 1412, 1056, ---, ---, ---, 
[2026-04-03T02:44:14.565+0600][59.354s][info][gc,stats    ]     CWR: CLDG Roots                 175 us, workers (us): ---, ---, 175, ---, ---, ---, 
[2026-04-03T02:44:14.565+0600][59.355s][info][gc,stats    ]   Rendezvous                        530 us
[2026-04-03T02:44:14.565+0600][59.355s][info][gc,stats    ] Concurrent Cleanup                 1457 us
[2026-04-03T02:44:14.565+0600][59.355s][info][gc,stats    ] Concurrent Class Unloading        23912 us
[2026-04-03T02:44:14.565+0600][59.355s][info][gc,stats    ]   Unlink Stale                    20903 us
[2026-04-03T02:44:14.565+0600][59.355s][info][gc,stats    ]     System Dictionary               375 us
[2026-04-03T02:44:14.565+0600][59.355s][info][gc,stats    ]     Weak Class Links                  1 us
[2026-04-03T02:44:14.565+0600][59.355s][info][gc,stats    ]     Code Roots                    20523 us
[2026-04-03T02:44:14.565+0600][59.355s][info][gc,stats    ]   Rendezvous                        402 us
[2026-04-03T02:44:14.565+0600][59.355s][info][gc,stats    ]   Purge Unlinked                   2465 us
[2026-04-03T02:44:14.565+0600][59.355s][info][gc,stats    ]     Code Roots                     2452 us
[2026-04-03T02:44:14.565+0600][59.355s][info][gc,stats    ]     CLDG                             13 us
[2026-04-03T02:44:14.565+0600][59.355s][info][gc,stats    ]     Exception Caches                  0 us
[2026-04-03T02:44:14.565+0600][59.355s][info][gc,stats    ] Concurrent Strong Roots            1843 us, parallelism: 0.68x
[2026-04-03T02:44:14.565+0600][59.355s][info][gc,stats    ]   CSR: <total>                     1261 us
[2026-04-03T02:44:14.565+0600][59.355s][info][gc,stats    ]   CSR: VM Strong Roots               66 us, workers (us):  33,  33,   0, ---, ---, ---, 
[2026-04-03T02:44:14.565+0600][59.355s][info][gc,stats    ]   CSR: CLDG Roots                  1196 us, workers (us): ---, 1196, ---, ---, ---, ---, 
[2026-04-03T02:44:14.565+0600][59.355s][info][gc,stats    ] Concurrent Evacuation              4754 us
[2026-04-03T02:44:14.565+0600][59.355s][info][gc,stats    ] Pause Init Update Refs (G)          573 us
[2026-04-03T02:44:14.565+0600][59.355s][info][gc,stats    ] Pause Init Update Refs (N)          217 us
[2026-04-03T02:44:14.565+0600][59.355s][info][gc,stats    ]   Manage GCLABs                      67 us
[2026-04-03T02:44:14.565+0600][59.355s][info][gc,stats    ] Concurrent Update Refs            53135 us
[2026-04-03T02:44:14.565+0600][59.355s][info][gc,stats    ] Concurrent Update Thread Roots     1300 us
[2026-04-03T02:44:14.565+0600][59.355s][info][gc,stats    ] Pause Final Update Refs (G)         754 us
[2026-04-03T02:44:14.565+0600][59.355s][info][gc,stats    ] Pause Final Update Refs (N)         272 us
[2026-04-03T02:44:14.565+0600][59.355s][info][gc,stats    ]   Update Region States               70 us
[2026-04-03T02:44:14.565+0600][59.355s][info][gc,stats    ]   Trash Collection Set               29 us
[2026-04-03T02:44:14.565+0600][59.355s][info][gc,stats    ]   Rebuild Free Set                   68 us
[2026-04-03T02:44:14.565+0600][59.355s][info][gc,stats    ] Concurrent Cleanup                  803 us
[2026-04-03T02:44:14.565+0600][59.355s][info][gc,stats    ] Pacing                            84831 us
[2026-04-03T02:44:14.565+0600][59.355s][info][gc,stats    ] 
[2026-04-03T02:44:14.565+0600][59.355s][info][gc,stats    ] Allocation pacing accrued:
[2026-04-03T02:44:14.566+0600][59.355s][info][gc,stats    ]      11 of  1278 ms (  0.9%): Executor task launch worker for task 2.0 in stage 2095.0 (TID 4089)
[2026-04-03T02:44:14.566+0600][59.355s][info][gc,stats    ]       8 of  1278 ms (  0.6%): Executor task launch worker for task 1.0 in stage 2095.0 (TID 4088)
[2026-04-03T02:44:14.566+0600][59.355s][info][gc,stats    ]      11 of  1278 ms (  0.9%): Executor task launch worker for task 5.0 in stage 2095.0 (TID 4092)
[2026-04-03T02:44:14.566+0600][59.355s][info][gc,stats    ]      11 of  1278 ms (  0.9%): Executor task launch worker for task 0.0 in stage 2095.0 (TID 4087)
[2026-04-03T02:44:14.566+0600][59.355s][info][gc,stats    ]      11 of  1278 ms (  0.9%): Executor task launch worker for task 6.0 in stage 2095.0 (TID 4093)
[2026-04-03T02:44:14.566+0600][59.355s][info][gc,stats    ]      11 of  1278 ms (  0.9%): Executor task launch worker for task 7.0 in stage 2095.0 (TID 4094)
[2026-04-03T02:44:14.566+0600][59.355s][info][gc,stats    ]      10 of  1278 ms (  0.8%): Executor task launch worker for task 4.0 in stage 2095.0 (TID 4091)
[2026-04-03T02:44:14.566+0600][59.355s][info][gc,stats    ]      11 of  1278 ms (  0.9%): Executor task launch worker for task 3.0 in stage 2095.0 (TID 4090)
[2026-04-03T02:44:14.566+0600][59.355s][info][gc,stats    ]      85 of  1278 ms (  6.6%): <total>
[2026-04-03T02:44:14.566+0600][59.355s][info][gc,stats    ]       0 of  1278 ms (  0.0%): <average total>
[2026-04-03T02:44:14.566+0600][59.355s][info][gc,stats    ]      11 of  1278 ms (  0.8%): <average non-zero>
[2026-04-03T02:44:14.566+0600][59.355s][info][gc,stats    ] 
[2026-04-03T02:44:14.566+0600][59.355s][info][gc,metaspace] Metaspace: 131315K(132672K)->131315K(132672K) NonClass: 114818K(115520K)->114818K(115520K) Class: 16497K(17152K)->16497K(17152K)
[2026-04-03T02:44:14.566+0600][59.355s][info][gc,ergo     ] Pacer for Idle. Initial: 35840K, Alloc Tax Rate: 1.0x
[2026-04-03T02:44:15.227+0600][60.016s][info][gc          ] Trigger: Average GC time (189.18 ms) is above the time for average allocation rate (1938 MB/s) to deplete free headroom (365M) (margin of error = 1.89)
[2026-04-03T02:44:15.227+0600][60.016s][info][gc,ergo     ] Free headroom: 452M (free) - 89600K (spike) - 0B (penalties) = 365M
[2026-04-03T02:44:15.227+0600][60.016s][info][gc,ergo     ] Free: 452M, Max: 512K regular, 246M humongous, Frag: 46% external, 0% internal; Reserve: 89600K, Max: 512K
[2026-04-03T02:44:15.227+0600][60.016s][info][gc,start    ] GC(40) Concurrent reset
[2026-04-03T02:44:15.227+0600][60.016s][info][gc,task     ] GC(40) Using 3 of 6 workers for concurrent reset
[2026-04-03T02:44:15.227+0600][60.016s][info][gc,ergo     ] GC(40) Pacer for Reset. Non-Taxable: 1750M
[2026-04-03T02:44:15.229+0600][60.018s][info][gc          ] GC(40) Concurrent reset 1.868ms
[2026-04-03T02:44:15.229+0600][60.018s][info][gc,start    ] GC(40) Pause Init Mark (unload classes)
[2026-04-03T02:44:15.229+0600][60.018s][info][gc,task     ] GC(40) Using 6 of 6 workers for init marking
[2026-04-03T02:44:15.229+0600][60.018s][info][gc,ergo     ] GC(40) Pacer for Mark. Expected Live: 93522K, Free: 452M, Non-Taxable: 46323K, Alloc Tax Rate: 0.2x
[2026-04-03T02:44:15.229+0600][60.018s][info][gc          ] GC(40) Pause Init Mark (unload classes) 0.111ms
[2026-04-03T02:44:15.229+0600][60.018s][info][gc,start    ] GC(40) Concurrent marking roots
[2026-04-03T02:44:15.229+0600][60.019s][info][gc,task     ] GC(40) Using 3 of 6 workers for concurrent marking roots
[2026-04-03T02:44:15.230+0600][60.020s][info][gc          ] GC(40) Concurrent marking roots 1.119ms
[2026-04-03T02:44:15.230+0600][60.020s][info][gc,start    ] GC(40) Concurrent marking (unload classes)
[2026-04-03T02:44:15.230+0600][60.020s][info][gc,task     ] GC(40) Using 3 of 6 workers for concurrent marking
[2026-04-03T02:44:15.272+0600][60.062s][info][gc          ] GC(40) Concurrent marking (unload classes) 42.094ms
[2026-04-03T02:44:15.273+0600][60.062s][info][gc,start    ] GC(40) Pause Final Mark (unload classes)
[2026-04-03T02:44:15.273+0600][60.062s][info][gc,task     ] GC(40) Using 6 of 6 workers for final marking
[2026-04-03T02:44:15.273+0600][60.062s][info][gc,ergo     ] GC(40) Adaptive CSet Selection. Target Free: 247M, Actual Free: 1244M, Max CSet: 74666K, Min Garbage: 0B
[2026-04-03T02:44:15.273+0600][60.062s][info][gc,ergo     ] GC(40) Collectable Garbage: 1016M (99%), Immediate: 829M (81%), CSet: 186M (18%)
[2026-04-03T02:44:15.273+0600][60.063s][info][gc,ergo     ] GC(40) Pacer for Evacuation. Used CSet: 195M, Free: 1251M, Non-Taxable: 125M, Alloc Tax Rate: 1.1x
[2026-04-03T02:44:15.273+0600][60.063s][info][gc          ] GC(40) Pause Final Mark (unload classes) 0.647ms
[2026-04-03T02:44:15.273+0600][60.063s][info][gc,start    ] GC(40) Concurrent thread roots
[2026-04-03T02:44:15.273+0600][60.063s][info][gc,task     ] GC(40) Using 3 of 6 workers for Concurrent thread roots
[2026-04-03T02:44:15.274+0600][60.064s][info][gc          ] GC(40) Concurrent thread roots 1.033ms
[2026-04-03T02:44:15.274+0600][60.064s][info][gc,start    ] GC(40) Concurrent weak references
[2026-04-03T02:44:15.274+0600][60.064s][info][gc,task     ] GC(40) Using 3 of 6 workers for concurrent weak references
[2026-04-03T02:44:15.275+0600][60.065s][info][gc,ref      ] GC(40) Encountered references: Soft: 3784, Weak: 17153, Final: 84, Phantom: 620
[2026-04-03T02:44:15.275+0600][60.065s][info][gc,ref      ] GC(40) Discovered  references: Soft: 0, Weak: 10499, Final: 0, Phantom: 615
[2026-04-03T02:44:15.275+0600][60.065s][info][gc,ref      ] GC(40) Enqueued    references: Soft: 0, Weak: 2516, Final: 0, Phantom: 0
[2026-04-03T02:44:15.275+0600][60.065s][info][gc          ] GC(40) Concurrent weak references 0.811ms
[2026-04-03T02:44:15.275+0600][60.065s][info][gc,start    ] GC(40) Concurrent weak roots
[2026-04-03T02:44:15.275+0600][60.065s][info][gc,task     ] GC(40) Using 3 of 6 workers for concurrent weak root
[2026-04-03T02:44:15.287+0600][60.076s][info][gc          ] GC(40) Concurrent weak roots 11.646ms
[2026-04-03T02:44:15.287+0600][60.076s][info][gc,start    ] GC(40) Concurrent cleanup
[2026-04-03T02:44:15.288+0600][60.077s][info][gc          ] GC(40) Concurrent cleanup 1328M->503M(1458M) 1.018ms
[2026-04-03T02:44:15.288+0600][60.077s][info][gc,ergo     ] GC(40) Free: 1132M, Max: 512K regular, 282M humongous, Frag: 76% external, 0% internal; Reserve: 88797K, Max: 512K
[2026-04-03T02:44:15.288+0600][60.078s][info][gc,start    ] GC(40) Concurrent class unloading
[2026-04-03T02:44:15.288+0600][60.078s][info][gc,task     ] GC(40) Using 3 of 6 workers for concurrent class unloading
[2026-04-03T02:44:15.303+0600][60.092s][info][gc          ] GC(40) Concurrent class unloading 14.691ms
[2026-04-03T02:44:15.303+0600][60.092s][info][gc,start    ] GC(40) Concurrent strong roots
[2026-04-03T02:44:15.303+0600][60.092s][info][gc,task     ] GC(40) Using 3 of 6 workers for concurrent strong root
[2026-04-03T02:44:15.304+0600][60.093s][info][gc          ] GC(40) Concurrent strong roots 1.166ms
[2026-04-03T02:44:15.304+0600][60.094s][info][gc,start    ] GC(40) Concurrent evacuation
[2026-04-03T02:44:15.304+0600][60.094s][info][gc,task     ] GC(40) Using 3 of 6 workers for concurrent evacuation
[2026-04-03T02:44:15.308+0600][60.097s][info][gc          ] GC(40) Concurrent evacuation 3.710ms
[2026-04-03T02:44:15.308+0600][60.098s][info][gc,start    ] GC(40) Pause Init Update Refs
[2026-04-03T02:44:15.308+0600][60.098s][info][gc,ergo     ] GC(40) Pacer for Update Refs. Used: 526M, Free: 1116M, Non-Taxable: 111M, Alloc Tax Rate: 1.1x
[2026-04-03T02:44:15.308+0600][60.098s][info][gc          ] GC(40) Pause Init Update Refs 0.107ms
[2026-04-03T02:44:15.308+0600][60.098s][info][gc,start    ] GC(40) Concurrent update references
[2026-04-03T02:44:15.308+0600][60.098s][info][gc,task     ] GC(40) Using 3 of 6 workers for concurrent reference update
[2026-04-03T02:44:15.352+0600][60.142s][info][gc          ] GC(40) Concurrent update references 43.717ms
[2026-04-03T02:44:15.352+0600][60.142s][info][gc,start    ] GC(40) Concurrent update thread roots
[2026-04-03T02:44:15.354+0600][60.143s][info][gc          ] GC(40) Concurrent update thread roots 1.652ms
[2026-04-03T02:44:15.354+0600][60.143s][info][gc,start    ] GC(40) Pause Final Update Refs
[2026-04-03T02:44:15.354+0600][60.144s][info][gc,task     ] GC(40) Using 6 of 6 workers for final reference update
[2026-04-03T02:44:15.354+0600][60.144s][info][gc          ] GC(40) Pause Final Update Refs 0.235ms
[2026-04-03T02:44:15.354+0600][60.144s][info][gc,start    ] GC(40) Concurrent cleanup
[2026-04-03T02:44:15.355+0600][60.145s][info][gc          ] GC(40) Concurrent cleanup 607M->412M(1459M) 0.852ms
[2026-04-03T02:44:15.355+0600][60.145s][info][gc,ergo     ] Free: 1212M, Max: 512K regular, 762M humongous, Frag: 38% external, 0% internal; Reserve: 89600K, Max: 512K
[2026-04-03T02:44:15.355+0600][60.145s][info][gc,stats    ] 
[2026-04-03T02:44:15.356+0600][60.145s][info][gc,stats    ] All times are wall-clock times, except per-root-class counters, that are sum over
[2026-04-03T02:44:15.356+0600][60.145s][info][gc,stats    ] all workers. Dividing the <total> over the root stage time estimates parallelism.
[2026-04-03T02:44:15.356+0600][60.145s][info][gc,stats    ] 
[2026-04-03T02:44:15.356+0600][60.145s][info][gc,stats    ] Concurrent Reset                   1929 us
[2026-04-03T02:44:15.356+0600][60.145s][info][gc,stats    ] Pause Init Mark (G)                 411 us
[2026-04-03T02:44:15.356+0600][60.145s][info][gc,stats    ] Pause Init Mark (N)                 121 us
[2026-04-03T02:44:15.356+0600][60.145s][info][gc,stats    ]   Update Region States               25 us
[2026-04-03T02:44:15.356+0600][60.145s][info][gc,stats    ] Concurrent Mark Roots              1146 us, parallelism: 1.85x
[2026-04-03T02:44:15.356+0600][60.145s][info][gc,stats    ]   CMR: <total>                     2123 us
[2026-04-03T02:44:15.356+0600][60.145s][info][gc,stats    ]   CMR: Thread Roots                1763 us, workers (us): 387, 685, 690, ---, ---, ---, 
[2026-04-03T02:44:15.356+0600][60.145s][info][gc,stats    ]   CMR: VM Strong Roots               41 us, workers (us):  39,   1,   1, ---, ---, ---, 
[2026-04-03T02:44:15.356+0600][60.145s][info][gc,stats    ]   CMR: CLDG Roots                   319 us, workers (us): 319, ---, ---, ---, ---, ---, 
[2026-04-03T02:44:15.356+0600][60.145s][info][gc,stats    ] Concurrent Marking                42160 us
[2026-04-03T02:44:15.356+0600][60.145s][info][gc,stats    ] Pause Final Mark (G)                967 us
[2026-04-03T02:44:15.356+0600][60.145s][info][gc,stats    ] Pause Final Mark (N)                660 us
[2026-04-03T02:44:15.356+0600][60.145s][info][gc,stats    ]   Finish Mark                       219 us
[2026-04-03T02:44:15.356+0600][60.145s][info][gc,stats    ]   Update Region States               44 us
[2026-04-03T02:44:15.356+0600][60.145s][info][gc,stats    ]   Choose Collection Set             206 us
[2026-04-03T02:44:15.356+0600][60.145s][info][gc,stats    ]   Rebuild Free Set                   65 us
[2026-04-03T02:44:15.356+0600][60.145s][info][gc,stats    ] Concurrent Thread Roots            1069 us, parallelism: 2.56x
[2026-04-03T02:44:15.356+0600][60.145s][info][gc,stats    ]   CTR: <total>                     2741 us
[2026-04-03T02:44:15.356+0600][60.145s][info][gc,stats    ]   CTR: Thread Roots                2741 us, workers (us): 920, 903, 919, ---, ---, ---, 
[2026-04-03T02:44:15.356+0600][60.145s][info][gc,stats    ] Concurrent Weak References          821 us, parallelism: 1.50x
[2026-04-03T02:44:15.356+0600][60.145s][info][gc,stats    ]   CWRF: <total>                    1228 us
[2026-04-03T02:44:15.356+0600][60.145s][info][gc,stats    ]   CWRF: Weak References            1228 us, workers (us): 687, 415, 127, ---, ---, ---, 
[2026-04-03T02:44:15.356+0600][60.145s][info][gc,stats    ] Concurrent Weak Roots             11739 us
[2026-04-03T02:44:15.356+0600][60.145s][info][gc,stats    ]   Roots                            4623 us, parallelism: 2.70x
[2026-04-03T02:44:15.356+0600][60.145s][info][gc,stats    ]     CWR: <total>                  12483 us
[2026-04-03T02:44:15.356+0600][60.145s][info][gc,stats    ]     CWR: Code Cache Roots         10055 us, workers (us): 3381, 3304, 3370, ---, ---, ---, 
[2026-04-03T02:44:15.356+0600][60.145s][info][gc,stats    ]     CWR: VM Weak Roots             2179 us, workers (us): 774, 673, 731, ---, ---, ---, 
[2026-04-03T02:44:15.356+0600][60.145s][info][gc,stats    ]     CWR: CLDG Roots                 250 us, workers (us): ---, 250, ---, ---, ---, ---, 
[2026-04-03T02:44:15.356+0600][60.145s][info][gc,stats    ]   Rendezvous                       6999 us
[2026-04-03T02:44:15.356+0600][60.145s][info][gc,stats    ] Concurrent Cleanup                 1056 us
[2026-04-03T02:44:15.356+0600][60.145s][info][gc,stats    ] Concurrent Class Unloading        14776 us
[2026-04-03T02:44:15.356+0600][60.145s][info][gc,stats    ]   Unlink Stale                    13067 us
[2026-04-03T02:44:15.356+0600][60.145s][info][gc,stats    ]     System Dictionary               297 us
[2026-04-03T02:44:15.356+0600][60.145s][info][gc,stats    ]     Weak Class Links                  1 us
[2026-04-03T02:44:15.356+0600][60.145s][info][gc,stats    ]     Code Roots                    12765 us
[2026-04-03T02:44:15.356+0600][60.145s][info][gc,stats    ]   Rendezvous                        495 us
[2026-04-03T02:44:15.356+0600][60.145s][info][gc,stats    ]   Purge Unlinked                   1091 us
[2026-04-03T02:44:15.356+0600][60.145s][info][gc,stats    ]     Code Roots                     1080 us
[2026-04-03T02:44:15.356+0600][60.145s][info][gc,stats    ]     CLDG                             11 us
[2026-04-03T02:44:15.356+0600][60.145s][info][gc,stats    ]     Exception Caches                  0 us
[2026-04-03T02:44:15.356+0600][60.145s][info][gc,stats    ] Concurrent Strong Roots            1223 us, parallelism: 0.54x
[2026-04-03T02:44:15.356+0600][60.145s][info][gc,stats    ]   CSR: <total>                      660 us
[2026-04-03T02:44:15.356+0600][60.145s][info][gc,stats    ]   CSR: VM Strong Roots               46 us, workers (us):  18,  16,  13, ---, ---, ---, 
[2026-04-03T02:44:15.356+0600][60.146s][info][gc,stats    ]   CSR: CLDG Roots                   614 us, workers (us): ---, ---, 614, ---, ---, ---, 
[2026-04-03T02:44:15.356+0600][60.146s][info][gc,stats    ] Concurrent Evacuation              3784 us
[2026-04-03T02:44:15.356+0600][60.146s][info][gc,stats    ] Pause Init Update Refs (G)          460 us
[2026-04-03T02:44:15.356+0600][60.146s][info][gc,stats    ] Pause Init Update Refs (N)          121 us
[2026-04-03T02:44:15.356+0600][60.146s][info][gc,stats    ]   Manage GCLABs                      31 us
[2026-04-03T02:44:15.356+0600][60.146s][info][gc,stats    ] Concurrent Update Refs            43843 us
[2026-04-03T02:44:15.356+0600][60.146s][info][gc,stats    ] Concurrent Update Thread Roots     1699 us
[2026-04-03T02:44:15.356+0600][60.146s][info][gc,stats    ] Pause Final Update Refs (G)         534 us
[2026-04-03T02:44:15.356+0600][60.146s][info][gc,stats    ] Pause Final Update Refs (N)         266 us
[2026-04-03T02:44:15.356+0600][60.146s][info][gc,stats    ]   Update Region States               72 us
[2026-04-03T02:44:15.356+0600][60.146s][info][gc,stats    ]   Trash Collection Set               20 us
[2026-04-03T02:44:15.356+0600][60.146s][info][gc,stats    ]   Rebuild Free Set                   55 us
[2026-04-03T02:44:15.356+0600][60.146s][info][gc,stats    ] Concurrent Cleanup                  889 us
[2026-04-03T02:44:15.356+0600][60.146s][info][gc,stats    ] Pacing                           216783 us
[2026-04-03T02:44:15.356+0600][60.146s][info][gc,stats    ] 
[2026-04-03T02:44:15.356+0600][60.146s][info][gc,stats    ] Allocation pacing accrued:
[2026-04-03T02:44:15.356+0600][60.146s][info][gc,stats    ]      51 of   791 ms (  6.4%): Executor task launch worker for task 2.0 in stage 2216.0 (TID 4167)
[2026-04-03T02:44:15.356+0600][60.146s][info][gc,stats    ]      52 of   791 ms (  6.5%): Executor task launch worker for task 0.0 in stage 2216.0 (TID 4165)
[2026-04-03T02:44:15.356+0600][60.146s][info][gc,stats    ]      43 of   791 ms (  5.5%): Executor task launch worker for task 3.0 in stage 2216.0 (TID 4168)
[2026-04-03T02:44:15.356+0600][60.146s][info][gc,stats    ]      50 of   791 ms (  6.3%): Executor task launch worker for task 1.0 in stage 2216.0 (TID 4166)
[2026-04-03T02:44:15.356+0600][60.146s][info][gc,stats    ]      21 of   791 ms (  2.6%): block-manager-storage-async-thread-pool-36
[2026-04-03T02:44:15.356+0600][60.146s][info][gc,stats    ]     217 of   791 ms ( 27.4%): <total>
[2026-04-03T02:44:15.356+0600][60.146s][info][gc,stats    ]       1 of   791 ms (  0.1%): <average total>
[2026-04-03T02:44:15.356+0600][60.146s][info][gc,stats    ]      43 of   791 ms (  5.5%): <average non-zero>
[2026-04-03T02:44:15.356+0600][60.146s][info][gc,stats    ] 
[2026-04-03T02:44:15.356+0600][60.146s][info][gc,metaspace] Metaspace: 131327K(132672K)->131335K(132672K) NonClass: 114829K(115520K)->114838K(115520K) Class: 16497K(17152K)->16497K(17152K)
[2026-04-03T02:44:15.356+0600][60.146s][info][gc,ergo     ] Pacer for Idle. Initial: 35840K, Alloc Tax Rate: 1.0x
[2026-04-03T02:44:16.192+0600][60.981s][info][gc          ] Trigger: Average GC time (196.97 ms) is above the time for average allocation rate (1301 MB/s) to deplete free headroom (254M) (margin of error = 1.91)
[2026-04-03T02:44:16.192+0600][60.981s][info][gc,ergo     ] Free headroom: 341M (free) - 89600K (spike) - 0B (penalties) = 254M
[2026-04-03T02:44:16.192+0600][60.981s][info][gc,ergo     ] Free: 341M, Max: 512K regular, 213M humongous, Frag: 38% external, 0% internal; Reserve: 89600K, Max: 512K
[2026-04-03T02:44:16.192+0600][60.981s][info][gc,start    ] GC(41) Concurrent reset
[2026-04-03T02:44:16.192+0600][60.981s][info][gc,task     ] GC(41) Using 3 of 6 workers for concurrent reset
[2026-04-03T02:44:16.192+0600][60.981s][info][gc,ergo     ] GC(41) Pacer for Reset. Non-Taxable: 1750M
[2026-04-03T02:44:16.194+0600][60.983s][info][gc          ] GC(41) Concurrent reset 1.978ms
[2026-04-03T02:44:16.194+0600][60.984s][info][gc,start    ] GC(41) Pause Init Mark (unload classes)
[2026-04-03T02:44:16.194+0600][60.984s][info][gc,task     ] GC(41) Using 6 of 6 workers for init marking
[2026-04-03T02:44:16.195+0600][60.984s][info][gc,ergo     ] GC(41) Pacer for Mark. Expected Live: 93889K, Free: 337M, Non-Taxable: 34509K, Alloc Tax Rate: 0.3x
[2026-04-03T02:44:16.195+0600][60.984s][info][gc          ] GC(41) Pause Init Mark (unload classes) 0.155ms
[2026-04-03T02:44:16.195+0600][60.984s][info][gc,start    ] GC(41) Concurrent marking roots
[2026-04-03T02:44:16.195+0600][60.984s][info][gc,task     ] GC(41) Using 3 of 6 workers for concurrent marking roots
[2026-04-03T02:44:16.197+0600][60.986s][info][gc          ] GC(41) Concurrent marking roots 1.715ms
[2026-04-03T02:44:16.197+0600][60.986s][info][gc,start    ] GC(41) Concurrent marking (unload classes)
[2026-04-03T02:44:16.197+0600][60.986s][info][gc,task     ] GC(41) Using 3 of 6 workers for concurrent marking
[2026-04-03T02:44:16.255+0600][61.045s][info][gc          ] GC(41) Concurrent marking (unload classes) 58.675ms
[2026-04-03T02:44:16.255+0600][61.045s][info][gc,start    ] GC(41) Pause Final Mark (unload classes)
[2026-04-03T02:44:16.256+0600][61.045s][info][gc,task     ] GC(41) Using 6 of 6 workers for final marking
[2026-04-03T02:44:16.256+0600][61.045s][info][gc,ergo     ] GC(41) Adaptive CSet Selection. Target Free: 247M, Actual Free: 1227M, Max CSet: 74666K, Min Garbage: 0B
[2026-04-03T02:44:16.256+0600][61.045s][info][gc,ergo     ] GC(41) Collectable Garbage: 1111M (99%), Immediate: 861M (77%), CSet: 250M (22%)
[2026-04-03T02:44:16.256+0600][61.045s][info][gc,ergo     ] GC(41) Pacer for Evacuation. Used CSet: 259M, Free: 1256M, Non-Taxable: 125M, Alloc Tax Rate: 1.1x
[2026-04-03T02:44:16.256+0600][61.045s][info][gc          ] GC(41) Pause Final Mark (unload classes) 0.596ms
[2026-04-03T02:44:16.256+0600][61.046s][info][gc,start    ] GC(41) Concurrent thread roots
[2026-04-03T02:44:16.256+0600][61.046s][info][gc,task     ] GC(41) Using 3 of 6 workers for Concurrent thread roots
[2026-04-03T02:44:16.257+0600][61.047s][info][gc          ] GC(41) Concurrent thread roots 1.055ms
[2026-04-03T02:44:16.257+0600][61.047s][info][gc,start    ] GC(41) Concurrent weak references
[2026-04-03T02:44:16.257+0600][61.047s][info][gc,task     ] GC(41) Using 3 of 6 workers for concurrent weak references
[2026-04-03T02:44:16.258+0600][61.047s][info][gc,ref      ] GC(41) Encountered references: Soft: 3791, Weak: 16013, Final: 84, Phantom: 620
[2026-04-03T02:44:16.258+0600][61.048s][info][gc,ref      ] GC(41) Discovered  references: Soft: 0, Weak: 7247, Final: 0, Phantom: 363
[2026-04-03T02:44:16.258+0600][61.048s][info][gc,ref      ] GC(41) Enqueued    references: Soft: 0, Weak: 420, Final: 0, Phantom: 0
[2026-04-03T02:44:16.258+0600][61.048s][info][gc          ] GC(41) Concurrent weak references 0.846ms
[2026-04-03T02:44:16.258+0600][61.048s][info][gc,start    ] GC(41) Concurrent weak roots
[2026-04-03T02:44:16.258+0600][61.048s][info][gc,task     ] GC(41) Using 3 of 6 workers for concurrent weak root
[2026-04-03T02:44:16.263+0600][61.053s][info][gc          ] GC(41) Concurrent weak roots 5.188ms
[2026-04-03T02:44:16.263+0600][61.053s][info][gc,start    ] GC(41) Concurrent cleanup
[2026-04-03T02:44:16.264+0600][61.054s][info][gc          ] GC(41) Concurrent cleanup 1263M->401M(1459M) 0.969ms
[2026-04-03T02:44:16.265+0600][61.054s][info][gc,ergo     ] GC(41) Free: 1251M, Max: 512K regular, 222M humongous, Frag: 83% external, 0% internal; Reserve: 88713K, Max: 512K
[2026-04-03T02:44:16.265+0600][61.054s][info][gc,start    ] GC(41) Concurrent class unloading
[2026-04-03T02:44:16.265+0600][61.054s][info][gc,task     ] GC(41) Using 3 of 6 workers for concurrent class unloading
[2026-04-03T02:44:16.285+0600][61.074s][info][gc          ] GC(41) Concurrent class unloading 20.374ms
[2026-04-03T02:44:16.285+0600][61.074s][info][gc,start    ] GC(41) Concurrent strong roots
[2026-04-03T02:44:16.285+0600][61.074s][info][gc,task     ] GC(41) Using 3 of 6 workers for concurrent strong root
[2026-04-03T02:44:16.287+0600][61.076s][info][gc          ] GC(41) Concurrent strong roots 1.694ms
[2026-04-03T02:44:16.287+0600][61.076s][info][gc,start    ] GC(41) Concurrent evacuation
[2026-04-03T02:44:16.287+0600][61.076s][info][gc,task     ] GC(41) Using 3 of 6 workers for concurrent evacuation
[2026-04-03T02:44:16.295+0600][61.084s][info][gc          ] GC(41) Concurrent evacuation 8.133ms
[2026-04-03T02:44:16.295+0600][61.085s][info][gc,start    ] GC(41) Pause Init Update Refs
[2026-04-03T02:44:16.296+0600][61.085s][info][gc,ergo     ] GC(41) Pacer for Update Refs. Used: 432M, Free: 1229M, Non-Taxable: 122M, Alloc Tax Rate: 1.1x
[2026-04-03T02:44:16.296+0600][61.085s][info][gc          ] GC(41) Pause Init Update Refs 0.172ms
[2026-04-03T02:44:16.296+0600][61.085s][info][gc,start    ] GC(41) Concurrent update references
[2026-04-03T02:44:16.296+0600][61.085s][info][gc,task     ] GC(41) Using 3 of 6 workers for concurrent reference update
[2026-04-03T02:44:16.344+0600][61.134s][info][gc          ] GC(41) Concurrent update references 48.621ms
[2026-04-03T02:44:16.344+0600][61.134s][info][gc,start    ] GC(41) Concurrent update thread roots
[2026-04-03T02:44:16.346+0600][61.136s][info][gc          ] GC(41) Concurrent update thread roots 1.871ms
[2026-04-03T02:44:16.347+0600][61.136s][info][gc,start    ] GC(41) Pause Final Update Refs
[2026-04-03T02:44:16.347+0600][61.136s][info][gc,task     ] GC(41) Using 6 of 6 workers for final reference update
[2026-04-03T02:44:16.347+0600][61.136s][info][gc          ] GC(41) Pause Final Update Refs 0.271ms
[2026-04-03T02:44:16.347+0600][61.136s][info][gc,start    ] GC(41) Concurrent cleanup
[2026-04-03T02:44:16.348+0600][61.137s][info][gc          ] GC(41) Concurrent cleanup 469M->211M(1459M) 0.779ms
[2026-04-03T02:44:16.348+0600][61.137s][info][gc,ergo     ] Free: 1436M, Max: 512K regular, 723M humongous, Frag: 50% external, 0% internal; Reserve: 89600K, Max: 512K
[2026-04-03T02:44:16.348+0600][61.137s][info][gc,stats    ] 
[2026-04-03T02:44:16.348+0600][61.137s][info][gc,stats    ] All times are wall-clock times, except per-root-class counters, that are sum over
[2026-04-03T02:44:16.348+0600][61.137s][info][gc,stats    ] all workers. Dividing the <total> over the root stage time estimates parallelism.
[2026-04-03T02:44:16.348+0600][61.137s][info][gc,stats    ] 
[2026-04-03T02:44:16.348+0600][61.137s][info][gc,stats    ] Concurrent Reset                   2041 us
[2026-04-03T02:44:16.348+0600][61.137s][info][gc,stats    ] Pause Init Mark (G)                 779 us
[2026-04-03T02:44:16.348+0600][61.137s][info][gc,stats    ] Pause Init Mark (N)                 165 us
[2026-04-03T02:44:16.348+0600][61.137s][info][gc,stats    ]   Update Region States               39 us
[2026-04-03T02:44:16.348+0600][61.137s][info][gc,stats    ] Concurrent Mark Roots              1793 us, parallelism: 1.93x
[2026-04-03T02:44:16.348+0600][61.137s][info][gc,stats    ]   CMR: <total>                     3467 us
[2026-04-03T02:44:16.348+0600][61.137s][info][gc,stats    ]   CMR: Thread Roots                2968 us, workers (us): 727, 1145, 1096, ---, ---, ---, 
[2026-04-03T02:44:16.348+0600][61.137s][info][gc,stats    ]   CMR: VM Strong Roots               67 us, workers (us):  33,  33,   1, ---, ---, ---, 
[2026-04-03T02:44:16.348+0600][61.137s][info][gc,stats    ]   CMR: CLDG Roots                   433 us, workers (us): 433, ---, ---, ---, ---, ---, 
[2026-04-03T02:44:16.348+0600][61.137s][info][gc,stats    ] Concurrent Marking                58744 us
[2026-04-03T02:44:16.348+0600][61.137s][info][gc,stats    ] Pause Final Mark (G)                829 us
[2026-04-03T02:44:16.348+0600][61.138s][info][gc,stats    ] Pause Final Mark (N)                606 us
[2026-04-03T02:44:16.348+0600][61.138s][info][gc,stats    ]   Finish Mark                       166 us
[2026-04-03T02:44:16.348+0600][61.138s][info][gc,stats    ]   Update Region States               44 us
[2026-04-03T02:44:16.348+0600][61.138s][info][gc,stats    ]   Choose Collection Set             221 us
[2026-04-03T02:44:16.348+0600][61.138s][info][gc,stats    ]   Rebuild Free Set                   46 us
[2026-04-03T02:44:16.348+0600][61.138s][info][gc,stats    ] Concurrent Thread Roots            1119 us, parallelism: 2.20x
[2026-04-03T02:44:16.348+0600][61.138s][info][gc,stats    ]   CTR: <total>                     2460 us
[2026-04-03T02:44:16.348+0600][61.138s][info][gc,stats    ]   CTR: Thread Roots                2460 us, workers (us): 827, 819, 814, ---, ---, ---, 
[2026-04-03T02:44:16.348+0600][61.138s][info][gc,stats    ] Concurrent Weak References          857 us, parallelism: 1.05x
[2026-04-03T02:44:16.348+0600][61.138s][info][gc,stats    ]   CWRF: <total>                     902 us
[2026-04-03T02:44:16.348+0600][61.138s][info][gc,stats    ]   CWRF: Weak References             902 us, workers (us): 111, 220, 571, ---, ---, ---, 
[2026-04-03T02:44:16.348+0600][61.138s][info][gc,stats    ] Concurrent Weak Roots              5274 us
[2026-04-03T02:44:16.348+0600][61.138s][info][gc,stats    ]   Roots                            4682 us, parallelism: 2.75x
[2026-04-03T02:44:16.348+0600][61.138s][info][gc,stats    ]     CWR: <total>                  12862 us
[2026-04-03T02:44:16.348+0600][61.138s][info][gc,stats    ]     CWR: Code Cache Roots          9763 us, workers (us): 3363, 3312, 3088, ---, ---, ---, 
[2026-04-03T02:44:16.348+0600][61.138s][info][gc,stats    ]     CWR: VM Weak Roots             2882 us, workers (us): 980, 973, 929, ---, ---, ---, 
[2026-04-03T02:44:16.348+0600][61.138s][info][gc,stats    ]     CWR: CLDG Roots                 217 us, workers (us): ---, ---, 217, ---, ---, ---, 
[2026-04-03T02:44:16.348+0600][61.138s][info][gc,stats    ]   Rendezvous                        479 us
[2026-04-03T02:44:16.348+0600][61.138s][info][gc,stats    ] Concurrent Cleanup                  992 us
[2026-04-03T02:44:16.348+0600][61.138s][info][gc,stats    ] Concurrent Class Unloading        20513 us
[2026-04-03T02:44:16.348+0600][61.138s][info][gc,stats    ]   Unlink Stale                    17580 us
[2026-04-03T02:44:16.348+0600][61.138s][info][gc,stats    ]     System Dictionary               281 us
[2026-04-03T02:44:16.348+0600][61.138s][info][gc,stats    ]     Weak Class Links                  0 us
[2026-04-03T02:44:16.348+0600][61.138s][info][gc,stats    ]     Code Roots                    17295 us
[2026-04-03T02:44:16.348+0600][61.138s][info][gc,stats    ]   Rendezvous                        419 us
[2026-04-03T02:44:16.348+0600][61.138s][info][gc,stats    ]   Purge Unlinked                   2345 us
[2026-04-03T02:44:16.349+0600][61.138s][info][gc,stats    ]     Code Roots                     2320 us
[2026-04-03T02:44:16.349+0600][61.138s][info][gc,stats    ]     CLDG                             23 us
[2026-04-03T02:44:16.349+0600][61.138s][info][gc,stats    ]     Exception Caches                  0 us
[2026-04-03T02:44:16.349+0600][61.138s][info][gc,stats    ] Concurrent Strong Roots            1752 us, parallelism: 0.66x
[2026-04-03T02:44:16.349+0600][61.138s][info][gc,stats    ]   CSR: <total>                     1158 us
[2026-04-03T02:44:16.349+0600][61.138s][info][gc,stats    ]   CSR: VM Strong Roots               71 us, workers (us):  68,   1,   1, ---, ---, ---, 
[2026-04-03T02:44:16.349+0600][61.138s][info][gc,stats    ]   CSR: CLDG Roots                  1087 us, workers (us): 1087, ---, ---, ---, ---, ---, 
[2026-04-03T02:44:16.349+0600][61.138s][info][gc,stats    ] Concurrent Evacuation              8244 us
[2026-04-03T02:44:16.349+0600][61.138s][info][gc,stats    ] Pause Init Update Refs (G)          657 us
[2026-04-03T02:44:16.349+0600][61.138s][info][gc,stats    ] Pause Init Update Refs (N)          186 us
[2026-04-03T02:44:16.349+0600][61.138s][info][gc,stats    ]   Manage GCLABs                      48 us
[2026-04-03T02:44:16.349+0600][61.138s][info][gc,stats    ] Concurrent Update Refs            48733 us
[2026-04-03T02:44:16.349+0600][61.138s][info][gc,stats    ] Concurrent Update Thread Roots     1948 us
[2026-04-03T02:44:16.349+0600][61.138s][info][gc,stats    ] Pause Final Update Refs (G)         537 us
[2026-04-03T02:44:16.349+0600][61.138s][info][gc,stats    ] Pause Final Update Refs (N)         295 us
[2026-04-03T02:44:16.349+0600][61.138s][info][gc,stats    ]   Update Region States               89 us
[2026-04-03T02:44:16.349+0600][61.138s][info][gc,stats    ]   Trash Collection Set               25 us
[2026-04-03T02:44:16.349+0600][61.138s][info][gc,stats    ]   Rebuild Free Set                   60 us
[2026-04-03T02:44:16.349+0600][61.138s][info][gc,stats    ] Concurrent Cleanup                  808 us
[2026-04-03T02:44:16.349+0600][61.138s][info][gc,stats    ] Pacing                            70873 us
[2026-04-03T02:44:16.349+0600][61.138s][info][gc,stats    ] 
[2026-04-03T02:44:16.349+0600][61.138s][info][gc,stats    ] Allocation pacing accrued:
[2026-04-03T02:44:16.349+0600][61.138s][info][gc,stats    ]      10 of   992 ms (  1.0%): Executor task launch worker for task 7.0 in stage 2252.0 (TID 4332)
[2026-04-03T02:44:16.349+0600][61.138s][info][gc,stats    ]      10 of   992 ms (  1.0%): Executor task launch worker for task 3.0 in stage 2252.0 (TID 4328)
[2026-04-03T02:44:16.349+0600][61.138s][info][gc,stats    ]      10 of   992 ms (  1.0%): Executor task launch worker for task 0.0 in stage 2252.0 (TID 4325)
[2026-04-03T02:44:16.349+0600][61.138s][info][gc,stats    ]      10 of   992 ms (  1.0%): Executor task launch worker for task 6.0 in stage 2252.0 (TID 4331)
[2026-04-03T02:44:16.349+0600][61.138s][info][gc,stats    ]      10 of   992 ms (  1.0%): Executor task launch worker for task 1.0 in stage 2252.0 (TID 4326)
[2026-04-03T02:44:16.349+0600][61.138s][info][gc,stats    ]      10 of   992 ms (  1.0%): task-result-getter-0
[2026-04-03T02:44:16.349+0600][61.138s][info][gc,stats    ]      10 of   992 ms (  1.0%): task-result-getter-1
[2026-04-03T02:44:16.349+0600][61.138s][info][gc,stats    ]      71 of   992 ms (  7.1%): <total>
[2026-04-03T02:44:16.349+0600][61.138s][info][gc,stats    ]       0 of   992 ms (  0.0%): <average total>
[2026-04-03T02:44:16.349+0600][61.138s][info][gc,stats    ]      10 of   992 ms (  1.0%): <average non-zero>
[2026-04-03T02:44:16.349+0600][61.138s][info][gc,stats    ] 
[2026-04-03T02:44:16.349+0600][61.138s][info][gc,metaspace] Metaspace: 131347K(132672K)->131347K(132672K) NonClass: 114849K(115520K)->114849K(115520K) Class: 16497K(17152K)->16497K(17152K)
[2026-04-03T02:44:16.349+0600][61.138s][info][gc,ergo     ] Pacer for Idle. Initial: 35840K, Alloc Tax Rate: 1.0x
[2026-04-03T02:44:17.407+0600][62.196s][info][gc          ] Trigger: Average GC time (185.85 ms) is above the time for average allocation rate (1279 MB/s) to deplete free headroom (233M) (margin of error = 1.90)
[2026-04-03T02:44:17.407+0600][62.196s][info][gc,ergo     ] Free headroom: 321M (free) - 89600K (spike) - 0B (penalties) = 233M
[2026-04-03T02:44:17.407+0600][62.197s][info][gc,ergo     ] Free: 321M, Max: 512K regular, 224M humongous, Frag: 30% external, 0% internal; Reserve: 89600K, Max: 512K
[2026-04-03T02:44:17.407+0600][62.197s][info][gc,start    ] GC(42) Concurrent reset
[2026-04-03T02:44:17.407+0600][62.197s][info][gc,task     ] GC(42) Using 3 of 6 workers for concurrent reset
[2026-04-03T02:44:17.407+0600][62.197s][info][gc,ergo     ] GC(42) Pacer for Reset. Non-Taxable: 1750M
[2026-04-03T02:44:17.410+0600][62.200s][info][gc          ] GC(42) Concurrent reset 2.946ms
[2026-04-03T02:44:17.410+0600][62.200s][info][gc,start    ] GC(42) Pause Init Mark (unload classes)
[2026-04-03T02:44:17.410+0600][62.200s][info][gc,task     ] GC(42) Using 6 of 6 workers for init marking
[2026-04-03T02:44:17.410+0600][62.200s][info][gc,ergo     ] GC(42) Pacer for Mark. Expected Live: 93613K, Free: 320M, Non-Taxable: 32779K, Alloc Tax Rate: 0.3x
[2026-04-03T02:44:17.411+0600][62.200s][info][gc          ] GC(42) Pause Init Mark (unload classes) 0.147ms
[2026-04-03T02:44:17.411+0600][62.200s][info][gc,start    ] GC(42) Concurrent marking roots
[2026-04-03T02:44:17.411+0600][62.200s][info][gc,task     ] GC(42) Using 3 of 6 workers for concurrent marking roots
[2026-04-03T02:44:17.412+0600][62.201s][info][gc          ] GC(42) Concurrent marking roots 1.412ms
[2026-04-03T02:44:17.412+0600][62.201s][info][gc,start    ] GC(42) Concurrent marking (unload classes)
[2026-04-03T02:44:17.412+0600][62.201s][info][gc,task     ] GC(42) Using 3 of 6 workers for concurrent marking
[2026-04-03T02:44:17.482+0600][62.272s][info][gc          ] GC(42) Concurrent marking (unload classes) 70.301ms
[2026-04-03T02:44:17.482+0600][62.272s][info][gc,start    ] GC(42) Pause Final Mark (unload classes)
[2026-04-03T02:44:17.483+0600][62.272s][info][gc,task     ] GC(42) Using 6 of 6 workers for final marking
[2026-04-03T02:44:17.483+0600][62.272s][info][gc,ergo     ] GC(42) Adaptive CSet Selection. Target Free: 247M, Actual Free: 1247M, Max CSet: 74666K, Min Garbage: 0B
[2026-04-03T02:44:17.483+0600][62.272s][info][gc,ergo     ] GC(42) Collectable Garbage: 1125M (99%), Immediate: 893M (78%), CSet: 232M (20%)
[2026-04-03T02:44:17.483+0600][62.272s][info][gc,ergo     ] GC(42) Pacer for Evacuation. Used CSet: 237M, Free: 1278M, Non-Taxable: 127M, Alloc Tax Rate: 1.1x
[2026-04-03T02:44:17.483+0600][62.272s][info][gc          ] GC(42) Pause Final Mark (unload classes) 0.627ms
[2026-04-03T02:44:17.483+0600][62.273s][info][gc,start    ] GC(42) Concurrent thread roots
[2026-04-03T02:44:17.483+0600][62.273s][info][gc,task     ] GC(42) Using 3 of 6 workers for Concurrent thread roots
[2026-04-03T02:44:17.484+0600][62.274s][info][gc          ] GC(42) Concurrent thread roots 1.034ms
[2026-04-03T02:44:17.484+0600][62.274s][info][gc,start    ] GC(42) Concurrent weak references
[2026-04-03T02:44:17.484+0600][62.274s][info][gc,task     ] GC(42) Using 3 of 6 workers for concurrent weak references
[2026-04-03T02:44:17.485+0600][62.275s][info][gc,ref      ] GC(42) Encountered references: Soft: 3785, Weak: 17443, Final: 84, Phantom: 620
[2026-04-03T02:44:17.485+0600][62.275s][info][gc,ref      ] GC(42) Discovered  references: Soft: 0, Weak: 10631, Final: 48, Phantom: 231
[2026-04-03T02:44:17.485+0600][62.275s][info][gc,ref      ] GC(42) Enqueued    references: Soft: 0, Weak: 1636, Final: 0, Phantom: 0
[2026-04-03T02:44:17.485+0600][62.275s][info][gc          ] GC(42) Concurrent weak references 1.084ms
[2026-04-03T02:44:17.486+0600][62.275s][info][gc,start    ] GC(42) Concurrent weak roots
[2026-04-03T02:44:17.486+0600][62.275s][info][gc,task     ] GC(42) Using 3 of 6 workers for concurrent weak root
[2026-04-03T02:44:17.491+0600][62.280s][info][gc          ] GC(42) Concurrent weak roots 5.079ms
[2026-04-03T02:44:17.491+0600][62.280s][info][gc,start    ] GC(42) Concurrent cleanup
[2026-04-03T02:44:17.492+0600][62.281s][info][gc          ] GC(42) Concurrent cleanup 1272M->380M(1459M) 0.830ms
[2026-04-03T02:44:17.492+0600][62.281s][info][gc,ergo     ] GC(42) Free: 1275M, Max: 512K regular, 224M humongous, Frag: 83% external, 0% internal; Reserve: 89108K, Max: 512K
[2026-04-03T02:44:17.492+0600][62.281s][info][gc,start    ] GC(42) Concurrent class unloading
[2026-04-03T02:44:17.492+0600][62.281s][info][gc,task     ] GC(42) Using 3 of 6 workers for concurrent class unloading
[2026-04-03T02:44:17.515+0600][62.305s][info][gc          ] GC(42) Concurrent class unloading 23.754ms
[2026-04-03T02:44:17.516+0600][62.305s][info][gc,start    ] GC(42) Concurrent strong roots
[2026-04-03T02:44:17.516+0600][62.305s][info][gc,task     ] GC(42) Using 3 of 6 workers for concurrent strong root
[2026-04-03T02:44:17.518+0600][62.307s][info][gc          ] GC(42) Concurrent strong roots 2.082ms
[2026-04-03T02:44:17.518+0600][62.307s][info][gc,start    ] GC(42) Concurrent evacuation
[2026-04-03T02:44:17.518+0600][62.307s][info][gc,task     ] GC(42) Using 3 of 6 workers for concurrent evacuation
[2026-04-03T02:44:17.523+0600][62.313s][info][gc          ] GC(42) Concurrent evacuation 5.552ms
[2026-04-03T02:44:17.524+0600][62.313s][info][gc,start    ] GC(42) Pause Init Update Refs
[2026-04-03T02:44:17.524+0600][62.313s][info][gc,ergo     ] GC(42) Pacer for Update Refs. Used: 406M, Free: 1255M, Non-Taxable: 125M, Alloc Tax Rate: 1.1x
[2026-04-03T02:44:17.524+0600][62.313s][info][gc          ] GC(42) Pause Init Update Refs 0.210ms
[2026-04-03T02:44:17.524+0600][62.313s][info][gc,start    ] GC(42) Concurrent update references
[2026-04-03T02:44:17.524+0600][62.313s][info][gc,task     ] GC(42) Using 3 of 6 workers for concurrent reference update
[2026-04-03T02:44:17.583+0600][62.372s][info][gc          ] GC(42) Concurrent update references 59.080ms
[2026-04-03T02:44:17.583+0600][62.373s][info][gc,start    ] GC(42) Concurrent update thread roots
[2026-04-03T02:44:17.585+0600][62.374s][info][gc          ] GC(42) Concurrent update thread roots 1.882ms
[2026-04-03T02:44:17.585+0600][62.375s][info][gc,start    ] GC(42) Pause Final Update Refs
[2026-04-03T02:44:17.586+0600][62.375s][info][gc,task     ] GC(42) Using 6 of 6 workers for final reference update
[2026-04-03T02:44:17.586+0600][62.375s][info][gc          ] GC(42) Pause Final Update Refs 0.291ms
[2026-04-03T02:44:17.586+0600][62.375s][info][gc,start    ] GC(42) Concurrent cleanup
[2026-04-03T02:44:17.587+0600][62.376s][info][gc          ] GC(42) Concurrent cleanup 455M->218M(1459M) 0.744ms
[2026-04-03T02:44:17.587+0600][62.376s][info][gc,ergo     ] Free: 1430M, Max: 512K regular, 978M humongous, Frag: 32% external, 0% internal; Reserve: 89600K, Max: 512K
[2026-04-03T02:44:17.587+0600][62.376s][info][gc,stats    ] 
[2026-04-03T02:44:17.587+0600][62.376s][info][gc,stats    ] All times are wall-clock times, except per-root-class counters, that are sum over
[2026-04-03T02:44:17.587+0600][62.376s][info][gc,stats    ] all workers. Dividing the <total> over the root stage time estimates parallelism.
[2026-04-03T02:44:17.587+0600][62.376s][info][gc,stats    ] 
[2026-04-03T02:44:17.587+0600][62.376s][info][gc,stats    ] Concurrent Reset                   3024 us
[2026-04-03T02:44:17.587+0600][62.376s][info][gc,stats    ] Pause Init Mark (G)                 313 us
[2026-04-03T02:44:17.587+0600][62.376s][info][gc,stats    ] Pause Init Mark (N)                 156 us
[2026-04-03T02:44:17.587+0600][62.376s][info][gc,stats    ]   Update Region States               35 us
[2026-04-03T02:44:17.587+0600][62.376s][info][gc,stats    ] Concurrent Mark Roots              1444 us, parallelism: 1.97x
[2026-04-03T02:44:17.587+0600][62.376s][info][gc,stats    ]   CMR: <total>                     2844 us
[2026-04-03T02:44:17.587+0600][62.376s][info][gc,stats    ]   CMR: Thread Roots                2565 us, workers (us): 702, 936, 927, ---, ---, ---, 
[2026-04-03T02:44:17.587+0600][62.376s][info][gc,stats    ]   CMR: VM Strong Roots               41 us, workers (us):  39,   1,   1, ---, ---, ---, 
[2026-04-03T02:44:17.587+0600][62.376s][info][gc,stats    ]   CMR: CLDG Roots                   238 us, workers (us): 238, ---, ---, ---, ---, ---, 
[2026-04-03T02:44:17.587+0600][62.376s][info][gc,stats    ] Concurrent Marking                70355 us
[2026-04-03T02:44:17.587+0600][62.376s][info][gc,stats    ] Pause Final Mark (G)                941 us
[2026-04-03T02:44:17.587+0600][62.376s][info][gc,stats    ] Pause Final Mark (N)                638 us
[2026-04-03T02:44:17.587+0600][62.376s][info][gc,stats    ]   Finish Mark                       150 us
[2026-04-03T02:44:17.587+0600][62.376s][info][gc,stats    ]   Update Region States               47 us
[2026-04-03T02:44:17.587+0600][62.376s][info][gc,stats    ]   Choose Collection Set             239 us
[2026-04-03T02:44:17.587+0600][62.376s][info][gc,stats    ]   Rebuild Free Set                   46 us
[2026-04-03T02:44:17.587+0600][62.376s][info][gc,stats    ] Concurrent Thread Roots            1100 us, parallelism: 2.17x
[2026-04-03T02:44:17.587+0600][62.377s][info][gc,stats    ]   CTR: <total>                     2383 us
[2026-04-03T02:44:17.587+0600][62.377s][info][gc,stats    ]   CTR: Thread Roots                2383 us, workers (us): 880, 833, 670, ---, ---, ---, 
[2026-04-03T02:44:17.587+0600][62.377s][info][gc,stats    ] Concurrent Weak References         1099 us, parallelism: 1.39x
[2026-04-03T02:44:17.587+0600][62.377s][info][gc,stats    ]   CWRF: <total>                    1532 us
[2026-04-03T02:44:17.587+0600][62.377s][info][gc,stats    ]   CWRF: Weak References            1532 us, workers (us): 862, 651,  20, ---, ---, ---, 
[2026-04-03T02:44:17.587+0600][62.377s][info][gc,stats    ] Concurrent Weak Roots              5192 us
[2026-04-03T02:44:17.587+0600][62.377s][info][gc,stats    ]   Roots                            4636 us, parallelism: 2.66x
[2026-04-03T02:44:17.587+0600][62.377s][info][gc,stats    ]     CWR: <total>                  12345 us
[2026-04-03T02:44:17.587+0600][62.377s][info][gc,stats    ]     CWR: Code Cache Roots          9813 us, workers (us): 3386, 3307, 3121, ---, ---, ---, 
[2026-04-03T02:44:17.587+0600][62.377s][info][gc,stats    ]     CWR: VM Weak Roots             2416 us, workers (us): 855, 848, 713, ---, ---, ---, 
[2026-04-03T02:44:17.587+0600][62.377s][info][gc,stats    ]     CWR: CLDG Roots                 115 us, workers (us): ---, ---, 115, ---, ---, ---, 
[2026-04-03T02:44:17.587+0600][62.377s][info][gc,stats    ]   Rendezvous                        407 us
[2026-04-03T02:44:17.587+0600][62.377s][info][gc,stats    ] Concurrent Cleanup                  860 us
[2026-04-03T02:44:17.587+0600][62.377s][info][gc,stats    ] Concurrent Class Unloading        23919 us
[2026-04-03T02:44:17.587+0600][62.377s][info][gc,stats    ]   Unlink Stale                    18865 us
[2026-04-03T02:44:17.587+0600][62.377s][info][gc,stats    ]     System Dictionary               325 us
[2026-04-03T02:44:17.587+0600][62.377s][info][gc,stats    ]     Weak Class Links                  0 us
[2026-04-03T02:44:17.587+0600][62.377s][info][gc,stats    ]     Code Roots                    18534 us
[2026-04-03T02:44:17.587+0600][62.377s][info][gc,stats    ]   Rendezvous                        714 us
[2026-04-03T02:44:17.587+0600][62.377s][info][gc,stats    ]   Purge Unlinked                   4133 us
[2026-04-03T02:44:17.587+0600][62.377s][info][gc,stats    ]     Code Roots                     4101 us
[2026-04-03T02:44:17.587+0600][62.377s][info][gc,stats    ]     CLDG                             31 us
[2026-04-03T02:44:17.587+0600][62.377s][info][gc,stats    ]     Exception Caches                  0 us
[2026-04-03T02:44:17.587+0600][62.377s][info][gc,stats    ] Concurrent Strong Roots            2204 us, parallelism: 0.56x
[2026-04-03T02:44:17.587+0600][62.377s][info][gc,stats    ]   CSR: <total>                     1233 us
[2026-04-03T02:44:17.587+0600][62.377s][info][gc,stats    ]   CSR: VM Strong Roots               71 us, workers (us):  52,  19,   0, ---, ---, ---, 
[2026-04-03T02:44:17.587+0600][62.377s][info][gc,stats    ]   CSR: CLDG Roots                  1161 us, workers (us): 1161, ---, ---, ---, ---, ---, 
[2026-04-03T02:44:17.588+0600][62.377s][info][gc,stats    ] Concurrent Evacuation              5676 us
[2026-04-03T02:44:17.588+0600][62.377s][info][gc,stats    ] Pause Init Update Refs (G)          582 us
[2026-04-03T02:44:17.588+0600][62.377s][info][gc,stats    ] Pause Init Update Refs (N)          226 us
[2026-04-03T02:44:17.588+0600][62.377s][info][gc,stats    ]   Manage GCLABs                      46 us
[2026-04-03T02:44:17.588+0600][62.377s][info][gc,stats    ] Concurrent Update Refs            59201 us
[2026-04-03T02:44:17.588+0600][62.377s][info][gc,stats    ] Concurrent Update Thread Roots     1975 us
[2026-04-03T02:44:17.588+0600][62.377s][info][gc,stats    ] Pause Final Update Refs (G)         691 us
[2026-04-03T02:44:17.588+0600][62.377s][info][gc,stats    ] Pause Final Update Refs (N)         314 us
[2026-04-03T02:44:17.588+0600][62.377s][info][gc,stats    ]   Update Region States               72 us
[2026-04-03T02:44:17.588+0600][62.377s][info][gc,stats    ]   Trash Collection Set               37 us
[2026-04-03T02:44:17.588+0600][62.377s][info][gc,stats    ]   Rebuild Free Set                   58 us
[2026-04-03T02:44:17.588+0600][62.377s][info][gc,stats    ] Concurrent Cleanup                  804 us
[2026-04-03T02:44:17.588+0600][62.377s][info][gc,stats    ] Pacing                            40611 us
[2026-04-03T02:44:17.588+0600][62.377s][info][gc,stats    ] 
[2026-04-03T02:44:17.588+0600][62.377s][info][gc,stats    ] Allocation pacing accrued:
[2026-04-03T02:44:17.588+0600][62.377s][info][gc,stats    ]       4 of  1239 ms (  0.3%): Spark Context Cleaner
[2026-04-03T02:44:17.588+0600][62.377s][info][gc,stats    ]      11 of  1239 ms (  0.9%): Executor task launch worker for task 5.0 in stage 2307.0 (TID 4530)
[2026-04-03T02:44:17.588+0600][62.377s][info][gc,stats    ]      11 of  1239 ms (  0.9%): Executor task launch worker for task 7.0 in stage 2307.0 (TID 4532)
[2026-04-03T02:44:17.588+0600][62.377s][info][gc,stats    ]      10 of  1239 ms (  0.8%): Executor task launch worker for task 1.0 in stage 2307.0 (TID 4526)
[2026-04-03T02:44:17.588+0600][62.377s][info][gc,stats    ]       4 of  1239 ms (  0.3%): task-result-getter-0
[2026-04-03T02:44:17.588+0600][62.377s][info][gc,stats    ]      41 of  1239 ms (  3.3%): <total>
[2026-04-03T02:44:17.588+0600][62.377s][info][gc,stats    ]       0 of  1239 ms (  0.0%): <average total>
[2026-04-03T02:44:17.588+0600][62.377s][info][gc,stats    ]       8 of  1239 ms (  0.7%): <average non-zero>
[2026-04-03T02:44:17.588+0600][62.377s][info][gc,stats    ] 
[2026-04-03T02:44:17.588+0600][62.377s][info][gc,metaspace] Metaspace: 131371K(132672K)->131372K(132672K) NonClass: 114873K(115520K)->114874K(115520K) Class: 16497K(17152K)->16497K(17152K)
[2026-04-03T02:44:17.588+0600][62.377s][info][gc,ergo     ] Pacer for Idle. Initial: 35840K, Alloc Tax Rate: 1.0x
[2026-04-03T02:44:18.170+0600][62.959s][info][gc          ] Trigger: Average GC time (199.92 ms) is above the time for average allocation rate (1533 MB/s) to deplete free headroom (296M) (margin of error = 1.90)
[2026-04-03T02:44:18.170+0600][62.959s][info][gc,ergo     ] Free headroom: 384M (free) - 89600K (spike) - 0B (penalties) = 296M
[2026-04-03T02:44:18.170+0600][62.959s][info][gc,ergo     ] Free: 384M, Max: 512K regular, 223M humongous, Frag: 42% external, 0% internal; Reserve: 89600K, Max: 512K
[2026-04-03T02:44:18.170+0600][62.959s][info][gc,start    ] GC(43) Concurrent reset
[2026-04-03T02:44:18.170+0600][62.959s][info][gc,task     ] GC(43) Using 3 of 6 workers for concurrent reset
[2026-04-03T02:44:18.170+0600][62.959s][info][gc,ergo     ] GC(43) Pacer for Reset. Non-Taxable: 1750M
[2026-04-03T02:44:18.172+0600][62.962s][info][gc          ] GC(43) Concurrent reset 2.363ms
[2026-04-03T02:44:18.173+0600][62.962s][info][gc,start    ] GC(43) Pause Init Mark (unload classes)
[2026-04-03T02:44:18.173+0600][62.962s][info][gc,task     ] GC(43) Using 6 of 6 workers for init marking
[2026-04-03T02:44:18.173+0600][62.962s][info][gc,ergo     ] GC(43) Pacer for Mark. Expected Live: 93626K, Free: 332M, Non-Taxable: 34003K, Alloc Tax Rate: 0.3x
[2026-04-03T02:44:18.173+0600][62.962s][info][gc          ] GC(43) Pause Init Mark (unload classes) 0.222ms
[2026-04-03T02:44:18.173+0600][62.963s][info][gc,start    ] GC(43) Concurrent marking roots
[2026-04-03T02:44:18.173+0600][62.963s][info][gc,task     ] GC(43) Using 3 of 6 workers for concurrent marking roots
[2026-04-03T02:44:18.175+0600][62.965s][info][gc          ] GC(43) Concurrent marking roots 2.022ms
[2026-04-03T02:44:18.175+0600][62.965s][info][gc,start    ] GC(43) Concurrent marking (unload classes)
[2026-04-03T02:44:18.175+0600][62.965s][info][gc,task     ] GC(43) Using 3 of 6 workers for concurrent marking
[2026-04-03T02:44:18.223+0600][63.012s][info][gc          ] GC(43) Concurrent marking (unload classes) 47.702ms
[2026-04-03T02:44:18.223+0600][63.013s][info][gc,start    ] GC(43) Pause Final Mark (unload classes)
[2026-04-03T02:44:18.223+0600][63.013s][info][gc,task     ] GC(43) Using 6 of 6 workers for final marking
[2026-04-03T02:44:18.224+0600][63.013s][info][gc,ergo     ] GC(43) Adaptive CSet Selection. Target Free: 247M, Actual Free: 1252M, Max CSet: 74666K, Min Garbage: 0B
[2026-04-03T02:44:18.224+0600][63.013s][info][gc,ergo     ] GC(43) Collectable Garbage: 1104M (99%), Immediate: 914M (82%), CSet: 190M (17%)
[2026-04-03T02:44:18.224+0600][63.013s][info][gc,ergo     ] GC(43) Pacer for Evacuation. Used CSet: 199M, Free: 1270M, Non-Taxable: 127M, Alloc Tax Rate: 1.1x
[2026-04-03T02:44:18.224+0600][63.013s][info][gc          ] GC(43) Pause Final Mark (unload classes) 0.763ms
[2026-04-03T02:44:18.224+0600][63.014s][info][gc,start    ] GC(43) Concurrent thread roots
[2026-04-03T02:44:18.224+0600][63.014s][info][gc,task     ] GC(43) Using 3 of 6 workers for Concurrent thread roots
[2026-04-03T02:44:18.225+0600][63.014s][info][gc          ] GC(43) Concurrent thread roots 0.864ms
[2026-04-03T02:44:18.225+0600][63.014s][info][gc,start    ] GC(43) Concurrent weak references
[2026-04-03T02:44:18.225+0600][63.014s][info][gc,task     ] GC(43) Using 3 of 6 workers for concurrent weak references
[2026-04-03T02:44:18.226+0600][63.015s][info][gc,ref      ] GC(43) Encountered references: Soft: 3788, Weak: 17164, Final: 84, Phantom: 645
[2026-04-03T02:44:18.226+0600][63.015s][info][gc,ref      ] GC(43) Discovered  references: Soft: 0, Weak: 11072, Final: 84, Phantom: 322
[2026-04-03T02:44:18.226+0600][63.015s][info][gc,ref      ] GC(43) Enqueued    references: Soft: 0, Weak: 2517, Final: 0, Phantom: 0
[2026-04-03T02:44:18.226+0600][63.015s][info][gc          ] GC(43) Concurrent weak references 0.707ms
[2026-04-03T02:44:18.226+0600][63.015s][info][gc,start    ] GC(43) Concurrent weak roots
[2026-04-03T02:44:18.226+0600][63.015s][info][gc,task     ] GC(43) Using 3 of 6 workers for concurrent weak root
[2026-04-03T02:44:18.231+0600][63.020s][info][gc          ] GC(43) Concurrent weak roots 5.284ms
[2026-04-03T02:44:18.231+0600][63.021s][info][gc,start    ] GC(43) Concurrent cleanup
[2026-04-03T02:44:18.232+0600][63.021s][info][gc          ] GC(43) Concurrent cleanup 1315M->406M(1459M) 0.904ms
[2026-04-03T02:44:18.232+0600][63.022s][info][gc,ergo     ] GC(43) Free: 1241M, Max: 512K regular, 249M humongous, Frag: 80% external, 0% internal; Reserve: 87093K, Max: 512K
[2026-04-03T02:44:18.232+0600][63.022s][info][gc,start    ] GC(43) Concurrent class unloading
[2026-04-03T02:44:18.232+0600][63.022s][info][gc,task     ] GC(43) Using 3 of 6 workers for concurrent class unloading
[2026-04-03T02:44:18.250+0600][63.039s][info][gc          ] GC(43) Concurrent class unloading 17.711ms
[2026-04-03T02:44:18.250+0600][63.039s][info][gc,start    ] GC(43) Concurrent strong roots
[2026-04-03T02:44:18.250+0600][63.039s][info][gc,task     ] GC(43) Using 3 of 6 workers for concurrent strong root
[2026-04-03T02:44:18.252+0600][63.041s][info][gc          ] GC(43) Concurrent strong roots 1.619ms
[2026-04-03T02:44:18.252+0600][63.041s][info][gc,start    ] GC(43) Concurrent evacuation
[2026-04-03T02:44:18.252+0600][63.041s][info][gc,task     ] GC(43) Using 3 of 6 workers for concurrent evacuation
[2026-04-03T02:44:18.256+0600][63.045s][info][gc          ] GC(43) Concurrent evacuation 4.085ms
[2026-04-03T02:44:18.256+0600][63.046s][info][gc,start    ] GC(43) Pause Init Update Refs
[2026-04-03T02:44:18.256+0600][63.046s][info][gc,ergo     ] GC(43) Pacer for Update Refs. Used: 438M, Free: 1215M, Non-Taxable: 121M, Alloc Tax Rate: 1.1x
[2026-04-03T02:44:18.256+0600][63.046s][info][gc          ] GC(43) Pause Init Update Refs 0.131ms
[2026-04-03T02:44:18.256+0600][63.046s][info][gc,start    ] GC(43) Concurrent update references
[2026-04-03T02:44:18.256+0600][63.046s][info][gc,task     ] GC(43) Using 3 of 6 workers for concurrent reference update
[2026-04-03T02:44:18.301+0600][63.090s][info][gc          ] GC(43) Concurrent update references 44.185ms
[2026-04-03T02:44:18.301+0600][63.090s][info][gc,start    ] GC(43) Concurrent update thread roots
[2026-04-03T02:44:18.302+0600][63.091s][info][gc          ] GC(43) Concurrent update thread roots 1.029ms
[2026-04-03T02:44:18.302+0600][63.091s][info][gc,start    ] GC(43) Pause Final Update Refs
[2026-04-03T02:44:18.302+0600][63.091s][info][gc,task     ] GC(43) Using 6 of 6 workers for final reference update
[2026-04-03T02:44:18.302+0600][63.092s][info][gc          ] GC(43) Pause Final Update Refs 0.184ms
[2026-04-03T02:44:18.302+0600][63.092s][info][gc,start    ] GC(43) Concurrent cleanup
[2026-04-03T02:44:18.303+0600][63.092s][info][gc          ] GC(43) Concurrent cleanup 489M->289M(1459M) 0.669ms
[2026-04-03T02:44:18.303+0600][63.092s][info][gc,ergo     ] Free: 1350M, Max: 512K regular, 893M humongous, Frag: 34% external, 0% internal; Reserve: 89600K, Max: 512K
[2026-04-03T02:44:18.303+0600][63.092s][info][gc,stats    ] 
[2026-04-03T02:44:18.303+0600][63.092s][info][gc,stats    ] All times are wall-clock times, except per-root-class counters, that are sum over
[2026-04-03T02:44:18.303+0600][63.092s][info][gc,stats    ] all workers. Dividing the <total> over the root stage time estimates parallelism.
[2026-04-03T02:44:18.303+0600][63.092s][info][gc,stats    ] 
[2026-04-03T02:44:18.303+0600][63.092s][info][gc,stats    ] Concurrent Reset                   2453 us
[2026-04-03T02:44:18.303+0600][63.092s][info][gc,stats    ] Pause Init Mark (G)                 981 us
[2026-04-03T02:44:18.303+0600][63.092s][info][gc,stats    ] Pause Init Mark (N)                 234 us
[2026-04-03T02:44:18.303+0600][63.092s][info][gc,stats    ]   Update Region States               49 us
[2026-04-03T02:44:18.303+0600][63.092s][info][gc,stats    ] Concurrent Mark Roots              2101 us, parallelism: 2.10x
[2026-04-03T02:44:18.303+0600][63.092s][info][gc,stats    ]   CMR: <total>                     4404 us
[2026-04-03T02:44:18.303+0600][63.093s][info][gc,stats    ]   CMR: Thread Roots                3723 us, workers (us): 1484, 804, 1434, ---, ---, ---, 
[2026-04-03T02:44:18.303+0600][63.093s][info][gc,stats    ]   CMR: VM Strong Roots               66 us, workers (us):  43,  23,   1, ---, ---, ---, 
[2026-04-03T02:44:18.303+0600][63.093s][info][gc,stats    ]   CMR: CLDG Roots                   615 us, workers (us): ---, 615, ---, ---, ---, ---, 
[2026-04-03T02:44:18.303+0600][63.093s][info][gc,stats    ] Concurrent Marking                47761 us
[2026-04-03T02:44:18.303+0600][63.093s][info][gc,stats    ] Pause Final Mark (G)               1071 us
[2026-04-03T02:44:18.303+0600][63.093s][info][gc,stats    ] Pause Final Mark (N)                775 us
[2026-04-03T02:44:18.303+0600][63.093s][info][gc,stats    ]   Finish Mark                       226 us
[2026-04-03T02:44:18.303+0600][63.093s][info][gc,stats    ]   Update Region States               57 us
[2026-04-03T02:44:18.303+0600][63.093s][info][gc,stats    ]   Choose Collection Set             312 us
[2026-04-03T02:44:18.303+0600][63.093s][info][gc,stats    ]   Rebuild Free Set                   49 us
[2026-04-03T02:44:18.303+0600][63.093s][info][gc,stats    ] Concurrent Thread Roots             897 us, parallelism: 2.24x
[2026-04-03T02:44:18.303+0600][63.093s][info][gc,stats    ]   CTR: <total>                     2007 us
[2026-04-03T02:44:18.303+0600][63.093s][info][gc,stats    ]   CTR: Thread Roots                2007 us, workers (us): 695, 661, 651, ---, ---, ---, 
[2026-04-03T02:44:18.303+0600][63.093s][info][gc,stats    ] Concurrent Weak References          719 us, parallelism: 1.43x
[2026-04-03T02:44:18.303+0600][63.093s][info][gc,stats    ]   CWRF: <total>                    1028 us
[2026-04-03T02:44:18.303+0600][63.093s][info][gc,stats    ]   CWRF: Weak References            1028 us, workers (us): 276, 487, 265, ---, ---, ---, 
[2026-04-03T02:44:18.303+0600][63.093s][info][gc,stats    ] Concurrent Weak Roots              5374 us
[2026-04-03T02:44:18.303+0600][63.093s][info][gc,stats    ]   Roots                            4213 us, parallelism: 2.69x
[2026-04-03T02:44:18.303+0600][63.093s][info][gc,stats    ]     CWR: <total>                  11324 us
[2026-04-03T02:44:18.303+0600][63.093s][info][gc,stats    ]     CWR: Code Cache Roots          9084 us, workers (us): 3147, 2957, 2980, ---, ---, ---, 
[2026-04-03T02:44:18.303+0600][63.093s][info][gc,stats    ]     CWR: VM Weak Roots             2122 us, workers (us): 714, 709, 699, ---, ---, ---, 
[2026-04-03T02:44:18.303+0600][63.093s][info][gc,stats    ]     CWR: CLDG Roots                 118 us, workers (us): ---, 118, ---, ---, ---, ---, 
[2026-04-03T02:44:18.303+0600][63.093s][info][gc,stats    ]   Rendezvous                       1044 us
[2026-04-03T02:44:18.303+0600][63.093s][info][gc,stats    ] Concurrent Cleanup                  940 us
[2026-04-03T02:44:18.303+0600][63.093s][info][gc,stats    ] Concurrent Class Unloading        17831 us
[2026-04-03T02:44:18.303+0600][63.093s][info][gc,stats    ]   Unlink Stale                    16059 us
[2026-04-03T02:44:18.303+0600][63.093s][info][gc,stats    ]     System Dictionary               320 us
[2026-04-03T02:44:18.303+0600][63.093s][info][gc,stats    ]     Weak Class Links                  0 us
[2026-04-03T02:44:18.303+0600][63.093s][info][gc,stats    ]     Code Roots                    15734 us
[2026-04-03T02:44:18.303+0600][63.093s][info][gc,stats    ]   Rendezvous                        293 us
[2026-04-03T02:44:18.303+0600][63.093s][info][gc,stats    ]   Purge Unlinked                   1314 us
[2026-04-03T02:44:18.303+0600][63.093s][info][gc,stats    ]     Code Roots                     1293 us
[2026-04-03T02:44:18.303+0600][63.093s][info][gc,stats    ]     CLDG                             19 us
[2026-04-03T02:44:18.304+0600][63.093s][info][gc,stats    ]     Exception Caches                  0 us
[2026-04-03T02:44:18.304+0600][63.093s][info][gc,stats    ] Concurrent Strong Roots            1767 us, parallelism: 0.67x
[2026-04-03T02:44:18.304+0600][63.093s][info][gc,stats    ]   CSR: <total>                     1192 us
[2026-04-03T02:44:18.304+0600][63.093s][info][gc,stats    ]   CSR: VM Strong Roots               62 us, workers (us):  36,  25,   0, ---, ---, ---, 
[2026-04-03T02:44:18.304+0600][63.093s][info][gc,stats    ]   CSR: CLDG Roots                  1130 us, workers (us): 1130, ---, ---, ---, ---, ---, 
[2026-04-03T02:44:18.304+0600][63.093s][info][gc,stats    ] Concurrent Evacuation              4175 us
[2026-04-03T02:44:18.304+0600][63.093s][info][gc,stats    ] Pause Init Update Refs (G)          456 us
[2026-04-03T02:44:18.304+0600][63.093s][info][gc,stats    ] Pause Init Update Refs (N)          143 us
[2026-04-03T02:44:18.304+0600][63.093s][info][gc,stats    ]   Manage GCLABs                      34 us
[2026-04-03T02:44:18.304+0600][63.093s][info][gc,stats    ] Concurrent Update Refs            44298 us
[2026-04-03T02:44:18.304+0600][63.093s][info][gc,stats    ] Concurrent Update Thread Roots     1094 us
[2026-04-03T02:44:18.304+0600][63.093s][info][gc,stats    ] Pause Final Update Refs (G)         365 us
[2026-04-03T02:44:18.304+0600][63.093s][info][gc,stats    ] Pause Final Update Refs (N)         210 us
[2026-04-03T02:44:18.304+0600][63.093s][info][gc,stats    ]   Update Region States               55 us
[2026-04-03T02:44:18.304+0600][63.093s][info][gc,stats    ]   Trash Collection Set               19 us
[2026-04-03T02:44:18.304+0600][63.093s][info][gc,stats    ]   Rebuild Free Set                   44 us
[2026-04-03T02:44:18.304+0600][63.093s][info][gc,stats    ] Concurrent Cleanup                  719 us
[2026-04-03T02:44:18.304+0600][63.093s][info][gc,stats    ] Pacing                           186621 us
[2026-04-03T02:44:18.304+0600][63.093s][info][gc,stats    ] 
[2026-04-03T02:44:18.304+0600][63.093s][info][gc,stats    ] Allocation pacing accrued:
[2026-04-03T02:44:18.304+0600][63.093s][info][gc,stats    ]      10 of   716 ms (  1.4%): dispatcher-event-loop-4
[2026-04-03T02:44:18.304+0600][63.093s][info][gc,stats    ]      47 of   716 ms (  6.6%): Executor task launch worker for task 0.0 in stage 2427.0 (TID 4595)
[2026-04-03T02:44:18.304+0600][63.093s][info][gc,stats    ]      36 of   716 ms (  5.1%): Executor task launch worker for task 3.0 in stage 2427.0 (TID 4598)
[2026-04-03T02:44:18.304+0600][63.093s][info][gc,stats    ]      46 of   716 ms (  6.5%): Executor task launch worker for task 1.0 in stage 2427.0 (TID 4596)
[2026-04-03T02:44:18.304+0600][63.093s][info][gc,stats    ]      46 of   716 ms (  6.5%): Executor task launch worker for task 2.0 in stage 2427.0 (TID 4597)
[2026-04-03T02:44:18.304+0600][63.093s][info][gc,stats    ]     187 of   716 ms ( 26.1%): <total>
[2026-04-03T02:44:18.304+0600][63.093s][info][gc,stats    ]       1 of   716 ms (  0.1%): <average total>
[2026-04-03T02:44:18.304+0600][63.093s][info][gc,stats    ]      37 of   716 ms (  5.2%): <average non-zero>
[2026-04-03T02:44:18.304+0600][63.093s][info][gc,stats    ] 
[2026-04-03T02:44:18.304+0600][63.093s][info][gc,metaspace] Metaspace: 131375K(132672K)->131376K(132672K) NonClass: 114877K(115520K)->114878K(115520K) Class: 16498K(17152K)->16498K(17152K)
[2026-04-03T02:44:18.304+0600][63.093s][info][gc,ergo     ] Pacer for Idle. Initial: 35840K, Alloc Tax Rate: 1.0x
[2026-04-03T02:44:19.292+0600][64.081s][info][gc          ] Trigger: Average GC time (189.40 ms) is above the time for average allocation rate (1290 MB/s) to deplete free headroom (242M) (margin of error = 1.90)
[2026-04-03T02:44:19.292+0600][64.081s][info][gc,ergo     ] Free headroom: 330M (free) - 89600K (spike) - 0B (penalties) = 242M
[2026-04-03T02:44:19.292+0600][64.081s][info][gc,ergo     ] Free: 330M, Max: 512K regular, 224M humongous, Frag: 32% external, 0% internal; Reserve: 89600K, Max: 512K
[2026-04-03T02:44:19.292+0600][64.081s][info][gc,start    ] GC(44) Concurrent reset
[2026-04-03T02:44:19.292+0600][64.081s][info][gc,task     ] GC(44) Using 3 of 6 workers for concurrent reset
[2026-04-03T02:44:19.292+0600][64.082s][info][gc,ergo     ] GC(44) Pacer for Reset. Non-Taxable: 1750M
[2026-04-03T02:44:19.294+0600][64.083s][info][gc          ] GC(44) Concurrent reset 1.860ms
[2026-04-03T02:44:19.294+0600][64.084s][info][gc,start    ] GC(44) Pause Init Mark (unload classes)
[2026-04-03T02:44:19.294+0600][64.084s][info][gc,task     ] GC(44) Using 6 of 6 workers for init marking
[2026-04-03T02:44:19.294+0600][64.084s][info][gc,ergo     ] GC(44) Pacer for Mark. Expected Live: 98082K, Free: 328M, Non-Taxable: 33629K, Alloc Tax Rate: 0.4x
[2026-04-03T02:44:19.294+0600][64.084s][info][gc          ] GC(44) Pause Init Mark (unload classes) 0.117ms
[2026-04-03T02:44:19.294+0600][64.084s][info][gc,start    ] GC(44) Concurrent marking roots
[2026-04-03T02:44:19.294+0600][64.084s][info][gc,task     ] GC(44) Using 3 of 6 workers for concurrent marking roots
[2026-04-03T02:44:19.296+0600][64.085s][info][gc          ] GC(44) Concurrent marking roots 1.533ms
[2026-04-03T02:44:19.296+0600][64.085s][info][gc,start    ] GC(44) Concurrent marking (unload classes)
[2026-04-03T02:44:19.296+0600][64.085s][info][gc,task     ] GC(44) Using 3 of 6 workers for concurrent marking
[2026-04-03T02:44:19.352+0600][64.141s][info][gc          ] GC(44) Concurrent marking (unload classes) 55.724ms
[2026-04-03T02:44:19.352+0600][64.141s][info][gc,start    ] GC(44) Pause Final Mark (unload classes)
[2026-04-03T02:44:19.352+0600][64.141s][info][gc,task     ] GC(44) Using 6 of 6 workers for final marking
[2026-04-03T02:44:19.353+0600][64.142s][info][gc,ergo     ] GC(44) Adaptive CSet Selection. Target Free: 247M, Actual Free: 1226M, Max CSet: 74666K, Min Garbage: 0B
[2026-04-03T02:44:19.353+0600][64.142s][info][gc,ergo     ] GC(44) Collectable Garbage: 1117M (99%), Immediate: 861M (76%), CSet: 255M (22%)
[2026-04-03T02:44:19.353+0600][64.143s][info][gc,ergo     ] GC(44) Pacer for Evacuation. Used CSet: 265M, Free: 1255M, Non-Taxable: 125M, Alloc Tax Rate: 1.1x
[2026-04-03T02:44:19.353+0600][64.143s][info][gc          ] GC(44) Pause Final Mark (unload classes) 1.116ms
[2026-04-03T02:44:19.353+0600][64.143s][info][gc,start    ] GC(44) Concurrent thread roots
[2026-04-03T02:44:19.353+0600][64.143s][info][gc,task     ] GC(44) Using 3 of 6 workers for Concurrent thread roots
[2026-04-03T02:44:19.355+0600][64.144s][info][gc          ] GC(44) Concurrent thread roots 1.249ms
[2026-04-03T02:44:19.355+0600][64.144s][info][gc,start    ] GC(44) Concurrent weak references
[2026-04-03T02:44:19.355+0600][64.144s][info][gc,task     ] GC(44) Using 3 of 6 workers for concurrent weak references
[2026-04-03T02:44:19.356+0600][64.145s][info][gc,ref      ] GC(44) Encountered references: Soft: 3790, Weak: 16307, Final: 84, Phantom: 620
[2026-04-03T02:44:19.356+0600][64.145s][info][gc,ref      ] GC(44) Discovered  references: Soft: 0, Weak: 8436, Final: 4, Phantom: 592
[2026-04-03T02:44:19.356+0600][64.145s][info][gc,ref      ] GC(44) Enqueued    references: Soft: 0, Weak: 422, Final: 0, Phantom: 0
[2026-04-03T02:44:19.356+0600][64.145s][info][gc          ] GC(44) Concurrent weak references 1.187ms
[2026-04-03T02:44:19.356+0600][64.145s][info][gc,start    ] GC(44) Concurrent weak roots
[2026-04-03T02:44:19.356+0600][64.145s][info][gc,task     ] GC(44) Using 3 of 6 workers for concurrent weak root
[2026-04-03T02:44:19.362+0600][64.151s][info][gc          ] GC(44) Concurrent weak roots 6.284ms
[2026-04-03T02:44:19.362+0600][64.152s][info][gc,start    ] GC(44) Concurrent cleanup
[2026-04-03T02:44:19.363+0600][64.153s][info][gc          ] GC(44) Concurrent cleanup 1269M->408M(1459M) 0.985ms
[2026-04-03T02:44:19.363+0600][64.153s][info][gc,ergo     ] GC(44) Free: 1245M, Max: 512K regular, 229M humongous, Frag: 82% external, 0% internal; Reserve: 88457K, Max: 512K
[2026-04-03T02:44:19.363+0600][64.153s][info][gc,start    ] GC(44) Concurrent class unloading
[2026-04-03T02:44:19.363+0600][64.153s][info][gc,task     ] GC(44) Using 3 of 6 workers for concurrent class unloading
[2026-04-03T02:44:19.382+0600][64.171s][info][gc          ] GC(44) Concurrent class unloading 18.528ms
[2026-04-03T02:44:19.382+0600][64.171s][info][gc,start    ] GC(44) Concurrent strong roots
[2026-04-03T02:44:19.382+0600][64.171s][info][gc,task     ] GC(44) Using 3 of 6 workers for concurrent strong root
[2026-04-03T02:44:19.383+0600][64.173s][info][gc          ] GC(44) Concurrent strong roots 1.523ms
[2026-04-03T02:44:19.384+0600][64.173s][info][gc,start    ] GC(44) Concurrent evacuation
[2026-04-03T02:44:19.384+0600][64.173s][info][gc,task     ] GC(44) Using 3 of 6 workers for concurrent evacuation
[2026-04-03T02:44:19.391+0600][64.180s][info][gc          ] GC(44) Concurrent evacuation 7.499ms
[2026-04-03T02:44:19.391+0600][64.181s][info][gc,start    ] GC(44) Pause Init Update Refs
[2026-04-03T02:44:19.392+0600][64.181s][info][gc,ergo     ] GC(44) Pacer for Update Refs. Used: 431M, Free: 1231M, Non-Taxable: 123M, Alloc Tax Rate: 1.1x
[2026-04-03T02:44:19.392+0600][64.181s][info][gc          ] GC(44) Pause Init Update Refs 0.145ms
[2026-04-03T02:44:19.392+0600][64.181s][info][gc,start    ] GC(44) Concurrent update references
[2026-04-03T02:44:19.392+0600][64.181s][info][gc,task     ] GC(44) Using 3 of 6 workers for concurrent reference update
[2026-04-03T02:44:19.444+0600][64.234s][info][gc          ] GC(44) Concurrent update references 52.763ms
[2026-04-03T02:44:19.445+0600][64.234s][info][gc,start    ] GC(44) Concurrent update thread roots
[2026-04-03T02:44:19.446+0600][64.235s][info][gc          ] GC(44) Concurrent update thread roots 1.171ms
[2026-04-03T02:44:19.446+0600][64.235s][info][gc,start    ] GC(44) Pause Final Update Refs
[2026-04-03T02:44:19.446+0600][64.235s][info][gc,task     ] GC(44) Using 6 of 6 workers for final reference update
[2026-04-03T02:44:19.446+0600][64.236s][info][gc          ] GC(44) Pause Final Update Refs 0.253ms
[2026-04-03T02:44:19.446+0600][64.236s][info][gc,start    ] GC(44) Concurrent cleanup
[2026-04-03T02:44:19.447+0600][64.236s][info][gc          ] GC(44) Concurrent cleanup 463M->197M(1463M) 0.301ms
[2026-04-03T02:44:19.447+0600][64.236s][info][gc,ergo     ] Free: 1451M, Max: 512K regular, 844M humongous, Frag: 42% external, 0% internal; Reserve: 89600K, Max: 512K
[2026-04-03T02:44:19.447+0600][64.236s][info][gc,stats    ] 
[2026-04-03T02:44:19.447+0600][64.236s][info][gc,stats    ] All times are wall-clock times, except per-root-class counters, that are sum over
[2026-04-03T02:44:19.447+0600][64.236s][info][gc,stats    ] all workers. Dividing the <total> over the root stage time estimates parallelism.
[2026-04-03T02:44:19.447+0600][64.236s][info][gc,stats    ] 
[2026-04-03T02:44:19.447+0600][64.236s][info][gc,stats    ] Concurrent Reset                   1928 us
[2026-04-03T02:44:19.447+0600][64.236s][info][gc,stats    ] Pause Init Mark (G)                 371 us
[2026-04-03T02:44:19.447+0600][64.236s][info][gc,stats    ] Pause Init Mark (N)                 126 us
[2026-04-03T02:44:19.447+0600][64.236s][info][gc,stats    ]   Update Region States               35 us
[2026-04-03T02:44:19.447+0600][64.236s][info][gc,stats    ] Concurrent Mark Roots              1571 us, parallelism: 2.02x
[2026-04-03T02:44:19.447+0600][64.236s][info][gc,stats    ]   CMR: <total>                     3179 us
[2026-04-03T02:44:19.447+0600][64.236s][info][gc,stats    ]   CMR: Thread Roots                2661 us, workers (us): 1050, 587, 1024, ---, ---, ---, 
[2026-04-03T02:44:19.447+0600][64.236s][info][gc,stats    ]   CMR: VM Strong Roots               51 us, workers (us):  27,  24,   1, ---, ---, ---, 
[2026-04-03T02:44:19.447+0600][64.236s][info][gc,stats    ]   CMR: CLDG Roots                   468 us, workers (us): ---, 468, ---, ---, ---, ---, 
[2026-04-03T02:44:19.447+0600][64.236s][info][gc,stats    ] Concurrent Marking                55928 us
[2026-04-03T02:44:19.447+0600][64.236s][info][gc,stats    ] Pause Final Mark (G)               1335 us
[2026-04-03T02:44:19.447+0600][64.236s][info][gc,stats    ] Pause Final Mark (N)               1129 us
[2026-04-03T02:44:19.447+0600][64.236s][info][gc,stats    ]   Finish Mark                       267 us
[2026-04-03T02:44:19.447+0600][64.236s][info][gc,stats    ]   Update Region States               87 us
[2026-04-03T02:44:19.447+0600][64.236s][info][gc,stats    ]   Choose Collection Set             524 us
[2026-04-03T02:44:19.447+0600][64.236s][info][gc,stats    ]   Rebuild Free Set                   73 us
[2026-04-03T02:44:19.447+0600][64.236s][info][gc,stats    ] Concurrent Thread Roots            1322 us, parallelism: 2.29x
[2026-04-03T02:44:19.447+0600][64.236s][info][gc,stats    ]   CTR: <total>                     3023 us
[2026-04-03T02:44:19.447+0600][64.236s][info][gc,stats    ]   CTR: Thread Roots                3023 us, workers (us): 1036, 1014, 974, ---, ---, ---, 
[2026-04-03T02:44:19.447+0600][64.236s][info][gc,stats    ] Concurrent Weak References         1206 us, parallelism: 1.37x
[2026-04-03T02:44:19.447+0600][64.236s][info][gc,stats    ]   CWRF: <total>                    1648 us
[2026-04-03T02:44:19.447+0600][64.236s][info][gc,stats    ]   CWRF: Weak References            1648 us, workers (us): 457, 900, 291, ---, ---, ---, 
[2026-04-03T02:44:19.447+0600][64.236s][info][gc,stats    ] Concurrent Weak Roots              6385 us
[2026-04-03T02:44:19.447+0600][64.236s][info][gc,stats    ]   Roots                            5977 us, parallelism: 2.73x
[2026-04-03T02:44:19.447+0600][64.236s][info][gc,stats    ]     CWR: <total>                  16307 us
[2026-04-03T02:44:19.447+0600][64.236s][info][gc,stats    ]     CWR: Code Cache Roots         12798 us, workers (us): 4308, 4179, 4311, ---, ---, ---, 
[2026-04-03T02:44:19.447+0600][64.236s][info][gc,stats    ]     CWR: VM Weak Roots             3252 us, workers (us): 1093, 1088, 1072, ---, ---, ---, 
[2026-04-03T02:44:19.447+0600][64.236s][info][gc,stats    ]     CWR: CLDG Roots                 256 us, workers (us): ---, 256, ---, ---, ---, ---, 
[2026-04-03T02:44:19.447+0600][64.236s][info][gc,stats    ]   Rendezvous                        261 us
[2026-04-03T02:44:19.447+0600][64.236s][info][gc,stats    ] Concurrent Cleanup                 1036 us
[2026-04-03T02:44:19.447+0600][64.236s][info][gc,stats    ] Concurrent Class Unloading        18657 us
[2026-04-03T02:44:19.447+0600][64.237s][info][gc,stats    ]   Unlink Stale                    15899 us
[2026-04-03T02:44:19.447+0600][64.237s][info][gc,stats    ]     System Dictionary               377 us
[2026-04-03T02:44:19.447+0600][64.237s][info][gc,stats    ]     Weak Class Links                  1 us
[2026-04-03T02:44:19.447+0600][64.237s][info][gc,stats    ]     Code Roots                    15515 us
[2026-04-03T02:44:19.447+0600][64.237s][info][gc,stats    ]   Rendezvous                        402 us
[2026-04-03T02:44:19.447+0600][64.237s][info][gc,stats    ]   Purge Unlinked                   2182 us
[2026-04-03T02:44:19.447+0600][64.237s][info][gc,stats    ]     Code Roots                     2167 us
[2026-04-03T02:44:19.447+0600][64.237s][info][gc,stats    ]     CLDG                             14 us
[2026-04-03T02:44:19.447+0600][64.237s][info][gc,stats    ]     Exception Caches                  0 us
[2026-04-03T02:44:19.447+0600][64.237s][info][gc,stats    ] Concurrent Strong Roots            1611 us, parallelism: 0.68x
[2026-04-03T02:44:19.447+0600][64.237s][info][gc,stats    ]   CSR: <total>                     1098 us
[2026-04-03T02:44:19.447+0600][64.237s][info][gc,stats    ]   CSR: VM Strong Roots               60 us, workers (us):  45,  15,   0, ---, ---, ---, 
[2026-04-03T02:44:19.447+0600][64.237s][info][gc,stats    ]   CSR: CLDG Roots                  1038 us, workers (us): ---, 1038, ---, ---, ---, ---, 
[2026-04-03T02:44:19.447+0600][64.237s][info][gc,stats    ] Concurrent Evacuation              7588 us
[2026-04-03T02:44:19.447+0600][64.237s][info][gc,stats    ] Pause Init Update Refs (G)          443 us
[2026-04-03T02:44:19.447+0600][64.237s][info][gc,stats    ] Pause Init Update Refs (N)          158 us
[2026-04-03T02:44:19.447+0600][64.237s][info][gc,stats    ]   Manage GCLABs                      40 us
[2026-04-03T02:44:19.447+0600][64.237s][info][gc,stats    ] Concurrent Update Refs            52887 us
[2026-04-03T02:44:19.447+0600][64.237s][info][gc,stats    ] Concurrent Update Thread Roots     1226 us
[2026-04-03T02:44:19.447+0600][64.237s][info][gc,stats    ] Pause Final Update Refs (G)         571 us
[2026-04-03T02:44:19.447+0600][64.237s][info][gc,stats    ] Pause Final Update Refs (N)         271 us
[2026-04-03T02:44:19.447+0600][64.237s][info][gc,stats    ]   Update Region States               63 us
[2026-04-03T02:44:19.447+0600][64.237s][info][gc,stats    ]   Trash Collection Set               25 us
[2026-04-03T02:44:19.447+0600][64.237s][info][gc,stats    ]   Rebuild Free Set                   49 us
[2026-04-03T02:44:19.447+0600][64.237s][info][gc,stats    ] Concurrent Cleanup                  324 us
[2026-04-03T02:44:19.447+0600][64.237s][info][gc,stats    ] Pacing                            10098 us
[2026-04-03T02:44:19.447+0600][64.237s][info][gc,stats    ] 
[2026-04-03T02:44:19.447+0600][64.237s][info][gc,stats    ] Allocation pacing accrued:
[2026-04-03T02:44:19.447+0600][64.237s][info][gc,stats    ]       5 of  1144 ms (  0.5%): dag-scheduler-event-loop
[2026-04-03T02:44:19.447+0600][64.237s][info][gc,stats    ]       5 of  1144 ms (  0.4%): Executor task launch worker for task 2.0 in stage 2466.0 (TID 4781)
[2026-04-03T02:44:19.447+0600][64.237s][info][gc,stats    ]      10 of  1144 ms (  0.9%): <total>
[2026-04-03T02:44:19.447+0600][64.237s][info][gc,stats    ]       0 of  1144 ms (  0.0%): <average total>
[2026-04-03T02:44:19.447+0600][64.237s][info][gc,stats    ]       5 of  1144 ms (  0.4%): <average non-zero>
[2026-04-03T02:44:19.447+0600][64.237s][info][gc,stats    ] 
[2026-04-03T02:44:19.447+0600][64.237s][info][gc,metaspace] Metaspace: 131411K(132736K)->131414K(132736K) NonClass: 114913K(115584K)->114916K(115584K) Class: 16498K(17152K)->16498K(17152K)
[2026-04-03T02:44:19.447+0600][64.237s][info][gc,ergo     ] Pacer for Idle. Initial: 35840K, Alloc Tax Rate: 1.0x
[2026-04-03T02:44:20.046+0600][64.836s][info][gc          ] Trigger: Average GC time (180.40 ms) is above the time for average allocation rate (1013 MB/s) to deplete free headroom (178M) (margin of error = 1.89)
[2026-04-03T02:44:20.047+0600][64.836s][info][gc,ergo     ] Free headroom: 266M (free) - 89600K (spike) - 0B (penalties) = 178M
[2026-04-03T02:44:20.047+0600][64.836s][info][gc,ergo     ] Free: 266M, Max: 512K regular, 232M humongous, Frag: 13% external, 0% internal; Reserve: 89600K, Max: 512K
[2026-04-03T02:44:20.047+0600][64.836s][info][gc,start    ] GC(45) Concurrent reset
[2026-04-03T02:44:20.047+0600][64.836s][info][gc,task     ] GC(45) Using 3 of 6 workers for concurrent reset
[2026-04-03T02:44:20.047+0600][64.836s][info][gc,ergo     ] GC(45) Pacer for Reset. Non-Taxable: 1750M
[2026-04-03T02:44:20.048+0600][64.838s][info][gc          ] GC(45) Concurrent reset 1.830ms
[2026-04-03T02:44:20.049+0600][64.838s][info][gc,start    ] GC(45) Pause Init Mark (unload classes)
[2026-04-03T02:44:20.049+0600][64.838s][info][gc,task     ] GC(45) Using 6 of 6 workers for init marking
[2026-04-03T02:44:20.049+0600][64.838s][info][gc,ergo     ] GC(45) Pacer for Mark. Expected Live: 98053K, Free: 259M, Non-Taxable: 26611K, Alloc Tax Rate: 0.5x
[2026-04-03T02:44:20.049+0600][64.838s][info][gc          ] GC(45) Pause Init Mark (unload classes) 0.182ms
[2026-04-03T02:44:20.049+0600][64.839s][info][gc,start    ] GC(45) Concurrent marking roots
[2026-04-03T02:44:20.049+0600][64.839s][info][gc,task     ] GC(45) Using 3 of 6 workers for concurrent marking roots
[2026-04-03T02:44:20.051+0600][64.840s][info][gc          ] GC(45) Concurrent marking roots 1.536ms
[2026-04-03T02:44:20.051+0600][64.840s][info][gc,start    ] GC(45) Concurrent marking (unload classes)
[2026-04-03T02:44:20.051+0600][64.840s][info][gc,task     ] GC(45) Using 3 of 6 workers for concurrent marking
[2026-04-03T02:44:20.103+0600][64.893s][info][gc          ] GC(45) Concurrent marking (unload classes) 52.392ms
[2026-04-03T02:44:20.103+0600][64.893s][info][gc,start    ] GC(45) Pause Final Mark (unload classes)
[2026-04-03T02:44:20.103+0600][64.893s][info][gc,task     ] GC(45) Using 6 of 6 workers for final marking
[2026-04-03T02:44:20.104+0600][64.893s][info][gc,ergo     ] GC(45) Adaptive CSet Selection. Target Free: 247M, Actual Free: 1305M, Max CSet: 74666K, Min Garbage: 0B
[2026-04-03T02:44:20.104+0600][64.894s][info][gc,ergo     ] GC(45) Collectable Garbage: 1180M (99%), Immediate: 1009M (84%), CSet: 171M (14%)
[2026-04-03T02:44:20.104+0600][64.894s][info][gc,ergo     ] GC(45) Pacer for Evacuation. Used CSet: 178M, Free: 1333M, Non-Taxable: 133M, Alloc Tax Rate: 1.1x
[2026-04-03T02:44:20.104+0600][64.894s][info][gc          ] GC(45) Pause Final Mark (unload classes) 0.844ms
[2026-04-03T02:44:20.104+0600][64.894s][info][gc,start    ] GC(45) Concurrent thread roots
[2026-04-03T02:44:20.104+0600][64.894s][info][gc,task     ] GC(45) Using 3 of 6 workers for Concurrent thread roots
[2026-04-03T02:44:20.106+0600][64.895s][info][gc          ] GC(45) Concurrent thread roots 1.563ms
[2026-04-03T02:44:20.106+0600][64.895s][info][gc,start    ] GC(45) Concurrent weak references
[2026-04-03T02:44:20.106+0600][64.895s][info][gc,task     ] GC(45) Using 3 of 6 workers for concurrent weak references
[2026-04-03T02:44:20.106+0600][64.896s][info][gc,ref      ] GC(45) Encountered references: Soft: 3785, Weak: 17147, Final: 84, Phantom: 628
[2026-04-03T02:44:20.106+0600][64.896s][info][gc,ref      ] GC(45) Discovered  references: Soft: 0, Weak: 5878, Final: 0, Phantom: 624
[2026-04-03T02:44:20.106+0600][64.896s][info][gc,ref      ] GC(45) Enqueued    references: Soft: 0, Weak: 2491, Final: 0, Phantom: 0
[2026-04-03T02:44:20.106+0600][64.896s][info][gc          ] GC(45) Concurrent weak references 0.450ms
[2026-04-03T02:44:20.106+0600][64.896s][info][gc,start    ] GC(45) Concurrent weak roots
[2026-04-03T02:44:20.106+0600][64.896s][info][gc,task     ] GC(45) Using 3 of 6 workers for concurrent weak root
[2026-04-03T02:44:20.113+0600][64.902s][info][gc          ] GC(45) Concurrent weak roots 6.444ms
[2026-04-03T02:44:20.113+0600][64.902s][info][gc,start    ] GC(45) Concurrent cleanup
[2026-04-03T02:44:20.115+0600][64.904s][info][gc          ] GC(45) Concurrent cleanup 1343M->338M(1479M) 1.982ms
[2026-04-03T02:44:20.115+0600][64.904s][info][gc,ergo     ] GC(45) Free: 1317M, Max: 512K regular, 197M humongous, Frag: 86% external, 0% internal; Reserve: 89331K, Max: 512K
[2026-04-03T02:44:20.115+0600][64.904s][info][gc,start    ] GC(45) Concurrent class unloading
[2026-04-03T02:44:20.115+0600][64.904s][info][gc,task     ] GC(45) Using 3 of 6 workers for concurrent class unloading
[2026-04-03T02:44:20.134+0600][64.923s][info][gc          ] GC(45) Concurrent class unloading 18.937ms
[2026-04-03T02:44:20.134+0600][64.923s][info][gc,start    ] GC(45) Concurrent strong roots
[2026-04-03T02:44:20.134+0600][64.924s][info][gc,task     ] GC(45) Using 3 of 6 workers for concurrent strong root
[2026-04-03T02:44:20.136+0600][64.925s][info][gc          ] GC(45) Concurrent strong roots 1.699ms
[2026-04-03T02:44:20.136+0600][64.925s][info][gc,start    ] GC(45) Concurrent evacuation
[2026-04-03T02:44:20.136+0600][64.925s][info][gc,task     ] GC(45) Using 3 of 6 workers for concurrent evacuation
[2026-04-03T02:44:20.139+0600][64.929s][info][gc          ] GC(45) Concurrent evacuation 3.338ms
[2026-04-03T02:44:20.141+0600][64.930s][info][gc,start    ] GC(45) Pause Init Update Refs
[2026-04-03T02:44:20.141+0600][64.930s][info][gc,ergo     ] GC(45) Pacer for Update Refs. Used: 361M, Free: 1300M, Non-Taxable: 130M, Alloc Tax Rate: 1.1x
[2026-04-03T02:44:20.141+0600][64.930s][info][gc          ] GC(45) Pause Init Update Refs 0.148ms
[2026-04-03T02:44:20.141+0600][64.930s][info][gc,start    ] GC(45) Concurrent update references
[2026-04-03T02:44:20.141+0600][64.930s][info][gc,task     ] GC(45) Using 3 of 6 workers for concurrent reference update
[2026-04-03T02:44:20.185+0600][64.975s][info][gc          ] GC(45) Concurrent update references 44.477ms
[2026-04-03T02:44:20.185+0600][64.975s][info][gc,start    ] GC(45) Concurrent update thread roots
[2026-04-03T02:44:20.187+0600][64.977s][info][gc          ] GC(45) Concurrent update thread roots 2.013ms
[2026-04-03T02:44:20.188+0600][64.977s][info][gc,start    ] GC(45) Pause Final Update Refs
[2026-04-03T02:44:20.188+0600][64.977s][info][gc,task     ] GC(45) Using 6 of 6 workers for final reference update
[2026-04-03T02:44:20.188+0600][64.977s][info][gc          ] GC(45) Pause Final Update Refs 0.213ms
[2026-04-03T02:44:20.188+0600][64.978s][info][gc,start    ] GC(45) Concurrent cleanup
[2026-04-03T02:44:20.189+0600][64.978s][info][gc          ] GC(45) Concurrent cleanup 386M->209M(1479M) 0.419ms
[2026-04-03T02:44:20.189+0600][64.978s][info][gc,ergo     ] Free: 1442M, Max: 512K regular, 1032M humongous, Frag: 29% external, 0% internal; Reserve: 89600K, Max: 512K
[2026-04-03T02:44:20.189+0600][64.978s][info][gc,stats    ] 
[2026-04-03T02:44:20.189+0600][64.978s][info][gc,stats    ] All times are wall-clock times, except per-root-class counters, that are sum over
[2026-04-03T02:44:20.189+0600][64.978s][info][gc,stats    ] all workers. Dividing the <total> over the root stage time estimates parallelism.
[2026-04-03T02:44:20.189+0600][64.978s][info][gc,stats    ] 
[2026-04-03T02:44:20.189+0600][64.978s][info][gc,stats    ] Concurrent Reset                   1905 us
[2026-04-03T02:44:20.189+0600][64.978s][info][gc,stats    ] Pause Init Mark (G)                 718 us
[2026-04-03T02:44:20.189+0600][64.978s][info][gc,stats    ] Pause Init Mark (N)                 194 us
[2026-04-03T02:44:20.189+0600][64.978s][info][gc,stats    ]   Update Region States               51 us
[2026-04-03T02:44:20.189+0600][64.978s][info][gc,stats    ] Concurrent Mark Roots              1593 us, parallelism: 1.78x
[2026-04-03T02:44:20.189+0600][64.978s][info][gc,stats    ]   CMR: <total>                     2843 us
[2026-04-03T02:44:20.189+0600][64.978s][info][gc,stats    ]   CMR: Thread Roots                2433 us, workers (us): 595, 919, 920, ---, ---, ---, 
[2026-04-03T02:44:20.189+0600][64.978s][info][gc,stats    ]   CMR: VM Strong Roots               85 us, workers (us):  45,  39,   1, ---, ---, ---, 
[2026-04-03T02:44:20.189+0600][64.978s][info][gc,stats    ]   CMR: CLDG Roots                   325 us, workers (us): 325, ---, ---, ---, ---, ---, 
[2026-04-03T02:44:20.189+0600][64.978s][info][gc,stats    ] Concurrent Marking                52468 us
[2026-04-03T02:44:20.189+0600][64.978s][info][gc,stats    ] Pause Final Mark (G)               1034 us
[2026-04-03T02:44:20.189+0600][64.978s][info][gc,stats    ] Pause Final Mark (N)                858 us
[2026-04-03T02:44:20.189+0600][64.978s][info][gc,stats    ]   Finish Mark                       332 us
[2026-04-03T02:44:20.189+0600][64.978s][info][gc,stats    ]   Update Region States               66 us
[2026-04-03T02:44:20.189+0600][64.979s][info][gc,stats    ]   Choose Collection Set             258 us
[2026-04-03T02:44:20.189+0600][64.979s][info][gc,stats    ]   Rebuild Free Set                   41 us
[2026-04-03T02:44:20.189+0600][64.979s][info][gc,stats    ] Concurrent Thread Roots            1595 us, parallelism: 2.46x
[2026-04-03T02:44:20.189+0600][64.979s][info][gc,stats    ]   CTR: <total>                     3923 us
[2026-04-03T02:44:20.189+0600][64.979s][info][gc,stats    ]   CTR: Thread Roots                3923 us, workers (us): 1419, 1416, 1088, ---, ---, ---, 
[2026-04-03T02:44:20.189+0600][64.979s][info][gc,stats    ] Concurrent Weak References          461 us, parallelism: 1.62x
[2026-04-03T02:44:20.189+0600][64.979s][info][gc,stats    ]   CWRF: <total>                     746 us
[2026-04-03T02:44:20.189+0600][64.979s][info][gc,stats    ]   CWRF: Weak References             746 us, workers (us): 324, 114, 308, ---, ---, ---, 
[2026-04-03T02:44:20.189+0600][64.979s][info][gc,stats    ] Concurrent Weak Roots              6519 us
[2026-04-03T02:44:20.189+0600][64.979s][info][gc,stats    ]   Roots                            5827 us, parallelism: 2.83x
[2026-04-03T02:44:20.189+0600][64.979s][info][gc,stats    ]     CWR: <total>                  16516 us
[2026-04-03T02:44:20.189+0600][64.979s][info][gc,stats    ]     CWR: Code Cache Roots         11844 us, workers (us): 3831, 4007, 4006, ---, ---, ---, 
[2026-04-03T02:44:20.189+0600][64.979s][info][gc,stats    ]     CWR: VM Weak Roots             4488 us, workers (us): 1527, 1480, 1482, ---, ---, ---, 
[2026-04-03T02:44:20.189+0600][64.979s][info][gc,stats    ]     CWR: CLDG Roots                 184 us, workers (us): 184, ---, ---, ---, ---, ---, 
[2026-04-03T02:44:20.189+0600][64.979s][info][gc,stats    ]   Rendezvous                        587 us
[2026-04-03T02:44:20.189+0600][64.979s][info][gc,stats    ] Concurrent Cleanup                 2059 us
[2026-04-03T02:44:20.189+0600][64.979s][info][gc,stats    ] Concurrent Class Unloading        19021 us
[2026-04-03T02:44:20.189+0600][64.979s][info][gc,stats    ]   Unlink Stale                    16204 us
[2026-04-03T02:44:20.189+0600][64.979s][info][gc,stats    ]     System Dictionary               304 us
[2026-04-03T02:44:20.189+0600][64.979s][info][gc,stats    ]     Weak Class Links                  0 us
[2026-04-03T02:44:20.189+0600][64.979s][info][gc,stats    ]     Code Roots                    15895 us
[2026-04-03T02:44:20.189+0600][64.979s][info][gc,stats    ]   Rendezvous                        548 us
[2026-04-03T02:44:20.189+0600][64.979s][info][gc,stats    ]   Purge Unlinked                   2115 us
[2026-04-03T02:44:20.189+0600][64.979s][info][gc,stats    ]     Code Roots                     2096 us
[2026-04-03T02:44:20.189+0600][64.979s][info][gc,stats    ]     CLDG                             18 us
[2026-04-03T02:44:20.189+0600][64.979s][info][gc,stats    ]     Exception Caches                  0 us
[2026-04-03T02:44:20.189+0600][64.979s][info][gc,stats    ] Concurrent Strong Roots            1746 us, parallelism: 0.77x
[2026-04-03T02:44:20.189+0600][64.979s][info][gc,stats    ]   CSR: <total>                     1343 us
[2026-04-03T02:44:20.189+0600][64.979s][info][gc,stats    ]   CSR: VM Strong Roots               57 us, workers (us):  22,  20,  15, ---, ---, ---, 
[2026-04-03T02:44:20.189+0600][64.979s][info][gc,stats    ]   CSR: CLDG Roots                  1287 us, workers (us): ---, 1287, ---, ---, ---, ---, 
[2026-04-03T02:44:20.190+0600][64.979s][info][gc,stats    ] Concurrent Evacuation              4562 us
[2026-04-03T02:44:20.190+0600][64.979s][info][gc,stats    ] Pause Init Update Refs (G)          400 us
[2026-04-03T02:44:20.190+0600][64.979s][info][gc,stats    ] Pause Init Update Refs (N)          160 us
[2026-04-03T02:44:20.190+0600][64.979s][info][gc,stats    ]   Manage GCLABs                      87 us
[2026-04-03T02:44:20.190+0600][64.979s][info][gc,stats    ] Concurrent Update Refs            44596 us
[2026-04-03T02:44:20.190+0600][64.979s][info][gc,stats    ] Concurrent Update Thread Roots     2084 us
[2026-04-03T02:44:20.190+0600][64.979s][info][gc,stats    ] Pause Final Update Refs (G)         671 us
[2026-04-03T02:44:20.190+0600][64.979s][info][gc,stats    ] Pause Final Update Refs (N)         242 us
[2026-04-03T02:44:20.190+0600][64.979s][info][gc,stats    ]   Update Region States               67 us
[2026-04-03T02:44:20.190+0600][64.979s][info][gc,stats    ]   Trash Collection Set               21 us
[2026-04-03T02:44:20.190+0600][64.979s][info][gc,stats    ]   Rebuild Free Set                   54 us
[2026-04-03T02:44:20.190+0600][64.979s][info][gc,stats    ] Concurrent Cleanup                  463 us
[2026-04-03T02:44:20.190+0600][64.979s][info][gc,stats    ] Pacing                           135961 us
[2026-04-03T02:44:20.190+0600][64.979s][info][gc,stats    ] 
[2026-04-03T02:44:20.190+0600][64.979s][info][gc,stats    ] Allocation pacing accrued:
[2026-04-03T02:44:20.190+0600][64.979s][info][gc,stats    ]      18 of   742 ms (  2.4%): Executor task launch worker for task 0.0 in stage 2592.0 (TID 4857)
[2026-04-03T02:44:20.190+0600][64.979s][info][gc,stats    ]      16 of   742 ms (  2.2%): Executor task launch worker for task 2.0 in stage 2592.0 (TID 4859)
[2026-04-03T02:44:20.190+0600][64.979s][info][gc,stats    ]      17 of   742 ms (  2.3%): Executor task launch worker for task 4.0 in stage 2592.0 (TID 4861)
[2026-04-03T02:44:20.190+0600][64.979s][info][gc,stats    ]      17 of   742 ms (  2.3%): Executor task launch worker for task 5.0 in stage 2592.0 (TID 4862)
[2026-04-03T02:44:20.190+0600][64.979s][info][gc,stats    ]      16 of   742 ms (  2.2%): Executor task launch worker for task 1.0 in stage 2592.0 (TID 4858)
[2026-04-03T02:44:20.190+0600][64.979s][info][gc,stats    ]      18 of   742 ms (  2.4%): Executor task launch worker for task 7.0 in stage 2592.0 (TID 4864)
[2026-04-03T02:44:20.190+0600][64.979s][info][gc,stats    ]      17 of   742 ms (  2.3%): Executor task launch worker for task 3.0 in stage 2592.0 (TID 4860)
[2026-04-03T02:44:20.190+0600][64.979s][info][gc,stats    ]      16 of   742 ms (  2.2%): Executor task launch worker for task 6.0 in stage 2592.0 (TID 4863)
[2026-04-03T02:44:20.190+0600][64.979s][info][gc,stats    ]     136 of   742 ms ( 18.3%): <total>
[2026-04-03T02:44:20.190+0600][64.979s][info][gc,stats    ]       0 of   742 ms (  0.1%): <average total>
[2026-04-03T02:44:20.190+0600][64.979s][info][gc,stats    ]      17 of   742 ms (  2.3%): <average non-zero>
[2026-04-03T02:44:20.190+0600][64.979s][info][gc,stats    ] 
[2026-04-03T02:44:20.190+0600][64.979s][info][gc,metaspace] Metaspace: 131415K(132736K)->131417K(132736K) NonClass: 114917K(115584K)->114919K(115584K) Class: 16498K(17152K)->16498K(17152K)
[2026-04-03T02:44:20.190+0600][64.979s][info][gc,ergo     ] Pacer for Idle. Initial: 35840K, Alloc Tax Rate: 1.0x
[2026-04-03T02:44:21.256+0600][66.045s][info][gc          ] Trigger: Average GC time (169.18 ms) is above the time for average allocation rate (1322 MB/s) to deplete free headroom (223M) (margin of error = 1.88)
[2026-04-03T02:44:21.256+0600][66.045s][info][gc,ergo     ] Free headroom: 311M (free) - 89600K (spike) - 0B (penalties) = 223M
[2026-04-03T02:44:21.256+0600][66.045s][info][gc,ergo     ] Free: 311M, Max: 512K regular, 195M humongous, Frag: 37% external, 0% internal; Reserve: 89600K, Max: 512K
[2026-04-03T02:44:21.256+0600][66.045s][info][gc,start    ] GC(46) Concurrent reset
[2026-04-03T02:44:21.256+0600][66.045s][info][gc,task     ] GC(46) Using 3 of 6 workers for concurrent reset
[2026-04-03T02:44:21.256+0600][66.045s][info][gc,ergo     ] GC(46) Pacer for Reset. Non-Taxable: 1750M
[2026-04-03T02:44:21.258+0600][66.047s][info][gc          ] GC(46) Concurrent reset 1.870ms
[2026-04-03T02:44:21.258+0600][66.047s][info][gc,start    ] GC(46) Pause Init Mark (unload classes)
[2026-04-03T02:44:21.258+0600][66.048s][info][gc,task     ] GC(46) Using 6 of 6 workers for init marking
[2026-04-03T02:44:21.258+0600][66.048s][info][gc,ergo     ] GC(46) Pacer for Mark. Expected Live: 99159K, Free: 309M, Non-Taxable: 31646K, Alloc Tax Rate: 0.4x
[2026-04-03T02:44:21.258+0600][66.048s][info][gc          ] GC(46) Pause Init Mark (unload classes) 0.197ms
[2026-04-03T02:44:21.258+0600][66.048s][info][gc,start    ] GC(46) Concurrent marking roots
[2026-04-03T02:44:21.258+0600][66.048s][info][gc,task     ] GC(46) Using 3 of 6 workers for concurrent marking roots
[2026-04-03T02:44:21.260+0600][66.049s][info][gc          ] GC(46) Concurrent marking roots 1.601ms
[2026-04-03T02:44:21.260+0600][66.049s][info][gc,start    ] GC(46) Concurrent marking (unload classes)
[2026-04-03T02:44:21.260+0600][66.049s][info][gc,task     ] GC(46) Using 3 of 6 workers for concurrent marking
[2026-04-03T02:44:21.314+0600][66.104s][info][gc          ] GC(46) Concurrent marking (unload classes) 54.521ms
[2026-04-03T02:44:21.315+0600][66.104s][info][gc,start    ] GC(46) Pause Final Mark (unload classes)
[2026-04-03T02:44:21.315+0600][66.104s][info][gc,task     ] GC(46) Using 6 of 6 workers for final marking
[2026-04-03T02:44:21.315+0600][66.105s][info][gc,ergo     ] GC(46) Adaptive CSet Selection. Target Free: 247M, Actual Free: 1186M, Max CSet: 74666K, Min Garbage: 0B
[2026-04-03T02:44:21.315+0600][66.105s][info][gc,ergo     ] GC(46) Collectable Garbage: 1137M (99%), Immediate: 833M (72%), CSet: 304M (26%)
[2026-04-03T02:44:21.315+0600][66.105s][info][gc,ergo     ] GC(46) Pacer for Evacuation. Used CSet: 314M, Free: 1214M, Non-Taxable: 121M, Alloc Tax Rate: 1.1x
[2026-04-03T02:44:21.315+0600][66.105s][info][gc          ] GC(46) Pause Final Mark (unload classes) 0.837ms
[2026-04-03T02:44:21.316+0600][66.105s][info][gc,start    ] GC(46) Concurrent thread roots
[2026-04-03T02:44:21.316+0600][66.105s][info][gc,task     ] GC(46) Using 3 of 6 workers for Concurrent thread roots
[2026-04-03T02:44:21.316+0600][66.106s][info][gc          ] GC(46) Concurrent thread roots 0.856ms
[2026-04-03T02:44:21.316+0600][66.106s][info][gc,start    ] GC(46) Concurrent weak references
[2026-04-03T02:44:21.317+0600][66.106s][info][gc,task     ] GC(46) Using 3 of 6 workers for concurrent weak references
[2026-04-03T02:44:21.317+0600][66.107s][info][gc,ref      ] GC(46) Encountered references: Soft: 3792, Weak: 16515, Final: 84, Phantom: 620
[2026-04-03T02:44:21.317+0600][66.107s][info][gc,ref      ] GC(46) Discovered  references: Soft: 0, Weak: 6809, Final: 0, Phantom: 615
[2026-04-03T02:44:21.317+0600][66.107s][info][gc,ref      ] GC(46) Enqueued    references: Soft: 0, Weak: 1822, Final: 0, Phantom: 0
[2026-04-03T02:44:21.317+0600][66.107s][info][gc          ] GC(46) Concurrent weak references 0.934ms
[2026-04-03T02:44:21.317+0600][66.107s][info][gc,start    ] GC(46) Concurrent weak roots
[2026-04-03T02:44:21.317+0600][66.107s][info][gc,task     ] GC(46) Using 3 of 6 workers for concurrent weak root
[2026-04-03T02:44:21.321+0600][66.110s][info][gc          ] GC(46) Concurrent weak roots 3.626ms
[2026-04-03T02:44:21.321+0600][66.110s][info][gc,start    ] GC(46) Concurrent cleanup
[2026-04-03T02:44:21.322+0600][66.111s][info][gc          ] GC(46) Concurrent cleanup 1280M->447M(1479M) 0.880ms
[2026-04-03T02:44:21.322+0600][66.111s][info][gc,ergo     ] GC(46) Free: 1208M, Max: 512K regular, 195M humongous, Frag: 84% external, 0% internal; Reserve: 88805K, Max: 512K
[2026-04-03T02:44:21.322+0600][66.111s][info][gc,start    ] GC(46) Concurrent class unloading
[2026-04-03T02:44:21.322+0600][66.111s][info][gc,task     ] GC(46) Using 3 of 6 workers for concurrent class unloading
[2026-04-03T02:44:21.342+0600][66.132s][info][gc          ] GC(46) Concurrent class unloading 20.106ms
[2026-04-03T02:44:21.342+0600][66.132s][info][gc,start    ] GC(46) Concurrent strong roots
[2026-04-03T02:44:21.342+0600][66.132s][info][gc,task     ] GC(46) Using 3 of 6 workers for concurrent strong root
[2026-04-03T02:44:21.344+0600][66.133s][info][gc          ] GC(46) Concurrent strong roots 1.576ms
[2026-04-03T02:44:21.344+0600][66.133s][info][gc,start    ] GC(46) Concurrent evacuation
[2026-04-03T02:44:21.344+0600][66.133s][info][gc,task     ] GC(46) Using 3 of 6 workers for concurrent evacuation
[2026-04-03T02:44:21.350+0600][66.139s][info][gc          ] GC(46) Concurrent evacuation 5.886ms
[2026-04-03T02:44:21.350+0600][66.140s][info][gc,start    ] GC(46) Pause Init Update Refs
[2026-04-03T02:44:21.350+0600][66.140s][info][gc,ergo     ] GC(46) Pacer for Update Refs. Used: 462M, Free: 1203M, Non-Taxable: 120M, Alloc Tax Rate: 1.1x
[2026-04-03T02:44:21.350+0600][66.140s][info][gc          ] GC(46) Pause Init Update Refs 0.124ms
[2026-04-03T02:44:21.350+0600][66.140s][info][gc,start    ] GC(46) Concurrent update references
[2026-04-03T02:44:21.350+0600][66.140s][info][gc,task     ] GC(46) Using 3 of 6 workers for concurrent reference update
[2026-04-03T02:44:21.394+0600][66.183s][info][gc          ] GC(46) Concurrent update references 43.169ms
[2026-04-03T02:44:21.394+0600][66.183s][info][gc,start    ] GC(46) Concurrent update thread roots
[2026-04-03T02:44:21.395+0600][66.185s][info][gc          ] GC(46) Concurrent update thread roots 1.592ms
[2026-04-03T02:44:21.396+0600][66.185s][info][gc,start    ] GC(46) Pause Final Update Refs
[2026-04-03T02:44:21.396+0600][66.185s][info][gc,task     ] GC(46) Using 6 of 6 workers for final reference update
[2026-04-03T02:44:21.396+0600][66.185s][info][gc          ] GC(46) Pause Final Update Refs 0.233ms
[2026-04-03T02:44:21.396+0600][66.185s][info][gc,start    ] GC(46) Concurrent cleanup
[2026-04-03T02:44:21.397+0600][66.186s][info][gc          ] GC(46) Concurrent cleanup 474M->160M(1479M) 0.730ms
[2026-04-03T02:44:21.397+0600][66.186s][info][gc,ergo     ] Free: 1493M, Max: 512K regular, 920M humongous, Frag: 39% external, 0% internal; Reserve: 89600K, Max: 512K
[2026-04-03T02:44:21.397+0600][66.186s][info][gc,stats    ] 
[2026-04-03T02:44:21.397+0600][66.186s][info][gc,stats    ] All times are wall-clock times, except per-root-class counters, that are sum over
[2026-04-03T02:44:21.397+0600][66.186s][info][gc,stats    ] all workers. Dividing the <total> over the root stage time estimates parallelism.
[2026-04-03T02:44:21.397+0600][66.186s][info][gc,stats    ] 
[2026-04-03T02:44:21.397+0600][66.186s][info][gc,stats    ] Concurrent Reset                   1948 us
[2026-04-03T02:44:21.397+0600][66.186s][info][gc,stats    ] Pause Init Mark (G)                 478 us
[2026-04-03T02:44:21.397+0600][66.186s][info][gc,stats    ] Pause Init Mark (N)                 208 us
[2026-04-03T02:44:21.397+0600][66.186s][info][gc,stats    ]   Update Region States               65 us
[2026-04-03T02:44:21.397+0600][66.186s][info][gc,stats    ] Concurrent Mark Roots              1637 us, parallelism: 2.07x
[2026-04-03T02:44:21.397+0600][66.186s][info][gc,stats    ]   CMR: <total>                     3396 us
[2026-04-03T02:44:21.397+0600][66.186s][info][gc,stats    ]   CMR: Thread Roots                2900 us, workers (us): 1121, 696, 1083, ---, ---, ---, 
[2026-04-03T02:44:21.397+0600][66.186s][info][gc,stats    ]   CMR: VM Strong Roots               69 us, workers (us):  32,  27,  11, ---, ---, ---, 
[2026-04-03T02:44:21.397+0600][66.186s][info][gc,stats    ]   CMR: CLDG Roots                   427 us, workers (us): ---, 427, ---, ---, ---, ---, 
[2026-04-03T02:44:21.397+0600][66.186s][info][gc,stats    ] Concurrent Marking                54587 us
[2026-04-03T02:44:21.397+0600][66.186s][info][gc,stats    ] Pause Final Mark (G)               1064 us
[2026-04-03T02:44:21.397+0600][66.186s][info][gc,stats    ] Pause Final Mark (N)                848 us
[2026-04-03T02:44:21.397+0600][66.186s][info][gc,stats    ]   Finish Mark                       393 us
[2026-04-03T02:44:21.397+0600][66.186s][info][gc,stats    ]   Update Region States               50 us
[2026-04-03T02:44:21.397+0600][66.186s][info][gc,stats    ]   Choose Collection Set             263 us
[2026-04-03T02:44:21.397+0600][66.186s][info][gc,stats    ]   Rebuild Free Set                   44 us
[2026-04-03T02:44:21.397+0600][66.186s][info][gc,stats    ] Concurrent Thread Roots             880 us, parallelism: 2.30x
[2026-04-03T02:44:21.397+0600][66.186s][info][gc,stats    ]   CTR: <total>                     2019 us
[2026-04-03T02:44:21.397+0600][66.186s][info][gc,stats    ]   CTR: Thread Roots                2019 us, workers (us): 753, 627, 640, ---, ---, ---, 
[2026-04-03T02:44:21.397+0600][66.186s][info][gc,stats    ] Concurrent Weak References          943 us, parallelism: 0.92x
[2026-04-03T02:44:21.397+0600][66.186s][info][gc,stats    ]   CWRF: <total>                     870 us
[2026-04-03T02:44:21.397+0600][66.186s][info][gc,stats    ]   CWRF: Weak References             870 us, workers (us): 200, 669,   1, ---, ---, ---, 
[2026-04-03T02:44:21.397+0600][66.186s][info][gc,stats    ] Concurrent Weak Roots              3663 us
[2026-04-03T02:44:21.397+0600][66.186s][info][gc,stats    ]   Roots                            3421 us, parallelism: 2.74x
[2026-04-03T02:44:21.397+0600][66.186s][info][gc,stats    ]     CWR: <total>                   9356 us
[2026-04-03T02:44:21.397+0600][66.187s][info][gc,stats    ]     CWR: Code Cache Roots          6694 us, workers (us): 2291, 2332, 2071, ---, ---, ---, 
[2026-04-03T02:44:21.397+0600][66.187s][info][gc,stats    ]     CWR: VM Weak Roots             2449 us, workers (us): 830, 823, 797, ---, ---, ---, 
[2026-04-03T02:44:21.397+0600][66.187s][info][gc,stats    ]     CWR: CLDG Roots                 213 us, workers (us): ---, ---, 213, ---, ---, ---, 
[2026-04-03T02:44:21.397+0600][66.187s][info][gc,stats    ]   Rendezvous                        188 us
[2026-04-03T02:44:21.397+0600][66.187s][info][gc,stats    ] Concurrent Cleanup                  897 us
[2026-04-03T02:44:21.397+0600][66.187s][info][gc,stats    ] Concurrent Class Unloading        20242 us
[2026-04-03T02:44:21.397+0600][66.187s][info][gc,stats    ]   Unlink Stale                    15908 us
[2026-04-03T02:44:21.397+0600][66.187s][info][gc,stats    ]     System Dictionary               225 us
[2026-04-03T02:44:21.397+0600][66.187s][info][gc,stats    ]     Weak Class Links                  0 us
[2026-04-03T02:44:21.397+0600][66.187s][info][gc,stats    ]     Code Roots                    15680 us
[2026-04-03T02:44:21.397+0600][66.187s][info][gc,stats    ]   Rendezvous                        614 us
[2026-04-03T02:44:21.397+0600][66.187s][info][gc,stats    ]   Purge Unlinked                   3557 us
[2026-04-03T02:44:21.397+0600][66.187s][info][gc,stats    ]     Code Roots                     3543 us
[2026-04-03T02:44:21.397+0600][66.187s][info][gc,stats    ]     CLDG                             13 us
[2026-04-03T02:44:21.397+0600][66.187s][info][gc,stats    ]     Exception Caches                  0 us
[2026-04-03T02:44:21.397+0600][66.187s][info][gc,stats    ] Concurrent Strong Roots            1661 us, parallelism: 0.66x
[2026-04-03T02:44:21.397+0600][66.187s][info][gc,stats    ]   CSR: <total>                     1090 us
[2026-04-03T02:44:21.397+0600][66.187s][info][gc,stats    ]   CSR: VM Strong Roots               65 us, workers (us):  32,  30,   4, ---, ---, ---, 
[2026-04-03T02:44:21.397+0600][66.187s][info][gc,stats    ]   CSR: CLDG Roots                  1024 us, workers (us): ---, ---, 1024, ---, ---, ---, 
[2026-04-03T02:44:21.397+0600][66.187s][info][gc,stats    ] Concurrent Evacuation              5981 us
[2026-04-03T02:44:21.397+0600][66.187s][info][gc,stats    ] Pause Init Update Refs (G)          481 us
[2026-04-03T02:44:21.397+0600][66.187s][info][gc,stats    ] Pause Init Update Refs (N)          140 us
[2026-04-03T02:44:21.397+0600][66.187s][info][gc,stats    ]   Manage GCLABs                      50 us
[2026-04-03T02:44:21.397+0600][66.187s][info][gc,stats    ] Concurrent Update Refs            43267 us
[2026-04-03T02:44:21.397+0600][66.187s][info][gc,stats    ] Concurrent Update Thread Roots     1652 us
[2026-04-03T02:44:21.397+0600][66.187s][info][gc,stats    ] Pause Final Update Refs (G)         631 us
[2026-04-03T02:44:21.397+0600][66.187s][info][gc,stats    ] Pause Final Update Refs (N)         250 us
[2026-04-03T02:44:21.397+0600][66.187s][info][gc,stats    ]   Update Region States               63 us
[2026-04-03T02:44:21.397+0600][66.187s][info][gc,stats    ]   Trash Collection Set               27 us
[2026-04-03T02:44:21.397+0600][66.187s][info][gc,stats    ]   Rebuild Free Set                   48 us
[2026-04-03T02:44:21.397+0600][66.187s][info][gc,stats    ] Concurrent Cleanup                  755 us
[2026-04-03T02:44:21.397+0600][66.187s][info][gc,stats    ] Pacing                            10093 us
[2026-04-03T02:44:21.397+0600][66.187s][info][gc,stats    ] 
[2026-04-03T02:44:21.397+0600][66.187s][info][gc,stats    ] Allocation pacing accrued:
[2026-04-03T02:44:21.397+0600][66.187s][info][gc,stats    ]      10 of  1208 ms (  0.8%): dag-scheduler-event-loop
[2026-04-03T02:44:21.397+0600][66.187s][info][gc,stats    ]      10 of  1208 ms (  0.8%): <total>
[2026-04-03T02:44:21.397+0600][66.187s][info][gc,stats    ]       0 of  1208 ms (  0.0%): <average total>
[2026-04-03T02:44:21.397+0600][66.187s][info][gc,stats    ]      10 of  1208 ms (  0.8%): <average non-zero>
[2026-04-03T02:44:21.397+0600][66.187s][info][gc,stats    ] 
[2026-04-03T02:44:21.397+0600][66.187s][info][gc,metaspace] Metaspace: 131437K(132736K)->131443K(132736K) NonClass: 114938K(115584K)->114945K(115584K) Class: 16498K(17152K)->16498K(17152K)
[2026-04-03T02:44:21.397+0600][66.187s][info][gc,ergo     ] Pacer for Idle. Initial: 35840K, Alloc Tax Rate: 1.0x
[2026-04-03T02:44:21.901+0600][66.690s][info][gc          ] Trigger: Average GC time (160.58 ms) is above the time for average allocation rate (3893 MB/s) to deplete free headroom (278M) (margin of error = 1.87)
[2026-04-03T02:44:21.901+0600][66.690s][info][gc,ergo     ] Free headroom: 366M (free) - 89600K (spike) - 0B (penalties) = 278M
[2026-04-03T02:44:21.901+0600][66.690s][info][gc,ergo     ] Free: 366M, Max: 512K regular, 328M humongous, Frag: 10% external, 0% internal; Reserve: 89600K, Max: 512K
[2026-04-03T02:44:21.901+0600][66.690s][info][gc,start    ] GC(47) Concurrent reset
[2026-04-03T02:44:21.901+0600][66.690s][info][gc,task     ] GC(47) Using 3 of 6 workers for concurrent reset
[2026-04-03T02:44:21.901+0600][66.690s][info][gc,ergo     ] GC(47) Pacer for Reset. Non-Taxable: 1750M
[2026-04-03T02:44:21.903+0600][66.693s][info][gc          ] GC(47) Concurrent reset 2.319ms
[2026-04-03T02:44:21.904+0600][66.693s][info][gc,start    ] GC(47) Pause Init Mark (unload classes)
[2026-04-03T02:44:21.904+0600][66.693s][info][gc,task     ] GC(47) Using 6 of 6 workers for init marking
[2026-04-03T02:44:21.904+0600][66.693s][info][gc,ergo     ] GC(47) Pacer for Mark. Expected Live: 99493K, Free: 359M, Non-Taxable: 36771K, Alloc Tax Rate: 0.3x
[2026-04-03T02:44:21.904+0600][66.693s][info][gc          ] GC(47) Pause Init Mark (unload classes) 0.151ms
[2026-04-03T02:44:21.904+0600][66.693s][info][gc,start    ] GC(47) Concurrent marking roots
[2026-04-03T02:44:21.904+0600][66.693s][info][gc,task     ] GC(47) Using 3 of 6 workers for concurrent marking roots
[2026-04-03T02:44:21.906+0600][66.695s][info][gc          ] GC(47) Concurrent marking roots 1.944ms
[2026-04-03T02:44:21.906+0600][66.695s][info][gc,start    ] GC(47) Concurrent marking (unload classes)
[2026-04-03T02:44:21.906+0600][66.695s][info][gc,task     ] GC(47) Using 3 of 6 workers for concurrent marking
[2026-04-03T02:44:21.960+0600][66.749s][info][gc          ] GC(47) Concurrent marking (unload classes) 53.752ms
[2026-04-03T02:44:21.960+0600][66.749s][info][gc,start    ] GC(47) Pause Final Mark (unload classes)
[2026-04-03T02:44:21.960+0600][66.749s][info][gc,task     ] GC(47) Using 6 of 6 workers for final marking
[2026-04-03T02:44:21.960+0600][66.750s][info][gc,ergo     ] GC(47) Adaptive CSet Selection. Target Free: 247M, Actual Free: 1356M, Max CSet: 74666K, Min Garbage: 0B
[2026-04-03T02:44:21.960+0600][66.750s][info][gc,ergo     ] GC(47) Collectable Garbage: 1094M (99%), Immediate: 958M (86%), CSet: 136M (12%)
[2026-04-03T02:44:21.960+0600][66.750s][info][gc,ergo     ] GC(47) Pacer for Evacuation. Used CSet: 145M, Free: 1374M, Non-Taxable: 137M, Alloc Tax Rate: 1.1x
[2026-04-03T02:44:21.960+0600][66.750s][info][gc          ] GC(47) Pause Final Mark (unload classes) 0.739ms
[2026-04-03T02:44:21.961+0600][66.750s][info][gc,start    ] GC(47) Concurrent thread roots
[2026-04-03T02:44:21.961+0600][66.750s][info][gc,task     ] GC(47) Using 3 of 6 workers for Concurrent thread roots
[2026-04-03T02:44:21.962+0600][66.751s][info][gc          ] GC(47) Concurrent thread roots 1.109ms
[2026-04-03T02:44:21.962+0600][66.751s][info][gc,start    ] GC(47) Concurrent weak references
[2026-04-03T02:44:21.962+0600][66.751s][info][gc,task     ] GC(47) Using 3 of 6 workers for concurrent weak references
[2026-04-03T02:44:21.962+0600][66.752s][info][gc,ref      ] GC(47) Encountered references: Soft: 3792, Weak: 15825, Final: 84, Phantom: 620
[2026-04-03T02:44:21.962+0600][66.752s][info][gc,ref      ] GC(47) Discovered  references: Soft: 0, Weak: 7183, Final: 0, Phantom: 615
[2026-04-03T02:44:21.962+0600][66.752s][info][gc,ref      ] GC(47) Enqueued    references: Soft: 0, Weak: 1092, Final: 0, Phantom: 0
[2026-04-03T02:44:21.962+0600][66.752s][info][gc          ] GC(47) Concurrent weak references 0.498ms
[2026-04-03T02:44:21.962+0600][66.752s][info][gc,start    ] GC(47) Concurrent weak roots
[2026-04-03T02:44:21.962+0600][66.752s][info][gc,task     ] GC(47) Using 3 of 6 workers for concurrent weak root
[2026-04-03T02:44:21.968+0600][66.757s][info][gc          ] GC(47) Concurrent weak roots 5.234ms
[2026-04-03T02:44:21.968+0600][66.757s][info][gc,start    ] GC(47) Concurrent cleanup
[2026-04-03T02:44:21.969+0600][66.758s][info][gc          ] GC(47) Concurrent cleanup 1244M->286M(1479M) 1.295ms
[2026-04-03T02:44:21.969+0600][66.758s][info][gc,ergo     ] GC(47) Free: 1369M, Max: 512K regular, 306M humongous, Frag: 78% external, 0% internal; Reserve: 88955K, Max: 512K
[2026-04-03T02:44:21.969+0600][66.758s][info][gc,start    ] GC(47) Concurrent class unloading
[2026-04-03T02:44:21.969+0600][66.758s][info][gc,task     ] GC(47) Using 3 of 6 workers for concurrent class unloading
[2026-04-03T02:44:21.992+0600][66.782s][info][gc          ] GC(47) Concurrent class unloading 23.277ms
[2026-04-03T02:44:21.992+0600][66.782s][info][gc,start    ] GC(47) Concurrent strong roots
[2026-04-03T02:44:21.992+0600][66.782s][info][gc,task     ] GC(47) Using 3 of 6 workers for concurrent strong root
[2026-04-03T02:44:21.994+0600][66.783s][info][gc          ] GC(47) Concurrent strong roots 1.588ms
[2026-04-03T02:44:21.994+0600][66.783s][info][gc,start    ] GC(47) Concurrent evacuation
[2026-04-03T02:44:21.994+0600][66.784s][info][gc,task     ] GC(47) Using 3 of 6 workers for concurrent evacuation
[2026-04-03T02:44:21.998+0600][66.788s][info][gc          ] GC(47) Concurrent evacuation 4.191ms
[2026-04-03T02:44:21.999+0600][66.788s][info][gc,start    ] GC(47) Pause Init Update Refs
[2026-04-03T02:44:21.999+0600][66.788s][info][gc,ergo     ] GC(47) Pacer for Update Refs. Used: 327M, Free: 1334M, Non-Taxable: 133M, Alloc Tax Rate: 1.1x
[2026-04-03T02:44:21.999+0600][66.788s][info][gc          ] GC(47) Pause Init Update Refs 0.143ms
[2026-04-03T02:44:21.999+0600][66.788s][info][gc,start    ] GC(47) Concurrent update references
[2026-04-03T02:44:21.999+0600][66.788s][info][gc,task     ] GC(47) Using 3 of 6 workers for concurrent reference update
[2026-04-03T02:44:22.053+0600][66.843s][info][gc          ] GC(47) Concurrent update references 54.712ms
[2026-04-03T02:44:22.054+0600][66.843s][info][gc,start    ] GC(47) Concurrent update thread roots
[2026-04-03T02:44:22.055+0600][66.844s][info][gc          ] GC(47) Concurrent update thread roots 1.238ms
[2026-04-03T02:44:22.055+0600][66.844s][info][gc,start    ] GC(47) Pause Final Update Refs
[2026-04-03T02:44:22.055+0600][66.844s][info][gc,task     ] GC(47) Using 6 of 6 workers for final reference update
[2026-04-03T02:44:22.055+0600][66.845s][info][gc          ] GC(47) Pause Final Update Refs 0.201ms
[2026-04-03T02:44:22.055+0600][66.845s][info][gc,start    ] GC(47) Concurrent cleanup
[2026-04-03T02:44:22.056+0600][66.845s][info][gc          ] GC(47) Concurrent cleanup 353M->207M(1479M) 0.269ms
[2026-04-03T02:44:22.056+0600][66.845s][info][gc,ergo     ] Free: 1439M, Max: 512K regular, 891M humongous, Frag: 39% external, 0% internal; Reserve: 89600K, Max: 512K
[2026-04-03T02:44:22.056+0600][66.845s][info][gc,stats    ] 
[2026-04-03T02:44:22.056+0600][66.845s][info][gc,stats    ] All times are wall-clock times, except per-root-class counters, that are sum over
[2026-04-03T02:44:22.056+0600][66.845s][info][gc,stats    ] all workers. Dividing the <total> over the root stage time estimates parallelism.
[2026-04-03T02:44:22.056+0600][66.845s][info][gc,stats    ] 
[2026-04-03T02:44:22.056+0600][66.845s][info][gc,stats    ] Concurrent Reset                   2368 us
[2026-04-03T02:44:22.056+0600][66.845s][info][gc,stats    ] Pause Init Mark (G)                 434 us
[2026-04-03T02:44:22.056+0600][66.845s][info][gc,stats    ] Pause Init Mark (N)                 160 us
[2026-04-03T02:44:22.056+0600][66.845s][info][gc,stats    ]   Update Region States               38 us
[2026-04-03T02:44:22.056+0600][66.845s][info][gc,stats    ] Concurrent Mark Roots              1985 us, parallelism: 1.53x
[2026-04-03T02:44:22.056+0600][66.845s][info][gc,stats    ]   CMR: <total>                     3045 us
[2026-04-03T02:44:22.056+0600][66.845s][info][gc,stats    ]   CMR: Thread Roots                2598 us, workers (us): 1508, 1090,   0, ---, ---, ---, 
[2026-04-03T02:44:22.056+0600][66.845s][info][gc,stats    ]   CMR: VM Strong Roots               60 us, workers (us):  43,  17,   0, ---, ---, ---, 
[2026-04-03T02:44:22.056+0600][66.845s][info][gc,stats    ]   CMR: CLDG Roots                   386 us, workers (us): ---, 386, ---, ---, ---, ---, 
[2026-04-03T02:44:22.056+0600][66.845s][info][gc,stats    ] Concurrent Marking                53830 us
[2026-04-03T02:44:22.056+0600][66.845s][info][gc,stats    ] Pause Final Mark (G)               1027 us
[2026-04-03T02:44:22.056+0600][66.845s][info][gc,stats    ] Pause Final Mark (N)                777 us
[2026-04-03T02:44:22.056+0600][66.845s][info][gc,stats    ]   Finish Mark                       201 us
[2026-04-03T02:44:22.056+0600][66.845s][info][gc,stats    ]   Update Region States               71 us
[2026-04-03T02:44:22.056+0600][66.845s][info][gc,stats    ]   Choose Collection Set             216 us
[2026-04-03T02:44:22.056+0600][66.845s][info][gc,stats    ]   Rebuild Free Set                   39 us
[2026-04-03T02:44:22.056+0600][66.845s][info][gc,stats    ] Concurrent Thread Roots            1157 us, parallelism: 2.13x
[2026-04-03T02:44:22.056+0600][66.845s][info][gc,stats    ]   CTR: <total>                     2463 us
[2026-04-03T02:44:22.056+0600][66.845s][info][gc,stats    ]   CTR: Thread Roots                2463 us, workers (us): 857, 853, 753, ---, ---, ---, 
[2026-04-03T02:44:22.056+0600][66.845s][info][gc,stats    ] Concurrent Weak References          507 us, parallelism: 1.38x
[2026-04-03T02:44:22.056+0600][66.845s][info][gc,stats    ]   CWRF: <total>                     699 us
[2026-04-03T02:44:22.056+0600][66.845s][info][gc,stats    ]   CWRF: Weak References             699 us, workers (us): 197, 381, 122, ---, ---, ---, 
[2026-04-03T02:44:22.056+0600][66.845s][info][gc,stats    ] Concurrent Weak Roots              5329 us
[2026-04-03T02:44:22.056+0600][66.845s][info][gc,stats    ]   Roots                            4754 us, parallelism: 2.67x
[2026-04-03T02:44:22.056+0600][66.845s][info][gc,stats    ]     CWR: <total>                  12703 us
[2026-04-03T02:44:22.056+0600][66.845s][info][gc,stats    ]     CWR: Code Cache Roots          9706 us, workers (us): 3298, 3234, 3173, ---, ---, ---, 
[2026-04-03T02:44:22.056+0600][66.845s][info][gc,stats    ]     CWR: VM Weak Roots             2855 us, workers (us): 1015, 955, 885, ---, ---, ---, 
[2026-04-03T02:44:22.056+0600][66.845s][info][gc,stats    ]     CWR: CLDG Roots                 143 us, workers (us): ---, 143, ---, ---, ---, ---, 
[2026-04-03T02:44:22.056+0600][66.845s][info][gc,stats    ]   Rendezvous                        457 us
[2026-04-03T02:44:22.056+0600][66.845s][info][gc,stats    ] Concurrent Cleanup                 1338 us
[2026-04-03T02:44:22.056+0600][66.846s][info][gc,stats    ] Concurrent Class Unloading        23387 us
[2026-04-03T02:44:22.056+0600][66.846s][info][gc,stats    ]   Unlink Stale                    17126 us
[2026-04-03T02:44:22.056+0600][66.846s][info][gc,stats    ]     System Dictionary               279 us
[2026-04-03T02:44:22.056+0600][66.846s][info][gc,stats    ]     Weak Class Links                  0 us
[2026-04-03T02:44:22.056+0600][66.846s][info][gc,stats    ]     Code Roots                    16843 us
[2026-04-03T02:44:22.056+0600][66.846s][info][gc,stats    ]   Rendezvous                        674 us
[2026-04-03T02:44:22.056+0600][66.846s][info][gc,stats    ]   Purge Unlinked                   5431 us
[2026-04-03T02:44:22.056+0600][66.846s][info][gc,stats    ]     Code Roots                     5402 us
[2026-04-03T02:44:22.056+0600][66.846s][info][gc,stats    ]     CLDG                             26 us
[2026-04-03T02:44:22.056+0600][66.846s][info][gc,stats    ]     Exception Caches                  1 us
[2026-04-03T02:44:22.056+0600][66.846s][info][gc,stats    ] Concurrent Strong Roots            1681 us, parallelism: 0.66x
[2026-04-03T02:44:22.056+0600][66.846s][info][gc,stats    ]   CSR: <total>                     1105 us
[2026-04-03T02:44:22.056+0600][66.846s][info][gc,stats    ]   CSR: VM Strong Roots               66 us, workers (us):  31,  20,  14, ---, ---, ---, 
[2026-04-03T02:44:22.056+0600][66.846s][info][gc,stats    ]   CSR: CLDG Roots                  1039 us, workers (us): ---, 1039, ---, ---, ---, ---, 
[2026-04-03T02:44:22.056+0600][66.846s][info][gc,stats    ] Concurrent Evacuation              4276 us
[2026-04-03T02:44:22.056+0600][66.846s][info][gc,stats    ] Pause Init Update Refs (G)          353 us
[2026-04-03T02:44:22.056+0600][66.846s][info][gc,stats    ] Pause Init Update Refs (N)          176 us
[2026-04-03T02:44:22.056+0600][66.846s][info][gc,stats    ]   Manage GCLABs                      38 us
[2026-04-03T02:44:22.056+0600][66.846s][info][gc,stats    ] Concurrent Update Refs            54796 us
[2026-04-03T02:44:22.056+0600][66.846s][info][gc,stats    ] Concurrent Update Thread Roots     1329 us
[2026-04-03T02:44:22.056+0600][66.846s][info][gc,stats    ] Pause Final Update Refs (G)         504 us
[2026-04-03T02:44:22.056+0600][66.846s][info][gc,stats    ] Pause Final Update Refs (N)         216 us
[2026-04-03T02:44:22.056+0600][66.846s][info][gc,stats    ]   Update Region States               51 us
[2026-04-03T02:44:22.056+0600][66.846s][info][gc,stats    ]   Trash Collection Set               18 us
[2026-04-03T02:44:22.056+0600][66.846s][info][gc,stats    ]   Rebuild Free Set                   40 us
[2026-04-03T02:44:22.056+0600][66.846s][info][gc,stats    ] Concurrent Cleanup                  319 us
[2026-04-03T02:44:22.056+0600][66.846s][info][gc,stats    ] 
[2026-04-03T02:44:22.056+0600][66.846s][info][gc,stats    ] Allocation pacing accrued:
[2026-04-03T02:44:22.056+0600][66.846s][info][gc,stats    ]       0 of   659 ms (  0.0%): <total>
[2026-04-03T02:44:22.056+0600][66.846s][info][gc,stats    ]       0 of   659 ms (  0.0%): <average total>
[2026-04-03T02:44:22.056+0600][66.846s][info][gc,stats    ] 
[2026-04-03T02:44:22.056+0600][66.846s][info][gc,metaspace] Metaspace: 131464K(132736K)->131468K(132736K) NonClass: 114963K(115584K)->114968K(115584K) Class: 16500K(17152K)->16500K(17152K)
[2026-04-03T02:44:22.056+0600][66.846s][info][gc,ergo     ] Pacer for Idle. Initial: 35840K, Alloc Tax Rate: 1.0x
[2026-04-03T02:44:23.208+0600][67.998s][info][gc          ] Trigger: Average GC time (164.81 ms) is above the time for average allocation rate (1111 MB/s) to deplete free headroom (181M) (margin of error = 1.87)
[2026-04-03T02:44:23.208+0600][67.998s][info][gc,ergo     ] Free headroom: 269M (free) - 89600K (spike) - 0B (penalties) = 181M
[2026-04-03T02:44:23.208+0600][67.998s][info][gc,ergo     ] Free: 269M, Max: 512K regular, 267M humongous, Frag: 0% external, 0% internal; Reserve: 89600K, Max: 512K
[2026-04-03T02:44:23.208+0600][67.998s][info][gc,start    ] GC(48) Concurrent reset
[2026-04-03T02:44:23.208+0600][67.998s][info][gc,task     ] GC(48) Using 3 of 6 workers for concurrent reset
[2026-04-03T02:44:23.208+0600][67.998s][info][gc,ergo     ] GC(48) Pacer for Reset. Non-Taxable: 1750M
[2026-04-03T02:44:23.209+0600][67.999s][info][gc          ] GC(48) Concurrent reset 0.933ms
[2026-04-03T02:44:23.209+0600][67.999s][info][gc,start    ] GC(48) Pause Init Mark (unload classes)
[2026-04-03T02:44:23.209+0600][67.999s][info][gc,task     ] GC(48) Using 6 of 6 workers for init marking
[2026-04-03T02:44:23.210+0600][67.999s][info][gc,ergo     ] GC(48) Pacer for Mark. Expected Live: 100353K, Free: 267M, Non-Taxable: 27391K, Alloc Tax Rate: 0.4x
[2026-04-03T02:44:23.210+0600][67.999s][info][gc          ] GC(48) Pause Init Mark (unload classes) 0.131ms
[2026-04-03T02:44:23.210+0600][67.999s][info][gc,start    ] GC(48) Concurrent marking roots
[2026-04-03T02:44:23.210+0600][67.999s][info][gc,task     ] GC(48) Using 3 of 6 workers for concurrent marking roots
[2026-04-03T02:44:23.211+0600][68.000s][info][gc          ] GC(48) Concurrent marking roots 1.109ms
[2026-04-03T02:44:23.211+0600][68.000s][info][gc,start    ] GC(48) Concurrent marking (unload classes)
[2026-04-03T02:44:23.211+0600][68.000s][info][gc,task     ] GC(48) Using 3 of 6 workers for concurrent marking
[2026-04-03T02:44:23.255+0600][68.044s][info][gc          ] GC(48) Concurrent marking (unload classes) 43.982ms
[2026-04-03T02:44:23.255+0600][68.044s][info][gc,start    ] GC(48) Pause Final Mark (unload classes)
[2026-04-03T02:44:23.255+0600][68.044s][info][gc,task     ] GC(48) Using 6 of 6 workers for final marking
[2026-04-03T02:44:23.255+0600][68.045s][info][gc,ergo     ] GC(48) Adaptive CSet Selection. Target Free: 247M, Actual Free: 1196M, Max CSet: 74666K, Min Garbage: 0B
[2026-04-03T02:44:23.256+0600][68.045s][info][gc,ergo     ] GC(48) Collectable Garbage: 1174M (99%), Immediate: 868M (73%), CSet: 306M (25%)
[2026-04-03T02:44:23.256+0600][68.045s][info][gc,ergo     ] GC(48) Pacer for Evacuation. Used CSet: 314M, Free: 1228M, Non-Taxable: 122M, Alloc Tax Rate: 1.1x
[2026-04-03T02:44:23.256+0600][68.045s][info][gc          ] GC(48) Pause Final Mark (unload classes) 0.885ms
[2026-04-03T02:44:23.256+0600][68.045s][info][gc,start    ] GC(48) Concurrent thread roots
[2026-04-03T02:44:23.256+0600][68.045s][info][gc,task     ] GC(48) Using 3 of 6 workers for Concurrent thread roots
[2026-04-03T02:44:23.257+0600][68.047s][info][gc          ] GC(48) Concurrent thread roots 1.306ms
[2026-04-03T02:44:23.257+0600][68.047s][info][gc,start    ] GC(48) Concurrent weak references
[2026-04-03T02:44:23.257+0600][68.047s][info][gc,task     ] GC(48) Using 3 of 6 workers for concurrent weak references
[2026-04-03T02:44:23.258+0600][68.047s][info][gc,ref      ] GC(48) Encountered references: Soft: 3784, Weak: 16730, Final: 84, Phantom: 620
[2026-04-03T02:44:23.258+0600][68.047s][info][gc,ref      ] GC(48) Discovered  references: Soft: 0, Weak: 5381, Final: 0, Phantom: 615
[2026-04-03T02:44:23.258+0600][68.047s][info][gc,ref      ] GC(48) Enqueued    references: Soft: 0, Weak: 2035, Final: 0, Phantom: 0
[2026-04-03T02:44:23.258+0600][68.047s][info][gc          ] GC(48) Concurrent weak references 0.656ms
[2026-04-03T02:44:23.258+0600][68.047s][info][gc,start    ] GC(48) Concurrent weak roots
[2026-04-03T02:44:23.258+0600][68.047s][info][gc,task     ] GC(48) Using 3 of 6 workers for concurrent weak root
[2026-04-03T02:44:23.264+0600][68.053s][info][gc          ] GC(48) Concurrent weak roots 5.976ms
[2026-04-03T02:44:23.264+0600][68.053s][info][gc,start    ] GC(48) Concurrent cleanup
[2026-04-03T02:44:23.265+0600][68.054s][info][gc          ] GC(48) Concurrent cleanup 1305M->436M(1479M) 0.851ms
[2026-04-03T02:44:23.265+0600][68.054s][info][gc,ergo     ] GC(48) Free: 1223M, Max: 512K regular, 234M humongous, Frag: 81% external, 0% internal; Reserve: 88866K, Max: 512K
[2026-04-03T02:44:23.265+0600][68.054s][info][gc,start    ] GC(48) Concurrent class unloading
[2026-04-03T02:44:23.265+0600][68.054s][info][gc,task     ] GC(48) Using 3 of 6 workers for concurrent class unloading
[2026-04-03T02:44:23.285+0600][68.074s][info][gc          ] GC(48) Concurrent class unloading 19.815ms
[2026-04-03T02:44:23.285+0600][68.074s][info][gc,start    ] GC(48) Concurrent strong roots
[2026-04-03T02:44:23.285+0600][68.074s][info][gc,task     ] GC(48) Using 3 of 6 workers for concurrent strong root
[2026-04-03T02:44:23.287+0600][68.076s][info][gc          ] GC(48) Concurrent strong roots 1.758ms
[2026-04-03T02:44:23.287+0600][68.076s][info][gc,start    ] GC(48) Concurrent evacuation
[2026-04-03T02:44:23.287+0600][68.076s][info][gc,task     ] GC(48) Using 3 of 6 workers for concurrent evacuation
[2026-04-03T02:44:23.291+0600][68.081s][info][gc          ] GC(48) Concurrent evacuation 4.583ms
[2026-04-03T02:44:23.292+0600][68.081s][info][gc,start    ] GC(48) Pause Init Update Refs
[2026-04-03T02:44:23.292+0600][68.081s][info][gc,ergo     ] GC(48) Pacer for Update Refs. Used: 459M, Free: 1207M, Non-Taxable: 120M, Alloc Tax Rate: 1.1x
[2026-04-03T02:44:23.292+0600][68.081s][info][gc          ] GC(48) Pause Init Update Refs 0.232ms
[2026-04-03T02:44:23.292+0600][68.082s][info][gc,start    ] GC(48) Concurrent update references
[2026-04-03T02:44:23.292+0600][68.082s][info][gc,task     ] GC(48) Using 3 of 6 workers for concurrent reference update
[2026-04-03T02:44:23.336+0600][68.125s][info][gc          ] GC(48) Concurrent update references 43.558ms
[2026-04-03T02:44:23.336+0600][68.125s][info][gc,start    ] GC(48) Concurrent update thread roots
[2026-04-03T02:44:23.337+0600][68.127s][info][gc          ] GC(48) Concurrent update thread roots 1.150ms
[2026-04-03T02:44:23.337+0600][68.127s][info][gc,start    ] GC(48) Pause Final Update Refs
[2026-04-03T02:44:23.337+0600][68.127s][info][gc,task     ] GC(48) Using 6 of 6 workers for final reference update
[2026-04-03T02:44:23.337+0600][68.127s][info][gc          ] GC(48) Pause Final Update Refs 0.187ms
[2026-04-03T02:44:23.338+0600][68.127s][info][gc,start    ] GC(48) Concurrent cleanup
[2026-04-03T02:44:23.338+0600][68.128s][info][gc          ] GC(48) Concurrent cleanup 485M->172M(1479M) 0.690ms
[2026-04-03T02:44:23.338+0600][68.128s][info][gc,ergo     ] Free: 1484M, Max: 512K regular, 1024M humongous, Frag: 31% external, 0% internal; Reserve: 89600K, Max: 512K
[2026-04-03T02:44:23.338+0600][68.128s][info][gc,stats    ] 
[2026-04-03T02:44:23.338+0600][68.128s][info][gc,stats    ] All times are wall-clock times, except per-root-class counters, that are sum over
[2026-04-03T02:44:23.338+0600][68.128s][info][gc,stats    ] all workers. Dividing the <total> over the root stage time estimates parallelism.
[2026-04-03T02:44:23.338+0600][68.128s][info][gc,stats    ] 
[2026-04-03T02:44:23.338+0600][68.128s][info][gc,stats    ] Concurrent Reset                    977 us
[2026-04-03T02:44:23.338+0600][68.128s][info][gc,stats    ] Pause Init Mark (G)                 454 us
[2026-04-03T02:44:23.338+0600][68.128s][info][gc,stats    ] Pause Init Mark (N)                 143 us
[2026-04-03T02:44:23.338+0600][68.128s][info][gc,stats    ]   Update Region States               34 us
[2026-04-03T02:44:23.338+0600][68.128s][info][gc,stats    ] Concurrent Mark Roots              1150 us, parallelism: 1.80x
[2026-04-03T02:44:23.338+0600][68.128s][info][gc,stats    ]   CMR: <total>                     2073 us
[2026-04-03T02:44:23.338+0600][68.128s][info][gc,stats    ]   CMR: Thread Roots                1811 us, workers (us): 482, 676, 653, ---, ---, ---, 
[2026-04-03T02:44:23.338+0600][68.128s][info][gc,stats    ]   CMR: VM Strong Roots               46 us, workers (us):  29,  17,   1, ---, ---, ---, 
[2026-04-03T02:44:23.338+0600][68.128s][info][gc,stats    ]   CMR: CLDG Roots                   215 us, workers (us): 215, ---, ---, ---, ---, ---, 
[2026-04-03T02:44:23.338+0600][68.128s][info][gc,stats    ] Concurrent Marking                44060 us
[2026-04-03T02:44:23.338+0600][68.128s][info][gc,stats    ] Pause Final Mark (G)               1096 us
[2026-04-03T02:44:23.338+0600][68.128s][info][gc,stats    ] Pause Final Mark (N)                901 us
[2026-04-03T02:44:23.338+0600][68.128s][info][gc,stats    ]   Finish Mark                       248 us
[2026-04-03T02:44:23.338+0600][68.128s][info][gc,stats    ]   Update Region States               52 us
[2026-04-03T02:44:23.339+0600][68.128s][info][gc,stats    ]   Choose Collection Set             359 us
[2026-04-03T02:44:23.339+0600][68.128s][info][gc,stats    ]   Rebuild Free Set                   69 us
[2026-04-03T02:44:23.339+0600][68.128s][info][gc,stats    ] Concurrent Thread Roots            1339 us, parallelism: 2.47x
[2026-04-03T02:44:23.339+0600][68.128s][info][gc,stats    ]   CTR: <total>                     3306 us
[2026-04-03T02:44:23.339+0600][68.128s][info][gc,stats    ]   CTR: Thread Roots                3306 us, workers (us): 1108, 1102, 1096, ---, ---, ---, 
[2026-04-03T02:44:23.339+0600][68.128s][info][gc,stats    ] Concurrent Weak References          669 us, parallelism: 1.21x
[2026-04-03T02:44:23.339+0600][68.128s][info][gc,stats    ]   CWRF: <total>                     809 us
[2026-04-03T02:44:23.339+0600][68.128s][info][gc,stats    ]   CWRF: Weak References             809 us, workers (us): 189, 119, 500, ---, ---, ---, 
[2026-04-03T02:44:23.339+0600][68.128s][info][gc,stats    ] Concurrent Weak Roots              6107 us
[2026-04-03T02:44:23.339+0600][68.128s][info][gc,stats    ]   Roots                            5561 us, parallelism: 2.79x
[2026-04-03T02:44:23.339+0600][68.128s][info][gc,stats    ]     CWR: <total>                  15506 us
[2026-04-03T02:44:23.339+0600][68.128s][info][gc,stats    ]     CWR: Code Cache Roots         11676 us, workers (us): 3915, 4025, 3736, ---, ---, ---, 
[2026-04-03T02:44:23.339+0600][68.128s][info][gc,stats    ]     CWR: VM Weak Roots             3587 us, workers (us): 1223, 1196, 1169, ---, ---, ---, 
[2026-04-03T02:44:23.339+0600][68.128s][info][gc,stats    ]     CWR: CLDG Roots                 242 us, workers (us): ---, ---, 242, ---, ---, ---, 
[2026-04-03T02:44:23.339+0600][68.128s][info][gc,stats    ]   Rendezvous                        381 us
[2026-04-03T02:44:23.339+0600][68.128s][info][gc,stats    ] Concurrent Cleanup                  890 us
[2026-04-03T02:44:23.339+0600][68.128s][info][gc,stats    ] Concurrent Class Unloading        19935 us
[2026-04-03T02:44:23.339+0600][68.128s][info][gc,stats    ]   Unlink Stale                    15569 us
[2026-04-03T02:44:23.339+0600][68.128s][info][gc,stats    ]     System Dictionary               282 us
[2026-04-03T02:44:23.339+0600][68.128s][info][gc,stats    ]     Weak Class Links                  0 us
[2026-04-03T02:44:23.339+0600][68.128s][info][gc,stats    ]     Code Roots                    15282 us
[2026-04-03T02:44:23.339+0600][68.128s][info][gc,stats    ]   Rendezvous                        273 us
[2026-04-03T02:44:23.339+0600][68.128s][info][gc,stats    ]   Purge Unlinked                   3898 us
[2026-04-03T02:44:23.339+0600][68.128s][info][gc,stats    ]     Code Roots                     3881 us
[2026-04-03T02:44:23.339+0600][68.128s][info][gc,stats    ]     CLDG                             16 us
[2026-04-03T02:44:23.339+0600][68.128s][info][gc,stats    ]     Exception Caches                  0 us
[2026-04-03T02:44:23.339+0600][68.128s][info][gc,stats    ] Concurrent Strong Roots            1866 us, parallelism: 0.70x
[2026-04-03T02:44:23.339+0600][68.128s][info][gc,stats    ]   CSR: <total>                     1310 us
[2026-04-03T02:44:23.339+0600][68.128s][info][gc,stats    ]   CSR: VM Strong Roots               55 us, workers (us):  28,  27,   0, ---, ---, ---, 
[2026-04-03T02:44:23.339+0600][68.128s][info][gc,stats    ]   CSR: CLDG Roots                  1256 us, workers (us): 1256, ---, ---, ---, ---, ---, 
[2026-04-03T02:44:23.339+0600][68.128s][info][gc,stats    ] Concurrent Evacuation              4685 us
[2026-04-03T02:44:23.339+0600][68.128s][info][gc,stats    ] Pause Init Update Refs (G)          733 us
[2026-04-03T02:44:23.339+0600][68.128s][info][gc,stats    ] Pause Init Update Refs (N)          251 us
[2026-04-03T02:44:23.339+0600][68.128s][info][gc,stats    ]   Manage GCLABs                      74 us
[2026-04-03T02:44:23.339+0600][68.128s][info][gc,stats    ] Concurrent Update Refs            43659 us
[2026-04-03T02:44:23.339+0600][68.128s][info][gc,stats    ] Concurrent Update Thread Roots     1183 us
[2026-04-03T02:44:23.339+0600][68.128s][info][gc,stats    ] Pause Final Update Refs (G)         391 us
[2026-04-03T02:44:23.339+0600][68.128s][info][gc,stats    ] Pause Final Update Refs (N)         212 us
[2026-04-03T02:44:23.339+0600][68.128s][info][gc,stats    ]   Update Region States               63 us
[2026-04-03T02:44:23.339+0600][68.128s][info][gc,stats    ]   Trash Collection Set               26 us
[2026-04-03T02:44:23.339+0600][68.128s][info][gc,stats    ]   Rebuild Free Set                   53 us
[2026-04-03T02:44:23.339+0600][68.128s][info][gc,stats    ] Concurrent Cleanup                  706 us
[2026-04-03T02:44:23.339+0600][68.128s][info][gc,stats    ] 
[2026-04-03T02:44:23.339+0600][68.128s][info][gc,stats    ] Allocation pacing accrued:
[2026-04-03T02:44:23.339+0600][68.128s][info][gc,stats    ]       0 of  1282 ms (  0.0%): <total>
[2026-04-03T02:44:23.339+0600][68.128s][info][gc,stats    ]       0 of  1282 ms (  0.0%): <average total>
[2026-04-03T02:44:23.339+0600][68.128s][info][gc,stats    ] 
[2026-04-03T02:44:23.339+0600][68.128s][info][gc,metaspace] Metaspace: 131503K(132800K)->131503K(132800K) NonClass: 115003K(115648K)->115003K(115648K) Class: 16500K(17152K)->16500K(17152K)
[2026-04-03T02:44:23.339+0600][68.128s][info][gc,ergo     ] Pacer for Idle. Initial: 35840K, Alloc Tax Rate: 1.0x
[2026-04-03T02:44:23.741+0600][68.531s][info][gc          ] Trigger: Average GC time (160.76 ms) is above the time for average allocation rate (3913 MB/s) to deplete free headroom (363M) (margin of error = 1.86)
[2026-04-03T02:44:23.741+0600][68.531s][info][gc,ergo     ] Free headroom: 451M (free) - 89600K (spike) - 0B (penalties) = 363M
[2026-04-03T02:44:23.741+0600][68.531s][info][gc,ergo     ] Free: 451M, Max: 512K regular, 237M humongous, Frag: 48% external, 0% internal; Reserve: 89600K, Max: 512K
[2026-04-03T02:44:23.741+0600][68.531s][info][gc,start    ] GC(49) Concurrent reset
[2026-04-03T02:44:23.741+0600][68.531s][info][gc,task     ] GC(49) Using 3 of 6 workers for concurrent reset
[2026-04-03T02:44:23.741+0600][68.531s][info][gc,ergo     ] GC(49) Pacer for Reset. Non-Taxable: 1750M
[2026-04-03T02:44:23.743+0600][68.532s][info][gc          ] GC(49) Concurrent reset 1.682ms
[2026-04-03T02:44:23.743+0600][68.533s][info][gc,start    ] GC(49) Pause Init Mark (unload classes)
[2026-04-03T02:44:23.743+0600][68.533s][info][gc,task     ] GC(49) Using 6 of 6 workers for init marking
[2026-04-03T02:44:23.744+0600][68.533s][info][gc,ergo     ] GC(49) Pacer for Mark. Expected Live: 96590K, Free: 450M, Non-Taxable: 46089K, Alloc Tax Rate: 0.3x
[2026-04-03T02:44:23.744+0600][68.533s][info][gc          ] GC(49) Pause Init Mark (unload classes) 0.159ms
[2026-04-03T02:44:23.744+0600][68.533s][info][gc,start    ] GC(49) Concurrent marking roots
[2026-04-03T02:44:23.744+0600][68.533s][info][gc,task     ] GC(49) Using 3 of 6 workers for concurrent marking roots
[2026-04-03T02:44:23.745+0600][68.535s][info][gc          ] GC(49) Concurrent marking roots 1.421ms
[2026-04-03T02:44:23.745+0600][68.535s][info][gc,start    ] GC(49) Concurrent marking (unload classes)
[2026-04-03T02:44:23.745+0600][68.535s][info][gc,task     ] GC(49) Using 3 of 6 workers for concurrent marking
[2026-04-03T02:44:23.809+0600][68.598s][info][gc          ] GC(49) Concurrent marking (unload classes) 63.631ms
[2026-04-03T02:44:23.809+0600][68.598s][info][gc,start    ] GC(49) Pause Final Mark (unload classes)
[2026-04-03T02:44:23.809+0600][68.599s][info][gc,task     ] GC(49) Using 6 of 6 workers for final marking
[2026-04-03T02:44:23.810+0600][68.599s][info][gc,ergo     ] GC(49) Adaptive CSet Selection. Target Free: 247M, Actual Free: 1388M, Max CSet: 74666K, Min Garbage: 0B
[2026-04-03T02:44:23.810+0600][68.599s][info][gc,ergo     ] GC(49) Collectable Garbage: 1013M (99%), Immediate: 916M (89%), CSet: 98981K (9%)
[2026-04-03T02:44:23.810+0600][68.599s][info][gc,ergo     ] GC(49) Pacer for Evacuation. Used CSet: 101M, Free: 1399M, Non-Taxable: 139M, Alloc Tax Rate: 1.1x
[2026-04-03T02:44:23.810+0600][68.599s][info][gc          ] GC(49) Pause Final Mark (unload classes) 0.836ms
[2026-04-03T02:44:23.810+0600][68.599s][info][gc,start    ] GC(49) Concurrent thread roots
[2026-04-03T02:44:23.810+0600][68.599s][info][gc,task     ] GC(49) Using 3 of 6 workers for Concurrent thread roots
[2026-04-03T02:44:23.811+0600][68.600s][info][gc          ] GC(49) Concurrent thread roots 1.029ms
[2026-04-03T02:44:23.811+0600][68.600s][info][gc,start    ] GC(49) Concurrent weak references
[2026-04-03T02:44:23.811+0600][68.600s][info][gc,task     ] GC(49) Using 3 of 6 workers for concurrent weak references
[2026-04-03T02:44:23.812+0600][68.601s][info][gc,ref      ] GC(49) Encountered references: Soft: 3792, Weak: 15602, Final: 84, Phantom: 620
[2026-04-03T02:44:23.812+0600][68.601s][info][gc,ref      ] GC(49) Discovered  references: Soft: 0, Weak: 5863, Final: 48, Phantom: 605
[2026-04-03T02:44:23.812+0600][68.601s][info][gc,ref      ] GC(49) Enqueued    references: Soft: 0, Weak: 873, Final: 0, Phantom: 0
[2026-04-03T02:44:23.812+0600][68.601s][info][gc          ] GC(49) Concurrent weak references 0.650ms
[2026-04-03T02:44:23.812+0600][68.601s][info][gc,start    ] GC(49) Concurrent weak roots
[2026-04-03T02:44:23.812+0600][68.601s][info][gc,task     ] GC(49) Using 3 of 6 workers for concurrent weak root
[2026-04-03T02:44:23.817+0600][68.606s][info][gc          ] GC(49) Concurrent weak roots 5.191ms
[2026-04-03T02:44:23.817+0600][68.606s][info][gc,start    ] GC(49) Concurrent cleanup
[2026-04-03T02:44:23.818+0600][68.607s][info][gc          ] GC(49) Concurrent cleanup 1178M->261M(1479M) 1.042ms
[2026-04-03T02:44:23.818+0600][68.608s][info][gc,ergo     ] GC(49) Free: 1394M, Max: 512K regular, 296M humongous, Frag: 79% external, 0% internal; Reserve: 88983K, Max: 512K
[2026-04-03T02:44:23.818+0600][68.608s][info][gc,start    ] GC(49) Concurrent class unloading
[2026-04-03T02:44:23.818+0600][68.608s][info][gc,task     ] GC(49) Using 3 of 6 workers for concurrent class unloading
[2026-04-03T02:44:23.839+0600][68.629s][info][gc          ] GC(49) Concurrent class unloading 21.163ms
[2026-04-03T02:44:23.839+0600][68.629s][info][gc,start    ] GC(49) Concurrent strong roots
[2026-04-03T02:44:23.840+0600][68.629s][info][gc,task     ] GC(49) Using 3 of 6 workers for concurrent strong root
[2026-04-03T02:44:23.841+0600][68.630s][info][gc          ] GC(49) Concurrent strong roots 1.637ms
[2026-04-03T02:44:23.841+0600][68.631s][info][gc,start    ] GC(49) Concurrent evacuation
[2026-04-03T02:44:23.841+0600][68.631s][info][gc,task     ] GC(49) Using 3 of 6 workers for concurrent evacuation
[2026-04-03T02:44:23.844+0600][68.633s][info][gc          ] GC(49) Concurrent evacuation 2.711ms
[2026-04-03T02:44:23.844+0600][68.633s][info][gc,start    ] GC(49) Pause Init Update Refs
[2026-04-03T02:44:23.844+0600][68.634s][info][gc,ergo     ] GC(49) Pacer for Update Refs. Used: 293M, Free: 1364M, Non-Taxable: 136M, Alloc Tax Rate: 1.1x
[2026-04-03T02:44:23.844+0600][68.634s][info][gc          ] GC(49) Pause Init Update Refs 0.150ms
[2026-04-03T02:44:23.844+0600][68.634s][info][gc,start    ] GC(49) Concurrent update references
[2026-04-03T02:44:23.844+0600][68.634s][info][gc,task     ] GC(49) Using 3 of 6 workers for concurrent reference update
[2026-04-03T02:44:23.901+0600][68.690s][info][gc          ] GC(49) Concurrent update references 56.333ms
[2026-04-03T02:44:23.901+0600][68.690s][info][gc,start    ] GC(49) Concurrent update thread roots
[2026-04-03T02:44:23.902+0600][68.691s][info][gc          ] GC(49) Concurrent update thread roots 1.175ms
[2026-04-03T02:44:23.902+0600][68.692s][info][gc,start    ] GC(49) Pause Final Update Refs
[2026-04-03T02:44:23.902+0600][68.692s][info][gc,task     ] GC(49) Using 6 of 6 workers for final reference update
[2026-04-03T02:44:23.902+0600][68.692s][info][gc          ] GC(49) Pause Final Update Refs 0.184ms
[2026-04-03T02:44:23.903+0600][68.692s][info][gc,start    ] GC(49) Concurrent cleanup
[2026-04-03T02:44:23.903+0600][68.693s][info][gc          ] GC(49) Concurrent cleanup 317M->219M(1479M) 0.689ms
[2026-04-03T02:44:23.903+0600][68.693s][info][gc,ergo     ] Free: 1427M, Max: 512K regular, 815M humongous, Frag: 43% external, 0% internal; Reserve: 89600K, Max: 512K
[2026-04-03T02:44:23.903+0600][68.693s][info][gc,stats    ] 
[2026-04-03T02:44:23.903+0600][68.693s][info][gc,stats    ] All times are wall-clock times, except per-root-class counters, that are sum over
[2026-04-03T02:44:23.903+0600][68.693s][info][gc,stats    ] all workers. Dividing the <total> over the root stage time estimates parallelism.
[2026-04-03T02:44:23.903+0600][68.693s][info][gc,stats    ] 
[2026-04-03T02:44:23.903+0600][68.693s][info][gc,stats    ] Concurrent Reset                   1771 us
[2026-04-03T02:44:23.903+0600][68.693s][info][gc,stats    ] Pause Init Mark (G)                 561 us
[2026-04-03T02:44:23.903+0600][68.693s][info][gc,stats    ] Pause Init Mark (N)                 169 us
[2026-04-03T02:44:23.903+0600][68.693s][info][gc,stats    ]   Update Region States               40 us
[2026-04-03T02:44:23.903+0600][68.693s][info][gc,stats    ] Concurrent Mark Roots              1472 us, parallelism: 1.80x
[2026-04-03T02:44:23.903+0600][68.693s][info][gc,stats    ]   CMR: <total>                     2652 us
[2026-04-03T02:44:23.903+0600][68.693s][info][gc,stats    ]   CMR: Thread Roots                2205 us, workers (us): 525, 932, 748, ---, ---, ---, 
[2026-04-03T02:44:23.903+0600][68.693s][info][gc,stats    ]   CMR: VM Strong Roots               56 us, workers (us):  39,  16,   0, ---, ---, ---, 
[2026-04-03T02:44:23.903+0600][68.693s][info][gc,stats    ]   CMR: CLDG Roots                   391 us, workers (us): 391, ---, ---, ---, ---, ---, 
[2026-04-03T02:44:23.903+0600][68.693s][info][gc,stats    ] Concurrent Marking                63721 us
[2026-04-03T02:44:23.903+0600][68.693s][info][gc,stats    ] Pause Final Mark (G)               1103 us
[2026-04-03T02:44:23.903+0600][68.693s][info][gc,stats    ] Pause Final Mark (N)                849 us
[2026-04-03T02:44:23.903+0600][68.693s][info][gc,stats    ]   Finish Mark                       294 us
[2026-04-03T02:44:23.903+0600][68.693s][info][gc,stats    ]   Update Region States               49 us
[2026-04-03T02:44:23.903+0600][68.693s][info][gc,stats    ]   Choose Collection Set             238 us
[2026-04-03T02:44:23.903+0600][68.693s][info][gc,stats    ]   Rebuild Free Set                   69 us
[2026-04-03T02:44:23.903+0600][68.693s][info][gc,stats    ] Concurrent Thread Roots            1067 us, parallelism: 2.26x
[2026-04-03T02:44:23.903+0600][68.693s][info][gc,stats    ]   CTR: <total>                     2408 us
[2026-04-03T02:44:23.903+0600][68.693s][info][gc,stats    ]   CTR: Thread Roots                2408 us, workers (us): 855, 793, 759, ---, ---, ---, 
[2026-04-03T02:44:23.903+0600][68.693s][info][gc,stats    ] Concurrent Weak References          664 us, parallelism: 1.22x
[2026-04-03T02:44:23.903+0600][68.693s][info][gc,stats    ]   CWRF: <total>                     808 us
[2026-04-03T02:44:23.903+0600][68.693s][info][gc,stats    ]   CWRF: Weak References             808 us, workers (us): 409, 254, 145, ---, ---, ---, 
[2026-04-03T02:44:23.903+0600][68.693s][info][gc,stats    ] Concurrent Weak Roots              5268 us
[2026-04-03T02:44:23.903+0600][68.693s][info][gc,stats    ]   Roots                            4878 us, parallelism: 2.72x
[2026-04-03T02:44:23.903+0600][68.693s][info][gc,stats    ]     CWR: <total>                  13279 us
[2026-04-03T02:44:23.903+0600][68.693s][info][gc,stats    ]     CWR: Code Cache Roots         10104 us, workers (us): 3382, 3319, 3403, ---, ---, ---, 
[2026-04-03T02:44:23.903+0600][68.693s][info][gc,stats    ]     CWR: VM Weak Roots             3033 us, workers (us): 1055, 1020, 959, ---, ---, ---, 
[2026-04-03T02:44:23.903+0600][68.693s][info][gc,stats    ]     CWR: CLDG Roots                 141 us, workers (us): ---, 141, ---, ---, ---, ---, 
[2026-04-03T02:44:23.904+0600][68.693s][info][gc,stats    ]   Rendezvous                        284 us
[2026-04-03T02:44:23.904+0600][68.693s][info][gc,stats    ] Concurrent Cleanup                 1081 us
[2026-04-03T02:44:23.904+0600][68.693s][info][gc,stats    ] Concurrent Class Unloading        21282 us
[2026-04-03T02:44:23.904+0600][68.693s][info][gc,stats    ]   Unlink Stale                    18548 us
[2026-04-03T02:44:23.904+0600][68.693s][info][gc,stats    ]     System Dictionary               265 us
[2026-04-03T02:44:23.904+0600][68.693s][info][gc,stats    ]     Weak Class Links                  0 us
[2026-04-03T02:44:23.904+0600][68.693s][info][gc,stats    ]     Code Roots                    18278 us
[2026-04-03T02:44:23.904+0600][68.693s][info][gc,stats    ]   Rendezvous                        445 us
[2026-04-03T02:44:23.904+0600][68.693s][info][gc,stats    ]   Purge Unlinked                   2131 us
[2026-04-03T02:44:23.904+0600][68.693s][info][gc,stats    ]     Code Roots                     2107 us
[2026-04-03T02:44:23.904+0600][68.693s][info][gc,stats    ]     CLDG                             23 us
[2026-04-03T02:44:23.904+0600][68.693s][info][gc,stats    ]     Exception Caches                  0 us
[2026-04-03T02:44:23.904+0600][68.693s][info][gc,stats    ] Concurrent Strong Roots            1700 us, parallelism: 0.69x
[2026-04-03T02:44:23.904+0600][68.693s][info][gc,stats    ]   CSR: <total>                     1166 us
[2026-04-03T02:44:23.904+0600][68.693s][info][gc,stats    ]   CSR: VM Strong Roots               71 us, workers (us):  31,  25,  15, ---, ---, ---, 
[2026-04-03T02:44:23.904+0600][68.693s][info][gc,stats    ]   CSR: CLDG Roots                  1095 us, workers (us): ---, ---, 1095, ---, ---, ---, 
[2026-04-03T02:44:23.904+0600][68.693s][info][gc,stats    ] Concurrent Evacuation              2794 us
[2026-04-03T02:44:23.904+0600][68.693s][info][gc,stats    ] Pause Init Update Refs (G)          350 us
[2026-04-03T02:44:23.904+0600][68.693s][info][gc,stats    ] Pause Init Update Refs (N)          166 us
[2026-04-03T02:44:23.904+0600][68.693s][info][gc,stats    ]   Manage GCLABs                      41 us
[2026-04-03T02:44:23.904+0600][68.693s][info][gc,stats    ] Concurrent Update Refs            56432 us
[2026-04-03T02:44:23.904+0600][68.693s][info][gc,stats    ] Concurrent Update Thread Roots     1223 us
[2026-04-03T02:44:23.904+0600][68.693s][info][gc,stats    ] Pause Final Update Refs (G)         519 us
[2026-04-03T02:44:23.904+0600][68.693s][info][gc,stats    ] Pause Final Update Refs (N)         199 us
[2026-04-03T02:44:23.904+0600][68.693s][info][gc,stats    ]   Update Region States               57 us
[2026-04-03T02:44:23.904+0600][68.693s][info][gc,stats    ]   Trash Collection Set               13 us
[2026-04-03T02:44:23.904+0600][68.693s][info][gc,stats    ]   Rebuild Free Set                   46 us
[2026-04-03T02:44:23.904+0600][68.693s][info][gc,stats    ] Concurrent Cleanup                  709 us
[2026-04-03T02:44:23.904+0600][68.693s][info][gc,stats    ] 
[2026-04-03T02:44:23.904+0600][68.693s][info][gc,stats    ] Allocation pacing accrued:
[2026-04-03T02:44:23.904+0600][68.693s][info][gc,stats    ]       0 of   565 ms (  0.0%): <total>
[2026-04-03T02:44:23.904+0600][68.693s][info][gc,stats    ]       0 of   565 ms (  0.0%): <average total>
[2026-04-03T02:44:23.904+0600][68.693s][info][gc,stats    ] 
[2026-04-03T02:44:23.904+0600][68.693s][info][gc,metaspace] Metaspace: 131510K(132800K)->131515K(132800K) NonClass: 115008K(115648K)->115013K(115648K) Class: 16501K(17152K)->16501K(17152K)
[2026-04-03T02:44:23.904+0600][68.693s][info][gc,ergo     ] Pacer for Idle. Initial: 35840K, Alloc Tax Rate: 1.0x
[2026-04-03T02:44:24.976+0600][69.765s][info][gc          ] Trigger: Average GC time (176.20 ms) is above the time for average allocation rate (1168 MB/s) to deplete free headroom (205M) (margin of error = 1.86)
[2026-04-03T02:44:24.976+0600][69.765s][info][gc,ergo     ] Free headroom: 293M (free) - 89600K (spike) - 0B (penalties) = 205M
[2026-04-03T02:44:24.976+0600][69.765s][info][gc,ergo     ] Free: 293M, Max: 512K regular, 236M humongous, Frag: 19% external, 0% internal; Reserve: 89600K, Max: 512K
[2026-04-03T02:44:24.976+0600][69.765s][info][gc,start    ] GC(50) Concurrent reset
[2026-04-03T02:44:24.976+0600][69.765s][info][gc,task     ] GC(50) Using 3 of 6 workers for concurrent reset
[2026-04-03T02:44:24.976+0600][69.765s][info][gc,ergo     ] GC(50) Pacer for Reset. Non-Taxable: 1750M
[2026-04-03T02:44:24.977+0600][69.766s][info][gc          ] GC(50) Concurrent reset 0.830ms
[2026-04-03T02:44:24.977+0600][69.766s][info][gc,start    ] GC(50) Pause Init Mark (unload classes)
[2026-04-03T02:44:24.977+0600][69.766s][info][gc,task     ] GC(50) Using 6 of 6 workers for init marking
[2026-04-03T02:44:24.977+0600][69.766s][info][gc,ergo     ] GC(50) Pacer for Mark. Expected Live: 96603K, Free: 292M, Non-Taxable: 29968K, Alloc Tax Rate: 0.4x
[2026-04-03T02:44:24.977+0600][69.766s][info][gc          ] GC(50) Pause Init Mark (unload classes) 0.147ms
[2026-04-03T02:44:24.977+0600][69.766s][info][gc,start    ] GC(50) Concurrent marking roots
[2026-04-03T02:44:24.977+0600][69.767s][info][gc,task     ] GC(50) Using 3 of 6 workers for concurrent marking roots
[2026-04-03T02:44:24.978+0600][69.768s][info][gc          ] GC(50) Concurrent marking roots 1.088ms
[2026-04-03T02:44:24.978+0600][69.768s][info][gc,start    ] GC(50) Concurrent marking (unload classes)
[2026-04-03T02:44:24.978+0600][69.768s][info][gc,task     ] GC(50) Using 3 of 6 workers for concurrent marking
[2026-04-03T02:44:25.029+0600][69.818s][info][gc          ] GC(50) Concurrent marking (unload classes) 50.762ms
[2026-04-03T02:44:25.029+0600][69.819s][info][gc,start    ] GC(50) Pause Final Mark (unload classes)
[2026-04-03T02:44:25.029+0600][69.819s][info][gc,task     ] GC(50) Using 6 of 6 workers for final marking
[2026-04-03T02:44:25.030+0600][69.819s][info][gc,ergo     ] GC(50) Adaptive CSet Selection. Target Free: 247M, Actual Free: 1179M, Max CSet: 74666K, Min Garbage: 0B
[2026-04-03T02:44:25.030+0600][69.819s][info][gc,ergo     ] GC(50) Collectable Garbage: 1151M (99%), Immediate: 831M (71%), CSet: 319M (27%)
[2026-04-03T02:44:25.030+0600][69.819s][info][gc,ergo     ] GC(50) Pacer for Evacuation. Used CSet: 327M, Free: 1211M, Non-Taxable: 121M, Alloc Tax Rate: 1.1x
[2026-04-03T02:44:25.030+0600][69.819s][info][gc          ] GC(50) Pause Final Mark (unload classes) 0.744ms
[2026-04-03T02:44:25.030+0600][69.819s][info][gc,start    ] GC(50) Concurrent thread roots
[2026-04-03T02:44:25.030+0600][69.819s][info][gc,task     ] GC(50) Using 3 of 6 workers for Concurrent thread roots
[2026-04-03T02:44:25.031+0600][69.821s][info][gc          ] GC(50) Concurrent thread roots 1.133ms
[2026-04-03T02:44:25.031+0600][69.821s][info][gc,start    ] GC(50) Concurrent weak references
[2026-04-03T02:44:25.031+0600][69.821s][info][gc,task     ] GC(50) Using 3 of 6 workers for concurrent weak references
[2026-04-03T02:44:25.032+0600][69.822s][info][gc,ref      ] GC(50) Encountered references: Soft: 3784, Weak: 16588, Final: 84, Phantom: 620
[2026-04-03T02:44:25.032+0600][69.822s][info][gc,ref      ] GC(50) Discovered  references: Soft: 0, Weak: 10531, Final: 52, Phantom: 616
[2026-04-03T02:44:25.032+0600][69.822s][info][gc,ref      ] GC(50) Enqueued    references: Soft: 0, Weak: 1959, Final: 0, Phantom: 0
[2026-04-03T02:44:25.032+0600][69.822s][info][gc          ] GC(50) Concurrent weak references 1.202ms
[2026-04-03T02:44:25.032+0600][69.822s][info][gc,start    ] GC(50) Concurrent weak roots
[2026-04-03T02:44:25.032+0600][69.822s][info][gc,task     ] GC(50) Using 3 of 6 workers for concurrent weak root
[2026-04-03T02:44:25.037+0600][69.827s][info][gc          ] GC(50) Concurrent weak roots 4.906ms
[2026-04-03T02:44:25.037+0600][69.827s][info][gc,start    ] GC(50) Concurrent cleanup
[2026-04-03T02:44:25.038+0600][69.828s][info][gc          ] GC(50) Concurrent cleanup 1280M->449M(1479M) 0.856ms
[2026-04-03T02:44:25.038+0600][69.828s][info][gc,ergo     ] GC(50) Free: 1208M, Max: 512K regular, 259M humongous, Frag: 79% external, 0% internal; Reserve: 88876K, Max: 512K
[2026-04-03T02:44:25.038+0600][69.828s][info][gc,start    ] GC(50) Concurrent class unloading
[2026-04-03T02:44:25.038+0600][69.828s][info][gc,task     ] GC(50) Using 3 of 6 workers for concurrent class unloading
[2026-04-03T02:44:25.057+0600][69.847s][info][gc          ] GC(50) Concurrent class unloading 19.089ms
[2026-04-03T02:44:25.058+0600][69.847s][info][gc,start    ] GC(50) Concurrent strong roots
[2026-04-03T02:44:25.058+0600][69.847s][info][gc,task     ] GC(50) Using 3 of 6 workers for concurrent strong root
[2026-04-03T02:44:25.059+0600][69.849s][info][gc          ] GC(50) Concurrent strong roots 1.605ms
[2026-04-03T02:44:25.059+0600][69.849s][info][gc,start    ] GC(50) Concurrent evacuation
[2026-04-03T02:44:25.059+0600][69.849s][info][gc,task     ] GC(50) Using 3 of 6 workers for concurrent evacuation
[2026-04-03T02:44:25.063+0600][69.853s][info][gc          ] GC(50) Concurrent evacuation 4.075ms
[2026-04-03T02:44:25.064+0600][69.853s][info][gc,start    ] GC(50) Pause Init Update Refs
[2026-04-03T02:44:25.064+0600][69.853s][info][gc,ergo     ] GC(50) Pacer for Update Refs. Used: 464M, Free: 1201M, Non-Taxable: 120M, Alloc Tax Rate: 1.1x
[2026-04-03T02:44:25.064+0600][69.853s][info][gc          ] GC(50) Pause Init Update Refs 0.162ms
[2026-04-03T02:44:25.064+0600][69.853s][info][gc,start    ] GC(50) Concurrent update references
[2026-04-03T02:44:25.064+0600][69.853s][info][gc,task     ] GC(50) Using 3 of 6 workers for concurrent reference update
[2026-04-03T02:44:25.106+0600][69.895s][info][gc          ] GC(50) Concurrent update references 41.639ms
[2026-04-03T02:44:25.106+0600][69.895s][info][gc,start    ] GC(50) Concurrent update thread roots
[2026-04-03T02:44:25.107+0600][69.897s][info][gc          ] GC(50) Concurrent update thread roots 1.629ms
[2026-04-03T02:44:25.108+0600][69.897s][info][gc,start    ] GC(50) Pause Final Update Refs
[2026-04-03T02:44:25.108+0600][69.897s][info][gc,task     ] GC(50) Using 6 of 6 workers for final reference update
[2026-04-03T02:44:25.108+0600][69.897s][info][gc          ] GC(50) Pause Final Update Refs 0.246ms
[2026-04-03T02:44:25.108+0600][69.897s][info][gc,start    ] GC(50) Concurrent cleanup
[2026-04-03T02:44:25.108+0600][69.898s][info][gc          ] GC(50) Concurrent cleanup 491M->163M(1479M) 0.338ms
[2026-04-03T02:44:25.108+0600][69.898s][info][gc,ergo     ] Free: 1492M, Max: 512K regular, 1003M humongous, Frag: 33% external, 0% internal; Reserve: 89600K, Max: 512K
[2026-04-03T02:44:25.108+0600][69.898s][info][gc,stats    ] 
[2026-04-03T02:44:25.108+0600][69.898s][info][gc,stats    ] All times are wall-clock times, except per-root-class counters, that are sum over
[2026-04-03T02:44:25.108+0600][69.898s][info][gc,stats    ] all workers. Dividing the <total> over the root stage time estimates parallelism.
[2026-04-03T02:44:25.109+0600][69.898s][info][gc,stats    ] 
[2026-04-03T02:44:25.109+0600][69.898s][info][gc,stats    ] Concurrent Reset                    865 us
[2026-04-03T02:44:25.109+0600][69.898s][info][gc,stats    ] Pause Init Mark (G)                 446 us
[2026-04-03T02:44:25.109+0600][69.898s][info][gc,stats    ] Pause Init Mark (N)                 156 us
[2026-04-03T02:44:25.109+0600][69.898s][info][gc,stats    ]   Update Region States               32 us
[2026-04-03T02:44:25.109+0600][69.898s][info][gc,stats    ] Concurrent Mark Roots              1114 us, parallelism: 1.64x
[2026-04-03T02:44:25.109+0600][69.898s][info][gc,stats    ]   CMR: <total>                     1823 us
[2026-04-03T02:44:25.109+0600][69.898s][info][gc,stats    ]   CMR: Thread Roots                1551 us, workers (us): 395, 609, 546, ---, ---, ---, 
[2026-04-03T02:44:25.109+0600][69.898s][info][gc,stats    ]   CMR: VM Strong Roots               29 us, workers (us):  27,   1,   1, ---, ---, ---, 
[2026-04-03T02:44:25.109+0600][69.898s][info][gc,stats    ]   CMR: CLDG Roots                   243 us, workers (us): 243, ---, ---, ---, ---, ---, 
[2026-04-03T02:44:25.109+0600][69.898s][info][gc,stats    ] Concurrent Marking                50835 us
[2026-04-03T02:44:25.109+0600][69.898s][info][gc,stats    ] Pause Final Mark (G)                979 us
[2026-04-03T02:44:25.109+0600][69.898s][info][gc,stats    ] Pause Final Mark (N)                757 us
[2026-04-03T02:44:25.109+0600][69.898s][info][gc,stats    ]   Finish Mark                       185 us
[2026-04-03T02:44:25.109+0600][69.898s][info][gc,stats    ]   Update Region States               72 us
[2026-04-03T02:44:25.109+0600][69.898s][info][gc,stats    ]   Choose Collection Set             298 us
[2026-04-03T02:44:25.109+0600][69.898s][info][gc,stats    ]   Rebuild Free Set                   45 us
[2026-04-03T02:44:25.109+0600][69.898s][info][gc,stats    ] Concurrent Thread Roots            1180 us, parallelism: 2.01x
[2026-04-03T02:44:25.109+0600][69.898s][info][gc,stats    ]   CTR: <total>                     2375 us
[2026-04-03T02:44:25.109+0600][69.898s][info][gc,stats    ]   CTR: Thread Roots                2375 us, workers (us): 798, 796, 780, ---, ---, ---, 
[2026-04-03T02:44:25.109+0600][69.898s][info][gc,stats    ] Concurrent Weak References         1216 us, parallelism: 1.22x
[2026-04-03T02:44:25.109+0600][69.898s][info][gc,stats    ]   CWRF: <total>                    1479 us
[2026-04-03T02:44:25.109+0600][69.898s][info][gc,stats    ]   CWRF: Weak References            1479 us, workers (us): 944,  24, 511, ---, ---, ---, 
[2026-04-03T02:44:25.109+0600][69.898s][info][gc,stats    ] Concurrent Weak Roots              5004 us
[2026-04-03T02:44:25.109+0600][69.898s][info][gc,stats    ]   Roots                            4462 us, parallelism: 2.69x
[2026-04-03T02:44:25.109+0600][69.898s][info][gc,stats    ]     CWR: <total>                  12021 us
[2026-04-03T02:44:25.109+0600][69.898s][info][gc,stats    ]     CWR: Code Cache Roots          9279 us, workers (us): 3124, 3150, 3005, ---, ---, ---, 
[2026-04-03T02:44:25.109+0600][69.898s][info][gc,stats    ]     CWR: VM Weak Roots             2620 us, workers (us): 903, 908, 809, ---, ---, ---, 
[2026-04-03T02:44:25.109+0600][69.898s][info][gc,stats    ]     CWR: CLDG Roots                 122 us, workers (us): ---, ---, 122, ---, ---, ---, 
[2026-04-03T02:44:25.109+0600][69.898s][info][gc,stats    ]   Rendezvous                        414 us
[2026-04-03T02:44:25.109+0600][69.898s][info][gc,stats    ] Concurrent Cleanup                  885 us
[2026-04-03T02:44:25.109+0600][69.898s][info][gc,stats    ] Concurrent Class Unloading        19207 us
[2026-04-03T02:44:25.109+0600][69.898s][info][gc,stats    ]   Unlink Stale                    17118 us
[2026-04-03T02:44:25.109+0600][69.898s][info][gc,stats    ]     System Dictionary               387 us
[2026-04-03T02:44:25.109+0600][69.898s][info][gc,stats    ]     Weak Class Links                  0 us
[2026-04-03T02:44:25.109+0600][69.898s][info][gc,stats    ]     Code Roots                    16726 us
[2026-04-03T02:44:25.109+0600][69.898s][info][gc,stats    ]   Rendezvous                        441 us
[2026-04-03T02:44:25.109+0600][69.898s][info][gc,stats    ]   Purge Unlinked                   1461 us
[2026-04-03T02:44:25.109+0600][69.898s][info][gc,stats    ]     Code Roots                     1445 us
[2026-04-03T02:44:25.109+0600][69.898s][info][gc,stats    ]     CLDG                             15 us
[2026-04-03T02:44:25.109+0600][69.898s][info][gc,stats    ]     Exception Caches                  0 us
[2026-04-03T02:44:25.109+0600][69.898s][info][gc,stats    ] Concurrent Strong Roots            1687 us, parallelism: 0.65x
[2026-04-03T02:44:25.109+0600][69.898s][info][gc,stats    ]   CSR: <total>                     1100 us
[2026-04-03T02:44:25.109+0600][69.898s][info][gc,stats    ]   CSR: VM Strong Roots               50 us, workers (us):  47,   3,   0, ---, ---, ---, 
[2026-04-03T02:44:25.109+0600][69.898s][info][gc,stats    ]   CSR: CLDG Roots                  1050 us, workers (us): 1050, ---, ---, ---, ---, ---, 
[2026-04-03T02:44:25.109+0600][69.898s][info][gc,stats    ] Concurrent Evacuation              4176 us
[2026-04-03T02:44:25.109+0600][69.898s][info][gc,stats    ] Pause Init Update Refs (G)          456 us
[2026-04-03T02:44:25.109+0600][69.898s][info][gc,stats    ] Pause Init Update Refs (N)          193 us
[2026-04-03T02:44:25.109+0600][69.898s][info][gc,stats    ]   Manage GCLABs                      73 us
[2026-04-03T02:44:25.109+0600][69.898s][info][gc,stats    ] Concurrent Update Refs            41713 us
[2026-04-03T02:44:25.109+0600][69.898s][info][gc,stats    ] Concurrent Update Thread Roots     1684 us
[2026-04-03T02:44:25.109+0600][69.898s][info][gc,stats    ] Pause Final Update Refs (G)         647 us
[2026-04-03T02:44:25.109+0600][69.898s][info][gc,stats    ] Pause Final Update Refs (N)         271 us
[2026-04-03T02:44:25.109+0600][69.898s][info][gc,stats    ]   Update Region States               87 us
[2026-04-03T02:44:25.109+0600][69.898s][info][gc,stats    ]   Trash Collection Set               32 us
[2026-04-03T02:44:25.109+0600][69.898s][info][gc,stats    ]   Rebuild Free Set                   54 us
[2026-04-03T02:44:25.109+0600][69.899s][info][gc,stats    ] Concurrent Cleanup                  366 us
[2026-04-03T02:44:25.109+0600][69.899s][info][gc,stats    ] 
[2026-04-03T02:44:25.109+0600][69.899s][info][gc,stats    ] Allocation pacing accrued:
[2026-04-03T02:44:25.109+0600][69.899s][info][gc,stats    ]       0 of  1205 ms (  0.0%): <total>
[2026-04-03T02:44:25.109+0600][69.899s][info][gc,stats    ]       0 of  1205 ms (  0.0%): <average total>
[2026-04-03T02:44:25.109+0600][69.899s][info][gc,stats    ] 
[2026-04-03T02:44:25.109+0600][69.899s][info][gc,metaspace] Metaspace: 131529K(132800K)->131531K(132800K) NonClass: 115027K(115648K)->115029K(115648K) Class: 16501K(17152K)->16502K(17152K)
[2026-04-03T02:44:25.109+0600][69.899s][info][gc,ergo     ] Pacer for Idle. Initial: 35840K, Alloc Tax Rate: 1.0x
[2026-04-03T02:44:25.850+0600][70.639s][info][gc          ] Trigger: Explicit GC request (System.gc())
[2026-04-03T02:44:25.850+0600][70.639s][info][gc,ergo     ] Free: 625M, Max: 512K regular, 364M humongous, Frag: 42% external, 0% internal; Reserve: 89600K, Max: 512K
[2026-04-03T02:44:25.850+0600][70.639s][info][gc,start    ] GC(51) Concurrent reset
[2026-04-03T02:44:25.850+0600][70.639s][info][gc,task     ] GC(51) Using 3 of 6 workers for concurrent reset
[2026-04-03T02:44:25.850+0600][70.639s][info][gc,ergo     ] GC(51) Pacer for Reset. Non-Taxable: 1750M
[2026-04-03T02:44:25.851+0600][70.640s][info][gc          ] GC(51) Concurrent reset 1.195ms
[2026-04-03T02:44:25.851+0600][70.641s][info][gc,start    ] GC(51) Pause Init Mark (unload classes)
[2026-04-03T02:44:25.851+0600][70.641s][info][gc,task     ] GC(51) Using 6 of 6 workers for init marking
[2026-04-03T02:44:25.851+0600][70.641s][info][gc,ref      ] GC(51) Clearing All SoftReferences
[2026-04-03T02:44:25.851+0600][70.641s][info][gc,ergo     ] GC(51) Pacer for Mark. Expected Live: 95695K, Free: 625M, Non-Taxable: 64068K, Alloc Tax Rate: 0.2x
[2026-04-03T02:44:25.851+0600][70.641s][info][gc          ] GC(51) Pause Init Mark (unload classes) 0.131ms
[2026-04-03T02:44:25.851+0600][70.641s][info][gc,start    ] GC(51) Concurrent marking roots
[2026-04-03T02:44:25.851+0600][70.641s][info][gc,task     ] GC(51) Using 3 of 6 workers for concurrent marking roots
[2026-04-03T02:44:25.852+0600][70.642s][info][gc          ] GC(51) Concurrent marking roots 1.120ms
[2026-04-03T02:44:25.853+0600][70.642s][info][gc,start    ] GC(51) Concurrent marking (unload classes)
[2026-04-03T02:44:25.853+0600][70.642s][info][gc,task     ] GC(51) Using 3 of 6 workers for concurrent marking
[2026-04-03T02:44:25.894+0600][70.683s][info][gc          ] GC(51) Concurrent marking (unload classes) 41.013ms
[2026-04-03T02:44:25.894+0600][70.683s][info][gc,start    ] GC(51) Pause Final Mark (unload classes)
[2026-04-03T02:44:25.894+0600][70.683s][info][gc,task     ] GC(51) Using 6 of 6 workers for final marking
[2026-04-03T02:44:25.894+0600][70.683s][info][gc,ergo     ] GC(51) Adaptive CSet Selection. Target Free: 247M, Actual Free: 1462M, Max CSet: 74666K, Min Garbage: 0B
[2026-04-03T02:44:25.894+0600][70.684s][info][gc,ergo     ] GC(51) Collectable Garbage: 876M (99%), Immediate: 752M (85%), CSet: 123M (14%)
[2026-04-03T02:44:25.894+0600][70.684s][info][gc,ergo     ] GC(51) Pacer for Evacuation. Used CSet: 129M, Free: 1440M, Non-Taxable: 144M, Alloc Tax Rate: 1.1x
[2026-04-03T02:44:25.894+0600][70.684s][info][gc          ] GC(51) Pause Final Mark (unload classes) 0.689ms
[2026-04-03T02:44:25.894+0600][70.684s][info][gc,start    ] GC(51) Concurrent thread roots
[2026-04-03T02:44:25.895+0600][70.684s][info][gc,task     ] GC(51) Using 3 of 6 workers for Concurrent thread roots
[2026-04-03T02:44:25.895+0600][70.685s][info][gc          ] GC(51) Concurrent thread roots 0.931ms
[2026-04-03T02:44:25.895+0600][70.685s][info][gc,start    ] GC(51) Concurrent weak references
[2026-04-03T02:44:25.895+0600][70.685s][info][gc,task     ] GC(51) Using 3 of 6 workers for concurrent weak references
[2026-04-03T02:44:25.896+0600][70.685s][info][gc,ref      ] GC(51) Encountered references: Soft: 3586, Weak: 15850, Final: 84, Phantom: 620
[2026-04-03T02:44:25.896+0600][70.686s][info][gc,ref      ] GC(51) Discovered  references: Soft: 2466, Weak: 4346, Final: 0, Phantom: 615
[2026-04-03T02:44:25.896+0600][70.686s][info][gc,ref      ] GC(51) Enqueued    references: Soft: 689, Weak: 1569, Final: 0, Phantom: 0
[2026-04-03T02:44:25.896+0600][70.686s][info][gc          ] GC(51) Concurrent weak references 0.722ms
[2026-04-03T02:44:25.896+0600][70.686s][info][gc,start    ] GC(51) Concurrent weak roots
[2026-04-03T02:44:25.896+0600][70.686s][info][gc,task     ] GC(51) Using 3 of 6 workers for concurrent weak root
[2026-04-03T02:44:25.900+0600][70.690s][info][gc          ] GC(51) Concurrent weak roots 4.284ms
[2026-04-03T02:44:25.901+0600][70.690s][info][gc,start    ] GC(51) Concurrent cleanup
[2026-04-03T02:44:25.901+0600][70.691s][info][gc          ] GC(51) Concurrent cleanup 974M->221M(1479M) 0.721ms
[2026-04-03T02:44:25.901+0600][70.691s][info][gc,ergo     ] GC(51) Free: 1439M, Max: 512K regular, 364M humongous, Frag: 75% external, 0% internal; Reserve: 88755K, Max: 512K
[2026-04-03T02:44:25.901+0600][70.691s][info][gc,start    ] GC(51) Concurrent class unloading
[2026-04-03T02:44:25.901+0600][70.691s][info][gc,task     ] GC(51) Using 3 of 6 workers for concurrent class unloading
[2026-04-03T02:44:25.957+0600][70.747s][info][gc          ] GC(51) Concurrent class unloading 55.919ms
[2026-04-03T02:44:25.957+0600][70.747s][info][gc,start    ] GC(51) Concurrent strong roots
[2026-04-03T02:44:25.957+0600][70.747s][info][gc,task     ] GC(51) Using 3 of 6 workers for concurrent strong root
[2026-04-03T02:44:25.958+0600][70.748s][info][gc          ] GC(51) Concurrent strong roots 0.867ms
[2026-04-03T02:44:25.958+0600][70.748s][info][gc,start    ] GC(51) Concurrent evacuation
[2026-04-03T02:44:25.958+0600][70.748s][info][gc,task     ] GC(51) Using 3 of 6 workers for concurrent evacuation
[2026-04-03T02:44:25.960+0600][70.750s][info][gc          ] GC(51) Concurrent evacuation 2.025ms
[2026-04-03T02:44:25.961+0600][70.750s][info][gc,start    ] GC(51) Pause Init Update Refs
[2026-04-03T02:44:25.961+0600][70.750s][info][gc,ergo     ] GC(51) Pacer for Update Refs. Used: 230M, Free: 1437M, Non-Taxable: 143M, Alloc Tax Rate: 1.1x
[2026-04-03T02:44:25.961+0600][70.750s][info][gc          ] GC(51) Pause Init Update Refs 0.106ms
[2026-04-03T02:44:25.961+0600][70.750s][info][gc,start    ] GC(51) Concurrent update references
[2026-04-03T02:44:25.961+0600][70.750s][info][gc,task     ] GC(51) Using 3 of 6 workers for concurrent reference update
[2026-04-03T02:44:25.985+0600][70.775s][info][gc          ] GC(51) Concurrent update references 24.516ms
[2026-04-03T02:44:25.985+0600][70.775s][info][gc,start    ] GC(51) Concurrent update thread roots
[2026-04-03T02:44:25.986+0600][70.776s][info][gc          ] GC(51) Concurrent update thread roots 1.026ms
[2026-04-03T02:44:25.987+0600][70.776s][info][gc,start    ] GC(51) Pause Final Update Refs
[2026-04-03T02:44:25.987+0600][70.776s][info][gc,task     ] GC(51) Using 6 of 6 workers for final reference update
[2026-04-03T02:44:25.987+0600][70.776s][info][gc          ] GC(51) Pause Final Update Refs 0.135ms
[2026-04-03T02:44:25.987+0600][70.776s][info][gc,start    ] GC(51) Concurrent cleanup
[2026-04-03T02:44:25.987+0600][70.777s][info][gc          ] GC(51) Concurrent cleanup 230M->100M(1479M) 0.523ms
[2026-04-03T02:44:25.987+0600][70.777s][info][gc,ergo     ] Free: 1560M, Max: 512K regular, 658M humongous, Frag: 58% external, 0% internal; Reserve: 89600K, Max: 512K
[2026-04-03T02:44:25.987+0600][70.777s][info][gc,stats    ] 
[2026-04-03T02:44:25.987+0600][70.777s][info][gc,stats    ] All times are wall-clock times, except per-root-class counters, that are sum over
[2026-04-03T02:44:25.987+0600][70.777s][info][gc,stats    ] all workers. Dividing the <total> over the root stage time estimates parallelism.
[2026-04-03T02:44:25.987+0600][70.777s][info][gc,stats    ] 
[2026-04-03T02:44:25.987+0600][70.777s][info][gc,stats    ] Concurrent Reset                   1233 us
[2026-04-03T02:44:25.987+0600][70.777s][info][gc,stats    ] Pause Init Mark (G)                 360 us
[2026-04-03T02:44:25.987+0600][70.777s][info][gc,stats    ] Pause Init Mark (N)                 138 us
[2026-04-03T02:44:25.987+0600][70.777s][info][gc,stats    ]   Update Region States               31 us
[2026-04-03T02:44:25.987+0600][70.777s][info][gc,stats    ] Concurrent Mark Roots              1151 us, parallelism: 1.84x
[2026-04-03T02:44:25.987+0600][70.777s][info][gc,stats    ]   CMR: <total>                     2119 us
[2026-04-03T02:44:25.987+0600][70.777s][info][gc,stats    ]   CMR: Thread Roots                1781 us, workers (us): 389, 696, 696, ---, ---, ---, 
[2026-04-03T02:44:25.987+0600][70.777s][info][gc,stats    ]   CMR: VM Strong Roots               38 us, workers (us):  36,   1,   1, ---, ---, ---, 
[2026-04-03T02:44:25.987+0600][70.777s][info][gc,stats    ]   CMR: CLDG Roots                   300 us, workers (us): 300, ---, ---, ---, ---, ---, 
[2026-04-03T02:44:25.987+0600][70.777s][info][gc,stats    ] Concurrent Marking                41079 us
[2026-04-03T02:44:25.987+0600][70.777s][info][gc,stats    ] Pause Final Mark (G)                889 us
[2026-04-03T02:44:25.987+0600][70.777s][info][gc,stats    ] Pause Final Mark (N)                700 us
[2026-04-03T02:44:25.988+0600][70.777s][info][gc,stats    ]   Finish Mark                       244 us
[2026-04-03T02:44:25.988+0600][70.777s][info][gc,stats    ]   Update Region States               48 us
[2026-04-03T02:44:25.988+0600][70.777s][info][gc,stats    ]   Choose Collection Set             205 us
[2026-04-03T02:44:25.988+0600][70.777s][info][gc,stats    ]   Rebuild Free Set                   45 us
[2026-04-03T02:44:25.988+0600][70.777s][info][gc,stats    ] Concurrent Thread Roots             964 us, parallelism: 2.25x
[2026-04-03T02:44:25.988+0600][70.777s][info][gc,stats    ]   CTR: <total>                     2175 us
[2026-04-03T02:44:25.988+0600][70.777s][info][gc,stats    ]   CTR: Thread Roots                2175 us, workers (us): 776, 707, 692, ---, ---, ---, 
[2026-04-03T02:44:25.988+0600][70.777s][info][gc,stats    ] Concurrent Weak References          731 us, parallelism: 1.43x
[2026-04-03T02:44:25.988+0600][70.777s][info][gc,stats    ]   CWRF: <total>                    1044 us
[2026-04-03T02:44:25.988+0600][70.777s][info][gc,stats    ]   CWRF: Weak References            1044 us, workers (us): 461, 297, 286, ---, ---, ---, 
[2026-04-03T02:44:25.988+0600][70.777s][info][gc,stats    ] Concurrent Weak Roots              4430 us
[2026-04-03T02:44:25.988+0600][70.777s][info][gc,stats    ]   Roots                            4017 us, parallelism: 2.64x
[2026-04-03T02:44:25.988+0600][70.777s][info][gc,stats    ]     CWR: <total>                  10595 us
[2026-04-03T02:44:25.988+0600][70.777s][info][gc,stats    ]     CWR: Code Cache Roots          7635 us, workers (us): 2594, 2530, 2511, ---, ---, ---, 
[2026-04-03T02:44:25.988+0600][70.777s][info][gc,stats    ]     CWR: VM Weak Roots             2770 us, workers (us): 992, 893, 885, ---, ---, ---, 
[2026-04-03T02:44:25.988+0600][70.777s][info][gc,stats    ]     CWR: CLDG Roots                 189 us, workers (us): ---, ---, 189, ---, ---, ---, 
[2026-04-03T02:44:25.988+0600][70.777s][info][gc,stats    ]   Rendezvous                        242 us
[2026-04-03T02:44:25.988+0600][70.777s][info][gc,stats    ] Concurrent Cleanup                  748 us
[2026-04-03T02:44:25.988+0600][70.777s][info][gc,stats    ] Concurrent Class Unloading        55983 us
[2026-04-03T02:44:25.988+0600][70.777s][info][gc,stats    ]   Unlink Stale                    43181 us
[2026-04-03T02:44:25.988+0600][70.777s][info][gc,stats    ]     System Dictionary               997 us
[2026-04-03T02:44:25.988+0600][70.777s][info][gc,stats    ]     Weak Class Links              26399 us
[2026-04-03T02:44:25.988+0600][70.777s][info][gc,stats    ]     Code Roots                    15780 us
[2026-04-03T02:44:25.988+0600][70.777s][info][gc,stats    ]   Rendezvous                        437 us
[2026-04-03T02:44:25.988+0600][70.777s][info][gc,stats    ]   Purge Unlinked                  12270 us
[2026-04-03T02:44:25.988+0600][70.777s][info][gc,stats    ]     Code Roots                    11191 us
[2026-04-03T02:44:25.988+0600][70.777s][info][gc,stats    ]     CLDG                           1079 us
[2026-04-03T02:44:25.988+0600][70.777s][info][gc,stats    ]     Exception Caches                  0 us
[2026-04-03T02:44:25.988+0600][70.777s][info][gc,stats    ] Concurrent Strong Roots             906 us, parallelism: 0.58x
[2026-04-03T02:44:25.988+0600][70.777s][info][gc,stats    ]   CSR: <total>                      526 us
[2026-04-03T02:44:25.988+0600][70.777s][info][gc,stats    ]   CSR: VM Strong Roots               35 us, workers (us):  33,   1,   1, ---, ---, ---, 
[2026-04-03T02:44:25.988+0600][70.777s][info][gc,stats    ]   CSR: CLDG Roots                   491 us, workers (us): 491, ---, ---, ---, ---, ---, 
[2026-04-03T02:44:25.988+0600][70.777s][info][gc,stats    ] Concurrent Evacuation              2076 us
[2026-04-03T02:44:25.988+0600][70.777s][info][gc,stats    ] Pause Init Update Refs (G)          420 us
[2026-04-03T02:44:25.988+0600][70.777s][info][gc,stats    ] Pause Init Update Refs (N)          115 us
[2026-04-03T02:44:25.988+0600][70.777s][info][gc,stats    ]   Manage GCLABs                      54 us
[2026-04-03T02:44:25.988+0600][70.777s][info][gc,stats    ] Concurrent Update Refs            24576 us
[2026-04-03T02:44:25.988+0600][70.777s][info][gc,stats    ] Concurrent Update Thread Roots     1063 us
[2026-04-03T02:44:25.988+0600][70.777s][info][gc,stats    ] Pause Final Update Refs (G)         277 us
[2026-04-03T02:44:25.988+0600][70.777s][info][gc,stats    ] Pause Final Update Refs (N)         144 us
[2026-04-03T02:44:25.988+0600][70.777s][info][gc,stats    ]   Update Region States               40 us
[2026-04-03T02:44:25.988+0600][70.777s][info][gc,stats    ]   Trash Collection Set               13 us
[2026-04-03T02:44:25.988+0600][70.777s][info][gc,stats    ]   Rebuild Free Set                   34 us
[2026-04-03T02:44:25.988+0600][70.777s][info][gc,stats    ] Concurrent Cleanup                  558 us
[2026-04-03T02:44:25.988+0600][70.777s][info][gc,stats    ] 
[2026-04-03T02:44:25.988+0600][70.777s][info][gc,stats    ] Allocation pacing accrued:
[2026-04-03T02:44:25.988+0600][70.777s][info][gc,stats    ]       0 of   879 ms (  0.0%): <total>
[2026-04-03T02:44:25.988+0600][70.777s][info][gc,stats    ]       0 of   879 ms (  0.0%): <average total>
[2026-04-03T02:44:25.988+0600][70.777s][info][gc,stats    ] 
[2026-04-03T02:44:25.988+0600][70.777s][info][gc,metaspace] Metaspace: 131569K(132864K)->130437K(132864K) NonClass: 115062K(115712K)->114103K(115712K) Class: 16507K(17152K)->16334K(17152K)
[2026-04-03T02:44:25.988+0600][70.777s][info][gc,ergo     ] Pacer for Idle. Initial: 35840K, Alloc Tax Rate: 1.0x
[2026-04-03T02:44:25.988+0600][70.777s][info][gc,start    ] Concurrent uncommit
[2026-04-03T02:44:26.142+0600][70.931s][info][gc          ] Concurrent uncommit 100M->125M(132M) 153.971ms
[2026-04-03T02:44:26.336+0600][71.125s][info][gc          ] Trigger: Learning 2 of 5. Free (1224M) is below initial threshold (1225M)
[2026-04-03T02:44:26.336+0600][71.125s][info][gc,ergo     ] Free: 1224M, Max: 512K regular, 658M humongous, Frag: 47% external, 0% internal; Reserve: 89600K, Max: 512K
[2026-04-03T02:44:26.336+0600][71.125s][info][gc,start    ] GC(52) Concurrent reset
[2026-04-03T02:44:26.336+0600][71.125s][info][gc,task     ] GC(52) Using 3 of 6 workers for concurrent reset
[2026-04-03T02:44:26.336+0600][71.126s][info][gc,ergo     ] GC(52) Pacer for Reset. Non-Taxable: 1750M
[2026-04-03T02:44:26.337+0600][71.127s][info][gc          ] GC(52) Concurrent reset 1.296ms
[2026-04-03T02:44:26.342+0600][71.131s][info][gc,start    ] GC(52) Pause Init Mark (unload classes)
[2026-04-03T02:44:26.342+0600][71.131s][info][gc,task     ] GC(52) Using 6 of 6 workers for init marking
[2026-04-03T02:44:26.342+0600][71.131s][info][gc,ergo     ] GC(52) Pacer for Mark. Expected Live: 94857K, Free: 1218M, Non-Taxable: 121M, Alloc Tax Rate: 0.1x
[2026-04-03T02:44:26.342+0600][71.131s][info][gc          ] GC(52) Pause Init Mark (unload classes) 0.175ms
[2026-04-03T02:44:26.342+0600][71.131s][info][gc,start    ] GC(52) Concurrent marking roots
[2026-04-03T02:44:26.342+0600][71.132s][info][gc,task     ] GC(52) Using 3 of 6 workers for concurrent marking roots
[2026-04-03T02:44:26.344+0600][71.133s][info][gc          ] GC(52) Concurrent marking roots 1.431ms
[2026-04-03T02:44:26.344+0600][71.133s][info][gc,start    ] GC(52) Concurrent marking (unload classes)
[2026-04-03T02:44:26.344+0600][71.133s][info][gc,task     ] GC(52) Using 3 of 6 workers for concurrent marking
[2026-04-03T02:44:26.401+0600][71.190s][info][gc          ] GC(52) Concurrent marking (unload classes) 56.955ms
[2026-04-03T02:44:26.401+0600][71.190s][info][gc,start    ] GC(52) Pause Final Mark (unload classes)
[2026-04-03T02:44:26.401+0600][71.190s][info][gc,task     ] GC(52) Using 6 of 6 workers for final marking
[2026-04-03T02:44:26.402+0600][71.191s][info][gc,ergo     ] GC(52) Adaptive CSet Selection. Target Free: 247M, Actual Free: 1469M, Max CSet: 74666K, Min Garbage: 0B
[2026-04-03T02:44:26.402+0600][71.191s][info][gc,ergo     ] GC(52) Collectable Garbage: 299M (97%), Immediate: 239M (78%), CSet: 60625K (19%)
[2026-04-03T02:44:26.402+0600][71.191s][info][gc,ergo     ] GC(52) Pacer for Evacuation. Used CSet: 68356K, Free: 1414M, Non-Taxable: 141M, Alloc Tax Rate: 1.1x
[2026-04-03T02:44:26.402+0600][71.191s][info][gc          ] GC(52) Pause Final Mark (unload classes) 0.969ms
[2026-04-03T02:44:26.402+0600][71.191s][info][gc,start    ] GC(52) Concurrent thread roots
[2026-04-03T02:44:26.402+0600][71.191s][info][gc,task     ] GC(52) Using 3 of 6 workers for Concurrent thread roots
[2026-04-03T02:44:26.405+0600][71.194s][info][gc          ] GC(52) Concurrent thread roots 2.531ms
[2026-04-03T02:44:26.405+0600][71.194s][info][gc,start    ] GC(52) Concurrent weak references
[2026-04-03T02:44:26.405+0600][71.194s][info][gc,task     ] GC(52) Using 3 of 6 workers for concurrent weak references
[2026-04-03T02:44:26.409+0600][71.199s][info][gc,ref      ] GC(52) Encountered references: Soft: 3615, Weak: 14838, Final: 84, Phantom: 637
[2026-04-03T02:44:26.409+0600][71.199s][info][gc,ref      ] GC(52) Discovered  references: Soft: 0, Weak: 5709, Final: 0, Phantom: 240
[2026-04-03T02:44:26.409+0600][71.199s][info][gc,ref      ] GC(52) Enqueued    references: Soft: 0, Weak: 362, Final: 0, Phantom: 0
[2026-04-03T02:44:26.409+0600][71.199s][info][gc          ] GC(52) Concurrent weak references 4.785ms
[2026-04-03T02:44:26.409+0600][71.199s][info][gc,start    ] GC(52) Concurrent weak roots
[2026-04-03T02:44:26.409+0600][71.199s][info][gc,task     ] GC(52) Using 3 of 6 workers for concurrent weak root
[2026-04-03T02:44:26.417+0600][71.206s][info][gc          ] GC(52) Concurrent weak roots 7.598ms
[2026-04-03T02:44:26.417+0600][71.207s][info][gc,start    ] GC(52) Concurrent cleanup
[2026-04-03T02:44:26.418+0600][71.208s][info][gc          ] GC(52) Concurrent cleanup 483M->246M(529M) 1.270ms
[2026-04-03T02:44:26.419+0600][71.208s][info][gc,ergo     ] GC(52) Free: 1405M, Max: 512K regular, 658M humongous, Frag: 54% external, 0% internal; Reserve: 88234K, Max: 512K
[2026-04-03T02:44:26.419+0600][71.208s][info][gc,start    ] GC(52) Concurrent class unloading
[2026-04-03T02:44:26.419+0600][71.208s][info][gc,task     ] GC(52) Using 3 of 6 workers for concurrent class unloading
[2026-04-03T02:44:26.462+0600][71.251s][info][gc          ] GC(52) Concurrent class unloading 43.007ms
[2026-04-03T02:44:26.462+0600][71.251s][info][gc,start    ] GC(52) Concurrent strong roots
[2026-04-03T02:44:26.462+0600][71.251s][info][gc,task     ] GC(52) Using 3 of 6 workers for concurrent strong root
[2026-04-03T02:44:26.463+0600][71.253s][info][gc          ] GC(52) Concurrent strong roots 1.671ms
[2026-04-03T02:44:26.463+0600][71.253s][info][gc,start    ] GC(52) Concurrent evacuation
[2026-04-03T02:44:26.463+0600][71.253s][info][gc,task     ] GC(52) Using 3 of 6 workers for concurrent evacuation
[2026-04-03T02:44:26.468+0600][71.258s][info][gc          ] GC(52) Concurrent evacuation 5.120ms
[2026-04-03T02:44:26.469+0600][71.258s][info][gc,start    ] GC(52) Pause Init Update Refs
[2026-04-03T02:44:26.469+0600][71.258s][info][gc,ergo     ] GC(52) Pacer for Update Refs. Used: 284M, Free: 1370M, Non-Taxable: 137M, Alloc Tax Rate: 1.1x
[2026-04-03T02:44:26.469+0600][71.258s][info][gc          ] GC(52) Pause Init Update Refs 0.127ms
[2026-04-03T02:44:26.469+0600][71.258s][info][gc,start    ] GC(52) Concurrent update references
[2026-04-03T02:44:26.469+0600][71.258s][info][gc,task     ] GC(52) Using 3 of 6 workers for concurrent reference update
[2026-04-03T02:44:26.509+0600][71.298s][info][gc          ] GC(52) Concurrent update references 39.733ms
[2026-04-03T02:44:26.509+0600][71.298s][info][gc,start    ] GC(52) Concurrent update thread roots
[2026-04-03T02:44:26.514+0600][71.303s][info][gc          ] GC(52) Concurrent update thread roots 5.058ms
[2026-04-03T02:44:26.518+0600][71.308s][info][gc,start    ] GC(52) Pause Final Update Refs
[2026-04-03T02:44:26.518+0600][71.308s][info][gc,task     ] GC(52) Using 6 of 6 workers for final reference update
[2026-04-03T02:44:26.518+0600][71.308s][info][gc          ] GC(52) Pause Final Update Refs 0.190ms
[2026-04-03T02:44:26.518+0600][71.308s][info][gc,start    ] GC(52) Concurrent cleanup
[2026-04-03T02:44:26.519+0600][71.309s][info][gc          ] GC(52) Concurrent cleanup 514M->460M(561M) 0.914ms
[2026-04-03T02:44:26.520+0600][71.309s][info][gc,ergo     ] Free: 1157M, Max: 512K regular, 1110M humongous, Frag: 4% external, 0% internal; Reserve: 89600K, Max: 512K
[2026-04-03T02:44:26.520+0600][71.309s][info][gc,stats    ] 
[2026-04-03T02:44:26.520+0600][71.309s][info][gc,stats    ] All times are wall-clock times, except per-root-class counters, that are sum over
[2026-04-03T02:44:26.520+0600][71.309s][info][gc,stats    ] all workers. Dividing the <total> over the root stage time estimates parallelism.
[2026-04-03T02:44:26.520+0600][71.309s][info][gc,stats    ] 
[2026-04-03T02:44:26.520+0600][71.309s][info][gc,stats    ] Concurrent Reset                   1359 us
[2026-04-03T02:44:26.520+0600][71.309s][info][gc,stats    ] Pause Init Mark (G)                4802 us
[2026-04-03T02:44:26.520+0600][71.309s][info][gc,stats    ] Pause Init Mark (N)                 186 us
[2026-04-03T02:44:26.520+0600][71.309s][info][gc,stats    ]   Update Region States               45 us
[2026-04-03T02:44:26.520+0600][71.309s][info][gc,stats    ] Concurrent Mark Roots              1480 us, parallelism: 2.06x
[2026-04-03T02:44:26.520+0600][71.309s][info][gc,stats    ]   CMR: <total>                     3054 us
[2026-04-03T02:44:26.520+0600][71.309s][info][gc,stats    ]   CMR: Thread Roots                2600 us, workers (us): 602, 1003, 994, ---, ---, ---, 
[2026-04-03T02:44:26.520+0600][71.310s][info][gc,stats    ]   CMR: VM Strong Roots               57 us, workers (us):  30,  26,   1, ---, ---, ---, 
[2026-04-03T02:44:26.520+0600][71.310s][info][gc,stats    ]   CMR: CLDG Roots                   397 us, workers (us): 397, ---, ---, ---, ---, ---, 
[2026-04-03T02:44:26.520+0600][71.310s][info][gc,stats    ] Concurrent Marking                57070 us
[2026-04-03T02:44:26.520+0600][71.310s][info][gc,stats    ] Pause Final Mark (G)               1326 us
[2026-04-03T02:44:26.520+0600][71.310s][info][gc,stats    ] Pause Final Mark (N)                983 us
[2026-04-03T02:44:26.520+0600][71.310s][info][gc,stats    ]   Finish Mark                       452 us
[2026-04-03T02:44:26.520+0600][71.310s][info][gc,stats    ]   Update Region States               66 us
[2026-04-03T02:44:26.520+0600][71.310s][info][gc,stats    ]   Choose Collection Set             239 us
[2026-04-03T02:44:26.520+0600][71.310s][info][gc,stats    ]   Rebuild Free Set                   49 us
[2026-04-03T02:44:26.520+0600][71.310s][info][gc,stats    ] Concurrent Thread Roots            2618 us, parallelism: 2.29x
[2026-04-03T02:44:26.520+0600][71.310s][info][gc,stats    ]   CTR: <total>                     5997 us
[2026-04-03T02:44:26.520+0600][71.310s][info][gc,stats    ]   CTR: Thread Roots                5997 us, workers (us): 2348, 2257, 1393, ---, ---, ---, 
[2026-04-03T02:44:26.520+0600][71.310s][info][gc,stats    ] Concurrent Weak References         4804 us, parallelism: 0.94x
[2026-04-03T02:44:26.520+0600][71.310s][info][gc,stats    ]   CWRF: <total>                    4524 us
[2026-04-03T02:44:26.520+0600][71.310s][info][gc,stats    ]   CWRF: Weak References            4524 us, workers (us): 4521,   2,   1, ---, ---, ---, 
[2026-04-03T02:44:26.520+0600][71.310s][info][gc,stats    ] Concurrent Weak Roots              7710 us
[2026-04-03T02:44:26.520+0600][71.310s][info][gc,stats    ]   Roots                            6624 us, parallelism: 2.81x
[2026-04-03T02:44:26.520+0600][71.310s][info][gc,stats    ]     CWR: <total>                  18618 us
[2026-04-03T02:44:26.520+0600][71.310s][info][gc,stats    ]     CWR: Code Cache Roots         13631 us, workers (us): 4523, 4657, 4451, ---, ---, ---, 
[2026-04-03T02:44:26.520+0600][71.310s][info][gc,stats    ]     CWR: VM Weak Roots             4759 us, workers (us): 1591, 1596, 1571, ---, ---, ---, 
[2026-04-03T02:44:26.520+0600][71.310s][info][gc,stats    ]     CWR: CLDG Roots                 229 us, workers (us): ---, ---, 229, ---, ---, ---, 
[2026-04-03T02:44:26.520+0600][71.310s][info][gc,stats    ]   Rendezvous                        938 us
[2026-04-03T02:44:26.520+0600][71.310s][info][gc,stats    ] Concurrent Cleanup                 1321 us
[2026-04-03T02:44:26.520+0600][71.310s][info][gc,stats    ] Concurrent Class Unloading        43080 us
[2026-04-03T02:44:26.520+0600][71.310s][info][gc,stats    ]   Unlink Stale                    41105 us
[2026-04-03T02:44:26.520+0600][71.310s][info][gc,stats    ]     System Dictionary               526 us
[2026-04-03T02:44:26.520+0600][71.310s][info][gc,stats    ]     Weak Class Links              26956 us
[2026-04-03T02:44:26.521+0600][71.310s][info][gc,stats    ]     Code Roots                    13617 us
[2026-04-03T02:44:26.521+0600][71.310s][info][gc,stats    ]   Rendezvous                        324 us
[2026-04-03T02:44:26.521+0600][71.310s][info][gc,stats    ]   Purge Unlinked                   1508 us
[2026-04-03T02:44:26.521+0600][71.310s][info][gc,stats    ]     Code Roots                     1389 us
[2026-04-03T02:44:26.521+0600][71.310s][info][gc,stats    ]     CLDG                            118 us
[2026-04-03T02:44:26.521+0600][71.310s][info][gc,stats    ]     Exception Caches                  0 us
[2026-04-03T02:44:26.521+0600][71.310s][info][gc,stats    ] Concurrent Strong Roots            1723 us, parallelism: 0.71x
[2026-04-03T02:44:26.521+0600][71.310s][info][gc,stats    ]   CSR: <total>                     1228 us
[2026-04-03T02:44:26.521+0600][71.310s][info][gc,stats    ]   CSR: VM Strong Roots               88 us, workers (us):  53,  18,  17, ---, ---, ---, 
[2026-04-03T02:44:26.521+0600][71.310s][info][gc,stats    ]   CSR: CLDG Roots                  1140 us, workers (us): ---, ---, 1140, ---, ---, ---, 
[2026-04-03T02:44:26.521+0600][71.310s][info][gc,stats    ] Concurrent Evacuation              5157 us
[2026-04-03T02:44:26.521+0600][71.310s][info][gc,stats    ] Pause Init Update Refs (G)          264 us
[2026-04-03T02:44:26.521+0600][71.310s][info][gc,stats    ] Pause Init Update Refs (N)          137 us
[2026-04-03T02:44:26.521+0600][71.310s][info][gc,stats    ]   Manage GCLABs                      46 us
[2026-04-03T02:44:26.521+0600][71.310s][info][gc,stats    ] Concurrent Update Refs            39843 us
[2026-04-03T02:44:26.521+0600][71.310s][info][gc,stats    ] Concurrent Update Thread Roots     5144 us
[2026-04-03T02:44:26.521+0600][71.310s][info][gc,stats    ] Pause Final Update Refs (G)        4689 us
[2026-04-03T02:44:26.521+0600][71.310s][info][gc,stats    ] Pause Final Update Refs (N)         208 us
[2026-04-03T02:44:26.521+0600][71.310s][info][gc,stats    ]   Update Region States               53 us
[2026-04-03T02:44:26.521+0600][71.310s][info][gc,stats    ]   Trash Collection Set               10 us
[2026-04-03T02:44:26.521+0600][71.310s][info][gc,stats    ]   Rebuild Free Set                   44 us
[2026-04-03T02:44:26.521+0600][71.310s][info][gc,stats    ] Concurrent Cleanup                 1030 us
[2026-04-03T02:44:26.521+0600][71.310s][info][gc,stats    ] 
[2026-04-03T02:44:26.521+0600][71.310s][info][gc,stats    ] Allocation pacing accrued:
[2026-04-03T02:44:26.521+0600][71.310s][info][gc,stats    ]       0 of   533 ms (  0.0%): <total>
[2026-04-03T02:44:26.521+0600][71.310s][info][gc,stats    ]       0 of   533 ms (  0.0%): <average total>
[2026-04-03T02:44:26.521+0600][71.310s][info][gc,stats    ] 
[2026-04-03T02:44:26.521+0600][71.310s][info][gc,metaspace] Metaspace: 131087K(132864K)->131090K(132800K) NonClass: 114650K(115712K)->114653K(115648K) Class: 16437K(17152K)->16436K(17152K)
[2026-04-03T02:44:26.521+0600][71.310s][info][gc,ergo     ] Pacer for Idle. Initial: 35840K, Alloc Tax Rate: 1.0x
[2026-04-03T02:44:26.522+0600][71.311s][info][gc          ] Trigger: Learning 3 of 5. Free (1138M) is below initial threshold (1225M)
[2026-04-03T02:44:26.522+0600][71.311s][info][gc,ergo     ] Free: 1138M, Max: 512K regular, 1097M humongous, Frag: 4% external, 0% internal; Reserve: 89600K, Max: 512K
[2026-04-03T02:44:26.522+0600][71.311s][info][gc,start    ] GC(53) Concurrent reset
[2026-04-03T02:44:26.522+0600][71.311s][info][gc,task     ] GC(53) Using 3 of 6 workers for concurrent reset
[2026-04-03T02:44:26.522+0600][71.311s][info][gc,ergo     ] GC(53) Pacer for Reset. Non-Taxable: 1750M
[2026-04-03T02:44:26.525+0600][71.314s][info][gc          ] GC(53) Concurrent reset 2.416ms
[2026-04-03T02:44:26.528+0600][71.317s][info][gc,start    ] GC(53) Pause Init Mark (unload classes)
[2026-04-03T02:44:26.528+0600][71.317s][info][gc,task     ] GC(53) Using 6 of 6 workers for init marking
[2026-04-03T02:44:26.528+0600][71.317s][info][gc,ergo     ] GC(53) Pacer for Mark. Expected Live: 96484K, Free: 1138M, Non-Taxable: 113M, Alloc Tax Rate: 0.1x
[2026-04-03T02:44:26.528+0600][71.317s][info][gc          ] GC(53) Pause Init Mark (unload classes) 0.151ms
[2026-04-03T02:44:26.528+0600][71.317s][info][gc,start    ] GC(53) Concurrent marking roots
[2026-04-03T02:44:26.528+0600][71.317s][info][gc,task     ] GC(53) Using 3 of 6 workers for concurrent marking roots
[2026-04-03T02:44:26.530+0600][71.319s][info][gc          ] GC(53) Concurrent marking roots 1.816ms
[2026-04-03T02:44:26.530+0600][71.319s][info][gc,start    ] GC(53) Concurrent marking (unload classes)
[2026-04-03T02:44:26.530+0600][71.319s][info][gc,task     ] GC(53) Using 3 of 6 workers for concurrent marking
[2026-04-03T02:44:26.594+0600][71.383s][info][gc          ] GC(53) Concurrent marking (unload classes) 64.153ms
[2026-04-03T02:44:26.596+0600][71.386s][info][gc,start    ] GC(53) Pause Final Mark (unload classes)
[2026-04-03T02:44:26.596+0600][71.386s][info][gc,task     ] GC(53) Using 6 of 6 workers for final marking
[2026-04-03T02:44:26.597+0600][71.386s][info][gc,ergo     ] GC(53) Adaptive CSet Selection. Target Free: 247M, Actual Free: 1470M, Max CSet: 74666K, Min Garbage: 0B
[2026-04-03T02:44:26.597+0600][71.387s][info][gc,ergo     ] GC(53) Collectable Garbage: 366M (97%), Immediate: 324M (86%), CSet: 43445K (11%)
[2026-04-03T02:44:26.597+0600][71.387s][info][gc,ergo     ] GC(53) Pacer for Evacuation. Used CSet: 50175K, Free: 1427M, Non-Taxable: 142M, Alloc Tax Rate: 1.1x
[2026-04-03T02:44:26.597+0600][71.387s][info][gc          ] GC(53) Pause Final Mark (unload classes) 0.925ms
[2026-04-03T02:44:26.598+0600][71.387s][info][gc,start    ] GC(53) Concurrent thread roots
[2026-04-03T02:44:26.598+0600][71.387s][info][gc,task     ] GC(53) Using 3 of 6 workers for Concurrent thread roots
[2026-04-03T02:44:26.599+0600][71.388s][info][gc          ] GC(53) Concurrent thread roots 1.342ms
[2026-04-03T02:44:26.599+0600][71.388s][info][gc,start    ] GC(53) Concurrent weak references
[2026-04-03T02:44:26.599+0600][71.388s][info][gc,task     ] GC(53) Using 3 of 6 workers for concurrent weak references
[2026-04-03T02:44:26.600+0600][71.389s][info][gc,ref      ] GC(53) Encountered references: Soft: 3618, Weak: 14646, Final: 84, Phantom: 633
[2026-04-03T02:44:26.600+0600][71.389s][info][gc,ref      ] GC(53) Discovered  references: Soft: 0, Weak: 8265, Final: 52, Phantom: 236
[2026-04-03T02:44:26.600+0600][71.389s][info][gc,ref      ] GC(53) Enqueued    references: Soft: 0, Weak: 221, Final: 0, Phantom: 0
[2026-04-03T02:44:26.600+0600][71.389s][info][gc          ] GC(53) Concurrent weak references 0.966ms
[2026-04-03T02:44:26.600+0600][71.389s][info][gc,start    ] GC(53) Concurrent weak roots
[2026-04-03T02:44:26.600+0600][71.389s][info][gc,task     ] GC(53) Using 3 of 6 workers for concurrent weak root
[2026-04-03T02:44:26.607+0600][71.396s][info][gc          ] GC(53) Concurrent weak roots 6.946ms
[2026-04-03T02:44:26.607+0600][71.396s][info][gc,start    ] GC(53) Concurrent cleanup
[2026-04-03T02:44:26.608+0600][71.397s][info][gc          ] GC(53) Concurrent cleanup 561M->237M(627M) 0.796ms
[2026-04-03T02:44:26.608+0600][71.397s][info][gc,ergo     ] GC(53) Free: 1413M, Max: 512K regular, 1045M humongous, Frag: 26% external, 0% internal; Reserve: 88990K, Max: 512K
[2026-04-03T02:44:26.608+0600][71.397s][info][gc,start    ] GC(53) Concurrent class unloading
[2026-04-03T02:44:26.608+0600][71.397s][info][gc,task     ] GC(53) Using 3 of 6 workers for concurrent class unloading
[2026-04-03T02:44:26.623+0600][71.412s][info][gc          ] GC(53) Concurrent class unloading 15.203ms
[2026-04-03T02:44:26.623+0600][71.413s][info][gc,start    ] GC(53) Concurrent strong roots
[2026-04-03T02:44:26.623+0600][71.413s][info][gc,task     ] GC(53) Using 3 of 6 workers for concurrent strong root
[2026-04-03T02:44:26.624+0600][71.414s][info][gc          ] GC(53) Concurrent strong roots 1.282ms
[2026-04-03T02:44:26.624+0600][71.414s][info][gc,start    ] GC(53) Concurrent evacuation
[2026-04-03T02:44:26.624+0600][71.414s][info][gc,task     ] GC(53) Using 3 of 6 workers for concurrent evacuation
[2026-04-03T02:44:26.627+0600][71.416s][info][gc          ] GC(53) Concurrent evacuation 2.175ms
[2026-04-03T02:44:26.627+0600][71.416s][info][gc,start    ] GC(53) Pause Init Update Refs
[2026-04-03T02:44:26.627+0600][71.416s][info][gc,ergo     ] GC(53) Pacer for Update Refs. Used: 248M, Free: 1410M, Non-Taxable: 141M, Alloc Tax Rate: 1.1x
[2026-04-03T02:44:26.627+0600][71.416s][info][gc          ] GC(53) Pause Init Update Refs 0.131ms
[2026-04-03T02:44:26.627+0600][71.417s][info][gc,start    ] GC(53) Concurrent update references
[2026-04-03T02:44:26.627+0600][71.417s][info][gc,task     ] GC(53) Using 3 of 6 workers for concurrent reference update
[2026-04-03T02:44:26.667+0600][71.456s][info][gc          ] GC(53) Concurrent update references 39.456ms
[2026-04-03T02:44:26.667+0600][71.456s][info][gc,start    ] GC(53) Concurrent update thread roots
[2026-04-03T02:44:26.668+0600][71.458s][info][gc          ] GC(53) Concurrent update thread roots 1.411ms
[2026-04-03T02:44:26.668+0600][71.458s][info][gc,start    ] GC(53) Pause Final Update Refs
[2026-04-03T02:44:26.668+0600][71.458s][info][gc,task     ] GC(53) Using 6 of 6 workers for final reference update
[2026-04-03T02:44:26.668+0600][71.458s][info][gc          ] GC(53) Pause Final Update Refs 0.160ms
[2026-04-03T02:44:26.669+0600][71.458s][info][gc,start    ] GC(53) Concurrent cleanup
[2026-04-03T02:44:26.669+0600][71.458s][info][gc          ] GC(53) Concurrent cleanup 263M->214M(627M) 0.559ms
[2026-04-03T02:44:26.669+0600][71.459s][info][gc,ergo     ] Free: 1435M, Max: 512K regular, 1042M humongous, Frag: 28% external, 0% internal; Reserve: 89600K, Max: 512K
[2026-04-03T02:44:26.669+0600][71.459s][info][gc,stats    ] 
[2026-04-03T02:44:26.669+0600][71.459s][info][gc,stats    ] All times are wall-clock times, except per-root-class counters, that are sum over
[2026-04-03T02:44:26.669+0600][71.459s][info][gc,stats    ] all workers. Dividing the <total> over the root stage time estimates parallelism.
[2026-04-03T02:44:26.669+0600][71.459s][info][gc,stats    ] 
[2026-04-03T02:44:26.669+0600][71.459s][info][gc,stats    ] Concurrent Reset                   2467 us
[2026-04-03T02:44:26.669+0600][71.459s][info][gc,stats    ] Pause Init Mark (G)                3479 us
[2026-04-03T02:44:26.669+0600][71.459s][info][gc,stats    ] Pause Init Mark (N)                 161 us
[2026-04-03T02:44:26.669+0600][71.459s][info][gc,stats    ]   Update Region States               42 us
[2026-04-03T02:44:26.669+0600][71.459s][info][gc,stats    ] Concurrent Mark Roots              1848 us, parallelism: 2.15x
[2026-04-03T02:44:26.669+0600][71.459s][info][gc,stats    ]   CMR: <total>                     3964 us
[2026-04-03T02:44:26.669+0600][71.459s][info][gc,stats    ]   CMR: Thread Roots                3357 us, workers (us): 757, 1304, 1296, ---, ---, ---, 
[2026-04-03T02:44:26.669+0600][71.459s][info][gc,stats    ]   CMR: VM Strong Roots               70 us, workers (us):  40,  17,  13, ---, ---, ---, 
[2026-04-03T02:44:26.669+0600][71.459s][info][gc,stats    ]   CMR: CLDG Roots                   537 us, workers (us): 537, ---, ---, ---, ---, ---, 
[2026-04-03T02:44:26.669+0600][71.459s][info][gc,stats    ] Concurrent Marking                64271 us
[2026-04-03T02:44:26.669+0600][71.459s][info][gc,stats    ] Pause Final Mark (G)               3361 us
[2026-04-03T02:44:26.669+0600][71.459s][info][gc,stats    ] Pause Final Mark (N)                949 us
[2026-04-03T02:44:26.669+0600][71.459s][info][gc,stats    ]   Finish Mark                       353 us
[2026-04-03T02:44:26.669+0600][71.459s][info][gc,stats    ]   Update Region States               71 us
[2026-04-03T02:44:26.669+0600][71.459s][info][gc,stats    ]   Choose Collection Set             209 us
[2026-04-03T02:44:26.669+0600][71.459s][info][gc,stats    ]   Rebuild Free Set                   66 us
[2026-04-03T02:44:26.669+0600][71.459s][info][gc,stats    ] Concurrent Thread Roots            1410 us, parallelism: 1.99x
[2026-04-03T02:44:26.669+0600][71.459s][info][gc,stats    ]   CTR: <total>                     2809 us
[2026-04-03T02:44:26.669+0600][71.459s][info][gc,stats    ]   CTR: Thread Roots                2809 us, workers (us): 1111, 1089, 609, ---, ---, ---, 
[2026-04-03T02:44:26.669+0600][71.459s][info][gc,stats    ] Concurrent Weak References          978 us, parallelism: 1.16x
[2026-04-03T02:44:26.669+0600][71.459s][info][gc,stats    ]   CWRF: <total>                    1136 us
[2026-04-03T02:44:26.669+0600][71.459s][info][gc,stats    ]   CWRF: Weak References            1136 us, workers (us): 327, 809,   0, ---, ---, ---, 
[2026-04-03T02:44:26.669+0600][71.459s][info][gc,stats    ] Concurrent Weak Roots              7051 us
[2026-04-03T02:44:26.669+0600][71.459s][info][gc,stats    ]   Roots                            5958 us, parallelism: 2.78x
[2026-04-03T02:44:26.669+0600][71.459s][info][gc,stats    ]     CWR: <total>                  16585 us
[2026-04-03T02:44:26.669+0600][71.459s][info][gc,stats    ]     CWR: Code Cache Roots         10150 us, workers (us): 3483, 3114, 3553, ---, ---, ---, 
[2026-04-03T02:44:26.669+0600][71.459s][info][gc,stats    ]     CWR: VM Weak Roots             6191 us, workers (us): 2071, 2060, 2061, ---, ---, ---, 
[2026-04-03T02:44:26.669+0600][71.459s][info][gc,stats    ]     CWR: CLDG Roots                 243 us, workers (us): ---, 243, ---, ---, ---, ---, 
[2026-04-03T02:44:26.669+0600][71.459s][info][gc,stats    ]   Rendezvous                        961 us
[2026-04-03T02:44:26.669+0600][71.459s][info][gc,stats    ] Concurrent Cleanup                  816 us
[2026-04-03T02:44:26.669+0600][71.459s][info][gc,stats    ] Concurrent Class Unloading        15282 us
[2026-04-03T02:44:26.669+0600][71.459s][info][gc,stats    ]   Unlink Stale                    14033 us
[2026-04-03T02:44:26.669+0600][71.459s][info][gc,stats    ]     System Dictionary               262 us
[2026-04-03T02:44:26.669+0600][71.459s][info][gc,stats    ]     Weak Class Links                  0 us
[2026-04-03T02:44:26.669+0600][71.459s][info][gc,stats    ]     Code Roots                    13767 us
[2026-04-03T02:44:26.669+0600][71.459s][info][gc,stats    ]   Rendezvous                        497 us
[2026-04-03T02:44:26.669+0600][71.459s][info][gc,stats    ]   Purge Unlinked                    639 us
[2026-04-03T02:44:26.669+0600][71.459s][info][gc,stats    ]     Code Roots                      625 us
[2026-04-03T02:44:26.669+0600][71.459s][info][gc,stats    ]     CLDG                             13 us
[2026-04-03T02:44:26.669+0600][71.459s][info][gc,stats    ]     Exception Caches                  0 us
[2026-04-03T02:44:26.669+0600][71.459s][info][gc,stats    ] Concurrent Strong Roots            1331 us, parallelism: 0.56x
[2026-04-03T02:44:26.670+0600][71.459s][info][gc,stats    ]   CSR: <total>                      743 us
[2026-04-03T02:44:26.670+0600][71.459s][info][gc,stats    ]   CSR: VM Strong Roots               49 us, workers (us):  34,   9,   6, ---, ---, ---, 
[2026-04-03T02:44:26.670+0600][71.459s][info][gc,stats    ]   CSR: CLDG Roots                   694 us, workers (us): ---, 694, ---, ---, ---, ---, 
[2026-04-03T02:44:26.670+0600][71.459s][info][gc,stats    ] Concurrent Evacuation              2204 us
[2026-04-03T02:44:26.670+0600][71.459s][info][gc,stats    ] Pause Init Update Refs (G)          511 us
[2026-04-03T02:44:26.670+0600][71.459s][info][gc,stats    ] Pause Init Update Refs (N)          145 us
[2026-04-03T02:44:26.670+0600][71.459s][info][gc,stats    ]   Manage GCLABs                      40 us
[2026-04-03T02:44:26.670+0600][71.459s][info][gc,stats    ] Concurrent Update Refs            39547 us
[2026-04-03T02:44:26.670+0600][71.459s][info][gc,stats    ] Concurrent Update Thread Roots     1469 us
[2026-04-03T02:44:26.670+0600][71.459s][info][gc,stats    ] Pause Final Update Refs (G)         342 us
[2026-04-03T02:44:26.670+0600][71.459s][info][gc,stats    ] Pause Final Update Refs (N)         178 us
[2026-04-03T02:44:26.670+0600][71.459s][info][gc,stats    ]   Update Region States               49 us
[2026-04-03T02:44:26.670+0600][71.459s][info][gc,stats    ]   Trash Collection Set                9 us
[2026-04-03T02:44:26.670+0600][71.459s][info][gc,stats    ]   Rebuild Free Set                   38 us
[2026-04-03T02:44:26.670+0600][71.459s][info][gc,stats    ] Concurrent Cleanup                  591 us
[2026-04-03T02:44:26.670+0600][71.459s][info][gc,stats    ] 
[2026-04-03T02:44:26.670+0600][71.459s][info][gc,stats    ] Allocation pacing accrued:
[2026-04-03T02:44:26.670+0600][71.459s][info][gc,stats    ]       0 of   149 ms (  0.0%): <total>
[2026-04-03T02:44:26.670+0600][71.459s][info][gc,stats    ]       0 of   149 ms (  0.0%): <average total>
[2026-04-03T02:44:26.670+0600][71.459s][info][gc,stats    ] 
[2026-04-03T02:44:26.670+0600][71.459s][info][gc,metaspace] Metaspace: 131090K(132800K)->131138K(132800K) NonClass: 114653K(115648K)->114693K(115648K) Class: 16436K(17152K)->16444K(17152K)
[2026-04-03T02:44:26.670+0600][71.459s][info][gc,ergo     ] Pacer for Idle. Initial: 35840K, Alloc Tax Rate: 1.0x
[2026-04-03T02:44:26.981+0600][71.770s][info][gc          ] Trigger: Learning 4 of 5. Free (1224M) is below initial threshold (1225M)
[2026-04-03T02:44:26.981+0600][71.770s][info][gc,ergo     ] Free: 1224M, Max: 512K regular, 1042M humongous, Frag: 15% external, 0% internal; Reserve: 89600K, Max: 512K
[2026-04-03T02:44:26.981+0600][71.770s][info][gc,start    ] GC(54) Concurrent reset
[2026-04-03T02:44:26.981+0600][71.770s][info][gc,task     ] GC(54) Using 3 of 6 workers for concurrent reset
[2026-04-03T02:44:26.981+0600][71.770s][info][gc,ergo     ] GC(54) Pacer for Reset. Non-Taxable: 1750M
[2026-04-03T02:44:26.982+0600][71.771s][info][gc          ] GC(54) Concurrent reset 1.059ms
[2026-04-03T02:44:26.982+0600][71.771s][info][gc,start    ] GC(54) Pause Init Mark (unload classes)
[2026-04-03T02:44:26.982+0600][71.771s][info][gc,task     ] GC(54) Using 6 of 6 workers for init marking
[2026-04-03T02:44:26.982+0600][71.771s][info][gc,ergo     ] GC(54) Pacer for Mark. Expected Live: 98559K, Free: 1224M, Non-Taxable: 122M, Alloc Tax Rate: 0.1x
[2026-04-03T02:44:26.982+0600][71.771s][info][gc          ] GC(54) Pause Init Mark (unload classes) 0.079ms
[2026-04-03T02:44:26.982+0600][71.772s][info][gc,start    ] GC(54) Concurrent marking roots
[2026-04-03T02:44:26.982+0600][71.772s][info][gc,task     ] GC(54) Using 3 of 6 workers for concurrent marking roots
[2026-04-03T02:44:26.983+0600][71.773s][info][gc          ] GC(54) Concurrent marking roots 1.001ms
[2026-04-03T02:44:26.983+0600][71.773s][info][gc,start    ] GC(54) Concurrent marking (unload classes)
[2026-04-03T02:44:26.983+0600][71.773s][info][gc,task     ] GC(54) Using 3 of 6 workers for concurrent marking
[2026-04-03T02:44:27.019+0600][71.808s][info][gc          ] GC(54) Concurrent marking (unload classes) 35.464ms
[2026-04-03T02:44:27.019+0600][71.808s][info][gc,start    ] GC(54) Pause Final Mark (unload classes)
[2026-04-03T02:44:27.019+0600][71.808s][info][gc,task     ] GC(54) Using 6 of 6 workers for final marking
[2026-04-03T02:44:27.019+0600][71.809s][info][gc,ergo     ] GC(54) Adaptive CSet Selection. Target Free: 247M, Actual Free: 1483M, Max CSet: 74666K, Min Garbage: 0B
[2026-04-03T02:44:27.019+0600][71.809s][info][gc,ergo     ] GC(54) Collectable Garbage: 313M (97%), Immediate: 190M (59%), CSet: 123M (38%)
[2026-04-03T02:44:27.020+0600][71.809s][info][gc,ergo     ] GC(54) Pacer for Evacuation. Used CSet: 126M, Free: 1423M, Non-Taxable: 142M, Alloc Tax Rate: 1.1x
[2026-04-03T02:44:27.020+0600][71.809s][info][gc          ] GC(54) Pause Final Mark (unload classes) 0.639ms
[2026-04-03T02:44:27.020+0600][71.809s][info][gc,start    ] GC(54) Concurrent thread roots
[2026-04-03T02:44:27.020+0600][71.809s][info][gc,task     ] GC(54) Using 3 of 6 workers for Concurrent thread roots
[2026-04-03T02:44:27.021+0600][71.810s][info][gc          ] GC(54) Concurrent thread roots 0.807ms
[2026-04-03T02:44:27.021+0600][71.810s][info][gc,start    ] GC(54) Concurrent weak references
[2026-04-03T02:44:27.021+0600][71.810s][info][gc,task     ] GC(54) Using 3 of 6 workers for concurrent weak references
[2026-04-03T02:44:27.021+0600][71.811s][info][gc,ref      ] GC(54) Encountered references: Soft: 3692, Weak: 14875, Final: 84, Phantom: 620
[2026-04-03T02:44:27.021+0600][71.811s][info][gc,ref      ] GC(54) Discovered  references: Soft: 0, Weak: 8548, Final: 48, Phantom: 616
[2026-04-03T02:44:27.021+0600][71.811s][info][gc,ref      ] GC(54) Enqueued    references: Soft: 0, Weak: 445, Final: 0, Phantom: 0
[2026-04-03T02:44:27.021+0600][71.811s][info][gc          ] GC(54) Concurrent weak references 0.825ms
[2026-04-03T02:44:27.021+0600][71.811s][info][gc,start    ] GC(54) Concurrent weak roots
[2026-04-03T02:44:27.021+0600][71.811s][info][gc,task     ] GC(54) Using 3 of 6 workers for concurrent weak root
[2026-04-03T02:44:27.026+0600][71.815s][info][gc          ] GC(54) Concurrent weak roots 4.394ms
[2026-04-03T02:44:27.026+0600][71.815s][info][gc,start    ] GC(54) Concurrent cleanup
[2026-04-03T02:44:27.026+0600][71.816s][info][gc          ] GC(54) Concurrent cleanup 429M->239M(627M) 0.586ms
[2026-04-03T02:44:27.026+0600][71.816s][info][gc,ergo     ] GC(54) Free: 1421M, Max: 512K regular, 1044M humongous, Frag: 27% external, 0% internal; Reserve: 89370K, Max: 512K
[2026-04-03T02:44:27.027+0600][71.816s][info][gc,start    ] GC(54) Concurrent class unloading
[2026-04-03T02:44:27.027+0600][71.816s][info][gc,task     ] GC(54) Using 3 of 6 workers for concurrent class unloading
[2026-04-03T02:44:27.061+0600][71.850s][info][gc          ] GC(54) Concurrent class unloading 34.011ms
[2026-04-03T02:44:27.061+0600][71.850s][info][gc,start    ] GC(54) Concurrent strong roots
[2026-04-03T02:44:27.061+0600][71.850s][info][gc,task     ] GC(54) Using 3 of 6 workers for concurrent strong root
[2026-04-03T02:44:27.062+0600][71.851s][info][gc          ] GC(54) Concurrent strong roots 1.416ms
[2026-04-03T02:44:27.062+0600][71.851s][info][gc,start    ] GC(54) Concurrent evacuation
[2026-04-03T02:44:27.062+0600][71.851s][info][gc,task     ] GC(54) Using 3 of 6 workers for concurrent evacuation
[2026-04-03T02:44:27.064+0600][71.854s][info][gc          ] GC(54) Concurrent evacuation 2.154ms
[2026-04-03T02:44:27.064+0600][71.854s][info][gc,start    ] GC(54) Pause Init Update Refs
[2026-04-03T02:44:27.065+0600][71.854s][info][gc,ergo     ] GC(54) Pacer for Update Refs. Used: 255M, Free: 1408M, Non-Taxable: 140M, Alloc Tax Rate: 1.1x
[2026-04-03T02:44:27.065+0600][71.854s][info][gc          ] GC(54) Pause Init Update Refs 0.096ms
[2026-04-03T02:44:27.065+0600][71.854s][info][gc,start    ] GC(54) Concurrent update references
[2026-04-03T02:44:27.065+0600][71.854s][info][gc,task     ] GC(54) Using 3 of 6 workers for concurrent reference update
[2026-04-03T02:44:27.095+0600][71.885s][info][gc          ] GC(54) Concurrent update references 30.479ms
[2026-04-03T02:44:27.095+0600][71.885s][info][gc,start    ] GC(54) Concurrent update thread roots
[2026-04-03T02:44:27.096+0600][71.886s][info][gc          ] GC(54) Concurrent update thread roots 1.182ms
[2026-04-03T02:44:27.097+0600][71.886s][info][gc,start    ] GC(54) Pause Final Update Refs
[2026-04-03T02:44:27.097+0600][71.886s][info][gc,task     ] GC(54) Using 6 of 6 workers for final reference update
[2026-04-03T02:44:27.097+0600][71.886s][info][gc          ] GC(54) Pause Final Update Refs 0.173ms
[2026-04-03T02:44:27.097+0600][71.886s][info][gc,start    ] GC(54) Concurrent cleanup
[2026-04-03T02:44:27.098+0600][71.887s][info][gc          ] GC(54) Concurrent cleanup 267M->140M(627M) 0.550ms
[2026-04-03T02:44:27.098+0600][71.887s][info][gc,ergo     ] Free: 1519M, Max: 512K regular, 1273M humongous, Frag: 17% external, 0% internal; Reserve: 89600K, Max: 512K
[2026-04-03T02:44:27.098+0600][71.887s][info][gc,stats    ] 
[2026-04-03T02:44:27.098+0600][71.887s][info][gc,stats    ] All times are wall-clock times, except per-root-class counters, that are sum over
[2026-04-03T02:44:27.098+0600][71.887s][info][gc,stats    ] all workers. Dividing the <total> over the root stage time estimates parallelism.
[2026-04-03T02:44:27.098+0600][71.887s][info][gc,stats    ] 
[2026-04-03T02:44:27.098+0600][71.887s][info][gc,stats    ] Concurrent Reset                   1082 us
[2026-04-03T02:44:27.098+0600][71.887s][info][gc,stats    ] Pause Init Mark (G)                 341 us
[2026-04-03T02:44:27.098+0600][71.887s][info][gc,stats    ] Pause Init Mark (N)                  85 us
[2026-04-03T02:44:27.098+0600][71.887s][info][gc,stats    ]   Update Region States               19 us
[2026-04-03T02:44:27.098+0600][71.887s][info][gc,stats    ] Concurrent Mark Roots              1018 us, parallelism: 1.87x
[2026-04-03T02:44:27.098+0600][71.887s][info][gc,stats    ]   CMR: <total>                     1901 us
[2026-04-03T02:44:27.098+0600][71.887s][info][gc,stats    ]   CMR: Thread Roots                1705 us, workers (us): 483, 654, 568, ---, ---, ---, 
[2026-04-03T02:44:27.098+0600][71.887s][info][gc,stats    ]   CMR: VM Strong Roots               33 us, workers (us):  18,  15,   0, ---, ---, ---, 
[2026-04-03T02:44:27.098+0600][71.887s][info][gc,stats    ]   CMR: CLDG Roots                   163 us, workers (us): 163, ---, ---, ---, ---, ---, 
[2026-04-03T02:44:27.098+0600][71.887s][info][gc,stats    ] Concurrent Marking                35549 us
[2026-04-03T02:44:27.098+0600][71.887s][info][gc,stats    ] Pause Final Mark (G)                949 us
[2026-04-03T02:44:27.098+0600][71.887s][info][gc,stats    ] Pause Final Mark (N)                649 us
[2026-04-03T02:44:27.098+0600][71.887s][info][gc,stats    ]   Finish Mark                       297 us
[2026-04-03T02:44:27.098+0600][71.887s][info][gc,stats    ]   Update Region States               41 us
[2026-04-03T02:44:27.098+0600][71.887s][info][gc,stats    ]   Choose Collection Set             177 us
[2026-04-03T02:44:27.098+0600][71.887s][info][gc,stats    ]   Rebuild Free Set                   41 us
[2026-04-03T02:44:27.098+0600][71.887s][info][gc,stats    ] Concurrent Thread Roots             849 us, parallelism: 2.01x
[2026-04-03T02:44:27.098+0600][71.887s][info][gc,stats    ]   CTR: <total>                     1704 us
[2026-04-03T02:44:27.098+0600][71.887s][info][gc,stats    ]   CTR: Thread Roots                1704 us, workers (us): 603, 553, 548, ---, ---, ---, 
[2026-04-03T02:44:27.098+0600][71.887s][info][gc,stats    ] Concurrent Weak References          834 us, parallelism: 1.01x
[2026-04-03T02:44:27.098+0600][71.887s][info][gc,stats    ]   CWRF: <total>                     844 us
[2026-04-03T02:44:27.098+0600][71.887s][info][gc,stats    ]   CWRF: Weak References             844 us, workers (us): 612, 137,  95, ---, ---, ---, 
[2026-04-03T02:44:27.098+0600][71.887s][info][gc,stats    ] Concurrent Weak Roots              4459 us
[2026-04-03T02:44:27.098+0600][71.887s][info][gc,stats    ]   Roots                            3974 us, parallelism: 2.77x
[2026-04-03T02:44:27.098+0600][71.887s][info][gc,stats    ]     CWR: <total>                  11026 us
[2026-04-03T02:44:27.098+0600][71.887s][info][gc,stats    ]     CWR: Code Cache Roots          8941 us, workers (us): 3051, 3002, 2888, ---, ---, ---, 
[2026-04-03T02:44:27.098+0600][71.887s][info][gc,stats    ]     CWR: VM Weak Roots             1967 us, workers (us): 687, 642, 638, ---, ---, ---, 
[2026-04-03T02:44:27.098+0600][71.887s][info][gc,stats    ]     CWR: CLDG Roots                 118 us, workers (us): ---, ---, 118, ---, ---, ---, 
[2026-04-03T02:44:27.098+0600][71.887s][info][gc,stats    ]   Rendezvous                        383 us
[2026-04-03T02:44:27.098+0600][71.887s][info][gc,stats    ] Concurrent Cleanup                  606 us
[2026-04-03T02:44:27.098+0600][71.887s][info][gc,stats    ] Concurrent Class Unloading        34099 us
[2026-04-03T02:44:27.098+0600][71.887s][info][gc,stats    ]   Unlink Stale                    32070 us
[2026-04-03T02:44:27.098+0600][71.887s][info][gc,stats    ]     System Dictionary               439 us
[2026-04-03T02:44:27.098+0600][71.887s][info][gc,stats    ]     Weak Class Links              18904 us
[2026-04-03T02:44:27.098+0600][71.887s][info][gc,stats    ]     Code Roots                    12724 us
[2026-04-03T02:44:27.098+0600][71.887s][info][gc,stats    ]   Rendezvous                        642 us
[2026-04-03T02:44:27.098+0600][71.887s][info][gc,stats    ]   Purge Unlinked                   1273 us
[2026-04-03T02:44:27.098+0600][71.887s][info][gc,stats    ]     Code Roots                     1212 us
[2026-04-03T02:44:27.098+0600][71.887s][info][gc,stats    ]     CLDG                             60 us
[2026-04-03T02:44:27.098+0600][71.887s][info][gc,stats    ]     Exception Caches                  0 us
[2026-04-03T02:44:27.098+0600][71.887s][info][gc,stats    ] Concurrent Strong Roots            1471 us, parallelism: 0.63x
[2026-04-03T02:44:27.098+0600][71.887s][info][gc,stats    ]   CSR: <total>                      929 us
[2026-04-03T02:44:27.098+0600][71.887s][info][gc,stats    ]   CSR: VM Strong Roots               47 us, workers (us):  35,  12,   0, ---, ---, ---, 
[2026-04-03T02:44:27.098+0600][71.887s][info][gc,stats    ]   CSR: CLDG Roots                   882 us, workers (us): 882, ---, ---, ---, ---, ---, 
[2026-04-03T02:44:27.098+0600][71.887s][info][gc,stats    ] Concurrent Evacuation              2205 us
[2026-04-03T02:44:27.098+0600][71.887s][info][gc,stats    ] Pause Init Update Refs (G)          462 us
[2026-04-03T02:44:27.098+0600][71.887s][info][gc,stats    ] Pause Init Update Refs (N)          107 us
[2026-04-03T02:44:27.098+0600][71.887s][info][gc,stats    ]   Manage GCLABs                      35 us
[2026-04-03T02:44:27.098+0600][71.887s][info][gc,stats    ] Concurrent Update Refs            30542 us
[2026-04-03T02:44:27.098+0600][71.887s][info][gc,stats    ] Concurrent Update Thread Roots     1222 us
[2026-04-03T02:44:27.098+0600][71.887s][info][gc,stats    ] Pause Final Update Refs (G)         498 us
[2026-04-03T02:44:27.098+0600][71.887s][info][gc,stats    ] Pause Final Update Refs (N)         186 us
[2026-04-03T02:44:27.098+0600][71.887s][info][gc,stats    ]   Update Region States               42 us
[2026-04-03T02:44:27.098+0600][71.887s][info][gc,stats    ]   Trash Collection Set               11 us
[2026-04-03T02:44:27.098+0600][71.887s][info][gc,stats    ]   Rebuild Free Set                   36 us
[2026-04-03T02:44:27.098+0600][71.887s][info][gc,stats    ] Concurrent Cleanup                  566 us
[2026-04-03T02:44:27.098+0600][71.887s][info][gc,stats    ] 
[2026-04-03T02:44:27.098+0600][71.887s][info][gc,stats    ] Allocation pacing accrued:
[2026-04-03T02:44:27.098+0600][71.887s][info][gc,stats    ]       0 of   428 ms (  0.0%): <total>
[2026-04-03T02:44:27.098+0600][71.887s][info][gc,stats    ]       0 of   428 ms (  0.0%): <average total>
[2026-04-03T02:44:27.098+0600][71.887s][info][gc,stats    ] 
[2026-04-03T02:44:27.098+0600][71.887s][info][gc,metaspace] Metaspace: 131203K(132800K)->131188K(132800K) NonClass: 114748K(115648K)->114735K(115648K) Class: 16455K(17152K)->16452K(17152K)
[2026-04-03T02:44:27.098+0600][71.887s][info][gc,ergo     ] Pacer for Idle. Initial: 35840K, Alloc Tax Rate: 1.0x
[2026-04-03T02:44:27.334+0600][72.123s][info][gc          ] Trigger: Learning 5 of 5. Free (1224M) is below initial threshold (1225M)
[2026-04-03T02:44:27.334+0600][72.123s][info][gc,ergo     ] Free: 1223M, Max: 512K regular, 1222M humongous, Frag: 0% external, 0% internal; Reserve: 89600K, Max: 512K
[2026-04-03T02:44:27.334+0600][72.123s][info][gc,start    ] GC(55) Concurrent reset
[2026-04-03T02:44:27.334+0600][72.123s][info][gc,task     ] GC(55) Using 3 of 6 workers for concurrent reset
[2026-04-03T02:44:27.334+0600][72.123s][info][gc,ergo     ] GC(55) Pacer for Reset. Non-Taxable: 1750M
[2026-04-03T02:44:27.337+0600][72.127s][info][gc          ] GC(55) Concurrent reset 3.282ms
[2026-04-03T02:44:27.338+0600][72.127s][info][gc,start    ] GC(55) Pause Init Mark (unload classes)
[2026-04-03T02:44:27.338+0600][72.127s][info][gc,task     ] GC(55) Using 6 of 6 workers for init marking
[2026-04-03T02:44:27.338+0600][72.127s][info][gc,ergo     ] GC(55) Pacer for Mark. Expected Live: 97821K, Free: 1223M, Non-Taxable: 122M, Alloc Tax Rate: 0.1x
[2026-04-03T02:44:27.338+0600][72.127s][info][gc          ] GC(55) Pause Init Mark (unload classes) 0.140ms
[2026-04-03T02:44:27.338+0600][72.127s][info][gc,start    ] GC(55) Concurrent marking roots
[2026-04-03T02:44:27.338+0600][72.127s][info][gc,task     ] GC(55) Using 3 of 6 workers for concurrent marking roots
[2026-04-03T02:44:27.341+0600][72.131s][info][gc          ] GC(55) Concurrent marking roots 3.362ms
[2026-04-03T02:44:27.341+0600][72.131s][info][gc,start    ] GC(55) Concurrent marking (unload classes)
[2026-04-03T02:44:27.341+0600][72.131s][info][gc,task     ] GC(55) Using 3 of 6 workers for concurrent marking
[2026-04-03T02:44:27.413+0600][72.203s][info][gc          ] GC(55) Concurrent marking (unload classes) 72.152ms
[2026-04-03T02:44:27.414+0600][72.203s][info][gc,start    ] GC(55) Pause Final Mark (unload classes)
[2026-04-03T02:44:27.414+0600][72.203s][info][gc,task     ] GC(55) Using 6 of 6 workers for final marking
[2026-04-03T02:44:27.414+0600][72.204s][info][gc,ergo     ] GC(55) Adaptive CSet Selection. Target Free: 247M, Actual Free: 1467M, Max CSet: 74666K, Min Garbage: 0B
[2026-04-03T02:44:27.414+0600][72.204s][info][gc,ergo     ] GC(55) Collectable Garbage: 305M (97%), Immediate: 234M (74%), CSet: 72306K (22%)
[2026-04-03T02:44:27.414+0600][72.204s][info][gc,ergo     ] GC(55) Pacer for Evacuation. Used CSet: 75747K, Free: 1413M, Non-Taxable: 141M, Alloc Tax Rate: 1.1x
[2026-04-03T02:44:27.414+0600][72.204s][info][gc          ] GC(55) Pause Final Mark (unload classes) 0.731ms
[2026-04-03T02:44:27.414+0600][72.204s][info][gc,start    ] GC(55) Concurrent thread roots
[2026-04-03T02:44:27.415+0600][72.204s][info][gc,task     ] GC(55) Using 3 of 6 workers for Concurrent thread roots
[2026-04-03T02:44:27.416+0600][72.205s][info][gc          ] GC(55) Concurrent thread roots 1.093ms
[2026-04-03T02:44:27.416+0600][72.205s][info][gc,start    ] GC(55) Concurrent weak references
[2026-04-03T02:44:27.416+0600][72.205s][info][gc,task     ] GC(55) Using 3 of 6 workers for concurrent weak references
[2026-04-03T02:44:27.416+0600][72.206s][info][gc,ref      ] GC(55) Encountered references: Soft: 3711, Weak: 15081, Final: 84, Phantom: 620
[2026-04-03T02:44:27.416+0600][72.206s][info][gc,ref      ] GC(55) Discovered  references: Soft: 0, Weak: 7921, Final: 52, Phantom: 218
[2026-04-03T02:44:27.416+0600][72.206s][info][gc,ref      ] GC(55) Enqueued    references: Soft: 0, Weak: 34, Final: 0, Phantom: 0
[2026-04-03T02:44:27.416+0600][72.206s][info][gc          ] GC(55) Concurrent weak references 0.733ms
[2026-04-03T02:44:27.416+0600][72.206s][info][gc,start    ] GC(55) Concurrent weak roots
[2026-04-03T02:44:27.416+0600][72.206s][info][gc,task     ] GC(55) Using 3 of 6 workers for concurrent weak root
[2026-04-03T02:44:27.420+0600][72.210s][info][gc          ] GC(55) Concurrent weak roots 4.039ms
[2026-04-03T02:44:27.420+0600][72.210s][info][gc,start    ] GC(55) Concurrent cleanup
[2026-04-03T02:44:27.421+0600][72.211s][info][gc          ] GC(55) Concurrent cleanup 478M->243M(627M) 0.699ms
[2026-04-03T02:44:27.421+0600][72.211s][info][gc,ergo     ] GC(55) Free: 1407M, Max: 512K regular, 1139M humongous, Frag: 19% external, 0% internal; Reserve: 89277K, Max: 512K
[2026-04-03T02:44:27.421+0600][72.211s][info][gc,start    ] GC(55) Concurrent class unloading
[2026-04-03T02:44:27.421+0600][72.211s][info][gc,task     ] GC(55) Using 3 of 6 workers for concurrent class unloading
[2026-04-03T02:44:27.447+0600][72.237s][info][gc          ] GC(55) Concurrent class unloading 26.208ms
[2026-04-03T02:44:27.448+0600][72.237s][info][gc,start    ] GC(55) Concurrent strong roots
[2026-04-03T02:44:27.448+0600][72.237s][info][gc,task     ] GC(55) Using 3 of 6 workers for concurrent strong root
[2026-04-03T02:44:27.449+0600][72.239s][info][gc          ] GC(55) Concurrent strong roots 1.617ms
[2026-04-03T02:44:27.449+0600][72.239s][info][gc,start    ] GC(55) Concurrent evacuation
[2026-04-03T02:44:27.449+0600][72.239s][info][gc,task     ] GC(55) Using 3 of 6 workers for concurrent evacuation
[2026-04-03T02:44:27.452+0600][72.241s][info][gc          ] GC(55) Concurrent evacuation 2.846ms
[2026-04-03T02:44:27.453+0600][72.242s][info][gc,start    ] GC(55) Pause Init Update Refs
[2026-04-03T02:44:27.453+0600][72.242s][info][gc,ergo     ] GC(55) Pacer for Update Refs. Used: 271M, Free: 1384M, Non-Taxable: 138M, Alloc Tax Rate: 1.1x
[2026-04-03T02:44:27.453+0600][72.242s][info][gc          ] GC(55) Pause Init Update Refs 0.094ms
[2026-04-03T02:44:27.453+0600][72.243s][info][gc,start    ] GC(55) Concurrent update references
[2026-04-03T02:44:27.453+0600][72.243s][info][gc,task     ] GC(55) Using 3 of 6 workers for concurrent reference update
[2026-04-03T02:44:27.505+0600][72.295s][info][gc          ] GC(55) Concurrent update references 52.144ms
[2026-04-03T02:44:27.505+0600][72.295s][info][gc,start    ] GC(55) Concurrent update thread roots
[2026-04-03T02:44:27.507+0600][72.297s][info][gc          ] GC(55) Concurrent update thread roots 1.863ms
[2026-04-03T02:44:27.507+0600][72.297s][info][gc,start    ] GC(55) Pause Final Update Refs
[2026-04-03T02:44:27.507+0600][72.297s][info][gc,task     ] GC(55) Using 6 of 6 workers for final reference update
[2026-04-03T02:44:27.508+0600][72.297s][info][gc          ] GC(55) Pause Final Update Refs 0.228ms
[2026-04-03T02:44:27.508+0600][72.297s][info][gc,start    ] GC(55) Concurrent cleanup
[2026-04-03T02:44:27.508+0600][72.298s][info][gc          ] GC(55) Concurrent cleanup 303M->229M(627M) 0.723ms
[2026-04-03T02:44:27.509+0600][72.298s][info][gc,ergo     ] Free: 1417M, Max: 512K regular, 1136M humongous, Frag: 20% external, 0% internal; Reserve: 89600K, Max: 512K
[2026-04-03T02:44:27.509+0600][72.298s][info][gc,stats    ] 
[2026-04-03T02:44:27.509+0600][72.298s][info][gc,stats    ] All times are wall-clock times, except per-root-class counters, that are sum over
[2026-04-03T02:44:27.509+0600][72.298s][info][gc,stats    ] all workers. Dividing the <total> over the root stage time estimates parallelism.
[2026-04-03T02:44:27.509+0600][72.298s][info][gc,stats    ] 
[2026-04-03T02:44:27.509+0600][72.298s][info][gc,stats    ] Concurrent Reset                   3346 us
[2026-04-03T02:44:27.509+0600][72.298s][info][gc,stats    ] Pause Init Mark (G)                 411 us
[2026-04-03T02:44:27.509+0600][72.298s][info][gc,stats    ] Pause Init Mark (N)                 149 us
[2026-04-03T02:44:27.509+0600][72.298s][info][gc,stats    ]   Update Region States               50 us
[2026-04-03T02:44:27.509+0600][72.298s][info][gc,stats    ] Concurrent Mark Roots              3421 us, parallelism: 2.13x
[2026-04-03T02:44:27.509+0600][72.298s][info][gc,stats    ]   CMR: <total>                     7273 us
[2026-04-03T02:44:27.509+0600][72.298s][info][gc,stats    ]   CMR: Thread Roots                6908 us, workers (us): 2825, 2656, 1426, ---, ---, ---, 
[2026-04-03T02:44:27.509+0600][72.298s][info][gc,stats    ]   CMR: VM Strong Roots               65 us, workers (us):  36,  29,   1, ---, ---, ---, 
[2026-04-03T02:44:27.509+0600][72.298s][info][gc,stats    ]   CMR: CLDG Roots                   299 us, workers (us): ---, 299, ---, ---, ---, ---, 
[2026-04-03T02:44:27.509+0600][72.298s][info][gc,stats    ] Concurrent Marking                72238 us
[2026-04-03T02:44:27.509+0600][72.298s][info][gc,stats    ] Pause Final Mark (G)                967 us
[2026-04-03T02:44:27.509+0600][72.298s][info][gc,stats    ] Pause Final Mark (N)                745 us
[2026-04-03T02:44:27.509+0600][72.298s][info][gc,stats    ]   Finish Mark                       229 us
[2026-04-03T02:44:27.509+0600][72.298s][info][gc,stats    ]   Update Region States               58 us
[2026-04-03T02:44:27.509+0600][72.298s][info][gc,stats    ]   Choose Collection Set             214 us
[2026-04-03T02:44:27.509+0600][72.298s][info][gc,stats    ]   Rebuild Free Set                   41 us
[2026-04-03T02:44:27.509+0600][72.298s][info][gc,stats    ] Concurrent Thread Roots            1122 us, parallelism: 2.42x
[2026-04-03T02:44:27.509+0600][72.298s][info][gc,stats    ]   CTR: <total>                     2714 us
[2026-04-03T02:44:27.509+0600][72.298s][info][gc,stats    ]   CTR: Thread Roots                2714 us, workers (us): 923, 910, 880, ---, ---, ---, 
[2026-04-03T02:44:27.509+0600][72.298s][info][gc,stats    ] Concurrent Weak References          741 us, parallelism: 1.17x
[2026-04-03T02:44:27.509+0600][72.298s][info][gc,stats    ]   CWRF: <total>                     870 us
[2026-04-03T02:44:27.509+0600][72.298s][info][gc,stats    ]   CWRF: Weak References             870 us, workers (us):  88, 264, 518, ---, ---, ---, 
[2026-04-03T02:44:27.509+0600][72.298s][info][gc,stats    ] Concurrent Weak Roots              4120 us
[2026-04-03T02:44:27.509+0600][72.298s][info][gc,stats    ]   Roots                            3699 us, parallelism: 2.62x
[2026-04-03T02:44:27.509+0600][72.298s][info][gc,stats    ]     CWR: <total>                   9705 us
[2026-04-03T02:44:27.509+0600][72.298s][info][gc,stats    ]     CWR: Code Cache Roots          7561 us, workers (us): 2490, 2543, 2527, ---, ---, ---, 
[2026-04-03T02:44:27.509+0600][72.298s][info][gc,stats    ]     CWR: VM Weak Roots             1999 us, workers (us): 718, 654, 627, ---, ---, ---, 
[2026-04-03T02:44:27.509+0600][72.298s][info][gc,stats    ]     CWR: CLDG Roots                 145 us, workers (us): 145, ---, ---, ---, ---, ---, 
[2026-04-03T02:44:27.509+0600][72.298s][info][gc,stats    ]   Rendezvous                        315 us
[2026-04-03T02:44:27.509+0600][72.298s][info][gc,stats    ] Concurrent Cleanup                  718 us
[2026-04-03T02:44:27.509+0600][72.298s][info][gc,stats    ] Concurrent Class Unloading        26337 us
[2026-04-03T02:44:27.509+0600][72.298s][info][gc,stats    ]   Unlink Stale                    20444 us
[2026-04-03T02:44:27.509+0600][72.298s][info][gc,stats    ]     System Dictionary               268 us
[2026-04-03T02:44:27.509+0600][72.298s][info][gc,stats    ]     Weak Class Links                  0 us
[2026-04-03T02:44:27.509+0600][72.298s][info][gc,stats    ]     Code Roots                    20170 us
[2026-04-03T02:44:27.509+0600][72.299s][info][gc,stats    ]   Rendezvous                       3698 us
[2026-04-03T02:44:27.509+0600][72.299s][info][gc,stats    ]   Purge Unlinked                   2030 us
[2026-04-03T02:44:27.509+0600][72.299s][info][gc,stats    ]     Code Roots                     2010 us
[2026-04-03T02:44:27.509+0600][72.299s][info][gc,stats    ]     CLDG                             18 us
[2026-04-03T02:44:27.509+0600][72.299s][info][gc,stats    ]     Exception Caches                  0 us
[2026-04-03T02:44:27.509+0600][72.299s][info][gc,stats    ] Concurrent Strong Roots            1652 us, parallelism: 0.71x
[2026-04-03T02:44:27.509+0600][72.299s][info][gc,stats    ]   CSR: <total>                     1180 us
[2026-04-03T02:44:27.509+0600][72.299s][info][gc,stats    ]   CSR: VM Strong Roots               60 us, workers (us):  57,   2,   2, ---, ---, ---, 
[2026-04-03T02:44:27.509+0600][72.299s][info][gc,stats    ]   CSR: CLDG Roots                  1120 us, workers (us): 1120, ---, ---, ---, ---, ---, 
[2026-04-03T02:44:27.509+0600][72.299s][info][gc,stats    ] Concurrent Evacuation              2905 us
[2026-04-03T02:44:27.509+0600][72.299s][info][gc,stats    ] Pause Init Update Refs (G)          962 us
[2026-04-03T02:44:27.509+0600][72.299s][info][gc,stats    ] Pause Init Update Refs (N)          105 us
[2026-04-03T02:44:27.509+0600][72.299s][info][gc,stats    ]   Manage GCLABs                      43 us
[2026-04-03T02:44:27.509+0600][72.299s][info][gc,stats    ] Concurrent Update Refs            52257 us
[2026-04-03T02:44:27.509+0600][72.299s][info][gc,stats    ] Concurrent Update Thread Roots     1892 us
[2026-04-03T02:44:27.509+0600][72.299s][info][gc,stats    ] Pause Final Update Refs (G)         399 us
[2026-04-03T02:44:27.509+0600][72.299s][info][gc,stats    ] Pause Final Update Refs (N)         245 us
[2026-04-03T02:44:27.509+0600][72.299s][info][gc,stats    ]   Update Region States               74 us
[2026-04-03T02:44:27.509+0600][72.299s][info][gc,stats    ]   Trash Collection Set               14 us
[2026-04-03T02:44:27.509+0600][72.299s][info][gc,stats    ]   Rebuild Free Set                   50 us
[2026-04-03T02:44:27.509+0600][72.299s][info][gc,stats    ] Concurrent Cleanup                  749 us
[2026-04-03T02:44:27.509+0600][72.299s][info][gc,stats    ] 
[2026-04-03T02:44:27.509+0600][72.299s][info][gc,stats    ] Allocation pacing accrued:
[2026-04-03T02:44:27.509+0600][72.299s][info][gc,stats    ]       0 of   411 ms (  0.0%): <total>
[2026-04-03T02:44:27.509+0600][72.299s][info][gc,stats    ]       0 of   411 ms (  0.0%): <average total>
[2026-04-03T02:44:27.509+0600][72.299s][info][gc,stats    ] 
[2026-04-03T02:44:27.510+0600][72.299s][info][gc,metaspace] Metaspace: 131246K(132800K)->131261K(132800K) NonClass: 114785K(115648K)->114798K(115648K) Class: 16461K(17152K)->16463K(17152K)
[2026-04-03T02:44:27.510+0600][72.299s][info][gc,ergo     ] Pacer for Idle. Initial: 35840K, Alloc Tax Rate: 1.0x
[2026-04-03T02:44:28.962+0600][73.752s][info][gc          ] Trigger: Average GC time (201.45 ms) is above the time for average allocation rate (914 MB/s) to deplete free headroom (183M) (margin of error = 1.85)
[2026-04-03T02:44:28.962+0600][73.752s][info][gc,ergo     ] Free headroom: 270M (free) - 89600K (spike) - 0B (penalties) = 183M
[2026-04-03T02:44:28.962+0600][73.752s][info][gc,ergo     ] Free: 270M, Max: 512K regular, 268M humongous, Frag: 0% external, 0% internal; Reserve: 89600K, Max: 512K
[2026-04-03T02:44:28.962+0600][73.752s][info][gc,start    ] GC(56) Concurrent reset
[2026-04-03T02:44:28.962+0600][73.752s][info][gc,task     ] GC(56) Using 3 of 6 workers for concurrent reset
[2026-04-03T02:44:28.963+0600][73.752s][info][gc,ergo     ] GC(56) Pacer for Reset. Non-Taxable: 1750M
[2026-04-03T02:44:28.966+0600][73.756s][info][gc          ] GC(56) Concurrent reset 3.735ms
[2026-04-03T02:44:28.967+0600][73.756s][info][gc,start    ] GC(56) Pause Init Mark (unload classes)
[2026-04-03T02:44:28.967+0600][73.757s][info][gc,task     ] GC(56) Using 6 of 6 workers for init marking
[2026-04-03T02:44:28.967+0600][73.757s][info][gc,ergo     ] GC(56) Pacer for Mark. Expected Live: 97626K, Free: 266M, Non-Taxable: 27293K, Alloc Tax Rate: 0.4x
[2026-04-03T02:44:28.967+0600][73.757s][info][gc          ] GC(56) Pause Init Mark (unload classes) 0.160ms
[2026-04-03T02:44:28.967+0600][73.757s][info][gc,start    ] GC(56) Concurrent marking roots
[2026-04-03T02:44:28.967+0600][73.757s][info][gc,task     ] GC(56) Using 3 of 6 workers for concurrent marking roots
[2026-04-03T02:44:28.970+0600][73.759s][info][gc          ] GC(56) Concurrent marking roots 2.502ms
[2026-04-03T02:44:28.970+0600][73.759s][info][gc,start    ] GC(56) Concurrent marking (unload classes)
[2026-04-03T02:44:28.970+0600][73.759s][info][gc,task     ] GC(56) Using 3 of 6 workers for concurrent marking
[2026-04-03T02:44:29.048+0600][73.837s][info][gc          ] GC(56) Concurrent marking (unload classes) 77.988ms
[2026-04-03T02:44:29.048+0600][73.838s][info][gc,start    ] GC(56) Pause Final Mark (unload classes)
[2026-04-03T02:44:29.048+0600][73.838s][info][gc,task     ] GC(56) Using 6 of 6 workers for final marking
[2026-04-03T02:44:29.049+0600][73.838s][info][gc,ergo     ] GC(56) Adaptive CSet Selection. Target Free: 247M, Actual Free: 1254M, Max CSet: 74666K, Min Garbage: 0B
[2026-04-03T02:44:29.049+0600][73.839s][info][gc,ergo     ] GC(56) Collectable Garbage: 1169M (99%), Immediate: 950M (80%), CSet: 219M (18%)
[2026-04-03T02:44:29.049+0600][73.839s][info][gc,ergo     ] GC(56) Pacer for Evacuation. Used CSet: 226M, Free: 1288M, Non-Taxable: 128M, Alloc Tax Rate: 1.1x
[2026-04-03T02:44:29.049+0600][73.839s][info][gc          ] GC(56) Pause Final Mark (unload classes) 0.850ms
[2026-04-03T02:44:29.049+0600][73.839s][info][gc,start    ] GC(56) Concurrent thread roots
[2026-04-03T02:44:29.049+0600][73.839s][info][gc,task     ] GC(56) Using 3 of 6 workers for Concurrent thread roots
[2026-04-03T02:44:29.051+0600][73.840s][info][gc          ] GC(56) Concurrent thread roots 1.306ms
[2026-04-03T02:44:29.051+0600][73.840s][info][gc,start    ] GC(56) Concurrent weak references
[2026-04-03T02:44:29.051+0600][73.840s][info][gc,task     ] GC(56) Using 3 of 6 workers for concurrent weak references
[2026-04-03T02:44:29.052+0600][73.841s][info][gc,ref      ] GC(56) Encountered references: Soft: 3728, Weak: 17009, Final: 84, Phantom: 620
[2026-04-03T02:44:29.052+0600][73.841s][info][gc,ref      ] GC(56) Discovered  references: Soft: 0, Weak: 10573, Final: 84, Phantom: 615
[2026-04-03T02:44:29.052+0600][73.841s][info][gc,ref      ] GC(56) Enqueued    references: Soft: 0, Weak: 1631, Final: 0, Phantom: 0
[2026-04-03T02:44:29.052+0600][73.841s][info][gc          ] GC(56) Concurrent weak references 1.408ms
[2026-04-03T02:44:29.052+0600][73.841s][info][gc,start    ] GC(56) Concurrent weak roots
[2026-04-03T02:44:29.052+0600][73.841s][info][gc,task     ] GC(56) Using 3 of 6 workers for concurrent weak root
[2026-04-03T02:44:29.058+0600][73.848s][info][gc          ] GC(56) Concurrent weak roots 6.094ms
[2026-04-03T02:44:29.058+0600][73.848s][info][gc,start    ] GC(56) Concurrent cleanup
[2026-04-03T02:44:29.059+0600][73.849s][info][gc          ] GC(56) Concurrent cleanup 1321M->371M(1458M) 1.184ms
[2026-04-03T02:44:29.060+0600][73.849s][info][gc,ergo     ] GC(56) Free: 1281M, Max: 512K regular, 210M humongous, Frag: 84% external, 0% internal; Reserve: 89322K, Max: 512K
[2026-04-03T02:44:29.060+0600][73.849s][info][gc,start    ] GC(56) Concurrent class unloading
[2026-04-03T02:44:29.060+0600][73.849s][info][gc,task     ] GC(56) Using 3 of 6 workers for concurrent class unloading
[2026-04-03T02:44:29.079+0600][73.868s][info][gc          ] GC(56) Concurrent class unloading 19.170ms
[2026-04-03T02:44:29.079+0600][73.868s][info][gc,start    ] GC(56) Concurrent strong roots
[2026-04-03T02:44:29.079+0600][73.868s][info][gc,task     ] GC(56) Using 3 of 6 workers for concurrent strong root
[2026-04-03T02:44:29.080+0600][73.869s][info][gc          ] GC(56) Concurrent strong roots 1.215ms
[2026-04-03T02:44:29.080+0600][73.869s][info][gc,start    ] GC(56) Concurrent evacuation
[2026-04-03T02:44:29.080+0600][73.870s][info][gc,task     ] GC(56) Using 3 of 6 workers for concurrent evacuation
[2026-04-03T02:44:29.086+0600][73.875s][info][gc          ] GC(56) Concurrent evacuation 5.688ms
[2026-04-03T02:44:29.086+0600][73.875s][info][gc,start    ] GC(56) Pause Init Update Refs
[2026-04-03T02:44:29.086+0600][73.876s][info][gc,ergo     ] GC(56) Pacer for Update Refs. Used: 389M, Free: 1269M, Non-Taxable: 126M, Alloc Tax Rate: 1.1x
[2026-04-03T02:44:29.086+0600][73.876s][info][gc          ] GC(56) Pause Init Update Refs 0.182ms
[2026-04-03T02:44:29.086+0600][73.876s][info][gc,start    ] GC(56) Concurrent update references
[2026-04-03T02:44:29.086+0600][73.876s][info][gc,task     ] GC(56) Using 3 of 6 workers for concurrent reference update
[2026-04-03T02:44:29.143+0600][73.932s][info][gc          ] GC(56) Concurrent update references 56.560ms
[2026-04-03T02:44:29.143+0600][73.932s][info][gc,start    ] GC(56) Concurrent update thread roots
[2026-04-03T02:44:29.145+0600][73.934s][info][gc          ] GC(56) Concurrent update thread roots 1.796ms
[2026-04-03T02:44:29.145+0600][73.935s][info][gc,start    ] GC(56) Pause Final Update Refs
[2026-04-03T02:44:29.145+0600][73.935s][info][gc,task     ] GC(56) Using 6 of 6 workers for final reference update
[2026-04-03T02:44:29.145+0600][73.935s][info][gc          ] GC(56) Pause Final Update Refs 0.265ms
[2026-04-03T02:44:29.149+0600][73.938s][info][gc,start    ] GC(56) Concurrent cleanup
[2026-04-03T02:44:29.150+0600][73.939s][info][gc          ] GC(56) Concurrent cleanup 433M->210M(1460M) 0.838ms
[2026-04-03T02:44:29.150+0600][73.939s][info][gc,ergo     ] Free: 1437M, Max: 512K regular, 1027M humongous, Frag: 29% external, 0% internal; Reserve: 89600K, Max: 512K
[2026-04-03T02:44:29.150+0600][73.939s][info][gc,stats    ] 
[2026-04-03T02:44:29.150+0600][73.939s][info][gc,stats    ] All times are wall-clock times, except per-root-class counters, that are sum over
[2026-04-03T02:44:29.150+0600][73.939s][info][gc,stats    ] all workers. Dividing the <total> over the root stage time estimates parallelism.
[2026-04-03T02:44:29.150+0600][73.939s][info][gc,stats    ] 
[2026-04-03T02:44:29.150+0600][73.939s][info][gc,stats    ] Concurrent Reset                   3819 us
[2026-04-03T02:44:29.150+0600][73.939s][info][gc,stats    ] Pause Init Mark (G)                1141 us
[2026-04-03T02:44:29.150+0600][73.939s][info][gc,stats    ] Pause Init Mark (N)                 171 us
[2026-04-03T02:44:29.150+0600][73.939s][info][gc,stats    ]   Update Region States               53 us
[2026-04-03T02:44:29.150+0600][73.939s][info][gc,stats    ] Concurrent Mark Roots              2594 us, parallelism: 1.86x
[2026-04-03T02:44:29.150+0600][73.939s][info][gc,stats    ]   CMR: <total>                     4828 us
[2026-04-03T02:44:29.150+0600][73.939s][info][gc,stats    ]   CMR: Thread Roots                4443 us, workers (us): 1639, 1908, 896, ---, ---, ---, 
[2026-04-03T02:44:29.150+0600][73.939s][info][gc,stats    ]   CMR: VM Strong Roots               45 us, workers (us):  43,   1,   1, ---, ---, ---, 
[2026-04-03T02:44:29.150+0600][73.939s][info][gc,stats    ]   CMR: CLDG Roots                   339 us, workers (us): 339, ---, ---, ---, ---, ---, 
[2026-04-03T02:44:29.150+0600][73.939s][info][gc,stats    ] Concurrent Marking                78065 us
[2026-04-03T02:44:29.150+0600][73.939s][info][gc,stats    ] Pause Final Mark (G)               1222 us
[2026-04-03T02:44:29.150+0600][73.939s][info][gc,stats    ] Pause Final Mark (N)                865 us
[2026-04-03T02:44:29.150+0600][73.939s][info][gc,stats    ]   Finish Mark                       279 us
[2026-04-03T02:44:29.150+0600][73.939s][info][gc,stats    ]   Update Region States               64 us
[2026-04-03T02:44:29.150+0600][73.939s][info][gc,stats    ]   Choose Collection Set             278 us
[2026-04-03T02:44:29.150+0600][73.939s][info][gc,stats    ]   Rebuild Free Set                   53 us
[2026-04-03T02:44:29.150+0600][73.939s][info][gc,stats    ] Concurrent Thread Roots            1347 us, parallelism: 2.47x
[2026-04-03T02:44:29.150+0600][73.939s][info][gc,stats    ]   CTR: <total>                     3332 us
[2026-04-03T02:44:29.150+0600][73.939s][info][gc,stats    ]   CTR: Thread Roots                3332 us, workers (us): 1156, 1089, 1086, ---, ---, ---, 
[2026-04-03T02:44:29.150+0600][73.939s][info][gc,stats    ] Concurrent Weak References         1423 us, parallelism: 1.06x
[2026-04-03T02:44:29.150+0600][73.939s][info][gc,stats    ]   CWRF: <total>                    1511 us
[2026-04-03T02:44:29.150+0600][73.940s][info][gc,stats    ]   CWRF: Weak References            1511 us, workers (us): 1229, 270,  11, ---, ---, ---, 
[2026-04-03T02:44:29.150+0600][73.940s][info][gc,stats    ] Concurrent Weak Roots              6179 us
[2026-04-03T02:44:29.150+0600][73.940s][info][gc,stats    ]   Roots                            5676 us, parallelism: 2.78x
[2026-04-03T02:44:29.150+0600][73.940s][info][gc,stats    ]     CWR: <total>                  15782 us
[2026-04-03T02:44:29.150+0600][73.940s][info][gc,stats    ]     CWR: Code Cache Roots         11833 us, workers (us): 3946, 4032, 3855, ---, ---, ---, 
[2026-04-03T02:44:29.150+0600][73.940s][info][gc,stats    ]     CWR: VM Weak Roots             3693 us, workers (us): 1233, 1241, 1219, ---, ---, ---, 
[2026-04-03T02:44:29.150+0600][73.940s][info][gc,stats    ]     CWR: CLDG Roots                 256 us, workers (us): ---, ---, 256, ---, ---, ---, 
[2026-04-03T02:44:29.150+0600][73.940s][info][gc,stats    ]   Rendezvous                        385 us
[2026-04-03T02:44:29.150+0600][73.940s][info][gc,stats    ] Concurrent Cleanup                 1215 us
[2026-04-03T02:44:29.150+0600][73.940s][info][gc,stats    ] Concurrent Class Unloading        19270 us
[2026-04-03T02:44:29.150+0600][73.940s][info][gc,stats    ]   Unlink Stale                    15979 us
[2026-04-03T02:44:29.150+0600][73.940s][info][gc,stats    ]     System Dictionary               283 us
[2026-04-03T02:44:29.150+0600][73.940s][info][gc,stats    ]     Weak Class Links                  0 us
[2026-04-03T02:44:29.150+0600][73.940s][info][gc,stats    ]     Code Roots                    15693 us
[2026-04-03T02:44:29.150+0600][73.940s][info][gc,stats    ]   Rendezvous                        441 us
[2026-04-03T02:44:29.150+0600][73.940s][info][gc,stats    ]   Purge Unlinked                   2713 us
[2026-04-03T02:44:29.150+0600][73.940s][info][gc,stats    ]     Code Roots                     2694 us
[2026-04-03T02:44:29.150+0600][73.940s][info][gc,stats    ]     CLDG                             17 us
[2026-04-03T02:44:29.150+0600][73.940s][info][gc,stats    ]     Exception Caches                  1 us
[2026-04-03T02:44:29.150+0600][73.940s][info][gc,stats    ] Concurrent Strong Roots            1267 us, parallelism: 0.62x
[2026-04-03T02:44:29.150+0600][73.940s][info][gc,stats    ]   CSR: <total>                      787 us
[2026-04-03T02:44:29.150+0600][73.940s][info][gc,stats    ]   CSR: VM Strong Roots               34 us, workers (us):  34,   0,   0, ---, ---, ---, 
[2026-04-03T02:44:29.150+0600][73.940s][info][gc,stats    ]   CSR: CLDG Roots                   753 us, workers (us): 753, ---, ---, ---, ---, ---, 
[2026-04-03T02:44:29.150+0600][73.940s][info][gc,stats    ] Concurrent Evacuation              5772 us
[2026-04-03T02:44:29.150+0600][73.940s][info][gc,stats    ] Pause Init Update Refs (G)          499 us
[2026-04-03T02:44:29.150+0600][73.940s][info][gc,stats    ] Pause Init Update Refs (N)          201 us
[2026-04-03T02:44:29.150+0600][73.940s][info][gc,stats    ]   Manage GCLABs                      52 us
[2026-04-03T02:44:29.150+0600][73.940s][info][gc,stats    ] Concurrent Update Refs            56673 us
[2026-04-03T02:44:29.150+0600][73.940s][info][gc,stats    ] Concurrent Update Thread Roots     1904 us
[2026-04-03T02:44:29.151+0600][73.940s][info][gc,stats    ] Pause Final Update Refs (G)        3733 us
[2026-04-03T02:44:29.151+0600][73.940s][info][gc,stats    ] Pause Final Update Refs (N)         304 us
[2026-04-03T02:44:29.151+0600][73.940s][info][gc,stats    ]   Update Region States               88 us
[2026-04-03T02:44:29.151+0600][73.940s][info][gc,stats    ]   Trash Collection Set               33 us
[2026-04-03T02:44:29.151+0600][73.940s][info][gc,stats    ]   Rebuild Free Set                   84 us
[2026-04-03T02:44:29.151+0600][73.940s][info][gc,stats    ] Concurrent Cleanup                  898 us
[2026-04-03T02:44:29.151+0600][73.940s][info][gc,stats    ] 
[2026-04-03T02:44:29.151+0600][73.940s][info][gc,stats    ] Allocation pacing accrued:
[2026-04-03T02:44:29.151+0600][73.940s][info][gc,stats    ]       0 of  1641 ms (  0.0%): <total>
[2026-04-03T02:44:29.151+0600][73.940s][info][gc,stats    ]       0 of  1641 ms (  0.0%): <average total>
[2026-04-03T02:44:29.151+0600][73.940s][info][gc,stats    ] 
[2026-04-03T02:44:29.151+0600][73.940s][info][gc,metaspace] Metaspace: 131376K(132800K)->131381K(132800K) NonClass: 114900K(115648K)->114906K(115648K) Class: 16475K(17152K)->16475K(17152K)
[2026-04-03T02:44:29.151+0600][73.940s][info][gc,ergo     ] Pacer for Idle. Initial: 35840K, Alloc Tax Rate: 1.0x
[2026-04-03T02:44:29.980+0600][74.769s][info][gc          ] Trigger: Average GC time (215.43 ms) is above the time for average allocation rate (1303 MB/s) to deplete free headroom (276M) (margin of error = 1.85)
[2026-04-03T02:44:29.980+0600][74.769s][info][gc,ergo     ] Free headroom: 364M (free) - 89600K (spike) - 0B (penalties) = 276M
[2026-04-03T02:44:29.980+0600][74.769s][info][gc,ergo     ] Free: 359M, Max: 512K regular, 208M humongous, Frag: 42% external, 0% internal; Reserve: 89600K, Max: 512K
[2026-04-03T02:44:29.980+0600][74.769s][info][gc,start    ] GC(57) Concurrent reset
[2026-04-03T02:44:29.980+0600][74.769s][info][gc,task     ] GC(57) Using 3 of 6 workers for concurrent reset
[2026-04-03T02:44:29.980+0600][74.769s][info][gc,ergo     ] GC(57) Pacer for Reset. Non-Taxable: 1750M
[2026-04-03T02:44:29.986+0600][74.776s][info][gc          ] GC(57) Concurrent reset 6.172ms
[2026-04-03T02:44:29.987+0600][74.776s][info][gc,start    ] GC(57) Pause Init Mark (unload classes)
[2026-04-03T02:44:29.987+0600][74.776s][info][gc,task     ] GC(57) Using 6 of 6 workers for init marking
[2026-04-03T02:44:29.987+0600][74.776s][info][gc,ergo     ] GC(57) Pacer for Mark. Expected Live: 98968K, Free: 353M, Non-Taxable: 36198K, Alloc Tax Rate: 0.3x
[2026-04-03T02:44:29.987+0600][74.776s][info][gc          ] GC(57) Pause Init Mark (unload classes) 0.211ms
[2026-04-03T02:44:29.987+0600][74.776s][info][gc,start    ] GC(57) Concurrent marking roots
[2026-04-03T02:44:29.987+0600][74.776s][info][gc,task     ] GC(57) Using 3 of 6 workers for concurrent marking roots
[2026-04-03T02:44:29.989+0600][74.778s][info][gc          ] GC(57) Concurrent marking roots 1.765ms
[2026-04-03T02:44:29.989+0600][74.778s][info][gc,start    ] GC(57) Concurrent marking (unload classes)
[2026-04-03T02:44:29.989+0600][74.778s][info][gc,task     ] GC(57) Using 3 of 6 workers for concurrent marking
[2026-04-03T02:44:30.050+0600][74.840s][info][gc          ] GC(57) Concurrent marking (unload classes) 61.671ms
[2026-04-03T02:44:30.051+0600][74.840s][info][gc,start    ] GC(57) Pause Final Mark (unload classes)
[2026-04-03T02:44:30.051+0600][74.840s][info][gc,task     ] GC(57) Using 6 of 6 workers for final marking
[2026-04-03T02:44:30.051+0600][74.841s][info][gc,ergo     ] GC(57) Adaptive CSet Selection. Target Free: 247M, Actual Free: 1306M, Max CSet: 74666K, Min Garbage: 0B
[2026-04-03T02:44:30.051+0600][74.841s][info][gc,ergo     ] GC(57) Collectable Garbage: 1102M (99%), Immediate: 917M (82%), CSet: 184M (16%)
[2026-04-03T02:44:30.051+0600][74.841s][info][gc,ergo     ] GC(57) Pacer for Evacuation. Used CSet: 190M, Free: 1324M, Non-Taxable: 132M, Alloc Tax Rate: 1.1x
[2026-04-03T02:44:30.051+0600][74.841s][info][gc          ] GC(57) Pause Final Mark (unload classes) 0.711ms
[2026-04-03T02:44:30.052+0600][74.841s][info][gc,start    ] GC(57) Concurrent thread roots
[2026-04-03T02:44:30.052+0600][74.841s][info][gc,task     ] GC(57) Using 3 of 6 workers for Concurrent thread roots
[2026-04-03T02:44:30.053+0600][74.842s][info][gc          ] GC(57) Concurrent thread roots 0.977ms
[2026-04-03T02:44:30.053+0600][74.842s][info][gc,start    ] GC(57) Concurrent weak references
[2026-04-03T02:44:30.053+0600][74.842s][info][gc,task     ] GC(57) Using 3 of 6 workers for concurrent weak references
[2026-04-03T02:44:30.053+0600][74.843s][info][gc,ref      ] GC(57) Encountered references: Soft: 3784, Weak: 17024, Final: 84, Phantom: 620
[2026-04-03T02:44:30.053+0600][74.843s][info][gc,ref      ] GC(57) Discovered  references: Soft: 0, Weak: 6208, Final: 0, Phantom: 596
[2026-04-03T02:44:30.053+0600][74.843s][info][gc,ref      ] GC(57) Enqueued    references: Soft: 0, Weak: 2306, Final: 0, Phantom: 0
[2026-04-03T02:44:30.053+0600][74.843s][info][gc          ] GC(57) Concurrent weak references 0.727ms
[2026-04-03T02:44:30.053+0600][74.843s][info][gc,start    ] GC(57) Concurrent weak roots
[2026-04-03T02:44:30.053+0600][74.843s][info][gc,task     ] GC(57) Using 3 of 6 workers for concurrent weak root
[2026-04-03T02:44:30.060+0600][74.849s][info][gc          ] GC(57) Concurrent weak roots 6.114ms
[2026-04-03T02:44:30.060+0600][74.849s][info][gc,start    ] GC(57) Concurrent cleanup
[2026-04-03T02:44:30.061+0600][74.850s][info][gc          ] GC(57) Concurrent cleanup 1249M->332M(1460M) 0.928ms
[2026-04-03T02:44:30.061+0600][74.850s][info][gc,ergo     ] GC(57) Free: 1322M, Max: 512K regular, 210M humongous, Frag: 85% external, 0% internal; Reserve: 89307K, Max: 512K
[2026-04-03T02:44:30.061+0600][74.850s][info][gc,start    ] GC(57) Concurrent class unloading
[2026-04-03T02:44:30.061+0600][74.850s][info][gc,task     ] GC(57) Using 3 of 6 workers for concurrent class unloading
[2026-04-03T02:44:30.082+0600][74.871s][info][gc          ] GC(57) Concurrent class unloading 21.330ms
[2026-04-03T02:44:30.082+0600][74.872s][info][gc,start    ] GC(57) Concurrent strong roots
[2026-04-03T02:44:30.082+0600][74.872s][info][gc,task     ] GC(57) Using 3 of 6 workers for concurrent strong root
[2026-04-03T02:44:30.084+0600][74.873s][info][gc          ] GC(57) Concurrent strong roots 1.407ms
[2026-04-03T02:44:30.084+0600][74.873s][info][gc,start    ] GC(57) Concurrent evacuation
[2026-04-03T02:44:30.084+0600][74.873s][info][gc,task     ] GC(57) Using 3 of 6 workers for concurrent evacuation
[2026-04-03T02:44:30.088+0600][74.877s][info][gc          ] GC(57) Concurrent evacuation 3.924ms
[2026-04-03T02:44:30.088+0600][74.878s][info][gc,start    ] GC(57) Pause Init Update Refs
[2026-04-03T02:44:30.088+0600][74.878s][info][gc,ergo     ] GC(57) Pacer for Update Refs. Used: 349M, Free: 1311M, Non-Taxable: 131M, Alloc Tax Rate: 1.1x
[2026-04-03T02:44:30.088+0600][74.878s][info][gc          ] GC(57) Pause Init Update Refs 0.150ms
[2026-04-03T02:44:30.089+0600][74.878s][info][gc,start    ] GC(57) Concurrent update references
[2026-04-03T02:44:30.089+0600][74.878s][info][gc,task     ] GC(57) Using 3 of 6 workers for concurrent reference update
[2026-04-03T02:44:30.142+0600][74.932s][info][gc          ] GC(57) Concurrent update references 53.669ms
[2026-04-03T02:44:30.142+0600][74.932s][info][gc,start    ] GC(57) Concurrent update thread roots
[2026-04-03T02:44:30.144+0600][74.934s][info][gc          ] GC(57) Concurrent update thread roots 1.818ms
[2026-04-03T02:44:30.144+0600][74.934s][info][gc,start    ] GC(57) Pause Final Update Refs
[2026-04-03T02:44:30.144+0600][74.934s][info][gc,task     ] GC(57) Using 6 of 6 workers for final reference update
[2026-04-03T02:44:30.145+0600][74.934s][info][gc          ] GC(57) Pause Final Update Refs 0.239ms
[2026-04-03T02:44:30.145+0600][74.934s][info][gc,start    ] GC(57) Concurrent cleanup
[2026-04-03T02:44:30.146+0600][74.935s][info][gc          ] GC(57) Concurrent cleanup 631M->440M(1461M) 0.822ms
[2026-04-03T02:44:30.146+0600][74.935s][info][gc,ergo     ] Free: 1179M, Max: 512K regular, 499M humongous, Frag: 58% external, 0% internal; Reserve: 89600K, Max: 512K
[2026-04-03T02:44:30.146+0600][74.935s][info][gc,stats    ] 
[2026-04-03T02:44:30.146+0600][74.935s][info][gc,stats    ] All times are wall-clock times, except per-root-class counters, that are sum over
[2026-04-03T02:44:30.146+0600][74.935s][info][gc,stats    ] all workers. Dividing the <total> over the root stage time estimates parallelism.
[2026-04-03T02:44:30.146+0600][74.935s][info][gc,stats    ] 
[2026-04-03T02:44:30.146+0600][74.935s][info][gc,stats    ] Concurrent Reset                   6246 us
[2026-04-03T02:44:30.146+0600][74.935s][info][gc,stats    ] Pause Init Mark (G)                 689 us
[2026-04-03T02:44:30.146+0600][74.935s][info][gc,stats    ] Pause Init Mark (N)                 224 us
[2026-04-03T02:44:30.146+0600][74.935s][info][gc,stats    ]   Update Region States               53 us
[2026-04-03T02:44:30.146+0600][74.935s][info][gc,stats    ] Concurrent Mark Roots              1839 us, parallelism: 1.84x
[2026-04-03T02:44:30.146+0600][74.935s][info][gc,stats    ]   CMR: <total>                     3383 us
[2026-04-03T02:44:30.146+0600][74.935s][info][gc,stats    ]   CMR: Thread Roots                2966 us, workers (us): 1105, 769, 1092, ---, ---, ---, 
[2026-04-03T02:44:30.146+0600][74.935s][info][gc,stats    ]   CMR: VM Strong Roots               61 us, workers (us):  52,   8,   1, ---, ---, ---, 
[2026-04-03T02:44:30.146+0600][74.935s][info][gc,stats    ]   CMR: CLDG Roots                   356 us, workers (us): ---, 356, ---, ---, ---, ---, 
[2026-04-03T02:44:30.146+0600][74.935s][info][gc,stats    ] Concurrent Marking                61754 us
[2026-04-03T02:44:30.146+0600][74.936s][info][gc,stats    ] Pause Final Mark (G)               1061 us
[2026-04-03T02:44:30.146+0600][74.936s][info][gc,stats    ] Pause Final Mark (N)                723 us
[2026-04-03T02:44:30.146+0600][74.936s][info][gc,stats    ]   Finish Mark                       279 us
[2026-04-03T02:44:30.146+0600][74.936s][info][gc,stats    ]   Update Region States               50 us
[2026-04-03T02:44:30.146+0600][74.936s][info][gc,stats    ]   Choose Collection Set             218 us
[2026-04-03T02:44:30.146+0600][74.936s][info][gc,stats    ]   Rebuild Free Set                   44 us
[2026-04-03T02:44:30.146+0600][74.936s][info][gc,stats    ] Concurrent Thread Roots            1086 us, parallelism: 1.88x
[2026-04-03T02:44:30.146+0600][74.936s][info][gc,stats    ]   CTR: <total>                     2045 us
[2026-04-03T02:44:30.146+0600][74.936s][info][gc,stats    ]   CTR: Thread Roots                2045 us, workers (us): 728, 703, 614, ---, ---, ---, 
[2026-04-03T02:44:30.146+0600][74.936s][info][gc,stats    ] Concurrent Weak References          743 us, parallelism: 1.34x
[2026-04-03T02:44:30.146+0600][74.936s][info][gc,stats    ]   CWRF: <total>                     996 us
[2026-04-03T02:44:30.146+0600][74.936s][info][gc,stats    ]   CWRF: Weak References             996 us, workers (us): 316, 456, 224, ---, ---, ---, 
[2026-04-03T02:44:30.146+0600][74.936s][info][gc,stats    ] Concurrent Weak Roots              6199 us
[2026-04-03T02:44:30.146+0600][74.936s][info][gc,stats    ]   Roots                            5614 us, parallelism: 2.72x
[2026-04-03T02:44:30.146+0600][74.936s][info][gc,stats    ]     CWR: <total>                  15282 us
[2026-04-03T02:44:30.146+0600][74.936s][info][gc,stats    ]     CWR: Code Cache Roots         12569 us, workers (us): 3954, 4380, 4235, ---, ---, ---, 
[2026-04-03T02:44:30.146+0600][74.936s][info][gc,stats    ]     CWR: VM Weak Roots             2450 us, workers (us): 832, 818, 800, ---, ---, ---, 
[2026-04-03T02:44:30.146+0600][74.936s][info][gc,stats    ]     CWR: CLDG Roots                 263 us, workers (us): 263, ---, ---, ---, ---, ---, 
[2026-04-03T02:44:30.146+0600][74.936s][info][gc,stats    ]   Rendezvous                        472 us
[2026-04-03T02:44:30.146+0600][74.936s][info][gc,stats    ] Concurrent Cleanup                  972 us
[2026-04-03T02:44:30.146+0600][74.936s][info][gc,stats    ] Concurrent Class Unloading        21453 us
[2026-04-03T02:44:30.146+0600][74.936s][info][gc,stats    ]   Unlink Stale                    18203 us
[2026-04-03T02:44:30.146+0600][74.936s][info][gc,stats    ]     System Dictionary               336 us
[2026-04-03T02:44:30.146+0600][74.936s][info][gc,stats    ]     Weak Class Links                  0 us
[2026-04-03T02:44:30.146+0600][74.936s][info][gc,stats    ]     Code Roots                    17862 us
[2026-04-03T02:44:30.146+0600][74.936s][info][gc,stats    ]   Rendezvous                        340 us
[2026-04-03T02:44:30.146+0600][74.936s][info][gc,stats    ]   Purge Unlinked                   2738 us
[2026-04-03T02:44:30.146+0600][74.936s][info][gc,stats    ]     Code Roots                     2724 us
[2026-04-03T02:44:30.146+0600][74.936s][info][gc,stats    ]     CLDG                             13 us
[2026-04-03T02:44:30.146+0600][74.936s][info][gc,stats    ]     Exception Caches                  0 us
[2026-04-03T02:44:30.146+0600][74.936s][info][gc,stats    ] Concurrent Strong Roots            1535 us, parallelism: 0.61x
[2026-04-03T02:44:30.147+0600][74.936s][info][gc,stats    ]   CSR: <total>                      939 us
[2026-04-03T02:44:30.147+0600][74.936s][info][gc,stats    ]   CSR: VM Strong Roots               97 us, workers (us):  53,  44,   0, ---, ---, ---, 
[2026-04-03T02:44:30.147+0600][74.936s][info][gc,stats    ]   CSR: CLDG Roots                   842 us, workers (us): 842, ---, ---, ---, ---, ---, 
[2026-04-03T02:44:30.147+0600][74.936s][info][gc,stats    ] Concurrent Evacuation              4061 us
[2026-04-03T02:44:30.147+0600][74.936s][info][gc,stats    ] Pause Init Update Refs (G)          689 us
[2026-04-03T02:44:30.147+0600][74.936s][info][gc,stats    ] Pause Init Update Refs (N)          167 us
[2026-04-03T02:44:30.147+0600][74.936s][info][gc,stats    ]   Manage GCLABs                      49 us
[2026-04-03T02:44:30.147+0600][74.936s][info][gc,stats    ] Concurrent Update Refs            53808 us
[2026-04-03T02:44:30.147+0600][74.936s][info][gc,stats    ] Concurrent Update Thread Roots     1912 us
[2026-04-03T02:44:30.147+0600][74.936s][info][gc,stats    ] Pause Final Update Refs (G)         598 us
[2026-04-03T02:44:30.147+0600][74.936s][info][gc,stats    ] Pause Final Update Refs (N)         296 us
[2026-04-03T02:44:30.147+0600][74.936s][info][gc,stats    ]   Update Region States               74 us
[2026-04-03T02:44:30.147+0600][74.936s][info][gc,stats    ]   Trash Collection Set               22 us
[2026-04-03T02:44:30.147+0600][74.936s][info][gc,stats    ]   Rebuild Free Set                   64 us
[2026-04-03T02:44:30.147+0600][74.936s][info][gc,stats    ] Concurrent Cleanup                  882 us
[2026-04-03T02:44:30.147+0600][74.936s][info][gc,stats    ] Pacing                            10177 us
[2026-04-03T02:44:30.147+0600][74.936s][info][gc,stats    ] 
[2026-04-03T02:44:30.147+0600][74.936s][info][gc,stats    ] Allocation pacing accrued:
[2026-04-03T02:44:30.147+0600][74.936s][info][gc,stats    ]      10 of   996 ms (  1.0%): main
[2026-04-03T02:44:30.147+0600][74.936s][info][gc,stats    ]      10 of   996 ms (  1.0%): <total>
[2026-04-03T02:44:30.147+0600][74.936s][info][gc,stats    ]       0 of   996 ms (  0.0%): <average total>
[2026-04-03T02:44:30.147+0600][74.936s][info][gc,stats    ]      10 of   996 ms (  1.0%): <average non-zero>
[2026-04-03T02:44:30.147+0600][74.936s][info][gc,stats    ] 
[2026-04-03T02:44:30.147+0600][74.936s][info][gc,metaspace] Metaspace: 131451K(132800K)->131453K(132800K) NonClass: 114965K(115648K)->114967K(115648K) Class: 16486K(17152K)->16486K(17152K)
[2026-04-03T02:44:30.147+0600][74.936s][info][gc,ergo     ] Pacer for Idle. Initial: 35840K, Alloc Tax Rate: 1.0x
[2026-04-03T02:44:30.954+0600][75.743s][info][gc          ] Trigger: Average GC time (200.46 ms) is above the time for average allocation rate (1298 MB/s) to deplete free headroom (259M) (margin of error = 1.87)
[2026-04-03T02:44:30.954+0600][75.743s][info][gc,ergo     ] Free headroom: 347M (free) - 89600K (spike) - 0B (penalties) = 259M
[2026-04-03T02:44:30.954+0600][75.743s][info][gc,ergo     ] Free: 346M, Max: 512K regular, 344M humongous, Frag: 0% external, 0% internal; Reserve: 89600K, Max: 512K
[2026-04-03T02:44:30.954+0600][75.743s][info][gc,start    ] GC(58) Concurrent reset
[2026-04-03T02:44:30.954+0600][75.743s][info][gc,task     ] GC(58) Using 3 of 6 workers for concurrent reset
[2026-04-03T02:44:30.954+0600][75.743s][info][gc,ergo     ] GC(58) Pacer for Reset. Non-Taxable: 1750M
[2026-04-03T02:44:30.957+0600][75.746s][info][gc          ] GC(58) Concurrent reset 3.058ms
[2026-04-03T02:44:30.957+0600][75.747s][info][gc,start    ] GC(58) Pause Init Mark (unload classes)
[2026-04-03T02:44:30.957+0600][75.747s][info][gc,task     ] GC(58) Using 6 of 6 workers for init marking
[2026-04-03T02:44:30.957+0600][75.747s][info][gc,ergo     ] GC(58) Pacer for Mark. Expected Live: 96942K, Free: 343M, Non-Taxable: 35171K, Alloc Tax Rate: 0.3x
[2026-04-03T02:44:30.957+0600][75.747s][info][gc          ] GC(58) Pause Init Mark (unload classes) 0.112ms
[2026-04-03T02:44:30.957+0600][75.747s][info][gc,start    ] GC(58) Concurrent marking roots
[2026-04-03T02:44:30.958+0600][75.747s][info][gc,task     ] GC(58) Using 3 of 6 workers for concurrent marking roots
[2026-04-03T02:44:30.959+0600][75.748s][info][gc          ] GC(58) Concurrent marking roots 1.530ms
[2026-04-03T02:44:30.959+0600][75.748s][info][gc,start    ] GC(58) Concurrent marking (unload classes)
[2026-04-03T02:44:30.959+0600][75.748s][info][gc,task     ] GC(58) Using 3 of 6 workers for concurrent marking
[2026-04-03T02:44:31.025+0600][75.814s][info][gc          ] GC(58) Concurrent marking (unload classes) 65.552ms
[2026-04-03T02:44:31.025+0600][75.814s][info][gc,start    ] GC(58) Pause Final Mark (unload classes)
[2026-04-03T02:44:31.025+0600][75.814s][info][gc,task     ] GC(58) Using 6 of 6 workers for final marking
[2026-04-03T02:44:31.025+0600][75.815s][info][gc,ergo     ] GC(58) Adaptive CSet Selection. Target Free: 247M, Actual Free: 1239M, Max CSet: 74666K, Min Garbage: 0B
[2026-04-03T02:44:31.025+0600][75.815s][info][gc,ergo     ] GC(58) Collectable Garbage: 1102M (99%), Immediate: 859M (77%), CSet: 243M (21%)
[2026-04-03T02:44:31.026+0600][75.815s][info][gc,ergo     ] GC(58) Pacer for Evacuation. Used CSet: 249M, Free: 1268M, Non-Taxable: 126M, Alloc Tax Rate: 1.1x
[2026-04-03T02:44:31.026+0600][75.815s][info][gc          ] GC(58) Pause Final Mark (unload classes) 0.802ms
[2026-04-03T02:44:31.026+0600][75.815s][info][gc,start    ] GC(58) Concurrent thread roots
[2026-04-03T02:44:31.026+0600][75.815s][info][gc,task     ] GC(58) Using 3 of 6 workers for Concurrent thread roots
[2026-04-03T02:44:31.027+0600][75.817s][info][gc          ] GC(58) Concurrent thread roots 1.473ms
[2026-04-03T02:44:31.027+0600][75.817s][info][gc,start    ] GC(58) Concurrent weak references
[2026-04-03T02:44:31.027+0600][75.817s][info][gc,task     ] GC(58) Using 3 of 6 workers for concurrent weak references
[2026-04-03T02:44:31.028+0600][75.817s][info][gc,ref      ] GC(58) Encountered references: Soft: 3784, Weak: 16088, Final: 84, Phantom: 620
[2026-04-03T02:44:31.028+0600][75.817s][info][gc,ref      ] GC(58) Discovered  references: Soft: 0, Weak: 8613, Final: 52, Phantom: 616
[2026-04-03T02:44:31.028+0600][75.817s][info][gc,ref      ] GC(58) Enqueued    references: Soft: 0, Weak: 634, Final: 0, Phantom: 0
[2026-04-03T02:44:31.028+0600][75.817s][info][gc          ] GC(58) Concurrent weak references 0.878ms
[2026-04-03T02:44:31.028+0600][75.817s][info][gc,start    ] GC(58) Concurrent weak roots
[2026-04-03T02:44:31.028+0600][75.817s][info][gc,task     ] GC(58) Using 3 of 6 workers for concurrent weak root
[2026-04-03T02:44:31.035+0600][75.824s][info][gc          ] GC(58) Concurrent weak roots 6.880ms
[2026-04-03T02:44:31.035+0600][75.824s][info][gc,start    ] GC(58) Concurrent cleanup
[2026-04-03T02:44:31.036+0600][75.825s][info][gc          ] GC(58) Concurrent cleanup 1253M->394M(1461M) 0.929ms
[2026-04-03T02:44:31.036+0600][75.826s][info][gc,ergo     ] GC(58) Free: 1261M, Max: 512K regular, 286M humongous, Frag: 78% external, 0% internal; Reserve: 89209K, Max: 512K
[2026-04-03T02:44:31.036+0600][75.826s][info][gc,start    ] GC(58) Concurrent class unloading
[2026-04-03T02:44:31.036+0600][75.826s][info][gc,task     ] GC(58) Using 3 of 6 workers for concurrent class unloading
[2026-04-03T02:44:31.066+0600][75.855s][info][gc          ] GC(58) Concurrent class unloading 29.692ms
[2026-04-03T02:44:31.066+0600][75.855s][info][gc,start    ] GC(58) Concurrent strong roots
[2026-04-03T02:44:31.066+0600][75.855s][info][gc,task     ] GC(58) Using 3 of 6 workers for concurrent strong root
[2026-04-03T02:44:31.067+0600][75.857s][info][gc          ] GC(58) Concurrent strong roots 1.371ms
[2026-04-03T02:44:31.067+0600][75.857s][info][gc,start    ] GC(58) Concurrent evacuation
[2026-04-03T02:44:31.068+0600][75.857s][info][gc,task     ] GC(58) Using 3 of 6 workers for concurrent evacuation
[2026-04-03T02:44:31.071+0600][75.861s][info][gc          ] GC(58) Concurrent evacuation 3.959ms
[2026-04-03T02:44:31.072+0600][75.861s][info][gc,start    ] GC(58) Pause Init Update Refs
[2026-04-03T02:44:31.072+0600][75.861s][info][gc,ergo     ] GC(58) Pacer for Update Refs. Used: 431M, Free: 1228M, Non-Taxable: 122M, Alloc Tax Rate: 1.1x
[2026-04-03T02:44:31.072+0600][75.861s][info][gc          ] GC(58) Pause Init Update Refs 0.162ms
[2026-04-03T02:44:31.072+0600][75.862s][info][gc,start    ] GC(58) Concurrent update references
[2026-04-03T02:44:31.072+0600][75.862s][info][gc,task     ] GC(58) Using 3 of 6 workers for concurrent reference update
[2026-04-03T02:44:31.121+0600][75.910s][info][gc          ] GC(58) Concurrent update references 48.881ms
[2026-04-03T02:44:31.121+0600][75.911s][info][gc,start    ] GC(58) Concurrent update thread roots
[2026-04-03T02:44:31.123+0600][75.913s][info][gc          ] GC(58) Concurrent update thread roots 2.062ms
[2026-04-03T02:44:31.123+0600][75.913s][info][gc,start    ] GC(58) Pause Final Update Refs
[2026-04-03T02:44:31.124+0600][75.913s][info][gc,task     ] GC(58) Using 6 of 6 workers for final reference update
[2026-04-03T02:44:31.124+0600][75.913s][info][gc          ] GC(58) Pause Final Update Refs 0.271ms
[2026-04-03T02:44:31.124+0600][75.913s][info][gc,start    ] GC(58) Concurrent cleanup
[2026-04-03T02:44:31.125+0600][75.914s][info][gc          ] GC(58) Concurrent cleanup 466M->216M(1461M) 0.736ms
[2026-04-03T02:44:31.125+0600][75.914s][info][gc,ergo     ] Free: 1430M, Max: 512K regular, 952M humongous, Frag: 34% external, 0% internal; Reserve: 89600K, Max: 512K
[2026-04-03T02:44:31.125+0600][75.914s][info][gc,stats    ] 
[2026-04-03T02:44:31.125+0600][75.914s][info][gc,stats    ] All times are wall-clock times, except per-root-class counters, that are sum over
[2026-04-03T02:44:31.125+0600][75.914s][info][gc,stats    ] all workers. Dividing the <total> over the root stage time estimates parallelism.
[2026-04-03T02:44:31.125+0600][75.914s][info][gc,stats    ] 
[2026-04-03T02:44:31.125+0600][75.914s][info][gc,stats    ] Concurrent Reset                   3128 us
[2026-04-03T02:44:31.125+0600][75.914s][info][gc,stats    ] Pause Init Mark (G)                 355 us
[2026-04-03T02:44:31.125+0600][75.914s][info][gc,stats    ] Pause Init Mark (N)                 121 us
[2026-04-03T02:44:31.125+0600][75.914s][info][gc,stats    ]   Update Region States               33 us
[2026-04-03T02:44:31.125+0600][75.914s][info][gc,stats    ] Concurrent Mark Roots              1581 us, parallelism: 1.95x
[2026-04-03T02:44:31.125+0600][75.914s][info][gc,stats    ]   CMR: <total>                     3076 us
[2026-04-03T02:44:31.125+0600][75.914s][info][gc,stats    ]   CMR: Thread Roots                2687 us, workers (us): 1013, 1000, 674, ---, ---, ---, 
[2026-04-03T02:44:31.125+0600][75.914s][info][gc,stats    ]   CMR: VM Strong Roots               58 us, workers (us):  45,  12,   1, ---, ---, ---, 
[2026-04-03T02:44:31.125+0600][75.914s][info][gc,stats    ]   CMR: CLDG Roots                   332 us, workers (us): ---, ---, 332, ---, ---, ---, 
[2026-04-03T02:44:31.125+0600][75.914s][info][gc,stats    ] Concurrent Marking                65633 us
[2026-04-03T02:44:31.125+0600][75.914s][info][gc,stats    ] Pause Final Mark (G)               1043 us
[2026-04-03T02:44:31.125+0600][75.914s][info][gc,stats    ] Pause Final Mark (N)                818 us
[2026-04-03T02:44:31.125+0600][75.914s][info][gc,stats    ]   Finish Mark                       267 us
[2026-04-03T02:44:31.125+0600][75.914s][info][gc,stats    ]   Update Region States               52 us
[2026-04-03T02:44:31.125+0600][75.914s][info][gc,stats    ]   Choose Collection Set             300 us
[2026-04-03T02:44:31.125+0600][75.914s][info][gc,stats    ]   Rebuild Free Set                   53 us
[2026-04-03T02:44:31.125+0600][75.914s][info][gc,stats    ] Concurrent Thread Roots            1501 us, parallelism: 2.53x
[2026-04-03T02:44:31.125+0600][75.914s][info][gc,stats    ]   CTR: <total>                     3796 us
[2026-04-03T02:44:31.125+0600][75.914s][info][gc,stats    ]   CTR: Thread Roots                3796 us, workers (us): 1285, 1262, 1249, ---, ---, ---, 
[2026-04-03T02:44:31.125+0600][75.914s][info][gc,stats    ] Concurrent Weak References          891 us, parallelism: 1.44x
[2026-04-03T02:44:31.125+0600][75.914s][info][gc,stats    ]   CWRF: <total>                    1281 us
[2026-04-03T02:44:31.125+0600][75.914s][info][gc,stats    ]   CWRF: Weak References            1281 us, workers (us): 668, 154, 459, ---, ---, ---, 
[2026-04-03T02:44:31.125+0600][75.914s][info][gc,stats    ] Concurrent Weak Roots              6997 us
[2026-04-03T02:44:31.125+0600][75.914s][info][gc,stats    ]   Roots                            6367 us, parallelism: 2.47x
[2026-04-03T02:44:31.125+0600][75.914s][info][gc,stats    ]     CWR: <total>                  15726 us
[2026-04-03T02:44:31.125+0600][75.914s][info][gc,stats    ]     CWR: Code Cache Roots         12894 us, workers (us): 4521, 4693, 3680, ---, ---, ---, 
[2026-04-03T02:44:31.125+0600][75.914s][info][gc,stats    ]     CWR: VM Weak Roots             2559 us, workers (us): 1287, 1270,   3, ---, ---, ---, 
[2026-04-03T02:44:31.125+0600][75.914s][info][gc,stats    ]     CWR: CLDG Roots                 273 us, workers (us): 273, ---, ---, ---, ---, ---, 
[2026-04-03T02:44:31.125+0600][75.914s][info][gc,stats    ]   Rendezvous                        476 us
[2026-04-03T02:44:31.125+0600][75.914s][info][gc,stats    ] Concurrent Cleanup                  996 us
[2026-04-03T02:44:31.125+0600][75.914s][info][gc,stats    ] Concurrent Class Unloading        29816 us
[2026-04-03T02:44:31.125+0600][75.914s][info][gc,stats    ]   Unlink Stale                    21766 us
[2026-04-03T02:44:31.125+0600][75.914s][info][gc,stats    ]     System Dictionary               345 us
[2026-04-03T02:44:31.125+0600][75.914s][info][gc,stats    ]     Weak Class Links                  1 us
[2026-04-03T02:44:31.125+0600][75.914s][info][gc,stats    ]     Code Roots                    21415 us
[2026-04-03T02:44:31.125+0600][75.914s][info][gc,stats    ]   Rendezvous                        488 us
[2026-04-03T02:44:31.125+0600][75.914s][info][gc,stats    ]   Purge Unlinked                   7384 us
[2026-04-03T02:44:31.125+0600][75.914s][info][gc,stats    ]     Code Roots                     7353 us
[2026-04-03T02:44:31.125+0600][75.914s][info][gc,stats    ]     CLDG                             29 us
[2026-04-03T02:44:31.125+0600][75.915s][info][gc,stats    ]     Exception Caches                  1 us
[2026-04-03T02:44:31.125+0600][75.915s][info][gc,stats    ] Concurrent Strong Roots            1415 us, parallelism: 0.62x
[2026-04-03T02:44:31.125+0600][75.915s][info][gc,stats    ]   CSR: <total>                      879 us
[2026-04-03T02:44:31.125+0600][75.915s][info][gc,stats    ]   CSR: VM Strong Roots               65 us, workers (us):  36,  24,   5, ---, ---, ---, 
[2026-04-03T02:44:31.125+0600][75.915s][info][gc,stats    ]   CSR: CLDG Roots                   814 us, workers (us): ---, 814, ---, ---, ---, ---, 
[2026-04-03T02:44:31.125+0600][75.915s][info][gc,stats    ] Concurrent Evacuation              4049 us
[2026-04-03T02:44:31.125+0600][75.915s][info][gc,stats    ] Pause Init Update Refs (G)          602 us
[2026-04-03T02:44:31.125+0600][75.915s][info][gc,stats    ] Pause Init Update Refs (N)          175 us
[2026-04-03T02:44:31.125+0600][75.915s][info][gc,stats    ]   Manage GCLABs                      64 us
[2026-04-03T02:44:31.125+0600][75.915s][info][gc,stats    ] Concurrent Update Refs            48996 us
[2026-04-03T02:44:31.125+0600][75.915s][info][gc,stats    ] Concurrent Update Thread Roots     2148 us
[2026-04-03T02:44:31.125+0600][75.915s][info][gc,stats    ] Pause Final Update Refs (G)         672 us
[2026-04-03T02:44:31.125+0600][75.915s][info][gc,stats    ] Pause Final Update Refs (N)         295 us
[2026-04-03T02:44:31.125+0600][75.915s][info][gc,stats    ]   Update Region States               72 us
[2026-04-03T02:44:31.125+0600][75.915s][info][gc,stats    ]   Trash Collection Set               26 us
[2026-04-03T02:44:31.125+0600][75.915s][info][gc,stats    ]   Rebuild Free Set                   82 us
[2026-04-03T02:44:31.125+0600][75.915s][info][gc,stats    ] Concurrent Cleanup                  755 us
[2026-04-03T02:44:31.125+0600][75.915s][info][gc,stats    ] Pacing                            57875 us
[2026-04-03T02:44:31.125+0600][75.915s][info][gc,stats    ] 
[2026-04-03T02:44:31.125+0600][75.915s][info][gc,stats    ] Allocation pacing accrued:
[2026-04-03T02:44:31.125+0600][75.915s][info][gc,stats    ]       6 of   979 ms (  0.6%): Executor task launch worker for task 5.0 in stage 3372.0 (TID 6260)
[2026-04-03T02:44:31.125+0600][75.915s][info][gc,stats    ]       8 of   979 ms (  0.8%): Executor task launch worker for task 0.0 in stage 3372.0 (TID 6255)
[2026-04-03T02:44:31.125+0600][75.915s][info][gc,stats    ]       9 of   979 ms (  0.9%): Executor task launch worker for task 1.0 in stage 3372.0 (TID 6256)
[2026-04-03T02:44:31.125+0600][75.915s][info][gc,stats    ]       7 of   979 ms (  0.7%): Executor task launch worker for task 6.0 in stage 3372.0 (TID 6261)
[2026-04-03T02:44:31.125+0600][75.915s][info][gc,stats    ]       5 of   979 ms (  0.5%): Executor task launch worker for task 3.0 in stage 3372.0 (TID 6258)
[2026-04-03T02:44:31.125+0600][75.915s][info][gc,stats    ]       7 of   979 ms (  0.7%): Executor task launch worker for task 4.0 in stage 3372.0 (TID 6259)
[2026-04-03T02:44:31.125+0600][75.915s][info][gc,stats    ]       8 of   979 ms (  0.8%): Executor task launch worker for task 7.0 in stage 3372.0 (TID 6262)
[2026-04-03T02:44:31.125+0600][75.915s][info][gc,stats    ]       7 of   979 ms (  0.7%): Executor task launch worker for task 2.0 in stage 3372.0 (TID 6257)
[2026-04-03T02:44:31.125+0600][75.915s][info][gc,stats    ]      58 of   979 ms (  5.9%): <total>
[2026-04-03T02:44:31.125+0600][75.915s][info][gc,stats    ]       0 of   979 ms (  0.0%): <average total>
[2026-04-03T02:44:31.125+0600][75.915s][info][gc,stats    ]       7 of   979 ms (  0.7%): <average non-zero>
[2026-04-03T02:44:31.125+0600][75.915s][info][gc,stats    ] 
[2026-04-03T02:44:31.125+0600][75.915s][info][gc,metaspace] Metaspace: 131486K(132800K)->131486K(132800K) NonClass: 114996K(115648K)->114996K(115648K) Class: 16489K(17152K)->16489K(17152K)
[2026-04-03T02:44:31.125+0600][75.915s][info][gc,ergo     ] Pacer for Idle. Initial: 35840K, Alloc Tax Rate: 1.0x
[2026-04-03T02:44:32.210+0600][77.000s][info][gc          ] Trigger: Average GC time (192.36 ms) is above the time for average allocation rate (1196 MB/s) to deplete free headroom (228M) (margin of error = 1.87)
[2026-04-03T02:44:32.211+0600][77.000s][info][gc,ergo     ] Free headroom: 316M (free) - 89600K (spike) - 0B (penalties) = 228M
[2026-04-03T02:44:32.211+0600][77.000s][info][gc,ergo     ] Free: 315M, Max: 512K regular, 286M humongous, Frag: 9% external, 0% internal; Reserve: 89600K, Max: 512K
[2026-04-03T02:44:32.211+0600][77.000s][info][gc,start    ] GC(59) Concurrent reset
[2026-04-03T02:44:32.211+0600][77.000s][info][gc,task     ] GC(59) Using 3 of 6 workers for concurrent reset
[2026-04-03T02:44:32.211+0600][77.000s][info][gc,ergo     ] GC(59) Pacer for Reset. Non-Taxable: 1750M
[2026-04-03T02:44:32.215+0600][77.005s][info][gc          ] GC(59) Concurrent reset 4.678ms
[2026-04-03T02:44:32.216+0600][77.005s][info][gc,start    ] GC(59) Pause Init Mark (unload classes)
[2026-04-03T02:44:32.216+0600][77.005s][info][gc,task     ] GC(59) Using 6 of 6 workers for init marking
[2026-04-03T02:44:32.216+0600][77.005s][info][gc,ergo     ] GC(59) Pacer for Mark. Expected Live: 94673K, Free: 312M, Non-Taxable: 31956K, Alloc Tax Rate: 0.4x
[2026-04-03T02:44:32.216+0600][77.005s][info][gc          ] GC(59) Pause Init Mark (unload classes) 0.252ms
[2026-04-03T02:44:32.216+0600][77.005s][info][gc,start    ] GC(59) Concurrent marking roots
[2026-04-03T02:44:32.216+0600][77.005s][info][gc,task     ] GC(59) Using 3 of 6 workers for concurrent marking roots
[2026-04-03T02:44:32.218+0600][77.008s][info][gc          ] GC(59) Concurrent marking roots 2.551ms
[2026-04-03T02:44:32.219+0600][77.008s][info][gc,start    ] GC(59) Concurrent marking (unload classes)
[2026-04-03T02:44:32.219+0600][77.008s][info][gc,task     ] GC(59) Using 3 of 6 workers for concurrent marking
[2026-04-03T02:44:32.295+0600][77.084s][info][gc          ] GC(59) Concurrent marking (unload classes) 75.981ms
[2026-04-03T02:44:32.295+0600][77.084s][info][gc,start    ] GC(59) Pause Final Mark (unload classes)
[2026-04-03T02:44:32.295+0600][77.084s][info][gc,task     ] GC(59) Using 6 of 6 workers for final marking
[2026-04-03T02:44:32.295+0600][77.085s][info][gc,ergo     ] GC(59) Adaptive CSet Selection. Target Free: 247M, Actual Free: 1234M, Max CSet: 74666K, Min Garbage: 0B
[2026-04-03T02:44:32.295+0600][77.085s][info][gc,ergo     ] GC(59) Collectable Garbage: 1131M (99%), Immediate: 889M (78%), CSet: 242M (21%)
[2026-04-03T02:44:32.295+0600][77.085s][info][gc,ergo     ] GC(59) Pacer for Evacuation. Used CSet: 252M, Free: 1263M, Non-Taxable: 126M, Alloc Tax Rate: 1.1x
[2026-04-03T02:44:32.295+0600][77.085s][info][gc          ] GC(59) Pause Final Mark (unload classes) 0.779ms
[2026-04-03T02:44:32.296+0600][77.085s][info][gc,start    ] GC(59) Concurrent thread roots
[2026-04-03T02:44:32.296+0600][77.085s][info][gc,task     ] GC(59) Using 3 of 6 workers for Concurrent thread roots
[2026-04-03T02:44:32.297+0600][77.087s][info][gc          ] GC(59) Concurrent thread roots 1.629ms
[2026-04-03T02:44:32.297+0600][77.087s][info][gc,start    ] GC(59) Concurrent weak references
[2026-04-03T02:44:32.297+0600][77.087s][info][gc,task     ] GC(59) Using 3 of 6 workers for concurrent weak references
[2026-04-03T02:44:32.298+0600][77.088s][info][gc,ref      ] GC(59) Encountered references: Soft: 3792, Weak: 17375, Final: 84, Phantom: 620
[2026-04-03T02:44:32.298+0600][77.088s][info][gc,ref      ] GC(59) Discovered  references: Soft: 0, Weak: 9912, Final: 0, Phantom: 219
[2026-04-03T02:44:32.298+0600][77.088s][info][gc,ref      ] GC(59) Enqueued    references: Soft: 0, Weak: 1639, Final: 0, Phantom: 0
[2026-04-03T02:44:32.298+0600][77.088s][info][gc          ] GC(59) Concurrent weak references 1.006ms
[2026-04-03T02:44:32.298+0600][77.088s][info][gc,start    ] GC(59) Concurrent weak roots
[2026-04-03T02:44:32.298+0600][77.088s][info][gc,task     ] GC(59) Using 3 of 6 workers for concurrent weak root
[2026-04-03T02:44:32.308+0600][77.098s][info][gc          ] GC(59) Concurrent weak roots 10.134ms
[2026-04-03T02:44:32.309+0600][77.098s][info][gc,start    ] GC(59) Concurrent cleanup
[2026-04-03T02:44:32.310+0600][77.099s][info][gc          ] GC(59) Concurrent cleanup 1291M->402M(1461M) 1.448ms
[2026-04-03T02:44:32.310+0600][77.099s][info][gc,ergo     ] GC(59) Free: 1253M, Max: 512K regular, 248M humongous, Frag: 81% external, 0% internal; Reserve: 88880K, Max: 512K
[2026-04-03T02:44:32.310+0600][77.099s][info][gc,start    ] GC(59) Concurrent class unloading
[2026-04-03T02:44:32.310+0600][77.099s][info][gc,task     ] GC(59) Using 3 of 6 workers for concurrent class unloading
[2026-04-03T02:44:32.335+0600][77.124s][info][gc          ] GC(59) Concurrent class unloading 24.658ms
[2026-04-03T02:44:32.335+0600][77.124s][info][gc,start    ] GC(59) Concurrent strong roots
[2026-04-03T02:44:32.335+0600][77.124s][info][gc,task     ] GC(59) Using 3 of 6 workers for concurrent strong root
[2026-04-03T02:44:32.336+0600][77.126s][info][gc          ] GC(59) Concurrent strong roots 1.349ms
[2026-04-03T02:44:32.336+0600][77.126s][info][gc,start    ] GC(59) Concurrent evacuation
[2026-04-03T02:44:32.336+0600][77.126s][info][gc,task     ] GC(59) Using 3 of 6 workers for concurrent evacuation
[2026-04-03T02:44:32.342+0600][77.132s][info][gc          ] GC(59) Concurrent evacuation 5.960ms
[2026-04-03T02:44:32.343+0600][77.132s][info][gc,start    ] GC(59) Pause Init Update Refs
[2026-04-03T02:44:32.343+0600][77.132s][info][gc,ergo     ] GC(59) Pacer for Update Refs. Used: 430M, Free: 1232M, Non-Taxable: 123M, Alloc Tax Rate: 1.1x
[2026-04-03T02:44:32.343+0600][77.132s][info][gc          ] GC(59) Pause Init Update Refs 0.155ms
[2026-04-03T02:44:32.343+0600][77.132s][info][gc,start    ] GC(59) Concurrent update references
[2026-04-03T02:44:32.343+0600][77.132s][info][gc,task     ] GC(59) Using 3 of 6 workers for concurrent reference update
[2026-04-03T02:44:32.399+0600][77.188s][info][gc          ] GC(59) Concurrent update references 56.231ms
[2026-04-03T02:44:32.399+0600][77.189s][info][gc,start    ] GC(59) Concurrent update thread roots
[2026-04-03T02:44:32.401+0600][77.190s][info][gc          ] GC(59) Concurrent update thread roots 1.713ms
[2026-04-03T02:44:32.401+0600][77.191s][info][gc,start    ] GC(59) Pause Final Update Refs
[2026-04-03T02:44:32.401+0600][77.191s][info][gc,task     ] GC(59) Using 6 of 6 workers for final reference update
[2026-04-03T02:44:32.401+0600][77.191s][info][gc          ] GC(59) Pause Final Update Refs 0.279ms
[2026-04-03T02:44:32.402+0600][77.191s][info][gc,start    ] GC(59) Concurrent cleanup
[2026-04-03T02:44:32.402+0600][77.191s][info][gc          ] GC(59) Concurrent cleanup 469M->217M(1464M) 0.380ms
[2026-04-03T02:44:32.402+0600][77.191s][info][gc,ergo     ] Free: 1429M, Max: 512K regular, 928M humongous, Frag: 35% external, 0% internal; Reserve: 89600K, Max: 512K
[2026-04-03T02:44:32.402+0600][77.191s][info][gc,stats    ] 
[2026-04-03T02:44:32.402+0600][77.191s][info][gc,stats    ] All times are wall-clock times, except per-root-class counters, that are sum over
[2026-04-03T02:44:32.402+0600][77.191s][info][gc,stats    ] all workers. Dividing the <total> over the root stage time estimates parallelism.
[2026-04-03T02:44:32.402+0600][77.191s][info][gc,stats    ] 
[2026-04-03T02:44:32.402+0600][77.191s][info][gc,stats    ] Concurrent Reset                   4792 us
[2026-04-03T02:44:32.402+0600][77.192s][info][gc,stats    ] Pause Init Mark (G)                 479 us
[2026-04-03T02:44:32.402+0600][77.192s][info][gc,stats    ] Pause Init Mark (N)                 262 us
[2026-04-03T02:44:32.402+0600][77.192s][info][gc,stats    ]   Update Region States               85 us
[2026-04-03T02:44:32.402+0600][77.192s][info][gc,stats    ] Concurrent Mark Roots              2628 us, parallelism: 1.82x
[2026-04-03T02:44:32.402+0600][77.192s][info][gc,stats    ]   CMR: <total>                     4793 us
[2026-04-03T02:44:32.402+0600][77.192s][info][gc,stats    ]   CMR: Thread Roots                4239 us, workers (us): 1476, 1389, 1374, ---, ---, ---, 
[2026-04-03T02:44:32.402+0600][77.192s][info][gc,stats    ]   CMR: VM Strong Roots               70 us, workers (us):  35,  34,   1, ---, ---, ---, 
[2026-04-03T02:44:32.402+0600][77.192s][info][gc,stats    ]   CMR: CLDG Roots                   484 us, workers (us): 484, ---, ---, ---, ---, ---, 
[2026-04-03T02:44:32.402+0600][77.192s][info][gc,stats    ] Concurrent Marking                76085 us
[2026-04-03T02:44:32.402+0600][77.192s][info][gc,stats    ] Pause Final Mark (G)               1001 us
[2026-04-03T02:44:32.402+0600][77.192s][info][gc,stats    ] Pause Final Mark (N)                792 us
[2026-04-03T02:44:32.402+0600][77.192s][info][gc,stats    ]   Finish Mark                       193 us
[2026-04-03T02:44:32.402+0600][77.192s][info][gc,stats    ]   Update Region States               89 us
[2026-04-03T02:44:32.402+0600][77.192s][info][gc,stats    ]   Choose Collection Set             281 us
[2026-04-03T02:44:32.402+0600][77.192s][info][gc,stats    ]   Rebuild Free Set                   54 us
[2026-04-03T02:44:32.402+0600][77.192s][info][gc,stats    ] Concurrent Thread Roots            1667 us, parallelism: 2.39x
[2026-04-03T02:44:32.402+0600][77.192s][info][gc,stats    ]   CTR: <total>                     3981 us
[2026-04-03T02:44:32.402+0600][77.192s][info][gc,stats    ]   CTR: Thread Roots                3981 us, workers (us): 1412, 1403, 1165, ---, ---, ---, 
[2026-04-03T02:44:32.402+0600][77.192s][info][gc,stats    ] Concurrent Weak References         1020 us, parallelism: 1.41x
[2026-04-03T02:44:32.402+0600][77.192s][info][gc,stats    ]   CWRF: <total>                    1435 us
[2026-04-03T02:44:32.402+0600][77.192s][info][gc,stats    ]   CWRF: Weak References            1435 us, workers (us): 853, 582,   0, ---, ---, ---, 
[2026-04-03T02:44:32.402+0600][77.192s][info][gc,stats    ] Concurrent Weak Roots             10219 us
[2026-04-03T02:44:32.402+0600][77.192s][info][gc,stats    ]   Roots                            9690 us, parallelism: 2.44x
[2026-04-03T02:44:32.402+0600][77.192s][info][gc,stats    ]     CWR: <total>                  23644 us
[2026-04-03T02:44:32.402+0600][77.192s][info][gc,stats    ]     CWR: Code Cache Roots         16886 us, workers (us): 5165, 6140, 5581, ---, ---, ---, 
[2026-04-03T02:44:32.402+0600][77.192s][info][gc,stats    ]     CWR: VM Weak Roots             6546 us, workers (us): 1986, 2947, 1614, ---, ---, ---, 
[2026-04-03T02:44:32.402+0600][77.192s][info][gc,stats    ]     CWR: CLDG Roots                 211 us, workers (us): 211, ---, ---, ---, ---, ---, 
[2026-04-03T02:44:32.402+0600][77.192s][info][gc,stats    ]   Rendezvous                        412 us
[2026-04-03T02:44:32.402+0600][77.192s][info][gc,stats    ] Concurrent Cleanup                 1491 us
[2026-04-03T02:44:32.402+0600][77.192s][info][gc,stats    ] Concurrent Class Unloading        24803 us
[2026-04-03T02:44:32.403+0600][77.192s][info][gc,stats    ]   Unlink Stale                    21594 us
[2026-04-03T02:44:32.403+0600][77.192s][info][gc,stats    ]     System Dictionary               335 us
[2026-04-03T02:44:32.403+0600][77.192s][info][gc,stats    ]     Weak Class Links                  1 us
[2026-04-03T02:44:32.403+0600][77.192s][info][gc,stats    ]     Code Roots                    21255 us
[2026-04-03T02:44:32.403+0600][77.192s][info][gc,stats    ]   Rendezvous                        479 us
[2026-04-03T02:44:32.403+0600][77.192s][info][gc,stats    ]   Purge Unlinked                   2512 us
[2026-04-03T02:44:32.403+0600][77.192s][info][gc,stats    ]     Code Roots                     2490 us
[2026-04-03T02:44:32.403+0600][77.192s][info][gc,stats    ]     CLDG                             18 us
[2026-04-03T02:44:32.403+0600][77.192s][info][gc,stats    ]     Exception Caches                  2 us
[2026-04-03T02:44:32.403+0600][77.192s][info][gc,stats    ] Concurrent Strong Roots            1430 us, parallelism: 0.58x
[2026-04-03T02:44:32.403+0600][77.192s][info][gc,stats    ]   CSR: <total>                      835 us
[2026-04-03T02:44:32.403+0600][77.192s][info][gc,stats    ]   CSR: VM Strong Roots               61 us, workers (us):  52,   5,   5, ---, ---, ---, 
[2026-04-03T02:44:32.403+0600][77.192s][info][gc,stats    ]   CSR: CLDG Roots                   774 us, workers (us): 774, ---, ---, ---, ---, ---, 
[2026-04-03T02:44:32.403+0600][77.192s][info][gc,stats    ] Concurrent Evacuation              6051 us
[2026-04-03T02:44:32.403+0600][77.192s][info][gc,stats    ] Pause Init Update Refs (G)          439 us
[2026-04-03T02:44:32.403+0600][77.192s][info][gc,stats    ] Pause Init Update Refs (N)          171 us
[2026-04-03T02:44:32.403+0600][77.192s][info][gc,stats    ]   Manage GCLABs                      77 us
[2026-04-03T02:44:32.403+0600][77.192s][info][gc,stats    ] Concurrent Update Refs            56324 us
[2026-04-03T02:44:32.403+0600][77.192s][info][gc,stats    ] Concurrent Update Thread Roots     1804 us
[2026-04-03T02:44:32.403+0600][77.192s][info][gc,stats    ] Pause Final Update Refs (G)         554 us
[2026-04-03T02:44:32.403+0600][77.192s][info][gc,stats    ] Pause Final Update Refs (N)         299 us
[2026-04-03T02:44:32.403+0600][77.192s][info][gc,stats    ]   Update Region States               75 us
[2026-04-03T02:44:32.403+0600][77.192s][info][gc,stats    ]   Trash Collection Set               25 us
[2026-04-03T02:44:32.403+0600][77.192s][info][gc,stats    ]   Rebuild Free Set                   57 us
[2026-04-03T02:44:32.403+0600][77.192s][info][gc,stats    ] Concurrent Cleanup                  405 us
[2026-04-03T02:44:32.403+0600][77.192s][info][gc,stats    ] Pacing                           178017 us
[2026-04-03T02:44:32.403+0600][77.192s][info][gc,stats    ] 
[2026-04-03T02:44:32.403+0600][77.192s][info][gc,stats    ] Allocation pacing accrued:
[2026-04-03T02:44:32.403+0600][77.192s][info][gc,stats    ]      22 of  1278 ms (  1.8%): Executor task launch worker for task 4.0 in stage 3427.0 (TID 6459)
[2026-04-03T02:44:32.403+0600][77.192s][info][gc,stats    ]      22 of  1278 ms (  1.8%): Executor task launch worker for task 5.0 in stage 3427.0 (TID 6460)
[2026-04-03T02:44:32.403+0600][77.192s][info][gc,stats    ]      22 of  1278 ms (  1.8%): Executor task launch worker for task 3.0 in stage 3427.0 (TID 6458)
[2026-04-03T02:44:32.403+0600][77.192s][info][gc,stats    ]      22 of  1278 ms (  1.7%): Executor task launch worker for task 6.0 in stage 3427.0 (TID 6461)
[2026-04-03T02:44:32.403+0600][77.192s][info][gc,stats    ]      21 of  1278 ms (  1.7%): Executor task launch worker for task 7.0 in stage 3427.0 (TID 6462)
[2026-04-03T02:44:32.403+0600][77.192s][info][gc,stats    ]      22 of  1278 ms (  1.8%): Executor task launch worker for task 1.0 in stage 3427.0 (TID 6456)
[2026-04-03T02:44:32.403+0600][77.192s][info][gc,stats    ]      22 of  1278 ms (  1.8%): Executor task launch worker for task 0.0 in stage 3427.0 (TID 6455)
[2026-04-03T02:44:32.403+0600][77.192s][info][gc,stats    ]      22 of  1278 ms (  1.8%): Executor task launch worker for task 2.0 in stage 3427.0 (TID 6457)
[2026-04-03T02:44:32.403+0600][77.192s][info][gc,stats    ]     178 of  1278 ms ( 13.9%): <total>
[2026-04-03T02:44:32.403+0600][77.192s][info][gc,stats    ]       1 of  1278 ms (  0.0%): <average total>
[2026-04-03T02:44:32.403+0600][77.192s][info][gc,stats    ]      22 of  1278 ms (  1.7%): <average non-zero>
[2026-04-03T02:44:32.403+0600][77.192s][info][gc,stats    ] 
[2026-04-03T02:44:32.403+0600][77.192s][info][gc,metaspace] Metaspace: 131497K(132800K)->131524K(132800K) NonClass: 115007K(115648K)->115028K(115648K) Class: 16490K(17152K)->16496K(17152K)
[2026-04-03T02:44:32.403+0600][77.192s][info][gc,ergo     ] Pacer for Idle. Initial: 35840K, Alloc Tax Rate: 1.0x
[2026-04-03T02:44:33.093+0600][77.883s][info][gc          ] Trigger: Average GC time (206.41 ms) is above the time for average allocation rate (1011 MB/s) to deplete free headroom (197M) (margin of error = 1.87)
[2026-04-03T02:44:33.094+0600][77.883s][info][gc,ergo     ] Free headroom: 284M (free) - 89600K (spike) - 0B (penalties) = 197M
[2026-04-03T02:44:33.094+0600][77.883s][info][gc,ergo     ] Free: 284M, Max: 512K regular, 246M humongous, Frag: 13% external, 0% internal; Reserve: 89600K, Max: 512K
[2026-04-03T02:44:33.094+0600][77.883s][info][gc,start    ] GC(60) Concurrent reset
[2026-04-03T02:44:33.094+0600][77.883s][info][gc,task     ] GC(60) Using 3 of 6 workers for concurrent reset
[2026-04-03T02:44:33.094+0600][77.883s][info][gc,ergo     ] GC(60) Pacer for Reset. Non-Taxable: 1750M
[2026-04-03T02:44:33.098+0600][77.887s][info][gc          ] GC(60) Concurrent reset 4.192ms
[2026-04-03T02:44:33.100+0600][77.890s][info][gc,start    ] GC(60) Pause Init Mark (unload classes)
[2026-04-03T02:44:33.100+0600][77.890s][info][gc,task     ] GC(60) Using 6 of 6 workers for init marking
[2026-04-03T02:44:33.100+0600][77.890s][info][gc,ergo     ] GC(60) Pacer for Mark. Expected Live: 95671K, Free: 213M, Non-Taxable: 21866K, Alloc Tax Rate: 0.5x
[2026-04-03T02:44:33.100+0600][77.890s][info][gc          ] GC(60) Pause Init Mark (unload classes) 0.147ms
[2026-04-03T02:44:33.101+0600][77.890s][info][gc,start    ] GC(60) Concurrent marking roots
[2026-04-03T02:44:33.101+0600][77.890s][info][gc,task     ] GC(60) Using 3 of 6 workers for concurrent marking roots
[2026-04-03T02:44:33.102+0600][77.892s][info][gc          ] GC(60) Concurrent marking roots 1.655ms
[2026-04-03T02:44:33.102+0600][77.892s][info][gc,start    ] GC(60) Concurrent marking (unload classes)
[2026-04-03T02:44:33.102+0600][77.892s][info][gc,task     ] GC(60) Using 3 of 6 workers for concurrent marking
[2026-04-03T02:44:33.158+0600][77.947s][info][gc          ] GC(60) Concurrent marking (unload classes) 55.262ms
[2026-04-03T02:44:33.158+0600][77.947s][info][gc,start    ] GC(60) Pause Final Mark (unload classes)
[2026-04-03T02:44:33.158+0600][77.947s][info][gc,task     ] GC(60) Using 6 of 6 workers for final marking
[2026-04-03T02:44:33.158+0600][77.948s][info][gc,ergo     ] GC(60) Adaptive CSet Selection. Target Free: 247M, Actual Free: 1232M, Max CSet: 74666K, Min Garbage: 0B
[2026-04-03T02:44:33.158+0600][77.948s][info][gc,ergo     ] GC(60) Collectable Garbage: 1208M (99%), Immediate: 1009M (82%), CSet: 199M (16%)
[2026-04-03T02:44:33.158+0600][77.948s][info][gc,ergo     ] GC(60) Pacer for Evacuation. Used CSet: 210M, Free: 1261M, Non-Taxable: 126M, Alloc Tax Rate: 1.1x
[2026-04-03T02:44:33.158+0600][77.948s][info][gc          ] GC(60) Pause Final Mark (unload classes) 0.576ms
[2026-04-03T02:44:33.158+0600][77.948s][info][gc,start    ] GC(60) Concurrent thread roots
[2026-04-03T02:44:33.158+0600][77.948s][info][gc,task     ] GC(60) Using 3 of 6 workers for Concurrent thread roots
[2026-04-03T02:44:33.159+0600][77.949s][info][gc          ] GC(60) Concurrent thread roots 0.904ms
[2026-04-03T02:44:33.159+0600][77.949s][info][gc,start    ] GC(60) Concurrent weak references
[2026-04-03T02:44:33.159+0600][77.949s][info][gc,task     ] GC(60) Using 3 of 6 workers for concurrent weak references
[2026-04-03T02:44:33.160+0600][77.950s][info][gc,ref      ] GC(60) Encountered references: Soft: 3788, Weak: 17162, Final: 84, Phantom: 647
[2026-04-03T02:44:33.160+0600][77.950s][info][gc,ref      ] GC(60) Discovered  references: Soft: 0, Weak: 11085, Final: 52, Phantom: 643
[2026-04-03T02:44:33.160+0600][77.950s][info][gc,ref      ] GC(60) Enqueued    references: Soft: 0, Weak: 2514, Final: 0, Phantom: 0
[2026-04-03T02:44:33.160+0600][77.950s][info][gc          ] GC(60) Concurrent weak references 0.884ms
[2026-04-03T02:44:33.160+0600][77.950s][info][gc,start    ] GC(60) Concurrent weak roots
[2026-04-03T02:44:33.160+0600][77.950s][info][gc,task     ] GC(60) Using 3 of 6 workers for concurrent weak root
[2026-04-03T02:44:33.165+0600][77.954s][info][gc          ] GC(60) Concurrent weak roots 4.239ms
[2026-04-03T02:44:33.165+0600][77.954s][info][gc,start    ] GC(60) Concurrent cleanup
[2026-04-03T02:44:33.166+0600][77.955s][info][gc          ] GC(60) Concurrent cleanup 1402M->393M(1541M) 0.959ms
[2026-04-03T02:44:33.166+0600][77.955s][info][gc,ergo     ] GC(60) Free: 1256M, Max: 512K regular, 244M humongous, Frag: 81% external, 0% internal; Reserve: 87831K, Max: 512K
[2026-04-03T02:44:33.166+0600][77.955s][info][gc,start    ] GC(60) Concurrent class unloading
[2026-04-03T02:44:33.166+0600][77.955s][info][gc,task     ] GC(60) Using 3 of 6 workers for concurrent class unloading
[2026-04-03T02:44:33.185+0600][77.975s][info][gc          ] GC(60) Concurrent class unloading 19.424ms
[2026-04-03T02:44:33.185+0600][77.975s][info][gc,start    ] GC(60) Concurrent strong roots
[2026-04-03T02:44:33.185+0600][77.975s][info][gc,task     ] GC(60) Using 3 of 6 workers for concurrent strong root
[2026-04-03T02:44:33.187+0600][77.976s][info][gc          ] GC(60) Concurrent strong roots 1.376ms
[2026-04-03T02:44:33.187+0600][77.976s][info][gc,start    ] GC(60) Concurrent evacuation
[2026-04-03T02:44:33.187+0600][77.976s][info][gc,task     ] GC(60) Using 3 of 6 workers for concurrent evacuation
[2026-04-03T02:44:33.196+0600][77.985s][info][gc          ] GC(60) Concurrent evacuation 9.015ms
[2026-04-03T02:44:33.196+0600][77.985s][info][gc,start    ] GC(60) Pause Init Update Refs
[2026-04-03T02:44:33.196+0600][77.986s][info][gc,ergo     ] GC(60) Pacer for Update Refs. Used: 435M, Free: 1226M, Non-Taxable: 122M, Alloc Tax Rate: 1.1x
[2026-04-03T02:44:33.196+0600][77.986s][info][gc          ] GC(60) Pause Init Update Refs 0.107ms
[2026-04-03T02:44:33.198+0600][77.987s][info][gc,start    ] GC(60) Concurrent update references
[2026-04-03T02:44:33.198+0600][77.987s][info][gc,task     ] GC(60) Using 3 of 6 workers for concurrent reference update
[2026-04-03T02:44:33.243+0600][78.032s][info][gc          ] GC(60) Concurrent update references 45.193ms
[2026-04-03T02:44:33.243+0600][78.032s][info][gc,start    ] GC(60) Concurrent update thread roots
[2026-04-03T02:44:33.244+0600][78.033s][info][gc          ] GC(60) Concurrent update thread roots 1.084ms
[2026-04-03T02:44:33.244+0600][78.034s][info][gc,start    ] GC(60) Pause Final Update Refs
[2026-04-03T02:44:33.244+0600][78.034s][info][gc,task     ] GC(60) Using 6 of 6 workers for final reference update
[2026-04-03T02:44:33.244+0600][78.034s][info][gc          ] GC(60) Pause Final Update Refs 0.200ms
[2026-04-03T02:44:33.245+0600][78.034s][info][gc,start    ] GC(60) Concurrent cleanup
[2026-04-03T02:44:33.245+0600][78.035s][info][gc          ] GC(60) Concurrent cleanup 471M->260M(1545M) 0.623ms
[2026-04-03T02:44:33.245+0600][78.035s][info][gc,ergo     ] Free: 1383M, Max: 512K regular, 1006M humongous, Frag: 28% external, 0% internal; Reserve: 89600K, Max: 512K
[2026-04-03T02:44:33.245+0600][78.035s][info][gc,stats    ] 
[2026-04-03T02:44:33.245+0600][78.035s][info][gc,stats    ] All times are wall-clock times, except per-root-class counters, that are sum over
[2026-04-03T02:44:33.245+0600][78.035s][info][gc,stats    ] all workers. Dividing the <total> over the root stage time estimates parallelism.
[2026-04-03T02:44:33.245+0600][78.035s][info][gc,stats    ] 
[2026-04-03T02:44:33.245+0600][78.035s][info][gc,stats    ] Concurrent Reset                   4250 us
[2026-04-03T02:44:33.245+0600][78.035s][info][gc,stats    ] Pause Init Mark (G)                2590 us
[2026-04-03T02:44:33.245+0600][78.035s][info][gc,stats    ] Pause Init Mark (N)                 155 us
[2026-04-03T02:44:33.245+0600][78.035s][info][gc,stats    ]   Update Region States               41 us
[2026-04-03T02:44:33.245+0600][78.035s][info][gc,stats    ] Concurrent Mark Roots              1689 us, parallelism: 1.95x
[2026-04-03T02:44:33.245+0600][78.035s][info][gc,stats    ]   CMR: <total>                     3292 us
[2026-04-03T02:44:33.245+0600][78.035s][info][gc,stats    ]   CMR: Thread Roots                2804 us, workers (us): 1073, 653, 1078, ---, ---, ---, 
[2026-04-03T02:44:33.245+0600][78.035s][info][gc,stats    ]   CMR: VM Strong Roots               63 us, workers (us):  35,  27,   1, ---, ---, ---, 
[2026-04-03T02:44:33.245+0600][78.035s][info][gc,stats    ]   CMR: CLDG Roots                   425 us, workers (us): ---, 425, ---, ---, ---, ---, 
[2026-04-03T02:44:33.245+0600][78.035s][info][gc,stats    ] Concurrent Marking                55323 us
[2026-04-03T02:44:33.245+0600][78.035s][info][gc,stats    ] Pause Final Mark (G)                780 us
[2026-04-03T02:44:33.245+0600][78.035s][info][gc,stats    ] Pause Final Mark (N)                586 us
[2026-04-03T02:44:33.245+0600][78.035s][info][gc,stats    ]   Finish Mark                       178 us
[2026-04-03T02:44:33.245+0600][78.035s][info][gc,stats    ]   Update Region States               42 us
[2026-04-03T02:44:33.245+0600][78.035s][info][gc,stats    ]   Choose Collection Set             193 us
[2026-04-03T02:44:33.245+0600][78.035s][info][gc,stats    ]   Rebuild Free Set                   40 us
[2026-04-03T02:44:33.245+0600][78.035s][info][gc,stats    ] Concurrent Thread Roots             942 us, parallelism: 2.33x
[2026-04-03T02:44:33.245+0600][78.035s][info][gc,stats    ]   CTR: <total>                     2195 us
[2026-04-03T02:44:33.245+0600][78.035s][info][gc,stats    ]   CTR: Thread Roots                2195 us, workers (us): 772, 724, 699, ---, ---, ---, 
[2026-04-03T02:44:33.246+0600][78.035s][info][gc,stats    ] Concurrent Weak References          896 us, parallelism: 1.47x
[2026-04-03T02:44:33.246+0600][78.035s][info][gc,stats    ]   CWRF: <total>                    1316 us
[2026-04-03T02:44:33.246+0600][78.035s][info][gc,stats    ]   CWRF: Weak References            1316 us, workers (us): 321, 649, 346, ---, ---, ---, 
[2026-04-03T02:44:33.246+0600][78.035s][info][gc,stats    ] Concurrent Weak Roots              4320 us
[2026-04-03T02:44:33.246+0600][78.035s][info][gc,stats    ]   Roots                            3798 us, parallelism: 2.69x
[2026-04-03T02:44:33.246+0600][78.035s][info][gc,stats    ]     CWR: <total>                  10208 us
[2026-04-03T02:44:33.246+0600][78.035s][info][gc,stats    ]     CWR: Code Cache Roots          8171 us, workers (us): 2735, 2669, 2767, ---, ---, ---, 
[2026-04-03T02:44:33.246+0600][78.035s][info][gc,stats    ]     CWR: VM Weak Roots             1921 us, workers (us): 667, 662, 592, ---, ---, ---, 
[2026-04-03T02:44:33.246+0600][78.035s][info][gc,stats    ]     CWR: CLDG Roots                 116 us, workers (us): ---, 116, ---, ---, ---, ---, 
[2026-04-03T02:44:33.246+0600][78.035s][info][gc,stats    ]   Rendezvous                        411 us
[2026-04-03T02:44:33.246+0600][78.035s][info][gc,stats    ] Concurrent Cleanup                 1031 us
[2026-04-03T02:44:33.246+0600][78.035s][info][gc,stats    ] Concurrent Class Unloading        19525 us
[2026-04-03T02:44:33.246+0600][78.035s][info][gc,stats    ]   Unlink Stale                    15061 us
[2026-04-03T02:44:33.246+0600][78.035s][info][gc,stats    ]     System Dictionary               235 us
[2026-04-03T02:44:33.246+0600][78.035s][info][gc,stats    ]     Weak Class Links                  0 us
[2026-04-03T02:44:33.246+0600][78.035s][info][gc,stats    ]     Code Roots                    14823 us
[2026-04-03T02:44:33.246+0600][78.035s][info][gc,stats    ]   Rendezvous                       1101 us
[2026-04-03T02:44:33.246+0600][78.035s][info][gc,stats    ]   Purge Unlinked                   3228 us
[2026-04-03T02:44:33.246+0600][78.035s][info][gc,stats    ]     Code Roots                     3203 us
[2026-04-03T02:44:33.246+0600][78.035s][info][gc,stats    ]     CLDG                             23 us
[2026-04-03T02:44:33.246+0600][78.035s][info][gc,stats    ]     Exception Caches                  0 us
[2026-04-03T02:44:33.246+0600][78.035s][info][gc,stats    ] Concurrent Strong Roots            1475 us, parallelism: 0.66x
[2026-04-03T02:44:33.246+0600][78.035s][info][gc,stats    ]   CSR: <total>                      968 us
[2026-04-03T02:44:33.246+0600][78.035s][info][gc,stats    ]   CSR: VM Strong Roots               50 us, workers (us):  49,   1,   0, ---, ---, ---, 
[2026-04-03T02:44:33.246+0600][78.035s][info][gc,stats    ]   CSR: CLDG Roots                   918 us, workers (us): 918, ---, ---, ---, ---, ---, 
[2026-04-03T02:44:33.246+0600][78.035s][info][gc,stats    ] Concurrent Evacuation              9118 us
[2026-04-03T02:44:33.246+0600][78.035s][info][gc,stats    ] Pause Init Update Refs (G)         1795 us
[2026-04-03T02:44:33.246+0600][78.035s][info][gc,stats    ] Pause Init Update Refs (N)          119 us
[2026-04-03T02:44:33.246+0600][78.035s][info][gc,stats    ]   Manage GCLABs                      46 us
[2026-04-03T02:44:33.246+0600][78.035s][info][gc,stats    ] Concurrent Update Refs            45307 us
[2026-04-03T02:44:33.246+0600][78.035s][info][gc,stats    ] Concurrent Update Thread Roots     1129 us
[2026-04-03T02:44:33.246+0600][78.035s][info][gc,stats    ] Pause Final Update Refs (G)         448 us
[2026-04-03T02:44:33.246+0600][78.035s][info][gc,stats    ] Pause Final Update Refs (N)         240 us
[2026-04-03T02:44:33.246+0600][78.035s][info][gc,stats    ]   Update Region States               57 us
[2026-04-03T02:44:33.246+0600][78.035s][info][gc,stats    ]   Trash Collection Set               17 us
[2026-04-03T02:44:33.246+0600][78.035s][info][gc,stats    ]   Rebuild Free Set                   66 us
[2026-04-03T02:44:33.246+0600][78.035s][info][gc,stats    ] Concurrent Cleanup                  652 us
[2026-04-03T02:44:33.246+0600][78.035s][info][gc,stats    ] Pacing                           147025 us
[2026-04-03T02:44:33.246+0600][78.035s][info][gc,stats    ] 
[2026-04-03T02:44:33.246+0600][78.035s][info][gc,stats    ] Allocation pacing accrued:
[2026-04-03T02:44:33.246+0600][78.035s][info][gc,stats    ]       8 of   843 ms (  1.0%): Spark Context Cleaner
[2026-04-03T02:44:33.246+0600][78.035s][info][gc,stats    ]      34 of   843 ms (  4.0%): Executor task launch worker for task 1.0 in stage 3549.0 (TID 6542)
[2026-04-03T02:44:33.246+0600][78.035s][info][gc,stats    ]      38 of   843 ms (  4.5%): Executor task launch worker for task 3.0 in stage 3549.0 (TID 6544)
[2026-04-03T02:44:33.246+0600][78.035s][info][gc,stats    ]      33 of   843 ms (  4.0%): Executor task launch worker for task 2.0 in stage 3549.0 (TID 6543)
[2026-04-03T02:44:33.246+0600][78.035s][info][gc,stats    ]      34 of   843 ms (  4.0%): Executor task launch worker for task 0.0 in stage 3549.0 (TID 6541)
[2026-04-03T02:44:33.246+0600][78.035s][info][gc,stats    ]     147 of   843 ms ( 17.4%): <total>
[2026-04-03T02:44:33.246+0600][78.035s][info][gc,stats    ]       1 of   843 ms (  0.1%): <average total>
[2026-04-03T02:44:33.246+0600][78.035s][info][gc,stats    ]      29 of   843 ms (  3.5%): <average non-zero>
[2026-04-03T02:44:33.246+0600][78.035s][info][gc,stats    ] 
[2026-04-03T02:44:33.246+0600][78.035s][info][gc,metaspace] Metaspace: 131565K(132864K)->131565K(132864K) NonClass: 115066K(115712K)->115066K(115712K) Class: 16499K(17152K)->16499K(17152K)
[2026-04-03T02:44:33.246+0600][78.035s][info][gc,ergo     ] Pacer for Idle. Initial: 35840K, Alloc Tax Rate: 1.0x
[2026-04-03T02:44:34.233+0600][79.022s][info][gc          ] Trigger: Average GC time (198.70 ms) is above the time for average allocation rate (1238 MB/s) to deplete free headroom (243M) (margin of error = 1.87)
[2026-04-03T02:44:34.233+0600][79.022s][info][gc,ergo     ] Free headroom: 331M (free) - 89600K (spike) - 0B (penalties) = 243M
[2026-04-03T02:44:34.233+0600][79.022s][info][gc,ergo     ] Free: 330M, Max: 512K regular, 145M humongous, Frag: 56% external, 0% internal; Reserve: 89600K, Max: 512K
[2026-04-03T02:44:34.233+0600][79.022s][info][gc,start    ] GC(61) Concurrent reset
[2026-04-03T02:44:34.233+0600][79.022s][info][gc,task     ] GC(61) Using 3 of 6 workers for concurrent reset
[2026-04-03T02:44:34.233+0600][79.022s][info][gc,ergo     ] GC(61) Pacer for Reset. Non-Taxable: 1750M
[2026-04-03T02:44:34.236+0600][79.025s][info][gc          ] GC(61) Concurrent reset 2.829ms
[2026-04-03T02:44:34.236+0600][79.025s][info][gc,start    ] GC(61) Pause Init Mark (unload classes)
[2026-04-03T02:44:34.236+0600][79.025s][info][gc,task     ] GC(61) Using 6 of 6 workers for init marking
[2026-04-03T02:44:34.236+0600][79.026s][info][gc,ergo     ] GC(61) Pacer for Mark. Expected Live: 100042K, Free: 329M, Non-Taxable: 33747K, Alloc Tax Rate: 0.4x
[2026-04-03T02:44:34.236+0600][79.026s][info][gc          ] GC(61) Pause Init Mark (unload classes) 0.167ms
[2026-04-03T02:44:34.236+0600][79.026s][info][gc,start    ] GC(61) Concurrent marking roots
[2026-04-03T02:44:34.236+0600][79.026s][info][gc,task     ] GC(61) Using 3 of 6 workers for concurrent marking roots
[2026-04-03T02:44:34.243+0600][79.032s][info][gc          ] GC(61) Concurrent marking roots 6.549ms
[2026-04-03T02:44:34.243+0600][79.032s][info][gc,start    ] GC(61) Concurrent marking (unload classes)
[2026-04-03T02:44:34.243+0600][79.032s][info][gc,task     ] GC(61) Using 3 of 6 workers for concurrent marking
[2026-04-03T02:44:34.309+0600][79.098s][info][gc          ] GC(61) Concurrent marking (unload classes) 65.599ms
[2026-04-03T02:44:34.309+0600][79.098s][info][gc,start    ] GC(61) Pause Final Mark (unload classes)
[2026-04-03T02:44:34.309+0600][79.098s][info][gc,task     ] GC(61) Using 6 of 6 workers for final marking
[2026-04-03T02:44:34.309+0600][79.099s][info][gc,ergo     ] GC(61) Adaptive CSet Selection. Target Free: 247M, Actual Free: 1224M, Max CSet: 74666K, Min Garbage: 0B
[2026-04-03T02:44:34.309+0600][79.099s][info][gc,ergo     ] GC(61) Collectable Garbage: 1116M (99%), Immediate: 859M (76%), CSet: 256M (22%)
[2026-04-03T02:44:34.309+0600][79.099s][info][gc,ergo     ] GC(61) Pacer for Evacuation. Used CSet: 266M, Free: 1252M, Non-Taxable: 125M, Alloc Tax Rate: 1.1x
[2026-04-03T02:44:34.310+0600][79.099s][info][gc          ] GC(61) Pause Final Mark (unload classes) 0.786ms
[2026-04-03T02:44:34.310+0600][79.099s][info][gc,start    ] GC(61) Concurrent thread roots
[2026-04-03T02:44:34.310+0600][79.099s][info][gc,task     ] GC(61) Using 3 of 6 workers for Concurrent thread roots
[2026-04-03T02:44:34.311+0600][79.100s][info][gc          ] GC(61) Concurrent thread roots 1.159ms
[2026-04-03T02:44:34.311+0600][79.100s][info][gc,start    ] GC(61) Concurrent weak references
[2026-04-03T02:44:34.311+0600][79.100s][info][gc,task     ] GC(61) Using 3 of 6 workers for concurrent weak references
[2026-04-03T02:44:34.311+0600][79.101s][info][gc,ref      ] GC(61) Encountered references: Soft: 3792, Weak: 16370, Final: 84, Phantom: 620
[2026-04-03T02:44:34.311+0600][79.101s][info][gc,ref      ] GC(61) Discovered  references: Soft: 0, Weak: 5070, Final: 0, Phantom: 212
[2026-04-03T02:44:34.312+0600][79.101s][info][gc,ref      ] GC(61) Enqueued    references: Soft: 0, Weak: 425, Final: 0, Phantom: 0
[2026-04-03T02:44:34.312+0600][79.101s][info][gc          ] GC(61) Concurrent weak references 0.608ms
[2026-04-03T02:44:34.312+0600][79.101s][info][gc,start    ] GC(61) Concurrent weak roots
[2026-04-03T02:44:34.312+0600][79.101s][info][gc,task     ] GC(61) Using 3 of 6 workers for concurrent weak root
[2026-04-03T02:44:34.317+0600][79.106s][info][gc          ] GC(61) Concurrent weak roots 5.533ms
[2026-04-03T02:44:34.317+0600][79.107s][info][gc,start    ] GC(61) Concurrent cleanup
[2026-04-03T02:44:34.318+0600][79.108s][info][gc          ] GC(61) Concurrent cleanup 1273M->414M(1545M) 1.036ms
[2026-04-03T02:44:34.318+0600][79.108s][info][gc,ergo     ] GC(61) Free: 1241M, Max: 512K regular, 201M humongous, Frag: 84% external, 0% internal; Reserve: 88735K, Max: 512K
[2026-04-03T02:44:34.318+0600][79.108s][info][gc,start    ] GC(61) Concurrent class unloading
[2026-04-03T02:44:34.318+0600][79.108s][info][gc,task     ] GC(61) Using 3 of 6 workers for concurrent class unloading
[2026-04-03T02:44:34.340+0600][79.130s][info][gc          ] GC(61) Concurrent class unloading 22.145ms
[2026-04-03T02:44:34.341+0600][79.130s][info][gc,start    ] GC(61) Concurrent strong roots
[2026-04-03T02:44:34.341+0600][79.130s][info][gc,task     ] GC(61) Using 3 of 6 workers for concurrent strong root
[2026-04-03T02:44:34.342+0600][79.131s][info][gc          ] GC(61) Concurrent strong roots 1.394ms
[2026-04-03T02:44:34.342+0600][79.131s][info][gc,start    ] GC(61) Concurrent evacuation
[2026-04-03T02:44:34.342+0600][79.131s][info][gc,task     ] GC(61) Using 3 of 6 workers for concurrent evacuation
[2026-04-03T02:44:34.347+0600][79.136s][info][gc          ] GC(61) Concurrent evacuation 4.690ms
[2026-04-03T02:44:34.347+0600][79.136s][info][gc,start    ] GC(61) Pause Init Update Refs
[2026-04-03T02:44:34.347+0600][79.136s][info][gc,ergo     ] GC(61) Pacer for Update Refs. Used: 445M, Free: 1216M, Non-Taxable: 121M, Alloc Tax Rate: 1.1x
[2026-04-03T02:44:34.347+0600][79.136s][info][gc          ] GC(61) Pause Init Update Refs 0.089ms
[2026-04-03T02:44:34.347+0600][79.136s][info][gc,start    ] GC(61) Concurrent update references
[2026-04-03T02:44:34.347+0600][79.137s][info][gc,task     ] GC(61) Using 3 of 6 workers for concurrent reference update
[2026-04-03T02:44:34.396+0600][79.185s][info][gc          ] GC(61) Concurrent update references 48.686ms
[2026-04-03T02:44:34.396+0600][79.185s][info][gc,start    ] GC(61) Concurrent update thread roots
[2026-04-03T02:44:34.397+0600][79.187s][info][gc          ] GC(61) Concurrent update thread roots 1.349ms
[2026-04-03T02:44:34.398+0600][79.187s][info][gc,start    ] GC(61) Pause Final Update Refs
[2026-04-03T02:44:34.398+0600][79.187s][info][gc,task     ] GC(61) Using 6 of 6 workers for final reference update
[2026-04-03T02:44:34.398+0600][79.188s][info][gc          ] GC(61) Pause Final Update Refs 0.226ms
[2026-04-03T02:44:34.398+0600][79.188s][info][gc,start    ] GC(61) Concurrent cleanup
[2026-04-03T02:44:34.399+0600][79.188s][info][gc          ] GC(61) Concurrent cleanup 473M->207M(1545M) 0.608ms
[2026-04-03T02:44:34.399+0600][79.188s][info][gc,ergo     ] Free: 1439M, Max: 512K regular, 862M humongous, Frag: 41% external, 0% internal; Reserve: 89600K, Max: 512K
[2026-04-03T02:44:34.399+0600][79.188s][info][gc,stats    ] 
[2026-04-03T02:44:34.399+0600][79.188s][info][gc,stats    ] All times are wall-clock times, except per-root-class counters, that are sum over
[2026-04-03T02:44:34.399+0600][79.188s][info][gc,stats    ] all workers. Dividing the <total> over the root stage time estimates parallelism.
[2026-04-03T02:44:34.399+0600][79.188s][info][gc,stats    ] 
[2026-04-03T02:44:34.399+0600][79.188s][info][gc,stats    ] Concurrent Reset                   2908 us
[2026-04-03T02:44:34.399+0600][79.188s][info][gc,stats    ] Pause Init Mark (G)                 492 us
[2026-04-03T02:44:34.399+0600][79.188s][info][gc,stats    ] Pause Init Mark (N)                 177 us
[2026-04-03T02:44:34.399+0600][79.188s][info][gc,stats    ]   Update Region States               50 us
[2026-04-03T02:44:34.399+0600][79.188s][info][gc,stats    ] Concurrent Mark Roots              6616 us, parallelism: 1.28x
[2026-04-03T02:44:34.399+0600][79.188s][info][gc,stats    ]   CMR: <total>                     8449 us
[2026-04-03T02:44:34.399+0600][79.188s][info][gc,stats    ]   CMR: Thread Roots                7947 us, workers (us): 6025, 748, 1174, ---, ---, ---, 
[2026-04-03T02:44:34.399+0600][79.188s][info][gc,stats    ]   CMR: VM Strong Roots               63 us, workers (us):  40,  21,   1, ---, ---, ---, 
[2026-04-03T02:44:34.399+0600][79.188s][info][gc,stats    ]   CMR: CLDG Roots                   439 us, workers (us): ---, 439, ---, ---, ---, ---, 
[2026-04-03T02:44:34.399+0600][79.188s][info][gc,stats    ] Concurrent Marking                65671 us
[2026-04-03T02:44:34.399+0600][79.188s][info][gc,stats    ] Pause Final Mark (G)               1139 us
[2026-04-03T02:44:34.399+0600][79.188s][info][gc,stats    ] Pause Final Mark (N)                799 us
[2026-04-03T02:44:34.399+0600][79.188s][info][gc,stats    ]   Finish Mark                       293 us
[2026-04-03T02:44:34.399+0600][79.188s][info][gc,stats    ]   Update Region States               46 us
[2026-04-03T02:44:34.399+0600][79.188s][info][gc,stats    ]   Choose Collection Set             292 us
[2026-04-03T02:44:34.399+0600][79.188s][info][gc,stats    ]   Rebuild Free Set                   49 us
[2026-04-03T02:44:34.399+0600][79.189s][info][gc,stats    ] Concurrent Thread Roots            1206 us, parallelism: 2.27x
[2026-04-03T02:44:34.399+0600][79.189s][info][gc,stats    ]   CTR: <total>                     2735 us
[2026-04-03T02:44:34.399+0600][79.189s][info][gc,stats    ]   CTR: Thread Roots                2735 us, workers (us): 933, 918, 883, ---, ---, ---, 
[2026-04-03T02:44:34.399+0600][79.189s][info][gc,stats    ] Concurrent Weak References          619 us, parallelism: 0.97x
[2026-04-03T02:44:34.399+0600][79.189s][info][gc,stats    ]   CWRF: <total>                     600 us
[2026-04-03T02:44:34.399+0600][79.189s][info][gc,stats    ]   CWRF: Weak References             600 us, workers (us): 259, 294,  47, ---, ---, ---, 
[2026-04-03T02:44:34.399+0600][79.189s][info][gc,stats    ] Concurrent Weak Roots              5628 us
[2026-04-03T02:44:34.399+0600][79.189s][info][gc,stats    ]   Roots                            5170 us, parallelism: 2.75x
[2026-04-03T02:44:34.399+0600][79.189s][info][gc,stats    ]     CWR: <total>                  14202 us
[2026-04-03T02:44:34.399+0600][79.189s][info][gc,stats    ]     CWR: Code Cache Roots         11580 us, workers (us): 3786, 3894, 3900, ---, ---, ---, 
[2026-04-03T02:44:34.399+0600][79.189s][info][gc,stats    ]     CWR: VM Weak Roots             2409 us, workers (us): 834, 793, 782, ---, ---, ---, 
[2026-04-03T02:44:34.399+0600][79.189s][info][gc,stats    ]     CWR: CLDG Roots                 213 us, workers (us): 213, ---, ---, ---, ---, ---, 
[2026-04-03T02:44:34.399+0600][79.189s][info][gc,stats    ]   Rendezvous                        338 us
[2026-04-03T02:44:34.399+0600][79.189s][info][gc,stats    ] Concurrent Cleanup                 1086 us
[2026-04-03T02:44:34.399+0600][79.189s][info][gc,stats    ] Concurrent Class Unloading        22247 us
[2026-04-03T02:44:34.399+0600][79.189s][info][gc,stats    ]   Unlink Stale                    18577 us
[2026-04-03T02:44:34.399+0600][79.189s][info][gc,stats    ]     System Dictionary               292 us
[2026-04-03T02:44:34.399+0600][79.189s][info][gc,stats    ]     Weak Class Links                  0 us
[2026-04-03T02:44:34.399+0600][79.189s][info][gc,stats    ]     Code Roots                    18280 us
[2026-04-03T02:44:34.399+0600][79.189s][info][gc,stats    ]   Rendezvous                        448 us
[2026-04-03T02:44:34.399+0600][79.189s][info][gc,stats    ]   Purge Unlinked                   3087 us
[2026-04-03T02:44:34.399+0600][79.189s][info][gc,stats    ]     Code Roots                     3070 us
[2026-04-03T02:44:34.399+0600][79.189s][info][gc,stats    ]     CLDG                             16 us
[2026-04-03T02:44:34.399+0600][79.189s][info][gc,stats    ]     Exception Caches                  0 us
[2026-04-03T02:44:34.399+0600][79.189s][info][gc,stats    ] Concurrent Strong Roots            1450 us, parallelism: 0.63x
[2026-04-03T02:44:34.399+0600][79.189s][info][gc,stats    ]   CSR: <total>                      912 us
[2026-04-03T02:44:34.399+0600][79.189s][info][gc,stats    ]   CSR: VM Strong Roots               50 us, workers (us):  22,  19,  10, ---, ---, ---, 
[2026-04-03T02:44:34.399+0600][79.189s][info][gc,stats    ]   CSR: CLDG Roots                   862 us, workers (us): ---, 862, ---, ---, ---, ---, 
[2026-04-03T02:44:34.399+0600][79.189s][info][gc,stats    ] Concurrent Evacuation              4761 us
[2026-04-03T02:44:34.399+0600][79.189s][info][gc,stats    ] Pause Init Update Refs (G)          339 us
[2026-04-03T02:44:34.399+0600][79.189s][info][gc,stats    ] Pause Init Update Refs (N)           98 us
[2026-04-03T02:44:34.399+0600][79.189s][info][gc,stats    ]   Manage GCLABs                      32 us
[2026-04-03T02:44:34.399+0600][79.189s][info][gc,stats    ] Concurrent Update Refs            48843 us
[2026-04-03T02:44:34.399+0600][79.189s][info][gc,stats    ] Concurrent Update Thread Roots     1398 us
[2026-04-03T02:44:34.399+0600][79.189s][info][gc,stats    ] Pause Final Update Refs (G)         857 us
[2026-04-03T02:44:34.400+0600][79.189s][info][gc,stats    ] Pause Final Update Refs (N)         270 us
[2026-04-03T02:44:34.400+0600][79.189s][info][gc,stats    ]   Update Region States               59 us
[2026-04-03T02:44:34.400+0600][79.189s][info][gc,stats    ]   Trash Collection Set               24 us
[2026-04-03T02:44:34.400+0600][79.189s][info][gc,stats    ]   Rebuild Free Set                   54 us
[2026-04-03T02:44:34.400+0600][79.189s][info][gc,stats    ] Concurrent Cleanup                  624 us
[2026-04-03T02:44:34.400+0600][79.189s][info][gc,stats    ] Pacing                           160320 us
[2026-04-03T02:44:34.400+0600][79.189s][info][gc,stats    ] 
[2026-04-03T02:44:34.400+0600][79.189s][info][gc,stats    ] Allocation pacing accrued:
[2026-04-03T02:44:34.400+0600][79.189s][info][gc,stats    ]      21 of  1154 ms (  1.8%): Executor task launch worker for task 4.0 in stage 3589.0 (TID 6737)
[2026-04-03T02:44:34.400+0600][79.189s][info][gc,stats    ]      21 of  1154 ms (  1.8%): Executor task launch worker for task 6.0 in stage 3589.0 (TID 6739)
[2026-04-03T02:44:34.400+0600][79.189s][info][gc,stats    ]      21 of  1154 ms (  1.9%): Executor task launch worker for task 5.0 in stage 3589.0 (TID 6738)
[2026-04-03T02:44:34.400+0600][79.189s][info][gc,stats    ]      11 of  1154 ms (  1.0%): Executor task launch worker for task 7.0 in stage 3589.0 (TID 6740)
[2026-04-03T02:44:34.400+0600][79.189s][info][gc,stats    ]      21 of  1154 ms (  1.8%): Executor task launch worker for task 3.0 in stage 3589.0 (TID 6736)
[2026-04-03T02:44:34.400+0600][79.189s][info][gc,stats    ]      21 of  1154 ms (  1.8%): Executor task launch worker for task 2.0 in stage 3589.0 (TID 6735)
[2026-04-03T02:44:34.400+0600][79.189s][info][gc,stats    ]      22 of  1154 ms (  1.9%): Executor task launch worker for task 1.0 in stage 3589.0 (TID 6734)
[2026-04-03T02:44:34.400+0600][79.189s][info][gc,stats    ]      21 of  1154 ms (  1.8%): Executor task launch worker for task 0.0 in stage 3589.0 (TID 6733)
[2026-04-03T02:44:34.400+0600][79.189s][info][gc,stats    ]     160 of  1154 ms ( 13.9%): <total>
[2026-04-03T02:44:34.400+0600][79.189s][info][gc,stats    ]       1 of  1154 ms (  0.0%): <average total>
[2026-04-03T02:44:34.400+0600][79.189s][info][gc,stats    ]      20 of  1154 ms (  1.7%): <average non-zero>
[2026-04-03T02:44:34.400+0600][79.189s][info][gc,stats    ] 
[2026-04-03T02:44:34.400+0600][79.189s][info][gc,metaspace] Metaspace: 131585K(132864K)->131587K(132864K) NonClass: 115085K(115712K)->115086K(115712K) Class: 16500K(17152K)->16500K(17152K)
[2026-04-03T02:44:34.400+0600][79.189s][info][gc,ergo     ] Pacer for Idle. Initial: 35840K, Alloc Tax Rate: 1.0x
[2026-04-03T02:44:35.520+0600][80.309s][info][gc          ] Trigger: Average GC time (189.07 ms) is above the time for average allocation rate (1142 MB/s) to deplete free headroom (215M) (margin of error = 1.86)
[2026-04-03T02:44:35.520+0600][80.309s][info][gc,ergo     ] Free headroom: 303M (free) - 89600K (spike) - 0B (penalties) = 215M
[2026-04-03T02:44:35.520+0600][80.309s][info][gc,ergo     ] Free: 303M, Max: 512K regular, 301M humongous, Frag: 0% external, 0% internal; Reserve: 89600K, Max: 512K
[2026-04-03T02:44:35.520+0600][80.309s][info][gc,start    ] GC(62) Concurrent reset
[2026-04-03T02:44:35.520+0600][80.309s][info][gc,task     ] GC(62) Using 3 of 6 workers for concurrent reset
[2026-04-03T02:44:35.520+0600][80.309s][info][gc,ergo     ] GC(62) Pacer for Reset. Non-Taxable: 1750M
[2026-04-03T02:44:35.523+0600][80.312s][info][gc          ] GC(62) Concurrent reset 2.791ms
[2026-04-03T02:44:35.523+0600][80.312s][info][gc,start    ] GC(62) Pause Init Mark (unload classes)
[2026-04-03T02:44:35.523+0600][80.312s][info][gc,task     ] GC(62) Using 6 of 6 workers for init marking
[2026-04-03T02:44:35.523+0600][80.312s][info][gc,ergo     ] GC(62) Pacer for Mark. Expected Live: 99759K, Free: 302M, Non-Taxable: 30989K, Alloc Tax Rate: 0.4x
[2026-04-03T02:44:35.523+0600][80.312s][info][gc          ] GC(62) Pause Init Mark (unload classes) 0.156ms
[2026-04-03T02:44:35.523+0600][80.313s][info][gc,start    ] GC(62) Concurrent marking roots
[2026-04-03T02:44:35.523+0600][80.313s][info][gc,task     ] GC(62) Using 3 of 6 workers for concurrent marking roots
[2026-04-03T02:44:35.525+0600][80.314s][info][gc          ] GC(62) Concurrent marking roots 1.412ms
[2026-04-03T02:44:35.525+0600][80.314s][info][gc,start    ] GC(62) Concurrent marking (unload classes)
[2026-04-03T02:44:35.525+0600][80.314s][info][gc,task     ] GC(62) Using 3 of 6 workers for concurrent marking
[2026-04-03T02:44:35.574+0600][80.364s][info][gc          ] GC(62) Concurrent marking (unload classes) 49.764ms
[2026-04-03T02:44:35.575+0600][80.364s][info][gc,start    ] GC(62) Pause Final Mark (unload classes)
[2026-04-03T02:44:35.575+0600][80.364s][info][gc,task     ] GC(62) Using 6 of 6 workers for final marking
[2026-04-03T02:44:35.575+0600][80.364s][info][gc,ergo     ] GC(62) Adaptive CSet Selection. Target Free: 247M, Actual Free: 1232M, Max CSet: 74666K, Min Garbage: 0B
[2026-04-03T02:44:35.575+0600][80.364s][info][gc,ergo     ] GC(62) Collectable Garbage: 1142M (99%), Immediate: 861M (74%), CSet: 280M (24%)
[2026-04-03T02:44:35.575+0600][80.364s][info][gc,ergo     ] GC(62) Pacer for Evacuation. Used CSet: 288M, Free: 1261M, Non-Taxable: 126M, Alloc Tax Rate: 1.1x
[2026-04-03T02:44:35.575+0600][80.365s][info][gc          ] GC(62) Pause Final Mark (unload classes) 0.639ms
[2026-04-03T02:44:35.575+0600][80.365s][info][gc,start    ] GC(62) Concurrent thread roots
[2026-04-03T02:44:35.575+0600][80.365s][info][gc,task     ] GC(62) Using 3 of 6 workers for Concurrent thread roots
[2026-04-03T02:44:35.576+0600][80.366s][info][gc          ] GC(62) Concurrent thread roots 1.001ms
[2026-04-03T02:44:35.576+0600][80.366s][info][gc,start    ] GC(62) Concurrent weak references
[2026-04-03T02:44:35.576+0600][80.366s][info][gc,task     ] GC(62) Using 3 of 6 workers for concurrent weak references
[2026-04-03T02:44:35.577+0600][80.366s][info][gc,ref      ] GC(62) Encountered references: Soft: 3784, Weak: 17711, Final: 84, Phantom: 620
[2026-04-03T02:44:35.577+0600][80.366s][info][gc,ref      ] GC(62) Discovered  references: Soft: 0, Weak: 8451, Final: 0, Phantom: 615
[2026-04-03T02:44:35.577+0600][80.366s][info][gc,ref      ] GC(62) Enqueued    references: Soft: 0, Weak: 3111, Final: 0, Phantom: 0
[2026-04-03T02:44:35.577+0600][80.366s][info][gc          ] GC(62) Concurrent weak references 0.773ms
[2026-04-03T02:44:35.577+0600][80.366s][info][gc,start    ] GC(62) Concurrent weak roots
[2026-04-03T02:44:35.577+0600][80.366s][info][gc,task     ] GC(62) Using 3 of 6 workers for concurrent weak root
[2026-04-03T02:44:35.582+0600][80.371s][info][gc          ] GC(62) Concurrent weak roots 4.991ms
[2026-04-03T02:44:35.582+0600][80.371s][info][gc,start    ] GC(62) Concurrent cleanup
[2026-04-03T02:44:35.583+0600][80.373s][info][gc          ] GC(62) Concurrent cleanup 1261M->399M(1545M) 1.046ms
[2026-04-03T02:44:35.583+0600][80.373s][info][gc,ergo     ] GC(62) Free: 1259M, Max: 512K regular, 282M humongous, Frag: 78% external, 0% internal; Reserve: 88988K, Max: 512K
[2026-04-03T02:44:35.583+0600][80.373s][info][gc,start    ] GC(62) Concurrent class unloading
[2026-04-03T02:44:35.583+0600][80.373s][info][gc,task     ] GC(62) Using 3 of 6 workers for concurrent class unloading
[2026-04-03T02:44:35.602+0600][80.391s][info][gc          ] GC(62) Concurrent class unloading 18.800ms
[2026-04-03T02:44:35.602+0600][80.391s][info][gc,start    ] GC(62) Concurrent strong roots
[2026-04-03T02:44:35.602+0600][80.392s][info][gc,task     ] GC(62) Using 3 of 6 workers for concurrent strong root
[2026-04-03T02:44:35.603+0600][80.393s][info][gc          ] GC(62) Concurrent strong roots 1.156ms
[2026-04-03T02:44:35.603+0600][80.393s][info][gc,start    ] GC(62) Concurrent evacuation
[2026-04-03T02:44:35.603+0600][80.393s][info][gc,task     ] GC(62) Using 3 of 6 workers for concurrent evacuation
[2026-04-03T02:44:35.607+0600][80.397s][info][gc          ] GC(62) Concurrent evacuation 3.897ms
[2026-04-03T02:44:35.607+0600][80.397s][info][gc,start    ] GC(62) Pause Init Update Refs
[2026-04-03T02:44:35.608+0600][80.397s][info][gc,ergo     ] GC(62) Pacer for Update Refs. Used: 416M, Free: 1251M, Non-Taxable: 125M, Alloc Tax Rate: 1.1x
[2026-04-03T02:44:35.608+0600][80.397s][info][gc          ] GC(62) Pause Init Update Refs 0.092ms
[2026-04-03T02:44:35.608+0600][80.397s][info][gc,start    ] GC(62) Concurrent update references
[2026-04-03T02:44:35.608+0600][80.397s][info][gc,task     ] GC(62) Using 3 of 6 workers for concurrent reference update
[2026-04-03T02:44:35.645+0600][80.434s][info][gc          ] GC(62) Concurrent update references 37.054ms
[2026-04-03T02:44:35.645+0600][80.434s][info][gc,start    ] GC(62) Concurrent update thread roots
[2026-04-03T02:44:35.646+0600][80.435s][info][gc          ] GC(62) Concurrent update thread roots 1.017ms
[2026-04-03T02:44:35.646+0600][80.435s][info][gc,start    ] GC(62) Pause Final Update Refs
[2026-04-03T02:44:35.646+0600][80.435s][info][gc,task     ] GC(62) Using 6 of 6 workers for final reference update
[2026-04-03T02:44:35.646+0600][80.435s][info][gc          ] GC(62) Pause Final Update Refs 0.170ms
[2026-04-03T02:44:35.646+0600][80.435s][info][gc,start    ] GC(62) Concurrent cleanup
[2026-04-03T02:44:35.647+0600][80.436s][info][gc          ] GC(62) Concurrent cleanup 433M->145M(1545M) 0.615ms
[2026-04-03T02:44:35.647+0600][80.436s][info][gc,ergo     ] Free: 1511M, Max: 512K regular, 992M humongous, Frag: 35% external, 0% internal; Reserve: 89600K, Max: 512K
[2026-04-03T02:44:35.647+0600][80.436s][info][gc,stats    ] 
[2026-04-03T02:44:35.647+0600][80.436s][info][gc,stats    ] All times are wall-clock times, except per-root-class counters, that are sum over
[2026-04-03T02:44:35.647+0600][80.436s][info][gc,stats    ] all workers. Dividing the <total> over the root stage time estimates parallelism.
[2026-04-03T02:44:35.647+0600][80.436s][info][gc,stats    ] 
[2026-04-03T02:44:35.647+0600][80.436s][info][gc,stats    ] Concurrent Reset                   2844 us
[2026-04-03T02:44:35.647+0600][80.436s][info][gc,stats    ] Pause Init Mark (G)                 288 us
[2026-04-03T02:44:35.647+0600][80.436s][info][gc,stats    ] Pause Init Mark (N)                 166 us
[2026-04-03T02:44:35.647+0600][80.436s][info][gc,stats    ]   Update Region States               33 us
[2026-04-03T02:44:35.647+0600][80.436s][info][gc,stats    ] Concurrent Mark Roots              1468 us, parallelism: 2.05x
[2026-04-03T02:44:35.647+0600][80.436s][info][gc,stats    ]   CMR: <total>                     3005 us
[2026-04-03T02:44:35.647+0600][80.436s][info][gc,stats    ]   CMR: Thread Roots                2531 us, workers (us): 561, 985, 986, ---, ---, ---, 
[2026-04-03T02:44:35.647+0600][80.436s][info][gc,stats    ]   CMR: VM Strong Roots               57 us, workers (us):  26,  18,  14, ---, ---, ---, 
[2026-04-03T02:44:35.647+0600][80.436s][info][gc,stats    ]   CMR: CLDG Roots                   416 us, workers (us): 416, ---, ---, ---, ---, ---, 
[2026-04-03T02:44:35.647+0600][80.436s][info][gc,stats    ] Concurrent Marking                49836 us
[2026-04-03T02:44:35.647+0600][80.436s][info][gc,stats    ] Pause Final Mark (G)                722 us
[2026-04-03T02:44:35.647+0600][80.436s][info][gc,stats    ] Pause Final Mark (N)                649 us
[2026-04-03T02:44:35.647+0600][80.436s][info][gc,stats    ]   Finish Mark                       202 us
[2026-04-03T02:44:35.647+0600][80.436s][info][gc,stats    ]   Update Region States               53 us
[2026-04-03T02:44:35.647+0600][80.436s][info][gc,stats    ]   Choose Collection Set             244 us
[2026-04-03T02:44:35.647+0600][80.436s][info][gc,stats    ]   Rebuild Free Set                   50 us
[2026-04-03T02:44:35.647+0600][80.436s][info][gc,stats    ] Concurrent Thread Roots            1048 us, parallelism: 2.07x
[2026-04-03T02:44:35.647+0600][80.436s][info][gc,stats    ]   CTR: <total>                     2171 us
[2026-04-03T02:44:35.647+0600][80.436s][info][gc,stats    ]   CTR: Thread Roots                2171 us, workers (us): 740, 731, 700, ---, ---, ---, 
[2026-04-03T02:44:35.647+0600][80.436s][info][gc,stats    ] Concurrent Weak References          784 us, parallelism: 1.34x
[2026-04-03T02:44:35.647+0600][80.436s][info][gc,stats    ]   CWRF: <total>                    1054 us
[2026-04-03T02:44:35.647+0600][80.436s][info][gc,stats    ]   CWRF: Weak References            1054 us, workers (us): 168, 371, 515, ---, ---, ---, 
[2026-04-03T02:44:35.647+0600][80.436s][info][gc,stats    ] Concurrent Weak Roots              5069 us
[2026-04-03T02:44:35.647+0600][80.436s][info][gc,stats    ]   Roots                            4632 us, parallelism: 2.70x
[2026-04-03T02:44:35.647+0600][80.436s][info][gc,stats    ]     CWR: <total>                  12491 us
[2026-04-03T02:44:35.647+0600][80.436s][info][gc,stats    ]     CWR: Code Cache Roots          9952 us, workers (us): 3471, 3089, 3391, ---, ---, ---, 
[2026-04-03T02:44:35.647+0600][80.436s][info][gc,stats    ]     CWR: VM Weak Roots             2328 us, workers (us): 797, 780, 751, ---, ---, ---, 
[2026-04-03T02:44:35.647+0600][80.436s][info][gc,stats    ]     CWR: CLDG Roots                 212 us, workers (us): ---, 212, ---, ---, ---, ---, 
[2026-04-03T02:44:35.647+0600][80.436s][info][gc,stats    ]   Rendezvous                        338 us
[2026-04-03T02:44:35.647+0600][80.436s][info][gc,stats    ] Concurrent Cleanup                 1080 us
[2026-04-03T02:44:35.647+0600][80.436s][info][gc,stats    ] Concurrent Class Unloading        18898 us
[2026-04-03T02:44:35.647+0600][80.436s][info][gc,stats    ]   Unlink Stale                    16228 us
[2026-04-03T02:44:35.647+0600][80.436s][info][gc,stats    ]     System Dictionary               262 us
[2026-04-03T02:44:35.647+0600][80.436s][info][gc,stats    ]     Weak Class Links                  0 us
[2026-04-03T02:44:35.647+0600][80.436s][info][gc,stats    ]     Code Roots                    15962 us
[2026-04-03T02:44:35.647+0600][80.436s][info][gc,stats    ]   Rendezvous                        433 us
[2026-04-03T02:44:35.647+0600][80.436s][info][gc,stats    ]   Purge Unlinked                   2106 us
[2026-04-03T02:44:35.647+0600][80.436s][info][gc,stats    ]     Code Roots                     2084 us
[2026-04-03T02:44:35.647+0600][80.436s][info][gc,stats    ]     CLDG                             21 us
[2026-04-03T02:44:35.647+0600][80.436s][info][gc,stats    ]     Exception Caches                  0 us
[2026-04-03T02:44:35.647+0600][80.436s][info][gc,stats    ] Concurrent Strong Roots            1193 us, parallelism: 0.64x
[2026-04-03T02:44:35.647+0600][80.436s][info][gc,stats    ]   CSR: <total>                      764 us
[2026-04-03T02:44:35.647+0600][80.436s][info][gc,stats    ]   CSR: VM Strong Roots               39 us, workers (us):  36,   2,   1, ---, ---, ---, 
[2026-04-03T02:44:35.647+0600][80.436s][info][gc,stats    ]   CSR: CLDG Roots                   726 us, workers (us): 726, ---, ---, ---, ---, ---, 
[2026-04-03T02:44:35.647+0600][80.436s][info][gc,stats    ] Concurrent Evacuation              3975 us
[2026-04-03T02:44:35.647+0600][80.436s][info][gc,stats    ] Pause Init Update Refs (G)          324 us
[2026-04-03T02:44:35.647+0600][80.436s][info][gc,stats    ] Pause Init Update Refs (N)          105 us
[2026-04-03T02:44:35.647+0600][80.436s][info][gc,stats    ]   Manage GCLABs                      39 us
[2026-04-03T02:44:35.647+0600][80.437s][info][gc,stats    ] Concurrent Update Refs            37148 us
[2026-04-03T02:44:35.647+0600][80.437s][info][gc,stats    ] Concurrent Update Thread Roots     1044 us
[2026-04-03T02:44:35.647+0600][80.437s][info][gc,stats    ] Pause Final Update Refs (G)         260 us
[2026-04-03T02:44:35.647+0600][80.437s][info][gc,stats    ] Pause Final Update Refs (N)         182 us
[2026-04-03T02:44:35.647+0600][80.437s][info][gc,stats    ]   Update Region States               60 us
[2026-04-03T02:44:35.647+0600][80.437s][info][gc,stats    ]   Trash Collection Set               23 us
[2026-04-03T02:44:35.647+0600][80.437s][info][gc,stats    ]   Rebuild Free Set                   50 us
[2026-04-03T02:44:35.647+0600][80.437s][info][gc,stats    ] Concurrent Cleanup                  628 us
[2026-04-03T02:44:35.647+0600][80.437s][info][gc,stats    ] 
[2026-04-03T02:44:35.647+0600][80.437s][info][gc,stats    ] Allocation pacing accrued:
[2026-04-03T02:44:35.647+0600][80.437s][info][gc,stats    ]       0 of  1248 ms (  0.0%): <total>
[2026-04-03T02:44:35.647+0600][80.437s][info][gc,stats    ]       0 of  1248 ms (  0.0%): <average total>
[2026-04-03T02:44:35.647+0600][80.437s][info][gc,stats    ] 
[2026-04-03T02:44:35.647+0600][80.437s][info][gc,metaspace] Metaspace: 131600K(132864K)->131600K(132864K) NonClass: 115099K(115712K)->115099K(115712K) Class: 16500K(17152K)->16500K(17152K)
[2026-04-03T02:44:35.647+0600][80.437s][info][gc,ergo     ] Pacer for Idle. Initial: 35840K, Alloc Tax Rate: 1.0x
[2026-04-03T02:44:36.051+0600][80.841s][info][gc          ] Trigger: Average GC time (186.17 ms) is above the time for instantaneous allocation rate (3798 MB/s) to deplete free headroom (695M) (spike threshold = 1.80)
[2026-04-03T02:44:36.051+0600][80.841s][info][gc,ergo     ] Free: 783M, Max: 512K regular, 499M humongous, Frag: 37% external, 0% internal; Reserve: 89600K, Max: 512K
[2026-04-03T02:44:36.051+0600][80.841s][info][gc,start    ] GC(63) Concurrent reset
[2026-04-03T02:44:36.051+0600][80.841s][info][gc,task     ] GC(63) Using 3 of 6 workers for concurrent reset
[2026-04-03T02:44:36.051+0600][80.841s][info][gc,ergo     ] GC(63) Pacer for Reset. Non-Taxable: 1750M
[2026-04-03T02:44:36.053+0600][80.843s][info][gc          ] GC(63) Concurrent reset 2.182ms
[2026-04-03T02:44:36.054+0600][80.843s][info][gc,start    ] GC(63) Pause Init Mark (unload classes)
[2026-04-03T02:44:36.054+0600][80.843s][info][gc,task     ] GC(63) Using 6 of 6 workers for init marking
[2026-04-03T02:44:36.054+0600][80.843s][info][gc,ergo     ] GC(63) Pacer for Mark. Expected Live: 99914K, Free: 780M, Non-Taxable: 79933K, Alloc Tax Rate: 0.2x
[2026-04-03T02:44:36.054+0600][80.843s][info][gc          ] GC(63) Pause Init Mark (unload classes) 0.148ms
[2026-04-03T02:44:36.054+0600][80.843s][info][gc,start    ] GC(63) Concurrent marking roots
[2026-04-03T02:44:36.054+0600][80.843s][info][gc,task     ] GC(63) Using 3 of 6 workers for concurrent marking roots
[2026-04-03T02:44:36.056+0600][80.845s][info][gc          ] GC(63) Concurrent marking roots 1.833ms
[2026-04-03T02:44:36.056+0600][80.845s][info][gc,start    ] GC(63) Concurrent marking (unload classes)
[2026-04-03T02:44:36.056+0600][80.845s][info][gc,task     ] GC(63) Using 3 of 6 workers for concurrent marking
[2026-04-03T02:44:36.126+0600][80.915s][info][gc          ] GC(63) Concurrent marking (unload classes) 70.199ms
[2026-04-03T02:44:36.127+0600][80.917s][info][gc,start    ] GC(63) Pause Final Mark (unload classes)
[2026-04-03T02:44:36.127+0600][80.917s][info][gc,task     ] GC(63) Using 6 of 6 workers for final marking
[2026-04-03T02:44:36.128+0600][80.917s][info][gc,ergo     ] GC(63) Adaptive CSet Selection. Target Free: 247M, Actual Free: 1356M, Max CSet: 74666K, Min Garbage: 0B
[2026-04-03T02:44:36.128+0600][80.917s][info][gc,ergo     ] GC(63) Collectable Garbage: 717M (98%), Immediate: 634M (87%), CSet: 85197K (11%)
[2026-04-03T02:44:36.128+0600][80.917s][info][gc,ergo     ] GC(63) Pacer for Evacuation. Used CSet: 90405K, Free: 1332M, Non-Taxable: 133M, Alloc Tax Rate: 1.1x
[2026-04-03T02:44:36.128+0600][80.917s][info][gc          ] GC(63) Pause Final Mark (unload classes) 0.700ms
[2026-04-03T02:44:36.128+0600][80.917s][info][gc,start    ] GC(63) Concurrent thread roots
[2026-04-03T02:44:36.128+0600][80.918s][info][gc,task     ] GC(63) Using 3 of 6 workers for Concurrent thread roots
[2026-04-03T02:44:36.130+0600][80.919s][info][gc          ] GC(63) Concurrent thread roots 1.440ms
[2026-04-03T02:44:36.130+0600][80.919s][info][gc,start    ] GC(63) Concurrent weak references
[2026-04-03T02:44:36.130+0600][80.919s][info][gc,task     ] GC(63) Using 3 of 6 workers for concurrent weak references
[2026-04-03T02:44:36.131+0600][80.920s][info][gc,ref      ] GC(63) Encountered references: Soft: 3792, Weak: 15576, Final: 84, Phantom: 620
[2026-04-03T02:44:36.131+0600][80.920s][info][gc,ref      ] GC(63) Discovered  references: Soft: 0, Weak: 8546, Final: 52, Phantom: 615
[2026-04-03T02:44:36.131+0600][80.920s][info][gc,ref      ] GC(63) Enqueued    references: Soft: 0, Weak: 804, Final: 0, Phantom: 0
[2026-04-03T02:44:36.131+0600][80.920s][info][gc          ] GC(63) Concurrent weak references 1.313ms
[2026-04-03T02:44:36.131+0600][80.920s][info][gc,start    ] GC(63) Concurrent weak roots
[2026-04-03T02:44:36.131+0600][80.920s][info][gc,task     ] GC(63) Using 3 of 6 workers for concurrent weak root
[2026-04-03T02:44:36.138+0600][80.928s][info][gc          ] GC(63) Concurrent weak roots 7.323ms
[2026-04-03T02:44:36.138+0600][80.928s][info][gc,start    ] GC(63) Concurrent cleanup
[2026-04-03T02:44:36.140+0600][80.929s][info][gc          ] GC(63) Concurrent cleanup 1060M->430M(1545M) 1.045ms
[2026-04-03T02:44:36.140+0600][80.929s][info][gc,ergo     ] GC(63) Free: 1203M, Max: 512K regular, 281M humongous, Frag: 77% external, 0% internal; Reserve: 88701K, Max: 512K
[2026-04-03T02:44:36.140+0600][80.929s][info][gc,start    ] GC(63) Concurrent class unloading
[2026-04-03T02:44:36.140+0600][80.929s][info][gc,task     ] GC(63) Using 3 of 6 workers for concurrent class unloading
[2026-04-03T02:44:36.156+0600][80.945s][info][gc          ] GC(63) Concurrent class unloading 16.017ms
[2026-04-03T02:44:36.156+0600][80.945s][info][gc,start    ] GC(63) Concurrent strong roots
[2026-04-03T02:44:36.156+0600][80.945s][info][gc,task     ] GC(63) Using 3 of 6 workers for concurrent strong root
[2026-04-03T02:44:36.157+0600][80.946s][info][gc          ] GC(63) Concurrent strong roots 1.228ms
[2026-04-03T02:44:36.157+0600][80.947s][info][gc,start    ] GC(63) Concurrent evacuation
[2026-04-03T02:44:36.157+0600][80.947s][info][gc,task     ] GC(63) Using 3 of 6 workers for concurrent evacuation
[2026-04-03T02:44:36.159+0600][80.949s][info][gc          ] GC(63) Concurrent evacuation 2.196ms
[2026-04-03T02:44:36.160+0600][80.949s][info][gc,start    ] GC(63) Pause Init Update Refs
[2026-04-03T02:44:36.160+0600][80.949s][info][gc,ergo     ] GC(63) Pacer for Update Refs. Used: 445M, Free: 1192M, Non-Taxable: 119M, Alloc Tax Rate: 1.1x
[2026-04-03T02:44:36.160+0600][80.949s][info][gc          ] GC(63) Pause Init Update Refs 0.145ms
[2026-04-03T02:44:36.160+0600][80.949s][info][gc,start    ] GC(63) Concurrent update references
[2026-04-03T02:44:36.160+0600][80.949s][info][gc,task     ] GC(63) Using 3 of 6 workers for concurrent reference update
[2026-04-03T02:44:36.211+0600][81.001s][info][gc          ] GC(63) Concurrent update references 51.365ms
[2026-04-03T02:44:36.211+0600][81.001s][info][gc,start    ] GC(63) Concurrent update thread roots
[2026-04-03T02:44:36.213+0600][81.002s][info][gc          ] GC(63) Concurrent update thread roots 1.779ms
[2026-04-03T02:44:36.213+0600][81.003s][info][gc,start    ] GC(63) Pause Final Update Refs
[2026-04-03T02:44:36.213+0600][81.003s][info][gc,task     ] GC(63) Using 6 of 6 workers for final reference update
[2026-04-03T02:44:36.214+0600][81.003s][info][gc          ] GC(63) Pause Final Update Refs 0.217ms
[2026-04-03T02:44:36.214+0600][81.003s][info][gc,start    ] GC(63) Concurrent cleanup
[2026-04-03T02:44:36.214+0600][81.004s][info][gc          ] GC(63) Concurrent cleanup 564M->479M(1545M) 0.768ms
[2026-04-03T02:44:36.215+0600][81.004s][info][gc,ergo     ] Free: 1140M, Max: 512K regular, 495M humongous, Frag: 57% external, 0% internal; Reserve: 89600K, Max: 512K
[2026-04-03T02:44:36.215+0600][81.004s][info][gc,stats    ] 
[2026-04-03T02:44:36.215+0600][81.004s][info][gc,stats    ] All times are wall-clock times, except per-root-class counters, that are sum over
[2026-04-03T02:44:36.215+0600][81.004s][info][gc,stats    ] all workers. Dividing the <total> over the root stage time estimates parallelism.
[2026-04-03T02:44:36.215+0600][81.004s][info][gc,stats    ] 
[2026-04-03T02:44:36.215+0600][81.004s][info][gc,stats    ] Concurrent Reset                   2287 us
[2026-04-03T02:44:36.215+0600][81.004s][info][gc,stats    ] Pause Init Mark (G)                 392 us
[2026-04-03T02:44:36.215+0600][81.004s][info][gc,stats    ] Pause Init Mark (N)                 157 us
[2026-04-03T02:44:36.215+0600][81.004s][info][gc,stats    ]   Update Region States               33 us
[2026-04-03T02:44:36.215+0600][81.004s][info][gc,stats    ] Concurrent Mark Roots              1894 us, parallelism: 2.28x
[2026-04-03T02:44:36.215+0600][81.004s][info][gc,stats    ]   CMR: <total>                     4313 us
[2026-04-03T02:44:36.215+0600][81.004s][info][gc,stats    ]   CMR: Thread Roots                3848 us, workers (us): 1426, 1009, 1413, ---, ---, ---, 
[2026-04-03T02:44:36.215+0600][81.004s][info][gc,stats    ]   CMR: VM Strong Roots               58 us, workers (us):  35,  23,   1, ---, ---, ---, 
[2026-04-03T02:44:36.215+0600][81.004s][info][gc,stats    ]   CMR: CLDG Roots                   406 us, workers (us): ---, 406, ---, ---, ---, ---, 
[2026-04-03T02:44:36.215+0600][81.004s][info][gc,stats    ] Concurrent Marking                70306 us
[2026-04-03T02:44:36.215+0600][81.004s][info][gc,stats    ] Pause Final Mark (G)               1948 us
[2026-04-03T02:44:36.215+0600][81.004s][info][gc,stats    ] Pause Final Mark (N)                711 us
[2026-04-03T02:44:36.215+0600][81.004s][info][gc,stats    ]   Finish Mark                       216 us
[2026-04-03T02:44:36.215+0600][81.004s][info][gc,stats    ]   Update Region States               85 us
[2026-04-03T02:44:36.215+0600][81.004s][info][gc,stats    ]   Choose Collection Set             176 us
[2026-04-03T02:44:36.215+0600][81.004s][info][gc,stats    ]   Rebuild Free Set                   44 us
[2026-04-03T02:44:36.215+0600][81.004s][info][gc,stats    ] Concurrent Thread Roots            1509 us, parallelism: 2.49x
[2026-04-03T02:44:36.215+0600][81.004s][info][gc,stats    ]   CTR: <total>                     3761 us
[2026-04-03T02:44:36.215+0600][81.004s][info][gc,stats    ]   CTR: Thread Roots                3761 us, workers (us): 1288, 1254, 1219, ---, ---, ---, 
[2026-04-03T02:44:36.215+0600][81.004s][info][gc,stats    ] Concurrent Weak References         1333 us, parallelism: 1.02x
[2026-04-03T02:44:36.215+0600][81.004s][info][gc,stats    ]   CWRF: <total>                    1365 us
[2026-04-03T02:44:36.215+0600][81.004s][info][gc,stats    ]   CWRF: Weak References            1365 us, workers (us): 132, 929, 304, ---, ---, ---, 
[2026-04-03T02:44:36.215+0600][81.004s][info][gc,stats    ] Concurrent Weak Roots              7512 us
[2026-04-03T02:44:36.215+0600][81.004s][info][gc,stats    ]   Roots                            6054 us, parallelism: 2.67x
[2026-04-03T02:44:36.215+0600][81.004s][info][gc,stats    ]     CWR: <total>                  16176 us
[2026-04-03T02:44:36.215+0600][81.004s][info][gc,stats    ]     CWR: Code Cache Roots         13249 us, workers (us): 4329, 4281, 4639, ---, ---, ---, 
[2026-04-03T02:44:36.215+0600][81.004s][info][gc,stats    ]     CWR: VM Weak Roots             2642 us, workers (us): 919, 882, 841, ---, ---, ---, 
[2026-04-03T02:44:36.215+0600][81.004s][info][gc,stats    ]     CWR: CLDG Roots                 285 us, workers (us): ---, 285, ---, ---, ---, ---, 
[2026-04-03T02:44:36.215+0600][81.004s][info][gc,stats    ]   Rendezvous                       1227 us
[2026-04-03T02:44:36.215+0600][81.005s][info][gc,stats    ] Concurrent Cleanup                 1129 us
[2026-04-03T02:44:36.215+0600][81.005s][info][gc,stats    ] Concurrent Class Unloading        16095 us
[2026-04-03T02:44:36.215+0600][81.005s][info][gc,stats    ]   Unlink Stale                    14577 us
[2026-04-03T02:44:36.215+0600][81.005s][info][gc,stats    ]     System Dictionary               382 us
[2026-04-03T02:44:36.215+0600][81.005s][info][gc,stats    ]     Weak Class Links                  1 us
[2026-04-03T02:44:36.215+0600][81.005s][info][gc,stats    ]     Code Roots                    14189 us
[2026-04-03T02:44:36.215+0600][81.005s][info][gc,stats    ]   Rendezvous                        348 us
[2026-04-03T02:44:36.215+0600][81.005s][info][gc,stats    ]   Purge Unlinked                   1038 us
[2026-04-03T02:44:36.215+0600][81.005s][info][gc,stats    ]     Code Roots                     1028 us
[2026-04-03T02:44:36.215+0600][81.005s][info][gc,stats    ]     CLDG                              9 us
[2026-04-03T02:44:36.215+0600][81.005s][info][gc,stats    ]     Exception Caches                  0 us
[2026-04-03T02:44:36.215+0600][81.005s][info][gc,stats    ] Concurrent Strong Roots            1302 us, parallelism: 0.62x
[2026-04-03T02:44:36.215+0600][81.005s][info][gc,stats    ]   CSR: <total>                      801 us
[2026-04-03T02:44:36.215+0600][81.005s][info][gc,stats    ]   CSR: VM Strong Roots               36 us, workers (us):  30,   5,   1, ---, ---, ---, 
[2026-04-03T02:44:36.215+0600][81.005s][info][gc,stats    ]   CSR: CLDG Roots                   764 us, workers (us): ---, ---, 764, ---, ---, ---, 
[2026-04-03T02:44:36.215+0600][81.005s][info][gc,stats    ] Concurrent Evacuation              2251 us
[2026-04-03T02:44:36.215+0600][81.005s][info][gc,stats    ] Pause Init Update Refs (G)          477 us
[2026-04-03T02:44:36.215+0600][81.005s][info][gc,stats    ] Pause Init Update Refs (N)          159 us
[2026-04-03T02:44:36.215+0600][81.005s][info][gc,stats    ]   Manage GCLABs                      38 us
[2026-04-03T02:44:36.215+0600][81.005s][info][gc,stats    ] Concurrent Update Refs            51455 us
[2026-04-03T02:44:36.215+0600][81.005s][info][gc,stats    ] Concurrent Update Thread Roots     1872 us
[2026-04-03T02:44:36.215+0600][81.005s][info][gc,stats    ] Pause Final Update Refs (G)         502 us
[2026-04-03T02:44:36.215+0600][81.005s][info][gc,stats    ] Pause Final Update Refs (N)         248 us
[2026-04-03T02:44:36.215+0600][81.005s][info][gc,stats    ]   Update Region States               66 us
[2026-04-03T02:44:36.215+0600][81.005s][info][gc,stats    ]   Trash Collection Set               14 us
[2026-04-03T02:44:36.215+0600][81.005s][info][gc,stats    ]   Rebuild Free Set                   48 us
[2026-04-03T02:44:36.215+0600][81.005s][info][gc,stats    ] Concurrent Cleanup                  804 us
[2026-04-03T02:44:36.215+0600][81.005s][info][gc,stats    ] Pacing                           121840 us
[2026-04-03T02:44:36.215+0600][81.005s][info][gc,stats    ] 
[2026-04-03T02:44:36.215+0600][81.005s][info][gc,stats    ] Allocation pacing accrued:
[2026-04-03T02:44:36.216+0600][81.005s][info][gc,stats    ]       7 of   568 ms (  1.1%): dispatcher-event-loop-4
[2026-04-03T02:44:36.216+0600][81.005s][info][gc,stats    ]      21 of   568 ms (  3.6%): Executor task launch worker for task 0.0 in stage 3760.0 (TID 6971)
[2026-04-03T02:44:36.216+0600][81.005s][info][gc,stats    ]      21 of   568 ms (  3.6%): Executor task launch worker for task 2.0 in stage 3760.0 (TID 6973)
[2026-04-03T02:44:36.216+0600][81.005s][info][gc,stats    ]      21 of   568 ms (  3.6%): Executor task launch worker for task 1.0 in stage 3760.0 (TID 6972)
[2026-04-03T02:44:36.216+0600][81.005s][info][gc,stats    ]      11 of   568 ms (  2.0%): Executor task launch worker for task 3.0 in stage 3760.0 (TID 6974)
[2026-04-03T02:44:36.216+0600][81.005s][info][gc,stats    ]      21 of   568 ms (  3.7%): block-manager-storage-async-thread-pool-9
[2026-04-03T02:44:36.216+0600][81.005s][info][gc,stats    ]      21 of   568 ms (  3.7%): block-manager-storage-async-thread-pool-91
[2026-04-03T02:44:36.216+0600][81.005s][info][gc,stats    ]     122 of   568 ms ( 21.4%): <total>
[2026-04-03T02:44:36.216+0600][81.005s][info][gc,stats    ]       0 of   568 ms (  0.1%): <average total>
[2026-04-03T02:44:36.216+0600][81.005s][info][gc,stats    ]      17 of   568 ms (  3.1%): <average non-zero>
[2026-04-03T02:44:36.216+0600][81.005s][info][gc,stats    ] 
[2026-04-03T02:44:36.216+0600][81.005s][info][gc,metaspace] Metaspace: 131605K(132864K)->131605K(132864K) NonClass: 115104K(115712K)->115104K(115712K) Class: 16501K(17152K)->16501K(17152K)
[2026-04-03T02:44:36.216+0600][81.005s][info][gc,ergo     ] Pacer for Idle. Initial: 35840K, Alloc Tax Rate: 1.0x
[2026-04-03T02:44:36.988+0600][81.777s][info][gc          ] Trigger: Average GC time (187.03 ms) is above the time for average allocation rate (1322 MB/s) to deplete free headroom (245M) (margin of error = 1.85)
[2026-04-03T02:44:36.988+0600][81.777s][info][gc,ergo     ] Free headroom: 333M (free) - 89600K (spike) - 0B (penalties) = 245M
[2026-04-03T02:44:36.988+0600][81.777s][info][gc,ergo     ] Free: 333M, Max: 512K regular, 281M humongous, Frag: 16% external, 0% internal; Reserve: 89600K, Max: 512K
[2026-04-03T02:44:36.988+0600][81.777s][info][gc,start    ] GC(64) Concurrent reset
[2026-04-03T02:44:36.988+0600][81.777s][info][gc,task     ] GC(64) Using 3 of 6 workers for concurrent reset
[2026-04-03T02:44:36.988+0600][81.777s][info][gc,ergo     ] GC(64) Pacer for Reset. Non-Taxable: 1750M
[2026-04-03T02:44:36.990+0600][81.779s][info][gc          ] GC(64) Concurrent reset 1.771ms
[2026-04-03T02:44:36.990+0600][81.780s][info][gc,start    ] GC(64) Pause Init Mark (unload classes)
[2026-04-03T02:44:36.990+0600][81.780s][info][gc,task     ] GC(64) Using 6 of 6 workers for init marking
[2026-04-03T02:44:36.990+0600][81.780s][info][gc,ergo     ] GC(64) Pacer for Mark. Expected Live: 100274K, Free: 329M, Non-Taxable: 33690K, Alloc Tax Rate: 0.4x
[2026-04-03T02:44:36.990+0600][81.780s][info][gc          ] GC(64) Pause Init Mark (unload classes) 0.177ms
[2026-04-03T02:44:36.990+0600][81.780s][info][gc,start    ] GC(64) Concurrent marking roots
[2026-04-03T02:44:36.990+0600][81.780s][info][gc,task     ] GC(64) Using 3 of 6 workers for concurrent marking roots
[2026-04-03T02:44:36.992+0600][81.781s][info][gc          ] GC(64) Concurrent marking roots 1.611ms
[2026-04-03T02:44:36.992+0600][81.781s][info][gc,start    ] GC(64) Concurrent marking (unload classes)
[2026-04-03T02:44:36.992+0600][81.782s][info][gc,task     ] GC(64) Using 3 of 6 workers for concurrent marking
[2026-04-03T02:44:37.059+0600][81.849s][info][gc          ] GC(64) Concurrent marking (unload classes) 67.335ms
[2026-04-03T02:44:37.060+0600][81.849s][info][gc,start    ] GC(64) Pause Final Mark (unload classes)
[2026-04-03T02:44:37.060+0600][81.849s][info][gc,task     ] GC(64) Using 6 of 6 workers for final marking
[2026-04-03T02:44:37.060+0600][81.849s][info][gc,ergo     ] GC(64) Adaptive CSet Selection. Target Free: 247M, Actual Free: 1232M, Max CSet: 74666K, Min Garbage: 0B
[2026-04-03T02:44:37.060+0600][81.850s][info][gc,ergo     ] GC(64) Collectable Garbage: 1115M (99%), Immediate: 866M (77%), CSet: 249M (22%)
[2026-04-03T02:44:37.060+0600][81.850s][info][gc,ergo     ] GC(64) Pacer for Evacuation. Used CSet: 258M, Free: 1261M, Non-Taxable: 126M, Alloc Tax Rate: 1.1x
[2026-04-03T02:44:37.060+0600][81.850s][info][gc          ] GC(64) Pause Final Mark (unload classes) 0.592ms
[2026-04-03T02:44:37.060+0600][81.850s][info][gc,start    ] GC(64) Concurrent thread roots
[2026-04-03T02:44:37.060+0600][81.850s][info][gc,task     ] GC(64) Using 3 of 6 workers for Concurrent thread roots
[2026-04-03T02:44:37.061+0600][81.851s][info][gc          ] GC(64) Concurrent thread roots 1.023ms
[2026-04-03T02:44:37.061+0600][81.851s][info][gc,start    ] GC(64) Concurrent weak references
[2026-04-03T02:44:37.061+0600][81.851s][info][gc,task     ] GC(64) Using 3 of 6 workers for concurrent weak references
[2026-04-03T02:44:37.062+0600][81.851s][info][gc,ref      ] GC(64) Encountered references: Soft: 3789, Weak: 16142, Final: 84, Phantom: 620
[2026-04-03T02:44:37.062+0600][81.851s][info][gc,ref      ] GC(64) Discovered  references: Soft: 0, Weak: 8254, Final: 0, Phantom: 595
[2026-04-03T02:44:37.062+0600][81.851s][info][gc,ref      ] GC(64) Enqueued    references: Soft: 0, Weak: 624, Final: 0, Phantom: 0
[2026-04-03T02:44:37.062+0600][81.851s][info][gc          ] GC(64) Concurrent weak references 0.601ms
[2026-04-03T02:44:37.062+0600][81.851s][info][gc,start    ] GC(64) Concurrent weak roots
[2026-04-03T02:44:37.062+0600][81.851s][info][gc,task     ] GC(64) Using 3 of 6 workers for concurrent weak root
[2026-04-03T02:44:37.066+0600][81.856s][info][gc          ] GC(64) Concurrent weak roots 4.226ms
[2026-04-03T02:44:37.066+0600][81.856s][info][gc,start    ] GC(64) Concurrent cleanup
[2026-04-03T02:44:37.067+0600][81.857s][info][gc          ] GC(64) Concurrent cleanup 1273M->407M(1545M) 0.775ms
[2026-04-03T02:44:37.067+0600][81.857s][info][gc,ergo     ] GC(64) Free: 1246M, Max: 512K regular, 264M humongous, Frag: 79% external, 0% internal; Reserve: 89209K, Max: 512K
[2026-04-03T02:44:37.067+0600][81.857s][info][gc,start    ] GC(64) Concurrent class unloading
[2026-04-03T02:44:37.067+0600][81.857s][info][gc,task     ] GC(64) Using 3 of 6 workers for concurrent class unloading
[2026-04-03T02:44:37.088+0600][81.877s][info][gc          ] GC(64) Concurrent class unloading 20.222ms
[2026-04-03T02:44:37.088+0600][81.877s][info][gc,start    ] GC(64) Concurrent strong roots
[2026-04-03T02:44:37.088+0600][81.877s][info][gc,task     ] GC(64) Using 3 of 6 workers for concurrent strong root
[2026-04-03T02:44:37.089+0600][81.879s][info][gc          ] GC(64) Concurrent strong roots 1.812ms
[2026-04-03T02:44:37.090+0600][81.879s][info][gc,start    ] GC(64) Concurrent evacuation
[2026-04-03T02:44:37.090+0600][81.879s][info][gc,task     ] GC(64) Using 3 of 6 workers for concurrent evacuation
[2026-04-03T02:44:37.097+0600][81.886s][info][gc          ] GC(64) Concurrent evacuation 7.229ms
[2026-04-03T02:44:37.097+0600][81.887s][info][gc,start    ] GC(64) Pause Init Update Refs
[2026-04-03T02:44:37.097+0600][81.887s][info][gc,ergo     ] GC(64) Pacer for Update Refs. Used: 433M, Free: 1229M, Non-Taxable: 122M, Alloc Tax Rate: 1.1x
[2026-04-03T02:44:37.097+0600][81.887s][info][gc          ] GC(64) Pause Init Update Refs 0.165ms
[2026-04-03T02:44:37.098+0600][81.887s][info][gc,start    ] GC(64) Concurrent update references
[2026-04-03T02:44:37.098+0600][81.887s][info][gc,task     ] GC(64) Using 3 of 6 workers for concurrent reference update
[2026-04-03T02:44:37.151+0600][81.940s][info][gc          ] GC(64) Concurrent update references 52.954ms
[2026-04-03T02:44:37.151+0600][81.940s][info][gc,start    ] GC(64) Concurrent update thread roots
[2026-04-03T02:44:37.153+0600][81.942s][info][gc          ] GC(64) Concurrent update thread roots 2.214ms
[2026-04-03T02:44:37.153+0600][81.943s][info][gc,start    ] GC(64) Pause Final Update Refs
[2026-04-03T02:44:37.153+0600][81.943s][info][gc,task     ] GC(64) Using 6 of 6 workers for final reference update
[2026-04-03T02:44:37.153+0600][81.943s][info][gc          ] GC(64) Pause Final Update Refs 0.262ms
[2026-04-03T02:44:37.154+0600][81.943s][info][gc,start    ] GC(64) Concurrent cleanup
[2026-04-03T02:44:37.154+0600][81.943s][info][gc          ] GC(64) Concurrent cleanup 476M->218M(1545M) 0.433ms
[2026-04-03T02:44:37.154+0600][81.944s][info][gc,ergo     ] Free: 1430M, Max: 512K regular, 961M humongous, Frag: 33% external, 0% internal; Reserve: 89600K, Max: 512K
[2026-04-03T02:44:37.154+0600][81.944s][info][gc,stats    ] 
[2026-04-03T02:44:37.154+0600][81.944s][info][gc,stats    ] All times are wall-clock times, except per-root-class counters, that are sum over
[2026-04-03T02:44:37.154+0600][81.944s][info][gc,stats    ] all workers. Dividing the <total> over the root stage time estimates parallelism.
[2026-04-03T02:44:37.154+0600][81.944s][info][gc,stats    ] 
[2026-04-03T02:44:37.154+0600][81.944s][info][gc,stats    ] Concurrent Reset                   1854 us
[2026-04-03T02:44:37.154+0600][81.944s][info][gc,stats    ] Pause Init Mark (G)                 501 us
[2026-04-03T02:44:37.154+0600][81.944s][info][gc,stats    ] Pause Init Mark (N)                 191 us
[2026-04-03T02:44:37.154+0600][81.944s][info][gc,stats    ]   Update Region States               55 us
[2026-04-03T02:44:37.154+0600][81.944s][info][gc,stats    ] Concurrent Mark Roots              1720 us, parallelism: 1.87x
[2026-04-03T02:44:37.154+0600][81.944s][info][gc,stats    ]   CMR: <total>                     3215 us
[2026-04-03T02:44:37.154+0600][81.944s][info][gc,stats    ]   CMR: Thread Roots                2911 us, workers (us): 798, 1055, 1058, ---, ---, ---, 
[2026-04-03T02:44:37.154+0600][81.944s][info][gc,stats    ]   CMR: VM Strong Roots               48 us, workers (us):  45,   2,   2, ---, ---, ---, 
[2026-04-03T02:44:37.154+0600][81.944s][info][gc,stats    ]   CMR: CLDG Roots                   256 us, workers (us): 256, ---, ---, ---, ---, ---, 
[2026-04-03T02:44:37.154+0600][81.944s][info][gc,stats    ] Concurrent Marking                67399 us
[2026-04-03T02:44:37.154+0600][81.944s][info][gc,stats    ] Pause Final Mark (G)                764 us
[2026-04-03T02:44:37.154+0600][81.944s][info][gc,stats    ] Pause Final Mark (N)                602 us
[2026-04-03T02:44:37.154+0600][81.944s][info][gc,stats    ]   Finish Mark                       161 us
[2026-04-03T02:44:37.154+0600][81.944s][info][gc,stats    ]   Update Region States               40 us
[2026-04-03T02:44:37.154+0600][81.944s][info][gc,stats    ]   Choose Collection Set             223 us
[2026-04-03T02:44:37.154+0600][81.944s][info][gc,stats    ]   Rebuild Free Set                   41 us
[2026-04-03T02:44:37.154+0600][81.944s][info][gc,stats    ] Concurrent Thread Roots            1074 us, parallelism: 2.41x
[2026-04-03T02:44:37.154+0600][81.944s][info][gc,stats    ]   CTR: <total>                     2588 us
[2026-04-03T02:44:37.154+0600][81.944s][info][gc,stats    ]   CTR: Thread Roots                2588 us, workers (us): 900, 838, 851, ---, ---, ---, 
[2026-04-03T02:44:37.155+0600][81.944s][info][gc,stats    ] Concurrent Weak References          615 us, parallelism: 1.75x
[2026-04-03T02:44:37.155+0600][81.944s][info][gc,stats    ]   CWRF: <total>                    1075 us
[2026-04-03T02:44:37.155+0600][81.944s][info][gc,stats    ]   CWRF: Weak References            1075 us, workers (us): 415, 237, 423, ---, ---, ---, 
[2026-04-03T02:44:37.155+0600][81.944s][info][gc,stats    ] Concurrent Weak Roots              4386 us
[2026-04-03T02:44:37.155+0600][81.944s][info][gc,stats    ]   Roots                            3886 us, parallelism: 2.69x
[2026-04-03T02:44:37.155+0600][81.944s][info][gc,stats    ]     CWR: <total>                  10443 us
[2026-04-03T02:44:37.155+0600][81.944s][info][gc,stats    ]     CWR: Code Cache Roots          8138 us, workers (us): 2744, 2820, 2574, ---, ---, ---, 
[2026-04-03T02:44:37.155+0600][81.944s][info][gc,stats    ]     CWR: VM Weak Roots             2201 us, workers (us): 740, 733, 728, ---, ---, ---, 
[2026-04-03T02:44:37.155+0600][81.944s][info][gc,stats    ]     CWR: CLDG Roots                 104 us, workers (us): ---, ---, 104, ---, ---, ---, 
[2026-04-03T02:44:37.155+0600][81.944s][info][gc,stats    ]   Rendezvous                        307 us
[2026-04-03T02:44:37.155+0600][81.944s][info][gc,stats    ] Concurrent Cleanup                  827 us
[2026-04-03T02:44:37.155+0600][81.944s][info][gc,stats    ] Concurrent Class Unloading        20353 us
[2026-04-03T02:44:37.155+0600][81.944s][info][gc,stats    ]   Unlink Stale                    16968 us
[2026-04-03T02:44:37.155+0600][81.944s][info][gc,stats    ]     System Dictionary               316 us
[2026-04-03T02:44:37.155+0600][81.944s][info][gc,stats    ]     Weak Class Links                  1 us
[2026-04-03T02:44:37.155+0600][81.944s][info][gc,stats    ]     Code Roots                    16646 us
[2026-04-03T02:44:37.155+0600][81.944s][info][gc,stats    ]   Rendezvous                        376 us
[2026-04-03T02:44:37.155+0600][81.944s][info][gc,stats    ]   Purge Unlinked                   2834 us
[2026-04-03T02:44:37.155+0600][81.944s][info][gc,stats    ]     Code Roots                     2809 us
[2026-04-03T02:44:37.155+0600][81.944s][info][gc,stats    ]     CLDG                             23 us
[2026-04-03T02:44:37.155+0600][81.944s][info][gc,stats    ]     Exception Caches                  0 us
[2026-04-03T02:44:37.155+0600][81.944s][info][gc,stats    ] Concurrent Strong Roots            1895 us, parallelism: 0.67x
[2026-04-03T02:44:37.155+0600][81.944s][info][gc,stats    ]   CSR: <total>                     1274 us
[2026-04-03T02:44:37.155+0600][81.944s][info][gc,stats    ]   CSR: VM Strong Roots               72 us, workers (us):  54,  18,   0, ---, ---, ---, 
[2026-04-03T02:44:37.155+0600][81.944s][info][gc,stats    ]   CSR: CLDG Roots                  1202 us, workers (us): ---, 1202, ---, ---, ---, ---, 
[2026-04-03T02:44:37.155+0600][81.944s][info][gc,stats    ] Concurrent Evacuation              7368 us
[2026-04-03T02:44:37.155+0600][81.944s][info][gc,stats    ] Pause Init Update Refs (G)          674 us
[2026-04-03T02:44:37.155+0600][81.944s][info][gc,stats    ] Pause Init Update Refs (N)          180 us
[2026-04-03T02:44:37.155+0600][81.944s][info][gc,stats    ]   Manage GCLABs                      64 us
[2026-04-03T02:44:37.155+0600][81.944s][info][gc,stats    ] Concurrent Update Refs            53056 us
[2026-04-03T02:44:37.155+0600][81.944s][info][gc,stats    ] Concurrent Update Thread Roots     2287 us
[2026-04-03T02:44:37.155+0600][81.944s][info][gc,stats    ] Pause Final Update Refs (G)         646 us
[2026-04-03T02:44:37.155+0600][81.944s][info][gc,stats    ] Pause Final Update Refs (N)         280 us
[2026-04-03T02:44:37.155+0600][81.944s][info][gc,stats    ]   Update Region States               72 us
[2026-04-03T02:44:37.155+0600][81.944s][info][gc,stats    ]   Trash Collection Set               26 us
[2026-04-03T02:44:37.155+0600][81.944s][info][gc,stats    ]   Rebuild Free Set                   56 us
[2026-04-03T02:44:37.155+0600][81.944s][info][gc,stats    ] Concurrent Cleanup                  480 us
[2026-04-03T02:44:37.155+0600][81.944s][info][gc,stats    ] Pacing                           151641 us
[2026-04-03T02:44:37.155+0600][81.944s][info][gc,stats    ] 
[2026-04-03T02:44:37.155+0600][81.944s][info][gc,stats    ] Allocation pacing accrued:
[2026-04-03T02:44:37.155+0600][81.944s][info][gc,stats    ]      21 of   940 ms (  2.3%): Executor task launch worker for task 7.0 in stage 3795.0 (TID 7130)
[2026-04-03T02:44:37.155+0600][81.944s][info][gc,stats    ]      22 of   940 ms (  2.3%): Executor task launch worker for task 0.0 in stage 3795.0 (TID 7123)
[2026-04-03T02:44:37.155+0600][81.944s][info][gc,stats    ]      21 of   940 ms (  2.3%): Executor task launch worker for task 6.0 in stage 3795.0 (TID 7129)
[2026-04-03T02:44:37.155+0600][81.944s][info][gc,stats    ]      21 of   940 ms (  2.3%): Executor task launch worker for task 2.0 in stage 3795.0 (TID 7125)
[2026-04-03T02:44:37.155+0600][81.944s][info][gc,stats    ]      21 of   940 ms (  2.3%): Executor task launch worker for task 3.0 in stage 3795.0 (TID 7126)
[2026-04-03T02:44:37.155+0600][81.944s][info][gc,stats    ]      22 of   940 ms (  2.4%): Executor task launch worker for task 1.0 in stage 3795.0 (TID 7124)
[2026-04-03T02:44:37.155+0600][81.945s][info][gc,stats    ]      11 of   940 ms (  1.2%): Executor task launch worker for task 5.0 in stage 3795.0 (TID 7128)
[2026-04-03T02:44:37.155+0600][81.945s][info][gc,stats    ]      11 of   940 ms (  1.2%): task-result-getter-2
[2026-04-03T02:44:37.155+0600][81.945s][info][gc,stats    ]     152 of   940 ms ( 16.1%): <total>
[2026-04-03T02:44:37.155+0600][81.945s][info][gc,stats    ]       1 of   940 ms (  0.1%): <average total>
[2026-04-03T02:44:37.155+0600][81.945s][info][gc,stats    ]      19 of   940 ms (  2.0%): <average non-zero>
[2026-04-03T02:44:37.155+0600][81.945s][info][gc,stats    ] 
[2026-04-03T02:44:37.155+0600][81.945s][info][gc,metaspace] Metaspace: 131616K(132864K)->131617K(132864K) NonClass: 115115K(115712K)->115116K(115712K) Class: 16501K(17152K)->16501K(17152K)
[2026-04-03T02:44:37.155+0600][81.945s][info][gc,ergo     ] Pacer for Idle. Initial: 35840K, Alloc Tax Rate: 1.0x
[2026-04-03T02:44:38.165+0600][82.954s][info][gc          ] Trigger: Average GC time (185.48 ms) is above the time for average allocation rate (1297 MB/s) to deplete free headroom (239M) (margin of error = 1.85)
[2026-04-03T02:44:38.165+0600][82.955s][info][gc,ergo     ] Free headroom: 327M (free) - 89600K (spike) - 0B (penalties) = 239M
[2026-04-03T02:44:38.165+0600][82.955s][info][gc,ergo     ] Free: 326M, Max: 512K regular, 265M humongous, Frag: 19% external, 0% internal; Reserve: 89600K, Max: 512K
[2026-04-03T02:44:38.165+0600][82.955s][info][gc,start    ] GC(65) Concurrent reset
[2026-04-03T02:44:38.165+0600][82.955s][info][gc,task     ] GC(65) Using 3 of 6 workers for concurrent reset
[2026-04-03T02:44:38.165+0600][82.955s][info][gc,ergo     ] GC(65) Pacer for Reset. Non-Taxable: 1750M
[2026-04-03T02:44:38.168+0600][82.957s][info][gc          ] GC(65) Concurrent reset 2.287ms
[2026-04-03T02:44:38.168+0600][82.957s][info][gc,start    ] GC(65) Pause Init Mark (unload classes)
[2026-04-03T02:44:38.168+0600][82.957s][info][gc,task     ] GC(65) Using 6 of 6 workers for init marking
[2026-04-03T02:44:38.168+0600][82.958s][info][gc,ergo     ] GC(65) Pacer for Mark. Expected Live: 100183K, Free: 318M, Non-Taxable: 32564K, Alloc Tax Rate: 0.4x
[2026-04-03T02:44:38.168+0600][82.958s][info][gc          ] GC(65) Pause Init Mark (unload classes) 0.196ms
[2026-04-03T02:44:38.168+0600][82.958s][info][gc,start    ] GC(65) Concurrent marking roots
[2026-04-03T02:44:38.168+0600][82.958s][info][gc,task     ] GC(65) Using 3 of 6 workers for concurrent marking roots
[2026-04-03T02:44:38.170+0600][82.959s][info][gc          ] GC(65) Concurrent marking roots 1.306ms
[2026-04-03T02:44:38.170+0600][82.959s][info][gc,start    ] GC(65) Concurrent marking (unload classes)
[2026-04-03T02:44:38.170+0600][82.959s][info][gc,task     ] GC(65) Using 3 of 6 workers for concurrent marking
[2026-04-03T02:44:38.234+0600][83.023s][info][gc          ] GC(65) Concurrent marking (unload classes) 64.106ms
[2026-04-03T02:44:38.234+0600][83.023s][info][gc,start    ] GC(65) Pause Final Mark (unload classes)
[2026-04-03T02:44:38.234+0600][83.023s][info][gc,task     ] GC(65) Using 6 of 6 workers for final marking
[2026-04-03T02:44:38.234+0600][83.024s][info][gc,ergo     ] GC(65) Adaptive CSet Selection. Target Free: 247M, Actual Free: 1258M, Max CSet: 74666K, Min Garbage: 0B
[2026-04-03T02:44:38.235+0600][83.024s][info][gc,ergo     ] GC(65) Collectable Garbage: 1125M (99%), Immediate: 901M (79%), CSet: 224M (19%)
[2026-04-03T02:44:38.235+0600][83.024s][info][gc,ergo     ] GC(65) Pacer for Evacuation. Used CSet: 230M, Free: 1288M, Non-Taxable: 128M, Alloc Tax Rate: 1.1x
[2026-04-03T02:44:38.235+0600][83.024s][info][gc          ] GC(65) Pause Final Mark (unload classes) 0.683ms
[2026-04-03T02:44:38.235+0600][83.024s][info][gc,start    ] GC(65) Concurrent thread roots
[2026-04-03T02:44:38.235+0600][83.024s][info][gc,task     ] GC(65) Using 3 of 6 workers for Concurrent thread roots
[2026-04-03T02:44:38.236+0600][83.025s][info][gc          ] GC(65) Concurrent thread roots 0.884ms
[2026-04-03T02:44:38.236+0600][83.025s][info][gc,start    ] GC(65) Concurrent weak references
[2026-04-03T02:44:38.236+0600][83.025s][info][gc,task     ] GC(65) Using 3 of 6 workers for concurrent weak references
[2026-04-03T02:44:38.237+0600][83.026s][info][gc,ref      ] GC(65) Encountered references: Soft: 3787, Weak: 17368, Final: 84, Phantom: 620
[2026-04-03T02:44:38.237+0600][83.026s][info][gc,ref      ] GC(65) Discovered  references: Soft: 0, Weak: 9962, Final: 84, Phantom: 222
[2026-04-03T02:44:38.237+0600][83.026s][info][gc,ref      ] GC(65) Enqueued    references: Soft: 0, Weak: 1636, Final: 0, Phantom: 0
[2026-04-03T02:44:38.237+0600][83.026s][info][gc          ] GC(65) Concurrent weak references 1.286ms
[2026-04-03T02:44:38.237+0600][83.026s][info][gc,start    ] GC(65) Concurrent weak roots
[2026-04-03T02:44:38.237+0600][83.026s][info][gc,task     ] GC(65) Using 3 of 6 workers for concurrent weak root
[2026-04-03T02:44:38.242+0600][83.031s][info][gc          ] GC(65) Concurrent weak roots 4.714ms
[2026-04-03T02:44:38.242+0600][83.031s][info][gc,start    ] GC(65) Concurrent cleanup
[2026-04-03T02:44:38.242+0600][83.032s][info][gc          ] GC(65) Concurrent cleanup 1270M->369M(1545M) 0.661ms
[2026-04-03T02:44:38.243+0600][83.032s][info][gc,ergo     ] GC(65) Free: 1285M, Max: 512K regular, 268M humongous, Frag: 80% external, 0% internal; Reserve: 89278K, Max: 512K
[2026-04-03T02:44:38.243+0600][83.032s][info][gc,start    ] GC(65) Concurrent class unloading
[2026-04-03T02:44:38.243+0600][83.032s][info][gc,task     ] GC(65) Using 3 of 6 workers for concurrent class unloading
[2026-04-03T02:44:38.262+0600][83.051s][info][gc          ] GC(65) Concurrent class unloading 19.339ms
[2026-04-03T02:44:38.262+0600][83.051s][info][gc,start    ] GC(65) Concurrent strong roots
[2026-04-03T02:44:38.262+0600][83.051s][info][gc,task     ] GC(65) Using 3 of 6 workers for concurrent strong root
[2026-04-03T02:44:38.264+0600][83.053s][info][gc          ] GC(65) Concurrent strong roots 1.811ms
[2026-04-03T02:44:38.264+0600][83.053s][info][gc,start    ] GC(65) Concurrent evacuation
[2026-04-03T02:44:38.264+0600][83.053s][info][gc,task     ] GC(65) Using 3 of 6 workers for concurrent evacuation
[2026-04-03T02:44:38.269+0600][83.058s][info][gc          ] GC(65) Concurrent evacuation 5.091ms
[2026-04-03T02:44:38.269+0600][83.059s][info][gc,start    ] GC(65) Pause Init Update Refs
[2026-04-03T02:44:38.270+0600][83.059s][info][gc,ergo     ] GC(65) Pacer for Update Refs. Used: 393M, Free: 1267M, Non-Taxable: 126M, Alloc Tax Rate: 1.1x
[2026-04-03T02:44:38.270+0600][83.059s][info][gc          ] GC(65) Pause Init Update Refs 0.139ms
[2026-04-03T02:44:38.270+0600][83.059s][info][gc,start    ] GC(65) Concurrent update references
[2026-04-03T02:44:38.270+0600][83.059s][info][gc,task     ] GC(65) Using 3 of 6 workers for concurrent reference update
[2026-04-03T02:44:38.320+0600][83.109s][info][gc          ] GC(65) Concurrent update references 49.895ms
[2026-04-03T02:44:38.320+0600][83.109s][info][gc,start    ] GC(65) Concurrent update thread roots
[2026-04-03T02:44:38.322+0600][83.111s][info][gc          ] GC(65) Concurrent update thread roots 1.853ms
[2026-04-03T02:44:38.322+0600][83.111s][info][gc,start    ] GC(65) Pause Final Update Refs
[2026-04-03T02:44:38.322+0600][83.111s][info][gc,task     ] GC(65) Using 6 of 6 workers for final reference update
[2026-04-03T02:44:38.322+0600][83.111s][info][gc          ] GC(65) Pause Final Update Refs 0.264ms
[2026-04-03T02:44:38.322+0600][83.112s][info][gc,start    ] GC(65) Concurrent cleanup
[2026-04-03T02:44:38.323+0600][83.112s][info][gc          ] GC(65) Concurrent cleanup 439M->209M(1545M) 0.857ms
[2026-04-03T02:44:38.323+0600][83.113s][info][gc,ergo     ] Free: 1439M, Max: 512K regular, 914M humongous, Frag: 37% external, 0% internal; Reserve: 89600K, Max: 512K
[2026-04-03T02:44:38.323+0600][83.113s][info][gc,stats    ] 
[2026-04-03T02:44:38.323+0600][83.113s][info][gc,stats    ] All times are wall-clock times, except per-root-class counters, that are sum over
[2026-04-03T02:44:38.323+0600][83.113s][info][gc,stats    ] all workers. Dividing the <total> over the root stage time estimates parallelism.
[2026-04-03T02:44:38.323+0600][83.113s][info][gc,stats    ] 
[2026-04-03T02:44:38.323+0600][83.113s][info][gc,stats    ] Concurrent Reset                   2374 us
[2026-04-03T02:44:38.323+0600][83.113s][info][gc,stats    ] Pause Init Mark (G)                 726 us
[2026-04-03T02:44:38.323+0600][83.113s][info][gc,stats    ] Pause Init Mark (N)                 210 us
[2026-04-03T02:44:38.323+0600][83.113s][info][gc,stats    ]   Update Region States               54 us
[2026-04-03T02:44:38.323+0600][83.113s][info][gc,stats    ] Concurrent Mark Roots              1336 us, parallelism: 1.98x
[2026-04-03T02:44:38.323+0600][83.113s][info][gc,stats    ]   CMR: <total>                     2648 us
[2026-04-03T02:44:38.323+0600][83.113s][info][gc,stats    ]   CMR: Thread Roots                2111 us, workers (us): 848, 870, 393, ---, ---, ---, 
[2026-04-03T02:44:38.323+0600][83.113s][info][gc,stats    ]   CMR: VM Strong Roots               55 us, workers (us):  23,  22,  11, ---, ---, ---, 
[2026-04-03T02:44:38.323+0600][83.113s][info][gc,stats    ]   CMR: CLDG Roots                   481 us, workers (us): ---, ---, 481, ---, ---, ---, 
[2026-04-03T02:44:38.323+0600][83.113s][info][gc,stats    ] Concurrent Marking                64176 us
[2026-04-03T02:44:38.323+0600][83.113s][info][gc,stats    ] Pause Final Mark (G)                872 us
[2026-04-03T02:44:38.323+0600][83.113s][info][gc,stats    ] Pause Final Mark (N)                693 us
[2026-04-03T02:44:38.324+0600][83.113s][info][gc,stats    ]   Finish Mark                       280 us
[2026-04-03T02:44:38.324+0600][83.113s][info][gc,stats    ]   Update Region States               56 us
[2026-04-03T02:44:38.324+0600][83.113s][info][gc,stats    ]   Choose Collection Set             239 us
[2026-04-03T02:44:38.324+0600][83.113s][info][gc,stats    ]   Rebuild Free Set                   43 us
[2026-04-03T02:44:38.324+0600][83.113s][info][gc,stats    ] Concurrent Thread Roots             910 us, parallelism: 2.55x
[2026-04-03T02:44:38.324+0600][83.113s][info][gc,stats    ]   CTR: <total>                     2316 us
[2026-04-03T02:44:38.324+0600][83.113s][info][gc,stats    ]   CTR: Thread Roots                2316 us, workers (us): 807, 763, 747, ---, ---, ---, 
[2026-04-03T02:44:38.324+0600][83.113s][info][gc,stats    ] Concurrent Weak References         1299 us, parallelism: 0.89x
[2026-04-03T02:44:38.324+0600][83.113s][info][gc,stats    ]   CWRF: <total>                    1158 us
[2026-04-03T02:44:38.324+0600][83.113s][info][gc,stats    ]   CWRF: Weak References            1158 us, workers (us): 116, 134, 909, ---, ---, ---, 
[2026-04-03T02:44:38.324+0600][83.113s][info][gc,stats    ] Concurrent Weak Roots              4817 us
[2026-04-03T02:44:38.324+0600][83.113s][info][gc,stats    ]   Roots                            4383 us, parallelism: 2.69x
[2026-04-03T02:44:38.324+0600][83.113s][info][gc,stats    ]     CWR: <total>                  11803 us
[2026-04-03T02:44:38.324+0600][83.113s][info][gc,stats    ]     CWR: Code Cache Roots          8793 us, workers (us): 2847, 2985, 2960, ---, ---, ---, 
[2026-04-03T02:44:38.324+0600][83.113s][info][gc,stats    ]     CWR: VM Weak Roots             2902 us, workers (us): 981, 960, 960, ---, ---, ---, 
[2026-04-03T02:44:38.324+0600][83.113s][info][gc,stats    ]     CWR: CLDG Roots                 108 us, workers (us): 108, ---, ---, ---, ---, ---, 
[2026-04-03T02:44:38.324+0600][83.113s][info][gc,stats    ]   Rendezvous                        282 us
[2026-04-03T02:44:38.324+0600][83.113s][info][gc,stats    ] Concurrent Cleanup                  694 us
[2026-04-03T02:44:38.324+0600][83.113s][info][gc,stats    ] Concurrent Class Unloading        19501 us
[2026-04-03T02:44:38.324+0600][83.113s][info][gc,stats    ]   Unlink Stale                    15679 us
[2026-04-03T02:44:38.324+0600][83.113s][info][gc,stats    ]     System Dictionary               289 us
[2026-04-03T02:44:38.324+0600][83.113s][info][gc,stats    ]     Weak Class Links                  0 us
[2026-04-03T02:44:38.324+0600][83.113s][info][gc,stats    ]     Code Roots                    15385 us
[2026-04-03T02:44:38.324+0600][83.113s][info][gc,stats    ]   Rendezvous                        359 us
[2026-04-03T02:44:38.324+0600][83.113s][info][gc,stats    ]   Purge Unlinked                   3259 us
[2026-04-03T02:44:38.324+0600][83.113s][info][gc,stats    ]     Code Roots                     3237 us
[2026-04-03T02:44:38.324+0600][83.113s][info][gc,stats    ]     CLDG                             20 us
[2026-04-03T02:44:38.324+0600][83.113s][info][gc,stats    ]     Exception Caches                  0 us
[2026-04-03T02:44:38.324+0600][83.113s][info][gc,stats    ] Concurrent Strong Roots            1894 us, parallelism: 0.66x
[2026-04-03T02:44:38.324+0600][83.113s][info][gc,stats    ]   CSR: <total>                     1258 us
[2026-04-03T02:44:38.324+0600][83.113s][info][gc,stats    ]   CSR: VM Strong Roots               65 us, workers (us):  43,  22,   0, ---, ---, ---, 
[2026-04-03T02:44:38.324+0600][83.113s][info][gc,stats    ]   CSR: CLDG Roots                  1193 us, workers (us): 1193, ---, ---, ---, ---, ---, 
[2026-04-03T02:44:38.324+0600][83.113s][info][gc,stats    ] Concurrent Evacuation              5209 us
[2026-04-03T02:44:38.324+0600][83.113s][info][gc,stats    ] Pause Init Update Refs (G)          499 us
[2026-04-03T02:44:38.324+0600][83.113s][info][gc,stats    ] Pause Init Update Refs (N)          175 us
[2026-04-03T02:44:38.324+0600][83.113s][info][gc,stats    ]   Manage GCLABs                      40 us
[2026-04-03T02:44:38.324+0600][83.113s][info][gc,stats    ] Concurrent Update Refs            50006 us
[2026-04-03T02:44:38.324+0600][83.113s][info][gc,stats    ] Concurrent Update Thread Roots     1940 us
[2026-04-03T02:44:38.324+0600][83.113s][info][gc,stats    ] Pause Final Update Refs (G)         660 us
[2026-04-03T02:44:38.324+0600][83.113s][info][gc,stats    ] Pause Final Update Refs (N)         280 us
[2026-04-03T02:44:38.324+0600][83.113s][info][gc,stats    ]   Update Region States               71 us
[2026-04-03T02:44:38.324+0600][83.113s][info][gc,stats    ]   Trash Collection Set               25 us
[2026-04-03T02:44:38.324+0600][83.113s][info][gc,stats    ]   Rebuild Free Set                   57 us
[2026-04-03T02:44:38.324+0600][83.113s][info][gc,stats    ] Concurrent Cleanup                  901 us
[2026-04-03T02:44:38.324+0600][83.113s][info][gc,stats    ] Pacing                            22428 us
[2026-04-03T02:44:38.324+0600][83.113s][info][gc,stats    ] 
[2026-04-03T02:44:38.324+0600][83.114s][info][gc,stats    ] Allocation pacing accrued:
[2026-04-03T02:44:38.324+0600][83.114s][info][gc,stats    ]      11 of  1169 ms (  1.0%): Executor task launch worker for task 2.0 in stage 3850.0 (TID 7325)
[2026-04-03T02:44:38.324+0600][83.114s][info][gc,stats    ]      11 of  1169 ms (  1.0%): Executor task launch worker for task 0.0 in stage 3850.0 (TID 7323)
[2026-04-03T02:44:38.324+0600][83.114s][info][gc,stats    ]      22 of  1169 ms (  1.9%): <total>
[2026-04-03T02:44:38.324+0600][83.114s][info][gc,stats    ]       0 of  1169 ms (  0.0%): <average total>
[2026-04-03T02:44:38.324+0600][83.114s][info][gc,stats    ]      11 of  1169 ms (  1.0%): <average non-zero>
[2026-04-03T02:44:38.324+0600][83.114s][info][gc,stats    ] 
[2026-04-03T02:44:38.324+0600][83.114s][info][gc,metaspace] Metaspace: 131658K(132928K)->131658K(132928K) NonClass: 115150K(115776K)->115150K(115776K) Class: 16507K(17152K)->16507K(17152K)
[2026-04-03T02:44:38.324+0600][83.114s][info][gc,ergo     ] Pacer for Idle. Initial: 35840K, Alloc Tax Rate: 1.0x
[2026-04-03T02:44:38.929+0600][83.719s][info][gc          ] Trigger: Average GC time (177.05 ms) is above the time for average allocation rate (2645 MB/s) to deplete free headroom (395M) (margin of error = 1.85)
[2026-04-03T02:44:38.929+0600][83.719s][info][gc,ergo     ] Free headroom: 482M (free) - 89600K (spike) - 0B (penalties) = 395M
[2026-04-03T02:44:38.929+0600][83.719s][info][gc,ergo     ] Free: 482M, Max: 512K regular, 329M humongous, Frag: 32% external, 0% internal; Reserve: 89600K, Max: 512K
[2026-04-03T02:44:38.930+0600][83.719s][info][gc,start    ] GC(66) Concurrent reset
[2026-04-03T02:44:38.930+0600][83.719s][info][gc,task     ] GC(66) Using 3 of 6 workers for concurrent reset
[2026-04-03T02:44:38.930+0600][83.719s][info][gc,ergo     ] GC(66) Pacer for Reset. Non-Taxable: 1750M
[2026-04-03T02:44:38.931+0600][83.720s][info][gc          ] GC(66) Concurrent reset 1.575ms
[2026-04-03T02:44:38.931+0600][83.721s][info][gc,start    ] GC(66) Pause Init Mark (unload classes)
[2026-04-03T02:44:38.931+0600][83.721s][info][gc,task     ] GC(66) Using 6 of 6 workers for init marking
[2026-04-03T02:44:38.931+0600][83.721s][info][gc,ergo     ] GC(66) Pacer for Mark. Expected Live: 96119K, Free: 482M, Non-Taxable: 49397K, Alloc Tax Rate: 0.2x
[2026-04-03T02:44:38.931+0600][83.721s][info][gc          ] GC(66) Pause Init Mark (unload classes) 0.101ms
[2026-04-03T02:44:38.932+0600][83.721s][info][gc,start    ] GC(66) Concurrent marking roots
[2026-04-03T02:44:38.932+0600][83.721s][info][gc,task     ] GC(66) Using 3 of 6 workers for concurrent marking roots
[2026-04-03T02:44:38.933+0600][83.722s][info][gc          ] GC(66) Concurrent marking roots 1.193ms
[2026-04-03T02:44:38.933+0600][83.722s][info][gc,start    ] GC(66) Concurrent marking (unload classes)
[2026-04-03T02:44:38.933+0600][83.722s][info][gc,task     ] GC(66) Using 3 of 6 workers for concurrent marking
[2026-04-03T02:44:38.976+0600][83.766s][info][gc          ] GC(66) Concurrent marking (unload classes) 43.366ms
[2026-04-03T02:44:38.976+0600][83.766s][info][gc,start    ] GC(66) Pause Final Mark (unload classes)
[2026-04-03T02:44:38.976+0600][83.766s][info][gc,task     ] GC(66) Using 6 of 6 workers for final marking
[2026-04-03T02:44:38.977+0600][83.766s][info][gc,ergo     ] GC(66) Adaptive CSet Selection. Target Free: 247M, Actual Free: 1284M, Max CSet: 74666K, Min Garbage: 0B
[2026-04-03T02:44:38.977+0600][83.766s][info][gc,ergo     ] GC(66) Collectable Garbage: 987M (99%), Immediate: 806M (81%), CSet: 180M (18%)
[2026-04-03T02:44:38.977+0600][83.766s][info][gc,ergo     ] GC(66) Pacer for Evacuation. Used CSet: 188M, Free: 1289M, Non-Taxable: 128M, Alloc Tax Rate: 1.1x
[2026-04-03T02:44:38.977+0600][83.766s][info][gc          ] GC(66) Pause Final Mark (unload classes) 0.576ms
[2026-04-03T02:44:38.977+0600][83.766s][info][gc,start    ] GC(66) Concurrent thread roots
[2026-04-03T02:44:38.977+0600][83.766s][info][gc,task     ] GC(66) Using 3 of 6 workers for Concurrent thread roots
[2026-04-03T02:44:38.978+0600][83.767s][info][gc          ] GC(66) Concurrent thread roots 0.938ms
[2026-04-03T02:44:38.978+0600][83.767s][info][gc,start    ] GC(66) Concurrent weak references
[2026-04-03T02:44:38.978+0600][83.767s][info][gc,task     ] GC(66) Using 3 of 6 workers for concurrent weak references
[2026-04-03T02:44:38.979+0600][83.768s][info][gc,ref      ] GC(66) Encountered references: Soft: 3784, Weak: 17147, Final: 84, Phantom: 620
[2026-04-03T02:44:38.979+0600][83.769s][info][gc,ref      ] GC(66) Discovered  references: Soft: 0, Weak: 10834, Final: 52, Phantom: 616
[2026-04-03T02:44:38.979+0600][83.769s][info][gc,ref      ] GC(66) Enqueued    references: Soft: 0, Weak: 2506, Final: 0, Phantom: 0
[2026-04-03T02:44:38.979+0600][83.769s][info][gc          ] GC(66) Concurrent weak references 1.186ms
[2026-04-03T02:44:38.979+0600][83.769s][info][gc,start    ] GC(66) Concurrent weak roots
[2026-04-03T02:44:38.979+0600][83.769s][info][gc,task     ] GC(66) Using 3 of 6 workers for concurrent weak root
[2026-04-03T02:44:38.985+0600][83.774s][info][gc          ] GC(66) Concurrent weak roots 5.402ms
[2026-04-03T02:44:38.985+0600][83.774s][info][gc,start    ] GC(66) Concurrent cleanup
[2026-04-03T02:44:38.986+0600][83.775s][info][gc          ] GC(66) Concurrent cleanup 1250M->457M(1545M) 1.004ms
[2026-04-03T02:44:38.986+0600][83.775s][info][gc,ergo     ] GC(66) Free: 1183M, Max: 512K regular, 293M humongous, Frag: 76% external, 0% internal; Reserve: 88753K, Max: 512K
[2026-04-03T02:44:38.986+0600][83.775s][info][gc,start    ] GC(66) Concurrent class unloading
[2026-04-03T02:44:38.986+0600][83.775s][info][gc,task     ] GC(66) Using 3 of 6 workers for concurrent class unloading
[2026-04-03T02:44:39.003+0600][83.793s][info][gc          ] GC(66) Concurrent class unloading 17.582ms
[2026-04-03T02:44:39.003+0600][83.793s][info][gc,start    ] GC(66) Concurrent strong roots
[2026-04-03T02:44:39.003+0600][83.793s][info][gc,task     ] GC(66) Using 3 of 6 workers for concurrent strong root
[2026-04-03T02:44:39.005+0600][83.794s][info][gc          ] GC(66) Concurrent strong roots 1.284ms
[2026-04-03T02:44:39.005+0600][83.794s][info][gc,start    ] GC(66) Concurrent evacuation
[2026-04-03T02:44:39.005+0600][83.794s][info][gc,task     ] GC(66) Using 3 of 6 workers for concurrent evacuation
[2026-04-03T02:44:39.008+0600][83.798s][info][gc          ] GC(66) Concurrent evacuation 3.626ms
[2026-04-03T02:44:39.009+0600][83.798s][info][gc,start    ] GC(66) Pause Init Update Refs
[2026-04-03T02:44:39.009+0600][83.798s][info][gc,ergo     ] GC(66) Pacer for Update Refs. Used: 499M, Free: 1145M, Non-Taxable: 114M, Alloc Tax Rate: 1.1x
[2026-04-03T02:44:39.009+0600][83.798s][info][gc          ] GC(66) Pause Init Update Refs 0.122ms
[2026-04-03T02:44:39.009+0600][83.798s][info][gc,start    ] GC(66) Concurrent update references
[2026-04-03T02:44:39.009+0600][83.798s][info][gc,task     ] GC(66) Using 3 of 6 workers for concurrent reference update
[2026-04-03T02:44:39.054+0600][83.843s][info][gc          ] GC(66) Concurrent update references 44.607ms
[2026-04-03T02:44:39.054+0600][83.843s][info][gc,start    ] GC(66) Concurrent update thread roots
[2026-04-03T02:44:39.059+0600][83.848s][info][gc          ] GC(66) Concurrent update thread roots 4.820ms
[2026-04-03T02:44:39.059+0600][83.848s][info][gc,start    ] GC(66) Pause Final Update Refs
[2026-04-03T02:44:39.059+0600][83.848s][info][gc,task     ] GC(66) Using 6 of 6 workers for final reference update
[2026-04-03T02:44:39.059+0600][83.849s][info][gc          ] GC(66) Pause Final Update Refs 0.345ms
[2026-04-03T02:44:39.059+0600][83.849s][info][gc,start    ] GC(66) Concurrent cleanup
[2026-04-03T02:44:39.060+0600][83.849s][info][gc          ] GC(66) Concurrent cleanup 614M->426M(1545M) 0.346ms
[2026-04-03T02:44:39.060+0600][83.849s][info][gc,ergo     ] Free: 1198M, Max: 512K regular, 674M humongous, Frag: 44% external, 0% internal; Reserve: 89600K, Max: 512K
[2026-04-03T02:44:39.060+0600][83.849s][info][gc,stats    ] 
[2026-04-03T02:44:39.060+0600][83.849s][info][gc,stats    ] All times are wall-clock times, except per-root-class counters, that are sum over
[2026-04-03T02:44:39.060+0600][83.849s][info][gc,stats    ] all workers. Dividing the <total> over the root stage time estimates parallelism.
[2026-04-03T02:44:39.060+0600][83.849s][info][gc,stats    ] 
[2026-04-03T02:44:39.060+0600][83.849s][info][gc,stats    ] Concurrent Reset                   1627 us
[2026-04-03T02:44:39.060+0600][83.849s][info][gc,stats    ] Pause Init Mark (G)                 456 us
[2026-04-03T02:44:39.060+0600][83.849s][info][gc,stats    ] Pause Init Mark (N)                 108 us
[2026-04-03T02:44:39.060+0600][83.849s][info][gc,stats    ]   Update Region States               23 us
[2026-04-03T02:44:39.060+0600][83.849s][info][gc,stats    ] Concurrent Mark Roots              1235 us, parallelism: 1.63x
[2026-04-03T02:44:39.060+0600][83.850s][info][gc,stats    ]   CMR: <total>                     2007 us
[2026-04-03T02:44:39.060+0600][83.850s][info][gc,stats    ]   CMR: Thread Roots                1720 us, workers (us): 663, 652, 405, ---, ---, ---, 
[2026-04-03T02:44:39.060+0600][83.850s][info][gc,stats    ]   CMR: VM Strong Roots               38 us, workers (us):  21,   9,   8, ---, ---, ---, 
[2026-04-03T02:44:39.060+0600][83.850s][info][gc,stats    ]   CMR: CLDG Roots                   250 us, workers (us): ---, ---, 250, ---, ---, ---, 
[2026-04-03T02:44:39.060+0600][83.850s][info][gc,stats    ] Concurrent Marking                43425 us
[2026-04-03T02:44:39.060+0600][83.850s][info][gc,stats    ] Pause Final Mark (G)                750 us
[2026-04-03T02:44:39.060+0600][83.850s][info][gc,stats    ] Pause Final Mark (N)                584 us
[2026-04-03T02:44:39.060+0600][83.850s][info][gc,stats    ]   Finish Mark                       200 us
[2026-04-03T02:44:39.060+0600][83.850s][info][gc,stats    ]   Update Region States               39 us
[2026-04-03T02:44:39.060+0600][83.850s][info][gc,stats    ]   Choose Collection Set             198 us
[2026-04-03T02:44:39.060+0600][83.850s][info][gc,stats    ]   Rebuild Free Set                   38 us
[2026-04-03T02:44:39.060+0600][83.850s][info][gc,stats    ] Concurrent Thread Roots             959 us, parallelism: 2.21x
[2026-04-03T02:44:39.060+0600][83.850s][info][gc,stats    ]   CTR: <total>                     2119 us
[2026-04-03T02:44:39.060+0600][83.850s][info][gc,stats    ]   CTR: Thread Roots                2119 us, workers (us): 784, 672, 663, ---, ---, ---, 
[2026-04-03T02:44:39.060+0600][83.850s][info][gc,stats    ] Concurrent Weak References         1195 us, parallelism: 0.98x
[2026-04-03T02:44:39.060+0600][83.850s][info][gc,stats    ]   CWRF: <total>                    1174 us
[2026-04-03T02:44:39.060+0600][83.850s][info][gc,stats    ]   CWRF: Weak References            1174 us, workers (us): 153,  61, 960, ---, ---, ---, 
[2026-04-03T02:44:39.060+0600][83.850s][info][gc,stats    ] Concurrent Weak Roots              5481 us
[2026-04-03T02:44:39.060+0600][83.850s][info][gc,stats    ]   Roots                            4335 us, parallelism: 2.67x
[2026-04-03T02:44:39.060+0600][83.850s][info][gc,stats    ]     CWR: <total>                  11564 us
[2026-04-03T02:44:39.060+0600][83.850s][info][gc,stats    ]     CWR: Code Cache Roots          9530 us, workers (us): 3009, 3199, 3322, ---, ---, ---, 
[2026-04-03T02:44:39.060+0600][83.850s][info][gc,stats    ]     CWR: VM Weak Roots             1901 us, workers (us): 655, 648, 597, ---, ---, ---, 
[2026-04-03T02:44:39.060+0600][83.850s][info][gc,stats    ]     CWR: CLDG Roots                 133 us, workers (us): 133, ---, ---, ---, ---, ---, 
[2026-04-03T02:44:39.060+0600][83.850s][info][gc,stats    ]   Rendezvous                       1046 us
[2026-04-03T02:44:39.060+0600][83.850s][info][gc,stats    ] Concurrent Cleanup                 1053 us
[2026-04-03T02:44:39.060+0600][83.850s][info][gc,stats    ] Concurrent Class Unloading        17664 us
[2026-04-03T02:44:39.060+0600][83.850s][info][gc,stats    ]   Unlink Stale                    16253 us
[2026-04-03T02:44:39.060+0600][83.850s][info][gc,stats    ]     System Dictionary               295 us
[2026-04-03T02:44:39.060+0600][83.850s][info][gc,stats    ]     Weak Class Links                  0 us
[2026-04-03T02:44:39.060+0600][83.850s][info][gc,stats    ]     Code Roots                    15954 us
[2026-04-03T02:44:39.060+0600][83.850s][info][gc,stats    ]   Rendezvous                        469 us
[2026-04-03T02:44:39.060+0600][83.850s][info][gc,stats    ]   Purge Unlinked                    832 us
[2026-04-03T02:44:39.061+0600][83.850s][info][gc,stats    ]     Code Roots                      820 us
[2026-04-03T02:44:39.061+0600][83.850s][info][gc,stats    ]     CLDG                             12 us
[2026-04-03T02:44:39.061+0600][83.850s][info][gc,stats    ]     Exception Caches                  0 us
[2026-04-03T02:44:39.061+0600][83.850s][info][gc,stats    ] Concurrent Strong Roots            1333 us, parallelism: 0.60x
[2026-04-03T02:44:39.061+0600][83.850s][info][gc,stats    ]   CSR: <total>                      795 us
[2026-04-03T02:44:39.061+0600][83.850s][info][gc,stats    ]   CSR: VM Strong Roots               42 us, workers (us):  21,  21,   0, ---, ---, ---, 
[2026-04-03T02:44:39.061+0600][83.850s][info][gc,stats    ]   CSR: CLDG Roots                   753 us, workers (us): ---, 753, ---, ---, ---, ---, 
[2026-04-03T02:44:39.061+0600][83.850s][info][gc,stats    ] Concurrent Evacuation              3695 us
[2026-04-03T02:44:39.061+0600][83.850s][info][gc,stats    ] Pause Init Update Refs (G)          462 us
[2026-04-03T02:44:39.061+0600][83.850s][info][gc,stats    ] Pause Init Update Refs (N)          133 us
[2026-04-03T02:44:39.061+0600][83.850s][info][gc,stats    ]   Manage GCLABs                      48 us
[2026-04-03T02:44:39.061+0600][83.850s][info][gc,stats    ] Concurrent Update Refs            44725 us
[2026-04-03T02:44:39.061+0600][83.850s][info][gc,stats    ] Concurrent Update Thread Roots     4914 us
[2026-04-03T02:44:39.061+0600][83.850s][info][gc,stats    ] Pause Final Update Refs (G)         850 us
[2026-04-03T02:44:39.061+0600][83.850s][info][gc,stats    ] Pause Final Update Refs (N)         369 us
[2026-04-03T02:44:39.061+0600][83.850s][info][gc,stats    ]   Update Region States               83 us
[2026-04-03T02:44:39.061+0600][83.850s][info][gc,stats    ]   Trash Collection Set               25 us
[2026-04-03T02:44:39.061+0600][83.850s][info][gc,stats    ]   Rebuild Free Set                   52 us
[2026-04-03T02:44:39.061+0600][83.850s][info][gc,stats    ] Concurrent Cleanup                  401 us
[2026-04-03T02:44:39.061+0600][83.850s][info][gc,stats    ] Pacing                           268420 us
[2026-04-03T02:44:39.061+0600][83.850s][info][gc,stats    ] 
[2026-04-03T02:44:39.061+0600][83.850s][info][gc,stats    ] Allocation pacing accrued:
[2026-04-03T02:44:39.061+0600][83.850s][info][gc,stats    ]      10 of   737 ms (  1.4%): RemoteBlock-temp-file-clean-thread
[2026-04-03T02:44:39.061+0600][83.850s][info][gc,stats    ]      10 of   737 ms (  1.4%): Spark Context Cleaner
[2026-04-03T02:44:39.061+0600][83.850s][info][gc,stats    ]      54 of   737 ms (  7.3%): Executor task launch worker for task 2.0 in stage 3971.0 (TID 7403)
[2026-04-03T02:44:39.061+0600][83.850s][info][gc,stats    ]      54 of   737 ms (  7.3%): Executor task launch worker for task 0.0 in stage 3971.0 (TID 7401)
[2026-04-03T02:44:39.061+0600][83.850s][info][gc,stats    ]      54 of   737 ms (  7.3%): Executor task launch worker for task 1.0 in stage 3971.0 (TID 7402)
[2026-04-03T02:44:39.061+0600][83.850s][info][gc,stats    ]      54 of   737 ms (  7.3%): Executor task launch worker for task 3.0 in stage 3971.0 (TID 7404)
[2026-04-03T02:44:39.061+0600][83.850s][info][gc,stats    ]      11 of   737 ms (  1.5%): block-manager-storage-async-thread-pool-79
[2026-04-03T02:44:39.061+0600][83.850s][info][gc,stats    ]      11 of   737 ms (  1.5%): block-manager-storage-async-thread-pool-93
[2026-04-03T02:44:39.061+0600][83.850s][info][gc,stats    ]      10 of   737 ms (  1.4%): block-manager-ask-thread-pool-72
[2026-04-03T02:44:39.061+0600][83.850s][info][gc,stats    ]     268 of   737 ms ( 36.4%): <total>
[2026-04-03T02:44:39.061+0600][83.850s][info][gc,stats    ]       1 of   737 ms (  0.1%): <average total>
[2026-04-03T02:44:39.061+0600][83.850s][info][gc,stats    ]      30 of   737 ms (  4.0%): <average non-zero>
[2026-04-03T02:44:39.061+0600][83.850s][info][gc,stats    ] 
[2026-04-03T02:44:39.061+0600][83.850s][info][gc,metaspace] Metaspace: 131667K(132928K)->131667K(132928K) NonClass: 115158K(115776K)->115159K(115776K) Class: 16508K(17152K)->16508K(17152K)
[2026-04-03T02:44:39.061+0600][83.850s][info][gc,ergo     ] Pacer for Idle. Initial: 35840K, Alloc Tax Rate: 1.0x
[2026-04-03T02:44:39.916+0600][84.705s][info][gc          ] Trigger: Average GC time (174.52 ms) is above the time for average allocation rate (1304 MB/s) to deplete free headroom (225M) (margin of error = 1.87)
[2026-04-03T02:44:39.916+0600][84.705s][info][gc,ergo     ] Free headroom: 312M (free) - 89600K (spike) - 0B (penalties) = 225M
[2026-04-03T02:44:39.916+0600][84.705s][info][gc,ergo     ] Free: 312M, Max: 512K regular, 293M humongous, Frag: 6% external, 0% internal; Reserve: 89600K, Max: 512K
[2026-04-03T02:44:39.916+0600][84.705s][info][gc,start    ] GC(67) Concurrent reset
[2026-04-03T02:44:39.916+0600][84.705s][info][gc,task     ] GC(67) Using 3 of 6 workers for concurrent reset
[2026-04-03T02:44:39.916+0600][84.705s][info][gc,ergo     ] GC(67) Pacer for Reset. Non-Taxable: 1750M
[2026-04-03T02:44:39.918+0600][84.707s][info][gc          ] GC(67) Concurrent reset 1.885ms
[2026-04-03T02:44:39.918+0600][84.707s][info][gc,start    ] GC(67) Pause Init Mark (unload classes)
[2026-04-03T02:44:39.918+0600][84.707s][info][gc,task     ] GC(67) Using 6 of 6 workers for init marking
[2026-04-03T02:44:39.918+0600][84.708s][info][gc,ergo     ] GC(67) Pacer for Mark. Expected Live: 95970K, Free: 312M, Non-Taxable: 32028K, Alloc Tax Rate: 0.4x
[2026-04-03T02:44:39.918+0600][84.708s][info][gc          ] GC(67) Pause Init Mark (unload classes) 0.158ms
[2026-04-03T02:44:39.918+0600][84.708s][info][gc,start    ] GC(67) Concurrent marking roots
[2026-04-03T02:44:39.918+0600][84.708s][info][gc,task     ] GC(67) Using 3 of 6 workers for concurrent marking roots
[2026-04-03T02:44:39.920+0600][84.709s][info][gc          ] GC(67) Concurrent marking roots 1.632ms
[2026-04-03T02:44:39.920+0600][84.709s][info][gc,start    ] GC(67) Concurrent marking (unload classes)
[2026-04-03T02:44:39.920+0600][84.709s][info][gc,task     ] GC(67) Using 3 of 6 workers for concurrent marking
[2026-04-03T02:44:39.994+0600][84.783s][info][gc          ] GC(67) Concurrent marking (unload classes) 73.990ms
[2026-04-03T02:44:39.994+0600][84.784s][info][gc,start    ] GC(67) Pause Final Mark (unload classes)
[2026-04-03T02:44:39.994+0600][84.784s][info][gc,task     ] GC(67) Using 6 of 6 workers for final marking
[2026-04-03T02:44:39.995+0600][84.784s][info][gc,ergo     ] GC(67) Adaptive CSet Selection. Target Free: 247M, Actual Free: 1240M, Max CSet: 74666K, Min Garbage: 0B
[2026-04-03T02:44:39.995+0600][84.784s][info][gc,ergo     ] GC(67) Collectable Garbage: 1130M (99%), Immediate: 890M (78%), CSet: 240M (21%)
[2026-04-03T02:44:39.995+0600][84.784s][info][gc,ergo     ] GC(67) Pacer for Evacuation. Used CSet: 246M, Free: 1273M, Non-Taxable: 127M, Alloc Tax Rate: 1.1x
[2026-04-03T02:44:39.995+0600][84.784s][info][gc          ] GC(67) Pause Final Mark (unload classes) 0.676ms
[2026-04-03T02:44:39.995+0600][84.784s][info][gc,start    ] GC(67) Concurrent thread roots
[2026-04-03T02:44:39.995+0600][84.784s][info][gc,task     ] GC(67) Using 3 of 6 workers for Concurrent thread roots
[2026-04-03T02:44:39.996+0600][84.785s][info][gc          ] GC(67) Concurrent thread roots 0.869ms
[2026-04-03T02:44:39.996+0600][84.785s][info][gc,start    ] GC(67) Concurrent weak references
[2026-04-03T02:44:39.996+0600][84.785s][info][gc,task     ] GC(67) Using 3 of 6 workers for concurrent weak references
[2026-04-03T02:44:39.997+0600][84.786s][info][gc,ref      ] GC(67) Encountered references: Soft: 3784, Weak: 16083, Final: 84, Phantom: 620
[2026-04-03T02:44:39.997+0600][84.786s][info][gc,ref      ] GC(67) Discovered  references: Soft: 0, Weak: 8316, Final: 48, Phantom: 615
[2026-04-03T02:44:39.997+0600][84.786s][info][gc,ref      ] GC(67) Enqueued    references: Soft: 0, Weak: 419, Final: 0, Phantom: 0
[2026-04-03T02:44:39.997+0600][84.786s][info][gc          ] GC(67) Concurrent weak references 0.748ms
[2026-04-03T02:44:39.997+0600][84.786s][info][gc,start    ] GC(67) Concurrent weak roots
[2026-04-03T02:44:39.997+0600][84.786s][info][gc,task     ] GC(67) Using 3 of 6 workers for concurrent weak root
[2026-04-03T02:44:40.003+0600][84.793s][info][gc          ] GC(67) Concurrent weak roots 6.730ms
[2026-04-03T02:44:40.004+0600][84.793s][info][gc,start    ] GC(67) Concurrent cleanup
[2026-04-03T02:44:40.005+0600][84.794s][info][gc          ] GC(67) Concurrent cleanup 1278M->390M(1545M) 1.222ms
[2026-04-03T02:44:40.005+0600][84.794s][info][gc,ergo     ] GC(67) Free: 1264M, Max: 512K regular, 257M humongous, Frag: 80% external, 0% internal; Reserve: 89035K, Max: 512K
[2026-04-03T02:44:40.005+0600][84.794s][info][gc,start    ] GC(67) Concurrent class unloading
[2026-04-03T02:44:40.005+0600][84.794s][info][gc,task     ] GC(67) Using 3 of 6 workers for concurrent class unloading
[2026-04-03T02:44:40.029+0600][84.818s][info][gc          ] GC(67) Concurrent class unloading 23.865ms
[2026-04-03T02:44:40.029+0600][84.818s][info][gc,start    ] GC(67) Concurrent strong roots
[2026-04-03T02:44:40.029+0600][84.818s][info][gc,task     ] GC(67) Using 3 of 6 workers for concurrent strong root
[2026-04-03T02:44:40.031+0600][84.820s][info][gc          ] GC(67) Concurrent strong roots 1.695ms
[2026-04-03T02:44:40.031+0600][84.820s][info][gc,start    ] GC(67) Concurrent evacuation
[2026-04-03T02:44:40.031+0600][84.820s][info][gc,task     ] GC(67) Using 3 of 6 workers for concurrent evacuation
[2026-04-03T02:44:40.034+0600][84.824s][info][gc          ] GC(67) Concurrent evacuation 3.745ms
[2026-04-03T02:44:40.035+0600][84.824s][info][gc,start    ] GC(67) Pause Init Update Refs
[2026-04-03T02:44:40.035+0600][84.824s][info][gc,ergo     ] GC(67) Pacer for Update Refs. Used: 423M, Free: 1237M, Non-Taxable: 123M, Alloc Tax Rate: 1.1x
[2026-04-03T02:44:40.035+0600][84.824s][info][gc          ] GC(67) Pause Init Update Refs 0.162ms
[2026-04-03T02:44:40.035+0600][84.824s][info][gc,start    ] GC(67) Concurrent update references
[2026-04-03T02:44:40.035+0600][84.824s][info][gc,task     ] GC(67) Using 3 of 6 workers for concurrent reference update
[2026-04-03T02:44:40.081+0600][84.871s][info][gc          ] GC(67) Concurrent update references 46.429ms
[2026-04-03T02:44:40.081+0600][84.871s][info][gc,start    ] GC(67) Concurrent update thread roots
[2026-04-03T02:44:40.083+0600][84.873s][info][gc          ] GC(67) Concurrent update thread roots 1.865ms
[2026-04-03T02:44:40.084+0600][84.873s][info][gc,start    ] GC(67) Pause Final Update Refs
[2026-04-03T02:44:40.084+0600][84.873s][info][gc,task     ] GC(67) Using 6 of 6 workers for final reference update
[2026-04-03T02:44:40.084+0600][84.873s][info][gc          ] GC(67) Pause Final Update Refs 0.268ms
[2026-04-03T02:44:40.084+0600][84.873s][info][gc,start    ] GC(67) Concurrent cleanup
[2026-04-03T02:44:40.085+0600][84.874s][info][gc          ] GC(67) Concurrent cleanup 452M->207M(1545M) 0.886ms
[2026-04-03T02:44:40.085+0600][84.874s][info][gc,ergo     ] Free: 1443M, Max: 512K regular, 946M humongous, Frag: 35% external, 0% internal; Reserve: 89600K, Max: 512K
[2026-04-03T02:44:40.085+0600][84.874s][info][gc,stats    ] 
[2026-04-03T02:44:40.085+0600][84.874s][info][gc,stats    ] All times are wall-clock times, except per-root-class counters, that are sum over
[2026-04-03T02:44:40.085+0600][84.874s][info][gc,stats    ] all workers. Dividing the <total> over the root stage time estimates parallelism.
[2026-04-03T02:44:40.085+0600][84.874s][info][gc,stats    ] 
[2026-04-03T02:44:40.085+0600][84.874s][info][gc,stats    ] Concurrent Reset                   1976 us
[2026-04-03T02:44:40.085+0600][84.874s][info][gc,stats    ] Pause Init Mark (G)                 509 us
[2026-04-03T02:44:40.085+0600][84.874s][info][gc,stats    ] Pause Init Mark (N)                 171 us
[2026-04-03T02:44:40.085+0600][84.874s][info][gc,stats    ]   Update Region States               42 us
[2026-04-03T02:44:40.085+0600][84.874s][info][gc,stats    ] Concurrent Mark Roots              1688 us, parallelism: 1.84x
[2026-04-03T02:44:40.085+0600][84.875s][info][gc,stats    ]   CMR: <total>                     3102 us
[2026-04-03T02:44:40.085+0600][84.875s][info][gc,stats    ]   CMR: Thread Roots                2648 us, workers (us): 606, 1016, 1026, ---, ---, ---, 
[2026-04-03T02:44:40.085+0600][84.875s][info][gc,stats    ]   CMR: VM Strong Roots               54 us, workers (us):  28,  14,  12, ---, ---, ---, 
[2026-04-03T02:44:40.085+0600][84.875s][info][gc,stats    ]   CMR: CLDG Roots                   400 us, workers (us): 400, ---, ---, ---, ---, ---, 
[2026-04-03T02:44:40.085+0600][84.875s][info][gc,stats    ] Concurrent Marking                74074 us
[2026-04-03T02:44:40.085+0600][84.875s][info][gc,stats    ] Pause Final Mark (G)                897 us
[2026-04-03T02:44:40.085+0600][84.875s][info][gc,stats    ] Pause Final Mark (N)                686 us
[2026-04-03T02:44:40.085+0600][84.875s][info][gc,stats    ]   Finish Mark                       247 us
[2026-04-03T02:44:40.085+0600][84.875s][info][gc,stats    ]   Update Region States               43 us
[2026-04-03T02:44:40.085+0600][84.875s][info][gc,stats    ]   Choose Collection Set             251 us
[2026-04-03T02:44:40.085+0600][84.875s][info][gc,stats    ]   Rebuild Free Set                   43 us
[2026-04-03T02:44:40.085+0600][84.875s][info][gc,stats    ] Concurrent Thread Roots             951 us, parallelism: 2.21x
[2026-04-03T02:44:40.085+0600][84.875s][info][gc,stats    ]   CTR: <total>                     2104 us
[2026-04-03T02:44:40.085+0600][84.875s][info][gc,stats    ]   CTR: Thread Roots                2104 us, workers (us): 759, 694, 652, ---, ---, ---, 
[2026-04-03T02:44:40.085+0600][84.875s][info][gc,stats    ] Concurrent Weak References          765 us, parallelism: 1.30x
[2026-04-03T02:44:40.085+0600][84.875s][info][gc,stats    ]   CWRF: <total>                     997 us
[2026-04-03T02:44:40.085+0600][84.875s][info][gc,stats    ]   CWRF: Weak References             997 us, workers (us): 657, 269,  71, ---, ---, ---, 
[2026-04-03T02:44:40.085+0600][84.875s][info][gc,stats    ] Concurrent Weak Roots              6834 us
[2026-04-03T02:44:40.085+0600][84.875s][info][gc,stats    ]   Roots                            5426 us, parallelism: 2.71x
[2026-04-03T02:44:40.085+0600][84.875s][info][gc,stats    ]     CWR: <total>                  14718 us
[2026-04-03T02:44:40.085+0600][84.875s][info][gc,stats    ]     CWR: Code Cache Roots         12318 us, workers (us): 4013, 4167, 4138, ---, ---, ---, 
[2026-04-03T02:44:40.085+0600][84.875s][info][gc,stats    ]     CWR: VM Weak Roots             2205 us, workers (us): 736, 734, 735, ---, ---, ---, 
[2026-04-03T02:44:40.085+0600][84.875s][info][gc,stats    ]     CWR: CLDG Roots                 195 us, workers (us): 195, ---, ---, ---, ---, ---, 
[2026-04-03T02:44:40.085+0600][84.875s][info][gc,stats    ]   Rendezvous                       1273 us
[2026-04-03T02:44:40.085+0600][84.875s][info][gc,stats    ] Concurrent Cleanup                 1317 us
[2026-04-03T02:44:40.085+0600][84.875s][info][gc,stats    ] Concurrent Class Unloading        23964 us
[2026-04-03T02:44:40.085+0600][84.875s][info][gc,stats    ]   Unlink Stale                    21663 us
[2026-04-03T02:44:40.086+0600][84.875s][info][gc,stats    ]     System Dictionary               302 us
[2026-04-03T02:44:40.086+0600][84.875s][info][gc,stats    ]     Weak Class Links                  0 us
[2026-04-03T02:44:40.086+0600][84.875s][info][gc,stats    ]     Code Roots                    21358 us
[2026-04-03T02:44:40.086+0600][84.875s][info][gc,stats    ]   Rendezvous                        450 us
[2026-04-03T02:44:40.086+0600][84.875s][info][gc,stats    ]   Purge Unlinked                   1709 us
[2026-04-03T02:44:40.086+0600][84.875s][info][gc,stats    ]     Code Roots                     1693 us
[2026-04-03T02:44:40.086+0600][84.875s][info][gc,stats    ]     CLDG                             14 us
[2026-04-03T02:44:40.086+0600][84.875s][info][gc,stats    ]     Exception Caches                  1 us
[2026-04-03T02:44:40.086+0600][84.875s][info][gc,stats    ] Concurrent Strong Roots            1734 us, parallelism: 0.72x
[2026-04-03T02:44:40.086+0600][84.875s][info][gc,stats    ]   CSR: <total>                     1240 us
[2026-04-03T02:44:40.086+0600][84.875s][info][gc,stats    ]   CSR: VM Strong Roots               56 us, workers (us):  55,   2,   0, ---, ---, ---, 
[2026-04-03T02:44:40.086+0600][84.875s][info][gc,stats    ]   CSR: CLDG Roots                  1183 us, workers (us): 1183, ---, ---, ---, ---, ---, 
[2026-04-03T02:44:40.086+0600][84.875s][info][gc,stats    ] Concurrent Evacuation              3823 us
[2026-04-03T02:44:40.086+0600][84.875s][info][gc,stats    ] Pause Init Update Refs (G)          402 us
[2026-04-03T02:44:40.086+0600][84.875s][info][gc,stats    ] Pause Init Update Refs (N)          175 us
[2026-04-03T02:44:40.086+0600][84.875s][info][gc,stats    ]   Manage GCLABs                      53 us
[2026-04-03T02:44:40.086+0600][84.875s][info][gc,stats    ] Concurrent Update Refs            46523 us
[2026-04-03T02:44:40.086+0600][84.875s][info][gc,stats    ] Concurrent Update Thread Roots     1931 us
[2026-04-03T02:44:40.086+0600][84.875s][info][gc,stats    ] Pause Final Update Refs (G)         589 us
[2026-04-03T02:44:40.086+0600][84.875s][info][gc,stats    ] Pause Final Update Refs (N)         299 us
[2026-04-03T02:44:40.086+0600][84.875s][info][gc,stats    ]   Update Region States               95 us
[2026-04-03T02:44:40.086+0600][84.875s][info][gc,stats    ]   Trash Collection Set               26 us
[2026-04-03T02:44:40.086+0600][84.875s][info][gc,stats    ]   Rebuild Free Set                   58 us
[2026-04-03T02:44:40.086+0600][84.875s][info][gc,stats    ] Concurrent Cleanup                  941 us
[2026-04-03T02:44:40.086+0600][84.875s][info][gc,stats    ] Pacing                            32753 us
[2026-04-03T02:44:40.086+0600][84.875s][info][gc,stats    ] 
[2026-04-03T02:44:40.086+0600][84.875s][info][gc,stats    ] Allocation pacing accrued:
[2026-04-03T02:44:40.086+0600][84.875s][info][gc,stats    ]      10 of  1025 ms (  1.0%): dispatcher-event-loop-1
[2026-04-03T02:44:40.086+0600][84.875s][info][gc,stats    ]      11 of  1025 ms (  1.1%): RemoteBlock-temp-file-clean-thread
[2026-04-03T02:44:40.086+0600][84.875s][info][gc,stats    ]      11 of  1025 ms (  1.1%): dag-scheduler-event-loop
[2026-04-03T02:44:40.086+0600][84.875s][info][gc,stats    ]      33 of  1025 ms (  3.2%): <total>
[2026-04-03T02:44:40.086+0600][84.875s][info][gc,stats    ]       0 of  1025 ms (  0.0%): <average total>
[2026-04-03T02:44:40.086+0600][84.875s][info][gc,stats    ]      11 of  1025 ms (  1.1%): <average non-zero>
[2026-04-03T02:44:40.086+0600][84.875s][info][gc,stats    ] 
[2026-04-03T02:44:40.086+0600][84.875s][info][gc,metaspace] Metaspace: 131671K(132928K)->131671K(132928K) NonClass: 115163K(115776K)->115163K(115776K) Class: 16508K(17152K)->16508K(17152K)
[2026-04-03T02:44:40.086+0600][84.875s][info][gc,ergo     ] Pacer for Idle. Initial: 35840K, Alloc Tax Rate: 1.0x
[2026-04-03T02:44:40.782+0600][85.572s][info][gc          ] Trigger: Average GC time (187.77 ms) is above the time for average allocation rate (1083 MB/s) to deplete free headroom (196M) (margin of error = 1.86)
[2026-04-03T02:44:40.782+0600][85.572s][info][gc,ergo     ] Free headroom: 283M (free) - 89600K (spike) - 0B (penalties) = 196M
[2026-04-03T02:44:40.782+0600][85.572s][info][gc,ergo     ] Free: 278M, Max: 512K regular, 259M humongous, Frag: 6% external, 0% internal; Reserve: 89600K, Max: 512K
[2026-04-03T02:44:40.782+0600][85.572s][info][gc,start    ] GC(68) Concurrent reset
[2026-04-03T02:44:40.782+0600][85.572s][info][gc,task     ] GC(68) Using 3 of 6 workers for concurrent reset
[2026-04-03T02:44:40.782+0600][85.572s][info][gc,ergo     ] GC(68) Pacer for Reset. Non-Taxable: 1750M
[2026-04-03T02:44:40.784+0600][85.574s][info][gc          ] GC(68) Concurrent reset 2.101ms
[2026-04-03T02:44:40.785+0600][85.575s][info][gc,start    ] GC(68) Pause Init Mark (unload classes)
[2026-04-03T02:44:40.785+0600][85.575s][info][gc,task     ] GC(68) Using 6 of 6 workers for init marking
[2026-04-03T02:44:40.785+0600][85.575s][info][gc,ergo     ] GC(68) Pacer for Mark. Expected Live: 95515K, Free: 240M, Non-Taxable: 24629K, Alloc Tax Rate: 0.5x
[2026-04-03T02:44:40.785+0600][85.575s][info][gc          ] GC(68) Pause Init Mark (unload classes) 0.173ms
[2026-04-03T02:44:40.786+0600][85.575s][info][gc,start    ] GC(68) Concurrent marking roots
[2026-04-03T02:44:40.786+0600][85.575s][info][gc,task     ] GC(68) Using 3 of 6 workers for concurrent marking roots
[2026-04-03T02:44:40.787+0600][85.576s][info][gc          ] GC(68) Concurrent marking roots 1.459ms
[2026-04-03T02:44:40.787+0600][85.577s][info][gc,start    ] GC(68) Concurrent marking (unload classes)
[2026-04-03T02:44:40.787+0600][85.577s][info][gc,task     ] GC(68) Using 3 of 6 workers for concurrent marking
[2026-04-03T02:44:40.828+0600][85.617s][info][gc          ] GC(68) Concurrent marking (unload classes) 40.430ms
[2026-04-03T02:44:40.828+0600][85.617s][info][gc,start    ] GC(68) Pause Final Mark (unload classes)
[2026-04-03T02:44:40.828+0600][85.617s][info][gc,task     ] GC(68) Using 6 of 6 workers for final marking
[2026-04-03T02:44:40.828+0600][85.618s][info][gc,ergo     ] GC(68) Adaptive CSet Selection. Target Free: 247M, Actual Free: 1259M, Max CSet: 74666K, Min Garbage: 0B
[2026-04-03T02:44:40.828+0600][85.618s][info][gc,ergo     ] GC(68) Collectable Garbage: 1189M (99%), Immediate: 991M (82%), CSet: 198M (16%)
[2026-04-03T02:44:40.828+0600][85.618s][info][gc,ergo     ] GC(68) Pacer for Evacuation. Used CSet: 207M, Free: 1286M, Non-Taxable: 128M, Alloc Tax Rate: 1.1x
[2026-04-03T02:44:40.828+0600][85.618s][info][gc          ] GC(68) Pause Final Mark (unload classes) 0.706ms
[2026-04-03T02:44:40.829+0600][85.618s][info][gc,start    ] GC(68) Concurrent thread roots
[2026-04-03T02:44:40.829+0600][85.618s][info][gc,task     ] GC(68) Using 3 of 6 workers for Concurrent thread roots
[2026-04-03T02:44:40.830+0600][85.619s][info][gc          ] GC(68) Concurrent thread roots 0.939ms
[2026-04-03T02:44:40.830+0600][85.619s][info][gc,start    ] GC(68) Concurrent weak references
[2026-04-03T02:44:40.830+0600][85.619s][info][gc,task     ] GC(68) Using 3 of 6 workers for concurrent weak references
[2026-04-03T02:44:40.830+0600][85.620s][info][gc,ref      ] GC(68) Encountered references: Soft: 3788, Weak: 17160, Final: 84, Phantom: 641
[2026-04-03T02:44:40.830+0600][85.620s][info][gc,ref      ] GC(68) Discovered  references: Soft: 0, Weak: 10763, Final: 52, Phantom: 245
[2026-04-03T02:44:40.830+0600][85.620s][info][gc,ref      ] GC(68) Enqueued    references: Soft: 0, Weak: 2516, Final: 0, Phantom: 0
[2026-04-03T02:44:40.830+0600][85.620s][info][gc          ] GC(68) Concurrent weak references 0.872ms
[2026-04-03T02:44:40.830+0600][85.620s][info][gc,start    ] GC(68) Concurrent weak roots
[2026-04-03T02:44:40.830+0600][85.620s][info][gc,task     ] GC(68) Using 3 of 6 workers for concurrent weak root
[2026-04-03T02:44:40.841+0600][85.630s][info][gc          ] GC(68) Concurrent weak roots 10.364ms
[2026-04-03T02:44:40.841+0600][85.630s][info][gc,start    ] GC(68) Concurrent cleanup
[2026-04-03T02:44:40.842+0600][85.632s][info][gc          ] GC(68) Concurrent cleanup 1414M->432M(1563M) 1.454ms
[2026-04-03T02:44:40.842+0600][85.632s][info][gc,ergo     ] GC(68) Free: 1214M, Max: 512K regular, 272M humongous, Frag: 78% external, 0% internal; Reserve: 86595K, Max: 512K
[2026-04-03T02:44:40.843+0600][85.632s][info][gc,start    ] GC(68) Concurrent class unloading
[2026-04-03T02:44:40.843+0600][85.632s][info][gc,task     ] GC(68) Using 3 of 6 workers for concurrent class unloading
[2026-04-03T02:44:40.866+0600][85.655s][info][gc          ] GC(68) Concurrent class unloading 23.337ms
[2026-04-03T02:44:40.866+0600][85.655s][info][gc,start    ] GC(68) Concurrent strong roots
[2026-04-03T02:44:40.866+0600][85.655s][info][gc,task     ] GC(68) Using 3 of 6 workers for concurrent strong root
[2026-04-03T02:44:40.867+0600][85.657s][info][gc          ] GC(68) Concurrent strong roots 1.281ms
[2026-04-03T02:44:40.867+0600][85.657s][info][gc,start    ] GC(68) Concurrent evacuation
[2026-04-03T02:44:40.867+0600][85.657s][info][gc,task     ] GC(68) Using 3 of 6 workers for concurrent evacuation
[2026-04-03T02:44:40.875+0600][85.664s][info][gc          ] GC(68) Concurrent evacuation 7.813ms
[2026-04-03T02:44:40.876+0600][85.665s][info][gc,start    ] GC(68) Pause Init Update Refs
[2026-04-03T02:44:40.876+0600][85.665s][info][gc,ergo     ] GC(68) Pacer for Update Refs. Used: 480M, Free: 1171M, Non-Taxable: 117M, Alloc Tax Rate: 1.1x
[2026-04-03T02:44:40.876+0600][85.665s][info][gc          ] GC(68) Pause Init Update Refs 0.157ms
[2026-04-03T02:44:40.876+0600][85.666s][info][gc,start    ] GC(68) Concurrent update references
[2026-04-03T02:44:40.876+0600][85.666s][info][gc,task     ] GC(68) Using 3 of 6 workers for concurrent reference update
[2026-04-03T02:44:40.922+0600][85.711s][info][gc          ] GC(68) Concurrent update references 45.703ms
[2026-04-03T02:44:40.922+0600][85.711s][info][gc,start    ] GC(68) Concurrent update thread roots
[2026-04-03T02:44:40.923+0600][85.713s][info][gc          ] GC(68) Concurrent update thread roots 1.498ms
[2026-04-03T02:44:40.924+0600][85.713s][info][gc,start    ] GC(68) Pause Final Update Refs
[2026-04-03T02:44:40.924+0600][85.713s][info][gc,task     ] GC(68) Using 6 of 6 workers for final reference update
[2026-04-03T02:44:40.924+0600][85.713s][info][gc          ] GC(68) Pause Final Update Refs 0.234ms
[2026-04-03T02:44:40.924+0600][85.713s][info][gc,start    ] GC(68) Concurrent cleanup
[2026-04-03T02:44:40.925+0600][85.714s][info][gc          ] GC(68) Concurrent cleanup 530M->322M(1563M) 0.673ms
[2026-04-03T02:44:40.925+0600][85.714s][info][gc,ergo     ] Free: 1314M, Max: 512K regular, 999M humongous, Frag: 24% external, 0% internal; Reserve: 89600K, Max: 512K
[2026-04-03T02:44:40.925+0600][85.714s][info][gc,stats    ] 
[2026-04-03T02:44:40.925+0600][85.714s][info][gc,stats    ] All times are wall-clock times, except per-root-class counters, that are sum over
[2026-04-03T02:44:40.925+0600][85.714s][info][gc,stats    ] all workers. Dividing the <total> over the root stage time estimates parallelism.
[2026-04-03T02:44:40.925+0600][85.714s][info][gc,stats    ] 
[2026-04-03T02:44:40.925+0600][85.714s][info][gc,stats    ] Concurrent Reset                   2160 us
[2026-04-03T02:44:40.925+0600][85.714s][info][gc,stats    ] Pause Init Mark (G)                1212 us
[2026-04-03T02:44:40.925+0600][85.714s][info][gc,stats    ] Pause Init Mark (N)                 183 us
[2026-04-03T02:44:40.925+0600][85.714s][info][gc,stats    ]   Update Region States               73 us
[2026-04-03T02:44:40.925+0600][85.714s][info][gc,stats    ] Concurrent Mark Roots              1508 us, parallelism: 1.86x
[2026-04-03T02:44:40.925+0600][85.714s][info][gc,stats    ]   CMR: <total>                     2812 us
[2026-04-03T02:44:40.925+0600][85.714s][info][gc,stats    ]   CMR: Thread Roots                2475 us, workers (us): 925, 637, 913, ---, ---, ---, 
[2026-04-03T02:44:40.925+0600][85.714s][info][gc,stats    ]   CMR: VM Strong Roots               64 us, workers (us):  35,  18,  11, ---, ---, ---, 
[2026-04-03T02:44:40.925+0600][85.714s][info][gc,stats    ]   CMR: CLDG Roots                   273 us, workers (us): ---, 273, ---, ---, ---, ---, 
[2026-04-03T02:44:40.925+0600][85.714s][info][gc,stats    ] Concurrent Marking                40492 us
[2026-04-03T02:44:40.925+0600][85.714s][info][gc,stats    ] Pause Final Mark (G)                952 us
[2026-04-03T02:44:40.925+0600][85.714s][info][gc,stats    ] Pause Final Mark (N)                720 us
[2026-04-03T02:44:40.925+0600][85.714s][info][gc,stats    ]   Finish Mark                       255 us
[2026-04-03T02:44:40.925+0600][85.714s][info][gc,stats    ]   Update Region States               67 us
[2026-04-03T02:44:40.925+0600][85.714s][info][gc,stats    ]   Choose Collection Set             238 us
[2026-04-03T02:44:40.925+0600][85.714s][info][gc,stats    ]   Rebuild Free Set                   39 us
[2026-04-03T02:44:40.925+0600][85.714s][info][gc,stats    ] Concurrent Thread Roots             978 us, parallelism: 2.28x
[2026-04-03T02:44:40.925+0600][85.714s][info][gc,stats    ]   CTR: <total>                     2231 us
[2026-04-03T02:44:40.925+0600][85.714s][info][gc,stats    ]   CTR: Thread Roots                2231 us, workers (us): 774, 736, 721, ---, ---, ---, 
[2026-04-03T02:44:40.925+0600][85.714s][info][gc,stats    ] Concurrent Weak References          886 us, parallelism: 1.46x
[2026-04-03T02:44:40.925+0600][85.714s][info][gc,stats    ]   CWRF: <total>                    1293 us
[2026-04-03T02:44:40.925+0600][85.714s][info][gc,stats    ]   CWRF: Weak References            1293 us, workers (us): 259, 653, 381, ---, ---, ---, 
[2026-04-03T02:44:40.925+0600][85.714s][info][gc,stats    ] Concurrent Weak Roots             10453 us
[2026-04-03T02:44:40.925+0600][85.714s][info][gc,stats    ]   Roots                            5706 us, parallelism: 2.81x
[2026-04-03T02:44:40.925+0600][85.714s][info][gc,stats    ]     CWR: <total>                  16008 us
[2026-04-03T02:44:40.925+0600][85.714s][info][gc,stats    ]     CWR: Code Cache Roots         12593 us, workers (us): 4088, 4220, 4285, ---, ---, ---, 
[2026-04-03T02:44:40.925+0600][85.714s][info][gc,stats    ]     CWR: VM Weak Roots             3243 us, workers (us): 1083, 1083, 1077, ---, ---, ---, 
[2026-04-03T02:44:40.925+0600][85.714s][info][gc,stats    ]     CWR: CLDG Roots                 172 us, workers (us): 172, ---, ---, ---, ---, ---, 
[2026-04-03T02:44:40.925+0600][85.714s][info][gc,stats    ]   Rendezvous                       4627 us
[2026-04-03T02:44:40.925+0600][85.714s][info][gc,stats    ] Concurrent Cleanup                 1492 us
[2026-04-03T02:44:40.925+0600][85.714s][info][gc,stats    ] Concurrent Class Unloading        23435 us
[2026-04-03T02:44:40.925+0600][85.714s][info][gc,stats    ]   Unlink Stale                    19437 us
[2026-04-03T02:44:40.925+0600][85.714s][info][gc,stats    ]     System Dictionary               330 us
[2026-04-03T02:44:40.925+0600][85.714s][info][gc,stats    ]     Weak Class Links                  0 us
[2026-04-03T02:44:40.925+0600][85.714s][info][gc,stats    ]     Code Roots                    19103 us
[2026-04-03T02:44:40.925+0600][85.714s][info][gc,stats    ]   Rendezvous                        436 us
[2026-04-03T02:44:40.925+0600][85.714s][info][gc,stats    ]   Purge Unlinked                   3421 us
[2026-04-03T02:44:40.925+0600][85.715s][info][gc,stats    ]     Code Roots                     3408 us
[2026-04-03T02:44:40.925+0600][85.715s][info][gc,stats    ]     CLDG                             12 us
[2026-04-03T02:44:40.925+0600][85.715s][info][gc,stats    ]     Exception Caches                  0 us
[2026-04-03T02:44:40.925+0600][85.715s][info][gc,stats    ] Concurrent Strong Roots            1339 us, parallelism: 0.68x
[2026-04-03T02:44:40.925+0600][85.715s][info][gc,stats    ]   CSR: <total>                      909 us
[2026-04-03T02:44:40.925+0600][85.715s][info][gc,stats    ]   CSR: VM Strong Roots               53 us, workers (us):  26,  27,   0, ---, ---, ---, 
[2026-04-03T02:44:40.925+0600][85.715s][info][gc,stats    ]   CSR: CLDG Roots                   857 us, workers (us): ---, 857, ---, ---, ---, ---, 
[2026-04-03T02:44:40.925+0600][85.715s][info][gc,stats    ] Concurrent Evacuation              7937 us
[2026-04-03T02:44:40.925+0600][85.715s][info][gc,stats    ] Pause Init Update Refs (G)          974 us
[2026-04-03T02:44:40.925+0600][85.715s][info][gc,stats    ] Pause Init Update Refs (N)          170 us
[2026-04-03T02:44:40.925+0600][85.715s][info][gc,stats    ]   Manage GCLABs                      55 us
[2026-04-03T02:44:40.925+0600][85.715s][info][gc,stats    ] Concurrent Update Refs            45775 us
[2026-04-03T02:44:40.925+0600][85.715s][info][gc,stats    ] Concurrent Update Thread Roots     1543 us
[2026-04-03T02:44:40.925+0600][85.715s][info][gc,stats    ] Pause Final Update Refs (G)         564 us
[2026-04-03T02:44:40.925+0600][85.715s][info][gc,stats    ] Pause Final Update Refs (N)         254 us
[2026-04-03T02:44:40.925+0600][85.715s][info][gc,stats    ]   Update Region States               60 us
[2026-04-03T02:44:40.925+0600][85.715s][info][gc,stats    ]   Trash Collection Set               27 us
[2026-04-03T02:44:40.925+0600][85.715s][info][gc,stats    ]   Rebuild Free Set                   42 us
[2026-04-03T02:44:40.925+0600][85.715s][info][gc,stats    ] Concurrent Cleanup                  693 us
[2026-04-03T02:44:40.925+0600][85.715s][info][gc,stats    ] Pacing                           163270 us
[2026-04-03T02:44:40.925+0600][85.715s][info][gc,stats    ] 
[2026-04-03T02:44:40.925+0600][85.715s][info][gc,stats    ] Allocation pacing accrued:
[2026-04-03T02:44:40.925+0600][85.715s][info][gc,stats    ]       4 of   839 ms (  0.5%): Spark Context Cleaner
[2026-04-03T02:44:40.925+0600][85.715s][info][gc,stats    ]      40 of   839 ms (  4.8%): Executor task launch worker for task 1.0 in stage 4130.0 (TID 7656)
[2026-04-03T02:44:40.925+0600][85.715s][info][gc,stats    ]      40 of   839 ms (  4.8%): Executor task launch worker for task 0.0 in stage 4130.0 (TID 7655)
[2026-04-03T02:44:40.925+0600][85.715s][info][gc,stats    ]      38 of   839 ms (  4.5%): Executor task launch worker for task 2.0 in stage 4130.0 (TID 7657)
[2026-04-03T02:44:40.925+0600][85.715s][info][gc,stats    ]      41 of   839 ms (  4.8%): Executor task launch worker for task 3.0 in stage 4130.0 (TID 7658)
[2026-04-03T02:44:40.925+0600][85.715s][info][gc,stats    ]     163 of   839 ms ( 19.5%): <total>
[2026-04-03T02:44:40.925+0600][85.715s][info][gc,stats    ]       1 of   839 ms (  0.1%): <average total>
[2026-04-03T02:44:40.925+0600][85.715s][info][gc,stats    ]      33 of   839 ms (  3.9%): <average non-zero>
[2026-04-03T02:44:40.925+0600][85.715s][info][gc,stats    ] 
[2026-04-03T02:44:40.925+0600][85.715s][info][gc,metaspace] Metaspace: 131676K(132928K)->131680K(132928K) NonClass: 115167K(115776K)->115171K(115776K) Class: 16508K(17152K)->16508K(17152K)
[2026-04-03T02:44:40.925+0600][85.715s][info][gc,ergo     ] Pacer for Idle. Initial: 35840K, Alloc Tax Rate: 1.0x
[2026-04-03T02:44:41.911+0600][86.701s][info][gc          ] Trigger: Average GC time (175.39 ms) is above the time for average allocation rate (1335 MB/s) to deplete free headroom (234M) (margin of error = 1.87)
[2026-04-03T02:44:41.911+0600][86.701s][info][gc,ergo     ] Free headroom: 321M (free) - 89600K (spike) - 0B (penalties) = 234M
[2026-04-03T02:44:41.911+0600][86.701s][info][gc,ergo     ] Free: 321M, Max: 512K regular, 166M humongous, Frag: 48% external, 0% internal; Reserve: 89600K, Max: 512K
[2026-04-03T02:44:41.911+0600][86.701s][info][gc,start    ] GC(69) Concurrent reset
[2026-04-03T02:44:41.911+0600][86.701s][info][gc,task     ] GC(69) Using 3 of 6 workers for concurrent reset
[2026-04-03T02:44:41.911+0600][86.701s][info][gc,ergo     ] GC(69) Pacer for Reset. Non-Taxable: 1750M
[2026-04-03T02:44:41.913+0600][86.702s][info][gc          ] GC(69) Concurrent reset 1.509ms
[2026-04-03T02:44:41.913+0600][86.702s][info][gc,start    ] GC(69) Pause Init Mark (unload classes)
[2026-04-03T02:44:41.913+0600][86.703s][info][gc,task     ] GC(69) Using 6 of 6 workers for init marking
[2026-04-03T02:44:41.913+0600][86.703s][info][gc,ergo     ] GC(69) Pacer for Mark. Expected Live: 98609K, Free: 319M, Non-Taxable: 32676K, Alloc Tax Rate: 0.4x
[2026-04-03T02:44:41.913+0600][86.703s][info][gc          ] GC(69) Pause Init Mark (unload classes) 0.214ms
[2026-04-03T02:44:41.913+0600][86.703s][info][gc,start    ] GC(69) Concurrent marking roots
[2026-04-03T02:44:41.913+0600][86.703s][info][gc,task     ] GC(69) Using 3 of 6 workers for concurrent marking roots
[2026-04-03T02:44:41.916+0600][86.706s][info][gc          ] GC(69) Concurrent marking roots 2.936ms
[2026-04-03T02:44:41.916+0600][86.706s][info][gc,start    ] GC(69) Concurrent marking (unload classes)
[2026-04-03T02:44:41.916+0600][86.706s][info][gc,task     ] GC(69) Using 3 of 6 workers for concurrent marking
[2026-04-03T02:44:41.973+0600][86.763s][info][gc          ] GC(69) Concurrent marking (unload classes) 56.978ms
[2026-04-03T02:44:41.974+0600][86.763s][info][gc,start    ] GC(69) Pause Final Mark (unload classes)
[2026-04-03T02:44:41.974+0600][86.763s][info][gc,task     ] GC(69) Using 6 of 6 workers for final marking
[2026-04-03T02:44:41.974+0600][86.764s][info][gc,ergo     ] GC(69) Adaptive CSet Selection. Target Free: 247M, Actual Free: 1225M, Max CSet: 74666K, Min Garbage: 0B
[2026-04-03T02:44:41.974+0600][86.764s][info][gc,ergo     ] GC(69) Collectable Garbage: 1123M (99%), Immediate: 870M (76%), CSet: 252M (22%)
[2026-04-03T02:44:41.974+0600][86.764s][info][gc,ergo     ] GC(69) Pacer for Evacuation. Used CSet: 261M, Free: 1256M, Non-Taxable: 125M, Alloc Tax Rate: 1.1x
[2026-04-03T02:44:41.975+0600][86.764s][info][gc          ] GC(69) Pause Final Mark (unload classes) 0.899ms
[2026-04-03T02:44:41.975+0600][86.764s][info][gc,start    ] GC(69) Concurrent thread roots
[2026-04-03T02:44:41.975+0600][86.764s][info][gc,task     ] GC(69) Using 3 of 6 workers for Concurrent thread roots
[2026-04-03T02:44:41.977+0600][86.767s][info][gc          ] GC(69) Concurrent thread roots 2.668ms
[2026-04-03T02:44:41.977+0600][86.767s][info][gc,start    ] GC(69) Concurrent weak references
[2026-04-03T02:44:41.977+0600][86.767s][info][gc,task     ] GC(69) Using 3 of 6 workers for concurrent weak references
[2026-04-03T02:44:41.978+0600][86.768s][info][gc,ref      ] GC(69) Encountered references: Soft: 3792, Weak: 16304, Final: 84, Phantom: 620
[2026-04-03T02:44:41.978+0600][86.768s][info][gc,ref      ] GC(69) Discovered  references: Soft: 0, Weak: 8886, Final: 52, Phantom: 223
[2026-04-03T02:44:41.978+0600][86.768s][info][gc,ref      ] GC(69) Enqueued    references: Soft: 0, Weak: 424, Final: 0, Phantom: 0
[2026-04-03T02:44:41.978+0600][86.768s][info][gc          ] GC(69) Concurrent weak references 0.967ms
[2026-04-03T02:44:41.978+0600][86.768s][info][gc,start    ] GC(69) Concurrent weak roots
[2026-04-03T02:44:41.978+0600][86.768s][info][gc,task     ] GC(69) Using 3 of 6 workers for concurrent weak root
[2026-04-03T02:44:41.985+0600][86.775s][info][gc          ] GC(69) Concurrent weak roots 6.923ms
[2026-04-03T02:44:41.985+0600][86.775s][info][gc,start    ] GC(69) Concurrent cleanup
[2026-04-03T02:44:41.987+0600][86.776s][info][gc          ] GC(69) Concurrent cleanup 1278M->408M(1563M) 1.168ms
[2026-04-03T02:44:41.987+0600][86.776s][info][gc,ergo     ] GC(69) Free: 1248M, Max: 512K regular, 254M humongous, Frag: 80% external, 0% internal; Reserve: 88439K, Max: 512K
[2026-04-03T02:44:41.987+0600][86.776s][info][gc,start    ] GC(69) Concurrent class unloading
[2026-04-03T02:44:41.987+0600][86.776s][info][gc,task     ] GC(69) Using 3 of 6 workers for concurrent class unloading
[2026-04-03T02:44:42.011+0600][86.801s][info][gc          ] GC(69) Concurrent class unloading 24.600ms
[2026-04-03T02:44:42.011+0600][86.801s][info][gc,start    ] GC(69) Concurrent strong roots
[2026-04-03T02:44:42.011+0600][86.801s][info][gc,task     ] GC(69) Using 3 of 6 workers for concurrent strong root
[2026-04-03T02:44:42.013+0600][86.802s][info][gc          ] GC(69) Concurrent strong roots 1.332ms
[2026-04-03T02:44:42.013+0600][86.802s][info][gc,start    ] GC(69) Concurrent evacuation
[2026-04-03T02:44:42.013+0600][86.802s][info][gc,task     ] GC(69) Using 3 of 6 workers for concurrent evacuation
[2026-04-03T02:44:42.019+0600][86.809s][info][gc          ] GC(69) Concurrent evacuation 6.581ms
[2026-04-03T02:44:42.020+0600][86.809s][info][gc,start    ] GC(69) Pause Init Update Refs
[2026-04-03T02:44:42.020+0600][86.809s][info][gc,ergo     ] GC(69) Pacer for Update Refs. Used: 438M, Free: 1223M, Non-Taxable: 122M, Alloc Tax Rate: 1.1x
[2026-04-03T02:44:42.020+0600][86.809s][info][gc          ] GC(69) Pause Init Update Refs 0.367ms
[2026-04-03T02:44:42.020+0600][86.810s][info][gc,start    ] GC(69) Concurrent update references
[2026-04-03T02:44:42.020+0600][86.810s][info][gc,task     ] GC(69) Using 3 of 6 workers for concurrent reference update
[2026-04-03T02:44:42.070+0600][86.860s][info][gc          ] GC(69) Concurrent update references 49.941ms
[2026-04-03T02:44:42.070+0600][86.860s][info][gc,start    ] GC(69) Concurrent update thread roots
[2026-04-03T02:44:42.072+0600][86.861s][info][gc          ] GC(69) Concurrent update thread roots 1.459ms
[2026-04-03T02:44:42.072+0600][86.861s][info][gc,start    ] GC(69) Pause Final Update Refs
[2026-04-03T02:44:42.072+0600][86.861s][info][gc,task     ] GC(69) Using 6 of 6 workers for final reference update
[2026-04-03T02:44:42.072+0600][86.862s][info][gc          ] GC(69) Pause Final Update Refs 0.201ms
[2026-04-03T02:44:42.072+0600][86.862s][info][gc,start    ] GC(69) Concurrent cleanup
[2026-04-03T02:44:42.073+0600][86.862s][info][gc          ] GC(69) Concurrent cleanup 478M->216M(1565M) 0.333ms
[2026-04-03T02:44:42.073+0600][86.862s][info][gc,ergo     ] Free: 1430M, Max: 512K regular, 835M humongous, Frag: 42% external, 0% internal; Reserve: 89600K, Max: 512K
[2026-04-03T02:44:42.073+0600][86.862s][info][gc,stats    ] 
[2026-04-03T02:44:42.073+0600][86.862s][info][gc,stats    ] All times are wall-clock times, except per-root-class counters, that are sum over
[2026-04-03T02:44:42.073+0600][86.862s][info][gc,stats    ] all workers. Dividing the <total> over the root stage time estimates parallelism.
[2026-04-03T02:44:42.073+0600][86.862s][info][gc,stats    ] 
[2026-04-03T02:44:42.073+0600][86.862s][info][gc,stats    ] Concurrent Reset                   1562 us
[2026-04-03T02:44:42.073+0600][86.862s][info][gc,stats    ] Pause Init Mark (G)                 520 us
[2026-04-03T02:44:42.073+0600][86.862s][info][gc,stats    ] Pause Init Mark (N)                 225 us
[2026-04-03T02:44:42.073+0600][86.862s][info][gc,stats    ]   Update Region States               35 us
[2026-04-03T02:44:42.073+0600][86.862s][info][gc,stats    ] Concurrent Mark Roots              3016 us, parallelism: 1.92x
[2026-04-03T02:44:42.073+0600][86.862s][info][gc,stats    ]   CMR: <total>                     5782 us
[2026-04-03T02:44:42.073+0600][86.862s][info][gc,stats    ]   CMR: Thread Roots                5432 us, workers (us): 1601, 1605, 2226, ---, ---, ---, 
[2026-04-03T02:44:42.073+0600][86.862s][info][gc,stats    ]   CMR: VM Strong Roots               64 us, workers (us):  28,  21,  15, ---, ---, ---, 
[2026-04-03T02:44:42.073+0600][86.862s][info][gc,stats    ]   CMR: CLDG Roots                   286 us, workers (us): ---, ---, 286, ---, ---, ---, 
[2026-04-03T02:44:42.073+0600][86.862s][info][gc,stats    ] Concurrent Marking                57048 us
[2026-04-03T02:44:42.073+0600][86.862s][info][gc,stats    ] Pause Final Mark (G)               1265 us
[2026-04-03T02:44:42.073+0600][86.862s][info][gc,stats    ] Pause Final Mark (N)                912 us
[2026-04-03T02:44:42.073+0600][86.862s][info][gc,stats    ]   Finish Mark                       341 us
[2026-04-03T02:44:42.073+0600][86.862s][info][gc,stats    ]   Update Region States               54 us
[2026-04-03T02:44:42.073+0600][86.862s][info][gc,stats    ]   Choose Collection Set             294 us
[2026-04-03T02:44:42.073+0600][86.862s][info][gc,stats    ]   Rebuild Free Set                   50 us
[2026-04-03T02:44:42.073+0600][86.862s][info][gc,stats    ] Concurrent Thread Roots            2709 us, parallelism: 2.21x
[2026-04-03T02:44:42.073+0600][86.862s][info][gc,stats    ]   CTR: <total>                     5991 us
[2026-04-03T02:44:42.073+0600][86.862s][info][gc,stats    ]   CTR: Thread Roots                5991 us, workers (us): 1975, 2408, 1608, ---, ---, ---, 
[2026-04-03T02:44:42.073+0600][86.862s][info][gc,stats    ] Concurrent Weak References          980 us, parallelism: 1.48x
[2026-04-03T02:44:42.073+0600][86.862s][info][gc,stats    ]   CWRF: <total>                    1448 us
[2026-04-03T02:44:42.073+0600][86.862s][info][gc,stats    ]   CWRF: Weak References            1448 us, workers (us): 297, 756, 395, ---, ---, ---, 
[2026-04-03T02:44:42.073+0600][86.862s][info][gc,stats    ] Concurrent Weak Roots              7034 us
[2026-04-03T02:44:42.073+0600][86.862s][info][gc,stats    ]   Roots                            6446 us, parallelism: 2.46x
[2026-04-03T02:44:42.073+0600][86.862s][info][gc,stats    ]     CWR: <total>                  15867 us
[2026-04-03T02:44:42.073+0600][86.862s][info][gc,stats    ]     CWR: Code Cache Roots         13028 us, workers (us): 4396, 4632, 3999, ---, ---, ---, 
[2026-04-03T02:44:42.073+0600][86.862s][info][gc,stats    ]     CWR: VM Weak Roots             2600 us, workers (us): 1303, 1294,   4, ---, ---, ---, 
[2026-04-03T02:44:42.073+0600][86.862s][info][gc,stats    ]     CWR: CLDG Roots                 239 us, workers (us): 239, ---, ---, ---, ---, ---, 
[2026-04-03T02:44:42.073+0600][86.862s][info][gc,stats    ]   Rendezvous                        444 us
[2026-04-03T02:44:42.073+0600][86.863s][info][gc,stats    ] Concurrent Cleanup                 1192 us
[2026-04-03T02:44:42.073+0600][86.863s][info][gc,stats    ] Concurrent Class Unloading        24688 us
[2026-04-03T02:44:42.073+0600][86.863s][info][gc,stats    ]   Unlink Stale                    21777 us
[2026-04-03T02:44:42.073+0600][86.863s][info][gc,stats    ]     System Dictionary               302 us
[2026-04-03T02:44:42.073+0600][86.863s][info][gc,stats    ]     Weak Class Links                  1 us
[2026-04-03T02:44:42.073+0600][86.863s][info][gc,stats    ]     Code Roots                    21471 us
[2026-04-03T02:44:42.073+0600][86.863s][info][gc,stats    ]   Rendezvous                        589 us
[2026-04-03T02:44:42.073+0600][86.863s][info][gc,stats    ]   Purge Unlinked                   2192 us
[2026-04-03T02:44:42.073+0600][86.863s][info][gc,stats    ]     Code Roots                     2179 us
[2026-04-03T02:44:42.073+0600][86.863s][info][gc,stats    ]     CLDG                             12 us
[2026-04-03T02:44:42.073+0600][86.863s][info][gc,stats    ]     Exception Caches                  0 us
[2026-04-03T02:44:42.073+0600][86.863s][info][gc,stats    ] Concurrent Strong Roots            1404 us, parallelism: 0.59x
[2026-04-03T02:44:42.073+0600][86.863s][info][gc,stats    ]   CSR: <total>                      831 us
[2026-04-03T02:44:42.073+0600][86.863s][info][gc,stats    ]   CSR: VM Strong Roots               58 us, workers (us):  29,  29,   0, ---, ---, ---, 
[2026-04-03T02:44:42.073+0600][86.863s][info][gc,stats    ]   CSR: CLDG Roots                   773 us, workers (us): ---, 773, ---, ---, ---, ---, 
[2026-04-03T02:44:42.073+0600][86.863s][info][gc,stats    ] Concurrent Evacuation              6666 us
[2026-04-03T02:44:42.073+0600][86.863s][info][gc,stats    ] Pause Init Update Refs (G)          764 us
[2026-04-03T02:44:42.073+0600][86.863s][info][gc,stats    ] Pause Init Update Refs (N)          383 us
[2026-04-03T02:44:42.073+0600][86.863s][info][gc,stats    ]   Manage GCLABs                     201 us
[2026-04-03T02:44:42.073+0600][86.863s][info][gc,stats    ] Concurrent Update Refs            50015 us
[2026-04-03T02:44:42.073+0600][86.863s][info][gc,stats    ] Concurrent Update Thread Roots     1509 us
[2026-04-03T02:44:42.073+0600][86.863s][info][gc,stats    ] Pause Final Update Refs (G)         592 us
[2026-04-03T02:44:42.073+0600][86.863s][info][gc,stats    ] Pause Final Update Refs (N)         231 us
[2026-04-03T02:44:42.073+0600][86.863s][info][gc,stats    ]   Update Region States               59 us
[2026-04-03T02:44:42.073+0600][86.863s][info][gc,stats    ]   Trash Collection Set               25 us
[2026-04-03T02:44:42.073+0600][86.863s][info][gc,stats    ]   Rebuild Free Set                   48 us
[2026-04-03T02:44:42.073+0600][86.863s][info][gc,stats    ] Concurrent Cleanup                  362 us
[2026-04-03T02:44:42.073+0600][86.863s][info][gc,stats    ] Pacing                           156790 us
[2026-04-03T02:44:42.073+0600][86.863s][info][gc,stats    ] 
[2026-04-03T02:44:42.073+0600][86.863s][info][gc,stats    ] Allocation pacing accrued:
[2026-04-03T02:44:42.073+0600][86.863s][info][gc,stats    ]      19 of  1148 ms (  1.6%): Executor task launch worker for task 4.0 in stage 4169.0 (TID 7843)
[2026-04-03T02:44:42.073+0600][86.863s][info][gc,stats    ]      21 of  1148 ms (  1.9%): Executor task launch worker for task 1.0 in stage 4169.0 (TID 7840)
[2026-04-03T02:44:42.073+0600][86.863s][info][gc,stats    ]      17 of  1148 ms (  1.5%): Executor task launch worker for task 7.0 in stage 4169.0 (TID 7846)
[2026-04-03T02:44:42.073+0600][86.863s][info][gc,stats    ]      21 of  1148 ms (  1.8%): Executor task launch worker for task 3.0 in stage 4169.0 (TID 7842)
[2026-04-03T02:44:42.073+0600][86.863s][info][gc,stats    ]      20 of  1148 ms (  1.8%): Executor task launch worker for task 2.0 in stage 4169.0 (TID 7841)
[2026-04-03T02:44:42.073+0600][86.863s][info][gc,stats    ]      19 of  1148 ms (  1.7%): Executor task launch worker for task 5.0 in stage 4169.0 (TID 7844)
[2026-04-03T02:44:42.073+0600][86.863s][info][gc,stats    ]      21 of  1148 ms (  1.8%): Executor task launch worker for task 6.0 in stage 4169.0 (TID 7845)
[2026-04-03T02:44:42.073+0600][86.863s][info][gc,stats    ]      18 of  1148 ms (  1.6%): Executor task launch worker for task 0.0 in stage 4169.0 (TID 7839)
[2026-04-03T02:44:42.074+0600][86.863s][info][gc,stats    ]     157 of  1148 ms ( 13.7%): <total>
[2026-04-03T02:44:42.074+0600][86.863s][info][gc,stats    ]       1 of  1148 ms (  0.0%): <average total>
[2026-04-03T02:44:42.074+0600][86.863s][info][gc,stats    ]      20 of  1148 ms (  1.7%): <average non-zero>
[2026-04-03T02:44:42.074+0600][86.863s][info][gc,stats    ] 
[2026-04-03T02:44:42.074+0600][86.863s][info][gc,metaspace] Metaspace: 131705K(132992K)->131705K(132992K) NonClass: 115193K(115840K)->115193K(115840K) Class: 16512K(17152K)->16512K(17152K)
[2026-04-03T02:44:42.074+0600][86.863s][info][gc,ergo     ] Pacer for Idle. Initial: 35840K, Alloc Tax Rate: 1.0x
[2026-04-03T02:44:42.646+0600][87.435s][info][gc          ] Trigger: Average GC time (176.74 ms) is above the time for average allocation rate (1511 MB/s) to deplete free headroom (261M) (margin of error = 1.86)
[2026-04-03T02:44:42.646+0600][87.435s][info][gc,ergo     ] Free headroom: 348M (free) - 89600K (spike) - 0B (penalties) = 261M
[2026-04-03T02:44:42.646+0600][87.436s][info][gc,ergo     ] Free: 348M, Max: 512K regular, 228M humongous, Frag: 34% external, 0% internal; Reserve: 89600K, Max: 512K
[2026-04-03T02:44:42.646+0600][87.436s][info][gc,start    ] GC(70) Concurrent reset
[2026-04-03T02:44:42.646+0600][87.436s][info][gc,task     ] GC(70) Using 3 of 6 workers for concurrent reset
[2026-04-03T02:44:42.646+0600][87.436s][info][gc,ergo     ] GC(70) Pacer for Reset. Non-Taxable: 1750M
[2026-04-03T02:44:42.648+0600][87.438s][info][gc          ] GC(70) Concurrent reset 2.060ms
[2026-04-03T02:44:42.649+0600][87.438s][info][gc,start    ] GC(70) Pause Init Mark (unload classes)
[2026-04-03T02:44:42.649+0600][87.439s][info][gc,task     ] GC(70) Using 6 of 6 workers for init marking
[2026-04-03T02:44:42.649+0600][87.439s][info][gc,ergo     ] GC(70) Pacer for Mark. Expected Live: 98556K, Free: 301M, Non-Taxable: 30882K, Alloc Tax Rate: 0.4x
[2026-04-03T02:44:42.649+0600][87.439s][info][gc          ] GC(70) Pause Init Mark (unload classes) 0.165ms
[2026-04-03T02:44:42.649+0600][87.439s][info][gc,start    ] GC(70) Concurrent marking roots
[2026-04-03T02:44:42.649+0600][87.439s][info][gc,task     ] GC(70) Using 3 of 6 workers for concurrent marking roots
[2026-04-03T02:44:42.651+0600][87.441s][info][gc          ] GC(70) Concurrent marking roots 1.812ms
[2026-04-03T02:44:42.651+0600][87.441s][info][gc,start    ] GC(70) Concurrent marking (unload classes)
[2026-04-03T02:44:42.651+0600][87.441s][info][gc,task     ] GC(70) Using 3 of 6 workers for concurrent marking
[2026-04-03T02:44:42.701+0600][87.490s][info][gc          ] GC(70) Concurrent marking (unload classes) 49.303ms
[2026-04-03T02:44:42.701+0600][87.490s][info][gc,start    ] GC(70) Pause Final Mark (unload classes)
[2026-04-03T02:44:42.701+0600][87.490s][info][gc,task     ] GC(70) Using 6 of 6 workers for final marking
[2026-04-03T02:44:42.701+0600][87.491s][info][gc,ergo     ] GC(70) Adaptive CSet Selection. Target Free: 247M, Actual Free: 1281M, Max CSet: 74666K, Min Garbage: 0B
[2026-04-03T02:44:42.701+0600][87.491s][info][gc,ergo     ] GC(70) Collectable Garbage: 1137M (99%), Immediate: 956M (83%), CSet: 181M (15%)
[2026-04-03T02:44:42.701+0600][87.491s][info][gc,ergo     ] GC(70) Pacer for Evacuation. Used CSet: 192M, Free: 1304M, Non-Taxable: 130M, Alloc Tax Rate: 1.1x
[2026-04-03T02:44:42.701+0600][87.491s][info][gc          ] GC(70) Pause Final Mark (unload classes) 0.752ms
[2026-04-03T02:44:42.702+0600][87.491s][info][gc,start    ] GC(70) Concurrent thread roots
[2026-04-03T02:44:42.702+0600][87.491s][info][gc,task     ] GC(70) Using 3 of 6 workers for Concurrent thread roots
[2026-04-03T02:44:42.702+0600][87.492s][info][gc          ] GC(70) Concurrent thread roots 0.764ms
[2026-04-03T02:44:42.702+0600][87.492s][info][gc,start    ] GC(70) Concurrent weak references
[2026-04-03T02:44:42.702+0600][87.492s][info][gc,task     ] GC(70) Using 3 of 6 workers for concurrent weak references
[2026-04-03T02:44:42.703+0600][87.493s][info][gc,ref      ] GC(70) Encountered references: Soft: 3788, Weak: 17154, Final: 84, Phantom: 641
[2026-04-03T02:44:42.703+0600][87.493s][info][gc,ref      ] GC(70) Discovered  references: Soft: 0, Weak: 11004, Final: 84, Phantom: 296
[2026-04-03T02:44:42.703+0600][87.493s][info][gc,ref      ] GC(70) Enqueued    references: Soft: 0, Weak: 2511, Final: 0, Phantom: 0
[2026-04-03T02:44:42.703+0600][87.493s][info][gc          ] GC(70) Concurrent weak references 1.051ms
[2026-04-03T02:44:42.703+0600][87.493s][info][gc,start    ] GC(70) Concurrent weak roots
[2026-04-03T02:44:42.703+0600][87.493s][info][gc,task     ] GC(70) Using 3 of 6 workers for concurrent weak root
[2026-04-03T02:44:42.708+0600][87.497s][info][gc          ] GC(70) Concurrent weak roots 4.110ms
[2026-04-03T02:44:42.708+0600][87.497s][info][gc,start    ] GC(70) Concurrent cleanup
[2026-04-03T02:44:42.708+0600][87.498s][info][gc          ] GC(70) Concurrent cleanup 1323M->367M(1565M) 0.727ms
[2026-04-03T02:44:42.708+0600][87.498s][info][gc,ergo     ] GC(70) Free: 1285M, Max: 512K regular, 291M humongous, Frag: 78% external, 0% internal; Reserve: 87019K, Max: 512K
[2026-04-03T02:44:42.708+0600][87.498s][info][gc,start    ] GC(70) Concurrent class unloading
[2026-04-03T02:44:42.708+0600][87.498s][info][gc,task     ] GC(70) Using 3 of 6 workers for concurrent class unloading
[2026-04-03T02:44:42.724+0600][87.514s][info][gc          ] GC(70) Concurrent class unloading 16.006ms
[2026-04-03T02:44:42.725+0600][87.514s][info][gc,start    ] GC(70) Concurrent strong roots
[2026-04-03T02:44:42.725+0600][87.514s][info][gc,task     ] GC(70) Using 3 of 6 workers for concurrent strong root
[2026-04-03T02:44:42.726+0600][87.515s][info][gc          ] GC(70) Concurrent strong roots 1.396ms
[2026-04-03T02:44:42.726+0600][87.515s][info][gc,start    ] GC(70) Concurrent evacuation
[2026-04-03T02:44:42.726+0600][87.515s][info][gc,task     ] GC(70) Using 3 of 6 workers for concurrent evacuation
[2026-04-03T02:44:42.731+0600][87.520s][info][gc          ] GC(70) Concurrent evacuation 4.865ms
[2026-04-03T02:44:42.731+0600][87.521s][info][gc,start    ] GC(70) Pause Init Update Refs
[2026-04-03T02:44:42.731+0600][87.521s][info][gc,ergo     ] GC(70) Pacer for Update Refs. Used: 389M, Free: 1272M, Non-Taxable: 127M, Alloc Tax Rate: 1.1x
[2026-04-03T02:44:42.731+0600][87.521s][info][gc          ] GC(70) Pause Init Update Refs 0.102ms
[2026-04-03T02:44:42.733+0600][87.522s][info][gc,start    ] GC(70) Concurrent update references
[2026-04-03T02:44:42.733+0600][87.522s][info][gc,task     ] GC(70) Using 3 of 6 workers for concurrent reference update
[2026-04-03T02:44:42.775+0600][87.564s][info][gc          ] GC(70) Concurrent update references 42.157ms
[2026-04-03T02:44:42.775+0600][87.565s][info][gc,start    ] GC(70) Concurrent update thread roots
[2026-04-03T02:44:42.777+0600][87.566s][info][gc          ] GC(70) Concurrent update thread roots 1.346ms
[2026-04-03T02:44:42.777+0600][87.566s][info][gc,start    ] GC(70) Pause Final Update Refs
[2026-04-03T02:44:42.777+0600][87.566s][info][gc,task     ] GC(70) Using 6 of 6 workers for final reference update
[2026-04-03T02:44:42.777+0600][87.566s][info][gc          ] GC(70) Pause Final Update Refs 0.197ms
[2026-04-03T02:44:42.777+0600][87.566s][info][gc,start    ] GC(70) Concurrent cleanup
[2026-04-03T02:44:42.777+0600][87.567s][info][gc          ] GC(70) Concurrent cleanup 441M->249M(1565M) 0.263ms
[2026-04-03T02:44:42.777+0600][87.567s][info][gc,ergo     ] Free: 1396M, Max: 512K regular, 983M humongous, Frag: 30% external, 0% internal; Reserve: 89600K, Max: 512K
[2026-04-03T02:44:42.777+0600][87.567s][info][gc,stats    ] 
[2026-04-03T02:44:42.777+0600][87.567s][info][gc,stats    ] All times are wall-clock times, except per-root-class counters, that are sum over
[2026-04-03T02:44:42.777+0600][87.567s][info][gc,stats    ] all workers. Dividing the <total> over the root stage time estimates parallelism.
[2026-04-03T02:44:42.777+0600][87.567s][info][gc,stats    ] 
[2026-04-03T02:44:42.777+0600][87.567s][info][gc,stats    ] Concurrent Reset                   2127 us
[2026-04-03T02:44:42.777+0600][87.567s][info][gc,stats    ] Pause Init Mark (G)                1030 us
[2026-04-03T02:44:42.777+0600][87.567s][info][gc,stats    ] Pause Init Mark (N)                 175 us
[2026-04-03T02:44:42.777+0600][87.567s][info][gc,stats    ]   Update Region States               38 us
[2026-04-03T02:44:42.777+0600][87.567s][info][gc,stats    ] Concurrent Mark Roots              1858 us, parallelism: 2.07x
[2026-04-03T02:44:42.777+0600][87.567s][info][gc,stats    ]   CMR: <total>                     3853 us
[2026-04-03T02:44:42.778+0600][87.567s][info][gc,stats    ]   CMR: Thread Roots                3162 us, workers (us): 1255, 651, 1256, ---, ---, ---, 
[2026-04-03T02:44:42.778+0600][87.567s][info][gc,stats    ]   CMR: VM Strong Roots               70 us, workers (us):  39,  26,   4, ---, ---, ---, 
[2026-04-03T02:44:42.778+0600][87.567s][info][gc,stats    ]   CMR: CLDG Roots                   622 us, workers (us): ---, 622, ---, ---, ---, ---, 
[2026-04-03T02:44:42.778+0600][87.567s][info][gc,stats    ] Concurrent Marking                49363 us
[2026-04-03T02:44:42.778+0600][87.567s][info][gc,stats    ] Pause Final Mark (G)                977 us
[2026-04-03T02:44:42.778+0600][87.567s][info][gc,stats    ] Pause Final Mark (N)                763 us
[2026-04-03T02:44:42.778+0600][87.567s][info][gc,stats    ]   Finish Mark                       340 us
[2026-04-03T02:44:42.778+0600][87.567s][info][gc,stats    ]   Update Region States               48 us
[2026-04-03T02:44:42.778+0600][87.567s][info][gc,stats    ]   Choose Collection Set             216 us
[2026-04-03T02:44:42.778+0600][87.567s][info][gc,stats    ]   Rebuild Free Set                   39 us
[2026-04-03T02:44:42.778+0600][87.567s][info][gc,stats    ] Concurrent Thread Roots             812 us, parallelism: 2.20x
[2026-04-03T02:44:42.778+0600][87.567s][info][gc,stats    ]   CTR: <total>                     1784 us
[2026-04-03T02:44:42.778+0600][87.567s][info][gc,stats    ]   CTR: Thread Roots                1784 us, workers (us): 642, 585, 557, ---, ---, ---, 
[2026-04-03T02:44:42.778+0600][87.567s][info][gc,stats    ] Concurrent Weak References         1062 us, parallelism: 0.76x
[2026-04-03T02:44:42.778+0600][87.567s][info][gc,stats    ]   CWRF: <total>                     806 us
[2026-04-03T02:44:42.778+0600][87.567s][info][gc,stats    ]   CWRF: Weak References             806 us, workers (us):  95, 662,  49, ---, ---, ---, 
[2026-04-03T02:44:42.778+0600][87.567s][info][gc,stats    ] Concurrent Weak Roots              4176 us
[2026-04-03T02:44:42.778+0600][87.567s][info][gc,stats    ]   Roots                            3730 us, parallelism: 2.63x
[2026-04-03T02:44:42.778+0600][87.567s][info][gc,stats    ]     CWR: <total>                   9822 us
[2026-04-03T02:44:42.778+0600][87.567s][info][gc,stats    ]     CWR: Code Cache Roots          7722 us, workers (us): 2541, 2611, 2569, ---, ---, ---, 
[2026-04-03T02:44:42.778+0600][87.567s][info][gc,stats    ]     CWR: VM Weak Roots             1993 us, workers (us): 690, 674, 630, ---, ---, ---, 
[2026-04-03T02:44:42.778+0600][87.567s][info][gc,stats    ]     CWR: CLDG Roots                 107 us, workers (us): 107, ---, ---, ---, ---, ---, 
[2026-04-03T02:44:42.778+0600][87.567s][info][gc,stats    ]   Rendezvous                        350 us
[2026-04-03T02:44:42.778+0600][87.567s][info][gc,stats    ] Concurrent Cleanup                  766 us
[2026-04-03T02:44:42.778+0600][87.567s][info][gc,stats    ] Concurrent Class Unloading        16108 us
[2026-04-03T02:44:42.778+0600][87.567s][info][gc,stats    ]   Unlink Stale                    13986 us
[2026-04-03T02:44:42.778+0600][87.567s][info][gc,stats    ]     System Dictionary               344 us
[2026-04-03T02:44:42.778+0600][87.567s][info][gc,stats    ]     Weak Class Links                  1 us
[2026-04-03T02:44:42.778+0600][87.567s][info][gc,stats    ]     Code Roots                    13637 us
[2026-04-03T02:44:42.778+0600][87.567s][info][gc,stats    ]   Rendezvous                        375 us
[2026-04-03T02:44:42.778+0600][87.567s][info][gc,stats    ]   Purge Unlinked                   1606 us
[2026-04-03T02:44:42.778+0600][87.567s][info][gc,stats    ]     Code Roots                     1587 us
[2026-04-03T02:44:42.778+0600][87.567s][info][gc,stats    ]     CLDG                             18 us
[2026-04-03T02:44:42.778+0600][87.567s][info][gc,stats    ]     Exception Caches                  0 us
[2026-04-03T02:44:42.778+0600][87.567s][info][gc,stats    ] Concurrent Strong Roots            1456 us, parallelism: 0.66x
[2026-04-03T02:44:42.778+0600][87.567s][info][gc,stats    ]   CSR: <total>                      957 us
[2026-04-03T02:44:42.778+0600][87.567s][info][gc,stats    ]   CSR: VM Strong Roots               55 us, workers (us):  53,   1,   0, ---, ---, ---, 
[2026-04-03T02:44:42.778+0600][87.567s][info][gc,stats    ]   CSR: CLDG Roots                   902 us, workers (us): 902, ---, ---, ---, ---, ---, 
[2026-04-03T02:44:42.778+0600][87.567s][info][gc,stats    ] Concurrent Evacuation              4965 us
[2026-04-03T02:44:42.778+0600][87.567s][info][gc,stats    ] Pause Init Update Refs (G)         1939 us
[2026-04-03T02:44:42.778+0600][87.567s][info][gc,stats    ] Pause Init Update Refs (N)          115 us
[2026-04-03T02:44:42.778+0600][87.567s][info][gc,stats    ]   Manage GCLABs                      53 us
[2026-04-03T02:44:42.778+0600][87.567s][info][gc,stats    ] Concurrent Update Refs            42235 us
[2026-04-03T02:44:42.778+0600][87.567s][info][gc,stats    ] Concurrent Update Thread Roots     1377 us
[2026-04-03T02:44:42.778+0600][87.567s][info][gc,stats    ] Pause Final Update Refs (G)         449 us
[2026-04-03T02:44:42.778+0600][87.567s][info][gc,stats    ] Pause Final Update Refs (N)         213 us
[2026-04-03T02:44:42.778+0600][87.567s][info][gc,stats    ]   Update Region States               53 us
[2026-04-03T02:44:42.778+0600][87.567s][info][gc,stats    ]   Trash Collection Set               17 us
[2026-04-03T02:44:42.778+0600][87.567s][info][gc,stats    ]   Rebuild Free Set                   52 us
[2026-04-03T02:44:42.778+0600][87.567s][info][gc,stats    ] Concurrent Cleanup                  283 us
[2026-04-03T02:44:42.778+0600][87.567s][info][gc,stats    ] Pacing                           149271 us
[2026-04-03T02:44:42.778+0600][87.567s][info][gc,stats    ] 
[2026-04-03T02:44:42.778+0600][87.567s][info][gc,stats    ] Allocation pacing accrued:
[2026-04-03T02:44:42.778+0600][87.567s][info][gc,stats    ]      50 of   705 ms (  7.1%): Executor task launch worker for task 2.0 in stage 4289.0 (TID 7911)
[2026-04-03T02:44:42.778+0600][87.567s][info][gc,stats    ]      49 of   705 ms (  7.0%): Executor task launch worker for task 1.0 in stage 4289.0 (TID 7910)
[2026-04-03T02:44:42.778+0600][87.567s][info][gc,stats    ]      50 of   705 ms (  7.1%): Executor task launch worker for task 0.0 in stage 4289.0 (TID 7909)
[2026-04-03T02:44:42.778+0600][87.567s][info][gc,stats    ]     149 of   705 ms ( 21.2%): <total>
[2026-04-03T02:44:42.778+0600][87.567s][info][gc,stats    ]       1 of   705 ms (  0.1%): <average total>
[2026-04-03T02:44:42.778+0600][87.567s][info][gc,stats    ]      50 of   705 ms (  7.1%): <average non-zero>
[2026-04-03T02:44:42.778+0600][87.567s][info][gc,stats    ] 
[2026-04-03T02:44:42.778+0600][87.567s][info][gc,metaspace] Metaspace: 131714K(132992K)->131716K(132992K) NonClass: 115202K(115840K)->115204K(115840K) Class: 16512K(17152K)->16512K(17152K)
[2026-04-03T02:44:42.778+0600][87.567s][info][gc,ergo     ] Pacer for Idle. Initial: 35840K, Alloc Tax Rate: 1.0x
[2026-04-03T02:44:43.760+0600][88.550s][info][gc          ] Trigger: Average GC time (170.60 ms) is above the time for average allocation rate (1277 MB/s) to deplete free headroom (216M) (margin of error = 1.86)
[2026-04-03T02:44:43.760+0600][88.550s][info][gc,ergo     ] Free headroom: 304M (free) - 89600K (spike) - 0B (penalties) = 216M
[2026-04-03T02:44:43.760+0600][88.550s][info][gc,ergo     ] Free: 304M, Max: 512K regular, 113M humongous, Frag: 63% external, 0% internal; Reserve: 89600K, Max: 512K
[2026-04-03T02:44:43.760+0600][88.550s][info][gc,start    ] GC(71) Concurrent reset
[2026-04-03T02:44:43.760+0600][88.550s][info][gc,task     ] GC(71) Using 3 of 6 workers for concurrent reset
[2026-04-03T02:44:43.760+0600][88.550s][info][gc,ergo     ] GC(71) Pacer for Reset. Non-Taxable: 1750M
[2026-04-03T02:44:43.762+0600][88.551s][info][gc          ] GC(71) Concurrent reset 1.502ms
[2026-04-03T02:44:43.762+0600][88.551s][info][gc,start    ] GC(71) Pause Init Mark (unload classes)
[2026-04-03T02:44:43.762+0600][88.552s][info][gc,task     ] GC(71) Using 6 of 6 workers for init marking
[2026-04-03T02:44:43.762+0600][88.552s][info][gc,ergo     ] GC(71) Pacer for Mark. Expected Live: 100911K, Free: 301M, Non-Taxable: 30914K, Alloc Tax Rate: 0.4x
[2026-04-03T02:44:43.762+0600][88.552s][info][gc          ] GC(71) Pause Init Mark (unload classes) 0.166ms
[2026-04-03T02:44:43.762+0600][88.552s][info][gc,start    ] GC(71) Concurrent marking roots
[2026-04-03T02:44:43.762+0600][88.552s][info][gc,task     ] GC(71) Using 3 of 6 workers for concurrent marking roots
[2026-04-03T02:44:43.766+0600][88.556s][info][gc          ] GC(71) Concurrent marking roots 4.059ms
[2026-04-03T02:44:43.766+0600][88.556s][info][gc,start    ] GC(71) Concurrent marking (unload classes)
[2026-04-03T02:44:43.767+0600][88.556s][info][gc,task     ] GC(71) Using 3 of 6 workers for concurrent marking
[2026-04-03T02:44:43.829+0600][88.619s][info][gc          ] GC(71) Concurrent marking (unload classes) 62.890ms
[2026-04-03T02:44:43.829+0600][88.619s][info][gc,start    ] GC(71) Pause Final Mark (unload classes)
[2026-04-03T02:44:43.830+0600][88.619s][info][gc,task     ] GC(71) Using 6 of 6 workers for final marking
[2026-04-03T02:44:43.830+0600][88.619s][info][gc,ergo     ] GC(71) Adaptive CSet Selection. Target Free: 247M, Actual Free: 1210M, Max CSet: 74666K, Min Garbage: 0B
[2026-04-03T02:44:43.830+0600][88.620s][info][gc,ergo     ] GC(71) Collectable Garbage: 1139M (99%), Immediate: 868M (75%), CSet: 270M (23%)
[2026-04-03T02:44:43.830+0600][88.620s][info][gc,ergo     ] GC(71) Pacer for Evacuation. Used CSet: 281M, Free: 1243M, Non-Taxable: 124M, Alloc Tax Rate: 1.1x
[2026-04-03T02:44:43.830+0600][88.620s][info][gc          ] GC(71) Pause Final Mark (unload classes) 0.880ms
[2026-04-03T02:44:43.831+0600][88.620s][info][gc,start    ] GC(71) Concurrent thread roots
[2026-04-03T02:44:43.831+0600][88.620s][info][gc,task     ] GC(71) Using 3 of 6 workers for Concurrent thread roots
[2026-04-03T02:44:43.832+0600][88.621s][info][gc          ] GC(71) Concurrent thread roots 0.983ms
[2026-04-03T02:44:43.832+0600][88.621s][info][gc,start    ] GC(71) Concurrent weak references
[2026-04-03T02:44:43.832+0600][88.621s][info][gc,task     ] GC(71) Using 3 of 6 workers for concurrent weak references
[2026-04-03T02:44:43.832+0600][88.621s][info][gc,ref      ] GC(71) Encountered references: Soft: 3792, Weak: 16444, Final: 84, Phantom: 620
[2026-04-03T02:44:43.832+0600][88.621s][info][gc,ref      ] GC(71) Discovered  references: Soft: 0, Weak: 5213, Final: 52, Phantom: 604
[2026-04-03T02:44:43.832+0600][88.621s][info][gc,ref      ] GC(71) Enqueued    references: Soft: 0, Weak: 425, Final: 0, Phantom: 0
[2026-04-03T02:44:43.832+0600][88.621s][info][gc          ] GC(71) Concurrent weak references 0.551ms
[2026-04-03T02:44:43.832+0600][88.621s][info][gc,start    ] GC(71) Concurrent weak roots
[2026-04-03T02:44:43.832+0600][88.621s][info][gc,task     ] GC(71) Using 3 of 6 workers for concurrent weak root
[2026-04-03T02:44:43.836+0600][88.625s][info][gc          ] GC(71) Concurrent weak roots 3.872ms
[2026-04-03T02:44:43.836+0600][88.625s][info][gc,start    ] GC(71) Concurrent cleanup
[2026-04-03T02:44:43.837+0600][88.626s][info][gc          ] GC(71) Concurrent cleanup 1281M->413M(1565M) 0.725ms
[2026-04-03T02:44:43.837+0600][88.626s][info][gc,ergo     ] GC(71) Free: 1242M, Max: 512K regular, 218M humongous, Frag: 83% external, 0% internal; Reserve: 89252K, Max: 512K
[2026-04-03T02:44:43.837+0600][88.626s][info][gc,start    ] GC(71) Concurrent class unloading
[2026-04-03T02:44:43.837+0600][88.626s][info][gc,task     ] GC(71) Using 3 of 6 workers for concurrent class unloading
[2026-04-03T02:44:43.862+0600][88.651s][info][gc          ] GC(71) Concurrent class unloading 25.109ms
[2026-04-03T02:44:43.862+0600][88.652s][info][gc,start    ] GC(71) Concurrent strong roots
[2026-04-03T02:44:43.862+0600][88.652s][info][gc,task     ] GC(71) Using 3 of 6 workers for concurrent strong root
[2026-04-03T02:44:43.864+0600][88.653s][info][gc          ] GC(71) Concurrent strong roots 1.690ms
[2026-04-03T02:44:43.864+0600][88.653s][info][gc,start    ] GC(71) Concurrent evacuation
[2026-04-03T02:44:43.864+0600][88.654s][info][gc,task     ] GC(71) Using 3 of 6 workers for concurrent evacuation
[2026-04-03T02:44:43.873+0600][88.663s][info][gc          ] GC(71) Concurrent evacuation 9.185ms
[2026-04-03T02:44:43.873+0600][88.663s][info][gc,start    ] GC(71) Pause Init Update Refs
[2026-04-03T02:44:43.874+0600][88.663s][info][gc,ergo     ] GC(71) Pacer for Update Refs. Used: 445M, Free: 1223M, Non-Taxable: 122M, Alloc Tax Rate: 1.1x
[2026-04-03T02:44:43.874+0600][88.663s][info][gc          ] GC(71) Pause Init Update Refs 0.161ms
[2026-04-03T02:44:43.874+0600][88.663s][info][gc,start    ] GC(71) Concurrent update references
[2026-04-03T02:44:43.874+0600][88.663s][info][gc,task     ] GC(71) Using 3 of 6 workers for concurrent reference update
[2026-04-03T02:44:43.923+0600][88.713s][info][gc          ] GC(71) Concurrent update references 49.626ms
[2026-04-03T02:44:43.923+0600][88.713s][info][gc,start    ] GC(71) Concurrent update thread roots
[2026-04-03T02:44:43.925+0600][88.714s][info][gc          ] GC(71) Concurrent update thread roots 1.180ms
[2026-04-03T02:44:43.925+0600][88.714s][info][gc,start    ] GC(71) Pause Final Update Refs
[2026-04-03T02:44:43.925+0600][88.714s][info][gc,task     ] GC(71) Using 6 of 6 workers for final reference update
[2026-04-03T02:44:43.925+0600][88.714s][info][gc          ] GC(71) Pause Final Update Refs 0.213ms
[2026-04-03T02:44:43.925+0600][88.714s][info][gc,start    ] GC(71) Concurrent cleanup
[2026-04-03T02:44:43.926+0600][88.715s][info][gc          ] GC(71) Concurrent cleanup 492M->210M(1566M) 0.624ms
[2026-04-03T02:44:43.926+0600][88.715s][info][gc,ergo     ] Free: 1441M, Max: 512K regular, 901M humongous, Frag: 38% external, 0% internal; Reserve: 89600K, Max: 512K
[2026-04-03T02:44:43.926+0600][88.715s][info][gc,stats    ] 
[2026-04-03T02:44:43.926+0600][88.715s][info][gc,stats    ] All times are wall-clock times, except per-root-class counters, that are sum over
[2026-04-03T02:44:43.926+0600][88.715s][info][gc,stats    ] all workers. Dividing the <total> over the root stage time estimates parallelism.
[2026-04-03T02:44:43.926+0600][88.715s][info][gc,stats    ] 
[2026-04-03T02:44:43.926+0600][88.715s][info][gc,stats    ] Concurrent Reset                   1583 us
[2026-04-03T02:44:43.926+0600][88.715s][info][gc,stats    ] Pause Init Mark (G)                 480 us
[2026-04-03T02:44:43.926+0600][88.715s][info][gc,stats    ] Pause Init Mark (N)                 175 us
[2026-04-03T02:44:43.926+0600][88.715s][info][gc,stats    ]   Update Region States               46 us
[2026-04-03T02:44:43.926+0600][88.715s][info][gc,stats    ] Concurrent Mark Roots              4119 us, parallelism: 2.12x
[2026-04-03T02:44:43.926+0600][88.715s][info][gc,stats    ]   CMR: <total>                     8731 us
[2026-04-03T02:44:43.926+0600][88.715s][info][gc,stats    ]   CMR: Thread Roots                8319 us, workers (us): 3251, 1444, 3623, ---, ---, ---, 
[2026-04-03T02:44:43.926+0600][88.715s][info][gc,stats    ]   CMR: VM Strong Roots               53 us, workers (us):  23,  14,  15, ---, ---, ---, 
[2026-04-03T02:44:43.926+0600][88.715s][info][gc,stats    ]   CMR: CLDG Roots                   360 us, workers (us): ---, 360, ---, ---, ---, ---, 
[2026-04-03T02:44:43.926+0600][88.715s][info][gc,stats    ] Concurrent Marking                62951 us
[2026-04-03T02:44:43.926+0600][88.715s][info][gc,stats    ] Pause Final Mark (G)               1068 us
[2026-04-03T02:44:43.926+0600][88.715s][info][gc,stats    ] Pause Final Mark (N)                891 us
[2026-04-03T02:44:43.926+0600][88.715s][info][gc,stats    ]   Finish Mark                       415 us
[2026-04-03T02:44:43.926+0600][88.715s][info][gc,stats    ]   Update Region States               45 us
[2026-04-03T02:44:43.926+0600][88.715s][info][gc,stats    ]   Choose Collection Set             255 us
[2026-04-03T02:44:43.926+0600][88.715s][info][gc,stats    ]   Rebuild Free Set                   46 us
[2026-04-03T02:44:43.926+0600][88.715s][info][gc,stats    ] Concurrent Thread Roots            1025 us, parallelism: 1.94x
[2026-04-03T02:44:43.926+0600][88.715s][info][gc,stats    ]   CTR: <total>                     1987 us
[2026-04-03T02:44:43.926+0600][88.715s][info][gc,stats    ]   CTR: Thread Roots                1987 us, workers (us): 715, 641, 632, ---, ---, ---, 
[2026-04-03T02:44:43.926+0600][88.715s][info][gc,stats    ] Concurrent Weak References          560 us, parallelism: 1.18x
[2026-04-03T02:44:43.926+0600][88.715s][info][gc,stats    ]   CWRF: <total>                     660 us
[2026-04-03T02:44:43.926+0600][88.715s][info][gc,stats    ]   CWRF: Weak References             660 us, workers (us): 253, 314,  93, ---, ---, ---, 
[2026-04-03T02:44:43.926+0600][88.715s][info][gc,stats    ] Concurrent Weak Roots              3950 us
[2026-04-03T02:44:43.926+0600][88.715s][info][gc,stats    ]   Roots                            3427 us, parallelism: 2.54x
[2026-04-03T02:44:43.926+0600][88.715s][info][gc,stats    ]     CWR: <total>                   8690 us
[2026-04-03T02:44:43.926+0600][88.715s][info][gc,stats    ]     CWR: Code Cache Roots          6801 us, workers (us): 2271, 2229, 2301, ---, ---, ---, 
[2026-04-03T02:44:43.926+0600][88.715s][info][gc,stats    ]     CWR: VM Weak Roots             1793 us, workers (us): 648, 603, 541, ---, ---, ---, 
[2026-04-03T02:44:43.926+0600][88.715s][info][gc,stats    ]     CWR: CLDG Roots                  95 us, workers (us): ---, ---,  95, ---, ---, ---, 
[2026-04-03T02:44:43.926+0600][88.715s][info][gc,stats    ]   Rendezvous                        425 us
[2026-04-03T02:44:43.926+0600][88.715s][info][gc,stats    ] Concurrent Cleanup                  765 us
[2026-04-03T02:44:43.926+0600][88.715s][info][gc,stats    ] Concurrent Class Unloading        25244 us
[2026-04-03T02:44:43.926+0600][88.715s][info][gc,stats    ]   Unlink Stale                    22713 us
[2026-04-03T02:44:43.926+0600][88.715s][info][gc,stats    ]     System Dictionary               285 us
[2026-04-03T02:44:43.926+0600][88.715s][info][gc,stats    ]     Weak Class Links                  1 us
[2026-04-03T02:44:43.926+0600][88.715s][info][gc,stats    ]     Code Roots                    22423 us
[2026-04-03T02:44:43.926+0600][88.715s][info][gc,stats    ]   Rendezvous                        479 us
[2026-04-03T02:44:43.926+0600][88.715s][info][gc,stats    ]   Purge Unlinked                   1877 us
[2026-04-03T02:44:43.926+0600][88.715s][info][gc,stats    ]     Code Roots                     1857 us
[2026-04-03T02:44:43.926+0600][88.715s][info][gc,stats    ]     CLDG                             18 us
[2026-04-03T02:44:43.926+0600][88.715s][info][gc,stats    ]     Exception Caches                  0 us
[2026-04-03T02:44:43.926+0600][88.715s][info][gc,stats    ] Concurrent Strong Roots            1760 us, parallelism: 0.69x
[2026-04-03T02:44:43.926+0600][88.715s][info][gc,stats    ]   CSR: <total>                     1212 us
[2026-04-03T02:44:43.926+0600][88.715s][info][gc,stats    ]   CSR: VM Strong Roots               66 us, workers (us):  41,  24,   0, ---, ---, ---, 
[2026-04-03T02:44:43.926+0600][88.715s][info][gc,stats    ]   CSR: CLDG Roots                  1147 us, workers (us): 1147, ---, ---, ---, ---, ---, 
[2026-04-03T02:44:43.926+0600][88.715s][info][gc,stats    ] Concurrent Evacuation              9289 us
[2026-04-03T02:44:43.926+0600][88.715s][info][gc,stats    ] Pause Init Update Refs (G)          433 us
[2026-04-03T02:44:43.926+0600][88.715s][info][gc,stats    ] Pause Init Update Refs (N)          175 us
[2026-04-03T02:44:43.926+0600][88.715s][info][gc,stats    ]   Manage GCLABs                      54 us
[2026-04-03T02:44:43.926+0600][88.715s][info][gc,stats    ] Concurrent Update Refs            49700 us
[2026-04-03T02:44:43.926+0600][88.715s][info][gc,stats    ] Concurrent Update Thread Roots     1224 us
[2026-04-03T02:44:43.926+0600][88.715s][info][gc,stats    ] Pause Final Update Refs (G)         377 us
[2026-04-03T02:44:43.926+0600][88.715s][info][gc,stats    ] Pause Final Update Refs (N)         225 us
[2026-04-03T02:44:43.926+0600][88.715s][info][gc,stats    ]   Update Region States               51 us
[2026-04-03T02:44:43.926+0600][88.715s][info][gc,stats    ]   Trash Collection Set               22 us
[2026-04-03T02:44:43.926+0600][88.715s][info][gc,stats    ]   Rebuild Free Set                   52 us
[2026-04-03T02:44:43.926+0600][88.715s][info][gc,stats    ] Concurrent Cleanup                  646 us
[2026-04-03T02:44:43.926+0600][88.715s][info][gc,stats    ] Pacing                            20592 us
[2026-04-03T02:44:43.926+0600][88.715s][info][gc,stats    ] 
[2026-04-03T02:44:43.926+0600][88.715s][info][gc,stats    ] Allocation pacing accrued:
[2026-04-03T02:44:43.926+0600][88.715s][info][gc,stats    ]      21 of  1148 ms (  1.8%): dag-scheduler-event-loop
[2026-04-03T02:44:43.926+0600][88.715s][info][gc,stats    ]      21 of  1148 ms (  1.8%): <total>
[2026-04-03T02:44:43.926+0600][88.715s][info][gc,stats    ]       0 of  1148 ms (  0.0%): <average total>
[2026-04-03T02:44:43.926+0600][88.715s][info][gc,stats    ]      21 of  1148 ms (  1.8%): <average non-zero>
[2026-04-03T02:44:43.926+0600][88.716s][info][gc,stats    ] 
[2026-04-03T02:44:43.926+0600][88.716s][info][gc,metaspace] Metaspace: 131723K(132992K)->131723K(132992K) NonClass: 115211K(115840K)->115211K(115840K) Class: 16512K(17152K)->16512K(17152K)
[2026-04-03T02:44:43.926+0600][88.716s][info][gc,ergo     ] Pacer for Idle. Initial: 35840K, Alloc Tax Rate: 1.0x
[2026-04-03T02:44:44.431+0600][89.220s][info][gc          ] Trigger: Average GC time (182.33 ms) is above the time for average allocation rate (4106 MB/s) to deplete free headroom (222M) (margin of error = 1.86)
[2026-04-03T02:44:44.431+0600][89.220s][info][gc,ergo     ] Free headroom: 309M (free) - 89600K (spike) - 0B (penalties) = 222M
[2026-04-03T02:44:44.431+0600][89.220s][info][gc,ergo     ] Free: 309M, Max: 512K regular, 221M humongous, Frag: 28% external, 0% internal; Reserve: 89600K, Max: 512K
[2026-04-03T02:44:44.431+0600][89.220s][info][gc,start    ] GC(72) Concurrent reset
[2026-04-03T02:44:44.431+0600][89.220s][info][gc,task     ] GC(72) Using 3 of 6 workers for concurrent reset
[2026-04-03T02:44:44.431+0600][89.220s][info][gc,ergo     ] GC(72) Pacer for Reset. Non-Taxable: 1750M
[2026-04-03T02:44:44.432+0600][89.222s][info][gc          ] GC(72) Concurrent reset 1.453ms
[2026-04-03T02:44:44.433+0600][89.222s][info][gc,start    ] GC(72) Pause Init Mark (unload classes)
[2026-04-03T02:44:44.433+0600][89.222s][info][gc,task     ] GC(72) Using 6 of 6 workers for init marking
[2026-04-03T02:44:44.433+0600][89.222s][info][gc,ergo     ] GC(72) Pacer for Mark. Expected Live: 101165K, Free: 309M, Non-Taxable: 31694K, Alloc Tax Rate: 0.4x
[2026-04-03T02:44:44.433+0600][89.222s][info][gc          ] GC(72) Pause Init Mark (unload classes) 0.152ms
[2026-04-03T02:44:44.433+0600][89.222s][info][gc,start    ] GC(72) Concurrent marking roots
[2026-04-03T02:44:44.433+0600][89.222s][info][gc,task     ] GC(72) Using 3 of 6 workers for concurrent marking roots
[2026-04-03T02:44:44.434+0600][89.224s][info][gc          ] GC(72) Concurrent marking roots 1.326ms
[2026-04-03T02:44:44.434+0600][89.224s][info][gc,start    ] GC(72) Concurrent marking (unload classes)
[2026-04-03T02:44:44.434+0600][89.224s][info][gc,task     ] GC(72) Using 3 of 6 workers for concurrent marking
[2026-04-03T02:44:44.503+0600][89.293s][info][gc          ] GC(72) Concurrent marking (unload classes) 69.222ms
[2026-04-03T02:44:44.504+0600][89.293s][info][gc,start    ] GC(72) Pause Final Mark (unload classes)
[2026-04-03T02:44:44.504+0600][89.293s][info][gc,task     ] GC(72) Using 6 of 6 workers for final marking
[2026-04-03T02:44:44.504+0600][89.294s][info][gc,ergo     ] GC(72) Adaptive CSet Selection. Target Free: 247M, Actual Free: 1313M, Max CSet: 74666K, Min Garbage: 0B
[2026-04-03T02:44:44.504+0600][89.294s][info][gc,ergo     ] GC(72) Collectable Garbage: 1141M (99%), Immediate: 970M (84%), CSet: 171M (14%)
[2026-04-03T02:44:44.504+0600][89.294s][info][gc,ergo     ] GC(72) Pacer for Evacuation. Used CSet: 178M, Free: 1336M, Non-Taxable: 133M, Alloc Tax Rate: 1.1x
[2026-04-03T02:44:44.504+0600][89.294s][info][gc          ] GC(72) Pause Final Mark (unload classes) 0.723ms
[2026-04-03T02:44:44.505+0600][89.294s][info][gc,start    ] GC(72) Concurrent thread roots
[2026-04-03T02:44:44.505+0600][89.294s][info][gc,task     ] GC(72) Using 3 of 6 workers for Concurrent thread roots
[2026-04-03T02:44:44.505+0600][89.295s][info][gc          ] GC(72) Concurrent thread roots 0.771ms
[2026-04-03T02:44:44.505+0600][89.295s][info][gc,start    ] GC(72) Concurrent weak references
[2026-04-03T02:44:44.505+0600][89.295s][info][gc,task     ] GC(72) Using 3 of 6 workers for concurrent weak references
[2026-04-03T02:44:44.506+0600][89.296s][info][gc,ref      ] GC(72) Encountered references: Soft: 3784, Weak: 17216, Final: 84, Phantom: 620
[2026-04-03T02:44:44.506+0600][89.296s][info][gc,ref      ] GC(72) Discovered  references: Soft: 0, Weak: 8998, Final: 0, Phantom: 615
[2026-04-03T02:44:44.506+0600][89.296s][info][gc,ref      ] GC(72) Enqueued    references: Soft: 0, Weak: 2497, Final: 0, Phantom: 0
[2026-04-03T02:44:44.506+0600][89.296s][info][gc          ] GC(72) Concurrent weak references 1.082ms
[2026-04-03T02:44:44.506+0600][89.296s][info][gc,start    ] GC(72) Concurrent weak roots
[2026-04-03T02:44:44.506+0600][89.296s][info][gc,task     ] GC(72) Using 3 of 6 workers for concurrent weak root
[2026-04-03T02:44:44.509+0600][89.299s][info][gc          ] GC(72) Concurrent weak roots 2.885ms
[2026-04-03T02:44:44.509+0600][89.299s][info][gc,start    ] GC(72) Concurrent cleanup
[2026-04-03T02:44:44.510+0600][89.299s][info][gc          ] GC(72) Concurrent cleanup 1294M->325M(1566M) 0.712ms
[2026-04-03T02:44:44.510+0600][89.299s][info][gc,ergo     ] GC(72) Free: 1332M, Max: 512K regular, 279M humongous, Frag: 79% external, 0% internal; Reserve: 89368K, Max: 512K
[2026-04-03T02:44:44.510+0600][89.299s][info][gc,start    ] GC(72) Concurrent class unloading
[2026-04-03T02:44:44.510+0600][89.300s][info][gc,task     ] GC(72) Using 3 of 6 workers for concurrent class unloading
[2026-04-03T02:44:44.524+0600][89.314s][info][gc          ] GC(72) Concurrent class unloading 14.317ms
[2026-04-03T02:44:44.525+0600][89.314s][info][gc,start    ] GC(72) Concurrent strong roots
[2026-04-03T02:44:44.525+0600][89.314s][info][gc,task     ] GC(72) Using 3 of 6 workers for concurrent strong root
[2026-04-03T02:44:44.526+0600][89.315s][info][gc          ] GC(72) Concurrent strong roots 1.344ms
[2026-04-03T02:44:44.526+0600][89.315s][info][gc,start    ] GC(72) Concurrent evacuation
[2026-04-03T02:44:44.526+0600][89.315s][info][gc,task     ] GC(72) Using 3 of 6 workers for concurrent evacuation
[2026-04-03T02:44:44.529+0600][89.318s][info][gc          ] GC(72) Concurrent evacuation 3.033ms
[2026-04-03T02:44:44.529+0600][89.319s][info][gc,start    ] GC(72) Pause Init Update Refs
[2026-04-03T02:44:44.529+0600][89.319s][info][gc,ergo     ] GC(72) Pacer for Update Refs. Used: 342M, Free: 1320M, Non-Taxable: 132M, Alloc Tax Rate: 1.1x
[2026-04-03T02:44:44.529+0600][89.319s][info][gc          ] GC(72) Pause Init Update Refs 0.136ms
[2026-04-03T02:44:44.529+0600][89.319s][info][gc,start    ] GC(72) Concurrent update references
[2026-04-03T02:44:44.529+0600][89.319s][info][gc,task     ] GC(72) Using 3 of 6 workers for concurrent reference update
[2026-04-03T02:44:44.575+0600][89.364s][info][gc          ] GC(72) Concurrent update references 45.597ms
[2026-04-03T02:44:44.575+0600][89.365s][info][gc,start    ] GC(72) Concurrent update thread roots
[2026-04-03T02:44:44.577+0600][89.366s][info][gc          ] GC(72) Concurrent update thread roots 1.487ms
[2026-04-03T02:44:44.577+0600][89.366s][info][gc,start    ] GC(72) Pause Final Update Refs
[2026-04-03T02:44:44.577+0600][89.366s][info][gc,task     ] GC(72) Using 6 of 6 workers for final reference update
[2026-04-03T02:44:44.577+0600][89.367s][info][gc          ] GC(72) Pause Final Update Refs 0.201ms
[2026-04-03T02:44:44.577+0600][89.367s][info][gc,start    ] GC(72) Concurrent cleanup
[2026-04-03T02:44:44.578+0600][89.367s][info][gc          ] GC(72) Concurrent cleanup 378M->201M(1566M) 0.783ms
[2026-04-03T02:44:44.578+0600][89.368s][info][gc,ergo     ] Free: 1450M, Max: 512K regular, 984M humongous, Frag: 32% external, 0% internal; Reserve: 89600K, Max: 512K
[2026-04-03T02:44:44.578+0600][89.368s][info][gc,stats    ] 
[2026-04-03T02:44:44.578+0600][89.368s][info][gc,stats    ] All times are wall-clock times, except per-root-class counters, that are sum over
[2026-04-03T02:44:44.578+0600][89.368s][info][gc,stats    ] all workers. Dividing the <total> over the root stage time estimates parallelism.
[2026-04-03T02:44:44.578+0600][89.368s][info][gc,stats    ] 
[2026-04-03T02:44:44.578+0600][89.368s][info][gc,stats    ] Concurrent Reset                   1516 us
[2026-04-03T02:44:44.578+0600][89.368s][info][gc,stats    ] Pause Init Mark (G)                 302 us
[2026-04-03T02:44:44.578+0600][89.368s][info][gc,stats    ] Pause Init Mark (N)                 161 us
[2026-04-03T02:44:44.578+0600][89.368s][info][gc,stats    ]   Update Region States               33 us
[2026-04-03T02:44:44.578+0600][89.368s][info][gc,stats    ] Concurrent Mark Roots              1365 us, parallelism: 1.68x
[2026-04-03T02:44:44.578+0600][89.368s][info][gc,stats    ]   CMR: <total>                     2300 us
[2026-04-03T02:44:44.578+0600][89.368s][info][gc,stats    ]   CMR: Thread Roots                1933 us, workers (us): 446, 736, 751, ---, ---, ---, 
[2026-04-03T02:44:44.578+0600][89.368s][info][gc,stats    ]   CMR: VM Strong Roots               39 us, workers (us):  37,   1,   1, ---, ---, ---, 
[2026-04-03T02:44:44.578+0600][89.368s][info][gc,stats    ]   CMR: CLDG Roots                   328 us, workers (us): 328, ---, ---, ---, ---, ---, 
[2026-04-03T02:44:44.578+0600][89.368s][info][gc,stats    ] Concurrent Marking                69321 us
[2026-04-03T02:44:44.578+0600][89.368s][info][gc,stats    ] Pause Final Mark (G)               1008 us
[2026-04-03T02:44:44.578+0600][89.368s][info][gc,stats    ] Pause Final Mark (N)                733 us
[2026-04-03T02:44:44.578+0600][89.368s][info][gc,stats    ]   Finish Mark                       250 us
[2026-04-03T02:44:44.578+0600][89.368s][info][gc,stats    ]   Update Region States               59 us
[2026-04-03T02:44:44.578+0600][89.368s][info][gc,stats    ]   Choose Collection Set             227 us
[2026-04-03T02:44:44.578+0600][89.368s][info][gc,stats    ]   Rebuild Free Set                   44 us
[2026-04-03T02:44:44.578+0600][89.368s][info][gc,stats    ] Concurrent Thread Roots             790 us, parallelism: 2.31x
[2026-04-03T02:44:44.578+0600][89.368s][info][gc,stats    ]   CTR: <total>                     1824 us
[2026-04-03T02:44:44.578+0600][89.368s][info][gc,stats    ]   CTR: Thread Roots                1824 us, workers (us): 673, 639, 511, ---, ---, ---, 
[2026-04-03T02:44:44.578+0600][89.368s][info][gc,stats    ] Concurrent Weak References         1091 us, parallelism: 0.86x
[2026-04-03T02:44:44.578+0600][89.368s][info][gc,stats    ]   CWRF: <total>                     938 us
[2026-04-03T02:44:44.578+0600][89.368s][info][gc,stats    ]   CWRF: Weak References             938 us, workers (us): 172, 764,   1, ---, ---, ---, 
[2026-04-03T02:44:44.578+0600][89.368s][info][gc,stats    ] Concurrent Weak Roots              2936 us
[2026-04-03T02:44:44.578+0600][89.368s][info][gc,stats    ]   Roots                            2646 us, parallelism: 2.65x
[2026-04-03T02:44:44.578+0600][89.368s][info][gc,stats    ]     CWR: <total>                   7005 us
[2026-04-03T02:44:44.578+0600][89.368s][info][gc,stats    ]     CWR: Code Cache Roots          5328 us, workers (us): 1679, 1838, 1811, ---, ---, ---, 
[2026-04-03T02:44:44.578+0600][89.368s][info][gc,stats    ]     CWR: VM Weak Roots             1558 us, workers (us): 554, 550, 453, ---, ---, ---, 
[2026-04-03T02:44:44.579+0600][89.368s][info][gc,stats    ]     CWR: CLDG Roots                 119 us, workers (us): 119, ---, ---, ---, ---, ---, 
[2026-04-03T02:44:44.579+0600][89.368s][info][gc,stats    ]   Rendezvous                        221 us
[2026-04-03T02:44:44.579+0600][89.368s][info][gc,stats    ] Concurrent Cleanup                  729 us
[2026-04-03T02:44:44.579+0600][89.368s][info][gc,stats    ] Concurrent Class Unloading        14439 us
[2026-04-03T02:44:44.579+0600][89.368s][info][gc,stats    ]   Unlink Stale                    12949 us
[2026-04-03T02:44:44.579+0600][89.368s][info][gc,stats    ]     System Dictionary               256 us
[2026-04-03T02:44:44.579+0600][89.368s][info][gc,stats    ]     Weak Class Links                  0 us
[2026-04-03T02:44:44.579+0600][89.368s][info][gc,stats    ]     Code Roots                    12689 us
[2026-04-03T02:44:44.579+0600][89.368s][info][gc,stats    ]   Rendezvous                        248 us
[2026-04-03T02:44:44.579+0600][89.368s][info][gc,stats    ]   Purge Unlinked                   1090 us
[2026-04-03T02:44:44.579+0600][89.368s][info][gc,stats    ]     Code Roots                     1076 us
[2026-04-03T02:44:44.579+0600][89.368s][info][gc,stats    ]     CLDG                             13 us
[2026-04-03T02:44:44.579+0600][89.368s][info][gc,stats    ]     Exception Caches                  0 us
[2026-04-03T02:44:44.579+0600][89.368s][info][gc,stats    ] Concurrent Strong Roots            1390 us, parallelism: 0.61x
[2026-04-03T02:44:44.579+0600][89.368s][info][gc,stats    ]   CSR: <total>                      842 us
[2026-04-03T02:44:44.579+0600][89.368s][info][gc,stats    ]   CSR: VM Strong Roots               48 us, workers (us):  45,   2,   2, ---, ---, ---, 
[2026-04-03T02:44:44.579+0600][89.368s][info][gc,stats    ]   CSR: CLDG Roots                   794 us, workers (us): 794, ---, ---, ---, ---, ---, 
[2026-04-03T02:44:44.579+0600][89.368s][info][gc,stats    ] Concurrent Evacuation              3095 us
[2026-04-03T02:44:44.579+0600][89.368s][info][gc,stats    ] Pause Init Update Refs (G)          362 us
[2026-04-03T02:44:44.579+0600][89.368s][info][gc,stats    ] Pause Init Update Refs (N)          148 us
[2026-04-03T02:44:44.579+0600][89.368s][info][gc,stats    ]   Manage GCLABs                      52 us
[2026-04-03T02:44:44.579+0600][89.368s][info][gc,stats    ] Concurrent Update Refs            45729 us
[2026-04-03T02:44:44.579+0600][89.368s][info][gc,stats    ] Concurrent Update Thread Roots     1587 us
[2026-04-03T02:44:44.579+0600][89.368s][info][gc,stats    ] Pause Final Update Refs (G)         581 us
[2026-04-03T02:44:44.579+0600][89.368s][info][gc,stats    ] Pause Final Update Refs (N)         230 us
[2026-04-03T02:44:44.579+0600][89.368s][info][gc,stats    ]   Update Region States               64 us
[2026-04-03T02:44:44.579+0600][89.368s][info][gc,stats    ]   Trash Collection Set               19 us
[2026-04-03T02:44:44.579+0600][89.368s][info][gc,stats    ]   Rebuild Free Set                   52 us
[2026-04-03T02:44:44.579+0600][89.368s][info][gc,stats    ] Concurrent Cleanup                  809 us
[2026-04-03T02:44:44.579+0600][89.368s][info][gc,stats    ] Pacing                           260754 us
[2026-04-03T02:44:44.579+0600][89.368s][info][gc,stats    ] 
[2026-04-03T02:44:44.579+0600][89.368s][info][gc,stats    ] Allocation pacing accrued:
[2026-04-03T02:44:44.579+0600][89.368s][info][gc,stats    ]      21 of   653 ms (  3.2%): dispatcher-BlockManagerMaster
[2026-04-03T02:44:44.579+0600][89.368s][info][gc,stats    ]      11 of   653 ms (  1.7%): Spark Context Cleaner
[2026-04-03T02:44:44.579+0600][89.368s][info][gc,stats    ]      11 of   653 ms (  1.7%): Executor task launch worker for task 5.0 in stage 4453.0 (TID 8176)
[2026-04-03T02:44:44.579+0600][89.368s][info][gc,stats    ]      43 of   653 ms (  6.6%): Executor task launch worker for task 0.0 in stage 4453.0 (TID 8171)
[2026-04-03T02:44:44.579+0600][89.368s][info][gc,stats    ]      33 of   653 ms (  5.1%): Executor task launch worker for task 2.0 in stage 4453.0 (TID 8173)
[2026-04-03T02:44:44.579+0600][89.368s][info][gc,stats    ]      32 of   653 ms (  5.0%): Executor task launch worker for task 4.0 in stage 4453.0 (TID 8175)
[2026-04-03T02:44:44.579+0600][89.368s][info][gc,stats    ]      32 of   653 ms (  5.0%): Executor task launch worker for task 3.0 in stage 4453.0 (TID 8174)
[2026-04-03T02:44:44.579+0600][89.368s][info][gc,stats    ]      43 of   653 ms (  6.7%): Executor task launch worker for task 1.0 in stage 4453.0 (TID 8172)
[2026-04-03T02:44:44.579+0600][89.368s][info][gc,stats    ]      33 of   653 ms (  5.0%): task-result-getter-0
[2026-04-03T02:44:44.579+0600][89.368s][info][gc,stats    ]     261 of   653 ms ( 40.0%): <total>
[2026-04-03T02:44:44.579+0600][89.368s][info][gc,stats    ]       1 of   653 ms (  0.1%): <average total>
[2026-04-03T02:44:44.579+0600][89.368s][info][gc,stats    ]      29 of   653 ms (  4.4%): <average non-zero>
[2026-04-03T02:44:44.579+0600][89.368s][info][gc,stats    ] 
[2026-04-03T02:44:44.579+0600][89.368s][info][gc,metaspace] Metaspace: 131727K(132992K)->131727K(132992K) NonClass: 115215K(115840K)->115215K(115840K) Class: 16512K(17152K)->16512K(17152K)
[2026-04-03T02:44:44.579+0600][89.368s][info][gc,ergo     ] Pacer for Idle. Initial: 35840K, Alloc Tax Rate: 1.0x
[2026-04-03T02:44:45.620+0600][90.409s][info][gc          ] Trigger: Average GC time (171.54 ms) is above the time for average allocation rate (1235 MB/s) to deplete free headroom (211M) (margin of error = 1.85)
[2026-04-03T02:44:45.620+0600][90.409s][info][gc,ergo     ] Free headroom: 298M (free) - 89600K (spike) - 0B (penalties) = 211M
[2026-04-03T02:44:45.620+0600][90.410s][info][gc,ergo     ] Free: 298M, Max: 512K regular, 222M humongous, Frag: 25% external, 0% internal; Reserve: 89600K, Max: 512K
[2026-04-03T02:44:45.620+0600][90.410s][info][gc,start    ] GC(73) Concurrent reset
[2026-04-03T02:44:45.620+0600][90.410s][info][gc,task     ] GC(73) Using 3 of 6 workers for concurrent reset
[2026-04-03T02:44:45.620+0600][90.410s][info][gc,ergo     ] GC(73) Pacer for Reset. Non-Taxable: 1750M
[2026-04-03T02:44:45.622+0600][90.411s][info][gc          ] GC(73) Concurrent reset 1.395ms
[2026-04-03T02:44:45.622+0600][90.411s][info][gc,start    ] GC(73) Pause Init Mark (unload classes)
[2026-04-03T02:44:45.622+0600][90.411s][info][gc,task     ] GC(73) Using 6 of 6 workers for init marking
[2026-04-03T02:44:45.622+0600][90.411s][info][gc,ergo     ] GC(73) Pacer for Mark. Expected Live: 101524K, Free: 298M, Non-Taxable: 30584K, Alloc Tax Rate: 0.4x
[2026-04-03T02:44:45.622+0600][90.411s][info][gc          ] GC(73) Pause Init Mark (unload classes) 0.168ms
[2026-04-03T02:44:45.622+0600][90.412s][info][gc,start    ] GC(73) Concurrent marking roots
[2026-04-03T02:44:45.622+0600][90.412s][info][gc,task     ] GC(73) Using 3 of 6 workers for concurrent marking roots
[2026-04-03T02:44:45.623+0600][90.413s][info][gc          ] GC(73) Concurrent marking roots 1.240ms
[2026-04-03T02:44:45.624+0600][90.413s][info][gc,start    ] GC(73) Concurrent marking (unload classes)
[2026-04-03T02:44:45.624+0600][90.413s][info][gc,task     ] GC(73) Using 3 of 6 workers for concurrent marking
[2026-04-03T02:44:45.671+0600][90.461s][info][gc          ] GC(73) Concurrent marking (unload classes) 47.857ms
[2026-04-03T02:44:45.672+0600][90.461s][info][gc,start    ] GC(73) Pause Final Mark (unload classes)
[2026-04-03T02:44:45.672+0600][90.461s][info][gc,task     ] GC(73) Using 6 of 6 workers for final marking
[2026-04-03T02:44:45.672+0600][90.461s][info][gc,ergo     ] GC(73) Adaptive CSet Selection. Target Free: 247M, Actual Free: 1192M, Max CSet: 74666K, Min Garbage: 0B
[2026-04-03T02:44:45.672+0600][90.462s][info][gc,ergo     ] GC(73) Collectable Garbage: 1146M (99%), Immediate: 827M (71%), CSet: 318M (27%)
[2026-04-03T02:44:45.672+0600][90.462s][info][gc,ergo     ] GC(73) Pacer for Evacuation. Used CSet: 326M, Free: 1223M, Non-Taxable: 122M, Alloc Tax Rate: 1.1x
[2026-04-03T02:44:45.672+0600][90.462s][info][gc          ] GC(73) Pause Final Mark (unload classes) 0.810ms
[2026-04-03T02:44:45.673+0600][90.462s][info][gc,start    ] GC(73) Concurrent thread roots
[2026-04-03T02:44:45.673+0600][90.462s][info][gc,task     ] GC(73) Using 3 of 6 workers for Concurrent thread roots
[2026-04-03T02:44:45.674+0600][90.463s][info][gc          ] GC(73) Concurrent thread roots 1.230ms
[2026-04-03T02:44:45.674+0600][90.463s][info][gc,start    ] GC(73) Concurrent weak references
[2026-04-03T02:44:45.674+0600][90.463s][info][gc,task     ] GC(73) Using 3 of 6 workers for concurrent weak references
[2026-04-03T02:44:45.675+0600][90.464s][info][gc,ref      ] GC(73) Encountered references: Soft: 3784, Weak: 16501, Final: 84, Phantom: 620
[2026-04-03T02:44:45.675+0600][90.464s][info][gc,ref      ] GC(73) Discovered  references: Soft: 0, Weak: 10800, Final: 84, Phantom: 297
[2026-04-03T02:44:45.675+0600][90.464s][info][gc,ref      ] GC(73) Enqueued    references: Soft: 0, Weak: 1891, Final: 0, Phantom: 0
[2026-04-03T02:44:45.675+0600][90.464s][info][gc          ] GC(73) Concurrent weak references 0.762ms
[2026-04-03T02:44:45.675+0600][90.464s][info][gc,start    ] GC(73) Concurrent weak roots
[2026-04-03T02:44:45.675+0600][90.464s][info][gc,task     ] GC(73) Using 3 of 6 workers for concurrent weak root
[2026-04-03T02:44:45.679+0600][90.469s][info][gc          ] GC(73) Concurrent weak roots 4.758ms
[2026-04-03T02:44:45.680+0600][90.469s][info][gc,start    ] GC(73) Concurrent cleanup
[2026-04-03T02:44:45.680+0600][90.470s][info][gc          ] GC(73) Concurrent cleanup 1265M->438M(1566M) 0.764ms
[2026-04-03T02:44:45.680+0600][90.470s][info][gc,ergo     ] GC(73) Free: 1221M, Max: 512K regular, 253M humongous, Frag: 80% external, 0% internal; Reserve: 89035K, Max: 512K
[2026-04-03T02:44:45.680+0600][90.470s][info][gc,start    ] GC(73) Concurrent class unloading
[2026-04-03T02:44:45.680+0600][90.470s][info][gc,task     ] GC(73) Using 3 of 6 workers for concurrent class unloading
[2026-04-03T02:44:45.698+0600][90.487s][info][gc          ] GC(73) Concurrent class unloading 17.281ms
[2026-04-03T02:44:45.698+0600][90.487s][info][gc,start    ] GC(73) Concurrent strong roots
[2026-04-03T02:44:45.698+0600][90.487s][info][gc,task     ] GC(73) Using 3 of 6 workers for concurrent strong root
[2026-04-03T02:44:45.699+0600][90.489s][info][gc          ] GC(73) Concurrent strong roots 1.334ms
[2026-04-03T02:44:45.699+0600][90.489s][info][gc,start    ] GC(73) Concurrent evacuation
[2026-04-03T02:44:45.699+0600][90.489s][info][gc,task     ] GC(73) Using 3 of 6 workers for concurrent evacuation
[2026-04-03T02:44:45.704+0600][90.493s][info][gc          ] GC(73) Concurrent evacuation 4.399ms
[2026-04-03T02:44:45.704+0600][90.493s][info][gc,start    ] GC(73) Pause Init Update Refs
[2026-04-03T02:44:45.704+0600][90.493s][info][gc,ergo     ] GC(73) Pacer for Update Refs. Used: 454M, Free: 1212M, Non-Taxable: 121M, Alloc Tax Rate: 1.1x
[2026-04-03T02:44:45.704+0600][90.493s][info][gc          ] GC(73) Pause Init Update Refs 0.127ms
[2026-04-03T02:44:45.704+0600][90.494s][info][gc,start    ] GC(73) Concurrent update references
[2026-04-03T02:44:45.704+0600][90.494s][info][gc,task     ] GC(73) Using 3 of 6 workers for concurrent reference update
[2026-04-03T02:44:45.740+0600][90.530s][info][gc          ] GC(73) Concurrent update references 35.919ms
[2026-04-03T02:44:45.740+0600][90.530s][info][gc,start    ] GC(73) Concurrent update thread roots
[2026-04-03T02:44:45.742+0600][90.531s][info][gc          ] GC(73) Concurrent update thread roots 1.528ms
[2026-04-03T02:44:45.742+0600][90.531s][info][gc,start    ] GC(73) Pause Final Update Refs
[2026-04-03T02:44:45.742+0600][90.532s][info][gc,task     ] GC(73) Using 6 of 6 workers for final reference update
[2026-04-03T02:44:45.742+0600][90.532s][info][gc          ] GC(73) Pause Final Update Refs 0.265ms
[2026-04-03T02:44:45.742+0600][90.532s][info][gc,start    ] GC(73) Concurrent cleanup
[2026-04-03T02:44:45.743+0600][90.532s][info][gc          ] GC(73) Concurrent cleanup 471M->144M(1566M) 0.350ms
[2026-04-03T02:44:45.743+0600][90.532s][info][gc,ergo     ] Free: 1512M, Max: 512K regular, 942M humongous, Frag: 38% external, 0% internal; Reserve: 89600K, Max: 512K
[2026-04-03T02:44:45.743+0600][90.532s][info][gc,stats    ] 
[2026-04-03T02:44:45.743+0600][90.532s][info][gc,stats    ] All times are wall-clock times, except per-root-class counters, that are sum over
[2026-04-03T02:44:45.743+0600][90.532s][info][gc,stats    ] all workers. Dividing the <total> over the root stage time estimates parallelism.
[2026-04-03T02:44:45.743+0600][90.532s][info][gc,stats    ] 
[2026-04-03T02:44:45.743+0600][90.532s][info][gc,stats    ] Concurrent Reset                   1453 us
[2026-04-03T02:44:45.743+0600][90.532s][info][gc,stats    ] Pause Init Mark (G)                 615 us
[2026-04-03T02:44:45.743+0600][90.532s][info][gc,stats    ] Pause Init Mark (N)                 176 us
[2026-04-03T02:44:45.743+0600][90.532s][info][gc,stats    ]   Update Region States               46 us
[2026-04-03T02:44:45.743+0600][90.532s][info][gc,stats    ] Concurrent Mark Roots              1282 us, parallelism: 1.60x
[2026-04-03T02:44:45.743+0600][90.532s][info][gc,stats    ]   CMR: <total>                     2057 us
[2026-04-03T02:44:45.743+0600][90.532s][info][gc,stats    ]   CMR: Thread Roots                1623 us, workers (us): 316, 658, 648, ---, ---, ---, 
[2026-04-03T02:44:45.743+0600][90.532s][info][gc,stats    ]   CMR: VM Strong Roots               62 us, workers (us):  61,   1,   1, ---, ---, ---, 
[2026-04-03T02:44:45.743+0600][90.532s][info][gc,stats    ]   CMR: CLDG Roots                   372 us, workers (us): 372, ---, ---, ---, ---, ---, 
[2026-04-03T02:44:45.743+0600][90.532s][info][gc,stats    ] Concurrent Marking                47920 us
[2026-04-03T02:44:45.743+0600][90.532s][info][gc,stats    ] Pause Final Mark (G)               1121 us
[2026-04-03T02:44:45.743+0600][90.532s][info][gc,stats    ] Pause Final Mark (N)                820 us
[2026-04-03T02:44:45.743+0600][90.532s][info][gc,stats    ]   Finish Mark                       328 us
[2026-04-03T02:44:45.743+0600][90.532s][info][gc,stats    ]   Update Region States               50 us
[2026-04-03T02:44:45.743+0600][90.532s][info][gc,stats    ]   Choose Collection Set             284 us
[2026-04-03T02:44:45.743+0600][90.533s][info][gc,stats    ]   Rebuild Free Set                   47 us
[2026-04-03T02:44:45.743+0600][90.533s][info][gc,stats    ] Concurrent Thread Roots            1277 us, parallelism: 2.29x
[2026-04-03T02:44:45.743+0600][90.533s][info][gc,stats    ]   CTR: <total>                     2920 us
[2026-04-03T02:44:45.743+0600][90.533s][info][gc,stats    ]   CTR: Thread Roots                2920 us, workers (us): 1020, 950, 950, ---, ---, ---, 
[2026-04-03T02:44:45.743+0600][90.533s][info][gc,stats    ] Concurrent Weak References          771 us, parallelism: 1.26x
[2026-04-03T02:44:45.743+0600][90.533s][info][gc,stats    ]   CWRF: <total>                     974 us
[2026-04-03T02:44:45.743+0600][90.533s][info][gc,stats    ]   CWRF: Weak References             974 us, workers (us): 471, 143, 361, ---, ---, ---, 
[2026-04-03T02:44:45.743+0600][90.533s][info][gc,stats    ] Concurrent Weak Roots              4881 us
[2026-04-03T02:44:45.743+0600][90.533s][info][gc,stats    ]   Roots                            4453 us, parallelism: 2.73x
[2026-04-03T02:44:45.743+0600][90.533s][info][gc,stats    ]     CWR: <total>                  12157 us
[2026-04-03T02:44:45.743+0600][90.533s][info][gc,stats    ]     CWR: Code Cache Roots          9183 us, workers (us): 2941, 3140, 3102, ---, ---, ---, 
[2026-04-03T02:44:45.743+0600][90.533s][info][gc,stats    ]     CWR: VM Weak Roots             2868 us, workers (us): 1021, 923, 923, ---, ---, ---, 
[2026-04-03T02:44:45.743+0600][90.533s][info][gc,stats    ]     CWR: CLDG Roots                 105 us, workers (us): 105, ---, ---, ---, ---, ---, 
[2026-04-03T02:44:45.743+0600][90.533s][info][gc,stats    ]   Rendezvous                        281 us
[2026-04-03T02:44:45.743+0600][90.533s][info][gc,stats    ] Concurrent Cleanup                  809 us
[2026-04-03T02:44:45.743+0600][90.533s][info][gc,stats    ] Concurrent Class Unloading        17402 us
[2026-04-03T02:44:45.743+0600][90.533s][info][gc,stats    ]   Unlink Stale                    15842 us
[2026-04-03T02:44:45.743+0600][90.533s][info][gc,stats    ]     System Dictionary               280 us
[2026-04-03T02:44:45.743+0600][90.533s][info][gc,stats    ]     Weak Class Links                  0 us
[2026-04-03T02:44:45.743+0600][90.533s][info][gc,stats    ]     Code Roots                    15557 us
[2026-04-03T02:44:45.743+0600][90.533s][info][gc,stats    ]   Rendezvous                        381 us
[2026-04-03T02:44:45.743+0600][90.533s][info][gc,stats    ]   Purge Unlinked                   1023 us
[2026-04-03T02:44:45.743+0600][90.533s][info][gc,stats    ]     Code Roots                      991 us
[2026-04-03T02:44:45.743+0600][90.533s][info][gc,stats    ]     CLDG                             30 us
[2026-04-03T02:44:45.743+0600][90.533s][info][gc,stats    ]     Exception Caches                  1 us
[2026-04-03T02:44:45.743+0600][90.533s][info][gc,stats    ] Concurrent Strong Roots            1402 us, parallelism: 0.64x
[2026-04-03T02:44:45.743+0600][90.533s][info][gc,stats    ]   CSR: <total>                      901 us
[2026-04-03T02:44:45.743+0600][90.533s][info][gc,stats    ]   CSR: VM Strong Roots               54 us, workers (us):  36,  17,   0, ---, ---, ---, 
[2026-04-03T02:44:45.743+0600][90.533s][info][gc,stats    ]   CSR: CLDG Roots                   848 us, workers (us): ---, 848, ---, ---, ---, ---, 
[2026-04-03T02:44:45.743+0600][90.533s][info][gc,stats    ] Concurrent Evacuation              4518 us
[2026-04-03T02:44:45.743+0600][90.533s][info][gc,stats    ] Pause Init Update Refs (G)          449 us
[2026-04-03T02:44:45.743+0600][90.533s][info][gc,stats    ] Pause Init Update Refs (N)          160 us
[2026-04-03T02:44:45.743+0600][90.533s][info][gc,stats    ]   Manage GCLABs                      58 us
[2026-04-03T02:44:45.743+0600][90.533s][info][gc,stats    ] Concurrent Update Refs            36004 us
[2026-04-03T02:44:45.743+0600][90.533s][info][gc,stats    ] Concurrent Update Thread Roots     1612 us
[2026-04-03T02:44:45.743+0600][90.533s][info][gc,stats    ] Pause Final Update Refs (G)         633 us
[2026-04-03T02:44:45.743+0600][90.533s][info][gc,stats    ] Pause Final Update Refs (N)         287 us
[2026-04-03T02:44:45.744+0600][90.533s][info][gc,stats    ]   Update Region States               63 us
[2026-04-03T02:44:45.744+0600][90.533s][info][gc,stats    ]   Trash Collection Set               26 us
[2026-04-03T02:44:45.744+0600][90.533s][info][gc,stats    ]   Rebuild Free Set                   54 us
[2026-04-03T02:44:45.744+0600][90.533s][info][gc,stats    ] Concurrent Cleanup                  375 us
[2026-04-03T02:44:45.744+0600][90.533s][info][gc,stats    ] 
[2026-04-03T02:44:45.744+0600][90.533s][info][gc,stats    ] Allocation pacing accrued:
[2026-04-03T02:44:45.744+0600][90.533s][info][gc,stats    ]       0 of  1165 ms (  0.0%): <total>
[2026-04-03T02:44:45.744+0600][90.533s][info][gc,stats    ]       0 of  1165 ms (  0.0%): <average total>
[2026-04-03T02:44:45.744+0600][90.533s][info][gc,stats    ] 
[2026-04-03T02:44:45.744+0600][90.533s][info][gc,metaspace] Metaspace: 131733K(132992K)->131735K(132992K) NonClass: 115221K(115840K)->115223K(115840K) Class: 16512K(17152K)->16512K(17152K)
[2026-04-03T02:44:45.744+0600][90.533s][info][gc,ergo     ] Pacer for Idle. Initial: 35840K, Alloc Tax Rate: 1.0x
[2026-04-03T02:44:47.232+0600][92.021s][info][gc          ] Cancelling GC: Stopping VM
[2026-04-03T02:44:47.232+0600][92.021s][info][gc,heap,exit] Heap
[2026-04-03T02:44:47.232+0600][92.022s][info][gc,heap,exit] Shenandoah Heap
[2026-04-03T02:44:47.232+0600][92.022s][info][gc,heap,exit]  1750M max, 1750M soft max, 1566M committed, 1013M used
[2026-04-03T02:44:47.232+0600][92.022s][info][gc,heap,exit]  3500 x 512K regions
[2026-04-03T02:44:47.232+0600][92.022s][info][gc,heap,exit] Status: cancelled
[2026-04-03T02:44:47.232+0600][92.022s][info][gc,heap,exit] Reserved region:
[2026-04-03T02:44:47.232+0600][92.022s][info][gc,heap,exit]  - [0x0000000092a00000, 0x0000000100000000) 
[2026-04-03T02:44:47.232+0600][92.022s][info][gc,heap,exit] Collection set:
[2026-04-03T02:44:47.232+0600][92.022s][info][gc,heap,exit]  - map (vanilla): 0x0000000000011254
[2026-04-03T02:44:47.232+0600][92.022s][info][gc,heap,exit]  - map (biased):  0x0000000000010000
[2026-04-03T02:44:47.232+0600][92.022s][info][gc,heap,exit] 
[2026-04-03T02:44:47.232+0600][92.022s][info][gc,heap,exit]  Metaspace       used 132272K, committed 133440K, reserved 1179648K
[2026-04-03T02:44:47.232+0600][92.022s][info][gc,heap,exit]   class space    used 16613K, committed 17216K, reserved 1048576K
[2026-04-03T02:44:47.232+0600][92.022s][info][gc,stats    ] 
[2026-04-03T02:44:47.232+0600][92.022s][info][gc,stats    ] GC STATISTICS:
[2026-04-03T02:44:47.232+0600][92.022s][info][gc,stats    ]   "(G)" (gross) pauses include VM time: time to notify and block threads, do the pre-
[2026-04-03T02:44:47.232+0600][92.022s][info][gc,stats    ]         and post-safepoint housekeeping. Use -Xlog:safepoint+stats to dissect.
[2026-04-03T02:44:47.232+0600][92.022s][info][gc,stats    ]   "(N)" (net) pauses are the times spent in the actual GC code.
[2026-04-03T02:44:47.232+0600][92.022s][info][gc,stats    ]   "a" is average time for each phase, look at levels to see if average makes sense.
[2026-04-03T02:44:47.232+0600][92.022s][info][gc,stats    ]   "lvls" are quantiles: 0% (minimum), 25%, 50% (median), 75%, 100% (maximum).
[2026-04-03T02:44:47.232+0600][92.022s][info][gc,stats    ] 
[2026-04-03T02:44:47.232+0600][92.022s][info][gc,stats    ]   All times are wall-clock times, except per-root-class counters, that are sum over
[2026-04-03T02:44:47.232+0600][92.022s][info][gc,stats    ]   all workers. Dividing the <total> over the root stage time estimates parallelism.
[2026-04-03T02:44:47.232+0600][92.022s][info][gc,stats    ] 
[2026-04-03T02:44:47.232+0600][92.022s][info][gc,stats    ]   Pacing delays are measured from entering the pacing code till exiting it. Therefore,
[2026-04-03T02:44:47.232+0600][92.022s][info][gc,stats    ]   observed pacing delays may be higher than the threshold when paced thread spent more
[2026-04-03T02:44:47.232+0600][92.022s][info][gc,stats    ]   time in the pacing code. It usually happens when thread is de-scheduled while paced,
[2026-04-03T02:44:47.232+0600][92.022s][info][gc,stats    ]   OS takes longer to unblock the thread, or JVM experiences an STW pause.
[2026-04-03T02:44:47.232+0600][92.022s][info][gc,stats    ] 
[2026-04-03T02:44:47.232+0600][92.022s][info][gc,stats    ]   Higher delay would prevent application outpacing the GC, but it will hide the GC latencies
[2026-04-03T02:44:47.232+0600][92.022s][info][gc,stats    ]   from the STW pause times. Pacing affects the individual threads, and so it would also be
[2026-04-03T02:44:47.232+0600][92.022s][info][gc,stats    ]   invisible to the usual profiling tools, but would add up to end-to-end application latency.
[2026-04-03T02:44:47.232+0600][92.022s][info][gc,stats    ]   Raise max pacing delay with care.
[2026-04-03T02:44:47.232+0600][92.022s][info][gc,stats    ] 
[2026-04-03T02:44:47.232+0600][92.022s][info][gc,stats    ] Concurrent Reset               =    0.200 s (a =     2703 us) (n =    74) (lvls, us =      717,     1543,     2109,     3164,     9801)
[2026-04-03T02:44:47.232+0600][92.022s][info][gc,stats    ] Pause Init Mark (G)            =    0.067 s (a =      903 us) (n =    74) (lvls, us =      287,      451,      521,      717,     5098)
[2026-04-03T02:44:47.232+0600][92.022s][info][gc,stats    ] Pause Init Mark (N)            =    0.013 s (a =      181 us) (n =    74) (lvls, us =       85,      154,      170,      189,      490)
[2026-04-03T02:44:47.232+0600][92.022s][info][gc,stats    ]   Update Region States         =    0.003 s (a =       43 us) (n =    74) (lvls, us =       19,       34,       41,       49,       87)
[2026-04-03T02:44:47.232+0600][92.022s][info][gc,stats    ] Concurrent Mark Roots          =    0.146 s (a =     1976 us) (n =    74) (lvls, us =      754,     1348,     1719,     2090,     6616)
[2026-04-03T02:44:47.232+0600][92.022s][info][gc,stats    ]   CMR: <total>                 =    0.273 s (a =     3689 us) (n =    74) (lvls, us =     1113,     2637,     3281,     4395,     8731)
[2026-04-03T02:44:47.232+0600][92.022s][info][gc,stats    ]   CMR: Thread Roots            =    0.239 s (a =     3229 us) (n =    74) (lvls, us =      924,     2188,     2832,     3828,     8319)
[2026-04-03T02:44:47.232+0600][92.022s][info][gc,stats    ]   CMR: VM Strong Roots         =    0.006 s (a =       84 us) (n =    74) (lvls, us =       19,       48,       60,       68,      787)
[2026-04-03T02:44:47.232+0600][92.022s][info][gc,stats    ]   CMR: CLDG Roots              =    0.028 s (a =      376 us) (n =    74) (lvls, us =      162,      289,      375,      432,      739)
[2026-04-03T02:44:47.232+0600][92.022s][info][gc,stats    ] Concurrent Marking             =    4.337 s (a =    58609 us) (n =    74) (lvls, us =     9434,    49805,    59766,    67188,    98067)
[2026-04-03T02:44:47.232+0600][92.022s][info][gc,stats    ] Pause Final Mark (G)           =    0.085 s (a =     1145 us) (n =    74) (lvls, us =      721,      967,     1055,     1191,     3361)
[2026-04-03T02:44:47.232+0600][92.022s][info][gc,stats    ] Pause Final Mark (N)           =    0.061 s (a =      827 us) (n =    74) (lvls, us =      584,      711,      793,      887,     1312)
[2026-04-03T02:44:47.232+0600][92.022s][info][gc,stats    ]   Finish Mark                  =    0.021 s (a =      280 us) (n =    74) (lvls, us =      148,      223,      268,      328,      544)
[2026-04-03T02:44:47.232+0600][92.022s][info][gc,stats    ]   Update Region States         =    0.005 s (a =       62 us) (n =    74) (lvls, us =       38,       50,       59,       71,      127)
[2026-04-03T02:44:47.232+0600][92.022s][info][gc,stats    ]   Choose Collection Set        =    0.020 s (a =      273 us) (n =    74) (lvls, us =      158,      215,      254,      303,      558)
[2026-04-03T02:44:47.232+0600][92.022s][info][gc,stats    ]   Rebuild Free Set             =    0.004 s (a =       53 us) (n =    74) (lvls, us =       25,       43,       49,       56,      172)
[2026-04-03T02:44:47.232+0600][92.022s][info][gc,stats    ] Concurrent Thread Roots        =    0.114 s (a =     1544 us) (n =    74) (lvls, us =      379,     1016,     1172,     1543,     6364)
[2026-04-03T02:44:47.232+0600][92.022s][info][gc,stats    ]   CTR: <total>                 =    0.243 s (a =     3285 us) (n =    74) (lvls, us =      215,     2168,     2695,     3789,    10539)
[2026-04-03T02:44:47.233+0600][92.022s][info][gc,stats    ]   CTR: Thread Roots            =    0.243 s (a =     3285 us) (n =    74) (lvls, us =      215,     2168,     2695,     3789,    10539)
[2026-04-03T02:44:47.233+0600][92.022s][info][gc,stats    ] Concurrent Weak References     =    0.081 s (a =     1095 us) (n =    74) (lvls, us =      461,      783,      977,     1191,     4804)
[2026-04-03T02:44:47.233+0600][92.022s][info][gc,stats    ]   CWRF: <total>                =    0.095 s (a =     1290 us) (n =    74) (lvls, us =      520,      904,     1133,     1426,     6095)
[2026-04-03T02:44:47.233+0600][92.022s][info][gc,stats    ]   CWRF: Weak References        =    0.095 s (a =     1290 us) (n =    74) (lvls, us =      520,      904,     1133,     1426,     6095)
[2026-04-03T02:44:47.233+0600][92.022s][info][gc,stats    ] Concurrent Weak Roots          =    0.461 s (a =     6235 us) (n =    74) (lvls, us =     1016,     4414,     5469,     7031,    14408)
[2026-04-03T02:44:47.233+0600][92.022s][info][gc,stats    ]   Roots                        =    0.392 s (a =     5291 us) (n =    74) (lvls, us =      863,     3867,     4668,     5977,    11717)
[2026-04-03T02:44:47.233+0600][92.022s][info][gc,stats    ]     CWR: <total>               =    1.030 s (a =    13924 us) (n =    74) (lvls, us =     2109,    10352,    12695,    15820,    31796)
[2026-04-03T02:44:47.233+0600][92.022s][info][gc,stats    ]     CWR: Code Cache Roots      =    0.771 s (a =    10420 us) (n =    74) (lvls, us =      703,     7715,     9805,    12500,    24842)
[2026-04-03T02:44:47.233+0600][92.022s][info][gc,stats    ]     CWR: VM Weak Roots         =    0.246 s (a =     3319 us) (n =    74) (lvls, us =     1387,     2402,     2852,     3750,    12045)
[2026-04-03T02:44:47.233+0600][92.022s][info][gc,stats    ]     CWR: CLDG Roots            =    0.014 s (a =      185 us) (n =    74) (lvls, us =       10,      121,      191,      242,      323)
[2026-04-03T02:44:47.233+0600][92.022s][info][gc,stats    ]   Rendezvous                   =    0.060 s (a =      811 us) (n =    74) (lvls, us =      100,      318,      422,      586,     6999)
[2026-04-03T02:44:47.233+0600][92.022s][info][gc,stats    ] Concurrent Cleanup             =    0.077 s (a =     1036 us) (n =    74) (lvls, us =      191,      771,      982,     1113,     4257)
[2026-04-03T02:44:47.233+0600][92.022s][info][gc,stats    ] Concurrent Class Unloading     =    1.886 s (a =    25485 us) (n =    74) (lvls, us =     2500,    18750,    22070,    29102,    80925)
[2026-04-03T02:44:47.233+0600][92.022s][info][gc,stats    ]   Unlink Stale                 =    1.508 s (a =    20381 us) (n =    74) (lvls, us =     1602,    15234,    17578,    21094,    64438)
[2026-04-03T02:44:47.233+0600][92.022s][info][gc,stats    ]     System Dictionary          =    0.027 s (a =      364 us) (n =    74) (lvls, us =       28,      279,      314,      373,     1185)
[2026-04-03T02:44:47.233+0600][92.022s][info][gc,stats    ]     Weak Class Links           =    0.281 s (a =     3793 us) (n =    74) (lvls, us =        0,        0,        0,        1,    39557)
[2026-04-03T02:44:47.233+0600][92.022s][info][gc,stats    ]     Code Roots                 =    1.200 s (a =    16219 us) (n =    74) (lvls, us =     1562,    13867,    15820,    18750,    30994)
[2026-04-03T02:44:47.233+0600][92.022s][info][gc,stats    ]   Rendezvous                   =    0.045 s (a =      612 us) (n =    74) (lvls, us =      107,      357,      447,      514,     3983)
[2026-04-03T02:44:47.233+0600][92.022s][info][gc,stats    ]   Purge Unlinked               =    0.321 s (a =     4340 us) (n =    74) (lvls, us =      637,     1699,     2617,     4238,    21597)
[2026-04-03T02:44:47.233+0600][92.022s][info][gc,stats    ]     Code Roots                 =    0.314 s (a =     4240 us) (n =    74) (lvls, us =      625,     1680,     2598,     4160,    21069)
[2026-04-03T02:44:47.233+0600][92.022s][info][gc,stats    ]     CLDG                       =    0.007 s (a =       99 us) (n =    74) (lvls, us =        5,       14,       20,       32,     1451)
[2026-04-03T02:44:47.233+0600][92.022s][info][gc,stats    ]     Exception Caches           =    0.000 s (a =        0 us) (n =    74) (lvls, us =        0,        0,        0,        0,        2)
[2026-04-03T02:44:47.233+0600][92.022s][info][gc,stats    ] Concurrent Strong Roots        =    0.122 s (a =     1645 us) (n =    74) (lvls, us =      904,     1328,     1543,     1738,     3986)
[2026-04-03T02:44:47.233+0600][92.022s][info][gc,stats    ]   CSR: <total>                 =    0.083 s (a =     1118 us) (n =    74) (lvls, us =      525,      852,     1094,     1230,     2940)
[2026-04-03T02:44:47.233+0600][92.022s][info][gc,stats    ]   CSR: VM Strong Roots         =    0.005 s (a =       63 us) (n =    74) (lvls, us =       29,       50,       62,       70,      114)
[2026-04-03T02:44:47.233+0600][92.022s][info][gc,stats    ]   CSR: CLDG Roots              =    0.078 s (a =     1055 us) (n =    74) (lvls, us =      490,      807,     1035,     1152,     2871)
[2026-04-03T02:44:47.233+0600][92.022s][info][gc,stats    ] Concurrent Evacuation          =    0.481 s (a =     6497 us) (n =    74) (lvls, us =     2070,     3809,     5098,     7363,    41068)
[2026-04-03T02:44:47.233+0600][92.022s][info][gc,stats    ] Pause Init Update Refs (G)     =    0.048 s (a =      655 us) (n =    74) (lvls, us =      234,      447,      557,      688,     1978)
[2026-04-03T02:44:47.233+0600][92.022s][info][gc,stats    ] Pause Init Update Refs (N)     =    0.013 s (a =      176 us) (n =    74) (lvls, us =       98,      135,      160,      195,      383)
[2026-04-03T02:44:47.233+0600][92.022s][info][gc,stats    ]   Manage GCLABs                =    0.004 s (a =       53 us) (n =    74) (lvls, us =        6,       39,       50,       63,      201)
[2026-04-03T02:44:47.233+0600][92.022s][info][gc,stats    ] Concurrent Update Refs         =    3.430 s (a =    46350 us) (n =    74) (lvls, us =     3945,    42578,    48633,    53320,    62271)
[2026-04-03T02:44:47.233+0600][92.022s][info][gc,stats    ] Concurrent Update Thread Roots =    0.147 s (a =     1993 us) (n =    74) (lvls, us =      553,     1328,     1719,     1992,     9677)
[2026-04-03T02:44:47.233+0600][92.022s][info][gc,stats    ] Pause Final Update Refs (G)    =    0.068 s (a =      917 us) (n =    74) (lvls, us =      260,      502,      588,      689,     4689)
[2026-04-03T02:44:47.233+0600][92.022s][info][gc,stats    ] Pause Final Update Refs (N)    =    0.019 s (a =      262 us) (n =    74) (lvls, us =      143,      227,      266,      293,      399)
[2026-04-03T02:44:47.233+0600][92.022s][info][gc,stats    ]   Update Region States         =    0.005 s (a =       70 us) (n =    74) (lvls, us =       40,       61,       71,       79,      104)
[2026-04-03T02:44:47.233+0600][92.022s][info][gc,stats    ]   Trash Collection Set         =    0.002 s (a =       22 us) (n =    74) (lvls, us =        8,       17,       23,       26,       42)
[2026-04-03T02:44:47.233+0600][92.022s][info][gc,stats    ]   Rebuild Free Set             =    0.004 s (a =       53 us) (n =    74) (lvls, us =       31,       47,       54,       57,       84)
[2026-04-03T02:44:47.233+0600][92.022s][info][gc,stats    ] Concurrent Cleanup             =    0.049 s (a =      661 us) (n =    74) (lvls, us =      281,      418,      719,      813,     1130)
[2026-04-03T02:44:47.233+0600][92.022s][info][gc,stats    ] Concurrent Uncommit            =    0.420 s (a =   140139 us) (n =     3) (lvls, us =    96484,    96484,    96484,   152344,   169896)
[2026-04-03T02:44:47.233+0600][92.022s][info][gc,stats    ] Pacing                         =    4.096 s (a =    55358 us) (n =    74) (lvls, us =        0,        0,     9961,    83203,   268420)
[2026-04-03T02:44:47.233+0600][92.022s][info][gc,stats    ] 
[2026-04-03T02:44:47.233+0600][92.022s][info][gc,stats    ] 
[2026-04-03T02:44:47.233+0600][92.022s][info][gc,stats    ] Under allocation pressure, concurrent cycles may cancel, and either continue cycle
[2026-04-03T02:44:47.233+0600][92.022s][info][gc,stats    ] under stop-the-world pause or result in stop-the-world Full GC. Increase heap size,
[2026-04-03T02:44:47.233+0600][92.022s][info][gc,stats    ] tune GC heuristics, set more aggressive pacing delay, or lower allocation rate
[2026-04-03T02:44:47.233+0600][92.022s][info][gc,stats    ] to avoid Degenerated and Full GC cycles.
[2026-04-03T02:44:47.233+0600][92.022s][info][gc,stats    ] 
[2026-04-03T02:44:47.233+0600][92.022s][info][gc,stats    ]    74 successful concurrent GCs
[2026-04-03T02:44:47.233+0600][92.022s][info][gc,stats    ]       3 invoked explicitly
[2026-04-03T02:44:47.233+0600][92.022s][info][gc,stats    ]       0 invoked implicitly
[2026-04-03T02:44:47.233+0600][92.022s][info][gc,stats    ] 
[2026-04-03T02:44:47.233+0600][92.022s][info][gc,stats    ]     0 Degenerated GCs
[2026-04-03T02:44:47.233+0600][92.022s][info][gc,stats    ]       0 caused by allocation failure
[2026-04-03T02:44:47.233+0600][92.022s][info][gc,stats    ]       0 upgraded to Full GC
[2026-04-03T02:44:47.233+0600][92.022s][info][gc,stats    ] 
[2026-04-03T02:44:47.233+0600][92.022s][info][gc,stats    ]     0 Full GCs
[2026-04-03T02:44:47.233+0600][92.022s][info][gc,stats    ]       0 invoked explicitly
[2026-04-03T02:44:47.233+0600][92.022s][info][gc,stats    ]       0 invoked implicitly
[2026-04-03T02:44:47.233+0600][92.022s][info][gc,stats    ]       0 caused by allocation failure
[2026-04-03T02:44:47.233+0600][92.022s][info][gc,stats    ]       0 upgraded from Degenerated GC
[2026-04-03T02:44:47.233+0600][92.022s][info][gc,stats    ] 
[2026-04-03T02:44:47.233+0600][92.022s][info][gc,stats    ] 
