[2026-04-03T02:17:18.104+0600][0.005s][info][gc] Heuristics ergonomically sets -XX:+ExplicitGCInvokesConcurrent
[2026-04-03T02:17:18.104+0600][0.005s][info][gc] Heuristics ergonomically sets -XX:+ShenandoahImplicitGCInvokesConcurrent
[2026-04-03T02:17:18.104+0600][0.005s][info][gc] Using Shenandoah
[2026-04-03T02:17:18.105+0600][0.006s][info][gc,ergo] Pacer for Idle. Initial: 15360K, Alloc Tax Rate: 1.0x
[2026-04-03T02:17:18.105+0600][0.007s][info][gc,init] Version: 21.0.10+7-Ubuntu-124.04 (release)
[2026-04-03T02:17:18.105+0600][0.007s][info][gc,init] CPUs: 12 total, 12 available
[2026-04-03T02:17:18.105+0600][0.007s][info][gc,init] Memory: 15683M
[2026-04-03T02:17:18.105+0600][0.007s][info][gc,init] Large Page Support: Disabled
[2026-04-03T02:17:18.105+0600][0.007s][info][gc,init] NUMA Support: Disabled
[2026-04-03T02:17:18.105+0600][0.007s][info][gc,init] Compressed Oops: Enabled (32-bit)
[2026-04-03T02:17:18.105+0600][0.007s][info][gc,init] Heap Min Capacity: 6656K
[2026-04-03T02:17:18.105+0600][0.007s][info][gc,init] Heap Initial Capacity: 251136K
[2026-04-03T02:17:18.105+0600][0.007s][info][gc,init] Heap Max Capacity: 750M
[2026-04-03T02:17:18.106+0600][0.007s][info][gc,init] Pre-touch: Disabled
[2026-04-03T02:17:18.106+0600][0.007s][info][gc,init] Mode: Snapshot-At-The-Beginning (SATB)
[2026-04-03T02:17:18.106+0600][0.007s][info][gc,init] Heuristics: Adaptive
[2026-04-03T02:17:18.106+0600][0.007s][info][gc,init] Heap Region Count: 3000
[2026-04-03T02:17:18.106+0600][0.007s][info][gc,init] Heap Region Size: 256K
[2026-04-03T02:17:18.106+0600][0.007s][info][gc,init] TLAB Size Max: 256K
[2026-04-03T02:17:18.106+0600][0.007s][info][gc,init] Humongous Object Threshold: 256K
[2026-04-03T02:17:18.106+0600][0.007s][info][gc,init] Parallel Workers: 6
[2026-04-03T02:17:18.106+0600][0.007s][info][gc,init] Concurrent Workers: 3
[2026-04-03T02:17:18.116+0600][0.017s][info][gc,metaspace] CDS archive(s) mapped at: [0x000077444f000000-0x000077444fc9c000-0x000077444fc9c000), size 13221888, SharedBaseAddress: 0x000077444f000000, ArchiveRelocationMode: 1.
[2026-04-03T02:17:18.116+0600][0.017s][info][gc,metaspace] Compressed class space mapped at: 0x0000774450000000-0x0000774490000000, reserved size: 1073741824
[2026-04-03T02:17:18.116+0600][0.017s][info][gc,metaspace] Narrow klass base: 0x000077444f000000, Narrow klass shift: 0, Narrow klass range: 0x100000000
[2026-04-03T02:17:19.240+0600][1.141s][info][gc          ] Trigger: Learning 1 of 5. Free (524M) is below initial threshold (525M)
[2026-04-03T02:17:19.240+0600][1.141s][info][gc,ergo     ] Free: 524M, Max: 256K regular, 524M humongous, Frag: 0% external, 0% internal; Reserve: 38400K, Max: 256K
[2026-04-03T02:17:19.240+0600][1.141s][info][gc,start    ] GC(0) Concurrent reset
[2026-04-03T02:17:19.241+0600][1.142s][info][gc,task     ] GC(0) Using 3 of 6 workers for concurrent reset
[2026-04-03T02:17:19.241+0600][1.142s][info][gc,ergo     ] GC(0) Pacer for Reset. Non-Taxable: 750M
[2026-04-03T02:17:19.241+0600][1.142s][info][gc          ] GC(0) Concurrent reset 0.862ms
[2026-04-03T02:17:19.241+0600][1.142s][info][gc,start    ] GC(0) Pause Init Mark (unload classes)
[2026-04-03T02:17:19.241+0600][1.143s][info][gc,task     ] GC(0) Using 5 of 6 workers for init marking
[2026-04-03T02:17:19.241+0600][1.143s][info][gc,ergo     ] GC(0) Pacer for Mark. Expected Live: 76800K, Free: 524M, Non-Taxable: 53657K, Alloc Tax Rate: 0.2x
[2026-04-03T02:17:19.241+0600][1.143s][info][gc          ] GC(0) Pause Init Mark (unload classes) 0.410ms
[2026-04-03T02:17:19.242+0600][1.143s][info][gc,start    ] GC(0) Concurrent marking roots
[2026-04-03T02:17:19.242+0600][1.143s][info][gc,task     ] GC(0) Using 3 of 6 workers for concurrent marking roots
[2026-04-03T02:17:19.243+0600][1.144s][info][gc          ] GC(0) Concurrent marking roots 1.045ms
[2026-04-03T02:17:19.243+0600][1.144s][info][gc,start    ] GC(0) Concurrent marking (unload classes)
[2026-04-03T02:17:19.243+0600][1.144s][info][gc,task     ] GC(0) Using 3 of 6 workers for concurrent marking
[2026-04-03T02:17:19.248+0600][1.149s][info][gc          ] GC(0) Concurrent marking (unload classes) 5.516ms
[2026-04-03T02:17:19.248+0600][1.149s][info][gc,start    ] GC(0) Pause Final Mark (unload classes)
[2026-04-03T02:17:19.248+0600][1.149s][info][gc,task     ] GC(0) Using 5 of 6 workers for final marking
[2026-04-03T02:17:19.249+0600][1.150s][info][gc,ergo     ] GC(0) Adaptive CSet Selection. Target Free: 106M, Actual Free: 615M, Max CSet: 32000K, Min Garbage: 0B
[2026-04-03T02:17:19.249+0600][1.150s][info][gc,ergo     ] GC(0) Collectable Garbage: 184M (99%), Immediate: 57856K (30%), CSet: 127M (69%)
[2026-04-03T02:17:19.249+0600][1.150s][info][gc,ergo     ] GC(0) Pacer for Evacuation. Used CSet: 130M, Free: 577M, Non-Taxable: 59136K, Alloc Tax Rate: 1.1x
[2026-04-03T02:17:19.249+0600][1.150s][info][gc          ] GC(0) Pause Final Mark (unload classes) 0.439ms
[2026-04-03T02:17:19.249+0600][1.150s][info][gc,start    ] GC(0) Concurrent thread roots
[2026-04-03T02:17:19.249+0600][1.150s][info][gc,task     ] GC(0) Using 3 of 6 workers for Concurrent thread roots
[2026-04-03T02:17:19.249+0600][1.150s][info][gc          ] GC(0) Concurrent thread roots 0.220ms
[2026-04-03T02:17:19.249+0600][1.150s][info][gc,start    ] GC(0) Concurrent weak references
[2026-04-03T02:17:19.249+0600][1.150s][info][gc,task     ] GC(0) Using 3 of 6 workers for concurrent weak references
[2026-04-03T02:17:19.249+0600][1.150s][info][gc,ref      ] GC(0) Encountered references: Soft: 211, Weak: 914, Final: 0, Phantom: 28
[2026-04-03T02:17:19.249+0600][1.150s][info][gc,ref      ] GC(0) Discovered  references: Soft: 0, Weak: 676, Final: 0, Phantom: 26
[2026-04-03T02:17:19.249+0600][1.150s][info][gc,ref      ] GC(0) Enqueued    references: Soft: 0, Weak: 268, Final: 0, Phantom: 0
[2026-04-03T02:17:19.249+0600][1.151s][info][gc          ] GC(0) Concurrent weak references 0.266ms
[2026-04-03T02:17:19.249+0600][1.151s][info][gc,start    ] GC(0) Concurrent weak roots
[2026-04-03T02:17:19.249+0600][1.151s][info][gc,task     ] GC(0) Using 3 of 6 workers for concurrent weak root
[2026-04-03T02:17:19.250+0600][1.151s][info][gc          ] GC(0) Concurrent weak roots 0.602ms
[2026-04-03T02:17:19.250+0600][1.151s][info][gc,start    ] GC(0) Concurrent cleanup
[2026-04-03T02:17:19.250+0600][1.151s][info][gc          ] GC(0) Concurrent cleanup 192M->135M(245M) 0.182ms
[2026-04-03T02:17:19.250+0600][1.151s][info][gc,ergo     ] GC(0) Free: 577M, Max: 256K regular, 520M humongous, Frag: 10% external, 0% internal; Reserve: 37888K, Max: 256K
[2026-04-03T02:17:19.250+0600][1.151s][info][gc,start    ] GC(0) Concurrent class unloading
[2026-04-03T02:17:19.250+0600][1.151s][info][gc,task     ] GC(0) Using 3 of 6 workers for concurrent class unloading
[2026-04-03T02:17:19.252+0600][1.153s][info][gc          ] GC(0) Concurrent class unloading 1.343ms
[2026-04-03T02:17:19.252+0600][1.153s][info][gc,start    ] GC(0) Concurrent strong roots
[2026-04-03T02:17:19.252+0600][1.153s][info][gc,task     ] GC(0) Using 3 of 6 workers for concurrent strong root
[2026-04-03T02:17:19.252+0600][1.153s][info][gc          ] GC(0) Concurrent strong roots 0.625ms
[2026-04-03T02:17:19.252+0600][1.153s][info][gc,start    ] GC(0) Concurrent evacuation
[2026-04-03T02:17:19.252+0600][1.153s][info][gc,task     ] GC(0) Using 3 of 6 workers for concurrent evacuation
[2026-04-03T02:17:19.256+0600][1.157s][info][gc          ] GC(0) Concurrent evacuation 3.353ms
[2026-04-03T02:17:19.256+0600][1.157s][info][gc,start    ] GC(0) Pause Init Update Refs
[2026-04-03T02:17:19.256+0600][1.157s][info][gc,ergo     ] GC(0) Pacer for Update Refs. Used: 140M, Free: 575M, Non-Taxable: 58913K, Alloc Tax Rate: 1.1x
[2026-04-03T02:17:19.256+0600][1.157s][info][gc          ] GC(0) Pause Init Update Refs 0.080ms
[2026-04-03T02:17:19.256+0600][1.157s][info][gc,start    ] GC(0) Concurrent update references
[2026-04-03T02:17:19.256+0600][1.157s][info][gc,task     ] GC(0) Using 3 of 6 workers for concurrent reference update
[2026-04-03T02:17:19.260+0600][1.161s][info][gc          ] GC(0) Concurrent update references 3.459ms
[2026-04-03T02:17:19.260+0600][1.161s][info][gc,start    ] GC(0) Concurrent update thread roots
[2026-04-03T02:17:19.260+0600][1.161s][info][gc          ] GC(0) Concurrent update thread roots 0.290ms
[2026-04-03T02:17:19.260+0600][1.161s][info][gc,start    ] GC(0) Pause Final Update Refs
[2026-04-03T02:17:19.260+0600][1.161s][info][gc,task     ] GC(0) Using 5 of 6 workers for final reference update
[2026-04-03T02:17:19.260+0600][1.161s][info][gc          ] GC(0) Pause Final Update Refs 0.161ms
[2026-04-03T02:17:19.260+0600][1.162s][info][gc,start    ] GC(0) Concurrent cleanup
[2026-04-03T02:17:19.261+0600][1.162s][info][gc          ] GC(0) Concurrent cleanup 142M->12M(248M) 0.577ms
[2026-04-03T02:17:19.261+0600][1.162s][info][gc,ergo     ] Free: 699M, Max: 256K regular, 517M humongous, Frag: 27% external, 0% internal; Reserve: 38400K, Max: 256K
[2026-04-03T02:17:19.261+0600][1.162s][info][gc,stats    ] 
[2026-04-03T02:17:19.261+0600][1.162s][info][gc,stats    ] All times are wall-clock times, except per-root-class counters, that are sum over
[2026-04-03T02:17:19.261+0600][1.162s][info][gc,stats    ] all workers. Dividing the <total> over the root stage time estimates parallelism.
[2026-04-03T02:17:19.261+0600][1.162s][info][gc,stats    ] 
[2026-04-03T02:17:19.261+0600][1.162s][info][gc,stats    ] Concurrent Reset                    891 us
[2026-04-03T02:17:19.261+0600][1.162s][info][gc,stats    ] Pause Init Mark (G)                 604 us
[2026-04-03T02:17:19.261+0600][1.162s][info][gc,stats    ] Pause Init Mark (N)                 421 us
[2026-04-03T02:17:19.261+0600][1.162s][info][gc,stats    ]   Update Region States               28 us
[2026-04-03T02:17:19.261+0600][1.162s][info][gc,stats    ] Concurrent Mark Roots              1084 us, parallelism: 1.69x
[2026-04-03T02:17:19.261+0600][1.162s][info][gc,stats    ]   CMR: <total>                     1832 us
[2026-04-03T02:17:19.261+0600][1.162s][info][gc,stats    ]   CMR: Thread Roots                1102 us, workers (us): 319, 778,   5, ---, ---, ---, 
[2026-04-03T02:17:19.261+0600][1.162s][info][gc,stats    ]   CMR: VM Strong Roots              304 us, workers (us): 184,  85,  35, ---, ---, ---, 
[2026-04-03T02:17:19.261+0600][1.162s][info][gc,stats    ]   CMR: CLDG Roots                   426 us, workers (us): ---, ---, 426, ---, ---, ---, 
[2026-04-03T02:17:19.261+0600][1.162s][info][gc,stats    ] Concurrent Marking                 5591 us
[2026-04-03T02:17:19.261+0600][1.162s][info][gc,stats    ] Pause Final Mark (G)                715 us
[2026-04-03T02:17:19.261+0600][1.162s][info][gc,stats    ] Pause Final Mark (N)                449 us
[2026-04-03T02:17:19.261+0600][1.162s][info][gc,stats    ]   Finish Mark                       117 us
[2026-04-03T02:17:19.261+0600][1.162s][info][gc,stats    ]   Update Region States               34 us
[2026-04-03T02:17:19.261+0600][1.162s][info][gc,stats    ]   Choose Collection Set             192 us
[2026-04-03T02:17:19.261+0600][1.162s][info][gc,stats    ]   Rebuild Free Set                   27 us
[2026-04-03T02:17:19.261+0600][1.162s][info][gc,stats    ] Concurrent Thread Roots             238 us, parallelism: 0.74x
[2026-04-03T02:17:19.261+0600][1.162s][info][gc,stats    ]   CTR: <total>                      176 us
[2026-04-03T02:17:19.261+0600][1.162s][info][gc,stats    ]   CTR: Thread Roots                 176 us, workers (us):  88,  33,  54, ---, ---, ---, 
[2026-04-03T02:17:19.261+0600][1.162s][info][gc,stats    ] Concurrent Weak References          275 us, parallelism: 0.67x
[2026-04-03T02:17:19.261+0600][1.162s][info][gc,stats    ]   CWRF: <total>                     186 us
[2026-04-03T02:17:19.261+0600][1.162s][info][gc,stats    ]   CWRF: Weak References             186 us, workers (us): 183,   2,   0, ---, ---, ---, 
[2026-04-03T02:17:19.261+0600][1.162s][info][gc,stats    ] Concurrent Weak Roots               646 us
[2026-04-03T02:17:19.261+0600][1.162s][info][gc,stats    ]   Roots                             536 us, parallelism: 2.46x
[2026-04-03T02:17:19.261+0600][1.162s][info][gc,stats    ]     CWR: <total>                   1321 us
[2026-04-03T02:17:19.261+0600][1.162s][info][gc,stats    ]     CWR: Code Cache Roots           455 us, workers (us): 122, 144, 190, ---, ---, ---, 
[2026-04-03T02:17:19.261+0600][1.162s][info][gc,stats    ]     CWR: VM Weak Roots              862 us, workers (us): 299, 297, 266, ---, ---, ---, 
[2026-04-03T02:17:19.261+0600][1.162s][info][gc,stats    ]     CWR: CLDG Roots                   4 us, workers (us): ---, ---,   4, ---, ---, ---, 
[2026-04-03T02:17:19.261+0600][1.162s][info][gc,stats    ]   Rendezvous                         45 us
[2026-04-03T02:17:19.261+0600][1.162s][info][gc,stats    ] Concurrent Cleanup                  196 us
[2026-04-03T02:17:19.261+0600][1.162s][info][gc,stats    ] Concurrent Class Unloading         1394 us
[2026-04-03T02:17:19.261+0600][1.162s][info][gc,stats    ]   Unlink Stale                      979 us
[2026-04-03T02:17:19.261+0600][1.162s][info][gc,stats    ]     System Dictionary                20 us
[2026-04-03T02:17:19.261+0600][1.162s][info][gc,stats    ]     Weak Class Links                  0 us
[2026-04-03T02:17:19.261+0600][1.162s][info][gc,stats    ]     Code Roots                      956 us
[2026-04-03T02:17:19.261+0600][1.162s][info][gc,stats    ]   Rendezvous                        150 us
[2026-04-03T02:17:19.261+0600][1.162s][info][gc,stats    ]   Purge Unlinked                    190 us
[2026-04-03T02:17:19.261+0600][1.162s][info][gc,stats    ]     Code Roots                      184 us
[2026-04-03T02:17:19.261+0600][1.162s][info][gc,stats    ]     CLDG                              6 us
[2026-04-03T02:17:19.261+0600][1.162s][info][gc,stats    ]     Exception Caches                  0 us
[2026-04-03T02:17:19.261+0600][1.162s][info][gc,stats    ] Concurrent Strong Roots             648 us, parallelism: 0.87x
[2026-04-03T02:17:19.261+0600][1.162s][info][gc,stats    ]   CSR: <total>                      565 us
[2026-04-03T02:17:19.261+0600][1.162s][info][gc,stats    ]   CSR: VM Strong Roots               12 us, workers (us):  12,   0,   0, ---, ---, ---, 
[2026-04-03T02:17:19.261+0600][1.162s][info][gc,stats    ]   CSR: CLDG Roots                   552 us, workers (us): 552, ---, ---, ---, ---, ---, 
[2026-04-03T02:17:19.261+0600][1.162s][info][gc,stats    ] Concurrent Evacuation              3422 us
[2026-04-03T02:17:19.261+0600][1.162s][info][gc,stats    ] Pause Init Update Refs (G)          291 us
[2026-04-03T02:17:19.261+0600][1.162s][info][gc,stats    ] Pause Init Update Refs (N)           90 us
[2026-04-03T02:17:19.261+0600][1.162s][info][gc,stats    ]   Manage GCLABs                       6 us
[2026-04-03T02:17:19.261+0600][1.162s][info][gc,stats    ] Concurrent Update Refs             3520 us
[2026-04-03T02:17:19.261+0600][1.162s][info][gc,stats    ] Concurrent Update Thread Roots      361 us
[2026-04-03T02:17:19.261+0600][1.163s][info][gc,stats    ] Pause Final Update Refs (G)         463 us
[2026-04-03T02:17:19.261+0600][1.163s][info][gc,stats    ] Pause Final Update Refs (N)         177 us
[2026-04-03T02:17:19.261+0600][1.163s][info][gc,stats    ]   Update Region States               37 us
[2026-04-03T02:17:19.261+0600][1.163s][info][gc,stats    ]   Trash Collection Set               17 us
[2026-04-03T02:17:19.261+0600][1.163s][info][gc,stats    ]   Rebuild Free Set                   40 us
[2026-04-03T02:17:19.261+0600][1.163s][info][gc,stats    ] Concurrent Cleanup                  597 us
[2026-04-03T02:17:19.261+0600][1.163s][info][gc,stats    ] 
[2026-04-03T02:17:19.261+0600][1.163s][info][gc,stats    ] Allocation pacing accrued:
[2026-04-03T02:17:19.261+0600][1.163s][info][gc,stats    ]       0 of  1156 ms (  0.0%): <total>
[2026-04-03T02:17:19.261+0600][1.163s][info][gc,stats    ]       0 of  1156 ms (  0.0%): <average total>
[2026-04-03T02:17:19.261+0600][1.163s][info][gc,stats    ] 
[2026-04-03T02:17:19.262+0600][1.163s][info][gc,metaspace] Metaspace: 9574K(9792K)->9656K(9856K) NonClass: 8386K(8512K)->8443K(8576K) Class: 1187K(1280K)->1213K(1280K)
[2026-04-03T02:17:19.262+0600][1.163s][info][gc,ergo     ] Pacer for Idle. Initial: 15360K, Alloc Tax Rate: 1.0x
[2026-04-03T02:17:22.182+0600][4.083s][info][gc          ] Trigger: Metadata GC Threshold
[2026-04-03T02:17:22.182+0600][4.083s][info][gc,ergo     ] Free: 527M, Max: 256K regular, 517M humongous, Frag: 2% external, 0% internal; Reserve: 38400K, Max: 256K
[2026-04-03T02:17:22.182+0600][4.084s][info][gc,start    ] GC(1) Concurrent reset
[2026-04-03T02:17:22.182+0600][4.084s][info][gc,task     ] GC(1) Using 3 of 6 workers for concurrent reset
[2026-04-03T02:17:22.182+0600][4.084s][info][gc,ergo     ] GC(1) Pacer for Reset. Non-Taxable: 750M
[2026-04-03T02:17:22.185+0600][4.086s][info][gc          ] GC(1) Concurrent reset 2.572ms
[2026-04-03T02:17:22.185+0600][4.086s][info][gc,start    ] GC(1) Pause Init Mark (unload classes)
[2026-04-03T02:17:22.185+0600][4.086s][info][gc,task     ] GC(1) Using 5 of 6 workers for init marking
[2026-04-03T02:17:22.185+0600][4.087s][info][gc,ergo     ] GC(1) Pacer for Mark. Expected Live: 4003K, Free: 527M, Non-Taxable: 53995K, Alloc Tax Rate: 0.0x
[2026-04-03T02:17:22.185+0600][4.087s][info][gc          ] GC(1) Pause Init Mark (unload classes) 0.089ms
[2026-04-03T02:17:22.185+0600][4.087s][info][gc,start    ] GC(1) Concurrent marking roots
[2026-04-03T02:17:22.185+0600][4.087s][info][gc,task     ] GC(1) Using 3 of 6 workers for concurrent marking roots
[2026-04-03T02:17:22.188+0600][4.089s][info][gc          ] GC(1) Concurrent marking roots 2.643ms
[2026-04-03T02:17:22.188+0600][4.089s][info][gc,start    ] GC(1) Concurrent marking (unload classes)
[2026-04-03T02:17:22.188+0600][4.089s][info][gc,task     ] GC(1) Using 3 of 6 workers for concurrent marking
[2026-04-03T02:17:22.194+0600][4.096s][info][gc          ] GC(1) Concurrent marking (unload classes) 6.332ms
[2026-04-03T02:17:22.195+0600][4.096s][info][gc,start    ] GC(1) Pause Final Mark (unload classes)
[2026-04-03T02:17:22.195+0600][4.096s][info][gc,task     ] GC(1) Using 5 of 6 workers for final marking
[2026-04-03T02:17:22.195+0600][4.096s][info][gc,ergo     ] GC(1) Adaptive CSet Selection. Target Free: 106M, Actual Free: 607M, Max CSet: 32000K, Min Garbage: 0B
[2026-04-03T02:17:22.195+0600][4.096s][info][gc,ergo     ] GC(1) Collectable Garbage: 164M (99%), Immediate: 43772K (25%), CSet: 121M (73%)
[2026-04-03T02:17:22.195+0600][4.096s][info][gc,ergo     ] GC(1) Pacer for Evacuation. Used CSet: 128M, Free: 570M, Non-Taxable: 58376K, Alloc Tax Rate: 1.1x
[2026-04-03T02:17:22.195+0600][4.096s][info][gc          ] GC(1) Pause Final Mark (unload classes) 0.497ms
[2026-04-03T02:17:22.195+0600][4.096s][info][gc,start    ] GC(1) Concurrent thread roots
[2026-04-03T02:17:22.195+0600][4.096s][info][gc,task     ] GC(1) Using 3 of 6 workers for Concurrent thread roots
[2026-04-03T02:17:22.196+0600][4.097s][info][gc          ] GC(1) Concurrent thread roots 0.424ms
[2026-04-03T02:17:22.196+0600][4.097s][info][gc,start    ] GC(1) Concurrent weak references
[2026-04-03T02:17:22.196+0600][4.097s][info][gc,task     ] GC(1) Using 3 of 6 workers for concurrent weak references
[2026-04-03T02:17:22.196+0600][4.097s][info][gc,ref      ] GC(1) Encountered references: Soft: 3500, Weak: 1217, Final: 0, Phantom: 563
[2026-04-03T02:17:22.196+0600][4.097s][info][gc,ref      ] GC(1) Discovered  references: Soft: 0, Weak: 845, Final: 0, Phantom: 561
[2026-04-03T02:17:22.196+0600][4.097s][info][gc,ref      ] GC(1) Enqueued    references: Soft: 0, Weak: 209, Final: 0, Phantom: 0
[2026-04-03T02:17:22.196+0600][4.097s][info][gc          ] GC(1) Concurrent weak references 0.439ms
[2026-04-03T02:17:22.196+0600][4.097s][info][gc,start    ] GC(1) Concurrent weak roots
[2026-04-03T02:17:22.196+0600][4.097s][info][gc,task     ] GC(1) Using 3 of 6 workers for concurrent weak root
[2026-04-03T02:17:22.197+0600][4.098s][info][gc          ] GC(1) Concurrent weak roots 0.887ms
[2026-04-03T02:17:22.197+0600][4.098s][info][gc,start    ] GC(1) Concurrent cleanup
[2026-04-03T02:17:22.197+0600][4.098s][info][gc          ] GC(1) Concurrent cleanup 183M->140M(249M) 0.175ms
[2026-04-03T02:17:22.197+0600][4.098s][info][gc,ergo     ] GC(1) Free: 570M, Max: 256K regular, 517M humongous, Frag: 10% external, 0% internal; Reserve: 38111K, Max: 256K
[2026-04-03T02:17:22.197+0600][4.098s][info][gc,start    ] GC(1) Concurrent class unloading
[2026-04-03T02:17:22.197+0600][4.098s][info][gc,task     ] GC(1) Using 3 of 6 workers for concurrent class unloading
[2026-04-03T02:17:22.199+0600][4.100s][info][gc          ] GC(1) Concurrent class unloading 1.699ms
[2026-04-03T02:17:22.199+0600][4.100s][info][gc,start    ] GC(1) Concurrent strong roots
[2026-04-03T02:17:22.199+0600][4.100s][info][gc,task     ] GC(1) Using 3 of 6 workers for concurrent strong root
[2026-04-03T02:17:22.200+0600][4.101s][info][gc          ] GC(1) Concurrent strong roots 0.738ms
[2026-04-03T02:17:22.200+0600][4.101s][info][gc,start    ] GC(1) Concurrent evacuation
[2026-04-03T02:17:22.200+0600][4.101s][info][gc,task     ] GC(1) Using 3 of 6 workers for concurrent evacuation
[2026-04-03T02:17:22.204+0600][4.105s][info][gc          ] GC(1) Concurrent evacuation 4.125ms
[2026-04-03T02:17:22.204+0600][4.105s][info][gc,start    ] GC(1) Pause Init Update Refs
[2026-04-03T02:17:22.204+0600][4.105s][info][gc,ergo     ] GC(1) Pacer for Update Refs. Used: 149M, Free: 569M, Non-Taxable: 58351K, Alloc Tax Rate: 1.1x
[2026-04-03T02:17:22.204+0600][4.105s][info][gc          ] GC(1) Pause Init Update Refs 0.050ms
[2026-04-03T02:17:22.204+0600][4.105s][info][gc,start    ] GC(1) Concurrent update references
[2026-04-03T02:17:22.204+0600][4.105s][info][gc,task     ] GC(1) Using 3 of 6 workers for concurrent reference update
[2026-04-03T02:17:22.208+0600][4.109s][info][gc          ] GC(1) Concurrent update references 3.830ms
[2026-04-03T02:17:22.208+0600][4.109s][info][gc,start    ] GC(1) Concurrent update thread roots
[2026-04-03T02:17:22.209+0600][4.110s][info][gc          ] GC(1) Concurrent update thread roots 0.887ms
[2026-04-03T02:17:22.209+0600][4.110s][info][gc,start    ] GC(1) Pause Final Update Refs
[2026-04-03T02:17:22.209+0600][4.110s][info][gc,task     ] GC(1) Using 6 of 6 workers for final reference update
[2026-04-03T02:17:22.209+0600][4.111s][info][gc          ] GC(1) Pause Final Update Refs 0.321ms
[2026-04-03T02:17:22.209+0600][4.111s][info][gc,start    ] GC(1) Concurrent cleanup
[2026-04-03T02:17:22.210+0600][4.111s][info][gc          ] GC(1) Concurrent cleanup 149M->20M(257M) 0.271ms
[2026-04-03T02:17:22.210+0600][4.111s][info][gc,ergo     ] Free: 690M, Max: 256K regular, 522M humongous, Frag: 25% external, 0% internal; Reserve: 38400K, Max: 256K
[2026-04-03T02:17:22.210+0600][4.111s][info][gc,stats    ] 
[2026-04-03T02:17:22.210+0600][4.111s][info][gc,stats    ] All times are wall-clock times, except per-root-class counters, that are sum over
[2026-04-03T02:17:22.210+0600][4.111s][info][gc,stats    ] all workers. Dividing the <total> over the root stage time estimates parallelism.
[2026-04-03T02:17:22.210+0600][4.111s][info][gc,stats    ] 
[2026-04-03T02:17:22.210+0600][4.111s][info][gc,stats    ] Concurrent Reset                   2617 us
[2026-04-03T02:17:22.210+0600][4.111s][info][gc,stats    ] Pause Init Mark (G)                 421 us
[2026-04-03T02:17:22.210+0600][4.111s][info][gc,stats    ] Pause Init Mark (N)                  98 us
[2026-04-03T02:17:22.210+0600][4.111s][info][gc,stats    ]   Update Region States               17 us
[2026-04-03T02:17:22.210+0600][4.111s][info][gc,stats    ] Concurrent Mark Roots              2699 us, parallelism: 1.11x
[2026-04-03T02:17:22.210+0600][4.111s][info][gc,stats    ]   CMR: <total>                     2991 us
[2026-04-03T02:17:22.210+0600][4.111s][info][gc,stats    ]   CMR: Thread Roots                2521 us, workers (us):  99,   0, 2422, ---, ---, ---, 
[2026-04-03T02:17:22.210+0600][4.111s][info][gc,stats    ]   CMR: VM Strong Roots              154 us, workers (us): 146,   4,   4, ---, ---, ---, 
[2026-04-03T02:17:22.210+0600][4.111s][info][gc,stats    ]   CMR: CLDG Roots                   316 us, workers (us): ---, 316, ---, ---, ---, ---, 
[2026-04-03T02:17:22.210+0600][4.111s][info][gc,stats    ] Concurrent Marking                 6389 us
[2026-04-03T02:17:22.210+0600][4.111s][info][gc,stats    ] Pause Final Mark (G)                645 us
[2026-04-03T02:17:22.210+0600][4.111s][info][gc,stats    ] Pause Final Mark (N)                509 us
[2026-04-03T02:17:22.210+0600][4.111s][info][gc,stats    ]   Finish Mark                       182 us
[2026-04-03T02:17:22.210+0600][4.111s][info][gc,stats    ]   Update Region States               32 us
[2026-04-03T02:17:22.210+0600][4.111s][info][gc,stats    ]   Choose Collection Set             191 us
[2026-04-03T02:17:22.210+0600][4.111s][info][gc,stats    ]   Rebuild Free Set                   25 us
[2026-04-03T02:17:22.210+0600][4.111s][info][gc,stats    ] Concurrent Thread Roots             455 us, parallelism: 0.91x
[2026-04-03T02:17:22.210+0600][4.111s][info][gc,stats    ]   CTR: <total>                      416 us
[2026-04-03T02:17:22.210+0600][4.111s][info][gc,stats    ]   CTR: Thread Roots                 416 us, workers (us): 321,  87,   7, ---, ---, ---, 
[2026-04-03T02:17:22.210+0600][4.111s][info][gc,stats    ] Concurrent Weak References          450 us, parallelism: 0.76x
[2026-04-03T02:17:22.210+0600][4.111s][info][gc,stats    ]   CWRF: <total>                     343 us
[2026-04-03T02:17:22.210+0600][4.111s][info][gc,stats    ]   CWRF: Weak References             343 us, workers (us): 173, 152,  19, ---, ---, ---, 
[2026-04-03T02:17:22.210+0600][4.111s][info][gc,stats    ] Concurrent Weak Roots               933 us
[2026-04-03T02:17:22.210+0600][4.111s][info][gc,stats    ]   Roots                             743 us, parallelism: 2.28x
[2026-04-03T02:17:22.210+0600][4.111s][info][gc,stats    ]     CWR: <total>                   1694 us
[2026-04-03T02:17:22.210+0600][4.111s][info][gc,stats    ]     CWR: Code Cache Roots           793 us, workers (us): 265, 280, 248, ---, ---, ---, 
[2026-04-03T02:17:22.210+0600][4.111s][info][gc,stats    ]     CWR: VM Weak Roots              892 us, workers (us): 301, 295, 296, ---, ---, ---, 
[2026-04-03T02:17:22.210+0600][4.111s][info][gc,stats    ]     CWR: CLDG Roots                  10 us, workers (us): ---,  10, ---, ---, ---, ---, 
[2026-04-03T02:17:22.210+0600][4.111s][info][gc,stats    ]   Rendezvous                        122 us
[2026-04-03T02:17:22.210+0600][4.111s][info][gc,stats    ] Concurrent Cleanup                  186 us
[2026-04-03T02:17:22.210+0600][4.111s][info][gc,stats    ] Concurrent Class Unloading         1742 us
[2026-04-03T02:17:22.210+0600][4.111s][info][gc,stats    ]   Unlink Stale                     1213 us
[2026-04-03T02:17:22.210+0600][4.111s][info][gc,stats    ]     System Dictionary                12 us
[2026-04-03T02:17:22.210+0600][4.111s][info][gc,stats    ]     Weak Class Links                  0 us
[2026-04-03T02:17:22.210+0600][4.111s][info][gc,stats    ]     Code Roots                     1198 us
[2026-04-03T02:17:22.210+0600][4.111s][info][gc,stats    ]   Rendezvous                         91 us
[2026-04-03T02:17:22.210+0600][4.111s][info][gc,stats    ]   Purge Unlinked                    370 us
[2026-04-03T02:17:22.210+0600][4.111s][info][gc,stats    ]     Code Roots                      359 us
[2026-04-03T02:17:22.210+0600][4.111s][info][gc,stats    ]     CLDG                             11 us
[2026-04-03T02:17:22.210+0600][4.111s][info][gc,stats    ]     Exception Caches                  0 us
[2026-04-03T02:17:22.210+0600][4.111s][info][gc,stats    ] Concurrent Strong Roots             788 us, parallelism: 0.85x
[2026-04-03T02:17:22.210+0600][4.111s][info][gc,stats    ]   CSR: <total>                      668 us
[2026-04-03T02:17:22.210+0600][4.111s][info][gc,stats    ]   CSR: VM Strong Roots                9 us, workers (us):   8,   0,   0, ---, ---, ---, 
[2026-04-03T02:17:22.210+0600][4.111s][info][gc,stats    ]   CSR: CLDG Roots                   659 us, workers (us): 659, ---, ---, ---, ---, ---, 
[2026-04-03T02:17:22.210+0600][4.111s][info][gc,stats    ] Concurrent Evacuation              4180 us
[2026-04-03T02:17:22.210+0600][4.111s][info][gc,stats    ] Pause Init Update Refs (G)          231 us
[2026-04-03T02:17:22.210+0600][4.111s][info][gc,stats    ] Pause Init Update Refs (N)           61 us
[2026-04-03T02:17:22.210+0600][4.111s][info][gc,stats    ]   Manage GCLABs                       5 us
[2026-04-03T02:17:22.210+0600][4.111s][info][gc,stats    ] Concurrent Update Refs             3892 us
[2026-04-03T02:17:22.210+0600][4.111s][info][gc,stats    ] Concurrent Update Thread Roots      920 us
[2026-04-03T02:17:22.210+0600][4.111s][info][gc,stats    ] Pause Final Update Refs (G)         451 us
[2026-04-03T02:17:22.210+0600][4.111s][info][gc,stats    ] Pause Final Update Refs (N)         336 us
[2026-04-03T02:17:22.210+0600][4.111s][info][gc,stats    ]   Update Region States               36 us
[2026-04-03T02:17:22.210+0600][4.111s][info][gc,stats    ]   Trash Collection Set               14 us
[2026-04-03T02:17:22.210+0600][4.111s][info][gc,stats    ]   Rebuild Free Set                   31 us
[2026-04-03T02:17:22.210+0600][4.111s][info][gc,stats    ] Concurrent Cleanup                  292 us
[2026-04-03T02:17:22.210+0600][4.111s][info][gc,stats    ] 
[2026-04-03T02:17:22.210+0600][4.112s][info][gc,stats    ] Allocation pacing accrued:
[2026-04-03T02:17:22.210+0600][4.112s][info][gc,stats    ]       0 of  2949 ms (  0.0%): <total>
[2026-04-03T02:17:22.210+0600][4.112s][info][gc,stats    ]       0 of  2949 ms (  0.0%): <average total>
[2026-04-03T02:17:22.210+0600][4.112s][info][gc,stats    ] 
[2026-04-03T02:17:22.210+0600][4.112s][info][gc,metaspace] Metaspace: 21265K(21568K)->21473K(21824K) NonClass: 18613K(18752K)->18785K(18944K) Class: 2651K(2816K)->2688K(2880K)
[2026-04-03T02:17:22.211+0600][4.112s][info][gc,ergo     ] Pacer for Idle. Initial: 15360K, Alloc Tax Rate: 1.0x
[2026-04-03T02:17:25.052+0600][6.954s][info][gc          ] Trigger: Metadata GC Threshold
[2026-04-03T02:17:25.053+0600][6.954s][info][gc,ergo     ] Free: 572M, Max: 256K regular, 522M humongous, Frag: 9% external, 0% internal; Reserve: 38400K, Max: 256K
[2026-04-03T02:17:25.053+0600][6.954s][info][gc,start    ] GC(2) Concurrent reset
[2026-04-03T02:17:25.053+0600][6.954s][info][gc,task     ] GC(2) Using 3 of 6 workers for concurrent reset
[2026-04-03T02:17:25.053+0600][6.954s][info][gc,ergo     ] GC(2) Pacer for Reset. Non-Taxable: 750M
[2026-04-03T02:17:25.054+0600][6.955s][info][gc          ] GC(2) Concurrent reset 1.114ms
[2026-04-03T02:17:25.054+0600][6.955s][info][gc,start    ] GC(2) Pause Init Mark (unload classes)
[2026-04-03T02:17:25.054+0600][6.955s][info][gc,task     ] GC(2) Using 6 of 6 workers for init marking
[2026-04-03T02:17:25.054+0600][6.955s][info][gc,ergo     ] GC(2) Pacer for Mark. Expected Live: 11170K, Free: 572M, Non-Taxable: 58603K, Alloc Tax Rate: 0.0x
[2026-04-03T02:17:25.054+0600][6.955s][info][gc          ] GC(2) Pause Init Mark (unload classes) 0.146ms
[2026-04-03T02:17:25.054+0600][6.955s][info][gc,start    ] GC(2) Concurrent marking roots
[2026-04-03T02:17:25.054+0600][6.955s][info][gc,task     ] GC(2) Using 3 of 6 workers for concurrent marking roots
[2026-04-03T02:17:25.055+0600][6.956s][info][gc          ] GC(2) Concurrent marking roots 1.011ms
[2026-04-03T02:17:25.055+0600][6.956s][info][gc,start    ] GC(2) Concurrent marking (unload classes)
[2026-04-03T02:17:25.055+0600][6.956s][info][gc,task     ] GC(2) Using 3 of 6 workers for concurrent marking
[2026-04-03T02:17:25.066+0600][6.967s][info][gc          ] GC(2) Concurrent marking (unload classes) 11.005ms
[2026-04-03T02:17:25.066+0600][6.967s][info][gc,start    ] GC(2) Pause Final Mark (unload classes)
[2026-04-03T02:17:25.066+0600][6.968s][info][gc,task     ] GC(2) Using 6 of 6 workers for final marking
[2026-04-03T02:17:25.067+0600][6.968s][info][gc,ergo     ] GC(2) Adaptive CSet Selection. Target Free: 106M, Actual Free: 638M, Max CSet: 32000K, Min Garbage: 0B
[2026-04-03T02:17:25.067+0600][6.968s][info][gc,ergo     ] GC(2) Collectable Garbage: 113M (99%), Immediate: 30087K (25%), CSet: 86351K (73%)
[2026-04-03T02:17:25.067+0600][6.968s][info][gc,ergo     ] GC(2) Pacer for Evacuation. Used CSet: 91586K, Free: 603M, Non-Taxable: 61747K, Alloc Tax Rate: 1.1x
[2026-04-03T02:17:25.067+0600][6.968s][info][gc          ] GC(2) Pause Final Mark (unload classes) 0.576ms
[2026-04-03T02:17:25.067+0600][6.968s][info][gc,start    ] GC(2) Concurrent thread roots
[2026-04-03T02:17:25.067+0600][6.968s][info][gc,task     ] GC(2) Using 3 of 6 workers for Concurrent thread roots
[2026-04-03T02:17:25.068+0600][6.969s][info][gc          ] GC(2) Concurrent thread roots 0.519ms
[2026-04-03T02:17:25.068+0600][6.969s][info][gc,start    ] GC(2) Concurrent weak references
[2026-04-03T02:17:25.068+0600][6.969s][info][gc,task     ] GC(2) Using 3 of 6 workers for concurrent weak references
[2026-04-03T02:17:25.068+0600][6.969s][info][gc,ref      ] GC(2) Encountered references: Soft: 3856, Weak: 2535, Final: 80, Phantom: 569
[2026-04-03T02:17:25.068+0600][6.969s][info][gc,ref      ] GC(2) Discovered  references: Soft: 0, Weak: 641, Final: 0, Phantom: 519
[2026-04-03T02:17:25.068+0600][6.969s][info][gc,ref      ] GC(2) Enqueued    references: Soft: 0, Weak: 478, Final: 0, Phantom: 1
[2026-04-03T02:17:25.068+0600][6.969s][info][gc          ] GC(2) Concurrent weak references 0.395ms
[2026-04-03T02:17:25.068+0600][6.969s][info][gc,start    ] GC(2) Concurrent weak roots
[2026-04-03T02:17:25.068+0600][6.969s][info][gc,task     ] GC(2) Using 3 of 6 workers for concurrent weak root
[2026-04-03T02:17:25.070+0600][6.971s][info][gc          ] GC(2) Concurrent weak roots 1.427ms
[2026-04-03T02:17:25.070+0600][6.971s][info][gc,start    ] GC(2) Concurrent cleanup
[2026-04-03T02:17:25.070+0600][6.971s][info][gc          ] GC(2) Concurrent cleanup 138M->108M(257M) 0.596ms
[2026-04-03T02:17:25.070+0600][6.971s][info][gc,ergo     ] GC(2) Free: 602M, Max: 256K regular, 522M humongous, Frag: 14% external, 0% internal; Reserve: 37888K, Max: 256K
[2026-04-03T02:17:25.070+0600][6.971s][info][gc,start    ] GC(2) Concurrent class unloading
[2026-04-03T02:17:25.070+0600][6.971s][info][gc,task     ] GC(2) Using 3 of 6 workers for concurrent class unloading
[2026-04-03T02:17:25.074+0600][6.975s][info][gc          ] GC(2) Concurrent class unloading 3.456ms
[2026-04-03T02:17:25.074+0600][6.975s][info][gc,start    ] GC(2) Concurrent strong roots
[2026-04-03T02:17:25.074+0600][6.975s][info][gc,task     ] GC(2) Using 3 of 6 workers for concurrent strong root
[2026-04-03T02:17:25.075+0600][6.976s][info][gc          ] GC(2) Concurrent strong roots 0.998ms
[2026-04-03T02:17:25.075+0600][6.976s][info][gc,start    ] GC(2) Concurrent evacuation
[2026-04-03T02:17:25.075+0600][6.976s][info][gc,task     ] GC(2) Using 3 of 6 workers for concurrent evacuation
[2026-04-03T02:17:25.080+0600][6.981s][info][gc          ] GC(2) Concurrent evacuation 4.590ms
[2026-04-03T02:17:25.080+0600][6.981s][info][gc,start    ] GC(2) Pause Init Update Refs
[2026-04-03T02:17:25.080+0600][6.981s][info][gc,ergo     ] GC(2) Pacer for Update Refs. Used: 114M, Free: 602M, Non-Taxable: 61678K, Alloc Tax Rate: 1.1x
[2026-04-03T02:17:25.080+0600][6.981s][info][gc          ] GC(2) Pause Init Update Refs 0.096ms
[2026-04-03T02:17:25.080+0600][6.981s][info][gc,start    ] GC(2) Concurrent update references
[2026-04-03T02:17:25.080+0600][6.981s][info][gc,task     ] GC(2) Using 3 of 6 workers for concurrent reference update
[2026-04-03T02:17:25.087+0600][6.988s][info][gc          ] GC(2) Concurrent update references 7.044ms
[2026-04-03T02:17:25.087+0600][6.988s][info][gc,start    ] GC(2) Concurrent update thread roots
[2026-04-03T02:17:25.088+0600][6.989s][info][gc          ] GC(2) Concurrent update thread roots 0.477ms
[2026-04-03T02:17:25.088+0600][6.989s][info][gc,start    ] GC(2) Pause Final Update Refs
[2026-04-03T02:17:25.088+0600][6.989s][info][gc,task     ] GC(2) Using 6 of 6 workers for final reference update
[2026-04-03T02:17:25.088+0600][6.989s][info][gc          ] GC(2) Pause Final Update Refs 0.194ms
[2026-04-03T02:17:25.088+0600][6.989s][info][gc,start    ] GC(2) Concurrent cleanup
[2026-04-03T02:17:25.088+0600][6.989s][info][gc          ] GC(2) Concurrent cleanup 115M->25M(263M) 0.280ms
[2026-04-03T02:17:25.088+0600][6.989s][info][gc,ergo     ] Free: 685M, Max: 256K regular, 539M humongous, Frag: 22% external, 0% internal; Reserve: 38400K, Max: 256K
[2026-04-03T02:17:25.088+0600][6.990s][info][gc,stats    ] 
[2026-04-03T02:17:25.088+0600][6.990s][info][gc,stats    ] All times are wall-clock times, except per-root-class counters, that are sum over
[2026-04-03T02:17:25.088+0600][6.990s][info][gc,stats    ] all workers. Dividing the <total> over the root stage time estimates parallelism.
[2026-04-03T02:17:25.088+0600][6.990s][info][gc,stats    ] 
[2026-04-03T02:17:25.088+0600][6.990s][info][gc,stats    ] Concurrent Reset                   1171 us
[2026-04-03T02:17:25.088+0600][6.990s][info][gc,stats    ] Pause Init Mark (G)                 379 us
[2026-04-03T02:17:25.088+0600][6.990s][info][gc,stats    ] Pause Init Mark (N)                 158 us
[2026-04-03T02:17:25.088+0600][6.990s][info][gc,stats    ]   Update Region States               34 us
[2026-04-03T02:17:25.088+0600][6.990s][info][gc,stats    ] Concurrent Mark Roots              1043 us, parallelism: 2.29x
[2026-04-03T02:17:25.089+0600][6.990s][info][gc,stats    ]   CMR: <total>                     2390 us
[2026-04-03T02:17:25.089+0600][6.990s][info][gc,stats    ]   CMR: Thread Roots                1946 us, workers (us): 484, 728, 734, ---, ---, ---, 
[2026-04-03T02:17:25.089+0600][6.990s][info][gc,stats    ]   CMR: VM Strong Roots              157 us, workers (us):  84,  44,  29, ---, ---, ---, 
[2026-04-03T02:17:25.089+0600][6.990s][info][gc,stats    ]   CMR: CLDG Roots                   287 us, workers (us): 287, ---, ---, ---, ---, ---, 
[2026-04-03T02:17:25.089+0600][6.990s][info][gc,stats    ] Concurrent Marking                11081 us
[2026-04-03T02:17:25.089+0600][6.990s][info][gc,stats    ] Pause Final Mark (G)                864 us
[2026-04-03T02:17:25.089+0600][6.990s][info][gc,stats    ] Pause Final Mark (N)                608 us
[2026-04-03T02:17:25.089+0600][6.990s][info][gc,stats    ]   Finish Mark                       263 us
[2026-04-03T02:17:25.089+0600][6.990s][info][gc,stats    ]   Update Region States               37 us
[2026-04-03T02:17:25.089+0600][6.990s][info][gc,stats    ]   Choose Collection Set             157 us
[2026-04-03T02:17:25.089+0600][6.990s][info][gc,stats    ]   Rebuild Free Set                   31 us
[2026-04-03T02:17:25.089+0600][6.990s][info][gc,stats    ] Concurrent Thread Roots             567 us, parallelism: 1.13x
[2026-04-03T02:17:25.089+0600][6.990s][info][gc,stats    ]   CTR: <total>                      639 us
[2026-04-03T02:17:25.089+0600][6.990s][info][gc,stats    ]   CTR: Thread Roots                 639 us, workers (us): 279, 192, 167, ---, ---, ---, 
[2026-04-03T02:17:25.089+0600][6.990s][info][gc,stats    ] Concurrent Weak References          408 us, parallelism: 0.69x
[2026-04-03T02:17:25.089+0600][6.990s][info][gc,stats    ]   CWRF: <total>                     280 us
[2026-04-03T02:17:25.089+0600][6.990s][info][gc,stats    ]   CWRF: Weak References             280 us, workers (us): 165,  61,  54, ---, ---, ---, 
[2026-04-03T02:17:25.089+0600][6.990s][info][gc,stats    ] Concurrent Weak Roots              1489 us
[2026-04-03T02:17:25.089+0600][6.990s][info][gc,stats    ]   Roots                            1007 us, parallelism: 2.29x
[2026-04-03T02:17:25.089+0600][6.990s][info][gc,stats    ]     CWR: <total>                   2301 us
[2026-04-03T02:17:25.089+0600][6.990s][info][gc,stats    ]     CWR: Code Cache Roots           330 us, workers (us): 117, 102, 111, ---, ---, ---, 
[2026-04-03T02:17:25.089+0600][6.990s][info][gc,stats    ]     CWR: VM Weak Roots             1944 us, workers (us): 670, 658, 617, ---, ---, ---, 
[2026-04-03T02:17:25.089+0600][6.990s][info][gc,stats    ]     CWR: CLDG Roots                  26 us, workers (us): ---, ---,  26, ---, ---, ---, 
[2026-04-03T02:17:25.089+0600][6.990s][info][gc,stats    ]   Rendezvous                        387 us
[2026-04-03T02:17:25.089+0600][6.990s][info][gc,stats    ] Concurrent Cleanup                  669 us
[2026-04-03T02:17:25.089+0600][6.990s][info][gc,stats    ] Concurrent Class Unloading         3517 us
[2026-04-03T02:17:25.089+0600][6.990s][info][gc,stats    ]   Unlink Stale                     2351 us
[2026-04-03T02:17:25.089+0600][6.990s][info][gc,stats    ]     System Dictionary                24 us
[2026-04-03T02:17:25.089+0600][6.990s][info][gc,stats    ]     Weak Class Links                  0 us
[2026-04-03T02:17:25.089+0600][6.990s][info][gc,stats    ]     Code Roots                     2324 us
[2026-04-03T02:17:25.089+0600][6.990s][info][gc,stats    ]   Rendezvous                        243 us
[2026-04-03T02:17:25.089+0600][6.990s][info][gc,stats    ]   Purge Unlinked                    836 us
[2026-04-03T02:17:25.089+0600][6.990s][info][gc,stats    ]     Code Roots                      822 us
[2026-04-03T02:17:25.089+0600][6.990s][info][gc,stats    ]     CLDG                             14 us
[2026-04-03T02:17:25.089+0600][6.990s][info][gc,stats    ]     Exception Caches                  0 us
[2026-04-03T02:17:25.089+0600][6.990s][info][gc,stats    ] Concurrent Strong Roots            1064 us, parallelism: 0.82x
[2026-04-03T02:17:25.089+0600][6.990s][info][gc,stats    ]   CSR: <total>                      876 us
[2026-04-03T02:17:25.089+0600][6.990s][info][gc,stats    ]   CSR: VM Strong Roots               31 us, workers (us):  29,   1,   0, ---, ---, ---, 
[2026-04-03T02:17:25.089+0600][6.990s][info][gc,stats    ]   CSR: CLDG Roots                   845 us, workers (us): 845, ---, ---, ---, ---, ---, 
[2026-04-03T02:17:25.089+0600][6.990s][info][gc,stats    ] Concurrent Evacuation              4667 us
[2026-04-03T02:17:25.089+0600][6.990s][info][gc,stats    ] Pause Init Update Refs (G)          291 us
[2026-04-03T02:17:25.089+0600][6.990s][info][gc,stats    ] Pause Init Update Refs (N)          107 us
[2026-04-03T02:17:25.089+0600][6.990s][info][gc,stats    ]   Manage GCLABs                      11 us
[2026-04-03T02:17:25.089+0600][6.990s][info][gc,stats    ] Concurrent Update Refs             7136 us
[2026-04-03T02:17:25.089+0600][6.990s][info][gc,stats    ] Concurrent Update Thread Roots      517 us
[2026-04-03T02:17:25.089+0600][6.990s][info][gc,stats    ] Pause Final Update Refs (G)         433 us
[2026-04-03T02:17:25.089+0600][6.990s][info][gc,stats    ] Pause Final Update Refs (N)         208 us
[2026-04-03T02:17:25.089+0600][6.990s][info][gc,stats    ]   Update Region States               51 us
[2026-04-03T02:17:25.089+0600][6.990s][info][gc,stats    ]   Trash Collection Set               12 us
[2026-04-03T02:17:25.089+0600][6.990s][info][gc,stats    ]   Rebuild Free Set                   36 us
[2026-04-03T02:17:25.089+0600][6.990s][info][gc,stats    ] Concurrent Cleanup                  306 us
[2026-04-03T02:17:25.089+0600][6.990s][info][gc,stats    ] 
[2026-04-03T02:17:25.089+0600][6.990s][info][gc,stats    ] Allocation pacing accrued:
[2026-04-03T02:17:25.089+0600][6.990s][info][gc,stats    ]       0 of  2879 ms (  0.0%): <total>
[2026-04-03T02:17:25.089+0600][6.990s][info][gc,stats    ]       0 of  2879 ms (  0.0%): <average total>
[2026-04-03T02:17:25.089+0600][6.990s][info][gc,stats    ] 
[2026-04-03T02:17:25.089+0600][6.990s][info][gc,metaspace] Metaspace: 36110K(36480K)->36376K(36736K) NonClass: 31618K(31808K)->31853K(32064K) Class: 4491K(4672K)->4523K(4672K)
[2026-04-03T02:17:25.089+0600][6.990s][info][gc,ergo     ] Pacer for Idle. Initial: 15360K, Alloc Tax Rate: 1.0x
[2026-04-03T02:17:28.945+0600][10.846s][info][gc          ] Trigger: Learning 4 of 5. Free (524M) is below initial threshold (525M)
[2026-04-03T02:17:28.945+0600][10.846s][info][gc,ergo     ] Free: 524M, Max: 256K regular, 524M humongous, Frag: 0% external, 0% internal; Reserve: 38400K, Max: 256K
[2026-04-03T02:17:28.945+0600][10.846s][info][gc,start    ] GC(3) Concurrent reset
[2026-04-03T02:17:28.945+0600][10.846s][info][gc,task     ] GC(3) Using 3 of 6 workers for concurrent reset
[2026-04-03T02:17:28.945+0600][10.846s][info][gc,ergo     ] GC(3) Pacer for Reset. Non-Taxable: 750M
[2026-04-03T02:17:28.946+0600][10.847s][info][gc          ] GC(3) Concurrent reset 0.872ms
[2026-04-03T02:17:28.946+0600][10.848s][info][gc,start    ] GC(3) Pause Init Mark (unload classes)
[2026-04-03T02:17:28.947+0600][10.848s][info][gc,task     ] GC(3) Using 6 of 6 workers for init marking
[2026-04-03T02:17:28.947+0600][10.848s][info][gc,ergo     ] GC(3) Pacer for Mark. Expected Live: 14765K, Free: 524M, Non-Taxable: 53736K, Alloc Tax Rate: 0.0x
[2026-04-03T02:17:28.947+0600][10.848s][info][gc          ] GC(3) Pause Init Mark (unload classes) 0.148ms
[2026-04-03T02:17:28.947+0600][10.848s][info][gc,start    ] GC(3) Concurrent marking roots
[2026-04-03T02:17:28.947+0600][10.848s][info][gc,task     ] GC(3) Using 3 of 6 workers for concurrent marking roots
[2026-04-03T02:17:28.949+0600][10.850s][info][gc          ] GC(3) Concurrent marking roots 2.019ms
[2026-04-03T02:17:28.949+0600][10.850s][info][gc,start    ] GC(3) Concurrent marking (unload classes)
[2026-04-03T02:17:28.949+0600][10.850s][info][gc,task     ] GC(3) Using 3 of 6 workers for concurrent marking
[2026-04-03T02:17:28.966+0600][10.868s][info][gc          ] GC(3) Concurrent marking (unload classes) 17.653ms
[2026-04-03T02:17:28.967+0600][10.868s][info][gc,start    ] GC(3) Pause Final Mark (unload classes)
[2026-04-03T02:17:28.967+0600][10.868s][info][gc,task     ] GC(3) Using 6 of 6 workers for final marking
[2026-04-03T02:17:28.967+0600][10.868s][info][gc,ergo     ] GC(3) Adaptive CSet Selection. Target Free: 106M, Actual Free: 597M, Max CSet: 32000K, Min Garbage: 0B
[2026-04-03T02:17:28.967+0600][10.868s][info][gc,ergo     ] GC(3) Collectable Garbage: 151M (98%), Immediate: 36820K (23%), CSet: 115M (75%)
[2026-04-03T02:17:28.967+0600][10.868s][info][gc,ergo     ] GC(3) Pacer for Evacuation. Used CSet: 120M, Free: 564M, Non-Taxable: 57766K, Alloc Tax Rate: 1.1x
[2026-04-03T02:17:28.967+0600][10.868s][info][gc          ] GC(3) Pause Final Mark (unload classes) 0.599ms
[2026-04-03T02:17:28.967+0600][10.868s][info][gc,start    ] GC(3) Concurrent thread roots
[2026-04-03T02:17:28.967+0600][10.868s][info][gc,task     ] GC(3) Using 3 of 6 workers for Concurrent thread roots
[2026-04-03T02:17:28.968+0600][10.869s][info][gc          ] GC(3) Concurrent thread roots 0.679ms
[2026-04-03T02:17:28.968+0600][10.869s][info][gc,start    ] GC(3) Concurrent weak references
[2026-04-03T02:17:28.968+0600][10.869s][info][gc,task     ] GC(3) Using 3 of 6 workers for concurrent weak references
[2026-04-03T02:17:28.969+0600][10.870s][info][gc,ref      ] GC(3) Encountered references: Soft: 4001, Weak: 3847, Final: 82, Phantom: 588
[2026-04-03T02:17:28.969+0600][10.870s][info][gc,ref      ] GC(3) Discovered  references: Soft: 0, Weak: 1932, Final: 50, Phantom: 583
[2026-04-03T02:17:28.969+0600][10.870s][info][gc,ref      ] GC(3) Enqueued    references: Soft: 0, Weak: 613, Final: 0, Phantom: 0
[2026-04-03T02:17:28.969+0600][10.870s][info][gc          ] GC(3) Concurrent weak references 0.977ms
[2026-04-03T02:17:28.969+0600][10.870s][info][gc,start    ] GC(3) Concurrent weak roots
[2026-04-03T02:17:28.969+0600][10.870s][info][gc,task     ] GC(3) Using 3 of 6 workers for concurrent weak root
[2026-04-03T02:17:28.971+0600][10.872s][info][gc          ] GC(3) Concurrent weak roots 2.014ms
[2026-04-03T02:17:28.971+0600][10.872s][info][gc,start    ] GC(3) Concurrent cleanup
[2026-04-03T02:17:28.972+0600][10.873s][info][gc          ] GC(3) Concurrent cleanup 182M->146M(263M) 0.572ms
[2026-04-03T02:17:28.972+0600][10.873s][info][gc,ergo     ] GC(3) Free: 564M, Max: 256K regular, 524M humongous, Frag: 8% external, 0% internal; Reserve: 37422K, Max: 256K
[2026-04-03T02:17:28.972+0600][10.873s][info][gc,start    ] GC(3) Concurrent class unloading
[2026-04-03T02:17:28.972+0600][10.873s][info][gc,task     ] GC(3) Using 3 of 6 workers for concurrent class unloading
[2026-04-03T02:17:28.976+0600][10.878s][info][gc          ] GC(3) Concurrent class unloading 4.458ms
[2026-04-03T02:17:28.977+0600][10.878s][info][gc,start    ] GC(3) Concurrent strong roots
[2026-04-03T02:17:28.977+0600][10.878s][info][gc,task     ] GC(3) Using 3 of 6 workers for concurrent strong root
[2026-04-03T02:17:28.979+0600][10.880s][info][gc          ] GC(3) Concurrent strong roots 2.492ms
[2026-04-03T02:17:28.979+0600][10.880s][info][gc,start    ] GC(3) Concurrent evacuation
[2026-04-03T02:17:28.979+0600][10.880s][info][gc,task     ] GC(3) Using 3 of 6 workers for concurrent evacuation
[2026-04-03T02:17:28.984+0600][10.885s][info][gc          ] GC(3) Concurrent evacuation 4.972ms
[2026-04-03T02:17:28.984+0600][10.886s][info][gc,start    ] GC(3) Pause Init Update Refs
[2026-04-03T02:17:28.985+0600][10.886s][info][gc,ergo     ] GC(3) Pacer for Update Refs. Used: 153M, Free: 562M, Non-Taxable: 57598K, Alloc Tax Rate: 1.1x
[2026-04-03T02:17:28.985+0600][10.886s][info][gc          ] GC(3) Pause Init Update Refs 0.133ms
[2026-04-03T02:17:28.985+0600][10.886s][info][gc,start    ] GC(3) Concurrent update references
[2026-04-03T02:17:28.985+0600][10.886s][info][gc,task     ] GC(3) Using 3 of 6 workers for concurrent reference update
[2026-04-03T02:17:28.995+0600][10.896s][info][gc          ] GC(3) Concurrent update references 10.327ms
[2026-04-03T02:17:28.995+0600][10.896s][info][gc,start    ] GC(3) Concurrent update thread roots
[2026-04-03T02:17:28.996+0600][10.897s][info][gc          ] GC(3) Concurrent update thread roots 1.027ms
[2026-04-03T02:17:28.996+0600][10.897s][info][gc,start    ] GC(3) Pause Final Update Refs
[2026-04-03T02:17:28.996+0600][10.897s][info][gc,task     ] GC(3) Using 6 of 6 workers for final reference update
[2026-04-03T02:17:28.996+0600][10.897s][info][gc          ] GC(3) Pause Final Update Refs 0.160ms
[2026-04-03T02:17:28.996+0600][10.898s][info][gc,start    ] GC(3) Concurrent cleanup
[2026-04-03T02:17:28.997+0600][10.898s][info][gc          ] GC(3) Concurrent cleanup 153M->32M(265M) 0.634ms
[2026-04-03T02:17:28.997+0600][10.898s][info][gc,ergo     ] Free: 678M, Max: 256K regular, 519M humongous, Frag: 24% external, 0% internal; Reserve: 38400K, Max: 256K
[2026-04-03T02:17:28.997+0600][10.898s][info][gc,stats    ] 
[2026-04-03T02:17:28.997+0600][10.898s][info][gc,stats    ] All times are wall-clock times, except per-root-class counters, that are sum over
[2026-04-03T02:17:28.997+0600][10.898s][info][gc,stats    ] all workers. Dividing the <total> over the root stage time estimates parallelism.
[2026-04-03T02:17:28.997+0600][10.898s][info][gc,stats    ] 
[2026-04-03T02:17:28.997+0600][10.898s][info][gc,stats    ] Concurrent Reset                    947 us
[2026-04-03T02:17:28.997+0600][10.898s][info][gc,stats    ] Pause Init Mark (G)                 857 us
[2026-04-03T02:17:28.997+0600][10.898s][info][gc,stats    ] Pause Init Mark (N)                 158 us
[2026-04-03T02:17:28.997+0600][10.898s][info][gc,stats    ]   Update Region States               28 us
[2026-04-03T02:17:28.997+0600][10.898s][info][gc,stats    ] Concurrent Mark Roots              2085 us, parallelism: 2.32x
[2026-04-03T02:17:28.997+0600][10.898s][info][gc,stats    ]   CMR: <total>                     4837 us
[2026-04-03T02:17:28.997+0600][10.898s][info][gc,stats    ]   CMR: Thread Roots                4472 us, workers (us): 1253, 1528, 1691, ---, ---, ---, 
[2026-04-03T02:17:28.997+0600][10.898s][info][gc,stats    ]   CMR: VM Strong Roots               94 us, workers (us):  42,  45,   7, ---, ---, ---, 
[2026-04-03T02:17:28.997+0600][10.898s][info][gc,stats    ]   CMR: CLDG Roots                   271 us, workers (us): 271, ---, ---, ---, ---, ---, 
[2026-04-03T02:17:28.997+0600][10.898s][info][gc,stats    ] Concurrent Marking                17757 us
[2026-04-03T02:17:28.997+0600][10.898s][info][gc,stats    ] Pause Final Mark (G)                794 us
[2026-04-03T02:17:28.997+0600][10.898s][info][gc,stats    ] Pause Final Mark (N)                611 us
[2026-04-03T02:17:28.997+0600][10.898s][info][gc,stats    ]   Finish Mark                       166 us
[2026-04-03T02:17:28.997+0600][10.898s][info][gc,stats    ]   Update Region States               47 us
[2026-04-03T02:17:28.997+0600][10.898s][info][gc,stats    ]   Choose Collection Set             201 us
[2026-04-03T02:17:28.997+0600][10.898s][info][gc,stats    ]   Rebuild Free Set                   37 us
[2026-04-03T02:17:28.997+0600][10.898s][info][gc,stats    ] Concurrent Thread Roots             707 us, parallelism: 2.10x
[2026-04-03T02:17:28.997+0600][10.898s][info][gc,stats    ]   CTR: <total>                     1481 us
[2026-04-03T02:17:28.997+0600][10.898s][info][gc,stats    ]   CTR: Thread Roots                1481 us, workers (us): 566, 459, 457, ---, ---, ---, 
[2026-04-03T02:17:28.997+0600][10.898s][info][gc,stats    ] Concurrent Weak References          990 us, parallelism: 0.90x
[2026-04-03T02:17:28.997+0600][10.898s][info][gc,stats    ]   CWRF: <total>                     895 us
[2026-04-03T02:17:28.997+0600][10.898s][info][gc,stats    ]   CWRF: Weak References             895 us, workers (us): 114, 780,   1, ---, ---, ---, 
[2026-04-03T02:17:28.997+0600][10.898s][info][gc,stats    ] Concurrent Weak Roots              2061 us
[2026-04-03T02:17:28.997+0600][10.898s][info][gc,stats    ]   Roots                            1578 us, parallelism: 2.64x
[2026-04-03T02:17:28.997+0600][10.899s][info][gc,stats    ]     CWR: <total>                   4164 us
[2026-04-03T02:17:28.997+0600][10.899s][info][gc,stats    ]     CWR: Code Cache Roots          1687 us, workers (us): 487, 620, 580, ---, ---, ---, 
[2026-04-03T02:17:28.997+0600][10.899s][info][gc,stats    ]     CWR: VM Weak Roots             2421 us, workers (us): 815, 819, 786, ---, ---, ---, 
[2026-04-03T02:17:28.997+0600][10.899s][info][gc,stats    ]     CWR: CLDG Roots                  57 us, workers (us):  57, ---, ---, ---, ---, ---, 
[2026-04-03T02:17:28.997+0600][10.899s][info][gc,stats    ]   Rendezvous                        408 us
[2026-04-03T02:17:28.997+0600][10.899s][info][gc,stats    ] Concurrent Cleanup                  716 us
[2026-04-03T02:17:28.997+0600][10.899s][info][gc,stats    ] Concurrent Class Unloading         4539 us
[2026-04-03T02:17:28.997+0600][10.899s][info][gc,stats    ]   Unlink Stale                     3414 us
[2026-04-03T02:17:28.997+0600][10.899s][info][gc,stats    ]     System Dictionary                46 us
[2026-04-03T02:17:28.997+0600][10.899s][info][gc,stats    ]     Weak Class Links                  0 us
[2026-04-03T02:17:28.997+0600][10.899s][info][gc,stats    ]     Code Roots                     3364 us
[2026-04-03T02:17:28.997+0600][10.899s][info][gc,stats    ]   Rendezvous                        380 us
[2026-04-03T02:17:28.997+0600][10.899s][info][gc,stats    ]   Purge Unlinked                    618 us
[2026-04-03T02:17:28.997+0600][10.899s][info][gc,stats    ]     Code Roots                      601 us
[2026-04-03T02:17:28.997+0600][10.899s][info][gc,stats    ]     CLDG                             16 us
[2026-04-03T02:17:28.997+0600][10.899s][info][gc,stats    ]     Exception Caches                  1 us
[2026-04-03T02:17:28.998+0600][10.899s][info][gc,stats    ] Concurrent Strong Roots            2555 us, parallelism: 0.87x
[2026-04-03T02:17:28.998+0600][10.899s][info][gc,stats    ]   CSR: <total>                     2233 us
[2026-04-03T02:17:28.998+0600][10.899s][info][gc,stats    ]   CSR: VM Strong Roots               36 us, workers (us):  22,  14,   0, ---, ---, ---, 
[2026-04-03T02:17:28.998+0600][10.899s][info][gc,stats    ]   CSR: CLDG Roots                  2197 us, workers (us): 2197, ---, ---, ---, ---, ---, 
[2026-04-03T02:17:28.998+0600][10.899s][info][gc,stats    ] Concurrent Evacuation              5018 us
[2026-04-03T02:17:28.998+0600][10.899s][info][gc,stats    ] Pause Init Update Refs (G)          512 us
[2026-04-03T02:17:28.998+0600][10.899s][info][gc,stats    ] Pause Init Update Refs (N)          145 us
[2026-04-03T02:17:28.998+0600][10.899s][info][gc,stats    ]   Manage GCLABs                      31 us
[2026-04-03T02:17:28.998+0600][10.899s][info][gc,stats    ] Concurrent Update Refs            10405 us
[2026-04-03T02:17:28.998+0600][10.899s][info][gc,stats    ] Concurrent Update Thread Roots     1080 us
[2026-04-03T02:17:28.998+0600][10.899s][info][gc,stats    ] Pause Final Update Refs (G)         351 us
[2026-04-03T02:17:28.998+0600][10.899s][info][gc,stats    ] Pause Final Update Refs (N)         180 us
[2026-04-03T02:17:28.998+0600][10.899s][info][gc,stats    ]   Update Region States               50 us
[2026-04-03T02:17:28.998+0600][10.899s][info][gc,stats    ]   Trash Collection Set               14 us
[2026-04-03T02:17:28.998+0600][10.899s][info][gc,stats    ]   Rebuild Free Set                   36 us
[2026-04-03T02:17:28.998+0600][10.899s][info][gc,stats    ] Concurrent Cleanup                  665 us
[2026-04-03T02:17:28.998+0600][10.899s][info][gc,stats    ] 
[2026-04-03T02:17:28.998+0600][10.899s][info][gc,stats    ] Allocation pacing accrued:
[2026-04-03T02:17:28.998+0600][10.899s][info][gc,stats    ]       0 of  3909 ms (  0.0%): <total>
[2026-04-03T02:17:28.998+0600][10.899s][info][gc,stats    ]       0 of  3909 ms (  0.0%): <average total>
[2026-04-03T02:17:28.998+0600][10.899s][info][gc,stats    ] 
[2026-04-03T02:17:28.998+0600][10.899s][info][gc,metaspace] Metaspace: 59801K(60224K)->59994K(60416K) NonClass: 52481K(52736K)->52616K(52864K) Class: 7320K(7488K)->7377K(7552K)
[2026-04-03T02:17:28.998+0600][10.899s][info][gc,ergo     ] Pacer for Idle. Initial: 15360K, Alloc Tax Rate: 1.0x
[2026-04-03T02:17:30.637+0600][12.538s][info][gc          ] Trigger: Learning 5 of 5. Free (524M) is below initial threshold (525M)
[2026-04-03T02:17:30.637+0600][12.538s][info][gc,ergo     ] Free: 524M, Max: 256K regular, 519M humongous, Frag: 2% external, 0% internal; Reserve: 38400K, Max: 256K
[2026-04-03T02:17:30.637+0600][12.538s][info][gc,start    ] GC(4) Concurrent reset
[2026-04-03T02:17:30.637+0600][12.538s][info][gc,task     ] GC(4) Using 3 of 6 workers for concurrent reset
[2026-04-03T02:17:30.637+0600][12.538s][info][gc,ergo     ] GC(4) Pacer for Reset. Non-Taxable: 750M
[2026-04-03T02:17:30.638+0600][12.539s][info][gc          ] GC(4) Concurrent reset 0.764ms
[2026-04-03T02:17:30.638+0600][12.539s][info][gc,start    ] GC(4) Pause Init Mark (unload classes)
[2026-04-03T02:17:30.638+0600][12.539s][info][gc,task     ] GC(4) Using 6 of 6 workers for init marking
[2026-04-03T02:17:30.638+0600][12.539s][info][gc,ergo     ] GC(4) Pacer for Mark. Expected Live: 18245K, Free: 524M, Non-Taxable: 53724K, Alloc Tax Rate: 0.0x
[2026-04-03T02:17:30.638+0600][12.539s][info][gc          ] GC(4) Pause Init Mark (unload classes) 0.115ms
[2026-04-03T02:17:30.638+0600][12.540s][info][gc,start    ] GC(4) Concurrent marking roots
[2026-04-03T02:17:30.638+0600][12.540s][info][gc,task     ] GC(4) Using 3 of 6 workers for concurrent marking roots
[2026-04-03T02:17:30.639+0600][12.540s][info][gc          ] GC(4) Concurrent marking roots 0.608ms
[2026-04-03T02:17:30.639+0600][12.540s][info][gc,start    ] GC(4) Concurrent marking (unload classes)
[2026-04-03T02:17:30.639+0600][12.540s][info][gc,task     ] GC(4) Using 3 of 6 workers for concurrent marking
[2026-04-03T02:17:30.656+0600][12.557s][info][gc          ] GC(4) Concurrent marking (unload classes) 17.244ms
[2026-04-03T02:17:30.657+0600][12.558s][info][gc,start    ] GC(4) Pause Final Mark (unload classes)
[2026-04-03T02:17:30.657+0600][12.558s][info][gc,task     ] GC(4) Using 6 of 6 workers for final marking
[2026-04-03T02:17:30.657+0600][12.559s][info][gc,ergo     ] GC(4) Adaptive CSet Selection. Target Free: 106M, Actual Free: 591M, Max CSet: 32000K, Min Garbage: 0B
[2026-04-03T02:17:30.658+0600][12.559s][info][gc,ergo     ] GC(4) Collectable Garbage: 148M (98%), Immediate: 31385K (20%), CSet: 118M (78%)
[2026-04-03T02:17:30.658+0600][12.559s][info][gc,ergo     ] GC(4) Pacer for Evacuation. Used CSet: 125M, Free: 554M, Non-Taxable: 56791K, Alloc Tax Rate: 1.1x
[2026-04-03T02:17:30.658+0600][12.559s][info][gc          ] GC(4) Pause Final Mark (unload classes) 0.545ms
[2026-04-03T02:17:30.658+0600][12.559s][info][gc,start    ] GC(4) Concurrent thread roots
[2026-04-03T02:17:30.658+0600][12.559s][info][gc,task     ] GC(4) Using 3 of 6 workers for Concurrent thread roots
[2026-04-03T02:17:30.658+0600][12.559s][info][gc          ] GC(4) Concurrent thread roots 0.512ms
[2026-04-03T02:17:30.658+0600][12.559s][info][gc,start    ] GC(4) Concurrent weak references
[2026-04-03T02:17:30.658+0600][12.559s][info][gc,task     ] GC(4) Using 3 of 6 workers for concurrent weak references
[2026-04-03T02:17:30.660+0600][12.561s][info][gc,ref      ] GC(4) Encountered references: Soft: 4429, Weak: 11464, Final: 84, Phantom: 588
[2026-04-03T02:17:30.660+0600][12.561s][info][gc,ref      ] GC(4) Discovered  references: Soft: 0, Weak: 5284, Final: 0, Phantom: 204
[2026-04-03T02:17:30.660+0600][12.561s][info][gc,ref      ] GC(4) Enqueued    references: Soft: 0, Weak: 2722, Final: 0, Phantom: 0
[2026-04-03T02:17:30.660+0600][12.561s][info][gc          ] GC(4) Concurrent weak references 1.358ms
[2026-04-03T02:17:30.660+0600][12.561s][info][gc,start    ] GC(4) Concurrent weak roots
[2026-04-03T02:17:30.660+0600][12.561s][info][gc,task     ] GC(4) Using 3 of 6 workers for concurrent weak root
[2026-04-03T02:17:30.661+0600][12.562s][info][gc          ] GC(4) Concurrent weak roots 1.554ms
[2026-04-03T02:17:30.661+0600][12.562s][info][gc,start    ] GC(4) Concurrent cleanup
[2026-04-03T02:17:30.661+0600][12.563s][info][gc          ] GC(4) Concurrent cleanup 187M->156M(265M) 0.172ms
[2026-04-03T02:17:30.661+0600][12.563s][info][gc,ergo     ] GC(4) Free: 554M, Max: 256K regular, 519M humongous, Frag: 7% external, 0% internal; Reserve: 37767K, Max: 256K
[2026-04-03T02:17:30.661+0600][12.563s][info][gc,start    ] GC(4) Concurrent class unloading
[2026-04-03T02:17:30.662+0600][12.563s][info][gc,task     ] GC(4) Using 3 of 6 workers for concurrent class unloading
[2026-04-03T02:17:30.667+0600][12.568s][info][gc          ] GC(4) Concurrent class unloading 5.213ms
[2026-04-03T02:17:30.667+0600][12.568s][info][gc,start    ] GC(4) Concurrent strong roots
[2026-04-03T02:17:30.667+0600][12.568s][info][gc,task     ] GC(4) Using 3 of 6 workers for concurrent strong root
[2026-04-03T02:17:30.668+0600][12.569s][info][gc          ] GC(4) Concurrent strong roots 0.860ms
[2026-04-03T02:17:30.668+0600][12.569s][info][gc,start    ] GC(4) Concurrent evacuation
[2026-04-03T02:17:30.668+0600][12.569s][info][gc,task     ] GC(4) Using 3 of 6 workers for concurrent evacuation
[2026-04-03T02:17:30.673+0600][12.574s][info][gc          ] GC(4) Concurrent evacuation 5.121ms
[2026-04-03T02:17:30.673+0600][12.574s][info][gc,start    ] GC(4) Pause Init Update Refs
[2026-04-03T02:17:30.673+0600][12.574s][info][gc,ergo     ] GC(4) Pacer for Update Refs. Used: 164M, Free: 553M, Non-Taxable: 56699K, Alloc Tax Rate: 1.1x
[2026-04-03T02:17:30.673+0600][12.574s][info][gc          ] GC(4) Pause Init Update Refs 0.068ms
[2026-04-03T02:17:30.673+0600][12.574s][info][gc,start    ] GC(4) Concurrent update references
[2026-04-03T02:17:30.673+0600][12.574s][info][gc,task     ] GC(4) Using 3 of 6 workers for concurrent reference update
[2026-04-03T02:17:30.683+0600][12.585s][info][gc          ] GC(4) Concurrent update references 10.354ms
[2026-04-03T02:17:30.684+0600][12.585s][info][gc,start    ] GC(4) Concurrent update thread roots
[2026-04-03T02:17:30.684+0600][12.585s][info][gc          ] GC(4) Concurrent update thread roots 0.460ms
[2026-04-03T02:17:30.684+0600][12.586s][info][gc,start    ] GC(4) Pause Final Update Refs
[2026-04-03T02:17:30.685+0600][12.586s][info][gc,task     ] GC(4) Using 6 of 6 workers for final reference update
[2026-04-03T02:17:30.685+0600][12.586s][info][gc          ] GC(4) Pause Final Update Refs 0.171ms
[2026-04-03T02:17:30.685+0600][12.586s][info][gc,start    ] GC(4) Concurrent cleanup
[2026-04-03T02:17:30.685+0600][12.586s][info][gc          ] GC(4) Concurrent cleanup 164M->39M(272M) 0.310ms
[2026-04-03T02:17:30.685+0600][12.586s][info][gc,ergo     ] Free: 671M, Max: 256K regular, 516M humongous, Frag: 24% external, 0% internal; Reserve: 38400K, Max: 256K
[2026-04-03T02:17:30.685+0600][12.586s][info][gc,stats    ] 
[2026-04-03T02:17:30.685+0600][12.586s][info][gc,stats    ] All times are wall-clock times, except per-root-class counters, that are sum over
[2026-04-03T02:17:30.685+0600][12.586s][info][gc,stats    ] all workers. Dividing the <total> over the root stage time estimates parallelism.
[2026-04-03T02:17:30.685+0600][12.586s][info][gc,stats    ] 
[2026-04-03T02:17:30.685+0600][12.586s][info][gc,stats    ] Concurrent Reset                    805 us
[2026-04-03T02:17:30.685+0600][12.586s][info][gc,stats    ] Pause Init Mark (G)                 439 us
[2026-04-03T02:17:30.685+0600][12.586s][info][gc,stats    ] Pause Init Mark (N)                 123 us
[2026-04-03T02:17:30.685+0600][12.586s][info][gc,stats    ]   Update Region States               25 us
[2026-04-03T02:17:30.685+0600][12.586s][info][gc,stats    ] Concurrent Mark Roots               638 us, parallelism: 1.81x
[2026-04-03T02:17:30.685+0600][12.586s][info][gc,stats    ]   CMR: <total>                     1157 us
[2026-04-03T02:17:30.685+0600][12.586s][info][gc,stats    ]   CMR: Thread Roots                 953 us, workers (us): 204, 377, 372, ---, ---, ---, 
[2026-04-03T02:17:30.685+0600][12.586s][info][gc,stats    ]   CMR: VM Strong Roots               17 us, workers (us):  15,   1,   1, ---, ---, ---, 
[2026-04-03T02:17:30.685+0600][12.586s][info][gc,stats    ]   CMR: CLDG Roots                   187 us, workers (us): 187, ---, ---, ---, ---, ---, 
[2026-04-03T02:17:30.685+0600][12.586s][info][gc,stats    ] Concurrent Marking                17319 us
[2026-04-03T02:17:30.685+0600][12.587s][info][gc,stats    ] Pause Final Mark (G)               1329 us
[2026-04-03T02:17:30.685+0600][12.587s][info][gc,stats    ] Pause Final Mark (N)                555 us
[2026-04-03T02:17:30.685+0600][12.587s][info][gc,stats    ]   Finish Mark                       188 us
[2026-04-03T02:17:30.685+0600][12.587s][info][gc,stats    ]   Update Region States               46 us
[2026-04-03T02:17:30.685+0600][12.587s][info][gc,stats    ]   Choose Collection Set             164 us
[2026-04-03T02:17:30.685+0600][12.587s][info][gc,stats    ]   Rebuild Free Set                   30 us
[2026-04-03T02:17:30.685+0600][12.587s][info][gc,stats    ] Concurrent Thread Roots             565 us, parallelism: 1.32x
[2026-04-03T02:17:30.685+0600][12.587s][info][gc,stats    ]   CTR: <total>                      747 us
[2026-04-03T02:17:30.685+0600][12.587s][info][gc,stats    ]   CTR: Thread Roots                 747 us, workers (us): 302, 236, 209, ---, ---, ---, 
[2026-04-03T02:17:30.685+0600][12.587s][info][gc,stats    ] Concurrent Weak References         1370 us, parallelism: 1.04x
[2026-04-03T02:17:30.685+0600][12.587s][info][gc,stats    ]   CWRF: <total>                    1418 us
[2026-04-03T02:17:30.685+0600][12.587s][info][gc,stats    ]   CWRF: Weak References            1418 us, workers (us): 1030, 125, 263, ---, ---, ---, 
[2026-04-03T02:17:30.686+0600][12.587s][info][gc,stats    ] Concurrent Weak Roots              1603 us
[2026-04-03T02:17:30.686+0600][12.587s][info][gc,stats    ]   Roots                            1289 us, parallelism: 2.52x
[2026-04-03T02:17:30.686+0600][12.587s][info][gc,stats    ]     CWR: <total>                   3242 us
[2026-04-03T02:17:30.686+0600][12.587s][info][gc,stats    ]     CWR: Code Cache Roots          1841 us, workers (us): 623, 596, 622, ---, ---, ---, 
[2026-04-03T02:17:30.686+0600][12.587s][info][gc,stats    ]     CWR: VM Weak Roots             1361 us, workers (us): 512, 473, 375, ---, ---, ---, 
[2026-04-03T02:17:30.686+0600][12.587s][info][gc,stats    ]     CWR: CLDG Roots                  40 us, workers (us): ---,  40, ---, ---, ---, ---, 
[2026-04-03T02:17:30.686+0600][12.587s][info][gc,stats    ]   Rendezvous                        217 us
[2026-04-03T02:17:30.686+0600][12.587s][info][gc,stats    ] Concurrent Cleanup                  190 us
[2026-04-03T02:17:30.686+0600][12.587s][info][gc,stats    ] Concurrent Class Unloading         5273 us
[2026-04-03T02:17:30.686+0600][12.587s][info][gc,stats    ]   Unlink Stale                     3568 us
[2026-04-03T02:17:30.686+0600][12.587s][info][gc,stats    ]     System Dictionary                35 us
[2026-04-03T02:17:30.686+0600][12.587s][info][gc,stats    ]     Weak Class Links                  0 us
[2026-04-03T02:17:30.686+0600][12.587s][info][gc,stats    ]     Code Roots                     3529 us
[2026-04-03T02:17:30.686+0600][12.587s][info][gc,stats    ]   Rendezvous                        265 us
[2026-04-03T02:17:30.686+0600][12.587s][info][gc,stats    ]   Purge Unlinked                   1353 us
[2026-04-03T02:17:30.686+0600][12.587s][info][gc,stats    ]     Code Roots                     1338 us
[2026-04-03T02:17:30.686+0600][12.587s][info][gc,stats    ]     CLDG                             14 us
[2026-04-03T02:17:30.686+0600][12.587s][info][gc,stats    ]     Exception Caches                  0 us
[2026-04-03T02:17:30.686+0600][12.587s][info][gc,stats    ] Concurrent Strong Roots             933 us, parallelism: 0.65x
[2026-04-03T02:17:30.686+0600][12.587s][info][gc,stats    ]   CSR: <total>                      608 us
[2026-04-03T02:17:30.686+0600][12.587s][info][gc,stats    ]   CSR: VM Strong Roots               17 us, workers (us):  16,   1,   0, ---, ---, ---, 
[2026-04-03T02:17:30.686+0600][12.587s][info][gc,stats    ]   CSR: CLDG Roots                   591 us, workers (us): 591, ---, ---, ---, ---, ---, 
[2026-04-03T02:17:30.686+0600][12.587s][info][gc,stats    ] Concurrent Evacuation              5186 us
[2026-04-03T02:17:30.686+0600][12.587s][info][gc,stats    ] Pause Init Update Refs (G)          172 us
[2026-04-03T02:17:30.686+0600][12.587s][info][gc,stats    ] Pause Init Update Refs (N)           76 us
[2026-04-03T02:17:30.686+0600][12.587s][info][gc,stats    ]   Manage GCLABs                      10 us
[2026-04-03T02:17:30.686+0600][12.587s][info][gc,stats    ] Concurrent Update Refs            10426 us
[2026-04-03T02:17:30.686+0600][12.587s][info][gc,stats    ] Concurrent Update Thread Roots      537 us
[2026-04-03T02:17:30.686+0600][12.587s][info][gc,stats    ] Pause Final Update Refs (G)         780 us
[2026-04-03T02:17:30.686+0600][12.587s][info][gc,stats    ] Pause Final Update Refs (N)         182 us
[2026-04-03T02:17:30.686+0600][12.587s][info][gc,stats    ]   Update Region States               39 us
[2026-04-03T02:17:30.686+0600][12.587s][info][gc,stats    ]   Trash Collection Set               14 us
[2026-04-03T02:17:30.686+0600][12.587s][info][gc,stats    ]   Rebuild Free Set                   32 us
[2026-04-03T02:17:30.686+0600][12.587s][info][gc,stats    ] Concurrent Cleanup                  332 us
[2026-04-03T02:17:30.686+0600][12.587s][info][gc,stats    ] 
[2026-04-03T02:17:30.686+0600][12.587s][info][gc,stats    ] Allocation pacing accrued:
[2026-04-03T02:17:30.686+0600][12.587s][info][gc,stats    ]       0 of  1688 ms (  0.0%): <total>
[2026-04-03T02:17:30.686+0600][12.587s][info][gc,stats    ]       0 of  1688 ms (  0.0%): <average total>
[2026-04-03T02:17:30.686+0600][12.587s][info][gc,stats    ] 
[2026-04-03T02:17:30.686+0600][12.587s][info][gc,metaspace] Metaspace: 76937K(77440K)->77587K(78080K) NonClass: 67605K(67904K)->68084K(68352K) Class: 9331K(9536K)->9503K(9728K)
[2026-04-03T02:17:30.686+0600][12.587s][info][gc,ergo     ] Pacer for Idle. Initial: 15360K, Alloc Tax Rate: 1.0x
[2026-04-03T02:17:36.252+0600][18.153s][info][gc          ] Trigger: Free (76482K) is below minimum threshold (76800K)
[2026-04-03T02:17:36.252+0600][18.153s][info][gc,ergo     ] Free: 76482K, Max: 256K regular, 76288K humongous, Frag: 0% external, 0% internal; Reserve: 38400K, Max: 256K
[2026-04-03T02:17:36.252+0600][18.153s][info][gc,start    ] GC(5) Concurrent reset
[2026-04-03T02:17:36.252+0600][18.153s][info][gc,task     ] GC(5) Using 3 of 6 workers for concurrent reset
[2026-04-03T02:17:36.252+0600][18.153s][info][gc,ergo     ] GC(5) Pacer for Reset. Non-Taxable: 750M
[2026-04-03T02:17:36.253+0600][18.154s][info][gc          ] GC(5) Concurrent reset 0.712ms
[2026-04-03T02:17:36.253+0600][18.154s][info][gc,start    ] GC(5) Pause Init Mark (unload classes)
[2026-04-03T02:17:36.253+0600][18.154s][info][gc,task     ] GC(5) Using 6 of 6 workers for init marking
[2026-04-03T02:17:36.253+0600][18.154s][info][gc,ergo     ] GC(5) Pacer for Mark. Expected Live: 21600K, Free: 76427K, Non-Taxable: 7642K, Alloc Tax Rate: 0.3x
[2026-04-03T02:17:36.253+0600][18.154s][info][gc          ] GC(5) Pause Init Mark (unload classes) 0.116ms
[2026-04-03T02:17:36.253+0600][18.154s][info][gc,start    ] GC(5) Concurrent marking roots
[2026-04-03T02:17:36.253+0600][18.154s][info][gc,task     ] GC(5) Using 3 of 6 workers for concurrent marking roots
[2026-04-03T02:17:36.255+0600][18.156s][info][gc          ] GC(5) Concurrent marking roots 1.853ms
[2026-04-03T02:17:36.255+0600][18.156s][info][gc,start    ] GC(5) Concurrent marking (unload classes)
[2026-04-03T02:17:36.255+0600][18.156s][info][gc,task     ] GC(5) Using 3 of 6 workers for concurrent marking
[2026-04-03T02:17:36.318+0600][18.219s][info][gc          ] GC(5) Concurrent marking (unload classes) 62.761ms
[2026-04-03T02:17:36.319+0600][18.220s][info][gc,start    ] GC(5) Pause Final Mark (unload classes)
[2026-04-03T02:17:36.319+0600][18.220s][info][gc,task     ] GC(5) Using 6 of 6 workers for final marking
[2026-04-03T02:17:36.319+0600][18.220s][info][gc,ergo     ] GC(5) Adaptive CSet Selection. Target Free: 106M, Actual Free: 314M, Max CSet: 32000K, Min Garbage: 0B
[2026-04-03T02:17:36.319+0600][18.221s][info][gc,ergo     ] GC(5) Collectable Garbage: 519M (99%), Immediate: 219M (41%), CSet: 300M (57%)
[2026-04-03T02:17:36.320+0600][18.221s][info][gc,ergo     ] GC(5) Pacer for Evacuation. Used CSet: 323M, Free: 301M, Non-Taxable: 30873K, Alloc Tax Rate: 2.6x
[2026-04-03T02:17:36.320+0600][18.221s][info][gc          ] GC(5) Pause Final Mark (unload classes) 1.061ms
[2026-04-03T02:17:36.320+0600][18.221s][info][gc,start    ] GC(5) Concurrent thread roots
[2026-04-03T02:17:36.320+0600][18.221s][info][gc,task     ] GC(5) Using 3 of 6 workers for Concurrent thread roots
[2026-04-03T02:17:36.323+0600][18.224s][info][gc          ] GC(5) Concurrent thread roots 3.578ms
[2026-04-03T02:17:36.323+0600][18.224s][info][gc,start    ] GC(5) Concurrent weak references
[2026-04-03T02:17:36.323+0600][18.224s][info][gc,task     ] GC(5) Using 3 of 6 workers for concurrent weak references
[2026-04-03T02:17:36.325+0600][18.227s][info][gc,ref      ] GC(5) Encountered references: Soft: 5606, Weak: 16383, Final: 84, Phantom: 611
[2026-04-03T02:17:36.326+0600][18.227s][info][gc,ref      ] GC(5) Discovered  references: Soft: 0, Weak: 6220, Final: 0, Phantom: 287
[2026-04-03T02:17:36.326+0600][18.227s][info][gc,ref      ] GC(5) Enqueued    references: Soft: 0, Weak: 3638, Final: 0, Phantom: 2
[2026-04-03T02:17:36.326+0600][18.227s][info][gc          ] GC(5) Concurrent weak references 2.218ms
[2026-04-03T02:17:36.326+0600][18.227s][info][gc,start    ] GC(5) Concurrent weak roots
[2026-04-03T02:17:36.326+0600][18.227s][info][gc,task     ] GC(5) Using 3 of 6 workers for concurrent weak root
[2026-04-03T02:17:36.340+0600][18.241s][info][gc          ] GC(5) Concurrent weak roots 14.179ms
[2026-04-03T02:17:36.340+0600][18.241s][info][gc,start    ] GC(5) Concurrent cleanup
[2026-04-03T02:17:36.341+0600][18.242s][info][gc          ] GC(5) Concurrent cleanup 627M->407M(658M) 0.804ms
[2026-04-03T02:17:36.341+0600][18.242s][info][gc,ergo     ] GC(5) Free: 298M, Max: 256K regular, 56064K humongous, Frag: 82% external, 0% internal; Reserve: 37376K, Max: 256K
[2026-04-03T02:17:36.341+0600][18.242s][info][gc,start    ] GC(5) Concurrent class unloading
[2026-04-03T02:17:36.341+0600][18.242s][info][gc,task     ] GC(5) Using 3 of 6 workers for concurrent class unloading
[2026-04-03T02:17:36.416+0600][18.317s][info][gc          ] GC(5) Concurrent class unloading 74.843ms
[2026-04-03T02:17:36.416+0600][18.317s][info][gc,start    ] GC(5) Concurrent strong roots
[2026-04-03T02:17:36.416+0600][18.317s][info][gc,task     ] GC(5) Using 3 of 6 workers for concurrent strong root
[2026-04-03T02:17:36.417+0600][18.318s][info][gc          ] GC(5) Concurrent strong roots 1.438ms
[2026-04-03T02:17:36.417+0600][18.318s][info][gc,start    ] GC(5) Concurrent evacuation
[2026-04-03T02:17:36.417+0600][18.318s][info][gc,task     ] GC(5) Using 3 of 6 workers for concurrent evacuation
[2026-04-03T02:17:36.474+0600][18.375s][info][gc          ] GC(5) Concurrent evacuation 56.479ms
[2026-04-03T02:17:36.475+0600][18.376s][info][gc,start    ] GC(5) Pause Init Update Refs
[2026-04-03T02:17:36.475+0600][18.376s][info][gc,ergo     ] GC(5) Pacer for Update Refs. Used: 480M, Free: 243M, Non-Taxable: 24938K, Alloc Tax Rate: 2.4x
[2026-04-03T02:17:36.475+0600][18.376s][info][gc          ] GC(5) Pause Init Update Refs 0.156ms
[2026-04-03T02:17:36.475+0600][18.376s][info][gc,start    ] GC(5) Concurrent update references
[2026-04-03T02:17:36.475+0600][18.376s][info][gc,task     ] GC(5) Using 3 of 6 workers for concurrent reference update
[2026-04-03T02:17:36.532+0600][18.433s][info][gc          ] GC(5) Concurrent update references 57.097ms
[2026-04-03T02:17:36.532+0600][18.434s][info][gc,start    ] GC(5) Concurrent update thread roots
[2026-04-03T02:17:36.537+0600][18.438s][info][gc          ] GC(5) Concurrent update thread roots 4.553ms
[2026-04-03T02:17:36.538+0600][18.439s][info][gc,start    ] GC(5) Pause Final Update Refs
[2026-04-03T02:17:36.538+0600][18.439s][info][gc,task     ] GC(5) Using 6 of 6 workers for final reference update
[2026-04-03T02:17:36.538+0600][18.439s][info][gc          ] GC(5) Pause Final Update Refs 0.281ms
[2026-04-03T02:17:36.540+0600][18.441s][info][gc,start    ] GC(5) Concurrent cleanup
[2026-04-03T02:17:36.540+0600][18.442s][info][gc          ] GC(5) Concurrent cleanup 486M->163M(681M) 0.499ms
[2026-04-03T02:17:36.541+0600][18.442s][info][gc,ergo     ] Free: 540M, Max: 256K regular, 153M humongous, Frag: 72% external, 0% internal; Reserve: 38400K, Max: 256K
[2026-04-03T02:17:36.541+0600][18.442s][info][gc,stats    ] 
[2026-04-03T02:17:36.541+0600][18.442s][info][gc,stats    ] All times are wall-clock times, except per-root-class counters, that are sum over
[2026-04-03T02:17:36.541+0600][18.442s][info][gc,stats    ] all workers. Dividing the <total> over the root stage time estimates parallelism.
[2026-04-03T02:17:36.541+0600][18.442s][info][gc,stats    ] 
[2026-04-03T02:17:36.541+0600][18.442s][info][gc,stats    ] Concurrent Reset                    770 us
[2026-04-03T02:17:36.541+0600][18.442s][info][gc,stats    ] Pause Init Mark (G)                 357 us
[2026-04-03T02:17:36.541+0600][18.442s][info][gc,stats    ] Pause Init Mark (N)                 129 us
[2026-04-03T02:17:36.541+0600][18.442s][info][gc,stats    ]   Update Region States               27 us
[2026-04-03T02:17:36.541+0600][18.442s][info][gc,stats    ] Concurrent Mark Roots              1891 us, parallelism: 1.85x
[2026-04-03T02:17:36.541+0600][18.442s][info][gc,stats    ]   CMR: <total>                     3507 us
[2026-04-03T02:17:36.541+0600][18.442s][info][gc,stats    ]   CMR: Thread Roots                2595 us, workers (us): 937, 1158, 500, ---, ---, ---, 
[2026-04-03T02:17:36.541+0600][18.442s][info][gc,stats    ]   CMR: VM Strong Roots              473 us, workers (us): 190, 208,  74, ---, ---, ---, 
[2026-04-03T02:17:36.541+0600][18.442s][info][gc,stats    ]   CMR: CLDG Roots                   439 us, workers (us): ---, ---, 439, ---, ---, ---, 
[2026-04-03T02:17:36.541+0600][18.442s][info][gc,stats    ] Concurrent Marking                62878 us
[2026-04-03T02:17:36.541+0600][18.442s][info][gc,stats    ] Pause Final Mark (G)               1680 us
[2026-04-03T02:17:36.541+0600][18.442s][info][gc,stats    ] Pause Final Mark (N)               1077 us
[2026-04-03T02:17:36.541+0600][18.442s][info][gc,stats    ]   Finish Mark                       152 us
[2026-04-03T02:17:36.541+0600][18.442s][info][gc,stats    ]   Update Region States               65 us
[2026-04-03T02:17:36.541+0600][18.442s][info][gc,stats    ]   Choose Collection Set             673 us
[2026-04-03T02:17:36.541+0600][18.442s][info][gc,stats    ]   Rebuild Free Set                   54 us
[2026-04-03T02:17:36.541+0600][18.442s][info][gc,stats    ] Concurrent Thread Roots            3654 us, parallelism: 2.31x
[2026-04-03T02:17:36.541+0600][18.442s][info][gc,stats    ]   CTR: <total>                     8439 us
[2026-04-03T02:17:36.541+0600][18.442s][info][gc,stats    ]   CTR: Thread Roots                8439 us, workers (us): 1968, 3456, 3014, ---, ---, ---, 
[2026-04-03T02:17:36.541+0600][18.442s][info][gc,stats    ] Concurrent Weak References         2231 us, parallelism: 0.77x
[2026-04-03T02:17:36.541+0600][18.442s][info][gc,stats    ]   CWRF: <total>                    1719 us
[2026-04-03T02:17:36.541+0600][18.442s][info][gc,stats    ]   CWRF: Weak References            1719 us, workers (us): 1718,   1,   0, ---, ---, ---, 
[2026-04-03T02:17:36.541+0600][18.442s][info][gc,stats    ] Concurrent Weak Roots             14293 us
[2026-04-03T02:17:36.541+0600][18.442s][info][gc,stats    ]   Roots                            8290 us, parallelism: 2.04x
[2026-04-03T02:17:36.541+0600][18.442s][info][gc,stats    ]     CWR: <total>                  16914 us
[2026-04-03T02:17:36.541+0600][18.442s][info][gc,stats    ]     CWR: Code Cache Roots         10720 us, workers (us): 2767, 5168, 2785, ---, ---, ---, 
[2026-04-03T02:17:36.541+0600][18.442s][info][gc,stats    ]     CWR: VM Weak Roots             5981 us, workers (us): 2502, 1740, 1739, ---, ---, ---, 
[2026-04-03T02:17:36.541+0600][18.442s][info][gc,stats    ]     CWR: CLDG Roots                 214 us, workers (us): ---, 214, ---, ---, ---, ---, 
[2026-04-03T02:17:36.541+0600][18.442s][info][gc,stats    ]   Rendezvous                       5856 us
[2026-04-03T02:17:36.541+0600][18.442s][info][gc,stats    ] Concurrent Cleanup                  837 us
[2026-04-03T02:17:36.541+0600][18.442s][info][gc,stats    ] Concurrent Class Unloading        74960 us
[2026-04-03T02:17:36.541+0600][18.442s][info][gc,stats    ]   Unlink Stale                    57609 us
[2026-04-03T02:17:36.541+0600][18.442s][info][gc,stats    ]     System Dictionary              1121 us
[2026-04-03T02:17:36.541+0600][18.442s][info][gc,stats    ]     Weak Class Links              43212 us
[2026-04-03T02:17:36.541+0600][18.442s][info][gc,stats    ]     Code Roots                    13270 us
[2026-04-03T02:17:36.541+0600][18.442s][info][gc,stats    ]   Rendezvous                        168 us
[2026-04-03T02:17:36.541+0600][18.442s][info][gc,stats    ]   Purge Unlinked                  17026 us
[2026-04-03T02:17:36.541+0600][18.442s][info][gc,stats    ]     Code Roots                    15678 us
[2026-04-03T02:17:36.541+0600][18.442s][info][gc,stats    ]     CLDG                           1346 us
[2026-04-03T02:17:36.541+0600][18.442s][info][gc,stats    ]     Exception Caches                  0 us
[2026-04-03T02:17:36.541+0600][18.442s][info][gc,stats    ] Concurrent Strong Roots            1507 us, parallelism: 0.70x
[2026-04-03T02:17:36.541+0600][18.442s][info][gc,stats    ]   CSR: <total>                     1056 us
[2026-04-03T02:17:36.541+0600][18.442s][info][gc,stats    ]   CSR: VM Strong Roots               71 us, workers (us):  56,   8,   8, ---, ---, ---, 
[2026-04-03T02:17:36.541+0600][18.442s][info][gc,stats    ]   CSR: CLDG Roots                   985 us, workers (us): ---, 985, ---, ---, ---, ---, 
[2026-04-03T02:17:36.541+0600][18.442s][info][gc,stats    ] Concurrent Evacuation             56572 us
[2026-04-03T02:17:36.541+0600][18.442s][info][gc,stats    ] Pause Init Update Refs (G)         1438 us
[2026-04-03T02:17:36.541+0600][18.442s][info][gc,stats    ] Pause Init Update Refs (N)          175 us
[2026-04-03T02:17:36.541+0600][18.442s][info][gc,stats    ]   Manage GCLABs                      21 us
[2026-04-03T02:17:36.541+0600][18.442s][info][gc,stats    ] Concurrent Update Refs            57233 us
[2026-04-03T02:17:36.541+0600][18.442s][info][gc,stats    ] Concurrent Update Thread Roots     4653 us
[2026-04-03T02:17:36.541+0600][18.442s][info][gc,stats    ] Pause Final Update Refs (G)        2796 us
[2026-04-03T02:17:36.541+0600][18.442s][info][gc,stats    ] Pause Final Update Refs (N)         303 us
[2026-04-03T02:17:36.541+0600][18.442s][info][gc,stats    ]   Update Region States              102 us
[2026-04-03T02:17:36.541+0600][18.442s][info][gc,stats    ]   Trash Collection Set               37 us
[2026-04-03T02:17:36.541+0600][18.442s][info][gc,stats    ]   Rebuild Free Set                   46 us
[2026-04-03T02:17:36.541+0600][18.442s][info][gc,stats    ] Concurrent Cleanup                  535 us
[2026-04-03T02:17:36.541+0600][18.442s][info][gc,stats    ] Pacing                           285718 us
[2026-04-03T02:17:36.541+0600][18.442s][info][gc,stats    ] 
[2026-04-03T02:17:36.541+0600][18.442s][info][gc,stats    ] Allocation pacing accrued:
[2026-04-03T02:17:36.541+0600][18.442s][info][gc,stats    ]      11 of  5856 ms (  0.2%): C1 CompilerThread0
[2026-04-03T02:17:36.541+0600][18.442s][info][gc,stats    ]      32 of  5856 ms (  0.6%): dispatcher-BlockManagerMaster
[2026-04-03T02:17:36.541+0600][18.443s][info][gc,stats    ]      21 of  5856 ms (  0.4%): dispatcher-BlockManagerEndpoint1
[2026-04-03T02:17:36.541+0600][18.443s][info][gc,stats    ]      23 of  5856 ms (  0.4%): Executor task launch worker for task 7.0 in stage 8.0 (TID 28)
[2026-04-03T02:17:36.541+0600][18.443s][info][gc,stats    ]      32 of  5856 ms (  0.6%): Executor task launch worker for task 3.0 in stage 8.0 (TID 24)
[2026-04-03T02:17:36.541+0600][18.443s][info][gc,stats    ]      33 of  5856 ms (  0.6%): Executor task launch worker for task 4.0 in stage 8.0 (TID 25)
[2026-04-03T02:17:36.541+0600][18.443s][info][gc,stats    ]      21 of  5856 ms (  0.4%): Executor task launch worker for task 0.0 in stage 8.0 (TID 21)
[2026-04-03T02:17:36.541+0600][18.443s][info][gc,stats    ]      33 of  5856 ms (  0.6%): Executor task launch worker for task 2.0 in stage 8.0 (TID 23)
[2026-04-03T02:17:36.541+0600][18.443s][info][gc,stats    ]      22 of  5856 ms (  0.4%): Executor task launch worker for task 1.0 in stage 8.0 (TID 22)
[2026-04-03T02:17:36.541+0600][18.443s][info][gc,stats    ]      33 of  5856 ms (  0.6%): Executor task launch worker for task 6.0 in stage 8.0 (TID 27)
[2026-04-03T02:17:36.542+0600][18.443s][info][gc,stats    ]      23 of  5856 ms (  0.4%): Executor task launch worker for task 5.0 in stage 8.0 (TID 26)
[2026-04-03T02:17:36.542+0600][18.443s][info][gc,stats    ]     286 of  5856 ms (  4.9%): <total>
[2026-04-03T02:17:36.542+0600][18.443s][info][gc,stats    ]       4 of  5856 ms (  0.1%): <average total>
[2026-04-03T02:17:36.542+0600][18.443s][info][gc,stats    ]      26 of  5856 ms (  0.4%): <average non-zero>
[2026-04-03T02:17:36.542+0600][18.443s][info][gc,stats    ] 
[2026-04-03T02:17:36.542+0600][18.443s][info][gc,metaspace] Metaspace: 117182K(118656K)->116737K(118848K) NonClass: 101899K(102720K)->101589K(102912K) Class: 15282K(15936K)->15147K(15936K)
[2026-04-03T02:17:36.542+0600][18.443s][info][gc,ergo     ] Pacer for Idle. Initial: 15360K, Alloc Tax Rate: 1.0x
[2026-04-03T02:17:38.757+0600][20.658s][info][gc          ] Trigger: Average GC time (386.25 ms) is above the time for instantaneous allocation rate (334 MB/s) to deplete free headroom (122M) (spike threshold = 1.80)
[2026-04-03T02:17:38.757+0600][20.658s][info][gc,ergo     ] Free: 159M, Max: 256K regular, 82944K humongous, Frag: 50% external, 0% internal; Reserve: 38400K, Max: 256K
[2026-04-03T02:17:38.757+0600][20.658s][info][gc,start    ] GC(6) Concurrent reset
[2026-04-03T02:17:38.757+0600][20.658s][info][gc,task     ] GC(6) Using 3 of 6 workers for concurrent reset
[2026-04-03T02:17:38.757+0600][20.658s][info][gc,ergo     ] GC(6) Pacer for Reset. Non-Taxable: 750M
[2026-04-03T02:17:38.760+0600][20.661s][info][gc          ] GC(6) Concurrent reset 2.450ms
[2026-04-03T02:17:38.760+0600][20.661s][info][gc,start    ] GC(6) Pause Init Mark (unload classes)
[2026-04-03T02:17:38.760+0600][20.661s][info][gc,task     ] GC(6) Using 6 of 6 workers for init marking
[2026-04-03T02:17:38.760+0600][20.661s][info][gc,ergo     ] GC(6) Pacer for Mark. Expected Live: 37977K, Free: 158M, Non-Taxable: 16230K, Alloc Tax Rate: 0.3x
[2026-04-03T02:17:38.760+0600][20.661s][info][gc          ] GC(6) Pause Init Mark (unload classes) 0.160ms
[2026-04-03T02:17:38.760+0600][20.661s][info][gc,start    ] GC(6) Concurrent marking roots
[2026-04-03T02:17:38.760+0600][20.661s][info][gc,task     ] GC(6) Using 3 of 6 workers for concurrent marking roots
[2026-04-03T02:17:38.762+0600][20.663s][info][gc          ] GC(6) Concurrent marking roots 1.543ms
[2026-04-03T02:17:38.762+0600][20.663s][info][gc,start    ] GC(6) Concurrent marking (unload classes)
[2026-04-03T02:17:38.762+0600][20.663s][info][gc,task     ] GC(6) Using 3 of 6 workers for concurrent marking
[2026-04-03T02:17:38.817+0600][20.718s][info][gc          ] GC(6) Concurrent marking (unload classes) 55.447ms
[2026-04-03T02:17:38.817+0600][20.718s][info][gc,start    ] GC(6) Pause Final Mark (unload classes)
[2026-04-03T02:17:38.817+0600][20.718s][info][gc,task     ] GC(6) Using 6 of 6 workers for final marking
[2026-04-03T02:17:38.818+0600][20.719s][info][gc,ergo     ] GC(6) Adaptive CSet Selection. Target Free: 106M, Actual Free: 495M, Max CSet: 32000K, Min Garbage: 0B
[2026-04-03T02:17:38.818+0600][20.719s][info][gc,ergo     ] GC(6) Collectable Garbage: 447M (98%), Immediate: 316M (70%), CSet: 130M (28%)
[2026-04-03T02:17:38.818+0600][20.719s][info][gc,ergo     ] GC(6) Pacer for Evacuation. Used CSet: 134M, Free: 485M, Non-Taxable: 49702K, Alloc Tax Rate: 1.1x
[2026-04-03T02:17:38.818+0600][20.719s][info][gc          ] GC(6) Pause Final Mark (unload classes) 0.968ms
[2026-04-03T02:17:38.818+0600][20.719s][info][gc,start    ] GC(6) Concurrent thread roots
[2026-04-03T02:17:38.818+0600][20.719s][info][gc,task     ] GC(6) Using 3 of 6 workers for Concurrent thread roots
[2026-04-03T02:17:38.819+0600][20.720s][info][gc          ] GC(6) Concurrent thread roots 0.904ms
[2026-04-03T02:17:38.819+0600][20.720s][info][gc,start    ] GC(6) Concurrent weak references
[2026-04-03T02:17:38.819+0600][20.720s][info][gc,task     ] GC(6) Using 3 of 6 workers for concurrent weak references
[2026-04-03T02:17:38.821+0600][20.722s][info][gc,ref      ] GC(6) Encountered references: Soft: 5894, Weak: 14391, Final: 84, Phantom: 613
[2026-04-03T02:17:38.821+0600][20.722s][info][gc,ref      ] GC(6) Discovered  references: Soft: 0, Weak: 8410, Final: 52, Phantom: 611
[2026-04-03T02:17:38.821+0600][20.722s][info][gc,ref      ] GC(6) Enqueued    references: Soft: 0, Weak: 1012, Final: 0, Phantom: 1
[2026-04-03T02:17:38.821+0600][20.722s][info][gc          ] GC(6) Concurrent weak references 2.085ms
[2026-04-03T02:17:38.821+0600][20.722s][info][gc,start    ] GC(6) Concurrent weak roots
[2026-04-03T02:17:38.821+0600][20.723s][info][gc,task     ] GC(6) Using 3 of 6 workers for concurrent weak root
[2026-04-03T02:17:38.825+0600][20.727s][info][gc          ] GC(6) Concurrent weak roots 4.066ms
[2026-04-03T02:17:38.826+0600][20.727s][info][gc,start    ] GC(6) Concurrent cleanup
[2026-04-03T02:17:38.826+0600][20.727s][info][gc          ] GC(6) Concurrent cleanup 544M->227M(681M) 0.618ms
[2026-04-03T02:17:38.826+0600][20.727s][info][gc,ergo     ] GC(6) Free: 483M, Max: 256K regular, 94464K humongous, Frag: 81% external, 0% internal; Reserve: 38033K, Max: 256K
[2026-04-03T02:17:38.826+0600][20.727s][info][gc,start    ] GC(6) Concurrent class unloading
[2026-04-03T02:17:38.826+0600][20.727s][info][gc,task     ] GC(6) Using 3 of 6 workers for concurrent class unloading
[2026-04-03T02:17:38.876+0600][20.777s][info][gc          ] GC(6) Concurrent class unloading 49.783ms
[2026-04-03T02:17:38.876+0600][20.777s][info][gc,start    ] GC(6) Concurrent strong roots
[2026-04-03T02:17:38.876+0600][20.777s][info][gc,task     ] GC(6) Using 3 of 6 workers for concurrent strong root
[2026-04-03T02:17:38.877+0600][20.778s][info][gc          ] GC(6) Concurrent strong roots 1.075ms
[2026-04-03T02:17:38.877+0600][20.778s][info][gc,start    ] GC(6) Concurrent evacuation
[2026-04-03T02:17:38.877+0600][20.778s][info][gc,task     ] GC(6) Using 3 of 6 workers for concurrent evacuation
[2026-04-03T02:17:38.884+0600][20.785s][info][gc          ] GC(6) Concurrent evacuation 6.353ms
[2026-04-03T02:17:38.884+0600][20.785s][info][gc,start    ] GC(6) Pause Init Update Refs
[2026-04-03T02:17:38.884+0600][20.785s][info][gc,ergo     ] GC(6) Pacer for Update Refs. Used: 253M, Free: 461M, Non-Taxable: 47295K, Alloc Tax Rate: 1.1x
[2026-04-03T02:17:38.884+0600][20.785s][info][gc          ] GC(6) Pause Init Update Refs 0.163ms
[2026-04-03T02:17:38.884+0600][20.785s][info][gc,start    ] GC(6) Concurrent update references
[2026-04-03T02:17:38.884+0600][20.785s][info][gc,task     ] GC(6) Using 3 of 6 workers for concurrent reference update
[2026-04-03T02:17:38.923+0600][20.824s][info][gc          ] GC(6) Concurrent update references 38.677ms
[2026-04-03T02:17:38.923+0600][20.824s][info][gc,start    ] GC(6) Concurrent update thread roots
[2026-04-03T02:17:38.924+0600][20.825s][info][gc          ] GC(6) Concurrent update thread roots 0.941ms
[2026-04-03T02:17:38.924+0600][20.825s][info][gc,start    ] GC(6) Pause Final Update Refs
[2026-04-03T02:17:38.924+0600][20.825s][info][gc,task     ] GC(6) Using 6 of 6 workers for final reference update
[2026-04-03T02:17:38.924+0600][20.826s][info][gc          ] GC(6) Pause Final Update Refs 0.205ms
[2026-04-03T02:17:38.924+0600][20.826s][info][gc,start    ] GC(6) Concurrent cleanup
[2026-04-03T02:17:38.925+0600][20.826s][info][gc          ] GC(6) Concurrent cleanup 258M->123M(685M) 0.701ms
[2026-04-03T02:17:38.925+0600][20.826s][info][gc,ergo     ] Free: 585M, Max: 256K regular, 255M humongous, Frag: 57% external, 0% internal; Reserve: 38400K, Max: 256K
[2026-04-03T02:17:38.925+0600][20.826s][info][gc,stats    ] 
[2026-04-03T02:17:38.925+0600][20.826s][info][gc,stats    ] All times are wall-clock times, except per-root-class counters, that are sum over
[2026-04-03T02:17:38.925+0600][20.826s][info][gc,stats    ] all workers. Dividing the <total> over the root stage time estimates parallelism.
[2026-04-03T02:17:38.925+0600][20.826s][info][gc,stats    ] 
[2026-04-03T02:17:38.925+0600][20.826s][info][gc,stats    ] Concurrent Reset                   2508 us
[2026-04-03T02:17:38.925+0600][20.826s][info][gc,stats    ] Pause Init Mark (G)                 443 us
[2026-04-03T02:17:38.925+0600][20.826s][info][gc,stats    ] Pause Init Mark (N)                 172 us
[2026-04-03T02:17:38.925+0600][20.826s][info][gc,stats    ]   Update Region States               42 us
[2026-04-03T02:17:38.925+0600][20.826s][info][gc,stats    ] Concurrent Mark Roots              1582 us, parallelism: 1.93x
[2026-04-03T02:17:38.925+0600][20.826s][info][gc,stats    ]   CMR: <total>                     3058 us
[2026-04-03T02:17:38.925+0600][20.826s][info][gc,stats    ]   CMR: Thread Roots                2500 us, workers (us): 714, 888, 898, ---, ---, ---, 
[2026-04-03T02:17:38.925+0600][20.826s][info][gc,stats    ]   CMR: VM Strong Roots              140 us, workers (us):  50,  58,  33, ---, ---, ---, 
[2026-04-03T02:17:38.925+0600][20.827s][info][gc,stats    ]   CMR: CLDG Roots                   418 us, workers (us): 418, ---, ---, ---, ---, ---, 
[2026-04-03T02:17:38.925+0600][20.827s][info][gc,stats    ] Concurrent Marking                55552 us
[2026-04-03T02:17:38.925+0600][20.827s][info][gc,stats    ] Pause Final Mark (G)               1159 us
[2026-04-03T02:17:38.925+0600][20.827s][info][gc,stats    ] Pause Final Mark (N)                981 us
[2026-04-03T02:17:38.925+0600][20.827s][info][gc,stats    ]   Finish Mark                       198 us
[2026-04-03T02:17:38.925+0600][20.827s][info][gc,stats    ]   Update Region States               68 us
[2026-04-03T02:17:38.925+0600][20.827s][info][gc,stats    ]   Choose Collection Set             522 us
[2026-04-03T02:17:38.925+0600][20.827s][info][gc,stats    ]   Rebuild Free Set                   50 us
[2026-04-03T02:17:38.925+0600][20.827s][info][gc,stats    ] Concurrent Thread Roots             969 us, parallelism: 2.14x
[2026-04-03T02:17:38.925+0600][20.827s][info][gc,stats    ]   CTR: <total>                     2071 us
[2026-04-03T02:17:38.925+0600][20.827s][info][gc,stats    ]   CTR: Thread Roots                2071 us, workers (us): 696, 678, 697, ---, ---, ---, 
[2026-04-03T02:17:38.925+0600][20.827s][info][gc,stats    ] Concurrent Weak References         2098 us, parallelism: 1.07x
[2026-04-03T02:17:38.925+0600][20.827s][info][gc,stats    ]   CWRF: <total>                    2237 us
[2026-04-03T02:17:38.925+0600][20.827s][info][gc,stats    ]   CWRF: Weak References            2237 us, workers (us): 1816, 395,  26, ---, ---, ---, 
[2026-04-03T02:17:38.926+0600][20.827s][info][gc,stats    ] Concurrent Weak Roots              4160 us
[2026-04-03T02:17:38.926+0600][20.827s][info][gc,stats    ]   Roots                            3780 us, parallelism: 2.67x
[2026-04-03T02:17:38.926+0600][20.827s][info][gc,stats    ]     CWR: <total>                  10086 us
[2026-04-03T02:17:38.926+0600][20.827s][info][gc,stats    ]     CWR: Code Cache Roots          6116 us, workers (us): 1897, 2099, 2121, ---, ---, ---, 
[2026-04-03T02:17:38.926+0600][20.827s][info][gc,stats    ]     CWR: VM Weak Roots             3824 us, workers (us): 1280, 1274, 1271, ---, ---, ---, 
[2026-04-03T02:17:38.926+0600][20.827s][info][gc,stats    ]     CWR: CLDG Roots                 145 us, workers (us): 145, ---, ---, ---, ---, ---, 
[2026-04-03T02:17:38.926+0600][20.827s][info][gc,stats    ]   Rendezvous                        257 us
[2026-04-03T02:17:38.926+0600][20.827s][info][gc,stats    ] Concurrent Cleanup                  676 us
[2026-04-03T02:17:38.926+0600][20.827s][info][gc,stats    ] Concurrent Class Unloading        49898 us
[2026-04-03T02:17:38.926+0600][20.827s][info][gc,stats    ]   Unlink Stale                    34490 us
[2026-04-03T02:17:38.926+0600][20.827s][info][gc,stats    ]     System Dictionary               612 us
[2026-04-03T02:17:38.926+0600][20.827s][info][gc,stats    ]     Weak Class Links              21799 us
[2026-04-03T02:17:38.926+0600][20.827s][info][gc,stats    ]     Code Roots                    12074 us
[2026-04-03T02:17:38.926+0600][20.827s][info][gc,stats    ]   Rendezvous                        261 us
[2026-04-03T02:17:38.926+0600][20.827s][info][gc,stats    ]   Purge Unlinked                  14983 us
[2026-04-03T02:17:38.926+0600][20.827s][info][gc,stats    ]     Code Roots                    14867 us
[2026-04-03T02:17:38.926+0600][20.827s][info][gc,stats    ]     CLDG                            115 us
[2026-04-03T02:17:38.926+0600][20.827s][info][gc,stats    ]     Exception Caches                  0 us
[2026-04-03T02:17:38.926+0600][20.827s][info][gc,stats    ] Concurrent Strong Roots            1118 us, parallelism: 0.68x
[2026-04-03T02:17:38.926+0600][20.827s][info][gc,stats    ]   CSR: <total>                      759 us
[2026-04-03T02:17:38.926+0600][20.827s][info][gc,stats    ]   CSR: VM Strong Roots               46 us, workers (us):  36,  10,   0, ---, ---, ---, 
[2026-04-03T02:17:38.926+0600][20.827s][info][gc,stats    ]   CSR: CLDG Roots                   713 us, workers (us): ---, 713, ---, ---, ---, ---, 
[2026-04-03T02:17:38.926+0600][20.827s][info][gc,stats    ] Concurrent Evacuation              6459 us
[2026-04-03T02:17:38.926+0600][20.827s][info][gc,stats    ] Pause Init Update Refs (G)          461 us
[2026-04-03T02:17:38.926+0600][20.827s][info][gc,stats    ] Pause Init Update Refs (N)          183 us
[2026-04-03T02:17:38.926+0600][20.827s][info][gc,stats    ]   Manage GCLABs                      27 us
[2026-04-03T02:17:38.926+0600][20.827s][info][gc,stats    ] Concurrent Update Refs            38796 us
[2026-04-03T02:17:38.926+0600][20.827s][info][gc,stats    ] Concurrent Update Thread Roots     1006 us
[2026-04-03T02:17:38.926+0600][20.827s][info][gc,stats    ] Pause Final Update Refs (G)         431 us
[2026-04-03T02:17:38.926+0600][20.827s][info][gc,stats    ] Pause Final Update Refs (N)         236 us
[2026-04-03T02:17:38.926+0600][20.827s][info][gc,stats    ]   Update Region States               61 us
[2026-04-03T02:17:38.926+0600][20.827s][info][gc,stats    ]   Trash Collection Set               21 us
[2026-04-03T02:17:38.926+0600][20.827s][info][gc,stats    ]   Rebuild Free Set                   46 us
[2026-04-03T02:17:38.926+0600][20.827s][info][gc,stats    ] Concurrent Cleanup                  721 us
[2026-04-03T02:17:38.926+0600][20.827s][info][gc,stats    ] 
[2026-04-03T02:17:38.926+0600][20.827s][info][gc,stats    ] Allocation pacing accrued:
[2026-04-03T02:17:38.926+0600][20.827s][info][gc,stats    ]       0 of  2384 ms (  0.0%): <total>
[2026-04-03T02:17:38.926+0600][20.827s][info][gc,stats    ]       0 of  2384 ms (  0.0%): <average total>
[2026-04-03T02:17:38.926+0600][20.827s][info][gc,stats    ] 
[2026-04-03T02:17:38.926+0600][20.827s][info][gc,metaspace] Metaspace: 121687K(122816K)->121805K(122880K) NonClass: 105982K(106624K)->106088K(106688K) Class: 15704K(16192K)->15717K(16192K)
[2026-04-03T02:17:38.926+0600][20.827s][info][gc,ergo     ] Pacer for Idle. Initial: 15360K, Alloc Tax Rate: 1.0x
[2026-04-03T02:17:39.061+0600][20.962s][info][gc          ] Trigger: Explicit GC request (System.gc())
[2026-04-03T02:17:39.061+0600][20.963s][info][gc,ergo     ] Free: 527M, Max: 256K regular, 255M humongous, Frag: 52% external, 0% internal; Reserve: 38400K, Max: 256K
[2026-04-03T02:17:39.062+0600][20.963s][info][gc,start    ] GC(7) Concurrent reset
[2026-04-03T02:17:39.062+0600][20.963s][info][gc,task     ] GC(7) Using 3 of 6 workers for concurrent reset
[2026-04-03T02:17:39.062+0600][20.963s][info][gc,ergo     ] GC(7) Pacer for Reset. Non-Taxable: 750M
[2026-04-03T02:17:39.063+0600][20.964s][info][gc          ] GC(7) Concurrent reset 1.222ms
[2026-04-03T02:17:39.063+0600][20.964s][info][gc,start    ] GC(7) Pause Init Mark (unload classes)
[2026-04-03T02:17:39.063+0600][20.964s][info][gc,task     ] GC(7) Using 6 of 6 workers for init marking
[2026-04-03T02:17:39.063+0600][20.964s][info][gc,ref      ] GC(7) Clearing All SoftReferences
[2026-04-03T02:17:39.063+0600][20.964s][info][gc,ergo     ] GC(7) Pacer for Mark. Expected Live: 49067K, Free: 527M, Non-Taxable: 54010K, Alloc Tax Rate: 0.1x
[2026-04-03T02:17:39.063+0600][20.964s][info][gc          ] GC(7) Pause Init Mark (unload classes) 0.172ms
[2026-04-03T02:17:39.063+0600][20.964s][info][gc,start    ] GC(7) Concurrent marking roots
[2026-04-03T02:17:39.063+0600][20.965s][info][gc,task     ] GC(7) Using 3 of 6 workers for concurrent marking roots
[2026-04-03T02:17:39.065+0600][20.966s][info][gc          ] GC(7) Concurrent marking roots 1.278ms
[2026-04-03T02:17:39.065+0600][20.966s][info][gc,start    ] GC(7) Concurrent marking (unload classes)
[2026-04-03T02:17:39.065+0600][20.966s][info][gc,task     ] GC(7) Using 3 of 6 workers for concurrent marking
[2026-04-03T02:17:39.103+0600][21.004s][info][gc          ] GC(7) Concurrent marking (unload classes) 38.428ms
[2026-04-03T02:17:39.103+0600][21.004s][info][gc,start    ] GC(7) Pause Final Mark (unload classes)
[2026-04-03T02:17:39.103+0600][21.004s][info][gc,task     ] GC(7) Using 6 of 6 workers for final marking
[2026-04-03T02:17:39.104+0600][21.005s][info][gc,ergo     ] GC(7) Adaptive CSet Selection. Target Free: 106M, Actual Free: 576M, Max CSet: 32000K, Min Garbage: 0B
[2026-04-03T02:17:39.104+0600][21.005s][info][gc,ergo     ] GC(7) Collectable Garbage: 103M (94%), Immediate: 12544K (11%), CSet: 93881K (83%)
[2026-04-03T02:17:39.104+0600][21.005s][info][gc,ergo     ] GC(7) Pacer for Evacuation. Used CSet: 100988K, Free: 541M, Non-Taxable: 55481K, Alloc Tax Rate: 1.1x
[2026-04-03T02:17:39.104+0600][21.005s][info][gc          ] GC(7) Pause Final Mark (unload classes) 0.748ms
[2026-04-03T02:17:39.104+0600][21.005s][info][gc,start    ] GC(7) Concurrent thread roots
[2026-04-03T02:17:39.104+0600][21.005s][info][gc,task     ] GC(7) Using 3 of 6 workers for Concurrent thread roots
[2026-04-03T02:17:39.105+0600][21.006s][info][gc          ] GC(7) Concurrent thread roots 0.632ms
[2026-04-03T02:17:39.105+0600][21.006s][info][gc,start    ] GC(7) Concurrent weak references
[2026-04-03T02:17:39.105+0600][21.006s][info][gc,task     ] GC(7) Using 3 of 6 workers for concurrent weak references
[2026-04-03T02:17:39.106+0600][21.007s][info][gc,ref      ] GC(7) Encountered references: Soft: 5591, Weak: 13399, Final: 84, Phantom: 610
[2026-04-03T02:17:39.106+0600][21.007s][info][gc,ref      ] GC(7) Discovered  references: Soft: 3240, Weak: 7786, Final: 48, Phantom: 608
[2026-04-03T02:17:39.106+0600][21.007s][info][gc,ref      ] GC(7) Enqueued    references: Soft: 2798, Weak: 438, Final: 0, Phantom: 0
[2026-04-03T02:17:39.106+0600][21.007s][info][gc          ] GC(7) Concurrent weak references 1.342ms
[2026-04-03T02:17:39.106+0600][21.007s][info][gc,start    ] GC(7) Concurrent weak roots
[2026-04-03T02:17:39.106+0600][21.007s][info][gc,task     ] GC(7) Using 3 of 6 workers for concurrent weak root
[2026-04-03T02:17:39.109+0600][21.010s][info][gc          ] GC(7) Concurrent weak roots 2.902ms
[2026-04-03T02:17:39.109+0600][21.010s][info][gc,start    ] GC(7) Concurrent cleanup
[2026-04-03T02:17:39.109+0600][21.011s][info][gc          ] GC(7) Concurrent cleanup 182M->169M(685M) 0.153ms
[2026-04-03T02:17:39.109+0600][21.011s][info][gc,ergo     ] GC(7) Free: 541M, Max: 256K regular, 255M humongous, Frag: 53% external, 0% internal; Reserve: 37488K, Max: 256K
[2026-04-03T02:17:39.109+0600][21.011s][info][gc,start    ] GC(7) Concurrent class unloading
[2026-04-03T02:17:39.110+0600][21.011s][info][gc,task     ] GC(7) Using 3 of 6 workers for concurrent class unloading
[2026-04-03T02:17:39.140+0600][21.042s][info][gc          ] GC(7) Concurrent class unloading 30.887ms
[2026-04-03T02:17:39.140+0600][21.042s][info][gc,start    ] GC(7) Concurrent strong roots
[2026-04-03T02:17:39.140+0600][21.042s][info][gc,task     ] GC(7) Using 3 of 6 workers for concurrent strong root
[2026-04-03T02:17:39.141+0600][21.042s][info][gc          ] GC(7) Concurrent strong roots 0.874ms
[2026-04-03T02:17:39.141+0600][21.042s][info][gc,start    ] GC(7) Concurrent evacuation
[2026-04-03T02:17:39.141+0600][21.042s][info][gc,task     ] GC(7) Using 3 of 6 workers for concurrent evacuation
[2026-04-03T02:17:39.147+0600][21.048s][info][gc          ] GC(7) Concurrent evacuation 5.277ms
[2026-04-03T02:17:39.147+0600][21.048s][info][gc,start    ] GC(7) Pause Init Update Refs
[2026-04-03T02:17:39.147+0600][21.048s][info][gc,ergo     ] GC(7) Pacer for Update Refs. Used: 179M, Free: 539M, Non-Taxable: 55225K, Alloc Tax Rate: 1.1x
[2026-04-03T02:17:39.147+0600][21.048s][info][gc          ] GC(7) Pause Init Update Refs 0.096ms
[2026-04-03T02:17:39.147+0600][21.048s][info][gc,start    ] GC(7) Concurrent update references
[2026-04-03T02:17:39.147+0600][21.048s][info][gc,task     ] GC(7) Using 3 of 6 workers for concurrent reference update
[2026-04-03T02:17:39.169+0600][21.070s][info][gc          ] GC(7) Concurrent update references 21.589ms
[2026-04-03T02:17:39.169+0600][21.070s][info][gc,start    ] GC(7) Concurrent update thread roots
[2026-04-03T02:17:39.170+0600][21.071s][info][gc          ] GC(7) Concurrent update thread roots 0.988ms
[2026-04-03T02:17:39.170+0600][21.071s][info][gc,start    ] GC(7) Pause Final Update Refs
[2026-04-03T02:17:39.170+0600][21.071s][info][gc,task     ] GC(7) Using 6 of 6 workers for final reference update
[2026-04-03T02:17:39.170+0600][21.071s][info][gc          ] GC(7) Pause Final Update Refs 0.136ms
[2026-04-03T02:17:39.170+0600][21.071s][info][gc,start    ] GC(7) Concurrent cleanup
[2026-04-03T02:17:39.170+0600][21.072s][info][gc          ] GC(7) Concurrent cleanup 179M->80M(691M) 0.216ms
[2026-04-03T02:17:39.170+0600][21.072s][info][gc,ergo     ] Free: 630M, Max: 256K regular, 367M humongous, Frag: 42% external, 0% internal; Reserve: 38400K, Max: 256K
[2026-04-03T02:17:39.171+0600][21.072s][info][gc,stats    ] 
[2026-04-03T02:17:39.171+0600][21.072s][info][gc,stats    ] All times are wall-clock times, except per-root-class counters, that are sum over
[2026-04-03T02:17:39.171+0600][21.072s][info][gc,stats    ] all workers. Dividing the <total> over the root stage time estimates parallelism.
[2026-04-03T02:17:39.171+0600][21.072s][info][gc,stats    ] 
[2026-04-03T02:17:39.171+0600][21.072s][info][gc,stats    ] Concurrent Reset                   1276 us
[2026-04-03T02:17:39.171+0600][21.072s][info][gc,stats    ] Pause Init Mark (G)                 550 us
[2026-04-03T02:17:39.171+0600][21.072s][info][gc,stats    ] Pause Init Mark (N)                 183 us
[2026-04-03T02:17:39.171+0600][21.072s][info][gc,stats    ]   Update Region States               37 us
[2026-04-03T02:17:39.171+0600][21.072s][info][gc,stats    ] Concurrent Mark Roots              1322 us, parallelism: 1.72x
[2026-04-03T02:17:39.171+0600][21.072s][info][gc,stats    ]   CMR: <total>                     2273 us
[2026-04-03T02:17:39.171+0600][21.072s][info][gc,stats    ]   CMR: Thread Roots                1847 us, workers (us): 675, 449, 724, ---, ---, ---, 
[2026-04-03T02:17:39.171+0600][21.072s][info][gc,stats    ]   CMR: VM Strong Roots              141 us, workers (us): 133,   3,   4, ---, ---, ---, 
[2026-04-03T02:17:39.171+0600][21.072s][info][gc,stats    ]   CMR: CLDG Roots                   286 us, workers (us): ---, 286, ---, ---, ---, ---, 
[2026-04-03T02:17:39.171+0600][21.072s][info][gc,stats    ] Concurrent Marking                38494 us
[2026-04-03T02:17:39.171+0600][21.072s][info][gc,stats    ] Pause Final Mark (G)               1118 us
[2026-04-03T02:17:39.171+0600][21.072s][info][gc,stats    ] Pause Final Mark (N)                758 us
[2026-04-03T02:17:39.171+0600][21.072s][info][gc,stats    ]   Finish Mark                       292 us
[2026-04-03T02:17:39.171+0600][21.072s][info][gc,stats    ]   Update Region States               35 us
[2026-04-03T02:17:39.171+0600][21.072s][info][gc,stats    ]   Choose Collection Set             199 us
[2026-04-03T02:17:39.171+0600][21.072s][info][gc,stats    ]   Rebuild Free Set                   32 us
[2026-04-03T02:17:39.171+0600][21.072s][info][gc,stats    ] Concurrent Thread Roots             661 us, parallelism: 1.88x
[2026-04-03T02:17:39.171+0600][21.072s][info][gc,stats    ]   CTR: <total>                     1241 us
[2026-04-03T02:17:39.171+0600][21.072s][info][gc,stats    ]   CTR: Thread Roots                1241 us, workers (us): 434, 410, 397, ---, ---, ---, 
[2026-04-03T02:17:39.171+0600][21.072s][info][gc,stats    ] Concurrent Weak References         1354 us, parallelism: 1.18x
[2026-04-03T02:17:39.171+0600][21.072s][info][gc,stats    ]   CWRF: <total>                    1599 us
[2026-04-03T02:17:39.171+0600][21.072s][info][gc,stats    ]   CWRF: Weak References            1599 us, workers (us): 502, 1014,  83, ---, ---, ---, 
[2026-04-03T02:17:39.171+0600][21.072s][info][gc,stats    ] Concurrent Weak Roots              2981 us
[2026-04-03T02:17:39.171+0600][21.072s][info][gc,stats    ]   Roots                            2679 us, parallelism: 2.63x
[2026-04-03T02:17:39.171+0600][21.072s][info][gc,stats    ]     CWR: <total>                   7034 us
[2026-04-03T02:17:39.171+0600][21.072s][info][gc,stats    ]     CWR: Code Cache Roots          4344 us, workers (us): 1497, 1406, 1442, ---, ---, ---, 
[2026-04-03T02:17:39.171+0600][21.072s][info][gc,stats    ]     CWR: VM Weak Roots             2609 us, workers (us): 893, 873, 842, ---, ---, ---, 
[2026-04-03T02:17:39.171+0600][21.072s][info][gc,stats    ]     CWR: CLDG Roots                  81 us, workers (us): ---,  81, ---, ---, ---, ---, 
[2026-04-03T02:17:39.171+0600][21.072s][info][gc,stats    ]   Rendezvous                        199 us
[2026-04-03T02:17:39.171+0600][21.072s][info][gc,stats    ] Concurrent Cleanup                  166 us
[2026-04-03T02:17:39.171+0600][21.072s][info][gc,stats    ] Concurrent Class Unloading        30959 us
[2026-04-03T02:17:39.171+0600][21.072s][info][gc,stats    ]   Unlink Stale                    27381 us
[2026-04-03T02:17:39.171+0600][21.072s][info][gc,stats    ]     System Dictionary               746 us
[2026-04-03T02:17:39.171+0600][21.072s][info][gc,stats    ]     Weak Class Links              19934 us
[2026-04-03T02:17:39.171+0600][21.072s][info][gc,stats    ]     Code Roots                     6695 us
[2026-04-03T02:17:39.171+0600][21.072s][info][gc,stats    ]   Rendezvous                        286 us
[2026-04-03T02:17:39.171+0600][21.072s][info][gc,stats    ]   Purge Unlinked                   3191 us
[2026-04-03T02:17:39.171+0600][21.072s][info][gc,stats    ]     Code Roots                     2315 us
[2026-04-03T02:17:39.171+0600][21.072s][info][gc,stats    ]     CLDG                            875 us
[2026-04-03T02:17:39.171+0600][21.072s][info][gc,stats    ]     Exception Caches                  0 us
[2026-04-03T02:17:39.171+0600][21.072s][info][gc,stats    ] Concurrent Strong Roots             919 us, parallelism: 0.66x
[2026-04-03T02:17:39.171+0600][21.072s][info][gc,stats    ]   CSR: <total>                      603 us
[2026-04-03T02:17:39.171+0600][21.072s][info][gc,stats    ]   CSR: VM Strong Roots               33 us, workers (us):  32,   1,   0, ---, ---, ---, 
[2026-04-03T02:17:39.171+0600][21.072s][info][gc,stats    ]   CSR: CLDG Roots                   570 us, workers (us): 570, ---, ---, ---, ---, ---, 
[2026-04-03T02:17:39.171+0600][21.072s][info][gc,stats    ] Concurrent Evacuation              5324 us
[2026-04-03T02:17:39.171+0600][21.072s][info][gc,stats    ] Pause Init Update Refs (G)          377 us
[2026-04-03T02:17:39.171+0600][21.072s][info][gc,stats    ] Pause Init Update Refs (N)          109 us
[2026-04-03T02:17:39.171+0600][21.072s][info][gc,stats    ]   Manage GCLABs                      18 us
[2026-04-03T02:17:39.171+0600][21.072s][info][gc,stats    ] Concurrent Update Refs            21660 us
[2026-04-03T02:17:39.171+0600][21.072s][info][gc,stats    ] Concurrent Update Thread Roots     1031 us
[2026-04-03T02:17:39.171+0600][21.072s][info][gc,stats    ] Pause Final Update Refs (G)         409 us
[2026-04-03T02:17:39.171+0600][21.072s][info][gc,stats    ] Pause Final Update Refs (N)         160 us
[2026-04-03T02:17:39.171+0600][21.072s][info][gc,stats    ]   Update Region States               38 us
[2026-04-03T02:17:39.171+0600][21.072s][info][gc,stats    ]   Trash Collection Set               15 us
[2026-04-03T02:17:39.171+0600][21.072s][info][gc,stats    ]   Rebuild Free Set                   27 us
[2026-04-03T02:17:39.171+0600][21.072s][info][gc,stats    ] Concurrent Cleanup                  235 us
[2026-04-03T02:17:39.171+0600][21.072s][info][gc,stats    ] 
[2026-04-03T02:17:39.171+0600][21.072s][info][gc,stats    ] Allocation pacing accrued:
[2026-04-03T02:17:39.171+0600][21.072s][info][gc,stats    ]       0 of   245 ms (  0.0%): <total>
[2026-04-03T02:17:39.171+0600][21.072s][info][gc,stats    ]       0 of   245 ms (  0.0%): <average total>
[2026-04-03T02:17:39.171+0600][21.072s][info][gc,stats    ] 
[2026-04-03T02:17:39.171+0600][21.072s][info][gc,metaspace] Metaspace: 121878K(122944K)->121003K(122880K) NonClass: 106155K(106752K)->105449K(106688K) Class: 15722K(16192K)->15553K(16192K)
[2026-04-03T02:17:39.171+0600][21.072s][info][gc,ergo     ] Pacer for Idle. Initial: 15360K, Alloc Tax Rate: 1.0x
[2026-04-03T02:17:39.171+0600][21.072s][info][gc,start    ] Concurrent uncommit
[2026-04-03T02:17:39.268+0600][21.169s][info][gc          ] Concurrent uncommit 80M->89M(92M) 96.373ms
[2026-04-03T02:17:39.948+0600][21.849s][info][gc          ] Trigger: Learning 2 of 5. Free (519M) is below initial threshold (525M)
[2026-04-03T02:17:39.948+0600][21.849s][info][gc,ergo     ] Free: 519M, Max: 256K regular, 367M humongous, Frag: 30% external, 0% internal; Reserve: 38400K, Max: 256K
[2026-04-03T02:17:39.948+0600][21.849s][info][gc,start    ] GC(8) Concurrent reset
[2026-04-03T02:17:39.948+0600][21.849s][info][gc,task     ] GC(8) Using 3 of 6 workers for concurrent reset
[2026-04-03T02:17:39.948+0600][21.849s][info][gc,ergo     ] GC(8) Pacer for Reset. Non-Taxable: 750M
[2026-04-03T02:17:39.950+0600][21.851s][info][gc          ] GC(8) Concurrent reset 1.731ms
[2026-04-03T02:17:39.955+0600][21.856s][info][gc,start    ] GC(8) Pause Init Mark (unload classes)
[2026-04-03T02:17:39.955+0600][21.856s][info][gc,task     ] GC(8) Using 5 of 6 workers for init marking
[2026-04-03T02:17:39.955+0600][21.856s][info][gc,ergo     ] GC(8) Pacer for Mark. Expected Live: 59238K, Free: 519M, Non-Taxable: 53219K, Alloc Tax Rate: 0.1x
[2026-04-03T02:17:39.955+0600][21.856s][info][gc          ] GC(8) Pause Init Mark (unload classes) 0.269ms
[2026-04-03T02:17:39.955+0600][21.856s][info][gc,start    ] GC(8) Concurrent marking roots
[2026-04-03T02:17:39.955+0600][21.856s][info][gc,task     ] GC(8) Using 3 of 6 workers for concurrent marking roots
[2026-04-03T02:17:39.956+0600][21.858s][info][gc          ] GC(8) Concurrent marking roots 1.543ms
[2026-04-03T02:17:39.956+0600][21.858s][info][gc,start    ] GC(8) Concurrent marking (unload classes)
[2026-04-03T02:17:39.956+0600][21.858s][info][gc,task     ] GC(8) Using 3 of 6 workers for concurrent marking
[2026-04-03T02:17:40.027+0600][21.928s][info][gc          ] GC(8) Concurrent marking (unload classes) 70.104ms
[2026-04-03T02:17:40.030+0600][21.931s][info][gc,start    ] GC(8) Pause Final Mark (unload classes)
[2026-04-03T02:17:40.030+0600][21.931s][info][gc,task     ] GC(8) Using 5 of 6 workers for final marking
[2026-04-03T02:17:40.030+0600][21.932s][info][gc,ergo     ] GC(8) Adaptive CSet Selection. Target Free: 106M, Actual Free: 553M, Max CSet: 32000K, Min Garbage: 0B
[2026-04-03T02:17:40.031+0600][21.932s][info][gc,ergo     ] GC(8) Collectable Garbage: 88432K (93%), Immediate: 46034K (48%), CSet: 42398K (44%)
[2026-04-03T02:17:40.031+0600][21.932s][info][gc,ergo     ] GC(8) Pacer for Evacuation. Used CSet: 47266K, Free: 522M, Non-Taxable: 53508K, Alloc Tax Rate: 1.1x
[2026-04-03T02:17:40.031+0600][21.932s][info][gc          ] GC(8) Pause Final Mark (unload classes) 0.730ms
[2026-04-03T02:17:40.031+0600][21.932s][info][gc,start    ] GC(8) Concurrent thread roots
[2026-04-03T02:17:40.031+0600][21.932s][info][gc,task     ] GC(8) Using 3 of 6 workers for Concurrent thread roots
[2026-04-03T02:17:40.033+0600][21.934s][info][gc          ] GC(8) Concurrent thread roots 1.701ms
[2026-04-03T02:17:40.033+0600][21.934s][info][gc,start    ] GC(8) Concurrent weak references
[2026-04-03T02:17:40.033+0600][21.934s][info][gc,task     ] GC(8) Using 3 of 6 workers for concurrent weak references
[2026-04-03T02:17:40.034+0600][21.935s][info][gc,ref      ] GC(8) Encountered references: Soft: 3565, Weak: 13979, Final: 84, Phantom: 613
[2026-04-03T02:17:40.034+0600][21.935s][info][gc,ref      ] GC(8) Discovered  references: Soft: 0, Weak: 7953, Final: 52, Phantom: 610
[2026-04-03T02:17:40.034+0600][21.935s][info][gc,ref      ] GC(8) Enqueued    references: Soft: 0, Weak: 490, Final: 0, Phantom: 0
[2026-04-03T02:17:40.034+0600][21.935s][info][gc          ] GC(8) Concurrent weak references 1.297ms
[2026-04-03T02:17:40.034+0600][21.935s][info][gc,start    ] GC(8) Concurrent weak roots
[2026-04-03T02:17:40.034+0600][21.935s][info][gc,task     ] GC(8) Using 3 of 6 workers for concurrent weak root
[2026-04-03T02:17:40.054+0600][21.955s][info][gc          ] GC(8) Concurrent weak roots 20.194ms
[2026-04-03T02:17:40.054+0600][21.955s][info][gc,start    ] GC(8) Concurrent cleanup
[2026-04-03T02:17:40.055+0600][21.956s][info][gc          ] GC(8) Concurrent cleanup 268M->223M(282M) 0.640ms
[2026-04-03T02:17:40.055+0600][21.956s][info][gc,ergo     ] GC(8) Free: 482M, Max: 256K regular, 352M humongous, Frag: 27% external, 0% internal; Reserve: 37437K, Max: 256K
[2026-04-03T02:17:40.055+0600][21.956s][info][gc,start    ] GC(8) Concurrent class unloading
[2026-04-03T02:17:40.055+0600][21.956s][info][gc,task     ] GC(8) Using 3 of 6 workers for concurrent class unloading
[2026-04-03T02:17:40.088+0600][21.989s][info][gc          ] GC(8) Concurrent class unloading 33.417ms
[2026-04-03T02:17:40.088+0600][21.990s][info][gc,start    ] GC(8) Concurrent strong roots
[2026-04-03T02:17:40.088+0600][21.990s][info][gc,task     ] GC(8) Using 3 of 6 workers for concurrent strong root
[2026-04-03T02:17:40.090+0600][21.992s][info][gc          ] GC(8) Concurrent strong roots 2.011ms
[2026-04-03T02:17:40.090+0600][21.992s][info][gc,start    ] GC(8) Concurrent evacuation
[2026-04-03T02:17:40.090+0600][21.992s][info][gc,task     ] GC(8) Using 3 of 6 workers for concurrent evacuation
[2026-04-03T02:17:40.095+0600][21.996s][info][gc          ] GC(8) Concurrent evacuation 4.293ms
[2026-04-03T02:17:40.099+0600][22.000s][info][gc,start    ] GC(8) Pause Init Update Refs
[2026-04-03T02:17:40.099+0600][22.000s][info][gc,ergo     ] GC(8) Pacer for Update Refs. Used: 252M, Free: 457M, Non-Taxable: 46809K, Alloc Tax Rate: 1.1x
[2026-04-03T02:17:40.099+0600][22.000s][info][gc          ] GC(8) Pause Init Update Refs 0.090ms
[2026-04-03T02:17:40.100+0600][22.001s][info][gc,start    ] GC(8) Concurrent update references
[2026-04-03T02:17:40.100+0600][22.001s][info][gc,task     ] GC(8) Using 3 of 6 workers for concurrent reference update
[2026-04-03T02:17:40.137+0600][22.038s][info][gc          ] GC(8) Concurrent update references 37.319ms
[2026-04-03T02:17:40.137+0600][22.038s][info][gc,start    ] GC(8) Concurrent update thread roots
[2026-04-03T02:17:40.143+0600][22.044s][info][gc          ] GC(8) Concurrent update thread roots 5.860ms
[2026-04-03T02:17:40.146+0600][22.047s][info][gc,start    ] GC(8) Pause Final Update Refs
[2026-04-03T02:17:40.146+0600][22.047s][info][gc,task     ] GC(8) Using 6 of 6 workers for final reference update
[2026-04-03T02:17:40.146+0600][22.047s][info][gc          ] GC(8) Pause Final Update Refs 0.175ms
[2026-04-03T02:17:40.146+0600][22.048s][info][gc,start    ] GC(8) Concurrent cleanup
[2026-04-03T02:17:40.147+0600][22.048s][info][gc          ] GC(8) Concurrent cleanup 334M->288M(371M) 0.576ms
[2026-04-03T02:17:40.147+0600][22.048s][info][gc,ergo     ] Free: 410M, Max: 256K regular, 267M humongous, Frag: 35% external, 0% internal; Reserve: 38400K, Max: 256K
[2026-04-03T02:17:40.147+0600][22.048s][info][gc,stats    ] 
[2026-04-03T02:17:40.147+0600][22.048s][info][gc,stats    ] All times are wall-clock times, except per-root-class counters, that are sum over
[2026-04-03T02:17:40.147+0600][22.048s][info][gc,stats    ] all workers. Dividing the <total> over the root stage time estimates parallelism.
[2026-04-03T02:17:40.147+0600][22.048s][info][gc,stats    ] 
[2026-04-03T02:17:40.147+0600][22.048s][info][gc,stats    ] Concurrent Reset                   1829 us
[2026-04-03T02:17:40.147+0600][22.048s][info][gc,stats    ] Pause Init Mark (G)                4779 us
[2026-04-03T02:17:40.147+0600][22.048s][info][gc,stats    ] Pause Init Mark (N)                 283 us
[2026-04-03T02:17:40.147+0600][22.048s][info][gc,stats    ]   Update Region States               78 us
[2026-04-03T02:17:40.147+0600][22.048s][info][gc,stats    ] Concurrent Mark Roots              1584 us, parallelism: 2.10x
[2026-04-03T02:17:40.147+0600][22.048s][info][gc,stats    ]   CMR: <total>                     3323 us
[2026-04-03T02:17:40.147+0600][22.048s][info][gc,stats    ]   CMR: Thread Roots                2710 us, workers (us): 577, 1085, 1048, ---, ---, ---, 
[2026-04-03T02:17:40.147+0600][22.048s][info][gc,stats    ]   CMR: VM Strong Roots              107 us, workers (us):  28,  28,  51, ---, ---, ---, 
[2026-04-03T02:17:40.147+0600][22.048s][info][gc,stats    ]   CMR: CLDG Roots                   505 us, workers (us): 505, ---, ---, ---, ---, ---, 
[2026-04-03T02:17:40.147+0600][22.048s][info][gc,stats    ] Concurrent Marking                70201 us
[2026-04-03T02:17:40.147+0600][22.048s][info][gc,stats    ] Pause Final Mark (G)               4170 us
[2026-04-03T02:17:40.147+0600][22.048s][info][gc,stats    ] Pause Final Mark (N)                762 us
[2026-04-03T02:17:40.147+0600][22.048s][info][gc,stats    ]   Finish Mark                       226 us
[2026-04-03T02:17:40.147+0600][22.048s][info][gc,stats    ]   Update Region States               55 us
[2026-04-03T02:17:40.147+0600][22.048s][info][gc,stats    ]   Choose Collection Set             225 us
[2026-04-03T02:17:40.147+0600][22.048s][info][gc,stats    ]   Rebuild Free Set                   46 us
[2026-04-03T02:17:40.147+0600][22.048s][info][gc,stats    ] Concurrent Thread Roots            1766 us, parallelism: 1.36x
[2026-04-03T02:17:40.147+0600][22.049s][info][gc,stats    ]   CTR: <total>                     2405 us
[2026-04-03T02:17:40.147+0600][22.049s][info][gc,stats    ]   CTR: Thread Roots                2405 us, workers (us): 1594, 716,  95, ---, ---, ---, 
[2026-04-03T02:17:40.147+0600][22.049s][info][gc,stats    ] Concurrent Weak References         1313 us, parallelism: 1.22x
[2026-04-03T02:17:40.147+0600][22.049s][info][gc,stats    ]   CWRF: <total>                    1598 us
[2026-04-03T02:17:40.147+0600][22.049s][info][gc,stats    ]   CWRF: Weak References            1598 us, workers (us): 1095, 295, 208, ---, ---, ---, 
[2026-04-03T02:17:40.147+0600][22.049s][info][gc,stats    ] Concurrent Weak Roots             20294 us
[2026-04-03T02:17:40.147+0600][22.049s][info][gc,stats    ]   Roots                           13086 us, parallelism: 2.74x
[2026-04-03T02:17:40.147+0600][22.049s][info][gc,stats    ]     CWR: <total>                  35830 us
[2026-04-03T02:17:40.147+0600][22.049s][info][gc,stats    ]     CWR: Code Cache Roots          5089 us, workers (us): 2288, 2801,   1, ---, ---, ---, 
[2026-04-03T02:17:40.148+0600][22.049s][info][gc,stats    ]     CWR: VM Weak Roots            30526 us, workers (us): 9304, 8612, 12610, ---, ---, ---, 
[2026-04-03T02:17:40.148+0600][22.049s][info][gc,stats    ]     CWR: CLDG Roots                 215 us, workers (us): ---, 215, ---, ---, ---, ---, 
[2026-04-03T02:17:40.148+0600][22.049s][info][gc,stats    ]   Rendezvous                       7074 us
[2026-04-03T02:17:40.148+0600][22.049s][info][gc,stats    ] Concurrent Cleanup                  670 us
[2026-04-03T02:17:40.148+0600][22.049s][info][gc,stats    ] Concurrent Class Unloading        33494 us
[2026-04-03T02:17:40.148+0600][22.049s][info][gc,stats    ]   Unlink Stale                    30354 us
[2026-04-03T02:17:40.148+0600][22.049s][info][gc,stats    ]     System Dictionary               524 us
[2026-04-03T02:17:40.148+0600][22.049s][info][gc,stats    ]     Weak Class Links              19904 us
[2026-04-03T02:17:40.148+0600][22.049s][info][gc,stats    ]     Code Roots                     9922 us
[2026-04-03T02:17:40.148+0600][22.049s][info][gc,stats    ]   Rendezvous                        301 us
[2026-04-03T02:17:40.148+0600][22.049s][info][gc,stats    ]   Purge Unlinked                   2724 us
[2026-04-03T02:17:40.148+0600][22.049s][info][gc,stats    ]     Code Roots                     2568 us
[2026-04-03T02:17:40.148+0600][22.049s][info][gc,stats    ]     CLDG                            155 us
[2026-04-03T02:17:40.148+0600][22.049s][info][gc,stats    ]     Exception Caches                  0 us
[2026-04-03T02:17:40.148+0600][22.049s][info][gc,stats    ] Concurrent Strong Roots            2048 us, parallelism: 0.85x
[2026-04-03T02:17:40.148+0600][22.049s][info][gc,stats    ]   CSR: <total>                     1733 us
[2026-04-03T02:17:40.148+0600][22.049s][info][gc,stats    ]   CSR: VM Strong Roots               81 us, workers (us):  45,  36,   1, ---, ---, ---, 
[2026-04-03T02:17:40.148+0600][22.049s][info][gc,stats    ]   CSR: CLDG Roots                  1652 us, workers (us): ---, 1652, ---, ---, ---, ---, 
[2026-04-03T02:17:40.148+0600][22.049s][info][gc,stats    ] Concurrent Evacuation              4351 us
[2026-04-03T02:17:40.148+0600][22.049s][info][gc,stats    ] Pause Init Update Refs (G)         4642 us
[2026-04-03T02:17:40.148+0600][22.049s][info][gc,stats    ] Pause Init Update Refs (N)          100 us
[2026-04-03T02:17:40.148+0600][22.049s][info][gc,stats    ]   Manage GCLABs                      23 us
[2026-04-03T02:17:40.148+0600][22.049s][info][gc,stats    ] Concurrent Update Refs            37436 us
[2026-04-03T02:17:40.148+0600][22.049s][info][gc,stats    ] Concurrent Update Thread Roots     5981 us
[2026-04-03T02:17:40.148+0600][22.049s][info][gc,stats    ] Pause Final Update Refs (G)        3543 us
[2026-04-03T02:17:40.148+0600][22.049s][info][gc,stats    ] Pause Final Update Refs (N)         187 us
[2026-04-03T02:17:40.148+0600][22.049s][info][gc,stats    ]   Update Region States               48 us
[2026-04-03T02:17:40.148+0600][22.049s][info][gc,stats    ]   Trash Collection Set               10 us
[2026-04-03T02:17:40.148+0600][22.049s][info][gc,stats    ]   Rebuild Free Set                   37 us
[2026-04-03T02:17:40.148+0600][22.049s][info][gc,stats    ] Concurrent Cleanup                  605 us
[2026-04-03T02:17:40.148+0600][22.049s][info][gc,stats    ] Pacing                           121022 us
[2026-04-03T02:17:40.148+0600][22.049s][info][gc,stats    ] 
[2026-04-03T02:17:40.148+0600][22.049s][info][gc,stats    ] Allocation pacing accrued:
[2026-04-03T02:17:40.148+0600][22.049s][info][gc,stats    ]      11 of   977 ms (  1.2%): C1 CompilerThread0
[2026-04-03T02:17:40.148+0600][22.049s][info][gc,stats    ]      28 of   977 ms (  2.8%): Executor task launch worker for task 2.0 in stage 33.0 (TID 55)
[2026-04-03T02:17:40.148+0600][22.049s][info][gc,stats    ]      27 of   977 ms (  2.8%): Executor task launch worker for task 3.0 in stage 33.0 (TID 56)
[2026-04-03T02:17:40.148+0600][22.049s][info][gc,stats    ]      29 of   977 ms (  2.9%): Executor task launch worker for task 1.0 in stage 33.0 (TID 54)
[2026-04-03T02:17:40.148+0600][22.049s][info][gc,stats    ]      26 of   977 ms (  2.7%): Executor task launch worker for task 0.0 in stage 33.0 (TID 53)
[2026-04-03T02:17:40.148+0600][22.049s][info][gc,stats    ]     121 of   977 ms ( 12.4%): <total>
[2026-04-03T02:17:40.148+0600][22.049s][info][gc,stats    ]       1 of   977 ms (  0.1%): <average total>
[2026-04-03T02:17:40.148+0600][22.049s][info][gc,stats    ]      24 of   977 ms (  2.5%): <average non-zero>
[2026-04-03T02:17:40.148+0600][22.049s][info][gc,stats    ] 
[2026-04-03T02:17:40.148+0600][22.049s][info][gc,metaspace] Metaspace: 122691K(123776K)->122734K(123904K) NonClass: 106867K(107456K)->106911K(107584K) Class: 15823K(16320K)->15823K(16320K)
[2026-04-03T02:17:40.148+0600][22.049s][info][gc,ergo     ] Pacer for Idle. Initial: 15360K, Alloc Tax Rate: 1.0x
[2026-04-03T02:17:40.149+0600][22.050s][info][gc          ] Trigger: Learning 3 of 5. Free (401M) is below initial threshold (525M)
[2026-04-03T02:17:40.149+0600][22.050s][info][gc,ergo     ] Free: 401M, Max: 256K regular, 267M humongous, Frag: 34% external, 0% internal; Reserve: 38400K, Max: 256K
[2026-04-03T02:17:40.149+0600][22.050s][info][gc,start    ] GC(9) Concurrent reset
[2026-04-03T02:17:40.149+0600][22.050s][info][gc,task     ] GC(9) Using 3 of 6 workers for concurrent reset
[2026-04-03T02:17:40.149+0600][22.050s][info][gc,ergo     ] GC(9) Pacer for Reset. Non-Taxable: 750M
[2026-04-03T02:17:40.151+0600][22.052s][info][gc          ] GC(9) Concurrent reset 1.428ms
[2026-04-03T02:17:40.152+0600][22.053s][info][gc,start    ] GC(9) Pause Init Mark (unload classes)
[2026-04-03T02:17:40.152+0600][22.053s][info][gc,task     ] GC(9) Using 6 of 6 workers for init marking
[2026-04-03T02:17:40.152+0600][22.053s][info][gc,ergo     ] GC(9) Pacer for Mark. Expected Live: 72223K, Free: 383M, Non-Taxable: 39238K, Alloc Tax Rate: 0.2x
[2026-04-03T02:17:40.152+0600][22.053s][info][gc          ] GC(9) Pause Init Mark (unload classes) 0.187ms
[2026-04-03T02:17:40.152+0600][22.053s][info][gc,start    ] GC(9) Concurrent marking roots
[2026-04-03T02:17:40.152+0600][22.053s][info][gc,task     ] GC(9) Using 3 of 6 workers for concurrent marking roots
[2026-04-03T02:17:40.153+0600][22.054s][info][gc          ] GC(9) Concurrent marking roots 1.300ms
[2026-04-03T02:17:40.153+0600][22.055s][info][gc,start    ] GC(9) Concurrent marking (unload classes)
[2026-04-03T02:17:40.153+0600][22.055s][info][gc,task     ] GC(9) Using 3 of 6 workers for concurrent marking
[2026-04-03T02:17:40.213+0600][22.114s][info][gc          ] GC(9) Concurrent marking (unload classes) 59.417ms
[2026-04-03T02:17:40.213+0600][22.114s][info][gc,start    ] GC(9) Pause Final Mark (unload classes)
[2026-04-03T02:17:40.213+0600][22.114s][info][gc,task     ] GC(9) Using 6 of 6 workers for final marking
[2026-04-03T02:17:40.214+0600][22.115s][info][gc,ergo     ] GC(9) Adaptive CSet Selection. Target Free: 106M, Actual Free: 551M, Max CSet: 32000K, Min Garbage: 0B
[2026-04-03T02:17:40.214+0600][22.115s][info][gc,ergo     ] GC(9) Collectable Garbage: 214M (97%), Immediate: 194M (88%), CSet: 19995K (8%)
[2026-04-03T02:17:40.214+0600][22.115s][info][gc,ergo     ] GC(9) Pacer for Evacuation. Used CSet: 23552K, Free: 526M, Non-Taxable: 53959K, Alloc Tax Rate: 1.1x
[2026-04-03T02:17:40.214+0600][22.115s][info][gc          ] GC(9) Pause Final Mark (unload classes) 0.789ms
[2026-04-03T02:17:40.214+0600][22.115s][info][gc,start    ] GC(9) Concurrent thread roots
[2026-04-03T02:17:40.214+0600][22.115s][info][gc,task     ] GC(9) Using 3 of 6 workers for Concurrent thread roots
[2026-04-03T02:17:40.217+0600][22.118s][info][gc          ] GC(9) Concurrent thread roots 2.444ms
[2026-04-03T02:17:40.217+0600][22.118s][info][gc,start    ] GC(9) Concurrent weak references
[2026-04-03T02:17:40.217+0600][22.118s][info][gc,task     ] GC(9) Using 3 of 6 workers for concurrent weak references
[2026-04-03T02:17:40.218+0600][22.119s][info][gc,ref      ] GC(9) Encountered references: Soft: 3567, Weak: 13543, Final: 84, Phantom: 636
[2026-04-03T02:17:40.218+0600][22.119s][info][gc,ref      ] GC(9) Discovered  references: Soft: 0, Weak: 6156, Final: 0, Phantom: 632
[2026-04-03T02:17:40.218+0600][22.119s][info][gc,ref      ] GC(9) Enqueued    references: Soft: 0, Weak: 24, Final: 0, Phantom: 0
[2026-04-03T02:17:40.218+0600][22.119s][info][gc          ] GC(9) Concurrent weak references 1.234ms
[2026-04-03T02:17:40.218+0600][22.119s][info][gc,start    ] GC(9) Concurrent weak roots
[2026-04-03T02:17:40.218+0600][22.119s][info][gc,task     ] GC(9) Using 3 of 6 workers for concurrent weak root
[2026-04-03T02:17:40.221+0600][22.122s][info][gc          ] GC(9) Concurrent weak roots 3.099ms
[2026-04-03T02:17:40.221+0600][22.122s][info][gc,start    ] GC(9) Concurrent cleanup
[2026-04-03T02:17:40.222+0600][22.123s][info][gc          ] GC(9) Concurrent cleanup 373M->178M(414M) 0.685ms
[2026-04-03T02:17:40.222+0600][22.123s][info][gc,ergo     ] GC(9) Free: 526M, Max: 256K regular, 225M humongous, Frag: 58% external, 0% internal; Reserve: 38357K, Max: 256K
[2026-04-03T02:17:40.222+0600][22.123s][info][gc,start    ] GC(9) Concurrent class unloading
[2026-04-03T02:17:40.222+0600][22.123s][info][gc,task     ] GC(9) Using 3 of 6 workers for concurrent class unloading
[2026-04-03T02:17:40.265+0600][22.167s][info][gc          ] GC(9) Concurrent class unloading 43.654ms
[2026-04-03T02:17:40.266+0600][22.167s][info][gc,start    ] GC(9) Concurrent strong roots
[2026-04-03T02:17:40.266+0600][22.167s][info][gc,task     ] GC(9) Using 3 of 6 workers for concurrent strong root
[2026-04-03T02:17:40.269+0600][22.170s][info][gc          ] GC(9) Concurrent strong roots 3.459ms
[2026-04-03T02:17:40.269+0600][22.170s][info][gc,start    ] GC(9) Concurrent evacuation
[2026-04-03T02:17:40.269+0600][22.170s][info][gc,task     ] GC(9) Using 3 of 6 workers for concurrent evacuation
[2026-04-03T02:17:40.282+0600][22.183s][info][gc          ] GC(9) Concurrent evacuation 12.742ms
[2026-04-03T02:17:40.283+0600][22.184s][info][gc,start    ] GC(9) Pause Init Update Refs
[2026-04-03T02:17:40.283+0600][22.184s][info][gc,ergo     ] GC(9) Pacer for Update Refs. Used: 193M, Free: 516M, Non-Taxable: 52871K, Alloc Tax Rate: 1.1x
[2026-04-03T02:17:40.283+0600][22.184s][info][gc          ] GC(9) Pause Init Update Refs 0.167ms
[2026-04-03T02:17:40.287+0600][22.188s][info][gc,start    ] GC(9) Concurrent update references
[2026-04-03T02:17:40.287+0600][22.188s][info][gc,task     ] GC(9) Using 3 of 6 workers for concurrent reference update
[2026-04-03T02:17:40.362+0600][22.263s][info][gc          ] GC(9) Concurrent update references 75.274ms
[2026-04-03T02:17:40.362+0600][22.263s][info][gc,start    ] GC(9) Concurrent update thread roots
[2026-04-03T02:17:40.364+0600][22.265s][info][gc          ] GC(9) Concurrent update thread roots 1.427ms
[2026-04-03T02:17:40.364+0600][22.265s][info][gc,start    ] GC(9) Pause Final Update Refs
[2026-04-03T02:17:40.364+0600][22.265s][info][gc,task     ] GC(9) Using 6 of 6 workers for final reference update
[2026-04-03T02:17:40.364+0600][22.265s][info][gc          ] GC(9) Pause Final Update Refs 0.168ms
[2026-04-03T02:17:40.368+0600][22.269s][info][gc,start    ] GC(9) Concurrent cleanup
[2026-04-03T02:17:40.368+0600][22.269s][info][gc          ] GC(9) Concurrent cleanup 198M->175M(417M) 0.583ms
[2026-04-03T02:17:40.368+0600][22.270s][info][gc,ergo     ] Free: 529M, Max: 256K regular, 225M humongous, Frag: 58% external, 0% internal; Reserve: 38400K, Max: 256K
[2026-04-03T02:17:40.368+0600][22.270s][info][gc,stats    ] 
[2026-04-03T02:17:40.368+0600][22.270s][info][gc,stats    ] All times are wall-clock times, except per-root-class counters, that are sum over
[2026-04-03T02:17:40.368+0600][22.270s][info][gc,stats    ] all workers. Dividing the <total> over the root stage time estimates parallelism.
[2026-04-03T02:17:40.368+0600][22.270s][info][gc,stats    ] 
[2026-04-03T02:17:40.368+0600][22.270s][info][gc,stats    ] Concurrent Reset                   1554 us
[2026-04-03T02:17:40.369+0600][22.270s][info][gc,stats    ] Pause Init Mark (G)                1361 us
[2026-04-03T02:17:40.369+0600][22.270s][info][gc,stats    ] Pause Init Mark (N)                 201 us
[2026-04-03T02:17:40.369+0600][22.270s][info][gc,stats    ]   Update Region States               46 us
[2026-04-03T02:17:40.369+0600][22.270s][info][gc,stats    ] Concurrent Mark Roots              1338 us, parallelism: 2.01x
[2026-04-03T02:17:40.369+0600][22.270s][info][gc,stats    ]   CMR: <total>                     2693 us
[2026-04-03T02:17:40.369+0600][22.270s][info][gc,stats    ]   CMR: Thread Roots                2069 us, workers (us): 769, 813, 487, ---, ---, ---, 
[2026-04-03T02:17:40.369+0600][22.270s][info][gc,stats    ]   CMR: VM Strong Roots              199 us, workers (us): 118,  65,  16, ---, ---, ---, 
[2026-04-03T02:17:40.369+0600][22.270s][info][gc,stats    ]   CMR: CLDG Roots                   425 us, workers (us): ---, ---, 425, ---, ---, ---, 
[2026-04-03T02:17:40.369+0600][22.270s][info][gc,stats    ] Concurrent Marking                59510 us
[2026-04-03T02:17:40.369+0600][22.270s][info][gc,stats    ] Pause Final Mark (G)               1175 us
[2026-04-03T02:17:40.369+0600][22.270s][info][gc,stats    ] Pause Final Mark (N)                804 us
[2026-04-03T02:17:40.369+0600][22.270s][info][gc,stats    ]   Finish Mark                       202 us
[2026-04-03T02:17:40.369+0600][22.270s][info][gc,stats    ]   Update Region States               67 us
[2026-04-03T02:17:40.369+0600][22.270s][info][gc,stats    ]   Choose Collection Set             342 us
[2026-04-03T02:17:40.369+0600][22.270s][info][gc,stats    ]   Rebuild Free Set                   51 us
[2026-04-03T02:17:40.369+0600][22.270s][info][gc,stats    ] Concurrent Thread Roots            2507 us, parallelism: 1.56x
[2026-04-03T02:17:40.369+0600][22.270s][info][gc,stats    ]   CTR: <total>                     3901 us
[2026-04-03T02:17:40.369+0600][22.270s][info][gc,stats    ]   CTR: Thread Roots                3901 us, workers (us): 2186, 855, 860, ---, ---, ---, 
[2026-04-03T02:17:40.369+0600][22.270s][info][gc,stats    ] Concurrent Weak References         1246 us, parallelism: 0.98x
[2026-04-03T02:17:40.369+0600][22.270s][info][gc,stats    ]   CWRF: <total>                    1215 us
[2026-04-03T02:17:40.369+0600][22.270s][info][gc,stats    ]   CWRF: Weak References            1215 us, workers (us): 240,  68, 907, ---, ---, ---, 
[2026-04-03T02:17:40.369+0600][22.270s][info][gc,stats    ] Concurrent Weak Roots              3176 us
[2026-04-03T02:17:40.369+0600][22.270s][info][gc,stats    ]   Roots                            2731 us, parallelism: 2.64x
[2026-04-03T02:17:40.369+0600][22.270s][info][gc,stats    ]     CWR: <total>                   7200 us
[2026-04-03T02:17:40.369+0600][22.270s][info][gc,stats    ]     CWR: Code Cache Roots          4873 us, workers (us): 1695, 1638, 1540, ---, ---, ---, 
[2026-04-03T02:17:40.369+0600][22.270s][info][gc,stats    ]     CWR: VM Weak Roots             2134 us, workers (us): 735, 724, 675, ---, ---, ---, 
[2026-04-03T02:17:40.369+0600][22.270s][info][gc,stats    ]     CWR: CLDG Roots                 194 us, workers (us): ---, ---, 194, ---, ---, ---, 
[2026-04-03T02:17:40.369+0600][22.270s][info][gc,stats    ]   Rendezvous                        341 us
[2026-04-03T02:17:40.369+0600][22.270s][info][gc,stats    ] Concurrent Cleanup                  713 us
[2026-04-03T02:17:40.369+0600][22.270s][info][gc,stats    ] Concurrent Class Unloading        43788 us
[2026-04-03T02:17:40.369+0600][22.270s][info][gc,stats    ]   Unlink Stale                    38268 us
[2026-04-03T02:17:40.369+0600][22.270s][info][gc,stats    ]     System Dictionary               370 us
[2026-04-03T02:17:40.369+0600][22.270s][info][gc,stats    ]     Weak Class Links              19858 us
[2026-04-03T02:17:40.369+0600][22.270s][info][gc,stats    ]     Code Roots                    18036 us
[2026-04-03T02:17:40.369+0600][22.270s][info][gc,stats    ]   Rendezvous                       3679 us
[2026-04-03T02:17:40.369+0600][22.270s][info][gc,stats    ]   Purge Unlinked                   1676 us
[2026-04-03T02:17:40.369+0600][22.270s][info][gc,stats    ]     Code Roots                     1621 us
[2026-04-03T02:17:40.369+0600][22.270s][info][gc,stats    ]     CLDG                             54 us
[2026-04-03T02:17:40.369+0600][22.270s][info][gc,stats    ]     Exception Caches                  1 us
[2026-04-03T02:17:40.369+0600][22.270s][info][gc,stats    ] Concurrent Strong Roots            3552 us, parallelism: 0.24x
[2026-04-03T02:17:40.369+0600][22.270s][info][gc,stats    ]   CSR: <total>                      866 us
[2026-04-03T02:17:40.369+0600][22.270s][info][gc,stats    ]   CSR: VM Strong Roots               56 us, workers (us):  33,  23,   0, ---, ---, ---, 
[2026-04-03T02:17:40.369+0600][22.270s][info][gc,stats    ]   CSR: CLDG Roots                   810 us, workers (us): 810, ---, ---, ---, ---, ---, 
[2026-04-03T02:17:40.369+0600][22.270s][info][gc,stats    ] Concurrent Evacuation             12880 us
[2026-04-03T02:17:40.369+0600][22.270s][info][gc,stats    ] Pause Init Update Refs (G)         4710 us
[2026-04-03T02:17:40.369+0600][22.270s][info][gc,stats    ] Pause Init Update Refs (N)          185 us
[2026-04-03T02:17:40.369+0600][22.270s][info][gc,stats    ]   Manage GCLABs                      30 us
[2026-04-03T02:17:40.369+0600][22.270s][info][gc,stats    ] Concurrent Update Refs            75377 us
[2026-04-03T02:17:40.369+0600][22.270s][info][gc,stats    ] Concurrent Update Thread Roots     1474 us
[2026-04-03T02:17:40.369+0600][22.270s][info][gc,stats    ] Pause Final Update Refs (G)        4100 us
[2026-04-03T02:17:40.369+0600][22.270s][info][gc,stats    ] Pause Final Update Refs (N)         188 us
[2026-04-03T02:17:40.369+0600][22.270s][info][gc,stats    ]   Update Region States               59 us
[2026-04-03T02:17:40.369+0600][22.270s][info][gc,stats    ]   Trash Collection Set               13 us
[2026-04-03T02:17:40.369+0600][22.270s][info][gc,stats    ]   Rebuild Free Set                   49 us
[2026-04-03T02:17:40.369+0600][22.270s][info][gc,stats    ] Concurrent Cleanup                  618 us
[2026-04-03T02:17:40.369+0600][22.270s][info][gc,stats    ] 
[2026-04-03T02:17:40.369+0600][22.270s][info][gc,stats    ] Allocation pacing accrued:
[2026-04-03T02:17:40.369+0600][22.270s][info][gc,stats    ]       0 of   221 ms (  0.0%): <total>
[2026-04-03T02:17:40.369+0600][22.270s][info][gc,stats    ]       0 of   221 ms (  0.0%): <average total>
[2026-04-03T02:17:40.369+0600][22.270s][info][gc,stats    ] 
[2026-04-03T02:17:40.369+0600][22.270s][info][gc,metaspace] Metaspace: 122734K(123904K)->122824K(123904K) NonClass: 106911K(107584K)->106988K(107584K) Class: 15823K(16320K)->15836K(16320K)
[2026-04-03T02:17:40.369+0600][22.270s][info][gc,ergo     ] Pacer for Idle. Initial: 15360K, Alloc Tax Rate: 1.0x
[2026-04-03T02:17:40.441+0600][22.342s][info][gc          ] Trigger: Learning 4 of 5. Free (524M) is below initial threshold (525M)
[2026-04-03T02:17:40.441+0600][22.342s][info][gc,ergo     ] Free: 524M, Max: 256K regular, 225M humongous, Frag: 58% external, 0% internal; Reserve: 38400K, Max: 256K
[2026-04-03T02:17:40.441+0600][22.342s][info][gc,start    ] GC(10) Concurrent reset
[2026-04-03T02:17:40.441+0600][22.342s][info][gc,task     ] GC(10) Using 3 of 6 workers for concurrent reset
[2026-04-03T02:17:40.441+0600][22.342s][info][gc,ergo     ] GC(10) Pacer for Reset. Non-Taxable: 750M
[2026-04-03T02:17:40.445+0600][22.346s][info][gc          ] GC(10) Concurrent reset 3.300ms
[2026-04-03T02:17:40.445+0600][22.346s][info][gc,start    ] GC(10) Pause Init Mark (unload classes)
[2026-04-03T02:17:40.445+0600][22.346s][info][gc,task     ] GC(10) Using 6 of 6 workers for init marking
[2026-04-03T02:17:40.445+0600][22.347s][info][gc,ergo     ] GC(10) Pacer for Mark. Expected Live: 84406K, Free: 524M, Non-Taxable: 53739K, Alloc Tax Rate: 0.2x
[2026-04-03T02:17:40.445+0600][22.347s][info][gc          ] GC(10) Pause Init Mark (unload classes) 0.237ms
[2026-04-03T02:17:40.446+0600][22.347s][info][gc,start    ] GC(10) Concurrent marking roots
[2026-04-03T02:17:40.446+0600][22.347s][info][gc,task     ] GC(10) Using 3 of 6 workers for concurrent marking roots
[2026-04-03T02:17:40.449+0600][22.350s][info][gc          ] GC(10) Concurrent marking roots 2.931ms
[2026-04-03T02:17:40.449+0600][22.350s][info][gc,start    ] GC(10) Concurrent marking (unload classes)
[2026-04-03T02:17:40.449+0600][22.350s][info][gc,task     ] GC(10) Using 3 of 6 workers for concurrent marking
[2026-04-03T02:17:40.543+0600][22.444s][info][gc          ] GC(10) Concurrent marking (unload classes) 94.565ms
[2026-04-03T02:17:40.544+0600][22.445s][info][gc,start    ] GC(10) Pause Final Mark (unload classes)
[2026-04-03T02:17:40.544+0600][22.445s][info][gc,task     ] GC(10) Using 6 of 6 workers for final marking
[2026-04-03T02:17:40.544+0600][22.445s][info][gc,ergo     ] GC(10) Adaptive CSet Selection. Target Free: 106M, Actual Free: 636M, Max CSet: 32000K, Min Garbage: 0B
[2026-04-03T02:17:40.544+0600][22.445s][info][gc,ergo     ] GC(10) Collectable Garbage: 98643K (93%), Immediate: 81024K (76%), CSet: 17618K (16%)
[2026-04-03T02:17:40.544+0600][22.446s][info][gc,ergo     ] GC(10) Pacer for Evacuation. Used CSet: 21133K, Free: 605M, Non-Taxable: 61958K, Alloc Tax Rate: 1.1x
[2026-04-03T02:17:40.544+0600][22.446s][info][gc          ] GC(10) Pause Final Mark (unload classes) 0.835ms
[2026-04-03T02:17:40.545+0600][22.446s][info][gc,start    ] GC(10) Concurrent thread roots
[2026-04-03T02:17:40.545+0600][22.446s][info][gc,task     ] GC(10) Using 3 of 6 workers for Concurrent thread roots
[2026-04-03T02:17:40.547+0600][22.448s][info][gc          ] GC(10) Concurrent thread roots 2.274ms
[2026-04-03T02:17:40.547+0600][22.448s][info][gc,start    ] GC(10) Concurrent weak references
[2026-04-03T02:17:40.547+0600][22.448s][info][gc,task     ] GC(10) Using 3 of 6 workers for concurrent weak references
[2026-04-03T02:17:40.548+0600][22.449s][info][gc,ref      ] GC(10) Encountered references: Soft: 3576, Weak: 13655, Final: 84, Phantom: 613
[2026-04-03T02:17:40.548+0600][22.449s][info][gc,ref      ] GC(10) Discovered  references: Soft: 0, Weak: 5328, Final: 0, Phantom: 610
[2026-04-03T02:17:40.548+0600][22.449s][info][gc,ref      ] GC(10) Enqueued    references: Soft: 0, Weak: 40, Final: 0, Phantom: 0
[2026-04-03T02:17:40.548+0600][22.449s][info][gc          ] GC(10) Concurrent weak references 0.994ms
[2026-04-03T02:17:40.548+0600][22.449s][info][gc,start    ] GC(10) Concurrent weak roots
[2026-04-03T02:17:40.548+0600][22.449s][info][gc,task     ] GC(10) Using 3 of 6 workers for concurrent weak root
[2026-04-03T02:17:40.560+0600][22.461s][info][gc          ] GC(10) Concurrent weak roots 11.667ms
[2026-04-03T02:17:40.560+0600][22.461s][info][gc,start    ] GC(10) Concurrent cleanup
[2026-04-03T02:17:40.561+0600][22.462s][info][gc          ] GC(10) Concurrent cleanup 188M->109M(417M) 0.754ms
[2026-04-03T02:17:40.561+0600][22.462s][info][gc,ergo     ] GC(10) Free: 601M, Max: 256K regular, 367M humongous, Frag: 39% external, 0% internal; Reserve: 37724K, Max: 256K
[2026-04-03T02:17:40.561+0600][22.462s][info][gc,start    ] GC(10) Concurrent class unloading
[2026-04-03T02:17:40.561+0600][22.463s][info][gc,task     ] GC(10) Using 3 of 6 workers for concurrent class unloading
[2026-04-03T02:17:40.609+0600][22.510s][info][gc          ] GC(10) Concurrent class unloading 47.867ms
[2026-04-03T02:17:40.609+0600][22.510s][info][gc,start    ] GC(10) Concurrent strong roots
[2026-04-03T02:17:40.609+0600][22.510s][info][gc,task     ] GC(10) Using 3 of 6 workers for concurrent strong root
[2026-04-03T02:17:40.610+0600][22.511s][info][gc          ] GC(10) Concurrent strong roots 1.080ms
[2026-04-03T02:17:40.610+0600][22.511s][info][gc,start    ] GC(10) Concurrent evacuation
[2026-04-03T02:17:40.610+0600][22.511s][info][gc,task     ] GC(10) Using 3 of 6 workers for concurrent evacuation
[2026-04-03T02:17:40.616+0600][22.518s][info][gc          ] GC(10) Concurrent evacuation 6.100ms
[2026-04-03T02:17:40.617+0600][22.518s][info][gc,start    ] GC(10) Pause Init Update Refs
[2026-04-03T02:17:40.617+0600][22.518s][info][gc,ergo     ] GC(10) Pacer for Update Refs. Used: 113M, Free: 600M, Non-Taxable: 61497K, Alloc Tax Rate: 1.1x
[2026-04-03T02:17:40.617+0600][22.518s][info][gc          ] GC(10) Pause Init Update Refs 0.185ms
[2026-04-03T02:17:40.617+0600][22.518s][info][gc,start    ] GC(10) Concurrent update references
[2026-04-03T02:17:40.617+0600][22.518s][info][gc,task     ] GC(10) Using 3 of 6 workers for concurrent reference update
[2026-04-03T02:17:40.727+0600][22.628s][info][gc          ] GC(10) Concurrent update references 109.983ms
[2026-04-03T02:17:40.727+0600][22.629s][info][gc,start    ] GC(10) Concurrent update thread roots
[2026-04-03T02:17:40.730+0600][22.631s][info][gc          ] GC(10) Concurrent update thread roots 2.343ms
[2026-04-03T02:17:40.730+0600][22.631s][info][gc,start    ] GC(10) Pause Final Update Refs
[2026-04-03T02:17:40.730+0600][22.631s][info][gc,task     ] GC(10) Using 6 of 6 workers for final reference update
[2026-04-03T02:17:40.730+0600][22.631s][info][gc          ] GC(10) Pause Final Update Refs 0.148ms
[2026-04-03T02:17:40.730+0600][22.631s][info][gc,start    ] GC(10) Concurrent cleanup
[2026-04-03T02:17:40.730+0600][22.632s][info][gc          ] GC(10) Concurrent cleanup 121M->101M(417M) 0.263ms
[2026-04-03T02:17:40.731+0600][22.632s][info][gc,ergo     ] Free: 608M, Max: 256K regular, 367M humongous, Frag: 40% external, 0% internal; Reserve: 38400K, Max: 256K
[2026-04-03T02:17:40.731+0600][22.632s][info][gc,stats    ] 
[2026-04-03T02:17:40.731+0600][22.632s][info][gc,stats    ] All times are wall-clock times, except per-root-class counters, that are sum over
[2026-04-03T02:17:40.731+0600][22.632s][info][gc,stats    ] all workers. Dividing the <total> over the root stage time estimates parallelism.
[2026-04-03T02:17:40.731+0600][22.632s][info][gc,stats    ] 
[2026-04-03T02:17:40.731+0600][22.632s][info][gc,stats    ] Concurrent Reset                   3374 us
[2026-04-03T02:17:40.731+0600][22.632s][info][gc,stats    ] Pause Init Mark (G)                 903 us
[2026-04-03T02:17:40.731+0600][22.632s][info][gc,stats    ] Pause Init Mark (N)                 251 us
[2026-04-03T02:17:40.731+0600][22.632s][info][gc,stats    ]   Update Region States               59 us
[2026-04-03T02:17:40.731+0600][22.632s][info][gc,stats    ] Concurrent Mark Roots              2982 us, parallelism: 0.73x
[2026-04-03T02:17:40.731+0600][22.632s][info][gc,stats    ]   CMR: <total>                     2170 us
[2026-04-03T02:17:40.731+0600][22.632s][info][gc,stats    ]   CMR: Thread Roots                1795 us, workers (us): 1795,   0,   0, ---, ---, ---, 
[2026-04-03T02:17:40.731+0600][22.632s][info][gc,stats    ]   CMR: VM Strong Roots               43 us, workers (us):  43,   0,   0, ---, ---, ---, 
[2026-04-03T02:17:40.731+0600][22.632s][info][gc,stats    ]   CMR: CLDG Roots                   332 us, workers (us): 332, ---, ---, ---, ---, ---, 
[2026-04-03T02:17:40.731+0600][22.632s][info][gc,stats    ] Concurrent Marking                94999 us
[2026-04-03T02:17:40.731+0600][22.632s][info][gc,stats    ] Pause Final Mark (G)                998 us
[2026-04-03T02:17:40.731+0600][22.632s][info][gc,stats    ] Pause Final Mark (N)                850 us
[2026-04-03T02:17:40.731+0600][22.632s][info][gc,stats    ]   Finish Mark                       216 us
[2026-04-03T02:17:40.731+0600][22.632s][info][gc,stats    ]   Update Region States               52 us
[2026-04-03T02:17:40.731+0600][22.632s][info][gc,stats    ]   Choose Collection Set             260 us
[2026-04-03T02:17:40.731+0600][22.632s][info][gc,stats    ]   Rebuild Free Set                   34 us
[2026-04-03T02:17:40.731+0600][22.632s][info][gc,stats    ] Concurrent Thread Roots            2359 us, parallelism: 1.63x
[2026-04-03T02:17:40.731+0600][22.632s][info][gc,stats    ]   CTR: <total>                     3850 us
[2026-04-03T02:17:40.731+0600][22.632s][info][gc,stats    ]   CTR: Thread Roots                3850 us, workers (us): 2087, 1761,   1, ---, ---, ---, 
[2026-04-03T02:17:40.731+0600][22.632s][info][gc,stats    ] Concurrent Weak References         1008 us, parallelism: 0.87x
[2026-04-03T02:17:40.731+0600][22.632s][info][gc,stats    ]   CWRF: <total>                     880 us
[2026-04-03T02:17:40.731+0600][22.632s][info][gc,stats    ]   CWRF: Weak References             880 us, workers (us): 813,  65,   2, ---, ---, ---, 
[2026-04-03T02:17:40.731+0600][22.632s][info][gc,stats    ] Concurrent Weak Roots             12051 us
[2026-04-03T02:17:40.731+0600][22.632s][info][gc,stats    ]   Roots                            7954 us, parallelism: 2.07x
[2026-04-03T02:17:40.731+0600][22.632s][info][gc,stats    ]     CWR: <total>                  16475 us
[2026-04-03T02:17:40.731+0600][22.632s][info][gc,stats    ]     CWR: Code Cache Roots         11248 us, workers (us): 3296, 3891, 4061, ---, ---, ---, 
[2026-04-03T02:17:40.731+0600][22.632s][info][gc,stats    ]     CWR: VM Weak Roots             5064 us, workers (us): 3601, 1448,  14, ---, ---, ---, 
[2026-04-03T02:17:40.731+0600][22.632s][info][gc,stats    ]     CWR: CLDG Roots                 163 us, workers (us): ---, 163, ---, ---, ---, ---, 
[2026-04-03T02:17:40.731+0600][22.632s][info][gc,stats    ]   Rendezvous                       3685 us
[2026-04-03T02:17:40.731+0600][22.632s][info][gc,stats    ] Concurrent Cleanup                  974 us
[2026-04-03T02:17:40.731+0600][22.632s][info][gc,stats    ] Concurrent Class Unloading        47962 us
[2026-04-03T02:17:40.731+0600][22.632s][info][gc,stats    ]   Unlink Stale                    44146 us
[2026-04-03T02:17:40.731+0600][22.632s][info][gc,stats    ]     System Dictionary               440 us
[2026-04-03T02:17:40.731+0600][22.632s][info][gc,stats    ]     Weak Class Links              23552 us
[2026-04-03T02:17:40.731+0600][22.632s][info][gc,stats    ]     Code Roots                    20148 us
[2026-04-03T02:17:40.731+0600][22.632s][info][gc,stats    ]   Rendezvous                       2232 us
[2026-04-03T02:17:40.731+0600][22.632s][info][gc,stats    ]   Purge Unlinked                   1290 us
[2026-04-03T02:17:40.731+0600][22.632s][info][gc,stats    ]     Code Roots                     1245 us
[2026-04-03T02:17:40.731+0600][22.632s][info][gc,stats    ]     CLDG                             44 us
[2026-04-03T02:17:40.731+0600][22.632s][info][gc,stats    ]     Exception Caches                  1 us
[2026-04-03T02:17:40.731+0600][22.632s][info][gc,stats    ] Concurrent Strong Roots            1123 us, parallelism: 0.66x
[2026-04-03T02:17:40.731+0600][22.632s][info][gc,stats    ]   CSR: <total>                      745 us
[2026-04-03T02:17:40.731+0600][22.632s][info][gc,stats    ]   CSR: VM Strong Roots               41 us, workers (us):  40,   1,   0, ---, ---, ---, 
[2026-04-03T02:17:40.731+0600][22.632s][info][gc,stats    ]   CSR: CLDG Roots                   703 us, workers (us): 703, ---, ---, ---, ---, ---, 
[2026-04-03T02:17:40.731+0600][22.632s][info][gc,stats    ] Concurrent Evacuation              6183 us
[2026-04-03T02:17:40.731+0600][22.632s][info][gc,stats    ] Pause Init Update Refs (G)          785 us
[2026-04-03T02:17:40.731+0600][22.632s][info][gc,stats    ] Pause Init Update Refs (N)          199 us
[2026-04-03T02:17:40.731+0600][22.632s][info][gc,stats    ]   Manage GCLABs                      47 us
[2026-04-03T02:17:40.731+0600][22.632s][info][gc,stats    ] Concurrent Update Refs           110084 us
[2026-04-03T02:17:40.731+0600][22.632s][info][gc,stats    ] Concurrent Update Thread Roots     2439 us
[2026-04-03T02:17:40.731+0600][22.632s][info][gc,stats    ] Pause Final Update Refs (G)         370 us
[2026-04-03T02:17:40.731+0600][22.632s][info][gc,stats    ] Pause Final Update Refs (N)         168 us
[2026-04-03T02:17:40.731+0600][22.632s][info][gc,stats    ]   Update Region States               50 us
[2026-04-03T02:17:40.731+0600][22.632s][info][gc,stats    ]   Trash Collection Set                8 us
[2026-04-03T02:17:40.731+0600][22.632s][info][gc,stats    ]   Rebuild Free Set                   35 us
[2026-04-03T02:17:40.731+0600][22.632s][info][gc,stats    ] Concurrent Cleanup                  298 us
[2026-04-03T02:17:40.731+0600][22.632s][info][gc,stats    ] 
[2026-04-03T02:17:40.731+0600][22.633s][info][gc,stats    ] Allocation pacing accrued:
[2026-04-03T02:17:40.731+0600][22.633s][info][gc,stats    ]       0 of   362 ms (  0.0%): <total>
[2026-04-03T02:17:40.731+0600][22.633s][info][gc,stats    ]       0 of   362 ms (  0.0%): <average total>
[2026-04-03T02:17:40.731+0600][22.633s][info][gc,stats    ] 
[2026-04-03T02:17:40.732+0600][22.633s][info][gc,metaspace] Metaspace: 122826K(123904K)->122867K(123904K) NonClass: 106989K(107584K)->107024K(107584K) Class: 15836K(16320K)->15843K(16320K)
[2026-04-03T02:17:40.732+0600][22.633s][info][gc,ergo     ] Pacer for Idle. Initial: 15360K, Alloc Tax Rate: 1.0x
[2026-04-03T02:17:40.850+0600][22.751s][info][gc          ] Trigger: Learning 5 of 5. Free (521M) is below initial threshold (525M)
[2026-04-03T02:17:40.850+0600][22.751s][info][gc,ergo     ] Free: 521M, Max: 256K regular, 367M humongous, Frag: 30% external, 0% internal; Reserve: 38400K, Max: 256K
[2026-04-03T02:17:40.850+0600][22.751s][info][gc,start    ] GC(11) Concurrent reset
[2026-04-03T02:17:40.850+0600][22.751s][info][gc,task     ] GC(11) Using 3 of 6 workers for concurrent reset
[2026-04-03T02:17:40.850+0600][22.751s][info][gc,ergo     ] GC(11) Pacer for Reset. Non-Taxable: 750M
[2026-04-03T02:17:40.851+0600][22.752s][info][gc          ] GC(11) Concurrent reset 0.896ms
[2026-04-03T02:17:40.852+0600][22.753s][info][gc,start    ] GC(11) Pause Init Mark (unload classes)
[2026-04-03T02:17:40.852+0600][22.753s][info][gc,task     ] GC(11) Using 6 of 6 workers for init marking
[2026-04-03T02:17:40.852+0600][22.753s][info][gc,ergo     ] GC(11) Pacer for Mark. Expected Live: 83144K, Free: 507M, Non-Taxable: 51964K, Alloc Tax Rate: 0.2x
[2026-04-03T02:17:40.852+0600][22.753s][info][gc          ] GC(11) Pause Init Mark (unload classes) 0.136ms
[2026-04-03T02:17:40.852+0600][22.753s][info][gc,start    ] GC(11) Concurrent marking roots
[2026-04-03T02:17:40.852+0600][22.753s][info][gc,task     ] GC(11) Using 3 of 6 workers for concurrent marking roots
[2026-04-03T02:17:40.854+0600][22.755s][info][gc          ] GC(11) Concurrent marking roots 1.421ms
[2026-04-03T02:17:40.854+0600][22.755s][info][gc,start    ] GC(11) Concurrent marking (unload classes)
[2026-04-03T02:17:40.854+0600][22.755s][info][gc,task     ] GC(11) Using 3 of 6 workers for concurrent marking
[2026-04-03T02:17:40.906+0600][22.807s][info][gc          ] GC(11) Concurrent marking (unload classes) 52.639ms
[2026-04-03T02:17:40.906+0600][22.808s][info][gc,start    ] GC(11) Pause Final Mark (unload classes)
[2026-04-03T02:17:40.907+0600][22.808s][info][gc,task     ] GC(11) Using 6 of 6 workers for final marking
[2026-04-03T02:17:40.907+0600][22.808s][info][gc,ergo     ] GC(11) Adaptive CSet Selection. Target Free: 106M, Actual Free: 535M, Max CSet: 32000K, Min Garbage: 0B
[2026-04-03T02:17:40.907+0600][22.808s][info][gc,ergo     ] GC(11) Collectable Garbage: 103M (94%), Immediate: 89300K (79%), CSet: 17029K (15%)
[2026-04-03T02:17:40.907+0600][22.808s][info][gc,ergo     ] GC(11) Pacer for Evacuation. Used CSet: 19980K, Free: 506M, Non-Taxable: 51885K, Alloc Tax Rate: 1.1x
[2026-04-03T02:17:40.907+0600][22.808s][info][gc          ] GC(11) Pause Final Mark (unload classes) 0.527ms
[2026-04-03T02:17:40.907+0600][22.808s][info][gc,start    ] GC(11) Concurrent thread roots
[2026-04-03T02:17:40.907+0600][22.808s][info][gc,task     ] GC(11) Using 3 of 6 workers for Concurrent thread roots
[2026-04-03T02:17:40.908+0600][22.809s][info][gc          ] GC(11) Concurrent thread roots 0.841ms
[2026-04-03T02:17:40.908+0600][22.809s][info][gc,start    ] GC(11) Concurrent weak references
[2026-04-03T02:17:40.908+0600][22.809s][info][gc,task     ] GC(11) Using 3 of 6 workers for concurrent weak references
[2026-04-03T02:17:40.909+0600][22.810s][info][gc,ref      ] GC(11) Encountered references: Soft: 3582, Weak: 13765, Final: 84, Phantom: 626
[2026-04-03T02:17:40.909+0600][22.810s][info][gc,ref      ] GC(11) Discovered  references: Soft: 0, Weak: 7691, Final: 68, Phantom: 624
[2026-04-03T02:17:40.909+0600][22.810s][info][gc,ref      ] GC(11) Enqueued    references: Soft: 0, Weak: 256, Final: 0, Phantom: 0
[2026-04-03T02:17:40.909+0600][22.810s][info][gc          ] GC(11) Concurrent weak references 1.163ms
[2026-04-03T02:17:40.909+0600][22.810s][info][gc,start    ] GC(11) Concurrent weak roots
[2026-04-03T02:17:40.909+0600][22.810s][info][gc,task     ] GC(11) Using 3 of 6 workers for concurrent weak root
[2026-04-03T02:17:40.913+0600][22.814s][info][gc          ] GC(11) Concurrent weak roots 3.859ms
[2026-04-03T02:17:40.913+0600][22.814s][info][gc,start    ] GC(11) Concurrent cleanup
[2026-04-03T02:17:40.914+0600][22.815s][info][gc          ] GC(11) Concurrent cleanup 302M->215M(417M) 0.599ms
[2026-04-03T02:17:40.914+0600][22.815s][info][gc,ergo     ] GC(11) Free: 487M, Max: 256K regular, 308M humongous, Frag: 37% external, 0% internal; Reserve: 38260K, Max: 256K
[2026-04-03T02:17:40.914+0600][22.815s][info][gc,start    ] GC(11) Concurrent class unloading
[2026-04-03T02:17:40.914+0600][22.815s][info][gc,task     ] GC(11) Using 3 of 6 workers for concurrent class unloading
[2026-04-03T02:17:40.926+0600][22.827s][info][gc          ] GC(11) Concurrent class unloading 12.581ms
[2026-04-03T02:17:40.926+0600][22.828s][info][gc,start    ] GC(11) Concurrent strong roots
[2026-04-03T02:17:40.926+0600][22.828s][info][gc,task     ] GC(11) Using 3 of 6 workers for concurrent strong root
[2026-04-03T02:17:40.928+0600][22.829s][info][gc          ] GC(11) Concurrent strong roots 1.396ms
[2026-04-03T02:17:40.928+0600][22.829s][info][gc,start    ] GC(11) Concurrent evacuation
[2026-04-03T02:17:40.928+0600][22.829s][info][gc,task     ] GC(11) Using 3 of 6 workers for concurrent evacuation
[2026-04-03T02:17:40.929+0600][22.831s][info][gc          ] GC(11) Concurrent evacuation 1.481ms
[2026-04-03T02:17:40.930+0600][22.831s][info][gc,start    ] GC(11) Pause Init Update Refs
[2026-04-03T02:17:40.930+0600][22.831s][info][gc,ergo     ] GC(11) Pacer for Update Refs. Used: 253M, Free: 450M, Non-Taxable: 46165K, Alloc Tax Rate: 1.1x
[2026-04-03T02:17:40.930+0600][22.831s][info][gc          ] GC(11) Pause Init Update Refs 0.157ms
[2026-04-03T02:17:40.930+0600][22.831s][info][gc,start    ] GC(11) Concurrent update references
[2026-04-03T02:17:40.930+0600][22.831s][info][gc,task     ] GC(11) Using 3 of 6 workers for concurrent reference update
[2026-04-03T02:17:40.966+0600][22.867s][info][gc          ] GC(11) Concurrent update references 35.793ms
[2026-04-03T02:17:40.966+0600][22.867s][info][gc,start    ] GC(11) Concurrent update thread roots
[2026-04-03T02:17:40.967+0600][22.868s][info][gc          ] GC(11) Concurrent update thread roots 1.447ms
[2026-04-03T02:17:40.968+0600][22.869s][info][gc,start    ] GC(11) Pause Final Update Refs
[2026-04-03T02:17:40.968+0600][22.869s][info][gc,task     ] GC(11) Using 6 of 6 workers for final reference update
[2026-04-03T02:17:40.968+0600][22.869s][info][gc          ] GC(11) Pause Final Update Refs 0.292ms
[2026-04-03T02:17:40.968+0600][22.869s][info][gc,start    ] GC(11) Concurrent cleanup
[2026-04-03T02:17:40.969+0600][22.870s][info][gc          ] GC(11) Concurrent cleanup 319M->303M(418M) 0.645ms
[2026-04-03T02:17:40.969+0600][22.870s][info][gc,ergo     ] Free: 393M, Max: 256K regular, 282M humongous, Frag: 28% external, 0% internal; Reserve: 38400K, Max: 256K
[2026-04-03T02:17:40.969+0600][22.870s][info][gc,stats    ] 
[2026-04-03T02:17:40.969+0600][22.870s][info][gc,stats    ] All times are wall-clock times, except per-root-class counters, that are sum over
[2026-04-03T02:17:40.969+0600][22.870s][info][gc,stats    ] all workers. Dividing the <total> over the root stage time estimates parallelism.
[2026-04-03T02:17:40.969+0600][22.870s][info][gc,stats    ] 
[2026-04-03T02:17:40.969+0600][22.870s][info][gc,stats    ] Concurrent Reset                    938 us
[2026-04-03T02:17:40.969+0600][22.870s][info][gc,stats    ] Pause Init Mark (G)                1278 us
[2026-04-03T02:17:40.969+0600][22.870s][info][gc,stats    ] Pause Init Mark (N)                 145 us
[2026-04-03T02:17:40.969+0600][22.870s][info][gc,stats    ]   Update Region States               36 us
[2026-04-03T02:17:40.969+0600][22.870s][info][gc,stats    ] Concurrent Mark Roots              1471 us, parallelism: 2.03x
[2026-04-03T02:17:40.969+0600][22.870s][info][gc,stats    ]   CMR: <total>                     2984 us
[2026-04-03T02:17:40.969+0600][22.870s][info][gc,stats    ]   CMR: Thread Roots                2451 us, workers (us): 939, 966, 546, ---, ---, ---, 
[2026-04-03T02:17:40.969+0600][22.870s][info][gc,stats    ]   CMR: VM Strong Roots              124 us, workers (us):  55,  65,   5, ---, ---, ---, 
[2026-04-03T02:17:40.969+0600][22.870s][info][gc,stats    ]   CMR: CLDG Roots                   409 us, workers (us): ---, ---, 409, ---, ---, ---, 
[2026-04-03T02:17:40.969+0600][22.870s][info][gc,stats    ] Concurrent Marking                52721 us
[2026-04-03T02:17:40.969+0600][22.870s][info][gc,stats    ] Pause Final Mark (G)                708 us
[2026-04-03T02:17:40.969+0600][22.870s][info][gc,stats    ] Pause Final Mark (N)                537 us
[2026-04-03T02:17:40.969+0600][22.870s][info][gc,stats    ]   Finish Mark                       171 us
[2026-04-03T02:17:40.969+0600][22.870s][info][gc,stats    ]   Update Region States               48 us
[2026-04-03T02:17:40.969+0600][22.870s][info][gc,stats    ]   Choose Collection Set             154 us
[2026-04-03T02:17:40.969+0600][22.870s][info][gc,stats    ]   Rebuild Free Set                   33 us
[2026-04-03T02:17:40.969+0600][22.870s][info][gc,stats    ] Concurrent Thread Roots             894 us, parallelism: 2.49x
[2026-04-03T02:17:40.969+0600][22.870s][info][gc,stats    ]   CTR: <total>                     2229 us
[2026-04-03T02:17:40.969+0600][22.870s][info][gc,stats    ]   CTR: Thread Roots                2229 us, workers (us): 750, 752, 727, ---, ---, ---, 
[2026-04-03T02:17:40.969+0600][22.870s][info][gc,stats    ] Concurrent Weak References         1173 us, parallelism: 1.07x
[2026-04-03T02:17:40.969+0600][22.870s][info][gc,stats    ]   CWRF: <total>                    1259 us
[2026-04-03T02:17:40.969+0600][22.870s][info][gc,stats    ]   CWRF: Weak References            1259 us, workers (us):  64, 233, 962, ---, ---, ---, 
[2026-04-03T02:17:40.969+0600][22.870s][info][gc,stats    ] Concurrent Weak Roots              3945 us
[2026-04-03T02:17:40.969+0600][22.870s][info][gc,stats    ]   Roots                            3354 us, parallelism: 2.60x
[2026-04-03T02:17:40.969+0600][22.870s][info][gc,stats    ]     CWR: <total>                   8709 us
[2026-04-03T02:17:40.969+0600][22.870s][info][gc,stats    ]     CWR: Code Cache Roots          6463 us, workers (us): 2140, 2306, 2017, ---, ---, ---, 
[2026-04-03T02:17:40.969+0600][22.870s][info][gc,stats    ]     CWR: VM Weak Roots             2066 us, workers (us): 712, 693, 661, ---, ---, ---, 
[2026-04-03T02:17:40.969+0600][22.870s][info][gc,stats    ]     CWR: CLDG Roots                 179 us, workers (us): ---, ---, 179, ---, ---, ---, 
[2026-04-03T02:17:40.969+0600][22.870s][info][gc,stats    ]   Rendezvous                        480 us
[2026-04-03T02:17:40.969+0600][22.870s][info][gc,stats    ] Concurrent Cleanup                  654 us
[2026-04-03T02:17:40.969+0600][22.870s][info][gc,stats    ] Concurrent Class Unloading        12672 us
[2026-04-03T02:17:40.969+0600][22.870s][info][gc,stats    ]   Unlink Stale                    11633 us
[2026-04-03T02:17:40.969+0600][22.870s][info][gc,stats    ]     System Dictionary               208 us
[2026-04-03T02:17:40.969+0600][22.870s][info][gc,stats    ]     Weak Class Links                  0 us
[2026-04-03T02:17:40.969+0600][22.870s][info][gc,stats    ]     Code Roots                    11421 us
[2026-04-03T02:17:40.969+0600][22.870s][info][gc,stats    ]   Rendezvous                        322 us
[2026-04-03T02:17:40.969+0600][22.870s][info][gc,stats    ]   Purge Unlinked                    586 us
[2026-04-03T02:17:40.969+0600][22.870s][info][gc,stats    ]     Code Roots                      568 us
[2026-04-03T02:17:40.969+0600][22.870s][info][gc,stats    ]     CLDG                             17 us
[2026-04-03T02:17:40.969+0600][22.870s][info][gc,stats    ]     Exception Caches                  1 us
[2026-04-03T02:17:40.969+0600][22.870s][info][gc,stats    ] Concurrent Strong Roots            1467 us, parallelism: 0.64x
[2026-04-03T02:17:40.969+0600][22.870s][info][gc,stats    ]   CSR: <total>                      942 us
[2026-04-03T02:17:40.969+0600][22.870s][info][gc,stats    ]   CSR: VM Strong Roots               47 us, workers (us):  18,  17,  12, ---, ---, ---, 
[2026-04-03T02:17:40.969+0600][22.870s][info][gc,stats    ]   CSR: CLDG Roots                   895 us, workers (us): 895, ---, ---, ---, ---, ---, 
[2026-04-03T02:17:40.969+0600][22.870s][info][gc,stats    ] Concurrent Evacuation              1553 us
[2026-04-03T02:17:40.969+0600][22.870s][info][gc,stats    ] Pause Init Update Refs (G)          451 us
[2026-04-03T02:17:40.969+0600][22.870s][info][gc,stats    ] Pause Init Update Refs (N)          180 us
[2026-04-03T02:17:40.969+0600][22.870s][info][gc,stats    ]   Manage GCLABs                      49 us
[2026-04-03T02:17:40.969+0600][22.870s][info][gc,stats    ] Concurrent Update Refs            35891 us
[2026-04-03T02:17:40.969+0600][22.870s][info][gc,stats    ] Concurrent Update Thread Roots     1512 us
[2026-04-03T02:17:40.969+0600][22.870s][info][gc,stats    ] Pause Final Update Refs (G)         755 us
[2026-04-03T02:17:40.969+0600][22.870s][info][gc,stats    ] Pause Final Update Refs (N)         311 us
[2026-04-03T02:17:40.969+0600][22.870s][info][gc,stats    ]   Update Region States               99 us
[2026-04-03T02:17:40.969+0600][22.870s][info][gc,stats    ]   Trash Collection Set               12 us
[2026-04-03T02:17:40.969+0600][22.870s][info][gc,stats    ]   Rebuild Free Set                   38 us
[2026-04-03T02:17:40.969+0600][22.870s][info][gc,stats    ] Concurrent Cleanup                  675 us
[2026-04-03T02:17:40.969+0600][22.870s][info][gc,stats    ] Pacing                           201501 us
[2026-04-03T02:17:40.969+0600][22.870s][info][gc,stats    ] 
[2026-04-03T02:17:40.969+0600][22.870s][info][gc,stats    ] Allocation pacing accrued:
[2026-04-03T02:17:40.969+0600][22.871s][info][gc,stats    ]      50 of   238 ms ( 20.9%): Executor task launch worker for task 2.0 in stage 38.0 (TID 67)
[2026-04-03T02:17:40.969+0600][22.871s][info][gc,stats    ]      49 of   238 ms ( 20.7%): Executor task launch worker for task 0.0 in stage 38.0 (TID 65)
[2026-04-03T02:17:40.969+0600][22.871s][info][gc,stats    ]      51 of   238 ms ( 21.5%): Executor task launch worker for task 3.0 in stage 38.0 (TID 68)
[2026-04-03T02:17:40.969+0600][22.871s][info][gc,stats    ]      51 of   238 ms ( 21.5%): Executor task launch worker for task 1.0 in stage 38.0 (TID 66)
[2026-04-03T02:17:40.969+0600][22.871s][info][gc,stats    ]     202 of   238 ms ( 84.7%): <total>
[2026-04-03T02:17:40.969+0600][22.871s][info][gc,stats    ]       1 of   238 ms (  0.5%): <average total>
[2026-04-03T02:17:40.969+0600][22.871s][info][gc,stats    ]      50 of   238 ms ( 21.2%): <average non-zero>
[2026-04-03T02:17:40.969+0600][22.871s][info][gc,stats    ] 
[2026-04-03T02:17:40.969+0600][22.871s][info][gc,metaspace] Metaspace: 122905K(123904K)->122929K(123904K) NonClass: 107057K(107584K)->107081K(107584K) Class: 15847K(16320K)->15847K(16320K)
[2026-04-03T02:17:40.969+0600][22.871s][info][gc,ergo     ] Pacer for Idle. Initial: 15360K, Alloc Tax Rate: 1.0x
[2026-04-03T02:17:40.971+0600][22.872s][info][gc          ] Trigger: Average GC time (313.23 ms) is above the time for average allocation rate (1137 MB/s) to deplete free headroom (355M) (margin of error = 1.80)
[2026-04-03T02:17:40.971+0600][22.872s][info][gc,ergo     ] Free headroom: 393M (free) - 38400K (spike) - 0B (penalties) = 355M
[2026-04-03T02:17:40.971+0600][22.872s][info][gc,ergo     ] Free: 393M, Max: 256K regular, 282M humongous, Frag: 28% external, 0% internal; Reserve: 38400K, Max: 256K
[2026-04-03T02:17:40.971+0600][22.872s][info][gc,start    ] GC(12) Concurrent reset
[2026-04-03T02:17:40.971+0600][22.872s][info][gc,task     ] GC(12) Using 3 of 6 workers for concurrent reset
[2026-04-03T02:17:40.971+0600][22.872s][info][gc,ergo     ] GC(12) Pacer for Reset. Non-Taxable: 750M
[2026-04-03T02:17:40.972+0600][22.873s][info][gc          ] GC(12) Concurrent reset 1.036ms
[2026-04-03T02:17:40.972+0600][22.873s][info][gc,start    ] GC(12) Pause Init Mark (unload classes)
[2026-04-03T02:17:40.972+0600][22.873s][info][gc,task     ] GC(12) Using 6 of 6 workers for init marking
[2026-04-03T02:17:40.972+0600][22.873s][info][gc,ergo     ] GC(12) Pacer for Mark. Expected Live: 85817K, Free: 393M, Non-Taxable: 40283K, Alloc Tax Rate: 0.3x
[2026-04-03T02:17:40.972+0600][22.873s][info][gc          ] GC(12) Pause Init Mark (unload classes) 0.176ms
[2026-04-03T02:17:40.972+0600][22.874s][info][gc,start    ] GC(12) Concurrent marking roots
[2026-04-03T02:17:40.972+0600][22.874s][info][gc,task     ] GC(12) Using 3 of 6 workers for concurrent marking roots
[2026-04-03T02:17:40.974+0600][22.875s][info][gc          ] GC(12) Concurrent marking roots 1.524ms
[2026-04-03T02:17:40.974+0600][22.875s][info][gc,start    ] GC(12) Concurrent marking (unload classes)
[2026-04-03T02:17:40.974+0600][22.875s][info][gc,task     ] GC(12) Using 3 of 6 workers for concurrent marking
[2026-04-03T02:17:41.044+0600][22.945s][info][gc          ] GC(12) Concurrent marking (unload classes) 69.845ms
[2026-04-03T02:17:41.044+0600][22.946s][info][gc,start    ] GC(12) Pause Final Mark (unload classes)
[2026-04-03T02:17:41.044+0600][22.946s][info][gc,task     ] GC(12) Using 6 of 6 workers for final marking
[2026-04-03T02:17:41.045+0600][22.946s][info][gc,ergo     ] GC(12) Collectable Garbage: 214M (93%), Immediate: 214M (93%), CSet: 0B (0%)
[2026-04-03T02:17:41.045+0600][22.946s][info][gc          ] GC(12) Pause Final Mark (unload classes) 0.481ms
[2026-04-03T02:17:41.045+0600][22.946s][info][gc,start    ] GC(12) Concurrent weak references
[2026-04-03T02:17:41.045+0600][22.946s][info][gc,task     ] GC(12) Using 3 of 6 workers for concurrent weak references
[2026-04-03T02:17:41.046+0600][22.947s][info][gc,ref      ] GC(12) Encountered references: Soft: 3578, Weak: 13597, Final: 84, Phantom: 613
[2026-04-03T02:17:41.046+0600][22.947s][info][gc,ref      ] GC(12) Discovered  references: Soft: 0, Weak: 6362, Final: 48, Phantom: 610
[2026-04-03T02:17:41.046+0600][22.947s][info][gc,ref      ] GC(12) Enqueued    references: Soft: 0, Weak: 16, Final: 0, Phantom: 0
[2026-04-03T02:17:41.046+0600][22.947s][info][gc          ] GC(12) Concurrent weak references 1.157ms
[2026-04-03T02:17:41.046+0600][22.947s][info][gc,start    ] GC(12) Concurrent weak roots
[2026-04-03T02:17:41.046+0600][22.947s][info][gc,task     ] GC(12) Using 3 of 6 workers for concurrent weak root
[2026-04-03T02:17:41.054+0600][22.956s][info][gc          ] GC(12) Concurrent weak roots 8.205ms
[2026-04-03T02:17:41.054+0600][22.956s][info][gc,start    ] GC(12) Concurrent cleanup
[2026-04-03T02:17:41.055+0600][22.956s][info][gc          ] GC(12) Concurrent cleanup 327M->114M(418M) 0.748ms
[2026-04-03T02:17:41.055+0600][22.956s][info][gc,ergo     ] GC(12) Free: 596M, Max: 256K regular, 367M humongous, Frag: 39% external, 0% internal; Reserve: 38400K, Max: 256K
[2026-04-03T02:17:41.055+0600][22.956s][info][gc,start    ] GC(12) Concurrent class unloading
[2026-04-03T02:17:41.055+0600][22.956s][info][gc,task     ] GC(12) Using 3 of 6 workers for concurrent class unloading
[2026-04-03T02:17:41.073+0600][22.974s][info][gc          ] GC(12) Concurrent class unloading 17.433ms
[2026-04-03T02:17:41.073+0600][22.974s][info][gc,start    ] GC(12) Pause Final Roots
[2026-04-03T02:17:41.073+0600][22.974s][info][gc          ] GC(12) Pause Final Roots 0.081ms
[2026-04-03T02:17:41.073+0600][22.974s][info][gc,ergo     ] Free: 589M, Max: 256K regular, 367M humongous, Frag: 38% external, 0% internal; Reserve: 38400K, Max: 256K
[2026-04-03T02:17:41.073+0600][22.975s][info][gc,stats    ] 
[2026-04-03T02:17:41.073+0600][22.975s][info][gc,stats    ] All times are wall-clock times, except per-root-class counters, that are sum over
[2026-04-03T02:17:41.073+0600][22.975s][info][gc,stats    ] all workers. Dividing the <total> over the root stage time estimates parallelism.
[2026-04-03T02:17:41.074+0600][22.975s][info][gc,stats    ] 
[2026-04-03T02:17:41.074+0600][22.975s][info][gc,stats    ] Concurrent Reset                   1111 us
[2026-04-03T02:17:41.074+0600][22.975s][info][gc,stats    ] Pause Init Mark (G)                 459 us
[2026-04-03T02:17:41.074+0600][22.975s][info][gc,stats    ] Pause Init Mark (N)                 186 us
[2026-04-03T02:17:41.074+0600][22.975s][info][gc,stats    ]   Update Region States               42 us
[2026-04-03T02:17:41.074+0600][22.975s][info][gc,stats    ] Concurrent Mark Roots              1591 us, parallelism: 1.78x
[2026-04-03T02:17:41.074+0600][22.975s][info][gc,stats    ]   CMR: <total>                     2836 us
[2026-04-03T02:17:41.074+0600][22.975s][info][gc,stats    ]   CMR: Thread Roots                2472 us, workers (us): 980, 603, 889, ---, ---, ---, 
[2026-04-03T02:17:41.074+0600][22.975s][info][gc,stats    ]   CMR: VM Strong Roots               46 us, workers (us):  33,  12,   1, ---, ---, ---, 
[2026-04-03T02:17:41.074+0600][22.975s][info][gc,stats    ]   CMR: CLDG Roots                   318 us, workers (us): ---, 318, ---, ---, ---, ---, 
[2026-04-03T02:17:41.074+0600][22.975s][info][gc,stats    ] Concurrent Marking                69958 us
[2026-04-03T02:17:41.074+0600][22.975s][info][gc,stats    ] Pause Final Mark (G)               1015 us
[2026-04-03T02:17:41.074+0600][22.975s][info][gc,stats    ] Pause Final Mark (N)                494 us
[2026-04-03T02:17:41.074+0600][22.975s][info][gc,stats    ]   Finish Mark                       193 us
[2026-04-03T02:17:41.074+0600][22.975s][info][gc,stats    ]   Update Region States               81 us
[2026-04-03T02:17:41.074+0600][22.975s][info][gc,stats    ]   Choose Collection Set              62 us
[2026-04-03T02:17:41.074+0600][22.975s][info][gc,stats    ]   Rebuild Free Set                   38 us
[2026-04-03T02:17:41.074+0600][22.975s][info][gc,stats    ] Concurrent Weak References         1172 us, parallelism: 0.84x
[2026-04-03T02:17:41.074+0600][22.975s][info][gc,stats    ]   CWRF: <total>                     983 us
[2026-04-03T02:17:41.074+0600][22.975s][info][gc,stats    ]   CWRF: Weak References             983 us, workers (us): 983,   0,   0, ---, ---, ---, 
[2026-04-03T02:17:41.074+0600][22.975s][info][gc,stats    ] Concurrent Weak Roots              8302 us
[2026-04-03T02:17:41.074+0600][22.975s][info][gc,stats    ]   Roots                            4408 us, parallelism: 2.24x
[2026-04-03T02:17:41.074+0600][22.975s][info][gc,stats    ]     CWR: <total>                   9873 us
[2026-04-03T02:17:41.074+0600][22.975s][info][gc,stats    ]     CWR: Code Cache Roots          7599 us, workers (us): 3007, 2815, 1776, ---, ---, ---, 
[2026-04-03T02:17:41.074+0600][22.975s][info][gc,stats    ]     CWR: VM Weak Roots             2062 us, workers (us): 1061, 999,   3, ---, ---, ---, 
[2026-04-03T02:17:41.074+0600][22.975s][info][gc,stats    ]     CWR: CLDG Roots                 212 us, workers (us): ---, 212, ---, ---, ---, ---, 
[2026-04-03T02:17:41.074+0600][22.975s][info][gc,stats    ]   Rendezvous                       3765 us
[2026-04-03T02:17:41.074+0600][22.975s][info][gc,stats    ] Concurrent Cleanup                  778 us
[2026-04-03T02:17:41.074+0600][22.975s][info][gc,stats    ] Concurrent Class Unloading        17547 us
[2026-04-03T02:17:41.074+0600][22.975s][info][gc,stats    ]   Unlink Stale                    16103 us
[2026-04-03T02:17:41.074+0600][22.975s][info][gc,stats    ]     System Dictionary               218 us
[2026-04-03T02:17:41.074+0600][22.975s][info][gc,stats    ]     Weak Class Links                  0 us
[2026-04-03T02:17:41.074+0600][22.975s][info][gc,stats    ]     Code Roots                    15881 us
[2026-04-03T02:17:41.074+0600][22.975s][info][gc,stats    ]   Rendezvous                        269 us
[2026-04-03T02:17:41.074+0600][22.975s][info][gc,stats    ]   Purge Unlinked                   1020 us
[2026-04-03T02:17:41.074+0600][22.975s][info][gc,stats    ]     Code Roots                     1000 us
[2026-04-03T02:17:41.074+0600][22.975s][info][gc,stats    ]     CLDG                             18 us
[2026-04-03T02:17:41.074+0600][22.975s][info][gc,stats    ]     Exception Caches                  1 us
[2026-04-03T02:17:41.074+0600][22.975s][info][gc,stats    ] Pause Final Roots (G)               338 us
[2026-04-03T02:17:41.074+0600][22.975s][info][gc,stats    ] Pause Final Roots (N)               100 us
[2026-04-03T02:17:41.074+0600][22.975s][info][gc,stats    ] 
[2026-04-03T02:17:41.074+0600][22.975s][info][gc,stats    ] Allocation pacing accrued:
[2026-04-03T02:17:41.074+0600][22.975s][info][gc,stats    ]       0 of   105 ms (  0.0%): <total>
[2026-04-03T02:17:41.074+0600][22.975s][info][gc,stats    ]       0 of   105 ms (  0.0%): <average total>
[2026-04-03T02:17:41.074+0600][22.975s][info][gc,stats    ] 
[2026-04-03T02:17:41.074+0600][22.976s][info][gc,metaspace] Metaspace: 122929K(123904K)->122986K(124032K) NonClass: 107081K(107584K)->107139K(107712K) Class: 15847K(16320K)->15847K(16320K)
[2026-04-03T02:17:41.074+0600][22.976s][info][gc,ergo     ] Pacer for Idle. Initial: 15360K, Alloc Tax Rate: 1.0x
[2026-04-03T02:17:43.236+0600][25.137s][info][gc          ] Trigger: Average GC time (258.57 ms) is above the time for average allocation rate (362 MB/s) to deplete free headroom (94821K) (margin of error = 1.80)
[2026-04-03T02:17:43.236+0600][25.137s][info][gc,ergo     ] Free headroom: 130M (free) - 38400K (spike) - 0B (penalties) = 94821K
[2026-04-03T02:17:43.236+0600][25.137s][info][gc,ergo     ] Free: 130M, Max: 256K regular, 57856K humongous, Frag: 57% external, 1% internal; Reserve: 38400K, Max: 256K
[2026-04-03T02:17:43.236+0600][25.137s][info][gc,start    ] GC(13) Concurrent reset
[2026-04-03T02:17:43.236+0600][25.137s][info][gc,task     ] GC(13) Using 3 of 6 workers for concurrent reset
[2026-04-03T02:17:43.236+0600][25.137s][info][gc,ergo     ] GC(13) Pacer for Reset. Non-Taxable: 750M
[2026-04-03T02:17:43.238+0600][25.139s][info][gc          ] GC(13) Concurrent reset 1.398ms
[2026-04-03T02:17:43.238+0600][25.139s][info][gc,start    ] GC(13) Pause Init Mark (unload classes)
[2026-04-03T02:17:43.238+0600][25.139s][info][gc,task     ] GC(13) Using 6 of 6 workers for init marking
[2026-04-03T02:17:43.238+0600][25.139s][info][gc,ergo     ] GC(13) Pacer for Mark. Expected Live: 86616K, Free: 130M, Non-Taxable: 13322K, Alloc Tax Rate: 0.8x
[2026-04-03T02:17:43.238+0600][25.139s][info][gc          ] GC(13) Pause Init Mark (unload classes) 0.167ms
[2026-04-03T02:17:43.238+0600][25.139s][info][gc,start    ] GC(13) Concurrent marking roots
[2026-04-03T02:17:43.238+0600][25.139s][info][gc,task     ] GC(13) Using 3 of 6 workers for concurrent marking roots
[2026-04-03T02:17:43.242+0600][25.143s][info][gc          ] GC(13) Concurrent marking roots 4.205ms
[2026-04-03T02:17:43.242+0600][25.144s][info][gc,start    ] GC(13) Concurrent marking (unload classes)
[2026-04-03T02:17:43.242+0600][25.144s][info][gc,task     ] GC(13) Using 3 of 6 workers for concurrent marking
[2026-04-03T02:17:43.308+0600][25.209s][info][gc          ] GC(13) Concurrent marking (unload classes) 65.203ms
[2026-04-03T02:17:43.308+0600][25.209s][info][gc,start    ] GC(13) Pause Final Mark (unload classes)
[2026-04-03T02:17:43.308+0600][25.209s][info][gc,task     ] GC(13) Using 6 of 6 workers for final marking
[2026-04-03T02:17:43.308+0600][25.209s][info][gc,ergo     ] GC(13) Adaptive CSet Selection. Target Free: 106M, Actual Free: 467M, Max CSet: 32000K, Min Garbage: 0B
[2026-04-03T02:17:43.309+0600][25.210s][info][gc,ergo     ] GC(13) Collectable Garbage: 462M (98%), Immediate: 323M (69%), CSet: 138M (29%)
[2026-04-03T02:17:43.309+0600][25.210s][info][gc,ergo     ] GC(13) Pacer for Evacuation. Used CSet: 144M, Free: 461M, Non-Taxable: 47211K, Alloc Tax Rate: 1.1x
[2026-04-03T02:17:43.309+0600][25.210s][info][gc          ] GC(13) Pause Final Mark (unload classes) 0.829ms
[2026-04-03T02:17:43.309+0600][25.210s][info][gc,start    ] GC(13) Concurrent thread roots
[2026-04-03T02:17:43.309+0600][25.210s][info][gc,task     ] GC(13) Using 3 of 6 workers for Concurrent thread roots
[2026-04-03T02:17:43.310+0600][25.211s][info][gc          ] GC(13) Concurrent thread roots 0.939ms
[2026-04-03T02:17:43.310+0600][25.211s][info][gc,start    ] GC(13) Concurrent weak references
[2026-04-03T02:17:43.310+0600][25.211s][info][gc,task     ] GC(13) Using 3 of 6 workers for concurrent weak references
[2026-04-03T02:17:43.311+0600][25.212s][info][gc,ref      ] GC(13) Encountered references: Soft: 3751, Weak: 14973, Final: 84, Phantom: 621
[2026-04-03T02:17:43.311+0600][25.212s][info][gc,ref      ] GC(13) Discovered  references: Soft: 0, Weak: 6600, Final: 0, Phantom: 584
[2026-04-03T02:17:43.311+0600][25.212s][info][gc,ref      ] GC(13) Enqueued    references: Soft: 0, Weak: 747, Final: 0, Phantom: 0
[2026-04-03T02:17:43.311+0600][25.212s][info][gc          ] GC(13) Concurrent weak references 1.169ms
[2026-04-03T02:17:43.311+0600][25.212s][info][gc,start    ] GC(13) Concurrent weak roots
[2026-04-03T02:17:43.311+0600][25.212s][info][gc,task     ] GC(13) Using 3 of 6 workers for concurrent weak root
[2026-04-03T02:17:43.316+0600][25.217s][info][gc          ] GC(13) Concurrent weak roots 4.996ms
[2026-04-03T02:17:43.316+0600][25.217s][info][gc,start    ] GC(13) Concurrent cleanup
[2026-04-03T02:17:43.317+0600][25.218s][info][gc          ] GC(13) Concurrent cleanup 571M->247M(610M) 0.701ms
[2026-04-03T02:17:43.317+0600][25.218s][info][gc,ergo     ] GC(13) Free: 460M, Max: 256K regular, 48128K humongous, Frag: 90% external, 0% internal; Reserve: 38156K, Max: 256K
[2026-04-03T02:17:43.317+0600][25.218s][info][gc,start    ] GC(13) Concurrent class unloading
[2026-04-03T02:17:43.317+0600][25.218s][info][gc,task     ] GC(13) Using 3 of 6 workers for concurrent class unloading
[2026-04-03T02:17:43.410+0600][25.311s][info][gc          ] GC(13) Concurrent class unloading 93.274ms
[2026-04-03T02:17:43.410+0600][25.311s][info][gc,start    ] GC(13) Concurrent strong roots
[2026-04-03T02:17:43.410+0600][25.312s][info][gc,task     ] GC(13) Using 3 of 6 workers for concurrent strong root
[2026-04-03T02:17:43.412+0600][25.313s][info][gc          ] GC(13) Concurrent strong roots 1.517ms
[2026-04-03T02:17:43.412+0600][25.313s][info][gc,start    ] GC(13) Concurrent evacuation
[2026-04-03T02:17:43.412+0600][25.313s][info][gc,task     ] GC(13) Using 3 of 6 workers for concurrent evacuation
[2026-04-03T02:17:43.426+0600][25.327s][info][gc          ] GC(13) Concurrent evacuation 14.161ms
[2026-04-03T02:17:43.427+0600][25.328s][info][gc,start    ] GC(13) Pause Init Update Refs
[2026-04-03T02:17:43.427+0600][25.328s][info][gc,ergo     ] GC(13) Pacer for Update Refs. Used: 293M, Free: 419M, Non-Taxable: 42964K, Alloc Tax Rate: 1.1x
[2026-04-03T02:17:43.427+0600][25.328s][info][gc          ] GC(13) Pause Init Update Refs 0.238ms
[2026-04-03T02:17:43.428+0600][25.329s][info][gc,start    ] GC(13) Concurrent update references
[2026-04-03T02:17:43.428+0600][25.329s][info][gc,task     ] GC(13) Using 3 of 6 workers for concurrent reference update
[2026-04-03T02:17:43.471+0600][25.372s][info][gc          ] GC(13) Concurrent update references 42.640ms
[2026-04-03T02:17:43.471+0600][25.372s][info][gc,start    ] GC(13) Concurrent update thread roots
[2026-04-03T02:17:43.474+0600][25.375s][info][gc          ] GC(13) Concurrent update thread roots 2.910ms
[2026-04-03T02:17:43.474+0600][25.375s][info][gc,start    ] GC(13) Pause Final Update Refs
[2026-04-03T02:17:43.474+0600][25.375s][info][gc,task     ] GC(13) Using 6 of 6 workers for final reference update
[2026-04-03T02:17:43.474+0600][25.375s][info][gc          ] GC(13) Pause Final Update Refs 0.242ms
[2026-04-03T02:17:43.478+0600][25.379s][info][gc,start    ] GC(13) Concurrent cleanup
[2026-04-03T02:17:43.478+0600][25.379s][info][gc          ] GC(13) Concurrent cleanup 305M->161M(613M) 0.414ms
[2026-04-03T02:17:43.478+0600][25.379s][info][gc,ergo     ] Free: 545M, Max: 256K regular, 309M humongous, Frag: 44% external, 0% internal; Reserve: 38400K, Max: 256K
[2026-04-03T02:17:43.478+0600][25.379s][info][gc,stats    ] 
[2026-04-03T02:17:43.478+0600][25.379s][info][gc,stats    ] All times are wall-clock times, except per-root-class counters, that are sum over
[2026-04-03T02:17:43.478+0600][25.380s][info][gc,stats    ] all workers. Dividing the <total> over the root stage time estimates parallelism.
[2026-04-03T02:17:43.478+0600][25.380s][info][gc,stats    ] 
[2026-04-03T02:17:43.478+0600][25.380s][info][gc,stats    ] Concurrent Reset                   1468 us
[2026-04-03T02:17:43.478+0600][25.380s][info][gc,stats    ] Pause Init Mark (G)                 604 us
[2026-04-03T02:17:43.478+0600][25.380s][info][gc,stats    ] Pause Init Mark (N)                 178 us
[2026-04-03T02:17:43.478+0600][25.380s][info][gc,stats    ]   Update Region States               37 us
[2026-04-03T02:17:43.478+0600][25.380s][info][gc,stats    ] Concurrent Mark Roots              4271 us, parallelism: 2.58x
[2026-04-03T02:17:43.479+0600][25.380s][info][gc,stats    ]   CMR: <total>                    11017 us
[2026-04-03T02:17:43.479+0600][25.380s][info][gc,stats    ]   CMR: Thread Roots                9491 us, workers (us): 2990, 3459, 3041, ---, ---, ---, 
[2026-04-03T02:17:43.479+0600][25.380s][info][gc,stats    ]   CMR: VM Strong Roots             1118 us, workers (us): 719, 239, 160, ---, ---, ---, 
[2026-04-03T02:17:43.479+0600][25.380s][info][gc,stats    ]   CMR: CLDG Roots                   408 us, workers (us): ---, ---, 408, ---, ---, ---, 
[2026-04-03T02:17:43.479+0600][25.380s][info][gc,stats    ] Concurrent Marking                65328 us
[2026-04-03T02:17:43.479+0600][25.380s][info][gc,stats    ] Pause Final Mark (G)               1039 us
[2026-04-03T02:17:43.479+0600][25.380s][info][gc,stats    ] Pause Final Mark (N)                846 us
[2026-04-03T02:17:43.479+0600][25.380s][info][gc,stats    ]   Finish Mark                       214 us
[2026-04-03T02:17:43.479+0600][25.380s][info][gc,stats    ]   Update Region States               70 us
[2026-04-03T02:17:43.479+0600][25.380s][info][gc,stats    ]   Choose Collection Set             338 us
[2026-04-03T02:17:43.479+0600][25.380s][info][gc,stats    ]   Rebuild Free Set                   57 us
[2026-04-03T02:17:43.479+0600][25.380s][info][gc,stats    ] Concurrent Thread Roots             978 us, parallelism: 2.21x
[2026-04-03T02:17:43.479+0600][25.380s][info][gc,stats    ]   CTR: <total>                     2156 us
[2026-04-03T02:17:43.479+0600][25.380s][info][gc,stats    ]   CTR: Thread Roots                2156 us, workers (us): 729, 725, 702, ---, ---, ---, 
[2026-04-03T02:17:43.479+0600][25.380s][info][gc,stats    ] Concurrent Weak References         1184 us, parallelism: 1.18x
[2026-04-03T02:17:43.479+0600][25.380s][info][gc,stats    ]   CWRF: <total>                    1393 us
[2026-04-03T02:17:43.479+0600][25.380s][info][gc,stats    ]   CWRF: Weak References            1393 us, workers (us): 218, 223, 952, ---, ---, ---, 
[2026-04-03T02:17:43.479+0600][25.380s][info][gc,stats    ] Concurrent Weak Roots              5114 us
[2026-04-03T02:17:43.479+0600][25.380s][info][gc,stats    ]   Roots                            4593 us, parallelism: 2.67x
[2026-04-03T02:17:43.479+0600][25.380s][info][gc,stats    ]     CWR: <total>                  12269 us
[2026-04-03T02:17:43.479+0600][25.380s][info][gc,stats    ]     CWR: Code Cache Roots          8967 us, workers (us): 3098, 3127, 2743, ---, ---, ---, 
[2026-04-03T02:17:43.479+0600][25.380s][info][gc,stats    ]     CWR: VM Weak Roots             3052 us, workers (us): 1028, 1028, 996, ---, ---, ---, 
[2026-04-03T02:17:43.479+0600][25.380s][info][gc,stats    ]     CWR: CLDG Roots                 250 us, workers (us): ---, ---, 250, ---, ---, ---, 
[2026-04-03T02:17:43.479+0600][25.380s][info][gc,stats    ]   Rendezvous                        370 us
[2026-04-03T02:17:43.479+0600][25.380s][info][gc,stats    ] Concurrent Cleanup                  767 us
[2026-04-03T02:17:43.479+0600][25.380s][info][gc,stats    ] Concurrent Class Unloading        93420 us
[2026-04-03T02:17:43.479+0600][25.380s][info][gc,stats    ]   Unlink Stale                    78303 us
[2026-04-03T02:17:43.479+0600][25.380s][info][gc,stats    ]     System Dictionary               940 us
[2026-04-03T02:17:43.479+0600][25.380s][info][gc,stats    ]     Weak Class Links              31868 us
[2026-04-03T02:17:43.479+0600][25.380s][info][gc,stats    ]     Code Roots                    45488 us
[2026-04-03T02:17:43.479+0600][25.380s][info][gc,stats    ]   Rendezvous                       3544 us
[2026-04-03T02:17:43.479+0600][25.380s][info][gc,stats    ]   Purge Unlinked                  11374 us
[2026-04-03T02:17:43.479+0600][25.380s][info][gc,stats    ]     Code Roots                    10554 us
[2026-04-03T02:17:43.479+0600][25.380s][info][gc,stats    ]     CLDG                            817 us
[2026-04-03T02:17:43.479+0600][25.380s][info][gc,stats    ]     Exception Caches                  1 us
[2026-04-03T02:17:43.479+0600][25.380s][info][gc,stats    ] Concurrent Strong Roots            1616 us, parallelism: 0.64x
[2026-04-03T02:17:43.479+0600][25.380s][info][gc,stats    ]   CSR: <total>                     1042 us
[2026-04-03T02:17:43.479+0600][25.380s][info][gc,stats    ]   CSR: VM Strong Roots               70 us, workers (us):  36,  34,   0, ---, ---, ---, 
[2026-04-03T02:17:43.479+0600][25.380s][info][gc,stats    ]   CSR: CLDG Roots                   971 us, workers (us): 971, ---, ---, ---, ---, ---, 
[2026-04-03T02:17:43.479+0600][25.380s][info][gc,stats    ] Concurrent Evacuation             14268 us
[2026-04-03T02:17:43.479+0600][25.380s][info][gc,stats    ] Pause Init Update Refs (G)         1625 us
[2026-04-03T02:17:43.479+0600][25.380s][info][gc,stats    ] Pause Init Update Refs (N)          257 us
[2026-04-03T02:17:43.479+0600][25.380s][info][gc,stats    ]   Manage GCLABs                      66 us
[2026-04-03T02:17:43.479+0600][25.380s][info][gc,stats    ] Concurrent Update Refs            42756 us
[2026-04-03T02:17:43.479+0600][25.380s][info][gc,stats    ] Concurrent Update Thread Roots     3009 us
[2026-04-03T02:17:43.479+0600][25.380s][info][gc,stats    ] Pause Final Update Refs (G)        4051 us
[2026-04-03T02:17:43.479+0600][25.380s][info][gc,stats    ] Pause Final Update Refs (N)         270 us
[2026-04-03T02:17:43.479+0600][25.380s][info][gc,stats    ]   Update Region States               76 us
[2026-04-03T02:17:43.479+0600][25.380s][info][gc,stats    ]   Trash Collection Set               27 us
[2026-04-03T02:17:43.479+0600][25.380s][info][gc,stats    ]   Rebuild Free Set                   53 us
[2026-04-03T02:17:43.479+0600][25.380s][info][gc,stats    ] Concurrent Cleanup                  450 us
[2026-04-03T02:17:43.479+0600][25.380s][info][gc,stats    ] Pacing                             9641 us
[2026-04-03T02:17:43.479+0600][25.380s][info][gc,stats    ] 
[2026-04-03T02:17:43.479+0600][25.380s][info][gc,stats    ] Allocation pacing accrued:
[2026-04-03T02:17:43.479+0600][25.380s][info][gc,stats    ]      10 of  2405 ms (  0.4%): dag-scheduler-event-loop
[2026-04-03T02:17:43.479+0600][25.380s][info][gc,stats    ]      10 of  2405 ms (  0.4%): <total>
[2026-04-03T02:17:43.479+0600][25.380s][info][gc,stats    ]       0 of  2405 ms (  0.0%): <average total>
[2026-04-03T02:17:43.479+0600][25.380s][info][gc,stats    ]      10 of  2405 ms (  0.4%): <average non-zero>
[2026-04-03T02:17:43.479+0600][25.380s][info][gc,stats    ] 
[2026-04-03T02:17:43.479+0600][25.380s][info][gc,metaspace] Metaspace: 127556K(128832K)->127342K(128896K) NonClass: 111177K(111872K)->111041K(111936K) Class: 16379K(16960K)->16301K(16960K)
[2026-04-03T02:17:43.479+0600][25.380s][info][gc,ergo     ] Pacer for Idle. Initial: 15360K, Alloc Tax Rate: 1.0x
[2026-04-03T02:17:44.009+0600][25.910s][info][gc          ] Trigger: Average GC time (314.61 ms) is above the time for average allocation rate (615 MB/s) to deplete free headroom (193M) (margin of error = 1.80)
[2026-04-03T02:17:44.009+0600][25.910s][info][gc,ergo     ] Free headroom: 231M (free) - 38400K (spike) - 0B (penalties) = 193M
[2026-04-03T02:17:44.009+0600][25.910s][info][gc,ergo     ] Free: 229M, Max: 256K regular, 126M humongous, Frag: 45% external, 1% internal; Reserve: 38400K, Max: 256K
[2026-04-03T02:17:44.009+0600][25.910s][info][gc,start    ] GC(14) Concurrent reset
[2026-04-03T02:17:44.009+0600][25.910s][info][gc,task     ] GC(14) Using 3 of 6 workers for concurrent reset
[2026-04-03T02:17:44.009+0600][25.910s][info][gc,ergo     ] GC(14) Pacer for Reset. Non-Taxable: 750M
[2026-04-03T02:17:44.012+0600][25.914s][info][gc          ] GC(14) Concurrent reset 3.488ms
[2026-04-03T02:17:44.013+0600][25.914s][info][gc,start    ] GC(14) Pause Init Mark (unload classes)
[2026-04-03T02:17:44.013+0600][25.914s][info][gc,task     ] GC(14) Using 6 of 6 workers for init marking
[2026-04-03T02:17:44.013+0600][25.914s][info][gc,ergo     ] GC(14) Pacer for Mark. Expected Live: 84452K, Free: 225M, Non-Taxable: 23083K, Alloc Tax Rate: 0.4x
[2026-04-03T02:17:44.013+0600][25.914s][info][gc          ] GC(14) Pause Init Mark (unload classes) 0.150ms
[2026-04-03T02:17:44.013+0600][25.914s][info][gc,start    ] GC(14) Concurrent marking roots
[2026-04-03T02:17:44.013+0600][25.914s][info][gc,task     ] GC(14) Using 3 of 6 workers for concurrent marking roots
[2026-04-03T02:17:44.016+0600][25.917s][info][gc          ] GC(14) Concurrent marking roots 2.347ms
[2026-04-03T02:17:44.016+0600][25.917s][info][gc,start    ] GC(14) Concurrent marking (unload classes)
[2026-04-03T02:17:44.016+0600][25.917s][info][gc,task     ] GC(14) Using 3 of 6 workers for concurrent marking
[2026-04-03T02:17:44.097+0600][25.998s][info][gc          ] GC(14) Concurrent marking (unload classes) 81.038ms
[2026-04-03T02:17:44.098+0600][25.999s][info][gc,start    ] GC(14) Pause Final Mark (unload classes)
[2026-04-03T02:17:44.098+0600][25.999s][info][gc,task     ] GC(14) Using 6 of 6 workers for final marking
[2026-04-03T02:17:44.098+0600][25.999s][info][gc,ergo     ] GC(14) Adaptive CSet Selection. Target Free: 106M, Actual Free: 539M, Max CSet: 32000K, Min Garbage: 0B
[2026-04-03T02:17:44.098+0600][25.999s][info][gc,ergo     ] GC(14) Collectable Garbage: 376M (98%), Immediate: 311M (81%), CSet: 66249K (16%)
[2026-04-03T02:17:44.098+0600][25.999s][info][gc,ergo     ] GC(14) Pacer for Evacuation. Used CSet: 69129K, Free: 526M, Non-Taxable: 53903K, Alloc Tax Rate: 1.1x
[2026-04-03T02:17:44.098+0600][25.999s][info][gc          ] GC(14) Pause Final Mark (unload classes) 0.872ms
[2026-04-03T02:17:44.100+0600][26.001s][info][gc,start    ] GC(14) Concurrent thread roots
[2026-04-03T02:17:44.100+0600][26.002s][info][gc,task     ] GC(14) Using 3 of 6 workers for Concurrent thread roots
[2026-04-03T02:17:44.105+0600][26.007s][info][gc          ] GC(14) Concurrent thread roots 5.105ms
[2026-04-03T02:17:44.106+0600][26.007s][info][gc,start    ] GC(14) Concurrent weak references
[2026-04-03T02:17:44.106+0600][26.007s][info][gc,task     ] GC(14) Using 3 of 6 workers for concurrent weak references
[2026-04-03T02:17:44.107+0600][26.008s][info][gc,ref      ] GC(14) Encountered references: Soft: 3746, Weak: 14968, Final: 84, Phantom: 621
[2026-04-03T02:17:44.107+0600][26.008s][info][gc,ref      ] GC(14) Discovered  references: Soft: 0, Weak: 8067, Final: 0, Phantom: 616
[2026-04-03T02:17:44.107+0600][26.008s][info][gc,ref      ] GC(14) Enqueued    references: Soft: 0, Weak: 29, Final: 0, Phantom: 0
[2026-04-03T02:17:44.107+0600][26.008s][info][gc          ] GC(14) Concurrent weak references 1.729ms
[2026-04-03T02:17:44.107+0600][26.008s][info][gc,start    ] GC(14) Concurrent weak roots
[2026-04-03T02:17:44.107+0600][26.008s][info][gc,task     ] GC(14) Using 3 of 6 workers for concurrent weak root
[2026-04-03T02:17:44.113+0600][26.015s][info][gc          ] GC(14) Concurrent weak roots 6.115ms
[2026-04-03T02:17:44.114+0600][26.015s][info][gc,start    ] GC(14) Concurrent cleanup
[2026-04-03T02:17:44.115+0600][26.016s][info][gc          ] GC(14) Concurrent cleanup 502M->191M(613M) 1.079ms
[2026-04-03T02:17:44.115+0600][26.016s][info][gc,ergo     ] GC(14) Free: 518M, Max: 256K regular, 85504K humongous, Frag: 84% external, 0% internal; Reserve: 37923K, Max: 256K
[2026-04-03T02:17:44.115+0600][26.016s][info][gc,start    ] GC(14) Concurrent class unloading
[2026-04-03T02:17:44.115+0600][26.016s][info][gc,task     ] GC(14) Using 3 of 6 workers for concurrent class unloading
[2026-04-03T02:17:44.138+0600][26.039s][info][gc          ] GC(14) Concurrent class unloading 23.009ms
[2026-04-03T02:17:44.138+0600][26.039s][info][gc,start    ] GC(14) Concurrent strong roots
[2026-04-03T02:17:44.138+0600][26.039s][info][gc,task     ] GC(14) Using 3 of 6 workers for concurrent strong root
[2026-04-03T02:17:44.139+0600][26.040s][info][gc          ] GC(14) Concurrent strong roots 1.078ms
[2026-04-03T02:17:44.139+0600][26.040s][info][gc,start    ] GC(14) Concurrent evacuation
[2026-04-03T02:17:44.139+0600][26.040s][info][gc,task     ] GC(14) Using 3 of 6 workers for concurrent evacuation
[2026-04-03T02:17:44.141+0600][26.042s][info][gc          ] GC(14) Concurrent evacuation 1.642ms
[2026-04-03T02:17:44.141+0600][26.042s][info][gc,start    ] GC(14) Pause Init Update Refs
[2026-04-03T02:17:44.141+0600][26.042s][info][gc,ergo     ] GC(14) Pacer for Update Refs. Used: 203M, Free: 507M, Non-Taxable: 51970K, Alloc Tax Rate: 1.1x
[2026-04-03T02:17:44.141+0600][26.042s][info][gc          ] GC(14) Pause Init Update Refs 0.141ms
[2026-04-03T02:17:44.141+0600][26.043s][info][gc,start    ] GC(14) Concurrent update references
[2026-04-03T02:17:44.142+0600][26.043s][info][gc,task     ] GC(14) Using 3 of 6 workers for concurrent reference update
[2026-04-03T02:17:44.192+0600][26.093s][info][gc          ] GC(14) Concurrent update references 50.770ms
[2026-04-03T02:17:44.192+0600][26.093s][info][gc,start    ] GC(14) Concurrent update thread roots
[2026-04-03T02:17:44.195+0600][26.096s][info][gc          ] GC(14) Concurrent update thread roots 2.158ms
[2026-04-03T02:17:44.195+0600][26.096s][info][gc,start    ] GC(14) Pause Final Update Refs
[2026-04-03T02:17:44.195+0600][26.096s][info][gc,task     ] GC(14) Using 6 of 6 workers for final reference update
[2026-04-03T02:17:44.195+0600][26.096s][info][gc          ] GC(14) Pause Final Update Refs 0.244ms
[2026-04-03T02:17:44.195+0600][26.096s][info][gc,start    ] GC(14) Concurrent cleanup
[2026-04-03T02:17:44.196+0600][26.097s][info][gc          ] GC(14) Concurrent cleanup 221M->154M(613M) 0.301ms
[2026-04-03T02:17:44.196+0600][26.097s][info][gc,ergo     ] Free: 553M, Max: 256K regular, 187M humongous, Frag: 67% external, 0% internal; Reserve: 38400K, Max: 256K
[2026-04-03T02:17:44.196+0600][26.097s][info][gc,stats    ] 
[2026-04-03T02:17:44.196+0600][26.097s][info][gc,stats    ] All times are wall-clock times, except per-root-class counters, that are sum over
[2026-04-03T02:17:44.196+0600][26.097s][info][gc,stats    ] all workers. Dividing the <total> over the root stage time estimates parallelism.
[2026-04-03T02:17:44.196+0600][26.097s][info][gc,stats    ] 
[2026-04-03T02:17:44.196+0600][26.097s][info][gc,stats    ] Concurrent Reset                   3596 us
[2026-04-03T02:17:44.196+0600][26.097s][info][gc,stats    ] Pause Init Mark (G)                 799 us
[2026-04-03T02:17:44.196+0600][26.097s][info][gc,stats    ] Pause Init Mark (N)                 161 us
[2026-04-03T02:17:44.196+0600][26.097s][info][gc,stats    ]   Update Region States               47 us
[2026-04-03T02:17:44.196+0600][26.097s][info][gc,stats    ] Concurrent Mark Roots              2459 us, parallelism: 1.30x
[2026-04-03T02:17:44.196+0600][26.097s][info][gc,stats    ]   CMR: <total>                     3208 us
[2026-04-03T02:17:44.196+0600][26.097s][info][gc,stats    ]   CMR: Thread Roots                2527 us, workers (us): 1014, 1514,   0, ---, ---, ---, 
[2026-04-03T02:17:44.196+0600][26.097s][info][gc,stats    ]   CMR: VM Strong Roots              172 us, workers (us): 109,  63,   0, ---, ---, ---, 
[2026-04-03T02:17:44.196+0600][26.097s][info][gc,stats    ]   CMR: CLDG Roots                   509 us, workers (us): 509, ---, ---, ---, ---, ---, 
[2026-04-03T02:17:44.196+0600][26.097s][info][gc,stats    ] Concurrent Marking                81157 us
[2026-04-03T02:17:44.196+0600][26.097s][info][gc,stats    ] Pause Final Mark (G)               3372 us
[2026-04-03T02:17:44.196+0600][26.097s][info][gc,stats    ] Pause Final Mark (N)                889 us
[2026-04-03T02:17:44.196+0600][26.097s][info][gc,stats    ]   Finish Mark                       276 us
[2026-04-03T02:17:44.196+0600][26.097s][info][gc,stats    ]   Update Region States               74 us
[2026-04-03T02:17:44.196+0600][26.097s][info][gc,stats    ]   Choose Collection Set             278 us
[2026-04-03T02:17:44.196+0600][26.097s][info][gc,stats    ]   Rebuild Free Set                   51 us
[2026-04-03T02:17:44.196+0600][26.097s][info][gc,stats    ] Concurrent Thread Roots            5273 us, parallelism: 0.69x
[2026-04-03T02:17:44.196+0600][26.097s][info][gc,stats    ]   CTR: <total>                     3612 us
[2026-04-03T02:17:44.196+0600][26.097s][info][gc,stats    ]   CTR: Thread Roots                3612 us, workers (us): 2151, 754, 707, ---, ---, ---, 
[2026-04-03T02:17:44.196+0600][26.097s][info][gc,stats    ] Concurrent Weak References         1752 us, parallelism: 0.94x
[2026-04-03T02:17:44.196+0600][26.097s][info][gc,stats    ]   CWRF: <total>                    1647 us
[2026-04-03T02:17:44.196+0600][26.097s][info][gc,stats    ]   CWRF: Weak References            1647 us, workers (us): 313, 1334,   0, ---, ---, ---, 
[2026-04-03T02:17:44.196+0600][26.097s][info][gc,stats    ] Concurrent Weak Roots              6242 us
[2026-04-03T02:17:44.196+0600][26.097s][info][gc,stats    ]   Roots                            5289 us, parallelism: 2.64x
[2026-04-03T02:17:44.196+0600][26.097s][info][gc,stats    ]     CWR: <total>                  13936 us
[2026-04-03T02:17:44.196+0600][26.097s][info][gc,stats    ]     CWR: Code Cache Roots         10029 us, workers (us): 3370, 3216, 3443, ---, ---, ---, 
[2026-04-03T02:17:44.196+0600][26.097s][info][gc,stats    ]     CWR: VM Weak Roots             3727 us, workers (us): 1314, 1310, 1104, ---, ---, ---, 
[2026-04-03T02:17:44.196+0600][26.097s][info][gc,stats    ]     CWR: CLDG Roots                 180 us, workers (us): ---, 180, ---, ---, ---, ---, 
[2026-04-03T02:17:44.196+0600][26.097s][info][gc,stats    ]   Rendezvous                        780 us
[2026-04-03T02:17:44.196+0600][26.097s][info][gc,stats    ] Concurrent Cleanup                 1160 us
[2026-04-03T02:17:44.196+0600][26.097s][info][gc,stats    ] Concurrent Class Unloading        23104 us
[2026-04-03T02:17:44.196+0600][26.097s][info][gc,stats    ]   Unlink Stale                    16407 us
[2026-04-03T02:17:44.196+0600][26.097s][info][gc,stats    ]     System Dictionary               298 us
[2026-04-03T02:17:44.196+0600][26.097s][info][gc,stats    ]     Weak Class Links                  1 us
[2026-04-03T02:17:44.196+0600][26.097s][info][gc,stats    ]     Code Roots                    16103 us
[2026-04-03T02:17:44.196+0600][26.097s][info][gc,stats    ]   Rendezvous                        541 us
[2026-04-03T02:17:44.196+0600][26.097s][info][gc,stats    ]   Purge Unlinked                   5978 us
[2026-04-03T02:17:44.196+0600][26.098s][info][gc,stats    ]     Code Roots                     5958 us
[2026-04-03T02:17:44.196+0600][26.098s][info][gc,stats    ]     CLDG                             17 us
[2026-04-03T02:17:44.196+0600][26.098s][info][gc,stats    ]     Exception Caches                  1 us
[2026-04-03T02:17:44.196+0600][26.098s][info][gc,stats    ] Concurrent Strong Roots            1116 us, parallelism: 0.67x
[2026-04-03T02:17:44.196+0600][26.098s][info][gc,stats    ]   CSR: <total>                      747 us
[2026-04-03T02:17:44.196+0600][26.098s][info][gc,stats    ]   CSR: VM Strong Roots               79 us, workers (us):  45,  34,   1, ---, ---, ---, 
[2026-04-03T02:17:44.196+0600][26.098s][info][gc,stats    ]   CSR: CLDG Roots                   667 us, workers (us): ---, 667, ---, ---, ---, ---, 
[2026-04-03T02:17:44.196+0600][26.098s][info][gc,stats    ] Concurrent Evacuation              1711 us
[2026-04-03T02:17:44.197+0600][26.098s][info][gc,stats    ] Pause Init Update Refs (G)          665 us
[2026-04-03T02:17:44.197+0600][26.098s][info][gc,stats    ] Pause Init Update Refs (N)          160 us
[2026-04-03T02:17:44.197+0600][26.098s][info][gc,stats    ]   Manage GCLABs                      50 us
[2026-04-03T02:17:44.197+0600][26.098s][info][gc,stats    ] Concurrent Update Refs            50906 us
[2026-04-03T02:17:44.197+0600][26.098s][info][gc,stats    ] Concurrent Update Thread Roots     2255 us
[2026-04-03T02:17:44.197+0600][26.098s][info][gc,stats    ] Pause Final Update Refs (G)         661 us
[2026-04-03T02:17:44.197+0600][26.098s][info][gc,stats    ] Pause Final Update Refs (N)         269 us
[2026-04-03T02:17:44.197+0600][26.098s][info][gc,stats    ]   Update Region States               87 us
[2026-04-03T02:17:44.197+0600][26.098s][info][gc,stats    ]   Trash Collection Set               22 us
[2026-04-03T02:17:44.197+0600][26.098s][info][gc,stats    ]   Rebuild Free Set                   52 us
[2026-04-03T02:17:44.197+0600][26.098s][info][gc,stats    ] Concurrent Cleanup                  338 us
[2026-04-03T02:17:44.197+0600][26.098s][info][gc,stats    ] 
[2026-04-03T02:17:44.197+0600][26.098s][info][gc,stats    ] Allocation pacing accrued:
[2026-04-03T02:17:44.197+0600][26.098s][info][gc,stats    ]       0 of   717 ms (  0.0%): <total>
[2026-04-03T02:17:44.197+0600][26.098s][info][gc,stats    ]       0 of   717 ms (  0.0%): <average total>
[2026-04-03T02:17:44.197+0600][26.098s][info][gc,stats    ] 
[2026-04-03T02:17:44.197+0600][26.098s][info][gc,metaspace] Metaspace: 127740K(129024K)->127813K(129024K) NonClass: 111422K(112064K)->111492K(112064K) Class: 16318K(16960K)->16321K(16960K)
[2026-04-03T02:17:44.197+0600][26.098s][info][gc,ergo     ] Pacer for Idle. Initial: 15360K, Alloc Tax Rate: 1.0x
[2026-04-03T02:17:44.889+0600][26.790s][info][gc          ] Trigger: Average GC time (276.24 ms) is above the time for average allocation rate (472 MB/s) to deplete free headroom (129M) (margin of error = 1.80)
[2026-04-03T02:17:44.889+0600][26.790s][info][gc,ergo     ] Free headroom: 167M (free) - 38400K (spike) - 0B (penalties) = 129M
[2026-04-03T02:17:44.889+0600][26.790s][info][gc,ergo     ] Free: 167M, Max: 256K regular, 98304K humongous, Frag: 43% external, 0% internal; Reserve: 38400K, Max: 256K
[2026-04-03T02:17:44.889+0600][26.790s][info][gc,start    ] GC(15) Concurrent reset
[2026-04-03T02:17:44.889+0600][26.790s][info][gc,task     ] GC(15) Using 3 of 6 workers for concurrent reset
[2026-04-03T02:17:44.889+0600][26.790s][info][gc,ergo     ] GC(15) Pacer for Reset. Non-Taxable: 750M
[2026-04-03T02:17:44.890+0600][26.791s][info][gc          ] GC(15) Concurrent reset 0.964ms
[2026-04-03T02:17:44.891+0600][26.792s][info][gc,start    ] GC(15) Pause Init Mark (unload classes)
[2026-04-03T02:17:44.891+0600][26.792s][info][gc,task     ] GC(15) Using 6 of 6 workers for init marking
[2026-04-03T02:17:44.891+0600][26.792s][info][gc,ergo     ] GC(15) Pacer for Mark. Expected Live: 81361K, Free: 166M, Non-Taxable: 17069K, Alloc Tax Rate: 0.6x
[2026-04-03T02:17:44.891+0600][26.792s][info][gc          ] GC(15) Pause Init Mark (unload classes) 0.098ms
[2026-04-03T02:17:44.891+0600][26.792s][info][gc,start    ] GC(15) Concurrent marking roots
[2026-04-03T02:17:44.891+0600][26.792s][info][gc,task     ] GC(15) Using 3 of 6 workers for concurrent marking roots
[2026-04-03T02:17:44.892+0600][26.793s][info][gc          ] GC(15) Concurrent marking roots 1.284ms
[2026-04-03T02:17:44.892+0600][26.793s][info][gc,start    ] GC(15) Concurrent marking (unload classes)
[2026-04-03T02:17:44.892+0600][26.793s][info][gc,task     ] GC(15) Using 3 of 6 workers for concurrent marking
[2026-04-03T02:17:44.930+0600][26.831s][info][gc          ] GC(15) Concurrent marking (unload classes) 37.523ms
[2026-04-03T02:17:44.930+0600][26.831s][info][gc,start    ] GC(15) Pause Final Mark (unload classes)
[2026-04-03T02:17:44.930+0600][26.831s][info][gc,task     ] GC(15) Using 6 of 6 workers for final marking
[2026-04-03T02:17:44.930+0600][26.831s][info][gc,ergo     ] GC(15) Adaptive CSet Selection. Target Free: 106M, Actual Free: 536M, Max CSet: 32000K, Min Garbage: 0B
[2026-04-03T02:17:44.931+0600][26.832s][info][gc,ergo     ] GC(15) Collectable Garbage: 433M (98%), Immediate: 345M (78%), CSet: 90091K (19%)
[2026-04-03T02:17:44.931+0600][26.832s][info][gc,ergo     ] GC(15) Pacer for Evacuation. Used CSet: 93282K, Free: 524M, Non-Taxable: 53728K, Alloc Tax Rate: 1.1x
[2026-04-03T02:17:44.931+0600][26.832s][info][gc          ] GC(15) Pause Final Mark (unload classes) 0.711ms
[2026-04-03T02:17:44.931+0600][26.832s][info][gc,start    ] GC(15) Concurrent thread roots
[2026-04-03T02:17:44.931+0600][26.832s][info][gc,task     ] GC(15) Using 3 of 6 workers for Concurrent thread roots
[2026-04-03T02:17:44.932+0600][26.833s][info][gc          ] GC(15) Concurrent thread roots 1.150ms
[2026-04-03T02:17:44.932+0600][26.833s][info][gc,start    ] GC(15) Concurrent weak references
[2026-04-03T02:17:44.932+0600][26.833s][info][gc,task     ] GC(15) Using 3 of 6 workers for concurrent weak references
[2026-04-03T02:17:44.933+0600][26.834s][info][gc,ref      ] GC(15) Encountered references: Soft: 3743, Weak: 15766, Final: 84, Phantom: 621
[2026-04-03T02:17:44.933+0600][26.834s][info][gc,ref      ] GC(15) Discovered  references: Soft: 0, Weak: 7500, Final: 0, Phantom: 616
[2026-04-03T02:17:44.933+0600][26.834s][info][gc,ref      ] GC(15) Enqueued    references: Soft: 0, Weak: 1657, Final: 0, Phantom: 0
[2026-04-03T02:17:44.933+0600][26.834s][info][gc          ] GC(15) Concurrent weak references 1.061ms
[2026-04-03T02:17:44.933+0600][26.834s][info][gc,start    ] GC(15) Concurrent weak roots
[2026-04-03T02:17:44.933+0600][26.834s][info][gc,task     ] GC(15) Using 3 of 6 workers for concurrent weak root
[2026-04-03T02:17:44.936+0600][26.838s][info][gc          ] GC(15) Concurrent weak roots 3.442ms
[2026-04-03T02:17:44.937+0600][26.838s][info][gc,start    ] GC(15) Concurrent cleanup
[2026-04-03T02:17:44.937+0600][26.838s][info][gc          ] GC(15) Concurrent cleanup 533M->187M(613M) 0.576ms
[2026-04-03T02:17:44.937+0600][26.838s][info][gc,ergo     ] GC(15) Free: 522M, Max: 256K regular, 82688K humongous, Frag: 85% external, 0% internal; Reserve: 38166K, Max: 256K
[2026-04-03T02:17:44.937+0600][26.838s][info][gc,start    ] GC(15) Concurrent class unloading
[2026-04-03T02:17:44.937+0600][26.838s][info][gc,task     ] GC(15) Using 3 of 6 workers for concurrent class unloading
[2026-04-03T02:17:44.953+0600][26.854s][info][gc          ] GC(15) Concurrent class unloading 15.493ms
[2026-04-03T02:17:44.953+0600][26.854s][info][gc,start    ] GC(15) Concurrent strong roots
[2026-04-03T02:17:44.953+0600][26.854s][info][gc,task     ] GC(15) Using 3 of 6 workers for concurrent strong root
[2026-04-03T02:17:44.954+0600][26.855s][info][gc          ] GC(15) Concurrent strong roots 1.120ms
[2026-04-03T02:17:44.954+0600][26.855s][info][gc,start    ] GC(15) Concurrent evacuation
[2026-04-03T02:17:44.954+0600][26.855s][info][gc,task     ] GC(15) Using 3 of 6 workers for concurrent evacuation
[2026-04-03T02:17:44.956+0600][26.857s][info][gc          ] GC(15) Concurrent evacuation 1.820ms
[2026-04-03T02:17:44.956+0600][26.857s][info][gc,start    ] GC(15) Pause Init Update Refs
[2026-04-03T02:17:44.956+0600][26.857s][info][gc,ergo     ] GC(15) Pacer for Update Refs. Used: 197M, Free: 515M, Non-Taxable: 52795K, Alloc Tax Rate: 1.1x
[2026-04-03T02:17:44.956+0600][26.857s][info][gc          ] GC(15) Pause Init Update Refs 0.131ms
[2026-04-03T02:17:44.956+0600][26.858s][info][gc,start    ] GC(15) Concurrent update references
[2026-04-03T02:17:44.957+0600][26.858s][info][gc,task     ] GC(15) Using 3 of 6 workers for concurrent reference update
[2026-04-03T02:17:44.989+0600][26.891s][info][gc          ] GC(15) Concurrent update references 33.000ms
[2026-04-03T02:17:44.990+0600][26.891s][info][gc,start    ] GC(15) Concurrent update thread roots
[2026-04-03T02:17:44.991+0600][26.892s][info][gc          ] GC(15) Concurrent update thread roots 1.184ms
[2026-04-03T02:17:44.991+0600][26.892s][info][gc,start    ] GC(15) Pause Final Update Refs
[2026-04-03T02:17:44.991+0600][26.892s][info][gc,task     ] GC(15) Using 6 of 6 workers for final reference update
[2026-04-03T02:17:44.991+0600][26.892s][info][gc          ] GC(15) Pause Final Update Refs 0.202ms
[2026-04-03T02:17:44.991+0600][26.892s][info][gc,start    ] GC(15) Concurrent cleanup
[2026-04-03T02:17:44.992+0600][26.893s][info][gc          ] GC(15) Concurrent cleanup 206M->115M(613M) 0.298ms
[2026-04-03T02:17:44.992+0600][26.893s][info][gc,ergo     ] Free: 594M, Max: 256K regular, 272M humongous, Frag: 55% external, 1% internal; Reserve: 38400K, Max: 256K
[2026-04-03T02:17:44.992+0600][26.893s][info][gc,stats    ] 
[2026-04-03T02:17:44.992+0600][26.893s][info][gc,stats    ] All times are wall-clock times, except per-root-class counters, that are sum over
[2026-04-03T02:17:44.992+0600][26.893s][info][gc,stats    ] all workers. Dividing the <total> over the root stage time estimates parallelism.
[2026-04-03T02:17:44.992+0600][26.893s][info][gc,stats    ] 
[2026-04-03T02:17:44.992+0600][26.893s][info][gc,stats    ] Concurrent Reset                   1023 us
[2026-04-03T02:17:44.992+0600][26.893s][info][gc,stats    ] Pause Init Mark (G)                 489 us
[2026-04-03T02:17:44.992+0600][26.893s][info][gc,stats    ] Pause Init Mark (N)                 107 us
[2026-04-03T02:17:44.992+0600][26.893s][info][gc,stats    ]   Update Region States               19 us
[2026-04-03T02:17:44.992+0600][26.893s][info][gc,stats    ] Concurrent Mark Roots              1316 us, parallelism: 2.05x
[2026-04-03T02:17:44.992+0600][26.893s][info][gc,stats    ]   CMR: <total>                     2705 us
[2026-04-03T02:17:44.992+0600][26.893s][info][gc,stats    ]   CMR: Thread Roots                2303 us, workers (us): 833, 850, 620, ---, ---, ---, 
[2026-04-03T02:17:44.992+0600][26.893s][info][gc,stats    ]   CMR: VM Strong Roots              155 us, workers (us): 103,  48,   4, ---, ---, ---, 
[2026-04-03T02:17:44.992+0600][26.893s][info][gc,stats    ]   CMR: CLDG Roots                   248 us, workers (us): ---, ---, 248, ---, ---, ---, 
[2026-04-03T02:17:44.992+0600][26.893s][info][gc,stats    ] Concurrent Marking                37601 us
[2026-04-03T02:17:44.992+0600][26.893s][info][gc,stats    ] Pause Final Mark (G)               1107 us
[2026-04-03T02:17:44.992+0600][26.893s][info][gc,stats    ] Pause Final Mark (N)                722 us
[2026-04-03T02:17:44.992+0600][26.893s][info][gc,stats    ]   Finish Mark                       239 us
[2026-04-03T02:17:44.992+0600][26.893s][info][gc,stats    ]   Update Region States               43 us
[2026-04-03T02:17:44.992+0600][26.893s][info][gc,stats    ]   Choose Collection Set             233 us
[2026-04-03T02:17:44.992+0600][26.893s][info][gc,stats    ]   Rebuild Free Set                   37 us
[2026-04-03T02:17:44.992+0600][26.893s][info][gc,stats    ] Concurrent Thread Roots            1188 us, parallelism: 2.25x
[2026-04-03T02:17:44.992+0600][26.893s][info][gc,stats    ]   CTR: <total>                     2667 us
[2026-04-03T02:17:44.992+0600][26.893s][info][gc,stats    ]   CTR: Thread Roots                2667 us, workers (us): 879, 905, 884, ---, ---, ---, 
[2026-04-03T02:17:44.992+0600][26.893s][info][gc,stats    ] Concurrent Weak References         1074 us, parallelism: 1.09x
[2026-04-03T02:17:44.992+0600][26.893s][info][gc,stats    ]   CWRF: <total>                    1167 us
[2026-04-03T02:17:44.992+0600][26.893s][info][gc,stats    ]   CWRF: Weak References            1167 us, workers (us): 321, 844,   2, ---, ---, ---, 
[2026-04-03T02:17:44.992+0600][26.893s][info][gc,stats    ] Concurrent Weak Roots              3527 us
[2026-04-03T02:17:44.992+0600][26.893s][info][gc,stats    ]   Roots                            3093 us, parallelism: 2.67x
[2026-04-03T02:17:44.992+0600][26.893s][info][gc,stats    ]     CWR: <total>                   8268 us
[2026-04-03T02:17:44.992+0600][26.893s][info][gc,stats    ]     CWR: Code Cache Roots          5903 us, workers (us): 1994, 2015, 1894, ---, ---, ---, 
[2026-04-03T02:17:44.992+0600][26.893s][info][gc,stats    ]     CWR: VM Weak Roots             2246 us, workers (us): 792, 754, 701, ---, ---, ---, 
[2026-04-03T02:17:44.992+0600][26.893s][info][gc,stats    ]     CWR: CLDG Roots                 118 us, workers (us): ---, ---, 118, ---, ---, ---, 
[2026-04-03T02:17:44.992+0600][26.893s][info][gc,stats    ]   Rendezvous                        320 us
[2026-04-03T02:17:44.992+0600][26.893s][info][gc,stats    ] Concurrent Cleanup                  613 us
[2026-04-03T02:17:44.992+0600][26.893s][info][gc,stats    ] Concurrent Class Unloading        15610 us
[2026-04-03T02:17:44.992+0600][26.893s][info][gc,stats    ]   Unlink Stale                    10715 us
[2026-04-03T02:17:44.992+0600][26.893s][info][gc,stats    ]     System Dictionary               262 us
[2026-04-03T02:17:44.992+0600][26.893s][info][gc,stats    ]     Weak Class Links                  1 us
[2026-04-03T02:17:44.992+0600][26.893s][info][gc,stats    ]     Code Roots                    10449 us
[2026-04-03T02:17:44.992+0600][26.893s][info][gc,stats    ]   Rendezvous                        457 us
[2026-04-03T02:17:44.992+0600][26.893s][info][gc,stats    ]   Purge Unlinked                   4283 us
[2026-04-03T02:17:44.992+0600][26.893s][info][gc,stats    ]     Code Roots                     4258 us
[2026-04-03T02:17:44.992+0600][26.893s][info][gc,stats    ]     CLDG                             24 us
[2026-04-03T02:17:44.992+0600][26.893s][info][gc,stats    ]     Exception Caches                  0 us
[2026-04-03T02:17:44.992+0600][26.893s][info][gc,stats    ] Concurrent Strong Roots            1163 us, parallelism: 0.70x
[2026-04-03T02:17:44.992+0600][26.893s][info][gc,stats    ]   CSR: <total>                      815 us
[2026-04-03T02:17:44.992+0600][26.893s][info][gc,stats    ]   CSR: VM Strong Roots               77 us, workers (us):  37,  24,  17, ---, ---, ---, 
[2026-04-03T02:17:44.992+0600][26.893s][info][gc,stats    ]   CSR: CLDG Roots                   738 us, workers (us): 738, ---, ---, ---, ---, ---, 
[2026-04-03T02:17:44.992+0600][26.893s][info][gc,stats    ] Concurrent Evacuation              1929 us
[2026-04-03T02:17:44.992+0600][26.893s][info][gc,stats    ] Pause Init Update Refs (G)          484 us
[2026-04-03T02:17:44.992+0600][26.893s][info][gc,stats    ] Pause Init Update Refs (N)          145 us
[2026-04-03T02:17:44.992+0600][26.893s][info][gc,stats    ]   Manage GCLABs                      30 us
[2026-04-03T02:17:44.992+0600][26.893s][info][gc,stats    ] Concurrent Update Refs            33123 us
[2026-04-03T02:17:44.992+0600][26.893s][info][gc,stats    ] Concurrent Update Thread Roots     1223 us
[2026-04-03T02:17:44.992+0600][26.893s][info][gc,stats    ] Pause Final Update Refs (G)         505 us
[2026-04-03T02:17:44.992+0600][26.893s][info][gc,stats    ] Pause Final Update Refs (N)         215 us
[2026-04-03T02:17:44.992+0600][26.893s][info][gc,stats    ]   Update Region States               51 us
[2026-04-03T02:17:44.992+0600][26.893s][info][gc,stats    ]   Trash Collection Set               15 us
[2026-04-03T02:17:44.992+0600][26.893s][info][gc,stats    ]   Rebuild Free Set                   41 us
[2026-04-03T02:17:44.992+0600][26.893s][info][gc,stats    ] Concurrent Cleanup                  324 us
[2026-04-03T02:17:44.992+0600][26.893s][info][gc,stats    ] 
[2026-04-03T02:17:44.992+0600][26.893s][info][gc,stats    ] Allocation pacing accrued:
[2026-04-03T02:17:44.992+0600][26.893s][info][gc,stats    ]       0 of   796 ms (  0.0%): <total>
[2026-04-03T02:17:44.992+0600][26.893s][info][gc,stats    ]       0 of   796 ms (  0.0%): <average total>
[2026-04-03T02:17:44.992+0600][26.893s][info][gc,stats    ] 
[2026-04-03T02:17:44.992+0600][26.894s][info][gc,metaspace] Metaspace: 128265K(129472K)->128293K(129536K) NonClass: 111916K(112512K)->111941K(112576K) Class: 16349K(16960K)->16351K(16960K)
[2026-04-03T02:17:44.992+0600][26.894s][info][gc,ergo     ] Pacer for Idle. Initial: 15360K, Alloc Tax Rate: 1.0x
[2026-04-03T02:17:45.617+0600][27.518s][info][gc          ] Trigger: Average GC time (244.89 ms) is above the time for average allocation rate (703 MB/s) to deplete free headroom (172M) (margin of error = 1.79)
[2026-04-03T02:17:45.617+0600][27.518s][info][gc,ergo     ] Free headroom: 209M (free) - 38400K (spike) - 0B (penalties) = 172M
[2026-04-03T02:17:45.617+0600][27.518s][info][gc,ergo     ] Free: 209M, Max: 256K regular, 82688K humongous, Frag: 62% external, 3% internal; Reserve: 38400K, Max: 256K
[2026-04-03T02:17:45.617+0600][27.518s][info][gc,start    ] GC(16) Concurrent reset
[2026-04-03T02:17:45.617+0600][27.518s][info][gc,task     ] GC(16) Using 3 of 6 workers for concurrent reset
[2026-04-03T02:17:45.617+0600][27.518s][info][gc,ergo     ] GC(16) Pacer for Reset. Non-Taxable: 750M
[2026-04-03T02:17:45.620+0600][27.521s][info][gc          ] GC(16) Concurrent reset 2.725ms
[2026-04-03T02:17:45.622+0600][27.524s][info][gc,start    ] GC(16) Pause Init Mark (unload classes)
[2026-04-03T02:17:45.622+0600][27.524s][info][gc,task     ] GC(16) Using 6 of 6 workers for init marking
[2026-04-03T02:17:45.623+0600][27.524s][info][gc,ergo     ] GC(16) Pacer for Mark. Expected Live: 81542K, Free: 207M, Non-Taxable: 21259K, Alloc Tax Rate: 0.5x
[2026-04-03T02:17:45.623+0600][27.524s][info][gc          ] GC(16) Pause Init Mark (unload classes) 0.159ms
[2026-04-03T02:17:45.623+0600][27.524s][info][gc,start    ] GC(16) Concurrent marking roots
[2026-04-03T02:17:45.623+0600][27.524s][info][gc,task     ] GC(16) Using 3 of 6 workers for concurrent marking roots
[2026-04-03T02:17:45.626+0600][27.527s][info][gc          ] GC(16) Concurrent marking roots 3.358ms
[2026-04-03T02:17:45.626+0600][27.527s][info][gc,start    ] GC(16) Concurrent marking (unload classes)
[2026-04-03T02:17:45.626+0600][27.527s][info][gc,task     ] GC(16) Using 3 of 6 workers for concurrent marking
[2026-04-03T02:17:45.697+0600][27.598s][info][gc          ] GC(16) Concurrent marking (unload classes) 70.930ms
[2026-04-03T02:17:45.697+0600][27.599s][info][gc,start    ] GC(16) Pause Final Mark (unload classes)
[2026-04-03T02:17:45.697+0600][27.599s][info][gc,task     ] GC(16) Using 6 of 6 workers for final marking
[2026-04-03T02:17:45.698+0600][27.599s][info][gc,ergo     ] GC(16) Adaptive CSet Selection. Target Free: 106M, Actual Free: 512M, Max CSet: 32000K, Min Garbage: 0B
[2026-04-03T02:17:45.698+0600][27.599s][info][gc,ergo     ] GC(16) Collectable Garbage: 391M (98%), Immediate: 304M (76%), CSet: 89215K (21%)
[2026-04-03T02:17:45.698+0600][27.599s][info][gc,ergo     ] GC(16) Pacer for Evacuation. Used CSet: 94516K, Free: 500M, Non-Taxable: 51263K, Alloc Tax Rate: 1.1x
[2026-04-03T02:17:45.698+0600][27.600s][info][gc          ] GC(16) Pause Final Mark (unload classes) 1.005ms
[2026-04-03T02:17:45.699+0600][27.601s][info][gc,start    ] GC(16) Concurrent thread roots
[2026-04-03T02:17:45.699+0600][27.601s][info][gc,task     ] GC(16) Using 3 of 6 workers for Concurrent thread roots
[2026-04-03T02:17:45.704+0600][27.605s][info][gc          ] GC(16) Concurrent thread roots 4.627ms
[2026-04-03T02:17:45.704+0600][27.605s][info][gc,start    ] GC(16) Concurrent weak references
[2026-04-03T02:17:45.704+0600][27.605s][info][gc,task     ] GC(16) Using 3 of 6 workers for concurrent weak references
[2026-04-03T02:17:45.705+0600][27.606s][info][gc,ref      ] GC(16) Encountered references: Soft: 3769, Weak: 14809, Final: 84, Phantom: 621
[2026-04-03T02:17:45.705+0600][27.607s][info][gc,ref      ] GC(16) Discovered  references: Soft: 0, Weak: 5657, Final: 0, Phantom: 362
[2026-04-03T02:17:45.705+0600][27.607s][info][gc,ref      ] GC(16) Enqueued    references: Soft: 0, Weak: 51, Final: 0, Phantom: 0
[2026-04-03T02:17:45.705+0600][27.607s][info][gc          ] GC(16) Concurrent weak references 1.383ms
[2026-04-03T02:17:45.706+0600][27.607s][info][gc,start    ] GC(16) Concurrent weak roots
[2026-04-03T02:17:45.706+0600][27.607s][info][gc,task     ] GC(16) Using 3 of 6 workers for concurrent weak root
[2026-04-03T02:17:45.724+0600][27.625s][info][gc          ] GC(16) Concurrent weak roots 18.820ms
[2026-04-03T02:17:45.724+0600][27.626s][info][gc,start    ] GC(16) Concurrent cleanup
[2026-04-03T02:17:45.725+0600][27.626s][info][gc          ] GC(16) Concurrent cleanup 528M->226M(613M) 0.915ms
[2026-04-03T02:17:45.725+0600][27.627s][info][gc,ergo     ] GC(16) Free: 480M, Max: 256K regular, 82944K humongous, Frag: 84% external, 0% internal; Reserve: 37981K, Max: 256K
[2026-04-03T02:17:45.725+0600][27.627s][info][gc,start    ] GC(16) Concurrent class unloading
[2026-04-03T02:17:45.725+0600][27.627s][info][gc,task     ] GC(16) Using 3 of 6 workers for concurrent class unloading
[2026-04-03T02:17:45.742+0600][27.643s][info][gc          ] GC(16) Concurrent class unloading 16.823ms
[2026-04-03T02:17:45.742+0600][27.643s][info][gc,start    ] GC(16) Concurrent strong roots
[2026-04-03T02:17:45.742+0600][27.643s][info][gc,task     ] GC(16) Using 3 of 6 workers for concurrent strong root
[2026-04-03T02:17:45.744+0600][27.645s][info][gc          ] GC(16) Concurrent strong roots 1.605ms
[2026-04-03T02:17:45.744+0600][27.645s][info][gc,start    ] GC(16) Concurrent evacuation
[2026-04-03T02:17:45.744+0600][27.645s][info][gc,task     ] GC(16) Using 3 of 6 workers for concurrent evacuation
[2026-04-03T02:17:45.749+0600][27.650s][info][gc          ] GC(16) Concurrent evacuation 4.436ms
[2026-04-03T02:17:45.749+0600][27.650s][info][gc,start    ] GC(16) Pause Init Update Refs
[2026-04-03T02:17:45.749+0600][27.650s][info][gc,ergo     ] GC(16) Pacer for Update Refs. Used: 240M, Free: 471M, Non-Taxable: 48279K, Alloc Tax Rate: 1.1x
[2026-04-03T02:17:45.749+0600][27.650s][info][gc          ] GC(16) Pause Init Update Refs 0.181ms
[2026-04-03T02:17:45.749+0600][27.650s][info][gc,start    ] GC(16) Concurrent update references
[2026-04-03T02:17:45.749+0600][27.650s][info][gc,task     ] GC(16) Using 3 of 6 workers for concurrent reference update
[2026-04-03T02:17:45.796+0600][27.697s][info][gc          ] GC(16) Concurrent update references 47.104ms
[2026-04-03T02:17:45.796+0600][27.697s][info][gc,start    ] GC(16) Concurrent update thread roots
[2026-04-03T02:17:45.798+0600][27.699s][info][gc          ] GC(16) Concurrent update thread roots 1.830ms
[2026-04-03T02:17:45.798+0600][27.700s][info][gc,start    ] GC(16) Pause Final Update Refs
[2026-04-03T02:17:45.799+0600][27.700s][info][gc,task     ] GC(16) Using 6 of 6 workers for final reference update
[2026-04-03T02:17:45.799+0600][27.700s][info][gc          ] GC(16) Pause Final Update Refs 0.221ms
[2026-04-03T02:17:45.799+0600][27.700s][info][gc,start    ] GC(16) Concurrent cleanup
[2026-04-03T02:17:45.800+0600][27.701s][info][gc          ] GC(16) Concurrent cleanup 265M->173M(614M) 0.698ms
[2026-04-03T02:17:45.800+0600][27.701s][info][gc,ergo     ] Free: 531M, Max: 256K regular, 217M humongous, Frag: 60% external, 0% internal; Reserve: 38400K, Max: 256K
[2026-04-03T02:17:45.800+0600][27.701s][info][gc,stats    ] 
[2026-04-03T02:17:45.800+0600][27.701s][info][gc,stats    ] All times are wall-clock times, except per-root-class counters, that are sum over
[2026-04-03T02:17:45.800+0600][27.701s][info][gc,stats    ] all workers. Dividing the <total> over the root stage time estimates parallelism.
[2026-04-03T02:17:45.800+0600][27.701s][info][gc,stats    ] 
[2026-04-03T02:17:45.800+0600][27.701s][info][gc,stats    ] Concurrent Reset                   2813 us
[2026-04-03T02:17:45.800+0600][27.701s][info][gc,stats    ] Pause Init Mark (G)                2775 us
[2026-04-03T02:17:45.800+0600][27.701s][info][gc,stats    ] Pause Init Mark (N)                 172 us
[2026-04-03T02:17:45.800+0600][27.701s][info][gc,stats    ]   Update Region States               47 us
[2026-04-03T02:17:45.800+0600][27.701s][info][gc,stats    ] Concurrent Mark Roots              3447 us, parallelism: 1.73x
[2026-04-03T02:17:45.800+0600][27.701s][info][gc,stats    ]   CMR: <total>                     5964 us
[2026-04-03T02:17:45.800+0600][27.701s][info][gc,stats    ]   CMR: Thread Roots                5392 us, workers (us): 2287, 2724, 381, ---, ---, ---, 
[2026-04-03T02:17:45.800+0600][27.701s][info][gc,stats    ]   CMR: VM Strong Roots               72 us, workers (us):  52,  20,   1, ---, ---, ---, 
[2026-04-03T02:17:45.800+0600][27.701s][info][gc,stats    ]   CMR: CLDG Roots                   499 us, workers (us): 499, ---, ---, ---, ---, ---, 
[2026-04-03T02:17:45.800+0600][27.701s][info][gc,stats    ] Concurrent Marking                71043 us
[2026-04-03T02:17:45.800+0600][27.701s][info][gc,stats    ] Pause Final Mark (G)               2135 us
[2026-04-03T02:17:45.800+0600][27.701s][info][gc,stats    ] Pause Final Mark (N)               1021 us
[2026-04-03T02:17:45.800+0600][27.701s][info][gc,stats    ]   Finish Mark                       315 us
[2026-04-03T02:17:45.800+0600][27.701s][info][gc,stats    ]   Update Region States               65 us
[2026-04-03T02:17:45.800+0600][27.701s][info][gc,stats    ]   Choose Collection Set             327 us
[2026-04-03T02:17:45.800+0600][27.701s][info][gc,stats    ]   Rebuild Free Set                   51 us
[2026-04-03T02:17:45.800+0600][27.701s][info][gc,stats    ] Concurrent Thread Roots            4717 us, parallelism: 1.11x
[2026-04-03T02:17:45.800+0600][27.701s][info][gc,stats    ]   CTR: <total>                     5256 us
[2026-04-03T02:17:45.800+0600][27.701s][info][gc,stats    ]   CTR: Thread Roots                5256 us, workers (us): 4176, 1079,   0, ---, ---, ---, 
[2026-04-03T02:17:45.800+0600][27.701s][info][gc,stats    ] Concurrent Weak References         1399 us, parallelism: 0.77x
[2026-04-03T02:17:45.800+0600][27.701s][info][gc,stats    ]   CWRF: <total>                    1071 us
[2026-04-03T02:17:45.800+0600][27.701s][info][gc,stats    ]   CWRF: Weak References            1071 us, workers (us): 436, 634,   1, ---, ---, ---, 
[2026-04-03T02:17:45.800+0600][27.701s][info][gc,stats    ] Concurrent Weak Roots             18912 us
[2026-04-03T02:17:45.800+0600][27.701s][info][gc,stats    ]   Roots                           18387 us, parallelism: 2.24x
[2026-04-03T02:17:45.800+0600][27.701s][info][gc,stats    ]     CWR: <total>                  41224 us
[2026-04-03T02:17:45.800+0600][27.701s][info][gc,stats    ]     CWR: Code Cache Roots         33517 us, workers (us): 11149, 13026, 9342, ---, ---, ---, 
[2026-04-03T02:17:45.800+0600][27.701s][info][gc,stats    ]     CWR: VM Weak Roots             7448 us, workers (us): 4324, 3121,   3, ---, ---, ---, 
[2026-04-03T02:17:45.800+0600][27.701s][info][gc,stats    ]     CWR: CLDG Roots                 259 us, workers (us): 259, ---, ---, ---, ---, ---, 
[2026-04-03T02:17:45.800+0600][27.701s][info][gc,stats    ]   Rendezvous                        399 us
[2026-04-03T02:17:45.800+0600][27.701s][info][gc,stats    ] Concurrent Cleanup                  952 us
[2026-04-03T02:17:45.800+0600][27.701s][info][gc,stats    ] Concurrent Class Unloading        16906 us
[2026-04-03T02:17:45.800+0600][27.701s][info][gc,stats    ]   Unlink Stale                    13655 us
[2026-04-03T02:17:45.800+0600][27.701s][info][gc,stats    ]     System Dictionary               287 us
[2026-04-03T02:17:45.800+0600][27.701s][info][gc,stats    ]     Weak Class Links                  1 us
[2026-04-03T02:17:45.800+0600][27.701s][info][gc,stats    ]     Code Roots                    13364 us
[2026-04-03T02:17:45.800+0600][27.701s][info][gc,stats    ]   Rendezvous                        464 us
[2026-04-03T02:17:45.800+0600][27.701s][info][gc,stats    ]   Purge Unlinked                   2664 us
[2026-04-03T02:17:45.800+0600][27.701s][info][gc,stats    ]     Code Roots                     2647 us
[2026-04-03T02:17:45.800+0600][27.701s][info][gc,stats    ]     CLDG                             16 us
[2026-04-03T02:17:45.800+0600][27.701s][info][gc,stats    ]     Exception Caches                  0 us
[2026-04-03T02:17:45.800+0600][27.701s][info][gc,stats    ] Concurrent Strong Roots            1688 us, parallelism: 0.70x
[2026-04-03T02:17:45.800+0600][27.701s][info][gc,stats    ]   CSR: <total>                     1185 us
[2026-04-03T02:17:45.800+0600][27.701s][info][gc,stats    ]   CSR: VM Strong Roots               94 us, workers (us):  56,  37,   1, ---, ---, ---, 
[2026-04-03T02:17:45.800+0600][27.701s][info][gc,stats    ]   CSR: CLDG Roots                  1091 us, workers (us): ---, 1091, ---, ---, ---, ---, 
[2026-04-03T02:17:45.800+0600][27.701s][info][gc,stats    ] Concurrent Evacuation              4523 us
[2026-04-03T02:17:45.800+0600][27.701s][info][gc,stats    ] Pause Init Update Refs (G)          557 us
[2026-04-03T02:17:45.800+0600][27.701s][info][gc,stats    ] Pause Init Update Refs (N)          199 us
[2026-04-03T02:17:45.800+0600][27.702s][info][gc,stats    ]   Manage GCLABs                      55 us
[2026-04-03T02:17:45.800+0600][27.702s][info][gc,stats    ] Concurrent Update Refs            47204 us
[2026-04-03T02:17:45.800+0600][27.702s][info][gc,stats    ] Concurrent Update Thread Roots     1927 us
[2026-04-03T02:17:45.800+0600][27.702s][info][gc,stats    ] Pause Final Update Refs (G)         533 us
[2026-04-03T02:17:45.800+0600][27.702s][info][gc,stats    ] Pause Final Update Refs (N)         251 us
[2026-04-03T02:17:45.800+0600][27.702s][info][gc,stats    ]   Update Region States               61 us
[2026-04-03T02:17:45.800+0600][27.702s][info][gc,stats    ]   Trash Collection Set               19 us
[2026-04-03T02:17:45.800+0600][27.702s][info][gc,stats    ]   Rebuild Free Set                   73 us
[2026-04-03T02:17:45.801+0600][27.702s][info][gc,stats    ] Concurrent Cleanup                  760 us
[2026-04-03T02:17:45.801+0600][27.702s][info][gc,stats    ] 
[2026-04-03T02:17:45.801+0600][27.702s][info][gc,stats    ] Allocation pacing accrued:
[2026-04-03T02:17:45.801+0600][27.702s][info][gc,stats    ]       0 of   808 ms (  0.0%): <total>
[2026-04-03T02:17:45.801+0600][27.702s][info][gc,stats    ]       0 of   808 ms (  0.0%): <average total>
[2026-04-03T02:17:45.801+0600][27.702s][info][gc,stats    ] 
[2026-04-03T02:17:45.801+0600][27.702s][info][gc,metaspace] Metaspace: 128562K(129792K)->128610K(129856K) NonClass: 112199K(112832K)->112245K(112896K) Class: 16363K(16960K)->16364K(16960K)
[2026-04-03T02:17:45.801+0600][27.702s][info][gc,ergo     ] Pacer for Idle. Initial: 15360K, Alloc Tax Rate: 1.0x
[2026-04-03T02:17:46.223+0600][28.124s][info][gc          ] Trigger: Average GC time (241.50 ms) is above the time for average allocation rate (767 MB/s) to deplete free headroom (184M) (margin of error = 1.79)
[2026-04-03T02:17:46.223+0600][28.124s][info][gc,ergo     ] Free headroom: 222M (free) - 38400K (spike) - 0B (penalties) = 184M
[2026-04-03T02:17:46.223+0600][28.124s][info][gc,ergo     ] Free: 222M, Max: 256K regular, 99584K humongous, Frag: 57% external, 1% internal; Reserve: 38400K, Max: 256K
[2026-04-03T02:17:46.223+0600][28.124s][info][gc,start    ] GC(17) Concurrent reset
[2026-04-03T02:17:46.223+0600][28.124s][info][gc,task     ] GC(17) Using 3 of 6 workers for concurrent reset
[2026-04-03T02:17:46.223+0600][28.124s][info][gc,ergo     ] GC(17) Pacer for Reset. Non-Taxable: 750M
[2026-04-03T02:17:46.225+0600][28.126s][info][gc          ] GC(17) Concurrent reset 1.840ms
[2026-04-03T02:17:46.226+0600][28.127s][info][gc,start    ] GC(17) Pause Init Mark (unload classes)
[2026-04-03T02:17:46.226+0600][28.127s][info][gc,task     ] GC(17) Using 6 of 6 workers for init marking
[2026-04-03T02:17:46.226+0600][28.127s][info][gc,ergo     ] GC(17) Pacer for Mark. Expected Live: 80725K, Free: 221M, Non-Taxable: 22730K, Alloc Tax Rate: 0.4x
[2026-04-03T02:17:46.226+0600][28.127s][info][gc          ] GC(17) Pause Init Mark (unload classes) 0.163ms
[2026-04-03T02:17:46.226+0600][28.127s][info][gc,start    ] GC(17) Concurrent marking roots
[2026-04-03T02:17:46.226+0600][28.127s][info][gc,task     ] GC(17) Using 3 of 6 workers for concurrent marking roots
[2026-04-03T02:17:46.230+0600][28.132s][info][gc          ] GC(17) Concurrent marking roots 4.421ms
[2026-04-03T02:17:46.231+0600][28.132s][info][gc,start    ] GC(17) Concurrent marking (unload classes)
[2026-04-03T02:17:46.231+0600][28.132s][info][gc,task     ] GC(17) Using 3 of 6 workers for concurrent marking
[2026-04-03T02:17:46.297+0600][28.199s][info][gc          ] GC(17) Concurrent marking (unload classes) 66.881ms
[2026-04-03T02:17:46.298+0600][28.199s][info][gc,start    ] GC(17) Pause Final Mark (unload classes)
[2026-04-03T02:17:46.298+0600][28.199s][info][gc,task     ] GC(17) Using 6 of 6 workers for final marking
[2026-04-03T02:17:46.298+0600][28.199s][info][gc,ergo     ] GC(17) Adaptive CSet Selection. Target Free: 106M, Actual Free: 548M, Max CSet: 32000K, Min Garbage: 0B
[2026-04-03T02:17:46.299+0600][28.200s][info][gc,ergo     ] GC(17) Collectable Garbage: 377M (98%), Immediate: 328M (85%), CSet: 51013K (12%)
[2026-04-03T02:17:46.299+0600][28.200s][info][gc,ergo     ] GC(17) Pacer for Evacuation. Used CSet: 54356K, Free: 535M, Non-Taxable: 54833K, Alloc Tax Rate: 1.1x
[2026-04-03T02:17:46.299+0600][28.200s][info][gc          ] GC(17) Pause Final Mark (unload classes) 0.963ms
[2026-04-03T02:17:46.299+0600][28.200s][info][gc,start    ] GC(17) Concurrent thread roots
[2026-04-03T02:17:46.299+0600][28.200s][info][gc,task     ] GC(17) Using 3 of 6 workers for Concurrent thread roots
[2026-04-03T02:17:46.300+0600][28.201s][info][gc          ] GC(17) Concurrent thread roots 1.033ms
[2026-04-03T02:17:46.300+0600][28.201s][info][gc,start    ] GC(17) Concurrent weak references
[2026-04-03T02:17:46.300+0600][28.201s][info][gc,task     ] GC(17) Using 3 of 6 workers for concurrent weak references
[2026-04-03T02:17:46.300+0600][28.201s][info][gc,ref      ] GC(17) Encountered references: Soft: 3769, Weak: 15513, Final: 84, Phantom: 621
[2026-04-03T02:17:46.300+0600][28.201s][info][gc,ref      ] GC(17) Discovered  references: Soft: 0, Weak: 2885, Final: 4, Phantom: 616
[2026-04-03T02:17:46.300+0600][28.201s][info][gc,ref      ] GC(17) Enqueued    references: Soft: 0, Weak: 29, Final: 0, Phantom: 0
[2026-04-03T02:17:46.300+0600][28.201s][info][gc          ] GC(17) Concurrent weak references 0.392ms
[2026-04-03T02:17:46.300+0600][28.201s][info][gc,start    ] GC(17) Concurrent weak roots
[2026-04-03T02:17:46.300+0600][28.201s][info][gc,task     ] GC(17) Using 3 of 6 workers for concurrent weak root
[2026-04-03T02:17:46.304+0600][28.206s][info][gc          ] GC(17) Concurrent weak roots 4.156ms
[2026-04-03T02:17:46.304+0600][28.206s][info][gc,start    ] GC(17) Concurrent cleanup
[2026-04-03T02:17:46.305+0600][28.206s][info][gc          ] GC(17) Concurrent cleanup 502M->174M(614M) 0.542ms
[2026-04-03T02:17:46.305+0600][28.206s][info][gc,ergo     ] GC(17) Free: 533M, Max: 256K regular, 99584K humongous, Frag: 82% external, 0% internal; Reserve: 38147K, Max: 256K
[2026-04-03T02:17:46.305+0600][28.206s][info][gc,start    ] GC(17) Concurrent class unloading
[2026-04-03T02:17:46.305+0600][28.206s][info][gc,task     ] GC(17) Using 3 of 6 workers for concurrent class unloading
[2026-04-03T02:17:46.325+0600][28.226s][info][gc          ] GC(17) Concurrent class unloading 19.392ms
[2026-04-03T02:17:46.325+0600][28.226s][info][gc,start    ] GC(17) Concurrent strong roots
[2026-04-03T02:17:46.325+0600][28.226s][info][gc,task     ] GC(17) Using 3 of 6 workers for concurrent strong root
[2026-04-03T02:17:46.326+0600][28.227s][info][gc          ] GC(17) Concurrent strong roots 1.067ms
[2026-04-03T02:17:46.326+0600][28.227s][info][gc,start    ] GC(17) Concurrent evacuation
[2026-04-03T02:17:46.326+0600][28.227s][info][gc,task     ] GC(17) Using 3 of 6 workers for concurrent evacuation
[2026-04-03T02:17:46.328+0600][28.229s][info][gc          ] GC(17) Concurrent evacuation 1.848ms
[2026-04-03T02:17:46.328+0600][28.229s][info][gc,start    ] GC(17) Pause Init Update Refs
[2026-04-03T02:17:46.328+0600][28.229s][info][gc,ergo     ] GC(17) Pacer for Update Refs. Used: 184M, Free: 527M, Non-Taxable: 54016K, Alloc Tax Rate: 1.1x
[2026-04-03T02:17:46.328+0600][28.229s][info][gc          ] GC(17) Pause Init Update Refs 0.159ms
[2026-04-03T02:17:46.328+0600][28.229s][info][gc,start    ] GC(17) Concurrent update references
[2026-04-03T02:17:46.328+0600][28.230s][info][gc,task     ] GC(17) Using 3 of 6 workers for concurrent reference update
[2026-04-03T02:17:46.385+0600][28.286s][info][gc          ] GC(17) Concurrent update references 56.695ms
[2026-04-03T02:17:46.385+0600][28.286s][info][gc,start    ] GC(17) Concurrent update thread roots
[2026-04-03T02:17:46.387+0600][28.288s][info][gc          ] GC(17) Concurrent update thread roots 1.888ms
[2026-04-03T02:17:46.387+0600][28.288s][info][gc,start    ] GC(17) Pause Final Update Refs
[2026-04-03T02:17:46.387+0600][28.288s][info][gc,task     ] GC(17) Using 6 of 6 workers for final reference update
[2026-04-03T02:17:46.388+0600][28.289s][info][gc          ] GC(17) Pause Final Update Refs 0.305ms
[2026-04-03T02:17:46.388+0600][28.289s][info][gc,start    ] GC(17) Concurrent cleanup
[2026-04-03T02:17:46.388+0600][28.289s][info][gc          ] GC(17) Concurrent cleanup 208M->155M(614M) 0.616ms
[2026-04-03T02:17:46.388+0600][28.290s][info][gc,ergo     ] Free: 551M, Max: 256K regular, 166M humongous, Frag: 70% external, 0% internal; Reserve: 38400K, Max: 256K
[2026-04-03T02:17:46.388+0600][28.290s][info][gc,stats    ] 
[2026-04-03T02:17:46.388+0600][28.290s][info][gc,stats    ] All times are wall-clock times, except per-root-class counters, that are sum over
[2026-04-03T02:17:46.388+0600][28.290s][info][gc,stats    ] all workers. Dividing the <total> over the root stage time estimates parallelism.
[2026-04-03T02:17:46.388+0600][28.290s][info][gc,stats    ] 
[2026-04-03T02:17:46.388+0600][28.290s][info][gc,stats    ] Concurrent Reset                   1917 us
[2026-04-03T02:17:46.388+0600][28.290s][info][gc,stats    ] Pause Init Mark (G)                1107 us
[2026-04-03T02:17:46.388+0600][28.290s][info][gc,stats    ] Pause Init Mark (N)                 173 us
[2026-04-03T02:17:46.389+0600][28.290s][info][gc,stats    ]   Update Region States               63 us
[2026-04-03T02:17:46.389+0600][28.290s][info][gc,stats    ] Concurrent Mark Roots              4542 us, parallelism: 0.98x
[2026-04-03T02:17:46.389+0600][28.290s][info][gc,stats    ]   CMR: <total>                     4443 us
[2026-04-03T02:17:46.389+0600][28.290s][info][gc,stats    ]   CMR: Thread Roots                3965 us, workers (us): 3305, 660,   0, ---, ---, ---, 
[2026-04-03T02:17:46.389+0600][28.290s][info][gc,stats    ]   CMR: VM Strong Roots               91 us, workers (us):  88,   2,   0, ---, ---, ---, 
[2026-04-03T02:17:46.389+0600][28.290s][info][gc,stats    ]   CMR: CLDG Roots                   386 us, workers (us): 386, ---, ---, ---, ---, ---, 
[2026-04-03T02:17:46.389+0600][28.290s][info][gc,stats    ] Concurrent Marking                66967 us
[2026-04-03T02:17:46.389+0600][28.290s][info][gc,stats    ] Pause Final Mark (G)               1194 us
[2026-04-03T02:17:46.389+0600][28.290s][info][gc,stats    ] Pause Final Mark (N)                977 us
[2026-04-03T02:17:46.389+0600][28.290s][info][gc,stats    ]   Finish Mark                       371 us
[2026-04-03T02:17:46.389+0600][28.290s][info][gc,stats    ]   Update Region States               91 us
[2026-04-03T02:17:46.389+0600][28.290s][info][gc,stats    ]   Choose Collection Set             278 us
[2026-04-03T02:17:46.389+0600][28.290s][info][gc,stats    ]   Rebuild Free Set                   43 us
[2026-04-03T02:17:46.389+0600][28.290s][info][gc,stats    ] Concurrent Thread Roots            1083 us, parallelism: 2.12x
[2026-04-03T02:17:46.389+0600][28.290s][info][gc,stats    ]   CTR: <total>                     2297 us
[2026-04-03T02:17:46.389+0600][28.290s][info][gc,stats    ]   CTR: Thread Roots                2297 us, workers (us): 830, 757, 710, ---, ---, ---, 
[2026-04-03T02:17:46.389+0600][28.290s][info][gc,stats    ] Concurrent Weak References          408 us, parallelism: 0.86x
[2026-04-03T02:17:46.389+0600][28.290s][info][gc,stats    ]   CWRF: <total>                     352 us
[2026-04-03T02:17:46.389+0600][28.290s][info][gc,stats    ]   CWRF: Weak References             352 us, workers (us): 155, 115,  82, ---, ---, ---, 
[2026-04-03T02:17:46.389+0600][28.290s][info][gc,stats    ] Concurrent Weak Roots              4250 us
[2026-04-03T02:17:46.389+0600][28.290s][info][gc,stats    ]   Roots                            3610 us, parallelism: 2.64x
[2026-04-03T02:17:46.389+0600][28.290s][info][gc,stats    ]     CWR: <total>                   9540 us
[2026-04-03T02:17:46.389+0600][28.290s][info][gc,stats    ]     CWR: Code Cache Roots          6958 us, workers (us): 2291, 2290, 2377, ---, ---, ---, 
[2026-04-03T02:17:46.389+0600][28.290s][info][gc,stats    ]     CWR: VM Weak Roots             2447 us, workers (us): 870, 788, 788, ---, ---, ---, 
[2026-04-03T02:17:46.389+0600][28.290s][info][gc,stats    ]     CWR: CLDG Roots                 135 us, workers (us): ---, 135, ---, ---, ---, ---, 
[2026-04-03T02:17:46.389+0600][28.290s][info][gc,stats    ]   Rendezvous                        498 us
[2026-04-03T02:17:46.389+0600][28.290s][info][gc,stats    ] Concurrent Cleanup                  595 us
[2026-04-03T02:17:46.389+0600][28.290s][info][gc,stats    ] Concurrent Class Unloading        19490 us
[2026-04-03T02:17:46.389+0600][28.290s][info][gc,stats    ]   Unlink Stale                    14404 us
[2026-04-03T02:17:46.389+0600][28.290s][info][gc,stats    ]     System Dictionary               282 us
[2026-04-03T02:17:46.389+0600][28.290s][info][gc,stats    ]     Weak Class Links                  0 us
[2026-04-03T02:17:46.389+0600][28.290s][info][gc,stats    ]     Code Roots                    14117 us
[2026-04-03T02:17:46.389+0600][28.290s][info][gc,stats    ]   Rendezvous                        431 us
[2026-04-03T02:17:46.389+0600][28.290s][info][gc,stats    ]   Purge Unlinked                   4516 us
[2026-04-03T02:17:46.389+0600][28.290s][info][gc,stats    ]     Code Roots                     4499 us
[2026-04-03T02:17:46.389+0600][28.290s][info][gc,stats    ]     CLDG                             17 us
[2026-04-03T02:17:46.389+0600][28.290s][info][gc,stats    ]     Exception Caches                  0 us
[2026-04-03T02:17:46.389+0600][28.290s][info][gc,stats    ] Concurrent Strong Roots            1130 us, parallelism: 0.63x
[2026-04-03T02:17:46.389+0600][28.290s][info][gc,stats    ]   CSR: <total>                      716 us
[2026-04-03T02:17:46.389+0600][28.290s][info][gc,stats    ]   CSR: VM Strong Roots               51 us, workers (us):  25,  26,   0, ---, ---, ---, 
[2026-04-03T02:17:46.389+0600][28.290s][info][gc,stats    ]   CSR: CLDG Roots                   664 us, workers (us): 664, ---, ---, ---, ---, ---, 
[2026-04-03T02:17:46.389+0600][28.290s][info][gc,stats    ] Concurrent Evacuation              1918 us
[2026-04-03T02:17:46.389+0600][28.290s][info][gc,stats    ] Pause Init Update Refs (G)          620 us
[2026-04-03T02:17:46.389+0600][28.290s][info][gc,stats    ] Pause Init Update Refs (N)          176 us
[2026-04-03T02:17:46.389+0600][28.290s][info][gc,stats    ]   Manage GCLABs                      51 us
[2026-04-03T02:17:46.389+0600][28.290s][info][gc,stats    ] Concurrent Update Refs            56823 us
[2026-04-03T02:17:46.389+0600][28.290s][info][gc,stats    ] Concurrent Update Thread Roots     1963 us
[2026-04-03T02:17:46.389+0600][28.290s][info][gc,stats    ] Pause Final Update Refs (G)         589 us
[2026-04-03T02:17:46.389+0600][28.290s][info][gc,stats    ] Pause Final Update Refs (N)         331 us
[2026-04-03T02:17:46.389+0600][28.290s][info][gc,stats    ]   Update Region States               65 us
[2026-04-03T02:17:46.389+0600][28.290s][info][gc,stats    ]   Trash Collection Set               18 us
[2026-04-03T02:17:46.389+0600][28.290s][info][gc,stats    ]   Rebuild Free Set                   43 us
[2026-04-03T02:17:46.389+0600][28.290s][info][gc,stats    ] Concurrent Cleanup                  642 us
[2026-04-03T02:17:46.389+0600][28.290s][info][gc,stats    ] Pacing                            23186 us
[2026-04-03T02:17:46.389+0600][28.290s][info][gc,stats    ] 
[2026-04-03T02:17:46.389+0600][28.290s][info][gc,stats    ] Allocation pacing accrued:
[2026-04-03T02:17:46.389+0600][28.290s][info][gc,stats    ]      14 of   588 ms (  2.3%): Executor task launch worker for task 0.0 in stage 129.0 (TID 421)
[2026-04-03T02:17:46.389+0600][28.290s][info][gc,stats    ]      10 of   588 ms (  1.6%): Executor task launch worker for task 1.0 in stage 129.0 (TID 422)
[2026-04-03T02:17:46.389+0600][28.290s][info][gc,stats    ]      23 of   588 ms (  3.9%): <total>
[2026-04-03T02:17:46.389+0600][28.290s][info][gc,stats    ]       0 of   588 ms (  0.0%): <average total>
[2026-04-03T02:17:46.389+0600][28.290s][info][gc,stats    ]      12 of   588 ms (  2.0%): <average non-zero>
[2026-04-03T02:17:46.389+0600][28.290s][info][gc,stats    ] 
[2026-04-03T02:17:46.389+0600][28.290s][info][gc,metaspace] Metaspace: 128812K(130048K)->128828K(130048K) NonClass: 112448K(113088K)->112464K(113088K) Class: 16364K(16960K)->16364K(16960K)
[2026-04-03T02:17:46.389+0600][28.290s][info][gc,ergo     ] Pacer for Idle. Initial: 15360K, Alloc Tax Rate: 1.0x
[2026-04-03T02:17:47.113+0600][29.014s][info][gc          ] Trigger: Average GC time (219.47 ms) is above the time for average allocation rate (651 MB/s) to deplete free headroom (138M) (margin of error = 1.79)
[2026-04-03T02:17:47.113+0600][29.014s][info][gc,ergo     ] Free headroom: 175M (free) - 38400K (spike) - 0B (penalties) = 138M
[2026-04-03T02:17:47.113+0600][29.014s][info][gc,ergo     ] Free: 175M, Max: 256K regular, 105M humongous, Frag: 40% external, 1% internal; Reserve: 38400K, Max: 256K
[2026-04-03T02:17:47.114+0600][29.015s][info][gc,start    ] GC(18) Concurrent reset
[2026-04-03T02:17:47.114+0600][29.015s][info][gc,task     ] GC(18) Using 3 of 6 workers for concurrent reset
[2026-04-03T02:17:47.114+0600][29.015s][info][gc,ergo     ] GC(18) Pacer for Reset. Non-Taxable: 750M
[2026-04-03T02:17:47.115+0600][29.017s][info][gc          ] GC(18) Concurrent reset 1.948ms
[2026-04-03T02:17:47.117+0600][29.018s][info][gc,start    ] GC(18) Pause Init Mark (unload classes)
[2026-04-03T02:17:47.117+0600][29.018s][info][gc,task     ] GC(18) Using 6 of 6 workers for init marking
[2026-04-03T02:17:47.117+0600][29.018s][info][gc,ergo     ] GC(18) Pacer for Mark. Expected Live: 81813K, Free: 173M, Non-Taxable: 17799K, Alloc Tax Rate: 0.6x
[2026-04-03T02:17:47.117+0600][29.018s][info][gc          ] GC(18) Pause Init Mark (unload classes) 0.203ms
[2026-04-03T02:17:47.118+0600][29.019s][info][gc,start    ] GC(18) Concurrent marking roots
[2026-04-03T02:17:47.118+0600][29.019s][info][gc,task     ] GC(18) Using 3 of 6 workers for concurrent marking roots
[2026-04-03T02:17:47.119+0600][29.020s][info][gc          ] GC(18) Concurrent marking roots 1.698ms
[2026-04-03T02:17:47.119+0600][29.020s][info][gc,start    ] GC(18) Concurrent marking (unload classes)
[2026-04-03T02:17:47.119+0600][29.020s][info][gc,task     ] GC(18) Using 3 of 6 workers for concurrent marking
[2026-04-03T02:17:47.213+0600][29.114s][info][gc          ] GC(18) Concurrent marking (unload classes) 93.689ms
[2026-04-03T02:17:47.214+0600][29.115s][info][gc,start    ] GC(18) Pause Final Mark (unload classes)
[2026-04-03T02:17:47.214+0600][29.115s][info][gc,task     ] GC(18) Using 6 of 6 workers for final marking
[2026-04-03T02:17:47.214+0600][29.115s][info][gc,ergo     ] GC(18) Adaptive CSet Selection. Target Free: 106M, Actual Free: 430M, Max CSet: 32000K, Min Garbage: 0B
[2026-04-03T02:17:47.214+0600][29.116s][info][gc,ergo     ] GC(18) Collectable Garbage: 422M (98%), Immediate: 248M (57%), CSet: 173M (40%)
[2026-04-03T02:17:47.215+0600][29.116s][info][gc,ergo     ] GC(18) Pacer for Evacuation. Used CSet: 181M, Free: 413M, Non-Taxable: 42302K, Alloc Tax Rate: 1.1x
[2026-04-03T02:17:47.215+0600][29.116s][info][gc          ] GC(18) Pause Final Mark (unload classes) 0.955ms
[2026-04-03T02:17:47.215+0600][29.116s][info][gc,start    ] GC(18) Concurrent thread roots
[2026-04-03T02:17:47.215+0600][29.116s][info][gc,task     ] GC(18) Using 3 of 6 workers for Concurrent thread roots
[2026-04-03T02:17:47.219+0600][29.120s][info][gc          ] GC(18) Concurrent thread roots 3.831ms
[2026-04-03T02:17:47.219+0600][29.120s][info][gc,start    ] GC(18) Concurrent weak references
[2026-04-03T02:17:47.219+0600][29.120s][info][gc,task     ] GC(18) Using 3 of 6 workers for concurrent weak references
[2026-04-03T02:17:47.219+0600][29.121s][info][gc,ref      ] GC(18) Encountered references: Soft: 3841, Weak: 16408, Final: 84, Phantom: 655
[2026-04-03T02:17:47.220+0600][29.121s][info][gc,ref      ] GC(18) Discovered  references: Soft: 0, Weak: 4922, Final: 0, Phantom: 613
[2026-04-03T02:17:47.220+0600][29.121s][info][gc,ref      ] GC(18) Enqueued    references: Soft: 0, Weak: 1784, Final: 0, Phantom: 0
[2026-04-03T02:17:47.220+0600][29.121s][info][gc          ] GC(18) Concurrent weak references 0.971ms
[2026-04-03T02:17:47.220+0600][29.121s][info][gc,start    ] GC(18) Concurrent weak roots
[2026-04-03T02:17:47.220+0600][29.121s][info][gc,task     ] GC(18) Using 3 of 6 workers for concurrent weak root
[2026-04-03T02:17:47.230+0600][29.131s][info][gc          ] GC(18) Concurrent weak roots 10.014ms
[2026-04-03T02:17:47.230+0600][29.131s][info][gc,start    ] GC(18) Concurrent cleanup
[2026-04-03T02:17:47.231+0600][29.132s][info][gc          ] GC(18) Concurrent cleanup 555M->307M(614M) 0.828ms
[2026-04-03T02:17:47.231+0600][29.132s][info][gc,ergo     ] GC(18) Free: 401M, Max: 256K regular, 65024K humongous, Frag: 85% external, 0% internal; Reserve: 37979K, Max: 256K
[2026-04-03T02:17:47.231+0600][29.132s][info][gc,start    ] GC(18) Concurrent class unloading
[2026-04-03T02:17:47.231+0600][29.132s][info][gc,task     ] GC(18) Using 3 of 6 workers for concurrent class unloading
[2026-04-03T02:17:47.286+0600][29.187s][info][gc          ] GC(18) Concurrent class unloading 55.447ms
[2026-04-03T02:17:47.286+0600][29.187s][info][gc,start    ] GC(18) Concurrent strong roots
[2026-04-03T02:17:47.286+0600][29.187s][info][gc,task     ] GC(18) Using 3 of 6 workers for concurrent strong root
[2026-04-03T02:17:47.288+0600][29.189s][info][gc          ] GC(18) Concurrent strong roots 1.658ms
[2026-04-03T02:17:47.288+0600][29.189s][info][gc,start    ] GC(18) Concurrent evacuation
[2026-04-03T02:17:47.288+0600][29.189s][info][gc,task     ] GC(18) Using 3 of 6 workers for concurrent evacuation
[2026-04-03T02:17:47.296+0600][29.197s][info][gc          ] GC(18) Concurrent evacuation 7.612ms
[2026-04-03T02:17:47.296+0600][29.197s][info][gc,start    ] GC(18) Pause Init Update Refs
[2026-04-03T02:17:47.296+0600][29.197s][info][gc,ergo     ] GC(18) Pacer for Update Refs. Used: 348M, Free: 368M, Non-Taxable: 37744K, Alloc Tax Rate: 1.2x
[2026-04-03T02:17:47.296+0600][29.197s][info][gc          ] GC(18) Pause Init Update Refs 0.157ms
[2026-04-03T02:17:47.296+0600][29.197s][info][gc,start    ] GC(18) Concurrent update references
[2026-04-03T02:17:47.296+0600][29.197s][info][gc,task     ] GC(18) Using 3 of 6 workers for concurrent reference update
[2026-04-03T02:17:47.385+0600][29.287s][info][gc          ] GC(18) Concurrent update references 89.111ms
[2026-04-03T02:17:47.386+0600][29.287s][info][gc,start    ] GC(18) Concurrent update thread roots
[2026-04-03T02:17:47.387+0600][29.289s][info][gc          ] GC(18) Concurrent update thread roots 1.889ms
[2026-04-03T02:17:47.388+0600][29.289s][info][gc,start    ] GC(18) Pause Final Update Refs
[2026-04-03T02:17:47.388+0600][29.289s][info][gc,task     ] GC(18) Using 6 of 6 workers for final reference update
[2026-04-03T02:17:47.388+0600][29.289s][info][gc          ] GC(18) Pause Final Update Refs 0.218ms
[2026-04-03T02:17:47.388+0600][29.289s][info][gc,start    ] GC(18) Concurrent cleanup
[2026-04-03T02:17:47.389+0600][29.290s][info][gc          ] GC(18) Concurrent cleanup 392M->211M(618M) 0.784ms
[2026-04-03T02:17:47.389+0600][29.290s][info][gc,ergo     ] Free: 496M, Max: 256K regular, 254M humongous, Frag: 49% external, 0% internal; Reserve: 38400K, Max: 256K
[2026-04-03T02:17:47.389+0600][29.290s][info][gc,stats    ] 
[2026-04-03T02:17:47.389+0600][29.290s][info][gc,stats    ] All times are wall-clock times, except per-root-class counters, that are sum over
[2026-04-03T02:17:47.389+0600][29.290s][info][gc,stats    ] all workers. Dividing the <total> over the root stage time estimates parallelism.
[2026-04-03T02:17:47.389+0600][29.290s][info][gc,stats    ] 
[2026-04-03T02:17:47.389+0600][29.290s][info][gc,stats    ] Concurrent Reset                   2021 us
[2026-04-03T02:17:47.389+0600][29.290s][info][gc,stats    ] Pause Init Mark (G)                1948 us
[2026-04-03T02:17:47.389+0600][29.290s][info][gc,stats    ] Pause Init Mark (N)                 218 us
[2026-04-03T02:17:47.389+0600][29.290s][info][gc,stats    ]   Update Region States               53 us
[2026-04-03T02:17:47.389+0600][29.290s][info][gc,stats    ] Concurrent Mark Roots              1754 us, parallelism: 2.06x
[2026-04-03T02:17:47.389+0600][29.290s][info][gc,stats    ]   CMR: <total>                     3617 us
[2026-04-03T02:17:47.389+0600][29.290s][info][gc,stats    ]   CMR: Thread Roots                3270 us, workers (us): 1198, 1167, 905, ---, ---, ---, 
[2026-04-03T02:17:47.389+0600][29.290s][info][gc,stats    ]   CMR: VM Strong Roots               68 us, workers (us):  32,  22,  14, ---, ---, ---, 
[2026-04-03T02:17:47.389+0600][29.290s][info][gc,stats    ]   CMR: CLDG Roots                   279 us, workers (us): ---, ---, 279, ---, ---, ---, 
[2026-04-03T02:17:47.389+0600][29.290s][info][gc,stats    ] Concurrent Marking                93800 us
[2026-04-03T02:17:47.389+0600][29.290s][info][gc,stats    ] Pause Final Mark (G)               1632 us
[2026-04-03T02:17:47.389+0600][29.291s][info][gc,stats    ] Pause Final Mark (N)                968 us
[2026-04-03T02:17:47.389+0600][29.291s][info][gc,stats    ]   Finish Mark                       301 us
[2026-04-03T02:17:47.389+0600][29.291s][info][gc,stats    ]   Update Region States               66 us
[2026-04-03T02:17:47.389+0600][29.291s][info][gc,stats    ]   Choose Collection Set             372 us
[2026-04-03T02:17:47.389+0600][29.291s][info][gc,stats    ]   Rebuild Free Set                   46 us
[2026-04-03T02:17:47.389+0600][29.291s][info][gc,stats    ] Concurrent Thread Roots            3904 us, parallelism: 2.35x
[2026-04-03T02:17:47.389+0600][29.291s][info][gc,stats    ]   CTR: <total>                     9192 us
[2026-04-03T02:17:47.389+0600][29.291s][info][gc,stats    ]   CTR: Thread Roots                9192 us, workers (us): 2770, 2744, 3679, ---, ---, ---, 
[2026-04-03T02:17:47.389+0600][29.291s][info][gc,stats    ] Concurrent Weak References          991 us, parallelism: 1.15x
[2026-04-03T02:17:47.389+0600][29.291s][info][gc,stats    ]   CWRF: <total>                    1136 us
[2026-04-03T02:17:47.390+0600][29.291s][info][gc,stats    ]   CWRF: Weak References            1136 us, workers (us): 437, 656,  44, ---, ---, ---, 
[2026-04-03T02:17:47.390+0600][29.291s][info][gc,stats    ] Concurrent Weak Roots             10142 us
[2026-04-03T02:17:47.390+0600][29.291s][info][gc,stats    ]   Roots                            9265 us, parallelism: 2.62x
[2026-04-03T02:17:47.390+0600][29.291s][info][gc,stats    ]     CWR: <total>                  24290 us
[2026-04-03T02:17:47.390+0600][29.291s][info][gc,stats    ]     CWR: Code Cache Roots         19013 us, workers (us): 6088, 6309, 6616, ---, ---, ---, 
[2026-04-03T02:17:47.390+0600][29.291s][info][gc,stats    ]     CWR: VM Weak Roots             5037 us, workers (us): 2678, 1658, 701, ---, ---, ---, 
[2026-04-03T02:17:47.390+0600][29.291s][info][gc,stats    ]     CWR: CLDG Roots                 240 us, workers (us): ---, 240, ---, ---, ---, ---, 
[2026-04-03T02:17:47.390+0600][29.291s][info][gc,stats    ]   Rendezvous                        682 us
[2026-04-03T02:17:47.390+0600][29.291s][info][gc,stats    ] Concurrent Cleanup                  856 us
[2026-04-03T02:17:47.390+0600][29.291s][info][gc,stats    ] Concurrent Class Unloading        55538 us
[2026-04-03T02:17:47.390+0600][29.291s][info][gc,stats    ]   Unlink Stale                    47537 us
[2026-04-03T02:17:47.390+0600][29.291s][info][gc,stats    ]     System Dictionary               512 us
[2026-04-03T02:17:47.390+0600][29.291s][info][gc,stats    ]     Weak Class Links              28848 us
[2026-04-03T02:17:47.390+0600][29.291s][info][gc,stats    ]     Code Roots                    18170 us
[2026-04-03T02:17:47.390+0600][29.291s][info][gc,stats    ]   Rendezvous                        307 us
[2026-04-03T02:17:47.390+0600][29.291s][info][gc,stats    ]   Purge Unlinked                   7573 us
[2026-04-03T02:17:47.390+0600][29.291s][info][gc,stats    ]     Code Roots                     7495 us
[2026-04-03T02:17:47.390+0600][29.291s][info][gc,stats    ]     CLDG                             77 us
[2026-04-03T02:17:47.390+0600][29.291s][info][gc,stats    ]     Exception Caches                  1 us
[2026-04-03T02:17:47.390+0600][29.291s][info][gc,stats    ] Concurrent Strong Roots            1750 us, parallelism: 0.69x
[2026-04-03T02:17:47.390+0600][29.291s][info][gc,stats    ]   CSR: <total>                     1206 us
[2026-04-03T02:17:47.390+0600][29.291s][info][gc,stats    ]   CSR: VM Strong Roots               81 us, workers (us):  34,  35,  12, ---, ---, ---, 
[2026-04-03T02:17:47.390+0600][29.291s][info][gc,stats    ]   CSR: CLDG Roots                  1126 us, workers (us): 1126, ---, ---, ---, ---, ---, 
[2026-04-03T02:17:47.390+0600][29.291s][info][gc,stats    ] Concurrent Evacuation              7762 us
[2026-04-03T02:17:47.390+0600][29.291s][info][gc,stats    ] Pause Init Update Refs (G)          587 us
[2026-04-03T02:17:47.390+0600][29.291s][info][gc,stats    ] Pause Init Update Refs (N)          170 us
[2026-04-03T02:17:47.390+0600][29.291s][info][gc,stats    ]   Manage GCLABs                      43 us
[2026-04-03T02:17:47.390+0600][29.291s][info][gc,stats    ] Concurrent Update Refs            89238 us
[2026-04-03T02:17:47.390+0600][29.291s][info][gc,stats    ] Concurrent Update Thread Roots     1997 us
[2026-04-03T02:17:47.390+0600][29.291s][info][gc,stats    ] Pause Final Update Refs (G)         571 us
[2026-04-03T02:17:47.390+0600][29.291s][info][gc,stats    ] Pause Final Update Refs (N)         238 us
[2026-04-03T02:17:47.390+0600][29.291s][info][gc,stats    ]   Update Region States               60 us
[2026-04-03T02:17:47.390+0600][29.291s][info][gc,stats    ]   Trash Collection Set               25 us
[2026-04-03T02:17:47.390+0600][29.291s][info][gc,stats    ]   Rebuild Free Set                   49 us
[2026-04-03T02:17:47.390+0600][29.291s][info][gc,stats    ] Concurrent Cleanup                  875 us
[2026-04-03T02:17:47.390+0600][29.291s][info][gc,stats    ] Pacing                           197789 us
[2026-04-03T02:17:47.390+0600][29.291s][info][gc,stats    ] 
[2026-04-03T02:17:47.390+0600][29.291s][info][gc,stats    ] Allocation pacing accrued:
[2026-04-03T02:17:47.390+0600][29.291s][info][gc,stats    ]      21 of  1001 ms (  2.1%): Spark Context Cleaner
[2026-04-03T02:17:47.390+0600][29.291s][info][gc,stats    ]      21 of  1001 ms (  2.1%): Executor task launch worker for task 0.0 in stage 234.0 (TID 469)
[2026-04-03T02:17:47.390+0600][29.291s][info][gc,stats    ]      21 of  1001 ms (  2.1%): Executor task launch worker for task 7.0 in stage 234.0 (TID 476)
[2026-04-03T02:17:47.390+0600][29.291s][info][gc,stats    ]      21 of  1001 ms (  2.1%): Executor task launch worker for task 3.0 in stage 234.0 (TID 472)
[2026-04-03T02:17:47.390+0600][29.291s][info][gc,stats    ]      22 of  1001 ms (  2.2%): Executor task launch worker for task 1.0 in stage 234.0 (TID 470)
[2026-04-03T02:17:47.390+0600][29.291s][info][gc,stats    ]      21 of  1001 ms (  2.1%): Executor task launch worker for task 2.0 in stage 234.0 (TID 471)
[2026-04-03T02:17:47.390+0600][29.291s][info][gc,stats    ]      21 of  1001 ms (  2.1%): Executor task launch worker for task 4.0 in stage 234.0 (TID 473)
[2026-04-03T02:17:47.390+0600][29.291s][info][gc,stats    ]      25 of  1001 ms (  2.5%): Executor task launch worker for task 5.0 in stage 234.0 (TID 474)
[2026-04-03T02:17:47.390+0600][29.291s][info][gc,stats    ]      23 of  1001 ms (  2.3%): Executor task launch worker for task 6.0 in stage 234.0 (TID 475)
[2026-04-03T02:17:47.390+0600][29.291s][info][gc,stats    ]     198 of  1001 ms ( 19.8%): <total>
[2026-04-03T02:17:47.390+0600][29.291s][info][gc,stats    ]       1 of  1001 ms (  0.1%): <average total>
[2026-04-03T02:17:47.390+0600][29.291s][info][gc,stats    ]      22 of  1001 ms (  2.2%): <average non-zero>
[2026-04-03T02:17:47.390+0600][29.291s][info][gc,stats    ] 
[2026-04-03T02:17:47.390+0600][29.291s][info][gc,metaspace] Metaspace: 129402K(130560K)->129421K(130624K) NonClass: 112960K(113600K)->112979K(113600K) Class: 16442K(16960K)->16441K(17024K)
[2026-04-03T02:17:47.390+0600][29.291s][info][gc,ergo     ] Pacer for Idle. Initial: 15360K, Alloc Tax Rate: 1.0x
[2026-04-03T02:17:47.593+0600][29.494s][info][gc          ] Trigger: Average GC time (327.11 ms) is above the time for average allocation rate (1233 MB/s) to deplete free headroom (222M) (margin of error = 1.80)
[2026-04-03T02:17:47.593+0600][29.494s][info][gc,ergo     ] Free headroom: 259M (free) - 38400K (spike) - 0B (penalties) = 222M
[2026-04-03T02:17:47.593+0600][29.495s][info][gc,ergo     ] Free: 259M, Max: 256K regular, 125M humongous, Frag: 52% external, 0% internal; Reserve: 38400K, Max: 256K
[2026-04-03T02:17:47.594+0600][29.495s][info][gc,start    ] GC(19) Concurrent reset
[2026-04-03T02:17:47.594+0600][29.495s][info][gc,task     ] GC(19) Using 3 of 6 workers for concurrent reset
[2026-04-03T02:17:47.594+0600][29.495s][info][gc,ergo     ] GC(19) Pacer for Reset. Non-Taxable: 750M
[2026-04-03T02:17:47.596+0600][29.497s][info][gc          ] GC(19) Concurrent reset 2.836ms
[2026-04-03T02:17:47.597+0600][29.498s][info][gc,start    ] GC(19) Pause Init Mark (unload classes)
[2026-04-03T02:17:47.597+0600][29.498s][info][gc,task     ] GC(19) Using 6 of 6 workers for init marking
[2026-04-03T02:17:47.597+0600][29.498s][info][gc,ergo     ] GC(19) Pacer for Mark. Expected Live: 83066K, Free: 237M, Non-Taxable: 24305K, Alloc Tax Rate: 0.4x
[2026-04-03T02:17:47.597+0600][29.498s][info][gc          ] GC(19) Pause Init Mark (unload classes) 0.189ms
[2026-04-03T02:17:47.597+0600][29.498s][info][gc,start    ] GC(19) Concurrent marking roots
[2026-04-03T02:17:47.597+0600][29.499s][info][gc,task     ] GC(19) Using 3 of 6 workers for concurrent marking roots
[2026-04-03T02:17:47.600+0600][29.501s][info][gc          ] GC(19) Concurrent marking roots 2.128ms
[2026-04-03T02:17:47.600+0600][29.501s][info][gc,start    ] GC(19) Concurrent marking (unload classes)
[2026-04-03T02:17:47.600+0600][29.501s][info][gc,task     ] GC(19) Using 3 of 6 workers for concurrent marking
[2026-04-03T02:17:47.648+0600][29.549s][info][gc          ] GC(19) Concurrent marking (unload classes) 48.721ms
[2026-04-03T02:17:47.649+0600][29.550s][info][gc,start    ] GC(19) Pause Final Mark (unload classes)
[2026-04-03T02:17:47.649+0600][29.550s][info][gc,task     ] GC(19) Using 6 of 6 workers for final marking
[2026-04-03T02:17:47.649+0600][29.550s][info][gc,ergo     ] GC(19) Adaptive CSet Selection. Target Free: 106M, Actual Free: 527M, Max CSet: 32000K, Min Garbage: 0B
[2026-04-03T02:17:47.649+0600][29.550s][info][gc,ergo     ] GC(19) Collectable Garbage: 358M (98%), Immediate: 309M (84%), CSet: 49970K (13%)
[2026-04-03T02:17:47.649+0600][29.550s][info][gc,ergo     ] GC(19) Pacer for Evacuation. Used CSet: 55542K, Free: 510M, Non-Taxable: 52317K, Alloc Tax Rate: 1.1x
[2026-04-03T02:17:47.649+0600][29.550s][info][gc          ] GC(19) Pause Final Mark (unload classes) 0.696ms
[2026-04-03T02:17:47.649+0600][29.550s][info][gc,start    ] GC(19) Concurrent thread roots
[2026-04-03T02:17:47.649+0600][29.551s][info][gc,task     ] GC(19) Using 3 of 6 workers for Concurrent thread roots
[2026-04-03T02:17:47.651+0600][29.552s][info][gc          ] GC(19) Concurrent thread roots 1.193ms
[2026-04-03T02:17:47.651+0600][29.552s][info][gc,start    ] GC(19) Concurrent weak references
[2026-04-03T02:17:47.651+0600][29.552s][info][gc,task     ] GC(19) Using 3 of 6 workers for concurrent weak references
[2026-04-03T02:17:47.651+0600][29.553s][info][gc,ref      ] GC(19) Encountered references: Soft: 3868, Weak: 15074, Final: 84, Phantom: 641
[2026-04-03T02:17:47.652+0600][29.553s][info][gc,ref      ] GC(19) Discovered  references: Soft: 0, Weak: 7984, Final: 48, Phantom: 599
[2026-04-03T02:17:47.652+0600][29.553s][info][gc,ref      ] GC(19) Enqueued    references: Soft: 0, Weak: 571, Final: 0, Phantom: 0
[2026-04-03T02:17:47.652+0600][29.553s][info][gc          ] GC(19) Concurrent weak references 0.946ms
[2026-04-03T02:17:47.652+0600][29.553s][info][gc,start    ] GC(19) Concurrent weak roots
[2026-04-03T02:17:47.652+0600][29.553s][info][gc,task     ] GC(19) Using 3 of 6 workers for concurrent weak root
[2026-04-03T02:17:47.657+0600][29.558s][info][gc          ] GC(19) Concurrent weak roots 5.574ms
[2026-04-03T02:17:47.657+0600][29.558s][info][gc,start    ] GC(19) Concurrent cleanup
[2026-04-03T02:17:47.658+0600][29.559s][info][gc          ] GC(19) Concurrent cleanup 521M->212M(618M) 0.734ms
[2026-04-03T02:17:47.658+0600][29.559s][info][gc,ergo     ] GC(19) Free: 496M, Max: 256K regular, 68096K humongous, Frag: 87% external, 0% internal; Reserve: 36115K, Max: 256K
[2026-04-03T02:17:47.658+0600][29.559s][info][gc,start    ] GC(19) Concurrent class unloading
[2026-04-03T02:17:47.658+0600][29.559s][info][gc,task     ] GC(19) Using 3 of 6 workers for concurrent class unloading
[2026-04-03T02:17:47.681+0600][29.582s][info][gc          ] GC(19) Concurrent class unloading 22.888ms
[2026-04-03T02:17:47.681+0600][29.582s][info][gc,start    ] GC(19) Concurrent strong roots
[2026-04-03T02:17:47.681+0600][29.582s][info][gc,task     ] GC(19) Using 3 of 6 workers for concurrent strong root
[2026-04-03T02:17:47.683+0600][29.584s][info][gc          ] GC(19) Concurrent strong roots 1.522ms
[2026-04-03T02:17:47.683+0600][29.584s][info][gc,start    ] GC(19) Concurrent evacuation
[2026-04-03T02:17:47.683+0600][29.584s][info][gc,task     ] GC(19) Using 3 of 6 workers for concurrent evacuation
[2026-04-03T02:17:47.686+0600][29.587s][info][gc          ] GC(19) Concurrent evacuation 3.099ms
[2026-04-03T02:17:47.686+0600][29.587s][info][gc,start    ] GC(19) Pause Init Update Refs
[2026-04-03T02:17:47.686+0600][29.588s][info][gc,ergo     ] GC(19) Pacer for Update Refs. Used: 260M, Free: 449M, Non-Taxable: 46030K, Alloc Tax Rate: 1.1x
[2026-04-03T02:17:47.686+0600][29.588s][info][gc          ] GC(19) Pause Init Update Refs 0.107ms
[2026-04-03T02:17:47.687+0600][29.588s][info][gc,start    ] GC(19) Concurrent update references
[2026-04-03T02:17:47.687+0600][29.588s][info][gc,task     ] GC(19) Using 3 of 6 workers for concurrent reference update
[2026-04-03T02:17:47.724+0600][29.626s][info][gc          ] GC(19) Concurrent update references 37.898ms
[2026-04-03T02:17:47.725+0600][29.626s][info][gc,start    ] GC(19) Concurrent update thread roots
[2026-04-03T02:17:47.728+0600][29.629s][info][gc          ] GC(19) Concurrent update thread roots 2.919ms
[2026-04-03T02:17:47.728+0600][29.629s][info][gc,start    ] GC(19) Pause Final Update Refs
[2026-04-03T02:17:47.728+0600][29.629s][info][gc,task     ] GC(19) Using 6 of 6 workers for final reference update
[2026-04-03T02:17:47.729+0600][29.630s][info][gc          ] GC(19) Pause Final Update Refs 0.202ms
[2026-04-03T02:17:47.729+0600][29.630s][info][gc,start    ] GC(19) Concurrent cleanup
[2026-04-03T02:17:47.729+0600][29.631s][info][gc          ] GC(19) Concurrent cleanup 274M->221M(620M) 0.407ms
[2026-04-03T02:17:47.730+0600][29.631s][info][gc,ergo     ] Free: 481M, Max: 256K regular, 147M humongous, Frag: 70% external, 0% internal; Reserve: 38400K, Max: 256K
[2026-04-03T02:17:47.730+0600][29.631s][info][gc,stats    ] 
[2026-04-03T02:17:47.730+0600][29.631s][info][gc,stats    ] All times are wall-clock times, except per-root-class counters, that are sum over
[2026-04-03T02:17:47.730+0600][29.631s][info][gc,stats    ] all workers. Dividing the <total> over the root stage time estimates parallelism.
[2026-04-03T02:17:47.730+0600][29.631s][info][gc,stats    ] 
[2026-04-03T02:17:47.730+0600][29.631s][info][gc,stats    ] Concurrent Reset                   2992 us
[2026-04-03T02:17:47.730+0600][29.631s][info][gc,stats    ] Pause Init Mark (G)                 854 us
[2026-04-03T02:17:47.730+0600][29.631s][info][gc,stats    ] Pause Init Mark (N)                 199 us
[2026-04-03T02:17:47.730+0600][29.631s][info][gc,stats    ]   Update Region States               45 us
[2026-04-03T02:17:47.730+0600][29.631s][info][gc,stats    ] Concurrent Mark Roots              2172 us, parallelism: 2.12x
[2026-04-03T02:17:47.730+0600][29.631s][info][gc,stats    ]   CMR: <total>                     4614 us
[2026-04-03T02:17:47.730+0600][29.631s][info][gc,stats    ]   CMR: Thread Roots                4037 us, workers (us): 1000, 1522, 1516, ---, ---, ---, 
[2026-04-03T02:17:47.730+0600][29.631s][info][gc,stats    ]   CMR: VM Strong Roots               81 us, workers (us):  51,  16,  14, ---, ---, ---, 
[2026-04-03T02:17:47.730+0600][29.631s][info][gc,stats    ]   CMR: CLDG Roots                   496 us, workers (us): 496, ---, ---, ---, ---, ---, 
[2026-04-03T02:17:47.730+0600][29.631s][info][gc,stats    ] Concurrent Marking                48794 us
[2026-04-03T02:17:47.730+0600][29.631s][info][gc,stats    ] Pause Final Mark (G)               1014 us
[2026-04-03T02:17:47.730+0600][29.631s][info][gc,stats    ] Pause Final Mark (N)                708 us
[2026-04-03T02:17:47.730+0600][29.631s][info][gc,stats    ]   Finish Mark                       299 us
[2026-04-03T02:17:47.730+0600][29.631s][info][gc,stats    ]   Update Region States               44 us
[2026-04-03T02:17:47.730+0600][29.631s][info][gc,stats    ]   Choose Collection Set             216 us
[2026-04-03T02:17:47.730+0600][29.631s][info][gc,stats    ]   Rebuild Free Set                   41 us
[2026-04-03T02:17:47.730+0600][29.631s][info][gc,stats    ] Concurrent Thread Roots            1239 us, parallelism: 2.46x
[2026-04-03T02:17:47.730+0600][29.631s][info][gc,stats    ]   CTR: <total>                     3049 us
[2026-04-03T02:17:47.730+0600][29.631s][info][gc,stats    ]   CTR: Thread Roots                3049 us, workers (us): 1034, 1002, 1013, ---, ---, ---, 
[2026-04-03T02:17:47.730+0600][29.631s][info][gc,stats    ] Concurrent Weak References          956 us, parallelism: 1.08x
[2026-04-03T02:17:47.730+0600][29.631s][info][gc,stats    ]   CWRF: <total>                    1033 us
[2026-04-03T02:17:47.730+0600][29.631s][info][gc,stats    ]   CWRF: Weak References            1033 us, workers (us): 726, 263,  43, ---, ---, ---, 
[2026-04-03T02:17:47.730+0600][29.631s][info][gc,stats    ] Concurrent Weak Roots              5685 us
[2026-04-03T02:17:47.730+0600][29.631s][info][gc,stats    ]   Roots                            4689 us, parallelism: 2.70x
[2026-04-03T02:17:47.730+0600][29.631s][info][gc,stats    ]     CWR: <total>                  12655 us
[2026-04-03T02:17:47.730+0600][29.631s][info][gc,stats    ]     CWR: Code Cache Roots         10400 us, workers (us): 3546, 3510, 3345, ---, ---, ---, 
[2026-04-03T02:17:47.730+0600][29.631s][info][gc,stats    ]     CWR: VM Weak Roots             2114 us, workers (us): 728, 709, 677, ---, ---, ---, 
[2026-04-03T02:17:47.730+0600][29.631s][info][gc,stats    ]     CWR: CLDG Roots                 141 us, workers (us): ---, ---, 141, ---, ---, ---, 
[2026-04-03T02:17:47.730+0600][29.631s][info][gc,stats    ]   Rendezvous                        860 us
[2026-04-03T02:17:47.730+0600][29.631s][info][gc,stats    ] Concurrent Cleanup                  806 us
[2026-04-03T02:17:47.730+0600][29.631s][info][gc,stats    ] Concurrent Class Unloading        22991 us
[2026-04-03T02:17:47.730+0600][29.631s][info][gc,stats    ]   Unlink Stale                    18565 us
[2026-04-03T02:17:47.730+0600][29.631s][info][gc,stats    ]     System Dictionary               366 us
[2026-04-03T02:17:47.730+0600][29.631s][info][gc,stats    ]     Weak Class Links                  1 us
[2026-04-03T02:17:47.730+0600][29.631s][info][gc,stats    ]     Code Roots                    18192 us
[2026-04-03T02:17:47.730+0600][29.631s][info][gc,stats    ]   Rendezvous                        479 us
[2026-04-03T02:17:47.730+0600][29.631s][info][gc,stats    ]   Purge Unlinked                   3795 us
[2026-04-03T02:17:47.730+0600][29.631s][info][gc,stats    ]     Code Roots                     3781 us
[2026-04-03T02:17:47.730+0600][29.631s][info][gc,stats    ]     CLDG                             12 us
[2026-04-03T02:17:47.730+0600][29.631s][info][gc,stats    ]     Exception Caches                  0 us
[2026-04-03T02:17:47.730+0600][29.632s][info][gc,stats    ] Concurrent Strong Roots            1623 us, parallelism: 0.65x
[2026-04-03T02:17:47.730+0600][29.632s][info][gc,stats    ]   CSR: <total>                     1055 us
[2026-04-03T02:17:47.730+0600][29.632s][info][gc,stats    ]   CSR: VM Strong Roots               66 us, workers (us):  64,   2,   0, ---, ---, ---, 
[2026-04-03T02:17:47.730+0600][29.632s][info][gc,stats    ]   CSR: CLDG Roots                   988 us, workers (us): ---, 988, ---, ---, ---, ---, 
[2026-04-03T02:17:47.730+0600][29.632s][info][gc,stats    ] Concurrent Evacuation              3204 us
[2026-04-03T02:17:47.730+0600][29.632s][info][gc,stats    ] Pause Init Update Refs (G)          597 us
[2026-04-03T02:17:47.731+0600][29.632s][info][gc,stats    ] Pause Init Update Refs (N)          119 us
[2026-04-03T02:17:47.731+0600][29.632s][info][gc,stats    ]   Manage GCLABs                      31 us
[2026-04-03T02:17:47.731+0600][29.632s][info][gc,stats    ] Concurrent Update Refs            38032 us
[2026-04-03T02:17:47.731+0600][29.632s][info][gc,stats    ] Concurrent Update Thread Roots     3030 us
[2026-04-03T02:17:47.731+0600][29.632s][info][gc,stats    ] Pause Final Update Refs (G)        1429 us
[2026-04-03T02:17:47.731+0600][29.632s][info][gc,stats    ] Pause Final Update Refs (N)         218 us
[2026-04-03T02:17:47.731+0600][29.632s][info][gc,stats    ]   Update Region States               70 us
[2026-04-03T02:17:47.731+0600][29.632s][info][gc,stats    ]   Trash Collection Set               17 us
[2026-04-03T02:17:47.731+0600][29.632s][info][gc,stats    ]   Rebuild Free Set                   51 us
[2026-04-03T02:17:47.731+0600][29.632s][info][gc,stats    ] Concurrent Cleanup                  453 us
[2026-04-03T02:17:47.731+0600][29.632s][info][gc,stats    ] Pacing                           212781 us
[2026-04-03T02:17:47.731+0600][29.632s][info][gc,stats    ] 
[2026-04-03T02:17:47.731+0600][29.632s][info][gc,stats    ] Allocation pacing accrued:
[2026-04-03T02:17:47.731+0600][29.632s][info][gc,stats    ]      11 of   341 ms (  3.3%): Spark Context Cleaner
[2026-04-03T02:17:47.731+0600][29.632s][info][gc,stats    ]      44 of   341 ms ( 12.8%): Executor task launch worker for task 3.0 in stage 245.0 (TID 490)
[2026-04-03T02:17:47.731+0600][29.632s][info][gc,stats    ]      50 of   341 ms ( 14.6%): Executor task launch worker for task 1.0 in stage 245.0 (TID 488)
[2026-04-03T02:17:47.731+0600][29.632s][info][gc,stats    ]      51 of   341 ms ( 14.9%): Executor task launch worker for task 0.0 in stage 245.0 (TID 487)
[2026-04-03T02:17:47.731+0600][29.632s][info][gc,stats    ]      42 of   341 ms ( 12.3%): Executor task launch worker for task 2.0 in stage 245.0 (TID 489)
[2026-04-03T02:17:47.731+0600][29.632s][info][gc,stats    ]       8 of   341 ms (  2.3%): block-manager-ask-thread-pool-19
[2026-04-03T02:17:47.731+0600][29.632s][info][gc,stats    ]       8 of   341 ms (  2.3%): block-manager-storage-async-thread-pool-36
[2026-04-03T02:17:47.731+0600][29.632s][info][gc,stats    ]     213 of   341 ms ( 62.5%): <total>
[2026-04-03T02:17:47.731+0600][29.632s][info][gc,stats    ]       1 of   341 ms (  0.2%): <average total>
[2026-04-03T02:17:47.731+0600][29.632s][info][gc,stats    ]      30 of   341 ms (  8.9%): <average non-zero>
[2026-04-03T02:17:47.731+0600][29.632s][info][gc,stats    ] 
[2026-04-03T02:17:47.731+0600][29.632s][info][gc,metaspace] Metaspace: 129509K(130688K)->129525K(130752K) NonClass: 113057K(113664K)->113074K(113728K) Class: 16451K(17024K)->16451K(17024K)
[2026-04-03T02:17:47.731+0600][29.632s][info][gc,ergo     ] Pacer for Idle. Initial: 15360K, Alloc Tax Rate: 1.0x
[2026-04-03T02:17:47.847+0600][29.748s][info][gc          ] Trigger: Average GC time (285.62 ms) is above the time for average allocation rate (865 MB/s) to deplete free headroom (236M) (margin of error = 1.81)
[2026-04-03T02:17:47.847+0600][29.748s][info][gc,ergo     ] Free headroom: 273M (free) - 38400K (spike) - 0B (penalties) = 236M
[2026-04-03T02:17:47.847+0600][29.748s][info][gc,ergo     ] Free: 273M, Max: 256K regular, 144M humongous, Frag: 47% external, 0% internal; Reserve: 38400K, Max: 256K
[2026-04-03T02:17:47.847+0600][29.748s][info][gc,start    ] GC(20) Concurrent reset
[2026-04-03T02:17:47.847+0600][29.748s][info][gc,task     ] GC(20) Using 3 of 6 workers for concurrent reset
[2026-04-03T02:17:47.847+0600][29.748s][info][gc,ergo     ] GC(20) Pacer for Reset. Non-Taxable: 750M
[2026-04-03T02:17:47.848+0600][29.749s][info][gc          ] GC(20) Concurrent reset 1.390ms
[2026-04-03T02:17:47.849+0600][29.750s][info][gc,start    ] GC(20) Pause Init Mark (unload classes)
[2026-04-03T02:17:47.849+0600][29.750s][info][gc,task     ] GC(20) Using 6 of 6 workers for init marking
[2026-04-03T02:17:47.849+0600][29.751s][info][gc,ergo     ] GC(20) Pacer for Mark. Expected Live: 84863K, Free: 264M, Non-Taxable: 27126K, Alloc Tax Rate: 0.4x
[2026-04-03T02:17:47.850+0600][29.751s][info][gc          ] GC(20) Pause Init Mark (unload classes) 0.255ms
[2026-04-03T02:17:47.850+0600][29.751s][info][gc,start    ] GC(20) Concurrent marking roots
[2026-04-03T02:17:47.850+0600][29.751s][info][gc,task     ] GC(20) Using 3 of 6 workers for concurrent marking roots
[2026-04-03T02:17:47.851+0600][29.752s][info][gc          ] GC(20) Concurrent marking roots 1.635ms
[2026-04-03T02:17:47.851+0600][29.752s][info][gc,start    ] GC(20) Concurrent marking (unload classes)
[2026-04-03T02:17:47.851+0600][29.752s][info][gc,task     ] GC(20) Using 3 of 6 workers for concurrent marking
[2026-04-03T02:17:47.901+0600][29.803s][info][gc          ] GC(20) Concurrent marking (unload classes) 50.131ms
[2026-04-03T02:17:47.902+0600][29.803s][info][gc,start    ] GC(20) Pause Final Mark (unload classes)
[2026-04-03T02:17:47.902+0600][29.803s][info][gc,task     ] GC(20) Using 6 of 6 workers for final marking
[2026-04-03T02:17:47.902+0600][29.803s][info][gc,ergo     ] GC(20) Adaptive CSet Selection. Target Free: 106M, Actual Free: 539M, Max CSet: 32000K, Min Garbage: 0B
[2026-04-03T02:17:47.902+0600][29.803s][info][gc,ergo     ] GC(20) Collectable Garbage: 324M (97%), Immediate: 292M (88%), CSet: 33103K (9%)
[2026-04-03T02:17:47.902+0600][29.804s][info][gc,ergo     ] GC(20) Pacer for Evacuation. Used CSet: 37727K, Free: 524M, Non-Taxable: 53667K, Alloc Tax Rate: 1.1x
[2026-04-03T02:17:47.902+0600][29.804s][info][gc          ] GC(20) Pause Final Mark (unload classes) 0.709ms
[2026-04-03T02:17:47.903+0600][29.804s][info][gc,start    ] GC(20) Concurrent thread roots
[2026-04-03T02:17:47.903+0600][29.804s][info][gc,task     ] GC(20) Using 3 of 6 workers for Concurrent thread roots
[2026-04-03T02:17:47.904+0600][29.805s][info][gc          ] GC(20) Concurrent thread roots 1.131ms
[2026-04-03T02:17:47.904+0600][29.805s][info][gc,start    ] GC(20) Concurrent weak references
[2026-04-03T02:17:47.904+0600][29.805s][info][gc,task     ] GC(20) Using 3 of 6 workers for concurrent weak references
[2026-04-03T02:17:47.905+0600][29.806s][info][gc,ref      ] GC(20) Encountered references: Soft: 3868, Weak: 14690, Final: 84, Phantom: 644
[2026-04-03T02:17:47.905+0600][29.806s][info][gc,ref      ] GC(20) Discovered  references: Soft: 0, Weak: 8558, Final: 84, Phantom: 603
[2026-04-03T02:17:47.905+0600][29.806s][info][gc,ref      ] GC(20) Enqueued    references: Soft: 0, Weak: 250, Final: 0, Phantom: 0
[2026-04-03T02:17:47.905+0600][29.806s][info][gc          ] GC(20) Concurrent weak references 1.216ms
[2026-04-03T02:17:47.905+0600][29.806s][info][gc,start    ] GC(20) Concurrent weak roots
[2026-04-03T02:17:47.905+0600][29.806s][info][gc,task     ] GC(20) Using 3 of 6 workers for concurrent weak root
[2026-04-03T02:17:47.911+0600][29.812s][info][gc          ] GC(20) Concurrent weak roots 5.868ms
[2026-04-03T02:17:47.911+0600][29.812s][info][gc,start    ] GC(20) Concurrent cleanup
[2026-04-03T02:17:47.912+0600][29.813s][info][gc          ] GC(20) Concurrent cleanup 507M->223M(620M) 0.854ms
[2026-04-03T02:17:47.912+0600][29.813s][info][gc,ergo     ] GC(20) Free: 481M, Max: 256K regular, 106M humongous, Frag: 78% external, 0% internal; Reserve: 37301K, Max: 256K
[2026-04-03T02:17:47.912+0600][29.813s][info][gc,start    ] GC(20) Concurrent class unloading
[2026-04-03T02:17:47.912+0600][29.813s][info][gc,task     ] GC(20) Using 3 of 6 workers for concurrent class unloading
[2026-04-03T02:17:47.928+0600][29.829s][info][gc          ] GC(20) Concurrent class unloading 15.639ms
[2026-04-03T02:17:47.928+0600][29.829s][info][gc,start    ] GC(20) Concurrent strong roots
[2026-04-03T02:17:47.928+0600][29.829s][info][gc,task     ] GC(20) Using 3 of 6 workers for concurrent strong root
[2026-04-03T02:17:47.929+0600][29.830s][info][gc          ] GC(20) Concurrent strong roots 1.252ms
[2026-04-03T02:17:47.929+0600][29.830s][info][gc,start    ] GC(20) Concurrent evacuation
[2026-04-03T02:17:47.929+0600][29.830s][info][gc,task     ] GC(20) Using 3 of 6 workers for concurrent evacuation
[2026-04-03T02:17:47.930+0600][29.832s][info][gc          ] GC(20) Concurrent evacuation 1.331ms
[2026-04-03T02:17:47.931+0600][29.832s][info][gc,start    ] GC(20) Pause Init Update Refs
[2026-04-03T02:17:47.931+0600][29.832s][info][gc,ergo     ] GC(20) Pacer for Update Refs. Used: 242M, Free: 465M, Non-Taxable: 47702K, Alloc Tax Rate: 1.1x
[2026-04-03T02:17:47.931+0600][29.832s][info][gc          ] GC(20) Pause Init Update Refs 0.174ms
[2026-04-03T02:17:47.931+0600][29.832s][info][gc,start    ] GC(20) Concurrent update references
[2026-04-03T02:17:47.931+0600][29.832s][info][gc,task     ] GC(20) Using 3 of 6 workers for concurrent reference update
[2026-04-03T02:17:47.967+0600][29.868s][info][gc          ] GC(20) Concurrent update references 35.992ms
[2026-04-03T02:17:47.967+0600][29.868s][info][gc,start    ] GC(20) Concurrent update thread roots
[2026-04-03T02:17:47.971+0600][29.872s][info][gc          ] GC(20) Concurrent update thread roots 3.373ms
[2026-04-03T02:17:47.971+0600][29.872s][info][gc,start    ] GC(20) Pause Final Update Refs
[2026-04-03T02:17:47.971+0600][29.873s][info][gc,task     ] GC(20) Using 6 of 6 workers for final reference update
[2026-04-03T02:17:47.972+0600][29.873s][info][gc          ] GC(20) Pause Final Update Refs 0.202ms
[2026-04-03T02:17:47.972+0600][29.873s][info][gc,start    ] GC(20) Concurrent cleanup
[2026-04-03T02:17:47.972+0600][29.874s][info][gc          ] GC(20) Concurrent cleanup 267M->231M(620M) 0.399ms
[2026-04-03T02:17:47.973+0600][29.874s][info][gc,ergo     ] Free: 470M, Max: 256K regular, 106M humongous, Frag: 78% external, 0% internal; Reserve: 38400K, Max: 256K
[2026-04-03T02:17:47.973+0600][29.874s][info][gc,stats    ] 
[2026-04-03T02:17:47.973+0600][29.874s][info][gc,stats    ] All times are wall-clock times, except per-root-class counters, that are sum over
[2026-04-03T02:17:47.973+0600][29.874s][info][gc,stats    ] all workers. Dividing the <total> over the root stage time estimates parallelism.
[2026-04-03T02:17:47.973+0600][29.874s][info][gc,stats    ] 
[2026-04-03T02:17:47.973+0600][29.874s][info][gc,stats    ] Concurrent Reset                   1471 us
[2026-04-03T02:17:47.973+0600][29.874s][info][gc,stats    ] Pause Init Mark (G)                1321 us
[2026-04-03T02:17:47.973+0600][29.874s][info][gc,stats    ] Pause Init Mark (N)                 268 us
[2026-04-03T02:17:47.973+0600][29.874s][info][gc,stats    ]   Update Region States               86 us
[2026-04-03T02:17:47.973+0600][29.874s][info][gc,stats    ] Concurrent Mark Roots              1715 us, parallelism: 1.95x
[2026-04-03T02:17:47.973+0600][29.874s][info][gc,stats    ]   CMR: <total>                     3342 us
[2026-04-03T02:17:47.973+0600][29.874s][info][gc,stats    ]   CMR: Thread Roots                2838 us, workers (us): 656, 1078, 1104, ---, ---, ---, 
[2026-04-03T02:17:47.973+0600][29.874s][info][gc,stats    ]   CMR: VM Strong Roots               67 us, workers (us):  35,  22,  10, ---, ---, ---, 
[2026-04-03T02:17:47.973+0600][29.874s][info][gc,stats    ]   CMR: CLDG Roots                   437 us, workers (us): 437, ---, ---, ---, ---, ---, 
[2026-04-03T02:17:47.973+0600][29.874s][info][gc,stats    ] Concurrent Marking                50252 us
[2026-04-03T02:17:47.973+0600][29.874s][info][gc,stats    ] Pause Final Mark (G)                951 us
[2026-04-03T02:17:47.973+0600][29.874s][info][gc,stats    ] Pause Final Mark (N)                725 us
[2026-04-03T02:17:47.973+0600][29.874s][info][gc,stats    ]   Finish Mark                       217 us
[2026-04-03T02:17:47.973+0600][29.874s][info][gc,stats    ]   Update Region States               52 us
[2026-04-03T02:17:47.973+0600][29.874s][info][gc,stats    ]   Choose Collection Set             205 us
[2026-04-03T02:17:47.973+0600][29.874s][info][gc,stats    ]   Rebuild Free Set                   51 us
[2026-04-03T02:17:47.973+0600][29.874s][info][gc,stats    ] Concurrent Thread Roots            1189 us, parallelism: 2.58x
[2026-04-03T02:17:47.973+0600][29.874s][info][gc,stats    ]   CTR: <total>                     3070 us
[2026-04-03T02:17:47.973+0600][29.874s][info][gc,stats    ]   CTR: Thread Roots                3070 us, workers (us): 1034, 1033, 1003, ---, ---, ---, 
[2026-04-03T02:17:47.973+0600][29.874s][info][gc,stats    ] Concurrent Weak References         1230 us, parallelism: 1.17x
[2026-04-03T02:17:47.973+0600][29.874s][info][gc,stats    ]   CWRF: <total>                    1436 us
[2026-04-03T02:17:47.973+0600][29.874s][info][gc,stats    ]   CWRF: Weak References            1436 us, workers (us): 1070, 152, 214, ---, ---, ---, 
[2026-04-03T02:17:47.973+0600][29.874s][info][gc,stats    ] Concurrent Weak Roots              5995 us
[2026-04-03T02:17:47.973+0600][29.874s][info][gc,stats    ]   Roots                            5405 us, parallelism: 2.72x
[2026-04-03T02:17:47.973+0600][29.874s][info][gc,stats    ]     CWR: <total>                  14704 us
[2026-04-03T02:17:47.973+0600][29.874s][info][gc,stats    ]     CWR: Code Cache Roots         11752 us, workers (us): 3986, 3721, 4044, ---, ---, ---, 
[2026-04-03T02:17:47.973+0600][29.874s][info][gc,stats    ]     CWR: VM Weak Roots             2632 us, workers (us): 922, 853, 857, ---, ---, ---, 
[2026-04-03T02:17:47.973+0600][29.874s][info][gc,stats    ]     CWR: CLDG Roots                 320 us, workers (us): ---, 320, ---, ---, ---, ---, 
[2026-04-03T02:17:47.973+0600][29.874s][info][gc,stats    ]   Rendezvous                        420 us
[2026-04-03T02:17:47.973+0600][29.874s][info][gc,stats    ] Concurrent Cleanup                  974 us
[2026-04-03T02:17:47.973+0600][29.874s][info][gc,stats    ] Concurrent Class Unloading        15757 us
[2026-04-03T02:17:47.973+0600][29.874s][info][gc,stats    ]   Unlink Stale                    14027 us
[2026-04-03T02:17:47.973+0600][29.874s][info][gc,stats    ]     System Dictionary               380 us
[2026-04-03T02:17:47.973+0600][29.874s][info][gc,stats    ]     Weak Class Links                  2 us
[2026-04-03T02:17:47.973+0600][29.874s][info][gc,stats    ]     Code Roots                    13640 us
[2026-04-03T02:17:47.973+0600][29.874s][info][gc,stats    ]   Rendezvous                        299 us
[2026-04-03T02:17:47.973+0600][29.874s][info][gc,stats    ]   Purge Unlinked                   1261 us
[2026-04-03T02:17:47.973+0600][29.874s][info][gc,stats    ]     Code Roots                     1244 us
[2026-04-03T02:17:47.973+0600][29.874s][info][gc,stats    ]     CLDG                             16 us
[2026-04-03T02:17:47.973+0600][29.875s][info][gc,stats    ]     Exception Caches                  0 us
[2026-04-03T02:17:47.973+0600][29.875s][info][gc,stats    ] Concurrent Strong Roots            1299 us, parallelism: 0.62x
[2026-04-03T02:17:47.973+0600][29.875s][info][gc,stats    ]   CSR: <total>                      811 us
[2026-04-03T02:17:47.973+0600][29.875s][info][gc,stats    ]   CSR: VM Strong Roots               38 us, workers (us):  36,   1,   1, ---, ---, ---, 
[2026-04-03T02:17:47.973+0600][29.875s][info][gc,stats    ]   CSR: CLDG Roots                   773 us, workers (us): 773, ---, ---, ---, ---, ---, 
[2026-04-03T02:17:47.973+0600][29.875s][info][gc,stats    ] Concurrent Evacuation              1400 us
[2026-04-03T02:17:47.973+0600][29.875s][info][gc,stats    ] Pause Init Update Refs (G)          568 us
[2026-04-03T02:17:47.973+0600][29.875s][info][gc,stats    ] Pause Init Update Refs (N)          193 us
[2026-04-03T02:17:47.974+0600][29.875s][info][gc,stats    ]   Manage GCLABs                      57 us
[2026-04-03T02:17:47.974+0600][29.875s][info][gc,stats    ] Concurrent Update Refs            36136 us
[2026-04-03T02:17:47.974+0600][29.875s][info][gc,stats    ] Concurrent Update Thread Roots     3505 us
[2026-04-03T02:17:47.974+0600][29.875s][info][gc,stats    ] Pause Final Update Refs (G)        1344 us
[2026-04-03T02:17:47.974+0600][29.875s][info][gc,stats    ] Pause Final Update Refs (N)         218 us
[2026-04-03T02:17:47.974+0600][29.875s][info][gc,stats    ]   Update Region States               66 us
[2026-04-03T02:17:47.974+0600][29.875s][info][gc,stats    ]   Trash Collection Set               12 us
[2026-04-03T02:17:47.974+0600][29.875s][info][gc,stats    ]   Rebuild Free Set                   46 us
[2026-04-03T02:17:47.974+0600][29.875s][info][gc,stats    ] Concurrent Cleanup                  457 us
[2026-04-03T02:17:47.974+0600][29.875s][info][gc,stats    ] Pacing                           238741 us
[2026-04-03T02:17:47.974+0600][29.875s][info][gc,stats    ] 
[2026-04-03T02:17:47.974+0600][29.875s][info][gc,stats    ] Allocation pacing accrued:
[2026-04-03T02:17:47.974+0600][29.875s][info][gc,stats    ]      11 of   243 ms (  4.6%): dispatcher-event-loop-4
[2026-04-03T02:17:47.974+0600][29.875s][info][gc,stats    ]      11 of   243 ms (  4.6%): Spark Context Cleaner
[2026-04-03T02:17:47.974+0600][29.875s][info][gc,stats    ]      64 of   243 ms ( 26.4%): Executor task launch worker for task 0.0 in stage 250.0 (TID 499)
[2026-04-03T02:17:47.974+0600][29.875s][info][gc,stats    ]      64 of   243 ms ( 26.2%): Executor task launch worker for task 1.0 in stage 250.0 (TID 500)
[2026-04-03T02:17:47.974+0600][29.875s][info][gc,stats    ]      44 of   243 ms ( 18.2%): Executor task launch worker for task 2.0 in stage 250.0 (TID 501)
[2026-04-03T02:17:47.974+0600][29.875s][info][gc,stats    ]      44 of   243 ms ( 18.2%): Executor task launch worker for task 3.0 in stage 250.0 (TID 502)
[2026-04-03T02:17:47.974+0600][29.875s][info][gc,stats    ]     239 of   243 ms ( 98.2%): <total>
[2026-04-03T02:17:47.974+0600][29.875s][info][gc,stats    ]       1 of   243 ms (  0.3%): <average total>
[2026-04-03T02:17:47.974+0600][29.875s][info][gc,stats    ]      40 of   243 ms ( 16.4%): <average non-zero>
[2026-04-03T02:17:47.974+0600][29.875s][info][gc,stats    ] 
[2026-04-03T02:17:47.974+0600][29.875s][info][gc,metaspace] Metaspace: 129552K(130752K)->129560K(130752K) NonClass: 113100K(113728K)->113108K(113728K) Class: 16451K(17024K)->16451K(17024K)
[2026-04-03T02:17:47.974+0600][29.875s][info][gc,ergo     ] Pacer for Idle. Initial: 15360K, Alloc Tax Rate: 1.0x
[2026-04-03T02:17:48.680+0600][30.581s][info][gc          ] Trigger: Average GC time (241.91 ms) is above the time for average allocation rate (495 MB/s) to deplete free headroom (113M) (margin of error = 1.82)
[2026-04-03T02:17:48.680+0600][30.581s][info][gc,ergo     ] Free headroom: 151M (free) - 38400K (spike) - 0B (penalties) = 113M
[2026-04-03T02:17:48.680+0600][30.581s][info][gc,ergo     ] Free: 151M, Max: 256K regular, 87552K humongous, Frag: 44% external, 1% internal; Reserve: 38400K, Max: 256K
[2026-04-03T02:17:48.680+0600][30.581s][info][gc,start    ] GC(21) Concurrent reset
[2026-04-03T02:17:48.680+0600][30.581s][info][gc,task     ] GC(21) Using 3 of 6 workers for concurrent reset
[2026-04-03T02:17:48.680+0600][30.581s][info][gc,ergo     ] GC(21) Pacer for Reset. Non-Taxable: 750M
[2026-04-03T02:17:48.681+0600][30.582s][info][gc          ] GC(21) Concurrent reset 0.663ms
[2026-04-03T02:17:48.681+0600][30.582s][info][gc,start    ] GC(21) Pause Init Mark (unload classes)
[2026-04-03T02:17:48.681+0600][30.582s][info][gc,task     ] GC(21) Using 6 of 6 workers for init marking
[2026-04-03T02:17:48.681+0600][30.582s][info][gc,ergo     ] GC(21) Pacer for Mark. Expected Live: 87633K, Free: 150M, Non-Taxable: 15455K, Alloc Tax Rate: 0.7x
[2026-04-03T02:17:48.681+0600][30.582s][info][gc          ] GC(21) Pause Init Mark (unload classes) 0.107ms
[2026-04-03T02:17:48.681+0600][30.582s][info][gc,start    ] GC(21) Concurrent marking roots
[2026-04-03T02:17:48.681+0600][30.582s][info][gc,task     ] GC(21) Using 3 of 6 workers for concurrent marking roots
[2026-04-03T02:17:48.682+0600][30.583s][info][gc          ] GC(21) Concurrent marking roots 1.199ms
[2026-04-03T02:17:48.682+0600][30.583s][info][gc,start    ] GC(21) Concurrent marking (unload classes)
[2026-04-03T02:17:48.682+0600][30.583s][info][gc,task     ] GC(21) Using 3 of 6 workers for concurrent marking
[2026-04-03T02:17:48.743+0600][30.644s][info][gc          ] GC(21) Concurrent marking (unload classes) 60.941ms
[2026-04-03T02:17:48.744+0600][30.645s][info][gc,start    ] GC(21) Pause Final Mark (unload classes)
[2026-04-03T02:17:48.744+0600][30.645s][info][gc,task     ] GC(21) Using 6 of 6 workers for final marking
[2026-04-03T02:17:48.744+0600][30.645s][info][gc,ergo     ] GC(21) Adaptive CSet Selection. Target Free: 106M, Actual Free: 516M, Max CSet: 32000K, Min Garbage: 0B
[2026-04-03T02:17:48.744+0600][30.645s][info][gc,ergo     ] GC(21) Collectable Garbage: 439M (98%), Immediate: 354M (79%), CSet: 87091K (19%)
[2026-04-03T02:17:48.744+0600][30.646s][info][gc,ergo     ] GC(21) Pacer for Evacuation. Used CSet: 90708K, Free: 509M, Non-Taxable: 52219K, Alloc Tax Rate: 1.1x
[2026-04-03T02:17:48.744+0600][30.646s][info][gc          ] GC(21) Pause Final Mark (unload classes) 0.897ms
[2026-04-03T02:17:48.745+0600][30.646s][info][gc,start    ] GC(21) Concurrent thread roots
[2026-04-03T02:17:48.745+0600][30.646s][info][gc,task     ] GC(21) Using 3 of 6 workers for Concurrent thread roots
[2026-04-03T02:17:48.746+0600][30.647s][info][gc          ] GC(21) Concurrent thread roots 1.287ms
[2026-04-03T02:17:48.746+0600][30.647s][info][gc,start    ] GC(21) Concurrent weak references
[2026-04-03T02:17:48.746+0600][30.647s][info][gc,task     ] GC(21) Using 3 of 6 workers for concurrent weak references
[2026-04-03T02:17:48.747+0600][30.648s][info][gc,ref      ] GC(21) Encountered references: Soft: 3864, Weak: 14873, Final: 84, Phantom: 621
[2026-04-03T02:17:48.747+0600][30.648s][info][gc,ref      ] GC(21) Discovered  references: Soft: 0, Weak: 8617, Final: 52, Phantom: 617
[2026-04-03T02:17:48.747+0600][30.648s][info][gc,ref      ] GC(21) Enqueued    references: Soft: 0, Weak: 392, Final: 0, Phantom: 0
[2026-04-03T02:17:48.747+0600][30.648s][info][gc          ] GC(21) Concurrent weak references 1.228ms
[2026-04-03T02:17:48.747+0600][30.648s][info][gc,start    ] GC(21) Concurrent weak roots
[2026-04-03T02:17:48.747+0600][30.648s][info][gc,task     ] GC(21) Using 3 of 6 workers for concurrent weak root
[2026-04-03T02:17:48.752+0600][30.653s][info][gc          ] GC(21) Concurrent weak roots 4.607ms
[2026-04-03T02:17:48.752+0600][30.653s][info][gc,start    ] GC(21) Concurrent cleanup
[2026-04-03T02:17:48.753+0600][30.654s][info][gc          ] GC(21) Concurrent cleanup 557M->204M(620M) 0.953ms
[2026-04-03T02:17:48.753+0600][30.654s][info][gc,ergo     ] GC(21) Free: 503M, Max: 256K regular, 56832K humongous, Frag: 89% external, 0% internal; Reserve: 38026K, Max: 256K
[2026-04-03T02:17:48.753+0600][30.654s][info][gc,start    ] GC(21) Concurrent class unloading
[2026-04-03T02:17:48.753+0600][30.654s][info][gc,task     ] GC(21) Using 3 of 6 workers for concurrent class unloading
[2026-04-03T02:17:48.771+0600][30.672s][info][gc          ] GC(21) Concurrent class unloading 17.859ms
[2026-04-03T02:17:48.771+0600][30.672s][info][gc,start    ] GC(21) Concurrent strong roots
[2026-04-03T02:17:48.771+0600][30.672s][info][gc,task     ] GC(21) Using 3 of 6 workers for concurrent strong root
[2026-04-03T02:17:48.772+0600][30.673s][info][gc          ] GC(21) Concurrent strong roots 1.134ms
[2026-04-03T02:17:48.772+0600][30.673s][info][gc,start    ] GC(21) Concurrent evacuation
[2026-04-03T02:17:48.772+0600][30.673s][info][gc,task     ] GC(21) Using 3 of 6 workers for concurrent evacuation
[2026-04-03T02:17:48.774+0600][30.675s][info][gc          ] GC(21) Concurrent evacuation 1.875ms
[2026-04-03T02:17:48.774+0600][30.675s][info][gc,start    ] GC(21) Pause Init Update Refs
[2026-04-03T02:17:48.774+0600][30.676s][info][gc,ergo     ] GC(21) Pacer for Update Refs. Used: 216M, Free: 495M, Non-Taxable: 50736K, Alloc Tax Rate: 1.1x
[2026-04-03T02:17:48.774+0600][30.676s][info][gc          ] GC(21) Pause Init Update Refs 0.114ms
[2026-04-03T02:17:48.775+0600][30.676s][info][gc,start    ] GC(21) Concurrent update references
[2026-04-03T02:17:48.775+0600][30.676s][info][gc,task     ] GC(21) Using 3 of 6 workers for concurrent reference update
[2026-04-03T02:17:48.834+0600][30.735s][info][gc          ] GC(21) Concurrent update references 59.665ms
[2026-04-03T02:17:48.834+0600][30.735s][info][gc,start    ] GC(21) Concurrent update thread roots
[2026-04-03T02:17:48.836+0600][30.737s][info][gc          ] GC(21) Concurrent update thread roots 1.538ms
[2026-04-03T02:17:48.836+0600][30.737s][info][gc,start    ] GC(21) Pause Final Update Refs
[2026-04-03T02:17:48.836+0600][30.737s][info][gc,task     ] GC(21) Using 6 of 6 workers for final reference update
[2026-04-03T02:17:48.837+0600][30.738s][info][gc          ] GC(21) Pause Final Update Refs 0.252ms
[2026-04-03T02:17:48.837+0600][30.738s][info][gc,start    ] GC(21) Concurrent cleanup
[2026-04-03T02:17:48.837+0600][30.739s][info][gc          ] GC(21) Concurrent cleanup 252M->163M(620M) 0.667ms
[2026-04-03T02:17:48.837+0600][30.739s][info][gc,ergo     ] Free: 542M, Max: 256K regular, 282M humongous, Frag: 48% external, 1% internal; Reserve: 38400K, Max: 256K
[2026-04-03T02:17:48.838+0600][30.739s][info][gc,stats    ] 
[2026-04-03T02:17:48.838+0600][30.739s][info][gc,stats    ] All times are wall-clock times, except per-root-class counters, that are sum over
[2026-04-03T02:17:48.838+0600][30.739s][info][gc,stats    ] all workers. Dividing the <total> over the root stage time estimates parallelism.
[2026-04-03T02:17:48.838+0600][30.739s][info][gc,stats    ] 
[2026-04-03T02:17:48.838+0600][30.739s][info][gc,stats    ] Concurrent Reset                    727 us
[2026-04-03T02:17:48.838+0600][30.739s][info][gc,stats    ] Pause Init Mark (G)                 330 us
[2026-04-03T02:17:48.838+0600][30.739s][info][gc,stats    ] Pause Init Mark (N)                 115 us
[2026-04-03T02:17:48.838+0600][30.739s][info][gc,stats    ]   Update Region States               25 us
[2026-04-03T02:17:48.838+0600][30.739s][info][gc,stats    ] Concurrent Mark Roots              1243 us, parallelism: 2.10x
[2026-04-03T02:17:48.838+0600][30.739s][info][gc,stats    ]   CMR: <total>                     2611 us
[2026-04-03T02:17:48.838+0600][30.739s][info][gc,stats    ]   CMR: Thread Roots                2254 us, workers (us): 556, 854, 843, ---, ---, ---, 
[2026-04-03T02:17:48.838+0600][30.739s][info][gc,stats    ]   CMR: VM Strong Roots               49 us, workers (us):  26,  22,   0, ---, ---, ---, 
[2026-04-03T02:17:48.838+0600][30.739s][info][gc,stats    ]   CMR: CLDG Roots                   308 us, workers (us): 308, ---, ---, ---, ---, ---, 
[2026-04-03T02:17:48.838+0600][30.739s][info][gc,stats    ] Concurrent Marking                61021 us
[2026-04-03T02:17:48.838+0600][30.739s][info][gc,stats    ] Pause Final Mark (G)               1228 us
[2026-04-03T02:17:48.838+0600][30.739s][info][gc,stats    ] Pause Final Mark (N)                908 us
[2026-04-03T02:17:48.838+0600][30.739s][info][gc,stats    ]   Finish Mark                       385 us
[2026-04-03T02:17:48.838+0600][30.739s][info][gc,stats    ]   Update Region States               43 us
[2026-04-03T02:17:48.838+0600][30.739s][info][gc,stats    ]   Choose Collection Set             320 us
[2026-04-03T02:17:48.838+0600][30.739s][info][gc,stats    ]   Rebuild Free Set                   41 us
[2026-04-03T02:17:48.838+0600][30.739s][info][gc,stats    ] Concurrent Thread Roots            1324 us, parallelism: 2.13x
[2026-04-03T02:17:48.838+0600][30.739s][info][gc,stats    ]   CTR: <total>                     2823 us
[2026-04-03T02:17:48.838+0600][30.739s][info][gc,stats    ]   CTR: Thread Roots                2823 us, workers (us): 1105, 1086, 632, ---, ---, ---, 
[2026-04-03T02:17:48.838+0600][30.739s][info][gc,stats    ] Concurrent Weak References         1245 us, parallelism: 1.10x
[2026-04-03T02:17:48.838+0600][30.739s][info][gc,stats    ]   CWRF: <total>                    1364 us
[2026-04-03T02:17:48.838+0600][30.739s][info][gc,stats    ]   CWRF: Weak References            1364 us, workers (us): 1004,  19, 341, ---, ---, ---, 
[2026-04-03T02:17:48.838+0600][30.739s][info][gc,stats    ] Concurrent Weak Roots              4731 us
[2026-04-03T02:17:48.838+0600][30.739s][info][gc,stats    ]   Roots                            4170 us, parallelism: 2.65x
[2026-04-03T02:17:48.838+0600][30.739s][info][gc,stats    ]     CWR: <total>                  11031 us
[2026-04-03T02:17:48.838+0600][30.739s][info][gc,stats    ]     CWR: Code Cache Roots          7816 us, workers (us): 2536, 2643, 2636, ---, ---, ---, 
[2026-04-03T02:17:48.838+0600][30.739s][info][gc,stats    ]     CWR: VM Weak Roots             2964 us, workers (us): 1029, 998, 936, ---, ---, ---, 
[2026-04-03T02:17:48.838+0600][30.739s][info][gc,stats    ]     CWR: CLDG Roots                 251 us, workers (us): 251, ---, ---, ---, ---, ---, 
[2026-04-03T02:17:48.838+0600][30.739s][info][gc,stats    ]   Rendezvous                        399 us
[2026-04-03T02:17:48.838+0600][30.739s][info][gc,stats    ] Concurrent Cleanup                 1012 us
[2026-04-03T02:17:48.838+0600][30.739s][info][gc,stats    ] Concurrent Class Unloading        17951 us
[2026-04-03T02:17:48.838+0600][30.739s][info][gc,stats    ]   Unlink Stale                    14513 us
[2026-04-03T02:17:48.838+0600][30.739s][info][gc,stats    ]     System Dictionary               255 us
[2026-04-03T02:17:48.838+0600][30.739s][info][gc,stats    ]     Weak Class Links                  0 us
[2026-04-03T02:17:48.838+0600][30.739s][info][gc,stats    ]     Code Roots                    14253 us
[2026-04-03T02:17:48.838+0600][30.739s][info][gc,stats    ]   Rendezvous                        377 us
[2026-04-03T02:17:48.838+0600][30.739s][info][gc,stats    ]   Purge Unlinked                   2939 us
[2026-04-03T02:17:48.838+0600][30.739s][info][gc,stats    ]     Code Roots                     2922 us
[2026-04-03T02:17:48.838+0600][30.739s][info][gc,stats    ]     CLDG                             16 us
[2026-04-03T02:17:48.838+0600][30.739s][info][gc,stats    ]     Exception Caches                  0 us
[2026-04-03T02:17:48.838+0600][30.739s][info][gc,stats    ] Concurrent Strong Roots            1205 us, parallelism: 0.66x
[2026-04-03T02:17:48.838+0600][30.739s][info][gc,stats    ]   CSR: <total>                      791 us
[2026-04-03T02:17:48.838+0600][30.739s][info][gc,stats    ]   CSR: VM Strong Roots               48 us, workers (us):  32,  16,   0, ---, ---, ---, 
[2026-04-03T02:17:48.838+0600][30.739s][info][gc,stats    ]   CSR: CLDG Roots                   743 us, workers (us): 743, ---, ---, ---, ---, ---, 
[2026-04-03T02:17:48.838+0600][30.739s][info][gc,stats    ] Concurrent Evacuation              1958 us
[2026-04-03T02:17:48.838+0600][30.739s][info][gc,stats    ] Pause Init Update Refs (G)          525 us
[2026-04-03T02:17:48.838+0600][30.739s][info][gc,stats    ] Pause Init Update Refs (N)          125 us
[2026-04-03T02:17:48.838+0600][30.739s][info][gc,stats    ]   Manage GCLABs                      42 us
[2026-04-03T02:17:48.838+0600][30.739s][info][gc,stats    ] Concurrent Update Refs            59748 us
[2026-04-03T02:17:48.838+0600][30.739s][info][gc,stats    ] Concurrent Update Thread Roots     1593 us
[2026-04-03T02:17:48.838+0600][30.739s][info][gc,stats    ] Pause Final Update Refs (G)         757 us
[2026-04-03T02:17:48.838+0600][30.739s][info][gc,stats    ] Pause Final Update Refs (N)         264 us
[2026-04-03T02:17:48.838+0600][30.739s][info][gc,stats    ]   Update Region States               50 us
[2026-04-03T02:17:48.838+0600][30.739s][info][gc,stats    ]   Trash Collection Set               16 us
[2026-04-03T02:17:48.838+0600][30.739s][info][gc,stats    ]   Rebuild Free Set                   44 us
[2026-04-03T02:17:48.838+0600][30.739s][info][gc,stats    ] Concurrent Cleanup                  686 us
[2026-04-03T02:17:48.838+0600][30.739s][info][gc,stats    ] Pacing                           203487 us
[2026-04-03T02:17:48.838+0600][30.739s][info][gc,stats    ] 
[2026-04-03T02:17:48.838+0600][30.739s][info][gc,stats    ] Allocation pacing accrued:
[2026-04-03T02:17:48.838+0600][30.739s][info][gc,stats    ]      11 of   864 ms (  1.3%): spark-listener-group-appStatus
[2026-04-03T02:17:48.838+0600][30.739s][info][gc,stats    ]      22 of   864 ms (  2.6%): Executor task launch worker for task 3.0 in stage 271.0 (TID 542)
[2026-04-03T02:17:48.838+0600][30.739s][info][gc,stats    ]      11 of   864 ms (  1.3%): Executor task launch worker for task 5.0 in stage 271.0 (TID 544)
[2026-04-03T02:17:48.838+0600][30.739s][info][gc,stats    ]      27 of   864 ms (  3.2%): Executor task launch worker for task 2.0 in stage 271.0 (TID 541)
[2026-04-03T02:17:48.838+0600][30.739s][info][gc,stats    ]      27 of   864 ms (  3.1%): Executor task launch worker for task 1.0 in stage 271.0 (TID 540)
[2026-04-03T02:17:48.838+0600][30.739s][info][gc,stats    ]      26 of   864 ms (  3.1%): Executor task launch worker for task 0.0 in stage 271.0 (TID 539)
[2026-04-03T02:17:48.838+0600][30.739s][info][gc,stats    ]      11 of   864 ms (  1.3%): Executor task launch worker for task 4.0 in stage 271.0 (TID 543)
[2026-04-03T02:17:48.838+0600][30.739s][info][gc,stats    ]      15 of   864 ms (  1.7%): task-result-getter-0
[2026-04-03T02:17:48.838+0600][30.739s][info][gc,stats    ]      11 of   864 ms (  1.3%): task-result-getter-1
[2026-04-03T02:17:48.838+0600][30.739s][info][gc,stats    ]      27 of   864 ms (  3.1%): task-result-getter-2
[2026-04-03T02:17:48.838+0600][30.739s][info][gc,stats    ]      14 of   864 ms (  1.6%): task-result-getter-3
[2026-04-03T02:17:48.838+0600][30.739s][info][gc,stats    ]     203 of   864 ms ( 23.5%): <total>
[2026-04-03T02:17:48.838+0600][30.739s][info][gc,stats    ]       1 of   864 ms (  0.1%): <average total>
[2026-04-03T02:17:48.838+0600][30.739s][info][gc,stats    ]      18 of   864 ms (  2.1%): <average non-zero>
[2026-04-03T02:17:48.838+0600][30.739s][info][gc,stats    ] 
[2026-04-03T02:17:48.838+0600][30.739s][info][gc,metaspace] Metaspace: 129775K(130944K)->129818K(131072K) NonClass: 113322K(113920K)->113364K(114048K) Class: 16453K(17024K)->16454K(17024K)
[2026-04-03T02:17:48.838+0600][30.739s][info][gc,ergo     ] Pacer for Idle. Initial: 15360K, Alloc Tax Rate: 1.0x
[2026-04-03T02:17:49.199+0600][31.100s][info][gc          ] Trigger: Average GC time (218.48 ms) is above the time for average allocation rate (845 MB/s) to deplete free headroom (184M) (margin of error = 1.82)
[2026-04-03T02:17:49.199+0600][31.100s][info][gc,ergo     ] Free headroom: 221M (free) - 38400K (spike) - 0B (penalties) = 184M
[2026-04-03T02:17:49.199+0600][31.100s][info][gc,ergo     ] Free: 221M, Max: 256K regular, 101376K humongous, Frag: 56% external, 1% internal; Reserve: 38400K, Max: 256K
[2026-04-03T02:17:49.199+0600][31.100s][info][gc,start    ] GC(22) Concurrent reset
[2026-04-03T02:17:49.199+0600][31.100s][info][gc,task     ] GC(22) Using 3 of 6 workers for concurrent reset
[2026-04-03T02:17:49.199+0600][31.100s][info][gc,ergo     ] GC(22) Pacer for Reset. Non-Taxable: 750M
[2026-04-03T02:17:49.201+0600][31.102s][info][gc          ] GC(22) Concurrent reset 1.365ms
[2026-04-03T02:17:49.201+0600][31.102s][info][gc,start    ] GC(22) Pause Init Mark (unload classes)
[2026-04-03T02:17:49.201+0600][31.102s][info][gc,task     ] GC(22) Using 6 of 6 workers for init marking
[2026-04-03T02:17:49.201+0600][31.102s][info][gc,ergo     ] GC(22) Pacer for Mark. Expected Live: 88009K, Free: 221M, Non-Taxable: 22633K, Alloc Tax Rate: 0.5x
[2026-04-03T02:17:49.201+0600][31.102s][info][gc          ] GC(22) Pause Init Mark (unload classes) 0.133ms
[2026-04-03T02:17:49.201+0600][31.102s][info][gc,start    ] GC(22) Concurrent marking roots
[2026-04-03T02:17:49.201+0600][31.102s][info][gc,task     ] GC(22) Using 3 of 6 workers for concurrent marking roots
[2026-04-03T02:17:49.202+0600][31.104s][info][gc          ] GC(22) Concurrent marking roots 1.481ms
[2026-04-03T02:17:49.202+0600][31.104s][info][gc,start    ] GC(22) Concurrent marking (unload classes)
[2026-04-03T02:17:49.202+0600][31.104s][info][gc,task     ] GC(22) Using 3 of 6 workers for concurrent marking
[2026-04-03T02:17:49.269+0600][31.170s][info][gc          ] GC(22) Concurrent marking (unload classes) 66.056ms
[2026-04-03T02:17:49.269+0600][31.170s][info][gc,start    ] GC(22) Pause Final Mark (unload classes)
[2026-04-03T02:17:49.269+0600][31.170s][info][gc,task     ] GC(22) Using 6 of 6 workers for final marking
[2026-04-03T02:17:49.269+0600][31.170s][info][gc,ergo     ] GC(22) Adaptive CSet Selection. Target Free: 106M, Actual Free: 551M, Max CSet: 32000K, Min Garbage: 0B
[2026-04-03T02:17:49.270+0600][31.171s][info][gc,ergo     ] GC(22) Collectable Garbage: 374M (98%), Immediate: 322M (84%), CSet: 53403K (13%)
[2026-04-03T02:17:49.270+0600][31.171s][info][gc,ergo     ] GC(22) Pacer for Evacuation. Used CSet: 55424K, Free: 537M, Non-Taxable: 55076K, Alloc Tax Rate: 1.1x
[2026-04-03T02:17:49.270+0600][31.171s][info][gc          ] GC(22) Pause Final Mark (unload classes) 0.837ms
[2026-04-03T02:17:49.270+0600][31.171s][info][gc,start    ] GC(22) Concurrent thread roots
[2026-04-03T02:17:49.270+0600][31.171s][info][gc,task     ] GC(22) Using 3 of 6 workers for Concurrent thread roots
[2026-04-03T02:17:49.271+0600][31.172s][info][gc          ] GC(22) Concurrent thread roots 1.310ms
[2026-04-03T02:17:49.271+0600][31.172s][info][gc,start    ] GC(22) Concurrent weak references
[2026-04-03T02:17:49.271+0600][31.172s][info][gc,task     ] GC(22) Using 3 of 6 workers for concurrent weak references
[2026-04-03T02:17:49.272+0600][31.173s][info][gc,ref      ] GC(22) Encountered references: Soft: 3865, Weak: 15151, Final: 84, Phantom: 621
[2026-04-03T02:17:49.272+0600][31.173s][info][gc,ref      ] GC(22) Discovered  references: Soft: 0, Weak: 2778, Final: 0, Phantom: 578
[2026-04-03T02:17:49.272+0600][31.173s][info][gc,ref      ] GC(22) Enqueued    references: Soft: 0, Weak: 28, Final: 0, Phantom: 0
[2026-04-03T02:17:49.272+0600][31.173s][info][gc          ] GC(22) Concurrent weak references 0.646ms
[2026-04-03T02:17:49.272+0600][31.173s][info][gc,start    ] GC(22) Concurrent weak roots
[2026-04-03T02:17:49.272+0600][31.173s][info][gc,task     ] GC(22) Using 3 of 6 workers for concurrent weak root
[2026-04-03T02:17:49.278+0600][31.179s][info][gc          ] GC(22) Concurrent weak roots 6.186ms
[2026-04-03T02:17:49.278+0600][31.179s][info][gc,start    ] GC(22) Concurrent cleanup
[2026-04-03T02:17:49.280+0600][31.181s][info][gc          ] GC(22) Concurrent cleanup 500M->177M(620M) 1.333ms
[2026-04-03T02:17:49.280+0600][31.181s][info][gc,ergo     ] GC(22) Free: 530M, Max: 256K regular, 64512K humongous, Frag: 89% external, 0% internal; Reserve: 38150K, Max: 256K
[2026-04-03T02:17:49.280+0600][31.181s][info][gc,start    ] GC(22) Concurrent class unloading
[2026-04-03T02:17:49.280+0600][31.181s][info][gc,task     ] GC(22) Using 3 of 6 workers for concurrent class unloading
[2026-04-03T02:17:49.301+0600][31.202s][info][gc          ] GC(22) Concurrent class unloading 21.197ms
[2026-04-03T02:17:49.301+0600][31.202s][info][gc,start    ] GC(22) Concurrent strong roots
[2026-04-03T02:17:49.301+0600][31.202s][info][gc,task     ] GC(22) Using 3 of 6 workers for concurrent strong root
[2026-04-03T02:17:49.302+0600][31.203s][info][gc          ] GC(22) Concurrent strong roots 1.076ms
[2026-04-03T02:17:49.302+0600][31.203s][info][gc,start    ] GC(22) Concurrent evacuation
[2026-04-03T02:17:49.302+0600][31.203s][info][gc,task     ] GC(22) Using 3 of 6 workers for concurrent evacuation
[2026-04-03T02:17:49.303+0600][31.205s][info][gc          ] GC(22) Concurrent evacuation 1.199ms
[2026-04-03T02:17:49.304+0600][31.205s][info][gc,start    ] GC(22) Pause Init Update Refs
[2026-04-03T02:17:49.304+0600][31.205s][info][gc,ergo     ] GC(22) Pacer for Update Refs. Used: 188M, Free: 521M, Non-Taxable: 53410K, Alloc Tax Rate: 1.1x
[2026-04-03T02:17:49.304+0600][31.205s][info][gc          ] GC(22) Pause Init Update Refs 0.165ms
[2026-04-03T02:17:49.304+0600][31.205s][info][gc,start    ] GC(22) Concurrent update references
[2026-04-03T02:17:49.304+0600][31.205s][info][gc,task     ] GC(22) Using 3 of 6 workers for concurrent reference update
[2026-04-03T02:17:49.349+0600][31.250s][info][gc          ] GC(22) Concurrent update references 45.278ms
[2026-04-03T02:17:49.349+0600][31.250s][info][gc,start    ] GC(22) Concurrent update thread roots
[2026-04-03T02:17:49.352+0600][31.253s][info][gc          ] GC(22) Concurrent update thread roots 2.191ms
[2026-04-03T02:17:49.352+0600][31.253s][info][gc,start    ] GC(22) Pause Final Update Refs
[2026-04-03T02:17:49.352+0600][31.253s][info][gc,task     ] GC(22) Using 6 of 6 workers for final reference update
[2026-04-03T02:17:49.352+0600][31.253s][info][gc          ] GC(22) Pause Final Update Refs 0.257ms
[2026-04-03T02:17:49.352+0600][31.253s][info][gc,start    ] GC(22) Concurrent cleanup
[2026-04-03T02:17:49.353+0600][31.254s][info][gc          ] GC(22) Concurrent cleanup 225M->172M(620M) 0.547ms
[2026-04-03T02:17:49.353+0600][31.254s][info][gc,ergo     ] Free: 533M, Max: 256K regular, 183M humongous, Frag: 66% external, 0% internal; Reserve: 38400K, Max: 256K
[2026-04-03T02:17:49.353+0600][31.254s][info][gc,stats    ] 
[2026-04-03T02:17:49.353+0600][31.254s][info][gc,stats    ] All times are wall-clock times, except per-root-class counters, that are sum over
[2026-04-03T02:17:49.353+0600][31.254s][info][gc,stats    ] all workers. Dividing the <total> over the root stage time estimates parallelism.
[2026-04-03T02:17:49.353+0600][31.254s][info][gc,stats    ] 
[2026-04-03T02:17:49.353+0600][31.254s][info][gc,stats    ] Concurrent Reset                   1412 us
[2026-04-03T02:17:49.353+0600][31.254s][info][gc,stats    ] Pause Init Mark (G)                 415 us
[2026-04-03T02:17:49.353+0600][31.254s][info][gc,stats    ] Pause Init Mark (N)                 143 us
[2026-04-03T02:17:49.353+0600][31.254s][info][gc,stats    ]   Update Region States               26 us
[2026-04-03T02:17:49.353+0600][31.254s][info][gc,stats    ] Concurrent Mark Roots              1511 us, parallelism: 1.95x
[2026-04-03T02:17:49.353+0600][31.254s][info][gc,stats    ]   CMR: <total>                     2951 us
[2026-04-03T02:17:49.353+0600][31.254s][info][gc,stats    ]   CMR: Thread Roots                2326 us, workers (us): 424, 932, 970, ---, ---, ---, 
[2026-04-03T02:17:49.353+0600][31.254s][info][gc,stats    ]   CMR: VM Strong Roots               59 us, workers (us):  56,   2,   2, ---, ---, ---, 
[2026-04-03T02:17:49.353+0600][31.254s][info][gc,stats    ]   CMR: CLDG Roots                   567 us, workers (us): 567, ---, ---, ---, ---, ---, 
[2026-04-03T02:17:49.353+0600][31.254s][info][gc,stats    ] Concurrent Marking                66145 us
[2026-04-03T02:17:49.353+0600][31.254s][info][gc,stats    ] Pause Final Mark (G)               1131 us
[2026-04-03T02:17:49.353+0600][31.254s][info][gc,stats    ] Pause Final Mark (N)                850 us
[2026-04-03T02:17:49.353+0600][31.254s][info][gc,stats    ]   Finish Mark                       288 us
[2026-04-03T02:17:49.353+0600][31.254s][info][gc,stats    ]   Update Region States               53 us
[2026-04-03T02:17:49.353+0600][31.254s][info][gc,stats    ]   Choose Collection Set             284 us
[2026-04-03T02:17:49.353+0600][31.254s][info][gc,stats    ]   Rebuild Free Set                   49 us
[2026-04-03T02:17:49.353+0600][31.255s][info][gc,stats    ] Concurrent Thread Roots            1486 us, parallelism: 2.35x
[2026-04-03T02:17:49.353+0600][31.255s][info][gc,stats    ]   CTR: <total>                     3496 us
[2026-04-03T02:17:49.353+0600][31.255s][info][gc,stats    ]   CTR: Thread Roots                3496 us, workers (us): 1166, 1190, 1140, ---, ---, ---, 
[2026-04-03T02:17:49.353+0600][31.255s][info][gc,stats    ] Concurrent Weak References          666 us, parallelism: 0.76x
[2026-04-03T02:17:49.353+0600][31.255s][info][gc,stats    ]   CWRF: <total>                     506 us
[2026-04-03T02:17:49.353+0600][31.255s][info][gc,stats    ]   CWRF: Weak References             506 us, workers (us): 381,   3, 122, ---, ---, ---, 
[2026-04-03T02:17:49.353+0600][31.255s][info][gc,stats    ] Concurrent Weak Roots              6310 us
[2026-04-03T02:17:49.353+0600][31.255s][info][gc,stats    ]   Roots                            5712 us, parallelism: 2.49x
[2026-04-03T02:17:49.353+0600][31.255s][info][gc,stats    ]     CWR: <total>                  14229 us
[2026-04-03T02:17:49.354+0600][31.255s][info][gc,stats    ]     CWR: Code Cache Roots         11148 us, workers (us): 3864, 3608, 3675, ---, ---, ---, 
[2026-04-03T02:17:49.354+0600][31.255s][info][gc,stats    ]     CWR: VM Weak Roots             2913 us, workers (us): 1018, 944, 951, ---, ---, ---, 
[2026-04-03T02:17:49.354+0600][31.255s][info][gc,stats    ]     CWR: CLDG Roots                 168 us, workers (us): ---, 168, ---, ---, ---, ---, 
[2026-04-03T02:17:49.354+0600][31.255s][info][gc,stats    ]   Rendezvous                        423 us
[2026-04-03T02:17:49.354+0600][31.255s][info][gc,stats    ] Concurrent Cleanup                 1414 us
[2026-04-03T02:17:49.354+0600][31.255s][info][gc,stats    ] Concurrent Class Unloading        21279 us
[2026-04-03T02:17:49.354+0600][31.255s][info][gc,stats    ]   Unlink Stale                    16352 us
[2026-04-03T02:17:49.354+0600][31.255s][info][gc,stats    ]     System Dictionary               443 us
[2026-04-03T02:17:49.354+0600][31.255s][info][gc,stats    ]     Weak Class Links                  1 us
[2026-04-03T02:17:49.354+0600][31.255s][info][gc,stats    ]     Code Roots                    15901 us
[2026-04-03T02:17:49.354+0600][31.255s][info][gc,stats    ]   Rendezvous                        468 us
[2026-04-03T02:17:49.354+0600][31.255s][info][gc,stats    ]   Purge Unlinked                   4320 us
[2026-04-03T02:17:49.354+0600][31.255s][info][gc,stats    ]     Code Roots                     4303 us
[2026-04-03T02:17:49.354+0600][31.255s][info][gc,stats    ]     CLDG                             16 us
[2026-04-03T02:17:49.354+0600][31.255s][info][gc,stats    ]     Exception Caches                  0 us
[2026-04-03T02:17:49.354+0600][31.255s][info][gc,stats    ] Concurrent Strong Roots            1140 us, parallelism: 0.58x
[2026-04-03T02:17:49.354+0600][31.255s][info][gc,stats    ]   CSR: <total>                      658 us
[2026-04-03T02:17:49.354+0600][31.255s][info][gc,stats    ]   CSR: VM Strong Roots               35 us, workers (us):  33,   1,   0, ---, ---, ---, 
[2026-04-03T02:17:49.354+0600][31.255s][info][gc,stats    ]   CSR: CLDG Roots                   624 us, workers (us): 624, ---, ---, ---, ---, ---, 
[2026-04-03T02:17:49.354+0600][31.255s][info][gc,stats    ] Concurrent Evacuation              1274 us
[2026-04-03T02:17:49.354+0600][31.255s][info][gc,stats    ] Pause Init Update Refs (G)          448 us
[2026-04-03T02:17:49.354+0600][31.255s][info][gc,stats    ] Pause Init Update Refs (N)          182 us
[2026-04-03T02:17:49.354+0600][31.255s][info][gc,stats    ]   Manage GCLABs                      42 us
[2026-04-03T02:17:49.354+0600][31.255s][info][gc,stats    ] Concurrent Update Refs            45378 us
[2026-04-03T02:17:49.354+0600][31.255s][info][gc,stats    ] Concurrent Update Thread Roots     2307 us
[2026-04-03T02:17:49.354+0600][31.255s][info][gc,stats    ] Pause Final Update Refs (G)         735 us
[2026-04-03T02:17:49.354+0600][31.255s][info][gc,stats    ] Pause Final Update Refs (N)         283 us
[2026-04-03T02:17:49.354+0600][31.255s][info][gc,stats    ]   Update Region States               66 us
[2026-04-03T02:17:49.354+0600][31.255s][info][gc,stats    ]   Trash Collection Set               19 us
[2026-04-03T02:17:49.354+0600][31.255s][info][gc,stats    ]   Rebuild Free Set                   45 us
[2026-04-03T02:17:49.354+0600][31.255s][info][gc,stats    ] Concurrent Cleanup                  631 us
[2026-04-03T02:17:49.354+0600][31.255s][info][gc,stats    ] 
[2026-04-03T02:17:49.354+0600][31.255s][info][gc,stats    ] Allocation pacing accrued:
[2026-04-03T02:17:49.354+0600][31.255s][info][gc,stats    ]       0 of   516 ms (  0.0%): <total>
[2026-04-03T02:17:49.354+0600][31.255s][info][gc,stats    ]       0 of   516 ms (  0.0%): <average total>
[2026-04-03T02:17:49.354+0600][31.255s][info][gc,stats    ] 
[2026-04-03T02:17:49.354+0600][31.255s][info][gc,metaspace] Metaspace: 129855K(131072K)->129862K(131072K) NonClass: 113400K(114048K)->113406K(114048K) Class: 16455K(17024K)->16455K(17024K)
[2026-04-03T02:17:49.354+0600][31.255s][info][gc,ergo     ] Pacer for Idle. Initial: 15360K, Alloc Tax Rate: 1.0x
[2026-04-03T02:17:49.734+0600][31.635s][info][gc          ] Trigger: Average GC time (199.41 ms) is above the time for average allocation rate (859 MB/s) to deplete free headroom (169M) (margin of error = 1.82)
[2026-04-03T02:17:49.734+0600][31.635s][info][gc,ergo     ] Free headroom: 206M (free) - 38400K (spike) - 0B (penalties) = 169M
[2026-04-03T02:17:49.734+0600][31.635s][info][gc,ergo     ] Free: 205M, Max: 256K regular, 139M humongous, Frag: 32% external, 0% internal; Reserve: 38400K, Max: 256K
[2026-04-03T02:17:49.734+0600][31.635s][info][gc,start    ] GC(23) Concurrent reset
[2026-04-03T02:17:49.734+0600][31.635s][info][gc,task     ] GC(23) Using 3 of 6 workers for concurrent reset
[2026-04-03T02:17:49.734+0600][31.635s][info][gc,ergo     ] GC(23) Pacer for Reset. Non-Taxable: 750M
[2026-04-03T02:17:49.736+0600][31.637s][info][gc          ] GC(23) Concurrent reset 1.491ms
[2026-04-03T02:17:49.736+0600][31.637s][info][gc,start    ] GC(23) Pause Init Mark (unload classes)
[2026-04-03T02:17:49.736+0600][31.637s][info][gc,task     ] GC(23) Using 6 of 6 workers for init marking
[2026-04-03T02:17:49.737+0600][31.638s][info][gc,ergo     ] GC(23) Pacer for Mark. Expected Live: 88697K, Free: 204M, Non-Taxable: 20924K, Alloc Tax Rate: 0.5x
[2026-04-03T02:17:49.737+0600][31.638s][info][gc          ] GC(23) Pause Init Mark (unload classes) 0.261ms
[2026-04-03T02:17:49.737+0600][31.638s][info][gc,start    ] GC(23) Concurrent marking roots
[2026-04-03T02:17:49.737+0600][31.638s][info][gc,task     ] GC(23) Using 3 of 6 workers for concurrent marking roots
[2026-04-03T02:17:49.739+0600][31.640s][info][gc          ] GC(23) Concurrent marking roots 2.126ms
[2026-04-03T02:17:49.739+0600][31.640s][info][gc,start    ] GC(23) Concurrent marking (unload classes)
[2026-04-03T02:17:49.739+0600][31.640s][info][gc,task     ] GC(23) Using 3 of 6 workers for concurrent marking
[2026-04-03T02:17:49.799+0600][31.700s][info][gc          ] GC(23) Concurrent marking (unload classes) 60.006ms
[2026-04-03T02:17:49.800+0600][31.701s][info][gc,start    ] GC(23) Pause Final Mark (unload classes)
[2026-04-03T02:17:49.800+0600][31.701s][info][gc,task     ] GC(23) Using 6 of 6 workers for final marking
[2026-04-03T02:17:49.800+0600][31.701s][info][gc,ergo     ] GC(23) Adaptive CSet Selection. Target Free: 106M, Actual Free: 536M, Max CSet: 32000K, Min Garbage: 0B
[2026-04-03T02:17:49.800+0600][31.701s][info][gc,ergo     ] GC(23) Collectable Garbage: 390M (98%), Immediate: 338M (84%), CSet: 53381K (13%)
[2026-04-03T02:17:49.800+0600][31.702s][info][gc,ergo     ] GC(23) Pacer for Evacuation. Used CSet: 57615K, Free: 521M, Non-Taxable: 53438K, Alloc Tax Rate: 1.1x
[2026-04-03T02:17:49.801+0600][31.702s][info][gc          ] GC(23) Pause Final Mark (unload classes) 0.935ms
[2026-04-03T02:17:49.801+0600][31.702s][info][gc,start    ] GC(23) Concurrent thread roots
[2026-04-03T02:17:49.801+0600][31.702s][info][gc,task     ] GC(23) Using 3 of 6 workers for Concurrent thread roots
[2026-04-03T02:17:49.802+0600][31.703s][info][gc          ] GC(23) Concurrent thread roots 1.337ms
[2026-04-03T02:17:49.802+0600][31.703s][info][gc,start    ] GC(23) Concurrent weak references
[2026-04-03T02:17:49.802+0600][31.703s][info][gc,task     ] GC(23) Using 3 of 6 workers for concurrent weak references
[2026-04-03T02:17:49.803+0600][31.704s][info][gc,ref      ] GC(23) Encountered references: Soft: 3870, Weak: 15855, Final: 84, Phantom: 621
[2026-04-03T02:17:49.803+0600][31.704s][info][gc,ref      ] GC(23) Discovered  references: Soft: 0, Weak: 6176, Final: 0, Phantom: 615
[2026-04-03T02:17:49.803+0600][31.704s][info][gc,ref      ] GC(23) Enqueued    references: Soft: 0, Weak: 20, Final: 0, Phantom: 0
[2026-04-03T02:17:49.803+0600][31.704s][info][gc          ] GC(23) Concurrent weak references 1.048ms
[2026-04-03T02:17:49.803+0600][31.704s][info][gc,start    ] GC(23) Concurrent weak roots
[2026-04-03T02:17:49.803+0600][31.704s][info][gc,task     ] GC(23) Using 3 of 6 workers for concurrent weak root
[2026-04-03T02:17:49.809+0600][31.710s][info][gc          ] GC(23) Concurrent weak roots 5.394ms
[2026-04-03T02:17:49.809+0600][31.710s][info][gc,start    ] GC(23) Concurrent cleanup
[2026-04-03T02:17:49.809+0600][31.711s][info][gc          ] GC(23) Concurrent cleanup 524M->186M(620M) 0.853ms
[2026-04-03T02:17:49.810+0600][31.711s][info][gc,ergo     ] GC(23) Free: 520M, Max: 256K regular, 96512K humongous, Frag: 82% external, 0% internal; Reserve: 38012K, Max: 256K
[2026-04-03T02:17:49.810+0600][31.711s][info][gc,start    ] GC(23) Concurrent class unloading
[2026-04-03T02:17:49.810+0600][31.711s][info][gc,task     ] GC(23) Using 3 of 6 workers for concurrent class unloading
[2026-04-03T02:17:49.828+0600][31.729s][info][gc          ] GC(23) Concurrent class unloading 17.968ms
[2026-04-03T02:17:49.828+0600][31.729s][info][gc,start    ] GC(23) Concurrent strong roots
[2026-04-03T02:17:49.828+0600][31.729s][info][gc,task     ] GC(23) Using 3 of 6 workers for concurrent strong root
[2026-04-03T02:17:49.829+0600][31.730s][info][gc          ] GC(23) Concurrent strong roots 1.003ms
[2026-04-03T02:17:49.829+0600][31.730s][info][gc,start    ] GC(23) Concurrent evacuation
[2026-04-03T02:17:49.829+0600][31.730s][info][gc,task     ] GC(23) Using 3 of 6 workers for concurrent evacuation
[2026-04-03T02:17:49.831+0600][31.732s][info][gc          ] GC(23) Concurrent evacuation 1.905ms
[2026-04-03T02:17:49.831+0600][31.732s][info][gc,start    ] GC(23) Pause Init Update Refs
[2026-04-03T02:17:49.831+0600][31.732s][info][gc,ergo     ] GC(23) Pacer for Update Refs. Used: 196M, Free: 514M, Non-Taxable: 52665K, Alloc Tax Rate: 1.1x
[2026-04-03T02:17:49.831+0600][31.732s][info][gc          ] GC(23) Pause Init Update Refs 0.110ms
[2026-04-03T02:17:49.831+0600][31.732s][info][gc,start    ] GC(23) Concurrent update references
[2026-04-03T02:17:49.831+0600][31.732s][info][gc,task     ] GC(23) Using 3 of 6 workers for concurrent reference update
[2026-04-03T02:17:49.884+0600][31.785s][info][gc          ] GC(23) Concurrent update references 52.717ms
[2026-04-03T02:17:49.884+0600][31.785s][info][gc,start    ] GC(23) Concurrent update thread roots
[2026-04-03T02:17:49.888+0600][31.789s][info][gc          ] GC(23) Concurrent update thread roots 4.140ms
[2026-04-03T02:17:49.889+0600][31.790s][info][gc,start    ] GC(23) Pause Final Update Refs
[2026-04-03T02:17:49.889+0600][31.790s][info][gc,task     ] GC(23) Using 6 of 6 workers for final reference update
[2026-04-03T02:17:49.889+0600][31.790s][info][gc          ] GC(23) Pause Final Update Refs 0.247ms
[2026-04-03T02:17:49.889+0600][31.790s][info][gc,start    ] GC(23) Concurrent cleanup
[2026-04-03T02:17:49.890+0600][31.791s][info][gc          ] GC(23) Concurrent cleanup 217M->161M(620M) 0.684ms
[2026-04-03T02:17:49.890+0600][31.791s][info][gc,ergo     ] Free: 545M, Max: 256K regular, 228M humongous, Frag: 59% external, 0% internal; Reserve: 38400K, Max: 256K
[2026-04-03T02:17:49.890+0600][31.791s][info][gc,stats    ] 
[2026-04-03T02:17:49.890+0600][31.791s][info][gc,stats    ] All times are wall-clock times, except per-root-class counters, that are sum over
[2026-04-03T02:17:49.890+0600][31.791s][info][gc,stats    ] all workers. Dividing the <total> over the root stage time estimates parallelism.
[2026-04-03T02:17:49.890+0600][31.791s][info][gc,stats    ] 
[2026-04-03T02:17:49.890+0600][31.791s][info][gc,stats    ] Concurrent Reset                   1594 us
[2026-04-03T02:17:49.890+0600][31.791s][info][gc,stats    ] Pause Init Mark (G)                1177 us
[2026-04-03T02:17:49.890+0600][31.791s][info][gc,stats    ] Pause Init Mark (N)                 278 us
[2026-04-03T02:17:49.890+0600][31.791s][info][gc,stats    ]   Update Region States               61 us
[2026-04-03T02:17:49.890+0600][31.791s][info][gc,stats    ] Concurrent Mark Roots              2219 us, parallelism: 1.90x
[2026-04-03T02:17:49.890+0600][31.791s][info][gc,stats    ]   CMR: <total>                     4206 us
[2026-04-03T02:17:49.890+0600][31.791s][info][gc,stats    ]   CMR: Thread Roots                3549 us, workers (us): 931, 1311, 1307, ---, ---, ---, 
[2026-04-03T02:17:49.890+0600][31.791s][info][gc,stats    ]   CMR: VM Strong Roots              172 us, workers (us): 109,  62,   1, ---, ---, ---, 
[2026-04-03T02:17:49.890+0600][31.791s][info][gc,stats    ]   CMR: CLDG Roots                   485 us, workers (us): 485, ---, ---, ---, ---, ---, 
[2026-04-03T02:17:49.890+0600][31.791s][info][gc,stats    ] Concurrent Marking                60133 us
[2026-04-03T02:17:49.890+0600][31.791s][info][gc,stats    ] Pause Final Mark (G)               1258 us
[2026-04-03T02:17:49.890+0600][31.791s][info][gc,stats    ] Pause Final Mark (N)                954 us
[2026-04-03T02:17:49.890+0600][31.791s][info][gc,stats    ]   Finish Mark                       261 us
[2026-04-03T02:17:49.890+0600][31.791s][info][gc,stats    ]   Update Region States               57 us
[2026-04-03T02:17:49.890+0600][31.791s][info][gc,stats    ]   Choose Collection Set             271 us
[2026-04-03T02:17:49.890+0600][31.792s][info][gc,stats    ]   Rebuild Free Set                   65 us
[2026-04-03T02:17:49.890+0600][31.792s][info][gc,stats    ] Concurrent Thread Roots            1397 us, parallelism: 2.35x
[2026-04-03T02:17:49.890+0600][31.792s][info][gc,stats    ]   CTR: <total>                     3283 us
[2026-04-03T02:17:49.890+0600][31.792s][info][gc,stats    ]   CTR: Thread Roots                3283 us, workers (us): 1124, 1087, 1072, ---, ---, ---, 
[2026-04-03T02:17:49.890+0600][31.792s][info][gc,stats    ] Concurrent Weak References         1058 us, parallelism: 1.36x
[2026-04-03T02:17:49.890+0600][31.792s][info][gc,stats    ]   CWRF: <total>                    1437 us
[2026-04-03T02:17:49.890+0600][31.792s][info][gc,stats    ]   CWRF: Weak References            1437 us, workers (us): 910, 525,   2, ---, ---, ---, 
[2026-04-03T02:17:49.890+0600][31.792s][info][gc,stats    ] Concurrent Weak Roots              5502 us
[2026-04-03T02:17:49.890+0600][31.792s][info][gc,stats    ]   Roots                            4881 us, parallelism: 2.67x
[2026-04-03T02:17:49.891+0600][31.792s][info][gc,stats    ]     CWR: <total>                  13053 us
[2026-04-03T02:17:49.891+0600][31.792s][info][gc,stats    ]     CWR: Code Cache Roots         10368 us, workers (us): 3685, 3236, 3446, ---, ---, ---, 
[2026-04-03T02:17:49.891+0600][31.792s][info][gc,stats    ]     CWR: VM Weak Roots             2523 us, workers (us): 861, 857, 806, ---, ---, ---, 
[2026-04-03T02:17:49.891+0600][31.792s][info][gc,stats    ]     CWR: CLDG Roots                 163 us, workers (us): ---, 163, ---, ---, ---, ---, 
[2026-04-03T02:17:49.891+0600][31.792s][info][gc,stats    ]   Rendezvous                        487 us
[2026-04-03T02:17:49.891+0600][31.792s][info][gc,stats    ] Concurrent Cleanup                  878 us
[2026-04-03T02:17:49.891+0600][31.792s][info][gc,stats    ] Concurrent Class Unloading        18041 us
[2026-04-03T02:17:49.891+0600][31.792s][info][gc,stats    ]   Unlink Stale                    14855 us
[2026-04-03T02:17:49.891+0600][31.792s][info][gc,stats    ]     System Dictionary               308 us
[2026-04-03T02:17:49.891+0600][31.792s][info][gc,stats    ]     Weak Class Links                  0 us
[2026-04-03T02:17:49.891+0600][31.792s][info][gc,stats    ]     Code Roots                    14542 us
[2026-04-03T02:17:49.891+0600][31.792s][info][gc,stats    ]   Rendezvous                        393 us
[2026-04-03T02:17:49.891+0600][31.792s][info][gc,stats    ]   Purge Unlinked                   2684 us
[2026-04-03T02:17:49.891+0600][31.792s][info][gc,stats    ]     Code Roots                     2665 us
[2026-04-03T02:17:49.891+0600][31.792s][info][gc,stats    ]     CLDG                             18 us
[2026-04-03T02:17:49.891+0600][31.792s][info][gc,stats    ]     Exception Caches                  0 us
[2026-04-03T02:17:49.891+0600][31.792s][info][gc,stats    ] Concurrent Strong Roots            1051 us, parallelism: 0.57x
[2026-04-03T02:17:49.891+0600][31.792s][info][gc,stats    ]   CSR: <total>                      602 us
[2026-04-03T02:17:49.891+0600][31.792s][info][gc,stats    ]   CSR: VM Strong Roots               44 us, workers (us):  37,   4,   3, ---, ---, ---, 
[2026-04-03T02:17:49.891+0600][31.792s][info][gc,stats    ]   CSR: CLDG Roots                   558 us, workers (us): ---, 558, ---, ---, ---, ---, 
[2026-04-03T02:17:49.891+0600][31.792s][info][gc,stats    ] Concurrent Evacuation              1985 us
[2026-04-03T02:17:49.891+0600][31.792s][info][gc,stats    ] Pause Init Update Refs (G)          371 us
[2026-04-03T02:17:49.891+0600][31.792s][info][gc,stats    ] Pause Init Update Refs (N)          122 us
[2026-04-03T02:17:49.891+0600][31.792s][info][gc,stats    ]   Manage GCLABs                      29 us
[2026-04-03T02:17:49.891+0600][31.792s][info][gc,stats    ] Concurrent Update Refs            52846 us
[2026-04-03T02:17:49.891+0600][31.792s][info][gc,stats    ] Concurrent Update Thread Roots     4263 us
[2026-04-03T02:17:49.891+0600][31.792s][info][gc,stats    ] Pause Final Update Refs (G)        1117 us
[2026-04-03T02:17:49.891+0600][31.792s][info][gc,stats    ] Pause Final Update Refs (N)         268 us
[2026-04-03T02:17:49.891+0600][31.792s][info][gc,stats    ]   Update Region States               78 us
[2026-04-03T02:17:49.891+0600][31.792s][info][gc,stats    ]   Trash Collection Set               21 us
[2026-04-03T02:17:49.891+0600][31.792s][info][gc,stats    ]   Rebuild Free Set                   59 us
[2026-04-03T02:17:49.891+0600][31.792s][info][gc,stats    ] Concurrent Cleanup                  732 us
[2026-04-03T02:17:49.891+0600][31.792s][info][gc,stats    ] Pacing                            39236 us
[2026-04-03T02:17:49.892+0600][31.793s][info][gc,stats    ] 
[2026-04-03T02:17:49.892+0600][31.793s][info][gc,stats    ] Allocation pacing accrued:
[2026-04-03T02:17:49.892+0600][31.793s][info][gc,stats    ]       4 of   538 ms (  0.7%): dispatcher-BlockManagerMaster
[2026-04-03T02:17:49.892+0600][31.793s][info][gc,stats    ]       3 of   538 ms (  0.5%): Spark Context Cleaner
[2026-04-03T02:17:49.892+0600][31.793s][info][gc,stats    ]       6 of   538 ms (  1.0%): spark-listener-group-appStatus
[2026-04-03T02:17:49.892+0600][31.793s][info][gc,stats    ]       6 of   538 ms (  1.1%): spark-listener-group-executorManagement
[2026-04-03T02:17:49.892+0600][31.793s][info][gc,stats    ]       6 of   538 ms (  1.1%): Executor task launch worker for task 6.0 in stage 316.0 (TID 705)
[2026-04-03T02:17:49.892+0600][31.793s][info][gc,stats    ]       6 of   538 ms (  1.0%): Executor task launch worker for task 5.0 in stage 316.0 (TID 704)
[2026-04-03T02:17:49.892+0600][31.793s][info][gc,stats    ]       5 of   538 ms (  0.9%): Executor task launch worker for task 1.0 in stage 316.0 (TID 700)
[2026-04-03T02:17:49.892+0600][31.793s][info][gc,stats    ]       5 of   538 ms (  0.8%): task-result-getter-3
[2026-04-03T02:17:49.892+0600][31.793s][info][gc,stats    ]      39 of   538 ms (  7.3%): <total>
[2026-04-03T02:17:49.892+0600][31.793s][info][gc,stats    ]       0 of   538 ms (  0.0%): <average total>
[2026-04-03T02:17:49.892+0600][31.793s][info][gc,stats    ]       5 of   538 ms (  0.9%): <average non-zero>
[2026-04-03T02:17:49.892+0600][31.793s][info][gc,stats    ] 
[2026-04-03T02:17:49.892+0600][31.793s][info][gc,metaspace] Metaspace: 129903K(131136K)->129912K(131136K) NonClass: 113447K(114112K)->113456K(114112K) Class: 16455K(17024K)->16455K(17024K)
[2026-04-03T02:17:49.892+0600][31.793s][info][gc,ergo     ] Pacer for Idle. Initial: 15360K, Alloc Tax Rate: 1.0x
[2026-04-03T02:17:50.419+0600][32.320s][info][gc          ] Trigger: Average GC time (186.95 ms) is above the time for average allocation rate (854 MB/s) to deplete free headroom (158M) (margin of error = 1.82)
[2026-04-03T02:17:50.419+0600][32.320s][info][gc,ergo     ] Free headroom: 195M (free) - 38400K (spike) - 0B (penalties) = 158M
[2026-04-03T02:17:50.419+0600][32.320s][info][gc,ergo     ] Free: 195M, Max: 256K regular, 96512K humongous, Frag: 52% external, 1% internal; Reserve: 38400K, Max: 256K
[2026-04-03T02:17:50.419+0600][32.320s][info][gc,start    ] GC(24) Concurrent reset
[2026-04-03T02:17:50.419+0600][32.320s][info][gc,task     ] GC(24) Using 3 of 6 workers for concurrent reset
[2026-04-03T02:17:50.419+0600][32.320s][info][gc,ergo     ] GC(24) Pacer for Reset. Non-Taxable: 750M
[2026-04-03T02:17:50.420+0600][32.321s][info][gc          ] GC(24) Concurrent reset 0.917ms
[2026-04-03T02:17:50.420+0600][32.321s][info][gc,start    ] GC(24) Pause Init Mark (unload classes)
[2026-04-03T02:17:50.420+0600][32.322s][info][gc,task     ] GC(24) Using 6 of 6 workers for init marking
[2026-04-03T02:17:50.420+0600][32.322s][info][gc,ergo     ] GC(24) Pacer for Mark. Expected Live: 88474K, Free: 195M, Non-Taxable: 20044K, Alloc Tax Rate: 0.5x
[2026-04-03T02:17:50.420+0600][32.322s][info][gc          ] GC(24) Pause Init Mark (unload classes) 0.090ms
[2026-04-03T02:17:50.421+0600][32.322s][info][gc,start    ] GC(24) Concurrent marking roots
[2026-04-03T02:17:50.421+0600][32.322s][info][gc,task     ] GC(24) Using 3 of 6 workers for concurrent marking roots
[2026-04-03T02:17:50.424+0600][32.325s][info][gc          ] GC(24) Concurrent marking roots 3.389ms
[2026-04-03T02:17:50.424+0600][32.325s][info][gc,start    ] GC(24) Concurrent marking (unload classes)
[2026-04-03T02:17:50.424+0600][32.325s][info][gc,task     ] GC(24) Using 3 of 6 workers for concurrent marking
[2026-04-03T02:17:50.485+0600][32.386s][info][gc          ] GC(24) Concurrent marking (unload classes) 60.679ms
[2026-04-03T02:17:50.485+0600][32.386s][info][gc,start    ] GC(24) Pause Final Mark (unload classes)
[2026-04-03T02:17:50.485+0600][32.386s][info][gc,task     ] GC(24) Using 6 of 6 workers for final marking
[2026-04-03T02:17:50.486+0600][32.387s][info][gc,ergo     ] GC(24) Adaptive CSet Selection. Target Free: 106M, Actual Free: 499M, Max CSet: 32000K, Min Garbage: 0B
[2026-04-03T02:17:50.486+0600][32.387s][info][gc,ergo     ] GC(24) Collectable Garbage: 395M (98%), Immediate: 300M (74%), CSet: 97713K (23%)
[2026-04-03T02:17:50.486+0600][32.387s][info][gc,ergo     ] GC(24) Pacer for Evacuation. Used CSet: 102150K, Free: 489M, Non-Taxable: 50112K, Alloc Tax Rate: 1.1x
[2026-04-03T02:17:50.486+0600][32.387s][info][gc          ] GC(24) Pause Final Mark (unload classes) 0.797ms
[2026-04-03T02:17:50.486+0600][32.387s][info][gc,start    ] GC(24) Concurrent thread roots
[2026-04-03T02:17:50.486+0600][32.387s][info][gc,task     ] GC(24) Using 3 of 6 workers for Concurrent thread roots
[2026-04-03T02:17:50.488+0600][32.389s][info][gc          ] GC(24) Concurrent thread roots 1.524ms
[2026-04-03T02:17:50.488+0600][32.389s][info][gc,start    ] GC(24) Concurrent weak references
[2026-04-03T02:17:50.488+0600][32.389s][info][gc,task     ] GC(24) Using 3 of 6 workers for concurrent weak references
[2026-04-03T02:17:50.488+0600][32.389s][info][gc,ref      ] GC(24) Encountered references: Soft: 3872, Weak: 16403, Final: 84, Phantom: 621
[2026-04-03T02:17:50.488+0600][32.390s][info][gc,ref      ] GC(24) Discovered  references: Soft: 0, Weak: 7642, Final: 0, Phantom: 574
[2026-04-03T02:17:50.488+0600][32.390s][info][gc,ref      ] GC(24) Enqueued    references: Soft: 0, Weak: 1610, Final: 0, Phantom: 0
[2026-04-03T02:17:50.488+0600][32.390s][info][gc          ] GC(24) Concurrent weak references 0.862ms
[2026-04-03T02:17:50.488+0600][32.390s][info][gc,start    ] GC(24) Concurrent weak roots
[2026-04-03T02:17:50.488+0600][32.390s][info][gc,task     ] GC(24) Using 3 of 6 workers for concurrent weak root
[2026-04-03T02:17:50.494+0600][32.395s][info][gc          ] GC(24) Concurrent weak roots 5.160ms
[2026-04-03T02:17:50.494+0600][32.395s][info][gc,start    ] GC(24) Concurrent cleanup
[2026-04-03T02:17:50.495+0600][32.396s][info][gc          ] GC(24) Concurrent cleanup 521M->222M(620M) 0.929ms
[2026-04-03T02:17:50.495+0600][32.396s][info][gc,ergo     ] GC(24) Free: 485M, Max: 256K regular, 96512K humongous, Frag: 81% external, 0% internal; Reserve: 38125K, Max: 256K
[2026-04-03T02:17:50.495+0600][32.396s][info][gc,start    ] GC(24) Concurrent class unloading
[2026-04-03T02:17:50.495+0600][32.396s][info][gc,task     ] GC(24) Using 3 of 6 workers for concurrent class unloading
[2026-04-03T02:17:50.520+0600][32.421s][info][gc          ] GC(24) Concurrent class unloading 25.114ms
[2026-04-03T02:17:50.520+0600][32.421s][info][gc,start    ] GC(24) Concurrent strong roots
[2026-04-03T02:17:50.520+0600][32.421s][info][gc,task     ] GC(24) Using 3 of 6 workers for concurrent strong root
[2026-04-03T02:17:50.522+0600][32.423s][info][gc          ] GC(24) Concurrent strong roots 2.028ms
[2026-04-03T02:17:50.522+0600][32.424s][info][gc,start    ] GC(24) Concurrent evacuation
[2026-04-03T02:17:50.522+0600][32.424s][info][gc,task     ] GC(24) Using 3 of 6 workers for concurrent evacuation
[2026-04-03T02:17:50.527+0600][32.428s][info][gc          ] GC(24) Concurrent evacuation 4.137ms
[2026-04-03T02:17:50.527+0600][32.428s][info][gc,start    ] GC(24) Pause Init Update Refs
[2026-04-03T02:17:50.527+0600][32.428s][info][gc,ergo     ] GC(24) Pacer for Update Refs. Used: 256M, Free: 454M, Non-Taxable: 46544K, Alloc Tax Rate: 1.1x
[2026-04-03T02:17:50.527+0600][32.428s][info][gc          ] GC(24) Pause Init Update Refs 0.106ms
[2026-04-03T02:17:50.527+0600][32.428s][info][gc,start    ] GC(24) Concurrent update references
[2026-04-03T02:17:50.527+0600][32.428s][info][gc,task     ] GC(24) Using 3 of 6 workers for concurrent reference update
[2026-04-03T02:17:50.575+0600][32.476s][info][gc          ] GC(24) Concurrent update references 48.023ms
[2026-04-03T02:17:50.575+0600][32.476s][info][gc,start    ] GC(24) Concurrent update thread roots
[2026-04-03T02:17:50.577+0600][32.479s][info][gc          ] GC(24) Concurrent update thread roots 2.126ms
[2026-04-03T02:17:50.578+0600][32.479s][info][gc,start    ] GC(24) Pause Final Update Refs
[2026-04-03T02:17:50.578+0600][32.479s][info][gc,task     ] GC(24) Using 6 of 6 workers for final reference update
[2026-04-03T02:17:50.578+0600][32.479s][info][gc          ] GC(24) Pause Final Update Refs 0.223ms
[2026-04-03T02:17:50.578+0600][32.480s][info][gc,start    ] GC(24) Concurrent cleanup
[2026-04-03T02:17:50.579+0600][32.480s][info][gc          ] GC(24) Concurrent cleanup 278M->180M(621M) 0.731ms
[2026-04-03T02:17:50.579+0600][32.480s][info][gc,ergo     ] Free: 526M, Max: 256K regular, 161M humongous, Frag: 70% external, 0% internal; Reserve: 38400K, Max: 256K
[2026-04-03T02:17:50.579+0600][32.480s][info][gc,stats    ] 
[2026-04-03T02:17:50.579+0600][32.480s][info][gc,stats    ] All times are wall-clock times, except per-root-class counters, that are sum over
[2026-04-03T02:17:50.579+0600][32.481s][info][gc,stats    ] all workers. Dividing the <total> over the root stage time estimates parallelism.
[2026-04-03T02:17:50.579+0600][32.481s][info][gc,stats    ] 
[2026-04-03T02:17:50.579+0600][32.481s][info][gc,stats    ] Concurrent Reset                    987 us
[2026-04-03T02:17:50.579+0600][32.481s][info][gc,stats    ] Pause Init Mark (G)                 415 us
[2026-04-03T02:17:50.579+0600][32.481s][info][gc,stats    ] Pause Init Mark (N)                  98 us
[2026-04-03T02:17:50.579+0600][32.481s][info][gc,stats    ]   Update Region States               25 us
[2026-04-03T02:17:50.579+0600][32.481s][info][gc,stats    ] Concurrent Mark Roots              3462 us, parallelism: 1.50x
[2026-04-03T02:17:50.579+0600][32.481s][info][gc,stats    ]   CMR: <total>                     5184 us
[2026-04-03T02:17:50.579+0600][32.481s][info][gc,stats    ]   CMR: Thread Roots                4811 us, workers (us): 1192, 879, 2740, ---, ---, ---, 
[2026-04-03T02:17:50.580+0600][32.481s][info][gc,stats    ]   CMR: VM Strong Roots               60 us, workers (us):  36,  23,   1, ---, ---, ---, 
[2026-04-03T02:17:50.580+0600][32.481s][info][gc,stats    ]   CMR: CLDG Roots                   313 us, workers (us): ---, 313, ---, ---, ---, ---, 
[2026-04-03T02:17:50.580+0600][32.481s][info][gc,stats    ] Concurrent Marking                60772 us
[2026-04-03T02:17:50.580+0600][32.481s][info][gc,stats    ] Pause Final Mark (G)               1176 us
[2026-04-03T02:17:50.580+0600][32.481s][info][gc,stats    ] Pause Final Mark (N)                811 us
[2026-04-03T02:17:50.580+0600][32.481s][info][gc,stats    ]   Finish Mark                       243 us
[2026-04-03T02:17:50.580+0600][32.481s][info][gc,stats    ]   Update Region States               59 us
[2026-04-03T02:17:50.580+0600][32.481s][info][gc,stats    ]   Choose Collection Set             293 us
[2026-04-03T02:17:50.580+0600][32.481s][info][gc,stats    ]   Rebuild Free Set                   38 us
[2026-04-03T02:17:50.580+0600][32.481s][info][gc,stats    ] Concurrent Thread Roots            1575 us, parallelism: 2.29x
[2026-04-03T02:17:50.580+0600][32.481s][info][gc,stats    ]   CTR: <total>                     3604 us
[2026-04-03T02:17:50.580+0600][32.481s][info][gc,stats    ]   CTR: Thread Roots                3604 us, workers (us): 1263, 1186, 1155, ---, ---, ---, 
[2026-04-03T02:17:50.580+0600][32.481s][info][gc,stats    ] Concurrent Weak References          875 us, parallelism: 1.11x
[2026-04-03T02:17:50.580+0600][32.481s][info][gc,stats    ]   CWRF: <total>                     971 us
[2026-04-03T02:17:50.580+0600][32.481s][info][gc,stats    ]   CWRF: Weak References             971 us, workers (us): 224, 629, 119, ---, ---, ---, 
[2026-04-03T02:17:50.580+0600][32.481s][info][gc,stats    ] Concurrent Weak Roots              5300 us
[2026-04-03T02:17:50.580+0600][32.481s][info][gc,stats    ]   Roots                            4790 us, parallelism: 2.74x
[2026-04-03T02:17:50.580+0600][32.481s][info][gc,stats    ]     CWR: <total>                  13107 us
[2026-04-03T02:17:50.580+0600][32.481s][info][gc,stats    ]     CWR: Code Cache Roots         10729 us, workers (us): 3595, 3375, 3758, ---, ---, ---, 
[2026-04-03T02:17:50.580+0600][32.481s][info][gc,stats    ]     CWR: VM Weak Roots             2151 us, workers (us): 754, 703, 694, ---, ---, ---, 
[2026-04-03T02:17:50.580+0600][32.481s][info][gc,stats    ]     CWR: CLDG Roots                 227 us, workers (us): ---, 227, ---, ---, ---, ---, 
[2026-04-03T02:17:50.580+0600][32.481s][info][gc,stats    ]   Rendezvous                        343 us
[2026-04-03T02:17:50.580+0600][32.481s][info][gc,stats    ] Concurrent Cleanup                  980 us
[2026-04-03T02:17:50.580+0600][32.481s][info][gc,stats    ] Concurrent Class Unloading        25256 us
[2026-04-03T02:17:50.580+0600][32.481s][info][gc,stats    ]   Unlink Stale                    19397 us
[2026-04-03T02:17:50.580+0600][32.481s][info][gc,stats    ]     System Dictionary               279 us
[2026-04-03T02:17:50.580+0600][32.481s][info][gc,stats    ]     Weak Class Links                  1 us
[2026-04-03T02:17:50.580+0600][32.481s][info][gc,stats    ]     Code Roots                    19111 us
[2026-04-03T02:17:50.580+0600][32.481s][info][gc,stats    ]   Rendezvous                        633 us
[2026-04-03T02:17:50.580+0600][32.481s][info][gc,stats    ]   Purge Unlinked                   5038 us
[2026-04-03T02:17:50.580+0600][32.481s][info][gc,stats    ]     Code Roots                     5008 us
[2026-04-03T02:17:50.580+0600][32.481s][info][gc,stats    ]     CLDG                             28 us
[2026-04-03T02:17:50.580+0600][32.481s][info][gc,stats    ]     Exception Caches                  1 us
[2026-04-03T02:17:50.580+0600][32.481s][info][gc,stats    ] Concurrent Strong Roots            2128 us, parallelism: 0.70x
[2026-04-03T02:17:50.580+0600][32.481s][info][gc,stats    ]   CSR: <total>                     1498 us
[2026-04-03T02:17:50.580+0600][32.481s][info][gc,stats    ]   CSR: VM Strong Roots               74 us, workers (us):  45,  29,   0, ---, ---, ---, 
[2026-04-03T02:17:50.580+0600][32.481s][info][gc,stats    ]   CSR: CLDG Roots                  1424 us, workers (us): ---, 1424, ---, ---, ---, ---, 
[2026-04-03T02:17:50.580+0600][32.481s][info][gc,stats    ] Concurrent Evacuation              4225 us
[2026-04-03T02:17:50.580+0600][32.481s][info][gc,stats    ] Pause Init Update Refs (G)          516 us
[2026-04-03T02:17:50.580+0600][32.481s][info][gc,stats    ] Pause Init Update Refs (N)          118 us
[2026-04-03T02:17:50.580+0600][32.481s][info][gc,stats    ]   Manage GCLABs                      31 us
[2026-04-03T02:17:50.580+0600][32.481s][info][gc,stats    ] Concurrent Update Refs            48131 us
[2026-04-03T02:17:50.580+0600][32.481s][info][gc,stats    ] Concurrent Update Thread Roots     2219 us
[2026-04-03T02:17:50.580+0600][32.481s][info][gc,stats    ] Pause Final Update Refs (G)         925 us
[2026-04-03T02:17:50.580+0600][32.481s][info][gc,stats    ] Pause Final Update Refs (N)         236 us
[2026-04-03T02:17:50.580+0600][32.481s][info][gc,stats    ]   Update Region States               61 us
[2026-04-03T02:17:50.580+0600][32.481s][info][gc,stats    ]   Trash Collection Set               20 us
[2026-04-03T02:17:50.580+0600][32.481s][info][gc,stats    ]   Rebuild Free Set                   51 us
[2026-04-03T02:17:50.580+0600][32.481s][info][gc,stats    ] Concurrent Cleanup                  764 us
[2026-04-03T02:17:50.580+0600][32.481s][info][gc,stats    ] Pacing                           172008 us
[2026-04-03T02:17:50.580+0600][32.481s][info][gc,stats    ] 
[2026-04-03T02:17:50.580+0600][32.481s][info][gc,stats    ] Allocation pacing accrued:
[2026-04-03T02:17:50.580+0600][32.481s][info][gc,stats    ]      21 of   688 ms (  3.1%): Executor task launch worker for task 4.0 in stage 328.0 (TID 759)
[2026-04-03T02:17:50.580+0600][32.481s][info][gc,stats    ]      21 of   688 ms (  3.1%): Executor task launch worker for task 1.0 in stage 328.0 (TID 756)
[2026-04-03T02:17:50.580+0600][32.481s][info][gc,stats    ]      21 of   688 ms (  3.1%): Executor task launch worker for task 6.0 in stage 328.0 (TID 761)
[2026-04-03T02:17:50.580+0600][32.481s][info][gc,stats    ]      23 of   688 ms (  3.3%): Executor task launch worker for task 0.0 in stage 328.0 (TID 755)
[2026-04-03T02:17:50.580+0600][32.481s][info][gc,stats    ]      21 of   688 ms (  3.1%): Executor task launch worker for task 7.0 in stage 328.0 (TID 762)
[2026-04-03T02:17:50.580+0600][32.481s][info][gc,stats    ]      22 of   688 ms (  3.2%): Executor task launch worker for task 5.0 in stage 328.0 (TID 760)
[2026-04-03T02:17:50.580+0600][32.481s][info][gc,stats    ]      21 of   688 ms (  3.1%): Executor task launch worker for task 3.0 in stage 328.0 (TID 758)
[2026-04-03T02:17:50.580+0600][32.481s][info][gc,stats    ]      21 of   688 ms (  3.1%): Executor task launch worker for task 2.0 in stage 328.0 (TID 757)
[2026-04-03T02:17:50.580+0600][32.481s][info][gc,stats    ]     172 of   688 ms ( 25.0%): <total>
[2026-04-03T02:17:50.580+0600][32.481s][info][gc,stats    ]       1 of   688 ms (  0.1%): <average total>
[2026-04-03T02:17:50.580+0600][32.481s][info][gc,stats    ]      22 of   688 ms (  3.1%): <average non-zero>
[2026-04-03T02:17:50.580+0600][32.481s][info][gc,stats    ] 
[2026-04-03T02:17:50.580+0600][32.481s][info][gc,metaspace] Metaspace: 129952K(131136K)->129956K(131136K) NonClass: 113496K(114112K)->113500K(114112K) Class: 16455K(17024K)->16455K(17024K)
[2026-04-03T02:17:50.580+0600][32.481s][info][gc,ergo     ] Pacer for Idle. Initial: 15360K, Alloc Tax Rate: 1.0x
[2026-04-03T02:17:50.921+0600][32.823s][info][gc          ] Trigger: Average GC time (180.59 ms) is above the time for average allocation rate (922 MB/s) to deplete free headroom (166M) (margin of error = 1.82)
[2026-04-03T02:17:50.922+0600][32.823s][info][gc,ergo     ] Free headroom: 203M (free) - 38400K (spike) - 0B (penalties) = 166M
[2026-04-03T02:17:50.922+0600][32.823s][info][gc,ergo     ] Free: 203M, Max: 256K regular, 96512K humongous, Frag: 54% external, 0% internal; Reserve: 38400K, Max: 256K
[2026-04-03T02:17:50.922+0600][32.823s][info][gc,start    ] GC(25) Concurrent reset
[2026-04-03T02:17:50.922+0600][32.823s][info][gc,task     ] GC(25) Using 3 of 6 workers for concurrent reset
[2026-04-03T02:17:50.922+0600][32.823s][info][gc,ergo     ] GC(25) Pacer for Reset. Non-Taxable: 750M
[2026-04-03T02:17:50.924+0600][32.825s][info][gc          ] GC(25) Concurrent reset 1.938ms
[2026-04-03T02:17:50.924+0600][32.825s][info][gc,start    ] GC(25) Pause Init Mark (unload classes)
[2026-04-03T02:17:50.924+0600][32.825s][info][gc,task     ] GC(25) Using 6 of 6 workers for init marking
[2026-04-03T02:17:50.924+0600][32.825s][info][gc,ergo     ] GC(25) Pacer for Mark. Expected Live: 87963K, Free: 201M, Non-Taxable: 20613K, Alloc Tax Rate: 0.5x
[2026-04-03T02:17:50.924+0600][32.825s][info][gc          ] GC(25) Pause Init Mark (unload classes) 0.204ms
[2026-04-03T02:17:50.924+0600][32.825s][info][gc,start    ] GC(25) Concurrent marking roots
[2026-04-03T02:17:50.924+0600][32.826s][info][gc,task     ] GC(25) Using 3 of 6 workers for concurrent marking roots
[2026-04-03T02:17:50.926+0600][32.827s][info][gc          ] GC(25) Concurrent marking roots 1.875ms
[2026-04-03T02:17:50.926+0600][32.827s][info][gc,start    ] GC(25) Concurrent marking (unload classes)
[2026-04-03T02:17:50.926+0600][32.827s][info][gc,task     ] GC(25) Using 3 of 6 workers for concurrent marking
[2026-04-03T02:17:51.001+0600][32.902s][info][gc          ] GC(25) Concurrent marking (unload classes) 74.270ms
[2026-04-03T02:17:51.001+0600][32.902s][info][gc,start    ] GC(25) Pause Final Mark (unload classes)
[2026-04-03T02:17:51.001+0600][32.902s][info][gc,task     ] GC(25) Using 6 of 6 workers for final marking
[2026-04-03T02:17:51.002+0600][32.903s][info][gc,ergo     ] GC(25) Adaptive CSet Selection. Target Free: 106M, Actual Free: 529M, Max CSet: 32000K, Min Garbage: 0B
[2026-04-03T02:17:51.002+0600][32.903s][info][gc,ergo     ] GC(25) Collectable Garbage: 392M (98%), Immediate: 327M (81%), CSet: 65991K (16%)
[2026-04-03T02:17:51.002+0600][32.903s][info][gc,ergo     ] GC(25) Pacer for Evacuation. Used CSet: 70431K, Free: 516M, Non-Taxable: 52874K, Alloc Tax Rate: 1.1x
[2026-04-03T02:17:51.002+0600][32.903s][info][gc          ] GC(25) Pause Final Mark (unload classes) 1.205ms
[2026-04-03T02:17:51.002+0600][32.903s][info][gc,start    ] GC(25) Concurrent thread roots
[2026-04-03T02:17:51.002+0600][32.903s][info][gc,task     ] GC(25) Using 3 of 6 workers for Concurrent thread roots
[2026-04-03T02:17:51.007+0600][32.908s][info][gc          ] GC(25) Concurrent thread roots 4.665ms
[2026-04-03T02:17:51.007+0600][32.908s][info][gc,start    ] GC(25) Concurrent weak references
[2026-04-03T02:17:51.007+0600][32.908s][info][gc,task     ] GC(25) Using 3 of 6 workers for concurrent weak references
[2026-04-03T02:17:51.008+0600][32.909s][info][gc,ref      ] GC(25) Encountered references: Soft: 3872, Weak: 15525, Final: 84, Phantom: 621
[2026-04-03T02:17:51.008+0600][32.909s][info][gc,ref      ] GC(25) Discovered  references: Soft: 0, Weak: 4505, Final: 0, Phantom: 597
[2026-04-03T02:17:51.008+0600][32.909s][info][gc,ref      ] GC(25) Enqueued    references: Soft: 0, Weak: 22, Final: 0, Phantom: 0
[2026-04-03T02:17:51.008+0600][32.909s][info][gc          ] GC(25) Concurrent weak references 1.123ms
[2026-04-03T02:17:51.008+0600][32.909s][info][gc,start    ] GC(25) Concurrent weak roots
[2026-04-03T02:17:51.008+0600][32.909s][info][gc,task     ] GC(25) Using 3 of 6 workers for concurrent weak root
[2026-04-03T02:17:51.021+0600][32.922s][info][gc          ] GC(25) Concurrent weak roots 12.310ms
[2026-04-03T02:17:51.022+0600][32.923s][info][gc,start    ] GC(25) Concurrent cleanup
[2026-04-03T02:17:51.024+0600][32.925s][info][gc          ] GC(25) Concurrent cleanup 532M->205M(621M) 1.777ms
[2026-04-03T02:17:51.024+0600][32.925s][info][gc,ergo     ] GC(25) Free: 503M, Max: 256K regular, 90112K humongous, Frag: 83% external, 0% internal; Reserve: 37974K, Max: 256K
[2026-04-03T02:17:51.024+0600][32.925s][info][gc,start    ] GC(25) Concurrent class unloading
[2026-04-03T02:17:51.024+0600][32.925s][info][gc,task     ] GC(25) Using 3 of 6 workers for concurrent class unloading
[2026-04-03T02:17:51.050+0600][32.951s][info][gc          ] GC(25) Concurrent class unloading 25.891ms
[2026-04-03T02:17:51.050+0600][32.951s][info][gc,start    ] GC(25) Concurrent strong roots
[2026-04-03T02:17:51.050+0600][32.951s][info][gc,task     ] GC(25) Using 3 of 6 workers for concurrent strong root
[2026-04-03T02:17:51.052+0600][32.953s][info][gc          ] GC(25) Concurrent strong roots 1.945ms
[2026-04-03T02:17:51.052+0600][32.953s][info][gc,start    ] GC(25) Concurrent evacuation
[2026-04-03T02:17:51.052+0600][32.953s][info][gc,task     ] GC(25) Using 3 of 6 workers for concurrent evacuation
[2026-04-03T02:17:51.056+0600][32.957s][info][gc          ] GC(25) Concurrent evacuation 3.370ms
[2026-04-03T02:17:51.056+0600][32.957s][info][gc,start    ] GC(25) Pause Init Update Refs
[2026-04-03T02:17:51.056+0600][32.957s][info][gc,ergo     ] GC(25) Pacer for Update Refs. Used: 228M, Free: 482M, Non-Taxable: 49358K, Alloc Tax Rate: 1.1x
[2026-04-03T02:17:51.056+0600][32.957s][info][gc          ] GC(25) Pause Init Update Refs 0.231ms
[2026-04-03T02:17:51.056+0600][32.958s][info][gc,start    ] GC(25) Concurrent update references
[2026-04-03T02:17:51.057+0600][32.958s][info][gc,task     ] GC(25) Using 3 of 6 workers for concurrent reference update
[2026-04-03T02:17:51.112+0600][33.013s][info][gc          ] GC(25) Concurrent update references 55.319ms
[2026-04-03T02:17:51.112+0600][33.013s][info][gc,start    ] GC(25) Concurrent update thread roots
[2026-04-03T02:17:51.114+0600][33.015s][info][gc          ] GC(25) Concurrent update thread roots 1.950ms
[2026-04-03T02:17:51.114+0600][33.015s][info][gc,start    ] GC(25) Pause Final Update Refs
[2026-04-03T02:17:51.114+0600][33.015s][info][gc,task     ] GC(25) Using 6 of 6 workers for final reference update
[2026-04-03T02:17:51.114+0600][33.015s][info][gc          ] GC(25) Pause Final Update Refs 0.163ms
[2026-04-03T02:17:51.114+0600][33.015s][info][gc,start    ] GC(25) Concurrent cleanup
[2026-04-03T02:17:51.115+0600][33.016s][info][gc          ] GC(25) Concurrent cleanup 251M->184M(621M) 0.661ms
[2026-04-03T02:17:51.115+0600][33.016s][info][gc,ergo     ] Free: 521M, Max: 256K regular, 230M humongous, Frag: 56% external, 0% internal; Reserve: 38400K, Max: 256K
[2026-04-03T02:17:51.115+0600][33.016s][info][gc,stats    ] 
[2026-04-03T02:17:51.115+0600][33.016s][info][gc,stats    ] All times are wall-clock times, except per-root-class counters, that are sum over
[2026-04-03T02:17:51.115+0600][33.016s][info][gc,stats    ] all workers. Dividing the <total> over the root stage time estimates parallelism.
[2026-04-03T02:17:51.115+0600][33.016s][info][gc,stats    ] 
[2026-04-03T02:17:51.115+0600][33.016s][info][gc,stats    ] Concurrent Reset                   1990 us
[2026-04-03T02:17:51.115+0600][33.016s][info][gc,stats    ] Pause Init Mark (G)                 715 us
[2026-04-03T02:17:51.115+0600][33.016s][info][gc,stats    ] Pause Init Mark (N)                 214 us
[2026-04-03T02:17:51.115+0600][33.016s][info][gc,stats    ]   Update Region States               51 us
[2026-04-03T02:17:51.115+0600][33.016s][info][gc,stats    ] Concurrent Mark Roots              1943 us, parallelism: 2.14x
[2026-04-03T02:17:51.115+0600][33.016s][info][gc,stats    ]   CMR: <total>                     4164 us
[2026-04-03T02:17:51.115+0600][33.016s][info][gc,stats    ]   CMR: Thread Roots                3630 us, workers (us): 1361, 918, 1351, ---, ---, ---, 
[2026-04-03T02:17:51.115+0600][33.016s][info][gc,stats    ]   CMR: VM Strong Roots               84 us, workers (us):  32,  26,  26, ---, ---, ---, 
[2026-04-03T02:17:51.115+0600][33.016s][info][gc,stats    ]   CMR: CLDG Roots                   449 us, workers (us): ---, 449, ---, ---, ---, ---, 
[2026-04-03T02:17:51.115+0600][33.016s][info][gc,stats    ] Concurrent Marking                74428 us
[2026-04-03T02:17:51.115+0600][33.016s][info][gc,stats    ] Pause Final Mark (G)               1553 us
[2026-04-03T02:17:51.115+0600][33.016s][info][gc,stats    ] Pause Final Mark (N)               1227 us
[2026-04-03T02:17:51.115+0600][33.016s][info][gc,stats    ]   Finish Mark                       437 us
[2026-04-03T02:17:51.115+0600][33.017s][info][gc,stats    ]   Update Region States               98 us
[2026-04-03T02:17:51.115+0600][33.017s][info][gc,stats    ]   Choose Collection Set             422 us
[2026-04-03T02:17:51.115+0600][33.017s][info][gc,stats    ]   Rebuild Free Set                   54 us
[2026-04-03T02:17:51.115+0600][33.017s][info][gc,stats    ] Concurrent Thread Roots            4790 us, parallelism: 2.27x
[2026-04-03T02:17:51.115+0600][33.017s][info][gc,stats    ]   CTR: <total>                    10851 us
[2026-04-03T02:17:51.115+0600][33.017s][info][gc,stats    ]   CTR: Thread Roots               10851 us, workers (us): 4029, 4428, 2394, ---, ---, ---, 
[2026-04-03T02:17:51.116+0600][33.017s][info][gc,stats    ] Concurrent Weak References         1142 us, parallelism: 0.96x
[2026-04-03T02:17:51.116+0600][33.017s][info][gc,stats    ]   CWRF: <total>                    1095 us
[2026-04-03T02:17:51.116+0600][33.017s][info][gc,stats    ]   CWRF: Weak References            1095 us, workers (us): 674, 142, 280, ---, ---, ---, 
[2026-04-03T02:17:51.116+0600][33.017s][info][gc,stats    ] Concurrent Weak Roots             13546 us
[2026-04-03T02:17:51.116+0600][33.017s][info][gc,stats    ]   Roots                            7661 us, parallelism: 2.67x
[2026-04-03T02:17:51.116+0600][33.017s][info][gc,stats    ]     CWR: <total>                  20478 us
[2026-04-03T02:17:51.116+0600][33.017s][info][gc,stats    ]     CWR: Code Cache Roots         16701 us, workers (us): 5985, 5537, 5179, ---, ---, ---, 
[2026-04-03T02:17:51.116+0600][33.017s][info][gc,stats    ]     CWR: VM Weak Roots             3470 us, workers (us): 1210, 1201, 1059, ---, ---, ---, 
[2026-04-03T02:17:51.116+0600][33.017s][info][gc,stats    ]     CWR: CLDG Roots                 307 us, workers (us): ---, ---, 307, ---, ---, ---, 
[2026-04-03T02:17:51.116+0600][33.017s][info][gc,stats    ]   Rendezvous                       4609 us
[2026-04-03T02:17:51.116+0600][33.017s][info][gc,stats    ] Concurrent Cleanup                 2202 us
[2026-04-03T02:17:51.116+0600][33.017s][info][gc,stats    ] Concurrent Class Unloading        26035 us
[2026-04-03T02:17:51.116+0600][33.017s][info][gc,stats    ]   Unlink Stale                    23072 us
[2026-04-03T02:17:51.116+0600][33.017s][info][gc,stats    ]     System Dictionary               315 us
[2026-04-03T02:17:51.116+0600][33.017s][info][gc,stats    ]     Weak Class Links                  0 us
[2026-04-03T02:17:51.116+0600][33.017s][info][gc,stats    ]     Code Roots                    22751 us
[2026-04-03T02:17:51.116+0600][33.017s][info][gc,stats    ]   Rendezvous                        395 us
[2026-04-03T02:17:51.116+0600][33.017s][info][gc,stats    ]   Purge Unlinked                   2371 us
[2026-04-03T02:17:51.116+0600][33.017s][info][gc,stats    ]     Code Roots                     2349 us
[2026-04-03T02:17:51.116+0600][33.017s][info][gc,stats    ]     CLDG                             21 us
[2026-04-03T02:17:51.116+0600][33.017s][info][gc,stats    ]     Exception Caches                  0 us
[2026-04-03T02:17:51.116+0600][33.017s][info][gc,stats    ] Concurrent Strong Roots            2085 us, parallelism: 0.68x
[2026-04-03T02:17:51.116+0600][33.017s][info][gc,stats    ]   CSR: <total>                     1416 us
[2026-04-03T02:17:51.116+0600][33.017s][info][gc,stats    ]   CSR: VM Strong Roots               57 us, workers (us):  56,   0,   0, ---, ---, ---, 
[2026-04-03T02:17:51.116+0600][33.017s][info][gc,stats    ]   CSR: CLDG Roots                  1359 us, workers (us): 1359, ---, ---, ---, ---, ---, 
[2026-04-03T02:17:51.116+0600][33.017s][info][gc,stats    ] Concurrent Evacuation              3555 us
[2026-04-03T02:17:51.116+0600][33.017s][info][gc,stats    ] Pause Init Update Refs (G)          622 us
[2026-04-03T02:17:51.116+0600][33.017s][info][gc,stats    ] Pause Init Update Refs (N)          251 us
[2026-04-03T02:17:51.116+0600][33.017s][info][gc,stats    ]   Manage GCLABs                      67 us
[2026-04-03T02:17:51.116+0600][33.017s][info][gc,stats    ] Concurrent Update Refs            55435 us
[2026-04-03T02:17:51.116+0600][33.017s][info][gc,stats    ] Concurrent Update Thread Roots     2031 us
[2026-04-03T02:17:51.116+0600][33.017s][info][gc,stats    ] Pause Final Update Refs (G)         440 us
[2026-04-03T02:17:51.116+0600][33.017s][info][gc,stats    ] Pause Final Update Refs (N)         194 us
[2026-04-03T02:17:51.116+0600][33.017s][info][gc,stats    ]   Update Region States               61 us
[2026-04-03T02:17:51.116+0600][33.017s][info][gc,stats    ]   Trash Collection Set               17 us
[2026-04-03T02:17:51.116+0600][33.017s][info][gc,stats    ]   Rebuild Free Set                   47 us
[2026-04-03T02:17:51.116+0600][33.017s][info][gc,stats    ] Concurrent Cleanup                  691 us
[2026-04-03T02:17:51.116+0600][33.017s][info][gc,stats    ] Pacing                           180461 us
[2026-04-03T02:17:51.116+0600][33.017s][info][gc,stats    ] 
[2026-04-03T02:17:51.116+0600][33.017s][info][gc,stats    ] Allocation pacing accrued:
[2026-04-03T02:17:51.116+0600][33.017s][info][gc,stats    ]      10 of   536 ms (  1.9%): dispatcher-event-loop-3
[2026-04-03T02:17:51.116+0600][33.017s][info][gc,stats    ]      10 of   536 ms (  1.9%): dispatcher-event-loop-5
[2026-04-03T02:17:51.116+0600][33.017s][info][gc,stats    ]      10 of   536 ms (  1.9%): spark-listener-group-appStatus
[2026-04-03T02:17:51.116+0600][33.017s][info][gc,stats    ]      10 of   536 ms (  1.9%): spark-listener-group-executorManagement
[2026-04-03T02:17:51.116+0600][33.017s][info][gc,stats    ]      10 of   536 ms (  1.9%): spark-listener-group-shared
[2026-04-03T02:17:51.116+0600][33.017s][info][gc,stats    ]      24 of   536 ms (  4.5%): Executor task launch worker for task 2.0 in stage 338.0 (TID 837)
[2026-04-03T02:17:51.116+0600][33.017s][info][gc,stats    ]      14 of   536 ms (  2.7%): Executor task launch worker for task 1.0 in stage 338.0 (TID 836)
[2026-04-03T02:17:51.116+0600][33.017s][info][gc,stats    ]      12 of   536 ms (  2.2%): Executor task launch worker for task 0.0 in stage 338.0 (TID 835)
[2026-04-03T02:17:51.116+0600][33.017s][info][gc,stats    ]      11 of   536 ms (  2.1%): Executor task launch worker for task 6.0 in stage 338.0 (TID 841)
[2026-04-03T02:17:51.116+0600][33.017s][info][gc,stats    ]      12 of   536 ms (  2.3%): Executor task launch worker for task 4.0 in stage 338.0 (TID 839)
[2026-04-03T02:17:51.116+0600][33.017s][info][gc,stats    ]      11 of   536 ms (  2.1%): Executor task launch worker for task 7.0 in stage 338.0 (TID 842)
[2026-04-03T02:17:51.116+0600][33.017s][info][gc,stats    ]      14 of   536 ms (  2.5%): Executor task launch worker for task 5.0 in stage 338.0 (TID 840)
[2026-04-03T02:17:51.116+0600][33.017s][info][gc,stats    ]      21 of   536 ms (  4.0%): Executor task launch worker for task 3.0 in stage 338.0 (TID 838)
[2026-04-03T02:17:51.116+0600][33.017s][info][gc,stats    ]      10 of   536 ms (  1.9%): task-result-getter-1
[2026-04-03T02:17:51.116+0600][33.017s][info][gc,stats    ]     180 of   536 ms ( 33.7%): <total>
[2026-04-03T02:17:51.116+0600][33.017s][info][gc,stats    ]       1 of   536 ms (  0.1%): <average total>
[2026-04-03T02:17:51.116+0600][33.017s][info][gc,stats    ]      13 of   536 ms (  2.4%): <average non-zero>
[2026-04-03T02:17:51.116+0600][33.017s][info][gc,stats    ] 
[2026-04-03T02:17:51.116+0600][33.018s][info][gc,metaspace] Metaspace: 130001K(131200K)->130022K(131200K) NonClass: 113545K(114176K)->113565K(114176K) Class: 16456K(17024K)->16456K(17024K)
[2026-04-03T02:17:51.116+0600][33.018s][info][gc,ergo     ] Pacer for Idle. Initial: 15360K, Alloc Tax Rate: 1.0x
[2026-04-03T02:17:51.620+0600][33.521s][info][gc          ] Trigger: Average GC time (211.87 ms) is above the time for average allocation rate (646 MB/s) to deplete free headroom (136M) (margin of error = 1.82)
[2026-04-03T02:17:51.620+0600][33.521s][info][gc,ergo     ] Free headroom: 174M (free) - 38400K (spike) - 0B (penalties) = 136M
[2026-04-03T02:17:51.621+0600][33.522s][info][gc,ergo     ] Free: 173M, Max: 256K regular, 90112K humongous, Frag: 50% external, 1% internal; Reserve: 38400K, Max: 256K
[2026-04-03T02:17:51.621+0600][33.522s][info][gc,start    ] GC(26) Concurrent reset
[2026-04-03T02:17:51.621+0600][33.522s][info][gc,task     ] GC(26) Using 3 of 6 workers for concurrent reset
[2026-04-03T02:17:51.621+0600][33.522s][info][gc,ergo     ] GC(26) Pacer for Reset. Non-Taxable: 750M
[2026-04-03T02:17:51.622+0600][33.524s][info][gc          ] GC(26) Concurrent reset 1.742ms
[2026-04-03T02:17:51.623+0600][33.524s][info][gc,start    ] GC(26) Pause Init Mark (unload classes)
[2026-04-03T02:17:51.623+0600][33.524s][info][gc,task     ] GC(26) Using 6 of 6 workers for init marking
[2026-04-03T02:17:51.623+0600][33.524s][info][gc,ergo     ] GC(26) Pacer for Mark. Expected Live: 86618K, Free: 171M, Non-Taxable: 17573K, Alloc Tax Rate: 0.6x
[2026-04-03T02:17:51.623+0600][33.524s][info][gc          ] GC(26) Pause Init Mark (unload classes) 0.161ms
[2026-04-03T02:17:51.623+0600][33.524s][info][gc,start    ] GC(26) Concurrent marking roots
[2026-04-03T02:17:51.623+0600][33.524s][info][gc,task     ] GC(26) Using 3 of 6 workers for concurrent marking roots
[2026-04-03T02:17:51.628+0600][33.529s][info][gc          ] GC(26) Concurrent marking roots 4.493ms
[2026-04-03T02:17:51.628+0600][33.529s][info][gc,start    ] GC(26) Concurrent marking (unload classes)
[2026-04-03T02:17:51.628+0600][33.529s][info][gc,task     ] GC(26) Using 3 of 6 workers for concurrent marking
[2026-04-03T02:17:51.694+0600][33.595s][info][gc          ] GC(26) Concurrent marking (unload classes) 66.325ms
[2026-04-03T02:17:51.694+0600][33.595s][info][gc,start    ] GC(26) Pause Final Mark (unload classes)
[2026-04-03T02:17:51.694+0600][33.595s][info][gc,task     ] GC(26) Using 6 of 6 workers for final marking
[2026-04-03T02:17:51.695+0600][33.596s][info][gc,ergo     ] GC(26) Adaptive CSet Selection. Target Free: 106M, Actual Free: 467M, Max CSet: 32000K, Min Garbage: 0B
[2026-04-03T02:17:51.695+0600][33.596s][info][gc,ergo     ] GC(26) Collectable Garbage: 417M (98%), Immediate: 289M (68%), CSet: 128M (30%)
[2026-04-03T02:17:51.695+0600][33.597s][info][gc,ergo     ] GC(26) Pacer for Evacuation. Used CSet: 134M, Free: 454M, Non-Taxable: 46544K, Alloc Tax Rate: 1.1x
[2026-04-03T02:17:51.695+0600][33.597s][info][gc          ] GC(26) Pause Final Mark (unload classes) 1.163ms
[2026-04-03T02:17:51.696+0600][33.597s][info][gc,start    ] GC(26) Concurrent thread roots
[2026-04-03T02:17:51.696+0600][33.597s][info][gc,task     ] GC(26) Using 3 of 6 workers for Concurrent thread roots
[2026-04-03T02:17:51.703+0600][33.604s][info][gc          ] GC(26) Concurrent thread roots 7.103ms
[2026-04-03T02:17:51.703+0600][33.604s][info][gc,start    ] GC(26) Concurrent weak references
[2026-04-03T02:17:51.703+0600][33.604s][info][gc,task     ] GC(26) Using 3 of 6 workers for concurrent weak references
[2026-04-03T02:17:51.704+0600][33.605s][info][gc,ref      ] GC(26) Encountered references: Soft: 3870, Weak: 16393, Final: 84, Phantom: 621
[2026-04-03T02:17:51.704+0600][33.605s][info][gc,ref      ] GC(26) Discovered  references: Soft: 0, Weak: 7358, Final: 0, Phantom: 577
[2026-04-03T02:17:51.704+0600][33.605s][info][gc,ref      ] GC(26) Enqueued    references: Soft: 0, Weak: 1717, Final: 0, Phantom: 0
[2026-04-03T02:17:51.704+0600][33.605s][info][gc          ] GC(26) Concurrent weak references 1.175ms
[2026-04-03T02:17:51.704+0600][33.605s][info][gc,start    ] GC(26) Concurrent weak roots
[2026-04-03T02:17:51.704+0600][33.605s][info][gc,task     ] GC(26) Using 3 of 6 workers for concurrent weak root
[2026-04-03T02:17:51.713+0600][33.614s][info][gc          ] GC(26) Concurrent weak roots 8.467ms
[2026-04-03T02:17:51.713+0600][33.614s][info][gc,start    ] GC(26) Concurrent cleanup
[2026-04-03T02:17:51.714+0600][33.615s][info][gc          ] GC(26) Concurrent cleanup 554M->266M(621M) 0.963ms
[2026-04-03T02:17:51.714+0600][33.615s][info][gc,ergo     ] GC(26) Free: 442M, Max: 256K regular, 67840K humongous, Frag: 86% external, 0% internal; Reserve: 38186K, Max: 256K
[2026-04-03T02:17:51.714+0600][33.615s][info][gc,start    ] GC(26) Concurrent class unloading
[2026-04-03T02:17:51.714+0600][33.615s][info][gc,task     ] GC(26) Using 3 of 6 workers for concurrent class unloading
[2026-04-03T02:17:51.752+0600][33.654s][info][gc          ] GC(26) Concurrent class unloading 38.707ms
[2026-04-03T02:17:51.753+0600][33.654s][info][gc,start    ] GC(26) Concurrent strong roots
[2026-04-03T02:17:51.753+0600][33.654s][info][gc,task     ] GC(26) Using 3 of 6 workers for concurrent strong root
[2026-04-03T02:17:51.755+0600][33.656s][info][gc          ] GC(26) Concurrent strong roots 2.285ms
[2026-04-03T02:17:51.755+0600][33.656s][info][gc,start    ] GC(26) Concurrent evacuation
[2026-04-03T02:17:51.755+0600][33.656s][info][gc,task     ] GC(26) Using 3 of 6 workers for concurrent evacuation
[2026-04-03T02:17:51.764+0600][33.665s][info][gc          ] GC(26) Concurrent evacuation 9.390ms
[2026-04-03T02:17:51.765+0600][33.666s][info][gc,start    ] GC(26) Pause Init Update Refs
[2026-04-03T02:17:51.765+0600][33.666s][info][gc,ergo     ] GC(26) Pacer for Update Refs. Used: 307M, Free: 407M, Non-Taxable: 41738K, Alloc Tax Rate: 1.1x
[2026-04-03T02:17:51.765+0600][33.666s][info][gc          ] GC(26) Pause Init Update Refs 0.222ms
[2026-04-03T02:17:51.765+0600][33.666s][info][gc,start    ] GC(26) Concurrent update references
[2026-04-03T02:17:51.765+0600][33.666s][info][gc,task     ] GC(26) Using 3 of 6 workers for concurrent reference update
[2026-04-03T02:17:51.831+0600][33.732s][info][gc          ] GC(26) Concurrent update references 65.571ms
[2026-04-03T02:17:51.831+0600][33.732s][info][gc,start    ] GC(26) Concurrent update thread roots
[2026-04-03T02:17:51.832+0600][33.733s][info][gc          ] GC(26) Concurrent update thread roots 1.430ms
[2026-04-03T02:17:51.832+0600][33.734s][info][gc,start    ] GC(26) Pause Final Update Refs
[2026-04-03T02:17:51.833+0600][33.734s][info][gc,task     ] GC(26) Using 6 of 6 workers for final reference update
[2026-04-03T02:17:51.833+0600][33.734s][info][gc          ] GC(26) Pause Final Update Refs 0.204ms
[2026-04-03T02:17:51.833+0600][33.734s][info][gc,start    ] GC(26) Concurrent cleanup
[2026-04-03T02:17:51.833+0600][33.734s][info][gc          ] GC(26) Concurrent cleanup 358M->224M(623M) 0.619ms
[2026-04-03T02:17:51.833+0600][33.735s][info][gc,ergo     ] Free: 482M, Max: 256K regular, 200M humongous, Frag: 59% external, 0% internal; Reserve: 38400K, Max: 256K
[2026-04-03T02:17:51.833+0600][33.735s][info][gc,stats    ] 
[2026-04-03T02:17:51.834+0600][33.735s][info][gc,stats    ] All times are wall-clock times, except per-root-class counters, that are sum over
[2026-04-03T02:17:51.834+0600][33.735s][info][gc,stats    ] all workers. Dividing the <total> over the root stage time estimates parallelism.
[2026-04-03T02:17:51.834+0600][33.735s][info][gc,stats    ] 
[2026-04-03T02:17:51.834+0600][33.735s][info][gc,stats    ] Concurrent Reset                   1789 us
[2026-04-03T02:17:51.834+0600][33.735s][info][gc,stats    ] Pause Init Mark (G)                 638 us
[2026-04-03T02:17:51.834+0600][33.735s][info][gc,stats    ] Pause Init Mark (N)                 171 us
[2026-04-03T02:17:51.834+0600][33.735s][info][gc,stats    ]   Update Region States               33 us
[2026-04-03T02:17:51.834+0600][33.735s][info][gc,stats    ] Concurrent Mark Roots              4559 us, parallelism: 1.03x
[2026-04-03T02:17:51.834+0600][33.735s][info][gc,stats    ]   CMR: <total>                     4698 us
[2026-04-03T02:17:51.834+0600][33.735s][info][gc,stats    ]   CMR: Thread Roots                4186 us, workers (us): 3564, 471, 152, ---, ---, ---, 
[2026-04-03T02:17:51.834+0600][33.735s][info][gc,stats    ]   CMR: VM Strong Roots               55 us, workers (us):  53,   1,   1, ---, ---, ---, 
[2026-04-03T02:17:51.834+0600][33.735s][info][gc,stats    ]   CMR: CLDG Roots                   457 us, workers (us): 457, ---, ---, ---, ---, ---, 
[2026-04-03T02:17:51.834+0600][33.735s][info][gc,stats    ] Concurrent Marking                66425 us
[2026-04-03T02:17:51.834+0600][33.735s][info][gc,stats    ] Pause Final Mark (G)               1619 us
[2026-04-03T02:17:51.834+0600][33.735s][info][gc,stats    ] Pause Final Mark (N)               1177 us
[2026-04-03T02:17:51.834+0600][33.735s][info][gc,stats    ]   Finish Mark                       315 us
[2026-04-03T02:17:51.834+0600][33.735s][info][gc,stats    ]   Update Region States              169 us
[2026-04-03T02:17:51.834+0600][33.735s][info][gc,stats    ]   Choose Collection Set             433 us
[2026-04-03T02:17:51.834+0600][33.735s][info][gc,stats    ]   Rebuild Free Set                   48 us
[2026-04-03T02:17:51.834+0600][33.735s][info][gc,stats    ] Concurrent Thread Roots            7204 us, parallelism: 1.70x
[2026-04-03T02:17:51.834+0600][33.735s][info][gc,stats    ]   CTR: <total>                    12245 us
[2026-04-03T02:17:51.834+0600][33.735s][info][gc,stats    ]   CTR: Thread Roots               12245 us, workers (us): 2785, 6903, 2557, ---, ---, ---, 
[2026-04-03T02:17:51.834+0600][33.735s][info][gc,stats    ] Concurrent Weak References         1189 us, parallelism: 1.14x
[2026-04-03T02:17:51.834+0600][33.735s][info][gc,stats    ]   CWRF: <total>                    1353 us
[2026-04-03T02:17:51.834+0600][33.735s][info][gc,stats    ]   CWRF: Weak References            1353 us, workers (us): 945, 202, 207, ---, ---, ---, 
[2026-04-03T02:17:51.834+0600][33.735s][info][gc,stats    ] Concurrent Weak Roots              8565 us
[2026-04-03T02:17:51.834+0600][33.735s][info][gc,stats    ]   Roots                            8072 us, parallelism: 2.22x
[2026-04-03T02:17:51.834+0600][33.735s][info][gc,stats    ]     CWR: <total>                  17882 us
[2026-04-03T02:17:51.834+0600][33.735s][info][gc,stats    ]     CWR: Code Cache Roots         14626 us, workers (us): 4330, 4585, 5712, ---, ---, ---, 
[2026-04-03T02:17:51.834+0600][33.735s][info][gc,stats    ]     CWR: VM Weak Roots             3009 us, workers (us): 1355, 1350, 304, ---, ---, ---, 
[2026-04-03T02:17:51.834+0600][33.735s][info][gc,stats    ]     CWR: CLDG Roots                 248 us, workers (us): 248, ---, ---, ---, ---, ---, 
[2026-04-03T02:17:51.834+0600][33.735s][info][gc,stats    ]   Rendezvous                        364 us
[2026-04-03T02:17:51.834+0600][33.735s][info][gc,stats    ] Concurrent Cleanup                 1004 us
[2026-04-03T02:17:51.834+0600][33.735s][info][gc,stats    ] Concurrent Class Unloading        38822 us
[2026-04-03T02:17:51.834+0600][33.735s][info][gc,stats    ]   Unlink Stale                    29553 us
[2026-04-03T02:17:51.834+0600][33.735s][info][gc,stats    ]     System Dictionary               284 us
[2026-04-03T02:17:51.834+0600][33.735s][info][gc,stats    ]     Weak Class Links                  1 us
[2026-04-03T02:17:51.834+0600][33.735s][info][gc,stats    ]     Code Roots                    29265 us
[2026-04-03T02:17:51.834+0600][33.735s][info][gc,stats    ]   Rendezvous                        877 us
[2026-04-03T02:17:51.834+0600][33.735s][info][gc,stats    ]   Purge Unlinked                   8238 us
[2026-04-03T02:17:51.834+0600][33.735s][info][gc,stats    ]     Code Roots                     8204 us
[2026-04-03T02:17:51.834+0600][33.735s][info][gc,stats    ]     CLDG                             32 us
[2026-04-03T02:17:51.834+0600][33.735s][info][gc,stats    ]     Exception Caches                  0 us
[2026-04-03T02:17:51.834+0600][33.735s][info][gc,stats    ] Concurrent Strong Roots            2379 us, parallelism: 0.45x
[2026-04-03T02:17:51.834+0600][33.735s][info][gc,stats    ]   CSR: <total>                     1069 us
[2026-04-03T02:17:51.834+0600][33.735s][info][gc,stats    ]   CSR: VM Strong Roots               67 us, workers (us):  47,  19,   0, ---, ---, ---, 
[2026-04-03T02:17:51.834+0600][33.735s][info][gc,stats    ]   CSR: CLDG Roots                  1002 us, workers (us): 1002, ---, ---, ---, ---, ---, 
[2026-04-03T02:17:51.834+0600][33.735s][info][gc,stats    ] Concurrent Evacuation              9501 us
[2026-04-03T02:17:51.834+0600][33.735s][info][gc,stats    ] Pause Init Update Refs (G)          685 us
[2026-04-03T02:17:51.834+0600][33.735s][info][gc,stats    ] Pause Init Update Refs (N)          241 us
[2026-04-03T02:17:51.834+0600][33.735s][info][gc,stats    ]   Manage GCLABs                      80 us
[2026-04-03T02:17:51.834+0600][33.735s][info][gc,stats    ] Concurrent Update Refs            65659 us
[2026-04-03T02:17:51.834+0600][33.736s][info][gc,stats    ] Concurrent Update Thread Roots     1479 us
[2026-04-03T02:17:51.834+0600][33.736s][info][gc,stats    ] Pause Final Update Refs (G)         436 us
[2026-04-03T02:17:51.834+0600][33.736s][info][gc,stats    ] Pause Final Update Refs (N)         246 us
[2026-04-03T02:17:51.834+0600][33.736s][info][gc,stats    ]   Update Region States               61 us
[2026-04-03T02:17:51.834+0600][33.736s][info][gc,stats    ]   Trash Collection Set               23 us
[2026-04-03T02:17:51.834+0600][33.736s][info][gc,stats    ]   Rebuild Free Set                   50 us
[2026-04-03T02:17:51.834+0600][33.736s][info][gc,stats    ] Concurrent Cleanup                  642 us
[2026-04-03T02:17:51.834+0600][33.736s][info][gc,stats    ] Pacing                            52404 us
[2026-04-03T02:17:51.835+0600][33.736s][info][gc,stats    ] 
[2026-04-03T02:17:51.835+0600][33.736s][info][gc,stats    ] Allocation pacing accrued:
[2026-04-03T02:17:51.835+0600][33.736s][info][gc,stats    ]       6 of   718 ms (  0.8%): Executor task launch worker for task 0.0 in stage 444.0 (TID 891)
[2026-04-03T02:17:51.835+0600][33.736s][info][gc,stats    ]       7 of   718 ms (  1.0%): Executor task launch worker for task 5.0 in stage 444.0 (TID 896)
[2026-04-03T02:17:51.835+0600][33.736s][info][gc,stats    ]       8 of   718 ms (  1.1%): Executor task launch worker for task 3.0 in stage 444.0 (TID 894)
[2026-04-03T02:17:51.835+0600][33.736s][info][gc,stats    ]       8 of   718 ms (  1.1%): Executor task launch worker for task 7.0 in stage 444.0 (TID 898)
[2026-04-03T02:17:51.835+0600][33.736s][info][gc,stats    ]       6 of   718 ms (  0.9%): Executor task launch worker for task 6.0 in stage 444.0 (TID 897)
[2026-04-03T02:17:51.835+0600][33.736s][info][gc,stats    ]       7 of   718 ms (  1.0%): Executor task launch worker for task 1.0 in stage 444.0 (TID 892)
[2026-04-03T02:17:51.835+0600][33.736s][info][gc,stats    ]       6 of   718 ms (  0.9%): Executor task launch worker for task 2.0 in stage 444.0 (TID 893)
[2026-04-03T02:17:51.835+0600][33.736s][info][gc,stats    ]       5 of   718 ms (  0.6%): Executor task launch worker for task 4.0 in stage 444.0 (TID 895)
[2026-04-03T02:17:51.835+0600][33.736s][info][gc,stats    ]      52 of   718 ms (  7.3%): <total>
[2026-04-03T02:17:51.835+0600][33.736s][info][gc,stats    ]       0 of   718 ms (  0.0%): <average total>
[2026-04-03T02:17:51.835+0600][33.736s][info][gc,stats    ]       7 of   718 ms (  0.9%): <average non-zero>
[2026-04-03T02:17:51.835+0600][33.736s][info][gc,stats    ] 
[2026-04-03T02:17:51.835+0600][33.736s][info][gc,metaspace] Metaspace: 130091K(131264K)->130121K(131328K) NonClass: 113627K(114240K)->113657K(114304K) Class: 16463K(17024K)->16464K(17024K)
[2026-04-03T02:17:51.835+0600][33.736s][info][gc,ergo     ] Pacer for Idle. Initial: 15360K, Alloc Tax Rate: 1.0x
[2026-04-03T02:17:52.095+0600][33.996s][info][gc          ] Trigger: Average GC time (236.93 ms) is above the time for average allocation rate (638 MB/s) to deplete free headroom (148M) (margin of error = 1.83)
[2026-04-03T02:17:52.095+0600][33.996s][info][gc,ergo     ] Free headroom: 186M (free) - 38400K (spike) - 0B (penalties) = 148M
[2026-04-03T02:17:52.095+0600][33.996s][info][gc,ergo     ] Free: 186M, Max: 256K regular, 67840K humongous, Frag: 65% external, 1% internal; Reserve: 38400K, Max: 256K
[2026-04-03T02:17:52.095+0600][33.996s][info][gc,start    ] GC(27) Concurrent reset
[2026-04-03T02:17:52.095+0600][33.996s][info][gc,task     ] GC(27) Using 3 of 6 workers for concurrent reset
[2026-04-03T02:17:52.095+0600][33.996s][info][gc,ergo     ] GC(27) Pacer for Reset. Non-Taxable: 750M
[2026-04-03T02:17:52.096+0600][33.997s][info][gc          ] GC(27) Concurrent reset 1.187ms
[2026-04-03T02:17:52.096+0600][33.997s][info][gc,start    ] GC(27) Pause Init Mark (unload classes)
[2026-04-03T02:17:52.096+0600][33.997s][info][gc,task     ] GC(27) Using 6 of 6 workers for init marking
[2026-04-03T02:17:52.096+0600][33.997s][info][gc,ergo     ] GC(27) Pacer for Mark. Expected Live: 87870K, Free: 185M, Non-Taxable: 19019K, Alloc Tax Rate: 0.6x
[2026-04-03T02:17:52.096+0600][33.997s][info][gc          ] GC(27) Pause Init Mark (unload classes) 0.153ms
[2026-04-03T02:17:52.097+0600][33.998s][info][gc,start    ] GC(27) Concurrent marking roots
[2026-04-03T02:17:52.097+0600][33.998s][info][gc,task     ] GC(27) Using 3 of 6 workers for concurrent marking roots
[2026-04-03T02:17:52.098+0600][33.999s][info][gc          ] GC(27) Concurrent marking roots 1.528ms
[2026-04-03T02:17:52.098+0600][33.999s][info][gc,start    ] GC(27) Concurrent marking (unload classes)
[2026-04-03T02:17:52.098+0600][33.999s][info][gc,task     ] GC(27) Using 3 of 6 workers for concurrent marking
[2026-04-03T02:17:52.145+0600][34.046s][info][gc          ] GC(27) Concurrent marking (unload classes) 47.014ms
[2026-04-03T02:17:52.145+0600][34.046s][info][gc,start    ] GC(27) Pause Final Mark (unload classes)
[2026-04-03T02:17:52.145+0600][34.047s][info][gc,task     ] GC(27) Using 6 of 6 workers for final marking
[2026-04-03T02:17:52.146+0600][34.047s][info][gc,ergo     ] GC(27) Adaptive CSet Selection. Target Free: 106M, Actual Free: 534M, Max CSet: 32000K, Min Garbage: 0B
[2026-04-03T02:17:52.146+0600][34.047s][info][gc,ergo     ] GC(27) Collectable Garbage: 410M (98%), Immediate: 363M (86%), CSet: 48075K (11%)
[2026-04-03T02:17:52.146+0600][34.047s][info][gc,ergo     ] GC(27) Pacer for Evacuation. Used CSet: 53443K, Free: 517M, Non-Taxable: 52964K, Alloc Tax Rate: 1.1x
[2026-04-03T02:17:52.146+0600][34.047s][info][gc          ] GC(27) Pause Final Mark (unload classes) 0.774ms
[2026-04-03T02:17:52.146+0600][34.047s][info][gc,start    ] GC(27) Concurrent thread roots
[2026-04-03T02:17:52.146+0600][34.048s][info][gc,task     ] GC(27) Using 3 of 6 workers for Concurrent thread roots
[2026-04-03T02:17:52.147+0600][34.049s][info][gc          ] GC(27) Concurrent thread roots 1.098ms
[2026-04-03T02:17:52.147+0600][34.049s][info][gc,start    ] GC(27) Concurrent weak references
[2026-04-03T02:17:52.148+0600][34.049s][info][gc,task     ] GC(27) Using 3 of 6 workers for concurrent weak references
[2026-04-03T02:17:52.149+0600][34.050s][info][gc,ref      ] GC(27) Encountered references: Soft: 3868, Weak: 15152, Final: 84, Phantom: 636
[2026-04-03T02:17:52.149+0600][34.050s][info][gc,ref      ] GC(27) Discovered  references: Soft: 0, Weak: 9013, Final: 84, Phantom: 595
[2026-04-03T02:17:52.149+0600][34.050s][info][gc,ref      ] GC(27) Enqueued    references: Soft: 0, Weak: 600, Final: 0, Phantom: 0
[2026-04-03T02:17:52.149+0600][34.050s][info][gc          ] GC(27) Concurrent weak references 1.179ms
[2026-04-03T02:17:52.149+0600][34.050s][info][gc,start    ] GC(27) Concurrent weak roots
[2026-04-03T02:17:52.149+0600][34.050s][info][gc,task     ] GC(27) Using 3 of 6 workers for concurrent weak root
[2026-04-03T02:17:52.154+0600][34.055s][info][gc          ] GC(27) Concurrent weak roots 5.265ms
[2026-04-03T02:17:52.154+0600][34.055s][info][gc,start    ] GC(27) Concurrent cleanup
[2026-04-03T02:17:52.155+0600][34.056s][info][gc          ] GC(27) Concurrent cleanup 567M->208M(623M) 0.996ms
[2026-04-03T02:17:52.155+0600][34.056s][info][gc,ergo     ] GC(27) Free: 498M, Max: 256K regular, 54784K humongous, Frag: 90% external, 0% internal; Reserve: 37799K, Max: 256K
[2026-04-03T02:17:52.155+0600][34.056s][info][gc,start    ] GC(27) Concurrent class unloading
[2026-04-03T02:17:52.155+0600][34.056s][info][gc,task     ] GC(27) Using 3 of 6 workers for concurrent class unloading
[2026-04-03T02:17:52.174+0600][34.075s][info][gc          ] GC(27) Concurrent class unloading 18.355ms
[2026-04-03T02:17:52.174+0600][34.075s][info][gc,start    ] GC(27) Concurrent strong roots
[2026-04-03T02:17:52.174+0600][34.075s][info][gc,task     ] GC(27) Using 3 of 6 workers for concurrent strong root
[2026-04-03T02:17:52.175+0600][34.076s][info][gc          ] GC(27) Concurrent strong roots 1.482ms
[2026-04-03T02:17:52.175+0600][34.076s][info][gc,start    ] GC(27) Concurrent evacuation
[2026-04-03T02:17:52.175+0600][34.076s][info][gc,task     ] GC(27) Using 3 of 6 workers for concurrent evacuation
[2026-04-03T02:17:52.179+0600][34.080s][info][gc          ] GC(27) Concurrent evacuation 3.659ms
[2026-04-03T02:17:52.179+0600][34.081s][info][gc,start    ] GC(27) Pause Init Update Refs
[2026-04-03T02:17:52.180+0600][34.081s][info][gc,ergo     ] GC(27) Pacer for Update Refs. Used: 258M, Free: 451M, Non-Taxable: 46205K, Alloc Tax Rate: 1.1x
[2026-04-03T02:17:52.180+0600][34.081s][info][gc          ] GC(27) Pause Init Update Refs 0.184ms
[2026-04-03T02:17:52.180+0600][34.081s][info][gc,start    ] GC(27) Concurrent update references
[2026-04-03T02:17:52.180+0600][34.081s][info][gc,task     ] GC(27) Using 3 of 6 workers for concurrent reference update
[2026-04-03T02:17:52.222+0600][34.124s][info][gc          ] GC(27) Concurrent update references 42.677ms
[2026-04-03T02:17:52.223+0600][34.124s][info][gc,start    ] GC(27) Concurrent update thread roots
[2026-04-03T02:17:52.224+0600][34.125s][info][gc          ] GC(27) Concurrent update thread roots 1.608ms
[2026-04-03T02:17:52.224+0600][34.125s][info][gc,start    ] GC(27) Pause Final Update Refs
[2026-04-03T02:17:52.225+0600][34.126s][info][gc,task     ] GC(27) Using 6 of 6 workers for final reference update
[2026-04-03T02:17:52.225+0600][34.126s][info][gc          ] GC(27) Pause Final Update Refs 0.282ms
[2026-04-03T02:17:52.225+0600][34.126s][info][gc,start    ] GC(27) Concurrent cleanup
[2026-04-03T02:17:52.226+0600][34.127s][info][gc          ] GC(27) Concurrent cleanup 326M->274M(624M) 0.678ms
[2026-04-03T02:17:52.226+0600][34.127s][info][gc,ergo     ] Free: 425M, Max: 256K regular, 188M humongous, Frag: 56% external, 0% internal; Reserve: 38400K, Max: 256K
[2026-04-03T02:17:52.226+0600][34.127s][info][gc,stats    ] 
[2026-04-03T02:17:52.226+0600][34.127s][info][gc,stats    ] All times are wall-clock times, except per-root-class counters, that are sum over
[2026-04-03T02:17:52.226+0600][34.127s][info][gc,stats    ] all workers. Dividing the <total> over the root stage time estimates parallelism.
[2026-04-03T02:17:52.226+0600][34.127s][info][gc,stats    ] 
[2026-04-03T02:17:52.226+0600][34.127s][info][gc,stats    ] Concurrent Reset                   1262 us
[2026-04-03T02:17:52.226+0600][34.127s][info][gc,stats    ] Pause Init Mark (G)                 553 us
[2026-04-03T02:17:52.226+0600][34.127s][info][gc,stats    ] Pause Init Mark (N)                 161 us
[2026-04-03T02:17:52.226+0600][34.127s][info][gc,stats    ]   Update Region States               42 us
[2026-04-03T02:17:52.226+0600][34.127s][info][gc,stats    ] Concurrent Mark Roots              1559 us, parallelism: 2.05x
[2026-04-03T02:17:52.226+0600][34.127s][info][gc,stats    ]   CMR: <total>                     3191 us
[2026-04-03T02:17:52.226+0600][34.127s][info][gc,stats    ]   CMR: Thread Roots                2761 us, workers (us): 1059, 659, 1043, ---, ---, ---, 
[2026-04-03T02:17:52.226+0600][34.127s][info][gc,stats    ]   CMR: VM Strong Roots               46 us, workers (us):  25,  20,   1, ---, ---, ---, 
[2026-04-03T02:17:52.226+0600][34.127s][info][gc,stats    ]   CMR: CLDG Roots                   383 us, workers (us): ---, 383, ---, ---, ---, ---, 
[2026-04-03T02:17:52.226+0600][34.127s][info][gc,stats    ] Concurrent Marking                47092 us
[2026-04-03T02:17:52.226+0600][34.127s][info][gc,stats    ] Pause Final Mark (G)               1167 us
[2026-04-03T02:17:52.226+0600][34.127s][info][gc,stats    ] Pause Final Mark (N)                785 us
[2026-04-03T02:17:52.226+0600][34.127s][info][gc,stats    ]   Finish Mark                       299 us
[2026-04-03T02:17:52.226+0600][34.127s][info][gc,stats    ]   Update Region States               51 us
[2026-04-03T02:17:52.226+0600][34.127s][info][gc,stats    ]   Choose Collection Set             234 us
[2026-04-03T02:17:52.226+0600][34.127s][info][gc,stats    ]   Rebuild Free Set                   44 us
[2026-04-03T02:17:52.226+0600][34.127s][info][gc,stats    ] Concurrent Thread Roots            1148 us, parallelism: 2.14x
[2026-04-03T02:17:52.226+0600][34.127s][info][gc,stats    ]   CTR: <total>                     2454 us
[2026-04-03T02:17:52.226+0600][34.127s][info][gc,stats    ]   CTR: Thread Roots                2454 us, workers (us): 820, 811, 823, ---, ---, ---, 
[2026-04-03T02:17:52.226+0600][34.127s][info][gc,stats    ] Concurrent Weak References         1211 us, parallelism: 1.01x
[2026-04-03T02:17:52.226+0600][34.127s][info][gc,stats    ]   CWRF: <total>                    1225 us
[2026-04-03T02:17:52.226+0600][34.127s][info][gc,stats    ]   CWRF: Weak References            1225 us, workers (us): 142, 907, 176, ---, ---, ---, 
[2026-04-03T02:17:52.226+0600][34.127s][info][gc,stats    ] Concurrent Weak Roots              5401 us
[2026-04-03T02:17:52.226+0600][34.127s][info][gc,stats    ]   Roots                            4739 us, parallelism: 2.73x
[2026-04-03T02:17:52.226+0600][34.127s][info][gc,stats    ]     CWR: <total>                  12959 us
[2026-04-03T02:17:52.226+0600][34.127s][info][gc,stats    ]     CWR: Code Cache Roots         10719 us, workers (us): 3381, 3698, 3641, ---, ---, ---, 
[2026-04-03T02:17:52.226+0600][34.127s][info][gc,stats    ]     CWR: VM Weak Roots             2001 us, workers (us): 697, 663, 640, ---, ---, ---, 
[2026-04-03T02:17:52.226+0600][34.127s][info][gc,stats    ]     CWR: CLDG Roots                 239 us, workers (us): 239, ---, ---, ---, ---, ---, 
[2026-04-03T02:17:52.226+0600][34.127s][info][gc,stats    ]   Rendezvous                        493 us
[2026-04-03T02:17:52.226+0600][34.127s][info][gc,stats    ] Concurrent Cleanup                 1049 us
[2026-04-03T02:17:52.226+0600][34.127s][info][gc,stats    ] Concurrent Class Unloading        18464 us
[2026-04-03T02:17:52.226+0600][34.127s][info][gc,stats    ]   Unlink Stale                    16203 us
[2026-04-03T02:17:52.226+0600][34.127s][info][gc,stats    ]     System Dictionary               304 us
[2026-04-03T02:17:52.226+0600][34.127s][info][gc,stats    ]     Weak Class Links                  1 us
[2026-04-03T02:17:52.226+0600][34.127s][info][gc,stats    ]     Code Roots                    15893 us
[2026-04-03T02:17:52.226+0600][34.127s][info][gc,stats    ]   Rendezvous                        508 us
[2026-04-03T02:17:52.226+0600][34.127s][info][gc,stats    ]   Purge Unlinked                   1602 us
[2026-04-03T02:17:52.226+0600][34.127s][info][gc,stats    ]     Code Roots                     1587 us
[2026-04-03T02:17:52.226+0600][34.127s][info][gc,stats    ]     CLDG                             14 us
[2026-04-03T02:17:52.226+0600][34.127s][info][gc,stats    ]     Exception Caches                  0 us
[2026-04-03T02:17:52.226+0600][34.127s][info][gc,stats    ] Concurrent Strong Roots            1530 us, parallelism: 0.73x
[2026-04-03T02:17:52.226+0600][34.127s][info][gc,stats    ]   CSR: <total>                     1117 us
[2026-04-03T02:17:52.226+0600][34.127s][info][gc,stats    ]   CSR: VM Strong Roots               48 us, workers (us):  37,  11,   0, ---, ---, ---, 
[2026-04-03T02:17:52.226+0600][34.127s][info][gc,stats    ]   CSR: CLDG Roots                  1069 us, workers (us): ---, 1069, ---, ---, ---, ---, 
[2026-04-03T02:17:52.226+0600][34.127s][info][gc,stats    ] Concurrent Evacuation              3763 us
[2026-04-03T02:17:52.226+0600][34.127s][info][gc,stats    ] Pause Init Update Refs (G)          740 us
[2026-04-03T02:17:52.226+0600][34.127s][info][gc,stats    ] Pause Init Update Refs (N)          199 us
[2026-04-03T02:17:52.226+0600][34.128s][info][gc,stats    ]   Manage GCLABs                      35 us
[2026-04-03T02:17:52.226+0600][34.128s][info][gc,stats    ] Concurrent Update Refs            42803 us
[2026-04-03T02:17:52.226+0600][34.128s][info][gc,stats    ] Concurrent Update Thread Roots     1698 us
[2026-04-03T02:17:52.226+0600][34.128s][info][gc,stats    ] Pause Final Update Refs (G)         616 us
[2026-04-03T02:17:52.226+0600][34.128s][info][gc,stats    ] Pause Final Update Refs (N)         336 us
[2026-04-03T02:17:52.226+0600][34.128s][info][gc,stats    ]   Update Region States               72 us
[2026-04-03T02:17:52.226+0600][34.128s][info][gc,stats    ]   Trash Collection Set               18 us
[2026-04-03T02:17:52.226+0600][34.128s][info][gc,stats    ]   Rebuild Free Set                   43 us
[2026-04-03T02:17:52.226+0600][34.128s][info][gc,stats    ] Concurrent Cleanup                  727 us
[2026-04-03T02:17:52.227+0600][34.128s][info][gc,stats    ] Pacing                           322444 us
[2026-04-03T02:17:52.227+0600][34.128s][info][gc,stats    ] 
[2026-04-03T02:17:52.227+0600][34.128s][info][gc,stats    ] Allocation pacing accrued:
[2026-04-03T02:17:52.227+0600][34.128s][info][gc,stats    ]      11 of   392 ms (  2.9%): dispatcher-BlockManagerEndpoint1
[2026-04-03T02:17:52.227+0600][34.128s][info][gc,stats    ]      57 of   392 ms ( 14.7%): Executor task launch worker for task 3.0 in stage 455.0 (TID 916)
[2026-04-03T02:17:52.227+0600][34.128s][info][gc,stats    ]      57 of   392 ms ( 14.5%): Executor task launch worker for task 1.0 in stage 455.0 (TID 914)
[2026-04-03T02:17:52.227+0600][34.128s][info][gc,stats    ]      70 of   392 ms ( 17.8%): Executor task launch worker for task 0.0 in stage 455.0 (TID 913)
[2026-04-03T02:17:52.227+0600][34.128s][info][gc,stats    ]      67 of   392 ms ( 17.0%): Executor task launch worker for task 2.0 in stage 455.0 (TID 915)
[2026-04-03T02:17:52.227+0600][34.128s][info][gc,stats    ]      20 of   392 ms (  5.0%): block-manager-storage-async-thread-pool-90
[2026-04-03T02:17:52.227+0600][34.128s][info][gc,stats    ]      11 of   392 ms (  2.8%): block-manager-storage-async-thread-pool-92
[2026-04-03T02:17:52.227+0600][34.128s][info][gc,stats    ]       9 of   392 ms (  2.4%): block-manager-storage-async-thread-pool-93
[2026-04-03T02:17:52.227+0600][34.128s][info][gc,stats    ]      11 of   392 ms (  2.9%): block-manager-ask-thread-pool-87
[2026-04-03T02:17:52.227+0600][34.128s][info][gc,stats    ]       9 of   392 ms (  2.3%): block-manager-ask-thread-pool-92
[2026-04-03T02:17:52.227+0600][34.128s][info][gc,stats    ]     322 of   392 ms ( 82.3%): <total>
[2026-04-03T02:17:52.227+0600][34.128s][info][gc,stats    ]       1 of   392 ms (  0.3%): <average total>
[2026-04-03T02:17:52.227+0600][34.128s][info][gc,stats    ]      32 of   392 ms (  8.2%): <average non-zero>
[2026-04-03T02:17:52.227+0600][34.128s][info][gc,stats    ] 
[2026-04-03T02:17:52.227+0600][34.128s][info][gc,metaspace] Metaspace: 130133K(131328K)->130152K(131328K) NonClass: 113668K(114304K)->113687K(114304K) Class: 16464K(17024K)->16464K(17024K)
[2026-04-03T02:17:52.227+0600][34.128s][info][gc,ergo     ] Pacer for Idle. Initial: 15360K, Alloc Tax Rate: 1.0x
[2026-04-03T02:17:52.335+0600][34.236s][info][gc          ] Trigger: Average GC time (228.51 ms) is above the time for average allocation rate (954 MB/s) to deplete free headroom (207M) (margin of error = 1.85)
[2026-04-03T02:17:52.335+0600][34.236s][info][gc,ergo     ] Free headroom: 245M (free) - 38400K (spike) - 0B (penalties) = 207M
[2026-04-03T02:17:52.335+0600][34.236s][info][gc,ergo     ] Free: 240M, Max: 256K regular, 70656K humongous, Frag: 72% external, 1% internal; Reserve: 38400K, Max: 256K
[2026-04-03T02:17:52.335+0600][34.236s][info][gc,start    ] GC(28) Concurrent reset
[2026-04-03T02:17:52.335+0600][34.236s][info][gc,task     ] GC(28) Using 3 of 6 workers for concurrent reset
[2026-04-03T02:17:52.335+0600][34.236s][info][gc,ergo     ] GC(28) Pacer for Reset. Non-Taxable: 750M
[2026-04-03T02:17:52.336+0600][34.237s][info][gc          ] GC(28) Concurrent reset 1.302ms
[2026-04-03T02:17:52.337+0600][34.238s][info][gc,start    ] GC(28) Pause Init Mark (unload classes)
[2026-04-03T02:17:52.337+0600][34.238s][info][gc,task     ] GC(28) Using 6 of 6 workers for init marking
[2026-04-03T02:17:52.337+0600][34.238s][info][gc,ergo     ] GC(28) Pacer for Mark. Expected Live: 88604K, Free: 218M, Non-Taxable: 22373K, Alloc Tax Rate: 0.5x
[2026-04-03T02:17:52.337+0600][34.238s][info][gc          ] GC(28) Pause Init Mark (unload classes) 0.202ms
[2026-04-03T02:17:52.337+0600][34.239s][info][gc,start    ] GC(28) Concurrent marking roots
[2026-04-03T02:17:52.337+0600][34.239s][info][gc,task     ] GC(28) Using 3 of 6 workers for concurrent marking roots
[2026-04-03T02:17:52.339+0600][34.240s][info][gc          ] GC(28) Concurrent marking roots 1.628ms
[2026-04-03T02:17:52.339+0600][34.240s][info][gc,start    ] GC(28) Concurrent marking (unload classes)
[2026-04-03T02:17:52.339+0600][34.240s][info][gc,task     ] GC(28) Using 3 of 6 workers for concurrent marking
[2026-04-03T02:17:52.383+0600][34.284s][info][gc          ] GC(28) Concurrent marking (unload classes) 43.842ms
[2026-04-03T02:17:52.384+0600][34.285s][info][gc,start    ] GC(28) Pause Final Mark (unload classes)
[2026-04-03T02:17:52.384+0600][34.285s][info][gc,task     ] GC(28) Using 6 of 6 workers for final marking
[2026-04-03T02:17:52.384+0600][34.285s][info][gc,ergo     ] GC(28) Adaptive CSet Selection. Target Free: 106M, Actual Free: 503M, Max CSet: 32000K, Min Garbage: 0B
[2026-04-03T02:17:52.384+0600][34.285s][info][gc,ergo     ] GC(28) Collectable Garbage: 360M (98%), Immediate: 321M (87%), CSet: 40314K (10%)
[2026-04-03T02:17:52.384+0600][34.286s][info][gc,ergo     ] GC(28) Pacer for Evacuation. Used CSet: 47588K, Free: 489M, Non-Taxable: 50096K, Alloc Tax Rate: 1.1x
[2026-04-03T02:17:52.384+0600][34.286s][info][gc          ] GC(28) Pause Final Mark (unload classes) 0.797ms
[2026-04-03T02:17:52.385+0600][34.286s][info][gc,start    ] GC(28) Concurrent thread roots
[2026-04-03T02:17:52.385+0600][34.286s][info][gc,task     ] GC(28) Using 3 of 6 workers for Concurrent thread roots
[2026-04-03T02:17:52.386+0600][34.287s][info][gc          ] GC(28) Concurrent thread roots 1.472ms
[2026-04-03T02:17:52.386+0600][34.287s][info][gc,start    ] GC(28) Concurrent weak references
[2026-04-03T02:17:52.386+0600][34.287s][info][gc,task     ] GC(28) Using 3 of 6 workers for concurrent weak references
[2026-04-03T02:17:52.387+0600][34.288s][info][gc,ref      ] GC(28) Encountered references: Soft: 3868, Weak: 14736, Final: 84, Phantom: 642
[2026-04-03T02:17:52.387+0600][34.289s][info][gc,ref      ] GC(28) Discovered  references: Soft: 0, Weak: 8762, Final: 84, Phantom: 601
[2026-04-03T02:17:52.387+0600][34.289s][info][gc,ref      ] GC(28) Enqueued    references: Soft: 0, Weak: 251, Final: 0, Phantom: 0
[2026-04-03T02:17:52.387+0600][34.289s][info][gc          ] GC(28) Concurrent weak references 1.311ms
[2026-04-03T02:17:52.387+0600][34.289s][info][gc,start    ] GC(28) Concurrent weak roots
[2026-04-03T02:17:52.387+0600][34.289s][info][gc,task     ] GC(28) Using 3 of 6 workers for concurrent weak root
[2026-04-03T02:17:52.393+0600][34.294s][info][gc          ] GC(28) Concurrent weak roots 5.481ms
[2026-04-03T02:17:52.393+0600][34.294s][info][gc,start    ] GC(28) Concurrent cleanup
[2026-04-03T02:17:52.394+0600][34.295s][info][gc          ] GC(28) Concurrent cleanup 581M->260M(625M) 0.850ms
[2026-04-03T02:17:52.394+0600][34.295s][info][gc,ergo     ] GC(28) Free: 443M, Max: 256K regular, 127M humongous, Frag: 72% external, 0% internal; Reserve: 36352K, Max: 256K
[2026-04-03T02:17:52.394+0600][34.295s][info][gc,start    ] GC(28) Concurrent class unloading
[2026-04-03T02:17:52.394+0600][34.295s][info][gc,task     ] GC(28) Using 3 of 6 workers for concurrent class unloading
[2026-04-03T02:17:52.407+0600][34.308s][info][gc          ] GC(28) Concurrent class unloading 13.263ms
[2026-04-03T02:17:52.407+0600][34.308s][info][gc,start    ] GC(28) Concurrent strong roots
[2026-04-03T02:17:52.407+0600][34.309s][info][gc,task     ] GC(28) Using 3 of 6 workers for concurrent strong root
[2026-04-03T02:17:52.409+0600][34.310s][info][gc          ] GC(28) Concurrent strong roots 1.254ms
[2026-04-03T02:17:52.409+0600][34.310s][info][gc,start    ] GC(28) Concurrent evacuation
[2026-04-03T02:17:52.409+0600][34.310s][info][gc,task     ] GC(28) Using 3 of 6 workers for concurrent evacuation
[2026-04-03T02:17:52.412+0600][34.314s][info][gc          ] GC(28) Concurrent evacuation 3.731ms
[2026-04-03T02:17:52.413+0600][34.314s][info][gc,start    ] GC(28) Pause Init Update Refs
[2026-04-03T02:17:52.413+0600][34.314s][info][gc,ergo     ] GC(28) Pacer for Update Refs. Used: 280M, Free: 429M, Non-Taxable: 43933K, Alloc Tax Rate: 1.1x
[2026-04-03T02:17:52.413+0600][34.314s][info][gc          ] GC(28) Pause Init Update Refs 0.138ms
[2026-04-03T02:17:52.413+0600][34.315s][info][gc,start    ] GC(28) Concurrent update references
[2026-04-03T02:17:52.414+0600][34.315s][info][gc,task     ] GC(28) Using 3 of 6 workers for concurrent reference update
[2026-04-03T02:17:52.453+0600][34.354s][info][gc          ] GC(28) Concurrent update references 39.536ms
[2026-04-03T02:17:52.453+0600][34.354s][info][gc,start    ] GC(28) Concurrent update thread roots
[2026-04-03T02:17:52.455+0600][34.357s][info][gc          ] GC(28) Concurrent update thread roots 2.291ms
[2026-04-03T02:17:52.456+0600][34.357s][info][gc,start    ] GC(28) Pause Final Update Refs
[2026-04-03T02:17:52.456+0600][34.357s][info][gc,task     ] GC(28) Using 6 of 6 workers for final reference update
[2026-04-03T02:17:52.456+0600][34.357s][info][gc          ] GC(28) Pause Final Update Refs 0.341ms
[2026-04-03T02:17:52.456+0600][34.357s][info][gc,start    ] GC(28) Concurrent cleanup
[2026-04-03T02:17:52.457+0600][34.358s][info][gc          ] GC(28) Concurrent cleanup 309M->263M(627M) 0.641ms
[2026-04-03T02:17:52.457+0600][34.358s][info][gc,ergo     ] Free: 436M, Max: 256K regular, 127M humongous, Frag: 71% external, 0% internal; Reserve: 38400K, Max: 256K
[2026-04-03T02:17:52.457+0600][34.358s][info][gc,stats    ] 
[2026-04-03T02:17:52.457+0600][34.358s][info][gc,stats    ] All times are wall-clock times, except per-root-class counters, that are sum over
[2026-04-03T02:17:52.457+0600][34.358s][info][gc,stats    ] all workers. Dividing the <total> over the root stage time estimates parallelism.
[2026-04-03T02:17:52.457+0600][34.358s][info][gc,stats    ] 
[2026-04-03T02:17:52.457+0600][34.358s][info][gc,stats    ] Concurrent Reset                   1397 us
[2026-04-03T02:17:52.457+0600][34.358s][info][gc,stats    ] Pause Init Mark (G)                1190 us
[2026-04-03T02:17:52.457+0600][34.358s][info][gc,stats    ] Pause Init Mark (N)                 215 us
[2026-04-03T02:17:52.457+0600][34.358s][info][gc,stats    ]   Update Region States               56 us
[2026-04-03T02:17:52.457+0600][34.358s][info][gc,stats    ] Concurrent Mark Roots              1688 us, parallelism: 1.98x
[2026-04-03T02:17:52.457+0600][34.358s][info][gc,stats    ]   CMR: <total>                     3339 us
[2026-04-03T02:17:52.457+0600][34.358s][info][gc,stats    ]   CMR: Thread Roots                2832 us, workers (us): 1082, 663, 1086, ---, ---, ---, 
[2026-04-03T02:17:52.457+0600][34.358s][info][gc,stats    ]   CMR: VM Strong Roots               63 us, workers (us):  32,  30,   1, ---, ---, ---, 
[2026-04-03T02:17:52.457+0600][34.358s][info][gc,stats    ]   CMR: CLDG Roots                   444 us, workers (us): ---, 444, ---, ---, ---, ---, 
[2026-04-03T02:17:52.457+0600][34.358s][info][gc,stats    ] Concurrent Marking                44030 us
[2026-04-03T02:17:52.457+0600][34.358s][info][gc,stats    ] Pause Final Mark (G)               1472 us
[2026-04-03T02:17:52.457+0600][34.358s][info][gc,stats    ] Pause Final Mark (N)                810 us
[2026-04-03T02:17:52.457+0600][34.358s][info][gc,stats    ]   Finish Mark                       359 us
[2026-04-03T02:17:52.457+0600][34.358s][info][gc,stats    ]   Update Region States               60 us
[2026-04-03T02:17:52.457+0600][34.358s][info][gc,stats    ]   Choose Collection Set             188 us
[2026-04-03T02:17:52.457+0600][34.359s][info][gc,stats    ]   Rebuild Free Set                   32 us
[2026-04-03T02:17:52.457+0600][34.359s][info][gc,stats    ] Concurrent Thread Roots            1556 us, parallelism: 2.13x
[2026-04-03T02:17:52.457+0600][34.359s][info][gc,stats    ]   CTR: <total>                     3310 us
[2026-04-03T02:17:52.457+0600][34.359s][info][gc,stats    ]   CTR: Thread Roots                3310 us, workers (us): 1129, 1058, 1123, ---, ---, ---, 
[2026-04-03T02:17:52.457+0600][34.359s][info][gc,stats    ] Concurrent Weak References         1326 us, parallelism: 1.14x
[2026-04-03T02:17:52.457+0600][34.359s][info][gc,stats    ]   CWRF: <total>                    1513 us
[2026-04-03T02:17:52.457+0600][34.359s][info][gc,stats    ]   CWRF: Weak References            1513 us, workers (us): 230, 184, 1098, ---, ---, ---, 
[2026-04-03T02:17:52.458+0600][34.359s][info][gc,stats    ] Concurrent Weak Roots              5570 us
[2026-04-03T02:17:52.458+0600][34.359s][info][gc,stats    ]   Roots                            5031 us, parallelism: 2.67x
[2026-04-03T02:17:52.458+0600][34.359s][info][gc,stats    ]     CWR: <total>                  13425 us
[2026-04-03T02:17:52.458+0600][34.359s][info][gc,stats    ]     CWR: Code Cache Roots          9808 us, workers (us): 3225, 3388, 3195, ---, ---, ---, 
[2026-04-03T02:17:52.458+0600][34.359s][info][gc,stats    ]     CWR: VM Weak Roots             3341 us, workers (us): 1078, 1011, 1253, ---, ---, ---, 
[2026-04-03T02:17:52.458+0600][34.359s][info][gc,stats    ]     CWR: CLDG Roots                 276 us, workers (us): 276, ---, ---, ---, ---, ---, 
[2026-04-03T02:17:52.458+0600][34.359s][info][gc,stats    ]   Rendezvous                        415 us
[2026-04-03T02:17:52.458+0600][34.359s][info][gc,stats    ] Concurrent Cleanup                  895 us
[2026-04-03T02:17:52.458+0600][34.359s][info][gc,stats    ] Concurrent Class Unloading        13358 us
[2026-04-03T02:17:52.458+0600][34.359s][info][gc,stats    ]   Unlink Stale                    10609 us
[2026-04-03T02:17:52.458+0600][34.359s][info][gc,stats    ]     System Dictionary               304 us
[2026-04-03T02:17:52.458+0600][34.359s][info][gc,stats    ]     Weak Class Links                  0 us
[2026-04-03T02:17:52.458+0600][34.359s][info][gc,stats    ]     Code Roots                    10302 us
[2026-04-03T02:17:52.458+0600][34.359s][info][gc,stats    ]   Rendezvous                        411 us
[2026-04-03T02:17:52.458+0600][34.359s][info][gc,stats    ]   Purge Unlinked                   2206 us
[2026-04-03T02:17:52.458+0600][34.359s][info][gc,stats    ]     Code Roots                     2183 us
[2026-04-03T02:17:52.458+0600][34.359s][info][gc,stats    ]     CLDG                             22 us
[2026-04-03T02:17:52.458+0600][34.359s][info][gc,stats    ]     Exception Caches                  0 us
[2026-04-03T02:17:52.458+0600][34.359s][info][gc,stats    ] Concurrent Strong Roots            1330 us, parallelism: 0.55x
[2026-04-03T02:17:52.458+0600][34.359s][info][gc,stats    ]   CSR: <total>                      729 us
[2026-04-03T02:17:52.458+0600][34.359s][info][gc,stats    ]   CSR: VM Strong Roots               77 us, workers (us):  46,  22,  10, ---, ---, ---, 
[2026-04-03T02:17:52.458+0600][34.359s][info][gc,stats    ]   CSR: CLDG Roots                   652 us, workers (us): ---, 652, ---, ---, ---, ---, 
[2026-04-03T02:17:52.458+0600][34.359s][info][gc,stats    ] Concurrent Evacuation              3833 us
[2026-04-03T02:17:52.458+0600][34.359s][info][gc,stats    ] Pause Init Update Refs (G)          919 us
[2026-04-03T02:17:52.458+0600][34.359s][info][gc,stats    ] Pause Init Update Refs (N)          152 us
[2026-04-03T02:17:52.458+0600][34.359s][info][gc,stats    ]   Manage GCLABs                      44 us
[2026-04-03T02:17:52.458+0600][34.359s][info][gc,stats    ] Concurrent Update Refs            39691 us
[2026-04-03T02:17:52.458+0600][34.359s][info][gc,stats    ] Concurrent Update Thread Roots     2408 us
[2026-04-03T02:17:52.458+0600][34.359s][info][gc,stats    ] Pause Final Update Refs (G)         767 us
[2026-04-03T02:17:52.458+0600][34.359s][info][gc,stats    ] Pause Final Update Refs (N)         357 us
[2026-04-03T02:17:52.458+0600][34.359s][info][gc,stats    ]   Update Region States               62 us
[2026-04-03T02:17:52.458+0600][34.359s][info][gc,stats    ]   Trash Collection Set               14 us
[2026-04-03T02:17:52.458+0600][34.359s][info][gc,stats    ]   Rebuild Free Set                   46 us
[2026-04-03T02:17:52.458+0600][34.359s][info][gc,stats    ] Concurrent Cleanup                  669 us
[2026-04-03T02:17:52.458+0600][34.359s][info][gc,stats    ] Pacing                           301294 us
[2026-04-03T02:17:52.458+0600][34.359s][info][gc,stats    ] 
[2026-04-03T02:17:52.458+0600][34.359s][info][gc,stats    ] Allocation pacing accrued:
[2026-04-03T02:17:52.458+0600][34.359s][info][gc,stats    ]      10 of   232 ms (  4.4%): spark-listener-group-appStatus
[2026-04-03T02:17:52.458+0600][34.359s][info][gc,stats    ]      10 of   232 ms (  4.4%): spark-listener-group-executorManagement
[2026-04-03T02:17:52.458+0600][34.359s][info][gc,stats    ]      10 of   232 ms (  4.4%): spark-listener-group-shared
[2026-04-03T02:17:52.458+0600][34.359s][info][gc,stats    ]      62 of   232 ms ( 26.9%): Executor task launch worker for task 1.0 in stage 461.0 (TID 930)
[2026-04-03T02:17:52.458+0600][34.359s][info][gc,stats    ]      63 of   232 ms ( 27.0%): Executor task launch worker for task 3.0 in stage 461.0 (TID 932)
[2026-04-03T02:17:52.458+0600][34.359s][info][gc,stats    ]      62 of   232 ms ( 27.0%): Executor task launch worker for task 2.0 in stage 461.0 (TID 931)
[2026-04-03T02:17:52.458+0600][34.359s][info][gc,stats    ]      62 of   232 ms ( 26.9%): Executor task launch worker for task 0.0 in stage 461.0 (TID 929)
[2026-04-03T02:17:52.458+0600][34.359s][info][gc,stats    ]      21 of   232 ms (  9.2%): block-manager-storage-async-thread-pool-8
[2026-04-03T02:17:52.458+0600][34.359s][info][gc,stats    ]     301 of   232 ms (130.1%): <total>
[2026-04-03T02:17:52.458+0600][34.359s][info][gc,stats    ]       1 of   232 ms (  0.5%): <average total>
[2026-04-03T02:17:52.458+0600][34.359s][info][gc,stats    ]      38 of   232 ms ( 16.3%): <average non-zero>
[2026-04-03T02:17:52.458+0600][34.359s][info][gc,stats    ] 
[2026-04-03T02:17:52.458+0600][34.359s][info][gc,metaspace] Metaspace: 130159K(131328K)->130161K(131328K) NonClass: 113693K(114304K)->113695K(114304K) Class: 16465K(17024K)->16466K(17024K)
[2026-04-03T02:17:52.458+0600][34.359s][info][gc,ergo     ] Pacer for Idle. Initial: 15360K, Alloc Tax Rate: 1.0x
[2026-04-03T02:17:52.959+0600][34.860s][info][gc          ] Trigger: Average GC time (202.57 ms) is above the time for average allocation rate (562 MB/s) to deplete free headroom (113M) (margin of error = 1.87)
[2026-04-03T02:17:52.959+0600][34.860s][info][gc,ergo     ] Free headroom: 151M (free) - 38400K (spike) - 0B (penalties) = 113M
[2026-04-03T02:17:52.959+0600][34.860s][info][gc,ergo     ] Free: 151M, Max: 256K regular, 48128K humongous, Frag: 69% external, 0% internal; Reserve: 38400K, Max: 256K
[2026-04-03T02:17:52.959+0600][34.860s][info][gc,start    ] GC(29) Concurrent reset
[2026-04-03T02:17:52.959+0600][34.860s][info][gc,task     ] GC(29) Using 3 of 6 workers for concurrent reset
[2026-04-03T02:17:52.959+0600][34.860s][info][gc,ergo     ] GC(29) Pacer for Reset. Non-Taxable: 750M
[2026-04-03T02:17:52.960+0600][34.861s][info][gc          ] GC(29) Concurrent reset 0.777ms
[2026-04-03T02:17:52.960+0600][34.861s][info][gc,start    ] GC(29) Pause Init Mark (unload classes)
[2026-04-03T02:17:52.960+0600][34.861s][info][gc,task     ] GC(29) Using 6 of 6 workers for init marking
[2026-04-03T02:17:52.960+0600][34.861s][info][gc,ergo     ] GC(29) Pacer for Mark. Expected Live: 91776K, Free: 151M, Non-Taxable: 15485K, Alloc Tax Rate: 0.7x
[2026-04-03T02:17:52.960+0600][34.861s][info][gc          ] GC(29) Pause Init Mark (unload classes) 0.123ms
[2026-04-03T02:17:52.960+0600][34.862s][info][gc,start    ] GC(29) Concurrent marking roots
[2026-04-03T02:17:52.960+0600][34.862s][info][gc,task     ] GC(29) Using 3 of 6 workers for concurrent marking roots
[2026-04-03T02:17:52.961+0600][34.863s][info][gc          ] GC(29) Concurrent marking roots 1.038ms
[2026-04-03T02:17:52.961+0600][34.863s][info][gc,start    ] GC(29) Concurrent marking (unload classes)
[2026-04-03T02:17:52.962+0600][34.863s][info][gc,task     ] GC(29) Using 3 of 6 workers for concurrent marking
[2026-04-03T02:17:53.005+0600][34.906s][info][gc          ] GC(29) Concurrent marking (unload classes) 43.222ms
[2026-04-03T02:17:53.005+0600][34.906s][info][gc,start    ] GC(29) Pause Final Mark (unload classes)
[2026-04-03T02:17:53.005+0600][34.906s][info][gc,task     ] GC(29) Using 6 of 6 workers for final marking
[2026-04-03T02:17:53.006+0600][34.907s][info][gc,ergo     ] GC(29) Adaptive CSet Selection. Target Free: 106M, Actual Free: 532M, Max CSet: 32000K, Min Garbage: 0B
[2026-04-03T02:17:53.006+0600][34.907s][info][gc,ergo     ] GC(29) Collectable Garbage: 439M (98%), Immediate: 361M (80%), CSet: 79676K (17%)
[2026-04-03T02:17:53.006+0600][34.907s][info][gc,ergo     ] GC(29) Pacer for Evacuation. Used CSet: 83019K, Free: 525M, Non-Taxable: 53820K, Alloc Tax Rate: 1.1x
[2026-04-03T02:17:53.006+0600][34.907s][info][gc          ] GC(29) Pause Final Mark (unload classes) 0.912ms
[2026-04-03T02:17:53.006+0600][34.907s][info][gc,start    ] GC(29) Concurrent thread roots
[2026-04-03T02:17:53.006+0600][34.907s][info][gc,task     ] GC(29) Using 3 of 6 workers for Concurrent thread roots
[2026-04-03T02:17:53.007+0600][34.908s][info][gc          ] GC(29) Concurrent thread roots 1.113ms
[2026-04-03T02:17:53.007+0600][34.908s][info][gc,start    ] GC(29) Concurrent weak references
[2026-04-03T02:17:53.007+0600][34.908s][info][gc,task     ] GC(29) Using 3 of 6 workers for concurrent weak references
[2026-04-03T02:17:53.008+0600][34.910s][info][gc,ref      ] GC(29) Encountered references: Soft: 3864, Weak: 14834, Final: 84, Phantom: 621
[2026-04-03T02:17:53.009+0600][34.910s][info][gc,ref      ] GC(29) Discovered  references: Soft: 0, Weak: 8655, Final: 84, Phantom: 617
[2026-04-03T02:17:53.009+0600][34.910s][info][gc,ref      ] GC(29) Enqueued    references: Soft: 0, Weak: 418, Final: 0, Phantom: 0
[2026-04-03T02:17:53.009+0600][34.910s][info][gc          ] GC(29) Concurrent weak references 1.274ms
[2026-04-03T02:17:53.009+0600][34.910s][info][gc,start    ] GC(29) Concurrent weak roots
[2026-04-03T02:17:53.009+0600][34.910s][info][gc,task     ] GC(29) Using 3 of 6 workers for concurrent weak root
[2026-04-03T02:17:53.013+0600][34.914s][info][gc          ] GC(29) Concurrent weak roots 4.634ms
[2026-04-03T02:17:53.013+0600][34.914s][info][gc,start    ] GC(29) Concurrent cleanup
[2026-04-03T02:17:53.014+0600][34.915s][info][gc          ] GC(29) Concurrent cleanup 548M->187M(627M) 0.793ms
[2026-04-03T02:17:53.014+0600][34.915s][info][gc,ergo     ] GC(29) Free: 522M, Max: 256K regular, 67840K humongous, Frag: 88% external, 0% internal; Reserve: 37740K, Max: 256K
[2026-04-03T02:17:53.014+0600][34.915s][info][gc,start    ] GC(29) Concurrent class unloading
[2026-04-03T02:17:53.014+0600][34.915s][info][gc,task     ] GC(29) Using 3 of 6 workers for concurrent class unloading
[2026-04-03T02:17:53.032+0600][34.933s][info][gc          ] GC(29) Concurrent class unloading 17.425ms
[2026-04-03T02:17:53.032+0600][34.933s][info][gc,start    ] GC(29) Concurrent strong roots
[2026-04-03T02:17:53.032+0600][34.933s][info][gc,task     ] GC(29) Using 3 of 6 workers for concurrent strong root
[2026-04-03T02:17:53.033+0600][34.934s][info][gc          ] GC(29) Concurrent strong roots 1.117ms
[2026-04-03T02:17:53.033+0600][34.934s][info][gc,start    ] GC(29) Concurrent evacuation
[2026-04-03T02:17:53.033+0600][34.934s][info][gc,task     ] GC(29) Using 3 of 6 workers for concurrent evacuation
[2026-04-03T02:17:53.034+0600][34.935s][info][gc          ] GC(29) Concurrent evacuation 1.397ms
[2026-04-03T02:17:53.035+0600][34.936s][info][gc,start    ] GC(29) Pause Init Update Refs
[2026-04-03T02:17:53.035+0600][34.936s][info][gc,ergo     ] GC(29) Pacer for Update Refs. Used: 194M, Free: 518M, Non-Taxable: 53075K, Alloc Tax Rate: 1.1x
[2026-04-03T02:17:53.035+0600][34.936s][info][gc          ] GC(29) Pause Init Update Refs 0.136ms
[2026-04-03T02:17:53.035+0600][34.936s][info][gc,start    ] GC(29) Concurrent update references
[2026-04-03T02:17:53.035+0600][34.936s][info][gc,task     ] GC(29) Using 3 of 6 workers for concurrent reference update
[2026-04-03T02:17:53.070+0600][34.972s][info][gc          ] GC(29) Concurrent update references 35.638ms
[2026-04-03T02:17:53.071+0600][34.972s][info][gc,start    ] GC(29) Concurrent update thread roots
[2026-04-03T02:17:53.073+0600][34.974s][info][gc          ] GC(29) Concurrent update thread roots 1.975ms
[2026-04-03T02:17:53.073+0600][34.974s][info][gc,start    ] GC(29) Pause Final Update Refs
[2026-04-03T02:17:53.073+0600][34.974s][info][gc,task     ] GC(29) Using 6 of 6 workers for final reference update
[2026-04-03T02:17:53.073+0600][34.974s][info][gc          ] GC(29) Pause Final Update Refs 0.188ms
[2026-04-03T02:17:53.073+0600][34.974s][info][gc,start    ] GC(29) Concurrent cleanup
[2026-04-03T02:17:53.074+0600][34.975s][info][gc          ] GC(29) Concurrent cleanup 206M->125M(627M) 0.758ms
[2026-04-03T02:17:53.074+0600][34.975s][info][gc,ergo     ] Free: 584M, Max: 256K regular, 237M humongous, Frag: 60% external, 1% internal; Reserve: 38400K, Max: 256K
[2026-04-03T02:17:53.074+0600][34.975s][info][gc,stats    ] 
[2026-04-03T02:17:53.074+0600][34.976s][info][gc,stats    ] All times are wall-clock times, except per-root-class counters, that are sum over
[2026-04-03T02:17:53.074+0600][34.976s][info][gc,stats    ] all workers. Dividing the <total> over the root stage time estimates parallelism.
[2026-04-03T02:17:53.074+0600][34.976s][info][gc,stats    ] 
[2026-04-03T02:17:53.074+0600][34.976s][info][gc,stats    ] Concurrent Reset                    820 us
[2026-04-03T02:17:53.074+0600][34.976s][info][gc,stats    ] Pause Init Mark (G)                 341 us
[2026-04-03T02:17:53.074+0600][34.976s][info][gc,stats    ] Pause Init Mark (N)                 130 us
[2026-04-03T02:17:53.074+0600][34.976s][info][gc,stats    ]   Update Region States               23 us
[2026-04-03T02:17:53.074+0600][34.976s][info][gc,stats    ] Concurrent Mark Roots              1080 us, parallelism: 1.62x
[2026-04-03T02:17:53.075+0600][34.976s][info][gc,stats    ]   CMR: <total>                     1752 us
[2026-04-03T02:17:53.075+0600][34.976s][info][gc,stats    ]   CMR: Thread Roots                1529 us, workers (us): 413, 597, 519, ---, ---, ---, 
[2026-04-03T02:17:53.075+0600][34.976s][info][gc,stats    ]   CMR: VM Strong Roots               37 us, workers (us):  35,   0,   1, ---, ---, ---, 
[2026-04-03T02:17:53.075+0600][34.976s][info][gc,stats    ]   CMR: CLDG Roots                   186 us, workers (us): 186, ---, ---, ---, ---, ---, 
[2026-04-03T02:17:53.075+0600][34.976s][info][gc,stats    ] Concurrent Marking                43434 us
[2026-04-03T02:17:53.075+0600][34.976s][info][gc,stats    ] Pause Final Mark (G)               1204 us
[2026-04-03T02:17:53.075+0600][34.976s][info][gc,stats    ] Pause Final Mark (N)                929 us
[2026-04-03T02:17:53.075+0600][34.976s][info][gc,stats    ]   Finish Mark                       303 us
[2026-04-03T02:17:53.075+0600][34.976s][info][gc,stats    ]   Update Region States               58 us
[2026-04-03T02:17:53.075+0600][34.976s][info][gc,stats    ]   Choose Collection Set             306 us
[2026-04-03T02:17:53.075+0600][34.976s][info][gc,stats    ]   Rebuild Free Set                   81 us
[2026-04-03T02:17:53.075+0600][34.976s][info][gc,stats    ] Concurrent Thread Roots            1163 us, parallelism: 2.14x
[2026-04-03T02:17:53.075+0600][34.976s][info][gc,stats    ]   CTR: <total>                     2483 us
[2026-04-03T02:17:53.075+0600][34.976s][info][gc,stats    ]   CTR: Thread Roots                2483 us, workers (us): 874, 823, 787, ---, ---, ---, 
[2026-04-03T02:17:53.075+0600][34.976s][info][gc,stats    ] Concurrent Weak References         1284 us, parallelism: 0.99x
[2026-04-03T02:17:53.075+0600][34.976s][info][gc,stats    ]   CWRF: <total>                    1272 us
[2026-04-03T02:17:53.075+0600][34.976s][info][gc,stats    ]   CWRF: Weak References            1272 us, workers (us): 976, 129, 167, ---, ---, ---, 
[2026-04-03T02:17:53.075+0600][34.976s][info][gc,stats    ] Concurrent Weak Roots              4715 us
[2026-04-03T02:17:53.075+0600][34.976s][info][gc,stats    ]   Roots                            4116 us, parallelism: 2.67x
[2026-04-03T02:17:53.075+0600][34.976s][info][gc,stats    ]     CWR: <total>                  10975 us
[2026-04-03T02:17:53.075+0600][34.976s][info][gc,stats    ]     CWR: Code Cache Roots          8467 us, workers (us): 2625, 2920, 2923, ---, ---, ---, 
[2026-04-03T02:17:53.075+0600][34.976s][info][gc,stats    ]     CWR: VM Weak Roots             2382 us, workers (us): 836, 803, 743, ---, ---, ---, 
[2026-04-03T02:17:53.075+0600][34.976s][info][gc,stats    ]     CWR: CLDG Roots                 126 us, workers (us): 126, ---, ---, ---, ---, ---, 
[2026-04-03T02:17:53.075+0600][34.976s][info][gc,stats    ]   Rendezvous                        494 us
[2026-04-03T02:17:53.075+0600][34.976s][info][gc,stats    ] Concurrent Cleanup                  824 us
[2026-04-03T02:17:53.075+0600][34.976s][info][gc,stats    ] Concurrent Class Unloading        17513 us
[2026-04-03T02:17:53.075+0600][34.976s][info][gc,stats    ]   Unlink Stale                    15001 us
[2026-04-03T02:17:53.075+0600][34.976s][info][gc,stats    ]     System Dictionary               263 us
[2026-04-03T02:17:53.075+0600][34.976s][info][gc,stats    ]     Weak Class Links                  0 us
[2026-04-03T02:17:53.075+0600][34.976s][info][gc,stats    ]     Code Roots                    14734 us
[2026-04-03T02:17:53.075+0600][34.976s][info][gc,stats    ]   Rendezvous                        529 us
[2026-04-03T02:17:53.075+0600][34.976s][info][gc,stats    ]   Purge Unlinked                   1861 us
[2026-04-03T02:17:53.075+0600][34.976s][info][gc,stats    ]     Code Roots                     1847 us
[2026-04-03T02:17:53.075+0600][34.976s][info][gc,stats    ]     CLDG                             14 us
[2026-04-03T02:17:53.075+0600][34.976s][info][gc,stats    ]     Exception Caches                  0 us
[2026-04-03T02:17:53.075+0600][34.976s][info][gc,stats    ] Concurrent Strong Roots            1173 us, parallelism: 0.64x
[2026-04-03T02:17:53.075+0600][34.976s][info][gc,stats    ]   CSR: <total>                      748 us
[2026-04-03T02:17:53.075+0600][34.976s][info][gc,stats    ]   CSR: VM Strong Roots               67 us, workers (us):  26,  26,  16, ---, ---, ---, 
[2026-04-03T02:17:53.075+0600][34.976s][info][gc,stats    ]   CSR: CLDG Roots                   681 us, workers (us): 681, ---, ---, ---, ---, ---, 
[2026-04-03T02:17:53.075+0600][34.976s][info][gc,stats    ] Concurrent Evacuation              1471 us
[2026-04-03T02:17:53.075+0600][34.976s][info][gc,stats    ] Pause Init Update Refs (G)          419 us
[2026-04-03T02:17:53.075+0600][34.976s][info][gc,stats    ] Pause Init Update Refs (N)          168 us
[2026-04-03T02:17:53.075+0600][34.976s][info][gc,stats    ]   Manage GCLABs                      48 us
[2026-04-03T02:17:53.075+0600][34.976s][info][gc,stats    ] Concurrent Update Refs            35753 us
[2026-04-03T02:17:53.075+0600][34.976s][info][gc,stats    ] Concurrent Update Thread Roots     2083 us
[2026-04-03T02:17:53.075+0600][34.976s][info][gc,stats    ] Pause Final Update Refs (G)         754 us
[2026-04-03T02:17:53.075+0600][34.976s][info][gc,stats    ] Pause Final Update Refs (N)         201 us
[2026-04-03T02:17:53.075+0600][34.976s][info][gc,stats    ]   Update Region States               60 us
[2026-04-03T02:17:53.075+0600][34.976s][info][gc,stats    ]   Trash Collection Set               18 us
[2026-04-03T02:17:53.075+0600][34.976s][info][gc,stats    ]   Rebuild Free Set                   49 us
[2026-04-03T02:17:53.075+0600][34.976s][info][gc,stats    ] Concurrent Cleanup                  841 us
[2026-04-03T02:17:53.075+0600][34.976s][info][gc,stats    ] 
[2026-04-03T02:17:53.075+0600][34.976s][info][gc,stats    ] Allocation pacing accrued:
[2026-04-03T02:17:53.075+0600][34.976s][info][gc,stats    ]       0 of   617 ms (  0.0%): <total>
[2026-04-03T02:17:53.075+0600][34.976s][info][gc,stats    ]       0 of   617 ms (  0.0%): <average total>
[2026-04-03T02:17:53.075+0600][34.976s][info][gc,stats    ] 
[2026-04-03T02:17:53.075+0600][34.976s][info][gc,metaspace] Metaspace: 130189K(131392K)->130224K(131456K) NonClass: 113722K(114368K)->113758K(114432K) Class: 16466K(17024K)->16466K(17024K)
[2026-04-03T02:17:53.075+0600][34.976s][info][gc,ergo     ] Pacer for Idle. Initial: 15360K, Alloc Tax Rate: 1.0x
[2026-04-03T02:17:53.580+0600][35.482s][info][gc          ] Trigger: Average GC time (177.89 ms) is above the time for average allocation rate (811 MB/s) to deplete free headroom (143M) (margin of error = 1.85)
[2026-04-03T02:17:53.581+0600][35.482s][info][gc,ergo     ] Free headroom: 180M (free) - 38400K (spike) - 0B (penalties) = 143M
[2026-04-03T02:17:53.581+0600][35.482s][info][gc,ergo     ] Free: 180M, Max: 256K regular, 67840K humongous, Frag: 63% external, 3% internal; Reserve: 38400K, Max: 256K
[2026-04-03T02:17:53.581+0600][35.482s][info][gc,start    ] GC(30) Concurrent reset
[2026-04-03T02:17:53.581+0600][35.482s][info][gc,task     ] GC(30) Using 3 of 6 workers for concurrent reset
[2026-04-03T02:17:53.581+0600][35.482s][info][gc,ergo     ] GC(30) Pacer for Reset. Non-Taxable: 750M
[2026-04-03T02:17:53.583+0600][35.484s][info][gc          ] GC(30) Concurrent reset 2.028ms
[2026-04-03T02:17:53.584+0600][35.485s][info][gc,start    ] GC(30) Pause Init Mark (unload classes)
[2026-04-03T02:17:53.584+0600][35.485s][info][gc,task     ] GC(30) Using 6 of 6 workers for init marking
[2026-04-03T02:17:53.584+0600][35.485s][info][gc,ergo     ] GC(30) Pacer for Mark. Expected Live: 91605K, Free: 178M, Non-Taxable: 18266K, Alloc Tax Rate: 0.6x
[2026-04-03T02:17:53.584+0600][35.485s][info][gc          ] GC(30) Pause Init Mark (unload classes) 0.203ms
[2026-04-03T02:17:53.588+0600][35.489s][info][gc,start    ] GC(30) Concurrent marking roots
[2026-04-03T02:17:53.588+0600][35.489s][info][gc,task     ] GC(30) Using 3 of 6 workers for concurrent marking roots
[2026-04-03T02:17:53.590+0600][35.491s][info][gc          ] GC(30) Concurrent marking roots 2.194ms
[2026-04-03T02:17:53.590+0600][35.491s][info][gc,start    ] GC(30) Concurrent marking (unload classes)
[2026-04-03T02:17:53.590+0600][35.491s][info][gc,task     ] GC(30) Using 3 of 6 workers for concurrent marking
[2026-04-03T02:17:53.656+0600][35.557s][info][gc          ] GC(30) Concurrent marking (unload classes) 66.062ms
[2026-04-03T02:17:53.656+0600][35.557s][info][gc,start    ] GC(30) Pause Final Mark (unload classes)
[2026-04-03T02:17:53.656+0600][35.557s][info][gc,task     ] GC(30) Using 6 of 6 workers for final marking
[2026-04-03T02:17:53.657+0600][35.558s][info][gc,ergo     ] GC(30) Adaptive CSet Selection. Target Free: 106M, Actual Free: 529M, Max CSet: 32000K, Min Garbage: 0B
[2026-04-03T02:17:53.657+0600][35.558s][info][gc,ergo     ] GC(30) Collectable Garbage: 413M (98%), Immediate: 344M (81%), CSet: 70327K (16%)
[2026-04-03T02:17:53.657+0600][35.558s][info][gc,ergo     ] GC(30) Pacer for Evacuation. Used CSet: 75030K, Free: 517M, Non-Taxable: 52946K, Alloc Tax Rate: 1.1x
[2026-04-03T02:17:53.657+0600][35.558s][info][gc          ] GC(30) Pause Final Mark (unload classes) 0.726ms
[2026-04-03T02:17:53.657+0600][35.558s][info][gc,start    ] GC(30) Concurrent thread roots
[2026-04-03T02:17:53.657+0600][35.558s][info][gc,task     ] GC(30) Using 3 of 6 workers for Concurrent thread roots
[2026-04-03T02:17:53.658+0600][35.559s][info][gc          ] GC(30) Concurrent thread roots 0.929ms
[2026-04-03T02:17:53.658+0600][35.559s][info][gc,start    ] GC(30) Concurrent weak references
[2026-04-03T02:17:53.658+0600][35.559s][info][gc,task     ] GC(30) Using 3 of 6 workers for concurrent weak references
[2026-04-03T02:17:53.658+0600][35.560s][info][gc,ref      ] GC(30) Encountered references: Soft: 3872, Weak: 15269, Final: 84, Phantom: 621
[2026-04-03T02:17:53.658+0600][35.560s][info][gc,ref      ] GC(30) Discovered  references: Soft: 0, Weak: 4717, Final: 76, Phantom: 575
[2026-04-03T02:17:53.659+0600][35.560s][info][gc,ref      ] GC(30) Enqueued    references: Soft: 0, Weak: 38, Final: 0, Phantom: 0
[2026-04-03T02:17:53.659+0600][35.560s][info][gc          ] GC(30) Concurrent weak references 0.433ms
[2026-04-03T02:17:53.659+0600][35.560s][info][gc,start    ] GC(30) Concurrent weak roots
[2026-04-03T02:17:53.659+0600][35.560s][info][gc,task     ] GC(30) Using 3 of 6 workers for concurrent weak root
[2026-04-03T02:17:53.662+0600][35.564s][info][gc          ] GC(30) Concurrent weak roots 3.896ms
[2026-04-03T02:17:53.663+0600][35.564s][info][gc,start    ] GC(30) Concurrent cleanup
[2026-04-03T02:17:53.663+0600][35.565s][info][gc          ] GC(30) Concurrent cleanup 536M->191M(627M) 0.898ms
[2026-04-03T02:17:53.663+0600][35.565s][info][gc,ergo     ] GC(30) Free: 516M, Max: 256K regular, 67840K humongous, Frag: 88% external, 0% internal; Reserve: 38160K, Max: 256K
[2026-04-03T02:17:53.664+0600][35.565s][info][gc,start    ] GC(30) Concurrent class unloading
[2026-04-03T02:17:53.664+0600][35.565s][info][gc,task     ] GC(30) Using 3 of 6 workers for concurrent class unloading
[2026-04-03T02:17:53.693+0600][35.594s][info][gc          ] GC(30) Concurrent class unloading 29.481ms
[2026-04-03T02:17:53.693+0600][35.594s][info][gc,start    ] GC(30) Concurrent strong roots
[2026-04-03T02:17:53.693+0600][35.594s][info][gc,task     ] GC(30) Using 3 of 6 workers for concurrent strong root
[2026-04-03T02:17:53.695+0600][35.596s][info][gc          ] GC(30) Concurrent strong roots 1.647ms
[2026-04-03T02:17:53.695+0600][35.596s][info][gc,start    ] GC(30) Concurrent evacuation
[2026-04-03T02:17:53.695+0600][35.596s][info][gc,task     ] GC(30) Using 3 of 6 workers for concurrent evacuation
[2026-04-03T02:17:53.699+0600][35.600s][info][gc          ] GC(30) Concurrent evacuation 3.746ms
[2026-04-03T02:17:53.699+0600][35.600s][info][gc,start    ] GC(30) Pause Init Update Refs
[2026-04-03T02:17:53.699+0600][35.600s][info][gc,ergo     ] GC(30) Pacer for Update Refs. Used: 218M, Free: 494M, Non-Taxable: 50687K, Alloc Tax Rate: 1.1x
[2026-04-03T02:17:53.699+0600][35.600s][info][gc          ] GC(30) Pause Init Update Refs 0.122ms
[2026-04-03T02:17:53.699+0600][35.600s][info][gc,start    ] GC(30) Concurrent update references
[2026-04-03T02:17:53.699+0600][35.600s][info][gc,task     ] GC(30) Using 3 of 6 workers for concurrent reference update
[2026-04-03T02:17:53.747+0600][35.648s][info][gc          ] GC(30) Concurrent update references 47.418ms
[2026-04-03T02:17:53.747+0600][35.648s][info][gc,start    ] GC(30) Concurrent update thread roots
[2026-04-03T02:17:53.749+0600][35.650s][info][gc          ] GC(30) Concurrent update thread roots 1.973ms
[2026-04-03T02:17:53.749+0600][35.650s][info][gc,start    ] GC(30) Pause Final Update Refs
[2026-04-03T02:17:53.749+0600][35.650s][info][gc,task     ] GC(30) Using 6 of 6 workers for final reference update
[2026-04-03T02:17:53.749+0600][35.651s][info][gc          ] GC(30) Pause Final Update Refs 0.308ms
[2026-04-03T02:17:53.750+0600][35.651s][info][gc,start    ] GC(30) Concurrent cleanup
[2026-04-03T02:17:53.750+0600][35.651s][info][gc          ] GC(30) Concurrent cleanup 247M->174M(627M) 0.647ms
[2026-04-03T02:17:53.750+0600][35.651s][info][gc,ergo     ] Free: 531M, Max: 256K regular, 237M humongous, Frag: 56% external, 1% internal; Reserve: 38400K, Max: 256K
[2026-04-03T02:17:53.750+0600][35.651s][info][gc,stats    ] 
[2026-04-03T02:17:53.750+0600][35.651s][info][gc,stats    ] All times are wall-clock times, except per-root-class counters, that are sum over
[2026-04-03T02:17:53.750+0600][35.651s][info][gc,stats    ] all workers. Dividing the <total> over the root stage time estimates parallelism.
[2026-04-03T02:17:53.750+0600][35.651s][info][gc,stats    ] 
[2026-04-03T02:17:53.750+0600][35.652s][info][gc,stats    ] Concurrent Reset                   2087 us
[2026-04-03T02:17:53.750+0600][35.652s][info][gc,stats    ] Pause Init Mark (G)                4551 us
[2026-04-03T02:17:53.750+0600][35.652s][info][gc,stats    ] Pause Init Mark (N)                 213 us
[2026-04-03T02:17:53.750+0600][35.652s][info][gc,stats    ]   Update Region States               46 us
[2026-04-03T02:17:53.750+0600][35.652s][info][gc,stats    ] Concurrent Mark Roots              2259 us, parallelism: 1.44x
[2026-04-03T02:17:53.750+0600][35.652s][info][gc,stats    ]   CMR: <total>                     3252 us
[2026-04-03T02:17:53.750+0600][35.652s][info][gc,stats    ]   CMR: Thread Roots                2620 us, workers (us): 1039, 1580,   0, ---, ---, ---, 
[2026-04-03T02:17:53.750+0600][35.652s][info][gc,stats    ]   CMR: VM Strong Roots               77 us, workers (us):  46,  31,   0, ---, ---, ---, 
[2026-04-03T02:17:53.751+0600][35.652s][info][gc,stats    ]   CMR: CLDG Roots                   555 us, workers (us): 555, ---, ---, ---, ---, ---, 
[2026-04-03T02:17:53.751+0600][35.652s][info][gc,stats    ] Concurrent Marking                66144 us
[2026-04-03T02:17:53.751+0600][35.652s][info][gc,stats    ] Pause Final Mark (G)                951 us
[2026-04-03T02:17:53.751+0600][35.652s][info][gc,stats    ] Pause Final Mark (N)                736 us
[2026-04-03T02:17:53.751+0600][35.652s][info][gc,stats    ]   Finish Mark                       244 us
[2026-04-03T02:17:53.751+0600][35.652s][info][gc,stats    ]   Update Region States               80 us
[2026-04-03T02:17:53.751+0600][35.652s][info][gc,stats    ]   Choose Collection Set             237 us
[2026-04-03T02:17:53.751+0600][35.652s][info][gc,stats    ]   Rebuild Free Set                   57 us
[2026-04-03T02:17:53.751+0600][35.652s][info][gc,stats    ] Concurrent Thread Roots             970 us, parallelism: 2.21x
[2026-04-03T02:17:53.751+0600][35.652s][info][gc,stats    ]   CTR: <total>                     2147 us
[2026-04-03T02:17:53.751+0600][35.652s][info][gc,stats    ]   CTR: Thread Roots                2147 us, workers (us): 742, 705, 701, ---, ---, ---, 
[2026-04-03T02:17:53.751+0600][35.652s][info][gc,stats    ] Concurrent Weak References          444 us, parallelism: 1.40x
[2026-04-03T02:17:53.751+0600][35.652s][info][gc,stats    ]   CWRF: <total>                     621 us
[2026-04-03T02:17:53.751+0600][35.652s][info][gc,stats    ]   CWRF: Weak References             621 us, workers (us): 282, 155, 183, ---, ---, ---, 
[2026-04-03T02:17:53.751+0600][35.652s][info][gc,stats    ] Concurrent Weak Roots              3989 us
[2026-04-03T02:17:53.751+0600][35.652s][info][gc,stats    ]   Roots                            3535 us, parallelism: 2.59x
[2026-04-03T02:17:53.751+0600][35.652s][info][gc,stats    ]     CWR: <total>                   9147 us
[2026-04-03T02:17:53.751+0600][35.652s][info][gc,stats    ]     CWR: Code Cache Roots          7168 us, workers (us): 2405, 2580, 2184, ---, ---, ---, 
[2026-04-03T02:17:53.751+0600][35.652s][info][gc,stats    ]     CWR: VM Weak Roots             1800 us, workers (us): 620, 611, 569, ---, ---, ---, 
[2026-04-03T02:17:53.751+0600][35.652s][info][gc,stats    ]     CWR: CLDG Roots                 178 us, workers (us): ---, ---, 178, ---, ---, ---, 
[2026-04-03T02:17:53.751+0600][35.652s][info][gc,stats    ]   Rendezvous                        334 us
[2026-04-03T02:17:53.751+0600][35.652s][info][gc,stats    ] Concurrent Cleanup                  922 us
[2026-04-03T02:17:53.751+0600][35.652s][info][gc,stats    ] Concurrent Class Unloading        29623 us
[2026-04-03T02:17:53.751+0600][35.652s][info][gc,stats    ]   Unlink Stale                    16411 us
[2026-04-03T02:17:53.751+0600][35.652s][info][gc,stats    ]     System Dictionary               287 us
[2026-04-03T02:17:53.751+0600][35.652s][info][gc,stats    ]     Weak Class Links                  0 us
[2026-04-03T02:17:53.751+0600][35.652s][info][gc,stats    ]     Code Roots                    16119 us
[2026-04-03T02:17:53.751+0600][35.652s][info][gc,stats    ]   Rendezvous                       3373 us
[2026-04-03T02:17:53.751+0600][35.652s][info][gc,stats    ]   Purge Unlinked                   9635 us
[2026-04-03T02:17:53.751+0600][35.652s][info][gc,stats    ]     Code Roots                     9591 us
[2026-04-03T02:17:53.751+0600][35.652s][info][gc,stats    ]     CLDG                             42 us
[2026-04-03T02:17:53.751+0600][35.652s][info][gc,stats    ]     Exception Caches                  0 us
[2026-04-03T02:17:53.751+0600][35.652s][info][gc,stats    ] Concurrent Strong Roots            1716 us, parallelism: 0.66x
[2026-04-03T02:17:53.751+0600][35.652s][info][gc,stats    ]   CSR: <total>                     1139 us
[2026-04-03T02:17:53.751+0600][35.652s][info][gc,stats    ]   CSR: VM Strong Roots               64 us, workers (us):  60,   2,   2, ---, ---, ---, 
[2026-04-03T02:17:53.751+0600][35.652s][info][gc,stats    ]   CSR: CLDG Roots                  1075 us, workers (us): 1075, ---, ---, ---, ---, ---, 
[2026-04-03T02:17:53.751+0600][35.652s][info][gc,stats    ] Concurrent Evacuation              3828 us
[2026-04-03T02:17:53.751+0600][35.652s][info][gc,stats    ] Pause Init Update Refs (G)          553 us
[2026-04-03T02:17:53.751+0600][35.652s][info][gc,stats    ] Pause Init Update Refs (N)          133 us
[2026-04-03T02:17:53.751+0600][35.652s][info][gc,stats    ]   Manage GCLABs                      32 us
[2026-04-03T02:17:53.751+0600][35.652s][info][gc,stats    ] Concurrent Update Refs            47560 us
[2026-04-03T02:17:53.751+0600][35.652s][info][gc,stats    ] Concurrent Update Thread Roots     2079 us
[2026-04-03T02:17:53.751+0600][35.652s][info][gc,stats    ] Pause Final Update Refs (G)         624 us
[2026-04-03T02:17:53.751+0600][35.652s][info][gc,stats    ] Pause Final Update Refs (N)         325 us
[2026-04-03T02:17:53.751+0600][35.652s][info][gc,stats    ]   Update Region States               60 us
[2026-04-03T02:17:53.751+0600][35.652s][info][gc,stats    ]   Trash Collection Set               17 us
[2026-04-03T02:17:53.751+0600][35.652s][info][gc,stats    ]   Rebuild Free Set                   50 us
[2026-04-03T02:17:53.751+0600][35.652s][info][gc,stats    ] Concurrent Cleanup                  702 us
[2026-04-03T02:17:53.751+0600][35.652s][info][gc,stats    ] Pacing                            32380 us
[2026-04-03T02:17:53.751+0600][35.652s][info][gc,stats    ] 
[2026-04-03T02:17:53.751+0600][35.652s][info][gc,stats    ] Allocation pacing accrued:
[2026-04-03T02:17:53.751+0600][35.652s][info][gc,stats    ]      32 of   676 ms (  4.8%): dag-scheduler-event-loop
[2026-04-03T02:17:53.751+0600][35.652s][info][gc,stats    ]      32 of   676 ms (  4.8%): <total>
[2026-04-03T02:17:53.751+0600][35.652s][info][gc,stats    ]       0 of   676 ms (  0.0%): <average total>
[2026-04-03T02:17:53.751+0600][35.652s][info][gc,stats    ]      32 of   676 ms (  4.8%): <average non-zero>
[2026-04-03T02:17:53.751+0600][35.652s][info][gc,stats    ] 
[2026-04-03T02:17:53.751+0600][35.652s][info][gc,metaspace] Metaspace: 130239K(131456K)->130241K(131456K) NonClass: 113771K(114432K)->113773K(114432K) Class: 16467K(17024K)->16467K(17024K)
[2026-04-03T02:17:53.751+0600][35.652s][info][gc,ergo     ] Pacer for Idle. Initial: 15360K, Alloc Tax Rate: 1.0x
[2026-04-03T02:17:54.053+0600][35.954s][info][gc          ] Trigger: Average GC time (199.97 ms) is above the time for average allocation rate (996 MB/s) to deplete free headroom (191M) (margin of error = 1.85)
[2026-04-03T02:17:54.053+0600][35.955s][info][gc,ergo     ] Free headroom: 228M (free) - 38400K (spike) - 0B (penalties) = 191M
[2026-04-03T02:17:54.053+0600][35.955s][info][gc,ergo     ] Free: 228M, Max: 256K regular, 67840K humongous, Frag: 71% external, 0% internal; Reserve: 38400K, Max: 256K
[2026-04-03T02:17:54.053+0600][35.955s][info][gc,start    ] GC(31) Concurrent reset
[2026-04-03T02:17:54.054+0600][35.955s][info][gc,task     ] GC(31) Using 3 of 6 workers for concurrent reset
[2026-04-03T02:17:54.054+0600][35.955s][info][gc,ergo     ] GC(31) Pacer for Reset. Non-Taxable: 750M
[2026-04-03T02:17:54.054+0600][35.956s][info][gc          ] GC(31) Concurrent reset 0.920ms
[2026-04-03T02:17:54.055+0600][35.956s][info][gc,start    ] GC(31) Pause Init Mark (unload classes)
[2026-04-03T02:17:54.055+0600][35.956s][info][gc,task     ] GC(31) Using 6 of 6 workers for init marking
[2026-04-03T02:17:54.055+0600][35.956s][info][gc,ergo     ] GC(31) Pacer for Mark. Expected Live: 91801K, Free: 227M, Non-Taxable: 23248K, Alloc Tax Rate: 0.5x
[2026-04-03T02:17:54.055+0600][35.956s][info][gc          ] GC(31) Pause Init Mark (unload classes) 0.213ms
[2026-04-03T02:17:54.055+0600][35.956s][info][gc,start    ] GC(31) Concurrent marking roots
[2026-04-03T02:17:54.055+0600][35.956s][info][gc,task     ] GC(31) Using 3 of 6 workers for concurrent marking roots
[2026-04-03T02:17:54.058+0600][35.959s][info][gc          ] GC(31) Concurrent marking roots 2.373ms
[2026-04-03T02:17:54.058+0600][35.959s][info][gc,start    ] GC(31) Concurrent marking (unload classes)
[2026-04-03T02:17:54.058+0600][35.959s][info][gc,task     ] GC(31) Using 3 of 6 workers for concurrent marking
[2026-04-03T02:17:54.114+0600][36.015s][info][gc          ] GC(31) Concurrent marking (unload classes) 55.880ms
[2026-04-03T02:17:54.114+0600][36.015s][info][gc,start    ] GC(31) Pause Final Mark (unload classes)
[2026-04-03T02:17:54.114+0600][36.015s][info][gc,task     ] GC(31) Using 6 of 6 workers for final marking
[2026-04-03T02:17:54.114+0600][36.015s][info][gc,ergo     ] GC(31) Adaptive CSet Selection. Target Free: 106M, Actual Free: 528M, Max CSet: 32000K, Min Garbage: 0B
[2026-04-03T02:17:54.114+0600][36.016s][info][gc,ergo     ] GC(31) Collectable Garbage: 366M (97%), Immediate: 302M (80%), CSet: 66047K (17%)
[2026-04-03T02:17:54.115+0600][36.016s][info][gc,ergo     ] GC(31) Pacer for Evacuation. Used CSet: 70803K, Free: 513M, Non-Taxable: 52538K, Alloc Tax Rate: 1.1x
[2026-04-03T02:17:54.115+0600][36.016s][info][gc          ] GC(31) Pause Final Mark (unload classes) 0.682ms
[2026-04-03T02:17:54.115+0600][36.016s][info][gc,start    ] GC(31) Concurrent thread roots
[2026-04-03T02:17:54.115+0600][36.016s][info][gc,task     ] GC(31) Using 3 of 6 workers for Concurrent thread roots
[2026-04-03T02:17:54.120+0600][36.021s][info][gc          ] GC(31) Concurrent thread roots 5.119ms
[2026-04-03T02:17:54.120+0600][36.021s][info][gc,start    ] GC(31) Concurrent weak references
[2026-04-03T02:17:54.120+0600][36.021s][info][gc,task     ] GC(31) Using 3 of 6 workers for concurrent weak references
[2026-04-03T02:17:54.120+0600][36.021s][info][gc,ref      ] GC(31) Encountered references: Soft: 3872, Weak: 15892, Final: 84, Phantom: 621
[2026-04-03T02:17:54.120+0600][36.022s][info][gc,ref      ] GC(31) Discovered  references: Soft: 0, Weak: 5259, Final: 0, Phantom: 222
[2026-04-03T02:17:54.120+0600][36.022s][info][gc,ref      ] GC(31) Enqueued    references: Soft: 0, Weak: 21, Final: 0, Phantom: 0
[2026-04-03T02:17:54.121+0600][36.022s][info][gc          ] GC(31) Concurrent weak references 0.586ms
[2026-04-03T02:17:54.121+0600][36.022s][info][gc,start    ] GC(31) Concurrent weak roots
[2026-04-03T02:17:54.121+0600][36.022s][info][gc,task     ] GC(31) Using 3 of 6 workers for concurrent weak root
[2026-04-03T02:17:54.128+0600][36.029s][info][gc          ] GC(31) Concurrent weak roots 7.279ms
[2026-04-03T02:17:54.128+0600][36.029s][info][gc,start    ] GC(31) Concurrent cleanup
[2026-04-03T02:17:54.129+0600][36.030s][info][gc          ] GC(31) Concurrent cleanup 506M->205M(627M) 0.582ms
[2026-04-03T02:17:54.129+0600][36.030s][info][gc,ergo     ] GC(31) Free: 503M, Max: 256K regular, 67840K humongous, Frag: 87% external, 0% internal; Reserve: 37981K, Max: 256K
[2026-04-03T02:17:54.129+0600][36.030s][info][gc,start    ] GC(31) Concurrent class unloading
[2026-04-03T02:17:54.129+0600][36.030s][info][gc,task     ] GC(31) Using 3 of 6 workers for concurrent class unloading
[2026-04-03T02:17:54.155+0600][36.056s][info][gc          ] GC(31) Concurrent class unloading 26.482ms
[2026-04-03T02:17:54.155+0600][36.056s][info][gc,start    ] GC(31) Concurrent strong roots
[2026-04-03T02:17:54.155+0600][36.056s][info][gc,task     ] GC(31) Using 3 of 6 workers for concurrent strong root
[2026-04-03T02:17:54.157+0600][36.058s][info][gc          ] GC(31) Concurrent strong roots 1.658ms
[2026-04-03T02:17:54.157+0600][36.058s][info][gc,start    ] GC(31) Concurrent evacuation
[2026-04-03T02:17:54.157+0600][36.058s][info][gc,task     ] GC(31) Using 3 of 6 workers for concurrent evacuation
[2026-04-03T02:17:54.160+0600][36.061s][info][gc          ] GC(31) Concurrent evacuation 2.524ms
[2026-04-03T02:17:54.160+0600][36.061s][info][gc,start    ] GC(31) Pause Init Update Refs
[2026-04-03T02:17:54.160+0600][36.061s][info][gc,ergo     ] GC(31) Pacer for Update Refs. Used: 221M, Free: 489M, Non-Taxable: 50155K, Alloc Tax Rate: 1.1x
[2026-04-03T02:17:54.160+0600][36.061s][info][gc          ] GC(31) Pause Init Update Refs 0.127ms
[2026-04-03T02:17:54.160+0600][36.061s][info][gc,start    ] GC(31) Concurrent update references
[2026-04-03T02:17:54.160+0600][36.061s][info][gc,task     ] GC(31) Using 3 of 6 workers for concurrent reference update
[2026-04-03T02:17:54.195+0600][36.096s][info][gc          ] GC(31) Concurrent update references 34.624ms
[2026-04-03T02:17:54.195+0600][36.096s][info][gc,start    ] GC(31) Concurrent update thread roots
[2026-04-03T02:17:54.197+0600][36.098s][info][gc          ] GC(31) Concurrent update thread roots 1.964ms
[2026-04-03T02:17:54.197+0600][36.098s][info][gc,start    ] GC(31) Pause Final Update Refs
[2026-04-03T02:17:54.197+0600][36.098s][info][gc,task     ] GC(31) Using 6 of 6 workers for final reference update
[2026-04-03T02:17:54.197+0600][36.099s][info][gc          ] GC(31) Pause Final Update Refs 0.251ms
[2026-04-03T02:17:54.198+0600][36.099s][info][gc,start    ] GC(31) Concurrent cleanup
[2026-04-03T02:17:54.198+0600][36.099s][info][gc          ] GC(31) Concurrent cleanup 233M->164M(627M) 0.636ms
[2026-04-03T02:17:54.198+0600][36.099s][info][gc,ergo     ] Free: 541M, Max: 256K regular, 172M humongous, Frag: 69% external, 0% internal; Reserve: 38400K, Max: 256K
[2026-04-03T02:17:54.198+0600][36.099s][info][gc,stats    ] 
[2026-04-03T02:17:54.198+0600][36.099s][info][gc,stats    ] All times are wall-clock times, except per-root-class counters, that are sum over
[2026-04-03T02:17:54.198+0600][36.099s][info][gc,stats    ] all workers. Dividing the <total> over the root stage time estimates parallelism.
[2026-04-03T02:17:54.198+0600][36.099s][info][gc,stats    ] 
[2026-04-03T02:17:54.198+0600][36.099s][info][gc,stats    ] Concurrent Reset                    999 us
[2026-04-03T02:17:54.198+0600][36.100s][info][gc,stats    ] Pause Init Mark (G)                 746 us
[2026-04-03T02:17:54.198+0600][36.100s][info][gc,stats    ] Pause Init Mark (N)                 230 us
[2026-04-03T02:17:54.198+0600][36.100s][info][gc,stats    ]   Update Region States               48 us
[2026-04-03T02:17:54.198+0600][36.100s][info][gc,stats    ] Concurrent Mark Roots              2467 us, parallelism: 1.46x
[2026-04-03T02:17:54.198+0600][36.100s][info][gc,stats    ]   CMR: <total>                     3610 us
[2026-04-03T02:17:54.198+0600][36.100s][info][gc,stats    ]   CMR: Thread Roots                3053 us, workers (us): 1283, 1769,   0, ---, ---, ---, 
[2026-04-03T02:17:54.198+0600][36.100s][info][gc,stats    ]   CMR: VM Strong Roots               74 us, workers (us):  48,  25,   0, ---, ---, ---, 
[2026-04-03T02:17:54.198+0600][36.100s][info][gc,stats    ]   CMR: CLDG Roots                   484 us, workers (us): 484, ---, ---, ---, ---, ---, 
[2026-04-03T02:17:54.198+0600][36.100s][info][gc,stats    ] Concurrent Marking                55961 us
[2026-04-03T02:17:54.198+0600][36.100s][info][gc,stats    ] Pause Final Mark (G)               1029 us
[2026-04-03T02:17:54.198+0600][36.100s][info][gc,stats    ] Pause Final Mark (N)                695 us
[2026-04-03T02:17:54.198+0600][36.100s][info][gc,stats    ]   Finish Mark                       232 us
[2026-04-03T02:17:54.198+0600][36.100s][info][gc,stats    ]   Update Region States               51 us
[2026-04-03T02:17:54.198+0600][36.100s][info][gc,stats    ]   Choose Collection Set             228 us
[2026-04-03T02:17:54.198+0600][36.100s][info][gc,stats    ]   Rebuild Free Set                   34 us
[2026-04-03T02:17:54.198+0600][36.100s][info][gc,stats    ] Concurrent Thread Roots            5203 us, parallelism: 1.60x
[2026-04-03T02:17:54.199+0600][36.100s][info][gc,stats    ]   CTR: <total>                     8300 us
[2026-04-03T02:17:54.199+0600][36.100s][info][gc,stats    ]   CTR: Thread Roots                8300 us, workers (us): 4962, 1679, 1659, ---, ---, ---, 
[2026-04-03T02:17:54.199+0600][36.100s][info][gc,stats    ] Concurrent Weak References          605 us, parallelism: 1.42x
[2026-04-03T02:17:54.199+0600][36.100s][info][gc,stats    ]   CWRF: <total>                     861 us
[2026-04-03T02:17:54.199+0600][36.100s][info][gc,stats    ]   CWRF: Weak References             861 us, workers (us): 371, 273, 218, ---, ---, ---, 
[2026-04-03T02:17:54.199+0600][36.100s][info][gc,stats    ] Concurrent Weak Roots              7402 us
[2026-04-03T02:17:54.199+0600][36.100s][info][gc,stats    ]   Roots                            5615 us, parallelism: 2.69x
[2026-04-03T02:17:54.199+0600][36.100s][info][gc,stats    ]     CWR: <total>                  15122 us
[2026-04-03T02:17:54.199+0600][36.100s][info][gc,stats    ]     CWR: Code Cache Roots         12129 us, workers (us): 4127, 4006, 3996, ---, ---, ---, 
[2026-04-03T02:17:54.199+0600][36.100s][info][gc,stats    ]     CWR: VM Weak Roots             2728 us, workers (us): 980, 960, 788, ---, ---, ---, 
[2026-04-03T02:17:54.199+0600][36.100s][info][gc,stats    ]     CWR: CLDG Roots                 265 us, workers (us): ---, ---, 265, ---, ---, ---, 
[2026-04-03T02:17:54.199+0600][36.100s][info][gc,stats    ]   Rendezvous                       1628 us
[2026-04-03T02:17:54.199+0600][36.100s][info][gc,stats    ] Concurrent Cleanup                  614 us
[2026-04-03T02:17:54.199+0600][36.100s][info][gc,stats    ] Concurrent Class Unloading        26611 us
[2026-04-03T02:17:54.199+0600][36.100s][info][gc,stats    ]   Unlink Stale                    20307 us
[2026-04-03T02:17:54.199+0600][36.100s][info][gc,stats    ]     System Dictionary               367 us
[2026-04-03T02:17:54.199+0600][36.100s][info][gc,stats    ]     Weak Class Links                  0 us
[2026-04-03T02:17:54.199+0600][36.100s][info][gc,stats    ]     Code Roots                    19934 us
[2026-04-03T02:17:54.199+0600][36.100s][info][gc,stats    ]   Rendezvous                        598 us
[2026-04-03T02:17:54.199+0600][36.100s][info][gc,stats    ]   Purge Unlinked                   5531 us
[2026-04-03T02:17:54.199+0600][36.100s][info][gc,stats    ]     Code Roots                     5510 us
[2026-04-03T02:17:54.199+0600][36.100s][info][gc,stats    ]     CLDG                             19 us
[2026-04-03T02:17:54.199+0600][36.100s][info][gc,stats    ]     Exception Caches                  1 us
[2026-04-03T02:17:54.199+0600][36.100s][info][gc,stats    ] Concurrent Strong Roots            1756 us, parallelism: 0.68x
[2026-04-03T02:17:54.199+0600][36.100s][info][gc,stats    ]   CSR: <total>                     1188 us
[2026-04-03T02:17:54.199+0600][36.100s][info][gc,stats    ]   CSR: VM Strong Roots               68 us, workers (us):  57,  11,   0, ---, ---, ---, 
[2026-04-03T02:17:54.199+0600][36.100s][info][gc,stats    ]   CSR: CLDG Roots                  1119 us, workers (us): ---, 1119, ---, ---, ---, ---, 
[2026-04-03T02:17:54.199+0600][36.100s][info][gc,stats    ] Concurrent Evacuation              2602 us
[2026-04-03T02:17:54.199+0600][36.100s][info][gc,stats    ] Pause Init Update Refs (G)          580 us
[2026-04-03T02:17:54.199+0600][36.100s][info][gc,stats    ] Pause Init Update Refs (N)          138 us
[2026-04-03T02:17:54.199+0600][36.100s][info][gc,stats    ]   Manage GCLABs                      51 us
[2026-04-03T02:17:54.199+0600][36.100s][info][gc,stats    ] Concurrent Update Refs            34783 us
[2026-04-03T02:17:54.199+0600][36.100s][info][gc,stats    ] Concurrent Update Thread Roots     2054 us
[2026-04-03T02:17:54.199+0600][36.100s][info][gc,stats    ] Pause Final Update Refs (G)         601 us
[2026-04-03T02:17:54.199+0600][36.100s][info][gc,stats    ] Pause Final Update Refs (N)         272 us
[2026-04-03T02:17:54.199+0600][36.100s][info][gc,stats    ]   Update Region States               65 us
[2026-04-03T02:17:54.199+0600][36.100s][info][gc,stats    ]   Trash Collection Set               17 us
[2026-04-03T02:17:54.199+0600][36.100s][info][gc,stats    ]   Rebuild Free Set                   43 us
[2026-04-03T02:17:54.199+0600][36.100s][info][gc,stats    ] Concurrent Cleanup                  656 us
[2026-04-03T02:17:54.199+0600][36.100s][info][gc,stats    ] Pacing                            82983 us
[2026-04-03T02:17:54.199+0600][36.100s][info][gc,stats    ] 
[2026-04-03T02:17:54.199+0600][36.100s][info][gc,stats    ] Allocation pacing accrued:
[2026-04-03T02:17:54.199+0600][36.100s][info][gc,stats    ]      10 of   448 ms (  2.3%): Executor task launch worker for task 1.0 in stage 501.0 (TID 1122)
[2026-04-03T02:17:54.199+0600][36.100s][info][gc,stats    ]      11 of   448 ms (  2.5%): Executor task launch worker for task 0.0 in stage 501.0 (TID 1121)
[2026-04-03T02:17:54.199+0600][36.100s][info][gc,stats    ]      10 of   448 ms (  2.3%): Executor task launch worker for task 7.0 in stage 501.0 (TID 1128)
[2026-04-03T02:17:54.199+0600][36.100s][info][gc,stats    ]      10 of   448 ms (  2.3%): Executor task launch worker for task 2.0 in stage 501.0 (TID 1123)
[2026-04-03T02:17:54.199+0600][36.100s][info][gc,stats    ]      11 of   448 ms (  2.5%): Executor task launch worker for task 6.0 in stage 501.0 (TID 1127)
[2026-04-03T02:17:54.199+0600][36.100s][info][gc,stats    ]      10 of   448 ms (  2.3%): Executor task launch worker for task 3.0 in stage 501.0 (TID 1124)
[2026-04-03T02:17:54.199+0600][36.100s][info][gc,stats    ]      10 of   448 ms (  2.3%): Executor task launch worker for task 4.0 in stage 501.0 (TID 1125)
[2026-04-03T02:17:54.199+0600][36.100s][info][gc,stats    ]      10 of   448 ms (  2.2%): Executor task launch worker for task 5.0 in stage 501.0 (TID 1126)
[2026-04-03T02:17:54.199+0600][36.100s][info][gc,stats    ]      83 of   448 ms ( 18.5%): <total>
[2026-04-03T02:17:54.199+0600][36.100s][info][gc,stats    ]       0 of   448 ms (  0.1%): <average total>
[2026-04-03T02:17:54.199+0600][36.100s][info][gc,stats    ]      10 of   448 ms (  2.3%): <average non-zero>
[2026-04-03T02:17:54.199+0600][36.100s][info][gc,stats    ] 
[2026-04-03T02:17:54.199+0600][36.100s][info][gc,metaspace] Metaspace: 130244K(131456K)->130273K(131456K) NonClass: 113776K(114432K)->113804K(114432K) Class: 16468K(17024K)->16468K(17024K)
[2026-04-03T02:17:54.199+0600][36.100s][info][gc,ergo     ] Pacer for Idle. Initial: 15360K, Alloc Tax Rate: 1.0x
[2026-04-03T02:17:54.727+0600][36.628s][info][gc          ] Trigger: Average GC time (183.04 ms) is above the time for average allocation rate (820 MB/s) to deplete free headroom (147M) (margin of error = 1.84)
[2026-04-03T02:17:54.727+0600][36.628s][info][gc,ergo     ] Free headroom: 184M (free) - 38400K (spike) - 0B (penalties) = 147M
[2026-04-03T02:17:54.727+0600][36.628s][info][gc,ergo     ] Free: 184M, Max: 256K regular, 67840K humongous, Frag: 65% external, 1% internal; Reserve: 38400K, Max: 256K
[2026-04-03T02:17:54.727+0600][36.628s][info][gc,start    ] GC(32) Concurrent reset
[2026-04-03T02:17:54.727+0600][36.628s][info][gc,task     ] GC(32) Using 3 of 6 workers for concurrent reset
[2026-04-03T02:17:54.727+0600][36.628s][info][gc,ergo     ] GC(32) Pacer for Reset. Non-Taxable: 750M
[2026-04-03T02:17:54.728+0600][36.629s][info][gc          ] GC(32) Concurrent reset 0.918ms
[2026-04-03T02:17:54.728+0600][36.629s][info][gc,start    ] GC(32) Pause Init Mark (unload classes)
[2026-04-03T02:17:54.728+0600][36.629s][info][gc,task     ] GC(32) Using 6 of 6 workers for init marking
[2026-04-03T02:17:54.728+0600][36.630s][info][gc,ergo     ] GC(32) Pacer for Mark. Expected Live: 91495K, Free: 184M, Non-Taxable: 18934K, Alloc Tax Rate: 0.6x
[2026-04-03T02:17:54.728+0600][36.630s][info][gc          ] GC(32) Pause Init Mark (unload classes) 0.125ms
[2026-04-03T02:17:54.729+0600][36.630s][info][gc,start    ] GC(32) Concurrent marking roots
[2026-04-03T02:17:54.729+0600][36.630s][info][gc,task     ] GC(32) Using 3 of 6 workers for concurrent marking roots
[2026-04-03T02:17:54.730+0600][36.631s][info][gc          ] GC(32) Concurrent marking roots 1.275ms
[2026-04-03T02:17:54.730+0600][36.631s][info][gc,start    ] GC(32) Concurrent marking (unload classes)
[2026-04-03T02:17:54.730+0600][36.631s][info][gc,task     ] GC(32) Using 3 of 6 workers for concurrent marking
[2026-04-03T02:17:54.795+0600][36.696s][info][gc          ] GC(32) Concurrent marking (unload classes) 64.786ms
[2026-04-03T02:17:54.795+0600][36.696s][info][gc,start    ] GC(32) Pause Final Mark (unload classes)
[2026-04-03T02:17:54.795+0600][36.696s][info][gc,task     ] GC(32) Using 6 of 6 workers for final marking
[2026-04-03T02:17:54.795+0600][36.696s][info][gc,ergo     ] GC(32) Adaptive CSet Selection. Target Free: 106M, Actual Free: 502M, Max CSet: 32000K, Min Garbage: 0B
[2026-04-03T02:17:54.796+0600][36.697s][info][gc,ergo     ] GC(32) Collectable Garbage: 405M (98%), Immediate: 312M (75%), CSet: 95140K (22%)
[2026-04-03T02:17:54.796+0600][36.697s][info][gc,ergo     ] GC(32) Pacer for Evacuation. Used CSet: 98804K, Free: 493M, Non-Taxable: 50517K, Alloc Tax Rate: 1.1x
[2026-04-03T02:17:54.796+0600][36.697s][info][gc          ] GC(32) Pause Final Mark (unload classes) 0.768ms
[2026-04-03T02:17:54.796+0600][36.697s][info][gc,start    ] GC(32) Concurrent thread roots
[2026-04-03T02:17:54.796+0600][36.697s][info][gc,task     ] GC(32) Using 3 of 6 workers for Concurrent thread roots
[2026-04-03T02:17:54.797+0600][36.698s][info][gc          ] GC(32) Concurrent thread roots 0.964ms
[2026-04-03T02:17:54.797+0600][36.698s][info][gc,start    ] GC(32) Concurrent weak references
[2026-04-03T02:17:54.797+0600][36.698s][info][gc,task     ] GC(32) Using 3 of 6 workers for concurrent weak references
[2026-04-03T02:17:54.798+0600][36.699s][info][gc,ref      ] GC(32) Encountered references: Soft: 3864, Weak: 16434, Final: 84, Phantom: 621
[2026-04-03T02:17:54.798+0600][36.699s][info][gc,ref      ] GC(32) Discovered  references: Soft: 0, Weak: 10202, Final: 48, Phantom: 617
[2026-04-03T02:17:54.798+0600][36.699s][info][gc,ref      ] GC(32) Enqueued    references: Soft: 0, Weak: 1613, Final: 0, Phantom: 0
[2026-04-03T02:17:54.798+0600][36.699s][info][gc          ] GC(32) Concurrent weak references 1.517ms
[2026-04-03T02:17:54.798+0600][36.699s][info][gc,start    ] GC(32) Concurrent weak roots
[2026-04-03T02:17:54.798+0600][36.699s][info][gc,task     ] GC(32) Using 3 of 6 workers for concurrent weak root
[2026-04-03T02:17:54.802+0600][36.704s][info][gc          ] GC(32) Concurrent weak roots 4.119ms
[2026-04-03T02:17:54.803+0600][36.704s][info][gc,start    ] GC(32) Concurrent cleanup
[2026-04-03T02:17:54.803+0600][36.704s][info][gc          ] GC(32) Concurrent cleanup 528M->216M(627M) 0.769ms
[2026-04-03T02:17:54.803+0600][36.704s][info][gc,ergo     ] GC(32) Free: 492M, Max: 256K regular, 67840K humongous, Frag: 87% external, 0% internal; Reserve: 38023K, Max: 256K
[2026-04-03T02:17:54.803+0600][36.704s][info][gc,start    ] GC(32) Concurrent class unloading
[2026-04-03T02:17:54.803+0600][36.704s][info][gc,task     ] GC(32) Using 3 of 6 workers for concurrent class unloading
[2026-04-03T02:17:54.824+0600][36.725s][info][gc          ] GC(32) Concurrent class unloading 20.780ms
[2026-04-03T02:17:54.824+0600][36.725s][info][gc,start    ] GC(32) Concurrent strong roots
[2026-04-03T02:17:54.824+0600][36.725s][info][gc,task     ] GC(32) Using 3 of 6 workers for concurrent strong root
[2026-04-03T02:17:54.828+0600][36.729s][info][gc          ] GC(32) Concurrent strong roots 3.501ms
[2026-04-03T02:17:54.828+0600][36.729s][info][gc,start    ] GC(32) Concurrent evacuation
[2026-04-03T02:17:54.828+0600][36.729s][info][gc,task     ] GC(32) Using 3 of 6 workers for concurrent evacuation
[2026-04-03T02:17:54.832+0600][36.733s][info][gc          ] GC(32) Concurrent evacuation 3.896ms
[2026-04-03T02:17:54.833+0600][36.734s][info][gc,start    ] GC(32) Pause Init Update Refs
[2026-04-03T02:17:54.833+0600][36.734s][info][gc,ergo     ] GC(32) Pacer for Update Refs. Used: 233M, Free: 478M, Non-Taxable: 49028K, Alloc Tax Rate: 1.1x
[2026-04-03T02:17:54.833+0600][36.734s][info][gc          ] GC(32) Pause Init Update Refs 0.190ms
[2026-04-03T02:17:54.837+0600][36.738s][info][gc,start    ] GC(32) Concurrent update references
[2026-04-03T02:17:54.837+0600][36.738s][info][gc,task     ] GC(32) Using 3 of 6 workers for concurrent reference update
[2026-04-03T02:17:54.892+0600][36.793s][info][gc          ] GC(32) Concurrent update references 54.740ms
[2026-04-03T02:17:54.892+0600][36.793s][info][gc,start    ] GC(32) Concurrent update thread roots
[2026-04-03T02:17:54.894+0600][36.795s][info][gc          ] GC(32) Concurrent update thread roots 2.055ms
[2026-04-03T02:17:54.894+0600][36.795s][info][gc,start    ] GC(32) Pause Final Update Refs
[2026-04-03T02:17:54.894+0600][36.795s][info][gc,task     ] GC(32) Using 6 of 6 workers for final reference update
[2026-04-03T02:17:54.895+0600][36.796s][info][gc          ] GC(32) Pause Final Update Refs 0.269ms
[2026-04-03T02:17:54.896+0600][36.797s][info][gc,start    ] GC(32) Concurrent cleanup
[2026-04-03T02:17:54.896+0600][36.798s][info][gc          ] GC(32) Concurrent cleanup 271M->176M(627M) 0.725ms
[2026-04-03T02:17:54.897+0600][36.798s][info][gc,ergo     ] Free: 529M, Max: 256K regular, 201M humongous, Frag: 62% external, 1% internal; Reserve: 38400K, Max: 256K
[2026-04-03T02:17:54.897+0600][36.798s][info][gc,stats    ] 
[2026-04-03T02:17:54.897+0600][36.798s][info][gc,stats    ] All times are wall-clock times, except per-root-class counters, that are sum over
[2026-04-03T02:17:54.897+0600][36.798s][info][gc,stats    ] all workers. Dividing the <total> over the root stage time estimates parallelism.
[2026-04-03T02:17:54.897+0600][36.798s][info][gc,stats    ] 
[2026-04-03T02:17:54.897+0600][36.798s][info][gc,stats    ] Concurrent Reset                    973 us
[2026-04-03T02:17:54.897+0600][36.798s][info][gc,stats    ] Pause Init Mark (G)                 437 us
[2026-04-03T02:17:54.897+0600][36.798s][info][gc,stats    ] Pause Init Mark (N)                 136 us
[2026-04-03T02:17:54.897+0600][36.798s][info][gc,stats    ]   Update Region States               27 us
[2026-04-03T02:17:54.897+0600][36.798s][info][gc,stats    ] Concurrent Mark Roots              1326 us, parallelism: 1.75x
[2026-04-03T02:17:54.897+0600][36.798s][info][gc,stats    ]   CMR: <total>                     2315 us
[2026-04-03T02:17:54.897+0600][36.798s][info][gc,stats    ]   CMR: Thread Roots                2073 us, workers (us): 764, 770, 539, ---, ---, ---, 
[2026-04-03T02:17:54.897+0600][36.798s][info][gc,stats    ]   CMR: VM Strong Roots               36 us, workers (us):  34,   1,   1, ---, ---, ---, 
[2026-04-03T02:17:54.897+0600][36.798s][info][gc,stats    ]   CMR: CLDG Roots                   205 us, workers (us): ---, ---, 205, ---, ---, ---, 
[2026-04-03T02:17:54.897+0600][36.798s][info][gc,stats    ] Concurrent Marking                64881 us
[2026-04-03T02:17:54.897+0600][36.798s][info][gc,stats    ] Pause Final Mark (G)                980 us
[2026-04-03T02:17:54.897+0600][36.798s][info][gc,stats    ] Pause Final Mark (N)                782 us
[2026-04-03T02:17:54.897+0600][36.798s][info][gc,stats    ]   Finish Mark                       260 us
[2026-04-03T02:17:54.897+0600][36.798s][info][gc,stats    ]   Update Region States               55 us
[2026-04-03T02:17:54.897+0600][36.798s][info][gc,stats    ]   Choose Collection Set             257 us
[2026-04-03T02:17:54.897+0600][36.798s][info][gc,stats    ]   Rebuild Free Set                   38 us
[2026-04-03T02:17:54.897+0600][36.798s][info][gc,stats    ] Concurrent Thread Roots            1034 us, parallelism: 2.31x
[2026-04-03T02:17:54.897+0600][36.798s][info][gc,stats    ]   CTR: <total>                     2387 us
[2026-04-03T02:17:54.897+0600][36.798s][info][gc,stats    ]   CTR: Thread Roots                2387 us, workers (us): 816, 806, 765, ---, ---, ---, 
[2026-04-03T02:17:54.897+0600][36.798s][info][gc,stats    ] Concurrent Weak References         1531 us, parallelism: 0.91x
[2026-04-03T02:17:54.897+0600][36.798s][info][gc,stats    ]   CWRF: <total>                    1386 us
[2026-04-03T02:17:54.897+0600][36.798s][info][gc,stats    ]   CWRF: Weak References            1386 us, workers (us): 137, 1247,   2, ---, ---, ---, 
[2026-04-03T02:17:54.897+0600][36.798s][info][gc,stats    ] Concurrent Weak Roots              4205 us
[2026-04-03T02:17:54.897+0600][36.798s][info][gc,stats    ]   Roots                            3648 us, parallelism: 2.61x
[2026-04-03T02:17:54.897+0600][36.798s][info][gc,stats    ]     CWR: <total>                   9519 us
[2026-04-03T02:17:54.897+0600][36.798s][info][gc,stats    ]     CWR: Code Cache Roots          7092 us, workers (us): 2466, 2232, 2394, ---, ---, ---, 
[2026-04-03T02:17:54.897+0600][36.798s][info][gc,stats    ]     CWR: VM Weak Roots             2312 us, workers (us): 810, 786, 716, ---, ---, ---, 
[2026-04-03T02:17:54.897+0600][36.798s][info][gc,stats    ]     CWR: CLDG Roots                 115 us, workers (us): ---, 115, ---, ---, ---, ---, 
[2026-04-03T02:17:54.897+0600][36.798s][info][gc,stats    ]   Rendezvous                        437 us
[2026-04-03T02:17:54.897+0600][36.798s][info][gc,stats    ] Concurrent Cleanup                  786 us
[2026-04-03T02:17:54.897+0600][36.798s][info][gc,stats    ] Concurrent Class Unloading        20926 us
[2026-04-03T02:17:54.897+0600][36.798s][info][gc,stats    ]   Unlink Stale                    14154 us
[2026-04-03T02:17:54.897+0600][36.798s][info][gc,stats    ]     System Dictionary               227 us
[2026-04-03T02:17:54.897+0600][36.798s][info][gc,stats    ]     Weak Class Links                  0 us
[2026-04-03T02:17:54.897+0600][36.798s][info][gc,stats    ]     Code Roots                    13923 us
[2026-04-03T02:17:54.897+0600][36.798s][info][gc,stats    ]   Rendezvous                       1623 us
[2026-04-03T02:17:54.897+0600][36.798s][info][gc,stats    ]   Purge Unlinked                   4972 us
[2026-04-03T02:17:54.897+0600][36.798s][info][gc,stats    ]     Code Roots                     4927 us
[2026-04-03T02:17:54.897+0600][36.798s][info][gc,stats    ]     CLDG                             43 us
[2026-04-03T02:17:54.897+0600][36.798s][info][gc,stats    ]     Exception Caches                  0 us
[2026-04-03T02:17:54.897+0600][36.798s][info][gc,stats    ] Concurrent Strong Roots            3611 us, parallelism: 0.26x
[2026-04-03T02:17:54.897+0600][36.798s][info][gc,stats    ]   CSR: <total>                      956 us
[2026-04-03T02:17:54.897+0600][36.798s][info][gc,stats    ]   CSR: VM Strong Roots               70 us, workers (us):  66,   2,   2, ---, ---, ---, 
[2026-04-03T02:17:54.897+0600][36.798s][info][gc,stats    ]   CSR: CLDG Roots                   886 us, workers (us): 886, ---, ---, ---, ---, ---, 
[2026-04-03T02:17:54.897+0600][36.798s][info][gc,stats    ] Concurrent Evacuation              4003 us
[2026-04-03T02:17:54.897+0600][36.798s][info][gc,stats    ] Pause Init Update Refs (G)         4900 us
[2026-04-03T02:17:54.897+0600][36.798s][info][gc,stats    ] Pause Init Update Refs (N)          210 us
[2026-04-03T02:17:54.897+0600][36.799s][info][gc,stats    ]   Manage GCLABs                      61 us
[2026-04-03T02:17:54.897+0600][36.799s][info][gc,stats    ] Concurrent Update Refs            54852 us
[2026-04-03T02:17:54.897+0600][36.799s][info][gc,stats    ] Concurrent Update Thread Roots     2161 us
[2026-04-03T02:17:54.897+0600][36.799s][info][gc,stats    ] Pause Final Update Refs (G)        1909 us
[2026-04-03T02:17:54.897+0600][36.799s][info][gc,stats    ] Pause Final Update Refs (N)         288 us
[2026-04-03T02:17:54.897+0600][36.799s][info][gc,stats    ]   Update Region States               72 us
[2026-04-03T02:17:54.897+0600][36.799s][info][gc,stats    ]   Trash Collection Set               23 us
[2026-04-03T02:17:54.897+0600][36.799s][info][gc,stats    ]   Rebuild Free Set                   50 us
[2026-04-03T02:17:54.897+0600][36.799s][info][gc,stats    ] Concurrent Cleanup                  813 us
[2026-04-03T02:17:54.898+0600][36.799s][info][gc,stats    ] Pacing                            97848 us
[2026-04-03T02:17:54.898+0600][36.799s][info][gc,stats    ] 
[2026-04-03T02:17:54.898+0600][36.799s][info][gc,stats    ] Allocation pacing accrued:
[2026-04-03T02:17:54.898+0600][36.799s][info][gc,stats    ]       8 of   699 ms (  1.2%): dispatcher-event-loop-6
[2026-04-03T02:17:54.898+0600][36.799s][info][gc,stats    ]      11 of   699 ms (  1.6%): Executor task launch worker for task 4.0 in stage 539.0 (TID 1189)
[2026-04-03T02:17:54.898+0600][36.799s][info][gc,stats    ]      11 of   699 ms (  1.6%): Executor task launch worker for task 7.0 in stage 539.0 (TID 1192)
[2026-04-03T02:17:54.898+0600][36.799s][info][gc,stats    ]      11 of   699 ms (  1.6%): Executor task launch worker for task 2.0 in stage 539.0 (TID 1187)
[2026-04-03T02:17:54.898+0600][36.799s][info][gc,stats    ]      20 of   699 ms (  2.9%): task-result-getter-0
[2026-04-03T02:17:54.898+0600][36.799s][info][gc,stats    ]       8 of   699 ms (  1.2%): task-result-getter-1
[2026-04-03T02:17:54.898+0600][36.799s][info][gc,stats    ]       8 of   699 ms (  1.2%): task-result-getter-2
[2026-04-03T02:17:54.898+0600][36.799s][info][gc,stats    ]      19 of   699 ms (  2.8%): task-result-getter-3
[2026-04-03T02:17:54.898+0600][36.799s][info][gc,stats    ]      98 of   699 ms ( 14.0%): <total>
[2026-04-03T02:17:54.898+0600][36.799s][info][gc,stats    ]       0 of   699 ms (  0.0%): <average total>
[2026-04-03T02:17:54.898+0600][36.799s][info][gc,stats    ]      12 of   699 ms (  1.8%): <average non-zero>
[2026-04-03T02:17:54.898+0600][36.799s][info][gc,stats    ] 
[2026-04-03T02:17:54.898+0600][36.799s][info][gc,metaspace] Metaspace: 130342K(131520K)->130342K(131520K) NonClass: 113872K(114496K)->113873K(114496K) Class: 16469K(17024K)->16469K(17024K)
[2026-04-03T02:17:54.898+0600][36.799s][info][gc,ergo     ] Pacer for Idle. Initial: 15360K, Alloc Tax Rate: 1.0x
[2026-04-03T02:17:55.236+0600][37.137s][info][gc          ] Trigger: Average GC time (191.12 ms) is above the time for average allocation rate (910 MB/s) to deplete free headroom (173M) (margin of error = 1.84)
[2026-04-03T02:17:55.236+0600][37.137s][info][gc,ergo     ] Free headroom: 210M (free) - 38400K (spike) - 0B (penalties) = 173M
[2026-04-03T02:17:55.236+0600][37.137s][info][gc,ergo     ] Free: 210M, Max: 256K regular, 67840K humongous, Frag: 69% external, 0% internal; Reserve: 38400K, Max: 256K
[2026-04-03T02:17:55.236+0600][37.137s][info][gc,start    ] GC(33) Concurrent reset
[2026-04-03T02:17:55.236+0600][37.137s][info][gc,task     ] GC(33) Using 3 of 6 workers for concurrent reset
[2026-04-03T02:17:55.236+0600][37.137s][info][gc,ergo     ] GC(33) Pacer for Reset. Non-Taxable: 750M
[2026-04-03T02:17:55.237+0600][37.138s][info][gc          ] GC(33) Concurrent reset 1.191ms
[2026-04-03T02:17:55.238+0600][37.139s][info][gc,start    ] GC(33) Pause Init Mark (unload classes)
[2026-04-03T02:17:55.238+0600][37.139s][info][gc,task     ] GC(33) Using 6 of 6 workers for init marking
[2026-04-03T02:17:55.238+0600][37.139s][info][gc,ergo     ] GC(33) Pacer for Mark. Expected Live: 91051K, Free: 209M, Non-Taxable: 21404K, Alloc Tax Rate: 0.5x
[2026-04-03T02:17:55.238+0600][37.139s][info][gc          ] GC(33) Pause Init Mark (unload classes) 0.175ms
[2026-04-03T02:17:55.238+0600][37.139s][info][gc,start    ] GC(33) Concurrent marking roots
[2026-04-03T02:17:55.238+0600][37.139s][info][gc,task     ] GC(33) Using 3 of 6 workers for concurrent marking roots
[2026-04-03T02:17:55.240+0600][37.141s][info][gc          ] GC(33) Concurrent marking roots 1.586ms
[2026-04-03T02:17:55.240+0600][37.141s][info][gc,start    ] GC(33) Concurrent marking (unload classes)
[2026-04-03T02:17:55.240+0600][37.141s][info][gc,task     ] GC(33) Using 3 of 6 workers for concurrent marking
[2026-04-03T02:17:55.303+0600][37.204s][info][gc          ] GC(33) Concurrent marking (unload classes) 63.401ms
[2026-04-03T02:17:55.303+0600][37.204s][info][gc,start    ] GC(33) Pause Final Mark (unload classes)
[2026-04-03T02:17:55.303+0600][37.204s][info][gc,task     ] GC(33) Using 6 of 6 workers for final marking
[2026-04-03T02:17:55.304+0600][37.205s][info][gc,ergo     ] GC(33) Adaptive CSet Selection. Target Free: 106M, Actual Free: 547M, Max CSet: 32000K, Min Garbage: 0B
[2026-04-03T02:17:55.304+0600][37.205s][info][gc,ergo     ] GC(33) Collectable Garbage: 384M (98%), Immediate: 337M (85%), CSet: 49061K (12%)
[2026-04-03T02:17:55.304+0600][37.205s][info][gc,ergo     ] GC(33) Pacer for Evacuation. Used CSet: 51023K, Free: 533M, Non-Taxable: 54669K, Alloc Tax Rate: 1.1x
[2026-04-03T02:17:55.304+0600][37.205s][info][gc          ] GC(33) Pause Final Mark (unload classes) 0.761ms
[2026-04-03T02:17:55.304+0600][37.205s][info][gc,start    ] GC(33) Concurrent thread roots
[2026-04-03T02:17:55.304+0600][37.205s][info][gc,task     ] GC(33) Using 3 of 6 workers for Concurrent thread roots
[2026-04-03T02:17:55.305+0600][37.206s][info][gc          ] GC(33) Concurrent thread roots 1.055ms
[2026-04-03T02:17:55.305+0600][37.206s][info][gc,start    ] GC(33) Concurrent weak references
[2026-04-03T02:17:55.305+0600][37.206s][info][gc,task     ] GC(33) Using 3 of 6 workers for concurrent weak references
[2026-04-03T02:17:55.306+0600][37.207s][info][gc,ref      ] GC(33) Encountered references: Soft: 3865, Weak: 15479, Final: 84, Phantom: 621
[2026-04-03T02:17:55.306+0600][37.207s][info][gc,ref      ] GC(33) Discovered  references: Soft: 0, Weak: 8777, Final: 84, Phantom: 617
[2026-04-03T02:17:55.306+0600][37.207s][info][gc,ref      ] GC(33) Enqueued    references: Soft: 0, Weak: 21, Final: 0, Phantom: 0
[2026-04-03T02:17:55.306+0600][37.207s][info][gc          ] GC(33) Concurrent weak references 1.012ms
[2026-04-03T02:17:55.306+0600][37.207s][info][gc,start    ] GC(33) Concurrent weak roots
[2026-04-03T02:17:55.306+0600][37.207s][info][gc,task     ] GC(33) Using 3 of 6 workers for concurrent weak root
[2026-04-03T02:17:55.310+0600][37.211s][info][gc          ] GC(33) Concurrent weak roots 4.018ms
[2026-04-03T02:17:55.310+0600][37.211s][info][gc,start    ] GC(33) Concurrent cleanup
[2026-04-03T02:17:55.311+0600][37.212s][info][gc          ] GC(33) Concurrent cleanup 516M->179M(627M) 0.597ms
[2026-04-03T02:17:55.311+0600][37.212s][info][gc,ergo     ] GC(33) Free: 528M, Max: 256K regular, 67840K humongous, Frag: 88% external, 0% internal; Reserve: 38006K, Max: 256K
[2026-04-03T02:17:55.311+0600][37.212s][info][gc,start    ] GC(33) Concurrent class unloading
[2026-04-03T02:17:55.311+0600][37.212s][info][gc,task     ] GC(33) Using 3 of 6 workers for concurrent class unloading
[2026-04-03T02:17:55.329+0600][37.230s][info][gc          ] GC(33) Concurrent class unloading 18.107ms
[2026-04-03T02:17:55.329+0600][37.230s][info][gc,start    ] GC(33) Concurrent strong roots
[2026-04-03T02:17:55.329+0600][37.230s][info][gc,task     ] GC(33) Using 3 of 6 workers for concurrent strong root
[2026-04-03T02:17:55.331+0600][37.232s][info][gc          ] GC(33) Concurrent strong roots 1.385ms
[2026-04-03T02:17:55.331+0600][37.232s][info][gc,start    ] GC(33) Concurrent evacuation
[2026-04-03T02:17:55.331+0600][37.232s][info][gc,task     ] GC(33) Using 3 of 6 workers for concurrent evacuation
[2026-04-03T02:17:55.334+0600][37.235s][info][gc          ] GC(33) Concurrent evacuation 3.092ms
[2026-04-03T02:17:55.334+0600][37.235s][info][gc,start    ] GC(33) Pause Init Update Refs
[2026-04-03T02:17:55.334+0600][37.235s][info][gc,ergo     ] GC(33) Pacer for Update Refs. Used: 193M, Free: 516M, Non-Taxable: 52915K, Alloc Tax Rate: 1.1x
[2026-04-03T02:17:55.334+0600][37.235s][info][gc          ] GC(33) Pause Init Update Refs 0.099ms
[2026-04-03T02:17:55.334+0600][37.236s][info][gc,start    ] GC(33) Concurrent update references
[2026-04-03T02:17:55.334+0600][37.236s][info][gc,task     ] GC(33) Using 3 of 6 workers for concurrent reference update
[2026-04-03T02:17:55.379+0600][37.280s][info][gc          ] GC(33) Concurrent update references 44.479ms
[2026-04-03T02:17:55.379+0600][37.280s][info][gc,start    ] GC(33) Concurrent update thread roots
[2026-04-03T02:17:55.381+0600][37.282s][info][gc          ] GC(33) Concurrent update thread roots 1.512ms
[2026-04-03T02:17:55.381+0600][37.282s][info][gc,start    ] GC(33) Pause Final Update Refs
[2026-04-03T02:17:55.381+0600][37.282s][info][gc,task     ] GC(33) Using 6 of 6 workers for final reference update
[2026-04-03T02:17:55.381+0600][37.282s][info][gc          ] GC(33) Pause Final Update Refs 0.185ms
[2026-04-03T02:17:55.381+0600][37.282s][info][gc,start    ] GC(33) Concurrent cleanup
[2026-04-03T02:17:55.382+0600][37.283s][info][gc          ] GC(33) Concurrent cleanup 234M->184M(627M) 0.600ms
[2026-04-03T02:17:55.382+0600][37.283s][info][gc,ergo     ] Free: 520M, Max: 256K regular, 190M humongous, Frag: 64% external, 1% internal; Reserve: 38400K, Max: 256K
[2026-04-03T02:17:55.382+0600][37.283s][info][gc,stats    ] 
[2026-04-03T02:17:55.382+0600][37.283s][info][gc,stats    ] All times are wall-clock times, except per-root-class counters, that are sum over
[2026-04-03T02:17:55.382+0600][37.283s][info][gc,stats    ] all workers. Dividing the <total> over the root stage time estimates parallelism.
[2026-04-03T02:17:55.382+0600][37.283s][info][gc,stats    ] 
[2026-04-03T02:17:55.382+0600][37.283s][info][gc,stats    ] Concurrent Reset                   1280 us
[2026-04-03T02:17:55.382+0600][37.283s][info][gc,stats    ] Pause Init Mark (G)                 548 us
[2026-04-03T02:17:55.382+0600][37.283s][info][gc,stats    ] Pause Init Mark (N)                 186 us
[2026-04-03T02:17:55.382+0600][37.283s][info][gc,stats    ]   Update Region States               39 us
[2026-04-03T02:17:55.382+0600][37.283s][info][gc,stats    ] Concurrent Mark Roots              1662 us, parallelism: 1.70x
[2026-04-03T02:17:55.382+0600][37.283s][info][gc,stats    ]   CMR: <total>                     2828 us
[2026-04-03T02:17:55.382+0600][37.283s][info][gc,stats    ]   CMR: Thread Roots                2417 us, workers (us): 923, 575, 919, ---, ---, ---, 
[2026-04-03T02:17:55.382+0600][37.283s][info][gc,stats    ]   CMR: VM Strong Roots               52 us, workers (us):  43,   8,   1, ---, ---, ---, 
[2026-04-03T02:17:55.382+0600][37.283s][info][gc,stats    ]   CMR: CLDG Roots                   359 us, workers (us): ---, 359, ---, ---, ---, ---, 
[2026-04-03T02:17:55.382+0600][37.283s][info][gc,stats    ] Concurrent Marking                63471 us
[2026-04-03T02:17:55.382+0600][37.283s][info][gc,stats    ] Pause Final Mark (G)               1015 us
[2026-04-03T02:17:55.382+0600][37.283s][info][gc,stats    ] Pause Final Mark (N)                772 us
[2026-04-03T02:17:55.382+0600][37.283s][info][gc,stats    ]   Finish Mark                       299 us
[2026-04-03T02:17:55.382+0600][37.283s][info][gc,stats    ]   Update Region States               43 us
[2026-04-03T02:17:55.382+0600][37.283s][info][gc,stats    ]   Choose Collection Set             216 us
[2026-04-03T02:17:55.382+0600][37.283s][info][gc,stats    ]   Rebuild Free Set                   42 us
[2026-04-03T02:17:55.382+0600][37.283s][info][gc,stats    ] Concurrent Thread Roots            1087 us, parallelism: 2.24x
[2026-04-03T02:17:55.382+0600][37.283s][info][gc,stats    ]   CTR: <total>                     2432 us
[2026-04-03T02:17:55.382+0600][37.283s][info][gc,stats    ]   CTR: Thread Roots                2432 us, workers (us): 853, 799, 780, ---, ---, ---, 
[2026-04-03T02:17:55.382+0600][37.283s][info][gc,stats    ] Concurrent Weak References         1025 us, parallelism: 0.96x
[2026-04-03T02:17:55.382+0600][37.283s][info][gc,stats    ]   CWRF: <total>                     981 us
[2026-04-03T02:17:55.382+0600][37.283s][info][gc,stats    ]   CWRF: Weak References             981 us, workers (us): 323, 658,   1, ---, ---, ---, 
[2026-04-03T02:17:55.382+0600][37.283s][info][gc,stats    ] Concurrent Weak Roots              4108 us
[2026-04-03T02:17:55.382+0600][37.283s][info][gc,stats    ]   Roots                            3704 us, parallelism: 2.66x
[2026-04-03T02:17:55.382+0600][37.283s][info][gc,stats    ]     CWR: <total>                   9840 us
[2026-04-03T02:17:55.382+0600][37.283s][info][gc,stats    ]     CWR: Code Cache Roots          7622 us, workers (us): 2419, 2566, 2637, ---, ---, ---, 
[2026-04-03T02:17:55.382+0600][37.283s][info][gc,stats    ]     CWR: VM Weak Roots             2065 us, workers (us): 721, 673, 671, ---, ---, ---, 
[2026-04-03T02:17:55.382+0600][37.283s][info][gc,stats    ]     CWR: CLDG Roots                 153 us, workers (us): 153, ---, ---, ---, ---, ---, 
[2026-04-03T02:17:55.382+0600][37.283s][info][gc,stats    ]   Rendezvous                        281 us
[2026-04-03T02:17:55.382+0600][37.283s][info][gc,stats    ] Concurrent Cleanup                  637 us
[2026-04-03T02:17:55.382+0600][37.283s][info][gc,stats    ] Concurrent Class Unloading        18230 us
[2026-04-03T02:17:55.382+0600][37.283s][info][gc,stats    ]   Unlink Stale                    12807 us
[2026-04-03T02:17:55.382+0600][37.283s][info][gc,stats    ]     System Dictionary               300 us
[2026-04-03T02:17:55.382+0600][37.283s][info][gc,stats    ]     Weak Class Links                  1 us
[2026-04-03T02:17:55.382+0600][37.283s][info][gc,stats    ]     Code Roots                    12501 us
[2026-04-03T02:17:55.382+0600][37.283s][info][gc,stats    ]   Rendezvous                        434 us
[2026-04-03T02:17:55.382+0600][37.283s][info][gc,stats    ]   Purge Unlinked                   4823 us
[2026-04-03T02:17:55.382+0600][37.283s][info][gc,stats    ]     Code Roots                     4798 us
[2026-04-03T02:17:55.382+0600][37.283s][info][gc,stats    ]     CLDG                             24 us
[2026-04-03T02:17:55.382+0600][37.283s][info][gc,stats    ]     Exception Caches                  0 us
[2026-04-03T02:17:55.382+0600][37.283s][info][gc,stats    ] Concurrent Strong Roots            1444 us, parallelism: 0.63x
[2026-04-03T02:17:55.382+0600][37.283s][info][gc,stats    ]   CSR: <total>                      905 us
[2026-04-03T02:17:55.382+0600][37.283s][info][gc,stats    ]   CSR: VM Strong Roots               58 us, workers (us):  35,  22,   0, ---, ---, ---, 
[2026-04-03T02:17:55.382+0600][37.284s][info][gc,stats    ]   CSR: CLDG Roots                   847 us, workers (us): ---, 847, ---, ---, ---, ---, 
[2026-04-03T02:17:55.382+0600][37.284s][info][gc,stats    ] Concurrent Evacuation              3173 us
[2026-04-03T02:17:55.382+0600][37.284s][info][gc,stats    ] Pause Init Update Refs (G)          469 us
[2026-04-03T02:17:55.382+0600][37.284s][info][gc,stats    ] Pause Init Update Refs (N)          112 us
[2026-04-03T02:17:55.382+0600][37.284s][info][gc,stats    ]   Manage GCLABs                      50 us
[2026-04-03T02:17:55.382+0600][37.284s][info][gc,stats    ] Concurrent Update Refs            44571 us
[2026-04-03T02:17:55.382+0600][37.284s][info][gc,stats    ] Concurrent Update Thread Roots     1571 us
[2026-04-03T02:17:55.382+0600][37.284s][info][gc,stats    ] Pause Final Update Refs (G)         477 us
[2026-04-03T02:17:55.382+0600][37.284s][info][gc,stats    ] Pause Final Update Refs (N)         202 us
[2026-04-03T02:17:55.382+0600][37.284s][info][gc,stats    ]   Update Region States               49 us
[2026-04-03T02:17:55.383+0600][37.284s][info][gc,stats    ]   Trash Collection Set               13 us
[2026-04-03T02:17:55.383+0600][37.284s][info][gc,stats    ]   Rebuild Free Set                   41 us
[2026-04-03T02:17:55.383+0600][37.284s][info][gc,stats    ] Concurrent Cleanup                  637 us
[2026-04-03T02:17:55.383+0600][37.284s][info][gc,stats    ] Pacing                           124628 us
[2026-04-03T02:17:55.383+0600][37.284s][info][gc,stats    ] 
[2026-04-03T02:17:55.383+0600][37.284s][info][gc,stats    ] Allocation pacing accrued:
[2026-04-03T02:17:55.383+0600][37.284s][info][gc,stats    ]      19 of   485 ms (  3.9%): dispatcher-event-loop-6
[2026-04-03T02:17:55.383+0600][37.284s][info][gc,stats    ]      11 of   485 ms (  2.3%): Executor task launch worker for task 4.0 in stage 549.0 (TID 1269)
[2026-04-03T02:17:55.383+0600][37.284s][info][gc,stats    ]      11 of   485 ms (  2.3%): Executor task launch worker for task 0.0 in stage 549.0 (TID 1265)
[2026-04-03T02:17:55.383+0600][37.284s][info][gc,stats    ]      18 of   485 ms (  3.8%): Executor task launch worker for task 2.0 in stage 549.0 (TID 1267)
[2026-04-03T02:17:55.383+0600][37.284s][info][gc,stats    ]      18 of   485 ms (  3.7%): Executor task launch worker for task 6.0 in stage 549.0 (TID 1271)
[2026-04-03T02:17:55.383+0600][37.284s][info][gc,stats    ]      11 of   485 ms (  2.3%): Executor task launch worker for task 7.0 in stage 549.0 (TID 1272)
[2026-04-03T02:17:55.383+0600][37.284s][info][gc,stats    ]      17 of   485 ms (  3.5%): Executor task launch worker for task 3.0 in stage 549.0 (TID 1268)
[2026-04-03T02:17:55.383+0600][37.284s][info][gc,stats    ]      18 of   485 ms (  3.8%): task-result-getter-2
[2026-04-03T02:17:55.383+0600][37.284s][info][gc,stats    ]     125 of   485 ms ( 25.7%): <total>
[2026-04-03T02:17:55.383+0600][37.284s][info][gc,stats    ]       0 of   485 ms (  0.1%): <average total>
[2026-04-03T02:17:55.383+0600][37.284s][info][gc,stats    ]      16 of   485 ms (  3.2%): <average non-zero>
[2026-04-03T02:17:55.383+0600][37.284s][info][gc,stats    ] 
[2026-04-03T02:17:55.383+0600][37.284s][info][gc,metaspace] Metaspace: 130367K(131520K)->130370K(131520K) NonClass: 113897K(114496K)->113900K(114496K) Class: 16469K(17024K)->16469K(17024K)
[2026-04-03T02:17:55.383+0600][37.284s][info][gc,ergo     ] Pacer for Idle. Initial: 15360K, Alloc Tax Rate: 1.0x
[2026-04-03T02:17:55.811+0600][37.712s][info][gc          ] Trigger: Average GC time (177.89 ms) is above the time for average allocation rate (755 MB/s) to deplete free headroom (133M) (margin of error = 1.84)
[2026-04-03T02:17:55.811+0600][37.712s][info][gc,ergo     ] Free headroom: 170M (free) - 38400K (spike) - 0B (penalties) = 133M
[2026-04-03T02:17:55.811+0600][37.712s][info][gc,ergo     ] Free: 170M, Max: 256K regular, 67840K humongous, Frag: 62% external, 1% internal; Reserve: 38400K, Max: 256K
[2026-04-03T02:17:55.811+0600][37.712s][info][gc,start    ] GC(34) Concurrent reset
[2026-04-03T02:17:55.811+0600][37.712s][info][gc,task     ] GC(34) Using 3 of 6 workers for concurrent reset
[2026-04-03T02:17:55.811+0600][37.712s][info][gc,ergo     ] GC(34) Pacer for Reset. Non-Taxable: 750M
[2026-04-03T02:17:55.812+0600][37.713s][info][gc          ] GC(34) Concurrent reset 1.160ms
[2026-04-03T02:17:55.813+0600][37.714s][info][gc,start    ] GC(34) Pause Init Mark (unload classes)
[2026-04-03T02:17:55.813+0600][37.714s][info][gc,task     ] GC(34) Using 6 of 6 workers for init marking
[2026-04-03T02:17:55.813+0600][37.714s][info][gc,ergo     ] GC(34) Pacer for Mark. Expected Live: 87797K, Free: 169M, Non-Taxable: 17371K, Alloc Tax Rate: 0.6x
[2026-04-03T02:17:55.813+0600][37.714s][info][gc          ] GC(34) Pause Init Mark (unload classes) 0.099ms
[2026-04-03T02:17:55.813+0600][37.714s][info][gc,start    ] GC(34) Concurrent marking roots
[2026-04-03T02:17:55.813+0600][37.714s][info][gc,task     ] GC(34) Using 3 of 6 workers for concurrent marking roots
[2026-04-03T02:17:55.815+0600][37.716s][info][gc          ] GC(34) Concurrent marking roots 2.209ms
[2026-04-03T02:17:55.815+0600][37.716s][info][gc,start    ] GC(34) Concurrent marking (unload classes)
[2026-04-03T02:17:55.815+0600][37.716s][info][gc,task     ] GC(34) Using 3 of 6 workers for concurrent marking
[2026-04-03T02:17:55.874+0600][37.775s][info][gc          ] GC(34) Concurrent marking (unload classes) 58.484ms
[2026-04-03T02:17:55.874+0600][37.775s][info][gc,start    ] GC(34) Pause Final Mark (unload classes)
[2026-04-03T02:17:55.874+0600][37.775s][info][gc,task     ] GC(34) Using 6 of 6 workers for final marking
[2026-04-03T02:17:55.874+0600][37.775s][info][gc,ergo     ] GC(34) Adaptive CSet Selection. Target Free: 106M, Actual Free: 468M, Max CSet: 32000K, Min Garbage: 0B
[2026-04-03T02:17:55.874+0600][37.775s][info][gc,ergo     ] GC(34) Collectable Garbage: 418M (98%), Immediate: 291M (68%), CSet: 126M (29%)
[2026-04-03T02:17:55.874+0600][37.776s][info][gc,ergo     ] GC(34) Pacer for Evacuation. Used CSet: 132M, Free: 456M, Non-Taxable: 46769K, Alloc Tax Rate: 1.1x
[2026-04-03T02:17:55.874+0600][37.776s][info][gc          ] GC(34) Pause Final Mark (unload classes) 0.745ms
[2026-04-03T02:17:55.875+0600][37.776s][info][gc,start    ] GC(34) Concurrent thread roots
[2026-04-03T02:17:55.875+0600][37.776s][info][gc,task     ] GC(34) Using 3 of 6 workers for Concurrent thread roots
[2026-04-03T02:17:55.876+0600][37.777s][info][gc          ] GC(34) Concurrent thread roots 1.150ms
[2026-04-03T02:17:55.876+0600][37.777s][info][gc,start    ] GC(34) Concurrent weak references
[2026-04-03T02:17:55.876+0600][37.777s][info][gc,task     ] GC(34) Using 3 of 6 workers for concurrent weak references
[2026-04-03T02:17:55.877+0600][37.778s][info][gc,ref      ] GC(34) Encountered references: Soft: 3872, Weak: 16419, Final: 84, Phantom: 634
[2026-04-03T02:17:55.877+0600][37.778s][info][gc,ref      ] GC(34) Discovered  references: Soft: 0, Weak: 8341, Final: 1, Phantom: 609
[2026-04-03T02:17:55.877+0600][37.778s][info][gc,ref      ] GC(34) Enqueued    references: Soft: 0, Weak: 1728, Final: 0, Phantom: 0
[2026-04-03T02:17:55.877+0600][37.778s][info][gc          ] GC(34) Concurrent weak references 0.962ms
[2026-04-03T02:17:55.877+0600][37.778s][info][gc,start    ] GC(34) Concurrent weak roots
[2026-04-03T02:17:55.877+0600][37.778s][info][gc,task     ] GC(34) Using 3 of 6 workers for concurrent weak root
[2026-04-03T02:17:55.882+0600][37.783s][info][gc          ] GC(34) Concurrent weak roots 5.355ms
[2026-04-03T02:17:55.882+0600][37.783s][info][gc,start    ] GC(34) Concurrent cleanup
[2026-04-03T02:17:55.883+0600][37.784s][info][gc          ] GC(34) Concurrent cleanup 545M->253M(627M) 0.626ms
[2026-04-03T02:17:55.883+0600][37.784s][info][gc,ergo     ] GC(34) Free: 456M, Max: 256K regular, 67840K humongous, Frag: 86% external, 0% internal; Reserve: 37949K, Max: 256K
[2026-04-03T02:17:55.883+0600][37.784s][info][gc,start    ] GC(34) Concurrent class unloading
[2026-04-03T02:17:55.883+0600][37.784s][info][gc,task     ] GC(34) Using 3 of 6 workers for concurrent class unloading
[2026-04-03T02:17:55.902+0600][37.804s][info][gc          ] GC(34) Concurrent class unloading 19.510ms
[2026-04-03T02:17:55.903+0600][37.804s][info][gc,start    ] GC(34) Concurrent strong roots
[2026-04-03T02:17:55.903+0600][37.804s][info][gc,task     ] GC(34) Using 3 of 6 workers for concurrent strong root
[2026-04-03T02:17:55.904+0600][37.805s][info][gc          ] GC(34) Concurrent strong roots 1.284ms
[2026-04-03T02:17:55.904+0600][37.805s][info][gc,start    ] GC(34) Concurrent evacuation
[2026-04-03T02:17:55.904+0600][37.805s][info][gc,task     ] GC(34) Using 3 of 6 workers for concurrent evacuation
[2026-04-03T02:17:55.907+0600][37.808s][info][gc          ] GC(34) Concurrent evacuation 3.388ms
[2026-04-03T02:17:55.908+0600][37.809s][info][gc,start    ] GC(34) Pause Init Update Refs
[2026-04-03T02:17:55.908+0600][37.809s][info][gc,ergo     ] GC(34) Pacer for Update Refs. Used: 266M, Free: 448M, Non-Taxable: 45955K, Alloc Tax Rate: 1.1x
[2026-04-03T02:17:55.908+0600][37.809s][info][gc          ] GC(34) Pause Init Update Refs 0.176ms
[2026-04-03T02:17:55.908+0600][37.809s][info][gc,start    ] GC(34) Concurrent update references
[2026-04-03T02:17:55.908+0600][37.809s][info][gc,task     ] GC(34) Using 3 of 6 workers for concurrent reference update
[2026-04-03T02:17:55.965+0600][37.866s][info][gc          ] GC(34) Concurrent update references 56.564ms
[2026-04-03T02:17:55.965+0600][37.866s][info][gc,start    ] GC(34) Concurrent update thread roots
[2026-04-03T02:17:55.966+0600][37.867s][info][gc          ] GC(34) Concurrent update thread roots 1.583ms
[2026-04-03T02:17:55.967+0600][37.868s][info][gc,start    ] GC(34) Pause Final Update Refs
[2026-04-03T02:17:55.967+0600][37.868s][info][gc,task     ] GC(34) Using 6 of 6 workers for final reference update
[2026-04-03T02:17:55.967+0600][37.868s][info][gc          ] GC(34) Pause Final Update Refs 0.213ms
[2026-04-03T02:17:55.967+0600][37.868s][info][gc,start    ] GC(34) Concurrent cleanup
[2026-04-03T02:17:55.967+0600][37.868s][info][gc          ] GC(34) Concurrent cleanup 297M->166M(627M) 0.299ms
[2026-04-03T02:17:55.967+0600][37.868s][info][gc,ergo     ] Free: 541M, Max: 256K regular, 257M humongous, Frag: 53% external, 0% internal; Reserve: 38400K, Max: 256K
[2026-04-03T02:17:55.967+0600][37.868s][info][gc,stats    ] 
[2026-04-03T02:17:55.967+0600][37.868s][info][gc,stats    ] All times are wall-clock times, except per-root-class counters, that are sum over
[2026-04-03T02:17:55.967+0600][37.868s][info][gc,stats    ] all workers. Dividing the <total> over the root stage time estimates parallelism.
[2026-04-03T02:17:55.967+0600][37.868s][info][gc,stats    ] 
[2026-04-03T02:17:55.967+0600][37.868s][info][gc,stats    ] Concurrent Reset                   1208 us
[2026-04-03T02:17:55.967+0600][37.868s][info][gc,stats    ] Pause Init Mark (G)                 467 us
[2026-04-03T02:17:55.967+0600][37.868s][info][gc,stats    ] Pause Init Mark (N)                 109 us
[2026-04-03T02:17:55.967+0600][37.869s][info][gc,stats    ]   Update Region States               28 us
[2026-04-03T02:17:55.967+0600][37.869s][info][gc,stats    ] Concurrent Mark Roots              2289 us, parallelism: 1.50x
[2026-04-03T02:17:55.967+0600][37.869s][info][gc,stats    ]   CMR: <total>                     3431 us
[2026-04-03T02:17:55.967+0600][37.869s][info][gc,stats    ]   CMR: Thread Roots                2861 us, workers (us): 1156, 1705,   0, ---, ---, ---, 
[2026-04-03T02:17:55.967+0600][37.869s][info][gc,stats    ]   CMR: VM Strong Roots               73 us, workers (us):  38,  35,   0, ---, ---, ---, 
[2026-04-03T02:17:55.968+0600][37.869s][info][gc,stats    ]   CMR: CLDG Roots                   498 us, workers (us): 498, ---, ---, ---, ---, ---, 
[2026-04-03T02:17:55.968+0600][37.869s][info][gc,stats    ] Concurrent Marking                58570 us
[2026-04-03T02:17:55.968+0600][37.869s][info][gc,stats    ] Pause Final Mark (G)                964 us
[2026-04-03T02:17:55.968+0600][37.869s][info][gc,stats    ] Pause Final Mark (N)                758 us
[2026-04-03T02:17:55.968+0600][37.869s][info][gc,stats    ]   Finish Mark                       234 us
[2026-04-03T02:17:55.968+0600][37.869s][info][gc,stats    ]   Update Region States               45 us
[2026-04-03T02:17:55.968+0600][37.869s][info][gc,stats    ]   Choose Collection Set             300 us
[2026-04-03T02:17:55.968+0600][37.869s][info][gc,stats    ]   Rebuild Free Set                   40 us
[2026-04-03T02:17:55.968+0600][37.869s][info][gc,stats    ] Concurrent Thread Roots            1221 us, parallelism: 2.24x
[2026-04-03T02:17:55.968+0600][37.869s][info][gc,stats    ]   CTR: <total>                     2739 us
[2026-04-03T02:17:55.968+0600][37.869s][info][gc,stats    ]   CTR: Thread Roots                2739 us, workers (us): 943, 885, 911, ---, ---, ---, 
[2026-04-03T02:17:55.968+0600][37.869s][info][gc,stats    ] Concurrent Weak References          979 us, parallelism: 1.37x
[2026-04-03T02:17:55.968+0600][37.869s][info][gc,stats    ]   CWRF: <total>                    1341 us
[2026-04-03T02:17:55.968+0600][37.869s][info][gc,stats    ]   CWRF: Weak References            1341 us, workers (us): 739, 202, 399, ---, ---, ---, 
[2026-04-03T02:17:55.968+0600][37.869s][info][gc,stats    ] Concurrent Weak Roots              5451 us
[2026-04-03T02:17:55.968+0600][37.869s][info][gc,stats    ]   Roots                            4913 us, parallelism: 2.67x
[2026-04-03T02:17:55.968+0600][37.869s][info][gc,stats    ]     CWR: <total>                  13099 us
[2026-04-03T02:17:55.968+0600][37.869s][info][gc,stats    ]     CWR: Code Cache Roots         10136 us, workers (us): 3496, 3280, 3361, ---, ---, ---, 
[2026-04-03T02:17:55.968+0600][37.869s][info][gc,stats    ]     CWR: VM Weak Roots             2828 us, workers (us): 991, 944, 894, ---, ---, ---, 
[2026-04-03T02:17:55.968+0600][37.869s][info][gc,stats    ]     CWR: CLDG Roots                 135 us, workers (us): ---, 135, ---, ---, ---, ---, 
[2026-04-03T02:17:55.968+0600][37.869s][info][gc,stats    ]   Rendezvous                        372 us
[2026-04-03T02:17:55.968+0600][37.869s][info][gc,stats    ] Concurrent Cleanup                  665 us
[2026-04-03T02:17:55.968+0600][37.869s][info][gc,stats    ] Concurrent Class Unloading        19621 us
[2026-04-03T02:17:55.968+0600][37.869s][info][gc,stats    ]   Unlink Stale                    16569 us
[2026-04-03T02:17:55.968+0600][37.869s][info][gc,stats    ]     System Dictionary               331 us
[2026-04-03T02:17:55.968+0600][37.869s][info][gc,stats    ]     Weak Class Links                  0 us
[2026-04-03T02:17:55.968+0600][37.869s][info][gc,stats    ]     Code Roots                    16233 us
[2026-04-03T02:17:55.968+0600][37.869s][info][gc,stats    ]   Rendezvous                        463 us
[2026-04-03T02:17:55.968+0600][37.869s][info][gc,stats    ]   Purge Unlinked                   2434 us
[2026-04-03T02:17:55.968+0600][37.869s][info][gc,stats    ]     Code Roots                     2413 us
[2026-04-03T02:17:55.968+0600][37.869s][info][gc,stats    ]     CLDG                             20 us
[2026-04-03T02:17:55.968+0600][37.869s][info][gc,stats    ]     Exception Caches                  0 us
[2026-04-03T02:17:55.968+0600][37.869s][info][gc,stats    ] Concurrent Strong Roots            1381 us, parallelism: 0.57x
[2026-04-03T02:17:55.968+0600][37.869s][info][gc,stats    ]   CSR: <total>                      788 us
[2026-04-03T02:17:55.968+0600][37.869s][info][gc,stats    ]   CSR: VM Strong Roots               51 us, workers (us):  28,  23,   0, ---, ---, ---, 
[2026-04-03T02:17:55.968+0600][37.869s][info][gc,stats    ]   CSR: CLDG Roots                   737 us, workers (us): 737, ---, ---, ---, ---, ---, 
[2026-04-03T02:17:55.968+0600][37.869s][info][gc,stats    ] Concurrent Evacuation              3489 us
[2026-04-03T02:17:55.968+0600][37.869s][info][gc,stats    ] Pause Init Update Refs (G)          533 us
[2026-04-03T02:17:55.968+0600][37.869s][info][gc,stats    ] Pause Init Update Refs (N)          190 us
[2026-04-03T02:17:55.968+0600][37.869s][info][gc,stats    ]   Manage GCLABs                      56 us
[2026-04-03T02:17:55.968+0600][37.869s][info][gc,stats    ] Concurrent Update Refs            56691 us
[2026-04-03T02:17:55.968+0600][37.869s][info][gc,stats    ] Concurrent Update Thread Roots     1642 us
[2026-04-03T02:17:55.968+0600][37.869s][info][gc,stats    ] Pause Final Update Refs (G)         529 us
[2026-04-03T02:17:55.968+0600][37.869s][info][gc,stats    ] Pause Final Update Refs (N)         236 us
[2026-04-03T02:17:55.968+0600][37.869s][info][gc,stats    ]   Update Region States               69 us
[2026-04-03T02:17:55.968+0600][37.869s][info][gc,stats    ]   Trash Collection Set               24 us
[2026-04-03T02:17:55.968+0600][37.869s][info][gc,stats    ]   Rebuild Free Set                   62 us
[2026-04-03T02:17:55.968+0600][37.869s][info][gc,stats    ] Concurrent Cleanup                  325 us
[2026-04-03T02:17:55.968+0600][37.869s][info][gc,stats    ] Pacing                           106889 us
[2026-04-03T02:17:55.968+0600][37.869s][info][gc,stats    ] 
[2026-04-03T02:17:55.968+0600][37.869s][info][gc,stats    ] Allocation pacing accrued:
[2026-04-03T02:17:55.968+0600][37.869s][info][gc,stats    ]       7 of   586 ms (  1.2%): dispatcher-event-loop-0
[2026-04-03T02:17:55.968+0600][37.869s][info][gc,stats    ]       5 of   586 ms (  0.9%): dispatcher-event-loop-1
[2026-04-03T02:17:55.968+0600][37.869s][info][gc,stats    ]       7 of   586 ms (  1.2%): Executor task launch worker for task 4.0 in stage 655.0 (TID 1325)
[2026-04-03T02:17:55.968+0600][37.869s][info][gc,stats    ]      30 of   586 ms (  5.1%): Executor task launch worker for task 0.0 in stage 655.0 (TID 1321)
[2026-04-03T02:17:55.968+0600][37.869s][info][gc,stats    ]      21 of   586 ms (  3.7%): Executor task launch worker for task 2.0 in stage 655.0 (TID 1323)
[2026-04-03T02:17:55.968+0600][37.869s][info][gc,stats    ]       7 of   586 ms (  1.2%): Executor task launch worker for task 3.0 in stage 655.0 (TID 1324)
[2026-04-03T02:17:55.968+0600][37.869s][info][gc,stats    ]      21 of   586 ms (  3.7%): Executor task launch worker for task 1.0 in stage 655.0 (TID 1322)
[2026-04-03T02:17:55.968+0600][37.869s][info][gc,stats    ]       8 of   586 ms (  1.3%): Executor task launch worker for task 5.0 in stage 655.0 (TID 1326)
[2026-04-03T02:17:55.968+0600][37.869s][info][gc,stats    ]     107 of   586 ms ( 18.3%): <total>
[2026-04-03T02:17:55.968+0600][37.869s][info][gc,stats    ]       0 of   586 ms (  0.1%): <average total>
[2026-04-03T02:17:55.968+0600][37.869s][info][gc,stats    ]      13 of   586 ms (  2.3%): <average non-zero>
[2026-04-03T02:17:55.968+0600][37.869s][info][gc,stats    ] 
[2026-04-03T02:17:55.968+0600][37.869s][info][gc,metaspace] Metaspace: 130400K(131584K)->130400K(131584K) NonClass: 113930K(114560K)->113931K(114560K) Class: 16469K(17024K)->16469K(17024K)
[2026-04-03T02:17:55.968+0600][37.869s][info][gc,ergo     ] Pacer for Idle. Initial: 15360K, Alloc Tax Rate: 1.0x
[2026-04-03T02:17:56.234+0600][38.135s][info][gc          ] Trigger: Average GC time (172.78 ms) is above the time for average allocation rate (919 MB/s) to deplete free headroom (141M) (margin of error = 1.84)
[2026-04-03T02:17:56.234+0600][38.135s][info][gc,ergo     ] Free headroom: 178M (free) - 38400K (spike) - 0B (penalties) = 141M
[2026-04-03T02:17:56.234+0600][38.135s][info][gc,ergo     ] Free: 178M, Max: 256K regular, 67840K humongous, Frag: 63% external, 1% internal; Reserve: 38400K, Max: 256K
[2026-04-03T02:17:56.234+0600][38.135s][info][gc,start    ] GC(35) Concurrent reset
[2026-04-03T02:17:56.234+0600][38.135s][info][gc,task     ] GC(35) Using 3 of 6 workers for concurrent reset
[2026-04-03T02:17:56.234+0600][38.135s][info][gc,ergo     ] GC(35) Pacer for Reset. Non-Taxable: 750M
[2026-04-03T02:17:56.235+0600][38.136s][info][gc          ] GC(35) Concurrent reset 1.439ms
[2026-04-03T02:17:56.236+0600][38.137s][info][gc,start    ] GC(35) Pause Init Mark (unload classes)
[2026-04-03T02:17:56.236+0600][38.137s][info][gc,task     ] GC(35) Using 6 of 6 workers for init marking
[2026-04-03T02:17:56.236+0600][38.137s][info][gc,ergo     ] GC(35) Pacer for Mark. Expected Live: 89023K, Free: 155M, Non-Taxable: 15946K, Alloc Tax Rate: 0.7x
[2026-04-03T02:17:56.236+0600][38.137s][info][gc          ] GC(35) Pause Init Mark (unload classes) 0.194ms
[2026-04-03T02:17:56.236+0600][38.137s][info][gc,start    ] GC(35) Concurrent marking roots
[2026-04-03T02:17:56.236+0600][38.137s][info][gc,task     ] GC(35) Using 3 of 6 workers for concurrent marking roots
[2026-04-03T02:17:56.238+0600][38.139s][info][gc          ] GC(35) Concurrent marking roots 1.479ms
[2026-04-03T02:17:56.238+0600][38.139s][info][gc,start    ] GC(35) Concurrent marking (unload classes)
[2026-04-03T02:17:56.238+0600][38.139s][info][gc,task     ] GC(35) Using 3 of 6 workers for concurrent marking
[2026-04-03T02:17:56.282+0600][38.183s][info][gc          ] GC(35) Concurrent marking (unload classes) 44.294ms
[2026-04-03T02:17:56.282+0600][38.183s][info][gc,start    ] GC(35) Pause Final Mark (unload classes)
[2026-04-03T02:17:56.282+0600][38.183s][info][gc,task     ] GC(35) Using 6 of 6 workers for final marking
[2026-04-03T02:17:56.283+0600][38.184s][info][gc,ergo     ] GC(35) Adaptive CSet Selection. Target Free: 106M, Actual Free: 540M, Max CSet: 32000K, Min Garbage: 0B
[2026-04-03T02:17:56.283+0600][38.184s][info][gc,ergo     ] GC(35) Collectable Garbage: 429M (98%), Immediate: 390M (89%), CSet: 39504K (8%)
[2026-04-03T02:17:56.283+0600][38.184s][info][gc,ergo     ] GC(35) Pacer for Evacuation. Used CSet: 44996K, Free: 523M, Non-Taxable: 53651K, Alloc Tax Rate: 1.1x
[2026-04-03T02:17:56.283+0600][38.184s][info][gc          ] GC(35) Pause Final Mark (unload classes) 0.579ms
[2026-04-03T02:17:56.283+0600][38.184s][info][gc,start    ] GC(35) Concurrent thread roots
[2026-04-03T02:17:56.283+0600][38.184s][info][gc,task     ] GC(35) Using 3 of 6 workers for Concurrent thread roots
[2026-04-03T02:17:56.284+0600][38.185s][info][gc          ] GC(35) Concurrent thread roots 1.025ms
[2026-04-03T02:17:56.284+0600][38.185s][info][gc,start    ] GC(35) Concurrent weak references
[2026-04-03T02:17:56.284+0600][38.185s][info][gc,task     ] GC(35) Using 3 of 6 workers for concurrent weak references
[2026-04-03T02:17:56.285+0600][38.186s][info][gc,ref      ] GC(35) Encountered references: Soft: 3868, Weak: 15168, Final: 84, Phantom: 637
[2026-04-03T02:17:56.285+0600][38.186s][info][gc,ref      ] GC(35) Discovered  references: Soft: 0, Weak: 6850, Final: 4, Phantom: 632
[2026-04-03T02:17:56.285+0600][38.186s][info][gc,ref      ] GC(35) Enqueued    references: Soft: 0, Weak: 600, Final: 0, Phantom: 0
[2026-04-03T02:17:56.285+0600][38.186s][info][gc          ] GC(35) Concurrent weak references 0.874ms
[2026-04-03T02:17:56.285+0600][38.186s][info][gc,start    ] GC(35) Concurrent weak roots
[2026-04-03T02:17:56.285+0600][38.186s][info][gc,task     ] GC(35) Using 3 of 6 workers for concurrent weak root
[2026-04-03T02:17:56.295+0600][38.196s][info][gc          ] GC(35) Concurrent weak roots 10.284ms
[2026-04-03T02:17:56.295+0600][38.196s][info][gc,start    ] GC(35) Concurrent cleanup
[2026-04-03T02:17:56.296+0600][38.197s][info][gc          ] GC(35) Concurrent cleanup 614M->228M(648M) 0.888ms
[2026-04-03T02:17:56.296+0600][38.197s][info][gc,ergo     ] GC(35) Free: 477M, Max: 256K regular, 48128K humongous, Frag: 91% external, 0% internal; Reserve: 37180K, Max: 256K
[2026-04-03T02:17:56.296+0600][38.197s][info][gc,start    ] GC(35) Concurrent class unloading
[2026-04-03T02:17:56.296+0600][38.197s][info][gc,task     ] GC(35) Using 3 of 6 workers for concurrent class unloading
[2026-04-03T02:17:56.313+0600][38.214s][info][gc          ] GC(35) Concurrent class unloading 16.217ms
[2026-04-03T02:17:56.313+0600][38.214s][info][gc,start    ] GC(35) Concurrent strong roots
[2026-04-03T02:17:56.313+0600][38.214s][info][gc,task     ] GC(35) Using 3 of 6 workers for concurrent strong root
[2026-04-03T02:17:56.314+0600][38.215s][info][gc          ] GC(35) Concurrent strong roots 1.357ms
[2026-04-03T02:17:56.314+0600][38.215s][info][gc,start    ] GC(35) Concurrent evacuation
[2026-04-03T02:17:56.314+0600][38.215s][info][gc,task     ] GC(35) Using 3 of 6 workers for concurrent evacuation
[2026-04-03T02:17:56.316+0600][38.217s][info][gc          ] GC(35) Concurrent evacuation 2.036ms
[2026-04-03T02:17:56.316+0600][38.217s][info][gc,start    ] GC(35) Pause Init Update Refs
[2026-04-03T02:17:56.316+0600][38.218s][info][gc,ergo     ] GC(35) Pacer for Update Refs. Used: 247M, Free: 462M, Non-Taxable: 47392K, Alloc Tax Rate: 1.1x
[2026-04-03T02:17:56.316+0600][38.218s][info][gc          ] GC(35) Pause Init Update Refs 0.116ms
[2026-04-03T02:17:56.317+0600][38.218s][info][gc,start    ] GC(35) Concurrent update references
[2026-04-03T02:17:56.317+0600][38.218s][info][gc,task     ] GC(35) Using 3 of 6 workers for concurrent reference update
[2026-04-03T02:17:56.364+0600][38.265s][info][gc          ] GC(35) Concurrent update references 46.892ms
[2026-04-03T02:17:56.364+0600][38.265s][info][gc,start    ] GC(35) Concurrent update thread roots
[2026-04-03T02:17:56.366+0600][38.268s][info][gc          ] GC(35) Concurrent update thread roots 2.821ms
[2026-04-03T02:17:56.367+0600][38.268s][info][gc,start    ] GC(35) Pause Final Update Refs
[2026-04-03T02:17:56.367+0600][38.268s][info][gc,task     ] GC(35) Using 6 of 6 workers for final reference update
[2026-04-03T02:17:56.367+0600][38.268s][info][gc          ] GC(35) Pause Final Update Refs 0.257ms
[2026-04-03T02:17:56.368+0600][38.269s][info][gc,start    ] GC(35) Concurrent cleanup
[2026-04-03T02:17:56.369+0600][38.270s][info][gc          ] GC(35) Concurrent cleanup 325M->281M(648M) 0.780ms
[2026-04-03T02:17:56.369+0600][38.270s][info][gc,ergo     ] Free: 418M, Max: 256K regular, 231M humongous, Frag: 45% external, 1% internal; Reserve: 38400K, Max: 256K
[2026-04-03T02:17:56.369+0600][38.270s][info][gc,stats    ] 
[2026-04-03T02:17:56.369+0600][38.270s][info][gc,stats    ] All times are wall-clock times, except per-root-class counters, that are sum over
[2026-04-03T02:17:56.369+0600][38.270s][info][gc,stats    ] all workers. Dividing the <total> over the root stage time estimates parallelism.
[2026-04-03T02:17:56.369+0600][38.270s][info][gc,stats    ] 
[2026-04-03T02:17:56.369+0600][38.270s][info][gc,stats    ] Concurrent Reset                   1523 us
[2026-04-03T02:17:56.369+0600][38.270s][info][gc,stats    ] Pause Init Mark (G)                 785 us
[2026-04-03T02:17:56.369+0600][38.270s][info][gc,stats    ] Pause Init Mark (N)                 205 us
[2026-04-03T02:17:56.369+0600][38.270s][info][gc,stats    ]   Update Region States               46 us
[2026-04-03T02:17:56.369+0600][38.270s][info][gc,stats    ] Concurrent Mark Roots              1536 us, parallelism: 1.83x
[2026-04-03T02:17:56.369+0600][38.270s][info][gc,stats    ]   CMR: <total>                     2812 us
[2026-04-03T02:17:56.369+0600][38.270s][info][gc,stats    ]   CMR: Thread Roots                2456 us, workers (us): 638, 899, 920, ---, ---, ---, 
[2026-04-03T02:17:56.369+0600][38.270s][info][gc,stats    ]   CMR: VM Strong Roots               57 us, workers (us):  22,  20,  15, ---, ---, ---, 
[2026-04-03T02:17:56.369+0600][38.270s][info][gc,stats    ]   CMR: CLDG Roots                   298 us, workers (us): 298, ---, ---, ---, ---, ---, 
[2026-04-03T02:17:56.369+0600][38.270s][info][gc,stats    ] Concurrent Marking                44378 us
[2026-04-03T02:17:56.369+0600][38.270s][info][gc,stats    ] Pause Final Mark (G)                819 us
[2026-04-03T02:17:56.369+0600][38.270s][info][gc,stats    ] Pause Final Mark (N)                590 us
[2026-04-03T02:17:56.369+0600][38.270s][info][gc,stats    ]   Finish Mark                       183 us
[2026-04-03T02:17:56.369+0600][38.270s][info][gc,stats    ]   Update Region States               44 us
[2026-04-03T02:17:56.369+0600][38.270s][info][gc,stats    ]   Choose Collection Set             211 us
[2026-04-03T02:17:56.369+0600][38.270s][info][gc,stats    ]   Rebuild Free Set                   39 us
[2026-04-03T02:17:56.369+0600][38.270s][info][gc,stats    ] Concurrent Thread Roots            1069 us, parallelism: 2.24x
[2026-04-03T02:17:56.369+0600][38.270s][info][gc,stats    ]   CTR: <total>                     2396 us
[2026-04-03T02:17:56.369+0600][38.271s][info][gc,stats    ]   CTR: Thread Roots                2396 us, workers (us): 790, 809, 797, ---, ---, ---, 
[2026-04-03T02:17:56.369+0600][38.271s][info][gc,stats    ] Concurrent Weak References          888 us, parallelism: 1.04x
[2026-04-03T02:17:56.369+0600][38.271s][info][gc,stats    ]   CWRF: <total>                     921 us
[2026-04-03T02:17:56.369+0600][38.271s][info][gc,stats    ]   CWRF: Weak References             921 us, workers (us): 580,  18, 323, ---, ---, ---, 
[2026-04-03T02:17:56.369+0600][38.271s][info][gc,stats    ] Concurrent Weak Roots             10383 us
[2026-04-03T02:17:56.369+0600][38.271s][info][gc,stats    ]   Roots                            4344 us, parallelism: 2.75x
[2026-04-03T02:17:56.370+0600][38.271s][info][gc,stats    ]     CWR: <total>                  11943 us
[2026-04-03T02:17:56.370+0600][38.271s][info][gc,stats    ]     CWR: Code Cache Roots         10020 us, workers (us): 3271, 3357, 3393, ---, ---, ---, 
[2026-04-03T02:17:56.370+0600][38.271s][info][gc,stats    ]     CWR: VM Weak Roots             1810 us, workers (us): 630, 593, 587, ---, ---, ---, 
[2026-04-03T02:17:56.370+0600][38.271s][info][gc,stats    ]     CWR: CLDG Roots                 113 us, workers (us): 113, ---, ---, ---, ---, ---, 
[2026-04-03T02:17:56.370+0600][38.271s][info][gc,stats    ]   Rendezvous                       5906 us
[2026-04-03T02:17:56.370+0600][38.271s][info][gc,stats    ] Concurrent Cleanup                  985 us
[2026-04-03T02:17:56.370+0600][38.271s][info][gc,stats    ] Concurrent Class Unloading        16309 us
[2026-04-03T02:17:56.370+0600][38.271s][info][gc,stats    ]   Unlink Stale                    14751 us
[2026-04-03T02:17:56.370+0600][38.271s][info][gc,stats    ]     System Dictionary               431 us
[2026-04-03T02:17:56.370+0600][38.271s][info][gc,stats    ]     Weak Class Links                  1 us
[2026-04-03T02:17:56.370+0600][38.271s][info][gc,stats    ]     Code Roots                    14313 us
[2026-04-03T02:17:56.370+0600][38.271s][info][gc,stats    ]   Rendezvous                        347 us
[2026-04-03T02:17:56.370+0600][38.271s][info][gc,stats    ]   Purge Unlinked                   1029 us
[2026-04-03T02:17:56.370+0600][38.271s][info][gc,stats    ]     Code Roots                     1010 us
[2026-04-03T02:17:56.370+0600][38.271s][info][gc,stats    ]     CLDG                             18 us
[2026-04-03T02:17:56.370+0600][38.271s][info][gc,stats    ]     Exception Caches                  0 us
[2026-04-03T02:17:56.370+0600][38.271s][info][gc,stats    ] Concurrent Strong Roots            1421 us, parallelism: 0.61x
[2026-04-03T02:17:56.370+0600][38.271s][info][gc,stats    ]   CSR: <total>                      870 us
[2026-04-03T02:17:56.370+0600][38.271s][info][gc,stats    ]   CSR: VM Strong Roots               56 us, workers (us):  30,  23,   4, ---, ---, ---, 
[2026-04-03T02:17:56.370+0600][38.271s][info][gc,stats    ]   CSR: CLDG Roots                   814 us, workers (us): ---, 814, ---, ---, ---, ---, 
[2026-04-03T02:17:56.370+0600][38.271s][info][gc,stats    ] Concurrent Evacuation              2110 us
[2026-04-03T02:17:56.370+0600][38.271s][info][gc,stats    ] Pause Init Update Refs (G)          416 us
[2026-04-03T02:17:56.370+0600][38.271s][info][gc,stats    ] Pause Init Update Refs (N)          131 us
[2026-04-03T02:17:56.370+0600][38.271s][info][gc,stats    ]   Manage GCLABs                      40 us
[2026-04-03T02:17:56.370+0600][38.271s][info][gc,stats    ] Concurrent Update Refs            47070 us
[2026-04-03T02:17:56.370+0600][38.271s][info][gc,stats    ] Concurrent Update Thread Roots     2940 us
[2026-04-03T02:17:56.370+0600][38.271s][info][gc,stats    ] Pause Final Update Refs (G)        1455 us
[2026-04-03T02:17:56.370+0600][38.271s][info][gc,stats    ] Pause Final Update Refs (N)         273 us
[2026-04-03T02:17:56.370+0600][38.271s][info][gc,stats    ]   Update Region States               66 us
[2026-04-03T02:17:56.370+0600][38.271s][info][gc,stats    ]   Trash Collection Set               16 us
[2026-04-03T02:17:56.370+0600][38.271s][info][gc,stats    ]   Rebuild Free Set                   47 us
[2026-04-03T02:17:56.370+0600][38.271s][info][gc,stats    ] Concurrent Cleanup                  841 us
[2026-04-03T02:17:56.370+0600][38.271s][info][gc,stats    ] Pacing                           305570 us
[2026-04-03T02:17:56.370+0600][38.271s][info][gc,stats    ] 
[2026-04-03T02:17:56.370+0600][38.271s][info][gc,stats    ] Allocation pacing accrued:
[2026-04-03T02:17:56.370+0600][38.271s][info][gc,stats    ]      64 of   402 ms ( 15.9%): Executor task launch worker for task 3.0 in stage 667.0 (TID 1350)
[2026-04-03T02:17:56.370+0600][38.271s][info][gc,stats    ]      64 of   402 ms ( 15.8%): Executor task launch worker for task 0.0 in stage 667.0 (TID 1347)
[2026-04-03T02:17:56.370+0600][38.271s][info][gc,stats    ]      63 of   402 ms ( 15.8%): Executor task launch worker for task 2.0 in stage 667.0 (TID 1349)
[2026-04-03T02:17:56.370+0600][38.271s][info][gc,stats    ]      61 of   402 ms ( 15.3%): Executor task launch worker for task 1.0 in stage 667.0 (TID 1348)
[2026-04-03T02:17:56.370+0600][38.271s][info][gc,stats    ]      21 of   402 ms (  5.2%): block-manager-storage-async-thread-pool-41
[2026-04-03T02:17:56.370+0600][38.271s][info][gc,stats    ]      21 of   402 ms (  5.2%): block-manager-storage-async-thread-pool-53
[2026-04-03T02:17:56.370+0600][38.271s][info][gc,stats    ]      11 of   402 ms (  2.8%): block-manager-storage-async-thread-pool-54
[2026-04-03T02:17:56.370+0600][38.271s][info][gc,stats    ]     306 of   402 ms ( 76.0%): <total>
[2026-04-03T02:17:56.370+0600][38.271s][info][gc,stats    ]       1 of   402 ms (  0.3%): <average total>
[2026-04-03T02:17:56.370+0600][38.271s][info][gc,stats    ]      44 of   402 ms ( 10.9%): <average non-zero>
[2026-04-03T02:17:56.370+0600][38.271s][info][gc,stats    ] 
[2026-04-03T02:17:56.370+0600][38.271s][info][gc,metaspace] Metaspace: 130407K(131584K)->130416K(131584K) NonClass: 113938K(114560K)->113946K(114560K) Class: 16469K(17024K)->16469K(17024K)
[2026-04-03T02:17:56.370+0600][38.271s][info][gc,ergo     ] Pacer for Idle. Initial: 15360K, Alloc Tax Rate: 1.0x
[2026-04-03T02:17:56.437+0600][38.338s][info][gc          ] Trigger: Average GC time (166.59 ms) is above the time for average allocation rate (1241 MB/s) to deplete free headroom (188M) (margin of error = 1.85)
[2026-04-03T02:17:56.437+0600][38.338s][info][gc,ergo     ] Free headroom: 225M (free) - 38400K (spike) - 0B (penalties) = 188M
[2026-04-03T02:17:56.437+0600][38.338s][info][gc,ergo     ] Free: 225M, Max: 256K regular, 122M humongous, Frag: 46% external, 1% internal; Reserve: 38400K, Max: 256K
[2026-04-03T02:17:56.437+0600][38.338s][info][gc,start    ] GC(36) Concurrent reset
[2026-04-03T02:17:56.437+0600][38.338s][info][gc,task     ] GC(36) Using 3 of 6 workers for concurrent reset
[2026-04-03T02:17:56.437+0600][38.338s][info][gc,ergo     ] GC(36) Pacer for Reset. Non-Taxable: 750M
[2026-04-03T02:17:56.438+0600][38.339s][info][gc          ] GC(36) Concurrent reset 1.176ms
[2026-04-03T02:17:56.440+0600][38.341s][info][gc,start    ] GC(36) Pause Init Mark (unload classes)
[2026-04-03T02:17:56.440+0600][38.341s][info][gc,task     ] GC(36) Using 6 of 6 workers for init marking
[2026-04-03T02:17:56.440+0600][38.341s][info][gc,ergo     ] GC(36) Pacer for Mark. Expected Live: 91170K, Free: 203M, Non-Taxable: 20800K, Alloc Tax Rate: 0.5x
[2026-04-03T02:17:56.440+0600][38.341s][info][gc          ] GC(36) Pause Init Mark (unload classes) 0.200ms
[2026-04-03T02:17:56.440+0600][38.341s][info][gc,start    ] GC(36) Concurrent marking roots
[2026-04-03T02:17:56.440+0600][38.341s][info][gc,task     ] GC(36) Using 3 of 6 workers for concurrent marking roots
[2026-04-03T02:17:56.442+0600][38.343s][info][gc          ] GC(36) Concurrent marking roots 1.837ms
[2026-04-03T02:17:56.442+0600][38.343s][info][gc,start    ] GC(36) Concurrent marking (unload classes)
[2026-04-03T02:17:56.442+0600][38.343s][info][gc,task     ] GC(36) Using 3 of 6 workers for concurrent marking
[2026-04-03T02:17:56.482+0600][38.383s][info][gc          ] GC(36) Concurrent marking (unload classes) 39.665ms
[2026-04-03T02:17:56.482+0600][38.383s][info][gc,start    ] GC(36) Pause Final Mark (unload classes)
[2026-04-03T02:17:56.482+0600][38.383s][info][gc,task     ] GC(36) Using 6 of 6 workers for final marking
[2026-04-03T02:17:56.482+0600][38.383s][info][gc,ergo     ] GC(36) Adaptive CSet Selection. Target Free: 106M, Actual Free: 531M, Max CSet: 32000K, Min Garbage: 0B
[2026-04-03T02:17:56.482+0600][38.383s][info][gc,ergo     ] GC(36) Collectable Garbage: 372M (98%), Immediate: 333M (87%), CSet: 40406K (10%)
[2026-04-03T02:17:56.482+0600][38.383s][info][gc,ergo     ] GC(36) Pacer for Evacuation. Used CSet: 47199K, Free: 518M, Non-Taxable: 53122K, Alloc Tax Rate: 1.1x
[2026-04-03T02:17:56.482+0600][38.383s][info][gc          ] GC(36) Pause Final Mark (unload classes) 0.763ms
[2026-04-03T02:17:56.483+0600][38.384s][info][gc,start    ] GC(36) Concurrent thread roots
[2026-04-03T02:17:56.483+0600][38.384s][info][gc,task     ] GC(36) Using 3 of 6 workers for Concurrent thread roots
[2026-04-03T02:17:56.484+0600][38.385s][info][gc          ] GC(36) Concurrent thread roots 1.239ms
[2026-04-03T02:17:56.484+0600][38.385s][info][gc,start    ] GC(36) Concurrent weak references
[2026-04-03T02:17:56.484+0600][38.385s][info][gc,task     ] GC(36) Using 3 of 6 workers for concurrent weak references
[2026-04-03T02:17:56.484+0600][38.385s][info][gc,ref      ] GC(36) Encountered references: Soft: 3868, Weak: 14750, Final: 84, Phantom: 645
[2026-04-03T02:17:56.484+0600][38.385s][info][gc,ref      ] GC(36) Discovered  references: Soft: 0, Weak: 3150, Final: 0, Phantom: 245
[2026-04-03T02:17:56.484+0600][38.385s][info][gc,ref      ] GC(36) Enqueued    references: Soft: 0, Weak: 251, Final: 0, Phantom: 0
[2026-04-03T02:17:56.484+0600][38.385s][info][gc          ] GC(36) Concurrent weak references 0.479ms
[2026-04-03T02:17:56.484+0600][38.385s][info][gc,start    ] GC(36) Concurrent weak roots
[2026-04-03T02:17:56.484+0600][38.385s][info][gc,task     ] GC(36) Using 3 of 6 workers for concurrent weak root
[2026-04-03T02:17:56.490+0600][38.391s][info][gc          ] GC(36) Concurrent weak roots 5.931ms
[2026-04-03T02:17:56.490+0600][38.391s][info][gc,start    ] GC(36) Concurrent cleanup
[2026-04-03T02:17:56.491+0600][38.392s][info][gc          ] GC(36) Concurrent cleanup 575M->241M(648M) 0.719ms
[2026-04-03T02:17:56.491+0600][38.392s][info][gc,ergo     ] GC(36) Free: 463M, Max: 256K regular, 67840K humongous, Frag: 86% external, 0% internal; Reserve: 36352K, Max: 256K
[2026-04-03T02:17:56.491+0600][38.392s][info][gc,start    ] GC(36) Concurrent class unloading
[2026-04-03T02:17:56.491+0600][38.392s][info][gc,task     ] GC(36) Using 3 of 6 workers for concurrent class unloading
[2026-04-03T02:17:56.504+0600][38.405s][info][gc          ] GC(36) Concurrent class unloading 12.889ms
[2026-04-03T02:17:56.504+0600][38.405s][info][gc,start    ] GC(36) Concurrent strong roots
[2026-04-03T02:17:56.504+0600][38.405s][info][gc,task     ] GC(36) Using 3 of 6 workers for concurrent strong root
[2026-04-03T02:17:56.505+0600][38.406s][info][gc          ] GC(36) Concurrent strong roots 1.233ms
[2026-04-03T02:17:56.505+0600][38.407s][info][gc,start    ] GC(36) Concurrent evacuation
[2026-04-03T02:17:56.505+0600][38.407s][info][gc,task     ] GC(36) Using 3 of 6 workers for concurrent evacuation
[2026-04-03T02:17:56.508+0600][38.409s][info][gc          ] GC(36) Concurrent evacuation 2.281ms
[2026-04-03T02:17:56.508+0600][38.409s][info][gc,start    ] GC(36) Pause Init Update Refs
[2026-04-03T02:17:56.508+0600][38.409s][info][gc,ergo     ] GC(36) Pacer for Update Refs. Used: 251M, Free: 458M, Non-Taxable: 46994K, Alloc Tax Rate: 1.1x
[2026-04-03T02:17:56.508+0600][38.409s][info][gc          ] GC(36) Pause Init Update Refs 0.140ms
[2026-04-03T02:17:56.508+0600][38.409s][info][gc,start    ] GC(36) Concurrent update references
[2026-04-03T02:17:56.508+0600][38.409s][info][gc,task     ] GC(36) Using 3 of 6 workers for concurrent reference update
[2026-04-03T02:17:56.547+0600][38.448s][info][gc          ] GC(36) Concurrent update references 38.888ms
[2026-04-03T02:17:56.547+0600][38.448s][info][gc,start    ] GC(36) Concurrent update thread roots
[2026-04-03T02:17:56.552+0600][38.453s][info][gc          ] GC(36) Concurrent update thread roots 4.571ms
[2026-04-03T02:17:56.552+0600][38.453s][info][gc,start    ] GC(36) Pause Final Update Refs
[2026-04-03T02:17:56.552+0600][38.453s][info][gc,task     ] GC(36) Using 6 of 6 workers for final reference update
[2026-04-03T02:17:56.552+0600][38.453s][info][gc          ] GC(36) Pause Final Update Refs 0.217ms
[2026-04-03T02:17:56.556+0600][38.457s][info][gc,start    ] GC(36) Concurrent cleanup
[2026-04-03T02:17:56.556+0600][38.457s][info][gc          ] GC(36) Concurrent cleanup 293M->256M(648M) 0.318ms
[2026-04-03T02:17:56.556+0600][38.457s][info][gc,ergo     ] Free: 444M, Max: 256K regular, 114M humongous, Frag: 75% external, 0% internal; Reserve: 38400K, Max: 256K
[2026-04-03T02:17:56.556+0600][38.457s][info][gc,stats    ] 
[2026-04-03T02:17:56.556+0600][38.457s][info][gc,stats    ] All times are wall-clock times, except per-root-class counters, that are sum over
[2026-04-03T02:17:56.556+0600][38.457s][info][gc,stats    ] all workers. Dividing the <total> over the root stage time estimates parallelism.
[2026-04-03T02:17:56.556+0600][38.457s][info][gc,stats    ] 
[2026-04-03T02:17:56.556+0600][38.457s][info][gc,stats    ] Concurrent Reset                   1266 us
[2026-04-03T02:17:56.556+0600][38.457s][info][gc,stats    ] Pause Init Mark (G)                1564 us
[2026-04-03T02:17:56.556+0600][38.457s][info][gc,stats    ] Pause Init Mark (N)                 211 us
[2026-04-03T02:17:56.556+0600][38.457s][info][gc,stats    ]   Update Region States               49 us
[2026-04-03T02:17:56.556+0600][38.457s][info][gc,stats    ] Concurrent Mark Roots              1952 us, parallelism: 1.77x
[2026-04-03T02:17:56.556+0600][38.457s][info][gc,stats    ]   CMR: <total>                     3451 us
[2026-04-03T02:17:56.556+0600][38.457s][info][gc,stats    ]   CMR: Thread Roots                2994 us, workers (us): 745, 1124, 1125, ---, ---, ---, 
[2026-04-03T02:17:56.556+0600][38.457s][info][gc,stats    ]   CMR: VM Strong Roots               82 us, workers (us):  31,  27,  24, ---, ---, ---, 
[2026-04-03T02:17:56.556+0600][38.457s][info][gc,stats    ]   CMR: CLDG Roots                   374 us, workers (us): 374, ---, ---, ---, ---, ---, 
[2026-04-03T02:17:56.556+0600][38.458s][info][gc,stats    ] Concurrent Marking                39739 us
[2026-04-03T02:17:56.556+0600][38.458s][info][gc,stats    ] Pause Final Mark (G)                993 us
[2026-04-03T02:17:56.556+0600][38.458s][info][gc,stats    ] Pause Final Mark (N)                776 us
[2026-04-03T02:17:56.556+0600][38.458s][info][gc,stats    ]   Finish Mark                       325 us
[2026-04-03T02:17:56.556+0600][38.458s][info][gc,stats    ]   Update Region States               44 us
[2026-04-03T02:17:56.556+0600][38.458s][info][gc,stats    ]   Choose Collection Set             213 us
[2026-04-03T02:17:56.556+0600][38.458s][info][gc,stats    ]   Rebuild Free Set                   42 us
[2026-04-03T02:17:56.556+0600][38.458s][info][gc,stats    ] Concurrent Thread Roots            1309 us, parallelism: 2.06x
[2026-04-03T02:17:56.556+0600][38.458s][info][gc,stats    ]   CTR: <total>                     2701 us
[2026-04-03T02:17:56.556+0600][38.458s][info][gc,stats    ]   CTR: Thread Roots                2701 us, workers (us): 956, 853, 893, ---, ---, ---, 
[2026-04-03T02:17:56.557+0600][38.458s][info][gc,stats    ] Concurrent Weak References          489 us, parallelism: 1.00x
[2026-04-03T02:17:56.557+0600][38.458s][info][gc,stats    ]   CWRF: <total>                     489 us
[2026-04-03T02:17:56.557+0600][38.458s][info][gc,stats    ]   CWRF: Weak References             489 us, workers (us): 242, 177,  71, ---, ---, ---, 
[2026-04-03T02:17:56.557+0600][38.458s][info][gc,stats    ] Concurrent Weak Roots              6010 us
[2026-04-03T02:17:56.557+0600][38.458s][info][gc,stats    ]   Roots                            5420 us, parallelism: 2.74x
[2026-04-03T02:17:56.557+0600][38.458s][info][gc,stats    ]     CWR: <total>                  14833 us
[2026-04-03T02:17:56.557+0600][38.458s][info][gc,stats    ]     CWR: Code Cache Roots         11908 us, workers (us): 4121, 4086, 3701, ---, ---, ---, 
[2026-04-03T02:17:56.557+0600][38.458s][info][gc,stats    ]     CWR: VM Weak Roots             2553 us, workers (us): 857, 857, 839, ---, ---, ---, 
[2026-04-03T02:17:56.557+0600][38.458s][info][gc,stats    ]     CWR: CLDG Roots                 372 us, workers (us): ---, ---, 372, ---, ---, ---, 
[2026-04-03T02:17:56.557+0600][38.458s][info][gc,stats    ]   Rendezvous                        487 us
[2026-04-03T02:17:56.557+0600][38.458s][info][gc,stats    ] Concurrent Cleanup                  736 us
[2026-04-03T02:17:56.557+0600][38.458s][info][gc,stats    ] Concurrent Class Unloading        12966 us
[2026-04-03T02:17:56.557+0600][38.458s][info][gc,stats    ]   Unlink Stale                    11862 us
[2026-04-03T02:17:56.557+0600][38.458s][info][gc,stats    ]     System Dictionary               294 us
[2026-04-03T02:17:56.557+0600][38.458s][info][gc,stats    ]     Weak Class Links                  0 us
[2026-04-03T02:17:56.557+0600][38.458s][info][gc,stats    ]     Code Roots                    11565 us
[2026-04-03T02:17:56.557+0600][38.458s][info][gc,stats    ]   Rendezvous                        319 us
[2026-04-03T02:17:56.557+0600][38.458s][info][gc,stats    ]   Purge Unlinked                    682 us
[2026-04-03T02:17:56.557+0600][38.458s][info][gc,stats    ]     Code Roots                      671 us
[2026-04-03T02:17:56.557+0600][38.458s][info][gc,stats    ]     CLDG                             10 us
[2026-04-03T02:17:56.557+0600][38.458s][info][gc,stats    ]     Exception Caches                  0 us
[2026-04-03T02:17:56.557+0600][38.458s][info][gc,stats    ] Concurrent Strong Roots            1298 us, parallelism: 0.56x
[2026-04-03T02:17:56.557+0600][38.458s][info][gc,stats    ]   CSR: <total>                      727 us
[2026-04-03T02:17:56.557+0600][38.458s][info][gc,stats    ]   CSR: VM Strong Roots               59 us, workers (us):  22,  19,  19, ---, ---, ---, 
[2026-04-03T02:17:56.557+0600][38.458s][info][gc,stats    ]   CSR: CLDG Roots                   668 us, workers (us): 668, ---, ---, ---, ---, ---, 
[2026-04-03T02:17:56.557+0600][38.458s][info][gc,stats    ] Concurrent Evacuation              2358 us
[2026-04-03T02:17:56.557+0600][38.458s][info][gc,stats    ] Pause Init Update Refs (G)          354 us
[2026-04-03T02:17:56.557+0600][38.458s][info][gc,stats    ] Pause Init Update Refs (N)          158 us
[2026-04-03T02:17:56.557+0600][38.458s][info][gc,stats    ]   Manage GCLABs                      38 us
[2026-04-03T02:17:56.557+0600][38.458s][info][gc,stats    ] Concurrent Update Refs            39009 us
[2026-04-03T02:17:56.557+0600][38.458s][info][gc,stats    ] Concurrent Update Thread Roots     4680 us
[2026-04-03T02:17:56.557+0600][38.458s][info][gc,stats    ] Pause Final Update Refs (G)        3901 us
[2026-04-03T02:17:56.557+0600][38.458s][info][gc,stats    ] Pause Final Update Refs (N)         238 us
[2026-04-03T02:17:56.557+0600][38.458s][info][gc,stats    ]   Update Region States               72 us
[2026-04-03T02:17:56.557+0600][38.458s][info][gc,stats    ]   Trash Collection Set               19 us
[2026-04-03T02:17:56.557+0600][38.458s][info][gc,stats    ]   Rebuild Free Set                   43 us
[2026-04-03T02:17:56.557+0600][38.458s][info][gc,stats    ] Concurrent Cleanup                  349 us
[2026-04-03T02:17:56.557+0600][38.458s][info][gc,stats    ] Pacing                           272081 us
[2026-04-03T02:17:56.557+0600][38.458s][info][gc,stats    ] 
[2026-04-03T02:17:56.557+0600][38.458s][info][gc,stats    ] Allocation pacing accrued:
[2026-04-03T02:17:56.557+0600][38.458s][info][gc,stats    ]       6 of   187 ms (  3.1%): Spark Context Cleaner
[2026-04-03T02:17:56.557+0600][38.458s][info][gc,stats    ]      62 of   187 ms ( 33.3%): Executor task launch worker for task 0.0 in stage 672.0 (TID 1359)
[2026-04-03T02:17:56.557+0600][38.458s][info][gc,stats    ]      61 of   187 ms ( 32.8%): Executor task launch worker for task 1.0 in stage 672.0 (TID 1360)
[2026-04-03T02:17:56.557+0600][38.458s][info][gc,stats    ]      60 of   187 ms ( 32.3%): Executor task launch worker for task 2.0 in stage 672.0 (TID 1361)
[2026-04-03T02:17:56.557+0600][38.458s][info][gc,stats    ]      61 of   187 ms ( 32.6%): Executor task launch worker for task 3.0 in stage 672.0 (TID 1362)
[2026-04-03T02:17:56.557+0600][38.458s][info][gc,stats    ]      21 of   187 ms ( 11.4%): block-manager-storage-async-thread-pool-76
[2026-04-03T02:17:56.557+0600][38.458s][info][gc,stats    ]     272 of   187 ms (145.5%): <total>
[2026-04-03T02:17:56.557+0600][38.458s][info][gc,stats    ]       1 of   187 ms (  0.5%): <average total>
[2026-04-03T02:17:56.557+0600][38.458s][info][gc,stats    ]      45 of   187 ms ( 24.3%): <average non-zero>
[2026-04-03T02:17:56.557+0600][38.458s][info][gc,stats    ] 
[2026-04-03T02:17:56.557+0600][38.458s][info][gc,metaspace] Metaspace: 130432K(131648K)->130432K(131648K) NonClass: 113962K(114624K)->113962K(114624K) Class: 16469K(17024K)->16469K(17024K)
[2026-04-03T02:17:56.557+0600][38.458s][info][gc,ergo     ] Pacer for Idle. Initial: 15360K, Alloc Tax Rate: 1.0x
[2026-04-03T02:17:57.122+0600][39.023s][info][gc          ] Trigger: Average GC time (160.23 ms) is above the time for average allocation rate (528 MB/s) to deplete free headroom (85542K) (margin of error = 1.86)
[2026-04-03T02:17:57.122+0600][39.023s][info][gc,ergo     ] Free headroom: 121M (free) - 38400K (spike) - 0B (penalties) = 85542K
[2026-04-03T02:17:57.122+0600][39.023s][info][gc,ergo     ] Free: 121M, Max: 256K regular, 59648K humongous, Frag: 52% external, 1% internal; Reserve: 38400K, Max: 256K
[2026-04-03T02:17:57.122+0600][39.023s][info][gc,start    ] GC(37) Concurrent reset
[2026-04-03T02:17:57.122+0600][39.023s][info][gc,task     ] GC(37) Using 3 of 6 workers for concurrent reset
[2026-04-03T02:17:57.122+0600][39.023s][info][gc,ergo     ] GC(37) Pacer for Reset. Non-Taxable: 750M
[2026-04-03T02:17:57.123+0600][39.024s][info][gc          ] GC(37) Concurrent reset 1.158ms
[2026-04-03T02:17:57.123+0600][39.024s][info][gc,start    ] GC(37) Pause Init Mark (unload classes)
[2026-04-03T02:17:57.123+0600][39.024s][info][gc,task     ] GC(37) Using 6 of 6 workers for init marking
[2026-04-03T02:17:57.123+0600][39.025s][info][gc,ergo     ] GC(37) Pacer for Mark. Expected Live: 94302K, Free: 120M, Non-Taxable: 12343K, Alloc Tax Rate: 0.9x
[2026-04-03T02:17:57.123+0600][39.025s][info][gc          ] GC(37) Pause Init Mark (unload classes) 0.154ms
[2026-04-03T02:17:57.124+0600][39.025s][info][gc,start    ] GC(37) Concurrent marking roots
[2026-04-03T02:17:57.124+0600][39.025s][info][gc,task     ] GC(37) Using 3 of 6 workers for concurrent marking roots
[2026-04-03T02:17:57.125+0600][39.027s][info][gc          ] GC(37) Concurrent marking roots 1.765ms
[2026-04-03T02:17:57.125+0600][39.027s][info][gc,start    ] GC(37) Concurrent marking (unload classes)
[2026-04-03T02:17:57.126+0600][39.027s][info][gc,task     ] GC(37) Using 3 of 6 workers for concurrent marking
[2026-04-03T02:17:57.179+0600][39.080s][info][gc          ] GC(37) Concurrent marking (unload classes) 53.076ms
[2026-04-03T02:17:57.179+0600][39.080s][info][gc,start    ] GC(37) Pause Final Mark (unload classes)
[2026-04-03T02:17:57.179+0600][39.080s][info][gc,task     ] GC(37) Using 6 of 6 workers for final marking
[2026-04-03T02:17:57.179+0600][39.080s][info][gc,ergo     ] GC(37) Adaptive CSet Selection. Target Free: 106M, Actual Free: 499M, Max CSet: 32000K, Min Garbage: 0B
[2026-04-03T02:17:57.179+0600][39.081s][info][gc,ergo     ] GC(37) Collectable Garbage: 464M (98%), Immediate: 364M (77%), CSet: 100M (21%)
[2026-04-03T02:17:57.180+0600][39.081s][info][gc,ergo     ] GC(37) Pacer for Evacuation. Used CSet: 104M, Free: 493M, Non-Taxable: 50566K, Alloc Tax Rate: 1.1x
[2026-04-03T02:17:57.180+0600][39.081s][info][gc          ] GC(37) Pause Final Mark (unload classes) 0.817ms
[2026-04-03T02:17:57.180+0600][39.081s][info][gc,start    ] GC(37) Concurrent thread roots
[2026-04-03T02:17:57.180+0600][39.081s][info][gc,task     ] GC(37) Using 3 of 6 workers for Concurrent thread roots
[2026-04-03T02:17:57.181+0600][39.082s][info][gc          ] GC(37) Concurrent thread roots 1.167ms
[2026-04-03T02:17:57.181+0600][39.082s][info][gc,start    ] GC(37) Concurrent weak references
[2026-04-03T02:17:57.181+0600][39.082s][info][gc,task     ] GC(37) Using 3 of 6 workers for concurrent weak references
[2026-04-03T02:17:57.181+0600][39.082s][info][gc,ref      ] GC(37) Encountered references: Soft: 3872, Weak: 14939, Final: 84, Phantom: 621
[2026-04-03T02:17:57.181+0600][39.083s][info][gc,ref      ] GC(37) Discovered  references: Soft: 0, Weak: 5068, Final: 0, Phantom: 614
[2026-04-03T02:17:57.181+0600][39.083s][info][gc,ref      ] GC(37) Enqueued    references: Soft: 0, Weak: 386, Final: 0, Phantom: 0
[2026-04-03T02:17:57.181+0600][39.083s][info][gc          ] GC(37) Concurrent weak references 0.582ms
[2026-04-03T02:17:57.181+0600][39.083s][info][gc,start    ] GC(37) Concurrent weak roots
[2026-04-03T02:17:57.181+0600][39.083s][info][gc,task     ] GC(37) Using 3 of 6 workers for concurrent weak root
[2026-04-03T02:17:57.194+0600][39.095s][info][gc          ] GC(37) Concurrent weak roots 12.238ms
[2026-04-03T02:17:57.194+0600][39.095s][info][gc,start    ] GC(37) Concurrent cleanup
[2026-04-03T02:17:57.195+0600][39.096s][info][gc          ] GC(37) Concurrent cleanup 592M->228M(648M) 0.766ms
[2026-04-03T02:17:57.195+0600][39.096s][info][gc,ergo     ] GC(37) Free: 480M, Max: 256K regular, 53504K humongous, Frag: 90% external, 0% internal; Reserve: 37938K, Max: 256K
[2026-04-03T02:17:57.195+0600][39.096s][info][gc,start    ] GC(37) Concurrent class unloading
[2026-04-03T02:17:57.195+0600][39.096s][info][gc,task     ] GC(37) Using 3 of 6 workers for concurrent class unloading
[2026-04-03T02:17:57.218+0600][39.119s][info][gc          ] GC(37) Concurrent class unloading 23.435ms
[2026-04-03T02:17:57.218+0600][39.119s][info][gc,start    ] GC(37) Concurrent strong roots
[2026-04-03T02:17:57.218+0600][39.119s][info][gc,task     ] GC(37) Using 3 of 6 workers for concurrent strong root
[2026-04-03T02:17:57.220+0600][39.121s][info][gc          ] GC(37) Concurrent strong roots 1.207ms
[2026-04-03T02:17:57.220+0600][39.121s][info][gc,start    ] GC(37) Concurrent evacuation
[2026-04-03T02:17:57.220+0600][39.121s][info][gc,task     ] GC(37) Using 3 of 6 workers for concurrent evacuation
[2026-04-03T02:17:57.222+0600][39.123s][info][gc          ] GC(37) Concurrent evacuation 2.293ms
[2026-04-03T02:17:57.222+0600][39.123s][info][gc,start    ] GC(37) Pause Init Update Refs
[2026-04-03T02:17:57.222+0600][39.123s][info][gc,ergo     ] GC(37) Pacer for Update Refs. Used: 250M, Free: 459M, Non-Taxable: 47085K, Alloc Tax Rate: 1.1x
[2026-04-03T02:17:57.222+0600][39.123s][info][gc          ] GC(37) Pause Init Update Refs 0.153ms
[2026-04-03T02:17:57.223+0600][39.124s][info][gc,start    ] GC(37) Concurrent update references
[2026-04-03T02:17:57.223+0600][39.124s][info][gc,task     ] GC(37) Using 3 of 6 workers for concurrent reference update
[2026-04-03T02:17:57.268+0600][39.169s][info][gc          ] GC(37) Concurrent update references 45.046ms
[2026-04-03T02:17:57.268+0600][39.169s][info][gc,start    ] GC(37) Concurrent update thread roots
[2026-04-03T02:17:57.269+0600][39.170s][info][gc          ] GC(37) Concurrent update thread roots 1.459ms
[2026-04-03T02:17:57.269+0600][39.170s][info][gc,start    ] GC(37) Pause Final Update Refs
[2026-04-03T02:17:57.269+0600][39.171s][info][gc,task     ] GC(37) Using 6 of 6 workers for final reference update
[2026-04-03T02:17:57.270+0600][39.171s][info][gc          ] GC(37) Pause Final Update Refs 0.191ms
[2026-04-03T02:17:57.270+0600][39.171s][info][gc,start    ] GC(37) Concurrent cleanup
[2026-04-03T02:17:57.270+0600][39.171s][info][gc          ] GC(37) Concurrent cleanup 283M->179M(648M) 0.574ms
[2026-04-03T02:17:57.270+0600][39.171s][info][gc,ergo     ] Free: 524M, Max: 256K regular, 309M humongous, Frag: 41% external, 0% internal; Reserve: 38400K, Max: 256K
[2026-04-03T02:17:57.270+0600][39.171s][info][gc,stats    ] 
[2026-04-03T02:17:57.270+0600][39.171s][info][gc,stats    ] All times are wall-clock times, except per-root-class counters, that are sum over
[2026-04-03T02:17:57.270+0600][39.171s][info][gc,stats    ] all workers. Dividing the <total> over the root stage time estimates parallelism.
[2026-04-03T02:17:57.270+0600][39.171s][info][gc,stats    ] 
[2026-04-03T02:17:57.270+0600][39.171s][info][gc,stats    ] Concurrent Reset                   1206 us
[2026-04-03T02:17:57.270+0600][39.171s][info][gc,stats    ] Pause Init Mark (G)                 684 us
[2026-04-03T02:17:57.270+0600][39.171s][info][gc,stats    ] Pause Init Mark (N)                 164 us
[2026-04-03T02:17:57.270+0600][39.171s][info][gc,stats    ]   Update Region States               47 us
[2026-04-03T02:17:57.270+0600][39.171s][info][gc,stats    ] Concurrent Mark Roots              1841 us, parallelism: 1.78x
[2026-04-03T02:17:57.270+0600][39.171s][info][gc,stats    ]   CMR: <total>                     3274 us
[2026-04-03T02:17:57.270+0600][39.171s][info][gc,stats    ]   CMR: Thread Roots                2785 us, workers (us): 1170, 778, 836, ---, ---, ---, 
[2026-04-03T02:17:57.270+0600][39.171s][info][gc,stats    ]   CMR: VM Strong Roots               94 us, workers (us):  56,  37,   1, ---, ---, ---, 
[2026-04-03T02:17:57.270+0600][39.171s][info][gc,stats    ]   CMR: CLDG Roots                   395 us, workers (us): ---, 395, ---, ---, ---, ---, 
[2026-04-03T02:17:57.270+0600][39.171s][info][gc,stats    ] Concurrent Marking                53172 us
[2026-04-03T02:17:57.270+0600][39.172s][info][gc,stats    ] Pause Final Mark (G)               1011 us
[2026-04-03T02:17:57.270+0600][39.172s][info][gc,stats    ] Pause Final Mark (N)                833 us
[2026-04-03T02:17:57.270+0600][39.172s][info][gc,stats    ]   Finish Mark                       303 us
[2026-04-03T02:17:57.270+0600][39.172s][info][gc,stats    ]   Update Region States               58 us
[2026-04-03T02:17:57.270+0600][39.172s][info][gc,stats    ]   Choose Collection Set             265 us
[2026-04-03T02:17:57.270+0600][39.172s][info][gc,stats    ]   Rebuild Free Set                   36 us
[2026-04-03T02:17:57.270+0600][39.172s][info][gc,stats    ] Concurrent Thread Roots            1205 us, parallelism: 2.27x
[2026-04-03T02:17:57.270+0600][39.172s][info][gc,stats    ]   CTR: <total>                     2737 us
[2026-04-03T02:17:57.270+0600][39.172s][info][gc,stats    ]   CTR: Thread Roots                2737 us, workers (us): 986, 891, 860, ---, ---, ---, 
[2026-04-03T02:17:57.270+0600][39.172s][info][gc,stats    ] Concurrent Weak References          598 us, parallelism: 1.32x
[2026-04-03T02:17:57.270+0600][39.172s][info][gc,stats    ]   CWRF: <total>                     789 us
[2026-04-03T02:17:57.270+0600][39.172s][info][gc,stats    ]   CWRF: Weak References             789 us, workers (us): 403, 181, 204, ---, ---, ---, 
[2026-04-03T02:17:57.270+0600][39.172s][info][gc,stats    ] Concurrent Weak Roots             12354 us
[2026-04-03T02:17:57.270+0600][39.172s][info][gc,stats    ]   Roots                            5224 us, parallelism: 2.21x
[2026-04-03T02:17:57.270+0600][39.172s][info][gc,stats    ]     CWR: <total>                  11520 us
[2026-04-03T02:17:57.271+0600][39.172s][info][gc,stats    ]     CWR: Code Cache Roots          8610 us, workers (us): 3035, 2748, 2827, ---, ---, ---, 
[2026-04-03T02:17:57.271+0600][39.172s][info][gc,stats    ]     CWR: VM Weak Roots             2768 us, workers (us): 1178, 1138, 452, ---, ---, ---, 
[2026-04-03T02:17:57.271+0600][39.172s][info][gc,stats    ]     CWR: CLDG Roots                 142 us, workers (us): ---, 142, ---, ---, ---, ---, 
[2026-04-03T02:17:57.271+0600][39.172s][info][gc,stats    ]   Rendezvous                       6975 us
[2026-04-03T02:17:57.271+0600][39.172s][info][gc,stats    ] Concurrent Cleanup                  814 us
[2026-04-03T02:17:57.271+0600][39.172s][info][gc,stats    ] Concurrent Class Unloading        23541 us
[2026-04-03T02:17:57.271+0600][39.172s][info][gc,stats    ]   Unlink Stale                    18542 us
[2026-04-03T02:17:57.271+0600][39.172s][info][gc,stats    ]     System Dictionary               344 us
[2026-04-03T02:17:57.271+0600][39.172s][info][gc,stats    ]     Weak Class Links                  1 us
[2026-04-03T02:17:57.271+0600][39.172s][info][gc,stats    ]     Code Roots                    18190 us
[2026-04-03T02:17:57.271+0600][39.172s][info][gc,stats    ]   Rendezvous                        642 us
[2026-04-03T02:17:57.271+0600][39.172s][info][gc,stats    ]   Purge Unlinked                   4206 us
[2026-04-03T02:17:57.271+0600][39.172s][info][gc,stats    ]     Code Roots                     4192 us
[2026-04-03T02:17:57.271+0600][39.172s][info][gc,stats    ]     CLDG                             12 us
[2026-04-03T02:17:57.271+0600][39.172s][info][gc,stats    ]     Exception Caches                  0 us
[2026-04-03T02:17:57.271+0600][39.172s][info][gc,stats    ] Concurrent Strong Roots            1284 us, parallelism: 0.58x
[2026-04-03T02:17:57.271+0600][39.172s][info][gc,stats    ]   CSR: <total>                      744 us
[2026-04-03T02:17:57.271+0600][39.172s][info][gc,stats    ]   CSR: VM Strong Roots               38 us, workers (us):  37,   2,   0, ---, ---, ---, 
[2026-04-03T02:17:57.271+0600][39.172s][info][gc,stats    ]   CSR: CLDG Roots                   706 us, workers (us): 706, ---, ---, ---, ---, ---, 
[2026-04-03T02:17:57.271+0600][39.172s][info][gc,stats    ] Concurrent Evacuation              2367 us
[2026-04-03T02:17:57.271+0600][39.172s][info][gc,stats    ] Pause Init Update Refs (G)          543 us
[2026-04-03T02:17:57.271+0600][39.172s][info][gc,stats    ] Pause Init Update Refs (N)          171 us
[2026-04-03T02:17:57.271+0600][39.172s][info][gc,stats    ]   Manage GCLABs                      58 us
[2026-04-03T02:17:57.271+0600][39.172s][info][gc,stats    ] Concurrent Update Refs            45137 us
[2026-04-03T02:17:57.271+0600][39.172s][info][gc,stats    ] Concurrent Update Thread Roots     1539 us
[2026-04-03T02:17:57.271+0600][39.172s][info][gc,stats    ] Pause Final Update Refs (G)         443 us
[2026-04-03T02:17:57.271+0600][39.172s][info][gc,stats    ] Pause Final Update Refs (N)         215 us
[2026-04-03T02:17:57.271+0600][39.172s][info][gc,stats    ]   Update Region States               56 us
[2026-04-03T02:17:57.271+0600][39.172s][info][gc,stats    ]   Trash Collection Set               17 us
[2026-04-03T02:17:57.271+0600][39.172s][info][gc,stats    ]   Rebuild Free Set                   47 us
[2026-04-03T02:17:57.271+0600][39.172s][info][gc,stats    ] Concurrent Cleanup                  590 us
[2026-04-03T02:17:57.271+0600][39.172s][info][gc,stats    ] Pacing                           271611 us
[2026-04-03T02:17:57.271+0600][39.172s][info][gc,stats    ] 
[2026-04-03T02:17:57.271+0600][39.172s][info][gc,stats    ] Allocation pacing accrued:
[2026-04-03T02:17:57.271+0600][39.172s][info][gc,stats    ]      11 of   714 ms (  1.6%): driver-heartbeater
[2026-04-03T02:17:57.271+0600][39.172s][info][gc,stats    ]      32 of   714 ms (  4.5%): Executor task launch worker for task 0.0 in stage 694.0 (TID 1407)
[2026-04-03T02:17:57.271+0600][39.172s][info][gc,stats    ]      32 of   714 ms (  4.5%): Executor task launch worker for task 2.0 in stage 694.0 (TID 1409)
[2026-04-03T02:17:57.271+0600][39.172s][info][gc,stats    ]      32 of   714 ms (  4.6%): Executor task launch worker for task 3.0 in stage 694.0 (TID 1410)
[2026-04-03T02:17:57.271+0600][39.172s][info][gc,stats    ]      33 of   714 ms (  4.6%): Executor task launch worker for task 5.0 in stage 694.0 (TID 1412)
[2026-04-03T02:17:57.271+0600][39.172s][info][gc,stats    ]      32 of   714 ms (  4.5%): Executor task launch worker for task 6.0 in stage 694.0 (TID 1413)
[2026-04-03T02:17:57.271+0600][39.172s][info][gc,stats    ]      33 of   714 ms (  4.6%): Executor task launch worker for task 1.0 in stage 694.0 (TID 1408)
[2026-04-03T02:17:57.271+0600][39.172s][info][gc,stats    ]      32 of   714 ms (  4.5%): Executor task launch worker for task 4.0 in stage 694.0 (TID 1411)
[2026-04-03T02:17:57.271+0600][39.172s][info][gc,stats    ]      33 of   714 ms (  4.6%): Executor task launch worker for task 7.0 in stage 694.0 (TID 1414)
[2026-04-03T02:17:57.271+0600][39.172s][info][gc,stats    ]     272 of   714 ms ( 38.1%): <total>
[2026-04-03T02:17:57.271+0600][39.172s][info][gc,stats    ]       1 of   714 ms (  0.1%): <average total>
[2026-04-03T02:17:57.271+0600][39.172s][info][gc,stats    ]      30 of   714 ms (  4.2%): <average non-zero>
[2026-04-03T02:17:57.271+0600][39.172s][info][gc,stats    ] 
[2026-04-03T02:17:57.271+0600][39.172s][info][gc,metaspace] Metaspace: 130465K(131648K)->130468K(131648K) NonClass: 113994K(114624K)->113997K(114624K) Class: 16470K(17024K)->16470K(17024K)
[2026-04-03T02:17:57.271+0600][39.172s][info][gc,ergo     ] Pacer for Idle. Initial: 15360K, Alloc Tax Rate: 1.0x
[2026-04-03T02:17:57.572+0600][39.473s][info][gc          ] Trigger: Average GC time (165.52 ms) is above the time for average allocation rate (966 MB/s) to deplete free headroom (159M) (margin of error = 1.86)
[2026-04-03T02:17:57.572+0600][39.473s][info][gc,ergo     ] Free headroom: 197M (free) - 38400K (spike) - 0B (penalties) = 159M
[2026-04-03T02:17:57.572+0600][39.473s][info][gc,ergo     ] Free: 197M, Max: 256K regular, 111M humongous, Frag: 44% external, 0% internal; Reserve: 38400K, Max: 256K
[2026-04-03T02:17:57.572+0600][39.473s][info][gc,start    ] GC(38) Concurrent reset
[2026-04-03T02:17:57.572+0600][39.473s][info][gc,task     ] GC(38) Using 3 of 6 workers for concurrent reset
[2026-04-03T02:17:57.572+0600][39.473s][info][gc,ergo     ] GC(38) Pacer for Reset. Non-Taxable: 750M
[2026-04-03T02:17:57.573+0600][39.474s][info][gc          ] GC(38) Concurrent reset 1.242ms
[2026-04-03T02:17:57.574+0600][39.475s][info][gc,start    ] GC(38) Pause Init Mark (unload classes)
[2026-04-03T02:17:57.574+0600][39.475s][info][gc,task     ] GC(38) Using 6 of 6 workers for init marking
[2026-04-03T02:17:57.574+0600][39.475s][info][gc,ergo     ] GC(38) Pacer for Mark. Expected Live: 94550K, Free: 196M, Non-Taxable: 20107K, Alloc Tax Rate: 0.6x
[2026-04-03T02:17:57.574+0600][39.475s][info][gc          ] GC(38) Pause Init Mark (unload classes) 0.113ms
[2026-04-03T02:17:57.574+0600][39.475s][info][gc,start    ] GC(38) Concurrent marking roots
[2026-04-03T02:17:57.574+0600][39.475s][info][gc,task     ] GC(38) Using 3 of 6 workers for concurrent marking roots
[2026-04-03T02:17:57.576+0600][39.477s][info][gc          ] GC(38) Concurrent marking roots 2.349ms
[2026-04-03T02:17:57.576+0600][39.477s][info][gc,start    ] GC(38) Concurrent marking (unload classes)
[2026-04-03T02:17:57.576+0600][39.477s][info][gc,task     ] GC(38) Using 3 of 6 workers for concurrent marking
[2026-04-03T02:17:57.641+0600][39.542s][info][gc          ] GC(38) Concurrent marking (unload classes) 64.646ms
[2026-04-03T02:17:57.641+0600][39.542s][info][gc,start    ] GC(38) Pause Final Mark (unload classes)
[2026-04-03T02:17:57.641+0600][39.542s][info][gc,task     ] GC(38) Using 6 of 6 workers for final marking
[2026-04-03T02:17:57.642+0600][39.543s][info][gc,ergo     ] GC(38) Adaptive CSet Selection. Target Free: 106M, Actual Free: 536M, Max CSet: 32000K, Min Garbage: 0B
[2026-04-03T02:17:57.642+0600][39.543s][info][gc,ergo     ] GC(38) Collectable Garbage: 393M (98%), Immediate: 338M (84%), CSet: 57001K (13%)
[2026-04-03T02:17:57.642+0600][39.544s][info][gc,ergo     ] GC(38) Pacer for Evacuation. Used CSet: 60155K, Free: 526M, Non-Taxable: 53876K, Alloc Tax Rate: 1.1x
[2026-04-03T02:17:57.642+0600][39.544s][info][gc          ] GC(38) Pause Final Mark (unload classes) 1.170ms
[2026-04-03T02:17:57.643+0600][39.544s][info][gc,start    ] GC(38) Concurrent thread roots
[2026-04-03T02:17:57.643+0600][39.544s][info][gc,task     ] GC(38) Using 3 of 6 workers for Concurrent thread roots
[2026-04-03T02:17:57.644+0600][39.545s][info][gc          ] GC(38) Concurrent thread roots 1.121ms
[2026-04-03T02:17:57.644+0600][39.545s][info][gc,start    ] GC(38) Concurrent weak references
[2026-04-03T02:17:57.644+0600][39.545s][info][gc,task     ] GC(38) Using 3 of 6 workers for concurrent weak references
[2026-04-03T02:17:57.645+0600][39.546s][info][gc,ref      ] GC(38) Encountered references: Soft: 3870, Weak: 15353, Final: 84, Phantom: 621
[2026-04-03T02:17:57.645+0600][39.546s][info][gc,ref      ] GC(38) Discovered  references: Soft: 0, Weak: 7996, Final: 0, Phantom: 616
[2026-04-03T02:17:57.645+0600][39.546s][info][gc,ref      ] GC(38) Enqueued    references: Soft: 0, Weak: 39, Final: 0, Phantom: 0
[2026-04-03T02:17:57.645+0600][39.546s][info][gc          ] GC(38) Concurrent weak references 1.126ms
[2026-04-03T02:17:57.645+0600][39.546s][info][gc,start    ] GC(38) Concurrent weak roots
[2026-04-03T02:17:57.645+0600][39.546s][info][gc,task     ] GC(38) Using 3 of 6 workers for concurrent weak root
[2026-04-03T02:17:57.650+0600][39.551s][info][gc          ] GC(38) Concurrent weak roots 5.334ms
[2026-04-03T02:17:57.650+0600][39.552s][info][gc,start    ] GC(38) Concurrent cleanup
[2026-04-03T02:17:57.651+0600][39.552s][info][gc          ] GC(38) Concurrent cleanup 526M->188M(648M) 0.686ms
[2026-04-03T02:17:57.651+0600][39.552s][info][gc,ergo     ] GC(38) Free: 520M, Max: 256K regular, 72704K humongous, Frag: 87% external, 0% internal; Reserve: 38000K, Max: 256K
[2026-04-03T02:17:57.651+0600][39.552s][info][gc,start    ] GC(38) Concurrent class unloading
[2026-04-03T02:17:57.651+0600][39.552s][info][gc,task     ] GC(38) Using 3 of 6 workers for concurrent class unloading
[2026-04-03T02:17:57.668+0600][39.569s][info][gc          ] GC(38) Concurrent class unloading 16.998ms
[2026-04-03T02:17:57.668+0600][39.570s][info][gc,start    ] GC(38) Concurrent strong roots
[2026-04-03T02:17:57.668+0600][39.570s][info][gc,task     ] GC(38) Using 3 of 6 workers for concurrent strong root
[2026-04-03T02:17:57.670+0600][39.571s][info][gc          ] GC(38) Concurrent strong roots 1.252ms
[2026-04-03T02:17:57.670+0600][39.571s][info][gc,start    ] GC(38) Concurrent evacuation
[2026-04-03T02:17:57.670+0600][39.571s][info][gc,task     ] GC(38) Using 3 of 6 workers for concurrent evacuation
[2026-04-03T02:17:57.672+0600][39.573s][info][gc          ] GC(38) Concurrent evacuation 1.989ms
[2026-04-03T02:17:57.672+0600][39.573s][info][gc,start    ] GC(38) Pause Init Update Refs
[2026-04-03T02:17:57.672+0600][39.573s][info][gc,ergo     ] GC(38) Pacer for Update Refs. Used: 197M, Free: 513M, Non-Taxable: 52598K, Alloc Tax Rate: 1.1x
[2026-04-03T02:17:57.672+0600][39.573s][info][gc          ] GC(38) Pause Init Update Refs 0.184ms
[2026-04-03T02:17:57.672+0600][39.574s][info][gc,start    ] GC(38) Concurrent update references
[2026-04-03T02:17:57.672+0600][39.574s][info][gc,task     ] GC(38) Using 3 of 6 workers for concurrent reference update
[2026-04-03T02:17:57.723+0600][39.624s][info][gc          ] GC(38) Concurrent update references 50.465ms
[2026-04-03T02:17:57.723+0600][39.624s][info][gc,start    ] GC(38) Concurrent update thread roots
[2026-04-03T02:17:57.725+0600][39.626s][info][gc          ] GC(38) Concurrent update thread roots 1.778ms
[2026-04-03T02:17:57.725+0600][39.626s][info][gc,start    ] GC(38) Pause Final Update Refs
[2026-04-03T02:17:57.725+0600][39.626s][info][gc,task     ] GC(38) Using 6 of 6 workers for final reference update
[2026-04-03T02:17:57.725+0600][39.626s][info][gc          ] GC(38) Pause Final Update Refs 0.202ms
[2026-04-03T02:17:57.725+0600][39.626s][info][gc,start    ] GC(38) Concurrent cleanup
[2026-04-03T02:17:57.725+0600][39.627s][info][gc          ] GC(38) Concurrent cleanup 226M->167M(648M) 0.264ms
[2026-04-03T02:17:57.726+0600][39.627s][info][gc,ergo     ] Free: 539M, Max: 256K regular, 198M humongous, Frag: 64% external, 0% internal; Reserve: 38400K, Max: 256K
[2026-04-03T02:17:57.726+0600][39.627s][info][gc,stats    ] 
[2026-04-03T02:17:57.726+0600][39.627s][info][gc,stats    ] All times are wall-clock times, except per-root-class counters, that are sum over
[2026-04-03T02:17:57.726+0600][39.627s][info][gc,stats    ] all workers. Dividing the <total> over the root stage time estimates parallelism.
[2026-04-03T02:17:57.726+0600][39.627s][info][gc,stats    ] 
[2026-04-03T02:17:57.726+0600][39.627s][info][gc,stats    ] Concurrent Reset                   1306 us
[2026-04-03T02:17:57.726+0600][39.627s][info][gc,stats    ] Pause Init Mark (G)                 509 us
[2026-04-03T02:17:57.726+0600][39.627s][info][gc,stats    ] Pause Init Mark (N)                 220 us
[2026-04-03T02:17:57.726+0600][39.627s][info][gc,stats    ]   Update Region States               33 us
[2026-04-03T02:17:57.726+0600][39.627s][info][gc,stats    ] Concurrent Mark Roots              2418 us, parallelism: 1.51x
[2026-04-03T02:17:57.726+0600][39.627s][info][gc,stats    ]   CMR: <total>                     3641 us
[2026-04-03T02:17:57.726+0600][39.627s][info][gc,stats    ]   CMR: Thread Roots                3292 us, workers (us): 1553, 1738,   0, ---, ---, ---, 
[2026-04-03T02:17:57.726+0600][39.627s][info][gc,stats    ]   CMR: VM Strong Roots               48 us, workers (us):  46,   1,   0, ---, ---, ---, 
[2026-04-03T02:17:57.726+0600][39.627s][info][gc,stats    ]   CMR: CLDG Roots                   301 us, workers (us): 301, ---, ---, ---, ---, ---, 
[2026-04-03T02:17:57.726+0600][39.627s][info][gc,stats    ] Concurrent Marking                64726 us
[2026-04-03T02:17:57.726+0600][39.627s][info][gc,stats    ] Pause Final Mark (G)               1599 us
[2026-04-03T02:17:57.726+0600][39.627s][info][gc,stats    ] Pause Final Mark (N)               1198 us
[2026-04-03T02:17:57.726+0600][39.627s][info][gc,stats    ]   Finish Mark                       269 us
[2026-04-03T02:17:57.726+0600][39.627s][info][gc,stats    ]   Update Region States              165 us
[2026-04-03T02:17:57.726+0600][39.627s][info][gc,stats    ]   Choose Collection Set             462 us
[2026-04-03T02:17:57.726+0600][39.627s][info][gc,stats    ]   Rebuild Free Set                   78 us
[2026-04-03T02:17:57.726+0600][39.627s][info][gc,stats    ] Concurrent Thread Roots            1190 us, parallelism: 2.18x
[2026-04-03T02:17:57.726+0600][39.627s][info][gc,stats    ]   CTR: <total>                     2589 us
[2026-04-03T02:17:57.726+0600][39.627s][info][gc,stats    ]   CTR: Thread Roots                2589 us, workers (us): 882, 831, 875, ---, ---, ---, 
[2026-04-03T02:17:57.726+0600][39.627s][info][gc,stats    ] Concurrent Weak References         1141 us, parallelism: 0.98x
[2026-04-03T02:17:57.726+0600][39.627s][info][gc,stats    ]   CWRF: <total>                    1121 us
[2026-04-03T02:17:57.726+0600][39.627s][info][gc,stats    ]   CWRF: Weak References            1121 us, workers (us): 198, 832,  90, ---, ---, ---, 
[2026-04-03T02:17:57.726+0600][39.627s][info][gc,stats    ] Concurrent Weak Roots              5448 us
[2026-04-03T02:17:57.726+0600][39.627s][info][gc,stats    ]   Roots                            4896 us, parallelism: 2.68x
[2026-04-03T02:17:57.726+0600][39.627s][info][gc,stats    ]     CWR: <total>                  13119 us
[2026-04-03T02:17:57.726+0600][39.627s][info][gc,stats    ]     CWR: Code Cache Roots          9840 us, workers (us): 3119, 3481, 3241, ---, ---, ---, 
[2026-04-03T02:17:57.726+0600][39.627s][info][gc,stats    ]     CWR: VM Weak Roots             3103 us, workers (us): 1039, 1033, 1031, ---, ---, ---, 
[2026-04-03T02:17:57.726+0600][39.627s][info][gc,stats    ]     CWR: CLDG Roots                 176 us, workers (us): 176, ---, ---, ---, ---, ---, 
[2026-04-03T02:17:57.726+0600][39.627s][info][gc,stats    ]   Rendezvous                        401 us
[2026-04-03T02:17:57.726+0600][39.627s][info][gc,stats    ] Concurrent Cleanup                  754 us
[2026-04-03T02:17:57.726+0600][39.627s][info][gc,stats    ] Concurrent Class Unloading        17118 us
[2026-04-03T02:17:57.726+0600][39.627s][info][gc,stats    ]   Unlink Stale                    14902 us
[2026-04-03T02:17:57.726+0600][39.627s][info][gc,stats    ]     System Dictionary               347 us
[2026-04-03T02:17:57.726+0600][39.627s][info][gc,stats    ]     Weak Class Links                  1 us
[2026-04-03T02:17:57.726+0600][39.627s][info][gc,stats    ]     Code Roots                    14548 us
[2026-04-03T02:17:57.726+0600][39.627s][info][gc,stats    ]   Rendezvous                        357 us
[2026-04-03T02:17:57.726+0600][39.627s][info][gc,stats    ]   Purge Unlinked                   1691 us
[2026-04-03T02:17:57.726+0600][39.627s][info][gc,stats    ]     Code Roots                     1673 us
[2026-04-03T02:17:57.726+0600][39.627s][info][gc,stats    ]     CLDG                             18 us
[2026-04-03T02:17:57.726+0600][39.627s][info][gc,stats    ]     Exception Caches                  1 us
[2026-04-03T02:17:57.726+0600][39.627s][info][gc,stats    ] Concurrent Strong Roots            1349 us, parallelism: 0.58x
[2026-04-03T02:17:57.726+0600][39.627s][info][gc,stats    ]   CSR: <total>                      778 us
[2026-04-03T02:17:57.726+0600][39.627s][info][gc,stats    ]   CSR: VM Strong Roots               53 us, workers (us):  28,  25,   0, ---, ---, ---, 
[2026-04-03T02:17:57.726+0600][39.627s][info][gc,stats    ]   CSR: CLDG Roots                   725 us, workers (us): ---, 725, ---, ---, ---, ---, 
[2026-04-03T02:17:57.726+0600][39.627s][info][gc,stats    ] Concurrent Evacuation              2108 us
[2026-04-03T02:17:57.726+0600][39.627s][info][gc,stats    ] Pause Init Update Refs (G)          561 us
[2026-04-03T02:17:57.726+0600][39.627s][info][gc,stats    ] Pause Init Update Refs (N)          202 us
[2026-04-03T02:17:57.726+0600][39.627s][info][gc,stats    ]   Manage GCLABs                      49 us
[2026-04-03T02:17:57.726+0600][39.627s][info][gc,stats    ] Concurrent Update Refs            50555 us
[2026-04-03T02:17:57.726+0600][39.627s][info][gc,stats    ] Concurrent Update Thread Roots     1835 us
[2026-04-03T02:17:57.726+0600][39.627s][info][gc,stats    ] Pause Final Update Refs (G)         390 us
[2026-04-03T02:17:57.726+0600][39.627s][info][gc,stats    ] Pause Final Update Refs (N)         226 us
[2026-04-03T02:17:57.726+0600][39.627s][info][gc,stats    ]   Update Region States               61 us
[2026-04-03T02:17:57.726+0600][39.627s][info][gc,stats    ]   Trash Collection Set               19 us
[2026-04-03T02:17:57.726+0600][39.627s][info][gc,stats    ]   Rebuild Free Set                   42 us
[2026-04-03T02:17:57.726+0600][39.627s][info][gc,stats    ] Concurrent Cleanup                  293 us
[2026-04-03T02:17:57.726+0600][39.627s][info][gc,stats    ] Pacing                           269008 us
[2026-04-03T02:17:57.726+0600][39.627s][info][gc,stats    ] 
[2026-04-03T02:17:57.726+0600][39.627s][info][gc,stats    ] Allocation pacing accrued:
[2026-04-03T02:17:57.726+0600][39.627s][info][gc,stats    ]      11 of   456 ms (  2.5%): C1 CompilerThread0
[2026-04-03T02:17:57.726+0600][39.627s][info][gc,stats    ]      10 of   456 ms (  2.2%): dispatcher-event-loop-0
[2026-04-03T02:17:57.726+0600][39.627s][info][gc,stats    ]      10 of   456 ms (  2.2%): dispatcher-event-loop-1
[2026-04-03T02:17:57.726+0600][39.627s][info][gc,stats    ]      11 of   456 ms (  2.5%): dispatcher-event-loop-2
[2026-04-03T02:17:57.726+0600][39.627s][info][gc,stats    ]      33 of   456 ms (  7.3%): dispatcher-event-loop-4
[2026-04-03T02:17:57.726+0600][39.627s][info][gc,stats    ]      11 of   456 ms (  2.5%): dispatcher-event-loop-6
[2026-04-03T02:17:57.726+0600][39.627s][info][gc,stats    ]      11 of   456 ms (  2.5%): dag-scheduler-event-loop
[2026-04-03T02:17:57.726+0600][39.628s][info][gc,stats    ]      11 of   456 ms (  2.4%): spark-listener-group-appStatus
[2026-04-03T02:17:57.726+0600][39.628s][info][gc,stats    ]      11 of   456 ms (  2.4%): spark-listener-group-executorManagement
[2026-04-03T02:17:57.726+0600][39.628s][info][gc,stats    ]      11 of   456 ms (  2.4%): spark-listener-group-shared
[2026-04-03T02:17:57.726+0600][39.628s][info][gc,stats    ]      22 of   456 ms (  4.9%): Executor task launch worker for task 3.0 in stage 704.0 (TID 1490)
[2026-04-03T02:17:57.726+0600][39.628s][info][gc,stats    ]      11 of   456 ms (  2.4%): Executor task launch worker for task 4.0 in stage 704.0 (TID 1491)
[2026-04-03T02:17:57.726+0600][39.628s][info][gc,stats    ]      22 of   456 ms (  4.9%): Executor task launch worker for task 2.0 in stage 704.0 (TID 1489)
[2026-04-03T02:17:57.726+0600][39.628s][info][gc,stats    ]      28 of   456 ms (  6.1%): Executor task launch worker for task 1.0 in stage 704.0 (TID 1488)
[2026-04-03T02:17:57.727+0600][39.628s][info][gc,stats    ]      32 of   456 ms (  7.0%): Executor task launch worker for task 0.0 in stage 704.0 (TID 1487)
[2026-04-03T02:17:57.727+0600][39.628s][info][gc,stats    ]      22 of   456 ms (  4.8%): task-result-getter-3
[2026-04-03T02:17:57.727+0600][39.628s][info][gc,stats    ]     269 of   456 ms ( 59.1%): <total>
[2026-04-03T02:17:57.727+0600][39.628s][info][gc,stats    ]       1 of   456 ms (  0.2%): <average total>
[2026-04-03T02:17:57.727+0600][39.628s][info][gc,stats    ]      17 of   456 ms (  3.7%): <average non-zero>
[2026-04-03T02:17:57.727+0600][39.628s][info][gc,stats    ] 
[2026-04-03T02:17:57.727+0600][39.628s][info][gc,metaspace] Metaspace: 130478K(131648K)->130497K(131712K) NonClass: 114007K(114624K)->114026K(114688K) Class: 16471K(17024K)->16471K(17024K)
[2026-04-03T02:17:57.727+0600][39.628s][info][gc,ergo     ] Pacer for Idle. Initial: 15360K, Alloc Tax Rate: 1.0x
[2026-04-03T02:17:58.073+0600][39.974s][info][gc          ] Trigger: Average GC time (168.62 ms) is above the time for average allocation rate (997 MB/s) to deplete free headroom (164M) (margin of error = 1.86)
[2026-04-03T02:17:58.073+0600][39.974s][info][gc,ergo     ] Free headroom: 201M (free) - 38400K (spike) - 0B (penalties) = 164M
[2026-04-03T02:17:58.073+0600][39.974s][info][gc,ergo     ] Free: 201M, Max: 256K regular, 106M humongous, Frag: 48% external, 1% internal; Reserve: 38400K, Max: 256K
[2026-04-03T02:17:58.073+0600][39.974s][info][gc,start    ] GC(39) Concurrent reset
[2026-04-03T02:17:58.073+0600][39.974s][info][gc,task     ] GC(39) Using 3 of 6 workers for concurrent reset
[2026-04-03T02:17:58.073+0600][39.974s][info][gc,ergo     ] GC(39) Pacer for Reset. Non-Taxable: 750M
[2026-04-03T02:17:58.074+0600][39.975s][info][gc          ] GC(39) Concurrent reset 0.957ms
[2026-04-03T02:17:58.074+0600][39.975s][info][gc,start    ] GC(39) Pause Init Mark (unload classes)
[2026-04-03T02:17:58.074+0600][39.975s][info][gc,task     ] GC(39) Using 6 of 6 workers for init marking
[2026-04-03T02:17:58.074+0600][39.975s][info][gc,ergo     ] GC(39) Pacer for Mark. Expected Live: 94793K, Free: 201M, Non-Taxable: 20682K, Alloc Tax Rate: 0.6x
[2026-04-03T02:17:58.074+0600][39.975s][info][gc          ] GC(39) Pause Init Mark (unload classes) 0.142ms
[2026-04-03T02:17:58.074+0600][39.976s][info][gc,start    ] GC(39) Concurrent marking roots
[2026-04-03T02:17:58.074+0600][39.976s][info][gc,task     ] GC(39) Using 3 of 6 workers for concurrent marking roots
[2026-04-03T02:17:58.076+0600][39.977s][info][gc          ] GC(39) Concurrent marking roots 1.208ms
[2026-04-03T02:17:58.076+0600][39.977s][info][gc,start    ] GC(39) Concurrent marking (unload classes)
[2026-04-03T02:17:58.076+0600][39.977s][info][gc,task     ] GC(39) Using 3 of 6 workers for concurrent marking
[2026-04-03T02:17:58.148+0600][40.049s][info][gc          ] GC(39) Concurrent marking (unload classes) 72.566ms
[2026-04-03T02:17:58.149+0600][40.050s][info][gc,start    ] GC(39) Pause Final Mark (unload classes)
[2026-04-03T02:17:58.149+0600][40.050s][info][gc,task     ] GC(39) Using 6 of 6 workers for final marking
[2026-04-03T02:17:58.151+0600][40.052s][info][gc,ergo     ] GC(39) Adaptive CSet Selection. Target Free: 106M, Actual Free: 545M, Max CSet: 32000K, Min Garbage: 0B
[2026-04-03T02:17:58.151+0600][40.052s][info][gc,ergo     ] GC(39) Collectable Garbage: 386M (98%), Immediate: 334M (84%), CSet: 53654K (13%)
[2026-04-03T02:17:58.151+0600][40.052s][info][gc,ergo     ] GC(39) Pacer for Evacuation. Used CSet: 56255K, Free: 532M, Non-Taxable: 54506K, Alloc Tax Rate: 1.1x
[2026-04-03T02:17:58.151+0600][40.052s][info][gc          ] GC(39) Pause Final Mark (unload classes) 2.481ms
[2026-04-03T02:17:58.151+0600][40.052s][info][gc,start    ] GC(39) Concurrent thread roots
[2026-04-03T02:17:58.151+0600][40.053s][info][gc,task     ] GC(39) Using 3 of 6 workers for Concurrent thread roots
[2026-04-03T02:17:58.153+0600][40.055s][info][gc          ] GC(39) Concurrent thread roots 2.006ms
[2026-04-03T02:17:58.153+0600][40.055s][info][gc,start    ] GC(39) Concurrent weak references
[2026-04-03T02:17:58.153+0600][40.055s][info][gc,task     ] GC(39) Using 3 of 6 workers for concurrent weak references
[2026-04-03T02:17:58.155+0600][40.056s][info][gc,ref      ] GC(39) Encountered references: Soft: 3864, Weak: 15971, Final: 84, Phantom: 621
[2026-04-03T02:17:58.155+0600][40.056s][info][gc,ref      ] GC(39) Discovered  references: Soft: 0, Weak: 9673, Final: 84, Phantom: 599
[2026-04-03T02:17:58.155+0600][40.056s][info][gc,ref      ] GC(39) Enqueued    references: Soft: 0, Weak: 1497, Final: 0, Phantom: 0
[2026-04-03T02:17:58.155+0600][40.056s][info][gc          ] GC(39) Concurrent weak references 1.682ms
[2026-04-03T02:17:58.155+0600][40.056s][info][gc,start    ] GC(39) Concurrent weak roots
[2026-04-03T02:17:58.155+0600][40.056s][info][gc,task     ] GC(39) Using 3 of 6 workers for concurrent weak root
[2026-04-03T02:17:58.164+0600][40.065s][info][gc          ] GC(39) Concurrent weak roots 8.487ms
[2026-04-03T02:17:58.164+0600][40.065s][info][gc,start    ] GC(39) Concurrent cleanup
[2026-04-03T02:17:58.165+0600][40.066s][info][gc          ] GC(39) Concurrent cleanup 520M->185M(648M) 0.778ms
[2026-04-03T02:17:58.165+0600][40.066s][info][gc,ergo     ] GC(39) Free: 522M, Max: 256K regular, 102M humongous, Frag: 81% external, 0% internal; Reserve: 37668K, Max: 256K
[2026-04-03T02:17:58.165+0600][40.066s][info][gc,start    ] GC(39) Concurrent class unloading
[2026-04-03T02:17:58.165+0600][40.066s][info][gc,task     ] GC(39) Using 3 of 6 workers for concurrent class unloading
[2026-04-03T02:17:58.185+0600][40.086s][info][gc          ] GC(39) Concurrent class unloading 19.648ms
[2026-04-03T02:17:58.185+0600][40.086s][info][gc,start    ] GC(39) Concurrent strong roots
[2026-04-03T02:17:58.185+0600][40.086s][info][gc,task     ] GC(39) Using 3 of 6 workers for concurrent strong root
[2026-04-03T02:17:58.186+0600][40.087s][info][gc          ] GC(39) Concurrent strong roots 1.578ms
[2026-04-03T02:17:58.186+0600][40.087s][info][gc,start    ] GC(39) Concurrent evacuation
[2026-04-03T02:17:58.186+0600][40.087s][info][gc,task     ] GC(39) Using 3 of 6 workers for concurrent evacuation
[2026-04-03T02:17:58.188+0600][40.089s][info][gc          ] GC(39) Concurrent evacuation 1.258ms
[2026-04-03T02:17:58.188+0600][40.089s][info][gc,start    ] GC(39) Pause Init Update Refs
[2026-04-03T02:17:58.188+0600][40.089s][info][gc,ergo     ] GC(39) Pacer for Update Refs. Used: 190M, Free: 521M, Non-Taxable: 53370K, Alloc Tax Rate: 1.1x
[2026-04-03T02:17:58.188+0600][40.089s][info][gc          ] GC(39) Pause Init Update Refs 0.188ms
[2026-04-03T02:17:58.188+0600][40.089s][info][gc,start    ] GC(39) Concurrent update references
[2026-04-03T02:17:58.188+0600][40.089s][info][gc,task     ] GC(39) Using 3 of 6 workers for concurrent reference update
[2026-04-03T02:17:58.230+0600][40.131s][info][gc          ] GC(39) Concurrent update references 41.679ms
[2026-04-03T02:17:58.230+0600][40.131s][info][gc,start    ] GC(39) Concurrent update thread roots
[2026-04-03T02:17:58.231+0600][40.132s][info][gc          ] GC(39) Concurrent update thread roots 1.202ms
[2026-04-03T02:17:58.231+0600][40.132s][info][gc,start    ] GC(39) Pause Final Update Refs
[2026-04-03T02:17:58.231+0600][40.133s][info][gc,task     ] GC(39) Using 6 of 6 workers for final reference update
[2026-04-03T02:17:58.232+0600][40.133s][info][gc          ] GC(39) Pause Final Update Refs 0.208ms
[2026-04-03T02:17:58.232+0600][40.133s][info][gc,start    ] GC(39) Concurrent cleanup
[2026-04-03T02:17:58.232+0600][40.133s][info][gc          ] GC(39) Concurrent cleanup 196M->141M(648M) 0.585ms
[2026-04-03T02:17:58.232+0600][40.133s][info][gc,ergo     ] Free: 566M, Max: 256K regular, 184M humongous, Frag: 68% external, 0% internal; Reserve: 38400K, Max: 256K
[2026-04-03T02:17:58.232+0600][40.133s][info][gc,stats    ] 
[2026-04-03T02:17:58.232+0600][40.133s][info][gc,stats    ] All times are wall-clock times, except per-root-class counters, that are sum over
[2026-04-03T02:17:58.232+0600][40.133s][info][gc,stats    ] all workers. Dividing the <total> over the root stage time estimates parallelism.
[2026-04-03T02:17:58.232+0600][40.133s][info][gc,stats    ] 
[2026-04-03T02:17:58.232+0600][40.133s][info][gc,stats    ] Concurrent Reset                   1011 us
[2026-04-03T02:17:58.232+0600][40.133s][info][gc,stats    ] Pause Init Mark (G)                 411 us
[2026-04-03T02:17:58.232+0600][40.133s][info][gc,stats    ] Pause Init Mark (N)                 153 us
[2026-04-03T02:17:58.232+0600][40.133s][info][gc,stats    ]   Update Region States               34 us
[2026-04-03T02:17:58.232+0600][40.134s][info][gc,stats    ] Concurrent Mark Roots              1260 us, parallelism: 1.74x
[2026-04-03T02:17:58.232+0600][40.134s][info][gc,stats    ]   CMR: <total>                     2196 us
[2026-04-03T02:17:58.232+0600][40.134s][info][gc,stats    ]   CMR: Thread Roots                1951 us, workers (us): 714, 539, 698, ---, ---, ---, 
[2026-04-03T02:17:58.232+0600][40.134s][info][gc,stats    ]   CMR: VM Strong Roots               43 us, workers (us):  22,  21,   1, ---, ---, ---, 
[2026-04-03T02:17:58.232+0600][40.134s][info][gc,stats    ]   CMR: CLDG Roots                   202 us, workers (us): ---, 202, ---, ---, ---, ---, 
[2026-04-03T02:17:58.232+0600][40.134s][info][gc,stats    ] Concurrent Marking                72682 us
[2026-04-03T02:17:58.232+0600][40.134s][info][gc,stats    ] Pause Final Mark (G)               3017 us
[2026-04-03T02:17:58.232+0600][40.134s][info][gc,stats    ] Pause Final Mark (N)               2502 us
[2026-04-03T02:17:58.232+0600][40.134s][info][gc,stats    ]   Finish Mark                      1745 us
[2026-04-03T02:17:58.232+0600][40.134s][info][gc,stats    ]   Update Region States              100 us
[2026-04-03T02:17:58.232+0600][40.134s][info][gc,stats    ]   Choose Collection Set             366 us
[2026-04-03T02:17:58.232+0600][40.134s][info][gc,stats    ]   Rebuild Free Set                   48 us
[2026-04-03T02:17:58.232+0600][40.134s][info][gc,stats    ] Concurrent Thread Roots            2078 us, parallelism: 2.29x
[2026-04-03T02:17:58.232+0600][40.134s][info][gc,stats    ]   CTR: <total>                     4749 us
[2026-04-03T02:17:58.233+0600][40.134s][info][gc,stats    ]   CTR: Thread Roots                4749 us, workers (us): 1339, 1785, 1625, ---, ---, ---, 
[2026-04-03T02:17:58.233+0600][40.134s][info][gc,stats    ] Concurrent Weak References         1698 us, parallelism: 1.08x
[2026-04-03T02:17:58.233+0600][40.134s][info][gc,stats    ]   CWRF: <total>                    1842 us
[2026-04-03T02:17:58.233+0600][40.134s][info][gc,stats    ]   CWRF: Weak References            1842 us, workers (us): 550, 1292,   0, ---, ---, ---, 
[2026-04-03T02:17:58.233+0600][40.134s][info][gc,stats    ] Concurrent Weak Roots              8756 us
[2026-04-03T02:17:58.233+0600][40.134s][info][gc,stats    ]   Roots                            7280 us, parallelism: 2.65x
[2026-04-03T02:17:58.233+0600][40.134s][info][gc,stats    ]     CWR: <total>                  19268 us
[2026-04-03T02:17:58.233+0600][40.134s][info][gc,stats    ]     CWR: Code Cache Roots         15678 us, workers (us): 5276, 5167, 5235, ---, ---, ---, 
[2026-04-03T02:17:58.233+0600][40.134s][info][gc,stats    ]     CWR: VM Weak Roots             3180 us, workers (us): 1312, 1098, 769, ---, ---, ---, 
[2026-04-03T02:17:58.233+0600][40.134s][info][gc,stats    ]     CWR: CLDG Roots                 411 us, workers (us): ---, 411, ---, ---, ---, ---, 
[2026-04-03T02:17:58.233+0600][40.134s][info][gc,stats    ]   Rendezvous                       1167 us
[2026-04-03T02:17:58.233+0600][40.134s][info][gc,stats    ] Concurrent Cleanup                  854 us
[2026-04-03T02:17:58.233+0600][40.134s][info][gc,stats    ] Concurrent Class Unloading        19725 us
[2026-04-03T02:17:58.233+0600][40.134s][info][gc,stats    ]   Unlink Stale                    18094 us
[2026-04-03T02:17:58.233+0600][40.134s][info][gc,stats    ]     System Dictionary               448 us
[2026-04-03T02:17:58.233+0600][40.134s][info][gc,stats    ]     Weak Class Links                  1 us
[2026-04-03T02:17:58.233+0600][40.134s][info][gc,stats    ]     Code Roots                    17640 us
[2026-04-03T02:17:58.233+0600][40.134s][info][gc,stats    ]   Rendezvous                        409 us
[2026-04-03T02:17:58.233+0600][40.134s][info][gc,stats    ]   Purge Unlinked                   1094 us
[2026-04-03T02:17:58.233+0600][40.134s][info][gc,stats    ]     Code Roots                     1078 us
[2026-04-03T02:17:58.233+0600][40.134s][info][gc,stats    ]     CLDG                             14 us
[2026-04-03T02:17:58.233+0600][40.134s][info][gc,stats    ]     Exception Caches                  1 us
[2026-04-03T02:17:58.233+0600][40.134s][info][gc,stats    ] Concurrent Strong Roots            1646 us, parallelism: 0.66x
[2026-04-03T02:17:58.233+0600][40.134s][info][gc,stats    ]   CSR: <total>                     1093 us
[2026-04-03T02:17:58.233+0600][40.134s][info][gc,stats    ]   CSR: VM Strong Roots               48 us, workers (us):  19,  14,  15, ---, ---, ---, 
[2026-04-03T02:17:58.233+0600][40.134s][info][gc,stats    ]   CSR: CLDG Roots                  1045 us, workers (us): ---, 1045, ---, ---, ---, ---, 
[2026-04-03T02:17:58.233+0600][40.134s][info][gc,stats    ] Concurrent Evacuation              1320 us
[2026-04-03T02:17:58.233+0600][40.134s][info][gc,stats    ] Pause Init Update Refs (G)          491 us
[2026-04-03T02:17:58.233+0600][40.134s][info][gc,stats    ] Pause Init Update Refs (N)          207 us
[2026-04-03T02:17:58.233+0600][40.134s][info][gc,stats    ]   Manage GCLABs                      57 us
[2026-04-03T02:17:58.233+0600][40.134s][info][gc,stats    ] Concurrent Update Refs            41765 us
[2026-04-03T02:17:58.233+0600][40.134s][info][gc,stats    ] Concurrent Update Thread Roots     1239 us
[2026-04-03T02:17:58.233+0600][40.134s][info][gc,stats    ] Pause Final Update Refs (G)         547 us
[2026-04-03T02:17:58.233+0600][40.134s][info][gc,stats    ] Pause Final Update Refs (N)         226 us
[2026-04-03T02:17:58.233+0600][40.134s][info][gc,stats    ]   Update Region States               59 us
[2026-04-03T02:17:58.233+0600][40.134s][info][gc,stats    ]   Trash Collection Set               16 us
[2026-04-03T02:17:58.233+0600][40.134s][info][gc,stats    ]   Rebuild Free Set                   47 us
[2026-04-03T02:17:58.233+0600][40.134s][info][gc,stats    ] Concurrent Cleanup                  602 us
[2026-04-03T02:17:58.233+0600][40.134s][info][gc,stats    ] 
[2026-04-03T02:17:58.233+0600][40.134s][info][gc,stats    ] Allocation pacing accrued:
[2026-04-03T02:17:58.233+0600][40.134s][info][gc,stats    ]       0 of   507 ms (  0.0%): <total>
[2026-04-03T02:17:58.233+0600][40.134s][info][gc,stats    ]       0 of   507 ms (  0.0%): <average total>
[2026-04-03T02:17:58.233+0600][40.134s][info][gc,stats    ] 
[2026-04-03T02:17:58.233+0600][40.134s][info][gc,metaspace] Metaspace: 130505K(131712K)->130532K(131712K) NonClass: 114034K(114688K)->114061K(114688K) Class: 16471K(17024K)->16471K(17024K)
[2026-04-03T02:17:58.233+0600][40.134s][info][gc,ergo     ] Pacer for Idle. Initial: 15360K, Alloc Tax Rate: 1.0x
[2026-04-03T02:17:58.729+0600][40.630s][info][gc          ] Trigger: Average GC time (172.22 ms) is above the time for average allocation rate (841 MB/s) to deplete free headroom (144M) (margin of error = 1.85)
[2026-04-03T02:17:58.729+0600][40.630s][info][gc,ergo     ] Free headroom: 181M (free) - 38400K (spike) - 0B (penalties) = 144M
[2026-04-03T02:17:58.729+0600][40.630s][info][gc,ergo     ] Free: 181M, Max: 256K regular, 102M humongous, Frag: 44% external, 1% internal; Reserve: 38400K, Max: 256K
[2026-04-03T02:17:58.729+0600][40.630s][info][gc,start    ] GC(40) Concurrent reset
[2026-04-03T02:17:58.729+0600][40.630s][info][gc,task     ] GC(40) Using 3 of 6 workers for concurrent reset
[2026-04-03T02:17:58.729+0600][40.630s][info][gc,ergo     ] GC(40) Pacer for Reset. Non-Taxable: 750M
[2026-04-03T02:17:58.730+0600][40.631s][info][gc          ] GC(40) Concurrent reset 1.076ms
[2026-04-03T02:17:58.730+0600][40.631s][info][gc,start    ] GC(40) Pause Init Mark (unload classes)
[2026-04-03T02:17:58.730+0600][40.631s][info][gc,task     ] GC(40) Using 6 of 6 workers for init marking
[2026-04-03T02:17:58.730+0600][40.631s][info][gc,ergo     ] GC(40) Pacer for Mark. Expected Live: 94877K, Free: 178M, Non-Taxable: 18320K, Alloc Tax Rate: 0.6x
[2026-04-03T02:17:58.730+0600][40.631s][info][gc          ] GC(40) Pause Init Mark (unload classes) 0.215ms
[2026-04-03T02:17:58.731+0600][40.632s][info][gc,start    ] GC(40) Concurrent marking roots
[2026-04-03T02:17:58.731+0600][40.632s][info][gc,task     ] GC(40) Using 3 of 6 workers for concurrent marking roots
[2026-04-03T02:17:58.732+0600][40.633s][info][gc          ] GC(40) Concurrent marking roots 1.709ms
[2026-04-03T02:17:58.732+0600][40.633s][info][gc,start    ] GC(40) Concurrent marking (unload classes)
[2026-04-03T02:17:58.732+0600][40.633s][info][gc,task     ] GC(40) Using 3 of 6 workers for concurrent marking
[2026-04-03T02:17:58.788+0600][40.689s][info][gc          ] GC(40) Concurrent marking (unload classes) 55.214ms
[2026-04-03T02:17:58.788+0600][40.689s][info][gc,start    ] GC(40) Pause Final Mark (unload classes)
[2026-04-03T02:17:58.788+0600][40.689s][info][gc,task     ] GC(40) Using 6 of 6 workers for final marking
[2026-04-03T02:17:58.788+0600][40.689s][info][gc,ergo     ] GC(40) Adaptive CSet Selection. Target Free: 106M, Actual Free: 499M, Max CSet: 32000K, Min Garbage: 0B
[2026-04-03T02:17:58.788+0600][40.689s][info][gc,ergo     ] GC(40) Collectable Garbage: 409M (98%), Immediate: 315M (75%), CSet: 96165K (22%)
[2026-04-03T02:17:58.788+0600][40.690s][info][gc,ergo     ] GC(40) Pacer for Evacuation. Used CSet: 100103K, Free: 488M, Non-Taxable: 50031K, Alloc Tax Rate: 1.1x
[2026-04-03T02:17:58.788+0600][40.690s][info][gc          ] GC(40) Pause Final Mark (unload classes) 0.776ms
[2026-04-03T02:17:58.789+0600][40.690s][info][gc,start    ] GC(40) Concurrent thread roots
[2026-04-03T02:17:58.789+0600][40.690s][info][gc,task     ] GC(40) Using 3 of 6 workers for Concurrent thread roots
[2026-04-03T02:17:58.790+0600][40.691s][info][gc          ] GC(40) Concurrent thread roots 1.110ms
[2026-04-03T02:17:58.790+0600][40.691s][info][gc,start    ] GC(40) Concurrent weak references
[2026-04-03T02:17:58.790+0600][40.691s][info][gc,task     ] GC(40) Using 3 of 6 workers for concurrent weak references
[2026-04-03T02:17:58.790+0600][40.692s][info][gc,ref      ] GC(40) Encountered references: Soft: 3868, Weak: 15041, Final: 84, Phantom: 621
[2026-04-03T02:17:58.791+0600][40.692s][info][gc,ref      ] GC(40) Discovered  references: Soft: 0, Weak: 3538, Final: 0, Phantom: 595
[2026-04-03T02:17:58.791+0600][40.692s][info][gc,ref      ] GC(40) Enqueued    references: Soft: 0, Weak: 140, Final: 0, Phantom: 0
[2026-04-03T02:17:58.791+0600][40.692s][info][gc          ] GC(40) Concurrent weak references 0.669ms
[2026-04-03T02:17:58.791+0600][40.692s][info][gc,start    ] GC(40) Concurrent weak roots
[2026-04-03T02:17:58.791+0600][40.692s][info][gc,task     ] GC(40) Using 3 of 6 workers for concurrent weak root
[2026-04-03T02:17:58.796+0600][40.697s][info][gc          ] GC(40) Concurrent weak roots 5.294ms
[2026-04-03T02:17:58.796+0600][40.697s][info][gc,start    ] GC(40) Concurrent cleanup
[2026-04-03T02:17:58.797+0600][40.698s][info][gc          ] GC(40) Concurrent cleanup 546M->231M(648M) 0.866ms
[2026-04-03T02:17:58.797+0600][40.698s][info][gc,ergo     ] GC(40) Free: 475M, Max: 256K regular, 73728K humongous, Frag: 85% external, 0% internal; Reserve: 38069K, Max: 256K
[2026-04-03T02:17:58.797+0600][40.698s][info][gc,start    ] GC(40) Concurrent class unloading
[2026-04-03T02:17:58.797+0600][40.698s][info][gc,task     ] GC(40) Using 3 of 6 workers for concurrent class unloading
[2026-04-03T02:17:58.812+0600][40.713s][info][gc          ] GC(40) Concurrent class unloading 15.212ms
[2026-04-03T02:17:58.812+0600][40.713s][info][gc,start    ] GC(40) Concurrent strong roots
[2026-04-03T02:17:58.812+0600][40.713s][info][gc,task     ] GC(40) Using 3 of 6 workers for concurrent strong root
[2026-04-03T02:17:58.813+0600][40.715s][info][gc          ] GC(40) Concurrent strong roots 1.255ms
[2026-04-03T02:17:58.814+0600][40.715s][info][gc,start    ] GC(40) Concurrent evacuation
[2026-04-03T02:17:58.814+0600][40.715s][info][gc,task     ] GC(40) Using 3 of 6 workers for concurrent evacuation
[2026-04-03T02:17:58.816+0600][40.717s][info][gc          ] GC(40) Concurrent evacuation 2.370ms
[2026-04-03T02:17:58.816+0600][40.717s][info][gc,start    ] GC(40) Pause Init Update Refs
[2026-04-03T02:17:58.816+0600][40.718s][info][gc,ergo     ] GC(40) Pacer for Update Refs. Used: 243M, Free: 467M, Non-Taxable: 47900K, Alloc Tax Rate: 1.1x
[2026-04-03T02:17:58.816+0600][40.718s][info][gc          ] GC(40) Pause Init Update Refs 0.160ms
[2026-04-03T02:17:58.817+0600][40.718s][info][gc,start    ] GC(40) Concurrent update references
[2026-04-03T02:17:58.817+0600][40.718s][info][gc,task     ] GC(40) Using 3 of 6 workers for concurrent reference update
[2026-04-03T02:17:58.864+0600][40.765s][info][gc          ] GC(40) Concurrent update references 47.763ms
[2026-04-03T02:17:58.864+0600][40.766s][info][gc,start    ] GC(40) Concurrent update thread roots
[2026-04-03T02:17:58.866+0600][40.768s][info][gc          ] GC(40) Concurrent update thread roots 1.998ms
[2026-04-03T02:17:58.867+0600][40.768s][info][gc,start    ] GC(40) Pause Final Update Refs
[2026-04-03T02:17:58.867+0600][40.768s][info][gc,task     ] GC(40) Using 6 of 6 workers for final reference update
[2026-04-03T02:17:58.867+0600][40.768s][info][gc          ] GC(40) Pause Final Update Refs 0.206ms
[2026-04-03T02:17:58.867+0600][40.768s][info][gc,start    ] GC(40) Concurrent cleanup
[2026-04-03T02:17:58.868+0600][40.769s][info][gc          ] GC(40) Concurrent cleanup 284M->187M(648M) 0.708ms
[2026-04-03T02:17:58.868+0600][40.769s][info][gc,ergo     ] Free: 517M, Max: 256K regular, 222M humongous, Frag: 57% external, 1% internal; Reserve: 38400K, Max: 256K
[2026-04-03T02:17:58.868+0600][40.769s][info][gc,stats    ] 
[2026-04-03T02:17:58.868+0600][40.769s][info][gc,stats    ] All times are wall-clock times, except per-root-class counters, that are sum over
[2026-04-03T02:17:58.868+0600][40.769s][info][gc,stats    ] all workers. Dividing the <total> over the root stage time estimates parallelism.
[2026-04-03T02:17:58.868+0600][40.769s][info][gc,stats    ] 
[2026-04-03T02:17:58.868+0600][40.769s][info][gc,stats    ] Concurrent Reset                   1159 us
[2026-04-03T02:17:58.868+0600][40.769s][info][gc,stats    ] Pause Init Mark (G)                 646 us
[2026-04-03T02:17:58.868+0600][40.769s][info][gc,stats    ] Pause Init Mark (N)                 231 us
[2026-04-03T02:17:58.868+0600][40.769s][info][gc,stats    ]   Update Region States               49 us
[2026-04-03T02:17:58.868+0600][40.769s][info][gc,stats    ] Concurrent Mark Roots              1779 us, parallelism: 1.60x
[2026-04-03T02:17:58.868+0600][40.769s][info][gc,stats    ]   CMR: <total>                     2853 us
[2026-04-03T02:17:58.868+0600][40.769s][info][gc,stats    ]   CMR: Thread Roots                2424 us, workers (us): 564, 935, 925, ---, ---, ---, 
[2026-04-03T02:17:58.868+0600][40.769s][info][gc,stats    ]   CMR: VM Strong Roots               48 us, workers (us):  45,   1,   1, ---, ---, ---, 
[2026-04-03T02:17:58.868+0600][40.769s][info][gc,stats    ]   CMR: CLDG Roots                   381 us, workers (us): 381, ---, ---, ---, ---, ---, 
[2026-04-03T02:17:58.868+0600][40.769s][info][gc,stats    ] Concurrent Marking                55276 us
[2026-04-03T02:17:58.868+0600][40.769s][info][gc,stats    ] Pause Final Mark (G)               1094 us
[2026-04-03T02:17:58.868+0600][40.769s][info][gc,stats    ] Pause Final Mark (N)                789 us
[2026-04-03T02:17:58.868+0600][40.769s][info][gc,stats    ]   Finish Mark                       301 us
[2026-04-03T02:17:58.868+0600][40.769s][info][gc,stats    ]   Update Region States               44 us
[2026-04-03T02:17:58.868+0600][40.769s][info][gc,stats    ]   Choose Collection Set             254 us
[2026-04-03T02:17:58.868+0600][40.769s][info][gc,stats    ]   Rebuild Free Set                   43 us
[2026-04-03T02:17:58.868+0600][40.769s][info][gc,stats    ] Concurrent Thread Roots            1171 us, parallelism: 2.21x
[2026-04-03T02:17:58.868+0600][40.769s][info][gc,stats    ]   CTR: <total>                     2588 us
[2026-04-03T02:17:58.868+0600][40.769s][info][gc,stats    ]   CTR: Thread Roots                2588 us, workers (us): 890, 865, 834, ---, ---, ---, 
[2026-04-03T02:17:58.868+0600][40.769s][info][gc,stats    ] Concurrent Weak References          687 us, parallelism: 0.84x
[2026-04-03T02:17:58.868+0600][40.769s][info][gc,stats    ]   CWRF: <total>                     576 us
[2026-04-03T02:17:58.868+0600][40.769s][info][gc,stats    ]   CWRF: Weak References             576 us, workers (us):  87, 487,   2, ---, ---, ---, 
[2026-04-03T02:17:58.868+0600][40.769s][info][gc,stats    ] Concurrent Weak Roots              5383 us
[2026-04-03T02:17:58.868+0600][40.769s][info][gc,stats    ]   Roots                            4974 us, parallelism: 2.76x
[2026-04-03T02:17:58.868+0600][40.769s][info][gc,stats    ]     CWR: <total>                  13729 us
[2026-04-03T02:17:58.868+0600][40.769s][info][gc,stats    ]     CWR: Code Cache Roots         10663 us, workers (us): 3618, 3401, 3645, ---, ---, ---, 
[2026-04-03T02:17:58.868+0600][40.769s][info][gc,stats    ]     CWR: VM Weak Roots             2896 us, workers (us): 970, 968, 958, ---, ---, ---, 
[2026-04-03T02:17:58.868+0600][40.769s][info][gc,stats    ]     CWR: CLDG Roots                 170 us, workers (us): ---, 170, ---, ---, ---, ---, 
[2026-04-03T02:17:58.868+0600][40.769s][info][gc,stats    ]   Rendezvous                        289 us
[2026-04-03T02:17:58.868+0600][40.769s][info][gc,stats    ] Concurrent Cleanup                  908 us
[2026-04-03T02:17:58.868+0600][40.769s][info][gc,stats    ] Concurrent Class Unloading        15305 us
[2026-04-03T02:17:58.868+0600][40.769s][info][gc,stats    ]   Unlink Stale                    12733 us
[2026-04-03T02:17:58.868+0600][40.769s][info][gc,stats    ]     System Dictionary               281 us
[2026-04-03T02:17:58.868+0600][40.769s][info][gc,stats    ]     Weak Class Links                  0 us
[2026-04-03T02:17:58.868+0600][40.769s][info][gc,stats    ]     Code Roots                    12448 us
[2026-04-03T02:17:58.868+0600][40.769s][info][gc,stats    ]   Rendezvous                        293 us
[2026-04-03T02:17:58.868+0600][40.770s][info][gc,stats    ]   Purge Unlinked                   2155 us
[2026-04-03T02:17:58.868+0600][40.770s][info][gc,stats    ]     Code Roots                     2132 us
[2026-04-03T02:17:58.868+0600][40.770s][info][gc,stats    ]     CLDG                             22 us
[2026-04-03T02:17:58.868+0600][40.770s][info][gc,stats    ]     Exception Caches                  1 us
[2026-04-03T02:17:58.868+0600][40.770s][info][gc,stats    ] Concurrent Strong Roots            1312 us, parallelism: 0.70x
[2026-04-03T02:17:58.868+0600][40.770s][info][gc,stats    ]   CSR: <total>                      921 us
[2026-04-03T02:17:58.868+0600][40.770s][info][gc,stats    ]   CSR: VM Strong Roots               50 us, workers (us):  22,  16,  11, ---, ---, ---, 
[2026-04-03T02:17:58.868+0600][40.770s][info][gc,stats    ]   CSR: CLDG Roots                   872 us, workers (us): 872, ---, ---, ---, ---, ---, 
[2026-04-03T02:17:58.869+0600][40.770s][info][gc,stats    ] Concurrent Evacuation              2456 us
[2026-04-03T02:17:58.869+0600][40.770s][info][gc,stats    ] Pause Init Update Refs (G)          576 us
[2026-04-03T02:17:58.869+0600][40.770s][info][gc,stats    ] Pause Init Update Refs (N)          176 us
[2026-04-03T02:17:58.869+0600][40.770s][info][gc,stats    ]   Manage GCLABs                      58 us
[2026-04-03T02:17:58.869+0600][40.770s][info][gc,stats    ] Concurrent Update Refs            47878 us
[2026-04-03T02:17:58.869+0600][40.770s][info][gc,stats    ] Concurrent Update Thread Roots     2075 us
[2026-04-03T02:17:58.869+0600][40.770s][info][gc,stats    ] Pause Final Update Refs (G)         515 us
[2026-04-03T02:17:58.869+0600][40.770s][info][gc,stats    ] Pause Final Update Refs (N)         223 us
[2026-04-03T02:17:58.869+0600][40.770s][info][gc,stats    ]   Update Region States               55 us
[2026-04-03T02:17:58.869+0600][40.770s][info][gc,stats    ]   Trash Collection Set               19 us
[2026-04-03T02:17:58.869+0600][40.770s][info][gc,stats    ]   Rebuild Free Set                   48 us
[2026-04-03T02:17:58.869+0600][40.770s][info][gc,stats    ] Concurrent Cleanup                  744 us
[2026-04-03T02:17:58.869+0600][40.770s][info][gc,stats    ] Pacing                            98969 us
[2026-04-03T02:17:58.869+0600][40.770s][info][gc,stats    ] 
[2026-04-03T02:17:58.869+0600][40.770s][info][gc,stats    ] Allocation pacing accrued:
[2026-04-03T02:17:58.869+0600][40.770s][info][gc,stats    ]       9 of   636 ms (  1.4%): Spark Context Cleaner
[2026-04-03T02:17:58.869+0600][40.770s][info][gc,stats    ]      11 of   636 ms (  1.8%): Executor task launch worker for task 0.0 in stage 752.0 (TID 1631)
[2026-04-03T02:17:58.869+0600][40.770s][info][gc,stats    ]      11 of   636 ms (  1.8%): Executor task launch worker for task 5.0 in stage 752.0 (TID 1636)
[2026-04-03T02:17:58.869+0600][40.770s][info][gc,stats    ]      11 of   636 ms (  1.8%): Executor task launch worker for task 3.0 in stage 752.0 (TID 1634)
[2026-04-03T02:17:58.869+0600][40.770s][info][gc,stats    ]      11 of   636 ms (  1.8%): Executor task launch worker for task 4.0 in stage 752.0 (TID 1635)
[2026-04-03T02:17:58.869+0600][40.770s][info][gc,stats    ]      12 of   636 ms (  1.9%): Executor task launch worker for task 2.0 in stage 752.0 (TID 1633)
[2026-04-03T02:17:58.869+0600][40.770s][info][gc,stats    ]      11 of   636 ms (  1.8%): Executor task launch worker for task 7.0 in stage 752.0 (TID 1638)
[2026-04-03T02:17:58.869+0600][40.770s][info][gc,stats    ]      11 of   636 ms (  1.8%): Executor task launch worker for task 6.0 in stage 752.0 (TID 1637)
[2026-04-03T02:17:58.869+0600][40.770s][info][gc,stats    ]      11 of   636 ms (  1.8%): task-result-getter-0
[2026-04-03T02:17:58.869+0600][40.770s][info][gc,stats    ]      99 of   636 ms ( 15.6%): <total>
[2026-04-03T02:17:58.869+0600][40.770s][info][gc,stats    ]       0 of   636 ms (  0.1%): <average total>
[2026-04-03T02:17:58.869+0600][40.770s][info][gc,stats    ]      11 of   636 ms (  1.7%): <average non-zero>
[2026-04-03T02:17:58.869+0600][40.770s][info][gc,stats    ] 
[2026-04-03T02:17:58.869+0600][40.770s][info][gc,metaspace] Metaspace: 130542K(131712K)->130546K(131712K) NonClass: 114071K(114688K)->114075K(114688K) Class: 16471K(17024K)->16471K(17024K)
[2026-04-03T02:17:58.869+0600][40.770s][info][gc,ergo     ] Pacer for Idle. Initial: 15360K, Alloc Tax Rate: 1.0x
[2026-04-03T02:17:59.135+0600][41.036s][info][gc          ] Trigger: Average GC time (164.79 ms) is above the time for average allocation rate (1073 MB/s) to deplete free headroom (176M) (margin of error = 1.85)
[2026-04-03T02:17:59.135+0600][41.036s][info][gc,ergo     ] Free headroom: 214M (free) - 38400K (spike) - 0B (penalties) = 176M
[2026-04-03T02:17:59.135+0600][41.036s][info][gc,ergo     ] Free: 214M, Max: 256K regular, 73728K humongous, Frag: 67% external, 1% internal; Reserve: 38400K, Max: 256K
[2026-04-03T02:17:59.135+0600][41.036s][info][gc,start    ] GC(41) Concurrent reset
[2026-04-03T02:17:59.135+0600][41.036s][info][gc,task     ] GC(41) Using 3 of 6 workers for concurrent reset
[2026-04-03T02:17:59.135+0600][41.036s][info][gc,ergo     ] GC(41) Pacer for Reset. Non-Taxable: 750M
[2026-04-03T02:17:59.137+0600][41.038s][info][gc          ] GC(41) Concurrent reset 1.282ms
[2026-04-03T02:17:59.137+0600][41.038s][info][gc,start    ] GC(41) Pause Init Mark (unload classes)
[2026-04-03T02:17:59.137+0600][41.038s][info][gc,task     ] GC(41) Using 6 of 6 workers for init marking
[2026-04-03T02:17:59.137+0600][41.038s][info][gc,ergo     ] GC(41) Pacer for Mark. Expected Live: 93000K, Free: 213M, Non-Taxable: 21849K, Alloc Tax Rate: 0.5x
[2026-04-03T02:17:59.137+0600][41.038s][info][gc          ] GC(41) Pause Init Mark (unload classes) 0.098ms
[2026-04-03T02:17:59.137+0600][41.038s][info][gc,start    ] GC(41) Concurrent marking roots
[2026-04-03T02:17:59.137+0600][41.038s][info][gc,task     ] GC(41) Using 3 of 6 workers for concurrent marking roots
[2026-04-03T02:17:59.139+0600][41.040s][info][gc          ] GC(41) Concurrent marking roots 1.864ms
[2026-04-03T02:17:59.139+0600][41.040s][info][gc,start    ] GC(41) Concurrent marking (unload classes)
[2026-04-03T02:17:59.139+0600][41.040s][info][gc,task     ] GC(41) Using 3 of 6 workers for concurrent marking
[2026-04-03T02:17:59.201+0600][41.102s][info][gc          ] GC(41) Concurrent marking (unload classes) 61.543ms
[2026-04-03T02:17:59.201+0600][41.102s][info][gc,start    ] GC(41) Pause Final Mark (unload classes)
[2026-04-03T02:17:59.201+0600][41.102s][info][gc,task     ] GC(41) Using 6 of 6 workers for final marking
[2026-04-03T02:17:59.201+0600][41.102s][info][gc,ergo     ] GC(41) Adaptive CSet Selection. Target Free: 106M, Actual Free: 528M, Max CSet: 32000K, Min Garbage: 0B
[2026-04-03T02:17:59.201+0600][41.102s][info][gc,ergo     ] GC(41) Collectable Garbage: 377M (97%), Immediate: 315M (81%), CSet: 63917K (16%)
[2026-04-03T02:17:59.201+0600][41.103s][info][gc,ergo     ] GC(41) Pacer for Evacuation. Used CSet: 68135K, Free: 513M, Non-Taxable: 52616K, Alloc Tax Rate: 1.1x
[2026-04-03T02:17:59.201+0600][41.103s][info][gc          ] GC(41) Pause Final Mark (unload classes) 0.740ms
[2026-04-03T02:17:59.201+0600][41.103s][info][gc,start    ] GC(41) Concurrent thread roots
[2026-04-03T02:17:59.202+0600][41.103s][info][gc,task     ] GC(41) Using 3 of 6 workers for Concurrent thread roots
[2026-04-03T02:17:59.203+0600][41.104s][info][gc          ] GC(41) Concurrent thread roots 1.113ms
[2026-04-03T02:17:59.203+0600][41.104s][info][gc,start    ] GC(41) Concurrent weak references
[2026-04-03T02:17:59.203+0600][41.104s][info][gc,task     ] GC(41) Using 3 of 6 workers for concurrent weak references
[2026-04-03T02:17:59.204+0600][41.105s][info][gc,ref      ] GC(41) Encountered references: Soft: 3872, Weak: 15623, Final: 84, Phantom: 621
[2026-04-03T02:17:59.204+0600][41.105s][info][gc,ref      ] GC(41) Discovered  references: Soft: 0, Weak: 8944, Final: 52, Phantom: 538
[2026-04-03T02:17:59.204+0600][41.105s][info][gc,ref      ] GC(41) Enqueued    references: Soft: 0, Weak: 18, Final: 0, Phantom: 0
[2026-04-03T02:17:59.204+0600][41.105s][info][gc          ] GC(41) Concurrent weak references 1.130ms
[2026-04-03T02:17:59.204+0600][41.105s][info][gc,start    ] GC(41) Concurrent weak roots
[2026-04-03T02:17:59.204+0600][41.105s][info][gc,task     ] GC(41) Using 3 of 6 workers for concurrent weak root
[2026-04-03T02:17:59.210+0600][41.111s][info][gc          ] GC(41) Concurrent weak roots 5.743ms
[2026-04-03T02:17:59.210+0600][41.111s][info][gc,start    ] GC(41) Concurrent cleanup
[2026-04-03T02:17:59.211+0600][41.112s][info][gc          ] GC(41) Concurrent cleanup 515M->202M(648M) 0.985ms
[2026-04-03T02:17:59.211+0600][41.112s][info][gc,ergo     ] GC(41) Free: 505M, Max: 256K regular, 73728K humongous, Frag: 86% external, 0% internal; Reserve: 37909K, Max: 256K
[2026-04-03T02:17:59.211+0600][41.112s][info][gc,start    ] GC(41) Concurrent class unloading
[2026-04-03T02:17:59.211+0600][41.112s][info][gc,task     ] GC(41) Using 3 of 6 workers for concurrent class unloading
[2026-04-03T02:17:59.228+0600][41.130s][info][gc          ] GC(41) Concurrent class unloading 17.743ms
[2026-04-03T02:17:59.229+0600][41.130s][info][gc,start    ] GC(41) Concurrent strong roots
[2026-04-03T02:17:59.229+0600][41.130s][info][gc,task     ] GC(41) Using 3 of 6 workers for concurrent strong root
[2026-04-03T02:17:59.230+0600][41.131s][info][gc          ] GC(41) Concurrent strong roots 1.035ms
[2026-04-03T02:17:59.230+0600][41.131s][info][gc,start    ] GC(41) Concurrent evacuation
[2026-04-03T02:17:59.230+0600][41.131s][info][gc,task     ] GC(41) Using 3 of 6 workers for concurrent evacuation
[2026-04-03T02:17:59.232+0600][41.133s][info][gc          ] GC(41) Concurrent evacuation 2.040ms
[2026-04-03T02:17:59.232+0600][41.133s][info][gc,start    ] GC(41) Pause Init Update Refs
[2026-04-03T02:17:59.232+0600][41.133s][info][gc,ergo     ] GC(41) Pacer for Update Refs. Used: 224M, Free: 486M, Non-Taxable: 49797K, Alloc Tax Rate: 1.1x
[2026-04-03T02:17:59.232+0600][41.133s][info][gc          ] GC(41) Pause Init Update Refs 0.120ms
[2026-04-03T02:17:59.232+0600][41.133s][info][gc,start    ] GC(41) Concurrent update references
[2026-04-03T02:17:59.232+0600][41.134s][info][gc,task     ] GC(41) Using 3 of 6 workers for concurrent reference update
[2026-04-03T02:17:59.279+0600][41.180s][info][gc          ] GC(41) Concurrent update references 46.603ms
[2026-04-03T02:17:59.279+0600][41.180s][info][gc,start    ] GC(41) Concurrent update thread roots
[2026-04-03T02:17:59.281+0600][41.182s][info][gc          ] GC(41) Concurrent update thread roots 1.486ms
[2026-04-03T02:17:59.281+0600][41.182s][info][gc,start    ] GC(41) Pause Final Update Refs
[2026-04-03T02:17:59.281+0600][41.182s][info][gc,task     ] GC(41) Using 6 of 6 workers for final reference update
[2026-04-03T02:17:59.281+0600][41.182s][info][gc          ] GC(41) Pause Final Update Refs 0.205ms
[2026-04-03T02:17:59.281+0600][41.182s][info][gc,start    ] GC(41) Concurrent cleanup
[2026-04-03T02:17:59.282+0600][41.183s][info][gc          ] GC(41) Concurrent cleanup 263M->196M(648M) 0.342ms
[2026-04-03T02:17:59.282+0600][41.183s][info][gc,ergo     ] Free: 507M, Max: 256K regular, 170M humongous, Frag: 67% external, 1% internal; Reserve: 38400K, Max: 256K
[2026-04-03T02:17:59.282+0600][41.183s][info][gc,stats    ] 
[2026-04-03T02:17:59.282+0600][41.183s][info][gc,stats    ] All times are wall-clock times, except per-root-class counters, that are sum over
[2026-04-03T02:17:59.282+0600][41.183s][info][gc,stats    ] all workers. Dividing the <total> over the root stage time estimates parallelism.
[2026-04-03T02:17:59.282+0600][41.183s][info][gc,stats    ] 
[2026-04-03T02:17:59.282+0600][41.183s][info][gc,stats    ] Concurrent Reset                   1337 us
[2026-04-03T02:17:59.282+0600][41.183s][info][gc,stats    ] Pause Init Mark (G)                 420 us
[2026-04-03T02:17:59.282+0600][41.183s][info][gc,stats    ] Pause Init Mark (N)                 107 us
[2026-04-03T02:17:59.282+0600][41.183s][info][gc,stats    ]   Update Region States               30 us
[2026-04-03T02:17:59.282+0600][41.183s][info][gc,stats    ] Concurrent Mark Roots              1927 us, parallelism: 1.95x
[2026-04-03T02:17:59.282+0600][41.183s][info][gc,stats    ]   CMR: <total>                     3758 us
[2026-04-03T02:17:59.282+0600][41.183s][info][gc,stats    ]   CMR: Thread Roots                3181 us, workers (us): 1235, 713, 1233, ---, ---, ---, 
[2026-04-03T02:17:59.282+0600][41.183s][info][gc,stats    ]   CMR: VM Strong Roots               72 us, workers (us):  53,  18,   1, ---, ---, ---, 
[2026-04-03T02:17:59.282+0600][41.183s][info][gc,stats    ]   CMR: CLDG Roots                   504 us, workers (us): ---, 504, ---, ---, ---, ---, 
[2026-04-03T02:17:59.282+0600][41.183s][info][gc,stats    ] Concurrent Marking                61622 us
[2026-04-03T02:17:59.282+0600][41.183s][info][gc,stats    ] Pause Final Mark (G)                909 us
[2026-04-03T02:17:59.282+0600][41.183s][info][gc,stats    ] Pause Final Mark (N)                751 us
[2026-04-03T02:17:59.282+0600][41.183s][info][gc,stats    ]   Finish Mark                       257 us
[2026-04-03T02:17:59.282+0600][41.183s][info][gc,stats    ]   Update Region States               44 us
[2026-04-03T02:17:59.282+0600][41.183s][info][gc,stats    ]   Choose Collection Set             228 us
[2026-04-03T02:17:59.282+0600][41.183s][info][gc,stats    ]   Rebuild Free Set                   42 us
[2026-04-03T02:17:59.282+0600][41.183s][info][gc,stats    ] Concurrent Thread Roots            1140 us, parallelism: 2.62x
[2026-04-03T02:17:59.282+0600][41.183s][info][gc,stats    ]   CTR: <total>                     2984 us
[2026-04-03T02:17:59.282+0600][41.183s][info][gc,stats    ]   CTR: Thread Roots                2984 us, workers (us): 1005, 1005, 974, ---, ---, ---, 
[2026-04-03T02:17:59.282+0600][41.183s][info][gc,stats    ] Concurrent Weak References         1142 us, parallelism: 1.04x
[2026-04-03T02:17:59.282+0600][41.183s][info][gc,stats    ]   CWRF: <total>                    1191 us
[2026-04-03T02:17:59.282+0600][41.183s][info][gc,stats    ]   CWRF: Weak References            1191 us, workers (us):  22, 1019, 149, ---, ---, ---, 
[2026-04-03T02:17:59.282+0600][41.183s][info][gc,stats    ] Concurrent Weak Roots              5832 us
[2026-04-03T02:17:59.282+0600][41.183s][info][gc,stats    ]   Roots                            5328 us, parallelism: 2.34x
[2026-04-03T02:17:59.282+0600][41.183s][info][gc,stats    ]     CWR: <total>                  12480 us
[2026-04-03T02:17:59.282+0600][41.183s][info][gc,stats    ]     CWR: Code Cache Roots          9301 us, workers (us): 3356, 3397, 2548, ---, ---, ---, 
[2026-04-03T02:17:59.282+0600][41.183s][info][gc,stats    ]     CWR: VM Weak Roots             2985 us, workers (us): 1492, 1491,   2, ---, ---, ---, 
[2026-04-03T02:17:59.282+0600][41.183s][info][gc,stats    ]     CWR: CLDG Roots                 194 us, workers (us): 194, ---, ---, ---, ---, ---, 
[2026-04-03T02:17:59.282+0600][41.183s][info][gc,stats    ]   Rendezvous                        388 us
[2026-04-03T02:17:59.282+0600][41.183s][info][gc,stats    ] Concurrent Cleanup                 1039 us
[2026-04-03T02:17:59.282+0600][41.183s][info][gc,stats    ] Concurrent Class Unloading        17836 us
[2026-04-03T02:17:59.282+0600][41.183s][info][gc,stats    ]   Unlink Stale                    16234 us
[2026-04-03T02:17:59.282+0600][41.183s][info][gc,stats    ]     System Dictionary               296 us
[2026-04-03T02:17:59.282+0600][41.183s][info][gc,stats    ]     Weak Class Links                  0 us
[2026-04-03T02:17:59.282+0600][41.183s][info][gc,stats    ]     Code Roots                    15918 us
[2026-04-03T02:17:59.282+0600][41.183s][info][gc,stats    ]   Rendezvous                        456 us
[2026-04-03T02:17:59.282+0600][41.183s][info][gc,stats    ]   Purge Unlinked                    984 us
[2026-04-03T02:17:59.282+0600][41.183s][info][gc,stats    ]     Code Roots                      971 us
[2026-04-03T02:17:59.282+0600][41.183s][info][gc,stats    ]     CLDG                             12 us
[2026-04-03T02:17:59.282+0600][41.183s][info][gc,stats    ]     Exception Caches                  1 us
[2026-04-03T02:17:59.282+0600][41.183s][info][gc,stats    ] Concurrent Strong Roots            1086 us, parallelism: 0.49x
[2026-04-03T02:17:59.282+0600][41.183s][info][gc,stats    ]   CSR: <total>                      537 us
[2026-04-03T02:17:59.282+0600][41.183s][info][gc,stats    ]   CSR: VM Strong Roots               45 us, workers (us):  21,  13,  12, ---, ---, ---, 
[2026-04-03T02:17:59.282+0600][41.183s][info][gc,stats    ]   CSR: CLDG Roots                   492 us, workers (us): 492, ---, ---, ---, ---, ---, 
[2026-04-03T02:17:59.282+0600][41.183s][info][gc,stats    ] Concurrent Evacuation              2099 us
[2026-04-03T02:17:59.282+0600][41.183s][info][gc,stats    ] Pause Init Update Refs (G)          553 us
[2026-04-03T02:17:59.282+0600][41.183s][info][gc,stats    ] Pause Init Update Refs (N)          134 us
[2026-04-03T02:17:59.282+0600][41.183s][info][gc,stats    ]   Manage GCLABs                      37 us
[2026-04-03T02:17:59.282+0600][41.183s][info][gc,stats    ] Concurrent Update Refs            46713 us
[2026-04-03T02:17:59.282+0600][41.183s][info][gc,stats    ] Concurrent Update Thread Roots     1547 us
[2026-04-03T02:17:59.282+0600][41.184s][info][gc,stats    ] Pause Final Update Refs (G)         576 us
[2026-04-03T02:17:59.282+0600][41.184s][info][gc,stats    ] Pause Final Update Refs (N)         226 us
[2026-04-03T02:17:59.282+0600][41.184s][info][gc,stats    ]   Update Region States               59 us
[2026-04-03T02:17:59.282+0600][41.184s][info][gc,stats    ]   Trash Collection Set               17 us
[2026-04-03T02:17:59.282+0600][41.184s][info][gc,stats    ]   Rebuild Free Set                   52 us
[2026-04-03T02:17:59.282+0600][41.184s][info][gc,stats    ] Concurrent Cleanup                  382 us
[2026-04-03T02:17:59.282+0600][41.184s][info][gc,stats    ] Pacing                           177843 us
[2026-04-03T02:17:59.282+0600][41.184s][info][gc,stats    ] 
[2026-04-03T02:17:59.282+0600][41.184s][info][gc,stats    ] Allocation pacing accrued:
[2026-04-03T02:17:59.283+0600][41.184s][info][gc,stats    ]      22 of   414 ms (  5.4%): Executor task launch worker for task 1.0 in stage 761.0 (TID 1704)
[2026-04-03T02:17:59.283+0600][41.184s][info][gc,stats    ]      22 of   414 ms (  5.4%): Executor task launch worker for task 6.0 in stage 761.0 (TID 1709)
[2026-04-03T02:17:59.283+0600][41.184s][info][gc,stats    ]      22 of   414 ms (  5.4%): Executor task launch worker for task 0.0 in stage 761.0 (TID 1703)
[2026-04-03T02:17:59.283+0600][41.184s][info][gc,stats    ]      22 of   414 ms (  5.4%): Executor task launch worker for task 5.0 in stage 761.0 (TID 1708)
[2026-04-03T02:17:59.283+0600][41.184s][info][gc,stats    ]      22 of   414 ms (  5.4%): Executor task launch worker for task 3.0 in stage 761.0 (TID 1706)
[2026-04-03T02:17:59.283+0600][41.184s][info][gc,stats    ]      22 of   414 ms (  5.4%): Executor task launch worker for task 4.0 in stage 761.0 (TID 1707)
[2026-04-03T02:17:59.283+0600][41.184s][info][gc,stats    ]      22 of   414 ms (  5.4%): Executor task launch worker for task 2.0 in stage 761.0 (TID 1705)
[2026-04-03T02:17:59.283+0600][41.184s][info][gc,stats    ]      21 of   414 ms (  5.2%): Executor task launch worker for task 7.0 in stage 761.0 (TID 1710)
[2026-04-03T02:17:59.283+0600][41.184s][info][gc,stats    ]     178 of   414 ms ( 43.0%): <total>
[2026-04-03T02:17:59.283+0600][41.184s][info][gc,stats    ]       1 of   414 ms (  0.1%): <average total>
[2026-04-03T02:17:59.283+0600][41.184s][info][gc,stats    ]      22 of   414 ms (  5.4%): <average non-zero>
[2026-04-03T02:17:59.283+0600][41.184s][info][gc,stats    ] 
[2026-04-03T02:17:59.283+0600][41.184s][info][gc,metaspace] Metaspace: 130563K(131776K)->130568K(131776K) NonClass: 114092K(114752K)->114097K(114752K) Class: 16471K(17024K)->16471K(17024K)
[2026-04-03T02:17:59.283+0600][41.184s][info][gc,ergo     ] Pacer for Idle. Initial: 15360K, Alloc Tax Rate: 1.0x
[2026-04-03T02:17:59.671+0600][41.572s][info][gc          ] Trigger: Average GC time (159.43 ms) is above the time for average allocation rate (806 MB/s) to deplete free headroom (127M) (margin of error = 1.85)
[2026-04-03T02:17:59.671+0600][41.572s][info][gc,ergo     ] Free headroom: 165M (free) - 38400K (spike) - 0B (penalties) = 127M
[2026-04-03T02:17:59.671+0600][41.573s][info][gc,ergo     ] Free: 165M, Max: 256K regular, 105M humongous, Frag: 37% external, 1% internal; Reserve: 38400K, Max: 256K
[2026-04-03T02:17:59.671+0600][41.573s][info][gc,start    ] GC(42) Concurrent reset
[2026-04-03T02:17:59.671+0600][41.573s][info][gc,task     ] GC(42) Using 3 of 6 workers for concurrent reset
[2026-04-03T02:17:59.671+0600][41.573s][info][gc,ergo     ] GC(42) Pacer for Reset. Non-Taxable: 750M
[2026-04-03T02:17:59.672+0600][41.574s][info][gc          ] GC(42) Concurrent reset 0.991ms
[2026-04-03T02:17:59.673+0600][41.574s][info][gc,start    ] GC(42) Pause Init Mark (unload classes)
[2026-04-03T02:17:59.673+0600][41.574s][info][gc,task     ] GC(42) Using 6 of 6 workers for init marking
[2026-04-03T02:17:59.673+0600][41.574s][info][gc,ergo     ] GC(42) Pacer for Mark. Expected Live: 90196K, Free: 164M, Non-Taxable: 16834K, Alloc Tax Rate: 0.7x
[2026-04-03T02:17:59.673+0600][41.574s][info][gc          ] GC(42) Pause Init Mark (unload classes) 0.142ms
[2026-04-03T02:17:59.673+0600][41.574s][info][gc,start    ] GC(42) Concurrent marking roots
[2026-04-03T02:17:59.673+0600][41.574s][info][gc,task     ] GC(42) Using 3 of 6 workers for concurrent marking roots
[2026-04-03T02:17:59.675+0600][41.576s][info][gc          ] GC(42) Concurrent marking roots 2.255ms
[2026-04-03T02:17:59.675+0600][41.576s][info][gc,start    ] GC(42) Concurrent marking (unload classes)
[2026-04-03T02:17:59.675+0600][41.576s][info][gc,task     ] GC(42) Using 3 of 6 workers for concurrent marking
[2026-04-03T02:17:59.740+0600][41.641s][info][gc          ] GC(42) Concurrent marking (unload classes) 64.519ms
[2026-04-03T02:17:59.740+0600][41.641s][info][gc,start    ] GC(42) Pause Final Mark (unload classes)
[2026-04-03T02:17:59.740+0600][41.641s][info][gc,task     ] GC(42) Using 6 of 6 workers for final marking
[2026-04-03T02:17:59.740+0600][41.642s][info][gc,ergo     ] GC(42) Adaptive CSet Selection. Target Free: 106M, Actual Free: 459M, Max CSet: 32000K, Min Garbage: 0B
[2026-04-03T02:17:59.741+0600][41.642s][info][gc,ergo     ] GC(42) Collectable Garbage: 424M (98%), Immediate: 292M (67%), CSet: 132M (30%)
[2026-04-03T02:17:59.741+0600][41.642s][info][gc,ergo     ] GC(42) Pacer for Evacuation. Used CSet: 137M, Free: 446M, Non-Taxable: 45679K, Alloc Tax Rate: 1.1x
[2026-04-03T02:17:59.741+0600][41.642s][info][gc          ] GC(42) Pause Final Mark (unload classes) 0.808ms
[2026-04-03T02:17:59.741+0600][41.642s][info][gc,start    ] GC(42) Concurrent thread roots
[2026-04-03T02:17:59.741+0600][41.642s][info][gc,task     ] GC(42) Using 3 of 6 workers for Concurrent thread roots
[2026-04-03T02:17:59.743+0600][41.645s][info][gc          ] GC(42) Concurrent thread roots 2.628ms
[2026-04-03T02:17:59.744+0600][41.645s][info][gc,start    ] GC(42) Concurrent weak references
[2026-04-03T02:17:59.744+0600][41.645s][info][gc,task     ] GC(42) Using 3 of 6 workers for concurrent weak references
[2026-04-03T02:17:59.744+0600][41.645s][info][gc,ref      ] GC(42) Encountered references: Soft: 3872, Weak: 16507, Final: 84, Phantom: 622
[2026-04-03T02:17:59.744+0600][41.645s][info][gc,ref      ] GC(42) Discovered  references: Soft: 0, Weak: 5175, Final: 0, Phantom: 223
[2026-04-03T02:17:59.744+0600][41.645s][info][gc,ref      ] GC(42) Enqueued    references: Soft: 0, Weak: 1732, Final: 0, Phantom: 0
[2026-04-03T02:17:59.744+0600][41.645s][info][gc          ] GC(42) Concurrent weak references 0.744ms
[2026-04-03T02:17:59.744+0600][41.645s][info][gc,start    ] GC(42) Concurrent weak roots
[2026-04-03T02:17:59.744+0600][41.645s][info][gc,task     ] GC(42) Using 3 of 6 workers for concurrent weak root
[2026-04-03T02:17:59.751+0600][41.652s][info][gc          ] GC(42) Concurrent weak roots 6.500ms
[2026-04-03T02:17:59.751+0600][41.652s][info][gc,start    ] GC(42) Concurrent cleanup
[2026-04-03T02:17:59.752+0600][41.653s][info][gc          ] GC(42) Concurrent cleanup 567M->275M(648M) 0.971ms
[2026-04-03T02:17:59.752+0600][41.653s][info][gc,ergo     ] GC(42) Free: 435M, Max: 256K regular, 61184K humongous, Frag: 87% external, 0% internal; Reserve: 37216K, Max: 256K
[2026-04-03T02:17:59.752+0600][41.653s][info][gc,start    ] GC(42) Concurrent class unloading
[2026-04-03T02:17:59.752+0600][41.653s][info][gc,task     ] GC(42) Using 3 of 6 workers for concurrent class unloading
[2026-04-03T02:17:59.779+0600][41.680s][info][gc          ] GC(42) Concurrent class unloading 26.641ms
[2026-04-03T02:17:59.779+0600][41.680s][info][gc,start    ] GC(42) Concurrent strong roots
[2026-04-03T02:17:59.779+0600][41.680s][info][gc,task     ] GC(42) Using 3 of 6 workers for concurrent strong root
[2026-04-03T02:17:59.780+0600][41.681s][info][gc          ] GC(42) Concurrent strong roots 1.545ms
[2026-04-03T02:17:59.780+0600][41.682s][info][gc,start    ] GC(42) Concurrent evacuation
[2026-04-03T02:17:59.781+0600][41.682s][info][gc,task     ] GC(42) Using 3 of 6 workers for concurrent evacuation
[2026-04-03T02:17:59.784+0600][41.685s][info][gc          ] GC(42) Concurrent evacuation 3.111ms
[2026-04-03T02:17:59.784+0600][41.685s][info][gc,start    ] GC(42) Pause Init Update Refs
[2026-04-03T02:17:59.784+0600][41.685s][info][gc,ergo     ] GC(42) Pacer for Update Refs. Used: 308M, Free: 407M, Non-Taxable: 41684K, Alloc Tax Rate: 1.1x
[2026-04-03T02:17:59.784+0600][41.685s][info][gc          ] GC(42) Pause Init Update Refs 0.135ms
[2026-04-03T02:17:59.784+0600][41.685s][info][gc,start    ] GC(42) Concurrent update references
[2026-04-03T02:17:59.784+0600][41.685s][info][gc,task     ] GC(42) Using 3 of 6 workers for concurrent reference update
[2026-04-03T02:17:59.844+0600][41.745s][info][gc          ] GC(42) Concurrent update references 59.552ms
[2026-04-03T02:17:59.844+0600][41.745s][info][gc,start    ] GC(42) Concurrent update thread roots
[2026-04-03T02:17:59.846+0600][41.747s][info][gc          ] GC(42) Concurrent update thread roots 1.793ms
[2026-04-03T02:17:59.846+0600][41.747s][info][gc,start    ] GC(42) Pause Final Update Refs
[2026-04-03T02:17:59.846+0600][41.747s][info][gc,task     ] GC(42) Using 6 of 6 workers for final reference update
[2026-04-03T02:17:59.846+0600][41.747s][info][gc          ] GC(42) Pause Final Update Refs 0.207ms
[2026-04-03T02:17:59.846+0600][41.747s][info][gc,start    ] GC(42) Concurrent cleanup
[2026-04-03T02:17:59.847+0600][41.748s][info][gc          ] GC(42) Concurrent cleanup 354M->217M(648M) 0.656ms
[2026-04-03T02:17:59.847+0600][41.748s][info][gc,ergo     ] Free: 491M, Max: 256K regular, 263M humongous, Frag: 47% external, 0% internal; Reserve: 38400K, Max: 256K
[2026-04-03T02:17:59.847+0600][41.748s][info][gc,stats    ] 
[2026-04-03T02:17:59.847+0600][41.748s][info][gc,stats    ] All times are wall-clock times, except per-root-class counters, that are sum over
[2026-04-03T02:17:59.847+0600][41.748s][info][gc,stats    ] all workers. Dividing the <total> over the root stage time estimates parallelism.
[2026-04-03T02:17:59.847+0600][41.748s][info][gc,stats    ] 
[2026-04-03T02:17:59.847+0600][41.748s][info][gc,stats    ] Concurrent Reset                   1031 us
[2026-04-03T02:17:59.847+0600][41.748s][info][gc,stats    ] Pause Init Mark (G)                 410 us
[2026-04-03T02:17:59.847+0600][41.748s][info][gc,stats    ] Pause Init Mark (N)                 151 us
[2026-04-03T02:17:59.847+0600][41.748s][info][gc,stats    ]   Update Region States               30 us
[2026-04-03T02:17:59.847+0600][41.748s][info][gc,stats    ] Concurrent Mark Roots              2317 us, parallelism: 1.49x
[2026-04-03T02:17:59.847+0600][41.748s][info][gc,stats    ]   CMR: <total>                     3452 us
[2026-04-03T02:17:59.847+0600][41.748s][info][gc,stats    ]   CMR: Thread Roots                2872 us, workers (us): 1170, 1702,   0, ---, ---, ---, 
[2026-04-03T02:17:59.847+0600][41.748s][info][gc,stats    ]   CMR: VM Strong Roots               71 us, workers (us):  51,  20,   0, ---, ---, ---, 
[2026-04-03T02:17:59.847+0600][41.748s][info][gc,stats    ]   CMR: CLDG Roots                   509 us, workers (us): 509, ---, ---, ---, ---, ---, 
[2026-04-03T02:17:59.847+0600][41.748s][info][gc,stats    ] Concurrent Marking                64621 us
[2026-04-03T02:17:59.847+0600][41.748s][info][gc,stats    ] Pause Final Mark (G)               1001 us
[2026-04-03T02:17:59.847+0600][41.748s][info][gc,stats    ] Pause Final Mark (N)                822 us
[2026-04-03T02:17:59.847+0600][41.748s][info][gc,stats    ]   Finish Mark                       258 us
[2026-04-03T02:17:59.847+0600][41.748s][info][gc,stats    ]   Update Region States               44 us
[2026-04-03T02:17:59.847+0600][41.748s][info][gc,stats    ]   Choose Collection Set             329 us
[2026-04-03T02:17:59.847+0600][41.748s][info][gc,stats    ]   Rebuild Free Set                   41 us
[2026-04-03T02:17:59.847+0600][41.748s][info][gc,stats    ] Concurrent Thread Roots            2703 us, parallelism: 2.68x
[2026-04-03T02:17:59.847+0600][41.748s][info][gc,stats    ]   CTR: <total>                     7249 us
[2026-04-03T02:17:59.847+0600][41.748s][info][gc,stats    ]   CTR: Thread Roots                7249 us, workers (us): 2348, 2412, 2488, ---, ---, ---, 
[2026-04-03T02:17:59.847+0600][41.748s][info][gc,stats    ] Concurrent Weak References          758 us, parallelism: 1.40x
[2026-04-03T02:17:59.847+0600][41.748s][info][gc,stats    ]   CWRF: <total>                    1063 us
[2026-04-03T02:17:59.847+0600][41.748s][info][gc,stats    ]   CWRF: Weak References            1063 us, workers (us): 557, 506,   0, ---, ---, ---, 
[2026-04-03T02:17:59.847+0600][41.748s][info][gc,stats    ] Concurrent Weak Roots              6597 us
[2026-04-03T02:17:59.847+0600][41.748s][info][gc,stats    ]   Roots                            6083 us, parallelism: 2.73x
[2026-04-03T02:17:59.847+0600][41.748s][info][gc,stats    ]     CWR: <total>                  16588 us
[2026-04-03T02:17:59.847+0600][41.749s][info][gc,stats    ]     CWR: Code Cache Roots         13324 us, workers (us): 4612, 4451, 4261, ---, ---, ---, 
[2026-04-03T02:17:59.847+0600][41.749s][info][gc,stats    ]     CWR: VM Weak Roots             2994 us, workers (us): 1011, 1009, 973, ---, ---, ---, 
[2026-04-03T02:17:59.847+0600][41.749s][info][gc,stats    ]     CWR: CLDG Roots                 270 us, workers (us): ---, ---, 270, ---, ---, ---, 
[2026-04-03T02:17:59.847+0600][41.749s][info][gc,stats    ]   Rendezvous                        388 us
[2026-04-03T02:17:59.847+0600][41.749s][info][gc,stats    ] Concurrent Cleanup                 1023 us
[2026-04-03T02:17:59.847+0600][41.749s][info][gc,stats    ] Concurrent Class Unloading        26789 us
[2026-04-03T02:17:59.847+0600][41.749s][info][gc,stats    ]   Unlink Stale                    23836 us
[2026-04-03T02:17:59.847+0600][41.749s][info][gc,stats    ]     System Dictionary               305 us
[2026-04-03T02:17:59.848+0600][41.749s][info][gc,stats    ]     Weak Class Links                  0 us
[2026-04-03T02:17:59.848+0600][41.749s][info][gc,stats    ]     Code Roots                    23526 us
[2026-04-03T02:17:59.848+0600][41.749s][info][gc,stats    ]   Rendezvous                        417 us
[2026-04-03T02:17:59.848+0600][41.749s][info][gc,stats    ]   Purge Unlinked                   2340 us
[2026-04-03T02:17:59.848+0600][41.749s][info][gc,stats    ]     Code Roots                     2307 us
[2026-04-03T02:17:59.848+0600][41.749s][info][gc,stats    ]     CLDG                             32 us
[2026-04-03T02:17:59.848+0600][41.749s][info][gc,stats    ]     Exception Caches                  0 us
[2026-04-03T02:17:59.848+0600][41.749s][info][gc,stats    ] Concurrent Strong Roots            1635 us, parallelism: 0.63x
[2026-04-03T02:17:59.848+0600][41.749s][info][gc,stats    ]   CSR: <total>                     1025 us
[2026-04-03T02:17:59.848+0600][41.749s][info][gc,stats    ]   CSR: VM Strong Roots               78 us, workers (us):  35,  34,   9, ---, ---, ---, 
[2026-04-03T02:17:59.848+0600][41.749s][info][gc,stats    ]   CSR: CLDG Roots                   947 us, workers (us): ---, 947, ---, ---, ---, ---, 
[2026-04-03T02:17:59.848+0600][41.749s][info][gc,stats    ] Concurrent Evacuation              3181 us
[2026-04-03T02:17:59.848+0600][41.749s][info][gc,stats    ] Pause Init Update Refs (G)          434 us
[2026-04-03T02:17:59.848+0600][41.749s][info][gc,stats    ] Pause Init Update Refs (N)          151 us
[2026-04-03T02:17:59.848+0600][41.749s][info][gc,stats    ]   Manage GCLABs                      36 us
[2026-04-03T02:17:59.848+0600][41.749s][info][gc,stats    ] Concurrent Update Refs            59680 us
[2026-04-03T02:17:59.848+0600][41.749s][info][gc,stats    ] Concurrent Update Thread Roots     1870 us
[2026-04-03T02:17:59.848+0600][41.749s][info][gc,stats    ] Pause Final Update Refs (G)         542 us
[2026-04-03T02:17:59.848+0600][41.749s][info][gc,stats    ] Pause Final Update Refs (N)         221 us
[2026-04-03T02:17:59.848+0600][41.749s][info][gc,stats    ]   Update Region States               55 us
[2026-04-03T02:17:59.848+0600][41.749s][info][gc,stats    ]   Trash Collection Set               19 us
[2026-04-03T02:17:59.848+0600][41.749s][info][gc,stats    ]   Rebuild Free Set                   50 us
[2026-04-03T02:17:59.848+0600][41.749s][info][gc,stats    ] Concurrent Cleanup                  686 us
[2026-04-03T02:17:59.848+0600][41.749s][info][gc,stats    ] Pacing                           289772 us
[2026-04-03T02:17:59.848+0600][41.749s][info][gc,stats    ] 
[2026-04-03T02:17:59.848+0600][41.749s][info][gc,stats    ] Allocation pacing accrued:
[2026-04-03T02:17:59.848+0600][41.749s][info][gc,stats    ]      11 of   565 ms (  2.0%): Spark Context Cleaner
[2026-04-03T02:17:59.848+0600][41.749s][info][gc,stats    ]      33 of   565 ms (  5.9%): Executor task launch worker for task 4.0 in stage 867.0 (TID 1763)
[2026-04-03T02:17:59.848+0600][41.749s][info][gc,stats    ]      40 of   565 ms (  7.1%): Executor task launch worker for task 3.0 in stage 867.0 (TID 1762)
[2026-04-03T02:17:59.848+0600][41.749s][info][gc,stats    ]      39 of   565 ms (  6.9%): Executor task launch worker for task 7.0 in stage 867.0 (TID 1766)
[2026-04-03T02:17:59.848+0600][41.749s][info][gc,stats    ]      32 of   565 ms (  5.7%): Executor task launch worker for task 1.0 in stage 867.0 (TID 1760)
[2026-04-03T02:17:59.848+0600][41.749s][info][gc,stats    ]      32 of   565 ms (  5.7%): Executor task launch worker for task 0.0 in stage 867.0 (TID 1759)
[2026-04-03T02:17:59.848+0600][41.749s][info][gc,stats    ]      34 of   565 ms (  6.0%): Executor task launch worker for task 6.0 in stage 867.0 (TID 1765)
[2026-04-03T02:17:59.848+0600][41.749s][info][gc,stats    ]      34 of   565 ms (  6.0%): Executor task launch worker for task 5.0 in stage 867.0 (TID 1764)
[2026-04-03T02:17:59.848+0600][41.749s][info][gc,stats    ]      34 of   565 ms (  6.0%): Executor task launch worker for task 2.0 in stage 867.0 (TID 1761)
[2026-04-03T02:17:59.848+0600][41.749s][info][gc,stats    ]     290 of   565 ms ( 51.3%): <total>
[2026-04-03T02:17:59.848+0600][41.749s][info][gc,stats    ]       1 of   565 ms (  0.2%): <average total>
[2026-04-03T02:17:59.848+0600][41.749s][info][gc,stats    ]      32 of   565 ms (  5.7%): <average non-zero>
[2026-04-03T02:17:59.848+0600][41.749s][info][gc,stats    ] 
[2026-04-03T02:17:59.848+0600][41.749s][info][gc,metaspace] Metaspace: 130621K(131776K)->130622K(131776K) NonClass: 114150K(114752K)->114151K(114752K) Class: 16471K(17024K)->16471K(17024K)
[2026-04-03T02:17:59.848+0600][41.749s][info][gc,ergo     ] Pacer for Idle. Initial: 15360K, Alloc Tax Rate: 1.0x
[2026-04-03T02:18:00.024+0600][41.925s][info][gc          ] Trigger: Average GC time (189.40 ms) is above the time for average allocation rate (788 MB/s) to deplete free headroom (145M) (margin of error = 1.85)
[2026-04-03T02:18:00.024+0600][41.925s][info][gc,ergo     ] Free headroom: 183M (free) - 38400K (spike) - 0B (penalties) = 145M
[2026-04-03T02:18:00.024+0600][41.925s][info][gc,ergo     ] Free: 179M, Max: 256K regular, 61696K humongous, Frag: 67% external, 1% internal; Reserve: 38400K, Max: 256K
[2026-04-03T02:18:00.024+0600][41.925s][info][gc,start    ] GC(43) Concurrent reset
[2026-04-03T02:18:00.024+0600][41.925s][info][gc,task     ] GC(43) Using 3 of 6 workers for concurrent reset
[2026-04-03T02:18:00.024+0600][41.925s][info][gc,ergo     ] GC(43) Pacer for Reset. Non-Taxable: 750M
[2026-04-03T02:18:00.027+0600][41.928s][info][gc          ] GC(43) Concurrent reset 2.945ms
[2026-04-03T02:18:00.028+0600][41.929s][info][gc,start    ] GC(43) Pause Init Mark (unload classes)
[2026-04-03T02:18:00.028+0600][41.930s][info][gc,task     ] GC(43) Using 6 of 6 workers for init marking
[2026-04-03T02:18:00.029+0600][41.930s][info][gc,ergo     ] GC(43) Pacer for Mark. Expected Live: 90810K, Free: 142M, Non-Taxable: 14558K, Alloc Tax Rate: 0.8x
[2026-04-03T02:18:00.029+0600][41.930s][info][gc          ] GC(43) Pause Init Mark (unload classes) 0.330ms
[2026-04-03T02:18:00.029+0600][41.930s][info][gc,start    ] GC(43) Concurrent marking roots
[2026-04-03T02:18:00.029+0600][41.930s][info][gc,task     ] GC(43) Using 3 of 6 workers for concurrent marking roots
[2026-04-03T02:18:00.031+0600][41.932s][info][gc          ] GC(43) Concurrent marking roots 1.958ms
[2026-04-03T02:18:00.031+0600][41.932s][info][gc,start    ] GC(43) Concurrent marking (unload classes)
[2026-04-03T02:18:00.031+0600][41.932s][info][gc,task     ] GC(43) Using 3 of 6 workers for concurrent marking
[2026-04-03T02:18:00.072+0600][41.973s][info][gc          ] GC(43) Concurrent marking (unload classes) 41.134ms
[2026-04-03T02:18:00.072+0600][41.973s][info][gc,start    ] GC(43) Pause Final Mark (unload classes)
[2026-04-03T02:18:00.072+0600][41.974s][info][gc,task     ] GC(43) Using 6 of 6 workers for final marking
[2026-04-03T02:18:00.073+0600][41.974s][info][gc,ergo     ] GC(43) Adaptive CSet Selection. Target Free: 106M, Actual Free: 529M, Max CSet: 32000K, Min Garbage: 0B
[2026-04-03T02:18:00.073+0600][41.974s][info][gc,ergo     ] GC(43) Collectable Garbage: 430M (98%), Immediate: 384M (87%), CSet: 46816K (10%)
[2026-04-03T02:18:00.073+0600][41.974s][info][gc,ergo     ] GC(43) Pacer for Evacuation. Used CSet: 53236K, Free: 515M, Non-Taxable: 52795K, Alloc Tax Rate: 1.1x
[2026-04-03T02:18:00.073+0600][41.974s][info][gc          ] GC(43) Pause Final Mark (unload classes) 0.564ms
[2026-04-03T02:18:00.073+0600][41.974s][info][gc,start    ] GC(43) Concurrent thread roots
[2026-04-03T02:18:00.073+0600][41.974s][info][gc,task     ] GC(43) Using 3 of 6 workers for Concurrent thread roots
[2026-04-03T02:18:00.074+0600][41.975s][info][gc          ] GC(43) Concurrent thread roots 1.045ms
[2026-04-03T02:18:00.074+0600][41.975s][info][gc,start    ] GC(43) Concurrent weak references
[2026-04-03T02:18:00.074+0600][41.975s][info][gc,task     ] GC(43) Using 3 of 6 workers for concurrent weak references
[2026-04-03T02:18:00.075+0600][41.976s][info][gc,ref      ] GC(43) Encountered references: Soft: 3868, Weak: 15170, Final: 84, Phantom: 644
[2026-04-03T02:18:00.075+0600][41.976s][info][gc,ref      ] GC(43) Discovered  references: Soft: 0, Weak: 4530, Final: 0, Phantom: 246
[2026-04-03T02:18:00.075+0600][41.976s][info][gc,ref      ] GC(43) Enqueued    references: Soft: 0, Weak: 598, Final: 0, Phantom: 0
[2026-04-03T02:18:00.075+0600][41.976s][info][gc          ] GC(43) Concurrent weak references 0.596ms
[2026-04-03T02:18:00.075+0600][41.976s][info][gc,start    ] GC(43) Concurrent weak roots
[2026-04-03T02:18:00.075+0600][41.976s][info][gc,task     ] GC(43) Using 3 of 6 workers for concurrent weak root
[2026-04-03T02:18:00.081+0600][41.982s][info][gc          ] GC(43) Concurrent weak roots 6.464ms
[2026-04-03T02:18:00.081+0600][41.982s][info][gc,start    ] GC(43) Concurrent cleanup
[2026-04-03T02:18:00.082+0600][41.983s][info][gc          ] GC(43) Concurrent cleanup 619M->239M(656M) 0.983ms
[2026-04-03T02:18:00.082+0600][41.983s][info][gc,ergo     ] GC(43) Free: 468M, Max: 256K regular, 48128K humongous, Frag: 90% external, 0% internal; Reserve: 34724K, Max: 256K
[2026-04-03T02:18:00.082+0600][41.983s][info][gc,start    ] GC(43) Concurrent class unloading
[2026-04-03T02:18:00.082+0600][41.983s][info][gc,task     ] GC(43) Using 3 of 6 workers for concurrent class unloading
[2026-04-03T02:18:00.102+0600][42.003s][info][gc          ] GC(43) Concurrent class unloading 19.280ms
[2026-04-03T02:18:00.102+0600][42.003s][info][gc,start    ] GC(43) Concurrent strong roots
[2026-04-03T02:18:00.102+0600][42.003s][info][gc,task     ] GC(43) Using 3 of 6 workers for concurrent strong root
[2026-04-03T02:18:00.103+0600][42.005s][info][gc          ] GC(43) Concurrent strong roots 1.562ms
[2026-04-03T02:18:00.103+0600][42.005s][info][gc,start    ] GC(43) Concurrent evacuation
[2026-04-03T02:18:00.103+0600][42.005s][info][gc,task     ] GC(43) Using 3 of 6 workers for concurrent evacuation
[2026-04-03T02:18:00.107+0600][42.008s][info][gc          ] GC(43) Concurrent evacuation 3.626ms
[2026-04-03T02:18:00.107+0600][42.008s][info][gc,start    ] GC(43) Pause Init Update Refs
[2026-04-03T02:18:00.107+0600][42.009s][info][gc,ergo     ] GC(43) Pacer for Update Refs. Used: 255M, Free: 455M, Non-Taxable: 46690K, Alloc Tax Rate: 1.1x
[2026-04-03T02:18:00.108+0600][42.009s][info][gc          ] GC(43) Pause Init Update Refs 0.169ms
[2026-04-03T02:18:00.108+0600][42.009s][info][gc,start    ] GC(43) Concurrent update references
[2026-04-03T02:18:00.108+0600][42.009s][info][gc,task     ] GC(43) Using 3 of 6 workers for concurrent reference update
[2026-04-03T02:18:00.153+0600][42.055s][info][gc          ] GC(43) Concurrent update references 45.849ms
[2026-04-03T02:18:00.154+0600][42.055s][info][gc,start    ] GC(43) Concurrent update thread roots
[2026-04-03T02:18:00.155+0600][42.056s][info][gc          ] GC(43) Concurrent update thread roots 1.333ms
[2026-04-03T02:18:00.155+0600][42.056s][info][gc,start    ] GC(43) Pause Final Update Refs
[2026-04-03T02:18:00.155+0600][42.056s][info][gc,task     ] GC(43) Using 6 of 6 workers for final reference update
[2026-04-03T02:18:00.155+0600][42.056s][info][gc          ] GC(43) Pause Final Update Refs 0.230ms
[2026-04-03T02:18:00.155+0600][42.056s][info][gc,start    ] GC(43) Concurrent cleanup
[2026-04-03T02:18:00.156+0600][42.057s][info][gc          ] GC(43) Concurrent cleanup 291M->239M(658M) 0.246ms
[2026-04-03T02:18:00.156+0600][42.057s][info][gc,ergo     ] Free: 462M, Max: 256K regular, 222M humongous, Frag: 52% external, 0% internal; Reserve: 38400K, Max: 256K
[2026-04-03T02:18:00.156+0600][42.057s][info][gc,stats    ] 
[2026-04-03T02:18:00.156+0600][42.057s][info][gc,stats    ] All times are wall-clock times, except per-root-class counters, that are sum over
[2026-04-03T02:18:00.156+0600][42.057s][info][gc,stats    ] all workers. Dividing the <total> over the root stage time estimates parallelism.
[2026-04-03T02:18:00.156+0600][42.057s][info][gc,stats    ] 
[2026-04-03T02:18:00.156+0600][42.057s][info][gc,stats    ] Concurrent Reset                   3127 us
[2026-04-03T02:18:00.156+0600][42.057s][info][gc,stats    ] Pause Init Mark (G)                1710 us
[2026-04-03T02:18:00.156+0600][42.057s][info][gc,stats    ] Pause Init Mark (N)                 355 us
[2026-04-03T02:18:00.156+0600][42.057s][info][gc,stats    ]   Update Region States              108 us
[2026-04-03T02:18:00.156+0600][42.057s][info][gc,stats    ] Concurrent Mark Roots              2014 us, parallelism: 1.97x
[2026-04-03T02:18:00.156+0600][42.057s][info][gc,stats    ]   CMR: <total>                     3973 us
[2026-04-03T02:18:00.156+0600][42.057s][info][gc,stats    ]   CMR: Thread Roots                3609 us, workers (us): 1291, 1011, 1307, ---, ---, ---, 
[2026-04-03T02:18:00.156+0600][42.057s][info][gc,stats    ]   CMR: VM Strong Roots               70 us, workers (us):  31,  21,  17, ---, ---, ---, 
[2026-04-03T02:18:00.156+0600][42.057s][info][gc,stats    ]   CMR: CLDG Roots                   294 us, workers (us): ---, 294, ---, ---, ---, ---, 
[2026-04-03T02:18:00.156+0600][42.057s][info][gc,stats    ] Concurrent Marking                41198 us
[2026-04-03T02:18:00.156+0600][42.057s][info][gc,stats    ] Pause Final Mark (G)                807 us
[2026-04-03T02:18:00.156+0600][42.057s][info][gc,stats    ] Pause Final Mark (N)                574 us
[2026-04-03T02:18:00.156+0600][42.057s][info][gc,stats    ]   Finish Mark                       218 us
[2026-04-03T02:18:00.156+0600][42.057s][info][gc,stats    ]   Update Region States               33 us
[2026-04-03T02:18:00.156+0600][42.057s][info][gc,stats    ]   Choose Collection Set             180 us
[2026-04-03T02:18:00.156+0600][42.057s][info][gc,stats    ]   Rebuild Free Set                   32 us
[2026-04-03T02:18:00.156+0600][42.057s][info][gc,stats    ] Concurrent Thread Roots            1113 us, parallelism: 2.27x
[2026-04-03T02:18:00.156+0600][42.057s][info][gc,stats    ]   CTR: <total>                     2530 us
[2026-04-03T02:18:00.156+0600][42.057s][info][gc,stats    ]   CTR: Thread Roots                2530 us, workers (us): 860, 860, 810, ---, ---, ---, 
[2026-04-03T02:18:00.156+0600][42.057s][info][gc,stats    ] Concurrent Weak References          613 us, parallelism: 0.93x
[2026-04-03T02:18:00.156+0600][42.057s][info][gc,stats    ]   CWRF: <total>                     571 us
[2026-04-03T02:18:00.156+0600][42.057s][info][gc,stats    ]   CWRF: Weak References             571 us, workers (us): 364, 187,  20, ---, ---, ---, 
[2026-04-03T02:18:00.156+0600][42.057s][info][gc,stats    ] Concurrent Weak Roots              6546 us
[2026-04-03T02:18:00.156+0600][42.057s][info][gc,stats    ]   Roots                            4242 us, parallelism: 2.66x
[2026-04-03T02:18:00.156+0600][42.057s][info][gc,stats    ]     CWR: <total>                  11294 us
[2026-04-03T02:18:00.156+0600][42.057s][info][gc,stats    ]     CWR: Code Cache Roots          8971 us, workers (us): 3081, 3054, 2836, ---, ---, ---, 
[2026-04-03T02:18:00.156+0600][42.057s][info][gc,stats    ]     CWR: VM Weak Roots             2168 us, workers (us): 737, 743, 689, ---, ---, ---, 
[2026-04-03T02:18:00.156+0600][42.057s][info][gc,stats    ]     CWR: CLDG Roots                 154 us, workers (us): ---, ---, 154, ---, ---, ---, 
[2026-04-03T02:18:00.156+0600][42.057s][info][gc,stats    ]   Rendezvous                       2186 us
[2026-04-03T02:18:00.156+0600][42.057s][info][gc,stats    ] Concurrent Cleanup                 1009 us
[2026-04-03T02:18:00.156+0600][42.057s][info][gc,stats    ] Concurrent Class Unloading        19474 us
[2026-04-03T02:18:00.156+0600][42.057s][info][gc,stats    ]   Unlink Stale                    17185 us
[2026-04-03T02:18:00.156+0600][42.057s][info][gc,stats    ]     System Dictionary               283 us
[2026-04-03T02:18:00.156+0600][42.057s][info][gc,stats    ]     Weak Class Links                  0 us
[2026-04-03T02:18:00.156+0600][42.057s][info][gc,stats    ]     Code Roots                    16898 us
[2026-04-03T02:18:00.156+0600][42.057s][info][gc,stats    ]   Rendezvous                        351 us
[2026-04-03T02:18:00.156+0600][42.057s][info][gc,stats    ]   Purge Unlinked                   1711 us
[2026-04-03T02:18:00.156+0600][42.057s][info][gc,stats    ]     Code Roots                     1690 us
[2026-04-03T02:18:00.156+0600][42.057s][info][gc,stats    ]     CLDG                             20 us
[2026-04-03T02:18:00.156+0600][42.057s][info][gc,stats    ]     Exception Caches                  0 us
[2026-04-03T02:18:00.156+0600][42.057s][info][gc,stats    ] Concurrent Strong Roots            1626 us, parallelism: 0.64x
[2026-04-03T02:18:00.156+0600][42.057s][info][gc,stats    ]   CSR: <total>                     1044 us
[2026-04-03T02:18:00.156+0600][42.057s][info][gc,stats    ]   CSR: VM Strong Roots               83 us, workers (us):  47,  34,   2, ---, ---, ---, 
[2026-04-03T02:18:00.156+0600][42.057s][info][gc,stats    ]   CSR: CLDG Roots                   961 us, workers (us): 961, ---, ---, ---, ---, ---, 
[2026-04-03T02:18:00.156+0600][42.057s][info][gc,stats    ] Concurrent Evacuation              3720 us
[2026-04-03T02:18:00.156+0600][42.057s][info][gc,stats    ] Pause Init Update Refs (G)          366 us
[2026-04-03T02:18:00.156+0600][42.057s][info][gc,stats    ] Pause Init Update Refs (N)          184 us
[2026-04-03T02:18:00.156+0600][42.057s][info][gc,stats    ]   Manage GCLABs                      37 us
[2026-04-03T02:18:00.156+0600][42.057s][info][gc,stats    ] Concurrent Update Refs            45945 us
[2026-04-03T02:18:00.156+0600][42.057s][info][gc,stats    ] Concurrent Update Thread Roots     1372 us
[2026-04-03T02:18:00.156+0600][42.057s][info][gc,stats    ] Pause Final Update Refs (G)         493 us
[2026-04-03T02:18:00.156+0600][42.057s][info][gc,stats    ] Pause Final Update Refs (N)         246 us
[2026-04-03T02:18:00.156+0600][42.057s][info][gc,stats    ]   Update Region States               52 us
[2026-04-03T02:18:00.156+0600][42.057s][info][gc,stats    ]   Trash Collection Set               14 us
[2026-04-03T02:18:00.156+0600][42.057s][info][gc,stats    ]   Rebuild Free Set                   43 us
[2026-04-03T02:18:00.156+0600][42.057s][info][gc,stats    ] Concurrent Cleanup                  268 us
[2026-04-03T02:18:00.156+0600][42.057s][info][gc,stats    ] Pacing                           162817 us
[2026-04-03T02:18:00.156+0600][42.057s][info][gc,stats    ] 
[2026-04-03T02:18:00.156+0600][42.057s][info][gc,stats    ] Allocation pacing accrued:
[2026-04-03T02:18:00.156+0600][42.057s][info][gc,stats    ]      41 of   309 ms ( 13.3%): Executor task launch worker for task 1.0 in stage 878.0 (TID 1778)
[2026-04-03T02:18:00.156+0600][42.058s][info][gc,stats    ]      40 of   309 ms ( 13.0%): Executor task launch worker for task 3.0 in stage 878.0 (TID 1780)
[2026-04-03T02:18:00.156+0600][42.058s][info][gc,stats    ]      40 of   309 ms ( 13.1%): Executor task launch worker for task 0.0 in stage 878.0 (TID 1777)
[2026-04-03T02:18:00.156+0600][42.058s][info][gc,stats    ]      42 of   309 ms ( 13.5%): Executor task launch worker for task 2.0 in stage 878.0 (TID 1779)
[2026-04-03T02:18:00.156+0600][42.058s][info][gc,stats    ]     163 of   309 ms ( 52.8%): <total>
[2026-04-03T02:18:00.156+0600][42.058s][info][gc,stats    ]       1 of   309 ms (  0.2%): <average total>
[2026-04-03T02:18:00.156+0600][42.058s][info][gc,stats    ]      41 of   309 ms ( 13.2%): <average non-zero>
[2026-04-03T02:18:00.156+0600][42.058s][info][gc,stats    ] 
[2026-04-03T02:18:00.157+0600][42.058s][info][gc,metaspace] Metaspace: 130625K(131840K)->130630K(131840K) NonClass: 114153K(114816K)->114158K(114816K) Class: 16471K(17024K)->16471K(17024K)
[2026-04-03T02:18:00.157+0600][42.058s][info][gc,ergo     ] Pacer for Idle. Initial: 15360K, Alloc Tax Rate: 1.0x
[2026-04-03T02:18:00.196+0600][42.097s][info][gc          ] Trigger: Average GC time (180.11 ms) is above the time for average allocation rate (1027 MB/s) to deplete free headroom (183M) (margin of error = 1.86)
[2026-04-03T02:18:00.196+0600][42.098s][info][gc,ergo     ] Free headroom: 221M (free) - 38400K (spike) - 0B (penalties) = 183M
[2026-04-03T02:18:00.196+0600][42.098s][info][gc,ergo     ] Free: 221M, Max: 256K regular, 107M humongous, Frag: 52% external, 1% internal; Reserve: 38400K, Max: 256K
[2026-04-03T02:18:00.197+0600][42.098s][info][gc,start    ] GC(44) Concurrent reset
[2026-04-03T02:18:00.197+0600][42.098s][info][gc,task     ] GC(44) Using 3 of 6 workers for concurrent reset
[2026-04-03T02:18:00.197+0600][42.098s][info][gc,ergo     ] GC(44) Pacer for Reset. Non-Taxable: 750M
[2026-04-03T02:18:00.198+0600][42.099s][info][gc          ] GC(44) Concurrent reset 1.367ms
[2026-04-03T02:18:00.198+0600][42.100s][info][gc,start    ] GC(44) Pause Init Mark (unload classes)
[2026-04-03T02:18:00.199+0600][42.100s][info][gc,task     ] GC(44) Using 6 of 6 workers for init marking
[2026-04-03T02:18:00.199+0600][42.100s][info][gc,ergo     ] GC(44) Pacer for Mark. Expected Live: 94920K, Free: 198M, Non-Taxable: 20325K, Alloc Tax Rate: 0.6x
[2026-04-03T02:18:00.199+0600][42.100s][info][gc          ] GC(44) Pause Init Mark (unload classes) 0.178ms
[2026-04-03T02:18:00.199+0600][42.100s][info][gc,start    ] GC(44) Concurrent marking roots
[2026-04-03T02:18:00.199+0600][42.100s][info][gc,task     ] GC(44) Using 3 of 6 workers for concurrent marking roots
[2026-04-03T02:18:00.200+0600][42.102s][info][gc          ] GC(44) Concurrent marking roots 1.690ms
[2026-04-03T02:18:00.201+0600][42.102s][info][gc,start    ] GC(44) Concurrent marking (unload classes)
[2026-04-03T02:18:00.201+0600][42.102s][info][gc,task     ] GC(44) Using 3 of 6 workers for concurrent marking
[2026-04-03T02:18:00.245+0600][42.146s][info][gc          ] GC(44) Concurrent marking (unload classes) 44.438ms
[2026-04-03T02:18:00.245+0600][42.146s][info][gc,start    ] GC(44) Pause Final Mark (unload classes)
[2026-04-03T02:18:00.245+0600][42.146s][info][gc,task     ] GC(44) Using 6 of 6 workers for final marking
[2026-04-03T02:18:00.246+0600][42.147s][info][gc,ergo     ] GC(44) Adaptive CSet Selection. Target Free: 106M, Actual Free: 533M, Max CSet: 32000K, Min Garbage: 0B
[2026-04-03T02:18:00.246+0600][42.147s][info][gc,ergo     ] GC(44) Collectable Garbage: 379M (98%), Immediate: 339M (87%), CSet: 41438K (10%)
[2026-04-03T02:18:00.246+0600][42.147s][info][gc,ergo     ] GC(44) Pacer for Evacuation. Used CSet: 48508K, Free: 521M, Non-Taxable: 53420K, Alloc Tax Rate: 1.1x
[2026-04-03T02:18:00.246+0600][42.147s][info][gc          ] GC(44) Pause Final Mark (unload classes) 0.830ms
[2026-04-03T02:18:00.246+0600][42.147s][info][gc,start    ] GC(44) Concurrent thread roots
[2026-04-03T02:18:00.246+0600][42.147s][info][gc,task     ] GC(44) Using 3 of 6 workers for Concurrent thread roots
[2026-04-03T02:18:00.247+0600][42.148s][info][gc          ] GC(44) Concurrent thread roots 0.887ms
[2026-04-03T02:18:00.247+0600][42.148s][info][gc,start    ] GC(44) Concurrent weak references
[2026-04-03T02:18:00.247+0600][42.148s][info][gc,task     ] GC(44) Using 3 of 6 workers for concurrent weak references
[2026-04-03T02:18:00.247+0600][42.149s][info][gc,ref      ] GC(44) Encountered references: Soft: 3868, Weak: 14749, Final: 84, Phantom: 637
[2026-04-03T02:18:00.247+0600][42.149s][info][gc,ref      ] GC(44) Discovered  references: Soft: 0, Weak: 2967, Final: 0, Phantom: 239
[2026-04-03T02:18:00.247+0600][42.149s][info][gc,ref      ] GC(44) Enqueued    references: Soft: 0, Weak: 239, Final: 0, Phantom: 0
[2026-04-03T02:18:00.247+0600][42.149s][info][gc          ] GC(44) Concurrent weak references 0.343ms
[2026-04-03T02:18:00.247+0600][42.149s][info][gc,start    ] GC(44) Concurrent weak roots
[2026-04-03T02:18:00.248+0600][42.149s][info][gc,task     ] GC(44) Using 3 of 6 workers for concurrent weak root
[2026-04-03T02:18:00.252+0600][42.153s][info][gc          ] GC(44) Concurrent weak roots 4.008ms
[2026-04-03T02:18:00.252+0600][42.153s][info][gc,start    ] GC(44) Concurrent cleanup
[2026-04-03T02:18:00.252+0600][42.153s][info][gc          ] GC(44) Concurrent cleanup 533M->193M(658M) 0.606ms
[2026-04-03T02:18:00.252+0600][42.153s][info][gc,ergo     ] GC(44) Free: 513M, Max: 256K regular, 119M humongous, Frag: 77% external, 0% internal; Reserve: 36873K, Max: 256K
[2026-04-03T02:18:00.252+0600][42.153s][info][gc,start    ] GC(44) Concurrent class unloading
[2026-04-03T02:18:00.252+0600][42.153s][info][gc,task     ] GC(44) Using 3 of 6 workers for concurrent class unloading
[2026-04-03T02:18:00.267+0600][42.169s][info][gc          ] GC(44) Concurrent class unloading 15.131ms
[2026-04-03T02:18:00.268+0600][42.169s][info][gc,start    ] GC(44) Concurrent strong roots
[2026-04-03T02:18:00.268+0600][42.169s][info][gc,task     ] GC(44) Using 3 of 6 workers for concurrent strong root
[2026-04-03T02:18:00.269+0600][42.170s][info][gc          ] GC(44) Concurrent strong roots 1.750ms
[2026-04-03T02:18:00.269+0600][42.170s][info][gc,start    ] GC(44) Concurrent evacuation
[2026-04-03T02:18:00.269+0600][42.170s][info][gc,task     ] GC(44) Using 3 of 6 workers for concurrent evacuation
[2026-04-03T02:18:00.273+0600][42.174s][info][gc          ] GC(44) Concurrent evacuation 3.601ms
[2026-04-03T02:18:00.273+0600][42.175s][info][gc,start    ] GC(44) Pause Init Update Refs
[2026-04-03T02:18:00.274+0600][42.175s][info][gc,ergo     ] GC(44) Pacer for Update Refs. Used: 210M, Free: 503M, Non-Taxable: 51587K, Alloc Tax Rate: 1.1x
[2026-04-03T02:18:00.274+0600][42.175s][info][gc          ] GC(44) Pause Init Update Refs 0.164ms
[2026-04-03T02:18:00.274+0600][42.175s][info][gc,start    ] GC(44) Concurrent update references
[2026-04-03T02:18:00.274+0600][42.175s][info][gc,task     ] GC(44) Using 3 of 6 workers for concurrent reference update
[2026-04-03T02:18:00.318+0600][42.220s][info][gc          ] GC(44) Concurrent update references 44.695ms
[2026-04-03T02:18:00.319+0600][42.220s][info][gc,start    ] GC(44) Concurrent update thread roots
[2026-04-03T02:18:00.320+0600][42.221s][info][gc          ] GC(44) Concurrent update thread roots 1.155ms
[2026-04-03T02:18:00.320+0600][42.221s][info][gc,start    ] GC(44) Pause Final Update Refs
[2026-04-03T02:18:00.320+0600][42.221s][info][gc,task     ] GC(44) Using 6 of 6 workers for final reference update
[2026-04-03T02:18:00.320+0600][42.221s][info][gc          ] GC(44) Pause Final Update Refs 0.203ms
[2026-04-03T02:18:00.320+0600][42.221s][info][gc,start    ] GC(44) Concurrent cleanup
[2026-04-03T02:18:00.321+0600][42.222s][info][gc          ] GC(44) Concurrent cleanup 257M->210M(659M) 0.505ms
[2026-04-03T02:18:00.321+0600][42.222s][info][gc,ergo     ] Free: 494M, Max: 256K regular, 189M humongous, Frag: 62% external, 0% internal; Reserve: 38400K, Max: 256K
[2026-04-03T02:18:00.321+0600][42.222s][info][gc,stats    ] 
[2026-04-03T02:18:00.321+0600][42.222s][info][gc,stats    ] All times are wall-clock times, except per-root-class counters, that are sum over
[2026-04-03T02:18:00.321+0600][42.222s][info][gc,stats    ] all workers. Dividing the <total> over the root stage time estimates parallelism.
[2026-04-03T02:18:00.321+0600][42.222s][info][gc,stats    ] 
[2026-04-03T02:18:00.321+0600][42.222s][info][gc,stats    ] Concurrent Reset                   1454 us
[2026-04-03T02:18:00.321+0600][42.222s][info][gc,stats    ] Pause Init Mark (G)                 772 us
[2026-04-03T02:18:00.321+0600][42.222s][info][gc,stats    ] Pause Init Mark (N)                 187 us
[2026-04-03T02:18:00.321+0600][42.222s][info][gc,stats    ]   Update Region States               37 us
[2026-04-03T02:18:00.321+0600][42.222s][info][gc,stats    ] Concurrent Mark Roots              1770 us, parallelism: 1.77x
[2026-04-03T02:18:00.321+0600][42.222s][info][gc,stats    ]   CMR: <total>                     3133 us
[2026-04-03T02:18:00.321+0600][42.222s][info][gc,stats    ]   CMR: Thread Roots                2698 us, workers (us): 645, 1030, 1023, ---, ---, ---, 
[2026-04-03T02:18:00.321+0600][42.222s][info][gc,stats    ]   CMR: VM Strong Roots               73 us, workers (us):  35,  32,   7, ---, ---, ---, 
[2026-04-03T02:18:00.321+0600][42.222s][info][gc,stats    ]   CMR: CLDG Roots                   362 us, workers (us): 362, ---, ---, ---, ---, ---, 
[2026-04-03T02:18:00.321+0600][42.222s][info][gc,stats    ] Concurrent Marking                44517 us
[2026-04-03T02:18:00.321+0600][42.222s][info][gc,stats    ] Pause Final Mark (G)               1169 us
[2026-04-03T02:18:00.321+0600][42.222s][info][gc,stats    ] Pause Final Mark (N)                845 us
[2026-04-03T02:18:00.321+0600][42.222s][info][gc,stats    ]   Finish Mark                       320 us
[2026-04-03T02:18:00.321+0600][42.222s][info][gc,stats    ]   Update Region States               42 us
[2026-04-03T02:18:00.321+0600][42.222s][info][gc,stats    ]   Choose Collection Set             256 us
[2026-04-03T02:18:00.321+0600][42.222s][info][gc,stats    ]   Rebuild Free Set                   42 us
[2026-04-03T02:18:00.321+0600][42.222s][info][gc,stats    ] Concurrent Thread Roots             911 us, parallelism: 2.39x
[2026-04-03T02:18:00.321+0600][42.222s][info][gc,stats    ]   CTR: <total>                     2176 us
[2026-04-03T02:18:00.321+0600][42.222s][info][gc,stats    ]   CTR: Thread Roots                2176 us, workers (us): 737, 724, 715, ---, ---, ---, 
[2026-04-03T02:18:00.321+0600][42.222s][info][gc,stats    ] Concurrent Weak References          357 us, parallelism: 0.87x
[2026-04-03T02:18:00.321+0600][42.222s][info][gc,stats    ]   CWRF: <total>                     312 us
[2026-04-03T02:18:00.321+0600][42.222s][info][gc,stats    ]   CWRF: Weak References             312 us, workers (us): 163,  77,  72, ---, ---, ---, 
[2026-04-03T02:18:00.321+0600][42.222s][info][gc,stats    ] Concurrent Weak Roots              4094 us
[2026-04-03T02:18:00.321+0600][42.222s][info][gc,stats    ]   Roots                            3688 us, parallelism: 2.66x
[2026-04-03T02:18:00.321+0600][42.222s][info][gc,stats    ]     CWR: <total>                   9828 us
[2026-04-03T02:18:00.321+0600][42.222s][info][gc,stats    ]     CWR: Code Cache Roots          7742 us, workers (us): 2623, 2437, 2683, ---, ---, ---, 
[2026-04-03T02:18:00.321+0600][42.222s][info][gc,stats    ]     CWR: VM Weak Roots             1992 us, workers (us): 697, 649, 647, ---, ---, ---, 
[2026-04-03T02:18:00.321+0600][42.222s][info][gc,stats    ]     CWR: CLDG Roots                  93 us, workers (us): ---,  93, ---, ---, ---, ---, 
[2026-04-03T02:18:00.321+0600][42.222s][info][gc,stats    ]   Rendezvous                        292 us
[2026-04-03T02:18:00.321+0600][42.222s][info][gc,stats    ] Concurrent Cleanup                  640 us
[2026-04-03T02:18:00.321+0600][42.222s][info][gc,stats    ] Concurrent Class Unloading        15266 us
[2026-04-03T02:18:00.321+0600][42.222s][info][gc,stats    ]   Unlink Stale                    14139 us
[2026-04-03T02:18:00.321+0600][42.222s][info][gc,stats    ]     System Dictionary               298 us
[2026-04-03T02:18:00.321+0600][42.222s][info][gc,stats    ]     Weak Class Links                  1 us
[2026-04-03T02:18:00.321+0600][42.222s][info][gc,stats    ]     Code Roots                    13837 us
[2026-04-03T02:18:00.321+0600][42.222s][info][gc,stats    ]   Rendezvous                        447 us
[2026-04-03T02:18:00.321+0600][42.222s][info][gc,stats    ]   Purge Unlinked                    508 us
[2026-04-03T02:18:00.321+0600][42.222s][info][gc,stats    ]     Code Roots                      483 us
[2026-04-03T02:18:00.321+0600][42.222s][info][gc,stats    ]     CLDG                             24 us
[2026-04-03T02:18:00.321+0600][42.222s][info][gc,stats    ]     Exception Caches                  0 us
[2026-04-03T02:18:00.321+0600][42.222s][info][gc,stats    ] Concurrent Strong Roots            1814 us, parallelism: 0.68x
[2026-04-03T02:18:00.321+0600][42.222s][info][gc,stats    ]   CSR: <total>                     1235 us
[2026-04-03T02:18:00.321+0600][42.222s][info][gc,stats    ]   CSR: VM Strong Roots               49 us, workers (us):  48,   0,   0, ---, ---, ---, 
[2026-04-03T02:18:00.321+0600][42.222s][info][gc,stats    ]   CSR: CLDG Roots                  1186 us, workers (us): 1186, ---, ---, ---, ---, ---, 
[2026-04-03T02:18:00.321+0600][42.222s][info][gc,stats    ] Concurrent Evacuation              3726 us
[2026-04-03T02:18:00.321+0600][42.222s][info][gc,stats    ] Pause Init Update Refs (G)          691 us
[2026-04-03T02:18:00.321+0600][42.222s][info][gc,stats    ] Pause Init Update Refs (N)          178 us
[2026-04-03T02:18:00.321+0600][42.222s][info][gc,stats    ]   Manage GCLABs                      43 us
[2026-04-03T02:18:00.321+0600][42.222s][info][gc,stats    ] Concurrent Update Refs            44771 us
[2026-04-03T02:18:00.321+0600][42.222s][info][gc,stats    ] Concurrent Update Thread Roots     1208 us
[2026-04-03T02:18:00.321+0600][42.223s][info][gc,stats    ] Pause Final Update Refs (G)         378 us
[2026-04-03T02:18:00.321+0600][42.223s][info][gc,stats    ] Pause Final Update Refs (N)         218 us
[2026-04-03T02:18:00.321+0600][42.223s][info][gc,stats    ]   Update Region States               46 us
[2026-04-03T02:18:00.321+0600][42.223s][info][gc,stats    ]   Trash Collection Set               11 us
[2026-04-03T02:18:00.321+0600][42.223s][info][gc,stats    ]   Rebuild Free Set                   37 us
[2026-04-03T02:18:00.321+0600][42.223s][info][gc,stats    ] Concurrent Cleanup                  554 us
[2026-04-03T02:18:00.321+0600][42.223s][info][gc,stats    ] Pacing                            94824 us
[2026-04-03T02:18:00.321+0600][42.223s][info][gc,stats    ] 
[2026-04-03T02:18:00.321+0600][42.223s][info][gc,stats    ] Allocation pacing accrued:
[2026-04-03T02:18:00.321+0600][42.223s][info][gc,stats    ]      11 of   165 ms (  6.8%): Spark Context Cleaner
[2026-04-03T02:18:00.322+0600][42.223s][info][gc,stats    ]      41 of   165 ms ( 25.0%): Executor task launch worker for task 0.0 in stage 883.0 (TID 1789)
[2026-04-03T02:18:00.322+0600][42.223s][info][gc,stats    ]      42 of   165 ms ( 25.7%): Executor task launch worker for task 1.0 in stage 883.0 (TID 1790)
[2026-04-03T02:18:00.322+0600][42.223s][info][gc,stats    ]      95 of   165 ms ( 57.4%): <total>
[2026-04-03T02:18:00.322+0600][42.223s][info][gc,stats    ]       0 of   165 ms (  0.2%): <average total>
[2026-04-03T02:18:00.322+0600][42.223s][info][gc,stats    ]      32 of   165 ms ( 19.1%): <average non-zero>
[2026-04-03T02:18:00.322+0600][42.223s][info][gc,stats    ] 
[2026-04-03T02:18:00.322+0600][42.223s][info][gc,metaspace] Metaspace: 130631K(131840K)->130636K(131840K) NonClass: 114160K(114816K)->114164K(114816K) Class: 16471K(17024K)->16471K(17024K)
[2026-04-03T02:18:00.322+0600][42.223s][info][gc,ergo     ] Pacer for Idle. Initial: 15360K, Alloc Tax Rate: 1.0x
[2026-04-03T02:18:00.826+0600][42.727s][info][gc          ] Trigger: Average GC time (166.68 ms) is above the time for average allocation rate (814 MB/s) to deplete free headroom (104M) (margin of error = 1.86)
[2026-04-03T02:18:00.826+0600][42.727s][info][gc,ergo     ] Free headroom: 141M (free) - 38400K (spike) - 0B (penalties) = 104M
[2026-04-03T02:18:00.826+0600][42.727s][info][gc,ergo     ] Free: 141M, Max: 256K regular, 82688K humongous, Frag: 43% external, 1% internal; Reserve: 38400K, Max: 256K
[2026-04-03T02:18:00.826+0600][42.727s][info][gc,start    ] GC(45) Concurrent reset
[2026-04-03T02:18:00.826+0600][42.727s][info][gc,task     ] GC(45) Using 3 of 6 workers for concurrent reset
[2026-04-03T02:18:00.826+0600][42.727s][info][gc,ergo     ] GC(45) Pacer for Reset. Non-Taxable: 750M
[2026-04-03T02:18:00.827+0600][42.728s][info][gc          ] GC(45) Concurrent reset 0.969ms
[2026-04-03T02:18:00.828+0600][42.729s][info][gc,start    ] GC(45) Pause Init Mark (unload classes)
[2026-04-03T02:18:00.828+0600][42.729s][info][gc,task     ] GC(45) Using 6 of 6 workers for init marking
[2026-04-03T02:18:00.828+0600][42.729s][info][gc,ergo     ] GC(45) Pacer for Mark. Expected Live: 96829K, Free: 140M, Non-Taxable: 14373K, Alloc Tax Rate: 0.8x
[2026-04-03T02:18:00.828+0600][42.729s][info][gc          ] GC(45) Pause Init Mark (unload classes) 0.124ms
[2026-04-03T02:18:00.828+0600][42.729s][info][gc,start    ] GC(45) Concurrent marking roots
[2026-04-03T02:18:00.828+0600][42.729s][info][gc,task     ] GC(45) Using 3 of 6 workers for concurrent marking roots
[2026-04-03T02:18:00.830+0600][42.731s][info][gc          ] GC(45) Concurrent marking roots 2.064ms
[2026-04-03T02:18:00.830+0600][42.731s][info][gc,start    ] GC(45) Concurrent marking (unload classes)
[2026-04-03T02:18:00.830+0600][42.731s][info][gc,task     ] GC(45) Using 3 of 6 workers for concurrent marking
[2026-04-03T02:18:00.885+0600][42.786s][info][gc          ] GC(45) Concurrent marking (unload classes) 54.609ms
[2026-04-03T02:18:00.885+0600][42.786s][info][gc,start    ] GC(45) Pause Final Mark (unload classes)
[2026-04-03T02:18:00.885+0600][42.786s][info][gc,task     ] GC(45) Using 6 of 6 workers for final marking
[2026-04-03T02:18:00.885+0600][42.786s][info][gc,ergo     ] GC(45) Adaptive CSet Selection. Target Free: 106M, Actual Free: 502M, Max CSet: 32000K, Min Garbage: 0B
[2026-04-03T02:18:00.885+0600][42.786s][info][gc,ergo     ] GC(45) Collectable Garbage: 443M (98%), Immediate: 350M (77%), CSet: 95419K (20%)
[2026-04-03T02:18:00.885+0600][42.787s][info][gc,ergo     ] GC(45) Pacer for Evacuation. Used CSet: 100064K, Free: 496M, Non-Taxable: 50872K, Alloc Tax Rate: 1.1x
[2026-04-03T02:18:00.885+0600][42.787s][info][gc          ] GC(45) Pause Final Mark (unload classes) 0.691ms
[2026-04-03T02:18:00.886+0600][42.787s][info][gc,start    ] GC(45) Concurrent thread roots
[2026-04-03T02:18:00.886+0600][42.787s][info][gc,task     ] GC(45) Using 3 of 6 workers for Concurrent thread roots
[2026-04-03T02:18:00.886+0600][42.788s][info][gc          ] GC(45) Concurrent thread roots 0.914ms
[2026-04-03T02:18:00.886+0600][42.788s][info][gc,start    ] GC(45) Concurrent weak references
[2026-04-03T02:18:00.887+0600][42.788s][info][gc,task     ] GC(45) Using 3 of 6 workers for concurrent weak references
[2026-04-03T02:18:00.887+0600][42.788s][info][gc,ref      ] GC(45) Encountered references: Soft: 3872, Weak: 15102, Final: 84, Phantom: 621
[2026-04-03T02:18:00.887+0600][42.788s][info][gc,ref      ] GC(45) Discovered  references: Soft: 0, Weak: 8313, Final: 0, Phantom: 616
[2026-04-03T02:18:00.887+0600][42.788s][info][gc,ref      ] GC(45) Enqueued    references: Soft: 0, Weak: 399, Final: 0, Phantom: 0
[2026-04-03T02:18:00.887+0600][42.788s][info][gc          ] GC(45) Concurrent weak references 0.841ms
[2026-04-03T02:18:00.887+0600][42.788s][info][gc,start    ] GC(45) Concurrent weak roots
[2026-04-03T02:18:00.887+0600][42.788s][info][gc,task     ] GC(45) Using 3 of 6 workers for concurrent weak root
[2026-04-03T02:18:00.892+0600][42.793s][info][gc          ] GC(45) Concurrent weak roots 4.857ms
[2026-04-03T02:18:00.892+0600][42.793s][info][gc,start    ] GC(45) Concurrent cleanup
[2026-04-03T02:18:00.893+0600][42.794s][info][gc          ] GC(45) Concurrent cleanup 564M->214M(659M) 0.626ms
[2026-04-03T02:18:00.893+0600][42.794s][info][gc,ergo     ] GC(45) Free: 494M, Max: 256K regular, 52992K humongous, Frag: 90% external, 0% internal; Reserve: 38007K, Max: 256K
[2026-04-03T02:18:00.893+0600][42.794s][info][gc,start    ] GC(45) Concurrent class unloading
[2026-04-03T02:18:00.893+0600][42.794s][info][gc,task     ] GC(45) Using 3 of 6 workers for concurrent class unloading
[2026-04-03T02:18:00.910+0600][42.811s][info][gc          ] GC(45) Concurrent class unloading 17.085ms
[2026-04-03T02:18:00.910+0600][42.811s][info][gc,start    ] GC(45) Concurrent strong roots
[2026-04-03T02:18:00.910+0600][42.811s][info][gc,task     ] GC(45) Using 3 of 6 workers for concurrent strong root
[2026-04-03T02:18:00.912+0600][42.813s][info][gc          ] GC(45) Concurrent strong roots 1.291ms
[2026-04-03T02:18:00.912+0600][42.813s][info][gc,start    ] GC(45) Concurrent evacuation
[2026-04-03T02:18:00.912+0600][42.813s][info][gc,task     ] GC(45) Using 3 of 6 workers for concurrent evacuation
[2026-04-03T02:18:00.914+0600][42.815s][info][gc          ] GC(45) Concurrent evacuation 2.598ms
[2026-04-03T02:18:00.915+0600][42.816s][info][gc,start    ] GC(45) Pause Init Update Refs
[2026-04-03T02:18:00.915+0600][42.816s][info][gc,ergo     ] GC(45) Pacer for Update Refs. Used: 230M, Free: 482M, Non-Taxable: 49456K, Alloc Tax Rate: 1.1x
[2026-04-03T02:18:00.915+0600][42.816s][info][gc          ] GC(45) Pause Init Update Refs 0.167ms
[2026-04-03T02:18:00.915+0600][42.816s][info][gc,start    ] GC(45) Concurrent update references
[2026-04-03T02:18:00.915+0600][42.816s][info][gc,task     ] GC(45) Using 3 of 6 workers for concurrent reference update
[2026-04-03T02:18:00.961+0600][42.862s][info][gc          ] GC(45) Concurrent update references 46.104ms
[2026-04-03T02:18:00.961+0600][42.862s][info][gc,start    ] GC(45) Concurrent update thread roots
[2026-04-03T02:18:00.963+0600][42.864s][info][gc          ] GC(45) Concurrent update thread roots 1.865ms
[2026-04-03T02:18:00.963+0600][42.864s][info][gc,start    ] GC(45) Pause Final Update Refs
[2026-04-03T02:18:00.963+0600][42.865s][info][gc,task     ] GC(45) Using 6 of 6 workers for final reference update
[2026-04-03T02:18:00.964+0600][42.865s][info][gc          ] GC(45) Pause Final Update Refs 0.260ms
[2026-04-03T02:18:00.964+0600][42.865s][info][gc,start    ] GC(45) Concurrent cleanup
[2026-04-03T02:18:00.965+0600][42.866s][info][gc          ] GC(45) Concurrent cleanup 271M->174M(659M) 0.755ms
[2026-04-03T02:18:00.965+0600][42.866s][info][gc,ergo     ] Free: 531M, Max: 256K regular, 288M humongous, Frag: 46% external, 0% internal; Reserve: 38400K, Max: 256K
[2026-04-03T02:18:00.965+0600][42.866s][info][gc,stats    ] 
[2026-04-03T02:18:00.965+0600][42.866s][info][gc,stats    ] All times are wall-clock times, except per-root-class counters, that are sum over
[2026-04-03T02:18:00.965+0600][42.866s][info][gc,stats    ] all workers. Dividing the <total> over the root stage time estimates parallelism.
[2026-04-03T02:18:00.965+0600][42.866s][info][gc,stats    ] 
[2026-04-03T02:18:00.965+0600][42.866s][info][gc,stats    ] Concurrent Reset                   1053 us
[2026-04-03T02:18:00.965+0600][42.866s][info][gc,stats    ] Pause Init Mark (G)                 714 us
[2026-04-03T02:18:00.965+0600][42.866s][info][gc,stats    ] Pause Init Mark (N)                 133 us
[2026-04-03T02:18:00.965+0600][42.866s][info][gc,stats    ]   Update Region States               27 us
[2026-04-03T02:18:00.965+0600][42.866s][info][gc,stats    ] Concurrent Mark Roots              2150 us, parallelism: 2.05x
[2026-04-03T02:18:00.965+0600][42.866s][info][gc,stats    ]   CMR: <total>                     4413 us
[2026-04-03T02:18:00.965+0600][42.866s][info][gc,stats    ]   CMR: Thread Roots                4154 us, workers (us): 1148, 1676, 1330, ---, ---, ---, 
[2026-04-03T02:18:00.965+0600][42.866s][info][gc,stats    ]   CMR: VM Strong Roots               58 us, workers (us):  34,  23,   1, ---, ---, ---, 
[2026-04-03T02:18:00.965+0600][42.866s][info][gc,stats    ]   CMR: CLDG Roots                   201 us, workers (us): 201, ---, ---, ---, ---, ---, 
[2026-04-03T02:18:00.965+0600][42.866s][info][gc,stats    ] Concurrent Marking                54707 us
[2026-04-03T02:18:00.965+0600][42.866s][info][gc,stats    ] Pause Final Mark (G)                911 us
[2026-04-03T02:18:00.965+0600][42.866s][info][gc,stats    ] Pause Final Mark (N)                704 us
[2026-04-03T02:18:00.965+0600][42.866s][info][gc,stats    ]   Finish Mark                       249 us
[2026-04-03T02:18:00.965+0600][42.866s][info][gc,stats    ]   Update Region States               43 us
[2026-04-03T02:18:00.965+0600][42.866s][info][gc,stats    ]   Choose Collection Set             252 us
[2026-04-03T02:18:00.965+0600][42.866s][info][gc,stats    ]   Rebuild Free Set                   40 us
[2026-04-03T02:18:00.965+0600][42.866s][info][gc,stats    ] Concurrent Thread Roots             951 us, parallelism: 2.29x
[2026-04-03T02:18:00.965+0600][42.866s][info][gc,stats    ]   CTR: <total>                     2179 us
[2026-04-03T02:18:00.965+0600][42.866s][info][gc,stats    ]   CTR: Thread Roots                2179 us, workers (us): 771, 771, 637, ---, ---, ---, 
[2026-04-03T02:18:00.965+0600][42.866s][info][gc,stats    ] Concurrent Weak References          851 us, parallelism: 1.02x
[2026-04-03T02:18:00.965+0600][42.866s][info][gc,stats    ]   CWRF: <total>                     869 us
[2026-04-03T02:18:00.965+0600][42.866s][info][gc,stats    ]   CWRF: Weak References             869 us, workers (us): 191, 518, 160, ---, ---, ---, 
[2026-04-03T02:18:00.965+0600][42.866s][info][gc,stats    ] Concurrent Weak Roots              4948 us
[2026-04-03T02:18:00.965+0600][42.866s][info][gc,stats    ]   Roots                            4458 us, parallelism: 2.72x
[2026-04-03T02:18:00.965+0600][42.866s][info][gc,stats    ]     CWR: <total>                  12111 us
[2026-04-03T02:18:00.965+0600][42.866s][info][gc,stats    ]     CWR: Code Cache Roots         10027 us, workers (us): 3423, 3443, 3161, ---, ---, ---, 
[2026-04-03T02:18:00.965+0600][42.866s][info][gc,stats    ]     CWR: VM Weak Roots             1995 us, workers (us): 706, 704, 585, ---, ---, ---, 
[2026-04-03T02:18:00.965+0600][42.866s][info][gc,stats    ]     CWR: CLDG Roots                  90 us, workers (us): ---, ---,  90, ---, ---, ---, 
[2026-04-03T02:18:00.965+0600][42.866s][info][gc,stats    ]   Rendezvous                        361 us
[2026-04-03T02:18:00.965+0600][42.866s][info][gc,stats    ] Concurrent Cleanup                  655 us
[2026-04-03T02:18:00.965+0600][42.866s][info][gc,stats    ] Concurrent Class Unloading        17213 us
[2026-04-03T02:18:00.965+0600][42.866s][info][gc,stats    ]   Unlink Stale                    14004 us
[2026-04-03T02:18:00.965+0600][42.866s][info][gc,stats    ]     System Dictionary               333 us
[2026-04-03T02:18:00.965+0600][42.866s][info][gc,stats    ]     Weak Class Links                  0 us
[2026-04-03T02:18:00.965+0600][42.866s][info][gc,stats    ]     Code Roots                    13668 us
[2026-04-03T02:18:00.965+0600][42.866s][info][gc,stats    ]   Rendezvous                        480 us
[2026-04-03T02:18:00.965+0600][42.866s][info][gc,stats    ]   Purge Unlinked                   2537 us
[2026-04-03T02:18:00.965+0600][42.866s][info][gc,stats    ]     Code Roots                     2515 us
[2026-04-03T02:18:00.965+0600][42.866s][info][gc,stats    ]     CLDG                             20 us
[2026-04-03T02:18:00.965+0600][42.866s][info][gc,stats    ]     Exception Caches                  0 us
[2026-04-03T02:18:00.965+0600][42.866s][info][gc,stats    ] Concurrent Strong Roots            1351 us, parallelism: 0.67x
[2026-04-03T02:18:00.965+0600][42.866s][info][gc,stats    ]   CSR: <total>                      908 us
[2026-04-03T02:18:00.965+0600][42.866s][info][gc,stats    ]   CSR: VM Strong Roots               65 us, workers (us):  40,  14,  11, ---, ---, ---, 
[2026-04-03T02:18:00.965+0600][42.867s][info][gc,stats    ]   CSR: CLDG Roots                   843 us, workers (us): ---, 843, ---, ---, ---, ---, 
[2026-04-03T02:18:00.965+0600][42.867s][info][gc,stats    ] Concurrent Evacuation              2731 us
[2026-04-03T02:18:00.965+0600][42.867s][info][gc,stats    ] Pause Init Update Refs (G)          630 us
[2026-04-03T02:18:00.965+0600][42.867s][info][gc,stats    ] Pause Init Update Refs (N)          182 us
[2026-04-03T02:18:00.965+0600][42.867s][info][gc,stats    ]   Manage GCLABs                      40 us
[2026-04-03T02:18:00.965+0600][42.867s][info][gc,stats    ] Concurrent Update Refs            46219 us
[2026-04-03T02:18:00.965+0600][42.867s][info][gc,stats    ] Concurrent Update Thread Roots     1942 us
[2026-04-03T02:18:00.965+0600][42.867s][info][gc,stats    ] Pause Final Update Refs (G)         678 us
[2026-04-03T02:18:00.965+0600][42.867s][info][gc,stats    ] Pause Final Update Refs (N)         278 us
[2026-04-03T02:18:00.966+0600][42.867s][info][gc,stats    ]   Update Region States               58 us
[2026-04-03T02:18:00.966+0600][42.867s][info][gc,stats    ]   Trash Collection Set               19 us
[2026-04-03T02:18:00.966+0600][42.867s][info][gc,stats    ]   Rebuild Free Set                   58 us
[2026-04-03T02:18:00.966+0600][42.867s][info][gc,stats    ] Concurrent Cleanup                  798 us
[2026-04-03T02:18:00.966+0600][42.867s][info][gc,stats    ] Pacing                           205110 us
[2026-04-03T02:18:00.966+0600][42.867s][info][gc,stats    ] 
[2026-04-03T02:18:00.966+0600][42.867s][info][gc,stats    ] Allocation pacing accrued:
[2026-04-03T02:18:00.966+0600][42.867s][info][gc,stats    ]      11 of   644 ms (  1.7%): dispatcher-event-loop-0
[2026-04-03T02:18:00.966+0600][42.867s][info][gc,stats    ]      21 of   644 ms (  3.3%): dispatcher-event-loop-5
[2026-04-03T02:18:00.966+0600][42.867s][info][gc,stats    ]      10 of   644 ms (  1.6%): dispatcher-event-loop-7
[2026-04-03T02:18:00.966+0600][42.867s][info][gc,stats    ]      22 of   644 ms (  3.5%): Executor task launch worker for task 1.0 in stage 907.0 (TID 1854)
[2026-04-03T02:18:00.966+0600][42.867s][info][gc,stats    ]      11 of   644 ms (  1.7%): Executor task launch worker for task 6.0 in stage 907.0 (TID 1859)
[2026-04-03T02:18:00.966+0600][42.867s][info][gc,stats    ]      11 of   644 ms (  1.8%): Executor task launch worker for task 4.0 in stage 907.0 (TID 1857)
[2026-04-03T02:18:00.966+0600][42.867s][info][gc,stats    ]      32 of   644 ms (  5.0%): Executor task launch worker for task 2.0 in stage 907.0 (TID 1855)
[2026-04-03T02:18:00.966+0600][42.867s][info][gc,stats    ]      10 of   644 ms (  1.6%): task-result-getter-0
[2026-04-03T02:18:00.966+0600][42.867s][info][gc,stats    ]      21 of   644 ms (  3.3%): task-result-getter-1
[2026-04-03T02:18:00.966+0600][42.867s][info][gc,stats    ]      33 of   644 ms (  5.1%): task-result-getter-2
[2026-04-03T02:18:00.966+0600][42.867s][info][gc,stats    ]      21 of   644 ms (  3.3%): task-result-getter-3
[2026-04-03T02:18:00.966+0600][42.867s][info][gc,stats    ]     205 of   644 ms ( 31.8%): <total>
[2026-04-03T02:18:00.966+0600][42.867s][info][gc,stats    ]       1 of   644 ms (  0.1%): <average total>
[2026-04-03T02:18:00.966+0600][42.867s][info][gc,stats    ]      19 of   644 ms (  2.9%): <average non-zero>
[2026-04-03T02:18:00.966+0600][42.867s][info][gc,stats    ] 
[2026-04-03T02:18:00.966+0600][42.867s][info][gc,metaspace] Metaspace: 130643K(131840K)->130645K(131840K) NonClass: 114172K(114816K)->114173K(114816K) Class: 16471K(17024K)->16471K(17024K)
[2026-04-03T02:18:00.966+0600][42.867s][info][gc,ergo     ] Pacer for Idle. Initial: 15360K, Alloc Tax Rate: 1.0x
[2026-04-03T02:18:01.251+0600][43.152s][info][gc          ] Trigger: Average GC time (159.32 ms) is above the time for average allocation rate (1067 MB/s) to deplete free headroom (168M) (margin of error = 1.85)
[2026-04-03T02:18:01.251+0600][43.152s][info][gc,ergo     ] Free headroom: 206M (free) - 38400K (spike) - 0B (penalties) = 168M
[2026-04-03T02:18:01.251+0600][43.152s][info][gc,ergo     ] Free: 206M, Max: 256K regular, 95232K humongous, Frag: 55% external, 0% internal; Reserve: 38400K, Max: 256K
[2026-04-03T02:18:01.251+0600][43.152s][info][gc,start    ] GC(46) Concurrent reset
[2026-04-03T02:18:01.251+0600][43.152s][info][gc,task     ] GC(46) Using 3 of 6 workers for concurrent reset
[2026-04-03T02:18:01.251+0600][43.152s][info][gc,ergo     ] GC(46) Pacer for Reset. Non-Taxable: 750M
[2026-04-03T02:18:01.252+0600][43.153s][info][gc          ] GC(46) Concurrent reset 0.976ms
[2026-04-03T02:18:01.253+0600][43.154s][info][gc,start    ] GC(46) Pause Init Mark (unload classes)
[2026-04-03T02:18:01.253+0600][43.154s][info][gc,task     ] GC(46) Using 6 of 6 workers for init marking
[2026-04-03T02:18:01.253+0600][43.154s][info][gc,ergo     ] GC(46) Pacer for Mark. Expected Live: 96755K, Free: 204M, Non-Taxable: 20965K, Alloc Tax Rate: 0.6x
[2026-04-03T02:18:01.253+0600][43.154s][info][gc          ] GC(46) Pause Init Mark (unload classes) 0.161ms
[2026-04-03T02:18:01.253+0600][43.154s][info][gc,start    ] GC(46) Concurrent marking roots
[2026-04-03T02:18:01.253+0600][43.154s][info][gc,task     ] GC(46) Using 3 of 6 workers for concurrent marking roots
[2026-04-03T02:18:01.256+0600][43.157s][info][gc          ] GC(46) Concurrent marking roots 3.271ms
[2026-04-03T02:18:01.256+0600][43.157s][info][gc,start    ] GC(46) Concurrent marking (unload classes)
[2026-04-03T02:18:01.256+0600][43.157s][info][gc,task     ] GC(46) Using 3 of 6 workers for concurrent marking
[2026-04-03T02:18:01.316+0600][43.217s][info][gc          ] GC(46) Concurrent marking (unload classes) 60.054ms
[2026-04-03T02:18:01.316+0600][43.218s][info][gc,start    ] GC(46) Pause Final Mark (unload classes)
[2026-04-03T02:18:01.316+0600][43.218s][info][gc,task     ] GC(46) Using 6 of 6 workers for final marking
[2026-04-03T02:18:01.317+0600][43.218s][info][gc,ergo     ] GC(46) Adaptive CSet Selection. Target Free: 106M, Actual Free: 538M, Max CSet: 32000K, Min Garbage: 0B
[2026-04-03T02:18:01.317+0600][43.218s][info][gc,ergo     ] GC(46) Collectable Garbage: 385M (98%), Immediate: 332M (84%), CSet: 54616K (13%)
[2026-04-03T02:18:01.317+0600][43.218s][info][gc,ergo     ] GC(46) Pacer for Evacuation. Used CSet: 58523K, Free: 525M, Non-Taxable: 53803K, Alloc Tax Rate: 1.1x
[2026-04-03T02:18:01.317+0600][43.218s][info][gc          ] GC(46) Pause Final Mark (unload classes) 0.610ms
[2026-04-03T02:18:01.317+0600][43.218s][info][gc,start    ] GC(46) Concurrent thread roots
[2026-04-03T02:18:01.317+0600][43.218s][info][gc,task     ] GC(46) Using 3 of 6 workers for Concurrent thread roots
[2026-04-03T02:18:01.319+0600][43.220s][info][gc          ] GC(46) Concurrent thread roots 1.633ms
[2026-04-03T02:18:01.319+0600][43.220s][info][gc,start    ] GC(46) Concurrent weak references
[2026-04-03T02:18:01.319+0600][43.220s][info][gc,task     ] GC(46) Using 3 of 6 workers for concurrent weak references
[2026-04-03T02:18:01.320+0600][43.221s][info][gc,ref      ] GC(46) Encountered references: Soft: 3872, Weak: 15427, Final: 84, Phantom: 621
[2026-04-03T02:18:01.320+0600][43.221s][info][gc,ref      ] GC(46) Discovered  references: Soft: 0, Weak: 8526, Final: 0, Phantom: 604
[2026-04-03T02:18:01.320+0600][43.221s][info][gc,ref      ] GC(46) Enqueued    references: Soft: 0, Weak: 30, Final: 0, Phantom: 0
[2026-04-03T02:18:01.320+0600][43.221s][info][gc          ] GC(46) Concurrent weak references 1.366ms
[2026-04-03T02:18:01.320+0600][43.221s][info][gc,start    ] GC(46) Concurrent weak roots
[2026-04-03T02:18:01.320+0600][43.221s][info][gc,task     ] GC(46) Using 3 of 6 workers for concurrent weak root
[2026-04-03T02:18:01.326+0600][43.227s][info][gc          ] GC(46) Concurrent weak roots 5.911ms
[2026-04-03T02:18:01.326+0600][43.227s][info][gc,start    ] GC(46) Concurrent cleanup
[2026-04-03T02:18:01.327+0600][43.228s][info][gc          ] GC(46) Concurrent cleanup 521M->189M(659M) 0.817ms
[2026-04-03T02:18:01.327+0600][43.228s][info][gc,ergo     ] GC(46) Free: 518M, Max: 256K regular, 52992K humongous, Frag: 91% external, 0% internal; Reserve: 38021K, Max: 256K
[2026-04-03T02:18:01.327+0600][43.228s][info][gc,start    ] GC(46) Concurrent class unloading
[2026-04-03T02:18:01.327+0600][43.228s][info][gc,task     ] GC(46) Using 3 of 6 workers for concurrent class unloading
[2026-04-03T02:18:01.350+0600][43.251s][info][gc          ] GC(46) Concurrent class unloading 22.778ms
[2026-04-03T02:18:01.350+0600][43.251s][info][gc,start    ] GC(46) Concurrent strong roots
[2026-04-03T02:18:01.350+0600][43.251s][info][gc,task     ] GC(46) Using 3 of 6 workers for concurrent strong root
[2026-04-03T02:18:01.351+0600][43.253s][info][gc          ] GC(46) Concurrent strong roots 1.270ms
[2026-04-03T02:18:01.352+0600][43.253s][info][gc,start    ] GC(46) Concurrent evacuation
[2026-04-03T02:18:01.352+0600][43.253s][info][gc,task     ] GC(46) Using 3 of 6 workers for concurrent evacuation
[2026-04-03T02:18:01.354+0600][43.255s][info][gc          ] GC(46) Concurrent evacuation 2.747ms
[2026-04-03T02:18:01.355+0600][43.256s][info][gc,start    ] GC(46) Pause Init Update Refs
[2026-04-03T02:18:01.355+0600][43.256s][info][gc,ergo     ] GC(46) Pacer for Update Refs. Used: 218M, Free: 492M, Non-Taxable: 50455K, Alloc Tax Rate: 1.1x
[2026-04-03T02:18:01.355+0600][43.256s][info][gc          ] GC(46) Pause Init Update Refs 0.220ms
[2026-04-03T02:18:01.355+0600][43.256s][info][gc,start    ] GC(46) Concurrent update references
[2026-04-03T02:18:01.355+0600][43.256s][info][gc,task     ] GC(46) Using 3 of 6 workers for concurrent reference update
[2026-04-03T02:18:01.401+0600][43.302s][info][gc          ] GC(46) Concurrent update references 45.869ms
[2026-04-03T02:18:01.401+0600][43.302s][info][gc,start    ] GC(46) Concurrent update thread roots
[2026-04-03T02:18:01.403+0600][43.304s][info][gc          ] GC(46) Concurrent update thread roots 1.870ms
[2026-04-03T02:18:01.403+0600][43.304s][info][gc,start    ] GC(46) Pause Final Update Refs
[2026-04-03T02:18:01.403+0600][43.304s][info][gc,task     ] GC(46) Using 6 of 6 workers for final reference update
[2026-04-03T02:18:01.403+0600][43.304s][info][gc          ] GC(46) Pause Final Update Refs 0.214ms
[2026-04-03T02:18:01.403+0600][43.305s][info][gc,start    ] GC(46) Concurrent cleanup
[2026-04-03T02:18:01.404+0600][43.305s][info][gc          ] GC(46) Concurrent cleanup 246M->190M(659M) 0.729ms
[2026-04-03T02:18:01.404+0600][43.305s][info][gc,ergo     ] Free: 515M, Max: 256K regular, 197M humongous, Frag: 62% external, 0% internal; Reserve: 38400K, Max: 256K
[2026-04-03T02:18:01.404+0600][43.305s][info][gc,stats    ] 
[2026-04-03T02:18:01.404+0600][43.305s][info][gc,stats    ] All times are wall-clock times, except per-root-class counters, that are sum over
[2026-04-03T02:18:01.404+0600][43.305s][info][gc,stats    ] all workers. Dividing the <total> over the root stage time estimates parallelism.
[2026-04-03T02:18:01.404+0600][43.305s][info][gc,stats    ] 
[2026-04-03T02:18:01.404+0600][43.305s][info][gc,stats    ] Concurrent Reset                   1066 us
[2026-04-03T02:18:01.404+0600][43.305s][info][gc,stats    ] Pause Init Mark (G)                 415 us
[2026-04-03T02:18:01.404+0600][43.305s][info][gc,stats    ] Pause Init Mark (N)                 170 us
[2026-04-03T02:18:01.404+0600][43.305s][info][gc,stats    ]   Update Region States               53 us
[2026-04-03T02:18:01.404+0600][43.305s][info][gc,stats    ] Concurrent Mark Roots              3340 us, parallelism: 2.04x
[2026-04-03T02:18:01.404+0600][43.305s][info][gc,stats    ]   CMR: <total>                     6826 us
[2026-04-03T02:18:01.404+0600][43.306s][info][gc,stats    ]   CMR: Thread Roots                6384 us, workers (us): 1532, 2844, 2007, ---, ---, ---, 
[2026-04-03T02:18:01.404+0600][43.306s][info][gc,stats    ]   CMR: VM Strong Roots               63 us, workers (us):  23,  21,  20, ---, ---, ---, 
[2026-04-03T02:18:01.404+0600][43.306s][info][gc,stats    ]   CMR: CLDG Roots                   379 us, workers (us): 379, ---, ---, ---, ---, ---, 
[2026-04-03T02:18:01.404+0600][43.306s][info][gc,stats    ] Concurrent Marking                60139 us
[2026-04-03T02:18:01.404+0600][43.306s][info][gc,stats    ] Pause Final Mark (G)                883 us
[2026-04-03T02:18:01.404+0600][43.306s][info][gc,stats    ] Pause Final Mark (N)                622 us
[2026-04-03T02:18:01.404+0600][43.306s][info][gc,stats    ]   Finish Mark                       160 us
[2026-04-03T02:18:01.404+0600][43.306s][info][gc,stats    ]   Update Region States               40 us
[2026-04-03T02:18:01.405+0600][43.306s][info][gc,stats    ]   Choose Collection Set             206 us
[2026-04-03T02:18:01.405+0600][43.306s][info][gc,stats    ]   Rebuild Free Set                   38 us
[2026-04-03T02:18:01.405+0600][43.306s][info][gc,stats    ] Concurrent Thread Roots            1702 us, parallelism: 2.56x
[2026-04-03T02:18:01.405+0600][43.306s][info][gc,stats    ]   CTR: <total>                     4356 us
[2026-04-03T02:18:01.405+0600][43.306s][info][gc,stats    ]   CTR: Thread Roots                4356 us, workers (us): 1468, 1469, 1419, ---, ---, ---, 
[2026-04-03T02:18:01.405+0600][43.306s][info][gc,stats    ] Concurrent Weak References         1383 us, parallelism: 1.02x
[2026-04-03T02:18:01.405+0600][43.306s][info][gc,stats    ]   CWRF: <total>                    1408 us
[2026-04-03T02:18:01.405+0600][43.306s][info][gc,stats    ]   CWRF: Weak References            1408 us, workers (us): 1077, 177, 155, ---, ---, ---, 
[2026-04-03T02:18:01.405+0600][43.306s][info][gc,stats    ] Concurrent Weak Roots              6009 us
[2026-04-03T02:18:01.405+0600][43.306s][info][gc,stats    ]   Roots                            5462 us, parallelism: 2.68x
[2026-04-03T02:18:01.405+0600][43.306s][info][gc,stats    ]     CWR: <total>                  14621 us
[2026-04-03T02:18:01.405+0600][43.306s][info][gc,stats    ]     CWR: Code Cache Roots         11441 us, workers (us): 3840, 3951, 3651, ---, ---, ---, 
[2026-04-03T02:18:01.405+0600][43.306s][info][gc,stats    ]     CWR: VM Weak Roots             3037 us, workers (us): 1125, 1096, 816, ---, ---, ---, 
[2026-04-03T02:18:01.405+0600][43.306s][info][gc,stats    ]     CWR: CLDG Roots                 143 us, workers (us): ---, ---, 143, ---, ---, ---, 
[2026-04-03T02:18:01.405+0600][43.306s][info][gc,stats    ]   Rendezvous                        414 us
[2026-04-03T02:18:01.405+0600][43.306s][info][gc,stats    ] Concurrent Cleanup                  910 us
[2026-04-03T02:18:01.405+0600][43.306s][info][gc,stats    ] Concurrent Class Unloading        22881 us
[2026-04-03T02:18:01.405+0600][43.306s][info][gc,stats    ]   Unlink Stale                    20194 us
[2026-04-03T02:18:01.405+0600][43.306s][info][gc,stats    ]     System Dictionary               323 us
[2026-04-03T02:18:01.405+0600][43.306s][info][gc,stats    ]     Weak Class Links                  1 us
[2026-04-03T02:18:01.405+0600][43.306s][info][gc,stats    ]     Code Roots                    19865 us
[2026-04-03T02:18:01.405+0600][43.306s][info][gc,stats    ]   Rendezvous                        828 us
[2026-04-03T02:18:01.405+0600][43.306s][info][gc,stats    ]   Purge Unlinked                   1704 us
[2026-04-03T02:18:01.405+0600][43.306s][info][gc,stats    ]     Code Roots                     1683 us
[2026-04-03T02:18:01.405+0600][43.306s][info][gc,stats    ]     CLDG                             20 us
[2026-04-03T02:18:01.405+0600][43.306s][info][gc,stats    ]     Exception Caches                  1 us
[2026-04-03T02:18:01.405+0600][43.306s][info][gc,stats    ] Concurrent Strong Roots            1323 us, parallelism: 0.65x
[2026-04-03T02:18:01.405+0600][43.306s][info][gc,stats    ]   CSR: <total>                      862 us
[2026-04-03T02:18:01.405+0600][43.306s][info][gc,stats    ]   CSR: VM Strong Roots               97 us, workers (us):  60,  36,   0, ---, ---, ---, 
[2026-04-03T02:18:01.405+0600][43.306s][info][gc,stats    ]   CSR: CLDG Roots                   766 us, workers (us): ---, 766, ---, ---, ---, ---, 
[2026-04-03T02:18:01.405+0600][43.306s][info][gc,stats    ] Concurrent Evacuation              2820 us
[2026-04-03T02:18:01.405+0600][43.306s][info][gc,stats    ] Pause Init Update Refs (G)          588 us
[2026-04-03T02:18:01.405+0600][43.306s][info][gc,stats    ] Pause Init Update Refs (N)          239 us
[2026-04-03T02:18:01.405+0600][43.306s][info][gc,stats    ]   Manage GCLABs                      81 us
[2026-04-03T02:18:01.405+0600][43.306s][info][gc,stats    ] Concurrent Update Refs            45966 us
[2026-04-03T02:18:01.405+0600][43.306s][info][gc,stats    ] Concurrent Update Thread Roots     1929 us
[2026-04-03T02:18:01.405+0600][43.306s][info][gc,stats    ] Pause Final Update Refs (G)         579 us
[2026-04-03T02:18:01.405+0600][43.306s][info][gc,stats    ] Pause Final Update Refs (N)         234 us
[2026-04-03T02:18:01.405+0600][43.306s][info][gc,stats    ]   Update Region States               60 us
[2026-04-03T02:18:01.405+0600][43.306s][info][gc,stats    ]   Trash Collection Set               16 us
[2026-04-03T02:18:01.405+0600][43.306s][info][gc,stats    ]   Rebuild Free Set                   49 us
[2026-04-03T02:18:01.405+0600][43.306s][info][gc,stats    ] Concurrent Cleanup                  762 us
[2026-04-03T02:18:01.405+0600][43.306s][info][gc,stats    ] Pacing                            89461 us
[2026-04-03T02:18:01.405+0600][43.306s][info][gc,stats    ] 
[2026-04-03T02:18:01.405+0600][43.306s][info][gc,stats    ] Allocation pacing accrued:
[2026-04-03T02:18:01.405+0600][43.306s][info][gc,stats    ]       5 of   439 ms (  1.2%): dag-scheduler-event-loop
[2026-04-03T02:18:01.405+0600][43.306s][info][gc,stats    ]      11 of   439 ms (  2.5%): Spark Context Cleaner
[2026-04-03T02:18:01.405+0600][43.306s][info][gc,stats    ]       3 of   439 ms (  0.8%): Executor task launch worker for task 4.0 in stage 917.0 (TID 1937)
[2026-04-03T02:18:01.405+0600][43.306s][info][gc,stats    ]      14 of   439 ms (  3.2%): Executor task launch worker for task 3.0 in stage 917.0 (TID 1936)
[2026-04-03T02:18:01.405+0600][43.306s][info][gc,stats    ]      14 of   439 ms (  3.3%): Executor task launch worker for task 7.0 in stage 917.0 (TID 1940)
[2026-04-03T02:18:01.405+0600][43.306s][info][gc,stats    ]      14 of   439 ms (  3.2%): Executor task launch worker for task 0.0 in stage 917.0 (TID 1933)
[2026-04-03T02:18:01.405+0600][43.306s][info][gc,stats    ]       4 of   439 ms (  0.8%): Executor task launch worker for task 1.0 in stage 917.0 (TID 1934)
[2026-04-03T02:18:01.405+0600][43.306s][info][gc,stats    ]       5 of   439 ms (  1.0%): Executor task launch worker for task 2.0 in stage 917.0 (TID 1935)
[2026-04-03T02:18:01.405+0600][43.306s][info][gc,stats    ]       5 of   439 ms (  1.0%): Executor task launch worker for task 6.0 in stage 917.0 (TID 1939)
[2026-04-03T02:18:01.405+0600][43.306s][info][gc,stats    ]      14 of   439 ms (  3.2%): Executor task launch worker for task 5.0 in stage 917.0 (TID 1938)
[2026-04-03T02:18:01.405+0600][43.306s][info][gc,stats    ]      89 of   439 ms ( 20.4%): <total>
[2026-04-03T02:18:01.405+0600][43.306s][info][gc,stats    ]       0 of   439 ms (  0.1%): <average total>
[2026-04-03T02:18:01.405+0600][43.306s][info][gc,stats    ]       9 of   439 ms (  2.0%): <average non-zero>
[2026-04-03T02:18:01.405+0600][43.306s][info][gc,stats    ] 
[2026-04-03T02:18:01.405+0600][43.306s][info][gc,metaspace] Metaspace: 130659K(131840K)->130659K(131840K) NonClass: 114188K(114816K)->114188K(114816K) Class: 16471K(17024K)->16471K(17024K)
[2026-04-03T02:18:01.405+0600][43.306s][info][gc,ergo     ] Pacer for Idle. Initial: 15360K, Alloc Tax Rate: 1.0x
[2026-04-03T02:18:01.704+0600][43.605s][info][gc          ] Trigger: Average GC time (166.57 ms) is above the time for average allocation rate (1019 MB/s) to deplete free headroom (166M) (margin of error = 1.85)
[2026-04-03T02:18:01.704+0600][43.605s][info][gc,ergo     ] Free headroom: 203M (free) - 38400K (spike) - 0B (penalties) = 166M
[2026-04-03T02:18:01.704+0600][43.605s][info][gc,ergo     ] Free: 203M, Max: 256K regular, 128M humongous, Frag: 37% external, 0% internal; Reserve: 38400K, Max: 256K
[2026-04-03T02:18:01.704+0600][43.605s][info][gc,start    ] GC(47) Concurrent reset
[2026-04-03T02:18:01.704+0600][43.605s][info][gc,task     ] GC(47) Using 3 of 6 workers for concurrent reset
[2026-04-03T02:18:01.704+0600][43.605s][info][gc,ergo     ] GC(47) Pacer for Reset. Non-Taxable: 750M
[2026-04-03T02:18:01.705+0600][43.606s][info][gc          ] GC(47) Concurrent reset 0.718ms
[2026-04-03T02:18:01.705+0600][43.606s][info][gc,start    ] GC(47) Pause Init Mark (unload classes)
[2026-04-03T02:18:01.705+0600][43.606s][info][gc,task     ] GC(47) Using 6 of 6 workers for init marking
[2026-04-03T02:18:01.705+0600][43.606s][info][gc,ergo     ] GC(47) Pacer for Mark. Expected Live: 96621K, Free: 203M, Non-Taxable: 20873K, Alloc Tax Rate: 0.6x
[2026-04-03T02:18:01.705+0600][43.606s][info][gc          ] GC(47) Pause Init Mark (unload classes) 0.122ms
[2026-04-03T02:18:01.705+0600][43.607s][info][gc,start    ] GC(47) Concurrent marking roots
[2026-04-03T02:18:01.705+0600][43.607s][info][gc,task     ] GC(47) Using 3 of 6 workers for concurrent marking roots
[2026-04-03T02:18:01.707+0600][43.608s][info][gc          ] GC(47) Concurrent marking roots 1.164ms
[2026-04-03T02:18:01.707+0600][43.608s][info][gc,start    ] GC(47) Concurrent marking (unload classes)
[2026-04-03T02:18:01.707+0600][43.608s][info][gc,task     ] GC(47) Using 3 of 6 workers for concurrent marking
[2026-04-03T02:18:01.752+0600][43.654s][info][gc          ] GC(47) Concurrent marking (unload classes) 45.758ms
[2026-04-03T02:18:01.753+0600][43.654s][info][gc,start    ] GC(47) Pause Final Mark (unload classes)
[2026-04-03T02:18:01.753+0600][43.654s][info][gc,task     ] GC(47) Using 6 of 6 workers for final marking
[2026-04-03T02:18:01.753+0600][43.654s][info][gc,ergo     ] GC(47) Adaptive CSet Selection. Target Free: 106M, Actual Free: 513M, Max CSet: 32000K, Min Garbage: 0B
[2026-04-03T02:18:01.753+0600][43.654s][info][gc,ergo     ] GC(47) Collectable Garbage: 387M (98%), Immediate: 287M (72%), CSet: 100M (25%)
[2026-04-03T02:18:01.753+0600][43.655s][info][gc,ergo     ] GC(47) Pacer for Evacuation. Used CSet: 104M, Free: 499M, Non-Taxable: 51158K, Alloc Tax Rate: 1.1x
[2026-04-03T02:18:01.753+0600][43.655s][info][gc          ] GC(47) Pause Final Mark (unload classes) 0.803ms
[2026-04-03T02:18:01.754+0600][43.655s][info][gc,start    ] GC(47) Concurrent thread roots
[2026-04-03T02:18:01.754+0600][43.655s][info][gc,task     ] GC(47) Using 3 of 6 workers for Concurrent thread roots
[2026-04-03T02:18:01.756+0600][43.657s][info][gc          ] GC(47) Concurrent thread roots 2.631ms
[2026-04-03T02:18:01.756+0600][43.658s][info][gc,start    ] GC(47) Concurrent weak references
[2026-04-03T02:18:01.756+0600][43.658s][info][gc,task     ] GC(47) Using 3 of 6 workers for concurrent weak references
[2026-04-03T02:18:01.757+0600][43.658s][info][gc,ref      ] GC(47) Encountered references: Soft: 3864, Weak: 16051, Final: 84, Phantom: 621
[2026-04-03T02:18:01.757+0600][43.658s][info][gc,ref      ] GC(47) Discovered  references: Soft: 0, Weak: 8908, Final: 0, Phantom: 616
[2026-04-03T02:18:01.757+0600][43.658s][info][gc,ref      ] GC(47) Enqueued    references: Soft: 0, Weak: 1497, Final: 0, Phantom: 0
[2026-04-03T02:18:01.757+0600][43.658s][info][gc          ] GC(47) Concurrent weak references 0.975ms
[2026-04-03T02:18:01.757+0600][43.659s][info][gc,start    ] GC(47) Concurrent weak roots
[2026-04-03T02:18:01.757+0600][43.659s][info][gc,task     ] GC(47) Using 3 of 6 workers for concurrent weak root
[2026-04-03T02:18:01.762+0600][43.663s][info][gc          ] GC(47) Concurrent weak roots 4.868ms
[2026-04-03T02:18:01.762+0600][43.663s][info][gc,start    ] GC(47) Concurrent cleanup
[2026-04-03T02:18:01.763+0600][43.664s][info][gc          ] GC(47) Concurrent cleanup 499M->212M(659M) 0.600ms
[2026-04-03T02:18:01.763+0600][43.664s][info][gc,ergo     ] GC(47) Free: 497M, Max: 256K regular, 127M humongous, Frag: 75% external, 0% internal; Reserve: 37943K, Max: 256K
[2026-04-03T02:18:01.763+0600][43.664s][info][gc,start    ] GC(47) Concurrent class unloading
[2026-04-03T02:18:01.763+0600][43.664s][info][gc,task     ] GC(47) Using 3 of 6 workers for concurrent class unloading
[2026-04-03T02:18:01.777+0600][43.678s][info][gc          ] GC(47) Concurrent class unloading 14.061ms
[2026-04-03T02:18:01.777+0600][43.678s][info][gc,start    ] GC(47) Concurrent strong roots
[2026-04-03T02:18:01.777+0600][43.678s][info][gc,task     ] GC(47) Using 3 of 6 workers for concurrent strong root
[2026-04-03T02:18:01.778+0600][43.679s][info][gc          ] GC(47) Concurrent strong roots 1.160ms
[2026-04-03T02:18:01.778+0600][43.680s][info][gc,start    ] GC(47) Concurrent evacuation
[2026-04-03T02:18:01.778+0600][43.680s][info][gc,task     ] GC(47) Using 3 of 6 workers for concurrent evacuation
[2026-04-03T02:18:01.780+0600][43.681s][info][gc          ] GC(47) Concurrent evacuation 1.888ms
[2026-04-03T02:18:01.781+0600][43.682s][info][gc,start    ] GC(47) Pause Init Update Refs
[2026-04-03T02:18:01.781+0600][43.682s][info][gc,ergo     ] GC(47) Pacer for Update Refs. Used: 222M, Free: 489M, Non-Taxable: 50106K, Alloc Tax Rate: 1.1x
[2026-04-03T02:18:01.781+0600][43.682s][info][gc          ] GC(47) Pause Init Update Refs 0.117ms
[2026-04-03T02:18:01.781+0600][43.682s][info][gc,start    ] GC(47) Concurrent update references
[2026-04-03T02:18:01.781+0600][43.682s][info][gc,task     ] GC(47) Using 3 of 6 workers for concurrent reference update
[2026-04-03T02:18:01.819+0600][43.720s][info][gc          ] GC(47) Concurrent update references 38.153ms
[2026-04-03T02:18:01.819+0600][43.720s][info][gc,start    ] GC(47) Concurrent update thread roots
[2026-04-03T02:18:01.821+0600][43.722s][info][gc          ] GC(47) Concurrent update thread roots 1.437ms
[2026-04-03T02:18:01.821+0600][43.722s][info][gc,start    ] GC(47) Pause Final Update Refs
[2026-04-03T02:18:01.821+0600][43.722s][info][gc,task     ] GC(47) Using 6 of 6 workers for final reference update
[2026-04-03T02:18:01.821+0600][43.722s][info][gc          ] GC(47) Pause Final Update Refs 0.279ms
[2026-04-03T02:18:01.821+0600][43.722s][info][gc,start    ] GC(47) Concurrent cleanup
[2026-04-03T02:18:01.822+0600][43.723s][info][gc          ] GC(47) Concurrent cleanup 234M->131M(659M) 0.324ms
[2026-04-03T02:18:01.822+0600][43.723s][info][gc,ergo     ] Free: 577M, Max: 256K regular, 182M humongous, Frag: 69% external, 0% internal; Reserve: 38400K, Max: 256K
[2026-04-03T02:18:01.822+0600][43.723s][info][gc,stats    ] 
[2026-04-03T02:18:01.822+0600][43.723s][info][gc,stats    ] All times are wall-clock times, except per-root-class counters, that are sum over
[2026-04-03T02:18:01.822+0600][43.723s][info][gc,stats    ] all workers. Dividing the <total> over the root stage time estimates parallelism.
[2026-04-03T02:18:01.822+0600][43.723s][info][gc,stats    ] 
[2026-04-03T02:18:01.822+0600][43.723s][info][gc,stats    ] Concurrent Reset                    770 us
[2026-04-03T02:18:01.822+0600][43.723s][info][gc,stats    ] Pause Init Mark (G)                 403 us
[2026-04-03T02:18:01.822+0600][43.723s][info][gc,stats    ] Pause Init Mark (N)                 130 us
[2026-04-03T02:18:01.822+0600][43.723s][info][gc,stats    ]   Update Region States               27 us
[2026-04-03T02:18:01.822+0600][43.723s][info][gc,stats    ] Concurrent Mark Roots              1207 us, parallelism: 1.74x
[2026-04-03T02:18:01.822+0600][43.723s][info][gc,stats    ]   CMR: <total>                     2100 us
[2026-04-03T02:18:01.822+0600][43.723s][info][gc,stats    ]   CMR: Thread Roots                1808 us, workers (us): 432, 687, 689, ---, ---, ---, 
[2026-04-03T02:18:01.822+0600][43.723s][info][gc,stats    ]   CMR: VM Strong Roots               30 us, workers (us):  29,   1,   0, ---, ---, ---, 
[2026-04-03T02:18:01.822+0600][43.723s][info][gc,stats    ]   CMR: CLDG Roots                   261 us, workers (us): 261, ---, ---, ---, ---, ---, 
[2026-04-03T02:18:01.822+0600][43.723s][info][gc,stats    ] Concurrent Marking                45840 us
[2026-04-03T02:18:01.822+0600][43.723s][info][gc,stats    ] Pause Final Mark (G)               1223 us
[2026-04-03T02:18:01.822+0600][43.723s][info][gc,stats    ] Pause Final Mark (N)                817 us
[2026-04-03T02:18:01.822+0600][43.723s][info][gc,stats    ]   Finish Mark                       238 us
[2026-04-03T02:18:01.822+0600][43.723s][info][gc,stats    ]   Update Region States               81 us
[2026-04-03T02:18:01.822+0600][43.723s][info][gc,stats    ]   Choose Collection Set             291 us
[2026-04-03T02:18:01.822+0600][43.723s][info][gc,stats    ]   Rebuild Free Set                   46 us
[2026-04-03T02:18:01.822+0600][43.723s][info][gc,stats    ] Concurrent Thread Roots            2687 us, parallelism: 1.57x
[2026-04-03T02:18:01.822+0600][43.723s][info][gc,stats    ]   CTR: <total>                     4224 us
[2026-04-03T02:18:01.822+0600][43.723s][info][gc,stats    ]   CTR: Thread Roots                4224 us, workers (us): 2346, 947, 931, ---, ---, ---, 
[2026-04-03T02:18:01.822+0600][43.723s][info][gc,stats    ] Concurrent Weak References          988 us, parallelism: 1.37x
[2026-04-03T02:18:01.822+0600][43.723s][info][gc,stats    ]   CWRF: <total>                    1357 us
[2026-04-03T02:18:01.822+0600][43.723s][info][gc,stats    ]   CWRF: Weak References            1357 us, workers (us): 533, 743,  80, ---, ---, ---, 
[2026-04-03T02:18:01.822+0600][43.723s][info][gc,stats    ] Concurrent Weak Roots              4961 us
[2026-04-03T02:18:01.822+0600][43.723s][info][gc,stats    ]   Roots                            4460 us, parallelism: 2.73x
[2026-04-03T02:18:01.822+0600][43.723s][info][gc,stats    ]     CWR: <total>                  12193 us
[2026-04-03T02:18:01.822+0600][43.723s][info][gc,stats    ]     CWR: Code Cache Roots          9782 us, workers (us): 3163, 3363, 3256, ---, ---, ---, 
[2026-04-03T02:18:01.822+0600][43.723s][info][gc,stats    ]     CWR: VM Weak Roots             2277 us, workers (us): 787, 750, 740, ---, ---, ---, 
[2026-04-03T02:18:01.822+0600][43.723s][info][gc,stats    ]     CWR: CLDG Roots                 134 us, workers (us): ---, ---, 134, ---, ---, ---, 
[2026-04-03T02:18:01.822+0600][43.723s][info][gc,stats    ]   Rendezvous                        358 us
[2026-04-03T02:18:01.822+0600][43.723s][info][gc,stats    ] Concurrent Cleanup                  640 us
[2026-04-03T02:18:01.822+0600][43.723s][info][gc,stats    ] Concurrent Class Unloading        14146 us
[2026-04-03T02:18:01.822+0600][43.723s][info][gc,stats    ]   Unlink Stale                    12016 us
[2026-04-03T02:18:01.822+0600][43.723s][info][gc,stats    ]     System Dictionary               282 us
[2026-04-03T02:18:01.822+0600][43.723s][info][gc,stats    ]     Weak Class Links                  0 us
[2026-04-03T02:18:01.822+0600][43.723s][info][gc,stats    ]     Code Roots                    11730 us
[2026-04-03T02:18:01.822+0600][43.723s][info][gc,stats    ]   Rendezvous                        522 us
[2026-04-03T02:18:01.822+0600][43.723s][info][gc,stats    ]   Purge Unlinked                   1459 us
[2026-04-03T02:18:01.822+0600][43.723s][info][gc,stats    ]     Code Roots                     1443 us
[2026-04-03T02:18:01.822+0600][43.723s][info][gc,stats    ]     CLDG                             15 us
[2026-04-03T02:18:01.822+0600][43.723s][info][gc,stats    ]     Exception Caches                  0 us
[2026-04-03T02:18:01.822+0600][43.723s][info][gc,stats    ] Concurrent Strong Roots            1235 us, parallelism: 0.53x
[2026-04-03T02:18:01.822+0600][43.723s][info][gc,stats    ]   CSR: <total>                      655 us
[2026-04-03T02:18:01.822+0600][43.723s][info][gc,stats    ]   CSR: VM Strong Roots               70 us, workers (us):  67,   2,   2, ---, ---, ---, 
[2026-04-03T02:18:01.822+0600][43.723s][info][gc,stats    ]   CSR: CLDG Roots                   584 us, workers (us): 584, ---, ---, ---, ---, ---, 
[2026-04-03T02:18:01.822+0600][43.723s][info][gc,stats    ] Concurrent Evacuation              1959 us
[2026-04-03T02:18:01.822+0600][43.723s][info][gc,stats    ] Pause Init Update Refs (G)          457 us
[2026-04-03T02:18:01.822+0600][43.723s][info][gc,stats    ] Pause Init Update Refs (N)          133 us
[2026-04-03T02:18:01.822+0600][43.723s][info][gc,stats    ]   Manage GCLABs                      53 us
[2026-04-03T02:18:01.822+0600][43.723s][info][gc,stats    ] Concurrent Update Refs            38233 us
[2026-04-03T02:18:01.822+0600][43.723s][info][gc,stats    ] Concurrent Update Thread Roots     1485 us
[2026-04-03T02:18:01.822+0600][43.723s][info][gc,stats    ] Pause Final Update Refs (G)         629 us
[2026-04-03T02:18:01.822+0600][43.723s][info][gc,stats    ] Pause Final Update Refs (N)         331 us
[2026-04-03T02:18:01.822+0600][43.723s][info][gc,stats    ]   Update Region States               55 us
[2026-04-03T02:18:01.822+0600][43.723s][info][gc,stats    ]   Trash Collection Set               15 us
[2026-04-03T02:18:01.822+0600][43.723s][info][gc,stats    ]   Rebuild Free Set                   45 us
[2026-04-03T02:18:01.822+0600][43.723s][info][gc,stats    ] Concurrent Cleanup                  346 us
[2026-04-03T02:18:01.822+0600][43.723s][info][gc,stats    ] 
[2026-04-03T02:18:01.822+0600][43.723s][info][gc,stats    ] Allocation pacing accrued:
[2026-04-03T02:18:01.822+0600][43.723s][info][gc,stats    ]       0 of   417 ms (  0.0%): <total>
[2026-04-03T02:18:01.822+0600][43.723s][info][gc,stats    ]       0 of   417 ms (  0.0%): <average total>
[2026-04-03T02:18:01.822+0600][43.723s][info][gc,stats    ] 
[2026-04-03T02:18:01.822+0600][43.723s][info][gc,metaspace] Metaspace: 130665K(131840K)->130700K(131904K) NonClass: 114193K(114816K)->114228K(114880K) Class: 16471K(17024K)->16471K(17024K)
[2026-04-03T02:18:01.822+0600][43.723s][info][gc,ergo     ] Pacer for Idle. Initial: 15360K, Alloc Tax Rate: 1.0x
[2026-04-03T02:18:02.150+0600][44.051s][info][gc          ] Trigger: Average GC time (160.60 ms) is above the time for average allocation rate (1122 MB/s) to deplete free headroom (176M) (margin of error = 1.83)
[2026-04-03T02:18:02.150+0600][44.051s][info][gc,ergo     ] Free headroom: 214M (free) - 38400K (spike) - 0B (penalties) = 176M
[2026-04-03T02:18:02.150+0600][44.051s][info][gc,ergo     ] Free: 214M, Max: 256K regular, 127M humongous, Frag: 41% external, 1% internal; Reserve: 38400K, Max: 256K
[2026-04-03T02:18:02.150+0600][44.051s][info][gc,start    ] GC(48) Concurrent reset
[2026-04-03T02:18:02.150+0600][44.051s][info][gc,task     ] GC(48) Using 3 of 6 workers for concurrent reset
[2026-04-03T02:18:02.150+0600][44.051s][info][gc,ergo     ] GC(48) Pacer for Reset. Non-Taxable: 750M
[2026-04-03T02:18:02.151+0600][44.052s][info][gc          ] GC(48) Concurrent reset 0.942ms
[2026-04-03T02:18:02.151+0600][44.052s][info][gc,start    ] GC(48) Pause Init Mark (unload classes)
[2026-04-03T02:18:02.151+0600][44.053s][info][gc,task     ] GC(48) Using 6 of 6 workers for init marking
[2026-04-03T02:18:02.151+0600][44.053s][info][gc,ergo     ] GC(48) Pacer for Mark. Expected Live: 96369K, Free: 213M, Non-Taxable: 21907K, Alloc Tax Rate: 0.5x
[2026-04-03T02:18:02.151+0600][44.053s][info][gc          ] GC(48) Pause Init Mark (unload classes) 0.096ms
[2026-04-03T02:18:02.152+0600][44.053s][info][gc,start    ] GC(48) Concurrent marking roots
[2026-04-03T02:18:02.152+0600][44.053s][info][gc,task     ] GC(48) Using 3 of 6 workers for concurrent marking roots
[2026-04-03T02:18:02.153+0600][44.054s][info][gc          ] GC(48) Concurrent marking roots 1.050ms
[2026-04-03T02:18:02.153+0600][44.054s][info][gc,start    ] GC(48) Concurrent marking (unload classes)
[2026-04-03T02:18:02.153+0600][44.054s][info][gc,task     ] GC(48) Using 3 of 6 workers for concurrent marking
[2026-04-03T02:18:02.203+0600][44.104s][info][gc          ] GC(48) Concurrent marking (unload classes) 49.896ms
[2026-04-03T02:18:02.203+0600][44.104s][info][gc,start    ] GC(48) Pause Final Mark (unload classes)
[2026-04-03T02:18:02.203+0600][44.104s][info][gc,task     ] GC(48) Using 6 of 6 workers for final marking
[2026-04-03T02:18:02.203+0600][44.104s][info][gc,ergo     ] GC(48) Adaptive CSet Selection. Target Free: 106M, Actual Free: 559M, Max CSet: 32000K, Min Garbage: 0B
[2026-04-03T02:18:02.203+0600][44.104s][info][gc,ergo     ] GC(48) Collectable Garbage: 384M (97%), Immediate: 342M (87%), CSet: 42646K (10%)
[2026-04-03T02:18:02.203+0600][44.105s][info][gc,ergo     ] GC(48) Pacer for Evacuation. Used CSet: 45261K, Free: 539M, Non-Taxable: 55245K, Alloc Tax Rate: 1.1x
[2026-04-03T02:18:02.203+0600][44.105s][info][gc          ] GC(48) Pause Final Mark (unload classes) 0.672ms
[2026-04-03T02:18:02.204+0600][44.105s][info][gc,start    ] GC(48) Concurrent thread roots
[2026-04-03T02:18:02.204+0600][44.105s][info][gc,task     ] GC(48) Using 3 of 6 workers for Concurrent thread roots
[2026-04-03T02:18:02.205+0600][44.106s][info][gc          ] GC(48) Concurrent thread roots 1.030ms
[2026-04-03T02:18:02.205+0600][44.106s][info][gc,start    ] GC(48) Concurrent weak references
[2026-04-03T02:18:02.205+0600][44.106s][info][gc,task     ] GC(48) Using 3 of 6 workers for concurrent weak references
[2026-04-03T02:18:02.205+0600][44.106s][info][gc,ref      ] GC(48) Encountered references: Soft: 3865, Weak: 15356, Final: 84, Phantom: 621
[2026-04-03T02:18:02.205+0600][44.106s][info][gc,ref      ] GC(48) Discovered  references: Soft: 0, Weak: 3640, Final: 0, Phantom: 616
[2026-04-03T02:18:02.205+0600][44.106s][info][gc,ref      ] GC(48) Enqueued    references: Soft: 0, Weak: 795, Final: 0, Phantom: 0
[2026-04-03T02:18:02.205+0600][44.106s][info][gc          ] GC(48) Concurrent weak references 0.482ms
[2026-04-03T02:18:02.205+0600][44.106s][info][gc,start    ] GC(48) Concurrent weak roots
[2026-04-03T02:18:02.205+0600][44.106s][info][gc,task     ] GC(48) Using 3 of 6 workers for concurrent weak root
[2026-04-03T02:18:02.210+0600][44.111s][info][gc          ] GC(48) Concurrent weak roots 5.090ms
[2026-04-03T02:18:02.210+0600][44.111s][info][gc,start    ] GC(48) Concurrent cleanup
[2026-04-03T02:18:02.211+0600][44.112s][info][gc          ] GC(48) Concurrent cleanup 548M->218M(659M) 0.951ms
[2026-04-03T02:18:02.211+0600][44.113s][info][gc,ergo     ] GC(48) Free: 487M, Max: 256K regular, 78080K humongous, Frag: 85% external, 0% internal; Reserve: 38216K, Max: 256K
[2026-04-03T02:18:02.211+0600][44.113s][info][gc,start    ] GC(48) Concurrent class unloading
[2026-04-03T02:18:02.211+0600][44.113s][info][gc,task     ] GC(48) Using 3 of 6 workers for concurrent class unloading
[2026-04-03T02:18:02.226+0600][44.127s][info][gc          ] GC(48) Concurrent class unloading 14.189ms
[2026-04-03T02:18:02.226+0600][44.127s][info][gc,start    ] GC(48) Concurrent strong roots
[2026-04-03T02:18:02.226+0600][44.127s][info][gc,task     ] GC(48) Using 3 of 6 workers for concurrent strong root
[2026-04-03T02:18:02.227+0600][44.128s][info][gc          ] GC(48) Concurrent strong roots 0.866ms
[2026-04-03T02:18:02.227+0600][44.128s][info][gc,start    ] GC(48) Concurrent evacuation
[2026-04-03T02:18:02.227+0600][44.128s][info][gc,task     ] GC(48) Using 3 of 6 workers for concurrent evacuation
[2026-04-03T02:18:02.228+0600][44.129s][info][gc          ] GC(48) Concurrent evacuation 1.452ms
[2026-04-03T02:18:02.229+0600][44.130s][info][gc,start    ] GC(48) Pause Init Update Refs
[2026-04-03T02:18:02.229+0600][44.130s][info][gc,ergo     ] GC(48) Pacer for Update Refs. Used: 239M, Free: 468M, Non-Taxable: 48009K, Alloc Tax Rate: 1.1x
[2026-04-03T02:18:02.229+0600][44.130s][info][gc          ] GC(48) Pause Init Update Refs 0.109ms
[2026-04-03T02:18:02.229+0600][44.130s][info][gc,start    ] GC(48) Concurrent update references
[2026-04-03T02:18:02.229+0600][44.130s][info][gc,task     ] GC(48) Using 3 of 6 workers for concurrent reference update
[2026-04-03T02:18:02.269+0600][44.170s][info][gc          ] GC(48) Concurrent update references 39.469ms
[2026-04-03T02:18:02.269+0600][44.170s][info][gc,start    ] GC(48) Concurrent update thread roots
[2026-04-03T02:18:02.270+0600][44.171s][info][gc          ] GC(48) Concurrent update thread roots 1.198ms
[2026-04-03T02:18:02.270+0600][44.171s][info][gc,start    ] GC(48) Pause Final Update Refs
[2026-04-03T02:18:02.270+0600][44.171s][info][gc,task     ] GC(48) Using 6 of 6 workers for final reference update
[2026-04-03T02:18:02.270+0600][44.171s][info][gc          ] GC(48) Pause Final Update Refs 0.147ms
[2026-04-03T02:18:02.270+0600][44.171s][info][gc,start    ] GC(48) Concurrent cleanup
[2026-04-03T02:18:02.271+0600][44.172s][info][gc          ] GC(48) Concurrent cleanup 420M->385M(659M) 0.475ms
[2026-04-03T02:18:02.271+0600][44.172s][info][gc,ergo     ] Free: 309M, Max: 256K regular, 94464K humongous, Frag: 70% external, 1% internal; Reserve: 38400K, Max: 256K
[2026-04-03T02:18:02.271+0600][44.172s][info][gc,stats    ] 
[2026-04-03T02:18:02.271+0600][44.172s][info][gc,stats    ] All times are wall-clock times, except per-root-class counters, that are sum over
[2026-04-03T02:18:02.271+0600][44.172s][info][gc,stats    ] all workers. Dividing the <total> over the root stage time estimates parallelism.
[2026-04-03T02:18:02.271+0600][44.172s][info][gc,stats    ] 
[2026-04-03T02:18:02.271+0600][44.172s][info][gc,stats    ] Concurrent Reset                    984 us
[2026-04-03T02:18:02.271+0600][44.172s][info][gc,stats    ] Pause Init Mark (G)                 476 us
[2026-04-03T02:18:02.271+0600][44.172s][info][gc,stats    ] Pause Init Mark (N)                 103 us
[2026-04-03T02:18:02.271+0600][44.172s][info][gc,stats    ]   Update Region States               20 us
[2026-04-03T02:18:02.271+0600][44.172s][info][gc,stats    ] Concurrent Mark Roots              1106 us, parallelism: 1.48x
[2026-04-03T02:18:02.271+0600][44.172s][info][gc,stats    ]   CMR: <total>                     1637 us
[2026-04-03T02:18:02.271+0600][44.172s][info][gc,stats    ]   CMR: Thread Roots                1386 us, workers (us): 335, 541, 510, ---, ---, ---, 
[2026-04-03T02:18:02.271+0600][44.172s][info][gc,stats    ]   CMR: VM Strong Roots               36 us, workers (us):  20,  15,   0, ---, ---, ---, 
[2026-04-03T02:18:02.271+0600][44.172s][info][gc,stats    ]   CMR: CLDG Roots                   216 us, workers (us): 216, ---, ---, ---, ---, ---, 
[2026-04-03T02:18:02.271+0600][44.172s][info][gc,stats    ] Concurrent Marking                49980 us
[2026-04-03T02:18:02.271+0600][44.172s][info][gc,stats    ] Pause Final Mark (G)                926 us
[2026-04-03T02:18:02.271+0600][44.172s][info][gc,stats    ] Pause Final Mark (N)                683 us
[2026-04-03T02:18:02.271+0600][44.172s][info][gc,stats    ]   Finish Mark                       209 us
[2026-04-03T02:18:02.271+0600][44.172s][info][gc,stats    ]   Update Region States               42 us
[2026-04-03T02:18:02.271+0600][44.172s][info][gc,stats    ]   Choose Collection Set             250 us
[2026-04-03T02:18:02.271+0600][44.172s][info][gc,stats    ]   Rebuild Free Set                   42 us
[2026-04-03T02:18:02.271+0600][44.172s][info][gc,stats    ] Concurrent Thread Roots            1088 us, parallelism: 2.22x
[2026-04-03T02:18:02.271+0600][44.172s][info][gc,stats    ]   CTR: <total>                     2419 us
[2026-04-03T02:18:02.271+0600][44.172s][info][gc,stats    ]   CTR: Thread Roots                2419 us, workers (us): 821, 815, 783, ---, ---, ---, 
[2026-04-03T02:18:02.271+0600][44.172s][info][gc,stats    ] Concurrent Weak References          492 us, parallelism: 1.14x
[2026-04-03T02:18:02.271+0600][44.172s][info][gc,stats    ]   CWRF: <total>                     563 us
[2026-04-03T02:18:02.271+0600][44.172s][info][gc,stats    ]   CWRF: Weak References             563 us, workers (us): 260,  83, 220, ---, ---, ---, 
[2026-04-03T02:18:02.271+0600][44.172s][info][gc,stats    ] Concurrent Weak Roots              5180 us
[2026-04-03T02:18:02.271+0600][44.172s][info][gc,stats    ]   Roots                            4691 us, parallelism: 2.65x
[2026-04-03T02:18:02.271+0600][44.172s][info][gc,stats    ]     CWR: <total>                  12417 us
[2026-04-03T02:18:02.271+0600][44.172s][info][gc,stats    ]     CWR: Code Cache Roots          9764 us, workers (us): 3240, 3071, 3453, ---, ---, ---, 
[2026-04-03T02:18:02.271+0600][44.172s][info][gc,stats    ]     CWR: VM Weak Roots             2452 us, workers (us): 824, 824, 804, ---, ---, ---, 
[2026-04-03T02:18:02.271+0600][44.172s][info][gc,stats    ]     CWR: CLDG Roots                 201 us, workers (us): ---, 201, ---, ---, ---, ---, 
[2026-04-03T02:18:02.271+0600][44.172s][info][gc,stats    ]   Rendezvous                        371 us
[2026-04-03T02:18:02.271+0600][44.172s][info][gc,stats    ] Concurrent Cleanup                  995 us
[2026-04-03T02:18:02.271+0600][44.172s][info][gc,stats    ] Concurrent Class Unloading        14294 us
[2026-04-03T02:18:02.271+0600][44.172s][info][gc,stats    ]   Unlink Stale                    12590 us
[2026-04-03T02:18:02.271+0600][44.172s][info][gc,stats    ]     System Dictionary               328 us
[2026-04-03T02:18:02.271+0600][44.172s][info][gc,stats    ]     Weak Class Links                  1 us
[2026-04-03T02:18:02.271+0600][44.172s][info][gc,stats    ]     Code Roots                    12253 us
[2026-04-03T02:18:02.271+0600][44.172s][info][gc,stats    ]   Rendezvous                        432 us
[2026-04-03T02:18:02.271+0600][44.172s][info][gc,stats    ]   Purge Unlinked                   1132 us
[2026-04-03T02:18:02.271+0600][44.172s][info][gc,stats    ]     Code Roots                     1119 us
[2026-04-03T02:18:02.271+0600][44.172s][info][gc,stats    ]     CLDG                             12 us
[2026-04-03T02:18:02.271+0600][44.172s][info][gc,stats    ]     Exception Caches                  0 us
[2026-04-03T02:18:02.271+0600][44.172s][info][gc,stats    ] Concurrent Strong Roots             896 us, parallelism: 0.62x
[2026-04-03T02:18:02.271+0600][44.172s][info][gc,stats    ]   CSR: <total>                      559 us
[2026-04-03T02:18:02.271+0600][44.172s][info][gc,stats    ]   CSR: VM Strong Roots               42 us, workers (us):  23,  18,   0, ---, ---, ---, 
[2026-04-03T02:18:02.271+0600][44.172s][info][gc,stats    ]   CSR: CLDG Roots                   517 us, workers (us): ---, 517, ---, ---, ---, ---, 
[2026-04-03T02:18:02.271+0600][44.172s][info][gc,stats    ] Concurrent Evacuation              1555 us
[2026-04-03T02:18:02.271+0600][44.172s][info][gc,stats    ] Pause Init Update Refs (G)          857 us
[2026-04-03T02:18:02.271+0600][44.172s][info][gc,stats    ] Pause Init Update Refs (N)          119 us
[2026-04-03T02:18:02.271+0600][44.172s][info][gc,stats    ]   Manage GCLABs                      41 us
[2026-04-03T02:18:02.271+0600][44.172s][info][gc,stats    ] Concurrent Update Refs            39560 us
[2026-04-03T02:18:02.271+0600][44.172s][info][gc,stats    ] Concurrent Update Thread Roots     1261 us
[2026-04-03T02:18:02.271+0600][44.172s][info][gc,stats    ] Pause Final Update Refs (G)         370 us
[2026-04-03T02:18:02.271+0600][44.172s][info][gc,stats    ] Pause Final Update Refs (N)         159 us
[2026-04-03T02:18:02.271+0600][44.172s][info][gc,stats    ]   Update Region States               45 us
[2026-04-03T02:18:02.271+0600][44.172s][info][gc,stats    ]   Trash Collection Set               12 us
[2026-04-03T02:18:02.271+0600][44.172s][info][gc,stats    ]   Rebuild Free Set                   41 us
[2026-04-03T02:18:02.271+0600][44.172s][info][gc,stats    ] Concurrent Cleanup                  496 us
[2026-04-03T02:18:02.271+0600][44.172s][info][gc,stats    ] Pacing                           275342 us
[2026-04-03T02:18:02.271+0600][44.172s][info][gc,stats    ] 
[2026-04-03T02:18:02.271+0600][44.172s][info][gc,stats    ] Allocation pacing accrued:
[2026-04-03T02:18:02.271+0600][44.172s][info][gc,stats    ]       5 of   449 ms (  1.1%): dispatcher-BlockManagerMaster
[2026-04-03T02:18:02.271+0600][44.172s][info][gc,stats    ]       8 of   449 ms (  1.8%): Spark Context Cleaner
[2026-04-03T02:18:02.271+0600][44.172s][info][gc,stats    ]       4 of   449 ms (  0.9%): spark-listener-group-appStatus
[2026-04-03T02:18:02.271+0600][44.172s][info][gc,stats    ]      52 of   449 ms ( 11.5%): Executor task launch worker for task 1.0 in stage 1036.0 (TID 2028)
[2026-04-03T02:18:02.271+0600][44.172s][info][gc,stats    ]      46 of   449 ms ( 10.3%): Executor task launch worker for task 3.0 in stage 1036.0 (TID 2030)
[2026-04-03T02:18:02.271+0600][44.172s][info][gc,stats    ]      47 of   449 ms ( 10.5%): Executor task launch worker for task 2.0 in stage 1036.0 (TID 2029)
[2026-04-03T02:18:02.271+0600][44.172s][info][gc,stats    ]      40 of   449 ms (  9.0%): Executor task launch worker for task 0.0 in stage 1036.0 (TID 2027)
[2026-04-03T02:18:02.271+0600][44.172s][info][gc,stats    ]       5 of   449 ms (  1.0%): block-manager-storage-async-thread-pool-37
[2026-04-03T02:18:02.271+0600][44.172s][info][gc,stats    ]       5 of   449 ms (  1.1%): block-manager-storage-async-thread-pool-53
[2026-04-03T02:18:02.271+0600][44.172s][info][gc,stats    ]      16 of   449 ms (  3.5%): block-manager-storage-async-thread-pool-59
[2026-04-03T02:18:02.271+0600][44.172s][info][gc,stats    ]       5 of   449 ms (  1.1%): block-manager-ask-thread-pool-48
[2026-04-03T02:18:02.271+0600][44.172s][info][gc,stats    ]       5 of   449 ms (  1.2%): block-manager-storage-async-thread-pool-76
[2026-04-03T02:18:02.271+0600][44.172s][info][gc,stats    ]       9 of   449 ms (  2.0%): block-manager-storage-async-thread-pool-77
[2026-04-03T02:18:02.271+0600][44.172s][info][gc,stats    ]       5 of   449 ms (  1.1%): block-manager-ask-thread-pool-50
[2026-04-03T02:18:02.271+0600][44.172s][info][gc,stats    ]       5 of   449 ms (  1.2%): block-manager-storage-async-thread-pool-78
[2026-04-03T02:18:02.271+0600][44.172s][info][gc,stats    ]       9 of   449 ms (  2.0%): block-manager-ask-thread-pool-54
[2026-04-03T02:18:02.271+0600][44.172s][info][gc,stats    ]       8 of   449 ms (  1.8%): block-manager-storage-async-thread-pool-97
[2026-04-03T02:18:02.271+0600][44.172s][info][gc,stats    ]     275 of   449 ms ( 61.3%): <total>
[2026-04-03T02:18:02.271+0600][44.172s][info][gc,stats    ]       1 of   449 ms (  0.2%): <average total>
[2026-04-03T02:18:02.271+0600][44.172s][info][gc,stats    ]      16 of   449 ms (  3.6%): <average non-zero>
[2026-04-03T02:18:02.271+0600][44.172s][info][gc,stats    ] 
[2026-04-03T02:18:02.271+0600][44.173s][info][gc,metaspace] Metaspace: 130787K(132032K)->130794K(132032K) NonClass: 114299K(114944K)->114306K(114944K) Class: 16487K(17088K)->16487K(17088K)
[2026-04-03T02:18:02.271+0600][44.173s][info][gc,ergo     ] Pacer for Idle. Initial: 15360K, Alloc Tax Rate: 1.0x
[2026-04-03T02:18:02.273+0600][44.174s][info][gc          ] Trigger: Average GC time (149.16 ms) is above the time for average allocation rate (1851 MB/s) to deplete free headroom (266M) (margin of error = 1.86)
[2026-04-03T02:18:02.273+0600][44.174s][info][gc,ergo     ] Free headroom: 303M (free) - 38400K (spike) - 0B (penalties) = 266M
[2026-04-03T02:18:02.273+0600][44.174s][info][gc,ergo     ] Free: 303M, Max: 256K regular, 94464K humongous, Frag: 70% external, 1% internal; Reserve: 38400K, Max: 256K
[2026-04-03T02:18:02.273+0600][44.174s][info][gc,start    ] GC(49) Concurrent reset
[2026-04-03T02:18:02.273+0600][44.174s][info][gc,task     ] GC(49) Using 3 of 6 workers for concurrent reset
[2026-04-03T02:18:02.273+0600][44.174s][info][gc,ergo     ] GC(49) Pacer for Reset. Non-Taxable: 750M
[2026-04-03T02:18:02.274+0600][44.175s][info][gc          ] GC(49) Concurrent reset 0.965ms
[2026-04-03T02:18:02.274+0600][44.175s][info][gc,start    ] GC(49) Pause Init Mark (unload classes)
[2026-04-03T02:18:02.274+0600][44.175s][info][gc,task     ] GC(49) Using 6 of 6 workers for init marking
[2026-04-03T02:18:02.274+0600][44.175s][info][gc,ergo     ] GC(49) Pacer for Mark. Expected Live: 92388K, Free: 299M, Non-Taxable: 30644K, Alloc Tax Rate: 0.4x
[2026-04-03T02:18:02.274+0600][44.175s][info][gc          ] GC(49) Pause Init Mark (unload classes) 0.104ms
[2026-04-03T02:18:02.274+0600][44.175s][info][gc,start    ] GC(49) Concurrent marking roots
[2026-04-03T02:18:02.274+0600][44.175s][info][gc,task     ] GC(49) Using 3 of 6 workers for concurrent marking roots
[2026-04-03T02:18:02.275+0600][44.177s][info][gc          ] GC(49) Concurrent marking roots 1.156ms
[2026-04-03T02:18:02.276+0600][44.177s][info][gc,start    ] GC(49) Concurrent marking (unload classes)
[2026-04-03T02:18:02.276+0600][44.177s][info][gc,task     ] GC(49) Using 3 of 6 workers for concurrent marking
[2026-04-03T02:18:02.342+0600][44.243s][info][gc          ] GC(49) Concurrent marking (unload classes) 66.743ms
[2026-04-03T02:18:02.342+0600][44.244s][info][gc,start    ] GC(49) Pause Final Mark (unload classes)
[2026-04-03T02:18:02.342+0600][44.244s][info][gc,task     ] GC(49) Using 6 of 6 workers for final marking
[2026-04-03T02:18:02.343+0600][44.244s][info][gc,ergo     ] GC(49) Adaptive CSet Selection. Target Free: 106M, Actual Free: 550M, Max CSet: 32000K, Min Garbage: 0B
[2026-04-03T02:18:02.343+0600][44.244s][info][gc,ergo     ] GC(49) Collectable Garbage: 294M (97%), Immediate: 267M (88%), CSet: 27714K (8%)
[2026-04-03T02:18:02.343+0600][44.244s][info][gc,ergo     ] GC(49) Pacer for Evacuation. Used CSet: 33440K, Free: 529M, Non-Taxable: 54256K, Alloc Tax Rate: 1.1x
[2026-04-03T02:18:02.343+0600][44.244s][info][gc          ] GC(49) Pause Final Mark (unload classes) 0.708ms
[2026-04-03T02:18:02.343+0600][44.244s][info][gc,start    ] GC(49) Concurrent thread roots
[2026-04-03T02:18:02.343+0600][44.244s][info][gc,task     ] GC(49) Using 3 of 6 workers for Concurrent thread roots
[2026-04-03T02:18:02.344+0600][44.245s][info][gc          ] GC(49) Concurrent thread roots 0.930ms
[2026-04-03T02:18:02.344+0600][44.245s][info][gc,start    ] GC(49) Concurrent weak references
[2026-04-03T02:18:02.344+0600][44.245s][info][gc,task     ] GC(49) Using 3 of 6 workers for concurrent weak references
[2026-04-03T02:18:02.345+0600][44.246s][info][gc,ref      ] GC(49) Encountered references: Soft: 3868, Weak: 14643, Final: 84, Phantom: 630
[2026-04-03T02:18:02.345+0600][44.246s][info][gc,ref      ] GC(49) Discovered  references: Soft: 0, Weak: 7900, Final: 52, Phantom: 580
[2026-04-03T02:18:02.345+0600][44.246s][info][gc,ref      ] GC(49) Enqueued    references: Soft: 0, Weak: 17, Final: 0, Phantom: 0
[2026-04-03T02:18:02.345+0600][44.246s][info][gc          ] GC(49) Concurrent weak references 1.170ms
[2026-04-03T02:18:02.345+0600][44.246s][info][gc,start    ] GC(49) Concurrent weak roots
[2026-04-03T02:18:02.345+0600][44.247s][info][gc,task     ] GC(49) Using 3 of 6 workers for concurrent weak root
[2026-04-03T02:18:02.350+0600][44.251s][info][gc          ] GC(49) Concurrent weak roots 4.505ms
[2026-04-03T02:18:02.350+0600][44.251s][info][gc,start    ] GC(49) Concurrent cleanup
[2026-04-03T02:18:02.351+0600][44.252s][info][gc          ] GC(49) Concurrent cleanup 449M->182M(659M) 0.664ms
[2026-04-03T02:18:02.351+0600][44.252s][info][gc,ergo     ] GC(49) Free: 524M, Max: 256K regular, 85760K humongous, Frag: 85% external, 0% internal; Reserve: 38212K, Max: 256K
[2026-04-03T02:18:02.351+0600][44.252s][info][gc,start    ] GC(49) Concurrent class unloading
[2026-04-03T02:18:02.351+0600][44.252s][info][gc,task     ] GC(49) Using 3 of 6 workers for concurrent class unloading
[2026-04-03T02:18:02.364+0600][44.265s][info][gc          ] GC(49) Concurrent class unloading 13.023ms
[2026-04-03T02:18:02.364+0600][44.265s][info][gc,start    ] GC(49) Concurrent strong roots
[2026-04-03T02:18:02.364+0600][44.265s][info][gc,task     ] GC(49) Using 3 of 6 workers for concurrent strong root
[2026-04-03T02:18:02.365+0600][44.266s][info][gc          ] GC(49) Concurrent strong roots 0.886ms
[2026-04-03T02:18:02.365+0600][44.266s][info][gc,start    ] GC(49) Concurrent evacuation
[2026-04-03T02:18:02.365+0600][44.266s][info][gc,task     ] GC(49) Using 3 of 6 workers for concurrent evacuation
[2026-04-03T02:18:02.367+0600][44.268s][info][gc          ] GC(49) Concurrent evacuation 1.851ms
[2026-04-03T02:18:02.367+0600][44.268s][info][gc,start    ] GC(49) Pause Init Update Refs
[2026-04-03T02:18:02.367+0600][44.268s][info][gc,ergo     ] GC(49) Pacer for Update Refs. Used: 193M, Free: 519M, Non-Taxable: 53192K, Alloc Tax Rate: 1.1x
[2026-04-03T02:18:02.367+0600][44.268s][info][gc          ] GC(49) Pause Init Update Refs 0.095ms
[2026-04-03T02:18:02.367+0600][44.268s][info][gc,start    ] GC(49) Concurrent update references
[2026-04-03T02:18:02.367+0600][44.268s][info][gc,task     ] GC(49) Using 3 of 6 workers for concurrent reference update
[2026-04-03T02:18:02.405+0600][44.306s][info][gc          ] GC(49) Concurrent update references 37.655ms
[2026-04-03T02:18:02.405+0600][44.306s][info][gc,start    ] GC(49) Concurrent update thread roots
[2026-04-03T02:18:02.406+0600][44.307s][info][gc          ] GC(49) Concurrent update thread roots 1.569ms
[2026-04-03T02:18:02.407+0600][44.308s][info][gc,start    ] GC(49) Pause Final Update Refs
[2026-04-03T02:18:02.407+0600][44.308s][info][gc,task     ] GC(49) Using 6 of 6 workers for final reference update
[2026-04-03T02:18:02.407+0600][44.308s][info][gc          ] GC(49) Pause Final Update Refs 0.223ms
[2026-04-03T02:18:02.408+0600][44.309s][info][gc,start    ] GC(49) Concurrent cleanup
[2026-04-03T02:18:02.408+0600][44.309s][info][gc          ] GC(49) Concurrent cleanup 320M->305M(659M) 0.610ms
[2026-04-03T02:18:02.408+0600][44.309s][info][gc,ergo     ] Free: 392M, Max: 256K regular, 238M humongous, Frag: 39% external, 1% internal; Reserve: 38400K, Max: 256K
[2026-04-03T02:18:02.408+0600][44.309s][info][gc,stats    ] 
[2026-04-03T02:18:02.408+0600][44.309s][info][gc,stats    ] All times are wall-clock times, except per-root-class counters, that are sum over
[2026-04-03T02:18:02.408+0600][44.309s][info][gc,stats    ] all workers. Dividing the <total> over the root stage time estimates parallelism.
[2026-04-03T02:18:02.408+0600][44.309s][info][gc,stats    ] 
[2026-04-03T02:18:02.408+0600][44.309s][info][gc,stats    ] Concurrent Reset                   1025 us
[2026-04-03T02:18:02.408+0600][44.309s][info][gc,stats    ] Pause Init Mark (G)                 524 us
[2026-04-03T02:18:02.408+0600][44.309s][info][gc,stats    ] Pause Init Mark (N)                 113 us
[2026-04-03T02:18:02.408+0600][44.309s][info][gc,stats    ]   Update Region States               27 us
[2026-04-03T02:18:02.408+0600][44.309s][info][gc,stats    ] Concurrent Mark Roots              1230 us, parallelism: 1.79x
[2026-04-03T02:18:02.408+0600][44.309s][info][gc,stats    ]   CMR: <total>                     2199 us
[2026-04-03T02:18:02.408+0600][44.309s][info][gc,stats    ]   CMR: Thread Roots                1892 us, workers (us): 736, 491, 665, ---, ---, ---, 
[2026-04-03T02:18:02.408+0600][44.309s][info][gc,stats    ]   CMR: VM Strong Roots               62 us, workers (us):  54,   8,   1, ---, ---, ---, 
[2026-04-03T02:18:02.408+0600][44.309s][info][gc,stats    ]   CMR: CLDG Roots                   246 us, workers (us): ---, 246, ---, ---, ---, ---, 
[2026-04-03T02:18:02.408+0600][44.309s][info][gc,stats    ] Concurrent Marking                66828 us
[2026-04-03T02:18:02.408+0600][44.309s][info][gc,stats    ] Pause Final Mark (G)                824 us
[2026-04-03T02:18:02.408+0600][44.309s][info][gc,stats    ] Pause Final Mark (N)                717 us
[2026-04-03T02:18:02.408+0600][44.309s][info][gc,stats    ]   Finish Mark                       379 us
[2026-04-03T02:18:02.408+0600][44.309s][info][gc,stats    ]   Update Region States               46 us
[2026-04-03T02:18:02.408+0600][44.310s][info][gc,stats    ]   Choose Collection Set             180 us
[2026-04-03T02:18:02.408+0600][44.310s][info][gc,stats    ]   Rebuild Free Set                   38 us
[2026-04-03T02:18:02.408+0600][44.310s][info][gc,stats    ] Concurrent Thread Roots             988 us, parallelism: 2.41x
[2026-04-03T02:18:02.408+0600][44.310s][info][gc,stats    ]   CTR: <total>                     2379 us
[2026-04-03T02:18:02.408+0600][44.310s][info][gc,stats    ]   CTR: Thread Roots                2379 us, workers (us): 857, 763, 759, ---, ---, ---, 
[2026-04-03T02:18:02.408+0600][44.310s][info][gc,stats    ] Concurrent Weak References         1183 us, parallelism: 0.92x
[2026-04-03T02:18:02.408+0600][44.310s][info][gc,stats    ]   CWRF: <total>                    1089 us
[2026-04-03T02:18:02.408+0600][44.310s][info][gc,stats    ]   CWRF: Weak References            1089 us, workers (us):  79,  25, 986, ---, ---, ---, 
[2026-04-03T02:18:02.408+0600][44.310s][info][gc,stats    ] Concurrent Weak Roots              4610 us
[2026-04-03T02:18:02.408+0600][44.310s][info][gc,stats    ]   Roots                            4158 us, parallelism: 2.67x
[2026-04-03T02:18:02.408+0600][44.310s][info][gc,stats    ]     CWR: <total>                  11083 us
[2026-04-03T02:18:02.409+0600][44.310s][info][gc,stats    ]     CWR: Code Cache Roots          8298 us, workers (us): 2898, 2819, 2581, ---, ---, ---, 
[2026-04-03T02:18:02.409+0600][44.310s][info][gc,stats    ]     CWR: VM Weak Roots             2538 us, workers (us): 863, 869, 806, ---, ---, ---, 
[2026-04-03T02:18:02.409+0600][44.310s][info][gc,stats    ]     CWR: CLDG Roots                 247 us, workers (us): ---, ---, 247, ---, ---, ---, 
[2026-04-03T02:18:02.409+0600][44.310s][info][gc,stats    ]   Rendezvous                        317 us
[2026-04-03T02:18:02.409+0600][44.310s][info][gc,stats    ] Concurrent Cleanup                  718 us
[2026-04-03T02:18:02.409+0600][44.310s][info][gc,stats    ] Concurrent Class Unloading        13093 us
[2026-04-03T02:18:02.409+0600][44.310s][info][gc,stats    ]   Unlink Stale                    12333 us
[2026-04-03T02:18:02.409+0600][44.310s][info][gc,stats    ]     System Dictionary               245 us
[2026-04-03T02:18:02.409+0600][44.310s][info][gc,stats    ]     Weak Class Links                  0 us
[2026-04-03T02:18:02.409+0600][44.310s][info][gc,stats    ]     Code Roots                    12084 us
[2026-04-03T02:18:02.409+0600][44.310s][info][gc,stats    ]   Rendezvous                        267 us
[2026-04-03T02:18:02.409+0600][44.310s][info][gc,stats    ]   Purge Unlinked                    398 us
[2026-04-03T02:18:02.409+0600][44.310s][info][gc,stats    ]     Code Roots                      385 us
[2026-04-03T02:18:02.409+0600][44.310s][info][gc,stats    ]     CLDG                             11 us
[2026-04-03T02:18:02.409+0600][44.310s][info][gc,stats    ]     Exception Caches                  0 us
[2026-04-03T02:18:02.409+0600][44.310s][info][gc,stats    ] Concurrent Strong Roots             934 us, parallelism: 0.51x
[2026-04-03T02:18:02.409+0600][44.310s][info][gc,stats    ]   CSR: <total>                      480 us
[2026-04-03T02:18:02.409+0600][44.310s][info][gc,stats    ]   CSR: VM Strong Roots               30 us, workers (us):  29,   1,   0, ---, ---, ---, 
[2026-04-03T02:18:02.409+0600][44.310s][info][gc,stats    ]   CSR: CLDG Roots                   449 us, workers (us): 449, ---, ---, ---, ---, ---, 
[2026-04-03T02:18:02.409+0600][44.310s][info][gc,stats    ] Concurrent Evacuation              1909 us
[2026-04-03T02:18:02.409+0600][44.310s][info][gc,stats    ] Pause Init Update Refs (G)          223 us
[2026-04-03T02:18:02.409+0600][44.310s][info][gc,stats    ] Pause Init Update Refs (N)          106 us
[2026-04-03T02:18:02.409+0600][44.310s][info][gc,stats    ]   Manage GCLABs                      45 us
[2026-04-03T02:18:02.409+0600][44.310s][info][gc,stats    ] Concurrent Update Refs            37812 us
[2026-04-03T02:18:02.409+0600][44.310s][info][gc,stats    ] Concurrent Update Thread Roots     1632 us
[2026-04-03T02:18:02.409+0600][44.310s][info][gc,stats    ] Pause Final Update Refs (G)        1145 us
[2026-04-03T02:18:02.409+0600][44.310s][info][gc,stats    ] Pause Final Update Refs (N)         240 us
[2026-04-03T02:18:02.409+0600][44.310s][info][gc,stats    ]   Update Region States               59 us
[2026-04-03T02:18:02.409+0600][44.310s][info][gc,stats    ]   Trash Collection Set               14 us
[2026-04-03T02:18:02.409+0600][44.310s][info][gc,stats    ]   Rebuild Free Set                   53 us
[2026-04-03T02:18:02.409+0600][44.310s][info][gc,stats    ] Concurrent Cleanup                  638 us
[2026-04-03T02:18:02.409+0600][44.310s][info][gc,stats    ] Pacing                           162243 us
[2026-04-03T02:18:02.409+0600][44.310s][info][gc,stats    ] 
[2026-04-03T02:18:02.409+0600][44.310s][info][gc,stats    ] Allocation pacing accrued:
[2026-04-03T02:18:02.409+0600][44.310s][info][gc,stats    ]      10 of   138 ms (  7.4%): dispatcher-event-loop-5
[2026-04-03T02:18:02.409+0600][44.310s][info][gc,stats    ]      21 of   138 ms ( 15.5%): Executor task launch worker for task 0.0 in stage 1041.0 (TID 2039)
[2026-04-03T02:18:02.409+0600][44.310s][info][gc,stats    ]      21 of   138 ms ( 15.5%): Executor task launch worker for task 2.0 in stage 1041.0 (TID 2041)
[2026-04-03T02:18:02.409+0600][44.310s][info][gc,stats    ]      11 of   138 ms (  8.1%): Executor task launch worker for task 1.0 in stage 1037.0 (TID 2032)
[2026-04-03T02:18:02.409+0600][44.310s][info][gc,stats    ]      19 of   138 ms ( 13.6%): Executor task launch worker for task 0.0 in stage 1037.0 (TID 2031)
[2026-04-03T02:18:02.409+0600][44.310s][info][gc,stats    ]      11 of   138 ms (  8.1%): Executor task launch worker for task 3.0 in stage 1041.0 (TID 2042)
[2026-04-03T02:18:02.409+0600][44.310s][info][gc,stats    ]      21 of   138 ms ( 15.5%): Executor task launch worker for task 1.0 in stage 1041.0 (TID 2040)
[2026-04-03T02:18:02.409+0600][44.310s][info][gc,stats    ]      10 of   138 ms (  7.4%): task-result-getter-0
[2026-04-03T02:18:02.409+0600][44.310s][info][gc,stats    ]      22 of   138 ms ( 16.0%): task-result-getter-1
[2026-04-03T02:18:02.409+0600][44.310s][info][gc,stats    ]       8 of   138 ms (  5.5%): block-manager-storage-async-thread-pool-87
[2026-04-03T02:18:02.409+0600][44.310s][info][gc,stats    ]       7 of   138 ms (  5.4%): block-manager-storage-async-thread-pool-99
[2026-04-03T02:18:02.409+0600][44.310s][info][gc,stats    ]     162 of   138 ms (118.0%): <total>
[2026-04-03T02:18:02.409+0600][44.310s][info][gc,stats    ]       1 of   138 ms (  0.4%): <average total>
[2026-04-03T02:18:02.409+0600][44.310s][info][gc,stats    ]      15 of   138 ms ( 10.7%): <average non-zero>
[2026-04-03T02:18:02.409+0600][44.310s][info][gc,stats    ] 
[2026-04-03T02:18:02.409+0600][44.310s][info][gc,metaspace] Metaspace: 130794K(132032K)->130805K(132032K) NonClass: 114306K(114944K)->114317K(114944K) Class: 16487K(17088K)->16487K(17088K)
[2026-04-03T02:18:02.409+0600][44.310s][info][gc,ergo     ] Pacer for Idle. Initial: 15360K, Alloc Tax Rate: 1.0x
[2026-04-03T02:18:02.415+0600][44.316s][info][gc          ] Trigger: Average GC time (149.46 ms) is above the time for average allocation rate (1821 MB/s) to deplete free headroom (268M) (margin of error = 1.87)
[2026-04-03T02:18:02.415+0600][44.316s][info][gc,ergo     ] Free headroom: 306M (free) - 38400K (spike) - 0B (penalties) = 268M
[2026-04-03T02:18:02.415+0600][44.316s][info][gc,ergo     ] Free: 306M, Max: 256K regular, 229M humongous, Frag: 25% external, 1% internal; Reserve: 38400K, Max: 256K
[2026-04-03T02:18:02.415+0600][44.316s][info][gc,start    ] GC(50) Concurrent reset
[2026-04-03T02:18:02.415+0600][44.316s][info][gc,task     ] GC(50) Using 3 of 6 workers for concurrent reset
[2026-04-03T02:18:02.415+0600][44.316s][info][gc,ergo     ] GC(50) Pacer for Reset. Non-Taxable: 750M
[2026-04-03T02:18:02.416+0600][44.317s][info][gc          ] GC(50) Concurrent reset 0.858ms
[2026-04-03T02:18:02.417+0600][44.318s][info][gc,start    ] GC(50) Pause Init Mark (unload classes)
[2026-04-03T02:18:02.417+0600][44.318s][info][gc,task     ] GC(50) Using 6 of 6 workers for init marking
[2026-04-03T02:18:02.417+0600][44.318s][info][gc,ergo     ] GC(50) Pacer for Mark. Expected Live: 90822K, Free: 292M, Non-Taxable: 29976K, Alloc Tax Rate: 0.4x
[2026-04-03T02:18:02.417+0600][44.318s][info][gc          ] GC(50) Pause Init Mark (unload classes) 0.186ms
[2026-04-03T02:18:02.417+0600][44.318s][info][gc,start    ] GC(50) Concurrent marking roots
[2026-04-03T02:18:02.417+0600][44.318s][info][gc,task     ] GC(50) Using 3 of 6 workers for concurrent marking roots
[2026-04-03T02:18:02.418+0600][44.319s][info][gc          ] GC(50) Concurrent marking roots 1.333ms
[2026-04-03T02:18:02.418+0600][44.319s][info][gc,start    ] GC(50) Concurrent marking (unload classes)
[2026-04-03T02:18:02.418+0600][44.319s][info][gc,task     ] GC(50) Using 3 of 6 workers for concurrent marking
[2026-04-03T02:18:02.459+0600][44.360s][info][gc          ] GC(50) Concurrent marking (unload classes) 40.871ms
[2026-04-03T02:18:02.459+0600][44.360s][info][gc,start    ] GC(50) Pause Final Mark (unload classes)
[2026-04-03T02:18:02.459+0600][44.360s][info][gc,task     ] GC(50) Using 6 of 6 workers for final marking
[2026-04-03T02:18:02.460+0600][44.361s][info][gc,ergo     ] GC(50) Adaptive CSet Selection. Target Free: 106M, Actual Free: 534M, Max CSet: 32000K, Min Garbage: 0B
[2026-04-03T02:18:02.460+0600][44.361s][info][gc,ergo     ] GC(50) Collectable Garbage: 290M (97%), Immediate: 256M (86%), CSet: 34495K (11%)
[2026-04-03T02:18:02.460+0600][44.361s][info][gc,ergo     ] GC(50) Pacer for Evacuation. Used CSet: 40784K, Free: 517M, Non-Taxable: 52947K, Alloc Tax Rate: 1.1x
[2026-04-03T02:18:02.460+0600][44.361s][info][gc          ] GC(50) Pause Final Mark (unload classes) 0.482ms
[2026-04-03T02:18:02.460+0600][44.361s][info][gc,start    ] GC(50) Concurrent thread roots
[2026-04-03T02:18:02.460+0600][44.361s][info][gc,task     ] GC(50) Using 3 of 6 workers for Concurrent thread roots
[2026-04-03T02:18:02.461+0600][44.362s][info][gc          ] GC(50) Concurrent thread roots 0.830ms
[2026-04-03T02:18:02.461+0600][44.362s][info][gc,start    ] GC(50) Concurrent weak references
[2026-04-03T02:18:02.461+0600][44.362s][info][gc,task     ] GC(50) Using 3 of 6 workers for concurrent weak references
[2026-04-03T02:18:02.461+0600][44.362s][info][gc,ref      ] GC(50) Encountered references: Soft: 3869, Weak: 14791, Final: 84, Phantom: 639
[2026-04-03T02:18:02.461+0600][44.362s][info][gc,ref      ] GC(50) Discovered  references: Soft: 0, Weak: 7820, Final: 52, Phantom: 609
[2026-04-03T02:18:02.461+0600][44.362s][info][gc,ref      ] GC(50) Enqueued    references: Soft: 0, Weak: 245, Final: 0, Phantom: 0
[2026-04-03T02:18:02.461+0600][44.363s][info][gc          ] GC(50) Concurrent weak references 0.823ms
[2026-04-03T02:18:02.461+0600][44.363s][info][gc,start    ] GC(50) Concurrent weak roots
[2026-04-03T02:18:02.461+0600][44.363s][info][gc,task     ] GC(50) Using 3 of 6 workers for concurrent weak root
[2026-04-03T02:18:02.465+0600][44.366s][info][gc          ] GC(50) Concurrent weak roots 3.371ms
[2026-04-03T02:18:02.465+0600][44.366s][info][gc,start    ] GC(50) Concurrent cleanup
[2026-04-03T02:18:02.465+0600][44.367s][info][gc          ] GC(50) Concurrent cleanup 451M->194M(659M) 0.551ms
[2026-04-03T02:18:02.465+0600][44.367s][info][gc,ergo     ] GC(50) Free: 512M, Max: 256K regular, 170M humongous, Frag: 67% external, 0% internal; Reserve: 37081K, Max: 256K
[2026-04-03T02:18:02.466+0600][44.367s][info][gc,start    ] GC(50) Concurrent class unloading
[2026-04-03T02:18:02.466+0600][44.367s][info][gc,task     ] GC(50) Using 3 of 6 workers for concurrent class unloading
[2026-04-03T02:18:02.477+0600][44.378s][info][gc          ] GC(50) Concurrent class unloading 11.555ms
[2026-04-03T02:18:02.477+0600][44.378s][info][gc,start    ] GC(50) Concurrent strong roots
[2026-04-03T02:18:02.477+0600][44.378s][info][gc,task     ] GC(50) Using 3 of 6 workers for concurrent strong root
[2026-04-03T02:18:02.478+0600][44.379s][info][gc          ] GC(50) Concurrent strong roots 0.886ms
[2026-04-03T02:18:02.478+0600][44.379s][info][gc,start    ] GC(50) Concurrent evacuation
[2026-04-03T02:18:02.478+0600][44.379s][info][gc,task     ] GC(50) Using 3 of 6 workers for concurrent evacuation
[2026-04-03T02:18:02.480+0600][44.381s][info][gc          ] GC(50) Concurrent evacuation 1.732ms
[2026-04-03T02:18:02.480+0600][44.381s][info][gc,start    ] GC(50) Pause Init Update Refs
[2026-04-03T02:18:02.480+0600][44.381s][info][gc,ergo     ] GC(50) Pacer for Update Refs. Used: 206M, Free: 506M, Non-Taxable: 51818K, Alloc Tax Rate: 1.1x
[2026-04-03T02:18:02.480+0600][44.381s][info][gc          ] GC(50) Pause Init Update Refs 0.116ms
[2026-04-03T02:18:02.480+0600][44.381s][info][gc,start    ] GC(50) Concurrent update references
[2026-04-03T02:18:02.480+0600][44.382s][info][gc,task     ] GC(50) Using 3 of 6 workers for concurrent reference update
[2026-04-03T02:18:02.522+0600][44.423s][info][gc          ] GC(50) Concurrent update references 41.289ms
[2026-04-03T02:18:02.522+0600][44.423s][info][gc,start    ] GC(50) Concurrent update thread roots
[2026-04-03T02:18:02.523+0600][44.424s][info][gc          ] GC(50) Concurrent update thread roots 1.422ms
[2026-04-03T02:18:02.524+0600][44.425s][info][gc,start    ] GC(50) Pause Final Update Refs
[2026-04-03T02:18:02.524+0600][44.425s][info][gc,task     ] GC(50) Using 6 of 6 workers for final reference update
[2026-04-03T02:18:02.524+0600][44.425s][info][gc          ] GC(50) Pause Final Update Refs 0.225ms
[2026-04-03T02:18:02.524+0600][44.425s][info][gc,start    ] GC(50) Concurrent cleanup
[2026-04-03T02:18:02.524+0600][44.426s][info][gc          ] GC(50) Concurrent cleanup 257M->217M(659M) 0.616ms
[2026-04-03T02:18:02.525+0600][44.426s][info][gc,ergo     ] Free: 486M, Max: 256K regular, 170M humongous, Frag: 65% external, 0% internal; Reserve: 38400K, Max: 256K
[2026-04-03T02:18:02.525+0600][44.426s][info][gc,stats    ] 
[2026-04-03T02:18:02.525+0600][44.426s][info][gc,stats    ] All times are wall-clock times, except per-root-class counters, that are sum over
[2026-04-03T02:18:02.525+0600][44.426s][info][gc,stats    ] all workers. Dividing the <total> over the root stage time estimates parallelism.
[2026-04-03T02:18:02.525+0600][44.426s][info][gc,stats    ] 
[2026-04-03T02:18:02.525+0600][44.426s][info][gc,stats    ] Concurrent Reset                    891 us
[2026-04-03T02:18:02.525+0600][44.426s][info][gc,stats    ] Pause Init Mark (G)                1193 us
[2026-04-03T02:18:02.525+0600][44.426s][info][gc,stats    ] Pause Init Mark (N)                 198 us
[2026-04-03T02:18:02.525+0600][44.426s][info][gc,stats    ]   Update Region States               53 us
[2026-04-03T02:18:02.525+0600][44.426s][info][gc,stats    ] Concurrent Mark Roots              1370 us, parallelism: 1.96x
[2026-04-03T02:18:02.525+0600][44.426s][info][gc,stats    ]   CMR: <total>                     2691 us
[2026-04-03T02:18:02.525+0600][44.426s][info][gc,stats    ]   CMR: Thread Roots                2450 us, workers (us): 879, 689, 883, ---, ---, ---, 
[2026-04-03T02:18:02.525+0600][44.426s][info][gc,stats    ]   CMR: VM Strong Roots               42 us, workers (us):  29,  11,   1, ---, ---, ---, 
[2026-04-03T02:18:02.525+0600][44.426s][info][gc,stats    ]   CMR: CLDG Roots                   199 us, workers (us): ---, 199, ---, ---, ---, ---, 
[2026-04-03T02:18:02.525+0600][44.426s][info][gc,stats    ] Concurrent Marking                40938 us
[2026-04-03T02:18:02.525+0600][44.426s][info][gc,stats    ] Pause Final Mark (G)                565 us
[2026-04-03T02:18:02.525+0600][44.426s][info][gc,stats    ] Pause Final Mark (N)                489 us
[2026-04-03T02:18:02.525+0600][44.426s][info][gc,stats    ]   Finish Mark                       186 us
[2026-04-03T02:18:02.525+0600][44.426s][info][gc,stats    ]   Update Region States               37 us
[2026-04-03T02:18:02.525+0600][44.426s][info][gc,stats    ]   Choose Collection Set             158 us
[2026-04-03T02:18:02.525+0600][44.426s][info][gc,stats    ]   Rebuild Free Set                   32 us
[2026-04-03T02:18:02.525+0600][44.426s][info][gc,stats    ] Concurrent Thread Roots             871 us, parallelism: 2.13x
[2026-04-03T02:18:02.525+0600][44.426s][info][gc,stats    ]   CTR: <total>                     1857 us
[2026-04-03T02:18:02.525+0600][44.426s][info][gc,stats    ]   CTR: Thread Roots                1857 us, workers (us): 665, 624, 568, ---, ---, ---, 
[2026-04-03T02:18:02.525+0600][44.426s][info][gc,stats    ] Concurrent Weak References          833 us, parallelism: 0.91x
[2026-04-03T02:18:02.525+0600][44.426s][info][gc,stats    ]   CWRF: <total>                     760 us
[2026-04-03T02:18:02.525+0600][44.426s][info][gc,stats    ]   CWRF: Weak References             760 us, workers (us): 154,  82, 525, ---, ---, ---, 
[2026-04-03T02:18:02.525+0600][44.426s][info][gc,stats    ] Concurrent Weak Roots              3473 us
[2026-04-03T02:18:02.525+0600][44.426s][info][gc,stats    ]   Roots                            3145 us, parallelism: 2.55x
[2026-04-03T02:18:02.525+0600][44.426s][info][gc,stats    ]     CWR: <total>                   8029 us
[2026-04-03T02:18:02.525+0600][44.426s][info][gc,stats    ]     CWR: Code Cache Roots          6242 us, workers (us): 2214, 1972, 2055, ---, ---, ---, 
[2026-04-03T02:18:02.525+0600][44.426s][info][gc,stats    ]     CWR: VM Weak Roots             1693 us, workers (us): 589, 554, 550, ---, ---, ---, 
[2026-04-03T02:18:02.525+0600][44.426s][info][gc,stats    ]     CWR: CLDG Roots                  94 us, workers (us): ---,  94, ---, ---, ---, ---, 
[2026-04-03T02:18:02.525+0600][44.426s][info][gc,stats    ]   Rendezvous                        208 us
[2026-04-03T02:18:02.525+0600][44.426s][info][gc,stats    ] Concurrent Cleanup                  582 us
[2026-04-03T02:18:02.525+0600][44.426s][info][gc,stats    ] Concurrent Class Unloading        11627 us
[2026-04-03T02:18:02.525+0600][44.426s][info][gc,stats    ]   Unlink Stale                    10694 us
[2026-04-03T02:18:02.525+0600][44.426s][info][gc,stats    ]     System Dictionary               261 us
[2026-04-03T02:18:02.525+0600][44.426s][info][gc,stats    ]     Weak Class Links                  0 us
[2026-04-03T02:18:02.525+0600][44.426s][info][gc,stats    ]     Code Roots                    10430 us
[2026-04-03T02:18:02.525+0600][44.426s][info][gc,stats    ]   Rendezvous                        301 us
[2026-04-03T02:18:02.525+0600][44.426s][info][gc,stats    ]   Purge Unlinked                    538 us
[2026-04-03T02:18:02.525+0600][44.426s][info][gc,stats    ]     Code Roots                      523 us
[2026-04-03T02:18:02.525+0600][44.426s][info][gc,stats    ]     CLDG                             15 us
[2026-04-03T02:18:02.525+0600][44.426s][info][gc,stats    ]     Exception Caches                  0 us
[2026-04-03T02:18:02.525+0600][44.426s][info][gc,stats    ] Concurrent Strong Roots             916 us, parallelism: 0.61x
[2026-04-03T02:18:02.525+0600][44.426s][info][gc,stats    ]   CSR: <total>                      554 us
[2026-04-03T02:18:02.525+0600][44.426s][info][gc,stats    ]   CSR: VM Strong Roots               31 us, workers (us):  28,   2,   1, ---, ---, ---, 
[2026-04-03T02:18:02.525+0600][44.426s][info][gc,stats    ]   CSR: CLDG Roots                   524 us, workers (us): 524, ---, ---, ---, ---, ---, 
[2026-04-03T02:18:02.525+0600][44.426s][info][gc,stats    ] Concurrent Evacuation              1790 us
[2026-04-03T02:18:02.525+0600][44.426s][info][gc,stats    ] Pause Init Update Refs (G)          500 us
[2026-04-03T02:18:02.525+0600][44.426s][info][gc,stats    ] Pause Init Update Refs (N)          127 us
[2026-04-03T02:18:02.525+0600][44.426s][info][gc,stats    ]   Manage GCLABs                      49 us
[2026-04-03T02:18:02.525+0600][44.426s][info][gc,stats    ] Concurrent Update Refs            41397 us
[2026-04-03T02:18:02.525+0600][44.426s][info][gc,stats    ] Concurrent Update Thread Roots     1479 us
[2026-04-03T02:18:02.525+0600][44.426s][info][gc,stats    ] Pause Final Update Refs (G)         603 us
[2026-04-03T02:18:02.525+0600][44.426s][info][gc,stats    ] Pause Final Update Refs (N)         237 us
[2026-04-03T02:18:02.525+0600][44.426s][info][gc,stats    ]   Update Region States               48 us
[2026-04-03T02:18:02.525+0600][44.426s][info][gc,stats    ]   Trash Collection Set               11 us
[2026-04-03T02:18:02.525+0600][44.426s][info][gc,stats    ]   Rebuild Free Set                   60 us
[2026-04-03T02:18:02.525+0600][44.426s][info][gc,stats    ] Concurrent Cleanup                  637 us
[2026-04-03T02:18:02.525+0600][44.426s][info][gc,stats    ] Pacing                           153933 us
[2026-04-03T02:18:02.525+0600][44.426s][info][gc,stats    ] 
[2026-04-03T02:18:02.525+0600][44.426s][info][gc,stats    ] Allocation pacing accrued:
[2026-04-03T02:18:02.525+0600][44.426s][info][gc,stats    ]      11 of   116 ms (  9.7%): dispatcher-event-loop-3
[2026-04-03T02:18:02.525+0600][44.426s][info][gc,stats    ]      11 of   116 ms (  9.7%): dispatcher-event-loop-4
[2026-04-03T02:18:02.525+0600][44.426s][info][gc,stats    ]      11 of   116 ms (  9.6%): Spark Context Cleaner
[2026-04-03T02:18:02.525+0600][44.426s][info][gc,stats    ]      11 of   116 ms (  9.6%): spark-listener-group-appStatus
[2026-04-03T02:18:02.525+0600][44.426s][info][gc,stats    ]      11 of   116 ms (  9.6%): spark-listener-group-executorManagement
[2026-04-03T02:18:02.525+0600][44.426s][info][gc,stats    ]      11 of   116 ms (  9.6%): spark-listener-group-shared
[2026-04-03T02:18:02.525+0600][44.426s][info][gc,stats    ]      12 of   116 ms ( 10.6%): Executor task launch worker for task 2.0 in stage 1042.0 (TID 2045)
[2026-04-03T02:18:02.525+0600][44.426s][info][gc,stats    ]      38 of   116 ms ( 32.9%): Executor task launch worker for task 0.0 in stage 1042.0 (TID 2043)
[2026-04-03T02:18:02.525+0600][44.426s][info][gc,stats    ]      14 of   116 ms ( 11.8%): Executor task launch worker for task 1.0 in stage 1042.0 (TID 2044)
[2026-04-03T02:18:02.525+0600][44.426s][info][gc,stats    ]      11 of   116 ms (  9.6%): task-result-getter-0
[2026-04-03T02:18:02.525+0600][44.426s][info][gc,stats    ]      11 of   116 ms (  9.6%): task-result-getter-1
[2026-04-03T02:18:02.525+0600][44.426s][info][gc,stats    ]     154 of   116 ms (132.4%): <total>
[2026-04-03T02:18:02.525+0600][44.426s][info][gc,stats    ]       1 of   116 ms (  0.5%): <average total>
[2026-04-03T02:18:02.525+0600][44.426s][info][gc,stats    ]      14 of   116 ms ( 12.0%): <average non-zero>
[2026-04-03T02:18:02.525+0600][44.426s][info][gc,stats    ] 
[2026-04-03T02:18:02.525+0600][44.426s][info][gc,metaspace] Metaspace: 130805K(132032K)->130806K(132032K) NonClass: 114317K(114944K)->114318K(114944K) Class: 16487K(17088K)->16487K(17088K)
[2026-04-03T02:18:02.525+0600][44.426s][info][gc,ergo     ] Pacer for Idle. Initial: 15360K, Alloc Tax Rate: 1.0x
[2026-04-03T02:18:03.028+0600][44.929s][info][gc          ] Trigger: Average GC time (143.85 ms) is above the time for average allocation rate (840 MB/s) to deplete free headroom (95887K) (margin of error = 1.87)
[2026-04-03T02:18:03.028+0600][44.930s][info][gc,ergo     ] Free headroom: 131M (free) - 38400K (spike) - 0B (penalties) = 95887K
[2026-04-03T02:18:03.029+0600][44.930s][info][gc,ergo     ] Free: 131M, Max: 256K regular, 71936K humongous, Frag: 47% external, 1% internal; Reserve: 38400K, Max: 256K
[2026-04-03T02:18:03.029+0600][44.930s][info][gc,start    ] GC(51) Concurrent reset
[2026-04-03T02:18:03.029+0600][44.930s][info][gc,task     ] GC(51) Using 3 of 6 workers for concurrent reset
[2026-04-03T02:18:03.029+0600][44.930s][info][gc,ergo     ] GC(51) Pacer for Reset. Non-Taxable: 750M
[2026-04-03T02:18:03.029+0600][44.931s][info][gc          ] GC(51) Concurrent reset 0.906ms
[2026-04-03T02:18:03.030+0600][44.931s][info][gc,start    ] GC(51) Pause Init Mark (unload classes)
[2026-04-03T02:18:03.030+0600][44.931s][info][gc,task     ] GC(51) Using 6 of 6 workers for init marking
[2026-04-03T02:18:03.030+0600][44.931s][info][gc,ergo     ] GC(51) Pacer for Mark. Expected Live: 93440K, Free: 130M, Non-Taxable: 13377K, Alloc Tax Rate: 0.9x
[2026-04-03T02:18:03.030+0600][44.931s][info][gc          ] GC(51) Pause Init Mark (unload classes) 0.218ms
[2026-04-03T02:18:03.030+0600][44.931s][info][gc,start    ] GC(51) Concurrent marking roots
[2026-04-03T02:18:03.030+0600][44.931s][info][gc,task     ] GC(51) Using 3 of 6 workers for concurrent marking roots
[2026-04-03T02:18:03.032+0600][44.933s][info][gc          ] GC(51) Concurrent marking roots 1.650ms
[2026-04-03T02:18:03.032+0600][44.933s][info][gc,start    ] GC(51) Concurrent marking (unload classes)
[2026-04-03T02:18:03.032+0600][44.933s][info][gc,task     ] GC(51) Using 3 of 6 workers for concurrent marking
[2026-04-03T02:18:03.081+0600][44.982s][info][gc          ] GC(51) Concurrent marking (unload classes) 49.480ms
[2026-04-03T02:18:03.081+0600][44.982s][info][gc,start    ] GC(51) Pause Final Mark (unload classes)
[2026-04-03T02:18:03.081+0600][44.982s][info][gc,task     ] GC(51) Using 6 of 6 workers for final marking
[2026-04-03T02:18:03.082+0600][44.983s][info][gc,ergo     ] GC(51) Adaptive CSet Selection. Target Free: 106M, Actual Free: 498M, Max CSet: 32000K, Min Garbage: 0B
[2026-04-03T02:18:03.082+0600][44.983s][info][gc,ergo     ] GC(51) Collectable Garbage: 452M (98%), Immediate: 352M (76%), CSet: 100M (21%)
[2026-04-03T02:18:03.082+0600][44.983s][info][gc,ergo     ] GC(51) Pacer for Evacuation. Used CSet: 104M, Free: 492M, Non-Taxable: 50404K, Alloc Tax Rate: 1.1x
[2026-04-03T02:18:03.082+0600][44.983s][info][gc          ] GC(51) Pause Final Mark (unload classes) 0.604ms
[2026-04-03T02:18:03.082+0600][44.983s][info][gc,start    ] GC(51) Concurrent thread roots
[2026-04-03T02:18:03.082+0600][44.983s][info][gc,task     ] GC(51) Using 3 of 6 workers for Concurrent thread roots
[2026-04-03T02:18:03.083+0600][44.984s][info][gc          ] GC(51) Concurrent thread roots 0.782ms
[2026-04-03T02:18:03.083+0600][44.984s][info][gc,start    ] GC(51) Concurrent weak references
[2026-04-03T02:18:03.083+0600][44.984s][info][gc,task     ] GC(51) Using 3 of 6 workers for concurrent weak references
[2026-04-03T02:18:03.084+0600][44.985s][info][gc,ref      ] GC(51) Encountered references: Soft: 3873, Weak: 15130, Final: 84, Phantom: 621
[2026-04-03T02:18:03.084+0600][44.985s][info][gc,ref      ] GC(51) Discovered  references: Soft: 0, Weak: 7950, Final: 52, Phantom: 597
[2026-04-03T02:18:03.084+0600][44.985s][info][gc,ref      ] GC(51) Enqueued    references: Soft: 0, Weak: 398, Final: 0, Phantom: 0
[2026-04-03T02:18:03.084+0600][44.985s][info][gc          ] GC(51) Concurrent weak references 0.836ms
[2026-04-03T02:18:03.084+0600][44.985s][info][gc,start    ] GC(51) Concurrent weak roots
[2026-04-03T02:18:03.084+0600][44.985s][info][gc,task     ] GC(51) Using 3 of 6 workers for concurrent weak root
[2026-04-03T02:18:03.088+0600][44.989s][info][gc          ] GC(51) Concurrent weak roots 4.092ms
[2026-04-03T02:18:03.088+0600][44.989s][info][gc,start    ] GC(51) Concurrent cleanup
[2026-04-03T02:18:03.089+0600][44.990s][info][gc          ] GC(51) Concurrent cleanup 569M->217M(659M) 0.731ms
[2026-04-03T02:18:03.089+0600][44.990s][info][gc,ergo     ] GC(51) Free: 491M, Max: 256K regular, 61184K humongous, Frag: 88% external, 0% internal; Reserve: 38045K, Max: 256K
[2026-04-03T02:18:03.089+0600][44.990s][info][gc,start    ] GC(51) Concurrent class unloading
[2026-04-03T02:18:03.089+0600][44.990s][info][gc,task     ] GC(51) Using 3 of 6 workers for concurrent class unloading
[2026-04-03T02:18:03.109+0600][45.010s][info][gc          ] GC(51) Concurrent class unloading 20.481ms
[2026-04-03T02:18:03.109+0600][45.011s][info][gc,start    ] GC(51) Concurrent strong roots
[2026-04-03T02:18:03.109+0600][45.011s][info][gc,task     ] GC(51) Using 3 of 6 workers for concurrent strong root
[2026-04-03T02:18:03.111+0600][45.012s][info][gc          ] GC(51) Concurrent strong roots 1.459ms
[2026-04-03T02:18:03.111+0600][45.012s][info][gc,start    ] GC(51) Concurrent evacuation
[2026-04-03T02:18:03.111+0600][45.012s][info][gc,task     ] GC(51) Using 3 of 6 workers for concurrent evacuation
[2026-04-03T02:18:03.114+0600][45.016s][info][gc          ] GC(51) Concurrent evacuation 3.485ms
[2026-04-03T02:18:03.115+0600][45.016s][info][gc,start    ] GC(51) Pause Init Update Refs
[2026-04-03T02:18:03.115+0600][45.016s][info][gc,ergo     ] GC(51) Pacer for Update Refs. Used: 238M, Free: 474M, Non-Taxable: 48597K, Alloc Tax Rate: 1.1x
[2026-04-03T02:18:03.115+0600][45.016s][info][gc          ] GC(51) Pause Init Update Refs 0.088ms
[2026-04-03T02:18:03.115+0600][45.016s][info][gc,start    ] GC(51) Concurrent update references
[2026-04-03T02:18:03.115+0600][45.016s][info][gc,task     ] GC(51) Using 3 of 6 workers for concurrent reference update
[2026-04-03T02:18:03.160+0600][45.061s][info][gc          ] GC(51) Concurrent update references 44.752ms
[2026-04-03T02:18:03.160+0600][45.061s][info][gc,start    ] GC(51) Concurrent update thread roots
[2026-04-03T02:18:03.162+0600][45.063s][info][gc          ] GC(51) Concurrent update thread roots 1.713ms
[2026-04-03T02:18:03.162+0600][45.063s][info][gc,start    ] GC(51) Pause Final Update Refs
[2026-04-03T02:18:03.162+0600][45.063s][info][gc,task     ] GC(51) Using 6 of 6 workers for final reference update
[2026-04-03T02:18:03.162+0600][45.063s][info][gc          ] GC(51) Pause Final Update Refs 0.291ms
[2026-04-03T02:18:03.162+0600][45.063s][info][gc,start    ] GC(51) Concurrent cleanup
[2026-04-03T02:18:03.163+0600][45.064s][info][gc          ] GC(51) Concurrent cleanup 264M->159M(659M) 0.746ms
[2026-04-03T02:18:03.163+0600][45.064s][info][gc,ergo     ] Free: 546M, Max: 256K regular, 297M humongous, Frag: 46% external, 0% internal; Reserve: 38400K, Max: 256K
[2026-04-03T02:18:03.163+0600][45.064s][info][gc,stats    ] 
[2026-04-03T02:18:03.163+0600][45.064s][info][gc,stats    ] All times are wall-clock times, except per-root-class counters, that are sum over
[2026-04-03T02:18:03.163+0600][45.064s][info][gc,stats    ] all workers. Dividing the <total> over the root stage time estimates parallelism.
[2026-04-03T02:18:03.163+0600][45.064s][info][gc,stats    ] 
[2026-04-03T02:18:03.163+0600][45.064s][info][gc,stats    ] Concurrent Reset                    978 us
[2026-04-03T02:18:03.163+0600][45.064s][info][gc,stats    ] Pause Init Mark (G)                 423 us
[2026-04-03T02:18:03.163+0600][45.064s][info][gc,stats    ] Pause Init Mark (N)                 230 us
[2026-04-03T02:18:03.163+0600][45.064s][info][gc,stats    ]   Update Region States               48 us
[2026-04-03T02:18:03.163+0600][45.064s][info][gc,stats    ] Concurrent Mark Roots              1703 us, parallelism: 1.95x
[2026-04-03T02:18:03.163+0600][45.064s][info][gc,stats    ]   CMR: <total>                     3316 us
[2026-04-03T02:18:03.163+0600][45.064s][info][gc,stats    ]   CMR: Thread Roots                2808 us, workers (us): 1222, 784, 802, ---, ---, ---, 
[2026-04-03T02:18:03.163+0600][45.064s][info][gc,stats    ]   CMR: VM Strong Roots               62 us, workers (us):  36,  24,   1, ---, ---, ---, 
[2026-04-03T02:18:03.163+0600][45.064s][info][gc,stats    ]   CMR: CLDG Roots                   446 us, workers (us): ---, 446, ---, ---, ---, ---, 
[2026-04-03T02:18:03.163+0600][45.064s][info][gc,stats    ] Concurrent Marking                49550 us
[2026-04-03T02:18:03.163+0600][45.064s][info][gc,stats    ] Pause Final Mark (G)                939 us
[2026-04-03T02:18:03.163+0600][45.064s][info][gc,stats    ] Pause Final Mark (N)                613 us
[2026-04-03T02:18:03.163+0600][45.064s][info][gc,stats    ]   Finish Mark                       160 us
[2026-04-03T02:18:03.163+0600][45.064s][info][gc,stats    ]   Update Region States               41 us
[2026-04-03T02:18:03.163+0600][45.064s][info][gc,stats    ]   Choose Collection Set             224 us
[2026-04-03T02:18:03.163+0600][45.064s][info][gc,stats    ]   Rebuild Free Set                   36 us
[2026-04-03T02:18:03.163+0600][45.064s][info][gc,stats    ] Concurrent Thread Roots             832 us, parallelism: 2.31x
[2026-04-03T02:18:03.163+0600][45.064s][info][gc,stats    ]   CTR: <total>                     1923 us
[2026-04-03T02:18:03.163+0600][45.064s][info][gc,stats    ]   CTR: Thread Roots                1923 us, workers (us): 682, 633, 608, ---, ---, ---, 
[2026-04-03T02:18:03.163+0600][45.064s][info][gc,stats    ] Concurrent Weak References          849 us, parallelism: 0.85x
[2026-04-03T02:18:03.163+0600][45.064s][info][gc,stats    ]   CWRF: <total>                     722 us
[2026-04-03T02:18:03.163+0600][45.064s][info][gc,stats    ]   CWRF: Weak References             722 us, workers (us): 130, 580,  12, ---, ---, ---, 
[2026-04-03T02:18:03.163+0600][45.064s][info][gc,stats    ] Concurrent Weak Roots              4178 us
[2026-04-03T02:18:03.163+0600][45.064s][info][gc,stats    ]   Roots                            3728 us, parallelism: 2.74x
[2026-04-03T02:18:03.163+0600][45.064s][info][gc,stats    ]     CWR: <total>                  10233 us
[2026-04-03T02:18:03.163+0600][45.065s][info][gc,stats    ]     CWR: Code Cache Roots          8138 us, workers (us): 2775, 2749, 2614, ---, ---, ---, 
[2026-04-03T02:18:03.163+0600][45.065s][info][gc,stats    ]     CWR: VM Weak Roots             1966 us, workers (us): 668, 662, 636, ---, ---, ---, 
[2026-04-03T02:18:03.163+0600][45.065s][info][gc,stats    ]     CWR: CLDG Roots                 129 us, workers (us): ---, ---, 129, ---, ---, ---, 
[2026-04-03T02:18:03.163+0600][45.065s][info][gc,stats    ]   Rendezvous                        333 us
[2026-04-03T02:18:03.163+0600][45.065s][info][gc,stats    ] Concurrent Cleanup                  754 us
[2026-04-03T02:18:03.163+0600][45.065s][info][gc,stats    ] Concurrent Class Unloading        20610 us
[2026-04-03T02:18:03.163+0600][45.065s][info][gc,stats    ]   Unlink Stale                    15802 us
[2026-04-03T02:18:03.164+0600][45.065s][info][gc,stats    ]     System Dictionary               228 us
[2026-04-03T02:18:03.164+0600][45.065s][info][gc,stats    ]     Weak Class Links                  0 us
[2026-04-03T02:18:03.164+0600][45.065s][info][gc,stats    ]     Code Roots                    15571 us
[2026-04-03T02:18:03.164+0600][45.065s][info][gc,stats    ]   Rendezvous                        429 us
[2026-04-03T02:18:03.164+0600][45.065s][info][gc,stats    ]   Purge Unlinked                   4216 us
[2026-04-03T02:18:03.164+0600][45.065s][info][gc,stats    ]     Code Roots                     4183 us
[2026-04-03T02:18:03.164+0600][45.065s][info][gc,stats    ]     CLDG                             32 us
[2026-04-03T02:18:03.164+0600][45.065s][info][gc,stats    ]     Exception Caches                  1 us
[2026-04-03T02:18:03.164+0600][45.065s][info][gc,stats    ] Concurrent Strong Roots            1535 us, parallelism: 0.62x
[2026-04-03T02:18:03.164+0600][45.065s][info][gc,stats    ]   CSR: <total>                      957 us
[2026-04-03T02:18:03.164+0600][45.065s][info][gc,stats    ]   CSR: VM Strong Roots               58 us, workers (us):  54,   2,   2, ---, ---, ---, 
[2026-04-03T02:18:03.164+0600][45.065s][info][gc,stats    ]   CSR: CLDG Roots                   900 us, workers (us): 900, ---, ---, ---, ---, ---, 
[2026-04-03T02:18:03.164+0600][45.065s][info][gc,stats    ] Concurrent Evacuation              3564 us
[2026-04-03T02:18:03.164+0600][45.065s][info][gc,stats    ] Pause Init Update Refs (G)          399 us
[2026-04-03T02:18:03.164+0600][45.065s][info][gc,stats    ] Pause Init Update Refs (N)          103 us
[2026-04-03T02:18:03.164+0600][45.065s][info][gc,stats    ]   Manage GCLABs                      40 us
[2026-04-03T02:18:03.164+0600][45.065s][info][gc,stats    ] Concurrent Update Refs            44884 us
[2026-04-03T02:18:03.164+0600][45.065s][info][gc,stats    ] Concurrent Update Thread Roots     1774 us
[2026-04-03T02:18:03.164+0600][45.065s][info][gc,stats    ] Pause Final Update Refs (G)         479 us
[2026-04-03T02:18:03.164+0600][45.065s][info][gc,stats    ] Pause Final Update Refs (N)         317 us
[2026-04-03T02:18:03.164+0600][45.065s][info][gc,stats    ]   Update Region States               75 us
[2026-04-03T02:18:03.164+0600][45.065s][info][gc,stats    ]   Trash Collection Set               23 us
[2026-04-03T02:18:03.164+0600][45.065s][info][gc,stats    ]   Rebuild Free Set                   50 us
[2026-04-03T02:18:03.164+0600][45.065s][info][gc,stats    ] Concurrent Cleanup                  792 us
[2026-04-03T02:18:03.164+0600][45.065s][info][gc,stats    ] Pacing                           130826 us
[2026-04-03T02:18:03.164+0600][45.065s][info][gc,stats    ] 
[2026-04-03T02:18:03.164+0600][45.065s][info][gc,stats    ] Allocation pacing accrued:
[2026-04-03T02:18:03.164+0600][45.065s][info][gc,stats    ]      11 of   639 ms (  1.8%): dispatcher-event-loop-1
[2026-04-03T02:18:03.164+0600][45.065s][info][gc,stats    ]      11 of   639 ms (  1.8%): Spark Context Cleaner
[2026-04-03T02:18:03.164+0600][45.065s][info][gc,stats    ]       8 of   639 ms (  1.3%): Executor task launch worker for task 4.0 in stage 1065.0 (TID 2103)
[2026-04-03T02:18:03.164+0600][45.065s][info][gc,stats    ]      19 of   639 ms (  2.9%): Executor task launch worker for task 1.0 in stage 1065.0 (TID 2100)
[2026-04-03T02:18:03.164+0600][45.065s][info][gc,stats    ]       9 of   639 ms (  1.4%): Executor task launch worker for task 2.0 in stage 1065.0 (TID 2101)
[2026-04-03T02:18:03.164+0600][45.065s][info][gc,stats    ]      31 of   639 ms (  4.9%): Executor task launch worker for task 0.0 in stage 1065.0 (TID 2099)
[2026-04-03T02:18:03.164+0600][45.065s][info][gc,stats    ]       9 of   639 ms (  1.4%): Executor task launch worker for task 3.0 in stage 1065.0 (TID 2102)
[2026-04-03T02:18:03.164+0600][45.065s][info][gc,stats    ]      27 of   639 ms (  4.2%): task-result-getter-1
[2026-04-03T02:18:03.164+0600][45.065s][info][gc,stats    ]       5 of   639 ms (  0.8%): task-result-getter-2
[2026-04-03T02:18:03.164+0600][45.065s][info][gc,stats    ]     131 of   639 ms ( 20.5%): <total>
[2026-04-03T02:18:03.164+0600][45.065s][info][gc,stats    ]       0 of   639 ms (  0.1%): <average total>
[2026-04-03T02:18:03.164+0600][45.065s][info][gc,stats    ]      15 of   639 ms (  2.3%): <average non-zero>
[2026-04-03T02:18:03.164+0600][45.065s][info][gc,stats    ] 
[2026-04-03T02:18:03.164+0600][45.065s][info][gc,metaspace] Metaspace: 130835K(132032K)->130835K(132032K) NonClass: 114346K(114944K)->114346K(114944K) Class: 16488K(17088K)->16488K(17088K)
[2026-04-03T02:18:03.164+0600][45.065s][info][gc,ergo     ] Pacer for Idle. Initial: 15360K, Alloc Tax Rate: 1.0x
[2026-04-03T02:18:03.483+0600][45.384s][info][gc          ] Trigger: Average GC time (148.51 ms) is above the time for average allocation rate (1074 MB/s) to deplete free headroom (158M) (margin of error = 1.86)
[2026-04-03T02:18:03.483+0600][45.384s][info][gc,ergo     ] Free headroom: 195M (free) - 38400K (spike) - 0B (penalties) = 158M
[2026-04-03T02:18:03.483+0600][45.384s][info][gc,ergo     ] Free: 195M, Max: 256K regular, 89600K humongous, Frag: 56% external, 0% internal; Reserve: 38400K, Max: 256K
[2026-04-03T02:18:03.483+0600][45.384s][info][gc,start    ] GC(52) Concurrent reset
[2026-04-03T02:18:03.483+0600][45.384s][info][gc,task     ] GC(52) Using 3 of 6 workers for concurrent reset
[2026-04-03T02:18:03.483+0600][45.384s][info][gc,ergo     ] GC(52) Pacer for Reset. Non-Taxable: 750M
[2026-04-03T02:18:03.484+0600][45.385s][info][gc          ] GC(52) Concurrent reset 1.066ms
[2026-04-03T02:18:03.485+0600][45.386s][info][gc,start    ] GC(52) Pause Init Mark (unload classes)
[2026-04-03T02:18:03.485+0600][45.386s][info][gc,task     ] GC(52) Using 6 of 6 workers for init marking
[2026-04-03T02:18:03.485+0600][45.386s][info][gc,ergo     ] GC(52) Pacer for Mark. Expected Live: 93304K, Free: 192M, Non-Taxable: 19749K, Alloc Tax Rate: 0.6x
[2026-04-03T02:18:03.485+0600][45.386s][info][gc          ] GC(52) Pause Init Mark (unload classes) 0.132ms
[2026-04-03T02:18:03.485+0600][45.386s][info][gc,start    ] GC(52) Concurrent marking roots
[2026-04-03T02:18:03.485+0600][45.386s][info][gc,task     ] GC(52) Using 3 of 6 workers for concurrent marking roots
[2026-04-03T02:18:03.486+0600][45.387s][info][gc          ] GC(52) Concurrent marking roots 1.327ms
[2026-04-03T02:18:03.486+0600][45.387s][info][gc,start    ] GC(52) Concurrent marking (unload classes)
[2026-04-03T02:18:03.486+0600][45.387s][info][gc,task     ] GC(52) Using 3 of 6 workers for concurrent marking
[2026-04-03T02:18:03.542+0600][45.443s][info][gc          ] GC(52) Concurrent marking (unload classes) 55.646ms
[2026-04-03T02:18:03.542+0600][45.443s][info][gc,start    ] GC(52) Pause Final Mark (unload classes)
[2026-04-03T02:18:03.542+0600][45.443s][info][gc,task     ] GC(52) Using 6 of 6 workers for final marking
[2026-04-03T02:18:03.543+0600][45.444s][info][gc,ergo     ] GC(52) Adaptive CSet Selection. Target Free: 106M, Actual Free: 544M, Max CSet: 32000K, Min Garbage: 0B
[2026-04-03T02:18:03.543+0600][45.444s][info][gc,ergo     ] GC(52) Collectable Garbage: 394M (97%), Immediate: 347M (86%), CSet: 48890K (11%)
[2026-04-03T02:18:03.543+0600][45.444s][info][gc,ergo     ] GC(52) Pacer for Evacuation. Used CSet: 51819K, Free: 532M, Non-Taxable: 54532K, Alloc Tax Rate: 1.1x
[2026-04-03T02:18:03.543+0600][45.444s][info][gc          ] GC(52) Pause Final Mark (unload classes) 0.743ms
[2026-04-03T02:18:03.543+0600][45.444s][info][gc,start    ] GC(52) Concurrent thread roots
[2026-04-03T02:18:03.543+0600][45.444s][info][gc,task     ] GC(52) Using 3 of 6 workers for Concurrent thread roots
[2026-04-03T02:18:03.544+0600][45.445s][info][gc          ] GC(52) Concurrent thread roots 1.103ms
[2026-04-03T02:18:03.544+0600][45.445s][info][gc,start    ] GC(52) Concurrent weak references
[2026-04-03T02:18:03.544+0600][45.445s][info][gc,task     ] GC(52) Using 3 of 6 workers for concurrent weak references
[2026-04-03T02:18:03.545+0600][45.446s][info][gc,ref      ] GC(52) Encountered references: Soft: 3871, Weak: 15461, Final: 84, Phantom: 621
[2026-04-03T02:18:03.545+0600][45.446s][info][gc,ref      ] GC(52) Discovered  references: Soft: 0, Weak: 6510, Final: 0, Phantom: 579
[2026-04-03T02:18:03.545+0600][45.446s][info][gc,ref      ] GC(52) Enqueued    references: Soft: 0, Weak: 30, Final: 0, Phantom: 0
[2026-04-03T02:18:03.545+0600][45.446s][info][gc          ] GC(52) Concurrent weak references 1.047ms
[2026-04-03T02:18:03.545+0600][45.446s][info][gc,start    ] GC(52) Concurrent weak roots
[2026-04-03T02:18:03.545+0600][45.446s][info][gc,task     ] GC(52) Using 3 of 6 workers for concurrent weak root
[2026-04-03T02:18:03.551+0600][45.452s][info][gc          ] GC(52) Concurrent weak roots 5.518ms
[2026-04-03T02:18:03.551+0600][45.452s][info][gc,start    ] GC(52) Concurrent cleanup
[2026-04-03T02:18:03.552+0600][45.453s][info][gc          ] GC(52) Concurrent cleanup 529M->182M(659M) 1.016ms
[2026-04-03T02:18:03.552+0600][45.453s][info][gc,ergo     ] GC(52) Free: 526M, Max: 256K regular, 58880K humongous, Frag: 90% external, 0% internal; Reserve: 37752K, Max: 256K
[2026-04-03T02:18:03.552+0600][45.453s][info][gc,start    ] GC(52) Concurrent class unloading
[2026-04-03T02:18:03.552+0600][45.453s][info][gc,task     ] GC(52) Using 3 of 6 workers for concurrent class unloading
[2026-04-03T02:18:03.572+0600][45.473s][info][gc          ] GC(52) Concurrent class unloading 19.693ms
[2026-04-03T02:18:03.572+0600][45.473s][info][gc,start    ] GC(52) Concurrent strong roots
[2026-04-03T02:18:03.572+0600][45.473s][info][gc,task     ] GC(52) Using 3 of 6 workers for concurrent strong root
[2026-04-03T02:18:03.573+0600][45.474s][info][gc          ] GC(52) Concurrent strong roots 1.386ms
[2026-04-03T02:18:03.573+0600][45.474s][info][gc,start    ] GC(52) Concurrent evacuation
[2026-04-03T02:18:03.573+0600][45.474s][info][gc,task     ] GC(52) Using 3 of 6 workers for concurrent evacuation
[2026-04-03T02:18:03.575+0600][45.476s][info][gc          ] GC(52) Concurrent evacuation 1.805ms
[2026-04-03T02:18:03.575+0600][45.476s][info][gc,start    ] GC(52) Pause Init Update Refs
[2026-04-03T02:18:03.575+0600][45.477s][info][gc,ergo     ] GC(52) Pacer for Update Refs. Used: 200M, Free: 509M, Non-Taxable: 52155K, Alloc Tax Rate: 1.1x
[2026-04-03T02:18:03.576+0600][45.477s][info][gc          ] GC(52) Pause Init Update Refs 0.153ms
[2026-04-03T02:18:03.576+0600][45.477s][info][gc,start    ] GC(52) Concurrent update references
[2026-04-03T02:18:03.576+0600][45.477s][info][gc,task     ] GC(52) Using 3 of 6 workers for concurrent reference update
[2026-04-03T02:18:03.625+0600][45.526s][info][gc          ] GC(52) Concurrent update references 49.506ms
[2026-04-03T02:18:03.625+0600][45.526s][info][gc,start    ] GC(52) Concurrent update thread roots
[2026-04-03T02:18:03.627+0600][45.528s][info][gc          ] GC(52) Concurrent update thread roots 1.289ms
[2026-04-03T02:18:03.627+0600][45.528s][info][gc,start    ] GC(52) Pause Final Update Refs
[2026-04-03T02:18:03.627+0600][45.528s][info][gc,task     ] GC(52) Using 6 of 6 workers for final reference update
[2026-04-03T02:18:03.627+0600][45.528s][info][gc          ] GC(52) Pause Final Update Refs 0.209ms
[2026-04-03T02:18:03.627+0600][45.528s][info][gc,start    ] GC(52) Concurrent cleanup
[2026-04-03T02:18:03.627+0600][45.529s][info][gc          ] GC(52) Concurrent cleanup 235M->185M(659M) 0.249ms
[2026-04-03T02:18:03.627+0600][45.529s][info][gc,ergo     ] Free: 519M, Max: 256K regular, 208M humongous, Frag: 60% external, 1% internal; Reserve: 38400K, Max: 256K
[2026-04-03T02:18:03.628+0600][45.529s][info][gc,stats    ] 
[2026-04-03T02:18:03.628+0600][45.529s][info][gc,stats    ] All times are wall-clock times, except per-root-class counters, that are sum over
[2026-04-03T02:18:03.628+0600][45.529s][info][gc,stats    ] all workers. Dividing the <total> over the root stage time estimates parallelism.
[2026-04-03T02:18:03.628+0600][45.529s][info][gc,stats    ] 
[2026-04-03T02:18:03.628+0600][45.529s][info][gc,stats    ] Concurrent Reset                   1102 us
[2026-04-03T02:18:03.628+0600][45.529s][info][gc,stats    ] Pause Init Mark (G)                 414 us
[2026-04-03T02:18:03.628+0600][45.529s][info][gc,stats    ] Pause Init Mark (N)                 141 us
[2026-04-03T02:18:03.628+0600][45.529s][info][gc,stats    ]   Update Region States               29 us
[2026-04-03T02:18:03.628+0600][45.529s][info][gc,stats    ] Concurrent Mark Roots              1360 us, parallelism: 2.06x
[2026-04-03T02:18:03.628+0600][45.529s][info][gc,stats    ]   CMR: <total>                     2802 us
[2026-04-03T02:18:03.628+0600][45.529s][info][gc,stats    ]   CMR: Thread Roots                2330 us, workers (us): 499, 914, 917, ---, ---, ---, 
[2026-04-03T02:18:03.628+0600][45.529s][info][gc,stats    ]   CMR: VM Strong Roots               59 us, workers (us):  27,  22,  10, ---, ---, ---, 
[2026-04-03T02:18:03.628+0600][45.529s][info][gc,stats    ]   CMR: CLDG Roots                   413 us, workers (us): 413, ---, ---, ---, ---, ---, 
[2026-04-03T02:18:03.628+0600][45.529s][info][gc,stats    ] Concurrent Marking                55723 us
[2026-04-03T02:18:03.628+0600][45.529s][info][gc,stats    ] Pause Final Mark (G)               1010 us
[2026-04-03T02:18:03.628+0600][45.529s][info][gc,stats    ] Pause Final Mark (N)                756 us
[2026-04-03T02:18:03.628+0600][45.529s][info][gc,stats    ]   Finish Mark                       347 us
[2026-04-03T02:18:03.628+0600][45.529s][info][gc,stats    ]   Update Region States               43 us
[2026-04-03T02:18:03.628+0600][45.529s][info][gc,stats    ]   Choose Collection Set             220 us
[2026-04-03T02:18:03.628+0600][45.529s][info][gc,stats    ]   Rebuild Free Set                   42 us
[2026-04-03T02:18:03.628+0600][45.529s][info][gc,stats    ] Concurrent Thread Roots            1153 us, parallelism: 2.26x
[2026-04-03T02:18:03.628+0600][45.529s][info][gc,stats    ]   CTR: <total>                     2608 us
[2026-04-03T02:18:03.628+0600][45.529s][info][gc,stats    ]   CTR: Thread Roots                2608 us, workers (us): 878, 879, 850, ---, ---, ---, 
[2026-04-03T02:18:03.628+0600][45.529s][info][gc,stats    ] Concurrent Weak References         1061 us, parallelism: 1.02x
[2026-04-03T02:18:03.628+0600][45.529s][info][gc,stats    ]   CWRF: <total>                    1077 us
[2026-04-03T02:18:03.628+0600][45.529s][info][gc,stats    ]   CWRF: Weak References            1077 us, workers (us): 223,  91, 764, ---, ---, ---, 
[2026-04-03T02:18:03.628+0600][45.529s][info][gc,stats    ] Concurrent Weak Roots              5659 us
[2026-04-03T02:18:03.628+0600][45.529s][info][gc,stats    ]   Roots                            5039 us, parallelism: 2.71x
[2026-04-03T02:18:03.628+0600][45.529s][info][gc,stats    ]     CWR: <total>                  13631 us
[2026-04-03T02:18:03.628+0600][45.529s][info][gc,stats    ]     CWR: Code Cache Roots         10678 us, workers (us): 3538, 3612, 3528, ---, ---, ---, 
[2026-04-03T02:18:03.628+0600][45.529s][info][gc,stats    ]     CWR: VM Weak Roots             2819 us, workers (us): 940, 940, 938, ---, ---, ---, 
[2026-04-03T02:18:03.628+0600][45.529s][info][gc,stats    ]     CWR: CLDG Roots                 134 us, workers (us): ---, ---, 134, ---, ---, ---, 
[2026-04-03T02:18:03.628+0600][45.529s][info][gc,stats    ]   Rendezvous                        444 us
[2026-04-03T02:18:03.628+0600][45.529s][info][gc,stats    ] Concurrent Cleanup                 1043 us
[2026-04-03T02:18:03.628+0600][45.529s][info][gc,stats    ] Concurrent Class Unloading        19823 us
[2026-04-03T02:18:03.628+0600][45.529s][info][gc,stats    ]   Unlink Stale                    17986 us
[2026-04-03T02:18:03.628+0600][45.529s][info][gc,stats    ]     System Dictionary               301 us
[2026-04-03T02:18:03.628+0600][45.529s][info][gc,stats    ]     Weak Class Links                  0 us
[2026-04-03T02:18:03.628+0600][45.529s][info][gc,stats    ]     Code Roots                    17679 us
[2026-04-03T02:18:03.628+0600][45.529s][info][gc,stats    ]   Rendezvous                        443 us
[2026-04-03T02:18:03.628+0600][45.529s][info][gc,stats    ]   Purge Unlinked                   1222 us
[2026-04-03T02:18:03.628+0600][45.529s][info][gc,stats    ]     Code Roots                     1209 us
[2026-04-03T02:18:03.628+0600][45.529s][info][gc,stats    ]     CLDG                             12 us
[2026-04-03T02:18:03.628+0600][45.529s][info][gc,stats    ]     Exception Caches                  0 us
[2026-04-03T02:18:03.628+0600][45.529s][info][gc,stats    ] Concurrent Strong Roots            1443 us, parallelism: 0.65x
[2026-04-03T02:18:03.628+0600][45.529s][info][gc,stats    ]   CSR: <total>                      932 us
[2026-04-03T02:18:03.628+0600][45.529s][info][gc,stats    ]   CSR: VM Strong Roots               65 us, workers (us):  54,  11,   1, ---, ---, ---, 
[2026-04-03T02:18:03.628+0600][45.529s][info][gc,stats    ]   CSR: CLDG Roots                   867 us, workers (us): ---, 867, ---, ---, ---, ---, 
[2026-04-03T02:18:03.628+0600][45.529s][info][gc,stats    ] Concurrent Evacuation              1893 us
[2026-04-03T02:18:03.628+0600][45.529s][info][gc,stats    ] Pause Init Update Refs (G)          522 us
[2026-04-03T02:18:03.628+0600][45.529s][info][gc,stats    ] Pause Init Update Refs (N)          165 us
[2026-04-03T02:18:03.628+0600][45.529s][info][gc,stats    ]   Manage GCLABs                      34 us
[2026-04-03T02:18:03.628+0600][45.529s][info][gc,stats    ] Concurrent Update Refs            49604 us
[2026-04-03T02:18:03.628+0600][45.529s][info][gc,stats    ] Concurrent Update Thread Roots     1381 us
[2026-04-03T02:18:03.628+0600][45.529s][info][gc,stats    ] Pause Final Update Refs (G)         535 us
[2026-04-03T02:18:03.628+0600][45.529s][info][gc,stats    ] Pause Final Update Refs (N)         226 us
[2026-04-03T02:18:03.628+0600][45.529s][info][gc,stats    ]   Update Region States               51 us
[2026-04-03T02:18:03.628+0600][45.529s][info][gc,stats    ]   Trash Collection Set               14 us
[2026-04-03T02:18:03.628+0600][45.529s][info][gc,stats    ]   Rebuild Free Set                   45 us
[2026-04-03T02:18:03.628+0600][45.529s][info][gc,stats    ] Concurrent Cleanup                  274 us
[2026-04-03T02:18:03.628+0600][45.529s][info][gc,stats    ] Pacing                           159242 us
[2026-04-03T02:18:03.628+0600][45.529s][info][gc,stats    ] 
[2026-04-03T02:18:03.628+0600][45.529s][info][gc,stats    ] Allocation pacing accrued:
[2026-04-03T02:18:03.628+0600][45.529s][info][gc,stats    ]      21 of   464 ms (  4.6%): Executor task launch worker for task 1.0 in stage 1076.0 (TID 2188)
[2026-04-03T02:18:03.628+0600][45.529s][info][gc,stats    ]      21 of   464 ms (  4.6%): Executor task launch worker for task 5.0 in stage 1076.0 (TID 2192)
[2026-04-03T02:18:03.628+0600][45.529s][info][gc,stats    ]      21 of   464 ms (  4.6%): Executor task launch worker for task 2.0 in stage 1076.0 (TID 2189)
[2026-04-03T02:18:03.628+0600][45.529s][info][gc,stats    ]      21 of   464 ms (  4.6%): Executor task launch worker for task 3.0 in stage 1076.0 (TID 2190)
[2026-04-03T02:18:03.628+0600][45.529s][info][gc,stats    ]      21 of   464 ms (  4.6%): Executor task launch worker for task 6.0 in stage 1076.0 (TID 2193)
[2026-04-03T02:18:03.628+0600][45.529s][info][gc,stats    ]      10 of   464 ms (  2.2%): Executor task launch worker for task 7.0 in stage 1076.0 (TID 2194)
[2026-04-03T02:18:03.628+0600][45.529s][info][gc,stats    ]      22 of   464 ms (  4.6%): Executor task launch worker for task 0.0 in stage 1076.0 (TID 2187)
[2026-04-03T02:18:03.628+0600][45.529s][info][gc,stats    ]      21 of   464 ms (  4.6%): Executor task launch worker for task 4.0 in stage 1076.0 (TID 2191)
[2026-04-03T02:18:03.628+0600][45.529s][info][gc,stats    ]     159 of   464 ms ( 34.3%): <total>
[2026-04-03T02:18:03.628+0600][45.529s][info][gc,stats    ]       1 of   464 ms (  0.1%): <average total>
[2026-04-03T02:18:03.628+0600][45.529s][info][gc,stats    ]      20 of   464 ms (  4.3%): <average non-zero>
[2026-04-03T02:18:03.628+0600][45.529s][info][gc,stats    ] 
[2026-04-03T02:18:03.628+0600][45.529s][info][gc,metaspace] Metaspace: 130840K(132032K)->130840K(132032K) NonClass: 114351K(114944K)->114351K(114944K) Class: 16488K(17088K)->16488K(17088K)
[2026-04-03T02:18:03.628+0600][45.530s][info][gc,ergo     ] Pacer for Idle. Initial: 15360K, Alloc Tax Rate: 1.0x
[2026-04-03T02:18:03.986+0600][45.888s][info][gc          ] Trigger: Average GC time (157.44 ms) is above the time for average allocation rate (920 MB/s) to deplete free headroom (140M) (margin of error = 1.86)
[2026-04-03T02:18:03.987+0600][45.888s][info][gc,ergo     ] Free headroom: 177M (free) - 38400K (spike) - 0B (penalties) = 140M
[2026-04-03T02:18:03.987+0600][45.888s][info][gc,ergo     ] Free: 177M, Max: 256K regular, 112M humongous, Frag: 37% external, 1% internal; Reserve: 38400K, Max: 256K
[2026-04-03T02:18:03.987+0600][45.888s][info][gc,start    ] GC(53) Concurrent reset
[2026-04-03T02:18:03.987+0600][45.888s][info][gc,task     ] GC(53) Using 3 of 6 workers for concurrent reset
[2026-04-03T02:18:03.987+0600][45.888s][info][gc,ergo     ] GC(53) Pacer for Reset. Non-Taxable: 750M
[2026-04-03T02:18:03.987+0600][45.888s][info][gc          ] GC(53) Concurrent reset 0.669ms
[2026-04-03T02:18:03.987+0600][45.889s][info][gc,start    ] GC(53) Pause Init Mark (unload classes)
[2026-04-03T02:18:03.987+0600][45.889s][info][gc,task     ] GC(53) Using 6 of 6 workers for init marking
[2026-04-03T02:18:03.988+0600][45.889s][info][gc,ergo     ] GC(53) Pacer for Mark. Expected Live: 93561K, Free: 177M, Non-Taxable: 18215K, Alloc Tax Rate: 0.6x
[2026-04-03T02:18:03.988+0600][45.889s][info][gc          ] GC(53) Pause Init Mark (unload classes) 0.145ms
[2026-04-03T02:18:03.988+0600][45.889s][info][gc,start    ] GC(53) Concurrent marking roots
[2026-04-03T02:18:03.988+0600][45.889s][info][gc,task     ] GC(53) Using 3 of 6 workers for concurrent marking roots
[2026-04-03T02:18:03.989+0600][45.890s][info][gc          ] GC(53) Concurrent marking roots 1.074ms
[2026-04-03T02:18:03.989+0600][45.890s][info][gc,start    ] GC(53) Concurrent marking (unload classes)
[2026-04-03T02:18:03.989+0600][45.890s][info][gc,task     ] GC(53) Using 3 of 6 workers for concurrent marking
[2026-04-03T02:18:04.036+0600][45.937s][info][gc          ] GC(53) Concurrent marking (unload classes) 47.335ms
[2026-04-03T02:18:04.036+0600][45.937s][info][gc,start    ] GC(53) Pause Final Mark (unload classes)
[2026-04-03T02:18:04.036+0600][45.937s][info][gc,task     ] GC(53) Using 6 of 6 workers for final marking
[2026-04-03T02:18:04.037+0600][45.938s][info][gc,ergo     ] GC(53) Adaptive CSet Selection. Target Free: 106M, Actual Free: 496M, Max CSet: 32000K, Min Garbage: 0B
[2026-04-03T02:18:04.037+0600][45.938s][info][gc,ergo     ] GC(53) Collectable Garbage: 410M (98%), Immediate: 311M (74%), CSet: 101356K (23%)
[2026-04-03T02:18:04.037+0600][45.938s][info][gc,ergo     ] GC(53) Pacer for Evacuation. Used CSet: 103M, Free: 485M, Non-Taxable: 49742K, Alloc Tax Rate: 1.1x
[2026-04-03T02:18:04.037+0600][45.938s][info][gc          ] GC(53) Pause Final Mark (unload classes) 0.844ms
[2026-04-03T02:18:04.037+0600][45.938s][info][gc,start    ] GC(53) Concurrent thread roots
[2026-04-03T02:18:04.037+0600][45.939s][info][gc,task     ] GC(53) Using 3 of 6 workers for Concurrent thread roots
[2026-04-03T02:18:04.040+0600][45.941s][info][gc          ] GC(53) Concurrent thread roots 2.170ms
[2026-04-03T02:18:04.040+0600][45.941s][info][gc,start    ] GC(53) Concurrent weak references
[2026-04-03T02:18:04.040+0600][45.941s][info][gc,task     ] GC(53) Using 3 of 6 workers for concurrent weak references
[2026-04-03T02:18:04.041+0600][45.942s][info][gc,ref      ] GC(53) Encountered references: Soft: 3865, Weak: 16312, Final: 84, Phantom: 621
[2026-04-03T02:18:04.041+0600][45.942s][info][gc,ref      ] GC(53) Discovered  references: Soft: 0, Weak: 9139, Final: 0, Phantom: 616
[2026-04-03T02:18:04.041+0600][45.942s][info][gc,ref      ] GC(53) Enqueued    references: Soft: 0, Weak: 1716, Final: 0, Phantom: 0
[2026-04-03T02:18:04.041+0600][45.942s][info][gc          ] GC(53) Concurrent weak references 1.141ms
[2026-04-03T02:18:04.041+0600][45.942s][info][gc,start    ] GC(53) Concurrent weak roots
[2026-04-03T02:18:04.041+0600][45.942s][info][gc,task     ] GC(53) Using 3 of 6 workers for concurrent weak root
[2026-04-03T02:18:04.047+0600][45.948s][info][gc          ] GC(53) Concurrent weak roots 5.866ms
[2026-04-03T02:18:04.047+0600][45.948s][info][gc,start    ] GC(53) Concurrent cleanup
[2026-04-03T02:18:04.048+0600][45.949s][info][gc          ] GC(53) Concurrent cleanup 541M->231M(659M) 1.031ms
[2026-04-03T02:18:04.048+0600][45.949s][info][gc,ergo     ] GC(53) Free: 477M, Max: 256K regular, 82688K humongous, Frag: 84% external, 0% internal; Reserve: 38060K, Max: 256K
[2026-04-03T02:18:04.048+0600][45.949s][info][gc,start    ] GC(53) Concurrent class unloading
[2026-04-03T02:18:04.048+0600][45.949s][info][gc,task     ] GC(53) Using 3 of 6 workers for concurrent class unloading
[2026-04-03T02:18:04.068+0600][45.969s][info][gc          ] GC(53) Concurrent class unloading 20.395ms
[2026-04-03T02:18:04.068+0600][45.970s][info][gc,start    ] GC(53) Concurrent strong roots
[2026-04-03T02:18:04.069+0600][45.970s][info][gc,task     ] GC(53) Using 3 of 6 workers for concurrent strong root
[2026-04-03T02:18:04.070+0600][45.971s][info][gc          ] GC(53) Concurrent strong roots 1.132ms
[2026-04-03T02:18:04.070+0600][45.971s][info][gc,start    ] GC(53) Concurrent evacuation
[2026-04-03T02:18:04.070+0600][45.971s][info][gc,task     ] GC(53) Using 3 of 6 workers for concurrent evacuation
[2026-04-03T02:18:04.072+0600][45.974s][info][gc          ] GC(53) Concurrent evacuation 2.797ms
[2026-04-03T02:18:04.073+0600][45.974s][info][gc,start    ] GC(53) Pause Init Update Refs
[2026-04-03T02:18:04.073+0600][45.974s][info][gc,ergo     ] GC(53) Pacer for Update Refs. Used: 250M, Free: 463M, Non-Taxable: 47418K, Alloc Tax Rate: 1.1x
[2026-04-03T02:18:04.073+0600][45.974s][info][gc          ] GC(53) Pause Init Update Refs 0.181ms
[2026-04-03T02:18:04.073+0600][45.974s][info][gc,start    ] GC(53) Concurrent update references
[2026-04-03T02:18:04.073+0600][45.974s][info][gc,task     ] GC(53) Using 3 of 6 workers for concurrent reference update
[2026-04-03T02:18:04.124+0600][46.025s][info][gc          ] GC(53) Concurrent update references 51.435ms
[2026-04-03T02:18:04.124+0600][46.026s][info][gc,start    ] GC(53) Concurrent update thread roots
[2026-04-03T02:18:04.126+0600][46.027s][info][gc          ] GC(53) Concurrent update thread roots 1.240ms
[2026-04-03T02:18:04.126+0600][46.027s][info][gc,start    ] GC(53) Pause Final Update Refs
[2026-04-03T02:18:04.126+0600][46.027s][info][gc,task     ] GC(53) Using 6 of 6 workers for final reference update
[2026-04-03T02:18:04.126+0600][46.027s][info][gc          ] GC(53) Pause Final Update Refs 0.145ms
[2026-04-03T02:18:04.126+0600][46.027s][info][gc,start    ] GC(53) Concurrent cleanup
[2026-04-03T02:18:04.126+0600][46.028s][info][gc          ] GC(53) Concurrent cleanup 292M->189M(659M) 0.271ms
[2026-04-03T02:18:04.127+0600][46.028s][info][gc,ergo     ] Free: 517M, Max: 256K regular, 206M humongous, Frag: 60% external, 1% internal; Reserve: 38400K, Max: 256K
[2026-04-03T02:18:04.127+0600][46.028s][info][gc,stats    ] 
[2026-04-03T02:18:04.127+0600][46.028s][info][gc,stats    ] All times are wall-clock times, except per-root-class counters, that are sum over
[2026-04-03T02:18:04.127+0600][46.028s][info][gc,stats    ] all workers. Dividing the <total> over the root stage time estimates parallelism.
[2026-04-03T02:18:04.127+0600][46.028s][info][gc,stats    ] 
[2026-04-03T02:18:04.127+0600][46.028s][info][gc,stats    ] Concurrent Reset                    711 us
[2026-04-03T02:18:04.127+0600][46.028s][info][gc,stats    ] Pause Init Mark (G)                 364 us
[2026-04-03T02:18:04.127+0600][46.028s][info][gc,stats    ] Pause Init Mark (N)                 154 us
[2026-04-03T02:18:04.127+0600][46.028s][info][gc,stats    ]   Update Region States               28 us
[2026-04-03T02:18:04.127+0600][46.028s][info][gc,stats    ] Concurrent Mark Roots              1119 us, parallelism: 1.51x
[2026-04-03T02:18:04.127+0600][46.028s][info][gc,stats    ]   CMR: <total>                     1692 us
[2026-04-03T02:18:04.127+0600][46.028s][info][gc,stats    ]   CMR: Thread Roots                1480 us, workers (us): 553, 395, 532, ---, ---, ---, 
[2026-04-03T02:18:04.127+0600][46.028s][info][gc,stats    ]   CMR: VM Strong Roots               34 us, workers (us):  25,   8,   1, ---, ---, ---, 
[2026-04-03T02:18:04.127+0600][46.028s][info][gc,stats    ]   CMR: CLDG Roots                   177 us, workers (us): ---, 177, ---, ---, ---, ---, 
[2026-04-03T02:18:04.127+0600][46.028s][info][gc,stats    ] Concurrent Marking                47413 us
[2026-04-03T02:18:04.127+0600][46.028s][info][gc,stats    ] Pause Final Mark (G)               1146 us
[2026-04-03T02:18:04.127+0600][46.028s][info][gc,stats    ] Pause Final Mark (N)                855 us
[2026-04-03T02:18:04.127+0600][46.028s][info][gc,stats    ]   Finish Mark                       306 us
[2026-04-03T02:18:04.127+0600][46.028s][info][gc,stats    ]   Update Region States               45 us
[2026-04-03T02:18:04.127+0600][46.028s][info][gc,stats    ]   Choose Collection Set             291 us
[2026-04-03T02:18:04.127+0600][46.028s][info][gc,stats    ]   Rebuild Free Set                   45 us
[2026-04-03T02:18:04.127+0600][46.028s][info][gc,stats    ] Concurrent Thread Roots            2237 us, parallelism: 2.25x
[2026-04-03T02:18:04.127+0600][46.028s][info][gc,stats    ]   CTR: <total>                     5035 us
[2026-04-03T02:18:04.127+0600][46.028s][info][gc,stats    ]   CTR: Thread Roots                5035 us, workers (us): 1529, 1533, 1973, ---, ---, ---, 
[2026-04-03T02:18:04.127+0600][46.028s][info][gc,stats    ] Concurrent Weak References         1165 us, parallelism: 1.17x
[2026-04-03T02:18:04.127+0600][46.028s][info][gc,stats    ]   CWRF: <total>                    1364 us
[2026-04-03T02:18:04.127+0600][46.028s][info][gc,stats    ]   CWRF: Weak References            1364 us, workers (us): 900, 332, 132, ---, ---, ---, 
[2026-04-03T02:18:04.127+0600][46.028s][info][gc,stats    ] Concurrent Weak Roots              5992 us
[2026-04-03T02:18:04.127+0600][46.028s][info][gc,stats    ]   Roots                            5441 us, parallelism: 2.72x
[2026-04-03T02:18:04.127+0600][46.028s][info][gc,stats    ]     CWR: <total>                  14791 us
[2026-04-03T02:18:04.127+0600][46.028s][info][gc,stats    ]     CWR: Code Cache Roots         11614 us, workers (us): 3787, 3899, 3928, ---, ---, ---, 
[2026-04-03T02:18:04.127+0600][46.028s][info][gc,stats    ]     CWR: VM Weak Roots             3023 us, workers (us): 1106, 1089, 828, ---, ---, ---, 
[2026-04-03T02:18:04.127+0600][46.028s][info][gc,stats    ]     CWR: CLDG Roots                 154 us, workers (us): 154, ---, ---, ---, ---, ---, 
[2026-04-03T02:18:04.127+0600][46.028s][info][gc,stats    ]   Rendezvous                        388 us
[2026-04-03T02:18:04.127+0600][46.028s][info][gc,stats    ] Concurrent Cleanup                 1143 us
[2026-04-03T02:18:04.127+0600][46.028s][info][gc,stats    ] Concurrent Class Unloading        20508 us
[2026-04-03T02:18:04.127+0600][46.028s][info][gc,stats    ]   Unlink Stale                    17045 us
[2026-04-03T02:18:04.127+0600][46.028s][info][gc,stats    ]     System Dictionary               311 us
[2026-04-03T02:18:04.127+0600][46.028s][info][gc,stats    ]     Weak Class Links                  0 us
[2026-04-03T02:18:04.127+0600][46.028s][info][gc,stats    ]     Code Roots                    16729 us
[2026-04-03T02:18:04.127+0600][46.028s][info][gc,stats    ]   Rendezvous                        381 us
[2026-04-03T02:18:04.127+0600][46.028s][info][gc,stats    ]   Purge Unlinked                   2925 us
[2026-04-03T02:18:04.127+0600][46.028s][info][gc,stats    ]     Code Roots                     2903 us
[2026-04-03T02:18:04.127+0600][46.028s][info][gc,stats    ]     CLDG                             21 us
[2026-04-03T02:18:04.127+0600][46.028s][info][gc,stats    ]     Exception Caches                  0 us
[2026-04-03T02:18:04.127+0600][46.028s][info][gc,stats    ] Concurrent Strong Roots            1172 us, parallelism: 0.66x
[2026-04-03T02:18:04.127+0600][46.028s][info][gc,stats    ]   CSR: <total>                      770 us
[2026-04-03T02:18:04.127+0600][46.028s][info][gc,stats    ]   CSR: VM Strong Roots               64 us, workers (us):  25,  23,  16, ---, ---, ---, 
[2026-04-03T02:18:04.127+0600][46.028s][info][gc,stats    ]   CSR: CLDG Roots                   707 us, workers (us): ---, ---, 707, ---, ---, ---, 
[2026-04-03T02:18:04.127+0600][46.028s][info][gc,stats    ] Concurrent Evacuation              2874 us
[2026-04-03T02:18:04.127+0600][46.028s][info][gc,stats    ] Pause Init Update Refs (G)          380 us
[2026-04-03T02:18:04.127+0600][46.028s][info][gc,stats    ] Pause Init Update Refs (N)          194 us
[2026-04-03T02:18:04.127+0600][46.028s][info][gc,stats    ]   Manage GCLABs                      68 us
[2026-04-03T02:18:04.127+0600][46.028s][info][gc,stats    ] Concurrent Update Refs            51508 us
[2026-04-03T02:18:04.127+0600][46.028s][info][gc,stats    ] Concurrent Update Thread Roots     1311 us
[2026-04-03T02:18:04.127+0600][46.028s][info][gc,stats    ] Pause Final Update Refs (G)         441 us
[2026-04-03T02:18:04.127+0600][46.028s][info][gc,stats    ] Pause Final Update Refs (N)         165 us
[2026-04-03T02:18:04.127+0600][46.028s][info][gc,stats    ]   Update Region States               44 us
[2026-04-03T02:18:04.127+0600][46.028s][info][gc,stats    ]   Trash Collection Set               15 us
[2026-04-03T02:18:04.127+0600][46.028s][info][gc,stats    ]   Rebuild Free Set                   37 us
[2026-04-03T02:18:04.127+0600][46.028s][info][gc,stats    ] Concurrent Cleanup                  292 us
[2026-04-03T02:18:04.127+0600][46.028s][info][gc,stats    ] Pacing                            82763 us
[2026-04-03T02:18:04.127+0600][46.028s][info][gc,stats    ] 
[2026-04-03T02:18:04.127+0600][46.028s][info][gc,stats    ] Allocation pacing accrued:
[2026-04-03T02:18:04.127+0600][46.028s][info][gc,stats    ]      10 of   499 ms (  2.0%): Executor task launch worker for task 0.0 in stage 1183.0 (TID 2259)
[2026-04-03T02:18:04.127+0600][46.028s][info][gc,stats    ]      11 of   499 ms (  2.2%): Executor task launch worker for task 5.0 in stage 1183.0 (TID 2264)
[2026-04-03T02:18:04.127+0600][46.028s][info][gc,stats    ]      10 of   499 ms (  2.0%): Executor task launch worker for task 1.0 in stage 1183.0 (TID 2260)
[2026-04-03T02:18:04.127+0600][46.028s][info][gc,stats    ]      11 of   499 ms (  2.2%): Executor task launch worker for task 7.0 in stage 1183.0 (TID 2266)
[2026-04-03T02:18:04.127+0600][46.028s][info][gc,stats    ]      10 of   499 ms (  2.0%): Executor task launch worker for task 6.0 in stage 1183.0 (TID 2265)
[2026-04-03T02:18:04.127+0600][46.028s][info][gc,stats    ]      10 of   499 ms (  2.0%): Executor task launch worker for task 4.0 in stage 1183.0 (TID 2263)
[2026-04-03T02:18:04.127+0600][46.028s][info][gc,stats    ]      10 of   499 ms (  2.0%): Executor task launch worker for task 2.0 in stage 1183.0 (TID 2261)
[2026-04-03T02:18:04.127+0600][46.028s][info][gc,stats    ]      10 of   499 ms (  2.0%): Executor task launch worker for task 3.0 in stage 1183.0 (TID 2262)
[2026-04-03T02:18:04.127+0600][46.028s][info][gc,stats    ]      83 of   499 ms ( 16.6%): <total>
[2026-04-03T02:18:04.127+0600][46.028s][info][gc,stats    ]       0 of   499 ms (  0.1%): <average total>
[2026-04-03T02:18:04.127+0600][46.028s][info][gc,stats    ]      10 of   499 ms (  2.1%): <average non-zero>
[2026-04-03T02:18:04.127+0600][46.028s][info][gc,stats    ] 
[2026-04-03T02:18:04.127+0600][46.028s][info][gc,metaspace] Metaspace: 130855K(132032K)->130855K(132032K) NonClass: 114366K(114944K)->114366K(114944K) Class: 16488K(17088K)->16488K(17088K)
[2026-04-03T02:18:04.127+0600][46.028s][info][gc,ergo     ] Pacer for Idle. Initial: 15360K, Alloc Tax Rate: 1.0x
[2026-04-03T02:18:04.378+0600][46.279s][info][gc          ] Trigger: Average GC time (153.67 ms) is above the time for average allocation rate (1090 MB/s) to deplete free headroom (156M) (margin of error = 1.86)
[2026-04-03T02:18:04.378+0600][46.279s][info][gc,ergo     ] Free headroom: 194M (free) - 38400K (spike) - 0B (penalties) = 156M
[2026-04-03T02:18:04.378+0600][46.279s][info][gc,ergo     ] Free: 194M, Max: 256K regular, 82688K humongous, Frag: 59% external, 1% internal; Reserve: 38400K, Max: 256K
[2026-04-03T02:18:04.378+0600][46.279s][info][gc,start    ] GC(54) Concurrent reset
[2026-04-03T02:18:04.378+0600][46.279s][info][gc,task     ] GC(54) Using 3 of 6 workers for concurrent reset
[2026-04-03T02:18:04.378+0600][46.279s][info][gc,ergo     ] GC(54) Pacer for Reset. Non-Taxable: 750M
[2026-04-03T02:18:04.380+0600][46.281s][info][gc          ] GC(54) Concurrent reset 1.306ms
[2026-04-03T02:18:04.380+0600][46.282s][info][gc,start    ] GC(54) Pause Init Mark (unload classes)
[2026-04-03T02:18:04.380+0600][46.282s][info][gc,task     ] GC(54) Using 6 of 6 workers for init marking
[2026-04-03T02:18:04.381+0600][46.282s][info][gc,ergo     ] GC(54) Pacer for Mark. Expected Live: 93797K, Free: 171M, Non-Taxable: 17518K, Alloc Tax Rate: 0.7x
[2026-04-03T02:18:04.381+0600][46.282s][info][gc          ] GC(54) Pause Init Mark (unload classes) 0.188ms
[2026-04-03T02:18:04.381+0600][46.282s][info][gc,start    ] GC(54) Concurrent marking roots
[2026-04-03T02:18:04.381+0600][46.282s][info][gc,task     ] GC(54) Using 3 of 6 workers for concurrent marking roots
[2026-04-03T02:18:04.382+0600][46.283s][info][gc          ] GC(54) Concurrent marking roots 1.610ms
[2026-04-03T02:18:04.382+0600][46.283s][info][gc,start    ] GC(54) Concurrent marking (unload classes)
[2026-04-03T02:18:04.382+0600][46.284s][info][gc,task     ] GC(54) Using 3 of 6 workers for concurrent marking
[2026-04-03T02:18:04.427+0600][46.328s][info][gc          ] GC(54) Concurrent marking (unload classes) 44.868ms
[2026-04-03T02:18:04.428+0600][46.329s][info][gc,start    ] GC(54) Pause Final Mark (unload classes)
[2026-04-03T02:18:04.428+0600][46.329s][info][gc,task     ] GC(54) Using 6 of 6 workers for final marking
[2026-04-03T02:18:04.428+0600][46.330s][info][gc,ergo     ] GC(54) Adaptive CSet Selection. Target Free: 106M, Actual Free: 524M, Max CSet: 32000K, Min Garbage: 0B
[2026-04-03T02:18:04.429+0600][46.330s][info][gc,ergo     ] GC(54) Collectable Garbage: 412M (98%), Immediate: 368M (87%), CSet: 44750K (10%)
[2026-04-03T02:18:04.429+0600][46.330s][info][gc,ergo     ] GC(54) Pacer for Evacuation. Used CSet: 48764K, Free: 505M, Non-Taxable: 51718K, Alloc Tax Rate: 1.1x
[2026-04-03T02:18:04.429+0600][46.330s][info][gc          ] GC(54) Pause Final Mark (unload classes) 0.559ms
[2026-04-03T02:18:04.429+0600][46.330s][info][gc,start    ] GC(54) Concurrent thread roots
[2026-04-03T02:18:04.429+0600][46.330s][info][gc,task     ] GC(54) Using 3 of 6 workers for Concurrent thread roots
[2026-04-03T02:18:04.430+0600][46.331s][info][gc          ] GC(54) Concurrent thread roots 0.922ms
[2026-04-03T02:18:04.430+0600][46.331s][info][gc,start    ] GC(54) Concurrent weak references
[2026-04-03T02:18:04.430+0600][46.331s][info][gc,task     ] GC(54) Using 3 of 6 workers for concurrent weak references
[2026-04-03T02:18:04.431+0600][46.332s][info][gc,ref      ] GC(54) Encountered references: Soft: 3869, Weak: 15215, Final: 84, Phantom: 628
[2026-04-03T02:18:04.431+0600][46.332s][info][gc,ref      ] GC(54) Discovered  references: Soft: 0, Weak: 9193, Final: 84, Phantom: 587
[2026-04-03T02:18:04.431+0600][46.332s][info][gc,ref      ] GC(54) Enqueued    references: Soft: 0, Weak: 604, Final: 0, Phantom: 0
[2026-04-03T02:18:04.431+0600][46.332s][info][gc          ] GC(54) Concurrent weak references 0.907ms
[2026-04-03T02:18:04.431+0600][46.332s][info][gc,start    ] GC(54) Concurrent weak roots
[2026-04-03T02:18:04.431+0600][46.332s][info][gc,task     ] GC(54) Using 3 of 6 workers for concurrent weak root
[2026-04-03T02:18:04.435+0600][46.336s][info][gc          ] GC(54) Concurrent weak roots 4.036ms
[2026-04-03T02:18:04.435+0600][46.336s][info][gc,start    ] GC(54) Concurrent cleanup
[2026-04-03T02:18:04.436+0600][46.337s][info][gc          ] GC(54) Concurrent cleanup 615M->246M(659M) 0.758ms
[2026-04-03T02:18:04.436+0600][46.337s][info][gc,ergo     ] GC(54) Free: 457M, Max: 256K regular, 55296K humongous, Frag: 89% external, 0% internal; Reserve: 37627K, Max: 256K
[2026-04-03T02:18:04.436+0600][46.337s][info][gc,start    ] GC(54) Concurrent class unloading
[2026-04-03T02:18:04.436+0600][46.337s][info][gc,task     ] GC(54) Using 3 of 6 workers for concurrent class unloading
[2026-04-03T02:18:04.448+0600][46.349s][info][gc          ] GC(54) Concurrent class unloading 12.424ms
[2026-04-03T02:18:04.448+0600][46.349s][info][gc,start    ] GC(54) Concurrent strong roots
[2026-04-03T02:18:04.448+0600][46.349s][info][gc,task     ] GC(54) Using 3 of 6 workers for concurrent strong root
[2026-04-03T02:18:04.449+0600][46.350s][info][gc          ] GC(54) Concurrent strong roots 0.806ms
[2026-04-03T02:18:04.449+0600][46.350s][info][gc,start    ] GC(54) Concurrent evacuation
[2026-04-03T02:18:04.449+0600][46.350s][info][gc,task     ] GC(54) Using 3 of 6 workers for concurrent evacuation
[2026-04-03T02:18:04.450+0600][46.351s][info][gc          ] GC(54) Concurrent evacuation 1.424ms
[2026-04-03T02:18:04.451+0600][46.352s][info][gc,start    ] GC(54) Pause Init Update Refs
[2026-04-03T02:18:04.451+0600][46.352s][info][gc,ergo     ] GC(54) Pacer for Update Refs. Used: 255M, Free: 452M, Non-Taxable: 46344K, Alloc Tax Rate: 1.1x
[2026-04-03T02:18:04.451+0600][46.352s][info][gc          ] GC(54) Pause Init Update Refs 0.129ms
[2026-04-03T02:18:04.451+0600][46.352s][info][gc,start    ] GC(54) Concurrent update references
[2026-04-03T02:18:04.451+0600][46.352s][info][gc,task     ] GC(54) Using 3 of 6 workers for concurrent reference update
[2026-04-03T02:18:04.492+0600][46.393s][info][gc          ] GC(54) Concurrent update references 41.444ms
[2026-04-03T02:18:04.492+0600][46.393s][info][gc,start    ] GC(54) Concurrent update thread roots
[2026-04-03T02:18:04.494+0600][46.395s][info][gc          ] GC(54) Concurrent update thread roots 1.802ms
[2026-04-03T02:18:04.494+0600][46.396s][info][gc,start    ] GC(54) Pause Final Update Refs
[2026-04-03T02:18:04.494+0600][46.396s][info][gc,task     ] GC(54) Using 6 of 6 workers for final reference update
[2026-04-03T02:18:04.495+0600][46.396s][info][gc          ] GC(54) Pause Final Update Refs 0.198ms
[2026-04-03T02:18:04.495+0600][46.396s][info][gc,start    ] GC(54) Concurrent cleanup
[2026-04-03T02:18:04.495+0600][46.396s][info][gc          ] GC(54) Concurrent cleanup 394M->346M(659M) 0.610ms
[2026-04-03T02:18:04.495+0600][46.397s][info][gc,ergo     ] Free: 349M, Max: 256K regular, 176M humongous, Frag: 50% external, 1% internal; Reserve: 38400K, Max: 256K
[2026-04-03T02:18:04.496+0600][46.397s][info][gc,stats    ] 
[2026-04-03T02:18:04.496+0600][46.397s][info][gc,stats    ] All times are wall-clock times, except per-root-class counters, that are sum over
[2026-04-03T02:18:04.496+0600][46.397s][info][gc,stats    ] all workers. Dividing the <total> over the root stage time estimates parallelism.
[2026-04-03T02:18:04.496+0600][46.397s][info][gc,stats    ] 
[2026-04-03T02:18:04.496+0600][46.397s][info][gc,stats    ] Concurrent Reset                   1368 us
[2026-04-03T02:18:04.496+0600][46.397s][info][gc,stats    ] Pause Init Mark (G)                1054 us
[2026-04-03T02:18:04.496+0600][46.397s][info][gc,stats    ] Pause Init Mark (N)                 202 us
[2026-04-03T02:18:04.496+0600][46.397s][info][gc,stats    ]   Update Region States               46 us
[2026-04-03T02:18:04.496+0600][46.397s][info][gc,stats    ] Concurrent Mark Roots              1673 us, parallelism: 1.82x
[2026-04-03T02:18:04.496+0600][46.397s][info][gc,stats    ]   CMR: <total>                     3051 us
[2026-04-03T02:18:04.496+0600][46.397s][info][gc,stats    ]   CMR: Thread Roots                2371 us, workers (us): 387, 991, 993, ---, ---, ---, 
[2026-04-03T02:18:04.496+0600][46.397s][info][gc,stats    ]   CMR: VM Strong Roots               70 us, workers (us):  44,  20,   5, ---, ---, ---, 
[2026-04-03T02:18:04.496+0600][46.397s][info][gc,stats    ]   CMR: CLDG Roots                   611 us, workers (us): 611, ---, ---, ---, ---, ---, 
[2026-04-03T02:18:04.496+0600][46.397s][info][gc,stats    ] Concurrent Marking                44965 us
[2026-04-03T02:18:04.496+0600][46.397s][info][gc,stats    ] Pause Final Mark (G)               1397 us
[2026-04-03T02:18:04.496+0600][46.397s][info][gc,stats    ] Pause Final Mark (N)                569 us
[2026-04-03T02:18:04.496+0600][46.397s][info][gc,stats    ]   Finish Mark                       247 us
[2026-04-03T02:18:04.496+0600][46.397s][info][gc,stats    ]   Update Region States               41 us
[2026-04-03T02:18:04.496+0600][46.397s][info][gc,stats    ]   Choose Collection Set             163 us
[2026-04-03T02:18:04.496+0600][46.397s][info][gc,stats    ]   Rebuild Free Set                   33 us
[2026-04-03T02:18:04.496+0600][46.397s][info][gc,stats    ] Concurrent Thread Roots            1005 us, parallelism: 2.05x
[2026-04-03T02:18:04.496+0600][46.397s][info][gc,stats    ]   CTR: <total>                     2058 us
[2026-04-03T02:18:04.496+0600][46.397s][info][gc,stats    ]   CTR: Thread Roots                2058 us, workers (us): 710, 691, 656, ---, ---, ---, 
[2026-04-03T02:18:04.496+0600][46.397s][info][gc,stats    ] Concurrent Weak References          915 us, parallelism: 1.41x
[2026-04-03T02:18:04.496+0600][46.397s][info][gc,stats    ]   CWRF: <total>                    1293 us
[2026-04-03T02:18:04.496+0600][46.397s][info][gc,stats    ]   CWRF: Weak References            1293 us, workers (us): 761, 317, 215, ---, ---, ---, 
[2026-04-03T02:18:04.496+0600][46.397s][info][gc,stats    ] Concurrent Weak Roots              4125 us
[2026-04-03T02:18:04.496+0600][46.397s][info][gc,stats    ]   Roots                            3551 us, parallelism: 2.71x
[2026-04-03T02:18:04.496+0600][46.397s][info][gc,stats    ]     CWR: <total>                   9614 us
[2026-04-03T02:18:04.496+0600][46.397s][info][gc,stats    ]     CWR: Code Cache Roots          7419 us, workers (us): 2578, 2279, 2562, ---, ---, ---, 
[2026-04-03T02:18:04.496+0600][46.397s][info][gc,stats    ]     CWR: VM Weak Roots             1933 us, workers (us): 661, 640, 632, ---, ---, ---, 
[2026-04-03T02:18:04.496+0600][46.397s][info][gc,stats    ]     CWR: CLDG Roots                 262 us, workers (us): ---, 262, ---, ---, ---, ---, 
[2026-04-03T02:18:04.496+0600][46.397s][info][gc,stats    ]   Rendezvous                        414 us
[2026-04-03T02:18:04.496+0600][46.397s][info][gc,stats    ] Concurrent Cleanup                  777 us
[2026-04-03T02:18:04.496+0600][46.397s][info][gc,stats    ] Concurrent Class Unloading        12488 us
[2026-04-03T02:18:04.496+0600][46.397s][info][gc,stats    ]   Unlink Stale                    11476 us
[2026-04-03T02:18:04.496+0600][46.397s][info][gc,stats    ]     System Dictionary               310 us
[2026-04-03T02:18:04.496+0600][46.397s][info][gc,stats    ]     Weak Class Links                  2 us
[2026-04-03T02:18:04.496+0600][46.397s][info][gc,stats    ]     Code Roots                    11161 us
[2026-04-03T02:18:04.496+0600][46.397s][info][gc,stats    ]   Rendezvous                        408 us
[2026-04-03T02:18:04.496+0600][46.397s][info][gc,stats    ]   Purge Unlinked                    515 us
[2026-04-03T02:18:04.496+0600][46.397s][info][gc,stats    ]     Code Roots                      501 us
[2026-04-03T02:18:04.496+0600][46.397s][info][gc,stats    ]     CLDG                             13 us
[2026-04-03T02:18:04.496+0600][46.397s][info][gc,stats    ]     Exception Caches                  0 us
[2026-04-03T02:18:04.496+0600][46.397s][info][gc,stats    ] Concurrent Strong Roots             833 us, parallelism: 0.63x
[2026-04-03T02:18:04.496+0600][46.397s][info][gc,stats    ]   CSR: <total>                      522 us
[2026-04-03T02:18:04.496+0600][46.397s][info][gc,stats    ]   CSR: VM Strong Roots               39 us, workers (us):  20,  18,   0, ---, ---, ---, 
[2026-04-03T02:18:04.496+0600][46.397s][info][gc,stats    ]   CSR: CLDG Roots                   484 us, workers (us): ---, 484, ---, ---, ---, ---, 
[2026-04-03T02:18:04.496+0600][46.397s][info][gc,stats    ] Concurrent Evacuation              1477 us
[2026-04-03T02:18:04.496+0600][46.397s][info][gc,stats    ] Pause Init Update Refs (G)          398 us
[2026-04-03T02:18:04.496+0600][46.397s][info][gc,stats    ] Pause Init Update Refs (N)          140 us
[2026-04-03T02:18:04.496+0600][46.397s][info][gc,stats    ]   Manage GCLABs                      38 us
[2026-04-03T02:18:04.496+0600][46.397s][info][gc,stats    ] Concurrent Update Refs            41519 us
[2026-04-03T02:18:04.496+0600][46.397s][info][gc,stats    ] Concurrent Update Thread Roots     1890 us
[2026-04-03T02:18:04.496+0600][46.397s][info][gc,stats    ] Pause Final Update Refs (G)         527 us
[2026-04-03T02:18:04.496+0600][46.397s][info][gc,stats    ] Pause Final Update Refs (N)         216 us
[2026-04-03T02:18:04.496+0600][46.397s][info][gc,stats    ]   Update Region States               57 us
[2026-04-03T02:18:04.496+0600][46.397s][info][gc,stats    ]   Trash Collection Set               14 us
[2026-04-03T02:18:04.496+0600][46.397s][info][gc,stats    ]   Rebuild Free Set                   46 us
[2026-04-03T02:18:04.496+0600][46.397s][info][gc,stats    ] Concurrent Cleanup                  640 us
[2026-04-03T02:18:04.496+0600][46.397s][info][gc,stats    ] Pacing                           304825 us
[2026-04-03T02:18:04.496+0600][46.397s][info][gc,stats    ] 
[2026-04-03T02:18:04.496+0600][46.397s][info][gc,stats    ] Allocation pacing accrued:
[2026-04-03T02:18:04.496+0600][46.397s][info][gc,stats    ]      20 of   369 ms (  5.5%): dispatcher-BlockManagerMaster
[2026-04-03T02:18:04.496+0600][46.397s][info][gc,stats    ]      64 of   369 ms ( 17.3%): Executor task launch worker for task 2.0 in stage 1195.0 (TID 2283)
[2026-04-03T02:18:04.496+0600][46.397s][info][gc,stats    ]      63 of   369 ms ( 17.0%): Executor task launch worker for task 0.0 in stage 1195.0 (TID 2281)
[2026-04-03T02:18:04.496+0600][46.397s][info][gc,stats    ]      63 of   369 ms ( 17.0%): Executor task launch worker for task 1.0 in stage 1195.0 (TID 2282)
[2026-04-03T02:18:04.496+0600][46.397s][info][gc,stats    ]      65 of   369 ms ( 17.6%): Executor task launch worker for task 3.0 in stage 1195.0 (TID 2284)
[2026-04-03T02:18:04.496+0600][46.397s][info][gc,stats    ]      10 of   369 ms (  2.6%): block-manager-storage-async-thread-pool-77
[2026-04-03T02:18:04.496+0600][46.397s][info][gc,stats    ]      21 of   369 ms (  5.6%): block-manager-storage-async-thread-pool-86
[2026-04-03T02:18:04.496+0600][46.397s][info][gc,stats    ]     305 of   369 ms ( 82.6%): <total>
[2026-04-03T02:18:04.496+0600][46.397s][info][gc,stats    ]       1 of   369 ms (  0.3%): <average total>
[2026-04-03T02:18:04.496+0600][46.397s][info][gc,stats    ]      44 of   369 ms ( 11.8%): <average non-zero>
[2026-04-03T02:18:04.496+0600][46.397s][info][gc,stats    ] 
[2026-04-03T02:18:04.496+0600][46.397s][info][gc,metaspace] Metaspace: 130859K(132032K)->130860K(132032K) NonClass: 114370K(114944K)->114371K(114944K) Class: 16488K(17088K)->16488K(17088K)
[2026-04-03T02:18:04.496+0600][46.397s][info][gc,ergo     ] Pacer for Idle. Initial: 15360K, Alloc Tax Rate: 1.0x
[2026-04-03T02:18:04.497+0600][46.398s][info][gc          ] Trigger: Average GC time (149.93 ms) is above the time for instantaneous allocation rate (2311 MB/s) to deplete free headroom (311M) (spike threshold = 1.79)
[2026-04-03T02:18:04.497+0600][46.398s][info][gc,ergo     ] Free: 348M, Max: 256K regular, 176M humongous, Frag: 50% external, 1% internal; Reserve: 38400K, Max: 256K
[2026-04-03T02:18:04.497+0600][46.398s][info][gc,start    ] GC(55) Concurrent reset
[2026-04-03T02:18:04.497+0600][46.398s][info][gc,task     ] GC(55) Using 3 of 6 workers for concurrent reset
[2026-04-03T02:18:04.497+0600][46.398s][info][gc,ergo     ] GC(55) Pacer for Reset. Non-Taxable: 750M
[2026-04-03T02:18:04.498+0600][46.400s][info][gc          ] GC(55) Concurrent reset 1.099ms
[2026-04-03T02:18:04.499+0600][46.400s][info][gc,start    ] GC(55) Pause Init Mark (unload classes)
[2026-04-03T02:18:04.499+0600][46.400s][info][gc,task     ] GC(55) Using 6 of 6 workers for init marking
[2026-04-03T02:18:04.499+0600][46.400s][info][gc,ergo     ] GC(55) Pacer for Mark. Expected Live: 95740K, Free: 347M, Non-Taxable: 35584K, Alloc Tax Rate: 0.3x
[2026-04-03T02:18:04.499+0600][46.400s][info][gc          ] GC(55) Pause Init Mark (unload classes) 0.156ms
[2026-04-03T02:18:04.499+0600][46.400s][info][gc,start    ] GC(55) Concurrent marking roots
[2026-04-03T02:18:04.499+0600][46.400s][info][gc,task     ] GC(55) Using 3 of 6 workers for concurrent marking roots
[2026-04-03T02:18:04.500+0600][46.402s][info][gc          ] GC(55) Concurrent marking roots 1.505ms
[2026-04-03T02:18:04.501+0600][46.402s][info][gc,start    ] GC(55) Concurrent marking (unload classes)
[2026-04-03T02:18:04.501+0600][46.402s][info][gc,task     ] GC(55) Using 3 of 6 workers for concurrent marking
[2026-04-03T02:18:04.555+0600][46.456s][info][gc          ] GC(55) Concurrent marking (unload classes) 54.454ms
[2026-04-03T02:18:04.555+0600][46.456s][info][gc,start    ] GC(55) Pause Final Mark (unload classes)
[2026-04-03T02:18:04.555+0600][46.456s][info][gc,task     ] GC(55) Using 6 of 6 workers for final marking
[2026-04-03T02:18:04.556+0600][46.457s][info][gc,ergo     ] GC(55) Collectable Garbage: 240M (91%), Immediate: 240M (91%), CSet: 0B (0%)
[2026-04-03T02:18:04.556+0600][46.457s][info][gc          ] GC(55) Pause Final Mark (unload classes) 0.404ms
[2026-04-03T02:18:04.556+0600][46.457s][info][gc,start    ] GC(55) Concurrent weak references
[2026-04-03T02:18:04.556+0600][46.457s][info][gc,task     ] GC(55) Using 3 of 6 workers for concurrent weak references
[2026-04-03T02:18:04.557+0600][46.458s][info][gc,ref      ] GC(55) Encountered references: Soft: 3865, Weak: 14683, Final: 84, Phantom: 621
[2026-04-03T02:18:04.557+0600][46.458s][info][gc,ref      ] GC(55) Discovered  references: Soft: 0, Weak: 7813, Final: 52, Phantom: 617
[2026-04-03T02:18:04.557+0600][46.458s][info][gc,ref      ] GC(55) Enqueued    references: Soft: 0, Weak: 12, Final: 0, Phantom: 0
[2026-04-03T02:18:04.557+0600][46.458s][info][gc          ] GC(55) Concurrent weak references 0.864ms
[2026-04-03T02:18:04.557+0600][46.458s][info][gc,start    ] GC(55) Concurrent weak roots
[2026-04-03T02:18:04.557+0600][46.458s][info][gc,task     ] GC(55) Using 3 of 6 workers for concurrent weak root
[2026-04-03T02:18:04.561+0600][46.462s][info][gc          ] GC(55) Concurrent weak roots 4.122ms
[2026-04-03T02:18:04.561+0600][46.462s][info][gc,start    ] GC(55) Concurrent cleanup
[2026-04-03T02:18:04.561+0600][46.462s][info][gc          ] GC(55) Concurrent cleanup 395M->155M(659M) 0.385ms
[2026-04-03T02:18:04.561+0600][46.463s][info][gc,ergo     ] GC(55) Free: 552M, Max: 256K regular, 340M humongous, Frag: 39% external, 0% internal; Reserve: 38400K, Max: 256K
[2026-04-03T02:18:04.561+0600][46.463s][info][gc,start    ] GC(55) Concurrent class unloading
[2026-04-03T02:18:04.561+0600][46.463s][info][gc,task     ] GC(55) Using 3 of 6 workers for concurrent class unloading
[2026-04-03T02:18:04.587+0600][46.488s][info][gc          ] GC(55) Concurrent class unloading 25.317ms
[2026-04-03T02:18:04.588+0600][46.489s][info][gc,start    ] GC(55) Pause Final Roots
[2026-04-03T02:18:04.588+0600][46.489s][info][gc          ] GC(55) Pause Final Roots 0.097ms
[2026-04-03T02:18:04.589+0600][46.490s][info][gc,ergo     ] Free: 318M, Max: 256K regular, 229M humongous, Frag: 28% external, 0% internal; Reserve: 38400K, Max: 256K
[2026-04-03T02:18:04.589+0600][46.490s][info][gc,stats    ] 
[2026-04-03T02:18:04.589+0600][46.490s][info][gc,stats    ] All times are wall-clock times, except per-root-class counters, that are sum over
[2026-04-03T02:18:04.589+0600][46.490s][info][gc,stats    ] all workers. Dividing the <total> over the root stage time estimates parallelism.
[2026-04-03T02:18:04.589+0600][46.490s][info][gc,stats    ] 
[2026-04-03T02:18:04.589+0600][46.490s][info][gc,stats    ] Concurrent Reset                   1179 us
[2026-04-03T02:18:04.589+0600][46.490s][info][gc,stats    ] Pause Init Mark (G)                 456 us
[2026-04-03T02:18:04.589+0600][46.490s][info][gc,stats    ] Pause Init Mark (N)                 165 us
[2026-04-03T02:18:04.589+0600][46.490s][info][gc,stats    ]   Update Region States               34 us
[2026-04-03T02:18:04.589+0600][46.490s][info][gc,stats    ] Concurrent Mark Roots              1590 us, parallelism: 1.96x
[2026-04-03T02:18:04.589+0600][46.490s][info][gc,stats    ]   CMR: <total>                     3123 us
[2026-04-03T02:18:04.589+0600][46.490s][info][gc,stats    ]   CMR: Thread Roots                2602 us, workers (us): 1035, 1007, 560, ---, ---, ---, 
[2026-04-03T02:18:04.589+0600][46.490s][info][gc,stats    ]   CMR: VM Strong Roots               56 us, workers (us):  22,  18,  16, ---, ---, ---, 
[2026-04-03T02:18:04.589+0600][46.490s][info][gc,stats    ]   CMR: CLDG Roots                   465 us, workers (us): ---, ---, 465, ---, ---, ---, 
[2026-04-03T02:18:04.589+0600][46.490s][info][gc,stats    ] Concurrent Marking                54524 us
[2026-04-03T02:18:04.589+0600][46.490s][info][gc,stats    ] Pause Final Mark (G)                720 us
[2026-04-03T02:18:04.589+0600][46.490s][info][gc,stats    ] Pause Final Mark (N)                415 us
[2026-04-03T02:18:04.589+0600][46.490s][info][gc,stats    ]   Finish Mark                       164 us
[2026-04-03T02:18:04.589+0600][46.490s][info][gc,stats    ]   Update Region States               57 us
[2026-04-03T02:18:04.589+0600][46.490s][info][gc,stats    ]   Choose Collection Set              60 us
[2026-04-03T02:18:04.589+0600][46.490s][info][gc,stats    ]   Rebuild Free Set                   35 us
[2026-04-03T02:18:04.589+0600][46.490s][info][gc,stats    ] Concurrent Weak References          893 us, parallelism: 0.82x
[2026-04-03T02:18:04.589+0600][46.490s][info][gc,stats    ]   CWRF: <total>                     735 us
[2026-04-03T02:18:04.589+0600][46.490s][info][gc,stats    ]   CWRF: Weak References             735 us, workers (us): 603,  95,  37, ---, ---, ---, 
[2026-04-03T02:18:04.589+0600][46.490s][info][gc,stats    ] Concurrent Weak Roots              4261 us
[2026-04-03T02:18:04.589+0600][46.490s][info][gc,stats    ]   Roots                            3724 us, parallelism: 2.60x
[2026-04-03T02:18:04.589+0600][46.490s][info][gc,stats    ]     CWR: <total>                   9688 us
[2026-04-03T02:18:04.589+0600][46.490s][info][gc,stats    ]     CWR: Code Cache Roots          7605 us, workers (us): 2661, 2364, 2581, ---, ---, ---, 
[2026-04-03T02:18:04.589+0600][46.490s][info][gc,stats    ]     CWR: VM Weak Roots             1955 us, workers (us): 658, 656, 641, ---, ---, ---, 
[2026-04-03T02:18:04.589+0600][46.490s][info][gc,stats    ]     CWR: CLDG Roots                 127 us, workers (us): ---, 127, ---, ---, ---, ---, 
[2026-04-03T02:18:04.589+0600][46.490s][info][gc,stats    ]   Rendezvous                        369 us
[2026-04-03T02:18:04.589+0600][46.490s][info][gc,stats    ] Concurrent Cleanup                  412 us
[2026-04-03T02:18:04.589+0600][46.490s][info][gc,stats    ] Concurrent Class Unloading        25501 us
[2026-04-03T02:18:04.589+0600][46.490s][info][gc,stats    ]   Unlink Stale                    21295 us
[2026-04-03T02:18:04.589+0600][46.490s][info][gc,stats    ]     System Dictionary               322 us
[2026-04-03T02:18:04.589+0600][46.490s][info][gc,stats    ]     Weak Class Links                  0 us
[2026-04-03T02:18:04.589+0600][46.490s][info][gc,stats    ]     Code Roots                    20964 us
[2026-04-03T02:18:04.589+0600][46.490s][info][gc,stats    ]   Rendezvous                       2537 us
[2026-04-03T02:18:04.589+0600][46.490s][info][gc,stats    ]   Purge Unlinked                   1434 us
[2026-04-03T02:18:04.589+0600][46.490s][info][gc,stats    ]     Code Roots                     1373 us
[2026-04-03T02:18:04.589+0600][46.490s][info][gc,stats    ]     CLDG                             60 us
[2026-04-03T02:18:04.589+0600][46.490s][info][gc,stats    ]     Exception Caches                  1 us
[2026-04-03T02:18:04.589+0600][46.490s][info][gc,stats    ] Pause Final Roots (G)              1632 us
[2026-04-03T02:18:04.589+0600][46.490s][info][gc,stats    ] Pause Final Roots (N)               120 us
[2026-04-03T02:18:04.589+0600][46.490s][info][gc,stats    ] 
[2026-04-03T02:18:04.589+0600][46.490s][info][gc,stats    ] Allocation pacing accrued:
[2026-04-03T02:18:04.589+0600][46.490s][info][gc,stats    ]       0 of    93 ms (  0.0%): <total>
[2026-04-03T02:18:04.589+0600][46.490s][info][gc,stats    ]       0 of    93 ms (  0.0%): <average total>
[2026-04-03T02:18:04.589+0600][46.490s][info][gc,stats    ] 
[2026-04-03T02:18:04.589+0600][46.491s][info][gc,metaspace] Metaspace: 130860K(132032K)->130872K(132096K) NonClass: 114371K(114944K)->114383K(115008K) Class: 16488K(17088K)->16488K(17088K)
[2026-04-03T02:18:04.589+0600][46.491s][info][gc,ergo     ] Pacer for Idle. Initial: 15360K, Alloc Tax Rate: 1.0x
[2026-04-03T02:18:04.597+0600][46.498s][info][gc          ] Trigger: Average GC time (146.91 ms) is above the time for average allocation rate (2460 MB/s) to deplete free headroom (251M) (margin of error = 1.88)
[2026-04-03T02:18:04.597+0600][46.499s][info][gc,ergo     ] Free headroom: 289M (free) - 38400K (spike) - 0B (penalties) = 251M
[2026-04-03T02:18:04.598+0600][46.499s][info][gc,ergo     ] Free: 289M, Max: 256K regular, 202M humongous, Frag: 30% external, 0% internal; Reserve: 38400K, Max: 256K
[2026-04-03T02:18:04.598+0600][46.499s][info][gc,start    ] GC(56) Concurrent reset
[2026-04-03T02:18:04.598+0600][46.499s][info][gc,task     ] GC(56) Using 3 of 6 workers for concurrent reset
[2026-04-03T02:18:04.598+0600][46.499s][info][gc,ergo     ] GC(56) Pacer for Reset. Non-Taxable: 750M
[2026-04-03T02:18:04.598+0600][46.499s][info][gc          ] GC(56) Concurrent reset 0.794ms
[2026-04-03T02:18:04.599+0600][46.500s][info][gc,start    ] GC(56) Pause Init Mark (unload classes)
[2026-04-03T02:18:04.599+0600][46.500s][info][gc,task     ] GC(56) Using 6 of 6 workers for init marking
[2026-04-03T02:18:04.599+0600][46.500s][info][gc,ergo     ] GC(56) Pacer for Mark. Expected Live: 92582K, Free: 284M, Non-Taxable: 29143K, Alloc Tax Rate: 0.4x
[2026-04-03T02:18:04.599+0600][46.500s][info][gc          ] GC(56) Pause Init Mark (unload classes) 0.149ms
[2026-04-03T02:18:04.599+0600][46.500s][info][gc,start    ] GC(56) Concurrent marking roots
[2026-04-03T02:18:04.599+0600][46.500s][info][gc,task     ] GC(56) Using 3 of 6 workers for concurrent marking roots
[2026-04-03T02:18:04.600+0600][46.501s][info][gc          ] GC(56) Concurrent marking roots 1.330ms
[2026-04-03T02:18:04.600+0600][46.501s][info][gc,start    ] GC(56) Concurrent marking (unload classes)
[2026-04-03T02:18:04.600+0600][46.501s][info][gc,task     ] GC(56) Using 3 of 6 workers for concurrent marking
[2026-04-03T02:18:04.650+0600][46.551s][info][gc          ] GC(56) Concurrent marking (unload classes) 49.862ms
[2026-04-03T02:18:04.650+0600][46.551s][info][gc,start    ] GC(56) Pause Final Mark (unload classes)
[2026-04-03T02:18:04.650+0600][46.551s][info][gc,task     ] GC(56) Using 6 of 6 workers for final marking
[2026-04-03T02:18:04.651+0600][46.552s][info][gc,ergo     ] GC(56) Adaptive CSet Selection. Target Free: 106M, Actual Free: 547M, Max CSet: 32000K, Min Garbage: 0B
[2026-04-03T02:18:04.651+0600][46.552s][info][gc,ergo     ] GC(56) Collectable Garbage: 312M (97%), Immediate: 273M (85%), CSet: 39891K (12%)
[2026-04-03T02:18:04.651+0600][46.552s][info][gc,ergo     ] GC(56) Pacer for Evacuation. Used CSet: 45570K, Free: 530M, Non-Taxable: 54319K, Alloc Tax Rate: 1.1x
[2026-04-03T02:18:04.651+0600][46.552s][info][gc          ] GC(56) Pause Final Mark (unload classes) 0.623ms
[2026-04-03T02:18:04.651+0600][46.552s][info][gc,start    ] GC(56) Concurrent thread roots
[2026-04-03T02:18:04.651+0600][46.552s][info][gc,task     ] GC(56) Using 3 of 6 workers for Concurrent thread roots
[2026-04-03T02:18:04.652+0600][46.553s][info][gc          ] GC(56) Concurrent thread roots 1.198ms
[2026-04-03T02:18:04.652+0600][46.553s][info][gc,start    ] GC(56) Concurrent weak references
[2026-04-03T02:18:04.652+0600][46.553s][info][gc,task     ] GC(56) Using 3 of 6 workers for concurrent weak references
[2026-04-03T02:18:04.653+0600][46.554s][info][gc,ref      ] GC(56) Encountered references: Soft: 3868, Weak: 14764, Final: 84, Phantom: 629
[2026-04-03T02:18:04.653+0600][46.554s][info][gc,ref      ] GC(56) Discovered  references: Soft: 0, Weak: 5485, Final: 0, Phantom: 587
[2026-04-03T02:18:04.653+0600][46.554s][info][gc,ref      ] GC(56) Enqueued    references: Soft: 0, Weak: 221, Final: 0, Phantom: 0
[2026-04-03T02:18:04.653+0600][46.554s][info][gc          ] GC(56) Concurrent weak references 0.683ms
[2026-04-03T02:18:04.653+0600][46.554s][info][gc,start    ] GC(56) Concurrent weak roots
[2026-04-03T02:18:04.653+0600][46.554s][info][gc,task     ] GC(56) Using 3 of 6 workers for concurrent weak root
[2026-04-03T02:18:04.658+0600][46.559s][info][gc          ] GC(56) Concurrent weak roots 5.147ms
[2026-04-03T02:18:04.658+0600][46.559s][info][gc,start    ] GC(56) Concurrent cleanup
[2026-04-03T02:18:04.659+0600][46.560s][info][gc          ] GC(56) Concurrent cleanup 461M->190M(659M) 0.832ms
[2026-04-03T02:18:04.659+0600][46.560s][info][gc,ergo     ] GC(56) Free: 517M, Max: 256K regular, 168M humongous, Frag: 68% external, 0% internal; Reserve: 38191K, Max: 256K
[2026-04-03T02:18:04.659+0600][46.560s][info][gc,start    ] GC(56) Concurrent class unloading
[2026-04-03T02:18:04.659+0600][46.560s][info][gc,task     ] GC(56) Using 3 of 6 workers for concurrent class unloading
[2026-04-03T02:18:04.678+0600][46.579s][info][gc          ] GC(56) Concurrent class unloading 18.858ms
[2026-04-03T02:18:04.678+0600][46.579s][info][gc,start    ] GC(56) Concurrent strong roots
[2026-04-03T02:18:04.678+0600][46.579s][info][gc,task     ] GC(56) Using 3 of 6 workers for concurrent strong root
[2026-04-03T02:18:04.679+0600][46.580s][info][gc          ] GC(56) Concurrent strong roots 1.059ms
[2026-04-03T02:18:04.679+0600][46.580s][info][gc,start    ] GC(56) Concurrent evacuation
[2026-04-03T02:18:04.679+0600][46.580s][info][gc,task     ] GC(56) Using 3 of 6 workers for concurrent evacuation
[2026-04-03T02:18:04.682+0600][46.583s][info][gc          ] GC(56) Concurrent evacuation 2.703ms
[2026-04-03T02:18:04.682+0600][46.583s][info][gc,start    ] GC(56) Pause Init Update Refs
[2026-04-03T02:18:04.682+0600][46.583s][info][gc,ergo     ] GC(56) Pacer for Update Refs. Used: 224M, Free: 487M, Non-Taxable: 49929K, Alloc Tax Rate: 1.1x
[2026-04-03T02:18:04.682+0600][46.583s][info][gc          ] GC(56) Pause Init Update Refs 0.148ms
[2026-04-03T02:18:04.683+0600][46.584s][info][gc,start    ] GC(56) Concurrent update references
[2026-04-03T02:18:04.683+0600][46.584s][info][gc,task     ] GC(56) Using 3 of 6 workers for concurrent reference update
[2026-04-03T02:18:04.716+0600][46.617s][info][gc          ] GC(56) Concurrent update references 33.611ms
[2026-04-03T02:18:04.716+0600][46.617s][info][gc,start    ] GC(56) Concurrent update thread roots
[2026-04-03T02:18:04.718+0600][46.619s][info][gc          ] GC(56) Concurrent update thread roots 1.375ms
[2026-04-03T02:18:04.718+0600][46.619s][info][gc,start    ] GC(56) Pause Final Update Refs
[2026-04-03T02:18:04.718+0600][46.619s][info][gc,task     ] GC(56) Using 6 of 6 workers for final reference update
[2026-04-03T02:18:04.718+0600][46.619s][info][gc          ] GC(56) Pause Final Update Refs 0.196ms
[2026-04-03T02:18:04.718+0600][46.619s][info][gc,start    ] GC(56) Concurrent cleanup
[2026-04-03T02:18:04.719+0600][46.620s][info][gc          ] GC(56) Concurrent cleanup 233M->189M(659M) 0.564ms
[2026-04-03T02:18:04.719+0600][46.620s][info][gc,ergo     ] Free: 516M, Max: 256K regular, 168M humongous, Frag: 68% external, 1% internal; Reserve: 38400K, Max: 256K
[2026-04-03T02:18:04.719+0600][46.620s][info][gc,stats    ] 
[2026-04-03T02:18:04.719+0600][46.620s][info][gc,stats    ] All times are wall-clock times, except per-root-class counters, that are sum over
[2026-04-03T02:18:04.719+0600][46.620s][info][gc,stats    ] all workers. Dividing the <total> over the root stage time estimates parallelism.
[2026-04-03T02:18:04.719+0600][46.620s][info][gc,stats    ] 
[2026-04-03T02:18:04.719+0600][46.620s][info][gc,stats    ] Concurrent Reset                    854 us
[2026-04-03T02:18:04.719+0600][46.620s][info][gc,stats    ] Pause Init Mark (G)                 469 us
[2026-04-03T02:18:04.719+0600][46.620s][info][gc,stats    ] Pause Init Mark (N)                 164 us
[2026-04-03T02:18:04.719+0600][46.620s][info][gc,stats    ]   Update Region States               45 us
[2026-04-03T02:18:04.719+0600][46.620s][info][gc,stats    ] Concurrent Mark Roots              1380 us, parallelism: 1.71x
[2026-04-03T02:18:04.719+0600][46.620s][info][gc,stats    ]   CMR: <total>                     2366 us
[2026-04-03T02:18:04.719+0600][46.620s][info][gc,stats    ]   CMR: Thread Roots                2010 us, workers (us): 507, 789, 714, ---, ---, ---, 
[2026-04-03T02:18:04.719+0600][46.620s][info][gc,stats    ]   CMR: VM Strong Roots               43 us, workers (us):  41,   1,   1, ---, ---, ---, 
[2026-04-03T02:18:04.719+0600][46.620s][info][gc,stats    ]   CMR: CLDG Roots                   312 us, workers (us): 312, ---, ---, ---, ---, ---, 
[2026-04-03T02:18:04.719+0600][46.620s][info][gc,stats    ] Concurrent Marking                49945 us
[2026-04-03T02:18:04.719+0600][46.620s][info][gc,stats    ] Pause Final Mark (G)                807 us
[2026-04-03T02:18:04.719+0600][46.620s][info][gc,stats    ] Pause Final Mark (N)                633 us
[2026-04-03T02:18:04.719+0600][46.620s][info][gc,stats    ]   Finish Mark                       219 us
[2026-04-03T02:18:04.719+0600][46.620s][info][gc,stats    ]   Update Region States               43 us
[2026-04-03T02:18:04.719+0600][46.620s][info][gc,stats    ]   Choose Collection Set             216 us
[2026-04-03T02:18:04.719+0600][46.620s][info][gc,stats    ]   Rebuild Free Set                   38 us
[2026-04-03T02:18:04.719+0600][46.620s][info][gc,stats    ] Concurrent Thread Roots            1232 us, parallelism: 2.33x
[2026-04-03T02:18:04.719+0600][46.620s][info][gc,stats    ]   CTR: <total>                     2867 us
[2026-04-03T02:18:04.719+0600][46.620s][info][gc,stats    ]   CTR: Thread Roots                2867 us, workers (us): 977, 952, 939, ---, ---, ---, 
[2026-04-03T02:18:04.719+0600][46.620s][info][gc,stats    ] Concurrent Weak References          697 us, parallelism: 0.81x
[2026-04-03T02:18:04.719+0600][46.620s][info][gc,stats    ]   CWRF: <total>                     565 us
[2026-04-03T02:18:04.719+0600][46.620s][info][gc,stats    ]   CWRF: Weak References             565 us, workers (us): 150,  49, 366, ---, ---, ---, 
[2026-04-03T02:18:04.719+0600][46.620s][info][gc,stats    ] Concurrent Weak Roots              5253 us
[2026-04-03T02:18:04.719+0600][46.620s][info][gc,stats    ]   Roots                            4771 us, parallelism: 2.71x
[2026-04-03T02:18:04.719+0600][46.620s][info][gc,stats    ]     CWR: <total>                  12919 us
[2026-04-03T02:18:04.719+0600][46.620s][info][gc,stats    ]     CWR: Code Cache Roots          9956 us, workers (us): 3306, 3362, 3288, ---, ---, ---, 
[2026-04-03T02:18:04.719+0600][46.620s][info][gc,stats    ]     CWR: VM Weak Roots             2825 us, workers (us): 973, 914, 938, ---, ---, ---, 
[2026-04-03T02:18:04.719+0600][46.620s][info][gc,stats    ]     CWR: CLDG Roots                 138 us, workers (us): 138, ---, ---, ---, ---, ---, 
[2026-04-03T02:18:04.719+0600][46.620s][info][gc,stats    ]   Rendezvous                        345 us
[2026-04-03T02:18:04.719+0600][46.620s][info][gc,stats    ] Concurrent Cleanup                  858 us
[2026-04-03T02:18:04.719+0600][46.620s][info][gc,stats    ] Concurrent Class Unloading        18953 us
[2026-04-03T02:18:04.719+0600][46.620s][info][gc,stats    ]   Unlink Stale                    17531 us
[2026-04-03T02:18:04.719+0600][46.620s][info][gc,stats    ]     System Dictionary               232 us
[2026-04-03T02:18:04.719+0600][46.620s][info][gc,stats    ]     Weak Class Links                  0 us
[2026-04-03T02:18:04.719+0600][46.620s][info][gc,stats    ]     Code Roots                    17296 us
[2026-04-03T02:18:04.719+0600][46.620s][info][gc,stats    ]   Rendezvous                        511 us
[2026-04-03T02:18:04.719+0600][46.620s][info][gc,stats    ]   Purge Unlinked                    779 us
[2026-04-03T02:18:04.719+0600][46.620s][info][gc,stats    ]     Code Roots                      763 us
[2026-04-03T02:18:04.719+0600][46.620s][info][gc,stats    ]     CLDG                             16 us
[2026-04-03T02:18:04.719+0600][46.620s][info][gc,stats    ]     Exception Caches                  0 us
[2026-04-03T02:18:04.719+0600][46.620s][info][gc,stats    ] Concurrent Strong Roots            1097 us, parallelism: 0.64x
[2026-04-03T02:18:04.719+0600][46.620s][info][gc,stats    ]   CSR: <total>                      698 us
[2026-04-03T02:18:04.719+0600][46.620s][info][gc,stats    ]   CSR: VM Strong Roots               64 us, workers (us):  37,  17,  10, ---, ---, ---, 
[2026-04-03T02:18:04.719+0600][46.620s][info][gc,stats    ]   CSR: CLDG Roots                   634 us, workers (us): ---, 634, ---, ---, ---, ---, 
[2026-04-03T02:18:04.719+0600][46.620s][info][gc,stats    ] Concurrent Evacuation              2782 us
[2026-04-03T02:18:04.719+0600][46.620s][info][gc,stats    ] Pause Init Update Refs (G)          585 us
[2026-04-03T02:18:04.719+0600][46.620s][info][gc,stats    ] Pause Init Update Refs (N)          167 us
[2026-04-03T02:18:04.719+0600][46.620s][info][gc,stats    ]   Manage GCLABs                      47 us
[2026-04-03T02:18:04.719+0600][46.620s][info][gc,stats    ] Concurrent Update Refs            33680 us
[2026-04-03T02:18:04.719+0600][46.620s][info][gc,stats    ] Concurrent Update Thread Roots     1421 us
[2026-04-03T02:18:04.719+0600][46.620s][info][gc,stats    ] Pause Final Update Refs (G)         615 us
[2026-04-03T02:18:04.719+0600][46.620s][info][gc,stats    ] Pause Final Update Refs (N)         213 us
[2026-04-03T02:18:04.719+0600][46.620s][info][gc,stats    ]   Update Region States               47 us
[2026-04-03T02:18:04.719+0600][46.620s][info][gc,stats    ]   Trash Collection Set               13 us
[2026-04-03T02:18:04.719+0600][46.620s][info][gc,stats    ]   Rebuild Free Set                   36 us
[2026-04-03T02:18:04.719+0600][46.620s][info][gc,stats    ] Concurrent Cleanup                  580 us
[2026-04-03T02:18:04.719+0600][46.620s][info][gc,stats    ] Pacing                           189571 us
[2026-04-03T02:18:04.719+0600][46.620s][info][gc,stats    ] 
[2026-04-03T02:18:04.719+0600][46.620s][info][gc,stats    ] Allocation pacing accrued:
[2026-04-03T02:18:04.719+0600][46.620s][info][gc,stats    ]      21 of   130 ms ( 16.3%): Executor task launch worker for task 5.0 in stage 1201.0 (TID 2302)
[2026-04-03T02:18:04.719+0600][46.620s][info][gc,stats    ]      28 of   130 ms ( 21.9%): Executor task launch worker for task 1.0 in stage 1201.0 (TID 2298)
[2026-04-03T02:18:04.719+0600][46.620s][info][gc,stats    ]      28 of   130 ms ( 21.6%): Executor task launch worker for task 2.0 in stage 1201.0 (TID 2299)
[2026-04-03T02:18:04.719+0600][46.620s][info][gc,stats    ]      21 of   130 ms ( 16.0%): Executor task launch worker for task 4.0 in stage 1201.0 (TID 2301)
[2026-04-03T02:18:04.719+0600][46.620s][info][gc,stats    ]      28 of   130 ms ( 21.7%): Executor task launch worker for task 0.0 in stage 1201.0 (TID 2297)
[2026-04-03T02:18:04.719+0600][46.620s][info][gc,stats    ]      21 of   130 ms ( 15.9%): Executor task launch worker for task 7.0 in stage 1201.0 (TID 2304)
[2026-04-03T02:18:04.719+0600][46.620s][info][gc,stats    ]      20 of   130 ms ( 15.7%): Executor task launch worker for task 3.0 in stage 1201.0 (TID 2300)
[2026-04-03T02:18:04.719+0600][46.620s][info][gc,stats    ]      22 of   130 ms ( 16.7%): Executor task launch worker for task 6.0 in stage 1201.0 (TID 2303)
[2026-04-03T02:18:04.719+0600][46.620s][info][gc,stats    ]     190 of   130 ms (145.9%): <total>
[2026-04-03T02:18:04.719+0600][46.620s][info][gc,stats    ]       1 of   130 ms (  0.5%): <average total>
[2026-04-03T02:18:04.719+0600][46.620s][info][gc,stats    ]      24 of   130 ms ( 18.2%): <average non-zero>
[2026-04-03T02:18:04.719+0600][46.620s][info][gc,stats    ] 
[2026-04-03T02:18:04.719+0600][46.620s][info][gc,metaspace] Metaspace: 130872K(132096K)->130872K(132096K) NonClass: 114383K(115008K)->114383K(115008K) Class: 16488K(17088K)->16488K(17088K)
[2026-04-03T02:18:04.719+0600][46.620s][info][gc,ergo     ] Pacer for Idle. Initial: 15360K, Alloc Tax Rate: 1.0x
[2026-04-03T02:18:05.223+0600][47.124s][info][gc          ] Trigger: Average GC time (144.05 ms) is above the time for average allocation rate (894 MB/s) to deplete free headroom (117M) (margin of error = 1.87)
[2026-04-03T02:18:05.223+0600][47.124s][info][gc,ergo     ] Free headroom: 154M (free) - 38400K (spike) - 0B (penalties) = 117M
[2026-04-03T02:18:05.223+0600][47.124s][info][gc,ergo     ] Free: 154M, Max: 256K regular, 93696K humongous, Frag: 41% external, 0% internal; Reserve: 38400K, Max: 256K
[2026-04-03T02:18:05.223+0600][47.124s][info][gc,start    ] GC(57) Concurrent reset
[2026-04-03T02:18:05.223+0600][47.124s][info][gc,task     ] GC(57) Using 3 of 6 workers for concurrent reset
[2026-04-03T02:18:05.223+0600][47.124s][info][gc,ergo     ] GC(57) Pacer for Reset. Non-Taxable: 750M
[2026-04-03T02:18:05.224+0600][47.125s][info][gc          ] GC(57) Concurrent reset 0.976ms
[2026-04-03T02:18:05.224+0600][47.125s][info][gc,start    ] GC(57) Pause Init Mark (unload classes)
[2026-04-03T02:18:05.224+0600][47.126s][info][gc,task     ] GC(57) Using 6 of 6 workers for init marking
[2026-04-03T02:18:05.225+0600][47.126s][info][gc,ergo     ] GC(57) Pacer for Mark. Expected Live: 92298K, Free: 151M, Non-Taxable: 15550K, Alloc Tax Rate: 0.7x
[2026-04-03T02:18:05.225+0600][47.126s][info][gc          ] GC(57) Pause Init Mark (unload classes) 0.192ms
[2026-04-03T02:18:05.225+0600][47.126s][info][gc,start    ] GC(57) Concurrent marking roots
[2026-04-03T02:18:05.225+0600][47.126s][info][gc,task     ] GC(57) Using 3 of 6 workers for concurrent marking roots
[2026-04-03T02:18:05.226+0600][47.127s][info][gc          ] GC(57) Concurrent marking roots 1.523ms
[2026-04-03T02:18:05.226+0600][47.127s][info][gc,start    ] GC(57) Concurrent marking (unload classes)
[2026-04-03T02:18:05.226+0600][47.127s][info][gc,task     ] GC(57) Using 3 of 6 workers for concurrent marking
[2026-04-03T02:18:05.294+0600][47.195s][info][gc          ] GC(57) Concurrent marking (unload classes) 67.890ms
[2026-04-03T02:18:05.294+0600][47.195s][info][gc,start    ] GC(57) Pause Final Mark (unload classes)
[2026-04-03T02:18:05.294+0600][47.195s][info][gc,task     ] GC(57) Using 6 of 6 workers for final marking
[2026-04-03T02:18:05.295+0600][47.196s][info][gc,ergo     ] GC(57) Adaptive CSet Selection. Target Free: 106M, Actual Free: 494M, Max CSet: 32000K, Min Garbage: 0B
[2026-04-03T02:18:05.295+0600][47.196s][info][gc,ergo     ] GC(57) Collectable Garbage: 431M (98%), Immediate: 334M (76%), CSet: 99077K (22%)
[2026-04-03T02:18:05.295+0600][47.196s][info][gc,ergo     ] GC(57) Pacer for Evacuation. Used CSet: 100M, Free: 488M, Non-Taxable: 49986K, Alloc Tax Rate: 1.1x
[2026-04-03T02:18:05.295+0600][47.196s][info][gc          ] GC(57) Pause Final Mark (unload classes) 0.983ms
[2026-04-03T02:18:05.296+0600][47.197s][info][gc,start    ] GC(57) Concurrent thread roots
[2026-04-03T02:18:05.296+0600][47.197s][info][gc,task     ] GC(57) Using 3 of 6 workers for Concurrent thread roots
[2026-04-03T02:18:05.297+0600][47.198s][info][gc          ] GC(57) Concurrent thread roots 1.139ms
[2026-04-03T02:18:05.297+0600][47.198s][info][gc,start    ] GC(57) Concurrent weak references
[2026-04-03T02:18:05.297+0600][47.198s][info][gc,task     ] GC(57) Using 3 of 6 workers for concurrent weak references
[2026-04-03T02:18:05.298+0600][47.199s][info][gc,ref      ] GC(57) Encountered references: Soft: 3869, Weak: 15129, Final: 84, Phantom: 621
[2026-04-03T02:18:05.298+0600][47.199s][info][gc,ref      ] GC(57) Discovered  references: Soft: 0, Weak: 7993, Final: 64, Phantom: 578
[2026-04-03T02:18:05.298+0600][47.199s][info][gc,ref      ] GC(57) Enqueued    references: Soft: 0, Weak: 388, Final: 0, Phantom: 0
[2026-04-03T02:18:05.298+0600][47.199s][info][gc          ] GC(57) Concurrent weak references 1.300ms
[2026-04-03T02:18:05.298+0600][47.199s][info][gc,start    ] GC(57) Concurrent weak roots
[2026-04-03T02:18:05.298+0600][47.199s][info][gc,task     ] GC(57) Using 3 of 6 workers for concurrent weak root
[2026-04-03T02:18:05.304+0600][47.205s][info][gc          ] GC(57) Concurrent weak roots 5.884ms
[2026-04-03T02:18:05.304+0600][47.205s][info][gc,start    ] GC(57) Concurrent cleanup
[2026-04-03T02:18:05.305+0600][47.206s][info][gc          ] GC(57) Concurrent cleanup 570M->235M(659M) 0.934ms
[2026-04-03T02:18:05.305+0600][47.206s][info][gc,ergo     ] GC(57) Free: 472M, Max: 256K regular, 48128K humongous, Frag: 91% external, 0% internal; Reserve: 38097K, Max: 256K
[2026-04-03T02:18:05.305+0600][47.206s][info][gc,start    ] GC(57) Concurrent class unloading
[2026-04-03T02:18:05.305+0600][47.206s][info][gc,task     ] GC(57) Using 3 of 6 workers for concurrent class unloading
[2026-04-03T02:18:05.324+0600][47.225s][info][gc          ] GC(57) Concurrent class unloading 18.681ms
[2026-04-03T02:18:05.324+0600][47.225s][info][gc,start    ] GC(57) Concurrent strong roots
[2026-04-03T02:18:05.324+0600][47.225s][info][gc,task     ] GC(57) Using 3 of 6 workers for concurrent strong root
[2026-04-03T02:18:05.325+0600][47.226s][info][gc          ] GC(57) Concurrent strong roots 1.276ms
[2026-04-03T02:18:05.325+0600][47.226s][info][gc,start    ] GC(57) Concurrent evacuation
[2026-04-03T02:18:05.325+0600][47.226s][info][gc,task     ] GC(57) Using 3 of 6 workers for concurrent evacuation
[2026-04-03T02:18:05.327+0600][47.228s][info][gc          ] GC(57) Concurrent evacuation 1.773ms
[2026-04-03T02:18:05.327+0600][47.228s][info][gc,start    ] GC(57) Pause Init Update Refs
[2026-04-03T02:18:05.327+0600][47.228s][info][gc,ergo     ] GC(57) Pacer for Update Refs. Used: 248M, Free: 462M, Non-Taxable: 47401K, Alloc Tax Rate: 1.1x
[2026-04-03T02:18:05.327+0600][47.228s][info][gc          ] GC(57) Pause Init Update Refs 0.136ms
[2026-04-03T02:18:05.327+0600][47.229s][info][gc,start    ] GC(57) Concurrent update references
[2026-04-03T02:18:05.328+0600][47.229s][info][gc,task     ] GC(57) Using 3 of 6 workers for concurrent reference update
[2026-04-03T02:18:05.374+0600][47.275s][info][gc          ] GC(57) Concurrent update references 46.581ms
[2026-04-03T02:18:05.374+0600][47.275s][info][gc,start    ] GC(57) Concurrent update thread roots
[2026-04-03T02:18:05.376+0600][47.277s][info][gc          ] GC(57) Concurrent update thread roots 1.454ms
[2026-04-03T02:18:05.376+0600][47.277s][info][gc,start    ] GC(57) Pause Final Update Refs
[2026-04-03T02:18:05.376+0600][47.277s][info][gc,task     ] GC(57) Using 6 of 6 workers for final reference update
[2026-04-03T02:18:05.376+0600][47.277s][info][gc          ] GC(57) Pause Final Update Refs 0.189ms
[2026-04-03T02:18:05.376+0600][47.277s][info][gc,start    ] GC(57) Concurrent cleanup
[2026-04-03T02:18:05.377+0600][47.278s][info][gc          ] GC(57) Concurrent cleanup 273M->173M(659M) 0.620ms
[2026-04-03T02:18:05.377+0600][47.278s][info][gc,ergo     ] Free: 531M, Max: 256K regular, 274M humongous, Frag: 49% external, 0% internal; Reserve: 38400K, Max: 256K
[2026-04-03T02:18:05.377+0600][47.278s][info][gc,stats    ] 
[2026-04-03T02:18:05.377+0600][47.278s][info][gc,stats    ] All times are wall-clock times, except per-root-class counters, that are sum over
[2026-04-03T02:18:05.377+0600][47.278s][info][gc,stats    ] all workers. Dividing the <total> over the root stage time estimates parallelism.
[2026-04-03T02:18:05.377+0600][47.278s][info][gc,stats    ] 
[2026-04-03T02:18:05.377+0600][47.278s][info][gc,stats    ] Concurrent Reset                   1022 us
[2026-04-03T02:18:05.377+0600][47.278s][info][gc,stats    ] Pause Init Mark (G)                 592 us
[2026-04-03T02:18:05.377+0600][47.278s][info][gc,stats    ] Pause Init Mark (N)                 202 us
[2026-04-03T02:18:05.377+0600][47.278s][info][gc,stats    ]   Update Region States               63 us
[2026-04-03T02:18:05.377+0600][47.278s][info][gc,stats    ] Concurrent Mark Roots              1605 us, parallelism: 2.01x
[2026-04-03T02:18:05.377+0600][47.278s][info][gc,stats    ]   CMR: <total>                     3231 us
[2026-04-03T02:18:05.377+0600][47.278s][info][gc,stats    ]   CMR: Thread Roots                2666 us, workers (us): 545, 1064, 1057, ---, ---, ---, 
[2026-04-03T02:18:05.377+0600][47.278s][info][gc,stats    ]   CMR: VM Strong Roots               60 us, workers (us):  28,  31,   1, ---, ---, ---, 
[2026-04-03T02:18:05.377+0600][47.278s][info][gc,stats    ]   CMR: CLDG Roots                   504 us, workers (us): 504, ---, ---, ---, ---, ---, 
[2026-04-03T02:18:05.377+0600][47.278s][info][gc,stats    ] Concurrent Marking                67960 us
[2026-04-03T02:18:05.377+0600][47.279s][info][gc,stats    ] Pause Final Mark (G)               1306 us
[2026-04-03T02:18:05.377+0600][47.279s][info][gc,stats    ] Pause Final Mark (N)               1000 us
[2026-04-03T02:18:05.377+0600][47.279s][info][gc,stats    ]   Finish Mark                       310 us
[2026-04-03T02:18:05.377+0600][47.279s][info][gc,stats    ]   Update Region States               48 us
[2026-04-03T02:18:05.377+0600][47.279s][info][gc,stats    ]   Choose Collection Set             303 us
[2026-04-03T02:18:05.377+0600][47.279s][info][gc,stats    ]   Rebuild Free Set                   45 us
[2026-04-03T02:18:05.377+0600][47.279s][info][gc,stats    ] Concurrent Thread Roots            1215 us, parallelism: 2.07x
[2026-04-03T02:18:05.377+0600][47.279s][info][gc,stats    ]   CTR: <total>                     2515 us
[2026-04-03T02:18:05.377+0600][47.279s][info][gc,stats    ]   CTR: Thread Roots                2515 us, workers (us): 970, 773, 772, ---, ---, ---, 
[2026-04-03T02:18:05.378+0600][47.279s][info][gc,stats    ] Concurrent Weak References         1314 us, parallelism: 1.18x
[2026-04-03T02:18:05.378+0600][47.279s][info][gc,stats    ]   CWRF: <total>                    1549 us
[2026-04-03T02:18:05.378+0600][47.279s][info][gc,stats    ]   CWRF: Weak References            1549 us, workers (us): 1119, 428,   2, ---, ---, ---, 
[2026-04-03T02:18:05.378+0600][47.279s][info][gc,stats    ] Concurrent Weak Roots              5999 us
[2026-04-03T02:18:05.378+0600][47.279s][info][gc,stats    ]   Roots                            5391 us, parallelism: 2.71x
[2026-04-03T02:18:05.378+0600][47.279s][info][gc,stats    ]     CWR: <total>                  14631 us
[2026-04-03T02:18:05.378+0600][47.279s][info][gc,stats    ]     CWR: Code Cache Roots         11239 us, workers (us): 3952, 3724, 3562, ---, ---, ---, 
[2026-04-03T02:18:05.378+0600][47.279s][info][gc,stats    ]     CWR: VM Weak Roots             3140 us, workers (us): 1062, 1055, 1023, ---, ---, ---, 
[2026-04-03T02:18:05.378+0600][47.279s][info][gc,stats    ]     CWR: CLDG Roots                 252 us, workers (us): ---, ---, 252, ---, ---, ---, 
[2026-04-03T02:18:05.378+0600][47.279s][info][gc,stats    ]   Rendezvous                        455 us
[2026-04-03T02:18:05.378+0600][47.279s][info][gc,stats    ] Concurrent Cleanup                  976 us
[2026-04-03T02:18:05.378+0600][47.279s][info][gc,stats    ] Concurrent Class Unloading        18779 us
[2026-04-03T02:18:05.378+0600][47.279s][info][gc,stats    ]   Unlink Stale                    15959 us
[2026-04-03T02:18:05.378+0600][47.279s][info][gc,stats    ]     System Dictionary               288 us
[2026-04-03T02:18:05.378+0600][47.279s][info][gc,stats    ]     Weak Class Links                  0 us
[2026-04-03T02:18:05.378+0600][47.279s][info][gc,stats    ]     Code Roots                    15667 us
[2026-04-03T02:18:05.378+0600][47.279s][info][gc,stats    ]   Rendezvous                        354 us
[2026-04-03T02:18:05.378+0600][47.279s][info][gc,stats    ]   Purge Unlinked                   2335 us
[2026-04-03T02:18:05.378+0600][47.279s][info][gc,stats    ]     Code Roots                     2318 us
[2026-04-03T02:18:05.378+0600][47.279s][info][gc,stats    ]     CLDG                             15 us
[2026-04-03T02:18:05.378+0600][47.279s][info][gc,stats    ]     Exception Caches                  0 us
[2026-04-03T02:18:05.378+0600][47.279s][info][gc,stats    ] Concurrent Strong Roots            1370 us, parallelism: 0.56x
[2026-04-03T02:18:05.378+0600][47.279s][info][gc,stats    ]   CSR: <total>                      770 us
[2026-04-03T02:18:05.378+0600][47.279s][info][gc,stats    ]   CSR: VM Strong Roots               36 us, workers (us):  34,   1,   0, ---, ---, ---, 
[2026-04-03T02:18:05.378+0600][47.279s][info][gc,stats    ]   CSR: CLDG Roots                   734 us, workers (us): 734, ---, ---, ---, ---, ---, 
[2026-04-03T02:18:05.378+0600][47.279s][info][gc,stats    ] Concurrent Evacuation              1848 us
[2026-04-03T02:18:05.378+0600][47.279s][info][gc,stats    ] Pause Init Update Refs (G)          378 us
[2026-04-03T02:18:05.378+0600][47.279s][info][gc,stats    ] Pause Init Update Refs (N)          149 us
[2026-04-03T02:18:05.378+0600][47.279s][info][gc,stats    ]   Manage GCLABs                      35 us
[2026-04-03T02:18:05.378+0600][47.279s][info][gc,stats    ] Concurrent Update Refs            46678 us
[2026-04-03T02:18:05.378+0600][47.279s][info][gc,stats    ] Concurrent Update Thread Roots     1516 us
[2026-04-03T02:18:05.378+0600][47.279s][info][gc,stats    ] Pause Final Update Refs (G)         428 us
[2026-04-03T02:18:05.378+0600][47.279s][info][gc,stats    ] Pause Final Update Refs (N)         207 us
[2026-04-03T02:18:05.378+0600][47.279s][info][gc,stats    ]   Update Region States               60 us
[2026-04-03T02:18:05.378+0600][47.279s][info][gc,stats    ]   Trash Collection Set               19 us
[2026-04-03T02:18:05.378+0600][47.279s][info][gc,stats    ]   Rebuild Free Set                   50 us
[2026-04-03T02:18:05.378+0600][47.279s][info][gc,stats    ] Concurrent Cleanup                  834 us
[2026-04-03T02:18:05.378+0600][47.279s][info][gc,stats    ] Pacing                           224923 us
[2026-04-03T02:18:05.378+0600][47.279s][info][gc,stats    ] 
[2026-04-03T02:18:05.378+0600][47.279s][info][gc,stats    ] Allocation pacing accrued:
[2026-04-03T02:18:05.378+0600][47.279s][info][gc,stats    ]      32 of   659 ms (  4.8%): Executor task launch worker for task 3.0 in stage 1225.0 (TID 2364)
[2026-04-03T02:18:05.378+0600][47.279s][info][gc,stats    ]      27 of   659 ms (  4.0%): Executor task launch worker for task 4.0 in stage 1225.0 (TID 2365)
[2026-04-03T02:18:05.378+0600][47.279s][info][gc,stats    ]      33 of   659 ms (  4.9%): Executor task launch worker for task 1.0 in stage 1225.0 (TID 2362)
[2026-04-03T02:18:05.378+0600][47.279s][info][gc,stats    ]      22 of   659 ms (  3.4%): Executor task launch worker for task 7.0 in stage 1225.0 (TID 2368)
[2026-04-03T02:18:05.378+0600][47.279s][info][gc,stats    ]      28 of   659 ms (  4.3%): Executor task launch worker for task 2.0 in stage 1225.0 (TID 2363)
[2026-04-03T02:18:05.378+0600][47.279s][info][gc,stats    ]      34 of   659 ms (  5.1%): Executor task launch worker for task 0.0 in stage 1225.0 (TID 2361)
[2026-04-03T02:18:05.378+0600][47.279s][info][gc,stats    ]      28 of   659 ms (  4.2%): Executor task launch worker for task 5.0 in stage 1225.0 (TID 2366)
[2026-04-03T02:18:05.378+0600][47.279s][info][gc,stats    ]      22 of   659 ms (  3.4%): Executor task launch worker for task 6.0 in stage 1225.0 (TID 2367)
[2026-04-03T02:18:05.378+0600][47.279s][info][gc,stats    ]     225 of   659 ms ( 34.1%): <total>
[2026-04-03T02:18:05.378+0600][47.279s][info][gc,stats    ]       1 of   659 ms (  0.1%): <average total>
[2026-04-03T02:18:05.378+0600][47.279s][info][gc,stats    ]      28 of   659 ms (  4.3%): <average non-zero>
[2026-04-03T02:18:05.378+0600][47.279s][info][gc,stats    ] 
[2026-04-03T02:18:05.378+0600][47.279s][info][gc,metaspace] Metaspace: 130892K(132096K)->130897K(132096K) NonClass: 114403K(115008K)->114408K(115008K) Class: 16488K(17088K)->16488K(17088K)
[2026-04-03T02:18:05.378+0600][47.279s][info][gc,ergo     ] Pacer for Idle. Initial: 15360K, Alloc Tax Rate: 1.0x
[2026-04-03T02:18:05.698+0600][47.599s][info][gc          ] Trigger: Average GC time (175.88 ms) is above the time for average allocation rate (975 MB/s) to deplete free headroom (170M) (margin of error = 1.86)
[2026-04-03T02:18:05.698+0600][47.599s][info][gc,ergo     ] Free headroom: 208M (free) - 38400K (spike) - 0B (penalties) = 170M
[2026-04-03T02:18:05.698+0600][47.599s][info][gc,ergo     ] Free: 208M, Max: 256K regular, 100864K humongous, Frag: 53% external, 1% internal; Reserve: 38400K, Max: 256K
[2026-04-03T02:18:05.698+0600][47.599s][info][gc,start    ] GC(58) Concurrent reset
[2026-04-03T02:18:05.698+0600][47.599s][info][gc,task     ] GC(58) Using 3 of 6 workers for concurrent reset
[2026-04-03T02:18:05.698+0600][47.599s][info][gc,ergo     ] GC(58) Pacer for Reset. Non-Taxable: 750M
[2026-04-03T02:18:05.699+0600][47.600s][info][gc          ] GC(58) Concurrent reset 1.230ms
[2026-04-03T02:18:05.700+0600][47.601s][info][gc,start    ] GC(58) Pause Init Mark (unload classes)
[2026-04-03T02:18:05.700+0600][47.601s][info][gc,task     ] GC(58) Using 6 of 6 workers for init marking
[2026-04-03T02:18:05.700+0600][47.601s][info][gc,ergo     ] GC(58) Pacer for Mark. Expected Live: 92140K, Free: 207M, Non-Taxable: 21252K, Alloc Tax Rate: 0.5x
[2026-04-03T02:18:05.700+0600][47.601s][info][gc          ] GC(58) Pause Init Mark (unload classes) 0.159ms
[2026-04-03T02:18:05.700+0600][47.601s][info][gc,start    ] GC(58) Concurrent marking roots
[2026-04-03T02:18:05.700+0600][47.601s][info][gc,task     ] GC(58) Using 3 of 6 workers for concurrent marking roots
[2026-04-03T02:18:05.701+0600][47.603s][info][gc          ] GC(58) Concurrent marking roots 1.666ms
[2026-04-03T02:18:05.702+0600][47.603s][info][gc,start    ] GC(58) Concurrent marking (unload classes)
[2026-04-03T02:18:05.702+0600][47.603s][info][gc,task     ] GC(58) Using 3 of 6 workers for concurrent marking
[2026-04-03T02:18:05.769+0600][47.670s][info][gc          ] GC(58) Concurrent marking (unload classes) 67.525ms
[2026-04-03T02:18:05.769+0600][47.670s][info][gc,start    ] GC(58) Pause Final Mark (unload classes)
[2026-04-03T02:18:05.769+0600][47.671s][info][gc,task     ] GC(58) Using 6 of 6 workers for final marking
[2026-04-03T02:18:05.770+0600][47.671s][info][gc,ergo     ] GC(58) Adaptive CSet Selection. Target Free: 106M, Actual Free: 538M, Max CSet: 32000K, Min Garbage: 0B
[2026-04-03T02:18:05.770+0600][47.671s][info][gc,ergo     ] GC(58) Collectable Garbage: 382M (97%), Immediate: 329M (84%), CSet: 53843K (13%)
[2026-04-03T02:18:05.770+0600][47.671s][info][gc,ergo     ] GC(58) Pacer for Evacuation. Used CSet: 57483K, Free: 524M, Non-Taxable: 53664K, Alloc Tax Rate: 1.1x
[2026-04-03T02:18:05.770+0600][47.671s][info][gc          ] GC(58) Pause Final Mark (unload classes) 0.912ms
[2026-04-03T02:18:05.771+0600][47.672s][info][gc,start    ] GC(58) Concurrent thread roots
[2026-04-03T02:18:05.771+0600][47.672s][info][gc,task     ] GC(58) Using 3 of 6 workers for Concurrent thread roots
[2026-04-03T02:18:05.772+0600][47.673s][info][gc          ] GC(58) Concurrent thread roots 1.336ms
[2026-04-03T02:18:05.772+0600][47.673s][info][gc,start    ] GC(58) Concurrent weak references
[2026-04-03T02:18:05.772+0600][47.673s][info][gc,task     ] GC(58) Using 3 of 6 workers for concurrent weak references
[2026-04-03T02:18:05.773+0600][47.674s][info][gc,ref      ] GC(58) Encountered references: Soft: 3871, Weak: 15462, Final: 84, Phantom: 622
[2026-04-03T02:18:05.773+0600][47.674s][info][gc,ref      ] GC(58) Discovered  references: Soft: 0, Weak: 8010, Final: 0, Phantom: 579
[2026-04-03T02:18:05.773+0600][47.674s][info][gc,ref      ] GC(58) Enqueued    references: Soft: 0, Weak: 29, Final: 0, Phantom: 0
[2026-04-03T02:18:05.773+0600][47.674s][info][gc          ] GC(58) Concurrent weak references 1.019ms
[2026-04-03T02:18:05.773+0600][47.674s][info][gc,start    ] GC(58) Concurrent weak roots
[2026-04-03T02:18:05.773+0600][47.674s][info][gc,task     ] GC(58) Using 3 of 6 workers for concurrent weak root
[2026-04-03T02:18:05.781+0600][47.682s][info][gc          ] GC(58) Concurrent weak roots 8.270ms
[2026-04-03T02:18:05.781+0600][47.682s][info][gc,start    ] GC(58) Concurrent cleanup
[2026-04-03T02:18:05.782+0600][47.684s][info][gc          ] GC(58) Concurrent cleanup 524M->196M(659M) 1.109ms
[2026-04-03T02:18:05.783+0600][47.684s][info][gc,ergo     ] GC(58) Free: 511M, Max: 256K regular, 57600K humongous, Frag: 89% external, 0% internal; Reserve: 37721K, Max: 256K
[2026-04-03T02:18:05.783+0600][47.684s][info][gc,start    ] GC(58) Concurrent class unloading
[2026-04-03T02:18:05.783+0600][47.684s][info][gc,task     ] GC(58) Using 3 of 6 workers for concurrent class unloading
[2026-04-03T02:18:05.803+0600][47.704s][info][gc          ] GC(58) Concurrent class unloading 20.542ms
[2026-04-03T02:18:05.803+0600][47.704s][info][gc,start    ] GC(58) Concurrent strong roots
[2026-04-03T02:18:05.803+0600][47.704s][info][gc,task     ] GC(58) Using 3 of 6 workers for concurrent strong root
[2026-04-03T02:18:05.804+0600][47.705s][info][gc          ] GC(58) Concurrent strong roots 1.110ms
[2026-04-03T02:18:05.804+0600][47.705s][info][gc,start    ] GC(58) Concurrent evacuation
[2026-04-03T02:18:05.804+0600][47.706s][info][gc,task     ] GC(58) Using 3 of 6 workers for concurrent evacuation
[2026-04-03T02:18:05.806+0600][47.707s][info][gc          ] GC(58) Concurrent evacuation 1.525ms
[2026-04-03T02:18:05.806+0600][47.707s][info][gc,start    ] GC(58) Pause Init Update Refs
[2026-04-03T02:18:05.806+0600][47.707s][info][gc,ergo     ] GC(58) Pacer for Update Refs. Used: 213M, Free: 497M, Non-Taxable: 50893K, Alloc Tax Rate: 1.1x
[2026-04-03T02:18:05.806+0600][47.707s][info][gc          ] GC(58) Pause Init Update Refs 0.149ms
[2026-04-03T02:18:05.806+0600][47.708s][info][gc,start    ] GC(58) Concurrent update references
[2026-04-03T02:18:05.807+0600][47.708s][info][gc,task     ] GC(58) Using 3 of 6 workers for concurrent reference update
[2026-04-03T02:18:05.856+0600][47.757s][info][gc          ] GC(58) Concurrent update references 49.536ms
[2026-04-03T02:18:05.856+0600][47.757s][info][gc,start    ] GC(58) Concurrent update thread roots
[2026-04-03T02:18:05.857+0600][47.759s][info][gc          ] GC(58) Concurrent update thread roots 1.357ms
[2026-04-03T02:18:05.858+0600][47.759s][info][gc,start    ] GC(58) Pause Final Update Refs
[2026-04-03T02:18:05.858+0600][47.759s][info][gc,task     ] GC(58) Using 6 of 6 workers for final reference update
[2026-04-03T02:18:05.858+0600][47.759s][info][gc          ] GC(58) Pause Final Update Refs 0.185ms
[2026-04-03T02:18:05.858+0600][47.759s][info][gc,start    ] GC(58) Concurrent cleanup
[2026-04-03T02:18:05.859+0600][47.760s][info][gc          ] GC(58) Concurrent cleanup 244M->188M(659M) 0.650ms
[2026-04-03T02:18:05.859+0600][47.760s][info][gc,ergo     ] Free: 516M, Max: 256K regular, 174M humongous, Frag: 67% external, 1% internal; Reserve: 38400K, Max: 256K
[2026-04-03T02:18:05.859+0600][47.760s][info][gc,stats    ] 
[2026-04-03T02:18:05.859+0600][47.760s][info][gc,stats    ] All times are wall-clock times, except per-root-class counters, that are sum over
[2026-04-03T02:18:05.859+0600][47.760s][info][gc,stats    ] all workers. Dividing the <total> over the root stage time estimates parallelism.
[2026-04-03T02:18:05.859+0600][47.760s][info][gc,stats    ] 
[2026-04-03T02:18:05.859+0600][47.760s][info][gc,stats    ] Concurrent Reset                   1294 us
[2026-04-03T02:18:05.859+0600][47.760s][info][gc,stats    ] Pause Init Mark (G)                 547 us
[2026-04-03T02:18:05.859+0600][47.760s][info][gc,stats    ] Pause Init Mark (N)                 169 us
[2026-04-03T02:18:05.859+0600][47.760s][info][gc,stats    ]   Update Region States               51 us
[2026-04-03T02:18:05.859+0600][47.760s][info][gc,stats    ] Concurrent Mark Roots              1722 us, parallelism: 2.05x
[2026-04-03T02:18:05.859+0600][47.760s][info][gc,stats    ]   CMR: <total>                     3534 us
[2026-04-03T02:18:05.859+0600][47.760s][info][gc,stats    ]   CMR: Thread Roots                2993 us, workers (us): 680, 1156, 1158, ---, ---, ---, 
[2026-04-03T02:18:05.859+0600][47.760s][info][gc,stats    ]   CMR: VM Strong Roots               69 us, workers (us):  29,  21,  19, ---, ---, ---, 
[2026-04-03T02:18:05.859+0600][47.760s][info][gc,stats    ]   CMR: CLDG Roots                   472 us, workers (us): 472, ---, ---, ---, ---, ---, 
[2026-04-03T02:18:05.859+0600][47.760s][info][gc,stats    ] Concurrent Marking                67615 us
[2026-04-03T02:18:05.859+0600][47.760s][info][gc,stats    ] Pause Final Mark (G)               1392 us
[2026-04-03T02:18:05.859+0600][47.760s][info][gc,stats    ] Pause Final Mark (N)                927 us
[2026-04-03T02:18:05.859+0600][47.760s][info][gc,stats    ]   Finish Mark                       246 us
[2026-04-03T02:18:05.859+0600][47.760s][info][gc,stats    ]   Update Region States               59 us
[2026-04-03T02:18:05.859+0600][47.760s][info][gc,stats    ]   Choose Collection Set             297 us
[2026-04-03T02:18:05.859+0600][47.760s][info][gc,stats    ]   Rebuild Free Set                   47 us
[2026-04-03T02:18:05.859+0600][47.760s][info][gc,stats    ] Concurrent Thread Roots            1385 us, parallelism: 2.28x
[2026-04-03T02:18:05.859+0600][47.760s][info][gc,stats    ]   CTR: <total>                     3156 us
[2026-04-03T02:18:05.859+0600][47.760s][info][gc,stats    ]   CTR: Thread Roots                3156 us, workers (us): 1174, 1152, 830, ---, ---, ---, 
[2026-04-03T02:18:05.859+0600][47.760s][info][gc,stats    ] Concurrent Weak References         1033 us, parallelism: 1.21x
[2026-04-03T02:18:05.859+0600][47.760s][info][gc,stats    ]   CWRF: <total>                    1248 us
[2026-04-03T02:18:05.859+0600][47.760s][info][gc,stats    ]   CWRF: Weak References            1248 us, workers (us): 383, 864,   0, ---, ---, ---, 
[2026-04-03T02:18:05.859+0600][47.760s][info][gc,stats    ] Concurrent Weak Roots              8353 us
[2026-04-03T02:18:05.859+0600][47.760s][info][gc,stats    ]   Roots                            7841 us, parallelism: 2.52x
[2026-04-03T02:18:05.859+0600][47.760s][info][gc,stats    ]     CWR: <total>                  19732 us
[2026-04-03T02:18:05.859+0600][47.760s][info][gc,stats    ]     CWR: Code Cache Roots         15866 us, workers (us): 5329, 5450, 5087, ---, ---, ---, 
[2026-04-03T02:18:05.859+0600][47.760s][info][gc,stats    ]     CWR: VM Weak Roots             3600 us, workers (us): 1814, 1785,   2, ---, ---, ---, 
[2026-04-03T02:18:05.859+0600][47.760s][info][gc,stats    ]     CWR: CLDG Roots                 266 us, workers (us): 266, ---, ---, ---, ---, ---, 
[2026-04-03T02:18:05.859+0600][47.760s][info][gc,stats    ]   Rendezvous                        397 us
[2026-04-03T02:18:05.859+0600][47.760s][info][gc,stats    ] Concurrent Cleanup                 1170 us
[2026-04-03T02:18:05.859+0600][47.760s][info][gc,stats    ] Concurrent Class Unloading        20641 us
[2026-04-03T02:18:05.859+0600][47.760s][info][gc,stats    ]   Unlink Stale                    17847 us
[2026-04-03T02:18:05.859+0600][47.760s][info][gc,stats    ]     System Dictionary               316 us
[2026-04-03T02:18:05.859+0600][47.760s][info][gc,stats    ]     Weak Class Links                  0 us
[2026-04-03T02:18:05.859+0600][47.760s][info][gc,stats    ]     Code Roots                    17527 us
[2026-04-03T02:18:05.859+0600][47.760s][info][gc,stats    ]   Rendezvous                        437 us
[2026-04-03T02:18:05.859+0600][47.760s][info][gc,stats    ]   Purge Unlinked                   2215 us
[2026-04-03T02:18:05.859+0600][47.760s][info][gc,stats    ]     Code Roots                     2197 us
[2026-04-03T02:18:05.859+0600][47.760s][info][gc,stats    ]     CLDG                             17 us
[2026-04-03T02:18:05.859+0600][47.760s][info][gc,stats    ]     Exception Caches                  0 us
[2026-04-03T02:18:05.859+0600][47.760s][info][gc,stats    ] Concurrent Strong Roots            1164 us, parallelism: 0.58x
[2026-04-03T02:18:05.859+0600][47.760s][info][gc,stats    ]   CSR: <total>                      677 us
[2026-04-03T02:18:05.859+0600][47.760s][info][gc,stats    ]   CSR: VM Strong Roots               36 us, workers (us):  34,   1,   1, ---, ---, ---, 
[2026-04-03T02:18:05.859+0600][47.760s][info][gc,stats    ]   CSR: CLDG Roots                   641 us, workers (us): 641, ---, ---, ---, ---, ---, 
[2026-04-03T02:18:05.859+0600][47.760s][info][gc,stats    ] Concurrent Evacuation              1596 us
[2026-04-03T02:18:05.859+0600][47.760s][info][gc,stats    ] Pause Init Update Refs (G)          490 us
[2026-04-03T02:18:05.859+0600][47.760s][info][gc,stats    ] Pause Init Update Refs (N)          161 us
[2026-04-03T02:18:05.859+0600][47.760s][info][gc,stats    ]   Manage GCLABs                      58 us
[2026-04-03T02:18:05.859+0600][47.760s][info][gc,stats    ] Concurrent Update Refs            49617 us
[2026-04-03T02:18:05.859+0600][47.760s][info][gc,stats    ] Concurrent Update Thread Roots     1418 us
[2026-04-03T02:18:05.859+0600][47.760s][info][gc,stats    ] Pause Final Update Refs (G)         607 us
[2026-04-03T02:18:05.859+0600][47.760s][info][gc,stats    ] Pause Final Update Refs (N)         200 us
[2026-04-03T02:18:05.859+0600][47.760s][info][gc,stats    ]   Update Region States               54 us
[2026-04-03T02:18:05.859+0600][47.760s][info][gc,stats    ]   Trash Collection Set               15 us
[2026-04-03T02:18:05.859+0600][47.760s][info][gc,stats    ]   Rebuild Free Set                   46 us
[2026-04-03T02:18:05.859+0600][47.760s][info][gc,stats    ] Concurrent Cleanup                  673 us
[2026-04-03T02:18:05.859+0600][47.760s][info][gc,stats    ] Pacing                           181189 us
[2026-04-03T02:18:05.859+0600][47.760s][info][gc,stats    ] 
[2026-04-03T02:18:05.859+0600][47.760s][info][gc,stats    ] Allocation pacing accrued:
[2026-04-03T02:18:05.859+0600][47.760s][info][gc,stats    ]      11 of   481 ms (  2.3%): RemoteBlock-temp-file-clean-thread
[2026-04-03T02:18:05.859+0600][47.760s][info][gc,stats    ]      22 of   481 ms (  4.7%): Executor task launch worker for task 5.0 in stage 1235.0 (TID 2446)
[2026-04-03T02:18:05.859+0600][47.760s][info][gc,stats    ]      18 of   481 ms (  3.8%): Executor task launch worker for task 6.0 in stage 1235.0 (TID 2447)
[2026-04-03T02:18:05.859+0600][47.760s][info][gc,stats    ]      21 of   481 ms (  4.4%): Executor task launch worker for task 2.0 in stage 1235.0 (TID 2443)
[2026-04-03T02:18:05.859+0600][47.760s][info][gc,stats    ]      21 of   481 ms (  4.4%): Executor task launch worker for task 4.0 in stage 1235.0 (TID 2445)
[2026-04-03T02:18:05.859+0600][47.760s][info][gc,stats    ]      17 of   481 ms (  3.5%): Executor task launch worker for task 7.0 in stage 1235.0 (TID 2448)
[2026-04-03T02:18:05.859+0600][47.761s][info][gc,stats    ]      22 of   481 ms (  4.6%): Executor task launch worker for task 0.0 in stage 1235.0 (TID 2441)
[2026-04-03T02:18:05.859+0600][47.761s][info][gc,stats    ]      23 of   481 ms (  4.8%): Executor task launch worker for task 3.0 in stage 1235.0 (TID 2444)
[2026-04-03T02:18:05.859+0600][47.761s][info][gc,stats    ]      25 of   481 ms (  5.2%): Executor task launch worker for task 1.0 in stage 1235.0 (TID 2442)
[2026-04-03T02:18:05.859+0600][47.761s][info][gc,stats    ]     181 of   481 ms ( 37.6%): <total>
[2026-04-03T02:18:05.859+0600][47.761s][info][gc,stats    ]       1 of   481 ms (  0.1%): <average total>
[2026-04-03T02:18:05.859+0600][47.761s][info][gc,stats    ]      20 of   481 ms (  4.2%): <average non-zero>
[2026-04-03T02:18:05.859+0600][47.761s][info][gc,stats    ] 
[2026-04-03T02:18:05.859+0600][47.761s][info][gc,metaspace] Metaspace: 130901K(132096K)->130902K(132096K) NonClass: 114412K(115008K)->114413K(115008K) Class: 16488K(17088K)->16488K(17088K)
[2026-04-03T02:18:05.859+0600][47.761s][info][gc,ergo     ] Pacer for Idle. Initial: 15360K, Alloc Tax Rate: 1.0x
[2026-04-03T02:18:06.140+0600][48.041s][info][gc          ] Trigger: Average GC time (185.65 ms) is above the time for average allocation rate (997 MB/s) to deplete free headroom (184M) (margin of error = 1.86)
[2026-04-03T02:18:06.140+0600][48.041s][info][gc,ergo     ] Free headroom: 222M (free) - 38400K (spike) - 0B (penalties) = 184M
[2026-04-03T02:18:06.140+0600][48.041s][info][gc,ergo     ] Free: 222M, Max: 256K regular, 145M humongous, Frag: 35% external, 1% internal; Reserve: 38400K, Max: 256K
[2026-04-03T02:18:06.140+0600][48.041s][info][gc,start    ] GC(59) Concurrent reset
[2026-04-03T02:18:06.140+0600][48.041s][info][gc,task     ] GC(59) Using 3 of 6 workers for concurrent reset
[2026-04-03T02:18:06.140+0600][48.041s][info][gc,ergo     ] GC(59) Pacer for Reset. Non-Taxable: 750M
[2026-04-03T02:18:06.141+0600][48.042s][info][gc          ] GC(59) Concurrent reset 0.837ms
[2026-04-03T02:18:06.141+0600][48.042s][info][gc,start    ] GC(59) Pause Init Mark (unload classes)
[2026-04-03T02:18:06.141+0600][48.042s][info][gc,task     ] GC(59) Using 6 of 6 workers for init marking
[2026-04-03T02:18:06.141+0600][48.042s][info][gc,ergo     ] GC(59) Pacer for Mark. Expected Live: 92369K, Free: 222M, Non-Taxable: 22743K, Alloc Tax Rate: 0.5x
[2026-04-03T02:18:06.141+0600][48.042s][info][gc          ] GC(59) Pause Init Mark (unload classes) 0.112ms
[2026-04-03T02:18:06.141+0600][48.042s][info][gc,start    ] GC(59) Concurrent marking roots
[2026-04-03T02:18:06.141+0600][48.042s][info][gc,task     ] GC(59) Using 3 of 6 workers for concurrent marking roots
[2026-04-03T02:18:06.142+0600][48.043s][info][gc          ] GC(59) Concurrent marking roots 1.135ms
[2026-04-03T02:18:06.142+0600][48.043s][info][gc,start    ] GC(59) Concurrent marking (unload classes)
[2026-04-03T02:18:06.142+0600][48.043s][info][gc,task     ] GC(59) Using 3 of 6 workers for concurrent marking
[2026-04-03T02:18:06.192+0600][48.093s][info][gc          ] GC(59) Concurrent marking (unload classes) 49.318ms
[2026-04-03T02:18:06.192+0600][48.093s][info][gc,start    ] GC(59) Pause Final Mark (unload classes)
[2026-04-03T02:18:06.192+0600][48.093s][info][gc,task     ] GC(59) Using 6 of 6 workers for final marking
[2026-04-03T02:18:06.192+0600][48.093s][info][gc,ergo     ] GC(59) Adaptive CSet Selection. Target Free: 106M, Actual Free: 515M, Max CSet: 32000K, Min Garbage: 0B
[2026-04-03T02:18:06.193+0600][48.094s][info][gc,ergo     ] GC(59) Collectable Garbage: 369M (97%), Immediate: 277M (73%), CSet: 94702K (24%)
[2026-04-03T02:18:06.193+0600][48.094s][info][gc,ergo     ] GC(59) Pacer for Evacuation. Used CSet: 97908K, Free: 500M, Non-Taxable: 51292K, Alloc Tax Rate: 1.1x
[2026-04-03T02:18:06.193+0600][48.094s][info][gc          ] GC(59) Pause Final Mark (unload classes) 0.947ms
[2026-04-03T02:18:06.193+0600][48.094s][info][gc,start    ] GC(59) Concurrent thread roots
[2026-04-03T02:18:06.193+0600][48.094s][info][gc,task     ] GC(59) Using 3 of 6 workers for Concurrent thread roots
[2026-04-03T02:18:06.194+0600][48.095s][info][gc          ] GC(59) Concurrent thread roots 1.312ms
[2026-04-03T02:18:06.194+0600][48.095s][info][gc,start    ] GC(59) Concurrent weak references
[2026-04-03T02:18:06.194+0600][48.095s][info][gc,task     ] GC(59) Using 3 of 6 workers for concurrent weak references
[2026-04-03T02:18:06.195+0600][48.096s][info][gc,ref      ] GC(59) Encountered references: Soft: 3865, Weak: 16002, Final: 84, Phantom: 621
[2026-04-03T02:18:06.195+0600][48.096s][info][gc,ref      ] GC(59) Discovered  references: Soft: 0, Weak: 8700, Final: 0, Phantom: 616
[2026-04-03T02:18:06.195+0600][48.097s][info][gc,ref      ] GC(59) Enqueued    references: Soft: 0, Weak: 1497, Final: 0, Phantom: 0
[2026-04-03T02:18:06.195+0600][48.097s][info][gc          ] GC(59) Concurrent weak references 1.195ms
[2026-04-03T02:18:06.195+0600][48.097s][info][gc,start    ] GC(59) Concurrent weak roots
[2026-04-03T02:18:06.195+0600][48.097s][info][gc,task     ] GC(59) Using 3 of 6 workers for concurrent weak root
[2026-04-03T02:18:06.201+0600][48.102s][info][gc          ] GC(59) Concurrent weak roots 5.491ms
[2026-04-03T02:18:06.201+0600][48.102s][info][gc,start    ] GC(59) Concurrent cleanup
[2026-04-03T02:18:06.202+0600][48.103s][info][gc          ] GC(59) Concurrent cleanup 486M->209M(659M) 0.607ms
[2026-04-03T02:18:06.202+0600][48.103s][info][gc,ergo     ] GC(59) Free: 500M, Max: 256K regular, 141M humongous, Frag: 72% external, 0% internal; Reserve: 38046K, Max: 256K
[2026-04-03T02:18:06.202+0600][48.103s][info][gc,start    ] GC(59) Concurrent class unloading
[2026-04-03T02:18:06.202+0600][48.103s][info][gc,task     ] GC(59) Using 3 of 6 workers for concurrent class unloading
[2026-04-03T02:18:06.218+0600][48.119s][info][gc          ] GC(59) Concurrent class unloading 15.777ms
[2026-04-03T02:18:06.218+0600][48.119s][info][gc,start    ] GC(59) Concurrent strong roots
[2026-04-03T02:18:06.218+0600][48.119s][info][gc,task     ] GC(59) Using 3 of 6 workers for concurrent strong root
[2026-04-03T02:18:06.219+0600][48.120s][info][gc          ] GC(59) Concurrent strong roots 1.392ms
[2026-04-03T02:18:06.219+0600][48.120s][info][gc,start    ] GC(59) Concurrent evacuation
[2026-04-03T02:18:06.219+0600][48.120s][info][gc,task     ] GC(59) Using 3 of 6 workers for concurrent evacuation
[2026-04-03T02:18:06.221+0600][48.122s][info][gc          ] GC(59) Concurrent evacuation 1.851ms
[2026-04-03T02:18:06.221+0600][48.122s][info][gc,start    ] GC(59) Pause Init Update Refs
[2026-04-03T02:18:06.221+0600][48.123s][info][gc,ergo     ] GC(59) Pacer for Update Refs. Used: 215M, Free: 497M, Non-Taxable: 50899K, Alloc Tax Rate: 1.1x
[2026-04-03T02:18:06.221+0600][48.123s][info][gc          ] GC(59) Pause Init Update Refs 0.198ms
[2026-04-03T02:18:06.222+0600][48.123s][info][gc,start    ] GC(59) Concurrent update references
[2026-04-03T02:18:06.222+0600][48.123s][info][gc,task     ] GC(59) Using 3 of 6 workers for concurrent reference update
[2026-04-03T02:18:06.258+0600][48.159s][info][gc          ] GC(59) Concurrent update references 36.215ms
[2026-04-03T02:18:06.258+0600][48.159s][info][gc,start    ] GC(59) Concurrent update thread roots
[2026-04-03T02:18:06.260+0600][48.161s][info][gc          ] GC(59) Concurrent update thread roots 1.719ms
[2026-04-03T02:18:06.260+0600][48.161s][info][gc,start    ] GC(59) Pause Final Update Refs
[2026-04-03T02:18:06.260+0600][48.161s][info][gc,task     ] GC(59) Using 6 of 6 workers for final reference update
[2026-04-03T02:18:06.260+0600][48.161s][info][gc          ] GC(59) Pause Final Update Refs 0.272ms
[2026-04-03T02:18:06.260+0600][48.161s][info][gc,start    ] GC(59) Concurrent cleanup
[2026-04-03T02:18:06.261+0600][48.162s][info][gc          ] GC(59) Concurrent cleanup 230M->135M(659M) 0.283ms
[2026-04-03T02:18:06.261+0600][48.162s][info][gc,ergo     ] Free: 572M, Max: 256K regular, 158M humongous, Frag: 73% external, 0% internal; Reserve: 38400K, Max: 256K
[2026-04-03T02:18:06.261+0600][48.162s][info][gc,stats    ] 
[2026-04-03T02:18:06.261+0600][48.162s][info][gc,stats    ] All times are wall-clock times, except per-root-class counters, that are sum over
[2026-04-03T02:18:06.261+0600][48.162s][info][gc,stats    ] all workers. Dividing the <total> over the root stage time estimates parallelism.
[2026-04-03T02:18:06.261+0600][48.162s][info][gc,stats    ] 
[2026-04-03T02:18:06.261+0600][48.162s][info][gc,stats    ] Concurrent Reset                    884 us
[2026-04-03T02:18:06.261+0600][48.162s][info][gc,stats    ] Pause Init Mark (G)                 356 us
[2026-04-03T02:18:06.261+0600][48.162s][info][gc,stats    ] Pause Init Mark (N)                 119 us
[2026-04-03T02:18:06.261+0600][48.162s][info][gc,stats    ]   Update Region States               28 us
[2026-04-03T02:18:06.261+0600][48.162s][info][gc,stats    ] Concurrent Mark Roots              1172 us, parallelism: 1.76x
[2026-04-03T02:18:06.261+0600][48.162s][info][gc,stats    ]   CMR: <total>                     2065 us
[2026-04-03T02:18:06.261+0600][48.162s][info][gc,stats    ]   CMR: Thread Roots                1704 us, workers (us): 678, 352, 675, ---, ---, ---, 
[2026-04-03T02:18:06.261+0600][48.162s][info][gc,stats    ]   CMR: VM Strong Roots               48 us, workers (us):  17,  15,  16, ---, ---, ---, 
[2026-04-03T02:18:06.261+0600][48.162s][info][gc,stats    ]   CMR: CLDG Roots                   313 us, workers (us): ---, 313, ---, ---, ---, ---, 
[2026-04-03T02:18:06.261+0600][48.162s][info][gc,stats    ] Concurrent Marking                49435 us
[2026-04-03T02:18:06.261+0600][48.162s][info][gc,stats    ] Pause Final Mark (G)               1213 us
[2026-04-03T02:18:06.261+0600][48.162s][info][gc,stats    ] Pause Final Mark (N)                961 us
[2026-04-03T02:18:06.261+0600][48.162s][info][gc,stats    ]   Finish Mark                       365 us
[2026-04-03T02:18:06.261+0600][48.162s][info][gc,stats    ]   Update Region States               54 us
[2026-04-03T02:18:06.261+0600][48.162s][info][gc,stats    ]   Choose Collection Set             327 us
[2026-04-03T02:18:06.261+0600][48.162s][info][gc,stats    ]   Rebuild Free Set                   74 us
[2026-04-03T02:18:06.261+0600][48.162s][info][gc,stats    ] Concurrent Thread Roots            1372 us, parallelism: 2.25x
[2026-04-03T02:18:06.261+0600][48.162s][info][gc,stats    ]   CTR: <total>                     3089 us
[2026-04-03T02:18:06.261+0600][48.162s][info][gc,stats    ]   CTR: Thread Roots                3089 us, workers (us): 1054, 1044, 992, ---, ---, ---, 
[2026-04-03T02:18:06.261+0600][48.162s][info][gc,stats    ] Concurrent Weak References         1210 us, parallelism: 1.15x
[2026-04-03T02:18:06.261+0600][48.162s][info][gc,stats    ]   CWRF: <total>                    1396 us
[2026-04-03T02:18:06.261+0600][48.162s][info][gc,stats    ]   CWRF: Weak References            1396 us, workers (us): 213, 278, 905, ---, ---, ---, 
[2026-04-03T02:18:06.261+0600][48.162s][info][gc,stats    ] Concurrent Weak Roots              5600 us
[2026-04-03T02:18:06.261+0600][48.162s][info][gc,stats    ]   Roots                            4986 us, parallelism: 2.66x
[2026-04-03T02:18:06.261+0600][48.162s][info][gc,stats    ]     CWR: <total>                  13237 us
[2026-04-03T02:18:06.261+0600][48.162s][info][gc,stats    ]     CWR: Code Cache Roots         10688 us, workers (us): 3423, 3582, 3683, ---, ---, ---, 
[2026-04-03T02:18:06.261+0600][48.162s][info][gc,stats    ]     CWR: VM Weak Roots             2365 us, workers (us): 741, 833, 791, ---, ---, ---, 
[2026-04-03T02:18:06.261+0600][48.162s][info][gc,stats    ]     CWR: CLDG Roots                 184 us, workers (us): 184, ---, ---, ---, ---, ---, 
[2026-04-03T02:18:06.261+0600][48.162s][info][gc,stats    ]   Rendezvous                        468 us
[2026-04-03T02:18:06.261+0600][48.162s][info][gc,stats    ] Concurrent Cleanup                  660 us
[2026-04-03T02:18:06.261+0600][48.162s][info][gc,stats    ] Concurrent Class Unloading        15890 us
[2026-04-03T02:18:06.261+0600][48.162s][info][gc,stats    ]   Unlink Stale                    14077 us
[2026-04-03T02:18:06.261+0600][48.162s][info][gc,stats    ]     System Dictionary               386 us
[2026-04-03T02:18:06.261+0600][48.162s][info][gc,stats    ]     Weak Class Links                  1 us
[2026-04-03T02:18:06.261+0600][48.162s][info][gc,stats    ]     Code Roots                    13685 us
[2026-04-03T02:18:06.261+0600][48.162s][info][gc,stats    ]   Rendezvous                        361 us
[2026-04-03T02:18:06.261+0600][48.162s][info][gc,stats    ]   Purge Unlinked                   1256 us
[2026-04-03T02:18:06.261+0600][48.162s][info][gc,stats    ]     Code Roots                     1232 us
[2026-04-03T02:18:06.261+0600][48.162s][info][gc,stats    ]     CLDG                             23 us
[2026-04-03T02:18:06.261+0600][48.162s][info][gc,stats    ]     Exception Caches                  0 us
[2026-04-03T02:18:06.261+0600][48.162s][info][gc,stats    ] Concurrent Strong Roots            1460 us, parallelism: 0.62x
[2026-04-03T02:18:06.261+0600][48.162s][info][gc,stats    ]   CSR: <total>                      910 us
[2026-04-03T02:18:06.261+0600][48.162s][info][gc,stats    ]   CSR: VM Strong Roots               55 us, workers (us):  33,  16,   6, ---, ---, ---, 
[2026-04-03T02:18:06.261+0600][48.162s][info][gc,stats    ]   CSR: CLDG Roots                   855 us, workers (us): ---, 855, ---, ---, ---, ---, 
[2026-04-03T02:18:06.261+0600][48.162s][info][gc,stats    ] Concurrent Evacuation              1939 us
[2026-04-03T02:18:06.261+0600][48.162s][info][gc,stats    ] Pause Init Update Refs (G)          455 us
[2026-04-03T02:18:06.261+0600][48.162s][info][gc,stats    ] Pause Init Update Refs (N)          219 us
[2026-04-03T02:18:06.261+0600][48.162s][info][gc,stats    ]   Manage GCLABs                      40 us
[2026-04-03T02:18:06.261+0600][48.162s][info][gc,stats    ] Concurrent Update Refs            36300 us
[2026-04-03T02:18:06.261+0600][48.162s][info][gc,stats    ] Concurrent Update Thread Roots     1802 us
[2026-04-03T02:18:06.261+0600][48.162s][info][gc,stats    ] Pause Final Update Refs (G)         657 us
[2026-04-03T02:18:06.261+0600][48.162s][info][gc,stats    ] Pause Final Update Refs (N)         308 us
[2026-04-03T02:18:06.261+0600][48.162s][info][gc,stats    ]   Update Region States               56 us
[2026-04-03T02:18:06.261+0600][48.162s][info][gc,stats    ]   Trash Collection Set               19 us
[2026-04-03T02:18:06.261+0600][48.162s][info][gc,stats    ]   Rebuild Free Set                   53 us
[2026-04-03T02:18:06.261+0600][48.162s][info][gc,stats    ] Concurrent Cleanup                  317 us
[2026-04-03T02:18:06.261+0600][48.162s][info][gc,stats    ] 
[2026-04-03T02:18:06.261+0600][48.162s][info][gc,stats    ] Allocation pacing accrued:
[2026-04-03T02:18:06.261+0600][48.162s][info][gc,stats    ]       0 of   402 ms (  0.0%): <total>
[2026-04-03T02:18:06.261+0600][48.162s][info][gc,stats    ]       0 of   402 ms (  0.0%): <average total>
[2026-04-03T02:18:06.261+0600][48.162s][info][gc,stats    ] 
[2026-04-03T02:18:06.261+0600][48.162s][info][gc,metaspace] Metaspace: 130912K(132096K)->130923K(132096K) NonClass: 114423K(115008K)->114434K(115008K) Class: 16488K(17088K)->16488K(17088K)
[2026-04-03T02:18:06.261+0600][48.162s][info][gc,ergo     ] Pacer for Idle. Initial: 15360K, Alloc Tax Rate: 1.0x
[2026-04-03T02:18:06.569+0600][48.471s][info][gc          ] Trigger: Average GC time (170.72 ms) is above the time for average allocation rate (1110 MB/s) to deplete free headroom (189M) (margin of error = 1.85)
[2026-04-03T02:18:06.570+0600][48.471s][info][gc,ergo     ] Free headroom: 226M (free) - 38400K (spike) - 0B (penalties) = 189M
[2026-04-03T02:18:06.570+0600][48.471s][info][gc,ergo     ] Free: 226M, Max: 256K regular, 141M humongous, Frag: 38% external, 0% internal; Reserve: 38400K, Max: 256K
[2026-04-03T02:18:06.570+0600][48.471s][info][gc,start    ] GC(60) Concurrent reset
[2026-04-03T02:18:06.570+0600][48.471s][info][gc,task     ] GC(60) Using 3 of 6 workers for concurrent reset
[2026-04-03T02:18:06.570+0600][48.471s][info][gc,ergo     ] GC(60) Pacer for Reset. Non-Taxable: 750M
[2026-04-03T02:18:06.570+0600][48.471s][info][gc          ] GC(60) Concurrent reset 0.721ms
[2026-04-03T02:18:06.571+0600][48.472s][info][gc,start    ] GC(60) Pause Init Mark (unload classes)
[2026-04-03T02:18:06.571+0600][48.472s][info][gc,task     ] GC(60) Using 6 of 6 workers for init marking
[2026-04-03T02:18:06.571+0600][48.472s][info][gc,ergo     ] GC(60) Pacer for Mark. Expected Live: 89714K, Free: 226M, Non-Taxable: 23208K, Alloc Tax Rate: 0.5x
[2026-04-03T02:18:06.571+0600][48.472s][info][gc          ] GC(60) Pause Init Mark (unload classes) 0.100ms
[2026-04-03T02:18:06.571+0600][48.472s][info][gc,start    ] GC(60) Concurrent marking roots
[2026-04-03T02:18:06.571+0600][48.472s][info][gc,task     ] GC(60) Using 3 of 6 workers for concurrent marking roots
[2026-04-03T02:18:06.572+0600][48.473s][info][gc          ] GC(60) Concurrent marking roots 1.027ms
[2026-04-03T02:18:06.572+0600][48.473s][info][gc,start    ] GC(60) Concurrent marking (unload classes)
[2026-04-03T02:18:06.572+0600][48.473s][info][gc,task     ] GC(60) Using 3 of 6 workers for concurrent marking
[2026-04-03T02:18:06.613+0600][48.514s][info][gc          ] GC(60) Concurrent marking (unload classes) 40.890ms
[2026-04-03T02:18:06.613+0600][48.514s][info][gc,start    ] GC(60) Pause Final Mark (unload classes)
[2026-04-03T02:18:06.613+0600][48.514s][info][gc,task     ] GC(60) Using 6 of 6 workers for final marking
[2026-04-03T02:18:06.613+0600][48.514s][info][gc,ergo     ] GC(60) Adaptive CSet Selection. Target Free: 106M, Actual Free: 584M, Max CSet: 32000K, Min Garbage: 0B
[2026-04-03T02:18:06.613+0600][48.515s][info][gc,ergo     ] GC(60) Collectable Garbage: 372M (97%), Immediate: 335M (88%), CSet: 37983K (9%)
[2026-04-03T02:18:06.614+0600][48.515s][info][gc,ergo     ] GC(60) Pacer for Evacuation. Used CSet: 41032K, Free: 563M, Non-Taxable: 57680K, Alloc Tax Rate: 1.1x
[2026-04-03T02:18:06.614+0600][48.515s][info][gc          ] GC(60) Pause Final Mark (unload classes) 0.744ms
[2026-04-03T02:18:06.614+0600][48.515s][info][gc,start    ] GC(60) Concurrent thread roots
[2026-04-03T02:18:06.614+0600][48.515s][info][gc,task     ] GC(60) Using 3 of 6 workers for Concurrent thread roots
[2026-04-03T02:18:06.615+0600][48.516s][info][gc          ] GC(60) Concurrent thread roots 0.877ms
[2026-04-03T02:18:06.615+0600][48.516s][info][gc,start    ] GC(60) Concurrent weak references
[2026-04-03T02:18:06.615+0600][48.516s][info][gc,task     ] GC(60) Using 3 of 6 workers for concurrent weak references
[2026-04-03T02:18:06.615+0600][48.516s][info][gc,ref      ] GC(60) Encountered references: Soft: 3866, Weak: 15262, Final: 84, Phantom: 621
[2026-04-03T02:18:06.615+0600][48.516s][info][gc,ref      ] GC(60) Discovered  references: Soft: 0, Weak: 3632, Final: 0, Phantom: 616
[2026-04-03T02:18:06.615+0600][48.516s][info][gc,ref      ] GC(60) Enqueued    references: Soft: 0, Weak: 715, Final: 0, Phantom: 0
[2026-04-03T02:18:06.615+0600][48.516s][info][gc          ] GC(60) Concurrent weak references 0.430ms
[2026-04-03T02:18:06.615+0600][48.516s][info][gc,start    ] GC(60) Concurrent weak roots
[2026-04-03T02:18:06.615+0600][48.516s][info][gc,task     ] GC(60) Using 3 of 6 workers for concurrent weak root
[2026-04-03T02:18:06.620+0600][48.521s][info][gc          ] GC(60) Concurrent weak roots 4.538ms
[2026-04-03T02:18:06.620+0600][48.521s][info][gc,start    ] GC(60) Concurrent cleanup
[2026-04-03T02:18:06.620+0600][48.521s][info][gc          ] GC(60) Concurrent cleanup 486M->151M(659M) 0.631ms
[2026-04-03T02:18:06.620+0600][48.522s][info][gc,ergo     ] GC(60) Free: 558M, Max: 256K regular, 152M humongous, Frag: 73% external, 0% internal; Reserve: 38220K, Max: 256K
[2026-04-03T02:18:06.620+0600][48.522s][info][gc,start    ] GC(60) Concurrent class unloading
[2026-04-03T02:18:06.620+0600][48.522s][info][gc,task     ] GC(60) Using 3 of 6 workers for concurrent class unloading
[2026-04-03T02:18:06.638+0600][48.539s][info][gc          ] GC(60) Concurrent class unloading 17.910ms
[2026-04-03T02:18:06.638+0600][48.540s][info][gc,start    ] GC(60) Concurrent strong roots
[2026-04-03T02:18:06.638+0600][48.540s][info][gc,task     ] GC(60) Using 3 of 6 workers for concurrent strong root
[2026-04-03T02:18:06.640+0600][48.541s][info][gc          ] GC(60) Concurrent strong roots 1.088ms
[2026-04-03T02:18:06.640+0600][48.541s][info][gc,start    ] GC(60) Concurrent evacuation
[2026-04-03T02:18:06.640+0600][48.541s][info][gc,task     ] GC(60) Using 3 of 6 workers for concurrent evacuation
[2026-04-03T02:18:06.642+0600][48.543s][info][gc          ] GC(60) Concurrent evacuation 2.289ms
[2026-04-03T02:18:06.642+0600][48.543s][info][gc,start    ] GC(60) Pause Init Update Refs
[2026-04-03T02:18:06.643+0600][48.544s][info][gc,ergo     ] GC(60) Pacer for Update Refs. Used: 170M, Free: 541M, Non-Taxable: 55470K, Alloc Tax Rate: 1.1x
[2026-04-03T02:18:06.643+0600][48.544s][info][gc          ] GC(60) Pause Init Update Refs 0.682ms
[2026-04-03T02:18:06.643+0600][48.544s][info][gc,start    ] GC(60) Concurrent update references
[2026-04-03T02:18:06.643+0600][48.544s][info][gc,task     ] GC(60) Using 3 of 6 workers for concurrent reference update
[2026-04-03T02:18:06.683+0600][48.584s][info][gc          ] GC(60) Concurrent update references 39.582ms
[2026-04-03T02:18:06.683+0600][48.584s][info][gc,start    ] GC(60) Concurrent update thread roots
[2026-04-03T02:18:06.685+0600][48.586s][info][gc          ] GC(60) Concurrent update thread roots 1.930ms
[2026-04-03T02:18:06.686+0600][48.587s][info][gc,start    ] GC(60) Pause Final Update Refs
[2026-04-03T02:18:06.686+0600][48.587s][info][gc,task     ] GC(60) Using 6 of 6 workers for final reference update
[2026-04-03T02:18:06.686+0600][48.587s][info][gc          ] GC(60) Pause Final Update Refs 0.225ms
[2026-04-03T02:18:06.686+0600][48.587s][info][gc,start    ] GC(60) Concurrent cleanup
[2026-04-03T02:18:06.686+0600][48.588s][info][gc          ] GC(60) Concurrent cleanup 277M->241M(659M) 0.245ms
[2026-04-03T02:18:06.687+0600][48.588s][info][gc,ergo     ] Free: 461M, Max: 256K regular, 196M humongous, Frag: 58% external, 1% internal; Reserve: 38400K, Max: 256K
[2026-04-03T02:18:06.687+0600][48.588s][info][gc,stats    ] 
[2026-04-03T02:18:06.687+0600][48.588s][info][gc,stats    ] All times are wall-clock times, except per-root-class counters, that are sum over
[2026-04-03T02:18:06.687+0600][48.588s][info][gc,stats    ] all workers. Dividing the <total> over the root stage time estimates parallelism.
[2026-04-03T02:18:06.687+0600][48.588s][info][gc,stats    ] 
[2026-04-03T02:18:06.687+0600][48.588s][info][gc,stats    ] Concurrent Reset                    765 us
[2026-04-03T02:18:06.687+0600][48.588s][info][gc,stats    ] Pause Init Mark (G)                 306 us
[2026-04-03T02:18:06.687+0600][48.588s][info][gc,stats    ] Pause Init Mark (N)                 112 us
[2026-04-03T02:18:06.687+0600][48.588s][info][gc,stats    ]   Update Region States               20 us
[2026-04-03T02:18:06.687+0600][48.588s][info][gc,stats    ] Concurrent Mark Roots              1073 us, parallelism: 1.73x
[2026-04-03T02:18:06.687+0600][48.588s][info][gc,stats    ]   CMR: <total>                     1850 us
[2026-04-03T02:18:06.687+0600][48.588s][info][gc,stats    ]   CMR: Thread Roots                1646 us, workers (us): 602, 443, 601, ---, ---, ---, 
[2026-04-03T02:18:06.687+0600][48.588s][info][gc,stats    ]   CMR: VM Strong Roots               37 us, workers (us):  20,  17,   1, ---, ---, ---, 
[2026-04-03T02:18:06.687+0600][48.588s][info][gc,stats    ]   CMR: CLDG Roots                   167 us, workers (us): ---, 167, ---, ---, ---, ---, 
[2026-04-03T02:18:06.687+0600][48.588s][info][gc,stats    ] Concurrent Marking                40973 us
[2026-04-03T02:18:06.687+0600][48.588s][info][gc,stats    ] Pause Final Mark (G)               1001 us
[2026-04-03T02:18:06.687+0600][48.588s][info][gc,stats    ] Pause Final Mark (N)                756 us
[2026-04-03T02:18:06.687+0600][48.588s][info][gc,stats    ]   Finish Mark                       320 us
[2026-04-03T02:18:06.687+0600][48.588s][info][gc,stats    ]   Update Region States               49 us
[2026-04-03T02:18:06.687+0600][48.588s][info][gc,stats    ]   Choose Collection Set             218 us
[2026-04-03T02:18:06.687+0600][48.588s][info][gc,stats    ]   Rebuild Free Set                   33 us
[2026-04-03T02:18:06.687+0600][48.588s][info][gc,stats    ] Concurrent Thread Roots             922 us, parallelism: 2.25x
[2026-04-03T02:18:06.687+0600][48.588s][info][gc,stats    ]   CTR: <total>                     2078 us
[2026-04-03T02:18:06.687+0600][48.588s][info][gc,stats    ]   CTR: Thread Roots                2078 us, workers (us): 737, 697, 645, ---, ---, ---, 
[2026-04-03T02:18:06.687+0600][48.588s][info][gc,stats    ] Concurrent Weak References          442 us, parallelism: 1.26x
[2026-04-03T02:18:06.687+0600][48.588s][info][gc,stats    ]   CWRF: <total>                     558 us
[2026-04-03T02:18:06.687+0600][48.588s][info][gc,stats    ]   CWRF: Weak References             558 us, workers (us): 261,  66, 231, ---, ---, ---, 
[2026-04-03T02:18:06.687+0600][48.588s][info][gc,stats    ] Concurrent Weak Roots              4643 us
[2026-04-03T02:18:06.687+0600][48.588s][info][gc,stats    ]   Roots                            4165 us, parallelism: 2.67x
[2026-04-03T02:18:06.687+0600][48.588s][info][gc,stats    ]     CWR: <total>                  11116 us
[2026-04-03T02:18:06.687+0600][48.588s][info][gc,stats    ]     CWR: Code Cache Roots          9014 us, workers (us): 3035, 2889, 3089, ---, ---, ---, 
[2026-04-03T02:18:06.687+0600][48.588s][info][gc,stats    ]     CWR: VM Weak Roots             1990 us, workers (us): 664, 654, 672, ---, ---, ---, 
[2026-04-03T02:18:06.687+0600][48.588s][info][gc,stats    ]     CWR: CLDG Roots                 112 us, workers (us): ---, 112, ---, ---, ---, ---, 
[2026-04-03T02:18:06.687+0600][48.588s][info][gc,stats    ]   Rendezvous                        347 us
[2026-04-03T02:18:06.687+0600][48.588s][info][gc,stats    ] Concurrent Cleanup                  663 us
[2026-04-03T02:18:06.687+0600][48.588s][info][gc,stats    ] Concurrent Class Unloading        18037 us
[2026-04-03T02:18:06.687+0600][48.588s][info][gc,stats    ]   Unlink Stale                    15854 us
[2026-04-03T02:18:06.687+0600][48.588s][info][gc,stats    ]     System Dictionary               369 us
[2026-04-03T02:18:06.687+0600][48.588s][info][gc,stats    ]     Weak Class Links                  1 us
[2026-04-03T02:18:06.687+0600][48.588s][info][gc,stats    ]     Code Roots                    15480 us
[2026-04-03T02:18:06.687+0600][48.588s][info][gc,stats    ]   Rendezvous                        415 us
[2026-04-03T02:18:06.687+0600][48.588s][info][gc,stats    ]   Purge Unlinked                   1593 us
[2026-04-03T02:18:06.687+0600][48.588s][info][gc,stats    ]     Code Roots                     1557 us
[2026-04-03T02:18:06.687+0600][48.588s][info][gc,stats    ]     CLDG                             35 us
[2026-04-03T02:18:06.687+0600][48.588s][info][gc,stats    ]     Exception Caches                  1 us
[2026-04-03T02:18:06.687+0600][48.588s][info][gc,stats    ] Concurrent Strong Roots            1201 us, parallelism: 0.56x
[2026-04-03T02:18:06.687+0600][48.588s][info][gc,stats    ]   CSR: <total>                      669 us
[2026-04-03T02:18:06.687+0600][48.588s][info][gc,stats    ]   CSR: VM Strong Roots               46 us, workers (us):  32,  14,   0, ---, ---, ---, 
[2026-04-03T02:18:06.687+0600][48.588s][info][gc,stats    ]   CSR: CLDG Roots                   623 us, workers (us): ---, 623, ---, ---, ---, ---, 
[2026-04-03T02:18:06.687+0600][48.588s][info][gc,stats    ] Concurrent Evacuation              2360 us
[2026-04-03T02:18:06.687+0600][48.588s][info][gc,stats    ] Pause Init Update Refs (G)         1194 us
[2026-04-03T02:18:06.687+0600][48.588s][info][gc,stats    ] Pause Init Update Refs (N)          701 us
[2026-04-03T02:18:06.687+0600][48.588s][info][gc,stats    ]   Manage GCLABs                     134 us
[2026-04-03T02:18:06.687+0600][48.588s][info][gc,stats    ] Concurrent Update Refs            39698 us
[2026-04-03T02:18:06.687+0600][48.588s][info][gc,stats    ] Concurrent Update Thread Roots     2022 us
[2026-04-03T02:18:06.687+0600][48.588s][info][gc,stats    ] Pause Final Update Refs (G)        1224 us
[2026-04-03T02:18:06.687+0600][48.588s][info][gc,stats    ] Pause Final Update Refs (N)         266 us
[2026-04-03T02:18:06.687+0600][48.588s][info][gc,stats    ]   Update Region States               59 us
[2026-04-03T02:18:06.687+0600][48.588s][info][gc,stats    ]   Trash Collection Set               14 us
[2026-04-03T02:18:06.687+0600][48.588s][info][gc,stats    ]   Rebuild Free Set                   40 us
[2026-04-03T02:18:06.687+0600][48.588s][info][gc,stats    ] Concurrent Cleanup                  270 us
[2026-04-03T02:18:06.687+0600][48.588s][info][gc,stats    ] 
[2026-04-03T02:18:06.687+0600][48.588s][info][gc,stats    ] Allocation pacing accrued:
[2026-04-03T02:18:06.687+0600][48.588s][info][gc,stats    ]       0 of   426 ms (  0.0%): <total>
[2026-04-03T02:18:06.687+0600][48.589s][info][gc,stats    ]       0 of   426 ms (  0.0%): <average total>
[2026-04-03T02:18:06.687+0600][48.589s][info][gc,stats    ] 
[2026-04-03T02:18:06.687+0600][48.589s][info][gc,metaspace] Metaspace: 130927K(132096K)->130934K(132160K) NonClass: 114438K(115008K)->114445K(115072K) Class: 16488K(17088K)->16488K(17088K)
[2026-04-03T02:18:06.687+0600][48.589s][info][gc,ergo     ] Pacer for Idle. Initial: 15360K, Alloc Tax Rate: 1.0x
[2026-04-03T02:18:06.722+0600][48.623s][info][gc          ] Trigger: Average GC time (155.95 ms) is above the time for average allocation rate (1331 MB/s) to deplete free headroom (203M) (margin of error = 1.85)
[2026-04-03T02:18:06.722+0600][48.623s][info][gc,ergo     ] Free headroom: 240M (free) - 38400K (spike) - 0B (penalties) = 203M
[2026-04-03T02:18:06.722+0600][48.623s][info][gc,ergo     ] Free: 240M, Max: 256K regular, 152M humongous, Frag: 37% external, 1% internal; Reserve: 38400K, Max: 256K
[2026-04-03T02:18:06.722+0600][48.623s][info][gc,start    ] GC(61) Concurrent reset
[2026-04-03T02:18:06.722+0600][48.623s][info][gc,task     ] GC(61) Using 3 of 6 workers for concurrent reset
[2026-04-03T02:18:06.722+0600][48.623s][info][gc,ergo     ] GC(61) Pacer for Reset. Non-Taxable: 750M
[2026-04-03T02:18:06.723+0600][48.624s][info][gc          ] GC(61) Concurrent reset 0.741ms
[2026-04-03T02:18:06.723+0600][48.624s][info][gc,start    ] GC(61) Pause Init Mark (unload classes)
[2026-04-03T02:18:06.723+0600][48.624s][info][gc,task     ] GC(61) Using 6 of 6 workers for init marking
[2026-04-03T02:18:06.723+0600][48.624s][info][gc,ergo     ] GC(61) Pacer for Mark. Expected Live: 90384K, Free: 238M, Non-Taxable: 24378K, Alloc Tax Rate: 0.5x
[2026-04-03T02:18:06.723+0600][48.624s][info][gc          ] GC(61) Pause Init Mark (unload classes) 0.132ms
[2026-04-03T02:18:06.723+0600][48.624s][info][gc,start    ] GC(61) Concurrent marking roots
[2026-04-03T02:18:06.723+0600][48.624s][info][gc,task     ] GC(61) Using 3 of 6 workers for concurrent marking roots
[2026-04-03T02:18:06.724+0600][48.626s][info][gc          ] GC(61) Concurrent marking roots 1.394ms
[2026-04-03T02:18:06.725+0600][48.626s][info][gc,start    ] GC(61) Concurrent marking (unload classes)
[2026-04-03T02:18:06.725+0600][48.626s][info][gc,task     ] GC(61) Using 3 of 6 workers for concurrent marking
[2026-04-03T02:18:06.776+0600][48.677s][info][gc          ] GC(61) Concurrent marking (unload classes) 51.225ms
[2026-04-03T02:18:06.776+0600][48.677s][info][gc,start    ] GC(61) Pause Final Mark (unload classes)
[2026-04-03T02:18:06.776+0600][48.677s][info][gc,task     ] GC(61) Using 6 of 6 workers for final marking
[2026-04-03T02:18:06.777+0600][48.678s][info][gc,ergo     ] GC(61) Adaptive CSet Selection. Target Free: 106M, Actual Free: 555M, Max CSet: 32000K, Min Garbage: 0B
[2026-04-03T02:18:06.777+0600][48.678s][info][gc,ergo     ] GC(61) Collectable Garbage: 355M (97%), Immediate: 318M (87%), CSet: 37825K (10%)
[2026-04-03T02:18:06.777+0600][48.678s][info][gc,ergo     ] GC(61) Pacer for Evacuation. Used CSet: 44026K, Free: 540M, Non-Taxable: 55321K, Alloc Tax Rate: 1.1x
[2026-04-03T02:18:06.777+0600][48.678s][info][gc          ] GC(61) Pause Final Mark (unload classes) 0.806ms
[2026-04-03T02:18:06.777+0600][48.678s][info][gc,start    ] GC(61) Concurrent thread roots
[2026-04-03T02:18:06.777+0600][48.678s][info][gc,task     ] GC(61) Using 3 of 6 workers for Concurrent thread roots
[2026-04-03T02:18:06.778+0600][48.679s][info][gc          ] GC(61) Concurrent thread roots 1.335ms
[2026-04-03T02:18:06.778+0600][48.679s][info][gc,start    ] GC(61) Concurrent weak references
[2026-04-03T02:18:06.778+0600][48.679s][info][gc,task     ] GC(61) Using 3 of 6 workers for concurrent weak references
[2026-04-03T02:18:06.779+0600][48.680s][info][gc,ref      ] GC(61) Encountered references: Soft: 3873, Weak: 14783, Final: 84, Phantom: 621
[2026-04-03T02:18:06.779+0600][48.680s][info][gc,ref      ] GC(61) Discovered  references: Soft: 0, Weak: 4554, Final: 0, Phantom: 616
[2026-04-03T02:18:06.779+0600][48.680s][info][gc,ref      ] GC(61) Enqueued    references: Soft: 0, Weak: 92, Final: 0, Phantom: 0
[2026-04-03T02:18:06.779+0600][48.680s][info][gc          ] GC(61) Concurrent weak references 0.587ms
[2026-04-03T02:18:06.779+0600][48.680s][info][gc,start    ] GC(61) Concurrent weak roots
[2026-04-03T02:18:06.779+0600][48.680s][info][gc,task     ] GC(61) Using 3 of 6 workers for concurrent weak root
[2026-04-03T02:18:06.786+0600][48.687s][info][gc          ] GC(61) Concurrent weak roots 6.994ms
[2026-04-03T02:18:06.786+0600][48.687s][info][gc,start    ] GC(61) Concurrent cleanup
[2026-04-03T02:18:06.787+0600][48.688s][info][gc          ] GC(61) Concurrent cleanup 534M->215M(659M) 0.851ms
[2026-04-03T02:18:06.787+0600][48.688s][info][gc,ergo     ] GC(61) Free: 489M, Max: 256K regular, 170M humongous, Frag: 66% external, 0% internal; Reserve: 37909K, Max: 256K
[2026-04-03T02:18:06.787+0600][48.688s][info][gc,start    ] GC(61) Concurrent class unloading
[2026-04-03T02:18:06.787+0600][48.688s][info][gc,task     ] GC(61) Using 3 of 6 workers for concurrent class unloading
[2026-04-03T02:18:06.802+0600][48.703s][info][gc          ] GC(61) Concurrent class unloading 15.276ms
[2026-04-03T02:18:06.802+0600][48.703s][info][gc,start    ] GC(61) Concurrent strong roots
[2026-04-03T02:18:06.802+0600][48.703s][info][gc,task     ] GC(61) Using 3 of 6 workers for concurrent strong root
[2026-04-03T02:18:06.803+0600][48.705s][info][gc          ] GC(61) Concurrent strong roots 1.162ms
[2026-04-03T02:18:06.804+0600][48.705s][info][gc,start    ] GC(61) Concurrent evacuation
[2026-04-03T02:18:06.804+0600][48.705s][info][gc,task     ] GC(61) Using 3 of 6 workers for concurrent evacuation
[2026-04-03T02:18:06.806+0600][48.707s][info][gc          ] GC(61) Concurrent evacuation 2.767ms
[2026-04-03T02:18:06.807+0600][48.708s][info][gc,start    ] GC(61) Pause Init Update Refs
[2026-04-03T02:18:06.807+0600][48.708s][info][gc,ergo     ] GC(61) Pacer for Update Refs. Used: 252M, Free: 456M, Non-Taxable: 46734K, Alloc Tax Rate: 1.1x
[2026-04-03T02:18:06.807+0600][48.708s][info][gc          ] GC(61) Pause Init Update Refs 0.183ms
[2026-04-03T02:18:06.807+0600][48.708s][info][gc,start    ] GC(61) Concurrent update references
[2026-04-03T02:18:06.807+0600][48.708s][info][gc,task     ] GC(61) Using 3 of 6 workers for concurrent reference update
[2026-04-03T02:18:06.844+0600][48.745s][info][gc          ] GC(61) Concurrent update references 36.990ms
[2026-04-03T02:18:06.844+0600][48.745s][info][gc,start    ] GC(61) Concurrent update thread roots
[2026-04-03T02:18:06.845+0600][48.746s][info][gc          ] GC(61) Concurrent update thread roots 1.088ms
[2026-04-03T02:18:06.845+0600][48.746s][info][gc,start    ] GC(61) Pause Final Update Refs
[2026-04-03T02:18:06.845+0600][48.746s][info][gc,task     ] GC(61) Using 6 of 6 workers for final reference update
[2026-04-03T02:18:06.845+0600][48.746s][info][gc          ] GC(61) Pause Final Update Refs 0.117ms
[2026-04-03T02:18:06.845+0600][48.746s][info][gc,start    ] GC(61) Concurrent cleanup
[2026-04-03T02:18:06.846+0600][48.747s][info][gc          ] GC(61) Concurrent cleanup 434M->395M(659M) 0.412ms
[2026-04-03T02:18:06.846+0600][48.747s][info][gc,ergo     ] Free: 296M, Max: 256K regular, 90880K humongous, Frag: 70% external, 2% internal; Reserve: 38400K, Max: 256K
[2026-04-03T02:18:06.846+0600][48.747s][info][gc,stats    ] 
[2026-04-03T02:18:06.846+0600][48.747s][info][gc,stats    ] All times are wall-clock times, except per-root-class counters, that are sum over
[2026-04-03T02:18:06.846+0600][48.747s][info][gc,stats    ] all workers. Dividing the <total> over the root stage time estimates parallelism.
[2026-04-03T02:18:06.846+0600][48.747s][info][gc,stats    ] 
[2026-04-03T02:18:06.846+0600][48.747s][info][gc,stats    ] Concurrent Reset                    827 us
[2026-04-03T02:18:06.846+0600][48.747s][info][gc,stats    ] Pause Init Mark (G)                 362 us
[2026-04-03T02:18:06.846+0600][48.747s][info][gc,stats    ] Pause Init Mark (N)                 140 us
[2026-04-03T02:18:06.846+0600][48.747s][info][gc,stats    ]   Update Region States               27 us
[2026-04-03T02:18:06.846+0600][48.747s][info][gc,stats    ] Concurrent Mark Roots              1437 us, parallelism: 2.04x
[2026-04-03T02:18:06.846+0600][48.747s][info][gc,stats    ]   CMR: <total>                     2936 us
[2026-04-03T02:18:06.846+0600][48.747s][info][gc,stats    ]   CMR: Thread Roots                2452 us, workers (us): 958, 532, 963, ---, ---, ---, 
[2026-04-03T02:18:06.846+0600][48.747s][info][gc,stats    ]   CMR: VM Strong Roots               58 us, workers (us):  31,  27,   0, ---, ---, ---, 
[2026-04-03T02:18:06.846+0600][48.747s][info][gc,stats    ]   CMR: CLDG Roots                   426 us, workers (us): ---, 426, ---, ---, ---, ---, 
[2026-04-03T02:18:06.846+0600][48.747s][info][gc,stats    ] Concurrent Marking                51310 us
[2026-04-03T02:18:06.846+0600][48.747s][info][gc,stats    ] Pause Final Mark (G)               1018 us
[2026-04-03T02:18:06.846+0600][48.747s][info][gc,stats    ] Pause Final Mark (N)                818 us
[2026-04-03T02:18:06.846+0600][48.747s][info][gc,stats    ]   Finish Mark                       340 us
[2026-04-03T02:18:06.846+0600][48.747s][info][gc,stats    ]   Update Region States               55 us
[2026-04-03T02:18:06.846+0600][48.747s][info][gc,stats    ]   Choose Collection Set             220 us
[2026-04-03T02:18:06.846+0600][48.747s][info][gc,stats    ]   Rebuild Free Set                   59 us
[2026-04-03T02:18:06.846+0600][48.747s][info][gc,stats    ] Concurrent Thread Roots            1389 us, parallelism: 2.41x
[2026-04-03T02:18:06.846+0600][48.747s][info][gc,stats    ]   CTR: <total>                     3348 us
[2026-04-03T02:18:06.846+0600][48.747s][info][gc,stats    ]   CTR: Thread Roots                3348 us, workers (us): 1147, 1098, 1103, ---, ---, ---, 
[2026-04-03T02:18:06.846+0600][48.747s][info][gc,stats    ] Concurrent Weak References          597 us, parallelism: 1.19x
[2026-04-03T02:18:06.846+0600][48.747s][info][gc,stats    ]   CWRF: <total>                     708 us
[2026-04-03T02:18:06.846+0600][48.747s][info][gc,stats    ]   CWRF: Weak References             708 us, workers (us): 412, 185, 111, ---, ---, ---, 
[2026-04-03T02:18:06.846+0600][48.747s][info][gc,stats    ] Concurrent Weak Roots              7112 us
[2026-04-03T02:18:06.846+0600][48.747s][info][gc,stats    ]   Roots                            6600 us, parallelism: 2.80x
[2026-04-03T02:18:06.846+0600][48.747s][info][gc,stats    ]     CWR: <total>                  18454 us
[2026-04-03T02:18:06.846+0600][48.747s][info][gc,stats    ]     CWR: Code Cache Roots         15351 us, workers (us): 5183, 5167, 5001, ---, ---, ---, 
[2026-04-03T02:18:06.846+0600][48.747s][info][gc,stats    ]     CWR: VM Weak Roots             2813 us, workers (us): 974, 922, 917, ---, ---, ---, 
[2026-04-03T02:18:06.846+0600][48.747s][info][gc,stats    ]     CWR: CLDG Roots                 290 us, workers (us): ---, ---, 290, ---, ---, ---, 
[2026-04-03T02:18:06.846+0600][48.747s][info][gc,stats    ]   Rendezvous                        368 us
[2026-04-03T02:18:06.846+0600][48.747s][info][gc,stats    ] Concurrent Cleanup                  873 us
[2026-04-03T02:18:06.846+0600][48.747s][info][gc,stats    ] Concurrent Class Unloading        15372 us
[2026-04-03T02:18:06.846+0600][48.747s][info][gc,stats    ]   Unlink Stale                    14402 us
[2026-04-03T02:18:06.846+0600][48.747s][info][gc,stats    ]     System Dictionary               353 us
[2026-04-03T02:18:06.846+0600][48.747s][info][gc,stats    ]     Weak Class Links                  1 us
[2026-04-03T02:18:06.846+0600][48.747s][info][gc,stats    ]     Code Roots                    14044 us
[2026-04-03T02:18:06.846+0600][48.747s][info][gc,stats    ]   Rendezvous                        434 us
[2026-04-03T02:18:06.846+0600][48.747s][info][gc,stats    ]   Purge Unlinked                    408 us
[2026-04-03T02:18:06.846+0600][48.747s][info][gc,stats    ]     Code Roots                      396 us
[2026-04-03T02:18:06.846+0600][48.747s][info][gc,stats    ]     CLDG                             10 us
[2026-04-03T02:18:06.846+0600][48.747s][info][gc,stats    ]     Exception Caches                  0 us
[2026-04-03T02:18:06.846+0600][48.747s][info][gc,stats    ] Concurrent Strong Roots            1222 us, parallelism: 0.49x
[2026-04-03T02:18:06.846+0600][48.747s][info][gc,stats    ]   CSR: <total>                      599 us
[2026-04-03T02:18:06.846+0600][48.747s][info][gc,stats    ]   CSR: VM Strong Roots               38 us, workers (us):  35,   2,   2, ---, ---, ---, 
[2026-04-03T02:18:06.846+0600][48.747s][info][gc,stats    ]   CSR: CLDG Roots                   561 us, workers (us): 561, ---, ---, ---, ---, ---, 
[2026-04-03T02:18:06.846+0600][48.747s][info][gc,stats    ] Concurrent Evacuation              2836 us
[2026-04-03T02:18:06.846+0600][48.747s][info][gc,stats    ] Pause Init Update Refs (G)          461 us
[2026-04-03T02:18:06.846+0600][48.747s][info][gc,stats    ] Pause Init Update Refs (N)          202 us
[2026-04-03T02:18:06.846+0600][48.747s][info][gc,stats    ]   Manage GCLABs                      46 us
[2026-04-03T02:18:06.846+0600][48.747s][info][gc,stats    ] Concurrent Update Refs            37055 us
[2026-04-03T02:18:06.846+0600][48.747s][info][gc,stats    ] Concurrent Update Thread Roots     1111 us
[2026-04-03T02:18:06.846+0600][48.747s][info][gc,stats    ] Pause Final Update Refs (G)         283 us
[2026-04-03T02:18:06.846+0600][48.747s][info][gc,stats    ] Pause Final Update Refs (N)         133 us
[2026-04-03T02:18:06.846+0600][48.747s][info][gc,stats    ]   Update Region States               41 us
[2026-04-03T02:18:06.846+0600][48.747s][info][gc,stats    ]   Trash Collection Set               10 us
[2026-04-03T02:18:06.846+0600][48.747s][info][gc,stats    ]   Rebuild Free Set                   33 us
[2026-04-03T02:18:06.846+0600][48.747s][info][gc,stats    ] Concurrent Cleanup                  435 us
[2026-04-03T02:18:06.846+0600][48.747s][info][gc,stats    ] Pacing                           208807 us
[2026-04-03T02:18:06.846+0600][48.747s][info][gc,stats    ] 
[2026-04-03T02:18:06.846+0600][48.747s][info][gc,stats    ] Allocation pacing accrued:
[2026-04-03T02:18:06.846+0600][48.747s][info][gc,stats    ]       8 of   159 ms (  5.0%): Spark Context Cleaner
[2026-04-03T02:18:06.846+0600][48.747s][info][gc,stats    ]      50 of   159 ms ( 31.6%): Executor task launch worker for task 2.0 in stage 1359.0 (TID 2549)
[2026-04-03T02:18:06.846+0600][48.747s][info][gc,stats    ]      37 of   159 ms ( 23.6%): Executor task launch worker for task 3.0 in stage 1359.0 (TID 2550)
[2026-04-03T02:18:06.846+0600][48.747s][info][gc,stats    ]      48 of   159 ms ( 30.0%): Executor task launch worker for task 1.0 in stage 1359.0 (TID 2548)
[2026-04-03T02:18:06.846+0600][48.747s][info][gc,stats    ]      46 of   159 ms ( 28.9%): Executor task launch worker for task 0.0 in stage 1359.0 (TID 2547)
[2026-04-03T02:18:06.846+0600][48.747s][info][gc,stats    ]      11 of   159 ms (  7.2%): block-manager-ask-thread-pool-32
[2026-04-03T02:18:06.846+0600][48.747s][info][gc,stats    ]       8 of   159 ms (  5.2%): block-manager-ask-thread-pool-33
[2026-04-03T02:18:06.846+0600][48.747s][info][gc,stats    ]     209 of   159 ms (131.5%): <total>
[2026-04-03T02:18:06.846+0600][48.747s][info][gc,stats    ]       1 of   159 ms (  0.5%): <average total>
[2026-04-03T02:18:06.846+0600][48.747s][info][gc,stats    ]      30 of   159 ms ( 18.8%): <average non-zero>
[2026-04-03T02:18:06.846+0600][48.747s][info][gc,stats    ] 
[2026-04-03T02:18:06.846+0600][48.747s][info][gc,metaspace] Metaspace: 130934K(132160K)->130934K(132160K) NonClass: 114445K(115072K)->114445K(115072K) Class: 16488K(17088K)->16488K(17088K)
[2026-04-03T02:18:06.846+0600][48.747s][info][gc,ergo     ] Pacer for Idle. Initial: 15360K, Alloc Tax Rate: 1.0x
[2026-04-03T02:18:06.847+0600][48.748s][info][gc          ] Trigger: Average GC time (146.43 ms) is above the time for average allocation rate (2013 MB/s) to deplete free headroom (249M) (margin of error = 1.86)
[2026-04-03T02:18:06.847+0600][48.748s][info][gc,ergo     ] Free headroom: 287M (free) - 38400K (spike) - 0B (penalties) = 249M
[2026-04-03T02:18:06.847+0600][48.749s][info][gc,ergo     ] Free: 287M, Max: 256K regular, 90880K humongous, Frag: 69% external, 2% internal; Reserve: 38400K, Max: 256K
[2026-04-03T02:18:06.847+0600][48.749s][info][gc,start    ] GC(62) Concurrent reset
[2026-04-03T02:18:06.847+0600][48.749s][info][gc,task     ] GC(62) Using 3 of 6 workers for concurrent reset
[2026-04-03T02:18:06.847+0600][48.749s][info][gc,ergo     ] GC(62) Pacer for Reset. Non-Taxable: 750M
[2026-04-03T02:18:06.848+0600][48.749s][info][gc          ] GC(62) Concurrent reset 0.695ms
[2026-04-03T02:18:06.848+0600][48.749s][info][gc,start    ] GC(62) Pause Init Mark (unload classes)
[2026-04-03T02:18:06.848+0600][48.749s][info][gc,task     ] GC(62) Using 6 of 6 workers for init marking
[2026-04-03T02:18:06.848+0600][48.749s][info][gc,ergo     ] GC(62) Pacer for Mark. Expected Live: 90739K, Free: 284M, Non-Taxable: 29125K, Alloc Tax Rate: 0.4x
[2026-04-03T02:18:06.848+0600][48.750s][info][gc          ] GC(62) Pause Init Mark (unload classes) 0.103ms
[2026-04-03T02:18:06.848+0600][48.750s][info][gc,start    ] GC(62) Concurrent marking roots
[2026-04-03T02:18:06.848+0600][48.750s][info][gc,task     ] GC(62) Using 3 of 6 workers for concurrent marking roots
[2026-04-03T02:18:06.850+0600][48.751s][info][gc          ] GC(62) Concurrent marking roots 1.293ms
[2026-04-03T02:18:06.850+0600][48.751s][info][gc,start    ] GC(62) Concurrent marking (unload classes)
[2026-04-03T02:18:06.850+0600][48.751s][info][gc,task     ] GC(62) Using 3 of 6 workers for concurrent marking
[2026-04-03T02:18:06.908+0600][48.809s][info][gc          ] GC(62) Concurrent marking (unload classes) 57.854ms
[2026-04-03T02:18:06.908+0600][48.809s][info][gc,start    ] GC(62) Pause Final Mark (unload classes)
[2026-04-03T02:18:06.908+0600][48.809s][info][gc,task     ] GC(62) Using 6 of 6 workers for final marking
[2026-04-03T02:18:06.908+0600][48.809s][info][gc,ergo     ] GC(62) Adaptive CSet Selection. Target Free: 106M, Actual Free: 556M, Max CSet: 32000K, Min Garbage: 0B
[2026-04-03T02:18:06.908+0600][48.809s][info][gc,ergo     ] GC(62) Collectable Garbage: 311M (97%), Immediate: 287M (89%), CSet: 25005K (7%)
[2026-04-03T02:18:06.908+0600][48.809s][info][gc,ergo     ] GC(62) Pacer for Evacuation. Used CSet: 29432K, Free: 539M, Non-Taxable: 55250K, Alloc Tax Rate: 1.1x
[2026-04-03T02:18:06.908+0600][48.810s][info][gc          ] GC(62) Pause Final Mark (unload classes) 0.623ms
[2026-04-03T02:18:06.908+0600][48.810s][info][gc,start    ] GC(62) Concurrent thread roots
[2026-04-03T02:18:06.908+0600][48.810s][info][gc,task     ] GC(62) Using 3 of 6 workers for Concurrent thread roots
[2026-04-03T02:18:06.909+0600][48.811s][info][gc          ] GC(62) Concurrent thread roots 0.970ms
[2026-04-03T02:18:06.909+0600][48.811s][info][gc,start    ] GC(62) Concurrent weak references
[2026-04-03T02:18:06.909+0600][48.811s][info][gc,task     ] GC(62) Using 3 of 6 workers for concurrent weak references
[2026-04-03T02:18:06.910+0600][48.811s][info][gc,ref      ] GC(62) Encountered references: Soft: 3869, Weak: 14774, Final: 84, Phantom: 621
[2026-04-03T02:18:06.910+0600][48.811s][info][gc,ref      ] GC(62) Discovered  references: Soft: 0, Weak: 7467, Final: 48, Phantom: 579
[2026-04-03T02:18:06.910+0600][48.812s][info][gc,ref      ] GC(62) Enqueued    references: Soft: 0, Weak: 221, Final: 0, Phantom: 0
[2026-04-03T02:18:06.910+0600][48.812s][info][gc          ] GC(62) Concurrent weak references 0.951ms
[2026-04-03T02:18:06.910+0600][48.812s][info][gc,start    ] GC(62) Concurrent weak roots
[2026-04-03T02:18:06.910+0600][48.812s][info][gc,task     ] GC(62) Using 3 of 6 workers for concurrent weak root
[2026-04-03T02:18:06.914+0600][48.816s][info][gc          ] GC(62) Concurrent weak roots 4.025ms
[2026-04-03T02:18:06.915+0600][48.816s][info][gc,start    ] GC(62) Concurrent cleanup
[2026-04-03T02:18:06.915+0600][48.816s][info][gc          ] GC(62) Concurrent cleanup 464M->177M(659M) 0.712ms
[2026-04-03T02:18:06.915+0600][48.816s][info][gc,ergo     ] GC(62) Free: 529M, Max: 256K regular, 95744K humongous, Frag: 83% external, 0% internal; Reserve: 38293K, Max: 256K
[2026-04-03T02:18:06.915+0600][48.816s][info][gc,start    ] GC(62) Concurrent class unloading
[2026-04-03T02:18:06.915+0600][48.816s][info][gc,task     ] GC(62) Using 3 of 6 workers for concurrent class unloading
[2026-04-03T02:18:06.928+0600][48.829s][info][gc          ] GC(62) Concurrent class unloading 12.509ms
[2026-04-03T02:18:06.928+0600][48.829s][info][gc,start    ] GC(62) Concurrent strong roots
[2026-04-03T02:18:06.928+0600][48.829s][info][gc,task     ] GC(62) Using 3 of 6 workers for concurrent strong root
[2026-04-03T02:18:06.929+0600][48.830s][info][gc          ] GC(62) Concurrent strong roots 1.224ms
[2026-04-03T02:18:06.929+0600][48.830s][info][gc,start    ] GC(62) Concurrent evacuation
[2026-04-03T02:18:06.929+0600][48.830s][info][gc,task     ] GC(62) Using 3 of 6 workers for concurrent evacuation
[2026-04-03T02:18:06.931+0600][48.832s][info][gc          ] GC(62) Concurrent evacuation 1.769ms
[2026-04-03T02:18:06.931+0600][48.832s][info][gc,start    ] GC(62) Pause Init Update Refs
[2026-04-03T02:18:06.931+0600][48.832s][info][gc,ergo     ] GC(62) Pacer for Update Refs. Used: 186M, Free: 525M, Non-Taxable: 53843K, Alloc Tax Rate: 1.1x
[2026-04-03T02:18:06.931+0600][48.832s][info][gc          ] GC(62) Pause Init Update Refs 0.095ms
[2026-04-03T02:18:06.931+0600][48.832s][info][gc,start    ] GC(62) Concurrent update references
[2026-04-03T02:18:06.931+0600][48.832s][info][gc,task     ] GC(62) Using 3 of 6 workers for concurrent reference update
[2026-04-03T02:18:06.972+0600][48.873s][info][gc          ] GC(62) Concurrent update references 40.936ms
[2026-04-03T02:18:06.972+0600][48.873s][info][gc,start    ] GC(62) Concurrent update thread roots
[2026-04-03T02:18:06.974+0600][48.875s][info][gc          ] GC(62) Concurrent update thread roots 1.761ms
[2026-04-03T02:18:06.974+0600][48.875s][info][gc,start    ] GC(62) Pause Final Update Refs
[2026-04-03T02:18:06.974+0600][48.875s][info][gc,task     ] GC(62) Using 6 of 6 workers for final reference update
[2026-04-03T02:18:06.974+0600][48.876s][info][gc          ] GC(62) Pause Final Update Refs 0.190ms
[2026-04-03T02:18:06.975+0600][48.876s][info][gc,start    ] GC(62) Concurrent cleanup
[2026-04-03T02:18:06.975+0600][48.876s][info][gc          ] GC(62) Concurrent cleanup 207M->182M(659M) 0.698ms
[2026-04-03T02:18:06.975+0600][48.877s][info][gc,ergo     ] Free: 523M, Max: 256K regular, 251M humongous, Frag: 52% external, 1% internal; Reserve: 38400K, Max: 256K
[2026-04-03T02:18:06.975+0600][48.877s][info][gc,stats    ] 
[2026-04-03T02:18:06.976+0600][48.877s][info][gc,stats    ] All times are wall-clock times, except per-root-class counters, that are sum over
[2026-04-03T02:18:06.976+0600][48.877s][info][gc,stats    ] all workers. Dividing the <total> over the root stage time estimates parallelism.
[2026-04-03T02:18:06.976+0600][48.877s][info][gc,stats    ] 
[2026-04-03T02:18:06.976+0600][48.877s][info][gc,stats    ] Concurrent Reset                    719 us
[2026-04-03T02:18:06.976+0600][48.877s][info][gc,stats    ] Pause Init Mark (G)                 287 us
[2026-04-03T02:18:06.976+0600][48.877s][info][gc,stats    ] Pause Init Mark (N)                 111 us
[2026-04-03T02:18:06.976+0600][48.877s][info][gc,stats    ]   Update Region States               22 us
[2026-04-03T02:18:06.976+0600][48.877s][info][gc,stats    ] Concurrent Mark Roots              1346 us, parallelism: 1.90x
[2026-04-03T02:18:06.976+0600][48.877s][info][gc,stats    ]   CMR: <total>                     2558 us
[2026-04-03T02:18:06.976+0600][48.877s][info][gc,stats    ]   CMR: Thread Roots                2153 us, workers (us): 519, 809, 825, ---, ---, ---, 
[2026-04-03T02:18:06.976+0600][48.877s][info][gc,stats    ]   CMR: VM Strong Roots               96 us, workers (us):  43,  41,  12, ---, ---, ---, 
[2026-04-03T02:18:06.976+0600][48.877s][info][gc,stats    ]   CMR: CLDG Roots                   309 us, workers (us): 309, ---, ---, ---, ---, ---, 
[2026-04-03T02:18:06.976+0600][48.877s][info][gc,stats    ] Concurrent Marking                57924 us
[2026-04-03T02:18:06.976+0600][48.877s][info][gc,stats    ] Pause Final Mark (G)                722 us
[2026-04-03T02:18:06.976+0600][48.877s][info][gc,stats    ] Pause Final Mark (N)                633 us
[2026-04-03T02:18:06.976+0600][48.877s][info][gc,stats    ]   Finish Mark                       301 us
[2026-04-03T02:18:06.976+0600][48.877s][info][gc,stats    ]   Update Region States               38 us
[2026-04-03T02:18:06.976+0600][48.877s][info][gc,stats    ]   Choose Collection Set             186 us
[2026-04-03T02:18:06.976+0600][48.877s][info][gc,stats    ]   Rebuild Free Set                   34 us
[2026-04-03T02:18:06.976+0600][48.877s][info][gc,stats    ] Concurrent Thread Roots            1011 us, parallelism: 2.09x
[2026-04-03T02:18:06.976+0600][48.877s][info][gc,stats    ]   CTR: <total>                     2113 us
[2026-04-03T02:18:06.976+0600][48.877s][info][gc,stats    ]   CTR: Thread Roots                2113 us, workers (us): 730, 689, 694, ---, ---, ---, 
[2026-04-03T02:18:06.976+0600][48.877s][info][gc,stats    ] Concurrent Weak References          960 us, parallelism: 0.95x
[2026-04-03T02:18:06.976+0600][48.877s][info][gc,stats    ]   CWRF: <total>                     908 us
[2026-04-03T02:18:06.976+0600][48.877s][info][gc,stats    ]   CWRF: Weak References             908 us, workers (us): 677, 230,   1, ---, ---, ---, 
[2026-04-03T02:18:06.976+0600][48.877s][info][gc,stats    ] Concurrent Weak Roots              4101 us
[2026-04-03T02:18:06.976+0600][48.877s][info][gc,stats    ]   Roots                            3538 us, parallelism: 2.62x
[2026-04-03T02:18:06.976+0600][48.877s][info][gc,stats    ]     CWR: <total>                   9274 us
[2026-04-03T02:18:06.976+0600][48.877s][info][gc,stats    ]     CWR: Code Cache Roots          6882 us, workers (us): 2323, 2462, 2098, ---, ---, ---, 
[2026-04-03T02:18:06.976+0600][48.877s][info][gc,stats    ]     CWR: VM Weak Roots             2193 us, workers (us): 750, 736, 707, ---, ---, ---, 
[2026-04-03T02:18:06.976+0600][48.877s][info][gc,stats    ]     CWR: CLDG Roots                 199 us, workers (us): ---, ---, 199, ---, ---, ---, 
[2026-04-03T02:18:06.976+0600][48.877s][info][gc,stats    ]   Rendezvous                        465 us
[2026-04-03T02:18:06.976+0600][48.877s][info][gc,stats    ] Concurrent Cleanup                  735 us
[2026-04-03T02:18:06.976+0600][48.877s][info][gc,stats    ] Concurrent Class Unloading        12581 us
[2026-04-03T02:18:06.976+0600][48.877s][info][gc,stats    ]   Unlink Stale                    11886 us
[2026-04-03T02:18:06.976+0600][48.877s][info][gc,stats    ]     System Dictionary               273 us
[2026-04-03T02:18:06.976+0600][48.877s][info][gc,stats    ]     Weak Class Links                  0 us
[2026-04-03T02:18:06.976+0600][48.877s][info][gc,stats    ]     Code Roots                    11610 us
[2026-04-03T02:18:06.976+0600][48.877s][info][gc,stats    ]   Rendezvous                        270 us
[2026-04-03T02:18:06.976+0600][48.877s][info][gc,stats    ]   Purge Unlinked                    330 us
[2026-04-03T02:18:06.976+0600][48.877s][info][gc,stats    ]     Code Roots                      320 us
[2026-04-03T02:18:06.976+0600][48.877s][info][gc,stats    ]     CLDG                              8 us
[2026-04-03T02:18:06.976+0600][48.877s][info][gc,stats    ]     Exception Caches                  0 us
[2026-04-03T02:18:06.976+0600][48.877s][info][gc,stats    ] Concurrent Strong Roots            1274 us, parallelism: 0.65x
[2026-04-03T02:18:06.976+0600][48.877s][info][gc,stats    ]   CSR: <total>                      832 us
[2026-04-03T02:18:06.976+0600][48.877s][info][gc,stats    ]   CSR: VM Strong Roots               63 us, workers (us):  41,  22,   0, ---, ---, ---, 
[2026-04-03T02:18:06.976+0600][48.877s][info][gc,stats    ]   CSR: CLDG Roots                   769 us, workers (us): ---, 769, ---, ---, ---, ---, 
[2026-04-03T02:18:06.976+0600][48.877s][info][gc,stats    ] Concurrent Evacuation              1822 us
[2026-04-03T02:18:06.976+0600][48.877s][info][gc,stats    ] Pause Init Update Refs (G)          228 us
[2026-04-03T02:18:06.976+0600][48.877s][info][gc,stats    ] Pause Init Update Refs (N)          104 us
[2026-04-03T02:18:06.976+0600][48.877s][info][gc,stats    ]   Manage GCLABs                      49 us
[2026-04-03T02:18:06.976+0600][48.877s][info][gc,stats    ] Concurrent Update Refs            41044 us
[2026-04-03T02:18:06.976+0600][48.877s][info][gc,stats    ] Concurrent Update Thread Roots     1819 us
[2026-04-03T02:18:06.976+0600][48.877s][info][gc,stats    ] Pause Final Update Refs (G)         517 us
[2026-04-03T02:18:06.976+0600][48.877s][info][gc,stats    ] Pause Final Update Refs (N)         207 us
[2026-04-03T02:18:06.976+0600][48.877s][info][gc,stats    ]   Update Region States               56 us
[2026-04-03T02:18:06.976+0600][48.877s][info][gc,stats    ]   Trash Collection Set               11 us
[2026-04-03T02:18:06.976+0600][48.877s][info][gc,stats    ]   Rebuild Free Set                   43 us
[2026-04-03T02:18:06.976+0600][48.877s][info][gc,stats    ] Concurrent Cleanup                  742 us
[2026-04-03T02:18:06.976+0600][48.877s][info][gc,stats    ] Pacing                           234312 us
[2026-04-03T02:18:06.976+0600][48.877s][info][gc,stats    ] 
[2026-04-03T02:18:06.976+0600][48.877s][info][gc,stats    ] Allocation pacing accrued:
[2026-04-03T02:18:06.976+0600][48.877s][info][gc,stats    ]      21 of   130 ms ( 16.4%): dispatcher-event-loop-5
[2026-04-03T02:18:06.976+0600][48.877s][info][gc,stats    ]       9 of   130 ms (  7.3%): Spark Context Cleaner
[2026-04-03T02:18:06.976+0600][48.878s][info][gc,stats    ]      21 of   130 ms ( 16.5%): spark-listener-group-appStatus
[2026-04-03T02:18:06.976+0600][48.878s][info][gc,stats    ]      10 of   130 ms (  7.7%): spark-listener-group-executorManagement
[2026-04-03T02:18:06.976+0600][48.878s][info][gc,stats    ]      11 of   130 ms (  8.6%): spark-listener-group-shared
[2026-04-03T02:18:06.976+0600][48.878s][info][gc,stats    ]      11 of   130 ms (  8.7%): Executor task launch worker for task 6.0 in stage 1366.0 (TID 2565)
[2026-04-03T02:18:06.976+0600][48.878s][info][gc,stats    ]      21 of   130 ms ( 16.3%): Executor task launch worker for task 4.0 in stage 1366.0 (TID 2563)
[2026-04-03T02:18:06.976+0600][48.878s][info][gc,stats    ]      21 of   130 ms ( 16.3%): Executor task launch worker for task 1.0 in stage 1366.0 (TID 2560)
[2026-04-03T02:18:06.976+0600][48.878s][info][gc,stats    ]      21 of   130 ms ( 16.4%): Executor task launch worker for task 5.0 in stage 1366.0 (TID 2564)
[2026-04-03T02:18:06.977+0600][48.878s][info][gc,stats    ]      21 of   130 ms ( 16.3%): Executor task launch worker for task 2.0 in stage 1366.0 (TID 2561)
[2026-04-03T02:18:06.977+0600][48.878s][info][gc,stats    ]      22 of   130 ms ( 16.9%): Executor task launch worker for task 0.0 in stage 1366.0 (TID 2559)
[2026-04-03T02:18:06.977+0600][48.878s][info][gc,stats    ]      21 of   130 ms ( 16.4%): Executor task launch worker for task 3.0 in stage 1366.0 (TID 2562)
[2026-04-03T02:18:06.977+0600][48.878s][info][gc,stats    ]      21 of   130 ms ( 16.3%): task-result-getter-1
[2026-04-03T02:18:06.977+0600][48.878s][info][gc,stats    ]     234 of   130 ms (179.9%): <total>
[2026-04-03T02:18:06.977+0600][48.878s][info][gc,stats    ]       1 of   130 ms (  0.6%): <average total>
[2026-04-03T02:18:06.977+0600][48.878s][info][gc,stats    ]      18 of   130 ms ( 13.8%): <average non-zero>
[2026-04-03T02:18:06.977+0600][48.878s][info][gc,stats    ] 
[2026-04-03T02:18:06.977+0600][48.878s][info][gc,metaspace] Metaspace: 130934K(132160K)->130950K(132224K) NonClass: 114445K(115072K)->114461K(115136K) Class: 16488K(17088K)->16488K(17088K)
[2026-04-03T02:18:06.977+0600][48.878s][info][gc,ergo     ] Pacer for Idle. Initial: 15360K, Alloc Tax Rate: 1.0x
[2026-04-03T02:18:07.480+0600][49.382s][info][gc          ] Trigger: Average GC time (141.91 ms) is above the time for average allocation rate (944 MB/s) to deplete free headroom (109M) (margin of error = 1.86)
[2026-04-03T02:18:07.481+0600][49.382s][info][gc,ergo     ] Free headroom: 146M (free) - 38400K (spike) - 0B (penalties) = 109M
[2026-04-03T02:18:07.481+0600][49.382s][info][gc,ergo     ] Free: 146M, Max: 256K regular, 88064K humongous, Frag: 42% external, 0% internal; Reserve: 38400K, Max: 256K
[2026-04-03T02:18:07.481+0600][49.382s][info][gc,start    ] GC(63) Concurrent reset
[2026-04-03T02:18:07.481+0600][49.382s][info][gc,task     ] GC(63) Using 3 of 6 workers for concurrent reset
[2026-04-03T02:18:07.481+0600][49.382s][info][gc,ergo     ] GC(63) Pacer for Reset. Non-Taxable: 750M
[2026-04-03T02:18:07.481+0600][49.383s][info][gc          ] GC(63) Concurrent reset 0.799ms
[2026-04-03T02:18:07.482+0600][49.383s][info][gc,start    ] GC(63) Pause Init Mark (unload classes)
[2026-04-03T02:18:07.482+0600][49.383s][info][gc,task     ] GC(63) Using 6 of 6 workers for init marking
[2026-04-03T02:18:07.482+0600][49.383s][info][gc,ergo     ] GC(63) Pacer for Mark. Expected Live: 90494K, Free: 146M, Non-Taxable: 14966K, Alloc Tax Rate: 0.7x
[2026-04-03T02:18:07.482+0600][49.383s][info][gc          ] GC(63) Pause Init Mark (unload classes) 0.207ms
[2026-04-03T02:18:07.482+0600][49.383s][info][gc,start    ] GC(63) Concurrent marking roots
[2026-04-03T02:18:07.482+0600][49.383s][info][gc,task     ] GC(63) Using 3 of 6 workers for concurrent marking roots
[2026-04-03T02:18:07.483+0600][49.385s][info][gc          ] GC(63) Concurrent marking roots 1.492ms
[2026-04-03T02:18:07.483+0600][49.385s][info][gc,start    ] GC(63) Concurrent marking (unload classes)
[2026-04-03T02:18:07.484+0600][49.385s][info][gc,task     ] GC(63) Using 3 of 6 workers for concurrent marking
[2026-04-03T02:18:07.535+0600][49.436s][info][gc          ] GC(63) Concurrent marking (unload classes) 51.731ms
[2026-04-03T02:18:07.535+0600][49.437s][info][gc,start    ] GC(63) Pause Final Mark (unload classes)
[2026-04-03T02:18:07.535+0600][49.437s][info][gc,task     ] GC(63) Using 6 of 6 workers for final marking
[2026-04-03T02:18:07.536+0600][49.437s][info][gc,ergo     ] GC(63) Adaptive CSet Selection. Target Free: 106M, Actual Free: 483M, Max CSet: 32000K, Min Garbage: 0B
[2026-04-03T02:18:07.536+0600][49.437s][info][gc,ergo     ] GC(63) Collectable Garbage: 437M (98%), Immediate: 325M (73%), CSet: 111M (25%)
[2026-04-03T02:18:07.536+0600][49.437s][info][gc,ergo     ] GC(63) Pacer for Evacuation. Used CSet: 116M, Free: 476M, Non-Taxable: 48779K, Alloc Tax Rate: 1.1x
[2026-04-03T02:18:07.536+0600][49.437s][info][gc          ] GC(63) Pause Final Mark (unload classes) 0.678ms
[2026-04-03T02:18:07.536+0600][49.437s][info][gc,start    ] GC(63) Concurrent thread roots
[2026-04-03T02:18:07.536+0600][49.437s][info][gc,task     ] GC(63) Using 3 of 6 workers for Concurrent thread roots
[2026-04-03T02:18:07.538+0600][49.439s][info][gc          ] GC(63) Concurrent thread roots 1.275ms
[2026-04-03T02:18:07.538+0600][49.439s][info][gc,start    ] GC(63) Concurrent weak references
[2026-04-03T02:18:07.538+0600][49.439s][info][gc,task     ] GC(63) Using 3 of 6 workers for concurrent weak references
[2026-04-03T02:18:07.538+0600][49.439s][info][gc,ref      ] GC(63) Encountered references: Soft: 3872, Weak: 15203, Final: 84, Phantom: 621
[2026-04-03T02:18:07.538+0600][49.439s][info][gc,ref      ] GC(63) Discovered  references: Soft: 0, Weak: 4509, Final: 0, Phantom: 576
[2026-04-03T02:18:07.538+0600][49.439s][info][gc,ref      ] GC(63) Enqueued    references: Soft: 0, Weak: 391, Final: 0, Phantom: 0
[2026-04-03T02:18:07.538+0600][49.439s][info][gc          ] GC(63) Concurrent weak references 0.515ms
[2026-04-03T02:18:07.538+0600][49.439s][info][gc,start    ] GC(63) Concurrent weak roots
[2026-04-03T02:18:07.538+0600][49.439s][info][gc,task     ] GC(63) Using 3 of 6 workers for concurrent weak root
[2026-04-03T02:18:07.543+0600][49.444s][info][gc          ] GC(63) Concurrent weak roots 5.117ms
[2026-04-03T02:18:07.543+0600][49.444s][info][gc,start    ] GC(63) Concurrent cleanup
[2026-04-03T02:18:07.544+0600][49.445s][info][gc          ] GC(63) Concurrent cleanup 562M->236M(659M) 0.999ms
[2026-04-03T02:18:07.544+0600][49.446s][info][gc,ergo     ] GC(63) Free: 472M, Max: 256K regular, 57600K humongous, Frag: 89% external, 0% internal; Reserve: 38099K, Max: 256K
[2026-04-03T02:18:07.544+0600][49.446s][info][gc,start    ] GC(63) Concurrent class unloading
[2026-04-03T02:18:07.545+0600][49.446s][info][gc,task     ] GC(63) Using 3 of 6 workers for concurrent class unloading
[2026-04-03T02:18:07.566+0600][49.468s][info][gc          ] GC(63) Concurrent class unloading 21.957ms
[2026-04-03T02:18:07.567+0600][49.468s][info][gc,start    ] GC(63) Concurrent strong roots
[2026-04-03T02:18:07.567+0600][49.468s][info][gc,task     ] GC(63) Using 3 of 6 workers for concurrent strong root
[2026-04-03T02:18:07.568+0600][49.469s][info][gc          ] GC(63) Concurrent strong roots 1.809ms
[2026-04-03T02:18:07.568+0600][49.470s][info][gc,start    ] GC(63) Concurrent evacuation
[2026-04-03T02:18:07.568+0600][49.470s][info][gc,task     ] GC(63) Using 3 of 6 workers for concurrent evacuation
[2026-04-03T02:18:07.572+0600][49.474s][info][gc          ] GC(63) Concurrent evacuation 3.969ms
[2026-04-03T02:18:07.573+0600][49.474s][info][gc,start    ] GC(63) Pause Init Update Refs
[2026-04-03T02:18:07.573+0600][49.474s][info][gc,ergo     ] GC(63) Pacer for Update Refs. Used: 263M, Free: 449M, Non-Taxable: 46026K, Alloc Tax Rate: 1.1x
[2026-04-03T02:18:07.573+0600][49.474s][info][gc          ] GC(63) Pause Init Update Refs 0.148ms
[2026-04-03T02:18:07.573+0600][49.474s][info][gc,start    ] GC(63) Concurrent update references
[2026-04-03T02:18:07.573+0600][49.474s][info][gc,task     ] GC(63) Using 3 of 6 workers for concurrent reference update
[2026-04-03T02:18:07.618+0600][49.519s][info][gc          ] GC(63) Concurrent update references 44.641ms
[2026-04-03T02:18:07.618+0600][49.519s][info][gc,start    ] GC(63) Concurrent update thread roots
[2026-04-03T02:18:07.620+0600][49.521s][info][gc          ] GC(63) Concurrent update thread roots 1.815ms
[2026-04-03T02:18:07.620+0600][49.521s][info][gc,start    ] GC(63) Pause Final Update Refs
[2026-04-03T02:18:07.620+0600][49.521s][info][gc,task     ] GC(63) Using 6 of 6 workers for final reference update
[2026-04-03T02:18:07.620+0600][49.522s][info][gc          ] GC(63) Pause Final Update Refs 0.286ms
[2026-04-03T02:18:07.621+0600][49.522s][info][gc,start    ] GC(63) Concurrent cleanup
[2026-04-03T02:18:07.621+0600][49.523s][info][gc          ] GC(63) Concurrent cleanup 299M->183M(659M) 0.805ms
[2026-04-03T02:18:07.622+0600][49.523s][info][gc,ergo     ] Free: 521M, Max: 256K regular, 281M humongous, Frag: 46% external, 0% internal; Reserve: 38400K, Max: 256K
[2026-04-03T02:18:07.622+0600][49.523s][info][gc,stats    ] 
[2026-04-03T02:18:07.622+0600][49.523s][info][gc,stats    ] All times are wall-clock times, except per-root-class counters, that are sum over
[2026-04-03T02:18:07.622+0600][49.523s][info][gc,stats    ] all workers. Dividing the <total> over the root stage time estimates parallelism.
[2026-04-03T02:18:07.622+0600][49.523s][info][gc,stats    ] 
[2026-04-03T02:18:07.622+0600][49.523s][info][gc,stats    ] Concurrent Reset                    841 us
[2026-04-03T02:18:07.622+0600][49.523s][info][gc,stats    ] Pause Init Mark (G)                 507 us
[2026-04-03T02:18:07.622+0600][49.523s][info][gc,stats    ] Pause Init Mark (N)                 221 us
[2026-04-03T02:18:07.622+0600][49.523s][info][gc,stats    ]   Update Region States               38 us
[2026-04-03T02:18:07.622+0600][49.523s][info][gc,stats    ] Concurrent Mark Roots              1538 us, parallelism: 2.06x
[2026-04-03T02:18:07.622+0600][49.523s][info][gc,stats    ]   CMR: <total>                     3165 us
[2026-04-03T02:18:07.622+0600][49.523s][info][gc,stats    ]   CMR: Thread Roots                2652 us, workers (us): 1031, 577, 1044, ---, ---, ---, 
[2026-04-03T02:18:07.622+0600][49.523s][info][gc,stats    ]   CMR: VM Strong Roots               60 us, workers (us):  25,  21,  14, ---, ---, ---, 
[2026-04-03T02:18:07.622+0600][49.523s][info][gc,stats    ]   CMR: CLDG Roots                   454 us, workers (us): ---, 454, ---, ---, ---, ---, 
[2026-04-03T02:18:07.622+0600][49.523s][info][gc,stats    ] Concurrent Marking                51806 us
[2026-04-03T02:18:07.622+0600][49.523s][info][gc,stats    ] Pause Final Mark (G)                953 us
[2026-04-03T02:18:07.622+0600][49.523s][info][gc,stats    ] Pause Final Mark (N)                691 us
[2026-04-03T02:18:07.622+0600][49.523s][info][gc,stats    ]   Finish Mark                       213 us
[2026-04-03T02:18:07.622+0600][49.523s][info][gc,stats    ]   Update Region States               35 us
[2026-04-03T02:18:07.622+0600][49.523s][info][gc,stats    ]   Choose Collection Set             269 us
[2026-04-03T02:18:07.622+0600][49.523s][info][gc,stats    ]   Rebuild Free Set                   50 us
[2026-04-03T02:18:07.622+0600][49.523s][info][gc,stats    ] Concurrent Thread Roots            1323 us, parallelism: 2.24x
[2026-04-03T02:18:07.622+0600][49.523s][info][gc,stats    ]   CTR: <total>                     2969 us
[2026-04-03T02:18:07.622+0600][49.523s][info][gc,stats    ]   CTR: Thread Roots                2969 us, workers (us): 1018, 989, 962, ---, ---, ---, 
[2026-04-03T02:18:07.622+0600][49.523s][info][gc,stats    ] Concurrent Weak References          525 us, parallelism: 1.00x
[2026-04-03T02:18:07.622+0600][49.523s][info][gc,stats    ]   CWRF: <total>                     524 us
[2026-04-03T02:18:07.622+0600][49.523s][info][gc,stats    ]   CWRF: Weak References             524 us, workers (us): 291, 153,  79, ---, ---, ---, 
[2026-04-03T02:18:07.622+0600][49.523s][info][gc,stats    ] Concurrent Weak Roots              5225 us
[2026-04-03T02:18:07.622+0600][49.523s][info][gc,stats    ]   Roots                            4685 us, parallelism: 2.75x
[2026-04-03T02:18:07.622+0600][49.523s][info][gc,stats    ]     CWR: <total>                  12865 us
[2026-04-03T02:18:07.622+0600][49.523s][info][gc,stats    ]     CWR: Code Cache Roots         10314 us, workers (us): 3441, 3590, 3283, ---, ---, ---, 
[2026-04-03T02:18:07.622+0600][49.523s][info][gc,stats    ]     CWR: VM Weak Roots             2337 us, workers (us): 782, 780, 775, ---, ---, ---, 
[2026-04-03T02:18:07.622+0600][49.523s][info][gc,stats    ]     CWR: CLDG Roots                 215 us, workers (us): ---, ---, 215, ---, ---, ---, 
[2026-04-03T02:18:07.622+0600][49.523s][info][gc,stats    ]   Rendezvous                        408 us
[2026-04-03T02:18:07.622+0600][49.523s][info][gc,stats    ] Concurrent Cleanup                 1081 us
[2026-04-03T02:18:07.622+0600][49.523s][info][gc,stats    ] Concurrent Class Unloading        22067 us
[2026-04-03T02:18:07.622+0600][49.523s][info][gc,stats    ]   Unlink Stale                    18632 us
[2026-04-03T02:18:07.622+0600][49.523s][info][gc,stats    ]     System Dictionary               333 us
[2026-04-03T02:18:07.622+0600][49.523s][info][gc,stats    ]     Weak Class Links                  0 us
[2026-04-03T02:18:07.622+0600][49.523s][info][gc,stats    ]     Code Roots                    18295 us
[2026-04-03T02:18:07.622+0600][49.523s][info][gc,stats    ]   Rendezvous                        585 us
[2026-04-03T02:18:07.622+0600][49.523s][info][gc,stats    ]   Purge Unlinked                   2695 us
[2026-04-03T02:18:07.622+0600][49.523s][info][gc,stats    ]     Code Roots                     2672 us
[2026-04-03T02:18:07.622+0600][49.523s][info][gc,stats    ]     CLDG                             22 us
[2026-04-03T02:18:07.622+0600][49.523s][info][gc,stats    ]     Exception Caches                  1 us
[2026-04-03T02:18:07.622+0600][49.523s][info][gc,stats    ] Concurrent Strong Roots            1885 us, parallelism: 0.72x
[2026-04-03T02:18:07.622+0600][49.523s][info][gc,stats    ]   CSR: <total>                     1365 us
[2026-04-03T02:18:07.622+0600][49.523s][info][gc,stats    ]   CSR: VM Strong Roots               75 us, workers (us):  37,  37,   0, ---, ---, ---, 
[2026-04-03T02:18:07.622+0600][49.523s][info][gc,stats    ]   CSR: CLDG Roots                  1291 us, workers (us): ---, 1291, ---, ---, ---, ---, 
[2026-04-03T02:18:07.622+0600][49.523s][info][gc,stats    ] Concurrent Evacuation              4120 us
[2026-04-03T02:18:07.622+0600][49.523s][info][gc,stats    ] Pause Init Update Refs (G)          513 us
[2026-04-03T02:18:07.622+0600][49.523s][info][gc,stats    ] Pause Init Update Refs (N)          163 us
[2026-04-03T02:18:07.622+0600][49.523s][info][gc,stats    ]   Manage GCLABs                      39 us
[2026-04-03T02:18:07.622+0600][49.523s][info][gc,stats    ] Concurrent Update Refs            44747 us
[2026-04-03T02:18:07.622+0600][49.523s][info][gc,stats    ] Concurrent Update Thread Roots     1884 us
[2026-04-03T02:18:07.622+0600][49.523s][info][gc,stats    ] Pause Final Update Refs (G)         874 us
[2026-04-03T02:18:07.622+0600][49.523s][info][gc,stats    ] Pause Final Update Refs (N)         313 us
[2026-04-03T02:18:07.622+0600][49.523s][info][gc,stats    ]   Update Region States               68 us
[2026-04-03T02:18:07.622+0600][49.523s][info][gc,stats    ]   Trash Collection Set               36 us
[2026-04-03T02:18:07.622+0600][49.523s][info][gc,stats    ]   Rebuild Free Set                   64 us
[2026-04-03T02:18:07.622+0600][49.524s][info][gc,stats    ] Concurrent Cleanup                  839 us
[2026-04-03T02:18:07.622+0600][49.524s][info][gc,stats    ] Pacing                           211950 us
[2026-04-03T02:18:07.622+0600][49.524s][info][gc,stats    ] 
[2026-04-03T02:18:07.622+0600][49.524s][info][gc,stats    ] Allocation pacing accrued:
[2026-04-03T02:18:07.622+0600][49.524s][info][gc,stats    ]      10 of   646 ms (  1.6%): dispatcher-event-loop-1
[2026-04-03T02:18:07.622+0600][49.524s][info][gc,stats    ]      11 of   646 ms (  1.7%): Spark Context Cleaner
[2026-04-03T02:18:07.622+0600][49.524s][info][gc,stats    ]      31 of   646 ms (  4.8%): Executor task launch worker for task 3.0 in stage 1385.0 (TID 2626)
[2026-04-03T02:18:07.623+0600][49.524s][info][gc,stats    ]      21 of   646 ms (  3.3%): Executor task launch worker for task 1.0 in stage 1385.0 (TID 2624)
[2026-04-03T02:18:07.623+0600][49.524s][info][gc,stats    ]      21 of   646 ms (  3.3%): Executor task launch worker for task 2.0 in stage 1385.0 (TID 2625)
[2026-04-03T02:18:07.623+0600][49.524s][info][gc,stats    ]      21 of   646 ms (  3.3%): Executor task launch worker for task 6.0 in stage 1385.0 (TID 2629)
[2026-04-03T02:18:07.623+0600][49.524s][info][gc,stats    ]      21 of   646 ms (  3.3%): Executor task launch worker for task 5.0 in stage 1385.0 (TID 2628)
[2026-04-03T02:18:07.623+0600][49.524s][info][gc,stats    ]      21 of   646 ms (  3.3%): Executor task launch worker for task 7.0 in stage 1385.0 (TID 2630)
[2026-04-03T02:18:07.623+0600][49.524s][info][gc,stats    ]      31 of   646 ms (  4.9%): Executor task launch worker for task 0.0 in stage 1385.0 (TID 2623)
[2026-04-03T02:18:07.623+0600][49.524s][info][gc,stats    ]      21 of   646 ms (  3.3%): Executor task launch worker for task 4.0 in stage 1385.0 (TID 2627)
[2026-04-03T02:18:07.623+0600][49.524s][info][gc,stats    ]     212 of   646 ms ( 32.8%): <total>
[2026-04-03T02:18:07.623+0600][49.524s][info][gc,stats    ]       1 of   646 ms (  0.1%): <average total>
[2026-04-03T02:18:07.623+0600][49.524s][info][gc,stats    ]      21 of   646 ms (  3.3%): <average non-zero>
[2026-04-03T02:18:07.623+0600][49.524s][info][gc,stats    ] 
[2026-04-03T02:18:07.623+0600][49.524s][info][gc,metaspace] Metaspace: 131011K(132288K)->131012K(132288K) NonClass: 114521K(115200K)->114521K(115200K) Class: 16490K(17088K)->16490K(17088K)
[2026-04-03T02:18:07.623+0600][49.524s][info][gc,ergo     ] Pacer for Idle. Initial: 15360K, Alloc Tax Rate: 1.0x
[2026-04-03T02:18:07.901+0600][49.802s][info][gc          ] Trigger: Average GC time (150.96 ms) is above the time for average allocation rate (1056 MB/s) to deplete free headroom (158M) (margin of error = 1.85)
[2026-04-03T02:18:07.901+0600][49.802s][info][gc,ergo     ] Free headroom: 196M (free) - 38400K (spike) - 0B (penalties) = 158M
[2026-04-03T02:18:07.901+0600][49.803s][info][gc,ergo     ] Free: 195M, Max: 256K regular, 81664K humongous, Frag: 60% external, 0% internal; Reserve: 38400K, Max: 256K
[2026-04-03T02:18:07.901+0600][49.803s][info][gc,start    ] GC(64) Concurrent reset
[2026-04-03T02:18:07.902+0600][49.803s][info][gc,task     ] GC(64) Using 3 of 6 workers for concurrent reset
[2026-04-03T02:18:07.902+0600][49.803s][info][gc,ergo     ] GC(64) Pacer for Reset. Non-Taxable: 750M
[2026-04-03T02:18:07.903+0600][49.804s][info][gc          ] GC(64) Concurrent reset 1.219ms
[2026-04-03T02:18:07.903+0600][49.804s][info][gc,start    ] GC(64) Pause Init Mark (unload classes)
[2026-04-03T02:18:07.903+0600][49.804s][info][gc,task     ] GC(64) Using 6 of 6 workers for init marking
[2026-04-03T02:18:07.903+0600][49.804s][info][gc,ergo     ] GC(64) Pacer for Mark. Expected Live: 90600K, Free: 194M, Non-Taxable: 19879K, Alloc Tax Rate: 0.6x
[2026-04-03T02:18:07.903+0600][49.804s][info][gc          ] GC(64) Pause Init Mark (unload classes) 0.125ms
[2026-04-03T02:18:07.903+0600][49.804s][info][gc,start    ] GC(64) Concurrent marking roots
[2026-04-03T02:18:07.903+0600][49.804s][info][gc,task     ] GC(64) Using 3 of 6 workers for concurrent marking roots
[2026-04-03T02:18:07.905+0600][49.806s][info][gc          ] GC(64) Concurrent marking roots 1.625ms
[2026-04-03T02:18:07.905+0600][49.806s][info][gc,start    ] GC(64) Concurrent marking (unload classes)
[2026-04-03T02:18:07.905+0600][49.806s][info][gc,task     ] GC(64) Using 3 of 6 workers for concurrent marking
[2026-04-03T02:18:07.967+0600][49.868s][info][gc          ] GC(64) Concurrent marking (unload classes) 62.001ms
[2026-04-03T02:18:07.967+0600][49.868s][info][gc,start    ] GC(64) Pause Final Mark (unload classes)
[2026-04-03T02:18:07.967+0600][49.868s][info][gc,task     ] GC(64) Using 6 of 6 workers for final marking
[2026-04-03T02:18:07.968+0600][49.869s][info][gc,ergo     ] GC(64) Adaptive CSet Selection. Target Free: 106M, Actual Free: 542M, Max CSet: 32000K, Min Garbage: 0B
[2026-04-03T02:18:07.968+0600][49.869s][info][gc,ergo     ] GC(64) Collectable Garbage: 395M (98%), Immediate: 345M (85%), CSet: 50898K (12%)
[2026-04-03T02:18:07.968+0600][49.869s][info][gc,ergo     ] GC(64) Pacer for Evacuation. Used CSet: 53763K, Free: 530M, Non-Taxable: 54332K, Alloc Tax Rate: 1.1x
[2026-04-03T02:18:07.968+0600][49.869s][info][gc          ] GC(64) Pause Final Mark (unload classes) 0.891ms
[2026-04-03T02:18:07.968+0600][49.869s][info][gc,start    ] GC(64) Concurrent thread roots
[2026-04-03T02:18:07.968+0600][49.869s][info][gc,task     ] GC(64) Using 3 of 6 workers for Concurrent thread roots
[2026-04-03T02:18:07.969+0600][49.870s][info][gc          ] GC(64) Concurrent thread roots 0.984ms
[2026-04-03T02:18:07.969+0600][49.870s][info][gc,start    ] GC(64) Concurrent weak references
[2026-04-03T02:18:07.969+0600][49.870s][info][gc,task     ] GC(64) Using 3 of 6 workers for concurrent weak references
[2026-04-03T02:18:07.970+0600][49.871s][info][gc,ref      ] GC(64) Encountered references: Soft: 3869, Weak: 15534, Final: 84, Phantom: 621
[2026-04-03T02:18:07.970+0600][49.871s][info][gc,ref      ] GC(64) Discovered  references: Soft: 0, Weak: 9117, Final: 84, Phantom: 578
[2026-04-03T02:18:07.970+0600][49.871s][info][gc,ref      ] GC(64) Enqueued    references: Soft: 0, Weak: 30, Final: 0, Phantom: 0
[2026-04-03T02:18:07.970+0600][49.871s][info][gc          ] GC(64) Concurrent weak references 1.007ms
[2026-04-03T02:18:07.970+0600][49.871s][info][gc,start    ] GC(64) Concurrent weak roots
[2026-04-03T02:18:07.970+0600][49.871s][info][gc,task     ] GC(64) Using 3 of 6 workers for concurrent weak root
[2026-04-03T02:18:07.976+0600][49.877s][info][gc          ] GC(64) Concurrent weak roots 5.347ms
[2026-04-03T02:18:07.976+0600][49.877s][info][gc,start    ] GC(64) Concurrent cleanup
[2026-04-03T02:18:07.976+0600][49.878s][info][gc          ] GC(64) Concurrent cleanup 530M->187M(659M) 0.808ms
[2026-04-03T02:18:07.976+0600][49.878s][info][gc,ergo     ] GC(64) Free: 520M, Max: 256K regular, 57600K humongous, Frag: 90% external, 0% internal; Reserve: 38043K, Max: 256K
[2026-04-03T02:18:07.976+0600][49.878s][info][gc,start    ] GC(64) Concurrent class unloading
[2026-04-03T02:18:07.977+0600][49.878s][info][gc,task     ] GC(64) Using 3 of 6 workers for concurrent class unloading
[2026-04-03T02:18:07.992+0600][49.893s][info][gc          ] GC(64) Concurrent class unloading 15.707ms
[2026-04-03T02:18:07.992+0600][49.893s][info][gc,start    ] GC(64) Concurrent strong roots
[2026-04-03T02:18:07.992+0600][49.893s][info][gc,task     ] GC(64) Using 3 of 6 workers for concurrent strong root
[2026-04-03T02:18:07.994+0600][49.895s][info][gc          ] GC(64) Concurrent strong roots 1.461ms
[2026-04-03T02:18:07.994+0600][49.895s][info][gc,start    ] GC(64) Concurrent evacuation
[2026-04-03T02:18:07.994+0600][49.895s][info][gc,task     ] GC(64) Using 3 of 6 workers for concurrent evacuation
[2026-04-03T02:18:07.996+0600][49.897s][info][gc          ] GC(64) Concurrent evacuation 2.065ms
[2026-04-03T02:18:07.996+0600][49.897s][info][gc,start    ] GC(64) Pause Init Update Refs
[2026-04-03T02:18:07.996+0600][49.897s][info][gc,ergo     ] GC(64) Pacer for Update Refs. Used: 200M, Free: 510M, Non-Taxable: 52275K, Alloc Tax Rate: 1.1x
[2026-04-03T02:18:07.996+0600][49.897s][info][gc          ] GC(64) Pause Init Update Refs 0.107ms
[2026-04-03T02:18:07.996+0600][49.898s][info][gc,start    ] GC(64) Concurrent update references
[2026-04-03T02:18:07.996+0600][49.898s][info][gc,task     ] GC(64) Using 3 of 6 workers for concurrent reference update
[2026-04-03T02:18:08.047+0600][49.948s][info][gc          ] GC(64) Concurrent update references 50.142ms
[2026-04-03T02:18:08.047+0600][49.948s][info][gc,start    ] GC(64) Concurrent update thread roots
[2026-04-03T02:18:08.048+0600][49.949s][info][gc          ] GC(64) Concurrent update thread roots 1.292ms
[2026-04-03T02:18:08.048+0600][49.949s][info][gc,start    ] GC(64) Pause Final Update Refs
[2026-04-03T02:18:08.048+0600][49.949s][info][gc,task     ] GC(64) Using 6 of 6 workers for final reference update
[2026-04-03T02:18:08.048+0600][49.949s][info][gc          ] GC(64) Pause Final Update Refs 0.177ms
[2026-04-03T02:18:08.048+0600][49.950s][info][gc,start    ] GC(64) Concurrent cleanup
[2026-04-03T02:18:08.049+0600][49.950s][info][gc          ] GC(64) Concurrent cleanup 236M->184M(659M) 0.574ms
[2026-04-03T02:18:08.049+0600][49.950s][info][gc,ergo     ] Free: 521M, Max: 256K regular, 203M humongous, Frag: 61% external, 0% internal; Reserve: 38400K, Max: 256K
[2026-04-03T02:18:08.049+0600][49.950s][info][gc,stats    ] 
[2026-04-03T02:18:08.049+0600][49.950s][info][gc,stats    ] All times are wall-clock times, except per-root-class counters, that are sum over
[2026-04-03T02:18:08.049+0600][49.950s][info][gc,stats    ] all workers. Dividing the <total> over the root stage time estimates parallelism.
[2026-04-03T02:18:08.049+0600][49.950s][info][gc,stats    ] 
[2026-04-03T02:18:08.049+0600][49.950s][info][gc,stats    ] Concurrent Reset                   1272 us
[2026-04-03T02:18:08.049+0600][49.950s][info][gc,stats    ] Pause Init Mark (G)                 390 us
[2026-04-03T02:18:08.049+0600][49.950s][info][gc,stats    ] Pause Init Mark (N)                 156 us
[2026-04-03T02:18:08.049+0600][49.950s][info][gc,stats    ]   Update Region States               30 us
[2026-04-03T02:18:08.049+0600][49.950s][info][gc,stats    ] Concurrent Mark Roots              1706 us, parallelism: 2.08x
[2026-04-03T02:18:08.049+0600][49.950s][info][gc,stats    ]   CMR: <total>                     3547 us
[2026-04-03T02:18:08.049+0600][49.950s][info][gc,stats    ]   CMR: Thread Roots                2958 us, workers (us): 1153, 644, 1161, ---, ---, ---, 
[2026-04-03T02:18:08.049+0600][49.950s][info][gc,stats    ]   CMR: VM Strong Roots               73 us, workers (us):  31,  27,  15, ---, ---, ---, 
[2026-04-03T02:18:08.049+0600][49.950s][info][gc,stats    ]   CMR: CLDG Roots                   516 us, workers (us): ---, 516, ---, ---, ---, ---, 
[2026-04-03T02:18:08.049+0600][49.950s][info][gc,stats    ] Concurrent Marking                62071 us
[2026-04-03T02:18:08.049+0600][49.950s][info][gc,stats    ] Pause Final Mark (G)               1213 us
[2026-04-03T02:18:08.049+0600][49.950s][info][gc,stats    ] Pause Final Mark (N)                905 us
[2026-04-03T02:18:08.049+0600][49.950s][info][gc,stats    ]   Finish Mark                       423 us
[2026-04-03T02:18:08.049+0600][49.950s][info][gc,stats    ]   Update Region States               42 us
[2026-04-03T02:18:08.049+0600][49.950s][info][gc,stats    ]   Choose Collection Set             267 us
[2026-04-03T02:18:08.049+0600][49.950s][info][gc,stats    ]   Rebuild Free Set                   38 us
[2026-04-03T02:18:08.049+0600][49.950s][info][gc,stats    ] Concurrent Thread Roots            1009 us, parallelism: 2.36x
[2026-04-03T02:18:08.049+0600][49.950s][info][gc,stats    ]   CTR: <total>                     2383 us
[2026-04-03T02:18:08.049+0600][49.950s][info][gc,stats    ]   CTR: Thread Roots                2383 us, workers (us): 872, 753, 757, ---, ---, ---, 
[2026-04-03T02:18:08.049+0600][49.950s][info][gc,stats    ] Concurrent Weak References         1017 us, parallelism: 1.11x
[2026-04-03T02:18:08.049+0600][49.950s][info][gc,stats    ]   CWRF: <total>                    1128 us
[2026-04-03T02:18:08.049+0600][49.950s][info][gc,stats    ]   CWRF: Weak References            1128 us, workers (us): 297, 756,  75, ---, ---, ---, 
[2026-04-03T02:18:08.049+0600][49.951s][info][gc,stats    ] Concurrent Weak Roots              5417 us
[2026-04-03T02:18:08.049+0600][49.951s][info][gc,stats    ]   Roots                            4975 us, parallelism: 2.77x
[2026-04-03T02:18:08.049+0600][49.951s][info][gc,stats    ]     CWR: <total>                  13793 us
[2026-04-03T02:18:08.049+0600][49.951s][info][gc,stats    ]     CWR: Code Cache Roots         11133 us, workers (us): 3758, 3551, 3824, ---, ---, ---, 
[2026-04-03T02:18:08.049+0600][49.951s][info][gc,stats    ]     CWR: VM Weak Roots             2494 us, workers (us): 844, 838, 811, ---, ---, ---, 
[2026-04-03T02:18:08.049+0600][49.951s][info][gc,stats    ]     CWR: CLDG Roots                 167 us, workers (us): ---, 167, ---, ---, ---, ---, 
[2026-04-03T02:18:08.049+0600][49.951s][info][gc,stats    ]   Rendezvous                        345 us
[2026-04-03T02:18:08.049+0600][49.951s][info][gc,stats    ] Concurrent Cleanup                  835 us
[2026-04-03T02:18:08.049+0600][49.951s][info][gc,stats    ] Concurrent Class Unloading        15801 us
[2026-04-03T02:18:08.050+0600][49.951s][info][gc,stats    ]   Unlink Stale                    13758 us
[2026-04-03T02:18:08.050+0600][49.951s][info][gc,stats    ]     System Dictionary               327 us
[2026-04-03T02:18:08.050+0600][49.951s][info][gc,stats    ]     Weak Class Links                  1 us
[2026-04-03T02:18:08.050+0600][49.951s][info][gc,stats    ]     Code Roots                    13427 us
[2026-04-03T02:18:08.050+0600][49.951s][info][gc,stats    ]   Rendezvous                        525 us
[2026-04-03T02:18:08.050+0600][49.951s][info][gc,stats    ]   Purge Unlinked                   1394 us
[2026-04-03T02:18:08.050+0600][49.951s][info][gc,stats    ]     Code Roots                     1379 us
[2026-04-03T02:18:08.050+0600][49.951s][info][gc,stats    ]     CLDG                             13 us
[2026-04-03T02:18:08.050+0600][49.951s][info][gc,stats    ]     Exception Caches                  0 us
[2026-04-03T02:18:08.050+0600][49.951s][info][gc,stats    ] Concurrent Strong Roots            1649 us, parallelism: 0.68x
[2026-04-03T02:18:08.050+0600][49.951s][info][gc,stats    ]   CSR: <total>                     1114 us
[2026-04-03T02:18:08.050+0600][49.951s][info][gc,stats    ]   CSR: VM Strong Roots               45 us, workers (us):  41,   4,   0, ---, ---, ---, 
[2026-04-03T02:18:08.050+0600][49.951s][info][gc,stats    ]   CSR: CLDG Roots                  1069 us, workers (us): ---, 1069, ---, ---, ---, ---, 
[2026-04-03T02:18:08.050+0600][49.951s][info][gc,stats    ] Concurrent Evacuation              2128 us
[2026-04-03T02:18:08.050+0600][49.951s][info][gc,stats    ] Pause Init Update Refs (G)          328 us
[2026-04-03T02:18:08.050+0600][49.951s][info][gc,stats    ] Pause Init Update Refs (N)          121 us
[2026-04-03T02:18:08.050+0600][49.951s][info][gc,stats    ]   Manage GCLABs                      22 us
[2026-04-03T02:18:08.050+0600][49.951s][info][gc,stats    ] Concurrent Update Refs            50211 us
[2026-04-03T02:18:08.050+0600][49.951s][info][gc,stats    ] Concurrent Update Thread Roots     1347 us
[2026-04-03T02:18:08.050+0600][49.951s][info][gc,stats    ] Pause Final Update Refs (G)         420 us
[2026-04-03T02:18:08.050+0600][49.951s][info][gc,stats    ] Pause Final Update Refs (N)         189 us
[2026-04-03T02:18:08.050+0600][49.951s][info][gc,stats    ]   Update Region States               50 us
[2026-04-03T02:18:08.050+0600][49.951s][info][gc,stats    ]   Trash Collection Set               13 us
[2026-04-03T02:18:08.050+0600][49.951s][info][gc,stats    ]   Rebuild Free Set                   41 us
[2026-04-03T02:18:08.050+0600][49.951s][info][gc,stats    ] Concurrent Cleanup                  596 us
[2026-04-03T02:18:08.050+0600][49.951s][info][gc,stats    ] Pacing                           140018 us
[2026-04-03T02:18:08.050+0600][49.951s][info][gc,stats    ] 
[2026-04-03T02:18:08.050+0600][49.951s][info][gc,stats    ] Allocation pacing accrued:
[2026-04-03T02:18:08.050+0600][49.951s][info][gc,stats    ]      10 of   427 ms (  2.4%): Spark Context Cleaner
[2026-04-03T02:18:08.050+0600][49.951s][info][gc,stats    ]      11 of   427 ms (  2.6%): Executor task launch worker for task 5.0 in stage 1395.0 (TID 2708)
[2026-04-03T02:18:08.050+0600][49.951s][info][gc,stats    ]      19 of   427 ms (  4.5%): Executor task launch worker for task 1.0 in stage 1395.0 (TID 2704)
[2026-04-03T02:18:08.050+0600][49.951s][info][gc,stats    ]      19 of   427 ms (  4.5%): Executor task launch worker for task 0.0 in stage 1395.0 (TID 2703)
[2026-04-03T02:18:08.050+0600][49.951s][info][gc,stats    ]      19 of   427 ms (  4.5%): Executor task launch worker for task 2.0 in stage 1395.0 (TID 2705)
[2026-04-03T02:18:08.050+0600][49.951s][info][gc,stats    ]      20 of   427 ms (  4.6%): Executor task launch worker for task 3.0 in stage 1395.0 (TID 2706)
[2026-04-03T02:18:08.050+0600][49.951s][info][gc,stats    ]      11 of   427 ms (  2.6%): Executor task launch worker for task 6.0 in stage 1395.0 (TID 2709)
[2026-04-03T02:18:08.050+0600][49.951s][info][gc,stats    ]      17 of   427 ms (  3.9%): Executor task launch worker for task 4.0 in stage 1395.0 (TID 2707)
[2026-04-03T02:18:08.050+0600][49.951s][info][gc,stats    ]       7 of   427 ms (  1.7%): task-result-getter-1
[2026-04-03T02:18:08.050+0600][49.951s][info][gc,stats    ]       7 of   427 ms (  1.6%): task-result-getter-2
[2026-04-03T02:18:08.050+0600][49.951s][info][gc,stats    ]     140 of   427 ms ( 32.8%): <total>
[2026-04-03T02:18:08.050+0600][49.951s][info][gc,stats    ]       0 of   427 ms (  0.1%): <average total>
[2026-04-03T02:18:08.050+0600][49.951s][info][gc,stats    ]      14 of   427 ms (  3.3%): <average non-zero>
[2026-04-03T02:18:08.050+0600][49.951s][info][gc,stats    ] 
[2026-04-03T02:18:08.050+0600][49.951s][info][gc,metaspace] Metaspace: 131015K(132288K)->131033K(132288K) NonClass: 114525K(115200K)->114542K(115200K) Class: 16490K(17088K)->16491K(17088K)
[2026-04-03T02:18:08.050+0600][49.951s][info][gc,ergo     ] Pacer for Idle. Initial: 15360K, Alloc Tax Rate: 1.0x
[2026-04-03T02:18:08.418+0600][50.319s][info][gc          ] Trigger: Average GC time (158.36 ms) is above the time for average allocation rate (900 MB/s) to deplete free headroom (141M) (margin of error = 1.85)
[2026-04-03T02:18:08.418+0600][50.319s][info][gc,ergo     ] Free headroom: 179M (free) - 38400K (spike) - 0B (penalties) = 141M
[2026-04-03T02:18:08.418+0600][50.319s][info][gc,ergo     ] Free: 179M, Max: 256K regular, 64256K humongous, Frag: 65% external, 0% internal; Reserve: 38400K, Max: 256K
[2026-04-03T02:18:08.418+0600][50.319s][info][gc,start    ] GC(65) Concurrent reset
[2026-04-03T02:18:08.418+0600][50.319s][info][gc,task     ] GC(65) Using 3 of 6 workers for concurrent reset
[2026-04-03T02:18:08.418+0600][50.319s][info][gc,ergo     ] GC(65) Pacer for Reset. Non-Taxable: 750M
[2026-04-03T02:18:08.419+0600][50.320s][info][gc          ] GC(65) Concurrent reset 1.086ms
[2026-04-03T02:18:08.419+0600][50.320s][info][gc,start    ] GC(65) Pause Init Mark (unload classes)
[2026-04-03T02:18:08.419+0600][50.321s][info][gc,task     ] GC(65) Using 6 of 6 workers for init marking
[2026-04-03T02:18:08.419+0600][50.321s][info][gc,ergo     ] GC(65) Pacer for Mark. Expected Live: 90615K, Free: 178M, Non-Taxable: 18235K, Alloc Tax Rate: 0.6x
[2026-04-03T02:18:08.419+0600][50.321s][info][gc          ] GC(65) Pause Init Mark (unload classes) 0.146ms
[2026-04-03T02:18:08.420+0600][50.321s][info][gc,start    ] GC(65) Concurrent marking roots
[2026-04-03T02:18:08.420+0600][50.321s][info][gc,task     ] GC(65) Using 3 of 6 workers for concurrent marking roots
[2026-04-03T02:18:08.422+0600][50.323s][info][gc          ] GC(65) Concurrent marking roots 2.049ms
[2026-04-03T02:18:08.422+0600][50.323s][info][gc,start    ] GC(65) Concurrent marking (unload classes)
[2026-04-03T02:18:08.422+0600][50.323s][info][gc,task     ] GC(65) Using 3 of 6 workers for concurrent marking
[2026-04-03T02:18:08.478+0600][50.379s][info][gc          ] GC(65) Concurrent marking (unload classes) 56.455ms
[2026-04-03T02:18:08.478+0600][50.379s][info][gc,start    ] GC(65) Pause Final Mark (unload classes)
[2026-04-03T02:18:08.478+0600][50.379s][info][gc,task     ] GC(65) Using 6 of 6 workers for final marking
[2026-04-03T02:18:08.479+0600][50.380s][info][gc,ergo     ] GC(65) Adaptive CSet Selection. Target Free: 106M, Actual Free: 481M, Max CSet: 32000K, Min Garbage: 0B
[2026-04-03T02:18:08.479+0600][50.380s][info][gc,ergo     ] GC(65) Collectable Garbage: 408M (98%), Immediate: 295M (70%), CSet: 113M (27%)
[2026-04-03T02:18:08.479+0600][50.380s][info][gc,ergo     ] GC(65) Pacer for Evacuation. Used CSet: 118M, Free: 469M, Non-Taxable: 48069K, Alloc Tax Rate: 1.1x
[2026-04-03T02:18:08.479+0600][50.380s][info][gc          ] GC(65) Pause Final Mark (unload classes) 0.839ms
[2026-04-03T02:18:08.479+0600][50.380s][info][gc,start    ] GC(65) Concurrent thread roots
[2026-04-03T02:18:08.479+0600][50.380s][info][gc,task     ] GC(65) Using 3 of 6 workers for Concurrent thread roots
[2026-04-03T02:18:08.480+0600][50.381s][info][gc          ] GC(65) Concurrent thread roots 1.024ms
[2026-04-03T02:18:08.480+0600][50.381s][info][gc,start    ] GC(65) Concurrent weak references
[2026-04-03T02:18:08.480+0600][50.381s][info][gc,task     ] GC(65) Using 3 of 6 workers for concurrent weak references
[2026-04-03T02:18:08.481+0600][50.382s][info][gc,ref      ] GC(65) Encountered references: Soft: 3873, Weak: 16471, Final: 84, Phantom: 626
[2026-04-03T02:18:08.481+0600][50.382s][info][gc,ref      ] GC(65) Discovered  references: Soft: 0, Weak: 9868, Final: 52, Phantom: 581
[2026-04-03T02:18:08.481+0600][50.382s][info][gc,ref      ] GC(65) Enqueued    references: Soft: 0, Weak: 1728, Final: 0, Phantom: 0
[2026-04-03T02:18:08.481+0600][50.382s][info][gc          ] GC(65) Concurrent weak references 0.890ms
[2026-04-03T02:18:08.481+0600][50.382s][info][gc,start    ] GC(65) Concurrent weak roots
[2026-04-03T02:18:08.481+0600][50.382s][info][gc,task     ] GC(65) Using 3 of 6 workers for concurrent weak root
[2026-04-03T02:18:08.485+0600][50.386s][info][gc          ] GC(65) Concurrent weak roots 3.617ms
[2026-04-03T02:18:08.485+0600][50.386s][info][gc,start    ] GC(65) Concurrent cleanup
[2026-04-03T02:18:08.486+0600][50.387s][info][gc          ] GC(65) Concurrent cleanup 542M->247M(659M) 0.741ms
[2026-04-03T02:18:08.486+0600][50.387s][info][gc,ergo     ] GC(65) Free: 462M, Max: 256K regular, 57600K humongous, Frag: 88% external, 0% internal; Reserve: 37979K, Max: 256K
[2026-04-03T02:18:08.486+0600][50.387s][info][gc,start    ] GC(65) Concurrent class unloading
[2026-04-03T02:18:08.486+0600][50.387s][info][gc,task     ] GC(65) Using 3 of 6 workers for concurrent class unloading
[2026-04-03T02:18:08.502+0600][50.404s][info][gc          ] GC(65) Concurrent class unloading 16.710ms
[2026-04-03T02:18:08.502+0600][50.404s][info][gc,start    ] GC(65) Concurrent strong roots
[2026-04-03T02:18:08.502+0600][50.404s][info][gc,task     ] GC(65) Using 3 of 6 workers for concurrent strong root
[2026-04-03T02:18:08.504+0600][50.405s][info][gc          ] GC(65) Concurrent strong roots 1.276ms
[2026-04-03T02:18:08.504+0600][50.405s][info][gc,start    ] GC(65) Concurrent evacuation
[2026-04-03T02:18:08.504+0600][50.405s][info][gc,task     ] GC(65) Using 3 of 6 workers for concurrent evacuation
[2026-04-03T02:18:08.506+0600][50.407s][info][gc          ] GC(65) Concurrent evacuation 2.445ms
[2026-04-03T02:18:08.507+0600][50.408s][info][gc,start    ] GC(65) Pause Init Update Refs
[2026-04-03T02:18:08.507+0600][50.408s][info][gc,ergo     ] GC(65) Pacer for Update Refs. Used: 266M, Free: 448M, Non-Taxable: 45880K, Alloc Tax Rate: 1.1x
[2026-04-03T02:18:08.507+0600][50.408s][info][gc          ] GC(65) Pause Init Update Refs 0.131ms
[2026-04-03T02:18:08.507+0600][50.408s][info][gc,start    ] GC(65) Concurrent update references
[2026-04-03T02:18:08.507+0600][50.408s][info][gc,task     ] GC(65) Using 3 of 6 workers for concurrent reference update
[2026-04-03T02:18:08.561+0600][50.462s][info][gc          ] GC(65) Concurrent update references 54.146ms
[2026-04-03T02:18:08.561+0600][50.462s][info][gc,start    ] GC(65) Concurrent update thread roots
[2026-04-03T02:18:08.563+0600][50.464s][info][gc          ] GC(65) Concurrent update thread roots 1.796ms
[2026-04-03T02:18:08.563+0600][50.464s][info][gc,start    ] GC(65) Pause Final Update Refs
[2026-04-03T02:18:08.563+0600][50.464s][info][gc,task     ] GC(65) Using 6 of 6 workers for final reference update
[2026-04-03T02:18:08.563+0600][50.465s][info][gc          ] GC(65) Pause Final Update Refs 0.267ms
[2026-04-03T02:18:08.564+0600][50.465s][info][gc,start    ] GC(65) Concurrent cleanup
[2026-04-03T02:18:08.564+0600][50.465s][info][gc          ] GC(65) Concurrent cleanup 311M->194M(659M) 0.753ms
[2026-04-03T02:18:08.564+0600][50.465s][info][gc,ergo     ] Free: 514M, Max: 256K regular, 249M humongous, Frag: 52% external, 0% internal; Reserve: 38400K, Max: 256K
[2026-04-03T02:18:08.564+0600][50.466s][info][gc,stats    ] 
[2026-04-03T02:18:08.564+0600][50.466s][info][gc,stats    ] All times are wall-clock times, except per-root-class counters, that are sum over
[2026-04-03T02:18:08.564+0600][50.466s][info][gc,stats    ] all workers. Dividing the <total> over the root stage time estimates parallelism.
[2026-04-03T02:18:08.564+0600][50.466s][info][gc,stats    ] 
[2026-04-03T02:18:08.564+0600][50.466s][info][gc,stats    ] Concurrent Reset                   1168 us
[2026-04-03T02:18:08.564+0600][50.466s][info][gc,stats    ] Pause Init Mark (G)                 502 us
[2026-04-03T02:18:08.564+0600][50.466s][info][gc,stats    ] Pause Init Mark (N)                 156 us
[2026-04-03T02:18:08.565+0600][50.466s][info][gc,stats    ]   Update Region States               32 us
[2026-04-03T02:18:08.565+0600][50.466s][info][gc,stats    ] Concurrent Mark Roots              2097 us, parallelism: 1.47x
[2026-04-03T02:18:08.565+0600][50.466s][info][gc,stats    ]   CMR: <total>                     3076 us
[2026-04-03T02:18:08.565+0600][50.466s][info][gc,stats    ]   CMR: Thread Roots                2556 us, workers (us): 1055, 1501,   0, ---, ---, ---, 
[2026-04-03T02:18:08.565+0600][50.466s][info][gc,stats    ]   CMR: VM Strong Roots               66 us, workers (us):  40,  26,   0, ---, ---, ---, 
[2026-04-03T02:18:08.565+0600][50.466s][info][gc,stats    ]   CMR: CLDG Roots                   454 us, workers (us): 454, ---, ---, ---, ---, ---, 
[2026-04-03T02:18:08.565+0600][50.466s][info][gc,stats    ] Concurrent Marking                56510 us
[2026-04-03T02:18:08.565+0600][50.466s][info][gc,stats    ] Pause Final Mark (G)               1077 us
[2026-04-03T02:18:08.565+0600][50.466s][info][gc,stats    ] Pause Final Mark (N)                850 us
[2026-04-03T02:18:08.565+0600][50.466s][info][gc,stats    ]   Finish Mark                       374 us
[2026-04-03T02:18:08.565+0600][50.466s][info][gc,stats    ]   Update Region States               39 us
[2026-04-03T02:18:08.565+0600][50.466s][info][gc,stats    ]   Choose Collection Set             312 us
[2026-04-03T02:18:08.565+0600][50.466s][info][gc,stats    ]   Rebuild Free Set                   34 us
[2026-04-03T02:18:08.565+0600][50.466s][info][gc,stats    ] Concurrent Thread Roots            1070 us, parallelism: 2.17x
[2026-04-03T02:18:08.565+0600][50.466s][info][gc,stats    ]   CTR: <total>                     2321 us
[2026-04-03T02:18:08.565+0600][50.466s][info][gc,stats    ]   CTR: Thread Roots                2321 us, workers (us): 813, 753, 755, ---, ---, ---, 
[2026-04-03T02:18:08.565+0600][50.466s][info][gc,stats    ] Concurrent Weak References          899 us, parallelism: 1.36x
[2026-04-03T02:18:08.565+0600][50.466s][info][gc,stats    ]   CWRF: <total>                    1219 us
[2026-04-03T02:18:08.565+0600][50.466s][info][gc,stats    ]   CWRF: Weak References            1219 us, workers (us): 707, 242, 270, ---, ---, ---, 
[2026-04-03T02:18:08.565+0600][50.466s][info][gc,stats    ] Concurrent Weak Roots              3659 us
[2026-04-03T02:18:08.565+0600][50.466s][info][gc,stats    ]   Roots                            3302 us, parallelism: 2.76x
[2026-04-03T02:18:08.565+0600][50.466s][info][gc,stats    ]     CWR: <total>                   9112 us
[2026-04-03T02:18:08.565+0600][50.466s][info][gc,stats    ]     CWR: Code Cache Roots          7177 us, workers (us): 2309, 2436, 2431, ---, ---, ---, 
[2026-04-03T02:18:08.565+0600][50.466s][info][gc,stats    ]     CWR: VM Weak Roots             1770 us, workers (us): 594, 593, 584, ---, ---, ---, 
[2026-04-03T02:18:08.565+0600][50.466s][info][gc,stats    ]     CWR: CLDG Roots                 165 us, workers (us): 165, ---, ---, ---, ---, ---, 
[2026-04-03T02:18:08.565+0600][50.466s][info][gc,stats    ]   Rendezvous                        296 us
[2026-04-03T02:18:08.565+0600][50.466s][info][gc,stats    ] Concurrent Cleanup                  759 us
[2026-04-03T02:18:08.565+0600][50.466s][info][gc,stats    ] Concurrent Class Unloading        16792 us
[2026-04-03T02:18:08.565+0600][50.466s][info][gc,stats    ]   Unlink Stale                    14947 us
[2026-04-03T02:18:08.565+0600][50.466s][info][gc,stats    ]     System Dictionary               219 us
[2026-04-03T02:18:08.565+0600][50.466s][info][gc,stats    ]     Weak Class Links                  0 us
[2026-04-03T02:18:08.565+0600][50.466s][info][gc,stats    ]     Code Roots                    14724 us
[2026-04-03T02:18:08.565+0600][50.466s][info][gc,stats    ]   Rendezvous                        548 us
[2026-04-03T02:18:08.565+0600][50.466s][info][gc,stats    ]   Purge Unlinked                   1169 us
[2026-04-03T02:18:08.565+0600][50.466s][info][gc,stats    ]     Code Roots                     1151 us
[2026-04-03T02:18:08.565+0600][50.466s][info][gc,stats    ]     CLDG                             16 us
[2026-04-03T02:18:08.565+0600][50.466s][info][gc,stats    ]     Exception Caches                  0 us
[2026-04-03T02:18:08.565+0600][50.466s][info][gc,stats    ] Concurrent Strong Roots            1336 us, parallelism: 0.64x
[2026-04-03T02:18:08.565+0600][50.466s][info][gc,stats    ]   CSR: <total>                      858 us
[2026-04-03T02:18:08.565+0600][50.466s][info][gc,stats    ]   CSR: VM Strong Roots               47 us, workers (us):  24,  22,   0, ---, ---, ---, 
[2026-04-03T02:18:08.565+0600][50.466s][info][gc,stats    ]   CSR: CLDG Roots                   811 us, workers (us): 811, ---, ---, ---, ---, ---, 
[2026-04-03T02:18:08.565+0600][50.466s][info][gc,stats    ] Concurrent Evacuation              2513 us
[2026-04-03T02:18:08.565+0600][50.466s][info][gc,stats    ] Pause Init Update Refs (G)          413 us
[2026-04-03T02:18:08.565+0600][50.466s][info][gc,stats    ] Pause Init Update Refs (N)          143 us
[2026-04-03T02:18:08.565+0600][50.466s][info][gc,stats    ]   Manage GCLABs                      51 us
[2026-04-03T02:18:08.565+0600][50.466s][info][gc,stats    ] Concurrent Update Refs            54251 us
[2026-04-03T02:18:08.565+0600][50.466s][info][gc,stats    ] Concurrent Update Thread Roots     1844 us
[2026-04-03T02:18:08.565+0600][50.466s][info][gc,stats    ] Pause Final Update Refs (G)         656 us
[2026-04-03T02:18:08.565+0600][50.466s][info][gc,stats    ] Pause Final Update Refs (N)         291 us
[2026-04-03T02:18:08.565+0600][50.466s][info][gc,stats    ]   Update Region States               66 us
[2026-04-03T02:18:08.565+0600][50.466s][info][gc,stats    ]   Trash Collection Set               26 us
[2026-04-03T02:18:08.565+0600][50.466s][info][gc,stats    ]   Rebuild Free Set                   60 us
[2026-04-03T02:18:08.565+0600][50.466s][info][gc,stats    ] Concurrent Cleanup                  798 us
[2026-04-03T02:18:08.565+0600][50.466s][info][gc,stats    ] Pacing                           172141 us
[2026-04-03T02:18:08.565+0600][50.466s][info][gc,stats    ] 
[2026-04-03T02:18:08.565+0600][50.466s][info][gc,stats    ] Allocation pacing accrued:
[2026-04-03T02:18:08.565+0600][50.466s][info][gc,stats    ]      26 of   515 ms (  5.0%): Executor task launch worker for task 0.0 in stage 1502.0 (TID 2767)
[2026-04-03T02:18:08.565+0600][50.466s][info][gc,stats    ]      26 of   515 ms (  5.0%): Executor task launch worker for task 1.0 in stage 1502.0 (TID 2768)
[2026-04-03T02:18:08.565+0600][50.466s][info][gc,stats    ]      26 of   515 ms (  5.0%): Executor task launch worker for task 4.0 in stage 1502.0 (TID 2771)
[2026-04-03T02:18:08.565+0600][50.466s][info][gc,stats    ]      26 of   515 ms (  5.0%): Executor task launch worker for task 2.0 in stage 1502.0 (TID 2769)
[2026-04-03T02:18:08.565+0600][50.466s][info][gc,stats    ]      26 of   515 ms (  5.1%): Executor task launch worker for task 3.0 in stage 1502.0 (TID 2770)
[2026-04-03T02:18:08.565+0600][50.466s][info][gc,stats    ]      21 of   515 ms (  4.1%): task-result-getter-0
[2026-04-03T02:18:08.565+0600][50.466s][info][gc,stats    ]      21 of   515 ms (  4.2%): task-result-getter-2
[2026-04-03T02:18:08.565+0600][50.467s][info][gc,stats    ]     172 of   515 ms ( 33.4%): <total>
[2026-04-03T02:18:08.565+0600][50.467s][info][gc,stats    ]       1 of   515 ms (  0.1%): <average total>
[2026-04-03T02:18:08.565+0600][50.467s][info][gc,stats    ]      25 of   515 ms (  4.8%): <average non-zero>
[2026-04-03T02:18:08.565+0600][50.467s][info][gc,stats    ] 
[2026-04-03T02:18:08.565+0600][50.467s][info][gc,metaspace] Metaspace: 131081K(132288K)->131083K(132288K) NonClass: 114586K(115200K)->114587K(115200K) Class: 16494K(17088K)->16495K(17088K)
[2026-04-03T02:18:08.566+0600][50.467s][info][gc,ergo     ] Pacer for Idle. Initial: 15360K, Alloc Tax Rate: 1.0x
[2026-04-03T02:18:08.824+0600][50.726s][info][gc          ] Trigger: Average GC time (157.22 ms) is above the time for average allocation rate (1061 MB/s) to deplete free headroom (166M) (margin of error = 1.85)
[2026-04-03T02:18:08.825+0600][50.726s][info][gc,ergo     ] Free headroom: 204M (free) - 38400K (spike) - 0B (penalties) = 166M
[2026-04-03T02:18:08.825+0600][50.726s][info][gc,ergo     ] Free: 204M, Max: 256K regular, 65024K humongous, Frag: 69% external, 2% internal; Reserve: 38400K, Max: 256K
[2026-04-03T02:18:08.825+0600][50.726s][info][gc,start    ] GC(66) Concurrent reset
[2026-04-03T02:18:08.825+0600][50.726s][info][gc,task     ] GC(66) Using 3 of 6 workers for concurrent reset
[2026-04-03T02:18:08.825+0600][50.726s][info][gc,ergo     ] GC(66) Pacer for Reset. Non-Taxable: 750M
[2026-04-03T02:18:08.826+0600][50.727s][info][gc          ] GC(66) Concurrent reset 1.168ms
[2026-04-03T02:18:08.826+0600][50.727s][info][gc,start    ] GC(66) Pause Init Mark (unload classes)
[2026-04-03T02:18:08.826+0600][50.727s][info][gc,task     ] GC(66) Using 6 of 6 workers for init marking
[2026-04-03T02:18:08.826+0600][50.727s][info][gc,ergo     ] GC(66) Pacer for Mark. Expected Live: 91063K, Free: 202M, Non-Taxable: 20768K, Alloc Tax Rate: 0.5x
[2026-04-03T02:18:08.826+0600][50.727s][info][gc          ] GC(66) Pause Init Mark (unload classes) 0.127ms
[2026-04-03T02:18:08.826+0600][50.727s][info][gc,start    ] GC(66) Concurrent marking roots
[2026-04-03T02:18:08.826+0600][50.727s][info][gc,task     ] GC(66) Using 3 of 6 workers for concurrent marking roots
[2026-04-03T02:18:08.828+0600][50.730s][info][gc          ] GC(66) Concurrent marking roots 2.112ms
[2026-04-03T02:18:08.828+0600][50.730s][info][gc,start    ] GC(66) Concurrent marking (unload classes)
[2026-04-03T02:18:08.829+0600][50.730s][info][gc,task     ] GC(66) Using 3 of 6 workers for concurrent marking
[2026-04-03T02:18:08.885+0600][50.786s][info][gc          ] GC(66) Concurrent marking (unload classes) 56.109ms
[2026-04-03T02:18:08.885+0600][50.786s][info][gc,start    ] GC(66) Pause Final Mark (unload classes)
[2026-04-03T02:18:08.885+0600][50.786s][info][gc,task     ] GC(66) Using 6 of 6 workers for final marking
[2026-04-03T02:18:08.885+0600][50.786s][info][gc,ergo     ] GC(66) Adaptive CSet Selection. Target Free: 106M, Actual Free: 553M, Max CSet: 32000K, Min Garbage: 0B
[2026-04-03T02:18:08.886+0600][50.787s][info][gc,ergo     ] GC(66) Collectable Garbage: 396M (97%), Immediate: 349M (86%), CSet: 48562K (11%)
[2026-04-03T02:18:08.886+0600][50.787s][info][gc,ergo     ] GC(66) Pacer for Evacuation. Used CSet: 51913K, Free: 530M, Non-Taxable: 54327K, Alloc Tax Rate: 1.1x
[2026-04-03T02:18:08.886+0600][50.787s][info][gc          ] GC(66) Pause Final Mark (unload classes) 0.885ms
[2026-04-03T02:18:08.886+0600][50.787s][info][gc,start    ] GC(66) Concurrent thread roots
[2026-04-03T02:18:08.886+0600][50.787s][info][gc,task     ] GC(66) Using 3 of 6 workers for Concurrent thread roots
[2026-04-03T02:18:08.888+0600][50.789s][info][gc          ] GC(66) Concurrent thread roots 1.973ms
[2026-04-03T02:18:08.888+0600][50.789s][info][gc,start    ] GC(66) Concurrent weak references
[2026-04-03T02:18:08.888+0600][50.789s][info][gc,task     ] GC(66) Using 3 of 6 workers for concurrent weak references
[2026-04-03T02:18:08.889+0600][50.790s][info][gc,ref      ] GC(66) Encountered references: Soft: 3877, Weak: 15285, Final: 84, Phantom: 626
[2026-04-03T02:18:08.889+0600][50.790s][info][gc,ref      ] GC(66) Discovered  references: Soft: 0, Weak: 8054, Final: 48, Phantom: 605
[2026-04-03T02:18:08.889+0600][50.790s][info][gc,ref      ] GC(66) Enqueued    references: Soft: 0, Weak: 514, Final: 0, Phantom: 0
[2026-04-03T02:18:08.889+0600][50.790s][info][gc          ] GC(66) Concurrent weak references 0.882ms
[2026-04-03T02:18:08.889+0600][50.790s][info][gc,start    ] GC(66) Concurrent weak roots
[2026-04-03T02:18:08.889+0600][50.790s][info][gc,task     ] GC(66) Using 3 of 6 workers for concurrent weak root
[2026-04-03T02:18:08.896+0600][50.797s][info][gc          ] GC(66) Concurrent weak roots 7.251ms
[2026-04-03T02:18:08.896+0600][50.797s][info][gc,start    ] GC(66) Concurrent cleanup
[2026-04-03T02:18:08.897+0600][50.798s][info][gc          ] GC(66) Concurrent cleanup 539M->191M(659M) 0.994ms
[2026-04-03T02:18:08.897+0600][50.798s][info][gc,ergo     ] GC(66) Free: 519M, Max: 256K regular, 57600K humongous, Frag: 90% external, 0% internal; Reserve: 38194K, Max: 256K
[2026-04-03T02:18:08.897+0600][50.798s][info][gc,start    ] GC(66) Concurrent class unloading
[2026-04-03T02:18:08.897+0600][50.798s][info][gc,task     ] GC(66) Using 3 of 6 workers for concurrent class unloading
[2026-04-03T02:18:08.928+0600][50.830s][info][gc          ] GC(66) Concurrent class unloading 31.232ms
[2026-04-03T02:18:08.929+0600][50.830s][info][gc,start    ] GC(66) Concurrent strong roots
[2026-04-03T02:18:08.929+0600][50.830s][info][gc,task     ] GC(66) Using 3 of 6 workers for concurrent strong root
[2026-04-03T02:18:08.930+0600][50.831s][info][gc          ] GC(66) Concurrent strong roots 1.440ms
[2026-04-03T02:18:08.930+0600][50.831s][info][gc,start    ] GC(66) Concurrent evacuation
[2026-04-03T02:18:08.930+0600][50.831s][info][gc,task     ] GC(66) Using 3 of 6 workers for concurrent evacuation
[2026-04-03T02:18:08.933+0600][50.834s][info][gc          ] GC(66) Concurrent evacuation 3.267ms
[2026-04-03T02:18:08.934+0600][50.835s][info][gc,start    ] GC(66) Pause Init Update Refs
[2026-04-03T02:18:08.934+0600][50.835s][info][gc,ergo     ] GC(66) Pacer for Update Refs. Used: 231M, Free: 482M, Non-Taxable: 49438K, Alloc Tax Rate: 1.1x
[2026-04-03T02:18:08.934+0600][50.835s][info][gc          ] GC(66) Pause Init Update Refs 0.112ms
[2026-04-03T02:18:08.934+0600][50.835s][info][gc,start    ] GC(66) Concurrent update references
[2026-04-03T02:18:08.934+0600][50.835s][info][gc,task     ] GC(66) Using 3 of 6 workers for concurrent reference update
[2026-04-03T02:18:08.991+0600][50.892s][info][gc          ] GC(66) Concurrent update references 57.173ms
[2026-04-03T02:18:08.991+0600][50.893s][info][gc,start    ] GC(66) Concurrent update thread roots
[2026-04-03T02:18:08.993+0600][50.895s][info][gc          ] GC(66) Concurrent update thread roots 1.909ms
[2026-04-03T02:18:08.994+0600][50.895s][info][gc,start    ] GC(66) Pause Final Update Refs
[2026-04-03T02:18:08.994+0600][50.895s][info][gc,task     ] GC(66) Using 6 of 6 workers for final reference update
[2026-04-03T02:18:08.994+0600][50.895s][info][gc          ] GC(66) Pause Final Update Refs 0.214ms
[2026-04-03T02:18:08.994+0600][50.895s][info][gc,start    ] GC(66) Concurrent cleanup
[2026-04-03T02:18:08.995+0600][50.896s][info][gc          ] GC(66) Concurrent cleanup 276M->225M(659M) 0.691ms
[2026-04-03T02:18:08.995+0600][50.896s][info][gc,ergo     ] Free: 482M, Max: 256K regular, 187M humongous, Frag: 62% external, 0% internal; Reserve: 38400K, Max: 256K
[2026-04-03T02:18:08.995+0600][50.896s][info][gc,stats    ] 
[2026-04-03T02:18:08.995+0600][50.896s][info][gc,stats    ] All times are wall-clock times, except per-root-class counters, that are sum over
[2026-04-03T02:18:08.995+0600][50.896s][info][gc,stats    ] all workers. Dividing the <total> over the root stage time estimates parallelism.
[2026-04-03T02:18:08.995+0600][50.896s][info][gc,stats    ] 
[2026-04-03T02:18:08.995+0600][50.896s][info][gc,stats    ] Concurrent Reset                   1246 us
[2026-04-03T02:18:08.995+0600][50.896s][info][gc,stats    ] Pause Init Mark (G)                 404 us
[2026-04-03T02:18:08.995+0600][50.896s][info][gc,stats    ] Pause Init Mark (N)                 136 us
[2026-04-03T02:18:08.995+0600][50.896s][info][gc,stats    ]   Update Region States               43 us
[2026-04-03T02:18:08.995+0600][50.896s][info][gc,stats    ] Concurrent Mark Roots              2167 us, parallelism: 1.50x
[2026-04-03T02:18:08.995+0600][50.896s][info][gc,stats    ]   CMR: <total>                     3255 us
[2026-04-03T02:18:08.995+0600][50.896s][info][gc,stats    ]   CMR: Thread Roots                2776 us, workers (us): 1177, 1598,   0, ---, ---, ---, 
[2026-04-03T02:18:08.995+0600][50.896s][info][gc,stats    ]   CMR: VM Strong Roots               64 us, workers (us):  34,  29,   0, ---, ---, ---, 
[2026-04-03T02:18:08.995+0600][50.896s][info][gc,stats    ]   CMR: CLDG Roots                   416 us, workers (us): 416, ---, ---, ---, ---, ---, 
[2026-04-03T02:18:08.995+0600][50.896s][info][gc,stats    ] Concurrent Marking                56201 us
[2026-04-03T02:18:08.995+0600][50.896s][info][gc,stats    ] Pause Final Mark (G)               1120 us
[2026-04-03T02:18:08.995+0600][50.896s][info][gc,stats    ] Pause Final Mark (N)                897 us
[2026-04-03T02:18:08.995+0600][50.896s][info][gc,stats    ]   Finish Mark                       405 us
[2026-04-03T02:18:08.995+0600][50.896s][info][gc,stats    ]   Update Region States               55 us
[2026-04-03T02:18:08.995+0600][50.896s][info][gc,stats    ]   Choose Collection Set             244 us
[2026-04-03T02:18:08.995+0600][50.896s][info][gc,stats    ]   Rebuild Free Set                   41 us
[2026-04-03T02:18:08.995+0600][50.896s][info][gc,stats    ] Concurrent Thread Roots            2014 us, parallelism: 1.81x
[2026-04-03T02:18:08.995+0600][50.896s][info][gc,stats    ]   CTR: <total>                     3641 us
[2026-04-03T02:18:08.995+0600][50.896s][info][gc,stats    ]   CTR: Thread Roots                3641 us, workers (us): 1826, 988, 827, ---, ---, ---, 
[2026-04-03T02:18:08.995+0600][50.896s][info][gc,stats    ] Concurrent Weak References          894 us, parallelism: 1.15x
[2026-04-03T02:18:08.995+0600][50.896s][info][gc,stats    ]   CWRF: <total>                    1029 us
[2026-04-03T02:18:08.995+0600][50.896s][info][gc,stats    ]   CWRF: Weak References            1029 us, workers (us): 744, 285,   0, ---, ---, ---, 
[2026-04-03T02:18:08.995+0600][50.896s][info][gc,stats    ] Concurrent Weak Roots              7338 us
[2026-04-03T02:18:08.995+0600][50.896s][info][gc,stats    ]   Roots                            6843 us, parallelism: 2.55x
[2026-04-03T02:18:08.995+0600][50.896s][info][gc,stats    ]     CWR: <total>                  17417 us
[2026-04-03T02:18:08.995+0600][50.896s][info][gc,stats    ]     CWR: Code Cache Roots         14345 us, workers (us): 4354, 4407, 5584, ---, ---, ---, 
[2026-04-03T02:18:08.995+0600][50.896s][info][gc,stats    ]     CWR: VM Weak Roots             2872 us, workers (us): 977, 967, 928, ---, ---, ---, 
[2026-04-03T02:18:08.995+0600][50.896s][info][gc,stats    ]     CWR: CLDG Roots                 200 us, workers (us): 200, ---, ---, ---, ---, ---, 
[2026-04-03T02:18:08.995+0600][50.896s][info][gc,stats    ]   Rendezvous                        378 us
[2026-04-03T02:18:08.995+0600][50.896s][info][gc,stats    ] Concurrent Cleanup                 1044 us
[2026-04-03T02:18:08.995+0600][50.896s][info][gc,stats    ] Concurrent Class Unloading        31335 us
[2026-04-03T02:18:08.995+0600][50.896s][info][gc,stats    ]   Unlink Stale                    29337 us
[2026-04-03T02:18:08.995+0600][50.896s][info][gc,stats    ]     System Dictionary               287 us
[2026-04-03T02:18:08.995+0600][50.896s][info][gc,stats    ]     Weak Class Links                  0 us
[2026-04-03T02:18:08.995+0600][50.896s][info][gc,stats    ]     Code Roots                    29046 us
[2026-04-03T02:18:08.995+0600][50.896s][info][gc,stats    ]   Rendezvous                        409 us
[2026-04-03T02:18:08.995+0600][50.896s][info][gc,stats    ]   Purge Unlinked                   1445 us
[2026-04-03T02:18:08.995+0600][50.896s][info][gc,stats    ]     Code Roots                     1421 us
[2026-04-03T02:18:08.995+0600][50.896s][info][gc,stats    ]     CLDG                             22 us
[2026-04-03T02:18:08.995+0600][50.896s][info][gc,stats    ]     Exception Caches                  1 us
[2026-04-03T02:18:08.995+0600][50.896s][info][gc,stats    ] Concurrent Strong Roots            1499 us, parallelism: 0.69x
[2026-04-03T02:18:08.995+0600][50.896s][info][gc,stats    ]   CSR: <total>                     1035 us
[2026-04-03T02:18:08.995+0600][50.896s][info][gc,stats    ]   CSR: VM Strong Roots               57 us, workers (us):  55,   2,   0, ---, ---, ---, 
[2026-04-03T02:18:08.995+0600][50.897s][info][gc,stats    ]   CSR: CLDG Roots                   979 us, workers (us): 979, ---, ---, ---, ---, ---, 
[2026-04-03T02:18:08.995+0600][50.897s][info][gc,stats    ] Concurrent Evacuation              3349 us
[2026-04-03T02:18:08.995+0600][50.897s][info][gc,stats    ] Pause Init Update Refs (G)          807 us
[2026-04-03T02:18:08.995+0600][50.897s][info][gc,stats    ] Pause Init Update Refs (N)          129 us
[2026-04-03T02:18:08.995+0600][50.897s][info][gc,stats    ]   Manage GCLABs                      41 us
[2026-04-03T02:18:08.995+0600][50.897s][info][gc,stats    ] Concurrent Update Refs            57297 us
[2026-04-03T02:18:08.995+0600][50.897s][info][gc,stats    ] Concurrent Update Thread Roots     1947 us
[2026-04-03T02:18:08.995+0600][50.897s][info][gc,stats    ] Pause Final Update Refs (G)         536 us
[2026-04-03T02:18:08.995+0600][50.897s][info][gc,stats    ] Pause Final Update Refs (N)         286 us
[2026-04-03T02:18:08.996+0600][50.897s][info][gc,stats    ]   Update Region States               51 us
[2026-04-03T02:18:08.996+0600][50.897s][info][gc,stats    ]   Trash Collection Set               29 us
[2026-04-03T02:18:08.996+0600][50.897s][info][gc,stats    ]   Rebuild Free Set                   43 us
[2026-04-03T02:18:08.996+0600][50.897s][info][gc,stats    ] Concurrent Cleanup                  745 us
[2026-04-03T02:18:08.996+0600][50.897s][info][gc,stats    ] Pacing                           217985 us
[2026-04-03T02:18:08.996+0600][50.897s][info][gc,stats    ] 
[2026-04-03T02:18:08.996+0600][50.897s][info][gc,stats    ] Allocation pacing accrued:
[2026-04-03T02:18:08.996+0600][50.897s][info][gc,stats    ]      26 of   430 ms (  6.1%): Executor task launch worker for task 0.0 in stage 1534.0 (TID 2805)
[2026-04-03T02:18:08.996+0600][50.897s][info][gc,stats    ]      29 of   430 ms (  6.6%): Executor task launch worker for task 5.0 in stage 1534.0 (TID 2810)
[2026-04-03T02:18:08.996+0600][50.897s][info][gc,stats    ]      27 of   430 ms (  6.3%): Executor task launch worker for task 7.0 in stage 1534.0 (TID 2812)
[2026-04-03T02:18:08.996+0600][50.897s][info][gc,stats    ]      28 of   430 ms (  6.5%): Executor task launch worker for task 6.0 in stage 1534.0 (TID 2811)
[2026-04-03T02:18:08.996+0600][50.897s][info][gc,stats    ]      26 of   430 ms (  6.1%): Executor task launch worker for task 1.0 in stage 1534.0 (TID 2806)
[2026-04-03T02:18:08.996+0600][50.897s][info][gc,stats    ]      28 of   430 ms (  6.4%): Executor task launch worker for task 2.0 in stage 1534.0 (TID 2807)
[2026-04-03T02:18:08.996+0600][50.897s][info][gc,stats    ]      26 of   430 ms (  6.1%): Executor task launch worker for task 3.0 in stage 1534.0 (TID 2808)
[2026-04-03T02:18:08.996+0600][50.897s][info][gc,stats    ]      28 of   430 ms (  6.4%): Executor task launch worker for task 4.0 in stage 1534.0 (TID 2809)
[2026-04-03T02:18:08.996+0600][50.897s][info][gc,stats    ]     218 of   430 ms ( 50.7%): <total>
[2026-04-03T02:18:08.996+0600][50.897s][info][gc,stats    ]       1 of   430 ms (  0.2%): <average total>
[2026-04-03T02:18:08.996+0600][50.897s][info][gc,stats    ]      27 of   430 ms (  6.3%): <average non-zero>
[2026-04-03T02:18:08.996+0600][50.897s][info][gc,stats    ] 
[2026-04-03T02:18:08.996+0600][50.897s][info][gc,metaspace] Metaspace: 131087K(132288K)->131090K(132288K) NonClass: 114591K(115200K)->114594K(115200K) Class: 16495K(17088K)->16495K(17088K)
[2026-04-03T02:18:08.996+0600][50.897s][info][gc,ergo     ] Pacer for Idle. Initial: 15360K, Alloc Tax Rate: 1.0x
[2026-04-03T02:18:09.331+0600][51.232s][info][gc          ] Trigger: Average GC time (183.21 ms) is above the time for average allocation rate (884 MB/s) to deplete free headroom (161M) (margin of error = 1.85)
[2026-04-03T02:18:09.331+0600][51.232s][info][gc,ergo     ] Free headroom: 199M (free) - 38400K (spike) - 0B (penalties) = 161M
[2026-04-03T02:18:09.331+0600][51.233s][info][gc,ergo     ] Free: 199M, Max: 256K regular, 80896K humongous, Frag: 61% external, 0% internal; Reserve: 38400K, Max: 256K
[2026-04-03T02:18:09.331+0600][51.233s][info][gc,start    ] GC(67) Concurrent reset
[2026-04-03T02:18:09.331+0600][51.233s][info][gc,task     ] GC(67) Using 3 of 6 workers for concurrent reset
[2026-04-03T02:18:09.331+0600][51.233s][info][gc,ergo     ] GC(67) Pacer for Reset. Non-Taxable: 750M
[2026-04-03T02:18:09.332+0600][51.233s][info][gc          ] GC(67) Concurrent reset 0.734ms
[2026-04-03T02:18:09.332+0600][51.234s][info][gc,start    ] GC(67) Pause Init Mark (unload classes)
[2026-04-03T02:18:09.333+0600][51.234s][info][gc,task     ] GC(67) Using 6 of 6 workers for init marking
[2026-04-03T02:18:09.333+0600][51.234s][info][gc,ergo     ] GC(67) Pacer for Mark. Expected Live: 91282K, Free: 198M, Non-Taxable: 20357K, Alloc Tax Rate: 0.5x
[2026-04-03T02:18:09.333+0600][51.234s][info][gc          ] GC(67) Pause Init Mark (unload classes) 0.127ms
[2026-04-03T02:18:09.333+0600][51.234s][info][gc,start    ] GC(67) Concurrent marking roots
[2026-04-03T02:18:09.333+0600][51.234s][info][gc,task     ] GC(67) Using 3 of 6 workers for concurrent marking roots
[2026-04-03T02:18:09.334+0600][51.235s][info][gc          ] GC(67) Concurrent marking roots 1.271ms
[2026-04-03T02:18:09.334+0600][51.235s][info][gc,start    ] GC(67) Concurrent marking (unload classes)
[2026-04-03T02:18:09.334+0600][51.235s][info][gc,task     ] GC(67) Using 3 of 6 workers for concurrent marking
[2026-04-03T02:18:09.388+0600][51.289s][info][gc          ] GC(67) Concurrent marking (unload classes) 54.282ms
[2026-04-03T02:18:09.389+0600][51.290s][info][gc,start    ] GC(67) Pause Final Mark (unload classes)
[2026-04-03T02:18:09.389+0600][51.290s][info][gc,task     ] GC(67) Using 6 of 6 workers for final marking
[2026-04-03T02:18:09.389+0600][51.290s][info][gc,ergo     ] GC(67) Adaptive CSet Selection. Target Free: 106M, Actual Free: 574M, Max CSet: 32000K, Min Garbage: 0B
[2026-04-03T02:18:09.389+0600][51.290s][info][gc,ergo     ] GC(67) Collectable Garbage: 400M (98%), Immediate: 342M (84%), CSet: 58849K (14%)
[2026-04-03T02:18:09.389+0600][51.290s][info][gc,ergo     ] GC(67) Pacer for Evacuation. Used CSet: 61348K, Free: 555M, Non-Taxable: 56915K, Alloc Tax Rate: 1.1x
[2026-04-03T02:18:09.389+0600][51.290s][info][gc          ] GC(67) Pause Final Mark (unload classes) 0.830ms
[2026-04-03T02:18:09.389+0600][51.291s][info][gc,start    ] GC(67) Concurrent thread roots
[2026-04-03T02:18:09.389+0600][51.291s][info][gc,task     ] GC(67) Using 3 of 6 workers for Concurrent thread roots
[2026-04-03T02:18:09.390+0600][51.292s][info][gc          ] GC(67) Concurrent thread roots 0.957ms
[2026-04-03T02:18:09.390+0600][51.292s][info][gc,start    ] GC(67) Concurrent weak references
[2026-04-03T02:18:09.390+0600][51.292s][info][gc,task     ] GC(67) Using 3 of 6 workers for concurrent weak references
[2026-04-03T02:18:09.392+0600][51.293s][info][gc,ref      ] GC(67) Encountered references: Soft: 3948, Weak: 15448, Final: 84, Phantom: 621
[2026-04-03T02:18:09.392+0600][51.293s][info][gc,ref      ] GC(67) Discovered  references: Soft: 0, Weak: 9027, Final: 0, Phantom: 616
[2026-04-03T02:18:09.392+0600][51.293s][info][gc,ref      ] GC(67) Enqueued    references: Soft: 0, Weak: 868, Final: 0, Phantom: 0
[2026-04-03T02:18:09.392+0600][51.293s][info][gc          ] GC(67) Concurrent weak references 1.156ms
[2026-04-03T02:18:09.392+0600][51.293s][info][gc,start    ] GC(67) Concurrent weak roots
[2026-04-03T02:18:09.392+0600][51.293s][info][gc,task     ] GC(67) Using 3 of 6 workers for concurrent weak root
[2026-04-03T02:18:09.396+0600][51.297s][info][gc          ] GC(67) Concurrent weak roots 4.458ms
[2026-04-03T02:18:09.396+0600][51.297s][info][gc,start    ] GC(67) Concurrent cleanup
[2026-04-03T02:18:09.397+0600][51.298s][info][gc          ] GC(67) Concurrent cleanup 497M->155M(659M) 0.767ms
[2026-04-03T02:18:09.397+0600][51.298s][info][gc,ergo     ] GC(67) Free: 555M, Max: 256K regular, 135M humongous, Frag: 76% external, 0% internal; Reserve: 38139K, Max: 256K
[2026-04-03T02:18:09.397+0600][51.298s][info][gc,start    ] GC(67) Concurrent class unloading
[2026-04-03T02:18:09.397+0600][51.298s][info][gc,task     ] GC(67) Using 3 of 6 workers for concurrent class unloading
[2026-04-03T02:18:09.440+0600][51.341s][info][gc          ] GC(67) Concurrent class unloading 43.186ms
[2026-04-03T02:18:09.440+0600][51.341s][info][gc,start    ] GC(67) Concurrent strong roots
[2026-04-03T02:18:09.440+0600][51.341s][info][gc,task     ] GC(67) Using 3 of 6 workers for concurrent strong root
[2026-04-03T02:18:09.441+0600][51.342s][info][gc          ] GC(67) Concurrent strong roots 0.927ms
[2026-04-03T02:18:09.441+0600][51.342s][info][gc,start    ] GC(67) Concurrent evacuation
[2026-04-03T02:18:09.441+0600][51.342s][info][gc,task     ] GC(67) Using 3 of 6 workers for concurrent evacuation
[2026-04-03T02:18:09.443+0600][51.344s][info][gc          ] GC(67) Concurrent evacuation 1.560ms
[2026-04-03T02:18:09.443+0600][51.344s][info][gc,start    ] GC(67) Pause Init Update Refs
[2026-04-03T02:18:09.443+0600][51.344s][info][gc,ergo     ] GC(67) Pacer for Update Refs. Used: 158M, Free: 555M, Non-Taxable: 56859K, Alloc Tax Rate: 1.1x
[2026-04-03T02:18:09.443+0600][51.344s][info][gc          ] GC(67) Pause Init Update Refs 0.109ms
[2026-04-03T02:18:09.443+0600][51.344s][info][gc,start    ] GC(67) Concurrent update references
[2026-04-03T02:18:09.443+0600][51.345s][info][gc,task     ] GC(67) Using 3 of 6 workers for concurrent reference update
[2026-04-03T02:18:09.473+0600][51.374s][info][gc          ] GC(67) Concurrent update references 29.170ms
[2026-04-03T02:18:09.473+0600][51.374s][info][gc,start    ] GC(67) Concurrent update thread roots
[2026-04-03T02:18:09.474+0600][51.375s][info][gc          ] GC(67) Concurrent update thread roots 1.232ms
[2026-04-03T02:18:09.474+0600][51.375s][info][gc,start    ] GC(67) Pause Final Update Refs
[2026-04-03T02:18:09.474+0600][51.375s][info][gc,task     ] GC(67) Using 6 of 6 workers for final reference update
[2026-04-03T02:18:09.474+0600][51.375s][info][gc          ] GC(67) Pause Final Update Refs 0.136ms
[2026-04-03T02:18:09.474+0600][51.375s][info][gc,start    ] GC(67) Concurrent cleanup
[2026-04-03T02:18:09.475+0600][51.376s][info][gc          ] GC(67) Concurrent cleanup 158M->98M(659M) 0.509ms
[2026-04-03T02:18:09.475+0600][51.376s][info][gc,ergo     ] Free: 612M, Max: 256K regular, 182M humongous, Frag: 71% external, 0% internal; Reserve: 38400K, Max: 256K
[2026-04-03T02:18:09.475+0600][51.376s][info][gc,stats    ] 
[2026-04-03T02:18:09.475+0600][51.376s][info][gc,stats    ] All times are wall-clock times, except per-root-class counters, that are sum over
[2026-04-03T02:18:09.475+0600][51.376s][info][gc,stats    ] all workers. Dividing the <total> over the root stage time estimates parallelism.
[2026-04-03T02:18:09.475+0600][51.376s][info][gc,stats    ] 
[2026-04-03T02:18:09.475+0600][51.376s][info][gc,stats    ] Concurrent Reset                    786 us
[2026-04-03T02:18:09.475+0600][51.376s][info][gc,stats    ] Pause Init Mark (G)                 435 us
[2026-04-03T02:18:09.475+0600][51.376s][info][gc,stats    ] Pause Init Mark (N)                 137 us
[2026-04-03T02:18:09.475+0600][51.376s][info][gc,stats    ]   Update Region States               28 us
[2026-04-03T02:18:09.475+0600][51.376s][info][gc,stats    ] Concurrent Mark Roots              1319 us, parallelism: 1.74x
[2026-04-03T02:18:09.475+0600][51.376s][info][gc,stats    ]   CMR: <total>                     2292 us
[2026-04-03T02:18:09.475+0600][51.376s][info][gc,stats    ]   CMR: Thread Roots                2042 us, workers (us): 764, 546, 731, ---, ---, ---, 
[2026-04-03T02:18:09.475+0600][51.376s][info][gc,stats    ]   CMR: VM Strong Roots               50 us, workers (us):  41,   8,   0, ---, ---, ---, 
[2026-04-03T02:18:09.475+0600][51.376s][info][gc,stats    ]   CMR: CLDG Roots                   200 us, workers (us): ---, 200, ---, ---, ---, ---, 
[2026-04-03T02:18:09.475+0600][51.376s][info][gc,stats    ] Concurrent Marking                54375 us
[2026-04-03T02:18:09.475+0600][51.376s][info][gc,stats    ] Pause Final Mark (G)               1093 us
[2026-04-03T02:18:09.475+0600][51.376s][info][gc,stats    ] Pause Final Mark (N)                845 us
[2026-04-03T02:18:09.475+0600][51.376s][info][gc,stats    ]   Finish Mark                       350 us
[2026-04-03T02:18:09.475+0600][51.376s][info][gc,stats    ]   Update Region States               60 us
[2026-04-03T02:18:09.475+0600][51.376s][info][gc,stats    ]   Choose Collection Set             253 us
[2026-04-03T02:18:09.475+0600][51.376s][info][gc,stats    ]   Rebuild Free Set                   36 us
[2026-04-03T02:18:09.475+0600][51.376s][info][gc,stats    ] Concurrent Thread Roots            1017 us, parallelism: 2.00x
[2026-04-03T02:18:09.475+0600][51.376s][info][gc,stats    ]   CTR: <total>                     2034 us
[2026-04-03T02:18:09.475+0600][51.376s][info][gc,stats    ]   CTR: Thread Roots                2034 us, workers (us): 696, 690, 648, ---, ---, ---, 
[2026-04-03T02:18:09.475+0600][51.376s][info][gc,stats    ] Concurrent Weak References         1170 us, parallelism: 1.25x
[2026-04-03T02:18:09.475+0600][51.376s][info][gc,stats    ]   CWRF: <total>                    1461 us
[2026-04-03T02:18:09.475+0600][51.376s][info][gc,stats    ]   CWRF: Weak References            1461 us, workers (us): 975, 237, 249, ---, ---, ---, 
[2026-04-03T02:18:09.475+0600][51.376s][info][gc,stats    ] Concurrent Weak Roots              4546 us
[2026-04-03T02:18:09.475+0600][51.376s][info][gc,stats    ]   Roots                            4075 us, parallelism: 2.54x
[2026-04-03T02:18:09.475+0600][51.376s][info][gc,stats    ]     CWR: <total>                  10353 us
[2026-04-03T02:18:09.475+0600][51.376s][info][gc,stats    ]     CWR: Code Cache Roots          8144 us, workers (us): 2590, 2857, 2697, ---, ---, ---, 
[2026-04-03T02:18:09.475+0600][51.376s][info][gc,stats    ]     CWR: VM Weak Roots             2071 us, workers (us): 732, 710, 628, ---, ---, ---, 
[2026-04-03T02:18:09.475+0600][51.376s][info][gc,stats    ]     CWR: CLDG Roots                 138 us, workers (us): 138, ---, ---, ---, ---, ---, 
[2026-04-03T02:18:09.475+0600][51.376s][info][gc,stats    ]   Rendezvous                        351 us
[2026-04-03T02:18:09.475+0600][51.376s][info][gc,stats    ] Concurrent Cleanup                  783 us
[2026-04-03T02:18:09.475+0600][51.376s][info][gc,stats    ] Concurrent Class Unloading        43256 us
[2026-04-03T02:18:09.475+0600][51.376s][info][gc,stats    ]   Unlink Stale                    39126 us
[2026-04-03T02:18:09.475+0600][51.376s][info][gc,stats    ]     System Dictionary               521 us
[2026-04-03T02:18:09.475+0600][51.376s][info][gc,stats    ]     Weak Class Links              21602 us
[2026-04-03T02:18:09.475+0600][51.376s][info][gc,stats    ]     Code Roots                    16998 us
[2026-04-03T02:18:09.475+0600][51.376s][info][gc,stats    ]   Rendezvous                        564 us
[2026-04-03T02:18:09.475+0600][51.376s][info][gc,stats    ]   Purge Unlinked                   3462 us
[2026-04-03T02:18:09.475+0600][51.376s][info][gc,stats    ]     Code Roots                     3306 us
[2026-04-03T02:18:09.475+0600][51.376s][info][gc,stats    ]     CLDG                            155 us
[2026-04-03T02:18:09.475+0600][51.376s][info][gc,stats    ]     Exception Caches                  0 us
[2026-04-03T02:18:09.475+0600][51.376s][info][gc,stats    ] Concurrent Strong Roots             957 us, parallelism: 0.63x
[2026-04-03T02:18:09.475+0600][51.376s][info][gc,stats    ]   CSR: <total>                      605 us
[2026-04-03T02:18:09.475+0600][51.376s][info][gc,stats    ]   CSR: VM Strong Roots               33 us, workers (us):  32,   1,   0, ---, ---, ---, 
[2026-04-03T02:18:09.475+0600][51.376s][info][gc,stats    ]   CSR: CLDG Roots                   572 us, workers (us): 572, ---, ---, ---, ---, ---, 
[2026-04-03T02:18:09.475+0600][51.376s][info][gc,stats    ] Concurrent Evacuation              1620 us
[2026-04-03T02:18:09.475+0600][51.376s][info][gc,stats    ] Pause Init Update Refs (G)          460 us
[2026-04-03T02:18:09.475+0600][51.376s][info][gc,stats    ] Pause Init Update Refs (N)          124 us
[2026-04-03T02:18:09.475+0600][51.376s][info][gc,stats    ]   Manage GCLABs                      35 us
[2026-04-03T02:18:09.475+0600][51.376s][info][gc,stats    ] Concurrent Update Refs            29238 us
[2026-04-03T02:18:09.475+0600][51.376s][info][gc,stats    ] Concurrent Update Thread Roots     1276 us
[2026-04-03T02:18:09.475+0600][51.376s][info][gc,stats    ] Pause Final Update Refs (G)         464 us
[2026-04-03T02:18:09.475+0600][51.376s][info][gc,stats    ] Pause Final Update Refs (N)         157 us
[2026-04-03T02:18:09.475+0600][51.376s][info][gc,stats    ]   Update Region States               40 us
[2026-04-03T02:18:09.475+0600][51.376s][info][gc,stats    ]   Trash Collection Set               12 us
[2026-04-03T02:18:09.475+0600][51.376s][info][gc,stats    ]   Rebuild Free Set                   36 us
[2026-04-03T02:18:09.475+0600][51.376s][info][gc,stats    ] Concurrent Cleanup                  526 us
[2026-04-03T02:18:09.475+0600][51.376s][info][gc,stats    ] 
[2026-04-03T02:18:09.475+0600][51.376s][info][gc,stats    ] Allocation pacing accrued:
[2026-04-03T02:18:09.475+0600][51.376s][info][gc,stats    ]       0 of   480 ms (  0.0%): <total>
[2026-04-03T02:18:09.475+0600][51.376s][info][gc,stats    ]       0 of   480 ms (  0.0%): <average total>
[2026-04-03T02:18:09.475+0600][51.376s][info][gc,stats    ] 
[2026-04-03T02:18:09.475+0600][51.376s][info][gc,metaspace] Metaspace: 131413K(132736K)->131330K(132800K) NonClass: 114843K(115520K)->114780K(115584K) Class: 16569K(17216K)->16549K(17216K)
[2026-04-03T02:18:09.475+0600][51.376s][info][gc,ergo     ] Pacer for Idle. Initial: 15360K, Alloc Tax Rate: 1.0x
[2026-04-03T02:18:09.477+0600][51.378s][info][gc          ] Trigger: Explicit GC request (System.gc())
[2026-04-03T02:18:09.477+0600][51.378s][info][gc,ergo     ] Free: 612M, Max: 256K regular, 182M humongous, Frag: 71% external, 0% internal; Reserve: 38400K, Max: 256K
[2026-04-03T02:18:09.477+0600][51.378s][info][gc,start    ] GC(68) Concurrent reset
[2026-04-03T02:18:09.477+0600][51.378s][info][gc,task     ] GC(68) Using 3 of 6 workers for concurrent reset
[2026-04-03T02:18:09.477+0600][51.378s][info][gc,ergo     ] GC(68) Pacer for Reset. Non-Taxable: 750M
[2026-04-03T02:18:09.478+0600][51.379s][info][gc          ] GC(68) Concurrent reset 0.828ms
[2026-04-03T02:18:09.478+0600][51.379s][info][gc,start    ] GC(68) Pause Init Mark (unload classes)
[2026-04-03T02:18:09.478+0600][51.379s][info][gc,task     ] GC(68) Using 6 of 6 workers for init marking
[2026-04-03T02:18:09.478+0600][51.379s][info][gc,ref      ] GC(68) Clearing All SoftReferences
[2026-04-03T02:18:09.478+0600][51.379s][info][gc,ergo     ] GC(68) Pacer for Mark. Expected Live: 90786K, Free: 612M, Non-Taxable: 62702K, Alloc Tax Rate: 0.2x
[2026-04-03T02:18:09.478+0600][51.379s][info][gc          ] GC(68) Pause Init Mark (unload classes) 0.130ms
[2026-04-03T02:18:09.478+0600][51.379s][info][gc,start    ] GC(68) Concurrent marking roots
[2026-04-03T02:18:09.478+0600][51.379s][info][gc,task     ] GC(68) Using 3 of 6 workers for concurrent marking roots
[2026-04-03T02:18:09.479+0600][51.380s][info][gc          ] GC(68) Concurrent marking roots 1.024ms
[2026-04-03T02:18:09.479+0600][51.380s][info][gc,start    ] GC(68) Concurrent marking (unload classes)
[2026-04-03T02:18:09.479+0600][51.380s][info][gc,task     ] GC(68) Using 3 of 6 workers for concurrent marking
[2026-04-03T02:18:09.514+0600][51.415s][info][gc          ] GC(68) Concurrent marking (unload classes) 34.878ms
[2026-04-03T02:18:09.514+0600][51.415s][info][gc,start    ] GC(68) Pause Final Mark (unload classes)
[2026-04-03T02:18:09.514+0600][51.415s][info][gc,task     ] GC(68) Using 6 of 6 workers for final marking
[2026-04-03T02:18:09.515+0600][51.416s][info][gc,ergo     ] GC(68) Adaptive CSet Selection. Target Free: 106M, Actual Free: 653M, Max CSet: 32000K, Min Garbage: 0B
[2026-04-03T02:18:09.515+0600][51.416s][info][gc,ergo     ] GC(68) Collectable Garbage: 8986K (53%), Immediate: 4096K (24%), CSet: 4890K (29%)
[2026-04-03T02:18:09.515+0600][51.416s][info][gc,ergo     ] GC(68) Pacer for Evacuation. Used CSet: 7408K, Free: 616M, Non-Taxable: 63084K, Alloc Tax Rate: 1.1x
[2026-04-03T02:18:09.515+0600][51.416s][info][gc          ] GC(68) Pause Final Mark (unload classes) 0.615ms
[2026-04-03T02:18:09.515+0600][51.416s][info][gc,start    ] GC(68) Concurrent thread roots
[2026-04-03T02:18:09.515+0600][51.416s][info][gc,task     ] GC(68) Using 3 of 6 workers for Concurrent thread roots
[2026-04-03T02:18:09.516+0600][51.417s][info][gc          ] GC(68) Concurrent thread roots 0.755ms
[2026-04-03T02:18:09.516+0600][51.417s][info][gc,start    ] GC(68) Concurrent weak references
[2026-04-03T02:18:09.516+0600][51.417s][info][gc,task     ] GC(68) Using 3 of 6 workers for concurrent weak references
[2026-04-03T02:18:09.516+0600][51.417s][info][gc,ref      ] GC(68) Encountered references: Soft: 3644, Weak: 14379, Final: 84, Phantom: 621
[2026-04-03T02:18:09.516+0600][51.417s][info][gc,ref      ] GC(68) Discovered  references: Soft: 1980, Weak: 3193, Final: 0, Phantom: 616
[2026-04-03T02:18:09.516+0600][51.417s][info][gc,ref      ] GC(68) Enqueued    references: Soft: 747, Weak: 144, Final: 0, Phantom: 0
[2026-04-03T02:18:09.516+0600][51.417s][info][gc          ] GC(68) Concurrent weak references 0.602ms
[2026-04-03T02:18:09.516+0600][51.417s][info][gc,start    ] GC(68) Concurrent weak roots
[2026-04-03T02:18:09.516+0600][51.417s][info][gc,task     ] GC(68) Using 3 of 6 workers for concurrent weak root
[2026-04-03T02:18:09.519+0600][51.421s][info][gc          ] GC(68) Concurrent weak roots 3.138ms
[2026-04-03T02:18:09.519+0600][51.421s][info][gc,start    ] GC(68) Concurrent cleanup
[2026-04-03T02:18:09.520+0600][51.421s][info][gc          ] GC(68) Concurrent cleanup 98M->94M(659M) 0.415ms
[2026-04-03T02:18:09.520+0600][51.421s][info][gc,ergo     ] GC(68) Free: 616M, Max: 256K regular, 186M humongous, Frag: 70% external, 0% internal; Reserve: 37950K, Max: 256K
[2026-04-03T02:18:09.520+0600][51.421s][info][gc,start    ] GC(68) Concurrent class unloading
[2026-04-03T02:18:09.520+0600][51.421s][info][gc,task     ] GC(68) Using 3 of 6 workers for concurrent class unloading
[2026-04-03T02:18:09.557+0600][51.458s][info][gc          ] GC(68) Concurrent class unloading 37.297ms
[2026-04-03T02:18:09.557+0600][51.458s][info][gc,start    ] GC(68) Concurrent strong roots
[2026-04-03T02:18:09.557+0600][51.458s][info][gc,task     ] GC(68) Using 3 of 6 workers for concurrent strong root
[2026-04-03T02:18:09.558+0600][51.459s][info][gc          ] GC(68) Concurrent strong roots 0.856ms
[2026-04-03T02:18:09.558+0600][51.459s][info][gc,start    ] GC(68) Concurrent evacuation
[2026-04-03T02:18:09.558+0600][51.459s][info][gc,task     ] GC(68) Using 3 of 6 workers for concurrent evacuation
[2026-04-03T02:18:09.559+0600][51.461s][info][gc          ] GC(68) Concurrent evacuation 1.220ms
[2026-04-03T02:18:09.560+0600][51.461s][info][gc,start    ] GC(68) Pause Init Update Refs
[2026-04-03T02:18:09.560+0600][51.461s][info][gc,ergo     ] GC(68) Pacer for Update Refs. Used: 99630K, Free: 616M, Non-Taxable: 63084K, Alloc Tax Rate: 1.1x
[2026-04-03T02:18:09.560+0600][51.461s][info][gc          ] GC(68) Pause Init Update Refs 0.088ms
[2026-04-03T02:18:09.560+0600][51.461s][info][gc,start    ] GC(68) Concurrent update references
[2026-04-03T02:18:09.560+0600][51.461s][info][gc,task     ] GC(68) Using 3 of 6 workers for concurrent reference update
[2026-04-03T02:18:09.585+0600][51.486s][info][gc          ] GC(68) Concurrent update references 24.728ms
[2026-04-03T02:18:09.585+0600][51.486s][info][gc,start    ] GC(68) Concurrent update thread roots
[2026-04-03T02:18:09.586+0600][51.487s][info][gc          ] GC(68) Concurrent update thread roots 1.092ms
[2026-04-03T02:18:09.586+0600][51.487s][info][gc,start    ] GC(68) Pause Final Update Refs
[2026-04-03T02:18:09.586+0600][51.487s][info][gc,task     ] GC(68) Using 6 of 6 workers for final reference update
[2026-04-03T02:18:09.586+0600][51.487s][info][gc          ] GC(68) Pause Final Update Refs 0.119ms
[2026-04-03T02:18:09.586+0600][51.487s][info][gc,start    ] GC(68) Concurrent cleanup
[2026-04-03T02:18:09.587+0600][51.488s][info][gc          ] GC(68) Concurrent cleanup 97M->90M(659M) 0.459ms
[2026-04-03T02:18:09.587+0600][51.488s][info][gc,ergo     ] Free: 620M, Max: 256K regular, 367M humongous, Frag: 41% external, 0% internal; Reserve: 38400K, Max: 256K
[2026-04-03T02:18:09.587+0600][51.488s][info][gc,stats    ] 
[2026-04-03T02:18:09.587+0600][51.488s][info][gc,stats    ] All times are wall-clock times, except per-root-class counters, that are sum over
[2026-04-03T02:18:09.587+0600][51.488s][info][gc,stats    ] all workers. Dividing the <total> over the root stage time estimates parallelism.
[2026-04-03T02:18:09.587+0600][51.488s][info][gc,stats    ] 
[2026-04-03T02:18:09.587+0600][51.488s][info][gc,stats    ] Concurrent Reset                    876 us
[2026-04-03T02:18:09.587+0600][51.488s][info][gc,stats    ] Pause Init Mark (G)                 428 us
[2026-04-03T02:18:09.587+0600][51.488s][info][gc,stats    ] Pause Init Mark (N)                 138 us
[2026-04-03T02:18:09.587+0600][51.488s][info][gc,stats    ]   Update Region States               27 us
[2026-04-03T02:18:09.587+0600][51.488s][info][gc,stats    ] Concurrent Mark Roots              1061 us, parallelism: 1.59x
[2026-04-03T02:18:09.587+0600][51.488s][info][gc,stats    ]   CMR: <total>                     1684 us
[2026-04-03T02:18:09.587+0600][51.488s][info][gc,stats    ]   CMR: Thread Roots                1450 us, workers (us): 392, 540, 518, ---, ---, ---, 
[2026-04-03T02:18:09.587+0600][51.488s][info][gc,stats    ]   CMR: VM Strong Roots               31 us, workers (us):  29,   1,   1, ---, ---, ---, 
[2026-04-03T02:18:09.587+0600][51.488s][info][gc,stats    ]   CMR: CLDG Roots                   203 us, workers (us): 203, ---, ---, ---, ---, ---, 
[2026-04-03T02:18:09.587+0600][51.488s][info][gc,stats    ] Concurrent Marking                34940 us
[2026-04-03T02:18:09.587+0600][51.488s][info][gc,stats    ] Pause Final Mark (G)                896 us
[2026-04-03T02:18:09.587+0600][51.488s][info][gc,stats    ] Pause Final Mark (N)                626 us
[2026-04-03T02:18:09.587+0600][51.488s][info][gc,stats    ]   Finish Mark                       266 us
[2026-04-03T02:18:09.587+0600][51.488s][info][gc,stats    ]   Update Region States               36 us
[2026-04-03T02:18:09.587+0600][51.488s][info][gc,stats    ]   Choose Collection Set             147 us
[2026-04-03T02:18:09.587+0600][51.488s][info][gc,stats    ]   Rebuild Free Set                   52 us
[2026-04-03T02:18:09.587+0600][51.488s][info][gc,stats    ] Concurrent Thread Roots             789 us, parallelism: 2.31x
[2026-04-03T02:18:09.587+0600][51.488s][info][gc,stats    ]   CTR: <total>                     1822 us
[2026-04-03T02:18:09.587+0600][51.488s][info][gc,stats    ]   CTR: Thread Roots                1822 us, workers (us): 649, 620, 554, ---, ---, ---, 
[2026-04-03T02:18:09.587+0600][51.488s][info][gc,stats    ] Concurrent Weak References          612 us, parallelism: 1.00x
[2026-04-03T02:18:09.587+0600][51.488s][info][gc,stats    ]   CWRF: <total>                     611 us
[2026-04-03T02:18:09.587+0600][51.488s][info][gc,stats    ]   CWRF: Weak References             611 us, workers (us): 354, 167,  89, ---, ---, ---, 
[2026-04-03T02:18:09.587+0600][51.488s][info][gc,stats    ] Concurrent Weak Roots              3188 us
[2026-04-03T02:18:09.587+0600][51.488s][info][gc,stats    ]   Roots                            2898 us, parallelism: 2.57x
[2026-04-03T02:18:09.587+0600][51.488s][info][gc,stats    ]     CWR: <total>                   7458 us
[2026-04-03T02:18:09.587+0600][51.488s][info][gc,stats    ]     CWR: Code Cache Roots          5239 us, workers (us): 1798, 1783, 1658, ---, ---, ---, 
[2026-04-03T02:18:09.587+0600][51.488s][info][gc,stats    ]     CWR: VM Weak Roots             2030 us, workers (us): 717, 712, 602, ---, ---, ---, 
[2026-04-03T02:18:09.587+0600][51.488s][info][gc,stats    ]     CWR: CLDG Roots                 188 us, workers (us): ---, ---, 188, ---, ---, ---, 
[2026-04-03T02:18:09.587+0600][51.488s][info][gc,stats    ]   Rendezvous                        217 us
[2026-04-03T02:18:09.587+0600][51.488s][info][gc,stats    ] Concurrent Cleanup                  429 us
[2026-04-03T02:18:09.587+0600][51.488s][info][gc,stats    ] Concurrent Class Unloading        37360 us
[2026-04-03T02:18:09.587+0600][51.488s][info][gc,stats    ]   Unlink Stale                    26719 us
[2026-04-03T02:18:09.587+0600][51.488s][info][gc,stats    ]     System Dictionary               612 us
[2026-04-03T02:18:09.587+0600][51.488s][info][gc,stats    ]     Weak Class Links              14811 us
[2026-04-03T02:18:09.587+0600][51.488s][info][gc,stats    ]     Code Roots                    11293 us
[2026-04-03T02:18:09.587+0600][51.488s][info][gc,stats    ]   Rendezvous                        367 us
[2026-04-03T02:18:09.587+0600][51.488s][info][gc,stats    ]   Purge Unlinked                  10190 us
[2026-04-03T02:18:09.587+0600][51.488s][info][gc,stats    ]     Code Roots                     9200 us
[2026-04-03T02:18:09.587+0600][51.488s][info][gc,stats    ]     CLDG                            989 us
[2026-04-03T02:18:09.587+0600][51.488s][info][gc,stats    ]     Exception Caches                  0 us
[2026-04-03T02:18:09.587+0600][51.488s][info][gc,stats    ] Concurrent Strong Roots             921 us, parallelism: 0.62x
[2026-04-03T02:18:09.587+0600][51.488s][info][gc,stats    ]   CSR: <total>                      575 us
[2026-04-03T02:18:09.587+0600][51.488s][info][gc,stats    ]   CSR: VM Strong Roots               38 us, workers (us):  23,  14,   0, ---, ---, ---, 
[2026-04-03T02:18:09.587+0600][51.488s][info][gc,stats    ]   CSR: CLDG Roots                   538 us, workers (us): 538, ---, ---, ---, ---, ---, 
[2026-04-03T02:18:09.587+0600][51.488s][info][gc,stats    ] Concurrent Evacuation              1261 us
[2026-04-03T02:18:09.587+0600][51.488s][info][gc,stats    ] Pause Init Update Refs (G)          288 us
[2026-04-03T02:18:09.587+0600][51.488s][info][gc,stats    ] Pause Init Update Refs (N)           96 us
[2026-04-03T02:18:09.587+0600][51.488s][info][gc,stats    ]   Manage GCLABs                      39 us
[2026-04-03T02:18:09.587+0600][51.488s][info][gc,stats    ] Concurrent Update Refs            24790 us
[2026-04-03T02:18:09.587+0600][51.488s][info][gc,stats    ] Concurrent Update Thread Roots     1155 us
[2026-04-03T02:18:09.587+0600][51.488s][info][gc,stats    ] Pause Final Update Refs (G)         433 us
[2026-04-03T02:18:09.587+0600][51.488s][info][gc,stats    ] Pause Final Update Refs (N)         136 us
[2026-04-03T02:18:09.587+0600][51.488s][info][gc,stats    ]   Update Region States               36 us
[2026-04-03T02:18:09.587+0600][51.488s][info][gc,stats    ]   Trash Collection Set                5 us
[2026-04-03T02:18:09.587+0600][51.488s][info][gc,stats    ]   Rebuild Free Set                   31 us
[2026-04-03T02:18:09.587+0600][51.488s][info][gc,stats    ] Concurrent Cleanup                  475 us
[2026-04-03T02:18:09.587+0600][51.488s][info][gc,stats    ] 
[2026-04-03T02:18:09.587+0600][51.488s][info][gc,stats    ] Allocation pacing accrued:
[2026-04-03T02:18:09.587+0600][51.488s][info][gc,stats    ]       0 of   112 ms (  0.0%): <total>
[2026-04-03T02:18:09.587+0600][51.488s][info][gc,stats    ]       0 of   112 ms (  0.0%): <average total>
[2026-04-03T02:18:09.587+0600][51.488s][info][gc,stats    ] 
[2026-04-03T02:18:09.587+0600][51.488s][info][gc,metaspace] Metaspace: 131330K(132800K)->130086K(132800K) NonClass: 114780K(115584K)->113739K(115584K) Class: 16549K(17216K)->16346K(17216K)
[2026-04-03T02:18:09.587+0600][51.488s][info][gc,ergo     ] Pacer for Idle. Initial: 15360K, Alloc Tax Rate: 1.0x
[2026-04-03T02:18:09.587+0600][51.488s][info][gc,start    ] Concurrent uncommit
[2026-04-03T02:18:09.670+0600][51.571s][info][gc          ] Concurrent uncommit 90M->100M(103M) 82.610ms
[2026-04-03T02:18:09.885+0600][51.786s][info][gc          ] Trigger: Learning 2 of 5. Free (520M) is below initial threshold (525M)
[2026-04-03T02:18:09.886+0600][51.787s][info][gc,ergo     ] Free: 520M, Max: 256K regular, 367M humongous, Frag: 30% external, 0% internal; Reserve: 38400K, Max: 256K
[2026-04-03T02:18:09.886+0600][51.787s][info][gc,start    ] GC(69) Concurrent reset
[2026-04-03T02:18:09.886+0600][51.787s][info][gc,task     ] GC(69) Using 3 of 6 workers for concurrent reset
[2026-04-03T02:18:09.886+0600][51.787s][info][gc,ergo     ] GC(69) Pacer for Reset. Non-Taxable: 750M
[2026-04-03T02:18:09.886+0600][51.787s][info][gc          ] GC(69) Concurrent reset 0.694ms
[2026-04-03T02:18:09.890+0600][51.791s][info][gc,start    ] GC(69) Pause Init Mark (unload classes)
[2026-04-03T02:18:09.890+0600][51.791s][info][gc,task     ] GC(69) Using 5 of 6 workers for init marking
[2026-04-03T02:18:09.890+0600][51.791s][info][gc,ergo     ] GC(69) Pacer for Mark. Expected Live: 89118K, Free: 520M, Non-Taxable: 53318K, Alloc Tax Rate: 0.2x
[2026-04-03T02:18:09.890+0600][51.791s][info][gc          ] GC(69) Pause Init Mark (unload classes) 0.206ms
[2026-04-03T02:18:09.890+0600][51.791s][info][gc,start    ] GC(69) Concurrent marking roots
[2026-04-03T02:18:09.890+0600][51.791s][info][gc,task     ] GC(69) Using 3 of 6 workers for concurrent marking roots
[2026-04-03T02:18:09.892+0600][51.793s][info][gc          ] GC(69) Concurrent marking roots 1.716ms
[2026-04-03T02:18:09.892+0600][51.793s][info][gc,start    ] GC(69) Concurrent marking (unload classes)
[2026-04-03T02:18:09.892+0600][51.793s][info][gc,task     ] GC(69) Using 3 of 6 workers for concurrent marking
[2026-04-03T02:18:09.954+0600][51.855s][info][gc          ] GC(69) Concurrent marking (unload classes) 61.827ms
[2026-04-03T02:18:09.954+0600][51.855s][info][gc,start    ] GC(69) Pause Final Mark (unload classes)
[2026-04-03T02:18:09.954+0600][51.855s][info][gc,task     ] GC(69) Using 5 of 6 workers for final marking
[2026-04-03T02:18:09.955+0600][51.856s][info][gc,ergo     ] GC(69) Adaptive CSet Selection. Target Free: 106M, Actual Free: 490M, Max CSet: 32000K, Min Garbage: 0B
[2026-04-03T02:18:09.955+0600][51.856s][info][gc,ergo     ] GC(69) Collectable Garbage: 79524K (90%), Immediate: 46514K (53%), CSet: 33009K (37%)
[2026-04-03T02:18:09.955+0600][51.856s][info][gc,ergo     ] GC(69) Pacer for Evacuation. Used CSet: 37087K, Free: 459M, Non-Taxable: 47099K, Alloc Tax Rate: 1.1x
[2026-04-03T02:18:09.955+0600][51.856s][info][gc          ] GC(69) Pause Final Mark (unload classes) 0.585ms
[2026-04-03T02:18:09.955+0600][51.856s][info][gc,start    ] GC(69) Concurrent thread roots
[2026-04-03T02:18:09.955+0600][51.856s][info][gc,task     ] GC(69) Using 3 of 6 workers for Concurrent thread roots
[2026-04-03T02:18:09.956+0600][51.857s][info][gc          ] GC(69) Concurrent thread roots 1.111ms
[2026-04-03T02:18:09.956+0600][51.857s][info][gc,start    ] GC(69) Concurrent weak references
[2026-04-03T02:18:09.956+0600][51.857s][info][gc,task     ] GC(69) Using 3 of 6 workers for concurrent weak references
[2026-04-03T02:18:09.958+0600][51.859s][info][gc,ref      ] GC(69) Encountered references: Soft: 3615, Weak: 14826, Final: 84, Phantom: 621
[2026-04-03T02:18:09.958+0600][51.859s][info][gc,ref      ] GC(69) Discovered  references: Soft: 0, Weak: 8673, Final: 52, Phantom: 224
[2026-04-03T02:18:09.958+0600][51.859s][info][gc,ref      ] GC(69) Enqueued    references: Soft: 0, Weak: 373, Final: 0, Phantom: 0
[2026-04-03T02:18:09.958+0600][51.859s][info][gc          ] GC(69) Concurrent weak references 1.906ms
[2026-04-03T02:18:09.958+0600][51.859s][info][gc,start    ] GC(69) Concurrent weak roots
[2026-04-03T02:18:09.958+0600][51.859s][info][gc,task     ] GC(69) Using 3 of 6 workers for concurrent weak root
[2026-04-03T02:18:09.970+0600][51.871s][info][gc          ] GC(69) Concurrent weak roots 11.812ms
[2026-04-03T02:18:09.970+0600][51.871s][info][gc,start    ] GC(69) Concurrent cleanup
[2026-04-03T02:18:09.970+0600][51.871s][info][gc          ] GC(69) Concurrent cleanup 329M->284M(347M) 0.228ms
[2026-04-03T02:18:09.970+0600][51.871s][info][gc,ergo     ] GC(69) Free: 417M, Max: 256K regular, 299M humongous, Frag: 29% external, 0% internal; Reserve: 37823K, Max: 256K
[2026-04-03T02:18:09.970+0600][51.871s][info][gc,start    ] GC(69) Concurrent class unloading
[2026-04-03T02:18:09.970+0600][51.871s][info][gc,task     ] GC(69) Using 3 of 6 workers for concurrent class unloading
[2026-04-03T02:18:10.003+0600][51.904s][info][gc          ] GC(69) Concurrent class unloading 33.064ms
[2026-04-03T02:18:10.003+0600][51.905s][info][gc,start    ] GC(69) Concurrent strong roots
[2026-04-03T02:18:10.003+0600][51.905s][info][gc,task     ] GC(69) Using 3 of 6 workers for concurrent strong root
[2026-04-03T02:18:10.005+0600][51.906s][info][gc          ] GC(69) Concurrent strong roots 1.370ms
[2026-04-03T02:18:10.005+0600][51.906s][info][gc,start    ] GC(69) Concurrent evacuation
[2026-04-03T02:18:10.005+0600][51.906s][info][gc,task     ] GC(69) Using 3 of 6 workers for concurrent evacuation
[2026-04-03T02:18:10.008+0600][51.909s][info][gc          ] GC(69) Concurrent evacuation 3.204ms
[2026-04-03T02:18:10.008+0600][51.909s][info][gc,start    ] GC(69) Pause Init Update Refs
[2026-04-03T02:18:10.008+0600][51.910s][info][gc,ergo     ] GC(69) Pacer for Update Refs. Used: 310M, Free: 394M, Non-Taxable: 40348K, Alloc Tax Rate: 1.1x
[2026-04-03T02:18:10.008+0600][51.910s][info][gc          ] GC(69) Pause Init Update Refs 0.096ms
[2026-04-03T02:18:10.009+0600][51.910s][info][gc,start    ] GC(69) Concurrent update references
[2026-04-03T02:18:10.009+0600][51.910s][info][gc,task     ] GC(69) Using 3 of 6 workers for concurrent reference update
[2026-04-03T02:18:10.048+0600][51.950s][info][gc          ] GC(69) Concurrent update references 39.901ms
[2026-04-03T02:18:10.049+0600][51.950s][info][gc,start    ] GC(69) Concurrent update thread roots
[2026-04-03T02:18:10.052+0600][51.954s][info][gc          ] GC(69) Concurrent update thread roots 3.900ms
[2026-04-03T02:18:10.055+0600][51.956s][info][gc,start    ] GC(69) Pause Final Update Refs
[2026-04-03T02:18:10.055+0600][51.956s][info][gc,task     ] GC(69) Using 6 of 6 workers for final reference update
[2026-04-03T02:18:10.055+0600][51.956s][info][gc          ] GC(69) Pause Final Update Refs 0.172ms
[2026-04-03T02:18:10.055+0600][51.956s][info][gc,start    ] GC(69) Concurrent cleanup
[2026-04-03T02:18:10.056+0600][51.957s][info][gc          ] GC(69) Concurrent cleanup 409M->377M(444M) 0.733ms
[2026-04-03T02:18:10.056+0600][51.957s][info][gc,ergo     ] Free: 316M, Max: 256K regular, 205M humongous, Frag: 35% external, 0% internal; Reserve: 38400K, Max: 256K
[2026-04-03T02:18:10.056+0600][51.957s][info][gc,stats    ] 
[2026-04-03T02:18:10.056+0600][51.957s][info][gc,stats    ] All times are wall-clock times, except per-root-class counters, that are sum over
[2026-04-03T02:18:10.056+0600][51.957s][info][gc,stats    ] all workers. Dividing the <total> over the root stage time estimates parallelism.
[2026-04-03T02:18:10.056+0600][51.957s][info][gc,stats    ] 
[2026-04-03T02:18:10.056+0600][51.957s][info][gc,stats    ] Concurrent Reset                    776 us
[2026-04-03T02:18:10.056+0600][51.957s][info][gc,stats    ] Pause Init Mark (G)                3862 us
[2026-04-03T02:18:10.056+0600][51.957s][info][gc,stats    ] Pause Init Mark (N)                 218 us
[2026-04-03T02:18:10.056+0600][51.957s][info][gc,stats    ]   Update Region States               50 us
[2026-04-03T02:18:10.056+0600][51.957s][info][gc,stats    ] Concurrent Mark Roots              1760 us, parallelism: 2.22x
[2026-04-03T02:18:10.056+0600][51.957s][info][gc,stats    ]   CMR: <total>                     3912 us
[2026-04-03T02:18:10.056+0600][51.957s][info][gc,stats    ]   CMR: Thread Roots                3365 us, workers (us): 1268, 809, 1288, ---, ---, ---, 
[2026-04-03T02:18:10.056+0600][51.957s][info][gc,stats    ]   CMR: VM Strong Roots               62 us, workers (us):  24,  21,  18, ---, ---, ---, 
[2026-04-03T02:18:10.056+0600][51.957s][info][gc,stats    ]   CMR: CLDG Roots                   485 us, workers (us): ---, 485, ---, ---, ---, ---, 
[2026-04-03T02:18:10.056+0600][51.957s][info][gc,stats    ] Concurrent Marking                61911 us
[2026-04-03T02:18:10.056+0600][51.957s][info][gc,stats    ] Pause Final Mark (G)               1127 us
[2026-04-03T02:18:10.056+0600][51.957s][info][gc,stats    ] Pause Final Mark (N)                598 us
[2026-04-03T02:18:10.056+0600][51.957s][info][gc,stats    ]   Finish Mark                       175 us
[2026-04-03T02:18:10.056+0600][51.957s][info][gc,stats    ]   Update Region States               47 us
[2026-04-03T02:18:10.056+0600][51.957s][info][gc,stats    ]   Choose Collection Set             182 us
[2026-04-03T02:18:10.056+0600][51.957s][info][gc,stats    ]   Rebuild Free Set                   39 us
[2026-04-03T02:18:10.056+0600][51.957s][info][gc,stats    ] Concurrent Thread Roots            1148 us, parallelism: 2.41x
[2026-04-03T02:18:10.056+0600][51.957s][info][gc,stats    ]   CTR: <total>                     2769 us
[2026-04-03T02:18:10.056+0600][51.957s][info][gc,stats    ]   CTR: Thread Roots                2769 us, workers (us): 911, 938, 920, ---, ---, ---, 
[2026-04-03T02:18:10.056+0600][51.957s][info][gc,stats    ] Concurrent Weak References         1921 us, parallelism: 1.75x
[2026-04-03T02:18:10.056+0600][51.957s][info][gc,stats    ]   CWRF: <total>                    3365 us
[2026-04-03T02:18:10.056+0600][51.957s][info][gc,stats    ]   CWRF: Weak References            3365 us, workers (us): 1486, 229, 1649, ---, ---, ---, 
[2026-04-03T02:18:10.056+0600][51.957s][info][gc,stats    ] Concurrent Weak Roots             11904 us
[2026-04-03T02:18:10.056+0600][51.957s][info][gc,stats    ]   Roots                            5893 us, parallelism: 2.74x
[2026-04-03T02:18:10.056+0600][51.957s][info][gc,stats    ]     CWR: <total>                  16120 us
[2026-04-03T02:18:10.056+0600][51.957s][info][gc,stats    ]     CWR: Code Cache Roots         12417 us, workers (us): 4119, 4116, 4182, ---, ---, ---, 
[2026-04-03T02:18:10.056+0600][51.957s][info][gc,stats    ]     CWR: VM Weak Roots             3538 us, workers (us): 1196, 1183, 1159, ---, ---, ---, 
[2026-04-03T02:18:10.056+0600][51.957s][info][gc,stats    ]     CWR: CLDG Roots                 165 us, workers (us): ---, ---, 165, ---, ---, ---, 
[2026-04-03T02:18:10.056+0600][51.957s][info][gc,stats    ]   Rendezvous                       5881 us
[2026-04-03T02:18:10.056+0600][51.957s][info][gc,stats    ] Concurrent Cleanup                  245 us
[2026-04-03T02:18:10.056+0600][51.957s][info][gc,stats    ] Concurrent Class Unloading        33145 us
[2026-04-03T02:18:10.056+0600][51.957s][info][gc,stats    ]   Unlink Stale                    31977 us
[2026-04-03T02:18:10.056+0600][51.958s][info][gc,stats    ]     System Dictionary               561 us
[2026-04-03T02:18:10.056+0600][51.958s][info][gc,stats    ]     Weak Class Links              19838 us
[2026-04-03T02:18:10.056+0600][51.958s][info][gc,stats    ]     Code Roots                    11574 us
[2026-04-03T02:18:10.056+0600][51.958s][info][gc,stats    ]   Rendezvous                        457 us
[2026-04-03T02:18:10.056+0600][51.958s][info][gc,stats    ]   Purge Unlinked                    594 us
[2026-04-03T02:18:10.056+0600][51.958s][info][gc,stats    ]     Code Roots                      566 us
[2026-04-03T02:18:10.056+0600][51.958s][info][gc,stats    ]     CLDG                             27 us
[2026-04-03T02:18:10.056+0600][51.958s][info][gc,stats    ]     Exception Caches                  0 us
[2026-04-03T02:18:10.057+0600][51.958s][info][gc,stats    ] Concurrent Strong Roots            1423 us, parallelism: 0.70x
[2026-04-03T02:18:10.057+0600][51.958s][info][gc,stats    ]   CSR: <total>                      997 us
[2026-04-03T02:18:10.057+0600][51.958s][info][gc,stats    ]   CSR: VM Strong Roots               56 us, workers (us):  53,   1,   1, ---, ---, ---, 
[2026-04-03T02:18:10.057+0600][51.958s][info][gc,stats    ]   CSR: CLDG Roots                   941 us, workers (us): 941, ---, ---, ---, ---, ---, 
[2026-04-03T02:18:10.057+0600][51.958s][info][gc,stats    ] Concurrent Evacuation              3260 us
[2026-04-03T02:18:10.057+0600][51.958s][info][gc,stats    ] Pause Init Update Refs (G)          457 us
[2026-04-03T02:18:10.057+0600][51.958s][info][gc,stats    ] Pause Init Update Refs (N)          107 us
[2026-04-03T02:18:10.057+0600][51.958s][info][gc,stats    ]   Manage GCLABs                      35 us
[2026-04-03T02:18:10.057+0600][51.958s][info][gc,stats    ] Concurrent Update Refs            40002 us
[2026-04-03T02:18:10.057+0600][51.958s][info][gc,stats    ] Concurrent Update Thread Roots     3950 us
[2026-04-03T02:18:10.057+0600][51.958s][info][gc,stats    ] Pause Final Update Refs (G)        2565 us
[2026-04-03T02:18:10.057+0600][51.958s][info][gc,stats    ] Pause Final Update Refs (N)         187 us
[2026-04-03T02:18:10.057+0600][51.958s][info][gc,stats    ]   Update Region States               53 us
[2026-04-03T02:18:10.057+0600][51.958s][info][gc,stats    ]   Trash Collection Set               12 us
[2026-04-03T02:18:10.057+0600][51.958s][info][gc,stats    ]   Rebuild Free Set                   30 us
[2026-04-03T02:18:10.057+0600][51.958s][info][gc,stats    ] Concurrent Cleanup                  764 us
[2026-04-03T02:18:10.057+0600][51.958s][info][gc,stats    ] Pacing                           244951 us
[2026-04-03T02:18:10.057+0600][51.958s][info][gc,stats    ] 
[2026-04-03T02:18:10.057+0600][51.958s][info][gc,stats    ] Allocation pacing accrued:
[2026-04-03T02:18:10.057+0600][51.958s][info][gc,stats    ]      63 of   470 ms ( 13.3%): Executor task launch worker for task 3.0 in stage 1577.0 (TID 2862)
[2026-04-03T02:18:10.057+0600][51.958s][info][gc,stats    ]      55 of   470 ms ( 11.7%): Executor task launch worker for task 2.0 in stage 1577.0 (TID 2861)
[2026-04-03T02:18:10.057+0600][51.958s][info][gc,stats    ]      65 of   470 ms ( 13.7%): Executor task launch worker for task 1.0 in stage 1577.0 (TID 2860)
[2026-04-03T02:18:10.057+0600][51.958s][info][gc,stats    ]      63 of   470 ms ( 13.4%): Executor task launch worker for task 0.0 in stage 1577.0 (TID 2859)
[2026-04-03T02:18:10.057+0600][51.958s][info][gc,stats    ]     245 of   470 ms ( 52.2%): <total>
[2026-04-03T02:18:10.057+0600][51.958s][info][gc,stats    ]       1 of   470 ms (  0.2%): <average total>
[2026-04-03T02:18:10.057+0600][51.958s][info][gc,stats    ]      61 of   470 ms ( 13.0%): <average non-zero>
[2026-04-03T02:18:10.057+0600][51.958s][info][gc,stats    ] 
[2026-04-03T02:18:10.057+0600][51.958s][info][gc,metaspace] Metaspace: 130734K(132800K)->130732K(132800K) NonClass: 114284K(115584K)->114283K(115584K) Class: 16449K(17216K)->16448K(17216K)
[2026-04-03T02:18:10.057+0600][51.958s][info][gc,ergo     ] Pacer for Idle. Initial: 15360K, Alloc Tax Rate: 1.0x
[2026-04-03T02:18:10.058+0600][51.959s][info][gc          ] Trigger: Learning 3 of 5. Free (314M) is below initial threshold (525M)
[2026-04-03T02:18:10.058+0600][51.959s][info][gc,ergo     ] Free: 314M, Max: 256K regular, 205M humongous, Frag: 35% external, 0% internal; Reserve: 38400K, Max: 256K
[2026-04-03T02:18:10.058+0600][51.959s][info][gc,start    ] GC(70) Concurrent reset
[2026-04-03T02:18:10.058+0600][51.959s][info][gc,task     ] GC(70) Using 3 of 6 workers for concurrent reset
[2026-04-03T02:18:10.058+0600][51.959s][info][gc,ergo     ] GC(70) Pacer for Reset. Non-Taxable: 750M
[2026-04-03T02:18:10.059+0600][51.960s][info][gc          ] GC(70) Concurrent reset 1.139ms
[2026-04-03T02:18:10.059+0600][51.961s][info][gc,start    ] GC(70) Pause Init Mark (unload classes)
[2026-04-03T02:18:10.059+0600][51.961s][info][gc,task     ] GC(70) Using 6 of 6 workers for init marking
[2026-04-03T02:18:10.060+0600][51.961s][info][gc,ergo     ] GC(70) Pacer for Mark. Expected Live: 90981K, Free: 313M, Non-Taxable: 32081K, Alloc Tax Rate: 0.3x
[2026-04-03T02:18:10.060+0600][51.961s][info][gc          ] GC(70) Pause Init Mark (unload classes) 0.144ms
[2026-04-03T02:18:10.060+0600][51.961s][info][gc,start    ] GC(70) Concurrent marking roots
[2026-04-03T02:18:10.060+0600][51.961s][info][gc,task     ] GC(70) Using 3 of 6 workers for concurrent marking roots
[2026-04-03T02:18:10.061+0600][51.962s][info][gc          ] GC(70) Concurrent marking roots 1.283ms
[2026-04-03T02:18:10.061+0600][51.962s][info][gc,start    ] GC(70) Concurrent marking (unload classes)
[2026-04-03T02:18:10.061+0600][51.962s][info][gc,task     ] GC(70) Using 3 of 6 workers for concurrent marking
[2026-04-03T02:18:10.129+0600][52.030s][info][gc          ] GC(70) Concurrent marking (unload classes) 67.883ms
[2026-04-03T02:18:10.129+0600][52.030s][info][gc,start    ] GC(70) Pause Final Mark (unload classes)
[2026-04-03T02:18:10.129+0600][52.030s][info][gc,task     ] GC(70) Using 6 of 6 workers for final marking
[2026-04-03T02:18:10.130+0600][52.031s][info][gc,ergo     ] GC(70) Collectable Garbage: 282M (95%), Immediate: 282M (95%), CSet: 0B (0%)
[2026-04-03T02:18:10.130+0600][52.031s][info][gc          ] GC(70) Pause Final Mark (unload classes) 0.694ms
[2026-04-03T02:18:10.130+0600][52.031s][info][gc,start    ] GC(70) Concurrent weak references
[2026-04-03T02:18:10.130+0600][52.031s][info][gc,task     ] GC(70) Using 3 of 6 workers for concurrent weak references
[2026-04-03T02:18:10.131+0600][52.032s][info][gc,ref      ] GC(70) Encountered references: Soft: 3612, Weak: 14452, Final: 84, Phantom: 621
[2026-04-03T02:18:10.131+0600][52.032s][info][gc,ref      ] GC(70) Discovered  references: Soft: 0, Weak: 8162, Final: 52, Phantom: 617
[2026-04-03T02:18:10.131+0600][52.032s][info][gc,ref      ] GC(70) Enqueued    references: Soft: 0, Weak: 5, Final: 0, Phantom: 0
[2026-04-03T02:18:10.131+0600][52.032s][info][gc          ] GC(70) Concurrent weak references 1.148ms
[2026-04-03T02:18:10.131+0600][52.032s][info][gc,start    ] GC(70) Concurrent weak roots
[2026-04-03T02:18:10.131+0600][52.032s][info][gc,task     ] GC(70) Using 3 of 6 workers for concurrent weak root
[2026-04-03T02:18:10.136+0600][52.037s][info][gc          ] GC(70) Concurrent weak roots 4.845ms
[2026-04-03T02:18:10.136+0600][52.037s][info][gc,start    ] GC(70) Concurrent cleanup
[2026-04-03T02:18:10.136+0600][52.037s][info][gc          ] GC(70) Concurrent cleanup 425M->143M(449M) 0.346ms
[2026-04-03T02:18:10.136+0600][52.038s][info][gc,ergo     ] GC(70) Free: 564M, Max: 256K regular, 201M humongous, Frag: 65% external, 0% internal; Reserve: 38400K, Max: 256K
[2026-04-03T02:18:10.136+0600][52.038s][info][gc,start    ] GC(70) Concurrent class unloading
[2026-04-03T02:18:10.136+0600][52.038s][info][gc,task     ] GC(70) Using 3 of 6 workers for concurrent class unloading
[2026-04-03T02:18:10.150+0600][52.051s][info][gc          ] GC(70) Concurrent class unloading 13.071ms
[2026-04-03T02:18:10.150+0600][52.051s][info][gc,start    ] GC(70) Pause Final Roots
[2026-04-03T02:18:10.150+0600][52.051s][info][gc          ] GC(70) Pause Final Roots 0.045ms
[2026-04-03T02:18:10.150+0600][52.051s][info][gc,ergo     ] Free: 557M, Max: 256K regular, 201M humongous, Frag: 64% external, 0% internal; Reserve: 38400K, Max: 256K
[2026-04-03T02:18:10.150+0600][52.051s][info][gc,stats    ] 
[2026-04-03T02:18:10.150+0600][52.051s][info][gc,stats    ] All times are wall-clock times, except per-root-class counters, that are sum over
[2026-04-03T02:18:10.150+0600][52.051s][info][gc,stats    ] all workers. Dividing the <total> over the root stage time estimates parallelism.
[2026-04-03T02:18:10.150+0600][52.051s][info][gc,stats    ] 
[2026-04-03T02:18:10.150+0600][52.051s][info][gc,stats    ] Concurrent Reset                   1185 us
[2026-04-03T02:18:10.150+0600][52.051s][info][gc,stats    ] Pause Init Mark (G)                 386 us
[2026-04-03T02:18:10.150+0600][52.051s][info][gc,stats    ] Pause Init Mark (N)                 157 us
[2026-04-03T02:18:10.150+0600][52.051s][info][gc,stats    ]   Update Region States               37 us
[2026-04-03T02:18:10.150+0600][52.051s][info][gc,stats    ] Concurrent Mark Roots              1338 us, parallelism: 1.81x
[2026-04-03T02:18:10.150+0600][52.051s][info][gc,stats    ]   CMR: <total>                     2419 us
[2026-04-03T02:18:10.150+0600][52.051s][info][gc,stats    ]   CMR: Thread Roots                2013 us, workers (us): 781, 799, 432, ---, ---, ---, 
[2026-04-03T02:18:10.150+0600][52.051s][info][gc,stats    ]   CMR: VM Strong Roots               45 us, workers (us):  38,   6,   1, ---, ---, ---, 
[2026-04-03T02:18:10.150+0600][52.051s][info][gc,stats    ]   CMR: CLDG Roots                   361 us, workers (us): ---, ---, 361, ---, ---, ---, 
[2026-04-03T02:18:10.150+0600][52.051s][info][gc,stats    ] Concurrent Marking                67970 us
[2026-04-03T02:18:10.150+0600][52.051s][info][gc,stats    ] Pause Final Mark (G)                974 us
[2026-04-03T02:18:10.150+0600][52.051s][info][gc,stats    ] Pause Final Mark (N)                714 us
[2026-04-03T02:18:10.150+0600][52.051s][info][gc,stats    ]   Finish Mark                       370 us
[2026-04-03T02:18:10.150+0600][52.051s][info][gc,stats    ]   Update Region States               61 us
[2026-04-03T02:18:10.150+0600][52.051s][info][gc,stats    ]   Choose Collection Set             114 us
[2026-04-03T02:18:10.150+0600][52.051s][info][gc,stats    ]   Rebuild Free Set                   35 us
[2026-04-03T02:18:10.150+0600][52.051s][info][gc,stats    ] Concurrent Weak References         1165 us, parallelism: 0.84x
[2026-04-03T02:18:10.150+0600][52.051s][info][gc,stats    ]   CWRF: <total>                     981 us
[2026-04-03T02:18:10.150+0600][52.051s][info][gc,stats    ]   CWRF: Weak References             981 us, workers (us): 175,   2, 805, ---, ---, ---, 
[2026-04-03T02:18:10.150+0600][52.051s][info][gc,stats    ] Concurrent Weak Roots              4926 us
[2026-04-03T02:18:10.150+0600][52.051s][info][gc,stats    ]   Roots                            4263 us, parallelism: 2.63x
[2026-04-03T02:18:10.150+0600][52.052s][info][gc,stats    ]     CWR: <total>                  11228 us
[2026-04-03T02:18:10.150+0600][52.052s][info][gc,stats    ]     CWR: Code Cache Roots          9434 us, workers (us): 3129, 3166, 3139, ---, ---, ---, 
[2026-04-03T02:18:10.150+0600][52.052s][info][gc,stats    ]     CWR: VM Weak Roots             1726 us, workers (us): 598, 598, 530, ---, ---, ---, 
[2026-04-03T02:18:10.150+0600][52.052s][info][gc,stats    ]     CWR: CLDG Roots                  68 us, workers (us):  68, ---, ---, ---, ---, ---, 
[2026-04-03T02:18:10.150+0600][52.052s][info][gc,stats    ]   Rendezvous                        544 us
[2026-04-03T02:18:10.150+0600][52.052s][info][gc,stats    ] Concurrent Cleanup                  366 us
[2026-04-03T02:18:10.150+0600][52.052s][info][gc,stats    ] Concurrent Class Unloading        13168 us
[2026-04-03T02:18:10.150+0600][52.052s][info][gc,stats    ]   Unlink Stale                    12412 us
[2026-04-03T02:18:10.150+0600][52.052s][info][gc,stats    ]     System Dictionary               277 us
[2026-04-03T02:18:10.150+0600][52.052s][info][gc,stats    ]     Weak Class Links                  1 us
[2026-04-03T02:18:10.151+0600][52.052s][info][gc,stats    ]     Code Roots                    12131 us
[2026-04-03T02:18:10.151+0600][52.052s][info][gc,stats    ]   Rendezvous                        392 us
[2026-04-03T02:18:10.151+0600][52.052s][info][gc,stats    ]   Purge Unlinked                    232 us
[2026-04-03T02:18:10.151+0600][52.052s][info][gc,stats    ]     Code Roots                      216 us
[2026-04-03T02:18:10.151+0600][52.052s][info][gc,stats    ]     CLDG                             16 us
[2026-04-03T02:18:10.151+0600][52.052s][info][gc,stats    ]     Exception Caches                  0 us
[2026-04-03T02:18:10.151+0600][52.052s][info][gc,stats    ] Pause Final Roots (G)               402 us
[2026-04-03T02:18:10.151+0600][52.052s][info][gc,stats    ] Pause Final Roots (N)                89 us
[2026-04-03T02:18:10.151+0600][52.052s][info][gc,stats    ] 
[2026-04-03T02:18:10.151+0600][52.052s][info][gc,stats    ] Allocation pacing accrued:
[2026-04-03T02:18:10.151+0600][52.052s][info][gc,stats    ]       0 of    94 ms (  0.0%): <total>
[2026-04-03T02:18:10.151+0600][52.052s][info][gc,stats    ]       0 of    94 ms (  0.0%): <average total>
[2026-04-03T02:18:10.151+0600][52.052s][info][gc,stats    ] 
[2026-04-03T02:18:10.151+0600][52.052s][info][gc,metaspace] Metaspace: 130732K(132800K)->130741K(132800K) NonClass: 114283K(115584K)->114292K(115584K) Class: 16448K(17216K)->16449K(17216K)
[2026-04-03T02:18:10.151+0600][52.052s][info][gc,ergo     ] Pacer for Idle. Initial: 15360K, Alloc Tax Rate: 1.0x
[2026-04-03T02:18:10.159+0600][52.061s][info][gc          ] Trigger: Learning 4 of 5. Free (518M) is below initial threshold (525M)
[2026-04-03T02:18:10.160+0600][52.061s][info][gc,ergo     ] Free: 518M, Max: 256K regular, 201M humongous, Frag: 62% external, 0% internal; Reserve: 38400K, Max: 256K
[2026-04-03T02:18:10.160+0600][52.061s][info][gc,start    ] GC(71) Concurrent reset
[2026-04-03T02:18:10.160+0600][52.061s][info][gc,task     ] GC(71) Using 3 of 6 workers for concurrent reset
[2026-04-03T02:18:10.160+0600][52.061s][info][gc,ergo     ] GC(71) Pacer for Reset. Non-Taxable: 750M
[2026-04-03T02:18:10.161+0600][52.062s][info][gc          ] GC(71) Concurrent reset 1.438ms
[2026-04-03T02:18:10.162+0600][52.063s][info][gc,start    ] GC(71) Pause Init Mark (unload classes)
[2026-04-03T02:18:10.162+0600][52.063s][info][gc,task     ] GC(71) Using 6 of 6 workers for init marking
[2026-04-03T02:18:10.162+0600][52.064s][info][gc,ergo     ] GC(71) Pacer for Mark. Expected Live: 89859K, Free: 500M, Non-Taxable: 51257K, Alloc Tax Rate: 0.2x
[2026-04-03T02:18:10.162+0600][52.064s][info][gc          ] GC(71) Pause Init Mark (unload classes) 0.167ms
[2026-04-03T02:18:10.163+0600][52.064s][info][gc,start    ] GC(71) Concurrent marking roots
[2026-04-03T02:18:10.163+0600][52.064s][info][gc,task     ] GC(71) Using 3 of 6 workers for concurrent marking roots
[2026-04-03T02:18:10.165+0600][52.066s][info][gc          ] GC(71) Concurrent marking roots 2.815ms
[2026-04-03T02:18:10.165+0600][52.067s][info][gc,start    ] GC(71) Concurrent marking (unload classes)
[2026-04-03T02:18:10.166+0600][52.067s][info][gc,task     ] GC(71) Using 3 of 6 workers for concurrent marking
[2026-04-03T02:18:10.220+0600][52.121s][info][gc          ] GC(71) Concurrent marking (unload classes) 54.101ms
[2026-04-03T02:18:10.221+0600][52.122s][info][gc,start    ] GC(71) Pause Final Mark (unload classes)
[2026-04-03T02:18:10.221+0600][52.122s][info][gc,task     ] GC(71) Using 6 of 6 workers for final marking
[2026-04-03T02:18:10.221+0600][52.122s][info][gc,ergo     ] GC(71) Adaptive CSet Selection. Target Free: 106M, Actual Free: 491M, Max CSet: 32000K, Min Garbage: 0B
[2026-04-03T02:18:10.221+0600][52.122s][info][gc,ergo     ] GC(71) Collectable Garbage: 98998K (92%), Immediate: 74271K (69%), CSet: 24726K (23%)
[2026-04-03T02:18:10.221+0600][52.122s][info][gc,ergo     ] GC(71) Pacer for Evacuation. Used CSet: 27589K, Free: 461M, Non-Taxable: 47218K, Alloc Tax Rate: 1.1x
[2026-04-03T02:18:10.221+0600][52.122s][info][gc          ] GC(71) Pause Final Mark (unload classes) 0.615ms
[2026-04-03T02:18:10.221+0600][52.122s][info][gc,start    ] GC(71) Concurrent thread roots
[2026-04-03T02:18:10.221+0600][52.122s][info][gc,task     ] GC(71) Using 3 of 6 workers for Concurrent thread roots
[2026-04-03T02:18:10.222+0600][52.123s][info][gc          ] GC(71) Concurrent thread roots 1.055ms
[2026-04-03T02:18:10.222+0600][52.124s][info][gc,start    ] GC(71) Concurrent weak references
[2026-04-03T02:18:10.222+0600][52.124s][info][gc,task     ] GC(71) Using 3 of 6 workers for concurrent weak references
[2026-04-03T02:18:10.223+0600][52.125s][info][gc,ref      ] GC(71) Encountered references: Soft: 3619, Weak: 14651, Final: 84, Phantom: 628
[2026-04-03T02:18:10.223+0600][52.125s][info][gc,ref      ] GC(71) Discovered  references: Soft: 0, Weak: 8703, Final: 48, Phantom: 231
[2026-04-03T02:18:10.223+0600][52.125s][info][gc,ref      ] GC(71) Enqueued    references: Soft: 0, Weak: 246, Final: 0, Phantom: 0
[2026-04-03T02:18:10.223+0600][52.125s][info][gc          ] GC(71) Concurrent weak references 1.053ms
[2026-04-03T02:18:10.223+0600][52.125s][info][gc,start    ] GC(71) Concurrent weak roots
[2026-04-03T02:18:10.223+0600][52.125s][info][gc,task     ] GC(71) Using 3 of 6 workers for concurrent weak root
[2026-04-03T02:18:10.230+0600][52.131s][info][gc          ] GC(71) Concurrent weak roots 6.194ms
[2026-04-03T02:18:10.230+0600][52.131s][info][gc,start    ] GC(71) Concurrent cleanup
[2026-04-03T02:18:10.230+0600][52.131s][info][gc          ] GC(71) Concurrent cleanup 351M->278M(449M) 0.289ms
[2026-04-03T02:18:10.230+0600][52.131s][info][gc,ergo     ] GC(71) Free: 423M, Max: 256K regular, 203M humongous, Frag: 52% external, 0% internal; Reserve: 37535K, Max: 256K
[2026-04-03T02:18:10.230+0600][52.131s][info][gc,start    ] GC(71) Concurrent class unloading
[2026-04-03T02:18:10.230+0600][52.131s][info][gc,task     ] GC(71) Using 3 of 6 workers for concurrent class unloading
[2026-04-03T02:18:10.243+0600][52.144s][info][gc          ] GC(71) Concurrent class unloading 13.223ms
[2026-04-03T02:18:10.243+0600][52.145s][info][gc,start    ] GC(71) Concurrent strong roots
[2026-04-03T02:18:10.243+0600][52.145s][info][gc,task     ] GC(71) Using 3 of 6 workers for concurrent strong root
[2026-04-03T02:18:10.245+0600][52.146s][info][gc          ] GC(71) Concurrent strong roots 1.179ms
[2026-04-03T02:18:10.245+0600][52.146s][info][gc,start    ] GC(71) Concurrent evacuation
[2026-04-03T02:18:10.245+0600][52.146s][info][gc,task     ] GC(71) Using 3 of 6 workers for concurrent evacuation
[2026-04-03T02:18:10.247+0600][52.148s][info][gc          ] GC(71) Concurrent evacuation 2.012ms
[2026-04-03T02:18:10.247+0600][52.148s][info][gc,start    ] GC(71) Pause Init Update Refs
[2026-04-03T02:18:10.247+0600][52.148s][info][gc,ergo     ] GC(71) Pacer for Update Refs. Used: 294M, Free: 409M, Non-Taxable: 41897K, Alloc Tax Rate: 1.1x
[2026-04-03T02:18:10.247+0600][52.148s][info][gc          ] GC(71) Pause Init Update Refs 0.128ms
[2026-04-03T02:18:10.247+0600][52.148s][info][gc,start    ] GC(71) Concurrent update references
[2026-04-03T02:18:10.247+0600][52.148s][info][gc,task     ] GC(71) Using 3 of 6 workers for concurrent reference update
[2026-04-03T02:18:10.285+0600][52.186s][info][gc          ] GC(71) Concurrent update references 37.458ms
[2026-04-03T02:18:10.285+0600][52.186s][info][gc,start    ] GC(71) Concurrent update thread roots
[2026-04-03T02:18:10.287+0600][52.188s][info][gc          ] GC(71) Concurrent update thread roots 1.921ms
[2026-04-03T02:18:10.287+0600][52.188s][info][gc,start    ] GC(71) Pause Final Update Refs
[2026-04-03T02:18:10.287+0600][52.188s][info][gc,task     ] GC(71) Using 6 of 6 workers for final reference update
[2026-04-03T02:18:10.287+0600][52.188s][info][gc          ] GC(71) Pause Final Update Refs 0.160ms
[2026-04-03T02:18:10.287+0600][52.188s][info][gc,start    ] GC(71) Concurrent cleanup
[2026-04-03T02:18:10.288+0600][52.189s][info][gc          ] GC(71) Concurrent cleanup 372M->345M(452M) 0.597ms
[2026-04-03T02:18:10.288+0600][52.189s][info][gc,ergo     ] Free: 350M, Max: 256K regular, 244M humongous, Frag: 30% external, 0% internal; Reserve: 38400K, Max: 256K
[2026-04-03T02:18:10.288+0600][52.189s][info][gc,stats    ] 
[2026-04-03T02:18:10.288+0600][52.189s][info][gc,stats    ] All times are wall-clock times, except per-root-class counters, that are sum over
[2026-04-03T02:18:10.288+0600][52.189s][info][gc,stats    ] all workers. Dividing the <total> over the root stage time estimates parallelism.
[2026-04-03T02:18:10.288+0600][52.189s][info][gc,stats    ] 
[2026-04-03T02:18:10.288+0600][52.189s][info][gc,stats    ] Concurrent Reset                   1530 us
[2026-04-03T02:18:10.288+0600][52.189s][info][gc,stats    ] Pause Init Mark (G)                1077 us
[2026-04-03T02:18:10.288+0600][52.189s][info][gc,stats    ] Pause Init Mark (N)                 177 us
[2026-04-03T02:18:10.288+0600][52.189s][info][gc,stats    ]   Update Region States               41 us
[2026-04-03T02:18:10.288+0600][52.189s][info][gc,stats    ] Concurrent Mark Roots              2937 us, parallelism: 1.87x
[2026-04-03T02:18:10.288+0600][52.189s][info][gc,stats    ]   CMR: <total>                     5481 us
[2026-04-03T02:18:10.288+0600][52.189s][info][gc,stats    ]   CMR: Thread Roots                4717 us, workers (us): 1828, 1144, 1745, ---, ---, ---, 
[2026-04-03T02:18:10.288+0600][52.189s][info][gc,stats    ]   CMR: VM Strong Roots              137 us, workers (us):  53,  48,  36, ---, ---, ---, 
[2026-04-03T02:18:10.288+0600][52.189s][info][gc,stats    ]   CMR: CLDG Roots                   627 us, workers (us): ---, 627, ---, ---, ---, ---, 
[2026-04-03T02:18:10.288+0600][52.189s][info][gc,stats    ] Concurrent Marking                54180 us
[2026-04-03T02:18:10.288+0600][52.189s][info][gc,stats    ] Pause Final Mark (G)               1646 us
[2026-04-03T02:18:10.288+0600][52.189s][info][gc,stats    ] Pause Final Mark (N)                644 us
[2026-04-03T02:18:10.288+0600][52.189s][info][gc,stats    ]   Finish Mark                       282 us
[2026-04-03T02:18:10.288+0600][52.189s][info][gc,stats    ]   Update Region States               43 us
[2026-04-03T02:18:10.288+0600][52.189s][info][gc,stats    ]   Choose Collection Set             145 us
[2026-04-03T02:18:10.288+0600][52.189s][info][gc,stats    ]   Rebuild Free Set                   32 us
[2026-04-03T02:18:10.288+0600][52.189s][info][gc,stats    ] Concurrent Thread Roots            1096 us, parallelism: 2.16x
[2026-04-03T02:18:10.288+0600][52.189s][info][gc,stats    ]   CTR: <total>                     2369 us
[2026-04-03T02:18:10.288+0600][52.189s][info][gc,stats    ]   CTR: Thread Roots                2369 us, workers (us): 808, 782, 779, ---, ---, ---, 
[2026-04-03T02:18:10.288+0600][52.189s][info][gc,stats    ] Concurrent Weak References         1065 us, parallelism: 1.03x
[2026-04-03T02:18:10.288+0600][52.190s][info][gc,stats    ]   CWRF: <total>                    1097 us
[2026-04-03T02:18:10.288+0600][52.190s][info][gc,stats    ]   CWRF: Weak References            1097 us, workers (us): 175, 826,  95, ---, ---, ---, 
[2026-04-03T02:18:10.288+0600][52.190s][info][gc,stats    ] Concurrent Weak Roots              6315 us
[2026-04-03T02:18:10.288+0600][52.190s][info][gc,stats    ]   Roots                            5415 us, parallelism: 2.73x
[2026-04-03T02:18:10.288+0600][52.190s][info][gc,stats    ]     CWR: <total>                  14786 us
[2026-04-03T02:18:10.288+0600][52.190s][info][gc,stats    ]     CWR: Code Cache Roots         12193 us, workers (us): 4044, 3908, 4241, ---, ---, ---, 
[2026-04-03T02:18:10.288+0600][52.190s][info][gc,stats    ]     CWR: VM Weak Roots             2414 us, workers (us): 816, 807, 791, ---, ---, ---, 
[2026-04-03T02:18:10.288+0600][52.190s][info][gc,stats    ]     CWR: CLDG Roots                 179 us, workers (us): ---, 179, ---, ---, ---, ---, 
[2026-04-03T02:18:10.289+0600][52.190s][info][gc,stats    ]   Rendezvous                        751 us
[2026-04-03T02:18:10.289+0600][52.190s][info][gc,stats    ] Concurrent Cleanup                  306 us
[2026-04-03T02:18:10.289+0600][52.190s][info][gc,stats    ] Concurrent Class Unloading        13317 us
[2026-04-03T02:18:10.289+0600][52.190s][info][gc,stats    ]   Unlink Stale                    12254 us
[2026-04-03T02:18:10.289+0600][52.190s][info][gc,stats    ]     System Dictionary               311 us
[2026-04-03T02:18:10.289+0600][52.190s][info][gc,stats    ]     Weak Class Links                  1 us
[2026-04-03T02:18:10.289+0600][52.190s][info][gc,stats    ]     Code Roots                    11937 us
[2026-04-03T02:18:10.289+0600][52.190s][info][gc,stats    ]   Rendezvous                        529 us
[2026-04-03T02:18:10.289+0600][52.190s][info][gc,stats    ]   Purge Unlinked                    403 us
[2026-04-03T02:18:10.289+0600][52.190s][info][gc,stats    ]     Code Roots                      390 us
[2026-04-03T02:18:10.289+0600][52.190s][info][gc,stats    ]     CLDG                             12 us
[2026-04-03T02:18:10.289+0600][52.190s][info][gc,stats    ]     Exception Caches                  0 us
[2026-04-03T02:18:10.289+0600][52.190s][info][gc,stats    ] Concurrent Strong Roots            1278 us, parallelism: 0.51x
[2026-04-03T02:18:10.289+0600][52.190s][info][gc,stats    ]   CSR: <total>                      650 us
[2026-04-03T02:18:10.289+0600][52.190s][info][gc,stats    ]   CSR: VM Strong Roots               32 us, workers (us):  31,   2,   0, ---, ---, ---, 
[2026-04-03T02:18:10.289+0600][52.190s][info][gc,stats    ]   CSR: CLDG Roots                   618 us, workers (us): 618, ---, ---, ---, ---, ---, 
[2026-04-03T02:18:10.289+0600][52.190s][info][gc,stats    ] Concurrent Evacuation              2089 us
[2026-04-03T02:18:10.289+0600][52.190s][info][gc,stats    ] Pause Init Update Refs (G)          404 us
[2026-04-03T02:18:10.289+0600][52.190s][info][gc,stats    ] Pause Init Update Refs (N)          139 us
[2026-04-03T02:18:10.289+0600][52.190s][info][gc,stats    ]   Manage GCLABs                      36 us
[2026-04-03T02:18:10.289+0600][52.190s][info][gc,stats    ] Concurrent Update Refs            37576 us
[2026-04-03T02:18:10.289+0600][52.190s][info][gc,stats    ] Concurrent Update Thread Roots     2020 us
[2026-04-03T02:18:10.289+0600][52.190s][info][gc,stats    ] Pause Final Update Refs (G)         428 us
[2026-04-03T02:18:10.289+0600][52.190s][info][gc,stats    ] Pause Final Update Refs (N)         175 us
[2026-04-03T02:18:10.289+0600][52.190s][info][gc,stats    ]   Update Region States               54 us
[2026-04-03T02:18:10.289+0600][52.190s][info][gc,stats    ]   Trash Collection Set               10 us
[2026-04-03T02:18:10.289+0600][52.190s][info][gc,stats    ]   Rebuild Free Set                   40 us
[2026-04-03T02:18:10.289+0600][52.190s][info][gc,stats    ] Concurrent Cleanup                  644 us
[2026-04-03T02:18:10.289+0600][52.190s][info][gc,stats    ] Pacing                           258320 us
[2026-04-03T02:18:10.289+0600][52.190s][info][gc,stats    ] 
[2026-04-03T02:18:10.289+0600][52.190s][info][gc,stats    ] Allocation pacing accrued:
[2026-04-03T02:18:10.289+0600][52.190s][info][gc,stats    ]      45 of   138 ms ( 32.3%): Executor task launch worker for task 3.0 in stage 1583.0 (TID 2878)
[2026-04-03T02:18:10.289+0600][52.190s][info][gc,stats    ]      72 of   138 ms ( 51.8%): Executor task launch worker for task 1.0 in stage 1583.0 (TID 2876)
[2026-04-03T02:18:10.289+0600][52.190s][info][gc,stats    ]      71 of   138 ms ( 51.3%): Executor task launch worker for task 0.0 in stage 1583.0 (TID 2875)
[2026-04-03T02:18:10.289+0600][52.190s][info][gc,stats    ]      71 of   138 ms ( 51.3%): Executor task launch worker for task 2.0 in stage 1583.0 (TID 2877)
[2026-04-03T02:18:10.289+0600][52.190s][info][gc,stats    ]     258 of   138 ms (186.8%): <total>
[2026-04-03T02:18:10.289+0600][52.190s][info][gc,stats    ]       1 of   138 ms (  0.6%): <average total>
[2026-04-03T02:18:10.289+0600][52.190s][info][gc,stats    ]      65 of   138 ms ( 46.7%): <average non-zero>
[2026-04-03T02:18:10.289+0600][52.190s][info][gc,stats    ] 
[2026-04-03T02:18:10.289+0600][52.190s][info][gc,metaspace] Metaspace: 130745K(132800K)->130748K(132800K) NonClass: 114295K(115584K)->114298K(115584K) Class: 16449K(17216K)->16449K(17216K)
[2026-04-03T02:18:10.289+0600][52.190s][info][gc,ergo     ] Pacer for Idle. Initial: 15360K, Alloc Tax Rate: 1.0x
[2026-04-03T02:18:10.290+0600][52.191s][info][gc          ] Trigger: Learning 5 of 5. Free (343M) is below initial threshold (525M)
[2026-04-03T02:18:10.290+0600][52.191s][info][gc,ergo     ] Free: 343M, Max: 256K regular, 244M humongous, Frag: 29% external, 0% internal; Reserve: 38400K, Max: 256K
[2026-04-03T02:18:10.290+0600][52.191s][info][gc,start    ] GC(72) Concurrent reset
[2026-04-03T02:18:10.290+0600][52.191s][info][gc,task     ] GC(72) Using 3 of 6 workers for concurrent reset
[2026-04-03T02:18:10.290+0600][52.191s][info][gc,ergo     ] GC(72) Pacer for Reset. Non-Taxable: 750M
[2026-04-03T02:18:10.292+0600][52.193s][info][gc          ] GC(72) Concurrent reset 1.302ms
[2026-04-03T02:18:10.292+0600][52.193s][info][gc,start    ] GC(72) Pause Init Mark (unload classes)
[2026-04-03T02:18:10.292+0600][52.193s][info][gc,task     ] GC(72) Using 6 of 6 workers for init marking
[2026-04-03T02:18:10.292+0600][52.193s][info][gc,ergo     ] GC(72) Pacer for Mark. Expected Live: 91822K, Free: 341M, Non-Taxable: 34957K, Alloc Tax Rate: 0.3x
[2026-04-03T02:18:10.292+0600][52.193s][info][gc          ] GC(72) Pause Init Mark (unload classes) 0.095ms
[2026-04-03T02:18:10.292+0600][52.193s][info][gc,start    ] GC(72) Concurrent marking roots
[2026-04-03T02:18:10.292+0600][52.193s][info][gc,task     ] GC(72) Using 3 of 6 workers for concurrent marking roots
[2026-04-03T02:18:10.296+0600][52.197s][info][gc          ] GC(72) Concurrent marking roots 3.817ms
[2026-04-03T02:18:10.296+0600][52.197s][info][gc,start    ] GC(72) Concurrent marking (unload classes)
[2026-04-03T02:18:10.296+0600][52.197s][info][gc,task     ] GC(72) Using 3 of 6 workers for concurrent marking
[2026-04-03T02:18:10.357+0600][52.258s][info][gc          ] GC(72) Concurrent marking (unload classes) 61.147ms
[2026-04-03T02:18:10.357+0600][52.259s][info][gc,start    ] GC(72) Pause Final Mark (unload classes)
[2026-04-03T02:18:10.357+0600][52.259s][info][gc,task     ] GC(72) Using 6 of 6 workers for final marking
[2026-04-03T02:18:10.358+0600][52.259s][info][gc,ergo     ] GC(72) Adaptive CSet Selection. Target Free: 106M, Actual Free: 569M, Max CSet: 32000K, Min Garbage: 0B
[2026-04-03T02:18:10.358+0600][52.259s][info][gc,ergo     ] GC(72) Collectable Garbage: 257M (96%), Immediate: 241M (90%), CSet: 17312K (6%)
[2026-04-03T02:18:10.358+0600][52.259s][info][gc,ergo     ] GC(72) Pacer for Evacuation. Used CSet: 21503K, Free: 547M, Non-Taxable: 56065K, Alloc Tax Rate: 1.1x
[2026-04-03T02:18:10.358+0600][52.259s][info][gc          ] GC(72) Pause Final Mark (unload classes) 0.826ms
[2026-04-03T02:18:10.358+0600][52.259s][info][gc,start    ] GC(72) Concurrent thread roots
[2026-04-03T02:18:10.358+0600][52.260s][info][gc,task     ] GC(72) Using 3 of 6 workers for Concurrent thread roots
[2026-04-03T02:18:10.360+0600][52.261s][info][gc          ] GC(72) Concurrent thread roots 1.131ms
[2026-04-03T02:18:10.360+0600][52.261s][info][gc,start    ] GC(72) Concurrent weak references
[2026-04-03T02:18:10.360+0600][52.261s][info][gc,task     ] GC(72) Using 3 of 6 workers for concurrent weak references
[2026-04-03T02:18:10.360+0600][52.262s][info][gc,ref      ] GC(72) Encountered references: Soft: 3623, Weak: 14486, Final: 84, Phantom: 621
[2026-04-03T02:18:10.360+0600][52.262s][info][gc,ref      ] GC(72) Discovered  references: Soft: 0, Weak: 7992, Final: 77, Phantom: 222
[2026-04-03T02:18:10.360+0600][52.262s][info][gc,ref      ] GC(72) Enqueued    references: Soft: 0, Weak: 16, Final: 0, Phantom: 0
[2026-04-03T02:18:10.360+0600][52.262s][info][gc          ] GC(72) Concurrent weak references 0.905ms
[2026-04-03T02:18:10.360+0600][52.262s][info][gc,start    ] GC(72) Concurrent weak roots
[2026-04-03T02:18:10.360+0600][52.262s][info][gc,task     ] GC(72) Using 3 of 6 workers for concurrent weak root
[2026-04-03T02:18:10.365+0600][52.266s][info][gc          ] GC(72) Concurrent weak roots 4.184ms
[2026-04-03T02:18:10.365+0600][52.266s][info][gc,start    ] GC(72) Concurrent cleanup
[2026-04-03T02:18:10.366+0600][52.267s][info][gc          ] GC(72) Concurrent cleanup 403M->162M(452M) 0.680ms
[2026-04-03T02:18:10.366+0600][52.267s][info][gc,ergo     ] GC(72) Free: 545M, Max: 256K regular, 227M humongous, Frag: 59% external, 0% internal; Reserve: 38264K, Max: 256K
[2026-04-03T02:18:10.366+0600][52.267s][info][gc,start    ] GC(72) Concurrent class unloading
[2026-04-03T02:18:10.366+0600][52.267s][info][gc,task     ] GC(72) Using 3 of 6 workers for concurrent class unloading
[2026-04-03T02:18:10.379+0600][52.280s][info][gc          ] GC(72) Concurrent class unloading 12.827ms
[2026-04-03T02:18:10.379+0600][52.280s][info][gc,start    ] GC(72) Concurrent strong roots
[2026-04-03T02:18:10.379+0600][52.280s][info][gc,task     ] GC(72) Using 3 of 6 workers for concurrent strong root
[2026-04-03T02:18:10.380+0600][52.281s][info][gc          ] GC(72) Concurrent strong roots 1.011ms
[2026-04-03T02:18:10.380+0600][52.281s][info][gc,start    ] GC(72) Concurrent evacuation
[2026-04-03T02:18:10.380+0600][52.281s][info][gc,task     ] GC(72) Using 3 of 6 workers for concurrent evacuation
[2026-04-03T02:18:10.383+0600][52.284s][info][gc          ] GC(72) Concurrent evacuation 3.424ms
[2026-04-03T02:18:10.383+0600][52.284s][info][gc,start    ] GC(72) Pause Init Update Refs
[2026-04-03T02:18:10.383+0600][52.285s][info][gc,ergo     ] GC(72) Pacer for Update Refs. Used: 175M, Free: 535M, Non-Taxable: 54872K, Alloc Tax Rate: 1.1x
[2026-04-03T02:18:10.383+0600][52.285s][info][gc          ] GC(72) Pause Init Update Refs 0.129ms
[2026-04-03T02:18:10.384+0600][52.285s][info][gc,start    ] GC(72) Concurrent update references
[2026-04-03T02:18:10.384+0600][52.285s][info][gc,task     ] GC(72) Using 3 of 6 workers for concurrent reference update
[2026-04-03T02:18:10.439+0600][52.340s][info][gc          ] GC(72) Concurrent update references 55.290ms
[2026-04-03T02:18:10.439+0600][52.340s][info][gc,start    ] GC(72) Concurrent update thread roots
[2026-04-03T02:18:10.441+0600][52.342s][info][gc          ] GC(72) Concurrent update thread roots 1.870ms
[2026-04-03T02:18:10.441+0600][52.342s][info][gc,start    ] GC(72) Pause Final Update Refs
[2026-04-03T02:18:10.441+0600][52.342s][info][gc,task     ] GC(72) Using 6 of 6 workers for final reference update
[2026-04-03T02:18:10.441+0600][52.342s][info][gc          ] GC(72) Pause Final Update Refs 0.282ms
[2026-04-03T02:18:10.442+0600][52.343s][info][gc,start    ] GC(72) Concurrent cleanup
[2026-04-03T02:18:10.442+0600][52.343s][info][gc          ] GC(72) Concurrent cleanup 209M->188M(454M) 0.689ms
[2026-04-03T02:18:10.442+0600][52.343s][info][gc,ergo     ] Free: 516M, Max: 256K regular, 227M humongous, Frag: 56% external, 1% internal; Reserve: 38400K, Max: 256K
[2026-04-03T02:18:10.442+0600][52.343s][info][gc,stats    ] 
[2026-04-03T02:18:10.442+0600][52.343s][info][gc,stats    ] All times are wall-clock times, except per-root-class counters, that are sum over
[2026-04-03T02:18:10.442+0600][52.343s][info][gc,stats    ] all workers. Dividing the <total> over the root stage time estimates parallelism.
[2026-04-03T02:18:10.442+0600][52.344s][info][gc,stats    ] 
[2026-04-03T02:18:10.442+0600][52.344s][info][gc,stats    ] Concurrent Reset                   1365 us
[2026-04-03T02:18:10.442+0600][52.344s][info][gc,stats    ] Pause Init Mark (G)                 362 us
[2026-04-03T02:18:10.442+0600][52.344s][info][gc,stats    ] Pause Init Mark (N)                 103 us
[2026-04-03T02:18:10.442+0600][52.344s][info][gc,stats    ]   Update Region States               32 us
[2026-04-03T02:18:10.442+0600][52.344s][info][gc,stats    ] Concurrent Mark Roots              3881 us, parallelism: 0.93x
[2026-04-03T02:18:10.442+0600][52.344s][info][gc,stats    ]   CMR: <total>                     3618 us
[2026-04-03T02:18:10.443+0600][52.344s][info][gc,stats    ]   CMR: Thread Roots                3263 us, workers (us): 3019, 140, 104, ---, ---, ---, 
[2026-04-03T02:18:10.443+0600][52.344s][info][gc,stats    ]   CMR: VM Strong Roots               59 us, workers (us):  56,   1,   1, ---, ---, ---, 
[2026-04-03T02:18:10.443+0600][52.344s][info][gc,stats    ]   CMR: CLDG Roots                   296 us, workers (us): 296, ---, ---, ---, ---, ---, 
[2026-04-03T02:18:10.443+0600][52.344s][info][gc,stats    ] Concurrent Marking                61255 us
[2026-04-03T02:18:10.443+0600][52.344s][info][gc,stats    ] Pause Final Mark (G)               1174 us
[2026-04-03T02:18:10.443+0600][52.344s][info][gc,stats    ] Pause Final Mark (N)                836 us
[2026-04-03T02:18:10.443+0600][52.344s][info][gc,stats    ]   Finish Mark                       443 us
[2026-04-03T02:18:10.443+0600][52.344s][info][gc,stats    ]   Update Region States               45 us
[2026-04-03T02:18:10.443+0600][52.344s][info][gc,stats    ]   Choose Collection Set             172 us
[2026-04-03T02:18:10.443+0600][52.344s][info][gc,stats    ]   Rebuild Free Set                   36 us
[2026-04-03T02:18:10.443+0600][52.344s][info][gc,stats    ] Concurrent Thread Roots            1174 us, parallelism: 2.14x
[2026-04-03T02:18:10.443+0600][52.344s][info][gc,stats    ]   CTR: <total>                     2516 us
[2026-04-03T02:18:10.443+0600][52.344s][info][gc,stats    ]   CTR: Thread Roots                2516 us, workers (us): 879, 848, 789, ---, ---, ---, 
[2026-04-03T02:18:10.443+0600][52.344s][info][gc,stats    ] Concurrent Weak References          918 us, parallelism: 0.98x
[2026-04-03T02:18:10.443+0600][52.344s][info][gc,stats    ]   CWRF: <total>                     896 us
[2026-04-03T02:18:10.443+0600][52.344s][info][gc,stats    ]   CWRF: Weak References             896 us, workers (us): 145, 691,  60, ---, ---, ---, 
[2026-04-03T02:18:10.443+0600][52.344s][info][gc,stats    ] Concurrent Weak Roots              4445 us
[2026-04-03T02:18:10.443+0600][52.344s][info][gc,stats    ]   Roots                            3667 us, parallelism: 2.60x
[2026-04-03T02:18:10.443+0600][52.344s][info][gc,stats    ]     CWR: <total>                   9551 us
[2026-04-03T02:18:10.443+0600][52.344s][info][gc,stats    ]     CWR: Code Cache Roots          7528 us, workers (us): 2605, 2350, 2573, ---, ---, ---, 
[2026-04-03T02:18:10.443+0600][52.344s][info][gc,stats    ]     CWR: VM Weak Roots             1847 us, workers (us): 635, 609, 603, ---, ---, ---, 
[2026-04-03T02:18:10.443+0600][52.344s][info][gc,stats    ]     CWR: CLDG Roots                 176 us, workers (us): ---, 176, ---, ---, ---, ---, 
[2026-04-03T02:18:10.443+0600][52.344s][info][gc,stats    ]   Rendezvous                        487 us
[2026-04-03T02:18:10.443+0600][52.344s][info][gc,stats    ] Concurrent Cleanup                  698 us
[2026-04-03T02:18:10.443+0600][52.344s][info][gc,stats    ] Concurrent Class Unloading        12904 us
[2026-04-03T02:18:10.443+0600][52.344s][info][gc,stats    ]   Unlink Stale                    12217 us
[2026-04-03T02:18:10.443+0600][52.344s][info][gc,stats    ]     System Dictionary               248 us
[2026-04-03T02:18:10.443+0600][52.344s][info][gc,stats    ]     Weak Class Links                  0 us
[2026-04-03T02:18:10.443+0600][52.344s][info][gc,stats    ]     Code Roots                    11965 us
[2026-04-03T02:18:10.443+0600][52.344s][info][gc,stats    ]   Rendezvous                        240 us
[2026-04-03T02:18:10.443+0600][52.344s][info][gc,stats    ]   Purge Unlinked                    326 us
[2026-04-03T02:18:10.443+0600][52.344s][info][gc,stats    ]     Code Roots                      312 us
[2026-04-03T02:18:10.443+0600][52.344s][info][gc,stats    ]     CLDG                             13 us
[2026-04-03T02:18:10.443+0600][52.344s][info][gc,stats    ]     Exception Caches                  0 us
[2026-04-03T02:18:10.443+0600][52.344s][info][gc,stats    ] Concurrent Strong Roots            1057 us, parallelism: 0.64x
[2026-04-03T02:18:10.443+0600][52.344s][info][gc,stats    ]   CSR: <total>                      677 us
[2026-04-03T02:18:10.443+0600][52.344s][info][gc,stats    ]   CSR: VM Strong Roots               51 us, workers (us):  37,  13,   0, ---, ---, ---, 
[2026-04-03T02:18:10.443+0600][52.344s][info][gc,stats    ]   CSR: CLDG Roots                   626 us, workers (us): ---, 626, ---, ---, ---, ---, 
[2026-04-03T02:18:10.443+0600][52.344s][info][gc,stats    ] Concurrent Evacuation              3507 us
[2026-04-03T02:18:10.443+0600][52.344s][info][gc,stats    ] Pause Init Update Refs (G)          415 us
[2026-04-03T02:18:10.443+0600][52.344s][info][gc,stats    ] Pause Init Update Refs (N)          141 us
[2026-04-03T02:18:10.443+0600][52.344s][info][gc,stats    ]   Manage GCLABs                      29 us
[2026-04-03T02:18:10.443+0600][52.344s][info][gc,stats    ] Concurrent Update Refs            55409 us
[2026-04-03T02:18:10.443+0600][52.344s][info][gc,stats    ] Concurrent Update Thread Roots     1903 us
[2026-04-03T02:18:10.443+0600][52.344s][info][gc,stats    ] Pause Final Update Refs (G)         630 us
[2026-04-03T02:18:10.443+0600][52.344s][info][gc,stats    ] Pause Final Update Refs (N)         304 us
[2026-04-03T02:18:10.443+0600][52.344s][info][gc,stats    ]   Update Region States               64 us
[2026-04-03T02:18:10.443+0600][52.344s][info][gc,stats    ]   Trash Collection Set               12 us
[2026-04-03T02:18:10.443+0600][52.344s][info][gc,stats    ]   Rebuild Free Set                   40 us
[2026-04-03T02:18:10.443+0600][52.344s][info][gc,stats    ] Concurrent Cleanup                  724 us
[2026-04-03T02:18:10.443+0600][52.344s][info][gc,stats    ] 
[2026-04-03T02:18:10.443+0600][52.344s][info][gc,stats    ] Allocation pacing accrued:
[2026-04-03T02:18:10.443+0600][52.344s][info][gc,stats    ]       0 of   154 ms (  0.0%): <total>
[2026-04-03T02:18:10.443+0600][52.344s][info][gc,stats    ]       0 of   154 ms (  0.0%): <average total>
[2026-04-03T02:18:10.443+0600][52.344s][info][gc,stats    ] 
[2026-04-03T02:18:10.443+0600][52.344s][info][gc,metaspace] Metaspace: 130748K(132800K)->130832K(132800K) NonClass: 114298K(115584K)->114368K(115584K) Class: 16449K(17216K)->16463K(17216K)
[2026-04-03T02:18:10.443+0600][52.344s][info][gc,ergo     ] Pacer for Idle. Initial: 15360K, Alloc Tax Rate: 1.0x
[2026-04-03T02:18:11.025+0600][52.926s][info][gc          ] Trigger: Average GC time (178.43 ms) is above the time for average allocation rate (705 MB/s) to deplete free headroom (122M) (margin of error = 1.82)
[2026-04-03T02:18:11.025+0600][52.926s][info][gc,ergo     ] Free headroom: 160M (free) - 38400K (spike) - 0B (penalties) = 122M
[2026-04-03T02:18:11.025+0600][52.926s][info][gc,ergo     ] Free: 159M, Max: 256K regular, 101888K humongous, Frag: 38% external, 0% internal; Reserve: 38400K, Max: 256K
[2026-04-03T02:18:11.025+0600][52.926s][info][gc,start    ] GC(73) Concurrent reset
[2026-04-03T02:18:11.025+0600][52.926s][info][gc,task     ] GC(73) Using 3 of 6 workers for concurrent reset
[2026-04-03T02:18:11.025+0600][52.926s][info][gc,ergo     ] GC(73) Pacer for Reset. Non-Taxable: 750M
[2026-04-03T02:18:11.026+0600][52.927s][info][gc          ] GC(73) Concurrent reset 1.262ms
[2026-04-03T02:18:11.027+0600][52.928s][info][gc,start    ] GC(73) Pause Init Mark (unload classes)
[2026-04-03T02:18:11.027+0600][52.928s][info][gc,task     ] GC(73) Using 6 of 6 workers for init marking
[2026-04-03T02:18:11.027+0600][52.928s][info][gc,ergo     ] GC(73) Pacer for Mark. Expected Live: 92508K, Free: 158M, Non-Taxable: 16239K, Alloc Tax Rate: 0.7x
[2026-04-03T02:18:11.027+0600][52.928s][info][gc          ] GC(73) Pause Init Mark (unload classes) 0.289ms
[2026-04-03T02:18:11.027+0600][52.928s][info][gc,start    ] GC(73) Concurrent marking roots
[2026-04-03T02:18:11.027+0600][52.928s][info][gc,task     ] GC(73) Using 3 of 6 workers for concurrent marking roots
[2026-04-03T02:18:11.029+0600][52.930s][info][gc          ] GC(73) Concurrent marking roots 1.813ms
[2026-04-03T02:18:11.029+0600][52.930s][info][gc,start    ] GC(73) Concurrent marking (unload classes)
[2026-04-03T02:18:11.029+0600][52.930s][info][gc,task     ] GC(73) Using 3 of 6 workers for concurrent marking
[2026-04-03T02:18:11.106+0600][53.007s][info][gc          ] GC(73) Concurrent marking (unload classes) 76.801ms
[2026-04-03T02:18:11.106+0600][53.007s][info][gc,start    ] GC(73) Pause Final Mark (unload classes)
[2026-04-03T02:18:11.106+0600][53.007s][info][gc,task     ] GC(73) Using 6 of 6 workers for final marking
[2026-04-03T02:18:11.106+0600][53.007s][info][gc,ergo     ] GC(73) Adaptive CSet Selection. Target Free: 106M, Actual Free: 488M, Max CSet: 32000K, Min Garbage: 0B
[2026-04-03T02:18:11.107+0600][53.008s][info][gc,ergo     ] GC(73) Collectable Garbage: 423M (98%), Immediate: 319M (73%), CSet: 104M (24%)
[2026-04-03T02:18:11.107+0600][53.008s][info][gc,ergo     ] GC(73) Pacer for Evacuation. Used CSet: 108M, Free: 479M, Non-Taxable: 49071K, Alloc Tax Rate: 1.1x
[2026-04-03T02:18:11.107+0600][53.008s][info][gc          ] GC(73) Pause Final Mark (unload classes) 0.851ms
[2026-04-03T02:18:11.107+0600][53.008s][info][gc,start    ] GC(73) Concurrent thread roots
[2026-04-03T02:18:11.107+0600][53.008s][info][gc,task     ] GC(73) Using 3 of 6 workers for Concurrent thread roots
[2026-04-03T02:18:11.108+0600][53.009s][info][gc          ] GC(73) Concurrent thread roots 1.171ms
[2026-04-03T02:18:11.108+0600][53.009s][info][gc,start    ] GC(73) Concurrent weak references
[2026-04-03T02:18:11.108+0600][53.009s][info][gc,task     ] GC(73) Using 3 of 6 workers for concurrent weak references
[2026-04-03T02:18:11.109+0600][53.010s][info][gc,ref      ] GC(73) Encountered references: Soft: 3710, Weak: 15197, Final: 84, Phantom: 621
[2026-04-03T02:18:11.109+0600][53.010s][info][gc,ref      ] GC(73) Discovered  references: Soft: 0, Weak: 8126, Final: 48, Phantom: 221
[2026-04-03T02:18:11.109+0600][53.010s][info][gc,ref      ] GC(73) Enqueued    references: Soft: 0, Weak: 416, Final: 0, Phantom: 0
[2026-04-03T02:18:11.109+0600][53.010s][info][gc          ] GC(73) Concurrent weak references 1.312ms
[2026-04-03T02:18:11.109+0600][53.010s][info][gc,start    ] GC(73) Concurrent weak roots
[2026-04-03T02:18:11.109+0600][53.011s][info][gc,task     ] GC(73) Using 3 of 6 workers for concurrent weak root
[2026-04-03T02:18:11.119+0600][53.020s][info][gc          ] GC(73) Concurrent weak roots 9.708ms
[2026-04-03T02:18:11.119+0600][53.020s][info][gc,start    ] GC(73) Concurrent cleanup
[2026-04-03T02:18:11.124+0600][53.025s][info][gc          ] GC(73) Concurrent cleanup 559M->246M(602M) 4.913ms
[2026-04-03T02:18:11.124+0600][53.025s][info][gc,ergo     ] GC(73) Free: 460M, Max: 256K regular, 54784K humongous, Frag: 89% external, 0% internal; Reserve: 37916K, Max: 256K
[2026-04-03T02:18:11.124+0600][53.025s][info][gc,start    ] GC(73) Concurrent class unloading
[2026-04-03T02:18:11.124+0600][53.026s][info][gc,task     ] GC(73) Using 3 of 6 workers for concurrent class unloading
[2026-04-03T02:18:11.177+0600][53.078s][info][gc          ] GC(73) Concurrent class unloading 52.272ms
[2026-04-03T02:18:11.177+0600][53.078s][info][gc,start    ] GC(73) Concurrent strong roots
[2026-04-03T02:18:11.177+0600][53.078s][info][gc,task     ] GC(73) Using 3 of 6 workers for concurrent strong root
[2026-04-03T02:18:11.178+0600][53.079s][info][gc          ] GC(73) Concurrent strong roots 1.253ms
[2026-04-03T02:18:11.178+0600][53.079s][info][gc,start    ] GC(73) Concurrent evacuation
[2026-04-03T02:18:11.178+0600][53.079s][info][gc,task     ] GC(73) Using 3 of 6 workers for concurrent evacuation
[2026-04-03T02:18:11.190+0600][53.091s][info][gc          ] GC(73) Concurrent evacuation 11.716ms
[2026-04-03T02:18:11.190+0600][53.091s][info][gc,start    ] GC(73) Pause Init Update Refs
[2026-04-03T02:18:11.190+0600][53.091s][info][gc,ergo     ] GC(73) Pacer for Update Refs. Used: 284M, Free: 427M, Non-Taxable: 43738K, Alloc Tax Rate: 1.1x
[2026-04-03T02:18:11.190+0600][53.091s][info][gc          ] GC(73) Pause Init Update Refs 0.119ms
[2026-04-03T02:18:11.190+0600][53.091s][info][gc,start    ] GC(73) Concurrent update references
[2026-04-03T02:18:11.190+0600][53.091s][info][gc,task     ] GC(73) Using 3 of 6 workers for concurrent reference update
[2026-04-03T02:18:11.238+0600][53.140s][info][gc          ] GC(73) Concurrent update references 48.137ms
[2026-04-03T02:18:11.239+0600][53.140s][info][gc,start    ] GC(73) Concurrent update thread roots
[2026-04-03T02:18:11.240+0600][53.142s][info][gc          ] GC(73) Concurrent update thread roots 1.887ms
[2026-04-03T02:18:11.241+0600][53.142s][info][gc,start    ] GC(73) Pause Final Update Refs
[2026-04-03T02:18:11.241+0600][53.142s][info][gc,task     ] GC(73) Using 6 of 6 workers for final reference update
[2026-04-03T02:18:11.241+0600][53.142s][info][gc          ] GC(73) Pause Final Update Refs 0.240ms
[2026-04-03T02:18:11.245+0600][53.146s][info][gc,start    ] GC(73) Concurrent cleanup
[2026-04-03T02:18:11.245+0600][53.146s][info][gc          ] GC(73) Concurrent cleanup 310M->206M(604M) 0.374ms
[2026-04-03T02:18:11.245+0600][53.146s][info][gc,ergo     ] Free: 497M, Max: 256K regular, 264M humongous, Frag: 47% external, 1% internal; Reserve: 38400K, Max: 256K
[2026-04-03T02:18:11.245+0600][53.146s][info][gc,stats    ] 
[2026-04-03T02:18:11.245+0600][53.146s][info][gc,stats    ] All times are wall-clock times, except per-root-class counters, that are sum over
[2026-04-03T02:18:11.245+0600][53.146s][info][gc,stats    ] all workers. Dividing the <total> over the root stage time estimates parallelism.
[2026-04-03T02:18:11.245+0600][53.146s][info][gc,stats    ] 
[2026-04-03T02:18:11.245+0600][53.146s][info][gc,stats    ] Concurrent Reset                   1312 us
[2026-04-03T02:18:11.245+0600][53.146s][info][gc,stats    ] Pause Init Mark (G)                 696 us
[2026-04-03T02:18:11.245+0600][53.146s][info][gc,stats    ] Pause Init Mark (N)                 302 us
[2026-04-03T02:18:11.245+0600][53.146s][info][gc,stats    ]   Update Region States              108 us
[2026-04-03T02:18:11.245+0600][53.147s][info][gc,stats    ] Concurrent Mark Roots              1869 us, parallelism: 2.13x
[2026-04-03T02:18:11.245+0600][53.147s][info][gc,stats    ]   CMR: <total>                     3984 us
[2026-04-03T02:18:11.245+0600][53.147s][info][gc,stats    ]   CMR: Thread Roots                3597 us, workers (us): 1301, 1307, 989, ---, ---, ---, 
[2026-04-03T02:18:11.245+0600][53.147s][info][gc,stats    ]   CMR: VM Strong Roots               73 us, workers (us):  38,  35,   1, ---, ---, ---, 
[2026-04-03T02:18:11.245+0600][53.147s][info][gc,stats    ]   CMR: CLDG Roots                   314 us, workers (us): ---, ---, 314, ---, ---, ---, 
[2026-04-03T02:18:11.245+0600][53.147s][info][gc,stats    ] Concurrent Marking                76952 us
[2026-04-03T02:18:11.245+0600][53.147s][info][gc,stats    ] Pause Final Mark (G)               1101 us
[2026-04-03T02:18:11.245+0600][53.147s][info][gc,stats    ] Pause Final Mark (N)                868 us
[2026-04-03T02:18:11.246+0600][53.147s][info][gc,stats    ]   Finish Mark                       264 us
[2026-04-03T02:18:11.246+0600][53.147s][info][gc,stats    ]   Update Region States               66 us
[2026-04-03T02:18:11.246+0600][53.147s][info][gc,stats    ]   Choose Collection Set             303 us
[2026-04-03T02:18:11.246+0600][53.147s][info][gc,stats    ]   Rebuild Free Set                   42 us
[2026-04-03T02:18:11.246+0600][53.147s][info][gc,stats    ] Concurrent Thread Roots            1227 us, parallelism: 2.29x
[2026-04-03T02:18:11.246+0600][53.147s][info][gc,stats    ]   CTR: <total>                     2807 us
[2026-04-03T02:18:11.246+0600][53.147s][info][gc,stats    ]   CTR: Thread Roots                2807 us, workers (us): 1005, 905, 897, ---, ---, ---, 
[2026-04-03T02:18:11.246+0600][53.147s][info][gc,stats    ] Concurrent Weak References         1328 us, parallelism: 1.08x
[2026-04-03T02:18:11.246+0600][53.147s][info][gc,stats    ]   CWRF: <total>                    1433 us
[2026-04-03T02:18:11.246+0600][53.147s][info][gc,stats    ]   CWRF: Weak References            1433 us, workers (us): 285,  60, 1088, ---, ---, ---, 
[2026-04-03T02:18:11.246+0600][53.147s][info][gc,stats    ] Concurrent Weak Roots              9819 us
[2026-04-03T02:18:11.246+0600][53.147s][info][gc,stats    ]   Roots                            9042 us, parallelism: 2.72x
[2026-04-03T02:18:11.246+0600][53.147s][info][gc,stats    ]     CWR: <total>                  24584 us
[2026-04-03T02:18:11.246+0600][53.147s][info][gc,stats    ]     CWR: Code Cache Roots         17627 us, workers (us): 7114, 3535, 6978, ---, ---, ---, 
[2026-04-03T02:18:11.246+0600][53.147s][info][gc,stats    ]     CWR: VM Weak Roots             6791 us, workers (us): 1371, 5028, 392, ---, ---, ---, 
[2026-04-03T02:18:11.246+0600][53.147s][info][gc,stats    ]     CWR: CLDG Roots                 167 us, workers (us): ---, ---, 167, ---, ---, ---, 
[2026-04-03T02:18:11.246+0600][53.147s][info][gc,stats    ]   Rendezvous                        631 us
[2026-04-03T02:18:11.246+0600][53.147s][info][gc,stats    ] Concurrent Cleanup                 5034 us
[2026-04-03T02:18:11.246+0600][53.147s][info][gc,stats    ] Concurrent Class Unloading        52433 us
[2026-04-03T02:18:11.246+0600][53.147s][info][gc,stats    ]   Unlink Stale                    48058 us
[2026-04-03T02:18:11.246+0600][53.147s][info][gc,stats    ]     System Dictionary               833 us
[2026-04-03T02:18:11.246+0600][53.147s][info][gc,stats    ]     Weak Class Links              26299 us
[2026-04-03T02:18:11.246+0600][53.147s][info][gc,stats    ]     Code Roots                    20919 us
[2026-04-03T02:18:11.246+0600][53.147s][info][gc,stats    ]   Rendezvous                        646 us
[2026-04-03T02:18:11.246+0600][53.147s][info][gc,stats    ]   Purge Unlinked                   3511 us
[2026-04-03T02:18:11.246+0600][53.147s][info][gc,stats    ]     Code Roots                     3423 us
[2026-04-03T02:18:11.246+0600][53.147s][info][gc,stats    ]     CLDG                             87 us
[2026-04-03T02:18:11.246+0600][53.147s][info][gc,stats    ]     Exception Caches                  1 us
[2026-04-03T02:18:11.246+0600][53.147s][info][gc,stats    ] Concurrent Strong Roots            1297 us, parallelism: 0.65x
[2026-04-03T02:18:11.246+0600][53.147s][info][gc,stats    ]   CSR: <total>                      849 us
[2026-04-03T02:18:11.246+0600][53.147s][info][gc,stats    ]   CSR: VM Strong Roots               63 us, workers (us):  61,   2,   0, ---, ---, ---, 
[2026-04-03T02:18:11.246+0600][53.147s][info][gc,stats    ]   CSR: CLDG Roots                   786 us, workers (us): ---, 786, ---, ---, ---, ---, 
[2026-04-03T02:18:11.246+0600][53.147s][info][gc,stats    ] Concurrent Evacuation             11790 us
[2026-04-03T02:18:11.246+0600][53.147s][info][gc,stats    ] Pause Init Update Refs (G)          338 us
[2026-04-03T02:18:11.246+0600][53.147s][info][gc,stats    ] Pause Init Update Refs (N)          134 us
[2026-04-03T02:18:11.246+0600][53.147s][info][gc,stats    ]   Manage GCLABs                      28 us
[2026-04-03T02:18:11.246+0600][53.147s][info][gc,stats    ] Concurrent Update Refs            48285 us
[2026-04-03T02:18:11.246+0600][53.147s][info][gc,stats    ] Concurrent Update Thread Roots     1977 us
[2026-04-03T02:18:11.246+0600][53.147s][info][gc,stats    ] Pause Final Update Refs (G)        4219 us
[2026-04-03T02:18:11.246+0600][53.147s][info][gc,stats    ] Pause Final Update Refs (N)         257 us
[2026-04-03T02:18:11.246+0600][53.147s][info][gc,stats    ]   Update Region States               90 us
[2026-04-03T02:18:11.246+0600][53.147s][info][gc,stats    ]   Trash Collection Set               22 us
[2026-04-03T02:18:11.246+0600][53.147s][info][gc,stats    ]   Rebuild Free Set                   51 us
[2026-04-03T02:18:11.246+0600][53.147s][info][gc,stats    ] Concurrent Cleanup                  413 us
[2026-04-03T02:18:11.246+0600][53.147s][info][gc,stats    ] Pacing                           172557 us
[2026-04-03T02:18:11.246+0600][53.147s][info][gc,stats    ] 
[2026-04-03T02:18:11.246+0600][53.147s][info][gc,stats    ] Allocation pacing accrued:
[2026-04-03T02:18:11.246+0600][53.147s][info][gc,stats    ]      21 of   803 ms (  2.6%): Executor task launch worker for task 4.0 in stage 1609.0 (TID 2959)
[2026-04-03T02:18:11.246+0600][53.147s][info][gc,stats    ]      23 of   803 ms (  2.8%): Executor task launch worker for task 1.0 in stage 1609.0 (TID 2956)
[2026-04-03T02:18:11.246+0600][53.147s][info][gc,stats    ]      21 of   803 ms (  2.7%): Executor task launch worker for task 3.0 in stage 1609.0 (TID 2958)
[2026-04-03T02:18:11.246+0600][53.147s][info][gc,stats    ]      21 of   803 ms (  2.7%): Executor task launch worker for task 5.0 in stage 1609.0 (TID 2960)
[2026-04-03T02:18:11.246+0600][53.147s][info][gc,stats    ]      21 of   803 ms (  2.7%): Executor task launch worker for task 2.0 in stage 1609.0 (TID 2957)
[2026-04-03T02:18:11.246+0600][53.147s][info][gc,stats    ]      22 of   803 ms (  2.7%): Executor task launch worker for task 0.0 in stage 1609.0 (TID 2955)
[2026-04-03T02:18:11.246+0600][53.147s][info][gc,stats    ]      21 of   803 ms (  2.7%): Executor task launch worker for task 7.0 in stage 1609.0 (TID 2962)
[2026-04-03T02:18:11.246+0600][53.147s][info][gc,stats    ]      21 of   803 ms (  2.7%): Executor task launch worker for task 6.0 in stage 1609.0 (TID 2961)
[2026-04-03T02:18:11.246+0600][53.147s][info][gc,stats    ]     173 of   803 ms ( 21.5%): <total>
[2026-04-03T02:18:11.246+0600][53.147s][info][gc,stats    ]       1 of   803 ms (  0.1%): <average total>
[2026-04-03T02:18:11.246+0600][53.147s][info][gc,stats    ]      22 of   803 ms (  2.7%): <average non-zero>
[2026-04-03T02:18:11.246+0600][53.147s][info][gc,stats    ] 
[2026-04-03T02:18:11.246+0600][53.147s][info][gc,metaspace] Metaspace: 130915K(132800K)->130911K(132800K) NonClass: 114440K(115584K)->114438K(115584K) Class: 16475K(17216K)->16473K(17216K)
[2026-04-03T02:18:11.246+0600][53.147s][info][gc,ergo     ] Pacer for Idle. Initial: 15360K, Alloc Tax Rate: 1.0x
[2026-04-03T02:18:11.448+0600][53.350s][info][gc          ] Trigger: Average GC time (259.31 ms) is above the time for average allocation rate (989 MB/s) to deplete free headroom (241M) (margin of error = 1.82)
[2026-04-03T02:18:11.449+0600][53.350s][info][gc,ergo     ] Free headroom: 278M (free) - 38400K (spike) - 0B (penalties) = 241M
[2026-04-03T02:18:11.449+0600][53.350s][info][gc,ergo     ] Free: 278M, Max: 256K regular, 163M humongous, Frag: 42% external, 1% internal; Reserve: 38400K, Max: 256K
[2026-04-03T02:18:11.449+0600][53.350s][info][gc,start    ] GC(74) Concurrent reset
[2026-04-03T02:18:11.449+0600][53.350s][info][gc,task     ] GC(74) Using 3 of 6 workers for concurrent reset
[2026-04-03T02:18:11.449+0600][53.350s][info][gc,ergo     ] GC(74) Pacer for Reset. Non-Taxable: 750M
[2026-04-03T02:18:11.451+0600][53.352s][info][gc          ] GC(74) Concurrent reset 2.706ms
[2026-04-03T02:18:11.452+0600][53.353s][info][gc,start    ] GC(74) Pause Init Mark (unload classes)
[2026-04-03T02:18:11.452+0600][53.353s][info][gc,task     ] GC(74) Using 6 of 6 workers for init marking
[2026-04-03T02:18:11.452+0600][53.353s][info][gc,ergo     ] GC(74) Pacer for Mark. Expected Live: 94539K, Free: 274M, Non-Taxable: 28101K, Alloc Tax Rate: 0.4x
[2026-04-03T02:18:11.452+0600][53.353s][info][gc          ] GC(74) Pause Init Mark (unload classes) 0.184ms
[2026-04-03T02:18:11.452+0600][53.353s][info][gc,start    ] GC(74) Concurrent marking roots
[2026-04-03T02:18:11.452+0600][53.353s][info][gc,task     ] GC(74) Using 3 of 6 workers for concurrent marking roots
[2026-04-03T02:18:11.454+0600][53.355s][info][gc          ] GC(74) Concurrent marking roots 1.615ms
[2026-04-03T02:18:11.454+0600][53.355s][info][gc,start    ] GC(74) Concurrent marking (unload classes)
[2026-04-03T02:18:11.454+0600][53.355s][info][gc,task     ] GC(74) Using 3 of 6 workers for concurrent marking
[2026-04-03T02:18:11.521+0600][53.422s][info][gc          ] GC(74) Concurrent marking (unload classes) 67.591ms
[2026-04-03T02:18:11.522+0600][53.423s][info][gc,start    ] GC(74) Pause Final Mark (unload classes)
[2026-04-03T02:18:11.522+0600][53.423s][info][gc,task     ] GC(74) Using 6 of 6 workers for final marking
[2026-04-03T02:18:11.522+0600][53.423s][info][gc,ergo     ] GC(74) Adaptive CSet Selection. Target Free: 106M, Actual Free: 537M, Max CSet: 32000K, Min Garbage: 0B
[2026-04-03T02:18:11.522+0600][53.423s][info][gc,ergo     ] GC(74) Collectable Garbage: 319M (97%), Immediate: 271M (82%), CSet: 49646K (14%)
[2026-04-03T02:18:11.522+0600][53.424s][info][gc,ergo     ] GC(74) Pacer for Evacuation. Used CSet: 51718K, Free: 521M, Non-Taxable: 53384K, Alloc Tax Rate: 1.1x
[2026-04-03T02:18:11.522+0600][53.424s][info][gc          ] GC(74) Pause Final Mark (unload classes) 0.875ms
[2026-04-03T02:18:11.523+0600][53.424s][info][gc,start    ] GC(74) Concurrent thread roots
[2026-04-03T02:18:11.523+0600][53.424s][info][gc,task     ] GC(74) Using 3 of 6 workers for Concurrent thread roots
[2026-04-03T02:18:11.524+0600][53.425s][info][gc          ] GC(74) Concurrent thread roots 1.338ms
[2026-04-03T02:18:11.524+0600][53.425s][info][gc,start    ] GC(74) Concurrent weak references
[2026-04-03T02:18:11.524+0600][53.425s][info][gc,task     ] GC(74) Using 3 of 6 workers for concurrent weak references
[2026-04-03T02:18:11.524+0600][53.426s][info][gc,ref      ] GC(74) Encountered references: Soft: 3703, Weak: 15358, Final: 84, Phantom: 621
[2026-04-03T02:18:11.524+0600][53.426s][info][gc,ref      ] GC(74) Discovered  references: Soft: 0, Weak: 5468, Final: 0, Phantom: 616
[2026-04-03T02:18:11.524+0600][53.426s][info][gc,ref      ] GC(74) Enqueued    references: Soft: 0, Weak: 26, Final: 0, Phantom: 0
[2026-04-03T02:18:11.524+0600][53.426s][info][gc          ] GC(74) Concurrent weak references 0.560ms
[2026-04-03T02:18:11.524+0600][53.426s][info][gc,start    ] GC(74) Concurrent weak roots
[2026-04-03T02:18:11.524+0600][53.426s][info][gc,task     ] GC(74) Using 3 of 6 workers for concurrent weak root
[2026-04-03T02:18:11.530+0600][53.431s][info][gc          ] GC(74) Concurrent weak roots 5.462ms
[2026-04-03T02:18:11.530+0600][53.431s][info][gc,start    ] GC(74) Concurrent cleanup
[2026-04-03T02:18:11.531+0600][53.432s][info][gc          ] GC(74) Concurrent cleanup 463M->192M(604M) 0.857ms
[2026-04-03T02:18:11.531+0600][53.432s][info][gc,ergo     ] GC(74) Free: 515M, Max: 256K regular, 114M humongous, Frag: 78% external, 0% internal; Reserve: 38243K, Max: 256K
[2026-04-03T02:18:11.531+0600][53.432s][info][gc,start    ] GC(74) Concurrent class unloading
[2026-04-03T02:18:11.531+0600][53.432s][info][gc,task     ] GC(74) Using 3 of 6 workers for concurrent class unloading
[2026-04-03T02:18:11.550+0600][53.451s][info][gc          ] GC(74) Concurrent class unloading 18.606ms
[2026-04-03T02:18:11.550+0600][53.451s][info][gc,start    ] GC(74) Concurrent strong roots
[2026-04-03T02:18:11.550+0600][53.451s][info][gc,task     ] GC(74) Using 3 of 6 workers for concurrent strong root
[2026-04-03T02:18:11.551+0600][53.452s][info][gc          ] GC(74) Concurrent strong roots 1.204ms
[2026-04-03T02:18:11.551+0600][53.452s][info][gc,start    ] GC(74) Concurrent evacuation
[2026-04-03T02:18:11.551+0600][53.452s][info][gc,task     ] GC(74) Using 3 of 6 workers for concurrent evacuation
[2026-04-03T02:18:11.552+0600][53.454s][info][gc          ] GC(74) Concurrent evacuation 1.467ms
[2026-04-03T02:18:11.553+0600][53.454s][info][gc,start    ] GC(74) Pause Init Update Refs
[2026-04-03T02:18:11.553+0600][53.454s][info][gc,ergo     ] GC(74) Pacer for Update Refs. Used: 209M, Free: 500M, Non-Taxable: 51241K, Alloc Tax Rate: 1.1x
[2026-04-03T02:18:11.553+0600][53.454s][info][gc          ] GC(74) Pause Init Update Refs 0.110ms
[2026-04-03T02:18:11.553+0600][53.454s][info][gc,start    ] GC(74) Concurrent update references
[2026-04-03T02:18:11.553+0600][53.454s][info][gc,task     ] GC(74) Using 3 of 6 workers for concurrent reference update
[2026-04-03T02:18:11.599+0600][53.500s][info][gc          ] GC(74) Concurrent update references 46.004ms
[2026-04-03T02:18:11.599+0600][53.500s][info][gc,start    ] GC(74) Concurrent update thread roots
[2026-04-03T02:18:11.601+0600][53.502s][info][gc          ] GC(74) Concurrent update thread roots 1.978ms
[2026-04-03T02:18:11.602+0600][53.503s][info][gc,start    ] GC(74) Pause Final Update Refs
[2026-04-03T02:18:11.602+0600][53.503s][info][gc,task     ] GC(74) Using 6 of 6 workers for final reference update
[2026-04-03T02:18:11.602+0600][53.503s][info][gc          ] GC(74) Pause Final Update Refs 0.230ms
[2026-04-03T02:18:11.602+0600][53.503s][info][gc,start    ] GC(74) Concurrent cleanup
[2026-04-03T02:18:11.602+0600][53.504s][info][gc          ] GC(74) Concurrent cleanup 246M->196M(604M) 0.611ms
[2026-04-03T02:18:11.603+0600][53.504s][info][gc,ergo     ] Free: 508M, Max: 256K regular, 212M humongous, Frag: 59% external, 0% internal; Reserve: 38400K, Max: 256K
[2026-04-03T02:18:11.603+0600][53.504s][info][gc,stats    ] 
[2026-04-03T02:18:11.603+0600][53.504s][info][gc,stats    ] All times are wall-clock times, except per-root-class counters, that are sum over
[2026-04-03T02:18:11.603+0600][53.504s][info][gc,stats    ] all workers. Dividing the <total> over the root stage time estimates parallelism.
[2026-04-03T02:18:11.603+0600][53.504s][info][gc,stats    ] 
[2026-04-03T02:18:11.603+0600][53.504s][info][gc,stats    ] Concurrent Reset                   2804 us
[2026-04-03T02:18:11.603+0600][53.504s][info][gc,stats    ] Pause Init Mark (G)                 560 us
[2026-04-03T02:18:11.603+0600][53.504s][info][gc,stats    ] Pause Init Mark (N)                 193 us
[2026-04-03T02:18:11.603+0600][53.504s][info][gc,stats    ]   Update Region States               36 us
[2026-04-03T02:18:11.603+0600][53.504s][info][gc,stats    ] Concurrent Mark Roots              1681 us, parallelism: 1.95x
[2026-04-03T02:18:11.603+0600][53.504s][info][gc,stats    ]   CMR: <total>                     3274 us
[2026-04-03T02:18:11.603+0600][53.504s][info][gc,stats    ]   CMR: Thread Roots                2857 us, workers (us): 711, 1074, 1072, ---, ---, ---, 
[2026-04-03T02:18:11.603+0600][53.504s][info][gc,stats    ]   CMR: VM Strong Roots               37 us, workers (us):  35,   1,   1, ---, ---, ---, 
[2026-04-03T02:18:11.603+0600][53.504s][info][gc,stats    ]   CMR: CLDG Roots                   379 us, workers (us): 379, ---, ---, ---, ---, ---, 
[2026-04-03T02:18:11.603+0600][53.504s][info][gc,stats    ] Concurrent Marking                67692 us
[2026-04-03T02:18:11.603+0600][53.504s][info][gc,stats    ] Pause Final Mark (G)               1098 us
[2026-04-03T02:18:11.603+0600][53.504s][info][gc,stats    ] Pause Final Mark (N)                886 us
[2026-04-03T02:18:11.603+0600][53.504s][info][gc,stats    ]   Finish Mark                       368 us
[2026-04-03T02:18:11.603+0600][53.504s][info][gc,stats    ]   Update Region States               51 us
[2026-04-03T02:18:11.603+0600][53.504s][info][gc,stats    ]   Choose Collection Set             267 us
[2026-04-03T02:18:11.603+0600][53.504s][info][gc,stats    ]   Rebuild Free Set                   46 us
[2026-04-03T02:18:11.603+0600][53.504s][info][gc,stats    ] Concurrent Thread Roots            1390 us, parallelism: 2.35x
[2026-04-03T02:18:11.603+0600][53.504s][info][gc,stats    ]   CTR: <total>                     3269 us
[2026-04-03T02:18:11.603+0600][53.504s][info][gc,stats    ]   CTR: Thread Roots                3269 us, workers (us): 1107, 1089, 1073, ---, ---, ---, 
[2026-04-03T02:18:11.603+0600][53.504s][info][gc,stats    ] Concurrent Weak References          572 us, parallelism: 1.21x
[2026-04-03T02:18:11.603+0600][53.504s][info][gc,stats    ]   CWRF: <total>                     690 us
[2026-04-03T02:18:11.603+0600][53.504s][info][gc,stats    ]   CWRF: Weak References             690 us, workers (us): 219, 453,  17, ---, ---, ---, 
[2026-04-03T02:18:11.603+0600][53.504s][info][gc,stats    ] Concurrent Weak Roots              5547 us
[2026-04-03T02:18:11.603+0600][53.504s][info][gc,stats    ]   Roots                            5150 us, parallelism: 2.72x
[2026-04-03T02:18:11.603+0600][53.504s][info][gc,stats    ]     CWR: <total>                  14011 us
[2026-04-03T02:18:11.603+0600][53.504s][info][gc,stats    ]     CWR: Code Cache Roots         10620 us, workers (us): 3680, 3601, 3340, ---, ---, ---, 
[2026-04-03T02:18:11.603+0600][53.504s][info][gc,stats    ]     CWR: VM Weak Roots             3186 us, workers (us): 1164, 1054, 969, ---, ---, ---, 
[2026-04-03T02:18:11.603+0600][53.504s][info][gc,stats    ]     CWR: CLDG Roots                 204 us, workers (us): ---, ---, 204, ---, ---, ---, 
[2026-04-03T02:18:11.603+0600][53.504s][info][gc,stats    ]   Rendezvous                        289 us
[2026-04-03T02:18:11.603+0600][53.504s][info][gc,stats    ] Concurrent Cleanup                  904 us
[2026-04-03T02:18:11.603+0600][53.504s][info][gc,stats    ] Concurrent Class Unloading        18733 us
[2026-04-03T02:18:11.603+0600][53.504s][info][gc,stats    ]   Unlink Stale                    16657 us
[2026-04-03T02:18:11.603+0600][53.504s][info][gc,stats    ]     System Dictionary               244 us
[2026-04-03T02:18:11.603+0600][53.504s][info][gc,stats    ]     Weak Class Links                  0 us
[2026-04-03T02:18:11.603+0600][53.504s][info][gc,stats    ]     Code Roots                    16409 us
[2026-04-03T02:18:11.603+0600][53.504s][info][gc,stats    ]   Rendezvous                        470 us
[2026-04-03T02:18:11.603+0600][53.504s][info][gc,stats    ]   Purge Unlinked                   1441 us
[2026-04-03T02:18:11.603+0600][53.504s][info][gc,stats    ]     Code Roots                     1420 us
[2026-04-03T02:18:11.603+0600][53.504s][info][gc,stats    ]     CLDG                             19 us
[2026-04-03T02:18:11.603+0600][53.504s][info][gc,stats    ]     Exception Caches                  1 us
[2026-04-03T02:18:11.603+0600][53.504s][info][gc,stats    ] Concurrent Strong Roots            1293 us, parallelism: 0.65x
[2026-04-03T02:18:11.603+0600][53.504s][info][gc,stats    ]   CSR: <total>                      839 us
[2026-04-03T02:18:11.603+0600][53.504s][info][gc,stats    ]   CSR: VM Strong Roots               56 us, workers (us):  33,  22,   0, ---, ---, ---, 
[2026-04-03T02:18:11.603+0600][53.504s][info][gc,stats    ]   CSR: CLDG Roots                   783 us, workers (us): 783, ---, ---, ---, ---, ---, 
[2026-04-03T02:18:11.603+0600][53.504s][info][gc,stats    ] Concurrent Evacuation              1529 us
[2026-04-03T02:18:11.603+0600][53.504s][info][gc,stats    ] Pause Init Update Refs (G)          589 us
[2026-04-03T02:18:11.603+0600][53.504s][info][gc,stats    ] Pause Init Update Refs (N)          123 us
[2026-04-03T02:18:11.603+0600][53.504s][info][gc,stats    ]   Manage GCLABs                      35 us
[2026-04-03T02:18:11.603+0600][53.504s][info][gc,stats    ] Concurrent Update Refs            46094 us
[2026-04-03T02:18:11.603+0600][53.504s][info][gc,stats    ] Concurrent Update Thread Roots     2082 us
[2026-04-03T02:18:11.603+0600][53.504s][info][gc,stats    ] Pause Final Update Refs (G)         527 us
[2026-04-03T02:18:11.603+0600][53.504s][info][gc,stats    ] Pause Final Update Refs (N)         273 us
[2026-04-03T02:18:11.603+0600][53.504s][info][gc,stats    ]   Update Region States               58 us
[2026-04-03T02:18:11.603+0600][53.504s][info][gc,stats    ]   Trash Collection Set               33 us
[2026-04-03T02:18:11.603+0600][53.504s][info][gc,stats    ]   Rebuild Free Set                   53 us
[2026-04-03T02:18:11.603+0600][53.504s][info][gc,stats    ] Concurrent Cleanup                  652 us
[2026-04-03T02:18:11.603+0600][53.504s][info][gc,stats    ] Pacing                            45485 us
[2026-04-03T02:18:11.603+0600][53.504s][info][gc,stats    ] 
[2026-04-03T02:18:11.603+0600][53.504s][info][gc,stats    ] Allocation pacing accrued:
[2026-04-03T02:18:11.603+0600][53.504s][info][gc,stats    ]       4 of   357 ms (  1.2%): Executor task launch worker for task 5.0 in stage 1617.0 (TID 3024)
[2026-04-03T02:18:11.603+0600][53.504s][info][gc,stats    ]       8 of   357 ms (  2.1%): Executor task launch worker for task 1.0 in stage 1617.0 (TID 3020)
[2026-04-03T02:18:11.603+0600][53.504s][info][gc,stats    ]       6 of   357 ms (  1.7%): Executor task launch worker for task 4.0 in stage 1617.0 (TID 3023)
[2026-04-03T02:18:11.603+0600][53.504s][info][gc,stats    ]       5 of   357 ms (  1.3%): Executor task launch worker for task 6.0 in stage 1617.0 (TID 3025)
[2026-04-03T02:18:11.603+0600][53.504s][info][gc,stats    ]       6 of   357 ms (  1.7%): Executor task launch worker for task 7.0 in stage 1617.0 (TID 3026)
[2026-04-03T02:18:11.603+0600][53.504s][info][gc,stats    ]       5 of   357 ms (  1.3%): Executor task launch worker for task 3.0 in stage 1617.0 (TID 3022)
[2026-04-03T02:18:11.603+0600][53.504s][info][gc,stats    ]       6 of   357 ms (  1.7%): Executor task launch worker for task 0.0 in stage 1617.0 (TID 3019)
[2026-04-03T02:18:11.603+0600][53.504s][info][gc,stats    ]       6 of   357 ms (  1.7%): Executor task launch worker for task 2.0 in stage 1617.0 (TID 3021)
[2026-04-03T02:18:11.603+0600][53.504s][info][gc,stats    ]      45 of   357 ms ( 12.7%): <total>
[2026-04-03T02:18:11.603+0600][53.504s][info][gc,stats    ]       0 of   357 ms (  0.0%): <average total>
[2026-04-03T02:18:11.603+0600][53.504s][info][gc,stats    ]       6 of   357 ms (  1.6%): <average non-zero>
[2026-04-03T02:18:11.603+0600][53.504s][info][gc,stats    ] 
[2026-04-03T02:18:11.603+0600][53.504s][info][gc,metaspace] Metaspace: 130948K(132800K)->130966K(132800K) NonClass: 114469K(115584K)->114483K(115584K) Class: 16479K(17216K)->16482K(17216K)
[2026-04-03T02:18:11.603+0600][53.504s][info][gc,ergo     ] Pacer for Idle. Initial: 15360K, Alloc Tax Rate: 1.0x
[2026-04-03T02:18:11.806+0600][53.707s][info][gc          ] Trigger: Average GC time (227.72 ms) is above the time for average allocation rate (1098 MB/s) to deplete free headroom (232M) (margin of error = 1.82)
[2026-04-03T02:18:11.806+0600][53.707s][info][gc,ergo     ] Free headroom: 270M (free) - 38400K (spike) - 0B (penalties) = 232M
[2026-04-03T02:18:11.806+0600][53.707s][info][gc,ergo     ] Free: 270M, Max: 256K regular, 208M humongous, Frag: 23% external, 0% internal; Reserve: 38400K, Max: 256K
[2026-04-03T02:18:11.806+0600][53.707s][info][gc,start    ] GC(75) Concurrent reset
[2026-04-03T02:18:11.806+0600][53.707s][info][gc,task     ] GC(75) Using 3 of 6 workers for concurrent reset
[2026-04-03T02:18:11.806+0600][53.707s][info][gc,ergo     ] GC(75) Pacer for Reset. Non-Taxable: 750M
[2026-04-03T02:18:11.807+0600][53.708s][info][gc          ] GC(75) Concurrent reset 1.085ms
[2026-04-03T02:18:11.807+0600][53.708s][info][gc,start    ] GC(75) Pause Init Mark (unload classes)
[2026-04-03T02:18:11.807+0600][53.708s][info][gc,task     ] GC(75) Using 6 of 6 workers for init marking
[2026-04-03T02:18:11.807+0600][53.708s][info][gc,ergo     ] GC(75) Pacer for Mark. Expected Live: 92452K, Free: 270M, Non-Taxable: 27661K, Alloc Tax Rate: 0.4x
[2026-04-03T02:18:11.807+0600][53.708s][info][gc          ] GC(75) Pause Init Mark (unload classes) 0.118ms
[2026-04-03T02:18:11.807+0600][53.709s][info][gc,start    ] GC(75) Concurrent marking roots
[2026-04-03T02:18:11.808+0600][53.709s][info][gc,task     ] GC(75) Using 3 of 6 workers for concurrent marking roots
[2026-04-03T02:18:11.809+0600][53.710s][info][gc          ] GC(75) Concurrent marking roots 1.303ms
[2026-04-03T02:18:11.809+0600][53.710s][info][gc,start    ] GC(75) Concurrent marking (unload classes)
[2026-04-03T02:18:11.809+0600][53.710s][info][gc,task     ] GC(75) Using 3 of 6 workers for concurrent marking
[2026-04-03T02:18:11.869+0600][53.770s][info][gc          ] GC(75) Concurrent marking (unload classes) 59.781ms
[2026-04-03T02:18:11.871+0600][53.772s][info][gc,start    ] GC(75) Pause Final Mark (unload classes)
[2026-04-03T02:18:11.871+0600][53.772s][info][gc,task     ] GC(75) Using 6 of 6 workers for final marking
[2026-04-03T02:18:11.871+0600][53.772s][info][gc,ergo     ] GC(75) Adaptive CSet Selection. Target Free: 106M, Actual Free: 550M, Max CSet: 32000K, Min Garbage: 0B
[2026-04-03T02:18:11.872+0600][53.773s][info][gc,ergo     ] GC(75) Collectable Garbage: 324M (97%), Immediate: 275M (82%), CSet: 50250K (14%)
[2026-04-03T02:18:11.872+0600][53.773s][info][gc,ergo     ] GC(75) Pacer for Evacuation. Used CSet: 51808K, Free: 532M, Non-Taxable: 54535K, Alloc Tax Rate: 1.1x
[2026-04-03T02:18:11.872+0600][53.773s][info][gc          ] GC(75) Pause Final Mark (unload classes) 0.605ms
[2026-04-03T02:18:11.872+0600][53.773s][info][gc,start    ] GC(75) Concurrent thread roots
[2026-04-03T02:18:11.872+0600][53.773s][info][gc,task     ] GC(75) Using 3 of 6 workers for Concurrent thread roots
[2026-04-03T02:18:11.873+0600][53.774s][info][gc          ] GC(75) Concurrent thread roots 1.022ms
[2026-04-03T02:18:11.873+0600][53.774s][info][gc,start    ] GC(75) Concurrent weak references
[2026-04-03T02:18:11.873+0600][53.774s][info][gc,task     ] GC(75) Using 3 of 6 workers for concurrent weak references
[2026-04-03T02:18:11.874+0600][53.775s][info][gc,ref      ] GC(75) Encountered references: Soft: 3705, Weak: 15977, Final: 84, Phantom: 621
[2026-04-03T02:18:11.874+0600][53.775s][info][gc,ref      ] GC(75) Discovered  references: Soft: 0, Weak: 8963, Final: 84, Phantom: 617
[2026-04-03T02:18:11.874+0600][53.775s][info][gc,ref      ] GC(75) Enqueued    references: Soft: 0, Weak: 26, Final: 0, Phantom: 0
[2026-04-03T02:18:11.874+0600][53.775s][info][gc          ] GC(75) Concurrent weak references 1.082ms
[2026-04-03T02:18:11.874+0600][53.775s][info][gc,start    ] GC(75) Concurrent weak roots
[2026-04-03T02:18:11.874+0600][53.775s][info][gc,task     ] GC(75) Using 3 of 6 workers for concurrent weak root
[2026-04-03T02:18:11.878+0600][53.779s][info][gc          ] GC(75) Concurrent weak roots 4.041ms
[2026-04-03T02:18:11.878+0600][53.779s][info][gc,start    ] GC(75) Concurrent cleanup
[2026-04-03T02:18:11.879+0600][53.780s][info][gc          ] GC(75) Concurrent cleanup 452M->176M(604M) 0.732ms
[2026-04-03T02:18:11.879+0600][53.780s][info][gc,ergo     ] GC(75) Free: 531M, Max: 256K regular, 175M humongous, Frag: 67% external, 0% internal; Reserve: 38181K, Max: 256K
[2026-04-03T02:18:11.879+0600][53.780s][info][gc,start    ] GC(75) Concurrent class unloading
[2026-04-03T02:18:11.879+0600][53.780s][info][gc,task     ] GC(75) Using 3 of 6 workers for concurrent class unloading
[2026-04-03T02:18:11.894+0600][53.795s][info][gc          ] GC(75) Concurrent class unloading 15.223ms
[2026-04-03T02:18:11.894+0600][53.795s][info][gc,start    ] GC(75) Concurrent strong roots
[2026-04-03T02:18:11.894+0600][53.795s][info][gc,task     ] GC(75) Using 3 of 6 workers for concurrent strong root
[2026-04-03T02:18:11.895+0600][53.796s][info][gc          ] GC(75) Concurrent strong roots 0.846ms
[2026-04-03T02:18:11.895+0600][53.796s][info][gc,start    ] GC(75) Concurrent evacuation
[2026-04-03T02:18:11.895+0600][53.796s][info][gc,task     ] GC(75) Using 3 of 6 workers for concurrent evacuation
[2026-04-03T02:18:11.896+0600][53.797s][info][gc          ] GC(75) Concurrent evacuation 0.835ms
[2026-04-03T02:18:11.896+0600][53.797s][info][gc,start    ] GC(75) Pause Init Update Refs
[2026-04-03T02:18:11.896+0600][53.797s][info][gc,ergo     ] GC(75) Pacer for Update Refs. Used: 185M, Free: 525M, Non-Taxable: 53763K, Alloc Tax Rate: 1.1x
[2026-04-03T02:18:11.896+0600][53.797s][info][gc          ] GC(75) Pause Init Update Refs 0.114ms
[2026-04-03T02:18:11.896+0600][53.797s][info][gc,start    ] GC(75) Concurrent update references
[2026-04-03T02:18:11.896+0600][53.797s][info][gc,task     ] GC(75) Using 3 of 6 workers for concurrent reference update
[2026-04-03T02:18:11.944+0600][53.845s][info][gc          ] GC(75) Concurrent update references 47.783ms
[2026-04-03T02:18:11.944+0600][53.845s][info][gc,start    ] GC(75) Concurrent update thread roots
[2026-04-03T02:18:11.946+0600][53.847s][info][gc          ] GC(75) Concurrent update thread roots 1.489ms
[2026-04-03T02:18:11.946+0600][53.847s][info][gc,start    ] GC(75) Pause Final Update Refs
[2026-04-03T02:18:11.946+0600][53.847s][info][gc,task     ] GC(75) Using 6 of 6 workers for final reference update
[2026-04-03T02:18:11.946+0600][53.847s][info][gc          ] GC(75) Pause Final Update Refs 0.241ms
[2026-04-03T02:18:11.946+0600][53.847s][info][gc,start    ] GC(75) Concurrent cleanup
[2026-04-03T02:18:11.947+0600][53.848s][info][gc          ] GC(75) Concurrent cleanup 210M->160M(604M) 0.613ms
[2026-04-03T02:18:11.947+0600][53.848s][info][gc,ergo     ] Free: 546M, Max: 256K regular, 175M humongous, Frag: 68% external, 0% internal; Reserve: 38400K, Max: 256K
[2026-04-03T02:18:11.947+0600][53.848s][info][gc,stats    ] 
[2026-04-03T02:18:11.947+0600][53.848s][info][gc,stats    ] All times are wall-clock times, except per-root-class counters, that are sum over
[2026-04-03T02:18:11.947+0600][53.848s][info][gc,stats    ] all workers. Dividing the <total> over the root stage time estimates parallelism.
[2026-04-03T02:18:11.947+0600][53.848s][info][gc,stats    ] 
[2026-04-03T02:18:11.947+0600][53.848s][info][gc,stats    ] Concurrent Reset                   1115 us
[2026-04-03T02:18:11.947+0600][53.848s][info][gc,stats    ] Pause Init Mark (G)                 413 us
[2026-04-03T02:18:11.947+0600][53.848s][info][gc,stats    ] Pause Init Mark (N)                 127 us
[2026-04-03T02:18:11.947+0600][53.848s][info][gc,stats    ]   Update Region States               26 us
[2026-04-03T02:18:11.947+0600][53.848s][info][gc,stats    ] Concurrent Mark Roots              1353 us, parallelism: 1.92x
[2026-04-03T02:18:11.947+0600][53.848s][info][gc,stats    ]   CMR: <total>                     2595 us
[2026-04-03T02:18:11.947+0600][53.848s][info][gc,stats    ]   CMR: Thread Roots                2224 us, workers (us): 862, 542, 820, ---, ---, ---, 
[2026-04-03T02:18:11.947+0600][53.848s][info][gc,stats    ]   CMR: VM Strong Roots               46 us, workers (us):  27,  18,   1, ---, ---, ---, 
[2026-04-03T02:18:11.947+0600][53.848s][info][gc,stats    ]   CMR: CLDG Roots                   325 us, workers (us): ---, 325, ---, ---, ---, ---, 
[2026-04-03T02:18:11.947+0600][53.848s][info][gc,stats    ] Concurrent Marking                59869 us
[2026-04-03T02:18:11.947+0600][53.848s][info][gc,stats    ] Pause Final Mark (G)               2892 us
[2026-04-03T02:18:11.947+0600][53.848s][info][gc,stats    ] Pause Final Mark (N)                614 us
[2026-04-03T02:18:11.947+0600][53.848s][info][gc,stats    ]   Finish Mark                       240 us
[2026-04-03T02:18:11.947+0600][53.848s][info][gc,stats    ]   Update Region States               50 us
[2026-04-03T02:18:11.947+0600][53.848s][info][gc,stats    ]   Choose Collection Set             180 us
[2026-04-03T02:18:11.947+0600][53.848s][info][gc,stats    ]   Rebuild Free Set                   38 us
[2026-04-03T02:18:11.947+0600][53.848s][info][gc,stats    ] Concurrent Thread Roots            1091 us, parallelism: 1.91x
[2026-04-03T02:18:11.947+0600][53.848s][info][gc,stats    ]   CTR: <total>                     2082 us
[2026-04-03T02:18:11.947+0600][53.848s][info][gc,stats    ]   CTR: Thread Roots                2082 us, workers (us): 701, 698, 684, ---, ---, ---, 
[2026-04-03T02:18:11.947+0600][53.848s][info][gc,stats    ] Concurrent Weak References         1096 us, parallelism: 1.17x
[2026-04-03T02:18:11.947+0600][53.848s][info][gc,stats    ]   CWRF: <total>                    1286 us
[2026-04-03T02:18:11.947+0600][53.848s][info][gc,stats    ]   CWRF: Weak References            1286 us, workers (us): 398, 791,  97, ---, ---, ---, 
[2026-04-03T02:18:11.947+0600][53.848s][info][gc,stats    ] Concurrent Weak Roots              4108 us
[2026-04-03T02:18:11.947+0600][53.848s][info][gc,stats    ]   Roots                            3618 us, parallelism: 2.67x
[2026-04-03T02:18:11.947+0600][53.848s][info][gc,stats    ]     CWR: <total>                   9651 us
[2026-04-03T02:18:11.947+0600][53.848s][info][gc,stats    ]     CWR: Code Cache Roots          7414 us, workers (us): 2534, 2598, 2281, ---, ---, ---, 
[2026-04-03T02:18:11.947+0600][53.848s][info][gc,stats    ]     CWR: VM Weak Roots             1999 us, workers (us): 747, 636, 616, ---, ---, ---, 
[2026-04-03T02:18:11.947+0600][53.848s][info][gc,stats    ]     CWR: CLDG Roots                 238 us, workers (us): ---, ---, 238, ---, ---, ---, 
[2026-04-03T02:18:11.947+0600][53.848s][info][gc,stats    ]   Rendezvous                        394 us
[2026-04-03T02:18:11.947+0600][53.848s][info][gc,stats    ] Concurrent Cleanup                  749 us
[2026-04-03T02:18:11.947+0600][53.848s][info][gc,stats    ] Concurrent Class Unloading        15316 us
[2026-04-03T02:18:11.947+0600][53.848s][info][gc,stats    ]   Unlink Stale                    13634 us
[2026-04-03T02:18:11.947+0600][53.848s][info][gc,stats    ]     System Dictionary               207 us
[2026-04-03T02:18:11.947+0600][53.848s][info][gc,stats    ]     Weak Class Links                  0 us
[2026-04-03T02:18:11.947+0600][53.848s][info][gc,stats    ]     Code Roots                    13420 us
[2026-04-03T02:18:11.947+0600][53.848s][info][gc,stats    ]   Rendezvous                        519 us
[2026-04-03T02:18:11.947+0600][53.848s][info][gc,stats    ]   Purge Unlinked                   1025 us
[2026-04-03T02:18:11.947+0600][53.848s][info][gc,stats    ]     Code Roots                     1012 us
[2026-04-03T02:18:11.947+0600][53.848s][info][gc,stats    ]     CLDG                             12 us
[2026-04-03T02:18:11.947+0600][53.848s][info][gc,stats    ]     Exception Caches                  0 us
[2026-04-03T02:18:11.947+0600][53.848s][info][gc,stats    ] Concurrent Strong Roots             880 us, parallelism: 0.60x
[2026-04-03T02:18:11.947+0600][53.848s][info][gc,stats    ]   CSR: <total>                      528 us
[2026-04-03T02:18:11.947+0600][53.848s][info][gc,stats    ]   CSR: VM Strong Roots               33 us, workers (us):  31,   2,   0, ---, ---, ---, 
[2026-04-03T02:18:11.947+0600][53.848s][info][gc,stats    ]   CSR: CLDG Roots                   495 us, workers (us): 495, ---, ---, ---, ---, ---, 
[2026-04-03T02:18:11.947+0600][53.848s][info][gc,stats    ] Concurrent Evacuation               875 us
[2026-04-03T02:18:11.947+0600][53.848s][info][gc,stats    ] Pause Init Update Refs (G)          462 us
[2026-04-03T02:18:11.947+0600][53.848s][info][gc,stats    ] Pause Init Update Refs (N)          124 us
[2026-04-03T02:18:11.947+0600][53.849s][info][gc,stats    ]   Manage GCLABs                      47 us
[2026-04-03T02:18:11.947+0600][53.849s][info][gc,stats    ] Concurrent Update Refs            47865 us
[2026-04-03T02:18:11.947+0600][53.849s][info][gc,stats    ] Concurrent Update Thread Roots     1528 us
[2026-04-03T02:18:11.947+0600][53.849s][info][gc,stats    ] Pause Final Update Refs (G)         547 us
[2026-04-03T02:18:11.947+0600][53.849s][info][gc,stats    ] Pause Final Update Refs (N)         266 us
[2026-04-03T02:18:11.947+0600][53.849s][info][gc,stats    ]   Update Region States               65 us
[2026-04-03T02:18:11.947+0600][53.849s][info][gc,stats    ]   Trash Collection Set               19 us
[2026-04-03T02:18:11.947+0600][53.849s][info][gc,stats    ]   Rebuild Free Set                   44 us
[2026-04-03T02:18:11.947+0600][53.849s][info][gc,stats    ] Concurrent Cleanup                  642 us
[2026-04-03T02:18:11.947+0600][53.849s][info][gc,stats    ] 
[2026-04-03T02:18:11.947+0600][53.849s][info][gc,stats    ] Allocation pacing accrued:
[2026-04-03T02:18:11.947+0600][53.849s][info][gc,stats    ]       0 of   344 ms (  0.0%): <total>
[2026-04-03T02:18:11.947+0600][53.849s][info][gc,stats    ]       0 of   344 ms (  0.0%): <average total>
[2026-04-03T02:18:11.947+0600][53.849s][info][gc,stats    ] 
[2026-04-03T02:18:11.948+0600][53.849s][info][gc,metaspace] Metaspace: 130988K(132800K)->131004K(132800K) NonClass: 114504K(115584K)->114520K(115584K) Class: 16484K(17216K)->16484K(17216K)
[2026-04-03T02:18:11.948+0600][53.849s][info][gc,ergo     ] Pacer for Idle. Initial: 15360K, Alloc Tax Rate: 1.0x
[2026-04-03T02:18:12.382+0600][54.283s][info][gc          ] Trigger: Average GC time (202.91 ms) is above the time for average allocation rate (901 MB/s) to deplete free headroom (180M) (margin of error = 1.82)
[2026-04-03T02:18:12.382+0600][54.283s][info][gc,ergo     ] Free headroom: 218M (free) - 38400K (spike) - 0B (penalties) = 180M
[2026-04-03T02:18:12.382+0600][54.283s][info][gc,ergo     ] Free: 218M, Max: 256K regular, 158M humongous, Frag: 28% external, 0% internal; Reserve: 38400K, Max: 256K
[2026-04-03T02:18:12.382+0600][54.283s][info][gc,start    ] GC(76) Concurrent reset
[2026-04-03T02:18:12.382+0600][54.283s][info][gc,task     ] GC(76) Using 3 of 6 workers for concurrent reset
[2026-04-03T02:18:12.382+0600][54.283s][info][gc,ergo     ] GC(76) Pacer for Reset. Non-Taxable: 750M
[2026-04-03T02:18:12.383+0600][54.284s][info][gc          ] GC(76) Concurrent reset 1.201ms
[2026-04-03T02:18:12.383+0600][54.284s][info][gc,start    ] GC(76) Pause Init Mark (unload classes)
[2026-04-03T02:18:12.383+0600][54.284s][info][gc,task     ] GC(76) Using 6 of 6 workers for init marking
[2026-04-03T02:18:12.383+0600][54.284s][info][gc,ergo     ] GC(76) Pacer for Mark. Expected Live: 93088K, Free: 218M, Non-Taxable: 22364K, Alloc Tax Rate: 0.5x
[2026-04-03T02:18:12.383+0600][54.285s][info][gc          ] GC(76) Pause Init Mark (unload classes) 0.160ms
[2026-04-03T02:18:12.383+0600][54.285s][info][gc,start    ] GC(76) Concurrent marking roots
[2026-04-03T02:18:12.384+0600][54.285s][info][gc,task     ] GC(76) Using 3 of 6 workers for concurrent marking roots
[2026-04-03T02:18:12.385+0600][54.286s][info][gc          ] GC(76) Concurrent marking roots 1.501ms
[2026-04-03T02:18:12.385+0600][54.286s][info][gc,start    ] GC(76) Concurrent marking (unload classes)
[2026-04-03T02:18:12.385+0600][54.286s][info][gc,task     ] GC(76) Using 3 of 6 workers for concurrent marking
[2026-04-03T02:18:12.445+0600][54.346s][info][gc          ] GC(76) Concurrent marking (unload classes) 59.637ms
[2026-04-03T02:18:12.445+0600][54.346s][info][gc,start    ] GC(76) Pause Final Mark (unload classes)
[2026-04-03T02:18:12.445+0600][54.346s][info][gc,task     ] GC(76) Using 6 of 6 workers for final marking
[2026-04-03T02:18:12.446+0600][54.347s][info][gc,ergo     ] GC(76) Adaptive CSet Selection. Target Free: 106M, Actual Free: 508M, Max CSet: 32000K, Min Garbage: 0B
[2026-04-03T02:18:12.446+0600][54.347s][info][gc,ergo     ] GC(76) Collectable Garbage: 371M (97%), Immediate: 285M (75%), CSet: 87942K (22%)
[2026-04-03T02:18:12.446+0600][54.347s][info][gc,ergo     ] GC(76) Pacer for Evacuation. Used CSet: 90674K, Free: 496M, Non-Taxable: 50823K, Alloc Tax Rate: 1.1x
[2026-04-03T02:18:12.446+0600][54.347s][info][gc          ] GC(76) Pause Final Mark (unload classes) 0.795ms
[2026-04-03T02:18:12.446+0600][54.347s][info][gc,start    ] GC(76) Concurrent thread roots
[2026-04-03T02:18:12.446+0600][54.347s][info][gc,task     ] GC(76) Using 3 of 6 workers for Concurrent thread roots
[2026-04-03T02:18:12.447+0600][54.348s][info][gc          ] GC(76) Concurrent thread roots 0.786ms
[2026-04-03T02:18:12.447+0600][54.348s][info][gc,start    ] GC(76) Concurrent weak references
[2026-04-03T02:18:12.447+0600][54.348s][info][gc,task     ] GC(76) Using 3 of 6 workers for concurrent weak references
[2026-04-03T02:18:12.448+0600][54.349s][info][gc,ref      ] GC(76) Encountered references: Soft: 3723, Weak: 16485, Final: 84, Phantom: 621
[2026-04-03T02:18:12.448+0600][54.349s][info][gc,ref      ] GC(76) Discovered  references: Soft: 0, Weak: 9082, Final: 0, Phantom: 616
[2026-04-03T02:18:12.448+0600][54.349s][info][gc,ref      ] GC(76) Enqueued    references: Soft: 0, Weak: 1620, Final: 0, Phantom: 0
[2026-04-03T02:18:12.448+0600][54.349s][info][gc          ] GC(76) Concurrent weak references 1.225ms
[2026-04-03T02:18:12.448+0600][54.349s][info][gc,start    ] GC(76) Concurrent weak roots
[2026-04-03T02:18:12.448+0600][54.349s][info][gc,task     ] GC(76) Using 3 of 6 workers for concurrent weak root
[2026-04-03T02:18:12.451+0600][54.352s][info][gc          ] GC(76) Concurrent weak roots 3.280ms
[2026-04-03T02:18:12.451+0600][54.352s][info][gc,start    ] GC(76) Concurrent cleanup
[2026-04-03T02:18:12.452+0600][54.353s][info][gc          ] GC(76) Concurrent cleanup 501M->216M(604M) 0.783ms
[2026-04-03T02:18:12.452+0600][54.353s][info][gc,ergo     ] GC(76) Free: 491M, Max: 256K regular, 121M humongous, Frag: 76% external, 0% internal; Reserve: 38162K, Max: 256K
[2026-04-03T02:18:12.452+0600][54.353s][info][gc,start    ] GC(76) Concurrent class unloading
[2026-04-03T02:18:12.452+0600][54.353s][info][gc,task     ] GC(76) Using 3 of 6 workers for concurrent class unloading
[2026-04-03T02:18:12.473+0600][54.374s][info][gc          ] GC(76) Concurrent class unloading 20.625ms
[2026-04-03T02:18:12.473+0600][54.374s][info][gc,start    ] GC(76) Concurrent strong roots
[2026-04-03T02:18:12.473+0600][54.374s][info][gc,task     ] GC(76) Using 3 of 6 workers for concurrent strong root
[2026-04-03T02:18:12.475+0600][54.376s][info][gc          ] GC(76) Concurrent strong roots 1.753ms
[2026-04-03T02:18:12.475+0600][54.376s][info][gc,start    ] GC(76) Concurrent evacuation
[2026-04-03T02:18:12.475+0600][54.376s][info][gc,task     ] GC(76) Using 3 of 6 workers for concurrent evacuation
[2026-04-03T02:18:12.478+0600][54.379s][info][gc          ] GC(76) Concurrent evacuation 3.448ms
[2026-04-03T02:18:12.479+0600][54.380s][info][gc,start    ] GC(76) Pause Init Update Refs
[2026-04-03T02:18:12.479+0600][54.380s][info][gc,ergo     ] GC(76) Pacer for Update Refs. Used: 238M, Free: 472M, Non-Taxable: 48423K, Alloc Tax Rate: 1.1x
[2026-04-03T02:18:12.479+0600][54.380s][info][gc          ] GC(76) Pause Init Update Refs 0.158ms
[2026-04-03T02:18:12.479+0600][54.380s][info][gc,start    ] GC(76) Concurrent update references
[2026-04-03T02:18:12.479+0600][54.380s][info][gc,task     ] GC(76) Using 3 of 6 workers for concurrent reference update
[2026-04-03T02:18:12.535+0600][54.436s][info][gc          ] GC(76) Concurrent update references 55.746ms
[2026-04-03T02:18:12.535+0600][54.436s][info][gc,start    ] GC(76) Concurrent update thread roots
[2026-04-03T02:18:12.537+0600][54.438s][info][gc          ] GC(76) Concurrent update thread roots 2.220ms
[2026-04-03T02:18:12.538+0600][54.439s][info][gc,start    ] GC(76) Pause Final Update Refs
[2026-04-03T02:18:12.538+0600][54.439s][info][gc,task     ] GC(76) Using 6 of 6 workers for final reference update
[2026-04-03T02:18:12.538+0600][54.439s][info][gc          ] GC(76) Pause Final Update Refs 0.373ms
[2026-04-03T02:18:12.538+0600][54.439s][info][gc,start    ] GC(76) Concurrent cleanup
[2026-04-03T02:18:12.539+0600][54.440s][info][gc          ] GC(76) Concurrent cleanup 281M->195M(604M) 0.748ms
[2026-04-03T02:18:12.539+0600][54.440s][info][gc,ergo     ] Free: 510M, Max: 256K regular, 185M humongous, Frag: 64% external, 1% internal; Reserve: 38400K, Max: 256K
[2026-04-03T02:18:12.539+0600][54.440s][info][gc,stats    ] 
[2026-04-03T02:18:12.539+0600][54.440s][info][gc,stats    ] All times are wall-clock times, except per-root-class counters, that are sum over
[2026-04-03T02:18:12.539+0600][54.440s][info][gc,stats    ] all workers. Dividing the <total> over the root stage time estimates parallelism.
[2026-04-03T02:18:12.539+0600][54.440s][info][gc,stats    ] 
[2026-04-03T02:18:12.539+0600][54.440s][info][gc,stats    ] Concurrent Reset                   1271 us
[2026-04-03T02:18:12.539+0600][54.440s][info][gc,stats    ] Pause Init Mark (G)                 466 us
[2026-04-03T02:18:12.539+0600][54.440s][info][gc,stats    ] Pause Init Mark (N)                 176 us
[2026-04-03T02:18:12.539+0600][54.440s][info][gc,stats    ]   Update Region States               38 us
[2026-04-03T02:18:12.539+0600][54.440s][info][gc,stats    ] Concurrent Mark Roots              1557 us, parallelism: 1.79x
[2026-04-03T02:18:12.539+0600][54.440s][info][gc,stats    ]   CMR: <total>                     2784 us
[2026-04-03T02:18:12.539+0600][54.440s][info][gc,stats    ]   CMR: Thread Roots                2401 us, workers (us): 912, 904, 586, ---, ---, ---, 
[2026-04-03T02:18:12.539+0600][54.440s][info][gc,stats    ]   CMR: VM Strong Roots               56 us, workers (us):  39,   8,   9, ---, ---, ---, 
[2026-04-03T02:18:12.539+0600][54.440s][info][gc,stats    ]   CMR: CLDG Roots                   327 us, workers (us): ---, ---, 327, ---, ---, ---, 
[2026-04-03T02:18:12.539+0600][54.440s][info][gc,stats    ] Concurrent Marking                59738 us
[2026-04-03T02:18:12.539+0600][54.440s][info][gc,stats    ] Pause Final Mark (G)               1118 us
[2026-04-03T02:18:12.539+0600][54.440s][info][gc,stats    ] Pause Final Mark (N)                810 us
[2026-04-03T02:18:12.539+0600][54.440s][info][gc,stats    ]   Finish Mark                       303 us
[2026-04-03T02:18:12.539+0600][54.440s][info][gc,stats    ]   Update Region States               54 us
[2026-04-03T02:18:12.539+0600][54.440s][info][gc,stats    ]   Choose Collection Set             257 us
[2026-04-03T02:18:12.539+0600][54.440s][info][gc,stats    ]   Rebuild Free Set                   34 us
[2026-04-03T02:18:12.539+0600][54.440s][info][gc,stats    ] Concurrent Thread Roots             901 us, parallelism: 2.06x
[2026-04-03T02:18:12.539+0600][54.440s][info][gc,stats    ]   CTR: <total>                     1857 us
[2026-04-03T02:18:12.539+0600][54.441s][info][gc,stats    ]   CTR: Thread Roots                1857 us, workers (us): 665, 600, 592, ---, ---, ---, 
[2026-04-03T02:18:12.539+0600][54.441s][info][gc,stats    ] Concurrent Weak References         1237 us, parallelism: 1.06x
[2026-04-03T02:18:12.539+0600][54.441s][info][gc,stats    ]   CWRF: <total>                    1307 us
[2026-04-03T02:18:12.539+0600][54.441s][info][gc,stats    ]   CWRF: Weak References            1307 us, workers (us):  51, 253, 1003, ---, ---, ---, 
[2026-04-03T02:18:12.539+0600][54.441s][info][gc,stats    ] Concurrent Weak Roots              3342 us
[2026-04-03T02:18:12.539+0600][54.441s][info][gc,stats    ]   Roots                            2911 us, parallelism: 2.66x
[2026-04-03T02:18:12.539+0600][54.441s][info][gc,stats    ]     CWR: <total>                   7731 us
[2026-04-03T02:18:12.539+0600][54.441s][info][gc,stats    ]     CWR: Code Cache Roots          5692 us, workers (us): 1729, 1987, 1976, ---, ---, ---, 
[2026-04-03T02:18:12.540+0600][54.441s][info][gc,stats    ]     CWR: VM Weak Roots             1875 us, workers (us): 631, 622, 622, ---, ---, ---, 
[2026-04-03T02:18:12.540+0600][54.441s][info][gc,stats    ]     CWR: CLDG Roots                 164 us, workers (us): 164, ---, ---, ---, ---, ---, 
[2026-04-03T02:18:12.540+0600][54.441s][info][gc,stats    ]   Rendezvous                        341 us
[2026-04-03T02:18:12.540+0600][54.441s][info][gc,stats    ] Concurrent Cleanup                  817 us
[2026-04-03T02:18:12.540+0600][54.441s][info][gc,stats    ] Concurrent Class Unloading        20745 us
[2026-04-03T02:18:12.540+0600][54.441s][info][gc,stats    ]   Unlink Stale                    18722 us
[2026-04-03T02:18:12.540+0600][54.441s][info][gc,stats    ]     System Dictionary               265 us
[2026-04-03T02:18:12.540+0600][54.441s][info][gc,stats    ]     Weak Class Links                  0 us
[2026-04-03T02:18:12.540+0600][54.441s][info][gc,stats    ]     Code Roots                    18453 us
[2026-04-03T02:18:12.540+0600][54.441s][info][gc,stats    ]   Rendezvous                        459 us
[2026-04-03T02:18:12.540+0600][54.441s][info][gc,stats    ]   Purge Unlinked                   1410 us
[2026-04-03T02:18:12.540+0600][54.441s][info][gc,stats    ]     Code Roots                     1383 us
[2026-04-03T02:18:12.540+0600][54.441s][info][gc,stats    ]     CLDG                             26 us
[2026-04-03T02:18:12.540+0600][54.441s][info][gc,stats    ]     Exception Caches                  1 us
[2026-04-03T02:18:12.540+0600][54.441s][info][gc,stats    ] Concurrent Strong Roots            1818 us, parallelism: 0.70x
[2026-04-03T02:18:12.540+0600][54.441s][info][gc,stats    ]   CSR: <total>                     1264 us
[2026-04-03T02:18:12.540+0600][54.441s][info][gc,stats    ]   CSR: VM Strong Roots               57 us, workers (us):  54,   3,   0, ---, ---, ---, 
[2026-04-03T02:18:12.540+0600][54.441s][info][gc,stats    ]   CSR: CLDG Roots                  1206 us, workers (us): 1206, ---, ---, ---, ---, ---, 
[2026-04-03T02:18:12.540+0600][54.441s][info][gc,stats    ] Concurrent Evacuation              3566 us
[2026-04-03T02:18:12.540+0600][54.441s][info][gc,stats    ] Pause Init Update Refs (G)          829 us
[2026-04-03T02:18:12.540+0600][54.441s][info][gc,stats    ] Pause Init Update Refs (N)          173 us
[2026-04-03T02:18:12.540+0600][54.441s][info][gc,stats    ]   Manage GCLABs                      45 us
[2026-04-03T02:18:12.540+0600][54.441s][info][gc,stats    ] Concurrent Update Refs            55858 us
[2026-04-03T02:18:12.540+0600][54.441s][info][gc,stats    ] Concurrent Update Thread Roots     2309 us
[2026-04-03T02:18:12.540+0600][54.441s][info][gc,stats    ] Pause Final Update Refs (G)         819 us
[2026-04-03T02:18:12.540+0600][54.441s][info][gc,stats    ] Pause Final Update Refs (N)         390 us
[2026-04-03T02:18:12.540+0600][54.441s][info][gc,stats    ]   Update Region States               62 us
[2026-04-03T02:18:12.540+0600][54.441s][info][gc,stats    ]   Trash Collection Set               19 us
[2026-04-03T02:18:12.540+0600][54.441s][info][gc,stats    ]   Rebuild Free Set                   51 us
[2026-04-03T02:18:12.540+0600][54.441s][info][gc,stats    ] Concurrent Cleanup                  781 us
[2026-04-03T02:18:12.540+0600][54.441s][info][gc,stats    ] Pacing                            10098 us
[2026-04-03T02:18:12.540+0600][54.441s][info][gc,stats    ] 
[2026-04-03T02:18:12.540+0600][54.441s][info][gc,stats    ] Allocation pacing accrued:
[2026-04-03T02:18:12.540+0600][54.441s][info][gc,stats    ]      10 of   592 ms (  1.7%): dag-scheduler-event-loop
[2026-04-03T02:18:12.540+0600][54.441s][info][gc,stats    ]      10 of   592 ms (  1.7%): <total>
[2026-04-03T02:18:12.540+0600][54.441s][info][gc,stats    ]       0 of   592 ms (  0.0%): <average total>
[2026-04-03T02:18:12.540+0600][54.441s][info][gc,stats    ]      10 of   592 ms (  1.7%): <average non-zero>
[2026-04-03T02:18:12.540+0600][54.441s][info][gc,stats    ] 
[2026-04-03T02:18:12.540+0600][54.441s][info][gc,metaspace] Metaspace: 131040K(132800K)->131042K(132800K) NonClass: 114552K(115584K)->114554K(115584K) Class: 16487K(17216K)->16487K(17216K)
[2026-04-03T02:18:12.540+0600][54.441s][info][gc,ergo     ] Pacer for Idle. Initial: 15360K, Alloc Tax Rate: 1.0x
[2026-04-03T02:18:12.786+0600][54.687s][info][gc          ] Trigger: Average GC time (190.43 ms) is above the time for average allocation rate (1044 MB/s) to deplete free headroom (197M) (margin of error = 1.82)
[2026-04-03T02:18:12.786+0600][54.687s][info][gc,ergo     ] Free headroom: 235M (free) - 38400K (spike) - 0B (penalties) = 197M
[2026-04-03T02:18:12.786+0600][54.687s][info][gc,ergo     ] Free: 235M, Max: 256K regular, 121M humongous, Frag: 49% external, 0% internal; Reserve: 38400K, Max: 256K
[2026-04-03T02:18:12.786+0600][54.687s][info][gc,start    ] GC(77) Concurrent reset
[2026-04-03T02:18:12.786+0600][54.687s][info][gc,task     ] GC(77) Using 3 of 6 workers for concurrent reset
[2026-04-03T02:18:12.786+0600][54.687s][info][gc,ergo     ] GC(77) Pacer for Reset. Non-Taxable: 750M
[2026-04-03T02:18:12.788+0600][54.689s][info][gc          ] GC(77) Concurrent reset 1.870ms
[2026-04-03T02:18:12.788+0600][54.689s][info][gc,start    ] GC(77) Pause Init Mark (unload classes)
[2026-04-03T02:18:12.788+0600][54.689s][info][gc,task     ] GC(77) Using 6 of 6 workers for init marking
[2026-04-03T02:18:12.788+0600][54.689s][info][gc,ergo     ] GC(77) Pacer for Mark. Expected Live: 90835K, Free: 233M, Non-Taxable: 23930K, Alloc Tax Rate: 0.5x
[2026-04-03T02:18:12.788+0600][54.689s][info][gc          ] GC(77) Pause Init Mark (unload classes) 0.174ms
[2026-04-03T02:18:12.788+0600][54.689s][info][gc,start    ] GC(77) Concurrent marking roots
[2026-04-03T02:18:12.788+0600][54.689s][info][gc,task     ] GC(77) Using 3 of 6 workers for concurrent marking roots
[2026-04-03T02:18:12.790+0600][54.691s][info][gc          ] GC(77) Concurrent marking roots 1.884ms
[2026-04-03T02:18:12.790+0600][54.691s][info][gc,start    ] GC(77) Concurrent marking (unload classes)
[2026-04-03T02:18:12.790+0600][54.691s][info][gc,task     ] GC(77) Using 3 of 6 workers for concurrent marking
[2026-04-03T02:18:12.849+0600][54.750s][info][gc          ] GC(77) Concurrent marking (unload classes) 58.584ms
[2026-04-03T02:18:12.849+0600][54.750s][info][gc,start    ] GC(77) Pause Final Mark (unload classes)
[2026-04-03T02:18:12.849+0600][54.750s][info][gc,task     ] GC(77) Using 6 of 6 workers for final marking
[2026-04-03T02:18:12.850+0600][54.751s][info][gc,ergo     ] GC(77) Adaptive CSet Selection. Target Free: 106M, Actual Free: 530M, Max CSet: 32000K, Min Garbage: 0B
[2026-04-03T02:18:12.850+0600][54.751s][info][gc,ergo     ] GC(77) Collectable Garbage: 356M (97%), Immediate: 297M (81%), CSet: 60279K (16%)
[2026-04-03T02:18:12.850+0600][54.751s][info][gc,ergo     ] GC(77) Pacer for Evacuation. Used CSet: 64021K, Free: 514M, Non-Taxable: 52665K, Alloc Tax Rate: 1.1x
[2026-04-03T02:18:12.850+0600][54.751s][info][gc          ] GC(77) Pause Final Mark (unload classes) 0.829ms
[2026-04-03T02:18:12.850+0600][54.751s][info][gc,start    ] GC(77) Concurrent thread roots
[2026-04-03T02:18:12.850+0600][54.751s][info][gc,task     ] GC(77) Using 3 of 6 workers for Concurrent thread roots
[2026-04-03T02:18:12.851+0600][54.752s][info][gc          ] GC(77) Concurrent thread roots 0.996ms
[2026-04-03T02:18:12.851+0600][54.752s][info][gc,start    ] GC(77) Concurrent weak references
[2026-04-03T02:18:12.851+0600][54.752s][info][gc,task     ] GC(77) Using 3 of 6 workers for concurrent weak references
[2026-04-03T02:18:12.852+0600][54.753s][info][gc,ref      ] GC(77) Encountered references: Soft: 3731, Weak: 15519, Final: 84, Phantom: 621
[2026-04-03T02:18:12.852+0600][54.753s][info][gc,ref      ] GC(77) Discovered  references: Soft: 0, Weak: 8319, Final: 52, Phantom: 222
[2026-04-03T02:18:12.852+0600][54.753s][info][gc,ref      ] GC(77) Enqueued    references: Soft: 0, Weak: 18, Final: 0, Phantom: 0
[2026-04-03T02:18:12.852+0600][54.753s][info][gc          ] GC(77) Concurrent weak references 1.024ms
[2026-04-03T02:18:12.852+0600][54.753s][info][gc,start    ] GC(77) Concurrent weak roots
[2026-04-03T02:18:12.852+0600][54.753s][info][gc,task     ] GC(77) Using 3 of 6 workers for concurrent weak root
[2026-04-03T02:18:12.857+0600][54.758s][info][gc          ] GC(77) Concurrent weak roots 5.277ms
[2026-04-03T02:18:12.857+0600][54.758s][info][gc,start    ] GC(77) Concurrent cleanup
[2026-04-03T02:18:12.858+0600][54.759s][info][gc          ] GC(77) Concurrent cleanup 495M->197M(604M) 0.899ms
[2026-04-03T02:18:12.858+0600][54.759s][info][gc,ergo     ] GC(77) Free: 510M, Max: 256K regular, 121M humongous, Frag: 77% external, 0% internal; Reserve: 38041K, Max: 256K
[2026-04-03T02:18:12.858+0600][54.759s][info][gc,start    ] GC(77) Concurrent class unloading
[2026-04-03T02:18:12.858+0600][54.759s][info][gc,task     ] GC(77) Using 3 of 6 workers for concurrent class unloading
[2026-04-03T02:18:12.877+0600][54.778s][info][gc          ] GC(77) Concurrent class unloading 18.915ms
[2026-04-03T02:18:12.877+0600][54.778s][info][gc,start    ] GC(77) Concurrent strong roots
[2026-04-03T02:18:12.877+0600][54.778s][info][gc,task     ] GC(77) Using 3 of 6 workers for concurrent strong root
[2026-04-03T02:18:12.879+0600][54.780s][info][gc          ] GC(77) Concurrent strong roots 1.236ms
[2026-04-03T02:18:12.879+0600][54.780s][info][gc,start    ] GC(77) Concurrent evacuation
[2026-04-03T02:18:12.879+0600][54.780s][info][gc,task     ] GC(77) Using 3 of 6 workers for concurrent evacuation
[2026-04-03T02:18:12.881+0600][54.782s][info][gc          ] GC(77) Concurrent evacuation 1.947ms
[2026-04-03T02:18:12.881+0600][54.782s][info][gc,start    ] GC(77) Pause Init Update Refs
[2026-04-03T02:18:12.881+0600][54.782s][info][gc,ergo     ] GC(77) Pacer for Update Refs. Used: 225M, Free: 484M, Non-Taxable: 49644K, Alloc Tax Rate: 1.1x
[2026-04-03T02:18:12.881+0600][54.783s][info][gc          ] GC(77) Pause Init Update Refs 0.110ms
[2026-04-03T02:18:12.882+0600][54.783s][info][gc,start    ] GC(77) Concurrent update references
[2026-04-03T02:18:12.882+0600][54.783s][info][gc,task     ] GC(77) Using 3 of 6 workers for concurrent reference update
[2026-04-03T02:18:12.930+0600][54.831s][info][gc          ] GC(77) Concurrent update references 48.469ms
[2026-04-03T02:18:12.930+0600][54.831s][info][gc,start    ] GC(77) Concurrent update thread roots
[2026-04-03T02:18:12.932+0600][54.833s][info][gc          ] GC(77) Concurrent update thread roots 1.367ms
[2026-04-03T02:18:12.932+0600][54.833s][info][gc,start    ] GC(77) Pause Final Update Refs
[2026-04-03T02:18:12.932+0600][54.833s][info][gc,task     ] GC(77) Using 6 of 6 workers for final reference update
[2026-04-03T02:18:12.932+0600][54.833s][info][gc          ] GC(77) Pause Final Update Refs 0.226ms
[2026-04-03T02:18:12.932+0600][54.833s][info][gc,start    ] GC(77) Concurrent cleanup
[2026-04-03T02:18:12.933+0600][54.834s][info][gc          ] GC(77) Concurrent cleanup 261M->199M(604M) 0.335ms
[2026-04-03T02:18:12.933+0600][54.834s][info][gc,ergo     ] Free: 504M, Max: 256K regular, 167M humongous, Frag: 67% external, 1% internal; Reserve: 38400K, Max: 256K
[2026-04-03T02:18:12.933+0600][54.834s][info][gc,stats    ] 
[2026-04-03T02:18:12.933+0600][54.834s][info][gc,stats    ] All times are wall-clock times, except per-root-class counters, that are sum over
[2026-04-03T02:18:12.933+0600][54.834s][info][gc,stats    ] all workers. Dividing the <total> over the root stage time estimates parallelism.
[2026-04-03T02:18:12.933+0600][54.834s][info][gc,stats    ] 
[2026-04-03T02:18:12.933+0600][54.834s][info][gc,stats    ] Concurrent Reset                   1961 us
[2026-04-03T02:18:12.933+0600][54.834s][info][gc,stats    ] Pause Init Mark (G)                 483 us
[2026-04-03T02:18:12.933+0600][54.834s][info][gc,stats    ] Pause Init Mark (N)                 185 us
[2026-04-03T02:18:12.933+0600][54.834s][info][gc,stats    ]   Update Region States               40 us
[2026-04-03T02:18:12.933+0600][54.834s][info][gc,stats    ] Concurrent Mark Roots              1931 us, parallelism: 2.17x
[2026-04-03T02:18:12.933+0600][54.834s][info][gc,stats    ]   CMR: <total>                     4186 us
[2026-04-03T02:18:12.933+0600][54.834s][info][gc,stats    ]   CMR: Thread Roots                3620 us, workers (us): 886, 1360, 1374, ---, ---, ---, 
[2026-04-03T02:18:12.933+0600][54.834s][info][gc,stats    ]   CMR: VM Strong Roots               72 us, workers (us):  35,  36,   1, ---, ---, ---, 
[2026-04-03T02:18:12.933+0600][54.834s][info][gc,stats    ]   CMR: CLDG Roots                   494 us, workers (us): 494, ---, ---, ---, ---, ---, 
[2026-04-03T02:18:12.933+0600][54.834s][info][gc,stats    ] Concurrent Marking                58654 us
[2026-04-03T02:18:12.933+0600][54.834s][info][gc,stats    ] Pause Final Mark (G)               1050 us
[2026-04-03T02:18:12.933+0600][54.834s][info][gc,stats    ] Pause Final Mark (N)                840 us
[2026-04-03T02:18:12.933+0600][54.834s][info][gc,stats    ]   Finish Mark                       381 us
[2026-04-03T02:18:12.933+0600][54.834s][info][gc,stats    ]   Update Region States               42 us
[2026-04-03T02:18:12.933+0600][54.834s][info][gc,stats    ]   Choose Collection Set             265 us
[2026-04-03T02:18:12.933+0600][54.834s][info][gc,stats    ]   Rebuild Free Set                   42 us
[2026-04-03T02:18:12.933+0600][54.834s][info][gc,stats    ] Concurrent Thread Roots            1029 us, parallelism: 2.54x
[2026-04-03T02:18:12.933+0600][54.834s][info][gc,stats    ]   CTR: <total>                     2615 us
[2026-04-03T02:18:12.933+0600][54.834s][info][gc,stats    ]   CTR: Thread Roots                2615 us, workers (us): 877, 872, 865, ---, ---, ---, 
[2026-04-03T02:18:12.933+0600][54.834s][info][gc,stats    ] Concurrent Weak References         1037 us, parallelism: 1.02x
[2026-04-03T02:18:12.933+0600][54.834s][info][gc,stats    ]   CWRF: <total>                    1053 us
[2026-04-03T02:18:12.933+0600][54.834s][info][gc,stats    ]   CWRF: Weak References            1053 us, workers (us): 856, 171,  25, ---, ---, ---, 
[2026-04-03T02:18:12.933+0600][54.834s][info][gc,stats    ] Concurrent Weak Roots              5338 us
[2026-04-03T02:18:12.933+0600][54.834s][info][gc,stats    ]   Roots                            4854 us, parallelism: 2.76x
[2026-04-03T02:18:12.933+0600][54.834s][info][gc,stats    ]     CWR: <total>                  13378 us
[2026-04-03T02:18:12.933+0600][54.834s][info][gc,stats    ]     CWR: Code Cache Roots         10197 us, workers (us): 3317, 3312, 3568, ---, ---, ---, 
[2026-04-03T02:18:12.933+0600][54.834s][info][gc,stats    ]     CWR: VM Weak Roots             2994 us, workers (us): 1032, 1017, 945, ---, ---, ---, 
[2026-04-03T02:18:12.933+0600][54.834s][info][gc,stats    ]     CWR: CLDG Roots                 187 us, workers (us): 187, ---, ---, ---, ---, ---, 
[2026-04-03T02:18:12.933+0600][54.834s][info][gc,stats    ]   Rendezvous                        396 us
[2026-04-03T02:18:12.933+0600][54.834s][info][gc,stats    ] Concurrent Cleanup                  923 us
[2026-04-03T02:18:12.933+0600][54.834s][info][gc,stats    ] Concurrent Class Unloading        18989 us
[2026-04-03T02:18:12.933+0600][54.834s][info][gc,stats    ]   Unlink Stale                    17444 us
[2026-04-03T02:18:12.933+0600][54.834s][info][gc,stats    ]     System Dictionary               209 us
[2026-04-03T02:18:12.933+0600][54.834s][info][gc,stats    ]     Weak Class Links                  0 us
[2026-04-03T02:18:12.933+0600][54.834s][info][gc,stats    ]     Code Roots                    17231 us
[2026-04-03T02:18:12.933+0600][54.834s][info][gc,stats    ]   Rendezvous                        436 us
[2026-04-03T02:18:12.933+0600][54.834s][info][gc,stats    ]   Purge Unlinked                    999 us
[2026-04-03T02:18:12.933+0600][54.834s][info][gc,stats    ]     Code Roots                      986 us
[2026-04-03T02:18:12.933+0600][54.834s][info][gc,stats    ]     CLDG                             12 us
[2026-04-03T02:18:12.933+0600][54.834s][info][gc,stats    ]     Exception Caches                  0 us
[2026-04-03T02:18:12.933+0600][54.834s][info][gc,stats    ] Concurrent Strong Roots            1289 us, parallelism: 0.64x
[2026-04-03T02:18:12.933+0600][54.834s][info][gc,stats    ]   CSR: <total>                      823 us
[2026-04-03T02:18:12.933+0600][54.834s][info][gc,stats    ]   CSR: VM Strong Roots               44 us, workers (us):  41,   2,   2, ---, ---, ---, 
[2026-04-03T02:18:12.933+0600][54.834s][info][gc,stats    ]   CSR: CLDG Roots                   779 us, workers (us): 779, ---, ---, ---, ---, ---, 
[2026-04-03T02:18:12.933+0600][54.834s][info][gc,stats    ] Concurrent Evacuation              2007 us
[2026-04-03T02:18:12.933+0600][54.834s][info][gc,stats    ] Pause Init Update Refs (G)          958 us
[2026-04-03T02:18:12.933+0600][54.834s][info][gc,stats    ] Pause Init Update Refs (N)          120 us
[2026-04-03T02:18:12.933+0600][54.834s][info][gc,stats    ]   Manage GCLABs                      44 us
[2026-04-03T02:18:12.933+0600][54.834s][info][gc,stats    ] Concurrent Update Refs            48567 us
[2026-04-03T02:18:12.933+0600][54.834s][info][gc,stats    ] Concurrent Update Thread Roots     1453 us
[2026-04-03T02:18:12.933+0600][54.834s][info][gc,stats    ] Pause Final Update Refs (G)         588 us
[2026-04-03T02:18:12.933+0600][54.834s][info][gc,stats    ] Pause Final Update Refs (N)         245 us
[2026-04-03T02:18:12.933+0600][54.834s][info][gc,stats    ]   Update Region States               57 us
[2026-04-03T02:18:12.933+0600][54.834s][info][gc,stats    ]   Trash Collection Set               15 us
[2026-04-03T02:18:12.933+0600][54.834s][info][gc,stats    ]   Rebuild Free Set                   47 us
[2026-04-03T02:18:12.933+0600][54.834s][info][gc,stats    ] Concurrent Cleanup                  366 us
[2026-04-03T02:18:12.933+0600][54.835s][info][gc,stats    ] Pacing                           151010 us
[2026-04-03T02:18:12.933+0600][54.835s][info][gc,stats    ] 
[2026-04-03T02:18:12.933+0600][54.835s][info][gc,stats    ] Allocation pacing accrued:
[2026-04-03T02:18:12.933+0600][54.835s][info][gc,stats    ]      19 of   394 ms (  4.9%): Executor task launch worker for task 3.0 in stage 1670.0 (TID 3206)
[2026-04-03T02:18:12.933+0600][54.835s][info][gc,stats    ]      19 of   394 ms (  4.9%): Executor task launch worker for task 2.0 in stage 1670.0 (TID 3205)
[2026-04-03T02:18:12.933+0600][54.835s][info][gc,stats    ]      20 of   394 ms (  5.0%): Executor task launch worker for task 4.0 in stage 1670.0 (TID 3207)
[2026-04-03T02:18:12.933+0600][54.835s][info][gc,stats    ]      19 of   394 ms (  4.7%): Executor task launch worker for task 5.0 in stage 1670.0 (TID 3208)
[2026-04-03T02:18:12.933+0600][54.835s][info][gc,stats    ]      17 of   394 ms (  4.4%): Executor task launch worker for task 1.0 in stage 1670.0 (TID 3204)
[2026-04-03T02:18:12.934+0600][54.835s][info][gc,stats    ]      19 of   394 ms (  4.9%): Executor task launch worker for task 0.0 in stage 1670.0 (TID 3203)
[2026-04-03T02:18:12.934+0600][54.835s][info][gc,stats    ]      17 of   394 ms (  4.4%): Executor task launch worker for task 7.0 in stage 1670.0 (TID 3210)
[2026-04-03T02:18:12.934+0600][54.835s][info][gc,stats    ]      20 of   394 ms (  5.1%): Executor task launch worker for task 6.0 in stage 1670.0 (TID 3209)
[2026-04-03T02:18:12.934+0600][54.835s][info][gc,stats    ]     151 of   394 ms ( 38.4%): <total>
[2026-04-03T02:18:12.934+0600][54.835s][info][gc,stats    ]       1 of   394 ms (  0.1%): <average total>
[2026-04-03T02:18:12.934+0600][54.835s][info][gc,stats    ]      19 of   394 ms (  4.8%): <average non-zero>
[2026-04-03T02:18:12.934+0600][54.835s][info][gc,stats    ] 
[2026-04-03T02:18:12.934+0600][54.835s][info][gc,metaspace] Metaspace: 131064K(132800K)->131065K(132800K) NonClass: 114575K(115584K)->114576K(115584K) Class: 16488K(17216K)->16488K(17216K)
[2026-04-03T02:18:12.934+0600][54.835s][info][gc,ergo     ] Pacer for Idle. Initial: 15360K, Alloc Tax Rate: 1.0x
[2026-04-03T02:18:13.274+0600][55.175s][info][gc          ] Trigger: Average GC time (177.08 ms) is above the time for average allocation rate (893 MB/s) to deplete free headroom (158M) (margin of error = 1.82)
[2026-04-03T02:18:13.274+0600][55.175s][info][gc,ergo     ] Free headroom: 195M (free) - 38400K (spike) - 0B (penalties) = 158M
[2026-04-03T02:18:13.274+0600][55.175s][info][gc,ergo     ] Free: 195M, Max: 256K regular, 137M humongous, Frag: 30% external, 0% internal; Reserve: 38400K, Max: 256K
[2026-04-03T02:18:13.274+0600][55.175s][info][gc,start    ] GC(78) Concurrent reset
[2026-04-03T02:18:13.274+0600][55.175s][info][gc,task     ] GC(78) Using 3 of 6 workers for concurrent reset
[2026-04-03T02:18:13.274+0600][55.175s][info][gc,ergo     ] GC(78) Pacer for Reset. Non-Taxable: 750M
[2026-04-03T02:18:13.275+0600][55.176s][info][gc          ] GC(78) Concurrent reset 0.869ms
[2026-04-03T02:18:13.275+0600][55.176s][info][gc,start    ] GC(78) Pause Init Mark (unload classes)
[2026-04-03T02:18:13.275+0600][55.176s][info][gc,task     ] GC(78) Using 6 of 6 workers for init marking
[2026-04-03T02:18:13.275+0600][55.176s][info][gc,ergo     ] GC(78) Pacer for Mark. Expected Live: 91263K, Free: 195M, Non-Taxable: 20009K, Alloc Tax Rate: 0.6x
[2026-04-03T02:18:13.275+0600][55.176s][info][gc          ] GC(78) Pause Init Mark (unload classes) 0.117ms
[2026-04-03T02:18:13.275+0600][55.176s][info][gc,start    ] GC(78) Concurrent marking roots
[2026-04-03T02:18:13.275+0600][55.177s][info][gc,task     ] GC(78) Using 3 of 6 workers for concurrent marking roots
[2026-04-03T02:18:13.277+0600][55.178s][info][gc          ] GC(78) Concurrent marking roots 1.193ms
[2026-04-03T02:18:13.277+0600][55.178s][info][gc,start    ] GC(78) Concurrent marking (unload classes)
[2026-04-03T02:18:13.277+0600][55.178s][info][gc,task     ] GC(78) Using 3 of 6 workers for concurrent marking
[2026-04-03T02:18:13.336+0600][55.237s][info][gc          ] GC(78) Concurrent marking (unload classes) 59.200ms
[2026-04-03T02:18:13.336+0600][55.237s][info][gc,start    ] GC(78) Pause Final Mark (unload classes)
[2026-04-03T02:18:13.336+0600][55.237s][info][gc,task     ] GC(78) Using 6 of 6 workers for final marking
[2026-04-03T02:18:13.337+0600][55.238s][info][gc,ergo     ] GC(78) Adaptive CSet Selection. Target Free: 106M, Actual Free: 483M, Max CSet: 32000K, Min Garbage: 0B
[2026-04-03T02:18:13.337+0600][55.238s][info][gc,ergo     ] GC(78) Collectable Garbage: 388M (97%), Immediate: 283M (71%), CSet: 104M (26%)
[2026-04-03T02:18:13.337+0600][55.238s][info][gc,ergo     ] GC(78) Pacer for Evacuation. Used CSet: 109M, Free: 471M, Non-Taxable: 48311K, Alloc Tax Rate: 1.1x
[2026-04-03T02:18:13.337+0600][55.238s][info][gc          ] GC(78) Pause Final Mark (unload classes) 0.882ms
[2026-04-03T02:18:13.337+0600][55.238s][info][gc,start    ] GC(78) Concurrent thread roots
[2026-04-03T02:18:13.337+0600][55.238s][info][gc,task     ] GC(78) Using 3 of 6 workers for Concurrent thread roots
[2026-04-03T02:18:13.338+0600][55.239s][info][gc          ] GC(78) Concurrent thread roots 1.258ms
[2026-04-03T02:18:13.338+0600][55.239s][info][gc,start    ] GC(78) Concurrent weak references
[2026-04-03T02:18:13.338+0600][55.239s][info][gc,task     ] GC(78) Using 3 of 6 workers for concurrent weak references
[2026-04-03T02:18:13.339+0600][55.240s][info][gc,ref      ] GC(78) Encountered references: Soft: 3785, Weak: 16478, Final: 84, Phantom: 653
[2026-04-03T02:18:13.339+0600][55.240s][info][gc,ref      ] GC(78) Discovered  references: Soft: 0, Weak: 4267, Final: 0, Phantom: 389
[2026-04-03T02:18:13.339+0600][55.240s][info][gc,ref      ] GC(78) Enqueued    references: Soft: 0, Weak: 1728, Final: 0, Phantom: 0
[2026-04-03T02:18:13.339+0600][55.240s][info][gc          ] GC(78) Concurrent weak references 0.617ms
[2026-04-03T02:18:13.339+0600][55.240s][info][gc,start    ] GC(78) Concurrent weak roots
[2026-04-03T02:18:13.339+0600][55.240s][info][gc,task     ] GC(78) Using 3 of 6 workers for concurrent weak root
[2026-04-03T02:18:13.345+0600][55.247s][info][gc          ] GC(78) Concurrent weak roots 6.522ms
[2026-04-03T02:18:13.346+0600][55.247s][info][gc,start    ] GC(78) Concurrent cleanup
[2026-04-03T02:18:13.346+0600][55.247s][info][gc          ] GC(78) Concurrent cleanup 528M->244M(604M) 0.766ms
[2026-04-03T02:18:13.346+0600][55.247s][info][gc,ergo     ] GC(78) Free: 464M, Max: 256K regular, 101120K humongous, Frag: 79% external, 0% internal; Reserve: 37814K, Max: 256K
[2026-04-03T02:18:13.346+0600][55.248s][info][gc,start    ] GC(78) Concurrent class unloading
[2026-04-03T02:18:13.346+0600][55.248s][info][gc,task     ] GC(78) Using 3 of 6 workers for concurrent class unloading
[2026-04-03T02:18:13.368+0600][55.269s][info][gc          ] GC(78) Concurrent class unloading 21.547ms
[2026-04-03T02:18:13.368+0600][55.269s][info][gc,start    ] GC(78) Concurrent strong roots
[2026-04-03T02:18:13.368+0600][55.269s][info][gc,task     ] GC(78) Using 3 of 6 workers for concurrent strong root
[2026-04-03T02:18:13.369+0600][55.270s][info][gc          ] GC(78) Concurrent strong roots 1.196ms
[2026-04-03T02:18:13.369+0600][55.270s][info][gc,start    ] GC(78) Concurrent evacuation
[2026-04-03T02:18:13.369+0600][55.270s][info][gc,task     ] GC(78) Using 3 of 6 workers for concurrent evacuation
[2026-04-03T02:18:13.374+0600][55.275s][info][gc          ] GC(78) Concurrent evacuation 4.662ms
[2026-04-03T02:18:13.374+0600][55.275s][info][gc,start    ] GC(78) Pause Init Update Refs
[2026-04-03T02:18:13.374+0600][55.275s][info][gc,ergo     ] GC(78) Pacer for Update Refs. Used: 267M, Free: 447M, Non-Taxable: 45778K, Alloc Tax Rate: 1.1x
[2026-04-03T02:18:13.374+0600][55.275s][info][gc          ] GC(78) Pause Init Update Refs 0.127ms
[2026-04-03T02:18:13.374+0600][55.276s][info][gc,start    ] GC(78) Concurrent update references
[2026-04-03T02:18:13.374+0600][55.276s][info][gc,task     ] GC(78) Using 3 of 6 workers for concurrent reference update
[2026-04-03T02:18:13.424+0600][55.325s][info][gc          ] GC(78) Concurrent update references 49.918ms
[2026-04-03T02:18:13.424+0600][55.326s][info][gc,start    ] GC(78) Concurrent update thread roots
[2026-04-03T02:18:13.426+0600][55.327s][info][gc          ] GC(78) Concurrent update thread roots 1.900ms
[2026-04-03T02:18:13.427+0600][55.328s][info][gc,start    ] GC(78) Pause Final Update Refs
[2026-04-03T02:18:13.427+0600][55.328s][info][gc,task     ] GC(78) Using 6 of 6 workers for final reference update
[2026-04-03T02:18:13.427+0600][55.328s][info][gc          ] GC(78) Pause Final Update Refs 0.244ms
[2026-04-03T02:18:13.427+0600][55.328s][info][gc,start    ] GC(78) Concurrent cleanup
[2026-04-03T02:18:13.428+0600][55.329s][info][gc          ] GC(78) Concurrent cleanup 301M->192M(606M) 0.779ms
[2026-04-03T02:18:13.428+0600][55.329s][info][gc,ergo     ] Free: 514M, Max: 256K regular, 226M humongous, Frag: 57% external, 0% internal; Reserve: 38400K, Max: 256K
[2026-04-03T02:18:13.428+0600][55.329s][info][gc,stats    ] 
[2026-04-03T02:18:13.428+0600][55.329s][info][gc,stats    ] All times are wall-clock times, except per-root-class counters, that are sum over
[2026-04-03T02:18:13.428+0600][55.329s][info][gc,stats    ] all workers. Dividing the <total> over the root stage time estimates parallelism.
[2026-04-03T02:18:13.428+0600][55.329s][info][gc,stats    ] 
[2026-04-03T02:18:13.428+0600][55.329s][info][gc,stats    ] Concurrent Reset                    911 us
[2026-04-03T02:18:13.428+0600][55.329s][info][gc,stats    ] Pause Init Mark (G)                 458 us
[2026-04-03T02:18:13.428+0600][55.329s][info][gc,stats    ] Pause Init Mark (N)                 124 us
[2026-04-03T02:18:13.428+0600][55.329s][info][gc,stats    ]   Update Region States               26 us
[2026-04-03T02:18:13.428+0600][55.329s][info][gc,stats    ] Concurrent Mark Roots              1236 us, parallelism: 1.84x
[2026-04-03T02:18:13.428+0600][55.329s][info][gc,stats    ]   CMR: <total>                     2273 us
[2026-04-03T02:18:13.428+0600][55.329s][info][gc,stats    ]   CMR: Thread Roots                1968 us, workers (us): 467, 759, 742, ---, ---, ---, 
[2026-04-03T02:18:13.428+0600][55.330s][info][gc,stats    ]   CMR: VM Strong Roots               28 us, workers (us):  27,   1,   0, ---, ---, ---, 
[2026-04-03T02:18:13.428+0600][55.330s][info][gc,stats    ]   CMR: CLDG Roots                   277 us, workers (us): 277, ---, ---, ---, ---, ---, 
[2026-04-03T02:18:13.428+0600][55.330s][info][gc,stats    ] Concurrent Marking                59285 us
[2026-04-03T02:18:13.428+0600][55.330s][info][gc,stats    ] Pause Final Mark (G)               1062 us
[2026-04-03T02:18:13.428+0600][55.330s][info][gc,stats    ] Pause Final Mark (N)                895 us
[2026-04-03T02:18:13.428+0600][55.330s][info][gc,stats    ]   Finish Mark                       301 us
[2026-04-03T02:18:13.428+0600][55.330s][info][gc,stats    ]   Update Region States               46 us
[2026-04-03T02:18:13.428+0600][55.330s][info][gc,stats    ]   Choose Collection Set             322 us
[2026-04-03T02:18:13.428+0600][55.330s][info][gc,stats    ]   Rebuild Free Set                   42 us
[2026-04-03T02:18:13.428+0600][55.330s][info][gc,stats    ] Concurrent Thread Roots            1335 us, parallelism: 2.30x
[2026-04-03T02:18:13.429+0600][55.330s][info][gc,stats    ]   CTR: <total>                     3065 us
[2026-04-03T02:18:13.429+0600][55.330s][info][gc,stats    ]   CTR: Thread Roots                3065 us, workers (us): 1056, 998, 1011, ---, ---, ---, 
[2026-04-03T02:18:13.429+0600][55.330s][info][gc,stats    ] Concurrent Weak References          638 us, parallelism: 1.26x
[2026-04-03T02:18:13.429+0600][55.330s][info][gc,stats    ]   CWRF: <total>                     801 us
[2026-04-03T02:18:13.429+0600][55.330s][info][gc,stats    ]   CWRF: Weak References             801 us, workers (us): 177, 245, 380, ---, ---, ---, 
[2026-04-03T02:18:13.429+0600][55.330s][info][gc,stats    ] Concurrent Weak Roots              6592 us
[2026-04-03T02:18:13.429+0600][55.330s][info][gc,stats    ]   Roots                            6094 us, parallelism: 2.24x
[2026-04-03T02:18:13.429+0600][55.330s][info][gc,stats    ]     CWR: <total>                  13663 us
[2026-04-03T02:18:13.429+0600][55.330s][info][gc,stats    ]     CWR: Code Cache Roots         10848 us, workers (us): 4470, 4165, 2212, ---, ---, ---, 
[2026-04-03T02:18:13.429+0600][55.330s][info][gc,stats    ]     CWR: VM Weak Roots             2600 us, workers (us): 1305, 1294,   2, ---, ---, ---, 
[2026-04-03T02:18:13.429+0600][55.330s][info][gc,stats    ]     CWR: CLDG Roots                 215 us, workers (us): ---, 215, ---, ---, ---, ---, 
[2026-04-03T02:18:13.429+0600][55.330s][info][gc,stats    ]   Rendezvous                        399 us
[2026-04-03T02:18:13.429+0600][55.330s][info][gc,stats    ] Concurrent Cleanup                  809 us
[2026-04-03T02:18:13.429+0600][55.330s][info][gc,stats    ] Concurrent Class Unloading        21639 us
[2026-04-03T02:18:13.429+0600][55.330s][info][gc,stats    ]   Unlink Stale                    18439 us
[2026-04-03T02:18:13.429+0600][55.330s][info][gc,stats    ]     System Dictionary               228 us
[2026-04-03T02:18:13.429+0600][55.330s][info][gc,stats    ]     Weak Class Links                  1 us
[2026-04-03T02:18:13.429+0600][55.330s][info][gc,stats    ]     Code Roots                    18207 us
[2026-04-03T02:18:13.429+0600][55.330s][info][gc,stats    ]   Rendezvous                        312 us
[2026-04-03T02:18:13.429+0600][55.330s][info][gc,stats    ]   Purge Unlinked                   2770 us
[2026-04-03T02:18:13.429+0600][55.330s][info][gc,stats    ]     Code Roots                     2752 us
[2026-04-03T02:18:13.429+0600][55.330s][info][gc,stats    ]     CLDG                             16 us
[2026-04-03T02:18:13.429+0600][55.330s][info][gc,stats    ]     Exception Caches                  0 us
[2026-04-03T02:18:13.429+0600][55.330s][info][gc,stats    ] Concurrent Strong Roots            1257 us, parallelism: 0.66x
[2026-04-03T02:18:13.429+0600][55.330s][info][gc,stats    ]   CSR: <total>                      835 us
[2026-04-03T02:18:13.429+0600][55.330s][info][gc,stats    ]   CSR: VM Strong Roots               63 us, workers (us):  35,  28,   0, ---, ---, ---, 
[2026-04-03T02:18:13.429+0600][55.330s][info][gc,stats    ]   CSR: CLDG Roots                   772 us, workers (us): ---, 772, ---, ---, ---, ---, 
[2026-04-03T02:18:13.429+0600][55.330s][info][gc,stats    ] Concurrent Evacuation              4731 us
[2026-04-03T02:18:13.429+0600][55.330s][info][gc,stats    ] Pause Init Update Refs (G)          352 us
[2026-04-03T02:18:13.429+0600][55.330s][info][gc,stats    ] Pause Init Update Refs (N)          141 us
[2026-04-03T02:18:13.429+0600][55.330s][info][gc,stats    ]   Manage GCLABs                      36 us
[2026-04-03T02:18:13.429+0600][55.330s][info][gc,stats    ] Concurrent Update Refs            50053 us
[2026-04-03T02:18:13.429+0600][55.330s][info][gc,stats    ] Concurrent Update Thread Roots     1993 us
[2026-04-03T02:18:13.429+0600][55.330s][info][gc,stats    ] Pause Final Update Refs (G)         803 us
[2026-04-03T02:18:13.429+0600][55.330s][info][gc,stats    ] Pause Final Update Refs (N)         260 us
[2026-04-03T02:18:13.429+0600][55.330s][info][gc,stats    ]   Update Region States               61 us
[2026-04-03T02:18:13.429+0600][55.330s][info][gc,stats    ]   Trash Collection Set               19 us
[2026-04-03T02:18:13.429+0600][55.330s][info][gc,stats    ]   Rebuild Free Set                   49 us
[2026-04-03T02:18:13.429+0600][55.330s][info][gc,stats    ] Concurrent Cleanup                  823 us
[2026-04-03T02:18:13.429+0600][55.330s][info][gc,stats    ] Pacing                            43743 us
[2026-04-03T02:18:13.429+0600][55.330s][info][gc,stats    ] 
[2026-04-03T02:18:13.429+0600][55.330s][info][gc,stats    ] Allocation pacing accrued:
[2026-04-03T02:18:13.429+0600][55.330s][info][gc,stats    ]       5 of   496 ms (  1.1%): Executor task launch worker for task 3.0 in stage 1777.0 (TID 3270)
[2026-04-03T02:18:13.429+0600][55.330s][info][gc,stats    ]       5 of   496 ms (  1.1%): Executor task launch worker for task 7.0 in stage 1777.0 (TID 3274)
[2026-04-03T02:18:13.429+0600][55.330s][info][gc,stats    ]       5 of   496 ms (  1.0%): Executor task launch worker for task 2.0 in stage 1777.0 (TID 3269)
[2026-04-03T02:18:13.429+0600][55.330s][info][gc,stats    ]       4 of   496 ms (  0.9%): Executor task launch worker for task 6.0 in stage 1777.0 (TID 3273)
[2026-04-03T02:18:13.429+0600][55.330s][info][gc,stats    ]       6 of   496 ms (  1.3%): Executor task launch worker for task 1.0 in stage 1777.0 (TID 3268)
[2026-04-03T02:18:13.429+0600][55.330s][info][gc,stats    ]       6 of   496 ms (  1.2%): Executor task launch worker for task 4.0 in stage 1777.0 (TID 3271)
[2026-04-03T02:18:13.429+0600][55.330s][info][gc,stats    ]       6 of   496 ms (  1.2%): Executor task launch worker for task 0.0 in stage 1777.0 (TID 3267)
[2026-04-03T02:18:13.429+0600][55.330s][info][gc,stats    ]       5 of   496 ms (  1.1%): Executor task launch worker for task 5.0 in stage 1777.0 (TID 3272)
[2026-04-03T02:18:13.429+0600][55.330s][info][gc,stats    ]      44 of   496 ms (  8.8%): <total>
[2026-04-03T02:18:13.429+0600][55.330s][info][gc,stats    ]       0 of   496 ms (  0.0%): <average total>
[2026-04-03T02:18:13.429+0600][55.330s][info][gc,stats    ]       5 of   496 ms (  1.1%): <average non-zero>
[2026-04-03T02:18:13.429+0600][55.330s][info][gc,stats    ] 
[2026-04-03T02:18:13.429+0600][55.330s][info][gc,metaspace] Metaspace: 131147K(132800K)->131147K(132800K) NonClass: 114648K(115584K)->114648K(115584K) Class: 16499K(17216K)->16499K(17216K)
[2026-04-03T02:18:13.429+0600][55.330s][info][gc,ergo     ] Pacer for Idle. Initial: 15360K, Alloc Tax Rate: 1.0x
[2026-04-03T02:18:13.699+0600][55.600s][info][gc          ] Trigger: Average GC time (171.15 ms) is above the time for average allocation rate (1028 MB/s) to deplete free headroom (171M) (margin of error = 1.82)
[2026-04-03T02:18:13.699+0600][55.600s][info][gc,ergo     ] Free headroom: 209M (free) - 38400K (spike) - 0B (penalties) = 171M
[2026-04-03T02:18:13.699+0600][55.600s][info][gc,ergo     ] Free: 208M, Max: 256K regular, 101120K humongous, Frag: 53% external, 0% internal; Reserve: 38400K, Max: 256K
[2026-04-03T02:18:13.699+0600][55.600s][info][gc,start    ] GC(79) Concurrent reset
[2026-04-03T02:18:13.699+0600][55.600s][info][gc,task     ] GC(79) Using 3 of 6 workers for concurrent reset
[2026-04-03T02:18:13.699+0600][55.600s][info][gc,ergo     ] GC(79) Pacer for Reset. Non-Taxable: 750M
[2026-04-03T02:18:13.701+0600][55.602s][info][gc          ] GC(79) Concurrent reset 2.138ms
[2026-04-03T02:18:13.703+0600][55.604s][info][gc,start    ] GC(79) Pause Init Mark (unload classes)
[2026-04-03T02:18:13.703+0600][55.604s][info][gc,task     ] GC(79) Using 6 of 6 workers for init marking
[2026-04-03T02:18:13.703+0600][55.604s][info][gc,ergo     ] GC(79) Pacer for Mark. Expected Live: 91471K, Free: 181M, Non-Taxable: 18560K, Alloc Tax Rate: 0.6x
[2026-04-03T02:18:13.703+0600][55.604s][info][gc          ] GC(79) Pause Init Mark (unload classes) 0.254ms
[2026-04-03T02:18:13.703+0600][55.604s][info][gc,start    ] GC(79) Concurrent marking roots
[2026-04-03T02:18:13.703+0600][55.604s][info][gc,task     ] GC(79) Using 3 of 6 workers for concurrent marking roots
[2026-04-03T02:18:13.705+0600][55.606s][info][gc          ] GC(79) Concurrent marking roots 1.940ms
[2026-04-03T02:18:13.705+0600][55.606s][info][gc,start    ] GC(79) Concurrent marking (unload classes)
[2026-04-03T02:18:13.705+0600][55.606s][info][gc,task     ] GC(79) Using 3 of 6 workers for concurrent marking
[2026-04-03T02:18:13.753+0600][55.654s][info][gc          ] GC(79) Concurrent marking (unload classes) 47.661ms
[2026-04-03T02:18:13.757+0600][55.658s][info][gc,start    ] GC(79) Pause Final Mark (unload classes)
[2026-04-03T02:18:13.757+0600][55.658s][info][gc,task     ] GC(79) Using 6 of 6 workers for final marking
[2026-04-03T02:18:13.758+0600][55.659s][info][gc,ergo     ] GC(79) Adaptive CSet Selection. Target Free: 106M, Actual Free: 495M, Max CSet: 32000K, Min Garbage: 0B
[2026-04-03T02:18:13.758+0600][55.659s][info][gc,ergo     ] GC(79) Collectable Garbage: 396M (97%), Immediate: 357M (88%), CSet: 40621K (9%)
[2026-04-03T02:18:13.758+0600][55.659s][info][gc,ergo     ] GC(79) Pacer for Evacuation. Used CSet: 44463K, Free: 475M, Non-Taxable: 48640K, Alloc Tax Rate: 1.1x
[2026-04-03T02:18:13.758+0600][55.659s][info][gc          ] GC(79) Pause Final Mark (unload classes) 0.848ms
[2026-04-03T02:18:13.758+0600][55.659s][info][gc,start    ] GC(79) Concurrent thread roots
[2026-04-03T02:18:13.758+0600][55.659s][info][gc,task     ] GC(79) Using 3 of 6 workers for Concurrent thread roots
[2026-04-03T02:18:13.759+0600][55.661s][info][gc          ] GC(79) Concurrent thread roots 1.215ms
[2026-04-03T02:18:13.759+0600][55.661s][info][gc,start    ] GC(79) Concurrent weak references
[2026-04-03T02:18:13.759+0600][55.661s][info][gc,task     ] GC(79) Using 3 of 6 workers for concurrent weak references
[2026-04-03T02:18:13.761+0600][55.662s][info][gc,ref      ] GC(79) Encountered references: Soft: 3788, Weak: 15292, Final: 84, Phantom: 627
[2026-04-03T02:18:13.761+0600][55.662s][info][gc,ref      ] GC(79) Discovered  references: Soft: 0, Weak: 8841, Final: 52, Phantom: 230
[2026-04-03T02:18:13.761+0600][55.662s][info][gc,ref      ] GC(79) Enqueued    references: Soft: 0, Weak: 602, Final: 0, Phantom: 0
[2026-04-03T02:18:13.761+0600][55.662s][info][gc          ] GC(79) Concurrent weak references 1.419ms
[2026-04-03T02:18:13.761+0600][55.662s][info][gc,start    ] GC(79) Concurrent weak roots
[2026-04-03T02:18:13.761+0600][55.662s][info][gc,task     ] GC(79) Using 3 of 6 workers for concurrent weak root
[2026-04-03T02:18:13.771+0600][55.673s][info][gc          ] GC(79) Concurrent weak roots 10.495ms
[2026-04-03T02:18:13.771+0600][55.673s][info][gc,start    ] GC(79) Concurrent cleanup
[2026-04-03T02:18:13.772+0600][55.674s][info][gc          ] GC(79) Concurrent cleanup 623M->266M(654M) 0.916ms
[2026-04-03T02:18:13.772+0600][55.674s][info][gc,ergo     ] GC(79) Free: 436M, Max: 256K regular, 48128K humongous, Frag: 90% external, 0% internal; Reserve: 37750K, Max: 256K
[2026-04-03T02:18:13.773+0600][55.674s][info][gc,start    ] GC(79) Concurrent class unloading
[2026-04-03T02:18:13.773+0600][55.674s][info][gc,task     ] GC(79) Using 3 of 6 workers for concurrent class unloading
[2026-04-03T02:18:13.788+0600][55.689s][info][gc          ] GC(79) Concurrent class unloading 15.705ms
[2026-04-03T02:18:13.788+0600][55.689s][info][gc,start    ] GC(79) Concurrent strong roots
[2026-04-03T02:18:13.788+0600][55.689s][info][gc,task     ] GC(79) Using 3 of 6 workers for concurrent strong root
[2026-04-03T02:18:13.790+0600][55.691s][info][gc          ] GC(79) Concurrent strong roots 1.285ms
[2026-04-03T02:18:13.790+0600][55.691s][info][gc,start    ] GC(79) Concurrent evacuation
[2026-04-03T02:18:13.790+0600][55.691s][info][gc,task     ] GC(79) Using 3 of 6 workers for concurrent evacuation
[2026-04-03T02:18:13.791+0600][55.693s][info][gc          ] GC(79) Concurrent evacuation 1.790ms
[2026-04-03T02:18:13.792+0600][55.693s][info][gc,start    ] GC(79) Pause Init Update Refs
[2026-04-03T02:18:13.792+0600][55.693s][info][gc,ergo     ] GC(79) Pacer for Update Refs. Used: 283M, Free: 422M, Non-Taxable: 43295K, Alloc Tax Rate: 1.1x
[2026-04-03T02:18:13.792+0600][55.693s][info][gc          ] GC(79) Pause Init Update Refs 0.117ms
[2026-04-03T02:18:13.792+0600][55.693s][info][gc,start    ] GC(79) Concurrent update references
[2026-04-03T02:18:13.792+0600][55.693s][info][gc,task     ] GC(79) Using 3 of 6 workers for concurrent reference update
[2026-04-03T02:18:13.839+0600][55.740s][info][gc          ] GC(79) Concurrent update references 46.832ms
[2026-04-03T02:18:13.839+0600][55.740s][info][gc,start    ] GC(79) Concurrent update thread roots
[2026-04-03T02:18:13.844+0600][55.745s][info][gc          ] GC(79) Concurrent update thread roots 5.051ms
[2026-04-03T02:18:13.844+0600][55.746s][info][gc,start    ] GC(79) Pause Final Update Refs
[2026-04-03T02:18:13.845+0600][55.746s][info][gc,task     ] GC(79) Using 6 of 6 workers for final reference update
[2026-04-03T02:18:13.845+0600][55.746s][info][gc          ] GC(79) Pause Final Update Refs 0.273ms
[2026-04-03T02:18:13.845+0600][55.746s][info][gc,start    ] GC(79) Concurrent cleanup
[2026-04-03T02:18:13.846+0600][55.747s][info][gc          ] GC(79) Concurrent cleanup 405M->362M(654M) 0.667ms
[2026-04-03T02:18:13.846+0600][55.747s][info][gc,ergo     ] Free: 333M, Max: 256K regular, 172M humongous, Frag: 49% external, 0% internal; Reserve: 38400K, Max: 256K
[2026-04-03T02:18:13.846+0600][55.747s][info][gc,stats    ] 
[2026-04-03T02:18:13.846+0600][55.747s][info][gc,stats    ] All times are wall-clock times, except per-root-class counters, that are sum over
[2026-04-03T02:18:13.846+0600][55.747s][info][gc,stats    ] all workers. Dividing the <total> over the root stage time estimates parallelism.
[2026-04-03T02:18:13.846+0600][55.747s][info][gc,stats    ] 
[2026-04-03T02:18:13.846+0600][55.747s][info][gc,stats    ] Concurrent Reset                   2257 us
[2026-04-03T02:18:13.846+0600][55.747s][info][gc,stats    ] Pause Init Mark (G)                1658 us
[2026-04-03T02:18:13.846+0600][55.747s][info][gc,stats    ] Pause Init Mark (N)                 268 us
[2026-04-03T02:18:13.846+0600][55.747s][info][gc,stats    ]   Update Region States               80 us
[2026-04-03T02:18:13.846+0600][55.747s][info][gc,stats    ] Concurrent Mark Roots              2003 us, parallelism: 2.05x
[2026-04-03T02:18:13.846+0600][55.747s][info][gc,stats    ]   CMR: <total>                     4103 us
[2026-04-03T02:18:13.846+0600][55.747s][info][gc,stats    ]   CMR: Thread Roots                3514 us, workers (us): 1373, 814, 1328, ---, ---, ---, 
[2026-04-03T02:18:13.846+0600][55.747s][info][gc,stats    ]   CMR: VM Strong Roots               65 us, workers (us):  28,  21,  16, ---, ---, ---, 
[2026-04-03T02:18:13.846+0600][55.747s][info][gc,stats    ]   CMR: CLDG Roots                   524 us, workers (us): ---, 524, ---, ---, ---, ---, 
[2026-04-03T02:18:13.846+0600][55.747s][info][gc,stats    ] Concurrent Marking                47746 us
[2026-04-03T02:18:13.846+0600][55.747s][info][gc,stats    ] Pause Final Mark (G)               5475 us
[2026-04-03T02:18:13.846+0600][55.747s][info][gc,stats    ] Pause Final Mark (N)                866 us
[2026-04-03T02:18:13.846+0600][55.747s][info][gc,stats    ]   Finish Mark                       266 us
[2026-04-03T02:18:13.846+0600][55.747s][info][gc,stats    ]   Update Region States               69 us
[2026-04-03T02:18:13.846+0600][55.747s][info][gc,stats    ]   Choose Collection Set             268 us
[2026-04-03T02:18:13.846+0600][55.747s][info][gc,stats    ]   Rebuild Free Set                   38 us
[2026-04-03T02:18:13.846+0600][55.747s][info][gc,stats    ] Concurrent Thread Roots            1262 us, parallelism: 2.28x
[2026-04-03T02:18:13.846+0600][55.747s][info][gc,stats    ]   CTR: <total>                     2879 us
[2026-04-03T02:18:13.846+0600][55.747s][info][gc,stats    ]   CTR: Thread Roots                2879 us, workers (us): 1019, 931, 929, ---, ---, ---, 
[2026-04-03T02:18:13.846+0600][55.747s][info][gc,stats    ] Concurrent Weak References         1432 us, parallelism: 1.50x
[2026-04-03T02:18:13.846+0600][55.747s][info][gc,stats    ]   CWRF: <total>                    2148 us
[2026-04-03T02:18:13.846+0600][55.747s][info][gc,stats    ]   CWRF: Weak References            2148 us, workers (us): 1185, 442, 521, ---, ---, ---, 
[2026-04-03T02:18:13.846+0600][55.747s][info][gc,stats    ] Concurrent Weak Roots             10580 us
[2026-04-03T02:18:13.846+0600][55.747s][info][gc,stats    ]   Roots                            4791 us, parallelism: 2.74x
[2026-04-03T02:18:13.846+0600][55.747s][info][gc,stats    ]     CWR: <total>                  13134 us
[2026-04-03T02:18:13.846+0600][55.747s][info][gc,stats    ]     CWR: Code Cache Roots         10292 us, workers (us): 3257, 3431, 3604, ---, ---, ---, 
[2026-04-03T02:18:13.846+0600][55.747s][info][gc,stats    ]     CWR: VM Weak Roots             2628 us, workers (us): 881, 876, 871, ---, ---, ---, 
[2026-04-03T02:18:13.846+0600][55.747s][info][gc,stats    ]     CWR: CLDG Roots                 214 us, workers (us): 214, ---, ---, ---, ---, ---, 
[2026-04-03T02:18:13.846+0600][55.747s][info][gc,stats    ]   Rendezvous                       5679 us
[2026-04-03T02:18:13.846+0600][55.747s][info][gc,stats    ] Concurrent Cleanup                  958 us
[2026-04-03T02:18:13.846+0600][55.747s][info][gc,stats    ] Concurrent Class Unloading        15781 us
[2026-04-03T02:18:13.846+0600][55.747s][info][gc,stats    ]   Unlink Stale                    14425 us
[2026-04-03T02:18:13.846+0600][55.747s][info][gc,stats    ]     System Dictionary               398 us
[2026-04-03T02:18:13.846+0600][55.747s][info][gc,stats    ]     Weak Class Links                  1 us
[2026-04-03T02:18:13.846+0600][55.747s][info][gc,stats    ]     Code Roots                    14012 us
[2026-04-03T02:18:13.846+0600][55.747s][info][gc,stats    ]   Rendezvous                        480 us
[2026-04-03T02:18:13.846+0600][55.747s][info][gc,stats    ]   Purge Unlinked                    756 us
[2026-04-03T02:18:13.846+0600][55.747s][info][gc,stats    ]     Code Roots                      739 us
[2026-04-03T02:18:13.846+0600][55.747s][info][gc,stats    ]     CLDG                             16 us
[2026-04-03T02:18:13.846+0600][55.747s][info][gc,stats    ]     Exception Caches                  0 us
[2026-04-03T02:18:13.846+0600][55.747s][info][gc,stats    ] Concurrent Strong Roots            1340 us, parallelism: 0.65x
[2026-04-03T02:18:13.846+0600][55.747s][info][gc,stats    ]   CSR: <total>                      869 us
[2026-04-03T02:18:13.846+0600][55.748s][info][gc,stats    ]   CSR: VM Strong Roots               45 us, workers (us):  45,   1,   0, ---, ---, ---, 
[2026-04-03T02:18:13.846+0600][55.748s][info][gc,stats    ]   CSR: CLDG Roots                   824 us, workers (us): 824, ---, ---, ---, ---, ---, 
[2026-04-03T02:18:13.846+0600][55.748s][info][gc,stats    ] Concurrent Evacuation              1852 us
[2026-04-03T02:18:13.846+0600][55.748s][info][gc,stats    ] Pause Init Update Refs (G)          517 us
[2026-04-03T02:18:13.846+0600][55.748s][info][gc,stats    ] Pause Init Update Refs (N)          128 us
[2026-04-03T02:18:13.846+0600][55.748s][info][gc,stats    ]   Manage GCLABs                      42 us
[2026-04-03T02:18:13.846+0600][55.748s][info][gc,stats    ] Concurrent Update Refs            47005 us
[2026-04-03T02:18:13.846+0600][55.748s][info][gc,stats    ] Concurrent Update Thread Roots     5184 us
[2026-04-03T02:18:13.846+0600][55.748s][info][gc,stats    ] Pause Final Update Refs (G)         629 us
[2026-04-03T02:18:13.847+0600][55.748s][info][gc,stats    ] Pause Final Update Refs (N)         294 us
[2026-04-03T02:18:13.847+0600][55.748s][info][gc,stats    ]   Update Region States               68 us
[2026-04-03T02:18:13.847+0600][55.748s][info][gc,stats    ]   Trash Collection Set               15 us
[2026-04-03T02:18:13.847+0600][55.748s][info][gc,stats    ]   Rebuild Free Set                   73 us
[2026-04-03T02:18:13.847+0600][55.748s][info][gc,stats    ] Concurrent Cleanup                  730 us
[2026-04-03T02:18:13.847+0600][55.748s][info][gc,stats    ] Pacing                           315285 us
[2026-04-03T02:18:13.847+0600][55.748s][info][gc,stats    ] 
[2026-04-03T02:18:13.847+0600][55.748s][info][gc,stats    ] Allocation pacing accrued:
[2026-04-03T02:18:13.847+0600][55.748s][info][gc,stats    ]       8 of   418 ms (  2.0%): dispatcher-BlockManagerMaster
[2026-04-03T02:18:13.847+0600][55.748s][info][gc,stats    ]      11 of   418 ms (  2.7%): Spark Context Cleaner
[2026-04-03T02:18:13.847+0600][55.748s][info][gc,stats    ]      62 of   418 ms ( 14.7%): Executor task launch worker for task 3.0 in stage 1789.0 (TID 3296)
[2026-04-03T02:18:13.847+0600][55.748s][info][gc,stats    ]      62 of   418 ms ( 15.0%): Executor task launch worker for task 2.0 in stage 1789.0 (TID 3295)
[2026-04-03T02:18:13.847+0600][55.748s][info][gc,stats    ]      62 of   418 ms ( 14.8%): Executor task launch worker for task 0.0 in stage 1789.0 (TID 3293)
[2026-04-03T02:18:13.847+0600][55.748s][info][gc,stats    ]      61 of   418 ms ( 14.7%): Executor task launch worker for task 1.0 in stage 1789.0 (TID 3294)
[2026-04-03T02:18:13.847+0600][55.748s][info][gc,stats    ]       8 of   418 ms (  2.0%): block-manager-storage-async-thread-pool-86
[2026-04-03T02:18:13.847+0600][55.748s][info][gc,stats    ]      20 of   418 ms (  4.9%): block-manager-storage-async-thread-pool-90
[2026-04-03T02:18:13.847+0600][55.748s][info][gc,stats    ]      20 of   418 ms (  4.8%): block-manager-storage-async-thread-pool-94
[2026-04-03T02:18:13.847+0600][55.748s][info][gc,stats    ]     315 of   418 ms ( 75.5%): <total>
[2026-04-03T02:18:13.847+0600][55.748s][info][gc,stats    ]       1 of   418 ms (  0.3%): <average total>
[2026-04-03T02:18:13.847+0600][55.748s][info][gc,stats    ]      35 of   418 ms (  8.4%): <average non-zero>
[2026-04-03T02:18:13.847+0600][55.748s][info][gc,stats    ] 
[2026-04-03T02:18:13.847+0600][55.748s][info][gc,metaspace] Metaspace: 131155K(132800K)->131174K(132800K) NonClass: 114655K(115584K)->114675K(115584K) Class: 16499K(17216K)->16499K(17216K)
[2026-04-03T02:18:13.847+0600][55.748s][info][gc,ergo     ] Pacer for Idle. Initial: 15360K, Alloc Tax Rate: 1.0x
[2026-04-03T02:18:13.848+0600][55.749s][info][gc          ] Trigger: Average GC time (163.96 ms) is above the time for instantaneous allocation rate (1949 MB/s) to deplete free headroom (294M) (spike threshold = 1.77)
[2026-04-03T02:18:13.848+0600][55.749s][info][gc,ergo     ] Free: 332M, Max: 256K regular, 172M humongous, Frag: 48% external, 0% internal; Reserve: 38400K, Max: 256K
[2026-04-03T02:18:13.848+0600][55.749s][info][gc,start    ] GC(80) Concurrent reset
[2026-04-03T02:18:13.848+0600][55.749s][info][gc,task     ] GC(80) Using 3 of 6 workers for concurrent reset
[2026-04-03T02:18:13.848+0600][55.749s][info][gc,ergo     ] GC(80) Pacer for Reset. Non-Taxable: 750M
[2026-04-03T02:18:13.850+0600][55.751s][info][gc          ] GC(80) Concurrent reset 1.554ms
[2026-04-03T02:18:13.850+0600][55.751s][info][gc,start    ] GC(80) Pause Init Mark (unload classes)
[2026-04-03T02:18:13.850+0600][55.751s][info][gc,task     ] GC(80) Using 6 of 6 workers for init marking
[2026-04-03T02:18:13.850+0600][55.751s][info][gc,ergo     ] GC(80) Pacer for Mark. Expected Live: 95366K, Free: 332M, Non-Taxable: 34045K, Alloc Tax Rate: 0.3x
[2026-04-03T02:18:13.850+0600][55.751s][info][gc          ] GC(80) Pause Init Mark (unload classes) 0.163ms
[2026-04-03T02:18:13.850+0600][55.751s][info][gc,start    ] GC(80) Concurrent marking roots
[2026-04-03T02:18:13.850+0600][55.751s][info][gc,task     ] GC(80) Using 3 of 6 workers for concurrent marking roots
[2026-04-03T02:18:13.853+0600][55.754s][info][gc          ] GC(80) Concurrent marking roots 2.979ms
[2026-04-03T02:18:13.853+0600][55.755s][info][gc,start    ] GC(80) Concurrent marking (unload classes)
[2026-04-03T02:18:13.853+0600][55.755s][info][gc,task     ] GC(80) Using 3 of 6 workers for concurrent marking
[2026-04-03T02:18:13.910+0600][55.811s][info][gc          ] GC(80) Concurrent marking (unload classes) 56.875ms
[2026-04-03T02:18:13.911+0600][55.812s][info][gc,start    ] GC(80) Pause Final Mark (unload classes)
[2026-04-03T02:18:13.911+0600][55.812s][info][gc,task     ] GC(80) Using 6 of 6 workers for final marking
[2026-04-03T02:18:13.911+0600][55.812s][info][gc,ergo     ] GC(80) Adaptive CSet Selection. Target Free: 106M, Actual Free: 577M, Max CSet: 32000K, Min Garbage: 0B
[2026-04-03T02:18:13.911+0600][55.812s][info][gc,ergo     ] GC(80) Collectable Garbage: 268M (97%), Immediate: 248M (89%), CSet: 20276K (7%)
[2026-04-03T02:18:13.911+0600][55.812s][info][gc,ergo     ] GC(80) Pacer for Evacuation. Used CSet: 25330K, Free: 556M, Non-Taxable: 56973K, Alloc Tax Rate: 1.1x
[2026-04-03T02:18:13.911+0600][55.812s][info][gc          ] GC(80) Pause Final Mark (unload classes) 0.655ms
[2026-04-03T02:18:13.911+0600][55.812s][info][gc,start    ] GC(80) Concurrent thread roots
[2026-04-03T02:18:13.911+0600][55.813s][info][gc,task     ] GC(80) Using 3 of 6 workers for Concurrent thread roots
[2026-04-03T02:18:13.913+0600][55.814s][info][gc          ] GC(80) Concurrent thread roots 1.164ms
[2026-04-03T02:18:13.913+0600][55.814s][info][gc,start    ] GC(80) Concurrent weak references
[2026-04-03T02:18:13.913+0600][55.814s][info][gc,task     ] GC(80) Using 3 of 6 workers for concurrent weak references
[2026-04-03T02:18:13.914+0600][55.815s][info][gc,ref      ] GC(80) Encountered references: Soft: 3792, Weak: 14765, Final: 84, Phantom: 621
[2026-04-03T02:18:13.914+0600][55.815s][info][gc,ref      ] GC(80) Discovered  references: Soft: 0, Weak: 8176, Final: 48, Phantom: 614
[2026-04-03T02:18:13.914+0600][55.815s][info][gc,ref      ] GC(80) Enqueued    references: Soft: 0, Weak: 14, Final: 0, Phantom: 0
[2026-04-03T02:18:13.914+0600][55.815s][info][gc          ] GC(80) Concurrent weak references 1.384ms
[2026-04-03T02:18:13.914+0600][55.815s][info][gc,start    ] GC(80) Concurrent weak roots
[2026-04-03T02:18:13.914+0600][55.815s][info][gc,task     ] GC(80) Using 3 of 6 workers for concurrent weak root
[2026-04-03T02:18:13.921+0600][55.822s][info][gc          ] GC(80) Concurrent weak roots 6.789ms
[2026-04-03T02:18:13.921+0600][55.822s][info][gc,start    ] GC(80) Concurrent cleanup
[2026-04-03T02:18:13.922+0600][55.823s][info][gc          ] GC(80) Concurrent cleanup 405M->156M(654M) 0.746ms
[2026-04-03T02:18:13.922+0600][55.823s][info][gc,ergo     ] GC(80) Free: 551M, Max: 256K regular, 329M humongous, Frag: 41% external, 0% internal; Reserve: 38063K, Max: 256K
[2026-04-03T02:18:13.922+0600][55.823s][info][gc,start    ] GC(80) Concurrent class unloading
[2026-04-03T02:18:13.922+0600][55.823s][info][gc,task     ] GC(80) Using 3 of 6 workers for concurrent class unloading
[2026-04-03T02:18:13.940+0600][55.841s][info][gc          ] GC(80) Concurrent class unloading 18.102ms
[2026-04-03T02:18:13.940+0600][55.841s][info][gc,start    ] GC(80) Concurrent strong roots
[2026-04-03T02:18:13.940+0600][55.841s][info][gc,task     ] GC(80) Using 3 of 6 workers for concurrent strong root
[2026-04-03T02:18:13.941+0600][55.842s][info][gc          ] GC(80) Concurrent strong roots 1.467ms
[2026-04-03T02:18:13.941+0600][55.842s][info][gc,start    ] GC(80) Concurrent evacuation
[2026-04-03T02:18:13.941+0600][55.842s][info][gc,task     ] GC(80) Using 3 of 6 workers for concurrent evacuation
[2026-04-03T02:18:13.944+0600][55.845s][info][gc          ] GC(80) Concurrent evacuation 2.673ms
[2026-04-03T02:18:13.944+0600][55.845s][info][gc,start    ] GC(80) Pause Init Update Refs
[2026-04-03T02:18:13.944+0600][55.846s][info][gc,ergo     ] GC(80) Pacer for Update Refs. Used: 207M, Free: 503M, Non-Taxable: 51575K, Alloc Tax Rate: 1.1x
[2026-04-03T02:18:13.944+0600][55.846s][info][gc          ] GC(80) Pause Init Update Refs 0.119ms
[2026-04-03T02:18:13.945+0600][55.846s][info][gc,start    ] GC(80) Concurrent update references
[2026-04-03T02:18:13.945+0600][55.846s][info][gc,task     ] GC(80) Using 3 of 6 workers for concurrent reference update
[2026-04-03T02:18:13.985+0600][55.886s][info][gc          ] GC(80) Concurrent update references 40.007ms
[2026-04-03T02:18:13.985+0600][55.886s][info][gc,start    ] GC(80) Concurrent update thread roots
[2026-04-03T02:18:13.986+0600][55.887s][info][gc          ] GC(80) Concurrent update thread roots 1.211ms
[2026-04-03T02:18:13.986+0600][55.887s][info][gc,start    ] GC(80) Pause Final Update Refs
[2026-04-03T02:18:13.986+0600][55.887s][info][gc,task     ] GC(80) Using 6 of 6 workers for final reference update
[2026-04-03T02:18:13.986+0600][55.887s][info][gc          ] GC(80) Pause Final Update Refs 0.110ms
[2026-04-03T02:18:13.986+0600][55.887s][info][gc,start    ] GC(80) Concurrent cleanup
[2026-04-03T02:18:13.987+0600][55.888s][info][gc          ] GC(80) Concurrent cleanup 377M->352M(654M) 0.438ms
[2026-04-03T02:18:13.987+0600][55.888s][info][gc,ergo     ] Free: 342M, Max: 256K regular, 264M humongous, Frag: 23% external, 1% internal; Reserve: 38400K, Max: 256K
[2026-04-03T02:18:13.987+0600][55.888s][info][gc,stats    ] 
[2026-04-03T02:18:13.987+0600][55.888s][info][gc,stats    ] All times are wall-clock times, except per-root-class counters, that are sum over
[2026-04-03T02:18:13.987+0600][55.888s][info][gc,stats    ] all workers. Dividing the <total> over the root stage time estimates parallelism.
[2026-04-03T02:18:13.987+0600][55.888s][info][gc,stats    ] 
[2026-04-03T02:18:13.987+0600][55.888s][info][gc,stats    ] Concurrent Reset                   1674 us
[2026-04-03T02:18:13.987+0600][55.888s][info][gc,stats    ] Pause Init Mark (G)                 525 us
[2026-04-03T02:18:13.987+0600][55.888s][info][gc,stats    ] Pause Init Mark (N)                 175 us
[2026-04-03T02:18:13.987+0600][55.888s][info][gc,stats    ]   Update Region States               44 us
[2026-04-03T02:18:13.987+0600][55.888s][info][gc,stats    ] Concurrent Mark Roots              3093 us, parallelism: 1.51x
[2026-04-03T02:18:13.987+0600][55.888s][info][gc,stats    ]   CMR: <total>                     4658 us
[2026-04-03T02:18:13.987+0600][55.888s][info][gc,stats    ]   CMR: Thread Roots                3974 us, workers (us): 1657, 2316,   1, ---, ---, ---, 
[2026-04-03T02:18:13.987+0600][55.888s][info][gc,stats    ]   CMR: VM Strong Roots               91 us, workers (us):  54,  36,   1, ---, ---, ---, 
[2026-04-03T02:18:13.987+0600][55.888s][info][gc,stats    ]   CMR: CLDG Roots                   593 us, workers (us): 593, ---, ---, ---, ---, ---, 
[2026-04-03T02:18:13.987+0600][55.888s][info][gc,stats    ] Concurrent Marking                56974 us
[2026-04-03T02:18:13.987+0600][55.888s][info][gc,stats    ] Pause Final Mark (G)                939 us
[2026-04-03T02:18:13.987+0600][55.888s][info][gc,stats    ] Pause Final Mark (N)                666 us
[2026-04-03T02:18:13.987+0600][55.888s][info][gc,stats    ]   Finish Mark                       237 us
[2026-04-03T02:18:13.987+0600][55.888s][info][gc,stats    ]   Update Region States               48 us
[2026-04-03T02:18:13.987+0600][55.888s][info][gc,stats    ]   Choose Collection Set             193 us
[2026-04-03T02:18:13.987+0600][55.888s][info][gc,stats    ]   Rebuild Free Set                   40 us
[2026-04-03T02:18:13.987+0600][55.888s][info][gc,stats    ] Concurrent Thread Roots            1197 us, parallelism: 2.43x
[2026-04-03T02:18:13.987+0600][55.888s][info][gc,stats    ]   CTR: <total>                     2904 us
[2026-04-03T02:18:13.987+0600][55.888s][info][gc,stats    ]   CTR: Thread Roots                2904 us, workers (us): 1003, 974, 926, ---, ---, ---, 
[2026-04-03T02:18:13.987+0600][55.888s][info][gc,stats    ] Concurrent Weak References         1397 us, parallelism: 1.15x
[2026-04-03T02:18:13.987+0600][55.888s][info][gc,stats    ]   CWRF: <total>                    1601 us
[2026-04-03T02:18:13.987+0600][55.888s][info][gc,stats    ]   CWRF: Weak References            1601 us, workers (us): 1135, 256, 210, ---, ---, ---, 
[2026-04-03T02:18:13.987+0600][55.888s][info][gc,stats    ] Concurrent Weak Roots              6882 us
[2026-04-03T02:18:13.987+0600][55.888s][info][gc,stats    ]   Roots                            6226 us, parallelism: 2.72x
[2026-04-03T02:18:13.987+0600][55.888s][info][gc,stats    ]     CWR: <total>                  16951 us
[2026-04-03T02:18:13.987+0600][55.888s][info][gc,stats    ]     CWR: Code Cache Roots         13720 us, workers (us): 4659, 4282, 4780, ---, ---, ---, 
[2026-04-03T02:18:13.987+0600][55.888s][info][gc,stats    ]     CWR: VM Weak Roots             2972 us, workers (us): 1035, 972, 965, ---, ---, ---, 
[2026-04-03T02:18:13.987+0600][55.888s][info][gc,stats    ]     CWR: CLDG Roots                 259 us, workers (us): ---, 259, ---, ---, ---, ---, 
[2026-04-03T02:18:13.987+0600][55.888s][info][gc,stats    ]   Rendezvous                        532 us
[2026-04-03T02:18:13.987+0600][55.888s][info][gc,stats    ] Concurrent Cleanup                  769 us
[2026-04-03T02:18:13.987+0600][55.888s][info][gc,stats    ] Concurrent Class Unloading        18187 us
[2026-04-03T02:18:13.987+0600][55.888s][info][gc,stats    ]   Unlink Stale                    17602 us
[2026-04-03T02:18:13.987+0600][55.888s][info][gc,stats    ]     System Dictionary               294 us
[2026-04-03T02:18:13.987+0600][55.888s][info][gc,stats    ]     Weak Class Links                  0 us
[2026-04-03T02:18:13.987+0600][55.888s][info][gc,stats    ]     Code Roots                    17301 us
[2026-04-03T02:18:13.987+0600][55.888s][info][gc,stats    ]   Rendezvous                        455 us
[2026-04-03T02:18:13.987+0600][55.888s][info][gc,stats    ]   Purge Unlinked                     12 us
[2026-04-03T02:18:13.987+0600][55.888s][info][gc,stats    ]     Code Roots                        4 us
[2026-04-03T02:18:13.987+0600][55.888s][info][gc,stats    ]     CLDG                              7 us
[2026-04-03T02:18:13.987+0600][55.888s][info][gc,stats    ]     Exception Caches                  1 us
[2026-04-03T02:18:13.987+0600][55.888s][info][gc,stats    ] Concurrent Strong Roots            1530 us, parallelism: 0.64x
[2026-04-03T02:18:13.987+0600][55.888s][info][gc,stats    ]   CSR: <total>                      973 us
[2026-04-03T02:18:13.987+0600][55.888s][info][gc,stats    ]   CSR: VM Strong Roots               46 us, workers (us):  45,   1,   0, ---, ---, ---, 
[2026-04-03T02:18:13.987+0600][55.888s][info][gc,stats    ]   CSR: CLDG Roots                   926 us, workers (us): 926, ---, ---, ---, ---, ---, 
[2026-04-03T02:18:13.987+0600][55.888s][info][gc,stats    ] Concurrent Evacuation              2743 us
[2026-04-03T02:18:13.987+0600][55.888s][info][gc,stats    ] Pause Init Update Refs (G)          482 us
[2026-04-03T02:18:13.987+0600][55.888s][info][gc,stats    ] Pause Init Update Refs (N)          131 us
[2026-04-03T02:18:13.987+0600][55.888s][info][gc,stats    ]   Manage GCLABs                      49 us
[2026-04-03T02:18:13.987+0600][55.888s][info][gc,stats    ] Concurrent Update Refs            40076 us
[2026-04-03T02:18:13.987+0600][55.888s][info][gc,stats    ] Concurrent Update Thread Roots     1242 us
[2026-04-03T02:18:13.987+0600][55.888s][info][gc,stats    ] Pause Final Update Refs (G)         190 us
[2026-04-03T02:18:13.987+0600][55.888s][info][gc,stats    ] Pause Final Update Refs (N)         119 us
[2026-04-03T02:18:13.987+0600][55.888s][info][gc,stats    ]   Update Region States               41 us
[2026-04-03T02:18:13.987+0600][55.888s][info][gc,stats    ]   Trash Collection Set                8 us
[2026-04-03T02:18:13.987+0600][55.888s][info][gc,stats    ]   Rebuild Free Set                   32 us
[2026-04-03T02:18:13.987+0600][55.888s][info][gc,stats    ] Concurrent Cleanup                  450 us
[2026-04-03T02:18:13.987+0600][55.888s][info][gc,stats    ] Pacing                           114530 us
[2026-04-03T02:18:13.987+0600][55.888s][info][gc,stats    ] 
[2026-04-03T02:18:13.987+0600][55.888s][info][gc,stats    ] Allocation pacing accrued:
[2026-04-03T02:18:13.987+0600][55.888s][info][gc,stats    ]      26 of   140 ms ( 18.7%): Executor task launch worker for task 0.0 in stage 1793.0 (TID 3301)
[2026-04-03T02:18:13.987+0600][55.888s][info][gc,stats    ]      29 of   140 ms ( 20.7%): Executor task launch worker for task 3.0 in stage 1793.0 (TID 3304)
[2026-04-03T02:18:13.987+0600][55.888s][info][gc,stats    ]      30 of   140 ms ( 21.2%): Executor task launch worker for task 1.0 in stage 1793.0 (TID 3302)
[2026-04-03T02:18:13.987+0600][55.888s][info][gc,stats    ]      29 of   140 ms ( 20.9%): Executor task launch worker for task 2.0 in stage 1793.0 (TID 3303)
[2026-04-03T02:18:13.987+0600][55.888s][info][gc,stats    ]     115 of   140 ms ( 81.5%): <total>
[2026-04-03T02:18:13.987+0600][55.888s][info][gc,stats    ]       0 of   140 ms (  0.3%): <average total>
[2026-04-03T02:18:13.987+0600][55.888s][info][gc,stats    ]      29 of   140 ms ( 20.4%): <average non-zero>
[2026-04-03T02:18:13.987+0600][55.888s][info][gc,stats    ] 
[2026-04-03T02:18:13.987+0600][55.888s][info][gc,metaspace] Metaspace: 131174K(132800K)->131174K(132800K) NonClass: 114675K(115584K)->114675K(115584K) Class: 16499K(17216K)->16499K(17216K)
[2026-04-03T02:18:13.987+0600][55.888s][info][gc,ergo     ] Pacer for Idle. Initial: 15360K, Alloc Tax Rate: 1.0x
[2026-04-03T02:18:13.988+0600][55.889s][info][gc          ] Trigger: Average GC time (158.46 ms) is above the time for instantaneous allocation rate (2089 MB/s) to deplete free headroom (287M) (spike threshold = 1.76)
[2026-04-03T02:18:13.988+0600][55.889s][info][gc,ergo     ] Free: 324M, Max: 256K regular, 247M humongous, Frag: 24% external, 1% internal; Reserve: 38400K, Max: 256K
[2026-04-03T02:18:13.988+0600][55.889s][info][gc,start    ] GC(81) Concurrent reset
[2026-04-03T02:18:13.988+0600][55.889s][info][gc,task     ] GC(81) Using 3 of 6 workers for concurrent reset
[2026-04-03T02:18:13.988+0600][55.889s][info][gc,ergo     ] GC(81) Pacer for Reset. Non-Taxable: 750M
[2026-04-03T02:18:13.989+0600][55.890s][info][gc          ] GC(81) Concurrent reset 0.767ms
[2026-04-03T02:18:13.990+0600][55.891s][info][gc,start    ] GC(81) Pause Init Mark (unload classes)
[2026-04-03T02:18:13.990+0600][55.891s][info][gc,task     ] GC(81) Using 6 of 6 workers for init marking
[2026-04-03T02:18:13.990+0600][55.891s][info][gc,ergo     ] GC(81) Pacer for Mark. Expected Live: 95080K, Free: 315M, Non-Taxable: 32324K, Alloc Tax Rate: 0.4x
[2026-04-03T02:18:13.990+0600][55.891s][info][gc          ] GC(81) Pause Init Mark (unload classes) 0.097ms
[2026-04-03T02:18:13.990+0600][55.891s][info][gc,start    ] GC(81) Concurrent marking roots
[2026-04-03T02:18:13.990+0600][55.891s][info][gc,task     ] GC(81) Using 3 of 6 workers for concurrent marking roots
[2026-04-03T02:18:13.991+0600][55.892s][info][gc          ] GC(81) Concurrent marking roots 1.297ms
[2026-04-03T02:18:13.991+0600][55.892s][info][gc,start    ] GC(81) Concurrent marking (unload classes)
[2026-04-03T02:18:13.991+0600][55.892s][info][gc,task     ] GC(81) Using 3 of 6 workers for concurrent marking
[2026-04-03T02:18:14.037+0600][55.938s][info][gc          ] GC(81) Concurrent marking (unload classes) 46.177ms
[2026-04-03T02:18:14.037+0600][55.939s][info][gc,start    ] GC(81) Pause Final Mark (unload classes)
[2026-04-03T02:18:14.038+0600][55.939s][info][gc,task     ] GC(81) Using 6 of 6 workers for final marking
[2026-04-03T02:18:14.038+0600][55.939s][info][gc,ergo     ] GC(81) Adaptive CSet Selection. Target Free: 106M, Actual Free: 548M, Max CSet: 32000K, Min Garbage: 0B
[2026-04-03T02:18:14.038+0600][55.939s][info][gc,ergo     ] GC(81) Collectable Garbage: 276M (97%), Immediate: 247M (87%), CSet: 29440K (10%)
[2026-04-03T02:18:14.038+0600][55.939s][info][gc,ergo     ] GC(81) Pacer for Evacuation. Used CSet: 34576K, Free: 529M, Non-Taxable: 54218K, Alloc Tax Rate: 1.1x
[2026-04-03T02:18:14.038+0600][55.939s][info][gc          ] GC(81) Pause Final Mark (unload classes) 0.809ms
[2026-04-03T02:18:14.038+0600][55.939s][info][gc,start    ] GC(81) Concurrent thread roots
[2026-04-03T02:18:14.038+0600][55.939s][info][gc,task     ] GC(81) Using 3 of 6 workers for Concurrent thread roots
[2026-04-03T02:18:14.039+0600][55.941s][info][gc          ] GC(81) Concurrent thread roots 1.123ms
[2026-04-03T02:18:14.039+0600][55.941s][info][gc,start    ] GC(81) Concurrent weak references
[2026-04-03T02:18:14.040+0600][55.941s][info][gc,task     ] GC(81) Using 3 of 6 workers for concurrent weak references
[2026-04-03T02:18:14.040+0600][55.941s][info][gc,ref      ] GC(81) Encountered references: Soft: 3788, Weak: 14842, Final: 84, Phantom: 636
[2026-04-03T02:18:14.040+0600][55.941s][info][gc,ref      ] GC(81) Discovered  references: Soft: 0, Weak: 7829, Final: 84, Phantom: 290
[2026-04-03T02:18:14.040+0600][55.941s][info][gc,ref      ] GC(81) Enqueued    references: Soft: 0, Weak: 217, Final: 0, Phantom: 0
[2026-04-03T02:18:14.040+0600][55.941s][info][gc          ] GC(81) Concurrent weak references 0.690ms
[2026-04-03T02:18:14.040+0600][55.941s][info][gc,start    ] GC(81) Concurrent weak roots
[2026-04-03T02:18:14.040+0600][55.941s][info][gc,task     ] GC(81) Using 3 of 6 workers for concurrent weak root
[2026-04-03T02:18:14.046+0600][55.947s][info][gc          ] GC(81) Concurrent weak roots 5.665ms
[2026-04-03T02:18:14.046+0600][55.947s][info][gc,start    ] GC(81) Concurrent cleanup
[2026-04-03T02:18:14.047+0600][55.948s][info][gc          ] GC(81) Concurrent cleanup 434M->188M(654M) 0.873ms
[2026-04-03T02:18:14.047+0600][55.948s][info][gc,ergo     ] GC(81) Free: 518M, Max: 256K regular, 193M humongous, Frag: 63% external, 0% internal; Reserve: 38175K, Max: 256K
[2026-04-03T02:18:14.047+0600][55.948s][info][gc,start    ] GC(81) Concurrent class unloading
[2026-04-03T02:18:14.047+0600][55.948s][info][gc,task     ] GC(81) Using 3 of 6 workers for concurrent class unloading
[2026-04-03T02:18:14.067+0600][55.968s][info][gc          ] GC(81) Concurrent class unloading 19.622ms
[2026-04-03T02:18:14.067+0600][55.968s][info][gc,start    ] GC(81) Concurrent strong roots
[2026-04-03T02:18:14.067+0600][55.968s][info][gc,task     ] GC(81) Using 3 of 6 workers for concurrent strong root
[2026-04-03T02:18:14.068+0600][55.969s][info][gc          ] GC(81) Concurrent strong roots 1.564ms
[2026-04-03T02:18:14.068+0600][55.969s][info][gc,start    ] GC(81) Concurrent evacuation
[2026-04-03T02:18:14.068+0600][55.969s][info][gc,task     ] GC(81) Using 3 of 6 workers for concurrent evacuation
[2026-04-03T02:18:14.070+0600][55.971s][info][gc          ] GC(81) Concurrent evacuation 1.601ms
[2026-04-03T02:18:14.070+0600][55.971s][info][gc,start    ] GC(81) Pause Init Update Refs
[2026-04-03T02:18:14.070+0600][55.972s][info][gc,ergo     ] GC(81) Pacer for Update Refs. Used: 229M, Free: 481M, Non-Taxable: 49340K, Alloc Tax Rate: 1.1x
[2026-04-03T02:18:14.070+0600][55.972s][info][gc          ] GC(81) Pause Init Update Refs 0.164ms
[2026-04-03T02:18:14.071+0600][55.972s][info][gc,start    ] GC(81) Concurrent update references
[2026-04-03T02:18:14.071+0600][55.972s][info][gc,task     ] GC(81) Using 3 of 6 workers for concurrent reference update
[2026-04-03T02:18:14.102+0600][56.003s][info][gc          ] GC(81) Concurrent update references 31.448ms
[2026-04-03T02:18:14.102+0600][56.003s][info][gc,start    ] GC(81) Concurrent update thread roots
[2026-04-03T02:18:14.103+0600][56.004s][info][gc          ] GC(81) Concurrent update thread roots 1.165ms
[2026-04-03T02:18:14.103+0600][56.004s][info][gc,start    ] GC(81) Pause Final Update Refs
[2026-04-03T02:18:14.103+0600][56.005s][info][gc,task     ] GC(81) Using 6 of 6 workers for final reference update
[2026-04-03T02:18:14.104+0600][56.005s][info][gc          ] GC(81) Pause Final Update Refs 0.148ms
[2026-04-03T02:18:14.104+0600][56.005s][info][gc,start    ] GC(81) Concurrent cleanup
[2026-04-03T02:18:14.104+0600][56.005s][info][gc          ] GC(81) Concurrent cleanup 239M->206M(654M) 0.479ms
[2026-04-03T02:18:14.104+0600][56.005s][info][gc,ergo     ] Free: 498M, Max: 256K regular, 193M humongous, Frag: 62% external, 0% internal; Reserve: 38400K, Max: 256K
[2026-04-03T02:18:14.104+0600][56.005s][info][gc,stats    ] 
[2026-04-03T02:18:14.104+0600][56.005s][info][gc,stats    ] All times are wall-clock times, except per-root-class counters, that are sum over
[2026-04-03T02:18:14.104+0600][56.005s][info][gc,stats    ] all workers. Dividing the <total> over the root stage time estimates parallelism.
[2026-04-03T02:18:14.104+0600][56.005s][info][gc,stats    ] 
[2026-04-03T02:18:14.104+0600][56.005s][info][gc,stats    ] Concurrent Reset                    796 us
[2026-04-03T02:18:14.104+0600][56.005s][info][gc,stats    ] Pause Init Mark (G)                 709 us
[2026-04-03T02:18:14.104+0600][56.005s][info][gc,stats    ] Pause Init Mark (N)                 118 us
[2026-04-03T02:18:14.104+0600][56.005s][info][gc,stats    ]   Update Region States               24 us
[2026-04-03T02:18:14.104+0600][56.005s][info][gc,stats    ] Concurrent Mark Roots              1328 us, parallelism: 1.92x
[2026-04-03T02:18:14.104+0600][56.005s][info][gc,stats    ]   CMR: <total>                     2550 us
[2026-04-03T02:18:14.104+0600][56.005s][info][gc,stats    ]   CMR: Thread Roots                2098 us, workers (us): 858, 468, 772, ---, ---, ---, 
[2026-04-03T02:18:14.104+0600][56.005s][info][gc,stats    ]   CMR: VM Strong Roots               45 us, workers (us):  35,   9,   1, ---, ---, ---, 
[2026-04-03T02:18:14.104+0600][56.005s][info][gc,stats    ]   CMR: CLDG Roots                   407 us, workers (us): ---, 407, ---, ---, ---, ---, 
[2026-04-03T02:18:14.104+0600][56.005s][info][gc,stats    ] Concurrent Marking                46237 us
[2026-04-03T02:18:14.104+0600][56.005s][info][gc,stats    ] Pause Final Mark (G)                905 us
[2026-04-03T02:18:14.104+0600][56.006s][info][gc,stats    ] Pause Final Mark (N)                818 us
[2026-04-03T02:18:14.104+0600][56.006s][info][gc,stats    ]   Finish Mark                       476 us
[2026-04-03T02:18:14.104+0600][56.006s][info][gc,stats    ]   Update Region States               44 us
[2026-04-03T02:18:14.104+0600][56.006s][info][gc,stats    ]   Choose Collection Set             192 us
[2026-04-03T02:18:14.104+0600][56.006s][info][gc,stats    ]   Rebuild Free Set                   36 us
[2026-04-03T02:18:14.104+0600][56.006s][info][gc,stats    ] Concurrent Thread Roots            1155 us, parallelism: 2.14x
[2026-04-03T02:18:14.104+0600][56.006s][info][gc,stats    ]   CTR: <total>                     2471 us
[2026-04-03T02:18:14.104+0600][56.006s][info][gc,stats    ]   CTR: Thread Roots                2471 us, workers (us): 1003, 940, 528, ---, ---, ---, 
[2026-04-03T02:18:14.104+0600][56.006s][info][gc,stats    ] Concurrent Weak References          702 us, parallelism: 1.20x
[2026-04-03T02:18:14.104+0600][56.006s][info][gc,stats    ]   CWRF: <total>                     844 us
[2026-04-03T02:18:14.104+0600][56.006s][info][gc,stats    ]   CWRF: Weak References             844 us, workers (us): 261, 583,   0, ---, ---, ---, 
[2026-04-03T02:18:14.104+0600][56.006s][info][gc,stats    ] Concurrent Weak Roots              5771 us
[2026-04-03T02:18:14.104+0600][56.006s][info][gc,stats    ]   Roots                            5276 us, parallelism: 2.55x
[2026-04-03T02:18:14.104+0600][56.006s][info][gc,stats    ]     CWR: <total>                  13454 us
[2026-04-03T02:18:14.104+0600][56.006s][info][gc,stats    ]     CWR: Code Cache Roots         10472 us, workers (us): 3559, 3527, 3387, ---, ---, ---, 
[2026-04-03T02:18:14.105+0600][56.006s][info][gc,stats    ]     CWR: VM Weak Roots             2719 us, workers (us): 1331, 1303,  85, ---, ---, ---, 
[2026-04-03T02:18:14.105+0600][56.006s][info][gc,stats    ]     CWR: CLDG Roots                 262 us, workers (us): ---, ---, 262, ---, ---, ---, 
[2026-04-03T02:18:14.105+0600][56.006s][info][gc,stats    ]   Rendezvous                        357 us
[2026-04-03T02:18:14.105+0600][56.006s][info][gc,stats    ] Concurrent Cleanup                  902 us
[2026-04-03T02:18:14.105+0600][56.006s][info][gc,stats    ] Concurrent Class Unloading        19771 us
[2026-04-03T02:18:14.105+0600][56.006s][info][gc,stats    ]   Unlink Stale                    18706 us
[2026-04-03T02:18:14.105+0600][56.006s][info][gc,stats    ]     System Dictionary               271 us
[2026-04-03T02:18:14.105+0600][56.006s][info][gc,stats    ]     Weak Class Links                  0 us
[2026-04-03T02:18:14.105+0600][56.006s][info][gc,stats    ]     Code Roots                    18429 us
[2026-04-03T02:18:14.105+0600][56.006s][info][gc,stats    ]   Rendezvous                        452 us
[2026-04-03T02:18:14.105+0600][56.006s][info][gc,stats    ]   Purge Unlinked                    387 us
[2026-04-03T02:18:14.105+0600][56.006s][info][gc,stats    ]     Code Roots                      373 us
[2026-04-03T02:18:14.105+0600][56.006s][info][gc,stats    ]     CLDG                             13 us
[2026-04-03T02:18:14.105+0600][56.006s][info][gc,stats    ]     Exception Caches                  1 us
[2026-04-03T02:18:14.105+0600][56.006s][info][gc,stats    ] Concurrent Strong Roots            1627 us, parallelism: 0.63x
[2026-04-03T02:18:14.105+0600][56.006s][info][gc,stats    ]   CSR: <total>                     1022 us
[2026-04-03T02:18:14.105+0600][56.006s][info][gc,stats    ]   CSR: VM Strong Roots               74 us, workers (us):  51,  22,   2, ---, ---, ---, 
[2026-04-03T02:18:14.105+0600][56.006s][info][gc,stats    ]   CSR: CLDG Roots                   947 us, workers (us): ---, ---, 947, ---, ---, ---, 
[2026-04-03T02:18:14.105+0600][56.006s][info][gc,stats    ] Concurrent Evacuation              1719 us
[2026-04-03T02:18:14.105+0600][56.006s][info][gc,stats    ] Pause Init Update Refs (G)          443 us
[2026-04-03T02:18:14.105+0600][56.006s][info][gc,stats    ] Pause Init Update Refs (N)          179 us
[2026-04-03T02:18:14.105+0600][56.006s][info][gc,stats    ]   Manage GCLABs                      56 us
[2026-04-03T02:18:14.105+0600][56.006s][info][gc,stats    ] Concurrent Update Refs            31510 us
[2026-04-03T02:18:14.105+0600][56.006s][info][gc,stats    ] Concurrent Update Thread Roots     1210 us
[2026-04-03T02:18:14.105+0600][56.006s][info][gc,stats    ] Pause Final Update Refs (G)         519 us
[2026-04-03T02:18:14.105+0600][56.006s][info][gc,stats    ] Pause Final Update Refs (N)         171 us
[2026-04-03T02:18:14.105+0600][56.006s][info][gc,stats    ]   Update Region States               53 us
[2026-04-03T02:18:14.105+0600][56.006s][info][gc,stats    ]   Trash Collection Set                9 us
[2026-04-03T02:18:14.105+0600][56.006s][info][gc,stats    ]   Rebuild Free Set                   34 us
[2026-04-03T02:18:14.105+0600][56.006s][info][gc,stats    ] Concurrent Cleanup                  494 us
[2026-04-03T02:18:14.105+0600][56.006s][info][gc,stats    ] Pacing                           197816 us
[2026-04-03T02:18:14.105+0600][56.006s][info][gc,stats    ] 
[2026-04-03T02:18:14.105+0600][56.006s][info][gc,stats    ] Allocation pacing accrued:
[2026-04-03T02:18:14.105+0600][56.006s][info][gc,stats    ]      12 of   118 ms ( 10.1%): dispatcher-event-loop-0
[2026-04-03T02:18:14.105+0600][56.006s][info][gc,stats    ]      12 of   118 ms ( 10.1%): dispatcher-event-loop-3
[2026-04-03T02:18:14.105+0600][56.006s][info][gc,stats    ]      12 of   118 ms ( 10.2%): dispatcher-event-loop-6
[2026-04-03T02:18:14.105+0600][56.006s][info][gc,stats    ]      12 of   118 ms (  9.8%): Spark Context Cleaner
[2026-04-03T02:18:14.105+0600][56.006s][info][gc,stats    ]      30 of   118 ms ( 25.2%): Executor task launch worker for task 2.0 in stage 1794.0 (TID 3307)
[2026-04-03T02:18:14.105+0600][56.006s][info][gc,stats    ]      17 of   118 ms ( 14.6%): Executor task launch worker for task 7.0 in stage 1794.0 (TID 3312)
[2026-04-03T02:18:14.105+0600][56.006s][info][gc,stats    ]       6 of   118 ms (  5.3%): Executor task launch worker for task 5.0 in stage 1794.0 (TID 3310)
[2026-04-03T02:18:14.105+0600][56.006s][info][gc,stats    ]      23 of   118 ms ( 19.3%): Executor task launch worker for task 1.0 in stage 1794.0 (TID 3306)
[2026-04-03T02:18:14.105+0600][56.006s][info][gc,stats    ]      22 of   118 ms ( 18.5%): Executor task launch worker for task 0.0 in stage 1794.0 (TID 3305)
[2026-04-03T02:18:14.105+0600][56.006s][info][gc,stats    ]       9 of   118 ms (  7.8%): Executor task launch worker for task 4.0 in stage 1794.0 (TID 3309)
[2026-04-03T02:18:14.105+0600][56.006s][info][gc,stats    ]      28 of   118 ms ( 23.5%): Executor task launch worker for task 3.0 in stage 1794.0 (TID 3308)
[2026-04-03T02:18:14.105+0600][56.006s][info][gc,stats    ]      16 of   118 ms ( 13.7%): Executor task launch worker for task 6.0 in stage 1794.0 (TID 3311)
[2026-04-03T02:18:14.105+0600][56.006s][info][gc,stats    ]     198 of   118 ms (168.1%): <total>
[2026-04-03T02:18:14.105+0600][56.006s][info][gc,stats    ]       1 of   118 ms (  0.6%): <average total>
[2026-04-03T02:18:14.105+0600][56.006s][info][gc,stats    ]      16 of   118 ms ( 14.0%): <average non-zero>
[2026-04-03T02:18:14.105+0600][56.006s][info][gc,stats    ] 
[2026-04-03T02:18:14.105+0600][56.006s][info][gc,metaspace] Metaspace: 131174K(132800K)->131176K(132800K) NonClass: 114675K(115584K)->114676K(115584K) Class: 16499K(17216K)->16499K(17216K)
[2026-04-03T02:18:14.105+0600][56.006s][info][gc,ergo     ] Pacer for Idle. Initial: 15360K, Alloc Tax Rate: 1.0x
[2026-04-03T02:18:14.551+0600][56.452s][info][gc          ] Trigger: Average GC time (157.82 ms) is above the time for average allocation rate (749 MB/s) to deplete free headroom (116M) (margin of error = 1.85)
[2026-04-03T02:18:14.551+0600][56.452s][info][gc,ergo     ] Free headroom: 154M (free) - 38400K (spike) - 0B (penalties) = 116M
[2026-04-03T02:18:14.551+0600][56.452s][info][gc,ergo     ] Free: 154M, Max: 256K regular, 97536K humongous, Frag: 39% external, 1% internal; Reserve: 38400K, Max: 256K
[2026-04-03T02:18:14.551+0600][56.452s][info][gc,start    ] GC(82) Concurrent reset
[2026-04-03T02:18:14.551+0600][56.452s][info][gc,task     ] GC(82) Using 3 of 6 workers for concurrent reset
[2026-04-03T02:18:14.551+0600][56.452s][info][gc,ergo     ] GC(82) Pacer for Reset. Non-Taxable: 750M
[2026-04-03T02:18:14.552+0600][56.453s][info][gc          ] GC(82) Concurrent reset 0.809ms
[2026-04-03T02:18:14.552+0600][56.453s][info][gc,start    ] GC(82) Pause Init Mark (unload classes)
[2026-04-03T02:18:14.552+0600][56.453s][info][gc,task     ] GC(82) Using 6 of 6 workers for init marking
[2026-04-03T02:18:14.552+0600][56.453s][info][gc,ergo     ] GC(82) Pacer for Mark. Expected Live: 96235K, Free: 154M, Non-Taxable: 15782K, Alloc Tax Rate: 0.7x
[2026-04-03T02:18:14.552+0600][56.453s][info][gc          ] GC(82) Pause Init Mark (unload classes) 0.129ms
[2026-04-03T02:18:14.552+0600][56.453s][info][gc,start    ] GC(82) Concurrent marking roots
[2026-04-03T02:18:14.552+0600][56.453s][info][gc,task     ] GC(82) Using 3 of 6 workers for concurrent marking roots
[2026-04-03T02:18:14.553+0600][56.454s][info][gc          ] GC(82) Concurrent marking roots 1.388ms
[2026-04-03T02:18:14.553+0600][56.455s][info][gc,start    ] GC(82) Concurrent marking (unload classes)
[2026-04-03T02:18:14.553+0600][56.455s][info][gc,task     ] GC(82) Using 3 of 6 workers for concurrent marking
[2026-04-03T02:18:14.611+0600][56.512s][info][gc          ] GC(82) Concurrent marking (unload classes) 57.682ms
[2026-04-03T02:18:14.611+0600][56.512s][info][gc,start    ] GC(82) Pause Final Mark (unload classes)
[2026-04-03T02:18:14.611+0600][56.512s][info][gc,task     ] GC(82) Using 6 of 6 workers for final marking
[2026-04-03T02:18:14.612+0600][56.513s][info][gc,ergo     ] GC(82) Adaptive CSet Selection. Target Free: 106M, Actual Free: 502M, Max CSet: 32000K, Min Garbage: 0B
[2026-04-03T02:18:14.612+0600][56.513s][info][gc,ergo     ] GC(82) Collectable Garbage: 428M (98%), Immediate: 337M (77%), CSet: 93487K (20%)
[2026-04-03T02:18:14.612+0600][56.513s][info][gc,ergo     ] GC(82) Pacer for Evacuation. Used CSet: 97825K, Free: 496M, Non-Taxable: 50855K, Alloc Tax Rate: 1.1x
[2026-04-03T02:18:14.612+0600][56.513s][info][gc          ] GC(82) Pause Final Mark (unload classes) 0.573ms
[2026-04-03T02:18:14.612+0600][56.513s][info][gc,start    ] GC(82) Concurrent thread roots
[2026-04-03T02:18:14.612+0600][56.513s][info][gc,task     ] GC(82) Using 3 of 6 workers for Concurrent thread roots
[2026-04-03T02:18:14.613+0600][56.514s][info][gc          ] GC(82) Concurrent thread roots 1.022ms
[2026-04-03T02:18:14.613+0600][56.514s][info][gc,start    ] GC(82) Concurrent weak references
[2026-04-03T02:18:14.613+0600][56.514s][info][gc,task     ] GC(82) Using 3 of 6 workers for concurrent weak references
[2026-04-03T02:18:14.615+0600][56.516s][info][gc,ref      ] GC(82) Encountered references: Soft: 3784, Weak: 15203, Final: 84, Phantom: 621
[2026-04-03T02:18:14.615+0600][56.516s][info][gc,ref      ] GC(82) Discovered  references: Soft: 0, Weak: 8242, Final: 48, Phantom: 616
[2026-04-03T02:18:14.615+0600][56.516s][info][gc,ref      ] GC(82) Enqueued    references: Soft: 0, Weak: 396, Final: 0, Phantom: 0
[2026-04-03T02:18:14.615+0600][56.516s][info][gc          ] GC(82) Concurrent weak references 1.554ms
[2026-04-03T02:18:14.615+0600][56.516s][info][gc,start    ] GC(82) Concurrent weak roots
[2026-04-03T02:18:14.615+0600][56.516s][info][gc,task     ] GC(82) Using 3 of 6 workers for concurrent weak root
[2026-04-03T02:18:14.619+0600][56.520s][info][gc          ] GC(82) Concurrent weak roots 4.350ms
[2026-04-03T02:18:14.619+0600][56.520s][info][gc,start    ] GC(82) Concurrent cleanup
[2026-04-03T02:18:14.620+0600][56.521s][info][gc          ] GC(82) Concurrent cleanup 554M->217M(654M) 0.838ms
[2026-04-03T02:18:14.620+0600][56.521s][info][gc,ergo     ] GC(82) Free: 490M, Max: 256K regular, 64256K humongous, Frag: 88% external, 0% internal; Reserve: 38037K, Max: 256K
[2026-04-03T02:18:14.620+0600][56.521s][info][gc,start    ] GC(82) Concurrent class unloading
[2026-04-03T02:18:14.620+0600][56.521s][info][gc,task     ] GC(82) Using 3 of 6 workers for concurrent class unloading
[2026-04-03T02:18:14.637+0600][56.538s][info][gc          ] GC(82) Concurrent class unloading 16.786ms
[2026-04-03T02:18:14.637+0600][56.538s][info][gc,start    ] GC(82) Concurrent strong roots
[2026-04-03T02:18:14.637+0600][56.538s][info][gc,task     ] GC(82) Using 3 of 6 workers for concurrent strong root
[2026-04-03T02:18:14.638+0600][56.539s][info][gc          ] GC(82) Concurrent strong roots 1.426ms
[2026-04-03T02:18:14.638+0600][56.539s][info][gc,start    ] GC(82) Concurrent evacuation
[2026-04-03T02:18:14.638+0600][56.540s][info][gc,task     ] GC(82) Using 3 of 6 workers for concurrent evacuation
[2026-04-03T02:18:14.642+0600][56.543s][info][gc          ] GC(82) Concurrent evacuation 3.123ms
[2026-04-03T02:18:14.642+0600][56.543s][info][gc,start    ] GC(82) Pause Init Update Refs
[2026-04-03T02:18:14.642+0600][56.543s][info][gc,ergo     ] GC(82) Pacer for Update Refs. Used: 233M, Free: 479M, Non-Taxable: 49076K, Alloc Tax Rate: 1.1x
[2026-04-03T02:18:14.642+0600][56.543s][info][gc          ] GC(82) Pause Init Update Refs 0.181ms
[2026-04-03T02:18:14.642+0600][56.543s][info][gc,start    ] GC(82) Concurrent update references
[2026-04-03T02:18:14.642+0600][56.543s][info][gc,task     ] GC(82) Using 3 of 6 workers for concurrent reference update
[2026-04-03T02:18:14.698+0600][56.599s][info][gc          ] GC(82) Concurrent update references 55.891ms
[2026-04-03T02:18:14.698+0600][56.599s][info][gc,start    ] GC(82) Concurrent update thread roots
[2026-04-03T02:18:14.700+0600][56.602s][info][gc          ] GC(82) Concurrent update thread roots 2.024ms
[2026-04-03T02:18:14.701+0600][56.602s][info][gc,start    ] GC(82) Pause Final Update Refs
[2026-04-03T02:18:14.701+0600][56.602s][info][gc,task     ] GC(82) Using 6 of 6 workers for final reference update
[2026-04-03T02:18:14.701+0600][56.602s][info][gc          ] GC(82) Pause Final Update Refs 0.296ms
[2026-04-03T02:18:14.701+0600][56.602s][info][gc,start    ] GC(82) Concurrent cleanup
[2026-04-03T02:18:14.702+0600][56.603s][info][gc          ] GC(82) Concurrent cleanup 278M->182M(654M) 0.637ms
[2026-04-03T02:18:14.702+0600][56.603s][info][gc,ergo     ] Free: 523M, Max: 256K regular, 272M humongous, Frag: 48% external, 0% internal; Reserve: 38400K, Max: 256K
[2026-04-03T02:18:14.702+0600][56.603s][info][gc,stats    ] 
[2026-04-03T02:18:14.702+0600][56.603s][info][gc,stats    ] All times are wall-clock times, except per-root-class counters, that are sum over
[2026-04-03T02:18:14.702+0600][56.603s][info][gc,stats    ] all workers. Dividing the <total> over the root stage time estimates parallelism.
[2026-04-03T02:18:14.702+0600][56.603s][info][gc,stats    ] 
[2026-04-03T02:18:14.702+0600][56.603s][info][gc,stats    ] Concurrent Reset                    839 us
[2026-04-03T02:18:14.702+0600][56.603s][info][gc,stats    ] Pause Init Mark (G)                 408 us
[2026-04-03T02:18:14.702+0600][56.603s][info][gc,stats    ] Pause Init Mark (N)                 155 us
[2026-04-03T02:18:14.702+0600][56.603s][info][gc,stats    ]   Update Region States               27 us
[2026-04-03T02:18:14.702+0600][56.603s][info][gc,stats    ] Concurrent Mark Roots              1447 us, parallelism: 1.86x
[2026-04-03T02:18:14.702+0600][56.603s][info][gc,stats    ]   CMR: <total>                     2696 us
[2026-04-03T02:18:14.702+0600][56.603s][info][gc,stats    ]   CMR: Thread Roots                2261 us, workers (us): 903, 512, 846, ---, ---, ---, 
[2026-04-03T02:18:14.702+0600][56.603s][info][gc,stats    ]   CMR: VM Strong Roots               55 us, workers (us):  47,   7,   1, ---, ---, ---, 
[2026-04-03T02:18:14.702+0600][56.603s][info][gc,stats    ]   CMR: CLDG Roots                   380 us, workers (us): ---, 380, ---, ---, ---, ---, 
[2026-04-03T02:18:14.702+0600][56.603s][info][gc,stats    ] Concurrent Marking                57759 us
[2026-04-03T02:18:14.702+0600][56.603s][info][gc,stats    ] Pause Final Mark (G)                776 us
[2026-04-03T02:18:14.702+0600][56.603s][info][gc,stats    ] Pause Final Mark (N)                582 us
[2026-04-03T02:18:14.702+0600][56.603s][info][gc,stats    ]   Finish Mark                       138 us
[2026-04-03T02:18:14.702+0600][56.603s][info][gc,stats    ]   Update Region States               40 us
[2026-04-03T02:18:14.702+0600][56.603s][info][gc,stats    ]   Choose Collection Set             253 us
[2026-04-03T02:18:14.702+0600][56.603s][info][gc,stats    ]   Rebuild Free Set                   38 us
[2026-04-03T02:18:14.702+0600][56.603s][info][gc,stats    ] Concurrent Thread Roots            1085 us, parallelism: 2.43x
[2026-04-03T02:18:14.702+0600][56.603s][info][gc,stats    ]   CTR: <total>                     2636 us
[2026-04-03T02:18:14.702+0600][56.603s][info][gc,stats    ]   CTR: Thread Roots                2636 us, workers (us): 903, 865, 867, ---, ---, ---, 
[2026-04-03T02:18:14.702+0600][56.603s][info][gc,stats    ] Concurrent Weak References         1565 us, parallelism: 1.00x
[2026-04-03T02:18:14.702+0600][56.603s][info][gc,stats    ]   CWRF: <total>                    1569 us
[2026-04-03T02:18:14.702+0600][56.603s][info][gc,stats    ]   CWRF: Weak References            1569 us, workers (us): 1332, 169,  67, ---, ---, ---, 
[2026-04-03T02:18:14.702+0600][56.603s][info][gc,stats    ] Concurrent Weak Roots              4449 us
[2026-04-03T02:18:14.702+0600][56.603s][info][gc,stats    ]   Roots                            3977 us, parallelism: 2.71x
[2026-04-03T02:18:14.702+0600][56.603s][info][gc,stats    ]     CWR: <total>                  10791 us
[2026-04-03T02:18:14.702+0600][56.603s][info][gc,stats    ]     CWR: Code Cache Roots          8316 us, workers (us): 2841, 2669, 2806, ---, ---, ---, 
[2026-04-03T02:18:14.702+0600][56.603s][info][gc,stats    ]     CWR: VM Weak Roots             2315 us, workers (us): 798, 790, 726, ---, ---, ---, 
[2026-04-03T02:18:14.702+0600][56.603s][info][gc,stats    ]     CWR: CLDG Roots                 160 us, workers (us): ---, 160, ---, ---, ---, ---, 
[2026-04-03T02:18:14.702+0600][56.603s][info][gc,stats    ]   Rendezvous                        346 us
[2026-04-03T02:18:14.702+0600][56.603s][info][gc,stats    ] Concurrent Cleanup                  858 us
[2026-04-03T02:18:14.702+0600][56.603s][info][gc,stats    ] Concurrent Class Unloading        16917 us
[2026-04-03T02:18:14.702+0600][56.603s][info][gc,stats    ]   Unlink Stale                    15201 us
[2026-04-03T02:18:14.702+0600][56.603s][info][gc,stats    ]     System Dictionary               263 us
[2026-04-03T02:18:14.702+0600][56.603s][info][gc,stats    ]     Weak Class Links                  0 us
[2026-04-03T02:18:14.702+0600][56.603s][info][gc,stats    ]     Code Roots                    14933 us
[2026-04-03T02:18:14.702+0600][56.603s][info][gc,stats    ]   Rendezvous                        422 us
[2026-04-03T02:18:14.702+0600][56.603s][info][gc,stats    ]   Purge Unlinked                   1129 us
[2026-04-03T02:18:14.702+0600][56.603s][info][gc,stats    ]     Code Roots                     1060 us
[2026-04-03T02:18:14.702+0600][56.604s][info][gc,stats    ]     CLDG                             67 us
[2026-04-03T02:18:14.702+0600][56.604s][info][gc,stats    ]     Exception Caches                  1 us
[2026-04-03T02:18:14.702+0600][56.604s][info][gc,stats    ] Concurrent Strong Roots            1500 us, parallelism: 0.66x
[2026-04-03T02:18:14.702+0600][56.604s][info][gc,stats    ]   CSR: <total>                      991 us
[2026-04-03T02:18:14.702+0600][56.604s][info][gc,stats    ]   CSR: VM Strong Roots               62 us, workers (us):  41,  21,   0, ---, ---, ---, 
[2026-04-03T02:18:14.702+0600][56.604s][info][gc,stats    ]   CSR: CLDG Roots                   929 us, workers (us): ---, 929, ---, ---, ---, ---, 
[2026-04-03T02:18:14.702+0600][56.604s][info][gc,stats    ] Concurrent Evacuation              3265 us
[2026-04-03T02:18:14.702+0600][56.604s][info][gc,stats    ] Pause Init Update Refs (G)          705 us
[2026-04-03T02:18:14.703+0600][56.604s][info][gc,stats    ] Pause Init Update Refs (N)          195 us
[2026-04-03T02:18:14.703+0600][56.604s][info][gc,stats    ]   Manage GCLABs                      45 us
[2026-04-03T02:18:14.703+0600][56.604s][info][gc,stats    ] Concurrent Update Refs            56001 us
[2026-04-03T02:18:14.703+0600][56.604s][info][gc,stats    ] Concurrent Update Thread Roots     2087 us
[2026-04-03T02:18:14.703+0600][56.604s][info][gc,stats    ] Pause Final Update Refs (G)         509 us
[2026-04-03T02:18:14.703+0600][56.604s][info][gc,stats    ] Pause Final Update Refs (N)         314 us
[2026-04-03T02:18:14.703+0600][56.604s][info][gc,stats    ]   Update Region States              103 us
[2026-04-03T02:18:14.703+0600][56.604s][info][gc,stats    ]   Trash Collection Set               23 us
[2026-04-03T02:18:14.703+0600][56.604s][info][gc,stats    ]   Rebuild Free Set                   49 us
[2026-04-03T02:18:14.703+0600][56.604s][info][gc,stats    ] Concurrent Cleanup                  684 us
[2026-04-03T02:18:14.703+0600][56.604s][info][gc,stats    ] Pacing                           121190 us
[2026-04-03T02:18:14.703+0600][56.604s][info][gc,stats    ] 
[2026-04-03T02:18:14.703+0600][56.604s][info][gc,stats    ] Allocation pacing accrued:
[2026-04-03T02:18:14.703+0600][56.604s][info][gc,stats    ]      22 of   598 ms (  3.7%): dispatcher-event-loop-2
[2026-04-03T02:18:14.703+0600][56.604s][info][gc,stats    ]      22 of   598 ms (  3.7%): Executor task launch worker for task 4.0 in stage 1818.0 (TID 3373)
[2026-04-03T02:18:14.703+0600][56.604s][info][gc,stats    ]      22 of   598 ms (  3.6%): Executor task launch worker for task 7.0 in stage 1818.0 (TID 3376)
[2026-04-03T02:18:14.703+0600][56.604s][info][gc,stats    ]      11 of   598 ms (  1.9%): Executor task launch worker for task 5.0 in stage 1818.0 (TID 3374)
[2026-04-03T02:18:14.703+0600][56.604s][info][gc,stats    ]      21 of   598 ms (  3.6%): Executor task launch worker for task 2.0 in stage 1818.0 (TID 3371)
[2026-04-03T02:18:14.703+0600][56.604s][info][gc,stats    ]      23 of   598 ms (  3.8%): task-result-getter-1
[2026-04-03T02:18:14.703+0600][56.604s][info][gc,stats    ]     121 of   598 ms ( 20.3%): <total>
[2026-04-03T02:18:14.703+0600][56.604s][info][gc,stats    ]       0 of   598 ms (  0.1%): <average total>
[2026-04-03T02:18:14.703+0600][56.604s][info][gc,stats    ]      20 of   598 ms (  3.4%): <average non-zero>
[2026-04-03T02:18:14.703+0600][56.604s][info][gc,stats    ] 
[2026-04-03T02:18:14.703+0600][56.604s][info][gc,metaspace] Metaspace: 131214K(132800K)->131216K(132800K) NonClass: 114712K(115584K)->114713K(115584K) Class: 16501K(17216K)->16502K(17216K)
[2026-04-03T02:18:14.703+0600][56.604s][info][gc,ergo     ] Pacer for Idle. Initial: 15360K, Alloc Tax Rate: 1.0x
[2026-04-03T02:18:14.984+0600][56.885s][info][gc          ] Trigger: Average GC time (167.99 ms) is above the time for average allocation rate (1039 MB/s) to deplete free headroom (174M) (margin of error = 1.84)
[2026-04-03T02:18:14.984+0600][56.885s][info][gc,ergo     ] Free headroom: 212M (free) - 38400K (spike) - 0B (penalties) = 174M
[2026-04-03T02:18:14.984+0600][56.885s][info][gc,ergo     ] Free: 212M, Max: 256K regular, 90368K humongous, Frag: 59% external, 0% internal; Reserve: 38400K, Max: 256K
[2026-04-03T02:18:14.984+0600][56.885s][info][gc,start    ] GC(83) Concurrent reset
[2026-04-03T02:18:14.984+0600][56.885s][info][gc,task     ] GC(83) Using 3 of 6 workers for concurrent reset
[2026-04-03T02:18:14.984+0600][56.885s][info][gc,ergo     ] GC(83) Pacer for Reset. Non-Taxable: 750M
[2026-04-03T02:18:14.985+0600][56.886s][info][gc          ] GC(83) Concurrent reset 1.328ms
[2026-04-03T02:18:14.985+0600][56.886s][info][gc,start    ] GC(83) Pause Init Mark (unload classes)
[2026-04-03T02:18:14.985+0600][56.887s][info][gc,task     ] GC(83) Using 6 of 6 workers for init marking
[2026-04-03T02:18:14.986+0600][56.887s][info][gc,ergo     ] GC(83) Pacer for Mark. Expected Live: 95721K, Free: 211M, Non-Taxable: 21690K, Alloc Tax Rate: 0.5x
[2026-04-03T02:18:14.986+0600][56.887s][info][gc          ] GC(83) Pause Init Mark (unload classes) 0.151ms
[2026-04-03T02:18:14.986+0600][56.887s][info][gc,start    ] GC(83) Concurrent marking roots
[2026-04-03T02:18:14.986+0600][56.887s][info][gc,task     ] GC(83) Using 3 of 6 workers for concurrent marking roots
[2026-04-03T02:18:14.987+0600][56.888s][info][gc          ] GC(83) Concurrent marking roots 1.410ms
[2026-04-03T02:18:14.987+0600][56.888s][info][gc,start    ] GC(83) Concurrent marking (unload classes)
[2026-04-03T02:18:14.987+0600][56.888s][info][gc,task     ] GC(83) Using 3 of 6 workers for concurrent marking
[2026-04-03T02:18:15.049+0600][56.950s][info][gc          ] GC(83) Concurrent marking (unload classes) 62.173ms
[2026-04-03T02:18:15.049+0600][56.951s][info][gc,start    ] GC(83) Pause Final Mark (unload classes)
[2026-04-03T02:18:15.049+0600][56.951s][info][gc,task     ] GC(83) Using 6 of 6 workers for final marking
[2026-04-03T02:18:15.050+0600][56.951s][info][gc,ergo     ] GC(83) Adaptive CSet Selection. Target Free: 106M, Actual Free: 543M, Max CSet: 32000K, Min Garbage: 0B
[2026-04-03T02:18:15.050+0600][56.951s][info][gc,ergo     ] GC(83) Collectable Garbage: 378M (97%), Immediate: 330M (85%), CSet: 48927K (12%)
[2026-04-03T02:18:15.050+0600][56.951s][info][gc,ergo     ] GC(83) Pacer for Evacuation. Used CSet: 50300K, Free: 529M, Non-Taxable: 54227K, Alloc Tax Rate: 1.1x
[2026-04-03T02:18:15.050+0600][56.951s][info][gc          ] GC(83) Pause Final Mark (unload classes) 0.749ms
[2026-04-03T02:18:15.050+0600][56.951s][info][gc,start    ] GC(83) Concurrent thread roots
[2026-04-03T02:18:15.050+0600][56.951s][info][gc,task     ] GC(83) Using 3 of 6 workers for Concurrent thread roots
[2026-04-03T02:18:15.051+0600][56.952s][info][gc          ] GC(83) Concurrent thread roots 0.970ms
[2026-04-03T02:18:15.051+0600][56.952s][info][gc,start    ] GC(83) Concurrent weak references
[2026-04-03T02:18:15.051+0600][56.952s][info][gc,task     ] GC(83) Using 3 of 6 workers for concurrent weak references
[2026-04-03T02:18:15.052+0600][56.953s][info][gc,ref      ] GC(83) Encountered references: Soft: 3784, Weak: 15534, Final: 84, Phantom: 621
[2026-04-03T02:18:15.052+0600][56.953s][info][gc,ref      ] GC(83) Discovered  references: Soft: 0, Weak: 8254, Final: 0, Phantom: 616
[2026-04-03T02:18:15.052+0600][56.953s][info][gc,ref      ] GC(83) Enqueued    references: Soft: 0, Weak: 33, Final: 0, Phantom: 0
[2026-04-03T02:18:15.052+0600][56.953s][info][gc          ] GC(83) Concurrent weak references 1.058ms
[2026-04-03T02:18:15.052+0600][56.954s][info][gc,start    ] GC(83) Concurrent weak roots
[2026-04-03T02:18:15.052+0600][56.954s][info][gc,task     ] GC(83) Using 3 of 6 workers for concurrent weak root
[2026-04-03T02:18:15.057+0600][56.958s][info][gc          ] GC(83) Concurrent weak roots 4.830ms
[2026-04-03T02:18:15.057+0600][56.958s][info][gc,start    ] GC(83) Concurrent cleanup
[2026-04-03T02:18:15.058+0600][56.959s][info][gc          ] GC(83) Concurrent cleanup 511M->181M(654M) 0.873ms
[2026-04-03T02:18:15.058+0600][56.959s][info][gc,ergo     ] GC(83) Free: 526M, Max: 256K regular, 64256K humongous, Frag: 89% external, 0% internal; Reserve: 38079K, Max: 256K
[2026-04-03T02:18:15.058+0600][56.959s][info][gc,start    ] GC(83) Concurrent class unloading
[2026-04-03T02:18:15.058+0600][56.959s][info][gc,task     ] GC(83) Using 3 of 6 workers for concurrent class unloading
[2026-04-03T02:18:15.074+0600][56.975s][info][gc          ] GC(83) Concurrent class unloading 15.848ms
[2026-04-03T02:18:15.074+0600][56.975s][info][gc,start    ] GC(83) Concurrent strong roots
[2026-04-03T02:18:15.074+0600][56.975s][info][gc,task     ] GC(83) Using 3 of 6 workers for concurrent strong root
[2026-04-03T02:18:15.076+0600][56.977s][info][gc          ] GC(83) Concurrent strong roots 1.221ms
[2026-04-03T02:18:15.076+0600][56.977s][info][gc,start    ] GC(83) Concurrent evacuation
[2026-04-03T02:18:15.076+0600][56.977s][info][gc,task     ] GC(83) Using 3 of 6 workers for concurrent evacuation
[2026-04-03T02:18:15.077+0600][56.978s][info][gc          ] GC(83) Concurrent evacuation 1.334ms
[2026-04-03T02:18:15.077+0600][56.978s][info][gc,start    ] GC(83) Pause Init Update Refs
[2026-04-03T02:18:15.077+0600][56.978s][info][gc,ergo     ] GC(83) Pacer for Update Refs. Used: 193M, Free: 515M, Non-Taxable: 52817K, Alloc Tax Rate: 1.1x
[2026-04-03T02:18:15.077+0600][56.978s][info][gc          ] GC(83) Pause Init Update Refs 0.130ms
[2026-04-03T02:18:15.077+0600][56.979s][info][gc,start    ] GC(83) Concurrent update references
[2026-04-03T02:18:15.077+0600][56.979s][info][gc,task     ] GC(83) Using 3 of 6 workers for concurrent reference update
[2026-04-03T02:18:15.127+0600][57.028s][info][gc          ] GC(83) Concurrent update references 49.330ms
[2026-04-03T02:18:15.127+0600][57.028s][info][gc,start    ] GC(83) Concurrent update thread roots
[2026-04-03T02:18:15.130+0600][57.031s][info][gc          ] GC(83) Concurrent update thread roots 2.926ms
[2026-04-03T02:18:15.130+0600][57.031s][info][gc,start    ] GC(83) Pause Final Update Refs
[2026-04-03T02:18:15.130+0600][57.031s][info][gc,task     ] GC(83) Using 6 of 6 workers for final reference update
[2026-04-03T02:18:15.130+0600][57.031s][info][gc          ] GC(83) Pause Final Update Refs 0.209ms
[2026-04-03T02:18:15.130+0600][57.031s][info][gc,start    ] GC(83) Concurrent cleanup
[2026-04-03T02:18:15.131+0600][57.032s][info][gc          ] GC(83) Concurrent cleanup 237M->189M(654M) 0.640ms
[2026-04-03T02:18:15.131+0600][57.032s][info][gc,ergo     ] Free: 516M, Max: 256K regular, 184M humongous, Frag: 65% external, 0% internal; Reserve: 38400K, Max: 256K
[2026-04-03T02:18:15.131+0600][57.032s][info][gc,stats    ] 
[2026-04-03T02:18:15.131+0600][57.032s][info][gc,stats    ] All times are wall-clock times, except per-root-class counters, that are sum over
[2026-04-03T02:18:15.131+0600][57.032s][info][gc,stats    ] all workers. Dividing the <total> over the root stage time estimates parallelism.
[2026-04-03T02:18:15.131+0600][57.032s][info][gc,stats    ] 
[2026-04-03T02:18:15.131+0600][57.032s][info][gc,stats    ] Concurrent Reset                   1388 us
[2026-04-03T02:18:15.131+0600][57.032s][info][gc,stats    ] Pause Init Mark (G)                 441 us
[2026-04-03T02:18:15.131+0600][57.032s][info][gc,stats    ] Pause Init Mark (N)                 160 us
[2026-04-03T02:18:15.131+0600][57.032s][info][gc,stats    ]   Update Region States               34 us
[2026-04-03T02:18:15.131+0600][57.032s][info][gc,stats    ] Concurrent Mark Roots              1462 us, parallelism: 1.91x
[2026-04-03T02:18:15.131+0600][57.032s][info][gc,stats    ]   CMR: <total>                     2796 us
[2026-04-03T02:18:15.131+0600][57.032s][info][gc,stats    ]   CMR: Thread Roots                2419 us, workers (us): 603, 911, 905, ---, ---, ---, 
[2026-04-03T02:18:15.131+0600][57.032s][info][gc,stats    ]   CMR: VM Strong Roots               60 us, workers (us):  40,  20,   1, ---, ---, ---, 
[2026-04-03T02:18:15.131+0600][57.032s][info][gc,stats    ]   CMR: CLDG Roots                   317 us, workers (us): 317, ---, ---, ---, ---, ---, 
[2026-04-03T02:18:15.131+0600][57.032s][info][gc,stats    ] Concurrent Marking                62249 us
[2026-04-03T02:18:15.131+0600][57.032s][info][gc,stats    ] Pause Final Mark (G)               1028 us
[2026-04-03T02:18:15.131+0600][57.032s][info][gc,stats    ] Pause Final Mark (N)                762 us
[2026-04-03T02:18:15.131+0600][57.032s][info][gc,stats    ]   Finish Mark                       357 us
[2026-04-03T02:18:15.131+0600][57.032s][info][gc,stats    ]   Update Region States               37 us
[2026-04-03T02:18:15.131+0600][57.032s][info][gc,stats    ]   Choose Collection Set             229 us
[2026-04-03T02:18:15.131+0600][57.032s][info][gc,stats    ]   Rebuild Free Set                   37 us
[2026-04-03T02:18:15.131+0600][57.033s][info][gc,stats    ] Concurrent Thread Roots            1001 us, parallelism: 2.32x
[2026-04-03T02:18:15.131+0600][57.033s][info][gc,stats    ]   CTR: <total>                     2324 us
[2026-04-03T02:18:15.131+0600][57.033s][info][gc,stats    ]   CTR: Thread Roots                2324 us, workers (us): 846, 742, 737, ---, ---, ---, 
[2026-04-03T02:18:15.131+0600][57.033s][info][gc,stats    ] Concurrent Weak References         1067 us, parallelism: 0.97x
[2026-04-03T02:18:15.131+0600][57.033s][info][gc,stats    ]   CWRF: <total>                    1035 us
[2026-04-03T02:18:15.131+0600][57.033s][info][gc,stats    ]   CWRF: Weak References            1035 us, workers (us): 809, 203,  23, ---, ---, ---, 
[2026-04-03T02:18:15.131+0600][57.033s][info][gc,stats    ] Concurrent Weak Roots              4920 us
[2026-04-03T02:18:15.131+0600][57.033s][info][gc,stats    ]   Roots                            4354 us, parallelism: 2.66x
[2026-04-03T02:18:15.132+0600][57.033s][info][gc,stats    ]     CWR: <total>                  11585 us
[2026-04-03T02:18:15.132+0600][57.033s][info][gc,stats    ]     CWR: Code Cache Roots          9497 us, workers (us): 3115, 3072, 3310, ---, ---, ---, 
[2026-04-03T02:18:15.132+0600][57.033s][info][gc,stats    ]     CWR: VM Weak Roots             1939 us, workers (us): 667, 636, 636, ---, ---, ---, 
[2026-04-03T02:18:15.132+0600][57.033s][info][gc,stats    ]     CWR: CLDG Roots                 149 us, workers (us): ---, 149, ---, ---, ---, ---, 
[2026-04-03T02:18:15.132+0600][57.033s][info][gc,stats    ]   Rendezvous                        452 us
[2026-04-03T02:18:15.132+0600][57.033s][info][gc,stats    ] Concurrent Cleanup                  956 us
[2026-04-03T02:18:15.132+0600][57.033s][info][gc,stats    ] Concurrent Class Unloading        15954 us
[2026-04-03T02:18:15.132+0600][57.033s][info][gc,stats    ]   Unlink Stale                    13929 us
[2026-04-03T02:18:15.132+0600][57.033s][info][gc,stats    ]     System Dictionary               271 us
[2026-04-03T02:18:15.132+0600][57.033s][info][gc,stats    ]     Weak Class Links                  0 us
[2026-04-03T02:18:15.132+0600][57.033s][info][gc,stats    ]     Code Roots                    13653 us
[2026-04-03T02:18:15.132+0600][57.033s][info][gc,stats    ]   Rendezvous                        392 us
[2026-04-03T02:18:15.132+0600][57.033s][info][gc,stats    ]   Purge Unlinked                   1495 us
[2026-04-03T02:18:15.132+0600][57.033s][info][gc,stats    ]     Code Roots                     1473 us
[2026-04-03T02:18:15.132+0600][57.033s][info][gc,stats    ]     CLDG                             21 us
[2026-04-03T02:18:15.132+0600][57.033s][info][gc,stats    ]     Exception Caches                  0 us
[2026-04-03T02:18:15.132+0600][57.033s][info][gc,stats    ] Concurrent Strong Roots            1281 us, parallelism: 0.70x
[2026-04-03T02:18:15.132+0600][57.033s][info][gc,stats    ]   CSR: <total>                      900 us
[2026-04-03T02:18:15.132+0600][57.033s][info][gc,stats    ]   CSR: VM Strong Roots              101 us, workers (us):  66,  34,   0, ---, ---, ---, 
[2026-04-03T02:18:15.132+0600][57.033s][info][gc,stats    ]   CSR: CLDG Roots                   799 us, workers (us): 799, ---, ---, ---, ---, ---, 
[2026-04-03T02:18:15.132+0600][57.033s][info][gc,stats    ] Concurrent Evacuation              1377 us
[2026-04-03T02:18:15.132+0600][57.033s][info][gc,stats    ] Pause Init Update Refs (G)          403 us
[2026-04-03T02:18:15.132+0600][57.033s][info][gc,stats    ] Pause Init Update Refs (N)          143 us
[2026-04-03T02:18:15.132+0600][57.033s][info][gc,stats    ]   Manage GCLABs                      37 us
[2026-04-03T02:18:15.132+0600][57.033s][info][gc,stats    ] Concurrent Update Refs            49413 us
[2026-04-03T02:18:15.132+0600][57.033s][info][gc,stats    ] Concurrent Update Thread Roots     3014 us
[2026-04-03T02:18:15.132+0600][57.033s][info][gc,stats    ] Pause Final Update Refs (G)         513 us
[2026-04-03T02:18:15.132+0600][57.033s][info][gc,stats    ] Pause Final Update Refs (N)         228 us
[2026-04-03T02:18:15.132+0600][57.033s][info][gc,stats    ]   Update Region States               53 us
[2026-04-03T02:18:15.132+0600][57.033s][info][gc,stats    ]   Trash Collection Set               15 us
[2026-04-03T02:18:15.132+0600][57.033s][info][gc,stats    ]   Rebuild Free Set                   43 us
[2026-04-03T02:18:15.132+0600][57.033s][info][gc,stats    ] Concurrent Cleanup                  672 us
[2026-04-03T02:18:15.132+0600][57.033s][info][gc,stats    ] Pacing                           104661 us
[2026-04-03T02:18:15.132+0600][57.033s][info][gc,stats    ] 
[2026-04-03T02:18:15.132+0600][57.033s][info][gc,stats    ] Allocation pacing accrued:
[2026-04-03T02:18:15.132+0600][57.033s][info][gc,stats    ]       7 of   429 ms (  1.5%): dag-scheduler-event-loop
[2026-04-03T02:18:15.132+0600][57.033s][info][gc,stats    ]      11 of   429 ms (  2.6%): Executor task launch worker for task 6.0 in stage 1828.0 (TID 3455)
[2026-04-03T02:18:15.132+0600][57.033s][info][gc,stats    ]      11 of   429 ms (  2.6%): Executor task launch worker for task 0.0 in stage 1828.0 (TID 3449)
[2026-04-03T02:18:15.132+0600][57.033s][info][gc,stats    ]      18 of   429 ms (  4.2%): Executor task launch worker for task 4.0 in stage 1828.0 (TID 3453)
[2026-04-03T02:18:15.132+0600][57.033s][info][gc,stats    ]      11 of   429 ms (  2.6%): Executor task launch worker for task 1.0 in stage 1828.0 (TID 3450)
[2026-04-03T02:18:15.132+0600][57.033s][info][gc,stats    ]       6 of   429 ms (  1.4%): task-result-getter-0
[2026-04-03T02:18:15.132+0600][57.033s][info][gc,stats    ]      17 of   429 ms (  3.9%): task-result-getter-1
[2026-04-03T02:18:15.132+0600][57.033s][info][gc,stats    ]      17 of   429 ms (  4.0%): task-result-getter-2
[2026-04-03T02:18:15.132+0600][57.033s][info][gc,stats    ]       6 of   429 ms (  1.4%): task-result-getter-3
[2026-04-03T02:18:15.132+0600][57.033s][info][gc,stats    ]     105 of   429 ms ( 24.4%): <total>
[2026-04-03T02:18:15.132+0600][57.033s][info][gc,stats    ]       0 of   429 ms (  0.1%): <average total>
[2026-04-03T02:18:15.132+0600][57.033s][info][gc,stats    ]      12 of   429 ms (  2.7%): <average non-zero>
[2026-04-03T02:18:15.132+0600][57.033s][info][gc,stats    ] 
[2026-04-03T02:18:15.132+0600][57.033s][info][gc,metaspace] Metaspace: 131225K(132800K)->131241K(132800K) NonClass: 114723K(115584K)->114738K(115584K) Class: 16502K(17216K)->16502K(17216K)
[2026-04-03T02:18:15.132+0600][57.033s][info][gc,ergo     ] Pacer for Idle. Initial: 15360K, Alloc Tax Rate: 1.0x
[2026-04-03T02:18:15.403+0600][57.304s][info][gc          ] Trigger: Average GC time (164.26 ms) is above the time for average allocation rate (1111 MB/s) to deplete free headroom (181M) (margin of error = 1.83)
[2026-04-03T02:18:15.403+0600][57.304s][info][gc,ergo     ] Free headroom: 219M (free) - 38400K (spike) - 0B (penalties) = 181M
[2026-04-03T02:18:15.403+0600][57.304s][info][gc,ergo     ] Free: 219M, Max: 256K regular, 144M humongous, Frag: 34% external, 0% internal; Reserve: 38400K, Max: 256K
[2026-04-03T02:18:15.403+0600][57.304s][info][gc,start    ] GC(84) Concurrent reset
[2026-04-03T02:18:15.403+0600][57.304s][info][gc,task     ] GC(84) Using 3 of 6 workers for concurrent reset
[2026-04-03T02:18:15.403+0600][57.304s][info][gc,ergo     ] GC(84) Pacer for Reset. Non-Taxable: 750M
[2026-04-03T02:18:15.405+0600][57.306s][info][gc          ] GC(84) Concurrent reset 1.372ms
[2026-04-03T02:18:15.405+0600][57.306s][info][gc,start    ] GC(84) Pause Init Mark (unload classes)
[2026-04-03T02:18:15.405+0600][57.306s][info][gc,task     ] GC(84) Using 6 of 6 workers for init marking
[2026-04-03T02:18:15.405+0600][57.306s][info][gc,ergo     ] GC(84) Pacer for Mark. Expected Live: 94795K, Free: 218M, Non-Taxable: 22382K, Alloc Tax Rate: 0.5x
[2026-04-03T02:18:15.405+0600][57.306s][info][gc          ] GC(84) Pause Init Mark (unload classes) 0.117ms
[2026-04-03T02:18:15.406+0600][57.307s][info][gc,start    ] GC(84) Concurrent marking roots
[2026-04-03T02:18:15.406+0600][57.307s][info][gc,task     ] GC(84) Using 3 of 6 workers for concurrent marking roots
[2026-04-03T02:18:15.407+0600][57.309s][info][gc          ] GC(84) Concurrent marking roots 1.605ms
[2026-04-03T02:18:15.408+0600][57.309s][info][gc,start    ] GC(84) Concurrent marking (unload classes)
[2026-04-03T02:18:15.408+0600][57.309s][info][gc,task     ] GC(84) Using 3 of 6 workers for concurrent marking
[2026-04-03T02:18:15.475+0600][57.376s][info][gc          ] GC(84) Concurrent marking (unload classes) 67.346ms
[2026-04-03T02:18:15.475+0600][57.376s][info][gc,start    ] GC(84) Pause Final Mark (unload classes)
[2026-04-03T02:18:15.475+0600][57.376s][info][gc,task     ] GC(84) Using 6 of 6 workers for final marking
[2026-04-03T02:18:15.476+0600][57.377s][info][gc,ergo     ] GC(84) Adaptive CSet Selection. Target Free: 106M, Actual Free: 541M, Max CSet: 32000K, Min Garbage: 0B
[2026-04-03T02:18:15.476+0600][57.377s][info][gc,ergo     ] GC(84) Collectable Garbage: 372M (97%), Immediate: 312M (82%), CSet: 61189K (15%)
[2026-04-03T02:18:15.476+0600][57.377s][info][gc,ergo     ] GC(84) Pacer for Evacuation. Used CSet: 65126K, Free: 525M, Non-Taxable: 53857K, Alloc Tax Rate: 1.1x
[2026-04-03T02:18:15.476+0600][57.377s][info][gc          ] GC(84) Pause Final Mark (unload classes) 0.763ms
[2026-04-03T02:18:15.476+0600][57.377s][info][gc,start    ] GC(84) Concurrent thread roots
[2026-04-03T02:18:15.476+0600][57.377s][info][gc,task     ] GC(84) Using 3 of 6 workers for Concurrent thread roots
[2026-04-03T02:18:15.477+0600][57.379s][info][gc          ] GC(84) Concurrent thread roots 1.324ms
[2026-04-03T02:18:15.477+0600][57.379s][info][gc,start    ] GC(84) Concurrent weak references
[2026-04-03T02:18:15.477+0600][57.379s][info][gc,task     ] GC(84) Using 3 of 6 workers for concurrent weak references
[2026-04-03T02:18:15.479+0600][57.380s][info][gc,ref      ] GC(84) Encountered references: Soft: 3800, Weak: 16174, Final: 84, Phantom: 627
[2026-04-03T02:18:15.479+0600][57.380s][info][gc,ref      ] GC(84) Discovered  references: Soft: 0, Weak: 10335, Final: 52, Phantom: 230
[2026-04-03T02:18:15.479+0600][57.380s][info][gc,ref      ] GC(84) Enqueued    references: Soft: 0, Weak: 1503, Final: 0, Phantom: 0
[2026-04-03T02:18:15.479+0600][57.380s][info][gc          ] GC(84) Concurrent weak references 1.650ms
[2026-04-03T02:18:15.479+0600][57.380s][info][gc,start    ] GC(84) Concurrent weak roots
[2026-04-03T02:18:15.479+0600][57.380s][info][gc,task     ] GC(84) Using 3 of 6 workers for concurrent weak root
[2026-04-03T02:18:15.484+0600][57.386s][info][gc          ] GC(84) Concurrent weak roots 5.333ms
[2026-04-03T02:18:15.485+0600][57.386s][info][gc,start    ] GC(84) Concurrent cleanup
[2026-04-03T02:18:15.485+0600][57.387s][info][gc          ] GC(84) Concurrent cleanup 496M->184M(654M) 0.847ms
[2026-04-03T02:18:15.485+0600][57.387s][info][gc,ergo     ] GC(84) Free: 523M, Max: 256K regular, 130M humongous, Frag: 76% external, 0% internal; Reserve: 37653K, Max: 256K
[2026-04-03T02:18:15.485+0600][57.387s][info][gc,start    ] GC(84) Concurrent class unloading
[2026-04-03T02:18:15.485+0600][57.387s][info][gc,task     ] GC(84) Using 3 of 6 workers for concurrent class unloading
[2026-04-03T02:18:15.502+0600][57.403s][info][gc          ] GC(84) Concurrent class unloading 16.605ms
[2026-04-03T02:18:15.502+0600][57.403s][info][gc,start    ] GC(84) Concurrent strong roots
[2026-04-03T02:18:15.502+0600][57.403s][info][gc,task     ] GC(84) Using 3 of 6 workers for concurrent strong root
[2026-04-03T02:18:15.504+0600][57.405s][info][gc          ] GC(84) Concurrent strong roots 1.349ms
[2026-04-03T02:18:15.504+0600][57.405s][info][gc,start    ] GC(84) Concurrent evacuation
[2026-04-03T02:18:15.504+0600][57.405s][info][gc,task     ] GC(84) Using 3 of 6 workers for concurrent evacuation
[2026-04-03T02:18:15.505+0600][57.407s][info][gc          ] GC(84) Concurrent evacuation 1.842ms
[2026-04-03T02:18:15.506+0600][57.407s][info][gc,start    ] GC(84) Pause Init Update Refs
[2026-04-03T02:18:15.506+0600][57.407s][info][gc,ergo     ] GC(84) Pacer for Update Refs. Used: 193M, Free: 518M, Non-Taxable: 53097K, Alloc Tax Rate: 1.1x
[2026-04-03T02:18:15.506+0600][57.407s][info][gc          ] GC(84) Pause Init Update Refs 0.116ms
[2026-04-03T02:18:15.506+0600][57.407s][info][gc,start    ] GC(84) Concurrent update references
[2026-04-03T02:18:15.506+0600][57.407s][info][gc,task     ] GC(84) Using 3 of 6 workers for concurrent reference update
[2026-04-03T02:18:15.540+0600][57.441s][info][gc          ] GC(84) Concurrent update references 34.197ms
[2026-04-03T02:18:15.540+0600][57.441s][info][gc,start    ] GC(84) Concurrent update thread roots
[2026-04-03T02:18:15.542+0600][57.443s][info][gc          ] GC(84) Concurrent update thread roots 1.368ms
[2026-04-03T02:18:15.542+0600][57.443s][info][gc,start    ] GC(84) Pause Final Update Refs
[2026-04-03T02:18:15.542+0600][57.443s][info][gc,task     ] GC(84) Using 6 of 6 workers for final reference update
[2026-04-03T02:18:15.542+0600][57.443s][info][gc          ] GC(84) Pause Final Update Refs 0.217ms
[2026-04-03T02:18:15.542+0600][57.443s][info][gc,start    ] GC(84) Concurrent cleanup
[2026-04-03T02:18:15.543+0600][57.444s][info][gc          ] GC(84) Concurrent cleanup 205M->142M(654M) 0.579ms
[2026-04-03T02:18:15.543+0600][57.444s][info][gc,ergo     ] Free: 566M, Max: 256K regular, 170M humongous, Frag: 70% external, 1% internal; Reserve: 38400K, Max: 256K
[2026-04-03T02:18:15.543+0600][57.444s][info][gc,stats    ] 
[2026-04-03T02:18:15.543+0600][57.444s][info][gc,stats    ] All times are wall-clock times, except per-root-class counters, that are sum over
[2026-04-03T02:18:15.543+0600][57.444s][info][gc,stats    ] all workers. Dividing the <total> over the root stage time estimates parallelism.
[2026-04-03T02:18:15.543+0600][57.444s][info][gc,stats    ] 
[2026-04-03T02:18:15.543+0600][57.444s][info][gc,stats    ] Concurrent Reset                   1453 us
[2026-04-03T02:18:15.543+0600][57.444s][info][gc,stats    ] Pause Init Mark (G)                1202 us
[2026-04-03T02:18:15.543+0600][57.444s][info][gc,stats    ] Pause Init Mark (N)                 130 us
[2026-04-03T02:18:15.543+0600][57.444s][info][gc,stats    ]   Update Region States               30 us
[2026-04-03T02:18:15.543+0600][57.444s][info][gc,stats    ] Concurrent Mark Roots              1681 us, parallelism: 1.72x
[2026-04-03T02:18:15.543+0600][57.444s][info][gc,stats    ]   CMR: <total>                     2896 us
[2026-04-03T02:18:15.543+0600][57.444s][info][gc,stats    ]   CMR: Thread Roots                2527 us, workers (us): 1126, 814, 586, ---, ---, ---, 
[2026-04-03T02:18:15.543+0600][57.444s][info][gc,stats    ]   CMR: VM Strong Roots               65 us, workers (us):  40,  24,   1, ---, ---, ---, 
[2026-04-03T02:18:15.543+0600][57.444s][info][gc,stats    ]   CMR: CLDG Roots                   305 us, workers (us): ---, 305, ---, ---, ---, ---, 
[2026-04-03T02:18:15.543+0600][57.444s][info][gc,stats    ] Concurrent Marking                67428 us
[2026-04-03T02:18:15.543+0600][57.444s][info][gc,stats    ] Pause Final Mark (G)               1083 us
[2026-04-03T02:18:15.543+0600][57.444s][info][gc,stats    ] Pause Final Mark (N)                777 us
[2026-04-03T02:18:15.543+0600][57.444s][info][gc,stats    ]   Finish Mark                       220 us
[2026-04-03T02:18:15.543+0600][57.444s][info][gc,stats    ]   Update Region States               51 us
[2026-04-03T02:18:15.543+0600][57.444s][info][gc,stats    ]   Choose Collection Set             263 us
[2026-04-03T02:18:15.543+0600][57.444s][info][gc,stats    ]   Rebuild Free Set                   46 us
[2026-04-03T02:18:15.543+0600][57.444s][info][gc,stats    ] Concurrent Thread Roots            1380 us, parallelism: 2.25x
[2026-04-03T02:18:15.543+0600][57.444s][info][gc,stats    ]   CTR: <total>                     3099 us
[2026-04-03T02:18:15.543+0600][57.444s][info][gc,stats    ]   CTR: Thread Roots                3099 us, workers (us): 1073, 1017, 1009, ---, ---, ---, 
[2026-04-03T02:18:15.543+0600][57.444s][info][gc,stats    ] Concurrent Weak References         1661 us, parallelism: 1.18x
[2026-04-03T02:18:15.543+0600][57.444s][info][gc,stats    ]   CWRF: <total>                    1963 us
[2026-04-03T02:18:15.543+0600][57.444s][info][gc,stats    ]   CWRF: Weak References            1963 us, workers (us): 318, 1427, 217, ---, ---, ---, 
[2026-04-03T02:18:15.543+0600][57.444s][info][gc,stats    ] Concurrent Weak Roots              5430 us
[2026-04-03T02:18:15.543+0600][57.444s][info][gc,stats    ]   Roots                            5019 us, parallelism: 2.70x
[2026-04-03T02:18:15.543+0600][57.444s][info][gc,stats    ]     CWR: <total>                  13548 us
[2026-04-03T02:18:15.543+0600][57.444s][info][gc,stats    ]     CWR: Code Cache Roots         10736 us, workers (us): 3313, 3609, 3814, ---, ---, ---, 
[2026-04-03T02:18:15.543+0600][57.444s][info][gc,stats    ]     CWR: VM Weak Roots             2580 us, workers (us): 877, 871, 833, ---, ---, ---, 
[2026-04-03T02:18:15.543+0600][57.444s][info][gc,stats    ]     CWR: CLDG Roots                 232 us, workers (us): 232, ---, ---, ---, ---, ---, 
[2026-04-03T02:18:15.543+0600][57.444s][info][gc,stats    ]   Rendezvous                        285 us
[2026-04-03T02:18:15.543+0600][57.444s][info][gc,stats    ] Concurrent Cleanup                  865 us
[2026-04-03T02:18:15.543+0600][57.444s][info][gc,stats    ] Concurrent Class Unloading        16699 us
[2026-04-03T02:18:15.543+0600][57.444s][info][gc,stats    ]   Unlink Stale                    15146 us
[2026-04-03T02:18:15.543+0600][57.444s][info][gc,stats    ]     System Dictionary               296 us
[2026-04-03T02:18:15.543+0600][57.444s][info][gc,stats    ]     Weak Class Links                  1 us
[2026-04-03T02:18:15.543+0600][57.444s][info][gc,stats    ]     Code Roots                    14846 us
[2026-04-03T02:18:15.543+0600][57.444s][info][gc,stats    ]   Rendezvous                        382 us
[2026-04-03T02:18:15.543+0600][57.444s][info][gc,stats    ]   Purge Unlinked                   1049 us
[2026-04-03T02:18:15.543+0600][57.444s][info][gc,stats    ]     Code Roots                     1035 us
[2026-04-03T02:18:15.543+0600][57.444s][info][gc,stats    ]     CLDG                             13 us
[2026-04-03T02:18:15.543+0600][57.444s][info][gc,stats    ]     Exception Caches                  1 us
[2026-04-03T02:18:15.543+0600][57.444s][info][gc,stats    ] Concurrent Strong Roots            1405 us, parallelism: 0.65x
[2026-04-03T02:18:15.543+0600][57.444s][info][gc,stats    ]   CSR: <total>                      913 us
[2026-04-03T02:18:15.543+0600][57.444s][info][gc,stats    ]   CSR: VM Strong Roots               36 us, workers (us):  34,   1,   0, ---, ---, ---, 
[2026-04-03T02:18:15.543+0600][57.444s][info][gc,stats    ]   CSR: CLDG Roots                   877 us, workers (us): 877, ---, ---, ---, ---, ---, 
[2026-04-03T02:18:15.543+0600][57.444s][info][gc,stats    ] Concurrent Evacuation              1903 us
[2026-04-03T02:18:15.543+0600][57.444s][info][gc,stats    ] Pause Init Update Refs (G)          423 us
[2026-04-03T02:18:15.543+0600][57.444s][info][gc,stats    ] Pause Init Update Refs (N)          128 us
[2026-04-03T02:18:15.543+0600][57.444s][info][gc,stats    ]   Manage GCLABs                      24 us
[2026-04-03T02:18:15.543+0600][57.444s][info][gc,stats    ] Concurrent Update Refs            34273 us
[2026-04-03T02:18:15.543+0600][57.444s][info][gc,stats    ] Concurrent Update Thread Roots     1418 us
[2026-04-03T02:18:15.543+0600][57.444s][info][gc,stats    ] Pause Final Update Refs (G)         625 us
[2026-04-03T02:18:15.543+0600][57.444s][info][gc,stats    ] Pause Final Update Refs (N)         229 us
[2026-04-03T02:18:15.543+0600][57.444s][info][gc,stats    ]   Update Region States               77 us
[2026-04-03T02:18:15.543+0600][57.444s][info][gc,stats    ]   Trash Collection Set               14 us
[2026-04-03T02:18:15.543+0600][57.444s][info][gc,stats    ]   Rebuild Free Set                   40 us
[2026-04-03T02:18:15.543+0600][57.444s][info][gc,stats    ] Concurrent Cleanup                  604 us
[2026-04-03T02:18:15.543+0600][57.444s][info][gc,stats    ] 
[2026-04-03T02:18:15.543+0600][57.444s][info][gc,stats    ] Allocation pacing accrued:
[2026-04-03T02:18:15.543+0600][57.444s][info][gc,stats    ]       0 of   411 ms (  0.0%): <total>
[2026-04-03T02:18:15.543+0600][57.444s][info][gc,stats    ]       0 of   411 ms (  0.0%): <average total>
[2026-04-03T02:18:15.543+0600][57.444s][info][gc,stats    ] 
[2026-04-03T02:18:15.543+0600][57.444s][info][gc,metaspace] Metaspace: 131252K(132800K)->131266K(132800K) NonClass: 114749K(115584K)->114760K(115584K) Class: 16502K(17216K)->16505K(17216K)
[2026-04-03T02:18:15.543+0600][57.444s][info][gc,ergo     ] Pacer for Idle. Initial: 15360K, Alloc Tax Rate: 1.0x
[2026-04-03T02:18:15.958+0600][57.859s][info][gc          ] Trigger: Average GC time (156.59 ms) is above the time for average allocation rate (1022 MB/s) to deplete free headroom (159M) (margin of error = 1.82)
[2026-04-03T02:18:15.958+0600][57.859s][info][gc,ergo     ] Free headroom: 197M (free) - 38400K (spike) - 0B (penalties) = 159M
[2026-04-03T02:18:15.958+0600][57.860s][info][gc,ergo     ] Free: 196M, Max: 256K regular, 130M humongous, Frag: 34% external, 1% internal; Reserve: 38400K, Max: 256K
[2026-04-03T02:18:15.958+0600][57.860s][info][gc,start    ] GC(85) Concurrent reset
[2026-04-03T02:18:15.958+0600][57.860s][info][gc,task     ] GC(85) Using 3 of 6 workers for concurrent reset
[2026-04-03T02:18:15.958+0600][57.860s][info][gc,ergo     ] GC(85) Pacer for Reset. Non-Taxable: 750M
[2026-04-03T02:18:15.960+0600][57.861s][info][gc          ] GC(85) Concurrent reset 1.242ms
[2026-04-03T02:18:15.960+0600][57.861s][info][gc,start    ] GC(85) Pause Init Mark (unload classes)
[2026-04-03T02:18:15.960+0600][57.861s][info][gc,task     ] GC(85) Using 6 of 6 workers for init marking
[2026-04-03T02:18:15.960+0600][57.861s][info][gc,ergo     ] GC(85) Pacer for Mark. Expected Live: 91347K, Free: 195M, Non-Taxable: 20013K, Alloc Tax Rate: 0.6x
[2026-04-03T02:18:15.960+0600][57.861s][info][gc          ] GC(85) Pause Init Mark (unload classes) 0.113ms
[2026-04-03T02:18:15.960+0600][57.861s][info][gc,start    ] GC(85) Concurrent marking roots
[2026-04-03T02:18:15.960+0600][57.861s][info][gc,task     ] GC(85) Using 3 of 6 workers for concurrent marking roots
[2026-04-03T02:18:15.962+0600][57.863s][info][gc          ] GC(85) Concurrent marking roots 1.679ms
[2026-04-03T02:18:15.962+0600][57.863s][info][gc,start    ] GC(85) Concurrent marking (unload classes)
[2026-04-03T02:18:15.962+0600][57.863s][info][gc,task     ] GC(85) Using 3 of 6 workers for concurrent marking
[2026-04-03T02:18:16.022+0600][57.924s][info][gc          ] GC(85) Concurrent marking (unload classes) 60.552ms
[2026-04-03T02:18:16.023+0600][57.924s][info][gc,start    ] GC(85) Pause Final Mark (unload classes)
[2026-04-03T02:18:16.023+0600][57.924s][info][gc,task     ] GC(85) Using 6 of 6 workers for final marking
[2026-04-03T02:18:16.023+0600][57.924s][info][gc,ergo     ] GC(85) Adaptive CSet Selection. Target Free: 106M, Actual Free: 503M, Max CSet: 32000K, Min Garbage: 0B
[2026-04-03T02:18:16.023+0600][57.924s][info][gc,ergo     ] GC(85) Collectable Garbage: 389M (97%), Immediate: 307M (77%), CSet: 83511K (20%)
[2026-04-03T02:18:16.023+0600][57.924s][info][gc,ergo     ] GC(85) Pacer for Evacuation. Used CSet: 88153K, Free: 494M, Non-Taxable: 50601K, Alloc Tax Rate: 1.1x
[2026-04-03T02:18:16.023+0600][57.924s][info][gc          ] GC(85) Pause Final Mark (unload classes) 0.576ms
[2026-04-03T02:18:16.023+0600][57.924s][info][gc,start    ] GC(85) Concurrent thread roots
[2026-04-03T02:18:16.023+0600][57.925s][info][gc,task     ] GC(85) Using 3 of 6 workers for Concurrent thread roots
[2026-04-03T02:18:16.025+0600][57.926s][info][gc          ] GC(85) Concurrent thread roots 1.227ms
[2026-04-03T02:18:16.025+0600][57.926s][info][gc,start    ] GC(85) Concurrent weak references
[2026-04-03T02:18:16.025+0600][57.926s][info][gc,task     ] GC(85) Using 3 of 6 workers for concurrent weak references
[2026-04-03T02:18:16.025+0600][57.927s][info][gc,ref      ] GC(85) Encountered references: Soft: 3788, Weak: 15157, Final: 84, Phantom: 621
[2026-04-03T02:18:16.025+0600][57.927s][info][gc,ref      ] GC(85) Discovered  references: Soft: 0, Weak: 6361, Final: 4, Phantom: 615
[2026-04-03T02:18:16.025+0600][57.927s][info][gc,ref      ] GC(85) Enqueued    references: Soft: 0, Weak: 140, Final: 0, Phantom: 0
[2026-04-03T02:18:16.026+0600][57.927s][info][gc          ] GC(85) Concurrent weak references 0.896ms
[2026-04-03T02:18:16.026+0600][57.927s][info][gc,start    ] GC(85) Concurrent weak roots
[2026-04-03T02:18:16.026+0600][57.927s][info][gc,task     ] GC(85) Using 3 of 6 workers for concurrent weak root
[2026-04-03T02:18:16.032+0600][57.933s][info][gc          ] GC(85) Concurrent weak roots 6.394ms
[2026-04-03T02:18:16.032+0600][57.933s][info][gc,start    ] GC(85) Concurrent cleanup
[2026-04-03T02:18:16.033+0600][57.934s][info][gc          ] GC(85) Concurrent cleanup 530M->223M(654M) 0.900ms
[2026-04-03T02:18:16.033+0600][57.934s][info][gc,ergo     ] GC(85) Free: 483M, Max: 256K regular, 93440K humongous, Frag: 82% external, 0% internal; Reserve: 37924K, Max: 256K
[2026-04-03T02:18:16.033+0600][57.934s][info][gc,start    ] GC(85) Concurrent class unloading
[2026-04-03T02:18:16.033+0600][57.934s][info][gc,task     ] GC(85) Using 3 of 6 workers for concurrent class unloading
[2026-04-03T02:18:16.049+0600][57.950s][info][gc          ] GC(85) Concurrent class unloading 16.018ms
[2026-04-03T02:18:16.049+0600][57.950s][info][gc,start    ] GC(85) Concurrent strong roots
[2026-04-03T02:18:16.049+0600][57.950s][info][gc,task     ] GC(85) Using 3 of 6 workers for concurrent strong root
[2026-04-03T02:18:16.051+0600][57.952s][info][gc          ] GC(85) Concurrent strong roots 1.567ms
[2026-04-03T02:18:16.051+0600][57.952s][info][gc,start    ] GC(85) Concurrent evacuation
[2026-04-03T02:18:16.051+0600][57.952s][info][gc,task     ] GC(85) Using 3 of 6 workers for concurrent evacuation
[2026-04-03T02:18:16.054+0600][57.955s][info][gc          ] GC(85) Concurrent evacuation 2.976ms
[2026-04-03T02:18:16.054+0600][57.955s][info][gc,start    ] GC(85) Pause Init Update Refs
[2026-04-03T02:18:16.054+0600][57.955s][info][gc,ergo     ] GC(85) Pacer for Update Refs. Used: 236M, Free: 475M, Non-Taxable: 48683K, Alloc Tax Rate: 1.1x
[2026-04-03T02:18:16.054+0600][57.955s][info][gc          ] GC(85) Pause Init Update Refs 0.149ms
[2026-04-03T02:18:16.054+0600][57.956s][info][gc,start    ] GC(85) Concurrent update references
[2026-04-03T02:18:16.054+0600][57.956s][info][gc,task     ] GC(85) Using 3 of 6 workers for concurrent reference update
[2026-04-03T02:18:16.103+0600][58.004s][info][gc          ] GC(85) Concurrent update references 48.635ms
[2026-04-03T02:18:16.103+0600][58.004s][info][gc,start    ] GC(85) Concurrent update thread roots
[2026-04-03T02:18:16.105+0600][58.006s][info][gc          ] GC(85) Concurrent update thread roots 1.673ms
[2026-04-03T02:18:16.105+0600][58.006s][info][gc,start    ] GC(85) Pause Final Update Refs
[2026-04-03T02:18:16.105+0600][58.006s][info][gc,task     ] GC(85) Using 6 of 6 workers for final reference update
[2026-04-03T02:18:16.105+0600][58.006s][info][gc          ] GC(85) Pause Final Update Refs 0.213ms
[2026-04-03T02:18:16.105+0600][58.007s][info][gc,start    ] GC(85) Concurrent cleanup
[2026-04-03T02:18:16.106+0600][58.007s][info][gc          ] GC(85) Concurrent cleanup 278M->192M(654M) 0.358ms
[2026-04-03T02:18:16.106+0600][58.007s][info][gc,ergo     ] Free: 512M, Max: 256K regular, 215M humongous, Frag: 58% external, 1% internal; Reserve: 38400K, Max: 256K
[2026-04-03T02:18:16.106+0600][58.007s][info][gc,stats    ] 
[2026-04-03T02:18:16.106+0600][58.007s][info][gc,stats    ] All times are wall-clock times, except per-root-class counters, that are sum over
[2026-04-03T02:18:16.106+0600][58.007s][info][gc,stats    ] all workers. Dividing the <total> over the root stage time estimates parallelism.
[2026-04-03T02:18:16.106+0600][58.007s][info][gc,stats    ] 
[2026-04-03T02:18:16.106+0600][58.007s][info][gc,stats    ] Concurrent Reset                   1310 us
[2026-04-03T02:18:16.106+0600][58.007s][info][gc,stats    ] Pause Init Mark (G)                 368 us
[2026-04-03T02:18:16.106+0600][58.007s][info][gc,stats    ] Pause Init Mark (N)                 127 us
[2026-04-03T02:18:16.106+0600][58.007s][info][gc,stats    ]   Update Region States               31 us
[2026-04-03T02:18:16.106+0600][58.007s][info][gc,stats    ] Concurrent Mark Roots              1723 us, parallelism: 2.10x
[2026-04-03T02:18:16.106+0600][58.007s][info][gc,stats    ]   CMR: <total>                     3614 us
[2026-04-03T02:18:16.106+0600][58.007s][info][gc,stats    ]   CMR: Thread Roots                3284 us, workers (us): 924, 1189, 1172, ---, ---, ---, 
[2026-04-03T02:18:16.106+0600][58.007s][info][gc,stats    ]   CMR: VM Strong Roots               44 us, workers (us):  41,   1,   1, ---, ---, ---, 
[2026-04-03T02:18:16.106+0600][58.007s][info][gc,stats    ]   CMR: CLDG Roots                   286 us, workers (us): 286, ---, ---, ---, ---, ---, 
[2026-04-03T02:18:16.106+0600][58.007s][info][gc,stats    ] Concurrent Marking                60616 us
[2026-04-03T02:18:16.106+0600][58.007s][info][gc,stats    ] Pause Final Mark (G)                844 us
[2026-04-03T02:18:16.106+0600][58.007s][info][gc,stats    ] Pause Final Mark (N)                587 us
[2026-04-03T02:18:16.106+0600][58.007s][info][gc,stats    ]   Finish Mark                       165 us
[2026-04-03T02:18:16.106+0600][58.007s][info][gc,stats    ]   Update Region States               48 us
[2026-04-03T02:18:16.106+0600][58.007s][info][gc,stats    ]   Choose Collection Set             228 us
[2026-04-03T02:18:16.106+0600][58.007s][info][gc,stats    ]   Rebuild Free Set                   37 us
[2026-04-03T02:18:16.106+0600][58.007s][info][gc,stats    ] Concurrent Thread Roots            1288 us, parallelism: 2.08x
[2026-04-03T02:18:16.106+0600][58.007s][info][gc,stats    ]   CTR: <total>                     2675 us
[2026-04-03T02:18:16.106+0600][58.007s][info][gc,stats    ]   CTR: Thread Roots                2675 us, workers (us): 1085, 1070, 520, ---, ---, ---, 
[2026-04-03T02:18:16.106+0600][58.007s][info][gc,stats    ] Concurrent Weak References          915 us, parallelism: 0.93x
[2026-04-03T02:18:16.106+0600][58.007s][info][gc,stats    ]   CWRF: <total>                     850 us
[2026-04-03T02:18:16.106+0600][58.007s][info][gc,stats    ]   CWRF: Weak References             850 us, workers (us): 581, 191,  79, ---, ---, ---, 
[2026-04-03T02:18:16.106+0600][58.007s][info][gc,stats    ] Concurrent Weak Roots              6481 us
[2026-04-03T02:18:16.106+0600][58.007s][info][gc,stats    ]   Roots                            6026 us, parallelism: 2.68x
[2026-04-03T02:18:16.106+0600][58.007s][info][gc,stats    ]     CWR: <total>                  16144 us
[2026-04-03T02:18:16.106+0600][58.007s][info][gc,stats    ]     CWR: Code Cache Roots         13126 us, workers (us): 4190, 4353, 4583, ---, ---, ---, 
[2026-04-03T02:18:16.106+0600][58.007s][info][gc,stats    ]     CWR: VM Weak Roots             2786 us, workers (us): 975, 938, 873, ---, ---, ---, 
[2026-04-03T02:18:16.106+0600][58.007s][info][gc,stats    ]     CWR: CLDG Roots                 232 us, workers (us): 232, ---, ---, ---, ---, ---, 
[2026-04-03T02:18:16.106+0600][58.007s][info][gc,stats    ]   Rendezvous                        334 us
[2026-04-03T02:18:16.106+0600][58.007s][info][gc,stats    ] Concurrent Cleanup                  920 us
[2026-04-03T02:18:16.106+0600][58.007s][info][gc,stats    ] Concurrent Class Unloading        16127 us
[2026-04-03T02:18:16.106+0600][58.007s][info][gc,stats    ]   Unlink Stale                    14636 us
[2026-04-03T02:18:16.106+0600][58.007s][info][gc,stats    ]     System Dictionary               291 us
[2026-04-03T02:18:16.106+0600][58.008s][info][gc,stats    ]     Weak Class Links                  0 us
[2026-04-03T02:18:16.106+0600][58.008s][info][gc,stats    ]     Code Roots                    14341 us
[2026-04-03T02:18:16.106+0600][58.008s][info][gc,stats    ]   Rendezvous                        387 us
[2026-04-03T02:18:16.106+0600][58.008s][info][gc,stats    ]   Purge Unlinked                    956 us
[2026-04-03T02:18:16.106+0600][58.008s][info][gc,stats    ]     Code Roots                      935 us
[2026-04-03T02:18:16.106+0600][58.008s][info][gc,stats    ]     CLDG                             21 us
[2026-04-03T02:18:16.106+0600][58.008s][info][gc,stats    ]     Exception Caches                  1 us
[2026-04-03T02:18:16.106+0600][58.008s][info][gc,stats    ] Concurrent Strong Roots            1657 us, parallelism: 0.65x
[2026-04-03T02:18:16.106+0600][58.008s][info][gc,stats    ]   CSR: <total>                     1083 us
[2026-04-03T02:18:16.106+0600][58.008s][info][gc,stats    ]   CSR: VM Strong Roots               52 us, workers (us):  29,  22,   1, ---, ---, ---, 
[2026-04-03T02:18:16.107+0600][58.008s][info][gc,stats    ]   CSR: CLDG Roots                  1031 us, workers (us): ---, 1031, ---, ---, ---, ---, 
[2026-04-03T02:18:16.107+0600][58.008s][info][gc,stats    ] Concurrent Evacuation              3073 us
[2026-04-03T02:18:16.107+0600][58.008s][info][gc,stats    ] Pause Init Update Refs (G)          525 us
[2026-04-03T02:18:16.107+0600][58.008s][info][gc,stats    ] Pause Init Update Refs (N)          162 us
[2026-04-03T02:18:16.107+0600][58.008s][info][gc,stats    ]   Manage GCLABs                      43 us
[2026-04-03T02:18:16.107+0600][58.008s][info][gc,stats    ] Concurrent Update Refs            48728 us
[2026-04-03T02:18:16.107+0600][58.008s][info][gc,stats    ] Concurrent Update Thread Roots     1758 us
[2026-04-03T02:18:16.107+0600][58.008s][info][gc,stats    ] Pause Final Update Refs (G)         518 us
[2026-04-03T02:18:16.107+0600][58.008s][info][gc,stats    ] Pause Final Update Refs (N)         228 us
[2026-04-03T02:18:16.107+0600][58.008s][info][gc,stats    ]   Update Region States               53 us
[2026-04-03T02:18:16.107+0600][58.008s][info][gc,stats    ]   Trash Collection Set               17 us
[2026-04-03T02:18:16.107+0600][58.008s][info][gc,stats    ]   Rebuild Free Set                   46 us
[2026-04-03T02:18:16.107+0600][58.008s][info][gc,stats    ] Concurrent Cleanup                  396 us
[2026-04-03T02:18:16.107+0600][58.008s][info][gc,stats    ] Pacing                            95798 us
[2026-04-03T02:18:16.107+0600][58.008s][info][gc,stats    ] 
[2026-04-03T02:18:16.107+0600][58.008s][info][gc,stats    ] Allocation pacing accrued:
[2026-04-03T02:18:16.107+0600][58.008s][info][gc,stats    ]      13 of   563 ms (  2.4%): Executor task launch worker for task 4.0 in stage 1874.0 (TID 3581)
[2026-04-03T02:18:16.107+0600][58.008s][info][gc,stats    ]      13 of   563 ms (  2.3%): Executor task launch worker for task 2.0 in stage 1874.0 (TID 3579)
[2026-04-03T02:18:16.107+0600][58.008s][info][gc,stats    ]      11 of   563 ms (  2.0%): Executor task launch worker for task 0.0 in stage 1874.0 (TID 3577)
[2026-04-03T02:18:16.107+0600][58.008s][info][gc,stats    ]      11 of   563 ms (  2.0%): Executor task launch worker for task 1.0 in stage 1874.0 (TID 3578)
[2026-04-03T02:18:16.107+0600][58.008s][info][gc,stats    ]      11 of   563 ms (  2.0%): Executor task launch worker for task 5.0 in stage 1874.0 (TID 3582)
[2026-04-03T02:18:16.107+0600][58.008s][info][gc,stats    ]      13 of   563 ms (  2.2%): Executor task launch worker for task 7.0 in stage 1874.0 (TID 3584)
[2026-04-03T02:18:16.107+0600][58.008s][info][gc,stats    ]      11 of   563 ms (  2.0%): Executor task launch worker for task 6.0 in stage 1874.0 (TID 3583)
[2026-04-03T02:18:16.107+0600][58.008s][info][gc,stats    ]      12 of   563 ms (  2.2%): Executor task launch worker for task 3.0 in stage 1874.0 (TID 3580)
[2026-04-03T02:18:16.107+0600][58.008s][info][gc,stats    ]      96 of   563 ms ( 17.0%): <total>
[2026-04-03T02:18:16.107+0600][58.008s][info][gc,stats    ]       0 of   563 ms (  0.1%): <average total>
[2026-04-03T02:18:16.107+0600][58.008s][info][gc,stats    ]      12 of   563 ms (  2.1%): <average non-zero>
[2026-04-03T02:18:16.107+0600][58.008s][info][gc,stats    ] 
[2026-04-03T02:18:16.107+0600][58.008s][info][gc,metaspace] Metaspace: 131272K(132800K)->131272K(132800K) NonClass: 114767K(115584K)->114767K(115584K) Class: 16505K(17216K)->16505K(17216K)
[2026-04-03T02:18:16.107+0600][58.008s][info][gc,ergo     ] Pacer for Idle. Initial: 15360K, Alloc Tax Rate: 1.0x
[2026-04-03T02:18:16.394+0600][58.295s][info][gc          ] Trigger: Average GC time (156.24 ms) is above the time for average allocation rate (1014 MB/s) to deplete free headroom (156M) (margin of error = 1.82)
[2026-04-03T02:18:16.394+0600][58.295s][info][gc,ergo     ] Free headroom: 194M (free) - 38400K (spike) - 0B (penalties) = 156M
[2026-04-03T02:18:16.394+0600][58.295s][info][gc,ergo     ] Free: 194M, Max: 256K regular, 93440K humongous, Frag: 53% external, 1% internal; Reserve: 38400K, Max: 256K
[2026-04-03T02:18:16.394+0600][58.295s][info][gc,start    ] GC(86) Concurrent reset
[2026-04-03T02:18:16.394+0600][58.295s][info][gc,task     ] GC(86) Using 3 of 6 workers for concurrent reset
[2026-04-03T02:18:16.394+0600][58.295s][info][gc,ergo     ] GC(86) Pacer for Reset. Non-Taxable: 750M
[2026-04-03T02:18:16.395+0600][58.297s][info][gc          ] GC(86) Concurrent reset 1.414ms
[2026-04-03T02:18:16.396+0600][58.297s][info][gc,start    ] GC(86) Pause Init Mark (unload classes)
[2026-04-03T02:18:16.396+0600][58.297s][info][gc,task     ] GC(86) Using 6 of 6 workers for init marking
[2026-04-03T02:18:16.396+0600][58.297s][info][gc,ergo     ] GC(86) Pacer for Mark. Expected Live: 91960K, Free: 191M, Non-Taxable: 19571K, Alloc Tax Rate: 0.6x
[2026-04-03T02:18:16.396+0600][58.297s][info][gc          ] GC(86) Pause Init Mark (unload classes) 0.169ms
[2026-04-03T02:18:16.396+0600][58.297s][info][gc,start    ] GC(86) Concurrent marking roots
[2026-04-03T02:18:16.396+0600][58.297s][info][gc,task     ] GC(86) Using 3 of 6 workers for concurrent marking roots
[2026-04-03T02:18:16.397+0600][58.298s][info][gc          ] GC(86) Concurrent marking roots 1.416ms
[2026-04-03T02:18:16.397+0600][58.298s][info][gc,start    ] GC(86) Concurrent marking (unload classes)
[2026-04-03T02:18:16.397+0600][58.298s][info][gc,task     ] GC(86) Using 3 of 6 workers for concurrent marking
[2026-04-03T02:18:16.456+0600][58.357s][info][gc          ] GC(86) Concurrent marking (unload classes) 58.191ms
[2026-04-03T02:18:16.456+0600][58.357s][info][gc,start    ] GC(86) Pause Final Mark (unload classes)
[2026-04-03T02:18:16.456+0600][58.357s][info][gc,task     ] GC(86) Using 6 of 6 workers for final marking
[2026-04-03T02:18:16.456+0600][58.357s][info][gc,ergo     ] GC(86) Adaptive CSet Selection. Target Free: 106M, Actual Free: 540M, Max CSet: 32000K, Min Garbage: 0B
[2026-04-03T02:18:16.456+0600][58.357s][info][gc,ergo     ] GC(86) Collectable Garbage: 397M (97%), Immediate: 343M (84%), CSet: 56010K (13%)
[2026-04-03T02:18:16.456+0600][58.358s][info][gc,ergo     ] GC(86) Pacer for Evacuation. Used CSet: 59040K, Free: 527M, Non-Taxable: 53975K, Alloc Tax Rate: 1.1x
[2026-04-03T02:18:16.456+0600][58.358s][info][gc          ] GC(86) Pause Final Mark (unload classes) 0.813ms
[2026-04-03T02:18:16.457+0600][58.358s][info][gc,start    ] GC(86) Concurrent thread roots
[2026-04-03T02:18:16.457+0600][58.358s][info][gc,task     ] GC(86) Using 3 of 6 workers for Concurrent thread roots
[2026-04-03T02:18:16.458+0600][58.359s][info][gc          ] GC(86) Concurrent thread roots 0.918ms
[2026-04-03T02:18:16.458+0600][58.359s][info][gc,start    ] GC(86) Concurrent weak references
[2026-04-03T02:18:16.458+0600][58.359s][info][gc,task     ] GC(86) Using 3 of 6 workers for concurrent weak references
[2026-04-03T02:18:16.459+0600][58.360s][info][gc,ref      ] GC(86) Encountered references: Soft: 3786, Weak: 15739, Final: 84, Phantom: 621
[2026-04-03T02:18:16.459+0600][58.360s][info][gc,ref      ] GC(86) Discovered  references: Soft: 0, Weak: 8525, Final: 53, Phantom: 296
[2026-04-03T02:18:16.459+0600][58.360s][info][gc,ref      ] GC(86) Enqueued    references: Soft: 0, Weak: 18, Final: 0, Phantom: 0
[2026-04-03T02:18:16.459+0600][58.360s][info][gc          ] GC(86) Concurrent weak references 1.018ms
[2026-04-03T02:18:16.459+0600][58.360s][info][gc,start    ] GC(86) Concurrent weak roots
[2026-04-03T02:18:16.459+0600][58.360s][info][gc,task     ] GC(86) Using 3 of 6 workers for concurrent weak root
[2026-04-03T02:18:16.464+0600][58.365s][info][gc          ] GC(86) Concurrent weak roots 5.507ms
[2026-04-03T02:18:16.464+0600][58.365s][info][gc,start    ] GC(86) Concurrent cleanup
[2026-04-03T02:18:16.465+0600][58.366s][info][gc          ] GC(86) Concurrent cleanup 535M->192M(654M) 0.835ms
[2026-04-03T02:18:16.465+0600][58.366s][info][gc,ergo     ] GC(86) Free: 515M, Max: 256K regular, 91648K humongous, Frag: 83% external, 0% internal; Reserve: 37967K, Max: 256K
[2026-04-03T02:18:16.465+0600][58.366s][info][gc,start    ] GC(86) Concurrent class unloading
[2026-04-03T02:18:16.465+0600][58.366s][info][gc,task     ] GC(86) Using 3 of 6 workers for concurrent class unloading
[2026-04-03T02:18:16.482+0600][58.383s][info][gc          ] GC(86) Concurrent class unloading 16.415ms
[2026-04-03T02:18:16.482+0600][58.383s][info][gc,start    ] GC(86) Concurrent strong roots
[2026-04-03T02:18:16.482+0600][58.383s][info][gc,task     ] GC(86) Using 3 of 6 workers for concurrent strong root
[2026-04-03T02:18:16.483+0600][58.384s][info][gc          ] GC(86) Concurrent strong roots 1.198ms
[2026-04-03T02:18:16.483+0600][58.384s][info][gc,start    ] GC(86) Concurrent evacuation
[2026-04-03T02:18:16.483+0600][58.384s][info][gc,task     ] GC(86) Using 3 of 6 workers for concurrent evacuation
[2026-04-03T02:18:16.484+0600][58.385s][info][gc          ] GC(86) Concurrent evacuation 1.448ms
[2026-04-03T02:18:16.485+0600][58.386s][info][gc,start    ] GC(86) Pause Init Update Refs
[2026-04-03T02:18:16.485+0600][58.386s][info][gc,ergo     ] GC(86) Pacer for Update Refs. Used: 201M, Free: 509M, Non-Taxable: 52149K, Alloc Tax Rate: 1.1x
[2026-04-03T02:18:16.485+0600][58.386s][info][gc          ] GC(86) Pause Init Update Refs 0.164ms
[2026-04-03T02:18:16.485+0600][58.386s][info][gc,start    ] GC(86) Concurrent update references
[2026-04-03T02:18:16.485+0600][58.386s][info][gc,task     ] GC(86) Using 3 of 6 workers for concurrent reference update
[2026-04-03T02:18:16.532+0600][58.433s][info][gc          ] GC(86) Concurrent update references 46.717ms
[2026-04-03T02:18:16.532+0600][58.433s][info][gc,start    ] GC(86) Concurrent update thread roots
[2026-04-03T02:18:16.533+0600][58.434s][info][gc          ] GC(86) Concurrent update thread roots 1.323ms
[2026-04-03T02:18:16.533+0600][58.435s][info][gc,start    ] GC(86) Pause Final Update Refs
[2026-04-03T02:18:16.533+0600][58.435s][info][gc,task     ] GC(86) Using 6 of 6 workers for final reference update
[2026-04-03T02:18:16.534+0600][58.435s][info][gc          ] GC(86) Pause Final Update Refs 0.213ms
[2026-04-03T02:18:16.534+0600][58.435s][info][gc,start    ] GC(86) Concurrent cleanup
[2026-04-03T02:18:16.534+0600][58.435s][info][gc          ] GC(86) Concurrent cleanup 236M->179M(654M) 0.266ms
[2026-04-03T02:18:16.534+0600][58.435s][info][gc,ergo     ] Free: 526M, Max: 256K regular, 189M humongous, Frag: 64% external, 0% internal; Reserve: 38400K, Max: 256K
[2026-04-03T02:18:16.534+0600][58.435s][info][gc,stats    ] 
[2026-04-03T02:18:16.534+0600][58.435s][info][gc,stats    ] All times are wall-clock times, except per-root-class counters, that are sum over
[2026-04-03T02:18:16.534+0600][58.435s][info][gc,stats    ] all workers. Dividing the <total> over the root stage time estimates parallelism.
[2026-04-03T02:18:16.534+0600][58.435s][info][gc,stats    ] 
[2026-04-03T02:18:16.534+0600][58.435s][info][gc,stats    ] Concurrent Reset                   1485 us
[2026-04-03T02:18:16.534+0600][58.435s][info][gc,stats    ] Pause Init Mark (G)                 379 us
[2026-04-03T02:18:16.534+0600][58.435s][info][gc,stats    ] Pause Init Mark (N)                 178 us
[2026-04-03T02:18:16.534+0600][58.435s][info][gc,stats    ]   Update Region States               31 us
[2026-04-03T02:18:16.534+0600][58.435s][info][gc,stats    ] Concurrent Mark Roots              1438 us, parallelism: 2.06x
[2026-04-03T02:18:16.534+0600][58.435s][info][gc,stats    ]   CMR: <total>                     2963 us
[2026-04-03T02:18:16.534+0600][58.435s][info][gc,stats    ]   CMR: Thread Roots                2439 us, workers (us): 508, 970, 961, ---, ---, ---, 
[2026-04-03T02:18:16.534+0600][58.435s][info][gc,stats    ]   CMR: VM Strong Roots               66 us, workers (us):  30,  22,  13, ---, ---, ---, 
[2026-04-03T02:18:16.534+0600][58.435s][info][gc,stats    ]   CMR: CLDG Roots                   458 us, workers (us): 458, ---, ---, ---, ---, ---, 
[2026-04-03T02:18:16.534+0600][58.435s][info][gc,stats    ] Concurrent Marking                58268 us
[2026-04-03T02:18:16.534+0600][58.435s][info][gc,stats    ] Pause Final Mark (G)               1018 us
[2026-04-03T02:18:16.534+0600][58.435s][info][gc,stats    ] Pause Final Mark (N)                825 us
[2026-04-03T02:18:16.534+0600][58.435s][info][gc,stats    ]   Finish Mark                       304 us
[2026-04-03T02:18:16.534+0600][58.435s][info][gc,stats    ]   Update Region States               55 us
[2026-04-03T02:18:16.534+0600][58.435s][info][gc,stats    ]   Choose Collection Set             268 us
[2026-04-03T02:18:16.534+0600][58.435s][info][gc,stats    ]   Rebuild Free Set                   49 us
[2026-04-03T02:18:16.534+0600][58.435s][info][gc,stats    ] Concurrent Thread Roots             941 us, parallelism: 2.37x
[2026-04-03T02:18:16.534+0600][58.435s][info][gc,stats    ]   CTR: <total>                     2232 us
[2026-04-03T02:18:16.534+0600][58.436s][info][gc,stats    ]   CTR: Thread Roots                2232 us, workers (us): 771, 766, 694, ---, ---, ---, 
[2026-04-03T02:18:16.534+0600][58.436s][info][gc,stats    ] Concurrent Weak References         1033 us, parallelism: 1.12x
[2026-04-03T02:18:16.534+0600][58.436s][info][gc,stats    ]   CWRF: <total>                    1157 us
[2026-04-03T02:18:16.534+0600][58.436s][info][gc,stats    ]   CWRF: Weak References            1157 us, workers (us): 235, 159, 763, ---, ---, ---, 
[2026-04-03T02:18:16.534+0600][58.436s][info][gc,stats    ] Concurrent Weak Roots              5582 us
[2026-04-03T02:18:16.534+0600][58.436s][info][gc,stats    ]   Roots                            5047 us, parallelism: 2.60x
[2026-04-03T02:18:16.534+0600][58.436s][info][gc,stats    ]     CWR: <total>                  13140 us
[2026-04-03T02:18:16.535+0600][58.436s][info][gc,stats    ]     CWR: Code Cache Roots          9922 us, workers (us): 3127, 3342, 3453, ---, ---, ---, 
[2026-04-03T02:18:16.535+0600][58.436s][info][gc,stats    ]     CWR: VM Weak Roots             2991 us, workers (us): 1256, 1248, 487, ---, ---, ---, 
[2026-04-03T02:18:16.535+0600][58.436s][info][gc,stats    ]     CWR: CLDG Roots                 227 us, workers (us): 227, ---, ---, ---, ---, ---, 
[2026-04-03T02:18:16.535+0600][58.436s][info][gc,stats    ]   Rendezvous                        427 us
[2026-04-03T02:18:16.535+0600][58.436s][info][gc,stats    ] Concurrent Cleanup                  857 us
[2026-04-03T02:18:16.535+0600][58.436s][info][gc,stats    ] Concurrent Class Unloading        16523 us
[2026-04-03T02:18:16.535+0600][58.436s][info][gc,stats    ]   Unlink Stale                    14846 us
[2026-04-03T02:18:16.535+0600][58.436s][info][gc,stats    ]     System Dictionary               271 us
[2026-04-03T02:18:16.535+0600][58.436s][info][gc,stats    ]     Weak Class Links                  0 us
[2026-04-03T02:18:16.535+0600][58.436s][info][gc,stats    ]     Code Roots                    14571 us
[2026-04-03T02:18:16.535+0600][58.436s][info][gc,stats    ]   Rendezvous                        500 us
[2026-04-03T02:18:16.535+0600][58.436s][info][gc,stats    ]   Purge Unlinked                   1037 us
[2026-04-03T02:18:16.535+0600][58.436s][info][gc,stats    ]     Code Roots                     1020 us
[2026-04-03T02:18:16.535+0600][58.436s][info][gc,stats    ]     CLDG                             17 us
[2026-04-03T02:18:16.535+0600][58.436s][info][gc,stats    ]     Exception Caches                  0 us
[2026-04-03T02:18:16.535+0600][58.436s][info][gc,stats    ] Concurrent Strong Roots            1253 us, parallelism: 0.57x
[2026-04-03T02:18:16.535+0600][58.436s][info][gc,stats    ]   CSR: <total>                      712 us
[2026-04-03T02:18:16.535+0600][58.436s][info][gc,stats    ]   CSR: VM Strong Roots               49 us, workers (us):  28,  21,   0, ---, ---, ---, 
[2026-04-03T02:18:16.535+0600][58.436s][info][gc,stats    ]   CSR: CLDG Roots                   663 us, workers (us): 663, ---, ---, ---, ---, ---, 
[2026-04-03T02:18:16.535+0600][58.436s][info][gc,stats    ] Concurrent Evacuation              1544 us
[2026-04-03T02:18:16.535+0600][58.436s][info][gc,stats    ] Pause Init Update Refs (G)          472 us
[2026-04-03T02:18:16.535+0600][58.436s][info][gc,stats    ] Pause Init Update Refs (N)          176 us
[2026-04-03T02:18:16.535+0600][58.436s][info][gc,stats    ]   Manage GCLABs                      50 us
[2026-04-03T02:18:16.535+0600][58.436s][info][gc,stats    ] Concurrent Update Refs            46842 us
[2026-04-03T02:18:16.535+0600][58.436s][info][gc,stats    ] Concurrent Update Thread Roots     1370 us
[2026-04-03T02:18:16.535+0600][58.436s][info][gc,stats    ] Pause Final Update Refs (G)         606 us
[2026-04-03T02:18:16.535+0600][58.436s][info][gc,stats    ] Pause Final Update Refs (N)         230 us
[2026-04-03T02:18:16.535+0600][58.436s][info][gc,stats    ]   Update Region States               56 us
[2026-04-03T02:18:16.535+0600][58.436s][info][gc,stats    ]   Trash Collection Set               15 us
[2026-04-03T02:18:16.535+0600][58.436s][info][gc,stats    ]   Rebuild Free Set                   47 us
[2026-04-03T02:18:16.535+0600][58.436s][info][gc,stats    ] Concurrent Cleanup                  295 us
[2026-04-03T02:18:16.535+0600][58.436s][info][gc,stats    ] Pacing                            80333 us
[2026-04-03T02:18:16.535+0600][58.436s][info][gc,stats    ] 
[2026-04-03T02:18:16.535+0600][58.436s][info][gc,stats    ] Allocation pacing accrued:
[2026-04-03T02:18:16.535+0600][58.436s][info][gc,stats    ]      10 of   428 ms (  2.4%): Executor task launch worker for task 5.0 in stage 1883.0 (TID 3654)
[2026-04-03T02:18:16.535+0600][58.436s][info][gc,stats    ]      10 of   428 ms (  2.4%): Executor task launch worker for task 3.0 in stage 1883.0 (TID 3652)
[2026-04-03T02:18:16.535+0600][58.436s][info][gc,stats    ]      10 of   428 ms (  2.4%): Executor task launch worker for task 2.0 in stage 1883.0 (TID 3651)
[2026-04-03T02:18:16.535+0600][58.436s][info][gc,stats    ]      10 of   428 ms (  2.2%): Executor task launch worker for task 0.0 in stage 1883.0 (TID 3649)
[2026-04-03T02:18:16.535+0600][58.436s][info][gc,stats    ]      10 of   428 ms (  2.4%): Executor task launch worker for task 1.0 in stage 1883.0 (TID 3650)
[2026-04-03T02:18:16.535+0600][58.436s][info][gc,stats    ]      10 of   428 ms (  2.4%): Executor task launch worker for task 6.0 in stage 1883.0 (TID 3655)
[2026-04-03T02:18:16.535+0600][58.436s][info][gc,stats    ]      10 of   428 ms (  2.4%): Executor task launch worker for task 4.0 in stage 1883.0 (TID 3653)
[2026-04-03T02:18:16.535+0600][58.436s][info][gc,stats    ]      10 of   428 ms (  2.4%): task-result-getter-3
[2026-04-03T02:18:16.535+0600][58.436s][info][gc,stats    ]      80 of   428 ms ( 18.8%): <total>
[2026-04-03T02:18:16.535+0600][58.436s][info][gc,stats    ]       0 of   428 ms (  0.1%): <average total>
[2026-04-03T02:18:16.535+0600][58.436s][info][gc,stats    ]      10 of   428 ms (  2.3%): <average non-zero>
[2026-04-03T02:18:16.535+0600][58.436s][info][gc,stats    ] 
[2026-04-03T02:18:16.535+0600][58.436s][info][gc,metaspace] Metaspace: 131274K(132800K)->131298K(132800K) NonClass: 114768K(115584K)->114786K(115584K) Class: 16506K(17216K)->16512K(17216K)
[2026-04-03T02:18:16.535+0600][58.436s][info][gc,ergo     ] Pacer for Idle. Initial: 15360K, Alloc Tax Rate: 1.0x
[2026-04-03T02:18:16.891+0600][58.792s][info][gc          ] Trigger: Average GC time (151.50 ms) is above the time for average allocation rate (940 MB/s) to deplete free headroom (140M) (margin of error = 1.82)
[2026-04-03T02:18:16.891+0600][58.792s][info][gc,ergo     ] Free headroom: 178M (free) - 38400K (spike) - 0B (penalties) = 140M
[2026-04-03T02:18:16.891+0600][58.792s][info][gc,ergo     ] Free: 178M, Max: 256K regular, 91648K humongous, Frag: 50% external, 0% internal; Reserve: 38400K, Max: 256K
[2026-04-03T02:18:16.891+0600][58.792s][info][gc,start    ] GC(87) Concurrent reset
[2026-04-03T02:18:16.891+0600][58.792s][info][gc,task     ] GC(87) Using 3 of 6 workers for concurrent reset
[2026-04-03T02:18:16.891+0600][58.792s][info][gc,ergo     ] GC(87) Pacer for Reset. Non-Taxable: 750M
[2026-04-03T02:18:16.892+0600][58.793s][info][gc          ] GC(87) Concurrent reset 0.982ms
[2026-04-03T02:18:16.892+0600][58.793s][info][gc,start    ] GC(87) Pause Init Mark (unload classes)
[2026-04-03T02:18:16.892+0600][58.793s][info][gc,task     ] GC(87) Using 6 of 6 workers for init marking
[2026-04-03T02:18:16.892+0600][58.793s][info][gc,ergo     ] GC(87) Pacer for Mark. Expected Live: 91053K, Free: 177M, Non-Taxable: 18142K, Alloc Tax Rate: 0.6x
[2026-04-03T02:18:16.892+0600][58.793s][info][gc          ] GC(87) Pause Init Mark (unload classes) 0.123ms
[2026-04-03T02:18:16.893+0600][58.794s][info][gc,start    ] GC(87) Concurrent marking roots
[2026-04-03T02:18:16.893+0600][58.794s][info][gc,task     ] GC(87) Using 3 of 6 workers for concurrent marking roots
[2026-04-03T02:18:16.894+0600][58.795s][info][gc          ] GC(87) Concurrent marking roots 1.665ms
[2026-04-03T02:18:16.894+0600][58.795s][info][gc,start    ] GC(87) Concurrent marking (unload classes)
[2026-04-03T02:18:16.894+0600][58.795s][info][gc,task     ] GC(87) Using 3 of 6 workers for concurrent marking
[2026-04-03T02:18:16.950+0600][58.851s][info][gc          ] GC(87) Concurrent marking (unload classes) 55.473ms
[2026-04-03T02:18:16.950+0600][58.851s][info][gc,start    ] GC(87) Pause Final Mark (unload classes)
[2026-04-03T02:18:16.950+0600][58.851s][info][gc,task     ] GC(87) Using 6 of 6 workers for final marking
[2026-04-03T02:18:16.950+0600][58.852s][info][gc,ergo     ] GC(87) Adaptive CSet Selection. Target Free: 106M, Actual Free: 463M, Max CSet: 32000K, Min Garbage: 0B
[2026-04-03T02:18:16.951+0600][58.852s][info][gc,ergo     ] GC(87) Collectable Garbage: 411M (98%), Immediate: 280M (66%), CSet: 130M (31%)
[2026-04-03T02:18:16.951+0600][58.852s][info][gc,ergo     ] GC(87) Pacer for Evacuation. Used CSet: 136M, Free: 448M, Non-Taxable: 45932K, Alloc Tax Rate: 1.1x
[2026-04-03T02:18:16.951+0600][58.852s][info][gc          ] GC(87) Pause Final Mark (unload classes) 0.805ms
[2026-04-03T02:18:16.951+0600][58.852s][info][gc,start    ] GC(87) Concurrent thread roots
[2026-04-03T02:18:16.951+0600][58.852s][info][gc,task     ] GC(87) Using 3 of 6 workers for Concurrent thread roots
[2026-04-03T02:18:16.952+0600][58.853s][info][gc          ] GC(87) Concurrent thread roots 1.042ms
[2026-04-03T02:18:16.952+0600][58.853s][info][gc,start    ] GC(87) Concurrent weak references
[2026-04-03T02:18:16.952+0600][58.853s][info][gc,task     ] GC(87) Using 3 of 6 workers for concurrent weak references
[2026-04-03T02:18:16.953+0600][58.854s][info][gc,ref      ] GC(87) Encountered references: Soft: 3792, Weak: 16622, Final: 84, Phantom: 622
[2026-04-03T02:18:16.953+0600][58.854s][info][gc,ref      ] GC(87) Discovered  references: Soft: 0, Weak: 10049, Final: 84, Phantom: 592
[2026-04-03T02:18:16.953+0600][58.854s][info][gc,ref      ] GC(87) Enqueued    references: Soft: 0, Weak: 1732, Final: 0, Phantom: 0
[2026-04-03T02:18:16.953+0600][58.854s][info][gc          ] GC(87) Concurrent weak references 1.109ms
[2026-04-03T02:18:16.953+0600][58.854s][info][gc,start    ] GC(87) Concurrent weak roots
[2026-04-03T02:18:16.953+0600][58.854s][info][gc,task     ] GC(87) Using 3 of 6 workers for concurrent weak root
[2026-04-03T02:18:16.958+0600][58.859s][info][gc          ] GC(87) Concurrent weak roots 4.742ms
[2026-04-03T02:18:16.958+0600][58.859s][info][gc,start    ] GC(87) Concurrent cleanup
[2026-04-03T02:18:16.959+0600][58.860s][info][gc          ] GC(87) Concurrent cleanup 548M->268M(654M) 0.862ms
[2026-04-03T02:18:16.959+0600][58.860s][info][gc,ergo     ] GC(87) Free: 442M, Max: 256K regular, 82688K humongous, Frag: 82% external, 0% internal; Reserve: 37588K, Max: 256K
[2026-04-03T02:18:16.959+0600][58.860s][info][gc,start    ] GC(87) Concurrent class unloading
[2026-04-03T02:18:16.959+0600][58.860s][info][gc,task     ] GC(87) Using 3 of 6 workers for concurrent class unloading
[2026-04-03T02:18:16.979+0600][58.880s][info][gc          ] GC(87) Concurrent class unloading 20.396ms
[2026-04-03T02:18:16.979+0600][58.880s][info][gc,start    ] GC(87) Concurrent strong roots
[2026-04-03T02:18:16.979+0600][58.881s][info][gc,task     ] GC(87) Using 3 of 6 workers for concurrent strong root
[2026-04-03T02:18:16.981+0600][58.882s][info][gc          ] GC(87) Concurrent strong roots 1.258ms
[2026-04-03T02:18:16.981+0600][58.882s][info][gc,start    ] GC(87) Concurrent evacuation
[2026-04-03T02:18:16.981+0600][58.882s][info][gc,task     ] GC(87) Using 3 of 6 workers for concurrent evacuation
[2026-04-03T02:18:16.984+0600][58.885s][info][gc          ] GC(87) Concurrent evacuation 3.352ms
[2026-04-03T02:18:16.984+0600][58.885s][info][gc,start    ] GC(87) Pause Init Update Refs
[2026-04-03T02:18:16.984+0600][58.886s][info][gc,ergo     ] GC(87) Pacer for Update Refs. Used: 299M, Free: 416M, Non-Taxable: 42630K, Alloc Tax Rate: 1.1x
[2026-04-03T02:18:16.984+0600][58.886s][info][gc          ] GC(87) Pause Init Update Refs 0.149ms
[2026-04-03T02:18:16.985+0600][58.886s][info][gc,start    ] GC(87) Concurrent update references
[2026-04-03T02:18:16.985+0600][58.886s][info][gc,task     ] GC(87) Using 3 of 6 workers for concurrent reference update
[2026-04-03T02:18:17.039+0600][58.940s][info][gc          ] GC(87) Concurrent update references 54.507ms
[2026-04-03T02:18:17.039+0600][58.940s][info][gc,start    ] GC(87) Concurrent update thread roots
[2026-04-03T02:18:17.041+0600][58.942s][info][gc          ] GC(87) Concurrent update thread roots 1.709ms
[2026-04-03T02:18:17.041+0600][58.942s][info][gc,start    ] GC(87) Pause Final Update Refs
[2026-04-03T02:18:17.041+0600][58.942s][info][gc,task     ] GC(87) Using 6 of 6 workers for final reference update
[2026-04-03T02:18:17.041+0600][58.942s][info][gc          ] GC(87) Pause Final Update Refs 0.218ms
[2026-04-03T02:18:17.041+0600][58.943s][info][gc,start    ] GC(87) Concurrent cleanup
[2026-04-03T02:18:17.042+0600][58.943s][info][gc          ] GC(87) Concurrent cleanup 343M->207M(654M) 0.709ms
[2026-04-03T02:18:17.042+0600][58.943s][info][gc,ergo     ] Free: 500M, Max: 256K regular, 248M humongous, Frag: 51% external, 0% internal; Reserve: 38400K, Max: 256K
[2026-04-03T02:18:17.042+0600][58.943s][info][gc,stats    ] 
[2026-04-03T02:18:17.042+0600][58.943s][info][gc,stats    ] All times are wall-clock times, except per-root-class counters, that are sum over
[2026-04-03T02:18:17.042+0600][58.943s][info][gc,stats    ] all workers. Dividing the <total> over the root stage time estimates parallelism.
[2026-04-03T02:18:17.042+0600][58.943s][info][gc,stats    ] 
[2026-04-03T02:18:17.042+0600][58.943s][info][gc,stats    ] Concurrent Reset                   1071 us
[2026-04-03T02:18:17.042+0600][58.943s][info][gc,stats    ] Pause Init Mark (G)                 489 us
[2026-04-03T02:18:17.042+0600][58.943s][info][gc,stats    ] Pause Init Mark (N)                 132 us
[2026-04-03T02:18:17.042+0600][58.944s][info][gc,stats    ]   Update Region States               29 us
[2026-04-03T02:18:17.042+0600][58.944s][info][gc,stats    ] Concurrent Mark Roots              1706 us, parallelism: 2.00x
[2026-04-03T02:18:17.042+0600][58.944s][info][gc,stats    ]   CMR: <total>                     3415 us
[2026-04-03T02:18:17.042+0600][58.944s][info][gc,stats    ]   CMR: Thread Roots                2919 us, workers (us): 1133, 1115, 671, ---, ---, ---, 
[2026-04-03T02:18:17.042+0600][58.944s][info][gc,stats    ]   CMR: VM Strong Roots               59 us, workers (us):  31,  27,   1, ---, ---, ---, 
[2026-04-03T02:18:17.042+0600][58.944s][info][gc,stats    ]   CMR: CLDG Roots                   438 us, workers (us): ---, ---, 438, ---, ---, ---, 
[2026-04-03T02:18:17.042+0600][58.944s][info][gc,stats    ] Concurrent Marking                55535 us
[2026-04-03T02:18:17.043+0600][58.944s][info][gc,stats    ] Pause Final Mark (G)               1131 us
[2026-04-03T02:18:17.043+0600][58.944s][info][gc,stats    ] Pause Final Mark (N)                817 us
[2026-04-03T02:18:17.043+0600][58.944s][info][gc,stats    ]   Finish Mark                       312 us
[2026-04-03T02:18:17.043+0600][58.944s][info][gc,stats    ]   Update Region States               39 us
[2026-04-03T02:18:17.043+0600][58.944s][info][gc,stats    ]   Choose Collection Set             278 us
[2026-04-03T02:18:17.043+0600][58.944s][info][gc,stats    ]   Rebuild Free Set                   36 us
[2026-04-03T02:18:17.043+0600][58.944s][info][gc,stats    ] Concurrent Thread Roots            1082 us, parallelism: 2.15x
[2026-04-03T02:18:17.043+0600][58.944s][info][gc,stats    ]   CTR: <total>                     2324 us
[2026-04-03T02:18:17.043+0600][58.944s][info][gc,stats    ]   CTR: Thread Roots                2324 us, workers (us): 769, 778, 777, ---, ---, ---, 
[2026-04-03T02:18:17.043+0600][58.944s][info][gc,stats    ] Concurrent Weak References         1117 us, parallelism: 0.98x
[2026-04-03T02:18:17.043+0600][58.944s][info][gc,stats    ]   CWRF: <total>                    1091 us
[2026-04-03T02:18:17.043+0600][58.944s][info][gc,stats    ]   CWRF: Weak References            1091 us, workers (us): 275, 814,   2, ---, ---, ---, 
[2026-04-03T02:18:17.043+0600][58.944s][info][gc,stats    ] Concurrent Weak Roots              4839 us
[2026-04-03T02:18:17.043+0600][58.944s][info][gc,stats    ]   Roots                            4368 us, parallelism: 2.72x
[2026-04-03T02:18:17.043+0600][58.944s][info][gc,stats    ]     CWR: <total>                  11886 us
[2026-04-03T02:18:17.043+0600][58.944s][info][gc,stats    ]     CWR: Code Cache Roots          9579 us, workers (us): 3201, 3121, 3258, ---, ---, ---, 
[2026-04-03T02:18:17.043+0600][58.944s][info][gc,stats    ]     CWR: VM Weak Roots             2113 us, workers (us): 725, 702, 686, ---, ---, ---, 
[2026-04-03T02:18:17.043+0600][58.944s][info][gc,stats    ]     CWR: CLDG Roots                 195 us, workers (us): ---, 195, ---, ---, ---, ---, 
[2026-04-03T02:18:17.043+0600][58.944s][info][gc,stats    ]   Rendezvous                        351 us
[2026-04-03T02:18:17.043+0600][58.944s][info][gc,stats    ] Concurrent Cleanup                  891 us
[2026-04-03T02:18:17.043+0600][58.944s][info][gc,stats    ] Concurrent Class Unloading        20487 us
[2026-04-03T02:18:17.043+0600][58.944s][info][gc,stats    ]   Unlink Stale                    18333 us
[2026-04-03T02:18:17.043+0600][58.944s][info][gc,stats    ]     System Dictionary               282 us
[2026-04-03T02:18:17.043+0600][58.944s][info][gc,stats    ]     Weak Class Links                  0 us
[2026-04-03T02:18:17.043+0600][58.944s][info][gc,stats    ]     Code Roots                    18047 us
[2026-04-03T02:18:17.043+0600][58.944s][info][gc,stats    ]   Rendezvous                        366 us
[2026-04-03T02:18:17.043+0600][58.944s][info][gc,stats    ]   Purge Unlinked                   1656 us
[2026-04-03T02:18:17.043+0600][58.944s][info][gc,stats    ]     Code Roots                     1642 us
[2026-04-03T02:18:17.043+0600][58.944s][info][gc,stats    ]     CLDG                             13 us
[2026-04-03T02:18:17.043+0600][58.944s][info][gc,stats    ]     Exception Caches                  0 us
[2026-04-03T02:18:17.043+0600][58.944s][info][gc,stats    ] Concurrent Strong Roots            1351 us, parallelism: 0.59x
[2026-04-03T02:18:17.043+0600][58.944s][info][gc,stats    ]   CSR: <total>                      803 us
[2026-04-03T02:18:17.043+0600][58.944s][info][gc,stats    ]   CSR: VM Strong Roots               59 us, workers (us):  30,  24,   5, ---, ---, ---, 
[2026-04-03T02:18:17.043+0600][58.944s][info][gc,stats    ]   CSR: CLDG Roots                   744 us, workers (us): ---, 744, ---, ---, ---, ---, 
[2026-04-03T02:18:17.043+0600][58.944s][info][gc,stats    ] Concurrent Evacuation              3399 us
[2026-04-03T02:18:17.043+0600][58.944s][info][gc,stats    ] Pause Init Update Refs (G)          353 us
[2026-04-03T02:18:17.043+0600][58.944s][info][gc,stats    ] Pause Init Update Refs (N)          162 us
[2026-04-03T02:18:17.043+0600][58.944s][info][gc,stats    ]   Manage GCLABs                      40 us
[2026-04-03T02:18:17.043+0600][58.944s][info][gc,stats    ] Concurrent Update Refs            54615 us
[2026-04-03T02:18:17.043+0600][58.944s][info][gc,stats    ] Concurrent Update Thread Roots     1742 us
[2026-04-03T02:18:17.043+0600][58.944s][info][gc,stats    ] Pause Final Update Refs (G)         605 us
[2026-04-03T02:18:17.043+0600][58.944s][info][gc,stats    ] Pause Final Update Refs (N)         240 us
[2026-04-03T02:18:17.043+0600][58.944s][info][gc,stats    ]   Update Region States               61 us
[2026-04-03T02:18:17.043+0600][58.944s][info][gc,stats    ]   Trash Collection Set               21 us
[2026-04-03T02:18:17.043+0600][58.944s][info][gc,stats    ]   Rebuild Free Set                   42 us
[2026-04-03T02:18:17.043+0600][58.944s][info][gc,stats    ] Concurrent Cleanup                  743 us
[2026-04-03T02:18:17.043+0600][58.944s][info][gc,stats    ] Pacing                           259972 us
[2026-04-03T02:18:17.043+0600][58.944s][info][gc,stats    ] 
[2026-04-03T02:18:17.043+0600][58.944s][info][gc,stats    ] Allocation pacing accrued:
[2026-04-03T02:18:17.043+0600][58.944s][info][gc,stats    ]      32 of   508 ms (  6.4%): Executor task launch worker for task 7.0 in stage 1989.0 (TID 3712)
[2026-04-03T02:18:17.043+0600][58.944s][info][gc,stats    ]      32 of   508 ms (  6.4%): Executor task launch worker for task 2.0 in stage 1989.0 (TID 3707)
[2026-04-03T02:18:17.043+0600][58.944s][info][gc,stats    ]      33 of   508 ms (  6.4%): Executor task launch worker for task 6.0 in stage 1989.0 (TID 3711)
[2026-04-03T02:18:17.043+0600][58.944s][info][gc,stats    ]      32 of   508 ms (  6.4%): Executor task launch worker for task 5.0 in stage 1989.0 (TID 3710)
[2026-04-03T02:18:17.043+0600][58.944s][info][gc,stats    ]      32 of   508 ms (  6.4%): Executor task launch worker for task 1.0 in stage 1989.0 (TID 3706)
[2026-04-03T02:18:17.043+0600][58.944s][info][gc,stats    ]      32 of   508 ms (  6.4%): Executor task launch worker for task 0.0 in stage 1989.0 (TID 3705)
[2026-04-03T02:18:17.043+0600][58.944s][info][gc,stats    ]      33 of   508 ms (  6.4%): Executor task launch worker for task 3.0 in stage 1989.0 (TID 3708)
[2026-04-03T02:18:17.043+0600][58.944s][info][gc,stats    ]      33 of   508 ms (  6.4%): Executor task launch worker for task 4.0 in stage 1989.0 (TID 3709)
[2026-04-03T02:18:17.043+0600][58.944s][info][gc,stats    ]     260 of   508 ms ( 51.2%): <total>
[2026-04-03T02:18:17.043+0600][58.944s][info][gc,stats    ]       1 of   508 ms (  0.2%): <average total>
[2026-04-03T02:18:17.043+0600][58.944s][info][gc,stats    ]      32 of   508 ms (  6.4%): <average non-zero>
[2026-04-03T02:18:17.043+0600][58.944s][info][gc,stats    ] 
[2026-04-03T02:18:17.043+0600][58.944s][info][gc,metaspace] Metaspace: 131307K(132800K)->131307K(132800K) NonClass: 114793K(115584K)->114793K(115584K) Class: 16514K(17216K)->16514K(17216K)
[2026-04-03T02:18:17.043+0600][58.944s][info][gc,ergo     ] Pacer for Idle. Initial: 15360K, Alloc Tax Rate: 1.0x
[2026-04-03T02:18:17.200+0600][59.101s][info][gc          ] Trigger: Average GC time (157.22 ms) is above the time for average allocation rate (927 MB/s) to deplete free headroom (136M) (margin of error = 1.82)
[2026-04-03T02:18:17.200+0600][59.101s][info][gc,ergo     ] Free headroom: 173M (free) - 38400K (spike) - 0B (penalties) = 136M
[2026-04-03T02:18:17.200+0600][59.101s][info][gc,ergo     ] Free: 173M, Max: 256K regular, 82688K humongous, Frag: 54% external, 0% internal; Reserve: 38400K, Max: 256K
[2026-04-03T02:18:17.200+0600][59.101s][info][gc,start    ] GC(88) Concurrent reset
[2026-04-03T02:18:17.200+0600][59.101s][info][gc,task     ] GC(88) Using 3 of 6 workers for concurrent reset
[2026-04-03T02:18:17.200+0600][59.101s][info][gc,ergo     ] GC(88) Pacer for Reset. Non-Taxable: 750M
[2026-04-03T02:18:17.201+0600][59.103s][info][gc          ] GC(88) Concurrent reset 1.618ms
[2026-04-03T02:18:17.202+0600][59.103s][info][gc,start    ] GC(88) Pause Init Mark (unload classes)
[2026-04-03T02:18:17.202+0600][59.103s][info][gc,task     ] GC(88) Using 6 of 6 workers for init marking
[2026-04-03T02:18:17.202+0600][59.103s][info][gc,ergo     ] GC(88) Pacer for Mark. Expected Live: 91804K, Free: 145M, Non-Taxable: 14937K, Alloc Tax Rate: 0.8x
[2026-04-03T02:18:17.202+0600][59.103s][info][gc          ] GC(88) Pause Init Mark (unload classes) 0.232ms
[2026-04-03T02:18:17.202+0600][59.103s][info][gc,start    ] GC(88) Concurrent marking roots
[2026-04-03T02:18:17.202+0600][59.104s][info][gc,task     ] GC(88) Using 3 of 6 workers for concurrent marking roots
[2026-04-03T02:18:17.204+0600][59.105s][info][gc          ] GC(88) Concurrent marking roots 1.721ms
[2026-04-03T02:18:17.204+0600][59.105s][info][gc,start    ] GC(88) Concurrent marking (unload classes)
[2026-04-03T02:18:17.204+0600][59.105s][info][gc,task     ] GC(88) Using 3 of 6 workers for concurrent marking
[2026-04-03T02:18:17.249+0600][59.150s][info][gc          ] GC(88) Concurrent marking (unload classes) 44.912ms
[2026-04-03T02:18:17.250+0600][59.151s][info][gc,start    ] GC(88) Pause Final Mark (unload classes)
[2026-04-03T02:18:17.250+0600][59.151s][info][gc,task     ] GC(88) Using 6 of 6 workers for final marking
[2026-04-03T02:18:17.250+0600][59.151s][info][gc,ergo     ] GC(88) Adaptive CSet Selection. Target Free: 106M, Actual Free: 508M, Max CSet: 32000K, Min Garbage: 0B
[2026-04-03T02:18:17.250+0600][59.151s][info][gc,ergo     ] GC(88) Collectable Garbage: 429M (98%), Immediate: 383M (87%), CSet: 46328K (10%)
[2026-04-03T02:18:17.250+0600][59.151s][info][gc,ergo     ] GC(88) Pacer for Evacuation. Used CSet: 53167K, Free: 493M, Non-Taxable: 50548K, Alloc Tax Rate: 1.1x
[2026-04-03T02:18:17.250+0600][59.151s][info][gc          ] GC(88) Pause Final Mark (unload classes) 0.637ms
[2026-04-03T02:18:17.250+0600][59.151s][info][gc,start    ] GC(88) Concurrent thread roots
[2026-04-03T02:18:17.250+0600][59.151s][info][gc,task     ] GC(88) Using 3 of 6 workers for Concurrent thread roots
[2026-04-03T02:18:17.251+0600][59.152s][info][gc          ] GC(88) Concurrent thread roots 0.979ms
[2026-04-03T02:18:17.251+0600][59.152s][info][gc,start    ] GC(88) Concurrent weak references
[2026-04-03T02:18:17.251+0600][59.152s][info][gc,task     ] GC(88) Using 3 of 6 workers for concurrent weak references
[2026-04-03T02:18:17.252+0600][59.153s][info][gc,ref      ] GC(88) Encountered references: Soft: 3788, Weak: 15291, Final: 84, Phantom: 643
[2026-04-03T02:18:17.252+0600][59.153s][info][gc,ref      ] GC(88) Discovered  references: Soft: 0, Weak: 4829, Final: 0, Phantom: 638
[2026-04-03T02:18:17.252+0600][59.153s][info][gc,ref      ] GC(88) Enqueued    references: Soft: 0, Weak: 591, Final: 0, Phantom: 0
[2026-04-03T02:18:17.252+0600][59.153s][info][gc          ] GC(88) Concurrent weak references 0.585ms
[2026-04-03T02:18:17.252+0600][59.153s][info][gc,start    ] GC(88) Concurrent weak roots
[2026-04-03T02:18:17.252+0600][59.153s][info][gc,task     ] GC(88) Using 3 of 6 workers for concurrent weak root
[2026-04-03T02:18:17.257+0600][59.158s][info][gc          ] GC(88) Concurrent weak roots 4.950ms
[2026-04-03T02:18:17.257+0600][59.158s][info][gc,start    ] GC(88) Concurrent cleanup
[2026-04-03T02:18:17.258+0600][59.159s][info][gc          ] GC(88) Concurrent cleanup 615M->235M(654M) 1.116ms
[2026-04-03T02:18:17.258+0600][59.159s][info][gc,ergo     ] GC(88) Free: 470M, Max: 256K regular, 48128K humongous, Frag: 91% external, 0% internal; Reserve: 36323K, Max: 256K
[2026-04-03T02:18:17.258+0600][59.159s][info][gc,start    ] GC(88) Concurrent class unloading
[2026-04-03T02:18:17.258+0600][59.159s][info][gc,task     ] GC(88) Using 3 of 6 workers for concurrent class unloading
[2026-04-03T02:18:17.276+0600][59.177s][info][gc          ] GC(88) Concurrent class unloading 18.189ms
[2026-04-03T02:18:17.276+0600][59.178s][info][gc,start    ] GC(88) Concurrent strong roots
[2026-04-03T02:18:17.276+0600][59.178s][info][gc,task     ] GC(88) Using 3 of 6 workers for concurrent strong root
[2026-04-03T02:18:17.278+0600][59.179s][info][gc          ] GC(88) Concurrent strong roots 1.437ms
[2026-04-03T02:18:17.278+0600][59.179s][info][gc,start    ] GC(88) Concurrent evacuation
[2026-04-03T02:18:17.278+0600][59.179s][info][gc,task     ] GC(88) Using 3 of 6 workers for concurrent evacuation
[2026-04-03T02:18:17.283+0600][59.184s][info][gc          ] GC(88) Concurrent evacuation 4.784ms
[2026-04-03T02:18:17.283+0600][59.184s][info][gc,start    ] GC(88) Pause Init Update Refs
[2026-04-03T02:18:17.283+0600][59.184s][info][gc,ergo     ] GC(88) Pacer for Update Refs. Used: 258M, Free: 453M, Non-Taxable: 46416K, Alloc Tax Rate: 1.1x
[2026-04-03T02:18:17.283+0600][59.184s][info][gc          ] GC(88) Pause Init Update Refs 0.139ms
[2026-04-03T02:18:17.283+0600][59.184s][info][gc,start    ] GC(88) Concurrent update references
[2026-04-03T02:18:17.283+0600][59.184s][info][gc,task     ] GC(88) Using 3 of 6 workers for concurrent reference update
[2026-04-03T02:18:17.327+0600][59.228s][info][gc          ] GC(88) Concurrent update references 43.761ms
[2026-04-03T02:18:17.327+0600][59.228s][info][gc,start    ] GC(88) Concurrent update thread roots
[2026-04-03T02:18:17.328+0600][59.230s][info][gc          ] GC(88) Concurrent update thread roots 1.381ms
[2026-04-03T02:18:17.329+0600][59.230s][info][gc,start    ] GC(88) Pause Final Update Refs
[2026-04-03T02:18:17.329+0600][59.230s][info][gc,task     ] GC(88) Using 6 of 6 workers for final reference update
[2026-04-03T02:18:17.329+0600][59.230s][info][gc          ] GC(88) Pause Final Update Refs 0.443ms
[2026-04-03T02:18:17.329+0600][59.230s][info][gc,start    ] GC(88) Concurrent cleanup
[2026-04-03T02:18:17.330+0600][59.231s][info][gc          ] GC(88) Concurrent cleanup 294M->242M(658M) 0.255ms
[2026-04-03T02:18:17.330+0600][59.231s][info][gc,ergo     ] Free: 459M, Max: 256K regular, 228M humongous, Frag: 51% external, 0% internal; Reserve: 38400K, Max: 256K
[2026-04-03T02:18:17.330+0600][59.231s][info][gc,stats    ] 
[2026-04-03T02:18:17.330+0600][59.231s][info][gc,stats    ] All times are wall-clock times, except per-root-class counters, that are sum over
[2026-04-03T02:18:17.330+0600][59.231s][info][gc,stats    ] all workers. Dividing the <total> over the root stage time estimates parallelism.
[2026-04-03T02:18:17.330+0600][59.231s][info][gc,stats    ] 
[2026-04-03T02:18:17.330+0600][59.231s][info][gc,stats    ] Concurrent Reset                   1708 us
[2026-04-03T02:18:17.330+0600][59.231s][info][gc,stats    ] Pause Init Mark (G)                 766 us
[2026-04-03T02:18:17.330+0600][59.231s][info][gc,stats    ] Pause Init Mark (N)                 244 us
[2026-04-03T02:18:17.330+0600][59.231s][info][gc,stats    ]   Update Region States               49 us
[2026-04-03T02:18:17.330+0600][59.231s][info][gc,stats    ] Concurrent Mark Roots              1769 us, parallelism: 2.00x
[2026-04-03T02:18:17.330+0600][59.231s][info][gc,stats    ]   CMR: <total>                     3532 us
[2026-04-03T02:18:17.330+0600][59.231s][info][gc,stats    ]   CMR: Thread Roots                3019 us, workers (us): 702, 1156, 1162, ---, ---, ---, 
[2026-04-03T02:18:17.330+0600][59.231s][info][gc,stats    ]   CMR: VM Strong Roots               55 us, workers (us):  20,  20,  15, ---, ---, ---, 
[2026-04-03T02:18:17.330+0600][59.231s][info][gc,stats    ]   CMR: CLDG Roots                   458 us, workers (us): 458, ---, ---, ---, ---, ---, 
[2026-04-03T02:18:17.330+0600][59.231s][info][gc,stats    ] Concurrent Marking                44978 us
[2026-04-03T02:18:17.330+0600][59.231s][info][gc,stats    ] Pause Final Mark (G)               1204 us
[2026-04-03T02:18:17.330+0600][59.231s][info][gc,stats    ] Pause Final Mark (N)                653 us
[2026-04-03T02:18:17.330+0600][59.231s][info][gc,stats    ]   Finish Mark                       237 us
[2026-04-03T02:18:17.330+0600][59.231s][info][gc,stats    ]   Update Region States               56 us
[2026-04-03T02:18:17.330+0600][59.231s][info][gc,stats    ]   Choose Collection Set             197 us
[2026-04-03T02:18:17.330+0600][59.231s][info][gc,stats    ]   Rebuild Free Set                   30 us
[2026-04-03T02:18:17.330+0600][59.231s][info][gc,stats    ] Concurrent Thread Roots            1031 us, parallelism: 2.13x
[2026-04-03T02:18:17.330+0600][59.231s][info][gc,stats    ]   CTR: <total>                     2192 us
[2026-04-03T02:18:17.330+0600][59.231s][info][gc,stats    ]   CTR: Thread Roots                2192 us, workers (us): 738, 732, 722, ---, ---, ---, 
[2026-04-03T02:18:17.330+0600][59.231s][info][gc,stats    ] Concurrent Weak References          596 us, parallelism: 1.22x
[2026-04-03T02:18:17.330+0600][59.231s][info][gc,stats    ]   CWRF: <total>                     724 us
[2026-04-03T02:18:17.330+0600][59.231s][info][gc,stats    ]   CWRF: Weak References             724 us, workers (us): 280, 103, 341, ---, ---, ---, 
[2026-04-03T02:18:17.330+0600][59.231s][info][gc,stats    ] Concurrent Weak Roots              5024 us
[2026-04-03T02:18:17.330+0600][59.231s][info][gc,stats    ]   Roots                            4481 us, parallelism: 2.77x
[2026-04-03T02:18:17.330+0600][59.231s][info][gc,stats    ]     CWR: <total>                  12427 us
[2026-04-03T02:18:17.330+0600][59.231s][info][gc,stats    ]     CWR: Code Cache Roots         10162 us, workers (us): 3427, 3305, 3430, ---, ---, ---, 
[2026-04-03T02:18:17.330+0600][59.231s][info][gc,stats    ]     CWR: VM Weak Roots             2069 us, workers (us): 701, 698, 671, ---, ---, ---, 
[2026-04-03T02:18:17.330+0600][59.231s][info][gc,stats    ]     CWR: CLDG Roots                 196 us, workers (us): ---, 196, ---, ---, ---, ---, 
[2026-04-03T02:18:17.330+0600][59.231s][info][gc,stats    ]   Rendezvous                        444 us
[2026-04-03T02:18:17.330+0600][59.231s][info][gc,stats    ] Concurrent Cleanup                 1153 us
[2026-04-03T02:18:17.330+0600][59.231s][info][gc,stats    ] Concurrent Class Unloading        18304 us
[2026-04-03T02:18:17.330+0600][59.231s][info][gc,stats    ]   Unlink Stale                    17028 us
[2026-04-03T02:18:17.330+0600][59.231s][info][gc,stats    ]     System Dictionary               293 us
[2026-04-03T02:18:17.330+0600][59.231s][info][gc,stats    ]     Weak Class Links                  0 us
[2026-04-03T02:18:17.330+0600][59.231s][info][gc,stats    ]     Code Roots                    16731 us
[2026-04-03T02:18:17.330+0600][59.231s][info][gc,stats    ]   Rendezvous                        280 us
[2026-04-03T02:18:17.330+0600][59.231s][info][gc,stats    ]   Purge Unlinked                    844 us
[2026-04-03T02:18:17.330+0600][59.231s][info][gc,stats    ]     Code Roots                      827 us
[2026-04-03T02:18:17.330+0600][59.231s][info][gc,stats    ]     CLDG                             15 us
[2026-04-03T02:18:17.330+0600][59.231s][info][gc,stats    ]     Exception Caches                  1 us
[2026-04-03T02:18:17.330+0600][59.231s][info][gc,stats    ] Concurrent Strong Roots            1540 us, parallelism: 0.58x
[2026-04-03T02:18:17.330+0600][59.231s][info][gc,stats    ]   CSR: <total>                      898 us
[2026-04-03T02:18:17.330+0600][59.231s][info][gc,stats    ]   CSR: VM Strong Roots               57 us, workers (us):  32,  25,   0, ---, ---, ---, 
[2026-04-03T02:18:17.330+0600][59.231s][info][gc,stats    ]   CSR: CLDG Roots                   841 us, workers (us): 841, ---, ---, ---, ---, ---, 
[2026-04-03T02:18:17.330+0600][59.231s][info][gc,stats    ] Concurrent Evacuation              4884 us
[2026-04-03T02:18:17.330+0600][59.231s][info][gc,stats    ] Pause Init Update Refs (G)          363 us
[2026-04-03T02:18:17.330+0600][59.231s][info][gc,stats    ] Pause Init Update Refs (N)          156 us
[2026-04-03T02:18:17.330+0600][59.231s][info][gc,stats    ]   Manage GCLABs                      55 us
[2026-04-03T02:18:17.330+0600][59.231s][info][gc,stats    ] Concurrent Update Refs            43847 us
[2026-04-03T02:18:17.330+0600][59.231s][info][gc,stats    ] Concurrent Update Thread Roots     1442 us
[2026-04-03T02:18:17.330+0600][59.231s][info][gc,stats    ] Pause Final Update Refs (G)         766 us
[2026-04-03T02:18:17.330+0600][59.231s][info][gc,stats    ] Pause Final Update Refs (N)         516 us
[2026-04-03T02:18:17.330+0600][59.231s][info][gc,stats    ]   Update Region States              226 us
[2026-04-03T02:18:17.330+0600][59.231s][info][gc,stats    ]   Trash Collection Set               17 us
[2026-04-03T02:18:17.330+0600][59.231s][info][gc,stats    ]   Rebuild Free Set                   75 us
[2026-04-03T02:18:17.330+0600][59.231s][info][gc,stats    ] Concurrent Cleanup                  278 us
[2026-04-03T02:18:17.330+0600][59.231s][info][gc,stats    ] Pacing                           164939 us
[2026-04-03T02:18:17.330+0600][59.231s][info][gc,stats    ] 
[2026-04-03T02:18:17.330+0600][59.231s][info][gc,stats    ] Allocation pacing accrued:
[2026-04-03T02:18:17.330+0600][59.231s][info][gc,stats    ]      41 of   287 ms ( 14.3%): Executor task launch worker for task 0.0 in stage 2000.0 (TID 3723)
[2026-04-03T02:18:17.330+0600][59.231s][info][gc,stats    ]      43 of   287 ms ( 14.9%): Executor task launch worker for task 2.0 in stage 2000.0 (TID 3725)
[2026-04-03T02:18:17.330+0600][59.231s][info][gc,stats    ]      41 of   287 ms ( 14.1%): Executor task launch worker for task 1.0 in stage 2000.0 (TID 3724)
[2026-04-03T02:18:17.330+0600][59.231s][info][gc,stats    ]      41 of   287 ms ( 14.2%): Executor task launch worker for task 3.0 in stage 2000.0 (TID 3726)
[2026-04-03T02:18:17.330+0600][59.232s][info][gc,stats    ]     165 of   287 ms ( 57.4%): <total>
[2026-04-03T02:18:17.330+0600][59.232s][info][gc,stats    ]       1 of   287 ms (  0.2%): <average total>
[2026-04-03T02:18:17.330+0600][59.232s][info][gc,stats    ]      41 of   287 ms ( 14.4%): <average non-zero>
[2026-04-03T02:18:17.330+0600][59.232s][info][gc,stats    ] 
[2026-04-03T02:18:17.330+0600][59.232s][info][gc,metaspace] Metaspace: 131309K(132800K)->131310K(132800K) NonClass: 114794K(115584K)->114795K(115584K) Class: 16514K(17216K)->16514K(17216K)
[2026-04-03T02:18:17.330+0600][59.232s][info][gc,ergo     ] Pacer for Idle. Initial: 15360K, Alloc Tax Rate: 1.0x
[2026-04-03T02:18:17.367+0600][59.268s][info][gc          ] Trigger: Average GC time (155.40 ms) is above the time for average allocation rate (1111 MB/s) to deplete free headroom (167M) (margin of error = 1.82)
[2026-04-03T02:18:17.367+0600][59.268s][info][gc,ergo     ] Free headroom: 204M (free) - 38400K (spike) - 0B (penalties) = 167M
[2026-04-03T02:18:17.367+0600][59.268s][info][gc,ergo     ] Free: 204M, Max: 256K regular, 98560K humongous, Frag: 53% external, 0% internal; Reserve: 38400K, Max: 256K
[2026-04-03T02:18:17.367+0600][59.268s][info][gc,start    ] GC(89) Concurrent reset
[2026-04-03T02:18:17.367+0600][59.268s][info][gc,task     ] GC(89) Using 3 of 6 workers for concurrent reset
[2026-04-03T02:18:17.367+0600][59.268s][info][gc,ergo     ] GC(89) Pacer for Reset. Non-Taxable: 750M
[2026-04-03T02:18:17.368+0600][59.269s][info][gc          ] GC(89) Concurrent reset 0.938ms
[2026-04-03T02:18:17.368+0600][59.269s][info][gc,start    ] GC(89) Pause Init Mark (unload classes)
[2026-04-03T02:18:17.368+0600][59.269s][info][gc,task     ] GC(89) Using 6 of 6 workers for init marking
[2026-04-03T02:18:17.368+0600][59.269s][info][gc,ergo     ] GC(89) Pacer for Mark. Expected Live: 95092K, Free: 189M, Non-Taxable: 19428K, Alloc Tax Rate: 0.6x
[2026-04-03T02:18:17.368+0600][59.269s][info][gc          ] GC(89) Pause Init Mark (unload classes) 0.128ms
[2026-04-03T02:18:17.369+0600][59.270s][info][gc,start    ] GC(89) Concurrent marking roots
[2026-04-03T02:18:17.369+0600][59.270s][info][gc,task     ] GC(89) Using 3 of 6 workers for concurrent marking roots
[2026-04-03T02:18:17.370+0600][59.271s][info][gc          ] GC(89) Concurrent marking roots 1.371ms
[2026-04-03T02:18:17.370+0600][59.271s][info][gc,start    ] GC(89) Concurrent marking (unload classes)
[2026-04-03T02:18:17.370+0600][59.271s][info][gc,task     ] GC(89) Using 3 of 6 workers for concurrent marking
[2026-04-03T02:18:17.412+0600][59.313s][info][gc          ] GC(89) Concurrent marking (unload classes) 41.606ms
[2026-04-03T02:18:17.412+0600][59.313s][info][gc,start    ] GC(89) Pause Final Mark (unload classes)
[2026-04-03T02:18:17.412+0600][59.313s][info][gc,task     ] GC(89) Using 6 of 6 workers for final marking
[2026-04-03T02:18:17.413+0600][59.314s][info][gc,ergo     ] GC(89) Adaptive CSet Selection. Target Free: 106M, Actual Free: 538M, Max CSet: 32000K, Min Garbage: 0B
[2026-04-03T02:18:17.413+0600][59.314s][info][gc,ergo     ] GC(89) Collectable Garbage: 388M (98%), Immediate: 351M (88%), CSet: 38379K (9%)
[2026-04-03T02:18:17.413+0600][59.314s][info][gc,ergo     ] GC(89) Pacer for Evacuation. Used CSet: 45744K, Free: 525M, Non-Taxable: 53860K, Alloc Tax Rate: 1.1x
[2026-04-03T02:18:17.413+0600][59.314s][info][gc          ] GC(89) Pause Final Mark (unload classes) 0.838ms
[2026-04-03T02:18:17.413+0600][59.314s][info][gc,start    ] GC(89) Concurrent thread roots
[2026-04-03T02:18:17.413+0600][59.314s][info][gc,task     ] GC(89) Using 3 of 6 workers for Concurrent thread roots
[2026-04-03T02:18:17.414+0600][59.315s][info][gc          ] GC(89) Concurrent thread roots 0.877ms
[2026-04-03T02:18:17.414+0600][59.315s][info][gc,start    ] GC(89) Concurrent weak references
[2026-04-03T02:18:17.414+0600][59.315s][info][gc,task     ] GC(89) Using 3 of 6 workers for concurrent weak references
[2026-04-03T02:18:17.415+0600][59.316s][info][gc,ref      ] GC(89) Encountered references: Soft: 3788, Weak: 14864, Final: 84, Phantom: 637
[2026-04-03T02:18:17.415+0600][59.316s][info][gc,ref      ] GC(89) Discovered  references: Soft: 0, Weak: 8576, Final: 84, Phantom: 239
[2026-04-03T02:18:17.415+0600][59.316s][info][gc,ref      ] GC(89) Enqueued    references: Soft: 0, Weak: 240, Final: 0, Phantom: 0
[2026-04-03T02:18:17.415+0600][59.316s][info][gc          ] GC(89) Concurrent weak references 1.103ms
[2026-04-03T02:18:17.415+0600][59.316s][info][gc,start    ] GC(89) Concurrent weak roots
[2026-04-03T02:18:17.415+0600][59.316s][info][gc,task     ] GC(89) Using 3 of 6 workers for concurrent weak root
[2026-04-03T02:18:17.419+0600][59.321s][info][gc          ] GC(89) Concurrent weak roots 4.490ms
[2026-04-03T02:18:17.419+0600][59.321s][info][gc,start    ] GC(89) Concurrent cleanup
[2026-04-03T02:18:17.420+0600][59.321s][info][gc          ] GC(89) Concurrent cleanup 535M->183M(658M) 0.535ms
[2026-04-03T02:18:17.420+0600][59.321s][info][gc,ergo     ] GC(89) Free: 524M, Max: 256K regular, 156M humongous, Frag: 71% external, 0% internal; Reserve: 37004K, Max: 256K
[2026-04-03T02:18:17.420+0600][59.321s][info][gc,start    ] GC(89) Concurrent class unloading
[2026-04-03T02:18:17.420+0600][59.321s][info][gc,task     ] GC(89) Using 3 of 6 workers for concurrent class unloading
[2026-04-03T02:18:17.436+0600][59.337s][info][gc          ] GC(89) Concurrent class unloading 15.625ms
[2026-04-03T02:18:17.436+0600][59.337s][info][gc,start    ] GC(89) Concurrent strong roots
[2026-04-03T02:18:17.436+0600][59.337s][info][gc,task     ] GC(89) Using 3 of 6 workers for concurrent strong root
[2026-04-03T02:18:17.437+0600][59.338s][info][gc          ] GC(89) Concurrent strong roots 1.349ms
[2026-04-03T02:18:17.437+0600][59.338s][info][gc,start    ] GC(89) Concurrent evacuation
[2026-04-03T02:18:17.437+0600][59.338s][info][gc,task     ] GC(89) Using 3 of 6 workers for concurrent evacuation
[2026-04-03T02:18:17.441+0600][59.342s][info][gc          ] GC(89) Concurrent evacuation 3.811ms
[2026-04-03T02:18:17.441+0600][59.342s][info][gc,start    ] GC(89) Pause Init Update Refs
[2026-04-03T02:18:17.441+0600][59.343s][info][gc,ergo     ] GC(89) Pacer for Update Refs. Used: 200M, Free: 513M, Non-Taxable: 52599K, Alloc Tax Rate: 1.1x
[2026-04-03T02:18:17.441+0600][59.343s][info][gc          ] GC(89) Pause Init Update Refs 0.116ms
[2026-04-03T02:18:17.442+0600][59.343s][info][gc,start    ] GC(89) Concurrent update references
[2026-04-03T02:18:17.442+0600][59.343s][info][gc,task     ] GC(89) Using 3 of 6 workers for concurrent reference update
[2026-04-03T02:18:17.484+0600][59.385s][info][gc          ] GC(89) Concurrent update references 42.818ms
[2026-04-03T02:18:17.484+0600][59.386s][info][gc,start    ] GC(89) Concurrent update thread roots
[2026-04-03T02:18:17.486+0600][59.387s][info][gc          ] GC(89) Concurrent update thread roots 1.278ms
[2026-04-03T02:18:17.486+0600][59.387s][info][gc,start    ] GC(89) Pause Final Update Refs
[2026-04-03T02:18:17.486+0600][59.387s][info][gc,task     ] GC(89) Using 6 of 6 workers for final reference update
[2026-04-03T02:18:17.486+0600][59.387s][info][gc          ] GC(89) Pause Final Update Refs 0.162ms
[2026-04-03T02:18:17.486+0600][59.387s][info][gc,start    ] GC(89) Concurrent cleanup
[2026-04-03T02:18:17.487+0600][59.388s][info][gc          ] GC(89) Concurrent cleanup 249M->205M(659M) 0.575ms
[2026-04-03T02:18:17.487+0600][59.388s][info][gc,ergo     ] Free: 499M, Max: 256K regular, 186M humongous, Frag: 63% external, 0% internal; Reserve: 38400K, Max: 256K
[2026-04-03T02:18:17.487+0600][59.388s][info][gc,stats    ] 
[2026-04-03T02:18:17.487+0600][59.388s][info][gc,stats    ] All times are wall-clock times, except per-root-class counters, that are sum over
[2026-04-03T02:18:17.487+0600][59.388s][info][gc,stats    ] all workers. Dividing the <total> over the root stage time estimates parallelism.
[2026-04-03T02:18:17.487+0600][59.388s][info][gc,stats    ] 
[2026-04-03T02:18:17.487+0600][59.388s][info][gc,stats    ] Concurrent Reset                   1005 us
[2026-04-03T02:18:17.487+0600][59.388s][info][gc,stats    ] Pause Init Mark (G)                 641 us
[2026-04-03T02:18:17.487+0600][59.388s][info][gc,stats    ] Pause Init Mark (N)                 136 us
[2026-04-03T02:18:17.487+0600][59.388s][info][gc,stats    ]   Update Region States               29 us
[2026-04-03T02:18:17.487+0600][59.388s][info][gc,stats    ] Concurrent Mark Roots              1455 us, parallelism: 1.92x
[2026-04-03T02:18:17.487+0600][59.388s][info][gc,stats    ]   CMR: <total>                     2788 us
[2026-04-03T02:18:17.487+0600][59.388s][info][gc,stats    ]   CMR: Thread Roots                2346 us, workers (us): 923, 529, 895, ---, ---, ---, 
[2026-04-03T02:18:17.487+0600][59.388s][info][gc,stats    ]   CMR: VM Strong Roots               46 us, workers (us):  23,  22,   1, ---, ---, ---, 
[2026-04-03T02:18:17.487+0600][59.388s][info][gc,stats    ]   CMR: CLDG Roots                   395 us, workers (us): ---, 395, ---, ---, ---, ---, 
[2026-04-03T02:18:17.487+0600][59.388s][info][gc,stats    ] Concurrent Marking                41690 us
[2026-04-03T02:18:17.487+0600][59.388s][info][gc,stats    ] Pause Final Mark (G)               1187 us
[2026-04-03T02:18:17.487+0600][59.388s][info][gc,stats    ] Pause Final Mark (N)                848 us
[2026-04-03T02:18:17.487+0600][59.388s][info][gc,stats    ]   Finish Mark                       405 us
[2026-04-03T02:18:17.487+0600][59.388s][info][gc,stats    ]   Update Region States               45 us
[2026-04-03T02:18:17.487+0600][59.388s][info][gc,stats    ]   Choose Collection Set             188 us
[2026-04-03T02:18:17.487+0600][59.388s][info][gc,stats    ]   Rebuild Free Set                   55 us
[2026-04-03T02:18:17.487+0600][59.388s][info][gc,stats    ] Concurrent Thread Roots             917 us, parallelism: 2.12x
[2026-04-03T02:18:17.487+0600][59.388s][info][gc,stats    ]   CTR: <total>                     1947 us
[2026-04-03T02:18:17.487+0600][59.388s][info][gc,stats    ]   CTR: Thread Roots                1947 us, workers (us): 695, 641, 611, ---, ---, ---, 
[2026-04-03T02:18:17.487+0600][59.388s][info][gc,stats    ] Concurrent Weak References         1115 us, parallelism: 0.86x
[2026-04-03T02:18:17.487+0600][59.388s][info][gc,stats    ]   CWRF: <total>                     954 us
[2026-04-03T02:18:17.487+0600][59.388s][info][gc,stats    ]   CWRF: Weak References             954 us, workers (us): 162, 701,  90, ---, ---, ---, 
[2026-04-03T02:18:17.487+0600][59.388s][info][gc,stats    ] Concurrent Weak Roots              4582 us
[2026-04-03T02:18:17.487+0600][59.388s][info][gc,stats    ]   Roots                            4073 us, parallelism: 2.62x
[2026-04-03T02:18:17.487+0600][59.388s][info][gc,stats    ]     CWR: <total>                  10671 us
[2026-04-03T02:18:17.487+0600][59.388s][info][gc,stats    ]     CWR: Code Cache Roots          8364 us, workers (us): 2842, 2870, 2652, ---, ---, ---, 
[2026-04-03T02:18:17.487+0600][59.388s][info][gc,stats    ]     CWR: VM Weak Roots             2181 us, workers (us): 785, 733, 662, ---, ---, ---, 
[2026-04-03T02:18:17.487+0600][59.388s][info][gc,stats    ]     CWR: CLDG Roots                 126 us, workers (us): ---, ---, 126, ---, ---, ---, 
[2026-04-03T02:18:17.487+0600][59.388s][info][gc,stats    ]   Rendezvous                        385 us
[2026-04-03T02:18:17.487+0600][59.388s][info][gc,stats    ] Concurrent Cleanup                  570 us
[2026-04-03T02:18:17.487+0600][59.388s][info][gc,stats    ] Concurrent Class Unloading        15746 us
[2026-04-03T02:18:17.487+0600][59.388s][info][gc,stats    ]   Unlink Stale                    14426 us
[2026-04-03T02:18:17.487+0600][59.388s][info][gc,stats    ]     System Dictionary               289 us
[2026-04-03T02:18:17.487+0600][59.388s][info][gc,stats    ]     Weak Class Links                  0 us
[2026-04-03T02:18:17.487+0600][59.388s][info][gc,stats    ]     Code Roots                    14134 us
[2026-04-03T02:18:17.487+0600][59.388s][info][gc,stats    ]   Rendezvous                        398 us
[2026-04-03T02:18:17.487+0600][59.388s][info][gc,stats    ]   Purge Unlinked                    763 us
[2026-04-03T02:18:17.487+0600][59.388s][info][gc,stats    ]     Code Roots                      717 us
[2026-04-03T02:18:17.487+0600][59.388s][info][gc,stats    ]     CLDG                             45 us
[2026-04-03T02:18:17.487+0600][59.388s][info][gc,stats    ]     Exception Caches                  1 us
[2026-04-03T02:18:17.487+0600][59.388s][info][gc,stats    ] Concurrent Strong Roots            1415 us, parallelism: 0.66x
[2026-04-03T02:18:17.487+0600][59.388s][info][gc,stats    ]   CSR: <total>                      934 us
[2026-04-03T02:18:17.487+0600][59.388s][info][gc,stats    ]   CSR: VM Strong Roots               53 us, workers (us):  52,   1,   0, ---, ---, ---, 
[2026-04-03T02:18:17.487+0600][59.388s][info][gc,stats    ]   CSR: CLDG Roots                   881 us, workers (us): 881, ---, ---, ---, ---, ---, 
[2026-04-03T02:18:17.487+0600][59.388s][info][gc,stats    ] Concurrent Evacuation              3905 us
[2026-04-03T02:18:17.487+0600][59.388s][info][gc,stats    ] Pause Init Update Refs (G)          310 us
[2026-04-03T02:18:17.487+0600][59.388s][info][gc,stats    ] Pause Init Update Refs (N)          129 us
[2026-04-03T02:18:17.487+0600][59.388s][info][gc,stats    ]   Manage GCLABs                      31 us
[2026-04-03T02:18:17.487+0600][59.388s][info][gc,stats    ] Concurrent Update Refs            42900 us
[2026-04-03T02:18:17.487+0600][59.388s][info][gc,stats    ] Concurrent Update Thread Roots     1343 us
[2026-04-03T02:18:17.487+0600][59.388s][info][gc,stats    ] Pause Final Update Refs (G)         466 us
[2026-04-03T02:18:17.487+0600][59.388s][info][gc,stats    ] Pause Final Update Refs (N)         175 us
[2026-04-03T02:18:17.487+0600][59.388s][info][gc,stats    ]   Update Region States               45 us
[2026-04-03T02:18:17.487+0600][59.388s][info][gc,stats    ]   Trash Collection Set               11 us
[2026-04-03T02:18:17.487+0600][59.388s][info][gc,stats    ]   Rebuild Free Set                   39 us
[2026-04-03T02:18:17.487+0600][59.388s][info][gc,stats    ] Concurrent Cleanup                  595 us
[2026-04-03T02:18:17.487+0600][59.388s][info][gc,stats    ] Pacing                            87787 us
[2026-04-03T02:18:17.487+0600][59.388s][info][gc,stats    ] 
[2026-04-03T02:18:17.487+0600][59.388s][info][gc,stats    ] Allocation pacing accrued:
[2026-04-03T02:18:17.487+0600][59.388s][info][gc,stats    ]      11 of   157 ms (  7.1%): dispatcher-event-loop-6
[2026-04-03T02:18:17.487+0600][59.388s][info][gc,stats    ]       3 of   157 ms (  2.2%): dag-scheduler-event-loop
[2026-04-03T02:18:17.487+0600][59.388s][info][gc,stats    ]      11 of   157 ms (  7.1%): Spark Context Cleaner
[2026-04-03T02:18:17.487+0600][59.388s][info][gc,stats    ]      37 of   157 ms ( 23.8%): Executor task launch worker for task 0.0 in stage 2005.0 (TID 3735)
[2026-04-03T02:18:17.487+0600][59.388s][info][gc,stats    ]      15 of   157 ms (  9.3%): Executor task launch worker for task 1.0 in stage 2005.0 (TID 3736)
[2026-04-03T02:18:17.487+0600][59.388s][info][gc,stats    ]      10 of   157 ms (  6.4%): task-result-getter-0
[2026-04-03T02:18:17.487+0600][59.388s][info][gc,stats    ]      88 of   157 ms ( 55.9%): <total>
[2026-04-03T02:18:17.487+0600][59.388s][info][gc,stats    ]       0 of   157 ms (  0.2%): <average total>
[2026-04-03T02:18:17.487+0600][59.388s][info][gc,stats    ]      15 of   157 ms (  9.3%): <average non-zero>
[2026-04-03T02:18:17.487+0600][59.388s][info][gc,stats    ] 
[2026-04-03T02:18:17.487+0600][59.389s][info][gc,metaspace] Metaspace: 131312K(132800K)->131317K(132800K) NonClass: 114796K(115584K)->114801K(115584K) Class: 16515K(17216K)->16515K(17216K)
[2026-04-03T02:18:17.487+0600][59.389s][info][gc,ergo     ] Pacer for Idle. Initial: 15360K, Alloc Tax Rate: 1.0x
[2026-04-03T02:18:17.979+0600][59.880s][info][gc          ] Trigger: Average GC time (149.69 ms) is above the time for average allocation rate (636 MB/s) to deplete free headroom (96263K) (margin of error = 1.82)
[2026-04-03T02:18:17.979+0600][59.880s][info][gc,ergo     ] Free headroom: 131M (free) - 38400K (spike) - 0B (penalties) = 96263K
[2026-04-03T02:18:17.979+0600][59.880s][info][gc,ergo     ] Free: 131M, Max: 256K regular, 73984K humongous, Frag: 45% external, 0% internal; Reserve: 38400K, Max: 256K
[2026-04-03T02:18:17.979+0600][59.880s][info][gc,start    ] GC(90) Concurrent reset
[2026-04-03T02:18:17.979+0600][59.880s][info][gc,task     ] GC(90) Using 3 of 6 workers for concurrent reset
[2026-04-03T02:18:17.979+0600][59.880s][info][gc,ergo     ] GC(90) Pacer for Reset. Non-Taxable: 750M
[2026-04-03T02:18:17.980+0600][59.881s][info][gc          ] GC(90) Concurrent reset 1.250ms
[2026-04-03T02:18:17.980+0600][59.881s][info][gc,start    ] GC(90) Pause Init Mark (unload classes)
[2026-04-03T02:18:17.980+0600][59.881s][info][gc,task     ] GC(90) Using 6 of 6 workers for init marking
[2026-04-03T02:18:17.980+0600][59.881s][info][gc,ergo     ] GC(90) Pacer for Mark. Expected Live: 96843K, Free: 129M, Non-Taxable: 13292K, Alloc Tax Rate: 0.9x
[2026-04-03T02:18:17.980+0600][59.881s][info][gc          ] GC(90) Pause Init Mark (unload classes) 0.166ms
[2026-04-03T02:18:17.980+0600][59.882s][info][gc,start    ] GC(90) Concurrent marking roots
[2026-04-03T02:18:17.980+0600][59.882s][info][gc,task     ] GC(90) Using 3 of 6 workers for concurrent marking roots
[2026-04-03T02:18:17.982+0600][59.883s][info][gc          ] GC(90) Concurrent marking roots 1.871ms
[2026-04-03T02:18:17.982+0600][59.883s][info][gc,start    ] GC(90) Concurrent marking (unload classes)
[2026-04-03T02:18:17.982+0600][59.883s][info][gc,task     ] GC(90) Using 3 of 6 workers for concurrent marking
[2026-04-03T02:18:18.041+0600][59.943s][info][gc          ] GC(90) Concurrent marking (unload classes) 59.100ms
[2026-04-03T02:18:18.042+0600][59.943s][info][gc,start    ] GC(90) Pause Final Mark (unload classes)
[2026-04-03T02:18:18.042+0600][59.943s][info][gc,task     ] GC(90) Using 6 of 6 workers for final marking
[2026-04-03T02:18:18.042+0600][59.943s][info][gc,ergo     ] GC(90) Adaptive CSet Selection. Target Free: 106M, Actual Free: 498M, Max CSet: 32000K, Min Garbage: 0B
[2026-04-03T02:18:18.042+0600][59.943s][info][gc,ergo     ] GC(90) Collectable Garbage: 448M (98%), Immediate: 355M (77%), CSet: 95053K (20%)
[2026-04-03T02:18:18.042+0600][59.944s][info][gc,ergo     ] GC(90) Pacer for Evacuation. Used CSet: 100106K, Free: 494M, Non-Taxable: 50670K, Alloc Tax Rate: 1.1x
[2026-04-03T02:18:18.043+0600][59.944s][info][gc          ] GC(90) Pause Final Mark (unload classes) 0.909ms
[2026-04-03T02:18:18.043+0600][59.944s][info][gc,start    ] GC(90) Concurrent thread roots
[2026-04-03T02:18:18.043+0600][59.944s][info][gc,task     ] GC(90) Using 3 of 6 workers for Concurrent thread roots
[2026-04-03T02:18:18.044+0600][59.945s][info][gc          ] GC(90) Concurrent thread roots 1.110ms
[2026-04-03T02:18:18.044+0600][59.945s][info][gc,start    ] GC(90) Concurrent weak references
[2026-04-03T02:18:18.044+0600][59.945s][info][gc,task     ] GC(90) Using 3 of 6 workers for concurrent weak references
[2026-04-03T02:18:18.045+0600][59.946s][info][gc,ref      ] GC(90) Encountered references: Soft: 3789, Weak: 15207, Final: 84, Phantom: 621
[2026-04-03T02:18:18.045+0600][59.946s][info][gc,ref      ] GC(90) Discovered  references: Soft: 0, Weak: 7714, Final: 0, Phantom: 598
[2026-04-03T02:18:18.045+0600][59.946s][info][gc,ref      ] GC(90) Enqueued    references: Soft: 0, Weak: 391, Final: 0, Phantom: 0
[2026-04-03T02:18:18.045+0600][59.946s][info][gc          ] GC(90) Concurrent weak references 1.014ms
[2026-04-03T02:18:18.045+0600][59.946s][info][gc,start    ] GC(90) Concurrent weak roots
[2026-04-03T02:18:18.045+0600][59.946s][info][gc,task     ] GC(90) Using 3 of 6 workers for concurrent weak root
[2026-04-03T02:18:18.052+0600][59.953s][info][gc          ] GC(90) Concurrent weak roots 6.794ms
[2026-04-03T02:18:18.052+0600][59.953s][info][gc,start    ] GC(90) Concurrent cleanup
[2026-04-03T02:18:18.053+0600][59.954s][info][gc          ] GC(90) Concurrent cleanup 580M->226M(659M) 1.107ms
[2026-04-03T02:18:18.053+0600][59.954s][info][gc,ergo     ] GC(90) Free: 482M, Max: 256K regular, 48128K humongous, Frag: 91% external, 0% internal; Reserve: 37898K, Max: 256K
[2026-04-03T02:18:18.053+0600][59.954s][info][gc,start    ] GC(90) Concurrent class unloading
[2026-04-03T02:18:18.053+0600][59.954s][info][gc,task     ] GC(90) Using 3 of 6 workers for concurrent class unloading
[2026-04-03T02:18:18.078+0600][59.979s][info][gc          ] GC(90) Concurrent class unloading 25.259ms
[2026-04-03T02:18:18.078+0600][59.980s][info][gc,start    ] GC(90) Concurrent strong roots
[2026-04-03T02:18:18.078+0600][59.980s][info][gc,task     ] GC(90) Using 3 of 6 workers for concurrent strong root
[2026-04-03T02:18:18.080+0600][59.981s][info][gc          ] GC(90) Concurrent strong roots 1.176ms
[2026-04-03T02:18:18.080+0600][59.981s][info][gc,start    ] GC(90) Concurrent evacuation
[2026-04-03T02:18:18.080+0600][59.981s][info][gc,task     ] GC(90) Using 3 of 6 workers for concurrent evacuation
[2026-04-03T02:18:18.082+0600][59.983s][info][gc          ] GC(90) Concurrent evacuation 2.370ms
[2026-04-03T02:18:18.082+0600][59.983s][info][gc,start    ] GC(90) Pause Init Update Refs
[2026-04-03T02:18:18.082+0600][59.984s][info][gc,ergo     ] GC(90) Pacer for Update Refs. Used: 251M, Free: 461M, Non-Taxable: 47231K, Alloc Tax Rate: 1.1x
[2026-04-03T02:18:18.083+0600][59.984s][info][gc          ] GC(90) Pause Init Update Refs 0.146ms
[2026-04-03T02:18:18.083+0600][59.984s][info][gc,start    ] GC(90) Concurrent update references
[2026-04-03T02:18:18.083+0600][59.984s][info][gc,task     ] GC(90) Using 3 of 6 workers for concurrent reference update
[2026-04-03T02:18:18.130+0600][60.031s][info][gc          ] GC(90) Concurrent update references 47.144ms
[2026-04-03T02:18:18.130+0600][60.031s][info][gc,start    ] GC(90) Concurrent update thread roots
[2026-04-03T02:18:18.132+0600][60.033s][info][gc          ] GC(90) Concurrent update thread roots 1.906ms
[2026-04-03T02:18:18.132+0600][60.033s][info][gc,start    ] GC(90) Pause Final Update Refs
[2026-04-03T02:18:18.132+0600][60.033s][info][gc,task     ] GC(90) Using 6 of 6 workers for final reference update
[2026-04-03T02:18:18.132+0600][60.033s][info][gc          ] GC(90) Pause Final Update Refs 0.216ms
[2026-04-03T02:18:18.133+0600][60.034s][info][gc,start    ] GC(90) Concurrent cleanup
[2026-04-03T02:18:18.133+0600][60.034s][info][gc          ] GC(90) Concurrent cleanup 281M->184M(659M) 0.682ms
[2026-04-03T02:18:18.133+0600][60.034s][info][gc,ergo     ] Free: 521M, Max: 256K regular, 294M humongous, Frag: 44% external, 0% internal; Reserve: 38400K, Max: 256K
[2026-04-03T02:18:18.133+0600][60.034s][info][gc,stats    ] 
[2026-04-03T02:18:18.133+0600][60.034s][info][gc,stats    ] All times are wall-clock times, except per-root-class counters, that are sum over
[2026-04-03T02:18:18.133+0600][60.035s][info][gc,stats    ] all workers. Dividing the <total> over the root stage time estimates parallelism.
[2026-04-03T02:18:18.133+0600][60.035s][info][gc,stats    ] 
[2026-04-03T02:18:18.133+0600][60.035s][info][gc,stats    ] Concurrent Reset                   1313 us
[2026-04-03T02:18:18.133+0600][60.035s][info][gc,stats    ] Pause Init Mark (G)                 463 us
[2026-04-03T02:18:18.133+0600][60.035s][info][gc,stats    ] Pause Init Mark (N)                 177 us
[2026-04-03T02:18:18.133+0600][60.035s][info][gc,stats    ]   Update Region States               36 us
[2026-04-03T02:18:18.133+0600][60.035s][info][gc,stats    ] Concurrent Mark Roots              1902 us, parallelism: 2.11x
[2026-04-03T02:18:18.133+0600][60.035s][info][gc,stats    ]   CMR: <total>                     4011 us
[2026-04-03T02:18:18.133+0600][60.035s][info][gc,stats    ]   CMR: Thread Roots                3398 us, workers (us): 789, 1311, 1298, ---, ---, ---, 
[2026-04-03T02:18:18.133+0600][60.035s][info][gc,stats    ]   CMR: VM Strong Roots               79 us, workers (us):  46,  21,  12, ---, ---, ---, 
[2026-04-03T02:18:18.133+0600][60.035s][info][gc,stats    ]   CMR: CLDG Roots                   534 us, workers (us): 534, ---, ---, ---, ---, ---, 
[2026-04-03T02:18:18.133+0600][60.035s][info][gc,stats    ] Concurrent Marking                59185 us
[2026-04-03T02:18:18.134+0600][60.035s][info][gc,stats    ] Pause Final Mark (G)               1113 us
[2026-04-03T02:18:18.134+0600][60.035s][info][gc,stats    ] Pause Final Mark (N)                921 us
[2026-04-03T02:18:18.134+0600][60.035s][info][gc,stats    ]   Finish Mark                       364 us
[2026-04-03T02:18:18.134+0600][60.035s][info][gc,stats    ]   Update Region States               54 us
[2026-04-03T02:18:18.134+0600][60.035s][info][gc,stats    ]   Choose Collection Set             300 us
[2026-04-03T02:18:18.134+0600][60.035s][info][gc,stats    ]   Rebuild Free Set                   49 us
[2026-04-03T02:18:18.134+0600][60.035s][info][gc,stats    ] Concurrent Thread Roots            1168 us, parallelism: 2.22x
[2026-04-03T02:18:18.134+0600][60.035s][info][gc,stats    ]   CTR: <total>                     2591 us
[2026-04-03T02:18:18.134+0600][60.035s][info][gc,stats    ]   CTR: Thread Roots                2591 us, workers (us): 906, 869, 816, ---, ---, ---, 
[2026-04-03T02:18:18.134+0600][60.035s][info][gc,stats    ] Concurrent Weak References         1024 us, parallelism: 1.07x
[2026-04-03T02:18:18.134+0600][60.035s][info][gc,stats    ]   CWRF: <total>                    1093 us
[2026-04-03T02:18:18.134+0600][60.035s][info][gc,stats    ]   CWRF: Weak References            1093 us, workers (us): 197, 712, 184, ---, ---, ---, 
[2026-04-03T02:18:18.134+0600][60.035s][info][gc,stats    ] Concurrent Weak Roots              6911 us
[2026-04-03T02:18:18.134+0600][60.035s][info][gc,stats    ]   Roots                            6290 us, parallelism: 2.24x
[2026-04-03T02:18:18.134+0600][60.035s][info][gc,stats    ]     CWR: <total>                  14064 us
[2026-04-03T02:18:18.134+0600][60.035s][info][gc,stats    ]     CWR: Code Cache Roots         10403 us, workers (us): 4136, 3875, 2391, ---, ---, ---, 
[2026-04-03T02:18:18.134+0600][60.035s][info][gc,stats    ]     CWR: VM Weak Roots             3452 us, workers (us): 1734, 1715,   2, ---, ---, ---, 
[2026-04-03T02:18:18.134+0600][60.035s][info][gc,stats    ]     CWR: CLDG Roots                 209 us, workers (us): ---, 209, ---, ---, ---, ---, 
[2026-04-03T02:18:18.134+0600][60.035s][info][gc,stats    ]   Rendezvous                        484 us
[2026-04-03T02:18:18.134+0600][60.035s][info][gc,stats    ] Concurrent Cleanup                 1144 us
[2026-04-03T02:18:18.134+0600][60.035s][info][gc,stats    ] Concurrent Class Unloading        25373 us
[2026-04-03T02:18:18.134+0600][60.035s][info][gc,stats    ]   Unlink Stale                    23231 us
[2026-04-03T02:18:18.134+0600][60.035s][info][gc,stats    ]     System Dictionary               265 us
[2026-04-03T02:18:18.134+0600][60.035s][info][gc,stats    ]     Weak Class Links                  1 us
[2026-04-03T02:18:18.134+0600][60.035s][info][gc,stats    ]     Code Roots                    22959 us
[2026-04-03T02:18:18.134+0600][60.035s][info][gc,stats    ]   Rendezvous                        507 us
[2026-04-03T02:18:18.134+0600][60.035s][info][gc,stats    ]   Purge Unlinked                   1478 us
[2026-04-03T02:18:18.134+0600][60.035s][info][gc,stats    ]     Code Roots                     1436 us
[2026-04-03T02:18:18.134+0600][60.035s][info][gc,stats    ]     CLDG                             41 us
[2026-04-03T02:18:18.134+0600][60.035s][info][gc,stats    ]     Exception Caches                  0 us
[2026-04-03T02:18:18.134+0600][60.035s][info][gc,stats    ] Concurrent Strong Roots            1252 us, parallelism: 0.52x
[2026-04-03T02:18:18.134+0600][60.035s][info][gc,stats    ]   CSR: <total>                      650 us
[2026-04-03T02:18:18.134+0600][60.035s][info][gc,stats    ]   CSR: VM Strong Roots               38 us, workers (us):  35,   1,   1, ---, ---, ---, 
[2026-04-03T02:18:18.134+0600][60.035s][info][gc,stats    ]   CSR: CLDG Roots                   613 us, workers (us): 613, ---, ---, ---, ---, ---, 
[2026-04-03T02:18:18.134+0600][60.035s][info][gc,stats    ] Concurrent Evacuation              2447 us
[2026-04-03T02:18:18.134+0600][60.035s][info][gc,stats    ] Pause Init Update Refs (G)          602 us
[2026-04-03T02:18:18.134+0600][60.035s][info][gc,stats    ] Pause Init Update Refs (N)          163 us
[2026-04-03T02:18:18.134+0600][60.035s][info][gc,stats    ]   Manage GCLABs                      46 us
[2026-04-03T02:18:18.134+0600][60.035s][info][gc,stats    ] Concurrent Update Refs            47223 us
[2026-04-03T02:18:18.134+0600][60.035s][info][gc,stats    ] Concurrent Update Thread Roots     1972 us
[2026-04-03T02:18:18.134+0600][60.035s][info][gc,stats    ] Pause Final Update Refs (G)         656 us
[2026-04-03T02:18:18.134+0600][60.035s][info][gc,stats    ] Pause Final Update Refs (N)         235 us
[2026-04-03T02:18:18.134+0600][60.035s][info][gc,stats    ]   Update Region States               62 us
[2026-04-03T02:18:18.134+0600][60.035s][info][gc,stats    ]   Trash Collection Set               20 us
[2026-04-03T02:18:18.134+0600][60.035s][info][gc,stats    ]   Rebuild Free Set                   52 us
[2026-04-03T02:18:18.134+0600][60.035s][info][gc,stats    ] Concurrent Cleanup                  711 us
[2026-04-03T02:18:18.134+0600][60.035s][info][gc,stats    ] Pacing                           263356 us
[2026-04-03T02:18:18.134+0600][60.035s][info][gc,stats    ] 
[2026-04-03T02:18:18.134+0600][60.035s][info][gc,stats    ] Allocation pacing accrued:
[2026-04-03T02:18:18.134+0600][60.035s][info][gc,stats    ]      11 of   647 ms (  1.7%): Spark Context Cleaner
[2026-04-03T02:18:18.134+0600][60.035s][info][gc,stats    ]      32 of   647 ms (  5.0%): Executor task launch worker for task 3.0 in stage 2029.0 (TID 3802)
[2026-04-03T02:18:18.134+0600][60.035s][info][gc,stats    ]      31 of   647 ms (  4.8%): Executor task launch worker for task 2.0 in stage 2029.0 (TID 3801)
[2026-04-03T02:18:18.134+0600][60.035s][info][gc,stats    ]      32 of   647 ms (  5.0%): Executor task launch worker for task 5.0 in stage 2029.0 (TID 3804)
[2026-04-03T02:18:18.134+0600][60.035s][info][gc,stats    ]      31 of   647 ms (  4.7%): Executor task launch worker for task 6.0 in stage 2029.0 (TID 3805)
[2026-04-03T02:18:18.134+0600][60.035s][info][gc,stats    ]      30 of   647 ms (  4.7%): Executor task launch worker for task 7.0 in stage 2029.0 (TID 3806)
[2026-04-03T02:18:18.134+0600][60.035s][info][gc,stats    ]      31 of   647 ms (  4.9%): Executor task launch worker for task 4.0 in stage 2029.0 (TID 3803)
[2026-04-03T02:18:18.134+0600][60.035s][info][gc,stats    ]      32 of   647 ms (  4.9%): Executor task launch worker for task 1.0 in stage 2029.0 (TID 3800)
[2026-04-03T02:18:18.134+0600][60.035s][info][gc,stats    ]      32 of   647 ms (  5.0%): Executor task launch worker for task 0.0 in stage 2029.0 (TID 3799)
[2026-04-03T02:18:18.134+0600][60.035s][info][gc,stats    ]     263 of   647 ms ( 40.7%): <total>
[2026-04-03T02:18:18.134+0600][60.035s][info][gc,stats    ]       1 of   647 ms (  0.1%): <average total>
[2026-04-03T02:18:18.134+0600][60.035s][info][gc,stats    ]      29 of   647 ms (  4.5%): <average non-zero>
[2026-04-03T02:18:18.134+0600][60.035s][info][gc,stats    ] 
[2026-04-03T02:18:18.134+0600][60.035s][info][gc,metaspace] Metaspace: 131327K(132800K)->131329K(132800K) NonClass: 114811K(115584K)->114813K(115584K) Class: 16515K(17216K)->16516K(17216K)
[2026-04-03T02:18:18.134+0600][60.035s][info][gc,ergo     ] Pacer for Idle. Initial: 15360K, Alloc Tax Rate: 1.0x
[2026-04-03T02:18:18.416+0600][60.317s][info][gc          ] Trigger: Average GC time (169.23 ms) is above the time for average allocation rate (1000 MB/s) to deplete free headroom (168M) (margin of error = 1.82)
[2026-04-03T02:18:18.416+0600][60.317s][info][gc,ergo     ] Free headroom: 205M (free) - 38400K (spike) - 0B (penalties) = 168M
[2026-04-03T02:18:18.416+0600][60.317s][info][gc,ergo     ] Free: 205M, Max: 256K regular, 109M humongous, Frag: 47% external, 0% internal; Reserve: 38400K, Max: 256K
[2026-04-03T02:18:18.416+0600][60.317s][info][gc,start    ] GC(91) Concurrent reset
[2026-04-03T02:18:18.416+0600][60.317s][info][gc,task     ] GC(91) Using 3 of 6 workers for concurrent reset
[2026-04-03T02:18:18.416+0600][60.317s][info][gc,ergo     ] GC(91) Pacer for Reset. Non-Taxable: 750M
[2026-04-03T02:18:18.417+0600][60.318s][info][gc          ] GC(91) Concurrent reset 1.151ms
[2026-04-03T02:18:18.418+0600][60.319s][info][gc,start    ] GC(91) Pause Init Mark (unload classes)
[2026-04-03T02:18:18.418+0600][60.319s][info][gc,task     ] GC(91) Using 6 of 6 workers for init marking
[2026-04-03T02:18:18.418+0600][60.319s][info][gc,ergo     ] GC(91) Pacer for Mark. Expected Live: 97151K, Free: 204M, Non-Taxable: 20906K, Alloc Tax Rate: 0.6x
[2026-04-03T02:18:18.418+0600][60.319s][info][gc          ] GC(91) Pause Init Mark (unload classes) 0.164ms
[2026-04-03T02:18:18.418+0600][60.319s][info][gc,start    ] GC(91) Concurrent marking roots
[2026-04-03T02:18:18.418+0600][60.319s][info][gc,task     ] GC(91) Using 3 of 6 workers for concurrent marking roots
[2026-04-03T02:18:18.419+0600][60.320s][info][gc          ] GC(91) Concurrent marking roots 1.611ms
[2026-04-03T02:18:18.419+0600][60.321s][info][gc,start    ] GC(91) Concurrent marking (unload classes)
[2026-04-03T02:18:18.419+0600][60.321s][info][gc,task     ] GC(91) Using 3 of 6 workers for concurrent marking
[2026-04-03T02:18:18.473+0600][60.374s][info][gc          ] GC(91) Concurrent marking (unload classes) 53.091ms
[2026-04-03T02:18:18.473+0600][60.374s][info][gc,start    ] GC(91) Pause Final Mark (unload classes)
[2026-04-03T02:18:18.473+0600][60.374s][info][gc,task     ] GC(91) Using 6 of 6 workers for final marking
[2026-04-03T02:18:18.473+0600][60.374s][info][gc,ergo     ] GC(91) Adaptive CSet Selection. Target Free: 106M, Actual Free: 529M, Max CSet: 32000K, Min Garbage: 0B
[2026-04-03T02:18:18.473+0600][60.375s][info][gc,ergo     ] GC(91) Collectable Garbage: 382M (97%), Immediate: 324M (82%), CSet: 59821K (14%)
[2026-04-03T02:18:18.474+0600][60.375s][info][gc,ergo     ] GC(91) Pacer for Evacuation. Used CSet: 64053K, Free: 515M, Non-Taxable: 52802K, Alloc Tax Rate: 1.1x
[2026-04-03T02:18:18.474+0600][60.375s][info][gc          ] GC(91) Pause Final Mark (unload classes) 0.809ms
[2026-04-03T02:18:18.474+0600][60.375s][info][gc,start    ] GC(91) Concurrent thread roots
[2026-04-03T02:18:18.474+0600][60.375s][info][gc,task     ] GC(91) Using 3 of 6 workers for Concurrent thread roots
[2026-04-03T02:18:18.475+0600][60.376s][info][gc          ] GC(91) Concurrent thread roots 1.306ms
[2026-04-03T02:18:18.475+0600][60.376s][info][gc,start    ] GC(91) Concurrent weak references
[2026-04-03T02:18:18.475+0600][60.376s][info][gc,task     ] GC(91) Using 3 of 6 workers for concurrent weak references
[2026-04-03T02:18:18.476+0600][60.377s][info][gc,ref      ] GC(91) Encountered references: Soft: 3791, Weak: 15537, Final: 84, Phantom: 621
[2026-04-03T02:18:18.476+0600][60.377s][info][gc,ref      ] GC(91) Discovered  references: Soft: 0, Weak: 8056, Final: 52, Phantom: 319
[2026-04-03T02:18:18.476+0600][60.377s][info][gc,ref      ] GC(91) Enqueued    references: Soft: 0, Weak: 28, Final: 0, Phantom: 0
[2026-04-03T02:18:18.476+0600][60.377s][info][gc          ] GC(91) Concurrent weak references 0.901ms
[2026-04-03T02:18:18.476+0600][60.377s][info][gc,start    ] GC(91) Concurrent weak roots
[2026-04-03T02:18:18.476+0600][60.377s][info][gc,task     ] GC(91) Using 3 of 6 workers for concurrent weak root
[2026-04-03T02:18:18.482+0600][60.383s][info][gc          ] GC(91) Concurrent weak roots 5.582ms
[2026-04-03T02:18:18.482+0600][60.383s][info][gc,start    ] GC(91) Concurrent cleanup
[2026-04-03T02:18:18.483+0600][60.384s][info][gc          ] GC(91) Concurrent cleanup 525M->202M(659M) 0.948ms
[2026-04-03T02:18:18.483+0600][60.384s][info][gc,ergo     ] GC(91) Free: 506M, Max: 256K regular, 65792K humongous, Frag: 88% external, 0% internal; Reserve: 37783K, Max: 256K
[2026-04-03T02:18:18.483+0600][60.384s][info][gc,start    ] GC(91) Concurrent class unloading
[2026-04-03T02:18:18.483+0600][60.384s][info][gc,task     ] GC(91) Using 3 of 6 workers for concurrent class unloading
[2026-04-03T02:18:18.503+0600][60.404s][info][gc          ] GC(91) Concurrent class unloading 19.872ms
[2026-04-03T02:18:18.503+0600][60.404s][info][gc,start    ] GC(91) Concurrent strong roots
[2026-04-03T02:18:18.503+0600][60.404s][info][gc,task     ] GC(91) Using 3 of 6 workers for concurrent strong root
[2026-04-03T02:18:18.504+0600][60.405s][info][gc          ] GC(91) Concurrent strong roots 0.904ms
[2026-04-03T02:18:18.504+0600][60.405s][info][gc,start    ] GC(91) Concurrent evacuation
[2026-04-03T02:18:18.504+0600][60.405s][info][gc,task     ] GC(91) Using 3 of 6 workers for concurrent evacuation
[2026-04-03T02:18:18.506+0600][60.407s][info][gc          ] GC(91) Concurrent evacuation 2.024ms
[2026-04-03T02:18:18.506+0600][60.407s][info][gc,start    ] GC(91) Pause Init Update Refs
[2026-04-03T02:18:18.506+0600][60.407s][info][gc,ergo     ] GC(91) Pacer for Update Refs. Used: 228M, Free: 482M, Non-Taxable: 49388K, Alloc Tax Rate: 1.1x
[2026-04-03T02:18:18.506+0600][60.407s][info][gc          ] GC(91) Pause Init Update Refs 0.132ms
[2026-04-03T02:18:18.506+0600][60.408s][info][gc,start    ] GC(91) Concurrent update references
[2026-04-03T02:18:18.507+0600][60.408s][info][gc,task     ] GC(91) Using 3 of 6 workers for concurrent reference update
[2026-04-03T02:18:18.552+0600][60.453s][info][gc          ] GC(91) Concurrent update references 45.740ms
[2026-04-03T02:18:18.552+0600][60.453s][info][gc,start    ] GC(91) Concurrent update thread roots
[2026-04-03T02:18:18.554+0600][60.455s][info][gc          ] GC(91) Concurrent update thread roots 1.632ms
[2026-04-03T02:18:18.554+0600][60.455s][info][gc,start    ] GC(91) Pause Final Update Refs
[2026-04-03T02:18:18.554+0600][60.455s][info][gc,task     ] GC(91) Using 6 of 6 workers for final reference update
[2026-04-03T02:18:18.554+0600][60.456s][info][gc          ] GC(91) Pause Final Update Refs 0.261ms
[2026-04-03T02:18:18.555+0600][60.456s][info][gc,start    ] GC(91) Concurrent cleanup
[2026-04-03T02:18:18.555+0600][60.456s][info][gc          ] GC(91) Concurrent cleanup 259M->197M(659M) 0.644ms
[2026-04-03T02:18:18.555+0600][60.456s][info][gc,ergo     ] Free: 507M, Max: 256K regular, 184M humongous, Frag: 64% external, 0% internal; Reserve: 38400K, Max: 256K
[2026-04-03T02:18:18.555+0600][60.456s][info][gc,stats    ] 
[2026-04-03T02:18:18.555+0600][60.456s][info][gc,stats    ] All times are wall-clock times, except per-root-class counters, that are sum over
[2026-04-03T02:18:18.555+0600][60.456s][info][gc,stats    ] all workers. Dividing the <total> over the root stage time estimates parallelism.
[2026-04-03T02:18:18.555+0600][60.456s][info][gc,stats    ] 
[2026-04-03T02:18:18.555+0600][60.456s][info][gc,stats    ] Concurrent Reset                   1193 us
[2026-04-03T02:18:18.555+0600][60.456s][info][gc,stats    ] Pause Init Mark (G)                 476 us
[2026-04-03T02:18:18.555+0600][60.456s][info][gc,stats    ] Pause Init Mark (N)                 177 us
[2026-04-03T02:18:18.555+0600][60.456s][info][gc,stats    ]   Update Region States               44 us
[2026-04-03T02:18:18.555+0600][60.456s][info][gc,stats    ] Concurrent Mark Roots              1668 us, parallelism: 2.00x
[2026-04-03T02:18:18.555+0600][60.456s][info][gc,stats    ]   CMR: <total>                     3344 us
[2026-04-03T02:18:18.555+0600][60.456s][info][gc,stats    ]   CMR: Thread Roots                2929 us, workers (us): 1091, 749, 1089, ---, ---, ---, 
[2026-04-03T02:18:18.555+0600][60.457s][info][gc,stats    ]   CMR: VM Strong Roots               69 us, workers (us):  26,  24,  19, ---, ---, ---, 
[2026-04-03T02:18:18.555+0600][60.457s][info][gc,stats    ]   CMR: CLDG Roots                   346 us, workers (us): ---, 346, ---, ---, ---, ---, 
[2026-04-03T02:18:18.555+0600][60.457s][info][gc,stats    ] Concurrent Marking                53168 us
[2026-04-03T02:18:18.555+0600][60.457s][info][gc,stats    ] Pause Final Mark (G)               1138 us
[2026-04-03T02:18:18.555+0600][60.457s][info][gc,stats    ] Pause Final Mark (N)                819 us
[2026-04-03T02:18:18.555+0600][60.457s][info][gc,stats    ]   Finish Mark                       367 us
[2026-04-03T02:18:18.555+0600][60.457s][info][gc,stats    ]   Update Region States               43 us
[2026-04-03T02:18:18.555+0600][60.457s][info][gc,stats    ]   Choose Collection Set             228 us
[2026-04-03T02:18:18.555+0600][60.457s][info][gc,stats    ]   Rebuild Free Set                   41 us
[2026-04-03T02:18:18.555+0600][60.457s][info][gc,stats    ] Concurrent Thread Roots            1346 us, parallelism: 1.57x
[2026-04-03T02:18:18.555+0600][60.457s][info][gc,stats    ]   CTR: <total>                     2115 us
[2026-04-03T02:18:18.555+0600][60.457s][info][gc,stats    ]   CTR: Thread Roots                2115 us, workers (us): 1134, 980,   0, ---, ---, ---, 
[2026-04-03T02:18:18.556+0600][60.457s][info][gc,stats    ] Concurrent Weak References          915 us, parallelism: 1.30x
[2026-04-03T02:18:18.556+0600][60.457s][info][gc,stats    ]   CWRF: <total>                    1188 us
[2026-04-03T02:18:18.556+0600][60.457s][info][gc,stats    ]   CWRF: Weak References            1188 us, workers (us): 425, 763,   0, ---, ---, ---, 
[2026-04-03T02:18:18.556+0600][60.457s][info][gc,stats    ] Concurrent Weak Roots              5676 us
[2026-04-03T02:18:18.556+0600][60.457s][info][gc,stats    ]   Roots                            5078 us, parallelism: 2.74x
[2026-04-03T02:18:18.556+0600][60.457s][info][gc,stats    ]     CWR: <total>                  13930 us
[2026-04-03T02:18:18.556+0600][60.457s][info][gc,stats    ]     CWR: Code Cache Roots         10434 us, workers (us): 3339, 3467, 3628, ---, ---, ---, 
[2026-04-03T02:18:18.556+0600][60.457s][info][gc,stats    ]     CWR: VM Weak Roots             3265 us, workers (us): 1138, 1137, 990, ---, ---, ---, 
[2026-04-03T02:18:18.556+0600][60.457s][info][gc,stats    ]     CWR: CLDG Roots                 231 us, workers (us): 231, ---, ---, ---, ---, ---, 
[2026-04-03T02:18:18.556+0600][60.457s][info][gc,stats    ]   Rendezvous                        470 us
[2026-04-03T02:18:18.556+0600][60.457s][info][gc,stats    ] Concurrent Cleanup                  973 us
[2026-04-03T02:18:18.556+0600][60.457s][info][gc,stats    ] Concurrent Class Unloading        19973 us
[2026-04-03T02:18:18.556+0600][60.457s][info][gc,stats    ]   Unlink Stale                    18179 us
[2026-04-03T02:18:18.556+0600][60.457s][info][gc,stats    ]     System Dictionary               250 us
[2026-04-03T02:18:18.556+0600][60.457s][info][gc,stats    ]     Weak Class Links                  0 us
[2026-04-03T02:18:18.556+0600][60.457s][info][gc,stats    ]     Code Roots                    17925 us
[2026-04-03T02:18:18.556+0600][60.457s][info][gc,stats    ]   Rendezvous                        451 us
[2026-04-03T02:18:18.556+0600][60.457s][info][gc,stats    ]   Purge Unlinked                   1201 us
[2026-04-03T02:18:18.556+0600][60.457s][info][gc,stats    ]     Code Roots                     1194 us
[2026-04-03T02:18:18.556+0600][60.457s][info][gc,stats    ]     CLDG                              7 us
[2026-04-03T02:18:18.556+0600][60.457s][info][gc,stats    ]     Exception Caches                  0 us
[2026-04-03T02:18:18.556+0600][60.457s][info][gc,stats    ] Concurrent Strong Roots             930 us, parallelism: 0.58x
[2026-04-03T02:18:18.556+0600][60.457s][info][gc,stats    ]   CSR: <total>                      541 us
[2026-04-03T02:18:18.556+0600][60.457s][info][gc,stats    ]   CSR: VM Strong Roots               32 us, workers (us):  31,   1,   0, ---, ---, ---, 
[2026-04-03T02:18:18.556+0600][60.457s][info][gc,stats    ]   CSR: CLDG Roots                   508 us, workers (us): 508, ---, ---, ---, ---, ---, 
[2026-04-03T02:18:18.556+0600][60.457s][info][gc,stats    ] Concurrent Evacuation              2103 us
[2026-04-03T02:18:18.556+0600][60.457s][info][gc,stats    ] Pause Init Update Refs (G)          721 us
[2026-04-03T02:18:18.556+0600][60.457s][info][gc,stats    ] Pause Init Update Refs (N)          146 us
[2026-04-03T02:18:18.556+0600][60.457s][info][gc,stats    ]   Manage GCLABs                      40 us
[2026-04-03T02:18:18.556+0600][60.457s][info][gc,stats    ] Concurrent Update Refs            45834 us
[2026-04-03T02:18:18.556+0600][60.457s][info][gc,stats    ] Concurrent Update Thread Roots     1697 us
[2026-04-03T02:18:18.556+0600][60.457s][info][gc,stats    ] Pause Final Update Refs (G)         517 us
[2026-04-03T02:18:18.556+0600][60.457s][info][gc,stats    ] Pause Final Update Refs (N)         289 us
[2026-04-03T02:18:18.556+0600][60.457s][info][gc,stats    ]   Update Region States               68 us
[2026-04-03T02:18:18.556+0600][60.457s][info][gc,stats    ]   Trash Collection Set               22 us
[2026-04-03T02:18:18.556+0600][60.457s][info][gc,stats    ]   Rebuild Free Set                   62 us
[2026-04-03T02:18:18.556+0600][60.457s][info][gc,stats    ] Concurrent Cleanup                  669 us
[2026-04-03T02:18:18.556+0600][60.457s][info][gc,stats    ] Pacing                           111322 us
[2026-04-03T02:18:18.556+0600][60.457s][info][gc,stats    ] 
[2026-04-03T02:18:18.556+0600][60.457s][info][gc,stats    ] Allocation pacing accrued:
[2026-04-03T02:18:18.556+0600][60.457s][info][gc,stats    ]       1 of   422 ms (  0.3%): Spark Context Cleaner
[2026-04-03T02:18:18.556+0600][60.457s][info][gc,stats    ]      14 of   422 ms (  3.2%): Executor task launch worker for task 0.0 in stage 2039.0 (TID 3879)
[2026-04-03T02:18:18.556+0600][60.457s][info][gc,stats    ]      13 of   422 ms (  3.1%): Executor task launch worker for task 4.0 in stage 2039.0 (TID 3883)
[2026-04-03T02:18:18.556+0600][60.457s][info][gc,stats    ]      14 of   422 ms (  3.3%): Executor task launch worker for task 7.0 in stage 2039.0 (TID 3886)
[2026-04-03T02:18:18.556+0600][60.457s][info][gc,stats    ]      14 of   422 ms (  3.3%): Executor task launch worker for task 6.0 in stage 2039.0 (TID 3885)
[2026-04-03T02:18:18.556+0600][60.457s][info][gc,stats    ]      15 of   422 ms (  3.5%): Executor task launch worker for task 3.0 in stage 2039.0 (TID 3882)
[2026-04-03T02:18:18.556+0600][60.457s][info][gc,stats    ]      13 of   422 ms (  3.2%): Executor task launch worker for task 1.0 in stage 2039.0 (TID 3880)
[2026-04-03T02:18:18.556+0600][60.457s][info][gc,stats    ]      14 of   422 ms (  3.2%): Executor task launch worker for task 5.0 in stage 2039.0 (TID 3884)
[2026-04-03T02:18:18.556+0600][60.457s][info][gc,stats    ]      14 of   422 ms (  3.3%): Executor task launch worker for task 2.0 in stage 2039.0 (TID 3881)
[2026-04-03T02:18:18.556+0600][60.457s][info][gc,stats    ]     111 of   422 ms ( 26.4%): <total>
[2026-04-03T02:18:18.556+0600][60.457s][info][gc,stats    ]       0 of   422 ms (  0.1%): <average total>
[2026-04-03T02:18:18.556+0600][60.457s][info][gc,stats    ]      12 of   422 ms (  2.9%): <average non-zero>
[2026-04-03T02:18:18.556+0600][60.457s][info][gc,stats    ] 
[2026-04-03T02:18:18.556+0600][60.457s][info][gc,metaspace] Metaspace: 131334K(132800K)->131337K(132800K) NonClass: 114818K(115584K)->114821K(115584K) Class: 16516K(17216K)->16516K(17216K)
[2026-04-03T02:18:18.556+0600][60.457s][info][gc,ergo     ] Pacer for Idle. Initial: 15360K, Alloc Tax Rate: 1.0x
[2026-04-03T02:18:18.843+0600][60.744s][info][gc          ] Trigger: Average GC time (160.01 ms) is above the time for average allocation rate (1105 MB/s) to deplete free headroom (173M) (margin of error = 1.82)
[2026-04-03T02:18:18.843+0600][60.744s][info][gc,ergo     ] Free headroom: 210M (free) - 38400K (spike) - 0B (penalties) = 173M
[2026-04-03T02:18:18.843+0600][60.744s][info][gc,ergo     ] Free: 210M, Max: 256K regular, 136M humongous, Frag: 36% external, 0% internal; Reserve: 38400K, Max: 256K
[2026-04-03T02:18:18.843+0600][60.744s][info][gc,start    ] GC(92) Concurrent reset
[2026-04-03T02:18:18.843+0600][60.744s][info][gc,task     ] GC(92) Using 3 of 6 workers for concurrent reset
[2026-04-03T02:18:18.843+0600][60.744s][info][gc,ergo     ] GC(92) Pacer for Reset. Non-Taxable: 750M
[2026-04-03T02:18:18.844+0600][60.745s][info][gc          ] GC(92) Concurrent reset 0.733ms
[2026-04-03T02:18:18.844+0600][60.745s][info][gc,start    ] GC(92) Pause Init Mark (unload classes)
[2026-04-03T02:18:18.844+0600][60.745s][info][gc,task     ] GC(92) Using 6 of 6 workers for init marking
[2026-04-03T02:18:18.844+0600][60.745s][info][gc,ergo     ] GC(92) Pacer for Mark. Expected Live: 97814K, Free: 210M, Non-Taxable: 21546K, Alloc Tax Rate: 0.6x
[2026-04-03T02:18:18.844+0600][60.745s][info][gc          ] GC(92) Pause Init Mark (unload classes) 0.099ms
[2026-04-03T02:18:18.844+0600][60.745s][info][gc,start    ] GC(92) Concurrent marking roots
[2026-04-03T02:18:18.844+0600][60.745s][info][gc,task     ] GC(92) Using 3 of 6 workers for concurrent marking roots
[2026-04-03T02:18:18.845+0600][60.746s][info][gc          ] GC(92) Concurrent marking roots 1.062ms
[2026-04-03T02:18:18.845+0600][60.746s][info][gc,start    ] GC(92) Concurrent marking (unload classes)
[2026-04-03T02:18:18.845+0600][60.746s][info][gc,task     ] GC(92) Using 3 of 6 workers for concurrent marking
[2026-04-03T02:18:18.896+0600][60.797s][info][gc          ] GC(92) Concurrent marking (unload classes) 50.581ms
[2026-04-03T02:18:18.896+0600][60.797s][info][gc,start    ] GC(92) Pause Final Mark (unload classes)
[2026-04-03T02:18:18.896+0600][60.797s][info][gc,task     ] GC(92) Using 6 of 6 workers for final marking
[2026-04-03T02:18:18.896+0600][60.797s][info][gc,ergo     ] GC(92) Adaptive CSet Selection. Target Free: 106M, Actual Free: 548M, Max CSet: 32000K, Min Garbage: 0B
[2026-04-03T02:18:18.896+0600][60.797s][info][gc,ergo     ] GC(92) Collectable Garbage: 374M (97%), Immediate: 314M (82%), CSet: 61911K (15%)
[2026-04-03T02:18:18.896+0600][60.798s][info][gc,ergo     ] GC(92) Pacer for Evacuation. Used CSet: 64497K, Free: 535M, Non-Taxable: 54787K, Alloc Tax Rate: 1.1x
[2026-04-03T02:18:18.896+0600][60.798s][info][gc          ] GC(92) Pause Final Mark (unload classes) 0.734ms
[2026-04-03T02:18:18.897+0600][60.798s][info][gc,start    ] GC(92) Concurrent thread roots
[2026-04-03T02:18:18.897+0600][60.798s][info][gc,task     ] GC(92) Using 3 of 6 workers for Concurrent thread roots
[2026-04-03T02:18:18.898+0600][60.799s][info][gc          ] GC(92) Concurrent thread roots 1.035ms
[2026-04-03T02:18:18.898+0600][60.799s][info][gc,start    ] GC(92) Concurrent weak references
[2026-04-03T02:18:18.898+0600][60.799s][info][gc,task     ] GC(92) Using 3 of 6 workers for concurrent weak references
[2026-04-03T02:18:18.898+0600][60.799s][info][gc,ref      ] GC(92) Encountered references: Soft: 3784, Weak: 16175, Final: 84, Phantom: 621
[2026-04-03T02:18:18.898+0600][60.799s][info][gc,ref      ] GC(92) Discovered  references: Soft: 0, Weak: 4953, Final: 0, Phantom: 219
[2026-04-03T02:18:18.898+0600][60.799s][info][gc,ref      ] GC(92) Enqueued    references: Soft: 0, Weak: 1585, Final: 0, Phantom: 0
[2026-04-03T02:18:18.898+0600][60.799s][info][gc          ] GC(92) Concurrent weak references 0.541ms
[2026-04-03T02:18:18.898+0600][60.799s][info][gc,start    ] GC(92) Concurrent weak roots
[2026-04-03T02:18:18.898+0600][60.799s][info][gc,task     ] GC(92) Using 3 of 6 workers for concurrent weak root
[2026-04-03T02:18:18.904+0600][60.805s][info][gc          ] GC(92) Concurrent weak roots 6.102ms
[2026-04-03T02:18:18.904+0600][60.805s][info][gc,start    ] GC(92) Concurrent cleanup
[2026-04-03T02:18:18.905+0600][60.806s][info][gc          ] GC(92) Concurrent cleanup 492M->177M(659M) 0.827ms
[2026-04-03T02:18:18.905+0600][60.806s][info][gc,ergo     ] GC(92) Free: 531M, Max: 256K regular, 136M humongous, Frag: 75% external, 0% internal; Reserve: 37972K, Max: 256K
[2026-04-03T02:18:18.905+0600][60.806s][info][gc,start    ] GC(92) Concurrent class unloading
[2026-04-03T02:18:18.905+0600][60.806s][info][gc,task     ] GC(92) Using 3 of 6 workers for concurrent class unloading
[2026-04-03T02:18:18.920+0600][60.821s][info][gc          ] GC(92) Concurrent class unloading 15.062ms
[2026-04-03T02:18:18.920+0600][60.822s][info][gc,start    ] GC(92) Concurrent strong roots
[2026-04-03T02:18:18.920+0600][60.822s][info][gc,task     ] GC(92) Using 3 of 6 workers for concurrent strong root
[2026-04-03T02:18:18.921+0600][60.823s][info][gc          ] GC(92) Concurrent strong roots 1.016ms
[2026-04-03T02:18:18.922+0600][60.823s][info][gc,start    ] GC(92) Concurrent evacuation
[2026-04-03T02:18:18.922+0600][60.823s][info][gc,task     ] GC(92) Using 3 of 6 workers for concurrent evacuation
[2026-04-03T02:18:18.923+0600][60.824s][info][gc          ] GC(92) Concurrent evacuation 1.002ms
[2026-04-03T02:18:18.923+0600][60.824s][info][gc,start    ] GC(92) Pause Init Update Refs
[2026-04-03T02:18:18.923+0600][60.824s][info][gc,ergo     ] GC(92) Pacer for Update Refs. Used: 185M, Free: 526M, Non-Taxable: 53909K, Alloc Tax Rate: 1.1x
[2026-04-03T02:18:18.923+0600][60.824s][info][gc          ] GC(92) Pause Init Update Refs 0.155ms
[2026-04-03T02:18:18.923+0600][60.824s][info][gc,start    ] GC(92) Concurrent update references
[2026-04-03T02:18:18.923+0600][60.824s][info][gc,task     ] GC(92) Using 3 of 6 workers for concurrent reference update
[2026-04-03T02:18:18.956+0600][60.857s][info][gc          ] GC(92) Concurrent update references 33.185ms
[2026-04-03T02:18:18.956+0600][60.857s][info][gc,start    ] GC(92) Concurrent update thread roots
[2026-04-03T02:18:18.958+0600][60.859s][info][gc          ] GC(92) Concurrent update thread roots 1.307ms
[2026-04-03T02:18:18.958+0600][60.859s][info][gc,start    ] GC(92) Pause Final Update Refs
[2026-04-03T02:18:18.958+0600][60.859s][info][gc,task     ] GC(92) Using 6 of 6 workers for final reference update
[2026-04-03T02:18:18.958+0600][60.859s][info][gc          ] GC(92) Pause Final Update Refs 0.204ms
[2026-04-03T02:18:18.958+0600][60.859s][info][gc,start    ] GC(92) Concurrent cleanup
[2026-04-03T02:18:18.959+0600][60.860s][info][gc          ] GC(92) Concurrent cleanup 197M->134M(659M) 0.696ms
[2026-04-03T02:18:18.959+0600][60.860s][info][gc,ergo     ] Free: 576M, Max: 256K regular, 164M humongous, Frag: 72% external, 2% internal; Reserve: 38400K, Max: 256K
[2026-04-03T02:18:18.959+0600][60.860s][info][gc,stats    ] 
[2026-04-03T02:18:18.959+0600][60.860s][info][gc,stats    ] All times are wall-clock times, except per-root-class counters, that are sum over
[2026-04-03T02:18:18.959+0600][60.860s][info][gc,stats    ] all workers. Dividing the <total> over the root stage time estimates parallelism.
[2026-04-03T02:18:18.959+0600][60.860s][info][gc,stats    ] 
[2026-04-03T02:18:18.959+0600][60.860s][info][gc,stats    ] Concurrent Reset                    753 us
[2026-04-03T02:18:18.959+0600][60.860s][info][gc,stats    ] Pause Init Mark (G)                 375 us
[2026-04-03T02:18:18.959+0600][60.860s][info][gc,stats    ] Pause Init Mark (N)                 106 us
[2026-04-03T02:18:18.959+0600][60.860s][info][gc,stats    ]   Update Region States               22 us
[2026-04-03T02:18:18.959+0600][60.860s][info][gc,stats    ] Concurrent Mark Roots              1099 us, parallelism: 1.89x
[2026-04-03T02:18:18.959+0600][60.860s][info][gc,stats    ]   CMR: <total>                     2080 us
[2026-04-03T02:18:18.959+0600][60.860s][info][gc,stats    ]   CMR: Thread Roots                1796 us, workers (us): 488, 663, 646, ---, ---, ---, 
[2026-04-03T02:18:18.959+0600][60.860s][info][gc,stats    ]   CMR: VM Strong Roots               40 us, workers (us):  38,   1,   0, ---, ---, ---, 
[2026-04-03T02:18:18.959+0600][60.860s][info][gc,stats    ]   CMR: CLDG Roots                   245 us, workers (us): 245, ---, ---, ---, ---, ---, 
[2026-04-03T02:18:18.959+0600][60.860s][info][gc,stats    ] Concurrent Marking                50651 us
[2026-04-03T02:18:18.959+0600][60.860s][info][gc,stats    ] Pause Final Mark (G)                890 us
[2026-04-03T02:18:18.959+0600][60.860s][info][gc,stats    ] Pause Final Mark (N)                747 us
[2026-04-03T02:18:18.959+0600][60.860s][info][gc,stats    ]   Finish Mark                       251 us
[2026-04-03T02:18:18.959+0600][60.860s][info][gc,stats    ]   Update Region States               50 us
[2026-04-03T02:18:18.959+0600][60.860s][info][gc,stats    ]   Choose Collection Set             250 us
[2026-04-03T02:18:18.959+0600][60.860s][info][gc,stats    ]   Rebuild Free Set                   47 us
[2026-04-03T02:18:18.959+0600][60.860s][info][gc,stats    ] Concurrent Thread Roots            1088 us, parallelism: 2.16x
[2026-04-03T02:18:18.959+0600][60.860s][info][gc,stats    ]   CTR: <total>                     2348 us
[2026-04-03T02:18:18.959+0600][60.860s][info][gc,stats    ]   CTR: Thread Roots                2348 us, workers (us): 776, 784, 788, ---, ---, ---, 
[2026-04-03T02:18:18.959+0600][60.860s][info][gc,stats    ] Concurrent Weak References          554 us, parallelism: 1.36x
[2026-04-03T02:18:18.959+0600][60.860s][info][gc,stats    ]   CWRF: <total>                     756 us
[2026-04-03T02:18:18.959+0600][60.860s][info][gc,stats    ]   CWRF: Weak References             756 us, workers (us): 368, 367,  21, ---, ---, ---, 
[2026-04-03T02:18:18.959+0600][60.860s][info][gc,stats    ] Concurrent Weak Roots              6196 us
[2026-04-03T02:18:18.959+0600][60.860s][info][gc,stats    ]   Roots                            5587 us, parallelism: 2.77x
[2026-04-03T02:18:18.959+0600][60.860s][info][gc,stats    ]     CWR: <total>                  15479 us
[2026-04-03T02:18:18.959+0600][60.860s][info][gc,stats    ]     CWR: Code Cache Roots         13020 us, workers (us): 4493, 4217, 4310, ---, ---, ---, 
[2026-04-03T02:18:18.959+0600][60.860s][info][gc,stats    ]     CWR: VM Weak Roots             2223 us, workers (us): 745, 743, 735, ---, ---, ---, 
[2026-04-03T02:18:18.959+0600][60.860s][info][gc,stats    ]     CWR: CLDG Roots                 236 us, workers (us): ---, 236, ---, ---, ---, ---, 
[2026-04-03T02:18:18.959+0600][60.860s][info][gc,stats    ]   Rendezvous                        481 us
[2026-04-03T02:18:18.959+0600][60.860s][info][gc,stats    ] Concurrent Cleanup                  847 us
[2026-04-03T02:18:18.959+0600][60.860s][info][gc,stats    ] Concurrent Class Unloading        15141 us
[2026-04-03T02:18:18.959+0600][60.860s][info][gc,stats    ]   Unlink Stale                    13689 us
[2026-04-03T02:18:18.959+0600][60.860s][info][gc,stats    ]     System Dictionary               303 us
[2026-04-03T02:18:18.959+0600][60.860s][info][gc,stats    ]     Weak Class Links                  0 us
[2026-04-03T02:18:18.959+0600][60.861s][info][gc,stats    ]     Code Roots                    13382 us
[2026-04-03T02:18:18.959+0600][60.861s][info][gc,stats    ]   Rendezvous                        479 us
[2026-04-03T02:18:18.959+0600][60.861s][info][gc,stats    ]   Purge Unlinked                    866 us
[2026-04-03T02:18:18.959+0600][60.861s][info][gc,stats    ]     Code Roots                      849 us
[2026-04-03T02:18:18.959+0600][60.861s][info][gc,stats    ]     CLDG                             16 us
[2026-04-03T02:18:18.959+0600][60.861s][info][gc,stats    ]     Exception Caches                  0 us
[2026-04-03T02:18:18.959+0600][60.861s][info][gc,stats    ] Concurrent Strong Roots            1069 us, parallelism: 0.51x
[2026-04-03T02:18:18.959+0600][60.861s][info][gc,stats    ]   CSR: <total>                      545 us
[2026-04-03T02:18:18.959+0600][60.861s][info][gc,stats    ]   CSR: VM Strong Roots               41 us, workers (us):  39,   2,   0, ---, ---, ---, 
[2026-04-03T02:18:18.959+0600][60.861s][info][gc,stats    ]   CSR: CLDG Roots                   504 us, workers (us): 504, ---, ---, ---, ---, ---, 
[2026-04-03T02:18:18.960+0600][60.861s][info][gc,stats    ] Concurrent Evacuation              1030 us
[2026-04-03T02:18:18.960+0600][60.861s][info][gc,stats    ] Pause Init Update Refs (G)          486 us
[2026-04-03T02:18:18.960+0600][60.861s][info][gc,stats    ] Pause Init Update Refs (N)          170 us
[2026-04-03T02:18:18.960+0600][60.861s][info][gc,stats    ]   Manage GCLABs                      38 us
[2026-04-03T02:18:18.960+0600][60.861s][info][gc,stats    ] Concurrent Update Refs            33301 us
[2026-04-03T02:18:18.960+0600][60.861s][info][gc,stats    ] Concurrent Update Thread Roots     1357 us
[2026-04-03T02:18:18.960+0600][60.861s][info][gc,stats    ] Pause Final Update Refs (G)         455 us
[2026-04-03T02:18:18.960+0600][60.861s][info][gc,stats    ] Pause Final Update Refs (N)         225 us
[2026-04-03T02:18:18.960+0600][60.861s][info][gc,stats    ]   Update Region States               54 us
[2026-04-03T02:18:18.960+0600][60.861s][info][gc,stats    ]   Trash Collection Set               19 us
[2026-04-03T02:18:18.960+0600][60.861s][info][gc,stats    ]   Rebuild Free Set                   53 us
[2026-04-03T02:18:18.960+0600][60.861s][info][gc,stats    ] Concurrent Cleanup                  729 us
[2026-04-03T02:18:18.960+0600][60.861s][info][gc,stats    ] 
[2026-04-03T02:18:18.960+0600][60.861s][info][gc,stats    ] Allocation pacing accrued:
[2026-04-03T02:18:18.960+0600][60.861s][info][gc,stats    ]       0 of   404 ms (  0.0%): <total>
[2026-04-03T02:18:18.960+0600][60.861s][info][gc,stats    ]       0 of   404 ms (  0.0%): <average total>
[2026-04-03T02:18:18.960+0600][60.861s][info][gc,stats    ] 
[2026-04-03T02:18:18.960+0600][60.861s][info][gc,metaspace] Metaspace: 131347K(132864K)->131351K(132864K) NonClass: 114829K(115648K)->114833K(115648K) Class: 16517K(17216K)->16517K(17216K)
[2026-04-03T02:18:18.960+0600][60.861s][info][gc,ergo     ] Pacer for Idle. Initial: 15360K, Alloc Tax Rate: 1.0x
[2026-04-03T02:18:19.377+0600][61.278s][info][gc          ] Trigger: Average GC time (154.15 ms) is above the time for average allocation rate (1058 MB/s) to deplete free headroom (161M) (margin of error = 1.80)
[2026-04-03T02:18:19.377+0600][61.278s][info][gc,ergo     ] Free headroom: 199M (free) - 38400K (spike) - 0B (penalties) = 161M
[2026-04-03T02:18:19.377+0600][61.278s][info][gc,ergo     ] Free: 198M, Max: 256K regular, 136M humongous, Frag: 32% external, 0% internal; Reserve: 38400K, Max: 256K
[2026-04-03T02:18:19.377+0600][61.278s][info][gc,start    ] GC(93) Concurrent reset
[2026-04-03T02:18:19.377+0600][61.278s][info][gc,task     ] GC(93) Using 3 of 6 workers for concurrent reset
[2026-04-03T02:18:19.377+0600][61.278s][info][gc,ergo     ] GC(93) Pacer for Reset. Non-Taxable: 750M
[2026-04-03T02:18:19.378+0600][61.279s][info][gc          ] GC(93) Concurrent reset 0.831ms
[2026-04-03T02:18:19.378+0600][61.279s][info][gc,start    ] GC(93) Pause Init Mark (unload classes)
[2026-04-03T02:18:19.378+0600][61.279s][info][gc,task     ] GC(93) Using 6 of 6 workers for init marking
[2026-04-03T02:18:19.378+0600][61.279s][info][gc,ergo     ] GC(93) Pacer for Mark. Expected Live: 98220K, Free: 197M, Non-Taxable: 20236K, Alloc Tax Rate: 0.6x
[2026-04-03T02:18:19.378+0600][61.279s][info][gc          ] GC(93) Pause Init Mark (unload classes) 0.147ms
[2026-04-03T02:18:19.378+0600][61.279s][info][gc,start    ] GC(93) Concurrent marking roots
[2026-04-03T02:18:19.378+0600][61.279s][info][gc,task     ] GC(93) Using 3 of 6 workers for concurrent marking roots
[2026-04-03T02:18:19.380+0600][61.281s][info][gc          ] GC(93) Concurrent marking roots 1.824ms
[2026-04-03T02:18:19.380+0600][61.281s][info][gc,start    ] GC(93) Concurrent marking (unload classes)
[2026-04-03T02:18:19.380+0600][61.281s][info][gc,task     ] GC(93) Using 3 of 6 workers for concurrent marking
[2026-04-03T02:18:19.442+0600][61.343s][info][gc          ] GC(93) Concurrent marking (unload classes) 61.533ms
[2026-04-03T02:18:19.442+0600][61.343s][info][gc,start    ] GC(93) Pause Final Mark (unload classes)
[2026-04-03T02:18:19.442+0600][61.343s][info][gc,task     ] GC(93) Using 6 of 6 workers for final marking
[2026-04-03T02:18:19.442+0600][61.344s][info][gc,ergo     ] GC(93) Adaptive CSet Selection. Target Free: 106M, Actual Free: 513M, Max CSet: 32000K, Min Garbage: 0B
[2026-04-03T02:18:19.443+0600][61.344s][info][gc,ergo     ] GC(93) Collectable Garbage: 388M (97%), Immediate: 311M (78%), CSet: 78544K (19%)
[2026-04-03T02:18:19.443+0600][61.344s][info][gc,ergo     ] GC(93) Pacer for Evacuation. Used CSet: 82537K, Free: 502M, Non-Taxable: 51469K, Alloc Tax Rate: 1.1x
[2026-04-03T02:18:19.443+0600][61.344s][info][gc          ] GC(93) Pause Final Mark (unload classes) 0.829ms
[2026-04-03T02:18:19.443+0600][61.344s][info][gc,start    ] GC(93) Concurrent thread roots
[2026-04-03T02:18:19.443+0600][61.344s][info][gc,task     ] GC(93) Using 3 of 6 workers for Concurrent thread roots
[2026-04-03T02:18:19.444+0600][61.345s][info][gc          ] GC(93) Concurrent thread roots 0.952ms
[2026-04-03T02:18:19.444+0600][61.345s][info][gc,start    ] GC(93) Concurrent weak references
[2026-04-03T02:18:19.444+0600][61.345s][info][gc,task     ] GC(93) Using 3 of 6 workers for concurrent weak references
[2026-04-03T02:18:19.445+0600][61.346s][info][gc,ref      ] GC(93) Encountered references: Soft: 3792, Weak: 15150, Final: 84, Phantom: 621
[2026-04-03T02:18:19.445+0600][61.346s][info][gc,ref      ] GC(93) Discovered  references: Soft: 0, Weak: 8185, Final: 0, Phantom: 223
[2026-04-03T02:18:19.445+0600][61.346s][info][gc,ref      ] GC(93) Enqueued    references: Soft: 0, Weak: 65, Final: 0, Phantom: 0
[2026-04-03T02:18:19.445+0600][61.346s][info][gc          ] GC(93) Concurrent weak references 1.078ms
[2026-04-03T02:18:19.445+0600][61.346s][info][gc,start    ] GC(93) Concurrent weak roots
[2026-04-03T02:18:19.445+0600][61.346s][info][gc,task     ] GC(93) Using 3 of 6 workers for concurrent weak root
[2026-04-03T02:18:19.450+0600][61.351s][info][gc          ] GC(93) Concurrent weak roots 4.760ms
[2026-04-03T02:18:19.450+0600][61.351s][info][gc,start    ] GC(93) Concurrent cleanup
[2026-04-03T02:18:19.450+0600][61.352s][info][gc          ] GC(93) Concurrent cleanup 518M->206M(659M) 0.722ms
[2026-04-03T02:18:19.451+0600][61.352s][info][gc,ergo     ] GC(93) Free: 502M, Max: 256K regular, 105M humongous, Frag: 80% external, 0% internal; Reserve: 37949K, Max: 256K
[2026-04-03T02:18:19.451+0600][61.352s][info][gc,start    ] GC(93) Concurrent class unloading
[2026-04-03T02:18:19.451+0600][61.352s][info][gc,task     ] GC(93) Using 3 of 6 workers for concurrent class unloading
[2026-04-03T02:18:19.470+0600][61.371s][info][gc          ] GC(93) Concurrent class unloading 19.212ms
[2026-04-03T02:18:19.470+0600][61.371s][info][gc,start    ] GC(93) Concurrent strong roots
[2026-04-03T02:18:19.470+0600][61.371s][info][gc,task     ] GC(93) Using 3 of 6 workers for concurrent strong root
[2026-04-03T02:18:19.471+0600][61.373s][info][gc          ] GC(93) Concurrent strong roots 1.503ms
[2026-04-03T02:18:19.471+0600][61.373s][info][gc,start    ] GC(93) Concurrent evacuation
[2026-04-03T02:18:19.471+0600][61.373s][info][gc,task     ] GC(93) Using 3 of 6 workers for concurrent evacuation
[2026-04-03T02:18:19.474+0600][61.376s][info][gc          ] GC(93) Concurrent evacuation 2.994ms
[2026-04-03T02:18:19.475+0600][61.376s][info][gc,start    ] GC(93) Pause Init Update Refs
[2026-04-03T02:18:19.475+0600][61.376s][info][gc,ergo     ] GC(93) Pacer for Update Refs. Used: 227M, Free: 484M, Non-Taxable: 49640K, Alloc Tax Rate: 1.1x
[2026-04-03T02:18:19.475+0600][61.376s][info][gc          ] GC(93) Pause Init Update Refs 0.131ms
[2026-04-03T02:18:19.475+0600][61.376s][info][gc,start    ] GC(93) Concurrent update references
[2026-04-03T02:18:19.475+0600][61.376s][info][gc,task     ] GC(93) Using 3 of 6 workers for concurrent reference update
[2026-04-03T02:18:19.522+0600][61.423s][info][gc          ] GC(93) Concurrent update references 46.523ms
[2026-04-03T02:18:19.522+0600][61.423s][info][gc,start    ] GC(93) Concurrent update thread roots
[2026-04-03T02:18:19.524+0600][61.425s][info][gc          ] GC(93) Concurrent update thread roots 1.893ms
[2026-04-03T02:18:19.524+0600][61.425s][info][gc,start    ] GC(93) Pause Final Update Refs
[2026-04-03T02:18:19.524+0600][61.426s][info][gc,task     ] GC(93) Using 6 of 6 workers for final reference update
[2026-04-03T02:18:19.525+0600][61.426s][info][gc          ] GC(93) Pause Final Update Refs 0.251ms
[2026-04-03T02:18:19.525+0600][61.426s][info][gc,start    ] GC(93) Concurrent cleanup
[2026-04-03T02:18:19.525+0600][61.426s][info][gc          ] GC(93) Concurrent cleanup 263M->182M(659M) 0.739ms
[2026-04-03T02:18:19.525+0600][61.427s][info][gc,ergo     ] Free: 522M, Max: 256K regular, 229M humongous, Frag: 57% external, 0% internal; Reserve: 38400K, Max: 256K
[2026-04-03T02:18:19.526+0600][61.427s][info][gc,stats    ] 
[2026-04-03T02:18:19.526+0600][61.427s][info][gc,stats    ] All times are wall-clock times, except per-root-class counters, that are sum over
[2026-04-03T02:18:19.526+0600][61.427s][info][gc,stats    ] all workers. Dividing the <total> over the root stage time estimates parallelism.
[2026-04-03T02:18:19.526+0600][61.427s][info][gc,stats    ] 
[2026-04-03T02:18:19.526+0600][61.427s][info][gc,stats    ] Concurrent Reset                    923 us
[2026-04-03T02:18:19.526+0600][61.427s][info][gc,stats    ] Pause Init Mark (G)                 466 us
[2026-04-03T02:18:19.526+0600][61.427s][info][gc,stats    ] Pause Init Mark (N)                 156 us
[2026-04-03T02:18:19.526+0600][61.427s][info][gc,stats    ]   Update Region States               30 us
[2026-04-03T02:18:19.526+0600][61.427s][info][gc,stats    ] Concurrent Mark Roots              1892 us, parallelism: 2.09x
[2026-04-03T02:18:19.526+0600][61.427s][info][gc,stats    ]   CMR: <total>                     3956 us
[2026-04-03T02:18:19.526+0600][61.427s][info][gc,stats    ]   CMR: Thread Roots                3564 us, workers (us): 1300, 1286, 978, ---, ---, ---, 
[2026-04-03T02:18:19.526+0600][61.427s][info][gc,stats    ]   CMR: VM Strong Roots               56 us, workers (us):  24,  19,  13, ---, ---, ---, 
[2026-04-03T02:18:19.526+0600][61.427s][info][gc,stats    ]   CMR: CLDG Roots                   336 us, workers (us): ---, ---, 336, ---, ---, ---, 
[2026-04-03T02:18:19.526+0600][61.427s][info][gc,stats    ] Concurrent Marking                61634 us
[2026-04-03T02:18:19.526+0600][61.427s][info][gc,stats    ] Pause Final Mark (G)               1041 us
[2026-04-03T02:18:19.526+0600][61.427s][info][gc,stats    ] Pause Final Mark (N)                841 us
[2026-04-03T02:18:19.526+0600][61.427s][info][gc,stats    ]   Finish Mark                       339 us
[2026-04-03T02:18:19.526+0600][61.427s][info][gc,stats    ]   Update Region States               47 us
[2026-04-03T02:18:19.526+0600][61.427s][info][gc,stats    ]   Choose Collection Set             245 us
[2026-04-03T02:18:19.526+0600][61.427s][info][gc,stats    ]   Rebuild Free Set                   57 us
[2026-04-03T02:18:19.526+0600][61.427s][info][gc,stats    ] Concurrent Thread Roots            1001 us, parallelism: 2.10x
[2026-04-03T02:18:19.526+0600][61.427s][info][gc,stats    ]   CTR: <total>                     2101 us
[2026-04-03T02:18:19.526+0600][61.427s][info][gc,stats    ]   CTR: Thread Roots                2101 us, workers (us): 752, 691, 658, ---, ---, ---, 
[2026-04-03T02:18:19.526+0600][61.427s][info][gc,stats    ] Concurrent Weak References         1092 us, parallelism: 0.92x
[2026-04-03T02:18:19.526+0600][61.427s][info][gc,stats    ]   CWRF: <total>                    1000 us
[2026-04-03T02:18:19.526+0600][61.427s][info][gc,stats    ]   CWRF: Weak References            1000 us, workers (us): 131, 706, 163, ---, ---, ---, 
[2026-04-03T02:18:19.526+0600][61.427s][info][gc,stats    ] Concurrent Weak Roots              4863 us
[2026-04-03T02:18:19.526+0600][61.427s][info][gc,stats    ]   Roots                            4276 us, parallelism: 2.69x
[2026-04-03T02:18:19.526+0600][61.427s][info][gc,stats    ]     CWR: <total>                  11497 us
[2026-04-03T02:18:19.526+0600][61.427s][info][gc,stats    ]     CWR: Code Cache Roots          8936 us, workers (us): 3024, 2971, 2941, ---, ---, ---, 
[2026-04-03T02:18:19.526+0600][61.427s][info][gc,stats    ]     CWR: VM Weak Roots             2444 us, workers (us): 870, 807, 767, ---, ---, ---, 
[2026-04-03T02:18:19.526+0600][61.427s][info][gc,stats    ]     CWR: CLDG Roots                 116 us, workers (us): ---, ---, 116, ---, ---, ---, 
[2026-04-03T02:18:19.526+0600][61.427s][info][gc,stats    ]   Rendezvous                        453 us
[2026-04-03T02:18:19.526+0600][61.427s][info][gc,stats    ] Concurrent Cleanup                  739 us
[2026-04-03T02:18:19.526+0600][61.427s][info][gc,stats    ] Concurrent Class Unloading        19342 us
[2026-04-03T02:18:19.526+0600][61.427s][info][gc,stats    ]   Unlink Stale                    16908 us
[2026-04-03T02:18:19.526+0600][61.427s][info][gc,stats    ]     System Dictionary               262 us
[2026-04-03T02:18:19.526+0600][61.427s][info][gc,stats    ]     Weak Class Links                  0 us
[2026-04-03T02:18:19.526+0600][61.427s][info][gc,stats    ]     Code Roots                    16640 us
[2026-04-03T02:18:19.526+0600][61.427s][info][gc,stats    ]   Rendezvous                        772 us
[2026-04-03T02:18:19.526+0600][61.427s][info][gc,stats    ]   Purge Unlinked                   1504 us
[2026-04-03T02:18:19.526+0600][61.427s][info][gc,stats    ]     Code Roots                     1480 us
[2026-04-03T02:18:19.526+0600][61.427s][info][gc,stats    ]     CLDG                             23 us
[2026-04-03T02:18:19.526+0600][61.427s][info][gc,stats    ]     Exception Caches                  1 us
[2026-04-03T02:18:19.526+0600][61.427s][info][gc,stats    ] Concurrent Strong Roots            1564 us, parallelism: 0.69x
[2026-04-03T02:18:19.526+0600][61.427s][info][gc,stats    ]   CSR: <total>                     1083 us
[2026-04-03T02:18:19.526+0600][61.427s][info][gc,stats    ]   CSR: VM Strong Roots               66 us, workers (us):  38,  28,   0, ---, ---, ---, 
[2026-04-03T02:18:19.526+0600][61.427s][info][gc,stats    ]   CSR: CLDG Roots                  1018 us, workers (us): ---, 1018, ---, ---, ---, ---, 
[2026-04-03T02:18:19.526+0600][61.427s][info][gc,stats    ] Concurrent Evacuation              3113 us
[2026-04-03T02:18:19.526+0600][61.427s][info][gc,stats    ] Pause Init Update Refs (G)          613 us
[2026-04-03T02:18:19.526+0600][61.427s][info][gc,stats    ] Pause Init Update Refs (N)          146 us
[2026-04-03T02:18:19.526+0600][61.427s][info][gc,stats    ]   Manage GCLABs                      33 us
[2026-04-03T02:18:19.526+0600][61.427s][info][gc,stats    ] Concurrent Update Refs            46646 us
[2026-04-03T02:18:19.526+0600][61.427s][info][gc,stats    ] Concurrent Update Thread Roots     1984 us
[2026-04-03T02:18:19.526+0600][61.427s][info][gc,stats    ] Pause Final Update Refs (G)         799 us
[2026-04-03T02:18:19.526+0600][61.427s][info][gc,stats    ] Pause Final Update Refs (N)         267 us
[2026-04-03T02:18:19.526+0600][61.427s][info][gc,stats    ]   Update Region States               60 us
[2026-04-03T02:18:19.526+0600][61.427s][info][gc,stats    ]   Trash Collection Set               18 us
[2026-04-03T02:18:19.526+0600][61.427s][info][gc,stats    ]   Rebuild Free Set                   49 us
[2026-04-03T02:18:19.526+0600][61.427s][info][gc,stats    ] Concurrent Cleanup                  779 us
[2026-04-03T02:18:19.526+0600][61.427s][info][gc,stats    ] Pacing                            19423 us
[2026-04-03T02:18:19.526+0600][61.428s][info][gc,stats    ] 
[2026-04-03T02:18:19.526+0600][61.428s][info][gc,stats    ] Allocation pacing accrued:
[2026-04-03T02:18:19.526+0600][61.428s][info][gc,stats    ]      19 of   567 ms (  3.4%): dag-scheduler-event-loop
[2026-04-03T02:18:19.526+0600][61.428s][info][gc,stats    ]      19 of   567 ms (  3.4%): <total>
[2026-04-03T02:18:19.526+0600][61.428s][info][gc,stats    ]       0 of   567 ms (  0.0%): <average total>
[2026-04-03T02:18:19.526+0600][61.428s][info][gc,stats    ]      19 of   567 ms (  3.4%): <average non-zero>
[2026-04-03T02:18:19.526+0600][61.428s][info][gc,stats    ] 
[2026-04-03T02:18:19.527+0600][61.428s][info][gc,metaspace] Metaspace: 131359K(132864K)->131359K(132864K) NonClass: 114841K(115648K)->114841K(115648K) Class: 16517K(17216K)->16517K(17216K)
[2026-04-03T02:18:19.527+0600][61.428s][info][gc,ergo     ] Pacer for Idle. Initial: 15360K, Alloc Tax Rate: 1.0x
[2026-04-03T02:18:19.809+0600][61.710s][info][gc          ] Trigger: Average GC time (164.27 ms) is above the time for average allocation rate (1061 MB/s) to deplete free headroom (173M) (margin of error = 1.80)
[2026-04-03T02:18:19.809+0600][61.710s][info][gc,ergo     ] Free headroom: 210M (free) - 38400K (spike) - 0B (penalties) = 173M
[2026-04-03T02:18:19.809+0600][61.710s][info][gc,ergo     ] Free: 210M, Max: 256K regular, 105M humongous, Frag: 51% external, 0% internal; Reserve: 38400K, Max: 256K
[2026-04-03T02:18:19.809+0600][61.710s][info][gc,start    ] GC(94) Concurrent reset
[2026-04-03T02:18:19.809+0600][61.710s][info][gc,task     ] GC(94) Using 3 of 6 workers for concurrent reset
[2026-04-03T02:18:19.809+0600][61.710s][info][gc,ergo     ] GC(94) Pacer for Reset. Non-Taxable: 750M
[2026-04-03T02:18:19.810+0600][61.711s][info][gc          ] GC(94) Concurrent reset 0.971ms
[2026-04-03T02:18:19.810+0600][61.711s][info][gc,start    ] GC(94) Pause Init Mark (unload classes)
[2026-04-03T02:18:19.810+0600][61.711s][info][gc,task     ] GC(94) Using 6 of 6 workers for init marking
[2026-04-03T02:18:19.810+0600][61.711s][info][gc,ergo     ] GC(94) Pacer for Mark. Expected Live: 95271K, Free: 210M, Non-Taxable: 21511K, Alloc Tax Rate: 0.5x
[2026-04-03T02:18:19.810+0600][61.711s][info][gc          ] GC(94) Pause Init Mark (unload classes) 0.192ms
[2026-04-03T02:18:19.810+0600][61.711s][info][gc,start    ] GC(94) Concurrent marking roots
[2026-04-03T02:18:19.810+0600][61.711s][info][gc,task     ] GC(94) Using 3 of 6 workers for concurrent marking roots
[2026-04-03T02:18:19.812+0600][61.713s][info][gc          ] GC(94) Concurrent marking roots 1.732ms
[2026-04-03T02:18:19.812+0600][61.713s][info][gc,start    ] GC(94) Concurrent marking (unload classes)
[2026-04-03T02:18:19.812+0600][61.713s][info][gc,task     ] GC(94) Using 3 of 6 workers for concurrent marking
[2026-04-03T02:18:19.878+0600][61.779s][info][gc          ] GC(94) Concurrent marking (unload classes) 66.201ms
[2026-04-03T02:18:19.878+0600][61.779s][info][gc,start    ] GC(94) Pause Final Mark (unload classes)
[2026-04-03T02:18:19.878+0600][61.779s][info][gc,task     ] GC(94) Using 6 of 6 workers for final marking
[2026-04-03T02:18:19.879+0600][61.780s][info][gc,ergo     ] GC(94) Adaptive CSet Selection. Target Free: 106M, Actual Free: 535M, Max CSet: 32000K, Min Garbage: 0B
[2026-04-03T02:18:19.879+0600][61.780s][info][gc,ergo     ] GC(94) Collectable Garbage: 379M (97%), Immediate: 323M (83%), CSet: 57752K (14%)
[2026-04-03T02:18:19.879+0600][61.780s][info][gc,ergo     ] GC(94) Pacer for Evacuation. Used CSet: 60917K, Free: 520M, Non-Taxable: 53310K, Alloc Tax Rate: 1.1x
[2026-04-03T02:18:19.879+0600][61.780s][info][gc          ] GC(94) Pause Final Mark (unload classes) 0.964ms
[2026-04-03T02:18:19.879+0600][61.780s][info][gc,start    ] GC(94) Concurrent thread roots
[2026-04-03T02:18:19.879+0600][61.781s][info][gc,task     ] GC(94) Using 3 of 6 workers for Concurrent thread roots
[2026-04-03T02:18:19.880+0600][61.781s][info][gc          ] GC(94) Concurrent thread roots 0.953ms
[2026-04-03T02:18:19.880+0600][61.781s][info][gc,start    ] GC(94) Concurrent weak references
[2026-04-03T02:18:19.880+0600][61.781s][info][gc,task     ] GC(94) Using 3 of 6 workers for concurrent weak references
[2026-04-03T02:18:19.882+0600][61.783s][info][gc,ref      ] GC(94) Encountered references: Soft: 3788, Weak: 15739, Final: 84, Phantom: 621
[2026-04-03T02:18:19.882+0600][61.783s][info][gc,ref      ] GC(94) Discovered  references: Soft: 0, Weak: 9140, Final: 84, Phantom: 598
[2026-04-03T02:18:19.882+0600][61.783s][info][gc,ref      ] GC(94) Enqueued    references: Soft: 0, Weak: 17, Final: 0, Phantom: 0
[2026-04-03T02:18:19.882+0600][61.783s][info][gc          ] GC(94) Concurrent weak references 1.236ms
[2026-04-03T02:18:19.882+0600][61.783s][info][gc,start    ] GC(94) Concurrent weak roots
[2026-04-03T02:18:19.882+0600][61.783s][info][gc,task     ] GC(94) Using 3 of 6 workers for concurrent weak root
[2026-04-03T02:18:19.887+0600][61.788s][info][gc          ] GC(94) Concurrent weak roots 4.960ms
[2026-04-03T02:18:19.887+0600][61.788s][info][gc,start    ] GC(94) Concurrent cleanup
[2026-04-03T02:18:19.887+0600][61.789s][info][gc          ] GC(94) Concurrent cleanup 516M->193M(659M) 0.798ms
[2026-04-03T02:18:19.888+0600][61.789s][info][gc,ergo     ] GC(94) Free: 515M, Max: 256K regular, 105M humongous, Frag: 80% external, 0% internal; Reserve: 37827K, Max: 256K
[2026-04-03T02:18:19.888+0600][61.789s][info][gc,start    ] GC(94) Concurrent class unloading
[2026-04-03T02:18:19.888+0600][61.789s][info][gc,task     ] GC(94) Using 3 of 6 workers for concurrent class unloading
[2026-04-03T02:18:19.906+0600][61.807s][info][gc          ] GC(94) Concurrent class unloading 18.712ms
[2026-04-03T02:18:19.906+0600][61.807s][info][gc,start    ] GC(94) Concurrent strong roots
[2026-04-03T02:18:19.906+0600][61.807s][info][gc,task     ] GC(94) Using 3 of 6 workers for concurrent strong root
[2026-04-03T02:18:19.907+0600][61.809s][info][gc          ] GC(94) Concurrent strong roots 1.124ms
[2026-04-03T02:18:19.908+0600][61.809s][info][gc,start    ] GC(94) Concurrent evacuation
[2026-04-03T02:18:19.908+0600][61.809s][info][gc,task     ] GC(94) Using 3 of 6 workers for concurrent evacuation
[2026-04-03T02:18:19.910+0600][61.811s][info][gc          ] GC(94) Concurrent evacuation 2.054ms
[2026-04-03T02:18:19.910+0600][61.811s][info][gc,start    ] GC(94) Pause Init Update Refs
[2026-04-03T02:18:19.910+0600][61.811s][info][gc,ergo     ] GC(94) Pacer for Update Refs. Used: 210M, Free: 500M, Non-Taxable: 51244K, Alloc Tax Rate: 1.1x
[2026-04-03T02:18:19.910+0600][61.811s][info][gc          ] GC(94) Pause Init Update Refs 0.114ms
[2026-04-03T02:18:19.910+0600][61.811s][info][gc,start    ] GC(94) Concurrent update references
[2026-04-03T02:18:19.910+0600][61.811s][info][gc,task     ] GC(94) Using 3 of 6 workers for concurrent reference update
[2026-04-03T02:18:19.958+0600][61.859s][info][gc          ] GC(94) Concurrent update references 47.385ms
[2026-04-03T02:18:19.958+0600][61.859s][info][gc,start    ] GC(94) Concurrent update thread roots
[2026-04-03T02:18:19.959+0600][61.860s][info][gc          ] GC(94) Concurrent update thread roots 1.463ms
[2026-04-03T02:18:19.959+0600][61.861s][info][gc,start    ] GC(94) Pause Final Update Refs
[2026-04-03T02:18:19.959+0600][61.861s][info][gc,task     ] GC(94) Using 6 of 6 workers for final reference update
[2026-04-03T02:18:19.960+0600][61.861s][info][gc          ] GC(94) Pause Final Update Refs 0.204ms
[2026-04-03T02:18:19.960+0600][61.861s][info][gc,start    ] GC(94) Concurrent cleanup
[2026-04-03T02:18:19.960+0600][61.862s][info][gc          ] GC(94) Concurrent cleanup 245M->187M(659M) 0.626ms
[2026-04-03T02:18:19.961+0600][61.862s][info][gc,ergo     ] Free: 518M, Max: 256K regular, 182M humongous, Frag: 65% external, 0% internal; Reserve: 38400K, Max: 256K
[2026-04-03T02:18:19.961+0600][61.862s][info][gc,stats    ] 
[2026-04-03T02:18:19.961+0600][61.862s][info][gc,stats    ] All times are wall-clock times, except per-root-class counters, that are sum over
[2026-04-03T02:18:19.961+0600][61.862s][info][gc,stats    ] all workers. Dividing the <total> over the root stage time estimates parallelism.
[2026-04-03T02:18:19.961+0600][61.862s][info][gc,stats    ] 
[2026-04-03T02:18:19.961+0600][61.862s][info][gc,stats    ] Concurrent Reset                   1011 us
[2026-04-03T02:18:19.961+0600][61.862s][info][gc,stats    ] Pause Init Mark (G)                 460 us
[2026-04-03T02:18:19.961+0600][61.862s][info][gc,stats    ] Pause Init Mark (N)                 210 us
[2026-04-03T02:18:19.961+0600][61.862s][info][gc,stats    ]   Update Region States               51 us
[2026-04-03T02:18:19.961+0600][61.862s][info][gc,stats    ] Concurrent Mark Roots              1797 us, parallelism: 1.90x
[2026-04-03T02:18:19.961+0600][61.862s][info][gc,stats    ]   CMR: <total>                     3421 us
[2026-04-03T02:18:19.961+0600][61.862s][info][gc,stats    ]   CMR: Thread Roots                2899 us, workers (us): 1110, 1116, 673, ---, ---, ---, 
[2026-04-03T02:18:19.961+0600][61.862s][info][gc,stats    ]   CMR: VM Strong Roots               70 us, workers (us):  29,  22,  19, ---, ---, ---, 
[2026-04-03T02:18:19.961+0600][61.862s][info][gc,stats    ]   CMR: CLDG Roots                   452 us, workers (us): ---, ---, 452, ---, ---, ---, 
[2026-04-03T02:18:19.961+0600][61.862s][info][gc,stats    ] Concurrent Marking                66280 us
[2026-04-03T02:18:19.961+0600][61.862s][info][gc,stats    ] Pause Final Mark (G)               1169 us
[2026-04-03T02:18:19.961+0600][61.862s][info][gc,stats    ] Pause Final Mark (N)                979 us
[2026-04-03T02:18:19.961+0600][61.862s][info][gc,stats    ]   Finish Mark                       256 us
[2026-04-03T02:18:19.961+0600][61.862s][info][gc,stats    ]   Update Region States               52 us
[2026-04-03T02:18:19.961+0600][61.862s][info][gc,stats    ]   Choose Collection Set             299 us
[2026-04-03T02:18:19.961+0600][61.862s][info][gc,stats    ]   Rebuild Free Set                   46 us
[2026-04-03T02:18:19.961+0600][61.862s][info][gc,stats    ] Concurrent Thread Roots             981 us, parallelism: 2.50x
[2026-04-03T02:18:19.961+0600][61.862s][info][gc,stats    ]   CTR: <total>                     2455 us
[2026-04-03T02:18:19.961+0600][61.862s][info][gc,stats    ]   CTR: Thread Roots                2455 us, workers (us): 862, 843, 750, ---, ---, ---, 
[2026-04-03T02:18:19.961+0600][61.862s][info][gc,stats    ] Concurrent Weak References         1246 us, parallelism: 1.10x
[2026-04-03T02:18:19.961+0600][61.862s][info][gc,stats    ]   CWRF: <total>                    1373 us
[2026-04-03T02:18:19.961+0600][61.862s][info][gc,stats    ]   CWRF: Weak References            1373 us, workers (us): 150, 275, 947, ---, ---, ---, 
[2026-04-03T02:18:19.961+0600][61.862s][info][gc,stats    ] Concurrent Weak Roots              5048 us
[2026-04-03T02:18:19.961+0600][61.862s][info][gc,stats    ]   Roots                            4531 us, parallelism: 2.71x
[2026-04-03T02:18:19.961+0600][61.862s][info][gc,stats    ]     CWR: <total>                  12281 us
[2026-04-03T02:18:19.961+0600][61.862s][info][gc,stats    ]     CWR: Code Cache Roots          9511 us, workers (us): 3216, 3213, 3082, ---, ---, ---, 
[2026-04-03T02:18:19.961+0600][61.862s][info][gc,stats    ]     CWR: VM Weak Roots             2574 us, workers (us): 862, 861, 850, ---, ---, ---, 
[2026-04-03T02:18:19.961+0600][61.862s][info][gc,stats    ]     CWR: CLDG Roots                 196 us, workers (us): ---, ---, 196, ---, ---, ---, 
[2026-04-03T02:18:19.961+0600][61.862s][info][gc,stats    ]   Rendezvous                        403 us
[2026-04-03T02:18:19.961+0600][61.862s][info][gc,stats    ] Concurrent Cleanup                  822 us
[2026-04-03T02:18:19.961+0600][61.862s][info][gc,stats    ] Concurrent Class Unloading        18810 us
[2026-04-03T02:18:19.961+0600][61.862s][info][gc,stats    ]   Unlink Stale                    17280 us
[2026-04-03T02:18:19.961+0600][61.862s][info][gc,stats    ]     System Dictionary               323 us
[2026-04-03T02:18:19.961+0600][61.862s][info][gc,stats    ]     Weak Class Links                  0 us
[2026-04-03T02:18:19.961+0600][61.862s][info][gc,stats    ]     Code Roots                    16953 us
[2026-04-03T02:18:19.961+0600][61.862s][info][gc,stats    ]   Rendezvous                        336 us
[2026-04-03T02:18:19.961+0600][61.862s][info][gc,stats    ]   Purge Unlinked                   1064 us
[2026-04-03T02:18:19.961+0600][61.862s][info][gc,stats    ]     Code Roots                     1049 us
[2026-04-03T02:18:19.961+0600][61.862s][info][gc,stats    ]     CLDG                             14 us
[2026-04-03T02:18:19.961+0600][61.862s][info][gc,stats    ]     Exception Caches                  0 us
[2026-04-03T02:18:19.961+0600][61.862s][info][gc,stats    ] Concurrent Strong Roots            1194 us, parallelism: 0.58x
[2026-04-03T02:18:19.961+0600][61.862s][info][gc,stats    ]   CSR: <total>                      692 us
[2026-04-03T02:18:19.961+0600][61.862s][info][gc,stats    ]   CSR: VM Strong Roots               45 us, workers (us):  23,  21,   0, ---, ---, ---, 
[2026-04-03T02:18:19.961+0600][61.862s][info][gc,stats    ]   CSR: CLDG Roots                   647 us, workers (us): 647, ---, ---, ---, ---, ---, 
[2026-04-03T02:18:19.961+0600][61.863s][info][gc,stats    ] Concurrent Evacuation              2236 us
[2026-04-03T02:18:19.961+0600][61.863s][info][gc,stats    ] Pause Init Update Refs (G)          400 us
[2026-04-03T02:18:19.961+0600][61.863s][info][gc,stats    ] Pause Init Update Refs (N)          132 us
[2026-04-03T02:18:19.961+0600][61.863s][info][gc,stats    ]   Manage GCLABs                      41 us
[2026-04-03T02:18:19.961+0600][61.863s][info][gc,stats    ] Concurrent Update Refs            47468 us
[2026-04-03T02:18:19.961+0600][61.863s][info][gc,stats    ] Concurrent Update Thread Roots     1565 us
[2026-04-03T02:18:19.961+0600][61.863s][info][gc,stats    ] Pause Final Update Refs (G)         571 us
[2026-04-03T02:18:19.961+0600][61.863s][info][gc,stats    ] Pause Final Update Refs (N)         223 us
[2026-04-03T02:18:19.961+0600][61.863s][info][gc,stats    ]   Update Region States               60 us
[2026-04-03T02:18:19.962+0600][61.863s][info][gc,stats    ]   Trash Collection Set               17 us
[2026-04-03T02:18:19.962+0600][61.863s][info][gc,stats    ]   Rebuild Free Set                   48 us
[2026-04-03T02:18:19.962+0600][61.863s][info][gc,stats    ] Concurrent Cleanup                  700 us
[2026-04-03T02:18:19.962+0600][61.863s][info][gc,stats    ] Pacing                           128451 us
[2026-04-03T02:18:19.962+0600][61.863s][info][gc,stats    ] 
[2026-04-03T02:18:19.962+0600][61.863s][info][gc,stats    ] Allocation pacing accrued:
[2026-04-03T02:18:19.962+0600][61.863s][info][gc,stats    ]      11 of   435 ms (  2.6%): Executor task launch worker for task 3.0 in stage 2094.0 (TID 4082)
[2026-04-03T02:18:19.962+0600][61.863s][info][gc,stats    ]      21 of   435 ms (  4.9%): Executor task launch worker for task 1.0 in stage 2094.0 (TID 4080)
[2026-04-03T02:18:19.962+0600][61.863s][info][gc,stats    ]      21 of   435 ms (  4.9%): Executor task launch worker for task 2.0 in stage 2094.0 (TID 4081)
[2026-04-03T02:18:19.962+0600][61.863s][info][gc,stats    ]      10 of   435 ms (  2.3%): Executor task launch worker for task 0.0 in stage 2094.0 (TID 4079)
[2026-04-03T02:18:19.962+0600][61.863s][info][gc,stats    ]      21 of   435 ms (  4.9%): Executor task launch worker for task 4.0 in stage 2094.0 (TID 4083)
[2026-04-03T02:18:19.962+0600][61.863s][info][gc,stats    ]      22 of   435 ms (  5.0%): Executor task launch worker for task 5.0 in stage 2094.0 (TID 4084)
[2026-04-03T02:18:19.962+0600][61.863s][info][gc,stats    ]      21 of   435 ms (  4.9%): task-result-getter-2
[2026-04-03T02:18:19.962+0600][61.863s][info][gc,stats    ]     128 of   435 ms ( 29.5%): <total>
[2026-04-03T02:18:19.962+0600][61.863s][info][gc,stats    ]       0 of   435 ms (  0.1%): <average total>
[2026-04-03T02:18:19.962+0600][61.863s][info][gc,stats    ]      18 of   435 ms (  4.2%): <average non-zero>
[2026-04-03T02:18:19.962+0600][61.863s][info][gc,stats    ] 
[2026-04-03T02:18:19.962+0600][61.863s][info][gc,metaspace] Metaspace: 131363K(132864K)->131363K(132864K) NonClass: 114845K(115648K)->114845K(115648K) Class: 16517K(17216K)->16517K(17216K)
[2026-04-03T02:18:19.962+0600][61.863s][info][gc,ergo     ] Pacer for Idle. Initial: 15360K, Alloc Tax Rate: 1.0x
[2026-04-03T02:18:20.304+0600][62.205s][info][gc          ] Trigger: Average GC time (167.04 ms) is above the time for average allocation rate (918 MB/s) to deplete free headroom (152M) (margin of error = 1.80)
[2026-04-03T02:18:20.304+0600][62.205s][info][gc,ergo     ] Free headroom: 189M (free) - 38400K (spike) - 0B (penalties) = 152M
[2026-04-03T02:18:20.304+0600][62.205s][info][gc,ergo     ] Free: 189M, Max: 256K regular, 105M humongous, Frag: 45% external, 0% internal; Reserve: 38400K, Max: 256K
[2026-04-03T02:18:20.304+0600][62.205s][info][gc,start    ] GC(95) Concurrent reset
[2026-04-03T02:18:20.304+0600][62.205s][info][gc,task     ] GC(95) Using 3 of 6 workers for concurrent reset
[2026-04-03T02:18:20.304+0600][62.205s][info][gc,ergo     ] GC(95) Pacer for Reset. Non-Taxable: 750M
[2026-04-03T02:18:20.305+0600][62.206s][info][gc          ] GC(95) Concurrent reset 1.056ms
[2026-04-03T02:18:20.306+0600][62.207s][info][gc,start    ] GC(95) Pause Init Mark (unload classes)
[2026-04-03T02:18:20.306+0600][62.207s][info][gc,task     ] GC(95) Using 6 of 6 workers for init marking
[2026-04-03T02:18:20.306+0600][62.207s][info][gc,ergo     ] GC(95) Pacer for Mark. Expected Live: 93617K, Free: 188M, Non-Taxable: 19259K, Alloc Tax Rate: 0.6x
[2026-04-03T02:18:20.306+0600][62.207s][info][gc          ] GC(95) Pause Init Mark (unload classes) 0.349ms
[2026-04-03T02:18:20.306+0600][62.207s][info][gc,start    ] GC(95) Concurrent marking roots
[2026-04-03T02:18:20.306+0600][62.207s][info][gc,task     ] GC(95) Using 3 of 6 workers for concurrent marking roots
[2026-04-03T02:18:20.308+0600][62.209s][info][gc          ] GC(95) Concurrent marking roots 1.652ms
[2026-04-03T02:18:20.308+0600][62.209s][info][gc,start    ] GC(95) Concurrent marking (unload classes)
[2026-04-03T02:18:20.308+0600][62.209s][info][gc,task     ] GC(95) Using 3 of 6 workers for concurrent marking
[2026-04-03T02:18:20.360+0600][62.261s][info][gc          ] GC(95) Concurrent marking (unload classes) 52.375ms
[2026-04-03T02:18:20.360+0600][62.262s][info][gc,start    ] GC(95) Pause Final Mark (unload classes)
[2026-04-03T02:18:20.360+0600][62.262s][info][gc,task     ] GC(95) Using 6 of 6 workers for final marking
[2026-04-03T02:18:20.361+0600][62.262s][info][gc,ergo     ] GC(95) Adaptive CSet Selection. Target Free: 106M, Actual Free: 477M, Max CSet: 32000K, Min Garbage: 0B
[2026-04-03T02:18:20.361+0600][62.262s][info][gc,ergo     ] GC(95) Collectable Garbage: 398M (97%), Immediate: 284M (69%), CSet: 114M (28%)
[2026-04-03T02:18:20.361+0600][62.262s][info][gc,ergo     ] GC(95) Pacer for Evacuation. Used CSet: 120M, Free: 463M, Non-Taxable: 47445K, Alloc Tax Rate: 1.1x
[2026-04-03T02:18:20.361+0600][62.262s][info][gc          ] GC(95) Pause Final Mark (unload classes) 0.731ms
[2026-04-03T02:18:20.361+0600][62.262s][info][gc,start    ] GC(95) Concurrent thread roots
[2026-04-03T02:18:20.361+0600][62.262s][info][gc,task     ] GC(95) Using 3 of 6 workers for Concurrent thread roots
[2026-04-03T02:18:20.362+0600][62.263s][info][gc          ] GC(95) Concurrent thread roots 0.941ms
[2026-04-03T02:18:20.362+0600][62.263s][info][gc,start    ] GC(95) Concurrent weak references
[2026-04-03T02:18:20.362+0600][62.263s][info][gc,task     ] GC(95) Using 3 of 6 workers for concurrent weak references
[2026-04-03T02:18:20.363+0600][62.265s][info][gc,ref      ] GC(95) Encountered references: Soft: 3792, Weak: 16623, Final: 84, Phantom: 629
[2026-04-03T02:18:20.363+0600][62.265s][info][gc,ref      ] GC(95) Discovered  references: Soft: 0, Weak: 10195, Final: 52, Phantom: 625
[2026-04-03T02:18:20.363+0600][62.265s][info][gc,ref      ] GC(95) Enqueued    references: Soft: 0, Weak: 1731, Final: 0, Phantom: 0
[2026-04-03T02:18:20.363+0600][62.265s][info][gc          ] GC(95) Concurrent weak references 1.224ms
[2026-04-03T02:18:20.364+0600][62.265s][info][gc,start    ] GC(95) Concurrent weak roots
[2026-04-03T02:18:20.364+0600][62.265s][info][gc,task     ] GC(95) Using 3 of 6 workers for concurrent weak root
[2026-04-03T02:18:20.372+0600][62.273s][info][gc          ] GC(95) Concurrent weak roots 8.405ms
[2026-04-03T02:18:20.372+0600][62.273s][info][gc,start    ] GC(95) Concurrent cleanup
[2026-04-03T02:18:20.373+0600][62.274s][info][gc          ] GC(95) Concurrent cleanup 543M->259M(659M) 0.546ms
[2026-04-03T02:18:20.373+0600][62.274s][info][gc,ergo     ] GC(95) Free: 450M, Max: 256K regular, 87040K humongous, Frag: 82% external, 0% internal; Reserve: 38040K, Max: 256K
[2026-04-03T02:18:20.373+0600][62.274s][info][gc,start    ] GC(95) Concurrent class unloading
[2026-04-03T02:18:20.373+0600][62.274s][info][gc,task     ] GC(95) Using 3 of 6 workers for concurrent class unloading
[2026-04-03T02:18:20.393+0600][62.294s][info][gc          ] GC(95) Concurrent class unloading 20.283ms
[2026-04-03T02:18:20.393+0600][62.294s][info][gc,start    ] GC(95) Concurrent strong roots
[2026-04-03T02:18:20.393+0600][62.294s][info][gc,task     ] GC(95) Using 3 of 6 workers for concurrent strong root
[2026-04-03T02:18:20.394+0600][62.296s][info][gc          ] GC(95) Concurrent strong roots 1.391ms
[2026-04-03T02:18:20.395+0600][62.296s][info][gc,start    ] GC(95) Concurrent evacuation
[2026-04-03T02:18:20.395+0600][62.296s][info][gc,task     ] GC(95) Using 3 of 6 workers for concurrent evacuation
[2026-04-03T02:18:20.399+0600][62.300s][info][gc          ] GC(95) Concurrent evacuation 4.625ms
[2026-04-03T02:18:20.399+0600][62.301s][info][gc,start    ] GC(95) Pause Init Update Refs
[2026-04-03T02:18:20.400+0600][62.301s][info][gc,ergo     ] GC(95) Pacer for Update Refs. Used: 291M, Free: 424M, Non-Taxable: 43500K, Alloc Tax Rate: 1.1x
[2026-04-03T02:18:20.400+0600][62.301s][info][gc          ] GC(95) Pause Init Update Refs 0.243ms
[2026-04-03T02:18:20.400+0600][62.301s][info][gc,start    ] GC(95) Concurrent update references
[2026-04-03T02:18:20.400+0600][62.301s][info][gc,task     ] GC(95) Using 3 of 6 workers for concurrent reference update
[2026-04-03T02:18:20.454+0600][62.355s][info][gc          ] GC(95) Concurrent update references 54.060ms
[2026-04-03T02:18:20.454+0600][62.355s][info][gc,start    ] GC(95) Concurrent update thread roots
[2026-04-03T02:18:20.455+0600][62.356s][info][gc          ] GC(95) Concurrent update thread roots 1.163ms
[2026-04-03T02:18:20.455+0600][62.357s][info][gc,start    ] GC(95) Pause Final Update Refs
[2026-04-03T02:18:20.456+0600][62.357s][info][gc,task     ] GC(95) Using 6 of 6 workers for final reference update
[2026-04-03T02:18:20.456+0600][62.357s][info][gc          ] GC(95) Pause Final Update Refs 0.232ms
[2026-04-03T02:18:20.456+0600][62.357s][info][gc,start    ] GC(95) Concurrent cleanup
[2026-04-03T02:18:20.456+0600][62.357s][info][gc          ] GC(95) Concurrent cleanup 339M->219M(659M) 0.602ms
[2026-04-03T02:18:20.456+0600][62.358s][info][gc,ergo     ] Free: 488M, Max: 256K regular, 237M humongous, Frag: 52% external, 0% internal; Reserve: 38400K, Max: 256K
[2026-04-03T02:18:20.456+0600][62.358s][info][gc,stats    ] 
[2026-04-03T02:18:20.456+0600][62.358s][info][gc,stats    ] All times are wall-clock times, except per-root-class counters, that are sum over
[2026-04-03T02:18:20.457+0600][62.358s][info][gc,stats    ] all workers. Dividing the <total> over the root stage time estimates parallelism.
[2026-04-03T02:18:20.457+0600][62.358s][info][gc,stats    ] 
[2026-04-03T02:18:20.457+0600][62.358s][info][gc,stats    ] Concurrent Reset                   1130 us
[2026-04-03T02:18:20.457+0600][62.358s][info][gc,stats    ] Pause Init Mark (G)                 761 us
[2026-04-03T02:18:20.457+0600][62.358s][info][gc,stats    ] Pause Init Mark (N)                 358 us
[2026-04-03T02:18:20.457+0600][62.358s][info][gc,stats    ]   Update Region States               30 us
[2026-04-03T02:18:20.457+0600][62.358s][info][gc,stats    ] Concurrent Mark Roots              1685 us, parallelism: 1.89x
[2026-04-03T02:18:20.457+0600][62.358s][info][gc,stats    ]   CMR: <total>                     3188 us
[2026-04-03T02:18:20.457+0600][62.358s][info][gc,stats    ]   CMR: Thread Roots                2623 us, workers (us): 1022, 586, 1015, ---, ---, ---, 
[2026-04-03T02:18:20.457+0600][62.358s][info][gc,stats    ]   CMR: VM Strong Roots              124 us, workers (us):  48,  43,  32, ---, ---, ---, 
[2026-04-03T02:18:20.457+0600][62.358s][info][gc,stats    ]   CMR: CLDG Roots                   441 us, workers (us): ---, 441, ---, ---, ---, ---, 
[2026-04-03T02:18:20.457+0600][62.358s][info][gc,stats    ] Concurrent Marking                52447 us
[2026-04-03T02:18:20.457+0600][62.358s][info][gc,stats    ] Pause Final Mark (G)               1002 us
[2026-04-03T02:18:20.457+0600][62.358s][info][gc,stats    ] Pause Final Mark (N)                741 us
[2026-04-03T02:18:20.457+0600][62.358s][info][gc,stats    ]   Finish Mark                       348 us
[2026-04-03T02:18:20.457+0600][62.358s][info][gc,stats    ]   Update Region States               34 us
[2026-04-03T02:18:20.457+0600][62.358s][info][gc,stats    ]   Choose Collection Set             242 us
[2026-04-03T02:18:20.457+0600][62.358s][info][gc,stats    ]   Rebuild Free Set                   34 us
[2026-04-03T02:18:20.457+0600][62.358s][info][gc,stats    ] Concurrent Thread Roots             990 us, parallelism: 2.31x
[2026-04-03T02:18:20.457+0600][62.358s][info][gc,stats    ]   CTR: <total>                     2283 us
[2026-04-03T02:18:20.457+0600][62.358s][info][gc,stats    ]   CTR: Thread Roots                2283 us, workers (us): 810, 782, 690, ---, ---, ---, 
[2026-04-03T02:18:20.457+0600][62.358s][info][gc,stats    ] Concurrent Weak References         1235 us, parallelism: 1.22x
[2026-04-03T02:18:20.457+0600][62.358s][info][gc,stats    ]   CWRF: <total>                    1510 us
[2026-04-03T02:18:20.457+0600][62.358s][info][gc,stats    ]   CWRF: Weak References            1510 us, workers (us): 422, 1087,   1, ---, ---, ---, 
[2026-04-03T02:18:20.457+0600][62.358s][info][gc,stats    ] Concurrent Weak Roots              8500 us
[2026-04-03T02:18:20.457+0600][62.358s][info][gc,stats    ]   Roots                            7842 us, parallelism: 2.32x
[2026-04-03T02:18:20.457+0600][62.358s][info][gc,stats    ]     CWR: <total>                  18231 us
[2026-04-03T02:18:20.457+0600][62.358s][info][gc,stats    ]     CWR: Code Cache Roots         15793 us, workers (us): 5476, 6403, 3914, ---, ---, ---, 
[2026-04-03T02:18:20.457+0600][62.358s][info][gc,stats    ]     CWR: VM Weak Roots             2251 us, workers (us): 1171, 1078,   2, ---, ---, ---, 
[2026-04-03T02:18:20.457+0600][62.358s][info][gc,stats    ]     CWR: CLDG Roots                 187 us, workers (us): 187, ---, ---, ---, ---, ---, 
[2026-04-03T02:18:20.457+0600][62.358s][info][gc,stats    ]   Rendezvous                        536 us
[2026-04-03T02:18:20.457+0600][62.358s][info][gc,stats    ] Concurrent Cleanup                  583 us
[2026-04-03T02:18:20.457+0600][62.358s][info][gc,stats    ] Concurrent Class Unloading        20391 us
[2026-04-03T02:18:20.457+0600][62.358s][info][gc,stats    ]   Unlink Stale                    18294 us
[2026-04-03T02:18:20.457+0600][62.358s][info][gc,stats    ]     System Dictionary               618 us
[2026-04-03T02:18:20.457+0600][62.358s][info][gc,stats    ]     Weak Class Links                  0 us
[2026-04-03T02:18:20.457+0600][62.358s][info][gc,stats    ]     Code Roots                    17670 us
[2026-04-03T02:18:20.457+0600][62.358s][info][gc,stats    ]   Rendezvous                        462 us
[2026-04-03T02:18:20.457+0600][62.358s][info][gc,stats    ]   Purge Unlinked                   1489 us
[2026-04-03T02:18:20.457+0600][62.358s][info][gc,stats    ]     Code Roots                     1466 us
[2026-04-03T02:18:20.457+0600][62.358s][info][gc,stats    ]     CLDG                             22 us
[2026-04-03T02:18:20.457+0600][62.358s][info][gc,stats    ]     Exception Caches                  1 us
[2026-04-03T02:18:20.457+0600][62.358s][info][gc,stats    ] Concurrent Strong Roots            1486 us, parallelism: 0.66x
[2026-04-03T02:18:20.457+0600][62.358s][info][gc,stats    ]   CSR: <total>                      985 us
[2026-04-03T02:18:20.457+0600][62.358s][info][gc,stats    ]   CSR: VM Strong Roots               66 us, workers (us):  23,  24,  19, ---, ---, ---, 
[2026-04-03T02:18:20.457+0600][62.358s][info][gc,stats    ]   CSR: CLDG Roots                   919 us, workers (us): 919, ---, ---, ---, ---, ---, 
[2026-04-03T02:18:20.457+0600][62.358s][info][gc,stats    ] Concurrent Evacuation              4733 us
[2026-04-03T02:18:20.457+0600][62.358s][info][gc,stats    ] Pause Init Update Refs (G)          628 us
[2026-04-03T02:18:20.457+0600][62.358s][info][gc,stats    ] Pause Init Update Refs (N)          264 us
[2026-04-03T02:18:20.457+0600][62.358s][info][gc,stats    ]   Manage GCLABs                      57 us
[2026-04-03T02:18:20.457+0600][62.358s][info][gc,stats    ] Concurrent Update Refs            54150 us
[2026-04-03T02:18:20.457+0600][62.358s][info][gc,stats    ] Concurrent Update Thread Roots     1191 us
[2026-04-03T02:18:20.457+0600][62.358s][info][gc,stats    ] Pause Final Update Refs (G)         501 us
[2026-04-03T02:18:20.457+0600][62.358s][info][gc,stats    ] Pause Final Update Refs (N)         261 us
[2026-04-03T02:18:20.457+0600][62.358s][info][gc,stats    ]   Update Region States               52 us
[2026-04-03T02:18:20.457+0600][62.358s][info][gc,stats    ]   Trash Collection Set               18 us
[2026-04-03T02:18:20.457+0600][62.358s][info][gc,stats    ]   Rebuild Free Set                   45 us
[2026-04-03T02:18:20.457+0600][62.358s][info][gc,stats    ] Concurrent Cleanup                  631 us
[2026-04-03T02:18:20.457+0600][62.358s][info][gc,stats    ] Pacing                           220820 us
[2026-04-03T02:18:20.457+0600][62.358s][info][gc,stats    ] 
[2026-04-03T02:18:20.457+0600][62.358s][info][gc,stats    ] Allocation pacing accrued:
[2026-04-03T02:18:20.457+0600][62.358s][info][gc,stats    ]      28 of   496 ms (  5.7%): Executor task launch worker for task 5.0 in stage 2200.0 (TID 4140)
[2026-04-03T02:18:20.457+0600][62.358s][info][gc,stats    ]      28 of   496 ms (  5.7%): Executor task launch worker for task 2.0 in stage 2200.0 (TID 4137)
[2026-04-03T02:18:20.457+0600][62.358s][info][gc,stats    ]      27 of   496 ms (  5.4%): Executor task launch worker for task 0.0 in stage 2200.0 (TID 4135)
[2026-04-03T02:18:20.457+0600][62.358s][info][gc,stats    ]      27 of   496 ms (  5.5%): Executor task launch worker for task 7.0 in stage 2200.0 (TID 4142)
[2026-04-03T02:18:20.457+0600][62.358s][info][gc,stats    ]      27 of   496 ms (  5.5%): Executor task launch worker for task 3.0 in stage 2200.0 (TID 4138)
[2026-04-03T02:18:20.457+0600][62.358s][info][gc,stats    ]      27 of   496 ms (  5.4%): Executor task launch worker for task 4.0 in stage 2200.0 (TID 4139)
[2026-04-03T02:18:20.457+0600][62.358s][info][gc,stats    ]      28 of   496 ms (  5.7%): Executor task launch worker for task 1.0 in stage 2200.0 (TID 4136)
[2026-04-03T02:18:20.457+0600][62.358s][info][gc,stats    ]      28 of   496 ms (  5.7%): Executor task launch worker for task 6.0 in stage 2200.0 (TID 4141)
[2026-04-03T02:18:20.457+0600][62.358s][info][gc,stats    ]     221 of   496 ms ( 44.5%): <total>
[2026-04-03T02:18:20.457+0600][62.358s][info][gc,stats    ]       1 of   496 ms (  0.2%): <average total>
[2026-04-03T02:18:20.457+0600][62.359s][info][gc,stats    ]      28 of   496 ms (  5.6%): <average non-zero>
[2026-04-03T02:18:20.457+0600][62.359s][info][gc,stats    ] 
[2026-04-03T02:18:20.457+0600][62.359s][info][gc,metaspace] Metaspace: 131369K(132864K)->131371K(132864K) NonClass: 114851K(115648K)->114853K(115648K) Class: 16517K(17216K)->16518K(17216K)
[2026-04-03T02:18:20.457+0600][62.359s][info][gc,ergo     ] Pacer for Idle. Initial: 15360K, Alloc Tax Rate: 1.0x
[2026-04-03T02:18:20.607+0600][62.508s][info][gc          ] Trigger: Average GC time (165.43 ms) is above the time for average allocation rate (965 MB/s) to deplete free headroom (153M) (margin of error = 1.81)
[2026-04-03T02:18:20.607+0600][62.508s][info][gc,ergo     ] Free headroom: 190M (free) - 38400K (spike) - 0B (penalties) = 153M
[2026-04-03T02:18:20.607+0600][62.508s][info][gc,ergo     ] Free: 190M, Max: 256K regular, 87040K humongous, Frag: 56% external, 0% internal; Reserve: 38400K, Max: 256K
[2026-04-03T02:18:20.607+0600][62.508s][info][gc,start    ] GC(96) Concurrent reset
[2026-04-03T02:18:20.607+0600][62.508s][info][gc,task     ] GC(96) Using 3 of 6 workers for concurrent reset
[2026-04-03T02:18:20.607+0600][62.508s][info][gc,ergo     ] GC(96) Pacer for Reset. Non-Taxable: 750M
[2026-04-03T02:18:20.608+0600][62.509s][info][gc          ] GC(96) Concurrent reset 1.267ms
[2026-04-03T02:18:20.609+0600][62.510s][info][gc,start    ] GC(96) Pause Init Mark (unload classes)
[2026-04-03T02:18:20.609+0600][62.510s][info][gc,task     ] GC(96) Using 6 of 6 workers for init marking
[2026-04-03T02:18:20.609+0600][62.510s][info][gc,ergo     ] GC(96) Pacer for Mark. Expected Live: 93728K, Free: 166M, Non-Taxable: 17092K, Alloc Tax Rate: 0.7x
[2026-04-03T02:18:20.609+0600][62.510s][info][gc          ] GC(96) Pause Init Mark (unload classes) 0.183ms
[2026-04-03T02:18:20.609+0600][62.511s][info][gc,start    ] GC(96) Concurrent marking roots
[2026-04-03T02:18:20.610+0600][62.511s][info][gc,task     ] GC(96) Using 3 of 6 workers for concurrent marking roots
[2026-04-03T02:18:20.611+0600][62.512s][info][gc          ] GC(96) Concurrent marking roots 1.559ms
[2026-04-03T02:18:20.611+0600][62.512s][info][gc,start    ] GC(96) Concurrent marking (unload classes)
[2026-04-03T02:18:20.611+0600][62.512s][info][gc,task     ] GC(96) Using 3 of 6 workers for concurrent marking
[2026-04-03T02:18:20.652+0600][62.553s][info][gc          ] GC(96) Concurrent marking (unload classes) 40.642ms
[2026-04-03T02:18:20.652+0600][62.554s][info][gc,start    ] GC(96) Pause Final Mark (unload classes)
[2026-04-03T02:18:20.653+0600][62.554s][info][gc,task     ] GC(96) Using 6 of 6 workers for final marking
[2026-04-03T02:18:20.653+0600][62.554s][info][gc,ergo     ] GC(96) Adaptive CSet Selection. Target Free: 106M, Actual Free: 494M, Max CSet: 32000K, Min Garbage: 0B
[2026-04-03T02:18:20.653+0600][62.554s][info][gc,ergo     ] GC(96) Collectable Garbage: 409M (97%), Immediate: 364M (87%), CSet: 45933K (10%)
[2026-04-03T02:18:20.653+0600][62.554s][info][gc,ergo     ] GC(96) Pacer for Evacuation. Used CSet: 51232K, Free: 477M, Non-Taxable: 48860K, Alloc Tax Rate: 1.1x
[2026-04-03T02:18:20.653+0600][62.554s][info][gc          ] GC(96) Pause Final Mark (unload classes) 0.850ms
[2026-04-03T02:18:20.653+0600][62.555s][info][gc,start    ] GC(96) Concurrent thread roots
[2026-04-03T02:18:20.654+0600][62.555s][info][gc,task     ] GC(96) Using 3 of 6 workers for Concurrent thread roots
[2026-04-03T02:18:20.654+0600][62.556s][info][gc          ] GC(96) Concurrent thread roots 0.923ms
[2026-04-03T02:18:20.654+0600][62.556s][info][gc,start    ] GC(96) Concurrent weak references
[2026-04-03T02:18:20.654+0600][62.556s][info][gc,task     ] GC(96) Using 3 of 6 workers for concurrent weak references
[2026-04-03T02:18:20.656+0600][62.557s][info][gc,ref      ] GC(96) Encountered references: Soft: 3788, Weak: 15283, Final: 84, Phantom: 640
[2026-04-03T02:18:20.656+0600][62.557s][info][gc,ref      ] GC(96) Discovered  references: Soft: 0, Weak: 9192, Final: 52, Phantom: 243
[2026-04-03T02:18:20.656+0600][62.557s][info][gc,ref      ] GC(96) Enqueued    references: Soft: 0, Weak: 596, Final: 0, Phantom: 0
[2026-04-03T02:18:20.656+0600][62.557s][info][gc          ] GC(96) Concurrent weak references 1.656ms
[2026-04-03T02:18:20.656+0600][62.557s][info][gc,start    ] GC(96) Concurrent weak roots
[2026-04-03T02:18:20.656+0600][62.557s][info][gc,task     ] GC(96) Using 3 of 6 workers for concurrent weak root
[2026-04-03T02:18:20.664+0600][62.565s][info][gc          ] GC(96) Concurrent weak roots 7.482ms
[2026-04-03T02:18:20.664+0600][62.565s][info][gc,start    ] GC(96) Concurrent cleanup
[2026-04-03T02:18:20.664+0600][62.566s][info][gc          ] GC(96) Concurrent cleanup 638M->273M(674M) 0.643ms
[2026-04-03T02:18:20.665+0600][62.566s][info][gc,ergo     ] GC(96) Free: 431M, Max: 256K regular, 39424K humongous, Frag: 92% external, 0% internal; Reserve: 36378K, Max: 256K
[2026-04-03T02:18:20.665+0600][62.566s][info][gc,start    ] GC(96) Concurrent class unloading
[2026-04-03T02:18:20.665+0600][62.566s][info][gc,task     ] GC(96) Using 3 of 6 workers for concurrent class unloading
[2026-04-03T02:18:20.679+0600][62.580s][info][gc          ] GC(96) Concurrent class unloading 14.638ms
[2026-04-03T02:18:20.679+0600][62.580s][info][gc,start    ] GC(96) Concurrent strong roots
[2026-04-03T02:18:20.679+0600][62.580s][info][gc,task     ] GC(96) Using 3 of 6 workers for concurrent strong root
[2026-04-03T02:18:20.680+0600][62.582s][info][gc          ] GC(96) Concurrent strong roots 1.186ms
[2026-04-03T02:18:20.681+0600][62.582s][info][gc,start    ] GC(96) Concurrent evacuation
[2026-04-03T02:18:20.681+0600][62.582s][info][gc,task     ] GC(96) Using 3 of 6 workers for concurrent evacuation
[2026-04-03T02:18:20.682+0600][62.583s][info][gc          ] GC(96) Concurrent evacuation 1.528ms
[2026-04-03T02:18:20.682+0600][62.583s][info][gc,start    ] GC(96) Pause Init Update Refs
[2026-04-03T02:18:20.682+0600][62.584s][info][gc,ergo     ] GC(96) Pacer for Update Refs. Used: 282M, Free: 426M, Non-Taxable: 43702K, Alloc Tax Rate: 1.1x
[2026-04-03T02:18:20.682+0600][62.584s][info][gc          ] GC(96) Pause Init Update Refs 0.149ms
[2026-04-03T02:18:20.683+0600][62.584s][info][gc,start    ] GC(96) Concurrent update references
[2026-04-03T02:18:20.683+0600][62.584s][info][gc,task     ] GC(96) Using 3 of 6 workers for concurrent reference update
[2026-04-03T02:18:20.724+0600][62.625s][info][gc          ] GC(96) Concurrent update references 41.271ms
[2026-04-03T02:18:20.724+0600][62.625s][info][gc,start    ] GC(96) Concurrent update thread roots
[2026-04-03T02:18:20.726+0600][62.627s][info][gc          ] GC(96) Concurrent update thread roots 1.921ms
[2026-04-03T02:18:20.726+0600][62.627s][info][gc,start    ] GC(96) Pause Final Update Refs
[2026-04-03T02:18:20.726+0600][62.627s][info][gc,task     ] GC(96) Using 6 of 6 workers for final reference update
[2026-04-03T02:18:20.726+0600][62.628s][info][gc          ] GC(96) Pause Final Update Refs 0.239ms
[2026-04-03T02:18:20.727+0600][62.628s][info][gc,start    ] GC(96) Concurrent cleanup
[2026-04-03T02:18:20.727+0600][62.628s][info][gc          ] GC(96) Concurrent cleanup 320M->274M(674M) 0.717ms
[2026-04-03T02:18:20.727+0600][62.629s][info][gc,ergo     ] Free: 426M, Max: 256K regular, 102M humongous, Frag: 76% external, 0% internal; Reserve: 38400K, Max: 256K
[2026-04-03T02:18:20.728+0600][62.629s][info][gc,stats    ] 
[2026-04-03T02:18:20.728+0600][62.629s][info][gc,stats    ] All times are wall-clock times, except per-root-class counters, that are sum over
[2026-04-03T02:18:20.728+0600][62.629s][info][gc,stats    ] all workers. Dividing the <total> over the root stage time estimates parallelism.
[2026-04-03T02:18:20.728+0600][62.629s][info][gc,stats    ] 
[2026-04-03T02:18:20.728+0600][62.629s][info][gc,stats    ] Concurrent Reset                   1324 us
[2026-04-03T02:18:20.728+0600][62.629s][info][gc,stats    ] Pause Init Mark (G)                1168 us
[2026-04-03T02:18:20.728+0600][62.629s][info][gc,stats    ] Pause Init Mark (N)                 191 us
[2026-04-03T02:18:20.728+0600][62.629s][info][gc,stats    ]   Update Region States               38 us
[2026-04-03T02:18:20.728+0600][62.629s][info][gc,stats    ] Concurrent Mark Roots              1614 us, parallelism: 1.85x
[2026-04-03T02:18:20.728+0600][62.629s][info][gc,stats    ]   CMR: <total>                     2981 us
[2026-04-03T02:18:20.728+0600][62.629s][info][gc,stats    ]   CMR: Thread Roots                2693 us, workers (us): 960, 981, 753, ---, ---, ---, 
[2026-04-03T02:18:20.728+0600][62.629s][info][gc,stats    ]   CMR: VM Strong Roots               63 us, workers (us):  37,  19,   7, ---, ---, ---, 
[2026-04-03T02:18:20.728+0600][62.629s][info][gc,stats    ]   CMR: CLDG Roots                   225 us, workers (us): ---, ---, 225, ---, ---, ---, 
[2026-04-03T02:18:20.728+0600][62.629s][info][gc,stats    ] Concurrent Marking                40733 us
[2026-04-03T02:18:20.728+0600][62.629s][info][gc,stats    ] Pause Final Mark (G)               1684 us
[2026-04-03T02:18:20.728+0600][62.629s][info][gc,stats    ] Pause Final Mark (N)                864 us
[2026-04-03T02:18:20.728+0600][62.629s][info][gc,stats    ]   Finish Mark                       442 us
[2026-04-03T02:18:20.728+0600][62.629s][info][gc,stats    ]   Update Region States               39 us
[2026-04-03T02:18:20.728+0600][62.629s][info][gc,stats    ]   Choose Collection Set             184 us
[2026-04-03T02:18:20.728+0600][62.629s][info][gc,stats    ]   Rebuild Free Set                   42 us
[2026-04-03T02:18:20.728+0600][62.629s][info][gc,stats    ] Concurrent Thread Roots            1000 us, parallelism: 2.15x
[2026-04-03T02:18:20.728+0600][62.629s][info][gc,stats    ]   CTR: <total>                     2153 us
[2026-04-03T02:18:20.728+0600][62.629s][info][gc,stats    ]   CTR: Thread Roots                2153 us, workers (us): 758, 705, 689, ---, ---, ---, 
[2026-04-03T02:18:20.728+0600][62.629s][info][gc,stats    ] Concurrent Weak References         1669 us, parallelism: 1.17x
[2026-04-03T02:18:20.728+0600][62.629s][info][gc,stats    ]   CWRF: <total>                    1947 us
[2026-04-03T02:18:20.728+0600][62.629s][info][gc,stats    ]   CWRF: Weak References            1947 us, workers (us): 305, 260, 1383, ---, ---, ---, 
[2026-04-03T02:18:20.728+0600][62.629s][info][gc,stats    ] Concurrent Weak Roots              7624 us
[2026-04-03T02:18:20.728+0600][62.629s][info][gc,stats    ]   Roots                            4011 us, parallelism: 2.63x
[2026-04-03T02:18:20.728+0600][62.629s][info][gc,stats    ]     CWR: <total>                  10551 us
[2026-04-03T02:18:20.728+0600][62.629s][info][gc,stats    ]     CWR: Code Cache Roots          7640 us, workers (us): 2626, 2460, 2554, ---, ---, ---, 
[2026-04-03T02:18:20.728+0600][62.629s][info][gc,stats    ]     CWR: VM Weak Roots             2770 us, workers (us): 946, 931, 894, ---, ---, ---, 
[2026-04-03T02:18:20.728+0600][62.629s][info][gc,stats    ]     CWR: CLDG Roots                 141 us, workers (us): ---, 141, ---, ---, ---, ---, 
[2026-04-03T02:18:20.728+0600][62.629s][info][gc,stats    ]   Rendezvous                       3437 us
[2026-04-03T02:18:20.728+0600][62.629s][info][gc,stats    ] Concurrent Cleanup                  690 us
[2026-04-03T02:18:20.728+0600][62.629s][info][gc,stats    ] Concurrent Class Unloading        14720 us
[2026-04-03T02:18:20.728+0600][62.629s][info][gc,stats    ]   Unlink Stale                    13546 us
[2026-04-03T02:18:20.728+0600][62.629s][info][gc,stats    ]     System Dictionary               357 us
[2026-04-03T02:18:20.728+0600][62.629s][info][gc,stats    ]     Weak Class Links                  0 us
[2026-04-03T02:18:20.728+0600][62.629s][info][gc,stats    ]     Code Roots                    13184 us
[2026-04-03T02:18:20.728+0600][62.629s][info][gc,stats    ]   Rendezvous                        479 us
[2026-04-03T02:18:20.728+0600][62.629s][info][gc,stats    ]   Purge Unlinked                    574 us
[2026-04-03T02:18:20.728+0600][62.629s][info][gc,stats    ]     Code Roots                      562 us
[2026-04-03T02:18:20.728+0600][62.629s][info][gc,stats    ]     CLDG                             11 us
[2026-04-03T02:18:20.728+0600][62.629s][info][gc,stats    ]     Exception Caches                  0 us
[2026-04-03T02:18:20.728+0600][62.629s][info][gc,stats    ] Concurrent Strong Roots            1266 us, parallelism: 0.56x
[2026-04-03T02:18:20.728+0600][62.629s][info][gc,stats    ]   CSR: <total>                      713 us
[2026-04-03T02:18:20.728+0600][62.629s][info][gc,stats    ]   CSR: VM Strong Roots               31 us, workers (us):  30,   1,   0, ---, ---, ---, 
[2026-04-03T02:18:20.728+0600][62.629s][info][gc,stats    ]   CSR: CLDG Roots                   682 us, workers (us): 682, ---, ---, ---, ---, ---, 
[2026-04-03T02:18:20.728+0600][62.629s][info][gc,stats    ] Concurrent Evacuation              1602 us
[2026-04-03T02:18:20.728+0600][62.629s][info][gc,stats    ] Pause Init Update Refs (G)          442 us
[2026-04-03T02:18:20.728+0600][62.629s][info][gc,stats    ] Pause Init Update Refs (N)          164 us
[2026-04-03T02:18:20.728+0600][62.629s][info][gc,stats    ]   Manage GCLABs                      44 us
[2026-04-03T02:18:20.728+0600][62.629s][info][gc,stats    ] Concurrent Update Refs            41422 us
[2026-04-03T02:18:20.728+0600][62.629s][info][gc,stats    ] Concurrent Update Thread Roots     2029 us
[2026-04-03T02:18:20.728+0600][62.629s][info][gc,stats    ] Pause Final Update Refs (G)         540 us
[2026-04-03T02:18:20.728+0600][62.629s][info][gc,stats    ] Pause Final Update Refs (N)         255 us
[2026-04-03T02:18:20.728+0600][62.629s][info][gc,stats    ]   Update Region States               58 us
[2026-04-03T02:18:20.728+0600][62.629s][info][gc,stats    ]   Trash Collection Set               15 us
[2026-04-03T02:18:20.728+0600][62.629s][info][gc,stats    ]   Rebuild Free Set                   46 us
[2026-04-03T02:18:20.728+0600][62.629s][info][gc,stats    ] Concurrent Cleanup                  795 us
[2026-04-03T02:18:20.728+0600][62.629s][info][gc,stats    ] Pacing                           255782 us
[2026-04-03T02:18:20.728+0600][62.629s][info][gc,stats    ] 
[2026-04-03T02:18:20.728+0600][62.629s][info][gc,stats    ] Allocation pacing accrued:
[2026-04-03T02:18:20.728+0600][62.629s][info][gc,stats    ]      21 of   271 ms (  7.9%): dispatcher-BlockManagerMaster
[2026-04-03T02:18:20.728+0600][62.629s][info][gc,stats    ]      39 of   271 ms ( 14.3%): Executor task launch worker for task 2.0 in stage 2211.0 (TID 4155)
[2026-04-03T02:18:20.728+0600][62.629s][info][gc,stats    ]      57 of   271 ms ( 20.9%): Executor task launch worker for task 0.0 in stage 2211.0 (TID 4153)
[2026-04-03T02:18:20.728+0600][62.629s][info][gc,stats    ]      37 of   271 ms ( 13.8%): Executor task launch worker for task 3.0 in stage 2211.0 (TID 4156)
[2026-04-03T02:18:20.728+0600][62.629s][info][gc,stats    ]      59 of   271 ms ( 21.9%): Executor task launch worker for task 1.0 in stage 2211.0 (TID 4154)
[2026-04-03T02:18:20.728+0600][62.629s][info][gc,stats    ]      21 of   271 ms (  7.8%): block-manager-storage-async-thread-pool-22
[2026-04-03T02:18:20.728+0600][62.629s][info][gc,stats    ]      21 of   271 ms (  7.9%): block-manager-storage-async-thread-pool-57
[2026-04-03T02:18:20.728+0600][62.629s][info][gc,stats    ]     256 of   271 ms ( 94.4%): <total>
[2026-04-03T02:18:20.728+0600][62.629s][info][gc,stats    ]       1 of   271 ms (  0.3%): <average total>
[2026-04-03T02:18:20.728+0600][62.629s][info][gc,stats    ]      37 of   271 ms ( 13.5%): <average non-zero>
[2026-04-03T02:18:20.728+0600][62.629s][info][gc,stats    ] 
[2026-04-03T02:18:20.728+0600][62.629s][info][gc,metaspace] Metaspace: 131371K(132864K)->131376K(132864K) NonClass: 114853K(115648K)->114858K(115648K) Class: 16518K(17216K)->16518K(17216K)
[2026-04-03T02:18:20.728+0600][62.629s][info][gc,ergo     ] Pacer for Idle. Initial: 15360K, Alloc Tax Rate: 1.0x
[2026-04-03T02:18:20.768+0600][62.669s][info][gc          ] Trigger: Average GC time (162.97 ms) is above the time for average allocation rate (1290 MB/s) to deplete free headroom (198M) (margin of error = 1.83)
[2026-04-03T02:18:20.768+0600][62.669s][info][gc,ergo     ] Free headroom: 236M (free) - 38400K (spike) - 0B (penalties) = 198M
[2026-04-03T02:18:20.768+0600][62.669s][info][gc,ergo     ] Free: 231M, Max: 256K regular, 102M humongous, Frag: 56% external, 0% internal; Reserve: 38400K, Max: 256K
[2026-04-03T02:18:20.768+0600][62.669s][info][gc,start    ] GC(97) Concurrent reset
[2026-04-03T02:18:20.768+0600][62.669s][info][gc,task     ] GC(97) Using 3 of 6 workers for concurrent reset
[2026-04-03T02:18:20.768+0600][62.669s][info][gc,ergo     ] GC(97) Pacer for Reset. Non-Taxable: 750M
[2026-04-03T02:18:20.769+0600][62.670s][info][gc          ] GC(97) Concurrent reset 1.101ms
[2026-04-03T02:18:20.770+0600][62.671s][info][gc,start    ] GC(97) Pause Init Mark (unload classes)
[2026-04-03T02:18:20.770+0600][62.671s][info][gc,task     ] GC(97) Using 6 of 6 workers for init marking
[2026-04-03T02:18:20.770+0600][62.671s][info][gc,ergo     ] GC(97) Pacer for Mark. Expected Live: 96274K, Free: 209M, Non-Taxable: 21407K, Alloc Tax Rate: 0.5x
[2026-04-03T02:18:20.770+0600][62.671s][info][gc          ] GC(97) Pause Init Mark (unload classes) 0.165ms
[2026-04-03T02:18:20.770+0600][62.671s][info][gc,start    ] GC(97) Concurrent marking roots
[2026-04-03T02:18:20.770+0600][62.671s][info][gc,task     ] GC(97) Using 3 of 6 workers for concurrent marking roots
[2026-04-03T02:18:20.772+0600][62.673s][info][gc          ] GC(97) Concurrent marking roots 1.522ms
[2026-04-03T02:18:20.772+0600][62.673s][info][gc,start    ] GC(97) Concurrent marking (unload classes)
[2026-04-03T02:18:20.772+0600][62.673s][info][gc,task     ] GC(97) Using 3 of 6 workers for concurrent marking
[2026-04-03T02:18:20.809+0600][62.710s][info][gc          ] GC(97) Concurrent marking (unload classes) 37.416ms
[2026-04-03T02:18:20.809+0600][62.710s][info][gc,start    ] GC(97) Pause Final Mark (unload classes)
[2026-04-03T02:18:20.809+0600][62.710s][info][gc,task     ] GC(97) Using 6 of 6 workers for final marking
[2026-04-03T02:18:20.810+0600][62.711s][info][gc,ergo     ] GC(97) Adaptive CSet Selection. Target Free: 106M, Actual Free: 537M, Max CSet: 32000K, Min Garbage: 0B
[2026-04-03T02:18:20.810+0600][62.711s][info][gc,ergo     ] GC(97) Collectable Garbage: 367M (97%), Immediate: 332M (88%), CSet: 35314K (9%)
[2026-04-03T02:18:20.810+0600][62.711s][info][gc,ergo     ] GC(97) Pacer for Evacuation. Used CSet: 42179K, Free: 523M, Non-Taxable: 53628K, Alloc Tax Rate: 1.1x
[2026-04-03T02:18:20.810+0600][62.711s][info][gc          ] GC(97) Pause Final Mark (unload classes) 0.612ms
[2026-04-03T02:18:20.810+0600][62.711s][info][gc,start    ] GC(97) Concurrent thread roots
[2026-04-03T02:18:20.810+0600][62.711s][info][gc,task     ] GC(97) Using 3 of 6 workers for Concurrent thread roots
[2026-04-03T02:18:20.811+0600][62.712s][info][gc          ] GC(97) Concurrent thread roots 0.934ms
[2026-04-03T02:18:20.811+0600][62.712s][info][gc,start    ] GC(97) Concurrent weak references
[2026-04-03T02:18:20.811+0600][62.712s][info][gc,task     ] GC(97) Using 3 of 6 workers for concurrent weak references
[2026-04-03T02:18:20.812+0600][62.713s][info][gc,ref      ] GC(97) Encountered references: Soft: 3788, Weak: 14868, Final: 84, Phantom: 646
[2026-04-03T02:18:20.812+0600][62.713s][info][gc,ref      ] GC(97) Discovered  references: Soft: 0, Weak: 8951, Final: 84, Phantom: 301
[2026-04-03T02:18:20.812+0600][62.713s][info][gc,ref      ] GC(97) Enqueued    references: Soft: 0, Weak: 250, Final: 0, Phantom: 0
[2026-04-03T02:18:20.812+0600][62.714s][info][gc          ] GC(97) Concurrent weak references 1.478ms
[2026-04-03T02:18:20.812+0600][62.714s][info][gc,start    ] GC(97) Concurrent weak roots
[2026-04-03T02:18:20.812+0600][62.714s][info][gc,task     ] GC(97) Using 3 of 6 workers for concurrent weak root
[2026-04-03T02:18:20.817+0600][62.718s][info][gc          ] GC(97) Concurrent weak roots 4.817ms
[2026-04-03T02:18:20.817+0600][62.718s][info][gc,start    ] GC(97) Concurrent cleanup
[2026-04-03T02:18:20.818+0600][62.719s][info][gc          ] GC(97) Concurrent cleanup 571M->238M(674M) 0.714ms
[2026-04-03T02:18:20.818+0600][62.719s][info][gc,ergo     ] GC(97) Free: 467M, Max: 256K regular, 179M humongous, Frag: 62% external, 0% internal; Reserve: 35072K, Max: 256K
[2026-04-03T02:18:20.818+0600][62.719s][info][gc,start    ] GC(97) Concurrent class unloading
[2026-04-03T02:18:20.818+0600][62.719s][info][gc,task     ] GC(97) Using 3 of 6 workers for concurrent class unloading
[2026-04-03T02:18:20.831+0600][62.732s][info][gc          ] GC(97) Concurrent class unloading 12.730ms
[2026-04-03T02:18:20.831+0600][62.732s][info][gc,start    ] GC(97) Concurrent strong roots
[2026-04-03T02:18:20.831+0600][62.732s][info][gc,task     ] GC(97) Using 3 of 6 workers for concurrent strong root
[2026-04-03T02:18:20.832+0600][62.733s][info][gc          ] GC(97) Concurrent strong roots 0.906ms
[2026-04-03T02:18:20.832+0600][62.733s][info][gc,start    ] GC(97) Concurrent evacuation
[2026-04-03T02:18:20.832+0600][62.733s][info][gc,task     ] GC(97) Using 3 of 6 workers for concurrent evacuation
[2026-04-03T02:18:20.834+0600][62.735s][info][gc          ] GC(97) Concurrent evacuation 1.793ms
[2026-04-03T02:18:20.834+0600][62.735s][info][gc,start    ] GC(97) Pause Init Update Refs
[2026-04-03T02:18:20.834+0600][62.735s][info][gc,ergo     ] GC(97) Pacer for Update Refs. Used: 245M, Free: 466M, Non-Taxable: 47724K, Alloc Tax Rate: 1.1x
[2026-04-03T02:18:20.834+0600][62.735s][info][gc          ] GC(97) Pause Init Update Refs 0.099ms
[2026-04-03T02:18:20.834+0600][62.735s][info][gc,start    ] GC(97) Concurrent update references
[2026-04-03T02:18:20.834+0600][62.735s][info][gc,task     ] GC(97) Using 3 of 6 workers for concurrent reference update
[2026-04-03T02:18:20.872+0600][62.773s][info][gc          ] GC(97) Concurrent update references 37.739ms
[2026-04-03T02:18:20.872+0600][62.773s][info][gc,start    ] GC(97) Concurrent update thread roots
[2026-04-03T02:18:20.874+0600][62.775s][info][gc          ] GC(97) Concurrent update thread roots 1.674ms
[2026-04-03T02:18:20.874+0600][62.775s][info][gc,start    ] GC(97) Pause Final Update Refs
[2026-04-03T02:18:20.874+0600][62.775s][info][gc,task     ] GC(97) Using 6 of 6 workers for final reference update
[2026-04-03T02:18:20.874+0600][62.775s][info][gc          ] GC(97) Pause Final Update Refs 0.200ms
[2026-04-03T02:18:20.874+0600][62.775s][info][gc,start    ] GC(97) Concurrent cleanup
[2026-04-03T02:18:20.875+0600][62.776s][info][gc          ] GC(97) Concurrent cleanup 284M->244M(674M) 0.651ms
[2026-04-03T02:18:20.875+0600][62.776s][info][gc,ergo     ] Free: 458M, Max: 256K regular, 186M humongous, Frag: 60% external, 0% internal; Reserve: 38400K, Max: 256K
[2026-04-03T02:18:20.875+0600][62.776s][info][gc,stats    ] 
[2026-04-03T02:18:20.875+0600][62.776s][info][gc,stats    ] All times are wall-clock times, except per-root-class counters, that are sum over
[2026-04-03T02:18:20.875+0600][62.776s][info][gc,stats    ] all workers. Dividing the <total> over the root stage time estimates parallelism.
[2026-04-03T02:18:20.875+0600][62.776s][info][gc,stats    ] 
[2026-04-03T02:18:20.875+0600][62.776s][info][gc,stats    ] Concurrent Reset                   1156 us
[2026-04-03T02:18:20.875+0600][62.776s][info][gc,stats    ] Pause Init Mark (G)                 904 us
[2026-04-03T02:18:20.875+0600][62.776s][info][gc,stats    ] Pause Init Mark (N)                 175 us
[2026-04-03T02:18:20.875+0600][62.776s][info][gc,stats    ]   Update Region States               44 us
[2026-04-03T02:18:20.875+0600][62.776s][info][gc,stats    ] Concurrent Mark Roots              1550 us, parallelism: 1.87x
[2026-04-03T02:18:20.875+0600][62.776s][info][gc,stats    ]   CMR: <total>                     2906 us
[2026-04-03T02:18:20.875+0600][62.776s][info][gc,stats    ]   CMR: Thread Roots                2344 us, workers (us): 447, 943, 953, ---, ---, ---, 
[2026-04-03T02:18:20.875+0600][62.776s][info][gc,stats    ]   CMR: VM Strong Roots               50 us, workers (us):  48,   1,   1, ---, ---, ---, 
[2026-04-03T02:18:20.875+0600][62.776s][info][gc,stats    ]   CMR: CLDG Roots                   513 us, workers (us): 513, ---, ---, ---, ---, ---, 
[2026-04-03T02:18:20.875+0600][62.776s][info][gc,stats    ] Concurrent Marking                37478 us
[2026-04-03T02:18:20.875+0600][62.776s][info][gc,stats    ] Pause Final Mark (G)                890 us
[2026-04-03T02:18:20.875+0600][62.776s][info][gc,stats    ] Pause Final Mark (N)                627 us
[2026-04-03T02:18:20.875+0600][62.776s][info][gc,stats    ]   Finish Mark                       179 us
[2026-04-03T02:18:20.875+0600][62.776s][info][gc,stats    ]   Update Region States               74 us
[2026-04-03T02:18:20.875+0600][62.776s][info][gc,stats    ]   Choose Collection Set             193 us
[2026-04-03T02:18:20.875+0600][62.776s][info][gc,stats    ]   Rebuild Free Set                   27 us
[2026-04-03T02:18:20.875+0600][62.776s][info][gc,stats    ] Concurrent Thread Roots             965 us, parallelism: 2.33x
[2026-04-03T02:18:20.875+0600][62.776s][info][gc,stats    ]   CTR: <total>                     2249 us
[2026-04-03T02:18:20.875+0600][62.776s][info][gc,stats    ]   CTR: Thread Roots                2249 us, workers (us): 771, 739, 739, ---, ---, ---, 
[2026-04-03T02:18:20.875+0600][62.776s][info][gc,stats    ] Concurrent Weak References         1494 us, parallelism: 0.99x
[2026-04-03T02:18:20.875+0600][62.776s][info][gc,stats    ]   CWRF: <total>                    1478 us
[2026-04-03T02:18:20.875+0600][62.776s][info][gc,stats    ]   CWRF: Weak References            1478 us, workers (us): 1186, 180, 112, ---, ---, ---, 
[2026-04-03T02:18:20.875+0600][62.776s][info][gc,stats    ] Concurrent Weak Roots              4891 us
[2026-04-03T02:18:20.875+0600][62.776s][info][gc,stats    ]   Roots                            4312 us, parallelism: 2.71x
[2026-04-03T02:18:20.875+0600][62.776s][info][gc,stats    ]     CWR: <total>                  11687 us
[2026-04-03T02:18:20.875+0600][62.776s][info][gc,stats    ]     CWR: Code Cache Roots          9128 us, workers (us): 3147, 3096, 2884, ---, ---, ---, 
[2026-04-03T02:18:20.875+0600][62.776s][info][gc,stats    ]     CWR: VM Weak Roots             2282 us, workers (us): 778, 775, 729, ---, ---, ---, 
[2026-04-03T02:18:20.875+0600][62.776s][info][gc,stats    ]     CWR: CLDG Roots                 277 us, workers (us): ---, ---, 277, ---, ---, ---, 
[2026-04-03T02:18:20.875+0600][62.776s][info][gc,stats    ]   Rendezvous                        467 us
[2026-04-03T02:18:20.875+0600][62.776s][info][gc,stats    ] Concurrent Cleanup                  734 us
[2026-04-03T02:18:20.875+0600][62.776s][info][gc,stats    ] Concurrent Class Unloading        12795 us
[2026-04-03T02:18:20.875+0600][62.776s][info][gc,stats    ]   Unlink Stale                    11976 us
[2026-04-03T02:18:20.875+0600][62.776s][info][gc,stats    ]     System Dictionary               279 us
[2026-04-03T02:18:20.875+0600][62.776s][info][gc,stats    ]     Weak Class Links                  0 us
[2026-04-03T02:18:20.875+0600][62.777s][info][gc,stats    ]     Code Roots                    11694 us
[2026-04-03T02:18:20.875+0600][62.777s][info][gc,stats    ]   Rendezvous                        425 us
[2026-04-03T02:18:20.875+0600][62.777s][info][gc,stats    ]   Purge Unlinked                    293 us
[2026-04-03T02:18:20.875+0600][62.777s][info][gc,stats    ]     Code Roots                      285 us
[2026-04-03T02:18:20.875+0600][62.777s][info][gc,stats    ]     CLDG                              7 us
[2026-04-03T02:18:20.875+0600][62.777s][info][gc,stats    ]     Exception Caches                  0 us
[2026-04-03T02:18:20.875+0600][62.777s][info][gc,stats    ] Concurrent Strong Roots             956 us, parallelism: 0.56x
[2026-04-03T02:18:20.875+0600][62.777s][info][gc,stats    ]   CSR: <total>                      533 us
[2026-04-03T02:18:20.875+0600][62.777s][info][gc,stats    ]   CSR: VM Strong Roots               30 us, workers (us):  29,   1,   0, ---, ---, ---, 
[2026-04-03T02:18:20.876+0600][62.777s][info][gc,stats    ]   CSR: CLDG Roots                   503 us, workers (us): 503, ---, ---, ---, ---, ---, 
[2026-04-03T02:18:20.876+0600][62.777s][info][gc,stats    ] Concurrent Evacuation              1852 us
[2026-04-03T02:18:20.876+0600][62.777s][info][gc,stats    ] Pause Init Update Refs (G)          350 us
[2026-04-03T02:18:20.876+0600][62.777s][info][gc,stats    ] Pause Init Update Refs (N)          112 us
[2026-04-03T02:18:20.876+0600][62.777s][info][gc,stats    ]   Manage GCLABs                      30 us
[2026-04-03T02:18:20.876+0600][62.777s][info][gc,stats    ] Concurrent Update Refs            37849 us
[2026-04-03T02:18:20.876+0600][62.777s][info][gc,stats    ] Concurrent Update Thread Roots     1708 us
[2026-04-03T02:18:20.876+0600][62.777s][info][gc,stats    ] Pause Final Update Refs (G)         451 us
[2026-04-03T02:18:20.876+0600][62.777s][info][gc,stats    ] Pause Final Update Refs (N)         214 us
[2026-04-03T02:18:20.876+0600][62.777s][info][gc,stats    ]   Update Region States               50 us
[2026-04-03T02:18:20.876+0600][62.777s][info][gc,stats    ]   Trash Collection Set               11 us
[2026-04-03T02:18:20.876+0600][62.777s][info][gc,stats    ]   Rebuild Free Set                   38 us
[2026-04-03T02:18:20.876+0600][62.777s][info][gc,stats    ] Concurrent Cleanup                  715 us
[2026-04-03T02:18:20.876+0600][62.777s][info][gc,stats    ] Pacing                           267249 us
[2026-04-03T02:18:20.876+0600][62.777s][info][gc,stats    ] 
[2026-04-03T02:18:20.876+0600][62.777s][info][gc,stats    ] Allocation pacing accrued:
[2026-04-03T02:18:20.876+0600][62.777s][info][gc,stats    ]      10 of   148 ms (  6.8%): dispatcher-event-loop-3
[2026-04-03T02:18:20.876+0600][62.777s][info][gc,stats    ]      21 of   148 ms ( 14.4%): dispatcher-event-loop-6
[2026-04-03T02:18:20.876+0600][62.777s][info][gc,stats    ]      38 of   148 ms ( 25.5%): Executor task launch worker for task 3.0 in stage 2216.0 (TID 4168)
[2026-04-03T02:18:20.876+0600][62.777s][info][gc,stats    ]      59 of   148 ms ( 39.9%): Executor task launch worker for task 0.0 in stage 2216.0 (TID 4165)
[2026-04-03T02:18:20.876+0600][62.777s][info][gc,stats    ]      60 of   148 ms ( 40.4%): Executor task launch worker for task 1.0 in stage 2216.0 (TID 4166)
[2026-04-03T02:18:20.876+0600][62.777s][info][gc,stats    ]      48 of   148 ms ( 32.8%): Executor task launch worker for task 2.0 in stage 2216.0 (TID 4167)
[2026-04-03T02:18:20.876+0600][62.777s][info][gc,stats    ]      10 of   148 ms (  6.9%): task-result-getter-1
[2026-04-03T02:18:20.876+0600][62.777s][info][gc,stats    ]      21 of   148 ms ( 14.5%): block-manager-storage-async-thread-pool-58
[2026-04-03T02:18:20.876+0600][62.777s][info][gc,stats    ]     267 of   148 ms (181.1%): <total>
[2026-04-03T02:18:20.876+0600][62.777s][info][gc,stats    ]       1 of   148 ms (  0.6%): <average total>
[2026-04-03T02:18:20.876+0600][62.777s][info][gc,stats    ]      33 of   148 ms ( 22.6%): <average non-zero>
[2026-04-03T02:18:20.876+0600][62.777s][info][gc,stats    ] 
[2026-04-03T02:18:20.876+0600][62.777s][info][gc,metaspace] Metaspace: 131376K(132864K)->131383K(132864K) NonClass: 114858K(115648K)->114865K(115648K) Class: 16518K(17216K)->16518K(17216K)
[2026-04-03T02:18:20.876+0600][62.777s][info][gc,ergo     ] Pacer for Idle. Initial: 15360K, Alloc Tax Rate: 1.0x
[2026-04-03T02:18:21.331+0600][63.232s][info][gc          ] Trigger: Average GC time (153.19 ms) is above the time for average allocation rate (658 MB/s) to deplete free headroom (100M) (margin of error = 1.84)
[2026-04-03T02:18:21.331+0600][63.232s][info][gc,ergo     ] Free headroom: 138M (free) - 38400K (spike) - 0B (penalties) = 100M
[2026-04-03T02:18:21.331+0600][63.232s][info][gc,ergo     ] Free: 138M, Max: 256K regular, 81920K humongous, Frag: 42% external, 0% internal; Reserve: 38400K, Max: 256K
[2026-04-03T02:18:21.331+0600][63.232s][info][gc,start    ] GC(98) Concurrent reset
[2026-04-03T02:18:21.331+0600][63.232s][info][gc,task     ] GC(98) Using 3 of 6 workers for concurrent reset
[2026-04-03T02:18:21.331+0600][63.232s][info][gc,ergo     ] GC(98) Pacer for Reset. Non-Taxable: 750M
[2026-04-03T02:18:21.332+0600][63.233s][info][gc          ] GC(98) Concurrent reset 1.093ms
[2026-04-03T02:18:21.332+0600][63.234s][info][gc,start    ] GC(98) Pause Init Mark (unload classes)
[2026-04-03T02:18:21.332+0600][63.234s][info][gc,task     ] GC(98) Using 6 of 6 workers for init marking
[2026-04-03T02:18:21.333+0600][63.234s][info][gc,ergo     ] GC(98) Pacer for Mark. Expected Live: 98025K, Free: 134M, Non-Taxable: 13728K, Alloc Tax Rate: 0.9x
[2026-04-03T02:18:21.333+0600][63.234s][info][gc          ] GC(98) Pause Init Mark (unload classes) 0.102ms
[2026-04-03T02:18:21.333+0600][63.234s][info][gc,start    ] GC(98) Concurrent marking roots
[2026-04-03T02:18:21.333+0600][63.234s][info][gc,task     ] GC(98) Using 3 of 6 workers for concurrent marking roots
[2026-04-03T02:18:21.334+0600][63.235s][info][gc          ] GC(98) Concurrent marking roots 1.195ms
[2026-04-03T02:18:21.334+0600][63.235s][info][gc,start    ] GC(98) Concurrent marking (unload classes)
[2026-04-03T02:18:21.334+0600][63.235s][info][gc,task     ] GC(98) Using 3 of 6 workers for concurrent marking
[2026-04-03T02:18:21.389+0600][63.291s][info][gc          ] GC(98) Concurrent marking (unload classes) 55.658ms
[2026-04-03T02:18:21.390+0600][63.291s][info][gc,start    ] GC(98) Pause Final Mark (unload classes)
[2026-04-03T02:18:21.390+0600][63.291s][info][gc,task     ] GC(98) Using 6 of 6 workers for final marking
[2026-04-03T02:18:21.390+0600][63.291s][info][gc,ergo     ] GC(98) Adaptive CSet Selection. Target Free: 106M, Actual Free: 507M, Max CSet: 32000K, Min Garbage: 0B
[2026-04-03T02:18:21.391+0600][63.292s][info][gc,ergo     ] GC(98) Collectable Garbage: 445M (98%), Immediate: 360M (79%), CSet: 86417K (18%)
[2026-04-03T02:18:21.391+0600][63.292s][info][gc,ergo     ] GC(98) Pacer for Evacuation. Used CSet: 90198K, Free: 503M, Non-Taxable: 51530K, Alloc Tax Rate: 1.1x
[2026-04-03T02:18:21.391+0600][63.292s][info][gc          ] GC(98) Pause Final Mark (unload classes) 0.961ms
[2026-04-03T02:18:21.391+0600][63.292s][info][gc,start    ] GC(98) Concurrent thread roots
[2026-04-03T02:18:21.391+0600][63.292s][info][gc,task     ] GC(98) Using 3 of 6 workers for Concurrent thread roots
[2026-04-03T02:18:21.392+0600][63.293s][info][gc          ] GC(98) Concurrent thread roots 1.084ms
[2026-04-03T02:18:21.392+0600][63.293s][info][gc,start    ] GC(98) Concurrent weak references
[2026-04-03T02:18:21.392+0600][63.293s][info][gc,task     ] GC(98) Using 3 of 6 workers for concurrent weak references
[2026-04-03T02:18:21.392+0600][63.293s][info][gc,ref      ] GC(98) Encountered references: Soft: 3786, Weak: 15059, Final: 84, Phantom: 621
[2026-04-03T02:18:21.392+0600][63.293s][info][gc,ref      ] GC(98) Discovered  references: Soft: 0, Weak: 3776, Final: 0, Phantom: 616
[2026-04-03T02:18:21.392+0600][63.293s][info][gc,ref      ] GC(98) Enqueued    references: Soft: 0, Weak: 386, Final: 0, Phantom: 0
[2026-04-03T02:18:21.392+0600][63.293s][info][gc          ] GC(98) Concurrent weak references 0.468ms
[2026-04-03T02:18:21.392+0600][63.294s][info][gc,start    ] GC(98) Concurrent weak roots
[2026-04-03T02:18:21.392+0600][63.294s][info][gc,task     ] GC(98) Using 3 of 6 workers for concurrent weak root
[2026-04-03T02:18:21.399+0600][63.300s][info][gc          ] GC(98) Concurrent weak roots 6.832ms
[2026-04-03T02:18:21.399+0600][63.300s][info][gc,start    ] GC(98) Concurrent cleanup
[2026-04-03T02:18:21.400+0600][63.301s][info][gc          ] GC(98) Concurrent cleanup 581M->221M(674M) 1.014ms
[2026-04-03T02:18:21.400+0600][63.302s][info][gc,ergo     ] GC(98) Free: 487M, Max: 256K regular, 87808K humongous, Frag: 83% external, 0% internal; Reserve: 37779K, Max: 256K
[2026-04-03T02:18:21.400+0600][63.302s][info][gc,start    ] GC(98) Concurrent class unloading
[2026-04-03T02:18:21.400+0600][63.302s][info][gc,task     ] GC(98) Using 3 of 6 workers for concurrent class unloading
[2026-04-03T02:18:21.415+0600][63.316s][info][gc          ] GC(98) Concurrent class unloading 14.567ms
[2026-04-03T02:18:21.415+0600][63.316s][info][gc,start    ] GC(98) Concurrent strong roots
[2026-04-03T02:18:21.415+0600][63.316s][info][gc,task     ] GC(98) Using 3 of 6 workers for concurrent strong root
[2026-04-03T02:18:21.416+0600][63.317s][info][gc          ] GC(98) Concurrent strong roots 1.139ms
[2026-04-03T02:18:21.416+0600][63.317s][info][gc,start    ] GC(98) Concurrent evacuation
[2026-04-03T02:18:21.416+0600][63.317s][info][gc,task     ] GC(98) Using 3 of 6 workers for concurrent evacuation
[2026-04-03T02:18:21.418+0600][63.319s][info][gc          ] GC(98) Concurrent evacuation 1.560ms
[2026-04-03T02:18:21.418+0600][63.319s][info][gc,start    ] GC(98) Pause Init Update Refs
[2026-04-03T02:18:21.418+0600][63.319s][info][gc,ergo     ] GC(98) Pacer for Update Refs. Used: 229M, Free: 482M, Non-Taxable: 49407K, Alloc Tax Rate: 1.1x
[2026-04-03T02:18:21.418+0600][63.319s][info][gc          ] GC(98) Pause Init Update Refs 0.107ms
[2026-04-03T02:18:21.418+0600][63.319s][info][gc,start    ] GC(98) Concurrent update references
[2026-04-03T02:18:21.418+0600][63.319s][info][gc,task     ] GC(98) Using 3 of 6 workers for concurrent reference update
[2026-04-03T02:18:21.463+0600][63.364s][info][gc          ] GC(98) Concurrent update references 44.247ms
[2026-04-03T02:18:21.463+0600][63.364s][info][gc,start    ] GC(98) Concurrent update thread roots
[2026-04-03T02:18:21.464+0600][63.365s][info][gc          ] GC(98) Concurrent update thread roots 1.279ms
[2026-04-03T02:18:21.464+0600][63.365s][info][gc,start    ] GC(98) Pause Final Update Refs
[2026-04-03T02:18:21.464+0600][63.365s][info][gc,task     ] GC(98) Using 6 of 6 workers for final reference update
[2026-04-03T02:18:21.464+0600][63.365s][info][gc          ] GC(98) Pause Final Update Refs 0.191ms
[2026-04-03T02:18:21.465+0600][63.366s][info][gc,start    ] GC(98) Concurrent cleanup
[2026-04-03T02:18:21.465+0600][63.366s][info][gc          ] GC(98) Concurrent cleanup 266M->178M(674M) 0.624ms
[2026-04-03T02:18:21.465+0600][63.366s][info][gc,ergo     ] Free: 526M, Max: 256K regular, 290M humongous, Frag: 45% external, 0% internal; Reserve: 38400K, Max: 256K
[2026-04-03T02:18:21.465+0600][63.366s][info][gc,stats    ] 
[2026-04-03T02:18:21.465+0600][63.366s][info][gc,stats    ] All times are wall-clock times, except per-root-class counters, that are sum over
[2026-04-03T02:18:21.465+0600][63.366s][info][gc,stats    ] all workers. Dividing the <total> over the root stage time estimates parallelism.
[2026-04-03T02:18:21.465+0600][63.366s][info][gc,stats    ] 
[2026-04-03T02:18:21.465+0600][63.366s][info][gc,stats    ] Concurrent Reset                   1167 us
[2026-04-03T02:18:21.465+0600][63.366s][info][gc,stats    ] Pause Init Mark (G)                 341 us
[2026-04-03T02:18:21.465+0600][63.366s][info][gc,stats    ] Pause Init Mark (N)                 110 us
[2026-04-03T02:18:21.465+0600][63.366s][info][gc,stats    ]   Update Region States               26 us
[2026-04-03T02:18:21.465+0600][63.366s][info][gc,stats    ] Concurrent Mark Roots              1233 us, parallelism: 2.01x
[2026-04-03T02:18:21.465+0600][63.366s][info][gc,stats    ]   CMR: <total>                     2480 us
[2026-04-03T02:18:21.465+0600][63.366s][info][gc,stats    ]   CMR: Thread Roots                2098 us, workers (us): 488, 811, 799, ---, ---, ---, 
[2026-04-03T02:18:21.465+0600][63.367s][info][gc,stats    ]   CMR: VM Strong Roots               63 us, workers (us):  24,  24,  15, ---, ---, ---, 
[2026-04-03T02:18:21.465+0600][63.367s][info][gc,stats    ]   CMR: CLDG Roots                   319 us, workers (us): 319, ---, ---, ---, ---, ---, 
[2026-04-03T02:18:21.465+0600][63.367s][info][gc,stats    ] Concurrent Marking                55720 us
[2026-04-03T02:18:21.465+0600][63.367s][info][gc,stats    ] Pause Final Mark (G)               1268 us
[2026-04-03T02:18:21.465+0600][63.367s][info][gc,stats    ] Pause Final Mark (N)                971 us
[2026-04-03T02:18:21.465+0600][63.367s][info][gc,stats    ]   Finish Mark                       343 us
[2026-04-03T02:18:21.465+0600][63.367s][info][gc,stats    ]   Update Region States               50 us
[2026-04-03T02:18:21.465+0600][63.367s][info][gc,stats    ]   Choose Collection Set             250 us
[2026-04-03T02:18:21.465+0600][63.367s][info][gc,stats    ]   Rebuild Free Set                   40 us
[2026-04-03T02:18:21.465+0600][63.367s][info][gc,stats    ] Concurrent Thread Roots            1125 us, parallelism: 2.50x
[2026-04-03T02:18:21.465+0600][63.367s][info][gc,stats    ]   CTR: <total>                     2811 us
[2026-04-03T02:18:21.465+0600][63.367s][info][gc,stats    ]   CTR: Thread Roots                2811 us, workers (us): 941, 950, 920, ---, ---, ---, 
[2026-04-03T02:18:21.465+0600][63.367s][info][gc,stats    ] Concurrent Weak References          483 us, parallelism: 1.55x
[2026-04-03T02:18:21.465+0600][63.367s][info][gc,stats    ]   CWRF: <total>                     748 us
[2026-04-03T02:18:21.465+0600][63.367s][info][gc,stats    ]   CWRF: Weak References             748 us, workers (us): 283, 165, 300, ---, ---, ---, 
[2026-04-03T02:18:21.466+0600][63.367s][info][gc,stats    ] Concurrent Weak Roots              6921 us
[2026-04-03T02:18:21.466+0600][63.367s][info][gc,stats    ]   Roots                            6440 us, parallelism: 2.75x
[2026-04-03T02:18:21.466+0600][63.367s][info][gc,stats    ]     CWR: <total>                  17700 us
[2026-04-03T02:18:21.466+0600][63.367s][info][gc,stats    ]     CWR: Code Cache Roots         14206 us, workers (us): 4690, 4827, 4689, ---, ---, ---, 
[2026-04-03T02:18:21.466+0600][63.367s][info][gc,stats    ]     CWR: VM Weak Roots             3262 us, workers (us): 1179, 1174, 909, ---, ---, ---, 
[2026-04-03T02:18:21.466+0600][63.367s][info][gc,stats    ]     CWR: CLDG Roots                 231 us, workers (us): ---, ---, 231, ---, ---, ---, 
[2026-04-03T02:18:21.466+0600][63.367s][info][gc,stats    ]   Rendezvous                        360 us
[2026-04-03T02:18:21.466+0600][63.367s][info][gc,stats    ] Concurrent Cleanup                 1040 us
[2026-04-03T02:18:21.466+0600][63.367s][info][gc,stats    ] Concurrent Class Unloading        14644 us
[2026-04-03T02:18:21.466+0600][63.367s][info][gc,stats    ]   Unlink Stale                    12940 us
[2026-04-03T02:18:21.466+0600][63.367s][info][gc,stats    ]     System Dictionary               319 us
[2026-04-03T02:18:21.466+0600][63.367s][info][gc,stats    ]     Weak Class Links                  1 us
[2026-04-03T02:18:21.466+0600][63.367s][info][gc,stats    ]     Code Roots                    12618 us
[2026-04-03T02:18:21.466+0600][63.367s][info][gc,stats    ]   Rendezvous                        557 us
[2026-04-03T02:18:21.466+0600][63.367s][info][gc,stats    ]   Purge Unlinked                   1030 us
[2026-04-03T02:18:21.466+0600][63.367s][info][gc,stats    ]     Code Roots                     1014 us
[2026-04-03T02:18:21.466+0600][63.367s][info][gc,stats    ]     CLDG                             15 us
[2026-04-03T02:18:21.466+0600][63.367s][info][gc,stats    ]     Exception Caches                  1 us
[2026-04-03T02:18:21.466+0600][63.367s][info][gc,stats    ] Concurrent Strong Roots            1191 us, parallelism: 0.50x
[2026-04-03T02:18:21.466+0600][63.367s][info][gc,stats    ]   CSR: <total>                      599 us
[2026-04-03T02:18:21.466+0600][63.367s][info][gc,stats    ]   CSR: VM Strong Roots               48 us, workers (us):  18,  16,  14, ---, ---, ---, 
[2026-04-03T02:18:21.466+0600][63.367s][info][gc,stats    ]   CSR: CLDG Roots                   552 us, workers (us): 552, ---, ---, ---, ---, ---, 
[2026-04-03T02:18:21.466+0600][63.367s][info][gc,stats    ] Concurrent Evacuation              1613 us
[2026-04-03T02:18:21.466+0600][63.367s][info][gc,stats    ] Pause Init Update Refs (G)          413 us
[2026-04-03T02:18:21.466+0600][63.367s][info][gc,stats    ] Pause Init Update Refs (N)          118 us
[2026-04-03T02:18:21.466+0600][63.367s][info][gc,stats    ]   Manage GCLABs                      42 us
[2026-04-03T02:18:21.466+0600][63.367s][info][gc,stats    ] Concurrent Update Refs            44332 us
[2026-04-03T02:18:21.466+0600][63.367s][info][gc,stats    ] Concurrent Update Thread Roots     1337 us
[2026-04-03T02:18:21.466+0600][63.367s][info][gc,stats    ] Pause Final Update Refs (G)         585 us
[2026-04-03T02:18:21.466+0600][63.367s][info][gc,stats    ] Pause Final Update Refs (N)         207 us
[2026-04-03T02:18:21.466+0600][63.367s][info][gc,stats    ]   Update Region States               55 us
[2026-04-03T02:18:21.466+0600][63.367s][info][gc,stats    ]   Trash Collection Set               16 us
[2026-04-03T02:18:21.466+0600][63.367s][info][gc,stats    ]   Rebuild Free Set                   46 us
[2026-04-03T02:18:21.466+0600][63.367s][info][gc,stats    ] Concurrent Cleanup                  648 us
[2026-04-03T02:18:21.466+0600][63.367s][info][gc,stats    ] Pacing                           197857 us
[2026-04-03T02:18:21.466+0600][63.367s][info][gc,stats    ] 
[2026-04-03T02:18:21.466+0600][63.367s][info][gc,stats    ] Allocation pacing accrued:
[2026-04-03T02:18:21.466+0600][63.367s][info][gc,stats    ]      22 of   590 ms (  3.8%): Executor task launch worker for task 7.0 in stage 2238.0 (TID 4220)
[2026-04-03T02:18:21.466+0600][63.367s][info][gc,stats    ]      27 of   590 ms (  4.5%): Executor task launch worker for task 2.0 in stage 2238.0 (TID 4215)
[2026-04-03T02:18:21.466+0600][63.367s][info][gc,stats    ]      27 of   590 ms (  4.7%): Executor task launch worker for task 1.0 in stage 2238.0 (TID 4214)
[2026-04-03T02:18:21.466+0600][63.367s][info][gc,stats    ]      21 of   590 ms (  3.6%): Executor task launch worker for task 6.0 in stage 2238.0 (TID 4219)
[2026-04-03T02:18:21.466+0600][63.367s][info][gc,stats    ]      22 of   590 ms (  3.8%): Executor task launch worker for task 3.0 in stage 2238.0 (TID 4216)
[2026-04-03T02:18:21.466+0600][63.367s][info][gc,stats    ]      28 of   590 ms (  4.7%): Executor task launch worker for task 5.0 in stage 2238.0 (TID 4218)
[2026-04-03T02:18:21.466+0600][63.367s][info][gc,stats    ]      28 of   590 ms (  4.7%): Executor task launch worker for task 0.0 in stage 2238.0 (TID 4213)
[2026-04-03T02:18:21.466+0600][63.367s][info][gc,stats    ]      22 of   590 ms (  3.8%): Executor task launch worker for task 4.0 in stage 2238.0 (TID 4217)
[2026-04-03T02:18:21.466+0600][63.367s][info][gc,stats    ]     198 of   590 ms ( 33.5%): <total>
[2026-04-03T02:18:21.466+0600][63.367s][info][gc,stats    ]       1 of   590 ms (  0.1%): <average total>
[2026-04-03T02:18:21.466+0600][63.367s][info][gc,stats    ]      25 of   590 ms (  4.2%): <average non-zero>
[2026-04-03T02:18:21.466+0600][63.367s][info][gc,stats    ] 
[2026-04-03T02:18:21.466+0600][63.367s][info][gc,metaspace] Metaspace: 131405K(132864K)->131406K(132864K) NonClass: 114887K(115648K)->114888K(115648K) Class: 16518K(17216K)->16518K(17216K)
[2026-04-03T02:18:21.466+0600][63.367s][info][gc,ergo     ] Pacer for Idle. Initial: 15360K, Alloc Tax Rate: 1.0x
[2026-04-03T02:18:21.728+0600][63.629s][info][gc          ] Trigger: Average GC time (153.45 ms) is above the time for average allocation rate (1093 MB/s) to deplete free headroom (167M) (margin of error = 1.83)
[2026-04-03T02:18:21.728+0600][63.629s][info][gc,ergo     ] Free headroom: 205M (free) - 38400K (spike) - 0B (penalties) = 167M
[2026-04-03T02:18:21.728+0600][63.629s][info][gc,ergo     ] Free: 205M, Max: 256K regular, 108M humongous, Frag: 47% external, 1% internal; Reserve: 38400K, Max: 256K
[2026-04-03T02:18:21.728+0600][63.629s][info][gc,start    ] GC(99) Concurrent reset
[2026-04-03T02:18:21.728+0600][63.629s][info][gc,task     ] GC(99) Using 3 of 6 workers for concurrent reset
[2026-04-03T02:18:21.728+0600][63.629s][info][gc,ergo     ] GC(99) Pacer for Reset. Non-Taxable: 750M
[2026-04-03T02:18:21.729+0600][63.630s][info][gc          ] GC(99) Concurrent reset 0.853ms
[2026-04-03T02:18:21.729+0600][63.630s][info][gc,start    ] GC(99) Pause Init Mark (unload classes)
[2026-04-03T02:18:21.729+0600][63.630s][info][gc,task     ] GC(99) Using 6 of 6 workers for init marking
[2026-04-03T02:18:21.729+0600][63.630s][info][gc,ergo     ] GC(99) Pacer for Mark. Expected Live: 97979K, Free: 204M, Non-Taxable: 20928K, Alloc Tax Rate: 0.6x
[2026-04-03T02:18:21.729+0600][63.630s][info][gc          ] GC(99) Pause Init Mark (unload classes) 0.113ms
[2026-04-03T02:18:21.729+0600][63.631s][info][gc,start    ] GC(99) Concurrent marking roots
[2026-04-03T02:18:21.729+0600][63.631s][info][gc,task     ] GC(99) Using 3 of 6 workers for concurrent marking roots
[2026-04-03T02:18:21.731+0600][63.632s][info][gc          ] GC(99) Concurrent marking roots 1.168ms
[2026-04-03T02:18:21.731+0600][63.632s][info][gc,start    ] GC(99) Concurrent marking (unload classes)
[2026-04-03T02:18:21.731+0600][63.632s][info][gc,task     ] GC(99) Using 3 of 6 workers for concurrent marking
[2026-04-03T02:18:21.787+0600][63.688s][info][gc          ] GC(99) Concurrent marking (unload classes) 56.701ms
[2026-04-03T02:18:21.787+0600][63.689s][info][gc,start    ] GC(99) Pause Final Mark (unload classes)
[2026-04-03T02:18:21.787+0600][63.689s][info][gc,task     ] GC(99) Using 6 of 6 workers for final marking
[2026-04-03T02:18:21.788+0600][63.689s][info][gc,ergo     ] GC(99) Adaptive CSet Selection. Target Free: 106M, Actual Free: 549M, Max CSet: 32000K, Min Garbage: 0B
[2026-04-03T02:18:21.788+0600][63.689s][info][gc,ergo     ] GC(99) Collectable Garbage: 383M (97%), Immediate: 341M (86%), CSet: 43497K (10%)
[2026-04-03T02:18:21.788+0600][63.689s][info][gc,ergo     ] GC(99) Pacer for Evacuation. Used CSet: 46221K, Free: 536M, Non-Taxable: 54982K, Alloc Tax Rate: 1.1x
[2026-04-03T02:18:21.788+0600][63.689s][info][gc          ] GC(99) Pause Final Mark (unload classes) 0.626ms
[2026-04-03T02:18:21.788+0600][63.689s][info][gc,start    ] GC(99) Concurrent thread roots
[2026-04-03T02:18:21.788+0600][63.689s][info][gc,task     ] GC(99) Using 3 of 6 workers for Concurrent thread roots
[2026-04-03T02:18:21.789+0600][63.690s][info][gc          ] GC(99) Concurrent thread roots 1.152ms
[2026-04-03T02:18:21.789+0600][63.690s][info][gc,start    ] GC(99) Concurrent weak references
[2026-04-03T02:18:21.789+0600][63.690s][info][gc,task     ] GC(99) Using 3 of 6 workers for concurrent weak references
[2026-04-03T02:18:21.790+0600][63.691s][info][gc,ref      ] GC(99) Encountered references: Soft: 3784, Weak: 15471, Final: 84, Phantom: 621
[2026-04-03T02:18:21.790+0600][63.691s][info][gc,ref      ] GC(99) Discovered  references: Soft: 0, Weak: 8551, Final: 84, Phantom: 617
[2026-04-03T02:18:21.790+0600][63.691s][info][gc,ref      ] GC(99) Enqueued    references: Soft: 0, Weak: 39, Final: 0, Phantom: 0
[2026-04-03T02:18:21.790+0600][63.691s][info][gc          ] GC(99) Concurrent weak references 1.084ms
[2026-04-03T02:18:21.790+0600][63.691s][info][gc,start    ] GC(99) Concurrent weak roots
[2026-04-03T02:18:21.790+0600][63.692s][info][gc,task     ] GC(99) Using 3 of 6 workers for concurrent weak root
[2026-04-03T02:18:21.794+0600][63.695s][info][gc          ] GC(99) Concurrent weak roots 3.643ms
[2026-04-03T02:18:21.794+0600][63.695s][info][gc,start    ] GC(99) Concurrent cleanup
[2026-04-03T02:18:21.795+0600][63.696s][info][gc          ] GC(99) Concurrent cleanup 514M->174M(674M) 0.728ms
[2026-04-03T02:18:21.795+0600][63.696s][info][gc,ergo     ] GC(99) Free: 535M, Max: 256K regular, 77568K humongous, Frag: 86% external, 0% internal; Reserve: 37959K, Max: 256K
[2026-04-03T02:18:21.795+0600][63.696s][info][gc,start    ] GC(99) Concurrent class unloading
[2026-04-03T02:18:21.795+0600][63.696s][info][gc,task     ] GC(99) Using 3 of 6 workers for concurrent class unloading
[2026-04-03T02:18:21.810+0600][63.711s][info][gc          ] GC(99) Concurrent class unloading 14.792ms
[2026-04-03T02:18:21.810+0600][63.711s][info][gc,start    ] GC(99) Concurrent strong roots
[2026-04-03T02:18:21.810+0600][63.711s][info][gc,task     ] GC(99) Using 3 of 6 workers for concurrent strong root
[2026-04-03T02:18:21.811+0600][63.712s][info][gc          ] GC(99) Concurrent strong roots 0.986ms
[2026-04-03T02:18:21.811+0600][63.712s][info][gc,start    ] GC(99) Concurrent evacuation
[2026-04-03T02:18:21.811+0600][63.712s][info][gc,task     ] GC(99) Using 3 of 6 workers for concurrent evacuation
[2026-04-03T02:18:21.812+0600][63.713s][info][gc          ] GC(99) Concurrent evacuation 1.082ms
[2026-04-03T02:18:21.812+0600][63.713s][info][gc,start    ] GC(99) Pause Init Update Refs
[2026-04-03T02:18:21.812+0600][63.713s][info][gc,ergo     ] GC(99) Pacer for Update Refs. Used: 190M, Free: 520M, Non-Taxable: 53330K, Alloc Tax Rate: 1.1x
[2026-04-03T02:18:21.812+0600][63.713s][info][gc          ] GC(99) Pause Init Update Refs 0.115ms
[2026-04-03T02:18:21.812+0600][63.713s][info][gc,start    ] GC(99) Concurrent update references
[2026-04-03T02:18:21.812+0600][63.713s][info][gc,task     ] GC(99) Using 3 of 6 workers for concurrent reference update
[2026-04-03T02:18:21.862+0600][63.763s][info][gc          ] GC(99) Concurrent update references 49.800ms
[2026-04-03T02:18:21.862+0600][63.763s][info][gc,start    ] GC(99) Concurrent update thread roots
[2026-04-03T02:18:21.864+0600][63.765s][info][gc          ] GC(99) Concurrent update thread roots 2.038ms
[2026-04-03T02:18:21.865+0600][63.766s][info][gc,start    ] GC(99) Pause Final Update Refs
[2026-04-03T02:18:21.865+0600][63.766s][info][gc,task     ] GC(99) Using 6 of 6 workers for final reference update
[2026-04-03T02:18:21.865+0600][63.766s][info][gc          ] GC(99) Pause Final Update Refs 0.262ms
[2026-04-03T02:18:21.865+0600][63.766s][info][gc,start    ] GC(99) Concurrent cleanup
[2026-04-03T02:18:21.865+0600][63.766s][info][gc          ] GC(99) Concurrent cleanup 228M->183M(674M) 0.301ms
[2026-04-03T02:18:21.865+0600][63.766s][info][gc,ergo     ] Free: 523M, Max: 256K regular, 182M humongous, Frag: 66% external, 0% internal; Reserve: 38400K, Max: 256K
[2026-04-03T02:18:21.865+0600][63.766s][info][gc,stats    ] 
[2026-04-03T02:18:21.865+0600][63.766s][info][gc,stats    ] All times are wall-clock times, except per-root-class counters, that are sum over
[2026-04-03T02:18:21.865+0600][63.766s][info][gc,stats    ] all workers. Dividing the <total> over the root stage time estimates parallelism.
[2026-04-03T02:18:21.865+0600][63.767s][info][gc,stats    ] 
[2026-04-03T02:18:21.865+0600][63.767s][info][gc,stats    ] Concurrent Reset                    904 us
[2026-04-03T02:18:21.865+0600][63.767s][info][gc,stats    ] Pause Init Mark (G)                 382 us
[2026-04-03T02:18:21.865+0600][63.767s][info][gc,stats    ] Pause Init Mark (N)                 121 us
[2026-04-03T02:18:21.865+0600][63.767s][info][gc,stats    ]   Update Region States               24 us
[2026-04-03T02:18:21.865+0600][63.767s][info][gc,stats    ] Concurrent Mark Roots              1213 us, parallelism: 1.82x
[2026-04-03T02:18:21.865+0600][63.767s][info][gc,stats    ]   CMR: <total>                     2207 us
[2026-04-03T02:18:21.866+0600][63.767s][info][gc,stats    ]   CMR: Thread Roots                1827 us, workers (us): 724, 383, 719, ---, ---, ---, 
[2026-04-03T02:18:21.866+0600][63.767s][info][gc,stats    ]   CMR: VM Strong Roots               44 us, workers (us):  23,  21,   1, ---, ---, ---, 
[2026-04-03T02:18:21.866+0600][63.767s][info][gc,stats    ]   CMR: CLDG Roots                   336 us, workers (us): ---, 336, ---, ---, ---, ---, 
[2026-04-03T02:18:21.866+0600][63.767s][info][gc,stats    ] Concurrent Marking                56752 us
[2026-04-03T02:18:21.866+0600][63.767s][info][gc,stats    ] Pause Final Mark (G)                708 us
[2026-04-03T02:18:21.866+0600][63.767s][info][gc,stats    ] Pause Final Mark (N)                634 us
[2026-04-03T02:18:21.866+0600][63.767s][info][gc,stats    ]   Finish Mark                       314 us
[2026-04-03T02:18:21.866+0600][63.767s][info][gc,stats    ]   Update Region States               33 us
[2026-04-03T02:18:21.866+0600][63.767s][info][gc,stats    ]   Choose Collection Set             173 us
[2026-04-03T02:18:21.866+0600][63.767s][info][gc,stats    ]   Rebuild Free Set                   33 us
[2026-04-03T02:18:21.866+0600][63.767s][info][gc,stats    ] Concurrent Thread Roots            1195 us, parallelism: 2.10x
[2026-04-03T02:18:21.866+0600][63.767s][info][gc,stats    ]   CTR: <total>                     2509 us
[2026-04-03T02:18:21.866+0600][63.767s][info][gc,stats    ]   CTR: Thread Roots                2509 us, workers (us): 845, 845, 818, ---, ---, ---, 
[2026-04-03T02:18:21.866+0600][63.767s][info][gc,stats    ] Concurrent Weak References         1097 us, parallelism: 0.85x
[2026-04-03T02:18:21.866+0600][63.767s][info][gc,stats    ]   CWRF: <total>                     934 us
[2026-04-03T02:18:21.866+0600][63.767s][info][gc,stats    ]   CWRF: Weak References             934 us, workers (us): 747,  65, 122, ---, ---, ---, 
[2026-04-03T02:18:21.866+0600][63.767s][info][gc,stats    ] Concurrent Weak Roots              3698 us
[2026-04-03T02:18:21.866+0600][63.767s][info][gc,stats    ]   Roots                            3346 us, parallelism: 2.62x
[2026-04-03T02:18:21.866+0600][63.767s][info][gc,stats    ]     CWR: <total>                   8773 us
[2026-04-03T02:18:21.866+0600][63.767s][info][gc,stats    ]     CWR: Code Cache Roots          6575 us, workers (us): 2119, 2170, 2286, ---, ---, ---, 
[2026-04-03T02:18:21.866+0600][63.767s][info][gc,stats    ]     CWR: VM Weak Roots             2111 us, workers (us): 768, 722, 621, ---, ---, ---, 
[2026-04-03T02:18:21.866+0600][63.767s][info][gc,stats    ]     CWR: CLDG Roots                  88 us, workers (us): ---,  88, ---, ---, ---, ---, 
[2026-04-03T02:18:21.866+0600][63.767s][info][gc,stats    ]   Rendezvous                        250 us
[2026-04-03T02:18:21.866+0600][63.767s][info][gc,stats    ] Concurrent Cleanup                  752 us
[2026-04-03T02:18:21.866+0600][63.767s][info][gc,stats    ] Concurrent Class Unloading        14900 us
[2026-04-03T02:18:21.866+0600][63.767s][info][gc,stats    ]   Unlink Stale                    13250 us
[2026-04-03T02:18:21.866+0600][63.767s][info][gc,stats    ]     System Dictionary               208 us
[2026-04-03T02:18:21.866+0600][63.767s][info][gc,stats    ]     Weak Class Links                  0 us
[2026-04-03T02:18:21.866+0600][63.767s][info][gc,stats    ]     Code Roots                    13038 us
[2026-04-03T02:18:21.866+0600][63.767s][info][gc,stats    ]   Rendezvous                        486 us
[2026-04-03T02:18:21.866+0600][63.767s][info][gc,stats    ]   Purge Unlinked                   1030 us
[2026-04-03T02:18:21.866+0600][63.767s][info][gc,stats    ]     Code Roots                     1019 us
[2026-04-03T02:18:21.866+0600][63.767s][info][gc,stats    ]     CLDG                             11 us
[2026-04-03T02:18:21.866+0600][63.767s][info][gc,stats    ]     Exception Caches                  0 us
[2026-04-03T02:18:21.866+0600][63.767s][info][gc,stats    ] Concurrent Strong Roots            1039 us, parallelism: 0.65x
[2026-04-03T02:18:21.866+0600][63.767s][info][gc,stats    ]   CSR: <total>                      677 us
[2026-04-03T02:18:21.866+0600][63.767s][info][gc,stats    ]   CSR: VM Strong Roots               67 us, workers (us):  32,  34,   1, ---, ---, ---, 
[2026-04-03T02:18:21.866+0600][63.767s][info][gc,stats    ]   CSR: CLDG Roots                   610 us, workers (us): 610, ---, ---, ---, ---, ---, 
[2026-04-03T02:18:21.866+0600][63.767s][info][gc,stats    ] Concurrent Evacuation              1128 us
[2026-04-03T02:18:21.866+0600][63.767s][info][gc,stats    ] Pause Init Update Refs (G)          345 us
[2026-04-03T02:18:21.866+0600][63.767s][info][gc,stats    ] Pause Init Update Refs (N)          126 us
[2026-04-03T02:18:21.866+0600][63.767s][info][gc,stats    ]   Manage GCLABs                      31 us
[2026-04-03T02:18:21.866+0600][63.767s][info][gc,stats    ] Concurrent Update Refs            49908 us
[2026-04-03T02:18:21.866+0600][63.767s][info][gc,stats    ] Concurrent Update Thread Roots     2124 us
[2026-04-03T02:18:21.866+0600][63.767s][info][gc,stats    ] Pause Final Update Refs (G)         539 us
[2026-04-03T02:18:21.866+0600][63.767s][info][gc,stats    ] Pause Final Update Refs (N)         279 us
[2026-04-03T02:18:21.866+0600][63.767s][info][gc,stats    ]   Update Region States               75 us
[2026-04-03T02:18:21.866+0600][63.767s][info][gc,stats    ]   Trash Collection Set               17 us
[2026-04-03T02:18:21.866+0600][63.767s][info][gc,stats    ]   Rebuild Free Set                   58 us
[2026-04-03T02:18:21.866+0600][63.767s][info][gc,stats    ] Concurrent Cleanup                  336 us
[2026-04-03T02:18:21.866+0600][63.767s][info][gc,stats    ] Pacing                           207831 us
[2026-04-03T02:18:21.866+0600][63.767s][info][gc,stats    ] 
[2026-04-03T02:18:21.866+0600][63.767s][info][gc,stats    ] Allocation pacing accrued:
[2026-04-03T02:18:21.866+0600][63.767s][info][gc,stats    ]      11 of   400 ms (  2.8%): dispatcher-event-loop-2
[2026-04-03T02:18:21.866+0600][63.767s][info][gc,stats    ]      11 of   400 ms (  2.8%): dispatcher-event-loop-3
[2026-04-03T02:18:21.866+0600][63.767s][info][gc,stats    ]      11 of   400 ms (  2.8%): RemoteBlock-temp-file-clean-thread
[2026-04-03T02:18:21.866+0600][63.767s][info][gc,stats    ]      32 of   400 ms (  8.1%): Executor task launch worker for task 7.0 in stage 2249.0 (TID 4308)
[2026-04-03T02:18:21.866+0600][63.767s][info][gc,stats    ]      33 of   400 ms (  8.2%): Executor task launch worker for task 2.0 in stage 2249.0 (TID 4303)
[2026-04-03T02:18:21.866+0600][63.767s][info][gc,stats    ]      33 of   400 ms (  8.3%): Executor task launch worker for task 1.0 in stage 2249.0 (TID 4302)
[2026-04-03T02:18:21.866+0600][63.767s][info][gc,stats    ]      11 of   400 ms (  2.8%): Executor task launch worker for task 0.0 in stage 2249.0 (TID 4301)
[2026-04-03T02:18:21.866+0600][63.767s][info][gc,stats    ]      33 of   400 ms (  8.2%): Executor task launch worker for task 4.0 in stage 2249.0 (TID 4305)
[2026-04-03T02:18:21.866+0600][63.768s][info][gc,stats    ]      11 of   400 ms (  2.8%): Executor task launch worker for task 6.0 in stage 2249.0 (TID 4307)
[2026-04-03T02:18:21.866+0600][63.768s][info][gc,stats    ]      11 of   400 ms (  2.7%): task-result-getter-1
[2026-04-03T02:18:21.866+0600][63.768s][info][gc,stats    ]      10 of   400 ms (  2.5%): task-result-getter-2
[2026-04-03T02:18:21.866+0600][63.768s][info][gc,stats    ]     208 of   400 ms ( 51.9%): <total>
[2026-04-03T02:18:21.866+0600][63.768s][info][gc,stats    ]       1 of   400 ms (  0.2%): <average total>
[2026-04-03T02:18:21.866+0600][63.768s][info][gc,stats    ]      19 of   400 ms (  4.7%): <average non-zero>
[2026-04-03T02:18:21.866+0600][63.768s][info][gc,stats    ] 
[2026-04-03T02:18:21.867+0600][63.768s][info][gc,metaspace] Metaspace: 131419K(132864K)->131419K(132864K) NonClass: 114901K(115648K)->114901K(115648K) Class: 16518K(17216K)->16518K(17216K)
[2026-04-03T02:18:21.867+0600][63.768s][info][gc,ergo     ] Pacer for Idle. Initial: 15360K, Alloc Tax Rate: 1.0x
[2026-04-03T02:18:22.145+0600][64.046s][info][gc          ] Trigger: Average GC time (152.69 ms) is above the time for average allocation rate (1086 MB/s) to deplete free headroom (165M) (margin of error = 1.83)
[2026-04-03T02:18:22.145+0600][64.046s][info][gc,ergo     ] Free headroom: 202M (free) - 38400K (spike) - 0B (penalties) = 165M
[2026-04-03T02:18:22.145+0600][64.046s][info][gc,ergo     ] Free: 202M, Max: 256K regular, 144M humongous, Frag: 29% external, 0% internal; Reserve: 38400K, Max: 256K
[2026-04-03T02:18:22.145+0600][64.046s][info][gc,start    ] GC(100) Concurrent reset
[2026-04-03T02:18:22.145+0600][64.046s][info][gc,task     ] GC(100) Using 3 of 6 workers for concurrent reset
[2026-04-03T02:18:22.145+0600][64.046s][info][gc,ergo     ] GC(100) Pacer for Reset. Non-Taxable: 750M
[2026-04-03T02:18:22.146+0600][64.047s][info][gc          ] GC(100) Concurrent reset 1.002ms
[2026-04-03T02:18:22.146+0600][64.047s][info][gc,start    ] GC(100) Pause Init Mark (unload classes)
[2026-04-03T02:18:22.146+0600][64.048s][info][gc,task     ] GC(100) Using 6 of 6 workers for init marking
[2026-04-03T02:18:22.147+0600][64.048s][info][gc,ergo     ] GC(100) Pacer for Mark. Expected Live: 97853K, Free: 202M, Non-Taxable: 20758K, Alloc Tax Rate: 0.6x
[2026-04-03T02:18:22.147+0600][64.048s][info][gc          ] GC(100) Pause Init Mark (unload classes) 0.186ms
[2026-04-03T02:18:22.147+0600][64.048s][info][gc,start    ] GC(100) Concurrent marking roots
[2026-04-03T02:18:22.147+0600][64.048s][info][gc,task     ] GC(100) Using 3 of 6 workers for concurrent marking roots
[2026-04-03T02:18:22.148+0600][64.049s][info][gc          ] GC(100) Concurrent marking roots 1.607ms
[2026-04-03T02:18:22.148+0600][64.049s][info][gc,start    ] GC(100) Concurrent marking (unload classes)
[2026-04-03T02:18:22.148+0600][64.049s][info][gc,task     ] GC(100) Using 3 of 6 workers for concurrent marking
[2026-04-03T02:18:22.217+0600][64.118s][info][gc          ] GC(100) Concurrent marking (unload classes) 68.265ms
[2026-04-03T02:18:22.217+0600][64.118s][info][gc,start    ] GC(100) Pause Final Mark (unload classes)
[2026-04-03T02:18:22.217+0600][64.118s][info][gc,task     ] GC(100) Using 6 of 6 workers for final marking
[2026-04-03T02:18:22.218+0600][64.119s][info][gc,ergo     ] GC(100) Adaptive CSet Selection. Target Free: 106M, Actual Free: 534M, Max CSet: 32000K, Min Garbage: 0B
[2026-04-03T02:18:22.218+0600][64.119s][info][gc,ergo     ] GC(100) Collectable Garbage: 386M (97%), Immediate: 333M (84%), CSet: 53968K (13%)
[2026-04-03T02:18:22.218+0600][64.119s][info][gc,ergo     ] GC(100) Pacer for Evacuation. Used CSet: 56830K, Free: 520M, Non-Taxable: 53328K, Alloc Tax Rate: 1.1x
[2026-04-03T02:18:22.218+0600][64.119s][info][gc          ] GC(100) Pause Final Mark (unload classes) 0.839ms
[2026-04-03T02:18:22.218+0600][64.119s][info][gc,start    ] GC(100) Concurrent thread roots
[2026-04-03T02:18:22.218+0600][64.119s][info][gc,task     ] GC(100) Using 3 of 6 workers for Concurrent thread roots
[2026-04-03T02:18:22.220+0600][64.121s][info][gc          ] GC(100) Concurrent thread roots 1.738ms
[2026-04-03T02:18:22.220+0600][64.121s][info][gc,start    ] GC(100) Concurrent weak references
[2026-04-03T02:18:22.220+0600][64.121s][info][gc,task     ] GC(100) Using 3 of 6 workers for concurrent weak references
[2026-04-03T02:18:22.221+0600][64.122s][info][gc,ref      ] GC(100) Encountered references: Soft: 3784, Weak: 16087, Final: 84, Phantom: 621
[2026-04-03T02:18:22.221+0600][64.122s][info][gc,ref      ] GC(100) Discovered  references: Soft: 0, Weak: 6422, Final: 0, Phantom: 616
[2026-04-03T02:18:22.221+0600][64.122s][info][gc,ref      ] GC(100) Enqueued    references: Soft: 0, Weak: 29, Final: 0, Phantom: 0
[2026-04-03T02:18:22.221+0600][64.122s][info][gc          ] GC(100) Concurrent weak references 0.938ms
[2026-04-03T02:18:22.221+0600][64.122s][info][gc,start    ] GC(100) Concurrent weak roots
[2026-04-03T02:18:22.221+0600][64.122s][info][gc,task     ] GC(100) Using 3 of 6 workers for concurrent weak root
[2026-04-03T02:18:22.229+0600][64.130s][info][gc          ] GC(100) Concurrent weak roots 7.940ms
[2026-04-03T02:18:22.229+0600][64.130s][info][gc,start    ] GC(100) Concurrent cleanup
[2026-04-03T02:18:22.230+0600][64.131s][info][gc          ] GC(100) Concurrent cleanup 525M->191M(674M) 0.979ms
[2026-04-03T02:18:22.230+0600][64.131s][info][gc,ergo     ] GC(100) Free: 516M, Max: 256K regular, 101M humongous, Frag: 81% external, 0% internal; Reserve: 38083K, Max: 256K
[2026-04-03T02:18:22.230+0600][64.131s][info][gc,start    ] GC(100) Concurrent class unloading
[2026-04-03T02:18:22.230+0600][64.131s][info][gc,task     ] GC(100) Using 3 of 6 workers for concurrent class unloading
[2026-04-03T02:18:22.250+0600][64.151s][info][gc          ] GC(100) Concurrent class unloading 19.820ms
[2026-04-03T02:18:22.250+0600][64.151s][info][gc,start    ] GC(100) Concurrent strong roots
[2026-04-03T02:18:22.250+0600][64.151s][info][gc,task     ] GC(100) Using 3 of 6 workers for concurrent strong root
[2026-04-03T02:18:22.251+0600][64.152s][info][gc          ] GC(100) Concurrent strong roots 1.174ms
[2026-04-03T02:18:22.251+0600][64.152s][info][gc,start    ] GC(100) Concurrent evacuation
[2026-04-03T02:18:22.251+0600][64.152s][info][gc,task     ] GC(100) Using 3 of 6 workers for concurrent evacuation
[2026-04-03T02:18:22.253+0600][64.154s][info][gc          ] GC(100) Concurrent evacuation 1.514ms
[2026-04-03T02:18:22.253+0600][64.154s][info][gc,start    ] GC(100) Pause Init Update Refs
[2026-04-03T02:18:22.253+0600][64.154s][info][gc,ergo     ] GC(100) Pacer for Update Refs. Used: 199M, Free: 510M, Non-Taxable: 52324K, Alloc Tax Rate: 1.1x
[2026-04-03T02:18:22.253+0600][64.154s][info][gc          ] GC(100) Pause Init Update Refs 0.144ms
[2026-04-03T02:18:22.253+0600][64.154s][info][gc,start    ] GC(100) Concurrent update references
[2026-04-03T02:18:22.253+0600][64.155s][info][gc,task     ] GC(100) Using 3 of 6 workers for concurrent reference update
[2026-04-03T02:18:22.293+0600][64.194s][info][gc          ] GC(100) Concurrent update references 39.668ms
[2026-04-03T02:18:22.293+0600][64.194s][info][gc,start    ] GC(100) Concurrent update thread roots
[2026-04-03T02:18:22.295+0600][64.196s][info][gc          ] GC(100) Concurrent update thread roots 1.441ms
[2026-04-03T02:18:22.295+0600][64.196s][info][gc,start    ] GC(100) Pause Final Update Refs
[2026-04-03T02:18:22.295+0600][64.196s][info][gc,task     ] GC(100) Using 6 of 6 workers for final reference update
[2026-04-03T02:18:22.295+0600][64.196s][info][gc          ] GC(100) Pause Final Update Refs 0.235ms
[2026-04-03T02:18:22.295+0600][64.196s][info][gc,start    ] GC(100) Concurrent cleanup
[2026-04-03T02:18:22.296+0600][64.197s][info][gc          ] GC(100) Concurrent cleanup 205M->150M(674M) 0.569ms
[2026-04-03T02:18:22.296+0600][64.197s][info][gc,ergo     ] Free: 557M, Max: 256K regular, 223M humongous, Frag: 60% external, 0% internal; Reserve: 38400K, Max: 256K
[2026-04-03T02:18:22.296+0600][64.197s][info][gc,stats    ] 
[2026-04-03T02:18:22.296+0600][64.197s][info][gc,stats    ] All times are wall-clock times, except per-root-class counters, that are sum over
[2026-04-03T02:18:22.296+0600][64.197s][info][gc,stats    ] all workers. Dividing the <total> over the root stage time estimates parallelism.
[2026-04-03T02:18:22.296+0600][64.197s][info][gc,stats    ] 
[2026-04-03T02:18:22.296+0600][64.197s][info][gc,stats    ] Concurrent Reset                   1084 us
[2026-04-03T02:18:22.296+0600][64.197s][info][gc,stats    ] Pause Init Mark (G)                 401 us
[2026-04-03T02:18:22.296+0600][64.197s][info][gc,stats    ] Pause Init Mark (N)                 195 us
[2026-04-03T02:18:22.296+0600][64.197s][info][gc,stats    ]   Update Region States               36 us
[2026-04-03T02:18:22.296+0600][64.197s][info][gc,stats    ] Concurrent Mark Roots              1667 us, parallelism: 1.67x
[2026-04-03T02:18:22.296+0600][64.197s][info][gc,stats    ]   CMR: <total>                     2789 us
[2026-04-03T02:18:22.296+0600][64.197s][info][gc,stats    ]   CMR: Thread Roots                2372 us, workers (us): 555, 912, 905, ---, ---, ---, 
[2026-04-03T02:18:22.296+0600][64.197s][info][gc,stats    ]   CMR: VM Strong Roots               43 us, workers (us):  41,   1,   1, ---, ---, ---, 
[2026-04-03T02:18:22.296+0600][64.197s][info][gc,stats    ]   CMR: CLDG Roots                   373 us, workers (us): 373, ---, ---, ---, ---, ---, 
[2026-04-03T02:18:22.296+0600][64.197s][info][gc,stats    ] Concurrent Marking                68348 us
[2026-04-03T02:18:22.296+0600][64.197s][info][gc,stats    ] Pause Final Mark (G)               1545 us
[2026-04-03T02:18:22.296+0600][64.197s][info][gc,stats    ] Pause Final Mark (N)                854 us
[2026-04-03T02:18:22.296+0600][64.197s][info][gc,stats    ]   Finish Mark                       250 us
[2026-04-03T02:18:22.296+0600][64.197s][info][gc,stats    ]   Update Region States               90 us
[2026-04-03T02:18:22.296+0600][64.197s][info][gc,stats    ]   Choose Collection Set             273 us
[2026-04-03T02:18:22.296+0600][64.197s][info][gc,stats    ]   Rebuild Free Set                   45 us
[2026-04-03T02:18:22.296+0600][64.197s][info][gc,stats    ] Concurrent Thread Roots            1836 us, parallelism: 1.85x
[2026-04-03T02:18:22.296+0600][64.197s][info][gc,stats    ]   CTR: <total>                     3400 us
[2026-04-03T02:18:22.296+0600][64.197s][info][gc,stats    ]   CTR: Thread Roots                3400 us, workers (us): 1618, 1629, 153, ---, ---, ---, 
[2026-04-03T02:18:22.296+0600][64.197s][info][gc,stats    ] Concurrent Weak References          954 us, parallelism: 1.23x
[2026-04-03T02:18:22.296+0600][64.197s][info][gc,stats    ]   CWRF: <total>                    1170 us
[2026-04-03T02:18:22.296+0600][64.197s][info][gc,stats    ]   CWRF: Weak References            1170 us, workers (us): 210, 741, 219, ---, ---, ---, 
[2026-04-03T02:18:22.296+0600][64.197s][info][gc,stats    ] Concurrent Weak Roots              8055 us
[2026-04-03T02:18:22.296+0600][64.197s][info][gc,stats    ]   Roots                            7439 us, parallelism: 2.79x
[2026-04-03T02:18:22.296+0600][64.197s][info][gc,stats    ]     CWR: <total>                  20787 us
[2026-04-03T02:18:22.296+0600][64.197s][info][gc,stats    ]     CWR: Code Cache Roots         16825 us, workers (us): 5618, 5392, 5815, ---, ---, ---, 
[2026-04-03T02:18:22.296+0600][64.197s][info][gc,stats    ]     CWR: VM Weak Roots             3604 us, workers (us): 1213, 1211, 1181, ---, ---, ---, 
[2026-04-03T02:18:22.296+0600][64.197s][info][gc,stats    ]     CWR: CLDG Roots                 357 us, workers (us): ---, 357, ---, ---, ---, ---, 
[2026-04-03T02:18:22.296+0600][64.197s][info][gc,stats    ]   Rendezvous                        460 us
[2026-04-03T02:18:22.296+0600][64.197s][info][gc,stats    ] Concurrent Cleanup                 1008 us
[2026-04-03T02:18:22.296+0600][64.197s][info][gc,stats    ] Concurrent Class Unloading        19916 us
[2026-04-03T02:18:22.296+0600][64.197s][info][gc,stats    ]   Unlink Stale                    18724 us
[2026-04-03T02:18:22.296+0600][64.197s][info][gc,stats    ]     System Dictionary               371 us
[2026-04-03T02:18:22.296+0600][64.197s][info][gc,stats    ]     Weak Class Links                  0 us
[2026-04-03T02:18:22.296+0600][64.197s][info][gc,stats    ]     Code Roots                    18347 us
[2026-04-03T02:18:22.296+0600][64.197s][info][gc,stats    ]   Rendezvous                        400 us
[2026-04-03T02:18:22.296+0600][64.197s][info][gc,stats    ]   Purge Unlinked                    647 us
[2026-04-03T02:18:22.296+0600][64.197s][info][gc,stats    ]     Code Roots                      628 us
[2026-04-03T02:18:22.296+0600][64.197s][info][gc,stats    ]     CLDG                             18 us
[2026-04-03T02:18:22.296+0600][64.197s][info][gc,stats    ]     Exception Caches                  1 us
[2026-04-03T02:18:22.296+0600][64.197s][info][gc,stats    ] Concurrent Strong Roots            1192 us, parallelism: 0.68x
[2026-04-03T02:18:22.296+0600][64.197s][info][gc,stats    ]   CSR: <total>                      808 us
[2026-04-03T02:18:22.296+0600][64.197s][info][gc,stats    ]   CSR: VM Strong Roots               52 us, workers (us):  27,  22,   3, ---, ---, ---, 
[2026-04-03T02:18:22.296+0600][64.197s][info][gc,stats    ]   CSR: CLDG Roots                   756 us, workers (us): ---, ---, 756, ---, ---, ---, 
[2026-04-03T02:18:22.296+0600][64.197s][info][gc,stats    ] Concurrent Evacuation              1565 us
[2026-04-03T02:18:22.296+0600][64.197s][info][gc,stats    ] Pause Init Update Refs (G)          574 us
[2026-04-03T02:18:22.296+0600][64.197s][info][gc,stats    ] Pause Init Update Refs (N)          162 us
[2026-04-03T02:18:22.296+0600][64.197s][info][gc,stats    ]   Manage GCLABs                      44 us
[2026-04-03T02:18:22.296+0600][64.197s][info][gc,stats    ] Concurrent Update Refs            39742 us
[2026-04-03T02:18:22.296+0600][64.197s][info][gc,stats    ] Concurrent Update Thread Roots     1497 us
[2026-04-03T02:18:22.296+0600][64.197s][info][gc,stats    ] Pause Final Update Refs (G)         357 us
[2026-04-03T02:18:22.296+0600][64.197s][info][gc,stats    ] Pause Final Update Refs (N)         255 us
[2026-04-03T02:18:22.296+0600][64.197s][info][gc,stats    ]   Update Region States               54 us
[2026-04-03T02:18:22.296+0600][64.197s][info][gc,stats    ]   Trash Collection Set               16 us
[2026-04-03T02:18:22.296+0600][64.197s][info][gc,stats    ]   Rebuild Free Set                   38 us
[2026-04-03T02:18:22.296+0600][64.197s][info][gc,stats    ] Concurrent Cleanup                  584 us
[2026-04-03T02:18:22.296+0600][64.197s][info][gc,stats    ] 
[2026-04-03T02:18:22.296+0600][64.197s][info][gc,stats    ] Allocation pacing accrued:
[2026-04-03T02:18:22.296+0600][64.197s][info][gc,stats    ]       0 of   430 ms (  0.0%): <total>
[2026-04-03T02:18:22.296+0600][64.197s][info][gc,stats    ]       0 of   430 ms (  0.0%): <average total>
[2026-04-03T02:18:22.296+0600][64.197s][info][gc,stats    ] 
[2026-04-03T02:18:22.296+0600][64.197s][info][gc,metaspace] Metaspace: 131421K(132864K)->131443K(132864K) NonClass: 114903K(115648K)->114925K(115648K) Class: 16518K(17216K)->16518K(17216K)
[2026-04-03T02:18:22.296+0600][64.197s][info][gc,ergo     ] Pacer for Idle. Initial: 15360K, Alloc Tax Rate: 1.0x
[2026-04-03T02:18:22.731+0600][64.632s][info][gc          ] Trigger: Average GC time (163.26 ms) is above the time for average allocation rate (984 MB/s) to deplete free headroom (159M) (margin of error = 1.82)
[2026-04-03T02:18:22.731+0600][64.632s][info][gc,ergo     ] Free headroom: 196M (free) - 38400K (spike) - 0B (penalties) = 159M
[2026-04-03T02:18:22.731+0600][64.633s][info][gc,ergo     ] Free: 196M, Max: 256K regular, 101M humongous, Frag: 49% external, 0% internal; Reserve: 38400K, Max: 256K
[2026-04-03T02:18:22.731+0600][64.633s][info][gc,start    ] GC(101) Concurrent reset
[2026-04-03T02:18:22.731+0600][64.633s][info][gc,task     ] GC(101) Using 3 of 6 workers for concurrent reset
[2026-04-03T02:18:22.732+0600][64.633s][info][gc,ergo     ] GC(101) Pacer for Reset. Non-Taxable: 750M
[2026-04-03T02:18:22.733+0600][64.634s][info][gc          ] GC(101) Concurrent reset 1.199ms
[2026-04-03T02:18:22.733+0600][64.634s][info][gc,start    ] GC(101) Pause Init Mark (unload classes)
[2026-04-03T02:18:22.733+0600][64.634s][info][gc,task     ] GC(101) Using 6 of 6 workers for init marking
[2026-04-03T02:18:22.733+0600][64.634s][info][gc,ergo     ] GC(101) Pacer for Mark. Expected Live: 97486K, Free: 195M, Non-Taxable: 20054K, Alloc Tax Rate: 0.6x
[2026-04-03T02:18:22.733+0600][64.634s][info][gc          ] GC(101) Pause Init Mark (unload classes) 0.185ms
[2026-04-03T02:18:22.733+0600][64.634s][info][gc,start    ] GC(101) Concurrent marking roots
[2026-04-03T02:18:22.733+0600][64.634s][info][gc,task     ] GC(101) Using 3 of 6 workers for concurrent marking roots
[2026-04-03T02:18:22.735+0600][64.636s][info][gc          ] GC(101) Concurrent marking roots 1.856ms
[2026-04-03T02:18:22.735+0600][64.636s][info][gc,start    ] GC(101) Concurrent marking (unload classes)
[2026-04-03T02:18:22.735+0600][64.636s][info][gc,task     ] GC(101) Using 3 of 6 workers for concurrent marking
[2026-04-03T02:18:22.798+0600][64.699s][info][gc          ] GC(101) Concurrent marking (unload classes) 62.510ms
[2026-04-03T02:18:22.798+0600][64.699s][info][gc,start    ] GC(101) Pause Final Mark (unload classes)
[2026-04-03T02:18:22.798+0600][64.699s][info][gc,task     ] GC(101) Using 6 of 6 workers for final marking
[2026-04-03T02:18:22.798+0600][64.700s][info][gc,ergo     ] GC(101) Adaptive CSet Selection. Target Free: 106M, Actual Free: 510M, Max CSet: 32000K, Min Garbage: 0B
[2026-04-03T02:18:22.799+0600][64.700s][info][gc,ergo     ] GC(101) Collectable Garbage: 388M (97%), Immediate: 309M (77%), CSet: 81650K (20%)
[2026-04-03T02:18:22.799+0600][64.700s][info][gc,ergo     ] GC(101) Pacer for Evacuation. Used CSet: 86148K, Free: 501M, Non-Taxable: 51309K, Alloc Tax Rate: 1.1x
[2026-04-03T02:18:22.799+0600][64.700s][info][gc          ] GC(101) Pause Final Mark (unload classes) 0.731ms
[2026-04-03T02:18:22.799+0600][64.700s][info][gc,start    ] GC(101) Concurrent thread roots
[2026-04-03T02:18:22.799+0600][64.700s][info][gc,task     ] GC(101) Using 3 of 6 workers for Concurrent thread roots
[2026-04-03T02:18:22.800+0600][64.701s][info][gc          ] GC(101) Concurrent thread roots 0.922ms
[2026-04-03T02:18:22.800+0600][64.701s][info][gc,start    ] GC(101) Concurrent weak references
[2026-04-03T02:18:22.800+0600][64.701s][info][gc,task     ] GC(101) Using 3 of 6 workers for concurrent weak references
[2026-04-03T02:18:22.801+0600][64.702s][info][gc,ref      ] GC(101) Encountered references: Soft: 3792, Weak: 16631, Final: 84, Phantom: 621
[2026-04-03T02:18:22.801+0600][64.702s][info][gc,ref      ] GC(101) Discovered  references: Soft: 0, Weak: 6854, Final: 52, Phantom: 222
[2026-04-03T02:18:22.801+0600][64.702s][info][gc,ref      ] GC(101) Enqueued    references: Soft: 0, Weak: 1619, Final: 0, Phantom: 0
[2026-04-03T02:18:22.801+0600][64.702s][info][gc          ] GC(101) Concurrent weak references 0.828ms
[2026-04-03T02:18:22.801+0600][64.702s][info][gc,start    ] GC(101) Concurrent weak roots
[2026-04-03T02:18:22.801+0600][64.702s][info][gc,task     ] GC(101) Using 3 of 6 workers for concurrent weak root
[2026-04-03T02:18:22.806+0600][64.707s][info][gc          ] GC(101) Concurrent weak roots 5.628ms
[2026-04-03T02:18:22.806+0600][64.708s][info][gc,start    ] GC(101) Concurrent cleanup
[2026-04-03T02:18:22.807+0600][64.708s][info][gc          ] GC(101) Concurrent cleanup 518M->209M(674M) 0.592ms
[2026-04-03T02:18:22.807+0600][64.708s][info][gc,ergo     ] GC(101) Free: 499M, Max: 256K regular, 101M humongous, Frag: 80% external, 0% internal; Reserve: 38179K, Max: 256K
[2026-04-03T02:18:22.807+0600][64.708s][info][gc,start    ] GC(101) Concurrent class unloading
[2026-04-03T02:18:22.807+0600][64.708s][info][gc,task     ] GC(101) Using 3 of 6 workers for concurrent class unloading
[2026-04-03T02:18:22.824+0600][64.725s][info][gc          ] GC(101) Concurrent class unloading 16.902ms
[2026-04-03T02:18:22.824+0600][64.725s][info][gc,start    ] GC(101) Concurrent strong roots
[2026-04-03T02:18:22.824+0600][64.725s][info][gc,task     ] GC(101) Using 3 of 6 workers for concurrent strong root
[2026-04-03T02:18:22.825+0600][64.727s][info][gc          ] GC(101) Concurrent strong roots 1.312ms
[2026-04-03T02:18:22.826+0600][64.727s][info][gc,start    ] GC(101) Concurrent evacuation
[2026-04-03T02:18:22.826+0600][64.727s][info][gc,task     ] GC(101) Using 3 of 6 workers for concurrent evacuation
[2026-04-03T02:18:22.831+0600][64.732s][info][gc          ] GC(101) Concurrent evacuation 5.012ms
[2026-04-03T02:18:22.831+0600][64.732s][info][gc,start    ] GC(101) Pause Init Update Refs
[2026-04-03T02:18:22.831+0600][64.732s][info][gc,ergo     ] GC(101) Pacer for Update Refs. Used: 227M, Free: 485M, Non-Taxable: 49745K, Alloc Tax Rate: 1.1x
[2026-04-03T02:18:22.831+0600][64.732s][info][gc          ] GC(101) Pause Init Update Refs 0.147ms
[2026-04-03T02:18:22.831+0600][64.732s][info][gc,start    ] GC(101) Concurrent update references
[2026-04-03T02:18:22.831+0600][64.732s][info][gc,task     ] GC(101) Using 3 of 6 workers for concurrent reference update
[2026-04-03T02:18:22.881+0600][64.782s][info][gc          ] GC(101) Concurrent update references 49.573ms
[2026-04-03T02:18:22.881+0600][64.782s][info][gc,start    ] GC(101) Concurrent update thread roots
[2026-04-03T02:18:22.883+0600][64.784s][info][gc          ] GC(101) Concurrent update thread roots 1.881ms
[2026-04-03T02:18:22.883+0600][64.784s][info][gc,start    ] GC(101) Pause Final Update Refs
[2026-04-03T02:18:22.883+0600][64.784s][info][gc,task     ] GC(101) Using 6 of 6 workers for final reference update
[2026-04-03T02:18:22.883+0600][64.784s][info][gc          ] GC(101) Pause Final Update Refs 0.261ms
[2026-04-03T02:18:22.883+0600][64.785s][info][gc,start    ] GC(101) Concurrent cleanup
[2026-04-03T02:18:22.884+0600][64.785s][info][gc          ] GC(101) Concurrent cleanup 265M->182M(674M) 0.742ms
[2026-04-03T02:18:22.884+0600][64.785s][info][gc,ergo     ] Free: 523M, Max: 256K regular, 187M humongous, Frag: 65% external, 0% internal; Reserve: 38400K, Max: 256K
[2026-04-03T02:18:22.884+0600][64.785s][info][gc,stats    ] 
[2026-04-03T02:18:22.884+0600][64.785s][info][gc,stats    ] All times are wall-clock times, except per-root-class counters, that are sum over
[2026-04-03T02:18:22.884+0600][64.785s][info][gc,stats    ] all workers. Dividing the <total> over the root stage time estimates parallelism.
[2026-04-03T02:18:22.884+0600][64.785s][info][gc,stats    ] 
[2026-04-03T02:18:22.884+0600][64.785s][info][gc,stats    ] Concurrent Reset                   1265 us
[2026-04-03T02:18:22.884+0600][64.786s][info][gc,stats    ] Pause Init Mark (G)                 622 us
[2026-04-03T02:18:22.884+0600][64.786s][info][gc,stats    ] Pause Init Mark (N)                 195 us
[2026-04-03T02:18:22.884+0600][64.786s][info][gc,stats    ]   Update Region States               42 us
[2026-04-03T02:18:22.884+0600][64.786s][info][gc,stats    ] Concurrent Mark Roots              1909 us, parallelism: 1.78x
[2026-04-03T02:18:22.884+0600][64.786s][info][gc,stats    ]   CMR: <total>                     3404 us
[2026-04-03T02:18:22.884+0600][64.786s][info][gc,stats    ]   CMR: Thread Roots                2894 us, workers (us): 1333, 869, 692, ---, ---, ---, 
[2026-04-03T02:18:22.884+0600][64.786s][info][gc,stats    ]   CMR: VM Strong Roots               61 us, workers (us):  47,  13,   1, ---, ---, ---, 
[2026-04-03T02:18:22.884+0600][64.786s][info][gc,stats    ]   CMR: CLDG Roots                   450 us, workers (us): ---, 450, ---, ---, ---, ---, 
[2026-04-03T02:18:22.885+0600][64.786s][info][gc,stats    ] Concurrent Marking                62615 us
[2026-04-03T02:18:22.885+0600][64.786s][info][gc,stats    ] Pause Final Mark (G)               1004 us
[2026-04-03T02:18:22.885+0600][64.786s][info][gc,stats    ] Pause Final Mark (N)                745 us
[2026-04-03T02:18:22.885+0600][64.786s][info][gc,stats    ]   Finish Mark                       186 us
[2026-04-03T02:18:22.885+0600][64.786s][info][gc,stats    ]   Update Region States               65 us
[2026-04-03T02:18:22.885+0600][64.786s][info][gc,stats    ]   Choose Collection Set             313 us
[2026-04-03T02:18:22.885+0600][64.786s][info][gc,stats    ]   Rebuild Free Set                   37 us
[2026-04-03T02:18:22.885+0600][64.786s][info][gc,stats    ] Concurrent Thread Roots             971 us, parallelism: 2.32x
[2026-04-03T02:18:22.885+0600][64.786s][info][gc,stats    ]   CTR: <total>                     2252 us
[2026-04-03T02:18:22.885+0600][64.786s][info][gc,stats    ]   CTR: Thread Roots                2252 us, workers (us): 755, 763, 734, ---, ---, ---, 
[2026-04-03T02:18:22.885+0600][64.786s][info][gc,stats    ] Concurrent Weak References          843 us, parallelism: 0.82x
[2026-04-03T02:18:22.885+0600][64.786s][info][gc,stats    ]   CWRF: <total>                     695 us
[2026-04-03T02:18:22.885+0600][64.786s][info][gc,stats    ]   CWRF: Weak References             695 us, workers (us): 114, 580,   1, ---, ---, ---, 
[2026-04-03T02:18:22.885+0600][64.786s][info][gc,stats    ] Concurrent Weak Roots              5720 us
[2026-04-03T02:18:22.885+0600][64.786s][info][gc,stats    ]   Roots                            5151 us, parallelism: 2.66x
[2026-04-03T02:18:22.885+0600][64.786s][info][gc,stats    ]     CWR: <total>                  13716 us
[2026-04-03T02:18:22.885+0600][64.786s][info][gc,stats    ]     CWR: Code Cache Roots         11341 us, workers (us): 3792, 3790, 3758, ---, ---, ---, 
[2026-04-03T02:18:22.885+0600][64.786s][info][gc,stats    ]     CWR: VM Weak Roots             2185 us, workers (us): 739, 728, 718, ---, ---, ---, 
[2026-04-03T02:18:22.885+0600][64.786s][info][gc,stats    ]     CWR: CLDG Roots                 190 us, workers (us): ---, 190, ---, ---, ---, ---, 
[2026-04-03T02:18:22.885+0600][64.786s][info][gc,stats    ]   Rendezvous                        449 us
[2026-04-03T02:18:22.885+0600][64.786s][info][gc,stats    ] Concurrent Cleanup                  632 us
[2026-04-03T02:18:22.885+0600][64.786s][info][gc,stats    ] Concurrent Class Unloading        17024 us
[2026-04-03T02:18:22.885+0600][64.786s][info][gc,stats    ]   Unlink Stale                    14890 us
[2026-04-03T02:18:22.885+0600][64.786s][info][gc,stats    ]     System Dictionary               315 us
[2026-04-03T02:18:22.885+0600][64.786s][info][gc,stats    ]     Weak Class Links                  0 us
[2026-04-03T02:18:22.885+0600][64.786s][info][gc,stats    ]     Code Roots                    14570 us
[2026-04-03T02:18:22.885+0600][64.786s][info][gc,stats    ]   Rendezvous                        392 us
[2026-04-03T02:18:22.885+0600][64.786s][info][gc,stats    ]   Purge Unlinked                   1577 us
[2026-04-03T02:18:22.885+0600][64.786s][info][gc,stats    ]     Code Roots                     1550 us
[2026-04-03T02:18:22.885+0600][64.786s][info][gc,stats    ]     CLDG                             25 us
[2026-04-03T02:18:22.885+0600][64.786s][info][gc,stats    ]     Exception Caches                  0 us
[2026-04-03T02:18:22.885+0600][64.786s][info][gc,stats    ] Concurrent Strong Roots            1405 us, parallelism: 0.65x
[2026-04-03T02:18:22.885+0600][64.786s][info][gc,stats    ]   CSR: <total>                      907 us
[2026-04-03T02:18:22.885+0600][64.786s][info][gc,stats    ]   CSR: VM Strong Roots               57 us, workers (us):  56,   1,   0, ---, ---, ---, 
[2026-04-03T02:18:22.885+0600][64.786s][info][gc,stats    ]   CSR: CLDG Roots                   849 us, workers (us): 849, ---, ---, ---, ---, ---, 
[2026-04-03T02:18:22.885+0600][64.786s][info][gc,stats    ] Concurrent Evacuation              5154 us
[2026-04-03T02:18:22.885+0600][64.786s][info][gc,stats    ] Pause Init Update Refs (G)          463 us
[2026-04-03T02:18:22.885+0600][64.786s][info][gc,stats    ] Pause Init Update Refs (N)          162 us
[2026-04-03T02:18:22.885+0600][64.786s][info][gc,stats    ]   Manage GCLABs                      37 us
[2026-04-03T02:18:22.885+0600][64.786s][info][gc,stats    ] Concurrent Update Refs            49683 us
[2026-04-03T02:18:22.885+0600][64.786s][info][gc,stats    ] Concurrent Update Thread Roots     1934 us
[2026-04-03T02:18:22.885+0600][64.786s][info][gc,stats    ] Pause Final Update Refs (G)         603 us
[2026-04-03T02:18:22.885+0600][64.786s][info][gc,stats    ] Pause Final Update Refs (N)         289 us
[2026-04-03T02:18:22.885+0600][64.786s][info][gc,stats    ]   Update Region States               69 us
[2026-04-03T02:18:22.885+0600][64.786s][info][gc,stats    ]   Trash Collection Set               23 us
[2026-04-03T02:18:22.885+0600][64.786s][info][gc,stats    ]   Rebuild Free Set                   67 us
[2026-04-03T02:18:22.885+0600][64.786s][info][gc,stats    ] Concurrent Cleanup                  783 us
[2026-04-03T02:18:22.885+0600][64.786s][info][gc,stats    ] Pacing                            87050 us
[2026-04-03T02:18:22.885+0600][64.786s][info][gc,stats    ] 
[2026-04-03T02:18:22.885+0600][64.786s][info][gc,stats    ] Allocation pacing accrued:
[2026-04-03T02:18:22.885+0600][64.786s][info][gc,stats    ]      11 of   589 ms (  1.9%): dispatcher-event-loop-1
[2026-04-03T02:18:22.885+0600][64.786s][info][gc,stats    ]      11 of   589 ms (  1.9%): RemoteBlock-temp-file-clean-thread
[2026-04-03T02:18:22.885+0600][64.786s][info][gc,stats    ]      43 of   589 ms (  7.2%): Executor task launch worker for task 0.0 in stage 2295.0 (TID 4429)
[2026-04-03T02:18:22.885+0600][64.786s][info][gc,stats    ]      22 of   589 ms (  3.8%): task-result-getter-2
[2026-04-03T02:18:22.885+0600][64.786s][info][gc,stats    ]      87 of   589 ms ( 14.8%): <total>
[2026-04-03T02:18:22.885+0600][64.786s][info][gc,stats    ]       0 of   589 ms (  0.1%): <average total>
[2026-04-03T02:18:22.885+0600][64.786s][info][gc,stats    ]      22 of   589 ms (  3.7%): <average non-zero>
[2026-04-03T02:18:22.885+0600][64.786s][info][gc,stats    ] 
[2026-04-03T02:18:22.885+0600][64.786s][info][gc,metaspace] Metaspace: 131451K(132864K)->131453K(132864K) NonClass: 114933K(115648K)->114934K(115648K) Class: 16518K(17216K)->16518K(17216K)
[2026-04-03T02:18:22.885+0600][64.786s][info][gc,ergo     ] Pacer for Idle. Initial: 15360K, Alloc Tax Rate: 1.0x
[2026-04-03T02:18:23.142+0600][65.043s][info][gc          ] Trigger: Average GC time (165.68 ms) is above the time for average allocation rate (1100 MB/s) to deplete free headroom (177M) (margin of error = 1.82)
[2026-04-03T02:18:23.142+0600][65.043s][info][gc,ergo     ] Free headroom: 214M (free) - 38400K (spike) - 0B (penalties) = 177M
[2026-04-03T02:18:23.142+0600][65.043s][info][gc,ergo     ] Free: 214M, Max: 256K regular, 147M humongous, Frag: 32% external, 1% internal; Reserve: 38400K, Max: 256K
[2026-04-03T02:18:23.142+0600][65.043s][info][gc,start    ] GC(102) Concurrent reset
[2026-04-03T02:18:23.142+0600][65.043s][info][gc,task     ] GC(102) Using 3 of 6 workers for concurrent reset
[2026-04-03T02:18:23.142+0600][65.043s][info][gc,ergo     ] GC(102) Pacer for Reset. Non-Taxable: 750M
[2026-04-03T02:18:23.143+0600][65.044s][info][gc          ] GC(102) Concurrent reset 0.898ms
[2026-04-03T02:18:23.143+0600][65.044s][info][gc,start    ] GC(102) Pause Init Mark (unload classes)
[2026-04-03T02:18:23.143+0600][65.045s][info][gc,task     ] GC(102) Using 6 of 6 workers for init marking
[2026-04-03T02:18:23.143+0600][65.045s][info][gc,ergo     ] GC(102) Pacer for Mark. Expected Live: 94512K, Free: 213M, Non-Taxable: 21831K, Alloc Tax Rate: 0.5x
[2026-04-03T02:18:23.143+0600][65.045s][info][gc          ] GC(102) Pause Init Mark (unload classes) 0.131ms
[2026-04-03T02:18:23.144+0600][65.045s][info][gc,start    ] GC(102) Concurrent marking roots
[2026-04-03T02:18:23.144+0600][65.045s][info][gc,task     ] GC(102) Using 3 of 6 workers for concurrent marking roots
[2026-04-03T02:18:23.145+0600][65.046s][info][gc          ] GC(102) Concurrent marking roots 1.250ms
[2026-04-03T02:18:23.145+0600][65.046s][info][gc,start    ] GC(102) Concurrent marking (unload classes)
[2026-04-03T02:18:23.145+0600][65.046s][info][gc,task     ] GC(102) Using 3 of 6 workers for concurrent marking
[2026-04-03T02:18:23.212+0600][65.114s][info][gc          ] GC(102) Concurrent marking (unload classes) 67.567ms
[2026-04-03T02:18:23.213+0600][65.114s][info][gc,start    ] GC(102) Pause Final Mark (unload classes)
[2026-04-03T02:18:23.213+0600][65.114s][info][gc,task     ] GC(102) Using 6 of 6 workers for final marking
[2026-04-03T02:18:23.213+0600][65.114s][info][gc,ergo     ] GC(102) Adaptive CSet Selection. Target Free: 106M, Actual Free: 544M, Max CSet: 32000K, Min Garbage: 0B
[2026-04-03T02:18:23.213+0600][65.114s][info][gc,ergo     ] GC(102) Collectable Garbage: 376M (97%), Immediate: 331M (86%), CSet: 45983K (11%)
[2026-04-03T02:18:23.213+0600][65.115s][info][gc,ergo     ] GC(102) Pacer for Evacuation. Used CSet: 48235K, Free: 531M, Non-Taxable: 54395K, Alloc Tax Rate: 1.1x
[2026-04-03T02:18:23.213+0600][65.115s][info][gc          ] GC(102) Pause Final Mark (unload classes) 0.711ms
[2026-04-03T02:18:23.214+0600][65.115s][info][gc,start    ] GC(102) Concurrent thread roots
[2026-04-03T02:18:23.214+0600][65.115s][info][gc,task     ] GC(102) Using 3 of 6 workers for Concurrent thread roots
[2026-04-03T02:18:23.215+0600][65.116s][info][gc          ] GC(102) Concurrent thread roots 0.950ms
[2026-04-03T02:18:23.215+0600][65.116s][info][gc,start    ] GC(102) Concurrent weak references
[2026-04-03T02:18:23.215+0600][65.116s][info][gc,task     ] GC(102) Using 3 of 6 workers for concurrent weak references
[2026-04-03T02:18:23.216+0600][65.117s][info][gc,ref      ] GC(102) Encountered references: Soft: 3785, Weak: 15669, Final: 84, Phantom: 621
[2026-04-03T02:18:23.216+0600][65.117s][info][gc,ref      ] GC(102) Discovered  references: Soft: 0, Weak: 8694, Final: 48, Phantom: 616
[2026-04-03T02:18:23.216+0600][65.117s][info][gc,ref      ] GC(102) Enqueued    references: Soft: 0, Weak: 19, Final: 0, Phantom: 0
[2026-04-03T02:18:23.216+0600][65.117s][info][gc          ] GC(102) Concurrent weak references 0.999ms
[2026-04-03T02:18:23.216+0600][65.117s][info][gc,start    ] GC(102) Concurrent weak roots
[2026-04-03T02:18:23.216+0600][65.117s][info][gc,task     ] GC(102) Using 3 of 6 workers for concurrent weak root
[2026-04-03T02:18:23.221+0600][65.122s][info][gc          ] GC(102) Concurrent weak roots 4.990ms
[2026-04-03T02:18:23.221+0600][65.122s][info][gc,start    ] GC(102) Concurrent cleanup
[2026-04-03T02:18:23.221+0600][65.122s][info][gc          ] GC(102) Concurrent cleanup 516M->186M(674M) 0.562ms
[2026-04-03T02:18:23.221+0600][65.122s][info][gc,ergo     ] GC(102) Free: 523M, Max: 256K regular, 111M humongous, Frag: 79% external, 0% internal; Reserve: 37718K, Max: 256K
[2026-04-03T02:18:23.221+0600][65.122s][info][gc,start    ] GC(102) Concurrent class unloading
[2026-04-03T02:18:23.221+0600][65.122s][info][gc,task     ] GC(102) Using 3 of 6 workers for concurrent class unloading
[2026-04-03T02:18:23.236+0600][65.137s][info][gc          ] GC(102) Concurrent class unloading 14.839ms
[2026-04-03T02:18:23.236+0600][65.137s][info][gc,start    ] GC(102) Concurrent strong roots
[2026-04-03T02:18:23.236+0600][65.137s][info][gc,task     ] GC(102) Using 3 of 6 workers for concurrent strong root
[2026-04-03T02:18:23.237+0600][65.138s][info][gc          ] GC(102) Concurrent strong roots 0.880ms
[2026-04-03T02:18:23.237+0600][65.138s][info][gc,start    ] GC(102) Concurrent evacuation
[2026-04-03T02:18:23.237+0600][65.138s][info][gc,task     ] GC(102) Using 3 of 6 workers for concurrent evacuation
[2026-04-03T02:18:23.239+0600][65.140s][info][gc          ] GC(102) Concurrent evacuation 1.463ms
[2026-04-03T02:18:23.239+0600][65.140s][info][gc,start    ] GC(102) Pause Init Update Refs
[2026-04-03T02:18:23.239+0600][65.140s][info][gc,ergo     ] GC(102) Pacer for Update Refs. Used: 197M, Free: 512M, Non-Taxable: 52510K, Alloc Tax Rate: 1.1x
[2026-04-03T02:18:23.239+0600][65.140s][info][gc          ] GC(102) Pause Init Update Refs 0.118ms
[2026-04-03T02:18:23.239+0600][65.140s][info][gc,start    ] GC(102) Concurrent update references
[2026-04-03T02:18:23.239+0600][65.140s][info][gc,task     ] GC(102) Using 3 of 6 workers for concurrent reference update
[2026-04-03T02:18:23.288+0600][65.189s][info][gc          ] GC(102) Concurrent update references 48.763ms
[2026-04-03T02:18:23.288+0600][65.189s][info][gc,start    ] GC(102) Concurrent update thread roots
[2026-04-03T02:18:23.289+0600][65.190s][info][gc          ] GC(102) Concurrent update thread roots 1.382ms
[2026-04-03T02:18:23.290+0600][65.191s][info][gc,start    ] GC(102) Pause Final Update Refs
[2026-04-03T02:18:23.290+0600][65.191s][info][gc,task     ] GC(102) Using 6 of 6 workers for final reference update
[2026-04-03T02:18:23.290+0600][65.191s][info][gc          ] GC(102) Pause Final Update Refs 0.219ms
[2026-04-03T02:18:23.290+0600][65.191s][info][gc,start    ] GC(102) Concurrent cleanup
[2026-04-03T02:18:23.290+0600][65.192s][info][gc          ] GC(102) Concurrent cleanup 232M->185M(674M) 0.269ms
[2026-04-03T02:18:23.291+0600][65.192s][info][gc,ergo     ] Free: 520M, Max: 256K regular, 180M humongous, Frag: 66% external, 0% internal; Reserve: 38400K, Max: 256K
[2026-04-03T02:18:23.291+0600][65.192s][info][gc,stats    ] 
[2026-04-03T02:18:23.291+0600][65.192s][info][gc,stats    ] All times are wall-clock times, except per-root-class counters, that are sum over
[2026-04-03T02:18:23.291+0600][65.192s][info][gc,stats    ] all workers. Dividing the <total> over the root stage time estimates parallelism.
[2026-04-03T02:18:23.291+0600][65.192s][info][gc,stats    ] 
[2026-04-03T02:18:23.291+0600][65.192s][info][gc,stats    ] Concurrent Reset                    941 us
[2026-04-03T02:18:23.291+0600][65.192s][info][gc,stats    ] Pause Init Mark (G)                 335 us
[2026-04-03T02:18:23.291+0600][65.192s][info][gc,stats    ] Pause Init Mark (N)                 139 us
[2026-04-03T02:18:23.291+0600][65.192s][info][gc,stats    ]   Update Region States               34 us
[2026-04-03T02:18:23.291+0600][65.192s][info][gc,stats    ] Concurrent Mark Roots              1315 us, parallelism: 1.80x
[2026-04-03T02:18:23.291+0600][65.192s][info][gc,stats    ]   CMR: <total>                     2370 us
[2026-04-03T02:18:23.291+0600][65.192s][info][gc,stats    ]   CMR: Thread Roots                1984 us, workers (us): 444, 772, 768, ---, ---, ---, 
[2026-04-03T02:18:23.291+0600][65.192s][info][gc,stats    ]   CMR: VM Strong Roots               46 us, workers (us):  44,   1,   1, ---, ---, ---, 
[2026-04-03T02:18:23.291+0600][65.192s][info][gc,stats    ]   CMR: CLDG Roots                   340 us, workers (us): 340, ---, ---, ---, ---, ---, 
[2026-04-03T02:18:23.291+0600][65.192s][info][gc,stats    ] Concurrent Marking                67633 us
[2026-04-03T02:18:23.291+0600][65.192s][info][gc,stats    ] Pause Final Mark (G)               1124 us
[2026-04-03T02:18:23.291+0600][65.192s][info][gc,stats    ] Pause Final Mark (N)                726 us
[2026-04-03T02:18:23.291+0600][65.192s][info][gc,stats    ]   Finish Mark                       306 us
[2026-04-03T02:18:23.291+0600][65.192s][info][gc,stats    ]   Update Region States               53 us
[2026-04-03T02:18:23.291+0600][65.192s][info][gc,stats    ]   Choose Collection Set             209 us
[2026-04-03T02:18:23.291+0600][65.192s][info][gc,stats    ]   Rebuild Free Set                   33 us
[2026-04-03T02:18:23.291+0600][65.192s][info][gc,stats    ] Concurrent Thread Roots             995 us, parallelism: 2.04x
[2026-04-03T02:18:23.291+0600][65.192s][info][gc,stats    ]   CTR: <total>                     2034 us
[2026-04-03T02:18:23.291+0600][65.192s][info][gc,stats    ]   CTR: Thread Roots                2034 us, workers (us): 729, 677, 628, ---, ---, ---, 
[2026-04-03T02:18:23.291+0600][65.192s][info][gc,stats    ] Concurrent Weak References         1009 us, parallelism: 1.10x
[2026-04-03T02:18:23.291+0600][65.192s][info][gc,stats    ]   CWRF: <total>                    1105 us
[2026-04-03T02:18:23.291+0600][65.192s][info][gc,stats    ]   CWRF: Weak References            1105 us, workers (us): 657, 108, 340, ---, ---, ---, 
[2026-04-03T02:18:23.291+0600][65.192s][info][gc,stats    ] Concurrent Weak Roots              5060 us
[2026-04-03T02:18:23.291+0600][65.192s][info][gc,stats    ]   Roots                            4480 us, parallelism: 2.72x
[2026-04-03T02:18:23.291+0600][65.192s][info][gc,stats    ]     CWR: <total>                  12197 us
[2026-04-03T02:18:23.291+0600][65.192s][info][gc,stats    ]     CWR: Code Cache Roots          9949 us, workers (us): 3287, 3272, 3390, ---, ---, ---, 
[2026-04-03T02:18:23.291+0600][65.192s][info][gc,stats    ]     CWR: VM Weak Roots             2092 us, workers (us): 700, 699, 693, ---, ---, ---, 
[2026-04-03T02:18:23.291+0600][65.192s][info][gc,stats    ]     CWR: CLDG Roots                 157 us, workers (us): 157, ---, ---, ---, ---, ---, 
[2026-04-03T02:18:23.291+0600][65.192s][info][gc,stats    ]   Rendezvous                        486 us
[2026-04-03T02:18:23.291+0600][65.192s][info][gc,stats    ] Concurrent Cleanup                  595 us
[2026-04-03T02:18:23.291+0600][65.192s][info][gc,stats    ] Concurrent Class Unloading        14919 us
[2026-04-03T02:18:23.291+0600][65.192s][info][gc,stats    ]   Unlink Stale                    12650 us
[2026-04-03T02:18:23.291+0600][65.192s][info][gc,stats    ]     System Dictionary               313 us
[2026-04-03T02:18:23.291+0600][65.192s][info][gc,stats    ]     Weak Class Links                  0 us
[2026-04-03T02:18:23.291+0600][65.192s][info][gc,stats    ]     Code Roots                    12332 us
[2026-04-03T02:18:23.291+0600][65.192s][info][gc,stats    ]   Rendezvous                        406 us
[2026-04-03T02:18:23.291+0600][65.192s][info][gc,stats    ]   Purge Unlinked                   1745 us
[2026-04-03T02:18:23.291+0600][65.192s][info][gc,stats    ]     Code Roots                     1727 us
[2026-04-03T02:18:23.291+0600][65.192s][info][gc,stats    ]     CLDG                             16 us
[2026-04-03T02:18:23.291+0600][65.192s][info][gc,stats    ]     Exception Caches                  0 us
[2026-04-03T02:18:23.291+0600][65.192s][info][gc,stats    ] Concurrent Strong Roots             916 us, parallelism: 0.60x
[2026-04-03T02:18:23.291+0600][65.192s][info][gc,stats    ]   CSR: <total>                      550 us
[2026-04-03T02:18:23.291+0600][65.192s][info][gc,stats    ]   CSR: VM Strong Roots               35 us, workers (us):  30,   4,   0, ---, ---, ---, 
[2026-04-03T02:18:23.291+0600][65.192s][info][gc,stats    ]   CSR: CLDG Roots                   516 us, workers (us): 516, ---, ---, ---, ---, ---, 
[2026-04-03T02:18:23.291+0600][65.192s][info][gc,stats    ] Concurrent Evacuation              1557 us
[2026-04-03T02:18:23.291+0600][65.192s][info][gc,stats    ] Pause Init Update Refs (G)          350 us
[2026-04-03T02:18:23.291+0600][65.192s][info][gc,stats    ] Pause Init Update Refs (N)          129 us
[2026-04-03T02:18:23.291+0600][65.192s][info][gc,stats    ]   Manage GCLABs                      31 us
[2026-04-03T02:18:23.291+0600][65.192s][info][gc,stats    ] Concurrent Update Refs            48849 us
[2026-04-03T02:18:23.291+0600][65.192s][info][gc,stats    ] Concurrent Update Thread Roots     1475 us
[2026-04-03T02:18:23.291+0600][65.192s][info][gc,stats    ] Pause Final Update Refs (G)         758 us
[2026-04-03T02:18:23.291+0600][65.192s][info][gc,stats    ] Pause Final Update Refs (N)         232 us
[2026-04-03T02:18:23.291+0600][65.192s][info][gc,stats    ]   Update Region States               47 us
[2026-04-03T02:18:23.291+0600][65.192s][info][gc,stats    ]   Trash Collection Set               13 us
[2026-04-03T02:18:23.291+0600][65.192s][info][gc,stats    ]   Rebuild Free Set                   40 us
[2026-04-03T02:18:23.291+0600][65.192s][info][gc,stats    ] Concurrent Cleanup                  303 us
[2026-04-03T02:18:23.291+0600][65.192s][info][gc,stats    ] Pacing                           214156 us
[2026-04-03T02:18:23.291+0600][65.192s][info][gc,stats    ] 
[2026-04-03T02:18:23.291+0600][65.192s][info][gc,stats    ] Allocation pacing accrued:
[2026-04-03T02:18:23.291+0600][65.192s][info][gc,stats    ]       9 of   406 ms (  2.3%): dispatcher-event-loop-6
[2026-04-03T02:18:23.291+0600][65.192s][info][gc,stats    ]      22 of   406 ms (  5.5%): Executor task launch worker for task 6.0 in stage 2305.0 (TID 4515)
[2026-04-03T02:18:23.291+0600][65.192s][info][gc,stats    ]      32 of   406 ms (  7.9%): Executor task launch worker for task 0.0 in stage 2305.0 (TID 4509)
[2026-04-03T02:18:23.291+0600][65.192s][info][gc,stats    ]      11 of   406 ms (  2.7%): Executor task launch worker for task 1.0 in stage 2305.0 (TID 4510)
[2026-04-03T02:18:23.291+0600][65.192s][info][gc,stats    ]      32 of   406 ms (  8.0%): Executor task launch worker for task 3.0 in stage 2305.0 (TID 4512)
[2026-04-03T02:18:23.291+0600][65.192s][info][gc,stats    ]      22 of   406 ms (  5.5%): Executor task launch worker for task 4.0 in stage 2305.0 (TID 4513)
[2026-04-03T02:18:23.291+0600][65.192s][info][gc,stats    ]      22 of   406 ms (  5.5%): Executor task launch worker for task 2.0 in stage 2305.0 (TID 4511)
[2026-04-03T02:18:23.291+0600][65.192s][info][gc,stats    ]      32 of   406 ms (  7.9%): Executor task launch worker for task 7.0 in stage 2305.0 (TID 4516)
[2026-04-03T02:18:23.291+0600][65.192s][info][gc,stats    ]       9 of   406 ms (  2.3%): task-result-getter-2
[2026-04-03T02:18:23.291+0600][65.193s][info][gc,stats    ]      21 of   406 ms (  5.2%): task-result-getter-3
[2026-04-03T02:18:23.291+0600][65.193s][info][gc,stats    ]     214 of   406 ms ( 52.7%): <total>
[2026-04-03T02:18:23.291+0600][65.193s][info][gc,stats    ]       1 of   406 ms (  0.2%): <average total>
[2026-04-03T02:18:23.291+0600][65.193s][info][gc,stats    ]      21 of   406 ms (  5.3%): <average non-zero>
[2026-04-03T02:18:23.291+0600][65.193s][info][gc,stats    ] 
[2026-04-03T02:18:23.292+0600][65.193s][info][gc,metaspace] Metaspace: 131453K(132864K)->131453K(132864K) NonClass: 114934K(115648K)->114934K(115648K) Class: 16518K(17216K)->16518K(17216K)
[2026-04-03T02:18:23.292+0600][65.193s][info][gc,ergo     ] Pacer for Idle. Initial: 15360K, Alloc Tax Rate: 1.0x
[2026-04-03T02:18:23.612+0600][65.513s][info][gc          ] Trigger: Average GC time (160.86 ms) is above the time for average allocation rate (956 MB/s) to deplete free headroom (153M) (margin of error = 1.82)
[2026-04-03T02:18:23.612+0600][65.513s][info][gc,ergo     ] Free headroom: 190M (free) - 38400K (spike) - 0B (penalties) = 153M
[2026-04-03T02:18:23.612+0600][65.513s][info][gc,ergo     ] Free: 190M, Max: 256K regular, 111M humongous, Frag: 42% external, 1% internal; Reserve: 38400K, Max: 256K
[2026-04-03T02:18:23.612+0600][65.513s][info][gc,start    ] GC(103) Concurrent reset
[2026-04-03T02:18:23.612+0600][65.513s][info][gc,task     ] GC(103) Using 3 of 6 workers for concurrent reset
[2026-04-03T02:18:23.612+0600][65.513s][info][gc,ergo     ] GC(103) Pacer for Reset. Non-Taxable: 750M
[2026-04-03T02:18:23.612+0600][65.514s][info][gc          ] GC(103) Concurrent reset 0.820ms
[2026-04-03T02:18:23.613+0600][65.514s][info][gc,start    ] GC(103) Pause Init Mark (unload classes)
[2026-04-03T02:18:23.613+0600][65.514s][info][gc,task     ] GC(103) Using 6 of 6 workers for init marking
[2026-04-03T02:18:23.613+0600][65.514s][info][gc,ergo     ] GC(103) Pacer for Mark. Expected Live: 91906K, Free: 190M, Non-Taxable: 19520K, Alloc Tax Rate: 0.6x
[2026-04-03T02:18:23.613+0600][65.514s][info][gc          ] GC(103) Pause Init Mark (unload classes) 0.193ms
[2026-04-03T02:18:23.613+0600][65.514s][info][gc,start    ] GC(103) Concurrent marking roots
[2026-04-03T02:18:23.613+0600][65.514s][info][gc,task     ] GC(103) Using 3 of 6 workers for concurrent marking roots
[2026-04-03T02:18:23.615+0600][65.516s][info][gc          ] GC(103) Concurrent marking roots 1.678ms
[2026-04-03T02:18:23.615+0600][65.516s][info][gc,start    ] GC(103) Concurrent marking (unload classes)
[2026-04-03T02:18:23.615+0600][65.516s][info][gc,task     ] GC(103) Using 3 of 6 workers for concurrent marking
[2026-04-03T02:18:23.669+0600][65.571s][info][gc          ] GC(103) Concurrent marking (unload classes) 54.568ms
[2026-04-03T02:18:23.670+0600][65.571s][info][gc,start    ] GC(103) Pause Final Mark (unload classes)
[2026-04-03T02:18:23.670+0600][65.571s][info][gc,task     ] GC(103) Using 6 of 6 workers for final marking
[2026-04-03T02:18:23.670+0600][65.571s][info][gc,ergo     ] GC(103) Adaptive CSet Selection. Target Free: 106M, Actual Free: 478M, Max CSet: 32000K, Min Garbage: 0B
[2026-04-03T02:18:23.670+0600][65.571s][info][gc,ergo     ] GC(103) Collectable Garbage: 396M (97%), Immediate: 283M (69%), CSet: 112M (27%)
[2026-04-03T02:18:23.670+0600][65.571s][info][gc,ergo     ] GC(103) Pacer for Evacuation. Used CSet: 117M, Free: 464M, Non-Taxable: 47561K, Alloc Tax Rate: 1.1x
[2026-04-03T02:18:23.670+0600][65.571s][info][gc          ] GC(103) Pause Final Mark (unload classes) 0.781ms
[2026-04-03T02:18:23.670+0600][65.572s][info][gc,start    ] GC(103) Concurrent thread roots
[2026-04-03T02:18:23.671+0600][65.572s][info][gc,task     ] GC(103) Using 3 of 6 workers for Concurrent thread roots
[2026-04-03T02:18:23.672+0600][65.573s][info][gc          ] GC(103) Concurrent thread roots 1.115ms
[2026-04-03T02:18:23.672+0600][65.573s][info][gc,start    ] GC(103) Concurrent weak references
[2026-04-03T02:18:23.672+0600][65.573s][info][gc,task     ] GC(103) Using 3 of 6 workers for concurrent weak references
[2026-04-03T02:18:23.672+0600][65.573s][info][gc,ref      ] GC(103) Encountered references: Soft: 3788, Weak: 16536, Final: 84, Phantom: 621
[2026-04-03T02:18:23.672+0600][65.573s][info][gc,ref      ] GC(103) Discovered  references: Soft: 0, Weak: 6150, Final: 0, Phantom: 223
[2026-04-03T02:18:23.672+0600][65.573s][info][gc,ref      ] GC(103) Enqueued    references: Soft: 0, Weak: 1716, Final: 0, Phantom: 0
[2026-04-03T02:18:23.672+0600][65.573s][info][gc          ] GC(103) Concurrent weak references 0.679ms
[2026-04-03T02:18:23.672+0600][65.573s][info][gc,start    ] GC(103) Concurrent weak roots
[2026-04-03T02:18:23.672+0600][65.573s][info][gc,task     ] GC(103) Using 3 of 6 workers for concurrent weak root
[2026-04-03T02:18:23.679+0600][65.580s][info][gc          ] GC(103) Concurrent weak roots 6.907ms
[2026-04-03T02:18:23.679+0600][65.580s][info][gc,start    ] GC(103) Concurrent cleanup
[2026-04-03T02:18:23.680+0600][65.581s][info][gc          ] GC(103) Concurrent cleanup 534M->252M(674M) 0.946ms
[2026-04-03T02:18:23.680+0600][65.581s][info][gc,ergo     ] GC(103) Free: 457M, Max: 256K regular, 95232K humongous, Frag: 80% external, 0% internal; Reserve: 37954K, Max: 256K
[2026-04-03T02:18:23.680+0600][65.581s][info][gc,start    ] GC(103) Concurrent class unloading
[2026-04-03T02:18:23.680+0600][65.582s][info][gc,task     ] GC(103) Using 3 of 6 workers for concurrent class unloading
[2026-04-03T02:18:23.701+0600][65.602s][info][gc          ] GC(103) Concurrent class unloading 20.341ms
[2026-04-03T02:18:23.701+0600][65.602s][info][gc,start    ] GC(103) Concurrent strong roots
[2026-04-03T02:18:23.701+0600][65.602s][info][gc,task     ] GC(103) Using 3 of 6 workers for concurrent strong root
[2026-04-03T02:18:23.702+0600][65.603s][info][gc          ] GC(103) Concurrent strong roots 1.351ms
[2026-04-03T02:18:23.702+0600][65.603s][info][gc,start    ] GC(103) Concurrent evacuation
[2026-04-03T02:18:23.702+0600][65.603s][info][gc,task     ] GC(103) Using 3 of 6 workers for concurrent evacuation
[2026-04-03T02:18:23.705+0600][65.607s][info][gc          ] GC(103) Concurrent evacuation 3.148ms
[2026-04-03T02:18:23.706+0600][65.607s][info][gc,start    ] GC(103) Pause Init Update Refs
[2026-04-03T02:18:23.706+0600][65.607s][info][gc,ergo     ] GC(103) Pacer for Update Refs. Used: 280M, Free: 434M, Non-Taxable: 44447K, Alloc Tax Rate: 1.1x
[2026-04-03T02:18:23.706+0600][65.607s][info][gc          ] GC(103) Pause Init Update Refs 0.149ms
[2026-04-03T02:18:23.706+0600][65.607s][info][gc,start    ] GC(103) Concurrent update references
[2026-04-03T02:18:23.706+0600][65.607s][info][gc,task     ] GC(103) Using 3 of 6 workers for concurrent reference update
[2026-04-03T02:18:23.759+0600][65.660s][info][gc          ] GC(103) Concurrent update references 52.351ms
[2026-04-03T02:18:23.759+0600][65.660s][info][gc,start    ] GC(103) Concurrent update thread roots
[2026-04-03T02:18:23.760+0600][65.661s][info][gc          ] GC(103) Concurrent update thread roots 1.236ms
[2026-04-03T02:18:23.760+0600][65.661s][info][gc,start    ] GC(103) Pause Final Update Refs
[2026-04-03T02:18:23.760+0600][65.661s][info][gc,task     ] GC(103) Using 6 of 6 workers for final reference update
[2026-04-03T02:18:23.760+0600][65.662s][info][gc          ] GC(103) Pause Final Update Refs 0.189ms
[2026-04-03T02:18:23.761+0600][65.662s][info][gc,start    ] GC(103) Concurrent cleanup
[2026-04-03T02:18:23.761+0600][65.662s][info][gc          ] GC(103) Concurrent cleanup 336M->220M(674M) 0.714ms
[2026-04-03T02:18:23.761+0600][65.663s][info][gc,ergo     ] Free: 487M, Max: 256K regular, 193M humongous, Frag: 61% external, 0% internal; Reserve: 38400K, Max: 256K
[2026-04-03T02:18:23.761+0600][65.663s][info][gc,stats    ] 
[2026-04-03T02:18:23.761+0600][65.663s][info][gc,stats    ] All times are wall-clock times, except per-root-class counters, that are sum over
[2026-04-03T02:18:23.762+0600][65.663s][info][gc,stats    ] all workers. Dividing the <total> over the root stage time estimates parallelism.
[2026-04-03T02:18:23.762+0600][65.663s][info][gc,stats    ] 
[2026-04-03T02:18:23.762+0600][65.663s][info][gc,stats    ] Concurrent Reset                    854 us
[2026-04-03T02:18:23.762+0600][65.663s][info][gc,stats    ] Pause Init Mark (G)                 574 us
[2026-04-03T02:18:23.762+0600][65.663s][info][gc,stats    ] Pause Init Mark (N)                 207 us
[2026-04-03T02:18:23.762+0600][65.663s][info][gc,stats    ]   Update Region States               48 us
[2026-04-03T02:18:23.762+0600][65.663s][info][gc,stats    ] Concurrent Mark Roots              1732 us, parallelism: 1.85x
[2026-04-03T02:18:23.762+0600][65.663s][info][gc,stats    ]   CMR: <total>                     3202 us
[2026-04-03T02:18:23.762+0600][65.663s][info][gc,stats    ]   CMR: Thread Roots                2688 us, workers (us): 1037, 612, 1039, ---, ---, ---, 
[2026-04-03T02:18:23.762+0600][65.663s][info][gc,stats    ]   CMR: VM Strong Roots               67 us, workers (us):  42,  19,   6, ---, ---, ---, 
[2026-04-03T02:18:23.762+0600][65.663s][info][gc,stats    ]   CMR: CLDG Roots                   447 us, workers (us): ---, 447, ---, ---, ---, ---, 
[2026-04-03T02:18:23.762+0600][65.663s][info][gc,stats    ] Concurrent Marking                54634 us
[2026-04-03T02:18:23.762+0600][65.663s][info][gc,stats    ] Pause Final Mark (G)                986 us
[2026-04-03T02:18:23.762+0600][65.663s][info][gc,stats    ] Pause Final Mark (N)                796 us
[2026-04-03T02:18:23.762+0600][65.663s][info][gc,stats    ]   Finish Mark                       239 us
[2026-04-03T02:18:23.762+0600][65.663s][info][gc,stats    ]   Update Region States               55 us
[2026-04-03T02:18:23.762+0600][65.663s][info][gc,stats    ]   Choose Collection Set             308 us
[2026-04-03T02:18:23.762+0600][65.663s][info][gc,stats    ]   Rebuild Free Set                   39 us
[2026-04-03T02:18:23.762+0600][65.663s][info][gc,stats    ] Concurrent Thread Roots            1160 us, parallelism: 2.27x
[2026-04-03T02:18:23.762+0600][65.663s][info][gc,stats    ]   CTR: <total>                     2631 us
[2026-04-03T02:18:23.762+0600][65.663s][info][gc,stats    ]   CTR: Thread Roots                2631 us, workers (us): 893, 882, 856, ---, ---, ---, 
[2026-04-03T02:18:23.762+0600][65.663s][info][gc,stats    ] Concurrent Weak References          689 us, parallelism: 1.16x
[2026-04-03T02:18:23.762+0600][65.663s][info][gc,stats    ]   CWRF: <total>                     801 us
[2026-04-03T02:18:23.762+0600][65.663s][info][gc,stats    ]   CWRF: Weak References             801 us, workers (us): 476, 324,   1, ---, ---, ---, 
[2026-04-03T02:18:23.762+0600][65.663s][info][gc,stats    ] Concurrent Weak Roots              7029 us
[2026-04-03T02:18:23.762+0600][65.663s][info][gc,stats    ]   Roots                            6495 us, parallelism: 2.38x
[2026-04-03T02:18:23.762+0600][65.663s][info][gc,stats    ]     CWR: <total>                  15442 us
[2026-04-03T02:18:23.762+0600][65.663s][info][gc,stats    ]     CWR: Code Cache Roots         13198 us, workers (us): 5458, 3873, 3867, ---, ---, ---, 
[2026-04-03T02:18:23.762+0600][65.663s][info][gc,stats    ]     CWR: VM Weak Roots             2132 us, workers (us): 747, 694, 691, ---, ---, ---, 
[2026-04-03T02:18:23.762+0600][65.663s][info][gc,stats    ]     CWR: CLDG Roots                 112 us, workers (us): ---, 112, ---, ---, ---, ---, 
[2026-04-03T02:18:23.762+0600][65.663s][info][gc,stats    ]   Rendezvous                        384 us
[2026-04-03T02:18:23.762+0600][65.663s][info][gc,stats    ] Concurrent Cleanup                  977 us
[2026-04-03T02:18:23.762+0600][65.663s][info][gc,stats    ] Concurrent Class Unloading        20454 us
[2026-04-03T02:18:23.762+0600][65.663s][info][gc,stats    ]   Unlink Stale                    17869 us
[2026-04-03T02:18:23.762+0600][65.663s][info][gc,stats    ]     System Dictionary               305 us
[2026-04-03T02:18:23.762+0600][65.663s][info][gc,stats    ]     Weak Class Links                  0 us
[2026-04-03T02:18:23.762+0600][65.663s][info][gc,stats    ]     Code Roots                    17560 us
[2026-04-03T02:18:23.762+0600][65.663s][info][gc,stats    ]   Rendezvous                        466 us
[2026-04-03T02:18:23.762+0600][65.663s][info][gc,stats    ]   Purge Unlinked                   1963 us
[2026-04-03T02:18:23.762+0600][65.663s][info][gc,stats    ]     Code Roots                     1916 us
[2026-04-03T02:18:23.762+0600][65.663s][info][gc,stats    ]     CLDG                             45 us
[2026-04-03T02:18:23.762+0600][65.663s][info][gc,stats    ]     Exception Caches                  1 us
[2026-04-03T02:18:23.762+0600][65.663s][info][gc,stats    ] Concurrent Strong Roots            1407 us, parallelism: 0.65x
[2026-04-03T02:18:23.762+0600][65.663s][info][gc,stats    ]   CSR: <total>                      911 us
[2026-04-03T02:18:23.762+0600][65.663s][info][gc,stats    ]   CSR: VM Strong Roots               63 us, workers (us):  33,  29,   0, ---, ---, ---, 
[2026-04-03T02:18:23.762+0600][65.663s][info][gc,stats    ]   CSR: CLDG Roots                   848 us, workers (us): 848, ---, ---, ---, ---, ---, 
[2026-04-03T02:18:23.762+0600][65.663s][info][gc,stats    ] Concurrent Evacuation              3223 us
[2026-04-03T02:18:23.762+0600][65.663s][info][gc,stats    ] Pause Init Update Refs (G)          705 us
[2026-04-03T02:18:23.762+0600][65.663s][info][gc,stats    ] Pause Init Update Refs (N)          164 us
[2026-04-03T02:18:23.762+0600][65.663s][info][gc,stats    ]   Manage GCLABs                      38 us
[2026-04-03T02:18:23.762+0600][65.663s][info][gc,stats    ] Concurrent Update Refs            52434 us
[2026-04-03T02:18:23.762+0600][65.663s][info][gc,stats    ] Concurrent Update Thread Roots     1272 us
[2026-04-03T02:18:23.762+0600][65.663s][info][gc,stats    ] Pause Final Update Refs (G)         715 us
[2026-04-03T02:18:23.762+0600][65.663s][info][gc,stats    ] Pause Final Update Refs (N)         204 us
[2026-04-03T02:18:23.762+0600][65.663s][info][gc,stats    ]   Update Region States               54 us
[2026-04-03T02:18:23.762+0600][65.663s][info][gc,stats    ]   Trash Collection Set               19 us
[2026-04-03T02:18:23.762+0600][65.663s][info][gc,stats    ]   Rebuild Free Set                   44 us
[2026-04-03T02:18:23.762+0600][65.663s][info][gc,stats    ] Concurrent Cleanup                  753 us
[2026-04-03T02:18:23.762+0600][65.663s][info][gc,stats    ] Pacing                           137753 us
[2026-04-03T02:18:23.762+0600][65.663s][info][gc,stats    ] 
[2026-04-03T02:18:23.762+0600][65.663s][info][gc,stats    ] Allocation pacing accrued:
[2026-04-03T02:18:23.762+0600][65.664s][info][gc,stats    ]      18 of   471 ms (  3.9%): Executor task launch worker for task 5.0 in stage 2410.0 (TID 4562)
[2026-04-03T02:18:23.762+0600][65.664s][info][gc,stats    ]      17 of   471 ms (  3.7%): Executor task launch worker for task 2.0 in stage 2410.0 (TID 4559)
[2026-04-03T02:18:23.762+0600][65.664s][info][gc,stats    ]      17 of   471 ms (  3.7%): Executor task launch worker for task 7.0 in stage 2410.0 (TID 4564)
[2026-04-03T02:18:23.762+0600][65.664s][info][gc,stats    ]      18 of   471 ms (  3.9%): Executor task launch worker for task 1.0 in stage 2410.0 (TID 4558)
[2026-04-03T02:18:23.762+0600][65.664s][info][gc,stats    ]      11 of   471 ms (  2.4%): Executor task launch worker for task 3.0 in stage 2410.0 (TID 4560)
[2026-04-03T02:18:23.762+0600][65.664s][info][gc,stats    ]      18 of   471 ms (  3.9%): Executor task launch worker for task 4.0 in stage 2410.0 (TID 4561)
[2026-04-03T02:18:23.762+0600][65.664s][info][gc,stats    ]      19 of   471 ms (  4.1%): Executor task launch worker for task 6.0 in stage 2410.0 (TID 4563)
[2026-04-03T02:18:23.762+0600][65.664s][info][gc,stats    ]      18 of   471 ms (  3.8%): Executor task launch worker for task 0.0 in stage 2410.0 (TID 4557)
[2026-04-03T02:18:23.763+0600][65.664s][info][gc,stats    ]     138 of   471 ms ( 29.2%): <total>
[2026-04-03T02:18:23.763+0600][65.664s][info][gc,stats    ]       0 of   471 ms (  0.1%): <average total>
[2026-04-03T02:18:23.763+0600][65.664s][info][gc,stats    ]      17 of   471 ms (  3.7%): <average non-zero>
[2026-04-03T02:18:23.763+0600][65.664s][info][gc,stats    ] 
[2026-04-03T02:18:23.763+0600][65.664s][info][gc,metaspace] Metaspace: 131453K(132864K)->131453K(132864K) NonClass: 114934K(115648K)->114935K(115648K) Class: 16518K(17216K)->16518K(17216K)
[2026-04-03T02:18:23.763+0600][65.664s][info][gc,ergo     ] Pacer for Idle. Initial: 15360K, Alloc Tax Rate: 1.0x
[2026-04-03T02:18:23.935+0600][65.836s][info][gc          ] Trigger: Average GC time (158.22 ms) is above the time for average allocation rate (1073 MB/s) to deplete free headroom (159M) (margin of error = 1.82)
[2026-04-03T02:18:23.935+0600][65.836s][info][gc,ergo     ] Free headroom: 196M (free) - 38400K (spike) - 0B (penalties) = 159M
[2026-04-03T02:18:23.935+0600][65.836s][info][gc,ergo     ] Free: 196M, Max: 256K regular, 95232K humongous, Frag: 53% external, 0% internal; Reserve: 38400K, Max: 256K
[2026-04-03T02:18:23.935+0600][65.836s][info][gc,start    ] GC(104) Concurrent reset
[2026-04-03T02:18:23.935+0600][65.836s][info][gc,task     ] GC(104) Using 3 of 6 workers for concurrent reset
[2026-04-03T02:18:23.935+0600][65.836s][info][gc,ergo     ] GC(104) Pacer for Reset. Non-Taxable: 750M
[2026-04-03T02:18:23.936+0600][65.838s][info][gc          ] GC(104) Concurrent reset 1.046ms
[2026-04-03T02:18:23.937+0600][65.838s][info][gc,start    ] GC(104) Pause Init Mark (unload classes)
[2026-04-03T02:18:23.937+0600][65.838s][info][gc,task     ] GC(104) Using 6 of 6 workers for init marking
[2026-04-03T02:18:23.937+0600][65.838s][info][gc,ergo     ] GC(104) Pacer for Mark. Expected Live: 92376K, Free: 168M, Non-Taxable: 17273K, Alloc Tax Rate: 0.7x
[2026-04-03T02:18:23.937+0600][65.838s][info][gc          ] GC(104) Pause Init Mark (unload classes) 0.169ms
[2026-04-03T02:18:23.938+0600][65.839s][info][gc,start    ] GC(104) Concurrent marking roots
[2026-04-03T02:18:23.938+0600][65.839s][info][gc,task     ] GC(104) Using 3 of 6 workers for concurrent marking roots
[2026-04-03T02:18:23.939+0600][65.840s][info][gc          ] GC(104) Concurrent marking roots 1.497ms
[2026-04-03T02:18:23.939+0600][65.840s][info][gc,start    ] GC(104) Concurrent marking (unload classes)
[2026-04-03T02:18:23.939+0600][65.840s][info][gc,task     ] GC(104) Using 3 of 6 workers for concurrent marking
[2026-04-03T02:18:23.985+0600][65.886s][info][gc          ] GC(104) Concurrent marking (unload classes) 46.254ms
[2026-04-03T02:18:23.986+0600][65.887s][info][gc,start    ] GC(104) Pause Final Mark (unload classes)
[2026-04-03T02:18:23.986+0600][65.887s][info][gc,task     ] GC(104) Using 6 of 6 workers for final marking
[2026-04-03T02:18:23.986+0600][65.887s][info][gc,ergo     ] GC(104) Adaptive CSet Selection. Target Free: 106M, Actual Free: 528M, Max CSet: 32000K, Min Garbage: 0B
[2026-04-03T02:18:23.986+0600][65.887s][info][gc,ergo     ] GC(104) Collectable Garbage: 404M (97%), Immediate: 360M (87%), CSet: 45055K (10%)
[2026-04-03T02:18:23.986+0600][65.887s][info][gc,ergo     ] GC(104) Pacer for Evacuation. Used CSet: 50957K, Free: 509M, Non-Taxable: 52195K, Alloc Tax Rate: 1.1x
[2026-04-03T02:18:23.986+0600][65.887s][info][gc          ] GC(104) Pause Final Mark (unload classes) 0.581ms
[2026-04-03T02:18:23.986+0600][65.887s][info][gc,start    ] GC(104) Concurrent thread roots
[2026-04-03T02:18:23.986+0600][65.887s][info][gc,task     ] GC(104) Using 3 of 6 workers for Concurrent thread roots
[2026-04-03T02:18:23.987+0600][65.888s][info][gc          ] GC(104) Concurrent thread roots 0.869ms
[2026-04-03T02:18:23.987+0600][65.888s][info][gc,start    ] GC(104) Concurrent weak references
[2026-04-03T02:18:23.987+0600][65.888s][info][gc,task     ] GC(104) Using 3 of 6 workers for concurrent weak references
[2026-04-03T02:18:23.988+0600][65.889s][info][gc,ref      ] GC(104) Encountered references: Soft: 3788, Weak: 15292, Final: 84, Phantom: 638
[2026-04-03T02:18:23.988+0600][65.889s][info][gc,ref      ] GC(104) Discovered  references: Soft: 0, Weak: 9295, Final: 84, Phantom: 293
[2026-04-03T02:18:23.988+0600][65.889s][info][gc,ref      ] GC(104) Enqueued    references: Soft: 0, Weak: 601, Final: 0, Phantom: 0
[2026-04-03T02:18:23.988+0600][65.889s][info][gc          ] GC(104) Concurrent weak references 0.938ms
[2026-04-03T02:18:23.988+0600][65.889s][info][gc,start    ] GC(104) Concurrent weak roots
[2026-04-03T02:18:23.988+0600][65.889s][info][gc,task     ] GC(104) Using 3 of 6 workers for concurrent weak root
[2026-04-03T02:18:23.994+0600][65.895s][info][gc          ] GC(104) Concurrent weak roots 5.959ms
[2026-04-03T02:18:23.994+0600][65.895s][info][gc,start    ] GC(104) Concurrent cleanup
[2026-04-03T02:18:23.995+0600][65.896s][info][gc          ] GC(104) Concurrent cleanup 612M->251M(674M) 0.741ms
[2026-04-03T02:18:23.995+0600][65.896s][info][gc,ergo     ] GC(104) Free: 454M, Max: 256K regular, 48128K humongous, Frag: 90% external, 0% internal; Reserve: 37120K, Max: 256K
[2026-04-03T02:18:23.995+0600][65.896s][info][gc,start    ] GC(104) Concurrent class unloading
[2026-04-03T02:18:23.995+0600][65.896s][info][gc,task     ] GC(104) Using 3 of 6 workers for concurrent class unloading
[2026-04-03T02:18:24.008+0600][65.909s][info][gc          ] GC(104) Concurrent class unloading 13.077ms
[2026-04-03T02:18:24.008+0600][65.909s][info][gc,start    ] GC(104) Concurrent strong roots
[2026-04-03T02:18:24.008+0600][65.909s][info][gc,task     ] GC(104) Using 3 of 6 workers for concurrent strong root
[2026-04-03T02:18:24.009+0600][65.910s][info][gc          ] GC(104) Concurrent strong roots 0.959ms
[2026-04-03T02:18:24.009+0600][65.910s][info][gc,start    ] GC(104) Concurrent evacuation
[2026-04-03T02:18:24.009+0600][65.910s][info][gc,task     ] GC(104) Using 3 of 6 workers for concurrent evacuation
[2026-04-03T02:18:24.011+0600][65.912s][info][gc          ] GC(104) Concurrent evacuation 1.563ms
[2026-04-03T02:18:24.011+0600][65.912s][info][gc,start    ] GC(104) Pause Init Update Refs
[2026-04-03T02:18:24.011+0600][65.912s][info][gc,ergo     ] GC(104) Pacer for Update Refs. Used: 261M, Free: 449M, Non-Taxable: 46008K, Alloc Tax Rate: 1.1x
[2026-04-03T02:18:24.011+0600][65.912s][info][gc          ] GC(104) Pause Init Update Refs 0.100ms
[2026-04-03T02:18:24.011+0600][65.912s][info][gc,start    ] GC(104) Concurrent update references
[2026-04-03T02:18:24.011+0600][65.912s][info][gc,task     ] GC(104) Using 3 of 6 workers for concurrent reference update
[2026-04-03T02:18:24.055+0600][65.956s][info][gc          ] GC(104) Concurrent update references 43.761ms
[2026-04-03T02:18:24.055+0600][65.956s][info][gc,start    ] GC(104) Concurrent update thread roots
[2026-04-03T02:18:24.057+0600][65.958s][info][gc          ] GC(104) Concurrent update thread roots 2.090ms
[2026-04-03T02:18:24.057+0600][65.958s][info][gc,start    ] GC(104) Pause Final Update Refs
[2026-04-03T02:18:24.057+0600][65.958s][info][gc,task     ] GC(104) Using 6 of 6 workers for final reference update
[2026-04-03T02:18:24.057+0600][65.959s][info][gc          ] GC(104) Pause Final Update Refs 0.273ms
[2026-04-03T02:18:24.058+0600][65.959s][info][gc,start    ] GC(104) Concurrent cleanup
[2026-04-03T02:18:24.058+0600][65.959s][info][gc          ] GC(104) Concurrent cleanup 350M->301M(674M) 0.621ms
[2026-04-03T02:18:24.058+0600][65.959s][info][gc,ergo     ] Free: 397M, Max: 256K regular, 195M humongous, Frag: 51% external, 0% internal; Reserve: 38400K, Max: 256K
[2026-04-03T02:18:24.058+0600][65.959s][info][gc,stats    ] 
[2026-04-03T02:18:24.058+0600][65.959s][info][gc,stats    ] All times are wall-clock times, except per-root-class counters, that are sum over
[2026-04-03T02:18:24.058+0600][65.959s][info][gc,stats    ] all workers. Dividing the <total> over the root stage time estimates parallelism.
[2026-04-03T02:18:24.058+0600][65.959s][info][gc,stats    ] 
[2026-04-03T02:18:24.058+0600][65.959s][info][gc,stats    ] Concurrent Reset                   1083 us
[2026-04-03T02:18:24.058+0600][65.959s][info][gc,stats    ] Pause Init Mark (G)                1113 us
[2026-04-03T02:18:24.058+0600][65.959s][info][gc,stats    ] Pause Init Mark (N)                 180 us
[2026-04-03T02:18:24.058+0600][65.959s][info][gc,stats    ]   Update Region States               43 us
[2026-04-03T02:18:24.058+0600][65.959s][info][gc,stats    ] Concurrent Mark Roots              1556 us, parallelism: 1.81x
[2026-04-03T02:18:24.058+0600][65.960s][info][gc,stats    ]   CMR: <total>                     2823 us
[2026-04-03T02:18:24.058+0600][65.960s][info][gc,stats    ]   CMR: Thread Roots                2395 us, workers (us): 537, 924, 933, ---, ---, ---, 
[2026-04-03T02:18:24.058+0600][65.960s][info][gc,stats    ]   CMR: VM Strong Roots               45 us, workers (us):  30,  10,   5, ---, ---, ---, 
[2026-04-03T02:18:24.058+0600][65.960s][info][gc,stats    ]   CMR: CLDG Roots                   383 us, workers (us): 383, ---, ---, ---, ---, ---, 
[2026-04-03T02:18:24.058+0600][65.960s][info][gc,stats    ] Concurrent Marking                46415 us
[2026-04-03T02:18:24.058+0600][65.960s][info][gc,stats    ] Pause Final Mark (G)                681 us
[2026-04-03T02:18:24.059+0600][65.960s][info][gc,stats    ] Pause Final Mark (N)                593 us
[2026-04-03T02:18:24.059+0600][65.960s][info][gc,stats    ]   Finish Mark                       174 us
[2026-04-03T02:18:24.059+0600][65.960s][info][gc,stats    ]   Update Region States               47 us
[2026-04-03T02:18:24.059+0600][65.960s][info][gc,stats    ]   Choose Collection Set             197 us
[2026-04-03T02:18:24.059+0600][65.960s][info][gc,stats    ]   Rebuild Free Set                   30 us
[2026-04-03T02:18:24.059+0600][65.960s][info][gc,stats    ] Concurrent Thread Roots             884 us, parallelism: 2.22x
[2026-04-03T02:18:24.059+0600][65.960s][info][gc,stats    ]   CTR: <total>                     1961 us
[2026-04-03T02:18:24.059+0600][65.960s][info][gc,stats    ]   CTR: Thread Roots                1961 us, workers (us): 677, 667, 617, ---, ---, ---, 
[2026-04-03T02:18:24.059+0600][65.960s][info][gc,stats    ] Concurrent Weak References          945 us, parallelism: 1.07x
[2026-04-03T02:18:24.059+0600][65.960s][info][gc,stats    ]   CWRF: <total>                    1010 us
[2026-04-03T02:18:24.059+0600][65.960s][info][gc,stats    ]   CWRF: Weak References            1010 us, workers (us): 696, 171, 142, ---, ---, ---, 
[2026-04-03T02:18:24.059+0600][65.960s][info][gc,stats    ] Concurrent Weak Roots              6041 us
[2026-04-03T02:18:24.059+0600][65.960s][info][gc,stats    ]   Roots                            5049 us, parallelism: 2.68x
[2026-04-03T02:18:24.059+0600][65.960s][info][gc,stats    ]     CWR: <total>                  13537 us
[2026-04-03T02:18:24.059+0600][65.960s][info][gc,stats    ]     CWR: Code Cache Roots         11303 us, workers (us): 3613, 3862, 3828, ---, ---, ---, 
[2026-04-03T02:18:24.059+0600][65.960s][info][gc,stats    ]     CWR: VM Weak Roots             2036 us, workers (us): 729, 653, 653, ---, ---, ---, 
[2026-04-03T02:18:24.059+0600][65.960s][info][gc,stats    ]     CWR: CLDG Roots                 198 us, workers (us): 198, ---, ---, ---, ---, ---, 
[2026-04-03T02:18:24.059+0600][65.960s][info][gc,stats    ]   Rendezvous                        816 us
[2026-04-03T02:18:24.059+0600][65.960s][info][gc,stats    ] Concurrent Cleanup                  760 us
[2026-04-03T02:18:24.059+0600][65.960s][info][gc,stats    ] Concurrent Class Unloading        13161 us
[2026-04-03T02:18:24.059+0600][65.960s][info][gc,stats    ]   Unlink Stale                    12182 us
[2026-04-03T02:18:24.059+0600][65.960s][info][gc,stats    ]     System Dictionary               298 us
[2026-04-03T02:18:24.059+0600][65.960s][info][gc,stats    ]     Weak Class Links                  0 us
[2026-04-03T02:18:24.059+0600][65.960s][info][gc,stats    ]     Code Roots                    11880 us
[2026-04-03T02:18:24.059+0600][65.960s][info][gc,stats    ]   Rendezvous                        457 us
[2026-04-03T02:18:24.059+0600][65.960s][info][gc,stats    ]   Purge Unlinked                    411 us
[2026-04-03T02:18:24.059+0600][65.960s][info][gc,stats    ]     Code Roots                      402 us
[2026-04-03T02:18:24.059+0600][65.960s][info][gc,stats    ]     CLDG                              9 us
[2026-04-03T02:18:24.059+0600][65.960s][info][gc,stats    ]     Exception Caches                  0 us
[2026-04-03T02:18:24.059+0600][65.960s][info][gc,stats    ] Concurrent Strong Roots            1011 us, parallelism: 0.57x
[2026-04-03T02:18:24.059+0600][65.960s][info][gc,stats    ]   CSR: <total>                      575 us
[2026-04-03T02:18:24.059+0600][65.960s][info][gc,stats    ]   CSR: VM Strong Roots               41 us, workers (us):  20,  21,   0, ---, ---, ---, 
[2026-04-03T02:18:24.059+0600][65.960s][info][gc,stats    ]   CSR: CLDG Roots                   534 us, workers (us): 534, ---, ---, ---, ---, ---, 
[2026-04-03T02:18:24.059+0600][65.960s][info][gc,stats    ] Concurrent Evacuation              1608 us
[2026-04-03T02:18:24.059+0600][65.960s][info][gc,stats    ] Pause Init Update Refs (G)          316 us
[2026-04-03T02:18:24.059+0600][65.960s][info][gc,stats    ] Pause Init Update Refs (N)          108 us
[2026-04-03T02:18:24.059+0600][65.960s][info][gc,stats    ]   Manage GCLABs                      41 us
[2026-04-03T02:18:24.059+0600][65.960s][info][gc,stats    ] Concurrent Update Refs            43883 us
[2026-04-03T02:18:24.059+0600][65.960s][info][gc,stats    ] Concurrent Update Thread Roots     2184 us
[2026-04-03T02:18:24.059+0600][65.960s][info][gc,stats    ] Pause Final Update Refs (G)         484 us
[2026-04-03T02:18:24.059+0600][65.960s][info][gc,stats    ] Pause Final Update Refs (N)         292 us
[2026-04-03T02:18:24.059+0600][65.960s][info][gc,stats    ]   Update Region States               93 us
[2026-04-03T02:18:24.059+0600][65.960s][info][gc,stats    ]   Trash Collection Set               16 us
[2026-04-03T02:18:24.059+0600][65.960s][info][gc,stats    ]   Rebuild Free Set                   42 us
[2026-04-03T02:18:24.059+0600][65.960s][info][gc,stats    ] Concurrent Cleanup                  644 us
[2026-04-03T02:18:24.059+0600][65.960s][info][gc,stats    ] Pacing                           308670 us
[2026-04-03T02:18:24.059+0600][65.960s][info][gc,stats    ] 
[2026-04-03T02:18:24.059+0600][65.960s][info][gc,stats    ] Allocation pacing accrued:
[2026-04-03T02:18:24.059+0600][65.960s][info][gc,stats    ]      69 of   297 ms ( 23.1%): Executor task launch worker for task 0.0 in stage 2422.0 (TID 4583)
[2026-04-03T02:18:24.059+0600][65.960s][info][gc,stats    ]      68 of   297 ms ( 23.1%): Executor task launch worker for task 3.0 in stage 2422.0 (TID 4586)
[2026-04-03T02:18:24.059+0600][65.960s][info][gc,stats    ]      69 of   297 ms ( 23.2%): Executor task launch worker for task 1.0 in stage 2422.0 (TID 4584)
[2026-04-03T02:18:24.059+0600][65.960s][info][gc,stats    ]      70 of   297 ms ( 23.7%): Executor task launch worker for task 2.0 in stage 2422.0 (TID 4585)
[2026-04-03T02:18:24.059+0600][65.960s][info][gc,stats    ]      11 of   297 ms (  3.8%): block-manager-storage-async-thread-pool-81
[2026-04-03T02:18:24.059+0600][65.960s][info][gc,stats    ]      21 of   297 ms (  7.2%): block-manager-storage-async-thread-pool-92
[2026-04-03T02:18:24.059+0600][65.960s][info][gc,stats    ]     309 of   297 ms (104.0%): <total>
[2026-04-03T02:18:24.059+0600][65.960s][info][gc,stats    ]       1 of   297 ms (  0.4%): <average total>
[2026-04-03T02:18:24.059+0600][65.960s][info][gc,stats    ]      51 of   297 ms ( 17.3%): <average non-zero>
[2026-04-03T02:18:24.059+0600][65.960s][info][gc,stats    ] 
[2026-04-03T02:18:24.059+0600][65.960s][info][gc,metaspace] Metaspace: 131463K(132864K)->131463K(132864K) NonClass: 114944K(115648K)->114945K(115648K) Class: 16518K(17216K)->16518K(17216K)
[2026-04-03T02:18:24.059+0600][65.960s][info][gc,ergo     ] Pacer for Idle. Initial: 15360K, Alloc Tax Rate: 1.0x
[2026-04-03T02:18:24.099+0600][66.000s][info][gc          ] Trigger: Average GC time (160.48 ms) is above the time for average allocation rate (1454 MB/s) to deplete free headroom (215M) (margin of error = 1.84)
[2026-04-03T02:18:24.099+0600][66.000s][info][gc,ergo     ] Free headroom: 253M (free) - 38400K (spike) - 0B (penalties) = 215M
[2026-04-03T02:18:24.099+0600][66.000s][info][gc,ergo     ] Free: 244M, Max: 256K regular, 128M humongous, Frag: 48% external, 0% internal; Reserve: 38400K, Max: 256K
[2026-04-03T02:18:24.099+0600][66.000s][info][gc,start    ] GC(105) Concurrent reset
[2026-04-03T02:18:24.099+0600][66.000s][info][gc,task     ] GC(105) Using 3 of 6 workers for concurrent reset
[2026-04-03T02:18:24.099+0600][66.000s][info][gc,ergo     ] GC(105) Pacer for Reset. Non-Taxable: 750M
[2026-04-03T02:18:24.100+0600][66.001s][info][gc          ] GC(105) Concurrent reset 1.208ms
[2026-04-03T02:18:24.101+0600][66.002s][info][gc,start    ] GC(105) Pause Init Mark (unload classes)
[2026-04-03T02:18:24.101+0600][66.002s][info][gc,task     ] GC(105) Using 6 of 6 workers for init marking
[2026-04-03T02:18:24.101+0600][66.002s][info][gc,ergo     ] GC(105) Pacer for Mark. Expected Live: 96298K, Free: 222M, Non-Taxable: 22765K, Alloc Tax Rate: 0.5x
[2026-04-03T02:18:24.101+0600][66.002s][info][gc          ] GC(105) Pause Init Mark (unload classes) 0.190ms
[2026-04-03T02:18:24.101+0600][66.003s][info][gc,start    ] GC(105) Concurrent marking roots
[2026-04-03T02:18:24.102+0600][66.003s][info][gc,task     ] GC(105) Using 3 of 6 workers for concurrent marking roots
[2026-04-03T02:18:24.103+0600][66.004s][info][gc          ] GC(105) Concurrent marking roots 1.504ms
[2026-04-03T02:18:24.103+0600][66.004s][info][gc,start    ] GC(105) Concurrent marking (unload classes)
[2026-04-03T02:18:24.103+0600][66.004s][info][gc,task     ] GC(105) Using 3 of 6 workers for concurrent marking
[2026-04-03T02:18:24.145+0600][66.046s][info][gc          ] GC(105) Concurrent marking (unload classes) 41.792ms
[2026-04-03T02:18:24.146+0600][66.047s][info][gc,start    ] GC(105) Pause Final Mark (unload classes)
[2026-04-03T02:18:24.146+0600][66.047s][info][gc,task     ] GC(105) Using 6 of 6 workers for final marking
[2026-04-03T02:18:24.146+0600][66.048s][info][gc,ergo     ] GC(105) Adaptive CSet Selection. Target Free: 106M, Actual Free: 445M, Max CSet: 32000K, Min Garbage: 0B
[2026-04-03T02:18:24.147+0600][66.048s][info][gc,ergo     ] GC(105) Collectable Garbage: 351M (97%), Immediate: 314M (87%), CSet: 37612K (10%)
[2026-04-03T02:18:24.147+0600][66.048s][info][gc,ergo     ] GC(105) Pacer for Evacuation. Used CSet: 44033K, Free: 430M, Non-Taxable: 44132K, Alloc Tax Rate: 1.1x
[2026-04-03T02:18:24.147+0600][66.048s][info][gc          ] GC(105) Pause Final Mark (unload classes) 0.671ms
[2026-04-03T02:18:24.147+0600][66.048s][info][gc,start    ] GC(105) Concurrent thread roots
[2026-04-03T02:18:24.147+0600][66.048s][info][gc,task     ] GC(105) Using 3 of 6 workers for Concurrent thread roots
[2026-04-03T02:18:24.148+0600][66.049s][info][gc          ] GC(105) Concurrent thread roots 1.015ms
[2026-04-03T02:18:24.148+0600][66.049s][info][gc,start    ] GC(105) Concurrent weak references
[2026-04-03T02:18:24.148+0600][66.049s][info][gc,task     ] GC(105) Using 3 of 6 workers for concurrent weak references
[2026-04-03T02:18:24.149+0600][66.050s][info][gc,ref      ] GC(105) Encountered references: Soft: 3788, Weak: 14872, Final: 84, Phantom: 641
[2026-04-03T02:18:24.149+0600][66.050s][info][gc,ref      ] GC(105) Discovered  references: Soft: 0, Weak: 8376, Final: 52, Phantom: 244
[2026-04-03T02:18:24.149+0600][66.050s][info][gc,ref      ] GC(105) Enqueued    references: Soft: 0, Weak: 251, Final: 0, Phantom: 0
[2026-04-03T02:18:24.149+0600][66.050s][info][gc          ] GC(105) Concurrent weak references 1.450ms
[2026-04-03T02:18:24.149+0600][66.050s][info][gc,start    ] GC(105) Concurrent weak roots
[2026-04-03T02:18:24.149+0600][66.050s][info][gc,task     ] GC(105) Using 3 of 6 workers for concurrent weak root
[2026-04-03T02:18:24.154+0600][66.055s][info][gc          ] GC(105) Concurrent weak roots 4.668ms
[2026-04-03T02:18:24.154+0600][66.055s][info][gc,start    ] GC(105) Concurrent cleanup
[2026-04-03T02:18:24.155+0600][66.056s][info][gc          ] GC(105) Concurrent cleanup 612M->298M(674M) 0.838ms
[2026-04-03T02:18:24.155+0600][66.056s][info][gc,ergo     ] GC(105) Free: 403M, Max: 256K regular, 57600K humongous, Frag: 87% external, 0% internal; Reserve: 35837K, Max: 256K
[2026-04-03T02:18:24.155+0600][66.056s][info][gc,start    ] GC(105) Concurrent class unloading
[2026-04-03T02:18:24.155+0600][66.056s][info][gc,task     ] GC(105) Using 3 of 6 workers for concurrent class unloading
[2026-04-03T02:18:24.172+0600][66.073s][info][gc          ] GC(105) Concurrent class unloading 16.625ms
[2026-04-03T02:18:24.172+0600][66.073s][info][gc,start    ] GC(105) Concurrent strong roots
[2026-04-03T02:18:24.172+0600][66.073s][info][gc,task     ] GC(105) Using 3 of 6 workers for concurrent strong root
[2026-04-03T02:18:24.173+0600][66.074s][info][gc          ] GC(105) Concurrent strong roots 1.541ms
[2026-04-03T02:18:24.173+0600][66.074s][info][gc,start    ] GC(105) Concurrent evacuation
[2026-04-03T02:18:24.173+0600][66.074s][info][gc,task     ] GC(105) Using 3 of 6 workers for concurrent evacuation
[2026-04-03T02:18:24.176+0600][66.077s][info][gc          ] GC(105) Concurrent evacuation 3.016ms
[2026-04-03T02:18:24.177+0600][66.078s][info][gc,start    ] GC(105) Pause Init Update Refs
[2026-04-03T02:18:24.177+0600][66.078s][info][gc,ergo     ] GC(105) Pacer for Update Refs. Used: 313M, Free: 393M, Non-Taxable: 40259K, Alloc Tax Rate: 1.1x
[2026-04-03T02:18:24.177+0600][66.078s][info][gc          ] GC(105) Pause Init Update Refs 0.154ms
[2026-04-03T02:18:24.177+0600][66.078s][info][gc,start    ] GC(105) Concurrent update references
[2026-04-03T02:18:24.177+0600][66.078s][info][gc,task     ] GC(105) Using 3 of 6 workers for concurrent reference update
[2026-04-03T02:18:24.224+0600][66.125s][info][gc          ] GC(105) Concurrent update references 47.214ms
[2026-04-03T02:18:24.224+0600][66.125s][info][gc,start    ] GC(105) Concurrent update thread roots
[2026-04-03T02:18:24.226+0600][66.127s][info][gc          ] GC(105) Concurrent update thread roots 1.804ms
[2026-04-03T02:18:24.226+0600][66.127s][info][gc,start    ] GC(105) Pause Final Update Refs
[2026-04-03T02:18:24.226+0600][66.127s][info][gc,task     ] GC(105) Using 6 of 6 workers for final reference update
[2026-04-03T02:18:24.226+0600][66.128s][info][gc          ] GC(105) Pause Final Update Refs 0.168ms
[2026-04-03T02:18:24.227+0600][66.128s][info][gc,start    ] GC(105) Concurrent cleanup
[2026-04-03T02:18:24.227+0600][66.128s][info][gc          ] GC(105) Concurrent cleanup 364M->321M(674M) 0.502ms
[2026-04-03T02:18:24.227+0600][66.128s][info][gc,ergo     ] Free: 376M, Max: 256K regular, 77056K humongous, Frag: 80% external, 1% internal; Reserve: 38400K, Max: 256K
[2026-04-03T02:18:24.227+0600][66.128s][info][gc,stats    ] 
[2026-04-03T02:18:24.227+0600][66.128s][info][gc,stats    ] All times are wall-clock times, except per-root-class counters, that are sum over
[2026-04-03T02:18:24.227+0600][66.128s][info][gc,stats    ] all workers. Dividing the <total> over the root stage time estimates parallelism.
[2026-04-03T02:18:24.227+0600][66.128s][info][gc,stats    ] 
[2026-04-03T02:18:24.227+0600][66.128s][info][gc,stats    ] Concurrent Reset                   1268 us
[2026-04-03T02:18:24.227+0600][66.128s][info][gc,stats    ] Pause Init Mark (G)                1244 us
[2026-04-03T02:18:24.227+0600][66.128s][info][gc,stats    ] Pause Init Mark (N)                 201 us
[2026-04-03T02:18:24.227+0600][66.128s][info][gc,stats    ]   Update Region States               51 us
[2026-04-03T02:18:24.227+0600][66.128s][info][gc,stats    ] Concurrent Mark Roots              1560 us, parallelism: 1.80x
[2026-04-03T02:18:24.227+0600][66.128s][info][gc,stats    ]   CMR: <total>                     2808 us
[2026-04-03T02:18:24.227+0600][66.128s][info][gc,stats    ]   CMR: Thread Roots                2409 us, workers (us): 913, 913, 583, ---, ---, ---, 
[2026-04-03T02:18:24.227+0600][66.128s][info][gc,stats    ]   CMR: VM Strong Roots               57 us, workers (us):  22,  20,  14, ---, ---, ---, 
[2026-04-03T02:18:24.227+0600][66.128s][info][gc,stats    ]   CMR: CLDG Roots                   342 us, workers (us): ---, ---, 342, ---, ---, ---, 
[2026-04-03T02:18:24.227+0600][66.128s][info][gc,stats    ] Concurrent Marking                41869 us
[2026-04-03T02:18:24.227+0600][66.128s][info][gc,stats    ] Pause Final Mark (G)               1882 us
[2026-04-03T02:18:24.227+0600][66.128s][info][gc,stats    ] Pause Final Mark (N)                680 us
[2026-04-03T02:18:24.227+0600][66.128s][info][gc,stats    ]   Finish Mark                       297 us
[2026-04-03T02:18:24.227+0600][66.128s][info][gc,stats    ]   Update Region States               47 us
[2026-04-03T02:18:24.227+0600][66.128s][info][gc,stats    ]   Choose Collection Set             162 us
[2026-04-03T02:18:24.227+0600][66.128s][info][gc,stats    ]   Rebuild Free Set                   34 us
[2026-04-03T02:18:24.227+0600][66.128s][info][gc,stats    ] Concurrent Thread Roots            1043 us, parallelism: 2.29x
[2026-04-03T02:18:24.227+0600][66.129s][info][gc,stats    ]   CTR: <total>                     2394 us
[2026-04-03T02:18:24.227+0600][66.129s][info][gc,stats    ]   CTR: Thread Roots                2394 us, workers (us): 827, 792, 774, ---, ---, ---, 
[2026-04-03T02:18:24.227+0600][66.129s][info][gc,stats    ] Concurrent Weak References         1461 us, parallelism: 1.02x
[2026-04-03T02:18:24.227+0600][66.129s][info][gc,stats    ]   CWRF: <total>                    1494 us
[2026-04-03T02:18:24.227+0600][66.129s][info][gc,stats    ]   CWRF: Weak References            1494 us, workers (us): 235, 1112, 147, ---, ---, ---, 
[2026-04-03T02:18:24.227+0600][66.129s][info][gc,stats    ] Concurrent Weak Roots              4761 us
[2026-04-03T02:18:24.227+0600][66.129s][info][gc,stats    ]   Roots                            4218 us, parallelism: 2.74x
[2026-04-03T02:18:24.227+0600][66.129s][info][gc,stats    ]     CWR: <total>                  11572 us
[2026-04-03T02:18:24.227+0600][66.129s][info][gc,stats    ]     CWR: Code Cache Roots          8675 us, workers (us): 2985, 2980, 2709, ---, ---, ---, 
[2026-04-03T02:18:24.227+0600][66.129s][info][gc,stats    ]     CWR: VM Weak Roots             2610 us, workers (us): 905, 902, 803, ---, ---, ---, 
[2026-04-03T02:18:24.227+0600][66.129s][info][gc,stats    ]     CWR: CLDG Roots                 288 us, workers (us): ---, ---, 288, ---, ---, ---, 
[2026-04-03T02:18:24.227+0600][66.129s][info][gc,stats    ]   Rendezvous                        423 us
[2026-04-03T02:18:24.227+0600][66.129s][info][gc,stats    ] Concurrent Cleanup                  858 us
[2026-04-03T02:18:24.227+0600][66.129s][info][gc,stats    ] Concurrent Class Unloading        16760 us
[2026-04-03T02:18:24.227+0600][66.129s][info][gc,stats    ]   Unlink Stale                    15706 us
[2026-04-03T02:18:24.227+0600][66.129s][info][gc,stats    ]     System Dictionary               306 us
[2026-04-03T02:18:24.227+0600][66.129s][info][gc,stats    ]     Weak Class Links                  0 us
[2026-04-03T02:18:24.228+0600][66.129s][info][gc,stats    ]     Code Roots                    15395 us
[2026-04-03T02:18:24.228+0600][66.129s][info][gc,stats    ]   Rendezvous                        374 us
[2026-04-03T02:18:24.228+0600][66.129s][info][gc,stats    ]   Purge Unlinked                    491 us
[2026-04-03T02:18:24.228+0600][66.129s][info][gc,stats    ]     Code Roots                      475 us
[2026-04-03T02:18:24.228+0600][66.129s][info][gc,stats    ]     CLDG                             14 us
[2026-04-03T02:18:24.228+0600][66.129s][info][gc,stats    ]     Exception Caches                  1 us
[2026-04-03T02:18:24.228+0600][66.129s][info][gc,stats    ] Concurrent Strong Roots            1598 us, parallelism: 0.70x
[2026-04-03T02:18:24.228+0600][66.129s][info][gc,stats    ]   CSR: <total>                     1117 us
[2026-04-03T02:18:24.228+0600][66.129s][info][gc,stats    ]   CSR: VM Strong Roots               66 us, workers (us):  64,   2,   0, ---, ---, ---, 
[2026-04-03T02:18:24.228+0600][66.129s][info][gc,stats    ]   CSR: CLDG Roots                  1051 us, workers (us): 1051, ---, ---, ---, ---, ---, 
[2026-04-03T02:18:24.228+0600][66.129s][info][gc,stats    ] Concurrent Evacuation              3135 us
[2026-04-03T02:18:24.228+0600][66.129s][info][gc,stats    ] Pause Init Update Refs (G)          415 us
[2026-04-03T02:18:24.228+0600][66.129s][info][gc,stats    ] Pause Init Update Refs (N)          165 us
[2026-04-03T02:18:24.228+0600][66.129s][info][gc,stats    ]   Manage GCLABs                      53 us
[2026-04-03T02:18:24.228+0600][66.129s][info][gc,stats    ] Concurrent Update Refs            47284 us
[2026-04-03T02:18:24.228+0600][66.129s][info][gc,stats    ] Concurrent Update Thread Roots     1864 us
[2026-04-03T02:18:24.228+0600][66.129s][info][gc,stats    ] Pause Final Update Refs (G)         617 us
[2026-04-03T02:18:24.228+0600][66.129s][info][gc,stats    ] Pause Final Update Refs (N)         179 us
[2026-04-03T02:18:24.228+0600][66.129s][info][gc,stats    ]   Update Region States               57 us
[2026-04-03T02:18:24.228+0600][66.129s][info][gc,stats    ]   Trash Collection Set               11 us
[2026-04-03T02:18:24.228+0600][66.129s][info][gc,stats    ]   Rebuild Free Set                   36 us
[2026-04-03T02:18:24.228+0600][66.129s][info][gc,stats    ] Concurrent Cleanup                  520 us
[2026-04-03T02:18:24.228+0600][66.129s][info][gc,stats    ] Pacing                           144537 us
[2026-04-03T02:18:24.228+0600][66.129s][info][gc,stats    ] 
[2026-04-03T02:18:24.228+0600][66.129s][info][gc,stats    ] Allocation pacing accrued:
[2026-04-03T02:18:24.228+0600][66.129s][info][gc,stats    ]       2 of   169 ms (  1.4%): Spark Context Cleaner
[2026-04-03T02:18:24.228+0600][66.129s][info][gc,stats    ]      36 of   169 ms ( 21.4%): Executor task launch worker for task 2.0 in stage 2427.0 (TID 4597)
[2026-04-03T02:18:24.228+0600][66.129s][info][gc,stats    ]      35 of   169 ms ( 21.0%): Executor task launch worker for task 3.0 in stage 2427.0 (TID 4598)
[2026-04-03T02:18:24.228+0600][66.129s][info][gc,stats    ]      35 of   169 ms ( 20.7%): Executor task launch worker for task 0.0 in stage 2427.0 (TID 4595)
[2026-04-03T02:18:24.228+0600][66.129s][info][gc,stats    ]      36 of   169 ms ( 21.3%): Executor task launch worker for task 1.0 in stage 2427.0 (TID 4596)
[2026-04-03T02:18:24.228+0600][66.129s][info][gc,stats    ]     145 of   169 ms ( 85.7%): <total>
[2026-04-03T02:18:24.228+0600][66.129s][info][gc,stats    ]       1 of   169 ms (  0.3%): <average total>
[2026-04-03T02:18:24.228+0600][66.129s][info][gc,stats    ]      29 of   169 ms ( 17.1%): <average non-zero>
[2026-04-03T02:18:24.228+0600][66.129s][info][gc,stats    ] 
[2026-04-03T02:18:24.228+0600][66.129s][info][gc,metaspace] Metaspace: 131463K(132864K)->131465K(132864K) NonClass: 114945K(115648K)->114946K(115648K) Class: 16518K(17216K)->16518K(17216K)
[2026-04-03T02:18:24.228+0600][66.129s][info][gc,ergo     ] Pacer for Idle. Initial: 15360K, Alloc Tax Rate: 1.0x
[2026-04-03T02:18:24.328+0600][66.229s][info][gc          ] Trigger: Average GC time (150.98 ms) is above the time for average allocation rate (1673 MB/s) to deplete free headroom (251M) (margin of error = 1.86)
[2026-04-03T02:18:24.328+0600][66.229s][info][gc,ergo     ] Free headroom: 289M (free) - 38400K (spike) - 0B (penalties) = 251M
[2026-04-03T02:18:24.328+0600][66.229s][info][gc,ergo     ] Free: 289M, Max: 256K regular, 77056K humongous, Frag: 74% external, 0% internal; Reserve: 38400K, Max: 256K
[2026-04-03T02:18:24.328+0600][66.229s][info][gc,start    ] GC(106) Concurrent reset
[2026-04-03T02:18:24.328+0600][66.229s][info][gc,task     ] GC(106) Using 3 of 6 workers for concurrent reset
[2026-04-03T02:18:24.328+0600][66.229s][info][gc,ergo     ] GC(106) Pacer for Reset. Non-Taxable: 750M
[2026-04-03T02:18:24.330+0600][66.231s][info][gc          ] GC(106) Concurrent reset 1.807ms
[2026-04-03T02:18:24.330+0600][66.231s][info][gc,start    ] GC(106) Pause Init Mark (unload classes)
[2026-04-03T02:18:24.330+0600][66.231s][info][gc,task     ] GC(106) Using 6 of 6 workers for init marking
[2026-04-03T02:18:24.330+0600][66.231s][info][gc,ergo     ] GC(106) Pacer for Mark. Expected Live: 99638K, Free: 280M, Non-Taxable: 28682K, Alloc Tax Rate: 0.4x
[2026-04-03T02:18:24.330+0600][66.231s][info][gc          ] GC(106) Pause Init Mark (unload classes) 0.125ms
[2026-04-03T02:18:24.330+0600][66.231s][info][gc,start    ] GC(106) Concurrent marking roots
[2026-04-03T02:18:24.330+0600][66.232s][info][gc,task     ] GC(106) Using 3 of 6 workers for concurrent marking roots
[2026-04-03T02:18:24.333+0600][66.234s][info][gc          ] GC(106) Concurrent marking roots 2.342ms
[2026-04-03T02:18:24.333+0600][66.234s][info][gc,start    ] GC(106) Concurrent marking (unload classes)
[2026-04-03T02:18:24.333+0600][66.234s][info][gc,task     ] GC(106) Using 3 of 6 workers for concurrent marking
[2026-04-03T02:18:24.388+0600][66.289s][info][gc          ] GC(106) Concurrent marking (unload classes) 54.929ms
[2026-04-03T02:18:24.388+0600][66.289s][info][gc,start    ] GC(106) Pause Final Mark (unload classes)
[2026-04-03T02:18:24.388+0600][66.289s][info][gc,task     ] GC(106) Using 6 of 6 workers for final marking
[2026-04-03T02:18:24.389+0600][66.290s][info][gc,ergo     ] GC(106) Adaptive CSet Selection. Target Free: 106M, Actual Free: 571M, Max CSet: 32000K, Min Garbage: 0B
[2026-04-03T02:18:24.389+0600][66.290s][info][gc,ergo     ] GC(106) Collectable Garbage: 312M (97%), Immediate: 268M (83%), CSet: 45481K (13%)
[2026-04-03T02:18:24.389+0600][66.290s][info][gc,ergo     ] GC(106) Pacer for Evacuation. Used CSet: 48862K, Free: 556M, Non-Taxable: 56980K, Alloc Tax Rate: 1.1x
[2026-04-03T02:18:24.389+0600][66.290s][info][gc          ] GC(106) Pause Final Mark (unload classes) 0.921ms
[2026-04-03T02:18:24.389+0600][66.290s][info][gc,start    ] GC(106) Concurrent thread roots
[2026-04-03T02:18:24.389+0600][66.290s][info][gc,task     ] GC(106) Using 3 of 6 workers for Concurrent thread roots
[2026-04-03T02:18:24.390+0600][66.291s][info][gc          ] GC(106) Concurrent thread roots 1.171ms
[2026-04-03T02:18:24.390+0600][66.291s][info][gc,start    ] GC(106) Concurrent weak references
[2026-04-03T02:18:24.390+0600][66.291s][info][gc,task     ] GC(106) Using 3 of 6 workers for concurrent weak references
[2026-04-03T02:18:24.391+0600][66.292s][info][gc,ref      ] GC(106) Encountered references: Soft: 3787, Weak: 14956, Final: 84, Phantom: 621
[2026-04-03T02:18:24.391+0600][66.292s][info][gc,ref      ] GC(106) Discovered  references: Soft: 0, Weak: 8620, Final: 84, Phantom: 223
[2026-04-03T02:18:24.391+0600][66.292s][info][gc,ref      ] GC(106) Enqueued    references: Soft: 0, Weak: 314, Final: 0, Phantom: 0
[2026-04-03T02:18:24.391+0600][66.292s][info][gc          ] GC(106) Concurrent weak references 1.104ms
[2026-04-03T02:18:24.391+0600][66.292s][info][gc,start    ] GC(106) Concurrent weak roots
[2026-04-03T02:18:24.391+0600][66.292s][info][gc,task     ] GC(106) Using 3 of 6 workers for concurrent weak root
[2026-04-03T02:18:24.397+0600][66.298s][info][gc          ] GC(106) Concurrent weak roots 5.357ms
[2026-04-03T02:18:24.397+0600][66.298s][info][gc,start    ] GC(106) Concurrent cleanup
[2026-04-03T02:18:24.397+0600][66.298s][info][gc          ] GC(106) Concurrent cleanup 424M->156M(674M) 0.465ms
[2026-04-03T02:18:24.397+0600][66.298s][info][gc,ergo     ] GC(106) Free: 553M, Max: 256K regular, 135M humongous, Frag: 76% external, 0% internal; Reserve: 37851K, Max: 256K
[2026-04-03T02:18:24.397+0600][66.298s][info][gc,start    ] GC(106) Concurrent class unloading
[2026-04-03T02:18:24.397+0600][66.298s][info][gc,task     ] GC(106) Using 3 of 6 workers for concurrent class unloading
[2026-04-03T02:18:24.412+0600][66.313s][info][gc          ] GC(106) Concurrent class unloading 14.997ms
[2026-04-03T02:18:24.412+0600][66.314s][info][gc,start    ] GC(106) Concurrent strong roots
[2026-04-03T02:18:24.412+0600][66.314s][info][gc,task     ] GC(106) Using 3 of 6 workers for concurrent strong root
[2026-04-03T02:18:24.413+0600][66.314s][info][gc          ] GC(106) Concurrent strong roots 0.951ms
[2026-04-03T02:18:24.413+0600][66.314s][info][gc,start    ] GC(106) Concurrent evacuation
[2026-04-03T02:18:24.413+0600][66.315s][info][gc,task     ] GC(106) Using 3 of 6 workers for concurrent evacuation
[2026-04-03T02:18:24.415+0600][66.316s][info][gc          ] GC(106) Concurrent evacuation 1.446ms
[2026-04-03T02:18:24.415+0600][66.316s][info][gc,start    ] GC(106) Pause Init Update Refs
[2026-04-03T02:18:24.415+0600][66.316s][info][gc,ergo     ] GC(106) Pacer for Update Refs. Used: 165M, Free: 548M, Non-Taxable: 56132K, Alloc Tax Rate: 1.1x
[2026-04-03T02:18:24.415+0600][66.316s][info][gc          ] GC(106) Pause Init Update Refs 0.107ms
[2026-04-03T02:18:24.415+0600][66.316s][info][gc,start    ] GC(106) Concurrent update references
[2026-04-03T02:18:24.415+0600][66.316s][info][gc,task     ] GC(106) Using 3 of 6 workers for concurrent reference update
[2026-04-03T02:18:24.445+0600][66.346s][info][gc          ] GC(106) Concurrent update references 29.786ms
[2026-04-03T02:18:24.445+0600][66.346s][info][gc,start    ] GC(106) Concurrent update thread roots
[2026-04-03T02:18:24.446+0600][66.347s][info][gc          ] GC(106) Concurrent update thread roots 1.119ms
[2026-04-03T02:18:24.446+0600][66.348s][info][gc,start    ] GC(106) Pause Final Update Refs
[2026-04-03T02:18:24.446+0600][66.348s][info][gc,task     ] GC(106) Using 6 of 6 workers for final reference update
[2026-04-03T02:18:24.447+0600][66.348s][info][gc          ] GC(106) Pause Final Update Refs 0.141ms
[2026-04-03T02:18:24.447+0600][66.348s][info][gc,start    ] GC(106) Concurrent cleanup
[2026-04-03T02:18:24.447+0600][66.348s][info][gc          ] GC(106) Concurrent cleanup 176M->128M(674M) 0.504ms
[2026-04-03T02:18:24.447+0600][66.348s][info][gc,ergo     ] Free: 581M, Max: 256K regular, 349M humongous, Frag: 40% external, 1% internal; Reserve: 38400K, Max: 256K
[2026-04-03T02:18:24.447+0600][66.348s][info][gc,stats    ] 
[2026-04-03T02:18:24.447+0600][66.348s][info][gc,stats    ] All times are wall-clock times, except per-root-class counters, that are sum over
[2026-04-03T02:18:24.447+0600][66.348s][info][gc,stats    ] all workers. Dividing the <total> over the root stage time estimates parallelism.
[2026-04-03T02:18:24.447+0600][66.348s][info][gc,stats    ] 
[2026-04-03T02:18:24.447+0600][66.348s][info][gc,stats    ] Concurrent Reset                   1875 us
[2026-04-03T02:18:24.447+0600][66.348s][info][gc,stats    ] Pause Init Mark (G)                 323 us
[2026-04-03T02:18:24.447+0600][66.348s][info][gc,stats    ] Pause Init Mark (N)                 135 us
[2026-04-03T02:18:24.447+0600][66.348s][info][gc,stats    ]   Update Region States               32 us
[2026-04-03T02:18:24.447+0600][66.348s][info][gc,stats    ] Concurrent Mark Roots              2403 us, parallelism: 1.53x
[2026-04-03T02:18:24.447+0600][66.348s][info][gc,stats    ]   CMR: <total>                     3673 us
[2026-04-03T02:18:24.447+0600][66.348s][info][gc,stats    ]   CMR: Thread Roots                3096 us, workers (us): 1196, 687, 1214, ---, ---, ---, 
[2026-04-03T02:18:24.447+0600][66.349s][info][gc,stats    ]   CMR: VM Strong Roots               76 us, workers (us):  32,  23,  21, ---, ---, ---, 
[2026-04-03T02:18:24.447+0600][66.349s][info][gc,stats    ]   CMR: CLDG Roots                   500 us, workers (us): ---, 500, ---, ---, ---, ---, 
[2026-04-03T02:18:24.447+0600][66.349s][info][gc,stats    ] Concurrent Marking                55019 us
[2026-04-03T02:18:24.447+0600][66.349s][info][gc,stats    ] Pause Final Mark (G)               1156 us
[2026-04-03T02:18:24.447+0600][66.349s][info][gc,stats    ] Pause Final Mark (N)                934 us
[2026-04-03T02:18:24.447+0600][66.349s][info][gc,stats    ]   Finish Mark                       357 us
[2026-04-03T02:18:24.447+0600][66.349s][info][gc,stats    ]   Update Region States               55 us
[2026-04-03T02:18:24.447+0600][66.349s][info][gc,stats    ]   Choose Collection Set             292 us
[2026-04-03T02:18:24.447+0600][66.349s][info][gc,stats    ]   Rebuild Free Set                   48 us
[2026-04-03T02:18:24.447+0600][66.349s][info][gc,stats    ] Concurrent Thread Roots            1209 us, parallelism: 2.21x
[2026-04-03T02:18:24.447+0600][66.349s][info][gc,stats    ]   CTR: <total>                     2676 us
[2026-04-03T02:18:24.447+0600][66.349s][info][gc,stats    ]   CTR: Thread Roots                2676 us, workers (us): 963, 857, 857, ---, ---, ---, 
[2026-04-03T02:18:24.447+0600][66.349s][info][gc,stats    ] Concurrent Weak References         1116 us, parallelism: 1.08x
[2026-04-03T02:18:24.447+0600][66.349s][info][gc,stats    ]   CWRF: <total>                    1205 us
[2026-04-03T02:18:24.447+0600][66.349s][info][gc,stats    ]   CWRF: Weak References            1205 us, workers (us): 132, 886, 188, ---, ---, ---, 
[2026-04-03T02:18:24.448+0600][66.349s][info][gc,stats    ] Concurrent Weak Roots              5469 us
[2026-04-03T02:18:24.448+0600][66.349s][info][gc,stats    ]   Roots                            5024 us, parallelism: 2.69x
[2026-04-03T02:18:24.448+0600][66.349s][info][gc,stats    ]     CWR: <total>                  13520 us
[2026-04-03T02:18:24.448+0600][66.349s][info][gc,stats    ]     CWR: Code Cache Roots         10412 us, workers (us): 3627, 3439, 3346, ---, ---, ---, 
[2026-04-03T02:18:24.448+0600][66.349s][info][gc,stats    ]     CWR: VM Weak Roots             2965 us, workers (us): 1064, 951, 951, ---, ---, ---, 
[2026-04-03T02:18:24.448+0600][66.349s][info][gc,stats    ]     CWR: CLDG Roots                 143 us, workers (us): ---, ---, 143, ---, ---, ---, 
[2026-04-03T02:18:24.448+0600][66.349s][info][gc,stats    ]   Rendezvous                        304 us
[2026-04-03T02:18:24.448+0600][66.349s][info][gc,stats    ] Concurrent Cleanup                  494 us
[2026-04-03T02:18:24.448+0600][66.349s][info][gc,stats    ] Concurrent Class Unloading        15080 us
[2026-04-03T02:18:24.448+0600][66.349s][info][gc,stats    ]   Unlink Stale                    13756 us
[2026-04-03T02:18:24.448+0600][66.349s][info][gc,stats    ]     System Dictionary               281 us
[2026-04-03T02:18:24.448+0600][66.349s][info][gc,stats    ]     Weak Class Links                  1 us
[2026-04-03T02:18:24.448+0600][66.349s][info][gc,stats    ]     Code Roots                    13469 us
[2026-04-03T02:18:24.448+0600][66.349s][info][gc,stats    ]   Rendezvous                        511 us
[2026-04-03T02:18:24.448+0600][66.349s][info][gc,stats    ]   Purge Unlinked                    692 us
[2026-04-03T02:18:24.448+0600][66.349s][info][gc,stats    ]     Code Roots                      676 us
[2026-04-03T02:18:24.448+0600][66.349s][info][gc,stats    ]     CLDG                             14 us
[2026-04-03T02:18:24.448+0600][66.349s][info][gc,stats    ]     Exception Caches                  0 us
[2026-04-03T02:18:24.448+0600][66.349s][info][gc,stats    ] Concurrent Strong Roots             986 us, parallelism: 0.58x
[2026-04-03T02:18:24.448+0600][66.349s][info][gc,stats    ]   CSR: <total>                      575 us
[2026-04-03T02:18:24.448+0600][66.349s][info][gc,stats    ]   CSR: VM Strong Roots               33 us, workers (us):  31,   2,   0, ---, ---, ---, 
[2026-04-03T02:18:24.448+0600][66.349s][info][gc,stats    ]   CSR: CLDG Roots                   542 us, workers (us): 542, ---, ---, ---, ---, ---, 
[2026-04-03T02:18:24.448+0600][66.349s][info][gc,stats    ] Concurrent Evacuation              1502 us
[2026-04-03T02:18:24.448+0600][66.349s][info][gc,stats    ] Pause Init Update Refs (G)          368 us
[2026-04-03T02:18:24.448+0600][66.349s][info][gc,stats    ] Pause Init Update Refs (N)          126 us
[2026-04-03T02:18:24.448+0600][66.349s][info][gc,stats    ]   Manage GCLABs                      20 us
[2026-04-03T02:18:24.448+0600][66.349s][info][gc,stats    ] Concurrent Update Refs            29850 us
[2026-04-03T02:18:24.448+0600][66.349s][info][gc,stats    ] Concurrent Update Thread Roots     1165 us
[2026-04-03T02:18:24.448+0600][66.349s][info][gc,stats    ] Pause Final Update Refs (G)         458 us
[2026-04-03T02:18:24.448+0600][66.349s][info][gc,stats    ] Pause Final Update Refs (N)         152 us
[2026-04-03T02:18:24.448+0600][66.349s][info][gc,stats    ]   Update Region States               42 us
[2026-04-03T02:18:24.448+0600][66.349s][info][gc,stats    ]   Trash Collection Set               11 us
[2026-04-03T02:18:24.448+0600][66.349s][info][gc,stats    ]   Rebuild Free Set                   37 us
[2026-04-03T02:18:24.448+0600][66.349s][info][gc,stats    ] Concurrent Cleanup                  519 us
[2026-04-03T02:18:24.448+0600][66.349s][info][gc,stats    ] 
[2026-04-03T02:18:24.448+0600][66.349s][info][gc,stats    ] Allocation pacing accrued:
[2026-04-03T02:18:24.448+0600][66.349s][info][gc,stats    ]       0 of   220 ms (  0.0%): <total>
[2026-04-03T02:18:24.448+0600][66.349s][info][gc,stats    ]       0 of   220 ms (  0.0%): <average total>
[2026-04-03T02:18:24.448+0600][66.349s][info][gc,stats    ] 
[2026-04-03T02:18:24.448+0600][66.349s][info][gc,metaspace] Metaspace: 131489K(132864K)->131490K(132864K) NonClass: 114970K(115648K)->114971K(115648K) Class: 16518K(17216K)->16518K(17216K)
[2026-04-03T02:18:24.448+0600][66.349s][info][gc,ergo     ] Pacer for Idle. Initial: 15360K, Alloc Tax Rate: 1.0x
[2026-04-03T02:18:24.897+0600][66.799s][info][gc          ] Trigger: Average GC time (143.41 ms) is above the time for average allocation rate (1028 MB/s) to deplete free headroom (147M) (margin of error = 1.84)
[2026-04-03T02:18:24.897+0600][66.799s][info][gc,ergo     ] Free headroom: 184M (free) - 38400K (spike) - 0B (penalties) = 147M
[2026-04-03T02:18:24.898+0600][66.799s][info][gc,ergo     ] Free: 184M, Max: 256K regular, 106M humongous, Frag: 43% external, 0% internal; Reserve: 38400K, Max: 256K
[2026-04-03T02:18:24.898+0600][66.799s][info][gc,start    ] GC(107) Concurrent reset
[2026-04-03T02:18:24.898+0600][66.799s][info][gc,task     ] GC(107) Using 3 of 6 workers for concurrent reset
[2026-04-03T02:18:24.898+0600][66.799s][info][gc,ergo     ] GC(107) Pacer for Reset. Non-Taxable: 750M
[2026-04-03T02:18:24.899+0600][66.800s][info][gc          ] GC(107) Concurrent reset 1.093ms
[2026-04-03T02:18:24.899+0600][66.800s][info][gc,start    ] GC(107) Pause Init Mark (unload classes)
[2026-04-03T02:18:24.899+0600][66.800s][info][gc,task     ] GC(107) Using 6 of 6 workers for init marking
[2026-04-03T02:18:24.899+0600][66.800s][info][gc,ergo     ] GC(107) Pacer for Mark. Expected Live: 99339K, Free: 182M, Non-Taxable: 18645K, Alloc Tax Rate: 0.7x
[2026-04-03T02:18:24.899+0600][66.800s][info][gc          ] GC(107) Pause Init Mark (unload classes) 0.208ms
[2026-04-03T02:18:24.899+0600][66.801s][info][gc,start    ] GC(107) Concurrent marking roots
[2026-04-03T02:18:24.899+0600][66.801s][info][gc,task     ] GC(107) Using 3 of 6 workers for concurrent marking roots
[2026-04-03T02:18:24.901+0600][66.802s][info][gc          ] GC(107) Concurrent marking roots 1.624ms
[2026-04-03T02:18:24.901+0600][66.802s][info][gc,start    ] GC(107) Concurrent marking (unload classes)
[2026-04-03T02:18:24.901+0600][66.802s][info][gc,task     ] GC(107) Using 3 of 6 workers for concurrent marking
[2026-04-03T02:18:24.961+0600][66.862s][info][gc          ] GC(107) Concurrent marking (unload classes) 60.241ms
[2026-04-03T02:18:24.962+0600][66.863s][info][gc,start    ] GC(107) Pause Final Mark (unload classes)
[2026-04-03T02:18:24.962+0600][66.863s][info][gc,task     ] GC(107) Using 6 of 6 workers for final marking
[2026-04-03T02:18:24.962+0600][66.863s][info][gc,ergo     ] GC(107) Adaptive CSet Selection. Target Free: 106M, Actual Free: 505M, Max CSet: 32000K, Min Garbage: 0B
[2026-04-03T02:18:24.962+0600][66.863s][info][gc,ergo     ] GC(107) Collectable Garbage: 399M (97%), Immediate: 317M (77%), CSet: 84931K (20%)
[2026-04-03T02:18:24.962+0600][66.863s][info][gc,ergo     ] GC(107) Pacer for Evacuation. Used CSet: 89404K, Free: 495M, Non-Taxable: 50773K, Alloc Tax Rate: 1.1x
[2026-04-03T02:18:24.962+0600][66.863s][info][gc          ] GC(107) Pause Final Mark (unload classes) 0.857ms
[2026-04-03T02:18:24.963+0600][66.864s][info][gc,start    ] GC(107) Concurrent thread roots
[2026-04-03T02:18:24.963+0600][66.864s][info][gc,task     ] GC(107) Using 3 of 6 workers for Concurrent thread roots
[2026-04-03T02:18:24.963+0600][66.864s][info][gc          ] GC(107) Concurrent thread roots 0.738ms
[2026-04-03T02:18:24.963+0600][66.864s][info][gc,start    ] GC(107) Concurrent weak references
[2026-04-03T02:18:24.963+0600][66.864s][info][gc,task     ] GC(107) Using 3 of 6 workers for concurrent weak references
[2026-04-03T02:18:24.964+0600][66.865s][info][gc,ref      ] GC(107) Encountered references: Soft: 3790, Weak: 15200, Final: 84, Phantom: 621
[2026-04-03T02:18:24.964+0600][66.865s][info][gc,ref      ] GC(107) Discovered  references: Soft: 0, Weak: 7825, Final: 48, Phantom: 598
[2026-04-03T02:18:24.964+0600][66.865s][info][gc,ref      ] GC(107) Enqueued    references: Soft: 0, Weak: 108, Final: 0, Phantom: 0
[2026-04-03T02:18:24.964+0600][66.865s][info][gc          ] GC(107) Concurrent weak references 0.955ms
[2026-04-03T02:18:24.964+0600][66.865s][info][gc,start    ] GC(107) Concurrent weak roots
[2026-04-03T02:18:24.964+0600][66.865s][info][gc,task     ] GC(107) Using 3 of 6 workers for concurrent weak root
[2026-04-03T02:18:24.969+0600][66.870s][info][gc          ] GC(107) Concurrent weak roots 4.802ms
[2026-04-03T02:18:24.969+0600][66.870s][info][gc,start    ] GC(107) Concurrent cleanup
[2026-04-03T02:18:24.970+0600][66.871s][info][gc          ] GC(107) Concurrent cleanup 538M->221M(674M) 0.879ms
[2026-04-03T02:18:24.970+0600][66.871s][info][gc,ergo     ] GC(107) Free: 487M, Max: 256K regular, 66048K humongous, Frag: 87% external, 0% internal; Reserve: 38020K, Max: 256K
[2026-04-03T02:18:24.970+0600][66.871s][info][gc,start    ] GC(107) Concurrent class unloading
[2026-04-03T02:18:24.970+0600][66.871s][info][gc,task     ] GC(107) Using 3 of 6 workers for concurrent class unloading
[2026-04-03T02:18:24.988+0600][66.889s][info][gc          ] GC(107) Concurrent class unloading 17.615ms
[2026-04-03T02:18:24.988+0600][66.889s][info][gc,start    ] GC(107) Concurrent strong roots
[2026-04-03T02:18:24.988+0600][66.889s][info][gc,task     ] GC(107) Using 3 of 6 workers for concurrent strong root
[2026-04-03T02:18:24.989+0600][66.890s][info][gc          ] GC(107) Concurrent strong roots 1.278ms
[2026-04-03T02:18:24.989+0600][66.890s][info][gc,start    ] GC(107) Concurrent evacuation
[2026-04-03T02:18:24.989+0600][66.890s][info][gc,task     ] GC(107) Using 3 of 6 workers for concurrent evacuation
[2026-04-03T02:18:24.991+0600][66.892s][info][gc          ] GC(107) Concurrent evacuation 2.101ms
[2026-04-03T02:18:24.992+0600][66.893s][info][gc,start    ] GC(107) Pause Init Update Refs
[2026-04-03T02:18:24.992+0600][66.893s][info][gc,ergo     ] GC(107) Pacer for Update Refs. Used: 248M, Free: 463M, Non-Taxable: 47415K, Alloc Tax Rate: 1.1x
[2026-04-03T02:18:24.992+0600][66.893s][info][gc          ] GC(107) Pause Init Update Refs 0.163ms
[2026-04-03T02:18:24.992+0600][66.893s][info][gc,start    ] GC(107) Concurrent update references
[2026-04-03T02:18:24.992+0600][66.893s][info][gc,task     ] GC(107) Using 3 of 6 workers for concurrent reference update
[2026-04-03T02:18:25.039+0600][66.940s][info][gc          ] GC(107) Concurrent update references 46.699ms
[2026-04-03T02:18:25.039+0600][66.940s][info][gc,start    ] GC(107) Concurrent update thread roots
[2026-04-03T02:18:25.040+0600][66.941s][info][gc          ] GC(107) Concurrent update thread roots 1.266ms
[2026-04-03T02:18:25.040+0600][66.941s][info][gc,start    ] GC(107) Pause Final Update Refs
[2026-04-03T02:18:25.040+0600][66.941s][info][gc,task     ] GC(107) Using 6 of 6 workers for final reference update
[2026-04-03T02:18:25.040+0600][66.942s][info][gc          ] GC(107) Pause Final Update Refs 0.178ms
[2026-04-03T02:18:25.041+0600][66.942s][info][gc,start    ] GC(107) Concurrent cleanup
[2026-04-03T02:18:25.041+0600][66.942s][info][gc          ] GC(107) Concurrent cleanup 277M->194M(674M) 0.569ms
[2026-04-03T02:18:25.041+0600][66.942s][info][gc,ergo     ] Free: 509M, Max: 256K regular, 241M humongous, Frag: 53% external, 0% internal; Reserve: 38400K, Max: 256K
[2026-04-03T02:18:25.041+0600][66.942s][info][gc,stats    ] 
[2026-04-03T02:18:25.041+0600][66.942s][info][gc,stats    ] All times are wall-clock times, except per-root-class counters, that are sum over
[2026-04-03T02:18:25.041+0600][66.942s][info][gc,stats    ] all workers. Dividing the <total> over the root stage time estimates parallelism.
[2026-04-03T02:18:25.041+0600][66.942s][info][gc,stats    ] 
[2026-04-03T02:18:25.041+0600][66.942s][info][gc,stats    ] Concurrent Reset                   1162 us
[2026-04-03T02:18:25.041+0600][66.942s][info][gc,stats    ] Pause Init Mark (G)                 638 us
[2026-04-03T02:18:25.041+0600][66.942s][info][gc,stats    ] Pause Init Mark (N)                 226 us
[2026-04-03T02:18:25.041+0600][66.942s][info][gc,stats    ]   Update Region States               50 us
[2026-04-03T02:18:25.041+0600][66.942s][info][gc,stats    ] Concurrent Mark Roots              1662 us, parallelism: 1.97x
[2026-04-03T02:18:25.041+0600][66.942s][info][gc,stats    ]   CMR: <total>                     3267 us
[2026-04-03T02:18:25.041+0600][66.942s][info][gc,stats    ]   CMR: Thread Roots                2922 us, workers (us): 1066, 794, 1062, ---, ---, ---, 
[2026-04-03T02:18:25.041+0600][66.942s][info][gc,stats    ]   CMR: VM Strong Roots               73 us, workers (us):  39,  18,  16, ---, ---, ---, 
[2026-04-03T02:18:25.041+0600][66.942s][info][gc,stats    ]   CMR: CLDG Roots                   272 us, workers (us): ---, 272, ---, ---, ---, ---, 
[2026-04-03T02:18:25.041+0600][66.942s][info][gc,stats    ] Concurrent Marking                60299 us
[2026-04-03T02:18:25.041+0600][66.942s][info][gc,stats    ] Pause Final Mark (G)               1206 us
[2026-04-03T02:18:25.041+0600][66.942s][info][gc,stats    ] Pause Final Mark (N)                870 us
[2026-04-03T02:18:25.041+0600][66.942s][info][gc,stats    ]   Finish Mark                       448 us
[2026-04-03T02:18:25.041+0600][66.942s][info][gc,stats    ]   Update Region States               41 us
[2026-04-03T02:18:25.041+0600][66.942s][info][gc,stats    ]   Choose Collection Set             235 us
[2026-04-03T02:18:25.041+0600][66.942s][info][gc,stats    ]   Rebuild Free Set                   39 us
[2026-04-03T02:18:25.041+0600][66.943s][info][gc,stats    ] Concurrent Thread Roots             760 us, parallelism: 2.43x
[2026-04-03T02:18:25.041+0600][66.943s][info][gc,stats    ]   CTR: <total>                     1850 us
[2026-04-03T02:18:25.041+0600][66.943s][info][gc,stats    ]   CTR: Thread Roots                1850 us, workers (us): 629, 635, 586, ---, ---, ---, 
[2026-04-03T02:18:25.041+0600][66.943s][info][gc,stats    ] Concurrent Weak References          968 us, parallelism: 1.03x
[2026-04-03T02:18:25.041+0600][66.943s][info][gc,stats    ]   CWRF: <total>                     993 us
[2026-04-03T02:18:25.041+0600][66.943s][info][gc,stats    ]   CWRF: Weak References             993 us, workers (us): 100, 625, 268, ---, ---, ---, 
[2026-04-03T02:18:25.041+0600][66.943s][info][gc,stats    ] Concurrent Weak Roots              4897 us
[2026-04-03T02:18:25.041+0600][66.943s][info][gc,stats    ]   Roots                            4404 us, parallelism: 2.62x
[2026-04-03T02:18:25.041+0600][66.943s][info][gc,stats    ]     CWR: <total>                  11539 us
[2026-04-03T02:18:25.041+0600][66.943s][info][gc,stats    ]     CWR: Code Cache Roots          9045 us, workers (us): 3098, 2926, 3021, ---, ---, ---, 
[2026-04-03T02:18:25.041+0600][66.943s][info][gc,stats    ]     CWR: VM Weak Roots             2387 us, workers (us): 917, 895, 576, ---, ---, ---, 
[2026-04-03T02:18:25.041+0600][66.943s][info][gc,stats    ]     CWR: CLDG Roots                 107 us, workers (us): ---, 107, ---, ---, ---, ---, 
[2026-04-03T02:18:25.041+0600][66.943s][info][gc,stats    ]   Rendezvous                        369 us
[2026-04-03T02:18:25.041+0600][66.943s][info][gc,stats    ] Concurrent Cleanup                  909 us
[2026-04-03T02:18:25.041+0600][66.943s][info][gc,stats    ] Concurrent Class Unloading        17701 us
[2026-04-03T02:18:25.042+0600][66.943s][info][gc,stats    ]   Unlink Stale                    16310 us
[2026-04-03T02:18:25.042+0600][66.943s][info][gc,stats    ]     System Dictionary               230 us
[2026-04-03T02:18:25.042+0600][66.943s][info][gc,stats    ]     Weak Class Links                  0 us
[2026-04-03T02:18:25.042+0600][66.943s][info][gc,stats    ]     Code Roots                    16076 us
[2026-04-03T02:18:25.042+0600][66.943s][info][gc,stats    ]   Rendezvous                        396 us
[2026-04-03T02:18:25.042+0600][66.943s][info][gc,stats    ]   Purge Unlinked                    872 us
[2026-04-03T02:18:25.042+0600][66.943s][info][gc,stats    ]     Code Roots                      859 us
[2026-04-03T02:18:25.042+0600][66.943s][info][gc,stats    ]     CLDG                             11 us
[2026-04-03T02:18:25.042+0600][66.943s][info][gc,stats    ]     Exception Caches                  1 us
[2026-04-03T02:18:25.042+0600][66.943s][info][gc,stats    ] Concurrent Strong Roots            1330 us, parallelism: 0.51x
[2026-04-03T02:18:25.042+0600][66.943s][info][gc,stats    ]   CSR: <total>                      684 us
[2026-04-03T02:18:25.042+0600][66.943s][info][gc,stats    ]   CSR: VM Strong Roots               52 us, workers (us):  26,  25,   2, ---, ---, ---, 
[2026-04-03T02:18:25.042+0600][66.943s][info][gc,stats    ]   CSR: CLDG Roots                   632 us, workers (us): ---, ---, 632, ---, ---, ---, 
[2026-04-03T02:18:25.042+0600][66.943s][info][gc,stats    ] Concurrent Evacuation              2167 us
[2026-04-03T02:18:25.042+0600][66.943s][info][gc,stats    ] Pause Init Update Refs (G)          523 us
[2026-04-03T02:18:25.042+0600][66.943s][info][gc,stats    ] Pause Init Update Refs (N)          175 us
[2026-04-03T02:18:25.042+0600][66.943s][info][gc,stats    ]   Manage GCLABs                      77 us
[2026-04-03T02:18:25.042+0600][66.943s][info][gc,stats    ] Concurrent Update Refs            46783 us
[2026-04-03T02:18:25.042+0600][66.943s][info][gc,stats    ] Concurrent Update Thread Roots     1316 us
[2026-04-03T02:18:25.042+0600][66.943s][info][gc,stats    ] Pause Final Update Refs (G)         584 us
[2026-04-03T02:18:25.042+0600][66.943s][info][gc,stats    ] Pause Final Update Refs (N)         193 us
[2026-04-03T02:18:25.042+0600][66.943s][info][gc,stats    ]   Update Region States               52 us
[2026-04-03T02:18:25.042+0600][66.943s][info][gc,stats    ]   Trash Collection Set               16 us
[2026-04-03T02:18:25.042+0600][66.943s][info][gc,stats    ]   Rebuild Free Set                   44 us
[2026-04-03T02:18:25.042+0600][66.943s][info][gc,stats    ] Concurrent Cleanup                  590 us
[2026-04-03T02:18:25.042+0600][66.943s][info][gc,stats    ] Pacing                           249840 us
[2026-04-03T02:18:25.042+0600][66.943s][info][gc,stats    ] 
[2026-04-03T02:18:25.042+0600][66.943s][info][gc,stats    ] Allocation pacing accrued:
[2026-04-03T02:18:25.042+0600][66.943s][info][gc,stats    ]      31 of   594 ms (  5.1%): Executor task launch worker for task 5.0 in stage 2455.0 (TID 4696)
[2026-04-03T02:18:25.042+0600][66.943s][info][gc,stats    ]      32 of   594 ms (  5.3%): Executor task launch worker for task 7.0 in stage 2455.0 (TID 4698)
[2026-04-03T02:18:25.042+0600][66.943s][info][gc,stats    ]      32 of   594 ms (  5.3%): Executor task launch worker for task 4.0 in stage 2455.0 (TID 4695)
[2026-04-03T02:18:25.042+0600][66.943s][info][gc,stats    ]      31 of   594 ms (  5.1%): Executor task launch worker for task 6.0 in stage 2455.0 (TID 4697)
[2026-04-03T02:18:25.042+0600][66.943s][info][gc,stats    ]      32 of   594 ms (  5.5%): Executor task launch worker for task 2.0 in stage 2455.0 (TID 4693)
[2026-04-03T02:18:25.042+0600][66.943s][info][gc,stats    ]      32 of   594 ms (  5.4%): Executor task launch worker for task 3.0 in stage 2455.0 (TID 4694)
[2026-04-03T02:18:25.042+0600][66.943s][info][gc,stats    ]      31 of   594 ms (  5.2%): Executor task launch worker for task 1.0 in stage 2455.0 (TID 4692)
[2026-04-03T02:18:25.042+0600][66.943s][info][gc,stats    ]      31 of   594 ms (  5.2%): Executor task launch worker for task 0.0 in stage 2455.0 (TID 4691)
[2026-04-03T02:18:25.042+0600][66.943s][info][gc,stats    ]     250 of   594 ms ( 42.1%): <total>
[2026-04-03T02:18:25.042+0600][66.943s][info][gc,stats    ]       1 of   594 ms (  0.1%): <average total>
[2026-04-03T02:18:25.042+0600][66.943s][info][gc,stats    ]      31 of   594 ms (  5.3%): <average non-zero>
[2026-04-03T02:18:25.042+0600][66.943s][info][gc,stats    ] 
[2026-04-03T02:18:25.042+0600][66.943s][info][gc,metaspace] Metaspace: 131492K(132864K)->131492K(132864K) NonClass: 114974K(115648K)->114974K(115648K) Class: 16518K(17216K)->16518K(17216K)
[2026-04-03T02:18:25.042+0600][66.943s][info][gc,ergo     ] Pacer for Idle. Initial: 15360K, Alloc Tax Rate: 1.0x
[2026-04-03T02:18:25.281+0600][67.182s][info][gc          ] Trigger: Average GC time (155.46 ms) is above the time for average allocation rate (1128 MB/s) to deplete free headroom (175M) (margin of error = 1.84)
[2026-04-03T02:18:25.281+0600][67.183s][info][gc,ergo     ] Free headroom: 212M (free) - 38400K (spike) - 0B (penalties) = 175M
[2026-04-03T02:18:25.281+0600][67.183s][info][gc,ergo     ] Free: 212M, Max: 256K regular, 71424K humongous, Frag: 68% external, 0% internal; Reserve: 38400K, Max: 256K
[2026-04-03T02:18:25.281+0600][67.183s][info][gc,start    ] GC(108) Concurrent reset
[2026-04-03T02:18:25.281+0600][67.183s][info][gc,task     ] GC(108) Using 3 of 6 workers for concurrent reset
[2026-04-03T02:18:25.281+0600][67.183s][info][gc,ergo     ] GC(108) Pacer for Reset. Non-Taxable: 750M
[2026-04-03T02:18:25.282+0600][67.183s][info][gc          ] GC(108) Concurrent reset 0.768ms
[2026-04-03T02:18:25.282+0600][67.184s][info][gc,start    ] GC(108) Pause Init Mark (unload classes)
[2026-04-03T02:18:25.282+0600][67.184s][info][gc,task     ] GC(108) Using 6 of 6 workers for init marking
[2026-04-03T02:18:25.283+0600][67.184s][info][gc,ergo     ] GC(108) Pacer for Mark. Expected Live: 100013K, Free: 212M, Non-Taxable: 21787K, Alloc Tax Rate: 0.6x
[2026-04-03T02:18:25.283+0600][67.184s][info][gc          ] GC(108) Pause Init Mark (unload classes) 0.140ms
[2026-04-03T02:18:25.283+0600][67.184s][info][gc,start    ] GC(108) Concurrent marking roots
[2026-04-03T02:18:25.283+0600][67.184s][info][gc,task     ] GC(108) Using 3 of 6 workers for concurrent marking roots
[2026-04-03T02:18:25.284+0600][67.185s][info][gc          ] GC(108) Concurrent marking roots 1.168ms
[2026-04-03T02:18:25.284+0600][67.185s][info][gc,start    ] GC(108) Concurrent marking (unload classes)
[2026-04-03T02:18:25.284+0600][67.185s][info][gc,task     ] GC(108) Using 3 of 6 workers for concurrent marking
[2026-04-03T02:18:25.347+0600][67.248s][info][gc          ] GC(108) Concurrent marking (unload classes) 63.090ms
[2026-04-03T02:18:25.347+0600][67.248s][info][gc,start    ] GC(108) Pause Final Mark (unload classes)
[2026-04-03T02:18:25.347+0600][67.248s][info][gc,task     ] GC(108) Using 6 of 6 workers for final marking
[2026-04-03T02:18:25.348+0600][67.249s][info][gc,ergo     ] GC(108) Adaptive CSet Selection. Target Free: 106M, Actual Free: 540M, Max CSet: 32000K, Min Garbage: 0B
[2026-04-03T02:18:25.348+0600][67.249s][info][gc,ergo     ] GC(108) Collectable Garbage: 376M (97%), Immediate: 325M (84%), CSet: 51820K (13%)
[2026-04-03T02:18:25.348+0600][67.249s][info][gc,ergo     ] GC(108) Pacer for Evacuation. Used CSet: 53755K, Free: 527M, Non-Taxable: 54012K, Alloc Tax Rate: 1.1x
[2026-04-03T02:18:25.348+0600][67.249s][info][gc          ] GC(108) Pause Final Mark (unload classes) 0.734ms
[2026-04-03T02:18:25.348+0600][67.249s][info][gc,start    ] GC(108) Concurrent thread roots
[2026-04-03T02:18:25.348+0600][67.249s][info][gc,task     ] GC(108) Using 3 of 6 workers for Concurrent thread roots
[2026-04-03T02:18:25.349+0600][67.250s][info][gc          ] GC(108) Concurrent thread roots 1.073ms
[2026-04-03T02:18:25.349+0600][67.250s][info][gc,start    ] GC(108) Concurrent weak references
[2026-04-03T02:18:25.349+0600][67.250s][info][gc,task     ] GC(108) Using 3 of 6 workers for concurrent weak references
[2026-04-03T02:18:25.350+0600][67.251s][info][gc,ref      ] GC(108) Encountered references: Soft: 3784, Weak: 15813, Final: 84, Phantom: 621
[2026-04-03T02:18:25.350+0600][67.251s][info][gc,ref      ] GC(108) Discovered  references: Soft: 0, Weak: 8693, Final: 84, Phantom: 617
[2026-04-03T02:18:25.350+0600][67.251s][info][gc,ref      ] GC(108) Enqueued    references: Soft: 0, Weak: 27, Final: 0, Phantom: 0
[2026-04-03T02:18:25.350+0600][67.251s][info][gc          ] GC(108) Concurrent weak references 1.009ms
[2026-04-03T02:18:25.350+0600][67.251s][info][gc,start    ] GC(108) Concurrent weak roots
[2026-04-03T02:18:25.350+0600][67.251s][info][gc,task     ] GC(108) Using 3 of 6 workers for concurrent weak root
[2026-04-03T02:18:25.354+0600][67.255s][info][gc          ] GC(108) Concurrent weak roots 3.681ms
[2026-04-03T02:18:25.354+0600][67.255s][info][gc,start    ] GC(108) Concurrent cleanup
[2026-04-03T02:18:25.355+0600][67.256s][info][gc          ] GC(108) Concurrent cleanup 507M->181M(674M) 0.621ms
[2026-04-03T02:18:25.355+0600][67.256s][info][gc,ergo     ] GC(108) Free: 526M, Max: 256K regular, 66048K humongous, Frag: 88% external, 0% internal; Reserve: 38077K, Max: 256K
[2026-04-03T02:18:25.355+0600][67.256s][info][gc,start    ] GC(108) Concurrent class unloading
[2026-04-03T02:18:25.355+0600][67.256s][info][gc,task     ] GC(108) Using 3 of 6 workers for concurrent class unloading
[2026-04-03T02:18:25.371+0600][67.272s][info][gc          ] GC(108) Concurrent class unloading 16.687ms
[2026-04-03T02:18:25.371+0600][67.273s][info][gc,start    ] GC(108) Concurrent strong roots
[2026-04-03T02:18:25.371+0600][67.273s][info][gc,task     ] GC(108) Using 3 of 6 workers for concurrent strong root
[2026-04-03T02:18:25.373+0600][67.274s][info][gc          ] GC(108) Concurrent strong roots 1.211ms
[2026-04-03T02:18:25.373+0600][67.274s][info][gc,start    ] GC(108) Concurrent evacuation
[2026-04-03T02:18:25.373+0600][67.274s][info][gc,task     ] GC(108) Using 3 of 6 workers for concurrent evacuation
[2026-04-03T02:18:25.375+0600][67.276s][info][gc          ] GC(108) Concurrent evacuation 2.083ms
[2026-04-03T02:18:25.375+0600][67.276s][info][gc,start    ] GC(108) Pause Init Update Refs
[2026-04-03T02:18:25.375+0600][67.276s][info][gc,ergo     ] GC(108) Pacer for Update Refs. Used: 197M, Free: 513M, Non-Taxable: 52556K, Alloc Tax Rate: 1.1x
[2026-04-03T02:18:25.375+0600][67.276s][info][gc          ] GC(108) Pause Init Update Refs 0.169ms
[2026-04-03T02:18:25.375+0600][67.276s][info][gc,start    ] GC(108) Concurrent update references
[2026-04-03T02:18:25.375+0600][67.276s][info][gc,task     ] GC(108) Using 3 of 6 workers for concurrent reference update
[2026-04-03T02:18:25.427+0600][67.328s][info][gc          ] GC(108) Concurrent update references 51.589ms
[2026-04-03T02:18:25.427+0600][67.328s][info][gc,start    ] GC(108) Concurrent update thread roots
[2026-04-03T02:18:25.430+0600][67.331s][info][gc          ] GC(108) Concurrent update thread roots 2.542ms
[2026-04-03T02:18:25.430+0600][67.331s][info][gc,start    ] GC(108) Pause Final Update Refs
[2026-04-03T02:18:25.430+0600][67.331s][info][gc,task     ] GC(108) Using 6 of 6 workers for final reference update
[2026-04-03T02:18:25.430+0600][67.331s][info][gc          ] GC(108) Pause Final Update Refs 0.211ms
[2026-04-03T02:18:25.430+0600][67.331s][info][gc,start    ] GC(108) Concurrent cleanup
[2026-04-03T02:18:25.431+0600][67.332s][info][gc          ] GC(108) Concurrent cleanup 242M->190M(674M) 0.720ms
[2026-04-03T02:18:25.431+0600][67.332s][info][gc,ergo     ] Free: 515M, Max: 256K regular, 171M humongous, Frag: 67% external, 0% internal; Reserve: 38400K, Max: 256K
[2026-04-03T02:18:25.431+0600][67.332s][info][gc,stats    ] 
[2026-04-03T02:18:25.431+0600][67.332s][info][gc,stats    ] All times are wall-clock times, except per-root-class counters, that are sum over
[2026-04-03T02:18:25.431+0600][67.332s][info][gc,stats    ] all workers. Dividing the <total> over the root stage time estimates parallelism.
[2026-04-03T02:18:25.431+0600][67.332s][info][gc,stats    ] 
[2026-04-03T02:18:25.431+0600][67.332s][info][gc,stats    ] Concurrent Reset                    811 us
[2026-04-03T02:18:25.431+0600][67.332s][info][gc,stats    ] Pause Init Mark (G)                 373 us
[2026-04-03T02:18:25.431+0600][67.332s][info][gc,stats    ] Pause Init Mark (N)                 148 us
[2026-04-03T02:18:25.431+0600][67.332s][info][gc,stats    ]   Update Region States               26 us
[2026-04-03T02:18:25.431+0600][67.332s][info][gc,stats    ] Concurrent Mark Roots              1224 us, parallelism: 1.70x
[2026-04-03T02:18:25.431+0600][67.332s][info][gc,stats    ]   CMR: <total>                     2079 us
[2026-04-03T02:18:25.431+0600][67.332s][info][gc,stats    ]   CMR: Thread Roots                1722 us, workers (us): 681, 378, 663, ---, ---, ---, 
[2026-04-03T02:18:25.431+0600][67.332s][info][gc,stats    ]   CMR: VM Strong Roots               48 us, workers (us):  45,   2,   1, ---, ---, ---, 
[2026-04-03T02:18:25.431+0600][67.332s][info][gc,stats    ]   CMR: CLDG Roots                   309 us, workers (us): ---, 309, ---, ---, ---, ---, 
[2026-04-03T02:18:25.431+0600][67.332s][info][gc,stats    ] Concurrent Marking                63166 us
[2026-04-03T02:18:25.431+0600][67.332s][info][gc,stats    ] Pause Final Mark (G)                926 us
[2026-04-03T02:18:25.431+0600][67.332s][info][gc,stats    ] Pause Final Mark (N)                748 us
[2026-04-03T02:18:25.431+0600][67.333s][info][gc,stats    ]   Finish Mark                       232 us
[2026-04-03T02:18:25.431+0600][67.333s][info][gc,stats    ]   Update Region States               41 us
[2026-04-03T02:18:25.431+0600][67.333s][info][gc,stats    ]   Choose Collection Set             239 us
[2026-04-03T02:18:25.431+0600][67.333s][info][gc,stats    ]   Rebuild Free Set                   49 us
[2026-04-03T02:18:25.431+0600][67.333s][info][gc,stats    ] Concurrent Thread Roots            1136 us, parallelism: 2.02x
[2026-04-03T02:18:25.431+0600][67.333s][info][gc,stats    ]   CTR: <total>                     2299 us
[2026-04-03T02:18:25.431+0600][67.333s][info][gc,stats    ]   CTR: Thread Roots                2299 us, workers (us): 792, 760, 747, ---, ---, ---, 
[2026-04-03T02:18:25.431+0600][67.333s][info][gc,stats    ] Concurrent Weak References         1025 us, parallelism: 1.05x
[2026-04-03T02:18:25.432+0600][67.333s][info][gc,stats    ]   CWRF: <total>                    1076 us
[2026-04-03T02:18:25.432+0600][67.333s][info][gc,stats    ]   CWRF: Weak References            1076 us, workers (us): 275, 734,  68, ---, ---, ---, 
[2026-04-03T02:18:25.432+0600][67.333s][info][gc,stats    ] Concurrent Weak Roots              3786 us
[2026-04-03T02:18:25.432+0600][67.333s][info][gc,stats    ]   Roots                            3253 us, parallelism: 2.56x
[2026-04-03T02:18:25.432+0600][67.333s][info][gc,stats    ]     CWR: <total>                   8320 us
[2026-04-03T02:18:25.432+0600][67.333s][info][gc,stats    ]     CWR: Code Cache Roots          6435 us, workers (us): 2218, 2156, 2062, ---, ---, ---, 
[2026-04-03T02:18:25.432+0600][67.333s][info][gc,stats    ]     CWR: VM Weak Roots             1784 us, workers (us): 615, 587, 582, ---, ---, ---, 
[2026-04-03T02:18:25.432+0600][67.333s][info][gc,stats    ]     CWR: CLDG Roots                 101 us, workers (us): ---, ---, 101, ---, ---, ---, 
[2026-04-03T02:18:25.432+0600][67.333s][info][gc,stats    ]   Rendezvous                        373 us
[2026-04-03T02:18:25.432+0600][67.333s][info][gc,stats    ] Concurrent Cleanup                  654 us
[2026-04-03T02:18:25.432+0600][67.333s][info][gc,stats    ] Concurrent Class Unloading        16806 us
[2026-04-03T02:18:25.432+0600][67.333s][info][gc,stats    ]   Unlink Stale                    15356 us
[2026-04-03T02:18:25.432+0600][67.333s][info][gc,stats    ]     System Dictionary               304 us
[2026-04-03T02:18:25.432+0600][67.333s][info][gc,stats    ]     Weak Class Links                  0 us
[2026-04-03T02:18:25.432+0600][67.333s][info][gc,stats    ]     Code Roots                    15048 us
[2026-04-03T02:18:25.432+0600][67.333s][info][gc,stats    ]   Rendezvous                        389 us
[2026-04-03T02:18:25.432+0600][67.333s][info][gc,stats    ]   Purge Unlinked                    905 us
[2026-04-03T02:18:25.432+0600][67.333s][info][gc,stats    ]     Code Roots                      890 us
[2026-04-03T02:18:25.432+0600][67.333s][info][gc,stats    ]     CLDG                             14 us
[2026-04-03T02:18:25.432+0600][67.333s][info][gc,stats    ]     Exception Caches                  0 us
[2026-04-03T02:18:25.432+0600][67.333s][info][gc,stats    ] Concurrent Strong Roots            1318 us, parallelism: 0.60x
[2026-04-03T02:18:25.432+0600][67.333s][info][gc,stats    ]   CSR: <total>                      786 us
[2026-04-03T02:18:25.432+0600][67.333s][info][gc,stats    ]   CSR: VM Strong Roots               61 us, workers (us):  53,   8,   0, ---, ---, ---, 
[2026-04-03T02:18:25.432+0600][67.333s][info][gc,stats    ]   CSR: CLDG Roots                   725 us, workers (us): ---, 725, ---, ---, ---, ---, 
[2026-04-03T02:18:25.432+0600][67.333s][info][gc,stats    ] Concurrent Evacuation              2138 us
[2026-04-03T02:18:25.432+0600][67.333s][info][gc,stats    ] Pause Init Update Refs (G)          438 us
[2026-04-03T02:18:25.432+0600][67.333s][info][gc,stats    ] Pause Init Update Refs (N)          181 us
[2026-04-03T02:18:25.432+0600][67.333s][info][gc,stats    ]   Manage GCLABs                      63 us
[2026-04-03T02:18:25.432+0600][67.333s][info][gc,stats    ] Concurrent Update Refs            51714 us
[2026-04-03T02:18:25.432+0600][67.333s][info][gc,stats    ] Concurrent Update Thread Roots     2632 us
[2026-04-03T02:18:25.432+0600][67.333s][info][gc,stats    ] Pause Final Update Refs (G)         565 us
[2026-04-03T02:18:25.432+0600][67.333s][info][gc,stats    ] Pause Final Update Refs (N)         227 us
[2026-04-03T02:18:25.432+0600][67.333s][info][gc,stats    ]   Update Region States               58 us
[2026-04-03T02:18:25.432+0600][67.333s][info][gc,stats    ]   Trash Collection Set               16 us
[2026-04-03T02:18:25.432+0600][67.333s][info][gc,stats    ]   Rebuild Free Set                   48 us
[2026-04-03T02:18:25.432+0600][67.333s][info][gc,stats    ] Concurrent Cleanup                  764 us
[2026-04-03T02:18:25.432+0600][67.333s][info][gc,stats    ] Pacing                            21419 us
[2026-04-03T02:18:25.432+0600][67.333s][info][gc,stats    ] 
[2026-04-03T02:18:25.432+0600][67.333s][info][gc,stats    ] Allocation pacing accrued:
[2026-04-03T02:18:25.432+0600][67.333s][info][gc,stats    ]      11 of   390 ms (  2.9%): task-result-getter-0
[2026-04-03T02:18:25.432+0600][67.333s][info][gc,stats    ]      10 of   390 ms (  2.6%): task-result-getter-1
[2026-04-03T02:18:25.432+0600][67.333s][info][gc,stats    ]      21 of   390 ms (  5.5%): <total>
[2026-04-03T02:18:25.432+0600][67.333s][info][gc,stats    ]       0 of   390 ms (  0.0%): <average total>
[2026-04-03T02:18:25.432+0600][67.333s][info][gc,stats    ]      11 of   390 ms (  2.7%): <average non-zero>
[2026-04-03T02:18:25.432+0600][67.333s][info][gc,stats    ] 
[2026-04-03T02:18:25.432+0600][67.333s][info][gc,metaspace] Metaspace: 131492K(132864K)->131492K(132864K) NonClass: 114974K(115648K)->114974K(115648K) Class: 16518K(17216K)->16518K(17216K)
[2026-04-03T02:18:25.432+0600][67.333s][info][gc,ergo     ] Pacer for Idle. Initial: 15360K, Alloc Tax Rate: 1.0x
[2026-04-03T02:18:25.791+0600][67.692s][info][gc          ] Trigger: Average GC time (162.31 ms) is above the time for average allocation rate (906 MB/s) to deplete free headroom (145M) (margin of error = 1.84)
[2026-04-03T02:18:25.791+0600][67.692s][info][gc,ergo     ] Free headroom: 183M (free) - 38400K (spike) - 0B (penalties) = 145M
[2026-04-03T02:18:25.791+0600][67.692s][info][gc,ergo     ] Free: 183M, Max: 256K regular, 66048K humongous, Frag: 65% external, 0% internal; Reserve: 38400K, Max: 256K
[2026-04-03T02:18:25.791+0600][67.692s][info][gc,start    ] GC(109) Concurrent reset
[2026-04-03T02:18:25.791+0600][67.692s][info][gc,task     ] GC(109) Using 3 of 6 workers for concurrent reset
[2026-04-03T02:18:25.791+0600][67.692s][info][gc,ergo     ] GC(109) Pacer for Reset. Non-Taxable: 750M
[2026-04-03T02:18:25.792+0600][67.693s][info][gc          ] GC(109) Concurrent reset 1.047ms
[2026-04-03T02:18:25.792+0600][67.693s][info][gc,start    ] GC(109) Pause Init Mark (unload classes)
[2026-04-03T02:18:25.792+0600][67.694s][info][gc,task     ] GC(109) Using 6 of 6 workers for init marking
[2026-04-03T02:18:25.793+0600][67.694s][info][gc,ergo     ] GC(109) Pacer for Mark. Expected Live: 99561K, Free: 181M, Non-Taxable: 18594K, Alloc Tax Rate: 0.7x
[2026-04-03T02:18:25.793+0600][67.694s][info][gc          ] GC(109) Pause Init Mark (unload classes) 0.139ms
[2026-04-03T02:18:25.793+0600][67.694s][info][gc,start    ] GC(109) Concurrent marking roots
[2026-04-03T02:18:25.793+0600][67.694s][info][gc,task     ] GC(109) Using 3 of 6 workers for concurrent marking roots
[2026-04-03T02:18:25.795+0600][67.696s][info][gc          ] GC(109) Concurrent marking roots 2.183ms
[2026-04-03T02:18:25.795+0600][67.696s][info][gc,start    ] GC(109) Concurrent marking (unload classes)
[2026-04-03T02:18:25.795+0600][67.696s][info][gc,task     ] GC(109) Using 3 of 6 workers for concurrent marking
[2026-04-03T02:18:25.861+0600][67.762s][info][gc          ] GC(109) Concurrent marking (unload classes) 65.639ms
[2026-04-03T02:18:25.861+0600][67.762s][info][gc,start    ] GC(109) Pause Final Mark (unload classes)
[2026-04-03T02:18:25.861+0600][67.762s][info][gc,task     ] GC(109) Using 6 of 6 workers for final marking
[2026-04-03T02:18:25.861+0600][67.763s][info][gc,ergo     ] GC(109) Adaptive CSet Selection. Target Free: 106M, Actual Free: 460M, Max CSet: 32000K, Min Garbage: 0B
[2026-04-03T02:18:25.862+0600][67.763s][info][gc,ergo     ] GC(109) Collectable Garbage: 405M (97%), Immediate: 273M (65%), CSet: 132M (31%)
[2026-04-03T02:18:25.862+0600][67.763s][info][gc,ergo     ] GC(109) Pacer for Evacuation. Used CSet: 137M, Free: 446M, Non-Taxable: 45674K, Alloc Tax Rate: 1.1x
[2026-04-03T02:18:25.862+0600][67.763s][info][gc          ] GC(109) Pause Final Mark (unload classes) 0.935ms
[2026-04-03T02:18:25.862+0600][67.763s][info][gc,start    ] GC(109) Concurrent thread roots
[2026-04-03T02:18:25.862+0600][67.763s][info][gc,task     ] GC(109) Using 3 of 6 workers for Concurrent thread roots
[2026-04-03T02:18:25.863+0600][67.764s][info][gc          ] GC(109) Concurrent thread roots 1.044ms
[2026-04-03T02:18:25.863+0600][67.764s][info][gc,start    ] GC(109) Concurrent weak references
[2026-04-03T02:18:25.863+0600][67.764s][info][gc,task     ] GC(109) Using 3 of 6 workers for concurrent weak references
[2026-04-03T02:18:25.864+0600][67.765s][info][gc,ref      ] GC(109) Encountered references: Soft: 3792, Weak: 16624, Final: 84, Phantom: 621
[2026-04-03T02:18:25.864+0600][67.765s][info][gc,ref      ] GC(109) Discovered  references: Soft: 0, Weak: 10375, Final: 52, Phantom: 590
[2026-04-03T02:18:25.864+0600][67.765s][info][gc,ref      ] GC(109) Enqueued    references: Soft: 0, Weak: 1731, Final: 0, Phantom: 0
[2026-04-03T02:18:25.864+0600][67.765s][info][gc          ] GC(109) Concurrent weak references 1.247ms
[2026-04-03T02:18:25.864+0600][67.765s][info][gc,start    ] GC(109) Concurrent weak roots
[2026-04-03T02:18:25.864+0600][67.765s][info][gc,task     ] GC(109) Using 3 of 6 workers for concurrent weak root
[2026-04-03T02:18:25.870+0600][67.771s][info][gc          ] GC(109) Concurrent weak roots 5.358ms
[2026-04-03T02:18:25.870+0600][67.771s][info][gc,start    ] GC(109) Concurrent cleanup
[2026-04-03T02:18:25.871+0600][67.772s][info][gc          ] GC(109) Concurrent cleanup 541M->268M(674M) 0.903ms
[2026-04-03T02:18:25.871+0600][67.772s][info][gc,ergo     ] GC(109) Free: 442M, Max: 256K regular, 66048K humongous, Frag: 86% external, 0% internal; Reserve: 37719K, Max: 256K
[2026-04-03T02:18:25.871+0600][67.772s][info][gc,start    ] GC(109) Concurrent class unloading
[2026-04-03T02:18:25.871+0600][67.772s][info][gc,task     ] GC(109) Using 3 of 6 workers for concurrent class unloading
[2026-04-03T02:18:25.898+0600][67.800s][info][gc          ] GC(109) Concurrent class unloading 27.731ms
[2026-04-03T02:18:25.899+0600][67.800s][info][gc,start    ] GC(109) Concurrent strong roots
[2026-04-03T02:18:25.899+0600][67.800s][info][gc,task     ] GC(109) Using 3 of 6 workers for concurrent strong root
[2026-04-03T02:18:25.900+0600][67.801s][info][gc          ] GC(109) Concurrent strong roots 1.601ms
[2026-04-03T02:18:25.900+0600][67.801s][info][gc,start    ] GC(109) Concurrent evacuation
[2026-04-03T02:18:25.900+0600][67.801s][info][gc,task     ] GC(109) Using 3 of 6 workers for concurrent evacuation
[2026-04-03T02:18:25.904+0600][67.805s][info][gc          ] GC(109) Concurrent evacuation 3.660ms
[2026-04-03T02:18:25.904+0600][67.805s][info][gc,start    ] GC(109) Pause Init Update Refs
[2026-04-03T02:18:25.904+0600][67.806s][info][gc,ergo     ] GC(109) Pacer for Update Refs. Used: 303M, Free: 411M, Non-Taxable: 42116K, Alloc Tax Rate: 1.1x
[2026-04-03T02:18:25.904+0600][67.806s][info][gc          ] GC(109) Pause Init Update Refs 0.177ms
[2026-04-03T02:18:25.905+0600][67.806s][info][gc,start    ] GC(109) Concurrent update references
[2026-04-03T02:18:25.905+0600][67.806s][info][gc,task     ] GC(109) Using 3 of 6 workers for concurrent reference update
[2026-04-03T02:18:25.961+0600][67.862s][info][gc          ] GC(109) Concurrent update references 56.027ms
[2026-04-03T02:18:25.961+0600][67.862s][info][gc,start    ] GC(109) Concurrent update thread roots
[2026-04-03T02:18:25.963+0600][67.864s][info][gc          ] GC(109) Concurrent update thread roots 2.243ms
[2026-04-03T02:18:25.964+0600][67.865s][info][gc,start    ] GC(109) Pause Final Update Refs
[2026-04-03T02:18:25.964+0600][67.865s][info][gc,task     ] GC(109) Using 6 of 6 workers for final reference update
[2026-04-03T02:18:25.964+0600][67.865s][info][gc          ] GC(109) Pause Final Update Refs 0.273ms
[2026-04-03T02:18:25.964+0600][67.865s][info][gc,start    ] GC(109) Concurrent cleanup
[2026-04-03T02:18:25.964+0600][67.865s][info][gc          ] GC(109) Concurrent cleanup 336M->199M(674M) 0.402ms
[2026-04-03T02:18:25.964+0600][67.866s][info][gc,ergo     ] Free: 508M, Max: 256K regular, 244M humongous, Frag: 52% external, 0% internal; Reserve: 38400K, Max: 256K
[2026-04-03T02:18:25.965+0600][67.866s][info][gc,stats    ] 
[2026-04-03T02:18:25.965+0600][67.866s][info][gc,stats    ] All times are wall-clock times, except per-root-class counters, that are sum over
[2026-04-03T02:18:25.965+0600][67.866s][info][gc,stats    ] all workers. Dividing the <total> over the root stage time estimates parallelism.
[2026-04-03T02:18:25.965+0600][67.866s][info][gc,stats    ] 
[2026-04-03T02:18:25.965+0600][67.866s][info][gc,stats    ] Concurrent Reset                   1095 us
[2026-04-03T02:18:25.965+0600][67.866s][info][gc,stats    ] Pause Init Mark (G)                 483 us
[2026-04-03T02:18:25.965+0600][67.866s][info][gc,stats    ] Pause Init Mark (N)                 191 us
[2026-04-03T02:18:25.965+0600][67.866s][info][gc,stats    ]   Update Region States               46 us
[2026-04-03T02:18:25.965+0600][67.866s][info][gc,stats    ] Concurrent Mark Roots              2231 us, parallelism: 1.50x
[2026-04-03T02:18:25.965+0600][67.866s][info][gc,stats    ]   CMR: <total>                     3346 us
[2026-04-03T02:18:25.965+0600][67.866s][info][gc,stats    ]   CMR: Thread Roots                2774 us, workers (us): 1654, 1119,   0, ---, ---, ---, 
[2026-04-03T02:18:25.965+0600][67.866s][info][gc,stats    ]   CMR: VM Strong Roots               67 us, workers (us):  44,  22,   0, ---, ---, ---, 
[2026-04-03T02:18:25.965+0600][67.866s][info][gc,stats    ]   CMR: CLDG Roots                   506 us, workers (us): ---, 506, ---, ---, ---, ---, 
[2026-04-03T02:18:25.965+0600][67.866s][info][gc,stats    ] Concurrent Marking                65724 us
[2026-04-03T02:18:25.965+0600][67.866s][info][gc,stats    ] Pause Final Mark (G)               1259 us
[2026-04-03T02:18:25.965+0600][67.866s][info][gc,stats    ] Pause Final Mark (N)                947 us
[2026-04-03T02:18:25.965+0600][67.866s][info][gc,stats    ]   Finish Mark                       343 us
[2026-04-03T02:18:25.965+0600][67.866s][info][gc,stats    ]   Update Region States               51 us
[2026-04-03T02:18:25.965+0600][67.866s][info][gc,stats    ]   Choose Collection Set             333 us
[2026-04-03T02:18:25.965+0600][67.866s][info][gc,stats    ]   Rebuild Free Set                   39 us
[2026-04-03T02:18:25.965+0600][67.866s][info][gc,stats    ] Concurrent Thread Roots            1112 us, parallelism: 2.26x
[2026-04-03T02:18:25.965+0600][67.866s][info][gc,stats    ]   CTR: <total>                     2510 us
[2026-04-03T02:18:25.965+0600][67.866s][info][gc,stats    ]   CTR: Thread Roots                2510 us, workers (us): 853, 842, 814, ---, ---, ---, 
[2026-04-03T02:18:25.965+0600][67.866s][info][gc,stats    ] Concurrent Weak References         1258 us, parallelism: 1.34x
[2026-04-03T02:18:25.965+0600][67.866s][info][gc,stats    ]   CWRF: <total>                    1685 us
[2026-04-03T02:18:25.965+0600][67.866s][info][gc,stats    ]   CWRF: Weak References            1685 us, workers (us): 362, 309, 1013, ---, ---, ---, 
[2026-04-03T02:18:25.965+0600][67.866s][info][gc,stats    ] Concurrent Weak Roots              5490 us
[2026-04-03T02:18:25.965+0600][67.866s][info][gc,stats    ]   Roots                            4950 us, parallelism: 2.63x
[2026-04-03T02:18:25.965+0600][67.866s][info][gc,stats    ]     CWR: <total>                  13017 us
[2026-04-03T02:18:25.965+0600][67.866s][info][gc,stats    ]     CWR: Code Cache Roots         10381 us, workers (us): 3282, 3524, 3576, ---, ---, ---, 
[2026-04-03T02:18:25.965+0600][67.866s][info][gc,stats    ]     CWR: VM Weak Roots             2397 us, workers (us): 829, 787, 781, ---, ---, ---, 
[2026-04-03T02:18:25.965+0600][67.866s][info][gc,stats    ]     CWR: CLDG Roots                 239 us, workers (us): 239, ---, ---, ---, ---, ---, 
[2026-04-03T02:18:25.965+0600][67.866s][info][gc,stats    ]   Rendezvous                        383 us
[2026-04-03T02:18:25.965+0600][67.866s][info][gc,stats    ] Concurrent Cleanup                  924 us
[2026-04-03T02:18:25.965+0600][67.866s][info][gc,stats    ] Concurrent Class Unloading        27828 us
[2026-04-03T02:18:25.965+0600][67.866s][info][gc,stats    ]   Unlink Stale                    26305 us
[2026-04-03T02:18:25.965+0600][67.866s][info][gc,stats    ]     System Dictionary               305 us
[2026-04-03T02:18:25.965+0600][67.866s][info][gc,stats    ]     Weak Class Links                  0 us
[2026-04-03T02:18:25.965+0600][67.866s][info][gc,stats    ]     Code Roots                    25995 us
[2026-04-03T02:18:25.965+0600][67.866s][info][gc,stats    ]   Rendezvous                        693 us
[2026-04-03T02:18:25.965+0600][67.866s][info][gc,stats    ]   Purge Unlinked                    692 us
[2026-04-03T02:18:25.965+0600][67.866s][info][gc,stats    ]     Code Roots                      670 us
[2026-04-03T02:18:25.965+0600][67.866s][info][gc,stats    ]     CLDG                             20 us
[2026-04-03T02:18:25.965+0600][67.866s][info][gc,stats    ]     Exception Caches                  1 us
[2026-04-03T02:18:25.965+0600][67.866s][info][gc,stats    ] Concurrent Strong Roots            1690 us, parallelism: 0.66x
[2026-04-03T02:18:25.965+0600][67.866s][info][gc,stats    ]   CSR: <total>                     1120 us
[2026-04-03T02:18:25.965+0600][67.866s][info][gc,stats    ]   CSR: VM Strong Roots               77 us, workers (us):  52,  24,   0, ---, ---, ---, 
[2026-04-03T02:18:25.965+0600][67.866s][info][gc,stats    ]   CSR: CLDG Roots                  1043 us, workers (us): 1043, ---, ---, ---, ---, ---, 
[2026-04-03T02:18:25.965+0600][67.866s][info][gc,stats    ] Concurrent Evacuation              3823 us
[2026-04-03T02:18:25.965+0600][67.866s][info][gc,stats    ] Pause Init Update Refs (G)          519 us
[2026-04-03T02:18:25.965+0600][67.866s][info][gc,stats    ] Pause Init Update Refs (N)          194 us
[2026-04-03T02:18:25.965+0600][67.866s][info][gc,stats    ]   Manage GCLABs                      47 us
[2026-04-03T02:18:25.965+0600][67.866s][info][gc,stats    ] Concurrent Update Refs            56148 us
[2026-04-03T02:18:25.965+0600][67.866s][info][gc,stats    ] Concurrent Update Thread Roots     2319 us
[2026-04-03T02:18:25.965+0600][67.866s][info][gc,stats    ] Pause Final Update Refs (G)         870 us
[2026-04-03T02:18:25.965+0600][67.866s][info][gc,stats    ] Pause Final Update Refs (N)         291 us
[2026-04-03T02:18:25.965+0600][67.866s][info][gc,stats    ]   Update Region States               82 us
[2026-04-03T02:18:25.965+0600][67.866s][info][gc,stats    ]   Trash Collection Set               19 us
[2026-04-03T02:18:25.965+0600][67.866s][info][gc,stats    ]   Rebuild Free Set                   47 us
[2026-04-03T02:18:25.965+0600][67.866s][info][gc,stats    ] Concurrent Cleanup                  447 us
[2026-04-03T02:18:25.965+0600][67.866s][info][gc,stats    ] Pacing                           341522 us
[2026-04-03T02:18:25.965+0600][67.866s][info][gc,stats    ] 
[2026-04-03T02:18:25.965+0600][67.866s][info][gc,stats    ] Allocation pacing accrued:
[2026-04-03T02:18:25.965+0600][67.866s][info][gc,stats    ]      43 of   533 ms (  8.0%): Executor task launch worker for task 3.0 in stage 2570.0 (TID 4822)
[2026-04-03T02:18:25.965+0600][67.867s][info][gc,stats    ]      42 of   533 ms (  8.0%): Executor task launch worker for task 6.0 in stage 2570.0 (TID 4825)
[2026-04-03T02:18:25.965+0600][67.867s][info][gc,stats    ]      43 of   533 ms (  8.0%): Executor task launch worker for task 4.0 in stage 2570.0 (TID 4823)
[2026-04-03T02:18:25.965+0600][67.867s][info][gc,stats    ]      43 of   533 ms (  8.0%): Executor task launch worker for task 7.0 in stage 2570.0 (TID 4826)
[2026-04-03T02:18:25.965+0600][67.867s][info][gc,stats    ]      44 of   533 ms (  8.2%): Executor task launch worker for task 0.0 in stage 2570.0 (TID 4819)
[2026-04-03T02:18:25.965+0600][67.867s][info][gc,stats    ]      43 of   533 ms (  8.0%): Executor task launch worker for task 2.0 in stage 2570.0 (TID 4821)
[2026-04-03T02:18:25.965+0600][67.867s][info][gc,stats    ]      42 of   533 ms (  7.9%): Executor task launch worker for task 5.0 in stage 2570.0 (TID 4824)
[2026-04-03T02:18:25.965+0600][67.867s][info][gc,stats    ]      42 of   533 ms (  8.0%): Executor task launch worker for task 1.0 in stage 2570.0 (TID 4820)
[2026-04-03T02:18:25.966+0600][67.867s][info][gc,stats    ]     342 of   533 ms ( 64.0%): <total>
[2026-04-03T02:18:25.966+0600][67.867s][info][gc,stats    ]       1 of   533 ms (  0.2%): <average total>
[2026-04-03T02:18:25.966+0600][67.867s][info][gc,stats    ]      43 of   533 ms (  8.0%): <average non-zero>
[2026-04-03T02:18:25.966+0600][67.867s][info][gc,stats    ] 
[2026-04-03T02:18:25.966+0600][67.867s][info][gc,metaspace] Metaspace: 131493K(132864K)->131493K(132864K) NonClass: 114974K(115648K)->114974K(115648K) Class: 16518K(17216K)->16518K(17216K)
[2026-04-03T02:18:25.966+0600][67.867s][info][gc,ergo     ] Pacer for Idle. Initial: 15360K, Alloc Tax Rate: 1.0x
[2026-04-03T02:18:26.135+0600][68.036s][info][gc          ] Trigger: Average GC time (189.90 ms) is above the time for average allocation rate (867 MB/s) to deplete free headroom (155M) (margin of error = 1.84)
[2026-04-03T02:18:26.135+0600][68.036s][info][gc,ergo     ] Free headroom: 193M (free) - 38400K (spike) - 0B (penalties) = 155M
[2026-04-03T02:18:26.136+0600][68.037s][info][gc,ergo     ] Free: 193M, Max: 256K regular, 66048K humongous, Frag: 67% external, 0% internal; Reserve: 38400K, Max: 256K
[2026-04-03T02:18:26.136+0600][68.037s][info][gc,start    ] GC(110) Concurrent reset
[2026-04-03T02:18:26.136+0600][68.037s][info][gc,task     ] GC(110) Using 3 of 6 workers for concurrent reset
[2026-04-03T02:18:26.136+0600][68.037s][info][gc,ergo     ] GC(110) Pacer for Reset. Non-Taxable: 750M
[2026-04-03T02:18:26.137+0600][68.038s][info][gc          ] GC(110) Concurrent reset 1.469ms
[2026-04-03T02:18:26.137+0600][68.038s][info][gc,start    ] GC(110) Pause Init Mark (unload classes)
[2026-04-03T02:18:26.137+0600][68.039s][info][gc,task     ] GC(110) Using 6 of 6 workers for init marking
[2026-04-03T02:18:26.137+0600][68.039s][info][gc,ergo     ] GC(110) Pacer for Mark. Expected Live: 96238K, Free: 170M, Non-Taxable: 17418K, Alloc Tax Rate: 0.7x
[2026-04-03T02:18:26.137+0600][68.039s][info][gc          ] GC(110) Pause Init Mark (unload classes) 0.129ms
[2026-04-03T02:18:26.138+0600][68.039s][info][gc,start    ] GC(110) Concurrent marking roots
[2026-04-03T02:18:26.138+0600][68.039s][info][gc,task     ] GC(110) Using 3 of 6 workers for concurrent marking roots
[2026-04-03T02:18:26.139+0600][68.040s][info][gc          ] GC(110) Concurrent marking roots 1.678ms
[2026-04-03T02:18:26.139+0600][68.040s][info][gc,start    ] GC(110) Concurrent marking (unload classes)
[2026-04-03T02:18:26.139+0600][68.040s][info][gc,task     ] GC(110) Using 3 of 6 workers for concurrent marking
[2026-04-03T02:18:26.185+0600][68.086s][info][gc          ] GC(110) Concurrent marking (unload classes) 45.299ms
[2026-04-03T02:18:26.185+0600][68.086s][info][gc,start    ] GC(110) Pause Final Mark (unload classes)
[2026-04-03T02:18:26.185+0600][68.086s][info][gc,task     ] GC(110) Using 6 of 6 workers for final marking
[2026-04-03T02:18:26.185+0600][68.086s][info][gc,ergo     ] GC(110) Adaptive CSet Selection. Target Free: 106M, Actual Free: 535M, Max CSet: 32000K, Min Garbage: 0B
[2026-04-03T02:18:26.185+0600][68.086s][info][gc,ergo     ] GC(110) Collectable Garbage: 408M (97%), Immediate: 366M (87%), CSet: 43368K (10%)
[2026-04-03T02:18:26.185+0600][68.086s][info][gc,ergo     ] GC(110) Pacer for Evacuation. Used CSet: 49584K, Free: 519M, Non-Taxable: 53222K, Alloc Tax Rate: 1.1x
[2026-04-03T02:18:26.185+0600][68.086s][info][gc          ] GC(110) Pause Final Mark (unload classes) 0.700ms
[2026-04-03T02:18:26.185+0600][68.087s][info][gc,start    ] GC(110) Concurrent thread roots
[2026-04-03T02:18:26.185+0600][68.087s][info][gc,task     ] GC(110) Using 3 of 6 workers for Concurrent thread roots
[2026-04-03T02:18:26.187+0600][68.088s][info][gc          ] GC(110) Concurrent thread roots 1.161ms
[2026-04-03T02:18:26.187+0600][68.088s][info][gc,start    ] GC(110) Concurrent weak references
[2026-04-03T02:18:26.187+0600][68.088s][info][gc,task     ] GC(110) Using 3 of 6 workers for concurrent weak references
[2026-04-03T02:18:26.188+0600][68.089s][info][gc,ref      ] GC(110) Encountered references: Soft: 3788, Weak: 15284, Final: 84, Phantom: 641
[2026-04-03T02:18:26.188+0600][68.089s][info][gc,ref      ] GC(110) Discovered  references: Soft: 0, Weak: 9637, Final: 52, Phantom: 637
[2026-04-03T02:18:26.188+0600][68.089s][info][gc,ref      ] GC(110) Enqueued    references: Soft: 0, Weak: 595, Final: 0, Phantom: 0
[2026-04-03T02:18:26.188+0600][68.089s][info][gc          ] GC(110) Concurrent weak references 1.251ms
[2026-04-03T02:18:26.188+0600][68.089s][info][gc,start    ] GC(110) Concurrent weak roots
[2026-04-03T02:18:26.188+0600][68.089s][info][gc,task     ] GC(110) Using 3 of 6 workers for concurrent weak root
[2026-04-03T02:18:26.194+0600][68.095s][info][gc          ] GC(110) Concurrent weak roots 6.090ms
[2026-04-03T02:18:26.194+0600][68.095s][info][gc,start    ] GC(110) Concurrent cleanup
[2026-04-03T02:18:26.195+0600][68.096s][info][gc          ] GC(110) Concurrent cleanup 609M->242M(674M) 0.695ms
[2026-04-03T02:18:26.195+0600][68.096s][info][gc,ergo     ] GC(110) Free: 463M, Max: 256K regular, 48128K humongous, Frag: 90% external, 0% internal; Reserve: 35840K, Max: 256K
[2026-04-03T02:18:26.195+0600][68.096s][info][gc,start    ] GC(110) Concurrent class unloading
[2026-04-03T02:18:26.195+0600][68.096s][info][gc,task     ] GC(110) Using 3 of 6 workers for concurrent class unloading
[2026-04-03T02:18:26.209+0600][68.111s][info][gc          ] GC(110) Concurrent class unloading 14.594ms
[2026-04-03T02:18:26.210+0600][68.111s][info][gc,start    ] GC(110) Concurrent strong roots
[2026-04-03T02:18:26.210+0600][68.111s][info][gc,task     ] GC(110) Using 3 of 6 workers for concurrent strong root
[2026-04-03T02:18:26.211+0600][68.112s][info][gc          ] GC(110) Concurrent strong roots 0.991ms
[2026-04-03T02:18:26.211+0600][68.112s][info][gc,start    ] GC(110) Concurrent evacuation
[2026-04-03T02:18:26.211+0600][68.112s][info][gc,task     ] GC(110) Using 3 of 6 workers for concurrent evacuation
[2026-04-03T02:18:26.213+0600][68.114s][info][gc          ] GC(110) Concurrent evacuation 1.998ms
[2026-04-03T02:18:26.213+0600][68.114s][info][gc,start    ] GC(110) Pause Init Update Refs
[2026-04-03T02:18:26.213+0600][68.115s][info][gc,ergo     ] GC(110) Pacer for Update Refs. Used: 258M, Free: 451M, Non-Taxable: 46233K, Alloc Tax Rate: 1.1x
[2026-04-03T02:18:26.213+0600][68.115s][info][gc          ] GC(110) Pause Init Update Refs 0.149ms
[2026-04-03T02:18:26.214+0600][68.115s][info][gc,start    ] GC(110) Concurrent update references
[2026-04-03T02:18:26.214+0600][68.115s][info][gc,task     ] GC(110) Using 3 of 6 workers for concurrent reference update
[2026-04-03T02:18:26.266+0600][68.167s][info][gc          ] GC(110) Concurrent update references 52.025ms
[2026-04-03T02:18:26.266+0600][68.167s][info][gc,start    ] GC(110) Concurrent update thread roots
[2026-04-03T02:18:26.268+0600][68.169s][info][gc          ] GC(110) Concurrent update thread roots 2.589ms
[2026-04-03T02:18:26.269+0600][68.170s][info][gc,start    ] GC(110) Pause Final Update Refs
[2026-04-03T02:18:26.269+0600][68.170s][info][gc,task     ] GC(110) Using 6 of 6 workers for final reference update
[2026-04-03T02:18:26.269+0600][68.170s][info][gc          ] GC(110) Pause Final Update Refs 0.339ms
[2026-04-03T02:18:26.269+0600][68.170s][info][gc,start    ] GC(110) Concurrent cleanup
[2026-04-03T02:18:26.270+0600][68.171s][info][gc          ] GC(110) Concurrent cleanup 302M->255M(674M) 0.642ms
[2026-04-03T02:18:26.270+0600][68.171s][info][gc,ergo     ] Free: 445M, Max: 256K regular, 201M humongous, Frag: 55% external, 0% internal; Reserve: 38400K, Max: 256K
[2026-04-03T02:18:26.270+0600][68.171s][info][gc,stats    ] 
[2026-04-03T02:18:26.270+0600][68.171s][info][gc,stats    ] All times are wall-clock times, except per-root-class counters, that are sum over
[2026-04-03T02:18:26.270+0600][68.171s][info][gc,stats    ] all workers. Dividing the <total> over the root stage time estimates parallelism.
[2026-04-03T02:18:26.270+0600][68.171s][info][gc,stats    ] 
[2026-04-03T02:18:26.270+0600][68.171s][info][gc,stats    ] Concurrent Reset                   1550 us
[2026-04-03T02:18:26.270+0600][68.171s][info][gc,stats    ] Pause Init Mark (G)                 426 us
[2026-04-03T02:18:26.270+0600][68.171s][info][gc,stats    ] Pause Init Mark (N)                 138 us
[2026-04-03T02:18:26.270+0600][68.171s][info][gc,stats    ]   Update Region States               32 us
[2026-04-03T02:18:26.270+0600][68.171s][info][gc,stats    ] Concurrent Mark Roots              1736 us, parallelism: 1.89x
[2026-04-03T02:18:26.270+0600][68.171s][info][gc,stats    ]   CMR: <total>                     3283 us
[2026-04-03T02:18:26.270+0600][68.171s][info][gc,stats    ]   CMR: Thread Roots                2741 us, workers (us): 1080, 599, 1062, ---, ---, ---, 
[2026-04-03T02:18:26.270+0600][68.171s][info][gc,stats    ]   CMR: VM Strong Roots               79 us, workers (us):  51,  13,  15, ---, ---, ---, 
[2026-04-03T02:18:26.270+0600][68.171s][info][gc,stats    ]   CMR: CLDG Roots                   462 us, workers (us): ---, 462, ---, ---, ---, ---, 
[2026-04-03T02:18:26.270+0600][68.171s][info][gc,stats    ] Concurrent Marking                45369 us
[2026-04-03T02:18:26.270+0600][68.171s][info][gc,stats    ] Pause Final Mark (G)                808 us
[2026-04-03T02:18:26.270+0600][68.171s][info][gc,stats    ] Pause Final Mark (N)                712 us
[2026-04-03T02:18:26.270+0600][68.171s][info][gc,stats    ]   Finish Mark                       292 us
[2026-04-03T02:18:26.270+0600][68.171s][info][gc,stats    ]   Update Region States               46 us
[2026-04-03T02:18:26.270+0600][68.171s][info][gc,stats    ]   Choose Collection Set             220 us
[2026-04-03T02:18:26.270+0600][68.171s][info][gc,stats    ]   Rebuild Free Set                   40 us
[2026-04-03T02:18:26.270+0600][68.171s][info][gc,stats    ] Concurrent Thread Roots            1208 us, parallelism: 2.06x
[2026-04-03T02:18:26.270+0600][68.171s][info][gc,stats    ]   CTR: <total>                     2491 us
[2026-04-03T02:18:26.270+0600][68.171s][info][gc,stats    ]   CTR: Thread Roots                2491 us, workers (us): 809, 809, 873, ---, ---, ---, 
[2026-04-03T02:18:26.270+0600][68.171s][info][gc,stats    ] Concurrent Weak References         1264 us, parallelism: 1.33x
[2026-04-03T02:18:26.270+0600][68.171s][info][gc,stats    ]   CWRF: <total>                    1676 us
[2026-04-03T02:18:26.270+0600][68.171s][info][gc,stats    ]   CWRF: Weak References            1676 us, workers (us): 484, 1028, 164, ---, ---, ---, 
[2026-04-03T02:18:26.270+0600][68.171s][info][gc,stats    ] Concurrent Weak Roots              6165 us
[2026-04-03T02:18:26.270+0600][68.171s][info][gc,stats    ]   Roots                            5732 us, parallelism: 2.72x
[2026-04-03T02:18:26.270+0600][68.171s][info][gc,stats    ]     CWR: <total>                  15620 us
[2026-04-03T02:18:26.270+0600][68.171s][info][gc,stats    ]     CWR: Code Cache Roots         12349 us, workers (us): 4194, 4189, 3966, ---, ---, ---, 
[2026-04-03T02:18:26.270+0600][68.171s][info][gc,stats    ]     CWR: VM Weak Roots             2979 us, workers (us): 1012, 995, 972, ---, ---, ---, 
[2026-04-03T02:18:26.270+0600][68.171s][info][gc,stats    ]     CWR: CLDG Roots                 292 us, workers (us): ---, ---, 292, ---, ---, ---, 
[2026-04-03T02:18:26.270+0600][68.171s][info][gc,stats    ]   Rendezvous                        330 us
[2026-04-03T02:18:26.270+0600][68.171s][info][gc,stats    ] Concurrent Cleanup                  709 us
[2026-04-03T02:18:26.270+0600][68.171s][info][gc,stats    ] Concurrent Class Unloading        14670 us
[2026-04-03T02:18:26.270+0600][68.171s][info][gc,stats    ]   Unlink Stale                    13950 us
[2026-04-03T02:18:26.270+0600][68.171s][info][gc,stats    ]     System Dictionary               275 us
[2026-04-03T02:18:26.270+0600][68.171s][info][gc,stats    ]     Weak Class Links                  0 us
[2026-04-03T02:18:26.270+0600][68.171s][info][gc,stats    ]     Code Roots                    13671 us
[2026-04-03T02:18:26.270+0600][68.171s][info][gc,stats    ]   Rendezvous                        275 us
[2026-04-03T02:18:26.270+0600][68.171s][info][gc,stats    ]   Purge Unlinked                    327 us
[2026-04-03T02:18:26.270+0600][68.171s][info][gc,stats    ]     Code Roots                      317 us
[2026-04-03T02:18:26.270+0600][68.171s][info][gc,stats    ]     CLDG                              9 us
[2026-04-03T02:18:26.270+0600][68.171s][info][gc,stats    ]     Exception Caches                  0 us
[2026-04-03T02:18:26.270+0600][68.171s][info][gc,stats    ] Concurrent Strong Roots            1046 us, parallelism: 0.52x
[2026-04-03T02:18:26.270+0600][68.172s][info][gc,stats    ]   CSR: <total>                      548 us
[2026-04-03T02:18:26.270+0600][68.172s][info][gc,stats    ]   CSR: VM Strong Roots               34 us, workers (us):  32,   2,   0, ---, ---, ---, 
[2026-04-03T02:18:26.270+0600][68.172s][info][gc,stats    ]   CSR: CLDG Roots                   514 us, workers (us): 514, ---, ---, ---, ---, ---, 
[2026-04-03T02:18:26.271+0600][68.172s][info][gc,stats    ] Concurrent Evacuation              2092 us
[2026-04-03T02:18:26.271+0600][68.172s][info][gc,stats    ] Pause Init Update Refs (G)          845 us
[2026-04-03T02:18:26.271+0600][68.172s][info][gc,stats    ] Pause Init Update Refs (N)          162 us
[2026-04-03T02:18:26.271+0600][68.172s][info][gc,stats    ]   Manage GCLABs                      40 us
[2026-04-03T02:18:26.271+0600][68.172s][info][gc,stats    ] Concurrent Update Refs            52147 us
[2026-04-03T02:18:26.271+0600][68.172s][info][gc,stats    ] Concurrent Update Thread Roots     2687 us
[2026-04-03T02:18:26.271+0600][68.172s][info][gc,stats    ] Pause Final Update Refs (G)         623 us
[2026-04-03T02:18:26.271+0600][68.172s][info][gc,stats    ] Pause Final Update Refs (N)         366 us
[2026-04-03T02:18:26.271+0600][68.172s][info][gc,stats    ]   Update Region States               84 us
[2026-04-03T02:18:26.271+0600][68.172s][info][gc,stats    ]   Trash Collection Set               18 us
[2026-04-03T02:18:26.271+0600][68.172s][info][gc,stats    ]   Rebuild Free Set                   48 us
[2026-04-03T02:18:26.271+0600][68.172s][info][gc,stats    ] Concurrent Cleanup                  665 us
[2026-04-03T02:18:26.271+0600][68.172s][info][gc,stats    ] Pacing                           294388 us
[2026-04-03T02:18:26.271+0600][68.172s][info][gc,stats    ] 
[2026-04-03T02:18:26.271+0600][68.172s][info][gc,stats    ] Allocation pacing accrued:
[2026-04-03T02:18:26.271+0600][68.172s][info][gc,stats    ]      21 of   305 ms (  7.0%): dispatcher-BlockManagerMaster
[2026-04-03T02:18:26.271+0600][68.172s][info][gc,stats    ]      10 of   305 ms (  3.3%): Spark Context Cleaner
[2026-04-03T02:18:26.271+0600][68.172s][info][gc,stats    ]      67 of   305 ms ( 22.0%): Executor task launch worker for task 1.0 in stage 2581.0 (TID 4838)
[2026-04-03T02:18:26.271+0600][68.172s][info][gc,stats    ]      64 of   305 ms ( 21.1%): Executor task launch worker for task 2.0 in stage 2581.0 (TID 4839)
[2026-04-03T02:18:26.271+0600][68.172s][info][gc,stats    ]      66 of   305 ms ( 21.7%): Executor task launch worker for task 0.0 in stage 2581.0 (TID 4837)
[2026-04-03T02:18:26.271+0600][68.172s][info][gc,stats    ]      65 of   305 ms ( 21.2%): Executor task launch worker for task 3.0 in stage 2581.0 (TID 4840)
[2026-04-03T02:18:26.271+0600][68.172s][info][gc,stats    ]     294 of   305 ms ( 96.4%): <total>
[2026-04-03T02:18:26.271+0600][68.172s][info][gc,stats    ]       1 of   305 ms (  0.3%): <average total>
[2026-04-03T02:18:26.271+0600][68.172s][info][gc,stats    ]      49 of   305 ms ( 16.1%): <average non-zero>
[2026-04-03T02:18:26.271+0600][68.172s][info][gc,stats    ] 
[2026-04-03T02:18:26.271+0600][68.172s][info][gc,metaspace] Metaspace: 131493K(132864K)->131494K(132864K) NonClass: 114974K(115648K)->114975K(115648K) Class: 16518K(17216K)->16518K(17216K)
[2026-04-03T02:18:26.271+0600][68.172s][info][gc,ergo     ] Pacer for Idle. Initial: 15360K, Alloc Tax Rate: 1.0x
[2026-04-03T02:18:26.320+0600][68.221s][info][gc          ] Trigger: Average GC time (177.52 ms) is above the time for average allocation rate (1096 MB/s) to deplete free headroom (184M) (margin of error = 1.85)
[2026-04-03T02:18:26.320+0600][68.221s][info][gc,ergo     ] Free headroom: 221M (free) - 38400K (spike) - 0B (penalties) = 184M
[2026-04-03T02:18:26.320+0600][68.221s][info][gc,ergo     ] Free: 221M, Max: 256K regular, 101376K humongous, Frag: 56% external, 0% internal; Reserve: 38400K, Max: 256K
[2026-04-03T02:18:26.320+0600][68.221s][info][gc,start    ] GC(111) Concurrent reset
[2026-04-03T02:18:26.320+0600][68.221s][info][gc,task     ] GC(111) Using 3 of 6 workers for concurrent reset
[2026-04-03T02:18:26.320+0600][68.221s][info][gc,ergo     ] GC(111) Pacer for Reset. Non-Taxable: 750M
[2026-04-03T02:18:26.321+0600][68.222s][info][gc          ] GC(111) Concurrent reset 1.339ms
[2026-04-03T02:18:26.322+0600][68.223s][info][gc,start    ] GC(111) Pause Init Mark (unload classes)
[2026-04-03T02:18:26.322+0600][68.223s][info][gc,task     ] GC(111) Using 6 of 6 workers for init marking
[2026-04-03T02:18:26.322+0600][68.223s][info][gc,ergo     ] GC(111) Pacer for Mark. Expected Live: 95276K, Free: 199M, Non-Taxable: 20384K, Alloc Tax Rate: 0.6x
[2026-04-03T02:18:26.322+0600][68.223s][info][gc          ] GC(111) Pause Init Mark (unload classes) 0.194ms
[2026-04-03T02:18:26.322+0600][68.223s][info][gc,start    ] GC(111) Concurrent marking roots
[2026-04-03T02:18:26.322+0600][68.223s][info][gc,task     ] GC(111) Using 3 of 6 workers for concurrent marking roots
[2026-04-03T02:18:26.324+0600][68.225s][info][gc          ] GC(111) Concurrent marking roots 1.852ms
[2026-04-03T02:18:26.324+0600][68.225s][info][gc,start    ] GC(111) Concurrent marking (unload classes)
[2026-04-03T02:18:26.324+0600][68.225s][info][gc,task     ] GC(111) Using 3 of 6 workers for concurrent marking
[2026-04-03T02:18:26.371+0600][68.272s][info][gc          ] GC(111) Concurrent marking (unload classes) 46.940ms
[2026-04-03T02:18:26.371+0600][68.272s][info][gc,start    ] GC(111) Pause Final Mark (unload classes)
[2026-04-03T02:18:26.371+0600][68.272s][info][gc,task     ] GC(111) Using 6 of 6 workers for final marking
[2026-04-03T02:18:26.372+0600][68.273s][info][gc,ergo     ] GC(111) Adaptive CSet Selection. Target Free: 106M, Actual Free: 533M, Max CSet: 32000K, Min Garbage: 0B
[2026-04-03T02:18:26.372+0600][68.273s][info][gc,ergo     ] GC(111) Collectable Garbage: 379M (97%), Immediate: 340M (87%), CSet: 39903K (10%)
[2026-04-03T02:18:26.372+0600][68.273s][info][gc,ergo     ] GC(111) Pacer for Evacuation. Used CSet: 47002K, Free: 521M, Non-Taxable: 53359K, Alloc Tax Rate: 1.1x
[2026-04-03T02:18:26.372+0600][68.273s][info][gc          ] GC(111) Pause Final Mark (unload classes) 0.618ms
[2026-04-03T02:18:26.372+0600][68.273s][info][gc,start    ] GC(111) Concurrent thread roots
[2026-04-03T02:18:26.372+0600][68.273s][info][gc,task     ] GC(111) Using 3 of 6 workers for Concurrent thread roots
[2026-04-03T02:18:26.373+0600][68.274s][info][gc          ] GC(111) Concurrent thread roots 1.166ms
[2026-04-03T02:18:26.373+0600][68.274s][info][gc,start    ] GC(111) Concurrent weak references
[2026-04-03T02:18:26.373+0600][68.274s][info][gc,task     ] GC(111) Using 3 of 6 workers for concurrent weak references
[2026-04-03T02:18:26.374+0600][68.275s][info][gc,ref      ] GC(111) Encountered references: Soft: 3788, Weak: 14870, Final: 84, Phantom: 643
[2026-04-03T02:18:26.374+0600][68.275s][info][gc,ref      ] GC(111) Discovered  references: Soft: 0, Weak: 8396, Final: 48, Phantom: 246
[2026-04-03T02:18:26.374+0600][68.275s][info][gc,ref      ] GC(111) Enqueued    references: Soft: 0, Weak: 242, Final: 0, Phantom: 0
[2026-04-03T02:18:26.374+0600][68.275s][info][gc          ] GC(111) Concurrent weak references 1.050ms
[2026-04-03T02:18:26.374+0600][68.275s][info][gc,start    ] GC(111) Concurrent weak roots
[2026-04-03T02:18:26.374+0600][68.275s][info][gc,task     ] GC(111) Using 3 of 6 workers for concurrent weak root
[2026-04-03T02:18:26.380+0600][68.281s][info][gc          ] GC(111) Concurrent weak roots 6.051ms
[2026-04-03T02:18:26.380+0600][68.281s][info][gc,start    ] GC(111) Concurrent cleanup
[2026-04-03T02:18:26.381+0600][68.282s][info][gc          ] GC(111) Concurrent cleanup 552M->212M(674M) 0.830ms
[2026-04-03T02:18:26.381+0600][68.282s][info][gc,ergo     ] GC(111) Free: 495M, Max: 256K regular, 148M humongous, Frag: 71% external, 0% internal; Reserve: 35840K, Max: 256K
[2026-04-03T02:18:26.381+0600][68.282s][info][gc,start    ] GC(111) Concurrent class unloading
[2026-04-03T02:18:26.381+0600][68.282s][info][gc,task     ] GC(111) Using 3 of 6 workers for concurrent class unloading
[2026-04-03T02:18:26.396+0600][68.297s][info][gc          ] GC(111) Concurrent class unloading 14.748ms
[2026-04-03T02:18:26.396+0600][68.297s][info][gc,start    ] GC(111) Concurrent strong roots
[2026-04-03T02:18:26.396+0600][68.297s][info][gc,task     ] GC(111) Using 3 of 6 workers for concurrent strong root
[2026-04-03T02:18:26.397+0600][68.298s][info][gc          ] GC(111) Concurrent strong roots 0.970ms
[2026-04-03T02:18:26.397+0600][68.298s][info][gc,start    ] GC(111) Concurrent evacuation
[2026-04-03T02:18:26.397+0600][68.298s][info][gc,task     ] GC(111) Using 3 of 6 workers for concurrent evacuation
[2026-04-03T02:18:26.400+0600][68.302s][info][gc          ] GC(111) Concurrent evacuation 3.350ms
[2026-04-03T02:18:26.401+0600][68.302s][info][gc,start    ] GC(111) Pause Init Update Refs
[2026-04-03T02:18:26.401+0600][68.302s][info][gc,ergo     ] GC(111) Pacer for Update Refs. Used: 228M, Free: 484M, Non-Taxable: 49634K, Alloc Tax Rate: 1.1x
[2026-04-03T02:18:26.401+0600][68.302s][info][gc          ] GC(111) Pause Init Update Refs 0.113ms
[2026-04-03T02:18:26.401+0600][68.302s][info][gc,start    ] GC(111) Concurrent update references
[2026-04-03T02:18:26.401+0600][68.302s][info][gc,task     ] GC(111) Using 3 of 6 workers for concurrent reference update
[2026-04-03T02:18:26.440+0600][68.341s][info][gc          ] GC(111) Concurrent update references 38.870ms
[2026-04-03T02:18:26.440+0600][68.341s][info][gc,start    ] GC(111) Concurrent update thread roots
[2026-04-03T02:18:26.441+0600][68.342s][info][gc          ] GC(111) Concurrent update thread roots 1.172ms
[2026-04-03T02:18:26.441+0600][68.342s][info][gc,start    ] GC(111) Pause Final Update Refs
[2026-04-03T02:18:26.441+0600][68.343s][info][gc,task     ] GC(111) Using 6 of 6 workers for final reference update
[2026-04-03T02:18:26.442+0600][68.343s][info][gc          ] GC(111) Pause Final Update Refs 0.164ms
[2026-04-03T02:18:26.442+0600][68.343s][info][gc,start    ] GC(111) Concurrent cleanup
[2026-04-03T02:18:26.442+0600][68.343s][info][gc          ] GC(111) Concurrent cleanup 278M->232M(676M) 0.524ms
[2026-04-03T02:18:26.442+0600][68.343s][info][gc,ergo     ] Free: 471M, Max: 256K regular, 178M humongous, Frag: 63% external, 0% internal; Reserve: 38400K, Max: 256K
[2026-04-03T02:18:26.442+0600][68.343s][info][gc,stats    ] 
[2026-04-03T02:18:26.442+0600][68.343s][info][gc,stats    ] All times are wall-clock times, except per-root-class counters, that are sum over
[2026-04-03T02:18:26.442+0600][68.343s][info][gc,stats    ] all workers. Dividing the <total> over the root stage time estimates parallelism.
[2026-04-03T02:18:26.442+0600][68.343s][info][gc,stats    ] 
[2026-04-03T02:18:26.442+0600][68.343s][info][gc,stats    ] Concurrent Reset                   1418 us
[2026-04-03T02:18:26.442+0600][68.343s][info][gc,stats    ] Pause Init Mark (G)                 919 us
[2026-04-03T02:18:26.442+0600][68.343s][info][gc,stats    ] Pause Init Mark (N)                 206 us
[2026-04-03T02:18:26.442+0600][68.343s][info][gc,stats    ]   Update Region States               48 us
[2026-04-03T02:18:26.442+0600][68.343s][info][gc,stats    ] Concurrent Mark Roots              1933 us, parallelism: 1.96x
[2026-04-03T02:18:26.442+0600][68.343s][info][gc,stats    ]   CMR: <total>                     3782 us
[2026-04-03T02:18:26.442+0600][68.343s][info][gc,stats    ]   CMR: Thread Roots                3245 us, workers (us): 1220, 778, 1246, ---, ---, ---, 
[2026-04-03T02:18:26.442+0600][68.343s][info][gc,stats    ]   CMR: VM Strong Roots               76 us, workers (us):  48,  23,   6, ---, ---, ---, 
[2026-04-03T02:18:26.442+0600][68.343s][info][gc,stats    ]   CMR: CLDG Roots                   462 us, workers (us): ---, 462, ---, ---, ---, ---, 
[2026-04-03T02:18:26.442+0600][68.343s][info][gc,stats    ] Concurrent Marking                47020 us
[2026-04-03T02:18:26.442+0600][68.343s][info][gc,stats    ] Pause Final Mark (G)                845 us
[2026-04-03T02:18:26.442+0600][68.343s][info][gc,stats    ] Pause Final Mark (N)                630 us
[2026-04-03T02:18:26.442+0600][68.343s][info][gc,stats    ]   Finish Mark                       233 us
[2026-04-03T02:18:26.442+0600][68.344s][info][gc,stats    ]   Update Region States               40 us
[2026-04-03T02:18:26.442+0600][68.344s][info][gc,stats    ]   Choose Collection Set             179 us
[2026-04-03T02:18:26.442+0600][68.344s][info][gc,stats    ]   Rebuild Free Set                   35 us
[2026-04-03T02:18:26.442+0600][68.344s][info][gc,stats    ] Concurrent Thread Roots            1214 us, parallelism: 2.14x
[2026-04-03T02:18:26.442+0600][68.344s][info][gc,stats    ]   CTR: <total>                     2593 us
[2026-04-03T02:18:26.442+0600][68.344s][info][gc,stats    ]   CTR: Thread Roots                2593 us, workers (us): 873, 880, 839, ---, ---, ---, 
[2026-04-03T02:18:26.442+0600][68.344s][info][gc,stats    ] Concurrent Weak References         1062 us, parallelism: 1.05x
[2026-04-03T02:18:26.442+0600][68.344s][info][gc,stats    ]   CWRF: <total>                    1112 us
[2026-04-03T02:18:26.442+0600][68.344s][info][gc,stats    ]   CWRF: Weak References            1112 us, workers (us): 191, 153, 768, ---, ---, ---, 
[2026-04-03T02:18:26.442+0600][68.344s][info][gc,stats    ] Concurrent Weak Roots              6146 us
[2026-04-03T02:18:26.443+0600][68.344s][info][gc,stats    ]   Roots                            5529 us, parallelism: 2.77x
[2026-04-03T02:18:26.443+0600][68.344s][info][gc,stats    ]     CWR: <total>                  15313 us
[2026-04-03T02:18:26.443+0600][68.344s][info][gc,stats    ]     CWR: Code Cache Roots         12249 us, workers (us): 4203, 3936, 4110, ---, ---, ---, 
[2026-04-03T02:18:26.443+0600][68.344s][info][gc,stats    ]     CWR: VM Weak Roots             2850 us, workers (us): 966, 961, 923, ---, ---, ---, 
[2026-04-03T02:18:26.443+0600][68.344s][info][gc,stats    ]     CWR: CLDG Roots                 215 us, workers (us): ---, 215, ---, ---, ---, ---, 
[2026-04-03T02:18:26.443+0600][68.344s][info][gc,stats    ]   Rendezvous                        496 us
[2026-04-03T02:18:26.443+0600][68.344s][info][gc,stats    ] Concurrent Cleanup                  849 us
[2026-04-03T02:18:26.443+0600][68.344s][info][gc,stats    ] Concurrent Class Unloading        14841 us
[2026-04-03T02:18:26.443+0600][68.344s][info][gc,stats    ]   Unlink Stale                    13701 us
[2026-04-03T02:18:26.443+0600][68.344s][info][gc,stats    ]     System Dictionary               284 us
[2026-04-03T02:18:26.443+0600][68.344s][info][gc,stats    ]     Weak Class Links                  0 us
[2026-04-03T02:18:26.443+0600][68.344s][info][gc,stats    ]     Code Roots                    13413 us
[2026-04-03T02:18:26.443+0600][68.344s][info][gc,stats    ]   Rendezvous                        465 us
[2026-04-03T02:18:26.443+0600][68.344s][info][gc,stats    ]   Purge Unlinked                    555 us
[2026-04-03T02:18:26.443+0600][68.344s][info][gc,stats    ]     Code Roots                      539 us
[2026-04-03T02:18:26.443+0600][68.344s][info][gc,stats    ]     CLDG                             16 us
[2026-04-03T02:18:26.443+0600][68.344s][info][gc,stats    ]     Exception Caches                  1 us
[2026-04-03T02:18:26.443+0600][68.344s][info][gc,stats    ] Concurrent Strong Roots            1049 us, parallelism: 0.64x
[2026-04-03T02:18:26.443+0600][68.344s][info][gc,stats    ]   CSR: <total>                      677 us
[2026-04-03T02:18:26.443+0600][68.344s][info][gc,stats    ]   CSR: VM Strong Roots               45 us, workers (us):  20,  16,   9, ---, ---, ---, 
[2026-04-03T02:18:26.443+0600][68.344s][info][gc,stats    ]   CSR: CLDG Roots                   632 us, workers (us): 632, ---, ---, ---, ---, ---, 
[2026-04-03T02:18:26.443+0600][68.344s][info][gc,stats    ] Concurrent Evacuation              3436 us
[2026-04-03T02:18:26.443+0600][68.344s][info][gc,stats    ] Pause Init Update Refs (G)          497 us
[2026-04-03T02:18:26.443+0600][68.344s][info][gc,stats    ] Pause Init Update Refs (N)          128 us
[2026-04-03T02:18:26.443+0600][68.344s][info][gc,stats    ]   Manage GCLABs                      39 us
[2026-04-03T02:18:26.443+0600][68.344s][info][gc,stats    ] Concurrent Update Refs            38941 us
[2026-04-03T02:18:26.443+0600][68.344s][info][gc,stats    ] Concurrent Update Thread Roots     1225 us
[2026-04-03T02:18:26.443+0600][68.344s][info][gc,stats    ] Pause Final Update Refs (G)         359 us
[2026-04-03T02:18:26.443+0600][68.344s][info][gc,stats    ] Pause Final Update Refs (N)         177 us
[2026-04-03T02:18:26.443+0600][68.344s][info][gc,stats    ]   Update Region States               39 us
[2026-04-03T02:18:26.443+0600][68.344s][info][gc,stats    ]   Trash Collection Set               10 us
[2026-04-03T02:18:26.443+0600][68.344s][info][gc,stats    ]   Rebuild Free Set                   36 us
[2026-04-03T02:18:26.443+0600][68.344s][info][gc,stats    ] Concurrent Cleanup                  538 us
[2026-04-03T02:18:26.443+0600][68.344s][info][gc,stats    ] Pacing                           192515 us
[2026-04-03T02:18:26.443+0600][68.344s][info][gc,stats    ] 
[2026-04-03T02:18:26.443+0600][68.344s][info][gc,stats    ] Allocation pacing accrued:
[2026-04-03T02:18:26.443+0600][68.344s][info][gc,stats    ]      10 of   172 ms (  5.9%): dispatcher-event-loop-4
[2026-04-03T02:18:26.443+0600][68.344s][info][gc,stats    ]      10 of   172 ms (  5.9%): Spark Context Cleaner
[2026-04-03T02:18:26.443+0600][68.344s][info][gc,stats    ]      46 of   172 ms ( 26.6%): Executor task launch worker for task 1.0 in stage 2586.0 (TID 4850)
[2026-04-03T02:18:26.443+0600][68.344s][info][gc,stats    ]      35 of   172 ms ( 20.5%): Executor task launch worker for task 3.0 in stage 2586.0 (TID 4852)
[2026-04-03T02:18:26.443+0600][68.344s][info][gc,stats    ]      45 of   172 ms ( 26.4%): Executor task launch worker for task 2.0 in stage 2586.0 (TID 4851)
[2026-04-03T02:18:26.443+0600][68.344s][info][gc,stats    ]      46 of   172 ms ( 26.6%): Executor task launch worker for task 0.0 in stage 2586.0 (TID 4849)
[2026-04-03T02:18:26.443+0600][68.344s][info][gc,stats    ]     193 of   172 ms (111.8%): <total>
[2026-04-03T02:18:26.443+0600][68.344s][info][gc,stats    ]       1 of   172 ms (  0.4%): <average total>
[2026-04-03T02:18:26.443+0600][68.344s][info][gc,stats    ]      32 of   172 ms ( 18.6%): <average non-zero>
[2026-04-03T02:18:26.443+0600][68.344s][info][gc,stats    ] 
[2026-04-03T02:18:26.443+0600][68.344s][info][gc,metaspace] Metaspace: 131494K(132864K)->131494K(132864K) NonClass: 114975K(115648K)->114975K(115648K) Class: 16518K(17216K)->16518K(17216K)
[2026-04-03T02:18:26.443+0600][68.344s][info][gc,ergo     ] Pacer for Idle. Initial: 15360K, Alloc Tax Rate: 1.0x
[2026-04-03T02:18:26.891+0600][68.792s][info][gc          ] Trigger: Average GC time (165.34 ms) is above the time for average allocation rate (656 MB/s) to deplete free headroom (107M) (margin of error = 1.85)
[2026-04-03T02:18:26.891+0600][68.793s][info][gc,ergo     ] Free headroom: 144M (free) - 38400K (spike) - 0B (penalties) = 107M
[2026-04-03T02:18:26.891+0600][68.793s][info][gc,ergo     ] Free: 144M, Max: 256K regular, 89344K humongous, Frag: 40% external, 0% internal; Reserve: 38400K, Max: 256K
[2026-04-03T02:18:26.892+0600][68.793s][info][gc,start    ] GC(112) Concurrent reset
[2026-04-03T02:18:26.892+0600][68.793s][info][gc,task     ] GC(112) Using 3 of 6 workers for concurrent reset
[2026-04-03T02:18:26.892+0600][68.793s][info][gc,ergo     ] GC(112) Pacer for Reset. Non-Taxable: 750M
[2026-04-03T02:18:26.893+0600][68.794s][info][gc          ] GC(112) Concurrent reset 1.067ms
[2026-04-03T02:18:26.893+0600][68.794s][info][gc,start    ] GC(112) Pause Init Mark (unload classes)
[2026-04-03T02:18:26.893+0600][68.794s][info][gc,task     ] GC(112) Using 6 of 6 workers for init marking
[2026-04-03T02:18:26.893+0600][68.794s][info][gc,ergo     ] GC(112) Pacer for Mark. Expected Live: 97400K, Free: 141M, Non-Taxable: 14536K, Alloc Tax Rate: 0.8x
[2026-04-03T02:18:26.893+0600][68.794s][info][gc          ] GC(112) Pause Init Mark (unload classes) 0.171ms
[2026-04-03T02:18:26.893+0600][68.794s][info][gc,start    ] GC(112) Concurrent marking roots
[2026-04-03T02:18:26.893+0600][68.794s][info][gc,task     ] GC(112) Using 3 of 6 workers for concurrent marking roots
[2026-04-03T02:18:26.895+0600][68.796s][info][gc          ] GC(112) Concurrent marking roots 1.803ms
[2026-04-03T02:18:26.895+0600][68.796s][info][gc,start    ] GC(112) Concurrent marking (unload classes)
[2026-04-03T02:18:26.895+0600][68.796s][info][gc,task     ] GC(112) Using 3 of 6 workers for concurrent marking
[2026-04-03T02:18:26.943+0600][68.844s][info][gc          ] GC(112) Concurrent marking (unload classes) 47.385ms
[2026-04-03T02:18:26.943+0600][68.844s][info][gc,start    ] GC(112) Pause Final Mark (unload classes)
[2026-04-03T02:18:26.943+0600][68.844s][info][gc,task     ] GC(112) Using 6 of 6 workers for final marking
[2026-04-03T02:18:26.943+0600][68.844s][info][gc,ergo     ] GC(112) Adaptive CSet Selection. Target Free: 106M, Actual Free: 492M, Max CSet: 32000K, Min Garbage: 0B
[2026-04-03T02:18:26.943+0600][68.845s][info][gc,ergo     ] GC(112) Collectable Garbage: 437M (98%), Immediate: 339M (76%), CSet: 100199K (21%)
[2026-04-03T02:18:26.944+0600][68.845s][info][gc,ergo     ] GC(112) Pacer for Evacuation. Used CSet: 102M, Free: 486M, Non-Taxable: 49786K, Alloc Tax Rate: 1.1x
[2026-04-03T02:18:26.944+0600][68.845s][info][gc          ] GC(112) Pause Final Mark (unload classes) 0.880ms
[2026-04-03T02:18:26.944+0600][68.845s][info][gc,start    ] GC(112) Concurrent thread roots
[2026-04-03T02:18:26.944+0600][68.845s][info][gc,task     ] GC(112) Using 3 of 6 workers for Concurrent thread roots
[2026-04-03T02:18:26.945+0600][68.846s][info][gc          ] GC(112) Concurrent thread roots 1.210ms
[2026-04-03T02:18:26.945+0600][68.846s][info][gc,start    ] GC(112) Concurrent weak references
[2026-04-03T02:18:26.945+0600][68.846s][info][gc,task     ] GC(112) Using 3 of 6 workers for concurrent weak references
[2026-04-03T02:18:26.945+0600][68.847s][info][gc,ref      ] GC(112) Encountered references: Soft: 3792, Weak: 15136, Final: 84, Phantom: 621
[2026-04-03T02:18:26.946+0600][68.847s][info][gc,ref      ] GC(112) Discovered  references: Soft: 0, Weak: 3813, Final: 0, Phantom: 612
[2026-04-03T02:18:26.946+0600][68.847s][info][gc,ref      ] GC(112) Enqueued    references: Soft: 0, Weak: 388, Final: 0, Phantom: 0
[2026-04-03T02:18:26.946+0600][68.847s][info][gc          ] GC(112) Concurrent weak references 0.526ms
[2026-04-03T02:18:26.946+0600][68.847s][info][gc,start    ] GC(112) Concurrent weak roots
[2026-04-03T02:18:26.946+0600][68.847s][info][gc,task     ] GC(112) Using 3 of 6 workers for concurrent weak root
[2026-04-03T02:18:26.951+0600][68.852s][info][gc          ] GC(112) Concurrent weak roots 5.590ms
[2026-04-03T02:18:26.951+0600][68.852s][info][gc,start    ] GC(112) Concurrent cleanup
[2026-04-03T02:18:26.952+0600][68.853s][info][gc          ] GC(112) Concurrent cleanup 567M->227M(676M) 0.983ms
[2026-04-03T02:18:26.952+0600][68.853s][info][gc,ergo     ] GC(112) Free: 482M, Max: 256K regular, 55040K humongous, Frag: 89% external, 0% internal; Reserve: 37420K, Max: 256K
[2026-04-03T02:18:26.952+0600][68.853s][info][gc,start    ] GC(112) Concurrent class unloading
[2026-04-03T02:18:26.952+0600][68.853s][info][gc,task     ] GC(112) Using 3 of 6 workers for concurrent class unloading
[2026-04-03T02:18:26.972+0600][68.873s][info][gc          ] GC(112) Concurrent class unloading 19.711ms
[2026-04-03T02:18:26.972+0600][68.873s][info][gc,start    ] GC(112) Concurrent strong roots
[2026-04-03T02:18:26.972+0600][68.873s][info][gc,task     ] GC(112) Using 3 of 6 workers for concurrent strong root
[2026-04-03T02:18:26.974+0600][68.875s][info][gc          ] GC(112) Concurrent strong roots 1.478ms
[2026-04-03T02:18:26.974+0600][68.875s][info][gc,start    ] GC(112) Concurrent evacuation
[2026-04-03T02:18:26.974+0600][68.875s][info][gc,task     ] GC(112) Using 3 of 6 workers for concurrent evacuation
[2026-04-03T02:18:26.976+0600][68.877s][info][gc          ] GC(112) Concurrent evacuation 2.247ms
[2026-04-03T02:18:26.976+0600][68.877s][info][gc,start    ] GC(112) Pause Init Update Refs
[2026-04-03T02:18:26.976+0600][68.877s][info][gc,ergo     ] GC(112) Pacer for Update Refs. Used: 251M, Free: 460M, Non-Taxable: 47129K, Alloc Tax Rate: 1.1x
[2026-04-03T02:18:26.976+0600][68.877s][info][gc          ] GC(112) Pause Init Update Refs 0.086ms
[2026-04-03T02:18:26.976+0600][68.877s][info][gc,start    ] GC(112) Concurrent update references
[2026-04-03T02:18:26.976+0600][68.878s][info][gc,task     ] GC(112) Using 3 of 6 workers for concurrent reference update
[2026-04-03T02:18:27.022+0600][68.923s][info][gc          ] GC(112) Concurrent update references 45.716ms
[2026-04-03T02:18:27.022+0600][68.923s][info][gc,start    ] GC(112) Concurrent update thread roots
[2026-04-03T02:18:27.024+0600][68.925s][info][gc          ] GC(112) Concurrent update thread roots 1.452ms
[2026-04-03T02:18:27.024+0600][68.925s][info][gc,start    ] GC(112) Pause Final Update Refs
[2026-04-03T02:18:27.024+0600][68.925s][info][gc,task     ] GC(112) Using 6 of 6 workers for final reference update
[2026-04-03T02:18:27.024+0600][68.925s][info][gc          ] GC(112) Pause Final Update Refs 0.207ms
[2026-04-03T02:18:27.024+0600][68.925s][info][gc,start    ] GC(112) Concurrent cleanup
[2026-04-03T02:18:27.025+0600][68.926s][info][gc          ] GC(112) Concurrent cleanup 296M->194M(676M) 0.685ms
[2026-04-03T02:18:27.025+0600][68.926s][info][gc,ergo     ] Free: 510M, Max: 256K regular, 282M humongous, Frag: 45% external, 1% internal; Reserve: 38400K, Max: 256K
[2026-04-03T02:18:27.025+0600][68.926s][info][gc,stats    ] 
[2026-04-03T02:18:27.025+0600][68.926s][info][gc,stats    ] All times are wall-clock times, except per-root-class counters, that are sum over
[2026-04-03T02:18:27.025+0600][68.926s][info][gc,stats    ] all workers. Dividing the <total> over the root stage time estimates parallelism.
[2026-04-03T02:18:27.025+0600][68.926s][info][gc,stats    ] 
[2026-04-03T02:18:27.025+0600][68.926s][info][gc,stats    ] Concurrent Reset                   1109 us
[2026-04-03T02:18:27.025+0600][68.926s][info][gc,stats    ] Pause Init Mark (G)                 593 us
[2026-04-03T02:18:27.025+0600][68.926s][info][gc,stats    ] Pause Init Mark (N)                 184 us
[2026-04-03T02:18:27.025+0600][68.926s][info][gc,stats    ]   Update Region States               44 us
[2026-04-03T02:18:27.025+0600][68.926s][info][gc,stats    ] Concurrent Mark Roots              1870 us, parallelism: 1.91x
[2026-04-03T02:18:27.025+0600][68.926s][info][gc,stats    ]   CMR: <total>                     3567 us
[2026-04-03T02:18:27.025+0600][68.926s][info][gc,stats    ]   CMR: Thread Roots                3012 us, workers (us): 749, 1230, 1032, ---, ---, ---, 
[2026-04-03T02:18:27.025+0600][68.926s][info][gc,stats    ]   CMR: VM Strong Roots               67 us, workers (us):  43,  23,   1, ---, ---, ---, 
[2026-04-03T02:18:27.025+0600][68.926s][info][gc,stats    ]   CMR: CLDG Roots                   488 us, workers (us): 488, ---, ---, ---, ---, ---, 
[2026-04-03T02:18:27.025+0600][68.926s][info][gc,stats    ] Concurrent Marking                47472 us
[2026-04-03T02:18:27.025+0600][68.926s][info][gc,stats    ] Pause Final Mark (G)               1174 us
[2026-04-03T02:18:27.025+0600][68.926s][info][gc,stats    ] Pause Final Mark (N)                893 us
[2026-04-03T02:18:27.025+0600][68.926s][info][gc,stats    ]   Finish Mark                       311 us
[2026-04-03T02:18:27.025+0600][68.926s][info][gc,stats    ]   Update Region States               47 us
[2026-04-03T02:18:27.025+0600][68.926s][info][gc,stats    ]   Choose Collection Set             280 us
[2026-04-03T02:18:27.025+0600][68.926s][info][gc,stats    ]   Rebuild Free Set                   46 us
[2026-04-03T02:18:27.025+0600][68.926s][info][gc,stats    ] Concurrent Thread Roots            1270 us, parallelism: 2.35x
[2026-04-03T02:18:27.025+0600][68.926s][info][gc,stats    ]   CTR: <total>                     2983 us
[2026-04-03T02:18:27.025+0600][68.926s][info][gc,stats    ]   CTR: Thread Roots                2983 us, workers (us): 1057, 1048, 877, ---, ---, ---, 
[2026-04-03T02:18:27.025+0600][68.926s][info][gc,stats    ] Concurrent Weak References          539 us, parallelism: 1.11x
[2026-04-03T02:18:27.025+0600][68.926s][info][gc,stats    ]   CWRF: <total>                     599 us
[2026-04-03T02:18:27.025+0600][68.926s][info][gc,stats    ]   CWRF: Weak References             599 us, workers (us):  49, 377, 173, ---, ---, ---, 
[2026-04-03T02:18:27.025+0600][68.926s][info][gc,stats    ] Concurrent Weak Roots              5678 us
[2026-04-03T02:18:27.025+0600][68.926s][info][gc,stats    ]   Roots                            5106 us, parallelism: 2.77x
[2026-04-03T02:18:27.025+0600][68.926s][info][gc,stats    ]     CWR: <total>                  14141 us
[2026-04-03T02:18:27.025+0600][68.926s][info][gc,stats    ]     CWR: Code Cache Roots         11349 us, workers (us): 3857, 3619, 3872, ---, ---, ---, 
[2026-04-03T02:18:27.025+0600][68.926s][info][gc,stats    ]     CWR: VM Weak Roots             2594 us, workers (us): 913, 898, 783, ---, ---, ---, 
[2026-04-03T02:18:27.025+0600][68.926s][info][gc,stats    ]     CWR: CLDG Roots                 198 us, workers (us): ---, 198, ---, ---, ---, ---, 
[2026-04-03T02:18:27.025+0600][68.926s][info][gc,stats    ]   Rendezvous                        453 us
[2026-04-03T02:18:27.025+0600][68.926s][info][gc,stats    ] Concurrent Cleanup                 1008 us
[2026-04-03T02:18:27.025+0600][68.926s][info][gc,stats    ] Concurrent Class Unloading        19795 us
[2026-04-03T02:18:27.025+0600][68.926s][info][gc,stats    ]   Unlink Stale                    18363 us
[2026-04-03T02:18:27.025+0600][68.926s][info][gc,stats    ]     System Dictionary               254 us
[2026-04-03T02:18:27.025+0600][68.926s][info][gc,stats    ]     Weak Class Links                  0 us
[2026-04-03T02:18:27.025+0600][68.926s][info][gc,stats    ]     Code Roots                    18104 us
[2026-04-03T02:18:27.025+0600][68.926s][info][gc,stats    ]   Rendezvous                        419 us
[2026-04-03T02:18:27.025+0600][68.926s][info][gc,stats    ]   Purge Unlinked                    890 us
[2026-04-03T02:18:27.025+0600][68.926s][info][gc,stats    ]     Code Roots                      872 us
[2026-04-03T02:18:27.025+0600][68.926s][info][gc,stats    ]     CLDG                             16 us
[2026-04-03T02:18:27.025+0600][68.926s][info][gc,stats    ]     Exception Caches                  0 us
[2026-04-03T02:18:27.025+0600][68.926s][info][gc,stats    ] Concurrent Strong Roots            1540 us, parallelism: 0.67x
[2026-04-03T02:18:27.025+0600][68.926s][info][gc,stats    ]   CSR: <total>                     1031 us
[2026-04-03T02:18:27.025+0600][68.926s][info][gc,stats    ]   CSR: VM Strong Roots               59 us, workers (us):  37,  22,   0, ---, ---, ---, 
[2026-04-03T02:18:27.025+0600][68.927s][info][gc,stats    ]   CSR: CLDG Roots                   972 us, workers (us): 972, ---, ---, ---, ---, ---, 
[2026-04-03T02:18:27.025+0600][68.927s][info][gc,stats    ] Concurrent Evacuation              2282 us
[2026-04-03T02:18:27.025+0600][68.927s][info][gc,stats    ] Pause Init Update Refs (G)          371 us
[2026-04-03T02:18:27.025+0600][68.927s][info][gc,stats    ] Pause Init Update Refs (N)           97 us
[2026-04-03T02:18:27.025+0600][68.927s][info][gc,stats    ]   Manage GCLABs                      24 us
[2026-04-03T02:18:27.025+0600][68.927s][info][gc,stats    ] Concurrent Update Refs            45790 us
[2026-04-03T02:18:27.025+0600][68.927s][info][gc,stats    ] Concurrent Update Thread Roots     1507 us
[2026-04-03T02:18:27.025+0600][68.927s][info][gc,stats    ] Pause Final Update Refs (G)         658 us
[2026-04-03T02:18:27.025+0600][68.927s][info][gc,stats    ] Pause Final Update Refs (N)         219 us
[2026-04-03T02:18:27.025+0600][68.927s][info][gc,stats    ]   Update Region States               50 us
[2026-04-03T02:18:27.025+0600][68.927s][info][gc,stats    ]   Trash Collection Set               17 us
[2026-04-03T02:18:27.025+0600][68.927s][info][gc,stats    ]   Rebuild Free Set                   44 us
[2026-04-03T02:18:27.025+0600][68.927s][info][gc,stats    ] Concurrent Cleanup                  710 us
[2026-04-03T02:18:27.025+0600][68.927s][info][gc,stats    ] Pacing                           179255 us
[2026-04-03T02:18:27.025+0600][68.927s][info][gc,stats    ] 
[2026-04-03T02:18:27.025+0600][68.927s][info][gc,stats    ] Allocation pacing accrued:
[2026-04-03T02:18:27.025+0600][68.927s][info][gc,stats    ]      23 of   583 ms (  3.9%): Executor task launch worker for task 6.0 in stage 2609.0 (TID 4911)
[2026-04-03T02:18:27.026+0600][68.927s][info][gc,stats    ]      23 of   583 ms (  3.9%): Executor task launch worker for task 2.0 in stage 2609.0 (TID 4907)
[2026-04-03T02:18:27.026+0600][68.927s][info][gc,stats    ]      22 of   583 ms (  3.8%): Executor task launch worker for task 3.0 in stage 2609.0 (TID 4908)
[2026-04-03T02:18:27.026+0600][68.927s][info][gc,stats    ]      22 of   583 ms (  3.8%): Executor task launch worker for task 1.0 in stage 2609.0 (TID 4906)
[2026-04-03T02:18:27.026+0600][68.927s][info][gc,stats    ]      22 of   583 ms (  3.9%): Executor task launch worker for task 4.0 in stage 2609.0 (TID 4909)
[2026-04-03T02:18:27.026+0600][68.927s][info][gc,stats    ]      22 of   583 ms (  3.8%): Executor task launch worker for task 7.0 in stage 2609.0 (TID 4912)
[2026-04-03T02:18:27.026+0600][68.927s][info][gc,stats    ]      22 of   583 ms (  3.8%): Executor task launch worker for task 0.0 in stage 2609.0 (TID 4905)
[2026-04-03T02:18:27.026+0600][68.927s][info][gc,stats    ]      22 of   583 ms (  3.9%): Executor task launch worker for task 5.0 in stage 2609.0 (TID 4910)
[2026-04-03T02:18:27.026+0600][68.927s][info][gc,stats    ]     179 of   583 ms ( 30.8%): <total>
[2026-04-03T02:18:27.026+0600][68.927s][info][gc,stats    ]       1 of   583 ms (  0.1%): <average total>
[2026-04-03T02:18:27.026+0600][68.927s][info][gc,stats    ]      22 of   583 ms (  3.8%): <average non-zero>
[2026-04-03T02:18:27.026+0600][68.927s][info][gc,stats    ] 
[2026-04-03T02:18:27.026+0600][68.927s][info][gc,metaspace] Metaspace: 131508K(132864K)->131508K(132864K) NonClass: 114989K(115648K)->114989K(115648K) Class: 16519K(17216K)->16519K(17216K)
[2026-04-03T02:18:27.026+0600][68.927s][info][gc,ergo     ] Pacer for Idle. Initial: 15360K, Alloc Tax Rate: 1.0x
[2026-04-03T02:18:27.263+0600][69.164s][info][gc          ] Trigger: Average GC time (155.82 ms) is above the time for average allocation rate (1135 MB/s) to deplete free headroom (175M) (margin of error = 1.85)
[2026-04-03T02:18:27.263+0600][69.164s][info][gc,ergo     ] Free headroom: 213M (free) - 38400K (spike) - 0B (penalties) = 175M
[2026-04-03T02:18:27.263+0600][69.165s][info][gc,ergo     ] Free: 213M, Max: 256K regular, 102M humongous, Frag: 52% external, 0% internal; Reserve: 38400K, Max: 256K
[2026-04-03T02:18:27.263+0600][69.165s][info][gc,start    ] GC(113) Concurrent reset
[2026-04-03T02:18:27.263+0600][69.165s][info][gc,task     ] GC(113) Using 3 of 6 workers for concurrent reset
[2026-04-03T02:18:27.264+0600][69.165s][info][gc,ergo     ] GC(113) Pacer for Reset. Non-Taxable: 750M
[2026-04-03T02:18:27.265+0600][69.166s][info][gc          ] GC(113) Concurrent reset 1.517ms
[2026-04-03T02:18:27.266+0600][69.167s][info][gc,start    ] GC(113) Pause Init Mark (unload classes)
[2026-04-03T02:18:27.266+0600][69.167s][info][gc,task     ] GC(113) Using 6 of 6 workers for init marking
[2026-04-03T02:18:27.266+0600][69.167s][info][gc,ergo     ] GC(113) Pacer for Mark. Expected Live: 97083K, Free: 211M, Non-Taxable: 21685K, Alloc Tax Rate: 0.5x
[2026-04-03T02:18:27.266+0600][69.167s][info][gc          ] GC(113) Pause Init Mark (unload classes) 0.166ms
[2026-04-03T02:18:27.266+0600][69.167s][info][gc,start    ] GC(113) Concurrent marking roots
[2026-04-03T02:18:27.266+0600][69.167s][info][gc,task     ] GC(113) Using 3 of 6 workers for concurrent marking roots
[2026-04-03T02:18:27.268+0600][69.169s][info][gc          ] GC(113) Concurrent marking roots 1.941ms
[2026-04-03T02:18:27.268+0600][69.169s][info][gc,start    ] GC(113) Concurrent marking (unload classes)
[2026-04-03T02:18:27.268+0600][69.169s][info][gc,task     ] GC(113) Using 3 of 6 workers for concurrent marking
[2026-04-03T02:18:27.336+0600][69.237s][info][gc          ] GC(113) Concurrent marking (unload classes) 68.380ms
[2026-04-03T02:18:27.336+0600][69.238s][info][gc,start    ] GC(113) Pause Final Mark (unload classes)
[2026-04-03T02:18:27.336+0600][69.238s][info][gc,task     ] GC(113) Using 6 of 6 workers for final marking
[2026-04-03T02:18:27.337+0600][69.238s][info][gc,ergo     ] GC(113) Adaptive CSet Selection. Target Free: 106M, Actual Free: 518M, Max CSet: 32000K, Min Garbage: 0B
[2026-04-03T02:18:27.337+0600][69.238s][info][gc,ergo     ] GC(113) Collectable Garbage: 374M (97%), Immediate: 304M (79%), CSet: 72150K (18%)
[2026-04-03T02:18:27.337+0600][69.238s][info][gc,ergo     ] GC(113) Pacer for Evacuation. Used CSet: 76439K, Free: 504M, Non-Taxable: 51675K, Alloc Tax Rate: 1.1x
[2026-04-03T02:18:27.337+0600][69.238s][info][gc          ] GC(113) Pause Final Mark (unload classes) 0.691ms
[2026-04-03T02:18:27.337+0600][69.238s][info][gc,start    ] GC(113) Concurrent thread roots
[2026-04-03T02:18:27.337+0600][69.238s][info][gc,task     ] GC(113) Using 3 of 6 workers for Concurrent thread roots
[2026-04-03T02:18:27.339+0600][69.240s][info][gc          ] GC(113) Concurrent thread roots 1.442ms
[2026-04-03T02:18:27.339+0600][69.240s][info][gc,start    ] GC(113) Concurrent weak references
[2026-04-03T02:18:27.339+0600][69.240s][info][gc,task     ] GC(113) Using 3 of 6 workers for concurrent weak references
[2026-04-03T02:18:27.339+0600][69.240s][info][gc,ref      ] GC(113) Encountered references: Soft: 3792, Weak: 15471, Final: 84, Phantom: 621
[2026-04-03T02:18:27.339+0600][69.240s][info][gc,ref      ] GC(113) Discovered  references: Soft: 0, Weak: 5050, Final: 0, Phantom: 220
[2026-04-03T02:18:27.339+0600][69.240s][info][gc,ref      ] GC(113) Enqueued    references: Soft: 0, Weak: 29, Final: 0, Phantom: 0
[2026-04-03T02:18:27.339+0600][69.240s][info][gc          ] GC(113) Concurrent weak references 0.411ms
[2026-04-03T02:18:27.339+0600][69.240s][info][gc,start    ] GC(113) Concurrent weak roots
[2026-04-03T02:18:27.339+0600][69.240s][info][gc,task     ] GC(113) Using 3 of 6 workers for concurrent weak root
[2026-04-03T02:18:27.345+0600][69.246s][info][gc          ] GC(113) Concurrent weak roots 5.328ms
[2026-04-03T02:18:27.345+0600][69.246s][info][gc,start    ] GC(113) Concurrent cleanup
[2026-04-03T02:18:27.345+0600][69.246s][info][gc          ] GC(113) Concurrent cleanup 511M->207M(676M) 0.639ms
[2026-04-03T02:18:27.345+0600][69.246s][info][gc,ergo     ] GC(113) Free: 501M, Max: 256K regular, 66560K humongous, Frag: 88% external, 0% internal; Reserve: 38224K, Max: 256K
[2026-04-03T02:18:27.345+0600][69.246s][info][gc,start    ] GC(113) Concurrent class unloading
[2026-04-03T02:18:27.345+0600][69.246s][info][gc,task     ] GC(113) Using 3 of 6 workers for concurrent class unloading
[2026-04-03T02:18:27.368+0600][69.269s][info][gc          ] GC(113) Concurrent class unloading 22.703ms
[2026-04-03T02:18:27.368+0600][69.269s][info][gc,start    ] GC(113) Concurrent strong roots
[2026-04-03T02:18:27.368+0600][69.269s][info][gc,task     ] GC(113) Using 3 of 6 workers for concurrent strong root
[2026-04-03T02:18:27.370+0600][69.271s][info][gc          ] GC(113) Concurrent strong roots 1.415ms
[2026-04-03T02:18:27.370+0600][69.271s][info][gc,start    ] GC(113) Concurrent evacuation
[2026-04-03T02:18:27.370+0600][69.271s][info][gc,task     ] GC(113) Using 3 of 6 workers for concurrent evacuation
[2026-04-03T02:18:27.372+0600][69.273s][info][gc          ] GC(113) Concurrent evacuation 2.463ms
[2026-04-03T02:18:27.372+0600][69.274s][info][gc,start    ] GC(113) Pause Init Update Refs
[2026-04-03T02:18:27.373+0600][69.274s][info][gc,ergo     ] GC(113) Pacer for Update Refs. Used: 231M, Free: 479M, Non-Taxable: 49079K, Alloc Tax Rate: 1.1x
[2026-04-03T02:18:27.373+0600][69.274s][info][gc          ] GC(113) Pause Init Update Refs 0.117ms
[2026-04-03T02:18:27.373+0600][69.274s][info][gc,start    ] GC(113) Concurrent update references
[2026-04-03T02:18:27.373+0600][69.274s][info][gc,task     ] GC(113) Using 3 of 6 workers for concurrent reference update
[2026-04-03T02:18:27.421+0600][69.322s][info][gc          ] GC(113) Concurrent update references 47.787ms
[2026-04-03T02:18:27.421+0600][69.322s][info][gc,start    ] GC(113) Concurrent update thread roots
[2026-04-03T02:18:27.422+0600][69.324s][info][gc          ] GC(113) Concurrent update thread roots 1.809ms
[2026-04-03T02:18:27.423+0600][69.324s][info][gc,start    ] GC(113) Pause Final Update Refs
[2026-04-03T02:18:27.423+0600][69.324s][info][gc,task     ] GC(113) Using 6 of 6 workers for final reference update
[2026-04-03T02:18:27.423+0600][69.324s][info][gc          ] GC(113) Pause Final Update Refs 0.235ms
[2026-04-03T02:18:27.423+0600][69.324s][info][gc,start    ] GC(113) Concurrent cleanup
[2026-04-03T02:18:27.423+0600][69.324s][info][gc          ] GC(113) Concurrent cleanup 274M->199M(676M) 0.280ms
[2026-04-03T02:18:27.423+0600][69.324s][info][gc,ergo     ] Free: 504M, Max: 256K regular, 181M humongous, Frag: 64% external, 1% internal; Reserve: 38400K, Max: 256K
[2026-04-03T02:18:27.423+0600][69.324s][info][gc,stats    ] 
[2026-04-03T02:18:27.423+0600][69.325s][info][gc,stats    ] All times are wall-clock times, except per-root-class counters, that are sum over
[2026-04-03T02:18:27.423+0600][69.325s][info][gc,stats    ] all workers. Dividing the <total> over the root stage time estimates parallelism.
[2026-04-03T02:18:27.423+0600][69.325s][info][gc,stats    ] 
[2026-04-03T02:18:27.423+0600][69.325s][info][gc,stats    ] Concurrent Reset                   1582 us
[2026-04-03T02:18:27.423+0600][69.325s][info][gc,stats    ] Pause Init Mark (G)                 750 us
[2026-04-03T02:18:27.423+0600][69.325s][info][gc,stats    ] Pause Init Mark (N)                 180 us
[2026-04-03T02:18:27.423+0600][69.325s][info][gc,stats    ]   Update Region States               42 us
[2026-04-03T02:18:27.423+0600][69.325s][info][gc,stats    ] Concurrent Mark Roots              2002 us, parallelism: 1.86x
[2026-04-03T02:18:27.423+0600][69.325s][info][gc,stats    ]   CMR: <total>                     3716 us
[2026-04-03T02:18:27.424+0600][69.325s][info][gc,stats    ]   CMR: Thread Roots                3259 us, workers (us): 1324, 949, 987, ---, ---, ---, 
[2026-04-03T02:18:27.424+0600][69.325s][info][gc,stats    ]   CMR: VM Strong Roots               67 us, workers (us):  57,   9,   1, ---, ---, ---, 
[2026-04-03T02:18:27.424+0600][69.325s][info][gc,stats    ]   CMR: CLDG Roots                   390 us, workers (us): ---, 390, ---, ---, ---, ---, 
[2026-04-03T02:18:27.424+0600][69.325s][info][gc,stats    ] Concurrent Marking                68452 us
[2026-04-03T02:18:27.424+0600][69.325s][info][gc,stats    ] Pause Final Mark (G)                981 us
[2026-04-03T02:18:27.424+0600][69.325s][info][gc,stats    ] Pause Final Mark (N)                704 us
[2026-04-03T02:18:27.424+0600][69.325s][info][gc,stats    ]   Finish Mark                       241 us
[2026-04-03T02:18:27.424+0600][69.325s][info][gc,stats    ]   Update Region States               38 us
[2026-04-03T02:18:27.424+0600][69.325s][info][gc,stats    ]   Choose Collection Set             259 us
[2026-04-03T02:18:27.424+0600][69.325s][info][gc,stats    ]   Rebuild Free Set                   49 us
[2026-04-03T02:18:27.424+0600][69.325s][info][gc,stats    ] Concurrent Thread Roots            1496 us, parallelism: 1.88x
[2026-04-03T02:18:27.424+0600][69.325s][info][gc,stats    ]   CTR: <total>                     2816 us
[2026-04-03T02:18:27.424+0600][69.325s][info][gc,stats    ]   CTR: Thread Roots                2816 us, workers (us): 913, 1134, 768, ---, ---, ---, 
[2026-04-03T02:18:27.424+0600][69.325s][info][gc,stats    ] Concurrent Weak References          421 us, parallelism: 1.26x
[2026-04-03T02:18:27.424+0600][69.325s][info][gc,stats    ]   CWRF: <total>                     532 us
[2026-04-03T02:18:27.424+0600][69.325s][info][gc,stats    ]   CWRF: Weak References             532 us, workers (us): 191,  68, 274, ---, ---, ---, 
[2026-04-03T02:18:27.424+0600][69.325s][info][gc,stats    ] Concurrent Weak Roots              5430 us
[2026-04-03T02:18:27.424+0600][69.325s][info][gc,stats    ]   Roots                            4883 us, parallelism: 2.75x
[2026-04-03T02:18:27.424+0600][69.325s][info][gc,stats    ]     CWR: <total>                  13436 us
[2026-04-03T02:18:27.424+0600][69.325s][info][gc,stats    ]     CWR: Code Cache Roots         11158 us, workers (us): 3520, 3752, 3886, ---, ---, ---, 
[2026-04-03T02:18:27.424+0600][69.325s][info][gc,stats    ]     CWR: VM Weak Roots             2046 us, workers (us): 694, 696, 655, ---, ---, ---, 
[2026-04-03T02:18:27.424+0600][69.325s][info][gc,stats    ]     CWR: CLDG Roots                 232 us, workers (us): 232, ---, ---, ---, ---, ---, 
[2026-04-03T02:18:27.424+0600][69.325s][info][gc,stats    ]   Rendezvous                        404 us
[2026-04-03T02:18:27.424+0600][69.325s][info][gc,stats    ] Concurrent Cleanup                  678 us
[2026-04-03T02:18:27.424+0600][69.325s][info][gc,stats    ] Concurrent Class Unloading        22823 us
[2026-04-03T02:18:27.424+0600][69.325s][info][gc,stats    ]   Unlink Stale                    21199 us
[2026-04-03T02:18:27.424+0600][69.325s][info][gc,stats    ]     System Dictionary               343 us
[2026-04-03T02:18:27.424+0600][69.325s][info][gc,stats    ]     Weak Class Links                  1 us
[2026-04-03T02:18:27.424+0600][69.325s][info][gc,stats    ]     Code Roots                    20850 us
[2026-04-03T02:18:27.424+0600][69.325s][info][gc,stats    ]   Rendezvous                        492 us
[2026-04-03T02:18:27.424+0600][69.325s][info][gc,stats    ]   Purge Unlinked                    970 us
[2026-04-03T02:18:27.424+0600][69.325s][info][gc,stats    ]     Code Roots                      956 us
[2026-04-03T02:18:27.424+0600][69.325s][info][gc,stats    ]     CLDG                             13 us
[2026-04-03T02:18:27.424+0600][69.325s][info][gc,stats    ]     Exception Caches                  0 us
[2026-04-03T02:18:27.424+0600][69.325s][info][gc,stats    ] Concurrent Strong Roots            1499 us, parallelism: 0.63x
[2026-04-03T02:18:27.424+0600][69.325s][info][gc,stats    ]   CSR: <total>                      937 us
[2026-04-03T02:18:27.424+0600][69.325s][info][gc,stats    ]   CSR: VM Strong Roots               48 us, workers (us):  45,   1,   2, ---, ---, ---, 
[2026-04-03T02:18:27.424+0600][69.325s][info][gc,stats    ]   CSR: CLDG Roots                   889 us, workers (us): 889, ---, ---, ---, ---, ---, 
[2026-04-03T02:18:27.424+0600][69.325s][info][gc,stats    ] Concurrent Evacuation              2556 us
[2026-04-03T02:18:27.424+0600][69.325s][info][gc,stats    ] Pause Init Update Refs (G)          458 us
[2026-04-03T02:18:27.424+0600][69.325s][info][gc,stats    ] Pause Init Update Refs (N)          135 us
[2026-04-03T02:18:27.424+0600][69.325s][info][gc,stats    ]   Manage GCLABs                      45 us
[2026-04-03T02:18:27.424+0600][69.325s][info][gc,stats    ] Concurrent Update Refs            47887 us
[2026-04-03T02:18:27.424+0600][69.325s][info][gc,stats    ] Concurrent Update Thread Roots     1881 us
[2026-04-03T02:18:27.424+0600][69.325s][info][gc,stats    ] Pause Final Update Refs (G)         501 us
[2026-04-03T02:18:27.424+0600][69.325s][info][gc,stats    ] Pause Final Update Refs (N)         258 us
[2026-04-03T02:18:27.424+0600][69.325s][info][gc,stats    ]   Update Region States               72 us
[2026-04-03T02:18:27.424+0600][69.325s][info][gc,stats    ]   Trash Collection Set               20 us
[2026-04-03T02:18:27.424+0600][69.325s][info][gc,stats    ]   Rebuild Free Set                   48 us
[2026-04-03T02:18:27.424+0600][69.325s][info][gc,stats    ] Concurrent Cleanup                  304 us
[2026-04-03T02:18:27.424+0600][69.325s][info][gc,stats    ] Pacing                           170140 us
[2026-04-03T02:18:27.424+0600][69.325s][info][gc,stats    ] 
[2026-04-03T02:18:27.424+0600][69.325s][info][gc,stats    ] Allocation pacing accrued:
[2026-04-03T02:18:27.424+0600][69.325s][info][gc,stats    ]      21 of   399 ms (  5.3%): Executor task launch worker for task 5.0 in stage 2619.0 (TID 4990)
[2026-04-03T02:18:27.424+0600][69.325s][info][gc,stats    ]      21 of   399 ms (  5.3%): Executor task launch worker for task 4.0 in stage 2619.0 (TID 4989)
[2026-04-03T02:18:27.424+0600][69.325s][info][gc,stats    ]      21 of   399 ms (  5.3%): Executor task launch worker for task 7.0 in stage 2619.0 (TID 4992)
[2026-04-03T02:18:27.424+0600][69.325s][info][gc,stats    ]      21 of   399 ms (  5.3%): Executor task launch worker for task 0.0 in stage 2619.0 (TID 4985)
[2026-04-03T02:18:27.424+0600][69.325s][info][gc,stats    ]      21 of   399 ms (  5.4%): Executor task launch worker for task 1.0 in stage 2619.0 (TID 4986)
[2026-04-03T02:18:27.424+0600][69.325s][info][gc,stats    ]      21 of   399 ms (  5.3%): Executor task launch worker for task 3.0 in stage 2619.0 (TID 4988)
[2026-04-03T02:18:27.424+0600][69.325s][info][gc,stats    ]      21 of   399 ms (  5.4%): Executor task launch worker for task 2.0 in stage 2619.0 (TID 4987)
[2026-04-03T02:18:27.424+0600][69.325s][info][gc,stats    ]      21 of   399 ms (  5.3%): Executor task launch worker for task 6.0 in stage 2619.0 (TID 4991)
[2026-04-03T02:18:27.424+0600][69.325s][info][gc,stats    ]     170 of   399 ms ( 42.7%): <total>
[2026-04-03T02:18:27.424+0600][69.325s][info][gc,stats    ]       1 of   399 ms (  0.1%): <average total>
[2026-04-03T02:18:27.424+0600][69.325s][info][gc,stats    ]      21 of   399 ms (  5.3%): <average non-zero>
[2026-04-03T02:18:27.424+0600][69.325s][info][gc,stats    ] 
[2026-04-03T02:18:27.424+0600][69.325s][info][gc,metaspace] Metaspace: 131508K(132864K)->131508K(132864K) NonClass: 114989K(115648K)->114989K(115648K) Class: 16519K(17216K)->16519K(17216K)
[2026-04-03T02:18:27.424+0600][69.325s][info][gc,ergo     ] Pacer for Idle. Initial: 15360K, Alloc Tax Rate: 1.0x
[2026-04-03T02:18:27.666+0600][69.567s][info][gc          ] Trigger: Average GC time (175.41 ms) is above the time for average allocation rate (1115 MB/s) to deplete free headroom (195M) (margin of error = 1.85)
[2026-04-03T02:18:27.666+0600][69.567s][info][gc,ergo     ] Free headroom: 232M (free) - 38400K (spike) - 0B (penalties) = 195M
[2026-04-03T02:18:27.666+0600][69.567s][info][gc,ergo     ] Free: 232M, Max: 256K regular, 147M humongous, Frag: 37% external, 0% internal; Reserve: 38400K, Max: 256K
[2026-04-03T02:18:27.666+0600][69.567s][info][gc,start    ] GC(114) Concurrent reset
[2026-04-03T02:18:27.666+0600][69.567s][info][gc,task     ] GC(114) Using 3 of 6 workers for concurrent reset
[2026-04-03T02:18:27.666+0600][69.567s][info][gc,ergo     ] GC(114) Pacer for Reset. Non-Taxable: 750M
[2026-04-03T02:18:27.667+0600][69.569s][info][gc          ] GC(114) Concurrent reset 1.141ms
[2026-04-03T02:18:27.668+0600][69.569s][info][gc,start    ] GC(114) Pause Init Mark (unload classes)
[2026-04-03T02:18:27.668+0600][69.569s][info][gc,task     ] GC(114) Using 6 of 6 workers for init marking
[2026-04-03T02:18:27.668+0600][69.569s][info][gc,ergo     ] GC(114) Pacer for Mark. Expected Live: 97535K, Free: 232M, Non-Taxable: 23770K, Alloc Tax Rate: 0.5x
[2026-04-03T02:18:27.668+0600][69.569s][info][gc          ] GC(114) Pause Init Mark (unload classes) 0.192ms
[2026-04-03T02:18:27.668+0600][69.569s][info][gc,start    ] GC(114) Concurrent marking roots
[2026-04-03T02:18:27.668+0600][69.569s][info][gc,task     ] GC(114) Using 3 of 6 workers for concurrent marking roots
[2026-04-03T02:18:27.670+0600][69.571s][info][gc          ] GC(114) Concurrent marking roots 1.711ms
[2026-04-03T02:18:27.670+0600][69.571s][info][gc,start    ] GC(114) Concurrent marking (unload classes)
[2026-04-03T02:18:27.670+0600][69.571s][info][gc,task     ] GC(114) Using 3 of 6 workers for concurrent marking
[2026-04-03T02:18:27.725+0600][69.626s][info][gc          ] GC(114) Concurrent marking (unload classes) 55.236ms
[2026-04-03T02:18:27.725+0600][69.626s][info][gc,start    ] GC(114) Pause Final Mark (unload classes)
[2026-04-03T02:18:27.725+0600][69.626s][info][gc,task     ] GC(114) Using 6 of 6 workers for final marking
[2026-04-03T02:18:27.725+0600][69.627s][info][gc,ergo     ] GC(114) Adaptive CSet Selection. Target Free: 106M, Actual Free: 523M, Max CSet: 32000K, Min Garbage: 0B
[2026-04-03T02:18:27.726+0600][69.627s][info][gc,ergo     ] GC(114) Collectable Garbage: 356M (97%), Immediate: 290M (79%), CSet: 67150K (17%)
[2026-04-03T02:18:27.726+0600][69.627s][info][gc,ergo     ] GC(114) Pacer for Evacuation. Used CSet: 70700K, Free: 507M, Non-Taxable: 52004K, Alloc Tax Rate: 1.1x
[2026-04-03T02:18:27.726+0600][69.627s][info][gc          ] GC(114) Pause Final Mark (unload classes) 0.692ms
[2026-04-03T02:18:27.726+0600][69.627s][info][gc,start    ] GC(114) Concurrent thread roots
[2026-04-03T02:18:27.726+0600][69.627s][info][gc,task     ] GC(114) Using 3 of 6 workers for Concurrent thread roots
[2026-04-03T02:18:27.727+0600][69.628s][info][gc          ] GC(114) Concurrent thread roots 0.773ms
[2026-04-03T02:18:27.727+0600][69.628s][info][gc,start    ] GC(114) Concurrent weak references
[2026-04-03T02:18:27.727+0600][69.628s][info][gc,task     ] GC(114) Using 3 of 6 workers for concurrent weak references
[2026-04-03T02:18:27.727+0600][69.628s][info][gc,ref      ] GC(114) Encountered references: Soft: 3792, Weak: 16110, Final: 84, Phantom: 621
[2026-04-03T02:18:27.727+0600][69.628s][info][gc,ref      ] GC(114) Discovered  references: Soft: 0, Weak: 10071, Final: 84, Phantom: 617
[2026-04-03T02:18:27.727+0600][69.628s][info][gc,ref      ] GC(114) Enqueued    references: Soft: 0, Weak: 1435, Final: 0, Phantom: 0
[2026-04-03T02:18:27.727+0600][69.629s][info][gc          ] GC(114) Concurrent weak references 0.817ms
[2026-04-03T02:18:27.727+0600][69.629s][info][gc,start    ] GC(114) Concurrent weak roots
[2026-04-03T02:18:27.727+0600][69.629s][info][gc,task     ] GC(114) Using 3 of 6 workers for concurrent weak root
[2026-04-03T02:18:27.733+0600][69.634s][info][gc          ] GC(114) Concurrent weak roots 5.268ms
[2026-04-03T02:18:27.733+0600][69.634s][info][gc,start    ] GC(114) Concurrent cleanup
[2026-04-03T02:18:27.734+0600][69.635s][info][gc          ] GC(114) Concurrent cleanup 507M->216M(676M) 0.761ms
[2026-04-03T02:18:27.734+0600][69.635s][info][gc,ergo     ] GC(114) Free: 492M, Max: 256K regular, 124M humongous, Frag: 75% external, 0% internal; Reserve: 37312K, Max: 256K
[2026-04-03T02:18:27.734+0600][69.635s][info][gc,start    ] GC(114) Concurrent class unloading
[2026-04-03T02:18:27.734+0600][69.635s][info][gc,task     ] GC(114) Using 3 of 6 workers for concurrent class unloading
[2026-04-03T02:18:27.748+0600][69.649s][info][gc          ] GC(114) Concurrent class unloading 14.402ms
[2026-04-03T02:18:27.748+0600][69.649s][info][gc,start    ] GC(114) Concurrent strong roots
[2026-04-03T02:18:27.748+0600][69.649s][info][gc,task     ] GC(114) Using 3 of 6 workers for concurrent strong root
[2026-04-03T02:18:27.749+0600][69.651s][info][gc          ] GC(114) Concurrent strong roots 1.258ms
[2026-04-03T02:18:27.749+0600][69.651s][info][gc,start    ] GC(114) Concurrent evacuation
[2026-04-03T02:18:27.749+0600][69.651s][info][gc,task     ] GC(114) Using 3 of 6 workers for concurrent evacuation
[2026-04-03T02:18:27.751+0600][69.652s][info][gc          ] GC(114) Concurrent evacuation 1.562ms
[2026-04-03T02:18:27.751+0600][69.652s][info][gc,start    ] GC(114) Pause Init Update Refs
[2026-04-03T02:18:27.751+0600][69.652s][info][gc,ergo     ] GC(114) Pacer for Update Refs. Used: 223M, Free: 487M, Non-Taxable: 49958K, Alloc Tax Rate: 1.1x
[2026-04-03T02:18:27.751+0600][69.652s][info][gc          ] GC(114) Pause Init Update Refs 0.134ms
[2026-04-03T02:18:27.752+0600][69.653s][info][gc,start    ] GC(114) Concurrent update references
[2026-04-03T02:18:27.752+0600][69.653s][info][gc,task     ] GC(114) Using 3 of 6 workers for concurrent reference update
[2026-04-03T02:18:27.793+0600][69.694s][info][gc          ] GC(114) Concurrent update references 41.870ms
[2026-04-03T02:18:27.793+0600][69.695s][info][gc,start    ] GC(114) Concurrent update thread roots
[2026-04-03T02:18:27.795+0600][69.696s][info][gc          ] GC(114) Concurrent update thread roots 1.158ms
[2026-04-03T02:18:27.795+0600][69.696s][info][gc,start    ] GC(114) Pause Final Update Refs
[2026-04-03T02:18:27.795+0600][69.696s][info][gc,task     ] GC(114) Using 6 of 6 workers for final reference update
[2026-04-03T02:18:27.795+0600][69.696s][info][gc          ] GC(114) Pause Final Update Refs 0.193ms
[2026-04-03T02:18:27.795+0600][69.696s][info][gc,start    ] GC(114) Concurrent cleanup
[2026-04-03T02:18:27.795+0600][69.696s][info][gc          ] GC(114) Concurrent cleanup 236M->168M(676M) 0.265ms
[2026-04-03T02:18:27.795+0600][69.697s][info][gc,ergo     ] Free: 539M, Max: 256K regular, 153M humongous, Frag: 72% external, 1% internal; Reserve: 38400K, Max: 256K
[2026-04-03T02:18:27.795+0600][69.697s][info][gc,stats    ] 
[2026-04-03T02:18:27.795+0600][69.697s][info][gc,stats    ] All times are wall-clock times, except per-root-class counters, that are sum over
[2026-04-03T02:18:27.796+0600][69.697s][info][gc,stats    ] all workers. Dividing the <total> over the root stage time estimates parallelism.
[2026-04-03T02:18:27.796+0600][69.697s][info][gc,stats    ] 
[2026-04-03T02:18:27.796+0600][69.697s][info][gc,stats    ] Concurrent Reset                   1174 us
[2026-04-03T02:18:27.796+0600][69.697s][info][gc,stats    ] Pause Init Mark (G)                 427 us
[2026-04-03T02:18:27.796+0600][69.697s][info][gc,stats    ] Pause Init Mark (N)                 202 us
[2026-04-03T02:18:27.796+0600][69.697s][info][gc,stats    ]   Update Region States               49 us
[2026-04-03T02:18:27.796+0600][69.697s][info][gc,stats    ] Concurrent Mark Roots              1745 us, parallelism: 2.10x
[2026-04-03T02:18:27.796+0600][69.697s][info][gc,stats    ]   CMR: <total>                     3660 us
[2026-04-03T02:18:27.796+0600][69.697s][info][gc,stats    ]   CMR: Thread Roots                3126 us, workers (us): 1203, 1201, 722, ---, ---, ---, 
[2026-04-03T02:18:27.796+0600][69.697s][info][gc,stats    ]   CMR: VM Strong Roots               65 us, workers (us):  28,  20,  18, ---, ---, ---, 
[2026-04-03T02:18:27.796+0600][69.697s][info][gc,stats    ]   CMR: CLDG Roots                   469 us, workers (us): ---, ---, 469, ---, ---, ---, 
[2026-04-03T02:18:27.796+0600][69.697s][info][gc,stats    ] Concurrent Marking                55301 us
[2026-04-03T02:18:27.796+0600][69.697s][info][gc,stats    ] Pause Final Mark (G)                872 us
[2026-04-03T02:18:27.796+0600][69.697s][info][gc,stats    ] Pause Final Mark (N)                702 us
[2026-04-03T02:18:27.796+0600][69.697s][info][gc,stats    ]   Finish Mark                       248 us
[2026-04-03T02:18:27.796+0600][69.697s][info][gc,stats    ]   Update Region States               37 us
[2026-04-03T02:18:27.796+0600][69.697s][info][gc,stats    ]   Choose Collection Set             211 us
[2026-04-03T02:18:27.796+0600][69.697s][info][gc,stats    ]   Rebuild Free Set                   37 us
[2026-04-03T02:18:27.796+0600][69.697s][info][gc,stats    ] Concurrent Thread Roots             794 us, parallelism: 2.51x
[2026-04-03T02:18:27.796+0600][69.697s][info][gc,stats    ]   CTR: <total>                     1995 us
[2026-04-03T02:18:27.796+0600][69.697s][info][gc,stats    ]   CTR: Thread Roots                1995 us, workers (us): 668, 671, 655, ---, ---, ---, 
[2026-04-03T02:18:27.796+0600][69.697s][info][gc,stats    ] Concurrent Weak References          827 us, parallelism: 1.40x
[2026-04-03T02:18:27.796+0600][69.697s][info][gc,stats    ]   CWRF: <total>                    1154 us
[2026-04-03T02:18:27.796+0600][69.697s][info][gc,stats    ]   CWRF: Weak References            1154 us, workers (us): 253, 167, 734, ---, ---, ---, 
[2026-04-03T02:18:27.796+0600][69.697s][info][gc,stats    ] Concurrent Weak Roots              5378 us
[2026-04-03T02:18:27.796+0600][69.697s][info][gc,stats    ]   Roots                            4802 us, parallelism: 2.67x
[2026-04-03T02:18:27.796+0600][69.697s][info][gc,stats    ]     CWR: <total>                  12843 us
[2026-04-03T02:18:27.796+0600][69.697s][info][gc,stats    ]     CWR: Code Cache Roots         10411 us, workers (us): 3621, 3467, 3323, ---, ---, ---, 
[2026-04-03T02:18:27.796+0600][69.697s][info][gc,stats    ]     CWR: VM Weak Roots             2205 us, workers (us): 848, 837, 519, ---, ---, ---, 
[2026-04-03T02:18:27.796+0600][69.697s][info][gc,stats    ]     CWR: CLDG Roots                 228 us, workers (us): ---, ---, 228, ---, ---, ---, 
[2026-04-03T02:18:27.796+0600][69.697s][info][gc,stats    ]   Rendezvous                        441 us
[2026-04-03T02:18:27.796+0600][69.697s][info][gc,stats    ] Concurrent Cleanup                  784 us
[2026-04-03T02:18:27.796+0600][69.697s][info][gc,stats    ] Concurrent Class Unloading        14510 us
[2026-04-03T02:18:27.796+0600][69.697s][info][gc,stats    ]   Unlink Stale                    12963 us
[2026-04-03T02:18:27.796+0600][69.697s][info][gc,stats    ]     System Dictionary               401 us
[2026-04-03T02:18:27.796+0600][69.697s][info][gc,stats    ]     Weak Class Links                  1 us
[2026-04-03T02:18:27.796+0600][69.697s][info][gc,stats    ]     Code Roots                    12557 us
[2026-04-03T02:18:27.796+0600][69.697s][info][gc,stats    ]   Rendezvous                        519 us
[2026-04-03T02:18:27.796+0600][69.697s][info][gc,stats    ]   Purge Unlinked                    869 us
[2026-04-03T02:18:27.796+0600][69.697s][info][gc,stats    ]     Code Roots                      853 us
[2026-04-03T02:18:27.796+0600][69.697s][info][gc,stats    ]     CLDG                             15 us
[2026-04-03T02:18:27.796+0600][69.697s][info][gc,stats    ]     Exception Caches                  0 us
[2026-04-03T02:18:27.796+0600][69.697s][info][gc,stats    ] Concurrent Strong Roots            1306 us, parallelism: 0.63x
[2026-04-03T02:18:27.796+0600][69.697s][info][gc,stats    ]   CSR: <total>                      820 us
[2026-04-03T02:18:27.796+0600][69.697s][info][gc,stats    ]   CSR: VM Strong Roots               57 us, workers (us):  46,  11,   1, ---, ---, ---, 
[2026-04-03T02:18:27.796+0600][69.697s][info][gc,stats    ]   CSR: CLDG Roots                   762 us, workers (us): ---, 762, ---, ---, ---, ---, 
[2026-04-03T02:18:27.796+0600][69.697s][info][gc,stats    ] Concurrent Evacuation              1623 us
[2026-04-03T02:18:27.796+0600][69.697s][info][gc,stats    ] Pause Init Update Refs (G)          396 us
[2026-04-03T02:18:27.796+0600][69.697s][info][gc,stats    ] Pause Init Update Refs (N)          151 us
[2026-04-03T02:18:27.796+0600][69.697s][info][gc,stats    ]   Manage GCLABs                      41 us
[2026-04-03T02:18:27.796+0600][69.697s][info][gc,stats    ] Concurrent Update Refs            41956 us
[2026-04-03T02:18:27.796+0600][69.697s][info][gc,stats    ] Concurrent Update Thread Roots     1248 us
[2026-04-03T02:18:27.796+0600][69.697s][info][gc,stats    ] Pause Final Update Refs (G)         358 us
[2026-04-03T02:18:27.796+0600][69.697s][info][gc,stats    ] Pause Final Update Refs (N)         211 us
[2026-04-03T02:18:27.796+0600][69.697s][info][gc,stats    ]   Update Region States               50 us
[2026-04-03T02:18:27.796+0600][69.697s][info][gc,stats    ]   Trash Collection Set               14 us
[2026-04-03T02:18:27.796+0600][69.697s][info][gc,stats    ]   Rebuild Free Set                   40 us
[2026-04-03T02:18:27.796+0600][69.697s][info][gc,stats    ] Concurrent Cleanup                  292 us
[2026-04-03T02:18:27.796+0600][69.697s][info][gc,stats    ] Pacing                           152703 us
[2026-04-03T02:18:27.796+0600][69.697s][info][gc,stats    ] 
[2026-04-03T02:18:27.796+0600][69.697s][info][gc,stats    ] Allocation pacing accrued:
[2026-04-03T02:18:27.796+0600][69.697s][info][gc,stats    ]      22 of   372 ms (  5.8%): Executor task launch worker for task 6.0 in stage 2649.0 (TID 5047)
[2026-04-03T02:18:27.796+0600][69.697s][info][gc,stats    ]      22 of   372 ms (  5.9%): Executor task launch worker for task 3.0 in stage 2649.0 (TID 5044)
[2026-04-03T02:18:27.796+0600][69.697s][info][gc,stats    ]      21 of   372 ms (  5.7%): Executor task launch worker for task 5.0 in stage 2649.0 (TID 5046)
[2026-04-03T02:18:27.796+0600][69.697s][info][gc,stats    ]      21 of   372 ms (  5.7%): Executor task launch worker for task 0.0 in stage 2674.0 (TID 5049)
[2026-04-03T02:18:27.796+0600][69.697s][info][gc,stats    ]      22 of   372 ms (  5.9%): Executor task launch worker for task 2.0 in stage 2649.0 (TID 5043)
[2026-04-03T02:18:27.796+0600][69.697s][info][gc,stats    ]      22 of   372 ms (  6.0%): Executor task launch worker for task 1.0 in stage 2649.0 (TID 5042)
[2026-04-03T02:18:27.796+0600][69.697s][info][gc,stats    ]      22 of   372 ms (  6.0%): Executor task launch worker for task 0.0 in stage 2649.0 (TID 5041)
[2026-04-03T02:18:27.796+0600][69.697s][info][gc,stats    ]     153 of   372 ms ( 41.0%): <total>
[2026-04-03T02:18:27.796+0600][69.697s][info][gc,stats    ]       1 of   372 ms (  0.1%): <average total>
[2026-04-03T02:18:27.796+0600][69.697s][info][gc,stats    ]      22 of   372 ms (  5.9%): <average non-zero>
[2026-04-03T02:18:27.796+0600][69.697s][info][gc,stats    ] 
[2026-04-03T02:18:27.796+0600][69.697s][info][gc,metaspace] Metaspace: 131513K(132864K)->131516K(132864K) NonClass: 114993K(115648K)->114996K(115648K) Class: 16519K(17216K)->16519K(17216K)
[2026-04-03T02:18:27.796+0600][69.697s][info][gc,ergo     ] Pacer for Idle. Initial: 15360K, Alloc Tax Rate: 1.0x
[2026-04-03T02:18:28.063+0600][69.964s][info][gc          ] Trigger: Average GC time (163.84 ms) is above the time for average allocation rate (1100 MB/s) to deplete free headroom (179M) (margin of error = 1.84)
[2026-04-03T02:18:28.063+0600][69.964s][info][gc,ergo     ] Free headroom: 217M (free) - 38400K (spike) - 0B (penalties) = 179M
[2026-04-03T02:18:28.063+0600][69.964s][info][gc,ergo     ] Free: 215M, Max: 256K regular, 124M humongous, Frag: 43% external, 1% internal; Reserve: 38400K, Max: 256K
[2026-04-03T02:18:28.063+0600][69.964s][info][gc,start    ] GC(115) Concurrent reset
[2026-04-03T02:18:28.063+0600][69.964s][info][gc,task     ] GC(115) Using 3 of 6 workers for concurrent reset
[2026-04-03T02:18:28.063+0600][69.964s][info][gc,ergo     ] GC(115) Pacer for Reset. Non-Taxable: 750M
[2026-04-03T02:18:28.064+0600][69.965s][info][gc          ] GC(115) Concurrent reset 1.200ms
[2026-04-03T02:18:28.064+0600][69.966s][info][gc,start    ] GC(115) Pause Init Mark (unload classes)
[2026-04-03T02:18:28.065+0600][69.966s][info][gc,task     ] GC(115) Using 6 of 6 workers for init marking
[2026-04-03T02:18:28.065+0600][69.966s][info][gc,ergo     ] GC(115) Pacer for Mark. Expected Live: 97327K, Free: 212M, Non-Taxable: 21760K, Alloc Tax Rate: 0.5x
[2026-04-03T02:18:28.065+0600][69.966s][info][gc          ] GC(115) Pause Init Mark (unload classes) 0.170ms
[2026-04-03T02:18:28.065+0600][69.966s][info][gc,start    ] GC(115) Concurrent marking roots
[2026-04-03T02:18:28.065+0600][69.966s][info][gc,task     ] GC(115) Using 3 of 6 workers for concurrent marking roots
[2026-04-03T02:18:28.067+0600][69.968s][info][gc          ] GC(115) Concurrent marking roots 1.623ms
[2026-04-03T02:18:28.067+0600][69.968s][info][gc,start    ] GC(115) Concurrent marking (unload classes)
[2026-04-03T02:18:28.067+0600][69.968s][info][gc,task     ] GC(115) Using 3 of 6 workers for concurrent marking
[2026-04-03T02:18:28.118+0600][70.019s][info][gc          ] GC(115) Concurrent marking (unload classes) 51.414ms
[2026-04-03T02:18:28.118+0600][70.019s][info][gc,start    ] GC(115) Pause Final Mark (unload classes)
[2026-04-03T02:18:28.118+0600][70.019s][info][gc,task     ] GC(115) Using 6 of 6 workers for final marking
[2026-04-03T02:18:28.119+0600][70.020s][info][gc,ergo     ] GC(115) Adaptive CSet Selection. Target Free: 106M, Actual Free: 498M, Max CSet: 32000K, Min Garbage: 0B
[2026-04-03T02:18:28.119+0600][70.020s][info][gc,ergo     ] GC(115) Collectable Garbage: 382M (97%), Immediate: 282M (72%), CSet: 100M (25%)
[2026-04-03T02:18:28.119+0600][70.020s][info][gc,ergo     ] GC(115) Pacer for Evacuation. Used CSet: 105M, Free: 476M, Non-Taxable: 48768K, Alloc Tax Rate: 1.1x
[2026-04-03T02:18:28.119+0600][70.020s][info][gc          ] GC(115) Pause Final Mark (unload classes) 0.621ms
[2026-04-03T02:18:28.119+0600][70.020s][info][gc,start    ] GC(115) Concurrent thread roots
[2026-04-03T02:18:28.119+0600][70.020s][info][gc,task     ] GC(115) Using 3 of 6 workers for Concurrent thread roots
[2026-04-03T02:18:28.120+0600][70.021s][info][gc          ] GC(115) Concurrent thread roots 0.860ms
[2026-04-03T02:18:28.120+0600][70.021s][info][gc,start    ] GC(115) Concurrent weak references
[2026-04-03T02:18:28.120+0600][70.021s][info][gc,task     ] GC(115) Using 3 of 6 workers for concurrent weak references
[2026-04-03T02:18:28.120+0600][70.022s][info][gc,ref      ] GC(115) Encountered references: Soft: 3790, Weak: 15267, Final: 84, Phantom: 621
[2026-04-03T02:18:28.120+0600][70.022s][info][gc,ref      ] GC(115) Discovered  references: Soft: 0, Weak: 5057, Final: 0, Phantom: 598
[2026-04-03T02:18:28.120+0600][70.022s][info][gc,ref      ] GC(115) Enqueued    references: Soft: 0, Weak: 316, Final: 0, Phantom: 0
[2026-04-03T02:18:28.120+0600][70.022s][info][gc          ] GC(115) Concurrent weak references 0.543ms
[2026-04-03T02:18:28.120+0600][70.022s][info][gc,start    ] GC(115) Concurrent weak roots
[2026-04-03T02:18:28.121+0600][70.022s][info][gc,task     ] GC(115) Using 3 of 6 workers for concurrent weak root
[2026-04-03T02:18:28.125+0600][70.026s][info][gc          ] GC(115) Concurrent weak roots 4.175ms
[2026-04-03T02:18:28.125+0600][70.026s][info][gc,start    ] GC(115) Concurrent cleanup
[2026-04-03T02:18:28.125+0600][70.026s][info][gc          ] GC(115) Concurrent cleanup 515M->233M(676M) 0.504ms
[2026-04-03T02:18:28.125+0600][70.026s][info][gc,ergo     ] GC(115) Free: 475M, Max: 256K regular, 120M humongous, Frag: 75% external, 0% internal; Reserve: 38149K, Max: 256K
[2026-04-03T02:18:28.125+0600][70.026s][info][gc,start    ] GC(115) Concurrent class unloading
[2026-04-03T02:18:28.125+0600][70.026s][info][gc,task     ] GC(115) Using 3 of 6 workers for concurrent class unloading
[2026-04-03T02:18:28.141+0600][70.042s][info][gc          ] GC(115) Concurrent class unloading 15.805ms
[2026-04-03T02:18:28.141+0600][70.042s][info][gc,start    ] GC(115) Concurrent strong roots
[2026-04-03T02:18:28.141+0600][70.042s][info][gc,task     ] GC(115) Using 3 of 6 workers for concurrent strong root
[2026-04-03T02:18:28.142+0600][70.044s][info][gc          ] GC(115) Concurrent strong roots 1.188ms
[2026-04-03T02:18:28.143+0600][70.044s][info][gc,start    ] GC(115) Concurrent evacuation
[2026-04-03T02:18:28.143+0600][70.044s][info][gc,task     ] GC(115) Using 3 of 6 workers for concurrent evacuation
[2026-04-03T02:18:28.145+0600][70.046s][info][gc          ] GC(115) Concurrent evacuation 2.695ms
[2026-04-03T02:18:28.145+0600][70.047s][info][gc,start    ] GC(115) Pause Init Update Refs
[2026-04-03T02:18:28.146+0600][70.047s][info][gc,ergo     ] GC(115) Pacer for Update Refs. Used: 242M, Free: 469M, Non-Taxable: 48083K, Alloc Tax Rate: 1.1x
[2026-04-03T02:18:28.146+0600][70.047s][info][gc          ] GC(115) Pause Init Update Refs 0.100ms
[2026-04-03T02:18:28.146+0600][70.047s][info][gc,start    ] GC(115) Concurrent update references
[2026-04-03T02:18:28.146+0600][70.047s][info][gc,task     ] GC(115) Using 3 of 6 workers for concurrent reference update
[2026-04-03T02:18:28.183+0600][70.085s][info][gc          ] GC(115) Concurrent update references 37.718ms
[2026-04-03T02:18:28.184+0600][70.085s][info][gc,start    ] GC(115) Concurrent update thread roots
[2026-04-03T02:18:28.185+0600][70.086s][info][gc          ] GC(115) Concurrent update thread roots 1.686ms
[2026-04-03T02:18:28.185+0600][70.087s][info][gc,start    ] GC(115) Pause Final Update Refs
[2026-04-03T02:18:28.185+0600][70.087s][info][gc,task     ] GC(115) Using 6 of 6 workers for final reference update
[2026-04-03T02:18:28.186+0600][70.087s][info][gc          ] GC(115) Pause Final Update Refs 0.192ms
[2026-04-03T02:18:28.186+0600][70.087s][info][gc,start    ] GC(115) Concurrent cleanup
[2026-04-03T02:18:28.186+0600][70.087s][info][gc          ] GC(115) Concurrent cleanup 256M->151M(676M) 0.265ms
[2026-04-03T02:18:28.186+0600][70.087s][info][gc,ergo     ] Free: 555M, Max: 256K regular, 188M humongous, Frag: 67% external, 1% internal; Reserve: 38400K, Max: 256K
[2026-04-03T02:18:28.186+0600][70.087s][info][gc,stats    ] 
[2026-04-03T02:18:28.186+0600][70.087s][info][gc,stats    ] All times are wall-clock times, except per-root-class counters, that are sum over
[2026-04-03T02:18:28.186+0600][70.087s][info][gc,stats    ] all workers. Dividing the <total> over the root stage time estimates parallelism.
[2026-04-03T02:18:28.186+0600][70.087s][info][gc,stats    ] 
[2026-04-03T02:18:28.186+0600][70.087s][info][gc,stats    ] Concurrent Reset                   1341 us
[2026-04-03T02:18:28.186+0600][70.087s][info][gc,stats    ] Pause Init Mark (G)                 712 us
[2026-04-03T02:18:28.186+0600][70.087s][info][gc,stats    ] Pause Init Mark (N)                 182 us
[2026-04-03T02:18:28.186+0600][70.087s][info][gc,stats    ]   Update Region States               40 us
[2026-04-03T02:18:28.186+0600][70.087s][info][gc,stats    ] Concurrent Mark Roots              1716 us, parallelism: 1.78x
[2026-04-03T02:18:28.186+0600][70.087s][info][gc,stats    ]   CMR: <total>                     3059 us
[2026-04-03T02:18:28.186+0600][70.087s][info][gc,stats    ]   CMR: Thread Roots                2513 us, workers (us): 1014, 989, 510, ---, ---, ---, 
[2026-04-03T02:18:28.186+0600][70.087s][info][gc,stats    ]   CMR: VM Strong Roots               74 us, workers (us):  37,  25,  12, ---, ---, ---, 
[2026-04-03T02:18:28.186+0600][70.087s][info][gc,stats    ]   CMR: CLDG Roots                   472 us, workers (us): ---, ---, 472, ---, ---, ---, 
[2026-04-03T02:18:28.186+0600][70.087s][info][gc,stats    ] Concurrent Marking                51477 us
[2026-04-03T02:18:28.186+0600][70.087s][info][gc,stats    ] Pause Final Mark (G)                917 us
[2026-04-03T02:18:28.186+0600][70.087s][info][gc,stats    ] Pause Final Mark (N)                629 us
[2026-04-03T02:18:28.186+0600][70.087s][info][gc,stats    ]   Finish Mark                       199 us
[2026-04-03T02:18:28.186+0600][70.087s][info][gc,stats    ]   Update Region States               38 us
[2026-04-03T02:18:28.186+0600][70.087s][info][gc,stats    ]   Choose Collection Set             231 us
[2026-04-03T02:18:28.186+0600][70.087s][info][gc,stats    ]   Rebuild Free Set                   35 us
[2026-04-03T02:18:28.186+0600][70.087s][info][gc,stats    ] Concurrent Thread Roots             915 us, parallelism: 2.11x
[2026-04-03T02:18:28.186+0600][70.087s][info][gc,stats    ]   CTR: <total>                     1931 us
[2026-04-03T02:18:28.186+0600][70.087s][info][gc,stats    ]   CTR: Thread Roots                1931 us, workers (us): 717, 609, 604, ---, ---, ---, 
[2026-04-03T02:18:28.186+0600][70.087s][info][gc,stats    ] Concurrent Weak References          554 us, parallelism: 1.05x
[2026-04-03T02:18:28.186+0600][70.087s][info][gc,stats    ]   CWRF: <total>                     582 us
[2026-04-03T02:18:28.186+0600][70.087s][info][gc,stats    ]   CWRF: Weak References             582 us, workers (us): 350,  79, 153, ---, ---, ---, 
[2026-04-03T02:18:28.186+0600][70.087s][info][gc,stats    ] Concurrent Weak Roots              4273 us
[2026-04-03T02:18:28.186+0600][70.088s][info][gc,stats    ]   Roots                            3764 us, parallelism: 2.67x
[2026-04-03T02:18:28.186+0600][70.088s][info][gc,stats    ]     CWR: <total>                  10067 us
[2026-04-03T02:18:28.186+0600][70.088s][info][gc,stats    ]     CWR: Code Cache Roots          8247 us, workers (us): 2728, 2687, 2832, ---, ---, ---, 
[2026-04-03T02:18:28.186+0600][70.088s][info][gc,stats    ]     CWR: VM Weak Roots             1713 us, workers (us): 606, 565, 542, ---, ---, ---, 
[2026-04-03T02:18:28.186+0600][70.088s][info][gc,stats    ]     CWR: CLDG Roots                 108 us, workers (us): ---, 108, ---, ---, ---, ---, 
[2026-04-03T02:18:28.186+0600][70.088s][info][gc,stats    ]   Rendezvous                        383 us
[2026-04-03T02:18:28.186+0600][70.088s][info][gc,stats    ] Concurrent Cleanup                  534 us
[2026-04-03T02:18:28.186+0600][70.088s][info][gc,stats    ] Concurrent Class Unloading        15910 us
[2026-04-03T02:18:28.186+0600][70.088s][info][gc,stats    ]   Unlink Stale                    14607 us
[2026-04-03T02:18:28.186+0600][70.088s][info][gc,stats    ]     System Dictionary               302 us
[2026-04-03T02:18:28.186+0600][70.088s][info][gc,stats    ]     Weak Class Links                  0 us
[2026-04-03T02:18:28.186+0600][70.088s][info][gc,stats    ]     Code Roots                    14300 us
[2026-04-03T02:18:28.187+0600][70.088s][info][gc,stats    ]   Rendezvous                        413 us
[2026-04-03T02:18:28.187+0600][70.088s][info][gc,stats    ]   Purge Unlinked                    751 us
[2026-04-03T02:18:28.187+0600][70.088s][info][gc,stats    ]     Code Roots                      738 us
[2026-04-03T02:18:28.187+0600][70.088s][info][gc,stats    ]     CLDG                             12 us
[2026-04-03T02:18:28.187+0600][70.088s][info][gc,stats    ]     Exception Caches                  0 us
[2026-04-03T02:18:28.187+0600][70.088s][info][gc,stats    ] Concurrent Strong Roots            1238 us, parallelism: 0.58x
[2026-04-03T02:18:28.187+0600][70.088s][info][gc,stats    ]   CSR: <total>                      723 us
[2026-04-03T02:18:28.187+0600][70.088s][info][gc,stats    ]   CSR: VM Strong Roots               54 us, workers (us):  36,  17,   1, ---, ---, ---, 
[2026-04-03T02:18:28.187+0600][70.088s][info][gc,stats    ]   CSR: CLDG Roots                   669 us, workers (us): ---, 669, ---, ---, ---, ---, 
[2026-04-03T02:18:28.187+0600][70.088s][info][gc,stats    ] Concurrent Evacuation              2768 us
[2026-04-03T02:18:28.187+0600][70.088s][info][gc,stats    ] Pause Init Update Refs (G)          413 us
[2026-04-03T02:18:28.187+0600][70.088s][info][gc,stats    ] Pause Init Update Refs (N)          115 us
[2026-04-03T02:18:28.187+0600][70.088s][info][gc,stats    ]   Manage GCLABs                      34 us
[2026-04-03T02:18:28.187+0600][70.088s][info][gc,stats    ] Concurrent Update Refs            37810 us
[2026-04-03T02:18:28.187+0600][70.088s][info][gc,stats    ] Concurrent Update Thread Roots     1752 us
[2026-04-03T02:18:28.187+0600][70.088s][info][gc,stats    ] Pause Final Update Refs (G)         471 us
[2026-04-03T02:18:28.187+0600][70.088s][info][gc,stats    ] Pause Final Update Refs (N)         216 us
[2026-04-03T02:18:28.187+0600][70.088s][info][gc,stats    ]   Update Region States               59 us
[2026-04-03T02:18:28.187+0600][70.088s][info][gc,stats    ]   Trash Collection Set               19 us
[2026-04-03T02:18:28.187+0600][70.088s][info][gc,stats    ]   Rebuild Free Set                   40 us
[2026-04-03T02:18:28.187+0600][70.088s][info][gc,stats    ] Concurrent Cleanup                  286 us
[2026-04-03T02:18:28.187+0600][70.088s][info][gc,stats    ] Pacing                            10566 us
[2026-04-03T02:18:28.187+0600][70.088s][info][gc,stats    ] 
[2026-04-03T02:18:28.187+0600][70.088s][info][gc,stats    ] Allocation pacing accrued:
[2026-04-03T02:18:28.187+0600][70.088s][info][gc,stats    ]      11 of   391 ms (  2.7%): dag-scheduler-event-loop
[2026-04-03T02:18:28.187+0600][70.088s][info][gc,stats    ]      11 of   391 ms (  2.7%): <total>
[2026-04-03T02:18:28.187+0600][70.088s][info][gc,stats    ]       0 of   391 ms (  0.0%): <average total>
[2026-04-03T02:18:28.187+0600][70.088s][info][gc,stats    ]      11 of   391 ms (  2.7%): <average non-zero>
[2026-04-03T02:18:28.187+0600][70.088s][info][gc,stats    ] 
[2026-04-03T02:18:28.187+0600][70.088s][info][gc,metaspace] Metaspace: 131523K(132864K)->131527K(132864K) NonClass: 115002K(115648K)->115006K(115648K) Class: 16521K(17216K)->16521K(17216K)
[2026-04-03T02:18:28.187+0600][70.088s][info][gc,ergo     ] Pacer for Idle. Initial: 15360K, Alloc Tax Rate: 1.0x
[2026-04-03T02:18:28.288+0600][70.189s][info][gc          ] Trigger: Average GC time (153.22 ms) is above the time for average allocation rate (2343 MB/s) to deplete free headroom (131M) (margin of error = 1.83)
[2026-04-03T02:18:28.288+0600][70.189s][info][gc,ergo     ] Free headroom: 169M (free) - 38400K (spike) - 0B (penalties) = 131M
[2026-04-03T02:18:28.288+0600][70.189s][info][gc,ergo     ] Free: 169M, Max: 256K regular, 113M humongous, Frag: 33% external, 1% internal; Reserve: 38400K, Max: 256K
[2026-04-03T02:18:28.288+0600][70.189s][info][gc,start    ] GC(116) Concurrent reset
[2026-04-03T02:18:28.288+0600][70.189s][info][gc,task     ] GC(116) Using 3 of 6 workers for concurrent reset
[2026-04-03T02:18:28.288+0600][70.189s][info][gc,ergo     ] GC(116) Pacer for Reset. Non-Taxable: 750M
[2026-04-03T02:18:28.289+0600][70.190s][info][gc          ] GC(116) Concurrent reset 1.103ms
[2026-04-03T02:18:28.290+0600][70.191s][info][gc,start    ] GC(116) Pause Init Mark (unload classes)
[2026-04-03T02:18:28.290+0600][70.191s][info][gc,task     ] GC(116) Using 6 of 6 workers for init marking
[2026-04-03T02:18:28.290+0600][70.191s][info][gc,ergo     ] GC(116) Pacer for Mark. Expected Live: 95445K, Free: 168M, Non-Taxable: 17294K, Alloc Tax Rate: 0.7x
[2026-04-03T02:18:28.290+0600][70.191s][info][gc          ] GC(116) Pause Init Mark (unload classes) 0.163ms
[2026-04-03T02:18:28.290+0600][70.191s][info][gc,start    ] GC(116) Concurrent marking roots
[2026-04-03T02:18:28.290+0600][70.191s][info][gc,task     ] GC(116) Using 3 of 6 workers for concurrent marking roots
[2026-04-03T02:18:28.291+0600][70.192s][info][gc          ] GC(116) Concurrent marking roots 1.452ms
[2026-04-03T02:18:28.291+0600][70.192s][info][gc,start    ] GC(116) Concurrent marking (unload classes)
[2026-04-03T02:18:28.291+0600][70.192s][info][gc,task     ] GC(116) Using 3 of 6 workers for concurrent marking
[2026-04-03T02:18:28.344+0600][70.245s][info][gc          ] GC(116) Concurrent marking (unload classes) 52.710ms
[2026-04-03T02:18:28.344+0600][70.245s][info][gc,start    ] GC(116) Pause Final Mark (unload classes)
[2026-04-03T02:18:28.344+0600][70.245s][info][gc,task     ] GC(116) Using 6 of 6 workers for final marking
[2026-04-03T02:18:28.345+0600][70.246s][info][gc,ergo     ] GC(116) Adaptive CSet Selection. Target Free: 106M, Actual Free: 560M, Max CSet: 32000K, Min Garbage: 0B
[2026-04-03T02:18:28.345+0600][70.246s][info][gc,ergo     ] GC(116) Collectable Garbage: 415M (97%), Immediate: 379M (89%), CSet: 36117K (8%)
[2026-04-03T02:18:28.345+0600][70.246s][info][gc,ergo     ] GC(116) Pacer for Evacuation. Used CSet: 39282K, Free: 550M, Non-Taxable: 56396K, Alloc Tax Rate: 1.1x
[2026-04-03T02:18:28.345+0600][70.246s][info][gc          ] GC(116) Pause Final Mark (unload classes) 0.954ms
[2026-04-03T02:18:28.345+0600][70.247s][info][gc,start    ] GC(116) Concurrent thread roots
[2026-04-03T02:18:28.345+0600][70.247s][info][gc,task     ] GC(116) Using 3 of 6 workers for Concurrent thread roots
[2026-04-03T02:18:28.347+0600][70.248s][info][gc          ] GC(116) Concurrent thread roots 1.293ms
[2026-04-03T02:18:28.347+0600][70.248s][info][gc,start    ] GC(116) Concurrent weak references
[2026-04-03T02:18:28.347+0600][70.248s][info][gc,task     ] GC(116) Using 3 of 6 workers for concurrent weak references
[2026-04-03T02:18:28.348+0600][70.249s][info][gc,ref      ] GC(116) Encountered references: Soft: 3784, Weak: 15346, Final: 84, Phantom: 621
[2026-04-03T02:18:28.348+0600][70.249s][info][gc,ref      ] GC(116) Discovered  references: Soft: 0, Weak: 5341, Final: 21, Phantom: 614
[2026-04-03T02:18:28.348+0600][70.249s][info][gc,ref      ] GC(116) Enqueued    references: Soft: 0, Weak: 775, Final: 0, Phantom: 0
[2026-04-03T02:18:28.348+0600][70.249s][info][gc          ] GC(116) Concurrent weak references 0.821ms
[2026-04-03T02:18:28.348+0600][70.249s][info][gc,start    ] GC(116) Concurrent weak roots
[2026-04-03T02:18:28.348+0600][70.249s][info][gc,task     ] GC(116) Using 3 of 6 workers for concurrent weak root
[2026-04-03T02:18:28.353+0600][70.254s][info][gc          ] GC(116) Concurrent weak roots 5.603ms
[2026-04-03T02:18:28.353+0600][70.254s][info][gc,start    ] GC(116) Concurrent cleanup
[2026-04-03T02:18:28.354+0600][70.255s][info][gc          ] GC(116) Concurrent cleanup 594M->214M(676M) 0.813ms
[2026-04-03T02:18:28.354+0600][70.255s][info][gc,ergo     ] GC(116) Free: 490M, Max: 256K regular, 164M humongous, Frag: 67% external, 0% internal; Reserve: 38043K, Max: 256K
[2026-04-03T02:18:28.354+0600][70.255s][info][gc,start    ] GC(116) Concurrent class unloading
[2026-04-03T02:18:28.354+0600][70.255s][info][gc,task     ] GC(116) Using 3 of 6 workers for concurrent class unloading
[2026-04-03T02:18:28.369+0600][70.270s][info][gc          ] GC(116) Concurrent class unloading 14.907ms
[2026-04-03T02:18:28.369+0600][70.270s][info][gc,start    ] GC(116) Concurrent strong roots
[2026-04-03T02:18:28.369+0600][70.270s][info][gc,task     ] GC(116) Using 3 of 6 workers for concurrent strong root
[2026-04-03T02:18:28.370+0600][70.271s][info][gc          ] GC(116) Concurrent strong roots 0.940ms
[2026-04-03T02:18:28.370+0600][70.271s][info][gc,start    ] GC(116) Concurrent evacuation
[2026-04-03T02:18:28.370+0600][70.271s][info][gc,task     ] GC(116) Using 3 of 6 workers for concurrent evacuation
[2026-04-03T02:18:28.372+0600][70.273s][info][gc          ] GC(116) Concurrent evacuation 1.647ms
[2026-04-03T02:18:28.372+0600][70.273s][info][gc,start    ] GC(116) Pause Init Update Refs
[2026-04-03T02:18:28.372+0600][70.273s][info][gc,ergo     ] GC(116) Pacer for Update Refs. Used: 222M, Free: 485M, Non-Taxable: 49760K, Alloc Tax Rate: 1.1x
[2026-04-03T02:18:28.372+0600][70.273s][info][gc          ] GC(116) Pause Init Update Refs 0.107ms
[2026-04-03T02:18:28.372+0600][70.273s][info][gc,start    ] GC(116) Concurrent update references
[2026-04-03T02:18:28.372+0600][70.274s][info][gc,task     ] GC(116) Using 3 of 6 workers for concurrent reference update
[2026-04-03T02:18:28.413+0600][70.314s][info][gc          ] GC(116) Concurrent update references 40.741ms
[2026-04-03T02:18:28.413+0600][70.314s][info][gc,start    ] GC(116) Concurrent update thread roots
[2026-04-03T02:18:28.415+0600][70.316s][info][gc          ] GC(116) Concurrent update thread roots 1.455ms
[2026-04-03T02:18:28.415+0600][70.316s][info][gc,start    ] GC(116) Pause Final Update Refs
[2026-04-03T02:18:28.415+0600][70.316s][info][gc,task     ] GC(116) Using 6 of 6 workers for final reference update
[2026-04-03T02:18:28.415+0600][70.316s][info][gc          ] GC(116) Pause Final Update Refs 0.155ms
[2026-04-03T02:18:28.415+0600][70.316s][info][gc,start    ] GC(116) Concurrent cleanup
[2026-04-03T02:18:28.416+0600][70.317s][info][gc          ] GC(116) Concurrent cleanup 395M->357M(676M) 0.575ms
[2026-04-03T02:18:28.416+0600][70.317s][info][gc,ergo     ] Free: 338M, Max: 256K regular, 199M humongous, Frag: 41% external, 3% internal; Reserve: 38400K, Max: 256K
[2026-04-03T02:18:28.416+0600][70.317s][info][gc,stats    ] 
[2026-04-03T02:18:28.416+0600][70.317s][info][gc,stats    ] All times are wall-clock times, except per-root-class counters, that are sum over
[2026-04-03T02:18:28.416+0600][70.317s][info][gc,stats    ] all workers. Dividing the <total> over the root stage time estimates parallelism.
[2026-04-03T02:18:28.416+0600][70.317s][info][gc,stats    ] 
[2026-04-03T02:18:28.416+0600][70.317s][info][gc,stats    ] Concurrent Reset                   1167 us
[2026-04-03T02:18:28.416+0600][70.317s][info][gc,stats    ] Pause Init Mark (G)                 469 us
[2026-04-03T02:18:28.416+0600][70.317s][info][gc,stats    ] Pause Init Mark (N)                 176 us
[2026-04-03T02:18:28.416+0600][70.317s][info][gc,stats    ]   Update Region States               30 us
[2026-04-03T02:18:28.416+0600][70.317s][info][gc,stats    ] Concurrent Mark Roots              1495 us, parallelism: 1.79x
[2026-04-03T02:18:28.416+0600][70.317s][info][gc,stats    ]   CMR: <total>                     2676 us
[2026-04-03T02:18:28.416+0600][70.317s][info][gc,stats    ]   CMR: Thread Roots                2238 us, workers (us): 879, 503, 857, ---, ---, ---, 
[2026-04-03T02:18:28.416+0600][70.317s][info][gc,stats    ]   CMR: VM Strong Roots               52 us, workers (us):  40,  11,   1, ---, ---, ---, 
[2026-04-03T02:18:28.416+0600][70.317s][info][gc,stats    ]   CMR: CLDG Roots                   386 us, workers (us): ---, 386, ---, ---, ---, ---, 
[2026-04-03T02:18:28.416+0600][70.317s][info][gc,stats    ] Concurrent Marking                52800 us
[2026-04-03T02:18:28.416+0600][70.317s][info][gc,stats    ] Pause Final Mark (G)               1307 us
[2026-04-03T02:18:28.416+0600][70.317s][info][gc,stats    ] Pause Final Mark (N)                971 us
[2026-04-03T02:18:28.416+0600][70.317s][info][gc,stats    ]   Finish Mark                       214 us
[2026-04-03T02:18:28.416+0600][70.317s][info][gc,stats    ]   Update Region States               68 us
[2026-04-03T02:18:28.416+0600][70.317s][info][gc,stats    ]   Choose Collection Set             391 us
[2026-04-03T02:18:28.416+0600][70.317s][info][gc,stats    ]   Rebuild Free Set                   70 us
[2026-04-03T02:18:28.416+0600][70.317s][info][gc,stats    ] Concurrent Thread Roots            1369 us, parallelism: 2.08x
[2026-04-03T02:18:28.416+0600][70.317s][info][gc,stats    ]   CTR: <total>                     2847 us
[2026-04-03T02:18:28.416+0600][70.317s][info][gc,stats    ]   CTR: Thread Roots                2847 us, workers (us): 939, 1008, 900, ---, ---, ---, 
[2026-04-03T02:18:28.416+0600][70.317s][info][gc,stats    ] Concurrent Weak References          833 us, parallelism: 1.03x
[2026-04-03T02:18:28.416+0600][70.317s][info][gc,stats    ]   CWRF: <total>                     857 us
[2026-04-03T02:18:28.416+0600][70.317s][info][gc,stats    ]   CWRF: Weak References             857 us, workers (us): 218, 190, 449, ---, ---, ---, 
[2026-04-03T02:18:28.416+0600][70.317s][info][gc,stats    ] Concurrent Weak Roots              5691 us
[2026-04-03T02:18:28.416+0600][70.317s][info][gc,stats    ]   Roots                            5051 us, parallelism: 2.68x
[2026-04-03T02:18:28.416+0600][70.317s][info][gc,stats    ]     CWR: <total>                  13520 us
[2026-04-03T02:18:28.416+0600][70.317s][info][gc,stats    ]     CWR: Code Cache Roots         10858 us, workers (us): 3447, 3754, 3657, ---, ---, ---, 
[2026-04-03T02:18:28.416+0600][70.317s][info][gc,stats    ]     CWR: VM Weak Roots             2432 us, workers (us): 826, 818, 788, ---, ---, ---, 
[2026-04-03T02:18:28.416+0600][70.317s][info][gc,stats    ]     CWR: CLDG Roots                 230 us, workers (us): 230, ---, ---, ---, ---, ---, 
[2026-04-03T02:18:28.416+0600][70.317s][info][gc,stats    ]   Rendezvous                        525 us
[2026-04-03T02:18:28.416+0600][70.317s][info][gc,stats    ] Concurrent Cleanup                  834 us
[2026-04-03T02:18:28.416+0600][70.317s][info][gc,stats    ] Concurrent Class Unloading        14984 us
[2026-04-03T02:18:28.416+0600][70.317s][info][gc,stats    ]   Unlink Stale                    13937 us
[2026-04-03T02:18:28.416+0600][70.317s][info][gc,stats    ]     System Dictionary               298 us
[2026-04-03T02:18:28.416+0600][70.317s][info][gc,stats    ]     Weak Class Links                  0 us
[2026-04-03T02:18:28.416+0600][70.317s][info][gc,stats    ]     Code Roots                    13636 us
[2026-04-03T02:18:28.416+0600][70.317s][info][gc,stats    ]   Rendezvous                        449 us
[2026-04-03T02:18:28.416+0600][70.317s][info][gc,stats    ]   Purge Unlinked                    492 us
[2026-04-03T02:18:28.416+0600][70.317s][info][gc,stats    ]     Code Roots                      477 us
[2026-04-03T02:18:28.416+0600][70.318s][info][gc,stats    ]     CLDG                             14 us
[2026-04-03T02:18:28.416+0600][70.318s][info][gc,stats    ]     Exception Caches                  0 us
[2026-04-03T02:18:28.416+0600][70.318s][info][gc,stats    ] Concurrent Strong Roots             973 us, parallelism: 0.60x
[2026-04-03T02:18:28.416+0600][70.318s][info][gc,stats    ]   CSR: <total>                      584 us
[2026-04-03T02:18:28.416+0600][70.318s][info][gc,stats    ]   CSR: VM Strong Roots               35 us, workers (us):  34,   2,   0, ---, ---, ---, 
[2026-04-03T02:18:28.416+0600][70.318s][info][gc,stats    ]   CSR: CLDG Roots                   549 us, workers (us): 549, ---, ---, ---, ---, ---, 
[2026-04-03T02:18:28.416+0600][70.318s][info][gc,stats    ] Concurrent Evacuation              1710 us
[2026-04-03T02:18:28.416+0600][70.318s][info][gc,stats    ] Pause Init Update Refs (G)          469 us
[2026-04-03T02:18:28.416+0600][70.318s][info][gc,stats    ] Pause Init Update Refs (N)          118 us
[2026-04-03T02:18:28.416+0600][70.318s][info][gc,stats    ]   Manage GCLABs                      42 us
[2026-04-03T02:18:28.417+0600][70.318s][info][gc,stats    ] Concurrent Update Refs            40828 us
[2026-04-03T02:18:28.417+0600][70.318s][info][gc,stats    ] Concurrent Update Thread Roots     1525 us
[2026-04-03T02:18:28.417+0600][70.318s][info][gc,stats    ] Pause Final Update Refs (G)         524 us
[2026-04-03T02:18:28.417+0600][70.318s][info][gc,stats    ] Pause Final Update Refs (N)         190 us
[2026-04-03T02:18:28.417+0600][70.318s][info][gc,stats    ]   Update Region States               50 us
[2026-04-03T02:18:28.417+0600][70.318s][info][gc,stats    ]   Trash Collection Set               11 us
[2026-04-03T02:18:28.417+0600][70.318s][info][gc,stats    ]   Rebuild Free Set                   38 us
[2026-04-03T02:18:28.417+0600][70.318s][info][gc,stats    ] Concurrent Cleanup                  601 us
[2026-04-03T02:18:28.417+0600][70.318s][info][gc,stats    ] Pacing                           254538 us
[2026-04-03T02:18:28.417+0600][70.318s][info][gc,stats    ] 
[2026-04-03T02:18:28.417+0600][70.318s][info][gc,stats    ] Allocation pacing accrued:
[2026-04-03T02:18:28.417+0600][70.318s][info][gc,stats    ]      49 of   230 ms ( 21.5%): dispatcher-BlockManagerMaster
[2026-04-03T02:18:28.417+0600][70.318s][info][gc,stats    ]       7 of   230 ms (  3.2%): dispatcher-BlockManagerEndpoint1
[2026-04-03T02:18:28.417+0600][70.318s][info][gc,stats    ]       8 of   230 ms (  3.3%): dag-scheduler-event-loop
[2026-04-03T02:18:28.417+0600][70.318s][info][gc,stats    ]      57 of   230 ms ( 24.7%): Executor task launch worker for task 1.0 in stage 2744.0 (TID 5100)
[2026-04-03T02:18:28.417+0600][70.318s][info][gc,stats    ]      56 of   230 ms ( 24.2%): Executor task launch worker for task 3.0 in stage 2744.0 (TID 5102)
[2026-04-03T02:18:28.417+0600][70.318s][info][gc,stats    ]      47 of   230 ms ( 20.6%): Executor task launch worker for task 0.0 in stage 2744.0 (TID 5099)
[2026-04-03T02:18:28.417+0600][70.318s][info][gc,stats    ]      47 of   230 ms ( 20.3%): Executor task launch worker for task 2.0 in stage 2744.0 (TID 5101)
[2026-04-03T02:18:28.417+0600][70.318s][info][gc,stats    ]      21 of   230 ms (  9.2%): block-manager-storage-async-thread-pool-65
[2026-04-03T02:18:28.417+0600][70.318s][info][gc,stats    ]     292 of   230 ms (127.0%): <total>
[2026-04-03T02:18:28.417+0600][70.318s][info][gc,stats    ]       1 of   230 ms (  0.4%): <average total>
[2026-04-03T02:18:28.417+0600][70.318s][info][gc,stats    ]      36 of   230 ms ( 15.9%): <average non-zero>
[2026-04-03T02:18:28.417+0600][70.318s][info][gc,stats    ] 
[2026-04-03T02:18:28.417+0600][70.318s][info][gc,metaspace] Metaspace: 131528K(132864K)->131528K(132864K) NonClass: 115007K(115648K)->115007K(115648K) Class: 16521K(17216K)->16521K(17216K)
[2026-04-03T02:18:28.417+0600][70.318s][info][gc,ergo     ] Pacer for Idle. Initial: 15360K, Alloc Tax Rate: 1.0x
[2026-04-03T02:18:28.418+0600][70.319s][info][gc          ] Trigger: Average GC time (145.59 ms) is above the time for average allocation rate (2336 MB/s) to deplete free headroom (278M) (margin of error = 1.85)
[2026-04-03T02:18:28.418+0600][70.319s][info][gc,ergo     ] Free headroom: 315M (free) - 38400K (spike) - 0B (penalties) = 278M
[2026-04-03T02:18:28.418+0600][70.319s][info][gc,ergo     ] Free: 315M, Max: 256K regular, 186M humongous, Frag: 41% external, 3% internal; Reserve: 38400K, Max: 256K
[2026-04-03T02:18:28.418+0600][70.319s][info][gc,start    ] GC(117) Concurrent reset
[2026-04-03T02:18:28.418+0600][70.319s][info][gc,task     ] GC(117) Using 3 of 6 workers for concurrent reset
[2026-04-03T02:18:28.418+0600][70.319s][info][gc,ergo     ] GC(117) Pacer for Reset. Non-Taxable: 750M
[2026-04-03T02:18:28.419+0600][70.320s][info][gc          ] GC(117) Concurrent reset 0.908ms
[2026-04-03T02:18:28.420+0600][70.321s][info][gc,start    ] GC(117) Pause Init Mark (unload classes)
[2026-04-03T02:18:28.420+0600][70.321s][info][gc,task     ] GC(117) Using 6 of 6 workers for init marking
[2026-04-03T02:18:28.420+0600][70.321s][info][gc,ergo     ] GC(117) Pacer for Mark. Expected Live: 93789K, Free: 310M, Non-Taxable: 31822K, Alloc Tax Rate: 0.4x
[2026-04-03T02:18:28.420+0600][70.321s][info][gc          ] GC(117) Pause Init Mark (unload classes) 0.147ms
[2026-04-03T02:18:28.420+0600][70.321s][info][gc,start    ] GC(117) Concurrent marking roots
[2026-04-03T02:18:28.420+0600][70.322s][info][gc,task     ] GC(117) Using 3 of 6 workers for concurrent marking roots
[2026-04-03T02:18:28.422+0600][70.323s][info][gc          ] GC(117) Concurrent marking roots 1.571ms
[2026-04-03T02:18:28.422+0600][70.323s][info][gc,start    ] GC(117) Concurrent marking (unload classes)
[2026-04-03T02:18:28.422+0600][70.323s][info][gc,task     ] GC(117) Using 3 of 6 workers for concurrent marking
[2026-04-03T02:18:28.498+0600][70.400s][info][gc          ] GC(117) Concurrent marking (unload classes) 76.394ms
[2026-04-03T02:18:28.499+0600][70.400s][info][gc,start    ] GC(117) Pause Final Mark (unload classes)
[2026-04-03T02:18:28.499+0600][70.400s][info][gc,task     ] GC(117) Using 6 of 6 workers for final marking
[2026-04-03T02:18:28.499+0600][70.400s][info][gc,ergo     ] GC(117) Adaptive CSet Selection. Target Free: 106M, Actual Free: 543M, Max CSet: 32000K, Min Garbage: 0B
[2026-04-03T02:18:28.499+0600][70.400s][info][gc,ergo     ] GC(117) Collectable Garbage: 279M (97%), Immediate: 261M (90%), CSet: 18349K (6%)
[2026-04-03T02:18:28.499+0600][70.401s][info][gc,ergo     ] GC(117) Pacer for Evacuation. Used CSet: 22656K, Free: 525M, Non-Taxable: 53775K, Alloc Tax Rate: 1.1x
[2026-04-03T02:18:28.499+0600][70.401s][info][gc          ] GC(117) Pause Final Mark (unload classes) 0.866ms
[2026-04-03T02:18:28.500+0600][70.401s][info][gc,start    ] GC(117) Concurrent thread roots
[2026-04-03T02:18:28.500+0600][70.401s][info][gc,task     ] GC(117) Using 3 of 6 workers for Concurrent thread roots
[2026-04-03T02:18:28.501+0600][70.402s][info][gc          ] GC(117) Concurrent thread roots 1.250ms
[2026-04-03T02:18:28.501+0600][70.402s][info][gc,start    ] GC(117) Concurrent weak references
[2026-04-03T02:18:28.501+0600][70.402s][info][gc,task     ] GC(117) Using 3 of 6 workers for concurrent weak references
[2026-04-03T02:18:28.502+0600][70.403s][info][gc,ref      ] GC(117) Encountered references: Soft: 3786, Weak: 14642, Final: 84, Phantom: 630
[2026-04-03T02:18:28.502+0600][70.403s][info][gc,ref      ] GC(117) Discovered  references: Soft: 0, Weak: 7789, Final: 52, Phantom: 625
[2026-04-03T02:18:28.502+0600][70.403s][info][gc,ref      ] GC(117) Enqueued    references: Soft: 0, Weak: 9, Final: 0, Phantom: 0
[2026-04-03T02:18:28.502+0600][70.403s][info][gc          ] GC(117) Concurrent weak references 1.112ms
[2026-04-03T02:18:28.502+0600][70.403s][info][gc,start    ] GC(117) Concurrent weak roots
[2026-04-03T02:18:28.502+0600][70.403s][info][gc,task     ] GC(117) Using 3 of 6 workers for concurrent weak root
[2026-04-03T02:18:28.507+0600][70.408s][info][gc          ] GC(117) Concurrent weak roots 4.732ms
[2026-04-03T02:18:28.507+0600][70.408s][info][gc,start    ] GC(117) Concurrent cleanup
[2026-04-03T02:18:28.508+0600][70.409s][info][gc          ] GC(117) Concurrent cleanup 450M->189M(676M) 0.869ms
[2026-04-03T02:18:28.508+0600][70.409s][info][gc,ergo     ] GC(117) Free: 517M, Max: 256K regular, 152M humongous, Frag: 71% external, 0% internal; Reserve: 38117K, Max: 256K
[2026-04-03T02:18:28.508+0600][70.409s][info][gc,start    ] GC(117) Concurrent class unloading
[2026-04-03T02:18:28.508+0600][70.409s][info][gc,task     ] GC(117) Using 3 of 6 workers for concurrent class unloading
[2026-04-03T02:18:28.523+0600][70.424s][info][gc          ] GC(117) Concurrent class unloading 14.832ms
[2026-04-03T02:18:28.523+0600][70.424s][info][gc,start    ] GC(117) Concurrent strong roots
[2026-04-03T02:18:28.523+0600][70.424s][info][gc,task     ] GC(117) Using 3 of 6 workers for concurrent strong root
[2026-04-03T02:18:28.524+0600][70.425s][info][gc          ] GC(117) Concurrent strong roots 1.284ms
[2026-04-03T02:18:28.524+0600][70.425s][info][gc,start    ] GC(117) Concurrent evacuation
[2026-04-03T02:18:28.524+0600][70.425s][info][gc,task     ] GC(117) Using 3 of 6 workers for concurrent evacuation
[2026-04-03T02:18:28.526+0600][70.427s][info][gc          ] GC(117) Concurrent evacuation 1.430ms
[2026-04-03T02:18:28.526+0600][70.427s][info][gc,start    ] GC(117) Pause Init Update Refs
[2026-04-03T02:18:28.526+0600][70.427s][info][gc,ergo     ] GC(117) Pacer for Update Refs. Used: 198M, Free: 512M, Non-Taxable: 52509K, Alloc Tax Rate: 1.1x
[2026-04-03T02:18:28.526+0600][70.427s][info][gc          ] GC(117) Pause Init Update Refs 0.115ms
[2026-04-03T02:18:28.526+0600][70.427s][info][gc,start    ] GC(117) Concurrent update references
[2026-04-03T02:18:28.526+0600][70.427s][info][gc,task     ] GC(117) Using 3 of 6 workers for concurrent reference update
[2026-04-03T02:18:28.575+0600][70.476s][info][gc          ] GC(117) Concurrent update references 48.476ms
[2026-04-03T02:18:28.575+0600][70.476s][info][gc,start    ] GC(117) Concurrent update thread roots
[2026-04-03T02:18:28.577+0600][70.478s][info][gc          ] GC(117) Concurrent update thread roots 1.911ms
[2026-04-03T02:18:28.577+0600][70.478s][info][gc,start    ] GC(117) Pause Final Update Refs
[2026-04-03T02:18:28.577+0600][70.478s][info][gc,task     ] GC(117) Using 6 of 6 workers for final reference update
[2026-04-03T02:18:28.577+0600][70.478s][info][gc          ] GC(117) Pause Final Update Refs 0.206ms
[2026-04-03T02:18:28.577+0600][70.478s][info][gc,start    ] GC(117) Concurrent cleanup
[2026-04-03T02:18:28.578+0600][70.479s][info][gc          ] GC(117) Concurrent cleanup 232M->210M(676M) 0.615ms
[2026-04-03T02:18:28.578+0600][70.479s][info][gc,ergo     ] Free: 493M, Max: 256K regular, 265M humongous, Frag: 46% external, 1% internal; Reserve: 38400K, Max: 256K
[2026-04-03T02:18:28.578+0600][70.479s][info][gc,stats    ] 
[2026-04-03T02:18:28.578+0600][70.479s][info][gc,stats    ] All times are wall-clock times, except per-root-class counters, that are sum over
[2026-04-03T02:18:28.578+0600][70.479s][info][gc,stats    ] all workers. Dividing the <total> over the root stage time estimates parallelism.
[2026-04-03T02:18:28.578+0600][70.479s][info][gc,stats    ] 
[2026-04-03T02:18:28.578+0600][70.479s][info][gc,stats    ] Concurrent Reset                    953 us
[2026-04-03T02:18:28.578+0600][70.479s][info][gc,stats    ] Pause Init Mark (G)                1265 us
[2026-04-03T02:18:28.578+0600][70.479s][info][gc,stats    ] Pause Init Mark (N)                 156 us
[2026-04-03T02:18:28.578+0600][70.479s][info][gc,stats    ]   Update Region States               39 us
[2026-04-03T02:18:28.578+0600][70.479s][info][gc,stats    ] Concurrent Mark Roots              1624 us, parallelism: 1.92x
[2026-04-03T02:18:28.578+0600][70.479s][info][gc,stats    ]   CMR: <total>                     3122 us
[2026-04-03T02:18:28.578+0600][70.479s][info][gc,stats    ]   CMR: Thread Roots                2591 us, workers (us): 555, 1037, 999, ---, ---, ---, 
[2026-04-03T02:18:28.578+0600][70.479s][info][gc,stats    ]   CMR: VM Strong Roots               65 us, workers (us):  33,  31,   1, ---, ---, ---, 
[2026-04-03T02:18:28.578+0600][70.479s][info][gc,stats    ]   CMR: CLDG Roots                   467 us, workers (us): 467, ---, ---, ---, ---, ---, 
[2026-04-03T02:18:28.578+0600][70.479s][info][gc,stats    ] Concurrent Marking                76493 us
[2026-04-03T02:18:28.578+0600][70.479s][info][gc,stats    ] Pause Final Mark (G)               1029 us
[2026-04-03T02:18:28.578+0600][70.479s][info][gc,stats    ] Pause Final Mark (N)                879 us
[2026-04-03T02:18:28.578+0600][70.479s][info][gc,stats    ]   Finish Mark                       241 us
[2026-04-03T02:18:28.578+0600][70.479s][info][gc,stats    ]   Update Region States               59 us
[2026-04-03T02:18:28.578+0600][70.479s][info][gc,stats    ]   Choose Collection Set             215 us
[2026-04-03T02:18:28.578+0600][70.479s][info][gc,stats    ]   Rebuild Free Set                   33 us
[2026-04-03T02:18:28.578+0600][70.479s][info][gc,stats    ] Concurrent Thread Roots            1335 us, parallelism: 2.31x
[2026-04-03T02:18:28.578+0600][70.479s][info][gc,stats    ]   CTR: <total>                     3087 us
[2026-04-03T02:18:28.578+0600][70.479s][info][gc,stats    ]   CTR: Thread Roots                3087 us, workers (us): 1035, 1038, 1014, ---, ---, ---, 
[2026-04-03T02:18:28.578+0600][70.479s][info][gc,stats    ] Concurrent Weak References         1127 us, parallelism: 0.82x
[2026-04-03T02:18:28.578+0600][70.479s][info][gc,stats    ]   CWRF: <total>                     924 us
[2026-04-03T02:18:28.578+0600][70.479s][info][gc,stats    ]   CWRF: Weak References             924 us, workers (us):  24,  70, 830, ---, ---, ---, 
[2026-04-03T02:18:28.578+0600][70.479s][info][gc,stats    ] Concurrent Weak Roots              5031 us
[2026-04-03T02:18:28.578+0600][70.479s][info][gc,stats    ]   Roots                            4280 us, parallelism: 2.69x
[2026-04-03T02:18:28.578+0600][70.479s][info][gc,stats    ]     CWR: <total>                  11495 us
[2026-04-03T02:18:28.578+0600][70.479s][info][gc,stats    ]     CWR: Code Cache Roots          8525 us, workers (us): 2806, 2925, 2794, ---, ---, ---, 
[2026-04-03T02:18:28.578+0600][70.479s][info][gc,stats    ]     CWR: VM Weak Roots             2861 us, workers (us): 980, 967, 914, ---, ---, ---, 
[2026-04-03T02:18:28.578+0600][70.479s][info][gc,stats    ]     CWR: CLDG Roots                 109 us, workers (us): ---, ---, 109, ---, ---, ---, 
[2026-04-03T02:18:28.578+0600][70.479s][info][gc,stats    ]   Rendezvous                        421 us
[2026-04-03T02:18:28.578+0600][70.479s][info][gc,stats    ] Concurrent Cleanup                  927 us
[2026-04-03T02:18:28.578+0600][70.479s][info][gc,stats    ] Concurrent Class Unloading        14903 us
[2026-04-03T02:18:28.578+0600][70.479s][info][gc,stats    ]   Unlink Stale                    14220 us
[2026-04-03T02:18:28.578+0600][70.479s][info][gc,stats    ]     System Dictionary               308 us
[2026-04-03T02:18:28.578+0600][70.479s][info][gc,stats    ]     Weak Class Links                  0 us
[2026-04-03T02:18:28.578+0600][70.479s][info][gc,stats    ]     Code Roots                    13908 us
[2026-04-03T02:18:28.578+0600][70.479s][info][gc,stats    ]   Rendezvous                        339 us
[2026-04-03T02:18:28.578+0600][70.479s][info][gc,stats    ]   Purge Unlinked                    239 us
[2026-04-03T02:18:28.578+0600][70.479s][info][gc,stats    ]     Code Roots                      231 us
[2026-04-03T02:18:28.578+0600][70.479s][info][gc,stats    ]     CLDG                              7 us
[2026-04-03T02:18:28.578+0600][70.479s][info][gc,stats    ]     Exception Caches                  0 us
[2026-04-03T02:18:28.578+0600][70.479s][info][gc,stats    ] Concurrent Strong Roots            1333 us, parallelism: 0.68x
[2026-04-03T02:18:28.578+0600][70.479s][info][gc,stats    ]   CSR: <total>                      907 us
[2026-04-03T02:18:28.578+0600][70.479s][info][gc,stats    ]   CSR: VM Strong Roots               43 us, workers (us):  22,  21,   0, ---, ---, ---, 
[2026-04-03T02:18:28.578+0600][70.479s][info][gc,stats    ]   CSR: CLDG Roots                   863 us, workers (us): ---, 863, ---, ---, ---, ---, 
[2026-04-03T02:18:28.578+0600][70.479s][info][gc,stats    ] Concurrent Evacuation              1484 us
[2026-04-03T02:18:28.578+0600][70.479s][info][gc,stats    ] Pause Init Update Refs (G)          360 us
[2026-04-03T02:18:28.578+0600][70.479s][info][gc,stats    ] Pause Init Update Refs (N)          129 us
[2026-04-03T02:18:28.578+0600][70.479s][info][gc,stats    ]   Manage GCLABs                      31 us
[2026-04-03T02:18:28.578+0600][70.479s][info][gc,stats    ] Concurrent Update Refs            48539 us
[2026-04-03T02:18:28.578+0600][70.479s][info][gc,stats    ] Concurrent Update Thread Roots     1989 us
[2026-04-03T02:18:28.578+0600][70.479s][info][gc,stats    ] Pause Final Update Refs (G)         394 us
[2026-04-03T02:18:28.578+0600][70.479s][info][gc,stats    ] Pause Final Update Refs (N)         236 us
[2026-04-03T02:18:28.578+0600][70.479s][info][gc,stats    ]   Update Region States               63 us
[2026-04-03T02:18:28.578+0600][70.479s][info][gc,stats    ]   Trash Collection Set               10 us
[2026-04-03T02:18:28.578+0600][70.479s][info][gc,stats    ]   Rebuild Free Set                   44 us
[2026-04-03T02:18:28.578+0600][70.479s][info][gc,stats    ] Concurrent Cleanup                  663 us
[2026-04-03T02:18:28.578+0600][70.479s][info][gc,stats    ] Pacing                           134136 us
[2026-04-03T02:18:28.578+0600][70.479s][info][gc,stats    ] 
[2026-04-03T02:18:28.578+0600][70.479s][info][gc,stats    ] Allocation pacing accrued:
[2026-04-03T02:18:28.578+0600][70.479s][info][gc,stats    ]      22 of   162 ms ( 13.8%): Executor task launch worker for task 0.0 in stage 2750.0 (TID 5111)
[2026-04-03T02:18:28.578+0600][70.479s][info][gc,stats    ]      23 of   162 ms ( 13.9%): Executor task launch worker for task 1.0 in stage 2750.0 (TID 5112)
[2026-04-03T02:18:28.578+0600][70.479s][info][gc,stats    ]      22 of   162 ms ( 13.8%): Executor task launch worker for task 2.0 in stage 2750.0 (TID 5113)
[2026-04-03T02:18:28.578+0600][70.479s][info][gc,stats    ]      22 of   162 ms ( 13.8%): Executor task launch worker for task 3.0 in stage 2750.0 (TID 5114)
[2026-04-03T02:18:28.578+0600][70.479s][info][gc,stats    ]      22 of   162 ms ( 13.8%): task-result-getter-1
[2026-04-03T02:18:28.578+0600][70.479s][info][gc,stats    ]      22 of   162 ms ( 13.8%): task-result-getter-3
[2026-04-03T02:18:28.578+0600][70.480s][info][gc,stats    ]     134 of   162 ms ( 82.9%): <total>
[2026-04-03T02:18:28.578+0600][70.480s][info][gc,stats    ]       0 of   162 ms (  0.3%): <average total>
[2026-04-03T02:18:28.578+0600][70.480s][info][gc,stats    ]      22 of   162 ms ( 13.8%): <average non-zero>
[2026-04-03T02:18:28.578+0600][70.480s][info][gc,stats    ] 
[2026-04-03T02:18:28.578+0600][70.480s][info][gc,metaspace] Metaspace: 131528K(132864K)->131532K(132864K) NonClass: 115007K(115648K)->115011K(115648K) Class: 16521K(17216K)->16521K(17216K)
[2026-04-03T02:18:28.578+0600][70.480s][info][gc,ergo     ] Pacer for Idle. Initial: 15360K, Alloc Tax Rate: 1.0x
[2026-04-03T02:18:29.083+0600][70.984s][info][gc          ] Trigger: Average GC time (174.85 ms) is above the time for average allocation rate (944 MB/s) to deplete free headroom (109M) (margin of error = 1.85)
[2026-04-03T02:18:29.083+0600][70.984s][info][gc,ergo     ] Free headroom: 147M (free) - 38400K (spike) - 0B (penalties) = 109M
[2026-04-03T02:18:29.083+0600][70.984s][info][gc,ergo     ] Free: 147M, Max: 256K regular, 92416K humongous, Frag: 39% external, 1% internal; Reserve: 38400K, Max: 256K
[2026-04-03T02:18:29.083+0600][70.984s][info][gc,start    ] GC(118) Concurrent reset
[2026-04-03T02:18:29.083+0600][70.984s][info][gc,task     ] GC(118) Using 3 of 6 workers for concurrent reset
[2026-04-03T02:18:29.083+0600][70.984s][info][gc,ergo     ] GC(118) Pacer for Reset. Non-Taxable: 750M
[2026-04-03T02:18:29.084+0600][70.985s][info][gc          ] GC(118) Concurrent reset 0.838ms
[2026-04-03T02:18:29.084+0600][70.985s][info][gc,start    ] GC(118) Pause Init Mark (unload classes)
[2026-04-03T02:18:29.084+0600][70.985s][info][gc,task     ] GC(118) Using 6 of 6 workers for init marking
[2026-04-03T02:18:29.084+0600][70.985s][info][gc,ergo     ] GC(118) Pacer for Mark. Expected Live: 94565K, Free: 146M, Non-Taxable: 15040K, Alloc Tax Rate: 0.8x
[2026-04-03T02:18:29.084+0600][70.985s][info][gc          ] GC(118) Pause Init Mark (unload classes) 0.158ms
[2026-04-03T02:18:29.084+0600][70.985s][info][gc,start    ] GC(118) Concurrent marking roots
[2026-04-03T02:18:29.084+0600][70.986s][info][gc,task     ] GC(118) Using 3 of 6 workers for concurrent marking roots
[2026-04-03T02:18:29.086+0600][70.987s][info][gc          ] GC(118) Concurrent marking roots 1.205ms
[2026-04-03T02:18:29.086+0600][70.987s][info][gc,start    ] GC(118) Concurrent marking (unload classes)
[2026-04-03T02:18:29.086+0600][70.987s][info][gc,task     ] GC(118) Using 3 of 6 workers for concurrent marking
[2026-04-03T02:18:29.144+0600][71.045s][info][gc          ] GC(118) Concurrent marking (unload classes) 58.475ms
[2026-04-03T02:18:29.144+0600][71.045s][info][gc,start    ] GC(118) Pause Final Mark (unload classes)
[2026-04-03T02:18:29.144+0600][71.045s][info][gc,task     ] GC(118) Using 6 of 6 workers for final marking
[2026-04-03T02:18:29.145+0600][71.046s][info][gc,ergo     ] GC(118) Adaptive CSet Selection. Target Free: 106M, Actual Free: 501M, Max CSet: 32000K, Min Garbage: 0B
[2026-04-03T02:18:29.145+0600][71.046s][info][gc,ergo     ] GC(118) Collectable Garbage: 433M (98%), Immediate: 340M (77%), CSet: 95284K (21%)
[2026-04-03T02:18:29.145+0600][71.046s][info][gc,ergo     ] GC(118) Pacer for Evacuation. Used CSet: 99285K, Free: 495M, Non-Taxable: 50726K, Alloc Tax Rate: 1.1x
[2026-04-03T02:18:29.145+0600][71.046s][info][gc          ] GC(118) Pause Final Mark (unload classes) 0.801ms
[2026-04-03T02:18:29.145+0600][71.046s][info][gc,start    ] GC(118) Concurrent thread roots
[2026-04-03T02:18:29.145+0600][71.046s][info][gc,task     ] GC(118) Using 3 of 6 workers for Concurrent thread roots
[2026-04-03T02:18:29.146+0600][71.047s][info][gc          ] GC(118) Concurrent thread roots 1.074ms
[2026-04-03T02:18:29.146+0600][71.047s][info][gc,start    ] GC(118) Concurrent weak references
[2026-04-03T02:18:29.146+0600][71.047s][info][gc,task     ] GC(118) Using 3 of 6 workers for concurrent weak references
[2026-04-03T02:18:29.148+0600][71.049s][info][gc,ref      ] GC(118) Encountered references: Soft: 3784, Weak: 15289, Final: 84, Phantom: 621
[2026-04-03T02:18:29.148+0600][71.049s][info][gc,ref      ] GC(118) Discovered  references: Soft: 0, Weak: 9542, Final: 0, Phantom: 616
[2026-04-03T02:18:29.148+0600][71.049s][info][gc,ref      ] GC(118) Enqueued    references: Soft: 0, Weak: 406, Final: 0, Phantom: 0
[2026-04-03T02:18:29.148+0600][71.049s][info][gc          ] GC(118) Concurrent weak references 1.283ms
[2026-04-03T02:18:29.148+0600][71.049s][info][gc,start    ] GC(118) Concurrent weak roots
[2026-04-03T02:18:29.148+0600][71.049s][info][gc,task     ] GC(118) Using 3 of 6 workers for concurrent weak root
[2026-04-03T02:18:29.154+0600][71.055s][info][gc          ] GC(118) Concurrent weak roots 6.593ms
[2026-04-03T02:18:29.154+0600][71.055s][info][gc,start    ] GC(118) Concurrent cleanup
[2026-04-03T02:18:29.155+0600][71.056s][info][gc          ] GC(118) Concurrent cleanup 569M->230M(676M) 0.916ms
[2026-04-03T02:18:29.155+0600][71.056s][info][gc,ergo     ] GC(118) Free: 477M, Max: 256K regular, 52736K humongous, Frag: 90% external, 0% internal; Reserve: 37753K, Max: 256K
[2026-04-03T02:18:29.155+0600][71.056s][info][gc,start    ] GC(118) Concurrent class unloading
[2026-04-03T02:18:29.155+0600][71.056s][info][gc,task     ] GC(118) Using 3 of 6 workers for concurrent class unloading
[2026-04-03T02:18:29.171+0600][71.072s][info][gc          ] GC(118) Concurrent class unloading 15.788ms
[2026-04-03T02:18:29.171+0600][71.072s][info][gc,start    ] GC(118) Concurrent strong roots
[2026-04-03T02:18:29.171+0600][71.072s][info][gc,task     ] GC(118) Using 3 of 6 workers for concurrent strong root
[2026-04-03T02:18:29.173+0600][71.074s][info][gc          ] GC(118) Concurrent strong roots 1.554ms
[2026-04-03T02:18:29.173+0600][71.074s][info][gc,start    ] GC(118) Concurrent evacuation
[2026-04-03T02:18:29.173+0600][71.074s][info][gc,task     ] GC(118) Using 3 of 6 workers for concurrent evacuation
[2026-04-03T02:18:29.176+0600][71.077s][info][gc          ] GC(118) Concurrent evacuation 3.142ms
[2026-04-03T02:18:29.176+0600][71.077s][info][gc,start    ] GC(118) Pause Init Update Refs
[2026-04-03T02:18:29.176+0600][71.078s][info][gc,ergo     ] GC(118) Pacer for Update Refs. Used: 242M, Free: 469M, Non-Taxable: 48075K, Alloc Tax Rate: 1.1x
[2026-04-03T02:18:29.177+0600][71.078s][info][gc          ] GC(118) Pause Init Update Refs 0.139ms
[2026-04-03T02:18:29.177+0600][71.078s][info][gc,start    ] GC(118) Concurrent update references
[2026-04-03T02:18:29.177+0600][71.078s][info][gc,task     ] GC(118) Using 3 of 6 workers for concurrent reference update
[2026-04-03T02:18:29.237+0600][71.138s][info][gc          ] GC(118) Concurrent update references 60.420ms
[2026-04-03T02:18:29.237+0600][71.139s][info][gc,start    ] GC(118) Concurrent update thread roots
[2026-04-03T02:18:29.239+0600][71.140s][info][gc          ] GC(118) Concurrent update thread roots 1.870ms
[2026-04-03T02:18:29.240+0600][71.141s][info][gc,start    ] GC(118) Pause Final Update Refs
[2026-04-03T02:18:29.240+0600][71.141s][info][gc,task     ] GC(118) Using 6 of 6 workers for final reference update
[2026-04-03T02:18:29.240+0600][71.141s][info][gc          ] GC(118) Pause Final Update Refs 0.293ms
[2026-04-03T02:18:29.240+0600][71.141s][info][gc,start    ] GC(118) Concurrent cleanup
[2026-04-03T02:18:29.241+0600][71.142s][info][gc          ] GC(118) Concurrent cleanup 286M->190M(676M) 0.748ms
[2026-04-03T02:18:29.241+0600][71.142s][info][gc,ergo     ] Free: 516M, Max: 256K regular, 277M humongous, Frag: 47% external, 0% internal; Reserve: 38400K, Max: 256K
[2026-04-03T02:18:29.241+0600][71.142s][info][gc,stats    ] 
[2026-04-03T02:18:29.241+0600][71.142s][info][gc,stats    ] All times are wall-clock times, except per-root-class counters, that are sum over
[2026-04-03T02:18:29.241+0600][71.142s][info][gc,stats    ] all workers. Dividing the <total> over the root stage time estimates parallelism.
[2026-04-03T02:18:29.241+0600][71.142s][info][gc,stats    ] 
[2026-04-03T02:18:29.241+0600][71.142s][info][gc,stats    ] Concurrent Reset                    888 us
[2026-04-03T02:18:29.241+0600][71.142s][info][gc,stats    ] Pause Init Mark (G)                 490 us
[2026-04-03T02:18:29.241+0600][71.142s][info][gc,stats    ] Pause Init Mark (N)                 170 us
[2026-04-03T02:18:29.241+0600][71.142s][info][gc,stats    ]   Update Region States               39 us
[2026-04-03T02:18:29.241+0600][71.142s][info][gc,stats    ] Concurrent Mark Roots              1256 us, parallelism: 1.72x
[2026-04-03T02:18:29.241+0600][71.142s][info][gc,stats    ]   CMR: <total>                     2156 us
[2026-04-03T02:18:29.241+0600][71.142s][info][gc,stats    ]   CMR: Thread Roots                1870 us, workers (us): 467, 701, 702, ---, ---, ---, 
[2026-04-03T02:18:29.241+0600][71.142s][info][gc,stats    ]   CMR: VM Strong Roots               52 us, workers (us):  21,  16,  15, ---, ---, ---, 
[2026-04-03T02:18:29.241+0600][71.142s][info][gc,stats    ]   CMR: CLDG Roots                   234 us, workers (us): 234, ---, ---, ---, ---, ---, 
[2026-04-03T02:18:29.241+0600][71.142s][info][gc,stats    ] Concurrent Marking                58547 us
[2026-04-03T02:18:29.241+0600][71.142s][info][gc,stats    ] Pause Final Mark (G)               1005 us
[2026-04-03T02:18:29.241+0600][71.142s][info][gc,stats    ] Pause Final Mark (N)                812 us
[2026-04-03T02:18:29.241+0600][71.142s][info][gc,stats    ]   Finish Mark                       284 us
[2026-04-03T02:18:29.241+0600][71.142s][info][gc,stats    ]   Update Region States               47 us
[2026-04-03T02:18:29.241+0600][71.142s][info][gc,stats    ]   Choose Collection Set             271 us
[2026-04-03T02:18:29.241+0600][71.142s][info][gc,stats    ]   Rebuild Free Set                   41 us
[2026-04-03T02:18:29.241+0600][71.142s][info][gc,stats    ] Concurrent Thread Roots            1121 us, parallelism: 2.37x
[2026-04-03T02:18:29.241+0600][71.142s][info][gc,stats    ]   CTR: <total>                     2656 us
[2026-04-03T02:18:29.241+0600][71.142s][info][gc,stats    ]   CTR: Thread Roots                2656 us, workers (us): 927, 873, 856, ---, ---, ---, 
[2026-04-03T02:18:29.241+0600][71.142s][info][gc,stats    ] Concurrent Weak References         1298 us, parallelism: 1.11x
[2026-04-03T02:18:29.241+0600][71.142s][info][gc,stats    ]   CWRF: <total>                    1443 us
[2026-04-03T02:18:29.241+0600][71.142s][info][gc,stats    ]   CWRF: Weak References            1443 us, workers (us): 1083, 359,   1, ---, ---, ---, 
[2026-04-03T02:18:29.241+0600][71.142s][info][gc,stats    ] Concurrent Weak Roots              6670 us
[2026-04-03T02:18:29.241+0600][71.142s][info][gc,stats    ]   Roots                            5155 us, parallelism: 2.77x
[2026-04-03T02:18:29.241+0600][71.143s][info][gc,stats    ]     CWR: <total>                  14282 us
[2026-04-03T02:18:29.241+0600][71.143s][info][gc,stats    ]     CWR: Code Cache Roots         11403 us, workers (us): 3927, 3886, 3591, ---, ---, ---, 
[2026-04-03T02:18:29.241+0600][71.143s][info][gc,stats    ]     CWR: VM Weak Roots             2632 us, workers (us): 881, 898, 852, ---, ---, ---, 
[2026-04-03T02:18:29.241+0600][71.143s][info][gc,stats    ]     CWR: CLDG Roots                 248 us, workers (us): ---, ---, 248, ---, ---, ---, 
[2026-04-03T02:18:29.241+0600][71.143s][info][gc,stats    ]   Rendezvous                       1391 us
[2026-04-03T02:18:29.241+0600][71.143s][info][gc,stats    ] Concurrent Cleanup                  950 us
[2026-04-03T02:18:29.241+0600][71.143s][info][gc,stats    ] Concurrent Class Unloading        15898 us
[2026-04-03T02:18:29.241+0600][71.143s][info][gc,stats    ]   Unlink Stale                    13617 us
[2026-04-03T02:18:29.242+0600][71.143s][info][gc,stats    ]     System Dictionary               307 us
[2026-04-03T02:18:29.242+0600][71.143s][info][gc,stats    ]     Weak Class Links                  1 us
[2026-04-03T02:18:29.242+0600][71.143s][info][gc,stats    ]     Code Roots                    13306 us
[2026-04-03T02:18:29.242+0600][71.143s][info][gc,stats    ]   Rendezvous                        268 us
[2026-04-03T02:18:29.242+0600][71.143s][info][gc,stats    ]   Purge Unlinked                   1869 us
[2026-04-03T02:18:29.242+0600][71.143s][info][gc,stats    ]     Code Roots                     1839 us
[2026-04-03T02:18:29.242+0600][71.143s][info][gc,stats    ]     CLDG                             29 us
[2026-04-03T02:18:29.242+0600][71.143s][info][gc,stats    ]     Exception Caches                  0 us
[2026-04-03T02:18:29.242+0600][71.143s][info][gc,stats    ] Concurrent Strong Roots            1628 us, parallelism: 0.70x
[2026-04-03T02:18:29.242+0600][71.143s][info][gc,stats    ]   CSR: <total>                     1131 us
[2026-04-03T02:18:29.242+0600][71.143s][info][gc,stats    ]   CSR: VM Strong Roots               50 us, workers (us):  48,   2,   0, ---, ---, ---, 
[2026-04-03T02:18:29.242+0600][71.143s][info][gc,stats    ]   CSR: CLDG Roots                  1081 us, workers (us): 1081, ---, ---, ---, ---, ---, 
[2026-04-03T02:18:29.242+0600][71.143s][info][gc,stats    ] Concurrent Evacuation              3237 us
[2026-04-03T02:18:29.242+0600][71.143s][info][gc,stats    ] Pause Init Update Refs (G)          828 us
[2026-04-03T02:18:29.242+0600][71.143s][info][gc,stats    ] Pause Init Update Refs (N)          152 us
[2026-04-03T02:18:29.242+0600][71.143s][info][gc,stats    ]   Manage GCLABs                      47 us
[2026-04-03T02:18:29.242+0600][71.143s][info][gc,stats    ] Concurrent Update Refs            60531 us
[2026-04-03T02:18:29.242+0600][71.143s][info][gc,stats    ] Concurrent Update Thread Roots     1923 us
[2026-04-03T02:18:29.242+0600][71.143s][info][gc,stats    ] Pause Final Update Refs (G)         729 us
[2026-04-03T02:18:29.242+0600][71.143s][info][gc,stats    ] Pause Final Update Refs (N)         311 us
[2026-04-03T02:18:29.242+0600][71.143s][info][gc,stats    ]   Update Region States               66 us
[2026-04-03T02:18:29.242+0600][71.143s][info][gc,stats    ]   Trash Collection Set               22 us
[2026-04-03T02:18:29.242+0600][71.143s][info][gc,stats    ]   Rebuild Free Set                   48 us
[2026-04-03T02:18:29.242+0600][71.143s][info][gc,stats    ] Concurrent Cleanup                  794 us
[2026-04-03T02:18:29.242+0600][71.143s][info][gc,stats    ] Pacing                           270023 us
[2026-04-03T02:18:29.242+0600][71.143s][info][gc,stats    ] 
[2026-04-03T02:18:29.242+0600][71.143s][info][gc,stats    ] Allocation pacing accrued:
[2026-04-03T02:18:29.242+0600][71.143s][info][gc,stats    ]      10 of   664 ms (  1.5%): Spark Context Cleaner
[2026-04-03T02:18:29.242+0600][71.143s][info][gc,stats    ]      32 of   664 ms (  4.9%): Executor task launch worker for task 2.0 in stage 2770.0 (TID 5177)
[2026-04-03T02:18:29.242+0600][71.143s][info][gc,stats    ]      32 of   664 ms (  4.9%): Executor task launch worker for task 3.0 in stage 2770.0 (TID 5178)
[2026-04-03T02:18:29.242+0600][71.143s][info][gc,stats    ]      32 of   664 ms (  4.9%): Executor task launch worker for task 6.0 in stage 2770.0 (TID 5181)
[2026-04-03T02:18:29.242+0600][71.143s][info][gc,stats    ]      32 of   664 ms (  4.9%): Executor task launch worker for task 5.0 in stage 2770.0 (TID 5180)
[2026-04-03T02:18:29.242+0600][71.143s][info][gc,stats    ]      33 of   664 ms (  5.0%): Executor task launch worker for task 1.0 in stage 2770.0 (TID 5176)
[2026-04-03T02:18:29.242+0600][71.143s][info][gc,stats    ]      32 of   664 ms (  4.9%): Executor task launch worker for task 0.0 in stage 2770.0 (TID 5175)
[2026-04-03T02:18:29.242+0600][71.143s][info][gc,stats    ]      32 of   664 ms (  4.9%): Executor task launch worker for task 7.0 in stage 2770.0 (TID 5182)
[2026-04-03T02:18:29.242+0600][71.143s][info][gc,stats    ]      33 of   664 ms (  4.9%): Executor task launch worker for task 4.0 in stage 2770.0 (TID 5179)
[2026-04-03T02:18:29.242+0600][71.143s][info][gc,stats    ]     270 of   664 ms ( 40.7%): <total>
[2026-04-03T02:18:29.242+0600][71.143s][info][gc,stats    ]       1 of   664 ms (  0.1%): <average total>
[2026-04-03T02:18:29.242+0600][71.143s][info][gc,stats    ]      30 of   664 ms (  4.5%): <average non-zero>
[2026-04-03T02:18:29.242+0600][71.143s][info][gc,stats    ] 
[2026-04-03T02:18:29.242+0600][71.143s][info][gc,metaspace] Metaspace: 131553K(132864K)->131553K(132864K) NonClass: 115031K(115648K)->115031K(115648K) Class: 16521K(17216K)->16521K(17216K)
[2026-04-03T02:18:29.242+0600][71.143s][info][gc,ergo     ] Pacer for Idle. Initial: 15360K, Alloc Tax Rate: 1.0x
[2026-04-03T02:18:29.509+0600][71.411s][info][gc          ] Trigger: Average GC time (176.07 ms) is above the time for average allocation rate (1023 MB/s) to deplete free headroom (178M) (margin of error = 1.85)
[2026-04-03T02:18:29.510+0600][71.411s][info][gc,ergo     ] Free headroom: 216M (free) - 38400K (spike) - 0B (penalties) = 178M
[2026-04-03T02:18:29.510+0600][71.411s][info][gc,ergo     ] Free: 216M, Max: 256K regular, 105M humongous, Frag: 51% external, 1% internal; Reserve: 38400K, Max: 256K
[2026-04-03T02:18:29.510+0600][71.411s][info][gc,start    ] GC(119) Concurrent reset
[2026-04-03T02:18:29.510+0600][71.411s][info][gc,task     ] GC(119) Using 3 of 6 workers for concurrent reset
[2026-04-03T02:18:29.510+0600][71.411s][info][gc,ergo     ] GC(119) Pacer for Reset. Non-Taxable: 750M
[2026-04-03T02:18:29.511+0600][71.412s][info][gc          ] GC(119) Concurrent reset 1.127ms
[2026-04-03T02:18:29.511+0600][71.412s][info][gc,start    ] GC(119) Pause Init Mark (unload classes)
[2026-04-03T02:18:29.511+0600][71.412s][info][gc,task     ] GC(119) Using 6 of 6 workers for init marking
[2026-04-03T02:18:29.511+0600][71.413s][info][gc,ergo     ] GC(119) Pacer for Mark. Expected Live: 94130K, Free: 214M, Non-Taxable: 21934K, Alloc Tax Rate: 0.5x
[2026-04-03T02:18:29.511+0600][71.413s][info][gc          ] GC(119) Pause Init Mark (unload classes) 0.192ms
[2026-04-03T02:18:29.512+0600][71.413s][info][gc,start    ] GC(119) Concurrent marking roots
[2026-04-03T02:18:29.512+0600][71.413s][info][gc,task     ] GC(119) Using 3 of 6 workers for concurrent marking roots
[2026-04-03T02:18:29.513+0600][71.414s][info][gc          ] GC(119) Concurrent marking roots 1.677ms
[2026-04-03T02:18:29.513+0600][71.415s][info][gc,start    ] GC(119) Concurrent marking (unload classes)
[2026-04-03T02:18:29.513+0600][71.415s][info][gc,task     ] GC(119) Using 3 of 6 workers for concurrent marking
[2026-04-03T02:18:29.576+0600][71.477s][info][gc          ] GC(119) Concurrent marking (unload classes) 62.100ms
[2026-04-03T02:18:29.576+0600][71.477s][info][gc,start    ] GC(119) Pause Final Mark (unload classes)
[2026-04-03T02:18:29.576+0600][71.477s][info][gc,task     ] GC(119) Using 6 of 6 workers for final marking
[2026-04-03T02:18:29.576+0600][71.477s][info][gc,ergo     ] GC(119) Adaptive CSet Selection. Target Free: 106M, Actual Free: 541M, Max CSet: 32000K, Min Garbage: 0B
[2026-04-03T02:18:29.576+0600][71.477s][info][gc,ergo     ] GC(119) Collectable Garbage: 371M (97%), Immediate: 325M (85%), CSet: 46622K (11%)
[2026-04-03T02:18:29.576+0600][71.477s][info][gc,ergo     ] GC(119) Pacer for Evacuation. Used CSet: 49373K, Free: 526M, Non-Taxable: 53916K, Alloc Tax Rate: 1.1x
[2026-04-03T02:18:29.576+0600][71.477s][info][gc          ] GC(119) Pause Final Mark (unload classes) 0.591ms
[2026-04-03T02:18:29.576+0600][71.478s][info][gc,start    ] GC(119) Concurrent thread roots
[2026-04-03T02:18:29.576+0600][71.478s][info][gc,task     ] GC(119) Using 3 of 6 workers for Concurrent thread roots
[2026-04-03T02:18:29.577+0600][71.479s][info][gc          ] GC(119) Concurrent thread roots 0.982ms
[2026-04-03T02:18:29.577+0600][71.479s][info][gc,start    ] GC(119) Concurrent weak references
[2026-04-03T02:18:29.577+0600][71.479s][info][gc,task     ] GC(119) Using 3 of 6 workers for concurrent weak references
[2026-04-03T02:18:29.578+0600][71.480s][info][gc,ref      ] GC(119) Encountered references: Soft: 3789, Weak: 15544, Final: 84, Phantom: 621
[2026-04-03T02:18:29.578+0600][71.480s][info][gc,ref      ] GC(119) Discovered  references: Soft: 0, Weak: 8705, Final: 84, Phantom: 591
[2026-04-03T02:18:29.578+0600][71.480s][info][gc,ref      ] GC(119) Enqueued    references: Soft: 0, Weak: 30, Final: 0, Phantom: 0
[2026-04-03T02:18:29.578+0600][71.480s][info][gc          ] GC(119) Concurrent weak references 1.046ms
[2026-04-03T02:18:29.579+0600][71.480s][info][gc,start    ] GC(119) Concurrent weak roots
[2026-04-03T02:18:29.579+0600][71.480s][info][gc,task     ] GC(119) Using 3 of 6 workers for concurrent weak root
[2026-04-03T02:18:29.585+0600][71.486s][info][gc          ] GC(119) Concurrent weak roots 6.855ms
[2026-04-03T02:18:29.585+0600][71.487s][info][gc,start    ] GC(119) Concurrent cleanup
[2026-04-03T02:18:29.586+0600][71.487s][info][gc          ] GC(119) Concurrent cleanup 516M->192M(676M) 0.757ms
[2026-04-03T02:18:29.586+0600][71.487s][info][gc,ergo     ] GC(119) Free: 515M, Max: 256K regular, 61440K humongous, Frag: 89% external, 0% internal; Reserve: 38094K, Max: 256K
[2026-04-03T02:18:29.586+0600][71.487s][info][gc,start    ] GC(119) Concurrent class unloading
[2026-04-03T02:18:29.586+0600][71.487s][info][gc,task     ] GC(119) Using 3 of 6 workers for concurrent class unloading
[2026-04-03T02:18:29.604+0600][71.505s][info][gc          ] GC(119) Concurrent class unloading 17.272ms
[2026-04-03T02:18:29.604+0600][71.505s][info][gc,start    ] GC(119) Concurrent strong roots
[2026-04-03T02:18:29.604+0600][71.505s][info][gc,task     ] GC(119) Using 3 of 6 workers for concurrent strong root
[2026-04-03T02:18:29.605+0600][71.506s][info][gc          ] GC(119) Concurrent strong roots 1.397ms
[2026-04-03T02:18:29.605+0600][71.506s][info][gc,start    ] GC(119) Concurrent evacuation
[2026-04-03T02:18:29.605+0600][71.506s][info][gc,task     ] GC(119) Using 3 of 6 workers for concurrent evacuation
[2026-04-03T02:18:29.606+0600][71.508s][info][gc          ] GC(119) Concurrent evacuation 1.253ms
[2026-04-03T02:18:29.607+0600][71.508s][info][gc,start    ] GC(119) Pause Init Update Refs
[2026-04-03T02:18:29.607+0600][71.508s][info][gc,ergo     ] GC(119) Pacer for Update Refs. Used: 209M, Free: 499M, Non-Taxable: 51136K, Alloc Tax Rate: 1.1x
[2026-04-03T02:18:29.607+0600][71.508s][info][gc          ] GC(119) Pause Init Update Refs 0.138ms
[2026-04-03T02:18:29.607+0600][71.508s][info][gc,start    ] GC(119) Concurrent update references
[2026-04-03T02:18:29.607+0600][71.508s][info][gc,task     ] GC(119) Using 3 of 6 workers for concurrent reference update
[2026-04-03T02:18:29.657+0600][71.558s][info][gc          ] GC(119) Concurrent update references 49.698ms
[2026-04-03T02:18:29.657+0600][71.558s][info][gc,start    ] GC(119) Concurrent update thread roots
[2026-04-03T02:18:29.658+0600][71.559s][info][gc          ] GC(119) Concurrent update thread roots 1.304ms
[2026-04-03T02:18:29.658+0600][71.560s][info][gc,start    ] GC(119) Pause Final Update Refs
[2026-04-03T02:18:29.659+0600][71.560s][info][gc,task     ] GC(119) Using 6 of 6 workers for final reference update
[2026-04-03T02:18:29.659+0600][71.560s][info][gc          ] GC(119) Pause Final Update Refs 0.177ms
[2026-04-03T02:18:29.659+0600][71.560s][info][gc,start    ] GC(119) Concurrent cleanup
[2026-04-03T02:18:29.659+0600][71.560s][info][gc          ] GC(119) Concurrent cleanup 246M->198M(676M) 0.543ms
[2026-04-03T02:18:29.659+0600][71.561s][info][gc,ergo     ] Free: 506M, Max: 256K regular, 168M humongous, Frag: 67% external, 0% internal; Reserve: 38400K, Max: 256K
[2026-04-03T02:18:29.659+0600][71.561s][info][gc,stats    ] 
[2026-04-03T02:18:29.659+0600][71.561s][info][gc,stats    ] All times are wall-clock times, except per-root-class counters, that are sum over
[2026-04-03T02:18:29.659+0600][71.561s][info][gc,stats    ] all workers. Dividing the <total> over the root stage time estimates parallelism.
[2026-04-03T02:18:29.659+0600][71.561s][info][gc,stats    ] 
[2026-04-03T02:18:29.659+0600][71.561s][info][gc,stats    ] Concurrent Reset                   1310 us
[2026-04-03T02:18:29.660+0600][71.561s][info][gc,stats    ] Pause Init Mark (G)                 705 us
[2026-04-03T02:18:29.660+0600][71.561s][info][gc,stats    ] Pause Init Mark (N)                 206 us
[2026-04-03T02:18:29.660+0600][71.561s][info][gc,stats    ]   Update Region States               48 us
[2026-04-03T02:18:29.660+0600][71.561s][info][gc,stats    ] Concurrent Mark Roots              1740 us, parallelism: 1.63x
[2026-04-03T02:18:29.660+0600][71.561s][info][gc,stats    ]   CMR: <total>                     2835 us
[2026-04-03T02:18:29.660+0600][71.561s][info][gc,stats    ]   CMR: Thread Roots                2299 us, workers (us): 938, 466, 896, ---, ---, ---, 
[2026-04-03T02:18:29.660+0600][71.561s][info][gc,stats    ]   CMR: VM Strong Roots               65 us, workers (us):  32,  32,   1, ---, ---, ---, 
[2026-04-03T02:18:29.660+0600][71.561s][info][gc,stats    ]   CMR: CLDG Roots                   471 us, workers (us): ---, 471, ---, ---, ---, ---, 
[2026-04-03T02:18:29.660+0600][71.561s][info][gc,stats    ] Concurrent Marking                62170 us
[2026-04-03T02:18:29.660+0600][71.561s][info][gc,stats    ] Pause Final Mark (G)                833 us
[2026-04-03T02:18:29.660+0600][71.561s][info][gc,stats    ] Pause Final Mark (N)                604 us
[2026-04-03T02:18:29.660+0600][71.561s][info][gc,stats    ]   Finish Mark                       187 us
[2026-04-03T02:18:29.660+0600][71.561s][info][gc,stats    ]   Update Region States               34 us
[2026-04-03T02:18:29.660+0600][71.561s][info][gc,stats    ]   Choose Collection Set             179 us
[2026-04-03T02:18:29.660+0600][71.561s][info][gc,stats    ]   Rebuild Free Set                   35 us
[2026-04-03T02:18:29.660+0600][71.561s][info][gc,stats    ] Concurrent Thread Roots            1014 us, parallelism: 2.53x
[2026-04-03T02:18:29.660+0600][71.561s][info][gc,stats    ]   CTR: <total>                     2563 us
[2026-04-03T02:18:29.660+0600][71.561s][info][gc,stats    ]   CTR: Thread Roots                2563 us, workers (us): 866, 857, 839, ---, ---, ---, 
[2026-04-03T02:18:29.660+0600][71.561s][info][gc,stats    ] Concurrent Weak References         1060 us, parallelism: 1.06x
[2026-04-03T02:18:29.660+0600][71.561s][info][gc,stats    ]   CWRF: <total>                    1120 us
[2026-04-03T02:18:29.660+0600][71.561s][info][gc,stats    ]   CWRF: Weak References            1120 us, workers (us): 149, 937,  34, ---, ---, ---, 
[2026-04-03T02:18:29.660+0600][71.561s][info][gc,stats    ] Concurrent Weak Roots              6951 us
[2026-04-03T02:18:29.660+0600][71.561s][info][gc,stats    ]   Roots                            6401 us, parallelism: 2.40x
[2026-04-03T02:18:29.660+0600][71.561s][info][gc,stats    ]     CWR: <total>                  15361 us
[2026-04-03T02:18:29.660+0600][71.561s][info][gc,stats    ]     CWR: Code Cache Roots         12143 us, workers (us): 4091, 3867, 4185, ---, ---, ---, 
[2026-04-03T02:18:29.660+0600][71.561s][info][gc,stats    ]     CWR: VM Weak Roots             3011 us, workers (us): 1666, 1344,   2, ---, ---, ---, 
[2026-04-03T02:18:29.660+0600][71.561s][info][gc,stats    ]     CWR: CLDG Roots                 207 us, workers (us): ---, 207, ---, ---, ---, ---, 
[2026-04-03T02:18:29.660+0600][71.561s][info][gc,stats    ]   Rendezvous                        421 us
[2026-04-03T02:18:29.660+0600][71.561s][info][gc,stats    ] Concurrent Cleanup                  830 us
[2026-04-03T02:18:29.660+0600][71.561s][info][gc,stats    ] Concurrent Class Unloading        17388 us
[2026-04-03T02:18:29.660+0600][71.561s][info][gc,stats    ]   Unlink Stale                    15660 us
[2026-04-03T02:18:29.660+0600][71.561s][info][gc,stats    ]     System Dictionary               374 us
[2026-04-03T02:18:29.660+0600][71.561s][info][gc,stats    ]     Weak Class Links                  0 us
[2026-04-03T02:18:29.660+0600][71.561s][info][gc,stats    ]     Code Roots                    15280 us
[2026-04-03T02:18:29.660+0600][71.561s][info][gc,stats    ]   Rendezvous                        354 us
[2026-04-03T02:18:29.660+0600][71.561s][info][gc,stats    ]   Purge Unlinked                   1214 us
[2026-04-03T02:18:29.660+0600][71.561s][info][gc,stats    ]     Code Roots                     1193 us
[2026-04-03T02:18:29.660+0600][71.561s][info][gc,stats    ]     CLDG                             19 us
[2026-04-03T02:18:29.660+0600][71.561s][info][gc,stats    ]     Exception Caches                  0 us
[2026-04-03T02:18:29.660+0600][71.561s][info][gc,stats    ] Concurrent Strong Roots            1475 us, parallelism: 0.55x
[2026-04-03T02:18:29.660+0600][71.561s][info][gc,stats    ]   CSR: <total>                      809 us
[2026-04-03T02:18:29.660+0600][71.561s][info][gc,stats    ]   CSR: VM Strong Roots               52 us, workers (us):  50,   1,   1, ---, ---, ---, 
[2026-04-03T02:18:29.660+0600][71.561s][info][gc,stats    ]   CSR: CLDG Roots                   756 us, workers (us): 756, ---, ---, ---, ---, ---, 
[2026-04-03T02:18:29.660+0600][71.561s][info][gc,stats    ] Concurrent Evacuation              1326 us
[2026-04-03T02:18:29.660+0600][71.561s][info][gc,stats    ] Pause Init Update Refs (G)          595 us
[2026-04-03T02:18:29.660+0600][71.561s][info][gc,stats    ] Pause Init Update Refs (N)          148 us
[2026-04-03T02:18:29.660+0600][71.561s][info][gc,stats    ]   Manage GCLABs                      43 us
[2026-04-03T02:18:29.660+0600][71.561s][info][gc,stats    ] Concurrent Update Refs            49797 us
[2026-04-03T02:18:29.660+0600][71.561s][info][gc,stats    ] Concurrent Update Thread Roots     1373 us
[2026-04-03T02:18:29.660+0600][71.561s][info][gc,stats    ] Pause Final Update Refs (G)         438 us
[2026-04-03T02:18:29.660+0600][71.561s][info][gc,stats    ] Pause Final Update Refs (N)         205 us
[2026-04-03T02:18:29.660+0600][71.561s][info][gc,stats    ]   Update Region States               48 us
[2026-04-03T02:18:29.660+0600][71.561s][info][gc,stats    ]   Trash Collection Set               12 us
[2026-04-03T02:18:29.660+0600][71.561s][info][gc,stats    ]   Rebuild Free Set                   41 us
[2026-04-03T02:18:29.660+0600][71.561s][info][gc,stats    ] Concurrent Cleanup                  576 us
[2026-04-03T02:18:29.660+0600][71.561s][info][gc,stats    ] Pacing                           202457 us
[2026-04-03T02:18:29.660+0600][71.561s][info][gc,stats    ] 
[2026-04-03T02:18:29.660+0600][71.561s][info][gc,stats    ] Allocation pacing accrued:
[2026-04-03T02:18:29.660+0600][71.561s][info][gc,stats    ]      11 of   418 ms (  2.7%): Spark Context Cleaner
[2026-04-03T02:18:29.660+0600][71.561s][info][gc,stats    ]      21 of   418 ms (  5.1%): Executor task launch worker for task 3.0 in stage 2780.0 (TID 5258)
[2026-04-03T02:18:29.660+0600][71.561s][info][gc,stats    ]      19 of   418 ms (  4.5%): Executor task launch worker for task 6.0 in stage 2780.0 (TID 5261)
[2026-04-03T02:18:29.660+0600][71.561s][info][gc,stats    ]      23 of   418 ms (  5.4%): Executor task launch worker for task 5.0 in stage 2780.0 (TID 5260)
[2026-04-03T02:18:29.660+0600][71.561s][info][gc,stats    ]      25 of   418 ms (  5.9%): Executor task launch worker for task 7.0 in stage 2780.0 (TID 5262)
[2026-04-03T02:18:29.660+0600][71.561s][info][gc,stats    ]      27 of   418 ms (  6.4%): Executor task launch worker for task 2.0 in stage 2780.0 (TID 5257)
[2026-04-03T02:18:29.660+0600][71.561s][info][gc,stats    ]      25 of   418 ms (  6.1%): Executor task launch worker for task 4.0 in stage 2780.0 (TID 5259)
[2026-04-03T02:18:29.660+0600][71.561s][info][gc,stats    ]      26 of   418 ms (  6.3%): Executor task launch worker for task 0.0 in stage 2780.0 (TID 5255)
[2026-04-03T02:18:29.660+0600][71.561s][info][gc,stats    ]      25 of   418 ms (  6.0%): Executor task launch worker for task 1.0 in stage 2780.0 (TID 5256)
[2026-04-03T02:18:29.660+0600][71.561s][info][gc,stats    ]     202 of   418 ms ( 48.4%): <total>
[2026-04-03T02:18:29.660+0600][71.561s][info][gc,stats    ]       1 of   418 ms (  0.2%): <average total>
[2026-04-03T02:18:29.660+0600][71.561s][info][gc,stats    ]      22 of   418 ms (  5.4%): <average non-zero>
[2026-04-03T02:18:29.660+0600][71.561s][info][gc,stats    ] 
[2026-04-03T02:18:29.660+0600][71.562s][info][gc,metaspace] Metaspace: 131556K(132928K)->131556K(132928K) NonClass: 115035K(115712K)->115035K(115712K) Class: 16521K(17216K)->16521K(17216K)
[2026-04-03T02:18:29.660+0600][71.562s][info][gc,ergo     ] Pacer for Idle. Initial: 15360K, Alloc Tax Rate: 1.0x
[2026-04-03T02:18:29.922+0600][71.823s][info][gc          ] Trigger: Average GC time (168.11 ms) is above the time for average allocation rate (1046 MB/s) to deplete free headroom (174M) (margin of error = 1.85)
[2026-04-03T02:18:29.922+0600][71.823s][info][gc,ergo     ] Free headroom: 211M (free) - 38400K (spike) - 0B (penalties) = 174M
[2026-04-03T02:18:29.922+0600][71.823s][info][gc,ergo     ] Free: 211M, Max: 256K regular, 150M humongous, Frag: 29% external, 1% internal; Reserve: 38400K, Max: 256K
[2026-04-03T02:18:29.922+0600][71.823s][info][gc,start    ] GC(120) Concurrent reset
[2026-04-03T02:18:29.922+0600][71.823s][info][gc,task     ] GC(120) Using 3 of 6 workers for concurrent reset
[2026-04-03T02:18:29.922+0600][71.823s][info][gc,ergo     ] GC(120) Pacer for Reset. Non-Taxable: 750M
[2026-04-03T02:18:29.923+0600][71.824s][info][gc          ] GC(120) Concurrent reset 0.714ms
[2026-04-03T02:18:29.923+0600][71.824s][info][gc,start    ] GC(120) Pause Init Mark (unload classes)
[2026-04-03T02:18:29.923+0600][71.824s][info][gc,task     ] GC(120) Using 6 of 6 workers for init marking
[2026-04-03T02:18:29.923+0600][71.824s][info][gc,ergo     ] GC(120) Pacer for Mark. Expected Live: 94589K, Free: 211M, Non-Taxable: 21641K, Alloc Tax Rate: 0.5x
[2026-04-03T02:18:29.923+0600][71.824s][info][gc          ] GC(120) Pause Init Mark (unload classes) 0.133ms
[2026-04-03T02:18:29.923+0600][71.824s][info][gc,start    ] GC(120) Concurrent marking roots
[2026-04-03T02:18:29.923+0600][71.825s][info][gc,task     ] GC(120) Using 3 of 6 workers for concurrent marking roots
[2026-04-03T02:18:29.924+0600][71.825s][info][gc          ] GC(120) Concurrent marking roots 0.951ms
[2026-04-03T02:18:29.924+0600][71.825s][info][gc,start    ] GC(120) Concurrent marking (unload classes)
[2026-04-03T02:18:29.924+0600][71.825s][info][gc,task     ] GC(120) Using 3 of 6 workers for concurrent marking
[2026-04-03T02:18:29.980+0600][71.881s][info][gc          ] GC(120) Concurrent marking (unload classes) 55.353ms
[2026-04-03T02:18:29.980+0600][71.881s][info][gc,start    ] GC(120) Pause Final Mark (unload classes)
[2026-04-03T02:18:29.980+0600][71.881s][info][gc,task     ] GC(120) Using 6 of 6 workers for final marking
[2026-04-03T02:18:29.980+0600][71.882s][info][gc,ergo     ] GC(120) Adaptive CSet Selection. Target Free: 106M, Actual Free: 509M, Max CSet: 32000K, Min Garbage: 0B
[2026-04-03T02:18:29.981+0600][71.882s][info][gc,ergo     ] GC(120) Collectable Garbage: 376M (97%), Immediate: 284M (73%), CSet: 93747K (23%)
[2026-04-03T02:18:29.981+0600][71.882s][info][gc,ergo     ] GC(120) Pacer for Evacuation. Used CSet: 97765K, Free: 495M, Non-Taxable: 50690K, Alloc Tax Rate: 1.1x
[2026-04-03T02:18:29.981+0600][71.882s][info][gc          ] GC(120) Pause Final Mark (unload classes) 0.778ms
[2026-04-03T02:18:29.981+0600][71.882s][info][gc,start    ] GC(120) Concurrent thread roots
[2026-04-03T02:18:29.981+0600][71.882s][info][gc,task     ] GC(120) Using 3 of 6 workers for Concurrent thread roots
[2026-04-03T02:18:29.982+0600][71.883s][info][gc          ] GC(120) Concurrent thread roots 1.160ms
[2026-04-03T02:18:29.982+0600][71.883s][info][gc,start    ] GC(120) Concurrent weak references
[2026-04-03T02:18:29.982+0600][71.883s][info][gc,task     ] GC(120) Using 3 of 6 workers for concurrent weak references
[2026-04-03T02:18:29.983+0600][71.884s][info][gc,ref      ] GC(120) Encountered references: Soft: 3784, Weak: 16167, Final: 84, Phantom: 621
[2026-04-03T02:18:29.983+0600][71.884s][info][gc,ref      ] GC(120) Discovered  references: Soft: 0, Weak: 9411, Final: 48, Phantom: 616
[2026-04-03T02:18:29.983+0600][71.884s][info][gc,ref      ] GC(120) Enqueued    references: Soft: 0, Weak: 1496, Final: 0, Phantom: 0
[2026-04-03T02:18:29.983+0600][71.884s][info][gc          ] GC(120) Concurrent weak references 1.031ms
[2026-04-03T02:18:29.983+0600][71.884s][info][gc,start    ] GC(120) Concurrent weak roots
[2026-04-03T02:18:29.983+0600][71.884s][info][gc,task     ] GC(120) Using 3 of 6 workers for concurrent weak root
[2026-04-03T02:18:29.988+0600][71.889s][info][gc          ] GC(120) Concurrent weak roots 4.934ms
[2026-04-03T02:18:29.988+0600][71.889s][info][gc,start    ] GC(120) Concurrent cleanup
[2026-04-03T02:18:29.989+0600][71.890s][info][gc          ] GC(120) Concurrent cleanup 500M->216M(676M) 0.577ms
[2026-04-03T02:18:29.989+0600][71.890s][info][gc,ergo     ] GC(120) Free: 492M, Max: 256K regular, 129M humongous, Frag: 74% external, 0% internal; Reserve: 38065K, Max: 256K
[2026-04-03T02:18:29.989+0600][71.890s][info][gc,start    ] GC(120) Concurrent class unloading
[2026-04-03T02:18:29.989+0600][71.890s][info][gc,task     ] GC(120) Using 3 of 6 workers for concurrent class unloading
[2026-04-03T02:18:30.005+0600][71.906s][info][gc          ] GC(120) Concurrent class unloading 15.697ms
[2026-04-03T02:18:30.005+0600][71.906s][info][gc,start    ] GC(120) Concurrent strong roots
[2026-04-03T02:18:30.005+0600][71.906s][info][gc,task     ] GC(120) Using 3 of 6 workers for concurrent strong root
[2026-04-03T02:18:30.006+0600][71.907s][info][gc          ] GC(120) Concurrent strong roots 1.203ms
[2026-04-03T02:18:30.006+0600][71.907s][info][gc,start    ] GC(120) Concurrent evacuation
[2026-04-03T02:18:30.006+0600][71.907s][info][gc,task     ] GC(120) Using 3 of 6 workers for concurrent evacuation
[2026-04-03T02:18:30.008+0600][71.909s][info][gc          ] GC(120) Concurrent evacuation 1.943ms
[2026-04-03T02:18:30.008+0600][71.909s][info][gc,start    ] GC(120) Pause Init Update Refs
[2026-04-03T02:18:30.008+0600][71.909s][info][gc,ergo     ] GC(120) Pacer for Update Refs. Used: 227M, Free: 484M, Non-Taxable: 49623K, Alloc Tax Rate: 1.1x
[2026-04-03T02:18:30.008+0600][71.909s][info][gc          ] GC(120) Pause Init Update Refs 0.098ms
[2026-04-03T02:18:30.008+0600][71.909s][info][gc,start    ] GC(120) Concurrent update references
[2026-04-03T02:18:30.008+0600][71.910s][info][gc,task     ] GC(120) Using 3 of 6 workers for concurrent reference update
[2026-04-03T02:18:30.044+0600][71.945s][info][gc          ] GC(120) Concurrent update references 35.164ms
[2026-04-03T02:18:30.044+0600][71.945s][info][gc,start    ] GC(120) Concurrent update thread roots
[2026-04-03T02:18:30.045+0600][71.946s][info][gc          ] GC(120) Concurrent update thread roots 1.480ms
[2026-04-03T02:18:30.045+0600][71.946s][info][gc,start    ] GC(120) Pause Final Update Refs
[2026-04-03T02:18:30.045+0600][71.947s][info][gc,task     ] GC(120) Using 6 of 6 workers for final reference update
[2026-04-03T02:18:30.046+0600][71.947s][info][gc          ] GC(120) Pause Final Update Refs 0.301ms
[2026-04-03T02:18:30.046+0600][71.947s][info][gc,start    ] GC(120) Concurrent cleanup
[2026-04-03T02:18:30.046+0600][71.947s][info][gc          ] GC(120) Concurrent cleanup 247M->152M(676M) 0.326ms
[2026-04-03T02:18:30.046+0600][71.947s][info][gc,ergo     ] Free: 555M, Max: 256K regular, 166M humongous, Frag: 70% external, 0% internal; Reserve: 38400K, Max: 256K
[2026-04-03T02:18:30.046+0600][71.948s][info][gc,stats    ] 
[2026-04-03T02:18:30.046+0600][71.948s][info][gc,stats    ] All times are wall-clock times, except per-root-class counters, that are sum over
[2026-04-03T02:18:30.046+0600][71.948s][info][gc,stats    ] all workers. Dividing the <total> over the root stage time estimates parallelism.
[2026-04-03T02:18:30.046+0600][71.948s][info][gc,stats    ] 
[2026-04-03T02:18:30.046+0600][71.948s][info][gc,stats    ] Concurrent Reset                    757 us
[2026-04-03T02:18:30.046+0600][71.948s][info][gc,stats    ] Pause Init Mark (G)                 492 us
[2026-04-03T02:18:30.046+0600][71.948s][info][gc,stats    ] Pause Init Mark (N)                 142 us
[2026-04-03T02:18:30.046+0600][71.948s][info][gc,stats    ]   Update Region States               35 us
[2026-04-03T02:18:30.046+0600][71.948s][info][gc,stats    ] Concurrent Mark Roots               984 us, parallelism: 1.63x
[2026-04-03T02:18:30.046+0600][71.948s][info][gc,stats    ]   CMR: <total>                     1599 us
[2026-04-03T02:18:30.047+0600][71.948s][info][gc,stats    ]   CMR: Thread Roots                1284 us, workers (us): 247, 519, 518, ---, ---, ---, 
[2026-04-03T02:18:30.047+0600][71.948s][info][gc,stats    ]   CMR: VM Strong Roots               41 us, workers (us):  24,  11,   6, ---, ---, ---, 
[2026-04-03T02:18:30.047+0600][71.948s][info][gc,stats    ]   CMR: CLDG Roots                   274 us, workers (us): 274, ---, ---, ---, ---, ---, 
[2026-04-03T02:18:30.047+0600][71.948s][info][gc,stats    ] Concurrent Marking                55459 us
[2026-04-03T02:18:30.047+0600][71.948s][info][gc,stats    ] Pause Final Mark (G)               1065 us
[2026-04-03T02:18:30.047+0600][71.948s][info][gc,stats    ] Pause Final Mark (N)                798 us
[2026-04-03T02:18:30.047+0600][71.948s][info][gc,stats    ]   Finish Mark                       288 us
[2026-04-03T02:18:30.047+0600][71.948s][info][gc,stats    ]   Update Region States               49 us
[2026-04-03T02:18:30.047+0600][71.948s][info][gc,stats    ]   Choose Collection Set             268 us
[2026-04-03T02:18:30.047+0600][71.948s][info][gc,stats    ]   Rebuild Free Set                   62 us
[2026-04-03T02:18:30.047+0600][71.948s][info][gc,stats    ] Concurrent Thread Roots            1207 us, parallelism: 2.31x
[2026-04-03T02:18:30.047+0600][71.948s][info][gc,stats    ]   CTR: <total>                     2794 us
[2026-04-03T02:18:30.047+0600][71.948s][info][gc,stats    ]   CTR: Thread Roots                2794 us, workers (us): 963, 918, 913, ---, ---, ---, 
[2026-04-03T02:18:30.047+0600][71.948s][info][gc,stats    ] Concurrent Weak References         1045 us, parallelism: 1.41x
[2026-04-03T02:18:30.047+0600][71.948s][info][gc,stats    ]   CWRF: <total>                    1474 us
[2026-04-03T02:18:30.047+0600][71.948s][info][gc,stats    ]   CWRF: Weak References            1474 us, workers (us): 789, 328, 356, ---, ---, ---, 
[2026-04-03T02:18:30.047+0600][71.948s][info][gc,stats    ] Concurrent Weak Roots              5053 us
[2026-04-03T02:18:30.047+0600][71.948s][info][gc,stats    ]   Roots                            4472 us, parallelism: 2.72x
[2026-04-03T02:18:30.047+0600][71.948s][info][gc,stats    ]     CWR: <total>                  12158 us
[2026-04-03T02:18:30.047+0600][71.948s][info][gc,stats    ]     CWR: Code Cache Roots          9483 us, workers (us): 3169, 3142, 3172, ---, ---, ---, 
[2026-04-03T02:18:30.047+0600][71.948s][info][gc,stats    ]     CWR: VM Weak Roots             2543 us, workers (us): 854, 847, 841, ---, ---, ---, 
[2026-04-03T02:18:30.047+0600][71.948s][info][gc,stats    ]     CWR: CLDG Roots                 132 us, workers (us): 132, ---, ---, ---, ---, ---, 
[2026-04-03T02:18:30.047+0600][71.948s][info][gc,stats    ]   Rendezvous                        433 us
[2026-04-03T02:18:30.047+0600][71.948s][info][gc,stats    ] Concurrent Cleanup                  608 us
[2026-04-03T02:18:30.047+0600][71.948s][info][gc,stats    ] Concurrent Class Unloading        15791 us
[2026-04-03T02:18:30.047+0600][71.948s][info][gc,stats    ]   Unlink Stale                    14707 us
[2026-04-03T02:18:30.047+0600][71.948s][info][gc,stats    ]     System Dictionary               341 us
[2026-04-03T02:18:30.047+0600][71.948s][info][gc,stats    ]     Weak Class Links                  1 us
[2026-04-03T02:18:30.047+0600][71.948s][info][gc,stats    ]     Code Roots                    14360 us
[2026-04-03T02:18:30.047+0600][71.948s][info][gc,stats    ]   Rendezvous                        425 us
[2026-04-03T02:18:30.047+0600][71.948s][info][gc,stats    ]   Purge Unlinked                    498 us
[2026-04-03T02:18:30.047+0600][71.948s][info][gc,stats    ]     Code Roots                      483 us
[2026-04-03T02:18:30.047+0600][71.948s][info][gc,stats    ]     CLDG                             13 us
[2026-04-03T02:18:30.047+0600][71.948s][info][gc,stats    ]     Exception Caches                  0 us
[2026-04-03T02:18:30.047+0600][71.948s][info][gc,stats    ] Concurrent Strong Roots            1261 us, parallelism: 0.60x
[2026-04-03T02:18:30.047+0600][71.948s][info][gc,stats    ]   CSR: <total>                      763 us
[2026-04-03T02:18:30.047+0600][71.948s][info][gc,stats    ]   CSR: VM Strong Roots               40 us, workers (us):  38,   1,   0, ---, ---, ---, 
[2026-04-03T02:18:30.047+0600][71.948s][info][gc,stats    ]   CSR: CLDG Roots                   723 us, workers (us): 723, ---, ---, ---, ---, ---, 
[2026-04-03T02:18:30.047+0600][71.948s][info][gc,stats    ] Concurrent Evacuation              1997 us
[2026-04-03T02:18:30.047+0600][71.948s][info][gc,stats    ] Pause Init Update Refs (G)          425 us
[2026-04-03T02:18:30.047+0600][71.948s][info][gc,stats    ] Pause Init Update Refs (N)          112 us
[2026-04-03T02:18:30.047+0600][71.948s][info][gc,stats    ]   Manage GCLABs                      34 us
[2026-04-03T02:18:30.047+0600][71.948s][info][gc,stats    ] Concurrent Update Refs            35250 us
[2026-04-03T02:18:30.047+0600][71.948s][info][gc,stats    ] Concurrent Update Thread Roots     1558 us
[2026-04-03T02:18:30.047+0600][71.948s][info][gc,stats    ] Pause Final Update Refs (G)         733 us
[2026-04-03T02:18:30.047+0600][71.948s][info][gc,stats    ] Pause Final Update Refs (N)         342 us
[2026-04-03T02:18:30.047+0600][71.948s][info][gc,stats    ]   Update Region States               70 us
[2026-04-03T02:18:30.047+0600][71.948s][info][gc,stats    ]   Trash Collection Set               24 us
[2026-04-03T02:18:30.047+0600][71.948s][info][gc,stats    ]   Rebuild Free Set                   62 us
[2026-04-03T02:18:30.047+0600][71.948s][info][gc,stats    ] Concurrent Cleanup                  363 us
[2026-04-03T02:18:30.047+0600][71.948s][info][gc,stats    ] 
[2026-04-03T02:18:30.047+0600][71.948s][info][gc,stats    ] Allocation pacing accrued:
[2026-04-03T02:18:30.047+0600][71.948s][info][gc,stats    ]       0 of   387 ms (  0.0%): <total>
[2026-04-03T02:18:30.047+0600][71.948s][info][gc,stats    ]       0 of   387 ms (  0.0%): <average total>
[2026-04-03T02:18:30.047+0600][71.948s][info][gc,stats    ] 
[2026-04-03T02:18:30.047+0600][71.948s][info][gc,metaspace] Metaspace: 131559K(132928K)->131565K(132928K) NonClass: 115037K(115712K)->115043K(115712K) Class: 16521K(17216K)->16521K(17216K)
[2026-04-03T02:18:30.047+0600][71.948s][info][gc,ergo     ] Pacer for Idle. Initial: 15360K, Alloc Tax Rate: 1.0x
[2026-04-03T02:18:30.311+0600][72.212s][info][gc          ] Trigger: Average GC time (164.49 ms) is above the time for average allocation rate (1180 MB/s) to deplete free headroom (194M) (margin of error = 1.84)
[2026-04-03T02:18:30.311+0600][72.213s][info][gc,ergo     ] Free headroom: 231M (free) - 38400K (spike) - 0B (penalties) = 194M
[2026-04-03T02:18:30.311+0600][72.213s][info][gc,ergo     ] Free: 231M, Max: 256K regular, 129M humongous, Frag: 44% external, 0% internal; Reserve: 38400K, Max: 256K
[2026-04-03T02:18:30.311+0600][72.213s][info][gc,start    ] GC(121) Concurrent reset
[2026-04-03T02:18:30.311+0600][72.213s][info][gc,task     ] GC(121) Using 3 of 6 workers for concurrent reset
[2026-04-03T02:18:30.311+0600][72.213s][info][gc,ergo     ] GC(121) Pacer for Reset. Non-Taxable: 750M
[2026-04-03T02:18:30.312+0600][72.213s][info][gc          ] GC(121) Concurrent reset 0.814ms
[2026-04-03T02:18:30.312+0600][72.214s][info][gc,start    ] GC(121) Pause Init Mark (unload classes)
[2026-04-03T02:18:30.313+0600][72.214s][info][gc,task     ] GC(121) Using 6 of 6 workers for init marking
[2026-04-03T02:18:30.313+0600][72.214s][info][gc,ergo     ] GC(121) Pacer for Mark. Expected Live: 94457K, Free: 231M, Non-Taxable: 23713K, Alloc Tax Rate: 0.5x
[2026-04-03T02:18:30.313+0600][72.214s][info][gc          ] GC(121) Pause Init Mark (unload classes) 0.121ms
[2026-04-03T02:18:30.313+0600][72.214s][info][gc,start    ] GC(121) Concurrent marking roots
[2026-04-03T02:18:30.313+0600][72.214s][info][gc,task     ] GC(121) Using 3 of 6 workers for concurrent marking roots
[2026-04-03T02:18:30.314+0600][72.215s][info][gc          ] GC(121) Concurrent marking roots 1.071ms
[2026-04-03T02:18:30.314+0600][72.215s][info][gc,start    ] GC(121) Concurrent marking (unload classes)
[2026-04-03T02:18:30.314+0600][72.215s][info][gc,task     ] GC(121) Using 3 of 6 workers for concurrent marking
[2026-04-03T02:18:30.353+0600][72.254s][info][gc          ] GC(121) Concurrent marking (unload classes) 39.448ms
[2026-04-03T02:18:30.353+0600][72.255s][info][gc,start    ] GC(121) Pause Final Mark (unload classes)
[2026-04-03T02:18:30.353+0600][72.255s][info][gc,task     ] GC(121) Using 6 of 6 workers for final marking
[2026-04-03T02:18:30.354+0600][72.255s][info][gc,ergo     ] GC(121) Adaptive CSet Selection. Target Free: 106M, Actual Free: 581M, Max CSet: 32000K, Min Garbage: 0B
[2026-04-03T02:18:30.354+0600][72.255s][info][gc,ergo     ] GC(121) Collectable Garbage: 364M (97%), Immediate: 328M (87%), CSet: 37210K (9%)
[2026-04-03T02:18:30.354+0600][72.255s][info][gc,ergo     ] GC(121) Pacer for Evacuation. Used CSet: 39077K, Free: 559M, Non-Taxable: 57322K, Alloc Tax Rate: 1.1x
[2026-04-03T02:18:30.354+0600][72.255s][info][gc          ] GC(121) Pause Final Mark (unload classes) 0.675ms
[2026-04-03T02:18:30.354+0600][72.255s][info][gc,start    ] GC(121) Concurrent thread roots
[2026-04-03T02:18:30.354+0600][72.255s][info][gc,task     ] GC(121) Using 3 of 6 workers for Concurrent thread roots
[2026-04-03T02:18:30.355+0600][72.256s][info][gc          ] GC(121) Concurrent thread roots 0.876ms
[2026-04-03T02:18:30.355+0600][72.256s][info][gc,start    ] GC(121) Concurrent weak references
[2026-04-03T02:18:30.355+0600][72.256s][info][gc,task     ] GC(121) Using 3 of 6 workers for concurrent weak references
[2026-04-03T02:18:30.356+0600][72.257s][info][gc,ref      ] GC(121) Encountered references: Soft: 3784, Weak: 15339, Final: 84, Phantom: 621
[2026-04-03T02:18:30.356+0600][72.257s][info][gc,ref      ] GC(121) Discovered  references: Soft: 0, Weak: 8816, Final: 0, Phantom: 616
[2026-04-03T02:18:30.356+0600][72.257s][info][gc,ref      ] GC(121) Enqueued    references: Soft: 0, Weak: 713, Final: 0, Phantom: 0
[2026-04-03T02:18:30.356+0600][72.257s][info][gc          ] GC(121) Concurrent weak references 1.320ms
[2026-04-03T02:18:30.356+0600][72.257s][info][gc,start    ] GC(121) Concurrent weak roots
[2026-04-03T02:18:30.356+0600][72.257s][info][gc,task     ] GC(121) Using 3 of 6 workers for concurrent weak root
[2026-04-03T02:18:30.361+0600][72.262s][info][gc          ] GC(121) Concurrent weak roots 4.550ms
[2026-04-03T02:18:30.361+0600][72.262s][info][gc,start    ] GC(121) Concurrent cleanup
[2026-04-03T02:18:30.362+0600][72.263s][info][gc          ] GC(121) Concurrent cleanup 483M->154M(676M) 0.712ms
[2026-04-03T02:18:30.362+0600][72.263s][info][gc,ergo     ] GC(121) Free: 554M, Max: 256K regular, 130M humongous, Frag: 77% external, 0% internal; Reserve: 38266K, Max: 256K
[2026-04-03T02:18:30.362+0600][72.263s][info][gc,start    ] GC(121) Concurrent class unloading
[2026-04-03T02:18:30.362+0600][72.263s][info][gc,task     ] GC(121) Using 3 of 6 workers for concurrent class unloading
[2026-04-03T02:18:30.380+0600][72.281s][info][gc          ] GC(121) Concurrent class unloading 17.881ms
[2026-04-03T02:18:30.380+0600][72.281s][info][gc,start    ] GC(121) Concurrent strong roots
[2026-04-03T02:18:30.380+0600][72.281s][info][gc,task     ] GC(121) Using 3 of 6 workers for concurrent strong root
[2026-04-03T02:18:30.381+0600][72.282s][info][gc          ] GC(121) Concurrent strong roots 1.428ms
[2026-04-03T02:18:30.381+0600][72.282s][info][gc,start    ] GC(121) Concurrent evacuation
[2026-04-03T02:18:30.381+0600][72.282s][info][gc,task     ] GC(121) Using 3 of 6 workers for concurrent evacuation
[2026-04-03T02:18:30.383+0600][72.284s][info][gc          ] GC(121) Concurrent evacuation 1.157ms
[2026-04-03T02:18:30.383+0600][72.284s][info][gc,start    ] GC(121) Pause Init Update Refs
[2026-04-03T02:18:30.383+0600][72.284s][info][gc,ergo     ] GC(121) Pacer for Update Refs. Used: 174M, Free: 537M, Non-Taxable: 55017K, Alloc Tax Rate: 1.1x
[2026-04-03T02:18:30.383+0600][72.284s][info][gc          ] GC(121) Pause Init Update Refs 0.131ms
[2026-04-03T02:18:30.383+0600][72.284s][info][gc,start    ] GC(121) Concurrent update references
[2026-04-03T02:18:30.383+0600][72.284s][info][gc,task     ] GC(121) Using 3 of 6 workers for concurrent reference update
[2026-04-03T02:18:30.423+0600][72.325s][info][gc          ] GC(121) Concurrent update references 40.450ms
[2026-04-03T02:18:30.424+0600][72.325s][info][gc,start    ] GC(121) Concurrent update thread roots
[2026-04-03T02:18:30.425+0600][72.326s][info][gc          ] GC(121) Concurrent update thread roots 1.577ms
[2026-04-03T02:18:30.425+0600][72.326s][info][gc,start    ] GC(121) Pause Final Update Refs
[2026-04-03T02:18:30.425+0600][72.326s][info][gc,task     ] GC(121) Using 6 of 6 workers for final reference update
[2026-04-03T02:18:30.425+0600][72.327s][info][gc          ] GC(121) Pause Final Update Refs 0.159ms
[2026-04-03T02:18:30.426+0600][72.327s][info][gc,start    ] GC(121) Concurrent cleanup
[2026-04-03T02:18:30.426+0600][72.327s][info][gc          ] GC(121) Concurrent cleanup 349M->311M(676M) 0.243ms
[2026-04-03T02:18:30.426+0600][72.327s][info][gc,ergo     ] Free: 387M, Max: 256K regular, 176M humongous, Frag: 55% external, 1% internal; Reserve: 38400K, Max: 256K
[2026-04-03T02:18:30.426+0600][72.327s][info][gc,stats    ] 
[2026-04-03T02:18:30.426+0600][72.327s][info][gc,stats    ] All times are wall-clock times, except per-root-class counters, that are sum over
[2026-04-03T02:18:30.426+0600][72.327s][info][gc,stats    ] all workers. Dividing the <total> over the root stage time estimates parallelism.
[2026-04-03T02:18:30.426+0600][72.327s][info][gc,stats    ] 
[2026-04-03T02:18:30.426+0600][72.327s][info][gc,stats    ] Concurrent Reset                    868 us
[2026-04-03T02:18:30.426+0600][72.327s][info][gc,stats    ] Pause Init Mark (G)                 310 us
[2026-04-03T02:18:30.426+0600][72.327s][info][gc,stats    ] Pause Init Mark (N)                 128 us
[2026-04-03T02:18:30.426+0600][72.327s][info][gc,stats    ]   Update Region States               30 us
[2026-04-03T02:18:30.426+0600][72.327s][info][gc,stats    ] Concurrent Mark Roots              1112 us, parallelism: 1.68x
[2026-04-03T02:18:30.426+0600][72.327s][info][gc,stats    ]   CMR: <total>                     1869 us
[2026-04-03T02:18:30.426+0600][72.327s][info][gc,stats    ]   CMR: Thread Roots                1644 us, workers (us): 609, 612, 424, ---, ---, ---, 
[2026-04-03T02:18:30.426+0600][72.327s][info][gc,stats    ]   CMR: VM Strong Roots               40 us, workers (us):  16,  14,  10, ---, ---, ---, 
[2026-04-03T02:18:30.426+0600][72.327s][info][gc,stats    ]   CMR: CLDG Roots                   185 us, workers (us): ---, ---, 185, ---, ---, ---, 
[2026-04-03T02:18:30.426+0600][72.327s][info][gc,stats    ] Concurrent Marking                39515 us
[2026-04-03T02:18:30.426+0600][72.327s][info][gc,stats    ] Pause Final Mark (G)                845 us
[2026-04-03T02:18:30.426+0600][72.327s][info][gc,stats    ] Pause Final Mark (N)                687 us
[2026-04-03T02:18:30.426+0600][72.327s][info][gc,stats    ]   Finish Mark                       264 us
[2026-04-03T02:18:30.426+0600][72.327s][info][gc,stats    ]   Update Region States               50 us
[2026-04-03T02:18:30.426+0600][72.327s][info][gc,stats    ]   Choose Collection Set             231 us
[2026-04-03T02:18:30.426+0600][72.327s][info][gc,stats    ]   Rebuild Free Set                   33 us
[2026-04-03T02:18:30.426+0600][72.327s][info][gc,stats    ] Concurrent Thread Roots             922 us, parallelism: 2.24x
[2026-04-03T02:18:30.426+0600][72.327s][info][gc,stats    ]   CTR: <total>                     2062 us
[2026-04-03T02:18:30.426+0600][72.327s][info][gc,stats    ]   CTR: Thread Roots                2062 us, workers (us): 706, 689, 668, ---, ---, ---, 
[2026-04-03T02:18:30.426+0600][72.327s][info][gc,stats    ] Concurrent Weak References         1330 us, parallelism: 0.95x
[2026-04-03T02:18:30.426+0600][72.327s][info][gc,stats    ]   CWRF: <total>                    1258 us
[2026-04-03T02:18:30.426+0600][72.327s][info][gc,stats    ]   CWRF: Weak References            1258 us, workers (us): 160, 1036,  62, ---, ---, ---, 
[2026-04-03T02:18:30.426+0600][72.327s][info][gc,stats    ] Concurrent Weak Roots              4624 us
[2026-04-03T02:18:30.426+0600][72.327s][info][gc,stats    ]   Roots                            4080 us, parallelism: 2.70x
[2026-04-03T02:18:30.426+0600][72.327s][info][gc,stats    ]     CWR: <total>                  11023 us
[2026-04-03T02:18:30.426+0600][72.327s][info][gc,stats    ]     CWR: Code Cache Roots          9003 us, workers (us): 3048, 3111, 2844, ---, ---, ---, 
[2026-04-03T02:18:30.426+0600][72.327s][info][gc,stats    ]     CWR: VM Weak Roots             1913 us, workers (us): 664, 639, 610, ---, ---, ---, 
[2026-04-03T02:18:30.426+0600][72.327s][info][gc,stats    ]     CWR: CLDG Roots                 106 us, workers (us): ---, ---, 106, ---, ---, ---, 
[2026-04-03T02:18:30.426+0600][72.327s][info][gc,stats    ]   Rendezvous                        445 us
[2026-04-03T02:18:30.426+0600][72.327s][info][gc,stats    ] Concurrent Cleanup                  733 us
[2026-04-03T02:18:30.426+0600][72.327s][info][gc,stats    ] Concurrent Class Unloading        18033 us
[2026-04-03T02:18:30.426+0600][72.327s][info][gc,stats    ]   Unlink Stale                    16280 us
[2026-04-03T02:18:30.426+0600][72.327s][info][gc,stats    ]     System Dictionary               249 us
[2026-04-03T02:18:30.426+0600][72.327s][info][gc,stats    ]     Weak Class Links                  0 us
[2026-04-03T02:18:30.426+0600][72.327s][info][gc,stats    ]     Code Roots                    16027 us
[2026-04-03T02:18:30.426+0600][72.327s][info][gc,stats    ]   Rendezvous                        366 us
[2026-04-03T02:18:30.426+0600][72.327s][info][gc,stats    ]   Purge Unlinked                   1207 us
[2026-04-03T02:18:30.426+0600][72.327s][info][gc,stats    ]     Code Roots                     1192 us
[2026-04-03T02:18:30.426+0600][72.327s][info][gc,stats    ]     CLDG                             13 us
[2026-04-03T02:18:30.426+0600][72.327s][info][gc,stats    ]     Exception Caches                  1 us
[2026-04-03T02:18:30.426+0600][72.327s][info][gc,stats    ] Concurrent Strong Roots            1504 us, parallelism: 0.68x
[2026-04-03T02:18:30.426+0600][72.327s][info][gc,stats    ]   CSR: <total>                     1016 us
[2026-04-03T02:18:30.426+0600][72.327s][info][gc,stats    ]   CSR: VM Strong Roots               50 us, workers (us):  26,  23,   0, ---, ---, ---, 
[2026-04-03T02:18:30.426+0600][72.328s][info][gc,stats    ]   CSR: CLDG Roots                   967 us, workers (us): 967, ---, ---, ---, ---, ---, 
[2026-04-03T02:18:30.426+0600][72.328s][info][gc,stats    ] Concurrent Evacuation              1239 us
[2026-04-03T02:18:30.426+0600][72.328s][info][gc,stats    ] Pause Init Update Refs (G)          374 us
[2026-04-03T02:18:30.426+0600][72.328s][info][gc,stats    ] Pause Init Update Refs (N)          147 us
[2026-04-03T02:18:30.426+0600][72.328s][info][gc,stats    ]   Manage GCLABs                      49 us
[2026-04-03T02:18:30.426+0600][72.328s][info][gc,stats    ] Concurrent Update Refs            40567 us
[2026-04-03T02:18:30.426+0600][72.328s][info][gc,stats    ] Concurrent Update Thread Roots     1626 us
[2026-04-03T02:18:30.426+0600][72.328s][info][gc,stats    ] Pause Final Update Refs (G)         399 us
[2026-04-03T02:18:30.426+0600][72.328s][info][gc,stats    ] Pause Final Update Refs (N)         206 us
[2026-04-03T02:18:30.426+0600][72.328s][info][gc,stats    ]   Update Region States               54 us
[2026-04-03T02:18:30.426+0600][72.328s][info][gc,stats    ]   Trash Collection Set               14 us
[2026-04-03T02:18:30.426+0600][72.328s][info][gc,stats    ]   Rebuild Free Set                   37 us
[2026-04-03T02:18:30.427+0600][72.328s][info][gc,stats    ] Concurrent Cleanup                  267 us
[2026-04-03T02:18:30.427+0600][72.328s][info][gc,stats    ] 
[2026-04-03T02:18:30.427+0600][72.328s][info][gc,stats    ] Allocation pacing accrued:
[2026-04-03T02:18:30.427+0600][72.328s][info][gc,stats    ]       5 of   379 ms (  1.3%): Executor task launch worker for task 2.0 in stage 2898.0 (TID 5343)
[2026-04-03T02:18:30.427+0600][72.328s][info][gc,stats    ]       5 of   379 ms (  1.4%): Executor task launch worker for task 0.0 in stage 2898.0 (TID 5341)
[2026-04-03T02:18:30.427+0600][72.328s][info][gc,stats    ]       5 of   379 ms (  1.3%): Executor task launch worker for task 1.0 in stage 2898.0 (TID 5342)
[2026-04-03T02:18:30.427+0600][72.328s][info][gc,stats    ]       5 of   379 ms (  1.2%): Executor task launch worker for task 3.0 in stage 2898.0 (TID 5344)
[2026-04-03T02:18:30.427+0600][72.328s][info][gc,stats    ]      20 of   379 ms (  5.2%): <total>
[2026-04-03T02:18:30.427+0600][72.328s][info][gc,stats    ]       0 of   379 ms (  0.0%): <average total>
[2026-04-03T02:18:30.427+0600][72.328s][info][gc,stats    ]       5 of   379 ms (  1.3%): <average non-zero>
[2026-04-03T02:18:30.427+0600][72.328s][info][gc,stats    ] 
[2026-04-03T02:18:30.427+0600][72.328s][info][gc,metaspace] Metaspace: 131570K(132928K)->131571K(132928K) NonClass: 115047K(115712K)->115048K(115712K) Class: 16523K(17216K)->16523K(17216K)
[2026-04-03T02:18:30.427+0600][72.328s][info][gc,ergo     ] Pacer for Idle. Initial: 15360K, Alloc Tax Rate: 1.0x
[2026-04-03T02:18:30.442+0600][72.343s][info][gc          ] Trigger: Average GC time (154.63 ms) is above the time for average allocation rate (1627 MB/s) to deplete free headroom (244M) (margin of error = 1.86)
[2026-04-03T02:18:30.442+0600][72.343s][info][gc,ergo     ] Free headroom: 282M (free) - 38400K (spike) - 0B (penalties) = 244M
[2026-04-03T02:18:30.442+0600][72.343s][info][gc,ergo     ] Free: 282M, Max: 256K regular, 176M humongous, Frag: 38% external, 1% internal; Reserve: 38400K, Max: 256K
[2026-04-03T02:18:30.442+0600][72.343s][info][gc,start    ] GC(122) Concurrent reset
[2026-04-03T02:18:30.442+0600][72.343s][info][gc,task     ] GC(122) Using 3 of 6 workers for concurrent reset
[2026-04-03T02:18:30.442+0600][72.343s][info][gc,ergo     ] GC(122) Pacer for Reset. Non-Taxable: 750M
[2026-04-03T02:18:30.443+0600][72.344s][info][gc          ] GC(122) Concurrent reset 0.776ms
[2026-04-03T02:18:30.444+0600][72.345s][info][gc,start    ] GC(122) Pause Init Mark (unload classes)
[2026-04-03T02:18:30.444+0600][72.345s][info][gc,task     ] GC(122) Using 6 of 6 workers for init marking
[2026-04-03T02:18:30.444+0600][72.345s][info][gc,ergo     ] GC(122) Pacer for Mark. Expected Live: 94451K, Free: 272M, Non-Taxable: 27872K, Alloc Tax Rate: 0.4x
[2026-04-03T02:18:30.444+0600][72.345s][info][gc          ] GC(122) Pause Init Mark (unload classes) 0.137ms
[2026-04-03T02:18:30.444+0600][72.345s][info][gc,start    ] GC(122) Concurrent marking roots
[2026-04-03T02:18:30.444+0600][72.345s][info][gc,task     ] GC(122) Using 3 of 6 workers for concurrent marking roots
[2026-04-03T02:18:30.445+0600][72.346s][info][gc          ] GC(122) Concurrent marking roots 1.154ms
[2026-04-03T02:18:30.445+0600][72.346s][info][gc,start    ] GC(122) Concurrent marking (unload classes)
[2026-04-03T02:18:30.445+0600][72.346s][info][gc,task     ] GC(122) Using 3 of 6 workers for concurrent marking
[2026-04-03T02:18:30.500+0600][72.401s][info][gc          ] GC(122) Concurrent marking (unload classes) 54.783ms
[2026-04-03T02:18:30.500+0600][72.401s][info][gc,start    ] GC(122) Pause Final Mark (unload classes)
[2026-04-03T02:18:30.500+0600][72.401s][info][gc,task     ] GC(122) Using 6 of 6 workers for final marking
[2026-04-03T02:18:30.501+0600][72.402s][info][gc,ergo     ] GC(122) Adaptive CSet Selection. Target Free: 106M, Actual Free: 523M, Max CSet: 32000K, Min Garbage: 0B
[2026-04-03T02:18:30.501+0600][72.402s][info][gc,ergo     ] GC(122) Collectable Garbage: 313M (97%), Immediate: 278M (86%), CSet: 35782K (10%)
[2026-04-03T02:18:30.501+0600][72.402s][info][gc,ergo     ] GC(122) Pacer for Evacuation. Used CSet: 40845K, Free: 505M, Non-Taxable: 51739K, Alloc Tax Rate: 1.1x
[2026-04-03T02:18:30.501+0600][72.402s][info][gc          ] GC(122) Pause Final Mark (unload classes) 0.717ms
[2026-04-03T02:18:30.501+0600][72.402s][info][gc,start    ] GC(122) Concurrent thread roots
[2026-04-03T02:18:30.501+0600][72.402s][info][gc,task     ] GC(122) Using 3 of 6 workers for Concurrent thread roots
[2026-04-03T02:18:30.502+0600][72.403s][info][gc          ] GC(122) Concurrent thread roots 0.903ms
[2026-04-03T02:18:30.502+0600][72.403s][info][gc,start    ] GC(122) Concurrent weak references
[2026-04-03T02:18:30.502+0600][72.403s][info][gc,task     ] GC(122) Using 3 of 6 workers for concurrent weak references
[2026-04-03T02:18:30.503+0600][72.404s][info][gc,ref      ] GC(122) Encountered references: Soft: 3786, Weak: 14787, Final: 84, Phantom: 630
[2026-04-03T02:18:30.503+0600][72.404s][info][gc,ref      ] GC(122) Discovered  references: Soft: 0, Weak: 7319, Final: 0, Phantom: 625
[2026-04-03T02:18:30.503+0600][72.404s][info][gc,ref      ] GC(122) Enqueued    references: Soft: 0, Weak: 94, Final: 0, Phantom: 0
[2026-04-03T02:18:30.503+0600][72.404s][info][gc          ] GC(122) Concurrent weak references 0.827ms
[2026-04-03T02:18:30.503+0600][72.404s][info][gc,start    ] GC(122) Concurrent weak roots
[2026-04-03T02:18:30.503+0600][72.404s][info][gc,task     ] GC(122) Using 3 of 6 workers for concurrent weak root
[2026-04-03T02:18:30.506+0600][72.407s][info][gc          ] GC(122) Concurrent weak roots 3.660ms
[2026-04-03T02:18:30.506+0600][72.408s][info][gc,start    ] GC(122) Concurrent cleanup
[2026-04-03T02:18:30.507+0600][72.408s][info][gc          ] GC(122) Concurrent cleanup 479M->201M(676M) 0.619ms
[2026-04-03T02:18:30.507+0600][72.408s][info][gc,ergo     ] GC(122) Free: 504M, Max: 256K regular, 152M humongous, Frag: 70% external, 0% internal; Reserve: 38038K, Max: 256K
[2026-04-03T02:18:30.507+0600][72.408s][info][gc,start    ] GC(122) Concurrent class unloading
[2026-04-03T02:18:30.507+0600][72.408s][info][gc,task     ] GC(122) Using 3 of 6 workers for concurrent class unloading
[2026-04-03T02:18:30.520+0600][72.422s][info][gc          ] GC(122) Concurrent class unloading 13.343ms
[2026-04-03T02:18:30.521+0600][72.422s][info][gc,start    ] GC(122) Concurrent strong roots
[2026-04-03T02:18:30.521+0600][72.422s][info][gc,task     ] GC(122) Using 3 of 6 workers for concurrent strong root
[2026-04-03T02:18:30.521+0600][72.423s][info][gc          ] GC(122) Concurrent strong roots 0.941ms
[2026-04-03T02:18:30.522+0600][72.423s][info][gc,start    ] GC(122) Concurrent evacuation
[2026-04-03T02:18:30.522+0600][72.423s][info][gc,task     ] GC(122) Using 3 of 6 workers for concurrent evacuation
[2026-04-03T02:18:30.524+0600][72.425s][info][gc          ] GC(122) Concurrent evacuation 2.079ms
[2026-04-03T02:18:30.524+0600][72.425s][info][gc,start    ] GC(122) Pause Init Update Refs
[2026-04-03T02:18:30.524+0600][72.425s][info][gc,ergo     ] GC(122) Pacer for Update Refs. Used: 215M, Free: 495M, Non-Taxable: 50706K, Alloc Tax Rate: 1.1x
[2026-04-03T02:18:30.524+0600][72.425s][info][gc          ] GC(122) Pause Init Update Refs 0.115ms
[2026-04-03T02:18:30.524+0600][72.426s][info][gc,start    ] GC(122) Concurrent update references
[2026-04-03T02:18:30.524+0600][72.426s][info][gc,task     ] GC(122) Using 3 of 6 workers for concurrent reference update
[2026-04-03T02:18:30.565+0600][72.466s][info][gc          ] GC(122) Concurrent update references 40.467ms
[2026-04-03T02:18:30.565+0600][72.466s][info][gc,start    ] GC(122) Concurrent update thread roots
[2026-04-03T02:18:30.566+0600][72.467s][info][gc          ] GC(122) Concurrent update thread roots 1.469ms
[2026-04-03T02:18:30.567+0600][72.468s][info][gc,start    ] GC(122) Pause Final Update Refs
[2026-04-03T02:18:30.567+0600][72.468s][info][gc,task     ] GC(122) Using 6 of 6 workers for final reference update
[2026-04-03T02:18:30.567+0600][72.468s][info][gc          ] GC(122) Pause Final Update Refs 0.147ms
[2026-04-03T02:18:30.567+0600][72.468s][info][gc,start    ] GC(122) Concurrent cleanup
[2026-04-03T02:18:30.567+0600][72.468s][info][gc          ] GC(122) Concurrent cleanup 418M->378M(676M) 0.478ms
[2026-04-03T02:18:30.567+0600][72.469s][info][gc,ergo     ] Free: 315M, Max: 256K regular, 152M humongous, Frag: 52% external, 2% internal; Reserve: 38400K, Max: 256K
[2026-04-03T02:18:30.567+0600][72.469s][info][gc,stats    ] 
[2026-04-03T02:18:30.567+0600][72.469s][info][gc,stats    ] All times are wall-clock times, except per-root-class counters, that are sum over
[2026-04-03T02:18:30.567+0600][72.469s][info][gc,stats    ] all workers. Dividing the <total> over the root stage time estimates parallelism.
[2026-04-03T02:18:30.567+0600][72.469s][info][gc,stats    ] 
[2026-04-03T02:18:30.567+0600][72.469s][info][gc,stats    ] Concurrent Reset                    837 us
[2026-04-03T02:18:30.567+0600][72.469s][info][gc,stats    ] Pause Init Mark (G)                 743 us
[2026-04-03T02:18:30.567+0600][72.469s][info][gc,stats    ] Pause Init Mark (N)                 147 us
[2026-04-03T02:18:30.567+0600][72.469s][info][gc,stats    ]   Update Region States               30 us
[2026-04-03T02:18:30.568+0600][72.469s][info][gc,stats    ] Concurrent Mark Roots              1206 us, parallelism: 1.74x
[2026-04-03T02:18:30.568+0600][72.469s][info][gc,stats    ]   CMR: <total>                     2097 us
[2026-04-03T02:18:30.568+0600][72.469s][info][gc,stats    ]   CMR: Thread Roots                1859 us, workers (us): 506, 705, 648, ---, ---, ---, 
[2026-04-03T02:18:30.568+0600][72.469s][info][gc,stats    ]   CMR: VM Strong Roots               39 us, workers (us):  32,   6,   1, ---, ---, ---, 
[2026-04-03T02:18:30.568+0600][72.469s][info][gc,stats    ]   CMR: CLDG Roots                   199 us, workers (us): 199, ---, ---, ---, ---, ---, 
[2026-04-03T02:18:30.568+0600][72.469s][info][gc,stats    ] Concurrent Marking                54854 us
[2026-04-03T02:18:30.568+0600][72.469s][info][gc,stats    ] Pause Final Mark (G)                942 us
[2026-04-03T02:18:30.568+0600][72.469s][info][gc,stats    ] Pause Final Mark (N)                730 us
[2026-04-03T02:18:30.568+0600][72.469s][info][gc,stats    ]   Finish Mark                       295 us
[2026-04-03T02:18:30.568+0600][72.469s][info][gc,stats    ]   Update Region States               49 us
[2026-04-03T02:18:30.568+0600][72.469s][info][gc,stats    ]   Choose Collection Set             224 us
[2026-04-03T02:18:30.568+0600][72.469s][info][gc,stats    ]   Rebuild Free Set                   33 us
[2026-04-03T02:18:30.568+0600][72.469s][info][gc,stats    ] Concurrent Thread Roots             981 us, parallelism: 1.87x
[2026-04-03T02:18:30.568+0600][72.469s][info][gc,stats    ]   CTR: <total>                     1831 us
[2026-04-03T02:18:30.568+0600][72.469s][info][gc,stats    ]   CTR: Thread Roots                1831 us, workers (us): 657, 609, 565, ---, ---, ---, 
[2026-04-03T02:18:30.568+0600][72.469s][info][gc,stats    ] Concurrent Weak References          856 us, parallelism: 0.98x
[2026-04-03T02:18:30.568+0600][72.469s][info][gc,stats    ]   CWRF: <total>                     842 us
[2026-04-03T02:18:30.568+0600][72.469s][info][gc,stats    ]   CWRF: Weak References             842 us, workers (us): 177,  94, 570, ---, ---, ---, 
[2026-04-03T02:18:30.568+0600][72.469s][info][gc,stats    ] Concurrent Weak Roots              3738 us
[2026-04-03T02:18:30.568+0600][72.469s][info][gc,stats    ]   Roots                            3171 us, parallelism: 2.51x
[2026-04-03T02:18:30.568+0600][72.469s][info][gc,stats    ]     CWR: <total>                   7967 us
[2026-04-03T02:18:30.568+0600][72.469s][info][gc,stats    ]     CWR: Code Cache Roots          5641 us, workers (us): 1911, 1818, 1911, ---, ---, ---, 
[2026-04-03T02:18:30.568+0600][72.469s][info][gc,stats    ]     CWR: VM Weak Roots             2180 us, workers (us): 789, 728, 662, ---, ---, ---, 
[2026-04-03T02:18:30.568+0600][72.469s][info][gc,stats    ]     CWR: CLDG Roots                 147 us, workers (us): ---, 147, ---, ---, ---, ---, 
[2026-04-03T02:18:30.568+0600][72.469s][info][gc,stats    ]   Rendezvous                        457 us
[2026-04-03T02:18:30.568+0600][72.469s][info][gc,stats    ] Concurrent Cleanup                  633 us
[2026-04-03T02:18:30.568+0600][72.469s][info][gc,stats    ] Concurrent Class Unloading        13412 us
[2026-04-03T02:18:30.568+0600][72.469s][info][gc,stats    ]   Unlink Stale                    12847 us
[2026-04-03T02:18:30.568+0600][72.469s][info][gc,stats    ]     System Dictionary               176 us
[2026-04-03T02:18:30.568+0600][72.469s][info][gc,stats    ]     Weak Class Links                  0 us
[2026-04-03T02:18:30.568+0600][72.469s][info][gc,stats    ]     Code Roots                    12668 us
[2026-04-03T02:18:30.568+0600][72.469s][info][gc,stats    ]   Rendezvous                        329 us
[2026-04-03T02:18:30.568+0600][72.469s][info][gc,stats    ]   Purge Unlinked                    145 us
[2026-04-03T02:18:30.568+0600][72.469s][info][gc,stats    ]     Code Roots                      136 us
[2026-04-03T02:18:30.568+0600][72.469s][info][gc,stats    ]     CLDG                              8 us
[2026-04-03T02:18:30.568+0600][72.469s][info][gc,stats    ]     Exception Caches                  0 us
[2026-04-03T02:18:30.568+0600][72.469s][info][gc,stats    ] Concurrent Strong Roots            1008 us, parallelism: 0.52x
[2026-04-03T02:18:30.568+0600][72.469s][info][gc,stats    ]   CSR: <total>                      522 us
[2026-04-03T02:18:30.568+0600][72.469s][info][gc,stats    ]   CSR: VM Strong Roots               29 us, workers (us):  28,   1,   0, ---, ---, ---, 
[2026-04-03T02:18:30.568+0600][72.469s][info][gc,stats    ]   CSR: CLDG Roots                   493 us, workers (us): 493, ---, ---, ---, ---, ---, 
[2026-04-03T02:18:30.568+0600][72.469s][info][gc,stats    ] Concurrent Evacuation              2166 us
[2026-04-03T02:18:30.568+0600][72.469s][info][gc,stats    ] Pause Init Update Refs (G)          679 us
[2026-04-03T02:18:30.568+0600][72.469s][info][gc,stats    ] Pause Init Update Refs (N)          131 us
[2026-04-03T02:18:30.568+0600][72.469s][info][gc,stats    ]   Manage GCLABs                      34 us
[2026-04-03T02:18:30.568+0600][72.469s][info][gc,stats    ] Concurrent Update Refs            40508 us
[2026-04-03T02:18:30.568+0600][72.469s][info][gc,stats    ] Concurrent Update Thread Roots     1517 us
[2026-04-03T02:18:30.568+0600][72.469s][info][gc,stats    ] Pause Final Update Refs (G)         462 us
[2026-04-03T02:18:30.568+0600][72.469s][info][gc,stats    ] Pause Final Update Refs (N)         172 us
[2026-04-03T02:18:30.568+0600][72.469s][info][gc,stats    ]   Update Region States               38 us
[2026-04-03T02:18:30.568+0600][72.469s][info][gc,stats    ]   Trash Collection Set                9 us
[2026-04-03T02:18:30.568+0600][72.469s][info][gc,stats    ]   Rebuild Free Set                   50 us
[2026-04-03T02:18:30.568+0600][72.469s][info][gc,stats    ] Concurrent Cleanup                  492 us
[2026-04-03T02:18:30.568+0600][72.469s][info][gc,stats    ] Pacing                            69944 us
[2026-04-03T02:18:30.568+0600][72.469s][info][gc,stats    ] 
[2026-04-03T02:18:30.568+0600][72.469s][info][gc,stats    ] Allocation pacing accrued:
[2026-04-03T02:18:30.568+0600][72.469s][info][gc,stats    ]      10 of   141 ms (  7.1%): main
[2026-04-03T02:18:30.568+0600][72.469s][info][gc,stats    ]      10 of   141 ms (  7.0%): Executor task launch worker for task 0.0 in stage 2899.0 (TID 5345)
[2026-04-03T02:18:30.568+0600][72.469s][info][gc,stats    ]      10 of   141 ms (  7.0%): Executor task launch worker for task 3.0 in stage 2903.0 (TID 5356)
[2026-04-03T02:18:30.568+0600][72.469s][info][gc,stats    ]      10 of   141 ms (  7.1%): Executor task launch worker for task 1.0 in stage 2903.0 (TID 5354)
[2026-04-03T02:18:30.568+0600][72.469s][info][gc,stats    ]      10 of   141 ms (  7.0%): Executor task launch worker for task 0.0 in stage 2903.0 (TID 5353)
[2026-04-03T02:18:30.568+0600][72.469s][info][gc,stats    ]      20 of   141 ms ( 14.2%): Executor task launch worker for task 2.0 in stage 2903.0 (TID 5355)
[2026-04-03T02:18:30.568+0600][72.469s][info][gc,stats    ]      70 of   141 ms ( 49.5%): <total>
[2026-04-03T02:18:30.568+0600][72.469s][info][gc,stats    ]       0 of   141 ms (  0.2%): <average total>
[2026-04-03T02:18:30.568+0600][72.469s][info][gc,stats    ]      12 of   141 ms (  8.2%): <average non-zero>
[2026-04-03T02:18:30.568+0600][72.469s][info][gc,stats    ] 
[2026-04-03T02:18:30.568+0600][72.469s][info][gc,metaspace] Metaspace: 131571K(132928K)->131571K(132928K) NonClass: 115048K(115712K)->115048K(115712K) Class: 16523K(17216K)->16523K(17216K)
[2026-04-03T02:18:30.568+0600][72.469s][info][gc,ergo     ] Pacer for Idle. Initial: 15360K, Alloc Tax Rate: 1.0x
[2026-04-03T02:18:30.569+0600][72.470s][info][gc          ] Trigger: Average GC time (146.05 ms) is above the time for average allocation rate (2082 MB/s) to deplete free headroom (260M) (margin of error = 1.88)
[2026-04-03T02:18:30.569+0600][72.470s][info][gc,ergo     ] Free headroom: 298M (free) - 38400K (spike) - 0B (penalties) = 260M
[2026-04-03T02:18:30.569+0600][72.470s][info][gc,ergo     ] Free: 298M, Max: 256K regular, 152M humongous, Frag: 49% external, 2% internal; Reserve: 38400K, Max: 256K
[2026-04-03T02:18:30.569+0600][72.470s][info][gc,start    ] GC(123) Concurrent reset
[2026-04-03T02:18:30.569+0600][72.470s][info][gc,task     ] GC(123) Using 3 of 6 workers for concurrent reset
[2026-04-03T02:18:30.569+0600][72.470s][info][gc,ergo     ] GC(123) Pacer for Reset. Non-Taxable: 750M
[2026-04-03T02:18:30.570+0600][72.471s][info][gc          ] GC(123) Concurrent reset 0.838ms
[2026-04-03T02:18:30.571+0600][72.472s][info][gc,start    ] GC(123) Pause Init Mark (unload classes)
[2026-04-03T02:18:30.571+0600][72.472s][info][gc,task     ] GC(123) Using 6 of 6 workers for init marking
[2026-04-03T02:18:30.571+0600][72.472s][info][gc,ergo     ] GC(123) Pacer for Mark. Expected Live: 94976K, Free: 284M, Non-Taxable: 29149K, Alloc Tax Rate: 0.4x
[2026-04-03T02:18:30.571+0600][72.472s][info][gc          ] GC(123) Pause Init Mark (unload classes) 0.165ms
[2026-04-03T02:18:30.571+0600][72.472s][info][gc,start    ] GC(123) Concurrent marking roots
[2026-04-03T02:18:30.571+0600][72.472s][info][gc,task     ] GC(123) Using 3 of 6 workers for concurrent marking roots
[2026-04-03T02:18:30.573+0600][72.474s][info][gc          ] GC(123) Concurrent marking roots 1.342ms
[2026-04-03T02:18:30.573+0600][72.474s][info][gc,start    ] GC(123) Concurrent marking (unload classes)
[2026-04-03T02:18:30.573+0600][72.474s][info][gc,task     ] GC(123) Using 3 of 6 workers for concurrent marking
[2026-04-03T02:18:30.625+0600][72.526s][info][gc          ] GC(123) Concurrent marking (unload classes) 52.058ms
[2026-04-03T02:18:30.625+0600][72.526s][info][gc,start    ] GC(123) Pause Final Mark (unload classes)
[2026-04-03T02:18:30.625+0600][72.526s][info][gc,task     ] GC(123) Using 6 of 6 workers for final marking
[2026-04-03T02:18:30.625+0600][72.526s][info][gc,ergo     ] GC(123) Adaptive CSet Selection. Target Free: 106M, Actual Free: 527M, Max CSet: 32000K, Min Garbage: 0B
[2026-04-03T02:18:30.626+0600][72.527s][info][gc,ergo     ] GC(123) Collectable Garbage: 295M (97%), Immediate: 264M (86%), CSet: 31717K (10%)
[2026-04-03T02:18:30.626+0600][72.527s][info][gc,ergo     ] GC(123) Pacer for Evacuation. Used CSet: 37721K, Free: 509M, Non-Taxable: 52188K, Alloc Tax Rate: 1.1x
[2026-04-03T02:18:30.626+0600][72.527s][info][gc          ] GC(123) Pause Final Mark (unload classes) 0.629ms
[2026-04-03T02:18:30.626+0600][72.527s][info][gc,start    ] GC(123) Concurrent thread roots
[2026-04-03T02:18:30.626+0600][72.527s][info][gc,task     ] GC(123) Using 3 of 6 workers for Concurrent thread roots
[2026-04-03T02:18:30.627+0600][72.528s][info][gc          ] GC(123) Concurrent thread roots 0.847ms
[2026-04-03T02:18:30.627+0600][72.528s][info][gc,start    ] GC(123) Concurrent weak references
[2026-04-03T02:18:30.627+0600][72.528s][info][gc,task     ] GC(123) Using 3 of 6 workers for concurrent weak references
[2026-04-03T02:18:30.627+0600][72.528s][info][gc,ref      ] GC(123) Encountered references: Soft: 3788, Weak: 14862, Final: 84, Phantom: 634
[2026-04-03T02:18:30.627+0600][72.528s][info][gc,ref      ] GC(123) Discovered  references: Soft: 0, Weak: 7487, Final: 48, Phantom: 236
[2026-04-03T02:18:30.627+0600][72.529s][info][gc,ref      ] GC(123) Enqueued    references: Soft: 0, Weak: 223, Final: 0, Phantom: 0
[2026-04-03T02:18:30.627+0600][72.529s][info][gc          ] GC(123) Concurrent weak references 0.880ms
[2026-04-03T02:18:30.627+0600][72.529s][info][gc,start    ] GC(123) Concurrent weak roots
[2026-04-03T02:18:30.627+0600][72.529s][info][gc,task     ] GC(123) Using 3 of 6 workers for concurrent weak root
[2026-04-03T02:18:30.632+0600][72.533s][info][gc          ] GC(123) Concurrent weak roots 4.514ms
[2026-04-03T02:18:30.632+0600][72.533s][info][gc,start    ] GC(123) Concurrent cleanup
[2026-04-03T02:18:30.632+0600][72.533s][info][gc          ] GC(123) Concurrent cleanup 463M->199M(676M) 0.323ms
[2026-04-03T02:18:30.632+0600][72.534s][info][gc,ergo     ] GC(123) Free: 506M, Max: 256K regular, 143M humongous, Frag: 72% external, 0% internal; Reserve: 37990K, Max: 256K
[2026-04-03T02:18:30.632+0600][72.534s][info][gc,start    ] GC(123) Concurrent class unloading
[2026-04-03T02:18:30.632+0600][72.534s][info][gc,task     ] GC(123) Using 3 of 6 workers for concurrent class unloading
[2026-04-03T02:18:30.650+0600][72.551s][info][gc          ] GC(123) Concurrent class unloading 17.440ms
[2026-04-03T02:18:30.650+0600][72.551s][info][gc,start    ] GC(123) Concurrent strong roots
[2026-04-03T02:18:30.650+0600][72.551s][info][gc,task     ] GC(123) Using 3 of 6 workers for concurrent strong root
[2026-04-03T02:18:30.651+0600][72.552s][info][gc          ] GC(123) Concurrent strong roots 1.305ms
[2026-04-03T02:18:30.651+0600][72.552s][info][gc,start    ] GC(123) Concurrent evacuation
[2026-04-03T02:18:30.651+0600][72.552s][info][gc,task     ] GC(123) Using 3 of 6 workers for concurrent evacuation
[2026-04-03T02:18:30.654+0600][72.555s][info][gc          ] GC(123) Concurrent evacuation 2.583ms
[2026-04-03T02:18:30.654+0600][72.555s][info][gc,start    ] GC(123) Pause Init Update Refs
[2026-04-03T02:18:30.654+0600][72.555s][info][gc,ergo     ] GC(123) Pacer for Update Refs. Used: 239M, Free: 472M, Non-Taxable: 48416K, Alloc Tax Rate: 1.1x
[2026-04-03T02:18:30.654+0600][72.555s][info][gc          ] GC(123) Pause Init Update Refs 0.104ms
[2026-04-03T02:18:30.654+0600][72.556s][info][gc,start    ] GC(123) Concurrent update references
[2026-04-03T02:18:30.654+0600][72.556s][info][gc,task     ] GC(123) Using 3 of 6 workers for concurrent reference update
[2026-04-03T02:18:30.690+0600][72.591s][info][gc          ] GC(123) Concurrent update references 35.191ms
[2026-04-03T02:18:30.690+0600][72.591s][info][gc,start    ] GC(123) Concurrent update thread roots
[2026-04-03T02:18:30.691+0600][72.592s][info][gc          ] GC(123) Concurrent update thread roots 1.175ms
[2026-04-03T02:18:30.691+0600][72.592s][info][gc,start    ] GC(123) Pause Final Update Refs
[2026-04-03T02:18:30.691+0600][72.592s][info][gc,task     ] GC(123) Using 6 of 6 workers for final reference update
[2026-04-03T02:18:30.691+0600][72.592s][info][gc          ] GC(123) Pause Final Update Refs 0.189ms
[2026-04-03T02:18:30.691+0600][72.592s][info][gc,start    ] GC(123) Concurrent cleanup
[2026-04-03T02:18:30.692+0600][72.593s][info][gc          ] GC(123) Concurrent cleanup 262M->225M(676M) 0.501ms
[2026-04-03T02:18:30.692+0600][72.593s][info][gc,ergo     ] Free: 478M, Max: 256K regular, 143M humongous, Frag: 70% external, 1% internal; Reserve: 38400K, Max: 256K
[2026-04-03T02:18:30.692+0600][72.593s][info][gc,stats    ] 
[2026-04-03T02:18:30.692+0600][72.593s][info][gc,stats    ] All times are wall-clock times, except per-root-class counters, that are sum over
[2026-04-03T02:18:30.692+0600][72.593s][info][gc,stats    ] all workers. Dividing the <total> over the root stage time estimates parallelism.
[2026-04-03T02:18:30.692+0600][72.593s][info][gc,stats    ] 
[2026-04-03T02:18:30.692+0600][72.593s][info][gc,stats    ] Concurrent Reset                    867 us
[2026-04-03T02:18:30.692+0600][72.593s][info][gc,stats    ] Pause Init Mark (G)                1219 us
[2026-04-03T02:18:30.692+0600][72.593s][info][gc,stats    ] Pause Init Mark (N)                 173 us
[2026-04-03T02:18:30.692+0600][72.593s][info][gc,stats    ]   Update Region States               47 us
[2026-04-03T02:18:30.692+0600][72.593s][info][gc,stats    ] Concurrent Mark Roots              1421 us, parallelism: 1.91x
[2026-04-03T02:18:30.692+0600][72.593s][info][gc,stats    ]   CMR: <total>                     2717 us
[2026-04-03T02:18:30.692+0600][72.593s][info][gc,stats    ]   CMR: Thread Roots                2275 us, workers (us): 539, 935, 801, ---, ---, ---, 
[2026-04-03T02:18:30.692+0600][72.593s][info][gc,stats    ]   CMR: VM Strong Roots               44 us, workers (us):  26,  16,   1, ---, ---, ---, 
[2026-04-03T02:18:30.692+0600][72.593s][info][gc,stats    ]   CMR: CLDG Roots                   398 us, workers (us): 398, ---, ---, ---, ---, ---, 
[2026-04-03T02:18:30.692+0600][72.593s][info][gc,stats    ] Concurrent Marking                52141 us
[2026-04-03T02:18:30.692+0600][72.593s][info][gc,stats    ] Pause Final Mark (G)                835 us
[2026-04-03T02:18:30.692+0600][72.593s][info][gc,stats    ] Pause Final Mark (N)                639 us
[2026-04-03T02:18:30.692+0600][72.593s][info][gc,stats    ]   Finish Mark                       289 us
[2026-04-03T02:18:30.692+0600][72.593s][info][gc,stats    ]   Update Region States               41 us
[2026-04-03T02:18:30.692+0600][72.593s][info][gc,stats    ]   Choose Collection Set             175 us
[2026-04-03T02:18:30.692+0600][72.593s][info][gc,stats    ]   Rebuild Free Set                   35 us
[2026-04-03T02:18:30.692+0600][72.593s][info][gc,stats    ] Concurrent Thread Roots             888 us, parallelism: 1.98x
[2026-04-03T02:18:30.692+0600][72.593s][info][gc,stats    ]   CTR: <total>                     1762 us
[2026-04-03T02:18:30.692+0600][72.593s][info][gc,stats    ]   CTR: Thread Roots                1762 us, workers (us): 633, 585, 543, ---, ---, ---, 
[2026-04-03T02:18:30.692+0600][72.593s][info][gc,stats    ] Concurrent Weak References          889 us, parallelism: 0.79x
[2026-04-03T02:18:30.692+0600][72.593s][info][gc,stats    ]   CWRF: <total>                     702 us
[2026-04-03T02:18:30.692+0600][72.593s][info][gc,stats    ]   CWRF: Weak References             702 us, workers (us): 118, 583,   1, ---, ---, ---, 
[2026-04-03T02:18:30.692+0600][72.593s][info][gc,stats    ] Concurrent Weak Roots              4602 us
[2026-04-03T02:18:30.692+0600][72.593s][info][gc,stats    ]   Roots                            4191 us, parallelism: 2.68x
[2026-04-03T02:18:30.692+0600][72.593s][info][gc,stats    ]     CWR: <total>                  11217 us
[2026-04-03T02:18:30.692+0600][72.593s][info][gc,stats    ]     CWR: Code Cache Roots          9094 us, workers (us): 3208, 3094, 2792, ---, ---, ---, 
[2026-04-03T02:18:30.692+0600][72.593s][info][gc,stats    ]     CWR: VM Weak Roots             1929 us, workers (us): 688, 656, 586, ---, ---, ---, 
[2026-04-03T02:18:30.692+0600][72.593s][info][gc,stats    ]     CWR: CLDG Roots                 194 us, workers (us): ---, ---, 194, ---, ---, ---, 
[2026-04-03T02:18:30.692+0600][72.593s][info][gc,stats    ]   Rendezvous                        301 us
[2026-04-03T02:18:30.692+0600][72.593s][info][gc,stats    ] Concurrent Cleanup                  349 us
[2026-04-03T02:18:30.692+0600][72.593s][info][gc,stats    ] Concurrent Class Unloading        17563 us
[2026-04-03T02:18:30.692+0600][72.593s][info][gc,stats    ]   Unlink Stale                    16679 us
[2026-04-03T02:18:30.692+0600][72.593s][info][gc,stats    ]     System Dictionary               267 us
[2026-04-03T02:18:30.692+0600][72.593s][info][gc,stats    ]     Weak Class Links                  0 us
[2026-04-03T02:18:30.692+0600][72.593s][info][gc,stats    ]     Code Roots                    16406 us
[2026-04-03T02:18:30.692+0600][72.593s][info][gc,stats    ]   Rendezvous                        427 us
[2026-04-03T02:18:30.692+0600][72.593s][info][gc,stats    ]   Purge Unlinked                    294 us
[2026-04-03T02:18:30.692+0600][72.593s][info][gc,stats    ]     Code Roots                      282 us
[2026-04-03T02:18:30.692+0600][72.593s][info][gc,stats    ]     CLDG                             11 us
[2026-04-03T02:18:30.692+0600][72.593s][info][gc,stats    ]     Exception Caches                  0 us
[2026-04-03T02:18:30.692+0600][72.593s][info][gc,stats    ] Concurrent Strong Roots            1340 us, parallelism: 0.70x
[2026-04-03T02:18:30.692+0600][72.593s][info][gc,stats    ]   CSR: <total>                      943 us
[2026-04-03T02:18:30.692+0600][72.593s][info][gc,stats    ]   CSR: VM Strong Roots               62 us, workers (us):  34,  27,   0, ---, ---, ---, 
[2026-04-03T02:18:30.692+0600][72.594s][info][gc,stats    ]   CSR: CLDG Roots                   881 us, workers (us): 881, ---, ---, ---, ---, ---, 
[2026-04-03T02:18:30.692+0600][72.594s][info][gc,stats    ] Concurrent Evacuation              2655 us
[2026-04-03T02:18:30.692+0600][72.594s][info][gc,stats    ] Pause Init Update Refs (G)          389 us
[2026-04-03T02:18:30.692+0600][72.594s][info][gc,stats    ] Pause Init Update Refs (N)          117 us
[2026-04-03T02:18:30.692+0600][72.594s][info][gc,stats    ]   Manage GCLABs                      27 us
[2026-04-03T02:18:30.692+0600][72.594s][info][gc,stats    ] Concurrent Update Refs            35261 us
[2026-04-03T02:18:30.692+0600][72.594s][info][gc,stats    ] Concurrent Update Thread Roots     1221 us
[2026-04-03T02:18:30.692+0600][72.594s][info][gc,stats    ] Pause Final Update Refs (G)         384 us
[2026-04-03T02:18:30.692+0600][72.594s][info][gc,stats    ] Pause Final Update Refs (N)         200 us
[2026-04-03T02:18:30.692+0600][72.594s][info][gc,stats    ]   Update Region States               44 us
[2026-04-03T02:18:30.692+0600][72.594s][info][gc,stats    ]   Trash Collection Set               10 us
[2026-04-03T02:18:30.693+0600][72.594s][info][gc,stats    ]   Rebuild Free Set                   35 us
[2026-04-03T02:18:30.693+0600][72.594s][info][gc,stats    ] Concurrent Cleanup                  515 us
[2026-04-03T02:18:30.693+0600][72.594s][info][gc,stats    ] Pacing                            77714 us
[2026-04-03T02:18:30.693+0600][72.594s][info][gc,stats    ] 
[2026-04-03T02:18:30.693+0600][72.594s][info][gc,stats    ] Allocation pacing accrued:
[2026-04-03T02:18:30.693+0600][72.594s][info][gc,stats    ]      10 of   125 ms (  8.1%): dispatcher-event-loop-7
[2026-04-03T02:18:30.693+0600][72.594s][info][gc,stats    ]      23 of   125 ms ( 18.3%): dag-scheduler-event-loop
[2026-04-03T02:18:30.693+0600][72.594s][info][gc,stats    ]      11 of   125 ms (  9.0%): Spark Context Cleaner
[2026-04-03T02:18:30.693+0600][72.594s][info][gc,stats    ]       9 of   125 ms (  6.8%): Executor task launch worker for task 2.0 in stage 2904.0 (TID 5359)
[2026-04-03T02:18:30.693+0600][72.594s][info][gc,stats    ]       8 of   125 ms (  6.8%): Executor task launch worker for task 0.0 in stage 2904.0 (TID 5357)
[2026-04-03T02:18:30.693+0600][72.594s][info][gc,stats    ]       9 of   125 ms (  6.9%): Executor task launch worker for task 1.0 in stage 2904.0 (TID 5358)
[2026-04-03T02:18:30.693+0600][72.594s][info][gc,stats    ]       8 of   125 ms (  6.4%): Executor task launch worker for task 3.0 in stage 2904.0 (TID 5360)
[2026-04-03T02:18:30.693+0600][72.594s][info][gc,stats    ]      78 of   125 ms ( 62.3%): <total>
[2026-04-03T02:18:30.693+0600][72.594s][info][gc,stats    ]       0 of   125 ms (  0.2%): <average total>
[2026-04-03T02:18:30.693+0600][72.594s][info][gc,stats    ]      11 of   125 ms (  8.9%): <average non-zero>
[2026-04-03T02:18:30.693+0600][72.594s][info][gc,stats    ] 
[2026-04-03T02:18:30.693+0600][72.594s][info][gc,metaspace] Metaspace: 131571K(132928K)->131573K(132928K) NonClass: 115048K(115712K)->115050K(115712K) Class: 16523K(17216K)->16523K(17216K)
[2026-04-03T02:18:30.693+0600][72.594s][info][gc,ergo     ] Pacer for Idle. Initial: 15360K, Alloc Tax Rate: 1.0x
[2026-04-03T02:18:31.177+0600][73.078s][info][gc          ] Trigger: Average GC time (138.85 ms) is above the time for average allocation rate (640 MB/s) to deplete free headroom (90970K) (margin of error = 1.88)
[2026-04-03T02:18:31.177+0600][73.078s][info][gc,ergo     ] Free headroom: 126M (free) - 38400K (spike) - 0B (penalties) = 90970K
[2026-04-03T02:18:31.177+0600][73.078s][info][gc,ergo     ] Free: 126M, Max: 256K regular, 71424K humongous, Frag: 45% external, 0% internal; Reserve: 38400K, Max: 256K
[2026-04-03T02:18:31.177+0600][73.078s][info][gc,start    ] GC(124) Concurrent reset
[2026-04-03T02:18:31.177+0600][73.078s][info][gc,task     ] GC(124) Using 3 of 6 workers for concurrent reset
[2026-04-03T02:18:31.177+0600][73.078s][info][gc,ergo     ] GC(124) Pacer for Reset. Non-Taxable: 750M
[2026-04-03T02:18:31.178+0600][73.080s][info][gc          ] GC(124) Concurrent reset 1.103ms
[2026-04-03T02:18:31.179+0600][73.080s][info][gc,start    ] GC(124) Pause Init Mark (unload classes)
[2026-04-03T02:18:31.179+0600][73.080s][info][gc,task     ] GC(124) Using 6 of 6 workers for init marking
[2026-04-03T02:18:31.179+0600][73.080s][info][gc,ergo     ] GC(124) Pacer for Mark. Expected Live: 97703K, Free: 125M, Non-Taxable: 12860K, Alloc Tax Rate: 0.9x
[2026-04-03T02:18:31.179+0600][73.080s][info][gc          ] GC(124) Pause Init Mark (unload classes) 0.195ms
[2026-04-03T02:18:31.179+0600][73.080s][info][gc,start    ] GC(124) Concurrent marking roots
[2026-04-03T02:18:31.179+0600][73.080s][info][gc,task     ] GC(124) Using 3 of 6 workers for concurrent marking roots
[2026-04-03T02:18:31.181+0600][73.082s][info][gc          ] GC(124) Concurrent marking roots 2.318ms
[2026-04-03T02:18:31.181+0600][73.082s][info][gc,start    ] GC(124) Concurrent marking (unload classes)
[2026-04-03T02:18:31.181+0600][73.082s][info][gc,task     ] GC(124) Using 3 of 6 workers for concurrent marking
[2026-04-03T02:18:31.229+0600][73.130s][info][gc          ] GC(124) Concurrent marking (unload classes) 47.883ms
[2026-04-03T02:18:31.229+0600][73.131s][info][gc,start    ] GC(124) Pause Final Mark (unload classes)
[2026-04-03T02:18:31.229+0600][73.131s][info][gc,task     ] GC(124) Using 6 of 6 workers for final marking
[2026-04-03T02:18:31.230+0600][73.131s][info][gc,ergo     ] GC(124) Adaptive CSet Selection. Target Free: 106M, Actual Free: 501M, Max CSet: 32000K, Min Garbage: 0B
[2026-04-03T02:18:31.230+0600][73.131s][info][gc,ergo     ] GC(124) Collectable Garbage: 451M (98%), Immediate: 359M (78%), CSet: 94428K (20%)
[2026-04-03T02:18:31.230+0600][73.131s][info][gc,ergo     ] GC(124) Pacer for Evacuation. Used CSet: 99678K, Free: 496M, Non-Taxable: 50854K, Alloc Tax Rate: 1.1x
[2026-04-03T02:18:31.230+0600][73.131s][info][gc          ] GC(124) Pause Final Mark (unload classes) 0.836ms
[2026-04-03T02:18:31.230+0600][73.132s][info][gc,start    ] GC(124) Concurrent thread roots
[2026-04-03T02:18:31.230+0600][73.132s][info][gc,task     ] GC(124) Using 3 of 6 workers for Concurrent thread roots
[2026-04-03T02:18:31.231+0600][73.132s][info][gc          ] GC(124) Concurrent thread roots 0.923ms
[2026-04-03T02:18:31.231+0600][73.132s][info][gc,start    ] GC(124) Concurrent weak references
[2026-04-03T02:18:31.231+0600][73.133s][info][gc,task     ] GC(124) Using 3 of 6 workers for concurrent weak references
[2026-04-03T02:18:31.232+0600][73.133s][info][gc,ref      ] GC(124) Encountered references: Soft: 3792, Weak: 15210, Final: 84, Phantom: 621
[2026-04-03T02:18:31.232+0600][73.133s][info][gc,ref      ] GC(124) Discovered  references: Soft: 0, Weak: 5897, Final: 0, Phantom: 219
[2026-04-03T02:18:31.232+0600][73.133s][info][gc,ref      ] GC(124) Enqueued    references: Soft: 0, Weak: 399, Final: 0, Phantom: 0
[2026-04-03T02:18:31.232+0600][73.133s][info][gc          ] GC(124) Concurrent weak references 0.627ms
[2026-04-03T02:18:31.232+0600][73.133s][info][gc,start    ] GC(124) Concurrent weak roots
[2026-04-03T02:18:31.232+0600][73.133s][info][gc,task     ] GC(124) Using 3 of 6 workers for concurrent weak root
[2026-04-03T02:18:31.236+0600][73.137s][info][gc          ] GC(124) Concurrent weak roots 3.899ms
[2026-04-03T02:18:31.236+0600][73.137s][info][gc,start    ] GC(124) Concurrent cleanup
[2026-04-03T02:18:31.237+0600][73.138s][info][gc          ] GC(124) Concurrent cleanup 571M->212M(676M) 0.863ms
[2026-04-03T02:18:31.237+0600][73.138s][info][gc,ergo     ] GC(124) Free: 496M, Max: 256K regular, 48896K humongous, Frag: 91% external, 0% internal; Reserve: 37932K, Max: 256K
[2026-04-03T02:18:31.237+0600][73.138s][info][gc,start    ] GC(124) Concurrent class unloading
[2026-04-03T02:18:31.237+0600][73.138s][info][gc,task     ] GC(124) Using 3 of 6 workers for concurrent class unloading
[2026-04-03T02:18:31.253+0600][73.154s][info][gc          ] GC(124) Concurrent class unloading 16.352ms
[2026-04-03T02:18:31.253+0600][73.155s][info][gc,start    ] GC(124) Concurrent strong roots
[2026-04-03T02:18:31.253+0600][73.155s][info][gc,task     ] GC(124) Using 3 of 6 workers for concurrent strong root
[2026-04-03T02:18:31.255+0600][73.156s][info][gc          ] GC(124) Concurrent strong roots 1.360ms
[2026-04-03T02:18:31.255+0600][73.156s][info][gc,start    ] GC(124) Concurrent evacuation
[2026-04-03T02:18:31.255+0600][73.156s][info][gc,task     ] GC(124) Using 3 of 6 workers for concurrent evacuation
[2026-04-03T02:18:31.258+0600][73.159s][info][gc          ] GC(124) Concurrent evacuation 3.009ms
[2026-04-03T02:18:31.258+0600][73.159s][info][gc,start    ] GC(124) Pause Init Update Refs
[2026-04-03T02:18:31.258+0600][73.159s][info][gc,ergo     ] GC(124) Pacer for Update Refs. Used: 230M, Free: 482M, Non-Taxable: 49458K, Alloc Tax Rate: 1.1x
[2026-04-03T02:18:31.258+0600][73.159s][info][gc          ] GC(124) Pause Init Update Refs 0.126ms
[2026-04-03T02:18:31.258+0600][73.160s][info][gc,start    ] GC(124) Concurrent update references
[2026-04-03T02:18:31.259+0600][73.160s][info][gc,task     ] GC(124) Using 3 of 6 workers for concurrent reference update
[2026-04-03T02:18:31.307+0600][73.208s][info][gc          ] GC(124) Concurrent update references 48.450ms
[2026-04-03T02:18:31.307+0600][73.208s][info][gc,start    ] GC(124) Concurrent update thread roots
[2026-04-03T02:18:31.309+0600][73.210s][info][gc          ] GC(124) Concurrent update thread roots 1.984ms
[2026-04-03T02:18:31.309+0600][73.210s][info][gc,start    ] GC(124) Pause Final Update Refs
[2026-04-03T02:18:31.309+0600][73.210s][info][gc,task     ] GC(124) Using 6 of 6 workers for final reference update
[2026-04-03T02:18:31.309+0600][73.211s][info][gc          ] GC(124) Pause Final Update Refs 0.222ms
[2026-04-03T02:18:31.310+0600][73.211s][info][gc,start    ] GC(124) Concurrent cleanup
[2026-04-03T02:18:31.310+0600][73.211s][info][gc          ] GC(124) Concurrent cleanup 270M->173M(676M) 0.672ms
[2026-04-03T02:18:31.310+0600][73.211s][info][gc,ergo     ] Free: 532M, Max: 256K regular, 297M humongous, Frag: 44% external, 0% internal; Reserve: 38400K, Max: 256K
[2026-04-03T02:18:31.310+0600][73.212s][info][gc,stats    ] 
[2026-04-03T02:18:31.310+0600][73.212s][info][gc,stats    ] All times are wall-clock times, except per-root-class counters, that are sum over
[2026-04-03T02:18:31.310+0600][73.212s][info][gc,stats    ] all workers. Dividing the <total> over the root stage time estimates parallelism.
[2026-04-03T02:18:31.310+0600][73.212s][info][gc,stats    ] 
[2026-04-03T02:18:31.310+0600][73.212s][info][gc,stats    ] Concurrent Reset                   1154 us
[2026-04-03T02:18:31.310+0600][73.212s][info][gc,stats    ] Pause Init Mark (G)                 549 us
[2026-04-03T02:18:31.310+0600][73.212s][info][gc,stats    ] Pause Init Mark (N)                 207 us
[2026-04-03T02:18:31.310+0600][73.212s][info][gc,stats    ]   Update Region States               35 us
[2026-04-03T02:18:31.310+0600][73.212s][info][gc,stats    ] Concurrent Mark Roots              2357 us, parallelism: 1.50x
[2026-04-03T02:18:31.311+0600][73.212s][info][gc,stats    ]   CMR: <total>                     3544 us
[2026-04-03T02:18:31.311+0600][73.212s][info][gc,stats    ]   CMR: Thread Roots                2965 us, workers (us): 1227, 1738,   0, ---, ---, ---, 
[2026-04-03T02:18:31.311+0600][73.212s][info][gc,stats    ]   CMR: VM Strong Roots               76 us, workers (us):  44,  32,   0, ---, ---, ---, 
[2026-04-03T02:18:31.311+0600][73.212s][info][gc,stats    ]   CMR: CLDG Roots                   503 us, workers (us): 503, ---, ---, ---, ---, ---, 
[2026-04-03T02:18:31.311+0600][73.212s][info][gc,stats    ] Concurrent Marking                47958 us
[2026-04-03T02:18:31.311+0600][73.212s][info][gc,stats    ] Pause Final Mark (G)               1117 us
[2026-04-03T02:18:31.311+0600][73.212s][info][gc,stats    ] Pause Final Mark (N)                847 us
[2026-04-03T02:18:31.311+0600][73.212s][info][gc,stats    ]   Finish Mark                       385 us
[2026-04-03T02:18:31.311+0600][73.212s][info][gc,stats    ]   Update Region States               47 us
[2026-04-03T02:18:31.311+0600][73.212s][info][gc,stats    ]   Choose Collection Set             258 us
[2026-04-03T02:18:31.311+0600][73.212s][info][gc,stats    ]   Rebuild Free Set                   42 us
[2026-04-03T02:18:31.311+0600][73.212s][info][gc,stats    ] Concurrent Thread Roots             961 us, parallelism: 2.27x
[2026-04-03T02:18:31.311+0600][73.212s][info][gc,stats    ]   CTR: <total>                     2182 us
[2026-04-03T02:18:31.311+0600][73.212s][info][gc,stats    ]   CTR: Thread Roots                2182 us, workers (us): 804, 682, 696, ---, ---, ---, 
[2026-04-03T02:18:31.311+0600][73.212s][info][gc,stats    ] Concurrent Weak References          637 us, parallelism: 1.09x
[2026-04-03T02:18:31.311+0600][73.212s][info][gc,stats    ]   CWRF: <total>                     691 us
[2026-04-03T02:18:31.311+0600][73.212s][info][gc,stats    ]   CWRF: Weak References             691 us, workers (us): 298,  47, 346, ---, ---, ---, 
[2026-04-03T02:18:31.311+0600][73.212s][info][gc,stats    ] Concurrent Weak Roots              3966 us
[2026-04-03T02:18:31.311+0600][73.212s][info][gc,stats    ]   Roots                            3498 us, parallelism: 2.69x
[2026-04-03T02:18:31.311+0600][73.212s][info][gc,stats    ]     CWR: <total>                   9402 us
[2026-04-03T02:18:31.311+0600][73.212s][info][gc,stats    ]     CWR: Code Cache Roots          7307 us, workers (us): 2391, 2511, 2405, ---, ---, ---, 
[2026-04-03T02:18:31.311+0600][73.212s][info][gc,stats    ]     CWR: VM Weak Roots             2007 us, workers (us): 697, 657, 653, ---, ---, ---, 
[2026-04-03T02:18:31.311+0600][73.212s][info][gc,stats    ]     CWR: CLDG Roots                  88 us, workers (us): ---, ---,  88, ---, ---, ---, 
[2026-04-03T02:18:31.311+0600][73.212s][info][gc,stats    ]   Rendezvous                        381 us
[2026-04-03T02:18:31.311+0600][73.212s][info][gc,stats    ] Concurrent Cleanup                  896 us
[2026-04-03T02:18:31.311+0600][73.212s][info][gc,stats    ] Concurrent Class Unloading        16474 us
[2026-04-03T02:18:31.311+0600][73.212s][info][gc,stats    ]   Unlink Stale                    14994 us
[2026-04-03T02:18:31.311+0600][73.212s][info][gc,stats    ]     System Dictionary               239 us
[2026-04-03T02:18:31.311+0600][73.212s][info][gc,stats    ]     Weak Class Links                  0 us
[2026-04-03T02:18:31.311+0600][73.212s][info][gc,stats    ]     Code Roots                    14751 us
[2026-04-03T02:18:31.311+0600][73.212s][info][gc,stats    ]   Rendezvous                        447 us
[2026-04-03T02:18:31.311+0600][73.212s][info][gc,stats    ]   Purge Unlinked                    875 us
[2026-04-03T02:18:31.311+0600][73.212s][info][gc,stats    ]     Code Roots                      859 us
[2026-04-03T02:18:31.311+0600][73.212s][info][gc,stats    ]     CLDG                             14 us
[2026-04-03T02:18:31.311+0600][73.212s][info][gc,stats    ]     Exception Caches                  1 us
[2026-04-03T02:18:31.311+0600][73.212s][info][gc,stats    ] Concurrent Strong Roots            1422 us, parallelism: 0.66x
[2026-04-03T02:18:31.311+0600][73.212s][info][gc,stats    ]   CSR: <total>                      934 us
[2026-04-03T02:18:31.311+0600][73.212s][info][gc,stats    ]   CSR: VM Strong Roots               58 us, workers (us):  56,   2,   0, ---, ---, ---, 
[2026-04-03T02:18:31.311+0600][73.212s][info][gc,stats    ]   CSR: CLDG Roots                   876 us, workers (us): 876, ---, ---, ---, ---, ---, 
[2026-04-03T02:18:31.311+0600][73.212s][info][gc,stats    ] Concurrent Evacuation              3109 us
[2026-04-03T02:18:31.311+0600][73.212s][info][gc,stats    ] Pause Init Update Refs (G)          423 us
[2026-04-03T02:18:31.311+0600][73.212s][info][gc,stats    ] Pause Init Update Refs (N)          138 us
[2026-04-03T02:18:31.311+0600][73.212s][info][gc,stats    ]   Manage GCLABs                      37 us
[2026-04-03T02:18:31.311+0600][73.212s][info][gc,stats    ] Concurrent Update Refs            48582 us
[2026-04-03T02:18:31.311+0600][73.212s][info][gc,stats    ] Concurrent Update Thread Roots     2054 us
[2026-04-03T02:18:31.311+0600][73.212s][info][gc,stats    ] Pause Final Update Refs (G)         483 us
[2026-04-03T02:18:31.311+0600][73.212s][info][gc,stats    ] Pause Final Update Refs (N)         243 us
[2026-04-03T02:18:31.311+0600][73.212s][info][gc,stats    ]   Update Region States               56 us
[2026-04-03T02:18:31.311+0600][73.212s][info][gc,stats    ]   Trash Collection Set               19 us
[2026-04-03T02:18:31.311+0600][73.212s][info][gc,stats    ]   Rebuild Free Set                   47 us
[2026-04-03T02:18:31.311+0600][73.212s][info][gc,stats    ] Concurrent Cleanup                  726 us
[2026-04-03T02:18:31.311+0600][73.212s][info][gc,stats    ] Pacing                           222849 us
[2026-04-03T02:18:31.311+0600][73.212s][info][gc,stats    ] 
[2026-04-03T02:18:31.311+0600][73.212s][info][gc,stats    ] Allocation pacing accrued:
[2026-04-03T02:18:31.311+0600][73.212s][info][gc,stats    ]      11 of   619 ms (  1.8%): dispatcher-event-loop-0
[2026-04-03T02:18:31.311+0600][73.212s][info][gc,stats    ]      23 of   619 ms (  3.8%): dispatcher-event-loop-1
[2026-04-03T02:18:31.311+0600][73.212s][info][gc,stats    ]      11 of   619 ms (  1.8%): dispatcher-event-loop-2
[2026-04-03T02:18:31.311+0600][73.212s][info][gc,stats    ]      10 of   619 ms (  1.6%): dispatcher-event-loop-5
[2026-04-03T02:18:31.311+0600][73.212s][info][gc,stats    ]      34 of   619 ms (  5.5%): Executor task launch worker for task 6.0 in stage 2928.0 (TID 5427)
[2026-04-03T02:18:31.311+0600][73.212s][info][gc,stats    ]       7 of   619 ms (  1.1%): Executor task launch worker for task 2.0 in stage 2928.0 (TID 5423)
[2026-04-03T02:18:31.311+0600][73.212s][info][gc,stats    ]      29 of   619 ms (  4.7%): task-result-getter-0
[2026-04-03T02:18:31.311+0600][73.212s][info][gc,stats    ]      32 of   619 ms (  5.2%): task-result-getter-1
[2026-04-03T02:18:31.311+0600][73.212s][info][gc,stats    ]      32 of   619 ms (  5.3%): task-result-getter-2
[2026-04-03T02:18:31.311+0600][73.213s][info][gc,stats    ]      32 of   619 ms (  5.2%): task-result-getter-3
[2026-04-03T02:18:31.311+0600][73.213s][info][gc,stats    ]     223 of   619 ms ( 36.0%): <total>
[2026-04-03T02:18:31.311+0600][73.213s][info][gc,stats    ]       1 of   619 ms (  0.1%): <average total>
[2026-04-03T02:18:31.311+0600][73.213s][info][gc,stats    ]      22 of   619 ms (  3.6%): <average non-zero>
[2026-04-03T02:18:31.311+0600][73.213s][info][gc,stats    ] 
[2026-04-03T02:18:31.312+0600][73.213s][info][gc,metaspace] Metaspace: 131573K(132928K)->131575K(132928K) NonClass: 115050K(115712K)->115052K(115712K) Class: 16523K(17216K)->16523K(17216K)
[2026-04-03T02:18:31.312+0600][73.213s][info][gc,ergo     ] Pacer for Idle. Initial: 15360K, Alloc Tax Rate: 1.0x
[2026-04-03T02:18:31.586+0600][73.487s][info][gc          ] Trigger: Average GC time (141.86 ms) is above the time for average allocation rate (1082 MB/s) to deplete free headroom (151M) (margin of error = 1.87)
[2026-04-03T02:18:31.586+0600][73.487s][info][gc,ergo     ] Free headroom: 189M (free) - 38400K (spike) - 0B (penalties) = 151M
[2026-04-03T02:18:31.586+0600][73.487s][info][gc,ergo     ] Free: 189M, Max: 256K regular, 86784K humongous, Frag: 56% external, 0% internal; Reserve: 38400K, Max: 256K
[2026-04-03T02:18:31.586+0600][73.487s][info][gc,start    ] GC(125) Concurrent reset
[2026-04-03T02:18:31.586+0600][73.487s][info][gc,task     ] GC(125) Using 3 of 6 workers for concurrent reset
[2026-04-03T02:18:31.586+0600][73.487s][info][gc,ergo     ] GC(125) Pacer for Reset. Non-Taxable: 750M
[2026-04-03T02:18:31.587+0600][73.488s][info][gc          ] GC(125) Concurrent reset 1.228ms
[2026-04-03T02:18:31.587+0600][73.488s][info][gc,start    ] GC(125) Pause Init Mark (unload classes)
[2026-04-03T02:18:31.587+0600][73.488s][info][gc,task     ] GC(125) Using 6 of 6 workers for init marking
[2026-04-03T02:18:31.588+0600][73.489s][info][gc,ergo     ] GC(125) Pacer for Mark. Expected Live: 97373K, Free: 188M, Non-Taxable: 19329K, Alloc Tax Rate: 0.6x
[2026-04-03T02:18:31.588+0600][73.489s][info][gc          ] GC(125) Pause Init Mark (unload classes) 0.238ms
[2026-04-03T02:18:31.588+0600][73.489s][info][gc,start    ] GC(125) Concurrent marking roots
[2026-04-03T02:18:31.588+0600][73.489s][info][gc,task     ] GC(125) Using 3 of 6 workers for concurrent marking roots
[2026-04-03T02:18:31.589+0600][73.490s][info][gc          ] GC(125) Concurrent marking roots 1.538ms
[2026-04-03T02:18:31.589+0600][73.490s][info][gc,start    ] GC(125) Concurrent marking (unload classes)
[2026-04-03T02:18:31.589+0600][73.490s][info][gc,task     ] GC(125) Using 3 of 6 workers for concurrent marking
[2026-04-03T02:18:31.642+0600][73.543s][info][gc          ] GC(125) Concurrent marking (unload classes) 52.723ms
[2026-04-03T02:18:31.642+0600][73.543s][info][gc,start    ] GC(125) Pause Final Mark (unload classes)
[2026-04-03T02:18:31.642+0600][73.543s][info][gc,task     ] GC(125) Using 6 of 6 workers for final marking
[2026-04-03T02:18:31.643+0600][73.544s][info][gc,ergo     ] GC(125) Adaptive CSet Selection. Target Free: 106M, Actual Free: 534M, Max CSet: 32000K, Min Garbage: 0B
[2026-04-03T02:18:31.643+0600][73.544s][info][gc,ergo     ] GC(125) Collectable Garbage: 397M (97%), Immediate: 341M (84%), CSet: 57380K (13%)
[2026-04-03T02:18:31.643+0600][73.544s][info][gc,ergo     ] GC(125) Pacer for Evacuation. Used CSet: 60177K, Free: 522M, Non-Taxable: 53465K, Alloc Tax Rate: 1.1x
[2026-04-03T02:18:31.643+0600][73.544s][info][gc          ] GC(125) Pause Final Mark (unload classes) 0.704ms
[2026-04-03T02:18:31.643+0600][73.544s][info][gc,start    ] GC(125) Concurrent thread roots
[2026-04-03T02:18:31.643+0600][73.544s][info][gc,task     ] GC(125) Using 3 of 6 workers for Concurrent thread roots
[2026-04-03T02:18:31.644+0600][73.545s][info][gc          ] GC(125) Concurrent thread roots 0.990ms
[2026-04-03T02:18:31.644+0600][73.545s][info][gc,start    ] GC(125) Concurrent weak references
[2026-04-03T02:18:31.644+0600][73.545s][info][gc,task     ] GC(125) Using 3 of 6 workers for concurrent weak references
[2026-04-03T02:18:31.644+0600][73.545s][info][gc,ref      ] GC(125) Encountered references: Soft: 3788, Weak: 15542, Final: 84, Phantom: 621
[2026-04-03T02:18:31.644+0600][73.545s][info][gc,ref      ] GC(125) Discovered  references: Soft: 0, Weak: 3401, Final: 0, Phantom: 616
[2026-04-03T02:18:31.644+0600][73.545s][info][gc,ref      ] GC(125) Enqueued    references: Soft: 0, Weak: 30, Final: 0, Phantom: 0
[2026-04-03T02:18:31.644+0600][73.545s][info][gc          ] GC(125) Concurrent weak references 0.385ms
[2026-04-03T02:18:31.644+0600][73.545s][info][gc,start    ] GC(125) Concurrent weak roots
[2026-04-03T02:18:31.644+0600][73.545s][info][gc,task     ] GC(125) Using 3 of 6 workers for concurrent weak root
[2026-04-03T02:18:31.652+0600][73.553s][info][gc          ] GC(125) Concurrent weak roots 7.535ms
[2026-04-03T02:18:31.652+0600][73.553s][info][gc,start    ] GC(125) Concurrent cleanup
[2026-04-03T02:18:31.653+0600][73.554s][info][gc          ] GC(125) Concurrent cleanup 535M->197M(676M) 1.255ms
[2026-04-03T02:18:31.653+0600][73.554s][info][gc,ergo     ] GC(125) Free: 511M, Max: 256K regular, 48896K humongous, Frag: 91% external, 0% internal; Reserve: 37571K, Max: 256K
[2026-04-03T02:18:31.653+0600][73.554s][info][gc,start    ] GC(125) Concurrent class unloading
[2026-04-03T02:18:31.653+0600][73.554s][info][gc,task     ] GC(125) Using 3 of 6 workers for concurrent class unloading
[2026-04-03T02:18:31.671+0600][73.572s][info][gc          ] GC(125) Concurrent class unloading 17.748ms
[2026-04-03T02:18:31.671+0600][73.572s][info][gc,start    ] GC(125) Concurrent strong roots
[2026-04-03T02:18:31.671+0600][73.572s][info][gc,task     ] GC(125) Using 3 of 6 workers for concurrent strong root
[2026-04-03T02:18:31.672+0600][73.573s][info][gc          ] GC(125) Concurrent strong roots 1.162ms
[2026-04-03T02:18:31.672+0600][73.574s][info][gc,start    ] GC(125) Concurrent evacuation
[2026-04-03T02:18:31.672+0600][73.574s][info][gc,task     ] GC(125) Using 3 of 6 workers for concurrent evacuation
[2026-04-03T02:18:31.674+0600][73.575s][info][gc          ] GC(125) Concurrent evacuation 1.688ms
[2026-04-03T02:18:31.674+0600][73.576s][info][gc,start    ] GC(125) Pause Init Update Refs
[2026-04-03T02:18:31.675+0600][73.576s][info][gc,ergo     ] GC(125) Pacer for Update Refs. Used: 216M, Free: 493M, Non-Taxable: 50552K, Alloc Tax Rate: 1.1x
[2026-04-03T02:18:31.675+0600][73.576s][info][gc          ] GC(125) Pause Init Update Refs 0.112ms
[2026-04-03T02:18:31.675+0600][73.576s][info][gc,start    ] GC(125) Concurrent update references
[2026-04-03T02:18:31.675+0600][73.576s][info][gc,task     ] GC(125) Using 3 of 6 workers for concurrent reference update
[2026-04-03T02:18:31.728+0600][73.629s][info][gc          ] GC(125) Concurrent update references 52.828ms
[2026-04-03T02:18:31.728+0600][73.629s][info][gc,start    ] GC(125) Concurrent update thread roots
[2026-04-03T02:18:31.730+0600][73.631s][info][gc          ] GC(125) Concurrent update thread roots 2.022ms
[2026-04-03T02:18:31.730+0600][73.631s][info][gc,start    ] GC(125) Pause Final Update Refs
[2026-04-03T02:18:31.730+0600][73.631s][info][gc,task     ] GC(125) Using 6 of 6 workers for final reference update
[2026-04-03T02:18:31.730+0600][73.631s][info][gc          ] GC(125) Pause Final Update Refs 0.249ms
[2026-04-03T02:18:31.730+0600][73.632s][info][gc,start    ] GC(125) Concurrent cleanup
[2026-04-03T02:18:31.731+0600][73.632s][info][gc          ] GC(125) Concurrent cleanup 254M->195M(676M) 0.289ms
[2026-04-03T02:18:31.731+0600][73.632s][info][gc,ergo     ] Free: 509M, Max: 256K regular, 213M humongous, Frag: 58% external, 1% internal; Reserve: 38400K, Max: 256K
[2026-04-03T02:18:31.731+0600][73.632s][info][gc,stats    ] 
[2026-04-03T02:18:31.731+0600][73.632s][info][gc,stats    ] All times are wall-clock times, except per-root-class counters, that are sum over
[2026-04-03T02:18:31.731+0600][73.632s][info][gc,stats    ] all workers. Dividing the <total> over the root stage time estimates parallelism.
[2026-04-03T02:18:31.731+0600][73.632s][info][gc,stats    ] 
[2026-04-03T02:18:31.731+0600][73.632s][info][gc,stats    ] Concurrent Reset                   1272 us
[2026-04-03T02:18:31.731+0600][73.632s][info][gc,stats    ] Pause Init Mark (G)                 566 us
[2026-04-03T02:18:31.731+0600][73.632s][info][gc,stats    ] Pause Init Mark (N)                 255 us
[2026-04-03T02:18:31.731+0600][73.632s][info][gc,stats    ]   Update Region States               78 us
[2026-04-03T02:18:31.731+0600][73.632s][info][gc,stats    ] Concurrent Mark Roots              1609 us, parallelism: 1.85x
[2026-04-03T02:18:31.731+0600][73.632s][info][gc,stats    ]   CMR: <total>                     2979 us
[2026-04-03T02:18:31.731+0600][73.632s][info][gc,stats    ]   CMR: Thread Roots                2681 us, workers (us): 747, 989, 946, ---, ---, ---, 
[2026-04-03T02:18:31.731+0600][73.632s][info][gc,stats    ]   CMR: VM Strong Roots               46 us, workers (us):  44,   1,   1, ---, ---, ---, 
[2026-04-03T02:18:31.731+0600][73.632s][info][gc,stats    ]   CMR: CLDG Roots                   252 us, workers (us): 252, ---, ---, ---, ---, ---, 
[2026-04-03T02:18:31.731+0600][73.632s][info][gc,stats    ] Concurrent Marking                52781 us
[2026-04-03T02:18:31.731+0600][73.632s][info][gc,stats    ] Pause Final Mark (G)                905 us
[2026-04-03T02:18:31.731+0600][73.632s][info][gc,stats    ] Pause Final Mark (N)                715 us
[2026-04-03T02:18:31.731+0600][73.632s][info][gc,stats    ]   Finish Mark                       230 us
[2026-04-03T02:18:31.731+0600][73.632s][info][gc,stats    ]   Update Region States               44 us
[2026-04-03T02:18:31.731+0600][73.632s][info][gc,stats    ]   Choose Collection Set             256 us
[2026-04-03T02:18:31.731+0600][73.632s][info][gc,stats    ]   Rebuild Free Set                   43 us
[2026-04-03T02:18:31.731+0600][73.632s][info][gc,stats    ] Concurrent Thread Roots            1014 us, parallelism: 2.43x
[2026-04-03T02:18:31.731+0600][73.632s][info][gc,stats    ]   CTR: <total>                     2467 us
[2026-04-03T02:18:31.731+0600][73.632s][info][gc,stats    ]   CTR: Thread Roots                2467 us, workers (us): 901, 895, 672, ---, ---, ---, 
[2026-04-03T02:18:31.731+0600][73.632s][info][gc,stats    ] Concurrent Weak References          393 us, parallelism: 1.05x
[2026-04-03T02:18:31.731+0600][73.632s][info][gc,stats    ]   CWRF: <total>                     414 us
[2026-04-03T02:18:31.731+0600][73.632s][info][gc,stats    ]   CWRF: Weak References             414 us, workers (us): 297, 103,  14, ---, ---, ---, 
[2026-04-03T02:18:31.731+0600][73.632s][info][gc,stats    ] Concurrent Weak Roots              7621 us
[2026-04-03T02:18:31.731+0600][73.632s][info][gc,stats    ]   Roots                            7103 us, parallelism: 2.65x
[2026-04-03T02:18:31.731+0600][73.632s][info][gc,stats    ]     CWR: <total>                  18838 us
[2026-04-03T02:18:31.731+0600][73.632s][info][gc,stats    ]     CWR: Code Cache Roots         12435 us, workers (us): 4251, 3727, 4457, ---, ---, ---, 
[2026-04-03T02:18:31.731+0600][73.632s][info][gc,stats    ]     CWR: VM Weak Roots             6201 us, workers (us): 1674, 2990, 1537, ---, ---, ---, 
[2026-04-03T02:18:31.731+0600][73.632s][info][gc,stats    ]     CWR: CLDG Roots                 203 us, workers (us): 203, ---, ---, ---, ---, ---, 
[2026-04-03T02:18:31.731+0600][73.633s][info][gc,stats    ]   Rendezvous                        410 us
[2026-04-03T02:18:31.731+0600][73.633s][info][gc,stats    ] Concurrent Cleanup                 1291 us
[2026-04-03T02:18:31.731+0600][73.633s][info][gc,stats    ] Concurrent Class Unloading        17840 us
[2026-04-03T02:18:31.731+0600][73.633s][info][gc,stats    ]   Unlink Stale                    16013 us
[2026-04-03T02:18:31.731+0600][73.633s][info][gc,stats    ]     System Dictionary               324 us
[2026-04-03T02:18:31.731+0600][73.633s][info][gc,stats    ]     Weak Class Links                  1 us
[2026-04-03T02:18:31.731+0600][73.633s][info][gc,stats    ]     Code Roots                    15684 us
[2026-04-03T02:18:31.731+0600][73.633s][info][gc,stats    ]   Rendezvous                        547 us
[2026-04-03T02:18:31.731+0600][73.633s][info][gc,stats    ]   Purge Unlinked                   1146 us
[2026-04-03T02:18:31.731+0600][73.633s][info][gc,stats    ]     Code Roots                     1127 us
[2026-04-03T02:18:31.732+0600][73.633s][info][gc,stats    ]     CLDG                             19 us
[2026-04-03T02:18:31.732+0600][73.633s][info][gc,stats    ]     Exception Caches                  0 us
[2026-04-03T02:18:31.732+0600][73.633s][info][gc,stats    ] Concurrent Strong Roots            1220 us, parallelism: 0.68x
[2026-04-03T02:18:31.732+0600][73.633s][info][gc,stats    ]   CSR: <total>                      824 us
[2026-04-03T02:18:31.732+0600][73.633s][info][gc,stats    ]   CSR: VM Strong Roots               46 us, workers (us):  42,   3,   1, ---, ---, ---, 
[2026-04-03T02:18:31.732+0600][73.633s][info][gc,stats    ]   CSR: CLDG Roots                   779 us, workers (us): 779, ---, ---, ---, ---, ---, 
[2026-04-03T02:18:31.732+0600][73.633s][info][gc,stats    ] Concurrent Evacuation              1755 us
[2026-04-03T02:18:31.732+0600][73.633s][info][gc,stats    ] Pause Init Update Refs (G)          508 us
[2026-04-03T02:18:31.732+0600][73.633s][info][gc,stats    ] Pause Init Update Refs (N)          148 us
[2026-04-03T02:18:31.732+0600][73.633s][info][gc,stats    ]   Manage GCLABs                      29 us
[2026-04-03T02:18:31.732+0600][73.633s][info][gc,stats    ] Concurrent Update Refs            52945 us
[2026-04-03T02:18:31.732+0600][73.633s][info][gc,stats    ] Concurrent Update Thread Roots     2129 us
[2026-04-03T02:18:31.732+0600][73.633s][info][gc,stats    ] Pause Final Update Refs (G)         680 us
[2026-04-03T02:18:31.732+0600][73.633s][info][gc,stats    ] Pause Final Update Refs (N)         267 us
[2026-04-03T02:18:31.732+0600][73.633s][info][gc,stats    ]   Update Region States               66 us
[2026-04-03T02:18:31.732+0600][73.633s][info][gc,stats    ]   Trash Collection Set               19 us
[2026-04-03T02:18:31.732+0600][73.633s][info][gc,stats    ]   Rebuild Free Set                   45 us
[2026-04-03T02:18:31.732+0600][73.633s][info][gc,stats    ] Concurrent Cleanup                  331 us
[2026-04-03T02:18:31.732+0600][73.633s][info][gc,stats    ] Pacing                           150954 us
[2026-04-03T02:18:31.732+0600][73.633s][info][gc,stats    ] 
[2026-04-03T02:18:31.732+0600][73.633s][info][gc,stats    ] Allocation pacing accrued:
[2026-04-03T02:18:31.732+0600][73.633s][info][gc,stats    ]      20 of   421 ms (  4.8%): Executor task launch worker for task 3.0 in stage 2939.0 (TID 5512)
[2026-04-03T02:18:31.732+0600][73.633s][info][gc,stats    ]      20 of   421 ms (  4.8%): Executor task launch worker for task 4.0 in stage 2939.0 (TID 5513)
[2026-04-03T02:18:31.732+0600][73.633s][info][gc,stats    ]      19 of   421 ms (  4.6%): Executor task launch worker for task 5.0 in stage 2939.0 (TID 5514)
[2026-04-03T02:18:31.732+0600][73.633s][info][gc,stats    ]      20 of   421 ms (  4.8%): Executor task launch worker for task 6.0 in stage 2939.0 (TID 5515)
[2026-04-03T02:18:31.732+0600][73.633s][info][gc,stats    ]      16 of   421 ms (  3.9%): Executor task launch worker for task 1.0 in stage 2939.0 (TID 5510)
[2026-04-03T02:18:31.732+0600][73.633s][info][gc,stats    ]      14 of   421 ms (  3.3%): Executor task launch worker for task 7.0 in stage 2939.0 (TID 5516)
[2026-04-03T02:18:31.732+0600][73.633s][info][gc,stats    ]      20 of   421 ms (  4.7%): Executor task launch worker for task 0.0 in stage 2939.0 (TID 5509)
[2026-04-03T02:18:31.732+0600][73.633s][info][gc,stats    ]      21 of   421 ms (  5.0%): Executor task launch worker for task 2.0 in stage 2939.0 (TID 5511)
[2026-04-03T02:18:31.732+0600][73.633s][info][gc,stats    ]     151 of   421 ms ( 35.9%): <total>
[2026-04-03T02:18:31.732+0600][73.633s][info][gc,stats    ]       1 of   421 ms (  0.1%): <average total>
[2026-04-03T02:18:31.732+0600][73.633s][info][gc,stats    ]      19 of   421 ms (  4.5%): <average non-zero>
[2026-04-03T02:18:31.732+0600][73.633s][info][gc,stats    ] 
[2026-04-03T02:18:31.732+0600][73.633s][info][gc,metaspace] Metaspace: 131576K(132928K)->131578K(132928K) NonClass: 115053K(115712K)->115054K(115712K) Class: 16523K(17216K)->16523K(17216K)
[2026-04-03T02:18:31.732+0600][73.633s][info][gc,ergo     ] Pacer for Idle. Initial: 15360K, Alloc Tax Rate: 1.0x
[2026-04-03T02:18:32.069+0600][73.970s][info][gc          ] Trigger: Average GC time (154.75 ms) is above the time for average allocation rate (929 MB/s) to deplete free headroom (139M) (margin of error = 1.86)
[2026-04-03T02:18:32.069+0600][73.970s][info][gc,ergo     ] Free headroom: 176M (free) - 38400K (spike) - 0B (penalties) = 139M
[2026-04-03T02:18:32.069+0600][73.970s][info][gc,ergo     ] Free: 176M, Max: 256K regular, 67328K humongous, Frag: 63% external, 1% internal; Reserve: 38400K, Max: 256K
[2026-04-03T02:18:32.069+0600][73.970s][info][gc,start    ] GC(126) Concurrent reset
[2026-04-03T02:18:32.069+0600][73.970s][info][gc,task     ] GC(126) Using 3 of 6 workers for concurrent reset
[2026-04-03T02:18:32.069+0600][73.970s][info][gc,ergo     ] GC(126) Pacer for Reset. Non-Taxable: 750M
[2026-04-03T02:18:32.070+0600][73.971s][info][gc          ] GC(126) Concurrent reset 0.920ms
[2026-04-03T02:18:32.070+0600][73.971s][info][gc,start    ] GC(126) Pause Init Mark (unload classes)
[2026-04-03T02:18:32.070+0600][73.971s][info][gc,task     ] GC(126) Using 6 of 6 workers for init marking
[2026-04-03T02:18:32.070+0600][73.972s][info][gc,ergo     ] GC(126) Pacer for Mark. Expected Live: 97251K, Free: 176M, Non-Taxable: 18077K, Alloc Tax Rate: 0.7x
[2026-04-03T02:18:32.070+0600][73.972s][info][gc          ] GC(126) Pause Init Mark (unload classes) 0.128ms
[2026-04-03T02:18:32.070+0600][73.972s][info][gc,start    ] GC(126) Concurrent marking roots
[2026-04-03T02:18:32.071+0600][73.972s][info][gc,task     ] GC(126) Using 3 of 6 workers for concurrent marking roots
[2026-04-03T02:18:32.071+0600][73.973s][info][gc          ] GC(126) Concurrent marking roots 0.941ms
[2026-04-03T02:18:32.071+0600][73.973s][info][gc,start    ] GC(126) Concurrent marking (unload classes)
[2026-04-03T02:18:32.071+0600][73.973s][info][gc,task     ] GC(126) Using 3 of 6 workers for concurrent marking
[2026-04-03T02:18:32.124+0600][74.025s][info][gc          ] GC(126) Concurrent marking (unload classes) 52.767ms
[2026-04-03T02:18:32.124+0600][74.026s][info][gc,start    ] GC(126) Pause Final Mark (unload classes)
[2026-04-03T02:18:32.124+0600][74.026s][info][gc,task     ] GC(126) Using 6 of 6 workers for final marking
[2026-04-03T02:18:32.125+0600][74.026s][info][gc,ergo     ] GC(126) Adaptive CSet Selection. Target Free: 106M, Actual Free: 486M, Max CSet: 32000K, Min Garbage: 0B
[2026-04-03T02:18:32.125+0600][74.026s][info][gc,ergo     ] GC(126) Collectable Garbage: 407M (97%), Immediate: 302M (72%), CSet: 105M (25%)
[2026-04-03T02:18:32.125+0600][74.026s][info][gc,ergo     ] GC(126) Pacer for Evacuation. Used CSet: 109M, Free: 475M, Non-Taxable: 48681K, Alloc Tax Rate: 1.1x
[2026-04-03T02:18:32.125+0600][74.026s][info][gc          ] GC(126) Pause Final Mark (unload classes) 0.962ms
[2026-04-03T02:18:32.126+0600][74.027s][info][gc,start    ] GC(126) Concurrent thread roots
[2026-04-03T02:18:32.126+0600][74.027s][info][gc,task     ] GC(126) Using 3 of 6 workers for Concurrent thread roots
[2026-04-03T02:18:32.127+0600][74.028s][info][gc          ] GC(126) Concurrent thread roots 1.325ms
[2026-04-03T02:18:32.127+0600][74.028s][info][gc,start    ] GC(126) Concurrent weak references
[2026-04-03T02:18:32.127+0600][74.028s][info][gc,task     ] GC(126) Using 3 of 6 workers for concurrent weak references
[2026-04-03T02:18:32.128+0600][74.029s][info][gc,ref      ] GC(126) Encountered references: Soft: 3784, Weak: 16396, Final: 84, Phantom: 621
[2026-04-03T02:18:32.128+0600][74.029s][info][gc,ref      ] GC(126) Discovered  references: Soft: 0, Weak: 10111, Final: 0, Phantom: 616
[2026-04-03T02:18:32.128+0600][74.029s][info][gc,ref      ] GC(126) Enqueued    references: Soft: 0, Weak: 1719, Final: 0, Phantom: 0
[2026-04-03T02:18:32.128+0600][74.029s][info][gc          ] GC(126) Concurrent weak references 0.919ms
[2026-04-03T02:18:32.128+0600][74.029s][info][gc,start    ] GC(126) Concurrent weak roots
[2026-04-03T02:18:32.128+0600][74.029s][info][gc,task     ] GC(126) Using 3 of 6 workers for concurrent weak root
[2026-04-03T02:18:32.135+0600][74.036s][info][gc          ] GC(126) Concurrent weak roots 6.835ms
[2026-04-03T02:18:32.135+0600][74.036s][info][gc,start    ] GC(126) Concurrent cleanup
[2026-04-03T02:18:32.135+0600][74.037s][info][gc          ] GC(126) Concurrent cleanup 544M->242M(676M) 0.662ms
[2026-04-03T02:18:32.136+0600][74.037s][info][gc,ergo     ] GC(126) Free: 467M, Max: 256K regular, 48896K humongous, Frag: 90% external, 0% internal; Reserve: 37649K, Max: 256K
[2026-04-03T02:18:32.136+0600][74.037s][info][gc,start    ] GC(126) Concurrent class unloading
[2026-04-03T02:18:32.136+0600][74.037s][info][gc,task     ] GC(126) Using 3 of 6 workers for concurrent class unloading
[2026-04-03T02:18:32.163+0600][74.064s][info][gc          ] GC(126) Concurrent class unloading 27.802ms
[2026-04-03T02:18:32.163+0600][74.065s][info][gc,start    ] GC(126) Concurrent strong roots
[2026-04-03T02:18:32.164+0600][74.065s][info][gc,task     ] GC(126) Using 3 of 6 workers for concurrent strong root
[2026-04-03T02:18:32.165+0600][74.066s][info][gc          ] GC(126) Concurrent strong roots 1.332ms
[2026-04-03T02:18:32.165+0600][74.066s][info][gc,start    ] GC(126) Concurrent evacuation
[2026-04-03T02:18:32.165+0600][74.066s][info][gc,task     ] GC(126) Using 3 of 6 workers for concurrent evacuation
[2026-04-03T02:18:32.168+0600][74.069s][info][gc          ] GC(126) Concurrent evacuation 3.366ms
[2026-04-03T02:18:32.168+0600][74.070s][info][gc,start    ] GC(126) Pause Init Update Refs
[2026-04-03T02:18:32.169+0600][74.070s][info][gc,ergo     ] GC(126) Pacer for Update Refs. Used: 269M, Free: 445M, Non-Taxable: 45592K, Alloc Tax Rate: 1.1x
[2026-04-03T02:18:32.169+0600][74.070s][info][gc          ] GC(126) Pause Init Update Refs 0.129ms
[2026-04-03T02:18:32.169+0600][74.070s][info][gc,start    ] GC(126) Concurrent update references
[2026-04-03T02:18:32.169+0600][74.070s][info][gc,task     ] GC(126) Using 3 of 6 workers for concurrent reference update
[2026-04-03T02:18:32.215+0600][74.116s][info][gc          ] GC(126) Concurrent update references 45.981ms
[2026-04-03T02:18:32.215+0600][74.116s][info][gc,start    ] GC(126) Concurrent update thread roots
[2026-04-03T02:18:32.216+0600][74.117s][info][gc          ] GC(126) Concurrent update thread roots 1.619ms
[2026-04-03T02:18:32.217+0600][74.118s][info][gc,start    ] GC(126) Pause Final Update Refs
[2026-04-03T02:18:32.217+0600][74.118s][info][gc,task     ] GC(126) Using 6 of 6 workers for final reference update
[2026-04-03T02:18:32.217+0600][74.118s][info][gc          ] GC(126) Pause Final Update Refs 0.216ms
[2026-04-03T02:18:32.217+0600][74.118s][info][gc,start    ] GC(126) Concurrent cleanup
[2026-04-03T02:18:32.218+0600][74.119s][info][gc          ] GC(126) Concurrent cleanup 306M->197M(676M) 0.663ms
[2026-04-03T02:18:32.218+0600][74.119s][info][gc,ergo     ] Free: 509M, Max: 256K regular, 208M humongous, Frag: 60% external, 0% internal; Reserve: 38400K, Max: 256K
[2026-04-03T02:18:32.218+0600][74.119s][info][gc,stats    ] 
[2026-04-03T02:18:32.218+0600][74.119s][info][gc,stats    ] All times are wall-clock times, except per-root-class counters, that are sum over
[2026-04-03T02:18:32.218+0600][74.119s][info][gc,stats    ] all workers. Dividing the <total> over the root stage time estimates parallelism.
[2026-04-03T02:18:32.218+0600][74.119s][info][gc,stats    ] 
[2026-04-03T02:18:32.218+0600][74.119s][info][gc,stats    ] Concurrent Reset                    961 us
[2026-04-03T02:18:32.218+0600][74.119s][info][gc,stats    ] Pause Init Mark (G)                 427 us
[2026-04-03T02:18:32.218+0600][74.119s][info][gc,stats    ] Pause Init Mark (N)                 137 us
[2026-04-03T02:18:32.218+0600][74.119s][info][gc,stats    ]   Update Region States               26 us
[2026-04-03T02:18:32.218+0600][74.119s][info][gc,stats    ] Concurrent Mark Roots               962 us, parallelism: 1.74x
[2026-04-03T02:18:32.218+0600][74.119s][info][gc,stats    ]   CMR: <total>                     1674 us
[2026-04-03T02:18:32.218+0600][74.119s][info][gc,stats    ]   CMR: Thread Roots                1474 us, workers (us): 393, 543, 538, ---, ---, ---, 
[2026-04-03T02:18:32.218+0600][74.119s][info][gc,stats    ]   CMR: VM Strong Roots               27 us, workers (us):  26,   1,   0, ---, ---, ---, 
[2026-04-03T02:18:32.218+0600][74.119s][info][gc,stats    ]   CMR: CLDG Roots                   173 us, workers (us): 173, ---, ---, ---, ---, ---, 
[2026-04-03T02:18:32.218+0600][74.119s][info][gc,stats    ] Concurrent Marking                52834 us
[2026-04-03T02:18:32.218+0600][74.119s][info][gc,stats    ] Pause Final Mark (G)               1256 us
[2026-04-03T02:18:32.218+0600][74.119s][info][gc,stats    ] Pause Final Mark (N)                977 us
[2026-04-03T02:18:32.218+0600][74.119s][info][gc,stats    ]   Finish Mark                       291 us
[2026-04-03T02:18:32.218+0600][74.119s][info][gc,stats    ]   Update Region States               43 us
[2026-04-03T02:18:32.218+0600][74.119s][info][gc,stats    ]   Choose Collection Set             325 us
[2026-04-03T02:18:32.218+0600][74.119s][info][gc,stats    ]   Rebuild Free Set                   50 us
[2026-04-03T02:18:32.218+0600][74.119s][info][gc,stats    ] Concurrent Thread Roots            1355 us, parallelism: 2.51x
[2026-04-03T02:18:32.218+0600][74.119s][info][gc,stats    ]   CTR: <total>                     3404 us
[2026-04-03T02:18:32.218+0600][74.119s][info][gc,stats    ]   CTR: Thread Roots                3404 us, workers (us): 1178, 1161, 1065, ---, ---, ---, 
[2026-04-03T02:18:32.218+0600][74.119s][info][gc,stats    ] Concurrent Weak References          937 us, parallelism: 1.27x
[2026-04-03T02:18:32.218+0600][74.119s][info][gc,stats    ]   CWRF: <total>                    1193 us
[2026-04-03T02:18:32.218+0600][74.119s][info][gc,stats    ]   CWRF: Weak References            1193 us, workers (us): 214, 687, 292, ---, ---, ---, 
[2026-04-03T02:18:32.218+0600][74.119s][info][gc,stats    ] Concurrent Weak Roots              6979 us
[2026-04-03T02:18:32.218+0600][74.119s][info][gc,stats    ]   Roots                            6367 us, parallelism: 2.53x
[2026-04-03T02:18:32.218+0600][74.119s][info][gc,stats    ]     CWR: <total>                  16091 us
[2026-04-03T02:18:32.218+0600][74.119s][info][gc,stats    ]     CWR: Code Cache Roots         12980 us, workers (us): 4133, 4394, 4454, ---, ---, ---, 
[2026-04-03T02:18:32.218+0600][74.119s][info][gc,stats    ]     CWR: VM Weak Roots             2880 us, workers (us): 1553, 1324,   2, ---, ---, ---, 
[2026-04-03T02:18:32.218+0600][74.119s][info][gc,stats    ]     CWR: CLDG Roots                 231 us, workers (us): 231, ---, ---, ---, ---, ---, 
[2026-04-03T02:18:32.218+0600][74.119s][info][gc,stats    ]   Rendezvous                        425 us
[2026-04-03T02:18:32.218+0600][74.119s][info][gc,stats    ] Concurrent Cleanup                  689 us
[2026-04-03T02:18:32.218+0600][74.119s][info][gc,stats    ] Concurrent Class Unloading        27908 us
[2026-04-03T02:18:32.218+0600][74.119s][info][gc,stats    ]   Unlink Stale                    26107 us
[2026-04-03T02:18:32.218+0600][74.119s][info][gc,stats    ]     System Dictionary               380 us
[2026-04-03T02:18:32.218+0600][74.119s][info][gc,stats    ]     Weak Class Links                  1 us
[2026-04-03T02:18:32.218+0600][74.119s][info][gc,stats    ]     Code Roots                    25722 us
[2026-04-03T02:18:32.218+0600][74.119s][info][gc,stats    ]   Rendezvous                        408 us
[2026-04-03T02:18:32.218+0600][74.119s][info][gc,stats    ]   Purge Unlinked                   1246 us
[2026-04-03T02:18:32.218+0600][74.119s][info][gc,stats    ]     Code Roots                     1224 us
[2026-04-03T02:18:32.218+0600][74.119s][info][gc,stats    ]     CLDG                             20 us
[2026-04-03T02:18:32.218+0600][74.119s][info][gc,stats    ]     Exception Caches                  1 us
[2026-04-03T02:18:32.218+0600][74.119s][info][gc,stats    ] Concurrent Strong Roots            1377 us, parallelism: 0.69x
[2026-04-03T02:18:32.218+0600][74.119s][info][gc,stats    ]   CSR: <total>                      947 us
[2026-04-03T02:18:32.218+0600][74.119s][info][gc,stats    ]   CSR: VM Strong Roots               61 us, workers (us):  42,  18,   1, ---, ---, ---, 
[2026-04-03T02:18:32.218+0600][74.119s][info][gc,stats    ]   CSR: CLDG Roots                   886 us, workers (us): ---, 886, ---, ---, ---, ---, 
[2026-04-03T02:18:32.218+0600][74.119s][info][gc,stats    ] Concurrent Evacuation              3416 us
[2026-04-03T02:18:32.218+0600][74.119s][info][gc,stats    ] Pause Init Update Refs (G)          357 us
[2026-04-03T02:18:32.218+0600][74.120s][info][gc,stats    ] Pause Init Update Refs (N)          142 us
[2026-04-03T02:18:32.218+0600][74.120s][info][gc,stats    ]   Manage GCLABs                      31 us
[2026-04-03T02:18:32.218+0600][74.120s][info][gc,stats    ] Concurrent Update Refs            46093 us
[2026-04-03T02:18:32.218+0600][74.120s][info][gc,stats    ] Concurrent Update Thread Roots     1682 us
[2026-04-03T02:18:32.218+0600][74.120s][info][gc,stats    ] Pause Final Update Refs (G)         512 us
[2026-04-03T02:18:32.218+0600][74.120s][info][gc,stats    ] Pause Final Update Refs (N)         235 us
[2026-04-03T02:18:32.218+0600][74.120s][info][gc,stats    ]   Update Region States               57 us
[2026-04-03T02:18:32.218+0600][74.120s][info][gc,stats    ]   Trash Collection Set               17 us
[2026-04-03T02:18:32.218+0600][74.120s][info][gc,stats    ]   Rebuild Free Set                   56 us
[2026-04-03T02:18:32.218+0600][74.120s][info][gc,stats    ] Concurrent Cleanup                  701 us
[2026-04-03T02:18:32.219+0600][74.120s][info][gc,stats    ] Pacing                           170676 us
[2026-04-03T02:18:32.219+0600][74.120s][info][gc,stats    ] 
[2026-04-03T02:18:32.219+0600][74.120s][info][gc,stats    ] Allocation pacing accrued:
[2026-04-03T02:18:32.219+0600][74.120s][info][gc,stats    ]      21 of   487 ms (  4.4%): Executor task launch worker for task 7.0 in stage 3046.0 (TID 5580)
[2026-04-03T02:18:32.219+0600][74.120s][info][gc,stats    ]      21 of   487 ms (  4.4%): Executor task launch worker for task 4.0 in stage 3046.0 (TID 5577)
[2026-04-03T02:18:32.219+0600][74.120s][info][gc,stats    ]      21 of   487 ms (  4.4%): Executor task launch worker for task 1.0 in stage 3046.0 (TID 5574)
[2026-04-03T02:18:32.219+0600][74.120s][info][gc,stats    ]      21 of   487 ms (  4.4%): Executor task launch worker for task 2.0 in stage 3046.0 (TID 5575)
[2026-04-03T02:18:32.219+0600][74.120s][info][gc,stats    ]      21 of   487 ms (  4.4%): Executor task launch worker for task 6.0 in stage 3046.0 (TID 5579)
[2026-04-03T02:18:32.219+0600][74.120s][info][gc,stats    ]      21 of   487 ms (  4.4%): Executor task launch worker for task 0.0 in stage 3046.0 (TID 5573)
[2026-04-03T02:18:32.219+0600][74.120s][info][gc,stats    ]      21 of   487 ms (  4.4%): Executor task launch worker for task 3.0 in stage 3046.0 (TID 5576)
[2026-04-03T02:18:32.219+0600][74.120s][info][gc,stats    ]      21 of   487 ms (  4.4%): Executor task launch worker for task 5.0 in stage 3046.0 (TID 5578)
[2026-04-03T02:18:32.219+0600][74.120s][info][gc,stats    ]     171 of   487 ms ( 35.1%): <total>
[2026-04-03T02:18:32.219+0600][74.120s][info][gc,stats    ]       1 of   487 ms (  0.1%): <average total>
[2026-04-03T02:18:32.219+0600][74.120s][info][gc,stats    ]      21 of   487 ms (  4.4%): <average non-zero>
[2026-04-03T02:18:32.219+0600][74.120s][info][gc,stats    ] 
[2026-04-03T02:18:32.219+0600][74.120s][info][gc,metaspace] Metaspace: 131584K(132928K)->131586K(132928K) NonClass: 115059K(115712K)->115061K(115712K) Class: 16524K(17216K)->16524K(17216K)
[2026-04-03T02:18:32.219+0600][74.120s][info][gc,ergo     ] Pacer for Idle. Initial: 15360K, Alloc Tax Rate: 1.0x
[2026-04-03T02:18:32.459+0600][74.360s][info][gc          ] Trigger: Average GC time (159.46 ms) is above the time for average allocation rate (1120 MB/s) to deplete free headroom (178M) (margin of error = 1.86)
[2026-04-03T02:18:32.459+0600][74.360s][info][gc,ergo     ] Free headroom: 215M (free) - 38400K (spike) - 0B (penalties) = 178M
[2026-04-03T02:18:32.459+0600][74.360s][info][gc,ergo     ] Free: 215M, Max: 256K regular, 48896K humongous, Frag: 78% external, 0% internal; Reserve: 38400K, Max: 256K
[2026-04-03T02:18:32.459+0600][74.360s][info][gc,start    ] GC(127) Concurrent reset
[2026-04-03T02:18:32.459+0600][74.360s][info][gc,task     ] GC(127) Using 3 of 6 workers for concurrent reset
[2026-04-03T02:18:32.459+0600][74.360s][info][gc,ergo     ] GC(127) Pacer for Reset. Non-Taxable: 750M
[2026-04-03T02:18:32.461+0600][74.362s][info][gc          ] GC(127) Concurrent reset 1.392ms
[2026-04-03T02:18:32.461+0600][74.362s][info][gc,start    ] GC(127) Pause Init Mark (unload classes)
[2026-04-03T02:18:32.461+0600][74.362s][info][gc,task     ] GC(127) Using 6 of 6 workers for init marking
[2026-04-03T02:18:32.461+0600][74.362s][info][gc,ergo     ] GC(127) Pacer for Mark. Expected Live: 97386K, Free: 214M, Non-Taxable: 21972K, Alloc Tax Rate: 0.5x
[2026-04-03T02:18:32.461+0600][74.362s][info][gc          ] GC(127) Pause Init Mark (unload classes) 0.089ms
[2026-04-03T02:18:32.461+0600][74.362s][info][gc,start    ] GC(127) Concurrent marking roots
[2026-04-03T02:18:32.461+0600][74.362s][info][gc,task     ] GC(127) Using 3 of 6 workers for concurrent marking roots
[2026-04-03T02:18:32.463+0600][74.364s][info][gc          ] GC(127) Concurrent marking roots 2.184ms
[2026-04-03T02:18:32.463+0600][74.364s][info][gc,start    ] GC(127) Concurrent marking (unload classes)
[2026-04-03T02:18:32.463+0600][74.364s][info][gc,task     ] GC(127) Using 3 of 6 workers for concurrent marking
[2026-04-03T02:18:32.525+0600][74.426s][info][gc          ] GC(127) Concurrent marking (unload classes) 61.545ms
[2026-04-03T02:18:32.525+0600][74.426s][info][gc,start    ] GC(127) Pause Final Mark (unload classes)
[2026-04-03T02:18:32.525+0600][74.426s][info][gc,task     ] GC(127) Using 6 of 6 workers for final marking
[2026-04-03T02:18:32.525+0600][74.427s][info][gc,ergo     ] GC(127) Adaptive CSet Selection. Target Free: 106M, Actual Free: 542M, Max CSet: 32000K, Min Garbage: 0B
[2026-04-03T02:18:32.526+0600][74.427s][info][gc,ergo     ] GC(127) Collectable Garbage: 381M (97%), Immediate: 325M (83%), CSet: 57356K (14%)
[2026-04-03T02:18:32.526+0600][74.427s][info][gc,ergo     ] GC(127) Pacer for Evacuation. Used CSet: 60844K, Free: 518M, Non-Taxable: 53076K, Alloc Tax Rate: 1.1x
[2026-04-03T02:18:32.526+0600][74.427s][info][gc          ] GC(127) Pause Final Mark (unload classes) 0.703ms
[2026-04-03T02:18:32.526+0600][74.427s][info][gc,start    ] GC(127) Concurrent thread roots
[2026-04-03T02:18:32.526+0600][74.427s][info][gc,task     ] GC(127) Using 3 of 6 workers for Concurrent thread roots
[2026-04-03T02:18:32.527+0600][74.428s][info][gc          ] GC(127) Concurrent thread roots 1.006ms
[2026-04-03T02:18:32.527+0600][74.428s][info][gc,start    ] GC(127) Concurrent weak references
[2026-04-03T02:18:32.527+0600][74.428s][info][gc,task     ] GC(127) Using 3 of 6 workers for concurrent weak references
[2026-04-03T02:18:32.528+0600][74.429s][info][gc,ref      ] GC(127) Encountered references: Soft: 3796, Weak: 15283, Final: 84, Phantom: 622
[2026-04-03T02:18:32.528+0600][74.429s][info][gc,ref      ] GC(127) Discovered  references: Soft: 0, Weak: 5758, Final: 0, Phantom: 220
[2026-04-03T02:18:32.528+0600][74.429s][info][gc,ref      ] GC(127) Enqueued    references: Soft: 0, Weak: 512, Final: 0, Phantom: 0
[2026-04-03T02:18:32.528+0600][74.429s][info][gc          ] GC(127) Concurrent weak references 0.697ms
[2026-04-03T02:18:32.528+0600][74.429s][info][gc,start    ] GC(127) Concurrent weak roots
[2026-04-03T02:18:32.528+0600][74.429s][info][gc,task     ] GC(127) Using 3 of 6 workers for concurrent weak root
[2026-04-03T02:18:32.532+0600][74.433s][info][gc          ] GC(127) Concurrent weak roots 4.016ms
[2026-04-03T02:18:32.532+0600][74.433s][info][gc,start    ] GC(127) Concurrent cleanup
[2026-04-03T02:18:32.532+0600][74.433s][info][gc          ] GC(127) Concurrent cleanup 517M->192M(676M) 0.514ms
[2026-04-03T02:18:32.532+0600][74.433s][info][gc,ergo     ] GC(127) Free: 516M, Max: 256K regular, 61696K humongous, Frag: 89% external, 0% internal; Reserve: 38067K, Max: 256K
[2026-04-03T02:18:32.532+0600][74.433s][info][gc,start    ] GC(127) Concurrent class unloading
[2026-04-03T02:18:32.532+0600][74.433s][info][gc,task     ] GC(127) Using 3 of 6 workers for concurrent class unloading
[2026-04-03T02:18:32.548+0600][74.449s][info][gc          ] GC(127) Concurrent class unloading 15.740ms
[2026-04-03T02:18:32.548+0600][74.449s][info][gc,start    ] GC(127) Concurrent strong roots
[2026-04-03T02:18:32.548+0600][74.449s][info][gc,task     ] GC(127) Using 3 of 6 workers for concurrent strong root
[2026-04-03T02:18:32.550+0600][74.451s][info][gc          ] GC(127) Concurrent strong roots 1.417ms
[2026-04-03T02:18:32.550+0600][74.451s][info][gc,start    ] GC(127) Concurrent evacuation
[2026-04-03T02:18:32.550+0600][74.451s][info][gc,task     ] GC(127) Using 3 of 6 workers for concurrent evacuation
[2026-04-03T02:18:32.552+0600][74.453s][info][gc          ] GC(127) Concurrent evacuation 2.143ms
[2026-04-03T02:18:32.552+0600][74.453s][info][gc,start    ] GC(127) Pause Init Update Refs
[2026-04-03T02:18:32.552+0600][74.453s][info][gc,ergo     ] GC(127) Pacer for Update Refs. Used: 203M, Free: 508M, Non-Taxable: 52063K, Alloc Tax Rate: 1.1x
[2026-04-03T02:18:32.552+0600][74.453s][info][gc          ] GC(127) Pause Init Update Refs 0.123ms
[2026-04-03T02:18:32.552+0600][74.453s][info][gc,start    ] GC(127) Concurrent update references
[2026-04-03T02:18:32.552+0600][74.454s][info][gc,task     ] GC(127) Using 3 of 6 workers for concurrent reference update
[2026-04-03T02:18:32.609+0600][74.510s][info][gc          ] GC(127) Concurrent update references 56.826ms
[2026-04-03T02:18:32.609+0600][74.510s][info][gc,start    ] GC(127) Concurrent update thread roots
[2026-04-03T02:18:32.611+0600][74.512s][info][gc          ] GC(127) Concurrent update thread roots 1.719ms
[2026-04-03T02:18:32.611+0600][74.512s][info][gc,start    ] GC(127) Pause Final Update Refs
[2026-04-03T02:18:32.611+0600][74.512s][info][gc,task     ] GC(127) Using 6 of 6 workers for final reference update
[2026-04-03T02:18:32.611+0600][74.513s][info][gc          ] GC(127) Pause Final Update Refs 0.229ms
[2026-04-03T02:18:32.612+0600][74.513s][info][gc,start    ] GC(127) Concurrent cleanup
[2026-04-03T02:18:32.612+0600][74.513s][info][gc          ] GC(127) Concurrent cleanup 246M->188M(676M) 0.654ms
[2026-04-03T02:18:32.612+0600][74.513s][info][gc,ergo     ] Free: 520M, Max: 256K regular, 168M humongous, Frag: 68% external, 0% internal; Reserve: 38400K, Max: 256K
[2026-04-03T02:18:32.612+0600][74.513s][info][gc,stats    ] 
[2026-04-03T02:18:32.612+0600][74.513s][info][gc,stats    ] All times are wall-clock times, except per-root-class counters, that are sum over
[2026-04-03T02:18:32.612+0600][74.513s][info][gc,stats    ] all workers. Dividing the <total> over the root stage time estimates parallelism.
[2026-04-03T02:18:32.612+0600][74.514s][info][gc,stats    ] 
[2026-04-03T02:18:32.612+0600][74.514s][info][gc,stats    ] Concurrent Reset                   1430 us
[2026-04-03T02:18:32.612+0600][74.514s][info][gc,stats    ] Pause Init Mark (G)                 282 us
[2026-04-03T02:18:32.612+0600][74.514s][info][gc,stats    ] Pause Init Mark (N)                  98 us
[2026-04-03T02:18:32.612+0600][74.514s][info][gc,stats    ]   Update Region States               29 us
[2026-04-03T02:18:32.612+0600][74.514s][info][gc,stats    ] Concurrent Mark Roots              2272 us, parallelism: 1.44x
[2026-04-03T02:18:32.612+0600][74.514s][info][gc,stats    ]   CMR: <total>                     3275 us
[2026-04-03T02:18:32.613+0600][74.514s][info][gc,stats    ]   CMR: Thread Roots                2694 us, workers (us): 1599, 1095,   0, ---, ---, ---, 
[2026-04-03T02:18:32.613+0600][74.514s][info][gc,stats    ]   CMR: VM Strong Roots               65 us, workers (us):  37,  27,   0, ---, ---, ---, 
[2026-04-03T02:18:32.613+0600][74.514s][info][gc,stats    ]   CMR: CLDG Roots                   516 us, workers (us): ---, 516, ---, ---, ---, ---, 
[2026-04-03T02:18:32.613+0600][74.514s][info][gc,stats    ] Concurrent Marking                61620 us
[2026-04-03T02:18:32.613+0600][74.514s][info][gc,stats    ] Pause Final Mark (G)                941 us
[2026-04-03T02:18:32.613+0600][74.514s][info][gc,stats    ] Pause Final Mark (N)                714 us
[2026-04-03T02:18:32.613+0600][74.514s][info][gc,stats    ]   Finish Mark                       313 us
[2026-04-03T02:18:32.613+0600][74.514s][info][gc,stats    ]   Update Region States               37 us
[2026-04-03T02:18:32.613+0600][74.514s][info][gc,stats    ]   Choose Collection Set             220 us
[2026-04-03T02:18:32.613+0600][74.514s][info][gc,stats    ]   Rebuild Free Set                   35 us
[2026-04-03T02:18:32.613+0600][74.514s][info][gc,stats    ] Concurrent Thread Roots            1042 us, parallelism: 2.13x
[2026-04-03T02:18:32.613+0600][74.514s][info][gc,stats    ]   CTR: <total>                     2217 us
[2026-04-03T02:18:32.613+0600][74.514s][info][gc,stats    ]   CTR: Thread Roots                2217 us, workers (us): 743, 744, 731, ---, ---, ---, 
[2026-04-03T02:18:32.613+0600][74.514s][info][gc,stats    ] Concurrent Weak References          710 us, parallelism: 0.89x
[2026-04-03T02:18:32.613+0600][74.514s][info][gc,stats    ]   CWRF: <total>                     633 us
[2026-04-03T02:18:32.613+0600][74.514s][info][gc,stats    ]   CWRF: Weak References             633 us, workers (us):  48, 111, 474, ---, ---, ---, 
[2026-04-03T02:18:32.613+0600][74.514s][info][gc,stats    ] Concurrent Weak Roots              4093 us
[2026-04-03T02:18:32.613+0600][74.514s][info][gc,stats    ]   Roots                            3601 us, parallelism: 2.66x
[2026-04-03T02:18:32.613+0600][74.514s][info][gc,stats    ]     CWR: <total>                   9562 us
[2026-04-03T02:18:32.613+0600][74.514s][info][gc,stats    ]     CWR: Code Cache Roots          7168 us, workers (us): 2261, 2419, 2488, ---, ---, ---, 
[2026-04-03T02:18:32.613+0600][74.514s][info][gc,stats    ]     CWR: VM Weak Roots             2266 us, workers (us): 822, 718, 725, ---, ---, ---, 
[2026-04-03T02:18:32.613+0600][74.514s][info][gc,stats    ]     CWR: CLDG Roots                 127 us, workers (us): 127, ---, ---, ---, ---, ---, 
[2026-04-03T02:18:32.613+0600][74.514s][info][gc,stats    ]   Rendezvous                        359 us
[2026-04-03T02:18:32.613+0600][74.514s][info][gc,stats    ] Concurrent Cleanup                  535 us
[2026-04-03T02:18:32.613+0600][74.514s][info][gc,stats    ] Concurrent Class Unloading        15851 us
[2026-04-03T02:18:32.613+0600][74.514s][info][gc,stats    ]   Unlink Stale                    14486 us
[2026-04-03T02:18:32.613+0600][74.514s][info][gc,stats    ]     System Dictionary               207 us
[2026-04-03T02:18:32.613+0600][74.514s][info][gc,stats    ]     Weak Class Links                  0 us
[2026-04-03T02:18:32.613+0600][74.514s][info][gc,stats    ]     Code Roots                    14275 us
[2026-04-03T02:18:32.613+0600][74.514s][info][gc,stats    ]   Rendezvous                        426 us
[2026-04-03T02:18:32.613+0600][74.514s][info][gc,stats    ]   Purge Unlinked                    794 us
[2026-04-03T02:18:32.613+0600][74.514s][info][gc,stats    ]     Code Roots                      779 us
[2026-04-03T02:18:32.613+0600][74.514s][info][gc,stats    ]     CLDG                             14 us
[2026-04-03T02:18:32.613+0600][74.514s][info][gc,stats    ]     Exception Caches                  0 us
[2026-04-03T02:18:32.613+0600][74.514s][info][gc,stats    ] Concurrent Strong Roots            1555 us, parallelism: 0.64x
[2026-04-03T02:18:32.613+0600][74.514s][info][gc,stats    ]   CSR: <total>                      989 us
[2026-04-03T02:18:32.613+0600][74.514s][info][gc,stats    ]   CSR: VM Strong Roots               58 us, workers (us):  31,  14,  13, ---, ---, ---, 
[2026-04-03T02:18:32.613+0600][74.514s][info][gc,stats    ]   CSR: CLDG Roots                   931 us, workers (us): ---, 931, ---, ---, ---, ---, 
[2026-04-03T02:18:32.613+0600][74.514s][info][gc,stats    ] Concurrent Evacuation              2231 us
[2026-04-03T02:18:32.613+0600][74.514s][info][gc,stats    ] Pause Init Update Refs (G)          401 us
[2026-04-03T02:18:32.613+0600][74.514s][info][gc,stats    ] Pause Init Update Refs (N)          142 us
[2026-04-03T02:18:32.613+0600][74.514s][info][gc,stats    ]   Manage GCLABs                      46 us
[2026-04-03T02:18:32.613+0600][74.514s][info][gc,stats    ] Concurrent Update Refs            56936 us
[2026-04-03T02:18:32.613+0600][74.514s][info][gc,stats    ] Concurrent Update Thread Roots     1778 us
[2026-04-03T02:18:32.613+0600][74.514s][info][gc,stats    ] Pause Final Update Refs (G)         496 us
[2026-04-03T02:18:32.613+0600][74.514s][info][gc,stats    ] Pause Final Update Refs (N)         272 us
[2026-04-03T02:18:32.613+0600][74.514s][info][gc,stats    ]   Update Region States               57 us
[2026-04-03T02:18:32.613+0600][74.514s][info][gc,stats    ]   Trash Collection Set               16 us
[2026-04-03T02:18:32.613+0600][74.514s][info][gc,stats    ]   Rebuild Free Set                   43 us
[2026-04-03T02:18:32.613+0600][74.514s][info][gc,stats    ] Concurrent Cleanup                  685 us
[2026-04-03T02:18:32.613+0600][74.514s][info][gc,stats    ] Pacing                            44697 us
[2026-04-03T02:18:32.613+0600][74.514s][info][gc,stats    ] 
[2026-04-03T02:18:32.613+0600][74.514s][info][gc,stats    ] Allocation pacing accrued:
[2026-04-03T02:18:32.613+0600][74.514s][info][gc,stats    ]      22 of   395 ms (  5.6%): Executor task launch worker for task 0.0 in stage 3076.0 (TID 5603)
[2026-04-03T02:18:32.613+0600][74.514s][info][gc,stats    ]      23 of   395 ms (  5.7%): Executor task launch worker for task 1.0 in stage 3076.0 (TID 5604)
[2026-04-03T02:18:32.613+0600][74.514s][info][gc,stats    ]      45 of   395 ms ( 11.3%): <total>
[2026-04-03T02:18:32.613+0600][74.514s][info][gc,stats    ]       0 of   395 ms (  0.0%): <average total>
[2026-04-03T02:18:32.613+0600][74.514s][info][gc,stats    ]      22 of   395 ms (  5.7%): <average non-zero>
[2026-04-03T02:18:32.613+0600][74.514s][info][gc,stats    ] 
[2026-04-03T02:18:32.613+0600][74.514s][info][gc,metaspace] Metaspace: 131589K(132928K)->131589K(132928K) NonClass: 115064K(115712K)->115064K(115712K) Class: 16525K(17216K)->16525K(17216K)
[2026-04-03T02:18:32.613+0600][74.514s][info][gc,ergo     ] Pacer for Idle. Initial: 15360K, Alloc Tax Rate: 1.0x
[2026-04-03T02:18:32.874+0600][74.775s][info][gc          ] Trigger: Average GC time (163.03 ms) is above the time for average allocation rate (1057 MB/s) to deplete free headroom (170M) (margin of error = 1.86)
[2026-04-03T02:18:32.874+0600][74.775s][info][gc,ergo     ] Free headroom: 208M (free) - 38400K (spike) - 0B (penalties) = 170M
[2026-04-03T02:18:32.874+0600][74.775s][info][gc,ergo     ] Free: 207M, Max: 256K regular, 104M humongous, Frag: 50% external, 0% internal; Reserve: 38400K, Max: 256K
[2026-04-03T02:18:32.874+0600][74.775s][info][gc,start    ] GC(128) Concurrent reset
[2026-04-03T02:18:32.874+0600][74.775s][info][gc,task     ] GC(128) Using 3 of 6 workers for concurrent reset
[2026-04-03T02:18:32.874+0600][74.776s][info][gc,ergo     ] GC(128) Pacer for Reset. Non-Taxable: 750M
[2026-04-03T02:18:32.875+0600][74.776s][info][gc          ] GC(128) Concurrent reset 0.852ms
[2026-04-03T02:18:32.875+0600][74.777s][info][gc,start    ] GC(128) Pause Init Mark (unload classes)
[2026-04-03T02:18:32.875+0600][74.777s][info][gc,task     ] GC(128) Using 6 of 6 workers for init marking
[2026-04-03T02:18:32.876+0600][74.777s][info][gc,ergo     ] GC(128) Pacer for Mark. Expected Live: 96422K, Free: 207M, Non-Taxable: 21273K, Alloc Tax Rate: 0.6x
[2026-04-03T02:18:32.876+0600][74.777s][info][gc          ] GC(128) Pause Init Mark (unload classes) 0.097ms
[2026-04-03T02:18:32.876+0600][74.777s][info][gc,start    ] GC(128) Concurrent marking roots
[2026-04-03T02:18:32.876+0600][74.777s][info][gc,task     ] GC(128) Using 3 of 6 workers for concurrent marking roots
[2026-04-03T02:18:32.880+0600][74.781s][info][gc          ] GC(128) Concurrent marking roots 4.429ms
[2026-04-03T02:18:32.880+0600][74.781s][info][gc,start    ] GC(128) Concurrent marking (unload classes)
[2026-04-03T02:18:32.880+0600][74.781s][info][gc,task     ] GC(128) Using 3 of 6 workers for concurrent marking
[2026-04-03T02:18:32.938+0600][74.840s][info][gc          ] GC(128) Concurrent marking (unload classes) 58.333ms
[2026-04-03T02:18:32.939+0600][74.840s][info][gc,start    ] GC(128) Pause Final Mark (unload classes)
[2026-04-03T02:18:32.939+0600][74.840s][info][gc,task     ] GC(128) Using 6 of 6 workers for final marking
[2026-04-03T02:18:32.939+0600][74.840s][info][gc,ergo     ] GC(128) Adaptive CSet Selection. Target Free: 106M, Actual Free: 544M, Max CSet: 32000K, Min Garbage: 0B
[2026-04-03T02:18:32.939+0600][74.840s][info][gc,ergo     ] GC(128) Collectable Garbage: 384M (97%), Immediate: 335M (85%), CSet: 50555K (12%)
[2026-04-03T02:18:32.939+0600][74.841s][info][gc,ergo     ] GC(128) Pacer for Evacuation. Used CSet: 54942K, Free: 526M, Non-Taxable: 53938K, Alloc Tax Rate: 1.1x
[2026-04-03T02:18:32.939+0600][74.841s][info][gc          ] GC(128) Pause Final Mark (unload classes) 0.791ms
[2026-04-03T02:18:32.940+0600][74.841s][info][gc,start    ] GC(128) Concurrent thread roots
[2026-04-03T02:18:32.940+0600][74.841s][info][gc,task     ] GC(128) Using 3 of 6 workers for Concurrent thread roots
[2026-04-03T02:18:32.941+0600][74.842s][info][gc          ] GC(128) Concurrent thread roots 1.021ms
[2026-04-03T02:18:32.941+0600][74.842s][info][gc,start    ] GC(128) Concurrent weak references
[2026-04-03T02:18:32.941+0600][74.842s][info][gc,task     ] GC(128) Using 3 of 6 workers for concurrent weak references
[2026-04-03T02:18:32.942+0600][74.843s][info][gc,ref      ] GC(128) Encountered references: Soft: 3825, Weak: 15436, Final: 84, Phantom: 621
[2026-04-03T02:18:32.942+0600][74.843s][info][gc,ref      ] GC(128) Discovered  references: Soft: 0, Weak: 8591, Final: 0, Phantom: 615
[2026-04-03T02:18:32.942+0600][74.843s][info][gc,ref      ] GC(128) Enqueued    references: Soft: 0, Weak: 618, Final: 0, Phantom: 0
[2026-04-03T02:18:32.942+0600][74.843s][info][gc          ] GC(128) Concurrent weak references 1.271ms
[2026-04-03T02:18:32.942+0600][74.843s][info][gc,start    ] GC(128) Concurrent weak roots
[2026-04-03T02:18:32.942+0600][74.843s][info][gc,task     ] GC(128) Using 3 of 6 workers for concurrent weak root
[2026-04-03T02:18:32.947+0600][74.848s][info][gc          ] GC(128) Concurrent weak roots 5.201ms
[2026-04-03T02:18:32.947+0600][74.848s][info][gc,start    ] GC(128) Concurrent cleanup
[2026-04-03T02:18:32.948+0600][74.849s][info][gc          ] GC(128) Concurrent cleanup 528M->194M(676M) 0.892ms
[2026-04-03T02:18:32.948+0600][74.849s][info][gc,ergo     ] GC(128) Free: 516M, Max: 256K regular, 60672K humongous, Frag: 89% external, 0% internal; Reserve: 38144K, Max: 256K
[2026-04-03T02:18:32.948+0600][74.849s][info][gc,start    ] GC(128) Concurrent class unloading
[2026-04-03T02:18:32.948+0600][74.849s][info][gc,task     ] GC(128) Using 3 of 6 workers for concurrent class unloading
[2026-04-03T02:18:32.969+0600][74.870s][info][gc          ] GC(128) Concurrent class unloading 20.904ms
[2026-04-03T02:18:32.969+0600][74.870s][info][gc,start    ] GC(128) Concurrent strong roots
[2026-04-03T02:18:32.969+0600][74.870s][info][gc,task     ] GC(128) Using 3 of 6 workers for concurrent strong root
[2026-04-03T02:18:32.970+0600][74.871s][info][gc          ] GC(128) Concurrent strong roots 1.204ms
[2026-04-03T02:18:32.970+0600][74.871s][info][gc,start    ] GC(128) Concurrent evacuation
[2026-04-03T02:18:32.970+0600][74.871s][info][gc,task     ] GC(128) Using 3 of 6 workers for concurrent evacuation
[2026-04-03T02:18:32.973+0600][74.874s][info][gc          ] GC(128) Concurrent evacuation 2.419ms
[2026-04-03T02:18:32.973+0600][74.874s][info][gc,start    ] GC(128) Pause Init Update Refs
[2026-04-03T02:18:32.973+0600][74.874s][info][gc,ergo     ] GC(128) Pacer for Update Refs. Used: 222M, Free: 491M, Non-Taxable: 50303K, Alloc Tax Rate: 1.1x
[2026-04-03T02:18:32.973+0600][74.874s][info][gc          ] GC(128) Pause Init Update Refs 0.158ms
[2026-04-03T02:18:32.973+0600][74.874s][info][gc,start    ] GC(128) Concurrent update references
[2026-04-03T02:18:32.973+0600][74.874s][info][gc,task     ] GC(128) Using 3 of 6 workers for concurrent reference update
[2026-04-03T02:18:33.015+0600][74.916s][info][gc          ] GC(128) Concurrent update references 41.560ms
[2026-04-03T02:18:33.015+0600][74.916s][info][gc,start    ] GC(128) Concurrent update thread roots
[2026-04-03T02:18:33.016+0600][74.917s][info][gc          ] GC(128) Concurrent update thread roots 1.168ms
[2026-04-03T02:18:33.016+0600][74.917s][info][gc,start    ] GC(128) Pause Final Update Refs
[2026-04-03T02:18:33.016+0600][74.918s][info][gc,task     ] GC(128) Using 6 of 6 workers for final reference update
[2026-04-03T02:18:33.017+0600][74.918s][info][gc          ] GC(128) Pause Final Update Refs 0.246ms
[2026-04-03T02:18:33.017+0600][74.918s][info][gc,start    ] GC(128) Concurrent cleanup
[2026-04-03T02:18:33.017+0600][74.918s][info][gc          ] GC(128) Concurrent cleanup 227M->173M(676M) 0.263ms
[2026-04-03T02:18:33.017+0600][74.918s][info][gc,ergo     ] Free: 535M, Max: 256K regular, 142M humongous, Frag: 74% external, 0% internal; Reserve: 38400K, Max: 256K
[2026-04-03T02:18:33.017+0600][74.918s][info][gc,stats    ] 
[2026-04-03T02:18:33.017+0600][74.918s][info][gc,stats    ] All times are wall-clock times, except per-root-class counters, that are sum over
[2026-04-03T02:18:33.017+0600][74.918s][info][gc,stats    ] all workers. Dividing the <total> over the root stage time estimates parallelism.
[2026-04-03T02:18:33.017+0600][74.918s][info][gc,stats    ] 
[2026-04-03T02:18:33.017+0600][74.918s][info][gc,stats    ] Concurrent Reset                    887 us
[2026-04-03T02:18:33.017+0600][74.918s][info][gc,stats    ] Pause Init Mark (G)                 320 us
[2026-04-03T02:18:33.017+0600][74.918s][info][gc,stats    ] Pause Init Mark (N)                 106 us
[2026-04-03T02:18:33.017+0600][74.918s][info][gc,stats    ]   Update Region States               23 us
[2026-04-03T02:18:33.017+0600][74.918s][info][gc,stats    ] Concurrent Mark Roots              4517 us, parallelism: 2.10x
[2026-04-03T02:18:33.017+0600][74.918s][info][gc,stats    ]   CMR: <total>                     9477 us
[2026-04-03T02:18:33.017+0600][74.918s][info][gc,stats    ]   CMR: Thread Roots                9042 us, workers (us): 3303, 1748, 3990, ---, ---, ---, 
[2026-04-03T02:18:33.017+0600][74.918s][info][gc,stats    ]   CMR: VM Strong Roots               57 us, workers (us):  28,  28,   1, ---, ---, ---, 
[2026-04-03T02:18:33.017+0600][74.918s][info][gc,stats    ]   CMR: CLDG Roots                   378 us, workers (us): 378, ---, ---, ---, ---, ---, 
[2026-04-03T02:18:33.017+0600][74.918s][info][gc,stats    ] Concurrent Marking                58419 us
[2026-04-03T02:18:33.017+0600][74.918s][info][gc,stats    ] Pause Final Mark (G)                987 us
[2026-04-03T02:18:33.017+0600][74.918s][info][gc,stats    ] Pause Final Mark (N)                806 us
[2026-04-03T02:18:33.017+0600][74.918s][info][gc,stats    ]   Finish Mark                       298 us
[2026-04-03T02:18:33.017+0600][74.918s][info][gc,stats    ]   Update Region States               46 us
[2026-04-03T02:18:33.017+0600][74.918s][info][gc,stats    ]   Choose Collection Set             263 us
[2026-04-03T02:18:33.017+0600][74.918s][info][gc,stats    ]   Rebuild Free Set                   49 us
[2026-04-03T02:18:33.017+0600][74.918s][info][gc,stats    ] Concurrent Thread Roots            1077 us, parallelism: 2.47x
[2026-04-03T02:18:33.017+0600][74.918s][info][gc,stats    ]   CTR: <total>                     2662 us
[2026-04-03T02:18:33.017+0600][74.918s][info][gc,stats    ]   CTR: Thread Roots                2662 us, workers (us): 896, 885, 881, ---, ---, ---, 
[2026-04-03T02:18:33.017+0600][74.918s][info][gc,stats    ] Concurrent Weak References         1284 us, parallelism: 0.88x
[2026-04-03T02:18:33.017+0600][74.918s][info][gc,stats    ]   CWRF: <total>                    1134 us
[2026-04-03T02:18:33.017+0600][74.919s][info][gc,stats    ]   CWRF: Weak References            1134 us, workers (us): 1132,   2,   0, ---, ---, ---, 
[2026-04-03T02:18:33.017+0600][74.919s][info][gc,stats    ] Concurrent Weak Roots              5258 us
[2026-04-03T02:18:33.017+0600][74.919s][info][gc,stats    ]   Roots                            4819 us, parallelism: 2.77x
[2026-04-03T02:18:33.017+0600][74.919s][info][gc,stats    ]     CWR: <total>                  13352 us
[2026-04-03T02:18:33.017+0600][74.919s][info][gc,stats    ]     CWR: Code Cache Roots          9911 us, workers (us): 3303, 3228, 3380, ---, ---, ---, 
[2026-04-03T02:18:33.017+0600][74.919s][info][gc,stats    ]     CWR: VM Weak Roots             3229 us, workers (us): 1079, 1075, 1075, ---, ---, ---, 
[2026-04-03T02:18:33.017+0600][74.919s][info][gc,stats    ]     CWR: CLDG Roots                 211 us, workers (us): ---, 211, ---, ---, ---, ---, 
[2026-04-03T02:18:33.017+0600][74.919s][info][gc,stats    ]   Rendezvous                        331 us
[2026-04-03T02:18:33.017+0600][74.919s][info][gc,stats    ] Concurrent Cleanup                  920 us
[2026-04-03T02:18:33.017+0600][74.919s][info][gc,stats    ] Concurrent Class Unloading        20992 us
[2026-04-03T02:18:33.017+0600][74.919s][info][gc,stats    ]   Unlink Stale                    19620 us
[2026-04-03T02:18:33.017+0600][74.919s][info][gc,stats    ]     System Dictionary               244 us
[2026-04-03T02:18:33.018+0600][74.919s][info][gc,stats    ]     Weak Class Links                  0 us
[2026-04-03T02:18:33.018+0600][74.919s][info][gc,stats    ]     Code Roots                    19372 us
[2026-04-03T02:18:33.018+0600][74.919s][info][gc,stats    ]   Rendezvous                        392 us
[2026-04-03T02:18:33.018+0600][74.919s][info][gc,stats    ]   Purge Unlinked                    857 us
[2026-04-03T02:18:33.018+0600][74.919s][info][gc,stats    ]     Code Roots                      842 us
[2026-04-03T02:18:33.018+0600][74.919s][info][gc,stats    ]     CLDG                             14 us
[2026-04-03T02:18:33.018+0600][74.919s][info][gc,stats    ]     Exception Caches                  0 us
[2026-04-03T02:18:33.018+0600][74.919s][info][gc,stats    ] Concurrent Strong Roots            1259 us, parallelism: 0.61x
[2026-04-03T02:18:33.018+0600][74.919s][info][gc,stats    ]   CSR: <total>                      770 us
[2026-04-03T02:18:33.018+0600][74.919s][info][gc,stats    ]   CSR: VM Strong Roots               61 us, workers (us):  30,  30,   0, ---, ---, ---, 
[2026-04-03T02:18:33.018+0600][74.919s][info][gc,stats    ]   CSR: CLDG Roots                   710 us, workers (us): 710, ---, ---, ---, ---, ---, 
[2026-04-03T02:18:33.018+0600][74.919s][info][gc,stats    ] Concurrent Evacuation              2458 us
[2026-04-03T02:18:33.018+0600][74.919s][info][gc,stats    ] Pause Init Update Refs (G)          455 us
[2026-04-03T02:18:33.018+0600][74.919s][info][gc,stats    ] Pause Init Update Refs (N)          174 us
[2026-04-03T02:18:33.018+0600][74.919s][info][gc,stats    ]   Manage GCLABs                      71 us
[2026-04-03T02:18:33.018+0600][74.919s][info][gc,stats    ] Concurrent Update Refs            41646 us
[2026-04-03T02:18:33.018+0600][74.919s][info][gc,stats    ] Concurrent Update Thread Roots     1247 us
[2026-04-03T02:18:33.018+0600][74.919s][info][gc,stats    ] Pause Final Update Refs (G)         580 us
[2026-04-03T02:18:33.018+0600][74.919s][info][gc,stats    ] Pause Final Update Refs (N)         265 us
[2026-04-03T02:18:33.018+0600][74.919s][info][gc,stats    ]   Update Region States               50 us
[2026-04-03T02:18:33.018+0600][74.919s][info][gc,stats    ]   Trash Collection Set               15 us
[2026-04-03T02:18:33.018+0600][74.919s][info][gc,stats    ]   Rebuild Free Set                   45 us
[2026-04-03T02:18:33.018+0600][74.919s][info][gc,stats    ] Concurrent Cleanup                  284 us
[2026-04-03T02:18:33.018+0600][74.919s][info][gc,stats    ] Pacing                           235664 us
[2026-04-03T02:18:33.018+0600][74.919s][info][gc,stats    ] 
[2026-04-03T02:18:33.018+0600][74.919s][info][gc,stats    ] Allocation pacing accrued:
[2026-04-03T02:18:33.018+0600][74.919s][info][gc,stats    ]      29 of   405 ms (  7.1%): Executor task launch worker for task 5.0 in stage 3111.0 (TID 5656)
[2026-04-03T02:18:33.018+0600][74.919s][info][gc,stats    ]      29 of   405 ms (  7.3%): Executor task launch worker for task 6.0 in stage 3111.0 (TID 5657)
[2026-04-03T02:18:33.018+0600][74.919s][info][gc,stats    ]      30 of   405 ms (  7.4%): Executor task launch worker for task 2.0 in stage 3111.0 (TID 5653)
[2026-04-03T02:18:33.018+0600][74.919s][info][gc,stats    ]      29 of   405 ms (  7.3%): Executor task launch worker for task 1.0 in stage 3111.0 (TID 5652)
[2026-04-03T02:18:33.018+0600][74.919s][info][gc,stats    ]      30 of   405 ms (  7.4%): Executor task launch worker for task 0.0 in stage 3111.0 (TID 5651)
[2026-04-03T02:18:33.018+0600][74.919s][info][gc,stats    ]      30 of   405 ms (  7.3%): Executor task launch worker for task 3.0 in stage 3111.0 (TID 5654)
[2026-04-03T02:18:33.018+0600][74.919s][info][gc,stats    ]      30 of   405 ms (  7.3%): Executor task launch worker for task 4.0 in stage 3111.0 (TID 5655)
[2026-04-03T02:18:33.018+0600][74.919s][info][gc,stats    ]      29 of   405 ms (  7.2%): Executor task launch worker for task 7.0 in stage 3111.0 (TID 5658)
[2026-04-03T02:18:33.018+0600][74.919s][info][gc,stats    ]     236 of   405 ms ( 58.3%): <total>
[2026-04-03T02:18:33.018+0600][74.919s][info][gc,stats    ]       1 of   405 ms (  0.2%): <average total>
[2026-04-03T02:18:33.018+0600][74.919s][info][gc,stats    ]      29 of   405 ms (  7.3%): <average non-zero>
[2026-04-03T02:18:33.018+0600][74.919s][info][gc,stats    ] 
[2026-04-03T02:18:33.018+0600][74.919s][info][gc,metaspace] Metaspace: 131621K(132992K)->131621K(132992K) NonClass: 115091K(115776K)->115092K(115776K) Class: 16529K(17216K)->16529K(17216K)
[2026-04-03T02:18:33.018+0600][74.919s][info][gc,ergo     ] Pacer for Idle. Initial: 15360K, Alloc Tax Rate: 1.0x
[2026-04-03T02:18:33.019+0600][74.920s][info][gc          ] Trigger: Explicit GC request (System.gc())
[2026-04-03T02:18:33.019+0600][74.920s][info][gc,ergo     ] Free: 535M, Max: 256K regular, 142M humongous, Frag: 74% external, 0% internal; Reserve: 38400K, Max: 256K
[2026-04-03T02:18:33.019+0600][74.920s][info][gc,start    ] GC(129) Concurrent reset
[2026-04-03T02:18:33.019+0600][74.920s][info][gc,task     ] GC(129) Using 3 of 6 workers for concurrent reset
[2026-04-03T02:18:33.019+0600][74.920s][info][gc,ergo     ] GC(129) Pacer for Reset. Non-Taxable: 750M
[2026-04-03T02:18:33.020+0600][74.921s][info][gc          ] GC(129) Concurrent reset 0.791ms
[2026-04-03T02:18:33.020+0600][74.921s][info][gc,start    ] GC(129) Pause Init Mark (unload classes)
[2026-04-03T02:18:33.020+0600][74.921s][info][gc,task     ] GC(129) Using 6 of 6 workers for init marking
[2026-04-03T02:18:33.020+0600][74.921s][info][gc,ref      ] GC(129) Clearing All SoftReferences
[2026-04-03T02:18:33.020+0600][74.921s][info][gc,ergo     ] GC(129) Pacer for Mark. Expected Live: 93742K, Free: 535M, Non-Taxable: 54811K, Alloc Tax Rate: 0.2x
[2026-04-03T02:18:33.020+0600][74.921s][info][gc          ] GC(129) Pause Init Mark (unload classes) 0.142ms
[2026-04-03T02:18:33.020+0600][74.921s][info][gc,start    ] GC(129) Concurrent marking roots
[2026-04-03T02:18:33.020+0600][74.921s][info][gc,task     ] GC(129) Using 3 of 6 workers for concurrent marking roots
[2026-04-03T02:18:33.021+0600][74.923s][info][gc          ] GC(129) Concurrent marking roots 1.060ms
[2026-04-03T02:18:33.021+0600][74.923s][info][gc,start    ] GC(129) Concurrent marking (unload classes)
[2026-04-03T02:18:33.021+0600][74.923s][info][gc,task     ] GC(129) Using 3 of 6 workers for concurrent marking
[2026-04-03T02:18:33.060+0600][74.962s][info][gc          ] GC(129) Concurrent marking (unload classes) 38.984ms
[2026-04-03T02:18:33.061+0600][74.962s][info][gc,start    ] GC(129) Pause Final Mark (unload classes)
[2026-04-03T02:18:33.061+0600][74.962s][info][gc,task     ] GC(129) Using 6 of 6 workers for final marking
[2026-04-03T02:18:33.061+0600][74.962s][info][gc,ergo     ] GC(129) Adaptive CSet Selection. Target Free: 106M, Actual Free: 636M, Max CSet: 32000K, Min Garbage: 0B
[2026-04-03T02:18:33.061+0600][74.963s][info][gc,ergo     ] GC(129) Collectable Garbage: 82033K (90%), Immediate: 66565K (73%), CSet: 15468K (17%)
[2026-04-03T02:18:33.062+0600][74.963s][info][gc,ergo     ] GC(129) Pacer for Evacuation. Used CSet: 17381K, Free: 602M, Non-Taxable: 61669K, Alloc Tax Rate: 1.1x
[2026-04-03T02:18:33.062+0600][74.963s][info][gc          ] GC(129) Pause Final Mark (unload classes) 0.928ms
[2026-04-03T02:18:33.062+0600][74.963s][info][gc,start    ] GC(129) Concurrent thread roots
[2026-04-03T02:18:33.062+0600][74.963s][info][gc,task     ] GC(129) Using 3 of 6 workers for Concurrent thread roots
[2026-04-03T02:18:33.063+0600][74.964s][info][gc          ] GC(129) Concurrent thread roots 0.797ms
[2026-04-03T02:18:33.063+0600][74.964s][info][gc,start    ] GC(129) Concurrent weak references
[2026-04-03T02:18:33.063+0600][74.964s][info][gc,task     ] GC(129) Using 3 of 6 workers for concurrent weak references
[2026-04-03T02:18:33.064+0600][74.965s][info][gc,ref      ] GC(129) Encountered references: Soft: 3585, Weak: 14586, Final: 84, Phantom: 621
[2026-04-03T02:18:33.064+0600][74.965s][info][gc,ref      ] GC(129) Discovered  references: Soft: 1216, Weak: 8846, Final: 52, Phantom: 617
[2026-04-03T02:18:33.064+0600][74.965s][info][gc,ref      ] GC(129) Enqueued    references: Soft: 688, Weak: 342, Final: 0, Phantom: 0
[2026-04-03T02:18:33.064+0600][74.965s][info][gc          ] GC(129) Concurrent weak references 1.174ms
[2026-04-03T02:18:33.064+0600][74.965s][info][gc,start    ] GC(129) Concurrent weak roots
[2026-04-03T02:18:33.064+0600][74.965s][info][gc,task     ] GC(129) Using 3 of 6 workers for concurrent weak root
[2026-04-03T02:18:33.068+0600][74.969s][info][gc          ] GC(129) Concurrent weak roots 3.772ms
[2026-04-03T02:18:33.068+0600][74.969s][info][gc,start    ] GC(129) Concurrent cleanup
[2026-04-03T02:18:33.068+0600][74.969s][info][gc          ] GC(129) Concurrent cleanup 173M->108M(676M) 0.480ms
[2026-04-03T02:18:33.068+0600][74.969s][info][gc,ergo     ] GC(129) Free: 602M, Max: 256K regular, 216M humongous, Frag: 65% external, 0% internal; Reserve: 38179K, Max: 256K
[2026-04-03T02:18:33.068+0600][74.969s][info][gc,start    ] GC(129) Concurrent class unloading
[2026-04-03T02:18:33.068+0600][74.969s][info][gc,task     ] GC(129) Using 3 of 6 workers for concurrent class unloading
[2026-04-03T02:18:33.112+0600][75.013s][info][gc          ] GC(129) Concurrent class unloading 43.761ms
[2026-04-03T02:18:33.112+0600][75.013s][info][gc,start    ] GC(129) Concurrent strong roots
[2026-04-03T02:18:33.112+0600][75.013s][info][gc,task     ] GC(129) Using 3 of 6 workers for concurrent strong root
[2026-04-03T02:18:33.113+0600][75.014s][info][gc          ] GC(129) Concurrent strong roots 0.937ms
[2026-04-03T02:18:33.113+0600][75.014s][info][gc,start    ] GC(129) Concurrent evacuation
[2026-04-03T02:18:33.113+0600][75.014s][info][gc,task     ] GC(129) Using 3 of 6 workers for concurrent evacuation
[2026-04-03T02:18:33.114+0600][75.015s][info][gc          ] GC(129) Concurrent evacuation 0.929ms
[2026-04-03T02:18:33.114+0600][75.015s][info][gc,start    ] GC(129) Pause Init Update Refs
[2026-04-03T02:18:33.114+0600][75.015s][info][gc,ergo     ] GC(129) Pacer for Update Refs. Used: 110M, Free: 602M, Non-Taxable: 61650K, Alloc Tax Rate: 1.1x
[2026-04-03T02:18:33.114+0600][75.015s][info][gc          ] GC(129) Pause Init Update Refs 0.063ms
[2026-04-03T02:18:33.114+0600][75.015s][info][gc,start    ] GC(129) Concurrent update references
[2026-04-03T02:18:33.114+0600][75.015s][info][gc,task     ] GC(129) Using 3 of 6 workers for concurrent reference update
[2026-04-03T02:18:33.140+0600][75.041s][info][gc          ] GC(129) Concurrent update references 25.613ms
[2026-04-03T02:18:33.140+0600][75.041s][info][gc,start    ] GC(129) Concurrent update thread roots
[2026-04-03T02:18:33.141+0600][75.042s][info][gc          ] GC(129) Concurrent update thread roots 0.825ms
[2026-04-03T02:18:33.141+0600][75.042s][info][gc,start    ] GC(129) Pause Final Update Refs
[2026-04-03T02:18:33.141+0600][75.042s][info][gc,task     ] GC(129) Using 6 of 6 workers for final reference update
[2026-04-03T02:18:33.141+0600][75.042s][info][gc          ] GC(129) Pause Final Update Refs 0.103ms
[2026-04-03T02:18:33.141+0600][75.042s][info][gc,start    ] GC(129) Concurrent cleanup
[2026-04-03T02:18:33.141+0600][75.042s][info][gc          ] GC(129) Concurrent cleanup 110M->93M(676M) 0.236ms
[2026-04-03T02:18:33.141+0600][75.042s][info][gc,ergo     ] Free: 616M, Max: 256K regular, 319M humongous, Frag: 49% external, 0% internal; Reserve: 38400K, Max: 256K
[2026-04-03T02:18:33.141+0600][75.042s][info][gc,stats    ] 
[2026-04-03T02:18:33.141+0600][75.042s][info][gc,stats    ] All times are wall-clock times, except per-root-class counters, that are sum over
[2026-04-03T02:18:33.141+0600][75.042s][info][gc,stats    ] all workers. Dividing the <total> over the root stage time estimates parallelism.
[2026-04-03T02:18:33.141+0600][75.042s][info][gc,stats    ] 
[2026-04-03T02:18:33.141+0600][75.042s][info][gc,stats    ] Concurrent Reset                    845 us
[2026-04-03T02:18:33.141+0600][75.042s][info][gc,stats    ] Pause Init Mark (G)                 360 us
[2026-04-03T02:18:33.141+0600][75.042s][info][gc,stats    ] Pause Init Mark (N)                 153 us
[2026-04-03T02:18:33.141+0600][75.042s][info][gc,stats    ]   Update Region States               31 us
[2026-04-03T02:18:33.141+0600][75.042s][info][gc,stats    ] Concurrent Mark Roots              1101 us, parallelism: 1.63x
[2026-04-03T02:18:33.141+0600][75.042s][info][gc,stats    ]   CMR: <total>                     1797 us
[2026-04-03T02:18:33.141+0600][75.042s][info][gc,stats    ]   CMR: Thread Roots                1551 us, workers (us): 590, 394, 566, ---, ---, ---, 
[2026-04-03T02:18:33.141+0600][75.042s][info][gc,stats    ]   CMR: VM Strong Roots               59 us, workers (us):  36,  22,   1, ---, ---, ---, 
[2026-04-03T02:18:33.141+0600][75.042s][info][gc,stats    ]   CMR: CLDG Roots                   187 us, workers (us): ---, 187, ---, ---, ---, ---, 
[2026-04-03T02:18:33.141+0600][75.042s][info][gc,stats    ] Concurrent Marking                39062 us
[2026-04-03T02:18:33.141+0600][75.042s][info][gc,stats    ] Pause Final Mark (G)               1258 us
[2026-04-03T02:18:33.141+0600][75.042s][info][gc,stats    ] Pause Final Mark (N)                946 us
[2026-04-03T02:18:33.141+0600][75.042s][info][gc,stats    ]   Finish Mark                       470 us
[2026-04-03T02:18:33.141+0600][75.042s][info][gc,stats    ]   Update Region States               42 us
[2026-04-03T02:18:33.141+0600][75.043s][info][gc,stats    ]   Choose Collection Set             192 us
[2026-04-03T02:18:33.141+0600][75.043s][info][gc,stats    ]   Rebuild Free Set                   46 us
[2026-04-03T02:18:33.141+0600][75.043s][info][gc,stats    ] Concurrent Thread Roots             832 us, parallelism: 2.12x
[2026-04-03T02:18:33.141+0600][75.043s][info][gc,stats    ]   CTR: <total>                     1765 us
[2026-04-03T02:18:33.141+0600][75.043s][info][gc,stats    ]   CTR: Thread Roots                1765 us, workers (us): 616, 581, 568, ---, ---, ---, 
[2026-04-03T02:18:33.141+0600][75.043s][info][gc,stats    ] Concurrent Weak References         1185 us, parallelism: 1.03x
[2026-04-03T02:18:33.141+0600][75.043s][info][gc,stats    ]   CWRF: <total>                    1225 us
[2026-04-03T02:18:33.141+0600][75.043s][info][gc,stats    ]   CWRF: Weak References            1225 us, workers (us): 216, 929,  80, ---, ---, ---, 
[2026-04-03T02:18:33.141+0600][75.043s][info][gc,stats    ] Concurrent Weak Roots              3844 us
[2026-04-03T02:18:33.141+0600][75.043s][info][gc,stats    ]   Roots                            3515 us, parallelism: 2.51x
[2026-04-03T02:18:33.141+0600][75.043s][info][gc,stats    ]     CWR: <total>                   8827 us
[2026-04-03T02:18:33.141+0600][75.043s][info][gc,stats    ]     CWR: Code Cache Roots          6848 us, workers (us): 2285, 2230, 2334, ---, ---, ---, 
[2026-04-03T02:18:33.141+0600][75.043s][info][gc,stats    ]     CWR: VM Weak Roots             1883 us, workers (us): 631, 627, 626, ---, ---, ---, 
[2026-04-03T02:18:33.142+0600][75.043s][info][gc,stats    ]     CWR: CLDG Roots                  95 us, workers (us): ---,  95, ---, ---, ---, ---, 
[2026-04-03T02:18:33.142+0600][75.043s][info][gc,stats    ]   Rendezvous                        233 us
[2026-04-03T02:18:33.142+0600][75.043s][info][gc,stats    ] Concurrent Cleanup                  493 us
[2026-04-03T02:18:33.142+0600][75.043s][info][gc,stats    ] Concurrent Class Unloading        43826 us
[2026-04-03T02:18:33.142+0600][75.043s][info][gc,stats    ]   Unlink Stale                    30803 us
[2026-04-03T02:18:33.142+0600][75.043s][info][gc,stats    ]     System Dictionary               742 us
[2026-04-03T02:18:33.142+0600][75.043s][info][gc,stats    ]     Weak Class Links              17272 us
[2026-04-03T02:18:33.142+0600][75.043s][info][gc,stats    ]     Code Roots                    12785 us
[2026-04-03T02:18:33.142+0600][75.043s][info][gc,stats    ]   Rendezvous                        263 us
[2026-04-03T02:18:33.142+0600][75.043s][info][gc,stats    ]   Purge Unlinked                  12672 us
[2026-04-03T02:18:33.142+0600][75.043s][info][gc,stats    ]     Code Roots                    11552 us
[2026-04-03T02:18:33.142+0600][75.043s][info][gc,stats    ]     CLDG                           1119 us
[2026-04-03T02:18:33.142+0600][75.043s][info][gc,stats    ]     Exception Caches                  0 us
[2026-04-03T02:18:33.142+0600][75.043s][info][gc,stats    ] Concurrent Strong Roots             975 us, parallelism: 0.67x
[2026-04-03T02:18:33.142+0600][75.043s][info][gc,stats    ]   CSR: <total>                      655 us
[2026-04-03T02:18:33.142+0600][75.043s][info][gc,stats    ]   CSR: VM Strong Roots               29 us, workers (us):  27,   2,   0, ---, ---, ---, 
[2026-04-03T02:18:33.142+0600][75.043s][info][gc,stats    ]   CSR: CLDG Roots                   625 us, workers (us): ---, 625, ---, ---, ---, ---, 
[2026-04-03T02:18:33.142+0600][75.043s][info][gc,stats    ] Concurrent Evacuation               969 us
[2026-04-03T02:18:33.142+0600][75.043s][info][gc,stats    ] Pause Init Update Refs (G)          181 us
[2026-04-03T02:18:33.142+0600][75.043s][info][gc,stats    ] Pause Init Update Refs (N)           72 us
[2026-04-03T02:18:33.142+0600][75.043s][info][gc,stats    ]   Manage GCLABs                      27 us
[2026-04-03T02:18:33.142+0600][75.043s][info][gc,stats    ] Concurrent Update Refs            25670 us
[2026-04-03T02:18:33.142+0600][75.043s][info][gc,stats    ] Concurrent Update Thread Roots      847 us
[2026-04-03T02:18:33.142+0600][75.043s][info][gc,stats    ] Pause Final Update Refs (G)         190 us
[2026-04-03T02:18:33.142+0600][75.043s][info][gc,stats    ] Pause Final Update Refs (N)         111 us
[2026-04-03T02:18:33.142+0600][75.043s][info][gc,stats    ]   Update Region States               34 us
[2026-04-03T02:18:33.142+0600][75.043s][info][gc,stats    ]   Trash Collection Set                6 us
[2026-04-03T02:18:33.142+0600][75.043s][info][gc,stats    ]   Rebuild Free Set                   28 us
[2026-04-03T02:18:33.142+0600][75.043s][info][gc,stats    ] Concurrent Cleanup                  272 us
[2026-04-03T02:18:33.142+0600][75.043s][info][gc,stats    ] 
[2026-04-03T02:18:33.142+0600][75.043s][info][gc,stats    ] Allocation pacing accrued:
[2026-04-03T02:18:33.142+0600][75.043s][info][gc,stats    ]       0 of   124 ms (  0.0%): <total>
[2026-04-03T02:18:33.142+0600][75.043s][info][gc,stats    ]       0 of   124 ms (  0.0%): <average total>
[2026-04-03T02:18:33.142+0600][75.043s][info][gc,stats    ] 
[2026-04-03T02:18:33.142+0600][75.043s][info][gc,metaspace] Metaspace: 131621K(132992K)->130486K(132928K) NonClass: 115092K(115776K)->114130K(115712K) Class: 16529K(17216K)->16355K(17216K)
[2026-04-03T02:18:33.142+0600][75.043s][info][gc,ergo     ] Pacer for Idle. Initial: 15360K, Alloc Tax Rate: 1.0x
[2026-04-03T02:18:33.142+0600][75.043s][info][gc,start    ] Concurrent uncommit
[2026-04-03T02:18:33.226+0600][75.127s][info][gc          ] Concurrent uncommit 94M->105M(108M) 83.933ms
[2026-04-03T02:18:33.423+0600][75.325s][info][gc          ] Trigger: Learning 2 of 5. Free (522M) is below initial threshold (525M)
[2026-04-03T02:18:33.424+0600][75.325s][info][gc,ergo     ] Free: 522M, Max: 256K regular, 319M humongous, Frag: 39% external, 0% internal; Reserve: 38400K, Max: 256K
[2026-04-03T02:18:33.424+0600][75.325s][info][gc,start    ] GC(130) Concurrent reset
[2026-04-03T02:18:33.424+0600][75.325s][info][gc,task     ] GC(130) Using 3 of 6 workers for concurrent reset
[2026-04-03T02:18:33.424+0600][75.325s][info][gc,ergo     ] GC(130) Pacer for Reset. Non-Taxable: 750M
[2026-04-03T02:18:33.424+0600][75.326s][info][gc          ] GC(130) Concurrent reset 0.879ms
[2026-04-03T02:18:33.427+0600][75.328s][info][gc,start    ] GC(130) Pause Init Mark (unload classes)
[2026-04-03T02:18:33.427+0600][75.328s][info][gc,task     ] GC(130) Using 5 of 6 workers for init marking
[2026-04-03T02:18:33.427+0600][75.328s][info][gc,ergo     ] GC(130) Pacer for Mark. Expected Live: 92211K, Free: 521M, Non-Taxable: 53452K, Alloc Tax Rate: 0.2x
[2026-04-03T02:18:33.427+0600][75.328s][info][gc          ] GC(130) Pause Init Mark (unload classes) 0.144ms
[2026-04-03T02:18:33.427+0600][75.328s][info][gc,start    ] GC(130) Concurrent marking roots
[2026-04-03T02:18:33.427+0600][75.328s][info][gc,task     ] GC(130) Using 3 of 6 workers for concurrent marking roots
[2026-04-03T02:18:33.429+0600][75.330s][info][gc          ] GC(130) Concurrent marking roots 1.431ms
[2026-04-03T02:18:33.429+0600][75.330s][info][gc,start    ] GC(130) Concurrent marking (unload classes)
[2026-04-03T02:18:33.429+0600][75.330s][info][gc,task     ] GC(130) Using 3 of 6 workers for concurrent marking
[2026-04-03T02:18:33.480+0600][75.381s][info][gc          ] GC(130) Concurrent marking (unload classes) 51.644ms
[2026-04-03T02:18:33.480+0600][75.382s][info][gc,start    ] GC(130) Pause Final Mark (unload classes)
[2026-04-03T02:18:33.480+0600][75.382s][info][gc,task     ] GC(130) Using 5 of 6 workers for final marking
[2026-04-03T02:18:33.481+0600][75.382s][info][gc,ergo     ] GC(130) Adaptive CSet Selection. Target Free: 106M, Actual Free: 518M, Max CSet: 32000K, Min Garbage: 0B
[2026-04-03T02:18:33.481+0600][75.382s][info][gc,ergo     ] GC(130) Collectable Garbage: 79133K (89%), Immediate: 46253K (52%), CSet: 32879K (37%)
[2026-04-03T02:18:33.481+0600][75.382s][info][gc,ergo     ] GC(130) Pacer for Evacuation. Used CSet: 37056K, Free: 488M, Non-Taxable: 50004K, Alloc Tax Rate: 1.1x
[2026-04-03T02:18:33.481+0600][75.382s][info][gc          ] GC(130) Pause Final Mark (unload classes) 0.751ms
[2026-04-03T02:18:33.481+0600][75.382s][info][gc,start    ] GC(130) Concurrent thread roots
[2026-04-03T02:18:33.481+0600][75.383s][info][gc,task     ] GC(130) Using 3 of 6 workers for Concurrent thread roots
[2026-04-03T02:18:33.482+0600][75.384s][info][gc          ] GC(130) Concurrent thread roots 1.089ms
[2026-04-03T02:18:33.482+0600][75.384s][info][gc,start    ] GC(130) Concurrent weak references
[2026-04-03T02:18:33.482+0600][75.384s][info][gc,task     ] GC(130) Using 3 of 6 workers for concurrent weak references
[2026-04-03T02:18:33.483+0600][75.385s][info][gc,ref      ] GC(130) Encountered references: Soft: 3615, Weak: 14826, Final: 84, Phantom: 621
[2026-04-03T02:18:33.483+0600][75.385s][info][gc,ref      ] GC(130) Discovered  references: Soft: 0, Weak: 7238, Final: 0, Phantom: 224
[2026-04-03T02:18:33.483+0600][75.385s][info][gc,ref      ] GC(130) Enqueued    references: Soft: 0, Weak: 372, Final: 0, Phantom: 0
[2026-04-03T02:18:33.483+0600][75.385s][info][gc          ] GC(130) Concurrent weak references 0.999ms
[2026-04-03T02:18:33.483+0600][75.385s][info][gc,start    ] GC(130) Concurrent weak roots
[2026-04-03T02:18:33.484+0600][75.385s][info][gc,task     ] GC(130) Using 3 of 6 workers for concurrent weak root
[2026-04-03T02:18:33.495+0600][75.396s][info][gc          ] GC(130) Concurrent weak roots 11.011ms
[2026-04-03T02:18:33.495+0600][75.396s][info][gc,start    ] GC(130) Concurrent cleanup
[2026-04-03T02:18:33.495+0600][75.396s][info][gc          ] GC(130) Concurrent cleanup 288M->252M(304M) 0.597ms
[2026-04-03T02:18:33.495+0600][75.396s][info][gc,ergo     ] GC(130) Free: 450M, Max: 256K regular, 297M humongous, Frag: 34% external, 0% internal; Reserve: 37825K, Max: 256K
[2026-04-03T02:18:33.495+0600][75.396s][info][gc,start    ] GC(130) Concurrent class unloading
[2026-04-03T02:18:33.495+0600][75.396s][info][gc,task     ] GC(130) Using 3 of 6 workers for concurrent class unloading
[2026-04-03T02:18:33.514+0600][75.415s][info][gc          ] GC(130) Concurrent class unloading 18.582ms
[2026-04-03T02:18:33.514+0600][75.415s][info][gc,start    ] GC(130) Concurrent strong roots
[2026-04-03T02:18:33.514+0600][75.415s][info][gc,task     ] GC(130) Using 3 of 6 workers for concurrent strong root
[2026-04-03T02:18:33.515+0600][75.416s][info][gc          ] GC(130) Concurrent strong roots 1.027ms
[2026-04-03T02:18:33.515+0600][75.416s][info][gc,start    ] GC(130) Concurrent evacuation
[2026-04-03T02:18:33.515+0600][75.416s][info][gc,task     ] GC(130) Using 3 of 6 workers for concurrent evacuation
[2026-04-03T02:18:33.518+0600][75.420s][info][gc          ] GC(130) Concurrent evacuation 3.459ms
[2026-04-03T02:18:33.523+0600][75.424s][info][gc,start    ] GC(130) Pause Init Update Refs
[2026-04-03T02:18:33.523+0600][75.424s][info][gc,ergo     ] GC(130) Pacer for Update Refs. Used: 283M, Free: 422M, Non-Taxable: 43289K, Alloc Tax Rate: 1.1x
[2026-04-03T02:18:33.523+0600][75.424s][info][gc          ] GC(130) Pause Init Update Refs 0.147ms
[2026-04-03T02:18:33.523+0600][75.424s][info][gc,start    ] GC(130) Concurrent update references
[2026-04-03T02:18:33.523+0600][75.424s][info][gc,task     ] GC(130) Using 3 of 6 workers for concurrent reference update
[2026-04-03T02:18:33.561+0600][75.462s][info][gc          ] GC(130) Concurrent update references 38.127ms
[2026-04-03T02:18:33.561+0600][75.462s][info][gc,start    ] GC(130) Concurrent update thread roots
[2026-04-03T02:18:33.569+0600][75.470s][info][gc          ] GC(130) Concurrent update thread roots 7.488ms
[2026-04-03T02:18:33.575+0600][75.476s][info][gc,start    ] GC(130) Pause Final Update Refs
[2026-04-03T02:18:33.575+0600][75.476s][info][gc,task     ] GC(130) Using 6 of 6 workers for final reference update
[2026-04-03T02:18:33.575+0600][75.476s][info][gc          ] GC(130) Pause Final Update Refs 0.248ms
[2026-04-03T02:18:33.575+0600][75.476s][info][gc,start    ] GC(130) Concurrent cleanup
[2026-04-03T02:18:33.575+0600][75.476s][info][gc          ] GC(130) Concurrent cleanup 406M->370M(440M) 0.229ms
[2026-04-03T02:18:33.575+0600][75.476s][info][gc,ergo     ] Free: 319M, Max: 256K regular, 165M humongous, Frag: 48% external, 1% internal; Reserve: 38400K, Max: 256K
[2026-04-03T02:18:33.575+0600][75.476s][info][gc,stats    ] 
[2026-04-03T02:18:33.575+0600][75.476s][info][gc,stats    ] All times are wall-clock times, except per-root-class counters, that are sum over
[2026-04-03T02:18:33.575+0600][75.476s][info][gc,stats    ] all workers. Dividing the <total> over the root stage time estimates parallelism.
[2026-04-03T02:18:33.575+0600][75.476s][info][gc,stats    ] 
[2026-04-03T02:18:33.575+0600][75.476s][info][gc,stats    ] Concurrent Reset                    953 us
[2026-04-03T02:18:33.575+0600][75.476s][info][gc,stats    ] Pause Init Mark (G)                2519 us
[2026-04-03T02:18:33.575+0600][75.476s][info][gc,stats    ] Pause Init Mark (N)                 156 us
[2026-04-03T02:18:33.575+0600][75.476s][info][gc,stats    ]   Update Region States               33 us
[2026-04-03T02:18:33.575+0600][75.476s][info][gc,stats    ] Concurrent Mark Roots              1488 us, parallelism: 1.88x
[2026-04-03T02:18:33.575+0600][75.476s][info][gc,stats    ]   CMR: <total>                     2803 us
[2026-04-03T02:18:33.575+0600][75.476s][info][gc,stats    ]   CMR: Thread Roots                2365 us, workers (us): 922, 538, 905, ---, ---, ---, 
[2026-04-03T02:18:33.575+0600][75.476s][info][gc,stats    ]   CMR: VM Strong Roots               48 us, workers (us):  31,  16,   1, ---, ---, ---, 
[2026-04-03T02:18:33.575+0600][75.476s][info][gc,stats    ]   CMR: CLDG Roots                   389 us, workers (us): ---, 389, ---, ---, ---, ---, 
[2026-04-03T02:18:33.575+0600][75.476s][info][gc,stats    ] Concurrent Marking                51726 us
[2026-04-03T02:18:33.575+0600][75.477s][info][gc,stats    ] Pause Final Mark (G)               1056 us
[2026-04-03T02:18:33.575+0600][75.477s][info][gc,stats    ] Pause Final Mark (N)                769 us
[2026-04-03T02:18:33.575+0600][75.477s][info][gc,stats    ]   Finish Mark                       253 us
[2026-04-03T02:18:33.575+0600][75.477s][info][gc,stats    ]   Update Region States               42 us
[2026-04-03T02:18:33.575+0600][75.477s][info][gc,stats    ]   Choose Collection Set             234 us
[2026-04-03T02:18:33.575+0600][75.477s][info][gc,stats    ]   Rebuild Free Set                   48 us
[2026-04-03T02:18:33.575+0600][75.477s][info][gc,stats    ] Concurrent Thread Roots            1134 us, parallelism: 2.22x
[2026-04-03T02:18:33.575+0600][75.477s][info][gc,stats    ]   CTR: <total>                     2516 us
[2026-04-03T02:18:33.575+0600][75.477s][info][gc,stats    ]   CTR: Thread Roots                2516 us, workers (us): 863, 826, 827, ---, ---, ---, 
[2026-04-03T02:18:33.575+0600][75.477s][info][gc,stats    ] Concurrent Weak References         1012 us, parallelism: 1.04x
[2026-04-03T02:18:33.575+0600][75.477s][info][gc,stats    ]   CWRF: <total>                    1057 us
[2026-04-03T02:18:33.575+0600][75.477s][info][gc,stats    ]   CWRF: Weak References            1057 us, workers (us): 109, 195, 753, ---, ---, ---, 
[2026-04-03T02:18:33.576+0600][75.477s][info][gc,stats    ] Concurrent Weak Roots             11100 us
[2026-04-03T02:18:33.576+0600][75.477s][info][gc,stats    ]   Roots                            5257 us, parallelism: 2.74x
[2026-04-03T02:18:33.576+0600][75.477s][info][gc,stats    ]     CWR: <total>                  14403 us
[2026-04-03T02:18:33.576+0600][75.477s][info][gc,stats    ]     CWR: Code Cache Roots         11603 us, workers (us): 3890, 3870, 3842, ---, ---, ---, 
[2026-04-03T02:18:33.576+0600][75.477s][info][gc,stats    ]     CWR: VM Weak Roots             2670 us, workers (us): 927, 875, 868, ---, ---, ---, 
[2026-04-03T02:18:33.576+0600][75.477s][info][gc,stats    ]     CWR: CLDG Roots                 131 us, workers (us): 131, ---, ---, ---, ---, ---, 
[2026-04-03T02:18:33.576+0600][75.477s][info][gc,stats    ]   Rendezvous                       5727 us
[2026-04-03T02:18:33.576+0600][75.477s][info][gc,stats    ] Concurrent Cleanup                  617 us
[2026-04-03T02:18:33.576+0600][75.477s][info][gc,stats    ] Concurrent Class Unloading        18646 us
[2026-04-03T02:18:33.576+0600][75.477s][info][gc,stats    ]   Unlink Stale                    14058 us
[2026-04-03T02:18:33.576+0600][75.477s][info][gc,stats    ]     System Dictionary               277 us
[2026-04-03T02:18:33.576+0600][75.477s][info][gc,stats    ]     Weak Class Links                  1 us
[2026-04-03T02:18:33.576+0600][75.477s][info][gc,stats    ]     Code Roots                    13777 us
[2026-04-03T02:18:33.576+0600][75.477s][info][gc,stats    ]   Rendezvous                       3487 us
[2026-04-03T02:18:33.576+0600][75.477s][info][gc,stats    ]   Purge Unlinked                   1003 us
