[2026-04-03T02:36:55.649+0600][0.005s][info][gc] Heuristics ergonomically sets -XX:+ExplicitGCInvokesConcurrent
[2026-04-03T02:36:55.649+0600][0.005s][info][gc] Heuristics ergonomically sets -XX:+ShenandoahImplicitGCInvokesConcurrent
[2026-04-03T02:36:55.650+0600][0.006s][info][gc] Using Shenandoah
[2026-04-03T02:36:55.651+0600][0.007s][info][gc,ergo] Pacer for Idle. Initial: 30720K, Alloc Tax Rate: 1.0x
[2026-04-03T02:36:55.651+0600][0.007s][info][gc,init] Version: 21.0.10+7-Ubuntu-124.04 (release)
[2026-04-03T02:36:55.651+0600][0.007s][info][gc,init] CPUs: 12 total, 12 available
[2026-04-03T02:36:55.651+0600][0.007s][info][gc,init] Memory: 15683M
[2026-04-03T02:36:55.651+0600][0.007s][info][gc,init] Large Page Support: Disabled
[2026-04-03T02:36:55.651+0600][0.007s][info][gc,init] NUMA Support: Disabled
[2026-04-03T02:36:55.651+0600][0.007s][info][gc,init] Compressed Oops: Enabled (32-bit)
[2026-04-03T02:36:55.651+0600][0.007s][info][gc,init] Heap Min Capacity: 6656K
[2026-04-03T02:36:55.651+0600][0.007s][info][gc,init] Heap Initial Capacity: 251392K
[2026-04-03T02:36:55.651+0600][0.007s][info][gc,init] Heap Max Capacity: 1500M
[2026-04-03T02:36:55.651+0600][0.007s][info][gc,init] Pre-touch: Disabled
[2026-04-03T02:36:55.651+0600][0.007s][info][gc,init] Mode: Snapshot-At-The-Beginning (SATB)
[2026-04-03T02:36:55.651+0600][0.007s][info][gc,init] Heuristics: Adaptive
[2026-04-03T02:36:55.651+0600][0.007s][info][gc,init] Heap Region Count: 3000
[2026-04-03T02:36:55.651+0600][0.007s][info][gc,init] Heap Region Size: 512K
[2026-04-03T02:36:55.651+0600][0.007s][info][gc,init] TLAB Size Max: 512K
[2026-04-03T02:36:55.651+0600][0.007s][info][gc,init] Humongous Object Threshold: 512K
[2026-04-03T02:36:55.651+0600][0.007s][info][gc,init] Parallel Workers: 6
[2026-04-03T02:36:55.651+0600][0.007s][info][gc,init] Concurrent Workers: 3
[2026-04-03T02:36:55.662+0600][0.018s][info][gc,metaspace] CDS archive(s) mapped at: [0x00007cceff000000-0x00007cceffc9c000-0x00007cceffc9c000), size 13221888, SharedBaseAddress: 0x00007cceff000000, ArchiveRelocationMode: 1.
[2026-04-03T02:36:55.662+0600][0.018s][info][gc,metaspace] Compressed class space mapped at: 0x00007ccf00000000-0x00007ccf40000000, reserved size: 1073741824
[2026-04-03T02:36:55.662+0600][0.018s][info][gc,metaspace] Narrow klass base: 0x00007cceff000000, Narrow klass shift: 0, Narrow klass range: 0x100000000
[2026-04-03T02:36:59.761+0600][4.117s][info][gc          ] Trigger: Metadata GC Threshold
[2026-04-03T02:36:59.761+0600][4.117s][info][gc,ergo     ] Free: 1056M, Max: 512K regular, 1056M humongous, Frag: 0% external, 0% internal; Reserve: 76800K, Max: 512K
[2026-04-03T02:36:59.761+0600][4.117s][info][gc,start    ] GC(0) Concurrent reset
[2026-04-03T02:36:59.762+0600][4.118s][info][gc,task     ] GC(0) Using 3 of 6 workers for concurrent reset
[2026-04-03T02:36:59.762+0600][4.118s][info][gc,ergo     ] GC(0) Pacer for Reset. Non-Taxable: 1500M
[2026-04-03T02:36:59.762+0600][4.118s][info][gc          ] GC(0) Concurrent reset 0.841ms
[2026-04-03T02:36:59.762+0600][4.119s][info][gc,start    ] GC(0) Pause Init Mark (unload classes)
[2026-04-03T02:36:59.763+0600][4.119s][info][gc,task     ] GC(0) Using 6 of 6 workers for init marking
[2026-04-03T02:36:59.763+0600][4.120s][info][gc,ergo     ] GC(0) Pacer for Mark. Expected Live: 150M, Free: 1056M, Non-Taxable: 105M, Alloc Tax Rate: 0.2x
[2026-04-03T02:36:59.763+0600][4.120s][info][gc          ] GC(0) Pause Init Mark (unload classes) 0.840ms
[2026-04-03T02:36:59.763+0600][4.120s][info][gc,start    ] GC(0) Concurrent marking roots
[2026-04-03T02:36:59.763+0600][4.120s][info][gc,task     ] GC(0) Using 3 of 6 workers for concurrent marking roots
[2026-04-03T02:36:59.766+0600][4.123s][info][gc          ] GC(0) Concurrent marking roots 2.984ms
[2026-04-03T02:36:59.766+0600][4.123s][info][gc,start    ] GC(0) Concurrent marking (unload classes)
[2026-04-03T02:36:59.766+0600][4.123s][info][gc,task     ] GC(0) Using 3 of 6 workers for concurrent marking
[2026-04-03T02:36:59.776+0600][4.132s][info][gc          ] GC(0) Concurrent marking (unload classes) 9.198ms
[2026-04-03T02:36:59.776+0600][4.132s][info][gc,start    ] GC(0) Pause Final Mark (unload classes)
[2026-04-03T02:36:59.776+0600][4.132s][info][gc,task     ] GC(0) Using 6 of 6 workers for final marking
[2026-04-03T02:36:59.776+0600][4.133s][info][gc,ergo     ] GC(0) Adaptive CSet Selection. Target Free: 212M, Actual Free: 1130M, Max CSet: 64000K, Min Garbage: 0B
[2026-04-03T02:36:59.777+0600][4.133s][info][gc,ergo     ] GC(0) Collectable Garbage: 349M (99%), Immediate: 0B (0%), CSet: 349M (99%)
[2026-04-03T02:36:59.777+0600][4.133s][info][gc,ergo     ] GC(0) Pacer for Evacuation. Used CSet: 361M, Free: 1055M, Non-Taxable: 105M, Alloc Tax Rate: 1.1x
[2026-04-03T02:36:59.777+0600][4.133s][info][gc          ] GC(0) Pause Final Mark (unload classes) 0.671ms
[2026-04-03T02:36:59.777+0600][4.133s][info][gc,start    ] GC(0) Concurrent thread roots
[2026-04-03T02:36:59.777+0600][4.133s][info][gc,task     ] GC(0) Using 3 of 6 workers for Concurrent thread roots
[2026-04-03T02:36:59.777+0600][4.133s][info][gc          ] GC(0) Concurrent thread roots 0.448ms
[2026-04-03T02:36:59.777+0600][4.133s][info][gc,start    ] GC(0) Concurrent weak references
[2026-04-03T02:36:59.777+0600][4.133s][info][gc,task     ] GC(0) Using 3 of 6 workers for concurrent weak references
[2026-04-03T02:36:59.778+0600][4.134s][info][gc,ref      ] GC(0) Encountered references: Soft: 3500, Weak: 1468, Final: 0, Phantom: 563
[2026-04-03T02:36:59.778+0600][4.134s][info][gc,ref      ] GC(0) Discovered  references: Soft: 0, Weak: 1127, Final: 0, Phantom: 560
[2026-04-03T02:36:59.778+0600][4.134s][info][gc,ref      ] GC(0) Enqueued    references: Soft: 0, Weak: 460, Final: 0, Phantom: 0
[2026-04-03T02:36:59.778+0600][4.134s][info][gc          ] GC(0) Concurrent weak references 0.461ms
[2026-04-03T02:36:59.778+0600][4.134s][info][gc,start    ] GC(0) Concurrent weak roots
[2026-04-03T02:36:59.778+0600][4.134s][info][gc,task     ] GC(0) Using 3 of 6 workers for concurrent weak root
[2026-04-03T02:36:59.779+0600][4.135s][info][gc          ] GC(0) Concurrent weak roots 1.175ms
[2026-04-03T02:36:59.779+0600][4.135s][info][gc,start    ] GC(0) Concurrent cleanup
[2026-04-03T02:36:59.779+0600][4.135s][info][gc          ] GC(0) Concurrent cleanup 368M->368M(370M) 0.405ms
[2026-04-03T02:36:59.779+0600][4.136s][info][gc,ergo     ] GC(0) Free: 1055M, Max: 512K regular, 1055M humongous, Frag: 0% external, 0% internal; Reserve: 76060K, Max: 512K
[2026-04-03T02:36:59.779+0600][4.136s][info][gc,start    ] GC(0) Concurrent class unloading
[2026-04-03T02:36:59.779+0600][4.136s][info][gc,task     ] GC(0) Using 3 of 6 workers for concurrent class unloading
[2026-04-03T02:36:59.782+0600][4.138s][info][gc          ] GC(0) Concurrent class unloading 2.837ms
[2026-04-03T02:36:59.782+0600][4.138s][info][gc,start    ] GC(0) Concurrent strong roots
[2026-04-03T02:36:59.782+0600][4.138s][info][gc,task     ] GC(0) Using 3 of 6 workers for concurrent strong root
[2026-04-03T02:36:59.784+0600][4.140s][info][gc          ] GC(0) Concurrent strong roots 1.429ms
[2026-04-03T02:36:59.784+0600][4.140s][info][gc,start    ] GC(0) Concurrent evacuation
[2026-04-03T02:36:59.784+0600][4.140s][info][gc,task     ] GC(0) Using 3 of 6 workers for concurrent evacuation
[2026-04-03T02:36:59.791+0600][4.148s][info][gc          ] GC(0) Concurrent evacuation 7.674ms
[2026-04-03T02:36:59.791+0600][4.148s][info][gc,start    ] GC(0) Pause Init Update Refs
[2026-04-03T02:36:59.792+0600][4.148s][info][gc,ergo     ] GC(0) Pacer for Update Refs. Used: 381M, Free: 1055M, Non-Taxable: 105M, Alloc Tax Rate: 1.1x
[2026-04-03T02:36:59.792+0600][4.148s][info][gc          ] GC(0) Pause Init Update Refs 0.071ms
[2026-04-03T02:36:59.792+0600][4.148s][info][gc,start    ] GC(0) Concurrent update references
[2026-04-03T02:36:59.792+0600][4.148s][info][gc,task     ] GC(0) Using 3 of 6 workers for concurrent reference update
[2026-04-03T02:36:59.796+0600][4.152s][info][gc          ] GC(0) Concurrent update references 4.175ms
[2026-04-03T02:36:59.796+0600][4.152s][info][gc,start    ] GC(0) Concurrent update thread roots
[2026-04-03T02:36:59.797+0600][4.153s][info][gc          ] GC(0) Concurrent update thread roots 0.821ms
[2026-04-03T02:36:59.797+0600][4.153s][info][gc,start    ] GC(0) Pause Final Update Refs
[2026-04-03T02:36:59.797+0600][4.153s][info][gc,task     ] GC(0) Using 6 of 6 workers for final reference update
[2026-04-03T02:36:59.797+0600][4.153s][info][gc          ] GC(0) Pause Final Update Refs 0.134ms
[2026-04-03T02:36:59.797+0600][4.153s][info][gc,start    ] GC(0) Concurrent cleanup
[2026-04-03T02:36:59.798+0600][4.154s][info][gc          ] GC(0) Concurrent cleanup 381M->21M(383M) 0.569ms
[2026-04-03T02:36:59.798+0600][4.154s][info][gc,ergo     ] Free: 1402M, Max: 512K regular, 1041M humongous, Frag: 26% external, 0% internal; Reserve: 76800K, Max: 512K
[2026-04-03T02:36:59.798+0600][4.154s][info][gc,stats    ] 
[2026-04-03T02:36:59.798+0600][4.154s][info][gc,stats    ] All times are wall-clock times, except per-root-class counters, that are sum over
[2026-04-03T02:36:59.798+0600][4.154s][info][gc,stats    ] all workers. Dividing the <total> over the root stage time estimates parallelism.
[2026-04-03T02:36:59.798+0600][4.154s][info][gc,stats    ] 
[2026-04-03T02:36:59.798+0600][4.154s][info][gc,stats    ] Concurrent Reset                    866 us
[2026-04-03T02:36:59.798+0600][4.154s][info][gc,stats    ] Pause Init Mark (G)                1383 us
[2026-04-03T02:36:59.798+0600][4.154s][info][gc,stats    ] Pause Init Mark (N)                 860 us
[2026-04-03T02:36:59.798+0600][4.154s][info][gc,stats    ]   Update Region States               22 us
[2026-04-03T02:36:59.798+0600][4.154s][info][gc,stats    ] Concurrent Mark Roots              3033 us, parallelism: 1.40x
[2026-04-03T02:36:59.798+0600][4.154s][info][gc,stats    ]   CMR: <total>                     4259 us
[2026-04-03T02:36:59.798+0600][4.154s][info][gc,stats    ]   CMR: Thread Roots                2938 us, workers (us): 2636, 302,   0, ---, ---, ---, 
[2026-04-03T02:36:59.798+0600][4.154s][info][gc,stats    ]   CMR: VM Strong Roots              457 us, workers (us): 198, 242,  18, ---, ---, ---, 
[2026-04-03T02:36:59.798+0600][4.154s][info][gc,stats    ]   CMR: CLDG Roots                   864 us, workers (us): ---, ---, 864, ---, ---, ---, 
[2026-04-03T02:36:59.798+0600][4.154s][info][gc,stats    ] Concurrent Marking                 9295 us
[2026-04-03T02:36:59.798+0600][4.154s][info][gc,stats    ] Pause Final Mark (G)                890 us
[2026-04-03T02:36:59.798+0600][4.154s][info][gc,stats    ] Pause Final Mark (N)                682 us
[2026-04-03T02:36:59.798+0600][4.154s][info][gc,stats    ]   Finish Mark                       270 us
[2026-04-03T02:36:59.798+0600][4.154s][info][gc,stats    ]   Update Region States               36 us
[2026-04-03T02:36:59.798+0600][4.154s][info][gc,stats    ]   Choose Collection Set             267 us
[2026-04-03T02:36:59.798+0600][4.154s][info][gc,stats    ]   Rebuild Free Set                   29 us
[2026-04-03T02:36:59.798+0600][4.154s][info][gc,stats    ] Concurrent Thread Roots             491 us, parallelism: 0.78x
[2026-04-03T02:36:59.798+0600][4.154s][info][gc,stats    ]   CTR: <total>                      383 us
[2026-04-03T02:36:59.798+0600][4.154s][info][gc,stats    ]   CTR: Thread Roots                 383 us, workers (us): 261,  48,  75, ---, ---, ---, 
[2026-04-03T02:36:59.798+0600][4.154s][info][gc,stats    ] Concurrent Weak References          471 us, parallelism: 1.23x
[2026-04-03T02:36:59.798+0600][4.154s][info][gc,stats    ]   CWRF: <total>                     578 us
[2026-04-03T02:36:59.798+0600][4.154s][info][gc,stats    ]   CWRF: Weak References             578 us, workers (us): 359, 217,   1, ---, ---, ---, 
[2026-04-03T02:36:59.798+0600][4.154s][info][gc,stats    ] Concurrent Weak Roots              1221 us
[2026-04-03T02:36:59.798+0600][4.154s][info][gc,stats    ]   Roots                            1001 us, parallelism: 2.61x
[2026-04-03T02:36:59.798+0600][4.154s][info][gc,stats    ]     CWR: <total>                   2616 us
[2026-04-03T02:36:59.798+0600][4.154s][info][gc,stats    ]     CWR: Code Cache Roots           975 us, workers (us): 288, 329, 358, ---, ---, ---, 
[2026-04-03T02:36:59.798+0600][4.154s][info][gc,stats    ]     CWR: VM Weak Roots             1628 us, workers (us): 575, 531, 522, ---, ---, ---, 
[2026-04-03T02:36:59.798+0600][4.154s][info][gc,stats    ]     CWR: CLDG Roots                  14 us, workers (us):  14, ---, ---, ---, ---, ---, 
[2026-04-03T02:36:59.798+0600][4.154s][info][gc,stats    ]   Rendezvous                        149 us
[2026-04-03T02:36:59.798+0600][4.154s][info][gc,stats    ] Concurrent Cleanup                  420 us
[2026-04-03T02:36:59.798+0600][4.154s][info][gc,stats    ] Concurrent Class Unloading         2883 us
[2026-04-03T02:36:59.798+0600][4.154s][info][gc,stats    ]   Unlink Stale                     1658 us
[2026-04-03T02:36:59.798+0600][4.154s][info][gc,stats    ]     System Dictionary                16 us
[2026-04-03T02:36:59.798+0600][4.154s][info][gc,stats    ]     Weak Class Links                  0 us
[2026-04-03T02:36:59.798+0600][4.154s][info][gc,stats    ]     Code Roots                     1640 us
[2026-04-03T02:36:59.798+0600][4.154s][info][gc,stats    ]   Rendezvous                        474 us
[2026-04-03T02:36:59.798+0600][4.154s][info][gc,stats    ]   Purge Unlinked                    678 us
[2026-04-03T02:36:59.798+0600][4.154s][info][gc,stats    ]     Code Roots                      665 us
[2026-04-03T02:36:59.798+0600][4.154s][info][gc,stats    ]     CLDG                             13 us
[2026-04-03T02:36:59.798+0600][4.154s][info][gc,stats    ]     Exception Caches                  0 us
[2026-04-03T02:36:59.798+0600][4.154s][info][gc,stats    ] Concurrent Strong Roots            1472 us, parallelism: 0.82x
[2026-04-03T02:36:59.798+0600][4.154s][info][gc,stats    ]   CSR: <total>                     1212 us
[2026-04-03T02:36:59.798+0600][4.154s][info][gc,stats    ]   CSR: VM Strong Roots               20 us, workers (us):  12,   8,   0, ---, ---, ---, 
[2026-04-03T02:36:59.798+0600][4.154s][info][gc,stats    ]   CSR: CLDG Roots                  1192 us, workers (us): 1192, ---, ---, ---, ---, ---, 
[2026-04-03T02:36:59.798+0600][4.154s][info][gc,stats    ] Concurrent Evacuation              7732 us
[2026-04-03T02:36:59.798+0600][4.154s][info][gc,stats    ] Pause Init Update Refs (G)          214 us
[2026-04-03T02:36:59.798+0600][4.154s][info][gc,stats    ] Pause Init Update Refs (N)           82 us
[2026-04-03T02:36:59.798+0600][4.154s][info][gc,stats    ]   Manage GCLABs                       5 us
[2026-04-03T02:36:59.798+0600][4.154s][info][gc,stats    ] Concurrent Update Refs             4235 us
[2026-04-03T02:36:59.798+0600][4.154s][info][gc,stats    ] Concurrent Update Thread Roots      836 us
[2026-04-03T02:36:59.798+0600][4.154s][info][gc,stats    ] Pause Final Update Refs (G)         292 us
[2026-04-03T02:36:59.798+0600][4.154s][info][gc,stats    ] Pause Final Update Refs (N)         144 us
[2026-04-03T02:36:59.798+0600][4.154s][info][gc,stats    ]   Update Region States               36 us
[2026-04-03T02:36:59.798+0600][4.154s][info][gc,stats    ]   Trash Collection Set               11 us
[2026-04-03T02:36:59.798+0600][4.154s][info][gc,stats    ]   Rebuild Free Set                   25 us
[2026-04-03T02:36:59.798+0600][4.154s][info][gc,stats    ] Concurrent Cleanup                  595 us
[2026-04-03T02:36:59.798+0600][4.154s][info][gc,stats    ] 
[2026-04-03T02:36:59.798+0600][4.154s][info][gc,stats    ] Allocation pacing accrued:
[2026-04-03T02:36:59.798+0600][4.154s][info][gc,stats    ]       0 of  4148 ms (  0.0%): <total>
[2026-04-03T02:36:59.798+0600][4.155s][info][gc,stats    ]       0 of  4148 ms (  0.0%): <average total>
[2026-04-03T02:36:59.798+0600][4.155s][info][gc,stats    ] 
[2026-04-03T02:36:59.798+0600][4.155s][info][gc,metaspace] Metaspace: 21305K(21632K)->21576K(21952K) NonClass: 18659K(18816K)->18888K(19072K) Class: 2645K(2816K)->2688K(2880K)
[2026-04-03T02:36:59.798+0600][4.155s][info][gc,ergo     ] Pacer for Idle. Initial: 30720K, Alloc Tax Rate: 1.0x
[2026-04-03T02:37:02.627+0600][6.983s][info][gc          ] Trigger: Metadata GC Threshold
[2026-04-03T02:37:02.627+0600][6.983s][info][gc,ergo     ] Free: 1278M, Max: 512K regular, 1041M humongous, Frag: 19% external, 0% internal; Reserve: 76800K, Max: 512K
[2026-04-03T02:37:02.627+0600][6.983s][info][gc,start    ] GC(1) Concurrent reset
[2026-04-03T02:37:02.627+0600][6.983s][info][gc,task     ] GC(1) Using 3 of 6 workers for concurrent reset
[2026-04-03T02:37:02.627+0600][6.983s][info][gc,ergo     ] GC(1) Pacer for Reset. Non-Taxable: 1500M
[2026-04-03T02:37:02.635+0600][6.991s][info][gc          ] GC(1) Concurrent reset 8.074ms
[2026-04-03T02:37:02.651+0600][7.007s][info][gc,start    ] GC(1) Pause Init Mark (unload classes)
[2026-04-03T02:37:02.651+0600][7.007s][info][gc,task     ] GC(1) Using 6 of 6 workers for init marking
[2026-04-03T02:37:02.651+0600][7.007s][info][gc,ergo     ] GC(1) Pacer for Mark. Expected Live: 18335K, Free: 1276M, Non-Taxable: 127M, Alloc Tax Rate: 0.0x
[2026-04-03T02:37:02.651+0600][7.007s][info][gc          ] GC(1) Pause Init Mark (unload classes) 0.161ms
[2026-04-03T02:37:02.651+0600][7.007s][info][gc,start    ] GC(1) Concurrent marking roots
[2026-04-03T02:37:02.651+0600][7.007s][info][gc,task     ] GC(1) Using 3 of 6 workers for concurrent marking roots
[2026-04-03T02:37:02.652+0600][7.008s][info][gc          ] GC(1) Concurrent marking roots 1.308ms
[2026-04-03T02:37:02.652+0600][7.008s][info][gc,start    ] GC(1) Concurrent marking (unload classes)
[2026-04-03T02:37:02.652+0600][7.008s][info][gc,task     ] GC(1) Using 3 of 6 workers for concurrent marking
[2026-04-03T02:37:02.662+0600][7.019s][info][gc          ] GC(1) Concurrent marking (unload classes) 10.111ms
[2026-04-03T02:37:02.663+0600][7.019s][info][gc,start    ] GC(1) Pause Final Mark (unload classes)
[2026-04-03T02:37:02.663+0600][7.019s][info][gc,task     ] GC(1) Using 6 of 6 workers for final marking
[2026-04-03T02:37:02.663+0600][7.019s][info][gc,ergo     ] GC(1) Adaptive CSet Selection. Target Free: 212M, Actual Free: 1358M, Max CSet: 64000K, Min Garbage: 0B
[2026-04-03T02:37:02.663+0600][7.019s][info][gc,ergo     ] GC(1) Collectable Garbage: 120M (99%), Immediate: 11148K (8%), CSet: 109M (90%)
[2026-04-03T02:37:02.663+0600][7.019s][info][gc,ergo     ] GC(1) Pacer for Evacuation. Used CSet: 115M, Free: 1288M, Non-Taxable: 128M, Alloc Tax Rate: 1.1x
[2026-04-03T02:37:02.663+0600][7.019s][info][gc          ] GC(1) Pause Final Mark (unload classes) 0.468ms
[2026-04-03T02:37:02.663+0600][7.019s][info][gc,start    ] GC(1) Concurrent thread roots
[2026-04-03T02:37:02.663+0600][7.019s][info][gc,task     ] GC(1) Using 3 of 6 workers for Concurrent thread roots
[2026-04-03T02:37:02.664+0600][7.020s][info][gc          ] GC(1) Concurrent thread roots 0.564ms
[2026-04-03T02:37:02.664+0600][7.020s][info][gc,start    ] GC(1) Concurrent weak references
[2026-04-03T02:37:02.664+0600][7.020s][info][gc,task     ] GC(1) Using 3 of 6 workers for concurrent weak references
[2026-04-03T02:37:02.664+0600][7.021s][info][gc,ref      ] GC(1) Encountered references: Soft: 3866, Weak: 2564, Final: 80, Phantom: 568
[2026-04-03T02:37:02.665+0600][7.021s][info][gc,ref      ] GC(1) Discovered  references: Soft: 0, Weak: 1209, Final: 64, Phantom: 248
[2026-04-03T02:37:02.665+0600][7.021s][info][gc,ref      ] GC(1) Enqueued    references: Soft: 0, Weak: 489, Final: 0, Phantom: 1
[2026-04-03T02:37:02.665+0600][7.021s][info][gc          ] GC(1) Concurrent weak references 0.769ms
[2026-04-03T02:37:02.665+0600][7.021s][info][gc,start    ] GC(1) Concurrent weak roots
[2026-04-03T02:37:02.665+0600][7.021s][info][gc,task     ] GC(1) Using 3 of 6 workers for concurrent weak root
[2026-04-03T02:37:02.666+0600][7.023s][info][gc          ] GC(1) Concurrent weak roots 1.727ms
[2026-04-03T02:37:02.666+0600][7.023s][info][gc,start    ] GC(1) Concurrent cleanup
[2026-04-03T02:37:02.667+0600][7.023s][info][gc          ] GC(1) Concurrent cleanup 147M->136M(384M) 0.515ms
[2026-04-03T02:37:02.667+0600][7.023s][info][gc,ergo     ] GC(1) Free: 1287M, Max: 512K regular, 1041M humongous, Frag: 20% external, 0% internal; Reserve: 76288K, Max: 512K
[2026-04-03T02:37:02.667+0600][7.023s][info][gc,start    ] GC(1) Concurrent class unloading
[2026-04-03T02:37:02.667+0600][7.023s][info][gc,task     ] GC(1) Using 3 of 6 workers for concurrent class unloading
[2026-04-03T02:37:02.670+0600][7.027s][info][gc          ] GC(1) Concurrent class unloading 3.380ms
[2026-04-03T02:37:02.670+0600][7.027s][info][gc,start    ] GC(1) Concurrent strong roots
[2026-04-03T02:37:02.670+0600][7.027s][info][gc,task     ] GC(1) Using 3 of 6 workers for concurrent strong root
[2026-04-03T02:37:02.671+0600][7.028s][info][gc          ] GC(1) Concurrent strong roots 1.056ms
[2026-04-03T02:37:02.671+0600][7.028s][info][gc,start    ] GC(1) Concurrent evacuation
[2026-04-03T02:37:02.671+0600][7.028s][info][gc,task     ] GC(1) Using 3 of 6 workers for concurrent evacuation
[2026-04-03T02:37:02.677+0600][7.033s][info][gc          ] GC(1) Concurrent evacuation 5.066ms
[2026-04-03T02:37:02.677+0600][7.033s][info][gc,start    ] GC(1) Pause Init Update Refs
[2026-04-03T02:37:02.677+0600][7.033s][info][gc,ergo     ] GC(1) Pacer for Update Refs. Used: 145M, Free: 1284M, Non-Taxable: 128M, Alloc Tax Rate: 1.1x
[2026-04-03T02:37:02.677+0600][7.033s][info][gc          ] GC(1) Pause Init Update Refs 0.083ms
[2026-04-03T02:37:02.677+0600][7.033s][info][gc,start    ] GC(1) Concurrent update references
[2026-04-03T02:37:02.677+0600][7.033s][info][gc,task     ] GC(1) Using 3 of 6 workers for concurrent reference update
[2026-04-03T02:37:02.685+0600][7.041s][info][gc          ] GC(1) Concurrent update references 7.821ms
[2026-04-03T02:37:02.685+0600][7.041s][info][gc,start    ] GC(1) Concurrent update thread roots
[2026-04-03T02:37:02.686+0600][7.042s][info][gc          ] GC(1) Concurrent update thread roots 0.782ms
[2026-04-03T02:37:02.686+0600][7.042s][info][gc,start    ] GC(1) Pause Final Update Refs
[2026-04-03T02:37:02.686+0600][7.042s][info][gc,task     ] GC(1) Using 6 of 6 workers for final reference update
[2026-04-03T02:37:02.686+0600][7.042s][info][gc          ] GC(1) Pause Final Update Refs 0.158ms
[2026-04-03T02:37:02.686+0600][7.042s][info][gc,start    ] GC(1) Concurrent cleanup
[2026-04-03T02:37:02.686+0600][7.043s][info][gc          ] GC(1) Concurrent cleanup 145M->30M(390M) 0.549ms
[2026-04-03T02:37:02.687+0600][7.043s][info][gc,ergo     ] Free: 1393M, Max: 512K regular, 1124M humongous, Frag: 20% external, 0% internal; Reserve: 76800K, Max: 512K
[2026-04-03T02:37:02.687+0600][7.043s][info][gc,stats    ] 
[2026-04-03T02:37:02.687+0600][7.043s][info][gc,stats    ] All times are wall-clock times, except per-root-class counters, that are sum over
[2026-04-03T02:37:02.687+0600][7.043s][info][gc,stats    ] all workers. Dividing the <total> over the root stage time estimates parallelism.
[2026-04-03T02:37:02.687+0600][7.043s][info][gc,stats    ] 
[2026-04-03T02:37:02.687+0600][7.043s][info][gc,stats    ] Concurrent Reset                  23172 us
[2026-04-03T02:37:02.687+0600][7.043s][info][gc,stats    ] Pause Init Mark (G)                 545 us
[2026-04-03T02:37:02.687+0600][7.043s][info][gc,stats    ] Pause Init Mark (N)                 260 us
[2026-04-03T02:37:02.687+0600][7.043s][info][gc,stats    ]   Update Region States               44 us
[2026-04-03T02:37:02.687+0600][7.043s][info][gc,stats    ] Concurrent Mark Roots              1338 us, parallelism: 2.24x
[2026-04-03T02:37:02.687+0600][7.043s][info][gc,stats    ]   CMR: <total>                     2999 us
[2026-04-03T02:37:02.687+0600][7.043s][info][gc,stats    ]   CMR: Thread Roots                2539 us, workers (us): 860, 617, 1063, ---, ---, ---, 
[2026-04-03T02:37:02.687+0600][7.043s][info][gc,stats    ]   CMR: VM Strong Roots              206 us, workers (us):  96,  58,  53, ---, ---, ---, 
[2026-04-03T02:37:02.687+0600][7.043s][info][gc,stats    ]   CMR: CLDG Roots                   254 us, workers (us): ---, 254, ---, ---, ---, ---, 
[2026-04-03T02:37:02.687+0600][7.043s][info][gc,stats    ] Concurrent Marking                10182 us
[2026-04-03T02:37:02.687+0600][7.043s][info][gc,stats    ] Pause Final Mark (G)                784 us
[2026-04-03T02:37:02.687+0600][7.043s][info][gc,stats    ] Pause Final Mark (N)                478 us
[2026-04-03T02:37:02.687+0600][7.043s][info][gc,stats    ]   Finish Mark                       200 us
[2026-04-03T02:37:02.687+0600][7.043s][info][gc,stats    ]   Update Region States               40 us
[2026-04-03T02:37:02.687+0600][7.043s][info][gc,stats    ]   Choose Collection Set             119 us
[2026-04-03T02:37:02.687+0600][7.043s][info][gc,stats    ]   Rebuild Free Set                   27 us
[2026-04-03T02:37:02.687+0600][7.043s][info][gc,stats    ] Concurrent Thread Roots             611 us, parallelism: 1.13x
[2026-04-03T02:37:02.687+0600][7.043s][info][gc,stats    ]   CTR: <total>                      692 us
[2026-04-03T02:37:02.687+0600][7.043s][info][gc,stats    ]   CTR: Thread Roots                 692 us, workers (us): 344, 202, 146, ---, ---, ---, 
[2026-04-03T02:37:02.687+0600][7.043s][info][gc,stats    ] Concurrent Weak References          780 us, parallelism: 0.71x
[2026-04-03T02:37:02.687+0600][7.043s][info][gc,stats    ]   CWRF: <total>                     555 us
[2026-04-03T02:37:02.687+0600][7.043s][info][gc,stats    ]   CWRF: Weak References             555 us, workers (us):  79,  36, 440, ---, ---, ---, 
[2026-04-03T02:37:02.687+0600][7.043s][info][gc,stats    ] Concurrent Weak Roots              1781 us
[2026-04-03T02:37:02.687+0600][7.043s][info][gc,stats    ]   Roots                            1464 us, parallelism: 2.48x
[2026-04-03T02:37:02.687+0600][7.043s][info][gc,stats    ]     CWR: <total>                   3631 us
[2026-04-03T02:37:02.687+0600][7.043s][info][gc,stats    ]     CWR: Code Cache Roots          1437 us, workers (us): 501, 400, 537, ---, ---, ---, 
[2026-04-03T02:37:02.687+0600][7.043s][info][gc,stats    ]     CWR: VM Weak Roots             2167 us, workers (us): 761, 713, 693, ---, ---, ---, 
[2026-04-03T02:37:02.687+0600][7.043s][info][gc,stats    ]     CWR: CLDG Roots                  27 us, workers (us): ---,  27, ---, ---, ---, ---, 
[2026-04-03T02:37:02.687+0600][7.043s][info][gc,stats    ]   Rendezvous                        241 us
[2026-04-03T02:37:02.687+0600][7.043s][info][gc,stats    ] Concurrent Cleanup                  540 us
[2026-04-03T02:37:02.687+0600][7.043s][info][gc,stats    ] Concurrent Class Unloading         3434 us
[2026-04-03T02:37:02.687+0600][7.043s][info][gc,stats    ]   Unlink Stale                     2429 us
[2026-04-03T02:37:02.687+0600][7.043s][info][gc,stats    ]     System Dictionary                34 us
[2026-04-03T02:37:02.687+0600][7.043s][info][gc,stats    ]     Weak Class Links                  0 us
[2026-04-03T02:37:02.687+0600][7.043s][info][gc,stats    ]     Code Roots                     2392 us
[2026-04-03T02:37:02.687+0600][7.043s][info][gc,stats    ]   Rendezvous                        247 us
[2026-04-03T02:37:02.687+0600][7.043s][info][gc,stats    ]   Purge Unlinked                    683 us
[2026-04-03T02:37:02.687+0600][7.043s][info][gc,stats    ]     Code Roots                      670 us
[2026-04-03T02:37:02.687+0600][7.043s][info][gc,stats    ]     CLDG                             12 us
[2026-04-03T02:37:02.687+0600][7.043s][info][gc,stats    ]     Exception Caches                  0 us
[2026-04-03T02:37:02.687+0600][7.043s][info][gc,stats    ] Concurrent Strong Roots            1105 us, parallelism: 0.78x
[2026-04-03T02:37:02.687+0600][7.043s][info][gc,stats    ]   CSR: <total>                      857 us
[2026-04-03T02:37:02.687+0600][7.043s][info][gc,stats    ]   CSR: VM Strong Roots               54 us, workers (us):  53,   1,   0, ---, ---, ---, 
[2026-04-03T02:37:02.687+0600][7.043s][info][gc,stats    ]   CSR: CLDG Roots                   802 us, workers (us): 802, ---, ---, ---, ---, ---, 
[2026-04-03T02:37:02.687+0600][7.043s][info][gc,stats    ] Concurrent Evacuation              5132 us
[2026-04-03T02:37:02.687+0600][7.043s][info][gc,stats    ] Pause Init Update Refs (G)          285 us
[2026-04-03T02:37:02.687+0600][7.043s][info][gc,stats    ] Pause Init Update Refs (N)           92 us
[2026-04-03T02:37:02.687+0600][7.043s][info][gc,stats    ]   Manage GCLABs                       9 us
[2026-04-03T02:37:02.687+0600][7.043s][info][gc,stats    ] Concurrent Update Refs             7898 us
[2026-04-03T02:37:02.687+0600][7.043s][info][gc,stats    ] Concurrent Update Thread Roots      832 us
[2026-04-03T02:37:02.687+0600][7.043s][info][gc,stats    ] Pause Final Update Refs (G)         298 us
[2026-04-03T02:37:02.687+0600][7.043s][info][gc,stats    ] Pause Final Update Refs (N)         176 us
[2026-04-03T02:37:02.687+0600][7.043s][info][gc,stats    ]   Update Region States               42 us
[2026-04-03T02:37:02.687+0600][7.043s][info][gc,stats    ]   Trash Collection Set                7 us
[2026-04-03T02:37:02.687+0600][7.043s][info][gc,stats    ]   Rebuild Free Set                   28 us
[2026-04-03T02:37:02.687+0600][7.043s][info][gc,stats    ] Concurrent Cleanup                  568 us
[2026-04-03T02:37:02.687+0600][7.043s][info][gc,stats    ] 
[2026-04-03T02:37:02.687+0600][7.043s][info][gc,stats    ] Allocation pacing accrued:
[2026-04-03T02:37:02.687+0600][7.043s][info][gc,stats    ]       0 of  2889 ms (  0.0%): <total>
[2026-04-03T02:37:02.687+0600][7.043s][info][gc,stats    ]       0 of  2889 ms (  0.0%): <average total>
[2026-04-03T02:37:02.687+0600][7.043s][info][gc,stats    ] 
[2026-04-03T02:37:02.687+0600][7.043s][info][gc,metaspace] Metaspace: 36246K(36672K)->36702K(37120K) NonClass: 31742K(32000K)->32147K(32384K) Class: 4504K(4672K)->4555K(4736K)
[2026-04-03T02:37:02.687+0600][7.043s][info][gc,ergo     ] Pacer for Idle. Initial: 30720K, Alloc Tax Rate: 1.0x
[2026-04-03T02:37:06.883+0600][11.239s][info][gc          ] Trigger: Metadata GC Threshold
[2026-04-03T02:37:06.883+0600][11.239s][info][gc,ergo     ] Free: 1210M, Max: 512K regular, 1124M humongous, Frag: 8% external, 0% internal; Reserve: 76800K, Max: 512K
[2026-04-03T02:37:06.883+0600][11.239s][info][gc,start    ] GC(2) Concurrent reset
[2026-04-03T02:37:06.883+0600][11.239s][info][gc,task     ] GC(2) Using 3 of 6 workers for concurrent reset
[2026-04-03T02:37:06.883+0600][11.239s][info][gc,ergo     ] GC(2) Pacer for Reset. Non-Taxable: 1500M
[2026-04-03T02:37:06.884+0600][11.240s][info][gc          ] GC(2) Concurrent reset 0.778ms
[2026-04-03T02:37:06.884+0600][11.240s][info][gc,start    ] GC(2) Pause Init Mark (unload classes)
[2026-04-03T02:37:06.884+0600][11.240s][info][gc,task     ] GC(2) Using 6 of 6 workers for init marking
[2026-04-03T02:37:06.884+0600][11.241s][info][gc,ergo     ] GC(2) Pacer for Mark. Expected Live: 20165K, Free: 1210M, Non-Taxable: 121M, Alloc Tax Rate: 0.0x
[2026-04-03T02:37:06.884+0600][11.241s][info][gc          ] GC(2) Pause Init Mark (unload classes) 0.135ms
[2026-04-03T02:37:06.884+0600][11.241s][info][gc,start    ] GC(2) Concurrent marking roots
[2026-04-03T02:37:06.884+0600][11.241s][info][gc,task     ] GC(2) Using 3 of 6 workers for concurrent marking roots
[2026-04-03T02:37:06.887+0600][11.243s][info][gc          ] GC(2) Concurrent marking roots 2.385ms
[2026-04-03T02:37:06.887+0600][11.243s][info][gc,start    ] GC(2) Concurrent marking (unload classes)
[2026-04-03T02:37:06.887+0600][11.243s][info][gc,task     ] GC(2) Using 3 of 6 workers for concurrent marking
[2026-04-03T02:37:06.904+0600][11.260s][info][gc          ] GC(2) Concurrent marking (unload classes) 16.881ms
[2026-04-03T02:37:06.904+0600][11.260s][info][gc,start    ] GC(2) Pause Final Mark (unload classes)
[2026-04-03T02:37:06.904+0600][11.260s][info][gc,task     ] GC(2) Using 6 of 6 workers for final marking
[2026-04-03T02:37:06.905+0600][11.261s][info][gc,ergo     ] GC(2) Adaptive CSet Selection. Target Free: 212M, Actual Free: 1301M, Max CSet: 64000K, Min Garbage: 0B
[2026-04-03T02:37:06.905+0600][11.261s][info][gc,ergo     ] GC(2) Collectable Garbage: 174M (99%), Immediate: 16706K (9%), CSet: 158M (90%)
[2026-04-03T02:37:06.905+0600][11.261s][info][gc,ergo     ] GC(2) Pacer for Evacuation. Used CSet: 165M, Free: 1232M, Non-Taxable: 123M, Alloc Tax Rate: 1.1x
[2026-04-03T02:37:06.905+0600][11.261s][info][gc          ] GC(2) Pause Final Mark (unload classes) 0.863ms
[2026-04-03T02:37:06.905+0600][11.261s][info][gc,start    ] GC(2) Concurrent thread roots
[2026-04-03T02:37:06.905+0600][11.261s][info][gc,task     ] GC(2) Using 3 of 6 workers for Concurrent thread roots
[2026-04-03T02:37:06.906+0600][11.262s][info][gc          ] GC(2) Concurrent thread roots 0.728ms
[2026-04-03T02:37:06.906+0600][11.262s][info][gc,start    ] GC(2) Concurrent weak references
[2026-04-03T02:37:06.906+0600][11.262s][info][gc,task     ] GC(2) Using 3 of 6 workers for concurrent weak references
[2026-04-03T02:37:06.907+0600][11.263s][info][gc,ref      ] GC(2) Encountered references: Soft: 4020, Weak: 7162, Final: 82, Phantom: 587
[2026-04-03T02:37:06.907+0600][11.263s][info][gc,ref      ] GC(2) Discovered  references: Soft: 0, Weak: 1907, Final: 0, Phantom: 581
[2026-04-03T02:37:06.907+0600][11.263s][info][gc,ref      ] GC(2) Enqueued    references: Soft: 0, Weak: 1018, Final: 0, Phantom: 0
[2026-04-03T02:37:06.907+0600][11.263s][info][gc          ] GC(2) Concurrent weak references 0.889ms
[2026-04-03T02:37:06.907+0600][11.263s][info][gc,start    ] GC(2) Concurrent weak roots
[2026-04-03T02:37:06.907+0600][11.263s][info][gc,task     ] GC(2) Using 3 of 6 workers for concurrent weak root
[2026-04-03T02:37:06.909+0600][11.265s][info][gc          ] GC(2) Concurrent weak roots 2.068ms
[2026-04-03T02:37:06.909+0600][11.265s][info][gc,start    ] GC(2) Concurrent cleanup
[2026-04-03T02:37:06.909+0600][11.266s][info][gc          ] GC(2) Concurrent cleanup 207M->191M(390M) 0.495ms
[2026-04-03T02:37:06.909+0600][11.266s][info][gc,ergo     ] GC(2) Free: 1232M, Max: 512K regular, 1124M humongous, Frag: 9% external, 0% internal; Reserve: 75898K, Max: 512K
[2026-04-03T02:37:06.909+0600][11.266s][info][gc,start    ] GC(2) Concurrent class unloading
[2026-04-03T02:37:06.909+0600][11.266s][info][gc,task     ] GC(2) Using 3 of 6 workers for concurrent class unloading
[2026-04-03T02:37:06.916+0600][11.272s][info][gc          ] GC(2) Concurrent class unloading 6.301ms
[2026-04-03T02:37:06.916+0600][11.272s][info][gc,start    ] GC(2) Concurrent strong roots
[2026-04-03T02:37:06.916+0600][11.272s][info][gc,task     ] GC(2) Using 3 of 6 workers for concurrent strong root
[2026-04-03T02:37:06.917+0600][11.273s][info][gc          ] GC(2) Concurrent strong roots 1.317ms
[2026-04-03T02:37:06.917+0600][11.273s][info][gc,start    ] GC(2) Concurrent evacuation
[2026-04-03T02:37:06.917+0600][11.273s][info][gc,task     ] GC(2) Using 3 of 6 workers for concurrent evacuation
[2026-04-03T02:37:06.925+0600][11.281s][info][gc          ] GC(2) Concurrent evacuation 7.439ms
[2026-04-03T02:37:06.925+0600][11.281s][info][gc,start    ] GC(2) Pause Init Update Refs
[2026-04-03T02:37:06.925+0600][11.281s][info][gc,ergo     ] GC(2) Pacer for Update Refs. Used: 198M, Free: 1231M, Non-Taxable: 123M, Alloc Tax Rate: 1.1x
[2026-04-03T02:37:06.925+0600][11.281s][info][gc          ] GC(2) Pause Init Update Refs 0.097ms
[2026-04-03T02:37:06.925+0600][11.281s][info][gc,start    ] GC(2) Concurrent update references
[2026-04-03T02:37:06.925+0600][11.281s][info][gc,task     ] GC(2) Using 3 of 6 workers for concurrent reference update
[2026-04-03T02:37:06.936+0600][11.293s][info][gc          ] GC(2) Concurrent update references 11.269ms
[2026-04-03T02:37:06.936+0600][11.293s][info][gc,start    ] GC(2) Concurrent update thread roots
[2026-04-03T02:37:06.938+0600][11.294s][info][gc          ] GC(2) Concurrent update thread roots 1.161ms
[2026-04-03T02:37:06.938+0600][11.295s][info][gc,start    ] GC(2) Pause Final Update Refs
[2026-04-03T02:37:06.938+0600][11.295s][info][gc,task     ] GC(2) Using 6 of 6 workers for final reference update
[2026-04-03T02:37:06.939+0600][11.295s][info][gc          ] GC(2) Pause Final Update Refs 0.168ms
[2026-04-03T02:37:06.939+0600][11.295s][info][gc,start    ] GC(2) Concurrent cleanup
[2026-04-03T02:37:06.939+0600][11.296s][info][gc          ] GC(2) Concurrent cleanup 198M->33M(395M) 0.597ms
[2026-04-03T02:37:06.939+0600][11.296s][info][gc,ergo     ] Free: 1389M, Max: 512K regular, 1118M humongous, Frag: 20% external, 0% internal; Reserve: 76800K, Max: 512K
[2026-04-03T02:37:06.939+0600][11.296s][info][gc,stats    ] 
[2026-04-03T02:37:06.939+0600][11.296s][info][gc,stats    ] All times are wall-clock times, except per-root-class counters, that are sum over
[2026-04-03T02:37:06.939+0600][11.296s][info][gc,stats    ] all workers. Dividing the <total> over the root stage time estimates parallelism.
[2026-04-03T02:37:06.939+0600][11.296s][info][gc,stats    ] 
[2026-04-03T02:37:06.939+0600][11.296s][info][gc,stats    ] Concurrent Reset                    845 us
[2026-04-03T02:37:06.939+0600][11.296s][info][gc,stats    ] Pause Init Mark (G)                 421 us
[2026-04-03T02:37:06.939+0600][11.296s][info][gc,stats    ] Pause Init Mark (N)                 145 us
[2026-04-03T02:37:06.939+0600][11.296s][info][gc,stats    ]   Update Region States               23 us
[2026-04-03T02:37:06.939+0600][11.296s][info][gc,stats    ] Concurrent Mark Roots              2429 us, parallelism: 2.29x
[2026-04-03T02:37:06.940+0600][11.296s][info][gc,stats    ]   CMR: <total>                     5559 us
[2026-04-03T02:37:06.940+0600][11.296s][info][gc,stats    ]   CMR: Thread Roots                5227 us, workers (us): 2077, 1684, 1465, ---, ---, ---, 
[2026-04-03T02:37:06.940+0600][11.296s][info][gc,stats    ]   CMR: VM Strong Roots               94 us, workers (us):  61,  32,   1, ---, ---, ---, 
[2026-04-03T02:37:06.940+0600][11.296s][info][gc,stats    ]   CMR: CLDG Roots                   239 us, workers (us): ---, ---, 239, ---, ---, ---, 
[2026-04-03T02:37:06.940+0600][11.296s][info][gc,stats    ] Concurrent Marking                16980 us
[2026-04-03T02:37:06.940+0600][11.296s][info][gc,stats    ] Pause Final Mark (G)               1178 us
[2026-04-03T02:37:06.940+0600][11.296s][info][gc,stats    ] Pause Final Mark (N)                903 us
[2026-04-03T02:37:06.940+0600][11.296s][info][gc,stats    ]   Finish Mark                       368 us
[2026-04-03T02:37:06.940+0600][11.296s][info][gc,stats    ]   Update Region States               55 us
[2026-04-03T02:37:06.940+0600][11.296s][info][gc,stats    ]   Choose Collection Set             248 us
[2026-04-03T02:37:06.940+0600][11.296s][info][gc,stats    ]   Rebuild Free Set                   47 us
[2026-04-03T02:37:06.940+0600][11.296s][info][gc,stats    ] Concurrent Thread Roots             788 us, parallelism: 1.90x
[2026-04-03T02:37:06.940+0600][11.296s][info][gc,stats    ]   CTR: <total>                     1498 us
[2026-04-03T02:37:06.940+0600][11.296s][info][gc,stats    ]   CTR: Thread Roots                1498 us, workers (us): 562, 487, 449, ---, ---, ---, 
[2026-04-03T02:37:06.940+0600][11.296s][info][gc,stats    ] Concurrent Weak References          922 us, parallelism: 0.74x
[2026-04-03T02:37:06.940+0600][11.296s][info][gc,stats    ]   CWRF: <total>                     687 us
[2026-04-03T02:37:06.940+0600][11.296s][info][gc,stats    ]   CWRF: Weak References             687 us, workers (us):  80, 582,  25, ---, ---, ---, 
[2026-04-03T02:37:06.940+0600][11.296s][info][gc,stats    ] Concurrent Weak Roots              2106 us
[2026-04-03T02:37:06.940+0600][11.296s][info][gc,stats    ]   Roots                            1886 us, parallelism: 2.67x
[2026-04-03T02:37:06.940+0600][11.296s][info][gc,stats    ]     CWR: <total>                   5030 us
[2026-04-03T02:37:06.940+0600][11.296s][info][gc,stats    ]     CWR: Code Cache Roots          1992 us, workers (us): 594, 697, 701, ---, ---, ---, 
[2026-04-03T02:37:06.940+0600][11.296s][info][gc,stats    ]     CWR: VM Weak Roots             2986 us, workers (us): 1013, 980, 993, ---, ---, ---, 
[2026-04-03T02:37:06.940+0600][11.296s][info][gc,stats    ]     CWR: CLDG Roots                  52 us, workers (us):  52, ---, ---, ---, ---, ---, 
[2026-04-03T02:37:06.940+0600][11.296s][info][gc,stats    ]   Rendezvous                        158 us
[2026-04-03T02:37:06.940+0600][11.296s][info][gc,stats    ] Concurrent Cleanup                  508 us
[2026-04-03T02:37:06.940+0600][11.296s][info][gc,stats    ] Concurrent Class Unloading         6425 us
[2026-04-03T02:37:06.940+0600][11.296s][info][gc,stats    ]   Unlink Stale                     4057 us
[2026-04-03T02:37:06.940+0600][11.296s][info][gc,stats    ]     System Dictionary                55 us
[2026-04-03T02:37:06.940+0600][11.296s][info][gc,stats    ]     Weak Class Links                  0 us
[2026-04-03T02:37:06.940+0600][11.296s][info][gc,stats    ]     Code Roots                     3998 us
[2026-04-03T02:37:06.940+0600][11.296s][info][gc,stats    ]   Rendezvous                        172 us
[2026-04-03T02:37:06.940+0600][11.296s][info][gc,stats    ]   Purge Unlinked                   2049 us
[2026-04-03T02:37:06.940+0600][11.296s][info][gc,stats    ]     Code Roots                     2027 us
[2026-04-03T02:37:06.940+0600][11.296s][info][gc,stats    ]     CLDG                             21 us
[2026-04-03T02:37:06.940+0600][11.296s][info][gc,stats    ]     Exception Caches                  0 us
[2026-04-03T02:37:06.940+0600][11.296s][info][gc,stats    ] Concurrent Strong Roots            1385 us, parallelism: 0.81x
[2026-04-03T02:37:06.940+0600][11.296s][info][gc,stats    ]   CSR: <total>                     1118 us
[2026-04-03T02:37:06.940+0600][11.296s][info][gc,stats    ]   CSR: VM Strong Roots               32 us, workers (us):  18,  14,   0, ---, ---, ---, 
[2026-04-03T02:37:06.940+0600][11.296s][info][gc,stats    ]   CSR: CLDG Roots                  1086 us, workers (us): ---, 1086, ---, ---, ---, ---, 
[2026-04-03T02:37:06.940+0600][11.296s][info][gc,stats    ] Concurrent Evacuation              7594 us
[2026-04-03T02:37:06.940+0600][11.296s][info][gc,stats    ] Pause Init Update Refs (G)          295 us
[2026-04-03T02:37:06.940+0600][11.296s][info][gc,stats    ] Pause Init Update Refs (N)          113 us
[2026-04-03T02:37:06.940+0600][11.296s][info][gc,stats    ]   Manage GCLABs                      11 us
[2026-04-03T02:37:06.940+0600][11.296s][info][gc,stats    ] Concurrent Update Refs            11331 us
[2026-04-03T02:37:06.940+0600][11.296s][info][gc,stats    ] Concurrent Update Thread Roots     1219 us
[2026-04-03T02:37:06.940+0600][11.296s][info][gc,stats    ] Pause Final Update Refs (G)        1088 us
[2026-04-03T02:37:06.940+0600][11.296s][info][gc,stats    ] Pause Final Update Refs (N)         181 us
[2026-04-03T02:37:06.940+0600][11.296s][info][gc,stats    ]   Update Region States               48 us
[2026-04-03T02:37:06.940+0600][11.296s][info][gc,stats    ]   Trash Collection Set               10 us
[2026-04-03T02:37:06.940+0600][11.296s][info][gc,stats    ]   Rebuild Free Set                   33 us
[2026-04-03T02:37:06.940+0600][11.296s][info][gc,stats    ] Concurrent Cleanup                  625 us
[2026-04-03T02:37:06.940+0600][11.296s][info][gc,stats    ] 
[2026-04-03T02:37:06.940+0600][11.296s][info][gc,stats    ] Allocation pacing accrued:
[2026-04-03T02:37:06.940+0600][11.296s][info][gc,stats    ]       0 of  4253 ms (  0.0%): <total>
[2026-04-03T02:37:06.940+0600][11.296s][info][gc,stats    ]       0 of  4253 ms (  0.0%): <average total>
[2026-04-03T02:37:06.940+0600][11.296s][info][gc,stats    ] 
[2026-04-03T02:37:06.940+0600][11.296s][info][gc,metaspace] Metaspace: 61372K(61952K)->61408K(61952K) NonClass: 53878K(54208K)->53910K(54208K) Class: 7494K(7744K)->7497K(7744K)
[2026-04-03T02:37:06.940+0600][11.296s][info][gc,ergo     ] Pacer for Idle. Initial: 30720K, Alloc Tax Rate: 1.0x
[2026-04-03T02:37:10.155+0600][14.512s][info][gc          ] Trigger: Metadata GC Threshold
[2026-04-03T02:37:10.156+0600][14.512s][info][gc,ergo     ] Free: 1078M, Max: 512K regular, 1078M humongous, Frag: 0% external, 0% internal; Reserve: 76800K, Max: 512K
[2026-04-03T02:37:10.156+0600][14.512s][info][gc,start    ] GC(3) Concurrent reset
[2026-04-03T02:37:10.156+0600][14.512s][info][gc,task     ] GC(3) Using 3 of 6 workers for concurrent reset
[2026-04-03T02:37:10.156+0600][14.512s][info][gc,ergo     ] GC(3) Pacer for Reset. Non-Taxable: 1500M
[2026-04-03T02:37:10.156+0600][14.513s][info][gc          ] GC(3) Concurrent reset 0.838ms
[2026-04-03T02:37:10.157+0600][14.513s][info][gc,start    ] GC(3) Pause Init Mark (unload classes)
[2026-04-03T02:37:10.157+0600][14.513s][info][gc,task     ] GC(3) Using 6 of 6 workers for init marking
[2026-04-03T02:37:10.157+0600][14.513s][info][gc,ergo     ] GC(3) Pacer for Mark. Expected Live: 23534K, Free: 1078M, Non-Taxable: 107M, Alloc Tax Rate: 0.0x
[2026-04-03T02:37:10.157+0600][14.513s][info][gc          ] GC(3) Pause Init Mark (unload classes) 0.131ms
[2026-04-03T02:37:10.157+0600][14.513s][info][gc,start    ] GC(3) Concurrent marking roots
[2026-04-03T02:37:10.157+0600][14.513s][info][gc,task     ] GC(3) Using 3 of 6 workers for concurrent marking roots
[2026-04-03T02:37:10.158+0600][14.514s][info][gc          ] GC(3) Concurrent marking roots 0.630ms
[2026-04-03T02:37:10.158+0600][14.514s][info][gc,start    ] GC(3) Concurrent marking (unload classes)
[2026-04-03T02:37:10.158+0600][14.514s][info][gc,task     ] GC(3) Using 3 of 6 workers for concurrent marking
[2026-04-03T02:37:10.193+0600][14.549s][info][gc          ] GC(3) Concurrent marking (unload classes) 35.593ms
[2026-04-03T02:37:10.193+0600][14.550s][info][gc,start    ] GC(3) Pause Final Mark (unload classes)
[2026-04-03T02:37:10.194+0600][14.550s][info][gc,task     ] GC(3) Using 6 of 6 workers for final marking
[2026-04-03T02:37:10.194+0600][14.550s][info][gc,ergo     ] GC(3) Adaptive CSet Selection. Target Free: 212M, Actual Free: 1158M, Max CSet: 64000K, Min Garbage: 0B
[2026-04-03T02:37:10.194+0600][14.550s][info][gc,ergo     ] GC(3) Collectable Garbage: 297M (99%), Immediate: 6210K (2%), CSet: 291M (97%)
[2026-04-03T02:37:10.194+0600][14.551s][info][gc,ergo     ] GC(3) Pacer for Evacuation. Used CSet: 305M, Free: 1085M, Non-Taxable: 108M, Alloc Tax Rate: 1.1x
[2026-04-03T02:37:10.194+0600][14.551s][info][gc          ] GC(3) Pause Final Mark (unload classes) 0.873ms
[2026-04-03T02:37:10.195+0600][14.551s][info][gc,start    ] GC(3) Concurrent thread roots
[2026-04-03T02:37:10.195+0600][14.551s][info][gc,task     ] GC(3) Using 3 of 6 workers for Concurrent thread roots
[2026-04-03T02:37:10.196+0600][14.552s][info][gc          ] GC(3) Concurrent thread roots 1.131ms
[2026-04-03T02:37:10.196+0600][14.552s][info][gc,start    ] GC(3) Concurrent weak references
[2026-04-03T02:37:10.196+0600][14.552s][info][gc,task     ] GC(3) Using 3 of 6 workers for concurrent weak references
[2026-04-03T02:37:10.197+0600][14.553s][info][gc,ref      ] GC(3) Encountered references: Soft: 4579, Weak: 12970, Final: 84, Phantom: 591
[2026-04-03T02:37:10.197+0600][14.553s][info][gc,ref      ] GC(3) Discovered  references: Soft: 0, Weak: 7211, Final: 0, Phantom: 266
[2026-04-03T02:37:10.197+0600][14.553s][info][gc,ref      ] GC(3) Enqueued    references: Soft: 0, Weak: 3263, Final: 0, Phantom: 1
[2026-04-03T02:37:10.197+0600][14.553s][info][gc          ] GC(3) Concurrent weak references 1.418ms
[2026-04-03T02:37:10.197+0600][14.553s][info][gc,start    ] GC(3) Concurrent weak roots
[2026-04-03T02:37:10.197+0600][14.553s][info][gc,task     ] GC(3) Using 3 of 6 workers for concurrent weak root
[2026-04-03T02:37:10.200+0600][14.556s][info][gc          ] GC(3) Concurrent weak roots 2.635ms
[2026-04-03T02:37:10.200+0600][14.556s][info][gc,start    ] GC(3) Concurrent cleanup
[2026-04-03T02:37:10.200+0600][14.556s][info][gc          ] GC(3) Concurrent cleanup 345M->339M(395M) 0.209ms
[2026-04-03T02:37:10.200+0600][14.556s][info][gc,ergo     ] GC(3) Free: 1084M, Max: 512K regular, 1077M humongous, Frag: 1% external, 0% internal; Reserve: 75264K, Max: 512K
[2026-04-03T02:37:10.200+0600][14.556s][info][gc,start    ] GC(3) Concurrent class unloading
[2026-04-03T02:37:10.200+0600][14.556s][info][gc,task     ] GC(3) Using 3 of 6 workers for concurrent class unloading
[2026-04-03T02:37:10.209+0600][14.566s][info][gc          ] GC(3) Concurrent class unloading 9.131ms
[2026-04-03T02:37:10.209+0600][14.566s][info][gc,start    ] GC(3) Concurrent strong roots
[2026-04-03T02:37:10.209+0600][14.566s][info][gc,task     ] GC(3) Using 3 of 6 workers for concurrent strong root
[2026-04-03T02:37:10.213+0600][14.569s][info][gc          ] GC(3) Concurrent strong roots 3.134ms
[2026-04-03T02:37:10.213+0600][14.569s][info][gc,start    ] GC(3) Concurrent evacuation
[2026-04-03T02:37:10.213+0600][14.569s][info][gc,task     ] GC(3) Using 3 of 6 workers for concurrent evacuation
[2026-04-03T02:37:10.229+0600][14.585s][info][gc          ] GC(3) Concurrent evacuation 16.376ms
[2026-04-03T02:37:10.229+0600][14.586s][info][gc,start    ] GC(3) Pause Init Update Refs
[2026-04-03T02:37:10.229+0600][14.586s][info][gc,ergo     ] GC(3) Pacer for Update Refs. Used: 353M, Free: 1084M, Non-Taxable: 108M, Alloc Tax Rate: 1.1x
[2026-04-03T02:37:10.230+0600][14.586s][info][gc          ] GC(3) Pause Init Update Refs 0.133ms
[2026-04-03T02:37:10.230+0600][14.586s][info][gc,start    ] GC(3) Concurrent update references
[2026-04-03T02:37:10.230+0600][14.586s][info][gc,task     ] GC(3) Using 3 of 6 workers for concurrent reference update
[2026-04-03T02:37:10.251+0600][14.607s][info][gc          ] GC(3) Concurrent update references 21.506ms
[2026-04-03T02:37:10.251+0600][14.607s][info][gc,start    ] GC(3) Concurrent update thread roots
[2026-04-03T02:37:10.252+0600][14.608s][info][gc          ] GC(3) Concurrent update thread roots 1.028ms
[2026-04-03T02:37:10.252+0600][14.609s][info][gc,start    ] GC(3) Pause Final Update Refs
[2026-04-03T02:37:10.252+0600][14.609s][info][gc,task     ] GC(3) Using 6 of 6 workers for final reference update
[2026-04-03T02:37:10.253+0600][14.609s][info][gc          ] GC(3) Pause Final Update Refs 0.215ms
[2026-04-03T02:37:10.253+0600][14.609s][info][gc,start    ] GC(3) Concurrent cleanup
[2026-04-03T02:37:10.254+0600][14.610s][info][gc          ] GC(3) Concurrent cleanup 353M->48M(409M) 0.717ms
[2026-04-03T02:37:10.254+0600][14.610s][info][gc,ergo     ] Free: 1374M, Max: 512K regular, 1063M humongous, Frag: 23% external, 0% internal; Reserve: 76800K, Max: 512K
[2026-04-03T02:37:10.254+0600][14.610s][info][gc,stats    ] 
[2026-04-03T02:37:10.254+0600][14.610s][info][gc,stats    ] All times are wall-clock times, except per-root-class counters, that are sum over
[2026-04-03T02:37:10.254+0600][14.610s][info][gc,stats    ] all workers. Dividing the <total> over the root stage time estimates parallelism.
[2026-04-03T02:37:10.254+0600][14.610s][info][gc,stats    ] 
[2026-04-03T02:37:10.254+0600][14.610s][info][gc,stats    ] Concurrent Reset                    895 us
[2026-04-03T02:37:10.254+0600][14.610s][info][gc,stats    ] Pause Init Mark (G)                 383 us
[2026-04-03T02:37:10.254+0600][14.610s][info][gc,stats    ] Pause Init Mark (N)                 142 us
[2026-04-03T02:37:10.254+0600][14.610s][info][gc,stats    ]   Update Region States               23 us
[2026-04-03T02:37:10.254+0600][14.610s][info][gc,stats    ] Concurrent Mark Roots               666 us, parallelism: 1.61x
[2026-04-03T02:37:10.254+0600][14.610s][info][gc,stats    ]   CMR: <total>                     1069 us
[2026-04-03T02:37:10.254+0600][14.610s][info][gc,stats    ]   CMR: Thread Roots                 886 us, workers (us): 206, 393, 287, ---, ---, ---, 
[2026-04-03T02:37:10.254+0600][14.610s][info][gc,stats    ]   CMR: VM Strong Roots               20 us, workers (us):  19,   0,   1, ---, ---, ---, 
[2026-04-03T02:37:10.254+0600][14.610s][info][gc,stats    ]   CMR: CLDG Roots                   163 us, workers (us): 163, ---, ---, ---, ---, ---, 
[2026-04-03T02:37:10.254+0600][14.610s][info][gc,stats    ] Concurrent Marking                35702 us
[2026-04-03T02:37:10.254+0600][14.610s][info][gc,stats    ] Pause Final Mark (G)               1236 us
[2026-04-03T02:37:10.254+0600][14.610s][info][gc,stats    ] Pause Final Mark (N)                888 us
[2026-04-03T02:37:10.254+0600][14.610s][info][gc,stats    ]   Finish Mark                       299 us
[2026-04-03T02:37:10.254+0600][14.610s][info][gc,stats    ]   Update Region States               52 us
[2026-04-03T02:37:10.254+0600][14.610s][info][gc,stats    ]   Choose Collection Set             321 us
[2026-04-03T02:37:10.254+0600][14.610s][info][gc,stats    ]   Rebuild Free Set                   43 us
[2026-04-03T02:37:10.254+0600][14.610s][info][gc,stats    ] Concurrent Thread Roots            1209 us, parallelism: 1.36x
[2026-04-03T02:37:10.254+0600][14.610s][info][gc,stats    ]   CTR: <total>                     1643 us
[2026-04-03T02:37:10.254+0600][14.610s][info][gc,stats    ]   CTR: Thread Roots                1643 us, workers (us): 892, 393, 358, ---, ---, ---, 
[2026-04-03T02:37:10.254+0600][14.610s][info][gc,stats    ] Concurrent Weak References         1433 us, parallelism: 1.55x
[2026-04-03T02:37:10.254+0600][14.610s][info][gc,stats    ]   CWRF: <total>                    2218 us
[2026-04-03T02:37:10.254+0600][14.610s][info][gc,stats    ]   CWRF: Weak References            2218 us, workers (us): 1018, 113, 1087, ---, ---, ---, 
[2026-04-03T02:37:10.254+0600][14.610s][info][gc,stats    ] Concurrent Weak Roots              2747 us
[2026-04-03T02:37:10.254+0600][14.610s][info][gc,stats    ]   Roots                            2388 us, parallelism: 2.57x
[2026-04-03T02:37:10.254+0600][14.610s][info][gc,stats    ]     CWR: <total>                   6128 us
[2026-04-03T02:37:10.254+0600][14.610s][info][gc,stats    ]     CWR: Code Cache Roots          2423 us, workers (us): 863, 768, 792, ---, ---, ---, 
[2026-04-03T02:37:10.254+0600][14.610s][info][gc,stats    ]     CWR: VM Weak Roots             3663 us, workers (us): 1286, 1186, 1191, ---, ---, ---, 
[2026-04-03T02:37:10.254+0600][14.610s][info][gc,stats    ]     CWR: CLDG Roots                  43 us, workers (us): ---,  43, ---, ---, ---, ---, 
[2026-04-03T02:37:10.254+0600][14.610s][info][gc,stats    ]   Rendezvous                        216 us
[2026-04-03T02:37:10.254+0600][14.610s][info][gc,stats    ] Concurrent Cleanup                  236 us
[2026-04-03T02:37:10.254+0600][14.610s][info][gc,stats    ] Concurrent Class Unloading         9220 us
[2026-04-03T02:37:10.254+0600][14.610s][info][gc,stats    ]   Unlink Stale                     6184 us
[2026-04-03T02:37:10.254+0600][14.610s][info][gc,stats    ]     System Dictionary                61 us
[2026-04-03T02:37:10.254+0600][14.610s][info][gc,stats    ]     Weak Class Links                  0 us
[2026-04-03T02:37:10.254+0600][14.610s][info][gc,stats    ]     Code Roots                     6117 us
[2026-04-03T02:37:10.254+0600][14.610s][info][gc,stats    ]   Rendezvous                        242 us
[2026-04-03T02:37:10.254+0600][14.610s][info][gc,stats    ]   Purge Unlinked                   2666 us
[2026-04-03T02:37:10.254+0600][14.610s][info][gc,stats    ]     Code Roots                     2612 us
[2026-04-03T02:37:10.254+0600][14.610s][info][gc,stats    ]     CLDG                             52 us
[2026-04-03T02:37:10.254+0600][14.610s][info][gc,stats    ]     Exception Caches                  0 us
[2026-04-03T02:37:10.254+0600][14.610s][info][gc,stats    ] Concurrent Strong Roots            3231 us, parallelism: 0.87x
[2026-04-03T02:37:10.254+0600][14.610s][info][gc,stats    ]   CSR: <total>                     2799 us
[2026-04-03T02:37:10.254+0600][14.610s][info][gc,stats    ]   CSR: VM Strong Roots               42 us, workers (us):  21,  16,   6, ---, ---, ---, 
[2026-04-03T02:37:10.254+0600][14.610s][info][gc,stats    ]   CSR: CLDG Roots                  2756 us, workers (us): ---, ---, 2756, ---, ---, ---, 
[2026-04-03T02:37:10.254+0600][14.610s][info][gc,stats    ] Concurrent Evacuation             16488 us
[2026-04-03T02:37:10.254+0600][14.610s][info][gc,stats    ] Pause Init Update Refs (G)          433 us
[2026-04-03T02:37:10.254+0600][14.610s][info][gc,stats    ] Pause Init Update Refs (N)          149 us
[2026-04-03T02:37:10.254+0600][14.610s][info][gc,stats    ]   Manage GCLABs                      14 us
[2026-04-03T02:37:10.254+0600][14.610s][info][gc,stats    ] Concurrent Update Refs            21613 us
[2026-04-03T02:37:10.254+0600][14.610s][info][gc,stats    ] Concurrent Update Thread Roots     1091 us
[2026-04-03T02:37:10.254+0600][14.610s][info][gc,stats    ] Pause Final Update Refs (G)         540 us
[2026-04-03T02:37:10.254+0600][14.610s][info][gc,stats    ] Pause Final Update Refs (N)         247 us
[2026-04-03T02:37:10.254+0600][14.610s][info][gc,stats    ]   Update Region States               69 us
[2026-04-03T02:37:10.254+0600][14.610s][info][gc,stats    ]   Trash Collection Set               20 us
[2026-04-03T02:37:10.254+0600][14.610s][info][gc,stats    ]   Rebuild Free Set                   35 us
[2026-04-03T02:37:10.254+0600][14.610s][info][gc,stats    ] Concurrent Cleanup                  740 us
[2026-04-03T02:37:10.254+0600][14.610s][info][gc,stats    ] 
[2026-04-03T02:37:10.254+0600][14.610s][info][gc,stats    ] Allocation pacing accrued:
[2026-04-03T02:37:10.254+0600][14.610s][info][gc,stats    ]       0 of  3314 ms (  0.0%): <total>
[2026-04-03T02:37:10.254+0600][14.610s][info][gc,stats    ]       0 of  3314 ms (  0.0%): <average total>
[2026-04-03T02:37:10.254+0600][14.610s][info][gc,stats    ] 
[2026-04-03T02:37:10.254+0600][14.610s][info][gc,metaspace] Metaspace: 102727K(103360K)->103113K(103680K) NonClass: 89873K(90240K)->90173K(90496K) Class: 12854K(13120K)->12940K(13184K)
[2026-04-03T02:37:10.254+0600][14.610s][info][gc,ergo     ] Pacer for Idle. Initial: 30720K, Alloc Tax Rate: 1.0x
[2026-04-03T02:37:13.260+0600][17.616s][info][gc          ] Trigger: Learning 5 of 5. Free (1049M) is below initial threshold (1050M)
[2026-04-03T02:37:13.260+0600][17.616s][info][gc,ergo     ] Free: 1049M, Max: 512K regular, 1049M humongous, Frag: 0% external, 0% internal; Reserve: 76800K, Max: 512K
[2026-04-03T02:37:13.260+0600][17.616s][info][gc,start    ] GC(4) Concurrent reset
[2026-04-03T02:37:13.260+0600][17.616s][info][gc,task     ] GC(4) Using 3 of 6 workers for concurrent reset
[2026-04-03T02:37:13.260+0600][17.616s][info][gc,ergo     ] GC(4) Pacer for Reset. Non-Taxable: 1500M
[2026-04-03T02:37:13.261+0600][17.618s][info][gc          ] GC(4) Concurrent reset 1.284ms
[2026-04-03T02:37:13.262+0600][17.618s][info][gc,start    ] GC(4) Pause Init Mark (unload classes)
[2026-04-03T02:37:13.262+0600][17.618s][info][gc,task     ] GC(4) Using 6 of 6 workers for init marking
[2026-04-03T02:37:13.262+0600][17.618s][info][gc,ergo     ] GC(4) Pacer for Mark. Expected Live: 28502K, Free: 1048M, Non-Taxable: 104M, Alloc Tax Rate: 0.0x
[2026-04-03T02:37:13.262+0600][17.618s][info][gc          ] GC(4) Pause Init Mark (unload classes) 0.125ms
[2026-04-03T02:37:13.262+0600][17.618s][info][gc,start    ] GC(4) Concurrent marking roots
[2026-04-03T02:37:13.262+0600][17.618s][info][gc,task     ] GC(4) Using 3 of 6 workers for concurrent marking roots
[2026-04-03T02:37:13.263+0600][17.619s][info][gc          ] GC(4) Concurrent marking roots 0.918ms
[2026-04-03T02:37:13.263+0600][17.619s][info][gc,start    ] GC(4) Concurrent marking (unload classes)
[2026-04-03T02:37:13.263+0600][17.619s][info][gc,task     ] GC(4) Using 3 of 6 workers for concurrent marking
[2026-04-03T02:37:13.308+0600][17.665s][info][gc          ] GC(4) Concurrent marking (unload classes) 45.529ms
[2026-04-03T02:37:13.309+0600][17.665s][info][gc,start    ] GC(4) Pause Final Mark (unload classes)
[2026-04-03T02:37:13.309+0600][17.665s][info][gc,task     ] GC(4) Using 6 of 6 workers for final marking
[2026-04-03T02:37:13.309+0600][17.665s][info][gc,ergo     ] GC(4) Adaptive CSet Selection. Target Free: 212M, Actual Free: 1230M, Max CSet: 64000K, Min Garbage: 0B
[2026-04-03T02:37:13.309+0600][17.665s][info][gc,ergo     ] GC(4) Collectable Garbage: 288M (99%), Immediate: 127M (43%), CSet: 161M (55%)
[2026-04-03T02:37:13.309+0600][17.666s][info][gc,ergo     ] GC(4) Pacer for Evacuation. Used CSet: 172M, Free: 1184M, Non-Taxable: 118M, Alloc Tax Rate: 1.1x
[2026-04-03T02:37:13.309+0600][17.666s][info][gc          ] GC(4) Pause Final Mark (unload classes) 0.763ms
[2026-04-03T02:37:13.309+0600][17.666s][info][gc,start    ] GC(4) Concurrent thread roots
[2026-04-03T02:37:13.309+0600][17.666s][info][gc,task     ] GC(4) Using 3 of 6 workers for Concurrent thread roots
[2026-04-03T02:37:13.310+0600][17.667s][info][gc          ] GC(4) Concurrent thread roots 1.033ms
[2026-04-03T02:37:13.311+0600][17.667s][info][gc,start    ] GC(4) Concurrent weak references
[2026-04-03T02:37:13.311+0600][17.667s][info][gc,task     ] GC(4) Using 3 of 6 workers for concurrent weak references
[2026-04-03T02:37:13.313+0600][17.669s][info][gc,ref      ] GC(4) Encountered references: Soft: 5607, Weak: 15235, Final: 84, Phantom: 609
[2026-04-03T02:37:13.313+0600][17.669s][info][gc,ref      ] GC(4) Discovered  references: Soft: 0, Weak: 9367, Final: 52, Phantom: 606
[2026-04-03T02:37:13.313+0600][17.669s][info][gc,ref      ] GC(4) Enqueued    references: Soft: 0, Weak: 2791, Final: 0, Phantom: 1
[2026-04-03T02:37:13.313+0600][17.669s][info][gc          ] GC(4) Concurrent weak references 2.681ms
[2026-04-03T02:37:13.313+0600][17.669s][info][gc,start    ] GC(4) Concurrent weak roots
[2026-04-03T02:37:13.313+0600][17.669s][info][gc,task     ] GC(4) Using 3 of 6 workers for concurrent weak root
[2026-04-03T02:37:13.318+0600][17.674s][info][gc          ] GC(4) Concurrent weak roots 4.299ms
[2026-04-03T02:37:13.318+0600][17.674s][info][gc,start    ] GC(4) Concurrent cleanup
[2026-04-03T02:37:13.318+0600][17.674s][info][gc          ] GC(4) Concurrent cleanup 369M->242M(410M) 0.268ms
[2026-04-03T02:37:13.318+0600][17.674s][info][gc,ergo     ] GC(4) Free: 1182M, Max: 512K regular, 1027M humongous, Frag: 14% external, 0% internal; Reserve: 74655K, Max: 512K
[2026-04-03T02:37:13.318+0600][17.674s][info][gc,start    ] GC(4) Concurrent class unloading
[2026-04-03T02:37:13.318+0600][17.674s][info][gc,task     ] GC(4) Using 3 of 6 workers for concurrent class unloading
[2026-04-03T02:37:13.367+0600][17.723s][info][gc          ] GC(4) Concurrent class unloading 48.592ms
[2026-04-03T02:37:13.367+0600][17.723s][info][gc,start    ] GC(4) Concurrent strong roots
[2026-04-03T02:37:13.367+0600][17.723s][info][gc,task     ] GC(4) Using 3 of 6 workers for concurrent strong root
[2026-04-03T02:37:13.369+0600][17.725s][info][gc          ] GC(4) Concurrent strong roots 2.023ms
[2026-04-03T02:37:13.369+0600][17.725s][info][gc,start    ] GC(4) Concurrent evacuation
[2026-04-03T02:37:13.369+0600][17.725s][info][gc,task     ] GC(4) Using 3 of 6 workers for concurrent evacuation
[2026-04-03T02:37:13.384+0600][17.740s][info][gc          ] GC(4) Concurrent evacuation 14.656ms
[2026-04-03T02:37:13.384+0600][17.740s][info][gc,start    ] GC(4) Pause Init Update Refs
[2026-04-03T02:37:13.384+0600][17.741s][info][gc,ergo     ] GC(4) Pacer for Update Refs. Used: 264M, Free: 1170M, Non-Taxable: 117M, Alloc Tax Rate: 1.1x
[2026-04-03T02:37:13.384+0600][17.741s][info][gc          ] GC(4) Pause Init Update Refs 0.158ms
[2026-04-03T02:37:13.384+0600][17.741s][info][gc,start    ] GC(4) Concurrent update references
[2026-04-03T02:37:13.385+0600][17.741s][info][gc,task     ] GC(4) Using 3 of 6 workers for concurrent reference update
[2026-04-03T02:37:13.421+0600][17.778s][info][gc          ] GC(4) Concurrent update references 36.878ms
[2026-04-03T02:37:13.421+0600][17.778s][info][gc,start    ] GC(4) Concurrent update thread roots
[2026-04-03T02:37:13.423+0600][17.779s][info][gc          ] GC(4) Concurrent update thread roots 1.401ms
[2026-04-03T02:37:13.423+0600][17.779s][info][gc,start    ] GC(4) Pause Final Update Refs
[2026-04-03T02:37:13.423+0600][17.780s][info][gc,task     ] GC(4) Using 6 of 6 workers for final reference update
[2026-04-03T02:37:13.424+0600][17.780s][info][gc          ] GC(4) Pause Final Update Refs 0.278ms
[2026-04-03T02:37:13.424+0600][17.780s][info][gc,start    ] GC(4) Concurrent cleanup
[2026-04-03T02:37:13.424+0600][17.780s][info][gc          ] GC(4) Concurrent cleanup 271M->99M(419M) 0.360ms
[2026-04-03T02:37:13.424+0600][17.780s][info][gc,ergo     ] Free: 1323M, Max: 512K regular, 1022M humongous, Frag: 23% external, 0% internal; Reserve: 76800K, Max: 512K
[2026-04-03T02:37:13.424+0600][17.780s][info][gc,stats    ] 
[2026-04-03T02:37:13.424+0600][17.780s][info][gc,stats    ] All times are wall-clock times, except per-root-class counters, that are sum over
[2026-04-03T02:37:13.424+0600][17.780s][info][gc,stats    ] all workers. Dividing the <total> over the root stage time estimates parallelism.
[2026-04-03T02:37:13.424+0600][17.780s][info][gc,stats    ] 
[2026-04-03T02:37:13.424+0600][17.780s][info][gc,stats    ] Concurrent Reset                   1348 us
[2026-04-03T02:37:13.424+0600][17.781s][info][gc,stats    ] Pause Init Mark (G)                 478 us
[2026-04-03T02:37:13.424+0600][17.781s][info][gc,stats    ] Pause Init Mark (N)                 136 us
[2026-04-03T02:37:13.424+0600][17.781s][info][gc,stats    ]   Update Region States               23 us
[2026-04-03T02:37:13.424+0600][17.781s][info][gc,stats    ] Concurrent Mark Roots               962 us, parallelism: 1.43x
[2026-04-03T02:37:13.424+0600][17.781s][info][gc,stats    ]   CMR: <total>                     1378 us
[2026-04-03T02:37:13.424+0600][17.781s][info][gc,stats    ]   CMR: Thread Roots                1104 us, workers (us): 471, 234, 399, ---, ---, ---, 
[2026-04-03T02:37:13.424+0600][17.781s][info][gc,stats    ]   CMR: VM Strong Roots               32 us, workers (us):  27,   5,   0, ---, ---, ---, 
[2026-04-03T02:37:13.424+0600][17.781s][info][gc,stats    ]   CMR: CLDG Roots                   242 us, workers (us): ---, 242, ---, ---, ---, ---, 
[2026-04-03T02:37:13.424+0600][17.781s][info][gc,stats    ] Concurrent Marking                45630 us
[2026-04-03T02:37:13.424+0600][17.781s][info][gc,stats    ] Pause Final Mark (G)               1013 us
[2026-04-03T02:37:13.424+0600][17.781s][info][gc,stats    ] Pause Final Mark (N)                779 us
[2026-04-03T02:37:13.424+0600][17.781s][info][gc,stats    ]   Finish Mark                       351 us
[2026-04-03T02:37:13.425+0600][17.781s][info][gc,stats    ]   Update Region States               54 us
[2026-04-03T02:37:13.425+0600][17.781s][info][gc,stats    ]   Choose Collection Set             228 us
[2026-04-03T02:37:13.425+0600][17.781s][info][gc,stats    ]   Rebuild Free Set                   34 us
[2026-04-03T02:37:13.425+0600][17.781s][info][gc,stats    ] Concurrent Thread Roots            1091 us, parallelism: 2.03x
[2026-04-03T02:37:13.425+0600][17.781s][info][gc,stats    ]   CTR: <total>                     2219 us
[2026-04-03T02:37:13.425+0600][17.781s][info][gc,stats    ]   CTR: Thread Roots                2219 us, workers (us): 875, 679, 665, ---, ---, ---, 
[2026-04-03T02:37:13.425+0600][17.781s][info][gc,stats    ] Concurrent Weak References         2698 us, parallelism: 1.13x
[2026-04-03T02:37:13.425+0600][17.781s][info][gc,stats    ]   CWRF: <total>                    3057 us
[2026-04-03T02:37:13.425+0600][17.781s][info][gc,stats    ]   CWRF: Weak References            3057 us, workers (us): 505, 2374, 178, ---, ---, ---, 
[2026-04-03T02:37:13.425+0600][17.781s][info][gc,stats    ] Concurrent Weak Roots              4390 us
[2026-04-03T02:37:13.425+0600][17.781s][info][gc,stats    ]   Roots                            4131 us, parallelism: 2.60x
[2026-04-03T02:37:13.425+0600][17.781s][info][gc,stats    ]     CWR: <total>                  10759 us
[2026-04-03T02:37:13.425+0600][17.781s][info][gc,stats    ]     CWR: Code Cache Roots          5364 us, workers (us): 1836, 1710, 1818, ---, ---, ---, 
[2026-04-03T02:37:13.425+0600][17.781s][info][gc,stats    ]     CWR: VM Weak Roots             5236 us, workers (us): 1758, 1733, 1746, ---, ---, ---, 
[2026-04-03T02:37:13.425+0600][17.781s][info][gc,stats    ]     CWR: CLDG Roots                 159 us, workers (us): ---, 159, ---, ---, ---, ---, 
[2026-04-03T02:37:13.425+0600][17.781s][info][gc,stats    ]   Rendezvous                        133 us
[2026-04-03T02:37:13.425+0600][17.781s][info][gc,stats    ] Concurrent Cleanup                  300 us
[2026-04-03T02:37:13.425+0600][17.781s][info][gc,stats    ] Concurrent Class Unloading        48752 us
[2026-04-03T02:37:13.425+0600][17.781s][info][gc,stats    ]   Unlink Stale                    35530 us
[2026-04-03T02:37:13.425+0600][17.781s][info][gc,stats    ]     System Dictionary              1300 us
[2026-04-03T02:37:13.425+0600][17.781s][info][gc,stats    ]     Weak Class Links              23514 us
[2026-04-03T02:37:13.425+0600][17.781s][info][gc,stats    ]     Code Roots                    10709 us
[2026-04-03T02:37:13.425+0600][17.781s][info][gc,stats    ]   Rendezvous                        311 us
[2026-04-03T02:37:13.425+0600][17.781s][info][gc,stats    ]   Purge Unlinked                  12701 us
[2026-04-03T02:37:13.425+0600][17.781s][info][gc,stats    ]     Code Roots                    10772 us
[2026-04-03T02:37:13.425+0600][17.781s][info][gc,stats    ]     CLDG                           1927 us
[2026-04-03T02:37:13.425+0600][17.781s][info][gc,stats    ]     Exception Caches                  1 us
[2026-04-03T02:37:13.425+0600][17.781s][info][gc,stats    ] Concurrent Strong Roots            2148 us, parallelism: 0.68x
[2026-04-03T02:37:13.425+0600][17.781s][info][gc,stats    ]   CSR: <total>                     1458 us
[2026-04-03T02:37:13.425+0600][17.781s][info][gc,stats    ]   CSR: VM Strong Roots              117 us, workers (us):  60,  19,  38, ---, ---, ---, 
[2026-04-03T02:37:13.425+0600][17.781s][info][gc,stats    ]   CSR: CLDG Roots                  1341 us, workers (us): ---, 1341, ---, ---, ---, ---, 
[2026-04-03T02:37:13.425+0600][17.781s][info][gc,stats    ] Concurrent Evacuation             14826 us
[2026-04-03T02:37:13.425+0600][17.781s][info][gc,stats    ] Pause Init Update Refs (G)          687 us
[2026-04-03T02:37:13.425+0600][17.781s][info][gc,stats    ] Pause Init Update Refs (N)          174 us
[2026-04-03T02:37:13.425+0600][17.781s][info][gc,stats    ]   Manage GCLABs                      28 us
[2026-04-03T02:37:13.425+0600][17.781s][info][gc,stats    ] Concurrent Update Refs            37029 us
[2026-04-03T02:37:13.425+0600][17.781s][info][gc,stats    ] Concurrent Update Thread Roots     1513 us
[2026-04-03T02:37:13.425+0600][17.781s][info][gc,stats    ] Pause Final Update Refs (G)         625 us
[2026-04-03T02:37:13.425+0600][17.781s][info][gc,stats    ] Pause Final Update Refs (N)         302 us
[2026-04-03T02:37:13.425+0600][17.781s][info][gc,stats    ]   Update Region States               62 us
[2026-04-03T02:37:13.425+0600][17.781s][info][gc,stats    ]   Trash Collection Set               18 us
[2026-04-03T02:37:13.425+0600][17.781s][info][gc,stats    ]   Rebuild Free Set                   36 us
[2026-04-03T02:37:13.425+0600][17.781s][info][gc,stats    ] Concurrent Cleanup                  417 us
[2026-04-03T02:37:13.425+0600][17.781s][info][gc,stats    ] 
[2026-04-03T02:37:13.425+0600][17.781s][info][gc,stats    ] Allocation pacing accrued:
[2026-04-03T02:37:13.425+0600][17.781s][info][gc,stats    ]       0 of  3171 ms (  0.0%): <total>
[2026-04-03T02:37:13.425+0600][17.781s][info][gc,stats    ]       0 of  3171 ms (  0.0%): <average total>
[2026-04-03T02:37:13.425+0600][17.781s][info][gc,stats    ] 
[2026-04-03T02:37:13.425+0600][17.782s][info][gc,metaspace] Metaspace: 117263K(118848K)->116679K(118912K) NonClass: 101874K(102784K)->101464K(102848K) Class: 15389K(16064K)->15214K(16064K)
[2026-04-03T02:37:13.425+0600][17.782s][info][gc,ergo     ] Pacer for Idle. Initial: 30720K, Alloc Tax Rate: 1.0x
[2026-04-03T02:37:16.637+0600][20.993s][info][gc          ] Trigger: Explicit GC request (System.gc())
[2026-04-03T02:37:16.637+0600][20.993s][info][gc,ergo     ] Free: 596M, Max: 512K regular, 596M humongous, Frag: 0% external, 0% internal; Reserve: 76800K, Max: 512K
[2026-04-03T02:37:16.637+0600][20.993s][info][gc,start    ] GC(5) Concurrent reset
[2026-04-03T02:37:16.637+0600][20.993s][info][gc,task     ] GC(5) Using 3 of 6 workers for concurrent reset
[2026-04-03T02:37:16.637+0600][20.993s][info][gc,ergo     ] GC(5) Pacer for Reset. Non-Taxable: 1500M
[2026-04-03T02:37:16.638+0600][20.994s][info][gc          ] GC(5) Concurrent reset 1.020ms
[2026-04-03T02:37:16.638+0600][20.995s][info][gc,start    ] GC(5) Pause Init Mark (unload classes)
[2026-04-03T02:37:16.638+0600][20.995s][info][gc,task     ] GC(5) Using 6 of 6 workers for init marking
[2026-04-03T02:37:16.638+0600][20.995s][info][gc,ref      ] GC(5) Clearing All SoftReferences
[2026-04-03T02:37:16.638+0600][20.995s][info][gc,ergo     ] GC(5) Pacer for Mark. Expected Live: 33950K, Free: 596M, Non-Taxable: 61040K, Alloc Tax Rate: 0.1x
[2026-04-03T02:37:16.638+0600][20.995s][info][gc          ] GC(5) Pause Init Mark (unload classes) 0.106ms
[2026-04-03T02:37:16.638+0600][20.995s][info][gc,start    ] GC(5) Concurrent marking roots
[2026-04-03T02:37:16.639+0600][20.995s][info][gc,task     ] GC(5) Using 3 of 6 workers for concurrent marking roots
[2026-04-03T02:37:16.639+0600][20.996s][info][gc          ] GC(5) Concurrent marking roots 0.971ms
[2026-04-03T02:37:16.639+0600][20.996s][info][gc,start    ] GC(5) Concurrent marking (unload classes)
[2026-04-03T02:37:16.640+0600][20.996s][info][gc,task     ] GC(5) Using 3 of 6 workers for concurrent marking
[2026-04-03T02:37:16.676+0600][21.032s][info][gc          ] GC(5) Concurrent marking (unload classes) 36.549ms
[2026-04-03T02:37:16.676+0600][21.032s][info][gc,start    ] GC(5) Pause Final Mark (unload classes)
[2026-04-03T02:37:16.676+0600][21.032s][info][gc,task     ] GC(5) Using 6 of 6 workers for final marking
[2026-04-03T02:37:16.677+0600][21.033s][info][gc,ergo     ] GC(5) Adaptive CSet Selection. Target Free: 212M, Actual Free: 1094M, Max CSet: 64000K, Min Garbage: 0B
[2026-04-03T02:37:16.677+0600][21.033s][info][gc,ergo     ] GC(5) Collectable Garbage: 705M (99%), Immediate: 423M (59%), CSet: 282M (39%)
[2026-04-03T02:37:16.677+0600][21.033s][info][gc,ergo     ] GC(5) Pacer for Evacuation. Used CSet: 303M, Free: 1062M, Non-Taxable: 106M, Alloc Tax Rate: 1.1x
[2026-04-03T02:37:16.677+0600][21.033s][info][gc          ] GC(5) Pause Final Mark (unload classes) 0.781ms
[2026-04-03T02:37:16.677+0600][21.033s][info][gc,start    ] GC(5) Concurrent thread roots
[2026-04-03T02:37:16.677+0600][21.033s][info][gc,task     ] GC(5) Using 3 of 6 workers for Concurrent thread roots
[2026-04-03T02:37:16.678+0600][21.034s][info][gc          ] GC(5) Concurrent thread roots 0.635ms
[2026-04-03T02:37:16.678+0600][21.034s][info][gc,start    ] GC(5) Concurrent weak references
[2026-04-03T02:37:16.678+0600][21.034s][info][gc,task     ] GC(5) Using 3 of 6 workers for concurrent weak references
[2026-04-03T02:37:16.679+0600][21.035s][info][gc,ref      ] GC(5) Encountered references: Soft: 5586, Weak: 14111, Final: 84, Phantom: 609
[2026-04-03T02:37:16.679+0600][21.035s][info][gc,ref      ] GC(5) Discovered  references: Soft: 3244, Weak: 4114, Final: 0, Phantom: 606
[2026-04-03T02:37:16.679+0600][21.035s][info][gc,ref      ] GC(5) Enqueued    references: Soft: 2798, Weak: 1433, Final: 0, Phantom: 1
[2026-04-03T02:37:16.679+0600][21.035s][info][gc          ] GC(5) Concurrent weak references 1.425ms
[2026-04-03T02:37:16.679+0600][21.035s][info][gc,start    ] GC(5) Concurrent weak roots
[2026-04-03T02:37:16.679+0600][21.036s][info][gc,task     ] GC(5) Using 3 of 6 workers for concurrent weak root
[2026-04-03T02:37:16.682+0600][21.038s][info][gc          ] GC(5) Concurrent weak roots 2.538ms
[2026-04-03T02:37:16.682+0600][21.038s][info][gc,start    ] GC(5) Concurrent cleanup
[2026-04-03T02:37:16.682+0600][21.038s][info][gc          ] GC(5) Concurrent cleanup 783M->359M(837M) 0.250ms
[2026-04-03T02:37:16.682+0600][21.038s][info][gc,ergo     ] GC(5) Free: 1061M, Max: 512K regular, 596M humongous, Frag: 44% external, 0% internal; Reserve: 75876K, Max: 512K
[2026-04-03T02:37:16.682+0600][21.038s][info][gc,start    ] GC(5) Concurrent class unloading
[2026-04-03T02:37:16.682+0600][21.038s][info][gc,task     ] GC(5) Using 3 of 6 workers for concurrent class unloading
[2026-04-03T02:37:16.724+0600][21.081s][info][gc          ] GC(5) Concurrent class unloading 42.282ms
[2026-04-03T02:37:16.725+0600][21.081s][info][gc,start    ] GC(5) Concurrent strong roots
[2026-04-03T02:37:16.725+0600][21.081s][info][gc,task     ] GC(5) Using 3 of 6 workers for concurrent strong root
[2026-04-03T02:37:16.726+0600][21.083s][info][gc          ] GC(5) Concurrent strong roots 1.735ms
[2026-04-03T02:37:16.726+0600][21.083s][info][gc,start    ] GC(5) Concurrent evacuation
[2026-04-03T02:37:16.726+0600][21.083s][info][gc,task     ] GC(5) Using 3 of 6 workers for concurrent evacuation
[2026-04-03T02:37:16.749+0600][21.105s][info][gc          ] GC(5) Concurrent evacuation 22.617ms
[2026-04-03T02:37:16.749+0600][21.106s][info][gc,start    ] GC(5) Pause Init Update Refs
[2026-04-03T02:37:16.749+0600][21.106s][info][gc,ergo     ] GC(5) Pacer for Update Refs. Used: 408M, Free: 1034M, Non-Taxable: 103M, Alloc Tax Rate: 1.1x
[2026-04-03T02:37:16.749+0600][21.106s][info][gc          ] GC(5) Pause Init Update Refs 0.119ms
[2026-04-03T02:37:16.750+0600][21.106s][info][gc,start    ] GC(5) Concurrent update references
[2026-04-03T02:37:16.750+0600][21.106s][info][gc,task     ] GC(5) Using 3 of 6 workers for concurrent reference update
[2026-04-03T02:37:16.775+0600][21.132s][info][gc          ] GC(5) Concurrent update references 25.748ms
[2026-04-03T02:37:16.775+0600][21.132s][info][gc,start    ] GC(5) Concurrent update thread roots
[2026-04-03T02:37:16.777+0600][21.133s][info][gc          ] GC(5) Concurrent update thread roots 1.089ms
[2026-04-03T02:37:16.777+0600][21.133s][info][gc,start    ] GC(5) Pause Final Update Refs
[2026-04-03T02:37:16.777+0600][21.133s][info][gc,task     ] GC(5) Using 6 of 6 workers for final reference update
[2026-04-03T02:37:16.777+0600][21.133s][info][gc          ] GC(5) Pause Final Update Refs 0.174ms
[2026-04-03T02:37:16.777+0600][21.133s][info][gc,start    ] GC(5) Concurrent cleanup
[2026-04-03T02:37:16.777+0600][21.134s][info][gc          ] GC(5) Concurrent cleanup 408M->105M(851M) 0.273ms
[2026-04-03T02:37:16.777+0600][21.134s][info][gc,ergo     ] Free: 1317M, Max: 512K regular, 583M humongous, Frag: 56% external, 0% internal; Reserve: 76800K, Max: 512K
[2026-04-03T02:37:16.777+0600][21.134s][info][gc,stats    ] 
[2026-04-03T02:37:16.777+0600][21.134s][info][gc,stats    ] All times are wall-clock times, except per-root-class counters, that are sum over
[2026-04-03T02:37:16.778+0600][21.134s][info][gc,stats    ] all workers. Dividing the <total> over the root stage time estimates parallelism.
[2026-04-03T02:37:16.778+0600][21.134s][info][gc,stats    ] 
[2026-04-03T02:37:16.778+0600][21.134s][info][gc,stats    ] Concurrent Reset                   1069 us
[2026-04-03T02:37:16.778+0600][21.134s][info][gc,stats    ] Pause Init Mark (G)                 347 us
[2026-04-03T02:37:16.778+0600][21.134s][info][gc,stats    ] Pause Init Mark (N)                 133 us
[2026-04-03T02:37:16.778+0600][21.134s][info][gc,stats    ]   Update Region States               21 us
[2026-04-03T02:37:16.778+0600][21.134s][info][gc,stats    ] Concurrent Mark Roots              1017 us, parallelism: 1.69x
[2026-04-03T02:37:16.778+0600][21.134s][info][gc,stats    ]   CMR: <total>                     1723 us
[2026-04-03T02:37:16.778+0600][21.134s][info][gc,stats    ]   CMR: Thread Roots                1365 us, workers (us): 554, 306, 506, ---, ---, ---, 
[2026-04-03T02:37:16.778+0600][21.134s][info][gc,stats    ]   CMR: VM Strong Roots              117 us, workers (us):  72,  44,   1, ---, ---, ---, 
[2026-04-03T02:37:16.778+0600][21.134s][info][gc,stats    ]   CMR: CLDG Roots                   241 us, workers (us): ---, 241, ---, ---, ---, ---, 
[2026-04-03T02:37:16.778+0600][21.134s][info][gc,stats    ] Concurrent Marking                36612 us
[2026-04-03T02:37:16.778+0600][21.134s][info][gc,stats    ] Pause Final Mark (G)               1025 us
[2026-04-03T02:37:16.778+0600][21.134s][info][gc,stats    ] Pause Final Mark (N)                791 us
[2026-04-03T02:37:16.778+0600][21.134s][info][gc,stats    ]   Finish Mark                       272 us
[2026-04-03T02:37:16.778+0600][21.134s][info][gc,stats    ]   Update Region States               38 us
[2026-04-03T02:37:16.778+0600][21.134s][info][gc,stats    ]   Choose Collection Set             344 us
[2026-04-03T02:37:16.778+0600][21.134s][info][gc,stats    ]   Rebuild Free Set                   43 us
[2026-04-03T02:37:16.778+0600][21.134s][info][gc,stats    ] Concurrent Thread Roots             697 us, parallelism: 1.30x
[2026-04-03T02:37:16.778+0600][21.134s][info][gc,stats    ]   CTR: <total>                      903 us
[2026-04-03T02:37:16.778+0600][21.134s][info][gc,stats    ]   CTR: Thread Roots                 903 us, workers (us): 350, 279, 274, ---, ---, ---, 
[2026-04-03T02:37:16.778+0600][21.134s][info][gc,stats    ] Concurrent Weak References         1435 us, parallelism: 0.99x
[2026-04-03T02:37:16.778+0600][21.134s][info][gc,stats    ]   CWRF: <total>                    1424 us
[2026-04-03T02:37:16.778+0600][21.134s][info][gc,stats    ]   CWRF: Weak References            1424 us, workers (us): 121, 1202, 101, ---, ---, ---, 
[2026-04-03T02:37:16.778+0600][21.134s][info][gc,stats    ] Concurrent Weak Roots              2593 us
[2026-04-03T02:37:16.778+0600][21.134s][info][gc,stats    ]   Roots                            2245 us, parallelism: 2.49x
[2026-04-03T02:37:16.778+0600][21.134s][info][gc,stats    ]     CWR: <total>                   5602 us
[2026-04-03T02:37:16.778+0600][21.134s][info][gc,stats    ]     CWR: Code Cache Roots          3100 us, workers (us): 1042, 1022, 1036, ---, ---, ---, 
[2026-04-03T02:37:16.778+0600][21.134s][info][gc,stats    ]     CWR: VM Weak Roots             2436 us, workers (us): 836, 801, 799, ---, ---, ---, 
[2026-04-03T02:37:16.778+0600][21.134s][info][gc,stats    ]     CWR: CLDG Roots                  67 us, workers (us): ---,  67, ---, ---, ---, ---, 
[2026-04-03T02:37:16.778+0600][21.134s][info][gc,stats    ]   Rendezvous                        269 us
[2026-04-03T02:37:16.778+0600][21.134s][info][gc,stats    ] Concurrent Cleanup                  272 us
[2026-04-03T02:37:16.778+0600][21.134s][info][gc,stats    ] Concurrent Class Unloading        42367 us
[2026-04-03T02:37:16.778+0600][21.134s][info][gc,stats    ]   Unlink Stale                    28863 us
[2026-04-03T02:37:16.778+0600][21.134s][info][gc,stats    ]     System Dictionary               731 us
[2026-04-03T02:37:16.778+0600][21.134s][info][gc,stats    ]     Weak Class Links              18779 us
[2026-04-03T02:37:16.778+0600][21.134s][info][gc,stats    ]     Code Roots                     9348 us
[2026-04-03T02:37:16.778+0600][21.134s][info][gc,stats    ]   Rendezvous                        251 us
[2026-04-03T02:37:16.778+0600][21.134s][info][gc,stats    ]   Purge Unlinked                  13140 us
[2026-04-03T02:37:16.778+0600][21.134s][info][gc,stats    ]     Code Roots                    12192 us
[2026-04-03T02:37:16.778+0600][21.134s][info][gc,stats    ]     CLDG                            945 us
[2026-04-03T02:37:16.778+0600][21.134s][info][gc,stats    ]     Exception Caches                  0 us
[2026-04-03T02:37:16.778+0600][21.134s][info][gc,stats    ] Concurrent Strong Roots            1819 us, parallelism: 0.82x
[2026-04-03T02:37:16.778+0600][21.134s][info][gc,stats    ]   CSR: <total>                     1498 us
[2026-04-03T02:37:16.778+0600][21.134s][info][gc,stats    ]   CSR: VM Strong Roots               59 us, workers (us):  29,  18,  11, ---, ---, ---, 
[2026-04-03T02:37:16.778+0600][21.134s][info][gc,stats    ]   CSR: CLDG Roots                  1439 us, workers (us): ---, 1439, ---, ---, ---, ---, 
[2026-04-03T02:37:16.778+0600][21.134s][info][gc,stats    ] Concurrent Evacuation             22710 us
[2026-04-03T02:37:16.778+0600][21.134s][info][gc,stats    ] Pause Init Update Refs (G)          499 us
[2026-04-03T02:37:16.778+0600][21.134s][info][gc,stats    ] Pause Init Update Refs (N)          134 us
[2026-04-03T02:37:16.778+0600][21.134s][info][gc,stats    ]   Manage GCLABs                      27 us
[2026-04-03T02:37:16.778+0600][21.134s][info][gc,stats    ] Concurrent Update Refs            25845 us
[2026-04-03T02:37:16.778+0600][21.134s][info][gc,stats    ] Concurrent Update Thread Roots     1127 us
[2026-04-03T02:37:16.778+0600][21.134s][info][gc,stats    ] Pause Final Update Refs (G)         527 us
[2026-04-03T02:37:16.778+0600][21.134s][info][gc,stats    ] Pause Final Update Refs (N)         192 us
[2026-04-03T02:37:16.778+0600][21.134s][info][gc,stats    ]   Update Region States               50 us
[2026-04-03T02:37:16.778+0600][21.134s][info][gc,stats    ]   Trash Collection Set               21 us
[2026-04-03T02:37:16.778+0600][21.134s][info][gc,stats    ]   Rebuild Free Set                   39 us
[2026-04-03T02:37:16.778+0600][21.134s][info][gc,stats    ] Concurrent Cleanup                  295 us
[2026-04-03T02:37:16.778+0600][21.134s][info][gc,stats    ] 
[2026-04-03T02:37:16.778+0600][21.134s][info][gc,stats    ] Allocation pacing accrued:
[2026-04-03T02:37:16.778+0600][21.134s][info][gc,stats    ]       0 of  3353 ms (  0.0%): <total>
[2026-04-03T02:37:16.778+0600][21.134s][info][gc,stats    ]       0 of  3353 ms (  0.0%): <average total>
[2026-04-03T02:37:16.778+0600][21.134s][info][gc,stats    ] 
[2026-04-03T02:37:16.778+0600][21.134s][info][gc,metaspace] Metaspace: 121934K(123008K)->121105K(123072K) NonClass: 106167K(106752K)->105506K(106816K) Class: 15767K(16256K)->15598K(16256K)
[2026-04-03T02:37:16.778+0600][21.134s][info][gc,ergo     ] Pacer for Idle. Initial: 30720K, Alloc Tax Rate: 1.0x
[2026-04-03T02:37:16.778+0600][21.134s][info][gc,start    ] Concurrent uncommit
[2026-04-03T02:37:16.894+0600][21.250s][info][gc          ] Concurrent uncommit 106M->117M(119M) 115.857ms
[2026-04-03T02:37:17.675+0600][22.031s][info][gc          ] Trigger: Learning 2 of 5. Free (1049M) is below initial threshold (1050M)
[2026-04-03T02:37:17.675+0600][22.031s][info][gc,ergo     ] Free: 1049M, Max: 512K regular, 583M humongous, Frag: 45% external, 0% internal; Reserve: 76800K, Max: 512K
[2026-04-03T02:37:17.675+0600][22.031s][info][gc,start    ] GC(6) Concurrent reset
[2026-04-03T02:37:17.675+0600][22.031s][info][gc,task     ] GC(6) Using 3 of 6 workers for concurrent reset
[2026-04-03T02:37:17.675+0600][22.031s][info][gc,ergo     ] GC(6) Pacer for Reset. Non-Taxable: 1500M
[2026-04-03T02:37:17.677+0600][22.033s][info][gc          ] GC(6) Concurrent reset 1.909ms
[2026-04-03T02:37:17.682+0600][22.038s][info][gc,start    ] GC(6) Pause Init Mark (unload classes)
[2026-04-03T02:37:17.682+0600][22.038s][info][gc,task     ] GC(6) Using 6 of 6 workers for init marking
[2026-04-03T02:37:17.682+0600][22.038s][info][gc,ergo     ] GC(6) Pacer for Mark. Expected Live: 44889K, Free: 1045M, Non-Taxable: 104M, Alloc Tax Rate: 0.1x
[2026-04-03T02:37:17.682+0600][22.038s][info][gc          ] GC(6) Pause Init Mark (unload classes) 0.127ms
[2026-04-03T02:37:17.682+0600][22.038s][info][gc,start    ] GC(6) Concurrent marking roots
[2026-04-03T02:37:17.682+0600][22.038s][info][gc,task     ] GC(6) Using 3 of 6 workers for concurrent marking roots
[2026-04-03T02:37:17.684+0600][22.040s][info][gc          ] GC(6) Concurrent marking roots 2.205ms
[2026-04-03T02:37:17.684+0600][22.040s][info][gc,start    ] GC(6) Concurrent marking (unload classes)
[2026-04-03T02:37:17.684+0600][22.040s][info][gc,task     ] GC(6) Using 3 of 6 workers for concurrent marking
[2026-04-03T02:37:17.754+0600][22.110s][info][gc          ] GC(6) Concurrent marking (unload classes) 69.804ms
[2026-04-03T02:37:17.756+0600][22.112s][info][gc,start    ] GC(6) Pause Final Mark (unload classes)
[2026-04-03T02:37:17.756+0600][22.113s][info][gc,task     ] GC(6) Using 6 of 6 workers for final marking
[2026-04-03T02:37:17.757+0600][22.113s][info][gc,ergo     ] GC(6) Adaptive CSet Selection. Target Free: 212M, Actual Free: 1174M, Max CSet: 64000K, Min Garbage: 0B
[2026-04-03T02:37:17.757+0600][22.113s][info][gc,ergo     ] GC(6) Collectable Garbage: 254M (97%), Immediate: 165M (63%), CSet: 90873K (34%)
[2026-04-03T02:37:17.757+0600][22.113s][info][gc,ergo     ] GC(6) Pacer for Evacuation. Used CSet: 98816K, Free: 1121M, Non-Taxable: 112M, Alloc Tax Rate: 1.1x
[2026-04-03T02:37:17.757+0600][22.113s][info][gc          ] GC(6) Pause Final Mark (unload classes) 0.603ms
[2026-04-03T02:37:17.757+0600][22.113s][info][gc,start    ] GC(6) Concurrent thread roots
[2026-04-03T02:37:17.757+0600][22.113s][info][gc,task     ] GC(6) Using 3 of 6 workers for Concurrent thread roots
[2026-04-03T02:37:17.758+0600][22.114s][info][gc          ] GC(6) Concurrent thread roots 1.123ms
[2026-04-03T02:37:17.758+0600][22.114s][info][gc,start    ] GC(6) Concurrent weak references
[2026-04-03T02:37:17.758+0600][22.114s][info][gc,task     ] GC(6) Using 3 of 6 workers for concurrent weak references
[2026-04-03T02:37:17.759+0600][22.115s][info][gc,ref      ] GC(6) Encountered references: Soft: 3572, Weak: 13833, Final: 84, Phantom: 631
[2026-04-03T02:37:17.759+0600][22.116s][info][gc,ref      ] GC(6) Discovered  references: Soft: 0, Weak: 6258, Final: 4, Phantom: 241
[2026-04-03T02:37:17.759+0600][22.116s][info][gc,ref      ] GC(6) Enqueued    references: Soft: 0, Weak: 502, Final: 0, Phantom: 0
[2026-04-03T02:37:17.759+0600][22.116s][info][gc          ] GC(6) Concurrent weak references 1.169ms
[2026-04-03T02:37:17.759+0600][22.116s][info][gc,start    ] GC(6) Concurrent weak roots
[2026-04-03T02:37:17.759+0600][22.116s][info][gc,task     ] GC(6) Using 3 of 6 workers for concurrent weak root
[2026-04-03T02:37:17.768+0600][22.124s][info][gc          ] GC(6) Concurrent weak roots 8.474ms
[2026-04-03T02:37:17.768+0600][22.124s][info][gc,start    ] GC(6) Concurrent cleanup
[2026-04-03T02:37:17.769+0600][22.125s][info][gc          ] GC(6) Concurrent cleanup 474M->309M(514M) 0.696ms
[2026-04-03T02:37:17.769+0600][22.125s][info][gc,ergo     ] GC(6) Free: 1098M, Max: 512K regular, 583M humongous, Frag: 47% external, 0% internal; Reserve: 75509K, Max: 512K
[2026-04-03T02:37:17.769+0600][22.125s][info][gc,start    ] GC(6) Concurrent class unloading
[2026-04-03T02:37:17.769+0600][22.125s][info][gc,task     ] GC(6) Using 3 of 6 workers for concurrent class unloading
[2026-04-03T02:37:17.812+0600][22.168s][info][gc          ] GC(6) Concurrent class unloading 43.362ms
[2026-04-03T02:37:17.812+0600][22.168s][info][gc,start    ] GC(6) Concurrent strong roots
[2026-04-03T02:37:17.812+0600][22.168s][info][gc,task     ] GC(6) Using 3 of 6 workers for concurrent strong root
[2026-04-03T02:37:17.815+0600][22.171s][info][gc          ] GC(6) Concurrent strong roots 2.530ms
[2026-04-03T02:37:17.815+0600][22.171s][info][gc,start    ] GC(6) Concurrent evacuation
[2026-04-03T02:37:17.815+0600][22.171s][info][gc,task     ] GC(6) Using 3 of 6 workers for concurrent evacuation
[2026-04-03T02:37:17.821+0600][22.178s][info][gc          ] GC(6) Concurrent evacuation 6.629ms
[2026-04-03T02:37:17.822+0600][22.178s][info][gc,start    ] GC(6) Pause Init Update Refs
[2026-04-03T02:37:17.822+0600][22.178s][info][gc,ergo     ] GC(6) Pacer for Update Refs. Used: 341M, Free: 1073M, Non-Taxable: 107M, Alloc Tax Rate: 1.1x
[2026-04-03T02:37:17.822+0600][22.178s][info][gc          ] GC(6) Pause Init Update Refs 0.166ms
[2026-04-03T02:37:17.822+0600][22.178s][info][gc,start    ] GC(6) Concurrent update references
[2026-04-03T02:37:17.822+0600][22.178s][info][gc,task     ] GC(6) Using 3 of 6 workers for concurrent reference update
[2026-04-03T02:37:17.868+0600][22.225s][info][gc          ] GC(6) Concurrent update references 46.365ms
[2026-04-03T02:37:17.868+0600][22.225s][info][gc,start    ] GC(6) Concurrent update thread roots
[2026-04-03T02:37:17.873+0600][22.229s][info][gc          ] GC(6) Concurrent update thread roots 4.339ms
[2026-04-03T02:37:17.873+0600][22.230s][info][gc,start    ] GC(6) Pause Final Update Refs
[2026-04-03T02:37:17.873+0600][22.230s][info][gc,task     ] GC(6) Using 6 of 6 workers for final reference update
[2026-04-03T02:37:17.874+0600][22.230s][info][gc          ] GC(6) Pause Final Update Refs 0.305ms
[2026-04-03T02:37:17.877+0600][22.233s][info][gc,start    ] GC(6) Concurrent cleanup
[2026-04-03T02:37:17.877+0600][22.234s][info][gc          ] GC(6) Concurrent cleanup 348M->253M(523M) 0.689ms
[2026-04-03T02:37:17.878+0600][22.234s][info][gc,ergo     ] Free: 1151M, Max: 512K regular, 575M humongous, Frag: 50% external, 0% internal; Reserve: 76800K, Max: 512K
[2026-04-03T02:37:17.878+0600][22.234s][info][gc,stats    ] 
[2026-04-03T02:37:17.878+0600][22.234s][info][gc,stats    ] All times are wall-clock times, except per-root-class counters, that are sum over
[2026-04-03T02:37:17.878+0600][22.234s][info][gc,stats    ] all workers. Dividing the <total> over the root stage time estimates parallelism.
[2026-04-03T02:37:17.878+0600][22.234s][info][gc,stats    ] 
[2026-04-03T02:37:17.878+0600][22.234s][info][gc,stats    ] Concurrent Reset                   2003 us
[2026-04-03T02:37:17.878+0600][22.234s][info][gc,stats    ] Pause Init Mark (G)                4768 us
[2026-04-03T02:37:17.878+0600][22.234s][info][gc,stats    ] Pause Init Mark (N)                 150 us
[2026-04-03T02:37:17.878+0600][22.234s][info][gc,stats    ]   Update Region States               36 us
[2026-04-03T02:37:17.878+0600][22.234s][info][gc,stats    ] Concurrent Mark Roots              2241 us, parallelism: 2.38x
[2026-04-03T02:37:17.878+0600][22.234s][info][gc,stats    ]   CMR: <total>                     5341 us
[2026-04-03T02:37:17.878+0600][22.234s][info][gc,stats    ]   CMR: Thread Roots                4854 us, workers (us): 1735, 1353, 1766, ---, ---, ---, 
[2026-04-03T02:37:17.878+0600][22.234s][info][gc,stats    ]   CMR: VM Strong Roots              126 us, workers (us):  47,  40,  39, ---, ---, ---, 
[2026-04-03T02:37:17.878+0600][22.234s][info][gc,stats    ]   CMR: CLDG Roots                   360 us, workers (us): ---, 360, ---, ---, ---, ---, 
[2026-04-03T02:37:17.878+0600][22.234s][info][gc,stats    ] Concurrent Marking                69911 us
[2026-04-03T02:37:17.878+0600][22.234s][info][gc,stats    ] Pause Final Mark (G)               2960 us
[2026-04-03T02:37:17.878+0600][22.234s][info][gc,stats    ] Pause Final Mark (N)                616 us
[2026-04-03T02:37:17.878+0600][22.234s][info][gc,stats    ]   Finish Mark                       207 us
[2026-04-03T02:37:17.878+0600][22.234s][info][gc,stats    ]   Update Region States               47 us
[2026-04-03T02:37:17.878+0600][22.234s][info][gc,stats    ]   Choose Collection Set             149 us
[2026-04-03T02:37:17.878+0600][22.234s][info][gc,stats    ]   Rebuild Free Set                   34 us
[2026-04-03T02:37:17.878+0600][22.234s][info][gc,stats    ] Concurrent Thread Roots            1200 us, parallelism: 2.17x
[2026-04-03T02:37:17.878+0600][22.234s][info][gc,stats    ]   CTR: <total>                     2608 us
[2026-04-03T02:37:17.878+0600][22.234s][info][gc,stats    ]   CTR: Thread Roots                2608 us, workers (us): 873, 861, 874, ---, ---, ---, 
[2026-04-03T02:37:17.878+0600][22.234s][info][gc,stats    ] Concurrent Weak References         1186 us, parallelism: 1.27x
[2026-04-03T02:37:17.878+0600][22.234s][info][gc,stats    ]   CWRF: <total>                    1510 us
[2026-04-03T02:37:17.878+0600][22.234s][info][gc,stats    ]   CWRF: Weak References            1510 us, workers (us): 911, 597,   1, ---, ---, ---, 
[2026-04-03T02:37:17.878+0600][22.234s][info][gc,stats    ] Concurrent Weak Roots              8578 us
[2026-04-03T02:37:17.878+0600][22.234s][info][gc,stats    ]   Roots                            3886 us, parallelism: 2.67x
[2026-04-03T02:37:17.878+0600][22.234s][info][gc,stats    ]     CWR: <total>                  10373 us
[2026-04-03T02:37:17.878+0600][22.234s][info][gc,stats    ]     CWR: Code Cache Roots          6360 us, workers (us): 2117, 1993, 2250, ---, ---, ---, 
[2026-04-03T02:37:17.878+0600][22.234s][info][gc,stats    ]     CWR: VM Weak Roots             3885 us, workers (us): 1312, 1290, 1284, ---, ---, ---, 
[2026-04-03T02:37:17.878+0600][22.234s][info][gc,stats    ]     CWR: CLDG Roots                 128 us, workers (us): ---, 128, ---, ---, ---, ---, 
[2026-04-03T02:37:17.878+0600][22.234s][info][gc,stats    ]   Rendezvous                       4552 us
[2026-04-03T02:37:17.878+0600][22.234s][info][gc,stats    ] Concurrent Cleanup                  754 us
[2026-04-03T02:37:17.878+0600][22.234s][info][gc,stats    ] Concurrent Class Unloading        43454 us
[2026-04-03T02:37:17.878+0600][22.234s][info][gc,stats    ]   Unlink Stale                    39842 us
[2026-04-03T02:37:17.878+0600][22.234s][info][gc,stats    ]     System Dictionary               617 us
[2026-04-03T02:37:17.878+0600][22.234s][info][gc,stats    ]     Weak Class Links              27924 us
[2026-04-03T02:37:17.878+0600][22.234s][info][gc,stats    ]     Code Roots                    11295 us
[2026-04-03T02:37:17.878+0600][22.234s][info][gc,stats    ]   Rendezvous                        385 us
[2026-04-03T02:37:17.878+0600][22.234s][info][gc,stats    ]   Purge Unlinked                   3087 us
[2026-04-03T02:37:17.878+0600][22.234s][info][gc,stats    ]     Code Roots                     2882 us
[2026-04-03T02:37:17.878+0600][22.234s][info][gc,stats    ]     CLDG                            204 us
[2026-04-03T02:37:17.878+0600][22.234s][info][gc,stats    ]     Exception Caches                  1 us
[2026-04-03T02:37:17.878+0600][22.234s][info][gc,stats    ] Concurrent Strong Roots            2590 us, parallelism: 0.86x
[2026-04-03T02:37:17.878+0600][22.234s][info][gc,stats    ]   CSR: <total>                     2223 us
[2026-04-03T02:37:17.878+0600][22.234s][info][gc,stats    ]   CSR: VM Strong Roots              114 us, workers (us):  72,  41,   1, ---, ---, ---, 
[2026-04-03T02:37:17.878+0600][22.235s][info][gc,stats    ]   CSR: CLDG Roots                  2109 us, workers (us): ---, 2109, ---, ---, ---, ---, 
[2026-04-03T02:37:17.878+0600][22.235s][info][gc,stats    ] Concurrent Evacuation              6719 us
[2026-04-03T02:37:17.878+0600][22.235s][info][gc,stats    ] Pause Init Update Refs (G)          397 us
[2026-04-03T02:37:17.878+0600][22.235s][info][gc,stats    ] Pause Init Update Refs (N)          186 us
[2026-04-03T02:37:17.878+0600][22.235s][info][gc,stats    ]   Manage GCLABs                      36 us
[2026-04-03T02:37:17.878+0600][22.235s][info][gc,stats    ] Concurrent Update Refs            46508 us
[2026-04-03T02:37:17.878+0600][22.235s][info][gc,stats    ] Concurrent Update Thread Roots     4472 us
[2026-04-03T02:37:17.878+0600][22.235s][info][gc,stats    ] Pause Final Update Refs (G)        3797 us
[2026-04-03T02:37:17.878+0600][22.235s][info][gc,stats    ] Pause Final Update Refs (N)         325 us
[2026-04-03T02:37:17.878+0600][22.235s][info][gc,stats    ]   Update Region States               66 us
[2026-04-03T02:37:17.878+0600][22.235s][info][gc,stats    ]   Trash Collection Set               13 us
[2026-04-03T02:37:17.878+0600][22.235s][info][gc,stats    ]   Rebuild Free Set                   44 us
[2026-04-03T02:37:17.878+0600][22.235s][info][gc,stats    ] Concurrent Cleanup                  745 us
[2026-04-03T02:37:17.878+0600][22.235s][info][gc,stats    ] 
[2026-04-03T02:37:17.878+0600][22.235s][info][gc,stats    ] Allocation pacing accrued:
[2026-04-03T02:37:17.878+0600][22.235s][info][gc,stats    ]       0 of  1100 ms (  0.0%): <total>
[2026-04-03T02:37:17.878+0600][22.235s][info][gc,stats    ]       0 of  1100 ms (  0.0%): <average total>
[2026-04-03T02:37:17.878+0600][22.235s][info][gc,stats    ] 
[2026-04-03T02:37:17.879+0600][22.235s][info][gc,metaspace] Metaspace: 123096K(124096K)->123022K(124096K) NonClass: 107182K(107712K)->107131K(107712K) Class: 15914K(16384K)->15891K(16384K)
[2026-04-03T02:37:17.879+0600][22.235s][info][gc,ergo     ] Pacer for Idle. Initial: 30720K, Alloc Tax Rate: 1.0x
[2026-04-03T02:37:18.318+0600][22.674s][info][gc          ] Trigger: Learning 3 of 5. Free (1049M) is below initial threshold (1050M)
[2026-04-03T02:37:18.318+0600][22.674s][info][gc,ergo     ] Free: 1049M, Max: 512K regular, 575M humongous, Frag: 46% external, 0% internal; Reserve: 76800K, Max: 512K
[2026-04-03T02:37:18.318+0600][22.674s][info][gc,start    ] GC(7) Concurrent reset
[2026-04-03T02:37:18.318+0600][22.674s][info][gc,task     ] GC(7) Using 3 of 6 workers for concurrent reset
[2026-04-03T02:37:18.318+0600][22.674s][info][gc,ergo     ] GC(7) Pacer for Reset. Non-Taxable: 1500M
[2026-04-03T02:37:18.321+0600][22.677s][info][gc          ] GC(7) Concurrent reset 2.818ms
[2026-04-03T02:37:18.322+0600][22.678s][info][gc,start    ] GC(7) Pause Init Mark (unload classes)
[2026-04-03T02:37:18.322+0600][22.678s][info][gc,task     ] GC(7) Using 6 of 6 workers for init marking
[2026-04-03T02:37:18.322+0600][22.678s][info][gc,ergo     ] GC(7) Pacer for Mark. Expected Live: 59618K, Free: 1030M, Non-Taxable: 103M, Alloc Tax Rate: 0.1x
[2026-04-03T02:37:18.322+0600][22.678s][info][gc          ] GC(7) Pause Init Mark (unload classes) 0.178ms
[2026-04-03T02:37:18.322+0600][22.678s][info][gc,start    ] GC(7) Concurrent marking roots
[2026-04-03T02:37:18.322+0600][22.678s][info][gc,task     ] GC(7) Using 3 of 6 workers for concurrent marking roots
[2026-04-03T02:37:18.323+0600][22.680s][info][gc          ] GC(7) Concurrent marking roots 1.479ms
[2026-04-03T02:37:18.323+0600][22.680s][info][gc,start    ] GC(7) Concurrent marking (unload classes)
[2026-04-03T02:37:18.323+0600][22.680s][info][gc,task     ] GC(7) Using 3 of 6 workers for concurrent marking
[2026-04-03T02:37:18.391+0600][22.747s][info][gc          ] GC(7) Concurrent marking (unload classes) 67.742ms
[2026-04-03T02:37:18.396+0600][22.752s][info][gc,start    ] GC(7) Pause Final Mark (unload classes)
[2026-04-03T02:37:18.396+0600][22.752s][info][gc,task     ] GC(7) Using 6 of 6 workers for final marking
[2026-04-03T02:37:18.396+0600][22.752s][info][gc,ergo     ] GC(7) Adaptive CSet Selection. Target Free: 212M, Actual Free: 1117M, Max CSet: 64000K, Min Garbage: 0B
[2026-04-03T02:37:18.396+0600][22.752s][info][gc,ergo     ] GC(7) Collectable Garbage: 261M (97%), Immediate: 216M (80%), CSet: 46389K (16%)
[2026-04-03T02:37:18.396+0600][22.753s][info][gc,ergo     ] GC(7) Pacer for Evacuation. Used CSet: 51200K, Free: 1071M, Non-Taxable: 107M, Alloc Tax Rate: 1.1x
[2026-04-03T02:37:18.396+0600][22.753s][info][gc          ] GC(7) Pause Final Mark (unload classes) 0.674ms
[2026-04-03T02:37:18.396+0600][22.753s][info][gc,start    ] GC(7) Concurrent thread roots
[2026-04-03T02:37:18.397+0600][22.753s][info][gc,task     ] GC(7) Using 3 of 6 workers for Concurrent thread roots
[2026-04-03T02:37:18.398+0600][22.754s][info][gc          ] GC(7) Concurrent thread roots 1.220ms
[2026-04-03T02:37:18.398+0600][22.754s][info][gc,start    ] GC(7) Concurrent weak references
[2026-04-03T02:37:18.398+0600][22.754s][info][gc,task     ] GC(7) Using 3 of 6 workers for concurrent weak references
[2026-04-03T02:37:18.399+0600][22.755s][info][gc,ref      ] GC(7) Encountered references: Soft: 3587, Weak: 13591, Final: 84, Phantom: 622
[2026-04-03T02:37:18.399+0600][22.755s][info][gc,ref      ] GC(7) Discovered  references: Soft: 0, Weak: 7358, Final: 48, Phantom: 232
[2026-04-03T02:37:18.399+0600][22.755s][info][gc,ref      ] GC(7) Enqueued    references: Soft: 0, Weak: 271, Final: 0, Phantom: 0
[2026-04-03T02:37:18.399+0600][22.755s][info][gc          ] GC(7) Concurrent weak references 1.065ms
[2026-04-03T02:37:18.399+0600][22.755s][info][gc,start    ] GC(7) Concurrent weak roots
[2026-04-03T02:37:18.399+0600][22.755s][info][gc,task     ] GC(7) Using 3 of 6 workers for concurrent weak root
[2026-04-03T02:37:18.406+0600][22.762s][info][gc          ] GC(7) Concurrent weak roots 7.073ms
[2026-04-03T02:37:18.406+0600][22.762s][info][gc,start    ] GC(7) Concurrent cleanup
[2026-04-03T02:37:18.407+0600][22.763s][info][gc          ] GC(7) Concurrent cleanup 566M->350M(627M) 0.631ms
[2026-04-03T02:37:18.407+0600][22.763s][info][gc,ergo     ] GC(7) Free: 1047M, Max: 512K regular, 575M humongous, Frag: 46% external, 0% internal; Reserve: 75440K, Max: 512K
[2026-04-03T02:37:18.407+0600][22.763s][info][gc,start    ] GC(7) Concurrent class unloading
[2026-04-03T02:37:18.407+0600][22.763s][info][gc,task     ] GC(7) Using 3 of 6 workers for concurrent class unloading
[2026-04-03T02:37:18.423+0600][22.779s][info][gc          ] GC(7) Concurrent class unloading 15.885ms
[2026-04-03T02:37:18.423+0600][22.779s][info][gc,start    ] GC(7) Concurrent strong roots
[2026-04-03T02:37:18.423+0600][22.779s][info][gc,task     ] GC(7) Using 3 of 6 workers for concurrent strong root
[2026-04-03T02:37:18.425+0600][22.781s][info][gc          ] GC(7) Concurrent strong roots 1.703ms
[2026-04-03T02:37:18.425+0600][22.781s][info][gc,start    ] GC(7) Concurrent evacuation
[2026-04-03T02:37:18.425+0600][22.781s][info][gc,task     ] GC(7) Using 3 of 6 workers for concurrent evacuation
[2026-04-03T02:37:18.429+0600][22.785s][info][gc          ] GC(7) Concurrent evacuation 3.832ms
[2026-04-03T02:37:18.429+0600][22.785s][info][gc,start    ] GC(7) Pause Init Update Refs
[2026-04-03T02:37:18.429+0600][22.785s][info][gc,ergo     ] GC(7) Pacer for Update Refs. Used: 371M, Free: 1028M, Non-Taxable: 102M, Alloc Tax Rate: 1.1x
[2026-04-03T02:37:18.429+0600][22.785s][info][gc          ] GC(7) Pause Init Update Refs 0.161ms
[2026-04-03T02:37:18.429+0600][22.785s][info][gc,start    ] GC(7) Concurrent update references
[2026-04-03T02:37:18.429+0600][22.785s][info][gc,task     ] GC(7) Using 3 of 6 workers for concurrent reference update
[2026-04-03T02:37:18.467+0600][22.823s][info][gc          ] GC(7) Concurrent update references 37.690ms
[2026-04-03T02:37:18.467+0600][22.823s][info][gc,start    ] GC(7) Concurrent update thread roots
[2026-04-03T02:37:18.470+0600][22.826s][info][gc          ] GC(7) Concurrent update thread roots 3.047ms
[2026-04-03T02:37:18.471+0600][22.827s][info][gc,start    ] GC(7) Pause Final Update Refs
[2026-04-03T02:37:18.471+0600][22.827s][info][gc,task     ] GC(7) Using 6 of 6 workers for final reference update
[2026-04-03T02:37:18.471+0600][22.827s][info][gc          ] GC(7) Pause Final Update Refs 0.210ms
[2026-04-03T02:37:18.471+0600][22.827s][info][gc,start    ] GC(7) Concurrent cleanup
[2026-04-03T02:37:18.472+0600][22.828s][info][gc          ] GC(7) Concurrent cleanup 379M->329M(630M) 0.652ms
[2026-04-03T02:37:18.472+0600][22.828s][info][gc,ergo     ] Free: 1064M, Max: 512K regular, 577M humongous, Frag: 46% external, 0% internal; Reserve: 76800K, Max: 512K
[2026-04-03T02:37:18.472+0600][22.828s][info][gc,stats    ] 
[2026-04-03T02:37:18.472+0600][22.828s][info][gc,stats    ] All times are wall-clock times, except per-root-class counters, that are sum over
[2026-04-03T02:37:18.472+0600][22.828s][info][gc,stats    ] all workers. Dividing the <total> over the root stage time estimates parallelism.
[2026-04-03T02:37:18.472+0600][22.828s][info][gc,stats    ] 
[2026-04-03T02:37:18.472+0600][22.828s][info][gc,stats    ] Concurrent Reset                   2921 us
[2026-04-03T02:37:18.472+0600][22.828s][info][gc,stats    ] Pause Init Mark (G)                 854 us
[2026-04-03T02:37:18.472+0600][22.828s][info][gc,stats    ] Pause Init Mark (N)                 190 us
[2026-04-03T02:37:18.472+0600][22.828s][info][gc,stats    ]   Update Region States               44 us
[2026-04-03T02:37:18.472+0600][22.828s][info][gc,stats    ] Concurrent Mark Roots              1540 us, parallelism: 1.98x
[2026-04-03T02:37:18.472+0600][22.828s][info][gc,stats    ]   CMR: <total>                     3053 us
[2026-04-03T02:37:18.472+0600][22.828s][info][gc,stats    ]   CMR: Thread Roots                2516 us, workers (us): 971, 587, 957, ---, ---, ---, 
[2026-04-03T02:37:18.472+0600][22.828s][info][gc,stats    ]   CMR: VM Strong Roots              133 us, workers (us):  82,  50,   1, ---, ---, ---, 
[2026-04-03T02:37:18.472+0600][22.828s][info][gc,stats    ]   CMR: CLDG Roots                   404 us, workers (us): ---, 404, ---, ---, ---, ---, 
[2026-04-03T02:37:18.472+0600][22.828s][info][gc,stats    ] Concurrent Marking                67851 us
[2026-04-03T02:37:18.472+0600][22.828s][info][gc,stats    ] Pause Final Mark (G)               5214 us
[2026-04-03T02:37:18.472+0600][22.828s][info][gc,stats    ] Pause Final Mark (N)                685 us
[2026-04-03T02:37:18.472+0600][22.828s][info][gc,stats    ]   Finish Mark                       302 us
[2026-04-03T02:37:18.472+0600][22.828s][info][gc,stats    ]   Update Region States               45 us
[2026-04-03T02:37:18.472+0600][22.828s][info][gc,stats    ]   Choose Collection Set             156 us
[2026-04-03T02:37:18.472+0600][22.828s][info][gc,stats    ]   Rebuild Free Set                   36 us
[2026-04-03T02:37:18.472+0600][22.828s][info][gc,stats    ] Concurrent Thread Roots            1287 us, parallelism: 2.44x
[2026-04-03T02:37:18.472+0600][22.828s][info][gc,stats    ]   CTR: <total>                     3139 us
[2026-04-03T02:37:18.472+0600][22.828s][info][gc,stats    ]   CTR: Thread Roots                3139 us, workers (us): 1044, 1041, 1053, ---, ---, ---, 
[2026-04-03T02:37:18.472+0600][22.828s][info][gc,stats    ] Concurrent Weak References         1081 us, parallelism: 1.05x
[2026-04-03T02:37:18.472+0600][22.828s][info][gc,stats    ]   CWRF: <total>                    1134 us
[2026-04-03T02:37:18.472+0600][22.829s][info][gc,stats    ]   CWRF: Weak References            1134 us, workers (us): 364, 770,   0, ---, ---, ---, 
[2026-04-03T02:37:18.472+0600][22.829s][info][gc,stats    ] Concurrent Weak Roots              7173 us
[2026-04-03T02:37:18.472+0600][22.829s][info][gc,stats    ]   Roots                            4785 us, parallelism: 2.43x
[2026-04-03T02:37:18.472+0600][22.829s][info][gc,stats    ]     CWR: <total>                  11648 us
[2026-04-03T02:37:18.472+0600][22.829s][info][gc,stats    ]     CWR: Code Cache Roots          7246 us, workers (us): 2630, 2401, 2216, ---, ---, ---, 
[2026-04-03T02:37:18.472+0600][22.829s][info][gc,stats    ]     CWR: VM Weak Roots             4252 us, workers (us): 1435, 1435, 1383, ---, ---, ---, 
[2026-04-03T02:37:18.472+0600][22.829s][info][gc,stats    ]     CWR: CLDG Roots                 149 us, workers (us): ---, ---, 149, ---, ---, ---, 
[2026-04-03T02:37:18.472+0600][22.829s][info][gc,stats    ]   Rendezvous                       2253 us
[2026-04-03T02:37:18.472+0600][22.829s][info][gc,stats    ] Concurrent Cleanup                  732 us
[2026-04-03T02:37:18.472+0600][22.829s][info][gc,stats    ] Concurrent Class Unloading        15985 us
[2026-04-03T02:37:18.472+0600][22.829s][info][gc,stats    ]   Unlink Stale                    11051 us
[2026-04-03T02:37:18.472+0600][22.829s][info][gc,stats    ]     System Dictionary               273 us
[2026-04-03T02:37:18.472+0600][22.829s][info][gc,stats    ]     Weak Class Links                  1 us
[2026-04-03T02:37:18.472+0600][22.829s][info][gc,stats    ]     Code Roots                    10772 us
[2026-04-03T02:37:18.472+0600][22.829s][info][gc,stats    ]   Rendezvous                        424 us
[2026-04-03T02:37:18.472+0600][22.829s][info][gc,stats    ]   Purge Unlinked                   4360 us
[2026-04-03T02:37:18.473+0600][22.829s][info][gc,stats    ]     Code Roots                     4340 us
[2026-04-03T02:37:18.473+0600][22.829s][info][gc,stats    ]     CLDG                             19 us
[2026-04-03T02:37:18.473+0600][22.829s][info][gc,stats    ]     Exception Caches                  0 us
[2026-04-03T02:37:18.473+0600][22.829s][info][gc,stats    ] Concurrent Strong Roots            1882 us, parallelism: 0.71x
[2026-04-03T02:37:18.473+0600][22.829s][info][gc,stats    ]   CSR: <total>                     1339 us
[2026-04-03T02:37:18.473+0600][22.829s][info][gc,stats    ]   CSR: VM Strong Roots               76 us, workers (us):  46,  30,   0, ---, ---, ---, 
[2026-04-03T02:37:18.473+0600][22.829s][info][gc,stats    ]   CSR: CLDG Roots                  1262 us, workers (us): 1262, ---, ---, ---, ---, ---, 
[2026-04-03T02:37:18.473+0600][22.829s][info][gc,stats    ] Concurrent Evacuation              3946 us
[2026-04-03T02:37:18.473+0600][22.829s][info][gc,stats    ] Pause Init Update Refs (G)          484 us
[2026-04-03T02:37:18.473+0600][22.829s][info][gc,stats    ] Pause Init Update Refs (N)          176 us
[2026-04-03T02:37:18.473+0600][22.829s][info][gc,stats    ]   Manage GCLABs                      40 us
[2026-04-03T02:37:18.473+0600][22.829s][info][gc,stats    ] Concurrent Update Refs            37837 us
[2026-04-03T02:37:18.473+0600][22.829s][info][gc,stats    ] Concurrent Update Thread Roots     3146 us
[2026-04-03T02:37:18.473+0600][22.829s][info][gc,stats    ] Pause Final Update Refs (G)         872 us
[2026-04-03T02:37:18.473+0600][22.829s][info][gc,stats    ] Pause Final Update Refs (N)         224 us
[2026-04-03T02:37:18.473+0600][22.829s][info][gc,stats    ]   Update Region States               71 us
[2026-04-03T02:37:18.473+0600][22.829s][info][gc,stats    ]   Trash Collection Set               11 us
[2026-04-03T02:37:18.473+0600][22.829s][info][gc,stats    ]   Rebuild Free Set                   42 us
[2026-04-03T02:37:18.473+0600][22.829s][info][gc,stats    ] Concurrent Cleanup                  709 us
[2026-04-03T02:37:18.473+0600][22.829s][info][gc,stats    ] Pacing                            42587 us
[2026-04-03T02:37:18.473+0600][22.829s][info][gc,stats    ] 
[2026-04-03T02:37:18.473+0600][22.829s][info][gc,stats    ] Allocation pacing accrued:
[2026-04-03T02:37:18.473+0600][22.829s][info][gc,stats    ]      10 of   594 ms (  1.7%): Executor task launch worker for task 3.0 in stage 39.0 (TID 72)
[2026-04-03T02:37:18.473+0600][22.829s][info][gc,stats    ]      11 of   594 ms (  1.9%): Executor task launch worker for task 2.0 in stage 39.0 (TID 71)
[2026-04-03T02:37:18.473+0600][22.829s][info][gc,stats    ]      10 of   594 ms (  1.7%): Executor task launch worker for task 1.0 in stage 39.0 (TID 70)
[2026-04-03T02:37:18.473+0600][22.829s][info][gc,stats    ]      11 of   594 ms (  1.9%): Executor task launch worker for task 0.0 in stage 39.0 (TID 69)
[2026-04-03T02:37:18.473+0600][22.829s][info][gc,stats    ]      43 of   594 ms (  7.2%): <total>
[2026-04-03T02:37:18.473+0600][22.829s][info][gc,stats    ]       0 of   594 ms (  0.0%): <average total>
[2026-04-03T02:37:18.473+0600][22.829s][info][gc,stats    ]      11 of   594 ms (  1.8%): <average non-zero>
[2026-04-03T02:37:18.473+0600][22.829s][info][gc,stats    ] 
[2026-04-03T02:37:18.473+0600][22.829s][info][gc,metaspace] Metaspace: 123158K(124224K)->123200K(124224K) NonClass: 107246K(107840K)->107288K(107840K) Class: 15912K(16384K)->15912K(16384K)
[2026-04-03T02:37:18.473+0600][22.829s][info][gc,ergo     ] Pacer for Idle. Initial: 30720K, Alloc Tax Rate: 1.0x
[2026-04-03T02:37:18.569+0600][22.925s][info][gc          ] Trigger: Learning 4 of 5. Free (1049M) is below initial threshold (1050M)
[2026-04-03T02:37:18.569+0600][22.925s][info][gc,ergo     ] Free: 1049M, Max: 512K regular, 577M humongous, Frag: 46% external, 0% internal; Reserve: 76800K, Max: 512K
[2026-04-03T02:37:18.569+0600][22.925s][info][gc,start    ] GC(8) Concurrent reset
[2026-04-03T02:37:18.569+0600][22.925s][info][gc,task     ] GC(8) Using 3 of 6 workers for concurrent reset
[2026-04-03T02:37:18.569+0600][22.925s][info][gc,ergo     ] GC(8) Pacer for Reset. Non-Taxable: 1500M
[2026-04-03T02:37:18.572+0600][22.928s][info][gc          ] GC(8) Concurrent reset 3.092ms
[2026-04-03T02:37:18.572+0600][22.929s][info][gc,start    ] GC(8) Pause Init Mark (unload classes)
[2026-04-03T02:37:18.572+0600][22.929s][info][gc,task     ] GC(8) Using 6 of 6 workers for init marking
[2026-04-03T02:37:18.573+0600][22.929s][info][gc,ergo     ] GC(8) Pacer for Mark. Expected Live: 72611K, Free: 1049M, Non-Taxable: 104M, Alloc Tax Rate: 0.1x
[2026-04-03T02:37:18.573+0600][22.929s][info][gc          ] GC(8) Pause Init Mark (unload classes) 0.085ms
[2026-04-03T02:37:18.573+0600][22.929s][info][gc,start    ] GC(8) Concurrent marking roots
[2026-04-03T02:37:18.573+0600][22.929s][info][gc,task     ] GC(8) Using 3 of 6 workers for concurrent marking roots
[2026-04-03T02:37:18.575+0600][22.931s][info][gc          ] GC(8) Concurrent marking roots 2.165ms
[2026-04-03T02:37:18.575+0600][22.931s][info][gc,start    ] GC(8) Concurrent marking (unload classes)
[2026-04-03T02:37:18.575+0600][22.931s][info][gc,task     ] GC(8) Using 3 of 6 workers for concurrent marking
[2026-04-03T02:37:18.664+0600][23.020s][info][gc          ] GC(8) Concurrent marking (unload classes) 89.125ms
[2026-04-03T02:37:18.664+0600][23.020s][info][gc,start    ] GC(8) Pause Final Mark (unload classes)
[2026-04-03T02:37:18.664+0600][23.020s][info][gc,task     ] GC(8) Using 6 of 6 workers for final marking
[2026-04-03T02:37:18.665+0600][23.021s][info][gc,ergo     ] GC(8) Adaptive CSet Selection. Target Free: 212M, Actual Free: 1338M, Max CSet: 64000K, Min Garbage: 0B
[2026-04-03T02:37:18.665+0600][23.021s][info][gc,ergo     ] GC(8) Collectable Garbage: 259M (97%), Immediate: 237M (89%), CSet: 23353K (8%)
[2026-04-03T02:37:18.665+0600][23.021s][info][gc,ergo     ] GC(8) Pacer for Evacuation. Used CSet: 28160K, Free: 1293M, Non-Taxable: 129M, Alloc Tax Rate: 1.1x
[2026-04-03T02:37:18.665+0600][23.021s][info][gc          ] GC(8) Pause Final Mark (unload classes) 0.478ms
[2026-04-03T02:37:18.665+0600][23.021s][info][gc,start    ] GC(8) Concurrent thread roots
[2026-04-03T02:37:18.665+0600][23.021s][info][gc,task     ] GC(8) Using 3 of 6 workers for Concurrent thread roots
[2026-04-03T02:37:18.668+0600][23.024s][info][gc          ] GC(8) Concurrent thread roots 3.128ms
[2026-04-03T02:37:18.668+0600][23.024s][info][gc,start    ] GC(8) Concurrent weak references
[2026-04-03T02:37:18.668+0600][23.024s][info][gc,task     ] GC(8) Using 3 of 6 workers for concurrent weak references
[2026-04-03T02:37:18.669+0600][23.025s][info][gc,ref      ] GC(8) Encountered references: Soft: 3590, Weak: 13429, Final: 84, Phantom: 612
[2026-04-03T02:37:18.669+0600][23.025s][info][gc,ref      ] GC(8) Discovered  references: Soft: 0, Weak: 7498, Final: 48, Phantom: 222
[2026-04-03T02:37:18.669+0600][23.025s][info][gc,ref      ] GC(8) Enqueued    references: Soft: 0, Weak: 24, Final: 0, Phantom: 0
[2026-04-03T02:37:18.669+0600][23.025s][info][gc          ] GC(8) Concurrent weak references 1.245ms
[2026-04-03T02:37:18.669+0600][23.025s][info][gc,start    ] GC(8) Concurrent weak roots
[2026-04-03T02:37:18.669+0600][23.025s][info][gc,task     ] GC(8) Using 3 of 6 workers for concurrent weak root
[2026-04-03T02:37:18.674+0600][23.030s][info][gc          ] GC(8) Concurrent weak roots 4.331ms
[2026-04-03T02:37:18.674+0600][23.030s][info][gc,start    ] GC(8) Concurrent cleanup
[2026-04-03T02:37:18.674+0600][23.030s][info][gc          ] GC(8) Concurrent cleanup 368M->131M(630M) 0.304ms
[2026-04-03T02:37:18.674+0600][23.030s][info][gc,ergo     ] GC(8) Free: 1290M, Max: 512K regular, 577M humongous, Frag: 56% external, 0% internal; Reserve: 76475K, Max: 512K
[2026-04-03T02:37:18.674+0600][23.030s][info][gc,start    ] GC(8) Concurrent class unloading
[2026-04-03T02:37:18.674+0600][23.030s][info][gc,task     ] GC(8) Using 3 of 6 workers for concurrent class unloading
[2026-04-03T02:37:18.689+0600][23.045s][info][gc          ] GC(8) Concurrent class unloading 14.459ms
[2026-04-03T02:37:18.689+0600][23.045s][info][gc,start    ] GC(8) Concurrent strong roots
[2026-04-03T02:37:18.689+0600][23.045s][info][gc,task     ] GC(8) Using 3 of 6 workers for concurrent strong root
[2026-04-03T02:37:18.690+0600][23.046s][info][gc          ] GC(8) Concurrent strong roots 1.521ms
[2026-04-03T02:37:18.690+0600][23.047s][info][gc,start    ] GC(8) Concurrent evacuation
[2026-04-03T02:37:18.690+0600][23.047s][info][gc,task     ] GC(8) Using 3 of 6 workers for concurrent evacuation
[2026-04-03T02:37:18.693+0600][23.049s][info][gc          ] GC(8) Concurrent evacuation 2.809ms
[2026-04-03T02:37:18.693+0600][23.050s][info][gc,start    ] GC(8) Pause Init Update Refs
[2026-04-03T02:37:18.694+0600][23.050s][info][gc,ergo     ] GC(8) Pacer for Update Refs. Used: 144M, Free: 1282M, Non-Taxable: 128M, Alloc Tax Rate: 1.1x
[2026-04-03T02:37:18.694+0600][23.050s][info][gc          ] GC(8) Pause Init Update Refs 0.203ms
[2026-04-03T02:37:18.694+0600][23.050s][info][gc,start    ] GC(8) Concurrent update references
[2026-04-03T02:37:18.694+0600][23.050s][info][gc,task     ] GC(8) Using 3 of 6 workers for concurrent reference update
[2026-04-03T02:37:18.736+0600][23.093s][info][gc          ] GC(8) Concurrent update references 42.363ms
[2026-04-03T02:37:18.736+0600][23.093s][info][gc,start    ] GC(8) Concurrent update thread roots
[2026-04-03T02:37:18.738+0600][23.094s][info][gc          ] GC(8) Concurrent update thread roots 1.273ms
[2026-04-03T02:37:18.738+0600][23.094s][info][gc,start    ] GC(8) Pause Final Update Refs
[2026-04-03T02:37:18.738+0600][23.094s][info][gc,task     ] GC(8) Using 6 of 6 workers for final reference update
[2026-04-03T02:37:18.738+0600][23.094s][info][gc          ] GC(8) Pause Final Update Refs 0.176ms
[2026-04-03T02:37:18.738+0600][23.094s][info][gc,start    ] GC(8) Concurrent cleanup
[2026-04-03T02:37:18.738+0600][23.095s][info][gc          ] GC(8) Concurrent cleanup 154M->126M(630M) 0.226ms
[2026-04-03T02:37:18.739+0600][23.095s][info][gc,ergo     ] Free: 1292M, Max: 512K regular, 577M humongous, Frag: 56% external, 0% internal; Reserve: 76800K, Max: 512K
[2026-04-03T02:37:18.739+0600][23.095s][info][gc,stats    ] 
[2026-04-03T02:37:18.739+0600][23.095s][info][gc,stats    ] All times are wall-clock times, except per-root-class counters, that are sum over
[2026-04-03T02:37:18.739+0600][23.095s][info][gc,stats    ] all workers. Dividing the <total> over the root stage time estimates parallelism.
[2026-04-03T02:37:18.739+0600][23.095s][info][gc,stats    ] 
[2026-04-03T02:37:18.739+0600][23.095s][info][gc,stats    ] Concurrent Reset                   3143 us
[2026-04-03T02:37:18.739+0600][23.095s][info][gc,stats    ] Pause Init Mark (G)                 307 us
[2026-04-03T02:37:18.739+0600][23.095s][info][gc,stats    ] Pause Init Mark (N)                  99 us
[2026-04-03T02:37:18.739+0600][23.095s][info][gc,stats    ]   Update Region States               27 us
[2026-04-03T02:37:18.739+0600][23.095s][info][gc,stats    ] Concurrent Mark Roots              2263 us, parallelism: 1.55x
[2026-04-03T02:37:18.739+0600][23.095s][info][gc,stats    ]   CMR: <total>                     3512 us
[2026-04-03T02:37:18.739+0600][23.095s][info][gc,stats    ]   CMR: Thread Roots                3069 us, workers (us): 1701, 1369,   0, ---, ---, ---, 
[2026-04-03T02:37:18.739+0600][23.095s][info][gc,stats    ]   CMR: VM Strong Roots               45 us, workers (us):  33,  11,   0, ---, ---, ---, 
[2026-04-03T02:37:18.739+0600][23.095s][info][gc,stats    ]   CMR: CLDG Roots                   398 us, workers (us): ---, 398, ---, ---, ---, ---, 
[2026-04-03T02:37:18.739+0600][23.095s][info][gc,stats    ] Concurrent Marking                89222 us
[2026-04-03T02:37:18.739+0600][23.095s][info][gc,stats    ] Pause Final Mark (G)                703 us
[2026-04-03T02:37:18.739+0600][23.095s][info][gc,stats    ] Pause Final Mark (N)                488 us
[2026-04-03T02:37:18.739+0600][23.095s][info][gc,stats    ]   Finish Mark                       187 us
[2026-04-03T02:37:18.739+0600][23.095s][info][gc,stats    ]   Update Region States               47 us
[2026-04-03T02:37:18.739+0600][23.095s][info][gc,stats    ]   Choose Collection Set             122 us
[2026-04-03T02:37:18.739+0600][23.095s][info][gc,stats    ]   Rebuild Free Set                   49 us
[2026-04-03T02:37:18.739+0600][23.095s][info][gc,stats    ] Concurrent Thread Roots            3200 us, parallelism: 2.26x
[2026-04-03T02:37:18.739+0600][23.095s][info][gc,stats    ]   CTR: <total>                     7223 us
[2026-04-03T02:37:18.739+0600][23.095s][info][gc,stats    ]   CTR: Thread Roots                7223 us, workers (us): 2849, 2690, 1684, ---, ---, ---, 
[2026-04-03T02:37:18.739+0600][23.095s][info][gc,stats    ] Concurrent Weak References         1259 us, parallelism: 0.92x
[2026-04-03T02:37:18.739+0600][23.095s][info][gc,stats    ]   CWRF: <total>                    1157 us
[2026-04-03T02:37:18.739+0600][23.095s][info][gc,stats    ]   CWRF: Weak References            1157 us, workers (us): 1074,  81,   2, ---, ---, ---, 
[2026-04-03T02:37:18.739+0600][23.095s][info][gc,stats    ] Concurrent Weak Roots              4454 us
[2026-04-03T02:37:18.739+0600][23.095s][info][gc,stats    ]   Roots                            4013 us, parallelism: 2.70x
[2026-04-03T02:37:18.739+0600][23.095s][info][gc,stats    ]     CWR: <total>                  10830 us
[2026-04-03T02:37:18.739+0600][23.095s][info][gc,stats    ]     CWR: Code Cache Roots          7682 us, workers (us): 2258, 2648, 2776, ---, ---, ---, 
[2026-04-03T02:37:18.739+0600][23.095s][info][gc,stats    ]     CWR: VM Weak Roots             3073 us, workers (us): 1382, 870, 820, ---, ---, ---, 
[2026-04-03T02:37:18.739+0600][23.095s][info][gc,stats    ]     CWR: CLDG Roots                  74 us, workers (us): ---,  74, ---, ---, ---, ---, 
[2026-04-03T02:37:18.739+0600][23.095s][info][gc,stats    ]   Rendezvous                        287 us
[2026-04-03T02:37:18.739+0600][23.095s][info][gc,stats    ] Concurrent Cleanup                  325 us
[2026-04-03T02:37:18.739+0600][23.095s][info][gc,stats    ] Concurrent Class Unloading        14573 us
[2026-04-03T02:37:18.739+0600][23.095s][info][gc,stats    ]   Unlink Stale                    13212 us
[2026-04-03T02:37:18.739+0600][23.095s][info][gc,stats    ]     System Dictionary               483 us
[2026-04-03T02:37:18.739+0600][23.095s][info][gc,stats    ]     Weak Class Links                  1 us
[2026-04-03T02:37:18.739+0600][23.095s][info][gc,stats    ]     Code Roots                    12723 us
[2026-04-03T02:37:18.739+0600][23.095s][info][gc,stats    ]   Rendezvous                        282 us
[2026-04-03T02:37:18.739+0600][23.095s][info][gc,stats    ]   Purge Unlinked                    924 us
[2026-04-03T02:37:18.739+0600][23.095s][info][gc,stats    ]     Code Roots                      906 us
[2026-04-03T02:37:18.739+0600][23.095s][info][gc,stats    ]     CLDG                             17 us
[2026-04-03T02:37:18.739+0600][23.095s][info][gc,stats    ]     Exception Caches                  1 us
[2026-04-03T02:37:18.739+0600][23.095s][info][gc,stats    ] Concurrent Strong Roots            1627 us, parallelism: 0.66x
[2026-04-03T02:37:18.739+0600][23.095s][info][gc,stats    ]   CSR: <total>                     1066 us
[2026-04-03T02:37:18.739+0600][23.095s][info][gc,stats    ]   CSR: VM Strong Roots               55 us, workers (us):  54,   1,   1, ---, ---, ---, 
[2026-04-03T02:37:18.739+0600][23.095s][info][gc,stats    ]   CSR: CLDG Roots                  1010 us, workers (us): 1010, ---, ---, ---, ---, ---, 
[2026-04-03T02:37:18.739+0600][23.095s][info][gc,stats    ] Concurrent Evacuation              2907 us
[2026-04-03T02:37:18.739+0600][23.095s][info][gc,stats    ] Pause Init Update Refs (G)          764 us
[2026-04-03T02:37:18.739+0600][23.095s][info][gc,stats    ] Pause Init Update Refs (N)          223 us
[2026-04-03T02:37:18.739+0600][23.095s][info][gc,stats    ]   Manage GCLABs                      48 us
[2026-04-03T02:37:18.739+0600][23.095s][info][gc,stats    ] Concurrent Update Refs            42459 us
[2026-04-03T02:37:18.739+0600][23.095s][info][gc,stats    ] Concurrent Update Thread Roots     1348 us
[2026-04-03T02:37:18.739+0600][23.095s][info][gc,stats    ] Pause Final Update Refs (G)         452 us
[2026-04-03T02:37:18.739+0600][23.095s][info][gc,stats    ] Pause Final Update Refs (N)         195 us
[2026-04-03T02:37:18.739+0600][23.095s][info][gc,stats    ]   Update Region States               56 us
[2026-04-03T02:37:18.739+0600][23.095s][info][gc,stats    ]   Trash Collection Set               11 us
[2026-04-03T02:37:18.739+0600][23.095s][info][gc,stats    ]   Rebuild Free Set                   34 us
[2026-04-03T02:37:18.739+0600][23.095s][info][gc,stats    ] Concurrent Cleanup                  256 us
[2026-04-03T02:37:18.739+0600][23.095s][info][gc,stats    ] 
[2026-04-03T02:37:18.739+0600][23.095s][info][gc,stats    ] Allocation pacing accrued:
[2026-04-03T02:37:18.739+0600][23.095s][info][gc,stats    ]       0 of   266 ms (  0.0%): <total>
[2026-04-03T02:37:18.739+0600][23.096s][info][gc,stats    ]       0 of   266 ms (  0.0%): <average total>
[2026-04-03T02:37:18.739+0600][23.096s][info][gc,stats    ] 
[2026-04-03T02:37:18.739+0600][23.096s][info][gc,metaspace] Metaspace: 123225K(124224K)->123304K(124288K) NonClass: 107313K(107840K)->107377K(107904K) Class: 15912K(16384K)->15927K(16384K)
[2026-04-03T02:37:18.739+0600][23.096s][info][gc,ergo     ] Pacer for Idle. Initial: 30720K, Alloc Tax Rate: 1.0x
[2026-04-03T02:37:20.211+0600][24.567s][info][gc          ] Trigger: Learning 5 of 5. Free (1049M) is below initial threshold (1050M)
[2026-04-03T02:37:20.211+0600][24.568s][info][gc,ergo     ] Free: 1049M, Max: 512K regular, 577M humongous, Frag: 46% external, 0% internal; Reserve: 76800K, Max: 512K
[2026-04-03T02:37:20.211+0600][24.568s][info][gc,start    ] GC(9) Concurrent reset
[2026-04-03T02:37:20.211+0600][24.568s][info][gc,task     ] GC(9) Using 3 of 6 workers for concurrent reset
[2026-04-03T02:37:20.211+0600][24.568s][info][gc,ergo     ] GC(9) Pacer for Reset. Non-Taxable: 1500M
[2026-04-03T02:37:20.212+0600][24.568s][info][gc          ] GC(9) Concurrent reset 0.656ms
[2026-04-03T02:37:20.212+0600][24.569s][info][gc,start    ] GC(9) Pause Init Mark (unload classes)
[2026-04-03T02:37:20.212+0600][24.569s][info][gc,task     ] GC(9) Using 6 of 6 workers for init marking
[2026-04-03T02:37:20.212+0600][24.569s][info][gc,ergo     ] GC(9) Pacer for Mark. Expected Live: 79778K, Free: 1049M, Non-Taxable: 104M, Alloc Tax Rate: 0.1x
[2026-04-03T02:37:20.212+0600][24.569s][info][gc          ] GC(9) Pause Init Mark (unload classes) 0.142ms
[2026-04-03T02:37:20.213+0600][24.569s][info][gc,start    ] GC(9) Concurrent marking roots
[2026-04-03T02:37:20.213+0600][24.569s][info][gc,task     ] GC(9) Using 3 of 6 workers for concurrent marking roots
[2026-04-03T02:37:20.214+0600][24.570s][info][gc          ] GC(9) Concurrent marking roots 1.360ms
[2026-04-03T02:37:20.214+0600][24.570s][info][gc,start    ] GC(9) Concurrent marking (unload classes)
[2026-04-03T02:37:20.214+0600][24.570s][info][gc,task     ] GC(9) Using 3 of 6 workers for concurrent marking
[2026-04-03T02:37:20.272+0600][24.628s][info][gc          ] GC(9) Concurrent marking (unload classes) 57.639ms
[2026-04-03T02:37:20.272+0600][24.628s][info][gc,start    ] GC(9) Pause Final Mark (unload classes)
[2026-04-03T02:37:20.272+0600][24.628s][info][gc,task     ] GC(9) Using 6 of 6 workers for final marking
[2026-04-03T02:37:20.272+0600][24.629s][info][gc,ergo     ] GC(9) Adaptive CSet Selection. Target Free: 212M, Actual Free: 1255M, Max CSet: 64000K, Min Garbage: 0B
[2026-04-03T02:37:20.273+0600][24.629s][info][gc,ergo     ] GC(9) Collectable Garbage: 269M (97%), Immediate: 142M (51%), CSet: 126M (45%)
[2026-04-03T02:37:20.273+0600][24.629s][info][gc,ergo     ] GC(9) Pacer for Evacuation. Used CSet: 129M, Free: 1201M, Non-Taxable: 120M, Alloc Tax Rate: 1.1x
[2026-04-03T02:37:20.273+0600][24.629s][info][gc          ] GC(9) Pause Final Mark (unload classes) 0.851ms
[2026-04-03T02:37:20.273+0600][24.629s][info][gc,start    ] GC(9) Concurrent thread roots
[2026-04-03T02:37:20.273+0600][24.629s][info][gc,task     ] GC(9) Using 3 of 6 workers for Concurrent thread roots
[2026-04-03T02:37:20.274+0600][24.630s][info][gc          ] GC(9) Concurrent thread roots 1.264ms
[2026-04-03T02:37:20.274+0600][24.630s][info][gc,start    ] GC(9) Concurrent weak references
[2026-04-03T02:37:20.274+0600][24.630s][info][gc,task     ] GC(9) Using 3 of 6 workers for concurrent weak references
[2026-04-03T02:37:20.276+0600][24.632s][info][gc,ref      ] GC(9) Encountered references: Soft: 3725, Weak: 14335, Final: 84, Phantom: 620
[2026-04-03T02:37:20.276+0600][24.632s][info][gc,ref      ] GC(9) Discovered  references: Soft: 0, Weak: 8414, Final: 84, Phantom: 616
[2026-04-03T02:37:20.276+0600][24.632s][info][gc,ref      ] GC(9) Enqueued    references: Soft: 0, Weak: 687, Final: 0, Phantom: 0
[2026-04-03T02:37:20.276+0600][24.632s][info][gc          ] GC(9) Concurrent weak references 1.456ms
[2026-04-03T02:37:20.276+0600][24.632s][info][gc,start    ] GC(9) Concurrent weak roots
[2026-04-03T02:37:20.276+0600][24.632s][info][gc,task     ] GC(9) Using 3 of 6 workers for concurrent weak root
[2026-04-03T02:37:20.280+0600][24.636s][info][gc          ] GC(9) Concurrent weak roots 3.886ms
[2026-04-03T02:37:20.280+0600][24.636s][info][gc,start    ] GC(9) Concurrent cleanup
[2026-04-03T02:37:20.280+0600][24.637s][info][gc          ] GC(9) Concurrent cleanup 365M->222M(630M) 0.613ms
[2026-04-03T02:37:20.280+0600][24.637s][info][gc,ergo     ] GC(9) Free: 1200M, Max: 512K regular, 577M humongous, Frag: 52% external, 0% internal; Reserve: 76648K, Max: 512K
[2026-04-03T02:37:20.280+0600][24.637s][info][gc,start    ] GC(9) Concurrent class unloading
[2026-04-03T02:37:20.280+0600][24.637s][info][gc,task     ] GC(9) Using 3 of 6 workers for concurrent class unloading
[2026-04-03T02:37:20.321+0600][24.677s][info][gc          ] GC(9) Concurrent class unloading 40.211ms
[2026-04-03T02:37:20.321+0600][24.677s][info][gc,start    ] GC(9) Concurrent strong roots
[2026-04-03T02:37:20.321+0600][24.677s][info][gc,task     ] GC(9) Using 3 of 6 workers for concurrent strong root
[2026-04-03T02:37:20.322+0600][24.679s][info][gc          ] GC(9) Concurrent strong roots 1.619ms
[2026-04-03T02:37:20.322+0600][24.679s][info][gc,start    ] GC(9) Concurrent evacuation
[2026-04-03T02:37:20.322+0600][24.679s][info][gc,task     ] GC(9) Using 3 of 6 workers for concurrent evacuation
[2026-04-03T02:37:20.326+0600][24.682s][info][gc          ] GC(9) Concurrent evacuation 3.588ms
[2026-04-03T02:37:20.326+0600][24.683s][info][gc,start    ] GC(9) Pause Init Update Refs
[2026-04-03T02:37:20.327+0600][24.683s][info][gc,ergo     ] GC(9) Pacer for Update Refs. Used: 245M, Free: 1182M, Non-Taxable: 118M, Alloc Tax Rate: 1.1x
[2026-04-03T02:37:20.327+0600][24.683s][info][gc          ] GC(9) Pause Init Update Refs 0.227ms
[2026-04-03T02:37:20.327+0600][24.683s][info][gc,start    ] GC(9) Concurrent update references
[2026-04-03T02:37:20.327+0600][24.683s][info][gc,task     ] GC(9) Using 3 of 6 workers for concurrent reference update
[2026-04-03T02:37:20.361+0600][24.718s][info][gc          ] GC(9) Concurrent update references 34.617ms
[2026-04-03T02:37:20.361+0600][24.718s][info][gc,start    ] GC(9) Concurrent update thread roots
[2026-04-03T02:37:20.363+0600][24.719s][info][gc          ] GC(9) Concurrent update thread roots 1.415ms
[2026-04-03T02:37:20.363+0600][24.719s][info][gc,start    ] GC(9) Pause Final Update Refs
[2026-04-03T02:37:20.363+0600][24.719s][info][gc,task     ] GC(9) Using 6 of 6 workers for final reference update
[2026-04-03T02:37:20.363+0600][24.719s][info][gc          ] GC(9) Pause Final Update Refs 0.192ms
[2026-04-03T02:37:20.363+0600][24.719s][info][gc,start    ] GC(9) Concurrent cleanup
[2026-04-03T02:37:20.364+0600][24.720s][info][gc          ] GC(9) Concurrent cleanup 250M->120M(630M) 0.598ms
[2026-04-03T02:37:20.364+0600][24.720s][info][gc,ergo     ] Free: 1302M, Max: 512K regular, 577M humongous, Frag: 56% external, 0% internal; Reserve: 76800K, Max: 512K
[2026-04-03T02:37:20.364+0600][24.720s][info][gc,stats    ] 
[2026-04-03T02:37:20.364+0600][24.720s][info][gc,stats    ] All times are wall-clock times, except per-root-class counters, that are sum over
[2026-04-03T02:37:20.364+0600][24.720s][info][gc,stats    ] all workers. Dividing the <total> over the root stage time estimates parallelism.
[2026-04-03T02:37:20.364+0600][24.720s][info][gc,stats    ] 
[2026-04-03T02:37:20.364+0600][24.720s][info][gc,stats    ] Concurrent Reset                    697 us
[2026-04-03T02:37:20.364+0600][24.720s][info][gc,stats    ] Pause Init Mark (G)                 393 us
[2026-04-03T02:37:20.364+0600][24.720s][info][gc,stats    ] Pause Init Mark (N)                 152 us
[2026-04-03T02:37:20.364+0600][24.720s][info][gc,stats    ]   Update Region States               26 us
[2026-04-03T02:37:20.364+0600][24.720s][info][gc,stats    ] Concurrent Mark Roots              1392 us, parallelism: 2.15x
[2026-04-03T02:37:20.364+0600][24.720s][info][gc,stats    ]   CMR: <total>                     2991 us
[2026-04-03T02:37:20.364+0600][24.720s][info][gc,stats    ]   CMR: Thread Roots                2403 us, workers (us): 866, 611, 926, ---, ---, ---, 
[2026-04-03T02:37:20.364+0600][24.720s][info][gc,stats    ]   CMR: VM Strong Roots              235 us, workers (us): 112,  55,  68, ---, ---, ---, 
[2026-04-03T02:37:20.364+0600][24.720s][info][gc,stats    ]   CMR: CLDG Roots                   353 us, workers (us): ---, 353, ---, ---, ---, ---, 
[2026-04-03T02:37:20.364+0600][24.720s][info][gc,stats    ] Concurrent Marking                57731 us
[2026-04-03T02:37:20.364+0600][24.720s][info][gc,stats    ] Pause Final Mark (G)               1219 us
[2026-04-03T02:37:20.364+0600][24.720s][info][gc,stats    ] Pause Final Mark (N)                868 us
[2026-04-03T02:37:20.364+0600][24.720s][info][gc,stats    ]   Finish Mark                       286 us
[2026-04-03T02:37:20.364+0600][24.720s][info][gc,stats    ]   Update Region States               61 us
[2026-04-03T02:37:20.364+0600][24.720s][info][gc,stats    ]   Choose Collection Set             242 us
[2026-04-03T02:37:20.364+0600][24.720s][info][gc,stats    ]   Rebuild Free Set                   55 us
[2026-04-03T02:37:20.364+0600][24.720s][info][gc,stats    ] Concurrent Thread Roots            1335 us, parallelism: 2.38x
[2026-04-03T02:37:20.364+0600][24.720s][info][gc,stats    ]   CTR: <total>                     3182 us
[2026-04-03T02:37:20.364+0600][24.720s][info][gc,stats    ]   CTR: Thread Roots                3182 us, workers (us): 1078, 1053, 1051, ---, ---, ---, 
[2026-04-03T02:37:20.364+0600][24.720s][info][gc,stats    ] Concurrent Weak References         1471 us, parallelism: 1.28x
[2026-04-03T02:37:20.364+0600][24.720s][info][gc,stats    ]   CWRF: <total>                    1888 us
[2026-04-03T02:37:20.364+0600][24.720s][info][gc,stats    ]   CWRF: Weak References            1888 us, workers (us): 225, 1208, 456, ---, ---, ---, 
[2026-04-03T02:37:20.364+0600][24.720s][info][gc,stats    ] Concurrent Weak Roots              3998 us
[2026-04-03T02:37:20.364+0600][24.720s][info][gc,stats    ]   Roots                            3588 us, parallelism: 2.67x
[2026-04-03T02:37:20.364+0600][24.720s][info][gc,stats    ]     CWR: <total>                   9571 us
[2026-04-03T02:37:20.364+0600][24.720s][info][gc,stats    ]     CWR: Code Cache Roots          5819 us, workers (us): 2009, 1809, 2001, ---, ---, ---, 
[2026-04-03T02:37:20.364+0600][24.720s][info][gc,stats    ]     CWR: VM Weak Roots             3584 us, workers (us): 1221, 1201, 1162, ---, ---, ---, 
[2026-04-03T02:37:20.364+0600][24.720s][info][gc,stats    ]     CWR: CLDG Roots                 168 us, workers (us): ---, 168, ---, ---, ---, ---, 
[2026-04-03T02:37:20.364+0600][24.720s][info][gc,stats    ]   Rendezvous                        244 us
[2026-04-03T02:37:20.364+0600][24.720s][info][gc,stats    ] Concurrent Cleanup                  636 us
[2026-04-03T02:37:20.364+0600][24.720s][info][gc,stats    ] Concurrent Class Unloading        40320 us
[2026-04-03T02:37:20.364+0600][24.720s][info][gc,stats    ]   Unlink Stale                    34682 us
[2026-04-03T02:37:20.364+0600][24.720s][info][gc,stats    ]     System Dictionary               752 us
[2026-04-03T02:37:20.364+0600][24.720s][info][gc,stats    ]     Weak Class Links              21135 us
[2026-04-03T02:37:20.364+0600][24.721s][info][gc,stats    ]     Code Roots                    12789 us
[2026-04-03T02:37:20.364+0600][24.721s][info][gc,stats    ]   Rendezvous                        555 us
[2026-04-03T02:37:20.364+0600][24.721s][info][gc,stats    ]   Purge Unlinked                   4944 us
[2026-04-03T02:37:20.364+0600][24.721s][info][gc,stats    ]     Code Roots                     4499 us
[2026-04-03T02:37:20.364+0600][24.721s][info][gc,stats    ]     CLDG                            443 us
[2026-04-03T02:37:20.364+0600][24.721s][info][gc,stats    ]     Exception Caches                  0 us
[2026-04-03T02:37:20.364+0600][24.721s][info][gc,stats    ] Concurrent Strong Roots            1703 us, parallelism: 0.66x
[2026-04-03T02:37:20.364+0600][24.721s][info][gc,stats    ]   CSR: <total>                     1117 us
[2026-04-03T02:37:20.364+0600][24.721s][info][gc,stats    ]   CSR: VM Strong Roots               74 us, workers (us):  49,  16,   9, ---, ---, ---, 
[2026-04-03T02:37:20.364+0600][24.721s][info][gc,stats    ]   CSR: CLDG Roots                  1043 us, workers (us): ---, 1043, ---, ---, ---, ---, 
[2026-04-03T02:37:20.364+0600][24.721s][info][gc,stats    ] Concurrent Evacuation              3692 us
[2026-04-03T02:37:20.364+0600][24.721s][info][gc,stats    ] Pause Init Update Refs (G)          640 us
[2026-04-03T02:37:20.364+0600][24.721s][info][gc,stats    ] Pause Init Update Refs (N)          251 us
[2026-04-03T02:37:20.364+0600][24.721s][info][gc,stats    ]   Manage GCLABs                      54 us
[2026-04-03T02:37:20.364+0600][24.721s][info][gc,stats    ] Concurrent Update Refs            34720 us
[2026-04-03T02:37:20.364+0600][24.721s][info][gc,stats    ] Concurrent Update Thread Roots     1492 us
[2026-04-03T02:37:20.364+0600][24.721s][info][gc,stats    ] Pause Final Update Refs (G)         313 us
[2026-04-03T02:37:20.364+0600][24.721s][info][gc,stats    ] Pause Final Update Refs (N)         203 us
[2026-04-03T02:37:20.364+0600][24.721s][info][gc,stats    ]   Update Region States               88 us
[2026-04-03T02:37:20.364+0600][24.721s][info][gc,stats    ]   Trash Collection Set               14 us
[2026-04-03T02:37:20.364+0600][24.721s][info][gc,stats    ]   Rebuild Free Set                   41 us
[2026-04-03T02:37:20.364+0600][24.721s][info][gc,stats    ] Concurrent Cleanup                  615 us
[2026-04-03T02:37:20.364+0600][24.721s][info][gc,stats    ] 
[2026-04-03T02:37:20.364+0600][24.721s][info][gc,stats    ] Allocation pacing accrued:
[2026-04-03T02:37:20.364+0600][24.721s][info][gc,stats    ]       0 of  1625 ms (  0.0%): <total>
[2026-04-03T02:37:20.364+0600][24.721s][info][gc,stats    ]       0 of  1625 ms (  0.0%): <average total>
[2026-04-03T02:37:20.364+0600][24.721s][info][gc,stats    ] 
[2026-04-03T02:37:20.365+0600][24.721s][info][gc,metaspace] Metaspace: 127255K(128512K)->127016K(128512K) NonClass: 110866K(111552K)->110703K(111552K) Class: 16389K(16960K)->16313K(16960K)
[2026-04-03T02:37:20.365+0600][24.721s][info][gc,ergo     ] Pacer for Idle. Initial: 30720K, Alloc Tax Rate: 1.0x
[2026-04-03T02:37:22.752+0600][27.108s][info][gc          ] Trigger: Free (149M) is below minimum threshold (150M)
[2026-04-03T02:37:22.752+0600][27.108s][info][gc,ergo     ] Free: 149M, Max: 512K regular, 149M humongous, Frag: 0% external, 0% internal; Reserve: 76800K, Max: 512K
[2026-04-03T02:37:22.752+0600][27.108s][info][gc,start    ] GC(10) Concurrent reset
[2026-04-03T02:37:22.752+0600][27.108s][info][gc,task     ] GC(10) Using 3 of 6 workers for concurrent reset
[2026-04-03T02:37:22.752+0600][27.108s][info][gc,ergo     ] GC(10) Pacer for Reset. Non-Taxable: 1500M
[2026-04-03T02:37:22.756+0600][27.112s][info][gc          ] GC(10) Concurrent reset 3.855ms
[2026-04-03T02:37:22.756+0600][27.113s][info][gc,start    ] GC(10) Pause Init Mark (unload classes)
[2026-04-03T02:37:22.756+0600][27.113s][info][gc,task     ] GC(10) Using 6 of 6 workers for init marking
[2026-04-03T02:37:22.756+0600][27.113s][info][gc,ergo     ] GC(10) Pacer for Mark. Expected Live: 84410K, Free: 148M, Non-Taxable: 15211K, Alloc Tax Rate: 0.7x
[2026-04-03T02:37:22.756+0600][27.113s][info][gc          ] GC(10) Pause Init Mark (unload classes) 0.115ms
[2026-04-03T02:37:22.756+0600][27.113s][info][gc,start    ] GC(10) Concurrent marking roots
[2026-04-03T02:37:22.757+0600][27.113s][info][gc,task     ] GC(10) Using 3 of 6 workers for concurrent marking roots
[2026-04-03T02:37:22.758+0600][27.115s][info][gc          ] GC(10) Concurrent marking roots 1.874ms
[2026-04-03T02:37:22.758+0600][27.115s][info][gc,start    ] GC(10) Concurrent marking (unload classes)
[2026-04-03T02:37:22.758+0600][27.115s][info][gc,task     ] GC(10) Using 3 of 6 workers for concurrent marking
[2026-04-03T02:37:22.798+0600][27.154s][info][gc          ] GC(10) Concurrent marking (unload classes) 39.669ms
[2026-04-03T02:37:22.798+0600][27.154s][info][gc,start    ] GC(10) Pause Final Mark (unload classes)
[2026-04-03T02:37:22.798+0600][27.155s][info][gc,task     ] GC(10) Using 6 of 6 workers for final marking
[2026-04-03T02:37:22.799+0600][27.155s][info][gc,ergo     ] GC(10) Adaptive CSet Selection. Target Free: 212M, Actual Free: 1036M, Max CSet: 64000K, Min Garbage: 0B
[2026-04-03T02:37:22.799+0600][27.155s][info][gc,ergo     ] GC(10) Collectable Garbage: 1086M (99%), Immediate: 823M (75%), CSet: 263M (24%)
[2026-04-03T02:37:22.799+0600][27.155s][info][gc,ergo     ] GC(10) Pacer for Evacuation. Used CSet: 268M, Free: 1062M, Non-Taxable: 106M, Alloc Tax Rate: 1.1x
[2026-04-03T02:37:22.799+0600][27.155s][info][gc          ] GC(10) Pause Final Mark (unload classes) 0.633ms
[2026-04-03T02:37:22.799+0600][27.155s][info][gc,start    ] GC(10) Concurrent thread roots
[2026-04-03T02:37:22.799+0600][27.155s][info][gc,task     ] GC(10) Using 3 of 6 workers for Concurrent thread roots
[2026-04-03T02:37:22.800+0600][27.156s][info][gc          ] GC(10) Concurrent thread roots 1.144ms
[2026-04-03T02:37:22.800+0600][27.156s][info][gc,start    ] GC(10) Concurrent weak references
[2026-04-03T02:37:22.800+0600][27.156s][info][gc,task     ] GC(10) Using 3 of 6 workers for concurrent weak references
[2026-04-03T02:37:22.801+0600][27.157s][info][gc,ref      ] GC(10) Encountered references: Soft: 3736, Weak: 15550, Final: 84, Phantom: 620
[2026-04-03T02:37:22.801+0600][27.157s][info][gc,ref      ] GC(10) Discovered  references: Soft: 0, Weak: 4293, Final: 0, Phantom: 240
[2026-04-03T02:37:22.801+0600][27.157s][info][gc,ref      ] GC(10) Enqueued    references: Soft: 0, Weak: 1691, Final: 0, Phantom: 0
[2026-04-03T02:37:22.801+0600][27.157s][info][gc          ] GC(10) Concurrent weak references 0.753ms
[2026-04-03T02:37:22.801+0600][27.157s][info][gc,start    ] GC(10) Concurrent weak roots
[2026-04-03T02:37:22.801+0600][27.157s][info][gc,task     ] GC(10) Using 3 of 6 workers for concurrent weak root
[2026-04-03T02:37:22.804+0600][27.161s][info][gc          ] GC(10) Concurrent weak roots 3.590ms
[2026-04-03T02:37:22.805+0600][27.161s][info][gc,start    ] GC(10) Concurrent cleanup
[2026-04-03T02:37:22.806+0600][27.162s][info][gc          ] GC(10) Concurrent cleanup 1186M->363M(1297M) 0.923ms
[2026-04-03T02:37:22.806+0600][27.162s][info][gc,ergo     ] GC(10) Free: 1059M, Max: 512K regular, 135M humongous, Frag: 88% external, 0% internal; Reserve: 76349K, Max: 512K
[2026-04-03T02:37:22.806+0600][27.162s][info][gc,start    ] GC(10) Concurrent class unloading
[2026-04-03T02:37:22.806+0600][27.162s][info][gc,task     ] GC(10) Using 3 of 6 workers for concurrent class unloading
[2026-04-03T02:37:22.828+0600][27.184s][info][gc          ] GC(10) Concurrent class unloading 22.552ms
[2026-04-03T02:37:22.828+0600][27.184s][info][gc,start    ] GC(10) Concurrent strong roots
[2026-04-03T02:37:22.828+0600][27.184s][info][gc,task     ] GC(10) Using 3 of 6 workers for concurrent strong root
[2026-04-03T02:37:22.829+0600][27.186s][info][gc          ] GC(10) Concurrent strong roots 1.108ms
[2026-04-03T02:37:22.829+0600][27.186s][info][gc,start    ] GC(10) Concurrent evacuation
[2026-04-03T02:37:22.829+0600][27.186s][info][gc,task     ] GC(10) Using 3 of 6 workers for concurrent evacuation
[2026-04-03T02:37:22.833+0600][27.189s][info][gc          ] GC(10) Concurrent evacuation 3.640ms
[2026-04-03T02:37:22.833+0600][27.190s][info][gc,start    ] GC(10) Pause Init Update Refs
[2026-04-03T02:37:22.834+0600][27.190s][info][gc,ergo     ] GC(10) Pacer for Update Refs. Used: 391M, Free: 1037M, Non-Taxable: 103M, Alloc Tax Rate: 1.1x
[2026-04-03T02:37:22.834+0600][27.190s][info][gc          ] GC(10) Pause Init Update Refs 0.141ms
[2026-04-03T02:37:22.834+0600][27.190s][info][gc,start    ] GC(10) Concurrent update references
[2026-04-03T02:37:22.834+0600][27.190s][info][gc,task     ] GC(10) Using 3 of 6 workers for concurrent reference update
[2026-04-03T02:37:22.870+0600][27.226s][info][gc          ] GC(10) Concurrent update references 35.796ms
[2026-04-03T02:37:22.870+0600][27.226s][info][gc,start    ] GC(10) Concurrent update thread roots
[2026-04-03T02:37:22.871+0600][27.228s][info][gc          ] GC(10) Concurrent update thread roots 1.848ms
[2026-04-03T02:37:22.872+0600][27.228s][info][gc,start    ] GC(10) Pause Final Update Refs
[2026-04-03T02:37:22.872+0600][27.228s][info][gc,task     ] GC(10) Using 6 of 6 workers for final reference update
[2026-04-03T02:37:22.872+0600][27.228s][info][gc          ] GC(10) Pause Final Update Refs 0.187ms
[2026-04-03T02:37:22.872+0600][27.228s][info][gc,start    ] GC(10) Concurrent cleanup
[2026-04-03T02:37:22.872+0600][27.229s][info][gc          ] GC(10) Concurrent cleanup 409M->140M(1297M) 0.329ms
[2026-04-03T02:37:22.872+0600][27.229s][info][gc,ergo     ] Free: 1282M, Max: 512K regular, 932M humongous, Frag: 28% external, 0% internal; Reserve: 76800K, Max: 512K
[2026-04-03T02:37:22.873+0600][27.229s][info][gc,stats    ] 
[2026-04-03T02:37:22.873+0600][27.229s][info][gc,stats    ] All times are wall-clock times, except per-root-class counters, that are sum over
[2026-04-03T02:37:22.873+0600][27.229s][info][gc,stats    ] all workers. Dividing the <total> over the root stage time estimates parallelism.
[2026-04-03T02:37:22.873+0600][27.229s][info][gc,stats    ] 
[2026-04-03T02:37:22.873+0600][27.229s][info][gc,stats    ] Concurrent Reset                   3918 us
[2026-04-03T02:37:22.873+0600][27.229s][info][gc,stats    ] Pause Init Mark (G)                 566 us
[2026-04-03T02:37:22.873+0600][27.229s][info][gc,stats    ] Pause Init Mark (N)                 122 us
[2026-04-03T02:37:22.873+0600][27.229s][info][gc,stats    ]   Update Region States               28 us
[2026-04-03T02:37:22.873+0600][27.229s][info][gc,stats    ] Concurrent Mark Roots              1914 us, parallelism: 2.08x
[2026-04-03T02:37:22.873+0600][27.229s][info][gc,stats    ]   CMR: <total>                     3977 us
[2026-04-03T02:37:22.873+0600][27.229s][info][gc,stats    ]   CMR: Thread Roots                3154 us, workers (us): 1132, 942, 1080, ---, ---, ---, 
[2026-04-03T02:37:22.873+0600][27.229s][info][gc,stats    ]   CMR: VM Strong Roots              565 us, workers (us): 228, 137, 199, ---, ---, ---, 
[2026-04-03T02:37:22.873+0600][27.229s][info][gc,stats    ]   CMR: CLDG Roots                   258 us, workers (us): ---, 258, ---, ---, ---, ---, 
[2026-04-03T02:37:22.873+0600][27.229s][info][gc,stats    ] Concurrent Marking                39736 us
[2026-04-03T02:37:22.873+0600][27.229s][info][gc,stats    ] Pause Final Mark (G)                829 us
[2026-04-03T02:37:22.873+0600][27.229s][info][gc,stats    ] Pause Final Mark (N)                642 us
[2026-04-03T02:37:22.873+0600][27.229s][info][gc,stats    ]   Finish Mark                       195 us
[2026-04-03T02:37:22.873+0600][27.229s][info][gc,stats    ]   Update Region States               68 us
[2026-04-03T02:37:22.873+0600][27.229s][info][gc,stats    ]   Choose Collection Set             218 us
[2026-04-03T02:37:22.873+0600][27.229s][info][gc,stats    ]   Rebuild Free Set                   34 us
[2026-04-03T02:37:22.873+0600][27.229s][info][gc,stats    ] Concurrent Thread Roots            1187 us, parallelism: 2.19x
[2026-04-03T02:37:22.873+0600][27.229s][info][gc,stats    ]   CTR: <total>                     2603 us
[2026-04-03T02:37:22.873+0600][27.229s][info][gc,stats    ]   CTR: Thread Roots                2603 us, workers (us): 855, 905, 843, ---, ---, ---, 
[2026-04-03T02:37:22.873+0600][27.229s][info][gc,stats    ] Concurrent Weak References          768 us, parallelism: 1.11x
[2026-04-03T02:37:22.873+0600][27.229s][info][gc,stats    ]   CWRF: <total>                     851 us
[2026-04-03T02:37:22.873+0600][27.229s][info][gc,stats    ]   CWRF: Weak References             851 us, workers (us): 481, 368,   1, ---, ---, ---, 
[2026-04-03T02:37:22.873+0600][27.229s][info][gc,stats    ] Concurrent Weak Roots              3673 us
[2026-04-03T02:37:22.873+0600][27.229s][info][gc,stats    ]   Roots                            3234 us, parallelism: 2.58x
[2026-04-03T02:37:22.873+0600][27.229s][info][gc,stats    ]     CWR: <total>                   8335 us
[2026-04-03T02:37:22.873+0600][27.229s][info][gc,stats    ]     CWR: Code Cache Roots          6074 us, workers (us): 1928, 2136, 2009, ---, ---, ---, 
[2026-04-03T02:37:22.873+0600][27.229s][info][gc,stats    ]     CWR: VM Weak Roots             2131 us, workers (us): 740, 729, 662, ---, ---, ---, 
[2026-04-03T02:37:22.873+0600][27.229s][info][gc,stats    ]     CWR: CLDG Roots                 130 us, workers (us): 130, ---, ---, ---, ---, ---, 
[2026-04-03T02:37:22.873+0600][27.229s][info][gc,stats    ]   Rendezvous                        325 us
[2026-04-03T02:37:22.873+0600][27.229s][info][gc,stats    ] Concurrent Cleanup                  953 us
[2026-04-03T02:37:22.873+0600][27.229s][info][gc,stats    ] Concurrent Class Unloading        22637 us
[2026-04-03T02:37:22.873+0600][27.229s][info][gc,stats    ]   Unlink Stale                    12722 us
[2026-04-03T02:37:22.873+0600][27.229s][info][gc,stats    ]     System Dictionary               230 us
[2026-04-03T02:37:22.873+0600][27.229s][info][gc,stats    ]     Weak Class Links                  0 us
[2026-04-03T02:37:22.873+0600][27.229s][info][gc,stats    ]     Code Roots                    12488 us
[2026-04-03T02:37:22.873+0600][27.229s][info][gc,stats    ]   Rendezvous                        546 us
[2026-04-03T02:37:22.873+0600][27.229s][info][gc,stats    ]   Purge Unlinked                   9256 us
[2026-04-03T02:37:22.873+0600][27.229s][info][gc,stats    ]     Code Roots                     9217 us
[2026-04-03T02:37:22.873+0600][27.229s][info][gc,stats    ]     CLDG                             38 us
[2026-04-03T02:37:22.873+0600][27.229s][info][gc,stats    ]     Exception Caches                  0 us
[2026-04-03T02:37:22.873+0600][27.229s][info][gc,stats    ] Concurrent Strong Roots            1148 us, parallelism: 0.70x
[2026-04-03T02:37:22.873+0600][27.229s][info][gc,stats    ]   CSR: <total>                      808 us
[2026-04-03T02:37:22.873+0600][27.229s][info][gc,stats    ]   CSR: VM Strong Roots               85 us, workers (us):  51,  34,   0, ---, ---, ---, 
[2026-04-03T02:37:22.873+0600][27.229s][info][gc,stats    ]   CSR: CLDG Roots                   723 us, workers (us): ---, 723, ---, ---, ---, ---, 
[2026-04-03T02:37:22.873+0600][27.229s][info][gc,stats    ] Concurrent Evacuation              3719 us
[2026-04-03T02:37:22.873+0600][27.229s][info][gc,stats    ] Pause Init Update Refs (G)          653 us
[2026-04-03T02:37:22.873+0600][27.229s][info][gc,stats    ] Pause Init Update Refs (N)          157 us
[2026-04-03T02:37:22.873+0600][27.229s][info][gc,stats    ]   Manage GCLABs                      46 us
[2026-04-03T02:37:22.873+0600][27.229s][info][gc,stats    ] Concurrent Update Refs            35870 us
[2026-04-03T02:37:22.873+0600][27.229s][info][gc,stats    ] Concurrent Update Thread Roots     1903 us
[2026-04-03T02:37:22.873+0600][27.229s][info][gc,stats    ] Pause Final Update Refs (G)         539 us
[2026-04-03T02:37:22.873+0600][27.229s][info][gc,stats    ] Pause Final Update Refs (N)         213 us
[2026-04-03T02:37:22.873+0600][27.229s][info][gc,stats    ]   Update Region States               64 us
[2026-04-03T02:37:22.873+0600][27.229s][info][gc,stats    ]   Trash Collection Set               20 us
[2026-04-03T02:37:22.873+0600][27.229s][info][gc,stats    ]   Rebuild Free Set                   39 us
[2026-04-03T02:37:22.873+0600][27.229s][info][gc,stats    ] Concurrent Cleanup                  352 us
[2026-04-03T02:37:22.873+0600][27.229s][info][gc,stats    ] 
[2026-04-03T02:37:22.873+0600][27.229s][info][gc,stats    ] Allocation pacing accrued:
[2026-04-03T02:37:22.873+0600][27.229s][info][gc,stats    ]       0 of  2509 ms (  0.0%): <total>
[2026-04-03T02:37:22.873+0600][27.229s][info][gc,stats    ]       0 of  2509 ms (  0.0%): <average total>
[2026-04-03T02:37:22.873+0600][27.229s][info][gc,stats    ] 
[2026-04-03T02:37:22.873+0600][27.229s][info][gc,metaspace] Metaspace: 128460K(129664K)->128500K(129664K) NonClass: 112069K(112704K)->112107K(112704K) Class: 16390K(16960K)->16393K(16960K)
[2026-04-03T02:37:22.873+0600][27.229s][info][gc,ergo     ] Pacer for Idle. Initial: 30720K, Alloc Tax Rate: 1.0x
[2026-04-03T02:37:24.678+0600][29.034s][info][gc          ] Trigger: Free (149M) is below minimum threshold (150M)
[2026-04-03T02:37:24.678+0600][29.035s][info][gc,ergo     ] Free: 149M, Max: 512K regular, 132M humongous, Frag: 12% external, 2% internal; Reserve: 76800K, Max: 512K
[2026-04-03T02:37:24.678+0600][29.035s][info][gc,start    ] GC(11) Concurrent reset
[2026-04-03T02:37:24.678+0600][29.035s][info][gc,task     ] GC(11) Using 3 of 6 workers for concurrent reset
[2026-04-03T02:37:24.678+0600][29.035s][info][gc,ergo     ] GC(11) Pacer for Reset. Non-Taxable: 1500M
[2026-04-03T02:37:24.691+0600][29.047s][info][gc          ] GC(11) Concurrent reset 12.469ms
[2026-04-03T02:37:24.692+0600][29.048s][info][gc,start    ] GC(11) Pause Init Mark (unload classes)
[2026-04-03T02:37:24.692+0600][29.048s][info][gc,task     ] GC(11) Using 6 of 6 workers for init marking
[2026-04-03T02:37:24.692+0600][29.048s][info][gc,ergo     ] GC(11) Pacer for Mark. Expected Live: 86117K, Free: 139M, Non-Taxable: 14289K, Alloc Tax Rate: 0.7x
[2026-04-03T02:37:24.692+0600][29.048s][info][gc          ] GC(11) Pause Init Mark (unload classes) 0.159ms
[2026-04-03T02:37:24.692+0600][29.048s][info][gc,start    ] GC(11) Concurrent marking roots
[2026-04-03T02:37:24.692+0600][29.048s][info][gc,task     ] GC(11) Using 3 of 6 workers for concurrent marking roots
[2026-04-03T02:37:24.696+0600][29.052s][info][gc          ] GC(11) Concurrent marking roots 3.975ms
[2026-04-03T02:37:24.696+0600][29.052s][info][gc,start    ] GC(11) Concurrent marking (unload classes)
[2026-04-03T02:37:24.696+0600][29.052s][info][gc,task     ] GC(11) Using 3 of 6 workers for concurrent marking
[2026-04-03T02:37:24.776+0600][29.132s][info][gc          ] GC(11) Concurrent marking (unload classes) 79.727ms
[2026-04-03T02:37:24.776+0600][29.133s][info][gc,start    ] GC(11) Pause Final Mark (unload classes)
[2026-04-03T02:37:24.776+0600][29.133s][info][gc,task     ] GC(11) Using 6 of 6 workers for final marking
[2026-04-03T02:37:24.777+0600][29.133s][info][gc,ergo     ] GC(11) Adaptive CSet Selection. Target Free: 212M, Actual Free: 976M, Max CSet: 64000K, Min Garbage: 0B
[2026-04-03T02:37:24.777+0600][29.134s][info][gc,ergo     ] GC(11) Collectable Garbage: 1085M (99%), Immediate: 790M (72%), CSet: 295M (27%)
[2026-04-03T02:37:24.778+0600][29.134s][info][gc,ergo     ] GC(11) Pacer for Evacuation. Used CSet: 304M, Free: 1008M, Non-Taxable: 100M, Alloc Tax Rate: 1.1x
[2026-04-03T02:37:24.778+0600][29.134s][info][gc          ] GC(11) Pause Final Mark (unload classes) 1.193ms
[2026-04-03T02:37:24.778+0600][29.134s][info][gc,start    ] GC(11) Concurrent thread roots
[2026-04-03T02:37:24.778+0600][29.134s][info][gc,task     ] GC(11) Using 3 of 6 workers for Concurrent thread roots
[2026-04-03T02:37:24.781+0600][29.137s][info][gc          ] GC(11) Concurrent thread roots 3.399ms
[2026-04-03T02:37:24.781+0600][29.137s][info][gc,start    ] GC(11) Concurrent weak references
[2026-04-03T02:37:24.781+0600][29.137s][info][gc,task     ] GC(11) Using 3 of 6 workers for concurrent weak references
[2026-04-03T02:37:24.782+0600][29.138s][info][gc,ref      ] GC(11) Encountered references: Soft: 3835, Weak: 16234, Final: 84, Phantom: 620
[2026-04-03T02:37:24.782+0600][29.138s][info][gc,ref      ] GC(11) Discovered  references: Soft: 0, Weak: 4376, Final: 0, Phantom: 222
[2026-04-03T02:37:24.782+0600][29.138s][info][gc,ref      ] GC(11) Enqueued    references: Soft: 0, Weak: 1849, Final: 0, Phantom: 0
[2026-04-03T02:37:24.782+0600][29.138s][info][gc          ] GC(11) Concurrent weak references 1.021ms
[2026-04-03T02:37:24.782+0600][29.138s][info][gc,start    ] GC(11) Concurrent weak roots
[2026-04-03T02:37:24.782+0600][29.139s][info][gc,task     ] GC(11) Using 3 of 6 workers for concurrent weak root
[2026-04-03T02:37:24.795+0600][29.151s][info][gc          ] GC(11) Concurrent weak roots 12.741ms
[2026-04-03T02:37:24.796+0600][29.153s][info][gc,start    ] GC(11) Concurrent cleanup
[2026-04-03T02:37:24.798+0600][29.154s][info][gc          ] GC(11) Concurrent cleanup 1215M->426M(1328M) 1.308ms
[2026-04-03T02:37:24.798+0600][29.154s][info][gc,ergo     ] GC(11) Free: 997M, Max: 512K regular, 101M humongous, Frag: 90% external, 0% internal; Reserve: 75546K, Max: 512K
[2026-04-03T02:37:24.798+0600][29.154s][info][gc,start    ] GC(11) Concurrent class unloading
[2026-04-03T02:37:24.798+0600][29.154s][info][gc,task     ] GC(11) Using 3 of 6 workers for concurrent class unloading
[2026-04-03T02:37:24.893+0600][29.249s][info][gc          ] GC(11) Concurrent class unloading 95.336ms
[2026-04-03T02:37:24.894+0600][29.250s][info][gc,start    ] GC(11) Concurrent strong roots
[2026-04-03T02:37:24.894+0600][29.250s][info][gc,task     ] GC(11) Using 3 of 6 workers for concurrent strong root
[2026-04-03T02:37:24.895+0600][29.252s][info][gc          ] GC(11) Concurrent strong roots 1.839ms
[2026-04-03T02:37:24.896+0600][29.252s][info][gc,start    ] GC(11) Concurrent evacuation
[2026-04-03T02:37:24.896+0600][29.252s][info][gc,task     ] GC(11) Using 3 of 6 workers for concurrent evacuation
[2026-04-03T02:37:24.905+0600][29.261s][info][gc          ] GC(11) Concurrent evacuation 9.545ms
[2026-04-03T02:37:24.906+0600][29.262s][info][gc,start    ] GC(11) Pause Init Update Refs
[2026-04-03T02:37:24.906+0600][29.262s][info][gc,ergo     ] GC(11) Pacer for Update Refs. Used: 475M, Free: 953M, Non-Taxable: 97639K, Alloc Tax Rate: 1.1x
[2026-04-03T02:37:24.906+0600][29.262s][info][gc          ] GC(11) Pause Init Update Refs 0.212ms
[2026-04-03T02:37:24.906+0600][29.262s][info][gc,start    ] GC(11) Concurrent update references
[2026-04-03T02:37:24.906+0600][29.262s][info][gc,task     ] GC(11) Using 3 of 6 workers for concurrent reference update
[2026-04-03T02:37:24.965+0600][29.321s][info][gc          ] GC(11) Concurrent update references 58.861ms
[2026-04-03T02:37:24.965+0600][29.321s][info][gc,start    ] GC(11) Concurrent update thread roots
[2026-04-03T02:37:24.970+0600][29.326s][info][gc          ] GC(11) Concurrent update thread roots 4.943ms
[2026-04-03T02:37:24.970+0600][29.327s][info][gc,start    ] GC(11) Pause Final Update Refs
[2026-04-03T02:37:24.970+0600][29.327s][info][gc,task     ] GC(11) Using 6 of 6 workers for final reference update
[2026-04-03T02:37:24.971+0600][29.327s][info][gc          ] GC(11) Pause Final Update Refs 0.253ms
[2026-04-03T02:37:24.971+0600][29.327s][info][gc,start    ] GC(11) Concurrent cleanup
[2026-04-03T02:37:24.971+0600][29.327s][info][gc          ] GC(11) Concurrent cleanup 506M->202M(1334M) 0.317ms
[2026-04-03T02:37:24.971+0600][29.327s][info][gc,ergo     ] Free: 1216M, Max: 512K regular, 925M humongous, Frag: 24% external, 0% internal; Reserve: 76800K, Max: 512K
[2026-04-03T02:37:24.971+0600][29.327s][info][gc,stats    ] 
[2026-04-03T02:37:24.971+0600][29.327s][info][gc,stats    ] All times are wall-clock times, except per-root-class counters, that are sum over
[2026-04-03T02:37:24.971+0600][29.327s][info][gc,stats    ] all workers. Dividing the <total> over the root stage time estimates parallelism.
[2026-04-03T02:37:24.971+0600][29.327s][info][gc,stats    ] 
[2026-04-03T02:37:24.971+0600][29.327s][info][gc,stats    ] Concurrent Reset                  12574 us
[2026-04-03T02:37:24.971+0600][29.327s][info][gc,stats    ] Pause Init Mark (G)                 979 us
[2026-04-03T02:37:24.971+0600][29.327s][info][gc,stats    ] Pause Init Mark (N)                 169 us
[2026-04-03T02:37:24.971+0600][29.328s][info][gc,stats    ]   Update Region States               48 us
[2026-04-03T02:37:24.971+0600][29.328s][info][gc,stats    ] Concurrent Mark Roots              4120 us, parallelism: 1.52x
[2026-04-03T02:37:24.971+0600][29.328s][info][gc,stats    ]   CMR: <total>                     6280 us
[2026-04-03T02:37:24.971+0600][29.328s][info][gc,stats    ]   CMR: Thread Roots                5665 us, workers (us): 2495, 3170,   0, ---, ---, ---, 
[2026-04-03T02:37:24.971+0600][29.328s][info][gc,stats    ]   CMR: VM Strong Roots               69 us, workers (us):  67,   2,   0, ---, ---, ---, 
[2026-04-03T02:37:24.971+0600][29.328s][info][gc,stats    ]   CMR: CLDG Roots                   546 us, workers (us): 546, ---, ---, ---, ---, ---, 
[2026-04-03T02:37:24.971+0600][29.328s][info][gc,stats    ] Concurrent Marking                79840 us
[2026-04-03T02:37:24.971+0600][29.328s][info][gc,stats    ] Pause Final Mark (G)               1846 us
[2026-04-03T02:37:24.971+0600][29.328s][info][gc,stats    ] Pause Final Mark (N)               1208 us
[2026-04-03T02:37:24.971+0600][29.328s][info][gc,stats    ]   Finish Mark                       394 us
[2026-04-03T02:37:24.971+0600][29.328s][info][gc,stats    ]   Update Region States               73 us
[2026-04-03T02:37:24.971+0600][29.328s][info][gc,stats    ]   Choose Collection Set             416 us
[2026-04-03T02:37:24.971+0600][29.328s][info][gc,stats    ]   Rebuild Free Set                   58 us
[2026-04-03T02:37:24.971+0600][29.328s][info][gc,stats    ] Concurrent Thread Roots            3466 us, parallelism: 2.58x
[2026-04-03T02:37:24.971+0600][29.328s][info][gc,stats    ]   CTR: <total>                     8957 us
[2026-04-03T02:37:24.971+0600][29.328s][info][gc,stats    ]   CTR: Thread Roots                8957 us, workers (us): 3237, 2890, 2830, ---, ---, ---, 
[2026-04-03T02:37:24.971+0600][29.328s][info][gc,stats    ] Concurrent Weak References         1036 us, parallelism: 1.15x
[2026-04-03T02:37:24.972+0600][29.328s][info][gc,stats    ]   CWRF: <total>                    1194 us
[2026-04-03T02:37:24.972+0600][29.328s][info][gc,stats    ]   CWRF: Weak References            1194 us, workers (us): 564, 539,  91, ---, ---, ---, 
[2026-04-03T02:37:24.972+0600][29.328s][info][gc,stats    ] Concurrent Weak Roots             14163 us
[2026-04-03T02:37:24.972+0600][29.328s][info][gc,stats    ]   Roots                            8136 us, parallelism: 2.47x
[2026-04-03T02:37:24.972+0600][29.328s][info][gc,stats    ]     CWR: <total>                  20131 us
[2026-04-03T02:37:24.972+0600][29.328s][info][gc,stats    ]     CWR: Code Cache Roots         16563 us, workers (us): 6145, 5800, 4619, ---, ---, ---, 
[2026-04-03T02:37:24.972+0600][29.328s][info][gc,stats    ]     CWR: VM Weak Roots             3259 us, workers (us): 1630, 1626,   2, ---, ---, ---, 
[2026-04-03T02:37:24.972+0600][29.328s][info][gc,stats    ]     CWR: CLDG Roots                 309 us, workers (us): ---, 309, ---, ---, ---, ---, 
[2026-04-03T02:37:24.972+0600][29.328s][info][gc,stats    ]   Rendezvous                       4574 us
[2026-04-03T02:37:24.972+0600][29.328s][info][gc,stats    ] Concurrent Cleanup                 1351 us
[2026-04-03T02:37:24.972+0600][29.328s][info][gc,stats    ] Concurrent Class Unloading        95773 us
[2026-04-03T02:37:24.972+0600][29.328s][info][gc,stats    ]   Unlink Stale                    62988 us
[2026-04-03T02:37:24.972+0600][29.328s][info][gc,stats    ]     System Dictionary               585 us
[2026-04-03T02:37:24.972+0600][29.328s][info][gc,stats    ]     Weak Class Links              35511 us
[2026-04-03T02:37:24.972+0600][29.328s][info][gc,stats    ]     Code Roots                    26887 us
[2026-04-03T02:37:24.972+0600][29.328s][info][gc,stats    ]   Rendezvous                        889 us
[2026-04-03T02:37:24.972+0600][29.328s][info][gc,stats    ]   Purge Unlinked                  31411 us
[2026-04-03T02:37:24.972+0600][29.328s][info][gc,stats    ]     Code Roots                    31249 us
[2026-04-03T02:37:24.972+0600][29.328s][info][gc,stats    ]     CLDG                            159 us
[2026-04-03T02:37:24.972+0600][29.328s][info][gc,stats    ]     Exception Caches                  0 us
[2026-04-03T02:37:24.972+0600][29.328s][info][gc,stats    ] Concurrent Strong Roots            1918 us, parallelism: 0.71x
[2026-04-03T02:37:24.972+0600][29.328s][info][gc,stats    ]   CSR: <total>                     1360 us
[2026-04-03T02:37:24.972+0600][29.328s][info][gc,stats    ]   CSR: VM Strong Roots               87 us, workers (us):  37,  26,  25, ---, ---, ---, 
[2026-04-03T02:37:24.972+0600][29.328s][info][gc,stats    ]   CSR: CLDG Roots                  1273 us, workers (us): ---, ---, 1273, ---, ---, ---, 
[2026-04-03T02:37:24.972+0600][29.328s][info][gc,stats    ] Concurrent Evacuation              9653 us
[2026-04-03T02:37:24.972+0600][29.328s][info][gc,stats    ] Pause Init Update Refs (G)          646 us
[2026-04-03T02:37:24.972+0600][29.328s][info][gc,stats    ] Pause Init Update Refs (N)          233 us
[2026-04-03T02:37:24.972+0600][29.328s][info][gc,stats    ]   Manage GCLABs                      75 us
[2026-04-03T02:37:24.972+0600][29.328s][info][gc,stats    ] Concurrent Update Refs            59015 us
[2026-04-03T02:37:24.972+0600][29.328s][info][gc,stats    ] Concurrent Update Thread Roots     5059 us
[2026-04-03T02:37:24.972+0600][29.328s][info][gc,stats    ] Pause Final Update Refs (G)         793 us
[2026-04-03T02:37:24.972+0600][29.328s][info][gc,stats    ] Pause Final Update Refs (N)         271 us
[2026-04-03T02:37:24.972+0600][29.328s][info][gc,stats    ]   Update Region States               72 us
[2026-04-03T02:37:24.972+0600][29.328s][info][gc,stats    ]   Trash Collection Set               30 us
[2026-04-03T02:37:24.972+0600][29.328s][info][gc,stats    ]   Rebuild Free Set                   50 us
[2026-04-03T02:37:24.972+0600][29.328s][info][gc,stats    ] Concurrent Cleanup                  340 us
[2026-04-03T02:37:24.972+0600][29.328s][info][gc,stats    ] Pacing                           197138 us
[2026-04-03T02:37:24.972+0600][29.328s][info][gc,stats    ] 
[2026-04-03T02:37:24.972+0600][29.328s][info][gc,stats    ] Allocation pacing accrued:
[2026-04-03T02:37:24.972+0600][29.328s][info][gc,stats    ]      11 of  2099 ms (  0.5%): Spark Context Cleaner
[2026-04-03T02:37:24.972+0600][29.328s][info][gc,stats    ]      22 of  2099 ms (  1.1%): Executor task launch worker for task 1.0 in stage 234.0 (TID 470)
[2026-04-03T02:37:24.972+0600][29.328s][info][gc,stats    ]      22 of  2099 ms (  1.1%): Executor task launch worker for task 6.0 in stage 234.0 (TID 475)
[2026-04-03T02:37:24.972+0600][29.328s][info][gc,stats    ]      22 of  2099 ms (  1.0%): Executor task launch worker for task 5.0 in stage 234.0 (TID 474)
[2026-04-03T02:37:24.972+0600][29.328s][info][gc,stats    ]      30 of  2099 ms (  1.4%): Executor task launch worker for task 0.0 in stage 234.0 (TID 469)
[2026-04-03T02:37:24.972+0600][29.328s][info][gc,stats    ]      22 of  2099 ms (  1.1%): Executor task launch worker for task 2.0 in stage 234.0 (TID 471)
[2026-04-03T02:37:24.972+0600][29.328s][info][gc,stats    ]      22 of  2099 ms (  1.1%): Executor task launch worker for task 4.0 in stage 234.0 (TID 473)
[2026-04-03T02:37:24.972+0600][29.328s][info][gc,stats    ]      22 of  2099 ms (  1.1%): Executor task launch worker for task 7.0 in stage 234.0 (TID 476)
[2026-04-03T02:37:24.972+0600][29.328s][info][gc,stats    ]      22 of  2099 ms (  1.1%): Executor task launch worker for task 3.0 in stage 234.0 (TID 472)
[2026-04-03T02:37:24.972+0600][29.328s][info][gc,stats    ]     197 of  2099 ms (  9.4%): <total>
[2026-04-03T02:37:24.972+0600][29.328s][info][gc,stats    ]       1 of  2099 ms (  0.0%): <average total>
[2026-04-03T02:37:24.972+0600][29.328s][info][gc,stats    ]      22 of  2099 ms (  1.0%): <average non-zero>
[2026-04-03T02:37:24.972+0600][29.328s][info][gc,stats    ] 
[2026-04-03T02:37:24.972+0600][29.328s][info][gc,metaspace] Metaspace: 129448K(130624K)->129517K(130688K) NonClass: 112965K(113600K)->113033K(113664K) Class: 16483K(17024K)->16484K(17024K)
[2026-04-03T02:37:24.972+0600][29.328s][info][gc,ergo     ] Pacer for Idle. Initial: 30720K, Alloc Tax Rate: 1.0x
[2026-04-03T02:37:25.276+0600][29.632s][info][gc          ] Trigger: Average GC time (356.97 ms) is above the time for instantaneous allocation rate (2718 MB/s) to deplete free headroom (749M) (spike threshold = 1.80)
[2026-04-03T02:37:25.276+0600][29.632s][info][gc,ergo     ] Free: 824M, Max: 512K regular, 715M humongous, Frag: 14% external, 0% internal; Reserve: 76800K, Max: 512K
[2026-04-03T02:37:25.276+0600][29.632s][info][gc,start    ] GC(12) Concurrent reset
[2026-04-03T02:37:25.276+0600][29.632s][info][gc,task     ] GC(12) Using 3 of 6 workers for concurrent reset
[2026-04-03T02:37:25.276+0600][29.632s][info][gc,ergo     ] GC(12) Pacer for Reset. Non-Taxable: 1500M
[2026-04-03T02:37:25.281+0600][29.637s][info][gc          ] GC(12) Concurrent reset 4.928ms
[2026-04-03T02:37:25.281+0600][29.637s][info][gc,start    ] GC(12) Pause Init Mark (unload classes)
[2026-04-03T02:37:25.281+0600][29.638s][info][gc,task     ] GC(12) Using 6 of 6 workers for init marking
[2026-04-03T02:37:25.281+0600][29.638s][info][gc,ergo     ] GC(12) Pacer for Mark. Expected Live: 84200K, Free: 810M, Non-Taxable: 82948K, Alloc Tax Rate: 0.1x
[2026-04-03T02:37:25.281+0600][29.638s][info][gc          ] GC(12) Pause Init Mark (unload classes) 0.203ms
[2026-04-03T02:37:25.282+0600][29.638s][info][gc,start    ] GC(12) Concurrent marking roots
[2026-04-03T02:37:25.282+0600][29.638s][info][gc,task     ] GC(12) Using 3 of 6 workers for concurrent marking roots
[2026-04-03T02:37:25.283+0600][29.640s][info][gc          ] GC(12) Concurrent marking roots 1.767ms
[2026-04-03T02:37:25.283+0600][29.640s][info][gc,start    ] GC(12) Concurrent marking (unload classes)
[2026-04-03T02:37:25.283+0600][29.640s][info][gc,task     ] GC(12) Using 3 of 6 workers for concurrent marking
[2026-04-03T02:37:25.351+0600][29.708s][info][gc          ] GC(12) Concurrent marking (unload classes) 68.068ms
[2026-04-03T02:37:25.352+0600][29.708s][info][gc,start    ] GC(12) Pause Final Mark (unload classes)
[2026-04-03T02:37:25.352+0600][29.708s][info][gc,task     ] GC(12) Using 6 of 6 workers for final marking
[2026-04-03T02:37:25.352+0600][29.709s][info][gc,ergo     ] GC(12) Adaptive CSet Selection. Target Free: 212M, Actual Free: 1216M, Max CSet: 64000K, Min Garbage: 0B
[2026-04-03T02:37:25.353+0600][29.709s][info][gc,ergo     ] GC(12) Collectable Garbage: 481M (98%), Immediate: 414M (84%), CSet: 68974K (13%)
[2026-04-03T02:37:25.353+0600][29.709s][info][gc,ergo     ] GC(12) Pacer for Evacuation. Used CSet: 76664K, Free: 1183M, Non-Taxable: 118M, Alloc Tax Rate: 1.1x
[2026-04-03T02:37:25.353+0600][29.709s][info][gc          ] GC(12) Pause Final Mark (unload classes) 0.943ms
[2026-04-03T02:37:25.353+0600][29.709s][info][gc,start    ] GC(12) Concurrent thread roots
[2026-04-03T02:37:25.353+0600][29.709s][info][gc,task     ] GC(12) Using 3 of 6 workers for Concurrent thread roots
[2026-04-03T02:37:25.356+0600][29.712s][info][gc          ] GC(12) Concurrent thread roots 2.724ms
[2026-04-03T02:37:25.356+0600][29.712s][info][gc,start    ] GC(12) Concurrent weak references
[2026-04-03T02:37:25.356+0600][29.712s][info][gc,task     ] GC(12) Using 3 of 6 workers for concurrent weak references
[2026-04-03T02:37:25.356+0600][29.713s][info][gc,ref      ] GC(12) Encountered references: Soft: 3860, Weak: 14853, Final: 84, Phantom: 636
[2026-04-03T02:37:25.357+0600][29.713s][info][gc,ref      ] GC(12) Discovered  references: Soft: 0, Weak: 3079, Final: 0, Phantom: 239
[2026-04-03T02:37:25.357+0600][29.713s][info][gc,ref      ] GC(12) Enqueued    references: Soft: 0, Weak: 567, Final: 0, Phantom: 0
[2026-04-03T02:37:25.357+0600][29.713s][info][gc          ] GC(12) Concurrent weak references 1.205ms
[2026-04-03T02:37:25.357+0600][29.713s][info][gc,start    ] GC(12) Concurrent weak roots
[2026-04-03T02:37:25.357+0600][29.713s][info][gc,task     ] GC(12) Using 3 of 6 workers for concurrent weak root
[2026-04-03T02:37:25.364+0600][29.720s][info][gc          ] GC(12) Concurrent weak roots 6.549ms
[2026-04-03T02:37:25.364+0600][29.720s][info][gc,start    ] GC(12) Concurrent cleanup
[2026-04-03T02:37:25.364+0600][29.720s][info][gc          ] GC(12) Concurrent cleanup 657M->243M(1334M) 0.545ms
[2026-04-03T02:37:25.364+0600][29.720s][info][gc,ergo     ] GC(12) Free: 1171M, Max: 512K regular, 626M humongous, Frag: 47% external, 0% internal; Reserve: 76443K, Max: 512K
[2026-04-03T02:37:25.364+0600][29.721s][info][gc,start    ] GC(12) Concurrent class unloading
[2026-04-03T02:37:25.364+0600][29.721s][info][gc,task     ] GC(12) Using 3 of 6 workers for concurrent class unloading
[2026-04-03T02:37:25.391+0600][29.747s][info][gc          ] GC(12) Concurrent class unloading 26.736ms
[2026-04-03T02:37:25.391+0600][29.747s][info][gc,start    ] GC(12) Concurrent strong roots
[2026-04-03T02:37:25.391+0600][29.747s][info][gc,task     ] GC(12) Using 3 of 6 workers for concurrent strong root
[2026-04-03T02:37:25.393+0600][29.749s][info][gc          ] GC(12) Concurrent strong roots 1.461ms
[2026-04-03T02:37:25.393+0600][29.749s][info][gc,start    ] GC(12) Concurrent evacuation
[2026-04-03T02:37:25.393+0600][29.749s][info][gc,task     ] GC(12) Using 3 of 6 workers for concurrent evacuation
[2026-04-03T02:37:25.397+0600][29.754s][info][gc          ] GC(12) Concurrent evacuation 4.647ms
[2026-04-03T02:37:25.398+0600][29.754s][info][gc,start    ] GC(12) Pause Init Update Refs
[2026-04-03T02:37:25.398+0600][29.754s][info][gc,ergo     ] GC(12) Pacer for Update Refs. Used: 265M, Free: 1155M, Non-Taxable: 115M, Alloc Tax Rate: 1.1x
[2026-04-03T02:37:25.398+0600][29.754s][info][gc          ] GC(12) Pause Init Update Refs 0.188ms
[2026-04-03T02:37:25.398+0600][29.754s][info][gc,start    ] GC(12) Concurrent update references
[2026-04-03T02:37:25.398+0600][29.754s][info][gc,task     ] GC(12) Using 3 of 6 workers for concurrent reference update
[2026-04-03T02:37:25.439+0600][29.796s][info][gc          ] GC(12) Concurrent update references 41.297ms
[2026-04-03T02:37:25.439+0600][29.796s][info][gc,start    ] GC(12) Concurrent update thread roots
[2026-04-03T02:37:25.442+0600][29.798s][info][gc          ] GC(12) Concurrent update thread roots 2.304ms
[2026-04-03T02:37:25.442+0600][29.798s][info][gc,start    ] GC(12) Pause Final Update Refs
[2026-04-03T02:37:25.442+0600][29.798s][info][gc,task     ] GC(12) Using 6 of 6 workers for final reference update
[2026-04-03T02:37:25.442+0600][29.798s][info][gc          ] GC(12) Pause Final Update Refs 0.185ms
[2026-04-03T02:37:25.442+0600][29.799s][info][gc,start    ] GC(12) Concurrent cleanup
[2026-04-03T02:37:25.443+0600][29.799s][info][gc          ] GC(12) Concurrent cleanup 277M->202M(1338M) 0.666ms
[2026-04-03T02:37:25.443+0600][29.799s][info][gc,ergo     ] Free: 1208M, Max: 512K regular, 754M humongous, Frag: 38% external, 0% internal; Reserve: 76800K, Max: 512K
[2026-04-03T02:37:25.443+0600][29.799s][info][gc,stats    ] 
[2026-04-03T02:37:25.443+0600][29.799s][info][gc,stats    ] All times are wall-clock times, except per-root-class counters, that are sum over
[2026-04-03T02:37:25.443+0600][29.799s][info][gc,stats    ] all workers. Dividing the <total> over the root stage time estimates parallelism.
[2026-04-03T02:37:25.443+0600][29.799s][info][gc,stats    ] 
[2026-04-03T02:37:25.443+0600][29.799s][info][gc,stats    ] Concurrent Reset                   5026 us
[2026-04-03T02:37:25.443+0600][29.800s][info][gc,stats    ] Pause Init Mark (G)                 544 us
[2026-04-03T02:37:25.443+0600][29.800s][info][gc,stats    ] Pause Init Mark (N)                 219 us
[2026-04-03T02:37:25.443+0600][29.800s][info][gc,stats    ]   Update Region States               51 us
[2026-04-03T02:37:25.443+0600][29.800s][info][gc,stats    ] Concurrent Mark Roots              1817 us, parallelism: 2.04x
[2026-04-03T02:37:25.443+0600][29.800s][info][gc,stats    ]   CMR: <total>                     3700 us
[2026-04-03T02:37:25.443+0600][29.800s][info][gc,stats    ]   CMR: Thread Roots                3160 us, workers (us): 1191, 1198, 771, ---, ---, ---, 
[2026-04-03T02:37:25.443+0600][29.800s][info][gc,stats    ]   CMR: VM Strong Roots               83 us, workers (us):  47,  24,  11, ---, ---, ---, 
[2026-04-03T02:37:25.443+0600][29.800s][info][gc,stats    ]   CMR: CLDG Roots                   457 us, workers (us): ---, ---, 457, ---, ---, ---, 
[2026-04-03T02:37:25.443+0600][29.800s][info][gc,stats    ] Concurrent Marking                68237 us
[2026-04-03T02:37:25.443+0600][29.800s][info][gc,stats    ] Pause Final Mark (G)               1285 us
[2026-04-03T02:37:25.443+0600][29.800s][info][gc,stats    ] Pause Final Mark (N)                962 us
[2026-04-03T02:37:25.443+0600][29.800s][info][gc,stats    ]   Finish Mark                       197 us
[2026-04-03T02:37:25.443+0600][29.800s][info][gc,stats    ]   Update Region States               70 us
[2026-04-03T02:37:25.443+0600][29.800s][info][gc,stats    ]   Choose Collection Set             212 us
[2026-04-03T02:37:25.443+0600][29.800s][info][gc,stats    ]   Rebuild Free Set                   39 us
[2026-04-03T02:37:25.443+0600][29.800s][info][gc,stats    ] Concurrent Thread Roots            2842 us, parallelism: 1.68x
[2026-04-03T02:37:25.443+0600][29.800s][info][gc,stats    ]   CTR: <total>                     4777 us
[2026-04-03T02:37:25.443+0600][29.800s][info][gc,stats    ]   CTR: Thread Roots                4777 us, workers (us): 2566, 2211,   0, ---, ---, ---, 
[2026-04-03T02:37:25.443+0600][29.800s][info][gc,stats    ] Concurrent Weak References         1248 us, parallelism: 0.50x
[2026-04-03T02:37:25.443+0600][29.800s][info][gc,stats    ]   CWRF: <total>                     628 us
[2026-04-03T02:37:25.443+0600][29.800s][info][gc,stats    ]   CWRF: Weak References             628 us, workers (us): 628,   0,   0, ---, ---, ---, 
[2026-04-03T02:37:25.443+0600][29.800s][info][gc,stats    ] Concurrent Weak Roots              6670 us
[2026-04-03T02:37:25.443+0600][29.800s][info][gc,stats    ]   Roots                            6102 us, parallelism: 2.70x
[2026-04-03T02:37:25.443+0600][29.800s][info][gc,stats    ]     CWR: <total>                  16486 us
[2026-04-03T02:37:25.443+0600][29.800s][info][gc,stats    ]     CWR: Code Cache Roots         13241 us, workers (us): 4348, 4723, 4170, ---, ---, ---, 
[2026-04-03T02:37:25.444+0600][29.800s][info][gc,stats    ]     CWR: VM Weak Roots             2982 us, workers (us): 1004, 991, 987, ---, ---, ---, 
[2026-04-03T02:37:25.444+0600][29.800s][info][gc,stats    ]     CWR: CLDG Roots                 262 us, workers (us): ---, ---, 262, ---, ---, ---, 
[2026-04-03T02:37:25.444+0600][29.800s][info][gc,stats    ]   Rendezvous                        412 us
[2026-04-03T02:37:25.444+0600][29.800s][info][gc,stats    ] Concurrent Cleanup                  590 us
[2026-04-03T02:37:25.444+0600][29.800s][info][gc,stats    ] Concurrent Class Unloading        26876 us
[2026-04-03T02:37:25.444+0600][29.800s][info][gc,stats    ]   Unlink Stale                    19865 us
[2026-04-03T02:37:25.444+0600][29.800s][info][gc,stats    ]     System Dictionary               396 us
[2026-04-03T02:37:25.444+0600][29.800s][info][gc,stats    ]     Weak Class Links                  1 us
[2026-04-03T02:37:25.444+0600][29.800s][info][gc,stats    ]     Code Roots                    19464 us
[2026-04-03T02:37:25.444+0600][29.800s][info][gc,stats    ]   Rendezvous                        482 us
[2026-04-03T02:37:25.444+0600][29.800s][info][gc,stats    ]   Purge Unlinked                   6337 us
[2026-04-03T02:37:25.444+0600][29.800s][info][gc,stats    ]     Code Roots                     6305 us
[2026-04-03T02:37:25.444+0600][29.800s][info][gc,stats    ]     CLDG                             30 us
[2026-04-03T02:37:25.444+0600][29.800s][info][gc,stats    ]     Exception Caches                  0 us
[2026-04-03T02:37:25.444+0600][29.800s][info][gc,stats    ] Concurrent Strong Roots            1551 us, parallelism: 0.63x
[2026-04-03T02:37:25.444+0600][29.800s][info][gc,stats    ]   CSR: <total>                      975 us
[2026-04-03T02:37:25.444+0600][29.800s][info][gc,stats    ]   CSR: VM Strong Roots               78 us, workers (us):  54,  22,   2, ---, ---, ---, 
[2026-04-03T02:37:25.444+0600][29.800s][info][gc,stats    ]   CSR: CLDG Roots                   898 us, workers (us): ---, ---, 898, ---, ---, ---, 
[2026-04-03T02:37:25.444+0600][29.800s][info][gc,stats    ] Concurrent Evacuation              4744 us
[2026-04-03T02:37:25.444+0600][29.800s][info][gc,stats    ] Pause Init Update Refs (G)          510 us
[2026-04-03T02:37:25.444+0600][29.800s][info][gc,stats    ] Pause Init Update Refs (N)          203 us
[2026-04-03T02:37:25.444+0600][29.800s][info][gc,stats    ]   Manage GCLABs                      40 us
[2026-04-03T02:37:25.444+0600][29.800s][info][gc,stats    ] Concurrent Update Refs            41447 us
[2026-04-03T02:37:25.444+0600][29.800s][info][gc,stats    ] Concurrent Update Thread Roots     2400 us
[2026-04-03T02:37:25.444+0600][29.800s][info][gc,stats    ] Pause Final Update Refs (G)         619 us
[2026-04-03T02:37:25.444+0600][29.800s][info][gc,stats    ] Pause Final Update Refs (N)         223 us
[2026-04-03T02:37:25.444+0600][29.800s][info][gc,stats    ]   Update Region States               57 us
[2026-04-03T02:37:25.444+0600][29.800s][info][gc,stats    ]   Trash Collection Set               13 us
[2026-04-03T02:37:25.444+0600][29.800s][info][gc,stats    ]   Rebuild Free Set                   42 us
[2026-04-03T02:37:25.444+0600][29.800s][info][gc,stats    ] Concurrent Cleanup                  689 us
[2026-04-03T02:37:25.444+0600][29.800s][info][gc,stats    ] 
[2026-04-03T02:37:25.444+0600][29.800s][info][gc,stats    ] Allocation pacing accrued:
[2026-04-03T02:37:25.444+0600][29.800s][info][gc,stats    ]       0 of   472 ms (  0.0%): <total>
[2026-04-03T02:37:25.444+0600][29.800s][info][gc,stats    ]       0 of   472 ms (  0.0%): <average total>
[2026-04-03T02:37:25.444+0600][29.800s][info][gc,stats    ] 
[2026-04-03T02:37:25.444+0600][29.800s][info][gc,metaspace] Metaspace: 129610K(130752K)->129644K(130752K) NonClass: 113117K(113728K)->113150K(113728K) Class: 16493K(17024K)->16493K(17024K)
[2026-04-03T02:37:25.444+0600][29.800s][info][gc,ergo     ] Pacer for Idle. Initial: 30720K, Alloc Tax Rate: 1.0x
[2026-04-03T02:37:25.545+0600][29.902s][info][gc          ] Trigger: Average GC time (300.56 ms) is above the time for instantaneous allocation rate (3518 MB/s) to deplete free headroom (779M) (spike threshold = 1.79)
[2026-04-03T02:37:25.546+0600][29.902s][info][gc,ergo     ] Free: 854M, Max: 512K regular, 754M humongous, Frag: 12% external, 0% internal; Reserve: 76800K, Max: 512K
[2026-04-03T02:37:25.546+0600][29.902s][info][gc,start    ] GC(13) Concurrent reset
[2026-04-03T02:37:25.546+0600][29.902s][info][gc,task     ] GC(13) Using 3 of 6 workers for concurrent reset
[2026-04-03T02:37:25.546+0600][29.902s][info][gc,ergo     ] GC(13) Pacer for Reset. Non-Taxable: 1500M
[2026-04-03T02:37:25.547+0600][29.904s][info][gc          ] GC(13) Concurrent reset 1.746ms
[2026-04-03T02:37:25.548+0600][29.904s][info][gc,start    ] GC(13) Pause Init Mark (unload classes)
[2026-04-03T02:37:25.548+0600][29.904s][info][gc,task     ] GC(13) Using 6 of 6 workers for init marking
[2026-04-03T02:37:25.548+0600][29.904s][info][gc,ergo     ] GC(13) Pacer for Mark. Expected Live: 82102K, Free: 851M, Non-Taxable: 87198K, Alloc Tax Rate: 0.1x
[2026-04-03T02:37:25.548+0600][29.904s][info][gc          ] GC(13) Pause Init Mark (unload classes) 0.120ms
[2026-04-03T02:37:25.548+0600][29.904s][info][gc,start    ] GC(13) Concurrent marking roots
[2026-04-03T02:37:25.548+0600][29.904s][info][gc,task     ] GC(13) Using 3 of 6 workers for concurrent marking roots
[2026-04-03T02:37:25.550+0600][29.907s][info][gc          ] GC(13) Concurrent marking roots 2.615ms
[2026-04-03T02:37:25.551+0600][29.907s][info][gc,start    ] GC(13) Concurrent marking (unload classes)
[2026-04-03T02:37:25.551+0600][29.907s][info][gc,task     ] GC(13) Using 3 of 6 workers for concurrent marking
[2026-04-03T02:37:25.614+0600][29.971s][info][gc          ] GC(13) Concurrent marking (unload classes) 63.759ms
[2026-04-03T02:37:25.615+0600][29.971s][info][gc,start    ] GC(13) Pause Final Mark (unload classes)
[2026-04-03T02:37:25.615+0600][29.971s][info][gc,task     ] GC(13) Using 6 of 6 workers for final marking
[2026-04-03T02:37:25.615+0600][29.972s][info][gc,ergo     ] GC(13) Adaptive CSet Selection. Target Free: 212M, Actual Free: 1277M, Max CSet: 64000K, Min Garbage: 0B
[2026-04-03T02:37:25.615+0600][29.972s][info][gc,ergo     ] GC(13) Collectable Garbage: 433M (98%), Immediate: 379M (86%), CSet: 55124K (12%)
[2026-04-03T02:37:25.615+0600][29.972s][info][gc,ergo     ] GC(13) Pacer for Evacuation. Used CSet: 60409K, Free: 1250M, Non-Taxable: 125M, Alloc Tax Rate: 1.1x
[2026-04-03T02:37:25.616+0600][29.972s][info][gc          ] GC(13) Pause Final Mark (unload classes) 0.812ms
[2026-04-03T02:37:25.616+0600][29.972s][info][gc,start    ] GC(13) Concurrent thread roots
[2026-04-03T02:37:25.616+0600][29.972s][info][gc,task     ] GC(13) Using 3 of 6 workers for Concurrent thread roots
[2026-04-03T02:37:25.617+0600][29.973s][info][gc          ] GC(13) Concurrent thread roots 1.328ms
[2026-04-03T02:37:25.617+0600][29.973s][info][gc,start    ] GC(13) Concurrent weak references
[2026-04-03T02:37:25.617+0600][29.973s][info][gc,task     ] GC(13) Using 3 of 6 workers for concurrent weak references
[2026-04-03T02:37:25.618+0600][29.974s][info][gc,ref      ] GC(13) Encountered references: Soft: 3863, Weak: 14520, Final: 84, Phantom: 620
[2026-04-03T02:37:25.618+0600][29.974s][info][gc,ref      ] GC(13) Discovered  references: Soft: 0, Weak: 6234, Final: 0, Phantom: 615
[2026-04-03T02:37:25.618+0600][29.974s][info][gc,ref      ] GC(13) Enqueued    references: Soft: 0, Weak: 232, Final: 0, Phantom: 0
[2026-04-03T02:37:25.618+0600][29.974s][info][gc          ] GC(13) Concurrent weak references 0.891ms
[2026-04-03T02:37:25.618+0600][29.974s][info][gc,start    ] GC(13) Concurrent weak roots
[2026-04-03T02:37:25.618+0600][29.974s][info][gc,task     ] GC(13) Using 3 of 6 workers for concurrent weak root
[2026-04-03T02:37:25.624+0600][29.980s][info][gc          ] GC(13) Concurrent weak roots 5.895ms
[2026-04-03T02:37:25.624+0600][29.980s][info][gc,start    ] GC(13) Concurrent cleanup
[2026-04-03T02:37:25.625+0600][29.981s][info][gc          ] GC(13) Concurrent cleanup 549M->170M(1338M) 0.482ms
[2026-04-03T02:37:25.625+0600][29.981s][info][gc,ergo     ] GC(13) Free: 1249M, Max: 512K regular, 758M humongous, Frag: 40% external, 0% internal; Reserve: 76315K, Max: 512K
[2026-04-03T02:37:25.625+0600][29.981s][info][gc,start    ] GC(13) Concurrent class unloading
[2026-04-03T02:37:25.625+0600][29.981s][info][gc,task     ] GC(13) Using 3 of 6 workers for concurrent class unloading
[2026-04-03T02:37:25.642+0600][29.998s][info][gc          ] GC(13) Concurrent class unloading 17.286ms
[2026-04-03T02:37:25.642+0600][29.998s][info][gc,start    ] GC(13) Concurrent strong roots
[2026-04-03T02:37:25.642+0600][29.998s][info][gc,task     ] GC(13) Using 3 of 6 workers for concurrent strong root
[2026-04-03T02:37:25.643+0600][30.000s][info][gc          ] GC(13) Concurrent strong roots 1.309ms
[2026-04-03T02:37:25.644+0600][30.000s][info][gc,start    ] GC(13) Concurrent evacuation
[2026-04-03T02:37:25.644+0600][30.000s][info][gc,task     ] GC(13) Using 3 of 6 workers for concurrent evacuation
[2026-04-03T02:37:25.647+0600][30.003s][info][gc          ] GC(13) Concurrent evacuation 2.961ms
[2026-04-03T02:37:25.647+0600][30.003s][info][gc,start    ] GC(13) Pause Init Update Refs
[2026-04-03T02:37:25.647+0600][30.003s][info][gc,ergo     ] GC(13) Pacer for Update Refs. Used: 185M, Free: 1240M, Non-Taxable: 124M, Alloc Tax Rate: 1.1x
[2026-04-03T02:37:25.647+0600][30.003s][info][gc          ] GC(13) Pause Init Update Refs 0.122ms
[2026-04-03T02:37:25.649+0600][30.005s][info][gc,start    ] GC(13) Concurrent update references
[2026-04-03T02:37:25.649+0600][30.005s][info][gc,task     ] GC(13) Using 3 of 6 workers for concurrent reference update
[2026-04-03T02:37:25.700+0600][30.056s][info][gc          ] GC(13) Concurrent update references 51.594ms
[2026-04-03T02:37:25.700+0600][30.056s][info][gc,start    ] GC(13) Concurrent update thread roots
[2026-04-03T02:37:25.702+0600][30.059s][info][gc          ] GC(13) Concurrent update thread roots 2.148ms
[2026-04-03T02:37:25.703+0600][30.059s][info][gc,start    ] GC(13) Pause Final Update Refs
[2026-04-03T02:37:25.703+0600][30.059s][info][gc,task     ] GC(13) Using 6 of 6 workers for final reference update
[2026-04-03T02:37:25.703+0600][30.059s][info][gc          ] GC(13) Pause Final Update Refs 0.238ms
[2026-04-03T02:37:25.703+0600][30.059s][info][gc,start    ] GC(13) Concurrent cleanup
[2026-04-03T02:37:25.704+0600][30.060s][info][gc          ] GC(13) Concurrent cleanup 211M->152M(1338M) 0.628ms
[2026-04-03T02:37:25.704+0600][30.060s][info][gc,ergo     ] Free: 1262M, Max: 512K regular, 915M humongous, Frag: 28% external, 0% internal; Reserve: 76800K, Max: 512K
[2026-04-03T02:37:25.704+0600][30.060s][info][gc,stats    ] 
[2026-04-03T02:37:25.704+0600][30.060s][info][gc,stats    ] All times are wall-clock times, except per-root-class counters, that are sum over
[2026-04-03T02:37:25.704+0600][30.060s][info][gc,stats    ] all workers. Dividing the <total> over the root stage time estimates parallelism.
[2026-04-03T02:37:25.704+0600][30.060s][info][gc,stats    ] 
[2026-04-03T02:37:25.704+0600][30.060s][info][gc,stats    ] Concurrent Reset                   1825 us
[2026-04-03T02:37:25.704+0600][30.060s][info][gc,stats    ] Pause Init Mark (G)                 333 us
[2026-04-03T02:37:25.704+0600][30.060s][info][gc,stats    ] Pause Init Mark (N)                 129 us
[2026-04-03T02:37:25.704+0600][30.060s][info][gc,stats    ]   Update Region States               31 us
[2026-04-03T02:37:25.704+0600][30.060s][info][gc,stats    ] Concurrent Mark Roots              2711 us, parallelism: 1.57x
[2026-04-03T02:37:25.704+0600][30.060s][info][gc,stats    ]   CMR: <total>                     4265 us
[2026-04-03T02:37:25.704+0600][30.060s][info][gc,stats    ]   CMR: Thread Roots                3770 us, workers (us): 2063, 1706,   0, ---, ---, ---, 
[2026-04-03T02:37:25.704+0600][30.060s][info][gc,stats    ]   CMR: VM Strong Roots               63 us, workers (us):  44,  19,   0, ---, ---, ---, 
[2026-04-03T02:37:25.704+0600][30.060s][info][gc,stats    ]   CMR: CLDG Roots                   432 us, workers (us): ---, 432, ---, ---, ---, ---, 
[2026-04-03T02:37:25.704+0600][30.060s][info][gc,stats    ] Concurrent Marking                63908 us
[2026-04-03T02:37:25.704+0600][30.060s][info][gc,stats    ] Pause Final Mark (G)               1295 us
[2026-04-03T02:37:25.704+0600][30.060s][info][gc,stats    ] Pause Final Mark (N)                826 us
[2026-04-03T02:37:25.704+0600][30.060s][info][gc,stats    ]   Finish Mark                       335 us
[2026-04-03T02:37:25.704+0600][30.060s][info][gc,stats    ]   Update Region States               56 us
[2026-04-03T02:37:25.704+0600][30.060s][info][gc,stats    ]   Choose Collection Set             176 us
[2026-04-03T02:37:25.704+0600][30.060s][info][gc,stats    ]   Rebuild Free Set                   34 us
[2026-04-03T02:37:25.704+0600][30.060s][info][gc,stats    ] Concurrent Thread Roots            1373 us, parallelism: 2.37x
[2026-04-03T02:37:25.704+0600][30.060s][info][gc,stats    ]   CTR: <total>                     3248 us
[2026-04-03T02:37:25.704+0600][30.060s][info][gc,stats    ]   CTR: Thread Roots                3248 us, workers (us): 1091, 1088, 1070, ---, ---, ---, 
[2026-04-03T02:37:25.704+0600][30.060s][info][gc,stats    ] Concurrent Weak References          906 us, parallelism: 1.17x
[2026-04-03T02:37:25.704+0600][30.060s][info][gc,stats    ]   CWRF: <total>                    1060 us
[2026-04-03T02:37:25.704+0600][30.060s][info][gc,stats    ]   CWRF: Weak References            1060 us, workers (us): 338, 646,  76, ---, ---, ---, 
[2026-04-03T02:37:25.704+0600][30.060s][info][gc,stats    ] Concurrent Weak Roots              6068 us
[2026-04-03T02:37:25.704+0600][30.060s][info][gc,stats    ]   Roots                            5249 us, parallelism: 2.67x
[2026-04-03T02:37:25.704+0600][30.060s][info][gc,stats    ]     CWR: <total>                  14021 us
[2026-04-03T02:37:25.704+0600][30.060s][info][gc,stats    ]     CWR: Code Cache Roots         11135 us, workers (us): 3498, 3696, 3941, ---, ---, ---, 
[2026-04-03T02:37:25.704+0600][30.060s][info][gc,stats    ]     CWR: VM Weak Roots             2587 us, workers (us): 903, 843, 841, ---, ---, ---, 
[2026-04-03T02:37:25.704+0600][30.060s][info][gc,stats    ]     CWR: CLDG Roots                 299 us, workers (us): 299, ---, ---, ---, ---, ---, 
[2026-04-03T02:37:25.704+0600][30.060s][info][gc,stats    ]   Rendezvous                        612 us
[2026-04-03T02:37:25.704+0600][30.060s][info][gc,stats    ] Concurrent Cleanup                  536 us
[2026-04-03T02:37:25.704+0600][30.060s][info][gc,stats    ] Concurrent Class Unloading        17408 us
[2026-04-03T02:37:25.704+0600][30.060s][info][gc,stats    ]   Unlink Stale                    14003 us
[2026-04-03T02:37:25.704+0600][30.060s][info][gc,stats    ]     System Dictionary               392 us
[2026-04-03T02:37:25.704+0600][30.061s][info][gc,stats    ]     Weak Class Links                  1 us
[2026-04-03T02:37:25.704+0600][30.061s][info][gc,stats    ]     Code Roots                    13606 us
[2026-04-03T02:37:25.704+0600][30.061s][info][gc,stats    ]   Rendezvous                        378 us
[2026-04-03T02:37:25.704+0600][30.061s][info][gc,stats    ]   Purge Unlinked                   2846 us
[2026-04-03T02:37:25.704+0600][30.061s][info][gc,stats    ]     Code Roots                     2828 us
[2026-04-03T02:37:25.704+0600][30.061s][info][gc,stats    ]     CLDG                             16 us
[2026-04-03T02:37:25.704+0600][30.061s][info][gc,stats    ]     Exception Caches                  0 us
[2026-04-03T02:37:25.704+0600][30.061s][info][gc,stats    ] Concurrent Strong Roots            1420 us, parallelism: 0.63x
[2026-04-03T02:37:25.704+0600][30.061s][info][gc,stats    ]   CSR: <total>                      892 us
[2026-04-03T02:37:25.704+0600][30.061s][info][gc,stats    ]   CSR: VM Strong Roots               78 us, workers (us):  41,  24,  13, ---, ---, ---, 
[2026-04-03T02:37:25.704+0600][30.061s][info][gc,stats    ]   CSR: CLDG Roots                   814 us, workers (us): 814, ---, ---, ---, ---, ---, 
[2026-04-03T02:37:25.704+0600][30.061s][info][gc,stats    ] Concurrent Evacuation              3069 us
[2026-04-03T02:37:25.704+0600][30.061s][info][gc,stats    ] Pause Init Update Refs (G)         1851 us
[2026-04-03T02:37:25.704+0600][30.061s][info][gc,stats    ] Pause Init Update Refs (N)          136 us
[2026-04-03T02:37:25.704+0600][30.061s][info][gc,stats    ]   Manage GCLABs                      42 us
[2026-04-03T02:37:25.704+0600][30.061s][info][gc,stats    ] Concurrent Update Refs            51715 us
[2026-04-03T02:37:25.704+0600][30.061s][info][gc,stats    ] Concurrent Update Thread Roots     2216 us
[2026-04-03T02:37:25.704+0600][30.061s][info][gc,stats    ] Pause Final Update Refs (G)         459 us
[2026-04-03T02:37:25.704+0600][30.061s][info][gc,stats    ] Pause Final Update Refs (N)         275 us
[2026-04-03T02:37:25.705+0600][30.061s][info][gc,stats    ]   Update Region States               84 us
[2026-04-03T02:37:25.705+0600][30.061s][info][gc,stats    ]   Trash Collection Set               14 us
[2026-04-03T02:37:25.705+0600][30.061s][info][gc,stats    ]   Rebuild Free Set                   39 us
[2026-04-03T02:37:25.705+0600][30.061s][info][gc,stats    ] Concurrent Cleanup                  664 us
[2026-04-03T02:37:25.705+0600][30.061s][info][gc,stats    ] 
[2026-04-03T02:37:25.705+0600][30.061s][info][gc,stats    ] Allocation pacing accrued:
[2026-04-03T02:37:25.705+0600][30.061s][info][gc,stats    ]       0 of   261 ms (  0.0%): <total>
[2026-04-03T02:37:25.705+0600][30.061s][info][gc,stats    ]       0 of   261 ms (  0.0%): <average total>
[2026-04-03T02:37:25.705+0600][30.061s][info][gc,stats    ] 
[2026-04-03T02:37:25.705+0600][30.061s][info][gc,metaspace] Metaspace: 129661K(130816K)->129818K(130944K) NonClass: 113167K(113792K)->113322K(113920K) Class: 16494K(17024K)->16495K(17024K)
[2026-04-03T02:37:25.705+0600][30.061s][info][gc,ergo     ] Pacer for Idle. Initial: 30720K, Alloc Tax Rate: 1.0x
[2026-04-03T02:37:26.987+0600][31.343s][info][gc          ] Trigger: Average GC time (257.57 ms) is above the time for average allocation rate (982 MB/s) to deplete free headroom (252M) (margin of error = 1.80)
[2026-04-03T02:37:26.987+0600][31.343s][info][gc,ergo     ] Free headroom: 327M (free) - 76800K (spike) - 0B (penalties) = 252M
[2026-04-03T02:37:26.987+0600][31.343s][info][gc,ergo     ] Free: 327M, Max: 512K regular, 326M humongous, Frag: 0% external, 0% internal; Reserve: 76800K, Max: 512K
[2026-04-03T02:37:26.987+0600][31.344s][info][gc,start    ] GC(14) Concurrent reset
[2026-04-03T02:37:26.987+0600][31.344s][info][gc,task     ] GC(14) Using 3 of 6 workers for concurrent reset
[2026-04-03T02:37:26.987+0600][31.344s][info][gc,ergo     ] GC(14) Pacer for Reset. Non-Taxable: 1500M
[2026-04-03T02:37:26.990+0600][31.346s][info][gc          ] GC(14) Concurrent reset 2.252ms
[2026-04-03T02:37:26.991+0600][31.347s][info][gc,start    ] GC(14) Pause Init Mark (unload classes)
[2026-04-03T02:37:26.991+0600][31.347s][info][gc,task     ] GC(14) Using 6 of 6 workers for init marking
[2026-04-03T02:37:26.991+0600][31.347s][info][gc,ergo     ] GC(14) Pacer for Mark. Expected Live: 83383K, Free: 325M, Non-Taxable: 33280K, Alloc Tax Rate: 0.3x
[2026-04-03T02:37:26.991+0600][31.347s][info][gc          ] GC(14) Pause Init Mark (unload classes) 0.162ms
[2026-04-03T02:37:26.991+0600][31.347s][info][gc,start    ] GC(14) Concurrent marking roots
[2026-04-03T02:37:26.991+0600][31.347s][info][gc,task     ] GC(14) Using 3 of 6 workers for concurrent marking roots
[2026-04-03T02:37:26.993+0600][31.349s][info][gc          ] GC(14) Concurrent marking roots 1.876ms
[2026-04-03T02:37:26.993+0600][31.349s][info][gc,start    ] GC(14) Concurrent marking (unload classes)
[2026-04-03T02:37:26.993+0600][31.349s][info][gc,task     ] GC(14) Using 3 of 6 workers for concurrent marking
[2026-04-03T02:37:27.066+0600][31.423s][info][gc          ] GC(14) Concurrent marking (unload classes) 73.304ms
[2026-04-03T02:37:27.067+0600][31.423s][info][gc,start    ] GC(14) Pause Final Mark (unload classes)
[2026-04-03T02:37:27.067+0600][31.423s][info][gc,task     ] GC(14) Using 6 of 6 workers for final marking
[2026-04-03T02:37:27.067+0600][31.423s][info][gc,ergo     ] GC(14) Adaptive CSet Selection. Target Free: 212M, Actual Free: 1036M, Max CSet: 64000K, Min Garbage: 0B
[2026-04-03T02:37:27.067+0600][31.424s][info][gc,ergo     ] GC(14) Collectable Garbage: 910M (99%), Immediate: 682M (74%), CSet: 227M (24%)
[2026-04-03T02:37:27.067+0600][31.424s][info][gc,ergo     ] GC(14) Pacer for Evacuation. Used CSet: 235M, Free: 1054M, Non-Taxable: 105M, Alloc Tax Rate: 1.1x
[2026-04-03T02:37:27.067+0600][31.424s][info][gc          ] GC(14) Pause Final Mark (unload classes) 0.726ms
[2026-04-03T02:37:27.068+0600][31.424s][info][gc,start    ] GC(14) Concurrent thread roots
[2026-04-03T02:37:27.068+0600][31.424s][info][gc,task     ] GC(14) Using 3 of 6 workers for Concurrent thread roots
[2026-04-03T02:37:27.070+0600][31.426s][info][gc          ] GC(14) Concurrent thread roots 1.928ms
[2026-04-03T02:37:27.070+0600][31.426s][info][gc,start    ] GC(14) Concurrent weak references
[2026-04-03T02:37:27.070+0600][31.426s][info][gc,task     ] GC(14) Using 3 of 6 workers for concurrent weak references
[2026-04-03T02:37:27.071+0600][31.427s][info][gc,ref      ] GC(14) Encountered references: Soft: 3862, Weak: 15798, Final: 84, Phantom: 620
[2026-04-03T02:37:27.071+0600][31.428s][info][gc,ref      ] GC(14) Discovered  references: Soft: 0, Weak: 8956, Final: 84, Phantom: 222
[2026-04-03T02:37:27.071+0600][31.428s][info][gc,ref      ] GC(14) Enqueued    references: Soft: 0, Weak: 404, Final: 0, Phantom: 0
[2026-04-03T02:37:27.071+0600][31.428s][info][gc          ] GC(14) Concurrent weak references 1.368ms
[2026-04-03T02:37:27.071+0600][31.428s][info][gc,start    ] GC(14) Concurrent weak roots
[2026-04-03T02:37:27.071+0600][31.428s][info][gc,task     ] GC(14) Using 3 of 6 workers for concurrent weak root
[2026-04-03T02:37:27.078+0600][31.435s][info][gc          ] GC(14) Concurrent weak roots 6.990ms
[2026-04-03T02:37:27.078+0600][31.435s][info][gc,start    ] GC(14) Concurrent cleanup
[2026-04-03T02:37:27.079+0600][31.436s][info][gc          ] GC(14) Concurrent cleanup 1053M->370M(1338M) 0.904ms
[2026-04-03T02:37:27.079+0600][31.436s][info][gc,ergo     ] GC(14) Free: 1047M, Max: 512K regular, 271M humongous, Frag: 75% external, 0% internal; Reserve: 76196K, Max: 512K
[2026-04-03T02:37:27.079+0600][31.436s][info][gc,start    ] GC(14) Concurrent class unloading
[2026-04-03T02:37:27.079+0600][31.436s][info][gc,task     ] GC(14) Using 3 of 6 workers for concurrent class unloading
[2026-04-03T02:37:27.106+0600][31.462s][info][gc          ] GC(14) Concurrent class unloading 26.283ms
[2026-04-03T02:37:27.106+0600][31.462s][info][gc,start    ] GC(14) Concurrent strong roots
[2026-04-03T02:37:27.106+0600][31.462s][info][gc,task     ] GC(14) Using 3 of 6 workers for concurrent strong root
[2026-04-03T02:37:27.107+0600][31.464s][info][gc          ] GC(14) Concurrent strong roots 1.528ms
[2026-04-03T02:37:27.107+0600][31.464s][info][gc,start    ] GC(14) Concurrent evacuation
[2026-04-03T02:37:27.107+0600][31.464s][info][gc,task     ] GC(14) Using 3 of 6 workers for concurrent evacuation
[2026-04-03T02:37:27.111+0600][31.468s][info][gc          ] GC(14) Concurrent evacuation 3.963ms
[2026-04-03T02:37:27.112+0600][31.468s][info][gc,start    ] GC(14) Pause Init Update Refs
[2026-04-03T02:37:27.112+0600][31.468s][info][gc,ergo     ] GC(14) Pacer for Update Refs. Used: 391M, Free: 1033M, Non-Taxable: 103M, Alloc Tax Rate: 1.1x
[2026-04-03T02:37:27.112+0600][31.468s][info][gc          ] GC(14) Pause Init Update Refs 0.141ms
[2026-04-03T02:37:27.112+0600][31.468s][info][gc,start    ] GC(14) Concurrent update references
[2026-04-03T02:37:27.112+0600][31.468s][info][gc,task     ] GC(14) Using 3 of 6 workers for concurrent reference update
[2026-04-03T02:37:27.163+0600][31.519s][info][gc          ] GC(14) Concurrent update references 50.608ms
[2026-04-03T02:37:27.163+0600][31.519s][info][gc,start    ] GC(14) Concurrent update thread roots
[2026-04-03T02:37:27.164+0600][31.520s][info][gc          ] GC(14) Concurrent update thread roots 1.440ms
[2026-04-03T02:37:27.164+0600][31.521s][info][gc,start    ] GC(14) Pause Final Update Refs
[2026-04-03T02:37:27.164+0600][31.521s][info][gc,task     ] GC(14) Using 6 of 6 workers for final reference update
[2026-04-03T02:37:27.165+0600][31.521s][info][gc          ] GC(14) Pause Final Update Refs 0.221ms
[2026-04-03T02:37:27.165+0600][31.521s][info][gc,start    ] GC(14) Concurrent cleanup
[2026-04-03T02:37:27.165+0600][31.522s][info][gc          ] GC(14) Concurrent cleanup 422M->189M(1338M) 0.757ms
[2026-04-03T02:37:27.166+0600][31.522s][info][gc,ergo     ] Free: 1223M, Max: 512K regular, 746M humongous, Frag: 39% external, 0% internal; Reserve: 76800K, Max: 512K
[2026-04-03T02:37:27.166+0600][31.522s][info][gc,stats    ] 
[2026-04-03T02:37:27.166+0600][31.522s][info][gc,stats    ] All times are wall-clock times, except per-root-class counters, that are sum over
[2026-04-03T02:37:27.166+0600][31.522s][info][gc,stats    ] all workers. Dividing the <total> over the root stage time estimates parallelism.
[2026-04-03T02:37:27.166+0600][31.522s][info][gc,stats    ] 
[2026-04-03T02:37:27.166+0600][31.522s][info][gc,stats    ] Concurrent Reset                   2346 us
[2026-04-03T02:37:27.166+0600][31.522s][info][gc,stats    ] Pause Init Mark (G)                1503 us
[2026-04-03T02:37:27.166+0600][31.522s][info][gc,stats    ] Pause Init Mark (N)                 172 us
[2026-04-03T02:37:27.166+0600][31.522s][info][gc,stats    ]   Update Region States               47 us
[2026-04-03T02:37:27.166+0600][31.522s][info][gc,stats    ] Concurrent Mark Roots              1947 us, parallelism: 2.02x
[2026-04-03T02:37:27.166+0600][31.522s][info][gc,stats    ]   CMR: <total>                     3928 us
[2026-04-03T02:37:27.166+0600][31.522s][info][gc,stats    ]   CMR: Thread Roots                3366 us, workers (us): 1292, 771, 1303, ---, ---, ---, 
[2026-04-03T02:37:27.166+0600][31.522s][info][gc,stats    ]   CMR: VM Strong Roots               64 us, workers (us):  33,  30,   2, ---, ---, ---, 
[2026-04-03T02:37:27.166+0600][31.522s][info][gc,stats    ]   CMR: CLDG Roots                   498 us, workers (us): ---, 498, ---, ---, ---, ---, 
[2026-04-03T02:37:27.166+0600][31.522s][info][gc,stats    ] Concurrent Marking                73456 us
[2026-04-03T02:37:27.166+0600][31.522s][info][gc,stats    ] Pause Final Mark (G)               1404 us
[2026-04-03T02:37:27.166+0600][31.522s][info][gc,stats    ] Pause Final Mark (N)                740 us
[2026-04-03T02:37:27.166+0600][31.522s][info][gc,stats    ]   Finish Mark                       218 us
[2026-04-03T02:37:27.166+0600][31.522s][info][gc,stats    ]   Update Region States               66 us
[2026-04-03T02:37:27.166+0600][31.522s][info][gc,stats    ]   Choose Collection Set             267 us
[2026-04-03T02:37:27.166+0600][31.522s][info][gc,stats    ]   Rebuild Free Set                   47 us
[2026-04-03T02:37:27.166+0600][31.522s][info][gc,stats    ] Concurrent Thread Roots            2020 us, parallelism: 1.51x
[2026-04-03T02:37:27.166+0600][31.522s][info][gc,stats    ]   CTR: <total>                     3054 us
[2026-04-03T02:37:27.166+0600][31.522s][info][gc,stats    ]   CTR: Thread Roots                3054 us, workers (us): 1677, 1376,   0, ---, ---, ---, 
[2026-04-03T02:37:27.166+0600][31.522s][info][gc,stats    ] Concurrent Weak References         1386 us, parallelism: 1.18x
[2026-04-03T02:37:27.166+0600][31.522s][info][gc,stats    ]   CWRF: <total>                    1640 us
[2026-04-03T02:37:27.166+0600][31.522s][info][gc,stats    ]   CWRF: Weak References            1640 us, workers (us): 559, 1081,   0, ---, ---, ---, 
[2026-04-03T02:37:27.166+0600][31.522s][info][gc,stats    ] Concurrent Weak Roots              7084 us
[2026-04-03T02:37:27.166+0600][31.522s][info][gc,stats    ]   Roots                            6381 us, parallelism: 2.41x
[2026-04-03T02:37:27.166+0600][31.522s][info][gc,stats    ]     CWR: <total>                  15409 us
[2026-04-03T02:37:27.166+0600][31.522s][info][gc,stats    ]     CWR: Code Cache Roots         11248 us, workers (us): 3508, 3812, 3927, ---, ---, ---, 
[2026-04-03T02:37:27.166+0600][31.522s][info][gc,stats    ]     CWR: VM Weak Roots             3831 us, workers (us): 2019, 1035, 778, ---, ---, ---, 
[2026-04-03T02:37:27.166+0600][31.522s][info][gc,stats    ]     CWR: CLDG Roots                 330 us, workers (us): 330, ---, ---, ---, ---, ---, 
[2026-04-03T02:37:27.166+0600][31.522s][info][gc,stats    ]   Rendezvous                        571 us
[2026-04-03T02:37:27.166+0600][31.522s][info][gc,stats    ] Concurrent Cleanup                  925 us
[2026-04-03T02:37:27.166+0600][31.522s][info][gc,stats    ] Concurrent Class Unloading        26367 us
[2026-04-03T02:37:27.166+0600][31.522s][info][gc,stats    ]   Unlink Stale                    15170 us
[2026-04-03T02:37:27.166+0600][31.522s][info][gc,stats    ]     System Dictionary               335 us
[2026-04-03T02:37:27.166+0600][31.522s][info][gc,stats    ]     Weak Class Links                  0 us
[2026-04-03T02:37:27.166+0600][31.522s][info][gc,stats    ]     Code Roots                    14830 us
[2026-04-03T02:37:27.166+0600][31.522s][info][gc,stats    ]   Rendezvous                        367 us
[2026-04-03T02:37:27.166+0600][31.522s][info][gc,stats    ]   Purge Unlinked                  10717 us
[2026-04-03T02:37:27.166+0600][31.522s][info][gc,stats    ]     Code Roots                    10678 us
[2026-04-03T02:37:27.166+0600][31.522s][info][gc,stats    ]     CLDG                             38 us
[2026-04-03T02:37:27.166+0600][31.522s][info][gc,stats    ]     Exception Caches                  0 us
[2026-04-03T02:37:27.166+0600][31.522s][info][gc,stats    ] Concurrent Strong Roots            1589 us, parallelism: 0.71x
[2026-04-03T02:37:27.166+0600][31.522s][info][gc,stats    ]   CSR: <total>                     1121 us
[2026-04-03T02:37:27.166+0600][31.522s][info][gc,stats    ]   CSR: VM Strong Roots               69 us, workers (us):  58,   8,   4, ---, ---, ---, 
[2026-04-03T02:37:27.166+0600][31.522s][info][gc,stats    ]   CSR: CLDG Roots                  1052 us, workers (us): ---, 1052, ---, ---, ---, ---, 
[2026-04-03T02:37:27.166+0600][31.522s][info][gc,stats    ] Concurrent Evacuation              4049 us
[2026-04-03T02:37:27.166+0600][31.522s][info][gc,stats    ] Pause Init Update Refs (G)          452 us
[2026-04-03T02:37:27.166+0600][31.522s][info][gc,stats    ] Pause Init Update Refs (N)          154 us
[2026-04-03T02:37:27.166+0600][31.522s][info][gc,stats    ]   Manage GCLABs                      47 us
[2026-04-03T02:37:27.166+0600][31.522s][info][gc,stats    ] Concurrent Update Refs            50705 us
[2026-04-03T02:37:27.166+0600][31.522s][info][gc,stats    ] Concurrent Update Thread Roots     1515 us
[2026-04-03T02:37:27.166+0600][31.522s][info][gc,stats    ] Pause Final Update Refs (G)         547 us
[2026-04-03T02:37:27.166+0600][31.522s][info][gc,stats    ] Pause Final Update Refs (N)         242 us
[2026-04-03T02:37:27.166+0600][31.522s][info][gc,stats    ]   Update Region States               61 us
[2026-04-03T02:37:27.166+0600][31.522s][info][gc,stats    ]   Trash Collection Set               25 us
[2026-04-03T02:37:27.166+0600][31.522s][info][gc,stats    ]   Rebuild Free Set                   50 us
[2026-04-03T02:37:27.166+0600][31.522s][info][gc,stats    ] Concurrent Cleanup                  828 us
[2026-04-03T02:37:27.166+0600][31.522s][info][gc,stats    ] 
[2026-04-03T02:37:27.166+0600][31.522s][info][gc,stats    ] Allocation pacing accrued:
[2026-04-03T02:37:27.166+0600][31.522s][info][gc,stats    ]       0 of  1462 ms (  0.0%): <total>
[2026-04-03T02:37:27.166+0600][31.522s][info][gc,stats    ]       0 of  1462 ms (  0.0%): <average total>
[2026-04-03T02:37:27.166+0600][31.522s][info][gc,stats    ] 
[2026-04-03T02:37:27.166+0600][31.522s][info][gc,metaspace] Metaspace: 130053K(131264K)->130063K(131264K) NonClass: 113555K(114176K)->113565K(114176K) Class: 16498K(17088K)->16498K(17088K)
[2026-04-03T02:37:27.166+0600][31.523s][info][gc,ergo     ] Pacer for Idle. Initial: 30720K, Alloc Tax Rate: 1.0x
[2026-04-03T02:37:28.244+0600][32.600s][info][gc          ] Trigger: Average GC time (235.12 ms) is above the time for average allocation rate (1001 MB/s) to deplete free headroom (233M) (margin of error = 1.80)
[2026-04-03T02:37:28.244+0600][32.600s][info][gc,ergo     ] Free headroom: 308M (free) - 76800K (spike) - 0B (penalties) = 233M
[2026-04-03T02:37:28.244+0600][32.600s][info][gc,ergo     ] Free: 308M, Max: 512K regular, 267M humongous, Frag: 14% external, 0% internal; Reserve: 76800K, Max: 512K
[2026-04-03T02:37:28.244+0600][32.600s][info][gc,start    ] GC(15) Concurrent reset
[2026-04-03T02:37:28.244+0600][32.600s][info][gc,task     ] GC(15) Using 3 of 6 workers for concurrent reset
[2026-04-03T02:37:28.244+0600][32.600s][info][gc,ergo     ] GC(15) Pacer for Reset. Non-Taxable: 1500M
[2026-04-03T02:37:28.249+0600][32.605s][info][gc          ] GC(15) Concurrent reset 4.679ms
[2026-04-03T02:37:28.249+0600][32.605s][info][gc,start    ] GC(15) Pause Init Mark (unload classes)
[2026-04-03T02:37:28.249+0600][32.605s][info][gc,task     ] GC(15) Using 6 of 6 workers for init marking
[2026-04-03T02:37:28.249+0600][32.605s][info][gc,ergo     ] GC(15) Pacer for Mark. Expected Live: 85471K, Free: 302M, Non-Taxable: 30971K, Alloc Tax Rate: 0.3x
[2026-04-03T02:37:28.249+0600][32.605s][info][gc          ] GC(15) Pause Init Mark (unload classes) 0.215ms
[2026-04-03T02:37:28.249+0600][32.606s][info][gc,start    ] GC(15) Concurrent marking roots
[2026-04-03T02:37:28.249+0600][32.606s][info][gc,task     ] GC(15) Using 3 of 6 workers for concurrent marking roots
[2026-04-03T02:37:28.252+0600][32.608s][info][gc          ] GC(15) Concurrent marking roots 2.300ms
[2026-04-03T02:37:28.252+0600][32.608s][info][gc,start    ] GC(15) Concurrent marking (unload classes)
[2026-04-03T02:37:28.252+0600][32.608s][info][gc,task     ] GC(15) Using 3 of 6 workers for concurrent marking
[2026-04-03T02:37:28.331+0600][32.687s][info][gc          ] GC(15) Concurrent marking (unload classes) 79.308ms
[2026-04-03T02:37:28.331+0600][32.687s][info][gc,start    ] GC(15) Pause Final Mark (unload classes)
[2026-04-03T02:37:28.331+0600][32.688s][info][gc,task     ] GC(15) Using 6 of 6 workers for final marking
[2026-04-03T02:37:28.332+0600][32.688s][info][gc,ergo     ] GC(15) Adaptive CSet Selection. Target Free: 212M, Actual Free: 1021M, Max CSet: 64000K, Min Garbage: 0B
[2026-04-03T02:37:28.332+0600][32.688s][info][gc,ergo     ] GC(15) Collectable Garbage: 933M (99%), Immediate: 696M (74%), CSet: 237M (25%)
[2026-04-03T02:37:28.332+0600][32.688s][info][gc,ergo     ] GC(15) Pacer for Evacuation. Used CSet: 243M, Free: 1039M, Non-Taxable: 103M, Alloc Tax Rate: 1.1x
[2026-04-03T02:37:28.332+0600][32.688s][info][gc          ] GC(15) Pause Final Mark (unload classes) 0.974ms
[2026-04-03T02:37:28.332+0600][32.689s][info][gc,start    ] GC(15) Concurrent thread roots
[2026-04-03T02:37:28.332+0600][32.689s][info][gc,task     ] GC(15) Using 3 of 6 workers for Concurrent thread roots
[2026-04-03T02:37:28.334+0600][32.690s][info][gc          ] GC(15) Concurrent thread roots 1.395ms
[2026-04-03T02:37:28.334+0600][32.690s][info][gc,start    ] GC(15) Concurrent weak references
[2026-04-03T02:37:28.334+0600][32.690s][info][gc,task     ] GC(15) Using 3 of 6 workers for concurrent weak references
[2026-04-03T02:37:28.335+0600][32.692s][info][gc,ref      ] GC(15) Encountered references: Soft: 3863, Weak: 16906, Final: 84, Phantom: 623
[2026-04-03T02:37:28.335+0600][32.692s][info][gc,ref      ] GC(15) Discovered  references: Soft: 0, Weak: 8660, Final: 48, Phantom: 616
[2026-04-03T02:37:28.335+0600][32.692s][info][gc,ref      ] GC(15) Enqueued    references: Soft: 0, Weak: 1634, Final: 0, Phantom: 0
[2026-04-03T02:37:28.335+0600][32.692s][info][gc          ] GC(15) Concurrent weak references 1.580ms
[2026-04-03T02:37:28.335+0600][32.692s][info][gc,start    ] GC(15) Concurrent weak roots
[2026-04-03T02:37:28.335+0600][32.692s][info][gc,task     ] GC(15) Using 3 of 6 workers for concurrent weak root
[2026-04-03T02:37:28.341+0600][32.697s][info][gc          ] GC(15) Concurrent weak roots 5.724ms
[2026-04-03T02:37:28.341+0600][32.697s][info][gc,start    ] GC(15) Concurrent cleanup
[2026-04-03T02:37:28.342+0600][32.698s][info][gc          ] GC(15) Concurrent cleanup 1080M->384M(1338M) 0.858ms
[2026-04-03T02:37:28.342+0600][32.698s][info][gc,ergo     ] GC(15) Free: 1032M, Max: 512K regular, 243M humongous, Frag: 77% external, 0% internal; Reserve: 76296K, Max: 512K
[2026-04-03T02:37:28.342+0600][32.698s][info][gc,start    ] GC(15) Concurrent class unloading
[2026-04-03T02:37:28.342+0600][32.698s][info][gc,task     ] GC(15) Using 3 of 6 workers for concurrent class unloading
[2026-04-03T02:37:28.365+0600][32.721s][info][gc          ] GC(15) Concurrent class unloading 22.913ms
[2026-04-03T02:37:28.365+0600][32.721s][info][gc,start    ] GC(15) Concurrent strong roots
[2026-04-03T02:37:28.365+0600][32.721s][info][gc,task     ] GC(15) Using 3 of 6 workers for concurrent strong root
[2026-04-03T02:37:28.367+0600][32.723s][info][gc          ] GC(15) Concurrent strong roots 1.838ms
[2026-04-03T02:37:28.367+0600][32.723s][info][gc,start    ] GC(15) Concurrent evacuation
[2026-04-03T02:37:28.367+0600][32.723s][info][gc,task     ] GC(15) Using 3 of 6 workers for concurrent evacuation
[2026-04-03T02:37:28.371+0600][32.728s][info][gc          ] GC(15) Concurrent evacuation 4.352ms
[2026-04-03T02:37:28.372+0600][32.728s][info][gc,start    ] GC(15) Pause Init Update Refs
[2026-04-03T02:37:28.372+0600][32.728s][info][gc,ergo     ] GC(15) Pacer for Update Refs. Used: 398M, Free: 1024M, Non-Taxable: 102M, Alloc Tax Rate: 1.1x
[2026-04-03T02:37:28.372+0600][32.728s][info][gc          ] GC(15) Pause Init Update Refs 0.127ms
[2026-04-03T02:37:28.372+0600][32.728s][info][gc,start    ] GC(15) Concurrent update references
[2026-04-03T02:37:28.372+0600][32.728s][info][gc,task     ] GC(15) Using 3 of 6 workers for concurrent reference update
[2026-04-03T02:37:28.430+0600][32.786s][info][gc          ] GC(15) Concurrent update references 57.952ms
[2026-04-03T02:37:28.430+0600][32.786s][info][gc,start    ] GC(15) Concurrent update thread roots
[2026-04-03T02:37:28.432+0600][32.788s][info][gc          ] GC(15) Concurrent update thread roots 1.712ms
[2026-04-03T02:37:28.432+0600][32.788s][info][gc,start    ] GC(15) Pause Final Update Refs
[2026-04-03T02:37:28.432+0600][32.788s][info][gc,task     ] GC(15) Using 6 of 6 workers for final reference update
[2026-04-03T02:37:28.432+0600][32.788s][info][gc          ] GC(15) Pause Final Update Refs 0.222ms
[2026-04-03T02:37:28.432+0600][32.789s][info][gc,start    ] GC(15) Concurrent cleanup
[2026-04-03T02:37:28.433+0600][32.789s][info][gc          ] GC(15) Concurrent cleanup 428M->185M(1339M) 0.677ms
[2026-04-03T02:37:28.433+0600][32.789s][info][gc,ergo     ] Free: 1226M, Max: 512K regular, 711M humongous, Frag: 43% external, 0% internal; Reserve: 76800K, Max: 512K
[2026-04-03T02:37:28.433+0600][32.789s][info][gc,stats    ] 
[2026-04-03T02:37:28.433+0600][32.789s][info][gc,stats    ] All times are wall-clock times, except per-root-class counters, that are sum over
[2026-04-03T02:37:28.433+0600][32.789s][info][gc,stats    ] all workers. Dividing the <total> over the root stage time estimates parallelism.
[2026-04-03T02:37:28.433+0600][32.789s][info][gc,stats    ] 
[2026-04-03T02:37:28.433+0600][32.789s][info][gc,stats    ] Concurrent Reset                   4780 us
[2026-04-03T02:37:28.433+0600][32.789s][info][gc,stats    ] Pause Init Mark (G)                 672 us
[2026-04-03T02:37:28.433+0600][32.789s][info][gc,stats    ] Pause Init Mark (N)                 230 us
[2026-04-03T02:37:28.433+0600][32.789s][info][gc,stats    ]   Update Region States               64 us
[2026-04-03T02:37:28.433+0600][32.790s][info][gc,stats    ] Concurrent Mark Roots              2428 us, parallelism: 2.08x
[2026-04-03T02:37:28.433+0600][32.790s][info][gc,stats    ]   CMR: <total>                     5059 us
[2026-04-03T02:37:28.433+0600][32.790s][info][gc,stats    ]   CMR: Thread Roots                4344 us, workers (us): 1645, 1067, 1632, ---, ---, ---, 
[2026-04-03T02:37:28.433+0600][32.790s][info][gc,stats    ]   CMR: VM Strong Roots              122 us, workers (us):  87,  34,   1, ---, ---, ---, 
[2026-04-03T02:37:28.433+0600][32.790s][info][gc,stats    ]   CMR: CLDG Roots                   593 us, workers (us): ---, 593, ---, ---, ---, ---, 
[2026-04-03T02:37:28.433+0600][32.790s][info][gc,stats    ] Concurrent Marking                79392 us
[2026-04-03T02:37:28.433+0600][32.790s][info][gc,stats    ] Pause Final Mark (G)               1180 us
[2026-04-03T02:37:28.433+0600][32.790s][info][gc,stats    ] Pause Final Mark (N)                995 us
[2026-04-03T02:37:28.433+0600][32.790s][info][gc,stats    ]   Finish Mark                       285 us
[2026-04-03T02:37:28.433+0600][32.790s][info][gc,stats    ]   Update Region States               77 us
[2026-04-03T02:37:28.433+0600][32.790s][info][gc,stats    ]   Choose Collection Set             307 us
[2026-04-03T02:37:28.433+0600][32.790s][info][gc,stats    ]   Rebuild Free Set                   46 us
[2026-04-03T02:37:28.433+0600][32.790s][info][gc,stats    ] Concurrent Thread Roots            1451 us, parallelism: 2.40x
[2026-04-03T02:37:28.433+0600][32.790s][info][gc,stats    ]   CTR: <total>                     3487 us
[2026-04-03T02:37:28.433+0600][32.790s][info][gc,stats    ]   CTR: Thread Roots                3487 us, workers (us): 1165, 1169, 1152, ---, ---, ---, 
[2026-04-03T02:37:28.434+0600][32.790s][info][gc,stats    ] Concurrent Weak References         1595 us, parallelism: 1.04x
[2026-04-03T02:37:28.434+0600][32.790s][info][gc,stats    ]   CWRF: <total>                    1662 us
[2026-04-03T02:37:28.434+0600][32.790s][info][gc,stats    ]   CWRF: Weak References            1662 us, workers (us): 1393, 266,   2, ---, ---, ---, 
[2026-04-03T02:37:28.434+0600][32.790s][info][gc,stats    ] Concurrent Weak Roots              5819 us
[2026-04-03T02:37:28.434+0600][32.790s][info][gc,stats    ]   Roots                            5125 us, parallelism: 2.71x
[2026-04-03T02:37:28.434+0600][32.790s][info][gc,stats    ]     CWR: <total>                  13894 us
[2026-04-03T02:37:28.434+0600][32.790s][info][gc,stats    ]     CWR: Code Cache Roots         10275 us, workers (us): 3429, 3541, 3304, ---, ---, ---, 
[2026-04-03T02:37:28.434+0600][32.790s][info][gc,stats    ]     CWR: VM Weak Roots             3317 us, workers (us): 1140, 1099, 1078, ---, ---, ---, 
[2026-04-03T02:37:28.434+0600][32.790s][info][gc,stats    ]     CWR: CLDG Roots                 301 us, workers (us): ---, ---, 301, ---, ---, ---, 
[2026-04-03T02:37:28.434+0600][32.790s][info][gc,stats    ]   Rendezvous                        539 us
[2026-04-03T02:37:28.434+0600][32.790s][info][gc,stats    ] Concurrent Cleanup                  885 us
[2026-04-03T02:37:28.434+0600][32.790s][info][gc,stats    ] Concurrent Class Unloading        23008 us
[2026-04-03T02:37:28.434+0600][32.790s][info][gc,stats    ]   Unlink Stale                    14569 us
[2026-04-03T02:37:28.434+0600][32.790s][info][gc,stats    ]     System Dictionary               279 us
[2026-04-03T02:37:28.434+0600][32.790s][info][gc,stats    ]     Weak Class Links                  0 us
[2026-04-03T02:37:28.434+0600][32.790s][info][gc,stats    ]     Code Roots                    14286 us
[2026-04-03T02:37:28.434+0600][32.790s][info][gc,stats    ]   Rendezvous                        503 us
[2026-04-03T02:37:28.434+0600][32.790s][info][gc,stats    ]   Purge Unlinked                   7808 us
[2026-04-03T02:37:28.434+0600][32.790s][info][gc,stats    ]     Code Roots                     7779 us
[2026-04-03T02:37:28.434+0600][32.790s][info][gc,stats    ]     CLDG                             27 us
[2026-04-03T02:37:28.434+0600][32.790s][info][gc,stats    ]     Exception Caches                  0 us
[2026-04-03T02:37:28.434+0600][32.790s][info][gc,stats    ] Concurrent Strong Roots            1923 us, parallelism: 0.75x
[2026-04-03T02:37:28.434+0600][32.790s][info][gc,stats    ]   CSR: <total>                     1446 us
[2026-04-03T02:37:28.434+0600][32.790s][info][gc,stats    ]   CSR: VM Strong Roots               79 us, workers (us):  37,  28,  14, ---, ---, ---, 
[2026-04-03T02:37:28.434+0600][32.790s][info][gc,stats    ]   CSR: CLDG Roots                  1367 us, workers (us): ---, ---, 1367, ---, ---, ---, 
[2026-04-03T02:37:28.434+0600][32.790s][info][gc,stats    ] Concurrent Evacuation              4430 us
[2026-04-03T02:37:28.434+0600][32.790s][info][gc,stats    ] Pause Init Update Refs (G)          462 us
[2026-04-03T02:37:28.434+0600][32.790s][info][gc,stats    ] Pause Init Update Refs (N)          142 us
[2026-04-03T02:37:28.434+0600][32.790s][info][gc,stats    ]   Manage GCLABs                      41 us
[2026-04-03T02:37:28.434+0600][32.790s][info][gc,stats    ] Concurrent Update Refs            58054 us
[2026-04-03T02:37:28.434+0600][32.790s][info][gc,stats    ] Concurrent Update Thread Roots     1773 us
[2026-04-03T02:37:28.434+0600][32.790s][info][gc,stats    ] Pause Final Update Refs (G)         512 us
[2026-04-03T02:37:28.434+0600][32.790s][info][gc,stats    ] Pause Final Update Refs (N)         242 us
[2026-04-03T02:37:28.434+0600][32.790s][info][gc,stats    ]   Update Region States               63 us
[2026-04-03T02:37:28.434+0600][32.790s][info][gc,stats    ]   Trash Collection Set               23 us
[2026-04-03T02:37:28.434+0600][32.790s][info][gc,stats    ]   Rebuild Free Set                   45 us
[2026-04-03T02:37:28.434+0600][32.790s][info][gc,stats    ] Concurrent Cleanup                  716 us
[2026-04-03T02:37:28.434+0600][32.790s][info][gc,stats    ] Pacing                            67261 us
[2026-04-03T02:37:28.434+0600][32.790s][info][gc,stats    ] 
[2026-04-03T02:37:28.434+0600][32.790s][info][gc,stats    ] Allocation pacing accrued:
[2026-04-03T02:37:28.434+0600][32.790s][info][gc,stats    ]       2 of  1268 ms (  0.2%): RemoteBlock-temp-file-clean-thread
[2026-04-03T02:37:28.434+0600][32.790s][info][gc,stats    ]       7 of  1268 ms (  0.5%): Spark Context Cleaner
[2026-04-03T02:37:28.434+0600][32.790s][info][gc,stats    ]      10 of  1268 ms (  0.8%): spark-listener-group-shared
[2026-04-03T02:37:28.434+0600][32.790s][info][gc,stats    ]      11 of  1268 ms (  0.9%): Executor task launch worker for task 3.0 in stage 338.0 (TID 838)
[2026-04-03T02:37:28.434+0600][32.790s][info][gc,stats    ]       8 of  1268 ms (  0.6%): Executor task launch worker for task 0.0 in stage 338.0 (TID 835)
[2026-04-03T02:37:28.434+0600][32.790s][info][gc,stats    ]       7 of  1268 ms (  0.5%): Executor task launch worker for task 2.0 in stage 338.0 (TID 837)
[2026-04-03T02:37:28.434+0600][32.790s][info][gc,stats    ]       3 of  1268 ms (  0.2%): Executor task launch worker for task 1.0 in stage 338.0 (TID 836)
[2026-04-03T02:37:28.434+0600][32.790s][info][gc,stats    ]      10 of  1268 ms (  0.8%): task-result-getter-1
[2026-04-03T02:37:28.434+0600][32.790s][info][gc,stats    ]      10 of  1268 ms (  0.8%): task-result-getter-2
[2026-04-03T02:37:28.434+0600][32.790s][info][gc,stats    ]      67 of  1268 ms (  5.3%): <total>
[2026-04-03T02:37:28.434+0600][32.790s][info][gc,stats    ]       0 of  1268 ms (  0.0%): <average total>
[2026-04-03T02:37:28.434+0600][32.790s][info][gc,stats    ]       7 of  1268 ms (  0.6%): <average non-zero>
[2026-04-03T02:37:28.434+0600][32.790s][info][gc,stats    ] 
[2026-04-03T02:37:28.434+0600][32.790s][info][gc,metaspace] Metaspace: 130155K(131392K)->130174K(131392K) NonClass: 113656K(114304K)->113675K(114304K) Class: 16498K(17088K)->16499K(17088K)
[2026-04-03T02:37:28.434+0600][32.790s][info][gc,ergo     ] Pacer for Idle. Initial: 30720K, Alloc Tax Rate: 1.0x
[2026-04-03T02:37:29.334+0600][33.690s][info][gc          ] Trigger: Average GC time (225.83 ms) is above the time for average allocation rate (765 MB/s) to deplete free headroom (168M) (margin of error = 1.80)
[2026-04-03T02:37:29.334+0600][33.690s][info][gc,ergo     ] Free headroom: 243M (free) - 76800K (spike) - 0B (penalties) = 168M
[2026-04-03T02:37:29.334+0600][33.690s][info][gc,ergo     ] Free: 243M, Max: 512K regular, 240M humongous, Frag: 2% external, 0% internal; Reserve: 76800K, Max: 512K
[2026-04-03T02:37:29.334+0600][33.690s][info][gc,start    ] GC(16) Concurrent reset
[2026-04-03T02:37:29.334+0600][33.690s][info][gc,task     ] GC(16) Using 3 of 6 workers for concurrent reset
[2026-04-03T02:37:29.334+0600][33.690s][info][gc,ergo     ] GC(16) Pacer for Reset. Non-Taxable: 1500M
[2026-04-03T02:37:29.337+0600][33.693s][info][gc          ] GC(16) Concurrent reset 2.910ms
[2026-04-03T02:37:29.337+0600][33.693s][info][gc,start    ] GC(16) Pause Init Mark (unload classes)
[2026-04-03T02:37:29.337+0600][33.693s][info][gc,task     ] GC(16) Using 6 of 6 workers for init marking
[2026-04-03T02:37:29.337+0600][33.694s][info][gc,ergo     ] GC(16) Pacer for Mark. Expected Live: 86933K, Free: 243M, Non-Taxable: 24946K, Alloc Tax Rate: 0.4x
[2026-04-03T02:37:29.337+0600][33.694s][info][gc          ] GC(16) Pause Init Mark (unload classes) 0.129ms
[2026-04-03T02:37:29.337+0600][33.694s][info][gc,start    ] GC(16) Concurrent marking roots
[2026-04-03T02:37:29.337+0600][33.694s][info][gc,task     ] GC(16) Using 3 of 6 workers for concurrent marking roots
[2026-04-03T02:37:29.339+0600][33.695s][info][gc          ] GC(16) Concurrent marking roots 1.685ms
[2026-04-03T02:37:29.339+0600][33.695s][info][gc,start    ] GC(16) Concurrent marking (unload classes)
[2026-04-03T02:37:29.339+0600][33.695s][info][gc,task     ] GC(16) Using 3 of 6 workers for concurrent marking
[2026-04-03T02:37:29.399+0600][33.755s][info][gc          ] GC(16) Concurrent marking (unload classes) 59.441ms
[2026-04-03T02:37:29.399+0600][33.755s][info][gc,start    ] GC(16) Pause Final Mark (unload classes)
[2026-04-03T02:37:29.399+0600][33.755s][info][gc,task     ] GC(16) Using 6 of 6 workers for final marking
[2026-04-03T02:37:29.399+0600][33.756s][info][gc,ergo     ] GC(16) Adaptive CSet Selection. Target Free: 212M, Actual Free: 1106M, Max CSet: 64000K, Min Garbage: 0B
[2026-04-03T02:37:29.400+0600][33.756s][info][gc,ergo     ] GC(16) Collectable Garbage: 994M (99%), Immediate: 827M (82%), CSet: 167M (16%)
[2026-04-03T02:37:29.400+0600][33.756s][info][gc,ergo     ] GC(16) Pacer for Evacuation. Used CSet: 174M, Free: 1123M, Non-Taxable: 112M, Alloc Tax Rate: 1.1x
[2026-04-03T02:37:29.400+0600][33.756s][info][gc          ] GC(16) Pause Final Mark (unload classes) 0.777ms
[2026-04-03T02:37:29.400+0600][33.756s][info][gc,start    ] GC(16) Concurrent thread roots
[2026-04-03T02:37:29.400+0600][33.756s][info][gc,task     ] GC(16) Using 3 of 6 workers for Concurrent thread roots
[2026-04-03T02:37:29.401+0600][33.757s][info][gc          ] GC(16) Concurrent thread roots 1.173ms
[2026-04-03T02:37:29.401+0600][33.757s][info][gc,start    ] GC(16) Concurrent weak references
[2026-04-03T02:37:29.401+0600][33.757s][info][gc,task     ] GC(16) Using 3 of 6 workers for concurrent weak references
[2026-04-03T02:37:29.402+0600][33.758s][info][gc,ref      ] GC(16) Encountered references: Soft: 3857, Weak: 16686, Final: 84, Phantom: 620
[2026-04-03T02:37:29.402+0600][33.758s][info][gc,ref      ] GC(16) Discovered  references: Soft: 0, Weak: 5579, Final: 0, Phantom: 615
[2026-04-03T02:37:29.402+0600][33.758s][info][gc,ref      ] GC(16) Enqueued    references: Soft: 0, Weak: 2294, Final: 0, Phantom: 0
[2026-04-03T02:37:29.402+0600][33.758s][info][gc          ] GC(16) Concurrent weak references 0.890ms
[2026-04-03T02:37:29.402+0600][33.758s][info][gc,start    ] GC(16) Concurrent weak roots
[2026-04-03T02:37:29.402+0600][33.758s][info][gc,task     ] GC(16) Using 3 of 6 workers for concurrent weak root
[2026-04-03T02:37:29.407+0600][33.763s][info][gc          ] GC(16) Concurrent weak roots 4.933ms
[2026-04-03T02:37:29.407+0600][33.763s][info][gc,start    ] GC(16) Concurrent cleanup
[2026-04-03T02:37:29.408+0600][33.764s][info][gc          ] GC(16) Concurrent cleanup 1126M->299M(1339M) 1.225ms
[2026-04-03T02:37:29.408+0600][33.765s][info][gc,ergo     ] GC(16) Free: 1119M, Max: 512K regular, 238M humongous, Frag: 79% external, 0% internal; Reserve: 76146K, Max: 512K
[2026-04-03T02:37:29.408+0600][33.765s][info][gc,start    ] GC(16) Concurrent class unloading
[2026-04-03T02:37:29.408+0600][33.765s][info][gc,task     ] GC(16) Using 3 of 6 workers for concurrent class unloading
[2026-04-03T02:37:29.429+0600][33.785s][info][gc          ] GC(16) Concurrent class unloading 20.665ms
[2026-04-03T02:37:29.429+0600][33.785s][info][gc,start    ] GC(16) Concurrent strong roots
[2026-04-03T02:37:29.429+0600][33.785s][info][gc,task     ] GC(16) Using 3 of 6 workers for concurrent strong root
[2026-04-03T02:37:29.431+0600][33.787s][info][gc          ] GC(16) Concurrent strong roots 1.996ms
[2026-04-03T02:37:29.431+0600][33.787s][info][gc,start    ] GC(16) Concurrent evacuation
[2026-04-03T02:37:29.431+0600][33.787s][info][gc,task     ] GC(16) Using 3 of 6 workers for concurrent evacuation
[2026-04-03T02:37:29.435+0600][33.792s][info][gc          ] GC(16) Concurrent evacuation 4.118ms
[2026-04-03T02:37:29.436+0600][33.792s][info][gc,start    ] GC(16) Pause Init Update Refs
[2026-04-03T02:37:29.436+0600][33.792s][info][gc,ergo     ] GC(16) Pacer for Update Refs. Used: 312M, Free: 1114M, Non-Taxable: 111M, Alloc Tax Rate: 1.1x
[2026-04-03T02:37:29.436+0600][33.792s][info][gc          ] GC(16) Pause Init Update Refs 0.113ms
[2026-04-03T02:37:29.436+0600][33.792s][info][gc,start    ] GC(16) Concurrent update references
[2026-04-03T02:37:29.436+0600][33.792s][info][gc,task     ] GC(16) Using 3 of 6 workers for concurrent reference update
[2026-04-03T02:37:29.490+0600][33.846s][info][gc          ] GC(16) Concurrent update references 54.203ms
[2026-04-03T02:37:29.490+0600][33.846s][info][gc,start    ] GC(16) Concurrent update thread roots
[2026-04-03T02:37:29.492+0600][33.848s][info][gc          ] GC(16) Concurrent update thread roots 1.926ms
[2026-04-03T02:37:29.493+0600][33.849s][info][gc,start    ] GC(16) Pause Final Update Refs
[2026-04-03T02:37:29.493+0600][33.849s][info][gc,task     ] GC(16) Using 6 of 6 workers for final reference update
[2026-04-03T02:37:29.493+0600][33.849s][info][gc          ] GC(16) Pause Final Update Refs 0.246ms
[2026-04-03T02:37:29.493+0600][33.849s][info][gc,start    ] GC(16) Concurrent cleanup
[2026-04-03T02:37:29.494+0600][33.850s][info][gc          ] GC(16) Concurrent cleanup 435M->265M(1340M) 0.635ms
[2026-04-03T02:37:29.494+0600][33.850s][info][gc,ergo     ] Free: 1139M, Max: 512K regular, 693M humongous, Frag: 39% external, 0% internal; Reserve: 76800K, Max: 512K
[2026-04-03T02:37:29.494+0600][33.850s][info][gc,stats    ] 
[2026-04-03T02:37:29.494+0600][33.850s][info][gc,stats    ] All times are wall-clock times, except per-root-class counters, that are sum over
[2026-04-03T02:37:29.494+0600][33.850s][info][gc,stats    ] all workers. Dividing the <total> over the root stage time estimates parallelism.
[2026-04-03T02:37:29.494+0600][33.850s][info][gc,stats    ] 
[2026-04-03T02:37:29.494+0600][33.850s][info][gc,stats    ] Concurrent Reset                   3024 us
[2026-04-03T02:37:29.494+0600][33.850s][info][gc,stats    ] Pause Init Mark (G)                 464 us
[2026-04-03T02:37:29.494+0600][33.850s][info][gc,stats    ] Pause Init Mark (N)                 137 us
[2026-04-03T02:37:29.494+0600][33.850s][info][gc,stats    ]   Update Region States               27 us
[2026-04-03T02:37:29.494+0600][33.850s][info][gc,stats    ] Concurrent Mark Roots              1763 us, parallelism: 1.95x
[2026-04-03T02:37:29.494+0600][33.850s][info][gc,stats    ]   CMR: <total>                     3443 us
[2026-04-03T02:37:29.494+0600][33.850s][info][gc,stats    ]   CMR: Thread Roots                2993 us, workers (us): 746, 1116, 1131, ---, ---, ---, 
[2026-04-03T02:37:29.494+0600][33.850s][info][gc,stats    ]   CMR: VM Strong Roots               48 us, workers (us):  46,   1,   1, ---, ---, ---, 
[2026-04-03T02:37:29.494+0600][33.850s][info][gc,stats    ]   CMR: CLDG Roots                   402 us, workers (us): 402, ---, ---, ---, ---, ---, 
[2026-04-03T02:37:29.494+0600][33.850s][info][gc,stats    ] Concurrent Marking                59523 us
[2026-04-03T02:37:29.494+0600][33.850s][info][gc,stats    ] Pause Final Mark (G)               1128 us
[2026-04-03T02:37:29.494+0600][33.850s][info][gc,stats    ] Pause Final Mark (N)                789 us
[2026-04-03T02:37:29.494+0600][33.850s][info][gc,stats    ]   Finish Mark                       306 us
[2026-04-03T02:37:29.494+0600][33.850s][info][gc,stats    ]   Update Region States               49 us
[2026-04-03T02:37:29.494+0600][33.850s][info][gc,stats    ]   Choose Collection Set             255 us
[2026-04-03T02:37:29.494+0600][33.850s][info][gc,stats    ]   Rebuild Free Set                   44 us
[2026-04-03T02:37:29.494+0600][33.850s][info][gc,stats    ] Concurrent Thread Roots            1244 us, parallelism: 2.34x
[2026-04-03T02:37:29.494+0600][33.850s][info][gc,stats    ]   CTR: <total>                     2915 us
[2026-04-03T02:37:29.494+0600][33.850s][info][gc,stats    ]   CTR: Thread Roots                2915 us, workers (us): 1004, 954, 957, ---, ---, ---, 
[2026-04-03T02:37:29.494+0600][33.850s][info][gc,stats    ] Concurrent Weak References          905 us, parallelism: 1.35x
[2026-04-03T02:37:29.494+0600][33.850s][info][gc,stats    ]   CWRF: <total>                    1221 us
[2026-04-03T02:37:29.494+0600][33.850s][info][gc,stats    ]   CWRF: Weak References            1221 us, workers (us): 663, 499,  58, ---, ---, ---, 
[2026-04-03T02:37:29.494+0600][33.850s][info][gc,stats    ] Concurrent Weak Roots              5023 us
[2026-04-03T02:37:29.494+0600][33.850s][info][gc,stats    ]   Roots                            4520 us, parallelism: 2.75x
[2026-04-03T02:37:29.494+0600][33.850s][info][gc,stats    ]     CWR: <total>                  12418 us
[2026-04-03T02:37:29.494+0600][33.850s][info][gc,stats    ]     CWR: Code Cache Roots          9487 us, workers (us): 3192, 3238, 3057, ---, ---, ---, 
[2026-04-03T02:37:29.494+0600][33.850s][info][gc,stats    ]     CWR: VM Weak Roots             2732 us, workers (us): 928, 907, 896, ---, ---, ---, 
[2026-04-03T02:37:29.494+0600][33.850s][info][gc,stats    ]     CWR: CLDG Roots                 199 us, workers (us): ---, ---, 199, ---, ---, ---, 
[2026-04-03T02:37:29.494+0600][33.850s][info][gc,stats    ]   Rendezvous                        382 us
[2026-04-03T02:37:29.494+0600][33.850s][info][gc,stats    ] Concurrent Cleanup                 1298 us
[2026-04-03T02:37:29.494+0600][33.850s][info][gc,stats    ] Concurrent Class Unloading        20761 us
[2026-04-03T02:37:29.494+0600][33.850s][info][gc,stats    ]   Unlink Stale                    15522 us
[2026-04-03T02:37:29.494+0600][33.850s][info][gc,stats    ]     System Dictionary               281 us
[2026-04-03T02:37:29.494+0600][33.850s][info][gc,stats    ]     Weak Class Links                  0 us
[2026-04-03T02:37:29.494+0600][33.850s][info][gc,stats    ]     Code Roots                    15236 us
[2026-04-03T02:37:29.494+0600][33.851s][info][gc,stats    ]   Rendezvous                        478 us
[2026-04-03T02:37:29.494+0600][33.851s][info][gc,stats    ]   Purge Unlinked                   4626 us
[2026-04-03T02:37:29.494+0600][33.851s][info][gc,stats    ]     Code Roots                     4601 us
[2026-04-03T02:37:29.494+0600][33.851s][info][gc,stats    ]     CLDG                             24 us
[2026-04-03T02:37:29.494+0600][33.851s][info][gc,stats    ]     Exception Caches                  0 us
[2026-04-03T02:37:29.494+0600][33.851s][info][gc,stats    ] Concurrent Strong Roots            2073 us, parallelism: 0.75x
[2026-04-03T02:37:29.494+0600][33.851s][info][gc,stats    ]   CSR: <total>                     1559 us
[2026-04-03T02:37:29.494+0600][33.851s][info][gc,stats    ]   CSR: VM Strong Roots               86 us, workers (us):  31,  26,  29, ---, ---, ---, 
[2026-04-03T02:37:29.494+0600][33.851s][info][gc,stats    ]   CSR: CLDG Roots                  1473 us, workers (us): ---, 1473, ---, ---, ---, ---, 
[2026-04-03T02:37:29.494+0600][33.851s][info][gc,stats    ] Concurrent Evacuation              4214 us
[2026-04-03T02:37:29.494+0600][33.851s][info][gc,stats    ] Pause Init Update Refs (G)          375 us
[2026-04-03T02:37:29.494+0600][33.851s][info][gc,stats    ] Pause Init Update Refs (N)          125 us
[2026-04-03T02:37:29.494+0600][33.851s][info][gc,stats    ]   Manage GCLABs                      35 us
[2026-04-03T02:37:29.494+0600][33.851s][info][gc,stats    ] Concurrent Update Refs            54298 us
[2026-04-03T02:37:29.494+0600][33.851s][info][gc,stats    ] Concurrent Update Thread Roots     2046 us
[2026-04-03T02:37:29.494+0600][33.851s][info][gc,stats    ] Pause Final Update Refs (G)         982 us
[2026-04-03T02:37:29.494+0600][33.851s][info][gc,stats    ] Pause Final Update Refs (N)         261 us
[2026-04-03T02:37:29.494+0600][33.851s][info][gc,stats    ]   Update Region States               60 us
[2026-04-03T02:37:29.494+0600][33.851s][info][gc,stats    ]   Trash Collection Set               20 us
[2026-04-03T02:37:29.494+0600][33.851s][info][gc,stats    ]   Rebuild Free Set                   49 us
[2026-04-03T02:37:29.494+0600][33.851s][info][gc,stats    ] Concurrent Cleanup                  698 us
[2026-04-03T02:37:29.494+0600][33.851s][info][gc,stats    ] Pacing                            76788 us
[2026-04-03T02:37:29.494+0600][33.851s][info][gc,stats    ] 
[2026-04-03T02:37:29.495+0600][33.851s][info][gc,stats    ] Allocation pacing accrued:
[2026-04-03T02:37:29.495+0600][33.851s][info][gc,stats    ]      11 of  1060 ms (  1.1%): dispatcher-BlockManagerMaster
[2026-04-03T02:37:29.495+0600][33.851s][info][gc,stats    ]      11 of  1060 ms (  1.1%): spark-listener-group-appStatus
[2026-04-03T02:37:29.495+0600][33.851s][info][gc,stats    ]      11 of  1060 ms (  1.1%): Executor task launch worker for task 1.0 in stage 460.0 (TID 926)
[2026-04-03T02:37:29.495+0600][33.851s][info][gc,stats    ]      11 of  1060 ms (  1.1%): Executor task launch worker for task 0.0 in stage 460.0 (TID 925)
[2026-04-03T02:37:29.495+0600][33.851s][info][gc,stats    ]      11 of  1060 ms (  1.1%): Executor task launch worker for task 2.0 in stage 460.0 (TID 927)
[2026-04-03T02:37:29.495+0600][33.851s][info][gc,stats    ]      10 of  1060 ms (  1.0%): task-result-getter-0
[2026-04-03T02:37:29.495+0600][33.851s][info][gc,stats    ]      11 of  1060 ms (  1.0%): task-result-getter-2
[2026-04-03T02:37:29.495+0600][33.851s][info][gc,stats    ]      77 of  1060 ms (  7.2%): <total>
[2026-04-03T02:37:29.495+0600][33.851s][info][gc,stats    ]       0 of  1060 ms (  0.0%): <average total>
[2026-04-03T02:37:29.495+0600][33.851s][info][gc,stats    ]      11 of  1060 ms (  1.0%): <average non-zero>
[2026-04-03T02:37:29.495+0600][33.851s][info][gc,stats    ] 
[2026-04-03T02:37:29.495+0600][33.851s][info][gc,metaspace] Metaspace: 130277K(131520K)->130312K(131520K) NonClass: 113770K(114432K)->113804K(114432K) Class: 16507K(17088K)->16508K(17088K)
[2026-04-03T02:37:29.495+0600][33.851s][info][gc,ergo     ] Pacer for Idle. Initial: 30720K, Alloc Tax Rate: 1.0x
[2026-04-03T02:37:30.532+0600][34.888s][info][gc          ] Trigger: Average GC time (208.37 ms) is above the time for average allocation rate (827 MB/s) to deplete free headroom (170M) (margin of error = 1.81)
[2026-04-03T02:37:30.532+0600][34.888s][info][gc,ergo     ] Free headroom: 245M (free) - 76800K (spike) - 0B (penalties) = 170M
[2026-04-03T02:37:30.532+0600][34.888s][info][gc,ergo     ] Free: 245M, Max: 512K regular, 200M humongous, Frag: 18% external, 1% internal; Reserve: 76800K, Max: 512K
[2026-04-03T02:37:30.532+0600][34.888s][info][gc,start    ] GC(17) Concurrent reset
[2026-04-03T02:37:30.532+0600][34.888s][info][gc,task     ] GC(17) Using 3 of 6 workers for concurrent reset
[2026-04-03T02:37:30.532+0600][34.888s][info][gc,ergo     ] GC(17) Pacer for Reset. Non-Taxable: 1500M
[2026-04-03T02:37:30.534+0600][34.890s][info][gc          ] GC(17) Concurrent reset 1.540ms
[2026-04-03T02:37:30.534+0600][34.890s][info][gc,start    ] GC(17) Pause Init Mark (unload classes)
[2026-04-03T02:37:30.534+0600][34.890s][info][gc,task     ] GC(17) Using 6 of 6 workers for init marking
[2026-04-03T02:37:30.534+0600][34.890s][info][gc,ergo     ] GC(17) Pacer for Mark. Expected Live: 87431K, Free: 245M, Non-Taxable: 25090K, Alloc Tax Rate: 0.4x
[2026-04-03T02:37:30.534+0600][34.891s][info][gc          ] GC(17) Pause Init Mark (unload classes) 0.179ms
[2026-04-03T02:37:30.534+0600][34.891s][info][gc,start    ] GC(17) Concurrent marking roots
[2026-04-03T02:37:30.534+0600][34.891s][info][gc,task     ] GC(17) Using 3 of 6 workers for concurrent marking roots
[2026-04-03T02:37:30.536+0600][34.892s][info][gc          ] GC(17) Concurrent marking roots 1.619ms
[2026-04-03T02:37:30.536+0600][34.892s][info][gc,start    ] GC(17) Concurrent marking (unload classes)
[2026-04-03T02:37:30.536+0600][34.892s][info][gc,task     ] GC(17) Using 3 of 6 workers for concurrent marking
[2026-04-03T02:37:30.611+0600][34.967s][info][gc          ] GC(17) Concurrent marking (unload classes) 74.535ms
[2026-04-03T02:37:30.611+0600][34.967s][info][gc,start    ] GC(17) Pause Final Mark (unload classes)
[2026-04-03T02:37:30.611+0600][34.967s][info][gc,task     ] GC(17) Using 6 of 6 workers for final marking
[2026-04-03T02:37:30.611+0600][34.968s][info][gc,ergo     ] GC(17) Adaptive CSet Selection. Target Free: 212M, Actual Free: 1033M, Max CSet: 64000K, Min Garbage: 0B
[2026-04-03T02:37:30.612+0600][34.968s][info][gc,ergo     ] GC(17) Collectable Garbage: 985M (99%), Immediate: 754M (76%), CSet: 230M (23%)
[2026-04-03T02:37:30.612+0600][34.968s][info][gc,ergo     ] GC(17) Pacer for Evacuation. Used CSet: 240M, Free: 1060M, Non-Taxable: 106M, Alloc Tax Rate: 1.1x
[2026-04-03T02:37:30.612+0600][34.968s][info][gc          ] GC(17) Pause Final Mark (unload classes) 0.717ms
[2026-04-03T02:37:30.612+0600][34.968s][info][gc,start    ] GC(17) Concurrent thread roots
[2026-04-03T02:37:30.612+0600][34.968s][info][gc,task     ] GC(17) Using 3 of 6 workers for Concurrent thread roots
[2026-04-03T02:37:30.613+0600][34.969s][info][gc          ] GC(17) Concurrent thread roots 1.045ms
[2026-04-03T02:37:30.613+0600][34.969s][info][gc,start    ] GC(17) Concurrent weak references
[2026-04-03T02:37:30.613+0600][34.969s][info][gc,task     ] GC(17) Using 3 of 6 workers for concurrent weak references
[2026-04-03T02:37:30.614+0600][34.970s][info][gc,ref      ] GC(17) Encountered references: Soft: 3867, Weak: 15629, Final: 84, Phantom: 620
[2026-04-03T02:37:30.614+0600][34.971s][info][gc,ref      ] GC(17) Discovered  references: Soft: 0, Weak: 9129, Final: 84, Phantom: 616
[2026-04-03T02:37:30.614+0600][34.971s][info][gc,ref      ] GC(17) Enqueued    references: Soft: 0, Weak: 648, Final: 0, Phantom: 0
[2026-04-03T02:37:30.614+0600][34.971s][info][gc          ] GC(17) Concurrent weak references 1.458ms
[2026-04-03T02:37:30.614+0600][34.971s][info][gc,start    ] GC(17) Concurrent weak roots
[2026-04-03T02:37:30.614+0600][34.971s][info][gc,task     ] GC(17) Using 3 of 6 workers for concurrent weak root
[2026-04-03T02:37:30.620+0600][34.976s][info][gc          ] GC(17) Concurrent weak roots 5.490ms
[2026-04-03T02:37:30.620+0600][34.976s][info][gc,start    ] GC(17) Concurrent cleanup
[2026-04-03T02:37:30.621+0600][34.977s][info][gc          ] GC(17) Concurrent cleanup 1120M->365M(1340M) 1.057ms
[2026-04-03T02:37:30.621+0600][34.977s][info][gc,ergo     ] GC(17) Free: 1054M, Max: 512K regular, 199M humongous, Frag: 82% external, 0% internal; Reserve: 75658K, Max: 512K
[2026-04-03T02:37:30.621+0600][34.977s][info][gc,start    ] GC(17) Concurrent class unloading
[2026-04-03T02:37:30.621+0600][34.977s][info][gc,task     ] GC(17) Using 3 of 6 workers for concurrent class unloading
[2026-04-03T02:37:30.649+0600][35.005s][info][gc          ] GC(17) Concurrent class unloading 28.017ms
[2026-04-03T02:37:30.649+0600][35.005s][info][gc,start    ] GC(17) Concurrent strong roots
[2026-04-03T02:37:30.649+0600][35.006s][info][gc,task     ] GC(17) Using 3 of 6 workers for concurrent strong root
[2026-04-03T02:37:30.651+0600][35.007s][info][gc          ] GC(17) Concurrent strong roots 1.642ms
[2026-04-03T02:37:30.651+0600][35.007s][info][gc,start    ] GC(17) Concurrent evacuation
[2026-04-03T02:37:30.651+0600][35.007s][info][gc,task     ] GC(17) Using 3 of 6 workers for concurrent evacuation
[2026-04-03T02:37:30.665+0600][35.021s][info][gc          ] GC(17) Concurrent evacuation 14.045ms
[2026-04-03T02:37:30.666+0600][35.022s][info][gc,start    ] GC(17) Pause Init Update Refs
[2026-04-03T02:37:30.666+0600][35.022s][info][gc,ergo     ] GC(17) Pacer for Update Refs. Used: 390M, Free: 1038M, Non-Taxable: 103M, Alloc Tax Rate: 1.1x
[2026-04-03T02:37:30.666+0600][35.022s][info][gc          ] GC(17) Pause Init Update Refs 0.132ms
[2026-04-03T02:37:30.667+0600][35.023s][info][gc,start    ] GC(17) Concurrent update references
[2026-04-03T02:37:30.667+0600][35.023s][info][gc,task     ] GC(17) Using 3 of 6 workers for concurrent reference update
[2026-04-03T02:37:30.724+0600][35.080s][info][gc          ] GC(17) Concurrent update references 57.336ms
[2026-04-03T02:37:30.724+0600][35.080s][info][gc,start    ] GC(17) Concurrent update thread roots
[2026-04-03T02:37:30.725+0600][35.082s][info][gc          ] GC(17) Concurrent update thread roots 1.284ms
[2026-04-03T02:37:30.726+0600][35.082s][info][gc,start    ] GC(17) Pause Final Update Refs
[2026-04-03T02:37:30.726+0600][35.082s][info][gc,task     ] GC(17) Using 6 of 6 workers for final reference update
[2026-04-03T02:37:30.726+0600][35.082s][info][gc          ] GC(17) Pause Final Update Refs 0.258ms
[2026-04-03T02:37:30.726+0600][35.082s][info][gc,start    ] GC(17) Concurrent cleanup
[2026-04-03T02:37:30.727+0600][35.083s][info][gc          ] GC(17) Concurrent cleanup 416M->177M(1343M) 0.804ms
[2026-04-03T02:37:30.727+0600][35.083s][info][gc,ergo     ] Free: 1236M, Max: 512K regular, 784M humongous, Frag: 37% external, 0% internal; Reserve: 76800K, Max: 512K
[2026-04-03T02:37:30.727+0600][35.083s][info][gc,stats    ] 
[2026-04-03T02:37:30.727+0600][35.083s][info][gc,stats    ] All times are wall-clock times, except per-root-class counters, that are sum over
[2026-04-03T02:37:30.727+0600][35.083s][info][gc,stats    ] all workers. Dividing the <total> over the root stage time estimates parallelism.
[2026-04-03T02:37:30.727+0600][35.083s][info][gc,stats    ] 
[2026-04-03T02:37:30.727+0600][35.083s][info][gc,stats    ] Concurrent Reset                   1606 us
[2026-04-03T02:37:30.727+0600][35.083s][info][gc,stats    ] Pause Init Mark (G)                 618 us
[2026-04-03T02:37:30.727+0600][35.083s][info][gc,stats    ] Pause Init Mark (N)                 188 us
[2026-04-03T02:37:30.727+0600][35.083s][info][gc,stats    ]   Update Region States               33 us
[2026-04-03T02:37:30.727+0600][35.083s][info][gc,stats    ] Concurrent Mark Roots              1668 us, parallelism: 1.82x
[2026-04-03T02:37:30.727+0600][35.083s][info][gc,stats    ]   CMR: <total>                     3042 us
[2026-04-03T02:37:30.727+0600][35.084s][info][gc,stats    ]   CMR: Thread Roots                2611 us, workers (us): 1024, 646, 942, ---, ---, ---, 
[2026-04-03T02:37:30.727+0600][35.084s][info][gc,stats    ]   CMR: VM Strong Roots               49 us, workers (us):  48,   1,   1, ---, ---, ---, 
[2026-04-03T02:37:30.727+0600][35.084s][info][gc,stats    ]   CMR: CLDG Roots                   382 us, workers (us): ---, 382, ---, ---, ---, ---, 
[2026-04-03T02:37:30.727+0600][35.084s][info][gc,stats    ] Concurrent Marking                74630 us
[2026-04-03T02:37:30.727+0600][35.084s][info][gc,stats    ] Pause Final Mark (G)               1044 us
[2026-04-03T02:37:30.727+0600][35.084s][info][gc,stats    ] Pause Final Mark (N)                729 us
[2026-04-03T02:37:30.727+0600][35.084s][info][gc,stats    ]   Finish Mark                       251 us
[2026-04-03T02:37:30.727+0600][35.084s][info][gc,stats    ]   Update Region States               49 us
[2026-04-03T02:37:30.727+0600][35.084s][info][gc,stats    ]   Choose Collection Set             243 us
[2026-04-03T02:37:30.727+0600][35.084s][info][gc,stats    ]   Rebuild Free Set                   42 us
[2026-04-03T02:37:30.727+0600][35.084s][info][gc,stats    ] Concurrent Thread Roots            1085 us, parallelism: 2.42x
[2026-04-03T02:37:30.727+0600][35.084s][info][gc,stats    ]   CTR: <total>                     2626 us
[2026-04-03T02:37:30.727+0600][35.084s][info][gc,stats    ]   CTR: Thread Roots                2626 us, workers (us): 893, 883, 850, ---, ---, ---, 
[2026-04-03T02:37:30.727+0600][35.084s][info][gc,stats    ] Concurrent Weak References         1470 us, parallelism: 1.28x
[2026-04-03T02:37:30.727+0600][35.084s][info][gc,stats    ]   CWRF: <total>                    1881 us
[2026-04-03T02:37:30.728+0600][35.084s][info][gc,stats    ]   CWRF: Weak References            1881 us, workers (us): 256, 1211, 414, ---, ---, ---, 
[2026-04-03T02:37:30.728+0600][35.084s][info][gc,stats    ] Concurrent Weak Roots              5569 us
[2026-04-03T02:37:30.728+0600][35.084s][info][gc,stats    ]   Roots                            5040 us, parallelism: 2.76x
[2026-04-03T02:37:30.728+0600][35.084s][info][gc,stats    ]     CWR: <total>                  13924 us
[2026-04-03T02:37:30.728+0600][35.084s][info][gc,stats    ]     CWR: Code Cache Roots          9374 us, workers (us): 3162, 3252, 2959, ---, ---, ---, 
[2026-04-03T02:37:30.728+0600][35.084s][info][gc,stats    ]     CWR: VM Weak Roots             4286 us, workers (us): 1432, 1432, 1423, ---, ---, ---, 
[2026-04-03T02:37:30.728+0600][35.084s][info][gc,stats    ]     CWR: CLDG Roots                 264 us, workers (us): ---, ---, 264, ---, ---, ---, 
[2026-04-03T02:37:30.728+0600][35.084s][info][gc,stats    ]   Rendezvous                        423 us
[2026-04-03T02:37:30.728+0600][35.084s][info][gc,stats    ] Concurrent Cleanup                 1103 us
[2026-04-03T02:37:30.728+0600][35.084s][info][gc,stats    ] Concurrent Class Unloading        28153 us
[2026-04-03T02:37:30.728+0600][35.084s][info][gc,stats    ]   Unlink Stale                    16024 us
[2026-04-03T02:37:30.728+0600][35.084s][info][gc,stats    ]     System Dictionary               350 us
[2026-04-03T02:37:30.728+0600][35.084s][info][gc,stats    ]     Weak Class Links                  0 us
[2026-04-03T02:37:30.728+0600][35.084s][info][gc,stats    ]     Code Roots                    15669 us
[2026-04-03T02:37:30.728+0600][35.084s][info][gc,stats    ]   Rendezvous                        315 us
[2026-04-03T02:37:30.728+0600][35.084s][info][gc,stats    ]   Purge Unlinked                  11630 us
[2026-04-03T02:37:30.728+0600][35.084s][info][gc,stats    ]     Code Roots                    11576 us
[2026-04-03T02:37:30.728+0600][35.084s][info][gc,stats    ]     CLDG                             52 us
[2026-04-03T02:37:30.728+0600][35.084s][info][gc,stats    ]     Exception Caches                  0 us
[2026-04-03T02:37:30.728+0600][35.084s][info][gc,stats    ] Concurrent Strong Roots            1755 us, parallelism: 0.70x
[2026-04-03T02:37:30.728+0600][35.084s][info][gc,stats    ]   CSR: <total>                     1220 us
[2026-04-03T02:37:30.728+0600][35.084s][info][gc,stats    ]   CSR: VM Strong Roots              108 us, workers (us):  77,  31,   0, ---, ---, ---, 
[2026-04-03T02:37:30.728+0600][35.084s][info][gc,stats    ]   CSR: CLDG Roots                  1111 us, workers (us): ---, 1111, ---, ---, ---, ---, 
[2026-04-03T02:37:30.728+0600][35.084s][info][gc,stats    ] Concurrent Evacuation             14219 us
[2026-04-03T02:37:30.728+0600][35.084s][info][gc,stats    ] Pause Init Update Refs (G)         1492 us
[2026-04-03T02:37:30.728+0600][35.084s][info][gc,stats    ] Pause Init Update Refs (N)          144 us
[2026-04-03T02:37:30.728+0600][35.084s][info][gc,stats    ]   Manage GCLABs                      42 us
[2026-04-03T02:37:30.728+0600][35.084s][info][gc,stats    ] Concurrent Update Refs            57445 us
[2026-04-03T02:37:30.728+0600][35.084s][info][gc,stats    ] Concurrent Update Thread Roots     1340 us
[2026-04-03T02:37:30.728+0600][35.084s][info][gc,stats    ] Pause Final Update Refs (G)         569 us
[2026-04-03T02:37:30.728+0600][35.084s][info][gc,stats    ] Pause Final Update Refs (N)         274 us
[2026-04-03T02:37:30.728+0600][35.084s][info][gc,stats    ]   Update Region States               60 us
[2026-04-03T02:37:30.728+0600][35.084s][info][gc,stats    ]   Trash Collection Set               23 us
[2026-04-03T02:37:30.728+0600][35.084s][info][gc,stats    ]   Rebuild Free Set                   51 us
[2026-04-03T02:37:30.728+0600][35.084s][info][gc,stats    ] Concurrent Cleanup                  884 us
[2026-04-03T02:37:30.728+0600][35.084s][info][gc,stats    ] Pacing                            73823 us
[2026-04-03T02:37:30.728+0600][35.084s][info][gc,stats    ] 
[2026-04-03T02:37:30.728+0600][35.084s][info][gc,stats    ] Allocation pacing accrued:
[2026-04-03T02:37:30.728+0600][35.084s][info][gc,stats    ]      11 of  1233 ms (  0.9%): Spark Context Cleaner
[2026-04-03T02:37:30.728+0600][35.084s][info][gc,stats    ]      10 of  1233 ms (  0.8%): Executor task launch worker for task 7.0 in stage 492.0 (TID 1056)
[2026-04-03T02:37:30.728+0600][35.084s][info][gc,stats    ]      21 of  1233 ms (  1.7%): Executor task launch worker for task 3.0 in stage 492.0 (TID 1052)
[2026-04-03T02:37:30.728+0600][35.084s][info][gc,stats    ]      10 of  1233 ms (  0.8%): Executor task launch worker for task 1.0 in stage 492.0 (TID 1050)
[2026-04-03T02:37:30.728+0600][35.084s][info][gc,stats    ]      11 of  1233 ms (  0.9%): Executor task launch worker for task 2.0 in stage 492.0 (TID 1051)
[2026-04-03T02:37:30.728+0600][35.084s][info][gc,stats    ]      10 of  1233 ms (  0.8%): task-result-getter-1
[2026-04-03T02:37:30.728+0600][35.084s][info][gc,stats    ]      74 of  1233 ms (  6.0%): <total>
[2026-04-03T02:37:30.728+0600][35.084s][info][gc,stats    ]       0 of  1233 ms (  0.0%): <average total>
[2026-04-03T02:37:30.728+0600][35.084s][info][gc,stats    ]      12 of  1233 ms (  1.0%): <average non-zero>
[2026-04-03T02:37:30.728+0600][35.084s][info][gc,stats    ] 
[2026-04-03T02:37:30.728+0600][35.084s][info][gc,metaspace] Metaspace: 130433K(131584K)->130452K(131648K) NonClass: 113911K(114496K)->113930K(114560K) Class: 16522K(17088K)->16522K(17088K)
[2026-04-03T02:37:30.728+0600][35.084s][info][gc,ergo     ] Pacer for Idle. Initial: 30720K, Alloc Tax Rate: 1.0x
[2026-04-03T02:37:31.883+0600][36.239s][info][gc          ] Trigger: Average GC time (216.73 ms) is above the time for average allocation rate (939 MB/s) to deplete free headroom (203M) (margin of error = 1.81)
[2026-04-03T02:37:31.883+0600][36.239s][info][gc,ergo     ] Free headroom: 278M (free) - 76800K (spike) - 0B (penalties) = 203M
[2026-04-03T02:37:31.883+0600][36.239s][info][gc,ergo     ] Free: 278M, Max: 512K regular, 201M humongous, Frag: 28% external, 1% internal; Reserve: 76800K, Max: 512K
[2026-04-03T02:37:31.883+0600][36.239s][info][gc,start    ] GC(18) Concurrent reset
[2026-04-03T02:37:31.883+0600][36.239s][info][gc,task     ] GC(18) Using 3 of 6 workers for concurrent reset
[2026-04-03T02:37:31.883+0600][36.239s][info][gc,ergo     ] GC(18) Pacer for Reset. Non-Taxable: 1500M
[2026-04-03T02:37:31.886+0600][36.243s][info][gc          ] GC(18) Concurrent reset 3.481ms
[2026-04-03T02:37:31.887+0600][36.243s][info][gc,start    ] GC(18) Pause Init Mark (unload classes)
[2026-04-03T02:37:31.887+0600][36.243s][info][gc,task     ] GC(18) Using 6 of 6 workers for init marking
[2026-04-03T02:37:31.887+0600][36.243s][info][gc,ergo     ] GC(18) Pacer for Mark. Expected Live: 87926K, Free: 272M, Non-Taxable: 27897K, Alloc Tax Rate: 0.4x
[2026-04-03T02:37:31.887+0600][36.243s][info][gc          ] GC(18) Pause Init Mark (unload classes) 0.179ms
[2026-04-03T02:37:31.887+0600][36.243s][info][gc,start    ] GC(18) Concurrent marking roots
[2026-04-03T02:37:31.887+0600][36.243s][info][gc,task     ] GC(18) Using 3 of 6 workers for concurrent marking roots
[2026-04-03T02:37:31.889+0600][36.245s][info][gc          ] GC(18) Concurrent marking roots 1.900ms
[2026-04-03T02:37:31.889+0600][36.245s][info][gc,start    ] GC(18) Concurrent marking (unload classes)
[2026-04-03T02:37:31.889+0600][36.245s][info][gc,task     ] GC(18) Using 3 of 6 workers for concurrent marking
[2026-04-03T02:37:31.955+0600][36.311s][info][gc          ] GC(18) Concurrent marking (unload classes) 65.755ms
[2026-04-03T02:37:31.955+0600][36.311s][info][gc,start    ] GC(18) Pause Final Mark (unload classes)
[2026-04-03T02:37:31.955+0600][36.312s][info][gc,task     ] GC(18) Using 6 of 6 workers for final marking
[2026-04-03T02:37:31.956+0600][36.312s][info][gc,ergo     ] GC(18) Adaptive CSet Selection. Target Free: 212M, Actual Free: 1057M, Max CSet: 64000K, Min Garbage: 0B
[2026-04-03T02:37:31.956+0600][36.312s][info][gc,ergo     ] GC(18) Collectable Garbage: 961M (99%), Immediate: 751M (77%), CSet: 209M (21%)
[2026-04-03T02:37:31.956+0600][36.312s][info][gc,ergo     ] GC(18) Pacer for Evacuation. Used CSet: 216M, Free: 1077M, Non-Taxable: 107M, Alloc Tax Rate: 1.1x
[2026-04-03T02:37:31.956+0600][36.312s][info][gc          ] GC(18) Pause Final Mark (unload classes) 0.816ms
[2026-04-03T02:37:31.956+0600][36.312s][info][gc,start    ] GC(18) Concurrent thread roots
[2026-04-03T02:37:31.956+0600][36.312s][info][gc,task     ] GC(18) Using 3 of 6 workers for Concurrent thread roots
[2026-04-03T02:37:31.957+0600][36.314s][info][gc          ] GC(18) Concurrent thread roots 1.278ms
[2026-04-03T02:37:31.957+0600][36.314s][info][gc,start    ] GC(18) Concurrent weak references
[2026-04-03T02:37:31.957+0600][36.314s][info][gc,task     ] GC(18) Using 3 of 6 workers for concurrent weak references
[2026-04-03T02:37:31.959+0600][36.315s][info][gc,ref      ] GC(18) Encountered references: Soft: 3874, Weak: 16487, Final: 84, Phantom: 620
[2026-04-03T02:37:31.959+0600][36.315s][info][gc,ref      ] GC(18) Discovered  references: Soft: 0, Weak: 9477, Final: 52, Phantom: 223
[2026-04-03T02:37:31.959+0600][36.315s][info][gc,ref      ] GC(18) Enqueued    references: Soft: 0, Weak: 1629, Final: 0, Phantom: 0
[2026-04-03T02:37:31.959+0600][36.315s][info][gc          ] GC(18) Concurrent weak references 1.295ms
[2026-04-03T02:37:31.959+0600][36.315s][info][gc,start    ] GC(18) Concurrent weak roots
[2026-04-03T02:37:31.959+0600][36.315s][info][gc,task     ] GC(18) Using 3 of 6 workers for concurrent weak root
[2026-04-03T02:37:31.965+0600][36.321s][info][gc          ] GC(18) Concurrent weak roots 6.340ms
[2026-04-03T02:37:31.965+0600][36.321s][info][gc,start    ] GC(18) Concurrent cleanup
[2026-04-03T02:37:31.966+0600][36.322s][info][gc          ] GC(18) Concurrent cleanup 1099M->348M(1343M) 0.821ms
[2026-04-03T02:37:31.966+0600][36.322s][info][gc,ergo     ] GC(18) Free: 1067M, Max: 512K regular, 202M humongous, Frag: 82% external, 0% internal; Reserve: 76312K, Max: 512K
[2026-04-03T02:37:31.966+0600][36.322s][info][gc,start    ] GC(18) Concurrent class unloading
[2026-04-03T02:37:31.966+0600][36.322s][info][gc,task     ] GC(18) Using 3 of 6 workers for concurrent class unloading
[2026-04-03T02:37:31.993+0600][36.349s][info][gc          ] GC(18) Concurrent class unloading 26.558ms
[2026-04-03T02:37:31.993+0600][36.349s][info][gc,start    ] GC(18) Concurrent strong roots
[2026-04-03T02:37:31.993+0600][36.349s][info][gc,task     ] GC(18) Using 3 of 6 workers for concurrent strong root
[2026-04-03T02:37:31.995+0600][36.351s][info][gc          ] GC(18) Concurrent strong roots 1.873ms
[2026-04-03T02:37:31.995+0600][36.351s][info][gc,start    ] GC(18) Concurrent evacuation
[2026-04-03T02:37:31.995+0600][36.351s][info][gc,task     ] GC(18) Using 3 of 6 workers for concurrent evacuation
[2026-04-03T02:37:32.000+0600][36.356s][info][gc          ] GC(18) Concurrent evacuation 5.359ms
[2026-04-03T02:37:32.001+0600][36.357s][info][gc,start    ] GC(18) Pause Init Update Refs
[2026-04-03T02:37:32.001+0600][36.357s][info][gc,ergo     ] GC(18) Pacer for Update Refs. Used: 368M, Free: 1054M, Non-Taxable: 105M, Alloc Tax Rate: 1.1x
[2026-04-03T02:37:32.001+0600][36.357s][info][gc          ] GC(18) Pause Init Update Refs 0.194ms
[2026-04-03T02:37:32.003+0600][36.359s][info][gc,start    ] GC(18) Concurrent update references
[2026-04-03T02:37:32.003+0600][36.359s][info][gc,task     ] GC(18) Using 3 of 6 workers for concurrent reference update
[2026-04-03T02:37:32.061+0600][36.417s][info][gc          ] GC(18) Concurrent update references 58.211ms
[2026-04-03T02:37:32.061+0600][36.417s][info][gc,start    ] GC(18) Concurrent update thread roots
[2026-04-03T02:37:32.063+0600][36.419s][info][gc          ] GC(18) Concurrent update thread roots 1.723ms
[2026-04-03T02:37:32.063+0600][36.419s][info][gc,start    ] GC(18) Pause Final Update Refs
[2026-04-03T02:37:32.063+0600][36.419s][info][gc,task     ] GC(18) Using 6 of 6 workers for final reference update
[2026-04-03T02:37:32.063+0600][36.419s][info][gc          ] GC(18) Pause Final Update Refs 0.193ms
[2026-04-03T02:37:32.063+0600][36.419s][info][gc,start    ] GC(18) Concurrent cleanup
[2026-04-03T02:37:32.063+0600][36.420s][info][gc          ] GC(18) Concurrent cleanup 408M->192M(1343M) 0.289ms
[2026-04-03T02:37:32.064+0600][36.420s][info][gc,ergo     ] Free: 1218M, Max: 512K regular, 754M humongous, Frag: 38% external, 0% internal; Reserve: 76800K, Max: 512K
[2026-04-03T02:37:32.064+0600][36.420s][info][gc,stats    ] 
[2026-04-03T02:37:32.064+0600][36.420s][info][gc,stats    ] All times are wall-clock times, except per-root-class counters, that are sum over
[2026-04-03T02:37:32.064+0600][36.420s][info][gc,stats    ] all workers. Dividing the <total> over the root stage time estimates parallelism.
[2026-04-03T02:37:32.064+0600][36.420s][info][gc,stats    ] 
[2026-04-03T02:37:32.064+0600][36.420s][info][gc,stats    ] Concurrent Reset                   3573 us
[2026-04-03T02:37:32.064+0600][36.420s][info][gc,stats    ] Pause Init Mark (G)                 707 us
[2026-04-03T02:37:32.064+0600][36.420s][info][gc,stats    ] Pause Init Mark (N)                 194 us
[2026-04-03T02:37:32.064+0600][36.420s][info][gc,stats    ]   Update Region States               46 us
[2026-04-03T02:37:32.064+0600][36.420s][info][gc,stats    ] Concurrent Mark Roots              1970 us, parallelism: 2.01x
[2026-04-03T02:37:32.064+0600][36.420s][info][gc,stats    ]   CMR: <total>                     3969 us
[2026-04-03T02:37:32.064+0600][36.420s][info][gc,stats    ]   CMR: Thread Roots                3400 us, workers (us): 1285, 809, 1305, ---, ---, ---, 
[2026-04-03T02:37:32.064+0600][36.420s][info][gc,stats    ]   CMR: VM Strong Roots               81 us, workers (us):  45,  35,   1, ---, ---, ---, 
[2026-04-03T02:37:32.064+0600][36.420s][info][gc,stats    ]   CMR: CLDG Roots                   488 us, workers (us): ---, 488, ---, ---, ---, ---, 
[2026-04-03T02:37:32.064+0600][36.420s][info][gc,stats    ] Concurrent Marking                65811 us
[2026-04-03T02:37:32.064+0600][36.420s][info][gc,stats    ] Pause Final Mark (G)               1181 us
[2026-04-03T02:37:32.064+0600][36.420s][info][gc,stats    ] Pause Final Mark (N)                833 us
[2026-04-03T02:37:32.064+0600][36.420s][info][gc,stats    ]   Finish Mark                       217 us
[2026-04-03T02:37:32.064+0600][36.420s][info][gc,stats    ]   Update Region States               67 us
[2026-04-03T02:37:32.064+0600][36.420s][info][gc,stats    ]   Choose Collection Set             289 us
[2026-04-03T02:37:32.064+0600][36.420s][info][gc,stats    ]   Rebuild Free Set                   41 us
[2026-04-03T02:37:32.064+0600][36.420s][info][gc,stats    ] Concurrent Thread Roots            1337 us, parallelism: 2.17x
[2026-04-03T02:37:32.064+0600][36.420s][info][gc,stats    ]   CTR: <total>                     2898 us
[2026-04-03T02:37:32.064+0600][36.420s][info][gc,stats    ]   CTR: Thread Roots                2898 us, workers (us): 1025, 929, 945, ---, ---, ---, 
[2026-04-03T02:37:32.064+0600][36.420s][info][gc,stats    ] Concurrent Weak References         1311 us, parallelism: 1.12x
[2026-04-03T02:37:32.064+0600][36.420s][info][gc,stats    ]   CWRF: <total>                    1464 us
[2026-04-03T02:37:32.064+0600][36.420s][info][gc,stats    ]   CWRF: Weak References            1464 us, workers (us): 303, 936, 225, ---, ---, ---, 
[2026-04-03T02:37:32.064+0600][36.420s][info][gc,stats    ] Concurrent Weak Roots              6434 us
[2026-04-03T02:37:32.064+0600][36.420s][info][gc,stats    ]   Roots                            5843 us, parallelism: 2.75x
[2026-04-03T02:37:32.064+0600][36.420s][info][gc,stats    ]     CWR: <total>                  16082 us
[2026-04-03T02:37:32.064+0600][36.420s][info][gc,stats    ]     CWR: Code Cache Roots         12795 us, workers (us): 4410, 3990, 4395, ---, ---, ---, 
[2026-04-03T02:37:32.064+0600][36.420s][info][gc,stats    ]     CWR: VM Weak Roots             2974 us, workers (us): 1032, 974, 968, ---, ---, ---, 
[2026-04-03T02:37:32.064+0600][36.420s][info][gc,stats    ]     CWR: CLDG Roots                 313 us, workers (us): ---, 313, ---, ---, ---, ---, 
[2026-04-03T02:37:32.064+0600][36.420s][info][gc,stats    ]   Rendezvous                        460 us
[2026-04-03T02:37:32.064+0600][36.420s][info][gc,stats    ] Concurrent Cleanup                  871 us
[2026-04-03T02:37:32.064+0600][36.420s][info][gc,stats    ] Concurrent Class Unloading        26679 us
[2026-04-03T02:37:32.064+0600][36.420s][info][gc,stats    ]   Unlink Stale                    16139 us
[2026-04-03T02:37:32.064+0600][36.420s][info][gc,stats    ]     System Dictionary               352 us
[2026-04-03T02:37:32.064+0600][36.420s][info][gc,stats    ]     Weak Class Links                  1 us
[2026-04-03T02:37:32.064+0600][36.420s][info][gc,stats    ]     Code Roots                    15781 us
[2026-04-03T02:37:32.064+0600][36.420s][info][gc,stats    ]   Rendezvous                        467 us
[2026-04-03T02:37:32.064+0600][36.420s][info][gc,stats    ]   Purge Unlinked                   9909 us
[2026-04-03T02:37:32.064+0600][36.420s][info][gc,stats    ]     Code Roots                     9848 us
[2026-04-03T02:37:32.064+0600][36.420s][info][gc,stats    ]     CLDG                             58 us
[2026-04-03T02:37:32.064+0600][36.420s][info][gc,stats    ]     Exception Caches                  1 us
[2026-04-03T02:37:32.064+0600][36.420s][info][gc,stats    ] Concurrent Strong Roots            1959 us, parallelism: 0.74x
[2026-04-03T02:37:32.064+0600][36.420s][info][gc,stats    ]   CSR: <total>                     1451 us
[2026-04-03T02:37:32.064+0600][36.420s][info][gc,stats    ]   CSR: VM Strong Roots               66 us, workers (us):  36,  19,  12, ---, ---, ---, 
[2026-04-03T02:37:32.064+0600][36.420s][info][gc,stats    ]   CSR: CLDG Roots                  1385 us, workers (us): 1385, ---, ---, ---, ---, ---, 
[2026-04-03T02:37:32.064+0600][36.420s][info][gc,stats    ] Concurrent Evacuation              5518 us
[2026-04-03T02:37:32.064+0600][36.420s][info][gc,stats    ] Pause Init Update Refs (G)         2264 us
[2026-04-03T02:37:32.064+0600][36.420s][info][gc,stats    ] Pause Init Update Refs (N)          210 us
[2026-04-03T02:37:32.064+0600][36.420s][info][gc,stats    ]   Manage GCLABs                      62 us
[2026-04-03T02:37:32.064+0600][36.420s][info][gc,stats    ] Concurrent Update Refs            58301 us
[2026-04-03T02:37:32.064+0600][36.420s][info][gc,stats    ] Concurrent Update Thread Roots     1841 us
[2026-04-03T02:37:32.064+0600][36.420s][info][gc,stats    ] Pause Final Update Refs (G)         447 us
[2026-04-03T02:37:32.064+0600][36.420s][info][gc,stats    ] Pause Final Update Refs (N)         213 us
[2026-04-03T02:37:32.064+0600][36.420s][info][gc,stats    ]   Update Region States               61 us
[2026-04-03T02:37:32.064+0600][36.420s][info][gc,stats    ]   Trash Collection Set               22 us
[2026-04-03T02:37:32.064+0600][36.420s][info][gc,stats    ]   Rebuild Free Set                   44 us
[2026-04-03T02:37:32.064+0600][36.420s][info][gc,stats    ] Concurrent Cleanup                  314 us
[2026-04-03T02:37:32.064+0600][36.420s][info][gc,stats    ] Pacing                            52854 us
[2026-04-03T02:37:32.064+0600][36.420s][info][gc,stats    ] 
[2026-04-03T02:37:32.064+0600][36.420s][info][gc,stats    ] Allocation pacing accrued:
[2026-04-03T02:37:32.064+0600][36.421s][info][gc,stats    ]      12 of  1336 ms (  0.9%): Executor task launch worker for task 1.0 in stage 542.0 (TID 1210)
[2026-04-03T02:37:32.064+0600][36.421s][info][gc,stats    ]      10 of  1336 ms (  0.8%): Executor task launch worker for task 2.0 in stage 542.0 (TID 1211)
[2026-04-03T02:37:32.064+0600][36.421s][info][gc,stats    ]      10 of  1336 ms (  0.8%): Executor task launch worker for task 0.0 in stage 542.0 (TID 1209)
[2026-04-03T02:37:32.064+0600][36.421s][info][gc,stats    ]      10 of  1336 ms (  0.8%): Executor task launch worker for task 3.0 in stage 542.0 (TID 1212)
[2026-04-03T02:37:32.064+0600][36.421s][info][gc,stats    ]      10 of  1336 ms (  0.8%): task-result-getter-0
[2026-04-03T02:37:32.064+0600][36.421s][info][gc,stats    ]      53 of  1336 ms (  4.0%): <total>
[2026-04-03T02:37:32.064+0600][36.421s][info][gc,stats    ]       0 of  1336 ms (  0.0%): <average total>
[2026-04-03T02:37:32.064+0600][36.421s][info][gc,stats    ]      11 of  1336 ms (  0.8%): <average non-zero>
[2026-04-03T02:37:32.064+0600][36.421s][info][gc,stats    ] 
[2026-04-03T02:37:32.064+0600][36.421s][info][gc,metaspace] Metaspace: 130565K(131776K)->130565K(131776K) NonClass: 114041K(114688K)->114041K(114688K) Class: 16523K(17088K)->16523K(17088K)
[2026-04-03T02:37:32.064+0600][36.421s][info][gc,ergo     ] Pacer for Idle. Initial: 30720K, Alloc Tax Rate: 1.0x
[2026-04-03T02:37:33.070+0600][37.426s][info][gc          ] Trigger: Average GC time (205.76 ms) is above the time for average allocation rate (1057 MB/s) to deplete free headroom (216M) (margin of error = 1.81)
[2026-04-03T02:37:33.070+0600][37.426s][info][gc,ergo     ] Free headroom: 291M (free) - 76800K (spike) - 0B (penalties) = 216M
[2026-04-03T02:37:33.070+0600][37.426s][info][gc,ergo     ] Free: 291M, Max: 512K regular, 198M humongous, Frag: 32% external, 0% internal; Reserve: 76800K, Max: 512K
[2026-04-03T02:37:33.070+0600][37.426s][info][gc,start    ] GC(19) Concurrent reset
[2026-04-03T02:37:33.070+0600][37.426s][info][gc,task     ] GC(19) Using 3 of 6 workers for concurrent reset
[2026-04-03T02:37:33.070+0600][37.426s][info][gc,ergo     ] GC(19) Pacer for Reset. Non-Taxable: 1500M
[2026-04-03T02:37:33.071+0600][37.428s][info][gc          ] GC(19) Concurrent reset 1.491ms
[2026-04-03T02:37:33.072+0600][37.428s][info][gc,start    ] GC(19) Pause Init Mark (unload classes)
[2026-04-03T02:37:33.072+0600][37.428s][info][gc,task     ] GC(19) Using 6 of 6 workers for init marking
[2026-04-03T02:37:33.072+0600][37.428s][info][gc,ergo     ] GC(19) Pacer for Mark. Expected Live: 88813K, Free: 291M, Non-Taxable: 29847K, Alloc Tax Rate: 0.4x
[2026-04-03T02:37:33.072+0600][37.428s][info][gc          ] GC(19) Pause Init Mark (unload classes) 0.183ms
[2026-04-03T02:37:33.072+0600][37.428s][info][gc,start    ] GC(19) Concurrent marking roots
[2026-04-03T02:37:33.072+0600][37.428s][info][gc,task     ] GC(19) Using 3 of 6 workers for concurrent marking roots
[2026-04-03T02:37:33.073+0600][37.430s][info][gc          ] GC(19) Concurrent marking roots 1.513ms
[2026-04-03T02:37:33.073+0600][37.430s][info][gc,start    ] GC(19) Concurrent marking (unload classes)
[2026-04-03T02:37:33.073+0600][37.430s][info][gc,task     ] GC(19) Using 3 of 6 workers for concurrent marking
[2026-04-03T02:37:33.136+0600][37.492s][info][gc          ] GC(19) Concurrent marking (unload classes) 62.030ms
[2026-04-03T02:37:33.137+0600][37.493s][info][gc,start    ] GC(19) Pause Final Mark (unload classes)
[2026-04-03T02:37:33.137+0600][37.493s][info][gc,task     ] GC(19) Using 6 of 6 workers for final marking
[2026-04-03T02:37:33.137+0600][37.493s][info][gc,ergo     ] GC(19) Adaptive CSet Selection. Target Free: 212M, Actual Free: 1063M, Max CSet: 64000K, Min Garbage: 0B
[2026-04-03T02:37:33.137+0600][37.494s][info][gc,ergo     ] GC(19) Collectable Garbage: 950M (99%), Immediate: 750M (78%), CSet: 199M (20%)
[2026-04-03T02:37:33.137+0600][37.494s][info][gc,ergo     ] GC(19) Pacer for Evacuation. Used CSet: 205M, Free: 1076M, Non-Taxable: 107M, Alloc Tax Rate: 1.1x
[2026-04-03T02:37:33.137+0600][37.494s][info][gc          ] GC(19) Pause Final Mark (unload classes) 0.854ms
[2026-04-03T02:37:33.137+0600][37.494s][info][gc,start    ] GC(19) Concurrent thread roots
[2026-04-03T02:37:33.138+0600][37.494s][info][gc,task     ] GC(19) Using 3 of 6 workers for Concurrent thread roots
[2026-04-03T02:37:33.139+0600][37.495s][info][gc          ] GC(19) Concurrent thread roots 1.399ms
[2026-04-03T02:37:33.139+0600][37.495s][info][gc,start    ] GC(19) Concurrent weak references
[2026-04-03T02:37:33.139+0600][37.495s][info][gc,task     ] GC(19) Using 3 of 6 workers for concurrent weak references
[2026-04-03T02:37:33.140+0600][37.496s][info][gc,ref      ] GC(19) Encountered references: Soft: 3867, Weak: 16619, Final: 84, Phantom: 620
[2026-04-03T02:37:33.140+0600][37.496s][info][gc,ref      ] GC(19) Discovered  references: Soft: 0, Weak: 6087, Final: 0, Phantom: 615
[2026-04-03T02:37:33.140+0600][37.496s][info][gc,ref      ] GC(19) Enqueued    references: Soft: 0, Weak: 2276, Final: 0, Phantom: 0
[2026-04-03T02:37:33.140+0600][37.496s][info][gc          ] GC(19) Concurrent weak references 0.949ms
[2026-04-03T02:37:33.140+0600][37.496s][info][gc,start    ] GC(19) Concurrent weak roots
[2026-04-03T02:37:33.140+0600][37.496s][info][gc,task     ] GC(19) Using 3 of 6 workers for concurrent weak root
[2026-04-03T02:37:33.150+0600][37.506s][info][gc          ] GC(19) Concurrent weak roots 9.839ms
[2026-04-03T02:37:33.150+0600][37.506s][info][gc,start    ] GC(19) Concurrent cleanup
[2026-04-03T02:37:33.151+0600][37.507s][info][gc          ] GC(19) Concurrent cleanup 1172M->425M(1343M) 1.133ms
[2026-04-03T02:37:33.151+0600][37.507s][info][gc,ergo     ] GC(19) Free: 983M, Max: 512K regular, 149M humongous, Frag: 85% external, 0% internal; Reserve: 76384K, Max: 512K
[2026-04-03T02:37:33.151+0600][37.507s][info][gc,start    ] GC(19) Concurrent class unloading
[2026-04-03T02:37:33.151+0600][37.507s][info][gc,task     ] GC(19) Using 3 of 6 workers for concurrent class unloading
[2026-04-03T02:37:33.172+0600][37.529s][info][gc          ] GC(19) Concurrent class unloading 21.134ms
[2026-04-03T02:37:33.172+0600][37.529s][info][gc,start    ] GC(19) Concurrent strong roots
[2026-04-03T02:37:33.172+0600][37.529s][info][gc,task     ] GC(19) Using 3 of 6 workers for concurrent strong root
[2026-04-03T02:37:33.174+0600][37.530s][info][gc          ] GC(19) Concurrent strong roots 1.416ms
[2026-04-03T02:37:33.174+0600][37.530s][info][gc,start    ] GC(19) Concurrent evacuation
[2026-04-03T02:37:33.174+0600][37.530s][info][gc,task     ] GC(19) Using 3 of 6 workers for concurrent evacuation
[2026-04-03T02:37:33.178+0600][37.534s][info][gc          ] GC(19) Concurrent evacuation 4.079ms
[2026-04-03T02:37:33.179+0600][37.535s][info][gc,start    ] GC(19) Pause Init Update Refs
[2026-04-03T02:37:33.179+0600][37.535s][info][gc,ergo     ] GC(19) Pacer for Update Refs. Used: 482M, Free: 928M, Non-Taxable: 95110K, Alloc Tax Rate: 1.1x
[2026-04-03T02:37:33.179+0600][37.535s][info][gc          ] GC(19) Pause Init Update Refs 0.167ms
[2026-04-03T02:37:33.179+0600][37.536s][info][gc,start    ] GC(19) Concurrent update references
[2026-04-03T02:37:33.180+0600][37.536s][info][gc,task     ] GC(19) Using 3 of 6 workers for concurrent reference update
[2026-04-03T02:37:33.235+0600][37.591s][info][gc          ] GC(19) Concurrent update references 55.534ms
[2026-04-03T02:37:33.235+0600][37.591s][info][gc,start    ] GC(19) Concurrent update thread roots
[2026-04-03T02:37:33.241+0600][37.597s][info][gc          ] GC(19) Concurrent update thread roots 5.447ms
[2026-04-03T02:37:33.241+0600][37.598s][info][gc,start    ] GC(19) Pause Final Update Refs
[2026-04-03T02:37:33.241+0600][37.598s][info][gc,task     ] GC(19) Using 6 of 6 workers for final reference update
[2026-04-03T02:37:33.242+0600][37.598s][info][gc          ] GC(19) Pause Final Update Refs 0.223ms
[2026-04-03T02:37:33.243+0600][37.599s][info][gc,start    ] GC(19) Concurrent cleanup
[2026-04-03T02:37:33.244+0600][37.600s][info][gc          ] GC(19) Concurrent cleanup 630M->426M(1343M) 0.819ms
[2026-04-03T02:37:33.244+0600][37.600s][info][gc,ergo     ] Free: 959M, Max: 512K regular, 543M humongous, Frag: 44% external, 0% internal; Reserve: 76800K, Max: 512K
[2026-04-03T02:37:33.244+0600][37.600s][info][gc,stats    ] 
[2026-04-03T02:37:33.244+0600][37.600s][info][gc,stats    ] All times are wall-clock times, except per-root-class counters, that are sum over
[2026-04-03T02:37:33.244+0600][37.600s][info][gc,stats    ] all workers. Dividing the <total> over the root stage time estimates parallelism.
[2026-04-03T02:37:33.244+0600][37.601s][info][gc,stats    ] 
[2026-04-03T02:37:33.244+0600][37.601s][info][gc,stats    ] Concurrent Reset                   1544 us
[2026-04-03T02:37:33.244+0600][37.601s][info][gc,stats    ] Pause Init Mark (G)                 461 us
[2026-04-03T02:37:33.244+0600][37.601s][info][gc,stats    ] Pause Init Mark (N)                 194 us
[2026-04-03T02:37:33.244+0600][37.601s][info][gc,stats    ]   Update Region States               39 us
[2026-04-03T02:37:33.244+0600][37.601s][info][gc,stats    ] Concurrent Mark Roots              1580 us, parallelism: 1.64x
[2026-04-03T02:37:33.244+0600][37.601s][info][gc,stats    ]   CMR: <total>                     2597 us
[2026-04-03T02:37:33.244+0600][37.601s][info][gc,stats    ]   CMR: Thread Roots                2111 us, workers (us): 841, 844, 426, ---, ---, ---, 
[2026-04-03T02:37:33.244+0600][37.601s][info][gc,stats    ]   CMR: VM Strong Roots               52 us, workers (us):  17,  18,  16, ---, ---, ---, 
[2026-04-03T02:37:33.244+0600][37.601s][info][gc,stats    ]   CMR: CLDG Roots                   434 us, workers (us): ---, ---, 434, ---, ---, ---, 
[2026-04-03T02:37:33.244+0600][37.601s][info][gc,stats    ] Concurrent Marking                62127 us
[2026-04-03T02:37:33.244+0600][37.601s][info][gc,stats    ] Pause Final Mark (G)               1875 us
[2026-04-03T02:37:33.244+0600][37.601s][info][gc,stats    ] Pause Final Mark (N)                870 us
[2026-04-03T02:37:33.244+0600][37.601s][info][gc,stats    ]   Finish Mark                       329 us
[2026-04-03T02:37:33.244+0600][37.601s][info][gc,stats    ]   Update Region States               94 us
[2026-04-03T02:37:33.245+0600][37.601s][info][gc,stats    ]   Choose Collection Set             244 us
[2026-04-03T02:37:33.245+0600][37.601s][info][gc,stats    ]   Rebuild Free Set                   47 us
[2026-04-03T02:37:33.245+0600][37.601s][info][gc,stats    ] Concurrent Thread Roots            1464 us, parallelism: 2.34x
[2026-04-03T02:37:33.245+0600][37.601s][info][gc,stats    ]   CTR: <total>                     3422 us
[2026-04-03T02:37:33.245+0600][37.601s][info][gc,stats    ]   CTR: Thread Roots                3422 us, workers (us): 1121, 1141, 1160, ---, ---, ---, 
[2026-04-03T02:37:33.245+0600][37.601s][info][gc,stats    ] Concurrent Weak References          968 us, parallelism: 1.61x
[2026-04-03T02:37:33.245+0600][37.601s][info][gc,stats    ]   CWRF: <total>                    1556 us
[2026-04-03T02:37:33.245+0600][37.601s][info][gc,stats    ]   CWRF: Weak References            1556 us, workers (us): 566, 586, 404, ---, ---, ---, 
[2026-04-03T02:37:33.245+0600][37.601s][info][gc,stats    ] Concurrent Weak Roots             10037 us
[2026-04-03T02:37:33.245+0600][37.601s][info][gc,stats    ]   Roots                            7332 us, parallelism: 2.78x
[2026-04-03T02:37:33.245+0600][37.601s][info][gc,stats    ]     CWR: <total>                  20399 us
[2026-04-03T02:37:33.245+0600][37.601s][info][gc,stats    ]     CWR: Code Cache Roots         15823 us, workers (us): 5176, 5190, 5458, ---, ---, ---, 
[2026-04-03T02:37:33.245+0600][37.601s][info][gc,stats    ]     CWR: VM Weak Roots             4169 us, workers (us): 1579, 1303, 1287, ---, ---, ---, 
[2026-04-03T02:37:33.245+0600][37.601s][info][gc,stats    ]     CWR: CLDG Roots                 407 us, workers (us): ---, 407, ---, ---, ---, ---, 
[2026-04-03T02:37:33.245+0600][37.601s][info][gc,stats    ]   Rendezvous                       2452 us
[2026-04-03T02:37:33.245+0600][37.601s][info][gc,stats    ] Concurrent Cleanup                 1182 us
[2026-04-03T02:37:33.245+0600][37.601s][info][gc,stats    ] Concurrent Class Unloading        21208 us
[2026-04-03T02:37:33.245+0600][37.601s][info][gc,stats    ]   Unlink Stale                    14599 us
[2026-04-03T02:37:33.245+0600][37.601s][info][gc,stats    ]     System Dictionary               338 us
[2026-04-03T02:37:33.245+0600][37.601s][info][gc,stats    ]     Weak Class Links                  0 us
[2026-04-03T02:37:33.245+0600][37.601s][info][gc,stats    ]     Code Roots                    14256 us
[2026-04-03T02:37:33.245+0600][37.601s][info][gc,stats    ]   Rendezvous                        413 us
[2026-04-03T02:37:33.245+0600][37.601s][info][gc,stats    ]   Purge Unlinked                   6081 us
[2026-04-03T02:37:33.245+0600][37.601s][info][gc,stats    ]     Code Roots                     6062 us
[2026-04-03T02:37:33.245+0600][37.601s][info][gc,stats    ]     CLDG                             18 us
[2026-04-03T02:37:33.245+0600][37.601s][info][gc,stats    ]     Exception Caches                  0 us
[2026-04-03T02:37:33.245+0600][37.601s][info][gc,stats    ] Concurrent Strong Roots            1478 us, parallelism: 0.70x
[2026-04-03T02:37:33.245+0600][37.601s][info][gc,stats    ]   CSR: <total>                     1042 us
[2026-04-03T02:37:33.245+0600][37.601s][info][gc,stats    ]   CSR: VM Strong Roots               72 us, workers (us):  60,   4,   8, ---, ---, ---, 
[2026-04-03T02:37:33.245+0600][37.601s][info][gc,stats    ]   CSR: CLDG Roots                   970 us, workers (us): 970, ---, ---, ---, ---, ---, 
[2026-04-03T02:37:33.245+0600][37.601s][info][gc,stats    ] Concurrent Evacuation              4315 us
[2026-04-03T02:37:33.245+0600][37.601s][info][gc,stats    ] Pause Init Update Refs (G)         1231 us
[2026-04-03T02:37:33.245+0600][37.601s][info][gc,stats    ] Pause Init Update Refs (N)          183 us
[2026-04-03T02:37:33.245+0600][37.601s][info][gc,stats    ]   Manage GCLABs                      58 us
[2026-04-03T02:37:33.245+0600][37.601s][info][gc,stats    ] Concurrent Update Refs            55678 us
[2026-04-03T02:37:33.245+0600][37.601s][info][gc,stats    ] Concurrent Update Thread Roots     5895 us
[2026-04-03T02:37:33.245+0600][37.601s][info][gc,stats    ] Pause Final Update Refs (G)        2122 us
[2026-04-03T02:37:33.245+0600][37.601s][info][gc,stats    ] Pause Final Update Refs (N)         238 us
[2026-04-03T02:37:33.245+0600][37.601s][info][gc,stats    ]   Update Region States               73 us
[2026-04-03T02:37:33.245+0600][37.601s][info][gc,stats    ]   Trash Collection Set               23 us
[2026-04-03T02:37:33.245+0600][37.601s][info][gc,stats    ]   Rebuild Free Set                   61 us
[2026-04-03T02:37:33.245+0600][37.601s][info][gc,stats    ] Concurrent Cleanup                  873 us
[2026-04-03T02:37:33.245+0600][37.601s][info][gc,stats    ] Pacing                           105294 us
[2026-04-03T02:37:33.245+0600][37.601s][info][gc,stats    ] 
[2026-04-03T02:37:33.245+0600][37.601s][info][gc,stats    ] Allocation pacing accrued:
[2026-04-03T02:37:33.245+0600][37.601s][info][gc,stats    ]      11 of  1181 ms (  0.9%): dispatcher-BlockManagerEndpoint1
[2026-04-03T02:37:33.245+0600][37.601s][info][gc,stats    ]      20 of  1181 ms (  1.7%): Executor task launch worker for task 2.0 in stage 667.0 (TID 1349)
[2026-04-03T02:37:33.245+0600][37.601s][info][gc,stats    ]      21 of  1181 ms (  1.8%): Executor task launch worker for task 0.0 in stage 667.0 (TID 1347)
[2026-04-03T02:37:33.245+0600][37.601s][info][gc,stats    ]      21 of  1181 ms (  1.8%): Executor task launch worker for task 1.0 in stage 667.0 (TID 1348)
[2026-04-03T02:37:33.245+0600][37.601s][info][gc,stats    ]      21 of  1181 ms (  1.8%): Executor task launch worker for task 3.0 in stage 667.0 (TID 1350)
[2026-04-03T02:37:33.245+0600][37.601s][info][gc,stats    ]      10 of  1181 ms (  0.9%): block-manager-storage-async-thread-pool-87
[2026-04-03T02:37:33.245+0600][37.602s][info][gc,stats    ]     105 of  1181 ms (  8.9%): <total>
[2026-04-03T02:37:33.245+0600][37.602s][info][gc,stats    ]       0 of  1181 ms (  0.0%): <average total>
[2026-04-03T02:37:33.245+0600][37.602s][info][gc,stats    ]      18 of  1181 ms (  1.5%): <average non-zero>
[2026-04-03T02:37:33.245+0600][37.602s][info][gc,stats    ] 
[2026-04-03T02:37:33.245+0600][37.602s][info][gc,metaspace] Metaspace: 130601K(131776K)->130614K(131840K) NonClass: 114077K(114688K)->114090K(114752K) Class: 16523K(17088K)->16523K(17088K)
[2026-04-03T02:37:33.245+0600][37.602s][info][gc,ergo     ] Pacer for Idle. Initial: 30720K, Alloc Tax Rate: 1.0x
[2026-04-03T02:37:33.350+0600][37.706s][info][gc          ] Trigger: Average GC time (196.58 ms) is above the time for average allocation rate (2740 MB/s) to deplete free headroom (491M) (margin of error = 1.84)
[2026-04-03T02:37:33.350+0600][37.706s][info][gc,ergo     ] Free headroom: 566M (free) - 76800K (spike) - 0B (penalties) = 491M
[2026-04-03T02:37:33.350+0600][37.707s][info][gc,ergo     ] Free: 565M, Max: 512K regular, 349M humongous, Frag: 39% external, 0% internal; Reserve: 76800K, Max: 512K
[2026-04-03T02:37:33.350+0600][37.707s][info][gc,start    ] GC(20) Concurrent reset
[2026-04-03T02:37:33.350+0600][37.707s][info][gc,task     ] GC(20) Using 3 of 6 workers for concurrent reset
[2026-04-03T02:37:33.350+0600][37.707s][info][gc,ergo     ] GC(20) Pacer for Reset. Non-Taxable: 1500M
[2026-04-03T02:37:33.352+0600][37.709s][info][gc          ] GC(20) Concurrent reset 2.071ms
[2026-04-03T02:37:33.353+0600][37.709s][info][gc,start    ] GC(20) Pause Init Mark (unload classes)
[2026-04-03T02:37:33.353+0600][37.709s][info][gc,task     ] GC(20) Using 6 of 6 workers for init marking
[2026-04-03T02:37:33.353+0600][37.709s][info][gc,ergo     ] GC(20) Pacer for Mark. Expected Live: 88865K, Free: 559M, Non-Taxable: 57326K, Alloc Tax Rate: 0.2x
[2026-04-03T02:37:33.353+0600][37.709s][info][gc          ] GC(20) Pause Init Mark (unload classes) 0.107ms
[2026-04-03T02:37:33.353+0600][37.709s][info][gc,start    ] GC(20) Concurrent marking roots
[2026-04-03T02:37:33.353+0600][37.709s][info][gc,task     ] GC(20) Using 3 of 6 workers for concurrent marking roots
[2026-04-03T02:37:33.357+0600][37.713s][info][gc          ] GC(20) Concurrent marking roots 3.632ms
[2026-04-03T02:37:33.357+0600][37.713s][info][gc,start    ] GC(20) Concurrent marking (unload classes)
[2026-04-03T02:37:33.357+0600][37.713s][info][gc,task     ] GC(20) Using 3 of 6 workers for concurrent marking
[2026-04-03T02:37:33.402+0600][37.758s][info][gc          ] GC(20) Concurrent marking (unload classes) 45.005ms
[2026-04-03T02:37:33.402+0600][37.758s][info][gc,start    ] GC(20) Pause Final Mark (unload classes)
[2026-04-03T02:37:33.402+0600][37.758s][info][gc,task     ] GC(20) Using 6 of 6 workers for final marking
[2026-04-03T02:37:33.402+0600][37.759s][info][gc,ergo     ] GC(20) Adaptive CSet Selection. Target Free: 212M, Actual Free: 1217M, Max CSet: 64000K, Min Garbage: 0B
[2026-04-03T02:37:33.403+0600][37.759s][info][gc,ergo     ] GC(20) Collectable Garbage: 692M (98%), Immediate: 615M (88%), CSet: 78042K (10%)
[2026-04-03T02:37:33.403+0600][37.759s][info][gc,ergo     ] GC(20) Pacer for Evacuation. Used CSet: 87687K, Free: 1221M, Non-Taxable: 122M, Alloc Tax Rate: 1.1x
[2026-04-03T02:37:33.403+0600][37.759s][info][gc          ] GC(20) Pause Final Mark (unload classes) 0.536ms
[2026-04-03T02:37:33.403+0600][37.759s][info][gc,start    ] GC(20) Concurrent thread roots
[2026-04-03T02:37:33.403+0600][37.759s][info][gc,task     ] GC(20) Using 3 of 6 workers for Concurrent thread roots
[2026-04-03T02:37:33.404+0600][37.760s][info][gc          ] GC(20) Concurrent thread roots 1.011ms
[2026-04-03T02:37:33.404+0600][37.760s][info][gc,start    ] GC(20) Concurrent weak references
[2026-04-03T02:37:33.404+0600][37.760s][info][gc,task     ] GC(20) Using 3 of 6 workers for concurrent weak references
[2026-04-03T02:37:33.404+0600][37.760s][info][gc,ref      ] GC(20) Encountered references: Soft: 3874, Weak: 14655, Final: 84, Phantom: 620
[2026-04-03T02:37:33.404+0600][37.760s][info][gc,ref      ] GC(20) Discovered  references: Soft: 0, Weak: 6155, Final: 0, Phantom: 615
[2026-04-03T02:37:33.404+0600][37.760s][info][gc,ref      ] GC(20) Enqueued    references: Soft: 0, Weak: 256, Final: 0, Phantom: 0
[2026-04-03T02:37:33.404+0600][37.760s][info][gc          ] GC(20) Concurrent weak references 0.528ms
[2026-04-03T02:37:33.404+0600][37.761s][info][gc,start    ] GC(20) Concurrent weak roots
[2026-04-03T02:37:33.404+0600][37.761s][info][gc,task     ] GC(20) Using 3 of 6 workers for concurrent weak root
[2026-04-03T02:37:33.408+0600][37.765s][info][gc          ] GC(20) Concurrent weak roots 4.149ms
[2026-04-03T02:37:33.409+0600][37.765s][info][gc,start    ] GC(20) Concurrent cleanup
[2026-04-03T02:37:33.409+0600][37.766s][info][gc          ] GC(20) Concurrent cleanup 816M->200M(1343M) 0.844ms
[2026-04-03T02:37:33.409+0600][37.766s][info][gc,ergo     ] GC(20) Free: 1218M, Max: 512K regular, 325M humongous, Frag: 74% external, 0% internal; Reserve: 76414K, Max: 512K
[2026-04-03T02:37:33.410+0600][37.766s][info][gc,start    ] GC(20) Concurrent class unloading
[2026-04-03T02:37:33.410+0600][37.766s][info][gc,task     ] GC(20) Using 3 of 6 workers for concurrent class unloading
[2026-04-03T02:37:33.425+0600][37.782s][info][gc          ] GC(20) Concurrent class unloading 15.797ms
[2026-04-03T02:37:33.425+0600][37.782s][info][gc,start    ] GC(20) Concurrent strong roots
[2026-04-03T02:37:33.425+0600][37.782s][info][gc,task     ] GC(20) Using 3 of 6 workers for concurrent strong root
[2026-04-03T02:37:33.427+0600][37.783s][info][gc          ] GC(20) Concurrent strong roots 1.469ms
[2026-04-03T02:37:33.427+0600][37.783s][info][gc,start    ] GC(20) Concurrent evacuation
[2026-04-03T02:37:33.427+0600][37.783s][info][gc,task     ] GC(20) Using 3 of 6 workers for concurrent evacuation
[2026-04-03T02:37:33.435+0600][37.791s][info][gc          ] GC(20) Concurrent evacuation 7.646ms
[2026-04-03T02:37:33.436+0600][37.793s][info][gc,start    ] GC(20) Pause Init Update Refs
[2026-04-03T02:37:33.437+0600][37.793s][info][gc,ergo     ] GC(20) Pacer for Update Refs. Used: 224M, Free: 1204M, Non-Taxable: 120M, Alloc Tax Rate: 1.1x
[2026-04-03T02:37:33.437+0600][37.793s][info][gc          ] GC(20) Pause Init Update Refs 0.166ms
[2026-04-03T02:37:33.437+0600][37.793s][info][gc,start    ] GC(20) Concurrent update references
[2026-04-03T02:37:33.437+0600][37.793s][info][gc,task     ] GC(20) Using 3 of 6 workers for concurrent reference update
[2026-04-03T02:37:33.482+0600][37.839s][info][gc          ] GC(20) Concurrent update references 45.397ms
[2026-04-03T02:37:33.483+0600][37.839s][info][gc,start    ] GC(20) Concurrent update thread roots
[2026-04-03T02:37:33.485+0600][37.841s][info][gc          ] GC(20) Concurrent update thread roots 1.971ms
[2026-04-03T02:37:33.485+0600][37.841s][info][gc,start    ] GC(20) Pause Final Update Refs
[2026-04-03T02:37:33.485+0600][37.841s][info][gc,task     ] GC(20) Using 6 of 6 workers for final reference update
[2026-04-03T02:37:33.485+0600][37.841s][info][gc          ] GC(20) Pause Final Update Refs 0.193ms
[2026-04-03T02:37:33.485+0600][37.841s][info][gc,start    ] GC(20) Concurrent cleanup
[2026-04-03T02:37:33.486+0600][37.842s][info][gc          ] GC(20) Concurrent cleanup 258M->173M(1343M) 0.644ms
[2026-04-03T02:37:33.486+0600][37.842s][info][gc,ergo     ] Free: 1238M, Max: 512K regular, 465M humongous, Frag: 63% external, 0% internal; Reserve: 76800K, Max: 512K
[2026-04-03T02:37:33.486+0600][37.842s][info][gc,stats    ] 
[2026-04-03T02:37:33.486+0600][37.843s][info][gc,stats    ] All times are wall-clock times, except per-root-class counters, that are sum over
[2026-04-03T02:37:33.486+0600][37.843s][info][gc,stats    ] all workers. Dividing the <total> over the root stage time estimates parallelism.
[2026-04-03T02:37:33.486+0600][37.843s][info][gc,stats    ] 
[2026-04-03T02:37:33.486+0600][37.843s][info][gc,stats    ] Concurrent Reset                   2155 us
[2026-04-03T02:37:33.486+0600][37.843s][info][gc,stats    ] Pause Init Mark (G)                 609 us
[2026-04-03T02:37:33.486+0600][37.843s][info][gc,stats    ] Pause Init Mark (N)                 116 us
[2026-04-03T02:37:33.486+0600][37.843s][info][gc,stats    ]   Update Region States               33 us
[2026-04-03T02:37:33.486+0600][37.843s][info][gc,stats    ] Concurrent Mark Roots              3715 us, parallelism: 1.11x
[2026-04-03T02:37:33.486+0600][37.843s][info][gc,stats    ]   CMR: <total>                     4118 us
[2026-04-03T02:37:33.486+0600][37.843s][info][gc,stats    ]   CMR: Thread Roots                3619 us, workers (us): 2666, 647, 306, ---, ---, ---, 
[2026-04-03T02:37:33.486+0600][37.843s][info][gc,stats    ]   CMR: VM Strong Roots               53 us, workers (us):  51,   1,   1, ---, ---, ---, 
[2026-04-03T02:37:33.486+0600][37.843s][info][gc,stats    ]   CMR: CLDG Roots                   446 us, workers (us): 446, ---, ---, ---, ---, ---, 
[2026-04-03T02:37:33.486+0600][37.843s][info][gc,stats    ] Concurrent Marking                45070 us
[2026-04-03T02:37:33.486+0600][37.843s][info][gc,stats    ] Pause Final Mark (G)                743 us
[2026-04-03T02:37:33.486+0600][37.843s][info][gc,stats    ] Pause Final Mark (N)                547 us
[2026-04-03T02:37:33.486+0600][37.843s][info][gc,stats    ]   Finish Mark                       247 us
[2026-04-03T02:37:33.486+0600][37.843s][info][gc,stats    ]   Update Region States               36 us
[2026-04-03T02:37:33.487+0600][37.843s][info][gc,stats    ]   Choose Collection Set             130 us
[2026-04-03T02:37:33.487+0600][37.843s][info][gc,stats    ]   Rebuild Free Set                   32 us
[2026-04-03T02:37:33.487+0600][37.843s][info][gc,stats    ] Concurrent Thread Roots            1080 us, parallelism: 2.03x
[2026-04-03T02:37:33.487+0600][37.843s][info][gc,stats    ]   CTR: <total>                     2190 us
[2026-04-03T02:37:33.487+0600][37.843s][info][gc,stats    ]   CTR: Thread Roots                2190 us, workers (us): 759, 725, 706, ---, ---, ---, 
[2026-04-03T02:37:33.487+0600][37.843s][info][gc,stats    ] Concurrent Weak References          541 us, parallelism: 1.34x
[2026-04-03T02:37:33.487+0600][37.843s][info][gc,stats    ]   CWRF: <total>                     725 us
[2026-04-03T02:37:33.487+0600][37.843s][info][gc,stats    ]   CWRF: Weak References             725 us, workers (us): 219, 312, 194, ---, ---, ---, 
[2026-04-03T02:37:33.487+0600][37.843s][info][gc,stats    ] Concurrent Weak Roots              4271 us
[2026-04-03T02:37:33.487+0600][37.843s][info][gc,stats    ]   Roots                            3778 us, parallelism: 2.67x
[2026-04-03T02:37:33.487+0600][37.843s][info][gc,stats    ]     CWR: <total>                  10086 us
[2026-04-03T02:37:33.487+0600][37.843s][info][gc,stats    ]     CWR: Code Cache Roots          7627 us, workers (us): 2424, 2568, 2634, ---, ---, ---, 
[2026-04-03T02:37:33.487+0600][37.843s][info][gc,stats    ]     CWR: VM Weak Roots             2364 us, workers (us): 867, 750, 747, ---, ---, ---, 
[2026-04-03T02:37:33.487+0600][37.843s][info][gc,stats    ]     CWR: CLDG Roots                  95 us, workers (us):  95, ---, ---, ---, ---, ---, 
[2026-04-03T02:37:33.487+0600][37.843s][info][gc,stats    ]   Rendezvous                        344 us
[2026-04-03T02:37:33.487+0600][37.843s][info][gc,stats    ] Concurrent Cleanup                  899 us
[2026-04-03T02:37:33.487+0600][37.843s][info][gc,stats    ] Concurrent Class Unloading        15900 us
[2026-04-03T02:37:33.487+0600][37.843s][info][gc,stats    ]   Unlink Stale                    13507 us
[2026-04-03T02:37:33.487+0600][37.843s][info][gc,stats    ]     System Dictionary               280 us
[2026-04-03T02:37:33.487+0600][37.843s][info][gc,stats    ]     Weak Class Links                  0 us
[2026-04-03T02:37:33.487+0600][37.843s][info][gc,stats    ]     Code Roots                    13223 us
[2026-04-03T02:37:33.487+0600][37.843s][info][gc,stats    ]   Rendezvous                        406 us
[2026-04-03T02:37:33.487+0600][37.843s][info][gc,stats    ]   Purge Unlinked                   1845 us
[2026-04-03T02:37:33.487+0600][37.843s][info][gc,stats    ]     Code Roots                     1830 us
[2026-04-03T02:37:33.487+0600][37.843s][info][gc,stats    ]     CLDG                             14 us
[2026-04-03T02:37:33.487+0600][37.843s][info][gc,stats    ]     Exception Caches                  0 us
[2026-04-03T02:37:33.487+0600][37.843s][info][gc,stats    ] Concurrent Strong Roots            1545 us, parallelism: 0.71x
[2026-04-03T02:37:33.487+0600][37.843s][info][gc,stats    ]   CSR: <total>                     1090 us
[2026-04-03T02:37:33.487+0600][37.843s][info][gc,stats    ]   CSR: VM Strong Roots               78 us, workers (us):  50,  28,   0, ---, ---, ---, 
[2026-04-03T02:37:33.487+0600][37.843s][info][gc,stats    ]   CSR: CLDG Roots                  1012 us, workers (us): ---, 1012, ---, ---, ---, ---, 
[2026-04-03T02:37:33.487+0600][37.843s][info][gc,stats    ] Concurrent Evacuation              7789 us
[2026-04-03T02:37:33.487+0600][37.843s][info][gc,stats    ] Pause Init Update Refs (G)         2295 us
[2026-04-03T02:37:33.487+0600][37.843s][info][gc,stats    ] Pause Init Update Refs (N)          185 us
[2026-04-03T02:37:33.487+0600][37.843s][info][gc,stats    ]   Manage GCLABs                      42 us
[2026-04-03T02:37:33.487+0600][37.843s][info][gc,stats    ] Concurrent Update Refs            45514 us
[2026-04-03T02:37:33.487+0600][37.843s][info][gc,stats    ] Concurrent Update Thread Roots     2055 us
[2026-04-03T02:37:33.487+0600][37.843s][info][gc,stats    ] Pause Final Update Refs (G)         592 us
[2026-04-03T02:37:33.487+0600][37.843s][info][gc,stats    ] Pause Final Update Refs (N)         210 us
[2026-04-03T02:37:33.487+0600][37.843s][info][gc,stats    ]   Update Region States               56 us
[2026-04-03T02:37:33.487+0600][37.843s][info][gc,stats    ]   Trash Collection Set               14 us
[2026-04-03T02:37:33.487+0600][37.843s][info][gc,stats    ]   Rebuild Free Set                   44 us
[2026-04-03T02:37:33.487+0600][37.843s][info][gc,stats    ] Concurrent Cleanup                  704 us
[2026-04-03T02:37:33.487+0600][37.843s][info][gc,stats    ] 
[2026-04-03T02:37:33.487+0600][37.843s][info][gc,stats    ] Allocation pacing accrued:
[2026-04-03T02:37:33.487+0600][37.843s][info][gc,stats    ]       0 of   242 ms (  0.0%): <total>
[2026-04-03T02:37:33.487+0600][37.843s][info][gc,stats    ]       0 of   242 ms (  0.0%): <average total>
[2026-04-03T02:37:33.487+0600][37.843s][info][gc,stats    ] 
[2026-04-03T02:37:33.487+0600][37.843s][info][gc,metaspace] Metaspace: 130617K(131840K)->130626K(131840K) NonClass: 114093K(114752K)->114101K(114752K) Class: 16523K(17088K)->16524K(17088K)
[2026-04-03T02:37:33.487+0600][37.843s][info][gc,ergo     ] Pacer for Idle. Initial: 30720K, Alloc Tax Rate: 1.0x
[2026-04-03T02:37:34.553+0600][38.909s][info][gc          ] Trigger: Average GC time (197.86 ms) is above the time for average allocation rate (1011 MB/s) to deplete free headroom (199M) (margin of error = 1.83)
[2026-04-03T02:37:34.553+0600][38.909s][info][gc,ergo     ] Free headroom: 274M (free) - 76800K (spike) - 0B (penalties) = 199M
[2026-04-03T02:37:34.553+0600][38.909s][info][gc,ergo     ] Free: 274M, Max: 512K regular, 201M humongous, Frag: 27% external, 0% internal; Reserve: 76800K, Max: 512K
[2026-04-03T02:37:34.553+0600][38.909s][info][gc,start    ] GC(21) Concurrent reset
[2026-04-03T02:37:34.553+0600][38.909s][info][gc,task     ] GC(21) Using 3 of 6 workers for concurrent reset
[2026-04-03T02:37:34.553+0600][38.909s][info][gc,ergo     ] GC(21) Pacer for Reset. Non-Taxable: 1500M
[2026-04-03T02:37:34.555+0600][38.911s][info][gc          ] GC(21) Concurrent reset 1.353ms
[2026-04-03T02:37:34.555+0600][38.911s][info][gc,start    ] GC(21) Pause Init Mark (unload classes)
[2026-04-03T02:37:34.555+0600][38.911s][info][gc,task     ] GC(21) Using 6 of 6 workers for init marking
[2026-04-03T02:37:34.555+0600][38.911s][info][gc,ergo     ] GC(21) Pacer for Mark. Expected Live: 88847K, Free: 269M, Non-Taxable: 27596K, Alloc Tax Rate: 0.4x
[2026-04-03T02:37:34.555+0600][38.911s][info][gc          ] GC(21) Pause Init Mark (unload classes) 0.150ms
[2026-04-03T02:37:34.555+0600][38.911s][info][gc,start    ] GC(21) Concurrent marking roots
[2026-04-03T02:37:34.555+0600][38.911s][info][gc,task     ] GC(21) Using 3 of 6 workers for concurrent marking roots
[2026-04-03T02:37:34.557+0600][38.913s][info][gc          ] GC(21) Concurrent marking roots 1.834ms
[2026-04-03T02:37:34.557+0600][38.913s][info][gc,start    ] GC(21) Concurrent marking (unload classes)
[2026-04-03T02:37:34.557+0600][38.913s][info][gc,task     ] GC(21) Using 3 of 6 workers for concurrent marking
[2026-04-03T02:37:34.634+0600][38.990s][info][gc          ] GC(21) Concurrent marking (unload classes) 77.129ms
[2026-04-03T02:37:34.634+0600][38.991s][info][gc,start    ] GC(21) Pause Final Mark (unload classes)
[2026-04-03T02:37:34.635+0600][38.991s][info][gc,task     ] GC(21) Using 6 of 6 workers for final marking
[2026-04-03T02:37:34.635+0600][38.991s][info][gc,ergo     ] GC(21) Adaptive CSet Selection. Target Free: 212M, Actual Free: 1026M, Max CSet: 64000K, Min Garbage: 0B
[2026-04-03T02:37:34.635+0600][38.992s][info][gc,ergo     ] GC(21) Collectable Garbage: 957M (99%), Immediate: 725M (75%), CSet: 231M (24%)
[2026-04-03T02:37:34.635+0600][38.992s][info][gc,ergo     ] GC(21) Pacer for Evacuation. Used CSet: 238M, Free: 1051M, Non-Taxable: 105M, Alloc Tax Rate: 1.1x
[2026-04-03T02:37:34.635+0600][38.992s][info][gc          ] GC(21) Pause Final Mark (unload classes) 0.924ms
[2026-04-03T02:37:34.636+0600][38.992s][info][gc,start    ] GC(21) Concurrent thread roots
[2026-04-03T02:37:34.636+0600][38.992s][info][gc,task     ] GC(21) Using 3 of 6 workers for Concurrent thread roots
[2026-04-03T02:37:34.637+0600][38.993s][info][gc          ] GC(21) Concurrent thread roots 0.972ms
[2026-04-03T02:37:34.637+0600][38.993s][info][gc,start    ] GC(21) Concurrent weak references
[2026-04-03T02:37:34.637+0600][38.993s][info][gc,task     ] GC(21) Using 3 of 6 workers for concurrent weak references
[2026-04-03T02:37:34.638+0600][38.994s][info][gc,ref      ] GC(21) Encountered references: Soft: 3871, Weak: 15977, Final: 84, Phantom: 620
[2026-04-03T02:37:34.638+0600][38.994s][info][gc,ref      ] GC(21) Discovered  references: Soft: 0, Weak: 7984, Final: 48, Phantom: 596
[2026-04-03T02:37:34.638+0600][38.994s][info][gc,ref      ] GC(21) Enqueued    references: Soft: 0, Weak: 408, Final: 0, Phantom: 0
[2026-04-03T02:37:34.638+0600][38.994s][info][gc          ] GC(21) Concurrent weak references 1.094ms
[2026-04-03T02:37:34.638+0600][38.994s][info][gc,start    ] GC(21) Concurrent weak roots
[2026-04-03T02:37:34.638+0600][38.994s][info][gc,task     ] GC(21) Using 3 of 6 workers for concurrent weak root
[2026-04-03T02:37:34.643+0600][38.999s][info][gc          ] GC(21) Concurrent weak roots 4.975ms
[2026-04-03T02:37:34.643+0600][38.999s][info][gc,start    ] GC(21) Concurrent cleanup
[2026-04-03T02:37:34.644+0600][39.000s][info][gc          ] GC(21) Concurrent cleanup 1094M->370M(1343M) 0.798ms
[2026-04-03T02:37:34.644+0600][39.000s][info][gc,ergo     ] GC(21) Free: 1046M, Max: 512K regular, 201M humongous, Frag: 81% external, 0% internal; Reserve: 76363K, Max: 512K
[2026-04-03T02:37:34.644+0600][39.000s][info][gc,start    ] GC(21) Concurrent class unloading
[2026-04-03T02:37:34.644+0600][39.000s][info][gc,task     ] GC(21) Using 3 of 6 workers for concurrent class unloading
[2026-04-03T02:37:34.669+0600][39.025s][info][gc          ] GC(21) Concurrent class unloading 25.147ms
[2026-04-03T02:37:34.669+0600][39.025s][info][gc,start    ] GC(21) Concurrent strong roots
[2026-04-03T02:37:34.669+0600][39.025s][info][gc,task     ] GC(21) Using 3 of 6 workers for concurrent strong root
[2026-04-03T02:37:34.671+0600][39.027s][info][gc          ] GC(21) Concurrent strong roots 1.861ms
[2026-04-03T02:37:34.671+0600][39.027s][info][gc,start    ] GC(21) Concurrent evacuation
[2026-04-03T02:37:34.671+0600][39.027s][info][gc,task     ] GC(21) Using 3 of 6 workers for concurrent evacuation
[2026-04-03T02:37:34.678+0600][39.034s][info][gc          ] GC(21) Concurrent evacuation 7.177ms
[2026-04-03T02:37:34.679+0600][39.035s][info][gc,start    ] GC(21) Pause Init Update Refs
[2026-04-03T02:37:34.679+0600][39.035s][info][gc,ergo     ] GC(21) Pacer for Update Refs. Used: 393M, Free: 1030M, Non-Taxable: 103M, Alloc Tax Rate: 1.1x
[2026-04-03T02:37:34.679+0600][39.035s][info][gc          ] GC(21) Pause Init Update Refs 0.136ms
[2026-04-03T02:37:34.679+0600][39.035s][info][gc,start    ] GC(21) Concurrent update references
[2026-04-03T02:37:34.679+0600][39.036s][info][gc,task     ] GC(21) Using 3 of 6 workers for concurrent reference update
[2026-04-03T02:37:34.730+0600][39.087s][info][gc          ] GC(21) Concurrent update references 51.211ms
[2026-04-03T02:37:34.731+0600][39.087s][info][gc,start    ] GC(21) Concurrent update thread roots
[2026-04-03T02:37:34.732+0600][39.089s][info][gc          ] GC(21) Concurrent update thread roots 1.753ms
[2026-04-03T02:37:34.733+0600][39.089s][info][gc,start    ] GC(21) Pause Final Update Refs
[2026-04-03T02:37:34.733+0600][39.089s][info][gc,task     ] GC(21) Using 6 of 6 workers for final reference update
[2026-04-03T02:37:34.733+0600][39.089s][info][gc          ] GC(21) Pause Final Update Refs 0.229ms
[2026-04-03T02:37:34.733+0600][39.089s][info][gc,start    ] GC(21) Concurrent cleanup
[2026-04-03T02:37:34.733+0600][39.090s][info][gc          ] GC(21) Concurrent cleanup 430M->192M(1343M) 0.606ms
[2026-04-03T02:37:34.734+0600][39.090s][info][gc,ergo     ] Free: 1219M, Max: 512K regular, 799M humongous, Frag: 35% external, 0% internal; Reserve: 76800K, Max: 512K
[2026-04-03T02:37:34.734+0600][39.090s][info][gc,stats    ] 
[2026-04-03T02:37:34.734+0600][39.090s][info][gc,stats    ] All times are wall-clock times, except per-root-class counters, that are sum over
[2026-04-03T02:37:34.734+0600][39.090s][info][gc,stats    ] all workers. Dividing the <total> over the root stage time estimates parallelism.
[2026-04-03T02:37:34.734+0600][39.090s][info][gc,stats    ] 
[2026-04-03T02:37:34.734+0600][39.090s][info][gc,stats    ] Concurrent Reset                   1540 us
[2026-04-03T02:37:34.734+0600][39.090s][info][gc,stats    ] Pause Init Mark (G)                 395 us
[2026-04-03T02:37:34.734+0600][39.090s][info][gc,stats    ] Pause Init Mark (N)                 161 us
[2026-04-03T02:37:34.734+0600][39.090s][info][gc,stats    ]   Update Region States               36 us
[2026-04-03T02:37:34.734+0600][39.090s][info][gc,stats    ] Concurrent Mark Roots              1906 us, parallelism: 1.92x
[2026-04-03T02:37:34.734+0600][39.090s][info][gc,stats    ]   CMR: <total>                     3653 us
[2026-04-03T02:37:34.734+0600][39.090s][info][gc,stats    ]   CMR: Thread Roots                3116 us, workers (us): 1193, 1193, 730, ---, ---, ---, 
[2026-04-03T02:37:34.734+0600][39.090s][info][gc,stats    ]   CMR: VM Strong Roots               86 us, workers (us):  33,  30,  23, ---, ---, ---, 
[2026-04-03T02:37:34.734+0600][39.090s][info][gc,stats    ]   CMR: CLDG Roots                   451 us, workers (us): ---, ---, 451, ---, ---, ---, 
[2026-04-03T02:37:34.734+0600][39.090s][info][gc,stats    ] Concurrent Marking                77233 us
[2026-04-03T02:37:34.734+0600][39.090s][info][gc,stats    ] Pause Final Mark (G)               1282 us
[2026-04-03T02:37:34.734+0600][39.090s][info][gc,stats    ] Pause Final Mark (N)                938 us
[2026-04-03T02:37:34.734+0600][39.090s][info][gc,stats    ]   Finish Mark                       382 us
[2026-04-03T02:37:34.734+0600][39.090s][info][gc,stats    ]   Update Region States               57 us
[2026-04-03T02:37:34.734+0600][39.090s][info][gc,stats    ]   Choose Collection Set             269 us
[2026-04-03T02:37:34.734+0600][39.090s][info][gc,stats    ]   Rebuild Free Set                   47 us
[2026-04-03T02:37:34.734+0600][39.090s][info][gc,stats    ] Concurrent Thread Roots            1013 us, parallelism: 2.18x
[2026-04-03T02:37:34.734+0600][39.090s][info][gc,stats    ]   CTR: <total>                     2203 us
[2026-04-03T02:37:34.734+0600][39.090s][info][gc,stats    ]   CTR: Thread Roots                2203 us, workers (us): 763, 718, 722, ---, ---, ---, 
[2026-04-03T02:37:34.734+0600][39.090s][info][gc,stats    ] Concurrent Weak References         1109 us, parallelism: 1.00x
[2026-04-03T02:37:34.734+0600][39.090s][info][gc,stats    ]   CWRF: <total>                    1107 us
[2026-04-03T02:37:34.734+0600][39.090s][info][gc,stats    ]   CWRF: Weak References            1107 us, workers (us): 353, 752,   2, ---, ---, ---, 
[2026-04-03T02:37:34.734+0600][39.090s][info][gc,stats    ] Concurrent Weak Roots              5054 us
[2026-04-03T02:37:34.734+0600][39.090s][info][gc,stats    ]   Roots                            4432 us, parallelism: 2.56x
[2026-04-03T02:37:34.734+0600][39.090s][info][gc,stats    ]     CWR: <total>                  11350 us
[2026-04-03T02:37:34.734+0600][39.090s][info][gc,stats    ]     CWR: Code Cache Roots          8857 us, workers (us): 2837, 2888, 3132, ---, ---, ---, 
[2026-04-03T02:37:34.734+0600][39.090s][info][gc,stats    ]     CWR: VM Weak Roots             2304 us, workers (us): 766, 769, 769, ---, ---, ---, 
[2026-04-03T02:37:34.734+0600][39.090s][info][gc,stats    ]     CWR: CLDG Roots                 188 us, workers (us): 188, ---, ---, ---, ---, ---, 
[2026-04-03T02:37:34.734+0600][39.090s][info][gc,stats    ]   Rendezvous                        475 us
[2026-04-03T02:37:34.734+0600][39.090s][info][gc,stats    ] Concurrent Cleanup                  820 us
[2026-04-03T02:37:34.734+0600][39.090s][info][gc,stats    ] Concurrent Class Unloading        25257 us
[2026-04-03T02:37:34.734+0600][39.090s][info][gc,stats    ]   Unlink Stale                    15152 us
[2026-04-03T02:37:34.734+0600][39.090s][info][gc,stats    ]     System Dictionary               283 us
[2026-04-03T02:37:34.734+0600][39.090s][info][gc,stats    ]     Weak Class Links                  0 us
[2026-04-03T02:37:34.734+0600][39.090s][info][gc,stats    ]     Code Roots                    14865 us
[2026-04-03T02:37:34.734+0600][39.090s][info][gc,stats    ]   Rendezvous                        498 us
[2026-04-03T02:37:34.734+0600][39.090s][info][gc,stats    ]   Purge Unlinked                   9464 us
[2026-04-03T02:37:34.734+0600][39.090s][info][gc,stats    ]     Code Roots                     9429 us
[2026-04-03T02:37:34.734+0600][39.090s][info][gc,stats    ]     CLDG                             32 us
[2026-04-03T02:37:34.734+0600][39.090s][info][gc,stats    ]     Exception Caches                  1 us
[2026-04-03T02:37:34.734+0600][39.090s][info][gc,stats    ] Concurrent Strong Roots            1968 us, parallelism: 0.72x
[2026-04-03T02:37:34.734+0600][39.090s][info][gc,stats    ]   CSR: <total>                     1424 us
[2026-04-03T02:37:34.734+0600][39.090s][info][gc,stats    ]   CSR: VM Strong Roots               64 us, workers (us):  63,   2,   0, ---, ---, ---, 
[2026-04-03T02:37:34.734+0600][39.090s][info][gc,stats    ]   CSR: CLDG Roots                  1359 us, workers (us): 1359, ---, ---, ---, ---, ---, 
[2026-04-03T02:37:34.734+0600][39.090s][info][gc,stats    ] Concurrent Evacuation              7286 us
[2026-04-03T02:37:34.734+0600][39.090s][info][gc,stats    ] Pause Init Update Refs (G)         1049 us
[2026-04-03T02:37:34.734+0600][39.090s][info][gc,stats    ] Pause Init Update Refs (N)          154 us
[2026-04-03T02:37:34.734+0600][39.090s][info][gc,stats    ]   Manage GCLABs                      42 us
[2026-04-03T02:37:34.734+0600][39.090s][info][gc,stats    ] Concurrent Update Refs            51346 us
[2026-04-03T02:37:34.734+0600][39.090s][info][gc,stats    ] Concurrent Update Thread Roots     1809 us
[2026-04-03T02:37:34.734+0600][39.090s][info][gc,stats    ] Pause Final Update Refs (G)         482 us
[2026-04-03T02:37:34.734+0600][39.090s][info][gc,stats    ] Pause Final Update Refs (N)         249 us
[2026-04-03T02:37:34.734+0600][39.090s][info][gc,stats    ]   Update Region States               75 us
[2026-04-03T02:37:34.734+0600][39.090s][info][gc,stats    ]   Trash Collection Set               23 us
[2026-04-03T02:37:34.734+0600][39.090s][info][gc,stats    ]   Rebuild Free Set                   42 us
[2026-04-03T02:37:34.734+0600][39.090s][info][gc,stats    ] Concurrent Cleanup                  637 us
[2026-04-03T02:37:34.734+0600][39.090s][info][gc,stats    ] Pacing                            30277 us
[2026-04-03T02:37:34.734+0600][39.091s][info][gc,stats    ] 
[2026-04-03T02:37:34.734+0600][39.091s][info][gc,stats    ] Allocation pacing accrued:
[2026-04-03T02:37:34.734+0600][39.091s][info][gc,stats    ]      19 of  1247 ms (  1.5%): Executor task launch worker for task 0.0 in stage 712.0 (TID 1551)
[2026-04-03T02:37:34.734+0600][39.091s][info][gc,stats    ]      11 of  1247 ms (  0.9%): Executor task launch worker for task 6.0 in stage 712.0 (TID 1557)
[2026-04-03T02:37:34.734+0600][39.091s][info][gc,stats    ]      30 of  1247 ms (  2.4%): <total>
[2026-04-03T02:37:34.734+0600][39.091s][info][gc,stats    ]       0 of  1247 ms (  0.0%): <average total>
[2026-04-03T02:37:34.734+0600][39.091s][info][gc,stats    ]      15 of  1247 ms (  1.2%): <average non-zero>
[2026-04-03T02:37:34.734+0600][39.091s][info][gc,stats    ] 
[2026-04-03T02:37:34.734+0600][39.091s][info][gc,metaspace] Metaspace: 130702K(131904K)->130711K(131904K) NonClass: 114176K(114816K)->114185K(114816K) Class: 16525K(17088K)->16525K(17088K)
[2026-04-03T02:37:34.734+0600][39.091s][info][gc,ergo     ] Pacer for Idle. Initial: 30720K, Alloc Tax Rate: 1.0x
[2026-04-03T02:37:35.811+0600][40.167s][info][gc          ] Trigger: Average GC time (204.68 ms) is above the time for average allocation rate (1112 MB/s) to deplete free headroom (226M) (margin of error = 1.83)
[2026-04-03T02:37:35.811+0600][40.167s][info][gc,ergo     ] Free headroom: 301M (free) - 76800K (spike) - 0B (penalties) = 226M
[2026-04-03T02:37:35.811+0600][40.167s][info][gc,ergo     ] Free: 301M, Max: 512K regular, 199M humongous, Frag: 34% external, 1% internal; Reserve: 76800K, Max: 512K
[2026-04-03T02:37:35.811+0600][40.167s][info][gc,start    ] GC(22) Concurrent reset
[2026-04-03T02:37:35.811+0600][40.167s][info][gc,task     ] GC(22) Using 3 of 6 workers for concurrent reset
[2026-04-03T02:37:35.811+0600][40.167s][info][gc,ergo     ] GC(22) Pacer for Reset. Non-Taxable: 1500M
[2026-04-03T02:37:35.812+0600][40.169s][info][gc          ] GC(22) Concurrent reset 1.600ms
[2026-04-03T02:37:35.813+0600][40.169s][info][gc,start    ] GC(22) Pause Init Mark (unload classes)
[2026-04-03T02:37:35.813+0600][40.169s][info][gc,task     ] GC(22) Using 6 of 6 workers for init marking
[2026-04-03T02:37:35.813+0600][40.169s][info][gc,ergo     ] GC(22) Pacer for Mark. Expected Live: 89365K, Free: 300M, Non-Taxable: 30775K, Alloc Tax Rate: 0.4x
[2026-04-03T02:37:35.813+0600][40.169s][info][gc          ] GC(22) Pause Init Mark (unload classes) 0.155ms
[2026-04-03T02:37:35.813+0600][40.169s][info][gc,start    ] GC(22) Concurrent marking roots
[2026-04-03T02:37:35.813+0600][40.169s][info][gc,task     ] GC(22) Using 3 of 6 workers for concurrent marking roots
[2026-04-03T02:37:35.818+0600][40.174s][info][gc          ] GC(22) Concurrent marking roots 5.010ms
[2026-04-03T02:37:35.818+0600][40.174s][info][gc,start    ] GC(22) Concurrent marking (unload classes)
[2026-04-03T02:37:35.818+0600][40.174s][info][gc,task     ] GC(22) Using 3 of 6 workers for concurrent marking
[2026-04-03T02:37:35.881+0600][40.237s][info][gc          ] GC(22) Concurrent marking (unload classes) 63.132ms
[2026-04-03T02:37:35.881+0600][40.237s][info][gc,start    ] GC(22) Pause Final Mark (unload classes)
[2026-04-03T02:37:35.881+0600][40.238s][info][gc,task     ] GC(22) Using 6 of 6 workers for final marking
[2026-04-03T02:37:35.882+0600][40.238s][info][gc,ergo     ] GC(22) Adaptive CSet Selection. Target Free: 212M, Actual Free: 1031M, Max CSet: 64000K, Min Garbage: 0B
[2026-04-03T02:37:35.882+0600][40.238s][info][gc,ergo     ] GC(22) Collectable Garbage: 931M (99%), Immediate: 705M (75%), CSet: 226M (24%)
[2026-04-03T02:37:35.882+0600][40.238s][info][gc,ergo     ] GC(22) Pacer for Evacuation. Used CSet: 233M, Free: 1052M, Non-Taxable: 105M, Alloc Tax Rate: 1.1x
[2026-04-03T02:37:35.882+0600][40.238s][info][gc          ] GC(22) Pause Final Mark (unload classes) 0.863ms
[2026-04-03T02:37:35.882+0600][40.239s][info][gc,start    ] GC(22) Concurrent thread roots
[2026-04-03T02:37:35.882+0600][40.239s][info][gc,task     ] GC(22) Using 3 of 6 workers for Concurrent thread roots
[2026-04-03T02:37:35.886+0600][40.243s][info][gc          ] GC(22) Concurrent thread roots 3.979ms
[2026-04-03T02:37:35.886+0600][40.243s][info][gc,start    ] GC(22) Concurrent weak references
[2026-04-03T02:37:35.886+0600][40.243s][info][gc,task     ] GC(22) Using 3 of 6 workers for concurrent weak references
[2026-04-03T02:37:35.888+0600][40.244s][info][gc,ref      ] GC(22) Encountered references: Soft: 3875, Weak: 17133, Final: 84, Phantom: 620
[2026-04-03T02:37:35.888+0600][40.244s][info][gc,ref      ] GC(22) Discovered  references: Soft: 0, Weak: 9539, Final: 0, Phantom: 606
[2026-04-03T02:37:35.888+0600][40.244s][info][gc,ref      ] GC(22) Enqueued    references: Soft: 0, Weak: 1635, Final: 0, Phantom: 0
[2026-04-03T02:37:35.888+0600][40.244s][info][gc          ] GC(22) Concurrent weak references 1.260ms
[2026-04-03T02:37:35.888+0600][40.244s][info][gc,start    ] GC(22) Concurrent weak roots
[2026-04-03T02:37:35.888+0600][40.244s][info][gc,task     ] GC(22) Using 3 of 6 workers for concurrent weak root
[2026-04-03T02:37:35.896+0600][40.252s][info][gc          ] GC(22) Concurrent weak roots 8.099ms
[2026-04-03T02:37:35.896+0600][40.252s][info][gc,start    ] GC(22) Concurrent cleanup
[2026-04-03T02:37:35.897+0600][40.253s][info][gc          ] GC(22) Concurrent cleanup 1083M->381M(1343M) 1.034ms
[2026-04-03T02:37:35.897+0600][40.253s][info][gc,ergo     ] GC(22) Free: 1037M, Max: 512K regular, 199M humongous, Frag: 81% external, 0% internal; Reserve: 76440K, Max: 512K
[2026-04-03T02:37:35.897+0600][40.253s][info][gc,start    ] GC(22) Concurrent class unloading
[2026-04-03T02:37:35.897+0600][40.253s][info][gc,task     ] GC(22) Using 3 of 6 workers for concurrent class unloading
[2026-04-03T02:37:35.920+0600][40.276s][info][gc          ] GC(22) Concurrent class unloading 23.078ms
[2026-04-03T02:37:35.920+0600][40.276s][info][gc,start    ] GC(22) Concurrent strong roots
[2026-04-03T02:37:35.920+0600][40.276s][info][gc,task     ] GC(22) Using 3 of 6 workers for concurrent strong root
[2026-04-03T02:37:35.922+0600][40.278s][info][gc          ] GC(22) Concurrent strong roots 1.762ms
[2026-04-03T02:37:35.922+0600][40.278s][info][gc,start    ] GC(22) Concurrent evacuation
[2026-04-03T02:37:35.922+0600][40.278s][info][gc,task     ] GC(22) Using 3 of 6 workers for concurrent evacuation
[2026-04-03T02:37:35.926+0600][40.282s][info][gc          ] GC(22) Concurrent evacuation 3.888ms
[2026-04-03T02:37:35.926+0600][40.282s][info][gc,start    ] GC(22) Pause Init Update Refs
[2026-04-03T02:37:35.926+0600][40.283s][info][gc,ergo     ] GC(22) Pacer for Update Refs. Used: 408M, Free: 1014M, Non-Taxable: 101M, Alloc Tax Rate: 1.1x
[2026-04-03T02:37:35.926+0600][40.283s][info][gc          ] GC(22) Pause Init Update Refs 0.154ms
[2026-04-03T02:37:35.927+0600][40.283s][info][gc,start    ] GC(22) Concurrent update references
[2026-04-03T02:37:35.927+0600][40.283s][info][gc,task     ] GC(22) Using 3 of 6 workers for concurrent reference update
[2026-04-03T02:37:35.985+0600][40.341s][info][gc          ] GC(22) Concurrent update references 58.512ms
[2026-04-03T02:37:35.985+0600][40.341s][info][gc,start    ] GC(22) Concurrent update thread roots
[2026-04-03T02:37:35.986+0600][40.343s][info][gc          ] GC(22) Concurrent update thread roots 1.279ms
[2026-04-03T02:37:35.987+0600][40.343s][info][gc,start    ] GC(22) Pause Final Update Refs
[2026-04-03T02:37:35.987+0600][40.343s][info][gc,task     ] GC(22) Using 6 of 6 workers for final reference update
[2026-04-03T02:37:35.987+0600][40.343s][info][gc          ] GC(22) Pause Final Update Refs 0.224ms
[2026-04-03T02:37:35.987+0600][40.344s][info][gc,start    ] GC(22) Concurrent cleanup
[2026-04-03T02:37:35.988+0600][40.344s][info][gc          ] GC(22) Concurrent cleanup 445M->212M(1343M) 0.662ms
[2026-04-03T02:37:35.988+0600][40.344s][info][gc,ergo     ] Free: 1197M, Max: 512K regular, 721M humongous, Frag: 40% external, 0% internal; Reserve: 76800K, Max: 512K
[2026-04-03T02:37:35.988+0600][40.344s][info][gc,stats    ] 
[2026-04-03T02:37:35.988+0600][40.344s][info][gc,stats    ] All times are wall-clock times, except per-root-class counters, that are sum over
[2026-04-03T02:37:35.988+0600][40.344s][info][gc,stats    ] all workers. Dividing the <total> over the root stage time estimates parallelism.
[2026-04-03T02:37:35.988+0600][40.344s][info][gc,stats    ] 
[2026-04-03T02:37:35.988+0600][40.344s][info][gc,stats    ] Concurrent Reset                   1662 us
[2026-04-03T02:37:35.988+0600][40.344s][info][gc,stats    ] Pause Init Mark (G)                 465 us
[2026-04-03T02:37:35.988+0600][40.344s][info][gc,stats    ] Pause Init Mark (N)                 165 us
[2026-04-03T02:37:35.988+0600][40.344s][info][gc,stats    ]   Update Region States               43 us
[2026-04-03T02:37:35.988+0600][40.344s][info][gc,stats    ] Concurrent Mark Roots              5112 us, parallelism: 1.33x
[2026-04-03T02:37:35.988+0600][40.344s][info][gc,stats    ]   CMR: <total>                     6808 us
[2026-04-03T02:37:35.988+0600][40.344s][info][gc,stats    ]   CMR: Thread Roots                6438 us, workers (us): 1335, 4044, 1059, ---, ---, ---, 
[2026-04-03T02:37:35.988+0600][40.344s][info][gc,stats    ]   CMR: VM Strong Roots               46 us, workers (us):  44,   1,   1, ---, ---, ---, 
[2026-04-03T02:37:35.988+0600][40.345s][info][gc,stats    ]   CMR: CLDG Roots                   325 us, workers (us): 325, ---, ---, ---, ---, ---, 
[2026-04-03T02:37:35.988+0600][40.345s][info][gc,stats    ] Concurrent Marking                63228 us
[2026-04-03T02:37:35.988+0600][40.345s][info][gc,stats    ] Pause Final Mark (G)               1174 us
[2026-04-03T02:37:35.988+0600][40.345s][info][gc,stats    ] Pause Final Mark (N)                879 us
[2026-04-03T02:37:35.988+0600][40.345s][info][gc,stats    ]   Finish Mark                       319 us
[2026-04-03T02:37:35.988+0600][40.345s][info][gc,stats    ]   Update Region States               70 us
[2026-04-03T02:37:35.988+0600][40.345s][info][gc,stats    ]   Choose Collection Set             282 us
[2026-04-03T02:37:35.988+0600][40.345s][info][gc,stats    ]   Rebuild Free Set                   50 us
[2026-04-03T02:37:35.988+0600][40.345s][info][gc,stats    ] Concurrent Thread Roots            4070 us, parallelism: 2.07x
[2026-04-03T02:37:35.988+0600][40.345s][info][gc,stats    ]   CTR: <total>                     8434 us
[2026-04-03T02:37:35.988+0600][40.345s][info][gc,stats    ]   CTR: Thread Roots                8434 us, workers (us): 3808, 3789, 837, ---, ---, ---, 
[2026-04-03T02:37:35.988+0600][40.345s][info][gc,stats    ] Concurrent Weak References         1276 us, parallelism: 1.32x
[2026-04-03T02:37:35.988+0600][40.345s][info][gc,stats    ]   CWRF: <total>                    1680 us
[2026-04-03T02:37:35.988+0600][40.345s][info][gc,stats    ]   CWRF: Weak References            1680 us, workers (us): 1022, 658,   0, ---, ---, ---, 
[2026-04-03T02:37:35.988+0600][40.345s][info][gc,stats    ] Concurrent Weak Roots              8182 us
[2026-04-03T02:37:35.988+0600][40.345s][info][gc,stats    ]   Roots                            7649 us, parallelism: 2.35x
[2026-04-03T02:37:35.988+0600][40.345s][info][gc,stats    ]     CWR: <total>                  17980 us
[2026-04-03T02:37:35.988+0600][40.345s][info][gc,stats    ]     CWR: Code Cache Roots         13969 us, workers (us): 5107, 5315, 3547, ---, ---, ---, 
[2026-04-03T02:37:35.988+0600][40.345s][info][gc,stats    ]     CWR: VM Weak Roots             3744 us, workers (us): 1873, 1869,   2, ---, ---, ---, 
[2026-04-03T02:37:35.988+0600][40.345s][info][gc,stats    ]     CWR: CLDG Roots                 267 us, workers (us): 267, ---, ---, ---, ---, ---, 
[2026-04-03T02:37:35.988+0600][40.345s][info][gc,stats    ]   Rendezvous                        402 us
[2026-04-03T02:37:35.988+0600][40.345s][info][gc,stats    ] Concurrent Cleanup                 1071 us
[2026-04-03T02:37:35.988+0600][40.345s][info][gc,stats    ] Concurrent Class Unloading        23164 us
[2026-04-03T02:37:35.988+0600][40.345s][info][gc,stats    ]   Unlink Stale                    18123 us
[2026-04-03T02:37:35.988+0600][40.345s][info][gc,stats    ]     System Dictionary               294 us
[2026-04-03T02:37:35.988+0600][40.345s][info][gc,stats    ]     Weak Class Links                  0 us
[2026-04-03T02:37:35.988+0600][40.345s][info][gc,stats    ]     Code Roots                    17826 us
[2026-04-03T02:37:35.988+0600][40.345s][info][gc,stats    ]   Rendezvous                        277 us
[2026-04-03T02:37:35.988+0600][40.345s][info][gc,stats    ]   Purge Unlinked                   4633 us
[2026-04-03T02:37:35.988+0600][40.345s][info][gc,stats    ]     Code Roots                     4612 us
[2026-04-03T02:37:35.988+0600][40.345s][info][gc,stats    ]     CLDG                             20 us
[2026-04-03T02:37:35.988+0600][40.345s][info][gc,stats    ]     Exception Caches                  0 us
[2026-04-03T02:37:35.989+0600][40.345s][info][gc,stats    ] Concurrent Strong Roots            1829 us, parallelism: 0.76x
[2026-04-03T02:37:35.989+0600][40.345s][info][gc,stats    ]   CSR: <total>                     1385 us
[2026-04-03T02:37:35.989+0600][40.345s][info][gc,stats    ]   CSR: VM Strong Roots               65 us, workers (us):  58,   7,   0, ---, ---, ---, 
[2026-04-03T02:37:35.989+0600][40.345s][info][gc,stats    ]   CSR: CLDG Roots                  1320 us, workers (us): ---, 1320, ---, ---, ---, ---, 
[2026-04-03T02:37:35.989+0600][40.345s][info][gc,stats    ] Concurrent Evacuation              3989 us
[2026-04-03T02:37:35.989+0600][40.345s][info][gc,stats    ] Pause Init Update Refs (G)          590 us
[2026-04-03T02:37:35.989+0600][40.345s][info][gc,stats    ] Pause Init Update Refs (N)          168 us
[2026-04-03T02:37:35.989+0600][40.345s][info][gc,stats    ]   Manage GCLABs                      61 us
[2026-04-03T02:37:35.989+0600][40.345s][info][gc,stats    ] Concurrent Update Refs            58614 us
[2026-04-03T02:37:35.989+0600][40.345s][info][gc,stats    ] Concurrent Update Thread Roots     1382 us
[2026-04-03T02:37:35.989+0600][40.345s][info][gc,stats    ] Pause Final Update Refs (G)         813 us
[2026-04-03T02:37:35.989+0600][40.345s][info][gc,stats    ] Pause Final Update Refs (N)         243 us
[2026-04-03T02:37:35.989+0600][40.345s][info][gc,stats    ]   Update Region States               62 us
[2026-04-03T02:37:35.989+0600][40.345s][info][gc,stats    ]   Trash Collection Set               26 us
[2026-04-03T02:37:35.989+0600][40.345s][info][gc,stats    ]   Rebuild Free Set                   58 us
[2026-04-03T02:37:35.989+0600][40.345s][info][gc,stats    ] Concurrent Cleanup                  687 us
[2026-04-03T02:37:35.989+0600][40.345s][info][gc,stats    ] Pacing                            75928 us
[2026-04-03T02:37:35.989+0600][40.345s][info][gc,stats    ] 
[2026-04-03T02:37:35.989+0600][40.345s][info][gc,stats    ] Allocation pacing accrued:
[2026-04-03T02:37:35.989+0600][40.345s][info][gc,stats    ]      10 of  1254 ms (  0.8%): Executor task launch worker for task 2.0 in stage 762.0 (TID 1713)
[2026-04-03T02:37:35.989+0600][40.345s][info][gc,stats    ]       9 of  1254 ms (  0.8%): Executor task launch worker for task 3.0 in stage 762.0 (TID 1714)
[2026-04-03T02:37:35.989+0600][40.345s][info][gc,stats    ]       9 of  1254 ms (  0.7%): Executor task launch worker for task 0.0 in stage 762.0 (TID 1711)
[2026-04-03T02:37:35.989+0600][40.345s][info][gc,stats    ]      10 of  1254 ms (  0.8%): Executor task launch worker for task 4.0 in stage 762.0 (TID 1715)
[2026-04-03T02:37:35.989+0600][40.345s][info][gc,stats    ]      10 of  1254 ms (  0.8%): Executor task launch worker for task 5.0 in stage 762.0 (TID 1716)
[2026-04-03T02:37:35.989+0600][40.345s][info][gc,stats    ]      10 of  1254 ms (  0.8%): Executor task launch worker for task 7.0 in stage 762.0 (TID 1718)
[2026-04-03T02:37:35.989+0600][40.345s][info][gc,stats    ]       9 of  1254 ms (  0.7%): Executor task launch worker for task 1.0 in stage 762.0 (TID 1712)
[2026-04-03T02:37:35.989+0600][40.345s][info][gc,stats    ]       8 of  1254 ms (  0.6%): Executor task launch worker for task 6.0 in stage 762.0 (TID 1717)
[2026-04-03T02:37:35.989+0600][40.345s][info][gc,stats    ]      76 of  1254 ms (  6.1%): <total>
[2026-04-03T02:37:35.989+0600][40.345s][info][gc,stats    ]       0 of  1254 ms (  0.0%): <average total>
[2026-04-03T02:37:35.989+0600][40.345s][info][gc,stats    ]       9 of  1254 ms (  0.8%): <average non-zero>
[2026-04-03T02:37:35.989+0600][40.345s][info][gc,stats    ] 
[2026-04-03T02:37:35.989+0600][40.345s][info][gc,metaspace] Metaspace: 130759K(131904K)->130774K(131968K) NonClass: 114233K(114816K)->114248K(114880K) Class: 16525K(17088K)->16525K(17088K)
[2026-04-03T02:37:35.989+0600][40.345s][info][gc,ergo     ] Pacer for Idle. Initial: 30720K, Alloc Tax Rate: 1.0x
[2026-04-03T02:37:36.694+0600][41.050s][info][gc          ] Trigger: Average GC time (199.81 ms) is above the time for average allocation rate (2387 MB/s) to deplete free headroom (183M) (margin of error = 1.83)
[2026-04-03T02:37:36.694+0600][41.050s][info][gc,ergo     ] Free headroom: 258M (free) - 76800K (spike) - 0B (penalties) = 183M
[2026-04-03T02:37:36.694+0600][41.050s][info][gc,ergo     ] Free: 258M, Max: 512K regular, 198M humongous, Frag: 23% external, 0% internal; Reserve: 76800K, Max: 512K
[2026-04-03T02:37:36.694+0600][41.050s][info][gc,start    ] GC(23) Concurrent reset
[2026-04-03T02:37:36.694+0600][41.050s][info][gc,task     ] GC(23) Using 3 of 6 workers for concurrent reset
[2026-04-03T02:37:36.694+0600][41.050s][info][gc,ergo     ] GC(23) Pacer for Reset. Non-Taxable: 1500M
[2026-04-03T02:37:36.696+0600][41.052s][info][gc          ] GC(23) Concurrent reset 1.320ms
[2026-04-03T02:37:36.696+0600][41.052s][info][gc,start    ] GC(23) Pause Init Mark (unload classes)
[2026-04-03T02:37:36.696+0600][41.052s][info][gc,task     ] GC(23) Using 6 of 6 workers for init marking
[2026-04-03T02:37:36.696+0600][41.052s][info][gc,ergo     ] GC(23) Pacer for Mark. Expected Live: 90082K, Free: 257M, Non-Taxable: 26401K, Alloc Tax Rate: 0.4x
[2026-04-03T02:37:36.696+0600][41.052s][info][gc          ] GC(23) Pause Init Mark (unload classes) 0.143ms
[2026-04-03T02:37:36.696+0600][41.052s][info][gc,start    ] GC(23) Concurrent marking roots
[2026-04-03T02:37:36.696+0600][41.052s][info][gc,task     ] GC(23) Using 3 of 6 workers for concurrent marking roots
[2026-04-03T02:37:36.697+0600][41.053s][info][gc          ] GC(23) Concurrent marking roots 1.102ms
[2026-04-03T02:37:36.697+0600][41.054s][info][gc,start    ] GC(23) Concurrent marking (unload classes)
[2026-04-03T02:37:36.697+0600][41.054s][info][gc,task     ] GC(23) Using 3 of 6 workers for concurrent marking
[2026-04-03T02:37:36.749+0600][41.105s][info][gc          ] GC(23) Concurrent marking (unload classes) 51.781ms
[2026-04-03T02:37:36.749+0600][41.106s][info][gc,start    ] GC(23) Pause Final Mark (unload classes)
[2026-04-03T02:37:36.749+0600][41.106s][info][gc,task     ] GC(23) Using 6 of 6 workers for final marking
[2026-04-03T02:37:36.750+0600][41.106s][info][gc,ergo     ] GC(23) Adaptive CSet Selection. Target Free: 212M, Actual Free: 1074M, Max CSet: 64000K, Min Garbage: 0B
[2026-04-03T02:37:36.750+0600][41.106s][info][gc,ergo     ] GC(23) Collectable Garbage: 978M (99%), Immediate: 803M (81%), CSet: 175M (17%)
[2026-04-03T02:37:36.750+0600][41.106s][info][gc,ergo     ] GC(23) Pacer for Evacuation. Used CSet: 182M, Free: 1089M, Non-Taxable: 108M, Alloc Tax Rate: 1.1x
[2026-04-03T02:37:36.750+0600][41.106s][info][gc          ] GC(23) Pause Final Mark (unload classes) 0.620ms
[2026-04-03T02:37:36.750+0600][41.106s][info][gc,start    ] GC(23) Concurrent thread roots
[2026-04-03T02:37:36.750+0600][41.106s][info][gc,task     ] GC(23) Using 3 of 6 workers for Concurrent thread roots
[2026-04-03T02:37:36.751+0600][41.107s][info][gc          ] GC(23) Concurrent thread roots 1.228ms
[2026-04-03T02:37:36.751+0600][41.108s][info][gc,start    ] GC(23) Concurrent weak references
[2026-04-03T02:37:36.751+0600][41.108s][info][gc,task     ] GC(23) Using 3 of 6 workers for concurrent weak references
[2026-04-03T02:37:36.754+0600][41.110s][info][gc,ref      ] GC(23) Encountered references: Soft: 3867, Weak: 16845, Final: 84, Phantom: 620
[2026-04-03T02:37:36.754+0600][41.110s][info][gc,ref      ] GC(23) Discovered  references: Soft: 0, Weak: 10169, Final: 52, Phantom: 616
[2026-04-03T02:37:36.754+0600][41.110s][info][gc,ref      ] GC(23) Enqueued    references: Soft: 0, Weak: 2512, Final: 0, Phantom: 0
[2026-04-03T02:37:36.754+0600][41.110s][info][gc          ] GC(23) Concurrent weak references 2.851ms
[2026-04-03T02:37:36.754+0600][41.110s][info][gc,start    ] GC(23) Concurrent weak roots
[2026-04-03T02:37:36.754+0600][41.110s][info][gc,task     ] GC(23) Using 3 of 6 workers for concurrent weak root
[2026-04-03T02:37:36.764+0600][41.121s][info][gc          ] GC(23) Concurrent weak roots 10.269ms
[2026-04-03T02:37:36.765+0600][41.121s][info][gc,start    ] GC(23) Concurrent cleanup
[2026-04-03T02:37:36.765+0600][41.121s][info][gc          ] GC(23) Concurrent cleanup 1233M->429M(1351M) 0.582ms
[2026-04-03T02:37:36.765+0600][41.121s][info][gc,ergo     ] GC(23) Free: 975M, Max: 512K regular, 275M humongous, Frag: 72% external, 0% internal; Reserve: 75828K, Max: 512K
[2026-04-03T02:37:36.765+0600][41.121s][info][gc,start    ] GC(23) Concurrent class unloading
[2026-04-03T02:37:36.765+0600][41.121s][info][gc,task     ] GC(23) Using 3 of 6 workers for concurrent class unloading
[2026-04-03T02:37:36.779+0600][41.135s][info][gc          ] GC(23) Concurrent class unloading 13.648ms
[2026-04-03T02:37:36.779+0600][41.135s][info][gc,start    ] GC(23) Concurrent strong roots
[2026-04-03T02:37:36.779+0600][41.135s][info][gc,task     ] GC(23) Using 3 of 6 workers for concurrent strong root
[2026-04-03T02:37:36.780+0600][41.136s][info][gc          ] GC(23) Concurrent strong roots 1.063ms
[2026-04-03T02:37:36.780+0600][41.136s][info][gc,start    ] GC(23) Concurrent evacuation
[2026-04-03T02:37:36.780+0600][41.136s][info][gc,task     ] GC(23) Using 3 of 6 workers for concurrent evacuation
[2026-04-03T02:37:36.782+0600][41.139s][info][gc          ] GC(23) Concurrent evacuation 2.317ms
[2026-04-03T02:37:36.783+0600][41.139s][info][gc,start    ] GC(23) Pause Init Update Refs
[2026-04-03T02:37:36.783+0600][41.139s][info][gc,ergo     ] GC(23) Pacer for Update Refs. Used: 446M, Free: 965M, Non-Taxable: 98818K, Alloc Tax Rate: 1.1x
[2026-04-03T02:37:36.783+0600][41.139s][info][gc          ] GC(23) Pause Init Update Refs 0.095ms
[2026-04-03T02:37:36.783+0600][41.140s][info][gc,start    ] GC(23) Concurrent update references
[2026-04-03T02:37:36.783+0600][41.140s][info][gc,task     ] GC(23) Using 3 of 6 workers for concurrent reference update
[2026-04-03T02:37:36.829+0600][41.185s][info][gc          ] GC(23) Concurrent update references 45.129ms
[2026-04-03T02:37:36.829+0600][41.185s][info][gc,start    ] GC(23) Concurrent update thread roots
[2026-04-03T02:37:36.832+0600][41.188s][info][gc          ] GC(23) Concurrent update thread roots 3.466ms
[2026-04-03T02:37:36.835+0600][41.191s][info][gc,start    ] GC(23) Pause Final Update Refs
[2026-04-03T02:37:36.835+0600][41.191s][info][gc,task     ] GC(23) Using 6 of 6 workers for final reference update
[2026-04-03T02:37:36.835+0600][41.191s][info][gc          ] GC(23) Pause Final Update Refs 0.298ms
[2026-04-03T02:37:36.835+0600][41.191s][info][gc,start    ] GC(23) Concurrent cleanup
[2026-04-03T02:37:36.836+0600][41.192s][info][gc          ] GC(23) Concurrent cleanup 574M->394M(1351M) 0.741ms
[2026-04-03T02:37:36.836+0600][41.192s][info][gc,ergo     ] Free: 994M, Max: 512K regular, 705M humongous, Frag: 29% external, 0% internal; Reserve: 76800K, Max: 512K
[2026-04-03T02:37:36.836+0600][41.192s][info][gc,stats    ] 
[2026-04-03T02:37:36.836+0600][41.192s][info][gc,stats    ] All times are wall-clock times, except per-root-class counters, that are sum over
[2026-04-03T02:37:36.836+0600][41.192s][info][gc,stats    ] all workers. Dividing the <total> over the root stage time estimates parallelism.
[2026-04-03T02:37:36.836+0600][41.192s][info][gc,stats    ] 
[2026-04-03T02:37:36.836+0600][41.192s][info][gc,stats    ] Concurrent Reset                   1389 us
[2026-04-03T02:37:36.836+0600][41.192s][info][gc,stats    ] Pause Init Mark (G)                 551 us
[2026-04-03T02:37:36.836+0600][41.192s][info][gc,stats    ] Pause Init Mark (N)                 154 us
[2026-04-03T02:37:36.836+0600][41.192s][info][gc,stats    ]   Update Region States               36 us
[2026-04-03T02:37:36.836+0600][41.192s][info][gc,stats    ] Concurrent Mark Roots              1158 us, parallelism: 1.80x
[2026-04-03T02:37:36.836+0600][41.192s][info][gc,stats    ]   CMR: <total>                     2078 us
[2026-04-03T02:37:36.836+0600][41.192s][info][gc,stats    ]   CMR: Thread Roots                1625 us, workers (us): 636, 673, 316, ---, ---, ---, 
[2026-04-03T02:37:36.836+0600][41.192s][info][gc,stats    ]   CMR: VM Strong Roots               93 us, workers (us):  73,  19,   1, ---, ---, ---, 
[2026-04-03T02:37:36.836+0600][41.192s][info][gc,stats    ]   CMR: CLDG Roots                   361 us, workers (us): ---, ---, 361, ---, ---, ---, 
[2026-04-03T02:37:36.836+0600][41.192s][info][gc,stats    ] Concurrent Marking                51859 us
[2026-04-03T02:37:36.836+0600][41.192s][info][gc,stats    ] Pause Final Mark (G)                814 us
[2026-04-03T02:37:36.836+0600][41.192s][info][gc,stats    ] Pause Final Mark (N)                631 us
[2026-04-03T02:37:36.836+0600][41.192s][info][gc,stats    ]   Finish Mark                       185 us
[2026-04-03T02:37:36.836+0600][41.192s][info][gc,stats    ]   Update Region States               69 us
[2026-04-03T02:37:36.836+0600][41.193s][info][gc,stats    ]   Choose Collection Set             225 us
[2026-04-03T02:37:36.836+0600][41.193s][info][gc,stats    ]   Rebuild Free Set                   39 us
[2026-04-03T02:37:36.836+0600][41.193s][info][gc,stats    ] Concurrent Thread Roots            1312 us, parallelism: 2.15x
[2026-04-03T02:37:36.836+0600][41.193s][info][gc,stats    ]   CTR: <total>                     2821 us
[2026-04-03T02:37:36.836+0600][41.193s][info][gc,stats    ]   CTR: Thread Roots                2821 us, workers (us): 980, 933, 907, ---, ---, ---, 
[2026-04-03T02:37:36.836+0600][41.193s][info][gc,stats    ] Concurrent Weak References         2865 us, parallelism: 1.09x
[2026-04-03T02:37:36.836+0600][41.193s][info][gc,stats    ]   CWRF: <total>                    3125 us
[2026-04-03T02:37:36.836+0600][41.193s][info][gc,stats    ]   CWRF: Weak References            3125 us, workers (us): 2546, 473, 106, ---, ---, ---, 
[2026-04-03T02:37:36.836+0600][41.193s][info][gc,stats    ] Concurrent Weak Roots             10351 us
[2026-04-03T02:37:36.836+0600][41.193s][info][gc,stats    ]   Roots                            5675 us, parallelism: 2.64x
[2026-04-03T02:37:36.836+0600][41.193s][info][gc,stats    ]     CWR: <total>                  15005 us
[2026-04-03T02:37:36.836+0600][41.193s][info][gc,stats    ]     CWR: Code Cache Roots         11503 us, workers (us): 3796, 3833, 3874, ---, ---, ---, 
[2026-04-03T02:37:36.836+0600][41.193s][info][gc,stats    ]     CWR: VM Weak Roots             3255 us, workers (us): 1112, 1088, 1055, ---, ---, ---, 
[2026-04-03T02:37:36.836+0600][41.193s][info][gc,stats    ]     CWR: CLDG Roots                 247 us, workers (us): 247, ---, ---, ---, ---, ---, 
[2026-04-03T02:37:36.836+0600][41.193s][info][gc,stats    ]   Rendezvous                       4535 us
[2026-04-03T02:37:36.837+0600][41.193s][info][gc,stats    ] Concurrent Cleanup                  606 us
[2026-04-03T02:37:36.837+0600][41.193s][info][gc,stats    ] Concurrent Class Unloading        13709 us
[2026-04-03T02:37:36.837+0600][41.193s][info][gc,stats    ]   Unlink Stale                    11163 us
[2026-04-03T02:37:36.837+0600][41.193s][info][gc,stats    ]     System Dictionary               318 us
[2026-04-03T02:37:36.837+0600][41.193s][info][gc,stats    ]     Weak Class Links                  1 us
[2026-04-03T02:37:36.837+0600][41.193s][info][gc,stats    ]     Code Roots                    10841 us
[2026-04-03T02:37:36.837+0600][41.193s][info][gc,stats    ]   Rendezvous                        420 us
[2026-04-03T02:37:36.837+0600][41.193s][info][gc,stats    ]   Purge Unlinked                   2030 us
[2026-04-03T02:37:36.837+0600][41.193s][info][gc,stats    ]     Code Roots                     2015 us
[2026-04-03T02:37:36.837+0600][41.193s][info][gc,stats    ]     CLDG                             13 us
[2026-04-03T02:37:36.837+0600][41.193s][info][gc,stats    ]     Exception Caches                  0 us
[2026-04-03T02:37:36.837+0600][41.193s][info][gc,stats    ] Concurrent Strong Roots            1103 us, parallelism: 0.58x
[2026-04-03T02:37:36.837+0600][41.193s][info][gc,stats    ]   CSR: <total>                      642 us
[2026-04-03T02:37:36.837+0600][41.193s][info][gc,stats    ]   CSR: VM Strong Roots               60 us, workers (us):  20,  23,  17, ---, ---, ---, 
[2026-04-03T02:37:36.837+0600][41.193s][info][gc,stats    ]   CSR: CLDG Roots                   582 us, workers (us): 582, ---, ---, ---, ---, ---, 
[2026-04-03T02:37:36.837+0600][41.193s][info][gc,stats    ] Concurrent Evacuation              2352 us
[2026-04-03T02:37:36.837+0600][41.193s][info][gc,stats    ] Pause Init Update Refs (G)         1012 us
[2026-04-03T02:37:36.837+0600][41.193s][info][gc,stats    ] Pause Init Update Refs (N)          103 us
[2026-04-03T02:37:36.837+0600][41.193s][info][gc,stats    ]   Manage GCLABs                      34 us
[2026-04-03T02:37:36.837+0600][41.193s][info][gc,stats    ] Concurrent Update Refs            45273 us
[2026-04-03T02:37:36.837+0600][41.193s][info][gc,stats    ] Concurrent Update Thread Roots     3587 us
[2026-04-03T02:37:36.837+0600][41.193s][info][gc,stats    ] Pause Final Update Refs (G)        2747 us
[2026-04-03T02:37:36.837+0600][41.193s][info][gc,stats    ] Pause Final Update Refs (N)         342 us
[2026-04-03T02:37:36.837+0600][41.193s][info][gc,stats    ]   Update Region States               93 us
[2026-04-03T02:37:36.837+0600][41.193s][info][gc,stats    ]   Trash Collection Set               22 us
[2026-04-03T02:37:36.837+0600][41.193s][info][gc,stats    ]   Rebuild Free Set                   54 us
[2026-04-03T02:37:36.837+0600][41.193s][info][gc,stats    ] Concurrent Cleanup                  800 us
[2026-04-03T02:37:36.837+0600][41.193s][info][gc,stats    ] Pacing                           288977 us
[2026-04-03T02:37:36.837+0600][41.193s][info][gc,stats    ] 
[2026-04-03T02:37:36.837+0600][41.193s][info][gc,stats    ] Allocation pacing accrued:
[2026-04-03T02:37:36.837+0600][41.193s][info][gc,stats    ]      10 of   848 ms (  1.2%): dispatcher-BlockManagerMaster
[2026-04-03T02:37:36.837+0600][41.193s][info][gc,stats    ]      64 of   848 ms (  7.5%): Executor task launch worker for task 1.0 in stage 883.0 (TID 1790)
[2026-04-03T02:37:36.837+0600][41.193s][info][gc,stats    ]      65 of   848 ms (  7.7%): Executor task launch worker for task 2.0 in stage 883.0 (TID 1791)
[2026-04-03T02:37:36.837+0600][41.193s][info][gc,stats    ]      62 of   848 ms (  7.3%): Executor task launch worker for task 0.0 in stage 883.0 (TID 1789)
[2026-04-03T02:37:36.837+0600][41.193s][info][gc,stats    ]      67 of   848 ms (  7.8%): Executor task launch worker for task 3.0 in stage 883.0 (TID 1792)
[2026-04-03T02:37:36.837+0600][41.193s][info][gc,stats    ]      11 of   848 ms (  1.3%): block-manager-ask-thread-pool-60
[2026-04-03T02:37:36.837+0600][41.193s][info][gc,stats    ]      10 of   848 ms (  1.2%): block-manager-ask-thread-pool-64
[2026-04-03T02:37:36.837+0600][41.193s][info][gc,stats    ]     289 of   848 ms ( 34.1%): <total>
[2026-04-03T02:37:36.837+0600][41.193s][info][gc,stats    ]       1 of   848 ms (  0.1%): <average total>
[2026-04-03T02:37:36.837+0600][41.193s][info][gc,stats    ]      41 of   848 ms (  4.9%): <average non-zero>
[2026-04-03T02:37:36.837+0600][41.193s][info][gc,stats    ] 
[2026-04-03T02:37:36.837+0600][41.193s][info][gc,metaspace] Metaspace: 130831K(131968K)->130835K(131968K) NonClass: 114304K(114880K)->114308K(114880K) Class: 16526K(17088K)->16526K(17088K)
[2026-04-03T02:37:36.837+0600][41.193s][info][gc,ergo     ] Pacer for Idle. Initial: 30720K, Alloc Tax Rate: 1.0x
[2026-04-03T02:37:37.636+0600][41.992s][info][gc          ] Trigger: Average GC time (192.09 ms) is above the time for average allocation rate (1087 MB/s) to deplete free headroom (207M) (margin of error = 1.85)
[2026-04-03T02:37:37.636+0600][41.993s][info][gc,ergo     ] Free headroom: 282M (free) - 76800K (spike) - 0B (penalties) = 207M
[2026-04-03T02:37:37.636+0600][41.993s][info][gc,ergo     ] Free: 282M, Max: 512K regular, 199M humongous, Frag: 30% external, 0% internal; Reserve: 76800K, Max: 512K
[2026-04-03T02:37:37.636+0600][41.993s][info][gc,start    ] GC(24) Concurrent reset
[2026-04-03T02:37:37.636+0600][41.993s][info][gc,task     ] GC(24) Using 3 of 6 workers for concurrent reset
[2026-04-03T02:37:37.637+0600][41.993s][info][gc,ergo     ] GC(24) Pacer for Reset. Non-Taxable: 1500M
[2026-04-03T02:37:37.638+0600][41.994s][info][gc          ] GC(24) Concurrent reset 1.527ms
[2026-04-03T02:37:37.638+0600][41.995s][info][gc,start    ] GC(24) Pause Init Mark (unload classes)
[2026-04-03T02:37:37.638+0600][41.995s][info][gc,task     ] GC(24) Using 6 of 6 workers for init marking
[2026-04-03T02:37:37.639+0600][41.995s][info][gc,ergo     ] GC(24) Pacer for Mark. Expected Live: 90345K, Free: 281M, Non-Taxable: 28835K, Alloc Tax Rate: 0.4x
[2026-04-03T02:37:37.639+0600][41.995s][info][gc          ] GC(24) Pause Init Mark (unload classes) 0.164ms
[2026-04-03T02:37:37.639+0600][41.995s][info][gc,start    ] GC(24) Concurrent marking roots
[2026-04-03T02:37:37.639+0600][41.995s][info][gc,task     ] GC(24) Using 3 of 6 workers for concurrent marking roots
[2026-04-03T02:37:37.641+0600][41.997s][info][gc          ] GC(24) Concurrent marking roots 2.504ms
[2026-04-03T02:37:37.641+0600][41.998s][info][gc,start    ] GC(24) Concurrent marking (unload classes)
[2026-04-03T02:37:37.641+0600][41.998s][info][gc,task     ] GC(24) Using 3 of 6 workers for concurrent marking
[2026-04-03T02:37:37.708+0600][42.064s][info][gc          ] GC(24) Concurrent marking (unload classes) 66.817ms
[2026-04-03T02:37:37.708+0600][42.065s][info][gc,start    ] GC(24) Pause Final Mark (unload classes)
[2026-04-03T02:37:37.708+0600][42.065s][info][gc,task     ] GC(24) Using 6 of 6 workers for final marking
[2026-04-03T02:37:37.709+0600][42.065s][info][gc,ergo     ] GC(24) Adaptive CSet Selection. Target Free: 212M, Actual Free: 1036M, Max CSet: 64000K, Min Garbage: 0B
[2026-04-03T02:37:37.709+0600][42.065s][info][gc,ergo     ] GC(24) Collectable Garbage: 949M (99%), Immediate: 725M (75%), CSet: 223M (23%)
[2026-04-03T02:37:37.709+0600][42.065s][info][gc,ergo     ] GC(24) Pacer for Evacuation. Used CSet: 236M, Free: 1058M, Non-Taxable: 105M, Alloc Tax Rate: 1.1x
[2026-04-03T02:37:37.709+0600][42.065s][info][gc          ] GC(24) Pause Final Mark (unload classes) 0.671ms
[2026-04-03T02:37:37.709+0600][42.065s][info][gc,start    ] GC(24) Concurrent thread roots
[2026-04-03T02:37:37.709+0600][42.065s][info][gc,task     ] GC(24) Using 3 of 6 workers for Concurrent thread roots
[2026-04-03T02:37:37.710+0600][42.067s][info][gc          ] GC(24) Concurrent thread roots 1.253ms
[2026-04-03T02:37:37.710+0600][42.067s][info][gc,start    ] GC(24) Concurrent weak references
[2026-04-03T02:37:37.710+0600][42.067s][info][gc,task     ] GC(24) Using 3 of 6 workers for concurrent weak references
[2026-04-03T02:37:37.711+0600][42.067s][info][gc,ref      ] GC(24) Encountered references: Soft: 3875, Weak: 15426, Final: 84, Phantom: 620
[2026-04-03T02:37:37.711+0600][42.067s][info][gc,ref      ] GC(24) Discovered  references: Soft: 0, Weak: 3854, Final: 0, Phantom: 540
[2026-04-03T02:37:37.711+0600][42.067s][info][gc,ref      ] GC(24) Enqueued    references: Soft: 0, Weak: 415, Final: 0, Phantom: 0
[2026-04-03T02:37:37.711+0600][42.067s][info][gc          ] GC(24) Concurrent weak references 0.587ms
[2026-04-03T02:37:37.711+0600][42.067s][info][gc,start    ] GC(24) Concurrent weak roots
[2026-04-03T02:37:37.711+0600][42.067s][info][gc,task     ] GC(24) Using 3 of 6 workers for concurrent weak root
[2026-04-03T02:37:37.720+0600][42.076s][info][gc          ] GC(24) Concurrent weak roots 8.578ms
[2026-04-03T02:37:37.720+0600][42.076s][info][gc,start    ] GC(24) Concurrent cleanup
[2026-04-03T02:37:37.721+0600][42.077s][info][gc          ] GC(24) Concurrent cleanup 1101M->377M(1351M) 0.759ms
[2026-04-03T02:37:37.721+0600][42.077s][info][gc,ergo     ] GC(24) Free: 1037M, Max: 512K regular, 136M humongous, Frag: 87% external, 0% internal; Reserve: 76071K, Max: 512K
[2026-04-03T02:37:37.721+0600][42.077s][info][gc,start    ] GC(24) Concurrent class unloading
[2026-04-03T02:37:37.721+0600][42.077s][info][gc,task     ] GC(24) Using 3 of 6 workers for concurrent class unloading
[2026-04-03T02:37:37.743+0600][42.099s][info][gc          ] GC(24) Concurrent class unloading 21.864ms
[2026-04-03T02:37:37.743+0600][42.099s][info][gc,start    ] GC(24) Concurrent strong roots
[2026-04-03T02:37:37.743+0600][42.099s][info][gc,task     ] GC(24) Using 3 of 6 workers for concurrent strong root
[2026-04-03T02:37:37.744+0600][42.100s][info][gc          ] GC(24) Concurrent strong roots 1.391ms
[2026-04-03T02:37:37.744+0600][42.101s][info][gc,start    ] GC(24) Concurrent evacuation
[2026-04-03T02:37:37.744+0600][42.101s][info][gc,task     ] GC(24) Using 3 of 6 workers for concurrent evacuation
[2026-04-03T02:37:37.759+0600][42.115s][info][gc          ] GC(24) Concurrent evacuation 14.484ms
[2026-04-03T02:37:37.759+0600][42.115s][info][gc,start    ] GC(24) Pause Init Update Refs
[2026-04-03T02:37:37.759+0600][42.115s][info][gc,ergo     ] GC(24) Pacer for Update Refs. Used: 415M, Free: 1012M, Non-Taxable: 101M, Alloc Tax Rate: 1.1x
[2026-04-03T02:37:37.759+0600][42.116s][info][gc          ] GC(24) Pause Init Update Refs 0.189ms
[2026-04-03T02:37:37.759+0600][42.116s][info][gc,start    ] GC(24) Concurrent update references
[2026-04-03T02:37:37.759+0600][42.116s][info][gc,task     ] GC(24) Using 3 of 6 workers for concurrent reference update
[2026-04-03T02:37:37.808+0600][42.164s][info][gc          ] GC(24) Concurrent update references 48.329ms
[2026-04-03T02:37:37.808+0600][42.164s][info][gc,start    ] GC(24) Concurrent update thread roots
[2026-04-03T02:37:37.810+0600][42.166s][info][gc          ] GC(24) Concurrent update thread roots 1.919ms
[2026-04-03T02:37:37.810+0600][42.166s][info][gc,start    ] GC(24) Pause Final Update Refs
[2026-04-03T02:37:37.810+0600][42.166s][info][gc,task     ] GC(24) Using 6 of 6 workers for final reference update
[2026-04-03T02:37:37.810+0600][42.166s][info][gc          ] GC(24) Pause Final Update Refs 0.227ms
[2026-04-03T02:37:37.810+0600][42.167s][info][gc,start    ] GC(24) Concurrent cleanup
[2026-04-03T02:37:37.811+0600][42.167s][info][gc          ] GC(24) Concurrent cleanup 452M->216M(1357M) 0.770ms
[2026-04-03T02:37:37.811+0600][42.167s][info][gc,ergo     ] Free: 1193M, Max: 512K regular, 611M humongous, Frag: 49% external, 0% internal; Reserve: 76800K, Max: 512K
[2026-04-03T02:37:37.811+0600][42.168s][info][gc,stats    ] 
[2026-04-03T02:37:37.811+0600][42.168s][info][gc,stats    ] All times are wall-clock times, except per-root-class counters, that are sum over
[2026-04-03T02:37:37.811+0600][42.168s][info][gc,stats    ] all workers. Dividing the <total> over the root stage time estimates parallelism.
[2026-04-03T02:37:37.811+0600][42.168s][info][gc,stats    ] 
[2026-04-03T02:37:37.811+0600][42.168s][info][gc,stats    ] Concurrent Reset                   1577 us
[2026-04-03T02:37:37.811+0600][42.168s][info][gc,stats    ] Pause Init Mark (G)                 703 us
[2026-04-03T02:37:37.811+0600][42.168s][info][gc,stats    ] Pause Init Mark (N)                 176 us
[2026-04-03T02:37:37.811+0600][42.168s][info][gc,stats    ]   Update Region States               49 us
[2026-04-03T02:37:37.811+0600][42.168s][info][gc,stats    ] Concurrent Mark Roots              2547 us, parallelism: 1.53x
[2026-04-03T02:37:37.811+0600][42.168s][info][gc,stats    ]   CMR: <total>                     3885 us
[2026-04-03T02:37:37.811+0600][42.168s][info][gc,stats    ]   CMR: Thread Roots                3306 us, workers (us): 1921, 1385,   0, ---, ---, ---, 
[2026-04-03T02:37:37.811+0600][42.168s][info][gc,stats    ]   CMR: VM Strong Roots               68 us, workers (us):  34,  34,   0, ---, ---, ---, 
[2026-04-03T02:37:37.811+0600][42.168s][info][gc,stats    ]   CMR: CLDG Roots                   511 us, workers (us): ---, 511, ---, ---, ---, ---, 
[2026-04-03T02:37:37.811+0600][42.168s][info][gc,stats    ] Concurrent Marking                66901 us
[2026-04-03T02:37:37.812+0600][42.168s][info][gc,stats    ] Pause Final Mark (G)                929 us
[2026-04-03T02:37:37.812+0600][42.168s][info][gc,stats    ] Pause Final Mark (N)                686 us
[2026-04-03T02:37:37.812+0600][42.168s][info][gc,stats    ]   Finish Mark                       187 us
[2026-04-03T02:37:37.812+0600][42.168s][info][gc,stats    ]   Update Region States               47 us
[2026-04-03T02:37:37.812+0600][42.168s][info][gc,stats    ]   Choose Collection Set             298 us
[2026-04-03T02:37:37.812+0600][42.168s][info][gc,stats    ]   Rebuild Free Set                   44 us
[2026-04-03T02:37:37.812+0600][42.168s][info][gc,stats    ] Concurrent Thread Roots            1338 us, parallelism: 2.39x
[2026-04-03T02:37:37.812+0600][42.168s][info][gc,stats    ]   CTR: <total>                     3202 us
[2026-04-03T02:37:37.812+0600][42.168s][info][gc,stats    ]   CTR: Thread Roots                3202 us, workers (us): 1081, 1064, 1056, ---, ---, ---, 
[2026-04-03T02:37:37.812+0600][42.168s][info][gc,stats    ] Concurrent Weak References          610 us, parallelism: 1.20x
[2026-04-03T02:37:37.812+0600][42.168s][info][gc,stats    ]   CWRF: <total>                     731 us
[2026-04-03T02:37:37.812+0600][42.168s][info][gc,stats    ]   CWRF: Weak References             731 us, workers (us): 154, 429, 148, ---, ---, ---, 
[2026-04-03T02:37:37.812+0600][42.168s][info][gc,stats    ] Concurrent Weak Roots              8804 us
[2026-04-03T02:37:37.812+0600][42.168s][info][gc,stats    ]   Roots                            8111 us, parallelism: 2.09x
[2026-04-03T02:37:37.812+0600][42.168s][info][gc,stats    ]     CWR: <total>                  16924 us
[2026-04-03T02:37:37.812+0600][42.168s][info][gc,stats    ]     CWR: Code Cache Roots         12871 us, workers (us): 4835, 4007, 4029, ---, ---, ---, 
[2026-04-03T02:37:37.812+0600][42.168s][info][gc,stats    ]     CWR: VM Weak Roots             3779 us, workers (us): 1518, 1493, 769, ---, ---, ---, 
[2026-04-03T02:37:37.812+0600][42.168s][info][gc,stats    ]     CWR: CLDG Roots                 274 us, workers (us): 274, ---, ---, ---, ---, ---, 
[2026-04-03T02:37:37.812+0600][42.168s][info][gc,stats    ]   Rendezvous                        430 us
[2026-04-03T02:37:37.812+0600][42.168s][info][gc,stats    ] Concurrent Cleanup                  863 us
[2026-04-03T02:37:37.812+0600][42.168s][info][gc,stats    ] Concurrent Class Unloading        21975 us
[2026-04-03T02:37:37.812+0600][42.168s][info][gc,stats    ]   Unlink Stale                    16379 us
[2026-04-03T02:37:37.812+0600][42.168s][info][gc,stats    ]     System Dictionary               352 us
[2026-04-03T02:37:37.812+0600][42.168s][info][gc,stats    ]     Weak Class Links                  0 us
[2026-04-03T02:37:37.812+0600][42.168s][info][gc,stats    ]     Code Roots                    16022 us
[2026-04-03T02:37:37.812+0600][42.168s][info][gc,stats    ]   Rendezvous                        791 us
[2026-04-03T02:37:37.812+0600][42.168s][info][gc,stats    ]   Purge Unlinked                   4611 us
[2026-04-03T02:37:37.812+0600][42.168s][info][gc,stats    ]     Code Roots                     4573 us
[2026-04-03T02:37:37.812+0600][42.168s][info][gc,stats    ]     CLDG                             36 us
[2026-04-03T02:37:37.812+0600][42.168s][info][gc,stats    ]     Exception Caches                  0 us
[2026-04-03T02:37:37.812+0600][42.168s][info][gc,stats    ] Concurrent Strong Roots            1451 us, parallelism: 0.68x
[2026-04-03T02:37:37.812+0600][42.168s][info][gc,stats    ]   CSR: <total>                      987 us
[2026-04-03T02:37:37.812+0600][42.168s][info][gc,stats    ]   CSR: VM Strong Roots               69 us, workers (us):  67,   1,   0, ---, ---, ---, 
[2026-04-03T02:37:37.812+0600][42.168s][info][gc,stats    ]   CSR: CLDG Roots                   918 us, workers (us): 918, ---, ---, ---, ---, ---, 
[2026-04-03T02:37:37.812+0600][42.168s][info][gc,stats    ] Concurrent Evacuation             14583 us
[2026-04-03T02:37:37.812+0600][42.168s][info][gc,stats    ] Pause Init Update Refs (G)          519 us
[2026-04-03T02:37:37.812+0600][42.168s][info][gc,stats    ] Pause Init Update Refs (N)          208 us
[2026-04-03T02:37:37.812+0600][42.168s][info][gc,stats    ]   Manage GCLABs                      58 us
[2026-04-03T02:37:37.812+0600][42.168s][info][gc,stats    ] Concurrent Update Refs            48441 us
[2026-04-03T02:37:37.812+0600][42.168s][info][gc,stats    ] Concurrent Update Thread Roots     2012 us
[2026-04-03T02:37:37.812+0600][42.168s][info][gc,stats    ] Pause Final Update Refs (G)         518 us
[2026-04-03T02:37:37.812+0600][42.168s][info][gc,stats    ] Pause Final Update Refs (N)         246 us
[2026-04-03T02:37:37.812+0600][42.168s][info][gc,stats    ]   Update Region States               63 us
[2026-04-03T02:37:37.812+0600][42.168s][info][gc,stats    ]   Trash Collection Set               22 us
[2026-04-03T02:37:37.812+0600][42.168s][info][gc,stats    ]   Rebuild Free Set                   50 us
[2026-04-03T02:37:37.812+0600][42.168s][info][gc,stats    ] Concurrent Cleanup                  805 us
[2026-04-03T02:37:37.812+0600][42.168s][info][gc,stats    ] Pacing                            85274 us
[2026-04-03T02:37:37.812+0600][42.168s][info][gc,stats    ] 
[2026-04-03T02:37:37.812+0600][42.168s][info][gc,stats    ] Allocation pacing accrued:
[2026-04-03T02:37:37.812+0600][42.168s][info][gc,stats    ]      11 of   975 ms (  1.1%): Executor task launch worker for task 1.0 in stage 915.0 (TID 1918)
[2026-04-03T02:37:37.812+0600][42.168s][info][gc,stats    ]      10 of   975 ms (  1.0%): Executor task launch worker for task 5.0 in stage 915.0 (TID 1922)
[2026-04-03T02:37:37.812+0600][42.168s][info][gc,stats    ]      11 of   975 ms (  1.1%): Executor task launch worker for task 3.0 in stage 915.0 (TID 1920)
[2026-04-03T02:37:37.812+0600][42.169s][info][gc,stats    ]      10 of   975 ms (  1.0%): Executor task launch worker for task 0.0 in stage 915.0 (TID 1917)
[2026-04-03T02:37:37.812+0600][42.169s][info][gc,stats    ]      10 of   975 ms (  1.0%): Executor task launch worker for task 6.0 in stage 915.0 (TID 1923)
[2026-04-03T02:37:37.812+0600][42.169s][info][gc,stats    ]      11 of   975 ms (  1.1%): Executor task launch worker for task 2.0 in stage 915.0 (TID 1919)
[2026-04-03T02:37:37.812+0600][42.169s][info][gc,stats    ]      11 of   975 ms (  1.2%): Executor task launch worker for task 4.0 in stage 915.0 (TID 1921)
[2026-04-03T02:37:37.812+0600][42.169s][info][gc,stats    ]      10 of   975 ms (  1.0%): Executor task launch worker for task 7.0 in stage 915.0 (TID 1924)
[2026-04-03T02:37:37.812+0600][42.169s][info][gc,stats    ]      85 of   975 ms (  8.7%): <total>
[2026-04-03T02:37:37.812+0600][42.169s][info][gc,stats    ]       0 of   975 ms (  0.0%): <average total>
[2026-04-03T02:37:37.812+0600][42.169s][info][gc,stats    ]      11 of   975 ms (  1.1%): <average non-zero>
[2026-04-03T02:37:37.812+0600][42.169s][info][gc,stats    ] 
[2026-04-03T02:37:37.812+0600][42.169s][info][gc,metaspace] Metaspace: 130849K(132032K)->130850K(132032K) NonClass: 114323K(114944K)->114323K(114944K) Class: 16526K(17088K)->16526K(17088K)
[2026-04-03T02:37:37.812+0600][42.169s][info][gc,ergo     ] Pacer for Idle. Initial: 30720K, Alloc Tax Rate: 1.0x
[2026-04-03T02:37:38.618+0600][42.974s][info][gc          ] Trigger: Average GC time (195.46 ms) is above the time for average allocation rate (1262 MB/s) to deplete free headroom (225M) (margin of error = 1.85)
[2026-04-03T02:37:38.618+0600][42.974s][info][gc,ergo     ] Free headroom: 300M (free) - 76800K (spike) - 0B (penalties) = 225M
[2026-04-03T02:37:38.618+0600][42.974s][info][gc,ergo     ] Free: 300M, Max: 512K regular, 216M humongous, Frag: 28% external, 0% internal; Reserve: 76800K, Max: 512K
[2026-04-03T02:37:38.618+0600][42.974s][info][gc,start    ] GC(25) Concurrent reset
[2026-04-03T02:37:38.618+0600][42.974s][info][gc,task     ] GC(25) Using 3 of 6 workers for concurrent reset
[2026-04-03T02:37:38.618+0600][42.974s][info][gc,ergo     ] GC(25) Pacer for Reset. Non-Taxable: 1500M
[2026-04-03T02:37:38.620+0600][42.976s][info][gc          ] GC(25) Concurrent reset 1.835ms
[2026-04-03T02:37:38.621+0600][42.977s][info][gc,start    ] GC(25) Pause Init Mark (unload classes)
[2026-04-03T02:37:38.621+0600][42.977s][info][gc,task     ] GC(25) Using 6 of 6 workers for init marking
[2026-04-03T02:37:38.621+0600][42.977s][info][gc,ergo     ] GC(25) Pacer for Mark. Expected Live: 90728K, Free: 266M, Non-Taxable: 27241K, Alloc Tax Rate: 0.4x
[2026-04-03T02:37:38.621+0600][42.977s][info][gc          ] GC(25) Pause Init Mark (unload classes) 0.283ms
[2026-04-03T02:37:38.621+0600][42.977s][info][gc,start    ] GC(25) Concurrent marking roots
[2026-04-03T02:37:38.621+0600][42.978s][info][gc,task     ] GC(25) Using 3 of 6 workers for concurrent marking roots
[2026-04-03T02:37:38.623+0600][42.979s][info][gc          ] GC(25) Concurrent marking roots 1.652ms
[2026-04-03T02:37:38.623+0600][42.979s][info][gc,start    ] GC(25) Concurrent marking (unload classes)
[2026-04-03T02:37:38.623+0600][42.979s][info][gc,task     ] GC(25) Using 3 of 6 workers for concurrent marking
[2026-04-03T02:37:38.662+0600][43.018s][info][gc          ] GC(25) Concurrent marking (unload classes) 39.115ms
[2026-04-03T02:37:38.662+0600][43.018s][info][gc,start    ] GC(25) Pause Final Mark (unload classes)
[2026-04-03T02:37:38.662+0600][43.018s][info][gc,task     ] GC(25) Using 6 of 6 workers for final marking
[2026-04-03T02:37:38.663+0600][43.019s][info][gc,ergo     ] GC(25) Adaptive CSet Selection. Target Free: 212M, Actual Free: 1060M, Max CSet: 64000K, Min Garbage: 0B
[2026-04-03T02:37:38.663+0600][43.019s][info][gc,ergo     ] GC(25) Collectable Garbage: 958M (99%), Immediate: 774M (80%), CSet: 183M (19%)
[2026-04-03T02:37:38.663+0600][43.019s][info][gc,ergo     ] GC(25) Pacer for Evacuation. Used CSet: 192M, Free: 1072M, Non-Taxable: 107M, Alloc Tax Rate: 1.1x
[2026-04-03T02:37:38.663+0600][43.019s][info][gc          ] GC(25) Pause Final Mark (unload classes) 0.618ms
[2026-04-03T02:37:38.663+0600][43.019s][info][gc,start    ] GC(25) Concurrent thread roots
[2026-04-03T02:37:38.663+0600][43.019s][info][gc,task     ] GC(25) Using 3 of 6 workers for Concurrent thread roots
[2026-04-03T02:37:38.664+0600][43.020s][info][gc          ] GC(25) Concurrent thread roots 0.891ms
[2026-04-03T02:37:38.664+0600][43.020s][info][gc,start    ] GC(25) Concurrent weak references
[2026-04-03T02:37:38.664+0600][43.020s][info][gc,task     ] GC(25) Using 3 of 6 workers for concurrent weak references
[2026-04-03T02:37:38.665+0600][43.021s][info][gc,ref      ] GC(25) Encountered references: Soft: 3872, Weak: 16756, Final: 84, Phantom: 629
[2026-04-03T02:37:38.665+0600][43.021s][info][gc,ref      ] GC(25) Discovered  references: Soft: 0, Weak: 10645, Final: 84, Phantom: 593
[2026-04-03T02:37:38.665+0600][43.021s][info][gc,ref      ] GC(25) Enqueued    references: Soft: 0, Weak: 2325, Final: 0, Phantom: 0
[2026-04-03T02:37:38.665+0600][43.021s][info][gc          ] GC(25) Concurrent weak references 1.265ms
[2026-04-03T02:37:38.665+0600][43.021s][info][gc,start    ] GC(25) Concurrent weak roots
[2026-04-03T02:37:38.665+0600][43.021s][info][gc,task     ] GC(25) Using 3 of 6 workers for concurrent weak root
[2026-04-03T02:37:38.670+0600][43.026s][info][gc          ] GC(25) Concurrent weak roots 4.522ms
[2026-04-03T02:37:38.670+0600][43.026s][info][gc,start    ] GC(25) Concurrent cleanup
[2026-04-03T02:37:38.670+0600][43.027s][info][gc          ] GC(25) Concurrent cleanup 1180M->406M(1357M) 0.649ms
[2026-04-03T02:37:38.671+0600][43.027s][info][gc,ergo     ] GC(25) Free: 998M, Max: 512K regular, 142M humongous, Frag: 86% external, 0% internal; Reserve: 75437K, Max: 512K
[2026-04-03T02:37:38.671+0600][43.027s][info][gc,start    ] GC(25) Concurrent class unloading
[2026-04-03T02:37:38.671+0600][43.027s][info][gc,task     ] GC(25) Using 3 of 6 workers for concurrent class unloading
[2026-04-03T02:37:38.686+0600][43.042s][info][gc          ] GC(25) Concurrent class unloading 15.600ms
[2026-04-03T02:37:38.686+0600][43.042s][info][gc,start    ] GC(25) Concurrent strong roots
[2026-04-03T02:37:38.686+0600][43.042s][info][gc,task     ] GC(25) Using 3 of 6 workers for concurrent strong root
[2026-04-03T02:37:38.687+0600][43.044s][info][gc          ] GC(25) Concurrent strong roots 1.069ms
[2026-04-03T02:37:38.687+0600][43.044s][info][gc,start    ] GC(25) Concurrent evacuation
[2026-04-03T02:37:38.687+0600][43.044s][info][gc,task     ] GC(25) Using 3 of 6 workers for concurrent evacuation
[2026-04-03T02:37:38.691+0600][43.047s][info][gc          ] GC(25) Concurrent evacuation 3.135ms
[2026-04-03T02:37:38.691+0600][43.047s][info][gc,start    ] GC(25) Pause Init Update Refs
[2026-04-03T02:37:38.691+0600][43.047s][info][gc,ergo     ] GC(25) Pacer for Update Refs. Used: 468M, Free: 944M, Non-Taxable: 96705K, Alloc Tax Rate: 1.1x
[2026-04-03T02:37:38.691+0600][43.047s][info][gc          ] GC(25) Pause Init Update Refs 0.099ms
[2026-04-03T02:37:38.691+0600][43.047s][info][gc,start    ] GC(25) Concurrent update references
[2026-04-03T02:37:38.691+0600][43.047s][info][gc,task     ] GC(25) Using 3 of 6 workers for concurrent reference update
[2026-04-03T02:37:38.736+0600][43.092s][info][gc          ] GC(25) Concurrent update references 44.773ms
[2026-04-03T02:37:38.736+0600][43.092s][info][gc,start    ] GC(25) Concurrent update thread roots
[2026-04-03T02:37:38.739+0600][43.095s][info][gc          ] GC(25) Concurrent update thread roots 2.894ms
[2026-04-03T02:37:38.739+0600][43.096s][info][gc,start    ] GC(25) Pause Final Update Refs
[2026-04-03T02:37:38.739+0600][43.096s][info][gc,task     ] GC(25) Using 6 of 6 workers for final reference update
[2026-04-03T02:37:38.740+0600][43.096s][info][gc          ] GC(25) Pause Final Update Refs 0.224ms
[2026-04-03T02:37:38.740+0600][43.096s][info][gc,start    ] GC(25) Concurrent cleanup
[2026-04-03T02:37:38.740+0600][43.096s][info][gc          ] GC(25) Concurrent cleanup 543M->353M(1357M) 0.310ms
[2026-04-03T02:37:38.740+0600][43.097s][info][gc,ergo     ] Free: 1040M, Max: 512K regular, 788M humongous, Frag: 25% external, 0% internal; Reserve: 76800K, Max: 512K
[2026-04-03T02:37:38.740+0600][43.097s][info][gc,stats    ] 
[2026-04-03T02:37:38.740+0600][43.097s][info][gc,stats    ] All times are wall-clock times, except per-root-class counters, that are sum over
[2026-04-03T02:37:38.740+0600][43.097s][info][gc,stats    ] all workers. Dividing the <total> over the root stage time estimates parallelism.
[2026-04-03T02:37:38.740+0600][43.097s][info][gc,stats    ] 
[2026-04-03T02:37:38.740+0600][43.097s][info][gc,stats    ] Concurrent Reset                   1896 us
[2026-04-03T02:37:38.740+0600][43.097s][info][gc,stats    ] Pause Init Mark (G)                1400 us
[2026-04-03T02:37:38.740+0600][43.097s][info][gc,stats    ] Pause Init Mark (N)                 298 us
[2026-04-03T02:37:38.740+0600][43.097s][info][gc,stats    ]   Update Region States               52 us
[2026-04-03T02:37:38.741+0600][43.097s][info][gc,stats    ] Concurrent Mark Roots              1699 us, parallelism: 1.94x
[2026-04-03T02:37:38.741+0600][43.097s][info][gc,stats    ]   CMR: <total>                     3296 us
[2026-04-03T02:37:38.741+0600][43.097s][info][gc,stats    ]   CMR: Thread Roots                2588 us, workers (us): 431, 1086, 1070, ---, ---, ---, 
[2026-04-03T02:37:38.741+0600][43.097s][info][gc,stats    ]   CMR: VM Strong Roots               72 us, workers (us):  60,  12,   1, ---, ---, ---, 
[2026-04-03T02:37:38.741+0600][43.097s][info][gc,stats    ]   CMR: CLDG Roots                   636 us, workers (us): 636, ---, ---, ---, ---, ---, 
[2026-04-03T02:37:38.741+0600][43.097s][info][gc,stats    ] Concurrent Marking                39176 us
[2026-04-03T02:37:38.741+0600][43.097s][info][gc,stats    ] Pause Final Mark (G)                834 us
[2026-04-03T02:37:38.741+0600][43.097s][info][gc,stats    ] Pause Final Mark (N)                630 us
[2026-04-03T02:37:38.741+0600][43.097s][info][gc,stats    ]   Finish Mark                       237 us
[2026-04-03T02:37:38.741+0600][43.097s][info][gc,stats    ]   Update Region States               47 us
[2026-04-03T02:37:38.741+0600][43.097s][info][gc,stats    ]   Choose Collection Set             217 us
[2026-04-03T02:37:38.741+0600][43.097s][info][gc,stats    ]   Rebuild Free Set                   32 us
[2026-04-03T02:37:38.741+0600][43.097s][info][gc,stats    ] Concurrent Thread Roots             921 us, parallelism: 2.05x
[2026-04-03T02:37:38.741+0600][43.097s][info][gc,stats    ]   CTR: <total>                     1885 us
[2026-04-03T02:37:38.741+0600][43.097s][info][gc,stats    ]   CTR: Thread Roots                1885 us, workers (us): 690, 609, 586, ---, ---, ---, 
[2026-04-03T02:37:38.741+0600][43.097s][info][gc,stats    ] Concurrent Weak References         1278 us, parallelism: 1.14x
[2026-04-03T02:37:38.741+0600][43.097s][info][gc,stats    ]   CWRF: <total>                    1463 us
[2026-04-03T02:37:38.741+0600][43.097s][info][gc,stats    ]   CWRF: Weak References            1463 us, workers (us): 1058, 320,  85, ---, ---, ---, 
[2026-04-03T02:37:38.741+0600][43.097s][info][gc,stats    ] Concurrent Weak Roots              4626 us
[2026-04-03T02:37:38.741+0600][43.097s][info][gc,stats    ]   Roots                            3632 us, parallelism: 2.54x
[2026-04-03T02:37:38.741+0600][43.097s][info][gc,stats    ]     CWR: <total>                   9231 us
[2026-04-03T02:37:38.741+0600][43.097s][info][gc,stats    ]     CWR: Code Cache Roots          6828 us, workers (us): 2271, 2118, 2439, ---, ---, ---, 
[2026-04-03T02:37:38.741+0600][43.097s][info][gc,stats    ]     CWR: VM Weak Roots             2254 us, workers (us): 790, 767, 697, ---, ---, ---, 
[2026-04-03T02:37:38.741+0600][43.097s][info][gc,stats    ]     CWR: CLDG Roots                 148 us, workers (us): ---, 148, ---, ---, ---, ---, 
[2026-04-03T02:37:38.741+0600][43.097s][info][gc,stats    ]   Rendezvous                        858 us
[2026-04-03T02:37:38.741+0600][43.097s][info][gc,stats    ] Concurrent Cleanup                  709 us
[2026-04-03T02:37:38.741+0600][43.097s][info][gc,stats    ] Concurrent Class Unloading        15687 us
[2026-04-03T02:37:38.741+0600][43.097s][info][gc,stats    ]   Unlink Stale                    13253 us
[2026-04-03T02:37:38.741+0600][43.097s][info][gc,stats    ]     System Dictionary               435 us
[2026-04-03T02:37:38.741+0600][43.097s][info][gc,stats    ]     Weak Class Links                  1 us
[2026-04-03T02:37:38.741+0600][43.097s][info][gc,stats    ]     Code Roots                    12811 us
[2026-04-03T02:37:38.741+0600][43.097s][info][gc,stats    ]   Rendezvous                        366 us
[2026-04-03T02:37:38.741+0600][43.097s][info][gc,stats    ]   Purge Unlinked                   1926 us
[2026-04-03T02:37:38.741+0600][43.097s][info][gc,stats    ]     Code Roots                     1900 us
[2026-04-03T02:37:38.741+0600][43.097s][info][gc,stats    ]     CLDG                             25 us
[2026-04-03T02:37:38.741+0600][43.097s][info][gc,stats    ]     Exception Caches                  0 us
[2026-04-03T02:37:38.741+0600][43.097s][info][gc,stats    ] Concurrent Strong Roots            1133 us, parallelism: 0.57x
[2026-04-03T02:37:38.741+0600][43.097s][info][gc,stats    ]   CSR: <total>                      650 us
[2026-04-03T02:37:38.741+0600][43.097s][info][gc,stats    ]   CSR: VM Strong Roots               57 us, workers (us):  56,   1,   0, ---, ---, ---, 
[2026-04-03T02:37:38.741+0600][43.097s][info][gc,stats    ]   CSR: CLDG Roots                   593 us, workers (us): 593, ---, ---, ---, ---, ---, 
[2026-04-03T02:37:38.741+0600][43.097s][info][gc,stats    ] Concurrent Evacuation              3204 us
[2026-04-03T02:37:38.741+0600][43.097s][info][gc,stats    ] Pause Init Update Refs (G)          353 us
[2026-04-03T02:37:38.741+0600][43.097s][info][gc,stats    ] Pause Init Update Refs (N)          114 us
[2026-04-03T02:37:38.741+0600][43.097s][info][gc,stats    ]   Manage GCLABs                      33 us
[2026-04-03T02:37:38.741+0600][43.097s][info][gc,stats    ] Concurrent Update Refs            44890 us
[2026-04-03T02:37:38.741+0600][43.097s][info][gc,stats    ] Concurrent Update Thread Roots     2997 us
[2026-04-03T02:37:38.741+0600][43.097s][info][gc,stats    ] Pause Final Update Refs (G)        1101 us
[2026-04-03T02:37:38.741+0600][43.097s][info][gc,stats    ] Pause Final Update Refs (N)         241 us
[2026-04-03T02:37:38.741+0600][43.097s][info][gc,stats    ]   Update Region States               70 us
[2026-04-03T02:37:38.741+0600][43.097s][info][gc,stats    ]   Trash Collection Set               23 us
[2026-04-03T02:37:38.741+0600][43.097s][info][gc,stats    ]   Rebuild Free Set                   46 us
[2026-04-03T02:37:38.741+0600][43.097s][info][gc,stats    ] Concurrent Cleanup                  339 us
[2026-04-03T02:37:38.741+0600][43.097s][info][gc,stats    ] Pacing                           264561 us
[2026-04-03T02:37:38.741+0600][43.097s][info][gc,stats    ] 
[2026-04-03T02:37:38.741+0600][43.097s][info][gc,stats    ] Allocation pacing accrued:
[2026-04-03T02:37:38.741+0600][43.097s][info][gc,stats    ]      16 of   929 ms (  1.7%): Spark Context Cleaner
[2026-04-03T02:37:38.741+0600][43.097s][info][gc,stats    ]      51 of   929 ms (  5.5%): Executor task launch worker for task 3.0 in stage 1037.0 (TID 2034)
[2026-04-03T02:37:38.741+0600][43.097s][info][gc,stats    ]      55 of   929 ms (  5.9%): Executor task launch worker for task 0.0 in stage 1037.0 (TID 2031)
[2026-04-03T02:37:38.741+0600][43.097s][info][gc,stats    ]      55 of   929 ms (  5.9%): Executor task launch worker for task 2.0 in stage 1037.0 (TID 2033)
[2026-04-03T02:37:38.741+0600][43.097s][info][gc,stats    ]      55 of   929 ms (  5.9%): Executor task launch worker for task 1.0 in stage 1037.0 (TID 2032)
[2026-04-03T02:37:38.741+0600][43.097s][info][gc,stats    ]       5 of   929 ms (  0.6%): block-manager-storage-async-thread-pool-7
[2026-04-03T02:37:38.741+0600][43.097s][info][gc,stats    ]       5 of   929 ms (  0.6%): block-manager-ask-thread-pool-6
[2026-04-03T02:37:38.741+0600][43.098s][info][gc,stats    ]      11 of   929 ms (  1.2%): block-manager-ask-thread-pool-7
[2026-04-03T02:37:38.741+0600][43.098s][info][gc,stats    ]      11 of   929 ms (  1.2%): block-manager-storage-async-thread-pool-70
[2026-04-03T02:37:38.741+0600][43.098s][info][gc,stats    ]     265 of   929 ms ( 28.5%): <total>
[2026-04-03T02:37:38.741+0600][43.098s][info][gc,stats    ]       1 of   929 ms (  0.1%): <average total>
[2026-04-03T02:37:38.741+0600][43.098s][info][gc,stats    ]      29 of   929 ms (  3.2%): <average non-zero>
[2026-04-03T02:37:38.741+0600][43.098s][info][gc,stats    ] 
[2026-04-03T02:37:38.741+0600][43.098s][info][gc,metaspace] Metaspace: 130945K(132096K)->130977K(132096K) NonClass: 114404K(115008K)->114435K(115008K) Class: 16541K(17088K)->16541K(17088K)
[2026-04-03T02:37:38.741+0600][43.098s][info][gc,ergo     ] Pacer for Idle. Initial: 30720K, Alloc Tax Rate: 1.0x
[2026-04-03T02:37:38.843+0600][43.200s][info][gc          ] Trigger: Average GC time (189.89 ms) is above the time for instantaneous allocation rate (3958 MB/s) to deplete free headroom (562M) (spike threshold = 1.79)
[2026-04-03T02:37:38.844+0600][43.200s][info][gc,ergo     ] Free: 637M, Max: 512K regular, 496M humongous, Frag: 23% external, 0% internal; Reserve: 76800K, Max: 512K
[2026-04-03T02:37:38.844+0600][43.200s][info][gc,start    ] GC(26) Concurrent reset
[2026-04-03T02:37:38.844+0600][43.200s][info][gc,task     ] GC(26) Using 3 of 6 workers for concurrent reset
[2026-04-03T02:37:38.844+0600][43.200s][info][gc,ergo     ] GC(26) Pacer for Reset. Non-Taxable: 1500M
[2026-04-03T02:37:38.845+0600][43.201s][info][gc          ] GC(26) Concurrent reset 1.634ms
[2026-04-03T02:37:38.845+0600][43.202s][info][gc,start    ] GC(26) Pause Init Mark (unload classes)
[2026-04-03T02:37:38.845+0600][43.202s][info][gc,task     ] GC(26) Using 6 of 6 workers for init marking
[2026-04-03T02:37:38.846+0600][43.202s][info][gc,ergo     ] GC(26) Pacer for Mark. Expected Live: 94058K, Free: 633M, Non-Taxable: 64862K, Alloc Tax Rate: 0.2x
[2026-04-03T02:37:38.846+0600][43.202s][info][gc          ] GC(26) Pause Init Mark (unload classes) 0.220ms
[2026-04-03T02:37:38.846+0600][43.202s][info][gc,start    ] GC(26) Concurrent marking roots
[2026-04-03T02:37:38.846+0600][43.202s][info][gc,task     ] GC(26) Using 3 of 6 workers for concurrent marking roots
[2026-04-03T02:37:38.847+0600][43.204s][info][gc          ] GC(26) Concurrent marking roots 1.610ms
[2026-04-03T02:37:38.847+0600][43.204s][info][gc,start    ] GC(26) Concurrent marking (unload classes)
[2026-04-03T02:37:38.847+0600][43.204s][info][gc,task     ] GC(26) Using 3 of 6 workers for concurrent marking
[2026-04-03T02:37:38.895+0600][43.251s][info][gc          ] GC(26) Concurrent marking (unload classes) 47.672ms
[2026-04-03T02:37:38.895+0600][43.252s][info][gc,start    ] GC(26) Pause Final Mark (unload classes)
[2026-04-03T02:37:38.895+0600][43.252s][info][gc,task     ] GC(26) Using 6 of 6 workers for final marking
[2026-04-03T02:37:38.896+0600][43.252s][info][gc,ergo     ] GC(26) Adaptive CSet Selection. Target Free: 212M, Actual Free: 1249M, Max CSet: 64000K, Min Garbage: 0B
[2026-04-03T02:37:38.896+0600][43.252s][info][gc,ergo     ] GC(26) Collectable Garbage: 625M (98%), Immediate: 560M (88%), CSet: 66498K (10%)
[2026-04-03T02:37:38.896+0600][43.252s][info][gc,ergo     ] GC(26) Pacer for Evacuation. Used CSet: 72291K, Free: 1246M, Non-Taxable: 124M, Alloc Tax Rate: 1.1x
[2026-04-03T02:37:38.896+0600][43.252s][info][gc          ] GC(26) Pause Final Mark (unload classes) 0.556ms
[2026-04-03T02:37:38.896+0600][43.252s][info][gc,start    ] GC(26) Concurrent thread roots
[2026-04-03T02:37:38.896+0600][43.252s][info][gc,task     ] GC(26) Using 3 of 6 workers for Concurrent thread roots
[2026-04-03T02:37:38.897+0600][43.253s][info][gc          ] GC(26) Concurrent thread roots 0.999ms
[2026-04-03T02:37:38.897+0600][43.253s][info][gc,start    ] GC(26) Concurrent weak references
[2026-04-03T02:37:38.897+0600][43.253s][info][gc,task     ] GC(26) Using 3 of 6 workers for concurrent weak references
[2026-04-03T02:37:38.898+0600][43.254s][info][gc,ref      ] GC(26) Encountered references: Soft: 3872, Weak: 14680, Final: 84, Phantom: 620
[2026-04-03T02:37:38.898+0600][43.254s][info][gc,ref      ] GC(26) Discovered  references: Soft: 0, Weak: 3776, Final: 0, Phantom: 615
[2026-04-03T02:37:38.898+0600][43.254s][info][gc,ref      ] GC(26) Enqueued    references: Soft: 0, Weak: 244, Final: 0, Phantom: 0
[2026-04-03T02:37:38.898+0600][43.254s][info][gc          ] GC(26) Concurrent weak references 0.632ms
[2026-04-03T02:37:38.898+0600][43.254s][info][gc,start    ] GC(26) Concurrent weak roots
[2026-04-03T02:37:38.898+0600][43.254s][info][gc,task     ] GC(26) Using 3 of 6 workers for concurrent weak root
[2026-04-03T02:37:38.902+0600][43.258s][info][gc          ] GC(26) Concurrent weak roots 4.312ms
[2026-04-03T02:37:38.902+0600][43.258s][info][gc,start    ] GC(26) Concurrent cleanup
[2026-04-03T02:37:38.903+0600][43.259s][info][gc          ] GC(26) Concurrent cleanup 740M->180M(1357M) 0.697ms
[2026-04-03T02:37:38.903+0600][43.259s][info][gc,ergo     ] GC(26) Free: 1240M, Max: 512K regular, 547M humongous, Frag: 56% external, 0% internal; Reserve: 76377K, Max: 512K
[2026-04-03T02:37:38.903+0600][43.259s][info][gc,start    ] GC(26) Concurrent class unloading
[2026-04-03T02:37:38.903+0600][43.259s][info][gc,task     ] GC(26) Using 3 of 6 workers for concurrent class unloading
[2026-04-03T02:37:38.918+0600][43.274s][info][gc          ] GC(26) Concurrent class unloading 14.987ms
[2026-04-03T02:37:38.918+0600][43.274s][info][gc,start    ] GC(26) Concurrent strong roots
[2026-04-03T02:37:38.918+0600][43.274s][info][gc,task     ] GC(26) Using 3 of 6 workers for concurrent strong root
[2026-04-03T02:37:38.920+0600][43.276s][info][gc          ] GC(26) Concurrent strong roots 1.914ms
[2026-04-03T02:37:38.920+0600][43.276s][info][gc,start    ] GC(26) Concurrent evacuation
[2026-04-03T02:37:38.920+0600][43.276s][info][gc,task     ] GC(26) Using 3 of 6 workers for concurrent evacuation
[2026-04-03T02:37:38.923+0600][43.279s][info][gc          ] GC(26) Concurrent evacuation 2.938ms
[2026-04-03T02:37:38.923+0600][43.279s][info][gc,start    ] GC(26) Pause Init Update Refs
[2026-04-03T02:37:38.923+0600][43.279s][info][gc,ergo     ] GC(26) Pacer for Update Refs. Used: 208M, Free: 1217M, Non-Taxable: 121M, Alloc Tax Rate: 1.1x
[2026-04-03T02:37:38.923+0600][43.280s][info][gc          ] GC(26) Pause Init Update Refs 0.143ms
[2026-04-03T02:37:38.923+0600][43.280s][info][gc,start    ] GC(26) Concurrent update references
[2026-04-03T02:37:38.923+0600][43.280s][info][gc,task     ] GC(26) Using 3 of 6 workers for concurrent reference update
[2026-04-03T02:37:38.964+0600][43.321s][info][gc          ] GC(26) Concurrent update references 41.125ms
[2026-04-03T02:37:38.965+0600][43.321s][info][gc,start    ] GC(26) Concurrent update thread roots
[2026-04-03T02:37:38.966+0600][43.322s][info][gc          ] GC(26) Concurrent update thread roots 1.477ms
[2026-04-03T02:37:38.966+0600][43.323s][info][gc,start    ] GC(26) Pause Final Update Refs
[2026-04-03T02:37:38.966+0600][43.323s][info][gc,task     ] GC(26) Using 6 of 6 workers for final reference update
[2026-04-03T02:37:38.967+0600][43.323s][info][gc          ] GC(26) Pause Final Update Refs 0.243ms
[2026-04-03T02:37:38.967+0600][43.323s][info][gc,start    ] GC(26) Concurrent cleanup
[2026-04-03T02:37:38.967+0600][43.324s][info][gc          ] GC(26) Concurrent cleanup 233M->163M(1357M) 0.607ms
[2026-04-03T02:37:38.967+0600][43.324s][info][gc,ergo     ] Free: 1249M, Max: 512K regular, 750M humongous, Frag: 40% external, 0% internal; Reserve: 76800K, Max: 512K
[2026-04-03T02:37:38.967+0600][43.324s][info][gc,stats    ] 
[2026-04-03T02:37:38.967+0600][43.324s][info][gc,stats    ] All times are wall-clock times, except per-root-class counters, that are sum over
[2026-04-03T02:37:38.967+0600][43.324s][info][gc,stats    ] all workers. Dividing the <total> over the root stage time estimates parallelism.
[2026-04-03T02:37:38.967+0600][43.324s][info][gc,stats    ] 
[2026-04-03T02:37:38.968+0600][43.324s][info][gc,stats    ] Concurrent Reset                   1694 us
[2026-04-03T02:37:38.968+0600][43.324s][info][gc,stats    ] Pause Init Mark (G)                 450 us
[2026-04-03T02:37:38.968+0600][43.324s][info][gc,stats    ] Pause Init Mark (N)                 232 us
[2026-04-03T02:37:38.968+0600][43.324s][info][gc,stats    ]   Update Region States               54 us
[2026-04-03T02:37:38.968+0600][43.324s][info][gc,stats    ] Concurrent Mark Roots              1657 us, parallelism: 2.06x
[2026-04-03T02:37:38.968+0600][43.324s][info][gc,stats    ]   CMR: <total>                     3418 us
[2026-04-03T02:37:38.968+0600][43.324s][info][gc,stats    ]   CMR: Thread Roots                3058 us, workers (us): 823, 1127, 1108, ---, ---, ---, 
[2026-04-03T02:37:38.968+0600][43.324s][info][gc,stats    ]   CMR: VM Strong Roots               58 us, workers (us):  31,  26,   1, ---, ---, ---, 
[2026-04-03T02:37:38.968+0600][43.324s][info][gc,stats    ]   CMR: CLDG Roots                   301 us, workers (us): 301, ---, ---, ---, ---, ---, 
[2026-04-03T02:37:38.968+0600][43.324s][info][gc,stats    ] Concurrent Marking                47743 us
[2026-04-03T02:37:38.968+0600][43.324s][info][gc,stats    ] Pause Final Mark (G)                858 us
[2026-04-03T02:37:38.968+0600][43.324s][info][gc,stats    ] Pause Final Mark (N)                566 us
[2026-04-03T02:37:38.968+0600][43.324s][info][gc,stats    ]   Finish Mark                       246 us
[2026-04-03T02:37:38.968+0600][43.324s][info][gc,stats    ]   Update Region States               38 us
[2026-04-03T02:37:38.968+0600][43.324s][info][gc,stats    ]   Choose Collection Set             158 us
[2026-04-03T02:37:38.968+0600][43.324s][info][gc,stats    ]   Rebuild Free Set                   34 us
[2026-04-03T02:37:38.968+0600][43.324s][info][gc,stats    ] Concurrent Thread Roots            1022 us, parallelism: 2.47x
[2026-04-03T02:37:38.968+0600][43.324s][info][gc,stats    ]   CTR: <total>                     2523 us
[2026-04-03T02:37:38.968+0600][43.324s][info][gc,stats    ]   CTR: Thread Roots                2523 us, workers (us): 867, 867, 789, ---, ---, ---, 
[2026-04-03T02:37:38.968+0600][43.324s][info][gc,stats    ] Concurrent Weak References          642 us, parallelism: 0.89x
[2026-04-03T02:37:38.968+0600][43.324s][info][gc,stats    ]   CWRF: <total>                     570 us
[2026-04-03T02:37:38.968+0600][43.324s][info][gc,stats    ]   CWRF: Weak References             570 us, workers (us): 349,  73, 149, ---, ---, ---, 
[2026-04-03T02:37:38.968+0600][43.324s][info][gc,stats    ] Concurrent Weak Roots              4388 us
[2026-04-03T02:37:38.968+0600][43.324s][info][gc,stats    ]   Roots                            3849 us, parallelism: 2.65x
[2026-04-03T02:37:38.968+0600][43.324s][info][gc,stats    ]     CWR: <total>                  10191 us
[2026-04-03T02:37:38.968+0600][43.324s][info][gc,stats    ]     CWR: Code Cache Roots          7743 us, workers (us): 2732, 2539, 2472, ---, ---, ---, 
[2026-04-03T02:37:38.968+0600][43.324s][info][gc,stats    ]     CWR: VM Weak Roots             2209 us, workers (us): 744, 742, 724, ---, ---, ---, 
[2026-04-03T02:37:38.968+0600][43.324s][info][gc,stats    ]     CWR: CLDG Roots                 239 us, workers (us): ---, ---, 239, ---, ---, ---, 
[2026-04-03T02:37:38.968+0600][43.324s][info][gc,stats    ]   Rendezvous                        440 us
[2026-04-03T02:37:38.968+0600][43.324s][info][gc,stats    ] Concurrent Cleanup                  712 us
[2026-04-03T02:37:38.968+0600][43.324s][info][gc,stats    ] Concurrent Class Unloading        15075 us
[2026-04-03T02:37:38.968+0600][43.324s][info][gc,stats    ]   Unlink Stale                    13872 us
[2026-04-03T02:37:38.968+0600][43.324s][info][gc,stats    ]     System Dictionary               246 us
[2026-04-03T02:37:38.968+0600][43.324s][info][gc,stats    ]     Weak Class Links                  0 us
[2026-04-03T02:37:38.968+0600][43.324s][info][gc,stats    ]     Code Roots                    13622 us
[2026-04-03T02:37:38.968+0600][43.324s][info][gc,stats    ]   Rendezvous                        278 us
[2026-04-03T02:37:38.968+0600][43.324s][info][gc,stats    ]   Purge Unlinked                    810 us
[2026-04-03T02:37:38.968+0600][43.324s][info][gc,stats    ]     Code Roots                      796 us
[2026-04-03T02:37:38.968+0600][43.324s][info][gc,stats    ]     CLDG                             12 us
[2026-04-03T02:37:38.968+0600][43.324s][info][gc,stats    ]     Exception Caches                  1 us
[2026-04-03T02:37:38.968+0600][43.324s][info][gc,stats    ] Concurrent Strong Roots            1993 us, parallelism: 0.72x
[2026-04-03T02:37:38.968+0600][43.324s][info][gc,stats    ]   CSR: <total>                     1443 us
[2026-04-03T02:37:38.968+0600][43.324s][info][gc,stats    ]   CSR: VM Strong Roots               84 us, workers (us):  29,  26,  29, ---, ---, ---, 
[2026-04-03T02:37:38.968+0600][43.324s][info][gc,stats    ]   CSR: CLDG Roots                  1358 us, workers (us): ---, 1358, ---, ---, ---, ---, 
[2026-04-03T02:37:38.968+0600][43.324s][info][gc,stats    ] Concurrent Evacuation              2981 us
[2026-04-03T02:37:38.968+0600][43.324s][info][gc,stats    ] Pause Init Update Refs (G)          510 us
[2026-04-03T02:37:38.968+0600][43.324s][info][gc,stats    ] Pause Init Update Refs (N)          156 us
[2026-04-03T02:37:38.968+0600][43.324s][info][gc,stats    ]   Manage GCLABs                      52 us
[2026-04-03T02:37:38.968+0600][43.324s][info][gc,stats    ] Concurrent Update Refs            41242 us
[2026-04-03T02:37:38.968+0600][43.324s][info][gc,stats    ] Concurrent Update Thread Roots     1551 us
[2026-04-03T02:37:38.968+0600][43.324s][info][gc,stats    ] Pause Final Update Refs (G)         563 us
[2026-04-03T02:37:38.968+0600][43.324s][info][gc,stats    ] Pause Final Update Refs (N)         258 us
[2026-04-03T02:37:38.968+0600][43.324s][info][gc,stats    ]   Update Region States               55 us
[2026-04-03T02:37:38.968+0600][43.324s][info][gc,stats    ]   Trash Collection Set               14 us
[2026-04-03T02:37:38.968+0600][43.324s][info][gc,stats    ]   Rebuild Free Set                   49 us
[2026-04-03T02:37:38.968+0600][43.324s][info][gc,stats    ] Concurrent Cleanup                  626 us
[2026-04-03T02:37:38.968+0600][43.324s][info][gc,stats    ] 
[2026-04-03T02:37:38.968+0600][43.324s][info][gc,stats    ] Allocation pacing accrued:
[2026-04-03T02:37:38.968+0600][43.324s][info][gc,stats    ]       0 of   227 ms (  0.0%): <total>
[2026-04-03T02:37:38.968+0600][43.324s][info][gc,stats    ]       0 of   227 ms (  0.0%): <average total>
[2026-04-03T02:37:38.968+0600][43.324s][info][gc,stats    ] 
[2026-04-03T02:37:38.968+0600][43.325s][info][gc,metaspace] Metaspace: 130980K(132096K)->130993K(132160K) NonClass: 114439K(115008K)->114450K(115072K) Class: 16541K(17088K)->16542K(17088K)
[2026-04-03T02:37:38.968+0600][43.325s][info][gc,ergo     ] Pacer for Idle. Initial: 30720K, Alloc Tax Rate: 1.0x
[2026-04-03T02:37:39.970+0600][44.327s][info][gc          ] Trigger: Average GC time (171.48 ms) is above the time for average allocation rate (1141 MB/s) to deplete free headroom (194M) (margin of error = 1.86)
[2026-04-03T02:37:39.970+0600][44.327s][info][gc,ergo     ] Free headroom: 269M (free) - 76800K (spike) - 0B (penalties) = 194M
[2026-04-03T02:37:39.970+0600][44.327s][info][gc,ergo     ] Free: 269M, Max: 512K regular, 268M humongous, Frag: 0% external, 0% internal; Reserve: 76800K, Max: 512K
[2026-04-03T02:37:39.971+0600][44.327s][info][gc,start    ] GC(27) Concurrent reset
[2026-04-03T02:37:39.971+0600][44.327s][info][gc,task     ] GC(27) Using 3 of 6 workers for concurrent reset
[2026-04-03T02:37:39.971+0600][44.327s][info][gc,ergo     ] GC(27) Pacer for Reset. Non-Taxable: 1500M
[2026-04-03T02:37:39.971+0600][44.328s][info][gc          ] GC(27) Concurrent reset 0.894ms
[2026-04-03T02:37:39.972+0600][44.328s][info][gc,start    ] GC(27) Pause Init Mark (unload classes)
[2026-04-03T02:37:39.972+0600][44.328s][info][gc,task     ] GC(27) Using 6 of 6 workers for init marking
[2026-04-03T02:37:39.972+0600][44.328s][info][gc,ergo     ] GC(27) Pacer for Mark. Expected Live: 93421K, Free: 269M, Non-Taxable: 27548K, Alloc Tax Rate: 0.4x
[2026-04-03T02:37:39.972+0600][44.328s][info][gc          ] GC(27) Pause Init Mark (unload classes) 0.131ms
[2026-04-03T02:37:39.972+0600][44.328s][info][gc,start    ] GC(27) Concurrent marking roots
[2026-04-03T02:37:39.972+0600][44.328s][info][gc,task     ] GC(27) Using 3 of 6 workers for concurrent marking roots
[2026-04-03T02:37:39.974+0600][44.330s][info][gc          ] GC(27) Concurrent marking roots 1.756ms
[2026-04-03T02:37:39.974+0600][44.330s][info][gc,start    ] GC(27) Concurrent marking (unload classes)
[2026-04-03T02:37:39.974+0600][44.330s][info][gc,task     ] GC(27) Using 3 of 6 workers for concurrent marking
[2026-04-03T02:37:40.035+0600][44.391s][info][gc          ] GC(27) Concurrent marking (unload classes) 60.955ms
[2026-04-03T02:37:40.035+0600][44.391s][info][gc,start    ] GC(27) Pause Final Mark (unload classes)
[2026-04-03T02:37:40.035+0600][44.391s][info][gc,task     ] GC(27) Using 6 of 6 workers for final marking
[2026-04-03T02:37:40.035+0600][44.392s][info][gc,ergo     ] GC(27) Adaptive CSet Selection. Target Free: 212M, Actual Free: 1020M, Max CSet: 64000K, Min Garbage: 0B
[2026-04-03T02:37:40.036+0600][44.392s][info][gc,ergo     ] GC(27) Collectable Garbage: 958M (99%), Immediate: 722M (74%), CSet: 235M (24%)
[2026-04-03T02:37:40.036+0600][44.392s][info][gc,ergo     ] GC(27) Pacer for Evacuation. Used CSet: 243M, Free: 1044M, Non-Taxable: 104M, Alloc Tax Rate: 1.1x
[2026-04-03T02:37:40.036+0600][44.392s][info][gc          ] GC(27) Pause Final Mark (unload classes) 0.858ms
[2026-04-03T02:37:40.036+0600][44.392s][info][gc,start    ] GC(27) Concurrent thread roots
[2026-04-03T02:37:40.036+0600][44.392s][info][gc,task     ] GC(27) Using 3 of 6 workers for Concurrent thread roots
[2026-04-03T02:37:40.037+0600][44.394s][info][gc          ] GC(27) Concurrent thread roots 1.522ms
[2026-04-03T02:37:40.038+0600][44.394s][info][gc,start    ] GC(27) Concurrent weak references
[2026-04-03T02:37:40.038+0600][44.394s][info][gc,task     ] GC(27) Using 3 of 6 workers for concurrent weak references
[2026-04-03T02:37:40.039+0600][44.395s][info][gc,ref      ] GC(27) Encountered references: Soft: 3876, Weak: 16083, Final: 84, Phantom: 620
[2026-04-03T02:37:40.039+0600][44.395s][info][gc,ref      ] GC(27) Discovered  references: Soft: 0, Weak: 8844, Final: 1, Phantom: 583
[2026-04-03T02:37:40.039+0600][44.395s][info][gc,ref      ] GC(27) Enqueued    references: Soft: 0, Weak: 402, Final: 0, Phantom: 0
[2026-04-03T02:37:40.039+0600][44.395s][info][gc          ] GC(27) Concurrent weak references 1.304ms
[2026-04-03T02:37:40.039+0600][44.395s][info][gc,start    ] GC(27) Concurrent weak roots
[2026-04-03T02:37:40.039+0600][44.395s][info][gc,task     ] GC(27) Using 3 of 6 workers for concurrent weak root
[2026-04-03T02:37:40.045+0600][44.401s][info][gc          ] GC(27) Concurrent weak roots 5.899ms
[2026-04-03T02:37:40.045+0600][44.401s][info][gc,start    ] GC(27) Concurrent cleanup
[2026-04-03T02:37:40.046+0600][44.402s][info][gc          ] GC(27) Concurrent cleanup 1105M->383M(1357M) 0.689ms
[2026-04-03T02:37:40.046+0600][44.402s][info][gc,ergo     ] GC(27) Free: 1034M, Max: 512K regular, 214M humongous, Frag: 80% external, 0% internal; Reserve: 76350K, Max: 512K
[2026-04-03T02:37:40.046+0600][44.402s][info][gc,start    ] GC(27) Concurrent class unloading
[2026-04-03T02:37:40.046+0600][44.402s][info][gc,task     ] GC(27) Using 3 of 6 workers for concurrent class unloading
[2026-04-03T02:37:40.074+0600][44.430s][info][gc          ] GC(27) Concurrent class unloading 28.211ms
[2026-04-03T02:37:40.074+0600][44.430s][info][gc,start    ] GC(27) Concurrent strong roots
[2026-04-03T02:37:40.074+0600][44.430s][info][gc,task     ] GC(27) Using 3 of 6 workers for concurrent strong root
[2026-04-03T02:37:40.076+0600][44.432s][info][gc          ] GC(27) Concurrent strong roots 1.536ms
[2026-04-03T02:37:40.076+0600][44.432s][info][gc,start    ] GC(27) Concurrent evacuation
[2026-04-03T02:37:40.076+0600][44.432s][info][gc,task     ] GC(27) Using 3 of 6 workers for concurrent evacuation
[2026-04-03T02:37:40.080+0600][44.436s][info][gc          ] GC(27) Concurrent evacuation 4.527ms
[2026-04-03T02:37:40.081+0600][44.437s][info][gc,start    ] GC(27) Pause Init Update Refs
[2026-04-03T02:37:40.081+0600][44.437s][info][gc,ergo     ] GC(27) Pacer for Update Refs. Used: 409M, Free: 1013M, Non-Taxable: 101M, Alloc Tax Rate: 1.1x
[2026-04-03T02:37:40.081+0600][44.437s][info][gc          ] GC(27) Pause Init Update Refs 0.150ms
[2026-04-03T02:37:40.081+0600][44.437s][info][gc,start    ] GC(27) Concurrent update references
[2026-04-03T02:37:40.081+0600][44.437s][info][gc,task     ] GC(27) Using 3 of 6 workers for concurrent reference update
[2026-04-03T02:37:40.126+0600][44.482s][info][gc          ] GC(27) Concurrent update references 44.845ms
[2026-04-03T02:37:40.126+0600][44.482s][info][gc,start    ] GC(27) Concurrent update thread roots
[2026-04-03T02:37:40.130+0600][44.486s][info][gc          ] GC(27) Concurrent update thread roots 3.919ms
[2026-04-03T02:37:40.130+0600][44.486s][info][gc,start    ] GC(27) Pause Final Update Refs
[2026-04-03T02:37:40.130+0600][44.486s][info][gc,task     ] GC(27) Using 6 of 6 workers for final reference update
[2026-04-03T02:37:40.130+0600][44.487s][info][gc          ] GC(27) Pause Final Update Refs 0.185ms
[2026-04-03T02:37:40.130+0600][44.487s][info][gc,start    ] GC(27) Concurrent cleanup
[2026-04-03T02:37:40.131+0600][44.487s][info][gc          ] GC(27) Concurrent cleanup 428M->184M(1357M) 0.657ms
[2026-04-03T02:37:40.131+0600][44.487s][info][gc,ergo     ] Free: 1228M, Max: 512K regular, 802M humongous, Frag: 35% external, 0% internal; Reserve: 76800K, Max: 512K
[2026-04-03T02:37:40.131+0600][44.487s][info][gc,stats    ] 
[2026-04-03T02:37:40.131+0600][44.487s][info][gc,stats    ] All times are wall-clock times, except per-root-class counters, that are sum over
[2026-04-03T02:37:40.131+0600][44.487s][info][gc,stats    ] all workers. Dividing the <total> over the root stage time estimates parallelism.
[2026-04-03T02:37:40.131+0600][44.488s][info][gc,stats    ] 
[2026-04-03T02:37:40.131+0600][44.488s][info][gc,stats    ] Concurrent Reset                    951 us
[2026-04-03T02:37:40.131+0600][44.488s][info][gc,stats    ] Pause Init Mark (G)                 365 us
[2026-04-03T02:37:40.131+0600][44.488s][info][gc,stats    ] Pause Init Mark (N)                 140 us
[2026-04-03T02:37:40.131+0600][44.488s][info][gc,stats    ]   Update Region States               30 us
[2026-04-03T02:37:40.131+0600][44.488s][info][gc,stats    ] Concurrent Mark Roots              1783 us, parallelism: 2.34x
[2026-04-03T02:37:40.131+0600][44.488s][info][gc,stats    ]   CMR: <total>                     4164 us
[2026-04-03T02:37:40.131+0600][44.488s][info][gc,stats    ]   CMR: Thread Roots                3891 us, workers (us): 1141, 1381, 1369, ---, ---, ---, 
[2026-04-03T02:37:40.131+0600][44.488s][info][gc,stats    ]   CMR: VM Strong Roots               54 us, workers (us):  21,  20,  13, ---, ---, ---, 
[2026-04-03T02:37:40.131+0600][44.488s][info][gc,stats    ]   CMR: CLDG Roots                   219 us, workers (us): 219, ---, ---, ---, ---, ---, 
[2026-04-03T02:37:40.131+0600][44.488s][info][gc,stats    ] Concurrent Marking                61090 us
[2026-04-03T02:37:40.131+0600][44.488s][info][gc,stats    ] Pause Final Mark (G)               1190 us
[2026-04-03T02:37:40.131+0600][44.488s][info][gc,stats    ] Pause Final Mark (N)                871 us
[2026-04-03T02:37:40.131+0600][44.488s][info][gc,stats    ]   Finish Mark                       317 us
[2026-04-03T02:37:40.131+0600][44.488s][info][gc,stats    ]   Update Region States               62 us
[2026-04-03T02:37:40.132+0600][44.488s][info][gc,stats    ]   Choose Collection Set             309 us
[2026-04-03T02:37:40.132+0600][44.488s][info][gc,stats    ]   Rebuild Free Set                   72 us
[2026-04-03T02:37:40.132+0600][44.488s][info][gc,stats    ] Concurrent Thread Roots            1595 us, parallelism: 2.48x
[2026-04-03T02:37:40.132+0600][44.488s][info][gc,stats    ]   CTR: <total>                     3960 us
[2026-04-03T02:37:40.132+0600][44.488s][info][gc,stats    ]   CTR: Thread Roots                3960 us, workers (us): 1353, 1326, 1280, ---, ---, ---, 
[2026-04-03T02:37:40.132+0600][44.488s][info][gc,stats    ] Concurrent Weak References         1351 us, parallelism: 1.23x
[2026-04-03T02:37:40.132+0600][44.488s][info][gc,stats    ]   CWRF: <total>                    1656 us
[2026-04-03T02:37:40.132+0600][44.488s][info][gc,stats    ]   CWRF: Weak References            1656 us, workers (us): 372, 351, 933, ---, ---, ---, 
[2026-04-03T02:37:40.132+0600][44.488s][info][gc,stats    ] Concurrent Weak Roots              6001 us
[2026-04-03T02:37:40.132+0600][44.488s][info][gc,stats    ]   Roots                            5171 us, parallelism: 2.73x
[2026-04-03T02:37:40.132+0600][44.488s][info][gc,stats    ]     CWR: <total>                  14130 us
[2026-04-03T02:37:40.132+0600][44.488s][info][gc,stats    ]     CWR: Code Cache Roots         10575 us, workers (us): 3635, 3369, 3570, ---, ---, ---, 
[2026-04-03T02:37:40.132+0600][44.488s][info][gc,stats    ]     CWR: VM Weak Roots             3315 us, workers (us): 1119, 1108, 1088, ---, ---, ---, 
[2026-04-03T02:37:40.132+0600][44.488s][info][gc,stats    ]     CWR: CLDG Roots                 240 us, workers (us): ---, 240, ---, ---, ---, ---, 
[2026-04-03T02:37:40.132+0600][44.488s][info][gc,stats    ]   Rendezvous                        689 us
[2026-04-03T02:37:40.132+0600][44.488s][info][gc,stats    ] Concurrent Cleanup                  731 us
[2026-04-03T02:37:40.132+0600][44.488s][info][gc,stats    ] Concurrent Class Unloading        28328 us
[2026-04-03T02:37:40.132+0600][44.488s][info][gc,stats    ]   Unlink Stale                    23834 us
[2026-04-03T02:37:40.132+0600][44.488s][info][gc,stats    ]     System Dictionary               333 us
[2026-04-03T02:37:40.132+0600][44.488s][info][gc,stats    ]     Weak Class Links                  0 us
[2026-04-03T02:37:40.132+0600][44.488s][info][gc,stats    ]     Code Roots                    23495 us
[2026-04-03T02:37:40.132+0600][44.488s][info][gc,stats    ]   Rendezvous                        476 us
[2026-04-03T02:37:40.132+0600][44.488s][info][gc,stats    ]   Purge Unlinked                   3828 us
[2026-04-03T02:37:40.132+0600][44.488s][info][gc,stats    ]     Code Roots                     3810 us
[2026-04-03T02:37:40.132+0600][44.488s][info][gc,stats    ]     CLDG                             16 us
[2026-04-03T02:37:40.132+0600][44.488s][info][gc,stats    ]     Exception Caches                  0 us
[2026-04-03T02:37:40.132+0600][44.488s][info][gc,stats    ] Concurrent Strong Roots            1631 us, parallelism: 0.67x
[2026-04-03T02:37:40.132+0600][44.488s][info][gc,stats    ]   CSR: <total>                     1091 us
[2026-04-03T02:37:40.132+0600][44.488s][info][gc,stats    ]   CSR: VM Strong Roots               59 us, workers (us):  53,   7,   0, ---, ---, ---, 
[2026-04-03T02:37:40.132+0600][44.488s][info][gc,stats    ]   CSR: CLDG Roots                  1031 us, workers (us): 1031, ---, ---, ---, ---, ---, 
[2026-04-03T02:37:40.132+0600][44.488s][info][gc,stats    ] Concurrent Evacuation              4698 us
[2026-04-03T02:37:40.132+0600][44.488s][info][gc,stats    ] Pause Init Update Refs (G)          472 us
[2026-04-03T02:37:40.132+0600][44.488s][info][gc,stats    ] Pause Init Update Refs (N)          168 us
[2026-04-03T02:37:40.132+0600][44.488s][info][gc,stats    ]   Manage GCLABs                      68 us
[2026-04-03T02:37:40.132+0600][44.488s][info][gc,stats    ] Concurrent Update Refs            45046 us
[2026-04-03T02:37:40.132+0600][44.488s][info][gc,stats    ] Concurrent Update Thread Roots     4042 us
[2026-04-03T02:37:40.132+0600][44.488s][info][gc,stats    ] Pause Final Update Refs (G)         499 us
[2026-04-03T02:37:40.132+0600][44.488s][info][gc,stats    ] Pause Final Update Refs (N)         210 us
[2026-04-03T02:37:40.132+0600][44.488s][info][gc,stats    ]   Update Region States               65 us
[2026-04-03T02:37:40.132+0600][44.488s][info][gc,stats    ]   Trash Collection Set               23 us
[2026-04-03T02:37:40.132+0600][44.488s][info][gc,stats    ]   Rebuild Free Set                   49 us
[2026-04-03T02:37:40.132+0600][44.488s][info][gc,stats    ] Concurrent Cleanup                  695 us
[2026-04-03T02:37:40.132+0600][44.488s][info][gc,stats    ] Pacing                            91496 us
[2026-04-03T02:37:40.132+0600][44.488s][info][gc,stats    ] 
[2026-04-03T02:37:40.132+0600][44.488s][info][gc,stats    ] Allocation pacing accrued:
[2026-04-03T02:37:40.132+0600][44.488s][info][gc,stats    ]      12 of  1164 ms (  1.0%): Executor task launch worker for task 0.0 in stage 1105.0 (TID 2235)
[2026-04-03T02:37:40.132+0600][44.488s][info][gc,stats    ]      11 of  1164 ms (  1.0%): Executor task launch worker for task 3.0 in stage 1105.0 (TID 2238)
[2026-04-03T02:37:40.132+0600][44.488s][info][gc,stats    ]      12 of  1164 ms (  1.0%): Executor task launch worker for task 6.0 in stage 1105.0 (TID 2241)
[2026-04-03T02:37:40.132+0600][44.488s][info][gc,stats    ]      12 of  1164 ms (  1.0%): Executor task launch worker for task 2.0 in stage 1105.0 (TID 2237)
[2026-04-03T02:37:40.132+0600][44.488s][info][gc,stats    ]      11 of  1164 ms (  1.0%): Executor task launch worker for task 4.0 in stage 1105.0 (TID 2239)
[2026-04-03T02:37:40.132+0600][44.488s][info][gc,stats    ]      11 of  1164 ms (  1.0%): Executor task launch worker for task 1.0 in stage 1105.0 (TID 2236)
[2026-04-03T02:37:40.132+0600][44.488s][info][gc,stats    ]      11 of  1164 ms (  1.0%): Executor task launch worker for task 5.0 in stage 1105.0 (TID 2240)
[2026-04-03T02:37:40.132+0600][44.488s][info][gc,stats    ]      11 of  1164 ms (  1.0%): Executor task launch worker for task 7.0 in stage 1105.0 (TID 2242)
[2026-04-03T02:37:40.132+0600][44.488s][info][gc,stats    ]      91 of  1164 ms (  7.9%): <total>
[2026-04-03T02:37:40.132+0600][44.489s][info][gc,stats    ]       0 of  1164 ms (  0.0%): <average total>
[2026-04-03T02:37:40.132+0600][44.489s][info][gc,stats    ]      11 of  1164 ms (  1.0%): <average non-zero>
[2026-04-03T02:37:40.132+0600][44.489s][info][gc,stats    ] 
[2026-04-03T02:37:40.132+0600][44.489s][info][gc,metaspace] Metaspace: 131026K(132224K)->131034K(132224K) NonClass: 114484K(115136K)->114491K(115136K) Class: 16542K(17088K)->16543K(17088K)
[2026-04-03T02:37:40.132+0600][44.489s][info][gc,ergo     ] Pacer for Idle. Initial: 30720K, Alloc Tax Rate: 1.0x
[2026-04-03T02:37:40.737+0600][45.093s][info][gc          ] Trigger: Average GC time (183.43 ms) is above the time for average allocation rate (2544 MB/s) to deplete free headroom (276M) (margin of error = 1.85)
[2026-04-03T02:37:40.737+0600][45.093s][info][gc,ergo     ] Free headroom: 351M (free) - 76800K (spike) - 0B (penalties) = 276M
[2026-04-03T02:37:40.737+0600][45.093s][info][gc,ergo     ] Free: 351M, Max: 512K regular, 210M humongous, Frag: 41% external, 0% internal; Reserve: 76800K, Max: 512K
[2026-04-03T02:37:40.737+0600][45.093s][info][gc,start    ] GC(28) Concurrent reset
[2026-04-03T02:37:40.737+0600][45.093s][info][gc,task     ] GC(28) Using 3 of 6 workers for concurrent reset
[2026-04-03T02:37:40.737+0600][45.093s][info][gc,ergo     ] GC(28) Pacer for Reset. Non-Taxable: 1500M
[2026-04-03T02:37:40.738+0600][45.095s][info][gc          ] GC(28) Concurrent reset 1.097ms
[2026-04-03T02:37:40.739+0600][45.095s][info][gc,start    ] GC(28) Pause Init Mark (unload classes)
[2026-04-03T02:37:40.739+0600][45.095s][info][gc,task     ] GC(28) Using 6 of 6 workers for init marking
[2026-04-03T02:37:40.739+0600][45.095s][info][gc,ergo     ] GC(28) Pacer for Mark. Expected Live: 93700K, Free: 351M, Non-Taxable: 35982K, Alloc Tax Rate: 0.3x
[2026-04-03T02:37:40.739+0600][45.095s][info][gc          ] GC(28) Pause Init Mark (unload classes) 0.162ms
[2026-04-03T02:37:40.739+0600][45.095s][info][gc,start    ] GC(28) Concurrent marking roots
[2026-04-03T02:37:40.739+0600][45.095s][info][gc,task     ] GC(28) Using 3 of 6 workers for concurrent marking roots
[2026-04-03T02:37:40.740+0600][45.096s][info][gc          ] GC(28) Concurrent marking roots 1.212ms
[2026-04-03T02:37:40.740+0600][45.096s][info][gc,start    ] GC(28) Concurrent marking (unload classes)
[2026-04-03T02:37:40.740+0600][45.096s][info][gc,task     ] GC(28) Using 3 of 6 workers for concurrent marking
[2026-04-03T02:37:40.780+0600][45.136s][info][gc          ] GC(28) Concurrent marking (unload classes) 39.995ms
[2026-04-03T02:37:40.780+0600][45.137s][info][gc,start    ] GC(28) Pause Final Mark (unload classes)
[2026-04-03T02:37:40.780+0600][45.137s][info][gc,task     ] GC(28) Using 6 of 6 workers for final marking
[2026-04-03T02:37:40.781+0600][45.137s][info][gc,ergo     ] GC(28) Adaptive CSet Selection. Target Free: 212M, Actual Free: 1088M, Max CSet: 64000K, Min Garbage: 0B
[2026-04-03T02:37:40.781+0600][45.137s][info][gc,ergo     ] GC(28) Collectable Garbage: 895M (99%), Immediate: 723M (80%), CSet: 171M (19%)
[2026-04-03T02:37:40.781+0600][45.137s][info][gc,ergo     ] GC(28) Pacer for Evacuation. Used CSet: 179M, Free: 1093M, Non-Taxable: 109M, Alloc Tax Rate: 1.1x
[2026-04-03T02:37:40.781+0600][45.137s][info][gc          ] GC(28) Pause Final Mark (unload classes) 0.708ms
[2026-04-03T02:37:40.781+0600][45.137s][info][gc,start    ] GC(28) Concurrent thread roots
[2026-04-03T02:37:40.781+0600][45.137s][info][gc,task     ] GC(28) Using 3 of 6 workers for Concurrent thread roots
[2026-04-03T02:37:40.782+0600][45.138s][info][gc          ] GC(28) Concurrent thread roots 0.860ms
[2026-04-03T02:37:40.782+0600][45.138s][info][gc,start    ] GC(28) Concurrent weak references
[2026-04-03T02:37:40.782+0600][45.138s][info][gc,task     ] GC(28) Using 3 of 6 workers for concurrent weak references
[2026-04-03T02:37:40.783+0600][45.139s][info][gc,ref      ] GC(28) Encountered references: Soft: 3868, Weak: 16883, Final: 84, Phantom: 620
[2026-04-03T02:37:40.783+0600][45.139s][info][gc,ref      ] GC(28) Discovered  references: Soft: 0, Weak: 10416, Final: 84, Phantom: 565
[2026-04-03T02:37:40.783+0600][45.139s][info][gc,ref      ] GC(28) Enqueued    references: Soft: 0, Weak: 2516, Final: 0, Phantom: 0
[2026-04-03T02:37:40.783+0600][45.139s][info][gc          ] GC(28) Concurrent weak references 0.665ms
[2026-04-03T02:37:40.783+0600][45.139s][info][gc,start    ] GC(28) Concurrent weak roots
[2026-04-03T02:37:40.783+0600][45.139s][info][gc,task     ] GC(28) Using 3 of 6 workers for concurrent weak root
[2026-04-03T02:37:40.790+0600][45.146s][info][gc          ] GC(28) Concurrent weak roots 6.936ms
[2026-04-03T02:37:40.790+0600][45.146s][info][gc,start    ] GC(28) Concurrent cleanup
[2026-04-03T02:37:40.791+0600][45.147s][info][gc          ] GC(28) Concurrent cleanup 1145M->423M(1357M) 1.064ms
[2026-04-03T02:37:40.791+0600][45.147s][info][gc,ergo     ] GC(28) Free: 982M, Max: 512K regular, 218M humongous, Frag: 78% external, 0% internal; Reserve: 75702K, Max: 512K
[2026-04-03T02:37:40.791+0600][45.147s][info][gc,start    ] GC(28) Concurrent class unloading
[2026-04-03T02:37:40.791+0600][45.147s][info][gc,task     ] GC(28) Using 3 of 6 workers for concurrent class unloading
[2026-04-03T02:37:40.805+0600][45.161s][info][gc          ] GC(28) Concurrent class unloading 14.095ms
[2026-04-03T02:37:40.805+0600][45.161s][info][gc,start    ] GC(28) Concurrent strong roots
[2026-04-03T02:37:40.805+0600][45.161s][info][gc,task     ] GC(28) Using 3 of 6 workers for concurrent strong root
[2026-04-03T02:37:40.807+0600][45.163s][info][gc          ] GC(28) Concurrent strong roots 1.362ms
[2026-04-03T02:37:40.807+0600][45.163s][info][gc,start    ] GC(28) Concurrent evacuation
[2026-04-03T02:37:40.807+0600][45.163s][info][gc,task     ] GC(28) Using 3 of 6 workers for concurrent evacuation
[2026-04-03T02:37:40.809+0600][45.165s][info][gc          ] GC(28) Concurrent evacuation 2.603ms
[2026-04-03T02:37:40.810+0600][45.166s][info][gc,start    ] GC(28) Pause Init Update Refs
[2026-04-03T02:37:40.810+0600][45.166s][info][gc,ergo     ] GC(28) Pacer for Update Refs. Used: 438M, Free: 973M, Non-Taxable: 99720K, Alloc Tax Rate: 1.1x
[2026-04-03T02:37:40.810+0600][45.166s][info][gc          ] GC(28) Pause Init Update Refs 0.095ms
[2026-04-03T02:37:40.810+0600][45.166s][info][gc,start    ] GC(28) Concurrent update references
[2026-04-03T02:37:40.810+0600][45.166s][info][gc,task     ] GC(28) Using 3 of 6 workers for concurrent reference update
[2026-04-03T02:37:40.852+0600][45.208s][info][gc          ] GC(28) Concurrent update references 41.994ms
[2026-04-03T02:37:40.852+0600][45.208s][info][gc,start    ] GC(28) Concurrent update thread roots
[2026-04-03T02:37:40.854+0600][45.211s][info][gc          ] GC(28) Concurrent update thread roots 2.668ms
[2026-04-03T02:37:40.855+0600][45.211s][info][gc,start    ] GC(28) Pause Final Update Refs
[2026-04-03T02:37:40.855+0600][45.211s][info][gc,task     ] GC(28) Using 6 of 6 workers for final reference update
[2026-04-03T02:37:40.855+0600][45.211s][info][gc          ] GC(28) Pause Final Update Refs 0.222ms
[2026-04-03T02:37:40.855+0600][45.211s][info][gc,start    ] GC(28) Concurrent cleanup
[2026-04-03T02:37:40.856+0600][45.212s][info][gc          ] GC(28) Concurrent cleanup 571M->392M(1357M) 0.738ms
[2026-04-03T02:37:40.856+0600][45.212s][info][gc,ergo     ] Free: 995M, Max: 512K regular, 610M humongous, Frag: 39% external, 0% internal; Reserve: 76800K, Max: 512K
[2026-04-03T02:37:40.856+0600][45.212s][info][gc,stats    ] 
[2026-04-03T02:37:40.856+0600][45.212s][info][gc,stats    ] All times are wall-clock times, except per-root-class counters, that are sum over
[2026-04-03T02:37:40.856+0600][45.212s][info][gc,stats    ] all workers. Dividing the <total> over the root stage time estimates parallelism.
[2026-04-03T02:37:40.856+0600][45.212s][info][gc,stats    ] 
[2026-04-03T02:37:40.856+0600][45.212s][info][gc,stats    ] Concurrent Reset                   1148 us
[2026-04-03T02:37:40.856+0600][45.212s][info][gc,stats    ] Pause Init Mark (G)                 438 us
[2026-04-03T02:37:40.856+0600][45.212s][info][gc,stats    ] Pause Init Mark (N)                 169 us
[2026-04-03T02:37:40.856+0600][45.212s][info][gc,stats    ]   Update Region States               41 us
[2026-04-03T02:37:40.856+0600][45.212s][info][gc,stats    ] Concurrent Mark Roots              1274 us, parallelism: 1.82x
[2026-04-03T02:37:40.856+0600][45.212s][info][gc,stats    ]   CMR: <total>                     2317 us
[2026-04-03T02:37:40.856+0600][45.212s][info][gc,stats    ]   CMR: Thread Roots                1957 us, workers (us): 747, 757, 453, ---, ---, ---, 
[2026-04-03T02:37:40.856+0600][45.212s][info][gc,stats    ]   CMR: VM Strong Roots               50 us, workers (us):  18,  17,  16, ---, ---, ---, 
[2026-04-03T02:37:40.856+0600][45.212s][info][gc,stats    ]   CMR: CLDG Roots                   310 us, workers (us): ---, ---, 310, ---, ---, ---, 
[2026-04-03T02:37:40.856+0600][45.212s][info][gc,stats    ] Concurrent Marking                40056 us
[2026-04-03T02:37:40.856+0600][45.212s][info][gc,stats    ] Pause Final Mark (G)                943 us
[2026-04-03T02:37:40.856+0600][45.212s][info][gc,stats    ] Pause Final Mark (N)                720 us
[2026-04-03T02:37:40.856+0600][45.212s][info][gc,stats    ]   Finish Mark                       285 us
[2026-04-03T02:37:40.856+0600][45.212s][info][gc,stats    ]   Update Region States               68 us
[2026-04-03T02:37:40.856+0600][45.212s][info][gc,stats    ]   Choose Collection Set             200 us
[2026-04-03T02:37:40.856+0600][45.212s][info][gc,stats    ]   Rebuild Free Set                   37 us
[2026-04-03T02:37:40.856+0600][45.212s][info][gc,stats    ] Concurrent Thread Roots             894 us, parallelism: 2.21x
[2026-04-03T02:37:40.856+0600][45.212s][info][gc,stats    ]   CTR: <total>                     1975 us
[2026-04-03T02:37:40.856+0600][45.212s][info][gc,stats    ]   CTR: Thread Roots                1975 us, workers (us): 687, 664, 624, ---, ---, ---, 
[2026-04-03T02:37:40.856+0600][45.213s][info][gc,stats    ] Concurrent Weak References          686 us, parallelism: 1.67x
[2026-04-03T02:37:40.856+0600][45.213s][info][gc,stats    ]   CWRF: <total>                    1148 us
[2026-04-03T02:37:40.856+0600][45.213s][info][gc,stats    ]   CWRF: Weak References            1148 us, workers (us): 345, 355, 447, ---, ---, ---, 
[2026-04-03T02:37:40.856+0600][45.213s][info][gc,stats    ] Concurrent Weak Roots              7116 us
[2026-04-03T02:37:40.856+0600][45.213s][info][gc,stats    ]   Roots                            4554 us, parallelism: 2.69x
[2026-04-03T02:37:40.856+0600][45.213s][info][gc,stats    ]     CWR: <total>                  12263 us
[2026-04-03T02:37:40.856+0600][45.213s][info][gc,stats    ]     CWR: Code Cache Roots         10112 us, workers (us): 3534, 3270, 3308, ---, ---, ---, 
[2026-04-03T02:37:40.856+0600][45.213s][info][gc,stats    ]     CWR: VM Weak Roots             2000 us, workers (us): 686, 682, 633, ---, ---, ---, 
[2026-04-03T02:37:40.856+0600][45.213s][info][gc,stats    ]     CWR: CLDG Roots                 151 us, workers (us): ---, 151, ---, ---, ---, ---, 
[2026-04-03T02:37:40.856+0600][45.213s][info][gc,stats    ]   Rendezvous                       2346 us
[2026-04-03T02:37:40.856+0600][45.213s][info][gc,stats    ] Concurrent Cleanup                 1144 us
[2026-04-03T02:37:40.856+0600][45.213s][info][gc,stats    ] Concurrent Class Unloading        14170 us
[2026-04-03T02:37:40.856+0600][45.213s][info][gc,stats    ]   Unlink Stale                    11297 us
[2026-04-03T02:37:40.856+0600][45.213s][info][gc,stats    ]     System Dictionary               281 us
[2026-04-03T02:37:40.856+0600][45.213s][info][gc,stats    ]     Weak Class Links                  0 us
[2026-04-03T02:37:40.856+0600][45.213s][info][gc,stats    ]     Code Roots                    11013 us
[2026-04-03T02:37:40.856+0600][45.213s][info][gc,stats    ]   Rendezvous                        380 us
[2026-04-03T02:37:40.857+0600][45.213s][info][gc,stats    ]   Purge Unlinked                   2389 us
[2026-04-03T02:37:40.857+0600][45.213s][info][gc,stats    ]     Code Roots                     2374 us
[2026-04-03T02:37:40.857+0600][45.213s][info][gc,stats    ]     CLDG                             14 us
[2026-04-03T02:37:40.857+0600][45.213s][info][gc,stats    ]     Exception Caches                  0 us
[2026-04-03T02:37:40.857+0600][45.213s][info][gc,stats    ] Concurrent Strong Roots            1408 us, parallelism: 0.65x
[2026-04-03T02:37:40.857+0600][45.213s][info][gc,stats    ]   CSR: <total>                      922 us
[2026-04-03T02:37:40.857+0600][45.213s][info][gc,stats    ]   CSR: VM Strong Roots               64 us, workers (us):  28,  19,  17, ---, ---, ---, 
[2026-04-03T02:37:40.857+0600][45.213s][info][gc,stats    ]   CSR: CLDG Roots                   858 us, workers (us): ---, ---, 858, ---, ---, ---, 
[2026-04-03T02:37:40.857+0600][45.213s][info][gc,stats    ] Concurrent Evacuation              2649 us
[2026-04-03T02:37:40.857+0600][45.213s][info][gc,stats    ] Pause Init Update Refs (G)          401 us
[2026-04-03T02:37:40.857+0600][45.213s][info][gc,stats    ] Pause Init Update Refs (N)          107 us
[2026-04-03T02:37:40.857+0600][45.213s][info][gc,stats    ]   Manage GCLABs                      28 us
[2026-04-03T02:37:40.857+0600][45.213s][info][gc,stats    ] Concurrent Update Refs            42115 us
[2026-04-03T02:37:40.857+0600][45.213s][info][gc,stats    ] Concurrent Update Thread Roots     2745 us
[2026-04-03T02:37:40.857+0600][45.213s][info][gc,stats    ] Pause Final Update Refs (G)         546 us
[2026-04-03T02:37:40.857+0600][45.213s][info][gc,stats    ] Pause Final Update Refs (N)         240 us
[2026-04-03T02:37:40.857+0600][45.213s][info][gc,stats    ]   Update Region States               59 us
[2026-04-03T02:37:40.857+0600][45.213s][info][gc,stats    ]   Trash Collection Set               18 us
[2026-04-03T02:37:40.857+0600][45.213s][info][gc,stats    ]   Rebuild Free Set                   49 us
[2026-04-03T02:37:40.857+0600][45.213s][info][gc,stats    ] Concurrent Cleanup                  781 us
[2026-04-03T02:37:40.857+0600][45.213s][info][gc,stats    ] Pacing                           287998 us
[2026-04-03T02:37:40.857+0600][45.213s][info][gc,stats    ] 
[2026-04-03T02:37:40.857+0600][45.213s][info][gc,stats    ] Allocation pacing accrued:
[2026-04-03T02:37:40.857+0600][45.213s][info][gc,stats    ]      10 of   725 ms (  1.4%): Spark Context Cleaner
[2026-04-03T02:37:40.857+0600][45.213s][info][gc,stats    ]      54 of   725 ms (  7.4%): Executor task launch worker for task 1.0 in stage 1201.0 (TID 2298)
[2026-04-03T02:37:40.857+0600][45.213s][info][gc,stats    ]      54 of   725 ms (  7.4%): Executor task launch worker for task 0.0 in stage 1201.0 (TID 2297)
[2026-04-03T02:37:40.857+0600][45.213s][info][gc,stats    ]      53 of   725 ms (  7.3%): Executor task launch worker for task 3.0 in stage 1201.0 (TID 2300)
[2026-04-03T02:37:40.857+0600][45.213s][info][gc,stats    ]      54 of   725 ms (  7.4%): Executor task launch worker for task 2.0 in stage 1201.0 (TID 2299)
[2026-04-03T02:37:40.857+0600][45.213s][info][gc,stats    ]      21 of   725 ms (  2.9%): block-manager-storage-async-thread-pool-54
[2026-04-03T02:37:40.857+0600][45.213s][info][gc,stats    ]      10 of   725 ms (  1.4%): block-manager-storage-async-thread-pool-82
[2026-04-03T02:37:40.857+0600][45.213s][info][gc,stats    ]      11 of   725 ms (  1.5%): block-manager-storage-async-thread-pool-83
[2026-04-03T02:37:40.857+0600][45.213s][info][gc,stats    ]      11 of   725 ms (  1.5%): block-manager-ask-thread-pool-80
[2026-04-03T02:37:40.857+0600][45.213s][info][gc,stats    ]      10 of   725 ms (  1.4%): block-manager-ask-thread-pool-87
[2026-04-03T02:37:40.857+0600][45.213s][info][gc,stats    ]     288 of   725 ms ( 39.7%): <total>
[2026-04-03T02:37:40.857+0600][45.213s][info][gc,stats    ]       1 of   725 ms (  0.1%): <average total>
[2026-04-03T02:37:40.857+0600][45.213s][info][gc,stats    ]      29 of   725 ms (  4.0%): <average non-zero>
[2026-04-03T02:37:40.857+0600][45.213s][info][gc,stats    ] 
[2026-04-03T02:37:40.857+0600][45.213s][info][gc,metaspace] Metaspace: 131064K(132224K)->131070K(132224K) NonClass: 114521K(115136K)->114526K(115136K) Class: 16543K(17088K)->16543K(17088K)
[2026-04-03T02:37:40.857+0600][45.213s][info][gc,ergo     ] Pacer for Idle. Initial: 30720K, Alloc Tax Rate: 1.0x
[2026-04-03T02:37:41.615+0600][45.972s][info][gc          ] Trigger: Average GC time (170.08 ms) is above the time for average allocation rate (1176 MB/s) to deplete free headroom (199M) (margin of error = 1.87)
[2026-04-03T02:37:41.615+0600][45.972s][info][gc,ergo     ] Free headroom: 274M (free) - 76800K (spike) - 0B (penalties) = 199M
[2026-04-03T02:37:41.616+0600][45.972s][info][gc,ergo     ] Free: 274M, Max: 512K regular, 179M humongous, Frag: 35% external, 0% internal; Reserve: 76800K, Max: 512K
[2026-04-03T02:37:41.616+0600][45.972s][info][gc,start    ] GC(29) Concurrent reset
[2026-04-03T02:37:41.616+0600][45.972s][info][gc,task     ] GC(29) Using 3 of 6 workers for concurrent reset
[2026-04-03T02:37:41.616+0600][45.972s][info][gc,ergo     ] GC(29) Pacer for Reset. Non-Taxable: 1500M
[2026-04-03T02:37:41.617+0600][45.973s][info][gc          ] GC(29) Concurrent reset 1.576ms
[2026-04-03T02:37:41.618+0600][45.974s][info][gc,start    ] GC(29) Pause Init Mark (unload classes)
[2026-04-03T02:37:41.618+0600][45.974s][info][gc,task     ] GC(29) Using 6 of 6 workers for init marking
[2026-04-03T02:37:41.618+0600][45.974s][info][gc,ergo     ] GC(29) Pacer for Mark. Expected Live: 93676K, Free: 269M, Non-Taxable: 27554K, Alloc Tax Rate: 0.4x
[2026-04-03T02:37:41.618+0600][45.974s][info][gc          ] GC(29) Pause Init Mark (unload classes) 0.149ms
[2026-04-03T02:37:41.618+0600][45.974s][info][gc,start    ] GC(29) Concurrent marking roots
[2026-04-03T02:37:41.618+0600][45.974s][info][gc,task     ] GC(29) Using 3 of 6 workers for concurrent marking roots
[2026-04-03T02:37:41.620+0600][45.976s][info][gc          ] GC(29) Concurrent marking roots 1.913ms
[2026-04-03T02:37:41.620+0600][45.976s][info][gc,start    ] GC(29) Concurrent marking (unload classes)
[2026-04-03T02:37:41.620+0600][45.976s][info][gc,task     ] GC(29) Using 3 of 6 workers for concurrent marking
[2026-04-03T02:37:41.684+0600][46.040s][info][gc          ] GC(29) Concurrent marking (unload classes) 63.865ms
[2026-04-03T02:37:41.684+0600][46.040s][info][gc,start    ] GC(29) Pause Final Mark (unload classes)
[2026-04-03T02:37:41.684+0600][46.040s][info][gc,task     ] GC(29) Using 6 of 6 workers for final marking
[2026-04-03T02:37:41.685+0600][46.041s][info][gc,ergo     ] GC(29) Adaptive CSet Selection. Target Free: 212M, Actual Free: 1051M, Max CSet: 64000K, Min Garbage: 0B
[2026-04-03T02:37:41.685+0600][46.041s][info][gc,ergo     ] GC(29) Collectable Garbage: 960M (99%), Immediate: 746M (77%), CSet: 213M (22%)
[2026-04-03T02:37:41.685+0600][46.041s][info][gc,ergo     ] GC(29) Pacer for Evacuation. Used CSet: 222M, Free: 1073M, Non-Taxable: 107M, Alloc Tax Rate: 1.1x
[2026-04-03T02:37:41.685+0600][46.041s][info][gc          ] GC(29) Pause Final Mark (unload classes) 0.736ms
[2026-04-03T02:37:41.685+0600][46.041s][info][gc,start    ] GC(29) Concurrent thread roots
[2026-04-03T02:37:41.685+0600][46.041s][info][gc,task     ] GC(29) Using 3 of 6 workers for Concurrent thread roots
[2026-04-03T02:37:41.686+0600][46.042s][info][gc          ] GC(29) Concurrent thread roots 1.170ms
[2026-04-03T02:37:41.686+0600][46.042s][info][gc,start    ] GC(29) Concurrent weak references
[2026-04-03T02:37:41.686+0600][46.042s][info][gc,task     ] GC(29) Using 3 of 6 workers for concurrent weak references
[2026-04-03T02:37:41.687+0600][46.043s][info][gc,ref      ] GC(29) Encountered references: Soft: 3875, Weak: 15459, Final: 84, Phantom: 620
[2026-04-03T02:37:41.687+0600][46.043s][info][gc,ref      ] GC(29) Discovered  references: Soft: 0, Weak: 2741, Final: 0, Phantom: 596
[2026-04-03T02:37:41.687+0600][46.043s][info][gc,ref      ] GC(29) Enqueued    references: Soft: 0, Weak: 412, Final: 0, Phantom: 0
[2026-04-03T02:37:41.687+0600][46.043s][info][gc          ] GC(29) Concurrent weak references 0.386ms
[2026-04-03T02:37:41.687+0600][46.043s][info][gc,start    ] GC(29) Concurrent weak roots
[2026-04-03T02:37:41.687+0600][46.043s][info][gc,task     ] GC(29) Using 3 of 6 workers for concurrent weak root
[2026-04-03T02:37:41.693+0600][46.049s][info][gc          ] GC(29) Concurrent weak roots 6.379ms
[2026-04-03T02:37:41.693+0600][46.049s][info][gc,start    ] GC(29) Concurrent cleanup
[2026-04-03T02:37:41.694+0600][46.050s][info][gc          ] GC(29) Concurrent cleanup 1107M->360M(1357M) 0.936ms
[2026-04-03T02:37:41.694+0600][46.050s][info][gc,ergo     ] GC(29) Free: 1055M, Max: 512K regular, 243M humongous, Frag: 77% external, 0% internal; Reserve: 76343K, Max: 512K
[2026-04-03T02:37:41.694+0600][46.050s][info][gc,start    ] GC(29) Concurrent class unloading
[2026-04-03T02:37:41.694+0600][46.050s][info][gc,task     ] GC(29) Using 3 of 6 workers for concurrent class unloading
[2026-04-03T02:37:41.714+0600][46.070s][info][gc          ] GC(29) Concurrent class unloading 19.486ms
[2026-04-03T02:37:41.714+0600][46.070s][info][gc,start    ] GC(29) Concurrent strong roots
[2026-04-03T02:37:41.714+0600][46.070s][info][gc,task     ] GC(29) Using 3 of 6 workers for concurrent strong root
[2026-04-03T02:37:41.715+0600][46.072s][info][gc          ] GC(29) Concurrent strong roots 1.656ms
[2026-04-03T02:37:41.716+0600][46.072s][info][gc,start    ] GC(29) Concurrent evacuation
[2026-04-03T02:37:41.716+0600][46.072s][info][gc,task     ] GC(29) Using 3 of 6 workers for concurrent evacuation
[2026-04-03T02:37:41.723+0600][46.079s][info][gc          ] GC(29) Concurrent evacuation 7.279ms
[2026-04-03T02:37:41.723+0600][46.080s][info][gc,start    ] GC(29) Pause Init Update Refs
[2026-04-03T02:37:41.723+0600][46.080s][info][gc,ergo     ] GC(29) Pacer for Update Refs. Used: 382M, Free: 1041M, Non-Taxable: 104M, Alloc Tax Rate: 1.1x
[2026-04-03T02:37:41.723+0600][46.080s][info][gc          ] GC(29) Pause Init Update Refs 0.176ms
[2026-04-03T02:37:41.724+0600][46.080s][info][gc,start    ] GC(29) Concurrent update references
[2026-04-03T02:37:41.724+0600][46.080s][info][gc,task     ] GC(29) Using 3 of 6 workers for concurrent reference update
[2026-04-03T02:37:41.778+0600][46.134s][info][gc          ] GC(29) Concurrent update references 54.443ms
[2026-04-03T02:37:41.778+0600][46.134s][info][gc,start    ] GC(29) Concurrent update thread roots
[2026-04-03T02:37:41.780+0600][46.136s][info][gc          ] GC(29) Concurrent update thread roots 1.875ms
[2026-04-03T02:37:41.780+0600][46.137s][info][gc,start    ] GC(29) Pause Final Update Refs
[2026-04-03T02:37:41.780+0600][46.137s][info][gc,task     ] GC(29) Using 6 of 6 workers for final reference update
[2026-04-03T02:37:41.781+0600][46.137s][info][gc          ] GC(29) Pause Final Update Refs 0.220ms
[2026-04-03T02:37:41.781+0600][46.137s][info][gc,start    ] GC(29) Concurrent cleanup
[2026-04-03T02:37:41.781+0600][46.138s][info][gc          ] GC(29) Concurrent cleanup 428M->206M(1357M) 0.748ms
[2026-04-03T02:37:41.782+0600][46.138s][info][gc,ergo     ] Free: 1203M, Max: 512K regular, 628M humongous, Frag: 48% external, 0% internal; Reserve: 76800K, Max: 512K
[2026-04-03T02:37:41.782+0600][46.138s][info][gc,stats    ] 
[2026-04-03T02:37:41.782+0600][46.138s][info][gc,stats    ] All times are wall-clock times, except per-root-class counters, that are sum over
[2026-04-03T02:37:41.782+0600][46.138s][info][gc,stats    ] all workers. Dividing the <total> over the root stage time estimates parallelism.
[2026-04-03T02:37:41.782+0600][46.138s][info][gc,stats    ] 
[2026-04-03T02:37:41.782+0600][46.138s][info][gc,stats    ] Concurrent Reset                   1649 us
[2026-04-03T02:37:41.782+0600][46.138s][info][gc,stats    ] Pause Init Mark (G)                 882 us
[2026-04-03T02:37:41.782+0600][46.138s][info][gc,stats    ] Pause Init Mark (N)                 159 us
[2026-04-03T02:37:41.782+0600][46.138s][info][gc,stats    ]   Update Region States               35 us
[2026-04-03T02:37:41.782+0600][46.138s][info][gc,stats    ] Concurrent Mark Roots              1985 us, parallelism: 1.45x
[2026-04-03T02:37:41.782+0600][46.138s][info][gc,stats    ]   CMR: <total>                     2878 us
[2026-04-03T02:37:41.782+0600][46.138s][info][gc,stats    ]   CMR: Thread Roots                2357 us, workers (us): 981, 1375,   0, ---, ---, ---, 
[2026-04-03T02:37:41.782+0600][46.138s][info][gc,stats    ]   CMR: VM Strong Roots               55 us, workers (us):  54,   1,   1, ---, ---, ---, 
[2026-04-03T02:37:41.782+0600][46.138s][info][gc,stats    ]   CMR: CLDG Roots                   465 us, workers (us): 465, ---, ---, ---, ---, ---, 
[2026-04-03T02:37:41.782+0600][46.138s][info][gc,stats    ] Concurrent Marking                63946 us
[2026-04-03T02:37:41.782+0600][46.138s][info][gc,stats    ] Pause Final Mark (G)                941 us
[2026-04-03T02:37:41.782+0600][46.138s][info][gc,stats    ] Pause Final Mark (N)                750 us
[2026-04-03T02:37:41.782+0600][46.138s][info][gc,stats    ]   Finish Mark                       229 us
[2026-04-03T02:37:41.782+0600][46.138s][info][gc,stats    ]   Update Region States               64 us
[2026-04-03T02:37:41.782+0600][46.138s][info][gc,stats    ]   Choose Collection Set             267 us
[2026-04-03T02:37:41.782+0600][46.138s][info][gc,stats    ]   Rebuild Free Set                   43 us
[2026-04-03T02:37:41.782+0600][46.138s][info][gc,stats    ] Concurrent Thread Roots            1220 us, parallelism: 2.40x
[2026-04-03T02:37:41.782+0600][46.138s][info][gc,stats    ]   CTR: <total>                     2923 us
[2026-04-03T02:37:41.782+0600][46.138s][info][gc,stats    ]   CTR: Thread Roots                2923 us, workers (us): 1002, 963, 958, ---, ---, ---, 
[2026-04-03T02:37:41.782+0600][46.138s][info][gc,stats    ] Concurrent Weak References          399 us, parallelism: 1.05x
[2026-04-03T02:37:41.782+0600][46.138s][info][gc,stats    ]   CWRF: <total>                     420 us
[2026-04-03T02:37:41.782+0600][46.138s][info][gc,stats    ]   CWRF: Weak References             420 us, workers (us): 247, 172,   2, ---, ---, ---, 
[2026-04-03T02:37:41.782+0600][46.138s][info][gc,stats    ] Concurrent Weak Roots              6514 us
[2026-04-03T02:37:41.782+0600][46.138s][info][gc,stats    ]   Roots                            5965 us, parallelism: 2.74x
[2026-04-03T02:37:41.782+0600][46.138s][info][gc,stats    ]     CWR: <total>                  16345 us
[2026-04-03T02:37:41.782+0600][46.138s][info][gc,stats    ]     CWR: Code Cache Roots         12632 us, workers (us): 4331, 4110, 4191, ---, ---, ---, 
[2026-04-03T02:37:41.782+0600][46.138s][info][gc,stats    ]     CWR: VM Weak Roots             3478 us, workers (us): 1273, 1261, 944, ---, ---, ---, 
[2026-04-03T02:37:41.782+0600][46.138s][info][gc,stats    ]     CWR: CLDG Roots                 235 us, workers (us): ---, 235, ---, ---, ---, ---, 
[2026-04-03T02:37:41.782+0600][46.138s][info][gc,stats    ]   Rendezvous                        369 us
[2026-04-03T02:37:41.782+0600][46.138s][info][gc,stats    ] Concurrent Cleanup                  982 us
[2026-04-03T02:37:41.782+0600][46.138s][info][gc,stats    ] Concurrent Class Unloading        19635 us
[2026-04-03T02:37:41.782+0600][46.138s][info][gc,stats    ]   Unlink Stale                    15686 us
[2026-04-03T02:37:41.782+0600][46.138s][info][gc,stats    ]     System Dictionary               304 us
[2026-04-03T02:37:41.782+0600][46.138s][info][gc,stats    ]     Weak Class Links                  0 us
[2026-04-03T02:37:41.782+0600][46.138s][info][gc,stats    ]     Code Roots                    15378 us
[2026-04-03T02:37:41.782+0600][46.138s][info][gc,stats    ]   Rendezvous                        392 us
[2026-04-03T02:37:41.782+0600][46.138s][info][gc,stats    ]   Purge Unlinked                   3329 us
[2026-04-03T02:37:41.782+0600][46.138s][info][gc,stats    ]     Code Roots                     3312 us
[2026-04-03T02:37:41.782+0600][46.138s][info][gc,stats    ]     CLDG                             16 us
[2026-04-03T02:37:41.782+0600][46.138s][info][gc,stats    ]     Exception Caches                  1 us
[2026-04-03T02:37:41.782+0600][46.138s][info][gc,stats    ] Concurrent Strong Roots            1761 us, parallelism: 0.67x
[2026-04-03T02:37:41.782+0600][46.138s][info][gc,stats    ]   CSR: <total>                     1187 us
[2026-04-03T02:37:41.782+0600][46.138s][info][gc,stats    ]   CSR: VM Strong Roots               74 us, workers (us):  72,   1,   0, ---, ---, ---, 
[2026-04-03T02:37:41.782+0600][46.138s][info][gc,stats    ]   CSR: CLDG Roots                  1113 us, workers (us): 1113, ---, ---, ---, ---, ---, 
[2026-04-03T02:37:41.782+0600][46.138s][info][gc,stats    ] Concurrent Evacuation              7382 us
[2026-04-03T02:37:41.782+0600][46.138s][info][gc,stats    ] Pause Init Update Refs (G)          679 us
[2026-04-03T02:37:41.782+0600][46.138s][info][gc,stats    ] Pause Init Update Refs (N)          189 us
[2026-04-03T02:37:41.782+0600][46.138s][info][gc,stats    ]   Manage GCLABs                      42 us
[2026-04-03T02:37:41.782+0600][46.139s][info][gc,stats    ] Concurrent Update Refs            54554 us
[2026-04-03T02:37:41.782+0600][46.139s][info][gc,stats    ] Concurrent Update Thread Roots     1927 us
[2026-04-03T02:37:41.782+0600][46.139s][info][gc,stats    ] Pause Final Update Refs (G)         479 us
[2026-04-03T02:37:41.782+0600][46.139s][info][gc,stats    ] Pause Final Update Refs (N)         239 us
[2026-04-03T02:37:41.782+0600][46.139s][info][gc,stats    ]   Update Region States               60 us
[2026-04-03T02:37:41.782+0600][46.139s][info][gc,stats    ]   Trash Collection Set               23 us
[2026-04-03T02:37:41.782+0600][46.139s][info][gc,stats    ]   Rebuild Free Set                   51 us
[2026-04-03T02:37:41.782+0600][46.139s][info][gc,stats    ] Concurrent Cleanup                  805 us
[2026-04-03T02:37:41.782+0600][46.139s][info][gc,stats    ] Pacing                            50598 us
[2026-04-03T02:37:41.782+0600][46.139s][info][gc,stats    ] 
[2026-04-03T02:37:41.782+0600][46.139s][info][gc,stats    ] Allocation pacing accrued:
[2026-04-03T02:37:41.782+0600][46.139s][info][gc,stats    ]      10 of   926 ms (  1.1%): Executor task launch worker for task 5.0 in stage 1233.0 (TID 2430)
[2026-04-03T02:37:41.782+0600][46.139s][info][gc,stats    ]      10 of   926 ms (  1.1%): Executor task launch worker for task 7.0 in stage 1233.0 (TID 2432)
[2026-04-03T02:37:41.782+0600][46.139s][info][gc,stats    ]      10 of   926 ms (  1.1%): Executor task launch worker for task 3.0 in stage 1233.0 (TID 2428)
[2026-04-03T02:37:41.782+0600][46.139s][info][gc,stats    ]      10 of   926 ms (  1.1%): Executor task launch worker for task 0.0 in stage 1233.0 (TID 2425)
[2026-04-03T02:37:41.783+0600][46.139s][info][gc,stats    ]      10 of   926 ms (  1.1%): Executor task launch worker for task 6.0 in stage 1233.0 (TID 2431)
[2026-04-03T02:37:41.783+0600][46.139s][info][gc,stats    ]      51 of   926 ms (  5.5%): <total>
[2026-04-03T02:37:41.783+0600][46.139s][info][gc,stats    ]       0 of   926 ms (  0.0%): <average total>
[2026-04-03T02:37:41.783+0600][46.139s][info][gc,stats    ]      10 of   926 ms (  1.1%): <average non-zero>
[2026-04-03T02:37:41.783+0600][46.139s][info][gc,stats    ] 
[2026-04-03T02:37:41.783+0600][46.139s][info][gc,metaspace] Metaspace: 131110K(132288K)->131111K(132288K) NonClass: 114567K(115200K)->114568K(115200K) Class: 16543K(17088K)->16543K(17088K)
[2026-04-03T02:37:41.783+0600][46.139s][info][gc,ergo     ] Pacer for Idle. Initial: 30720K, Alloc Tax Rate: 1.0x
[2026-04-03T02:37:42.604+0600][46.960s][info][gc          ] Trigger: Average GC time (189.81 ms) is above the time for average allocation rate (1057 MB/s) to deplete free headroom (183M) (margin of error = 1.87)
[2026-04-03T02:37:42.604+0600][46.960s][info][gc,ergo     ] Free headroom: 258M (free) - 76800K (spike) - 0B (penalties) = 183M
[2026-04-03T02:37:42.604+0600][46.960s][info][gc,ergo     ] Free: 254M, Max: 512K regular, 242M humongous, Frag: 5% external, 0% internal; Reserve: 76800K, Max: 512K
[2026-04-03T02:37:42.604+0600][46.960s][info][gc,start    ] GC(30) Concurrent reset
[2026-04-03T02:37:42.604+0600][46.960s][info][gc,task     ] GC(30) Using 3 of 6 workers for concurrent reset
[2026-04-03T02:37:42.604+0600][46.960s][info][gc,ergo     ] GC(30) Pacer for Reset. Non-Taxable: 1500M
[2026-04-03T02:37:42.605+0600][46.962s][info][gc          ] GC(30) Concurrent reset 1.546ms
[2026-04-03T02:37:42.606+0600][46.962s][info][gc,start    ] GC(30) Pause Init Mark (unload classes)
[2026-04-03T02:37:42.606+0600][46.962s][info][gc,task     ] GC(30) Using 6 of 6 workers for init marking
[2026-04-03T02:37:42.606+0600][46.963s][info][gc,ergo     ] GC(30) Pacer for Mark. Expected Live: 93704K, Free: 233M, Non-Taxable: 23922K, Alloc Tax Rate: 0.5x
[2026-04-03T02:37:42.606+0600][46.963s][info][gc          ] GC(30) Pause Init Mark (unload classes) 0.129ms
[2026-04-03T02:37:42.606+0600][46.963s][info][gc,start    ] GC(30) Concurrent marking roots
[2026-04-03T02:37:42.607+0600][46.963s][info][gc,task     ] GC(30) Using 3 of 6 workers for concurrent marking roots
[2026-04-03T02:37:42.608+0600][46.964s][info][gc          ] GC(30) Concurrent marking roots 1.636ms
[2026-04-03T02:37:42.608+0600][46.964s][info][gc,start    ] GC(30) Concurrent marking (unload classes)
[2026-04-03T02:37:42.608+0600][46.964s][info][gc,task     ] GC(30) Using 3 of 6 workers for concurrent marking
[2026-04-03T02:37:42.648+0600][47.004s][info][gc          ] GC(30) Concurrent marking (unload classes) 39.402ms
[2026-04-03T02:37:42.648+0600][47.005s][info][gc,start    ] GC(30) Pause Final Mark (unload classes)
[2026-04-03T02:37:42.648+0600][47.005s][info][gc,task     ] GC(30) Using 6 of 6 workers for final marking
[2026-04-03T02:37:42.649+0600][47.005s][info][gc,ergo     ] GC(30) Adaptive CSet Selection. Target Free: 212M, Actual Free: 1031M, Max CSet: 64000K, Min Garbage: 0B
[2026-04-03T02:37:42.649+0600][47.005s][info][gc,ergo     ] GC(30) Collectable Garbage: 994M (99%), Immediate: 807M (80%), CSet: 186M (18%)
[2026-04-03T02:37:42.649+0600][47.005s][info][gc,ergo     ] GC(30) Pacer for Evacuation. Used CSet: 195M, Free: 1048M, Non-Taxable: 104M, Alloc Tax Rate: 1.1x
[2026-04-03T02:37:42.649+0600][47.005s][info][gc          ] GC(30) Pause Final Mark (unload classes) 0.699ms
[2026-04-03T02:37:42.649+0600][47.005s][info][gc,start    ] GC(30) Concurrent thread roots
[2026-04-03T02:37:42.649+0600][47.005s][info][gc,task     ] GC(30) Using 3 of 6 workers for Concurrent thread roots
[2026-04-03T02:37:42.650+0600][47.007s][info][gc          ] GC(30) Concurrent thread roots 1.233ms
[2026-04-03T02:37:42.650+0600][47.007s][info][gc,start    ] GC(30) Concurrent weak references
[2026-04-03T02:37:42.650+0600][47.007s][info][gc,task     ] GC(30) Using 3 of 6 workers for concurrent weak references
[2026-04-03T02:37:42.652+0600][47.008s][info][gc,ref      ] GC(30) Encountered references: Soft: 3872, Weak: 16746, Final: 84, Phantom: 633
[2026-04-03T02:37:42.652+0600][47.008s][info][gc,ref      ] GC(30) Discovered  references: Soft: 0, Weak: 10760, Final: 84, Phantom: 293
[2026-04-03T02:37:42.652+0600][47.008s][info][gc,ref      ] GC(30) Enqueued    references: Soft: 0, Weak: 2311, Final: 0, Phantom: 0
[2026-04-03T02:37:42.652+0600][47.008s][info][gc          ] GC(30) Concurrent weak references 1.181ms
[2026-04-03T02:37:42.652+0600][47.008s][info][gc,start    ] GC(30) Concurrent weak roots
[2026-04-03T02:37:42.652+0600][47.008s][info][gc,task     ] GC(30) Using 3 of 6 workers for concurrent weak root
[2026-04-03T02:37:42.661+0600][47.018s][info][gc          ] GC(30) Concurrent weak roots 9.697ms
[2026-04-03T02:37:42.661+0600][47.018s][info][gc,start    ] GC(30) Concurrent cleanup
[2026-04-03T02:37:42.662+0600][47.018s][info][gc          ] GC(30) Concurrent cleanup 1249M->447M(1377M) 0.764ms
[2026-04-03T02:37:42.662+0600][47.019s][info][gc,ergo     ] GC(30) Free: 959M, Max: 512K regular, 77824K humongous, Frag: 93% external, 0% internal; Reserve: 73841K, Max: 512K
[2026-04-03T02:37:42.662+0600][47.019s][info][gc,start    ] GC(30) Concurrent class unloading
[2026-04-03T02:37:42.662+0600][47.019s][info][gc,task     ] GC(30) Using 3 of 6 workers for concurrent class unloading
[2026-04-03T02:37:42.678+0600][47.034s][info][gc          ] GC(30) Concurrent class unloading 15.657ms
[2026-04-03T02:37:42.678+0600][47.034s][info][gc,start    ] GC(30) Concurrent strong roots
[2026-04-03T02:37:42.678+0600][47.034s][info][gc,task     ] GC(30) Using 3 of 6 workers for concurrent strong root
[2026-04-03T02:37:42.679+0600][47.035s][info][gc          ] GC(30) Concurrent strong roots 1.104ms
[2026-04-03T02:37:42.679+0600][47.035s][info][gc,start    ] GC(30) Concurrent evacuation
[2026-04-03T02:37:42.679+0600][47.035s][info][gc,task     ] GC(30) Using 3 of 6 workers for concurrent evacuation
[2026-04-03T02:37:42.683+0600][47.039s][info][gc          ] GC(30) Concurrent evacuation 3.374ms
[2026-04-03T02:37:42.683+0600][47.039s][info][gc,start    ] GC(30) Pause Init Update Refs
[2026-04-03T02:37:42.683+0600][47.039s][info][gc,ergo     ] GC(30) Pacer for Update Refs. Used: 487M, Free: 924M, Non-Taxable: 94715K, Alloc Tax Rate: 1.1x
[2026-04-03T02:37:42.683+0600][47.039s][info][gc          ] GC(30) Pause Init Update Refs 0.104ms
[2026-04-03T02:37:42.683+0600][47.039s][info][gc,start    ] GC(30) Concurrent update references
[2026-04-03T02:37:42.683+0600][47.039s][info][gc,task     ] GC(30) Using 3 of 6 workers for concurrent reference update
[2026-04-03T02:37:42.726+0600][47.083s][info][gc          ] GC(30) Concurrent update references 43.462ms
[2026-04-03T02:37:42.727+0600][47.083s][info][gc,start    ] GC(30) Concurrent update thread roots
[2026-04-03T02:37:42.729+0600][47.085s][info][gc          ] GC(30) Concurrent update thread roots 1.962ms
[2026-04-03T02:37:42.729+0600][47.085s][info][gc,start    ] GC(30) Pause Final Update Refs
[2026-04-03T02:37:42.729+0600][47.085s][info][gc,task     ] GC(30) Using 6 of 6 workers for final reference update
[2026-04-03T02:37:42.729+0600][47.085s][info][gc          ] GC(30) Pause Final Update Refs 0.212ms
[2026-04-03T02:37:42.729+0600][47.085s][info][gc,start    ] GC(30) Concurrent cleanup
[2026-04-03T02:37:42.730+0600][47.086s][info][gc          ] GC(30) Concurrent cleanup 523M->327M(1377M) 0.741ms
[2026-04-03T02:37:42.730+0600][47.086s][info][gc,ergo     ] Free: 1069M, Max: 512K regular, 828M humongous, Frag: 23% external, 0% internal; Reserve: 76800K, Max: 512K
[2026-04-03T02:37:42.730+0600][47.086s][info][gc,stats    ] 
[2026-04-03T02:37:42.730+0600][47.086s][info][gc,stats    ] All times are wall-clock times, except per-root-class counters, that are sum over
[2026-04-03T02:37:42.730+0600][47.086s][info][gc,stats    ] all workers. Dividing the <total> over the root stage time estimates parallelism.
[2026-04-03T02:37:42.730+0600][47.086s][info][gc,stats    ] 
[2026-04-03T02:37:42.730+0600][47.086s][info][gc,stats    ] Concurrent Reset                   1626 us
[2026-04-03T02:37:42.730+0600][47.086s][info][gc,stats    ] Pause Init Mark (G)                 979 us
[2026-04-03T02:37:42.730+0600][47.086s][info][gc,stats    ] Pause Init Mark (N)                 137 us
[2026-04-03T02:37:42.730+0600][47.086s][info][gc,stats    ]   Update Region States               26 us
[2026-04-03T02:37:42.730+0600][47.086s][info][gc,stats    ] Concurrent Mark Roots              1702 us, parallelism: 1.81x
[2026-04-03T02:37:42.730+0600][47.086s][info][gc,stats    ]   CMR: <total>                     3077 us
[2026-04-03T02:37:42.730+0600][47.086s][info][gc,stats    ]   CMR: Thread Roots                2485 us, workers (us): 1022, 465, 998, ---, ---, ---, 
[2026-04-03T02:37:42.730+0600][47.086s][info][gc,stats    ]   CMR: VM Strong Roots               42 us, workers (us):  39,   2,   1, ---, ---, ---, 
[2026-04-03T02:37:42.730+0600][47.086s][info][gc,stats    ]   CMR: CLDG Roots                   550 us, workers (us): ---, 550, ---, ---, ---, ---, 
[2026-04-03T02:37:42.730+0600][47.086s][info][gc,stats    ] Concurrent Marking                39472 us
[2026-04-03T02:37:42.730+0600][47.086s][info][gc,stats    ] Pause Final Mark (G)               1531 us
[2026-04-03T02:37:42.730+0600][47.086s][info][gc,stats    ] Pause Final Mark (N)                708 us
[2026-04-03T02:37:42.730+0600][47.086s][info][gc,stats    ]   Finish Mark                       363 us
[2026-04-03T02:37:42.730+0600][47.086s][info][gc,stats    ]   Update Region States               40 us
[2026-04-03T02:37:42.730+0600][47.086s][info][gc,stats    ]   Choose Collection Set             182 us
[2026-04-03T02:37:42.730+0600][47.086s][info][gc,stats    ]   Rebuild Free Set                   33 us
[2026-04-03T02:37:42.730+0600][47.087s][info][gc,stats    ] Concurrent Thread Roots            1294 us, parallelism: 2.39x
[2026-04-03T02:37:42.730+0600][47.087s][info][gc,stats    ]   CTR: <total>                     3087 us
[2026-04-03T02:37:42.730+0600][47.087s][info][gc,stats    ]   CTR: Thread Roots                3087 us, workers (us): 1047, 1020, 1020, ---, ---, ---, 
[2026-04-03T02:37:42.730+0600][47.087s][info][gc,stats    ] Concurrent Weak References         1197 us, parallelism: 1.45x
[2026-04-03T02:37:42.730+0600][47.087s][info][gc,stats    ]   CWRF: <total>                    1738 us
[2026-04-03T02:37:42.730+0600][47.087s][info][gc,stats    ]   CWRF: Weak References            1738 us, workers (us): 431, 900, 408, ---, ---, ---, 
[2026-04-03T02:37:42.730+0600][47.087s][info][gc,stats    ] Concurrent Weak Roots              9797 us
[2026-04-03T02:37:42.730+0600][47.087s][info][gc,stats    ]   Roots                            4089 us, parallelism: 2.60x
[2026-04-03T02:37:42.730+0600][47.087s][info][gc,stats    ]     CWR: <total>                  10613 us
[2026-04-03T02:37:42.730+0600][47.087s][info][gc,stats    ]     CWR: Code Cache Roots          7843 us, workers (us): 2549, 2738, 2555, ---, ---, ---, 
[2026-04-03T02:37:42.730+0600][47.087s][info][gc,stats    ]     CWR: VM Weak Roots             2621 us, workers (us): 897, 867, 857, ---, ---, ---, 
[2026-04-03T02:37:42.731+0600][47.087s][info][gc,stats    ]     CWR: CLDG Roots                 149 us, workers (us): ---, ---, 149, ---, ---, ---, 
[2026-04-03T02:37:42.731+0600][47.087s][info][gc,stats    ]   Rendezvous                       5539 us
[2026-04-03T02:37:42.731+0600][47.087s][info][gc,stats    ] Concurrent Cleanup                  818 us
[2026-04-03T02:37:42.731+0600][47.087s][info][gc,stats    ] Concurrent Class Unloading        15738 us
[2026-04-03T02:37:42.731+0600][47.087s][info][gc,stats    ]   Unlink Stale                    13688 us
[2026-04-03T02:37:42.731+0600][47.087s][info][gc,stats    ]     System Dictionary               372 us
[2026-04-03T02:37:42.731+0600][47.087s][info][gc,stats    ]     Weak Class Links                  0 us
[2026-04-03T02:37:42.731+0600][47.087s][info][gc,stats    ]     Code Roots                    13310 us
[2026-04-03T02:37:42.731+0600][47.087s][info][gc,stats    ]   Rendezvous                        343 us
[2026-04-03T02:37:42.731+0600][47.087s][info][gc,stats    ]   Purge Unlinked                   1587 us
[2026-04-03T02:37:42.731+0600][47.087s][info][gc,stats    ]     Code Roots                     1570 us
[2026-04-03T02:37:42.731+0600][47.087s][info][gc,stats    ]     CLDG                             15 us
[2026-04-03T02:37:42.731+0600][47.087s][info][gc,stats    ]     Exception Caches                  0 us
[2026-04-03T02:37:42.731+0600][47.087s][info][gc,stats    ] Concurrent Strong Roots            1134 us, parallelism: 0.75x
[2026-04-03T02:37:42.731+0600][47.087s][info][gc,stats    ]   CSR: <total>                      849 us
[2026-04-03T02:37:42.731+0600][47.087s][info][gc,stats    ]   CSR: VM Strong Roots               52 us, workers (us):  27,  16,   8, ---, ---, ---, 
[2026-04-03T02:37:42.731+0600][47.087s][info][gc,stats    ]   CSR: CLDG Roots                   798 us, workers (us): ---, 798, ---, ---, ---, ---, 
[2026-04-03T02:37:42.731+0600][47.087s][info][gc,stats    ] Concurrent Evacuation              3440 us
[2026-04-03T02:37:42.731+0600][47.087s][info][gc,stats    ] Pause Init Update Refs (G)          301 us
[2026-04-03T02:37:42.731+0600][47.087s][info][gc,stats    ] Pause Init Update Refs (N)          116 us
[2026-04-03T02:37:42.731+0600][47.087s][info][gc,stats    ]   Manage GCLABs                      29 us
[2026-04-03T02:37:42.731+0600][47.087s][info][gc,stats    ] Concurrent Update Refs            43579 us
[2026-04-03T02:37:42.731+0600][47.087s][info][gc,stats    ] Concurrent Update Thread Roots     2049 us
[2026-04-03T02:37:42.731+0600][47.087s][info][gc,stats    ] Pause Final Update Refs (G)         466 us
[2026-04-03T02:37:42.731+0600][47.087s][info][gc,stats    ] Pause Final Update Refs (N)         228 us
[2026-04-03T02:37:42.731+0600][47.087s][info][gc,stats    ]   Update Region States               61 us
[2026-04-03T02:37:42.731+0600][47.087s][info][gc,stats    ]   Trash Collection Set               21 us
[2026-04-03T02:37:42.731+0600][47.087s][info][gc,stats    ]   Rebuild Free Set                   47 us
[2026-04-03T02:37:42.731+0600][47.087s][info][gc,stats    ] Concurrent Cleanup                  793 us
[2026-04-03T02:37:42.731+0600][47.087s][info][gc,stats    ] Pacing                           228406 us
[2026-04-03T02:37:42.731+0600][47.087s][info][gc,stats    ] 
[2026-04-03T02:37:42.731+0600][47.087s][info][gc,stats    ] Allocation pacing accrued:
[2026-04-03T02:37:42.731+0600][47.087s][info][gc,stats    ]      15 of   949 ms (  1.6%): Spark Context Cleaner
[2026-04-03T02:37:42.731+0600][47.087s][info][gc,stats    ]      48 of   949 ms (  5.0%): Executor task launch worker for task 0.0 in stage 1355.0 (TID 2539)
[2026-04-03T02:37:42.731+0600][47.087s][info][gc,stats    ]      36 of   949 ms (  3.8%): Executor task launch worker for task 2.0 in stage 1355.0 (TID 2541)
[2026-04-03T02:37:42.731+0600][47.087s][info][gc,stats    ]      48 of   949 ms (  5.0%): Executor task launch worker for task 1.0 in stage 1355.0 (TID 2540)
[2026-04-03T02:37:42.731+0600][47.087s][info][gc,stats    ]      37 of   949 ms (  3.9%): Executor task launch worker for task 3.0 in stage 1355.0 (TID 2542)
[2026-04-03T02:37:42.731+0600][47.087s][info][gc,stats    ]      11 of   949 ms (  1.2%): block-manager-storage-async-thread-pool-13
[2026-04-03T02:37:42.731+0600][47.087s][info][gc,stats    ]      11 of   949 ms (  1.2%): block-manager-storage-async-thread-pool-20
[2026-04-03T02:37:42.731+0600][47.087s][info][gc,stats    ]      11 of   949 ms (  1.2%): block-manager-storage-async-thread-pool-77
[2026-04-03T02:37:42.731+0600][47.087s][info][gc,stats    ]      11 of   949 ms (  1.2%): block-manager-storage-async-thread-pool-96
[2026-04-03T02:37:42.731+0600][47.087s][info][gc,stats    ]     228 of   949 ms ( 24.1%): <total>
[2026-04-03T02:37:42.731+0600][47.087s][info][gc,stats    ]       1 of   949 ms (  0.1%): <average total>
[2026-04-03T02:37:42.731+0600][47.087s][info][gc,stats    ]      25 of   949 ms (  2.7%): <average non-zero>
[2026-04-03T02:37:42.731+0600][47.087s][info][gc,stats    ] 
[2026-04-03T02:37:42.731+0600][47.087s][info][gc,metaspace] Metaspace: 131134K(132288K)->131142K(132288K) NonClass: 114591K(115200K)->114599K(115200K) Class: 16543K(17088K)->16543K(17088K)
[2026-04-03T02:37:42.731+0600][47.087s][info][gc,ergo     ] Pacer for Idle. Initial: 30720K, Alloc Tax Rate: 1.0x
[2026-04-03T02:37:42.832+0600][47.189s][info][gc          ] Trigger: Average GC time (173.81 ms) is above the time for instantaneous allocation rate (3980 MB/s) to deplete free headroom (592M) (spike threshold = 1.80)
[2026-04-03T02:37:42.833+0600][47.189s][info][gc,ergo     ] Free: 667M, Max: 512K regular, 609M humongous, Frag: 9% external, 0% internal; Reserve: 76800K, Max: 512K
[2026-04-03T02:37:42.833+0600][47.189s][info][gc,start    ] GC(31) Concurrent reset
[2026-04-03T02:37:42.833+0600][47.189s][info][gc,task     ] GC(31) Using 3 of 6 workers for concurrent reset
[2026-04-03T02:37:42.833+0600][47.189s][info][gc,ergo     ] GC(31) Pacer for Reset. Non-Taxable: 1500M
[2026-04-03T02:37:42.834+0600][47.190s][info][gc          ] GC(31) Concurrent reset 0.953ms
[2026-04-03T02:37:42.834+0600][47.190s][info][gc,start    ] GC(31) Pause Init Mark (unload classes)
[2026-04-03T02:37:42.834+0600][47.190s][info][gc,task     ] GC(31) Using 6 of 6 workers for init marking
[2026-04-03T02:37:42.834+0600][47.190s][info][gc,ergo     ] GC(31) Pacer for Mark. Expected Live: 92252K, Free: 667M, Non-Taxable: 68401K, Alloc Tax Rate: 0.2x
[2026-04-03T02:37:42.834+0600][47.190s][info][gc          ] GC(31) Pause Init Mark (unload classes) 0.117ms
[2026-04-03T02:37:42.834+0600][47.190s][info][gc,start    ] GC(31) Concurrent marking roots
[2026-04-03T02:37:42.834+0600][47.190s][info][gc,task     ] GC(31) Using 3 of 6 workers for concurrent marking roots
[2026-04-03T02:37:42.835+0600][47.191s][info][gc          ] GC(31) Concurrent marking roots 1.111ms
[2026-04-03T02:37:42.835+0600][47.191s][info][gc,start    ] GC(31) Concurrent marking (unload classes)
[2026-04-03T02:37:42.835+0600][47.191s][info][gc,task     ] GC(31) Using 3 of 6 workers for concurrent marking
[2026-04-03T02:37:42.887+0600][47.243s][info][gc          ] GC(31) Concurrent marking (unload classes) 51.534ms
[2026-04-03T02:37:42.887+0600][47.243s][info][gc,start    ] GC(31) Pause Final Mark (unload classes)
[2026-04-03T02:37:42.887+0600][47.243s][info][gc,task     ] GC(31) Using 6 of 6 workers for final marking
[2026-04-03T02:37:42.887+0600][47.244s][info][gc,ergo     ] GC(31) Adaptive CSet Selection. Target Free: 212M, Actual Free: 1221M, Max CSet: 64000K, Min Garbage: 0B
[2026-04-03T02:37:42.887+0600][47.244s][info][gc,ergo     ] GC(31) Collectable Garbage: 593M (98%), Immediate: 525M (87%), CSet: 70473K (11%)
[2026-04-03T02:37:42.888+0600][47.244s][info][gc,ergo     ] GC(31) Pacer for Evacuation. Used CSet: 76281K, Free: 1214M, Non-Taxable: 121M, Alloc Tax Rate: 1.1x
[2026-04-03T02:37:42.888+0600][47.244s][info][gc          ] GC(31) Pause Final Mark (unload classes) 0.663ms
[2026-04-03T02:37:42.888+0600][47.244s][info][gc,start    ] GC(31) Concurrent thread roots
[2026-04-03T02:37:42.888+0600][47.244s][info][gc,task     ] GC(31) Using 3 of 6 workers for Concurrent thread roots
[2026-04-03T02:37:42.889+0600][47.245s][info][gc          ] GC(31) Concurrent thread roots 1.125ms
[2026-04-03T02:37:42.889+0600][47.245s][info][gc,start    ] GC(31) Concurrent weak references
[2026-04-03T02:37:42.889+0600][47.245s][info][gc,task     ] GC(31) Using 3 of 6 workers for concurrent weak references
[2026-04-03T02:37:42.890+0600][47.246s][info][gc,ref      ] GC(31) Encountered references: Soft: 3868, Weak: 14681, Final: 84, Phantom: 620
[2026-04-03T02:37:42.890+0600][47.246s][info][gc,ref      ] GC(31) Discovered  references: Soft: 0, Weak: 7638, Final: 52, Phantom: 598
[2026-04-03T02:37:42.890+0600][47.246s][info][gc,ref      ] GC(31) Enqueued    references: Soft: 0, Weak: 385, Final: 0, Phantom: 0
[2026-04-03T02:37:42.890+0600][47.246s][info][gc          ] GC(31) Concurrent weak references 1.095ms
[2026-04-03T02:37:42.890+0600][47.246s][info][gc,start    ] GC(31) Concurrent weak roots
[2026-04-03T02:37:42.890+0600][47.246s][info][gc,task     ] GC(31) Using 3 of 6 workers for concurrent weak root
[2026-04-03T02:37:42.899+0600][47.255s][info][gc          ] GC(31) Concurrent weak roots 9.245ms
[2026-04-03T02:37:42.899+0600][47.256s][info][gc,start    ] GC(31) Concurrent cleanup
[2026-04-03T02:37:42.900+0600][47.256s][info][gc          ] GC(31) Concurrent cleanup 735M->211M(1377M) 0.885ms
[2026-04-03T02:37:42.900+0600][47.256s][info][gc,ergo     ] GC(31) Free: 1206M, Max: 512K regular, 681M humongous, Frag: 44% external, 0% internal; Reserve: 76181K, Max: 512K
[2026-04-03T02:37:42.900+0600][47.257s][info][gc,start    ] GC(31) Concurrent class unloading
[2026-04-03T02:37:42.900+0600][47.257s][info][gc,task     ] GC(31) Using 3 of 6 workers for concurrent class unloading
[2026-04-03T02:37:42.919+0600][47.275s][info][gc          ] GC(31) Concurrent class unloading 18.491ms
[2026-04-03T02:37:42.919+0600][47.275s][info][gc,start    ] GC(31) Concurrent strong roots
[2026-04-03T02:37:42.919+0600][47.275s][info][gc,task     ] GC(31) Using 3 of 6 workers for concurrent strong root
[2026-04-03T02:37:42.921+0600][47.277s][info][gc          ] GC(31) Concurrent strong roots 1.758ms
[2026-04-03T02:37:42.921+0600][47.277s][info][gc,start    ] GC(31) Concurrent evacuation
[2026-04-03T02:37:42.921+0600][47.277s][info][gc,task     ] GC(31) Using 3 of 6 workers for concurrent evacuation
[2026-04-03T02:37:42.924+0600][47.280s][info][gc          ] GC(31) Concurrent evacuation 3.160ms
[2026-04-03T02:37:42.924+0600][47.280s][info][gc,start    ] GC(31) Pause Init Update Refs
[2026-04-03T02:37:42.924+0600][47.281s][info][gc,ergo     ] GC(31) Pacer for Update Refs. Used: 227M, Free: 1194M, Non-Taxable: 119M, Alloc Tax Rate: 1.1x
[2026-04-03T02:37:42.924+0600][47.281s][info][gc          ] GC(31) Pause Init Update Refs 0.138ms
[2026-04-03T02:37:42.924+0600][47.281s][info][gc,start    ] GC(31) Concurrent update references
[2026-04-03T02:37:42.925+0600][47.281s][info][gc,task     ] GC(31) Using 3 of 6 workers for concurrent reference update
[2026-04-03T02:37:42.958+0600][47.314s][info][gc          ] GC(31) Concurrent update references 33.504ms
[2026-04-03T02:37:42.958+0600][47.314s][info][gc,start    ] GC(31) Concurrent update thread roots
[2026-04-03T02:37:42.959+0600][47.316s][info][gc          ] GC(31) Concurrent update thread roots 1.304ms
[2026-04-03T02:37:42.960+0600][47.316s][info][gc,start    ] GC(31) Pause Final Update Refs
[2026-04-03T02:37:42.960+0600][47.316s][info][gc,task     ] GC(31) Using 6 of 6 workers for final reference update
[2026-04-03T02:37:42.960+0600][47.316s][info][gc          ] GC(31) Pause Final Update Refs 0.188ms
[2026-04-03T02:37:42.960+0600][47.316s][info][gc,start    ] GC(31) Concurrent cleanup
[2026-04-03T02:37:42.960+0600][47.317s][info][gc          ] GC(31) Concurrent cleanup 242M->168M(1377M) 0.516ms
[2026-04-03T02:37:42.961+0600][47.317s][info][gc,ergo     ] Free: 1244M, Max: 512K regular, 729M humongous, Frag: 42% external, 0% internal; Reserve: 76800K, Max: 512K
[2026-04-03T02:37:42.961+0600][47.317s][info][gc,stats    ] 
[2026-04-03T02:37:42.961+0600][47.317s][info][gc,stats    ] All times are wall-clock times, except per-root-class counters, that are sum over
[2026-04-03T02:37:42.961+0600][47.317s][info][gc,stats    ] all workers. Dividing the <total> over the root stage time estimates parallelism.
[2026-04-03T02:37:42.961+0600][47.317s][info][gc,stats    ] 
[2026-04-03T02:37:42.961+0600][47.317s][info][gc,stats    ] Concurrent Reset                    997 us
[2026-04-03T02:37:42.961+0600][47.317s][info][gc,stats    ] Pause Init Mark (G)                 322 us
[2026-04-03T02:37:42.961+0600][47.317s][info][gc,stats    ] Pause Init Mark (N)                 125 us
[2026-04-03T02:37:42.961+0600][47.317s][info][gc,stats    ]   Update Region States               24 us
[2026-04-03T02:37:42.961+0600][47.317s][info][gc,stats    ] Concurrent Mark Roots              1152 us, parallelism: 1.78x
[2026-04-03T02:37:42.961+0600][47.317s][info][gc,stats    ]   CMR: <total>                     2048 us
[2026-04-03T02:37:42.961+0600][47.317s][info][gc,stats    ]   CMR: Thread Roots                1709 us, workers (us): 386, 664, 659, ---, ---, ---, 
[2026-04-03T02:37:42.961+0600][47.317s][info][gc,stats    ]   CMR: VM Strong Roots               37 us, workers (us):  35,   1,   1, ---, ---, ---, 
[2026-04-03T02:37:42.961+0600][47.317s][info][gc,stats    ]   CMR: CLDG Roots                   302 us, workers (us): 302, ---, ---, ---, ---, ---, 
[2026-04-03T02:37:42.961+0600][47.317s][info][gc,stats    ] Concurrent Marking                51643 us
[2026-04-03T02:37:42.961+0600][47.317s][info][gc,stats    ] Pause Final Mark (G)                974 us
[2026-04-03T02:37:42.961+0600][47.317s][info][gc,stats    ] Pause Final Mark (N)                677 us
[2026-04-03T02:37:42.961+0600][47.317s][info][gc,stats    ]   Finish Mark                       241 us
[2026-04-03T02:37:42.961+0600][47.317s][info][gc,stats    ]   Update Region States               51 us
[2026-04-03T02:37:42.961+0600][47.317s][info][gc,stats    ]   Choose Collection Set             171 us
[2026-04-03T02:37:42.961+0600][47.317s][info][gc,stats    ]   Rebuild Free Set                   41 us
[2026-04-03T02:37:42.961+0600][47.317s][info][gc,stats    ] Concurrent Thread Roots            1161 us, parallelism: 2.48x
[2026-04-03T02:37:42.961+0600][47.317s][info][gc,stats    ]   CTR: <total>                     2874 us
[2026-04-03T02:37:42.961+0600][47.317s][info][gc,stats    ]   CTR: Thread Roots                2874 us, workers (us): 1022, 987, 865, ---, ---, ---, 
[2026-04-03T02:37:42.961+0600][47.317s][info][gc,stats    ] Concurrent Weak References         1106 us, parallelism: 1.24x
[2026-04-03T02:37:42.961+0600][47.317s][info][gc,stats    ]   CWRF: <total>                    1371 us
[2026-04-03T02:37:42.961+0600][47.317s][info][gc,stats    ]   CWRF: Weak References            1371 us, workers (us): 924,  76, 371, ---, ---, ---, 
[2026-04-03T02:37:42.961+0600][47.317s][info][gc,stats    ] Concurrent Weak Roots              9361 us
[2026-04-03T02:37:42.961+0600][47.317s][info][gc,stats    ]   Roots                            5800 us, parallelism: 2.77x
[2026-04-03T02:37:42.961+0600][47.317s][info][gc,stats    ]     CWR: <total>                  16077 us
[2026-04-03T02:37:42.961+0600][47.317s][info][gc,stats    ]     CWR: Code Cache Roots         12311 us, workers (us): 3992, 4226, 4093, ---, ---, ---, 
[2026-04-03T02:37:42.961+0600][47.317s][info][gc,stats    ]     CWR: VM Weak Roots             3535 us, workers (us): 1175, 1188, 1172, ---, ---, ---, 
[2026-04-03T02:37:42.961+0600][47.317s][info][gc,stats    ]     CWR: CLDG Roots                 231 us, workers (us): 231, ---, ---, ---, ---, ---, 
[2026-04-03T02:37:42.961+0600][47.317s][info][gc,stats    ]   Rendezvous                       3415 us
[2026-04-03T02:37:42.961+0600][47.317s][info][gc,stats    ] Concurrent Cleanup                  943 us
[2026-04-03T02:37:42.961+0600][47.317s][info][gc,stats    ] Concurrent Class Unloading        18606 us
[2026-04-03T02:37:42.961+0600][47.317s][info][gc,stats    ]   Unlink Stale                    17200 us
[2026-04-03T02:37:42.961+0600][47.317s][info][gc,stats    ]     System Dictionary               324 us
[2026-04-03T02:37:42.961+0600][47.317s][info][gc,stats    ]     Weak Class Links                  0 us
[2026-04-03T02:37:42.961+0600][47.317s][info][gc,stats    ]     Code Roots                    16873 us
[2026-04-03T02:37:42.961+0600][47.317s][info][gc,stats    ]   Rendezvous                        483 us
[2026-04-03T02:37:42.961+0600][47.317s][info][gc,stats    ]   Purge Unlinked                    767 us
[2026-04-03T02:37:42.961+0600][47.317s][info][gc,stats    ]     Code Roots                      754 us
[2026-04-03T02:37:42.961+0600][47.317s][info][gc,stats    ]     CLDG                             12 us
[2026-04-03T02:37:42.961+0600][47.317s][info][gc,stats    ]     Exception Caches                  1 us
[2026-04-03T02:37:42.961+0600][47.317s][info][gc,stats    ] Concurrent Strong Roots            1829 us, parallelism: 0.76x
[2026-04-03T02:37:42.961+0600][47.317s][info][gc,stats    ]   CSR: <total>                     1395 us
[2026-04-03T02:37:42.961+0600][47.317s][info][gc,stats    ]   CSR: VM Strong Roots               74 us, workers (us):  48,  26,   0, ---, ---, ---, 
[2026-04-03T02:37:42.961+0600][47.317s][info][gc,stats    ]   CSR: CLDG Roots                  1321 us, workers (us): ---, 1321, ---, ---, ---, ---, 
[2026-04-03T02:37:42.961+0600][47.317s][info][gc,stats    ] Concurrent Evacuation              3206 us
[2026-04-03T02:37:42.961+0600][47.317s][info][gc,stats    ] Pause Init Update Refs (G)          540 us
[2026-04-03T02:37:42.961+0600][47.317s][info][gc,stats    ] Pause Init Update Refs (N)          152 us
[2026-04-03T02:37:42.961+0600][47.317s][info][gc,stats    ]   Manage GCLABs                      58 us
[2026-04-03T02:37:42.961+0600][47.317s][info][gc,stats    ] Concurrent Update Refs            33571 us
[2026-04-03T02:37:42.961+0600][47.317s][info][gc,stats    ] Concurrent Update Thread Roots     1374 us
[2026-04-03T02:37:42.961+0600][47.317s][info][gc,stats    ] Pause Final Update Refs (G)         466 us
[2026-04-03T02:37:42.961+0600][47.317s][info][gc,stats    ] Pause Final Update Refs (N)         205 us
[2026-04-03T02:37:42.961+0600][47.317s][info][gc,stats    ]   Update Region States               89 us
[2026-04-03T02:37:42.961+0600][47.317s][info][gc,stats    ]   Trash Collection Set                9 us
[2026-04-03T02:37:42.961+0600][47.317s][info][gc,stats    ]   Rebuild Free Set                   33 us
[2026-04-03T02:37:42.961+0600][47.318s][info][gc,stats    ] Concurrent Cleanup                  544 us
[2026-04-03T02:37:42.961+0600][47.318s][info][gc,stats    ] 
[2026-04-03T02:37:42.961+0600][47.318s][info][gc,stats    ] Allocation pacing accrued:
[2026-04-03T02:37:42.961+0600][47.318s][info][gc,stats    ]       0 of   230 ms (  0.0%): <total>
[2026-04-03T02:37:42.961+0600][47.318s][info][gc,stats    ]       0 of   230 ms (  0.0%): <average total>
[2026-04-03T02:37:42.961+0600][47.318s][info][gc,stats    ] 
[2026-04-03T02:37:42.961+0600][47.318s][info][gc,metaspace] Metaspace: 131149K(132352K)->131184K(132352K) NonClass: 114605K(115264K)->114641K(115264K) Class: 16543K(17088K)->16543K(17088K)
[2026-04-03T02:37:42.961+0600][47.318s][info][gc,ergo     ] Pacer for Idle. Initial: 30720K, Alloc Tax Rate: 1.0x
[2026-04-03T02:37:43.938+0600][48.294s][info][gc          ] Trigger: Average GC time (159.94 ms) is above the time for average allocation rate (1209 MB/s) to deplete free headroom (190M) (margin of error = 1.87)
[2026-04-03T02:37:43.938+0600][48.294s][info][gc,ergo     ] Free headroom: 265M (free) - 76800K (spike) - 0B (penalties) = 190M
[2026-04-03T02:37:43.938+0600][48.294s][info][gc,ergo     ] Free: 265M, Max: 512K regular, 195M humongous, Frag: 27% external, 1% internal; Reserve: 76800K, Max: 512K
[2026-04-03T02:37:43.938+0600][48.294s][info][gc,start    ] GC(32) Concurrent reset
[2026-04-03T02:37:43.938+0600][48.294s][info][gc,task     ] GC(32) Using 3 of 6 workers for concurrent reset
[2026-04-03T02:37:43.938+0600][48.294s][info][gc,ergo     ] GC(32) Pacer for Reset. Non-Taxable: 1500M
[2026-04-03T02:37:43.939+0600][48.296s][info][gc          ] GC(32) Concurrent reset 1.250ms
[2026-04-03T02:37:43.940+0600][48.296s][info][gc,start    ] GC(32) Pause Init Mark (unload classes)
[2026-04-03T02:37:43.940+0600][48.296s][info][gc,task     ] GC(32) Using 6 of 6 workers for init marking
[2026-04-03T02:37:43.940+0600][48.296s][info][gc,ergo     ] GC(32) Pacer for Mark. Expected Live: 92331K, Free: 263M, Non-Taxable: 26983K, Alloc Tax Rate: 0.4x
[2026-04-03T02:37:43.940+0600][48.296s][info][gc          ] GC(32) Pause Init Mark (unload classes) 0.149ms
[2026-04-03T02:37:43.940+0600][48.296s][info][gc,start    ] GC(32) Concurrent marking roots
[2026-04-03T02:37:43.940+0600][48.296s][info][gc,task     ] GC(32) Using 3 of 6 workers for concurrent marking roots
[2026-04-03T02:37:43.942+0600][48.298s][info][gc          ] GC(32) Concurrent marking roots 1.463ms
[2026-04-03T02:37:43.942+0600][48.298s][info][gc,start    ] GC(32) Concurrent marking (unload classes)
[2026-04-03T02:37:43.942+0600][48.298s][info][gc,task     ] GC(32) Using 3 of 6 workers for concurrent marking
[2026-04-03T02:37:44.009+0600][48.366s][info][gc          ] GC(32) Concurrent marking (unload classes) 67.903ms
[2026-04-03T02:37:44.010+0600][48.366s][info][gc,start    ] GC(32) Pause Final Mark (unload classes)
[2026-04-03T02:37:44.010+0600][48.366s][info][gc,task     ] GC(32) Using 6 of 6 workers for final marking
[2026-04-03T02:37:44.010+0600][48.366s][info][gc,ergo     ] GC(32) Adaptive CSet Selection. Target Free: 212M, Actual Free: 1031M, Max CSet: 64000K, Min Garbage: 0B
[2026-04-03T02:37:44.010+0600][48.366s][info][gc,ergo     ] GC(32) Collectable Garbage: 960M (99%), Immediate: 736M (76%), CSet: 223M (23%)
[2026-04-03T02:37:44.010+0600][48.366s][info][gc,ergo     ] GC(32) Pacer for Evacuation. Used CSet: 229M, Free: 1056M, Non-Taxable: 105M, Alloc Tax Rate: 1.1x
[2026-04-03T02:37:44.010+0600][48.366s][info][gc          ] GC(32) Pause Final Mark (unload classes) 0.624ms
[2026-04-03T02:37:44.010+0600][48.366s][info][gc,start    ] GC(32) Concurrent thread roots
[2026-04-03T02:37:44.010+0600][48.367s][info][gc,task     ] GC(32) Using 3 of 6 workers for Concurrent thread roots
[2026-04-03T02:37:44.011+0600][48.367s][info][gc          ] GC(32) Concurrent thread roots 0.953ms
[2026-04-03T02:37:44.011+0600][48.367s][info][gc,start    ] GC(32) Concurrent weak references
[2026-04-03T02:37:44.011+0600][48.367s][info][gc,task     ] GC(32) Using 3 of 6 workers for concurrent weak references
[2026-04-03T02:37:44.012+0600][48.368s][info][gc,ref      ] GC(32) Encountered references: Soft: 3873, Weak: 15943, Final: 84, Phantom: 620
[2026-04-03T02:37:44.012+0600][48.368s][info][gc,ref      ] GC(32) Discovered  references: Soft: 0, Weak: 8503, Final: 48, Phantom: 596
[2026-04-03T02:37:44.012+0600][48.368s][info][gc,ref      ] GC(32) Enqueued    references: Soft: 0, Weak: 260, Final: 0, Phantom: 0
[2026-04-03T02:37:44.012+0600][48.368s][info][gc          ] GC(32) Concurrent weak references 0.909ms
[2026-04-03T02:37:44.012+0600][48.368s][info][gc,start    ] GC(32) Concurrent weak roots
[2026-04-03T02:37:44.012+0600][48.368s][info][gc,task     ] GC(32) Using 3 of 6 workers for concurrent weak root
[2026-04-03T02:37:44.017+0600][48.373s][info][gc          ] GC(32) Concurrent weak roots 4.789ms
[2026-04-03T02:37:44.017+0600][48.373s][info][gc,start    ] GC(32) Concurrent cleanup
[2026-04-03T02:37:44.018+0600][48.374s][info][gc          ] GC(32) Concurrent cleanup 1109M->372M(1377M) 0.985ms
[2026-04-03T02:37:44.018+0600][48.374s][info][gc,ergo     ] GC(32) Free: 1044M, Max: 512K regular, 139M humongous, Frag: 87% external, 0% internal; Reserve: 76332K, Max: 512K
[2026-04-03T02:37:44.018+0600][48.374s][info][gc,start    ] GC(32) Concurrent class unloading
[2026-04-03T02:37:44.018+0600][48.374s][info][gc,task     ] GC(32) Using 3 of 6 workers for concurrent class unloading
[2026-04-03T02:37:44.038+0600][48.394s][info][gc          ] GC(32) Concurrent class unloading 19.784ms
[2026-04-03T02:37:44.038+0600][48.394s][info][gc,start    ] GC(32) Concurrent strong roots
[2026-04-03T02:37:44.038+0600][48.394s][info][gc,task     ] GC(32) Using 3 of 6 workers for concurrent strong root
[2026-04-03T02:37:44.040+0600][48.396s][info][gc          ] GC(32) Concurrent strong roots 1.658ms
[2026-04-03T02:37:44.040+0600][48.396s][info][gc,start    ] GC(32) Concurrent evacuation
[2026-04-03T02:37:44.040+0600][48.396s][info][gc,task     ] GC(32) Using 3 of 6 workers for concurrent evacuation
[2026-04-03T02:37:44.043+0600][48.399s][info][gc          ] GC(32) Concurrent evacuation 2.854ms
[2026-04-03T02:37:44.043+0600][48.399s][info][gc,start    ] GC(32) Pause Init Update Refs
[2026-04-03T02:37:44.043+0600][48.399s][info][gc,ergo     ] GC(32) Pacer for Update Refs. Used: 388M, Free: 1034M, Non-Taxable: 103M, Alloc Tax Rate: 1.1x
[2026-04-03T02:37:44.043+0600][48.399s][info][gc          ] GC(32) Pause Init Update Refs 0.121ms
[2026-04-03T02:37:44.043+0600][48.399s][info][gc,start    ] GC(32) Concurrent update references
[2026-04-03T02:37:44.043+0600][48.399s][info][gc,task     ] GC(32) Using 3 of 6 workers for concurrent reference update
[2026-04-03T02:37:44.094+0600][48.450s][info][gc          ] GC(32) Concurrent update references 50.340ms
[2026-04-03T02:37:44.094+0600][48.450s][info][gc,start    ] GC(32) Concurrent update thread roots
[2026-04-03T02:37:44.095+0600][48.452s][info][gc          ] GC(32) Concurrent update thread roots 1.677ms
[2026-04-03T02:37:44.096+0600][48.452s][info][gc,start    ] GC(32) Pause Final Update Refs
[2026-04-03T02:37:44.096+0600][48.452s][info][gc,task     ] GC(32) Using 6 of 6 workers for final reference update
[2026-04-03T02:37:44.096+0600][48.452s][info][gc          ] GC(32) Pause Final Update Refs 0.238ms
[2026-04-03T02:37:44.096+0600][48.452s][info][gc,start    ] GC(32) Concurrent cleanup
[2026-04-03T02:37:44.097+0600][48.453s][info][gc          ] GC(32) Concurrent cleanup 414M->186M(1377M) 0.620ms
[2026-04-03T02:37:44.097+0600][48.453s][info][gc,ergo     ] Free: 1229M, Max: 512K regular, 803M humongous, Frag: 35% external, 0% internal; Reserve: 76800K, Max: 512K
[2026-04-03T02:37:44.097+0600][48.453s][info][gc,stats    ] 
[2026-04-03T02:37:44.097+0600][48.453s][info][gc,stats    ] All times are wall-clock times, except per-root-class counters, that are sum over
[2026-04-03T02:37:44.097+0600][48.453s][info][gc,stats    ] all workers. Dividing the <total> over the root stage time estimates parallelism.
[2026-04-03T02:37:44.097+0600][48.453s][info][gc,stats    ] 
[2026-04-03T02:37:44.097+0600][48.453s][info][gc,stats    ] Concurrent Reset                   1292 us
[2026-04-03T02:37:44.097+0600][48.453s][info][gc,stats    ] Pause Init Mark (G)                 555 us
[2026-04-03T02:37:44.097+0600][48.453s][info][gc,stats    ] Pause Init Mark (N)                 159 us
[2026-04-03T02:37:44.097+0600][48.453s][info][gc,stats    ]   Update Region States               36 us
[2026-04-03T02:37:44.097+0600][48.453s][info][gc,stats    ] Concurrent Mark Roots              1498 us, parallelism: 2.01x
[2026-04-03T02:37:44.097+0600][48.453s][info][gc,stats    ]   CMR: <total>                     3013 us
[2026-04-03T02:37:44.097+0600][48.453s][info][gc,stats    ]   CMR: Thread Roots                2692 us, workers (us): 992, 719, 982, ---, ---, ---, 
[2026-04-03T02:37:44.097+0600][48.453s][info][gc,stats    ]   CMR: VM Strong Roots               69 us, workers (us):  27,  23,  19, ---, ---, ---, 
[2026-04-03T02:37:44.097+0600][48.453s][info][gc,stats    ]   CMR: CLDG Roots                   252 us, workers (us): ---, 252, ---, ---, ---, ---, 
[2026-04-03T02:37:44.097+0600][48.453s][info][gc,stats    ] Concurrent Marking                67979 us
[2026-04-03T02:37:44.097+0600][48.453s][info][gc,stats    ] Pause Final Mark (G)                724 us
[2026-04-03T02:37:44.097+0600][48.453s][info][gc,stats    ] Pause Final Mark (N)                635 us
[2026-04-03T02:37:44.097+0600][48.453s][info][gc,stats    ]   Finish Mark                       256 us
[2026-04-03T02:37:44.097+0600][48.453s][info][gc,stats    ]   Update Region States               39 us
[2026-04-03T02:37:44.097+0600][48.453s][info][gc,stats    ]   Choose Collection Set             219 us
[2026-04-03T02:37:44.097+0600][48.453s][info][gc,stats    ]   Rebuild Free Set                   41 us
[2026-04-03T02:37:44.097+0600][48.453s][info][gc,stats    ] Concurrent Thread Roots             978 us, parallelism: 2.50x
[2026-04-03T02:37:44.097+0600][48.453s][info][gc,stats    ]   CTR: <total>                     2440 us
[2026-04-03T02:37:44.097+0600][48.453s][info][gc,stats    ]   CTR: Thread Roots                2440 us, workers (us): 879, 773, 788, ---, ---, ---, 
[2026-04-03T02:37:44.097+0600][48.453s][info][gc,stats    ] Concurrent Weak References          920 us, parallelism: 1.04x
[2026-04-03T02:37:44.097+0600][48.453s][info][gc,stats    ]   CWRF: <total>                     957 us
[2026-04-03T02:37:44.097+0600][48.453s][info][gc,stats    ]   CWRF: Weak References             957 us, workers (us): 115, 669, 173, ---, ---, ---, 
[2026-04-03T02:37:44.097+0600][48.453s][info][gc,stats    ] Concurrent Weak Roots              4922 us
[2026-04-03T02:37:44.097+0600][48.453s][info][gc,stats    ]   Roots                            4368 us, parallelism: 2.77x
[2026-04-03T02:37:44.097+0600][48.453s][info][gc,stats    ]     CWR: <total>                  12111 us
[2026-04-03T02:37:44.097+0600][48.453s][info][gc,stats    ]     CWR: Code Cache Roots          8722 us, workers (us): 2924, 2887, 2912, ---, ---, ---, 
[2026-04-03T02:37:44.097+0600][48.453s][info][gc,stats    ]     CWR: VM Weak Roots             3262 us, workers (us): 1090, 1085, 1087, ---, ---, ---, 
[2026-04-03T02:37:44.097+0600][48.453s][info][gc,stats    ]     CWR: CLDG Roots                 127 us, workers (us): ---, 127, ---, ---, ---, ---, 
[2026-04-03T02:37:44.097+0600][48.453s][info][gc,stats    ]   Rendezvous                        397 us
[2026-04-03T02:37:44.097+0600][48.453s][info][gc,stats    ] Concurrent Cleanup                 1024 us
[2026-04-03T02:37:44.097+0600][48.453s][info][gc,stats    ] Concurrent Class Unloading        19888 us
[2026-04-03T02:37:44.097+0600][48.453s][info][gc,stats    ]   Unlink Stale                    16490 us
[2026-04-03T02:37:44.097+0600][48.453s][info][gc,stats    ]     System Dictionary               258 us
[2026-04-03T02:37:44.097+0600][48.453s][info][gc,stats    ]     Weak Class Links                  0 us
[2026-04-03T02:37:44.097+0600][48.453s][info][gc,stats    ]     Code Roots                    16229 us
[2026-04-03T02:37:44.097+0600][48.453s][info][gc,stats    ]   Rendezvous                        283 us
[2026-04-03T02:37:44.097+0600][48.453s][info][gc,stats    ]   Purge Unlinked                   2971 us
[2026-04-03T02:37:44.097+0600][48.453s][info][gc,stats    ]     Code Roots                     2945 us
[2026-04-03T02:37:44.097+0600][48.453s][info][gc,stats    ]     CLDG                             25 us
[2026-04-03T02:37:44.097+0600][48.453s][info][gc,stats    ]     Exception Caches                  1 us
[2026-04-03T02:37:44.097+0600][48.453s][info][gc,stats    ] Concurrent Strong Roots            1708 us, parallelism: 0.75x
[2026-04-03T02:37:44.097+0600][48.453s][info][gc,stats    ]   CSR: <total>                     1276 us
[2026-04-03T02:37:44.097+0600][48.453s][info][gc,stats    ]   CSR: VM Strong Roots               59 us, workers (us):  40,  18,   1, ---, ---, ---, 
[2026-04-03T02:37:44.097+0600][48.453s][info][gc,stats    ]   CSR: CLDG Roots                  1216 us, workers (us): ---, 1216, ---, ---, ---, ---, 
[2026-04-03T02:37:44.097+0600][48.453s][info][gc,stats    ] Concurrent Evacuation              2939 us
[2026-04-03T02:37:44.097+0600][48.453s][info][gc,stats    ] Pause Init Update Refs (G)          427 us
[2026-04-03T02:37:44.097+0600][48.453s][info][gc,stats    ] Pause Init Update Refs (N)          134 us
[2026-04-03T02:37:44.097+0600][48.453s][info][gc,stats    ]   Manage GCLABs                      40 us
[2026-04-03T02:37:44.097+0600][48.453s][info][gc,stats    ] Concurrent Update Refs            50446 us
[2026-04-03T02:37:44.097+0600][48.453s][info][gc,stats    ] Concurrent Update Thread Roots     1725 us
[2026-04-03T02:37:44.097+0600][48.453s][info][gc,stats    ] Pause Final Update Refs (G)         552 us
[2026-04-03T02:37:44.097+0600][48.453s][info][gc,stats    ] Pause Final Update Refs (N)         259 us
[2026-04-03T02:37:44.097+0600][48.454s][info][gc,stats    ]   Update Region States               74 us
[2026-04-03T02:37:44.097+0600][48.454s][info][gc,stats    ]   Trash Collection Set               23 us
[2026-04-03T02:37:44.097+0600][48.454s][info][gc,stats    ]   Rebuild Free Set                   45 us
[2026-04-03T02:37:44.097+0600][48.454s][info][gc,stats    ] Concurrent Cleanup                  643 us
[2026-04-03T02:37:44.097+0600][48.454s][info][gc,stats    ] Pacing                           156918 us
[2026-04-03T02:37:44.097+0600][48.454s][info][gc,stats    ] 
[2026-04-03T02:37:44.097+0600][48.454s][info][gc,stats    ] Allocation pacing accrued:
[2026-04-03T02:37:44.097+0600][48.454s][info][gc,stats    ]       6 of  1136 ms (  0.6%): dispatcher-BlockManagerMaster
[2026-04-03T02:37:44.097+0600][48.454s][info][gc,stats    ]      10 of  1136 ms (  0.9%): Spark Context Cleaner
[2026-04-03T02:37:44.097+0600][48.454s][info][gc,stats    ]      11 of  1136 ms (  1.0%): Executor task launch worker for task 6.0 in stage 1423.0 (TID 2749)
[2026-04-03T02:37:44.097+0600][48.454s][info][gc,stats    ]      20 of  1136 ms (  1.8%): Executor task launch worker for task 5.0 in stage 1423.0 (TID 2748)
[2026-04-03T02:37:44.097+0600][48.454s][info][gc,stats    ]      21 of  1136 ms (  1.9%): Executor task launch worker for task 1.0 in stage 1423.0 (TID 2744)
[2026-04-03T02:37:44.097+0600][48.454s][info][gc,stats    ]      17 of  1136 ms (  1.5%): Executor task launch worker for task 3.0 in stage 1423.0 (TID 2746)
[2026-04-03T02:37:44.097+0600][48.454s][info][gc,stats    ]      16 of  1136 ms (  1.4%): Executor task launch worker for task 4.0 in stage 1423.0 (TID 2747)
[2026-04-03T02:37:44.097+0600][48.454s][info][gc,stats    ]      21 of  1136 ms (  1.9%): Executor task launch worker for task 2.0 in stage 1423.0 (TID 2745)
[2026-04-03T02:37:44.097+0600][48.454s][info][gc,stats    ]      11 of  1136 ms (  1.0%): Executor task launch worker for task 7.0 in stage 1423.0 (TID 2750)
[2026-04-03T02:37:44.097+0600][48.454s][info][gc,stats    ]      21 of  1136 ms (  1.9%): Executor task launch worker for task 0.0 in stage 1423.0 (TID 2743)
[2026-04-03T02:37:44.097+0600][48.454s][info][gc,stats    ]     157 of  1136 ms ( 13.8%): <total>
[2026-04-03T02:37:44.097+0600][48.454s][info][gc,stats    ]       1 of  1136 ms (  0.0%): <average total>
[2026-04-03T02:37:44.098+0600][48.454s][info][gc,stats    ]      16 of  1136 ms (  1.4%): <average non-zero>
[2026-04-03T02:37:44.098+0600][48.454s][info][gc,stats    ] 
[2026-04-03T02:37:44.098+0600][48.454s][info][gc,metaspace] Metaspace: 131214K(132416K)->131227K(132416K) NonClass: 114670K(115328K)->114682K(115328K) Class: 16544K(17088K)->16544K(17088K)
[2026-04-03T02:37:44.098+0600][48.454s][info][gc,ergo     ] Pacer for Idle. Initial: 30720K, Alloc Tax Rate: 1.0x
[2026-04-03T02:37:45.092+0600][49.448s][info][gc          ] Trigger: Explicit GC request (System.gc())
[2026-04-03T02:37:45.092+0600][49.448s][info][gc,ergo     ] Free: 241M, Max: 512K regular, 139M humongous, Frag: 42% external, 1% internal; Reserve: 76800K, Max: 512K
[2026-04-03T02:37:45.092+0600][49.448s][info][gc,start    ] GC(33) Concurrent reset
[2026-04-03T02:37:45.092+0600][49.448s][info][gc,task     ] GC(33) Using 3 of 6 workers for concurrent reset
[2026-04-03T02:37:45.092+0600][49.448s][info][gc,ergo     ] GC(33) Pacer for Reset. Non-Taxable: 1500M
[2026-04-03T02:37:45.093+0600][49.450s][info][gc          ] GC(33) Concurrent reset 1.214ms
[2026-04-03T02:37:45.094+0600][49.450s][info][gc,start    ] GC(33) Pause Init Mark (unload classes)
[2026-04-03T02:37:45.094+0600][49.450s][info][gc,task     ] GC(33) Using 6 of 6 workers for init marking
[2026-04-03T02:37:45.094+0600][49.450s][info][gc,ref      ] GC(33) Clearing All SoftReferences
[2026-04-03T02:37:45.094+0600][49.450s][info][gc,ergo     ] GC(33) Pacer for Mark. Expected Live: 92796K, Free: 241M, Non-Taxable: 24701K, Alloc Tax Rate: 0.5x
[2026-04-03T02:37:45.094+0600][49.450s][info][gc          ] GC(33) Pause Init Mark (unload classes) 0.145ms
[2026-04-03T02:37:45.094+0600][49.450s][info][gc,start    ] GC(33) Concurrent marking roots
[2026-04-03T02:37:45.094+0600][49.450s][info][gc,task     ] GC(33) Using 3 of 6 workers for concurrent marking roots
[2026-04-03T02:37:45.095+0600][49.451s][info][gc          ] GC(33) Concurrent marking roots 1.302ms
[2026-04-03T02:37:45.095+0600][49.452s][info][gc,start    ] GC(33) Concurrent marking (unload classes)
[2026-04-03T02:37:45.095+0600][49.452s][info][gc,task     ] GC(33) Using 3 of 6 workers for concurrent marking
[2026-04-03T02:37:45.144+0600][49.500s][info][gc          ] GC(33) Concurrent marking (unload classes) 48.368ms
[2026-04-03T02:37:45.144+0600][49.500s][info][gc,start    ] GC(33) Pause Final Mark (unload classes)
[2026-04-03T02:37:45.144+0600][49.500s][info][gc,task     ] GC(33) Using 6 of 6 workers for final marking
[2026-04-03T02:37:45.145+0600][49.501s][info][gc,ergo     ] GC(33) Adaptive CSet Selection. Target Free: 212M, Actual Free: 1128M, Max CSet: 64000K, Min Garbage: 0B
[2026-04-03T02:37:45.145+0600][49.501s][info][gc,ergo     ] GC(33) Collectable Garbage: 1012M (99%), Immediate: 813M (79%), CSet: 199M (19%)
[2026-04-03T02:37:45.145+0600][49.501s][info][gc,ergo     ] GC(33) Pacer for Evacuation. Used CSet: 209M, Free: 1128M, Non-Taxable: 112M, Alloc Tax Rate: 1.1x
[2026-04-03T02:37:45.145+0600][49.501s][info][gc          ] GC(33) Pause Final Mark (unload classes) 0.897ms
[2026-04-03T02:37:45.145+0600][49.501s][info][gc,start    ] GC(33) Concurrent thread roots
[2026-04-03T02:37:45.145+0600][49.501s][info][gc,task     ] GC(33) Using 3 of 6 workers for Concurrent thread roots
[2026-04-03T02:37:45.146+0600][49.502s][info][gc          ] GC(33) Concurrent thread roots 1.119ms
[2026-04-03T02:37:45.146+0600][49.502s][info][gc,start    ] GC(33) Concurrent weak references
[2026-04-03T02:37:45.146+0600][49.502s][info][gc,task     ] GC(33) Using 3 of 6 workers for concurrent weak references
[2026-04-03T02:37:45.147+0600][49.504s][info][gc,ref      ] GC(33) Encountered references: Soft: 3645, Weak: 17251, Final: 84, Phantom: 620
[2026-04-03T02:37:45.147+0600][49.504s][info][gc,ref      ] GC(33) Discovered  references: Soft: 3361, Weak: 6379, Final: 0, Phantom: 615
[2026-04-03T02:37:45.147+0600][49.504s][info][gc,ref      ] GC(33) Enqueued    references: Soft: 748, Weak: 3165, Final: 0, Phantom: 0
[2026-04-03T02:37:45.147+0600][49.504s][info][gc          ] GC(33) Concurrent weak references 1.289ms
[2026-04-03T02:37:45.147+0600][49.504s][info][gc,start    ] GC(33) Concurrent weak roots
[2026-04-03T02:37:45.148+0600][49.504s][info][gc,task     ] GC(33) Using 3 of 6 workers for concurrent weak root
[2026-04-03T02:37:45.153+0600][49.509s][info][gc          ] GC(33) Concurrent weak roots 5.408ms
[2026-04-03T02:37:45.153+0600][49.509s][info][gc,start    ] GC(33) Concurrent cleanup
[2026-04-03T02:37:45.154+0600][49.510s][info][gc          ] GC(33) Concurrent cleanup 1108M->295M(1377M) 0.966ms
[2026-04-03T02:37:45.154+0600][49.510s][info][gc,ergo     ] GC(33) Free: 1128M, Max: 512K regular, 145M humongous, Frag: 88% external, 0% internal; Reserve: 75983K, Max: 512K
[2026-04-03T02:37:45.154+0600][49.510s][info][gc,start    ] GC(33) Concurrent class unloading
[2026-04-03T02:37:45.154+0600][49.510s][info][gc,task     ] GC(33) Using 3 of 6 workers for concurrent class unloading
[2026-04-03T02:37:45.232+0600][49.588s][info][gc          ] GC(33) Concurrent class unloading 77.941ms
[2026-04-03T02:37:45.232+0600][49.588s][info][gc,start    ] GC(33) Concurrent strong roots
[2026-04-03T02:37:45.232+0600][49.588s][info][gc,task     ] GC(33) Using 3 of 6 workers for concurrent strong root
[2026-04-03T02:37:45.234+0600][49.590s][info][gc          ] GC(33) Concurrent strong roots 1.634ms
[2026-04-03T02:37:45.234+0600][49.590s][info][gc,start    ] GC(33) Concurrent evacuation
[2026-04-03T02:37:45.234+0600][49.590s][info][gc,task     ] GC(33) Using 3 of 6 workers for concurrent evacuation
[2026-04-03T02:37:45.239+0600][49.595s][info][gc          ] GC(33) Concurrent evacuation 5.363ms
[2026-04-03T02:37:45.239+0600][49.596s][info][gc,start    ] GC(33) Pause Init Update Refs
[2026-04-03T02:37:45.240+0600][49.596s][info][gc,ergo     ] GC(33) Pacer for Update Refs. Used: 307M, Free: 1125M, Non-Taxable: 112M, Alloc Tax Rate: 1.1x
[2026-04-03T02:37:45.240+0600][49.596s][info][gc          ] GC(33) Pause Init Update Refs 0.255ms
[2026-04-03T02:37:45.240+0600][49.596s][info][gc,start    ] GC(33) Concurrent update references
[2026-04-03T02:37:45.240+0600][49.596s][info][gc,task     ] GC(33) Using 3 of 6 workers for concurrent reference update
[2026-04-03T02:37:45.277+0600][49.633s][info][gc          ] GC(33) Concurrent update references 37.086ms
[2026-04-03T02:37:45.277+0600][49.633s][info][gc,start    ] GC(33) Concurrent update thread roots
[2026-04-03T02:37:45.278+0600][49.635s][info][gc          ] GC(33) Concurrent update thread roots 1.386ms
[2026-04-03T02:37:45.279+0600][49.635s][info][gc,start    ] GC(33) Pause Final Update Refs
[2026-04-03T02:37:45.279+0600][49.635s][info][gc,task     ] GC(33) Using 6 of 6 workers for final reference update
[2026-04-03T02:37:45.279+0600][49.635s][info][gc          ] GC(33) Pause Final Update Refs 0.221ms
[2026-04-03T02:37:45.279+0600][49.635s][info][gc,start    ] GC(33) Concurrent cleanup
[2026-04-03T02:37:45.279+0600][49.636s][info][gc          ] GC(33) Concurrent cleanup 307M->98M(1377M) 0.344ms
[2026-04-03T02:37:45.279+0600][49.636s][info][gc,ergo     ] Free: 1324M, Max: 512K regular, 768M humongous, Frag: 42% external, 0% internal; Reserve: 76800K, Max: 512K
[2026-04-03T02:37:45.279+0600][49.636s][info][gc,stats    ] 
[2026-04-03T02:37:45.280+0600][49.636s][info][gc,stats    ] All times are wall-clock times, except per-root-class counters, that are sum over
[2026-04-03T02:37:45.280+0600][49.636s][info][gc,stats    ] all workers. Dividing the <total> over the root stage time estimates parallelism.
[2026-04-03T02:37:45.280+0600][49.636s][info][gc,stats    ] 
[2026-04-03T02:37:45.280+0600][49.636s][info][gc,stats    ] Concurrent Reset                   1284 us
[2026-04-03T02:37:45.280+0600][49.636s][info][gc,stats    ] Pause Init Mark (G)                 530 us
[2026-04-03T02:37:45.280+0600][49.636s][info][gc,stats    ] Pause Init Mark (N)                 156 us
[2026-04-03T02:37:45.280+0600][49.636s][info][gc,stats    ]   Update Region States               31 us
[2026-04-03T02:37:45.280+0600][49.636s][info][gc,stats    ] Concurrent Mark Roots              1352 us, parallelism: 1.77x
[2026-04-03T02:37:45.280+0600][49.636s][info][gc,stats    ]   CMR: <total>                     2390 us
[2026-04-03T02:37:45.280+0600][49.636s][info][gc,stats    ]   CMR: Thread Roots                2124 us, workers (us): 777, 563, 784, ---, ---, ---, 
[2026-04-03T02:37:45.280+0600][49.636s][info][gc,stats    ]   CMR: VM Strong Roots               51 us, workers (us):  39,  12,   0, ---, ---, ---, 
[2026-04-03T02:37:45.280+0600][49.636s][info][gc,stats    ]   CMR: CLDG Roots                   214 us, workers (us): ---, 214, ---, ---, ---, ---, 
[2026-04-03T02:37:45.280+0600][49.636s][info][gc,stats    ] Concurrent Marking                48484 us
[2026-04-03T02:37:45.280+0600][49.636s][info][gc,stats    ] Pause Final Mark (G)               1178 us
[2026-04-03T02:37:45.280+0600][49.636s][info][gc,stats    ] Pause Final Mark (N)                913 us
[2026-04-03T02:37:45.280+0600][49.636s][info][gc,stats    ]   Finish Mark                       369 us
[2026-04-03T02:37:45.280+0600][49.636s][info][gc,stats    ]   Update Region States               68 us
[2026-04-03T02:37:45.280+0600][49.636s][info][gc,stats    ]   Choose Collection Set             281 us
[2026-04-03T02:37:45.280+0600][49.636s][info][gc,stats    ]   Rebuild Free Set                   40 us
[2026-04-03T02:37:45.280+0600][49.636s][info][gc,stats    ] Concurrent Thread Roots            1223 us, parallelism: 2.19x
[2026-04-03T02:37:45.280+0600][49.636s][info][gc,stats    ]   CTR: <total>                     2683 us
[2026-04-03T02:37:45.280+0600][49.636s][info][gc,stats    ]   CTR: Thread Roots                2683 us, workers (us): 896, 906, 881, ---, ---, ---, 
[2026-04-03T02:37:45.280+0600][49.636s][info][gc,stats    ] Concurrent Weak References         1303 us, parallelism: 1.49x
[2026-04-03T02:37:45.280+0600][49.636s][info][gc,stats    ]   CWRF: <total>                    1943 us
[2026-04-03T02:37:45.280+0600][49.636s][info][gc,stats    ]   CWRF: Weak References            1943 us, workers (us): 835, 1004, 104, ---, ---, ---, 
[2026-04-03T02:37:45.280+0600][49.636s][info][gc,stats    ] Concurrent Weak Roots              5496 us
[2026-04-03T02:37:45.280+0600][49.636s][info][gc,stats    ]   Roots                            4828 us, parallelism: 2.69x
[2026-04-03T02:37:45.280+0600][49.636s][info][gc,stats    ]     CWR: <total>                  13010 us
[2026-04-03T02:37:45.280+0600][49.636s][info][gc,stats    ]     CWR: Code Cache Roots          9577 us, workers (us): 2995, 3298, 3284, ---, ---, ---, 
[2026-04-03T02:37:45.280+0600][49.636s][info][gc,stats    ]     CWR: VM Weak Roots             3203 us, workers (us): 1079, 1078, 1045, ---, ---, ---, 
[2026-04-03T02:37:45.280+0600][49.636s][info][gc,stats    ]     CWR: CLDG Roots                 230 us, workers (us): 230, ---, ---, ---, ---, ---, 
[2026-04-03T02:37:45.280+0600][49.636s][info][gc,stats    ]   Rendezvous                        543 us
[2026-04-03T02:37:45.280+0600][49.636s][info][gc,stats    ] Concurrent Cleanup                  990 us
[2026-04-03T02:37:45.280+0600][49.636s][info][gc,stats    ] Concurrent Class Unloading        78050 us
[2026-04-03T02:37:45.280+0600][49.636s][info][gc,stats    ]   Unlink Stale                    52695 us
[2026-04-03T02:37:45.280+0600][49.636s][info][gc,stats    ]     System Dictionary              1126 us
[2026-04-03T02:37:45.280+0600][49.636s][info][gc,stats    ]     Weak Class Links              31329 us
[2026-04-03T02:37:45.280+0600][49.636s][info][gc,stats    ]     Code Roots                    20234 us
[2026-04-03T02:37:45.280+0600][49.636s][info][gc,stats    ]   Rendezvous                        413 us
[2026-04-03T02:37:45.280+0600][49.636s][info][gc,stats    ]   Purge Unlinked                  24770 us
[2026-04-03T02:37:45.280+0600][49.636s][info][gc,stats    ]     Code Roots                    22044 us
[2026-04-03T02:37:45.280+0600][49.636s][info][gc,stats    ]     CLDG                           2722 us
[2026-04-03T02:37:45.280+0600][49.636s][info][gc,stats    ]     Exception Caches                  1 us
[2026-04-03T02:37:45.280+0600][49.636s][info][gc,stats    ] Concurrent Strong Roots            1719 us, parallelism: 0.71x
[2026-04-03T02:37:45.280+0600][49.636s][info][gc,stats    ]   CSR: <total>                     1224 us
[2026-04-03T02:37:45.280+0600][49.636s][info][gc,stats    ]   CSR: VM Strong Roots               83 us, workers (us):  49,  32,   2, ---, ---, ---, 
[2026-04-03T02:37:45.280+0600][49.636s][info][gc,stats    ]   CSR: CLDG Roots                  1141 us, workers (us): ---, 1141, ---, ---, ---, ---, 
[2026-04-03T02:37:45.280+0600][49.636s][info][gc,stats    ] Concurrent Evacuation              5492 us
[2026-04-03T02:37:45.280+0600][49.636s][info][gc,stats    ] Pause Init Update Refs (G)          555 us
[2026-04-03T02:37:45.280+0600][49.636s][info][gc,stats    ] Pause Init Update Refs (N)          276 us
[2026-04-03T02:37:45.280+0600][49.636s][info][gc,stats    ]   Manage GCLABs                      79 us
[2026-04-03T02:37:45.280+0600][49.636s][info][gc,stats    ] Concurrent Update Refs            37187 us
[2026-04-03T02:37:45.280+0600][49.636s][info][gc,stats    ] Concurrent Update Thread Roots     1467 us
[2026-04-03T02:37:45.280+0600][49.636s][info][gc,stats    ] Pause Final Update Refs (G)         450 us
[2026-04-03T02:37:45.280+0600][49.636s][info][gc,stats    ] Pause Final Update Refs (N)         273 us
[2026-04-03T02:37:45.280+0600][49.636s][info][gc,stats    ]   Update Region States               71 us
[2026-04-03T02:37:45.280+0600][49.636s][info][gc,stats    ]   Trash Collection Set               20 us
[2026-04-03T02:37:45.280+0600][49.636s][info][gc,stats    ]   Rebuild Free Set                   45 us
[2026-04-03T02:37:45.280+0600][49.636s][info][gc,stats    ] Concurrent Cleanup                  374 us
[2026-04-03T02:37:45.280+0600][49.636s][info][gc,stats    ] 
[2026-04-03T02:37:45.280+0600][49.636s][info][gc,stats    ] Allocation pacing accrued:
[2026-04-03T02:37:45.280+0600][49.636s][info][gc,stats    ]       0 of  1183 ms (  0.0%): <total>
[2026-04-03T02:37:45.280+0600][49.636s][info][gc,stats    ]       0 of  1183 ms (  0.0%): <average total>
[2026-04-03T02:37:45.280+0600][49.636s][info][gc,stats    ] 
[2026-04-03T02:37:45.280+0600][49.636s][info][gc,metaspace] Metaspace: 131602K(132928K)->130255K(132928K) NonClass: 114972K(115648K)->113855K(115648K) Class: 16630K(17280K)->16399K(17280K)
[2026-04-03T02:37:45.280+0600][49.637s][info][gc,ergo     ] Pacer for Idle. Initial: 30720K, Alloc Tax Rate: 1.0x
[2026-04-03T02:37:45.280+0600][49.637s][info][gc,start    ] Concurrent uncommit
[2026-04-03T02:37:45.440+0600][49.796s][info][gc          ] Concurrent uncommit 98M->121M(125M) 159.695ms
[2026-04-03T02:37:45.628+0600][49.984s][info][gc          ] Trigger: Learning 2 of 5. Free (1048M) is below initial threshold (1050M)
[2026-04-03T02:37:45.628+0600][49.984s][info][gc,ergo     ] Free: 1048M, Max: 512K regular, 741M humongous, Frag: 30% external, 0% internal; Reserve: 76800K, Max: 512K
[2026-04-03T02:37:45.628+0600][49.984s][info][gc,start    ] GC(34) Concurrent reset
[2026-04-03T02:37:45.628+0600][49.984s][info][gc,task     ] GC(34) Using 3 of 6 workers for concurrent reset
[2026-04-03T02:37:45.628+0600][49.984s][info][gc,ergo     ] GC(34) Pacer for Reset. Non-Taxable: 1500M
[2026-04-03T02:37:45.630+0600][49.986s][info][gc          ] GC(34) Concurrent reset 1.524ms
[2026-04-03T02:37:45.632+0600][49.988s][info][gc,start    ] GC(34) Pause Init Mark (unload classes)
[2026-04-03T02:37:45.632+0600][49.988s][info][gc,task     ] GC(34) Using 6 of 6 workers for init marking
[2026-04-03T02:37:45.632+0600][49.988s][info][gc,ergo     ] GC(34) Pacer for Mark. Expected Live: 92397K, Free: 1047M, Non-Taxable: 104M, Alloc Tax Rate: 0.1x
[2026-04-03T02:37:45.632+0600][49.988s][info][gc          ] GC(34) Pause Init Mark (unload classes) 0.138ms
[2026-04-03T02:37:45.632+0600][49.988s][info][gc,start    ] GC(34) Concurrent marking roots
[2026-04-03T02:37:45.632+0600][49.988s][info][gc,task     ] GC(34) Using 3 of 6 workers for concurrent marking roots
[2026-04-03T02:37:45.634+0600][49.990s][info][gc          ] GC(34) Concurrent marking roots 1.406ms
[2026-04-03T02:37:45.634+0600][49.990s][info][gc,start    ] GC(34) Concurrent marking (unload classes)
[2026-04-03T02:37:45.634+0600][49.990s][info][gc,task     ] GC(34) Using 3 of 6 workers for concurrent marking
[2026-04-03T02:37:45.686+0600][50.042s][info][gc          ] GC(34) Concurrent marking (unload classes) 52.189ms
[2026-04-03T02:37:45.686+0600][50.042s][info][gc,start    ] GC(34) Pause Final Mark (unload classes)
[2026-04-03T02:37:45.686+0600][50.042s][info][gc,task     ] GC(34) Using 6 of 6 workers for final marking
[2026-04-03T02:37:45.686+0600][50.043s][info][gc,ergo     ] GC(34) Adaptive CSet Selection. Target Free: 212M, Actual Free: 1176M, Max CSet: 64000K, Min Garbage: 0B
[2026-04-03T02:37:45.687+0600][50.043s][info][gc,ergo     ] GC(34) Collectable Garbage: 242M (97%), Immediate: 184M (73%), CSet: 59370K (23%)
[2026-04-03T02:37:45.687+0600][50.043s][info][gc,ergo     ] GC(34) Pacer for Evacuation. Used CSet: 69562K, Free: 1127M, Non-Taxable: 112M, Alloc Tax Rate: 1.1x
[2026-04-03T02:37:45.687+0600][50.043s][info][gc          ] GC(34) Pause Final Mark (unload classes) 0.605ms
[2026-04-03T02:37:45.687+0600][50.043s][info][gc,start    ] GC(34) Concurrent thread roots
[2026-04-03T02:37:45.687+0600][50.043s][info][gc,task     ] GC(34) Using 3 of 6 workers for Concurrent thread roots
[2026-04-03T02:37:45.688+0600][50.044s][info][gc          ] GC(34) Concurrent thread roots 0.892ms
[2026-04-03T02:37:45.688+0600][50.044s][info][gc,start    ] GC(34) Concurrent weak references
[2026-04-03T02:37:45.688+0600][50.044s][info][gc,task     ] GC(34) Using 3 of 6 workers for concurrent weak references
[2026-04-03T02:37:45.688+0600][50.044s][info][gc,ref      ] GC(34) Encountered references: Soft: 3615, Weak: 14652, Final: 84, Phantom: 641
[2026-04-03T02:37:45.688+0600][50.044s][info][gc,ref      ] GC(34) Discovered  references: Soft: 0, Weak: 3431, Final: 0, Phantom: 636
[2026-04-03T02:37:45.688+0600][50.044s][info][gc,ref      ] GC(34) Enqueued    references: Soft: 0, Weak: 379, Final: 0, Phantom: 0
[2026-04-03T02:37:45.688+0600][50.044s][info][gc          ] GC(34) Concurrent weak references 0.544ms
[2026-04-03T02:37:45.688+0600][50.044s][info][gc,start    ] GC(34) Concurrent weak roots
[2026-04-03T02:37:45.688+0600][50.044s][info][gc,task     ] GC(34) Using 3 of 6 workers for concurrent weak root
[2026-04-03T02:37:45.692+0600][50.048s][info][gc          ] GC(34) Concurrent weak roots 3.782ms
[2026-04-03T02:37:45.692+0600][50.048s][info][gc,start    ] GC(34) Concurrent cleanup
[2026-04-03T02:37:45.692+0600][50.049s][info][gc          ] GC(34) Concurrent cleanup 467M->282M(511M) 0.292ms
[2026-04-03T02:37:45.692+0600][50.049s][info][gc,ergo     ] GC(34) Free: 1125M, Max: 512K regular, 615M humongous, Frag: 46% external, 0% internal; Reserve: 75731K, Max: 512K
[2026-04-03T02:37:45.692+0600][50.049s][info][gc,start    ] GC(34) Concurrent class unloading
[2026-04-03T02:37:45.692+0600][50.049s][info][gc,task     ] GC(34) Using 3 of 6 workers for concurrent class unloading
[2026-04-03T02:37:45.739+0600][50.095s][info][gc          ] GC(34) Concurrent class unloading 46.752ms
[2026-04-03T02:37:45.739+0600][50.096s][info][gc,start    ] GC(34) Concurrent strong roots
[2026-04-03T02:37:45.739+0600][50.096s][info][gc,task     ] GC(34) Using 3 of 6 workers for concurrent strong root
[2026-04-03T02:37:45.742+0600][50.098s][info][gc          ] GC(34) Concurrent strong roots 2.822ms
[2026-04-03T02:37:45.742+0600][50.098s][info][gc,start    ] GC(34) Concurrent evacuation
[2026-04-03T02:37:45.742+0600][50.098s][info][gc,task     ] GC(34) Using 3 of 6 workers for concurrent evacuation
[2026-04-03T02:37:45.752+0600][50.108s][info][gc          ] GC(34) Concurrent evacuation 9.355ms
[2026-04-03T02:37:45.752+0600][50.108s][info][gc,start    ] GC(34) Pause Init Update Refs
[2026-04-03T02:37:45.752+0600][50.108s][info][gc,ergo     ] GC(34) Pacer for Update Refs. Used: 334M, Free: 1079M, Non-Taxable: 107M, Alloc Tax Rate: 1.1x
[2026-04-03T02:37:45.752+0600][50.108s][info][gc          ] GC(34) Pause Init Update Refs 0.145ms
[2026-04-03T02:37:45.752+0600][50.108s][info][gc,start    ] GC(34) Concurrent update references
[2026-04-03T02:37:45.752+0600][50.108s][info][gc,task     ] GC(34) Using 3 of 6 workers for concurrent reference update
[2026-04-03T02:37:45.785+0600][50.141s][info][gc          ] GC(34) Concurrent update references 32.795ms
[2026-04-03T02:37:45.785+0600][50.141s][info][gc,start    ] GC(34) Concurrent update thread roots
[2026-04-03T02:37:45.787+0600][50.143s][info][gc          ] GC(34) Concurrent update thread roots 1.518ms
[2026-04-03T02:37:45.787+0600][50.143s][info][gc,start    ] GC(34) Pause Final Update Refs
[2026-04-03T02:37:45.787+0600][50.143s][info][gc,task     ] GC(34) Using 6 of 6 workers for final reference update
[2026-04-03T02:37:45.787+0600][50.143s][info][gc          ] GC(34) Pause Final Update Refs 0.325ms
[2026-04-03T02:37:45.787+0600][50.144s][info][gc,start    ] GC(34) Concurrent cleanup
[2026-04-03T02:37:45.788+0600][50.144s][info][gc          ] GC(34) Concurrent cleanup 346M->278M(521M) 0.237ms
[2026-04-03T02:37:45.788+0600][50.144s][info][gc,ergo     ] Free: 1123M, Max: 512K regular, 615M humongous, Frag: 46% external, 0% internal; Reserve: 76800K, Max: 512K
[2026-04-03T02:37:45.788+0600][50.144s][info][gc,stats    ] 
[2026-04-03T02:37:45.788+0600][50.144s][info][gc,stats    ] All times are wall-clock times, except per-root-class counters, that are sum over
[2026-04-03T02:37:45.788+0600][50.144s][info][gc,stats    ] all workers. Dividing the <total> over the root stage time estimates parallelism.
[2026-04-03T02:37:45.788+0600][50.144s][info][gc,stats    ] 
[2026-04-03T02:37:45.788+0600][50.144s][info][gc,stats    ] Concurrent Reset                   1583 us
[2026-04-03T02:37:45.788+0600][50.144s][info][gc,stats    ] Pause Init Mark (G)                2580 us
[2026-04-03T02:37:45.788+0600][50.144s][info][gc,stats    ] Pause Init Mark (N)                 149 us
[2026-04-03T02:37:45.788+0600][50.144s][info][gc,stats    ]   Update Region States               32 us
[2026-04-03T02:37:45.788+0600][50.144s][info][gc,stats    ] Concurrent Mark Roots              1453 us, parallelism: 1.93x
[2026-04-03T02:37:45.788+0600][50.144s][info][gc,stats    ]   CMR: <total>                     2809 us
[2026-04-03T02:37:45.788+0600][50.144s][info][gc,stats    ]   CMR: Thread Roots                2500 us, workers (us): 701, 939, 860, ---, ---, ---, 
[2026-04-03T02:37:45.788+0600][50.144s][info][gc,stats    ]   CMR: VM Strong Roots               81 us, workers (us):  47,  33,   1, ---, ---, ---, 
[2026-04-03T02:37:45.788+0600][50.144s][info][gc,stats    ]   CMR: CLDG Roots                   228 us, workers (us): 228, ---, ---, ---, ---, ---, 
[2026-04-03T02:37:45.788+0600][50.144s][info][gc,stats    ] Concurrent Marking                52261 us
[2026-04-03T02:37:45.788+0600][50.144s][info][gc,stats    ] Pause Final Mark (G)                811 us
[2026-04-03T02:37:45.788+0600][50.144s][info][gc,stats    ] Pause Final Mark (N)                623 us
[2026-04-03T02:37:45.788+0600][50.144s][info][gc,stats    ]   Finish Mark                       207 us
[2026-04-03T02:37:45.788+0600][50.144s][info][gc,stats    ]   Update Region States               66 us
[2026-04-03T02:37:45.788+0600][50.144s][info][gc,stats    ]   Choose Collection Set             196 us
[2026-04-03T02:37:45.788+0600][50.144s][info][gc,stats    ]   Rebuild Free Set                   32 us
[2026-04-03T02:37:45.788+0600][50.144s][info][gc,stats    ] Concurrent Thread Roots             929 us, parallelism: 2.35x
[2026-04-03T02:37:45.788+0600][50.144s][info][gc,stats    ]   CTR: <total>                     2184 us
[2026-04-03T02:37:45.788+0600][50.144s][info][gc,stats    ]   CTR: Thread Roots                2184 us, workers (us): 757, 731, 696, ---, ---, ---, 
[2026-04-03T02:37:45.788+0600][50.144s][info][gc,stats    ] Concurrent Weak References          558 us, parallelism: 1.28x
[2026-04-03T02:37:45.788+0600][50.144s][info][gc,stats    ]   CWRF: <total>                     716 us
[2026-04-03T02:37:45.788+0600][50.144s][info][gc,stats    ]   CWRF: Weak References             716 us, workers (us): 343, 214, 159, ---, ---, ---, 
[2026-04-03T02:37:45.788+0600][50.144s][info][gc,stats    ] Concurrent Weak Roots              3862 us
[2026-04-03T02:37:45.788+0600][50.144s][info][gc,stats    ]   Roots                            3388 us, parallelism: 2.59x
[2026-04-03T02:37:45.788+0600][50.144s][info][gc,stats    ]     CWR: <total>                   8762 us
[2026-04-03T02:37:45.788+0600][50.144s][info][gc,stats    ]     CWR: Code Cache Roots          5507 us, workers (us): 1855, 1917, 1736, ---, ---, ---, 
[2026-04-03T02:37:45.788+0600][50.144s][info][gc,stats    ]     CWR: VM Weak Roots             3144 us, workers (us): 1115, 1018, 1012, ---, ---, ---, 
[2026-04-03T02:37:45.788+0600][50.144s][info][gc,stats    ]     CWR: CLDG Roots                 111 us, workers (us): ---, ---, 111, ---, ---, ---, 
[2026-04-03T02:37:45.788+0600][50.144s][info][gc,stats    ]   Rendezvous                        365 us
[2026-04-03T02:37:45.788+0600][50.144s][info][gc,stats    ] Concurrent Cleanup                  316 us
[2026-04-03T02:37:45.788+0600][50.144s][info][gc,stats    ] Concurrent Class Unloading        46866 us
[2026-04-03T02:37:45.788+0600][50.144s][info][gc,stats    ]   Unlink Stale                    43296 us
[2026-04-03T02:37:45.788+0600][50.144s][info][gc,stats    ]     System Dictionary               535 us
[2026-04-03T02:37:45.788+0600][50.144s][info][gc,stats    ]     Weak Class Links              23141 us
[2026-04-03T02:37:45.788+0600][50.144s][info][gc,stats    ]     Code Roots                    19613 us
[2026-04-03T02:37:45.788+0600][50.144s][info][gc,stats    ]   Rendezvous                        388 us
[2026-04-03T02:37:45.788+0600][50.144s][info][gc,stats    ]   Purge Unlinked                   3029 us
[2026-04-03T02:37:45.788+0600][50.144s][info][gc,stats    ]     Code Roots                     2985 us
[2026-04-03T02:37:45.788+0600][50.144s][info][gc,stats    ]     CLDG                             41 us
[2026-04-03T02:37:45.788+0600][50.144s][info][gc,stats    ]     Exception Caches                  0 us
[2026-04-03T02:37:45.788+0600][50.144s][info][gc,stats    ] Concurrent Strong Roots            2919 us, parallelism: 0.87x
[2026-04-03T02:37:45.788+0600][50.144s][info][gc,stats    ]   CSR: <total>                     2552 us
[2026-04-03T02:37:45.788+0600][50.144s][info][gc,stats    ]   CSR: VM Strong Roots              202 us, workers (us):  76,  67,  60, ---, ---, ---, 
[2026-04-03T02:37:45.788+0600][50.144s][info][gc,stats    ]   CSR: CLDG Roots                  2349 us, workers (us): ---, ---, 2349, ---, ---, ---, 
[2026-04-03T02:37:45.788+0600][50.144s][info][gc,stats    ] Concurrent Evacuation              9440 us
[2026-04-03T02:37:45.788+0600][50.144s][info][gc,stats    ] Pause Init Update Refs (G)          418 us
[2026-04-03T02:37:45.788+0600][50.144s][info][gc,stats    ] Pause Init Update Refs (N)          161 us
[2026-04-03T02:37:45.788+0600][50.144s][info][gc,stats    ]   Manage GCLABs                      45 us
[2026-04-03T02:37:45.788+0600][50.144s][info][gc,stats    ] Concurrent Update Refs            32893 us
[2026-04-03T02:37:45.788+0600][50.144s][info][gc,stats    ] Concurrent Update Thread Roots     1569 us
[2026-04-03T02:37:45.788+0600][50.144s][info][gc,stats    ] Pause Final Update Refs (G)         728 us
[2026-04-03T02:37:45.788+0600][50.144s][info][gc,stats    ] Pause Final Update Refs (N)         422 us
[2026-04-03T02:37:45.788+0600][50.144s][info][gc,stats    ]   Update Region States              181 us
[2026-04-03T02:37:45.788+0600][50.144s][info][gc,stats    ]   Trash Collection Set               11 us
[2026-04-03T02:37:45.788+0600][50.144s][info][gc,stats    ]   Rebuild Free Set                   54 us
[2026-04-03T02:37:45.788+0600][50.144s][info][gc,stats    ] Concurrent Cleanup                  267 us
[2026-04-03T02:37:45.788+0600][50.145s][info][gc,stats    ] 
[2026-04-03T02:37:45.788+0600][50.145s][info][gc,stats    ] Allocation pacing accrued:
[2026-04-03T02:37:45.788+0600][50.145s][info][gc,stats    ]       0 of   508 ms (  0.0%): <total>
[2026-04-03T02:37:45.788+0600][50.145s][info][gc,stats    ]       0 of   508 ms (  0.0%): <average total>
[2026-04-03T02:37:45.788+0600][50.145s][info][gc,stats    ] 
[2026-04-03T02:37:45.788+0600][50.145s][info][gc,metaspace] Metaspace: 130902K(132928K)->130909K(132928K) NonClass: 114400K(115648K)->114407K(115648K) Class: 16502K(17280K)->16502K(17280K)
[2026-04-03T02:37:45.788+0600][50.145s][info][gc,ergo     ] Pacer for Idle. Initial: 30720K, Alloc Tax Rate: 1.0x
[2026-04-03T02:37:45.797+0600][50.153s][info][gc          ] Trigger: Learning 3 of 5. Free (1040M) is below initial threshold (1050M)
[2026-04-03T02:37:45.797+0600][50.154s][info][gc,ergo     ] Free: 1040M, Max: 512K regular, 615M humongous, Frag: 41% external, 0% internal; Reserve: 76800K, Max: 512K
[2026-04-03T02:37:45.797+0600][50.154s][info][gc,start    ] GC(35) Concurrent reset
[2026-04-03T02:37:45.797+0600][50.154s][info][gc,task     ] GC(35) Using 3 of 6 workers for concurrent reset
[2026-04-03T02:37:45.797+0600][50.154s][info][gc,ergo     ] GC(35) Pacer for Reset. Non-Taxable: 1500M
[2026-04-03T02:37:45.800+0600][50.156s][info][gc          ] GC(35) Concurrent reset 2.097ms
[2026-04-03T02:37:45.801+0600][50.157s][info][gc,start    ] GC(35) Pause Init Mark (unload classes)
[2026-04-03T02:37:45.801+0600][50.157s][info][gc,task     ] GC(35) Using 6 of 6 workers for init marking
[2026-04-03T02:37:45.801+0600][50.157s][info][gc,ergo     ] GC(35) Pacer for Mark. Expected Live: 94516K, Free: 1011M, Non-Taxable: 101M, Alloc Tax Rate: 0.1x
[2026-04-03T02:37:45.801+0600][50.157s][info][gc          ] GC(35) Pause Init Mark (unload classes) 0.280ms
[2026-04-03T02:37:45.801+0600][50.157s][info][gc,start    ] GC(35) Concurrent marking roots
[2026-04-03T02:37:45.801+0600][50.157s][info][gc,task     ] GC(35) Using 3 of 6 workers for concurrent marking roots
[2026-04-03T02:37:45.803+0600][50.159s][info][gc          ] GC(35) Concurrent marking roots 1.771ms
[2026-04-03T02:37:45.803+0600][50.159s][info][gc,start    ] GC(35) Concurrent marking (unload classes)
[2026-04-03T02:37:45.803+0600][50.159s][info][gc,task     ] GC(35) Using 3 of 6 workers for concurrent marking
[2026-04-03T02:37:45.855+0600][50.211s][info][gc          ] GC(35) Concurrent marking (unload classes) 51.846ms
[2026-04-03T02:37:45.858+0600][50.214s][info][gc,start    ] GC(35) Pause Final Mark (unload classes)
[2026-04-03T02:37:45.858+0600][50.214s][info][gc,task     ] GC(35) Using 6 of 6 workers for final marking
[2026-04-03T02:37:45.858+0600][50.215s][info][gc,ergo     ] GC(35) Adaptive CSet Selection. Target Free: 212M, Actual Free: 1153M, Max CSet: 64000K, Min Garbage: 0B
[2026-04-03T02:37:45.859+0600][50.215s][info][gc,ergo     ] GC(35) Collectable Garbage: 271M (97%), Immediate: 236M (84%), CSet: 35808K (12%)
[2026-04-03T02:37:45.859+0600][50.215s][info][gc,ergo     ] GC(35) Pacer for Evacuation. Used CSet: 42350K, Free: 1110M, Non-Taxable: 111M, Alloc Tax Rate: 1.1x
[2026-04-03T02:37:45.859+0600][50.215s][info][gc          ] GC(35) Pause Final Mark (unload classes) 0.534ms
[2026-04-03T02:37:45.859+0600][50.215s][info][gc,start    ] GC(35) Concurrent thread roots
[2026-04-03T02:37:45.859+0600][50.215s][info][gc,task     ] GC(35) Using 3 of 6 workers for Concurrent thread roots
[2026-04-03T02:37:45.860+0600][50.216s][info][gc          ] GC(35) Concurrent thread roots 0.839ms
[2026-04-03T02:37:45.860+0600][50.216s][info][gc,start    ] GC(35) Concurrent weak references
[2026-04-03T02:37:45.860+0600][50.216s][info][gc,task     ] GC(35) Using 3 of 6 workers for concurrent weak references
[2026-04-03T02:37:45.860+0600][50.216s][info][gc,ref      ] GC(35) Encountered references: Soft: 3619, Weak: 14465, Final: 84, Phantom: 635
[2026-04-03T02:37:45.860+0600][50.216s][info][gc,ref      ] GC(35) Discovered  references: Soft: 0, Weak: 3938, Final: 0, Phantom: 238
[2026-04-03T02:37:45.860+0600][50.216s][info][gc,ref      ] GC(35) Enqueued    references: Soft: 0, Weak: 241, Final: 0, Phantom: 0
[2026-04-03T02:37:45.860+0600][50.216s][info][gc          ] GC(35) Concurrent weak references 0.430ms
[2026-04-03T02:37:45.860+0600][50.216s][info][gc,start    ] GC(35) Concurrent weak roots
[2026-04-03T02:37:45.860+0600][50.216s][info][gc,task     ] GC(35) Using 3 of 6 workers for concurrent weak root
[2026-04-03T02:37:45.868+0600][50.224s][info][gc          ] GC(35) Concurrent weak roots 8.077ms
[2026-04-03T02:37:45.868+0600][50.224s][info][gc,start    ] GC(35) Concurrent cleanup
[2026-04-03T02:37:45.868+0600][50.225s][info][gc          ] GC(35) Concurrent cleanup 551M->314M(629M) 0.274ms
[2026-04-03T02:37:45.869+0600][50.225s][info][gc,ergo     ] GC(35) Free: 1086M, Max: 512K regular, 507M humongous, Frag: 54% external, 0% internal; Reserve: 75898K, Max: 512K
[2026-04-03T02:37:45.869+0600][50.225s][info][gc,start    ] GC(35) Concurrent class unloading
[2026-04-03T02:37:45.869+0600][50.225s][info][gc,task     ] GC(35) Using 3 of 6 workers for concurrent class unloading
[2026-04-03T02:37:45.882+0600][50.238s][info][gc          ] GC(35) Concurrent class unloading 13.552ms
[2026-04-03T02:37:45.882+0600][50.238s][info][gc,start    ] GC(35) Concurrent strong roots
[2026-04-03T02:37:45.882+0600][50.238s][info][gc,task     ] GC(35) Using 3 of 6 workers for concurrent strong root
[2026-04-03T02:37:45.884+0600][50.240s][info][gc          ] GC(35) Concurrent strong roots 1.633ms
[2026-04-03T02:37:45.884+0600][50.240s][info][gc,start    ] GC(35) Concurrent evacuation
[2026-04-03T02:37:45.884+0600][50.240s][info][gc,task     ] GC(35) Using 3 of 6 workers for concurrent evacuation
[2026-04-03T02:37:45.886+0600][50.242s][info][gc          ] GC(35) Concurrent evacuation 2.126ms
[2026-04-03T02:37:45.886+0600][50.243s][info][gc,start    ] GC(35) Pause Init Update Refs
[2026-04-03T02:37:45.886+0600][50.243s][info][gc,ergo     ] GC(35) Pacer for Update Refs. Used: 336M, Free: 1069M, Non-Taxable: 106M, Alloc Tax Rate: 1.1x
[2026-04-03T02:37:45.886+0600][50.243s][info][gc          ] GC(35) Pause Init Update Refs 0.092ms
[2026-04-03T02:37:45.886+0600][50.243s][info][gc,start    ] GC(35) Concurrent update references
[2026-04-03T02:37:45.887+0600][50.243s][info][gc,task     ] GC(35) Using 3 of 6 workers for concurrent reference update
[2026-04-03T02:37:45.928+0600][50.285s][info][gc          ] GC(35) Concurrent update references 41.798ms
[2026-04-03T02:37:45.928+0600][50.285s][info][gc,start    ] GC(35) Concurrent update thread roots
[2026-04-03T02:37:45.930+0600][50.286s][info][gc          ] GC(35) Concurrent update thread roots 1.703ms
[2026-04-03T02:37:45.930+0600][50.287s][info][gc,start    ] GC(35) Pause Final Update Refs
[2026-04-03T02:37:45.930+0600][50.287s][info][gc,task     ] GC(35) Using 6 of 6 workers for final reference update
[2026-04-03T02:37:45.931+0600][50.287s][info][gc          ] GC(35) Pause Final Update Refs 0.180ms
[2026-04-03T02:37:45.931+0600][50.287s][info][gc,start    ] GC(35) Concurrent cleanup
[2026-04-03T02:37:45.931+0600][50.287s][info][gc          ] GC(35) Concurrent cleanup 387M->346M(630M) 0.252ms
[2026-04-03T02:37:45.931+0600][50.287s][info][gc,ergo     ] Free: 1048M, Max: 512K regular, 806M humongous, Frag: 24% external, 0% internal; Reserve: 76800K, Max: 512K
[2026-04-03T02:37:45.931+0600][50.287s][info][gc,stats    ] 
[2026-04-03T02:37:45.931+0600][50.287s][info][gc,stats    ] All times are wall-clock times, except per-root-class counters, that are sum over
[2026-04-03T02:37:45.931+0600][50.287s][info][gc,stats    ] all workers. Dividing the <total> over the root stage time estimates parallelism.
[2026-04-03T02:37:45.931+0600][50.287s][info][gc,stats    ] 
[2026-04-03T02:37:45.931+0600][50.287s][info][gc,stats    ] Concurrent Reset                   2189 us
[2026-04-03T02:37:45.931+0600][50.287s][info][gc,stats    ] Pause Init Mark (G)                1358 us
[2026-04-03T02:37:45.931+0600][50.287s][info][gc,stats    ] Pause Init Mark (N)                 295 us
[2026-04-03T02:37:45.931+0600][50.287s][info][gc,stats    ]   Update Region States               86 us
[2026-04-03T02:37:45.931+0600][50.287s][info][gc,stats    ] Concurrent Mark Roots              1853 us, parallelism: 2.00x
[2026-04-03T02:37:45.931+0600][50.287s][info][gc,stats    ]   CMR: <total>                     3712 us
[2026-04-03T02:37:45.931+0600][50.287s][info][gc,stats    ]   CMR: Thread Roots                3242 us, workers (us): 798, 1248, 1196, ---, ---, ---, 
[2026-04-03T02:37:45.931+0600][50.287s][info][gc,stats    ]   CMR: VM Strong Roots               66 us, workers (us):  36,  24,   6, ---, ---, ---, 
[2026-04-03T02:37:45.931+0600][50.287s][info][gc,stats    ]   CMR: CLDG Roots                   403 us, workers (us): 403, ---, ---, ---, ---, ---, 
[2026-04-03T02:37:45.931+0600][50.287s][info][gc,stats    ] Concurrent Marking                51930 us
[2026-04-03T02:37:45.931+0600][50.287s][info][gc,stats    ] Pause Final Mark (G)               3986 us
[2026-04-03T02:37:45.931+0600][50.287s][info][gc,stats    ] Pause Final Mark (N)                546 us
[2026-04-03T02:37:45.931+0600][50.287s][info][gc,stats    ]   Finish Mark                       193 us
[2026-04-03T02:37:45.931+0600][50.288s][info][gc,stats    ]   Update Region States               43 us
[2026-04-03T02:37:45.931+0600][50.288s][info][gc,stats    ]   Choose Collection Set             140 us
[2026-04-03T02:37:45.931+0600][50.288s][info][gc,stats    ]   Rebuild Free Set                   29 us
[2026-04-03T02:37:45.931+0600][50.288s][info][gc,stats    ] Concurrent Thread Roots             881 us, parallelism: 2.32x
[2026-04-03T02:37:45.931+0600][50.288s][info][gc,stats    ]   CTR: <total>                     2045 us
[2026-04-03T02:37:45.931+0600][50.288s][info][gc,stats    ]   CTR: Thread Roots                2045 us, workers (us): 694, 680, 671, ---, ---, ---, 
[2026-04-03T02:37:45.931+0600][50.288s][info][gc,stats    ] Concurrent Weak References          443 us, parallelism: 1.11x
[2026-04-03T02:37:45.931+0600][50.288s][info][gc,stats    ]   CWRF: <total>                     491 us
[2026-04-03T02:37:45.931+0600][50.288s][info][gc,stats    ]   CWRF: Weak References             491 us, workers (us): 243, 103, 145, ---, ---, ---, 
[2026-04-03T02:37:45.931+0600][50.288s][info][gc,stats    ] Concurrent Weak Roots              8155 us
[2026-04-03T02:37:45.931+0600][50.288s][info][gc,stats    ]   Roots                            4553 us, parallelism: 2.75x
[2026-04-03T02:37:45.931+0600][50.288s][info][gc,stats    ]     CWR: <total>                  12526 us
[2026-04-03T02:37:45.931+0600][50.288s][info][gc,stats    ]     CWR: Code Cache Roots         10383 us, workers (us): 3522, 3586, 3276, ---, ---, ---, 
[2026-04-03T02:37:45.931+0600][50.288s][info][gc,stats    ]     CWR: VM Weak Roots             2027 us, workers (us): 703, 674, 650, ---, ---, ---, 
[2026-04-03T02:37:45.931+0600][50.288s][info][gc,stats    ]     CWR: CLDG Roots                 116 us, workers (us): ---, ---, 116, ---, ---, ---, 
[2026-04-03T02:37:45.931+0600][50.288s][info][gc,stats    ]   Rendezvous                       3498 us
[2026-04-03T02:37:45.931+0600][50.288s][info][gc,stats    ] Concurrent Cleanup                  293 us
[2026-04-03T02:37:45.931+0600][50.288s][info][gc,stats    ] Concurrent Class Unloading        13642 us
[2026-04-03T02:37:45.931+0600][50.288s][info][gc,stats    ]   Unlink Stale                    12592 us
[2026-04-03T02:37:45.931+0600][50.288s][info][gc,stats    ]     System Dictionary               274 us
[2026-04-03T02:37:45.931+0600][50.288s][info][gc,stats    ]     Weak Class Links                  0 us
[2026-04-03T02:37:45.932+0600][50.288s][info][gc,stats    ]     Code Roots                    12314 us
[2026-04-03T02:37:45.932+0600][50.288s][info][gc,stats    ]   Rendezvous                        362 us
[2026-04-03T02:37:45.932+0600][50.288s][info][gc,stats    ]   Purge Unlinked                    539 us
[2026-04-03T02:37:45.932+0600][50.288s][info][gc,stats    ]     Code Roots                      526 us
[2026-04-03T02:37:45.932+0600][50.288s][info][gc,stats    ]     CLDG                             12 us
[2026-04-03T02:37:45.932+0600][50.288s][info][gc,stats    ]     Exception Caches                  0 us
[2026-04-03T02:37:45.932+0600][50.288s][info][gc,stats    ] Concurrent Strong Roots            1707 us, parallelism: 0.67x
[2026-04-03T02:37:45.932+0600][50.288s][info][gc,stats    ]   CSR: <total>                     1141 us
[2026-04-03T02:37:45.932+0600][50.288s][info][gc,stats    ]   CSR: VM Strong Roots               56 us, workers (us):  33,  14,   8, ---, ---, ---, 
[2026-04-03T02:37:45.932+0600][50.288s][info][gc,stats    ]   CSR: CLDG Roots                  1085 us, workers (us): ---, ---, 1085, ---, ---, ---, 
[2026-04-03T02:37:45.932+0600][50.288s][info][gc,stats    ] Concurrent Evacuation              2185 us
[2026-04-03T02:37:45.932+0600][50.288s][info][gc,stats    ] Pause Init Update Refs (G)          393 us
[2026-04-03T02:37:45.932+0600][50.288s][info][gc,stats    ] Pause Init Update Refs (N)          107 us
[2026-04-03T02:37:45.932+0600][50.288s][info][gc,stats    ]   Manage GCLABs                      33 us
[2026-04-03T02:37:45.932+0600][50.288s][info][gc,stats    ] Concurrent Update Refs            41907 us
[2026-04-03T02:37:45.932+0600][50.288s][info][gc,stats    ] Concurrent Update Thread Roots     1775 us
[2026-04-03T02:37:45.932+0600][50.288s][info][gc,stats    ] Pause Final Update Refs (G)         492 us
[2026-04-03T02:37:45.932+0600][50.288s][info][gc,stats    ] Pause Final Update Refs (N)         210 us
[2026-04-03T02:37:45.932+0600][50.288s][info][gc,stats    ]   Update Region States               66 us
[2026-04-03T02:37:45.932+0600][50.288s][info][gc,stats    ]   Trash Collection Set               12 us
[2026-04-03T02:37:45.932+0600][50.288s][info][gc,stats    ]   Rebuild Free Set                   38 us
[2026-04-03T02:37:45.932+0600][50.288s][info][gc,stats    ] Concurrent Cleanup                  282 us
[2026-04-03T02:37:45.932+0600][50.288s][info][gc,stats    ] Pacing                            88357 us
[2026-04-03T02:37:45.932+0600][50.288s][info][gc,stats    ] 
[2026-04-03T02:37:45.932+0600][50.288s][info][gc,stats    ] Allocation pacing accrued:
[2026-04-03T02:37:45.932+0600][50.288s][info][gc,stats    ]      24 of   143 ms ( 17.0%): Executor task launch worker for task 0.0 in stage 1583.0 (TID 2875)
[2026-04-03T02:37:45.932+0600][50.288s][info][gc,stats    ]      21 of   143 ms ( 14.9%): Executor task launch worker for task 2.0 in stage 1583.0 (TID 2877)
[2026-04-03T02:37:45.932+0600][50.288s][info][gc,stats    ]      21 of   143 ms ( 14.8%): Executor task launch worker for task 1.0 in stage 1583.0 (TID 2876)
[2026-04-03T02:37:45.932+0600][50.288s][info][gc,stats    ]      21 of   143 ms ( 14.8%): Executor task launch worker for task 3.0 in stage 1583.0 (TID 2878)
[2026-04-03T02:37:45.932+0600][50.288s][info][gc,stats    ]      88 of   143 ms ( 61.6%): <total>
[2026-04-03T02:37:45.932+0600][50.288s][info][gc,stats    ]       0 of   143 ms (  0.2%): <average total>
[2026-04-03T02:37:45.932+0600][50.288s][info][gc,stats    ]      22 of   143 ms ( 15.4%): <average non-zero>
[2026-04-03T02:37:45.932+0600][50.288s][info][gc,stats    ] 
[2026-04-03T02:37:45.932+0600][50.288s][info][gc,metaspace] Metaspace: 130912K(132928K)->130919K(132928K) NonClass: 114410K(115648K)->114416K(115648K) Class: 16502K(17280K)->16503K(17280K)
[2026-04-03T02:37:45.932+0600][50.288s][info][gc,ergo     ] Pacer for Idle. Initial: 30720K, Alloc Tax Rate: 1.0x
[2026-04-03T02:37:45.933+0600][50.289s][info][gc          ] Trigger: Learning 4 of 5. Free (1047M) is below initial threshold (1050M)
[2026-04-03T02:37:45.933+0600][50.289s][info][gc,ergo     ] Free: 1047M, Max: 512K regular, 806M humongous, Frag: 23% external, 0% internal; Reserve: 76800K, Max: 512K
[2026-04-03T02:37:45.933+0600][50.289s][info][gc,start    ] GC(36) Concurrent reset
[2026-04-03T02:37:45.933+0600][50.289s][info][gc,task     ] GC(36) Using 3 of 6 workers for concurrent reset
[2026-04-03T02:37:45.933+0600][50.290s][info][gc,ergo     ] GC(36) Pacer for Reset. Non-Taxable: 1500M
[2026-04-03T02:37:45.935+0600][50.291s][info][gc          ] GC(36) Concurrent reset 1.568ms
[2026-04-03T02:37:45.935+0600][50.291s][info][gc,start    ] GC(36) Pause Init Mark (unload classes)
[2026-04-03T02:37:45.935+0600][50.291s][info][gc,task     ] GC(36) Using 6 of 6 workers for init marking
[2026-04-03T02:37:45.935+0600][50.291s][info][gc,ergo     ] GC(36) Pacer for Mark. Expected Live: 95294K, Free: 1047M, Non-Taxable: 104M, Alloc Tax Rate: 0.1x
[2026-04-03T02:37:45.935+0600][50.291s][info][gc          ] GC(36) Pause Init Mark (unload classes) 0.143ms
[2026-04-03T02:37:45.935+0600][50.292s][info][gc,start    ] GC(36) Concurrent marking roots
[2026-04-03T02:37:45.935+0600][50.292s][info][gc,task     ] GC(36) Using 3 of 6 workers for concurrent marking roots
[2026-04-03T02:37:45.937+0600][50.293s][info][gc          ] GC(36) Concurrent marking roots 1.525ms
[2026-04-03T02:37:45.937+0600][50.293s][info][gc,start    ] GC(36) Concurrent marking (unload classes)
[2026-04-03T02:37:45.937+0600][50.293s][info][gc,task     ] GC(36) Using 3 of 6 workers for concurrent marking
[2026-04-03T02:37:45.987+0600][50.343s][info][gc          ] GC(36) Concurrent marking (unload classes) 50.022ms
[2026-04-03T02:37:45.987+0600][50.343s][info][gc,start    ] GC(36) Pause Final Mark (unload classes)
[2026-04-03T02:37:45.987+0600][50.343s][info][gc,task     ] GC(36) Using 6 of 6 workers for final marking
[2026-04-03T02:37:45.988+0600][50.344s][info][gc,ergo     ] GC(36) Adaptive CSet Selection. Target Free: 212M, Actual Free: 1331M, Max CSet: 64000K, Min Garbage: 0B
[2026-04-03T02:37:45.988+0600][50.344s][info][gc,ergo     ] GC(36) Collectable Garbage: 253M (97%), Immediate: 226M (86%), CSet: 27762K (10%)
[2026-04-03T02:37:45.988+0600][50.344s][info][gc,ergo     ] GC(36) Pacer for Evacuation. Used CSet: 29696K, Free: 1286M, Non-Taxable: 128M, Alloc Tax Rate: 1.1x
[2026-04-03T02:37:45.988+0600][50.344s][info][gc          ] GC(36) Pause Final Mark (unload classes) 0.671ms
[2026-04-03T02:37:45.988+0600][50.344s][info][gc,start    ] GC(36) Concurrent thread roots
[2026-04-03T02:37:45.988+0600][50.344s][info][gc,task     ] GC(36) Using 3 of 6 workers for Concurrent thread roots
[2026-04-03T02:37:45.989+0600][50.345s][info][gc          ] GC(36) Concurrent thread roots 1.034ms
[2026-04-03T02:37:45.989+0600][50.345s][info][gc,start    ] GC(36) Concurrent weak references
[2026-04-03T02:37:45.989+0600][50.345s][info][gc,task     ] GC(36) Using 3 of 6 workers for concurrent weak references
[2026-04-03T02:37:45.990+0600][50.346s][info][gc,ref      ] GC(36) Encountered references: Soft: 3620, Weak: 14301, Final: 84, Phantom: 620
[2026-04-03T02:37:45.990+0600][50.346s][info][gc,ref      ] GC(36) Discovered  references: Soft: 0, Weak: 8332, Final: 0, Phantom: 615
[2026-04-03T02:37:45.990+0600][50.346s][info][gc,ref      ] GC(36) Enqueued    references: Soft: 0, Weak: 152, Final: 0, Phantom: 0
[2026-04-03T02:37:45.990+0600][50.346s][info][gc          ] GC(36) Concurrent weak references 1.117ms
[2026-04-03T02:37:45.990+0600][50.346s][info][gc,start    ] GC(36) Concurrent weak roots
[2026-04-03T02:37:45.990+0600][50.346s][info][gc,task     ] GC(36) Using 3 of 6 workers for concurrent weak root
[2026-04-03T02:37:45.996+0600][50.352s][info][gc          ] GC(36) Concurrent weak roots 5.357ms
[2026-04-03T02:37:45.996+0600][50.352s][info][gc,start    ] GC(36) Concurrent cleanup
[2026-04-03T02:37:45.996+0600][50.352s][info][gc          ] GC(36) Concurrent cleanup 368M->141M(630M) 0.317ms
[2026-04-03T02:37:45.996+0600][50.352s][info][gc,ergo     ] GC(36) Free: 1280M, Max: 512K regular, 1068M humongous, Frag: 17% external, 0% internal; Reserve: 76520K, Max: 512K
[2026-04-03T02:37:45.996+0600][50.352s][info][gc,start    ] GC(36) Concurrent class unloading
[2026-04-03T02:37:45.996+0600][50.352s][info][gc,task     ] GC(36) Using 3 of 6 workers for concurrent class unloading
[2026-04-03T02:37:46.019+0600][50.375s][info][gc          ] GC(36) Concurrent class unloading 22.426ms
[2026-04-03T02:37:46.019+0600][50.375s][info][gc,start    ] GC(36) Concurrent strong roots
[2026-04-03T02:37:46.019+0600][50.375s][info][gc,task     ] GC(36) Using 3 of 6 workers for concurrent strong root
[2026-04-03T02:37:46.020+0600][50.377s][info][gc          ] GC(36) Concurrent strong roots 1.669ms
[2026-04-03T02:37:46.020+0600][50.377s][info][gc,start    ] GC(36) Concurrent evacuation
[2026-04-03T02:37:46.020+0600][50.377s][info][gc,task     ] GC(36) Using 3 of 6 workers for concurrent evacuation
[2026-04-03T02:37:46.022+0600][50.378s][info][gc          ] GC(36) Concurrent evacuation 1.361ms
[2026-04-03T02:37:46.022+0600][50.378s][info][gc,start    ] GC(36) Pause Init Update Refs
[2026-04-03T02:37:46.022+0600][50.378s][info][gc,ergo     ] GC(36) Pacer for Update Refs. Used: 164M, Free: 1256M, Non-Taxable: 125M, Alloc Tax Rate: 1.1x
[2026-04-03T02:37:46.022+0600][50.378s][info][gc          ] GC(36) Pause Init Update Refs 0.128ms
[2026-04-03T02:37:46.022+0600][50.379s][info][gc,start    ] GC(36) Concurrent update references
[2026-04-03T02:37:46.022+0600][50.379s][info][gc,task     ] GC(36) Using 3 of 6 workers for concurrent reference update
[2026-04-03T02:37:46.062+0600][50.418s][info][gc          ] GC(36) Concurrent update references 39.177ms
[2026-04-03T02:37:46.062+0600][50.418s][info][gc,start    ] GC(36) Concurrent update thread roots
[2026-04-03T02:37:46.064+0600][50.420s][info][gc          ] GC(36) Concurrent update thread roots 2.030ms
[2026-04-03T02:37:46.064+0600][50.420s][info][gc,start    ] GC(36) Pause Final Update Refs
[2026-04-03T02:37:46.064+0600][50.420s][info][gc,task     ] GC(36) Using 6 of 6 workers for final reference update
[2026-04-03T02:37:46.064+0600][50.421s][info][gc          ] GC(36) Pause Final Update Refs 0.221ms
[2026-04-03T02:37:46.064+0600][50.421s][info][gc,start    ] GC(36) Concurrent cleanup
[2026-04-03T02:37:46.065+0600][50.421s][info][gc          ] GC(36) Concurrent cleanup 184M->158M(630M) 0.691ms
[2026-04-03T02:37:46.065+0600][50.422s][info][gc,ergo     ] Free: 1255M, Max: 512K regular, 1071M humongous, Frag: 15% external, 0% internal; Reserve: 76800K, Max: 512K
[2026-04-03T02:37:46.065+0600][50.422s][info][gc,stats    ] 
[2026-04-03T02:37:46.065+0600][50.422s][info][gc,stats    ] All times are wall-clock times, except per-root-class counters, that are sum over
[2026-04-03T02:37:46.065+0600][50.422s][info][gc,stats    ] all workers. Dividing the <total> over the root stage time estimates parallelism.
[2026-04-03T02:37:46.065+0600][50.422s][info][gc,stats    ] 
[2026-04-03T02:37:46.065+0600][50.422s][info][gc,stats    ] Concurrent Reset                   1633 us
[2026-04-03T02:37:46.065+0600][50.422s][info][gc,stats    ] Pause Init Mark (G)                 431 us
[2026-04-03T02:37:46.065+0600][50.422s][info][gc,stats    ] Pause Init Mark (N)                 156 us
[2026-04-03T02:37:46.066+0600][50.422s][info][gc,stats    ]   Update Region States               34 us
[2026-04-03T02:37:46.066+0600][50.422s][info][gc,stats    ] Concurrent Mark Roots              1597 us, parallelism: 1.68x
[2026-04-03T02:37:46.066+0600][50.422s][info][gc,stats    ]   CMR: <total>                     2684 us
[2026-04-03T02:37:46.066+0600][50.422s][info][gc,stats    ]   CMR: Thread Roots                2422 us, workers (us): 692, 894, 836, ---, ---, ---, 
[2026-04-03T02:37:46.066+0600][50.422s][info][gc,stats    ]   CMR: VM Strong Roots               42 us, workers (us):  40,   1,   1, ---, ---, ---, 
[2026-04-03T02:37:46.066+0600][50.422s][info][gc,stats    ]   CMR: CLDG Roots                   220 us, workers (us): 220, ---, ---, ---, ---, ---, 
[2026-04-03T02:37:46.066+0600][50.422s][info][gc,stats    ] Concurrent Marking                50089 us
[2026-04-03T02:37:46.066+0600][50.422s][info][gc,stats    ] Pause Final Mark (G)                984 us
[2026-04-03T02:37:46.066+0600][50.422s][info][gc,stats    ] Pause Final Mark (N)                685 us
[2026-04-03T02:37:46.066+0600][50.422s][info][gc,stats    ]   Finish Mark                       275 us
[2026-04-03T02:37:46.066+0600][50.422s][info][gc,stats    ]   Update Region States               45 us
[2026-04-03T02:37:46.066+0600][50.422s][info][gc,stats    ]   Choose Collection Set             175 us
[2026-04-03T02:37:46.066+0600][50.422s][info][gc,stats    ]   Rebuild Free Set                   32 us
[2026-04-03T02:37:46.066+0600][50.422s][info][gc,stats    ] Concurrent Thread Roots            1081 us, parallelism: 2.05x
[2026-04-03T02:37:46.066+0600][50.422s][info][gc,stats    ]   CTR: <total>                     2214 us
[2026-04-03T02:37:46.066+0600][50.422s][info][gc,stats    ]   CTR: Thread Roots                2214 us, workers (us): 743, 742, 729, ---, ---, ---, 
[2026-04-03T02:37:46.066+0600][50.422s][info][gc,stats    ] Concurrent Weak References         1127 us, parallelism: 1.12x
[2026-04-03T02:37:46.066+0600][50.422s][info][gc,stats    ]   CWRF: <total>                    1257 us
[2026-04-03T02:37:46.066+0600][50.422s][info][gc,stats    ]   CWRF: Weak References            1257 us, workers (us): 890, 252, 115, ---, ---, ---, 
[2026-04-03T02:37:46.066+0600][50.422s][info][gc,stats    ] Concurrent Weak Roots              5457 us
[2026-04-03T02:37:46.066+0600][50.422s][info][gc,stats    ]   Roots                            4909 us, parallelism: 2.67x
[2026-04-03T02:37:46.066+0600][50.422s][info][gc,stats    ]     CWR: <total>                  13106 us
[2026-04-03T02:37:46.066+0600][50.422s][info][gc,stats    ]     CWR: Code Cache Roots          9925 us, workers (us): 3476, 3373, 3076, ---, ---, ---, 
[2026-04-03T02:37:46.066+0600][50.422s][info][gc,stats    ]     CWR: VM Weak Roots             2992 us, workers (us): 1054, 981, 957, ---, ---, ---, 
[2026-04-03T02:37:46.066+0600][50.422s][info][gc,stats    ]     CWR: CLDG Roots                 189 us, workers (us): ---, ---, 189, ---, ---, ---, 
[2026-04-03T02:37:46.066+0600][50.422s][info][gc,stats    ]   Rendezvous                        425 us
[2026-04-03T02:37:46.066+0600][50.422s][info][gc,stats    ] Concurrent Cleanup                  343 us
[2026-04-03T02:37:46.066+0600][50.422s][info][gc,stats    ] Concurrent Class Unloading        22568 us
[2026-04-03T02:37:46.066+0600][50.422s][info][gc,stats    ]   Unlink Stale                    21044 us
[2026-04-03T02:37:46.066+0600][50.422s][info][gc,stats    ]     System Dictionary               273 us
[2026-04-03T02:37:46.066+0600][50.422s][info][gc,stats    ]     Weak Class Links                  1 us
[2026-04-03T02:37:46.066+0600][50.422s][info][gc,stats    ]     Code Roots                    20765 us
[2026-04-03T02:37:46.066+0600][50.422s][info][gc,stats    ]   Rendezvous                        453 us
[2026-04-03T02:37:46.066+0600][50.422s][info][gc,stats    ]   Purge Unlinked                    889 us
[2026-04-03T02:37:46.066+0600][50.422s][info][gc,stats    ]     Code Roots                      876 us
[2026-04-03T02:37:46.066+0600][50.422s][info][gc,stats    ]     CLDG                             11 us
[2026-04-03T02:37:46.066+0600][50.422s][info][gc,stats    ]     Exception Caches                  1 us
[2026-04-03T02:37:46.066+0600][50.422s][info][gc,stats    ] Concurrent Strong Roots            1764 us, parallelism: 0.66x
[2026-04-03T02:37:46.066+0600][50.422s][info][gc,stats    ]   CSR: <total>                     1160 us
[2026-04-03T02:37:46.066+0600][50.422s][info][gc,stats    ]   CSR: VM Strong Roots               70 us, workers (us):  39,  30,   0, ---, ---, ---, 
[2026-04-03T02:37:46.066+0600][50.422s][info][gc,stats    ]   CSR: CLDG Roots                  1091 us, workers (us): 1091, ---, ---, ---, ---, ---, 
[2026-04-03T02:37:46.066+0600][50.422s][info][gc,stats    ] Concurrent Evacuation              1456 us
[2026-04-03T02:37:46.066+0600][50.422s][info][gc,stats    ] Pause Init Update Refs (G)          477 us
[2026-04-03T02:37:46.066+0600][50.422s][info][gc,stats    ] Pause Init Update Refs (N)          146 us
[2026-04-03T02:37:46.066+0600][50.422s][info][gc,stats    ]   Manage GCLABs                      47 us
[2026-04-03T02:37:46.066+0600][50.422s][info][gc,stats    ] Concurrent Update Refs            39298 us
[2026-04-03T02:37:46.066+0600][50.422s][info][gc,stats    ] Concurrent Update Thread Roots     2162 us
[2026-04-03T02:37:46.066+0600][50.422s][info][gc,stats    ] Pause Final Update Refs (G)         658 us
[2026-04-03T02:37:46.066+0600][50.422s][info][gc,stats    ] Pause Final Update Refs (N)         240 us
[2026-04-03T02:37:46.066+0600][50.422s][info][gc,stats    ]   Update Region States               68 us
[2026-04-03T02:37:46.066+0600][50.422s][info][gc,stats    ]   Trash Collection Set                9 us
[2026-04-03T02:37:46.066+0600][50.422s][info][gc,stats    ]   Rebuild Free Set                   43 us
[2026-04-03T02:37:46.066+0600][50.422s][info][gc,stats    ] Concurrent Cleanup                  758 us
[2026-04-03T02:37:46.066+0600][50.422s][info][gc,stats    ] 
[2026-04-03T02:37:46.066+0600][50.422s][info][gc,stats    ] Allocation pacing accrued:
[2026-04-03T02:37:46.066+0600][50.422s][info][gc,stats    ]       0 of   134 ms (  0.0%): <total>
[2026-04-03T02:37:46.066+0600][50.422s][info][gc,stats    ]       0 of   134 ms (  0.0%): <average total>
[2026-04-03T02:37:46.066+0600][50.422s][info][gc,stats    ] 
[2026-04-03T02:37:46.066+0600][50.422s][info][gc,metaspace] Metaspace: 130919K(132928K)->130996K(132928K) NonClass: 114416K(115648K)->114480K(115648K) Class: 16503K(17280K)->16516K(17280K)
[2026-04-03T02:37:46.066+0600][50.422s][info][gc,ergo     ] Pacer for Idle. Initial: 30720K, Alloc Tax Rate: 1.0x
[2026-04-03T02:37:46.483+0600][50.840s][info][gc          ] Trigger: Learning 5 of 5. Free (1047M) is below initial threshold (1050M)
[2026-04-03T02:37:46.483+0600][50.840s][info][gc,ergo     ] Free: 1047M, Max: 512K regular, 1047M humongous, Frag: 0% external, 0% internal; Reserve: 76800K, Max: 512K
[2026-04-03T02:37:46.483+0600][50.840s][info][gc,start    ] GC(37) Concurrent reset
[2026-04-03T02:37:46.483+0600][50.840s][info][gc,task     ] GC(37) Using 3 of 6 workers for concurrent reset
[2026-04-03T02:37:46.483+0600][50.840s][info][gc,ergo     ] GC(37) Pacer for Reset. Non-Taxable: 1500M
[2026-04-03T02:37:46.484+0600][50.841s][info][gc          ] GC(37) Concurrent reset 0.875ms
[2026-04-03T02:37:46.485+0600][50.841s][info][gc,start    ] GC(37) Pause Init Mark (unload classes)
[2026-04-03T02:37:46.485+0600][50.841s][info][gc,task     ] GC(37) Using 6 of 6 workers for init marking
[2026-04-03T02:37:46.485+0600][50.841s][info][gc,ergo     ] GC(37) Pacer for Mark. Expected Live: 95230K, Free: 1047M, Non-Taxable: 104M, Alloc Tax Rate: 0.1x
[2026-04-03T02:37:46.485+0600][50.841s][info][gc          ] GC(37) Pause Init Mark (unload classes) 0.146ms
[2026-04-03T02:37:46.485+0600][50.841s][info][gc,start    ] GC(37) Concurrent marking roots
[2026-04-03T02:37:46.485+0600][50.841s][info][gc,task     ] GC(37) Using 3 of 6 workers for concurrent marking roots
[2026-04-03T02:37:46.486+0600][50.842s][info][gc          ] GC(37) Concurrent marking roots 1.235ms
[2026-04-03T02:37:46.486+0600][50.842s][info][gc,start    ] GC(37) Concurrent marking (unload classes)
[2026-04-03T02:37:46.486+0600][50.842s][info][gc,task     ] GC(37) Using 3 of 6 workers for concurrent marking
[2026-04-03T02:37:46.570+0600][50.926s][info][gc          ] GC(37) Concurrent marking (unload classes) 83.807ms
[2026-04-03T02:37:46.570+0600][50.926s][info][gc,start    ] GC(37) Pause Final Mark (unload classes)
[2026-04-03T02:37:46.570+0600][50.927s][info][gc,task     ] GC(37) Using 6 of 6 workers for final marking
[2026-04-03T02:37:46.571+0600][50.927s][info][gc,ergo     ] GC(37) Adaptive CSet Selection. Target Free: 212M, Actual Free: 1206M, Max CSet: 64000K, Min Garbage: 0B
[2026-04-03T02:37:46.571+0600][50.927s][info][gc,ergo     ] GC(37) Collectable Garbage: 264M (97%), Immediate: 146M (53%), CSet: 117M (43%)
[2026-04-03T02:37:46.571+0600][50.927s][info][gc,ergo     ] GC(37) Pacer for Evacuation. Used CSet: 120M, Free: 1148M, Non-Taxable: 114M, Alloc Tax Rate: 1.1x
[2026-04-03T02:37:46.571+0600][50.927s][info][gc          ] GC(37) Pause Final Mark (unload classes) 0.851ms
[2026-04-03T02:37:46.573+0600][50.929s][info][gc,start    ] GC(37) Concurrent thread roots
[2026-04-03T02:37:46.573+0600][50.929s][info][gc,task     ] GC(37) Using 3 of 6 workers for Concurrent thread roots
[2026-04-03T02:37:46.574+0600][50.930s][info][gc          ] GC(37) Concurrent thread roots 1.604ms
[2026-04-03T02:37:46.574+0600][50.931s][info][gc,start    ] GC(37) Concurrent weak references
[2026-04-03T02:37:46.574+0600][50.931s][info][gc,task     ] GC(37) Using 3 of 6 workers for concurrent weak references
[2026-04-03T02:37:46.576+0600][50.932s][info][gc,ref      ] GC(37) Encountered references: Soft: 3699, Weak: 14630, Final: 84, Phantom: 620
[2026-04-03T02:37:46.576+0600][50.932s][info][gc,ref      ] GC(37) Discovered  references: Soft: 0, Weak: 9086, Final: 84, Phantom: 616
[2026-04-03T02:37:46.576+0600][50.932s][info][gc,ref      ] GC(37) Enqueued    references: Soft: 0, Weak: 267, Final: 0, Phantom: 0
[2026-04-03T02:37:46.576+0600][50.932s][info][gc          ] GC(37) Concurrent weak references 1.759ms
[2026-04-03T02:37:46.576+0600][50.932s][info][gc,start    ] GC(37) Concurrent weak roots
[2026-04-03T02:37:46.576+0600][50.932s][info][gc,task     ] GC(37) Using 3 of 6 workers for concurrent weak root
[2026-04-03T02:37:46.582+0600][50.938s][info][gc          ] GC(37) Concurrent weak roots 5.552ms
[2026-04-03T02:37:46.582+0600][50.938s][info][gc,start    ] GC(37) Concurrent cleanup
[2026-04-03T02:37:46.582+0600][50.939s][info][gc          ] GC(37) Concurrent cleanup 425M->279M(630M) 0.661ms
[2026-04-03T02:37:46.583+0600][50.939s][info][gc,ergo     ] GC(37) Free: 1136M, Max: 512K regular, 973M humongous, Frag: 15% external, 0% internal; Reserve: 76443K, Max: 512K
[2026-04-03T02:37:46.583+0600][50.939s][info][gc,start    ] GC(37) Concurrent class unloading
[2026-04-03T02:37:46.583+0600][50.939s][info][gc,task     ] GC(37) Using 3 of 6 workers for concurrent class unloading
[2026-04-03T02:37:46.634+0600][50.991s][info][gc          ] GC(37) Concurrent class unloading 51.869ms
[2026-04-03T02:37:46.635+0600][50.991s][info][gc,start    ] GC(37) Concurrent strong roots
[2026-04-03T02:37:46.635+0600][50.991s][info][gc,task     ] GC(37) Using 3 of 6 workers for concurrent strong root
[2026-04-03T02:37:46.636+0600][50.992s][info][gc          ] GC(37) Concurrent strong roots 1.404ms
[2026-04-03T02:37:46.636+0600][50.992s][info][gc,start    ] GC(37) Concurrent evacuation
[2026-04-03T02:37:46.636+0600][50.992s][info][gc,task     ] GC(37) Using 3 of 6 workers for concurrent evacuation
[2026-04-03T02:37:46.639+0600][50.995s][info][gc          ] GC(37) Concurrent evacuation 2.692ms
[2026-04-03T02:37:46.639+0600][50.996s][info][gc,start    ] GC(37) Pause Init Update Refs
[2026-04-03T02:37:46.639+0600][50.996s][info][gc,ergo     ] GC(37) Pacer for Update Refs. Used: 301M, Free: 1115M, Non-Taxable: 111M, Alloc Tax Rate: 1.1x
[2026-04-03T02:37:46.639+0600][50.996s][info][gc          ] GC(37) Pause Init Update Refs 0.137ms
[2026-04-03T02:37:46.640+0600][50.996s][info][gc,start    ] GC(37) Concurrent update references
[2026-04-03T02:37:46.640+0600][50.996s][info][gc,task     ] GC(37) Using 3 of 6 workers for concurrent reference update
[2026-04-03T02:37:46.698+0600][51.054s][info][gc          ] GC(37) Concurrent update references 58.718ms
[2026-04-03T02:37:46.698+0600][51.055s][info][gc,start    ] GC(37) Concurrent update thread roots
[2026-04-03T02:37:46.700+0600][51.056s][info][gc          ] GC(37) Concurrent update thread roots 1.886ms
[2026-04-03T02:37:46.700+0600][51.057s][info][gc,start    ] GC(37) Pause Final Update Refs
[2026-04-03T02:37:46.701+0600][51.057s][info][gc,task     ] GC(37) Using 6 of 6 workers for final reference update
[2026-04-03T02:37:46.701+0600][51.057s][info][gc          ] GC(37) Pause Final Update Refs 0.216ms
[2026-04-03T02:37:46.701+0600][51.057s][info][gc,start    ] GC(37) Concurrent cleanup
[2026-04-03T02:37:46.701+0600][51.057s][info][gc          ] GC(37) Concurrent cleanup 343M->223M(630M) 0.360ms
[2026-04-03T02:37:46.701+0600][51.058s][info][gc,ergo     ] Free: 1186M, Max: 512K regular, 971M humongous, Frag: 19% external, 0% internal; Reserve: 76800K, Max: 512K
[2026-04-03T02:37:46.701+0600][51.058s][info][gc,stats    ] 
[2026-04-03T02:37:46.701+0600][51.058s][info][gc,stats    ] All times are wall-clock times, except per-root-class counters, that are sum over
[2026-04-03T02:37:46.701+0600][51.058s][info][gc,stats    ] all workers. Dividing the <total> over the root stage time estimates parallelism.
[2026-04-03T02:37:46.701+0600][51.058s][info][gc,stats    ] 
[2026-04-03T02:37:46.701+0600][51.058s][info][gc,stats    ] Concurrent Reset                    928 us
[2026-04-03T02:37:46.701+0600][51.058s][info][gc,stats    ] Pause Init Mark (G)                 414 us
[2026-04-03T02:37:46.701+0600][51.058s][info][gc,stats    ] Pause Init Mark (N)                 171 us
[2026-04-03T02:37:46.702+0600][51.058s][info][gc,stats    ]   Update Region States               38 us
[2026-04-03T02:37:46.702+0600][51.058s][info][gc,stats    ] Concurrent Mark Roots              1277 us, parallelism: 1.72x
[2026-04-03T02:37:46.702+0600][51.058s][info][gc,stats    ]   CMR: <total>                     2193 us
[2026-04-03T02:37:46.702+0600][51.058s][info][gc,stats    ]   CMR: Thread Roots                1844 us, workers (us): 723, 710, 412, ---, ---, ---, 
[2026-04-03T02:37:46.702+0600][51.058s][info][gc,stats    ]   CMR: VM Strong Roots               41 us, workers (us):  17,  16,   9, ---, ---, ---, 
[2026-04-03T02:37:46.702+0600][51.058s][info][gc,stats    ]   CMR: CLDG Roots                   307 us, workers (us): ---, ---, 307, ---, ---, ---, 
[2026-04-03T02:37:46.702+0600][51.058s][info][gc,stats    ] Concurrent Marking                83911 us
[2026-04-03T02:37:46.702+0600][51.058s][info][gc,stats    ] Pause Final Mark (G)               2626 us
[2026-04-03T02:37:46.702+0600][51.058s][info][gc,stats    ] Pause Final Mark (N)                869 us
[2026-04-03T02:37:46.702+0600][51.058s][info][gc,stats    ]   Finish Mark                       244 us
[2026-04-03T02:37:46.702+0600][51.058s][info][gc,stats    ]   Update Region States               52 us
[2026-04-03T02:37:46.702+0600][51.058s][info][gc,stats    ]   Choose Collection Set             349 us
[2026-04-03T02:37:46.702+0600][51.058s][info][gc,stats    ]   Rebuild Free Set                   49 us
[2026-04-03T02:37:46.702+0600][51.058s][info][gc,stats    ] Concurrent Thread Roots            1695 us, parallelism: 2.46x
[2026-04-03T02:37:46.702+0600][51.058s][info][gc,stats    ]   CTR: <total>                     4163 us
[2026-04-03T02:37:46.702+0600][51.058s][info][gc,stats    ]   CTR: Thread Roots                4163 us, workers (us): 1396, 1387, 1380, ---, ---, ---, 
[2026-04-03T02:37:46.702+0600][51.058s][info][gc,stats    ] Concurrent Weak References         1775 us, parallelism: 1.05x
[2026-04-03T02:37:46.702+0600][51.058s][info][gc,stats    ]   CWRF: <total>                    1861 us
[2026-04-03T02:37:46.702+0600][51.058s][info][gc,stats    ]   CWRF: Weak References            1861 us, workers (us): 129, 277, 1454, ---, ---, ---, 
[2026-04-03T02:37:46.702+0600][51.058s][info][gc,stats    ] Concurrent Weak Roots              5669 us
[2026-04-03T02:37:46.702+0600][51.058s][info][gc,stats    ]   Roots                            5092 us, parallelism: 2.65x
[2026-04-03T02:37:46.702+0600][51.058s][info][gc,stats    ]     CWR: <total>                  13469 us
[2026-04-03T02:37:46.702+0600][51.058s][info][gc,stats    ]     CWR: Code Cache Roots         10507 us, workers (us): 3600, 3532, 3375, ---, ---, ---, 
[2026-04-03T02:37:46.702+0600][51.058s][info][gc,stats    ]     CWR: VM Weak Roots             2640 us, workers (us): 1045, 1042, 553, ---, ---, ---, 
[2026-04-03T02:37:46.702+0600][51.058s][info][gc,stats    ]     CWR: CLDG Roots                 322 us, workers (us): ---, ---, 322, ---, ---, ---, 
[2026-04-03T02:37:46.702+0600][51.058s][info][gc,stats    ]   Rendezvous                        422 us
[2026-04-03T02:37:46.702+0600][51.058s][info][gc,stats    ] Concurrent Cleanup                  681 us
[2026-04-03T02:37:46.702+0600][51.058s][info][gc,stats    ] Concurrent Class Unloading        51990 us
[2026-04-03T02:37:46.702+0600][51.058s][info][gc,stats    ]   Unlink Stale                    48949 us
[2026-04-03T02:37:46.702+0600][51.058s][info][gc,stats    ]     System Dictionary               542 us
[2026-04-03T02:37:46.702+0600][51.058s][info][gc,stats    ]     Weak Class Links              24649 us
[2026-04-03T02:37:46.702+0600][51.058s][info][gc,stats    ]     Code Roots                    23752 us
[2026-04-03T02:37:46.702+0600][51.058s][info][gc,stats    ]   Rendezvous                        544 us
[2026-04-03T02:37:46.702+0600][51.058s][info][gc,stats    ]   Purge Unlinked                   2345 us
[2026-04-03T02:37:46.702+0600][51.058s][info][gc,stats    ]     Code Roots                     2273 us
[2026-04-03T02:37:46.702+0600][51.058s][info][gc,stats    ]     CLDG                             70 us
[2026-04-03T02:37:46.702+0600][51.058s][info][gc,stats    ]     Exception Caches                  0 us
[2026-04-03T02:37:46.702+0600][51.058s][info][gc,stats    ] Concurrent Strong Roots            1470 us, parallelism: 0.66x
[2026-04-03T02:37:46.702+0600][51.058s][info][gc,stats    ]   CSR: <total>                      975 us
[2026-04-03T02:37:46.702+0600][51.058s][info][gc,stats    ]   CSR: VM Strong Roots               75 us, workers (us):  73,   1,   1, ---, ---, ---, 
[2026-04-03T02:37:46.702+0600][51.058s][info][gc,stats    ]   CSR: CLDG Roots                   900 us, workers (us): 900, ---, ---, ---, ---, ---, 
[2026-04-03T02:37:46.702+0600][51.058s][info][gc,stats    ] Concurrent Evacuation              2772 us
[2026-04-03T02:37:46.702+0600][51.058s][info][gc,stats    ] Pause Init Update Refs (G)          756 us
[2026-04-03T02:37:46.702+0600][51.058s][info][gc,stats    ] Pause Init Update Refs (N)          149 us
[2026-04-03T02:37:46.702+0600][51.058s][info][gc,stats    ]   Manage GCLABs                      51 us
[2026-04-03T02:37:46.702+0600][51.058s][info][gc,stats    ] Concurrent Update Refs            58839 us
[2026-04-03T02:37:46.702+0600][51.058s][info][gc,stats    ] Concurrent Update Thread Roots     1953 us
[2026-04-03T02:37:46.702+0600][51.058s][info][gc,stats    ] Pause Final Update Refs (G)         575 us
[2026-04-03T02:37:46.702+0600][51.058s][info][gc,stats    ] Pause Final Update Refs (N)         243 us
[2026-04-03T02:37:46.702+0600][51.058s][info][gc,stats    ]   Update Region States               58 us
[2026-04-03T02:37:46.702+0600][51.058s][info][gc,stats    ]   Trash Collection Set               23 us
[2026-04-03T02:37:46.702+0600][51.058s][info][gc,stats    ]   Rebuild Free Set                   41 us
[2026-04-03T02:37:46.702+0600][51.058s][info][gc,stats    ] Concurrent Cleanup                  389 us
[2026-04-03T02:37:46.702+0600][51.058s][info][gc,stats    ] 
[2026-04-03T02:37:46.702+0600][51.058s][info][gc,stats    ] Allocation pacing accrued:
[2026-04-03T02:37:46.702+0600][51.058s][info][gc,stats    ]       0 of   636 ms (  0.0%): <total>
[2026-04-03T02:37:46.702+0600][51.059s][info][gc,stats    ]       0 of   636 ms (  0.0%): <average total>
[2026-04-03T02:37:46.702+0600][51.059s][info][gc,stats    ] 
[2026-04-03T02:37:46.702+0600][51.059s][info][gc,metaspace] Metaspace: 131037K(132928K)->131084K(132928K) NonClass: 114516K(115648K)->114558K(115648K) Class: 16521K(17280K)->16526K(17280K)
[2026-04-03T02:37:46.702+0600][51.059s][info][gc,ergo     ] Pacer for Idle. Initial: 30720K, Alloc Tax Rate: 1.0x
[2026-04-03T02:37:47.935+0600][52.291s][info][gc          ] Trigger: Average GC time (254.35 ms) is above the time for average allocation rate (473 MB/s) to deplete free headroom (120M) (margin of error = 1.87)
[2026-04-03T02:37:47.935+0600][52.291s][info][gc,ergo     ] Free headroom: 195M (free) - 76800K (spike) - 0B (penalties) = 120M
[2026-04-03T02:37:47.935+0600][52.291s][info][gc,ergo     ] Free: 195M, Max: 512K regular, 194M humongous, Frag: 0% external, 0% internal; Reserve: 76800K, Max: 512K
[2026-04-03T02:37:47.935+0600][52.291s][info][gc,start    ] GC(38) Concurrent reset
[2026-04-03T02:37:47.935+0600][52.291s][info][gc,task     ] GC(38) Using 3 of 6 workers for concurrent reset
[2026-04-03T02:37:47.935+0600][52.291s][info][gc,ergo     ] GC(38) Pacer for Reset. Non-Taxable: 1500M
[2026-04-03T02:37:47.938+0600][52.295s][info][gc          ] GC(38) Concurrent reset 3.448ms
[2026-04-03T02:37:47.939+0600][52.295s][info][gc,start    ] GC(38) Pause Init Mark (unload classes)
[2026-04-03T02:37:47.939+0600][52.296s][info][gc,task     ] GC(38) Using 6 of 6 workers for init marking
[2026-04-03T02:37:47.939+0600][52.296s][info][gc,ergo     ] GC(38) Pacer for Mark. Expected Live: 94140K, Free: 195M, Non-Taxable: 19971K, Alloc Tax Rate: 0.6x
[2026-04-03T02:37:47.939+0600][52.296s][info][gc          ] GC(38) Pause Init Mark (unload classes) 0.111ms
[2026-04-03T02:37:47.940+0600][52.296s][info][gc,start    ] GC(38) Concurrent marking roots
[2026-04-03T02:37:47.940+0600][52.296s][info][gc,task     ] GC(38) Using 3 of 6 workers for concurrent marking roots
[2026-04-03T02:37:47.941+0600][52.297s][info][gc          ] GC(38) Concurrent marking roots 1.233ms
[2026-04-03T02:37:47.941+0600][52.297s][info][gc,start    ] GC(38) Concurrent marking (unload classes)
[2026-04-03T02:37:47.941+0600][52.297s][info][gc,task     ] GC(38) Using 3 of 6 workers for concurrent marking
[2026-04-03T02:37:48.003+0600][52.359s][info][gc          ] GC(38) Concurrent marking (unload classes) 62.080ms
[2026-04-03T02:37:48.003+0600][52.359s][info][gc,start    ] GC(38) Pause Final Mark (unload classes)
[2026-04-03T02:37:48.003+0600][52.360s][info][gc,task     ] GC(38) Using 6 of 6 workers for final marking
[2026-04-03T02:37:48.004+0600][52.360s][info][gc,ergo     ] GC(38) Adaptive CSet Selection. Target Free: 212M, Actual Free: 1064M, Max CSet: 64000K, Min Garbage: 0B
[2026-04-03T02:37:48.004+0600][52.360s][info][gc,ergo     ] GC(38) Collectable Garbage: 1021M (99%), Immediate: 832M (80%), CSet: 188M (18%)
[2026-04-03T02:37:48.004+0600][52.360s][info][gc,ergo     ] GC(38) Pacer for Evacuation. Used CSet: 193M, Free: 1095M, Non-Taxable: 109M, Alloc Tax Rate: 1.1x
[2026-04-03T02:37:48.004+0600][52.360s][info][gc          ] GC(38) Pause Final Mark (unload classes) 0.755ms
[2026-04-03T02:37:48.004+0600][52.360s][info][gc,start    ] GC(38) Concurrent thread roots
[2026-04-03T02:37:48.004+0600][52.360s][info][gc,task     ] GC(38) Using 3 of 6 workers for Concurrent thread roots
[2026-04-03T02:37:48.005+0600][52.361s][info][gc          ] GC(38) Concurrent thread roots 0.879ms
[2026-04-03T02:37:48.005+0600][52.361s][info][gc,start    ] GC(38) Concurrent weak references
[2026-04-03T02:37:48.005+0600][52.361s][info][gc,task     ] GC(38) Using 3 of 6 workers for concurrent weak references
[2026-04-03T02:37:48.006+0600][52.362s][info][gc,ref      ] GC(38) Encountered references: Soft: 3723, Weak: 16109, Final: 84, Phantom: 620
[2026-04-03T02:37:48.006+0600][52.362s][info][gc,ref      ] GC(38) Discovered  references: Soft: 0, Weak: 8269, Final: 0, Phantom: 615
[2026-04-03T02:37:48.006+0600][52.362s][info][gc,ref      ] GC(38) Enqueued    references: Soft: 0, Weak: 1631, Final: 0, Phantom: 0
[2026-04-03T02:37:48.006+0600][52.362s][info][gc          ] GC(38) Concurrent weak references 1.090ms
[2026-04-03T02:37:48.006+0600][52.362s][info][gc,start    ] GC(38) Concurrent weak roots
[2026-04-03T02:37:48.006+0600][52.362s][info][gc,task     ] GC(38) Using 3 of 6 workers for concurrent weak root
[2026-04-03T02:37:48.011+0600][52.367s][info][gc          ] GC(38) Concurrent weak roots 4.744ms
[2026-04-03T02:37:48.011+0600][52.367s][info][gc,start    ] GC(38) Concurrent cleanup
[2026-04-03T02:37:48.012+0600][52.368s][info][gc          ] GC(38) Concurrent cleanup 1161M->329M(1286M) 0.943ms
[2026-04-03T02:37:48.012+0600][52.368s][info][gc,ergo     ] GC(38) Free: 1089M, Max: 512K regular, 151M humongous, Frag: 87% external, 0% internal; Reserve: 76375K, Max: 512K
[2026-04-03T02:37:48.012+0600][52.368s][info][gc,start    ] GC(38) Concurrent class unloading
[2026-04-03T02:37:48.012+0600][52.368s][info][gc,task     ] GC(38) Using 3 of 6 workers for concurrent class unloading
[2026-04-03T02:37:48.032+0600][52.388s][info][gc          ] GC(38) Concurrent class unloading 20.130ms
[2026-04-03T02:37:48.032+0600][52.388s][info][gc,start    ] GC(38) Concurrent strong roots
[2026-04-03T02:37:48.032+0600][52.389s][info][gc,task     ] GC(38) Using 3 of 6 workers for concurrent strong root
[2026-04-03T02:37:48.034+0600][52.390s][info][gc          ] GC(38) Concurrent strong roots 1.620ms
[2026-04-03T02:37:48.034+0600][52.390s][info][gc,start    ] GC(38) Concurrent evacuation
[2026-04-03T02:37:48.034+0600][52.390s][info][gc,task     ] GC(38) Using 3 of 6 workers for concurrent evacuation
[2026-04-03T02:37:48.039+0600][52.395s][info][gc          ] GC(38) Concurrent evacuation 4.868ms
[2026-04-03T02:37:48.039+0600][52.395s][info][gc,start    ] GC(38) Pause Init Update Refs
[2026-04-03T02:37:48.039+0600][52.395s][info][gc,ergo     ] GC(38) Pacer for Update Refs. Used: 350M, Free: 1073M, Non-Taxable: 107M, Alloc Tax Rate: 1.1x
[2026-04-03T02:37:48.039+0600][52.395s][info][gc          ] GC(38) Pause Init Update Refs 0.146ms
[2026-04-03T02:37:48.039+0600][52.396s][info][gc,start    ] GC(38) Concurrent update references
[2026-04-03T02:37:48.039+0600][52.396s][info][gc,task     ] GC(38) Using 3 of 6 workers for concurrent reference update
[2026-04-03T02:37:48.085+0600][52.441s][info][gc          ] GC(38) Concurrent update references 45.738ms
[2026-04-03T02:37:48.085+0600][52.441s][info][gc,start    ] GC(38) Concurrent update thread roots
[2026-04-03T02:37:48.087+0600][52.443s][info][gc          ] GC(38) Concurrent update thread roots 1.911ms
[2026-04-03T02:37:48.087+0600][52.444s][info][gc,start    ] GC(38) Pause Final Update Refs
[2026-04-03T02:37:48.087+0600][52.444s][info][gc,task     ] GC(38) Using 6 of 6 workers for final reference update
[2026-04-03T02:37:48.088+0600][52.444s][info][gc          ] GC(38) Pause Final Update Refs 0.265ms
[2026-04-03T02:37:48.088+0600][52.444s][info][gc,start    ] GC(38) Concurrent cleanup
[2026-04-03T02:37:48.088+0600][52.445s][info][gc          ] GC(38) Concurrent cleanup 386M->194M(1286M) 0.743ms
[2026-04-03T02:37:48.089+0600][52.445s][info][gc,ergo     ] Free: 1219M, Max: 512K regular, 870M humongous, Frag: 29% external, 0% internal; Reserve: 76800K, Max: 512K
[2026-04-03T02:37:48.089+0600][52.445s][info][gc,stats    ] 
[2026-04-03T02:37:48.089+0600][52.445s][info][gc,stats    ] All times are wall-clock times, except per-root-class counters, that are sum over
[2026-04-03T02:37:48.089+0600][52.445s][info][gc,stats    ] all workers. Dividing the <total> over the root stage time estimates parallelism.
[2026-04-03T02:37:48.089+0600][52.445s][info][gc,stats    ] 
[2026-04-03T02:37:48.089+0600][52.445s][info][gc,stats    ] Concurrent Reset                   3498 us
[2026-04-03T02:37:48.089+0600][52.445s][info][gc,stats    ] Pause Init Mark (G)                 985 us
[2026-04-03T02:37:48.089+0600][52.445s][info][gc,stats    ] Pause Init Mark (N)                 122 us
[2026-04-03T02:37:48.089+0600][52.445s][info][gc,stats    ]   Update Region States               24 us
[2026-04-03T02:37:48.089+0600][52.445s][info][gc,stats    ] Concurrent Mark Roots              1275 us, parallelism: 1.97x
[2026-04-03T02:37:48.089+0600][52.445s][info][gc,stats    ]   CMR: <total>                     2517 us
[2026-04-03T02:37:48.089+0600][52.445s][info][gc,stats    ]   CMR: Thread Roots                2240 us, workers (us): 588, 811, 840, ---, ---, ---, 
[2026-04-03T02:37:48.089+0600][52.445s][info][gc,stats    ]   CMR: VM Strong Roots               30 us, workers (us):  29,   1,   0, ---, ---, ---, 
[2026-04-03T02:37:48.089+0600][52.445s][info][gc,stats    ]   CMR: CLDG Roots                   247 us, workers (us): 247, ---, ---, ---, ---, ---, 
[2026-04-03T02:37:48.089+0600][52.445s][info][gc,stats    ] Concurrent Marking                62171 us
[2026-04-03T02:37:48.089+0600][52.445s][info][gc,stats    ] Pause Final Mark (G)               1115 us
[2026-04-03T02:37:48.089+0600][52.445s][info][gc,stats    ] Pause Final Mark (N)                771 us
[2026-04-03T02:37:48.089+0600][52.445s][info][gc,stats    ]   Finish Mark                       290 us
[2026-04-03T02:37:48.089+0600][52.445s][info][gc,stats    ]   Update Region States               76 us
[2026-04-03T02:37:48.089+0600][52.445s][info][gc,stats    ]   Choose Collection Set             224 us
[2026-04-03T02:37:48.089+0600][52.445s][info][gc,stats    ]   Rebuild Free Set                   34 us
[2026-04-03T02:37:48.089+0600][52.445s][info][gc,stats    ] Concurrent Thread Roots             929 us, parallelism: 2.31x
[2026-04-03T02:37:48.089+0600][52.445s][info][gc,stats    ]   CTR: <total>                     2142 us
[2026-04-03T02:37:48.089+0600][52.445s][info][gc,stats    ]   CTR: Thread Roots                2142 us, workers (us): 727, 715, 700, ---, ---, ---, 
[2026-04-03T02:37:48.089+0600][52.445s][info][gc,stats    ] Concurrent Weak References         1101 us, parallelism: 1.07x
[2026-04-03T02:37:48.089+0600][52.445s][info][gc,stats    ]   CWRF: <total>                    1183 us
[2026-04-03T02:37:48.089+0600][52.445s][info][gc,stats    ]   CWRF: Weak References            1183 us, workers (us): 255, 853,  75, ---, ---, ---, 
[2026-04-03T02:37:48.089+0600][52.445s][info][gc,stats    ] Concurrent Weak Roots              4848 us
[2026-04-03T02:37:48.089+0600][52.445s][info][gc,stats    ]   Roots                            4300 us, parallelism: 2.75x
[2026-04-03T02:37:48.089+0600][52.445s][info][gc,stats    ]     CWR: <total>                  11813 us
[2026-04-03T02:37:48.089+0600][52.445s][info][gc,stats    ]     CWR: Code Cache Roots          9051 us, workers (us): 2928, 2998, 3125, ---, ---, ---, 
[2026-04-03T02:37:48.089+0600][52.445s][info][gc,stats    ]     CWR: VM Weak Roots             2607 us, workers (us): 883, 867, 857, ---, ---, ---, 
[2026-04-03T02:37:48.089+0600][52.445s][info][gc,stats    ]     CWR: CLDG Roots                 155 us, workers (us): 155, ---, ---, ---, ---, ---, 
[2026-04-03T02:37:48.089+0600][52.445s][info][gc,stats    ]   Rendezvous                        417 us
[2026-04-03T02:37:48.089+0600][52.445s][info][gc,stats    ] Concurrent Cleanup                  997 us
[2026-04-03T02:37:48.089+0600][52.445s][info][gc,stats    ] Concurrent Class Unloading        20262 us
[2026-04-03T02:37:48.089+0600][52.445s][info][gc,stats    ]   Unlink Stale                    14442 us
[2026-04-03T02:37:48.089+0600][52.445s][info][gc,stats    ]     System Dictionary               308 us
[2026-04-03T02:37:48.089+0600][52.445s][info][gc,stats    ]     Weak Class Links                  0 us
[2026-04-03T02:37:48.089+0600][52.445s][info][gc,stats    ]     Code Roots                    14131 us
[2026-04-03T02:37:48.089+0600][52.445s][info][gc,stats    ]   Rendezvous                        409 us
[2026-04-03T02:37:48.089+0600][52.445s][info][gc,stats    ]   Purge Unlinked                   5243 us
[2026-04-03T02:37:48.089+0600][52.445s][info][gc,stats    ]     Code Roots                     5219 us
[2026-04-03T02:37:48.089+0600][52.446s][info][gc,stats    ]     CLDG                             21 us
[2026-04-03T02:37:48.089+0600][52.446s][info][gc,stats    ]     Exception Caches                  1 us
[2026-04-03T02:37:48.089+0600][52.446s][info][gc,stats    ] Concurrent Strong Roots            1714 us, parallelism: 0.68x
[2026-04-03T02:37:48.089+0600][52.446s][info][gc,stats    ]   CSR: <total>                     1173 us
[2026-04-03T02:37:48.089+0600][52.446s][info][gc,stats    ]   CSR: VM Strong Roots              116 us, workers (us): 114,   2,   0, ---, ---, ---, 
[2026-04-03T02:37:48.089+0600][52.446s][info][gc,stats    ]   CSR: CLDG Roots                  1056 us, workers (us): 1056, ---, ---, ---, ---, ---, 
[2026-04-03T02:37:48.089+0600][52.446s][info][gc,stats    ] Concurrent Evacuation              4965 us
[2026-04-03T02:37:48.089+0600][52.446s][info][gc,stats    ] Pause Init Update Refs (G)          362 us
[2026-04-03T02:37:48.089+0600][52.446s][info][gc,stats    ] Pause Init Update Refs (N)          162 us
[2026-04-03T02:37:48.089+0600][52.446s][info][gc,stats    ]   Manage GCLABs                      40 us
[2026-04-03T02:37:48.089+0600][52.446s][info][gc,stats    ] Concurrent Update Refs            45883 us
[2026-04-03T02:37:48.089+0600][52.446s][info][gc,stats    ] Concurrent Update Thread Roots     1967 us
[2026-04-03T02:37:48.089+0600][52.446s][info][gc,stats    ] Pause Final Update Refs (G)         569 us
[2026-04-03T02:37:48.089+0600][52.446s][info][gc,stats    ] Pause Final Update Refs (N)         281 us
[2026-04-03T02:37:48.089+0600][52.446s][info][gc,stats    ]   Update Region States               89 us
[2026-04-03T02:37:48.089+0600][52.446s][info][gc,stats    ]   Trash Collection Set               21 us
[2026-04-03T02:37:48.089+0600][52.446s][info][gc,stats    ]   Rebuild Free Set                   46 us
[2026-04-03T02:37:48.089+0600][52.446s][info][gc,stats    ] Concurrent Cleanup                  785 us
[2026-04-03T02:37:48.089+0600][52.446s][info][gc,stats    ] Pacing                            95899 us
[2026-04-03T02:37:48.090+0600][52.446s][info][gc,stats    ] 
[2026-04-03T02:37:48.090+0600][52.446s][info][gc,stats    ] Allocation pacing accrued:
[2026-04-03T02:37:48.090+0600][52.446s][info][gc,stats    ]       4 of  1387 ms (  0.3%): spark-listener-group-executorManagement
[2026-04-03T02:37:48.090+0600][52.446s][info][gc,stats    ]       3 of  1387 ms (  0.2%): spark-listener-group-shared
[2026-04-03T02:37:48.090+0600][52.446s][info][gc,stats    ]      11 of  1387 ms (  0.8%): Executor task launch worker for task 4.0 in stage 1658.0 (TID 3111)
[2026-04-03T02:37:48.090+0600][52.446s][info][gc,stats    ]      16 of  1387 ms (  1.1%): Executor task launch worker for task 6.0 in stage 1658.0 (TID 3113)
[2026-04-03T02:37:48.090+0600][52.446s][info][gc,stats    ]      17 of  1387 ms (  1.2%): Executor task launch worker for task 2.0 in stage 1658.0 (TID 3109)
[2026-04-03T02:37:48.090+0600][52.446s][info][gc,stats    ]      11 of  1387 ms (  0.8%): task-result-getter-0
[2026-04-03T02:37:48.090+0600][52.446s][info][gc,stats    ]      15 of  1387 ms (  1.1%): task-result-getter-1
[2026-04-03T02:37:48.090+0600][52.446s][info][gc,stats    ]      16 of  1387 ms (  1.1%): task-result-getter-2
[2026-04-03T02:37:48.090+0600][52.446s][info][gc,stats    ]       4 of  1387 ms (  0.3%): task-result-getter-3
[2026-04-03T02:37:48.090+0600][52.446s][info][gc,stats    ]      96 of  1387 ms (  6.9%): <total>
[2026-04-03T02:37:48.090+0600][52.446s][info][gc,stats    ]       0 of  1387 ms (  0.0%): <average total>
[2026-04-03T02:37:48.090+0600][52.446s][info][gc,stats    ]      11 of  1387 ms (  0.8%): <average non-zero>
[2026-04-03T02:37:48.090+0600][52.446s][info][gc,stats    ] 
[2026-04-03T02:37:48.090+0600][52.446s][info][gc,metaspace] Metaspace: 131227K(132992K)->131231K(132992K) NonClass: 114685K(115712K)->114689K(115712K) Class: 16541K(17280K)->16541K(17280K)
[2026-04-03T02:37:48.090+0600][52.446s][info][gc,ergo     ] Pacer for Idle. Initial: 30720K, Alloc Tax Rate: 1.0x
[2026-04-03T02:37:48.995+0600][53.352s][info][gc          ] Trigger: Average GC time (224.59 ms) is above the time for average allocation rate (901 MB/s) to deplete free headroom (189M) (margin of error = 1.87)
[2026-04-03T02:37:48.996+0600][53.352s][info][gc,ergo     ] Free headroom: 264M (free) - 76800K (spike) - 0B (penalties) = 189M
[2026-04-03T02:37:48.996+0600][53.352s][info][gc,ergo     ] Free: 264M, Max: 512K regular, 148M humongous, Frag: 44% external, 1% internal; Reserve: 76800K, Max: 512K
[2026-04-03T02:37:48.996+0600][53.352s][info][gc,start    ] GC(39) Concurrent reset
[2026-04-03T02:37:48.996+0600][53.352s][info][gc,task     ] GC(39) Using 3 of 6 workers for concurrent reset
[2026-04-03T02:37:48.996+0600][53.352s][info][gc,ergo     ] GC(39) Pacer for Reset. Non-Taxable: 1500M
[2026-04-03T02:37:49.002+0600][53.358s][info][gc          ] GC(39) Concurrent reset 6.277ms
[2026-04-03T02:37:49.002+0600][53.358s][info][gc,start    ] GC(39) Pause Init Mark (unload classes)
[2026-04-03T02:37:49.002+0600][53.359s][info][gc,task     ] GC(39) Using 6 of 6 workers for init marking
[2026-04-03T02:37:49.002+0600][53.359s][info][gc,ergo     ] GC(39) Pacer for Mark. Expected Live: 95356K, Free: 260M, Non-Taxable: 26654K, Alloc Tax Rate: 0.4x
[2026-04-03T02:37:49.002+0600][53.359s][info][gc          ] GC(39) Pause Init Mark (unload classes) 0.161ms
[2026-04-03T02:37:49.002+0600][53.359s][info][gc,start    ] GC(39) Concurrent marking roots
[2026-04-03T02:37:49.003+0600][53.359s][info][gc,task     ] GC(39) Using 3 of 6 workers for concurrent marking roots
[2026-04-03T02:37:49.005+0600][53.361s][info][gc          ] GC(39) Concurrent marking roots 2.312ms
[2026-04-03T02:37:49.005+0600][53.361s][info][gc,start    ] GC(39) Concurrent marking (unload classes)
[2026-04-03T02:37:49.005+0600][53.361s][info][gc,task     ] GC(39) Using 3 of 6 workers for concurrent marking
[2026-04-03T02:37:49.068+0600][53.424s][info][gc          ] GC(39) Concurrent marking (unload classes) 62.741ms
[2026-04-03T02:37:49.068+0600][53.424s][info][gc,start    ] GC(39) Pause Final Mark (unload classes)
[2026-04-03T02:37:49.068+0600][53.424s][info][gc,task     ] GC(39) Using 6 of 6 workers for final marking
[2026-04-03T02:37:49.068+0600][53.425s][info][gc,ergo     ] GC(39) Adaptive CSet Selection. Target Free: 212M, Actual Free: 1021M, Max CSet: 64000K, Min Garbage: 0B
[2026-04-03T02:37:49.069+0600][53.425s][info][gc,ergo     ] GC(39) Collectable Garbage: 960M (99%), Immediate: 732M (75%), CSet: 227M (23%)
[2026-04-03T02:37:49.069+0600][53.425s][info][gc,ergo     ] GC(39) Pacer for Evacuation. Used CSet: 234M, Free: 1050M, Non-Taxable: 105M, Alloc Tax Rate: 1.1x
[2026-04-03T02:37:49.069+0600][53.425s][info][gc          ] GC(39) Pause Final Mark (unload classes) 0.878ms
[2026-04-03T02:37:49.069+0600][53.425s][info][gc,start    ] GC(39) Concurrent thread roots
[2026-04-03T02:37:49.069+0600][53.425s][info][gc,task     ] GC(39) Using 3 of 6 workers for Concurrent thread roots
[2026-04-03T02:37:49.070+0600][53.426s][info][gc          ] GC(39) Concurrent thread roots 1.004ms
[2026-04-03T02:37:49.070+0600][53.426s][info][gc,start    ] GC(39) Concurrent weak references
[2026-04-03T02:37:49.070+0600][53.426s][info][gc,task     ] GC(39) Using 3 of 6 workers for concurrent weak references
[2026-04-03T02:37:49.071+0600][53.427s][info][gc,ref      ] GC(39) Encountered references: Soft: 3789, Weak: 16487, Final: 84, Phantom: 628
[2026-04-03T02:37:49.071+0600][53.427s][info][gc,ref      ] GC(39) Discovered  references: Soft: 0, Weak: 9804, Final: 52, Phantom: 624
[2026-04-03T02:37:49.071+0600][53.427s][info][gc,ref      ] GC(39) Enqueued    references: Soft: 0, Weak: 1777, Final: 0, Phantom: 0
[2026-04-03T02:37:49.071+0600][53.428s][info][gc          ] GC(39) Concurrent weak references 1.423ms
[2026-04-03T02:37:49.071+0600][53.428s][info][gc,start    ] GC(39) Concurrent weak roots
[2026-04-03T02:37:49.071+0600][53.428s][info][gc,task     ] GC(39) Using 3 of 6 workers for concurrent weak root
[2026-04-03T02:37:49.077+0600][53.433s][info][gc          ] GC(39) Concurrent weak roots 5.898ms
[2026-04-03T02:37:49.077+0600][53.434s][info][gc,start    ] GC(39) Concurrent cleanup
[2026-04-03T02:37:49.078+0600][53.434s][info][gc          ] GC(39) Concurrent cleanup 1113M->382M(1286M) 0.926ms
[2026-04-03T02:37:49.078+0600][53.435s][info][gc,ergo     ] GC(39) Free: 1041M, Max: 512K regular, 150M humongous, Frag: 86% external, 0% internal; Reserve: 76265K, Max: 512K
[2026-04-03T02:37:49.078+0600][53.435s][info][gc,start    ] GC(39) Concurrent class unloading
[2026-04-03T02:37:49.078+0600][53.435s][info][gc,task     ] GC(39) Using 3 of 6 workers for concurrent class unloading
[2026-04-03T02:37:49.101+0600][53.457s][info][gc          ] GC(39) Concurrent class unloading 22.556ms
[2026-04-03T02:37:49.101+0600][53.457s][info][gc,start    ] GC(39) Concurrent strong roots
[2026-04-03T02:37:49.101+0600][53.457s][info][gc,task     ] GC(39) Using 3 of 6 workers for concurrent strong root
[2026-04-03T02:37:49.102+0600][53.459s][info][gc          ] GC(39) Concurrent strong roots 1.313ms
[2026-04-03T02:37:49.102+0600][53.459s][info][gc,start    ] GC(39) Concurrent evacuation
[2026-04-03T02:37:49.102+0600][53.459s][info][gc,task     ] GC(39) Using 3 of 6 workers for concurrent evacuation
[2026-04-03T02:37:49.107+0600][53.464s][info][gc          ] GC(39) Concurrent evacuation 5.052ms
[2026-04-03T02:37:49.108+0600][53.464s][info][gc,start    ] GC(39) Pause Init Update Refs
[2026-04-03T02:37:49.108+0600][53.464s][info][gc,ergo     ] GC(39) Pacer for Update Refs. Used: 416M, Free: 1014M, Non-Taxable: 101M, Alloc Tax Rate: 1.1x
[2026-04-03T02:37:49.108+0600][53.464s][info][gc          ] GC(39) Pause Init Update Refs 0.077ms
[2026-04-03T02:37:49.108+0600][53.464s][info][gc,start    ] GC(39) Concurrent update references
[2026-04-03T02:37:49.108+0600][53.464s][info][gc,task     ] GC(39) Using 3 of 6 workers for concurrent reference update
[2026-04-03T02:37:49.169+0600][53.525s][info][gc          ] GC(39) Concurrent update references 60.595ms
[2026-04-03T02:37:49.169+0600][53.525s][info][gc,start    ] GC(39) Concurrent update thread roots
[2026-04-03T02:37:49.173+0600][53.529s][info][gc          ] GC(39) Concurrent update thread roots 3.935ms
[2026-04-03T02:37:49.173+0600][53.529s][info][gc,start    ] GC(39) Pause Final Update Refs
[2026-04-03T02:37:49.173+0600][53.529s][info][gc,task     ] GC(39) Using 6 of 6 workers for final reference update
[2026-04-03T02:37:49.173+0600][53.529s][info][gc          ] GC(39) Pause Final Update Refs 0.211ms
[2026-04-03T02:37:49.173+0600][53.529s][info][gc,start    ] GC(39) Concurrent cleanup
[2026-04-03T02:37:49.174+0600][53.530s][info][gc          ] GC(39) Concurrent cleanup 459M->224M(1287M) 0.700ms
[2026-04-03T02:37:49.174+0600][53.530s][info][gc,ergo     ] Free: 1194M, Max: 512K regular, 759M humongous, Frag: 37% external, 0% internal; Reserve: 76800K, Max: 512K
[2026-04-03T02:37:49.174+0600][53.530s][info][gc,stats    ] 
[2026-04-03T02:37:49.174+0600][53.530s][info][gc,stats    ] All times are wall-clock times, except per-root-class counters, that are sum over
[2026-04-03T02:37:49.174+0600][53.530s][info][gc,stats    ] all workers. Dividing the <total> over the root stage time estimates parallelism.
[2026-04-03T02:37:49.174+0600][53.530s][info][gc,stats    ] 
[2026-04-03T02:37:49.174+0600][53.530s][info][gc,stats    ] Concurrent Reset                   6365 us
[2026-04-03T02:37:49.174+0600][53.530s][info][gc,stats    ] Pause Init Mark (G)                 512 us
[2026-04-03T02:37:49.174+0600][53.530s][info][gc,stats    ] Pause Init Mark (N)                 171 us
[2026-04-03T02:37:49.174+0600][53.530s][info][gc,stats    ]   Update Region States               40 us
[2026-04-03T02:37:49.174+0600][53.530s][info][gc,stats    ] Concurrent Mark Roots              2359 us, parallelism: 1.57x
[2026-04-03T02:37:49.174+0600][53.530s][info][gc,stats    ]   CMR: <total>                     3702 us
[2026-04-03T02:37:49.174+0600][53.530s][info][gc,stats    ]   CMR: Thread Roots                3220 us, workers (us): 1847, 1372,   0, ---, ---, ---, 
[2026-04-03T02:37:49.174+0600][53.530s][info][gc,stats    ]   CMR: VM Strong Roots               64 us, workers (us):  39,  25,   0, ---, ---, ---, 
[2026-04-03T02:37:49.174+0600][53.531s][info][gc,stats    ]   CMR: CLDG Roots                   419 us, workers (us): ---, 419, ---, ---, ---, ---, 
[2026-04-03T02:37:49.174+0600][53.531s][info][gc,stats    ] Concurrent Marking                62822 us
[2026-04-03T02:37:49.174+0600][53.531s][info][gc,stats    ] Pause Final Mark (G)               1166 us
[2026-04-03T02:37:49.174+0600][53.531s][info][gc,stats    ] Pause Final Mark (N)                893 us
[2026-04-03T02:37:49.174+0600][53.531s][info][gc,stats    ]   Finish Mark                       335 us
[2026-04-03T02:37:49.174+0600][53.531s][info][gc,stats    ]   Update Region States               61 us
[2026-04-03T02:37:49.174+0600][53.531s][info][gc,stats    ]   Choose Collection Set             287 us
[2026-04-03T02:37:49.174+0600][53.531s][info][gc,stats    ]   Rebuild Free Set                   39 us
[2026-04-03T02:37:49.174+0600][53.531s][info][gc,stats    ] Concurrent Thread Roots            1032 us, parallelism: 2.36x
[2026-04-03T02:37:49.174+0600][53.531s][info][gc,stats    ]   CTR: <total>                     2431 us
[2026-04-03T02:37:49.174+0600][53.531s][info][gc,stats    ]   CTR: Thread Roots                2431 us, workers (us): 812, 795, 824, ---, ---, ---, 
[2026-04-03T02:37:49.174+0600][53.531s][info][gc,stats    ] Concurrent Weak References         1432 us, parallelism: 1.13x
[2026-04-03T02:37:49.174+0600][53.531s][info][gc,stats    ]   CWRF: <total>                    1614 us
[2026-04-03T02:37:49.174+0600][53.531s][info][gc,stats    ]   CWRF: Weak References            1614 us, workers (us): 109, 311, 1193, ---, ---, ---, 
[2026-04-03T02:37:49.174+0600][53.531s][info][gc,stats    ] Concurrent Weak Roots              5980 us
[2026-04-03T02:37:49.174+0600][53.531s][info][gc,stats    ]   Roots                            5479 us, parallelism: 2.70x
[2026-04-03T02:37:49.175+0600][53.531s][info][gc,stats    ]     CWR: <total>                  14819 us
[2026-04-03T02:37:49.175+0600][53.531s][info][gc,stats    ]     CWR: Code Cache Roots         11265 us, workers (us): 3898, 3684, 3683, ---, ---, ---, 
[2026-04-03T02:37:49.175+0600][53.531s][info][gc,stats    ]     CWR: VM Weak Roots             3341 us, workers (us): 1119, 1120, 1102, ---, ---, ---, 
[2026-04-03T02:37:49.175+0600][53.531s][info][gc,stats    ]     CWR: CLDG Roots                 213 us, workers (us): ---, ---, 213, ---, ---, ---, 
[2026-04-03T02:37:49.175+0600][53.531s][info][gc,stats    ]   Rendezvous                        396 us
[2026-04-03T02:37:49.175+0600][53.531s][info][gc,stats    ] Concurrent Cleanup                  956 us
[2026-04-03T02:37:49.175+0600][53.531s][info][gc,stats    ] Concurrent Class Unloading        22685 us
[2026-04-03T02:37:49.175+0600][53.531s][info][gc,stats    ]   Unlink Stale                    17396 us
[2026-04-03T02:37:49.175+0600][53.531s][info][gc,stats    ]     System Dictionary               286 us
[2026-04-03T02:37:49.175+0600][53.531s][info][gc,stats    ]     Weak Class Links                  0 us
[2026-04-03T02:37:49.175+0600][53.531s][info][gc,stats    ]     Code Roots                    17106 us
[2026-04-03T02:37:49.175+0600][53.531s][info][gc,stats    ]   Rendezvous                        361 us
[2026-04-03T02:37:49.175+0600][53.531s][info][gc,stats    ]   Purge Unlinked                   4758 us
[2026-04-03T02:37:49.175+0600][53.531s][info][gc,stats    ]     Code Roots                     4737 us
[2026-04-03T02:37:49.175+0600][53.531s][info][gc,stats    ]     CLDG                             19 us
[2026-04-03T02:37:49.175+0600][53.531s][info][gc,stats    ]     Exception Caches                  1 us
[2026-04-03T02:37:49.175+0600][53.531s][info][gc,stats    ] Concurrent Strong Roots            1392 us, parallelism: 0.67x
[2026-04-03T02:37:49.175+0600][53.531s][info][gc,stats    ]   CSR: <total>                      930 us
[2026-04-03T02:37:49.175+0600][53.531s][info][gc,stats    ]   CSR: VM Strong Roots               72 us, workers (us):  37,  35,   0, ---, ---, ---, 
[2026-04-03T02:37:49.175+0600][53.531s][info][gc,stats    ]   CSR: CLDG Roots                   858 us, workers (us): 858, ---, ---, ---, ---, ---, 
[2026-04-03T02:37:49.175+0600][53.531s][info][gc,stats    ] Concurrent Evacuation              5136 us
[2026-04-03T02:37:49.175+0600][53.531s][info][gc,stats    ] Pause Init Update Refs (G)          540 us
[2026-04-03T02:37:49.175+0600][53.531s][info][gc,stats    ] Pause Init Update Refs (N)           90 us
[2026-04-03T02:37:49.175+0600][53.531s][info][gc,stats    ]   Manage GCLABs                      32 us
[2026-04-03T02:37:49.175+0600][53.531s][info][gc,stats    ] Concurrent Update Refs            60716 us
[2026-04-03T02:37:49.175+0600][53.531s][info][gc,stats    ] Concurrent Update Thread Roots     3992 us
[2026-04-03T02:37:49.175+0600][53.531s][info][gc,stats    ] Pause Final Update Refs (G)         482 us
[2026-04-03T02:37:49.175+0600][53.531s][info][gc,stats    ] Pause Final Update Refs (N)         232 us
[2026-04-03T02:37:49.175+0600][53.531s][info][gc,stats    ]   Update Region States               62 us
[2026-04-03T02:37:49.175+0600][53.531s][info][gc,stats    ]   Trash Collection Set               24 us
[2026-04-03T02:37:49.175+0600][53.531s][info][gc,stats    ]   Rebuild Free Set                   48 us
[2026-04-03T02:37:49.175+0600][53.531s][info][gc,stats    ] Concurrent Cleanup                  739 us
[2026-04-03T02:37:49.175+0600][53.531s][info][gc,stats    ] Pacing                           220779 us
[2026-04-03T02:37:49.175+0600][53.531s][info][gc,stats    ] 
[2026-04-03T02:37:49.175+0600][53.531s][info][gc,stats    ] Allocation pacing accrued:
[2026-04-03T02:37:49.175+0600][53.531s][info][gc,stats    ]      11 of  1085 ms (  1.0%): Spark Context Cleaner
[2026-04-03T02:37:49.175+0600][53.531s][info][gc,stats    ]      22 of  1085 ms (  2.1%): Executor task launch worker for task 6.0 in stage 1778.0 (TID 3281)
[2026-04-03T02:37:49.175+0600][53.531s][info][gc,stats    ]      22 of  1085 ms (  2.1%): Executor task launch worker for task 3.0 in stage 1778.0 (TID 3278)
[2026-04-03T02:37:49.175+0600][53.531s][info][gc,stats    ]      22 of  1085 ms (  2.1%): Executor task launch worker for task 4.0 in stage 1778.0 (TID 3279)
[2026-04-03T02:37:49.175+0600][53.531s][info][gc,stats    ]      33 of  1085 ms (  3.0%): Executor task launch worker for task 0.0 in stage 1778.0 (TID 3275)
[2026-04-03T02:37:49.175+0600][53.531s][info][gc,stats    ]      22 of  1085 ms (  2.1%): Executor task launch worker for task 5.0 in stage 1778.0 (TID 3280)
[2026-04-03T02:37:49.175+0600][53.531s][info][gc,stats    ]      33 of  1085 ms (  3.0%): Executor task launch worker for task 1.0 in stage 1778.0 (TID 3276)
[2026-04-03T02:37:49.175+0600][53.531s][info][gc,stats    ]      22 of  1085 ms (  2.1%): Executor task launch worker for task 7.0 in stage 1778.0 (TID 3282)
[2026-04-03T02:37:49.175+0600][53.531s][info][gc,stats    ]      32 of  1085 ms (  3.0%): Executor task launch worker for task 2.0 in stage 1778.0 (TID 3277)
[2026-04-03T02:37:49.175+0600][53.531s][info][gc,stats    ]     221 of  1085 ms ( 20.3%): <total>
[2026-04-03T02:37:49.175+0600][53.531s][info][gc,stats    ]       1 of  1085 ms (  0.1%): <average total>
[2026-04-03T02:37:49.175+0600][53.531s][info][gc,stats    ]      25 of  1085 ms (  2.3%): <average non-zero>
[2026-04-03T02:37:49.175+0600][53.531s][info][gc,stats    ] 
[2026-04-03T02:37:49.175+0600][53.531s][info][gc,metaspace] Metaspace: 131342K(132992K)->131347K(132992K) NonClass: 114789K(115712K)->114794K(115712K) Class: 16553K(17280K)->16553K(17280K)
[2026-04-03T02:37:49.175+0600][53.531s][info][gc,ergo     ] Pacer for Idle. Initial: 30720K, Alloc Tax Rate: 1.0x
[2026-04-03T02:37:49.377+0600][53.733s][info][gc          ] Trigger: Average GC time (215.13 ms) is above the time for instantaneous allocation rate (3809 MB/s) to deplete free headroom (631M) (spike threshold = 1.81)
[2026-04-03T02:37:49.377+0600][53.734s][info][gc,ergo     ] Free: 706M, Max: 512K regular, 454M humongous, Frag: 36% external, 0% internal; Reserve: 76800K, Max: 512K
[2026-04-03T02:37:49.377+0600][53.734s][info][gc,start    ] GC(40) Concurrent reset
[2026-04-03T02:37:49.377+0600][53.734s][info][gc,task     ] GC(40) Using 3 of 6 workers for concurrent reset
[2026-04-03T02:37:49.377+0600][53.734s][info][gc,ergo     ] GC(40) Pacer for Reset. Non-Taxable: 1500M
[2026-04-03T02:37:49.382+0600][53.738s][info][gc          ] GC(40) Concurrent reset 4.576ms
[2026-04-03T02:37:49.382+0600][53.739s][info][gc,start    ] GC(40) Pause Init Mark (unload classes)
[2026-04-03T02:37:49.382+0600][53.739s][info][gc,task     ] GC(40) Using 6 of 6 workers for init marking
[2026-04-03T02:37:49.383+0600][53.739s][info][gc,ergo     ] GC(40) Pacer for Mark. Expected Live: 93653K, Free: 698M, Non-Taxable: 71477K, Alloc Tax Rate: 0.2x
[2026-04-03T02:37:49.383+0600][53.739s][info][gc          ] GC(40) Pause Init Mark (unload classes) 0.141ms
[2026-04-03T02:37:49.383+0600][53.739s][info][gc,start    ] GC(40) Concurrent marking roots
[2026-04-03T02:37:49.383+0600][53.739s][info][gc,task     ] GC(40) Using 3 of 6 workers for concurrent marking roots
[2026-04-03T02:37:49.385+0600][53.741s][info][gc          ] GC(40) Concurrent marking roots 2.151ms
[2026-04-03T02:37:49.385+0600][53.741s][info][gc,start    ] GC(40) Concurrent marking (unload classes)
[2026-04-03T02:37:49.385+0600][53.741s][info][gc,task     ] GC(40) Using 3 of 6 workers for concurrent marking
[2026-04-03T02:37:49.455+0600][53.811s][info][gc          ] GC(40) Concurrent marking (unload classes) 69.745ms
[2026-04-03T02:37:49.456+0600][53.812s][info][gc,start    ] GC(40) Pause Final Mark (unload classes)
[2026-04-03T02:37:49.456+0600][53.812s][info][gc,task     ] GC(40) Using 6 of 6 workers for final marking
[2026-04-03T02:37:49.457+0600][53.813s][info][gc,ergo     ] GC(40) Adaptive CSet Selection. Target Free: 212M, Actual Free: 1117M, Max CSet: 64000K, Min Garbage: 0B
[2026-04-03T02:37:49.457+0600][53.813s][info][gc,ergo     ] GC(40) Collectable Garbage: 576M (98%), Immediate: 505M (86%), CSet: 71920K (12%)
[2026-04-03T02:37:49.457+0600][53.813s][info][gc,ergo     ] GC(40) Pacer for Evacuation. Used CSet: 79696K, Free: 1092M, Non-Taxable: 109M, Alloc Tax Rate: 1.1x
[2026-04-03T02:37:49.457+0600][53.813s][info][gc          ] GC(40) Pause Final Mark (unload classes) 0.717ms
[2026-04-03T02:37:49.457+0600][53.813s][info][gc,start    ] GC(40) Concurrent thread roots
[2026-04-03T02:37:49.457+0600][53.813s][info][gc,task     ] GC(40) Using 3 of 6 workers for Concurrent thread roots
[2026-04-03T02:37:49.458+0600][53.814s][info][gc          ] GC(40) Concurrent thread roots 1.276ms
[2026-04-03T02:37:49.458+0600][53.814s][info][gc,start    ] GC(40) Concurrent weak references
[2026-04-03T02:37:49.458+0600][53.815s][info][gc,task     ] GC(40) Using 3 of 6 workers for concurrent weak references
[2026-04-03T02:37:49.460+0600][53.817s][info][gc,ref      ] GC(40) Encountered references: Soft: 3792, Weak: 15162, Final: 84, Phantom: 620
[2026-04-03T02:37:49.461+0600][53.817s][info][gc,ref      ] GC(40) Discovered  references: Soft: 0, Weak: 8423, Final: 52, Phantom: 311
[2026-04-03T02:37:49.461+0600][53.817s][info][gc,ref      ] GC(40) Enqueued    references: Soft: 0, Weak: 580, Final: 0, Phantom: 0
[2026-04-03T02:37:49.461+0600][53.817s][info][gc          ] GC(40) Concurrent weak references 2.309ms
[2026-04-03T02:37:49.461+0600][53.817s][info][gc,start    ] GC(40) Concurrent weak roots
[2026-04-03T02:37:49.461+0600][53.817s][info][gc,task     ] GC(40) Using 3 of 6 workers for concurrent weak root
[2026-04-03T02:37:49.467+0600][53.823s][info][gc          ] GC(40) Concurrent weak roots 6.599ms
[2026-04-03T02:37:49.467+0600][53.824s][info][gc,start    ] GC(40) Concurrent cleanup
[2026-04-03T02:37:49.468+0600][53.824s][info][gc          ] GC(40) Concurrent cleanup 917M->411M(1287M) 0.461ms
[2026-04-03T02:37:49.468+0600][53.824s][info][gc,ergo     ] GC(40) Free: 982M, Max: 512K regular, 251M humongous, Frag: 75% external, 0% internal; Reserve: 75991K, Max: 512K
[2026-04-03T02:37:49.468+0600][53.824s][info][gc,start    ] GC(40) Concurrent class unloading
[2026-04-03T02:37:49.468+0600][53.824s][info][gc,task     ] GC(40) Using 3 of 6 workers for concurrent class unloading
[2026-04-03T02:37:49.483+0600][53.839s][info][gc          ] GC(40) Concurrent class unloading 14.949ms
[2026-04-03T02:37:49.483+0600][53.839s][info][gc,start    ] GC(40) Concurrent strong roots
[2026-04-03T02:37:49.483+0600][53.839s][info][gc,task     ] GC(40) Using 3 of 6 workers for concurrent strong root
[2026-04-03T02:37:49.484+0600][53.840s][info][gc          ] GC(40) Concurrent strong roots 1.312ms
[2026-04-03T02:37:49.484+0600][53.841s][info][gc,start    ] GC(40) Concurrent evacuation
[2026-04-03T02:37:49.484+0600][53.841s][info][gc,task     ] GC(40) Using 3 of 6 workers for concurrent evacuation
[2026-04-03T02:37:49.488+0600][53.844s][info][gc          ] GC(40) Concurrent evacuation 3.723ms
[2026-04-03T02:37:49.489+0600][53.845s][info][gc,start    ] GC(40) Pause Init Update Refs
[2026-04-03T02:37:49.489+0600][53.845s][info][gc,ergo     ] GC(40) Pacer for Update Refs. Used: 440M, Free: 958M, Non-Taxable: 98197K, Alloc Tax Rate: 1.1x
[2026-04-03T02:37:49.489+0600][53.845s][info][gc          ] GC(40) Pause Init Update Refs 0.096ms
[2026-04-03T02:37:49.489+0600][53.845s][info][gc,start    ] GC(40) Concurrent update references
[2026-04-03T02:37:49.489+0600][53.845s][info][gc,task     ] GC(40) Using 3 of 6 workers for concurrent reference update
[2026-04-03T02:37:49.549+0600][53.905s][info][gc          ] GC(40) Concurrent update references 59.547ms
[2026-04-03T02:37:49.549+0600][53.905s][info][gc,start    ] GC(40) Concurrent update thread roots
[2026-04-03T02:37:49.550+0600][53.907s][info][gc          ] GC(40) Concurrent update thread roots 1.820ms
[2026-04-03T02:37:49.551+0600][53.907s][info][gc,start    ] GC(40) Pause Final Update Refs
[2026-04-03T02:37:49.551+0600][53.907s][info][gc,task     ] GC(40) Using 6 of 6 workers for final reference update
[2026-04-03T02:37:49.551+0600][53.907s][info][gc          ] GC(40) Pause Final Update Refs 0.210ms
[2026-04-03T02:37:49.551+0600][53.908s][info][gc,start    ] GC(40) Concurrent cleanup
[2026-04-03T02:37:49.552+0600][53.908s][info][gc          ] GC(40) Concurrent cleanup 538M->461M(1289M) 0.638ms
[2026-04-03T02:37:49.552+0600][53.908s][info][gc,ergo     ] Free: 919M, Max: 512K regular, 313M humongous, Frag: 66% external, 0% internal; Reserve: 76800K, Max: 512K
[2026-04-03T02:37:49.552+0600][53.908s][info][gc,stats    ] 
[2026-04-03T02:37:49.552+0600][53.908s][info][gc,stats    ] All times are wall-clock times, except per-root-class counters, that are sum over
[2026-04-03T02:37:49.552+0600][53.908s][info][gc,stats    ] all workers. Dividing the <total> over the root stage time estimates parallelism.
[2026-04-03T02:37:49.552+0600][53.908s][info][gc,stats    ] 
[2026-04-03T02:37:49.552+0600][53.908s][info][gc,stats    ] Concurrent Reset                   4639 us
[2026-04-03T02:37:49.552+0600][53.908s][info][gc,stats    ] Pause Init Mark (G)                 553 us
[2026-04-03T02:37:49.552+0600][53.908s][info][gc,stats    ] Pause Init Mark (N)                 149 us
[2026-04-03T02:37:49.552+0600][53.908s][info][gc,stats    ]   Update Region States               35 us
[2026-04-03T02:37:49.552+0600][53.908s][info][gc,stats    ] Concurrent Mark Roots              2242 us, parallelism: 1.84x
[2026-04-03T02:37:49.552+0600][53.908s][info][gc,stats    ]   CMR: <total>                     4127 us
[2026-04-03T02:37:49.552+0600][53.908s][info][gc,stats    ]   CMR: Thread Roots                3645 us, workers (us): 1603, 1184, 859, ---, ---, ---, 
[2026-04-03T02:37:49.552+0600][53.908s][info][gc,stats    ]   CMR: VM Strong Roots               55 us, workers (us):  34,  21,   0, ---, ---, ---, 
[2026-04-03T02:37:49.552+0600][53.908s][info][gc,stats    ]   CMR: CLDG Roots                   427 us, workers (us): ---, 427, ---, ---, ---, ---, 
[2026-04-03T02:37:49.552+0600][53.908s][info][gc,stats    ] Concurrent Marking                69861 us
[2026-04-03T02:37:49.552+0600][53.908s][info][gc,stats    ] Pause Final Mark (G)               2114 us
[2026-04-03T02:37:49.552+0600][53.908s][info][gc,stats    ] Pause Final Mark (N)                728 us
[2026-04-03T02:37:49.552+0600][53.908s][info][gc,stats    ]   Finish Mark                       295 us
[2026-04-03T02:37:49.552+0600][53.908s][info][gc,stats    ]   Update Region States               81 us
[2026-04-03T02:37:49.552+0600][53.908s][info][gc,stats    ]   Choose Collection Set             143 us
[2026-04-03T02:37:49.552+0600][53.908s][info][gc,stats    ]   Rebuild Free Set                   36 us
[2026-04-03T02:37:49.552+0600][53.909s][info][gc,stats    ] Concurrent Thread Roots            1418 us, parallelism: 2.14x
[2026-04-03T02:37:49.552+0600][53.909s][info][gc,stats    ]   CTR: <total>                     3037 us
[2026-04-03T02:37:49.552+0600][53.909s][info][gc,stats    ]   CTR: Thread Roots                3037 us, workers (us): 1046, 1000, 991, ---, ---, ---, 
[2026-04-03T02:37:49.552+0600][53.909s][info][gc,stats    ] Concurrent Weak References         2328 us, parallelism: 0.89x
[2026-04-03T02:37:49.552+0600][53.909s][info][gc,stats    ]   CWRF: <total>                    2082 us
[2026-04-03T02:37:49.552+0600][53.909s][info][gc,stats    ]   CWRF: Weak References            2082 us, workers (us):  29, 1943, 110, ---, ---, ---, 
[2026-04-03T02:37:49.552+0600][53.909s][info][gc,stats    ] Concurrent Weak Roots              6703 us
[2026-04-03T02:37:49.552+0600][53.909s][info][gc,stats    ]   Roots                            5971 us, parallelism: 2.65x
[2026-04-03T02:37:49.552+0600][53.909s][info][gc,stats    ]     CWR: <total>                  15819 us
[2026-04-03T02:37:49.552+0600][53.909s][info][gc,stats    ]     CWR: Code Cache Roots         12585 us, workers (us): 4200, 4427, 3958, ---, ---, ---, 
[2026-04-03T02:37:49.552+0600][53.909s][info][gc,stats    ]     CWR: VM Weak Roots             3063 us, workers (us): 1040, 1033, 991, ---, ---, ---, 
[2026-04-03T02:37:49.552+0600][53.909s][info][gc,stats    ]     CWR: CLDG Roots                 170 us, workers (us): ---, ---, 170, ---, ---, ---, 
[2026-04-03T02:37:49.552+0600][53.909s][info][gc,stats    ]   Rendezvous                        585 us
[2026-04-03T02:37:49.552+0600][53.909s][info][gc,stats    ] Concurrent Cleanup                  485 us
[2026-04-03T02:37:49.552+0600][53.909s][info][gc,stats    ] Concurrent Class Unloading        15041 us
[2026-04-03T02:37:49.552+0600][53.909s][info][gc,stats    ]   Unlink Stale                    13922 us
[2026-04-03T02:37:49.552+0600][53.909s][info][gc,stats    ]     System Dictionary               332 us
[2026-04-03T02:37:49.552+0600][53.909s][info][gc,stats    ]     Weak Class Links                  1 us
[2026-04-03T02:37:49.552+0600][53.909s][info][gc,stats    ]     Code Roots                    13583 us
[2026-04-03T02:37:49.552+0600][53.909s][info][gc,stats    ]   Rendezvous                        413 us
[2026-04-03T02:37:49.552+0600][53.909s][info][gc,stats    ]   Purge Unlinked                    574 us
[2026-04-03T02:37:49.552+0600][53.909s][info][gc,stats    ]     Code Roots                      560 us
[2026-04-03T02:37:49.552+0600][53.909s][info][gc,stats    ]     CLDG                             13 us
[2026-04-03T02:37:49.552+0600][53.909s][info][gc,stats    ]     Exception Caches                  0 us
[2026-04-03T02:37:49.552+0600][53.909s][info][gc,stats    ] Concurrent Strong Roots            1406 us, parallelism: 0.62x
[2026-04-03T02:37:49.552+0600][53.909s][info][gc,stats    ]   CSR: <total>                      872 us
[2026-04-03T02:37:49.553+0600][53.909s][info][gc,stats    ]   CSR: VM Strong Roots               56 us, workers (us):  30,  26,   0, ---, ---, ---, 
[2026-04-03T02:37:49.553+0600][53.909s][info][gc,stats    ]   CSR: CLDG Roots                   816 us, workers (us): 816, ---, ---, ---, ---, ---, 
[2026-04-03T02:37:49.553+0600][53.909s][info][gc,stats    ] Concurrent Evacuation              3800 us
[2026-04-03T02:37:49.553+0600][53.909s][info][gc,stats    ] Pause Init Update Refs (G)          882 us
[2026-04-03T02:37:49.553+0600][53.909s][info][gc,stats    ] Pause Init Update Refs (N)          105 us
[2026-04-03T02:37:49.553+0600][53.909s][info][gc,stats    ]   Manage GCLABs                      53 us
[2026-04-03T02:37:49.553+0600][53.909s][info][gc,stats    ] Concurrent Update Refs            59673 us
[2026-04-03T02:37:49.553+0600][53.909s][info][gc,stats    ] Concurrent Update Thread Roots     1906 us
[2026-04-03T02:37:49.553+0600][53.909s][info][gc,stats    ] Pause Final Update Refs (G)         715 us
[2026-04-03T02:37:49.553+0600][53.909s][info][gc,stats    ] Pause Final Update Refs (N)         224 us
[2026-04-03T02:37:49.553+0600][53.909s][info][gc,stats    ]   Update Region States               54 us
[2026-04-03T02:37:49.553+0600][53.909s][info][gc,stats    ]   Trash Collection Set               18 us
[2026-04-03T02:37:49.553+0600][53.909s][info][gc,stats    ]   Rebuild Free Set                   40 us
[2026-04-03T02:37:49.553+0600][53.909s][info][gc,stats    ] Concurrent Cleanup                  670 us
[2026-04-03T02:37:49.553+0600][53.909s][info][gc,stats    ] Pacing                           191314 us
[2026-04-03T02:37:49.553+0600][53.909s][info][gc,stats    ] 
[2026-04-03T02:37:49.553+0600][53.909s][info][gc,stats    ] Allocation pacing accrued:
[2026-04-03T02:37:49.553+0600][53.909s][info][gc,stats    ]      21 of   378 ms (  5.7%): dispatcher-BlockManagerMaster
[2026-04-03T02:37:49.553+0600][53.909s][info][gc,stats    ]      32 of   378 ms (  8.5%): Executor task launch worker for task 0.0 in stage 1794.0 (TID 3305)
[2026-04-03T02:37:49.553+0600][53.909s][info][gc,stats    ]      32 of   378 ms (  8.4%): Executor task launch worker for task 3.0 in stage 1794.0 (TID 3308)
[2026-04-03T02:37:49.553+0600][53.909s][info][gc,stats    ]      31 of   378 ms (  8.3%): Executor task launch worker for task 1.0 in stage 1794.0 (TID 3306)
[2026-04-03T02:37:49.553+0600][53.909s][info][gc,stats    ]      32 of   378 ms (  8.5%): Executor task launch worker for task 2.0 in stage 1794.0 (TID 3307)
[2026-04-03T02:37:49.553+0600][53.909s][info][gc,stats    ]      21 of   378 ms (  5.6%): block-manager-storage-async-thread-pool-1
[2026-04-03T02:37:49.553+0600][53.909s][info][gc,stats    ]      21 of   378 ms (  5.6%): block-manager-storage-async-thread-pool-93
[2026-04-03T02:37:49.553+0600][53.909s][info][gc,stats    ]     191 of   378 ms ( 50.7%): <total>
[2026-04-03T02:37:49.553+0600][53.909s][info][gc,stats    ]       1 of   378 ms (  0.2%): <average total>
[2026-04-03T02:37:49.553+0600][53.909s][info][gc,stats    ]      27 of   378 ms (  7.2%): <average non-zero>
[2026-04-03T02:37:49.553+0600][53.909s][info][gc,stats    ] 
[2026-04-03T02:37:49.553+0600][53.909s][info][gc,metaspace] Metaspace: 131350K(132992K)->131374K(132992K) NonClass: 114796K(115712K)->114821K(115712K) Class: 16553K(17280K)->16553K(17280K)
[2026-04-03T02:37:49.553+0600][53.909s][info][gc,ergo     ] Pacer for Idle. Initial: 30720K, Alloc Tax Rate: 1.0x
[2026-04-03T02:37:50.274+0600][54.631s][info][gc          ] Trigger: Average GC time (203.77 ms) is above the time for average allocation rate (1090 MB/s) to deplete free headroom (221M) (margin of error = 1.87)
[2026-04-03T02:37:50.274+0600][54.631s][info][gc,ergo     ] Free headroom: 296M (free) - 76800K (spike) - 0B (penalties) = 221M
[2026-04-03T02:37:50.274+0600][54.631s][info][gc,ergo     ] Free: 296M, Max: 512K regular, 250M humongous, Frag: 16% external, 0% internal; Reserve: 76800K, Max: 512K
[2026-04-03T02:37:50.274+0600][54.631s][info][gc,start    ] GC(41) Concurrent reset
[2026-04-03T02:37:50.274+0600][54.631s][info][gc,task     ] GC(41) Using 3 of 6 workers for concurrent reset
[2026-04-03T02:37:50.274+0600][54.631s][info][gc,ergo     ] GC(41) Pacer for Reset. Non-Taxable: 1500M
[2026-04-03T02:37:50.276+0600][54.632s][info][gc          ] GC(41) Concurrent reset 1.744ms
[2026-04-03T02:37:50.277+0600][54.633s][info][gc,start    ] GC(41) Pause Init Mark (unload classes)
[2026-04-03T02:37:50.277+0600][54.633s][info][gc,task     ] GC(41) Using 6 of 6 workers for init marking
[2026-04-03T02:37:50.277+0600][54.633s][info][gc,ergo     ] GC(41) Pacer for Mark. Expected Live: 92163K, Free: 296M, Non-Taxable: 30310K, Alloc Tax Rate: 0.4x
[2026-04-03T02:37:50.277+0600][54.633s][info][gc          ] GC(41) Pause Init Mark (unload classes) 0.123ms
[2026-04-03T02:37:50.277+0600][54.633s][info][gc,start    ] GC(41) Concurrent marking roots
[2026-04-03T02:37:50.277+0600][54.633s][info][gc,task     ] GC(41) Using 3 of 6 workers for concurrent marking roots
[2026-04-03T02:37:50.280+0600][54.636s][info][gc          ] GC(41) Concurrent marking roots 3.144ms
[2026-04-03T02:37:50.280+0600][54.637s][info][gc,start    ] GC(41) Concurrent marking (unload classes)
[2026-04-03T02:37:50.280+0600][54.637s][info][gc,task     ] GC(41) Using 3 of 6 workers for concurrent marking
[2026-04-03T02:37:50.356+0600][54.712s][info][gc          ] GC(41) Concurrent marking (unload classes) 75.715ms
[2026-04-03T02:37:50.356+0600][54.712s][info][gc,start    ] GC(41) Pause Final Mark (unload classes)
[2026-04-03T02:37:50.356+0600][54.712s][info][gc,task     ] GC(41) Using 6 of 6 workers for final marking
[2026-04-03T02:37:50.357+0600][54.713s][info][gc,ergo     ] GC(41) Adaptive CSet Selection. Target Free: 212M, Actual Free: 1045M, Max CSet: 64000K, Min Garbage: 0B
[2026-04-03T02:37:50.357+0600][54.713s][info][gc,ergo     ] GC(41) Collectable Garbage: 933M (99%), Immediate: 725M (77%), CSet: 208M (22%)
[2026-04-03T02:37:50.357+0600][54.713s][info][gc,ergo     ] GC(41) Pacer for Evacuation. Used CSet: 216M, Free: 1067M, Non-Taxable: 106M, Alloc Tax Rate: 1.1x
[2026-04-03T02:37:50.357+0600][54.713s][info][gc          ] GC(41) Pause Final Mark (unload classes) 0.480ms
[2026-04-03T02:37:50.357+0600][54.713s][info][gc,start    ] GC(41) Concurrent thread roots
[2026-04-03T02:37:50.357+0600][54.713s][info][gc,task     ] GC(41) Using 3 of 6 workers for Concurrent thread roots
[2026-04-03T02:37:50.358+0600][54.714s][info][gc          ] GC(41) Concurrent thread roots 1.185ms
[2026-04-03T02:37:50.358+0600][54.714s][info][gc,start    ] GC(41) Concurrent weak references
[2026-04-03T02:37:50.358+0600][54.714s][info][gc,task     ] GC(41) Using 3 of 6 workers for concurrent weak references
[2026-04-03T02:37:50.359+0600][54.715s][info][gc,ref      ] GC(41) Encountered references: Soft: 3792, Weak: 15664, Final: 84, Phantom: 620
[2026-04-03T02:37:50.359+0600][54.715s][info][gc,ref      ] GC(41) Discovered  references: Soft: 0, Weak: 9383, Final: 52, Phantom: 605
[2026-04-03T02:37:50.359+0600][54.715s][info][gc,ref      ] GC(41) Enqueued    references: Soft: 0, Weak: 615, Final: 0, Phantom: 0
[2026-04-03T02:37:50.359+0600][54.715s][info][gc          ] GC(41) Concurrent weak references 0.766ms
[2026-04-03T02:37:50.359+0600][54.715s][info][gc,start    ] GC(41) Concurrent weak roots
[2026-04-03T02:37:50.359+0600][54.715s][info][gc,task     ] GC(41) Using 3 of 6 workers for concurrent weak root
[2026-04-03T02:37:50.366+0600][54.722s][info][gc          ] GC(41) Concurrent weak roots 7.273ms
[2026-04-03T02:37:50.366+0600][54.722s][info][gc,start    ] GC(41) Concurrent cleanup
[2026-04-03T02:37:50.367+0600][54.724s][info][gc          ] GC(41) Concurrent cleanup 1086M->361M(1289M) 1.056ms
[2026-04-03T02:37:50.367+0600][54.724s][info][gc,ergo     ] GC(41) Free: 1057M, Max: 512K regular, 235M humongous, Frag: 78% external, 0% internal; Reserve: 75893K, Max: 512K
[2026-04-03T02:37:50.367+0600][54.724s][info][gc,start    ] GC(41) Concurrent class unloading
[2026-04-03T02:37:50.367+0600][54.724s][info][gc,task     ] GC(41) Using 3 of 6 workers for concurrent class unloading
[2026-04-03T02:37:50.388+0600][54.745s][info][gc          ] GC(41) Concurrent class unloading 20.848ms
[2026-04-03T02:37:50.388+0600][54.745s][info][gc,start    ] GC(41) Concurrent strong roots
[2026-04-03T02:37:50.388+0600][54.745s][info][gc,task     ] GC(41) Using 3 of 6 workers for concurrent strong root
[2026-04-03T02:37:50.389+0600][54.746s][info][gc          ] GC(41) Concurrent strong roots 1.031ms
[2026-04-03T02:37:50.389+0600][54.746s][info][gc,start    ] GC(41) Concurrent evacuation
[2026-04-03T02:37:50.389+0600][54.746s][info][gc,task     ] GC(41) Using 3 of 6 workers for concurrent evacuation
[2026-04-03T02:37:50.396+0600][54.752s][info][gc          ] GC(41) Concurrent evacuation 6.222ms
[2026-04-03T02:37:50.396+0600][54.752s][info][gc,start    ] GC(41) Pause Init Update Refs
[2026-04-03T02:37:50.396+0600][54.752s][info][gc,ergo     ] GC(41) Pacer for Update Refs. Used: 396M, Free: 1027M, Non-Taxable: 102M, Alloc Tax Rate: 1.1x
[2026-04-03T02:37:50.396+0600][54.752s][info][gc          ] GC(41) Pause Init Update Refs 0.117ms
[2026-04-03T02:37:50.396+0600][54.753s][info][gc,start    ] GC(41) Concurrent update references
[2026-04-03T02:37:50.396+0600][54.753s][info][gc,task     ] GC(41) Using 3 of 6 workers for concurrent reference update
[2026-04-03T02:37:50.455+0600][54.811s][info][gc          ] GC(41) Concurrent update references 58.716ms
[2026-04-03T02:37:50.455+0600][54.811s][info][gc,start    ] GC(41) Concurrent update thread roots
[2026-04-03T02:37:50.457+0600][54.813s][info][gc          ] GC(41) Concurrent update thread roots 1.938ms
[2026-04-03T02:37:50.457+0600][54.814s][info][gc,start    ] GC(41) Pause Final Update Refs
[2026-04-03T02:37:50.457+0600][54.814s][info][gc,task     ] GC(41) Using 6 of 6 workers for final reference update
[2026-04-03T02:37:50.458+0600][54.814s][info][gc          ] GC(41) Pause Final Update Refs 0.244ms
[2026-04-03T02:37:50.458+0600][54.814s][info][gc,start    ] GC(41) Concurrent cleanup
[2026-04-03T02:37:50.458+0600][54.814s][info][gc          ] GC(41) Concurrent cleanup 443M->226M(1290M) 0.395ms
[2026-04-03T02:37:50.458+0600][54.814s][info][gc,ergo     ] Free: 1182M, Max: 512K regular, 768M humongous, Frag: 35% external, 0% internal; Reserve: 76800K, Max: 512K
[2026-04-03T02:37:50.458+0600][54.815s][info][gc,stats    ] 
[2026-04-03T02:37:50.458+0600][54.815s][info][gc,stats    ] All times are wall-clock times, except per-root-class counters, that are sum over
[2026-04-03T02:37:50.458+0600][54.815s][info][gc,stats    ] all workers. Dividing the <total> over the root stage time estimates parallelism.
[2026-04-03T02:37:50.458+0600][54.815s][info][gc,stats    ] 
[2026-04-03T02:37:50.458+0600][54.815s][info][gc,stats    ] Concurrent Reset                   1850 us
[2026-04-03T02:37:50.458+0600][54.815s][info][gc,stats    ] Pause Init Mark (G)                 785 us
[2026-04-03T02:37:50.458+0600][54.815s][info][gc,stats    ] Pause Init Mark (N)                 136 us
[2026-04-03T02:37:50.458+0600][54.815s][info][gc,stats    ]   Update Region States               34 us
[2026-04-03T02:37:50.458+0600][54.815s][info][gc,stats    ] Concurrent Mark Roots              3245 us, parallelism: 1.94x
[2026-04-03T02:37:50.458+0600][54.815s][info][gc,stats    ]   CMR: <total>                     6288 us
[2026-04-03T02:37:50.458+0600][54.815s][info][gc,stats    ]   CMR: Thread Roots                5891 us, workers (us): 2536, 1847, 1508, ---, ---, ---, 
[2026-04-03T02:37:50.459+0600][54.815s][info][gc,stats    ]   CMR: VM Strong Roots               66 us, workers (us):  53,  13,   1, ---, ---, ---, 
[2026-04-03T02:37:50.459+0600][54.815s][info][gc,stats    ]   CMR: CLDG Roots                   331 us, workers (us): ---, ---, 331, ---, ---, ---, 
[2026-04-03T02:37:50.459+0600][54.815s][info][gc,stats    ] Concurrent Marking                75774 us
[2026-04-03T02:37:50.459+0600][54.815s][info][gc,stats    ] Pause Final Mark (G)                707 us
[2026-04-03T02:37:50.459+0600][54.815s][info][gc,stats    ] Pause Final Mark (N)                489 us
[2026-04-03T02:37:50.459+0600][54.815s][info][gc,stats    ]   Finish Mark                       141 us
[2026-04-03T02:37:50.459+0600][54.815s][info][gc,stats    ]   Update Region States               47 us
[2026-04-03T02:37:50.459+0600][54.815s][info][gc,stats    ]   Choose Collection Set             179 us
[2026-04-03T02:37:50.459+0600][54.815s][info][gc,stats    ]   Rebuild Free Set                   45 us
[2026-04-03T02:37:50.459+0600][54.815s][info][gc,stats    ] Concurrent Thread Roots            1224 us, parallelism: 2.42x
[2026-04-03T02:37:50.459+0600][54.815s][info][gc,stats    ]   CTR: <total>                     2967 us
[2026-04-03T02:37:50.459+0600][54.815s][info][gc,stats    ]   CTR: Thread Roots                2967 us, workers (us): 1056, 1012, 898, ---, ---, ---, 
[2026-04-03T02:37:50.459+0600][54.815s][info][gc,stats    ] Concurrent Weak References          799 us, parallelism: 1.48x
[2026-04-03T02:37:50.459+0600][54.815s][info][gc,stats    ]   CWRF: <total>                    1183 us
[2026-04-03T02:37:50.459+0600][54.815s][info][gc,stats    ]   CWRF: Weak References            1183 us, workers (us): 541, 642,   0, ---, ---, ---, 
[2026-04-03T02:37:50.459+0600][54.815s][info][gc,stats    ] Concurrent Weak Roots              7386 us
[2026-04-03T02:37:50.459+0600][54.815s][info][gc,stats    ]   Roots                            6810 us, parallelism: 2.32x
[2026-04-03T02:37:50.459+0600][54.815s][info][gc,stats    ]     CWR: <total>                  15772 us
[2026-04-03T02:37:50.459+0600][54.815s][info][gc,stats    ]     CWR: Code Cache Roots         12401 us, workers (us): 4827, 4740, 2833, ---, ---, ---, 
[2026-04-03T02:37:50.459+0600][54.815s][info][gc,stats    ]     CWR: VM Weak Roots             3180 us, workers (us): 1595, 1583,   1, ---, ---, ---, 
[2026-04-03T02:37:50.459+0600][54.815s][info][gc,stats    ]     CWR: CLDG Roots                 192 us, workers (us): ---, 192, ---, ---, ---, ---, 
[2026-04-03T02:37:50.459+0600][54.815s][info][gc,stats    ]   Rendezvous                        435 us
[2026-04-03T02:37:50.459+0600][54.815s][info][gc,stats    ] Concurrent Cleanup                 1096 us
[2026-04-03T02:37:50.459+0600][54.815s][info][gc,stats    ] Concurrent Class Unloading        20952 us
[2026-04-03T02:37:50.459+0600][54.815s][info][gc,stats    ]   Unlink Stale                    17934 us
[2026-04-03T02:37:50.459+0600][54.815s][info][gc,stats    ]     System Dictionary               271 us
[2026-04-03T02:37:50.459+0600][54.815s][info][gc,stats    ]     Weak Class Links                  0 us
[2026-04-03T02:37:50.459+0600][54.815s][info][gc,stats    ]     Code Roots                    17659 us
[2026-04-03T02:37:50.459+0600][54.815s][info][gc,stats    ]   Rendezvous                        402 us
[2026-04-03T02:37:50.459+0600][54.815s][info][gc,stats    ]   Purge Unlinked                   2472 us
[2026-04-03T02:37:50.459+0600][54.815s][info][gc,stats    ]     Code Roots                     2452 us
[2026-04-03T02:37:50.459+0600][54.815s][info][gc,stats    ]     CLDG                             18 us
[2026-04-03T02:37:50.459+0600][54.815s][info][gc,stats    ]     Exception Caches                  1 us
[2026-04-03T02:37:50.459+0600][54.815s][info][gc,stats    ] Concurrent Strong Roots            1082 us, parallelism: 0.62x
[2026-04-03T02:37:50.459+0600][54.815s][info][gc,stats    ]   CSR: <total>                      669 us
[2026-04-03T02:37:50.459+0600][54.815s][info][gc,stats    ]   CSR: VM Strong Roots               32 us, workers (us):  31,   1,   0, ---, ---, ---, 
[2026-04-03T02:37:50.459+0600][54.815s][info][gc,stats    ]   CSR: CLDG Roots                   636 us, workers (us): 636, ---, ---, ---, ---, ---, 
[2026-04-03T02:37:50.459+0600][54.815s][info][gc,stats    ] Concurrent Evacuation              6417 us
[2026-04-03T02:37:50.459+0600][54.815s][info][gc,stats    ] Pause Init Update Refs (G)          419 us
[2026-04-03T02:37:50.459+0600][54.815s][info][gc,stats    ] Pause Init Update Refs (N)          129 us
[2026-04-03T02:37:50.459+0600][54.815s][info][gc,stats    ]   Manage GCLABs                      32 us
[2026-04-03T02:37:50.459+0600][54.815s][info][gc,stats    ] Concurrent Update Refs            58821 us
[2026-04-03T02:37:50.459+0600][54.815s][info][gc,stats    ] Concurrent Update Thread Roots     2016 us
[2026-04-03T02:37:50.459+0600][54.815s][info][gc,stats    ] Pause Final Update Refs (G)         605 us
[2026-04-03T02:37:50.459+0600][54.815s][info][gc,stats    ] Pause Final Update Refs (N)         260 us
[2026-04-03T02:37:50.459+0600][54.815s][info][gc,stats    ]   Update Region States               58 us
[2026-04-03T02:37:50.459+0600][54.815s][info][gc,stats    ]   Trash Collection Set               21 us
[2026-04-03T02:37:50.459+0600][54.815s][info][gc,stats    ]   Rebuild Free Set                   50 us
[2026-04-03T02:37:50.459+0600][54.815s][info][gc,stats    ] Concurrent Cleanup                  429 us
[2026-04-03T02:37:50.459+0600][54.815s][info][gc,stats    ] Pacing                           196162 us
[2026-04-03T02:37:50.459+0600][54.815s][info][gc,stats    ] 
[2026-04-03T02:37:50.459+0600][54.815s][info][gc,stats    ] Allocation pacing accrued:
[2026-04-03T02:37:50.459+0600][54.815s][info][gc,stats    ]      11 of   907 ms (  1.2%): RemoteBlock-temp-file-clean-thread
[2026-04-03T02:37:50.459+0600][54.815s][info][gc,stats    ]      10 of   907 ms (  1.1%): Spark Context Cleaner
[2026-04-03T02:37:50.459+0600][54.815s][info][gc,stats    ]      22 of   907 ms (  2.5%): Executor task launch worker for task 6.0 in stage 1825.0 (TID 3431)
[2026-04-03T02:37:50.459+0600][54.815s][info][gc,stats    ]      21 of   907 ms (  2.3%): Executor task launch worker for task 3.0 in stage 1825.0 (TID 3428)
[2026-04-03T02:37:50.459+0600][54.815s][info][gc,stats    ]      21 of   907 ms (  2.3%): Executor task launch worker for task 5.0 in stage 1825.0 (TID 3430)
[2026-04-03T02:37:50.459+0600][54.815s][info][gc,stats    ]      22 of   907 ms (  2.5%): Executor task launch worker for task 7.0 in stage 1825.0 (TID 3432)
[2026-04-03T02:37:50.459+0600][54.815s][info][gc,stats    ]      21 of   907 ms (  2.3%): Executor task launch worker for task 0.0 in stage 1825.0 (TID 3425)
[2026-04-03T02:37:50.459+0600][54.815s][info][gc,stats    ]      22 of   907 ms (  2.5%): Executor task launch worker for task 4.0 in stage 1825.0 (TID 3429)
[2026-04-03T02:37:50.459+0600][54.816s][info][gc,stats    ]      22 of   907 ms (  2.5%): Executor task launch worker for task 1.0 in stage 1825.0 (TID 3426)
[2026-04-03T02:37:50.459+0600][54.816s][info][gc,stats    ]      21 of   907 ms (  2.3%): Executor task launch worker for task 2.0 in stage 1825.0 (TID 3427)
[2026-04-03T02:37:50.459+0600][54.816s][info][gc,stats    ]     196 of   907 ms ( 21.6%): <total>
[2026-04-03T02:37:50.459+0600][54.816s][info][gc,stats    ]       1 of   907 ms (  0.1%): <average total>
[2026-04-03T02:37:50.459+0600][54.816s][info][gc,stats    ]      20 of   907 ms (  2.2%): <average non-zero>
[2026-04-03T02:37:50.459+0600][54.816s][info][gc,stats    ] 
[2026-04-03T02:37:50.459+0600][54.816s][info][gc,metaspace] Metaspace: 131408K(132992K)->131415K(132992K) NonClass: 114852K(115712K)->114858K(115712K) Class: 16556K(17280K)->16556K(17280K)
[2026-04-03T02:37:50.459+0600][54.816s][info][gc,ergo     ] Pacer for Idle. Initial: 30720K, Alloc Tax Rate: 1.0x
[2026-04-03T02:37:51.386+0600][55.742s][info][gc          ] Trigger: Average GC time (202.09 ms) is above the time for average allocation rate (1100 MB/s) to deplete free headroom (222M) (margin of error = 1.87)
[2026-04-03T02:37:51.386+0600][55.742s][info][gc,ergo     ] Free headroom: 297M (free) - 76800K (spike) - 0B (penalties) = 222M
[2026-04-03T02:37:51.386+0600][55.742s][info][gc,ergo     ] Free: 297M, Max: 512K regular, 237M humongous, Frag: 20% external, 1% internal; Reserve: 76800K, Max: 512K
[2026-04-03T02:37:51.386+0600][55.743s][info][gc,start    ] GC(42) Concurrent reset
[2026-04-03T02:37:51.386+0600][55.743s][info][gc,task     ] GC(42) Using 3 of 6 workers for concurrent reset
[2026-04-03T02:37:51.386+0600][55.743s][info][gc,ergo     ] GC(42) Pacer for Reset. Non-Taxable: 1500M
[2026-04-03T02:37:51.392+0600][55.748s][info][gc          ] GC(42) Concurrent reset 5.307ms
[2026-04-03T02:37:51.392+0600][55.748s][info][gc,start    ] GC(42) Pause Init Mark (unload classes)
[2026-04-03T02:37:51.392+0600][55.748s][info][gc,task     ] GC(42) Using 6 of 6 workers for init marking
[2026-04-03T02:37:51.392+0600][55.748s][info][gc,ergo     ] GC(42) Pacer for Mark. Expected Live: 93023K, Free: 287M, Non-Taxable: 29441K, Alloc Tax Rate: 0.4x
[2026-04-03T02:37:51.392+0600][55.748s][info][gc          ] GC(42) Pause Init Mark (unload classes) 0.183ms
[2026-04-03T02:37:51.392+0600][55.748s][info][gc,start    ] GC(42) Concurrent marking roots
[2026-04-03T02:37:51.392+0600][55.748s][info][gc,task     ] GC(42) Using 3 of 6 workers for concurrent marking roots
[2026-04-03T02:37:51.394+0600][55.750s][info][gc          ] GC(42) Concurrent marking roots 1.714ms
[2026-04-03T02:37:51.394+0600][55.750s][info][gc,start    ] GC(42) Concurrent marking (unload classes)
[2026-04-03T02:37:51.394+0600][55.750s][info][gc,task     ] GC(42) Using 3 of 6 workers for concurrent marking
[2026-04-03T02:37:51.453+0600][55.809s][info][gc          ] GC(42) Concurrent marking (unload classes) 58.850ms
[2026-04-03T02:37:51.453+0600][55.809s][info][gc,start    ] GC(42) Pause Final Mark (unload classes)
[2026-04-03T02:37:51.453+0600][55.809s][info][gc,task     ] GC(42) Using 6 of 6 workers for final marking
[2026-04-03T02:37:51.453+0600][55.810s][info][gc,ergo     ] GC(42) Adaptive CSet Selection. Target Free: 212M, Actual Free: 1059M, Max CSet: 64000K, Min Garbage: 0B
[2026-04-03T02:37:51.454+0600][55.810s][info][gc,ergo     ] GC(42) Collectable Garbage: 940M (99%), Immediate: 741M (78%), CSet: 199M (21%)
[2026-04-03T02:37:51.454+0600][55.810s][info][gc,ergo     ] GC(42) Pacer for Evacuation. Used CSet: 207M, Free: 1080M, Non-Taxable: 108M, Alloc Tax Rate: 1.1x
[2026-04-03T02:37:51.454+0600][55.810s][info][gc          ] GC(42) Pause Final Mark (unload classes) 0.689ms
[2026-04-03T02:37:51.454+0600][55.810s][info][gc,start    ] GC(42) Concurrent thread roots
[2026-04-03T02:37:51.454+0600][55.810s][info][gc,task     ] GC(42) Using 3 of 6 workers for Concurrent thread roots
[2026-04-03T02:37:51.455+0600][55.811s][info][gc          ] GC(42) Concurrent thread roots 0.797ms
[2026-04-03T02:37:51.455+0600][55.811s][info][gc,start    ] GC(42) Concurrent weak references
[2026-04-03T02:37:51.455+0600][55.811s][info][gc,task     ] GC(42) Using 3 of 6 workers for concurrent weak references
[2026-04-03T02:37:51.455+0600][55.811s][info][gc,ref      ] GC(42) Encountered references: Soft: 3790, Weak: 16541, Final: 84, Phantom: 623
[2026-04-03T02:37:51.455+0600][55.811s][info][gc,ref      ] GC(42) Discovered  references: Soft: 0, Weak: 5800, Final: 0, Phantom: 223
[2026-04-03T02:37:51.455+0600][55.811s][info][gc,ref      ] GC(42) Enqueued    references: Soft: 0, Weak: 1629, Final: 0, Phantom: 0
[2026-04-03T02:37:51.455+0600][55.811s][info][gc          ] GC(42) Concurrent weak references 0.569ms
[2026-04-03T02:37:51.455+0600][55.811s][info][gc,start    ] GC(42) Concurrent weak roots
[2026-04-03T02:37:51.455+0600][55.811s][info][gc,task     ] GC(42) Using 3 of 6 workers for concurrent weak root
[2026-04-03T02:37:51.459+0600][55.816s][info][gc          ] GC(42) Concurrent weak roots 4.236ms
[2026-04-03T02:37:51.460+0600][55.816s][info][gc,start    ] GC(42) Concurrent cleanup
[2026-04-03T02:37:51.460+0600][55.817s][info][gc          ] GC(42) Concurrent cleanup 1089M->349M(1290M) 0.918ms
[2026-04-03T02:37:51.461+0600][55.817s][info][gc,ergo     ] GC(42) Free: 1068M, Max: 512K regular, 233M humongous, Frag: 79% external, 0% internal; Reserve: 76430K, Max: 512K
[2026-04-03T02:37:51.461+0600][55.817s][info][gc,start    ] GC(42) Concurrent class unloading
[2026-04-03T02:37:51.461+0600][55.817s][info][gc,task     ] GC(42) Using 3 of 6 workers for concurrent class unloading
[2026-04-03T02:37:51.483+0600][55.839s][info][gc          ] GC(42) Concurrent class unloading 22.226ms
[2026-04-03T02:37:51.483+0600][55.839s][info][gc,start    ] GC(42) Concurrent strong roots
[2026-04-03T02:37:51.483+0600][55.839s][info][gc,task     ] GC(42) Using 3 of 6 workers for concurrent strong root
[2026-04-03T02:37:51.485+0600][55.841s][info][gc          ] GC(42) Concurrent strong roots 1.729ms
[2026-04-03T02:37:51.485+0600][55.841s][info][gc,start    ] GC(42) Concurrent evacuation
[2026-04-03T02:37:51.485+0600][55.841s][info][gc,task     ] GC(42) Using 3 of 6 workers for concurrent evacuation
[2026-04-03T02:37:51.492+0600][55.848s][info][gc          ] GC(42) Concurrent evacuation 7.047ms
[2026-04-03T02:37:51.492+0600][55.848s][info][gc,start    ] GC(42) Pause Init Update Refs
[2026-04-03T02:37:51.492+0600][55.848s][info][gc,ergo     ] GC(42) Pacer for Update Refs. Used: 376M, Free: 1047M, Non-Taxable: 104M, Alloc Tax Rate: 1.1x
[2026-04-03T02:37:51.492+0600][55.849s][info][gc          ] GC(42) Pause Init Update Refs 0.099ms
[2026-04-03T02:37:51.492+0600][55.849s][info][gc,start    ] GC(42) Concurrent update references
[2026-04-03T02:37:51.492+0600][55.849s][info][gc,task     ] GC(42) Using 3 of 6 workers for concurrent reference update
[2026-04-03T02:37:51.553+0600][55.909s][info][gc          ] GC(42) Concurrent update references 60.568ms
[2026-04-03T02:37:51.553+0600][55.909s][info][gc,start    ] GC(42) Concurrent update thread roots
[2026-04-03T02:37:51.555+0600][55.911s][info][gc          ] GC(42) Concurrent update thread roots 1.886ms
[2026-04-03T02:37:51.555+0600][55.911s][info][gc,start    ] GC(42) Pause Final Update Refs
[2026-04-03T02:37:51.555+0600][55.911s][info][gc,task     ] GC(42) Using 6 of 6 workers for final reference update
[2026-04-03T02:37:51.555+0600][55.912s][info][gc          ] GC(42) Pause Final Update Refs 0.168ms
[2026-04-03T02:37:51.555+0600][55.912s][info][gc,start    ] GC(42) Concurrent cleanup
[2026-04-03T02:37:51.556+0600][55.912s][info][gc          ] GC(42) Concurrent cleanup 418M->211M(1290M) 0.708ms
[2026-04-03T02:37:51.556+0600][55.912s][info][gc,ergo     ] Free: 1199M, Max: 512K regular, 714M humongous, Frag: 41% external, 0% internal; Reserve: 76800K, Max: 512K
[2026-04-03T02:37:51.556+0600][55.913s][info][gc,stats    ] 
[2026-04-03T02:37:51.556+0600][55.913s][info][gc,stats    ] All times are wall-clock times, except per-root-class counters, that are sum over
[2026-04-03T02:37:51.556+0600][55.913s][info][gc,stats    ] all workers. Dividing the <total> over the root stage time estimates parallelism.
[2026-04-03T02:37:51.556+0600][55.913s][info][gc,stats    ] 
[2026-04-03T02:37:51.556+0600][55.913s][info][gc,stats    ] Concurrent Reset                   5375 us
[2026-04-03T02:37:51.556+0600][55.913s][info][gc,stats    ] Pause Init Mark (G)                 494 us
[2026-04-03T02:37:51.556+0600][55.913s][info][gc,stats    ] Pause Init Mark (N)                 194 us
[2026-04-03T02:37:51.556+0600][55.913s][info][gc,stats    ]   Update Region States               45 us
[2026-04-03T02:37:51.556+0600][55.913s][info][gc,stats    ] Concurrent Mark Roots              1763 us, parallelism: 2.13x
[2026-04-03T02:37:51.556+0600][55.913s][info][gc,stats    ]   CMR: <total>                     3759 us
[2026-04-03T02:37:51.556+0600][55.913s][info][gc,stats    ]   CMR: Thread Roots                3365 us, workers (us): 907, 1248, 1210, ---, ---, ---, 
[2026-04-03T02:37:51.556+0600][55.913s][info][gc,stats    ]   CMR: VM Strong Roots               72 us, workers (us):  25,  25,  22, ---, ---, ---, 
[2026-04-03T02:37:51.556+0600][55.913s][info][gc,stats    ]   CMR: CLDG Roots                   321 us, workers (us): 321, ---, ---, ---, ---, ---, 
[2026-04-03T02:37:51.557+0600][55.913s][info][gc,stats    ] Concurrent Marking                58925 us
[2026-04-03T02:37:51.557+0600][55.913s][info][gc,stats    ] Pause Final Mark (G)                929 us
[2026-04-03T02:37:51.557+0600][55.913s][info][gc,stats    ] Pause Final Mark (N)                702 us
[2026-04-03T02:37:51.557+0600][55.913s][info][gc,stats    ]   Finish Mark                       258 us
[2026-04-03T02:37:51.557+0600][55.913s][info][gc,stats    ]   Update Region States               37 us
[2026-04-03T02:37:51.557+0600][55.913s][info][gc,stats    ]   Choose Collection Set             223 us
[2026-04-03T02:37:51.557+0600][55.913s][info][gc,stats    ]   Rebuild Free Set                   66 us
[2026-04-03T02:37:51.557+0600][55.913s][info][gc,stats    ] Concurrent Thread Roots             821 us, parallelism: 2.39x
[2026-04-03T02:37:51.557+0600][55.913s][info][gc,stats    ]   CTR: <total>                     1961 us
[2026-04-03T02:37:51.557+0600][55.913s][info][gc,stats    ]   CTR: Thread Roots                1961 us, workers (us): 673, 655, 633, ---, ---, ---, 
[2026-04-03T02:37:51.557+0600][55.913s][info][gc,stats    ] Concurrent Weak References          579 us, parallelism: 1.27x
[2026-04-03T02:37:51.557+0600][55.913s][info][gc,stats    ]   CWRF: <total>                     738 us
[2026-04-03T02:37:51.557+0600][55.913s][info][gc,stats    ]   CWRF: Weak References             738 us, workers (us): 186, 275, 276, ---, ---, ---, 
[2026-04-03T02:37:51.557+0600][55.913s][info][gc,stats    ] Concurrent Weak Roots              4337 us
[2026-04-03T02:37:51.557+0600][55.913s][info][gc,stats    ]   Roots                            3918 us, parallelism: 2.71x
[2026-04-03T02:37:51.557+0600][55.913s][info][gc,stats    ]     CWR: <total>                  10613 us
[2026-04-03T02:37:51.557+0600][55.913s][info][gc,stats    ]     CWR: Code Cache Roots          8422 us, workers (us): 2837, 2762, 2823, ---, ---, ---, 
[2026-04-03T02:37:51.557+0600][55.913s][info][gc,stats    ]     CWR: VM Weak Roots             2000 us, workers (us): 710, 658, 632, ---, ---, ---, 
[2026-04-03T02:37:51.557+0600][55.913s][info][gc,stats    ]     CWR: CLDG Roots                 191 us, workers (us): ---, 191, ---, ---, ---, ---, 
[2026-04-03T02:37:51.557+0600][55.913s][info][gc,stats    ]   Rendezvous                        297 us
[2026-04-03T02:37:51.557+0600][55.913s][info][gc,stats    ] Concurrent Cleanup                  989 us
[2026-04-03T02:37:51.557+0600][55.913s][info][gc,stats    ] Concurrent Class Unloading        22365 us
[2026-04-03T02:37:51.557+0600][55.913s][info][gc,stats    ]   Unlink Stale                    16055 us
[2026-04-03T02:37:51.557+0600][55.913s][info][gc,stats    ]     System Dictionary               329 us
[2026-04-03T02:37:51.557+0600][55.913s][info][gc,stats    ]     Weak Class Links                  0 us
[2026-04-03T02:37:51.557+0600][55.913s][info][gc,stats    ]     Code Roots                    15720 us
[2026-04-03T02:37:51.557+0600][55.913s][info][gc,stats    ]   Rendezvous                        431 us
[2026-04-03T02:37:51.557+0600][55.913s][info][gc,stats    ]   Purge Unlinked                   5689 us
[2026-04-03T02:37:51.557+0600][55.913s][info][gc,stats    ]     Code Roots                     5653 us
[2026-04-03T02:37:51.557+0600][55.913s][info][gc,stats    ]     CLDG                             35 us
[2026-04-03T02:37:51.557+0600][55.913s][info][gc,stats    ]     Exception Caches                  0 us
[2026-04-03T02:37:51.557+0600][55.913s][info][gc,stats    ] Concurrent Strong Roots            1816 us, parallelism: 0.65x
[2026-04-03T02:37:51.557+0600][55.913s][info][gc,stats    ]   CSR: <total>                     1187 us
[2026-04-03T02:37:51.557+0600][55.913s][info][gc,stats    ]   CSR: VM Strong Roots               70 us, workers (us):  39,  30,   0, ---, ---, ---, 
[2026-04-03T02:37:51.557+0600][55.913s][info][gc,stats    ]   CSR: CLDG Roots                  1118 us, workers (us): 1118, ---, ---, ---, ---, ---, 
[2026-04-03T02:37:51.557+0600][55.913s][info][gc,stats    ] Concurrent Evacuation              7176 us
[2026-04-03T02:37:51.557+0600][55.913s][info][gc,stats    ] Pause Init Update Refs (G)          362 us
[2026-04-03T02:37:51.557+0600][55.913s][info][gc,stats    ] Pause Init Update Refs (N)          114 us
[2026-04-03T02:37:51.557+0600][55.913s][info][gc,stats    ]   Manage GCLABs                      51 us
[2026-04-03T02:37:51.557+0600][55.913s][info][gc,stats    ] Concurrent Update Refs            60683 us
[2026-04-03T02:37:51.557+0600][55.913s][info][gc,stats    ] Concurrent Update Thread Roots     1998 us
[2026-04-03T02:37:51.557+0600][55.913s][info][gc,stats    ] Pause Final Update Refs (G)         387 us
[2026-04-03T02:37:51.557+0600][55.913s][info][gc,stats    ] Pause Final Update Refs (N)         188 us
[2026-04-03T02:37:51.557+0600][55.913s][info][gc,stats    ]   Update Region States               61 us
[2026-04-03T02:37:51.557+0600][55.913s][info][gc,stats    ]   Trash Collection Set               20 us
[2026-04-03T02:37:51.557+0600][55.913s][info][gc,stats    ]   Rebuild Free Set                   49 us
[2026-04-03T02:37:51.557+0600][55.913s][info][gc,stats    ] Concurrent Cleanup                  733 us
[2026-04-03T02:37:51.557+0600][55.913s][info][gc,stats    ] Pacing                           118457 us
[2026-04-03T02:37:51.557+0600][55.913s][info][gc,stats    ] 
[2026-04-03T02:37:51.557+0600][55.913s][info][gc,stats    ] Allocation pacing accrued:
[2026-04-03T02:37:51.557+0600][55.913s][info][gc,stats    ]      10 of  1098 ms (  0.9%): Executor task launch worker for task 6.0 in stage 1875.0 (TID 3591)
[2026-04-03T02:37:51.557+0600][55.913s][info][gc,stats    ]      10 of  1098 ms (  0.9%): Executor task launch worker for task 0.0 in stage 1875.0 (TID 3585)
[2026-04-03T02:37:51.557+0600][55.914s][info][gc,stats    ]      19 of  1098 ms (  1.8%): Executor task launch worker for task 1.0 in stage 1875.0 (TID 3586)
[2026-04-03T02:37:51.557+0600][55.914s][info][gc,stats    ]      10 of  1098 ms (  0.9%): Executor task launch worker for task 5.0 in stage 1875.0 (TID 3590)
[2026-04-03T02:37:51.557+0600][55.914s][info][gc,stats    ]      19 of  1098 ms (  1.8%): Executor task launch worker for task 7.0 in stage 1875.0 (TID 3592)
[2026-04-03T02:37:51.557+0600][55.914s][info][gc,stats    ]      20 of  1098 ms (  1.8%): Executor task launch worker for task 4.0 in stage 1875.0 (TID 3589)
[2026-04-03T02:37:51.557+0600][55.914s][info][gc,stats    ]      19 of  1098 ms (  1.7%): Executor task launch worker for task 3.0 in stage 1875.0 (TID 3588)
[2026-04-03T02:37:51.557+0600][55.914s][info][gc,stats    ]      11 of  1098 ms (  1.0%): task-result-getter-0
[2026-04-03T02:37:51.557+0600][55.914s][info][gc,stats    ]     118 of  1098 ms ( 10.8%): <total>
[2026-04-03T02:37:51.557+0600][55.914s][info][gc,stats    ]       0 of  1098 ms (  0.0%): <average total>
[2026-04-03T02:37:51.557+0600][55.914s][info][gc,stats    ]      15 of  1098 ms (  1.3%): <average non-zero>
[2026-04-03T02:37:51.557+0600][55.914s][info][gc,stats    ] 
[2026-04-03T02:37:51.557+0600][55.914s][info][gc,metaspace] Metaspace: 131477K(132992K)->131478K(132992K) NonClass: 114917K(115712K)->114918K(115712K) Class: 16559K(17280K)->16559K(17280K)
[2026-04-03T02:37:51.557+0600][55.914s][info][gc,ergo     ] Pacer for Idle. Initial: 30720K, Alloc Tax Rate: 1.0x
[2026-04-03T02:37:52.425+0600][56.782s][info][gc          ] Trigger: Average GC time (192.73 ms) is above the time for average allocation rate (1127 MB/s) to deplete free headroom (216M) (margin of error = 1.87)
[2026-04-03T02:37:52.426+0600][56.782s][info][gc,ergo     ] Free headroom: 291M (free) - 76800K (spike) - 0B (penalties) = 216M
[2026-04-03T02:37:52.426+0600][56.782s][info][gc,ergo     ] Free: 291M, Max: 512K regular, 231M humongous, Frag: 21% external, 1% internal; Reserve: 76800K, Max: 512K
[2026-04-03T02:37:52.426+0600][56.782s][info][gc,start    ] GC(43) Concurrent reset
[2026-04-03T02:37:52.426+0600][56.782s][info][gc,task     ] GC(43) Using 3 of 6 workers for concurrent reset
[2026-04-03T02:37:52.426+0600][56.782s][info][gc,ergo     ] GC(43) Pacer for Reset. Non-Taxable: 1500M
[2026-04-03T02:37:52.429+0600][56.785s][info][gc          ] GC(43) Concurrent reset 3.115ms
[2026-04-03T02:37:52.429+0600][56.785s][info][gc,start    ] GC(43) Pause Init Mark (unload classes)
[2026-04-03T02:37:52.429+0600][56.785s][info][gc,task     ] GC(43) Using 6 of 6 workers for init marking
[2026-04-03T02:37:52.429+0600][56.785s][info][gc,ergo     ] GC(43) Pacer for Mark. Expected Live: 94283K, Free: 288M, Non-Taxable: 29544K, Alloc Tax Rate: 0.4x
[2026-04-03T02:37:52.429+0600][56.785s][info][gc          ] GC(43) Pause Init Mark (unload classes) 0.158ms
[2026-04-03T02:37:52.429+0600][56.785s][info][gc,start    ] GC(43) Concurrent marking roots
[2026-04-03T02:37:52.429+0600][56.786s][info][gc,task     ] GC(43) Using 3 of 6 workers for concurrent marking roots
[2026-04-03T02:37:52.431+0600][56.787s][info][gc          ] GC(43) Concurrent marking roots 1.428ms
[2026-04-03T02:37:52.431+0600][56.787s][info][gc,start    ] GC(43) Concurrent marking (unload classes)
[2026-04-03T02:37:52.431+0600][56.787s][info][gc,task     ] GC(43) Using 3 of 6 workers for concurrent marking
[2026-04-03T02:37:52.477+0600][56.833s][info][gc          ] GC(43) Concurrent marking (unload classes) 45.870ms
[2026-04-03T02:37:52.477+0600][56.833s][info][gc,start    ] GC(43) Pause Final Mark (unload classes)
[2026-04-03T02:37:52.477+0600][56.833s][info][gc,task     ] GC(43) Using 6 of 6 workers for final marking
[2026-04-03T02:37:52.477+0600][56.833s][info][gc,ergo     ] GC(43) Adaptive CSet Selection. Target Free: 212M, Actual Free: 1080M, Max CSet: 64000K, Min Garbage: 0B
[2026-04-03T02:37:52.477+0600][56.834s][info][gc,ergo     ] GC(43) Collectable Garbage: 947M (99%), Immediate: 743M (77%), CSet: 204M (21%)
[2026-04-03T02:37:52.477+0600][56.834s][info][gc,ergo     ] GC(43) Pacer for Evacuation. Used CSet: 210M, Free: 1094M, Non-Taxable: 109M, Alloc Tax Rate: 1.1x
[2026-04-03T02:37:52.477+0600][56.834s][info][gc          ] GC(43) Pause Final Mark (unload classes) 0.676ms
[2026-04-03T02:37:52.478+0600][56.834s][info][gc,start    ] GC(43) Concurrent thread roots
[2026-04-03T02:37:52.478+0600][56.834s][info][gc,task     ] GC(43) Using 3 of 6 workers for Concurrent thread roots
[2026-04-03T02:37:52.479+0600][56.835s][info][gc          ] GC(43) Concurrent thread roots 1.105ms
[2026-04-03T02:37:52.479+0600][56.835s][info][gc,start    ] GC(43) Concurrent weak references
[2026-04-03T02:37:52.479+0600][56.835s][info][gc,task     ] GC(43) Using 3 of 6 workers for concurrent weak references
[2026-04-03T02:37:52.480+0600][56.836s][info][gc,ref      ] GC(43) Encountered references: Soft: 3786, Weak: 16515, Final: 84, Phantom: 620
[2026-04-03T02:37:52.480+0600][56.836s][info][gc,ref      ] GC(43) Discovered  references: Soft: 0, Weak: 9529, Final: 0, Phantom: 615
[2026-04-03T02:37:52.480+0600][56.836s][info][gc,ref      ] GC(43) Enqueued    references: Soft: 0, Weak: 1739, Final: 0, Phantom: 0
[2026-04-03T02:37:52.480+0600][56.836s][info][gc          ] GC(43) Concurrent weak references 0.963ms
[2026-04-03T02:37:52.480+0600][56.836s][info][gc,start    ] GC(43) Concurrent weak roots
[2026-04-03T02:37:52.480+0600][56.836s][info][gc,task     ] GC(43) Using 3 of 6 workers for concurrent weak root
[2026-04-03T02:37:52.485+0600][56.841s][info][gc          ] GC(43) Concurrent weak roots 4.755ms
[2026-04-03T02:37:52.485+0600][56.841s][info][gc,start    ] GC(43) Concurrent cleanup
[2026-04-03T02:37:52.485+0600][56.841s][info][gc          ] GC(43) Concurrent cleanup 1069M->326M(1290M) 0.622ms
[2026-04-03T02:37:52.485+0600][56.842s][info][gc,ergo     ] GC(43) Free: 1093M, Max: 512K regular, 232M humongous, Frag: 79% external, 0% internal; Reserve: 76379K, Max: 512K
[2026-04-03T02:37:52.485+0600][56.842s][info][gc,start    ] GC(43) Concurrent class unloading
[2026-04-03T02:37:52.485+0600][56.842s][info][gc,task     ] GC(43) Using 3 of 6 workers for concurrent class unloading
[2026-04-03T02:37:52.501+0600][56.857s][info][gc          ] GC(43) Concurrent class unloading 15.670ms
[2026-04-03T02:37:52.501+0600][56.857s][info][gc,start    ] GC(43) Concurrent strong roots
[2026-04-03T02:37:52.501+0600][56.857s][info][gc,task     ] GC(43) Using 3 of 6 workers for concurrent strong root
[2026-04-03T02:37:52.502+0600][56.859s][info][gc          ] GC(43) Concurrent strong roots 1.186ms
[2026-04-03T02:37:52.502+0600][56.859s][info][gc,start    ] GC(43) Concurrent evacuation
[2026-04-03T02:37:52.502+0600][56.859s][info][gc,task     ] GC(43) Using 3 of 6 workers for concurrent evacuation
[2026-04-03T02:37:52.506+0600][56.863s][info][gc          ] GC(43) Concurrent evacuation 3.995ms
[2026-04-03T02:37:52.507+0600][56.863s][info][gc,start    ] GC(43) Pause Init Update Refs
[2026-04-03T02:37:52.507+0600][56.863s][info][gc,ergo     ] GC(43) Pacer for Update Refs. Used: 338M, Free: 1088M, Non-Taxable: 108M, Alloc Tax Rate: 1.1x
[2026-04-03T02:37:52.507+0600][56.863s][info][gc          ] GC(43) Pause Init Update Refs 0.171ms
[2026-04-03T02:37:52.507+0600][56.863s][info][gc,start    ] GC(43) Concurrent update references
[2026-04-03T02:37:52.507+0600][56.863s][info][gc,task     ] GC(43) Using 3 of 6 workers for concurrent reference update
[2026-04-03T02:37:52.542+0600][56.898s][info][gc          ] GC(43) Concurrent update references 34.861ms
[2026-04-03T02:37:52.542+0600][56.898s][info][gc,start    ] GC(43) Concurrent update thread roots
[2026-04-03T02:37:52.544+0600][56.900s][info][gc          ] GC(43) Concurrent update thread roots 1.982ms
[2026-04-03T02:37:52.544+0600][56.900s][info][gc,start    ] GC(43) Pause Final Update Refs
[2026-04-03T02:37:52.544+0600][56.900s][info][gc,task     ] GC(43) Using 6 of 6 workers for final reference update
[2026-04-03T02:37:52.544+0600][56.901s][info][gc          ] GC(43) Pause Final Update Refs 0.273ms
[2026-04-03T02:37:52.545+0600][56.901s][info][gc,start    ] GC(43) Concurrent cleanup
[2026-04-03T02:37:52.545+0600][56.901s][info][gc          ] GC(43) Concurrent cleanup 353M->143M(1290M) 0.370ms
[2026-04-03T02:37:52.545+0600][56.901s][info][gc,ergo     ] Free: 1276M, Max: 512K regular, 770M humongous, Frag: 40% external, 0% internal; Reserve: 76800K, Max: 512K
[2026-04-03T02:37:52.545+0600][56.901s][info][gc,stats    ] 
[2026-04-03T02:37:52.545+0600][56.901s][info][gc,stats    ] All times are wall-clock times, except per-root-class counters, that are sum over
[2026-04-03T02:37:52.545+0600][56.901s][info][gc,stats    ] all workers. Dividing the <total> over the root stage time estimates parallelism.
[2026-04-03T02:37:52.545+0600][56.901s][info][gc,stats    ] 
[2026-04-03T02:37:52.545+0600][56.901s][info][gc,stats    ] Concurrent Reset                   3168 us
[2026-04-03T02:37:52.545+0600][56.901s][info][gc,stats    ] Pause Init Mark (G)                 452 us
[2026-04-03T02:37:52.545+0600][56.901s][info][gc,stats    ] Pause Init Mark (N)                 167 us
[2026-04-03T02:37:52.545+0600][56.901s][info][gc,stats    ]   Update Region States               30 us
[2026-04-03T02:37:52.545+0600][56.901s][info][gc,stats    ] Concurrent Mark Roots              1509 us, parallelism: 1.69x
[2026-04-03T02:37:52.545+0600][56.901s][info][gc,stats    ]   CMR: <total>                     2546 us
[2026-04-03T02:37:52.545+0600][56.901s][info][gc,stats    ]   CMR: Thread Roots                2139 us, workers (us): 495, 836, 809, ---, ---, ---, 
[2026-04-03T02:37:52.545+0600][56.901s][info][gc,stats    ]   CMR: VM Strong Roots               45 us, workers (us):  43,   1,   1, ---, ---, ---, 
[2026-04-03T02:37:52.545+0600][56.901s][info][gc,stats    ]   CMR: CLDG Roots                   362 us, workers (us): 362, ---, ---, ---, ---, ---, 
[2026-04-03T02:37:52.545+0600][56.901s][info][gc,stats    ] Concurrent Marking                45934 us
[2026-04-03T02:37:52.545+0600][56.901s][info][gc,stats    ] Pause Final Mark (G)                934 us
[2026-04-03T02:37:52.545+0600][56.902s][info][gc,stats    ] Pause Final Mark (N)                686 us
[2026-04-03T02:37:52.545+0600][56.902s][info][gc,stats    ]   Finish Mark                       251 us
[2026-04-03T02:37:52.545+0600][56.902s][info][gc,stats    ]   Update Region States               43 us
[2026-04-03T02:37:52.545+0600][56.902s][info][gc,stats    ]   Choose Collection Set             231 us
[2026-04-03T02:37:52.545+0600][56.902s][info][gc,stats    ]   Rebuild Free Set                   43 us
[2026-04-03T02:37:52.545+0600][56.902s][info][gc,stats    ] Concurrent Thread Roots            1176 us, parallelism: 2.39x
[2026-04-03T02:37:52.545+0600][56.902s][info][gc,stats    ]   CTR: <total>                     2812 us
[2026-04-03T02:37:52.545+0600][56.902s][info][gc,stats    ]   CTR: Thread Roots                2812 us, workers (us): 947, 957, 908, ---, ---, ---, 
[2026-04-03T02:37:52.545+0600][56.902s][info][gc,stats    ] Concurrent Weak References          978 us, parallelism: 1.27x
[2026-04-03T02:37:52.545+0600][56.902s][info][gc,stats    ]   CWRF: <total>                    1242 us
[2026-04-03T02:37:52.545+0600][56.902s][info][gc,stats    ]   CWRF: Weak References            1242 us, workers (us): 227, 366, 648, ---, ---, ---, 
[2026-04-03T02:37:52.545+0600][56.902s][info][gc,stats    ] Concurrent Weak Roots              4844 us
[2026-04-03T02:37:52.545+0600][56.902s][info][gc,stats    ]   Roots                            4421 us, parallelism: 2.72x
[2026-04-03T02:37:52.545+0600][56.902s][info][gc,stats    ]     CWR: <total>                  12006 us
[2026-04-03T02:37:52.545+0600][56.902s][info][gc,stats    ]     CWR: Code Cache Roots          9115 us, workers (us): 2964, 3061, 3091, ---, ---, ---, 
[2026-04-03T02:37:52.545+0600][56.902s][info][gc,stats    ]     CWR: VM Weak Roots             2749 us, workers (us): 909, 900, 941, ---, ---, ---, 
[2026-04-03T02:37:52.545+0600][56.902s][info][gc,stats    ]     CWR: CLDG Roots                 142 us, workers (us): 142, ---, ---, ---, ---, ---, 
[2026-04-03T02:37:52.545+0600][56.902s][info][gc,stats    ]   Rendezvous                        312 us
[2026-04-03T02:37:52.545+0600][56.902s][info][gc,stats    ] Concurrent Cleanup                  649 us
[2026-04-03T02:37:52.546+0600][56.902s][info][gc,stats    ] Concurrent Class Unloading        15775 us
[2026-04-03T02:37:52.546+0600][56.902s][info][gc,stats    ]   Unlink Stale                    13301 us
[2026-04-03T02:37:52.546+0600][56.902s][info][gc,stats    ]     System Dictionary               308 us
[2026-04-03T02:37:52.546+0600][56.902s][info][gc,stats    ]     Weak Class Links                  0 us
[2026-04-03T02:37:52.546+0600][56.902s][info][gc,stats    ]     Code Roots                    12989 us
[2026-04-03T02:37:52.546+0600][56.902s][info][gc,stats    ]   Rendezvous                        385 us
[2026-04-03T02:37:52.546+0600][56.902s][info][gc,stats    ]   Purge Unlinked                   1921 us
[2026-04-03T02:37:52.546+0600][56.902s][info][gc,stats    ]     Code Roots                     1904 us
[2026-04-03T02:37:52.546+0600][56.902s][info][gc,stats    ]     CLDG                             15 us
[2026-04-03T02:37:52.546+0600][56.902s][info][gc,stats    ]     Exception Caches                  1 us
[2026-04-03T02:37:52.546+0600][56.902s][info][gc,stats    ] Concurrent Strong Roots            1283 us, parallelism: 0.58x
[2026-04-03T02:37:52.546+0600][56.902s][info][gc,stats    ]   CSR: <total>                      745 us
[2026-04-03T02:37:52.546+0600][56.902s][info][gc,stats    ]   CSR: VM Strong Roots               44 us, workers (us):  24,  19,   0, ---, ---, ---, 
[2026-04-03T02:37:52.546+0600][56.902s][info][gc,stats    ]   CSR: CLDG Roots                   701 us, workers (us): 701, ---, ---, ---, ---, ---, 
[2026-04-03T02:37:52.546+0600][56.902s][info][gc,stats    ] Concurrent Evacuation              4109 us
[2026-04-03T02:37:52.546+0600][56.902s][info][gc,stats    ] Pause Init Update Refs (G)          397 us
[2026-04-03T02:37:52.546+0600][56.902s][info][gc,stats    ] Pause Init Update Refs (N)          185 us
[2026-04-03T02:37:52.546+0600][56.902s][info][gc,stats    ]   Manage GCLABs                      47 us
[2026-04-03T02:37:52.546+0600][56.902s][info][gc,stats    ] Concurrent Update Refs            34981 us
[2026-04-03T02:37:52.546+0600][56.902s][info][gc,stats    ] Concurrent Update Thread Roots     2065 us
[2026-04-03T02:37:52.546+0600][56.902s][info][gc,stats    ] Pause Final Update Refs (G)         639 us
[2026-04-03T02:37:52.546+0600][56.902s][info][gc,stats    ] Pause Final Update Refs (N)         318 us
[2026-04-03T02:37:52.546+0600][56.902s][info][gc,stats    ]   Update Region States               58 us
[2026-04-03T02:37:52.546+0600][56.902s][info][gc,stats    ]   Trash Collection Set               24 us
[2026-04-03T02:37:52.546+0600][56.902s][info][gc,stats    ]   Rebuild Free Set                   55 us
[2026-04-03T02:37:52.546+0600][56.902s][info][gc,stats    ] Concurrent Cleanup                  403 us
[2026-04-03T02:37:52.546+0600][56.902s][info][gc,stats    ] 
[2026-04-03T02:37:52.546+0600][56.902s][info][gc,stats    ] Allocation pacing accrued:
[2026-04-03T02:37:52.546+0600][56.902s][info][gc,stats    ]       0 of   989 ms (  0.0%): <total>
[2026-04-03T02:37:52.546+0600][56.902s][info][gc,stats    ]       0 of   989 ms (  0.0%): <average total>
[2026-04-03T02:37:52.546+0600][56.902s][info][gc,stats    ] 
[2026-04-03T02:37:52.546+0600][56.902s][info][gc,metaspace] Metaspace: 131512K(132992K)->131512K(132992K) NonClass: 114944K(115712K)->114944K(115712K) Class: 16568K(17280K)->16568K(17280K)
[2026-04-03T02:37:52.546+0600][56.902s][info][gc,ergo     ] Pacer for Idle. Initial: 30720K, Alloc Tax Rate: 1.0x
[2026-04-03T02:37:52.648+0600][57.004s][info][gc          ] Trigger: Average GC time (199.28 ms) is above the time for instantaneous allocation rate (4016 MB/s) to deplete free headroom (794M) (spike threshold = 1.79)
[2026-04-03T02:37:52.648+0600][57.004s][info][gc,ergo     ] Free: 869M, Max: 512K regular, 599M humongous, Frag: 31% external, 0% internal; Reserve: 76800K, Max: 512K
[2026-04-03T02:37:52.648+0600][57.004s][info][gc,start    ] GC(44) Concurrent reset
[2026-04-03T02:37:52.648+0600][57.004s][info][gc,task     ] GC(44) Using 3 of 6 workers for concurrent reset
[2026-04-03T02:37:52.648+0600][57.004s][info][gc,ergo     ] GC(44) Pacer for Reset. Non-Taxable: 1500M
[2026-04-03T02:37:52.650+0600][57.006s][info][gc          ] GC(44) Concurrent reset 1.578ms
[2026-04-03T02:37:52.650+0600][57.006s][info][gc,start    ] GC(44) Pause Init Mark (unload classes)
[2026-04-03T02:37:52.650+0600][57.006s][info][gc,task     ] GC(44) Using 6 of 6 workers for init marking
[2026-04-03T02:37:52.650+0600][57.006s][info][gc,ergo     ] GC(44) Pacer for Mark. Expected Live: 94146K, Free: 869M, Non-Taxable: 89022K, Alloc Tax Rate: 0.1x
[2026-04-03T02:37:52.650+0600][57.006s][info][gc          ] GC(44) Pause Init Mark (unload classes) 0.108ms
[2026-04-03T02:37:52.650+0600][57.006s][info][gc,start    ] GC(44) Concurrent marking roots
[2026-04-03T02:37:52.650+0600][57.006s][info][gc,task     ] GC(44) Using 3 of 6 workers for concurrent marking roots
[2026-04-03T02:37:52.651+0600][57.007s][info][gc          ] GC(44) Concurrent marking roots 1.133ms
[2026-04-03T02:37:52.651+0600][57.007s][info][gc,start    ] GC(44) Concurrent marking (unload classes)
[2026-04-03T02:37:52.651+0600][57.007s][info][gc,task     ] GC(44) Using 3 of 6 workers for concurrent marking
[2026-04-03T02:37:52.694+0600][57.050s][info][gc          ] GC(44) Concurrent marking (unload classes) 42.395ms
[2026-04-03T02:37:52.694+0600][57.050s][info][gc,start    ] GC(44) Pause Final Mark (unload classes)
[2026-04-03T02:37:52.694+0600][57.050s][info][gc,task     ] GC(44) Using 6 of 6 workers for final marking
[2026-04-03T02:37:52.694+0600][57.050s][info][gc,ergo     ] GC(44) Adaptive CSet Selection. Target Free: 212M, Actual Free: 1159M, Max CSet: 64000K, Min Garbage: 0B
[2026-04-03T02:37:52.694+0600][57.050s][info][gc,ergo     ] GC(44) Collectable Garbage: 409M (97%), Immediate: 354M (84%), CSet: 56526K (13%)
[2026-04-03T02:37:52.694+0600][57.051s][info][gc,ergo     ] GC(44) Pacer for Evacuation. Used CSet: 60874K, Free: 1132M, Non-Taxable: 113M, Alloc Tax Rate: 1.1x
[2026-04-03T02:37:52.694+0600][57.051s][info][gc          ] GC(44) Pause Final Mark (unload classes) 0.586ms
[2026-04-03T02:37:52.695+0600][57.051s][info][gc,start    ] GC(44) Concurrent thread roots
[2026-04-03T02:37:52.695+0600][57.051s][info][gc,task     ] GC(44) Using 3 of 6 workers for Concurrent thread roots
[2026-04-03T02:37:52.695+0600][57.052s][info][gc          ] GC(44) Concurrent thread roots 0.980ms
[2026-04-03T02:37:52.696+0600][57.052s][info][gc,start    ] GC(44) Concurrent weak references
[2026-04-03T02:37:52.696+0600][57.052s][info][gc,task     ] GC(44) Using 3 of 6 workers for concurrent weak references
[2026-04-03T02:37:52.696+0600][57.053s][info][gc,ref      ] GC(44) Encountered references: Soft: 3784, Weak: 15250, Final: 84, Phantom: 620
[2026-04-03T02:37:52.696+0600][57.053s][info][gc,ref      ] GC(44) Discovered  references: Soft: 0, Weak: 8827, Final: 0, Phantom: 361
[2026-04-03T02:37:52.697+0600][57.053s][info][gc,ref      ] GC(44) Enqueued    references: Soft: 0, Weak: 813, Final: 0, Phantom: 0
[2026-04-03T02:37:52.697+0600][57.053s][info][gc          ] GC(44) Concurrent weak references 0.988ms
[2026-04-03T02:37:52.697+0600][57.053s][info][gc,start    ] GC(44) Concurrent weak roots
[2026-04-03T02:37:52.697+0600][57.053s][info][gc,task     ] GC(44) Using 3 of 6 workers for concurrent weak root
[2026-04-03T02:37:52.702+0600][57.058s][info][gc          ] GC(44) Concurrent weak roots 5.186ms
[2026-04-03T02:37:52.702+0600][57.058s][info][gc,start    ] GC(44) Concurrent cleanup
[2026-04-03T02:37:52.703+0600][57.059s][info][gc          ] GC(44) Concurrent cleanup 678M->336M(1290M) 0.685ms
[2026-04-03T02:37:52.703+0600][57.059s][info][gc,ergo     ] GC(44) Free: 1066M, Max: 512K regular, 413M humongous, Frag: 62% external, 0% internal; Reserve: 76387K, Max: 512K
[2026-04-03T02:37:52.703+0600][57.059s][info][gc,start    ] GC(44) Concurrent class unloading
[2026-04-03T02:37:52.703+0600][57.059s][info][gc,task     ] GC(44) Using 3 of 6 workers for concurrent class unloading
[2026-04-03T02:37:52.718+0600][57.075s][info][gc          ] GC(44) Concurrent class unloading 15.906ms
[2026-04-03T02:37:52.719+0600][57.075s][info][gc,start    ] GC(44) Concurrent strong roots
[2026-04-03T02:37:52.719+0600][57.075s][info][gc,task     ] GC(44) Using 3 of 6 workers for concurrent strong root
[2026-04-03T02:37:52.720+0600][57.076s][info][gc          ] GC(44) Concurrent strong roots 1.175ms
[2026-04-03T02:37:52.720+0600][57.076s][info][gc,start    ] GC(44) Concurrent evacuation
[2026-04-03T02:37:52.720+0600][57.076s][info][gc,task     ] GC(44) Using 3 of 6 workers for concurrent evacuation
[2026-04-03T02:37:52.722+0600][57.078s][info][gc          ] GC(44) Concurrent evacuation 2.063ms
[2026-04-03T02:37:52.723+0600][57.079s][info][gc,start    ] GC(44) Pause Init Update Refs
[2026-04-03T02:37:52.723+0600][57.079s][info][gc,ergo     ] GC(44) Pacer for Update Refs. Used: 406M, Free: 993M, Non-Taxable: 101769K, Alloc Tax Rate: 1.1x
[2026-04-03T02:37:52.723+0600][57.079s][info][gc          ] GC(44) Pause Init Update Refs 0.109ms
[2026-04-03T02:37:52.723+0600][57.079s][info][gc,start    ] GC(44) Concurrent update references
[2026-04-03T02:37:52.723+0600][57.079s][info][gc,task     ] GC(44) Using 3 of 6 workers for concurrent reference update
[2026-04-03T02:37:52.768+0600][57.125s][info][gc          ] GC(44) Concurrent update references 45.574ms
[2026-04-03T02:37:52.769+0600][57.125s][info][gc,start    ] GC(44) Concurrent update thread roots
[2026-04-03T02:37:52.770+0600][57.127s][info][gc          ] GC(44) Concurrent update thread roots 1.915ms
[2026-04-03T02:37:52.771+0600][57.127s][info][gc,start    ] GC(44) Pause Final Update Refs
[2026-04-03T02:37:52.771+0600][57.127s][info][gc,task     ] GC(44) Using 6 of 6 workers for final reference update
[2026-04-03T02:37:52.771+0600][57.127s][info][gc          ] GC(44) Pause Final Update Refs 0.194ms
[2026-04-03T02:37:52.771+0600][57.127s][info][gc,start    ] GC(44) Concurrent cleanup
[2026-04-03T02:37:52.772+0600][57.128s][info][gc          ] GC(44) Concurrent cleanup 477M->419M(1290M) 0.604ms
[2026-04-03T02:37:52.772+0600][57.128s][info][gc,ergo     ] Free: 968M, Max: 512K regular, 431M humongous, Frag: 56% external, 0% internal; Reserve: 76800K, Max: 512K
[2026-04-03T02:37:52.772+0600][57.128s][info][gc,stats    ] 
[2026-04-03T02:37:52.772+0600][57.128s][info][gc,stats    ] All times are wall-clock times, except per-root-class counters, that are sum over
[2026-04-03T02:37:52.772+0600][57.128s][info][gc,stats    ] all workers. Dividing the <total> over the root stage time estimates parallelism.
[2026-04-03T02:37:52.772+0600][57.128s][info][gc,stats    ] 
[2026-04-03T02:37:52.772+0600][57.128s][info][gc,stats    ] Concurrent Reset                   1657 us
[2026-04-03T02:37:52.772+0600][57.128s][info][gc,stats    ] Pause Init Mark (G)                 287 us
[2026-04-03T02:37:52.772+0600][57.128s][info][gc,stats    ] Pause Init Mark (N)                 118 us
[2026-04-03T02:37:52.772+0600][57.128s][info][gc,stats    ]   Update Region States               23 us
[2026-04-03T02:37:52.772+0600][57.128s][info][gc,stats    ] Concurrent Mark Roots              1176 us, parallelism: 1.90x
[2026-04-03T02:37:52.772+0600][57.128s][info][gc,stats    ]   CMR: <total>                     2229 us
[2026-04-03T02:37:52.772+0600][57.128s][info][gc,stats    ]   CMR: Thread Roots                1858 us, workers (us): 410, 724, 724, ---, ---, ---, 
[2026-04-03T02:37:52.772+0600][57.128s][info][gc,stats    ]   CMR: VM Strong Roots               37 us, workers (us):  35,   1,   1, ---, ---, ---, 
[2026-04-03T02:37:52.772+0600][57.128s][info][gc,stats    ]   CMR: CLDG Roots                   335 us, workers (us): 335, ---, ---, ---, ---, ---, 
[2026-04-03T02:37:52.772+0600][57.128s][info][gc,stats    ] Concurrent Marking                42462 us
[2026-04-03T02:37:52.772+0600][57.128s][info][gc,stats    ] Pause Final Mark (G)                808 us
[2026-04-03T02:37:52.772+0600][57.128s][info][gc,stats    ] Pause Final Mark (N)                596 us
[2026-04-03T02:37:52.772+0600][57.128s][info][gc,stats    ]   Finish Mark                       242 us
[2026-04-03T02:37:52.772+0600][57.128s][info][gc,stats    ]   Update Region States               39 us
[2026-04-03T02:37:52.772+0600][57.128s][info][gc,stats    ]   Choose Collection Set             148 us
[2026-04-03T02:37:52.772+0600][57.128s][info][gc,stats    ]   Rebuild Free Set                   38 us
[2026-04-03T02:37:52.772+0600][57.128s][info][gc,stats    ] Concurrent Thread Roots            1021 us, parallelism: 2.05x
[2026-04-03T02:37:52.772+0600][57.128s][info][gc,stats    ]   CTR: <total>                     2098 us
[2026-04-03T02:37:52.772+0600][57.128s][info][gc,stats    ]   CTR: Thread Roots                2098 us, workers (us): 729, 713, 656, ---, ---, ---, 
[2026-04-03T02:37:52.772+0600][57.128s][info][gc,stats    ] Concurrent Weak References          997 us, parallelism: 1.00x
[2026-04-03T02:37:52.772+0600][57.128s][info][gc,stats    ]   CWRF: <total>                     998 us
[2026-04-03T02:37:52.772+0600][57.128s][info][gc,stats    ]   CWRF: Weak References             998 us, workers (us): 223,  72, 703, ---, ---, ---, 
[2026-04-03T02:37:52.772+0600][57.128s][info][gc,stats    ] Concurrent Weak Roots              5288 us
[2026-04-03T02:37:52.772+0600][57.128s][info][gc,stats    ]   Roots                            3981 us, parallelism: 2.65x
[2026-04-03T02:37:52.772+0600][57.128s][info][gc,stats    ]     CWR: <total>                  10564 us
[2026-04-03T02:37:52.772+0600][57.128s][info][gc,stats    ]     CWR: Code Cache Roots          8637 us, workers (us): 2879, 2917, 2841, ---, ---, ---, 
[2026-04-03T02:37:52.772+0600][57.128s][info][gc,stats    ]     CWR: VM Weak Roots             1809 us, workers (us): 633, 620, 555, ---, ---, ---, 
[2026-04-03T02:37:52.772+0600][57.128s][info][gc,stats    ]     CWR: CLDG Roots                 118 us, workers (us): ---, 118, ---, ---, ---, ---, 
[2026-04-03T02:37:52.772+0600][57.128s][info][gc,stats    ]   Rendezvous                       1182 us
[2026-04-03T02:37:52.772+0600][57.128s][info][gc,stats    ] Concurrent Cleanup                  716 us
[2026-04-03T02:37:52.772+0600][57.129s][info][gc,stats    ] Concurrent Class Unloading        16004 us
[2026-04-03T02:37:52.772+0600][57.129s][info][gc,stats    ]   Unlink Stale                    14944 us
[2026-04-03T02:37:52.772+0600][57.129s][info][gc,stats    ]     System Dictionary               305 us
[2026-04-03T02:37:52.772+0600][57.129s][info][gc,stats    ]     Weak Class Links                  0 us
[2026-04-03T02:37:52.772+0600][57.129s][info][gc,stats    ]     Code Roots                    14635 us
[2026-04-03T02:37:52.772+0600][57.129s][info][gc,stats    ]   Rendezvous                        430 us
[2026-04-03T02:37:52.772+0600][57.129s][info][gc,stats    ]   Purge Unlinked                    504 us
[2026-04-03T02:37:52.772+0600][57.129s][info][gc,stats    ]     Code Roots                      490 us
[2026-04-03T02:37:52.772+0600][57.129s][info][gc,stats    ]     CLDG                             13 us
[2026-04-03T02:37:52.772+0600][57.129s][info][gc,stats    ]     Exception Caches                  0 us
[2026-04-03T02:37:52.772+0600][57.129s][info][gc,stats    ] Concurrent Strong Roots            1233 us, parallelism: 0.52x
[2026-04-03T02:37:52.772+0600][57.129s][info][gc,stats    ]   CSR: <total>                      636 us
[2026-04-03T02:37:52.772+0600][57.129s][info][gc,stats    ]   CSR: VM Strong Roots               41 us, workers (us):  28,   8,   5, ---, ---, ---, 
[2026-04-03T02:37:52.772+0600][57.129s][info][gc,stats    ]   CSR: CLDG Roots                   594 us, workers (us): 594, ---, ---, ---, ---, ---, 
[2026-04-03T02:37:52.772+0600][57.129s][info][gc,stats    ] Concurrent Evacuation              2160 us
[2026-04-03T02:37:52.772+0600][57.129s][info][gc,stats    ] Pause Init Update Refs (G)          829 us
[2026-04-03T02:37:52.772+0600][57.129s][info][gc,stats    ] Pause Init Update Refs (N)          140 us
[2026-04-03T02:37:52.772+0600][57.129s][info][gc,stats    ]   Manage GCLABs                      34 us
[2026-04-03T02:37:52.772+0600][57.129s][info][gc,stats    ] Concurrent Update Refs            45680 us
[2026-04-03T02:37:52.772+0600][57.129s][info][gc,stats    ] Concurrent Update Thread Roots     1985 us
[2026-04-03T02:37:52.772+0600][57.129s][info][gc,stats    ] Pause Final Update Refs (G)         735 us
[2026-04-03T02:37:52.772+0600][57.129s][info][gc,stats    ] Pause Final Update Refs (N)         207 us
[2026-04-03T02:37:52.772+0600][57.129s][info][gc,stats    ]   Update Region States               57 us
[2026-04-03T02:37:52.772+0600][57.129s][info][gc,stats    ]   Trash Collection Set               10 us
[2026-04-03T02:37:52.772+0600][57.129s][info][gc,stats    ]   Rebuild Free Set                   45 us
[2026-04-03T02:37:52.772+0600][57.129s][info][gc,stats    ] Concurrent Cleanup                  676 us
[2026-04-03T02:37:52.772+0600][57.129s][info][gc,stats    ] Pacing                           246244 us
[2026-04-03T02:37:52.773+0600][57.129s][info][gc,stats    ] 
[2026-04-03T02:37:52.773+0600][57.129s][info][gc,stats    ] Allocation pacing accrued:
[2026-04-03T02:37:52.773+0600][57.129s][info][gc,stats    ]      43 of   227 ms ( 18.8%): Executor task launch worker for task 1.0 in stage 2005.0 (TID 3736)
[2026-04-03T02:37:52.773+0600][57.129s][info][gc,stats    ]      43 of   227 ms ( 18.8%): Executor task launch worker for task 0.0 in stage 2005.0 (TID 3735)
[2026-04-03T02:37:52.773+0600][57.129s][info][gc,stats    ]      44 of   227 ms ( 19.4%): Executor task launch worker for task 2.0 in stage 2005.0 (TID 3737)
[2026-04-03T02:37:52.773+0600][57.129s][info][gc,stats    ]      41 of   227 ms ( 18.1%): Executor task launch worker for task 3.0 in stage 2005.0 (TID 3738)
[2026-04-03T02:37:52.773+0600][57.129s][info][gc,stats    ]      10 of   227 ms (  4.4%): block-manager-storage-async-thread-pool-1
[2026-04-03T02:37:52.773+0600][57.129s][info][gc,stats    ]      12 of   227 ms (  5.3%): block-manager-storage-async-thread-pool-69
[2026-04-03T02:37:52.773+0600][57.129s][info][gc,stats    ]      11 of   227 ms (  4.9%): block-manager-storage-async-thread-pool-70
[2026-04-03T02:37:52.773+0600][57.129s][info][gc,stats    ]      10 of   227 ms (  4.4%): block-manager-storage-async-thread-pool-81
[2026-04-03T02:37:52.773+0600][57.129s][info][gc,stats    ]      10 of   227 ms (  4.4%): block-manager-storage-async-thread-pool-83
[2026-04-03T02:37:52.773+0600][57.129s][info][gc,stats    ]      11 of   227 ms (  5.0%): block-manager-storage-async-thread-pool-88
[2026-04-03T02:37:52.773+0600][57.129s][info][gc,stats    ]      11 of   227 ms (  5.0%): block-manager-storage-async-thread-pool-96
[2026-04-03T02:37:52.773+0600][57.129s][info][gc,stats    ]     246 of   227 ms (108.6%): <total>
[2026-04-03T02:37:52.773+0600][57.129s][info][gc,stats    ]       1 of   227 ms (  0.4%): <average total>
[2026-04-03T02:37:52.773+0600][57.129s][info][gc,stats    ]      22 of   227 ms (  9.9%): <average non-zero>
[2026-04-03T02:37:52.773+0600][57.129s][info][gc,stats    ] 
[2026-04-03T02:37:52.773+0600][57.129s][info][gc,metaspace] Metaspace: 131516K(132992K)->131523K(132992K) NonClass: 114947K(115712K)->114954K(115712K) Class: 16569K(17280K)->16569K(17280K)
[2026-04-03T02:37:52.773+0600][57.129s][info][gc,ergo     ] Pacer for Idle. Initial: 30720K, Alloc Tax Rate: 1.0x
[2026-04-03T02:37:53.560+0600][57.916s][info][gc          ] Trigger: Average GC time (178.11 ms) is above the time for average allocation rate (1100 MB/s) to deplete free headroom (194M) (margin of error = 1.85)
[2026-04-03T02:37:53.560+0600][57.916s][info][gc,ergo     ] Free headroom: 269M (free) - 76800K (spike) - 0B (penalties) = 194M
[2026-04-03T02:37:53.560+0600][57.916s][info][gc,ergo     ] Free: 269M, Max: 512K regular, 232M humongous, Frag: 14% external, 0% internal; Reserve: 76800K, Max: 512K
[2026-04-03T02:37:53.560+0600][57.916s][info][gc,start    ] GC(45) Concurrent reset
[2026-04-03T02:37:53.560+0600][57.916s][info][gc,task     ] GC(45) Using 3 of 6 workers for concurrent reset
[2026-04-03T02:37:53.560+0600][57.916s][info][gc,ergo     ] GC(45) Pacer for Reset. Non-Taxable: 1500M
[2026-04-03T02:37:53.562+0600][57.918s][info][gc          ] GC(45) Concurrent reset 1.575ms
[2026-04-03T02:37:53.562+0600][57.918s][info][gc,start    ] GC(45) Pause Init Mark (unload classes)
[2026-04-03T02:37:53.562+0600][57.918s][info][gc,task     ] GC(45) Using 6 of 6 workers for init marking
[2026-04-03T02:37:53.562+0600][57.918s][info][gc,ergo     ] GC(45) Pacer for Mark. Expected Live: 93845K, Free: 267M, Non-Taxable: 27390K, Alloc Tax Rate: 0.4x
[2026-04-03T02:37:53.562+0600][57.918s][info][gc          ] GC(45) Pause Init Mark (unload classes) 0.143ms
[2026-04-03T02:37:53.562+0600][57.919s][info][gc,start    ] GC(45) Concurrent marking roots
[2026-04-03T02:37:53.562+0600][57.919s][info][gc,task     ] GC(45) Using 3 of 6 workers for concurrent marking roots
[2026-04-03T02:37:53.564+0600][57.921s][info][gc          ] GC(45) Concurrent marking roots 1.996ms
[2026-04-03T02:37:53.564+0600][57.921s][info][gc,start    ] GC(45) Concurrent marking (unload classes)
[2026-04-03T02:37:53.564+0600][57.921s][info][gc,task     ] GC(45) Using 3 of 6 workers for concurrent marking
[2026-04-03T02:37:53.631+0600][57.988s][info][gc          ] GC(45) Concurrent marking (unload classes) 67.057ms
[2026-04-03T02:37:53.632+0600][57.988s][info][gc,start    ] GC(45) Pause Final Mark (unload classes)
[2026-04-03T02:37:53.632+0600][57.988s][info][gc,task     ] GC(45) Using 6 of 6 workers for final marking
[2026-04-03T02:37:53.632+0600][57.988s][info][gc,ergo     ] GC(45) Adaptive CSet Selection. Target Free: 212M, Actual Free: 1045M, Max CSet: 64000K, Min Garbage: 0B
[2026-04-03T02:37:53.632+0600][57.989s][info][gc,ergo     ] GC(45) Collectable Garbage: 960M (99%), Immediate: 747M (77%), CSet: 213M (22%)
[2026-04-03T02:37:53.632+0600][57.989s][info][gc,ergo     ] GC(45) Pacer for Evacuation. Used CSet: 221M, Free: 1068M, Non-Taxable: 106M, Alloc Tax Rate: 1.1x
[2026-04-03T02:37:53.632+0600][57.989s][info][gc          ] GC(45) Pause Final Mark (unload classes) 0.786ms
[2026-04-03T02:37:53.633+0600][57.989s][info][gc,start    ] GC(45) Concurrent thread roots
[2026-04-03T02:37:53.633+0600][57.989s][info][gc,task     ] GC(45) Using 3 of 6 workers for Concurrent thread roots
[2026-04-03T02:37:53.634+0600][57.990s][info][gc          ] GC(45) Concurrent thread roots 1.274ms
[2026-04-03T02:37:53.634+0600][57.990s][info][gc,start    ] GC(45) Concurrent weak references
[2026-04-03T02:37:53.634+0600][57.990s][info][gc,task     ] GC(45) Using 3 of 6 workers for concurrent weak references
[2026-04-03T02:37:53.634+0600][57.990s][info][gc,ref      ] GC(45) Encountered references: Soft: 3790, Weak: 15524, Final: 84, Phantom: 620
[2026-04-03T02:37:53.634+0600][57.991s][info][gc,ref      ] GC(45) Discovered  references: Soft: 0, Weak: 5315, Final: 0, Phantom: 589
[2026-04-03T02:37:53.634+0600][57.991s][info][gc,ref      ] GC(45) Enqueued    references: Soft: 0, Weak: 403, Final: 0, Phantom: 0
[2026-04-03T02:37:53.634+0600][57.991s][info][gc          ] GC(45) Concurrent weak references 0.464ms
[2026-04-03T02:37:53.634+0600][57.991s][info][gc,start    ] GC(45) Concurrent weak roots
[2026-04-03T02:37:53.634+0600][57.991s][info][gc,task     ] GC(45) Using 3 of 6 workers for concurrent weak root
[2026-04-03T02:37:53.641+0600][57.997s][info][gc          ] GC(45) Concurrent weak roots 6.673ms
[2026-04-03T02:37:53.641+0600][57.997s][info][gc,start    ] GC(45) Concurrent cleanup
[2026-04-03T02:37:53.642+0600][57.998s][info][gc          ] GC(45) Concurrent cleanup 1103M->358M(1290M) 0.936ms
[2026-04-03T02:37:53.642+0600][57.998s][info][gc,ergo     ] GC(45) Free: 1057M, Max: 512K regular, 216M humongous, Frag: 80% external, 0% internal; Reserve: 76457K, Max: 512K
[2026-04-03T02:37:53.642+0600][57.998s][info][gc,start    ] GC(45) Concurrent class unloading
[2026-04-03T02:37:53.642+0600][57.998s][info][gc,task     ] GC(45) Using 3 of 6 workers for concurrent class unloading
[2026-04-03T02:37:53.660+0600][58.017s][info][gc          ] GC(45) Concurrent class unloading 18.089ms
[2026-04-03T02:37:53.660+0600][58.017s][info][gc,start    ] GC(45) Concurrent strong roots
[2026-04-03T02:37:53.660+0600][58.017s][info][gc,task     ] GC(45) Using 3 of 6 workers for concurrent strong root
[2026-04-03T02:37:53.661+0600][58.018s][info][gc          ] GC(45) Concurrent strong roots 1.103ms
[2026-04-03T02:37:53.662+0600][58.018s][info][gc,start    ] GC(45) Concurrent evacuation
[2026-04-03T02:37:53.662+0600][58.018s][info][gc,task     ] GC(45) Using 3 of 6 workers for concurrent evacuation
[2026-04-03T02:37:53.668+0600][58.024s][info][gc          ] GC(45) Concurrent evacuation 5.960ms
[2026-04-03T02:37:53.668+0600][58.024s][info][gc,start    ] GC(45) Pause Init Update Refs
[2026-04-03T02:37:53.668+0600][58.024s][info][gc,ergo     ] GC(45) Pacer for Update Refs. Used: 382M, Free: 1041M, Non-Taxable: 104M, Alloc Tax Rate: 1.1x
[2026-04-03T02:37:53.668+0600][58.024s][info][gc          ] GC(45) Pause Init Update Refs 0.137ms
[2026-04-03T02:37:53.668+0600][58.024s][info][gc,start    ] GC(45) Concurrent update references
[2026-04-03T02:37:53.668+0600][58.024s][info][gc,task     ] GC(45) Using 3 of 6 workers for concurrent reference update
[2026-04-03T02:37:53.719+0600][58.075s][info][gc          ] GC(45) Concurrent update references 50.938ms
[2026-04-03T02:37:53.719+0600][58.075s][info][gc,start    ] GC(45) Concurrent update thread roots
[2026-04-03T02:37:53.721+0600][58.077s][info][gc          ] GC(45) Concurrent update thread roots 1.789ms
[2026-04-03T02:37:53.721+0600][58.077s][info][gc,start    ] GC(45) Pause Final Update Refs
[2026-04-03T02:37:53.721+0600][58.077s][info][gc,task     ] GC(45) Using 6 of 6 workers for final reference update
[2026-04-03T02:37:53.721+0600][58.078s][info][gc          ] GC(45) Pause Final Update Refs 0.280ms
[2026-04-03T02:37:53.721+0600][58.078s][info][gc,start    ] GC(45) Concurrent cleanup
[2026-04-03T02:37:53.722+0600][58.078s][info][gc          ] GC(45) Concurrent cleanup 425M->204M(1290M) 0.645ms
[2026-04-03T02:37:53.722+0600][58.078s][info][gc,ergo     ] Free: 1206M, Max: 512K regular, 798M humongous, Frag: 34% external, 0% internal; Reserve: 76800K, Max: 512K
[2026-04-03T02:37:53.722+0600][58.078s][info][gc,stats    ] 
[2026-04-03T02:37:53.722+0600][58.078s][info][gc,stats    ] All times are wall-clock times, except per-root-class counters, that are sum over
[2026-04-03T02:37:53.722+0600][58.078s][info][gc,stats    ] all workers. Dividing the <total> over the root stage time estimates parallelism.
[2026-04-03T02:37:53.722+0600][58.078s][info][gc,stats    ] 
[2026-04-03T02:37:53.722+0600][58.078s][info][gc,stats    ] Concurrent Reset                   1663 us
[2026-04-03T02:37:53.722+0600][58.078s][info][gc,stats    ] Pause Init Mark (G)                 417 us
[2026-04-03T02:37:53.722+0600][58.078s][info][gc,stats    ] Pause Init Mark (N)                 154 us
[2026-04-03T02:37:53.722+0600][58.078s][info][gc,stats    ]   Update Region States               42 us
[2026-04-03T02:37:53.722+0600][58.078s][info][gc,stats    ] Concurrent Mark Roots              2074 us, parallelism: 1.94x
[2026-04-03T02:37:53.722+0600][58.078s][info][gc,stats    ]   CMR: <total>                     4033 us
[2026-04-03T02:37:53.722+0600][58.078s][info][gc,stats    ]   CMR: Thread Roots                3470 us, workers (us): 920, 1422, 1129, ---, ---, ---, 
[2026-04-03T02:37:53.722+0600][58.078s][info][gc,stats    ]   CMR: VM Strong Roots               72 us, workers (us):  43,  28,   1, ---, ---, ---, 
[2026-04-03T02:37:53.722+0600][58.078s][info][gc,stats    ]   CMR: CLDG Roots                   491 us, workers (us): 491, ---, ---, ---, ---, ---, 
[2026-04-03T02:37:53.722+0600][58.078s][info][gc,stats    ] Concurrent Marking                67119 us
[2026-04-03T02:37:53.722+0600][58.079s][info][gc,stats    ] Pause Final Mark (G)                991 us
[2026-04-03T02:37:53.722+0600][58.079s][info][gc,stats    ] Pause Final Mark (N)                801 us
[2026-04-03T02:37:53.722+0600][58.079s][info][gc,stats    ]   Finish Mark                       346 us
[2026-04-03T02:37:53.722+0600][58.079s][info][gc,stats    ]   Update Region States               44 us
[2026-04-03T02:37:53.722+0600][58.079s][info][gc,stats    ]   Choose Collection Set             244 us
[2026-04-03T02:37:53.722+0600][58.079s][info][gc,stats    ]   Rebuild Free Set                   41 us
[2026-04-03T02:37:53.722+0600][58.079s][info][gc,stats    ] Concurrent Thread Roots            1326 us, parallelism: 1.95x
[2026-04-03T02:37:53.722+0600][58.079s][info][gc,stats    ]   CTR: <total>                     2584 us
[2026-04-03T02:37:53.722+0600][58.079s][info][gc,stats    ]   CTR: Thread Roots                2584 us, workers (us): 855, 868, 861, ---, ---, ---, 
[2026-04-03T02:37:53.722+0600][58.079s][info][gc,stats    ] Concurrent Weak References          475 us, parallelism: 1.17x
[2026-04-03T02:37:53.722+0600][58.079s][info][gc,stats    ]   CWRF: <total>                     556 us
[2026-04-03T02:37:53.722+0600][58.079s][info][gc,stats    ]   CWRF: Weak References             556 us, workers (us): 166, 222, 167, ---, ---, ---, 
[2026-04-03T02:37:53.722+0600][58.079s][info][gc,stats    ] Concurrent Weak Roots              6791 us
[2026-04-03T02:37:53.722+0600][58.079s][info][gc,stats    ]   Roots                            5996 us, parallelism: 2.79x
[2026-04-03T02:37:53.722+0600][58.079s][info][gc,stats    ]     CWR: <total>                  16749 us
[2026-04-03T02:37:53.722+0600][58.079s][info][gc,stats    ]     CWR: Code Cache Roots         14163 us, workers (us): 4792, 4637, 4734, ---, ---, ---, 
[2026-04-03T02:37:53.722+0600][58.079s][info][gc,stats    ]     CWR: VM Weak Roots             2435 us, workers (us): 823, 806, 806, ---, ---, ---, 
[2026-04-03T02:37:53.722+0600][58.079s][info][gc,stats    ]     CWR: CLDG Roots                 151 us, workers (us): ---, 151, ---, ---, ---, ---, 
[2026-04-03T02:37:53.722+0600][58.079s][info][gc,stats    ]   Rendezvous                        651 us
[2026-04-03T02:37:53.722+0600][58.079s][info][gc,stats    ] Concurrent Cleanup                 1003 us
[2026-04-03T02:37:53.722+0600][58.079s][info][gc,stats    ] Concurrent Class Unloading        18182 us
[2026-04-03T02:37:53.722+0600][58.079s][info][gc,stats    ]   Unlink Stale                    15436 us
[2026-04-03T02:37:53.722+0600][58.079s][info][gc,stats    ]     System Dictionary               356 us
[2026-04-03T02:37:53.722+0600][58.079s][info][gc,stats    ]     Weak Class Links                  0 us
[2026-04-03T02:37:53.722+0600][58.079s][info][gc,stats    ]     Code Roots                    15075 us
[2026-04-03T02:37:53.722+0600][58.079s][info][gc,stats    ]   Rendezvous                        370 us
[2026-04-03T02:37:53.722+0600][58.079s][info][gc,stats    ]   Purge Unlinked                   2236 us
[2026-04-03T02:37:53.722+0600][58.079s][info][gc,stats    ]     Code Roots                     2217 us
[2026-04-03T02:37:53.722+0600][58.079s][info][gc,stats    ]     CLDG                             18 us
[2026-04-03T02:37:53.722+0600][58.079s][info][gc,stats    ]     Exception Caches                  1 us
[2026-04-03T02:37:53.723+0600][58.079s][info][gc,stats    ] Concurrent Strong Roots            1145 us, parallelism: 0.66x
[2026-04-03T02:37:53.723+0600][58.079s][info][gc,stats    ]   CSR: <total>                      751 us
[2026-04-03T02:37:53.723+0600][58.079s][info][gc,stats    ]   CSR: VM Strong Roots               74 us, workers (us):  36,  38,   0, ---, ---, ---, 
[2026-04-03T02:37:53.723+0600][58.079s][info][gc,stats    ]   CSR: CLDG Roots                   677 us, workers (us): 677, ---, ---, ---, ---, ---, 
[2026-04-03T02:37:53.723+0600][58.079s][info][gc,stats    ] Concurrent Evacuation              6029 us
[2026-04-03T02:37:53.723+0600][58.079s][info][gc,stats    ] Pause Init Update Refs (G)          458 us
[2026-04-03T02:37:53.723+0600][58.079s][info][gc,stats    ] Pause Init Update Refs (N)          152 us
[2026-04-03T02:37:53.723+0600][58.079s][info][gc,stats    ]   Manage GCLABs                      52 us
[2026-04-03T02:37:53.723+0600][58.079s][info][gc,stats    ] Concurrent Update Refs            51046 us
[2026-04-03T02:37:53.723+0600][58.079s][info][gc,stats    ] Concurrent Update Thread Roots     1836 us
[2026-04-03T02:37:53.723+0600][58.079s][info][gc,stats    ] Pause Final Update Refs (G)         464 us
[2026-04-03T02:37:53.723+0600][58.079s][info][gc,stats    ] Pause Final Update Refs (N)         303 us
[2026-04-03T02:37:53.723+0600][58.079s][info][gc,stats    ]   Update Region States               66 us
[2026-04-03T02:37:53.723+0600][58.079s][info][gc,stats    ]   Trash Collection Set               25 us
[2026-04-03T02:37:53.723+0600][58.079s][info][gc,stats    ]   Rebuild Free Set                   49 us
[2026-04-03T02:37:53.723+0600][58.079s][info][gc,stats    ] Concurrent Cleanup                  663 us
[2026-04-03T02:37:53.723+0600][58.079s][info][gc,stats    ] Pacing                           167328 us
[2026-04-03T02:37:53.723+0600][58.079s][info][gc,stats    ] 
[2026-04-03T02:37:53.723+0600][58.079s][info][gc,stats    ] Allocation pacing accrued:
[2026-04-03T02:37:53.723+0600][58.079s][info][gc,stats    ]       7 of   950 ms (  0.7%): dispatcher-event-loop-0
[2026-04-03T02:37:53.723+0600][58.079s][info][gc,stats    ]      21 of   950 ms (  2.2%): Executor task launch worker for task 2.0 in stage 2037.0 (TID 3865)
[2026-04-03T02:37:53.723+0600][58.079s][info][gc,stats    ]      21 of   950 ms (  2.2%): Executor task launch worker for task 3.0 in stage 2037.0 (TID 3866)
[2026-04-03T02:37:53.723+0600][58.079s][info][gc,stats    ]      21 of   950 ms (  2.2%): Executor task launch worker for task 7.0 in stage 2037.0 (TID 3870)
[2026-04-03T02:37:53.723+0600][58.079s][info][gc,stats    ]      21 of   950 ms (  2.2%): Executor task launch worker for task 1.0 in stage 2037.0 (TID 3864)
[2026-04-03T02:37:53.723+0600][58.079s][info][gc,stats    ]      11 of   950 ms (  1.2%): Executor task launch worker for task 4.0 in stage 2037.0 (TID 3867)
[2026-04-03T02:37:53.723+0600][58.079s][info][gc,stats    ]      18 of   950 ms (  1.9%): Executor task launch worker for task 0.0 in stage 2037.0 (TID 3863)
[2026-04-03T02:37:53.723+0600][58.079s][info][gc,stats    ]      11 of   950 ms (  1.2%): Executor task launch worker for task 5.0 in stage 2037.0 (TID 3868)
[2026-04-03T02:37:53.723+0600][58.079s][info][gc,stats    ]      21 of   950 ms (  2.2%): Executor task launch worker for task 6.0 in stage 2037.0 (TID 3869)
[2026-04-03T02:37:53.723+0600][58.079s][info][gc,stats    ]       7 of   950 ms (  0.7%): task-result-getter-2
[2026-04-03T02:37:53.723+0600][58.079s][info][gc,stats    ]       9 of   950 ms (  0.9%): task-result-getter-3
[2026-04-03T02:37:53.723+0600][58.079s][info][gc,stats    ]     167 of   950 ms ( 17.6%): <total>
[2026-04-03T02:37:53.723+0600][58.079s][info][gc,stats    ]       1 of   950 ms (  0.1%): <average total>
[2026-04-03T02:37:53.723+0600][58.079s][info][gc,stats    ]      15 of   950 ms (  1.6%): <average non-zero>
[2026-04-03T02:37:53.723+0600][58.079s][info][gc,stats    ] 
[2026-04-03T02:37:53.723+0600][58.079s][info][gc,metaspace] Metaspace: 131533K(132992K)->131539K(132992K) NonClass: 114963K(115712K)->114969K(115712K) Class: 16569K(17280K)->16569K(17280K)
[2026-04-03T02:37:53.723+0600][58.079s][info][gc,ergo     ] Pacer for Idle. Initial: 30720K, Alloc Tax Rate: 1.0x
[2026-04-03T02:37:54.633+0600][58.989s][info][gc          ] Trigger: Average GC time (187.54 ms) is above the time for average allocation rate (1184 MB/s) to deplete free headroom (221M) (margin of error = 1.85)
[2026-04-03T02:37:54.633+0600][58.989s][info][gc,ergo     ] Free headroom: 296M (free) - 76800K (spike) - 0B (penalties) = 221M
[2026-04-03T02:37:54.633+0600][58.989s][info][gc,ergo     ] Free: 296M, Max: 512K regular, 217M humongous, Frag: 27% external, 0% internal; Reserve: 76800K, Max: 512K
[2026-04-03T02:37:54.633+0600][58.989s][info][gc,start    ] GC(46) Concurrent reset
[2026-04-03T02:37:54.633+0600][58.989s][info][gc,task     ] GC(46) Using 3 of 6 workers for concurrent reset
[2026-04-03T02:37:54.633+0600][58.989s][info][gc,ergo     ] GC(46) Pacer for Reset. Non-Taxable: 1500M
[2026-04-03T02:37:54.635+0600][58.991s][info][gc          ] GC(46) Concurrent reset 2.572ms
[2026-04-03T02:37:54.636+0600][58.992s][info][gc,start    ] GC(46) Pause Init Mark (unload classes)
[2026-04-03T02:37:54.636+0600][58.992s][info][gc,task     ] GC(46) Using 6 of 6 workers for init marking
[2026-04-03T02:37:54.636+0600][58.992s][info][gc,ergo     ] GC(46) Pacer for Mark. Expected Live: 93481K, Free: 292M, Non-Taxable: 29954K, Alloc Tax Rate: 0.4x
[2026-04-03T02:37:54.636+0600][58.992s][info][gc          ] GC(46) Pause Init Mark (unload classes) 0.259ms
[2026-04-03T02:37:54.636+0600][58.992s][info][gc,start    ] GC(46) Concurrent marking roots
[2026-04-03T02:37:54.636+0600][58.992s][info][gc,task     ] GC(46) Using 3 of 6 workers for concurrent marking roots
[2026-04-03T02:37:54.638+0600][58.994s][info][gc          ] GC(46) Concurrent marking roots 1.595ms
[2026-04-03T02:37:54.638+0600][58.994s][info][gc,start    ] GC(46) Concurrent marking (unload classes)
[2026-04-03T02:37:54.638+0600][58.994s][info][gc,task     ] GC(46) Using 3 of 6 workers for concurrent marking
[2026-04-03T02:37:54.702+0600][59.058s][info][gc          ] GC(46) Concurrent marking (unload classes) 63.958ms
[2026-04-03T02:37:54.702+0600][59.058s][info][gc,start    ] GC(46) Pause Final Mark (unload classes)
[2026-04-03T02:37:54.702+0600][59.058s][info][gc,task     ] GC(46) Using 6 of 6 workers for final marking
[2026-04-03T02:37:54.702+0600][59.059s][info][gc,ergo     ] GC(46) Adaptive CSet Selection. Target Free: 212M, Actual Free: 1063M, Max CSet: 64000K, Min Garbage: 0B
[2026-04-03T02:37:54.703+0600][59.059s][info][gc,ergo     ] GC(46) Collectable Garbage: 937M (99%), Immediate: 742M (78%), CSet: 195M (20%)
[2026-04-03T02:37:54.703+0600][59.059s][info][gc,ergo     ] GC(46) Pacer for Evacuation. Used CSet: 200M, Free: 1083M, Non-Taxable: 108M, Alloc Tax Rate: 1.1x
[2026-04-03T02:37:54.703+0600][59.059s][info][gc          ] GC(46) Pause Final Mark (unload classes) 0.812ms
[2026-04-03T02:37:54.703+0600][59.059s][info][gc,start    ] GC(46) Concurrent thread roots
[2026-04-03T02:37:54.703+0600][59.059s][info][gc,task     ] GC(46) Using 3 of 6 workers for Concurrent thread roots
[2026-04-03T02:37:54.704+0600][59.060s][info][gc          ] GC(46) Concurrent thread roots 1.030ms
[2026-04-03T02:37:54.704+0600][59.060s][info][gc,start    ] GC(46) Concurrent weak references
[2026-04-03T02:37:54.704+0600][59.060s][info][gc,task     ] GC(46) Using 3 of 6 workers for concurrent weak references
[2026-04-03T02:37:54.705+0600][59.061s][info][gc,ref      ] GC(46) Encountered references: Soft: 3787, Weak: 16611, Final: 84, Phantom: 620
[2026-04-03T02:37:54.705+0600][59.061s][info][gc,ref      ] GC(46) Discovered  references: Soft: 0, Weak: 8879, Final: 0, Phantom: 223
[2026-04-03T02:37:54.705+0600][59.061s][info][gc,ref      ] GC(46) Enqueued    references: Soft: 0, Weak: 1627, Final: 0, Phantom: 0
[2026-04-03T02:37:54.705+0600][59.061s][info][gc          ] GC(46) Concurrent weak references 1.153ms
[2026-04-03T02:37:54.705+0600][59.061s][info][gc,start    ] GC(46) Concurrent weak roots
[2026-04-03T02:37:54.705+0600][59.061s][info][gc,task     ] GC(46) Using 3 of 6 workers for concurrent weak root
[2026-04-03T02:37:54.709+0600][59.066s][info][gc          ] GC(46) Concurrent weak roots 4.375ms
[2026-04-03T02:37:54.709+0600][59.066s][info][gc,start    ] GC(46) Concurrent cleanup
[2026-04-03T02:37:54.710+0600][59.067s][info][gc          ] GC(46) Concurrent cleanup 1078M->336M(1290M) 0.837ms
[2026-04-03T02:37:54.710+0600][59.067s][info][gc,ergo     ] GC(46) Free: 1080M, Max: 512K regular, 218M humongous, Frag: 80% external, 0% internal; Reserve: 76315K, Max: 512K
[2026-04-03T02:37:54.710+0600][59.067s][info][gc,start    ] GC(46) Concurrent class unloading
[2026-04-03T02:37:54.710+0600][59.067s][info][gc,task     ] GC(46) Using 3 of 6 workers for concurrent class unloading
[2026-04-03T02:37:54.730+0600][59.086s][info][gc          ] GC(46) Concurrent class unloading 19.682ms
[2026-04-03T02:37:54.730+0600][59.086s][info][gc,start    ] GC(46) Concurrent strong roots
[2026-04-03T02:37:54.730+0600][59.086s][info][gc,task     ] GC(46) Using 3 of 6 workers for concurrent strong root
[2026-04-03T02:37:54.732+0600][59.088s][info][gc          ] GC(46) Concurrent strong roots 1.688ms
[2026-04-03T02:37:54.732+0600][59.088s][info][gc,start    ] GC(46) Concurrent evacuation
[2026-04-03T02:37:54.732+0600][59.088s][info][gc,task     ] GC(46) Using 3 of 6 workers for concurrent evacuation
[2026-04-03T02:37:54.736+0600][59.092s][info][gc          ] GC(46) Concurrent evacuation 3.897ms
[2026-04-03T02:37:54.737+0600][59.093s][info][gc,start    ] GC(46) Pause Init Update Refs
[2026-04-03T02:37:54.737+0600][59.093s][info][gc,ergo     ] GC(46) Pacer for Update Refs. Used: 357M, Free: 1064M, Non-Taxable: 106M, Alloc Tax Rate: 1.1x
[2026-04-03T02:37:54.737+0600][59.093s][info][gc          ] GC(46) Pause Init Update Refs 0.190ms
[2026-04-03T02:37:54.737+0600][59.093s][info][gc,start    ] GC(46) Concurrent update references
[2026-04-03T02:37:54.737+0600][59.093s][info][gc,task     ] GC(46) Using 3 of 6 workers for concurrent reference update
[2026-04-03T02:37:54.791+0600][59.147s][info][gc          ] GC(46) Concurrent update references 54.144ms
[2026-04-03T02:37:54.791+0600][59.147s][info][gc,start    ] GC(46) Concurrent update thread roots
[2026-04-03T02:37:54.793+0600][59.149s][info][gc          ] GC(46) Concurrent update thread roots 1.994ms
[2026-04-03T02:37:54.793+0600][59.150s][info][gc,start    ] GC(46) Pause Final Update Refs
[2026-04-03T02:37:54.793+0600][59.150s][info][gc,task     ] GC(46) Using 6 of 6 workers for final reference update
[2026-04-03T02:37:54.794+0600][59.150s][info][gc          ] GC(46) Pause Final Update Refs 0.251ms
[2026-04-03T02:37:54.794+0600][59.150s][info][gc,start    ] GC(46) Concurrent cleanup
[2026-04-03T02:37:54.794+0600][59.151s][info][gc          ] GC(46) Concurrent cleanup 401M->201M(1290M) 0.724ms
[2026-04-03T02:37:54.795+0600][59.151s][info][gc,ergo     ] Free: 1210M, Max: 512K regular, 724M humongous, Frag: 41% external, 0% internal; Reserve: 76800K, Max: 512K
[2026-04-03T02:37:54.795+0600][59.151s][info][gc,stats    ] 
[2026-04-03T02:37:54.795+0600][59.151s][info][gc,stats    ] All times are wall-clock times, except per-root-class counters, that are sum over
[2026-04-03T02:37:54.795+0600][59.151s][info][gc,stats    ] all workers. Dividing the <total> over the root stage time estimates parallelism.
[2026-04-03T02:37:54.795+0600][59.151s][info][gc,stats    ] 
[2026-04-03T02:37:54.795+0600][59.151s][info][gc,stats    ] Concurrent Reset                   2616 us
[2026-04-03T02:37:54.795+0600][59.151s][info][gc,stats    ] Pause Init Mark (G)                 618 us
[2026-04-03T02:37:54.795+0600][59.151s][info][gc,stats    ] Pause Init Mark (N)                 270 us
[2026-04-03T02:37:54.795+0600][59.151s][info][gc,stats    ]   Update Region States              135 us
[2026-04-03T02:37:54.795+0600][59.151s][info][gc,stats    ] Concurrent Mark Roots              1675 us, parallelism: 1.91x
[2026-04-03T02:37:54.795+0600][59.151s][info][gc,stats    ]   CMR: <total>                     3199 us
[2026-04-03T02:37:54.795+0600][59.151s][info][gc,stats    ]   CMR: Thread Roots                2901 us, workers (us): 801, 1037, 1063, ---, ---, ---, 
[2026-04-03T02:37:54.795+0600][59.151s][info][gc,stats    ]   CMR: VM Strong Roots               47 us, workers (us):  29,  17,   1, ---, ---, ---, 
[2026-04-03T02:37:54.795+0600][59.151s][info][gc,stats    ]   CMR: CLDG Roots                   251 us, workers (us): 251, ---, ---, ---, ---, ---, 
[2026-04-03T02:37:54.795+0600][59.151s][info][gc,stats    ] Concurrent Marking                64032 us
[2026-04-03T02:37:54.795+0600][59.151s][info][gc,stats    ] Pause Final Mark (G)               1131 us
[2026-04-03T02:37:54.795+0600][59.151s][info][gc,stats    ] Pause Final Mark (N)                829 us
[2026-04-03T02:37:54.795+0600][59.151s][info][gc,stats    ]   Finish Mark                       321 us
[2026-04-03T02:37:54.795+0600][59.151s][info][gc,stats    ]   Update Region States               57 us
[2026-04-03T02:37:54.795+0600][59.151s][info][gc,stats    ]   Choose Collection Set             230 us
[2026-04-03T02:37:54.795+0600][59.151s][info][gc,stats    ]   Rebuild Free Set                   38 us
[2026-04-03T02:37:54.795+0600][59.151s][info][gc,stats    ] Concurrent Thread Roots            1085 us, parallelism: 2.13x
[2026-04-03T02:37:54.795+0600][59.151s][info][gc,stats    ]   CTR: <total>                     2307 us
[2026-04-03T02:37:54.795+0600][59.151s][info][gc,stats    ]   CTR: Thread Roots                2307 us, workers (us): 788, 769, 749, ---, ---, ---, 
[2026-04-03T02:37:54.795+0600][59.151s][info][gc,stats    ] Concurrent Weak References         1164 us, parallelism: 1.32x
[2026-04-03T02:37:54.795+0600][59.151s][info][gc,stats    ]   CWRF: <total>                    1541 us
[2026-04-03T02:37:54.795+0600][59.151s][info][gc,stats    ]   CWRF: Weak References            1541 us, workers (us): 927, 345, 269, ---, ---, ---, 
[2026-04-03T02:37:54.795+0600][59.151s][info][gc,stats    ] Concurrent Weak Roots              4461 us
[2026-04-03T02:37:54.795+0600][59.151s][info][gc,stats    ]   Roots                            3981 us, parallelism: 2.62x
[2026-04-03T02:37:54.795+0600][59.151s][info][gc,stats    ]     CWR: <total>                  10441 us
[2026-04-03T02:37:54.795+0600][59.151s][info][gc,stats    ]     CWR: Code Cache Roots          8047 us, workers (us): 2511, 2837, 2699, ---, ---, ---, 
[2026-04-03T02:37:54.795+0600][59.151s][info][gc,stats    ]     CWR: VM Weak Roots             2229 us, workers (us): 773, 735, 721, ---, ---, ---, 
[2026-04-03T02:37:54.795+0600][59.151s][info][gc,stats    ]     CWR: CLDG Roots                 165 us, workers (us): 165, ---, ---, ---, ---, ---, 
[2026-04-03T02:37:54.795+0600][59.151s][info][gc,stats    ]   Rendezvous                        371 us
[2026-04-03T02:37:54.795+0600][59.151s][info][gc,stats    ] Concurrent Cleanup                  860 us
[2026-04-03T02:37:54.795+0600][59.151s][info][gc,stats    ] Concurrent Class Unloading        19822 us
[2026-04-03T02:37:54.795+0600][59.151s][info][gc,stats    ]   Unlink Stale                    16169 us
[2026-04-03T02:37:54.795+0600][59.151s][info][gc,stats    ]     System Dictionary               298 us
[2026-04-03T02:37:54.795+0600][59.151s][info][gc,stats    ]     Weak Class Links                  0 us
[2026-04-03T02:37:54.795+0600][59.152s][info][gc,stats    ]     Code Roots                    15867 us
[2026-04-03T02:37:54.795+0600][59.152s][info][gc,stats    ]   Rendezvous                        476 us
[2026-04-03T02:37:54.795+0600][59.152s][info][gc,stats    ]   Purge Unlinked                   2998 us
[2026-04-03T02:37:54.795+0600][59.152s][info][gc,stats    ]     Code Roots                     2975 us
[2026-04-03T02:37:54.795+0600][59.152s][info][gc,stats    ]     CLDG                             21 us
[2026-04-03T02:37:54.795+0600][59.152s][info][gc,stats    ]     Exception Caches                  1 us
[2026-04-03T02:37:54.795+0600][59.152s][info][gc,stats    ] Concurrent Strong Roots            1795 us, parallelism: 0.67x
[2026-04-03T02:37:54.795+0600][59.152s][info][gc,stats    ]   CSR: <total>                     1211 us
[2026-04-03T02:37:54.795+0600][59.152s][info][gc,stats    ]   CSR: VM Strong Roots               82 us, workers (us):  37,  30,  16, ---, ---, ---, 
[2026-04-03T02:37:54.795+0600][59.152s][info][gc,stats    ]   CSR: CLDG Roots                  1128 us, workers (us): ---, 1128, ---, ---, ---, ---, 
[2026-04-03T02:37:54.795+0600][59.152s][info][gc,stats    ] Concurrent Evacuation              4012 us
[2026-04-03T02:37:54.795+0600][59.152s][info][gc,stats    ] Pause Init Update Refs (G)          782 us
[2026-04-03T02:37:54.795+0600][59.152s][info][gc,stats    ] Pause Init Update Refs (N)          204 us
[2026-04-03T02:37:54.795+0600][59.152s][info][gc,stats    ]   Manage GCLABs                     114 us
[2026-04-03T02:37:54.795+0600][59.152s][info][gc,stats    ] Concurrent Update Refs            54271 us
[2026-04-03T02:37:54.795+0600][59.152s][info][gc,stats    ] Concurrent Update Thread Roots     2076 us
[2026-04-03T02:37:54.796+0600][59.152s][info][gc,stats    ] Pause Final Update Refs (G)         569 us
[2026-04-03T02:37:54.796+0600][59.152s][info][gc,stats    ] Pause Final Update Refs (N)         271 us
[2026-04-03T02:37:54.796+0600][59.152s][info][gc,stats    ]   Update Region States               60 us
[2026-04-03T02:37:54.796+0600][59.152s][info][gc,stats    ]   Trash Collection Set               21 us
[2026-04-03T02:37:54.796+0600][59.152s][info][gc,stats    ]   Rebuild Free Set                   48 us
[2026-04-03T02:37:54.796+0600][59.152s][info][gc,stats    ] Concurrent Cleanup                  772 us
[2026-04-03T02:37:54.796+0600][59.152s][info][gc,stats    ] Pacing                            42448 us
[2026-04-03T02:37:54.796+0600][59.152s][info][gc,stats    ] 
[2026-04-03T02:37:54.796+0600][59.152s][info][gc,stats    ] Allocation pacing accrued:
[2026-04-03T02:37:54.796+0600][59.152s][info][gc,stats    ]      11 of  1073 ms (  1.1%): Executor task launch worker for task 7.0 in stage 2087.0 (TID 4030)
[2026-04-03T02:37:54.796+0600][59.152s][info][gc,stats    ]      16 of  1073 ms (  1.5%): Executor task launch worker for task 2.0 in stage 2087.0 (TID 4025)
[2026-04-03T02:37:54.796+0600][59.152s][info][gc,stats    ]      11 of  1073 ms (  1.0%): Executor task launch worker for task 4.0 in stage 2087.0 (TID 4027)
[2026-04-03T02:37:54.796+0600][59.152s][info][gc,stats    ]       4 of  1073 ms (  0.4%): task-result-getter-0
[2026-04-03T02:37:54.796+0600][59.152s][info][gc,stats    ]      42 of  1073 ms (  4.0%): <total>
[2026-04-03T02:37:54.796+0600][59.152s][info][gc,stats    ]       0 of  1073 ms (  0.0%): <average total>
[2026-04-03T02:37:54.796+0600][59.152s][info][gc,stats    ]      11 of  1073 ms (  1.0%): <average non-zero>
[2026-04-03T02:37:54.796+0600][59.152s][info][gc,stats    ] 
[2026-04-03T02:37:54.796+0600][59.152s][info][gc,metaspace] Metaspace: 131563K(132992K)->131563K(132992K) NonClass: 114992K(115712K)->114992K(115712K) Class: 16570K(17280K)->16570K(17280K)
[2026-04-03T02:37:54.796+0600][59.152s][info][gc,ergo     ] Pacer for Idle. Initial: 30720K, Alloc Tax Rate: 1.0x
[2026-04-03T02:37:55.654+0600][60.010s][info][gc          ] Trigger: Average GC time (185.39 ms) is above the time for average allocation rate (1215 MB/s) to deplete free headroom (224M) (margin of error = 1.85)
[2026-04-03T02:37:55.654+0600][60.010s][info][gc,ergo     ] Free headroom: 299M (free) - 76800K (spike) - 0B (penalties) = 224M
[2026-04-03T02:37:55.654+0600][60.011s][info][gc,ergo     ] Free: 299M, Max: 512K regular, 292M humongous, Frag: 2% external, 1% internal; Reserve: 76800K, Max: 512K
[2026-04-03T02:37:55.654+0600][60.011s][info][gc,start    ] GC(47) Concurrent reset
[2026-04-03T02:37:55.654+0600][60.011s][info][gc,task     ] GC(47) Using 3 of 6 workers for concurrent reset
[2026-04-03T02:37:55.654+0600][60.011s][info][gc,ergo     ] GC(47) Pacer for Reset. Non-Taxable: 1500M
[2026-04-03T02:37:55.656+0600][60.012s][info][gc          ] GC(47) Concurrent reset 1.375ms
[2026-04-03T02:37:55.656+0600][60.012s][info][gc,start    ] GC(47) Pause Init Mark (unload classes)
[2026-04-03T02:37:55.656+0600][60.012s][info][gc,task     ] GC(47) Using 6 of 6 workers for init marking
[2026-04-03T02:37:55.656+0600][60.012s][info][gc,ergo     ] GC(47) Pacer for Mark. Expected Live: 93550K, Free: 299M, Non-Taxable: 30656K, Alloc Tax Rate: 0.4x
[2026-04-03T02:37:55.656+0600][60.012s][info][gc          ] GC(47) Pause Init Mark (unload classes) 0.116ms
[2026-04-03T02:37:55.656+0600][60.012s][info][gc,start    ] GC(47) Concurrent marking roots
[2026-04-03T02:37:55.656+0600][60.012s][info][gc,task     ] GC(47) Using 3 of 6 workers for concurrent marking roots
[2026-04-03T02:37:55.657+0600][60.013s][info][gc          ] GC(47) Concurrent marking roots 1.105ms
[2026-04-03T02:37:55.657+0600][60.013s][info][gc,start    ] GC(47) Concurrent marking (unload classes)
[2026-04-03T02:37:55.657+0600][60.013s][info][gc,task     ] GC(47) Using 3 of 6 workers for concurrent marking
[2026-04-03T02:37:55.716+0600][60.072s][info][gc          ] GC(47) Concurrent marking (unload classes) 58.998ms
[2026-04-03T02:37:55.718+0600][60.074s][info][gc,start    ] GC(47) Pause Final Mark (unload classes)
[2026-04-03T02:37:55.718+0600][60.074s][info][gc,task     ] GC(47) Using 6 of 6 workers for final marking
[2026-04-03T02:37:55.718+0600][60.074s][info][gc,ergo     ] GC(47) Adaptive CSet Selection. Target Free: 212M, Actual Free: 1036M, Max CSet: 64000K, Min Garbage: 0B
[2026-04-03T02:37:55.718+0600][60.074s][info][gc,ergo     ] GC(47) Collectable Garbage: 940M (99%), Immediate: 739M (77%), CSet: 200M (21%)
[2026-04-03T02:37:55.718+0600][60.075s][info][gc,ergo     ] GC(47) Pacer for Evacuation. Used CSet: 207M, Free: 1046M, Non-Taxable: 104M, Alloc Tax Rate: 1.1x
[2026-04-03T02:37:55.718+0600][60.075s][info][gc          ] GC(47) Pause Final Mark (unload classes) 0.779ms
[2026-04-03T02:37:55.718+0600][60.075s][info][gc,start    ] GC(47) Concurrent thread roots
[2026-04-03T02:37:55.718+0600][60.075s][info][gc,task     ] GC(47) Using 3 of 6 workers for Concurrent thread roots
[2026-04-03T02:37:55.720+0600][60.076s][info][gc          ] GC(47) Concurrent thread roots 1.262ms
[2026-04-03T02:37:55.720+0600][60.076s][info][gc,start    ] GC(47) Concurrent weak references
[2026-04-03T02:37:55.720+0600][60.076s][info][gc,task     ] GC(47) Using 3 of 6 workers for concurrent weak references
[2026-04-03T02:37:55.721+0600][60.077s][info][gc,ref      ] GC(47) Encountered references: Soft: 3784, Weak: 16659, Final: 84, Phantom: 620
[2026-04-03T02:37:55.721+0600][60.077s][info][gc,ref      ] GC(47) Discovered  references: Soft: 0, Weak: 10479, Final: 52, Phantom: 616
[2026-04-03T02:37:55.721+0600][60.077s][info][gc,ref      ] GC(47) Enqueued    references: Soft: 0, Weak: 2278, Final: 0, Phantom: 0
[2026-04-03T02:37:55.721+0600][60.077s][info][gc          ] GC(47) Concurrent weak references 1.262ms
[2026-04-03T02:37:55.721+0600][60.077s][info][gc,start    ] GC(47) Concurrent weak roots
[2026-04-03T02:37:55.721+0600][60.077s][info][gc,task     ] GC(47) Using 3 of 6 workers for concurrent weak root
[2026-04-03T02:37:55.733+0600][60.089s][info][gc          ] GC(47) Concurrent weak roots 11.573ms
[2026-04-03T02:37:55.733+0600][60.089s][info][gc,start    ] GC(47) Concurrent cleanup
[2026-04-03T02:37:55.733+0600][60.090s][info][gc          ] GC(47) Concurrent cleanup 1198M->458M(1314M) 0.701ms
[2026-04-03T02:37:55.734+0600][60.090s][info][gc,ergo     ] GC(47) Free: 947M, Max: 512K regular, 123M humongous, Frag: 87% external, 0% internal; Reserve: 76215K, Max: 512K
[2026-04-03T02:37:55.734+0600][60.090s][info][gc,start    ] GC(47) Concurrent class unloading
[2026-04-03T02:37:55.734+0600][60.090s][info][gc,task     ] GC(47) Using 3 of 6 workers for concurrent class unloading
[2026-04-03T02:37:55.748+0600][60.104s][info][gc          ] GC(47) Concurrent class unloading 14.216ms
[2026-04-03T02:37:55.748+0600][60.104s][info][gc,start    ] GC(47) Concurrent strong roots
[2026-04-03T02:37:55.748+0600][60.104s][info][gc,task     ] GC(47) Using 3 of 6 workers for concurrent strong root
[2026-04-03T02:37:55.749+0600][60.105s][info][gc          ] GC(47) Concurrent strong roots 1.146ms
[2026-04-03T02:37:55.749+0600][60.105s][info][gc,start    ] GC(47) Concurrent evacuation
[2026-04-03T02:37:55.749+0600][60.105s][info][gc,task     ] GC(47) Using 3 of 6 workers for concurrent evacuation
[2026-04-03T02:37:55.752+0600][60.108s][info][gc          ] GC(47) Concurrent evacuation 2.675ms
[2026-04-03T02:37:55.752+0600][60.108s][info][gc,start    ] GC(47) Pause Init Update Refs
[2026-04-03T02:37:55.752+0600][60.108s][info][gc,ergo     ] GC(47) Pacer for Update Refs. Used: 475M, Free: 937M, Non-Taxable: 95949K, Alloc Tax Rate: 1.1x
[2026-04-03T02:37:55.752+0600][60.108s][info][gc          ] GC(47) Pause Init Update Refs 0.151ms
[2026-04-03T02:37:55.752+0600][60.108s][info][gc,start    ] GC(47) Concurrent update references
[2026-04-03T02:37:55.752+0600][60.109s][info][gc,task     ] GC(47) Using 3 of 6 workers for concurrent reference update
[2026-04-03T02:37:55.799+0600][60.155s][info][gc          ] GC(47) Concurrent update references 46.694ms
[2026-04-03T02:37:55.799+0600][60.155s][info][gc,start    ] GC(47) Concurrent update thread roots
[2026-04-03T02:37:55.801+0600][60.157s][info][gc          ] GC(47) Concurrent update thread roots 1.953ms
[2026-04-03T02:37:55.801+0600][60.158s][info][gc,start    ] GC(47) Pause Final Update Refs
[2026-04-03T02:37:55.801+0600][60.158s][info][gc,task     ] GC(47) Using 6 of 6 workers for final reference update
[2026-04-03T02:37:55.802+0600][60.158s][info][gc          ] GC(47) Pause Final Update Refs 0.214ms
[2026-04-03T02:37:55.802+0600][60.158s][info][gc,start    ] GC(47) Concurrent cleanup
[2026-04-03T02:37:55.802+0600][60.158s][info][gc          ] GC(47) Concurrent cleanup 637M->432M(1314M) 0.297ms
[2026-04-03T02:37:55.802+0600][60.158s][info][gc,ergo     ] Free: 953M, Max: 512K regular, 625M humongous, Frag: 35% external, 0% internal; Reserve: 76800K, Max: 512K
[2026-04-03T02:37:55.802+0600][60.158s][info][gc,stats    ] 
[2026-04-03T02:37:55.802+0600][60.158s][info][gc,stats    ] All times are wall-clock times, except per-root-class counters, that are sum over
[2026-04-03T02:37:55.802+0600][60.158s][info][gc,stats    ] all workers. Dividing the <total> over the root stage time estimates parallelism.
[2026-04-03T02:37:55.802+0600][60.158s][info][gc,stats    ] 
[2026-04-03T02:37:55.802+0600][60.158s][info][gc,stats    ] Concurrent Reset                   1448 us
[2026-04-03T02:37:55.802+0600][60.158s][info][gc,stats    ] Pause Init Mark (G)                 355 us
[2026-04-03T02:37:55.802+0600][60.158s][info][gc,stats    ] Pause Init Mark (N)                 125 us
[2026-04-03T02:37:55.802+0600][60.158s][info][gc,stats    ]   Update Region States               22 us
[2026-04-03T02:37:55.802+0600][60.158s][info][gc,stats    ] Concurrent Mark Roots              1144 us, parallelism: 1.62x
[2026-04-03T02:37:55.802+0600][60.159s][info][gc,stats    ]   CMR: <total>                     1858 us
[2026-04-03T02:37:55.802+0600][60.159s][info][gc,stats    ]   CMR: Thread Roots                1511 us, workers (us): 318, 625, 569, ---, ---, ---, 
[2026-04-03T02:37:55.802+0600][60.159s][info][gc,stats    ]   CMR: VM Strong Roots               37 us, workers (us):  36,   0,   1, ---, ---, ---, 
[2026-04-03T02:37:55.802+0600][60.159s][info][gc,stats    ]   CMR: CLDG Roots                   309 us, workers (us): 309, ---, ---, ---, ---, ---, 
[2026-04-03T02:37:55.802+0600][60.159s][info][gc,stats    ] Concurrent Marking                59064 us
[2026-04-03T02:37:55.802+0600][60.159s][info][gc,stats    ] Pause Final Mark (G)               2119 us
[2026-04-03T02:37:55.802+0600][60.159s][info][gc,stats    ] Pause Final Mark (N)                794 us
[2026-04-03T02:37:55.802+0600][60.159s][info][gc,stats    ]   Finish Mark                       314 us
[2026-04-03T02:37:55.802+0600][60.159s][info][gc,stats    ]   Update Region States               65 us
[2026-04-03T02:37:55.802+0600][60.159s][info][gc,stats    ]   Choose Collection Set             227 us
[2026-04-03T02:37:55.802+0600][60.159s][info][gc,stats    ]   Rebuild Free Set                   38 us
[2026-04-03T02:37:55.802+0600][60.159s][info][gc,stats    ] Concurrent Thread Roots            1327 us, parallelism: 2.37x
[2026-04-03T02:37:55.802+0600][60.159s][info][gc,stats    ]   CTR: <total>                     3140 us
[2026-04-03T02:37:55.802+0600][60.159s][info][gc,stats    ]   CTR: Thread Roots                3140 us, workers (us): 1046, 1072, 1022, ---, ---, ---, 
[2026-04-03T02:37:55.802+0600][60.159s][info][gc,stats    ] Concurrent Weak References         1277 us, parallelism: 1.35x
[2026-04-03T02:37:55.803+0600][60.159s][info][gc,stats    ]   CWRF: <total>                    1729 us
[2026-04-03T02:37:55.803+0600][60.159s][info][gc,stats    ]   CWRF: Weak References            1729 us, workers (us): 1054, 673,   2, ---, ---, ---, 
[2026-04-03T02:37:55.803+0600][60.159s][info][gc,stats    ] Concurrent Weak Roots             11690 us
[2026-04-03T02:37:55.803+0600][60.159s][info][gc,stats    ]   Roots                            5794 us, parallelism: 2.77x
[2026-04-03T02:37:55.803+0600][60.159s][info][gc,stats    ]     CWR: <total>                  16040 us
[2026-04-03T02:37:55.803+0600][60.159s][info][gc,stats    ]     CWR: Code Cache Roots         12942 us, workers (us): 4442, 4199, 4300, ---, ---, ---, 
[2026-04-03T02:37:55.803+0600][60.159s][info][gc,stats    ]     CWR: VM Weak Roots             2888 us, workers (us): 960, 958, 971, ---, ---, ---, 
[2026-04-03T02:37:55.803+0600][60.159s][info][gc,stats    ]     CWR: CLDG Roots                 210 us, workers (us): ---, 210, ---, ---, ---, ---, 
[2026-04-03T02:37:55.803+0600][60.159s][info][gc,stats    ]   Rendezvous                       5741 us
[2026-04-03T02:37:55.803+0600][60.159s][info][gc,stats    ] Concurrent Cleanup                  758 us
[2026-04-03T02:37:55.803+0600][60.159s][info][gc,stats    ] Concurrent Class Unloading        14289 us
[2026-04-03T02:37:55.803+0600][60.159s][info][gc,stats    ]   Unlink Stale                    12181 us
[2026-04-03T02:37:55.803+0600][60.159s][info][gc,stats    ]     System Dictionary               344 us
[2026-04-03T02:37:55.803+0600][60.159s][info][gc,stats    ]     Weak Class Links                  0 us
[2026-04-03T02:37:55.803+0600][60.159s][info][gc,stats    ]     Code Roots                    11832 us
[2026-04-03T02:37:55.803+0600][60.159s][info][gc,stats    ]   Rendezvous                        513 us
[2026-04-03T02:37:55.803+0600][60.159s][info][gc,stats    ]   Purge Unlinked                   1481 us
[2026-04-03T02:37:55.803+0600][60.159s][info][gc,stats    ]     Code Roots                     1468 us
[2026-04-03T02:37:55.803+0600][60.159s][info][gc,stats    ]     CLDG                             12 us
[2026-04-03T02:37:55.803+0600][60.159s][info][gc,stats    ]     Exception Caches                  0 us
[2026-04-03T02:37:55.803+0600][60.159s][info][gc,stats    ] Concurrent Strong Roots            1193 us, parallelism: 0.62x
[2026-04-03T02:37:55.803+0600][60.159s][info][gc,stats    ]   CSR: <total>                      745 us
[2026-04-03T02:37:55.803+0600][60.159s][info][gc,stats    ]   CSR: VM Strong Roots               53 us, workers (us):  24,  14,  15, ---, ---, ---, 
[2026-04-03T02:37:55.803+0600][60.159s][info][gc,stats    ]   CSR: CLDG Roots                   692 us, workers (us): 692, ---, ---, ---, ---, ---, 
[2026-04-03T02:37:55.803+0600][60.159s][info][gc,stats    ] Concurrent Evacuation              2751 us
[2026-04-03T02:37:55.803+0600][60.159s][info][gc,stats    ] Pause Init Update Refs (G)          440 us
[2026-04-03T02:37:55.803+0600][60.159s][info][gc,stats    ] Pause Init Update Refs (N)          161 us
[2026-04-03T02:37:55.803+0600][60.159s][info][gc,stats    ]   Manage GCLABs                      41 us
[2026-04-03T02:37:55.803+0600][60.159s][info][gc,stats    ] Concurrent Update Refs            46810 us
[2026-04-03T02:37:55.803+0600][60.159s][info][gc,stats    ] Concurrent Update Thread Roots     2032 us
[2026-04-03T02:37:55.803+0600][60.159s][info][gc,stats    ] Pause Final Update Refs (G)         619 us
[2026-04-03T02:37:55.803+0600][60.159s][info][gc,stats    ] Pause Final Update Refs (N)         234 us
[2026-04-03T02:37:55.803+0600][60.159s][info][gc,stats    ]   Update Region States               71 us
[2026-04-03T02:37:55.803+0600][60.159s][info][gc,stats    ]   Trash Collection Set               24 us
[2026-04-03T02:37:55.803+0600][60.159s][info][gc,stats    ]   Rebuild Free Set                   50 us
[2026-04-03T02:37:55.803+0600][60.159s][info][gc,stats    ] Concurrent Cleanup                  325 us
[2026-04-03T02:37:55.803+0600][60.159s][info][gc,stats    ] Pacing                           191736 us
[2026-04-03T02:37:55.803+0600][60.159s][info][gc,stats    ] 
[2026-04-03T02:37:55.803+0600][60.159s][info][gc,stats    ] Allocation pacing accrued:
[2026-04-03T02:37:55.803+0600][60.159s][info][gc,stats    ]      21 of  1007 ms (  2.1%): dispatcher-BlockManagerMaster
[2026-04-03T02:37:55.803+0600][60.159s][info][gc,stats    ]      31 of  1007 ms (  3.1%): Executor task launch worker for task 0.0 in stage 2211.0 (TID 4153)
[2026-04-03T02:37:55.803+0600][60.159s][info][gc,stats    ]      31 of  1007 ms (  3.1%): Executor task launch worker for task 3.0 in stage 2211.0 (TID 4156)
[2026-04-03T02:37:55.803+0600][60.159s][info][gc,stats    ]      32 of  1007 ms (  3.2%): Executor task launch worker for task 2.0 in stage 2211.0 (TID 4155)
[2026-04-03T02:37:55.803+0600][60.159s][info][gc,stats    ]      32 of  1007 ms (  3.2%): Executor task launch worker for task 1.0 in stage 2211.0 (TID 4154)
[2026-04-03T02:37:55.803+0600][60.159s][info][gc,stats    ]      21 of  1007 ms (  2.1%): block-manager-storage-async-thread-pool-17
[2026-04-03T02:37:55.803+0600][60.159s][info][gc,stats    ]      21 of  1007 ms (  2.1%): block-manager-storage-async-thread-pool-34
[2026-04-03T02:37:55.803+0600][60.159s][info][gc,stats    ]     192 of  1007 ms ( 19.0%): <total>
[2026-04-03T02:37:55.803+0600][60.159s][info][gc,stats    ]       1 of  1007 ms (  0.1%): <average total>
[2026-04-03T02:37:55.803+0600][60.159s][info][gc,stats    ]      27 of  1007 ms (  2.7%): <average non-zero>
[2026-04-03T02:37:55.803+0600][60.159s][info][gc,stats    ] 
[2026-04-03T02:37:55.803+0600][60.159s][info][gc,metaspace] Metaspace: 131577K(132992K)->131582K(132992K) NonClass: 115006K(115712K)->115010K(115712K) Class: 16571K(17280K)->16571K(17280K)
[2026-04-03T02:37:55.803+0600][60.159s][info][gc,ergo     ] Pacer for Idle. Initial: 30720K, Alloc Tax Rate: 1.0x
[2026-04-03T02:37:55.905+0600][60.261s][info][gc          ] Trigger: Average GC time (174.09 ms) is above the time for average allocation rate (3058 MB/s) to deplete free headroom (454M) (margin of error = 1.87)
[2026-04-03T02:37:55.905+0600][60.261s][info][gc,ergo     ] Free headroom: 529M (free) - 76800K (spike) - 0B (penalties) = 454M
[2026-04-03T02:37:55.905+0600][60.261s][info][gc,ergo     ] Free: 529M, Max: 512K regular, 357M humongous, Frag: 33% external, 0% internal; Reserve: 76800K, Max: 512K
[2026-04-03T02:37:55.905+0600][60.261s][info][gc,start    ] GC(48) Concurrent reset
[2026-04-03T02:37:55.905+0600][60.261s][info][gc,task     ] GC(48) Using 3 of 6 workers for concurrent reset
[2026-04-03T02:37:55.905+0600][60.261s][info][gc,ergo     ] GC(48) Pacer for Reset. Non-Taxable: 1500M
[2026-04-03T02:37:55.906+0600][60.262s][info][gc          ] GC(48) Concurrent reset 1.174ms
[2026-04-03T02:37:55.906+0600][60.263s][info][gc,start    ] GC(48) Pause Init Mark (unload classes)
[2026-04-03T02:37:55.906+0600][60.263s][info][gc,task     ] GC(48) Using 6 of 6 workers for init marking
[2026-04-03T02:37:55.906+0600][60.263s][info][gc,ergo     ] GC(48) Pacer for Mark. Expected Live: 93070K, Free: 529M, Non-Taxable: 54174K, Alloc Tax Rate: 0.2x
[2026-04-03T02:37:55.906+0600][60.263s][info][gc          ] GC(48) Pause Init Mark (unload classes) 0.131ms
[2026-04-03T02:37:55.907+0600][60.263s][info][gc,start    ] GC(48) Concurrent marking roots
[2026-04-03T02:37:55.907+0600][60.263s][info][gc,task     ] GC(48) Using 3 of 6 workers for concurrent marking roots
[2026-04-03T02:37:55.908+0600][60.264s][info][gc          ] GC(48) Concurrent marking roots 1.194ms
[2026-04-03T02:37:55.908+0600][60.264s][info][gc,start    ] GC(48) Concurrent marking (unload classes)
[2026-04-03T02:37:55.908+0600][60.264s][info][gc,task     ] GC(48) Using 3 of 6 workers for concurrent marking
[2026-04-03T02:37:55.953+0600][60.309s][info][gc          ] GC(48) Concurrent marking (unload classes) 45.379ms
[2026-04-03T02:37:55.953+0600][60.310s][info][gc,start    ] GC(48) Pause Final Mark (unload classes)
[2026-04-03T02:37:55.953+0600][60.310s][info][gc,task     ] GC(48) Using 6 of 6 workers for final marking
[2026-04-03T02:37:55.954+0600][60.310s][info][gc,ergo     ] GC(48) Adaptive CSet Selection. Target Free: 212M, Actual Free: 1193M, Max CSet: 64000K, Min Garbage: 0B
[2026-04-03T02:37:55.954+0600][60.310s][info][gc,ergo     ] GC(48) Collectable Garbage: 717M (98%), Immediate: 632M (87%), CSet: 86885K (11%)
[2026-04-03T02:37:55.954+0600][60.310s][info][gc,ergo     ] GC(48) Pacer for Evacuation. Used CSet: 91596K, Free: 1201M, Non-Taxable: 120M, Alloc Tax Rate: 1.1x
[2026-04-03T02:37:55.954+0600][60.310s][info][gc          ] GC(48) Pause Final Mark (unload classes) 0.736ms
[2026-04-03T02:37:55.954+0600][60.310s][info][gc,start    ] GC(48) Concurrent thread roots
[2026-04-03T02:37:55.954+0600][60.310s][info][gc,task     ] GC(48) Using 3 of 6 workers for Concurrent thread roots
[2026-04-03T02:37:55.955+0600][60.312s][info][gc          ] GC(48) Concurrent thread roots 1.183ms
[2026-04-03T02:37:55.956+0600][60.312s][info][gc,start    ] GC(48) Concurrent weak references
[2026-04-03T02:37:55.956+0600][60.312s][info][gc,task     ] GC(48) Using 3 of 6 workers for concurrent weak references
[2026-04-03T02:37:55.956+0600][60.313s][info][gc,ref      ] GC(48) Encountered references: Soft: 3784, Weak: 14762, Final: 84, Phantom: 620
[2026-04-03T02:37:55.956+0600][60.313s][info][gc,ref      ] GC(48) Discovered  references: Soft: 0, Weak: 6669, Final: 0, Phantom: 363
[2026-04-03T02:37:55.956+0600][60.313s][info][gc,ref      ] GC(48) Enqueued    references: Soft: 0, Weak: 391, Final: 0, Phantom: 0
[2026-04-03T02:37:55.956+0600][60.313s][info][gc          ] GC(48) Concurrent weak references 0.933ms
[2026-04-03T02:37:55.956+0600][60.313s][info][gc,start    ] GC(48) Concurrent weak roots
[2026-04-03T02:37:55.956+0600][60.313s][info][gc,task     ] GC(48) Using 3 of 6 workers for concurrent weak root
[2026-04-03T02:37:55.961+0600][60.318s][info][gc          ] GC(48) Concurrent weak roots 4.994ms
[2026-04-03T02:37:55.962+0600][60.318s][info][gc,start    ] GC(48) Concurrent cleanup
[2026-04-03T02:37:55.962+0600][60.319s][info][gc          ] GC(48) Concurrent cleanup 853M->220M(1314M) 0.905ms
[2026-04-03T02:37:55.963+0600][60.319s][info][gc,ergo     ] GC(48) Free: 1198M, Max: 512K regular, 312M humongous, Frag: 74% external, 0% internal; Reserve: 76382K, Max: 512K
[2026-04-03T02:37:55.963+0600][60.319s][info][gc,start    ] GC(48) Concurrent class unloading
[2026-04-03T02:37:55.963+0600][60.319s][info][gc,task     ] GC(48) Using 3 of 6 workers for concurrent class unloading
[2026-04-03T02:37:55.979+0600][60.336s][info][gc          ] GC(48) Concurrent class unloading 16.720ms
[2026-04-03T02:37:55.979+0600][60.336s][info][gc,start    ] GC(48) Concurrent strong roots
[2026-04-03T02:37:55.979+0600][60.336s][info][gc,task     ] GC(48) Using 3 of 6 workers for concurrent strong root
[2026-04-03T02:37:55.981+0600][60.337s][info][gc          ] GC(48) Concurrent strong roots 1.471ms
[2026-04-03T02:37:55.981+0600][60.337s][info][gc,start    ] GC(48) Concurrent evacuation
[2026-04-03T02:37:55.981+0600][60.337s][info][gc,task     ] GC(48) Using 3 of 6 workers for concurrent evacuation
[2026-04-03T02:37:55.984+0600][60.340s][info][gc          ] GC(48) Concurrent evacuation 2.912ms
[2026-04-03T02:37:55.984+0600][60.340s][info][gc,start    ] GC(48) Pause Init Update Refs
[2026-04-03T02:37:55.984+0600][60.341s][info][gc,ergo     ] GC(48) Pacer for Update Refs. Used: 238M, Free: 1184M, Non-Taxable: 118M, Alloc Tax Rate: 1.1x
[2026-04-03T02:37:55.984+0600][60.341s][info][gc          ] GC(48) Pause Init Update Refs 0.087ms
[2026-04-03T02:37:55.984+0600][60.341s][info][gc,start    ] GC(48) Concurrent update references
[2026-04-03T02:37:55.984+0600][60.341s][info][gc,task     ] GC(48) Using 3 of 6 workers for concurrent reference update
[2026-04-03T02:37:56.029+0600][60.385s][info][gc          ] GC(48) Concurrent update references 44.224ms
[2026-04-03T02:37:56.029+0600][60.385s][info][gc,start    ] GC(48) Concurrent update thread roots
[2026-04-03T02:37:56.030+0600][60.386s][info][gc          ] GC(48) Concurrent update thread roots 1.081ms
[2026-04-03T02:37:56.030+0600][60.386s][info][gc,start    ] GC(48) Pause Final Update Refs
[2026-04-03T02:37:56.030+0600][60.386s][info][gc,task     ] GC(48) Using 6 of 6 workers for final reference update
[2026-04-03T02:37:56.030+0600][60.386s][info][gc          ] GC(48) Pause Final Update Refs 0.149ms
[2026-04-03T02:37:56.030+0600][60.387s][info][gc,start    ] GC(48) Concurrent cleanup
[2026-04-03T02:37:56.031+0600][60.387s][info][gc          ] GC(48) Concurrent cleanup 256M->167M(1314M) 0.529ms
[2026-04-03T02:37:56.031+0600][60.387s][info][gc,ergo     ] Free: 1246M, Max: 512K regular, 662M humongous, Frag: 47% external, 0% internal; Reserve: 76800K, Max: 512K
[2026-04-03T02:37:56.031+0600][60.387s][info][gc,stats    ] 
[2026-04-03T02:37:56.031+0600][60.387s][info][gc,stats    ] All times are wall-clock times, except per-root-class counters, that are sum over
[2026-04-03T02:37:56.031+0600][60.387s][info][gc,stats    ] all workers. Dividing the <total> over the root stage time estimates parallelism.
[2026-04-03T02:37:56.031+0600][60.387s][info][gc,stats    ] 
[2026-04-03T02:37:56.031+0600][60.387s][info][gc,stats    ] Concurrent Reset                   1216 us
[2026-04-03T02:37:56.031+0600][60.387s][info][gc,stats    ] Pause Init Mark (G)                 546 us
[2026-04-03T02:37:56.031+0600][60.387s][info][gc,stats    ] Pause Init Mark (N)                 141 us
[2026-04-03T02:37:56.031+0600][60.387s][info][gc,stats    ]   Update Region States               31 us
[2026-04-03T02:37:56.031+0600][60.387s][info][gc,stats    ] Concurrent Mark Roots              1231 us, parallelism: 1.68x
[2026-04-03T02:37:56.031+0600][60.387s][info][gc,stats    ]   CMR: <total>                     2065 us
[2026-04-03T02:37:56.031+0600][60.387s][info][gc,stats    ]   CMR: Thread Roots                1758 us, workers (us): 424, 678, 656, ---, ---, ---, 
[2026-04-03T02:37:56.031+0600][60.387s][info][gc,stats    ]   CMR: VM Strong Roots               40 us, workers (us):  38,   1,   1, ---, ---, ---, 
[2026-04-03T02:37:56.031+0600][60.387s][info][gc,stats    ]   CMR: CLDG Roots                   267 us, workers (us): 267, ---, ---, ---, ---, ---, 
[2026-04-03T02:37:56.031+0600][60.387s][info][gc,stats    ] Concurrent Marking                45454 us
[2026-04-03T02:37:56.031+0600][60.387s][info][gc,stats    ] Pause Final Mark (G)                933 us
[2026-04-03T02:37:56.031+0600][60.387s][info][gc,stats    ] Pause Final Mark (N)                748 us
[2026-04-03T02:37:56.031+0600][60.387s][info][gc,stats    ]   Finish Mark                       316 us
[2026-04-03T02:37:56.031+0600][60.387s][info][gc,stats    ]   Update Region States               59 us
[2026-04-03T02:37:56.031+0600][60.387s][info][gc,stats    ]   Choose Collection Set             190 us
[2026-04-03T02:37:56.031+0600][60.387s][info][gc,stats    ]   Rebuild Free Set                   43 us
[2026-04-03T02:37:56.031+0600][60.387s][info][gc,stats    ] Concurrent Thread Roots            1276 us, parallelism: 2.46x
[2026-04-03T02:37:56.031+0600][60.387s][info][gc,stats    ]   CTR: <total>                     3138 us
[2026-04-03T02:37:56.031+0600][60.387s][info][gc,stats    ]   CTR: Thread Roots                3138 us, workers (us): 1079, 1040, 1020, ---, ---, ---, 
[2026-04-03T02:37:56.031+0600][60.387s][info][gc,stats    ] Concurrent Weak References          949 us, parallelism: 1.18x
[2026-04-03T02:37:56.031+0600][60.387s][info][gc,stats    ]   CWRF: <total>                    1115 us
[2026-04-03T02:37:56.031+0600][60.387s][info][gc,stats    ]   CWRF: Weak References            1115 us, workers (us): 749, 346,  20, ---, ---, ---, 
[2026-04-03T02:37:56.031+0600][60.387s][info][gc,stats    ] Concurrent Weak Roots              5096 us
[2026-04-03T02:37:56.031+0600][60.387s][info][gc,stats    ]   Roots                            4556 us, parallelism: 2.59x
[2026-04-03T02:37:56.031+0600][60.387s][info][gc,stats    ]     CWR: <total>                  11783 us
[2026-04-03T02:37:56.031+0600][60.387s][info][gc,stats    ]     CWR: Code Cache Roots          9117 us, workers (us): 3131, 3084, 2902, ---, ---, ---, 
[2026-04-03T02:37:56.031+0600][60.387s][info][gc,stats    ]     CWR: VM Weak Roots             2531 us, workers (us): 855, 841, 835, ---, ---, ---, 
[2026-04-03T02:37:56.031+0600][60.387s][info][gc,stats    ]     CWR: CLDG Roots                 135 us, workers (us): ---, ---, 135, ---, ---, ---, 
[2026-04-03T02:37:56.031+0600][60.387s][info][gc,stats    ]   Rendezvous                        403 us
[2026-04-03T02:37:56.031+0600][60.387s][info][gc,stats    ] Concurrent Cleanup                  996 us
[2026-04-03T02:37:56.031+0600][60.387s][info][gc,stats    ] Concurrent Class Unloading        16845 us
[2026-04-03T02:37:56.031+0600][60.387s][info][gc,stats    ]   Unlink Stale                    14990 us
[2026-04-03T02:37:56.031+0600][60.387s][info][gc,stats    ]     System Dictionary               282 us
[2026-04-03T02:37:56.031+0600][60.387s][info][gc,stats    ]     Weak Class Links                  1 us
[2026-04-03T02:37:56.031+0600][60.387s][info][gc,stats    ]     Code Roots                    14703 us
[2026-04-03T02:37:56.031+0600][60.387s][info][gc,stats    ]   Rendezvous                        425 us
[2026-04-03T02:37:56.031+0600][60.387s][info][gc,stats    ]   Purge Unlinked                   1270 us
[2026-04-03T02:37:56.031+0600][60.387s][info][gc,stats    ]     Code Roots                     1250 us
[2026-04-03T02:37:56.031+0600][60.387s][info][gc,stats    ]     CLDG                             19 us
[2026-04-03T02:37:56.031+0600][60.388s][info][gc,stats    ]     Exception Caches                  1 us
[2026-04-03T02:37:56.031+0600][60.388s][info][gc,stats    ] Concurrent Strong Roots            1533 us, parallelism: 0.65x
[2026-04-03T02:37:56.031+0600][60.388s][info][gc,stats    ]   CSR: <total>                     1003 us
[2026-04-03T02:37:56.031+0600][60.388s][info][gc,stats    ]   CSR: VM Strong Roots               81 us, workers (us):  38,  33,  11, ---, ---, ---, 
[2026-04-03T02:37:56.031+0600][60.388s][info][gc,stats    ]   CSR: CLDG Roots                   921 us, workers (us): ---, ---, 921, ---, ---, ---, 
[2026-04-03T02:37:56.031+0600][60.388s][info][gc,stats    ] Concurrent Evacuation              2973 us
[2026-04-03T02:37:56.031+0600][60.388s][info][gc,stats    ] Pause Init Update Refs (G)          412 us
[2026-04-03T02:37:56.031+0600][60.388s][info][gc,stats    ] Pause Init Update Refs (N)          102 us
[2026-04-03T02:37:56.031+0600][60.388s][info][gc,stats    ]   Manage GCLABs                      33 us
[2026-04-03T02:37:56.031+0600][60.388s][info][gc,stats    ] Concurrent Update Refs            44315 us
[2026-04-03T02:37:56.031+0600][60.388s][info][gc,stats    ] Concurrent Update Thread Roots     1153 us
[2026-04-03T02:37:56.031+0600][60.388s][info][gc,stats    ] Pause Final Update Refs (G)         517 us
[2026-04-03T02:37:56.031+0600][60.388s][info][gc,stats    ] Pause Final Update Refs (N)         162 us
[2026-04-03T02:37:56.031+0600][60.388s][info][gc,stats    ]   Update Region States               44 us
[2026-04-03T02:37:56.031+0600][60.388s][info][gc,stats    ]   Trash Collection Set               11 us
[2026-04-03T02:37:56.031+0600][60.388s][info][gc,stats    ]   Rebuild Free Set                   35 us
[2026-04-03T02:37:56.031+0600][60.388s][info][gc,stats    ] Concurrent Cleanup                  546 us
[2026-04-03T02:37:56.031+0600][60.388s][info][gc,stats    ] 
[2026-04-03T02:37:56.031+0600][60.388s][info][gc,stats    ] Allocation pacing accrued:
[2026-04-03T02:37:56.031+0600][60.388s][info][gc,stats    ]       0 of   228 ms (  0.0%): <total>
[2026-04-03T02:37:56.031+0600][60.388s][info][gc,stats    ]       0 of   228 ms (  0.0%): <average total>
[2026-04-03T02:37:56.031+0600][60.388s][info][gc,stats    ] 
[2026-04-03T02:37:56.031+0600][60.388s][info][gc,metaspace] Metaspace: 131590K(132992K)->131591K(132992K) NonClass: 115018K(115712K)->115019K(115712K) Class: 16571K(17280K)->16571K(17280K)
[2026-04-03T02:37:56.031+0600][60.388s][info][gc,ergo     ] Pacer for Idle. Initial: 30720K, Alloc Tax Rate: 1.0x
[2026-04-03T02:37:56.958+0600][61.314s][info][gc          ] Trigger: Average GC time (167.26 ms) is above the time for average allocation rate (1294 MB/s) to deplete free headroom (215M) (margin of error = 1.86)
[2026-04-03T02:37:56.958+0600][61.314s][info][gc,ergo     ] Free headroom: 290M (free) - 76800K (spike) - 0B (penalties) = 215M
[2026-04-03T02:37:56.958+0600][61.314s][info][gc,ergo     ] Free: 290M, Max: 512K regular, 289M humongous, Frag: 0% external, 0% internal; Reserve: 76800K, Max: 512K
[2026-04-03T02:37:56.958+0600][61.314s][info][gc,start    ] GC(49) Concurrent reset
[2026-04-03T02:37:56.958+0600][61.314s][info][gc,task     ] GC(49) Using 3 of 6 workers for concurrent reset
[2026-04-03T02:37:56.958+0600][61.314s][info][gc,ergo     ] GC(49) Pacer for Reset. Non-Taxable: 1500M
[2026-04-03T02:37:56.959+0600][61.315s][info][gc          ] GC(49) Concurrent reset 1.135ms
[2026-04-03T02:37:56.959+0600][61.316s][info][gc,start    ] GC(49) Pause Init Mark (unload classes)
[2026-04-03T02:37:56.959+0600][61.316s][info][gc,task     ] GC(49) Using 6 of 6 workers for init marking
[2026-04-03T02:37:56.959+0600][61.316s][info][gc,ergo     ] GC(49) Pacer for Mark. Expected Live: 92060K, Free: 290M, Non-Taxable: 29698K, Alloc Tax Rate: 0.4x
[2026-04-03T02:37:56.959+0600][61.316s][info][gc          ] GC(49) Pause Init Mark (unload classes) 0.164ms
[2026-04-03T02:37:56.960+0600][61.316s][info][gc,start    ] GC(49) Concurrent marking roots
[2026-04-03T02:37:56.960+0600][61.316s][info][gc,task     ] GC(49) Using 3 of 6 workers for concurrent marking roots
[2026-04-03T02:37:56.961+0600][61.317s][info][gc          ] GC(49) Concurrent marking roots 1.535ms
[2026-04-03T02:37:56.961+0600][61.317s][info][gc,start    ] GC(49) Concurrent marking (unload classes)
[2026-04-03T02:37:56.961+0600][61.317s][info][gc,task     ] GC(49) Using 3 of 6 workers for concurrent marking
[2026-04-03T02:37:57.026+0600][61.382s][info][gc          ] GC(49) Concurrent marking (unload classes) 64.722ms
[2026-04-03T02:37:57.026+0600][61.382s][info][gc,start    ] GC(49) Pause Final Mark (unload classes)
[2026-04-03T02:37:57.026+0600][61.382s][info][gc,task     ] GC(49) Using 6 of 6 workers for final marking
[2026-04-03T02:37:57.027+0600][61.383s][info][gc,ergo     ] GC(49) Adaptive CSet Selection. Target Free: 212M, Actual Free: 1047M, Max CSet: 64000K, Min Garbage: 0B
[2026-04-03T02:37:57.027+0600][61.383s][info][gc,ergo     ] GC(49) Collectable Garbage: 938M (99%), Immediate: 730M (77%), CSet: 207M (21%)
[2026-04-03T02:37:57.027+0600][61.383s][info][gc,ergo     ] GC(49) Pacer for Evacuation. Used CSet: 211M, Free: 1069M, Non-Taxable: 106M, Alloc Tax Rate: 1.1x
[2026-04-03T02:37:57.027+0600][61.383s][info][gc          ] GC(49) Pause Final Mark (unload classes) 0.725ms
[2026-04-03T02:37:57.027+0600][61.383s][info][gc,start    ] GC(49) Concurrent thread roots
[2026-04-03T02:37:57.027+0600][61.383s][info][gc,task     ] GC(49) Using 3 of 6 workers for Concurrent thread roots
[2026-04-03T02:37:57.028+0600][61.384s][info][gc          ] GC(49) Concurrent thread roots 1.001ms
[2026-04-03T02:37:57.028+0600][61.384s][info][gc,start    ] GC(49) Concurrent weak references
[2026-04-03T02:37:57.028+0600][61.384s][info][gc,task     ] GC(49) Using 3 of 6 workers for concurrent weak references
[2026-04-03T02:37:57.028+0600][61.385s][info][gc,ref      ] GC(49) Encountered references: Soft: 3786, Weak: 15949, Final: 84, Phantom: 620
[2026-04-03T02:37:57.028+0600][61.385s][info][gc,ref      ] GC(49) Discovered  references: Soft: 0, Weak: 7416, Final: 48, Phantom: 614
[2026-04-03T02:37:57.028+0600][61.385s][info][gc,ref      ] GC(49) Enqueued    references: Soft: 0, Weak: 265, Final: 0, Phantom: 0
[2026-04-03T02:37:57.029+0600][61.385s][info][gc          ] GC(49) Concurrent weak references 0.552ms
[2026-04-03T02:37:57.029+0600][61.385s][info][gc,start    ] GC(49) Concurrent weak roots
[2026-04-03T02:37:57.029+0600][61.385s][info][gc,task     ] GC(49) Using 3 of 6 workers for concurrent weak root
[2026-04-03T02:37:57.032+0600][61.388s][info][gc          ] GC(49) Concurrent weak roots 3.460ms
[2026-04-03T02:37:57.032+0600][61.388s][info][gc,start    ] GC(49) Concurrent cleanup
[2026-04-03T02:37:57.033+0600][61.389s][info][gc          ] GC(49) Concurrent cleanup 1078M->348M(1314M) 0.681ms
[2026-04-03T02:37:57.033+0600][61.389s][info][gc,ergo     ] GC(49) Free: 1069M, Max: 512K regular, 242M humongous, Frag: 78% external, 0% internal; Reserve: 76447K, Max: 512K
[2026-04-03T02:37:57.033+0600][61.389s][info][gc,start    ] GC(49) Concurrent class unloading
[2026-04-03T02:37:57.033+0600][61.389s][info][gc,task     ] GC(49) Using 3 of 6 workers for concurrent class unloading
[2026-04-03T02:37:57.050+0600][61.407s][info][gc          ] GC(49) Concurrent class unloading 17.651ms
[2026-04-03T02:37:57.051+0600][61.407s][info][gc,start    ] GC(49) Concurrent strong roots
[2026-04-03T02:37:57.051+0600][61.407s][info][gc,task     ] GC(49) Using 3 of 6 workers for concurrent strong root
[2026-04-03T02:37:57.052+0600][61.408s][info][gc          ] GC(49) Concurrent strong roots 1.136ms
[2026-04-03T02:37:57.052+0600][61.408s][info][gc,start    ] GC(49) Concurrent evacuation
[2026-04-03T02:37:57.052+0600][61.408s][info][gc,task     ] GC(49) Using 3 of 6 workers for concurrent evacuation
[2026-04-03T02:37:57.055+0600][61.411s][info][gc          ] GC(49) Concurrent evacuation 3.129ms
[2026-04-03T02:37:57.055+0600][61.411s][info][gc,start    ] GC(49) Pause Init Update Refs
[2026-04-03T02:37:57.055+0600][61.411s][info][gc,ergo     ] GC(49) Pacer for Update Refs. Used: 367M, Free: 1054M, Non-Taxable: 105M, Alloc Tax Rate: 1.1x
[2026-04-03T02:37:57.055+0600][61.412s][info][gc          ] GC(49) Pause Init Update Refs 0.116ms
[2026-04-03T02:37:57.055+0600][61.412s][info][gc,start    ] GC(49) Concurrent update references
[2026-04-03T02:37:57.056+0600][61.412s][info][gc,task     ] GC(49) Using 3 of 6 workers for concurrent reference update
[2026-04-03T02:37:57.104+0600][61.461s][info][gc          ] GC(49) Concurrent update references 48.899ms
[2026-04-03T02:37:57.104+0600][61.461s][info][gc,start    ] GC(49) Concurrent update thread roots
[2026-04-03T02:37:57.106+0600][61.462s][info][gc          ] GC(49) Concurrent update thread roots 1.659ms
[2026-04-03T02:37:57.106+0600][61.463s][info][gc,start    ] GC(49) Pause Final Update Refs
[2026-04-03T02:37:57.106+0600][61.463s][info][gc,task     ] GC(49) Using 6 of 6 workers for final reference update
[2026-04-03T02:37:57.107+0600][61.463s][info][gc          ] GC(49) Pause Final Update Refs 0.229ms
[2026-04-03T02:37:57.107+0600][61.463s][info][gc,start    ] GC(49) Concurrent cleanup
[2026-04-03T02:37:57.107+0600][61.464s][info][gc          ] GC(49) Concurrent cleanup 410M->201M(1314M) 0.713ms
[2026-04-03T02:37:57.107+0600][61.464s][info][gc,ergo     ] Free: 1211M, Max: 512K regular, 779M humongous, Frag: 36% external, 0% internal; Reserve: 76800K, Max: 512K
[2026-04-03T02:37:57.108+0600][61.464s][info][gc,stats    ] 
[2026-04-03T02:37:57.108+0600][61.464s][info][gc,stats    ] All times are wall-clock times, except per-root-class counters, that are sum over
[2026-04-03T02:37:57.108+0600][61.464s][info][gc,stats    ] all workers. Dividing the <total> over the root stage time estimates parallelism.
[2026-04-03T02:37:57.108+0600][61.464s][info][gc,stats    ] 
[2026-04-03T02:37:57.108+0600][61.464s][info][gc,stats    ] Concurrent Reset                   1184 us
[2026-04-03T02:37:57.108+0600][61.464s][info][gc,stats    ] Pause Init Mark (G)                 429 us
[2026-04-03T02:37:57.108+0600][61.464s][info][gc,stats    ] Pause Init Mark (N)                 175 us
[2026-04-03T02:37:57.108+0600][61.464s][info][gc,stats    ]   Update Region States               42 us
[2026-04-03T02:37:57.108+0600][61.464s][info][gc,stats    ] Concurrent Mark Roots              1592 us, parallelism: 1.81x
[2026-04-03T02:37:57.108+0600][61.464s][info][gc,stats    ]   CMR: <total>                     2874 us
[2026-04-03T02:37:57.108+0600][61.464s][info][gc,stats    ]   CMR: Thread Roots                2443 us, workers (us): 577, 934, 931, ---, ---, ---, 
[2026-04-03T02:37:57.108+0600][61.464s][info][gc,stats    ]   CMR: VM Strong Roots               39 us, workers (us):  37,   1,   1, ---, ---, ---, 
[2026-04-03T02:37:57.108+0600][61.464s][info][gc,stats    ]   CMR: CLDG Roots                   393 us, workers (us): 393, ---, ---, ---, ---, ---, 
[2026-04-03T02:37:57.108+0600][61.464s][info][gc,stats    ] Concurrent Marking                64787 us
[2026-04-03T02:37:57.108+0600][61.464s][info][gc,stats    ] Pause Final Mark (G)               1009 us
[2026-04-03T02:37:57.108+0600][61.464s][info][gc,stats    ] Pause Final Mark (N)                735 us
[2026-04-03T02:37:57.108+0600][61.464s][info][gc,stats    ]   Finish Mark                       353 us
[2026-04-03T02:37:57.108+0600][61.464s][info][gc,stats    ]   Update Region States               35 us
[2026-04-03T02:37:57.108+0600][61.464s][info][gc,stats    ]   Choose Collection Set             214 us
[2026-04-03T02:37:57.108+0600][61.464s][info][gc,stats    ]   Rebuild Free Set                   44 us
[2026-04-03T02:37:57.108+0600][61.464s][info][gc,stats    ] Concurrent Thread Roots            1042 us, parallelism: 1.90x
[2026-04-03T02:37:57.108+0600][61.464s][info][gc,stats    ]   CTR: <total>                     1984 us
[2026-04-03T02:37:57.108+0600][61.464s][info][gc,stats    ]   CTR: Thread Roots                1984 us, workers (us): 676, 667, 640, ---, ---, ---, 
[2026-04-03T02:37:57.108+0600][61.464s][info][gc,stats    ] Concurrent Weak References          560 us, parallelism: 1.10x
[2026-04-03T02:37:57.108+0600][61.464s][info][gc,stats    ]   CWRF: <total>                     616 us
[2026-04-03T02:37:57.108+0600][61.464s][info][gc,stats    ]   CWRF: Weak References             616 us, workers (us): 158, 456,   1, ---, ---, ---, 
[2026-04-03T02:37:57.108+0600][61.464s][info][gc,stats    ] Concurrent Weak Roots              3521 us
[2026-04-03T02:37:57.108+0600][61.464s][info][gc,stats    ]   Roots                            3211 us, parallelism: 2.65x
[2026-04-03T02:37:57.108+0600][61.464s][info][gc,stats    ]     CWR: <total>                   8518 us
[2026-04-03T02:37:57.108+0600][61.464s][info][gc,stats    ]     CWR: Code Cache Roots          6628 us, workers (us): 2200, 2198, 2230, ---, ---, ---, 
[2026-04-03T02:37:57.108+0600][61.464s][info][gc,stats    ]     CWR: VM Weak Roots             1801 us, workers (us): 650, 597, 554, ---, ---, ---, 
[2026-04-03T02:37:57.108+0600][61.464s][info][gc,stats    ]     CWR: CLDG Roots                  89 us, workers (us): ---,  89, ---, ---, ---, ---, 
[2026-04-03T02:37:57.108+0600][61.464s][info][gc,stats    ]   Rendezvous                        232 us
[2026-04-03T02:37:57.108+0600][61.464s][info][gc,stats    ] Concurrent Cleanup                  694 us
[2026-04-03T02:37:57.108+0600][61.464s][info][gc,stats    ] Concurrent Class Unloading        17747 us
[2026-04-03T02:37:57.108+0600][61.464s][info][gc,stats    ]   Unlink Stale                    14893 us
[2026-04-03T02:37:57.108+0600][61.464s][info][gc,stats    ]     System Dictionary               184 us
[2026-04-03T02:37:57.108+0600][61.464s][info][gc,stats    ]     Weak Class Links                  0 us
[2026-04-03T02:37:57.108+0600][61.464s][info][gc,stats    ]     Code Roots                    14706 us
[2026-04-03T02:37:57.108+0600][61.464s][info][gc,stats    ]   Rendezvous                        492 us
[2026-04-03T02:37:57.108+0600][61.464s][info][gc,stats    ]   Purge Unlinked                   2241 us
[2026-04-03T02:37:57.108+0600][61.464s][info][gc,stats    ]     Code Roots                     2213 us
[2026-04-03T02:37:57.108+0600][61.464s][info][gc,stats    ]     CLDG                             27 us
[2026-04-03T02:37:57.108+0600][61.464s][info][gc,stats    ]     Exception Caches                  1 us
[2026-04-03T02:37:57.108+0600][61.464s][info][gc,stats    ] Concurrent Strong Roots            1217 us, parallelism: 0.66x
[2026-04-03T02:37:57.108+0600][61.464s][info][gc,stats    ]   CSR: <total>                      809 us
[2026-04-03T02:37:57.108+0600][61.464s][info][gc,stats    ]   CSR: VM Strong Roots               67 us, workers (us):  26,  21,  20, ---, ---, ---, 
[2026-04-03T02:37:57.108+0600][61.464s][info][gc,stats    ]   CSR: CLDG Roots                   742 us, workers (us): ---, ---, 742, ---, ---, ---, 
[2026-04-03T02:37:57.108+0600][61.464s][info][gc,stats    ] Concurrent Evacuation              3206 us
[2026-04-03T02:37:57.108+0600][61.464s][info][gc,stats    ] Pause Init Update Refs (G)          494 us
[2026-04-03T02:37:57.108+0600][61.465s][info][gc,stats    ] Pause Init Update Refs (N)          131 us
[2026-04-03T02:37:57.108+0600][61.465s][info][gc,stats    ]   Manage GCLABs                      30 us
[2026-04-03T02:37:57.108+0600][61.465s][info][gc,stats    ] Concurrent Update Refs            49017 us
[2026-04-03T02:37:57.108+0600][61.465s][info][gc,stats    ] Concurrent Update Thread Roots     1711 us
[2026-04-03T02:37:57.108+0600][61.465s][info][gc,stats    ] Pause Final Update Refs (G)         495 us
[2026-04-03T02:37:57.108+0600][61.465s][info][gc,stats    ] Pause Final Update Refs (N)         247 us
[2026-04-03T02:37:57.108+0600][61.465s][info][gc,stats    ]   Update Region States               59 us
[2026-04-03T02:37:57.108+0600][61.465s][info][gc,stats    ]   Trash Collection Set               22 us
[2026-04-03T02:37:57.108+0600][61.465s][info][gc,stats    ]   Rebuild Free Set                   49 us
[2026-04-03T02:37:57.108+0600][61.465s][info][gc,stats    ] Concurrent Cleanup                  749 us
[2026-04-03T02:37:57.108+0600][61.465s][info][gc,stats    ] Pacing                            75073 us
[2026-04-03T02:37:57.108+0600][61.465s][info][gc,stats    ] 
[2026-04-03T02:37:57.108+0600][61.465s][info][gc,stats    ] Allocation pacing accrued:
[2026-04-03T02:37:57.108+0600][61.465s][info][gc,stats    ]      11 of  1077 ms (  1.0%): Executor task launch worker for task 7.0 in stage 2256.0 (TID 4364)
[2026-04-03T02:37:57.108+0600][61.465s][info][gc,stats    ]      11 of  1077 ms (  1.0%): Executor task launch worker for task 3.0 in stage 2256.0 (TID 4360)
[2026-04-03T02:37:57.108+0600][61.465s][info][gc,stats    ]      11 of  1077 ms (  1.0%): Executor task launch worker for task 1.0 in stage 2256.0 (TID 4358)
[2026-04-03T02:37:57.108+0600][61.465s][info][gc,stats    ]      10 of  1077 ms (  0.9%): task-result-getter-0
[2026-04-03T02:37:57.108+0600][61.465s][info][gc,stats    ]      10 of  1077 ms (  0.9%): task-result-getter-1
[2026-04-03T02:37:57.108+0600][61.465s][info][gc,stats    ]      10 of  1077 ms (  0.9%): task-result-getter-2
[2026-04-03T02:37:57.109+0600][61.465s][info][gc,stats    ]      11 of  1077 ms (  1.0%): task-result-getter-3
[2026-04-03T02:37:57.109+0600][61.465s][info][gc,stats    ]      75 of  1077 ms (  7.0%): <total>
[2026-04-03T02:37:57.109+0600][61.465s][info][gc,stats    ]       0 of  1077 ms (  0.0%): <average total>
[2026-04-03T02:37:57.109+0600][61.465s][info][gc,stats    ]      11 of  1077 ms (  1.0%): <average non-zero>
[2026-04-03T02:37:57.109+0600][61.465s][info][gc,stats    ] 
[2026-04-03T02:37:57.109+0600][61.465s][info][gc,metaspace] Metaspace: 131615K(132992K)->131617K(132992K) NonClass: 115044K(115712K)->115045K(115712K) Class: 16571K(17280K)->16571K(17280K)
[2026-04-03T02:37:57.109+0600][61.465s][info][gc,ergo     ] Pacer for Idle. Initial: 30720K, Alloc Tax Rate: 1.0x
[2026-04-03T02:37:58.009+0600][62.365s][info][gc          ] Trigger: Average GC time (166.56 ms) is above the time for average allocation rate (1272 MB/s) to deplete free headroom (210M) (margin of error = 1.85)
[2026-04-03T02:37:58.009+0600][62.365s][info][gc,ergo     ] Free headroom: 285M (free) - 76800K (spike) - 0B (penalties) = 210M
[2026-04-03T02:37:58.009+0600][62.365s][info][gc,ergo     ] Free: 285M, Max: 512K regular, 238M humongous, Frag: 17% external, 0% internal; Reserve: 76800K, Max: 512K
[2026-04-03T02:37:58.009+0600][62.365s][info][gc,start    ] GC(50) Concurrent reset
[2026-04-03T02:37:58.009+0600][62.365s][info][gc,task     ] GC(50) Using 3 of 6 workers for concurrent reset
[2026-04-03T02:37:58.009+0600][62.365s][info][gc,ergo     ] GC(50) Pacer for Reset. Non-Taxable: 1500M
[2026-04-03T02:37:58.011+0600][62.367s][info][gc          ] GC(50) Concurrent reset 2.048ms
[2026-04-03T02:37:58.011+0600][62.368s][info][gc,start    ] GC(50) Pause Init Mark (unload classes)
[2026-04-03T02:37:58.011+0600][62.368s][info][gc,task     ] GC(50) Using 6 of 6 workers for init marking
[2026-04-03T02:37:58.012+0600][62.368s][info][gc,ergo     ] GC(50) Pacer for Mark. Expected Live: 92127K, Free: 285M, Non-Taxable: 29187K, Alloc Tax Rate: 0.4x
[2026-04-03T02:37:58.012+0600][62.368s][info][gc          ] GC(50) Pause Init Mark (unload classes) 0.150ms
[2026-04-03T02:37:58.012+0600][62.368s][info][gc,start    ] GC(50) Concurrent marking roots
[2026-04-03T02:37:58.012+0600][62.368s][info][gc,task     ] GC(50) Using 3 of 6 workers for concurrent marking roots
[2026-04-03T02:37:58.013+0600][62.370s][info][gc          ] GC(50) Concurrent marking roots 1.767ms
[2026-04-03T02:37:58.013+0600][62.370s][info][gc,start    ] GC(50) Concurrent marking (unload classes)
[2026-04-03T02:37:58.013+0600][62.370s][info][gc,task     ] GC(50) Using 3 of 6 workers for concurrent marking
[2026-04-03T02:37:58.083+0600][62.439s][info][gc          ] GC(50) Concurrent marking (unload classes) 69.252ms
[2026-04-03T02:37:58.083+0600][62.439s][info][gc,start    ] GC(50) Pause Final Mark (unload classes)
[2026-04-03T02:37:58.083+0600][62.439s][info][gc,task     ] GC(50) Using 6 of 6 workers for final marking
[2026-04-03T02:37:58.083+0600][62.440s][info][gc,ergo     ] GC(50) Adaptive CSet Selection. Target Free: 212M, Actual Free: 1027M, Max CSet: 64000K, Min Garbage: 0B
[2026-04-03T02:37:58.084+0600][62.440s][info][gc,ergo     ] GC(50) Collectable Garbage: 943M (99%), Immediate: 715M (75%), CSet: 228M (23%)
[2026-04-03T02:37:58.084+0600][62.440s][info][gc,ergo     ] GC(50) Pacer for Evacuation. Used CSet: 234M, Free: 1047M, Non-Taxable: 104M, Alloc Tax Rate: 1.1x
[2026-04-03T02:37:58.084+0600][62.440s][info][gc          ] GC(50) Pause Final Mark (unload classes) 0.602ms
[2026-04-03T02:37:58.084+0600][62.440s][info][gc,start    ] GC(50) Concurrent thread roots
[2026-04-03T02:37:58.084+0600][62.440s][info][gc,task     ] GC(50) Using 3 of 6 workers for Concurrent thread roots
[2026-04-03T02:37:58.085+0600][62.441s][info][gc          ] GC(50) Concurrent thread roots 0.911ms
[2026-04-03T02:37:58.085+0600][62.441s][info][gc,start    ] GC(50) Concurrent weak references
[2026-04-03T02:37:58.085+0600][62.441s][info][gc,task     ] GC(50) Using 3 of 6 workers for concurrent weak references
[2026-04-03T02:37:58.086+0600][62.442s][info][gc,ref      ] GC(50) Encountered references: Soft: 3791, Weak: 17247, Final: 84, Phantom: 620
[2026-04-03T02:37:58.086+0600][62.442s][info][gc,ref      ] GC(50) Discovered  references: Soft: 0, Weak: 10479, Final: 48, Phantom: 222
[2026-04-03T02:37:58.086+0600][62.442s][info][gc,ref      ] GC(50) Enqueued    references: Soft: 0, Weak: 1635, Final: 0, Phantom: 0
[2026-04-03T02:37:58.086+0600][62.442s][info][gc          ] GC(50) Concurrent weak references 0.969ms
[2026-04-03T02:37:58.086+0600][62.442s][info][gc,start    ] GC(50) Concurrent weak roots
[2026-04-03T02:37:58.086+0600][62.442s][info][gc,task     ] GC(50) Using 3 of 6 workers for concurrent weak root
[2026-04-03T02:37:58.091+0600][62.448s][info][gc          ] GC(50) Concurrent weak roots 5.852ms
[2026-04-03T02:37:58.092+0600][62.448s][info][gc,start    ] GC(50) Concurrent cleanup
[2026-04-03T02:37:58.093+0600][62.449s][info][gc          ] GC(50) Concurrent cleanup 1101M->387M(1314M) 1.018ms
[2026-04-03T02:37:58.093+0600][62.449s][info][gc,ergo     ] GC(50) Free: 1028M, Max: 512K regular, 218M humongous, Frag: 79% external, 0% internal; Reserve: 76145K, Max: 512K
[2026-04-03T02:37:58.093+0600][62.449s][info][gc,start    ] GC(50) Concurrent class unloading
[2026-04-03T02:37:58.093+0600][62.449s][info][gc,task     ] GC(50) Using 3 of 6 workers for concurrent class unloading
[2026-04-03T02:37:58.111+0600][62.467s][info][gc          ] GC(50) Concurrent class unloading 18.291ms
[2026-04-03T02:37:58.111+0600][62.467s][info][gc,start    ] GC(50) Concurrent strong roots
[2026-04-03T02:37:58.111+0600][62.467s][info][gc,task     ] GC(50) Using 3 of 6 workers for concurrent strong root
[2026-04-03T02:37:58.112+0600][62.469s][info][gc          ] GC(50) Concurrent strong roots 1.335ms
[2026-04-03T02:37:58.113+0600][62.469s][info][gc,start    ] GC(50) Concurrent evacuation
[2026-04-03T02:37:58.113+0600][62.469s][info][gc,task     ] GC(50) Using 3 of 6 workers for concurrent evacuation
[2026-04-03T02:37:58.116+0600][62.472s][info][gc          ] GC(50) Concurrent evacuation 3.575ms
[2026-04-03T02:37:58.116+0600][62.473s][info][gc,start    ] GC(50) Pause Init Update Refs
[2026-04-03T02:37:58.117+0600][62.473s][info][gc,ergo     ] GC(50) Pacer for Update Refs. Used: 405M, Free: 1016M, Non-Taxable: 101M, Alloc Tax Rate: 1.1x
[2026-04-03T02:37:58.117+0600][62.473s][info][gc          ] GC(50) Pause Init Update Refs 0.137ms
[2026-04-03T02:37:58.117+0600][62.473s][info][gc,start    ] GC(50) Concurrent update references
[2026-04-03T02:37:58.117+0600][62.473s][info][gc,task     ] GC(50) Using 3 of 6 workers for concurrent reference update
[2026-04-03T02:37:58.167+0600][62.523s][info][gc          ] GC(50) Concurrent update references 49.965ms
[2026-04-03T02:37:58.167+0600][62.523s][info][gc,start    ] GC(50) Concurrent update thread roots
[2026-04-03T02:37:58.168+0600][62.524s][info][gc          ] GC(50) Concurrent update thread roots 1.137ms
[2026-04-03T02:37:58.168+0600][62.524s][info][gc,start    ] GC(50) Pause Final Update Refs
[2026-04-03T02:37:58.168+0600][62.524s][info][gc,task     ] GC(50) Using 6 of 6 workers for final reference update
[2026-04-03T02:37:58.168+0600][62.524s][info][gc          ] GC(50) Pause Final Update Refs 0.171ms
[2026-04-03T02:37:58.168+0600][62.525s][info][gc,start    ] GC(50) Concurrent cleanup
[2026-04-03T02:37:58.169+0600][62.525s][info][gc          ] GC(50) Concurrent cleanup 442M->207M(1314M) 0.577ms
[2026-04-03T02:37:58.169+0600][62.525s][info][gc,ergo     ] Free: 1201M, Max: 512K regular, 734M humongous, Frag: 39% external, 0% internal; Reserve: 76800K, Max: 512K
[2026-04-03T02:37:58.169+0600][62.525s][info][gc,stats    ] 
[2026-04-03T02:37:58.169+0600][62.525s][info][gc,stats    ] All times are wall-clock times, except per-root-class counters, that are sum over
[2026-04-03T02:37:58.169+0600][62.525s][info][gc,stats    ] all workers. Dividing the <total> over the root stage time estimates parallelism.
[2026-04-03T02:37:58.169+0600][62.525s][info][gc,stats    ] 
[2026-04-03T02:37:58.169+0600][62.525s][info][gc,stats    ] Concurrent Reset                   2105 us
[2026-04-03T02:37:58.169+0600][62.525s][info][gc,stats    ] Pause Init Mark (G)                 460 us
[2026-04-03T02:37:58.169+0600][62.525s][info][gc,stats    ] Pause Init Mark (N)                 160 us
[2026-04-03T02:37:58.169+0600][62.525s][info][gc,stats    ]   Update Region States               44 us
[2026-04-03T02:37:58.169+0600][62.525s][info][gc,stats    ] Concurrent Mark Roots              1825 us, parallelism: 1.90x
[2026-04-03T02:37:58.169+0600][62.525s][info][gc,stats    ]   CMR: <total>                     3470 us
[2026-04-03T02:37:58.169+0600][62.525s][info][gc,stats    ]   CMR: Thread Roots                2856 us, workers (us): 1122, 1141, 593, ---, ---, ---, 
[2026-04-03T02:37:58.169+0600][62.525s][info][gc,stats    ]   CMR: VM Strong Roots               76 us, workers (us):  35,  27,  15, ---, ---, ---, 
[2026-04-03T02:37:58.169+0600][62.525s][info][gc,stats    ]   CMR: CLDG Roots                   538 us, workers (us): ---, ---, 538, ---, ---, ---, 
[2026-04-03T02:37:58.169+0600][62.525s][info][gc,stats    ] Concurrent Marking                69322 us
[2026-04-03T02:37:58.169+0600][62.525s][info][gc,stats    ] Pause Final Mark (G)                870 us
[2026-04-03T02:37:58.169+0600][62.525s][info][gc,stats    ] Pause Final Mark (N)                614 us
[2026-04-03T02:37:58.169+0600][62.525s][info][gc,stats    ]   Finish Mark                       243 us
[2026-04-03T02:37:58.169+0600][62.525s][info][gc,stats    ]   Update Region States               36 us
[2026-04-03T02:37:58.169+0600][62.525s][info][gc,stats    ]   Choose Collection Set             203 us
[2026-04-03T02:37:58.169+0600][62.525s][info][gc,stats    ]   Rebuild Free Set                   37 us
[2026-04-03T02:37:58.169+0600][62.525s][info][gc,stats    ] Concurrent Thread Roots             944 us, parallelism: 2.31x
[2026-04-03T02:37:58.169+0600][62.525s][info][gc,stats    ]   CTR: <total>                     2184 us
[2026-04-03T02:37:58.169+0600][62.525s][info][gc,stats    ]   CTR: Thread Roots                2184 us, workers (us): 758, 744, 681, ---, ---, ---, 
[2026-04-03T02:37:58.169+0600][62.525s][info][gc,stats    ] Concurrent Weak References          991 us, parallelism: 1.57x
[2026-04-03T02:37:58.169+0600][62.525s][info][gc,stats    ]   CWRF: <total>                    1551 us
[2026-04-03T02:37:58.169+0600][62.525s][info][gc,stats    ]   CWRF: Weak References            1551 us, workers (us): 243, 482, 826, ---, ---, ---, 
[2026-04-03T02:37:58.169+0600][62.525s][info][gc,stats    ] Concurrent Weak Roots              5946 us
[2026-04-03T02:37:58.169+0600][62.525s][info][gc,stats    ]   Roots                            5308 us, parallelism: 2.78x
[2026-04-03T02:37:58.169+0600][62.525s][info][gc,stats    ]     CWR: <total>                  14752 us
[2026-04-03T02:37:58.169+0600][62.525s][info][gc,stats    ]     CWR: Code Cache Roots         11707 us, workers (us): 3812, 4024, 3871, ---, ---, ---, 
[2026-04-03T02:37:58.169+0600][62.525s][info][gc,stats    ]     CWR: VM Weak Roots             2819 us, workers (us): 950, 936, 933, ---, ---, ---, 
[2026-04-03T02:37:58.169+0600][62.525s][info][gc,stats    ]     CWR: CLDG Roots                 227 us, workers (us): 227, ---, ---, ---, ---, ---, 
[2026-04-03T02:37:58.169+0600][62.525s][info][gc,stats    ]   Rendezvous                        512 us
[2026-04-03T02:37:58.169+0600][62.525s][info][gc,stats    ] Concurrent Cleanup                 1074 us
[2026-04-03T02:37:58.169+0600][62.525s][info][gc,stats    ] Concurrent Class Unloading        18384 us
[2026-04-03T02:37:58.169+0600][62.525s][info][gc,stats    ]   Unlink Stale                    15699 us
[2026-04-03T02:37:58.169+0600][62.525s][info][gc,stats    ]     System Dictionary               297 us
[2026-04-03T02:37:58.169+0600][62.525s][info][gc,stats    ]     Weak Class Links                  0 us
[2026-04-03T02:37:58.169+0600][62.525s][info][gc,stats    ]     Code Roots                    15398 us
[2026-04-03T02:37:58.169+0600][62.525s][info][gc,stats    ]   Rendezvous                        276 us
[2026-04-03T02:37:58.169+0600][62.526s][info][gc,stats    ]   Purge Unlinked                   2277 us
[2026-04-03T02:37:58.169+0600][62.526s][info][gc,stats    ]     Code Roots                     2264 us
[2026-04-03T02:37:58.169+0600][62.526s][info][gc,stats    ]     CLDG                             12 us
[2026-04-03T02:37:58.169+0600][62.526s][info][gc,stats    ]     Exception Caches                  0 us
[2026-04-03T02:37:58.169+0600][62.526s][info][gc,stats    ] Concurrent Strong Roots            1422 us, parallelism: 0.71x
[2026-04-03T02:37:58.169+0600][62.526s][info][gc,stats    ]   CSR: <total>                     1006 us
[2026-04-03T02:37:58.169+0600][62.526s][info][gc,stats    ]   CSR: VM Strong Roots               65 us, workers (us):  27,  17,  22, ---, ---, ---, 
[2026-04-03T02:37:58.169+0600][62.526s][info][gc,stats    ]   CSR: CLDG Roots                   940 us, workers (us): ---, 940, ---, ---, ---, ---, 
[2026-04-03T02:37:58.169+0600][62.526s][info][gc,stats    ] Concurrent Evacuation              3676 us
[2026-04-03T02:37:58.169+0600][62.526s][info][gc,stats    ] Pause Init Update Refs (G)          415 us
[2026-04-03T02:37:58.169+0600][62.526s][info][gc,stats    ] Pause Init Update Refs (N)          150 us
[2026-04-03T02:37:58.169+0600][62.526s][info][gc,stats    ]   Manage GCLABs                      38 us
[2026-04-03T02:37:58.169+0600][62.526s][info][gc,stats    ] Concurrent Update Refs            50089 us
[2026-04-03T02:37:58.169+0600][62.526s][info][gc,stats    ] Concurrent Update Thread Roots     1172 us
[2026-04-03T02:37:58.169+0600][62.526s][info][gc,stats    ] Pause Final Update Refs (G)         397 us
[2026-04-03T02:37:58.169+0600][62.526s][info][gc,stats    ] Pause Final Update Refs (N)         192 us
[2026-04-03T02:37:58.169+0600][62.526s][info][gc,stats    ]   Update Region States               52 us
[2026-04-03T02:37:58.169+0600][62.526s][info][gc,stats    ]   Trash Collection Set               20 us
[2026-04-03T02:37:58.169+0600][62.526s][info][gc,stats    ]   Rebuild Free Set                   42 us
[2026-04-03T02:37:58.169+0600][62.526s][info][gc,stats    ] Concurrent Cleanup                  595 us
[2026-04-03T02:37:58.169+0600][62.526s][info][gc,stats    ] Pacing                           194795 us
[2026-04-03T02:37:58.169+0600][62.526s][info][gc,stats    ] 
[2026-04-03T02:37:58.169+0600][62.526s][info][gc,stats    ] Allocation pacing accrued:
[2026-04-03T02:37:58.169+0600][62.526s][info][gc,stats    ]      21 of  1061 ms (  2.0%): Executor task launch worker for task 5.0 in stage 2307.0 (TID 4530)
[2026-04-03T02:37:58.169+0600][62.526s][info][gc,stats    ]      22 of  1061 ms (  2.1%): Executor task launch worker for task 0.0 in stage 2307.0 (TID 4525)
[2026-04-03T02:37:58.169+0600][62.526s][info][gc,stats    ]      31 of  1061 ms (  2.9%): Executor task launch worker for task 2.0 in stage 2307.0 (TID 4527)
[2026-04-03T02:37:58.169+0600][62.526s][info][gc,stats    ]      21 of  1061 ms (  2.0%): Executor task launch worker for task 7.0 in stage 2307.0 (TID 4532)
[2026-04-03T02:37:58.169+0600][62.526s][info][gc,stats    ]      33 of  1061 ms (  3.1%): Executor task launch worker for task 6.0 in stage 2307.0 (TID 4531)
[2026-04-03T02:37:58.169+0600][62.526s][info][gc,stats    ]      22 of  1061 ms (  2.1%): Executor task launch worker for task 1.0 in stage 2307.0 (TID 4526)
[2026-04-03T02:37:58.169+0600][62.526s][info][gc,stats    ]      22 of  1061 ms (  2.1%): Executor task launch worker for task 4.0 in stage 2307.0 (TID 4529)
[2026-04-03T02:37:58.169+0600][62.526s][info][gc,stats    ]      21 of  1061 ms (  2.0%): Executor task launch worker for task 3.0 in stage 2307.0 (TID 4528)
[2026-04-03T02:37:58.169+0600][62.526s][info][gc,stats    ]     195 of  1061 ms ( 18.4%): <total>
[2026-04-03T02:37:58.170+0600][62.526s][info][gc,stats    ]       1 of  1061 ms (  0.1%): <average total>
[2026-04-03T02:37:58.170+0600][62.526s][info][gc,stats    ]      24 of  1061 ms (  2.3%): <average non-zero>
[2026-04-03T02:37:58.170+0600][62.526s][info][gc,stats    ] 
[2026-04-03T02:37:58.170+0600][62.526s][info][gc,metaspace] Metaspace: 131638K(132992K)->131639K(132992K) NonClass: 115066K(115712K)->115067K(115712K) Class: 16571K(17280K)->16571K(17280K)
[2026-04-03T02:37:58.170+0600][62.526s][info][gc,ergo     ] Pacer for Idle. Initial: 30720K, Alloc Tax Rate: 1.0x
[2026-04-03T02:37:58.773+0600][63.130s][info][gc          ] Trigger: Average GC time (173.49 ms) is above the time for average allocation rate (2630 MB/s) to deplete free headroom (205M) (margin of error = 1.85)
[2026-04-03T02:37:58.773+0600][63.130s][info][gc,ergo     ] Free headroom: 280M (free) - 76800K (spike) - 0B (penalties) = 205M
[2026-04-03T02:37:58.773+0600][63.130s][info][gc,ergo     ] Free: 280M, Max: 512K regular, 215M humongous, Frag: 23% external, 1% internal; Reserve: 76800K, Max: 512K
[2026-04-03T02:37:58.773+0600][63.130s][info][gc,start    ] GC(51) Concurrent reset
[2026-04-03T02:37:58.773+0600][63.130s][info][gc,task     ] GC(51) Using 3 of 6 workers for concurrent reset
[2026-04-03T02:37:58.773+0600][63.130s][info][gc,ergo     ] GC(51) Pacer for Reset. Non-Taxable: 1500M
[2026-04-03T02:37:58.775+0600][63.131s][info][gc          ] GC(51) Concurrent reset 1.392ms
[2026-04-03T02:37:58.775+0600][63.131s][info][gc,start    ] GC(51) Pause Init Mark (unload classes)
[2026-04-03T02:37:58.775+0600][63.131s][info][gc,task     ] GC(51) Using 6 of 6 workers for init marking
[2026-04-03T02:37:58.775+0600][63.131s][info][gc,ergo     ] GC(51) Pacer for Mark. Expected Live: 92434K, Free: 280M, Non-Taxable: 28693K, Alloc Tax Rate: 0.4x
[2026-04-03T02:37:58.775+0600][63.131s][info][gc          ] GC(51) Pause Init Mark (unload classes) 0.090ms
[2026-04-03T02:37:58.775+0600][63.131s][info][gc,start    ] GC(51) Concurrent marking roots
[2026-04-03T02:37:58.775+0600][63.131s][info][gc,task     ] GC(51) Using 3 of 6 workers for concurrent marking roots
[2026-04-03T02:37:58.776+0600][63.132s][info][gc          ] GC(51) Concurrent marking roots 1.008ms
[2026-04-03T02:37:58.776+0600][63.132s][info][gc,start    ] GC(51) Concurrent marking (unload classes)
[2026-04-03T02:37:58.776+0600][63.132s][info][gc,task     ] GC(51) Using 3 of 6 workers for concurrent marking
[2026-04-03T02:37:58.818+0600][63.174s][info][gc          ] GC(51) Concurrent marking (unload classes) 41.420ms
[2026-04-03T02:37:58.818+0600][63.175s][info][gc,start    ] GC(51) Pause Final Mark (unload classes)
[2026-04-03T02:37:58.818+0600][63.175s][info][gc,task     ] GC(51) Using 6 of 6 workers for final marking
[2026-04-03T02:37:58.819+0600][63.175s][info][gc,ergo     ] GC(51) Adaptive CSet Selection. Target Free: 212M, Actual Free: 1053M, Max CSet: 64000K, Min Garbage: 0B
[2026-04-03T02:37:58.819+0600][63.175s][info][gc,ergo     ] GC(51) Collectable Garbage: 955M (99%), Immediate: 778M (80%), CSet: 176M (18%)
[2026-04-03T02:37:58.819+0600][63.175s][info][gc,ergo     ] GC(51) Pacer for Evacuation. Used CSet: 182M, Free: 1067M, Non-Taxable: 106M, Alloc Tax Rate: 1.1x
[2026-04-03T02:37:58.819+0600][63.175s][info][gc          ] GC(51) Pause Final Mark (unload classes) 0.580ms
[2026-04-03T02:37:58.819+0600][63.175s][info][gc,start    ] GC(51) Concurrent thread roots
[2026-04-03T02:37:58.819+0600][63.175s][info][gc,task     ] GC(51) Using 3 of 6 workers for Concurrent thread roots
[2026-04-03T02:37:58.820+0600][63.176s][info][gc          ] GC(51) Concurrent thread roots 1.072ms
[2026-04-03T02:37:58.820+0600][63.176s][info][gc,start    ] GC(51) Concurrent weak references
[2026-04-03T02:37:58.820+0600][63.176s][info][gc,task     ] GC(51) Using 3 of 6 workers for concurrent weak references
[2026-04-03T02:37:58.822+0600][63.178s][info][gc,ref      ] GC(51) Encountered references: Soft: 3784, Weak: 16886, Final: 84, Phantom: 620
[2026-04-03T02:37:58.822+0600][63.178s][info][gc,ref      ] GC(51) Discovered  references: Soft: 0, Weak: 8199, Final: 0, Phantom: 615
[2026-04-03T02:37:58.822+0600][63.178s][info][gc,ref      ] GC(51) Enqueued    references: Soft: 0, Weak: 2497, Final: 0, Phantom: 0
[2026-04-03T02:37:58.822+0600][63.178s][info][gc          ] GC(51) Concurrent weak references 1.503ms
[2026-04-03T02:37:58.822+0600][63.178s][info][gc,start    ] GC(51) Concurrent weak roots
[2026-04-03T02:37:58.822+0600][63.178s][info][gc,task     ] GC(51) Using 3 of 6 workers for concurrent weak root
[2026-04-03T02:37:58.832+0600][63.189s][info][gc          ] GC(51) Concurrent weak roots 10.740ms
[2026-04-03T02:37:58.832+0600][63.189s][info][gc,start    ] GC(51) Concurrent cleanup
[2026-04-03T02:37:58.833+0600][63.190s][info][gc          ] GC(51) Concurrent cleanup 1221M->443M(1339M) 0.846ms
[2026-04-03T02:37:58.833+0600][63.190s][info][gc,ergo     ] GC(51) Free: 961M, Max: 512K regular, 268M humongous, Frag: 73% external, 0% internal; Reserve: 75702K, Max: 512K
[2026-04-03T02:37:58.833+0600][63.190s][info][gc,start    ] GC(51) Concurrent class unloading
[2026-04-03T02:37:58.833+0600][63.190s][info][gc,task     ] GC(51) Using 3 of 6 workers for concurrent class unloading
[2026-04-03T02:37:58.846+0600][63.202s][info][gc          ] GC(51) Concurrent class unloading 12.533ms
[2026-04-03T02:37:58.846+0600][63.202s][info][gc,start    ] GC(51) Concurrent strong roots
[2026-04-03T02:37:58.846+0600][63.202s][info][gc,task     ] GC(51) Using 3 of 6 workers for concurrent strong root
[2026-04-03T02:37:58.847+0600][63.203s][info][gc          ] GC(51) Concurrent strong roots 0.734ms
[2026-04-03T02:37:58.847+0600][63.203s][info][gc,start    ] GC(51) Concurrent evacuation
[2026-04-03T02:37:58.847+0600][63.203s][info][gc,task     ] GC(51) Using 3 of 6 workers for concurrent evacuation
[2026-04-03T02:37:58.851+0600][63.207s][info][gc          ] GC(51) Concurrent evacuation 3.783ms
[2026-04-03T02:37:58.851+0600][63.207s][info][gc,start    ] GC(51) Pause Init Update Refs
[2026-04-03T02:37:58.851+0600][63.207s][info][gc,ergo     ] GC(51) Pacer for Update Refs. Used: 513M, Free: 889M, Non-Taxable: 91135K, Alloc Tax Rate: 1.1x
[2026-04-03T02:37:58.851+0600][63.208s][info][gc          ] GC(51) Pause Init Update Refs 0.136ms
[2026-04-03T02:37:58.851+0600][63.208s][info][gc,start    ] GC(51) Concurrent update references
[2026-04-03T02:37:58.851+0600][63.208s][info][gc,task     ] GC(51) Using 3 of 6 workers for concurrent reference update
[2026-04-03T02:37:58.895+0600][63.251s][info][gc          ] GC(51) Concurrent update references 43.868ms
[2026-04-03T02:37:58.895+0600][63.252s][info][gc,start    ] GC(51) Concurrent update thread roots
[2026-04-03T02:37:58.897+0600][63.253s][info][gc          ] GC(51) Concurrent update thread roots 1.819ms
[2026-04-03T02:37:58.897+0600][63.254s][info][gc,start    ] GC(51) Pause Final Update Refs
[2026-04-03T02:37:58.897+0600][63.254s][info][gc,task     ] GC(51) Using 6 of 6 workers for final reference update
[2026-04-03T02:37:58.898+0600][63.254s][info][gc          ] GC(51) Pause Final Update Refs 0.281ms
[2026-04-03T02:37:58.898+0600][63.254s][info][gc,start    ] GC(51) Concurrent cleanup
[2026-04-03T02:37:58.898+0600][63.255s][info][gc          ] GC(51) Concurrent cleanup 599M->418M(1339M) 0.660ms
[2026-04-03T02:37:58.899+0600][63.255s][info][gc,ergo     ] Free: 969M, Max: 512K regular, 634M humongous, Frag: 35% external, 0% internal; Reserve: 76800K, Max: 512K
[2026-04-03T02:37:58.899+0600][63.255s][info][gc,stats    ] 
[2026-04-03T02:37:58.899+0600][63.255s][info][gc,stats    ] All times are wall-clock times, except per-root-class counters, that are sum over
[2026-04-03T02:37:58.899+0600][63.255s][info][gc,stats    ] all workers. Dividing the <total> over the root stage time estimates parallelism.
[2026-04-03T02:37:58.899+0600][63.255s][info][gc,stats    ] 
[2026-04-03T02:37:58.899+0600][63.255s][info][gc,stats    ] Concurrent Reset                   1439 us
[2026-04-03T02:37:58.899+0600][63.255s][info][gc,stats    ] Pause Init Mark (G)                 285 us
[2026-04-03T02:37:58.899+0600][63.255s][info][gc,stats    ] Pause Init Mark (N)                  97 us
[2026-04-03T02:37:58.899+0600][63.255s][info][gc,stats    ]   Update Region States               22 us
[2026-04-03T02:37:58.899+0600][63.255s][info][gc,stats    ] Concurrent Mark Roots              1026 us, parallelism: 1.85x
[2026-04-03T02:37:58.899+0600][63.255s][info][gc,stats    ]   CMR: <total>                     1898 us
[2026-04-03T02:37:58.899+0600][63.255s][info][gc,stats    ]   CMR: Thread Roots                1705 us, workers (us): 487, 608, 610, ---, ---, ---, 
[2026-04-03T02:37:58.899+0600][63.255s][info][gc,stats    ]   CMR: VM Strong Roots               24 us, workers (us):  23,   1,   1, ---, ---, ---, 
[2026-04-03T02:37:58.899+0600][63.255s][info][gc,stats    ]   CMR: CLDG Roots                   169 us, workers (us): 169, ---, ---, ---, ---, ---, 
[2026-04-03T02:37:58.899+0600][63.255s][info][gc,stats    ] Concurrent Marking                41495 us
[2026-04-03T02:37:58.899+0600][63.255s][info][gc,stats    ] Pause Final Mark (G)               1306 us
[2026-04-03T02:37:58.899+0600][63.255s][info][gc,stats    ] Pause Final Mark (N)                590 us
[2026-04-03T02:37:58.899+0600][63.255s][info][gc,stats    ]   Finish Mark                       185 us
[2026-04-03T02:37:58.899+0600][63.255s][info][gc,stats    ]   Update Region States               38 us
[2026-04-03T02:37:58.899+0600][63.255s][info][gc,stats    ]   Choose Collection Set             175 us
[2026-04-03T02:37:58.899+0600][63.255s][info][gc,stats    ]   Rebuild Free Set                   33 us
[2026-04-03T02:37:58.899+0600][63.255s][info][gc,stats    ] Concurrent Thread Roots            1145 us, parallelism: 2.08x
[2026-04-03T02:37:58.899+0600][63.255s][info][gc,stats    ]   CTR: <total>                     2384 us
[2026-04-03T02:37:58.899+0600][63.255s][info][gc,stats    ]   CTR: Thread Roots                2384 us, workers (us): 874, 783, 727, ---, ---, ---, 
[2026-04-03T02:37:58.899+0600][63.255s][info][gc,stats    ] Concurrent Weak References         1519 us, parallelism: 1.03x
[2026-04-03T02:37:58.899+0600][63.255s][info][gc,stats    ]   CWRF: <total>                    1567 us
[2026-04-03T02:37:58.899+0600][63.255s][info][gc,stats    ]   CWRF: Weak References            1567 us, workers (us): 1230, 257,  79, ---, ---, ---, 
[2026-04-03T02:37:58.899+0600][63.255s][info][gc,stats    ] Concurrent Weak Roots             10821 us
[2026-04-03T02:37:58.899+0600][63.255s][info][gc,stats    ]   Roots                            5022 us, parallelism: 2.69x
[2026-04-03T02:37:58.899+0600][63.255s][info][gc,stats    ]     CWR: <total>                  13512 us
[2026-04-03T02:37:58.899+0600][63.255s][info][gc,stats    ]     CWR: Code Cache Roots         10108 us, workers (us): 3188, 3539, 3381, ---, ---, ---, 
[2026-04-03T02:37:58.899+0600][63.255s][info][gc,stats    ]     CWR: VM Weak Roots             3204 us, workers (us): 1091, 1057, 1056, ---, ---, ---, 
[2026-04-03T02:37:58.899+0600][63.255s][info][gc,stats    ]     CWR: CLDG Roots                 200 us, workers (us): 200, ---, ---, ---, ---, ---, 
[2026-04-03T02:37:58.899+0600][63.255s][info][gc,stats    ]   Rendezvous                       5681 us
[2026-04-03T02:37:58.899+0600][63.255s][info][gc,stats    ] Concurrent Cleanup                  864 us
[2026-04-03T02:37:58.899+0600][63.255s][info][gc,stats    ] Concurrent Class Unloading        12604 us
[2026-04-03T02:37:58.899+0600][63.255s][info][gc,stats    ]   Unlink Stale                    10836 us
[2026-04-03T02:37:58.899+0600][63.255s][info][gc,stats    ]     System Dictionary               257 us
[2026-04-03T02:37:58.899+0600][63.255s][info][gc,stats    ]     Weak Class Links                  0 us
[2026-04-03T02:37:58.899+0600][63.255s][info][gc,stats    ]     Code Roots                    10576 us
[2026-04-03T02:37:58.899+0600][63.255s][info][gc,stats    ]   Rendezvous                        440 us
[2026-04-03T02:37:58.899+0600][63.255s][info][gc,stats    ]   Purge Unlinked                   1232 us
[2026-04-03T02:37:58.899+0600][63.255s][info][gc,stats    ]     Code Roots                     1219 us
[2026-04-03T02:37:58.899+0600][63.255s][info][gc,stats    ]     CLDG                             12 us
[2026-04-03T02:37:58.899+0600][63.255s][info][gc,stats    ]     Exception Caches                  0 us
[2026-04-03T02:37:58.899+0600][63.255s][info][gc,stats    ] Concurrent Strong Roots             757 us, parallelism: 0.57x
[2026-04-03T02:37:58.899+0600][63.255s][info][gc,stats    ]   CSR: <total>                      435 us
[2026-04-03T02:37:58.899+0600][63.255s][info][gc,stats    ]   CSR: VM Strong Roots               38 us, workers (us):  37,   1,   0, ---, ---, ---, 
[2026-04-03T02:37:58.899+0600][63.256s][info][gc,stats    ]   CSR: CLDG Roots                   396 us, workers (us): 396, ---, ---, ---, ---, ---, 
[2026-04-03T02:37:58.899+0600][63.256s][info][gc,stats    ] Concurrent Evacuation              3876 us
[2026-04-03T02:37:58.899+0600][63.256s][info][gc,stats    ] Pause Init Update Refs (G)          741 us
[2026-04-03T02:37:58.899+0600][63.256s][info][gc,stats    ] Pause Init Update Refs (N)          151 us
[2026-04-03T02:37:58.899+0600][63.256s][info][gc,stats    ]   Manage GCLABs                      42 us
[2026-04-03T02:37:58.899+0600][63.256s][info][gc,stats    ] Concurrent Update Refs            43980 us
[2026-04-03T02:37:58.899+0600][63.256s][info][gc,stats    ] Concurrent Update Thread Roots     1863 us
[2026-04-03T02:37:58.899+0600][63.256s][info][gc,stats    ] Pause Final Update Refs (G)         597 us
[2026-04-03T02:37:58.899+0600][63.256s][info][gc,stats    ] Pause Final Update Refs (N)         327 us
[2026-04-03T02:37:58.899+0600][63.256s][info][gc,stats    ]   Update Region States               69 us
[2026-04-03T02:37:58.899+0600][63.256s][info][gc,stats    ]   Trash Collection Set               27 us
[2026-04-03T02:37:58.899+0600][63.256s][info][gc,stats    ]   Rebuild Free Set                   61 us
[2026-04-03T02:37:58.899+0600][63.256s][info][gc,stats    ] Concurrent Cleanup                  688 us
[2026-04-03T02:37:58.899+0600][63.256s][info][gc,stats    ] Pacing                           170268 us
[2026-04-03T02:37:58.899+0600][63.256s][info][gc,stats    ] 
[2026-04-03T02:37:58.899+0600][63.256s][info][gc,stats    ] Allocation pacing accrued:
[2026-04-03T02:37:58.899+0600][63.256s][info][gc,stats    ]       5 of   730 ms (  0.7%): dispatcher-BlockManagerMaster
[2026-04-03T02:37:58.899+0600][63.256s][info][gc,stats    ]       1 of   730 ms (  0.2%): Spark Context Cleaner
[2026-04-03T02:37:58.899+0600][63.256s][info][gc,stats    ]      35 of   730 ms (  4.8%): Executor task launch worker for task 0.0 in stage 2427.0 (TID 4595)
[2026-04-03T02:37:58.900+0600][63.256s][info][gc,stats    ]      33 of   730 ms (  4.5%): Executor task launch worker for task 2.0 in stage 2427.0 (TID 4597)
[2026-04-03T02:37:58.900+0600][63.256s][info][gc,stats    ]      35 of   730 ms (  4.7%): Executor task launch worker for task 1.0 in stage 2427.0 (TID 4596)
[2026-04-03T02:37:58.900+0600][63.256s][info][gc,stats    ]      34 of   730 ms (  4.7%): Executor task launch worker for task 3.0 in stage 2427.0 (TID 4598)
[2026-04-03T02:37:58.900+0600][63.256s][info][gc,stats    ]       5 of   730 ms (  0.7%): block-manager-ask-thread-pool-17
[2026-04-03T02:37:58.900+0600][63.256s][info][gc,stats    ]      11 of   730 ms (  1.5%): block-manager-ask-thread-pool-19
[2026-04-03T02:37:58.900+0600][63.256s][info][gc,stats    ]      11 of   730 ms (  1.5%): block-manager-storage-async-thread-pool-87
[2026-04-03T02:37:58.900+0600][63.256s][info][gc,stats    ]     170 of   730 ms ( 23.3%): <total>
[2026-04-03T02:37:58.900+0600][63.256s][info][gc,stats    ]       1 of   730 ms (  0.1%): <average total>
[2026-04-03T02:37:58.900+0600][63.256s][info][gc,stats    ]      19 of   730 ms (  2.6%): <average non-zero>
[2026-04-03T02:37:58.900+0600][63.256s][info][gc,stats    ] 
[2026-04-03T02:37:58.900+0600][63.256s][info][gc,metaspace] Metaspace: 131642K(132992K)->131643K(132992K) NonClass: 115070K(115712K)->115071K(115712K) Class: 16572K(17280K)->16572K(17280K)
[2026-04-03T02:37:58.900+0600][63.256s][info][gc,ergo     ] Pacer for Idle. Initial: 30720K, Alloc Tax Rate: 1.0x
[2026-04-03T02:37:59.618+0600][63.974s][info][gc          ] Trigger: Average GC time (167.97 ms) is above the time for average allocation rate (1204 MB/s) to deplete free headroom (202M) (margin of error = 1.87)
[2026-04-03T02:37:59.618+0600][63.974s][info][gc,ergo     ] Free headroom: 277M (free) - 76800K (spike) - 0B (penalties) = 202M
[2026-04-03T02:37:59.618+0600][63.974s][info][gc,ergo     ] Free: 276M, Max: 512K regular, 114M humongous, Frag: 59% external, 0% internal; Reserve: 76800K, Max: 512K
[2026-04-03T02:37:59.618+0600][63.974s][info][gc,start    ] GC(52) Concurrent reset
[2026-04-03T02:37:59.618+0600][63.974s][info][gc,task     ] GC(52) Using 3 of 6 workers for concurrent reset
[2026-04-03T02:37:59.618+0600][63.974s][info][gc,ergo     ] GC(52) Pacer for Reset. Non-Taxable: 1500M
[2026-04-03T02:37:59.620+0600][63.976s][info][gc          ] GC(52) Concurrent reset 1.474ms
[2026-04-03T02:37:59.620+0600][63.976s][info][gc,start    ] GC(52) Pause Init Mark (unload classes)
[2026-04-03T02:37:59.620+0600][63.976s][info][gc,task     ] GC(52) Using 6 of 6 workers for init marking
[2026-04-03T02:37:59.620+0600][63.976s][info][gc,ergo     ] GC(52) Pacer for Mark. Expected Live: 92711K, Free: 275M, Non-Taxable: 28162K, Alloc Tax Rate: 0.4x
[2026-04-03T02:37:59.620+0600][63.976s][info][gc          ] GC(52) Pause Init Mark (unload classes) 0.167ms
[2026-04-03T02:37:59.620+0600][63.976s][info][gc,start    ] GC(52) Concurrent marking roots
[2026-04-03T02:37:59.620+0600][63.976s][info][gc,task     ] GC(52) Using 3 of 6 workers for concurrent marking roots
[2026-04-03T02:37:59.622+0600][63.978s][info][gc          ] GC(52) Concurrent marking roots 1.855ms
[2026-04-03T02:37:59.622+0600][63.978s][info][gc,start    ] GC(52) Concurrent marking (unload classes)
[2026-04-03T02:37:59.622+0600][63.978s][info][gc,task     ] GC(52) Using 3 of 6 workers for concurrent marking
[2026-04-03T02:37:59.689+0600][64.046s][info][gc          ] GC(52) Concurrent marking (unload classes) 67.510ms
[2026-04-03T02:37:59.690+0600][64.046s][info][gc,start    ] GC(52) Pause Final Mark (unload classes)
[2026-04-03T02:37:59.690+0600][64.046s][info][gc,task     ] GC(52) Using 6 of 6 workers for final marking
[2026-04-03T02:37:59.690+0600][64.047s][info][gc,ergo     ] GC(52) Adaptive CSet Selection. Target Free: 212M, Actual Free: 1043M, Max CSet: 64000K, Min Garbage: 0B
[2026-04-03T02:37:59.691+0600][64.047s][info][gc,ergo     ] GC(52) Collectable Garbage: 951M (99%), Immediate: 742M (77%), CSet: 209M (21%)
[2026-04-03T02:37:59.691+0600][64.047s][info][gc,ergo     ] GC(52) Pacer for Evacuation. Used CSet: 217M, Free: 1065M, Non-Taxable: 106M, Alloc Tax Rate: 1.1x
[2026-04-03T02:37:59.691+0600][64.047s][info][gc          ] GC(52) Pause Final Mark (unload classes) 0.874ms
[2026-04-03T02:37:59.691+0600][64.047s][info][gc,start    ] GC(52) Concurrent thread roots
[2026-04-03T02:37:59.691+0600][64.047s][info][gc,task     ] GC(52) Using 3 of 6 workers for Concurrent thread roots
[2026-04-03T02:37:59.695+0600][64.051s][info][gc          ] GC(52) Concurrent thread roots 4.001ms
[2026-04-03T02:37:59.695+0600][64.051s][info][gc,start    ] GC(52) Concurrent weak references
[2026-04-03T02:37:59.695+0600][64.051s][info][gc,task     ] GC(52) Using 3 of 6 workers for concurrent weak references
[2026-04-03T02:37:59.696+0600][64.052s][info][gc,ref      ] GC(52) Encountered references: Soft: 3792, Weak: 15541, Final: 84, Phantom: 620
[2026-04-03T02:37:59.696+0600][64.052s][info][gc,ref      ] GC(52) Discovered  references: Soft: 0, Weak: 5025, Final: 0, Phantom: 222
[2026-04-03T02:37:59.696+0600][64.052s][info][gc,ref      ] GC(52) Enqueued    references: Soft: 0, Weak: 414, Final: 0, Phantom: 0
[2026-04-03T02:37:59.696+0600][64.052s][info][gc          ] GC(52) Concurrent weak references 1.087ms
[2026-04-03T02:37:59.696+0600][64.052s][info][gc,start    ] GC(52) Concurrent weak roots
[2026-04-03T02:37:59.696+0600][64.052s][info][gc,task     ] GC(52) Using 3 of 6 workers for concurrent weak root
[2026-04-03T02:37:59.704+0600][64.060s][info][gc          ] GC(52) Concurrent weak roots 7.502ms
[2026-04-03T02:37:59.704+0600][64.060s][info][gc,start    ] GC(52) Concurrent cleanup
[2026-04-03T02:37:59.705+0600][64.061s][info][gc          ] GC(52) Concurrent cleanup 1108M->366M(1339M) 1.173ms
[2026-04-03T02:37:59.705+0600][64.061s][info][gc,ergo     ] GC(52) Free: 1051M, Max: 512K regular, 175M humongous, Frag: 84% external, 0% internal; Reserve: 75677K, Max: 512K
[2026-04-03T02:37:59.705+0600][64.061s][info][gc,start    ] GC(52) Concurrent class unloading
[2026-04-03T02:37:59.705+0600][64.061s][info][gc,task     ] GC(52) Using 3 of 6 workers for concurrent class unloading
[2026-04-03T02:37:59.726+0600][64.082s][info][gc          ] GC(52) Concurrent class unloading 21.070ms
[2026-04-03T02:37:59.726+0600][64.082s][info][gc,start    ] GC(52) Concurrent strong roots
[2026-04-03T02:37:59.726+0600][64.082s][info][gc,task     ] GC(52) Using 3 of 6 workers for concurrent strong root
[2026-04-03T02:37:59.728+0600][64.084s][info][gc          ] GC(52) Concurrent strong roots 1.436ms
[2026-04-03T02:37:59.728+0600][64.084s][info][gc,start    ] GC(52) Concurrent evacuation
[2026-04-03T02:37:59.728+0600][64.084s][info][gc,task     ] GC(52) Using 3 of 6 workers for concurrent evacuation
[2026-04-03T02:37:59.732+0600][64.089s][info][gc          ] GC(52) Concurrent evacuation 4.727ms
[2026-04-03T02:37:59.733+0600][64.089s][info][gc,start    ] GC(52) Pause Init Update Refs
[2026-04-03T02:37:59.733+0600][64.089s][info][gc,ergo     ] GC(52) Pacer for Update Refs. Used: 390M, Free: 1032M, Non-Taxable: 103M, Alloc Tax Rate: 1.1x
[2026-04-03T02:37:59.733+0600][64.089s][info][gc          ] GC(52) Pause Init Update Refs 0.174ms
[2026-04-03T02:37:59.733+0600][64.089s][info][gc,start    ] GC(52) Concurrent update references
[2026-04-03T02:37:59.733+0600][64.089s][info][gc,task     ] GC(52) Using 3 of 6 workers for concurrent reference update
[2026-04-03T02:37:59.785+0600][64.141s][info][gc          ] GC(52) Concurrent update references 51.943ms
[2026-04-03T02:37:59.785+0600][64.141s][info][gc,start    ] GC(52) Concurrent update thread roots
[2026-04-03T02:37:59.787+0600][64.143s][info][gc          ] GC(52) Concurrent update thread roots 1.767ms
[2026-04-03T02:37:59.787+0600][64.143s][info][gc,start    ] GC(52) Pause Final Update Refs
[2026-04-03T02:37:59.787+0600][64.143s][info][gc,task     ] GC(52) Using 6 of 6 workers for final reference update
[2026-04-03T02:37:59.787+0600][64.144s][info][gc          ] GC(52) Pause Final Update Refs 0.188ms
[2026-04-03T02:37:59.788+0600][64.144s][info][gc,start    ] GC(52) Concurrent cleanup
[2026-04-03T02:37:59.788+0600][64.145s][info][gc          ] GC(52) Concurrent cleanup 434M->218M(1339M) 0.674ms
[2026-04-03T02:37:59.789+0600][64.145s][info][gc,ergo     ] Free: 1190M, Max: 512K regular, 605M humongous, Frag: 50% external, 0% internal; Reserve: 76800K, Max: 512K
[2026-04-03T02:37:59.789+0600][64.145s][info][gc,stats    ] 
[2026-04-03T02:37:59.789+0600][64.145s][info][gc,stats    ] All times are wall-clock times, except per-root-class counters, that are sum over
[2026-04-03T02:37:59.789+0600][64.145s][info][gc,stats    ] all workers. Dividing the <total> over the root stage time estimates parallelism.
[2026-04-03T02:37:59.789+0600][64.145s][info][gc,stats    ] 
[2026-04-03T02:37:59.789+0600][64.145s][info][gc,stats    ] Concurrent Reset                   1528 us
[2026-04-03T02:37:59.789+0600][64.145s][info][gc,stats    ] Pause Init Mark (G)                 441 us
[2026-04-03T02:37:59.789+0600][64.145s][info][gc,stats    ] Pause Init Mark (N)                 177 us
[2026-04-03T02:37:59.789+0600][64.145s][info][gc,stats    ]   Update Region States               35 us
[2026-04-03T02:37:59.789+0600][64.145s][info][gc,stats    ] Concurrent Mark Roots              1926 us, parallelism: 1.88x
[2026-04-03T02:37:59.789+0600][64.145s][info][gc,stats    ]   CMR: <total>                     3618 us
[2026-04-03T02:37:59.789+0600][64.145s][info][gc,stats    ]   CMR: Thread Roots                3179 us, workers (us): 824, 1181, 1174, ---, ---, ---, 
[2026-04-03T02:37:59.789+0600][64.145s][info][gc,stats    ]   CMR: VM Strong Roots               66 us, workers (us):  40,  25,   1, ---, ---, ---, 
[2026-04-03T02:37:59.789+0600][64.145s][info][gc,stats    ]   CMR: CLDG Roots                   373 us, workers (us): 373, ---, ---, ---, ---, ---, 
[2026-04-03T02:37:59.789+0600][64.145s][info][gc,stats    ] Concurrent Marking                67622 us
[2026-04-03T02:37:59.789+0600][64.145s][info][gc,stats    ] Pause Final Mark (G)               1255 us
[2026-04-03T02:37:59.789+0600][64.145s][info][gc,stats    ] Pause Final Mark (N)                886 us
[2026-04-03T02:37:59.789+0600][64.145s][info][gc,stats    ]   Finish Mark                       412 us
[2026-04-03T02:37:59.789+0600][64.145s][info][gc,stats    ]   Update Region States               49 us
[2026-04-03T02:37:59.789+0600][64.145s][info][gc,stats    ]   Choose Collection Set             254 us
[2026-04-03T02:37:59.789+0600][64.145s][info][gc,stats    ]   Rebuild Free Set                   46 us
[2026-04-03T02:37:59.789+0600][64.145s][info][gc,stats    ] Concurrent Thread Roots            4071 us, parallelism: 1.64x
[2026-04-03T02:37:59.789+0600][64.145s][info][gc,stats    ]   CTR: <total>                     6689 us
[2026-04-03T02:37:59.789+0600][64.145s][info][gc,stats    ]   CTR: Thread Roots                6689 us, workers (us): 1596, 3809, 1284, ---, ---, ---, 
[2026-04-03T02:37:59.789+0600][64.145s][info][gc,stats    ] Concurrent Weak References         1104 us, parallelism: 0.83x
[2026-04-03T02:37:59.789+0600][64.145s][info][gc,stats    ]   CWRF: <total>                     917 us
[2026-04-03T02:37:59.789+0600][64.145s][info][gc,stats    ]   CWRF: Weak References             917 us, workers (us): 797, 118,   2, ---, ---, ---, 
[2026-04-03T02:37:59.789+0600][64.145s][info][gc,stats    ] Concurrent Weak Roots              7610 us
[2026-04-03T02:37:59.789+0600][64.145s][info][gc,stats    ]   Roots                            7089 us, parallelism: 2.47x
[2026-04-03T02:37:59.789+0600][64.145s][info][gc,stats    ]     CWR: <total>                  17494 us
[2026-04-03T02:37:59.789+0600][64.145s][info][gc,stats    ]     CWR: Code Cache Roots         13916 us, workers (us): 4868, 4344, 4704, ---, ---, ---, 
[2026-04-03T02:37:59.789+0600][64.145s][info][gc,stats    ]     CWR: VM Weak Roots             3320 us, workers (us): 1719, 1541,  60, ---, ---, ---, 
[2026-04-03T02:37:59.789+0600][64.145s][info][gc,stats    ]     CWR: CLDG Roots                 258 us, workers (us): ---, 258, ---, ---, ---, ---, 
[2026-04-03T02:37:59.789+0600][64.145s][info][gc,stats    ]   Rendezvous                        374 us
[2026-04-03T02:37:59.789+0600][64.145s][info][gc,stats    ] Concurrent Cleanup                 1232 us
[2026-04-03T02:37:59.789+0600][64.145s][info][gc,stats    ] Concurrent Class Unloading        21220 us
[2026-04-03T02:37:59.789+0600][64.145s][info][gc,stats    ]   Unlink Stale                    18955 us
[2026-04-03T02:37:59.789+0600][64.145s][info][gc,stats    ]     System Dictionary               347 us
[2026-04-03T02:37:59.789+0600][64.145s][info][gc,stats    ]     Weak Class Links                  0 us
[2026-04-03T02:37:59.789+0600][64.145s][info][gc,stats    ]     Code Roots                    18603 us
[2026-04-03T02:37:59.789+0600][64.145s][info][gc,stats    ]   Rendezvous                        486 us
[2026-04-03T02:37:59.789+0600][64.145s][info][gc,stats    ]   Purge Unlinked                   1576 us
[2026-04-03T02:37:59.789+0600][64.145s][info][gc,stats    ]     Code Roots                     1553 us
[2026-04-03T02:37:59.789+0600][64.145s][info][gc,stats    ]     CLDG                             22 us
[2026-04-03T02:37:59.789+0600][64.145s][info][gc,stats    ]     Exception Caches                  1 us
[2026-04-03T02:37:59.789+0600][64.145s][info][gc,stats    ] Concurrent Strong Roots            1531 us, parallelism: 0.58x
[2026-04-03T02:37:59.789+0600][64.145s][info][gc,stats    ]   CSR: <total>                      890 us
[2026-04-03T02:37:59.789+0600][64.145s][info][gc,stats    ]   CSR: VM Strong Roots               70 us, workers (us):  45,  25,   0, ---, ---, ---, 
[2026-04-03T02:37:59.789+0600][64.145s][info][gc,stats    ]   CSR: CLDG Roots                   821 us, workers (us): ---, 821, ---, ---, ---, ---, 
[2026-04-03T02:37:59.789+0600][64.145s][info][gc,stats    ] Concurrent Evacuation              4848 us
[2026-04-03T02:37:59.789+0600][64.145s][info][gc,stats    ] Pause Init Update Refs (G)          580 us
[2026-04-03T02:37:59.789+0600][64.145s][info][gc,stats    ] Pause Init Update Refs (N)          188 us
[2026-04-03T02:37:59.789+0600][64.145s][info][gc,stats    ]   Manage GCLABs                      38 us
[2026-04-03T02:37:59.789+0600][64.146s][info][gc,stats    ] Concurrent Update Refs            52044 us
[2026-04-03T02:37:59.789+0600][64.146s][info][gc,stats    ] Concurrent Update Thread Roots     1830 us
[2026-04-03T02:37:59.789+0600][64.146s][info][gc,stats    ] Pause Final Update Refs (G)         724 us
[2026-04-03T02:37:59.789+0600][64.146s][info][gc,stats    ] Pause Final Update Refs (N)         207 us
[2026-04-03T02:37:59.789+0600][64.146s][info][gc,stats    ]   Update Region States               54 us
[2026-04-03T02:37:59.789+0600][64.146s][info][gc,stats    ]   Trash Collection Set               19 us
[2026-04-03T02:37:59.789+0600][64.146s][info][gc,stats    ]   Rebuild Free Set                   44 us
[2026-04-03T02:37:59.789+0600][64.146s][info][gc,stats    ] Concurrent Cleanup                  720 us
[2026-04-03T02:37:59.789+0600][64.146s][info][gc,stats    ] Pacing                           162175 us
[2026-04-03T02:37:59.789+0600][64.146s][info][gc,stats    ] 
[2026-04-03T02:37:59.789+0600][64.146s][info][gc,stats    ] Allocation pacing accrued:
[2026-04-03T02:37:59.789+0600][64.146s][info][gc,stats    ]      22 of   890 ms (  2.5%): Executor task launch worker for task 4.0 in stage 2459.0 (TID 4727)
[2026-04-03T02:37:59.789+0600][64.146s][info][gc,stats    ]      22 of   890 ms (  2.5%): Executor task launch worker for task 1.0 in stage 2459.0 (TID 4724)
[2026-04-03T02:37:59.789+0600][64.146s][info][gc,stats    ]      22 of   890 ms (  2.5%): Executor task launch worker for task 5.0 in stage 2459.0 (TID 4728)
[2026-04-03T02:37:59.789+0600][64.146s][info][gc,stats    ]      17 of   890 ms (  1.9%): Executor task launch worker for task 0.0 in stage 2459.0 (TID 4723)
[2026-04-03T02:37:59.789+0600][64.146s][info][gc,stats    ]      21 of   890 ms (  2.4%): Executor task launch worker for task 3.0 in stage 2459.0 (TID 4726)
[2026-04-03T02:37:59.789+0600][64.146s][info][gc,stats    ]      18 of   890 ms (  2.1%): Executor task launch worker for task 2.0 in stage 2459.0 (TID 4725)
[2026-04-03T02:37:59.789+0600][64.146s][info][gc,stats    ]      16 of   890 ms (  1.8%): Executor task launch worker for task 7.0 in stage 2459.0 (TID 4730)
[2026-04-03T02:37:59.790+0600][64.146s][info][gc,stats    ]      22 of   890 ms (  2.5%): Executor task launch worker for task 6.0 in stage 2459.0 (TID 4729)
[2026-04-03T02:37:59.790+0600][64.146s][info][gc,stats    ]     162 of   890 ms ( 18.2%): <total>
[2026-04-03T02:37:59.790+0600][64.146s][info][gc,stats    ]       1 of   890 ms (  0.1%): <average total>
[2026-04-03T02:37:59.790+0600][64.146s][info][gc,stats    ]      20 of   890 ms (  2.3%): <average non-zero>
[2026-04-03T02:37:59.790+0600][64.146s][info][gc,stats    ] 
[2026-04-03T02:37:59.790+0600][64.146s][info][gc,metaspace] Metaspace: 131676K(133056K)->131679K(133056K) NonClass: 115103K(115776K)->115106K(115776K) Class: 16572K(17280K)->16572K(17280K)
[2026-04-03T02:37:59.790+0600][64.146s][info][gc,ergo     ] Pacer for Idle. Initial: 30720K, Alloc Tax Rate: 1.0x
[2026-04-03T02:38:00.595+0600][64.951s][info][gc          ] Trigger: Average GC time (190.85 ms) is above the time for average allocation rate (1202 MB/s) to deplete free headroom (215M) (margin of error = 1.87)
[2026-04-03T02:38:00.595+0600][64.951s][info][gc,ergo     ] Free headroom: 290M (free) - 76800K (spike) - 0B (penalties) = 215M
[2026-04-03T02:38:00.595+0600][64.951s][info][gc,ergo     ] Free: 284M, Max: 512K regular, 188M humongous, Frag: 34% external, 0% internal; Reserve: 76800K, Max: 512K
[2026-04-03T02:38:00.595+0600][64.951s][info][gc,start    ] GC(53) Concurrent reset
[2026-04-03T02:38:00.595+0600][64.951s][info][gc,task     ] GC(53) Using 3 of 6 workers for concurrent reset
[2026-04-03T02:38:00.595+0600][64.951s][info][gc,ergo     ] GC(53) Pacer for Reset. Non-Taxable: 1500M
[2026-04-03T02:38:00.597+0600][64.953s][info][gc          ] GC(53) Concurrent reset 2.065ms
[2026-04-03T02:38:00.598+0600][64.954s][info][gc,start    ] GC(53) Pause Init Mark (unload classes)
[2026-04-03T02:38:00.598+0600][64.954s][info][gc,task     ] GC(53) Using 6 of 6 workers for init marking
[2026-04-03T02:38:00.598+0600][64.954s][info][gc,ergo     ] GC(53) Pacer for Mark. Expected Live: 93023K, Free: 251M, Non-Taxable: 25706K, Alloc Tax Rate: 0.4x
[2026-04-03T02:38:00.598+0600][64.954s][info][gc          ] GC(53) Pause Init Mark (unload classes) 0.156ms
[2026-04-03T02:38:00.598+0600][64.954s][info][gc,start    ] GC(53) Concurrent marking roots
[2026-04-03T02:38:00.598+0600][64.954s][info][gc,task     ] GC(53) Using 3 of 6 workers for concurrent marking roots
[2026-04-03T02:38:00.600+0600][64.956s][info][gc          ] GC(53) Concurrent marking roots 1.659ms
[2026-04-03T02:38:00.600+0600][64.956s][info][gc,start    ] GC(53) Concurrent marking (unload classes)
[2026-04-03T02:38:00.600+0600][64.956s][info][gc,task     ] GC(53) Using 3 of 6 workers for concurrent marking
[2026-04-03T02:38:00.649+0600][65.006s][info][gc          ] GC(53) Concurrent marking (unload classes) 49.599ms
[2026-04-03T02:38:00.650+0600][65.006s][info][gc,start    ] GC(53) Pause Final Mark (unload classes)
[2026-04-03T02:38:00.650+0600][65.006s][info][gc,task     ] GC(53) Using 6 of 6 workers for final marking
[2026-04-03T02:38:00.650+0600][65.006s][info][gc,ergo     ] GC(53) Adaptive CSet Selection. Target Free: 212M, Actual Free: 1009M, Max CSet: 64000K, Min Garbage: 0B
[2026-04-03T02:38:00.650+0600][65.006s][info][gc,ergo     ] GC(53) Collectable Garbage: 968M (99%), Immediate: 788M (80%), CSet: 180M (18%)
[2026-04-03T02:38:00.650+0600][65.007s][info][gc,ergo     ] GC(53) Pacer for Evacuation. Used CSet: 190M, Free: 1022M, Non-Taxable: 102M, Alloc Tax Rate: 1.1x
[2026-04-03T02:38:00.650+0600][65.007s][info][gc          ] GC(53) Pause Final Mark (unload classes) 0.627ms
[2026-04-03T02:38:00.650+0600][65.007s][info][gc,start    ] GC(53) Concurrent thread roots
[2026-04-03T02:38:00.651+0600][65.007s][info][gc,task     ] GC(53) Using 3 of 6 workers for Concurrent thread roots
[2026-04-03T02:38:00.652+0600][65.008s][info][gc          ] GC(53) Concurrent thread roots 1.197ms
[2026-04-03T02:38:00.652+0600][65.008s][info][gc,start    ] GC(53) Concurrent weak references
[2026-04-03T02:38:00.652+0600][65.008s][info][gc,task     ] GC(53) Using 3 of 6 workers for concurrent weak references
[2026-04-03T02:38:00.653+0600][65.009s][info][gc,ref      ] GC(53) Encountered references: Soft: 3788, Weak: 16826, Final: 84, Phantom: 629
[2026-04-03T02:38:00.653+0600][65.009s][info][gc,ref      ] GC(53) Discovered  references: Soft: 0, Weak: 10784, Final: 84, Phantom: 233
[2026-04-03T02:38:00.653+0600][65.009s][info][gc,ref      ] GC(53) Enqueued    references: Soft: 0, Weak: 2312, Final: 0, Phantom: 0
[2026-04-03T02:38:00.653+0600][65.009s][info][gc          ] GC(53) Concurrent weak references 1.223ms
[2026-04-03T02:38:00.653+0600][65.009s][info][gc,start    ] GC(53) Concurrent weak roots
[2026-04-03T02:38:00.653+0600][65.009s][info][gc,task     ] GC(53) Using 3 of 6 workers for concurrent weak root
[2026-04-03T02:38:00.661+0600][65.017s][info][gc          ] GC(53) Concurrent weak roots 7.951ms
[2026-04-03T02:38:00.661+0600][65.017s][info][gc,start    ] GC(53) Concurrent cleanup
[2026-04-03T02:38:00.663+0600][65.019s][info][gc          ] GC(53) Concurrent cleanup 1243M->468M(1371M) 1.489ms
[2026-04-03T02:38:00.663+0600][65.019s][info][gc,ergo     ] GC(53) Free: 935M, Max: 512K regular, 65536K humongous, Frag: 94% external, 0% internal; Reserve: 74743K, Max: 512K
[2026-04-03T02:38:00.663+0600][65.019s][info][gc,start    ] GC(53) Concurrent class unloading
[2026-04-03T02:38:00.663+0600][65.019s][info][gc,task     ] GC(53) Using 3 of 6 workers for concurrent class unloading
[2026-04-03T02:38:00.679+0600][65.036s][info][gc          ] GC(53) Concurrent class unloading 16.703ms
[2026-04-03T02:38:00.679+0600][65.036s][info][gc,start    ] GC(53) Concurrent strong roots
[2026-04-03T02:38:00.679+0600][65.036s][info][gc,task     ] GC(53) Using 3 of 6 workers for concurrent strong root
[2026-04-03T02:38:00.680+0600][65.037s][info][gc          ] GC(53) Concurrent strong roots 1.004ms
[2026-04-03T02:38:00.680+0600][65.037s][info][gc,start    ] GC(53) Concurrent evacuation
[2026-04-03T02:38:00.681+0600][65.037s][info][gc,task     ] GC(53) Using 3 of 6 workers for concurrent evacuation
[2026-04-03T02:38:00.685+0600][65.041s][info][gc          ] GC(53) Concurrent evacuation 4.628ms
[2026-04-03T02:38:00.685+0600][65.042s][info][gc,start    ] GC(53) Pause Init Update Refs
[2026-04-03T02:38:00.686+0600][65.042s][info][gc,ergo     ] GC(53) Pacer for Update Refs. Used: 512M, Free: 896M, Non-Taxable: 91800K, Alloc Tax Rate: 1.1x
[2026-04-03T02:38:00.686+0600][65.042s][info][gc          ] GC(53) Pause Init Update Refs 0.115ms
[2026-04-03T02:38:00.686+0600][65.042s][info][gc,start    ] GC(53) Concurrent update references
[2026-04-03T02:38:00.686+0600][65.042s][info][gc,task     ] GC(53) Using 3 of 6 workers for concurrent reference update
[2026-04-03T02:38:00.733+0600][65.089s][info][gc          ] GC(53) Concurrent update references 46.880ms
[2026-04-03T02:38:00.733+0600][65.089s][info][gc,start    ] GC(53) Concurrent update thread roots
[2026-04-03T02:38:00.734+0600][65.090s][info][gc          ] GC(53) Concurrent update thread roots 1.388ms
[2026-04-03T02:38:00.734+0600][65.090s][info][gc,start    ] GC(53) Pause Final Update Refs
[2026-04-03T02:38:00.734+0600][65.090s][info][gc,task     ] GC(53) Using 6 of 6 workers for final reference update
[2026-04-03T02:38:00.734+0600][65.091s][info][gc          ] GC(53) Pause Final Update Refs 0.212ms
[2026-04-03T02:38:00.734+0600][65.091s][info][gc,start    ] GC(53) Concurrent cleanup
[2026-04-03T02:38:00.735+0600][65.091s][info][gc          ] GC(53) Concurrent cleanup 564M->373M(1373M) 0.695ms
[2026-04-03T02:38:00.735+0600][65.091s][info][gc,ergo     ] Free: 1017M, Max: 512K regular, 797M humongous, Frag: 22% external, 0% internal; Reserve: 76800K, Max: 512K
[2026-04-03T02:38:00.735+0600][65.091s][info][gc,stats    ] 
[2026-04-03T02:38:00.735+0600][65.091s][info][gc,stats    ] All times are wall-clock times, except per-root-class counters, that are sum over
[2026-04-03T02:38:00.735+0600][65.092s][info][gc,stats    ] all workers. Dividing the <total> over the root stage time estimates parallelism.
[2026-04-03T02:38:00.735+0600][65.092s][info][gc,stats    ] 
[2026-04-03T02:38:00.735+0600][65.092s][info][gc,stats    ] Concurrent Reset                   2127 us
[2026-04-03T02:38:00.735+0600][65.092s][info][gc,stats    ] Pause Init Mark (G)                1177 us
[2026-04-03T02:38:00.735+0600][65.092s][info][gc,stats    ] Pause Init Mark (N)                 166 us
[2026-04-03T02:38:00.735+0600][65.092s][info][gc,stats    ]   Update Region States               34 us
[2026-04-03T02:38:00.735+0600][65.092s][info][gc,stats    ] Concurrent Mark Roots              1707 us, parallelism: 2.14x
[2026-04-03T02:38:00.735+0600][65.092s][info][gc,stats    ]   CMR: <total>                     3651 us
[2026-04-03T02:38:00.735+0600][65.092s][info][gc,stats    ]   CMR: Thread Roots                3021 us, workers (us): 618, 1210, 1193, ---, ---, ---, 
[2026-04-03T02:38:00.735+0600][65.092s][info][gc,stats    ]   CMR: VM Strong Roots               48 us, workers (us):  46,   1,   1, ---, ---, ---, 
[2026-04-03T02:38:00.735+0600][65.092s][info][gc,stats    ]   CMR: CLDG Roots                   583 us, workers (us): 583, ---, ---, ---, ---, ---, 
[2026-04-03T02:38:00.735+0600][65.092s][info][gc,stats    ] Concurrent Marking                49683 us
[2026-04-03T02:38:00.735+0600][65.092s][info][gc,stats    ] Pause Final Mark (G)                952 us
[2026-04-03T02:38:00.735+0600][65.092s][info][gc,stats    ] Pause Final Mark (N)                639 us
[2026-04-03T02:38:00.735+0600][65.092s][info][gc,stats    ]   Finish Mark                       260 us
[2026-04-03T02:38:00.735+0600][65.092s][info][gc,stats    ]   Update Region States               46 us
[2026-04-03T02:38:00.735+0600][65.092s][info][gc,stats    ]   Choose Collection Set             179 us
[2026-04-03T02:38:00.735+0600][65.092s][info][gc,stats    ]   Rebuild Free Set                   35 us
[2026-04-03T02:38:00.735+0600][65.092s][info][gc,stats    ] Concurrent Thread Roots            1286 us, parallelism: 2.29x
[2026-04-03T02:38:00.735+0600][65.092s][info][gc,stats    ]   CTR: <total>                     2949 us
[2026-04-03T02:38:00.735+0600][65.092s][info][gc,stats    ]   CTR: Thread Roots                2949 us, workers (us): 981, 983, 984, ---, ---, ---, 
[2026-04-03T02:38:00.735+0600][65.092s][info][gc,stats    ] Concurrent Weak References         1238 us, parallelism: 1.55x
[2026-04-03T02:38:00.735+0600][65.092s][info][gc,stats    ]   CWRF: <total>                    1915 us
[2026-04-03T02:38:00.735+0600][65.092s][info][gc,stats    ]   CWRF: Weak References            1915 us, workers (us): 992, 467, 456, ---, ---, ---, 
[2026-04-03T02:38:00.735+0600][65.092s][info][gc,stats    ] Concurrent Weak Roots              8049 us
[2026-04-03T02:38:00.736+0600][65.092s][info][gc,stats    ]   Roots                            5579 us, parallelism: 2.76x
[2026-04-03T02:38:00.736+0600][65.092s][info][gc,stats    ]     CWR: <total>                  15392 us
[2026-04-03T02:38:00.736+0600][65.092s][info][gc,stats    ]     CWR: Code Cache Roots         12090 us, workers (us): 4080, 4156, 3854, ---, ---, ---, 
[2026-04-03T02:38:00.736+0600][65.092s][info][gc,stats    ]     CWR: VM Weak Roots             3118 us, workers (us): 1062, 1031, 1026, ---, ---, ---, 
[2026-04-03T02:38:00.736+0600][65.092s][info][gc,stats    ]     CWR: CLDG Roots                 184 us, workers (us): ---, ---, 184, ---, ---, ---, 
[2026-04-03T02:38:00.736+0600][65.092s][info][gc,stats    ]   Rendezvous                       2337 us
[2026-04-03T02:38:00.736+0600][65.092s][info][gc,stats    ] Concurrent Cleanup                 1546 us
[2026-04-03T02:38:00.736+0600][65.092s][info][gc,stats    ] Concurrent Class Unloading        16781 us
[2026-04-03T02:38:00.736+0600][65.092s][info][gc,stats    ]   Unlink Stale                    14746 us
[2026-04-03T02:38:00.736+0600][65.092s][info][gc,stats    ]     System Dictionary               299 us
[2026-04-03T02:38:00.736+0600][65.092s][info][gc,stats    ]     Weak Class Links                  0 us
[2026-04-03T02:38:00.736+0600][65.092s][info][gc,stats    ]     Code Roots                    14443 us
[2026-04-03T02:38:00.736+0600][65.092s][info][gc,stats    ]   Rendezvous                        307 us
[2026-04-03T02:38:00.736+0600][65.092s][info][gc,stats    ]   Purge Unlinked                   1589 us
[2026-04-03T02:38:00.736+0600][65.092s][info][gc,stats    ]     Code Roots                     1576 us
[2026-04-03T02:38:00.736+0600][65.092s][info][gc,stats    ]     CLDG                             12 us
[2026-04-03T02:38:00.736+0600][65.092s][info][gc,stats    ]     Exception Caches                  1 us
[2026-04-03T02:38:00.736+0600][65.092s][info][gc,stats    ] Concurrent Strong Roots            1036 us, parallelism: 0.64x
[2026-04-03T02:38:00.736+0600][65.092s][info][gc,stats    ]   CSR: <total>                      667 us
[2026-04-03T02:38:00.736+0600][65.092s][info][gc,stats    ]   CSR: VM Strong Roots               39 us, workers (us):  38,   1,   0, ---, ---, ---, 
[2026-04-03T02:38:00.736+0600][65.092s][info][gc,stats    ]   CSR: CLDG Roots                   627 us, workers (us): 627, ---, ---, ---, ---, ---, 
[2026-04-03T02:38:00.736+0600][65.092s][info][gc,stats    ] Concurrent Evacuation              4713 us
[2026-04-03T02:38:00.736+0600][65.092s][info][gc,stats    ] Pause Init Update Refs (G)          396 us
[2026-04-03T02:38:00.736+0600][65.092s][info][gc,stats    ] Pause Init Update Refs (N)          127 us
[2026-04-03T02:38:00.736+0600][65.092s][info][gc,stats    ]   Manage GCLABs                      32 us
[2026-04-03T02:38:00.736+0600][65.092s][info][gc,stats    ] Concurrent Update Refs            46982 us
[2026-04-03T02:38:00.736+0600][65.092s][info][gc,stats    ] Concurrent Update Thread Roots     1443 us
[2026-04-03T02:38:00.736+0600][65.092s][info][gc,stats    ] Pause Final Update Refs (G)         395 us
[2026-04-03T02:38:00.736+0600][65.092s][info][gc,stats    ] Pause Final Update Refs (N)         239 us
[2026-04-03T02:38:00.736+0600][65.092s][info][gc,stats    ]   Update Region States               61 us
[2026-04-03T02:38:00.736+0600][65.092s][info][gc,stats    ]   Trash Collection Set               21 us
[2026-04-03T02:38:00.736+0600][65.092s][info][gc,stats    ]   Rebuild Free Set                   49 us
[2026-04-03T02:38:00.736+0600][65.092s][info][gc,stats    ] Concurrent Cleanup                  726 us
[2026-04-03T02:38:00.736+0600][65.092s][info][gc,stats    ] Pacing                           294097 us
[2026-04-03T02:38:00.736+0600][65.092s][info][gc,stats    ] 
[2026-04-03T02:38:00.736+0600][65.092s][info][gc,stats    ] Allocation pacing accrued:
[2026-04-03T02:38:00.736+0600][65.092s][info][gc,stats    ]      11 of   946 ms (  1.2%): Spark Context Cleaner
[2026-04-03T02:38:00.736+0600][65.092s][info][gc,stats    ]      61 of   946 ms (  6.4%): Executor task launch worker for task 1.0 in stage 2581.0 (TID 4838)
[2026-04-03T02:38:00.736+0600][65.092s][info][gc,stats    ]      60 of   946 ms (  6.3%): Executor task launch worker for task 0.0 in stage 2581.0 (TID 4837)
[2026-04-03T02:38:00.736+0600][65.092s][info][gc,stats    ]      56 of   946 ms (  5.9%): Executor task launch worker for task 2.0 in stage 2581.0 (TID 4839)
[2026-04-03T02:38:00.736+0600][65.092s][info][gc,stats    ]      56 of   946 ms (  5.9%): Executor task launch worker for task 3.0 in stage 2581.0 (TID 4840)
[2026-04-03T02:38:00.736+0600][65.092s][info][gc,stats    ]      11 of   946 ms (  1.2%): block-manager-storage-async-thread-pool-16
[2026-04-03T02:38:00.736+0600][65.092s][info][gc,stats    ]      11 of   946 ms (  1.2%): block-manager-storage-async-thread-pool-71
[2026-04-03T02:38:00.736+0600][65.092s][info][gc,stats    ]      11 of   946 ms (  1.2%): block-manager-storage-async-thread-pool-77
[2026-04-03T02:38:00.736+0600][65.092s][info][gc,stats    ]       5 of   946 ms (  0.6%): block-manager-storage-async-thread-pool-94
[2026-04-03T02:38:00.736+0600][65.092s][info][gc,stats    ]       6 of   946 ms (  0.6%): block-manager-ask-thread-pool-69
[2026-04-03T02:38:00.736+0600][65.092s][info][gc,stats    ]       6 of   946 ms (  0.6%): block-manager-ask-thread-pool-88
[2026-04-03T02:38:00.736+0600][65.092s][info][gc,stats    ]     294 of   946 ms ( 31.1%): <total>
[2026-04-03T02:38:00.736+0600][65.092s][info][gc,stats    ]       1 of   946 ms (  0.1%): <average total>
[2026-04-03T02:38:00.736+0600][65.092s][info][gc,stats    ]      27 of   946 ms (  2.8%): <average non-zero>
[2026-04-03T02:38:00.736+0600][65.092s][info][gc,stats    ] 
[2026-04-03T02:38:00.736+0600][65.092s][info][gc,metaspace] Metaspace: 131680K(133056K)->131680K(133056K) NonClass: 115107K(115776K)->115107K(115776K) Class: 16572K(17280K)->16572K(17280K)
[2026-04-03T02:38:00.736+0600][65.092s][info][gc,ergo     ] Pacer for Idle. Initial: 30720K, Alloc Tax Rate: 1.0x
[2026-04-03T02:38:00.837+0600][65.194s][info][gc          ] Trigger: Average GC time (176.46 ms) is above the time for instantaneous allocation rate (3942 MB/s) to deplete free headroom (545M) (spike threshold = 1.78)
[2026-04-03T02:38:00.837+0600][65.194s][info][gc,ergo     ] Free: 620M, Max: 512K regular, 556M humongous, Frag: 11% external, 0% internal; Reserve: 76800K, Max: 512K
[2026-04-03T02:38:00.837+0600][65.194s][info][gc,start    ] GC(54) Concurrent reset
[2026-04-03T02:38:00.837+0600][65.194s][info][gc,task     ] GC(54) Using 3 of 6 workers for concurrent reset
[2026-04-03T02:38:00.837+0600][65.194s][info][gc,ergo     ] GC(54) Pacer for Reset. Non-Taxable: 1500M
[2026-04-03T02:38:00.839+0600][65.195s][info][gc          ] GC(54) Concurrent reset 1.115ms
[2026-04-03T02:38:00.839+0600][65.195s][info][gc,start    ] GC(54) Pause Init Mark (unload classes)
[2026-04-03T02:38:00.839+0600][65.195s][info][gc,task     ] GC(54) Using 6 of 6 workers for init marking
[2026-04-03T02:38:00.839+0600][65.195s][info][gc,ergo     ] GC(54) Pacer for Mark. Expected Live: 96783K, Free: 618M, Non-Taxable: 63377K, Alloc Tax Rate: 0.2x
[2026-04-03T02:38:00.839+0600][65.195s][info][gc          ] GC(54) Pause Init Mark (unload classes) 0.086ms
[2026-04-03T02:38:00.839+0600][65.195s][info][gc,start    ] GC(54) Concurrent marking roots
[2026-04-03T02:38:00.839+0600][65.195s][info][gc,task     ] GC(54) Using 3 of 6 workers for concurrent marking roots
[2026-04-03T02:38:00.840+0600][65.196s][info][gc          ] GC(54) Concurrent marking roots 1.115ms
[2026-04-03T02:38:00.840+0600][65.196s][info][gc,start    ] GC(54) Concurrent marking (unload classes)
[2026-04-03T02:38:00.840+0600][65.196s][info][gc,task     ] GC(54) Using 3 of 6 workers for concurrent marking
[2026-04-03T02:38:00.889+0600][65.245s][info][gc          ] GC(54) Concurrent marking (unload classes) 48.834ms
[2026-04-03T02:38:00.889+0600][65.245s][info][gc,start    ] GC(54) Pause Final Mark (unload classes)
[2026-04-03T02:38:00.889+0600][65.245s][info][gc,task     ] GC(54) Using 6 of 6 workers for final marking
[2026-04-03T02:38:00.890+0600][65.246s][info][gc,ergo     ] GC(54) Adaptive CSet Selection. Target Free: 212M, Actual Free: 1206M, Max CSet: 64000K, Min Garbage: 0B
[2026-04-03T02:38:00.890+0600][65.246s][info][gc,ergo     ] GC(54) Collectable Garbage: 635M (98%), Immediate: 564M (87%), CSet: 72625K (11%)
[2026-04-03T02:38:00.890+0600][65.246s][info][gc,ergo     ] GC(54) Pacer for Evacuation. Used CSet: 78537K, Free: 1205M, Non-Taxable: 120M, Alloc Tax Rate: 1.1x
[2026-04-03T02:38:00.890+0600][65.246s][info][gc          ] GC(54) Pause Final Mark (unload classes) 0.618ms
[2026-04-03T02:38:00.890+0600][65.246s][info][gc,start    ] GC(54) Concurrent thread roots
[2026-04-03T02:38:00.890+0600][65.246s][info][gc,task     ] GC(54) Using 3 of 6 workers for Concurrent thread roots
[2026-04-03T02:38:00.891+0600][65.248s][info][gc          ] GC(54) Concurrent thread roots 1.452ms
[2026-04-03T02:38:00.891+0600][65.248s][info][gc,start    ] GC(54) Concurrent weak references
[2026-04-03T02:38:00.891+0600][65.248s][info][gc,task     ] GC(54) Using 3 of 6 workers for concurrent weak references
[2026-04-03T02:38:00.892+0600][65.249s][info][gc,ref      ] GC(54) Encountered references: Soft: 3784, Weak: 14756, Final: 84, Phantom: 620
[2026-04-03T02:38:00.893+0600][65.249s][info][gc,ref      ] GC(54) Discovered  references: Soft: 0, Weak: 8289, Final: 48, Phantom: 225
[2026-04-03T02:38:00.893+0600][65.249s][info][gc,ref      ] GC(54) Enqueued    references: Soft: 0, Weak: 386, Final: 0, Phantom: 0
[2026-04-03T02:38:00.893+0600][65.249s][info][gc          ] GC(54) Concurrent weak references 1.081ms
[2026-04-03T02:38:00.893+0600][65.249s][info][gc,start    ] GC(54) Concurrent weak roots
[2026-04-03T02:38:00.893+0600][65.249s][info][gc,task     ] GC(54) Using 3 of 6 workers for concurrent weak root
[2026-04-03T02:38:00.899+0600][65.255s][info][gc          ] GC(54) Concurrent weak roots 6.151ms
[2026-04-03T02:38:00.899+0600][65.255s][info][gc,start    ] GC(54) Concurrent cleanup
[2026-04-03T02:38:00.900+0600][65.256s][info][gc          ] GC(54) Concurrent cleanup 786M->221M(1373M) 0.867ms
[2026-04-03T02:38:00.900+0600][65.256s][info][gc,ergo     ] GC(54) Free: 1193M, Max: 512K regular, 657M humongous, Frag: 45% external, 0% internal; Reserve: 75820K, Max: 512K
[2026-04-03T02:38:00.900+0600][65.256s][info][gc,start    ] GC(54) Concurrent class unloading
[2026-04-03T02:38:00.900+0600][65.256s][info][gc,task     ] GC(54) Using 3 of 6 workers for concurrent class unloading
[2026-04-03T02:38:00.916+0600][65.272s][info][gc          ] GC(54) Concurrent class unloading 15.690ms
[2026-04-03T02:38:00.916+0600][65.272s][info][gc,start    ] GC(54) Concurrent strong roots
[2026-04-03T02:38:00.916+0600][65.272s][info][gc,task     ] GC(54) Using 3 of 6 workers for concurrent strong root
[2026-04-03T02:38:00.917+0600][65.273s][info][gc          ] GC(54) Concurrent strong roots 1.144ms
[2026-04-03T02:38:00.917+0600][65.273s][info][gc,start    ] GC(54) Concurrent evacuation
[2026-04-03T02:38:00.917+0600][65.273s][info][gc,task     ] GC(54) Using 3 of 6 workers for concurrent evacuation
[2026-04-03T02:38:00.919+0600][65.275s][info][gc          ] GC(54) Concurrent evacuation 2.106ms
[2026-04-03T02:38:00.919+0600][65.275s][info][gc,start    ] GC(54) Pause Init Update Refs
[2026-04-03T02:38:00.919+0600][65.275s][info][gc,ergo     ] GC(54) Pacer for Update Refs. Used: 238M, Free: 1181M, Non-Taxable: 118M, Alloc Tax Rate: 1.1x
[2026-04-03T02:38:00.919+0600][65.275s][info][gc          ] GC(54) Pause Init Update Refs 0.121ms
[2026-04-03T02:38:00.919+0600][65.276s][info][gc,start    ] GC(54) Concurrent update references
[2026-04-03T02:38:00.919+0600][65.276s][info][gc,task     ] GC(54) Using 3 of 6 workers for concurrent reference update
[2026-04-03T02:38:00.962+0600][65.318s][info][gc          ] GC(54) Concurrent update references 42.590ms
[2026-04-03T02:38:00.962+0600][65.318s][info][gc,start    ] GC(54) Concurrent update thread roots
[2026-04-03T02:38:00.964+0600][65.321s][info][gc          ] GC(54) Concurrent update thread roots 2.272ms
[2026-04-03T02:38:00.965+0600][65.321s][info][gc,start    ] GC(54) Pause Final Update Refs
[2026-04-03T02:38:00.965+0600][65.321s][info][gc,task     ] GC(54) Using 6 of 6 workers for final reference update
[2026-04-03T02:38:00.965+0600][65.322s][info][gc          ] GC(54) Pause Final Update Refs 0.243ms
[2026-04-03T02:38:00.966+0600][65.323s][info][gc,start    ] GC(54) Concurrent cleanup
[2026-04-03T02:38:00.967+0600][65.323s][info][gc          ] GC(54) Concurrent cleanup 257M->188M(1373M) 0.701ms
[2026-04-03T02:38:00.967+0600][65.324s][info][gc,ergo     ] Free: 1222M, Max: 512K regular, 763M humongous, Frag: 38% external, 0% internal; Reserve: 76800K, Max: 512K
[2026-04-03T02:38:00.968+0600][65.324s][info][gc,stats    ] 
[2026-04-03T02:38:00.968+0600][65.324s][info][gc,stats    ] All times are wall-clock times, except per-root-class counters, that are sum over
[2026-04-03T02:38:00.968+0600][65.324s][info][gc,stats    ] all workers. Dividing the <total> over the root stage time estimates parallelism.
[2026-04-03T02:38:00.968+0600][65.324s][info][gc,stats    ] 
[2026-04-03T02:38:00.968+0600][65.324s][info][gc,stats    ] Concurrent Reset                   1157 us
[2026-04-03T02:38:00.968+0600][65.324s][info][gc,stats    ] Pause Init Mark (G)                 347 us
[2026-04-03T02:38:00.968+0600][65.324s][info][gc,stats    ] Pause Init Mark (N)                  93 us
[2026-04-03T02:38:00.968+0600][65.324s][info][gc,stats    ]   Update Region States               21 us
[2026-04-03T02:38:00.968+0600][65.324s][info][gc,stats    ] Concurrent Mark Roots              1150 us, parallelism: 1.68x
[2026-04-03T02:38:00.968+0600][65.324s][info][gc,stats    ]   CMR: <total>                     1931 us
[2026-04-03T02:38:00.968+0600][65.324s][info][gc,stats    ]   CMR: Thread Roots                1663 us, workers (us): 427, 635, 600, ---, ---, ---, 
[2026-04-03T02:38:00.968+0600][65.324s][info][gc,stats    ]   CMR: VM Strong Roots               44 us, workers (us):  43,   1,   0, ---, ---, ---, 
[2026-04-03T02:38:00.968+0600][65.324s][info][gc,stats    ]   CMR: CLDG Roots                   225 us, workers (us): 225, ---, ---, ---, ---, ---, 
[2026-04-03T02:38:00.968+0600][65.324s][info][gc,stats    ] Concurrent Marking                48942 us
[2026-04-03T02:38:00.968+0600][65.324s][info][gc,stats    ] Pause Final Mark (G)                899 us
[2026-04-03T02:38:00.968+0600][65.324s][info][gc,stats    ] Pause Final Mark (N)                632 us
[2026-04-03T02:38:00.968+0600][65.324s][info][gc,stats    ]   Finish Mark                       189 us
[2026-04-03T02:38:00.968+0600][65.324s][info][gc,stats    ]   Update Region States               54 us
[2026-04-03T02:38:00.968+0600][65.324s][info][gc,stats    ]   Choose Collection Set             205 us
[2026-04-03T02:38:00.968+0600][65.324s][info][gc,stats    ]   Rebuild Free Set                   43 us
[2026-04-03T02:38:00.968+0600][65.324s][info][gc,stats    ] Concurrent Thread Roots            1525 us, parallelism: 2.44x
[2026-04-03T02:38:00.968+0600][65.324s][info][gc,stats    ]   CTR: <total>                     3720 us
[2026-04-03T02:38:00.968+0600][65.324s][info][gc,stats    ]   CTR: Thread Roots                3720 us, workers (us): 1240, 1228, 1252, ---, ---, ---, 
[2026-04-03T02:38:00.968+0600][65.324s][info][gc,stats    ] Concurrent Weak References         1096 us, parallelism: 1.12x
[2026-04-03T02:38:00.968+0600][65.324s][info][gc,stats    ]   CWRF: <total>                    1232 us
[2026-04-03T02:38:00.968+0600][65.324s][info][gc,stats    ]   CWRF: Weak References            1232 us, workers (us): 301, 931,   0, ---, ---, ---, 
[2026-04-03T02:38:00.968+0600][65.324s][info][gc,stats    ] Concurrent Weak Roots              6259 us
[2026-04-03T02:38:00.968+0600][65.324s][info][gc,stats    ]   Roots                            5561 us, parallelism: 2.76x
[2026-04-03T02:38:00.968+0600][65.324s][info][gc,stats    ]     CWR: <total>                  15338 us
[2026-04-03T02:38:00.968+0600][65.324s][info][gc,stats    ]     CWR: Code Cache Roots         11416 us, workers (us): 3719, 3821, 3876, ---, ---, ---, 
[2026-04-03T02:38:00.968+0600][65.324s][info][gc,stats    ]     CWR: VM Weak Roots             3689 us, workers (us): 1247, 1226, 1217, ---, ---, ---, 
[2026-04-03T02:38:00.968+0600][65.324s][info][gc,stats    ]     CWR: CLDG Roots                 232 us, workers (us): 232, ---, ---, ---, ---, ---, 
[2026-04-03T02:38:00.968+0600][65.324s][info][gc,stats    ]   Rendezvous                        554 us
[2026-04-03T02:38:00.968+0600][65.324s][info][gc,stats    ] Concurrent Cleanup                  912 us
[2026-04-03T02:38:00.968+0600][65.324s][info][gc,stats    ] Concurrent Class Unloading        15764 us
[2026-04-03T02:38:00.968+0600][65.324s][info][gc,stats    ]   Unlink Stale                    14422 us
[2026-04-03T02:38:00.968+0600][65.324s][info][gc,stats    ]     System Dictionary               278 us
[2026-04-03T02:38:00.968+0600][65.324s][info][gc,stats    ]     Weak Class Links                  1 us
[2026-04-03T02:38:00.968+0600][65.324s][info][gc,stats    ]     Code Roots                    14141 us
[2026-04-03T02:38:00.968+0600][65.324s][info][gc,stats    ]   Rendezvous                        368 us
[2026-04-03T02:38:00.968+0600][65.324s][info][gc,stats    ]   Purge Unlinked                    863 us
[2026-04-03T02:38:00.968+0600][65.324s][info][gc,stats    ]     Code Roots                      853 us
[2026-04-03T02:38:00.968+0600][65.324s][info][gc,stats    ]     CLDG                              9 us
[2026-04-03T02:38:00.968+0600][65.324s][info][gc,stats    ]     Exception Caches                  0 us
[2026-04-03T02:38:00.968+0600][65.324s][info][gc,stats    ] Concurrent Strong Roots            1191 us, parallelism: 0.54x
[2026-04-03T02:38:00.968+0600][65.324s][info][gc,stats    ]   CSR: <total>                      639 us
[2026-04-03T02:38:00.968+0600][65.324s][info][gc,stats    ]   CSR: VM Strong Roots               54 us, workers (us):  32,  21,   1, ---, ---, ---, 
[2026-04-03T02:38:00.968+0600][65.324s][info][gc,stats    ]   CSR: CLDG Roots                   585 us, workers (us): 585, ---, ---, ---, ---, ---, 
[2026-04-03T02:38:00.968+0600][65.324s][info][gc,stats    ] Concurrent Evacuation              2143 us
[2026-04-03T02:38:00.968+0600][65.324s][info][gc,stats    ] Pause Init Update Refs (G)          442 us
[2026-04-03T02:38:00.968+0600][65.324s][info][gc,stats    ] Pause Init Update Refs (N)          132 us
[2026-04-03T02:38:00.968+0600][65.325s][info][gc,stats    ]   Manage GCLABs                      43 us
[2026-04-03T02:38:00.968+0600][65.325s][info][gc,stats    ] Concurrent Update Refs            42684 us
[2026-04-03T02:38:00.968+0600][65.325s][info][gc,stats    ] Concurrent Update Thread Roots     2371 us
[2026-04-03T02:38:00.968+0600][65.325s][info][gc,stats    ] Pause Final Update Refs (G)        1858 us
[2026-04-03T02:38:00.968+0600][65.325s][info][gc,stats    ] Pause Final Update Refs (N)         265 us
[2026-04-03T02:38:00.968+0600][65.325s][info][gc,stats    ]   Update Region States               73 us
[2026-04-03T02:38:00.968+0600][65.325s][info][gc,stats    ]   Trash Collection Set               15 us
[2026-04-03T02:38:00.968+0600][65.325s][info][gc,stats    ]   Rebuild Free Set                   44 us
[2026-04-03T02:38:00.968+0600][65.325s][info][gc,stats    ] Concurrent Cleanup                 1065 us
[2026-04-03T02:38:00.968+0600][65.325s][info][gc,stats    ] 
[2026-04-03T02:38:00.968+0600][65.325s][info][gc,stats    ] Allocation pacing accrued:
[2026-04-03T02:38:00.968+0600][65.325s][info][gc,stats    ]       0 of   233 ms (  0.0%): <total>
[2026-04-03T02:38:00.968+0600][65.325s][info][gc,stats    ]       0 of   233 ms (  0.0%): <average total>
[2026-04-03T02:38:00.968+0600][65.325s][info][gc,stats    ] 
[2026-04-03T02:38:00.969+0600][65.325s][info][gc,metaspace] Metaspace: 131681K(133056K)->131700K(133056K) NonClass: 115108K(115776K)->115127K(115776K) Class: 16572K(17280K)->16573K(17280K)
[2026-04-03T02:38:00.969+0600][65.325s][info][gc,ergo     ] Pacer for Idle. Initial: 30720K, Alloc Tax Rate: 1.0x
[2026-04-03T02:38:01.843+0600][66.200s][info][gc          ] Trigger: Average GC time (164.97 ms) is above the time for average allocation rate (1333 MB/s) to deplete free headroom (219M) (margin of error = 1.88)
[2026-04-03T02:38:01.844+0600][66.200s][info][gc,ergo     ] Free headroom: 294M (free) - 76800K (spike) - 0B (penalties) = 219M
[2026-04-03T02:38:01.844+0600][66.200s][info][gc,ergo     ] Free: 294M, Max: 512K regular, 293M humongous, Frag: 0% external, 0% internal; Reserve: 76800K, Max: 512K
[2026-04-03T02:38:01.844+0600][66.200s][info][gc,start    ] GC(55) Concurrent reset
[2026-04-03T02:38:01.844+0600][66.200s][info][gc,task     ] GC(55) Using 3 of 6 workers for concurrent reset
[2026-04-03T02:38:01.844+0600][66.200s][info][gc,ergo     ] GC(55) Pacer for Reset. Non-Taxable: 1500M
[2026-04-03T02:38:01.845+0600][66.201s][info][gc          ] GC(55) Concurrent reset 1.063ms
[2026-04-03T02:38:01.845+0600][66.201s][info][gc,start    ] GC(55) Pause Init Mark (unload classes)
[2026-04-03T02:38:01.845+0600][66.201s][info][gc,task     ] GC(55) Using 6 of 6 workers for init marking
[2026-04-03T02:38:01.845+0600][66.201s][info][gc,ergo     ] GC(55) Pacer for Mark. Expected Live: 96413K, Free: 293M, Non-Taxable: 30084K, Alloc Tax Rate: 0.4x
[2026-04-03T02:38:01.845+0600][66.201s][info][gc          ] GC(55) Pause Init Mark (unload classes) 0.145ms
[2026-04-03T02:38:01.845+0600][66.202s][info][gc,start    ] GC(55) Concurrent marking roots
[2026-04-03T02:38:01.845+0600][66.202s][info][gc,task     ] GC(55) Using 3 of 6 workers for concurrent marking roots
[2026-04-03T02:38:01.846+0600][66.203s][info][gc          ] GC(55) Concurrent marking roots 1.185ms
[2026-04-03T02:38:01.847+0600][66.203s][info][gc,start    ] GC(55) Concurrent marking (unload classes)
[2026-04-03T02:38:01.847+0600][66.203s][info][gc,task     ] GC(55) Using 3 of 6 workers for concurrent marking
[2026-04-03T02:38:01.905+0600][66.262s][info][gc          ] GC(55) Concurrent marking (unload classes) 58.824ms
[2026-04-03T02:38:01.906+0600][66.262s][info][gc,start    ] GC(55) Pause Final Mark (unload classes)
[2026-04-03T02:38:01.906+0600][66.262s][info][gc,task     ] GC(55) Using 6 of 6 workers for final marking
[2026-04-03T02:38:01.906+0600][66.262s][info][gc,ergo     ] GC(55) Adaptive CSet Selection. Target Free: 212M, Actual Free: 1040M, Max CSet: 64000K, Min Garbage: 0B
[2026-04-03T02:38:01.906+0600][66.263s][info][gc,ergo     ] GC(55) Collectable Garbage: 933M (99%), Immediate: 715M (75%), CSet: 217M (23%)
[2026-04-03T02:38:01.906+0600][66.263s][info][gc,ergo     ] GC(55) Pacer for Evacuation. Used CSet: 222M, Free: 1063M, Non-Taxable: 106M, Alloc Tax Rate: 1.1x
[2026-04-03T02:38:01.906+0600][66.263s][info][gc          ] GC(55) Pause Final Mark (unload classes) 0.842ms
[2026-04-03T02:38:01.907+0600][66.263s][info][gc,start    ] GC(55) Concurrent thread roots
[2026-04-03T02:38:01.907+0600][66.263s][info][gc,task     ] GC(55) Using 3 of 6 workers for Concurrent thread roots
[2026-04-03T02:38:01.907+0600][66.264s][info][gc          ] GC(55) Concurrent thread roots 0.895ms
[2026-04-03T02:38:01.907+0600][66.264s][info][gc,start    ] GC(55) Concurrent weak references
[2026-04-03T02:38:01.908+0600][66.264s][info][gc,task     ] GC(55) Using 3 of 6 workers for concurrent weak references
[2026-04-03T02:38:01.908+0600][66.264s][info][gc,ref      ] GC(55) Encountered references: Soft: 3784, Weak: 15950, Final: 84, Phantom: 620
[2026-04-03T02:38:01.908+0600][66.264s][info][gc,ref      ] GC(55) Discovered  references: Soft: 0, Weak: 6499, Final: 0, Phantom: 596
[2026-04-03T02:38:01.908+0600][66.265s][info][gc,ref      ] GC(55) Enqueued    references: Soft: 0, Weak: 262, Final: 0, Phantom: 0
[2026-04-03T02:38:01.908+0600][66.265s][info][gc          ] GC(55) Concurrent weak references 0.823ms
[2026-04-03T02:38:01.908+0600][66.265s][info][gc,start    ] GC(55) Concurrent weak roots
[2026-04-03T02:38:01.908+0600][66.265s][info][gc,task     ] GC(55) Using 3 of 6 workers for concurrent weak root
[2026-04-03T02:38:01.912+0600][66.268s][info][gc          ] GC(55) Concurrent weak roots 3.513ms
[2026-04-03T02:38:01.912+0600][66.268s][info][gc,start    ] GC(55) Concurrent cleanup
[2026-04-03T02:38:01.912+0600][66.268s][info][gc          ] GC(55) Concurrent cleanup 1071M->355M(1373M) 0.335ms
[2026-04-03T02:38:01.912+0600][66.269s][info][gc,ergo     ] GC(55) Free: 1062M, Max: 512K regular, 250M humongous, Frag: 77% external, 0% internal; Reserve: 76687K, Max: 512K
[2026-04-03T02:38:01.912+0600][66.269s][info][gc,start    ] GC(55) Concurrent class unloading
[2026-04-03T02:38:01.912+0600][66.269s][info][gc,task     ] GC(55) Using 3 of 6 workers for concurrent class unloading
[2026-04-03T02:38:01.929+0600][66.285s][info][gc          ] GC(55) Concurrent class unloading 16.510ms
[2026-04-03T02:38:01.929+0600][66.285s][info][gc,start    ] GC(55) Concurrent strong roots
[2026-04-03T02:38:01.929+0600][66.285s][info][gc,task     ] GC(55) Using 3 of 6 workers for concurrent strong root
[2026-04-03T02:38:01.930+0600][66.287s][info][gc          ] GC(55) Concurrent strong roots 1.336ms
[2026-04-03T02:38:01.930+0600][66.287s][info][gc,start    ] GC(55) Concurrent evacuation
[2026-04-03T02:38:01.930+0600][66.287s][info][gc,task     ] GC(55) Using 3 of 6 workers for concurrent evacuation
[2026-04-03T02:38:01.933+0600][66.289s][info][gc          ] GC(55) Concurrent evacuation 2.770ms
[2026-04-03T02:38:01.933+0600][66.290s][info][gc,start    ] GC(55) Pause Init Update Refs
[2026-04-03T02:38:01.934+0600][66.290s][info][gc,ergo     ] GC(55) Pacer for Update Refs. Used: 370M, Free: 1052M, Non-Taxable: 105M, Alloc Tax Rate: 1.1x
[2026-04-03T02:38:01.934+0600][66.290s][info][gc          ] GC(55) Pause Init Update Refs 0.157ms
[2026-04-03T02:38:01.934+0600][66.290s][info][gc,start    ] GC(55) Concurrent update references
[2026-04-03T02:38:01.934+0600][66.290s][info][gc,task     ] GC(55) Using 3 of 6 workers for concurrent reference update
[2026-04-03T02:38:01.982+0600][66.339s][info][gc          ] GC(55) Concurrent update references 48.699ms
[2026-04-03T02:38:01.983+0600][66.339s][info][gc,start    ] GC(55) Concurrent update thread roots
[2026-04-03T02:38:01.984+0600][66.340s][info][gc          ] GC(55) Concurrent update thread roots 1.151ms
[2026-04-03T02:38:01.984+0600][66.340s][info][gc,start    ] GC(55) Pause Final Update Refs
[2026-04-03T02:38:01.984+0600][66.340s][info][gc,task     ] GC(55) Using 6 of 6 workers for final reference update
[2026-04-03T02:38:01.984+0600][66.340s][info][gc          ] GC(55) Pause Final Update Refs 0.157ms
[2026-04-03T02:38:01.984+0600][66.340s][info][gc,start    ] GC(55) Concurrent cleanup
[2026-04-03T02:38:01.985+0600][66.341s][info][gc          ] GC(55) Concurrent cleanup 407M->185M(1373M) 0.584ms
[2026-04-03T02:38:01.985+0600][66.341s][info][gc,ergo     ] Free: 1228M, Max: 512K regular, 774M humongous, Frag: 37% external, 0% internal; Reserve: 76800K, Max: 512K
[2026-04-03T02:38:01.985+0600][66.341s][info][gc,stats    ] 
[2026-04-03T02:38:01.985+0600][66.341s][info][gc,stats    ] All times are wall-clock times, except per-root-class counters, that are sum over
[2026-04-03T02:38:01.985+0600][66.341s][info][gc,stats    ] all workers. Dividing the <total> over the root stage time estimates parallelism.
[2026-04-03T02:38:01.985+0600][66.341s][info][gc,stats    ] 
[2026-04-03T02:38:01.985+0600][66.341s][info][gc,stats    ] Concurrent Reset                   1182 us
[2026-04-03T02:38:01.985+0600][66.341s][info][gc,stats    ] Pause Init Mark (G)                 481 us
[2026-04-03T02:38:01.985+0600][66.341s][info][gc,stats    ] Pause Init Mark (N)                 157 us
[2026-04-03T02:38:01.985+0600][66.341s][info][gc,stats    ]   Update Region States               33 us
[2026-04-03T02:38:01.985+0600][66.341s][info][gc,stats    ] Concurrent Mark Roots              1265 us, parallelism: 1.70x
[2026-04-03T02:38:01.985+0600][66.341s][info][gc,stats    ]   CMR: <total>                     2152 us
[2026-04-03T02:38:01.985+0600][66.341s][info][gc,stats    ]   CMR: Thread Roots                1579 us, workers (us): 687, 682, 210, ---, ---, ---, 
[2026-04-03T02:38:01.985+0600][66.341s][info][gc,stats    ]   CMR: VM Strong Roots              101 us, workers (us):  37,  32,  31, ---, ---, ---, 
[2026-04-03T02:38:01.985+0600][66.341s][info][gc,stats    ]   CMR: CLDG Roots                   472 us, workers (us): ---, ---, 472, ---, ---, ---, 
[2026-04-03T02:38:01.985+0600][66.341s][info][gc,stats    ] Concurrent Marking                58896 us
[2026-04-03T02:38:01.985+0600][66.341s][info][gc,stats    ] Pause Final Mark (G)               1076 us
[2026-04-03T02:38:01.985+0600][66.341s][info][gc,stats    ] Pause Final Mark (N)                856 us
[2026-04-03T02:38:01.985+0600][66.341s][info][gc,stats    ]   Finish Mark                       354 us
[2026-04-03T02:38:01.985+0600][66.341s][info][gc,stats    ]   Update Region States               54 us
[2026-04-03T02:38:01.985+0600][66.341s][info][gc,stats    ]   Choose Collection Set             279 us
[2026-04-03T02:38:01.985+0600][66.341s][info][gc,stats    ]   Rebuild Free Set                   36 us
[2026-04-03T02:38:01.985+0600][66.341s][info][gc,stats    ] Concurrent Thread Roots             966 us, parallelism: 1.82x
[2026-04-03T02:38:01.985+0600][66.341s][info][gc,stats    ]   CTR: <total>                     1756 us
[2026-04-03T02:38:01.985+0600][66.341s][info][gc,stats    ]   CTR: Thread Roots                1756 us, workers (us): 660, 542, 554, ---, ---, ---, 
[2026-04-03T02:38:01.985+0600][66.341s][info][gc,stats    ] Concurrent Weak References          838 us, parallelism: 0.70x
[2026-04-03T02:38:01.985+0600][66.341s][info][gc,stats    ]   CWRF: <total>                     586 us
[2026-04-03T02:38:01.985+0600][66.341s][info][gc,stats    ]   CWRF: Weak References             586 us, workers (us): 135, 381,  70, ---, ---, ---, 
[2026-04-03T02:38:01.985+0600][66.341s][info][gc,stats    ] Concurrent Weak Roots              3570 us
[2026-04-03T02:38:01.985+0600][66.341s][info][gc,stats    ]   Roots                            3152 us, parallelism: 2.65x
[2026-04-03T02:38:01.985+0600][66.341s][info][gc,stats    ]     CWR: <total>                   8348 us
[2026-04-03T02:38:01.985+0600][66.341s][info][gc,stats    ]     CWR: Code Cache Roots          6496 us, workers (us): 2202, 2112, 2183, ---, ---, ---, 
[2026-04-03T02:38:01.985+0600][66.341s][info][gc,stats    ]     CWR: VM Weak Roots             1805 us, workers (us): 625, 616, 564, ---, ---, ---, 
[2026-04-03T02:38:01.985+0600][66.341s][info][gc,stats    ]     CWR: CLDG Roots                  47 us, workers (us): ---,  47, ---, ---, ---, ---, 
[2026-04-03T02:38:01.985+0600][66.341s][info][gc,stats    ]   Rendezvous                        335 us
[2026-04-03T02:38:01.985+0600][66.341s][info][gc,stats    ] Concurrent Cleanup                  354 us
[2026-04-03T02:38:01.985+0600][66.341s][info][gc,stats    ] Concurrent Class Unloading        16629 us
[2026-04-03T02:38:01.985+0600][66.341s][info][gc,stats    ]   Unlink Stale                    13678 us
[2026-04-03T02:38:01.985+0600][66.341s][info][gc,stats    ]     System Dictionary               197 us
[2026-04-03T02:38:01.985+0600][66.341s][info][gc,stats    ]     Weak Class Links                  0 us
[2026-04-03T02:38:01.985+0600][66.341s][info][gc,stats    ]     Code Roots                    13477 us
[2026-04-03T02:38:01.985+0600][66.341s][info][gc,stats    ]   Rendezvous                        525 us
[2026-04-03T02:38:01.985+0600][66.341s][info][gc,stats    ]   Purge Unlinked                   2275 us
[2026-04-03T02:38:01.985+0600][66.341s][info][gc,stats    ]     Code Roots                     2258 us
[2026-04-03T02:38:01.985+0600][66.341s][info][gc,stats    ]     CLDG                             15 us
[2026-04-03T02:38:01.985+0600][66.341s][info][gc,stats    ]     Exception Caches                  0 us
[2026-04-03T02:38:01.985+0600][66.341s][info][gc,stats    ] Concurrent Strong Roots            1423 us, parallelism: 0.65x
[2026-04-03T02:38:01.985+0600][66.341s][info][gc,stats    ]   CSR: <total>                      926 us
[2026-04-03T02:38:01.985+0600][66.341s][info][gc,stats    ]   CSR: VM Strong Roots               76 us, workers (us):  38,  37,   0, ---, ---, ---, 
[2026-04-03T02:38:01.985+0600][66.341s][info][gc,stats    ]   CSR: CLDG Roots                   850 us, workers (us): 850, ---, ---, ---, ---, ---, 
[2026-04-03T02:38:01.985+0600][66.341s][info][gc,stats    ] Concurrent Evacuation              2870 us
[2026-04-03T02:38:01.985+0600][66.341s][info][gc,stats    ] Pause Init Update Refs (G)          491 us
[2026-04-03T02:38:01.985+0600][66.341s][info][gc,stats    ] Pause Init Update Refs (N)          169 us
[2026-04-03T02:38:01.985+0600][66.341s][info][gc,stats    ]   Manage GCLABs                      28 us
[2026-04-03T02:38:01.985+0600][66.341s][info][gc,stats    ] Concurrent Update Refs            48783 us
[2026-04-03T02:38:01.985+0600][66.341s][info][gc,stats    ] Concurrent Update Thread Roots     1214 us
[2026-04-03T02:38:01.985+0600][66.341s][info][gc,stats    ] Pause Final Update Refs (G)         498 us
[2026-04-03T02:38:01.985+0600][66.341s][info][gc,stats    ] Pause Final Update Refs (N)         169 us
[2026-04-03T02:38:01.985+0600][66.342s][info][gc,stats    ]   Update Region States               47 us
[2026-04-03T02:38:01.985+0600][66.342s][info][gc,stats    ]   Trash Collection Set               17 us
[2026-04-03T02:38:01.985+0600][66.342s][info][gc,stats    ]   Rebuild Free Set                   38 us
[2026-04-03T02:38:01.985+0600][66.342s][info][gc,stats    ] Concurrent Cleanup                  607 us
[2026-04-03T02:38:01.985+0600][66.342s][info][gc,stats    ] Pacing                            49794 us
[2026-04-03T02:38:01.985+0600][66.342s][info][gc,stats    ] 
[2026-04-03T02:38:01.985+0600][66.342s][info][gc,stats    ] Allocation pacing accrued:
[2026-04-03T02:38:01.985+0600][66.342s][info][gc,stats    ]      10 of  1017 ms (  0.9%): dag-scheduler-event-loop
[2026-04-03T02:38:01.985+0600][66.342s][info][gc,stats    ]      10 of  1017 ms (  1.0%): Spark Context Cleaner
[2026-04-03T02:38:01.985+0600][66.342s][info][gc,stats    ]      11 of  1017 ms (  1.1%): task-result-getter-0
[2026-04-03T02:38:01.985+0600][66.342s][info][gc,stats    ]      10 of  1017 ms (  0.9%): task-result-getter-2
[2026-04-03T02:38:01.985+0600][66.342s][info][gc,stats    ]       9 of  1017 ms (  0.9%): task-result-getter-3
[2026-04-03T02:38:01.985+0600][66.342s][info][gc,stats    ]      50 of  1017 ms (  4.9%): <total>
[2026-04-03T02:38:01.985+0600][66.342s][info][gc,stats    ]       0 of  1017 ms (  0.0%): <average total>
[2026-04-03T02:38:01.985+0600][66.342s][info][gc,stats    ]      10 of  1017 ms (  1.0%): <average non-zero>
[2026-04-03T02:38:01.985+0600][66.342s][info][gc,stats    ] 
[2026-04-03T02:38:01.985+0600][66.342s][info][gc,metaspace] Metaspace: 131704K(133056K)->131706K(133056K) NonClass: 115131K(115776K)->115132K(115776K) Class: 16573K(17280K)->16573K(17280K)
[2026-04-03T02:38:01.985+0600][66.342s][info][gc,ergo     ] Pacer for Idle. Initial: 30720K, Alloc Tax Rate: 1.0x
[2026-04-03T02:38:02.489+0600][66.845s][info][gc          ] Trigger: Average GC time (158.63 ms) is above the time for average allocation rate (2574 MB/s) to deplete free headroom (306M) (margin of error = 1.87)
[2026-04-03T02:38:02.489+0600][66.845s][info][gc,ergo     ] Free headroom: 381M (free) - 76800K (spike) - 0B (penalties) = 306M
[2026-04-03T02:38:02.489+0600][66.845s][info][gc,ergo     ] Free: 381M, Max: 512K regular, 247M humongous, Frag: 35% external, 0% internal; Reserve: 76800K, Max: 512K
[2026-04-03T02:38:02.489+0600][66.845s][info][gc,start    ] GC(56) Concurrent reset
[2026-04-03T02:38:02.489+0600][66.845s][info][gc,task     ] GC(56) Using 3 of 6 workers for concurrent reset
[2026-04-03T02:38:02.489+0600][66.845s][info][gc,ergo     ] GC(56) Pacer for Reset. Non-Taxable: 1500M
[2026-04-03T02:38:02.491+0600][66.847s][info][gc          ] GC(56) Concurrent reset 1.786ms
[2026-04-03T02:38:02.491+0600][66.847s][info][gc,start    ] GC(56) Pause Init Mark (unload classes)
[2026-04-03T02:38:02.491+0600][66.847s][info][gc,task     ] GC(56) Using 6 of 6 workers for init marking
[2026-04-03T02:38:02.491+0600][66.847s][info][gc,ergo     ] GC(56) Pacer for Mark. Expected Live: 96115K, Free: 375M, Non-Taxable: 38486K, Alloc Tax Rate: 0.3x
[2026-04-03T02:38:02.491+0600][66.848s][info][gc          ] GC(56) Pause Init Mark (unload classes) 0.153ms
[2026-04-03T02:38:02.491+0600][66.848s][info][gc,start    ] GC(56) Concurrent marking roots
[2026-04-03T02:38:02.491+0600][66.848s][info][gc,task     ] GC(56) Using 3 of 6 workers for concurrent marking roots
[2026-04-03T02:38:02.493+0600][66.849s][info][gc          ] GC(56) Concurrent marking roots 1.889ms
[2026-04-03T02:38:02.493+0600][66.850s][info][gc,start    ] GC(56) Concurrent marking (unload classes)
[2026-04-03T02:38:02.493+0600][66.850s][info][gc,task     ] GC(56) Using 3 of 6 workers for concurrent marking
[2026-04-03T02:38:02.548+0600][66.904s][info][gc          ] GC(56) Concurrent marking (unload classes) 54.908ms
[2026-04-03T02:38:02.548+0600][66.905s][info][gc,start    ] GC(56) Pause Final Mark (unload classes)
[2026-04-03T02:38:02.548+0600][66.905s][info][gc,task     ] GC(56) Using 6 of 6 workers for final marking
[2026-04-03T02:38:02.549+0600][66.905s][info][gc,ergo     ] GC(56) Adaptive CSet Selection. Target Free: 212M, Actual Free: 1108M, Max CSet: 64000K, Min Garbage: 0B
[2026-04-03T02:38:02.549+0600][66.905s][info][gc,ergo     ] GC(56) Collectable Garbage: 868M (99%), Immediate: 710M (80%), CSet: 158M (18%)
[2026-04-03T02:38:02.549+0600][66.906s][info][gc,ergo     ] GC(56) Pacer for Evacuation. Used CSet: 167M, Free: 1109M, Non-Taxable: 110M, Alloc Tax Rate: 1.1x
[2026-04-03T02:38:02.549+0600][66.906s][info][gc          ] GC(56) Pause Final Mark (unload classes) 0.878ms
[2026-04-03T02:38:02.549+0600][66.906s][info][gc,start    ] GC(56) Concurrent thread roots
[2026-04-03T02:38:02.550+0600][66.906s][info][gc,task     ] GC(56) Using 3 of 6 workers for Concurrent thread roots
[2026-04-03T02:38:02.551+0600][66.907s][info][gc          ] GC(56) Concurrent thread roots 1.060ms
[2026-04-03T02:38:02.551+0600][66.907s][info][gc,start    ] GC(56) Concurrent weak references
[2026-04-03T02:38:02.551+0600][66.907s][info][gc,task     ] GC(56) Using 3 of 6 workers for concurrent weak references
[2026-04-03T02:38:02.552+0600][66.908s][info][gc,ref      ] GC(56) Encountered references: Soft: 3792, Weak: 16870, Final: 84, Phantom: 620
[2026-04-03T02:38:02.552+0600][66.908s][info][gc,ref      ] GC(56) Discovered  references: Soft: 0, Weak: 10300, Final: 48, Phantom: 616
[2026-04-03T02:38:02.552+0600][66.908s][info][gc,ref      ] GC(56) Enqueued    references: Soft: 0, Weak: 2272, Final: 0, Phantom: 0
[2026-04-03T02:38:02.552+0600][66.908s][info][gc          ] GC(56) Concurrent weak references 1.673ms
[2026-04-03T02:38:02.552+0600][66.908s][info][gc,start    ] GC(56) Concurrent weak roots
[2026-04-03T02:38:02.552+0600][66.908s][info][gc,task     ] GC(56) Using 3 of 6 workers for concurrent weak root
[2026-04-03T02:38:02.560+0600][66.916s][info][gc          ] GC(56) Concurrent weak roots 7.830ms
[2026-04-03T02:38:02.560+0600][66.916s][info][gc,start    ] GC(56) Concurrent cleanup
[2026-04-03T02:38:02.561+0600][66.917s][info][gc          ] GC(56) Concurrent cleanup 1126M->416M(1373M) 0.873ms
[2026-04-03T02:38:02.561+0600][66.917s][info][gc,ergo     ] GC(56) Free: 989M, Max: 512K regular, 228M humongous, Frag: 77% external, 0% internal; Reserve: 75894K, Max: 512K
[2026-04-03T02:38:02.561+0600][66.917s][info][gc,start    ] GC(56) Concurrent class unloading
[2026-04-03T02:38:02.561+0600][66.917s][info][gc,task     ] GC(56) Using 3 of 6 workers for concurrent class unloading
[2026-04-03T02:38:02.576+0600][66.933s][info][gc          ] GC(56) Concurrent class unloading 15.210ms
[2026-04-03T02:38:02.576+0600][66.933s][info][gc,start    ] GC(56) Concurrent strong roots
[2026-04-03T02:38:02.576+0600][66.933s][info][gc,task     ] GC(56) Using 3 of 6 workers for concurrent strong root
[2026-04-03T02:38:02.577+0600][66.934s][info][gc          ] GC(56) Concurrent strong roots 0.937ms
[2026-04-03T02:38:02.577+0600][66.934s][info][gc,start    ] GC(56) Concurrent evacuation
[2026-04-03T02:38:02.577+0600][66.934s][info][gc,task     ] GC(56) Using 3 of 6 workers for concurrent evacuation
[2026-04-03T02:38:02.580+0600][66.936s][info][gc          ] GC(56) Concurrent evacuation 2.722ms
[2026-04-03T02:38:02.580+0600][66.937s][info][gc,start    ] GC(56) Pause Init Update Refs
[2026-04-03T02:38:02.580+0600][66.937s][info][gc,ergo     ] GC(56) Pacer for Update Refs. Used: 434M, Free: 979M, Non-Taxable: 100292K, Alloc Tax Rate: 1.1x
[2026-04-03T02:38:02.580+0600][66.937s][info][gc          ] GC(56) Pause Init Update Refs 0.104ms
[2026-04-03T02:38:02.581+0600][66.937s][info][gc,start    ] GC(56) Concurrent update references
[2026-04-03T02:38:02.581+0600][66.937s][info][gc,task     ] GC(56) Using 3 of 6 workers for concurrent reference update
[2026-04-03T02:38:02.633+0600][66.990s][info][gc          ] GC(56) Concurrent update references 52.653ms
[2026-04-03T02:38:02.633+0600][66.990s][info][gc,start    ] GC(56) Concurrent update thread roots
[2026-04-03T02:38:02.635+0600][66.991s][info][gc          ] GC(56) Concurrent update thread roots 1.827ms
[2026-04-03T02:38:02.636+0600][66.992s][info][gc,start    ] GC(56) Pause Final Update Refs
[2026-04-03T02:38:02.636+0600][66.992s][info][gc,task     ] GC(56) Using 6 of 6 workers for final reference update
[2026-04-03T02:38:02.636+0600][66.992s][info][gc          ] GC(56) Pause Final Update Refs 0.320ms
[2026-04-03T02:38:02.636+0600][66.992s][info][gc,start    ] GC(56) Concurrent cleanup
[2026-04-03T02:38:02.636+0600][66.992s][info][gc          ] GC(56) Concurrent cleanup 607M->440M(1373M) 0.280ms
[2026-04-03T02:38:02.636+0600][66.993s][info][gc,ergo     ] Free: 943M, Max: 512K regular, 550M humongous, Frag: 42% external, 0% internal; Reserve: 76800K, Max: 512K
[2026-04-03T02:38:02.636+0600][66.993s][info][gc,stats    ] 
[2026-04-03T02:38:02.636+0600][66.993s][info][gc,stats    ] All times are wall-clock times, except per-root-class counters, that are sum over
[2026-04-03T02:38:02.636+0600][66.993s][info][gc,stats    ] all workers. Dividing the <total> over the root stage time estimates parallelism.
[2026-04-03T02:38:02.636+0600][66.993s][info][gc,stats    ] 
[2026-04-03T02:38:02.636+0600][66.993s][info][gc,stats    ] Concurrent Reset                   1871 us
[2026-04-03T02:38:02.636+0600][66.993s][info][gc,stats    ] Pause Init Mark (G)                 386 us
[2026-04-03T02:38:02.636+0600][66.993s][info][gc,stats    ] Pause Init Mark (N)                 163 us
[2026-04-03T02:38:02.636+0600][66.993s][info][gc,stats    ]   Update Region States               35 us
[2026-04-03T02:38:02.636+0600][66.993s][info][gc,stats    ] Concurrent Mark Roots              1925 us, parallelism: 1.54x
[2026-04-03T02:38:02.637+0600][66.993s][info][gc,stats    ]   CMR: <total>                     2958 us
[2026-04-03T02:38:02.637+0600][66.993s][info][gc,stats    ]   CMR: Thread Roots                2528 us, workers (us): 1074, 1453,   0, ---, ---, ---, 
[2026-04-03T02:38:02.637+0600][66.993s][info][gc,stats    ]   CMR: VM Strong Roots               46 us, workers (us):  45,   1,   0, ---, ---, ---, 
[2026-04-03T02:38:02.637+0600][66.993s][info][gc,stats    ]   CMR: CLDG Roots                   384 us, workers (us): 384, ---, ---, ---, ---, ---, 
[2026-04-03T02:38:02.637+0600][66.993s][info][gc,stats    ] Concurrent Marking                54975 us
[2026-04-03T02:38:02.637+0600][66.993s][info][gc,stats    ] Pause Final Mark (G)               1191 us
[2026-04-03T02:38:02.637+0600][66.993s][info][gc,stats    ] Pause Final Mark (N)                890 us
[2026-04-03T02:38:02.637+0600][66.993s][info][gc,stats    ]   Finish Mark                       457 us
[2026-04-03T02:38:02.637+0600][66.993s][info][gc,stats    ]   Update Region States               46 us
[2026-04-03T02:38:02.637+0600][66.993s][info][gc,stats    ]   Choose Collection Set             234 us
[2026-04-03T02:38:02.637+0600][66.993s][info][gc,stats    ]   Rebuild Free Set                   45 us
[2026-04-03T02:38:02.637+0600][66.993s][info][gc,stats    ] Concurrent Thread Roots            1108 us, parallelism: 2.18x
[2026-04-03T02:38:02.637+0600][66.993s][info][gc,stats    ]   CTR: <total>                     2421 us
[2026-04-03T02:38:02.637+0600][66.993s][info][gc,stats    ]   CTR: Thread Roots                2421 us, workers (us): 860, 800, 760, ---, ---, ---, 
[2026-04-03T02:38:02.637+0600][66.993s][info][gc,stats    ] Concurrent Weak References         1684 us, parallelism: 1.00x
[2026-04-03T02:38:02.637+0600][66.993s][info][gc,stats    ]   CWRF: <total>                    1682 us
[2026-04-03T02:38:02.637+0600][66.993s][info][gc,stats    ]   CWRF: Weak References            1682 us, workers (us): 1448, 220,  14, ---, ---, ---, 
[2026-04-03T02:38:02.637+0600][66.993s][info][gc,stats    ] Concurrent Weak Roots              7916 us
[2026-04-03T02:38:02.637+0600][66.993s][info][gc,stats    ]   Roots                            6771 us, parallelism: 2.78x
[2026-04-03T02:38:02.637+0600][66.993s][info][gc,stats    ]     CWR: <total>                  18841 us
[2026-04-03T02:38:02.637+0600][66.993s][info][gc,stats    ]     CWR: Code Cache Roots         15951 us, workers (us): 5454, 5394, 5103, ---, ---, ---, 
[2026-04-03T02:38:02.637+0600][66.993s][info][gc,stats    ]     CWR: VM Weak Roots             2650 us, workers (us): 912, 872, 866, ---, ---, ---, 
[2026-04-03T02:38:02.637+0600][66.993s][info][gc,stats    ]     CWR: CLDG Roots                 241 us, workers (us): ---, ---, 241, ---, ---, ---, 
[2026-04-03T02:38:02.637+0600][66.993s][info][gc,stats    ]   Rendezvous                       1032 us
[2026-04-03T02:38:02.637+0600][66.993s][info][gc,stats    ] Concurrent Cleanup                  893 us
[2026-04-03T02:38:02.637+0600][66.993s][info][gc,stats    ] Concurrent Class Unloading        15264 us
[2026-04-03T02:38:02.637+0600][66.993s][info][gc,stats    ]   Unlink Stale                    13669 us
[2026-04-03T02:38:02.637+0600][66.993s][info][gc,stats    ]     System Dictionary               312 us
[2026-04-03T02:38:02.637+0600][66.993s][info][gc,stats    ]     Weak Class Links                  0 us
[2026-04-03T02:38:02.637+0600][66.993s][info][gc,stats    ]     Code Roots                    13354 us
[2026-04-03T02:38:02.637+0600][66.993s][info][gc,stats    ]   Rendezvous                        401 us
[2026-04-03T02:38:02.637+0600][66.993s][info][gc,stats    ]   Purge Unlinked                   1089 us
[2026-04-03T02:38:02.637+0600][66.993s][info][gc,stats    ]     Code Roots                     1078 us
[2026-04-03T02:38:02.637+0600][66.993s][info][gc,stats    ]     CLDG                             10 us
[2026-04-03T02:38:02.637+0600][66.993s][info][gc,stats    ]     Exception Caches                  0 us
[2026-04-03T02:38:02.637+0600][66.993s][info][gc,stats    ] Concurrent Strong Roots             989 us, parallelism: 0.53x
[2026-04-03T02:38:02.637+0600][66.993s][info][gc,stats    ]   CSR: <total>                      521 us
[2026-04-03T02:38:02.637+0600][66.993s][info][gc,stats    ]   CSR: VM Strong Roots               69 us, workers (us):  67,   1,   0, ---, ---, ---, 
[2026-04-03T02:38:02.637+0600][66.993s][info][gc,stats    ]   CSR: CLDG Roots                   452 us, workers (us): ---, 452, ---, ---, ---, ---, 
[2026-04-03T02:38:02.637+0600][66.993s][info][gc,stats    ] Concurrent Evacuation              2752 us
[2026-04-03T02:38:02.637+0600][66.993s][info][gc,stats    ] Pause Init Update Refs (G)          499 us
[2026-04-03T02:38:02.637+0600][66.993s][info][gc,stats    ] Pause Init Update Refs (N)          116 us
[2026-04-03T02:38:02.637+0600][66.993s][info][gc,stats    ]   Manage GCLABs                      31 us
[2026-04-03T02:38:02.637+0600][66.993s][info][gc,stats    ] Concurrent Update Refs            52760 us
[2026-04-03T02:38:02.637+0600][66.993s][info][gc,stats    ] Concurrent Update Thread Roots     1874 us
[2026-04-03T02:38:02.637+0600][66.993s][info][gc,stats    ] Pause Final Update Refs (G)         705 us
[2026-04-03T02:38:02.637+0600][66.993s][info][gc,stats    ] Pause Final Update Refs (N)         341 us
[2026-04-03T02:38:02.637+0600][66.993s][info][gc,stats    ]   Update Region States              107 us
[2026-04-03T02:38:02.637+0600][66.993s][info][gc,stats    ]   Trash Collection Set               29 us
[2026-04-03T02:38:02.637+0600][66.993s][info][gc,stats    ]   Rebuild Free Set                   50 us
[2026-04-03T02:38:02.637+0600][66.993s][info][gc,stats    ] Concurrent Cleanup                  303 us
[2026-04-03T02:38:02.637+0600][66.993s][info][gc,stats    ] Pacing                           145110 us
[2026-04-03T02:38:02.637+0600][66.993s][info][gc,stats    ] 
[2026-04-03T02:38:02.637+0600][66.993s][info][gc,stats    ] Allocation pacing accrued:
[2026-04-03T02:38:02.637+0600][66.993s][info][gc,stats    ]      21 of   652 ms (  3.2%): dispatcher-BlockManagerMaster
[2026-04-03T02:38:02.637+0600][66.993s][info][gc,stats    ]      26 of   652 ms (  3.9%): Executor task launch worker for task 3.0 in stage 2745.0 (TID 5106)
[2026-04-03T02:38:02.637+0600][66.993s][info][gc,stats    ]      25 of   652 ms (  3.9%): Executor task launch worker for task 1.0 in stage 2745.0 (TID 5104)
[2026-04-03T02:38:02.637+0600][66.993s][info][gc,stats    ]      26 of   652 ms (  3.9%): Executor task launch worker for task 0.0 in stage 2745.0 (TID 5103)
[2026-04-03T02:38:02.637+0600][66.994s][info][gc,stats    ]      26 of   652 ms (  4.0%): Executor task launch worker for task 2.0 in stage 2745.0 (TID 5105)
[2026-04-03T02:38:02.637+0600][66.994s][info][gc,stats    ]      21 of   652 ms (  3.2%): block-manager-storage-async-thread-pool-62
[2026-04-03T02:38:02.637+0600][66.994s][info][gc,stats    ]     145 of   652 ms ( 22.3%): <total>
[2026-04-03T02:38:02.637+0600][66.994s][info][gc,stats    ]       1 of   652 ms (  0.1%): <average total>
[2026-04-03T02:38:02.637+0600][66.994s][info][gc,stats    ]      24 of   652 ms (  3.7%): <average non-zero>
[2026-04-03T02:38:02.637+0600][66.994s][info][gc,stats    ] 
[2026-04-03T02:38:02.637+0600][66.994s][info][gc,metaspace] Metaspace: 131728K(133056K)->131731K(133056K) NonClass: 115153K(115776K)->115157K(115776K) Class: 16574K(17280K)->16574K(17280K)
[2026-04-03T02:38:02.637+0600][66.994s][info][gc,ergo     ] Pacer for Idle. Initial: 30720K, Alloc Tax Rate: 1.0x
[2026-04-03T02:38:03.360+0600][67.716s][info][gc          ] Trigger: Average GC time (158.52 ms) is above the time for average allocation rate (1169 MB/s) to deplete free headroom (184M) (margin of error = 1.88)
[2026-04-03T02:38:03.360+0600][67.716s][info][gc,ergo     ] Free headroom: 259M (free) - 76800K (spike) - 0B (penalties) = 184M
[2026-04-03T02:38:03.360+0600][67.716s][info][gc,ergo     ] Free: 259M, Max: 512K regular, 198M humongous, Frag: 24% external, 1% internal; Reserve: 76800K, Max: 512K
[2026-04-03T02:38:03.360+0600][67.716s][info][gc,start    ] GC(57) Concurrent reset
[2026-04-03T02:38:03.360+0600][67.716s][info][gc,task     ] GC(57) Using 3 of 6 workers for concurrent reset
[2026-04-03T02:38:03.360+0600][67.716s][info][gc,ergo     ] GC(57) Pacer for Reset. Non-Taxable: 1500M
[2026-04-03T02:38:03.361+0600][67.718s][info][gc          ] GC(57) Concurrent reset 1.187ms
[2026-04-03T02:38:03.362+0600][67.718s][info][gc,start    ] GC(57) Pause Init Mark (unload classes)
[2026-04-03T02:38:03.362+0600][67.718s][info][gc,task     ] GC(57) Using 6 of 6 workers for init marking
[2026-04-03T02:38:03.362+0600][67.718s][info][gc,ergo     ] GC(57) Pacer for Mark. Expected Live: 96727K, Free: 259M, Non-Taxable: 26569K, Alloc Tax Rate: 0.4x
[2026-04-03T02:38:03.362+0600][67.718s][info][gc          ] GC(57) Pause Init Mark (unload classes) 0.246ms
[2026-04-03T02:38:03.362+0600][67.718s][info][gc,start    ] GC(57) Concurrent marking roots
[2026-04-03T02:38:03.362+0600][67.718s][info][gc,task     ] GC(57) Using 3 of 6 workers for concurrent marking roots
[2026-04-03T02:38:03.363+0600][67.720s][info][gc          ] GC(57) Concurrent marking roots 1.418ms
[2026-04-03T02:38:03.363+0600][67.720s][info][gc,start    ] GC(57) Concurrent marking (unload classes)
[2026-04-03T02:38:03.363+0600][67.720s][info][gc,task     ] GC(57) Using 3 of 6 workers for concurrent marking
[2026-04-03T02:38:03.427+0600][67.783s][info][gc          ] GC(57) Concurrent marking (unload classes) 63.686ms
[2026-04-03T02:38:03.427+0600][67.783s][info][gc,start    ] GC(57) Pause Final Mark (unload classes)
[2026-04-03T02:38:03.427+0600][67.783s][info][gc,task     ] GC(57) Using 6 of 6 workers for final marking
[2026-04-03T02:38:03.428+0600][67.784s][info][gc,ergo     ] GC(57) Adaptive CSet Selection. Target Free: 212M, Actual Free: 1034M, Max CSet: 64000K, Min Garbage: 0B
[2026-04-03T02:38:03.428+0600][67.784s][info][gc,ergo     ] GC(57) Collectable Garbage: 965M (99%), Immediate: 741M (76%), CSet: 223M (22%)
[2026-04-03T02:38:03.428+0600][67.784s][info][gc,ergo     ] GC(57) Pacer for Evacuation. Used CSet: 230M, Free: 1059M, Non-Taxable: 105M, Alloc Tax Rate: 1.1x
[2026-04-03T02:38:03.428+0600][67.784s][info][gc          ] GC(57) Pause Final Mark (unload classes) 0.777ms
[2026-04-03T02:38:03.428+0600][67.784s][info][gc,start    ] GC(57) Concurrent thread roots
[2026-04-03T02:38:03.428+0600][67.784s][info][gc,task     ] GC(57) Using 3 of 6 workers for Concurrent thread roots
[2026-04-03T02:38:03.429+0600][67.785s][info][gc          ] GC(57) Concurrent thread roots 1.008ms
[2026-04-03T02:38:03.429+0600][67.785s][info][gc,start    ] GC(57) Concurrent weak references
[2026-04-03T02:38:03.429+0600][67.785s][info][gc,task     ] GC(57) Using 3 of 6 workers for concurrent weak references
[2026-04-03T02:38:03.430+0600][67.786s][info][gc,ref      ] GC(57) Encountered references: Soft: 3784, Weak: 15685, Final: 84, Phantom: 620
[2026-04-03T02:38:03.430+0600][67.786s][info][gc,ref      ] GC(57) Discovered  references: Soft: 0, Weak: 9150, Final: 0, Phantom: 615
[2026-04-03T02:38:03.430+0600][67.786s][info][gc,ref      ] GC(57) Enqueued    references: Soft: 0, Weak: 628, Final: 0, Phantom: 0
[2026-04-03T02:38:03.430+0600][67.787s][info][gc          ] GC(57) Concurrent weak references 1.078ms
[2026-04-03T02:38:03.430+0600][67.787s][info][gc,start    ] GC(57) Concurrent weak roots
[2026-04-03T02:38:03.430+0600][67.787s][info][gc,task     ] GC(57) Using 3 of 6 workers for concurrent weak root
[2026-04-03T02:38:03.435+0600][67.791s][info][gc          ] GC(57) Concurrent weak roots 4.356ms
[2026-04-03T02:38:03.435+0600][67.791s][info][gc,start    ] GC(57) Concurrent cleanup
[2026-04-03T02:38:03.436+0600][67.792s][info][gc          ] GC(57) Concurrent cleanup 1111M->369M(1373M) 0.924ms
[2026-04-03T02:38:03.436+0600][67.792s][info][gc,ergo     ] GC(57) Free: 1049M, Max: 512K regular, 252M humongous, Frag: 76% external, 0% internal; Reserve: 76300K, Max: 512K
[2026-04-03T02:38:03.436+0600][67.792s][info][gc,start    ] GC(57) Concurrent class unloading
[2026-04-03T02:38:03.436+0600][67.792s][info][gc,task     ] GC(57) Using 3 of 6 workers for concurrent class unloading
[2026-04-03T02:38:03.455+0600][67.811s][info][gc          ] GC(57) Concurrent class unloading 19.049ms
[2026-04-03T02:38:03.455+0600][67.811s][info][gc,start    ] GC(57) Concurrent strong roots
[2026-04-03T02:38:03.455+0600][67.811s][info][gc,task     ] GC(57) Using 3 of 6 workers for concurrent strong root
[2026-04-03T02:38:03.457+0600][67.813s][info][gc          ] GC(57) Concurrent strong roots 1.601ms
[2026-04-03T02:38:03.457+0600][67.813s][info][gc,start    ] GC(57) Concurrent evacuation
[2026-04-03T02:38:03.457+0600][67.813s][info][gc,task     ] GC(57) Using 3 of 6 workers for concurrent evacuation
[2026-04-03T02:38:03.461+0600][67.817s][info][gc          ] GC(57) Concurrent evacuation 4.363ms
[2026-04-03T02:38:03.461+0600][67.818s][info][gc,start    ] GC(57) Pause Init Update Refs
[2026-04-03T02:38:03.461+0600][67.818s][info][gc,ergo     ] GC(57) Pacer for Update Refs. Used: 393M, Free: 1031M, Non-Taxable: 103M, Alloc Tax Rate: 1.1x
[2026-04-03T02:38:03.462+0600][67.818s][info][gc          ] GC(57) Pause Init Update Refs 0.163ms
[2026-04-03T02:38:03.462+0600][67.818s][info][gc,start    ] GC(57) Concurrent update references
[2026-04-03T02:38:03.462+0600][67.818s][info][gc,task     ] GC(57) Using 3 of 6 workers for concurrent reference update
[2026-04-03T02:38:03.513+0600][67.869s][info][gc          ] GC(57) Concurrent update references 50.912ms
[2026-04-03T02:38:03.513+0600][67.869s][info][gc,start    ] GC(57) Concurrent update thread roots
[2026-04-03T02:38:03.515+0600][67.871s][info][gc          ] GC(57) Concurrent update thread roots 1.898ms
[2026-04-03T02:38:03.515+0600][67.871s][info][gc,start    ] GC(57) Pause Final Update Refs
[2026-04-03T02:38:03.515+0600][67.871s][info][gc,task     ] GC(57) Using 6 of 6 workers for final reference update
[2026-04-03T02:38:03.515+0600][67.871s][info][gc          ] GC(57) Pause Final Update Refs 0.257ms
[2026-04-03T02:38:03.515+0600][67.871s][info][gc,start    ] GC(57) Concurrent cleanup
[2026-04-03T02:38:03.516+0600][67.872s][info][gc          ] GC(57) Concurrent cleanup 438M->208M(1373M) 0.726ms
[2026-04-03T02:38:03.516+0600][67.872s][info][gc,ergo     ] Free: 1205M, Max: 512K regular, 630M humongous, Frag: 48% external, 0% internal; Reserve: 76800K, Max: 512K
[2026-04-03T02:38:03.516+0600][67.872s][info][gc,stats    ] 
[2026-04-03T02:38:03.516+0600][67.872s][info][gc,stats    ] All times are wall-clock times, except per-root-class counters, that are sum over
[2026-04-03T02:38:03.516+0600][67.872s][info][gc,stats    ] all workers. Dividing the <total> over the root stage time estimates parallelism.
[2026-04-03T02:38:03.516+0600][67.872s][info][gc,stats    ] 
[2026-04-03T02:38:03.516+0600][67.872s][info][gc,stats    ] Concurrent Reset                   1230 us
[2026-04-03T02:38:03.516+0600][67.872s][info][gc,stats    ] Pause Init Mark (G)                 551 us
[2026-04-03T02:38:03.516+0600][67.872s][info][gc,stats    ] Pause Init Mark (N)                 265 us
[2026-04-03T02:38:03.516+0600][67.872s][info][gc,stats    ]   Update Region States               93 us
[2026-04-03T02:38:03.516+0600][67.872s][info][gc,stats    ] Concurrent Mark Roots              1488 us, parallelism: 1.81x
[2026-04-03T02:38:03.516+0600][67.872s][info][gc,stats    ]   CMR: <total>                     2699 us
[2026-04-03T02:38:03.516+0600][67.872s][info][gc,stats    ]   CMR: Thread Roots                2200 us, workers (us): 439, 905, 855, ---, ---, ---, 
[2026-04-03T02:38:03.516+0600][67.872s][info][gc,stats    ]   CMR: VM Strong Roots               54 us, workers (us):  29,  24,   1, ---, ---, ---, 
[2026-04-03T02:38:03.516+0600][67.872s][info][gc,stats    ]   CMR: CLDG Roots                   445 us, workers (us): 445, ---, ---, ---, ---, ---, 
[2026-04-03T02:38:03.516+0600][67.872s][info][gc,stats    ] Concurrent Marking                63757 us
[2026-04-03T02:38:03.516+0600][67.872s][info][gc,stats    ] Pause Final Mark (G)               1011 us
[2026-04-03T02:38:03.516+0600][67.872s][info][gc,stats    ] Pause Final Mark (N)                791 us
[2026-04-03T02:38:03.516+0600][67.872s][info][gc,stats    ]   Finish Mark                       306 us
[2026-04-03T02:38:03.516+0600][67.872s][info][gc,stats    ]   Update Region States               56 us
[2026-04-03T02:38:03.516+0600][67.872s][info][gc,stats    ]   Choose Collection Set             263 us
[2026-04-03T02:38:03.516+0600][67.872s][info][gc,stats    ]   Rebuild Free Set                   36 us
[2026-04-03T02:38:03.516+0600][67.872s][info][gc,stats    ] Concurrent Thread Roots            1037 us, parallelism: 2.24x
[2026-04-03T02:38:03.516+0600][67.872s][info][gc,stats    ]   CTR: <total>                     2317 us
[2026-04-03T02:38:03.516+0600][67.872s][info][gc,stats    ]   CTR: Thread Roots                2317 us, workers (us): 812, 766, 739, ---, ---, ---, 
[2026-04-03T02:38:03.516+0600][67.873s][info][gc,stats    ] Concurrent Weak References         1092 us, parallelism: 1.15x
[2026-04-03T02:38:03.516+0600][67.873s][info][gc,stats    ]   CWRF: <total>                    1259 us
[2026-04-03T02:38:03.516+0600][67.873s][info][gc,stats    ]   CWRF: Weak References            1259 us, workers (us): 879,  32, 349, ---, ---, ---, 
[2026-04-03T02:38:03.516+0600][67.873s][info][gc,stats    ] Concurrent Weak Roots              4514 us
[2026-04-03T02:38:03.516+0600][67.873s][info][gc,stats    ]   Roots                            4062 us, parallelism: 2.73x
[2026-04-03T02:38:03.516+0600][67.873s][info][gc,stats    ]     CWR: <total>                  11095 us
[2026-04-03T02:38:03.516+0600][67.873s][info][gc,stats    ]     CWR: Code Cache Roots          7772 us, workers (us): 2640, 2509, 2623, ---, ---, ---, 
[2026-04-03T02:38:03.516+0600][67.873s][info][gc,stats    ]     CWR: VM Weak Roots             3150 us, workers (us): 1057, 1045, 1048, ---, ---, ---, 
[2026-04-03T02:38:03.516+0600][67.873s][info][gc,stats    ]     CWR: CLDG Roots                 173 us, workers (us): ---, 173, ---, ---, ---, ---, 
[2026-04-03T02:38:03.516+0600][67.873s][info][gc,stats    ]   Rendezvous                        261 us
[2026-04-03T02:38:03.516+0600][67.873s][info][gc,stats    ] Concurrent Cleanup                  957 us
[2026-04-03T02:38:03.516+0600][67.873s][info][gc,stats    ] Concurrent Class Unloading        19162 us
[2026-04-03T02:38:03.516+0600][67.873s][info][gc,stats    ]   Unlink Stale                    15800 us
[2026-04-03T02:38:03.516+0600][67.873s][info][gc,stats    ]     System Dictionary               243 us
[2026-04-03T02:38:03.517+0600][67.873s][info][gc,stats    ]     Weak Class Links                  0 us
[2026-04-03T02:38:03.517+0600][67.873s][info][gc,stats    ]     Code Roots                    15552 us
[2026-04-03T02:38:03.517+0600][67.873s][info][gc,stats    ]   Rendezvous                        377 us
[2026-04-03T02:38:03.517+0600][67.873s][info][gc,stats    ]   Purge Unlinked                   2835 us
[2026-04-03T02:38:03.517+0600][67.873s][info][gc,stats    ]     Code Roots                     2809 us
[2026-04-03T02:38:03.517+0600][67.873s][info][gc,stats    ]     CLDG                             25 us
[2026-04-03T02:38:03.517+0600][67.873s][info][gc,stats    ]     Exception Caches                  1 us
[2026-04-03T02:38:03.517+0600][67.873s][info][gc,stats    ] Concurrent Strong Roots            1660 us, parallelism: 0.72x
[2026-04-03T02:38:03.517+0600][67.873s][info][gc,stats    ]   CSR: <total>                     1188 us
[2026-04-03T02:38:03.517+0600][67.873s][info][gc,stats    ]   CSR: VM Strong Roots               86 us, workers (us):  49,  36,   1, ---, ---, ---, 
[2026-04-03T02:38:03.517+0600][67.873s][info][gc,stats    ]   CSR: CLDG Roots                  1102 us, workers (us): ---, 1102, ---, ---, ---, ---, 
[2026-04-03T02:38:03.517+0600][67.873s][info][gc,stats    ] Concurrent Evacuation              4472 us
[2026-04-03T02:38:03.517+0600][67.873s][info][gc,stats    ] Pause Init Update Refs (G)          476 us
[2026-04-03T02:38:03.517+0600][67.873s][info][gc,stats    ] Pause Init Update Refs (N)          178 us
[2026-04-03T02:38:03.517+0600][67.873s][info][gc,stats    ]   Manage GCLABs                      43 us
[2026-04-03T02:38:03.517+0600][67.873s][info][gc,stats    ] Concurrent Update Refs            51027 us
[2026-04-03T02:38:03.517+0600][67.873s][info][gc,stats    ] Concurrent Update Thread Roots     1955 us
[2026-04-03T02:38:03.517+0600][67.873s][info][gc,stats    ] Pause Final Update Refs (G)         474 us
[2026-04-03T02:38:03.517+0600][67.873s][info][gc,stats    ] Pause Final Update Refs (N)         276 us
[2026-04-03T02:38:03.517+0600][67.873s][info][gc,stats    ]   Update Region States               61 us
[2026-04-03T02:38:03.517+0600][67.873s][info][gc,stats    ]   Trash Collection Set               23 us
[2026-04-03T02:38:03.517+0600][67.873s][info][gc,stats    ]   Rebuild Free Set                   50 us
[2026-04-03T02:38:03.517+0600][67.873s][info][gc,stats    ] Concurrent Cleanup                  754 us
[2026-04-03T02:38:03.517+0600][67.873s][info][gc,stats    ] Pacing                           162972 us
[2026-04-03T02:38:03.517+0600][67.873s][info][gc,stats    ] 
[2026-04-03T02:38:03.517+0600][67.873s][info][gc,stats    ] Allocation pacing accrued:
[2026-04-03T02:38:03.517+0600][67.873s][info][gc,stats    ]      11 of   880 ms (  1.3%): spark-listener-group-appStatus
[2026-04-03T02:38:03.517+0600][67.873s][info][gc,stats    ]      21 of   880 ms (  2.4%): Executor task launch worker for task 3.0 in stage 2776.0 (TID 5226)
[2026-04-03T02:38:03.517+0600][67.873s][info][gc,stats    ]      21 of   880 ms (  2.4%): Executor task launch worker for task 2.0 in stage 2776.0 (TID 5225)
[2026-04-03T02:38:03.517+0600][67.873s][info][gc,stats    ]      21 of   880 ms (  2.4%): Executor task launch worker for task 1.0 in stage 2776.0 (TID 5224)
[2026-04-03T02:38:03.517+0600][67.873s][info][gc,stats    ]      22 of   880 ms (  2.5%): Executor task launch worker for task 5.0 in stage 2776.0 (TID 5228)
[2026-04-03T02:38:03.517+0600][67.873s][info][gc,stats    ]      11 of   880 ms (  1.3%): Executor task launch worker for task 7.0 in stage 2776.0 (TID 5230)
[2026-04-03T02:38:03.517+0600][67.873s][info][gc,stats    ]      22 of   880 ms (  2.5%): task-result-getter-0
[2026-04-03T02:38:03.517+0600][67.873s][info][gc,stats    ]      11 of   880 ms (  1.2%): task-result-getter-1
[2026-04-03T02:38:03.517+0600][67.873s][info][gc,stats    ]      22 of   880 ms (  2.5%): task-result-getter-3
[2026-04-03T02:38:03.517+0600][67.873s][info][gc,stats    ]     163 of   880 ms ( 18.5%): <total>
[2026-04-03T02:38:03.517+0600][67.873s][info][gc,stats    ]       1 of   880 ms (  0.1%): <average total>
[2026-04-03T02:38:03.517+0600][67.873s][info][gc,stats    ]      18 of   880 ms (  2.1%): <average non-zero>
[2026-04-03T02:38:03.517+0600][67.873s][info][gc,stats    ] 
[2026-04-03T02:38:03.517+0600][67.873s][info][gc,metaspace] Metaspace: 131745K(133056K)->131746K(133056K) NonClass: 115170K(115776K)->115171K(115776K) Class: 16574K(17280K)->16574K(17280K)
[2026-04-03T02:38:03.517+0600][67.873s][info][gc,ergo     ] Pacer for Idle. Initial: 30720K, Alloc Tax Rate: 1.0x
[2026-04-03T02:38:04.313+0600][68.669s][info][gc          ] Trigger: Average GC time (165.19 ms) is above the time for average allocation rate (1292 MB/s) to deplete free headroom (200M) (margin of error = 1.88)
[2026-04-03T02:38:04.313+0600][68.669s][info][gc,ergo     ] Free headroom: 275M (free) - 76800K (spike) - 0B (penalties) = 200M
[2026-04-03T02:38:04.313+0600][68.669s][info][gc,ergo     ] Free: 275M, Max: 512K regular, 257M humongous, Frag: 7% external, 1% internal; Reserve: 76800K, Max: 512K
[2026-04-03T02:38:04.313+0600][68.669s][info][gc,start    ] GC(58) Concurrent reset
[2026-04-03T02:38:04.313+0600][68.669s][info][gc,task     ] GC(58) Using 3 of 6 workers for concurrent reset
[2026-04-03T02:38:04.313+0600][68.669s][info][gc,ergo     ] GC(58) Pacer for Reset. Non-Taxable: 1500M
[2026-04-03T02:38:04.315+0600][68.671s][info][gc          ] GC(58) Concurrent reset 1.314ms
[2026-04-03T02:38:04.315+0600][68.672s][info][gc,start    ] GC(58) Pause Init Mark (unload classes)
[2026-04-03T02:38:04.315+0600][68.672s][info][gc,task     ] GC(58) Using 6 of 6 workers for init marking
[2026-04-03T02:38:04.315+0600][68.672s][info][gc,ergo     ] GC(58) Pacer for Mark. Expected Live: 96348K, Free: 241M, Non-Taxable: 24723K, Alloc Tax Rate: 0.5x
[2026-04-03T02:38:04.316+0600][68.672s][info][gc          ] GC(58) Pause Init Mark (unload classes) 0.180ms
[2026-04-03T02:38:04.316+0600][68.672s][info][gc,start    ] GC(58) Concurrent marking roots
[2026-04-03T02:38:04.316+0600][68.672s][info][gc,task     ] GC(58) Using 3 of 6 workers for concurrent marking roots
[2026-04-03T02:38:04.318+0600][68.674s][info][gc          ] GC(58) Concurrent marking roots 1.875ms
[2026-04-03T02:38:04.318+0600][68.674s][info][gc,start    ] GC(58) Concurrent marking (unload classes)
[2026-04-03T02:38:04.318+0600][68.674s][info][gc,task     ] GC(58) Using 3 of 6 workers for concurrent marking
[2026-04-03T02:38:04.361+0600][68.717s][info][gc          ] GC(58) Concurrent marking (unload classes) 43.244ms
[2026-04-03T02:38:04.361+0600][68.717s][info][gc,start    ] GC(58) Pause Final Mark (unload classes)
[2026-04-03T02:38:04.361+0600][68.717s][info][gc,task     ] GC(58) Using 6 of 6 workers for final marking
[2026-04-03T02:38:04.362+0600][68.718s][info][gc,ergo     ] GC(58) Adaptive CSet Selection. Target Free: 212M, Actual Free: 1029M, Max CSet: 64000K, Min Garbage: 0B
[2026-04-03T02:38:04.362+0600][68.718s][info][gc,ergo     ] GC(58) Collectable Garbage: 974M (99%), Immediate: 773M (78%), CSet: 200M (20%)
[2026-04-03T02:38:04.362+0600][68.718s][info][gc,ergo     ] GC(58) Pacer for Evacuation. Used CSet: 208M, Free: 1041M, Non-Taxable: 104M, Alloc Tax Rate: 1.1x
[2026-04-03T02:38:04.362+0600][68.718s][info][gc          ] GC(58) Pause Final Mark (unload classes) 0.713ms
[2026-04-03T02:38:04.362+0600][68.718s][info][gc,start    ] GC(58) Concurrent thread roots
[2026-04-03T02:38:04.362+0600][68.718s][info][gc,task     ] GC(58) Using 3 of 6 workers for Concurrent thread roots
[2026-04-03T02:38:04.363+0600][68.719s][info][gc          ] GC(58) Concurrent thread roots 1.120ms
[2026-04-03T02:38:04.363+0600][68.719s][info][gc,start    ] GC(58) Concurrent weak references
[2026-04-03T02:38:04.363+0600][68.719s][info][gc,task     ] GC(58) Using 3 of 6 workers for concurrent weak references
[2026-04-03T02:38:04.364+0600][68.720s][info][gc,ref      ] GC(58) Encountered references: Soft: 3788, Weak: 16825, Final: 84, Phantom: 627
[2026-04-03T02:38:04.364+0600][68.720s][info][gc,ref      ] GC(58) Discovered  references: Soft: 0, Weak: 4994, Final: 0, Phantom: 230
[2026-04-03T02:38:04.364+0600][68.720s][info][gc,ref      ] GC(58) Enqueued    references: Soft: 0, Weak: 2310, Final: 0, Phantom: 0
[2026-04-03T02:38:04.364+0600][68.720s][info][gc          ] GC(58) Concurrent weak references 0.650ms
[2026-04-03T02:38:04.364+0600][68.720s][info][gc,start    ] GC(58) Concurrent weak roots
[2026-04-03T02:38:04.364+0600][68.720s][info][gc,task     ] GC(58) Using 3 of 6 workers for concurrent weak root
[2026-04-03T02:38:04.368+0600][68.725s][info][gc          ] GC(58) Concurrent weak roots 4.600ms
[2026-04-03T02:38:04.369+0600][68.725s][info][gc,start    ] GC(58) Concurrent cleanup
[2026-04-03T02:38:04.369+0600][68.726s][info][gc          ] GC(58) Concurrent cleanup 1205M->440M(1373M) 0.752ms
[2026-04-03T02:38:04.369+0600][68.726s][info][gc,ergo     ] GC(58) Free: 967M, Max: 512K regular, 116M humongous, Frag: 88% external, 0% internal; Reserve: 75679K, Max: 512K
[2026-04-03T02:38:04.369+0600][68.726s][info][gc,start    ] GC(58) Concurrent class unloading
[2026-04-03T02:38:04.369+0600][68.726s][info][gc,task     ] GC(58) Using 3 of 6 workers for concurrent class unloading
[2026-04-03T02:38:04.384+0600][68.741s][info][gc          ] GC(58) Concurrent class unloading 15.035ms
[2026-04-03T02:38:04.384+0600][68.741s][info][gc,start    ] GC(58) Concurrent strong roots
[2026-04-03T02:38:04.385+0600][68.741s][info][gc,task     ] GC(58) Using 3 of 6 workers for concurrent strong root
[2026-04-03T02:38:04.385+0600][68.742s][info][gc          ] GC(58) Concurrent strong roots 0.994ms
[2026-04-03T02:38:04.386+0600][68.742s][info][gc,start    ] GC(58) Concurrent evacuation
[2026-04-03T02:38:04.386+0600][68.742s][info][gc,task     ] GC(58) Using 3 of 6 workers for concurrent evacuation
[2026-04-03T02:38:04.388+0600][68.745s][info][gc          ] GC(58) Concurrent evacuation 2.764ms
[2026-04-03T02:38:04.389+0600][68.745s][info][gc,start    ] GC(58) Pause Init Update Refs
[2026-04-03T02:38:04.389+0600][68.745s][info][gc,ergo     ] GC(58) Pacer for Update Refs. Used: 484M, Free: 928M, Non-Taxable: 95080K, Alloc Tax Rate: 1.1x
[2026-04-03T02:38:04.389+0600][68.745s][info][gc          ] GC(58) Pause Init Update Refs 0.136ms
[2026-04-03T02:38:04.389+0600][68.745s][info][gc,start    ] GC(58) Concurrent update references
[2026-04-03T02:38:04.389+0600][68.745s][info][gc,task     ] GC(58) Using 3 of 6 workers for concurrent reference update
[2026-04-03T02:38:04.431+0600][68.787s][info][gc          ] GC(58) Concurrent update references 42.191ms
[2026-04-03T02:38:04.431+0600][68.787s][info][gc,start    ] GC(58) Concurrent update thread roots
[2026-04-03T02:38:04.433+0600][68.789s][info][gc          ] GC(58) Concurrent update thread roots 1.855ms
[2026-04-03T02:38:04.433+0600][68.790s][info][gc,start    ] GC(58) Pause Final Update Refs
[2026-04-03T02:38:04.433+0600][68.790s][info][gc,task     ] GC(58) Using 6 of 6 workers for final reference update
[2026-04-03T02:38:04.434+0600][68.790s][info][gc          ] GC(58) Pause Final Update Refs 0.238ms
[2026-04-03T02:38:04.434+0600][68.790s][info][gc,start    ] GC(58) Concurrent cleanup
[2026-04-03T02:38:04.434+0600][68.791s][info][gc          ] GC(58) Concurrent cleanup 572M->364M(1373M) 0.660ms
[2026-04-03T02:38:04.434+0600][68.791s][info][gc,ergo     ] Free: 1027M, Max: 512K regular, 772M humongous, Frag: 25% external, 0% internal; Reserve: 76800K, Max: 512K
[2026-04-03T02:38:04.435+0600][68.791s][info][gc,stats    ] 
[2026-04-03T02:38:04.435+0600][68.791s][info][gc,stats    ] All times are wall-clock times, except per-root-class counters, that are sum over
[2026-04-03T02:38:04.435+0600][68.791s][info][gc,stats    ] all workers. Dividing the <total> over the root stage time estimates parallelism.
[2026-04-03T02:38:04.435+0600][68.791s][info][gc,stats    ] 
[2026-04-03T02:38:04.435+0600][68.791s][info][gc,stats    ] Concurrent Reset                   1354 us
[2026-04-03T02:38:04.435+0600][68.791s][info][gc,stats    ] Pause Init Mark (G)                1096 us
[2026-04-03T02:38:04.435+0600][68.791s][info][gc,stats    ] Pause Init Mark (N)                 191 us
[2026-04-03T02:38:04.435+0600][68.791s][info][gc,stats    ]   Update Region States               45 us
[2026-04-03T02:38:04.435+0600][68.791s][info][gc,stats    ] Concurrent Mark Roots              1941 us, parallelism: 1.94x
[2026-04-03T02:38:04.435+0600][68.791s][info][gc,stats    ]   CMR: <total>                     3776 us
[2026-04-03T02:38:04.435+0600][68.791s][info][gc,stats    ]   CMR: Thread Roots                3396 us, workers (us): 1094, 1169, 1133, ---, ---, ---, 
[2026-04-03T02:38:04.435+0600][68.791s][info][gc,stats    ]   CMR: VM Strong Roots               60 us, workers (us):  31,  28,   1, ---, ---, ---, 
[2026-04-03T02:38:04.435+0600][68.791s][info][gc,stats    ]   CMR: CLDG Roots                   320 us, workers (us): 320, ---, ---, ---, ---, ---, 
[2026-04-03T02:38:04.435+0600][68.791s][info][gc,stats    ] Concurrent Marking                43325 us
[2026-04-03T02:38:04.435+0600][68.791s][info][gc,stats    ] Pause Final Mark (G)               1091 us
[2026-04-03T02:38:04.435+0600][68.791s][info][gc,stats    ] Pause Final Mark (N)                727 us
[2026-04-03T02:38:04.435+0600][68.791s][info][gc,stats    ]   Finish Mark                       276 us
[2026-04-03T02:38:04.435+0600][68.791s][info][gc,stats    ]   Update Region States               40 us
[2026-04-03T02:38:04.435+0600][68.791s][info][gc,stats    ]   Choose Collection Set             259 us
[2026-04-03T02:38:04.435+0600][68.791s][info][gc,stats    ]   Rebuild Free Set                   49 us
[2026-04-03T02:38:04.435+0600][68.791s][info][gc,stats    ] Concurrent Thread Roots            1160 us, parallelism: 2.12x
[2026-04-03T02:38:04.435+0600][68.791s][info][gc,stats    ]   CTR: <total>                     2459 us
[2026-04-03T02:38:04.435+0600][68.791s][info][gc,stats    ]   CTR: Thread Roots                2459 us, workers (us): 838, 805, 815, ---, ---, ---, 
[2026-04-03T02:38:04.435+0600][68.791s][info][gc,stats    ] Concurrent Weak References          659 us, parallelism: 1.05x
[2026-04-03T02:38:04.435+0600][68.791s][info][gc,stats    ]   CWRF: <total>                     692 us
[2026-04-03T02:38:04.435+0600][68.791s][info][gc,stats    ]   CWRF: Weak References             692 us, workers (us): 261,  36, 395, ---, ---, ---, 
[2026-04-03T02:38:04.435+0600][68.791s][info][gc,stats    ] Concurrent Weak Roots              4682 us
[2026-04-03T02:38:04.435+0600][68.791s][info][gc,stats    ]   Roots                            4135 us, parallelism: 2.66x
[2026-04-03T02:38:04.435+0600][68.791s][info][gc,stats    ]     CWR: <total>                  10997 us
[2026-04-03T02:38:04.435+0600][68.791s][info][gc,stats    ]     CWR: Code Cache Roots          8902 us, workers (us): 2988, 3134, 2781, ---, ---, ---, 
[2026-04-03T02:38:04.435+0600][68.791s][info][gc,stats    ]     CWR: VM Weak Roots             1913 us, workers (us): 686, 635, 592, ---, ---, ---, 
[2026-04-03T02:38:04.435+0600][68.791s][info][gc,stats    ]     CWR: CLDG Roots                 182 us, workers (us): ---, ---, 182, ---, ---, ---, 
[2026-04-03T02:38:04.435+0600][68.791s][info][gc,stats    ]   Rendezvous                        440 us
[2026-04-03T02:38:04.435+0600][68.791s][info][gc,stats    ] Concurrent Cleanup                  777 us
[2026-04-03T02:38:04.435+0600][68.791s][info][gc,stats    ] Concurrent Class Unloading        15109 us
[2026-04-03T02:38:04.435+0600][68.791s][info][gc,stats    ]   Unlink Stale                    13563 us
[2026-04-03T02:38:04.435+0600][68.791s][info][gc,stats    ]     System Dictionary               291 us
[2026-04-03T02:38:04.435+0600][68.791s][info][gc,stats    ]     Weak Class Links                  1 us
[2026-04-03T02:38:04.435+0600][68.791s][info][gc,stats    ]     Code Roots                    13269 us
[2026-04-03T02:38:04.435+0600][68.791s][info][gc,stats    ]   Rendezvous                        461 us
[2026-04-03T02:38:04.435+0600][68.791s][info][gc,stats    ]   Purge Unlinked                    983 us
[2026-04-03T02:38:04.435+0600][68.791s][info][gc,stats    ]     Code Roots                      970 us
[2026-04-03T02:38:04.435+0600][68.791s][info][gc,stats    ]     CLDG                             12 us
[2026-04-03T02:38:04.435+0600][68.791s][info][gc,stats    ]     Exception Caches                  1 us
[2026-04-03T02:38:04.435+0600][68.791s][info][gc,stats    ] Concurrent Strong Roots            1043 us, parallelism: 0.59x
[2026-04-03T02:38:04.435+0600][68.791s][info][gc,stats    ]   CSR: <total>                      612 us
[2026-04-03T02:38:04.435+0600][68.791s][info][gc,stats    ]   CSR: VM Strong Roots               44 us, workers (us):  28,  15,   0, ---, ---, ---, 
[2026-04-03T02:38:04.435+0600][68.791s][info][gc,stats    ]   CSR: CLDG Roots                   568 us, workers (us): 568, ---, ---, ---, ---, ---, 
[2026-04-03T02:38:04.435+0600][68.791s][info][gc,stats    ] Concurrent Evacuation              2804 us
[2026-04-03T02:38:04.435+0600][68.791s][info][gc,stats    ] Pause Init Update Refs (G)          509 us
[2026-04-03T02:38:04.435+0600][68.791s][info][gc,stats    ] Pause Init Update Refs (N)          149 us
[2026-04-03T02:38:04.435+0600][68.791s][info][gc,stats    ]   Manage GCLABs                      32 us
[2026-04-03T02:38:04.435+0600][68.791s][info][gc,stats    ] Concurrent Update Refs            42294 us
[2026-04-03T02:38:04.435+0600][68.792s][info][gc,stats    ] Concurrent Update Thread Roots     1960 us
[2026-04-03T02:38:04.435+0600][68.792s][info][gc,stats    ] Pause Final Update Refs (G)         581 us
[2026-04-03T02:38:04.435+0600][68.792s][info][gc,stats    ] Pause Final Update Refs (N)         260 us
[2026-04-03T02:38:04.435+0600][68.792s][info][gc,stats    ]   Update Region States               64 us
[2026-04-03T02:38:04.435+0600][68.792s][info][gc,stats    ]   Trash Collection Set               22 us
[2026-04-03T02:38:04.435+0600][68.792s][info][gc,stats    ]   Rebuild Free Set                   49 us
[2026-04-03T02:38:04.435+0600][68.792s][info][gc,stats    ] Concurrent Cleanup                  685 us
[2026-04-03T02:38:04.435+0600][68.792s][info][gc,stats    ] Pacing                           359873 us
[2026-04-03T02:38:04.435+0600][68.792s][info][gc,stats    ] 
[2026-04-03T02:38:04.435+0600][68.792s][info][gc,stats    ] Allocation pacing accrued:
[2026-04-03T02:38:04.435+0600][68.792s][info][gc,stats    ]      22 of   919 ms (  2.3%): dispatcher-BlockManagerMaster
[2026-04-03T02:38:04.435+0600][68.792s][info][gc,stats    ]      11 of   919 ms (  1.2%): RemoteBlock-temp-file-clean-thread
[2026-04-03T02:38:04.435+0600][68.792s][info][gc,stats    ]      11 of   919 ms (  1.2%): Spark Context Cleaner
[2026-04-03T02:38:04.435+0600][68.792s][info][gc,stats    ]      66 of   919 ms (  7.2%): Executor task launch worker for task 0.0 in stage 2899.0 (TID 5345)
[2026-04-03T02:38:04.435+0600][68.792s][info][gc,stats    ]      66 of   919 ms (  7.2%): Executor task launch worker for task 1.0 in stage 2899.0 (TID 5346)
[2026-04-03T02:38:04.435+0600][68.792s][info][gc,stats    ]      66 of   919 ms (  7.2%): Executor task launch worker for task 3.0 in stage 2899.0 (TID 5348)
[2026-04-03T02:38:04.436+0600][68.792s][info][gc,stats    ]      66 of   919 ms (  7.1%): Executor task launch worker for task 2.0 in stage 2899.0 (TID 5347)
[2026-04-03T02:38:04.436+0600][68.792s][info][gc,stats    ]      21 of   919 ms (  2.3%): block-manager-storage-async-thread-pool-60
[2026-04-03T02:38:04.436+0600][68.792s][info][gc,stats    ]      10 of   919 ms (  1.1%): block-manager-storage-async-thread-pool-91
[2026-04-03T02:38:04.436+0600][68.792s][info][gc,stats    ]      21 of   919 ms (  2.3%): block-manager-storage-async-thread-pool-97
[2026-04-03T02:38:04.436+0600][68.792s][info][gc,stats    ]     360 of   919 ms ( 39.2%): <total>
[2026-04-03T02:38:04.436+0600][68.792s][info][gc,stats    ]       1 of   919 ms (  0.1%): <average total>
[2026-04-03T02:38:04.436+0600][68.792s][info][gc,stats    ]      36 of   919 ms (  3.9%): <average non-zero>
[2026-04-03T02:38:04.436+0600][68.792s][info][gc,stats    ] 
[2026-04-03T02:38:04.436+0600][68.792s][info][gc,metaspace] Metaspace: 131763K(133120K)->131763K(133120K) NonClass: 115186K(115840K)->115186K(115840K) Class: 16576K(17280K)->16576K(17280K)
[2026-04-03T02:38:04.436+0600][68.792s][info][gc,ergo     ] Pacer for Idle. Initial: 30720K, Alloc Tax Rate: 1.0x
[2026-04-03T02:38:04.538+0600][68.894s][info][gc          ] Trigger: Average GC time (164.45 ms) is above the time for instantaneous allocation rate (4129 MB/s) to deplete free headroom (531M) (spike threshold = 1.78)
[2026-04-03T02:38:04.538+0600][68.894s][info][gc,ergo     ] Free: 606M, Max: 512K regular, 460M humongous, Frag: 24% external, 0% internal; Reserve: 76800K, Max: 512K
[2026-04-03T02:38:04.538+0600][68.894s][info][gc,start    ] GC(59) Concurrent reset
[2026-04-03T02:38:04.538+0600][68.894s][info][gc,task     ] GC(59) Using 3 of 6 workers for concurrent reset
[2026-04-03T02:38:04.538+0600][68.894s][info][gc,ergo     ] GC(59) Pacer for Reset. Non-Taxable: 1500M
[2026-04-03T02:38:04.539+0600][68.895s][info][gc          ] GC(59) Concurrent reset 1.141ms
[2026-04-03T02:38:04.539+0600][68.896s][info][gc,start    ] GC(59) Pause Init Mark (unload classes)
[2026-04-03T02:38:04.539+0600][68.896s][info][gc,task     ] GC(59) Using 6 of 6 workers for init marking
[2026-04-03T02:38:04.539+0600][68.896s][info][gc,ergo     ] GC(59) Pacer for Mark. Expected Live: 97327K, Free: 606M, Non-Taxable: 62056K, Alloc Tax Rate: 0.2x
[2026-04-03T02:38:04.539+0600][68.896s][info][gc          ] GC(59) Pause Init Mark (unload classes) 0.134ms
[2026-04-03T02:38:04.540+0600][68.896s][info][gc,start    ] GC(59) Concurrent marking roots
[2026-04-03T02:38:04.540+0600][68.896s][info][gc,task     ] GC(59) Using 3 of 6 workers for concurrent marking roots
[2026-04-03T02:38:04.541+0600][68.897s][info][gc          ] GC(59) Concurrent marking roots 1.070ms
[2026-04-03T02:38:04.541+0600][68.897s][info][gc,start    ] GC(59) Concurrent marking (unload classes)
[2026-04-03T02:38:04.541+0600][68.897s][info][gc,task     ] GC(59) Using 3 of 6 workers for concurrent marking
[2026-04-03T02:38:04.598+0600][68.954s][info][gc          ] GC(59) Concurrent marking (unload classes) 57.197ms
[2026-04-03T02:38:04.598+0600][68.954s][info][gc,start    ] GC(59) Pause Final Mark (unload classes)
[2026-04-03T02:38:04.598+0600][68.954s][info][gc,task     ] GC(59) Using 6 of 6 workers for final marking
[2026-04-03T02:38:04.599+0600][68.955s][info][gc,ergo     ] GC(59) Adaptive CSet Selection. Target Free: 212M, Actual Free: 1205M, Max CSet: 64000K, Min Garbage: 0B
[2026-04-03T02:38:04.599+0600][68.955s][info][gc,ergo     ] GC(59) Collectable Garbage: 647M (98%), Immediate: 577M (88%), CSet: 71128K (10%)
[2026-04-03T02:38:04.599+0600][68.955s][info][gc,ergo     ] GC(59) Pacer for Evacuation. Used CSet: 76286K, Free: 1205M, Non-Taxable: 120M, Alloc Tax Rate: 1.1x
[2026-04-03T02:38:04.599+0600][68.955s][info][gc          ] GC(59) Pause Final Mark (unload classes) 0.724ms
[2026-04-03T02:38:04.599+0600][68.955s][info][gc,start    ] GC(59) Concurrent thread roots
[2026-04-03T02:38:04.599+0600][68.955s][info][gc,task     ] GC(59) Using 3 of 6 workers for Concurrent thread roots
[2026-04-03T02:38:04.601+0600][68.957s][info][gc          ] GC(59) Concurrent thread roots 1.786ms
[2026-04-03T02:38:04.601+0600][68.957s][info][gc,start    ] GC(59) Concurrent weak references
[2026-04-03T02:38:04.601+0600][68.957s][info][gc,task     ] GC(59) Using 3 of 6 workers for concurrent weak references
[2026-04-03T02:38:04.602+0600][68.958s][info][gc,ref      ] GC(59) Encountered references: Soft: 3784, Weak: 14756, Final: 84, Phantom: 620
[2026-04-03T02:38:04.602+0600][68.958s][info][gc,ref      ] GC(59) Discovered  references: Soft: 0, Weak: 8752, Final: 84, Phantom: 225
[2026-04-03T02:38:04.602+0600][68.958s][info][gc,ref      ] GC(59) Enqueued    references: Soft: 0, Weak: 387, Final: 0, Phantom: 0
[2026-04-03T02:38:04.602+0600][68.958s][info][gc          ] GC(59) Concurrent weak references 1.213ms
[2026-04-03T02:38:04.602+0600][68.958s][info][gc,start    ] GC(59) Concurrent weak roots
[2026-04-03T02:38:04.602+0600][68.958s][info][gc,task     ] GC(59) Using 3 of 6 workers for concurrent weak root
[2026-04-03T02:38:04.609+0600][68.965s][info][gc          ] GC(59) Concurrent weak roots 7.066ms
[2026-04-03T02:38:04.609+0600][68.965s][info][gc,start    ] GC(59) Concurrent cleanup
[2026-04-03T02:38:04.610+0600][68.966s][info][gc          ] GC(59) Concurrent cleanup 804M->227M(1373M) 0.669ms
[2026-04-03T02:38:04.610+0600][68.966s][info][gc,ergo     ] GC(59) Free: 1187M, Max: 512K regular, 484M humongous, Frag: 60% external, 0% internal; Reserve: 75601K, Max: 512K
[2026-04-03T02:38:04.610+0600][68.966s][info][gc,start    ] GC(59) Concurrent class unloading
[2026-04-03T02:38:04.610+0600][68.966s][info][gc,task     ] GC(59) Using 3 of 6 workers for concurrent class unloading
[2026-04-03T02:38:04.625+0600][68.981s][info][gc          ] GC(59) Concurrent class unloading 15.081ms
[2026-04-03T02:38:04.625+0600][68.981s][info][gc,start    ] GC(59) Concurrent strong roots
[2026-04-03T02:38:04.625+0600][68.981s][info][gc,task     ] GC(59) Using 3 of 6 workers for concurrent strong root
[2026-04-03T02:38:04.627+0600][68.983s][info][gc          ] GC(59) Concurrent strong roots 1.283ms
[2026-04-03T02:38:04.627+0600][68.983s][info][gc,start    ] GC(59) Concurrent evacuation
[2026-04-03T02:38:04.627+0600][68.983s][info][gc,task     ] GC(59) Using 3 of 6 workers for concurrent evacuation
[2026-04-03T02:38:04.628+0600][68.985s][info][gc          ] GC(59) Concurrent evacuation 1.912ms
[2026-04-03T02:38:04.629+0600][68.985s][info][gc,start    ] GC(59) Pause Init Update Refs
[2026-04-03T02:38:04.629+0600][68.985s][info][gc,ergo     ] GC(59) Pacer for Update Refs. Used: 237M, Free: 1182M, Non-Taxable: 118M, Alloc Tax Rate: 1.1x
[2026-04-03T02:38:04.629+0600][68.985s][info][gc          ] GC(59) Pause Init Update Refs 0.137ms
[2026-04-03T02:38:04.629+0600][68.985s][info][gc,start    ] GC(59) Concurrent update references
[2026-04-03T02:38:04.629+0600][68.985s][info][gc,task     ] GC(59) Using 3 of 6 workers for concurrent reference update
[2026-04-03T02:38:04.672+0600][69.029s][info][gc          ] GC(59) Concurrent update references 43.358ms
[2026-04-03T02:38:04.672+0600][69.029s][info][gc,start    ] GC(59) Concurrent update thread roots
[2026-04-03T02:38:04.674+0600][69.031s][info][gc          ] GC(59) Concurrent update thread roots 1.976ms
[2026-04-03T02:38:04.675+0600][69.031s][info][gc,start    ] GC(59) Pause Final Update Refs
[2026-04-03T02:38:04.675+0600][69.031s][info][gc,task     ] GC(59) Using 6 of 6 workers for final reference update
[2026-04-03T02:38:04.675+0600][69.031s][info][gc          ] GC(59) Pause Final Update Refs 0.206ms
[2026-04-03T02:38:04.675+0600][69.031s][info][gc,start    ] GC(59) Concurrent cleanup
[2026-04-03T02:38:04.676+0600][69.032s][info][gc          ] GC(59) Concurrent cleanup 258M->184M(1373M) 0.643ms
[2026-04-03T02:38:04.676+0600][69.032s][info][gc,ergo     ] Free: 1228M, Max: 512K regular, 685M humongous, Frag: 45% external, 0% internal; Reserve: 76800K, Max: 512K
[2026-04-03T02:38:04.676+0600][69.032s][info][gc,stats    ] 
[2026-04-03T02:38:04.676+0600][69.032s][info][gc,stats    ] All times are wall-clock times, except per-root-class counters, that are sum over
[2026-04-03T02:38:04.676+0600][69.032s][info][gc,stats    ] all workers. Dividing the <total> over the root stage time estimates parallelism.
[2026-04-03T02:38:04.676+0600][69.032s][info][gc,stats    ] 
[2026-04-03T02:38:04.676+0600][69.032s][info][gc,stats    ] Concurrent Reset                   1186 us
[2026-04-03T02:38:04.676+0600][69.032s][info][gc,stats    ] Pause Init Mark (G)                 411 us
[2026-04-03T02:38:04.676+0600][69.032s][info][gc,stats    ] Pause Init Mark (N)                 143 us
[2026-04-03T02:38:04.676+0600][69.032s][info][gc,stats    ]   Update Region States               32 us
[2026-04-03T02:38:04.676+0600][69.032s][info][gc,stats    ] Concurrent Mark Roots              1092 us, parallelism: 1.80x
[2026-04-03T02:38:04.676+0600][69.032s][info][gc,stats    ]   CMR: <total>                     1965 us
[2026-04-03T02:38:04.676+0600][69.032s][info][gc,stats    ]   CMR: Thread Roots                1610 us, workers (us): 657, 353, 600, ---, ---, ---, 
[2026-04-03T02:38:04.676+0600][69.032s][info][gc,stats    ]   CMR: VM Strong Roots               38 us, workers (us):  20,  17,   1, ---, ---, ---, 
[2026-04-03T02:38:04.676+0600][69.032s][info][gc,stats    ]   CMR: CLDG Roots                   318 us, workers (us): ---, 318, ---, ---, ---, ---, 
[2026-04-03T02:38:04.676+0600][69.032s][info][gc,stats    ] Concurrent Marking                57314 us
[2026-04-03T02:38:04.676+0600][69.032s][info][gc,stats    ] Pause Final Mark (G)               1042 us
[2026-04-03T02:38:04.676+0600][69.032s][info][gc,stats    ] Pause Final Mark (N)                737 us
[2026-04-03T02:38:04.676+0600][69.032s][info][gc,stats    ]   Finish Mark                       225 us
[2026-04-03T02:38:04.676+0600][69.032s][info][gc,stats    ]   Update Region States               58 us
[2026-04-03T02:38:04.676+0600][69.032s][info][gc,stats    ]   Choose Collection Set             219 us
[2026-04-03T02:38:04.676+0600][69.032s][info][gc,stats    ]   Rebuild Free Set                   45 us
[2026-04-03T02:38:04.676+0600][69.032s][info][gc,stats    ] Concurrent Thread Roots            1833 us, parallelism: 2.45x
[2026-04-03T02:38:04.676+0600][69.032s][info][gc,stats    ]   CTR: <total>                     4499 us
[2026-04-03T02:38:04.676+0600][69.032s][info][gc,stats    ]   CTR: Thread Roots                4499 us, workers (us): 1487, 1452, 1559, ---, ---, ---, 
[2026-04-03T02:38:04.676+0600][69.032s][info][gc,stats    ] Concurrent Weak References         1228 us, parallelism: 1.25x
[2026-04-03T02:38:04.676+0600][69.032s][info][gc,stats    ]   CWRF: <total>                    1530 us
[2026-04-03T02:38:04.676+0600][69.032s][info][gc,stats    ]   CWRF: Weak References            1530 us, workers (us): 491, 1039,   0, ---, ---, ---, 
[2026-04-03T02:38:04.676+0600][69.032s][info][gc,stats    ] Concurrent Weak Roots              7178 us
[2026-04-03T02:38:04.676+0600][69.032s][info][gc,stats    ]   Roots                            6675 us, parallelism: 2.72x
[2026-04-03T02:38:04.676+0600][69.032s][info][gc,stats    ]     CWR: <total>                  18151 us
[2026-04-03T02:38:04.676+0600][69.032s][info][gc,stats    ]     CWR: Code Cache Roots         12500 us, workers (us): 4516, 4346, 3638, ---, ---, ---, 
[2026-04-03T02:38:04.676+0600][69.032s][info][gc,stats    ]     CWR: VM Weak Roots             5373 us, workers (us): 1623, 1587, 2163, ---, ---, ---, 
[2026-04-03T02:38:04.676+0600][69.032s][info][gc,stats    ]     CWR: CLDG Roots                 278 us, workers (us): ---, 278, ---, ---, ---, ---, 
[2026-04-03T02:38:04.676+0600][69.032s][info][gc,stats    ]   Rendezvous                        356 us
[2026-04-03T02:38:04.676+0600][69.032s][info][gc,stats    ] Concurrent Cleanup                  724 us
[2026-04-03T02:38:04.676+0600][69.032s][info][gc,stats    ] Concurrent Class Unloading        15182 us
[2026-04-03T02:38:04.676+0600][69.032s][info][gc,stats    ]   Unlink Stale                    14324 us
[2026-04-03T02:38:04.676+0600][69.032s][info][gc,stats    ]     System Dictionary               409 us
[2026-04-03T02:38:04.676+0600][69.032s][info][gc,stats    ]     Weak Class Links                  1 us
[2026-04-03T02:38:04.676+0600][69.032s][info][gc,stats    ]     Code Roots                    13910 us
[2026-04-03T02:38:04.676+0600][69.032s][info][gc,stats    ]   Rendezvous                        416 us
[2026-04-03T02:38:04.676+0600][69.032s][info][gc,stats    ]   Purge Unlinked                    291 us
[2026-04-03T02:38:04.676+0600][69.032s][info][gc,stats    ]     Code Roots                      277 us
[2026-04-03T02:38:04.676+0600][69.032s][info][gc,stats    ]     CLDG                             13 us
[2026-04-03T02:38:04.676+0600][69.032s][info][gc,stats    ]     Exception Caches                  0 us
[2026-04-03T02:38:04.676+0600][69.032s][info][gc,stats    ] Concurrent Strong Roots            1344 us, parallelism: 0.55x
[2026-04-03T02:38:04.676+0600][69.032s][info][gc,stats    ]   CSR: <total>                      742 us
[2026-04-03T02:38:04.676+0600][69.033s][info][gc,stats    ]   CSR: VM Strong Roots               58 us, workers (us):  27,  17,  14, ---, ---, ---, 
[2026-04-03T02:38:04.676+0600][69.033s][info][gc,stats    ]   CSR: CLDG Roots                   685 us, workers (us): ---, 685, ---, ---, ---, ---, 
[2026-04-03T02:38:04.676+0600][69.033s][info][gc,stats    ] Concurrent Evacuation              1954 us
[2026-04-03T02:38:04.676+0600][69.033s][info][gc,stats    ] Pause Init Update Refs (G)          479 us
[2026-04-03T02:38:04.676+0600][69.033s][info][gc,stats    ] Pause Init Update Refs (N)          148 us
[2026-04-03T02:38:04.676+0600][69.033s][info][gc,stats    ]   Manage GCLABs                      45 us
[2026-04-03T02:38:04.676+0600][69.033s][info][gc,stats    ] Concurrent Update Refs            43460 us
[2026-04-03T02:38:04.676+0600][69.033s][info][gc,stats    ] Concurrent Update Thread Roots     2076 us
[2026-04-03T02:38:04.676+0600][69.033s][info][gc,stats    ] Pause Final Update Refs (G)         473 us
[2026-04-03T02:38:04.676+0600][69.033s][info][gc,stats    ] Pause Final Update Refs (N)         224 us
[2026-04-03T02:38:04.676+0600][69.033s][info][gc,stats    ]   Update Region States               60 us
[2026-04-03T02:38:04.676+0600][69.033s][info][gc,stats    ]   Trash Collection Set               12 us
[2026-04-03T02:38:04.676+0600][69.033s][info][gc,stats    ]   Rebuild Free Set                   42 us
[2026-04-03T02:38:04.676+0600][69.033s][info][gc,stats    ] Concurrent Cleanup                  711 us
[2026-04-03T02:38:04.676+0600][69.033s][info][gc,stats    ] 
[2026-04-03T02:38:04.676+0600][69.033s][info][gc,stats    ] Allocation pacing accrued:
[2026-04-03T02:38:04.676+0600][69.033s][info][gc,stats    ]       0 of   241 ms (  0.0%): <total>
[2026-04-03T02:38:04.676+0600][69.033s][info][gc,stats    ]       0 of   241 ms (  0.0%): <average total>
[2026-04-03T02:38:04.676+0600][69.033s][info][gc,stats    ] 
[2026-04-03T02:38:04.677+0600][69.033s][info][gc,metaspace] Metaspace: 131766K(133120K)->131768K(133120K) NonClass: 115189K(115840K)->115191K(115840K) Class: 16576K(17280K)->16576K(17280K)
[2026-04-03T02:38:04.677+0600][69.033s][info][gc,ergo     ] Pacer for Idle. Initial: 30720K, Alloc Tax Rate: 1.0x
[2026-04-03T02:38:05.548+0600][69.904s][info][gc          ] Trigger: Average GC time (157.27 ms) is above the time for average allocation rate (1367 MB/s) to deplete free headroom (213M) (margin of error = 1.89)
[2026-04-03T02:38:05.548+0600][69.904s][info][gc,ergo     ] Free headroom: 288M (free) - 76800K (spike) - 0B (penalties) = 213M
[2026-04-03T02:38:05.548+0600][69.904s][info][gc,ergo     ] Free: 288M, Max: 512K regular, 287M humongous, Frag: 0% external, 1% internal; Reserve: 76800K, Max: 512K
[2026-04-03T02:38:05.548+0600][69.904s][info][gc,start    ] GC(60) Concurrent reset
[2026-04-03T02:38:05.548+0600][69.904s][info][gc,task     ] GC(60) Using 3 of 6 workers for concurrent reset
[2026-04-03T02:38:05.548+0600][69.904s][info][gc,ergo     ] GC(60) Pacer for Reset. Non-Taxable: 1500M
[2026-04-03T02:38:05.549+0600][69.905s][info][gc          ] GC(60) Concurrent reset 0.932ms
[2026-04-03T02:38:05.549+0600][69.906s][info][gc,start    ] GC(60) Pause Init Mark (unload classes)
[2026-04-03T02:38:05.549+0600][69.906s][info][gc,task     ] GC(60) Using 6 of 6 workers for init marking
[2026-04-03T02:38:05.549+0600][69.906s][info][gc,ergo     ] GC(60) Pacer for Mark. Expected Live: 97336K, Free: 288M, Non-Taxable: 29549K, Alloc Tax Rate: 0.4x
[2026-04-03T02:38:05.549+0600][69.906s][info][gc          ] GC(60) Pause Init Mark (unload classes) 0.130ms
[2026-04-03T02:38:05.550+0600][69.906s][info][gc,start    ] GC(60) Concurrent marking roots
[2026-04-03T02:38:05.550+0600][69.906s][info][gc,task     ] GC(60) Using 3 of 6 workers for concurrent marking roots
[2026-04-03T02:38:05.551+0600][69.907s][info][gc          ] GC(60) Concurrent marking roots 1.039ms
[2026-04-03T02:38:05.551+0600][69.907s][info][gc,start    ] GC(60) Concurrent marking (unload classes)
[2026-04-03T02:38:05.551+0600][69.907s][info][gc,task     ] GC(60) Using 3 of 6 workers for concurrent marking
[2026-04-03T02:38:05.610+0600][69.967s][info][gc          ] GC(60) Concurrent marking (unload classes) 59.672ms
[2026-04-03T02:38:05.611+0600][69.967s][info][gc,start    ] GC(60) Pause Final Mark (unload classes)
[2026-04-03T02:38:05.611+0600][69.967s][info][gc,task     ] GC(60) Using 6 of 6 workers for final marking
[2026-04-03T02:38:05.611+0600][69.967s][info][gc,ergo     ] GC(60) Adaptive CSet Selection. Target Free: 212M, Actual Free: 1040M, Max CSet: 64000K, Min Garbage: 0B
[2026-04-03T02:38:05.611+0600][69.967s][info][gc,ergo     ] GC(60) Collectable Garbage: 938M (99%), Immediate: 721M (76%), CSet: 217M (22%)
[2026-04-03T02:38:05.611+0600][69.967s][info][gc,ergo     ] GC(60) Pacer for Evacuation. Used CSet: 221M, Free: 1063M, Non-Taxable: 106M, Alloc Tax Rate: 1.1x
[2026-04-03T02:38:05.611+0600][69.967s][info][gc          ] GC(60) Pause Final Mark (unload classes) 0.701ms
[2026-04-03T02:38:05.611+0600][69.968s][info][gc,start    ] GC(60) Concurrent thread roots
[2026-04-03T02:38:05.611+0600][69.968s][info][gc,task     ] GC(60) Using 3 of 6 workers for Concurrent thread roots
[2026-04-03T02:38:05.612+0600][69.968s][info][gc          ] GC(60) Concurrent thread roots 0.913ms
[2026-04-03T02:38:05.612+0600][69.968s][info][gc,start    ] GC(60) Concurrent weak references
[2026-04-03T02:38:05.612+0600][69.968s][info][gc,task     ] GC(60) Using 3 of 6 workers for concurrent weak references
[2026-04-03T02:38:05.613+0600][69.969s][info][gc,ref      ] GC(60) Encountered references: Soft: 3784, Weak: 16021, Final: 84, Phantom: 620
[2026-04-03T02:38:05.613+0600][69.969s][info][gc,ref      ] GC(60) Discovered  references: Soft: 0, Weak: 5009, Final: 0, Phantom: 615
[2026-04-03T02:38:05.613+0600][69.969s][info][gc,ref      ] GC(60) Enqueued    references: Soft: 0, Weak: 266, Final: 0, Phantom: 0
[2026-04-03T02:38:05.613+0600][69.969s][info][gc          ] GC(60) Concurrent weak references 0.535ms
[2026-04-03T02:38:05.613+0600][69.969s][info][gc,start    ] GC(60) Concurrent weak roots
[2026-04-03T02:38:05.613+0600][69.969s][info][gc,task     ] GC(60) Using 3 of 6 workers for concurrent weak root
[2026-04-03T02:38:05.617+0600][69.973s][info][gc          ] GC(60) Concurrent weak roots 3.782ms
[2026-04-03T02:38:05.617+0600][69.973s][info][gc,start    ] GC(60) Concurrent cleanup
[2026-04-03T02:38:05.617+0600][69.974s][info][gc          ] GC(60) Concurrent cleanup 1077M->360M(1373M) 0.666ms
[2026-04-03T02:38:05.617+0600][69.974s][info][gc,ergo     ] GC(60) Free: 1058M, Max: 512K regular, 244M humongous, Frag: 77% external, 0% internal; Reserve: 76362K, Max: 512K
[2026-04-03T02:38:05.617+0600][69.974s][info][gc,start    ] GC(60) Concurrent class unloading
[2026-04-03T02:38:05.617+0600][69.974s][info][gc,task     ] GC(60) Using 3 of 6 workers for concurrent class unloading
[2026-04-03T02:38:05.643+0600][70.000s][info][gc          ] GC(60) Concurrent class unloading 25.814ms
[2026-04-03T02:38:05.643+0600][70.000s][info][gc,start    ] GC(60) Concurrent strong roots
[2026-04-03T02:38:05.643+0600][70.000s][info][gc,task     ] GC(60) Using 3 of 6 workers for concurrent strong root
[2026-04-03T02:38:05.645+0600][70.001s][info][gc          ] GC(60) Concurrent strong roots 1.525ms
[2026-04-03T02:38:05.645+0600][70.001s][info][gc,start    ] GC(60) Concurrent evacuation
[2026-04-03T02:38:05.645+0600][70.001s][info][gc,task     ] GC(60) Using 3 of 6 workers for concurrent evacuation
[2026-04-03T02:38:05.648+0600][70.005s][info][gc          ] GC(60) Concurrent evacuation 3.439ms
[2026-04-03T02:38:05.649+0600][70.005s][info][gc,start    ] GC(60) Pause Init Update Refs
[2026-04-03T02:38:05.649+0600][70.005s][info][gc,ergo     ] GC(60) Pacer for Update Refs. Used: 385M, Free: 1038M, Non-Taxable: 103M, Alloc Tax Rate: 1.1x
[2026-04-03T02:38:05.649+0600][70.005s][info][gc          ] GC(60) Pause Init Update Refs 0.136ms
[2026-04-03T02:38:05.649+0600][70.005s][info][gc,start    ] GC(60) Concurrent update references
[2026-04-03T02:38:05.649+0600][70.005s][info][gc,task     ] GC(60) Using 3 of 6 workers for concurrent reference update
[2026-04-03T02:38:05.695+0600][70.051s][info][gc          ] GC(60) Concurrent update references 45.709ms
[2026-04-03T02:38:05.695+0600][70.051s][info][gc,start    ] GC(60) Concurrent update thread roots
[2026-04-03T02:38:05.697+0600][70.053s][info][gc          ] GC(60) Concurrent update thread roots 1.781ms
[2026-04-03T02:38:05.697+0600][70.053s][info][gc,start    ] GC(60) Pause Final Update Refs
[2026-04-03T02:38:05.697+0600][70.053s][info][gc,task     ] GC(60) Using 6 of 6 workers for final reference update
[2026-04-03T02:38:05.697+0600][70.053s][info][gc          ] GC(60) Pause Final Update Refs 0.185ms
[2026-04-03T02:38:05.697+0600][70.053s][info][gc,start    ] GC(60) Concurrent cleanup
[2026-04-03T02:38:05.698+0600][70.054s][info][gc          ] GC(60) Concurrent cleanup 412M->191M(1373M) 0.714ms
[2026-04-03T02:38:05.698+0600][70.054s][info][gc,ergo     ] Free: 1221M, Max: 512K regular, 779M humongous, Frag: 37% external, 0% internal; Reserve: 76800K, Max: 512K
[2026-04-03T02:38:05.698+0600][70.054s][info][gc,stats    ] 
[2026-04-03T02:38:05.698+0600][70.054s][info][gc,stats    ] All times are wall-clock times, except per-root-class counters, that are sum over
[2026-04-03T02:38:05.698+0600][70.054s][info][gc,stats    ] all workers. Dividing the <total> over the root stage time estimates parallelism.
[2026-04-03T02:38:05.698+0600][70.054s][info][gc,stats    ] 
[2026-04-03T02:38:05.698+0600][70.054s][info][gc,stats    ] Concurrent Reset                    971 us
[2026-04-03T02:38:05.698+0600][70.054s][info][gc,stats    ] Pause Init Mark (G)                 411 us
[2026-04-03T02:38:05.698+0600][70.054s][info][gc,stats    ] Pause Init Mark (N)                 137 us
[2026-04-03T02:38:05.698+0600][70.054s][info][gc,stats    ]   Update Region States               28 us
[2026-04-03T02:38:05.698+0600][70.054s][info][gc,stats    ] Concurrent Mark Roots              1091 us, parallelism: 1.59x
[2026-04-03T02:38:05.698+0600][70.054s][info][gc,stats    ]   CMR: <total>                     1735 us
[2026-04-03T02:38:05.698+0600][70.054s][info][gc,stats    ]   CMR: Thread Roots                1511 us, workers (us): 398, 568, 545, ---, ---, ---, 
[2026-04-03T02:38:05.698+0600][70.054s][info][gc,stats    ]   CMR: VM Strong Roots               36 us, workers (us):  35,   1,   1, ---, ---, ---, 
[2026-04-03T02:38:05.698+0600][70.054s][info][gc,stats    ]   CMR: CLDG Roots                   188 us, workers (us): 188, ---, ---, ---, ---, ---, 
[2026-04-03T02:38:05.698+0600][70.054s][info][gc,stats    ] Concurrent Marking                59763 us
[2026-04-03T02:38:05.698+0600][70.054s][info][gc,stats    ] Pause Final Mark (G)                887 us
[2026-04-03T02:38:05.698+0600][70.055s][info][gc,stats    ] Pause Final Mark (N)                712 us
[2026-04-03T02:38:05.698+0600][70.055s][info][gc,stats    ]   Finish Mark                       270 us
[2026-04-03T02:38:05.698+0600][70.055s][info][gc,stats    ]   Update Region States               37 us
[2026-04-03T02:38:05.698+0600][70.055s][info][gc,stats    ]   Choose Collection Set             236 us
[2026-04-03T02:38:05.698+0600][70.055s][info][gc,stats    ]   Rebuild Free Set                   39 us
[2026-04-03T02:38:05.698+0600][70.055s][info][gc,stats    ] Concurrent Thread Roots             947 us, parallelism: 2.14x
[2026-04-03T02:38:05.698+0600][70.055s][info][gc,stats    ]   CTR: <total>                     2027 us
[2026-04-03T02:38:05.698+0600][70.055s][info][gc,stats    ]   CTR: Thread Roots                2027 us, workers (us): 717, 656, 654, ---, ---, ---, 
[2026-04-03T02:38:05.698+0600][70.055s][info][gc,stats    ] Concurrent Weak References          547 us, parallelism: 1.11x
[2026-04-03T02:38:05.698+0600][70.055s][info][gc,stats    ]   CWRF: <total>                     605 us
[2026-04-03T02:38:05.698+0600][70.055s][info][gc,stats    ]   CWRF: Weak References             605 us, workers (us): 201,  84, 320, ---, ---, ---, 
[2026-04-03T02:38:05.698+0600][70.055s][info][gc,stats    ] Concurrent Weak Roots              3872 us
[2026-04-03T02:38:05.698+0600][70.055s][info][gc,stats    ]   Roots                            3431 us, parallelism: 2.67x
[2026-04-03T02:38:05.698+0600][70.055s][info][gc,stats    ]     CWR: <total>                   9170 us
[2026-04-03T02:38:05.698+0600][70.055s][info][gc,stats    ]     CWR: Code Cache Roots          7043 us, workers (us): 2251, 2410, 2381, ---, ---, ---, 
[2026-04-03T02:38:05.699+0600][70.055s][info][gc,stats    ]     CWR: VM Weak Roots             2025 us, workers (us): 694, 670, 661, ---, ---, ---, 
[2026-04-03T02:38:05.699+0600][70.055s][info][gc,stats    ]     CWR: CLDG Roots                 101 us, workers (us): 101, ---, ---, ---, ---, ---, 
[2026-04-03T02:38:05.699+0600][70.055s][info][gc,stats    ]   Rendezvous                        322 us
[2026-04-03T02:38:05.699+0600][70.055s][info][gc,stats    ] Concurrent Cleanup                  707 us
[2026-04-03T02:38:05.699+0600][70.055s][info][gc,stats    ] Concurrent Class Unloading        25925 us
[2026-04-03T02:38:05.699+0600][70.055s][info][gc,stats    ]   Unlink Stale                    20114 us
[2026-04-03T02:38:05.699+0600][70.055s][info][gc,stats    ]     System Dictionary               271 us
[2026-04-03T02:38:05.699+0600][70.055s][info][gc,stats    ]     Weak Class Links                  0 us
[2026-04-03T02:38:05.699+0600][70.055s][info][gc,stats    ]     Code Roots                    19837 us
[2026-04-03T02:38:05.699+0600][70.055s][info][gc,stats    ]   Rendezvous                       4171 us
[2026-04-03T02:38:05.699+0600][70.055s][info][gc,stats    ]   Purge Unlinked                   1484 us
[2026-04-03T02:38:05.699+0600][70.055s][info][gc,stats    ]     Code Roots                     1451 us
[2026-04-03T02:38:05.699+0600][70.055s][info][gc,stats    ]     CLDG                             32 us
[2026-04-03T02:38:05.699+0600][70.055s][info][gc,stats    ]     Exception Caches                  1 us
[2026-04-03T02:38:05.699+0600][70.055s][info][gc,stats    ] Concurrent Strong Roots            1625 us, parallelism: 0.60x
[2026-04-03T02:38:05.699+0600][70.055s][info][gc,stats    ]   CSR: <total>                      973 us
[2026-04-03T02:38:05.699+0600][70.055s][info][gc,stats    ]   CSR: VM Strong Roots               66 us, workers (us):  61,   6,   0, ---, ---, ---, 
[2026-04-03T02:38:05.699+0600][70.055s][info][gc,stats    ]   CSR: CLDG Roots                   907 us, workers (us): ---, 907, ---, ---, ---, ---, 
[2026-04-03T02:38:05.699+0600][70.055s][info][gc,stats    ] Concurrent Evacuation              3549 us
[2026-04-03T02:38:05.699+0600][70.055s][info][gc,stats    ] Pause Init Update Refs (G)          493 us
[2026-04-03T02:38:05.699+0600][70.055s][info][gc,stats    ] Pause Init Update Refs (N)          152 us
[2026-04-03T02:38:05.699+0600][70.055s][info][gc,stats    ]   Manage GCLABs                      46 us
[2026-04-03T02:38:05.699+0600][70.055s][info][gc,stats    ] Concurrent Update Refs            45820 us
[2026-04-03T02:38:05.699+0600][70.055s][info][gc,stats    ] Concurrent Update Thread Roots     1862 us
[2026-04-03T02:38:05.699+0600][70.055s][info][gc,stats    ] Pause Final Update Refs (G)         404 us
[2026-04-03T02:38:05.699+0600][70.055s][info][gc,stats    ] Pause Final Update Refs (N)         213 us
[2026-04-03T02:38:05.699+0600][70.055s][info][gc,stats    ]   Update Region States               56 us
[2026-04-03T02:38:05.699+0600][70.055s][info][gc,stats    ]   Trash Collection Set               21 us
[2026-04-03T02:38:05.699+0600][70.055s][info][gc,stats    ]   Rebuild Free Set                   45 us
[2026-04-03T02:38:05.699+0600][70.055s][info][gc,stats    ] Concurrent Cleanup                  760 us
[2026-04-03T02:38:05.699+0600][70.055s][info][gc,stats    ] Pacing                            16373 us
[2026-04-03T02:38:05.699+0600][70.055s][info][gc,stats    ] 
[2026-04-03T02:38:05.699+0600][70.055s][info][gc,stats    ] Allocation pacing accrued:
[2026-04-03T02:38:05.699+0600][70.055s][info][gc,stats    ]      16 of  1022 ms (  1.6%): dag-scheduler-event-loop
[2026-04-03T02:38:05.699+0600][70.055s][info][gc,stats    ]      16 of  1022 ms (  1.6%): <total>
[2026-04-03T02:38:05.699+0600][70.055s][info][gc,stats    ]       0 of  1022 ms (  0.0%): <average total>
[2026-04-03T02:38:05.699+0600][70.055s][info][gc,stats    ]      16 of  1022 ms (  1.6%): <average non-zero>
[2026-04-03T02:38:05.699+0600][70.055s][info][gc,stats    ] 
[2026-04-03T02:38:05.699+0600][70.055s][info][gc,metaspace] Metaspace: 131771K(133120K)->131771K(133120K) NonClass: 115194K(115840K)->115194K(115840K) Class: 16576K(17280K)->16576K(17280K)
[2026-04-03T02:38:05.699+0600][70.055s][info][gc,ergo     ] Pacer for Idle. Initial: 30720K, Alloc Tax Rate: 1.0x
[2026-04-03T02:38:06.542+0600][70.898s][info][gc          ] Trigger: Average GC time (162.27 ms) is above the time for average allocation rate (1125 MB/s) to deplete free headroom (182M) (margin of error = 1.88)
[2026-04-03T02:38:06.542+0600][70.898s][info][gc,ergo     ] Free headroom: 257M (free) - 76800K (spike) - 0B (penalties) = 182M
[2026-04-03T02:38:06.542+0600][70.898s][info][gc,ergo     ] Free: 257M, Max: 512K regular, 241M humongous, Frag: 6% external, 1% internal; Reserve: 76800K, Max: 512K
[2026-04-03T02:38:06.542+0600][70.898s][info][gc,start    ] GC(61) Concurrent reset
[2026-04-03T02:38:06.542+0600][70.898s][info][gc,task     ] GC(61) Using 3 of 6 workers for concurrent reset
[2026-04-03T02:38:06.542+0600][70.898s][info][gc,ergo     ] GC(61) Pacer for Reset. Non-Taxable: 1500M
[2026-04-03T02:38:06.543+0600][70.900s][info][gc          ] GC(61) Concurrent reset 1.575ms
[2026-04-03T02:38:06.544+0600][70.900s][info][gc,start    ] GC(61) Pause Init Mark (unload classes)
[2026-04-03T02:38:06.544+0600][70.900s][info][gc,task     ] GC(61) Using 6 of 6 workers for init marking
[2026-04-03T02:38:06.544+0600][70.900s][info][gc,ergo     ] GC(61) Pacer for Mark. Expected Live: 97472K, Free: 254M, Non-Taxable: 26076K, Alloc Tax Rate: 0.5x
[2026-04-03T02:38:06.544+0600][70.900s][info][gc          ] GC(61) Pause Init Mark (unload classes) 0.165ms
[2026-04-03T02:38:06.544+0600][70.901s][info][gc,start    ] GC(61) Concurrent marking roots
[2026-04-03T02:38:06.544+0600][70.901s][info][gc,task     ] GC(61) Using 3 of 6 workers for concurrent marking roots
[2026-04-03T02:38:06.546+0600][70.902s][info][gc          ] GC(61) Concurrent marking roots 1.793ms
[2026-04-03T02:38:06.546+0600][70.903s][info][gc,start    ] GC(61) Concurrent marking (unload classes)
[2026-04-03T02:38:06.546+0600][70.903s][info][gc,task     ] GC(61) Using 3 of 6 workers for concurrent marking
[2026-04-03T02:38:06.605+0600][70.961s][info][gc          ] GC(61) Concurrent marking (unload classes) 58.544ms
[2026-04-03T02:38:06.605+0600][70.961s][info][gc,start    ] GC(61) Pause Final Mark (unload classes)
[2026-04-03T02:38:06.605+0600][70.961s][info][gc,task     ] GC(61) Using 6 of 6 workers for final marking
[2026-04-03T02:38:06.606+0600][70.962s][info][gc,ergo     ] GC(61) Adaptive CSet Selection. Target Free: 212M, Actual Free: 1081M, Max CSet: 64000K, Min Garbage: 0B
[2026-04-03T02:38:06.606+0600][70.962s][info][gc,ergo     ] GC(61) Collectable Garbage: 992M (99%), Immediate: 788M (78%), CSet: 203M (20%)
[2026-04-03T02:38:06.606+0600][70.962s][info][gc,ergo     ] GC(61) Pacer for Evacuation. Used CSet: 212M, Free: 1080M, Non-Taxable: 108M, Alloc Tax Rate: 1.1x
[2026-04-03T02:38:06.606+0600][70.962s][info][gc          ] GC(61) Pause Final Mark (unload classes) 0.800ms
[2026-04-03T02:38:06.606+0600][70.962s][info][gc,start    ] GC(61) Concurrent thread roots
[2026-04-03T02:38:06.606+0600][70.962s][info][gc,task     ] GC(61) Using 3 of 6 workers for Concurrent thread roots
[2026-04-03T02:38:06.607+0600][70.963s][info][gc          ] GC(61) Concurrent thread roots 0.983ms
[2026-04-03T02:38:06.607+0600][70.963s][info][gc,start    ] GC(61) Concurrent weak references
[2026-04-03T02:38:06.607+0600][70.963s][info][gc,task     ] GC(61) Using 3 of 6 workers for concurrent weak references
[2026-04-03T02:38:06.608+0600][70.965s][info][gc,ref      ] GC(61) Encountered references: Soft: 3823, Weak: 17424, Final: 84, Phantom: 626
[2026-04-03T02:38:06.608+0600][70.965s][info][gc,ref      ] GC(61) Discovered  references: Soft: 0, Weak: 6148, Final: 0, Phantom: 621
[2026-04-03T02:38:06.608+0600][70.965s][info][gc,ref      ] GC(61) Enqueued    references: Soft: 0, Weak: 2791, Final: 0, Phantom: 0
[2026-04-03T02:38:06.608+0600][70.965s][info][gc          ] GC(61) Concurrent weak references 1.292ms
[2026-04-03T02:38:06.608+0600][70.965s][info][gc,start    ] GC(61) Concurrent weak roots
[2026-04-03T02:38:06.608+0600][70.965s][info][gc,task     ] GC(61) Using 3 of 6 workers for concurrent weak root
[2026-04-03T02:38:06.612+0600][70.969s][info][gc          ] GC(61) Concurrent weak roots 3.874ms
[2026-04-03T02:38:06.612+0600][70.969s][info][gc,start    ] GC(61) Concurrent cleanup
[2026-04-03T02:38:06.613+0600][70.969s][info][gc          ] GC(61) Concurrent cleanup 1128M->339M(1373M) 0.629ms
[2026-04-03T02:38:06.613+0600][70.969s][info][gc,ergo     ] GC(61) Free: 1079M, Max: 512K regular, 217M humongous, Frag: 80% external, 0% internal; Reserve: 76447K, Max: 512K
[2026-04-03T02:38:06.613+0600][70.969s][info][gc,start    ] GC(61) Concurrent class unloading
[2026-04-03T02:38:06.613+0600][70.969s][info][gc,task     ] GC(61) Using 3 of 6 workers for concurrent class unloading
[2026-04-03T02:38:06.631+0600][70.987s][info][gc          ] GC(61) Concurrent class unloading 17.672ms
[2026-04-03T02:38:06.631+0600][70.987s][info][gc,start    ] GC(61) Concurrent strong roots
[2026-04-03T02:38:06.631+0600][70.987s][info][gc,task     ] GC(61) Using 3 of 6 workers for concurrent strong root
[2026-04-03T02:38:06.632+0600][70.988s][info][gc          ] GC(61) Concurrent strong roots 1.234ms
[2026-04-03T02:38:06.632+0600][70.988s][info][gc,start    ] GC(61) Concurrent evacuation
[2026-04-03T02:38:06.632+0600][70.988s][info][gc,task     ] GC(61) Using 3 of 6 workers for concurrent evacuation
[2026-04-03T02:38:06.638+0600][70.994s][info][gc          ] GC(61) Concurrent evacuation 5.391ms
[2026-04-03T02:38:06.638+0600][70.994s][info][gc,start    ] GC(61) Pause Init Update Refs
[2026-04-03T02:38:06.638+0600][70.994s][info][gc,ergo     ] GC(61) Pacer for Update Refs. Used: 350M, Free: 1078M, Non-Taxable: 107M, Alloc Tax Rate: 1.1x
[2026-04-03T02:38:06.638+0600][70.994s][info][gc          ] GC(61) Pause Init Update Refs 0.150ms
[2026-04-03T02:38:06.638+0600][70.994s][info][gc,start    ] GC(61) Concurrent update references
[2026-04-03T02:38:06.638+0600][70.994s][info][gc,task     ] GC(61) Using 3 of 6 workers for concurrent reference update
[2026-04-03T02:38:06.681+0600][71.037s][info][gc          ] GC(61) Concurrent update references 42.730ms
[2026-04-03T02:38:06.681+0600][71.037s][info][gc,start    ] GC(61) Concurrent update thread roots
[2026-04-03T02:38:06.682+0600][71.039s][info][gc          ] GC(61) Concurrent update thread roots 1.407ms
[2026-04-03T02:38:06.683+0600][71.039s][info][gc,start    ] GC(61) Pause Final Update Refs
[2026-04-03T02:38:06.683+0600][71.039s][info][gc,task     ] GC(61) Using 6 of 6 workers for final reference update
[2026-04-03T02:38:06.683+0600][71.039s][info][gc          ] GC(61) Pause Final Update Refs 0.143ms
[2026-04-03T02:38:06.683+0600][71.039s][info][gc,start    ] GC(61) Concurrent cleanup
[2026-04-03T02:38:06.683+0600][71.040s][info][gc          ] GC(61) Concurrent cleanup 351M->139M(1373M) 0.468ms
[2026-04-03T02:38:06.683+0600][71.040s][info][gc,ergo     ] Free: 1280M, Max: 512K regular, 766M humongous, Frag: 41% external, 0% internal; Reserve: 76800K, Max: 512K
[2026-04-03T02:38:06.683+0600][71.040s][info][gc,stats    ] 
[2026-04-03T02:38:06.683+0600][71.040s][info][gc,stats    ] All times are wall-clock times, except per-root-class counters, that are sum over
[2026-04-03T02:38:06.683+0600][71.040s][info][gc,stats    ] all workers. Dividing the <total> over the root stage time estimates parallelism.
[2026-04-03T02:38:06.683+0600][71.040s][info][gc,stats    ] 
[2026-04-03T02:38:06.683+0600][71.040s][info][gc,stats    ] Concurrent Reset                   1669 us
[2026-04-03T02:38:06.683+0600][71.040s][info][gc,stats    ] Pause Init Mark (G)                 832 us
[2026-04-03T02:38:06.683+0600][71.040s][info][gc,stats    ] Pause Init Mark (N)                 175 us
[2026-04-03T02:38:06.683+0600][71.040s][info][gc,stats    ]   Update Region States               49 us
[2026-04-03T02:38:06.683+0600][71.040s][info][gc,stats    ] Concurrent Mark Roots              1921 us, parallelism: 1.88x
[2026-04-03T02:38:06.683+0600][71.040s][info][gc,stats    ]   CMR: <total>                     3621 us
[2026-04-03T02:38:06.683+0600][71.040s][info][gc,stats    ]   CMR: Thread Roots                3105 us, workers (us): 1174, 714, 1217, ---, ---, ---, 
[2026-04-03T02:38:06.683+0600][71.040s][info][gc,stats    ]   CMR: VM Strong Roots               66 us, workers (us):  35,  30,   1, ---, ---, ---, 
[2026-04-03T02:38:06.683+0600][71.040s][info][gc,stats    ]   CMR: CLDG Roots                   449 us, workers (us): ---, 449, ---, ---, ---, ---, 
[2026-04-03T02:38:06.683+0600][71.040s][info][gc,stats    ] Concurrent Marking                58648 us
[2026-04-03T02:38:06.683+0600][71.040s][info][gc,stats    ] Pause Final Mark (G)               1146 us
[2026-04-03T02:38:06.683+0600][71.040s][info][gc,stats    ] Pause Final Mark (N)                813 us
[2026-04-03T02:38:06.683+0600][71.040s][info][gc,stats    ]   Finish Mark                       210 us
[2026-04-03T02:38:06.683+0600][71.040s][info][gc,stats    ]   Update Region States               82 us
[2026-04-03T02:38:06.683+0600][71.040s][info][gc,stats    ]   Choose Collection Set             241 us
[2026-04-03T02:38:06.683+0600][71.040s][info][gc,stats    ]   Rebuild Free Set                   41 us
[2026-04-03T02:38:06.683+0600][71.040s][info][gc,stats    ] Concurrent Thread Roots            1025 us, parallelism: 2.14x
[2026-04-03T02:38:06.684+0600][71.040s][info][gc,stats    ]   CTR: <total>                     2198 us
[2026-04-03T02:38:06.684+0600][71.040s][info][gc,stats    ]   CTR: Thread Roots                2198 us, workers (us): 751, 726, 721, ---, ---, ---, 
[2026-04-03T02:38:06.684+0600][71.040s][info][gc,stats    ] Concurrent Weak References         1305 us, parallelism: 0.91x
[2026-04-03T02:38:06.684+0600][71.040s][info][gc,stats    ]   CWRF: <total>                    1184 us
[2026-04-03T02:38:06.684+0600][71.040s][info][gc,stats    ]   CWRF: Weak References            1184 us, workers (us): 1011, 172,   1, ---, ---, ---, 
[2026-04-03T02:38:06.684+0600][71.040s][info][gc,stats    ] Concurrent Weak Roots              3943 us
[2026-04-03T02:38:06.684+0600][71.040s][info][gc,stats    ]   Roots                            3569 us, parallelism: 2.61x
[2026-04-03T02:38:06.684+0600][71.040s][info][gc,stats    ]     CWR: <total>                   9332 us
[2026-04-03T02:38:06.684+0600][71.040s][info][gc,stats    ]     CWR: Code Cache Roots          6886 us, workers (us): 2357, 2398, 2131, ---, ---, ---, 
[2026-04-03T02:38:06.684+0600][71.040s][info][gc,stats    ]     CWR: VM Weak Roots             2285 us, workers (us): 790, 782, 713, ---, ---, ---, 
[2026-04-03T02:38:06.684+0600][71.040s][info][gc,stats    ]     CWR: CLDG Roots                 160 us, workers (us): ---, ---, 160, ---, ---, ---, 
[2026-04-03T02:38:06.684+0600][71.040s][info][gc,stats    ]   Rendezvous                        275 us
[2026-04-03T02:38:06.684+0600][71.040s][info][gc,stats    ] Concurrent Cleanup                  654 us
[2026-04-03T02:38:06.684+0600][71.040s][info][gc,stats    ] Concurrent Class Unloading        17777 us
[2026-04-03T02:38:06.684+0600][71.040s][info][gc,stats    ]   Unlink Stale                    15486 us
[2026-04-03T02:38:06.684+0600][71.040s][info][gc,stats    ]     System Dictionary               249 us
[2026-04-03T02:38:06.684+0600][71.040s][info][gc,stats    ]     Weak Class Links                  0 us
[2026-04-03T02:38:06.684+0600][71.040s][info][gc,stats    ]     Code Roots                    15233 us
[2026-04-03T02:38:06.684+0600][71.040s][info][gc,stats    ]   Rendezvous                        298 us
[2026-04-03T02:38:06.684+0600][71.040s][info][gc,stats    ]   Purge Unlinked                   1851 us
[2026-04-03T02:38:06.684+0600][71.040s][info][gc,stats    ]     Code Roots                     1837 us
[2026-04-03T02:38:06.684+0600][71.040s][info][gc,stats    ]     CLDG                             13 us
[2026-04-03T02:38:06.684+0600][71.040s][info][gc,stats    ]     Exception Caches                  1 us
[2026-04-03T02:38:06.684+0600][71.040s][info][gc,stats    ] Concurrent Strong Roots            1296 us, parallelism: 0.69x
[2026-04-03T02:38:06.684+0600][71.040s][info][gc,stats    ]   CSR: <total>                      899 us
[2026-04-03T02:38:06.684+0600][71.040s][info][gc,stats    ]   CSR: VM Strong Roots               71 us, workers (us):  22,  25,  24, ---, ---, ---, 
[2026-04-03T02:38:06.684+0600][71.040s][info][gc,stats    ]   CSR: CLDG Roots                   828 us, workers (us): 828, ---, ---, ---, ---, ---, 
[2026-04-03T02:38:06.684+0600][71.040s][info][gc,stats    ] Concurrent Evacuation              5475 us
[2026-04-03T02:38:06.684+0600][71.040s][info][gc,stats    ] Pause Init Update Refs (G)          522 us
[2026-04-03T02:38:06.684+0600][71.040s][info][gc,stats    ] Pause Init Update Refs (N)          168 us
[2026-04-03T02:38:06.684+0600][71.040s][info][gc,stats    ]   Manage GCLABs                      56 us
[2026-04-03T02:38:06.684+0600][71.040s][info][gc,stats    ] Concurrent Update Refs            42790 us
[2026-04-03T02:38:06.684+0600][71.040s][info][gc,stats    ] Concurrent Update Thread Roots     1449 us
[2026-04-03T02:38:06.684+0600][71.040s][info][gc,stats    ] Pause Final Update Refs (G)         433 us
[2026-04-03T02:38:06.684+0600][71.040s][info][gc,stats    ] Pause Final Update Refs (N)         176 us
[2026-04-03T02:38:06.684+0600][71.040s][info][gc,stats    ]   Update Region States               40 us
[2026-04-03T02:38:06.684+0600][71.040s][info][gc,stats    ]   Trash Collection Set               15 us
[2026-04-03T02:38:06.684+0600][71.040s][info][gc,stats    ]   Rebuild Free Set                   34 us
[2026-04-03T02:38:06.684+0600][71.040s][info][gc,stats    ] Concurrent Cleanup                  487 us
[2026-04-03T02:38:06.684+0600][71.040s][info][gc,stats    ] 
[2026-04-03T02:38:06.684+0600][71.040s][info][gc,stats    ] Allocation pacing accrued:
[2026-04-03T02:38:06.684+0600][71.040s][info][gc,stats    ]       0 of   985 ms (  0.0%): <total>
[2026-04-03T02:38:06.684+0600][71.040s][info][gc,stats    ]       0 of   985 ms (  0.0%): <average total>
[2026-04-03T02:38:06.684+0600][71.040s][info][gc,stats    ] 
[2026-04-03T02:38:06.684+0600][71.040s][info][gc,metaspace] Metaspace: 131811K(133120K)->131812K(133120K) NonClass: 115228K(115840K)->115229K(115840K) Class: 16582K(17280K)->16582K(17280K)
[2026-04-03T02:38:06.684+0600][71.040s][info][gc,ergo     ] Pacer for Idle. Initial: 30720K, Alloc Tax Rate: 1.0x
[2026-04-03T02:38:06.685+0600][71.041s][info][gc          ] Trigger: Explicit GC request (System.gc())
[2026-04-03T02:38:06.685+0600][71.041s][info][gc,ergo     ] Free: 1280M, Max: 512K regular, 766M humongous, Frag: 41% external, 0% internal; Reserve: 76800K, Max: 512K
[2026-04-03T02:38:06.685+0600][71.041s][info][gc,start    ] GC(62) Concurrent reset
[2026-04-03T02:38:06.685+0600][71.041s][info][gc,task     ] GC(62) Using 3 of 6 workers for concurrent reset
[2026-04-03T02:38:06.685+0600][71.041s][info][gc,ergo     ] GC(62) Pacer for Reset. Non-Taxable: 1500M
[2026-04-03T02:38:06.686+0600][71.042s][info][gc          ] GC(62) Concurrent reset 0.954ms
[2026-04-03T02:38:06.686+0600][71.042s][info][gc,start    ] GC(62) Pause Init Mark (unload classes)
[2026-04-03T02:38:06.686+0600][71.042s][info][gc,task     ] GC(62) Using 6 of 6 workers for init marking
[2026-04-03T02:38:06.686+0600][71.042s][info][gc,ref      ] GC(62) Clearing All SoftReferences
[2026-04-03T02:38:06.686+0600][71.042s][info][gc,ergo     ] GC(62) Pacer for Mark. Expected Live: 97341K, Free: 1280M, Non-Taxable: 128M, Alloc Tax Rate: 0.1x
[2026-04-03T02:38:06.686+0600][71.042s][info][gc          ] GC(62) Pause Init Mark (unload classes) 0.121ms
[2026-04-03T02:38:06.686+0600][71.043s][info][gc,start    ] GC(62) Concurrent marking roots
[2026-04-03T02:38:06.686+0600][71.043s][info][gc,task     ] GC(62) Using 3 of 6 workers for concurrent marking roots
[2026-04-03T02:38:06.687+0600][71.044s][info][gc          ] GC(62) Concurrent marking roots 1.031ms
[2026-04-03T02:38:06.687+0600][71.044s][info][gc,start    ] GC(62) Concurrent marking (unload classes)
[2026-04-03T02:38:06.687+0600][71.044s][info][gc,task     ] GC(62) Using 3 of 6 workers for concurrent marking
[2026-04-03T02:38:06.720+0600][71.076s][info][gc          ] GC(62) Concurrent marking (unload classes) 32.816ms
[2026-04-03T02:38:06.720+0600][71.077s][info][gc,start    ] GC(62) Pause Final Mark (unload classes)
[2026-04-03T02:38:06.720+0600][71.077s][info][gc,task     ] GC(62) Using 6 of 6 workers for final marking
[2026-04-03T02:38:06.721+0600][71.077s][info][gc,ergo     ] GC(62) Adaptive CSet Selection. Target Free: 212M, Actual Free: 1381M, Max CSet: 64000K, Min Garbage: 0B
[2026-04-03T02:38:06.721+0600][71.077s][info][gc,ergo     ] GC(62) Collectable Garbage: 48509K (86%), Immediate: 27648K (49%), CSet: 20861K (37%)
[2026-04-03T02:38:06.721+0600][71.077s][info][gc,ergo     ] GC(62) Pacer for Evacuation. Used CSet: 29037K, Free: 1310M, Non-Taxable: 131M, Alloc Tax Rate: 1.1x
[2026-04-03T02:38:06.721+0600][71.077s][info][gc          ] GC(62) Pause Final Mark (unload classes) 0.540ms
[2026-04-03T02:38:06.721+0600][71.077s][info][gc,start    ] GC(62) Concurrent thread roots
[2026-04-03T02:38:06.721+0600][71.077s][info][gc,task     ] GC(62) Using 3 of 6 workers for Concurrent thread roots
[2026-04-03T02:38:06.722+0600][71.078s][info][gc          ] GC(62) Concurrent thread roots 0.641ms
[2026-04-03T02:38:06.722+0600][71.078s][info][gc,start    ] GC(62) Concurrent weak references
[2026-04-03T02:38:06.722+0600][71.078s][info][gc,task     ] GC(62) Using 3 of 6 workers for concurrent weak references
[2026-04-03T02:38:06.722+0600][71.078s][info][gc,ref      ] GC(62) Encountered references: Soft: 3585, Weak: 14412, Final: 84, Phantom: 620
[2026-04-03T02:38:06.722+0600][71.078s][info][gc,ref      ] GC(62) Discovered  references: Soft: 1907, Weak: 3712, Final: 0, Phantom: 586
[2026-04-03T02:38:06.722+0600][71.078s][info][gc,ref      ] GC(62) Enqueued    references: Soft: 688, Weak: 367, Final: 0, Phantom: 0
[2026-04-03T02:38:06.722+0600][71.079s][info][gc          ] GC(62) Concurrent weak references 0.617ms
[2026-04-03T02:38:06.722+0600][71.079s][info][gc,start    ] GC(62) Concurrent weak roots
[2026-04-03T02:38:06.722+0600][71.079s][info][gc,task     ] GC(62) Using 3 of 6 workers for concurrent weak root
[2026-04-03T02:38:06.726+0600][71.082s][info][gc          ] GC(62) Concurrent weak roots 3.375ms
[2026-04-03T02:38:06.726+0600][71.082s][info][gc,start    ] GC(62) Concurrent cleanup
[2026-04-03T02:38:06.726+0600][71.082s][info][gc          ] GC(62) Concurrent cleanup 140M->113M(1373M) 0.446ms
[2026-04-03T02:38:06.726+0600][71.082s][info][gc,ergo     ] GC(62) Free: 1310M, Max: 512K regular, 769M humongous, Frag: 42% external, 0% internal; Reserve: 76180K, Max: 512K
[2026-04-03T02:38:06.726+0600][71.082s][info][gc,start    ] GC(62) Concurrent class unloading
[2026-04-03T02:38:06.726+0600][71.082s][info][gc,task     ] GC(62) Using 3 of 6 workers for concurrent class unloading
[2026-04-03T02:38:06.770+0600][71.127s][info][gc          ] GC(62) Concurrent class unloading 44.145ms
[2026-04-03T02:38:06.770+0600][71.127s][info][gc,start    ] GC(62) Concurrent strong roots
[2026-04-03T02:38:06.770+0600][71.127s][info][gc,task     ] GC(62) Using 3 of 6 workers for concurrent strong root
[2026-04-03T02:38:06.771+0600][71.127s][info][gc          ] GC(62) Concurrent strong roots 0.828ms
[2026-04-03T02:38:06.771+0600][71.127s][info][gc,start    ] GC(62) Concurrent evacuation
[2026-04-03T02:38:06.771+0600][71.127s][info][gc,task     ] GC(62) Using 3 of 6 workers for concurrent evacuation
[2026-04-03T02:38:06.774+0600][71.130s][info][gc          ] GC(62) Concurrent evacuation 2.768ms
[2026-04-03T02:38:06.774+0600][71.130s][info][gc,start    ] GC(62) Pause Init Update Refs
[2026-04-03T02:38:06.774+0600][71.131s][info][gc,ergo     ] GC(62) Pacer for Update Refs. Used: 121M, Free: 1310M, Non-Taxable: 131M, Alloc Tax Rate: 1.1x
[2026-04-03T02:38:06.774+0600][71.131s][info][gc          ] GC(62) Pause Init Update Refs 0.085ms
[2026-04-03T02:38:06.775+0600][71.131s][info][gc,start    ] GC(62) Concurrent update references
[2026-04-03T02:38:06.775+0600][71.131s][info][gc,task     ] GC(62) Using 3 of 6 workers for concurrent reference update
[2026-04-03T02:38:06.799+0600][71.155s][info][gc          ] GC(62) Concurrent update references 24.366ms
[2026-04-03T02:38:06.799+0600][71.155s][info][gc,start    ] GC(62) Concurrent update thread roots
[2026-04-03T02:38:06.800+0600][71.156s][info][gc          ] GC(62) Concurrent update thread roots 1.047ms
[2026-04-03T02:38:06.800+0600][71.156s][info][gc,start    ] GC(62) Pause Final Update Refs
[2026-04-03T02:38:06.800+0600][71.156s][info][gc,task     ] GC(62) Using 6 of 6 workers for final reference update
[2026-04-03T02:38:06.800+0600][71.156s][info][gc          ] GC(62) Pause Final Update Refs 0.110ms
[2026-04-03T02:38:06.800+0600][71.157s][info][gc,start    ] GC(62) Concurrent cleanup
[2026-04-03T02:38:06.801+0600][71.157s][info][gc          ] GC(62) Concurrent cleanup 121M->93M(1373M) 0.453ms
[2026-04-03T02:38:06.801+0600][71.157s][info][gc,ergo     ] Free: 1329M, Max: 512K regular, 846M humongous, Frag: 37% external, 0% internal; Reserve: 76800K, Max: 512K
[2026-04-03T02:38:06.801+0600][71.157s][info][gc,stats    ] 
[2026-04-03T02:38:06.801+0600][71.157s][info][gc,stats    ] All times are wall-clock times, except per-root-class counters, that are sum over
[2026-04-03T02:38:06.801+0600][71.157s][info][gc,stats    ] all workers. Dividing the <total> over the root stage time estimates parallelism.
[2026-04-03T02:38:06.801+0600][71.157s][info][gc,stats    ] 
[2026-04-03T02:38:06.801+0600][71.157s][info][gc,stats    ] Concurrent Reset                   1011 us
[2026-04-03T02:38:06.801+0600][71.157s][info][gc,stats    ] Pause Init Mark (G)                 365 us
[2026-04-03T02:38:06.801+0600][71.157s][info][gc,stats    ] Pause Init Mark (N)                 129 us
[2026-04-03T02:38:06.801+0600][71.157s][info][gc,stats    ]   Update Region States               28 us
[2026-04-03T02:38:06.801+0600][71.157s][info][gc,stats    ] Concurrent Mark Roots              1063 us, parallelism: 1.70x
[2026-04-03T02:38:06.801+0600][71.157s][info][gc,stats    ]   CMR: <total>                     1804 us
[2026-04-03T02:38:06.801+0600][71.157s][info][gc,stats    ]   CMR: Thread Roots                1572 us, workers (us): 441, 563, 568, ---, ---, ---, 
[2026-04-03T02:38:06.801+0600][71.157s][info][gc,stats    ]   CMR: VM Strong Roots               30 us, workers (us):  29,   1,   1, ---, ---, ---, 
[2026-04-03T02:38:06.801+0600][71.157s][info][gc,stats    ]   CMR: CLDG Roots                   202 us, workers (us): 202, ---, ---, ---, ---, ---, 
[2026-04-03T02:38:06.801+0600][71.157s][info][gc,stats    ] Concurrent Marking                32873 us
[2026-04-03T02:38:06.801+0600][71.157s][info][gc,stats    ] Pause Final Mark (G)                778 us
[2026-04-03T02:38:06.801+0600][71.157s][info][gc,stats    ] Pause Final Mark (N)                549 us
[2026-04-03T02:38:06.801+0600][71.157s][info][gc,stats    ]   Finish Mark                       255 us
[2026-04-03T02:38:06.801+0600][71.157s][info][gc,stats    ]   Update Region States               49 us
[2026-04-03T02:38:06.801+0600][71.157s][info][gc,stats    ]   Choose Collection Set             120 us
[2026-04-03T02:38:06.801+0600][71.157s][info][gc,stats    ]   Rebuild Free Set                   31 us
[2026-04-03T02:38:06.801+0600][71.157s][info][gc,stats    ] Concurrent Thread Roots             677 us, parallelism: 2.38x
[2026-04-03T02:38:06.801+0600][71.157s][info][gc,stats    ]   CTR: <total>                     1610 us
[2026-04-03T02:38:06.801+0600][71.157s][info][gc,stats    ]   CTR: Thread Roots                1610 us, workers (us): 548, 544, 518, ---, ---, ---, 
[2026-04-03T02:38:06.801+0600][71.157s][info][gc,stats    ] Concurrent Weak References          629 us, parallelism: 1.22x
[2026-04-03T02:38:06.801+0600][71.157s][info][gc,stats    ]   CWRF: <total>                     766 us
[2026-04-03T02:38:06.801+0600][71.157s][info][gc,stats    ]   CWRF: Weak References             766 us, workers (us): 345, 126, 295, ---, ---, ---, 
[2026-04-03T02:38:06.801+0600][71.157s][info][gc,stats    ] Concurrent Weak Roots              3421 us
[2026-04-03T02:38:06.801+0600][71.157s][info][gc,stats    ]   Roots                            3164 us, parallelism: 2.73x
[2026-04-03T02:38:06.801+0600][71.157s][info][gc,stats    ]     CWR: <total>                   8644 us
[2026-04-03T02:38:06.801+0600][71.157s][info][gc,stats    ]     CWR: Code Cache Roots          6247 us, workers (us): 1992, 2106, 2150, ---, ---, ---, 
[2026-04-03T02:38:06.801+0600][71.157s][info][gc,stats    ]     CWR: VM Weak Roots             2239 us, workers (us): 776, 738, 725, ---, ---, ---, 
[2026-04-03T02:38:06.801+0600][71.157s][info][gc,stats    ]     CWR: CLDG Roots                 157 us, workers (us): 157, ---, ---, ---, ---, ---, 
[2026-04-03T02:38:06.801+0600][71.157s][info][gc,stats    ]   Rendezvous                        190 us
[2026-04-03T02:38:06.801+0600][71.157s][info][gc,stats    ] Concurrent Cleanup                  457 us
[2026-04-03T02:38:06.801+0600][71.157s][info][gc,stats    ] Concurrent Class Unloading        44204 us
[2026-04-03T02:38:06.801+0600][71.157s][info][gc,stats    ]   Unlink Stale                    28107 us
[2026-04-03T02:38:06.801+0600][71.157s][info][gc,stats    ]     System Dictionary               629 us
[2026-04-03T02:38:06.801+0600][71.157s][info][gc,stats    ]     Weak Class Links              16104 us
[2026-04-03T02:38:06.801+0600][71.157s][info][gc,stats    ]     Code Roots                    11369 us
[2026-04-03T02:38:06.801+0600][71.157s][info][gc,stats    ]   Rendezvous                        336 us
[2026-04-03T02:38:06.801+0600][71.157s][info][gc,stats    ]   Purge Unlinked                  15682 us
[2026-04-03T02:38:06.801+0600][71.157s][info][gc,stats    ]     Code Roots                    14658 us
[2026-04-03T02:38:06.801+0600][71.157s][info][gc,stats    ]     CLDG                           1023 us
[2026-04-03T02:38:06.801+0600][71.157s][info][gc,stats    ]     Exception Caches                  0 us
[2026-04-03T02:38:06.801+0600][71.157s][info][gc,stats    ] Concurrent Strong Roots             848 us, parallelism: 0.78x
[2026-04-03T02:38:06.801+0600][71.157s][info][gc,stats    ]   CSR: <total>                      659 us
[2026-04-03T02:38:06.801+0600][71.157s][info][gc,stats    ]   CSR: VM Strong Roots               41 us, workers (us):  40,   1,   0, ---, ---, ---, 
[2026-04-03T02:38:06.801+0600][71.157s][info][gc,stats    ]   CSR: CLDG Roots                   618 us, workers (us): 618, ---, ---, ---, ---, ---, 
[2026-04-03T02:38:06.801+0600][71.157s][info][gc,stats    ] Concurrent Evacuation              2792 us
[2026-04-03T02:38:06.801+0600][71.157s][info][gc,stats    ] Pause Init Update Refs (G)          438 us
[2026-04-03T02:38:06.801+0600][71.157s][info][gc,stats    ] Pause Init Update Refs (N)           93 us
[2026-04-03T02:38:06.801+0600][71.157s][info][gc,stats    ]   Manage GCLABs                      32 us
[2026-04-03T02:38:06.801+0600][71.157s][info][gc,stats    ] Concurrent Update Refs            24406 us
[2026-04-03T02:38:06.801+0600][71.157s][info][gc,stats    ] Concurrent Update Thread Roots     1087 us
[2026-04-03T02:38:06.801+0600][71.157s][info][gc,stats    ] Pause Final Update Refs (G)         362 us
[2026-04-03T02:38:06.801+0600][71.157s][info][gc,stats    ] Pause Final Update Refs (N)         125 us
[2026-04-03T02:38:06.801+0600][71.157s][info][gc,stats    ]   Update Region States               33 us
[2026-04-03T02:38:06.801+0600][71.157s][info][gc,stats    ]   Trash Collection Set                6 us
[2026-04-03T02:38:06.801+0600][71.157s][info][gc,stats    ]   Rebuild Free Set                   27 us
[2026-04-03T02:38:06.801+0600][71.157s][info][gc,stats    ] Concurrent Cleanup                  479 us
[2026-04-03T02:38:06.801+0600][71.157s][info][gc,stats    ] 
[2026-04-03T02:38:06.801+0600][71.157s][info][gc,stats    ] Allocation pacing accrued:
[2026-04-03T02:38:06.801+0600][71.157s][info][gc,stats    ]       0 of   117 ms (  0.0%): <total>
[2026-04-03T02:38:06.801+0600][71.157s][info][gc,stats    ]       0 of   117 ms (  0.0%): <average total>
[2026-04-03T02:38:06.801+0600][71.157s][info][gc,stats    ] 
[2026-04-03T02:38:06.801+0600][71.158s][info][gc,metaspace] Metaspace: 131812K(133120K)->130674K(133120K) NonClass: 115229K(115840K)->114265K(115840K) Class: 16582K(17280K)->16408K(17280K)
[2026-04-03T02:38:06.801+0600][71.158s][info][gc,ergo     ] Pacer for Idle. Initial: 30720K, Alloc Tax Rate: 1.0x
[2026-04-03T02:38:06.801+0600][71.158s][info][gc,start    ] Concurrent uncommit
[2026-04-03T02:38:06.965+0600][71.321s][info][gc          ] Concurrent uncommit 93M->115M(120M) 163.958ms
[2026-04-03T02:38:07.143+0600][71.499s][info][gc          ] Trigger: Learning 2 of 5. Free (1047M) is below initial threshold (1050M)
[2026-04-03T02:38:07.143+0600][71.499s][info][gc,ergo     ] Free: 1047M, Max: 512K regular, 819M humongous, Frag: 22% external, 0% internal; Reserve: 76800K, Max: 512K
[2026-04-03T02:38:07.143+0600][71.499s][info][gc,start    ] GC(63) Concurrent reset
[2026-04-03T02:38:07.143+0600][71.499s][info][gc,task     ] GC(63) Using 3 of 6 workers for concurrent reset
[2026-04-03T02:38:07.143+0600][71.500s][info][gc,ergo     ] GC(63) Pacer for Reset. Non-Taxable: 1500M
[2026-04-03T02:38:07.144+0600][71.500s][info][gc          ] GC(63) Concurrent reset 0.620ms
[2026-04-03T02:38:07.147+0600][71.504s][info][gc,start    ] GC(63) Pause Init Mark (unload classes)
[2026-04-03T02:38:07.148+0600][71.504s][info][gc,task     ] GC(63) Using 6 of 6 workers for init marking
[2026-04-03T02:38:07.148+0600][71.504s][info][gc,ergo     ] GC(63) Pacer for Mark. Expected Live: 96169K, Free: 1047M, Non-Taxable: 104M, Alloc Tax Rate: 0.1x
[2026-04-03T02:38:07.148+0600][71.504s][info][gc          ] GC(63) Pause Init Mark (unload classes) 0.221ms
[2026-04-03T02:38:07.148+0600][71.504s][info][gc,start    ] GC(63) Concurrent marking roots
[2026-04-03T02:38:07.148+0600][71.504s][info][gc,task     ] GC(63) Using 3 of 6 workers for concurrent marking roots
[2026-04-03T02:38:07.149+0600][71.506s][info][gc          ] GC(63) Concurrent marking roots 1.625ms
[2026-04-03T02:38:07.149+0600][71.506s][info][gc,start    ] GC(63) Concurrent marking (unload classes)
[2026-04-03T02:38:07.149+0600][71.506s][info][gc,task     ] GC(63) Using 3 of 6 workers for concurrent marking
[2026-04-03T02:38:07.215+0600][71.571s][info][gc          ] GC(63) Concurrent marking (unload classes) 65.417ms
[2026-04-03T02:38:07.215+0600][71.571s][info][gc,start    ] GC(63) Pause Final Mark (unload classes)
[2026-04-03T02:38:07.215+0600][71.571s][info][gc,task     ] GC(63) Using 6 of 6 workers for final marking
[2026-04-03T02:38:07.216+0600][71.572s][info][gc,ergo     ] GC(63) Adaptive CSet Selection. Target Free: 212M, Actual Free: 1176M, Max CSet: 64000K, Min Garbage: 0B
[2026-04-03T02:38:07.216+0600][71.572s][info][gc,ergo     ] GC(63) Collectable Garbage: 239M (96%), Immediate: 186M (75%), CSet: 54036K (21%)
[2026-04-03T02:38:07.216+0600][71.572s][info][gc,ergo     ] GC(63) Pacer for Evacuation. Used CSet: 61248K, Free: 1127M, Non-Taxable: 112M, Alloc Tax Rate: 1.1x
[2026-04-03T02:38:07.216+0600][71.572s][info][gc          ] GC(63) Pause Final Mark (unload classes) 0.484ms
[2026-04-03T02:38:07.216+0600][71.572s][info][gc,start    ] GC(63) Concurrent thread roots
[2026-04-03T02:38:07.216+0600][71.572s][info][gc,task     ] GC(63) Using 3 of 6 workers for Concurrent thread roots
[2026-04-03T02:38:07.217+0600][71.573s][info][gc          ] GC(63) Concurrent thread roots 0.818ms
[2026-04-03T02:38:07.217+0600][71.573s][info][gc,start    ] GC(63) Concurrent weak references
[2026-04-03T02:38:07.217+0600][71.573s][info][gc,task     ] GC(63) Using 3 of 6 workers for concurrent weak references
[2026-04-03T02:38:07.218+0600][71.574s][info][gc,ref      ] GC(63) Encountered references: Soft: 3615, Weak: 14634, Final: 84, Phantom: 641
[2026-04-03T02:38:07.218+0600][71.574s][info][gc,ref      ] GC(63) Discovered  references: Soft: 0, Weak: 8730, Final: 48, Phantom: 637
[2026-04-03T02:38:07.218+0600][71.574s][info][gc,ref      ] GC(63) Enqueued    references: Soft: 0, Weak: 346, Final: 0, Phantom: 0
[2026-04-03T02:38:07.218+0600][71.574s][info][gc          ] GC(63) Concurrent weak references 1.001ms
[2026-04-03T02:38:07.218+0600][71.574s][info][gc,start    ] GC(63) Concurrent weak roots
[2026-04-03T02:38:07.218+0600][71.574s][info][gc,task     ] GC(63) Using 3 of 6 workers for concurrent weak root
[2026-04-03T02:38:07.222+0600][71.578s][info][gc          ] GC(63) Concurrent weak roots 4.587ms
[2026-04-03T02:38:07.222+0600][71.578s][info][gc,start    ] GC(63) Concurrent cleanup
[2026-04-03T02:38:07.223+0600][71.579s][info][gc          ] GC(63) Concurrent cleanup 471M->285M(516M) 0.573ms
[2026-04-03T02:38:07.223+0600][71.579s][info][gc,ergo     ] GC(63) Free: 1122M, Max: 512K regular, 684M humongous, Frag: 39% external, 0% internal; Reserve: 76321K, Max: 512K
[2026-04-03T02:38:07.223+0600][71.579s][info][gc,start    ] GC(63) Concurrent class unloading
[2026-04-03T02:38:07.223+0600][71.579s][info][gc,task     ] GC(63) Using 3 of 6 workers for concurrent class unloading
[2026-04-03T02:38:07.268+0600][71.625s][info][gc          ] GC(63) Concurrent class unloading 45.553ms
[2026-04-03T02:38:07.269+0600][71.625s][info][gc,start    ] GC(63) Concurrent strong roots
[2026-04-03T02:38:07.269+0600][71.625s][info][gc,task     ] GC(63) Using 3 of 6 workers for concurrent strong root
[2026-04-03T02:38:07.270+0600][71.626s][info][gc          ] GC(63) Concurrent strong roots 1.236ms
[2026-04-03T02:38:07.270+0600][71.626s][info][gc,start    ] GC(63) Concurrent evacuation
[2026-04-03T02:38:07.270+0600][71.626s][info][gc,task     ] GC(63) Using 3 of 6 workers for concurrent evacuation
[2026-04-03T02:38:07.274+0600][71.630s][info][gc          ] GC(63) Concurrent evacuation 4.360ms
[2026-04-03T02:38:07.274+0600][71.631s][info][gc,start    ] GC(63) Pause Init Update Refs
[2026-04-03T02:38:07.274+0600][71.631s][info][gc,ergo     ] GC(63) Pacer for Update Refs. Used: 328M, Free: 1083M, Non-Taxable: 108M, Alloc Tax Rate: 1.1x
[2026-04-03T02:38:07.274+0600][71.631s][info][gc          ] GC(63) Pause Init Update Refs 0.093ms
[2026-04-03T02:38:07.274+0600][71.631s][info][gc,start    ] GC(63) Concurrent update references
[2026-04-03T02:38:07.274+0600][71.631s][info][gc,task     ] GC(63) Using 3 of 6 workers for concurrent reference update
[2026-04-03T02:38:07.310+0600][71.666s][info][gc          ] GC(63) Concurrent update references 35.719ms
[2026-04-03T02:38:07.310+0600][71.666s][info][gc,start    ] GC(63) Concurrent update thread roots
[2026-04-03T02:38:07.312+0600][71.668s][info][gc          ] GC(63) Concurrent update thread roots 1.865ms
[2026-04-03T02:38:07.313+0600][71.670s][info][gc,start    ] GC(63) Pause Final Update Refs
[2026-04-03T02:38:07.313+0600][71.670s][info][gc,task     ] GC(63) Using 6 of 6 workers for final reference update
[2026-04-03T02:38:07.314+0600][71.670s][info][gc          ] GC(63) Pause Final Update Refs 0.195ms
[2026-04-03T02:38:07.314+0600][71.670s][info][gc,start    ] GC(63) Concurrent cleanup
[2026-04-03T02:38:07.314+0600][71.671s][info][gc          ] GC(63) Concurrent cleanup 441M->398M(524M) 0.606ms
[2026-04-03T02:38:07.315+0600][71.671s][info][gc,ergo     ] Free: 989M, Max: 512K regular, 684M humongous, Frag: 31% external, 0% internal; Reserve: 76800K, Max: 512K
[2026-04-03T02:38:07.315+0600][71.671s][info][gc,stats    ] 
[2026-04-03T02:38:07.315+0600][71.671s][info][gc,stats    ] All times are wall-clock times, except per-root-class counters, that are sum over
[2026-04-03T02:38:07.315+0600][71.671s][info][gc,stats    ] all workers. Dividing the <total> over the root stage time estimates parallelism.
[2026-04-03T02:38:07.315+0600][71.671s][info][gc,stats    ] 
[2026-04-03T02:38:07.315+0600][71.671s][info][gc,stats    ] Concurrent Reset                    654 us
[2026-04-03T02:38:07.315+0600][71.671s][info][gc,stats    ] Pause Init Mark (G)                3884 us
[2026-04-03T02:38:07.315+0600][71.671s][info][gc,stats    ] Pause Init Mark (N)                 233 us
[2026-04-03T02:38:07.315+0600][71.671s][info][gc,stats    ]   Update Region States               42 us
[2026-04-03T02:38:07.315+0600][71.671s][info][gc,stats    ] Concurrent Mark Roots              1676 us, parallelism: 2.03x
[2026-04-03T02:38:07.315+0600][71.671s][info][gc,stats    ]   CMR: <total>                     3405 us
[2026-04-03T02:38:07.315+0600][71.671s][info][gc,stats    ]   CMR: Thread Roots                2978 us, workers (us): 1125, 745, 1109, ---, ---, ---, 
[2026-04-03T02:38:07.315+0600][71.671s][info][gc,stats    ]   CMR: VM Strong Roots               53 us, workers (us):  32,  17,   4, ---, ---, ---, 
[2026-04-03T02:38:07.315+0600][71.671s][info][gc,stats    ]   CMR: CLDG Roots                   373 us, workers (us): ---, 373, ---, ---, ---, ---, 
[2026-04-03T02:38:07.315+0600][71.671s][info][gc,stats    ] Concurrent Marking                65501 us
[2026-04-03T02:38:07.315+0600][71.671s][info][gc,stats    ] Pause Final Mark (G)                769 us
[2026-04-03T02:38:07.315+0600][71.671s][info][gc,stats    ] Pause Final Mark (N)                493 us
[2026-04-03T02:38:07.315+0600][71.671s][info][gc,stats    ]   Finish Mark                       182 us
[2026-04-03T02:38:07.315+0600][71.671s][info][gc,stats    ]   Update Region States               34 us
[2026-04-03T02:38:07.315+0600][71.671s][info][gc,stats    ]   Choose Collection Set             108 us
[2026-04-03T02:38:07.315+0600][71.671s][info][gc,stats    ]   Rebuild Free Set                   29 us
[2026-04-03T02:38:07.315+0600][71.671s][info][gc,stats    ] Concurrent Thread Roots             840 us, parallelism: 2.12x
[2026-04-03T02:38:07.315+0600][71.671s][info][gc,stats    ]   CTR: <total>                     1777 us
[2026-04-03T02:38:07.315+0600][71.671s][info][gc,stats    ]   CTR: Thread Roots                1777 us, workers (us): 616, 600, 560, ---, ---, ---, 
[2026-04-03T02:38:07.315+0600][71.671s][info][gc,stats    ] Concurrent Weak References         1010 us, parallelism: 1.21x
[2026-04-03T02:38:07.315+0600][71.671s][info][gc,stats    ]   CWRF: <total>                    1225 us
[2026-04-03T02:38:07.315+0600][71.671s][info][gc,stats    ]   CWRF: Weak References            1225 us, workers (us): 800, 265, 160, ---, ---, ---, 
[2026-04-03T02:38:07.315+0600][71.671s][info][gc,stats    ] Concurrent Weak Roots              4670 us
[2026-04-03T02:38:07.315+0600][71.671s][info][gc,stats    ]   Roots                            4282 us, parallelism: 2.77x
[2026-04-03T02:38:07.315+0600][71.671s][info][gc,stats    ]     CWR: <total>                  11861 us
[2026-04-03T02:38:07.315+0600][71.671s][info][gc,stats    ]     CWR: Code Cache Roots          9326 us, workers (us): 3107, 3175, 3045, ---, ---, ---, 
[2026-04-03T02:38:07.315+0600][71.671s][info][gc,stats    ]     CWR: VM Weak Roots             2344 us, workers (us): 800, 787, 757, ---, ---, ---, 
[2026-04-03T02:38:07.315+0600][71.671s][info][gc,stats    ]     CWR: CLDG Roots                 191 us, workers (us): ---, ---, 191, ---, ---, ---, 
[2026-04-03T02:38:07.315+0600][71.671s][info][gc,stats    ]   Rendezvous                        284 us
[2026-04-03T02:38:07.315+0600][71.671s][info][gc,stats    ] Concurrent Cleanup                  590 us
[2026-04-03T02:38:07.315+0600][71.671s][info][gc,stats    ] Concurrent Class Unloading        45619 us
[2026-04-03T02:38:07.315+0600][71.671s][info][gc,stats    ]   Unlink Stale                    44372 us
[2026-04-03T02:38:07.315+0600][71.671s][info][gc,stats    ]     System Dictionary               396 us
[2026-04-03T02:38:07.315+0600][71.671s][info][gc,stats    ]     Weak Class Links              26041 us
[2026-04-03T02:38:07.315+0600][71.671s][info][gc,stats    ]     Code Roots                    17932 us
[2026-04-03T02:38:07.315+0600][71.671s][info][gc,stats    ]   Rendezvous                        382 us
[2026-04-03T02:38:07.315+0600][71.671s][info][gc,stats    ]   Purge Unlinked                    775 us
[2026-04-03T02:38:07.315+0600][71.671s][info][gc,stats    ]     Code Roots                      745 us
[2026-04-03T02:38:07.315+0600][71.671s][info][gc,stats    ]     CLDG                             29 us
[2026-04-03T02:38:07.315+0600][71.671s][info][gc,stats    ]     Exception Caches                  0 us
[2026-04-03T02:38:07.315+0600][71.671s][info][gc,stats    ] Concurrent Strong Roots            1265 us, parallelism: 0.75x
[2026-04-03T02:38:07.315+0600][71.671s][info][gc,stats    ]   CSR: <total>                      945 us
[2026-04-03T02:38:07.315+0600][71.671s][info][gc,stats    ]   CSR: VM Strong Roots               30 us, workers (us):  29,   1,   0, ---, ---, ---, 
[2026-04-03T02:38:07.315+0600][71.671s][info][gc,stats    ]   CSR: CLDG Roots                   915 us, workers (us): 915, ---, ---, ---, ---, ---, 
[2026-04-03T02:38:07.315+0600][71.671s][info][gc,stats    ] Concurrent Evacuation              4402 us
[2026-04-03T02:38:07.315+0600][71.671s][info][gc,stats    ] Pause Init Update Refs (G)          254 us
[2026-04-03T02:38:07.315+0600][71.671s][info][gc,stats    ] Pause Init Update Refs (N)          104 us
[2026-04-03T02:38:07.315+0600][71.671s][info][gc,stats    ]   Manage GCLABs                      26 us
[2026-04-03T02:38:07.315+0600][71.671s][info][gc,stats    ] Concurrent Update Refs            35794 us
[2026-04-03T02:38:07.315+0600][71.671s][info][gc,stats    ] Concurrent Update Thread Roots     1955 us
[2026-04-03T02:38:07.315+0600][71.671s][info][gc,stats    ] Pause Final Update Refs (G)        1607 us
[2026-04-03T02:38:07.315+0600][71.671s][info][gc,stats    ] Pause Final Update Refs (N)         208 us
[2026-04-03T02:38:07.315+0600][71.671s][info][gc,stats    ]   Update Region States               53 us
[2026-04-03T02:38:07.315+0600][71.671s][info][gc,stats    ]   Trash Collection Set               12 us
[2026-04-03T02:38:07.315+0600][71.671s][info][gc,stats    ]   Rebuild Free Set                   37 us
[2026-04-03T02:38:07.315+0600][71.671s][info][gc,stats    ] Concurrent Cleanup                  639 us
[2026-04-03T02:38:07.315+0600][71.671s][info][gc,stats    ] 
[2026-04-03T02:38:07.315+0600][71.671s][info][gc,stats    ] Allocation pacing accrued:
[2026-04-03T02:38:07.315+0600][71.671s][info][gc,stats    ]       0 of   514 ms (  0.0%): <total>
[2026-04-03T02:38:07.315+0600][71.671s][info][gc,stats    ]       0 of   514 ms (  0.0%): <average total>
[2026-04-03T02:38:07.315+0600][71.671s][info][gc,stats    ] 
[2026-04-03T02:38:07.315+0600][71.671s][info][gc,metaspace] Metaspace: 131331K(133120K)->131341K(133120K) NonClass: 114819K(115840K)->114830K(115840K) Class: 16511K(17280K)->16511K(17280K)
[2026-04-03T02:38:07.315+0600][71.671s][info][gc,ergo     ] Pacer for Idle. Initial: 30720K, Alloc Tax Rate: 1.0x
[2026-04-03T02:38:07.316+0600][71.673s][info][gc          ] Trigger: Learning 3 of 5. Free (975M) is below initial threshold (1050M)
[2026-04-03T02:38:07.316+0600][71.673s][info][gc,ergo     ] Free: 975M, Max: 512K regular, 684M humongous, Frag: 30% external, 0% internal; Reserve: 76800K, Max: 512K
[2026-04-03T02:38:07.316+0600][71.673s][info][gc,start    ] GC(64) Concurrent reset
[2026-04-03T02:38:07.317+0600][71.673s][info][gc,task     ] GC(64) Using 3 of 6 workers for concurrent reset
[2026-04-03T02:38:07.317+0600][71.673s][info][gc,ergo     ] GC(64) Pacer for Reset. Non-Taxable: 1500M
[2026-04-03T02:38:07.319+0600][71.675s][info][gc          ] GC(64) Concurrent reset 2.474ms
[2026-04-03T02:38:07.320+0600][71.676s][info][gc,start    ] GC(64) Pause Init Mark (unload classes)
[2026-04-03T02:38:07.320+0600][71.677s][info][gc,task     ] GC(64) Using 6 of 6 workers for init marking
[2026-04-03T02:38:07.320+0600][71.677s][info][gc,ergo     ] GC(64) Pacer for Mark. Expected Live: 94504K, Free: 947M, Non-Taxable: 96979K, Alloc Tax Rate: 0.1x
[2026-04-03T02:38:07.320+0600][71.677s][info][gc          ] GC(64) Pause Init Mark (unload classes) 0.188ms
[2026-04-03T02:38:07.321+0600][71.677s][info][gc,start    ] GC(64) Concurrent marking roots
[2026-04-03T02:38:07.321+0600][71.677s][info][gc,task     ] GC(64) Using 3 of 6 workers for concurrent marking roots
[2026-04-03T02:38:07.322+0600][71.679s][info][gc          ] GC(64) Concurrent marking roots 1.775ms
[2026-04-03T02:38:07.322+0600][71.679s][info][gc,start    ] GC(64) Concurrent marking (unload classes)
[2026-04-03T02:38:07.322+0600][71.679s][info][gc,task     ] GC(64) Using 3 of 6 workers for concurrent marking
[2026-04-03T02:38:07.386+0600][71.742s][info][gc          ] GC(64) Concurrent marking (unload classes) 63.395ms
[2026-04-03T02:38:07.386+0600][71.742s][info][gc,start    ] GC(64) Pause Final Mark (unload classes)
[2026-04-03T02:38:07.386+0600][71.742s][info][gc,task     ] GC(64) Using 6 of 6 workers for final marking
[2026-04-03T02:38:07.386+0600][71.743s][info][gc,ergo     ] GC(64) Adaptive CSet Selection. Target Free: 212M, Actual Free: 1170M, Max CSet: 64000K, Min Garbage: 0B
[2026-04-03T02:38:07.386+0600][71.743s][info][gc,ergo     ] GC(64) Collectable Garbage: 321M (97%), Immediate: 286M (86%), CSet: 36472K (10%)
[2026-04-03T02:38:07.387+0600][71.743s][info][gc,ergo     ] GC(64) Pacer for Evacuation. Used CSet: 43142K, Free: 1134M, Non-Taxable: 113M, Alloc Tax Rate: 1.1x
[2026-04-03T02:38:07.387+0600][71.743s][info][gc          ] GC(64) Pause Final Mark (unload classes) 0.470ms
[2026-04-03T02:38:07.387+0600][71.743s][info][gc,start    ] GC(64) Concurrent thread roots
[2026-04-03T02:38:07.387+0600][71.743s][info][gc,task     ] GC(64) Using 3 of 6 workers for Concurrent thread roots
[2026-04-03T02:38:07.387+0600][71.744s][info][gc          ] GC(64) Concurrent thread roots 0.813ms
[2026-04-03T02:38:07.387+0600][71.744s][info][gc,start    ] GC(64) Concurrent weak references
[2026-04-03T02:38:07.388+0600][71.744s][info][gc,task     ] GC(64) Using 3 of 6 workers for concurrent weak references
[2026-04-03T02:38:07.388+0600][71.745s][info][gc,ref      ] GC(64) Encountered references: Soft: 3619, Weak: 14460, Final: 84, Phantom: 643
[2026-04-03T02:38:07.388+0600][71.745s][info][gc,ref      ] GC(64) Discovered  references: Soft: 0, Weak: 8320, Final: 48, Phantom: 247
[2026-04-03T02:38:07.388+0600][71.745s][info][gc,ref      ] GC(64) Enqueued    references: Soft: 0, Weak: 241, Final: 0, Phantom: 0
[2026-04-03T02:38:07.388+0600][71.745s][info][gc          ] GC(64) Concurrent weak references 0.997ms
[2026-04-03T02:38:07.389+0600][71.745s][info][gc,start    ] GC(64) Concurrent weak roots
[2026-04-03T02:38:07.389+0600][71.745s][info][gc,task     ] GC(64) Using 3 of 6 workers for concurrent weak root
[2026-04-03T02:38:07.393+0600][71.749s][info][gc          ] GC(64) Concurrent weak roots 3.989ms
[2026-04-03T02:38:07.393+0600][71.749s][info][gc,start    ] GC(64) Concurrent cleanup
[2026-04-03T02:38:07.393+0600][71.749s][info][gc          ] GC(64) Concurrent cleanup 559M->273M(646M) 0.643ms
[2026-04-03T02:38:07.393+0600][71.750s][info][gc,ergo     ] GC(64) Free: 1132M, Max: 512K regular, 563M humongous, Frag: 51% external, 0% internal; Reserve: 76373K, Max: 512K
[2026-04-03T02:38:07.393+0600][71.750s][info][gc,start    ] GC(64) Concurrent class unloading
[2026-04-03T02:38:07.393+0600][71.750s][info][gc,task     ] GC(64) Using 3 of 6 workers for concurrent class unloading
[2026-04-03T02:38:07.411+0600][71.767s][info][gc          ] GC(64) Concurrent class unloading 17.399ms
[2026-04-03T02:38:07.411+0600][71.767s][info][gc,start    ] GC(64) Concurrent strong roots
[2026-04-03T02:38:07.411+0600][71.767s][info][gc,task     ] GC(64) Using 3 of 6 workers for concurrent strong root
[2026-04-03T02:38:07.413+0600][71.769s][info][gc          ] GC(64) Concurrent strong roots 1.721ms
[2026-04-03T02:38:07.413+0600][71.769s][info][gc,start    ] GC(64) Concurrent evacuation
[2026-04-03T02:38:07.413+0600][71.769s][info][gc,task     ] GC(64) Using 3 of 6 workers for concurrent evacuation
[2026-04-03T02:38:07.421+0600][71.777s][info][gc          ] GC(64) Concurrent evacuation 8.447ms
[2026-04-03T02:38:07.422+0600][71.778s][info][gc,start    ] GC(64) Pause Init Update Refs
[2026-04-03T02:38:07.422+0600][71.778s][info][gc,ergo     ] GC(64) Pacer for Update Refs. Used: 300M, Free: 1111M, Non-Taxable: 111M, Alloc Tax Rate: 1.1x
[2026-04-03T02:38:07.422+0600][71.778s][info][gc          ] GC(64) Pause Init Update Refs 0.313ms
[2026-04-03T02:38:07.422+0600][71.778s][info][gc,start    ] GC(64) Concurrent update references
[2026-04-03T02:38:07.422+0600][71.778s][info][gc,task     ] GC(64) Using 3 of 6 workers for concurrent reference update
[2026-04-03T02:38:07.463+0600][71.819s][info][gc          ] GC(64) Concurrent update references 40.785ms
[2026-04-03T02:38:07.463+0600][71.819s][info][gc,start    ] GC(64) Concurrent update thread roots
[2026-04-03T02:38:07.464+0600][71.821s][info][gc          ] GC(64) Concurrent update thread roots 1.557ms
[2026-04-03T02:38:07.465+0600][71.821s][info][gc,start    ] GC(64) Pause Final Update Refs
[2026-04-03T02:38:07.465+0600][71.821s][info][gc,task     ] GC(64) Using 6 of 6 workers for final reference update
[2026-04-03T02:38:07.465+0600][71.821s][info][gc          ] GC(64) Pause Final Update Refs 0.222ms
[2026-04-03T02:38:07.465+0600][71.821s][info][gc,start    ] GC(64) Concurrent cleanup
[2026-04-03T02:38:07.465+0600][71.822s][info][gc          ] GC(64) Concurrent cleanup 340M->298M(651M) 0.258ms
[2026-04-03T02:38:07.465+0600][71.822s][info][gc,ergo     ] Free: 1102M, Max: 512K regular, 563M humongous, Frag: 49% external, 0% internal; Reserve: 76800K, Max: 512K
[2026-04-03T02:38:07.466+0600][71.822s][info][gc,stats    ] 
[2026-04-03T02:38:07.466+0600][71.822s][info][gc,stats    ] All times are wall-clock times, except per-root-class counters, that are sum over
[2026-04-03T02:38:07.466+0600][71.822s][info][gc,stats    ] all workers. Dividing the <total> over the root stage time estimates parallelism.
[2026-04-03T02:38:07.466+0600][71.822s][info][gc,stats    ] 
[2026-04-03T02:38:07.466+0600][71.822s][info][gc,stats    ] Concurrent Reset                   2541 us
[2026-04-03T02:38:07.466+0600][71.822s][info][gc,stats    ] Pause Init Mark (G)                1601 us
[2026-04-03T02:38:07.466+0600][71.822s][info][gc,stats    ] Pause Init Mark (N)                 198 us
[2026-04-03T02:38:07.466+0600][71.822s][info][gc,stats    ]   Update Region States               49 us
[2026-04-03T02:38:07.466+0600][71.822s][info][gc,stats    ] Concurrent Mark Roots              1813 us, parallelism: 2.04x
[2026-04-03T02:38:07.466+0600][71.822s][info][gc,stats    ]   CMR: <total>                     3701 us
[2026-04-03T02:38:07.466+0600][71.822s][info][gc,stats    ]   CMR: Thread Roots                3217 us, workers (us): 811, 1206, 1200, ---, ---, ---, 
[2026-04-03T02:38:07.466+0600][71.822s][info][gc,stats    ]   CMR: VM Strong Roots               79 us, workers (us):  38,  40,   1, ---, ---, ---, 
[2026-04-03T02:38:07.466+0600][71.822s][info][gc,stats    ]   CMR: CLDG Roots                   405 us, workers (us): 405, ---, ---, ---, ---, ---, 
[2026-04-03T02:38:07.466+0600][71.822s][info][gc,stats    ] Concurrent Marking                63456 us
[2026-04-03T02:38:07.466+0600][71.822s][info][gc,stats    ] Pause Final Mark (G)                743 us
[2026-04-03T02:38:07.466+0600][71.822s][info][gc,stats    ] Pause Final Mark (N)                479 us
[2026-04-03T02:38:07.466+0600][71.822s][info][gc,stats    ]   Finish Mark                       212 us
[2026-04-03T02:38:07.466+0600][71.822s][info][gc,stats    ]   Update Region States               38 us
[2026-04-03T02:38:07.466+0600][71.822s][info][gc,stats    ]   Choose Collection Set             112 us
[2026-04-03T02:38:07.466+0600][71.822s][info][gc,stats    ]   Rebuild Free Set                   31 us
[2026-04-03T02:38:07.466+0600][71.822s][info][gc,stats    ] Concurrent Thread Roots             840 us, parallelism: 2.24x
[2026-04-03T02:38:07.466+0600][71.822s][info][gc,stats    ]   CTR: <total>                     1879 us
[2026-04-03T02:38:07.466+0600][71.822s][info][gc,stats    ]   CTR: Thread Roots                1879 us, workers (us): 655, 635, 588, ---, ---, ---, 
[2026-04-03T02:38:07.466+0600][71.822s][info][gc,stats    ] Concurrent Weak References         1007 us, parallelism: 1.05x
[2026-04-03T02:38:07.466+0600][71.822s][info][gc,stats    ]   CWRF: <total>                    1055 us
[2026-04-03T02:38:07.466+0600][71.822s][info][gc,stats    ]   CWRF: Weak References            1055 us, workers (us): 752, 247,  56, ---, ---, ---, 
[2026-04-03T02:38:07.466+0600][71.822s][info][gc,stats    ] Concurrent Weak Roots              4077 us
[2026-04-03T02:38:07.466+0600][71.822s][info][gc,stats    ]   Roots                            3505 us, parallelism: 2.73x
[2026-04-03T02:38:07.466+0600][71.822s][info][gc,stats    ]     CWR: <total>                   9567 us
[2026-04-03T02:38:07.466+0600][71.822s][info][gc,stats    ]     CWR: Code Cache Roots          7045 us, workers (us): 2407, 2440, 2199, ---, ---, ---, 
[2026-04-03T02:38:07.466+0600][71.822s][info][gc,stats    ]     CWR: VM Weak Roots             2302 us, workers (us): 788, 781, 733, ---, ---, ---, 
[2026-04-03T02:38:07.466+0600][71.822s][info][gc,stats    ]     CWR: CLDG Roots                 221 us, workers (us): ---, ---, 221, ---, ---, ---, 
[2026-04-03T02:38:07.466+0600][71.822s][info][gc,stats    ]   Rendezvous                        458 us
[2026-04-03T02:38:07.466+0600][71.822s][info][gc,stats    ] Concurrent Cleanup                  690 us
[2026-04-03T02:38:07.466+0600][71.822s][info][gc,stats    ] Concurrent Class Unloading        17542 us
[2026-04-03T02:38:07.466+0600][71.822s][info][gc,stats    ]   Unlink Stale                    15860 us
[2026-04-03T02:38:07.466+0600][71.822s][info][gc,stats    ]     System Dictionary               234 us
[2026-04-03T02:38:07.466+0600][71.822s][info][gc,stats    ]     Weak Class Links                  0 us
[2026-04-03T02:38:07.466+0600][71.822s][info][gc,stats    ]     Code Roots                    15622 us
[2026-04-03T02:38:07.466+0600][71.822s][info][gc,stats    ]   Rendezvous                        505 us
[2026-04-03T02:38:07.466+0600][71.822s][info][gc,stats    ]   Purge Unlinked                    999 us
[2026-04-03T02:38:07.466+0600][71.822s][info][gc,stats    ]     Code Roots                      954 us
[2026-04-03T02:38:07.466+0600][71.822s][info][gc,stats    ]     CLDG                             22 us
[2026-04-03T02:38:07.466+0600][71.822s][info][gc,stats    ]     Exception Caches                 23 us
[2026-04-03T02:38:07.466+0600][71.822s][info][gc,stats    ] Concurrent Strong Roots            1852 us, parallelism: 0.64x
[2026-04-03T02:38:07.466+0600][71.822s][info][gc,stats    ]   CSR: <total>                     1180 us
[2026-04-03T02:38:07.466+0600][71.822s][info][gc,stats    ]   CSR: VM Strong Roots               68 us, workers (us):  61,   7,   0, ---, ---, ---, 
[2026-04-03T02:38:07.466+0600][71.822s][info][gc,stats    ]   CSR: CLDG Roots                  1112 us, workers (us): 1112, ---, ---, ---, ---, ---, 
[2026-04-03T02:38:07.466+0600][71.822s][info][gc,stats    ] Concurrent Evacuation              8569 us
[2026-04-03T02:38:07.466+0600][71.822s][info][gc,stats    ] Pause Init Update Refs (G)          760 us
[2026-04-03T02:38:07.466+0600][71.822s][info][gc,stats    ] Pause Init Update Refs (N)          353 us
[2026-04-03T02:38:07.466+0600][71.822s][info][gc,stats    ]   Manage GCLABs                     122 us
[2026-04-03T02:38:07.466+0600][71.822s][info][gc,stats    ] Concurrent Update Refs            40863 us
[2026-04-03T02:38:07.466+0600][71.822s][info][gc,stats    ] Concurrent Update Thread Roots     1639 us
[2026-04-03T02:38:07.466+0600][71.822s][info][gc,stats    ] Pause Final Update Refs (G)         561 us
[2026-04-03T02:38:07.466+0600][71.822s][info][gc,stats    ] Pause Final Update Refs (N)         239 us
[2026-04-03T02:38:07.466+0600][71.822s][info][gc,stats    ]   Update Region States               52 us
[2026-04-03T02:38:07.466+0600][71.822s][info][gc,stats    ]   Trash Collection Set               11 us
[2026-04-03T02:38:07.466+0600][71.822s][info][gc,stats    ]   Rebuild Free Set                   43 us
[2026-04-03T02:38:07.466+0600][71.822s][info][gc,stats    ] Concurrent Cleanup                  277 us
[2026-04-03T02:38:07.466+0600][71.822s][info][gc,stats    ] 
[2026-04-03T02:38:07.466+0600][71.822s][info][gc,stats    ] Allocation pacing accrued:
[2026-04-03T02:38:07.466+0600][71.822s][info][gc,stats    ]       0 of   151 ms (  0.0%): <total>
[2026-04-03T02:38:07.466+0600][71.822s][info][gc,stats    ]       0 of   151 ms (  0.0%): <average total>
[2026-04-03T02:38:07.466+0600][71.822s][info][gc,stats    ] 
[2026-04-03T02:38:07.466+0600][71.822s][info][gc,metaspace] Metaspace: 131341K(133120K)->131359K(133120K) NonClass: 114830K(115840K)->114845K(115840K) Class: 16511K(17280K)->16514K(17280K)
[2026-04-03T02:38:07.466+0600][71.822s][info][gc,ergo     ] Pacer for Idle. Initial: 30720K, Alloc Tax Rate: 1.0x
[2026-04-03T02:38:07.523+0600][71.879s][info][gc          ] Trigger: Learning 4 of 5. Free (1049M) is below initial threshold (1050M)
[2026-04-03T02:38:07.523+0600][71.879s][info][gc,ergo     ] Free: 1049M, Max: 512K regular, 563M humongous, Frag: 47% external, 0% internal; Reserve: 76800K, Max: 512K
[2026-04-03T02:38:07.523+0600][71.879s][info][gc,start    ] GC(65) Concurrent reset
[2026-04-03T02:38:07.523+0600][71.879s][info][gc,task     ] GC(65) Using 3 of 6 workers for concurrent reset
[2026-04-03T02:38:07.523+0600][71.879s][info][gc,ergo     ] GC(65) Pacer for Reset. Non-Taxable: 1500M
[2026-04-03T02:38:07.525+0600][71.881s][info][gc          ] GC(65) Concurrent reset 2.089ms
[2026-04-03T02:38:07.525+0600][71.881s][info][gc,start    ] GC(65) Pause Init Mark (unload classes)
[2026-04-03T02:38:07.525+0600][71.881s][info][gc,task     ] GC(65) Using 6 of 6 workers for init marking
[2026-04-03T02:38:07.525+0600][71.881s][info][gc,ergo     ] GC(65) Pacer for Mark. Expected Live: 98331K, Free: 1049M, Non-Taxable: 104M, Alloc Tax Rate: 0.1x
[2026-04-03T02:38:07.525+0600][71.881s][info][gc          ] GC(65) Pause Init Mark (unload classes) 0.162ms
[2026-04-03T02:38:07.525+0600][71.882s][info][gc,start    ] GC(65) Concurrent marking roots
[2026-04-03T02:38:07.525+0600][71.882s][info][gc,task     ] GC(65) Using 3 of 6 workers for concurrent marking roots
[2026-04-03T02:38:07.528+0600][71.884s][info][gc          ] GC(65) Concurrent marking roots 2.339ms
[2026-04-03T02:38:07.528+0600][71.884s][info][gc,start    ] GC(65) Concurrent marking (unload classes)
[2026-04-03T02:38:07.528+0600][71.884s][info][gc,task     ] GC(65) Using 3 of 6 workers for concurrent marking
[2026-04-03T02:38:07.600+0600][71.957s][info][gc          ] GC(65) Concurrent marking (unload classes) 72.591ms
[2026-04-03T02:38:07.601+0600][71.957s][info][gc,start    ] GC(65) Pause Final Mark (unload classes)
[2026-04-03T02:38:07.601+0600][71.957s][info][gc,task     ] GC(65) Using 6 of 6 workers for final marking
[2026-04-03T02:38:07.601+0600][71.958s][info][gc,ergo     ] GC(65) Adaptive CSet Selection. Target Free: 212M, Actual Free: 1285M, Max CSet: 64000K, Min Garbage: 0B
[2026-04-03T02:38:07.602+0600][71.958s][info][gc,ergo     ] GC(65) Collectable Garbage: 248M (96%), Immediate: 198M (77%), CSet: 50861K (19%)
[2026-04-03T02:38:07.602+0600][71.958s][info][gc,ergo     ] GC(65) Pacer for Evacuation. Used CSet: 55296K, Free: 1238M, Non-Taxable: 123M, Alloc Tax Rate: 1.1x
[2026-04-03T02:38:07.602+0600][71.958s][info][gc          ] GC(65) Pause Final Mark (unload classes) 1.009ms
[2026-04-03T02:38:07.602+0600][71.958s][info][gc,start    ] GC(65) Concurrent thread roots
[2026-04-03T02:38:07.602+0600][71.959s][info][gc,task     ] GC(65) Using 3 of 6 workers for Concurrent thread roots
[2026-04-03T02:38:07.605+0600][71.961s][info][gc          ] GC(65) Concurrent thread roots 2.594ms
[2026-04-03T02:38:07.605+0600][71.961s][info][gc,start    ] GC(65) Concurrent weak references
[2026-04-03T02:38:07.605+0600][71.961s][info][gc,task     ] GC(65) Using 3 of 6 workers for concurrent weak references
[2026-04-03T02:38:07.606+0600][71.962s][info][gc,ref      ] GC(65) Encountered references: Soft: 3689, Weak: 14564, Final: 84, Phantom: 620
[2026-04-03T02:38:07.606+0600][71.962s][info][gc,ref      ] GC(65) Discovered  references: Soft: 0, Weak: 6432, Final: 0, Phantom: 369
[2026-04-03T02:38:07.606+0600][71.962s][info][gc,ref      ] GC(65) Enqueued    references: Soft: 0, Weak: 181, Final: 0, Phantom: 0
[2026-04-03T02:38:07.606+0600][71.962s][info][gc          ] GC(65) Concurrent weak references 0.753ms
[2026-04-03T02:38:07.606+0600][71.962s][info][gc,start    ] GC(65) Concurrent weak roots
[2026-04-03T02:38:07.606+0600][71.962s][info][gc,task     ] GC(65) Using 3 of 6 workers for concurrent weak root
[2026-04-03T02:38:07.615+0600][71.971s][info][gc          ] GC(65) Concurrent weak roots 9.358ms
[2026-04-03T02:38:07.615+0600][71.971s][info][gc,start    ] GC(65) Concurrent cleanup
[2026-04-03T02:38:07.616+0600][71.972s][info][gc          ] GC(65) Concurrent cleanup 387M->190M(651M) 0.730ms
[2026-04-03T02:38:07.616+0600][71.972s][info][gc,ergo     ] GC(65) Free: 1224M, Max: 512K regular, 846M humongous, Frag: 31% external, 0% internal; Reserve: 76389K, Max: 512K
[2026-04-03T02:38:07.616+0600][71.972s][info][gc,start    ] GC(65) Concurrent class unloading
[2026-04-03T02:38:07.616+0600][71.972s][info][gc,task     ] GC(65) Using 3 of 6 workers for concurrent class unloading
[2026-04-03T02:38:07.660+0600][72.016s][info][gc          ] GC(65) Concurrent class unloading 44.111ms
[2026-04-03T02:38:07.660+0600][72.017s][info][gc,start    ] GC(65) Concurrent strong roots
[2026-04-03T02:38:07.660+0600][72.017s][info][gc,task     ] GC(65) Using 3 of 6 workers for concurrent strong root
[2026-04-03T02:38:07.661+0600][72.018s][info][gc          ] GC(65) Concurrent strong roots 1.121ms
[2026-04-03T02:38:07.661+0600][72.018s][info][gc,start    ] GC(65) Concurrent evacuation
[2026-04-03T02:38:07.661+0600][72.018s][info][gc,task     ] GC(65) Using 3 of 6 workers for concurrent evacuation
[2026-04-03T02:38:07.664+0600][72.020s][info][gc          ] GC(65) Concurrent evacuation 2.202ms
[2026-04-03T02:38:07.664+0600][72.020s][info][gc,start    ] GC(65) Pause Init Update Refs
[2026-04-03T02:38:07.664+0600][72.020s][info][gc,ergo     ] GC(65) Pacer for Update Refs. Used: 212M, Free: 1206M, Non-Taxable: 120M, Alloc Tax Rate: 1.1x
[2026-04-03T02:38:07.664+0600][72.020s][info][gc          ] GC(65) Pause Init Update Refs 0.129ms
[2026-04-03T02:38:07.664+0600][72.020s][info][gc,start    ] GC(65) Concurrent update references
[2026-04-03T02:38:07.664+0600][72.020s][info][gc,task     ] GC(65) Using 3 of 6 workers for concurrent reference update
[2026-04-03T02:38:07.705+0600][72.061s][info][gc          ] GC(65) Concurrent update references 40.713ms
[2026-04-03T02:38:07.705+0600][72.061s][info][gc,start    ] GC(65) Concurrent update thread roots
[2026-04-03T02:38:07.707+0600][72.063s][info][gc          ] GC(65) Concurrent update thread roots 1.694ms
[2026-04-03T02:38:07.707+0600][72.063s][info][gc,start    ] GC(65) Pause Final Update Refs
[2026-04-03T02:38:07.707+0600][72.063s][info][gc,task     ] GC(65) Using 6 of 6 workers for final reference update
[2026-04-03T02:38:07.707+0600][72.063s][info][gc          ] GC(65) Pause Final Update Refs 0.213ms
[2026-04-03T02:38:07.707+0600][72.063s][info][gc,start    ] GC(65) Concurrent cleanup
[2026-04-03T02:38:07.708+0600][72.064s][info][gc          ] GC(65) Concurrent cleanup 223M->170M(651M) 0.574ms
[2026-04-03T02:38:07.708+0600][72.064s][info][gc,ergo     ] Free: 1243M, Max: 512K regular, 846M humongous, Frag: 32% external, 0% internal; Reserve: 76800K, Max: 512K
[2026-04-03T02:38:07.708+0600][72.064s][info][gc,stats    ] 
[2026-04-03T02:38:07.708+0600][72.064s][info][gc,stats    ] All times are wall-clock times, except per-root-class counters, that are sum over
[2026-04-03T02:38:07.708+0600][72.064s][info][gc,stats    ] all workers. Dividing the <total> over the root stage time estimates parallelism.
[2026-04-03T02:38:07.708+0600][72.064s][info][gc,stats    ] 
[2026-04-03T02:38:07.708+0600][72.064s][info][gc,stats    ] Concurrent Reset                   2144 us
[2026-04-03T02:38:07.708+0600][72.064s][info][gc,stats    ] Pause Init Mark (G)                 441 us
[2026-04-03T02:38:07.708+0600][72.064s][info][gc,stats    ] Pause Init Mark (N)                 173 us
[2026-04-03T02:38:07.708+0600][72.064s][info][gc,stats    ]   Update Region States               38 us
[2026-04-03T02:38:07.708+0600][72.064s][info][gc,stats    ] Concurrent Mark Roots              2392 us, parallelism: 1.56x
[2026-04-03T02:38:07.708+0600][72.064s][info][gc,stats    ]   CMR: <total>                     3727 us
[2026-04-03T02:38:07.708+0600][72.064s][info][gc,stats    ]   CMR: Thread Roots                3365 us, workers (us): 1843, 1521,   0, ---, ---, ---, 
[2026-04-03T02:38:07.708+0600][72.064s][info][gc,stats    ]   CMR: VM Strong Roots               67 us, workers (us):  55,  11,   0, ---, ---, ---, 
[2026-04-03T02:38:07.708+0600][72.064s][info][gc,stats    ]   CMR: CLDG Roots                   296 us, workers (us): ---, 296, ---, ---, ---, ---, 
[2026-04-03T02:38:07.708+0600][72.064s][info][gc,stats    ] Concurrent Marking                72753 us
[2026-04-03T02:38:07.708+0600][72.064s][info][gc,stats    ] Pause Final Mark (G)               1757 us
[2026-04-03T02:38:07.708+0600][72.064s][info][gc,stats    ] Pause Final Mark (N)               1040 us
[2026-04-03T02:38:07.708+0600][72.064s][info][gc,stats    ]   Finish Mark                       524 us
[2026-04-03T02:38:07.708+0600][72.064s][info][gc,stats    ]   Update Region States               63 us
[2026-04-03T02:38:07.708+0600][72.064s][info][gc,stats    ]   Choose Collection Set             188 us
[2026-04-03T02:38:07.708+0600][72.064s][info][gc,stats    ]   Rebuild Free Set                   42 us
[2026-04-03T02:38:07.708+0600][72.064s][info][gc,stats    ] Concurrent Thread Roots            2684 us, parallelism: 1.24x
[2026-04-03T02:38:07.708+0600][72.064s][info][gc,stats    ]   CTR: <total>                     3320 us
[2026-04-03T02:38:07.708+0600][72.064s][info][gc,stats    ]   CTR: Thread Roots                3320 us, workers (us): 1586, 1129, 605, ---, ---, ---, 
[2026-04-03T02:38:07.708+0600][72.064s][info][gc,stats    ] Concurrent Weak References          788 us, parallelism: 1.28x
[2026-04-03T02:38:07.708+0600][72.064s][info][gc,stats    ]   CWRF: <total>                    1013 us
[2026-04-03T02:38:07.708+0600][72.064s][info][gc,stats    ]   CWRF: Weak References            1013 us, workers (us): 458, 555,   0, ---, ---, ---, 
[2026-04-03T02:38:07.708+0600][72.064s][info][gc,stats    ] Concurrent Weak Roots              9469 us
[2026-04-03T02:38:07.708+0600][72.064s][info][gc,stats    ]   Roots                            7871 us, parallelism: 2.78x
[2026-04-03T02:38:07.708+0600][72.064s][info][gc,stats    ]     CWR: <total>                  21855 us
[2026-04-03T02:38:07.708+0600][72.064s][info][gc,stats    ]     CWR: Code Cache Roots         18046 us, workers (us): 6064, 6006, 5977, ---, ---, ---, 
[2026-04-03T02:38:07.708+0600][72.064s][info][gc,stats    ]     CWR: VM Weak Roots             3532 us, workers (us): 1235, 1221, 1076, ---, ---, ---, 
[2026-04-03T02:38:07.708+0600][72.064s][info][gc,stats    ]     CWR: CLDG Roots                 277 us, workers (us): ---, ---, 277, ---, ---, ---, 
[2026-04-03T02:38:07.708+0600][72.064s][info][gc,stats    ]   Rendezvous                       1454 us
[2026-04-03T02:38:07.708+0600][72.064s][info][gc,stats    ] Concurrent Cleanup                  790 us
[2026-04-03T02:38:07.708+0600][72.064s][info][gc,stats    ] Concurrent Class Unloading        44210 us
[2026-04-03T02:38:07.708+0600][72.064s][info][gc,stats    ]   Unlink Stale                    43085 us
[2026-04-03T02:38:07.708+0600][72.064s][info][gc,stats    ]     System Dictionary               499 us
[2026-04-03T02:38:07.708+0600][72.064s][info][gc,stats    ]     Weak Class Links              27158 us
[2026-04-03T02:38:07.708+0600][72.064s][info][gc,stats    ]     Code Roots                    15422 us
[2026-04-03T02:38:07.708+0600][72.064s][info][gc,stats    ]   Rendezvous                        405 us
[2026-04-03T02:38:07.708+0600][72.064s][info][gc,stats    ]   Purge Unlinked                    583 us
[2026-04-03T02:38:07.708+0600][72.065s][info][gc,stats    ]     Code Roots                      548 us
[2026-04-03T02:38:07.708+0600][72.065s][info][gc,stats    ]     CLDG                             34 us
[2026-04-03T02:38:07.708+0600][72.065s][info][gc,stats    ]     Exception Caches                  1 us
[2026-04-03T02:38:07.708+0600][72.065s][info][gc,stats    ] Concurrent Strong Roots            1165 us, parallelism: 0.68x
[2026-04-03T02:38:07.708+0600][72.065s][info][gc,stats    ]   CSR: <total>                      791 us
[2026-04-03T02:38:07.708+0600][72.065s][info][gc,stats    ]   CSR: VM Strong Roots               57 us, workers (us):  28,  29,   0, ---, ---, ---, 
[2026-04-03T02:38:07.708+0600][72.065s][info][gc,stats    ]   CSR: CLDG Roots                   734 us, workers (us): 734, ---, ---, ---, ---, ---, 
[2026-04-03T02:38:07.708+0600][72.065s][info][gc,stats    ] Concurrent Evacuation              2275 us
[2026-04-03T02:38:07.708+0600][72.065s][info][gc,stats    ] Pause Init Update Refs (G)          425 us
[2026-04-03T02:38:07.708+0600][72.065s][info][gc,stats    ] Pause Init Update Refs (N)          142 us
[2026-04-03T02:38:07.708+0600][72.065s][info][gc,stats    ]   Manage GCLABs                      31 us
[2026-04-03T02:38:07.708+0600][72.065s][info][gc,stats    ] Concurrent Update Refs            40787 us
[2026-04-03T02:38:07.708+0600][72.065s][info][gc,stats    ] Concurrent Update Thread Roots     1737 us
[2026-04-03T02:38:07.708+0600][72.065s][info][gc,stats    ] Pause Final Update Refs (G)         367 us
[2026-04-03T02:38:07.708+0600][72.065s][info][gc,stats    ] Pause Final Update Refs (N)         229 us
[2026-04-03T02:38:07.708+0600][72.065s][info][gc,stats    ]   Update Region States               49 us
[2026-04-03T02:38:07.708+0600][72.065s][info][gc,stats    ]   Trash Collection Set                9 us
[2026-04-03T02:38:07.708+0600][72.065s][info][gc,stats    ]   Rebuild Free Set                   35 us
[2026-04-03T02:38:07.708+0600][72.065s][info][gc,stats    ] Concurrent Cleanup                  604 us
[2026-04-03T02:38:07.708+0600][72.065s][info][gc,stats    ] 
[2026-04-03T02:38:07.708+0600][72.065s][info][gc,stats    ] Allocation pacing accrued:
[2026-04-03T02:38:07.708+0600][72.065s][info][gc,stats    ]       0 of   242 ms (  0.0%): <total>
[2026-04-03T02:38:07.709+0600][72.065s][info][gc,stats    ]       0 of   242 ms (  0.0%): <average total>
[2026-04-03T02:38:07.709+0600][72.065s][info][gc,stats    ] 
[2026-04-03T02:38:07.709+0600][72.065s][info][gc,metaspace] Metaspace: 131423K(133120K)->131459K(133120K) NonClass: 114897K(115840K)->114930K(115840K) Class: 16525K(17280K)->16529K(17280K)
[2026-04-03T02:38:07.709+0600][72.065s][info][gc,ergo     ] Pacer for Idle. Initial: 30720K, Alloc Tax Rate: 1.0x
[2026-04-03T02:38:08.017+0600][72.373s][info][gc          ] Trigger: Learning 5 of 5. Free (1049M) is below initial threshold (1050M)
[2026-04-03T02:38:08.017+0600][72.373s][info][gc,ergo     ] Free: 1049M, Max: 512K regular, 828M humongous, Frag: 21% external, 0% internal; Reserve: 76800K, Max: 512K
[2026-04-03T02:38:08.017+0600][72.373s][info][gc,start    ] GC(66) Concurrent reset
[2026-04-03T02:38:08.017+0600][72.373s][info][gc,task     ] GC(66) Using 3 of 6 workers for concurrent reset
[2026-04-03T02:38:08.017+0600][72.373s][info][gc,ergo     ] GC(66) Pacer for Reset. Non-Taxable: 1500M
[2026-04-03T02:38:08.019+0600][72.375s][info][gc          ] GC(66) Concurrent reset 1.553ms
[2026-04-03T02:38:08.019+0600][72.375s][info][gc,start    ] GC(66) Pause Init Mark (unload classes)
[2026-04-03T02:38:08.019+0600][72.375s][info][gc,task     ] GC(66) Using 6 of 6 workers for init marking
[2026-04-03T02:38:08.019+0600][72.375s][info][gc,ergo     ] GC(66) Pacer for Mark. Expected Live: 98070K, Free: 1047M, Non-Taxable: 104M, Alloc Tax Rate: 0.1x
[2026-04-03T02:38:08.019+0600][72.375s][info][gc          ] GC(66) Pause Init Mark (unload classes) 0.176ms
[2026-04-03T02:38:08.019+0600][72.376s][info][gc,start    ] GC(66) Concurrent marking roots
[2026-04-03T02:38:08.019+0600][72.376s][info][gc,task     ] GC(66) Using 3 of 6 workers for concurrent marking roots
[2026-04-03T02:38:08.022+0600][72.378s][info][gc          ] GC(66) Concurrent marking roots 2.339ms
[2026-04-03T02:38:08.022+0600][72.378s][info][gc,start    ] GC(66) Concurrent marking (unload classes)
[2026-04-03T02:38:08.022+0600][72.378s][info][gc,task     ] GC(66) Using 3 of 6 workers for concurrent marking
[2026-04-03T02:38:08.090+0600][72.446s][info][gc          ] GC(66) Concurrent marking (unload classes) 68.248ms
[2026-04-03T02:38:08.090+0600][72.447s][info][gc,start    ] GC(66) Pause Final Mark (unload classes)
[2026-04-03T02:38:08.090+0600][72.447s][info][gc,task     ] GC(66) Using 6 of 6 workers for final marking
[2026-04-03T02:38:08.091+0600][72.447s][info][gc,ergo     ] GC(66) Adaptive CSet Selection. Target Free: 212M, Actual Free: 1198M, Max CSet: 64000K, Min Garbage: 0B
[2026-04-03T02:38:08.091+0600][72.447s][info][gc,ergo     ] GC(66) Collectable Garbage: 260M (97%), Immediate: 138M (51%), CSet: 121M (45%)
[2026-04-03T02:38:08.091+0600][72.447s][info][gc,ergo     ] GC(66) Pacer for Evacuation. Used CSet: 128M, Free: 1139M, Non-Taxable: 113M, Alloc Tax Rate: 1.1x
[2026-04-03T02:38:08.091+0600][72.447s][info][gc          ] GC(66) Pause Final Mark (unload classes) 0.848ms
[2026-04-03T02:38:08.091+0600][72.448s][info][gc,start    ] GC(66) Concurrent thread roots
[2026-04-03T02:38:08.091+0600][72.448s][info][gc,task     ] GC(66) Using 3 of 6 workers for Concurrent thread roots
[2026-04-03T02:38:08.093+0600][72.449s][info][gc          ] GC(66) Concurrent thread roots 1.323ms
[2026-04-03T02:38:08.093+0600][72.449s][info][gc,start    ] GC(66) Concurrent weak references
[2026-04-03T02:38:08.093+0600][72.449s][info][gc,task     ] GC(66) Using 3 of 6 workers for concurrent weak references
[2026-04-03T02:38:08.094+0600][72.450s][info][gc,ref      ] GC(66) Encountered references: Soft: 3713, Weak: 14683, Final: 84, Phantom: 620
[2026-04-03T02:38:08.094+0600][72.450s][info][gc,ref      ] GC(66) Discovered  references: Soft: 0, Weak: 5867, Final: 0, Phantom: 222
[2026-04-03T02:38:08.094+0600][72.450s][info][gc,ref      ] GC(66) Enqueued    references: Soft: 0, Weak: 259, Final: 0, Phantom: 0
[2026-04-03T02:38:08.094+0600][72.450s][info][gc          ] GC(66) Concurrent weak references 1.078ms
[2026-04-03T02:38:08.094+0600][72.450s][info][gc,start    ] GC(66) Concurrent weak roots
[2026-04-03T02:38:08.094+0600][72.450s][info][gc,task     ] GC(66) Using 3 of 6 workers for concurrent weak root
[2026-04-03T02:38:08.101+0600][72.457s][info][gc          ] GC(66) Concurrent weak roots 7.360ms
[2026-04-03T02:38:08.101+0600][72.458s][info][gc,start    ] GC(66) Concurrent cleanup
[2026-04-03T02:38:08.102+0600][72.458s][info][gc          ] GC(66) Concurrent cleanup 417M->278M(651M) 0.687ms
[2026-04-03T02:38:08.102+0600][72.458s][info][gc,ergo     ] GC(66) Free: 1137M, Max: 512K regular, 762M humongous, Frag: 33% external, 0% internal; Reserve: 75479K, Max: 512K
[2026-04-03T02:38:08.102+0600][72.458s][info][gc,start    ] GC(66) Concurrent class unloading
[2026-04-03T02:38:08.102+0600][72.458s][info][gc,task     ] GC(66) Using 3 of 6 workers for concurrent class unloading
[2026-04-03T02:38:08.155+0600][72.511s][info][gc          ] GC(66) Concurrent class unloading 52.570ms
[2026-04-03T02:38:08.155+0600][72.511s][info][gc,start    ] GC(66) Concurrent strong roots
[2026-04-03T02:38:08.155+0600][72.511s][info][gc,task     ] GC(66) Using 3 of 6 workers for concurrent strong root
[2026-04-03T02:38:08.156+0600][72.512s][info][gc          ] GC(66) Concurrent strong roots 1.400ms
[2026-04-03T02:38:08.156+0600][72.512s][info][gc,start    ] GC(66) Concurrent evacuation
[2026-04-03T02:38:08.156+0600][72.512s][info][gc,task     ] GC(66) Using 3 of 6 workers for concurrent evacuation
[2026-04-03T02:38:08.160+0600][72.516s][info][gc          ] GC(66) Concurrent evacuation 3.958ms
[2026-04-03T02:38:08.161+0600][72.517s][info][gc,start    ] GC(66) Pause Init Update Refs
[2026-04-03T02:38:08.161+0600][72.517s][info][gc,ergo     ] GC(66) Pacer for Update Refs. Used: 332M, Free: 1084M, Non-Taxable: 108M, Alloc Tax Rate: 1.1x
[2026-04-03T02:38:08.161+0600][72.517s][info][gc          ] GC(66) Pause Init Update Refs 0.108ms
[2026-04-03T02:38:08.161+0600][72.517s][info][gc,start    ] GC(66) Concurrent update references
[2026-04-03T02:38:08.161+0600][72.517s][info][gc,task     ] GC(66) Using 3 of 6 workers for concurrent reference update
[2026-04-03T02:38:08.211+0600][72.568s][info][gc          ] GC(66) Concurrent update references 50.471ms
[2026-04-03T02:38:08.211+0600][72.568s][info][gc,start    ] GC(66) Concurrent update thread roots
[2026-04-03T02:38:08.213+0600][72.570s][info][gc          ] GC(66) Concurrent update thread roots 1.989ms
[2026-04-03T02:38:08.214+0600][72.570s][info][gc,start    ] GC(66) Pause Final Update Refs
[2026-04-03T02:38:08.214+0600][72.570s][info][gc,task     ] GC(66) Using 6 of 6 workers for final reference update
[2026-04-03T02:38:08.214+0600][72.570s][info][gc          ] GC(66) Pause Final Update Refs 0.187ms
[2026-04-03T02:38:08.214+0600][72.570s][info][gc,start    ] GC(66) Concurrent cleanup
[2026-04-03T02:38:08.215+0600][72.571s][info][gc          ] GC(66) Concurrent cleanup 372M->244M(651M) 0.639ms
[2026-04-03T02:38:08.215+0600][72.571s][info][gc,ergo     ] Free: 1160M, Max: 512K regular, 762M humongous, Frag: 35% external, 0% internal; Reserve: 76800K, Max: 512K
[2026-04-03T02:38:08.215+0600][72.571s][info][gc,stats    ] 
[2026-04-03T02:38:08.215+0600][72.571s][info][gc,stats    ] All times are wall-clock times, except per-root-class counters, that are sum over
[2026-04-03T02:38:08.215+0600][72.571s][info][gc,stats    ] all workers. Dividing the <total> over the root stage time estimates parallelism.
[2026-04-03T02:38:08.215+0600][72.571s][info][gc,stats    ] 
[2026-04-03T02:38:08.215+0600][72.571s][info][gc,stats    ] Concurrent Reset                   1628 us
[2026-04-03T02:38:08.215+0600][72.571s][info][gc,stats    ] Pause Init Mark (G)                 542 us
[2026-04-03T02:38:08.215+0600][72.571s][info][gc,stats    ] Pause Init Mark (N)                 189 us
[2026-04-03T02:38:08.215+0600][72.571s][info][gc,stats    ]   Update Region States               37 us
[2026-04-03T02:38:08.215+0600][72.571s][info][gc,stats    ] Concurrent Mark Roots              2431 us, parallelism: 1.48x
[2026-04-03T02:38:08.215+0600][72.571s][info][gc,stats    ]   CMR: <total>                     3596 us
[2026-04-03T02:38:08.215+0600][72.571s][info][gc,stats    ]   CMR: Thread Roots                3106 us, workers (us): 1351, 1755,   0, ---, ---, ---, 
[2026-04-03T02:38:08.215+0600][72.571s][info][gc,stats    ]   CMR: VM Strong Roots               53 us, workers (us):  51,   1,   0, ---, ---, ---, 
[2026-04-03T02:38:08.215+0600][72.571s][info][gc,stats    ]   CMR: CLDG Roots                   436 us, workers (us): 436, ---, ---, ---, ---, ---, 
[2026-04-03T02:38:08.215+0600][72.571s][info][gc,stats    ] Concurrent Marking                68347 us
[2026-04-03T02:38:08.215+0600][72.571s][info][gc,stats    ] Pause Final Mark (G)               1158 us
[2026-04-03T02:38:08.215+0600][72.571s][info][gc,stats    ] Pause Final Mark (N)                865 us
[2026-04-03T02:38:08.215+0600][72.571s][info][gc,stats    ]   Finish Mark                       287 us
[2026-04-03T02:38:08.215+0600][72.571s][info][gc,stats    ]   Update Region States               86 us
[2026-04-03T02:38:08.215+0600][72.571s][info][gc,stats    ]   Choose Collection Set             225 us
[2026-04-03T02:38:08.215+0600][72.571s][info][gc,stats    ]   Rebuild Free Set                   40 us
[2026-04-03T02:38:08.215+0600][72.571s][info][gc,stats    ] Concurrent Thread Roots            1458 us, parallelism: 2.05x
[2026-04-03T02:38:08.215+0600][72.571s][info][gc,stats    ]   CTR: <total>                     2985 us
[2026-04-03T02:38:08.215+0600][72.571s][info][gc,stats    ]   CTR: Thread Roots                2985 us, workers (us): 1011, 1015, 959, ---, ---, ---, 
[2026-04-03T02:38:08.215+0600][72.571s][info][gc,stats    ] Concurrent Weak References         1089 us, parallelism: 1.03x
[2026-04-03T02:38:08.215+0600][72.571s][info][gc,stats    ]   CWRF: <total>                    1127 us
[2026-04-03T02:38:08.215+0600][72.571s][info][gc,stats    ]   CWRF: Weak References            1127 us, workers (us): 673, 417,  37, ---, ---, ---, 
[2026-04-03T02:38:08.215+0600][72.571s][info][gc,stats    ] Concurrent Weak Roots              7448 us
[2026-04-03T02:38:08.215+0600][72.571s][info][gc,stats    ]   Roots                            6825 us, parallelism: 2.75x
[2026-04-03T02:38:08.215+0600][72.571s][info][gc,stats    ]     CWR: <total>                  18791 us
[2026-04-03T02:38:08.215+0600][72.571s][info][gc,stats    ]     CWR: Code Cache Roots         14462 us, workers (us): 4919, 4553, 4990, ---, ---, ---, 
[2026-04-03T02:38:08.215+0600][72.572s][info][gc,stats    ]     CWR: VM Weak Roots             4101 us, workers (us): 1380, 1380, 1342, ---, ---, ---, 
[2026-04-03T02:38:08.215+0600][72.572s][info][gc,stats    ]     CWR: CLDG Roots                 227 us, workers (us): ---, 227, ---, ---, ---, ---, 
[2026-04-03T02:38:08.215+0600][72.572s][info][gc,stats    ]   Rendezvous                        507 us
[2026-04-03T02:38:08.215+0600][72.572s][info][gc,stats    ] Concurrent Cleanup                  707 us
[2026-04-03T02:38:08.215+0600][72.572s][info][gc,stats    ] Concurrent Class Unloading        52722 us
[2026-04-03T02:38:08.215+0600][72.572s][info][gc,stats    ]   Unlink Stale                    50939 us
[2026-04-03T02:38:08.215+0600][72.572s][info][gc,stats    ]     System Dictionary               480 us
[2026-04-03T02:38:08.215+0600][72.572s][info][gc,stats    ]     Weak Class Links              33213 us
[2026-04-03T02:38:08.215+0600][72.572s][info][gc,stats    ]     Code Roots                    17240 us
[2026-04-03T02:38:08.215+0600][72.572s][info][gc,stats    ]   Rendezvous                        372 us
[2026-04-03T02:38:08.215+0600][72.572s][info][gc,stats    ]   Purge Unlinked                   1202 us
[2026-04-03T02:38:08.215+0600][72.572s][info][gc,stats    ]     Code Roots                     1135 us
[2026-04-03T02:38:08.215+0600][72.572s][info][gc,stats    ]     CLDG                             67 us
[2026-04-03T02:38:08.215+0600][72.572s][info][gc,stats    ]     Exception Caches                  0 us
[2026-04-03T02:38:08.215+0600][72.572s][info][gc,stats    ] Concurrent Strong Roots            1479 us, parallelism: 0.65x
[2026-04-03T02:38:08.215+0600][72.572s][info][gc,stats    ]   CSR: <total>                      964 us
[2026-04-03T02:38:08.215+0600][72.572s][info][gc,stats    ]   CSR: VM Strong Roots               95 us, workers (us):  70,  24,   0, ---, ---, ---, 
[2026-04-03T02:38:08.215+0600][72.572s][info][gc,stats    ]   CSR: CLDG Roots                   870 us, workers (us): 870, ---, ---, ---, ---, ---, 
[2026-04-03T02:38:08.215+0600][72.572s][info][gc,stats    ] Concurrent Evacuation              4070 us
[2026-04-03T02:38:08.216+0600][72.572s][info][gc,stats    ] Pause Init Update Refs (G)          487 us
[2026-04-03T02:38:08.216+0600][72.572s][info][gc,stats    ] Pause Init Update Refs (N)          122 us
[2026-04-03T02:38:08.216+0600][72.572s][info][gc,stats    ]   Manage GCLABs                      32 us
[2026-04-03T02:38:08.216+0600][72.572s][info][gc,stats    ] Concurrent Update Refs            50598 us
[2026-04-03T02:38:08.216+0600][72.572s][info][gc,stats    ] Concurrent Update Thread Roots     2072 us
[2026-04-03T02:38:08.216+0600][72.572s][info][gc,stats    ] Pause Final Update Refs (G)         485 us
[2026-04-03T02:38:08.216+0600][72.572s][info][gc,stats    ] Pause Final Update Refs (N)         205 us
[2026-04-03T02:38:08.216+0600][72.572s][info][gc,stats    ]   Update Region States               55 us
[2026-04-03T02:38:08.216+0600][72.572s][info][gc,stats    ]   Trash Collection Set               14 us
[2026-04-03T02:38:08.216+0600][72.572s][info][gc,stats    ]   Rebuild Free Set                   45 us
[2026-04-03T02:38:08.216+0600][72.572s][info][gc,stats    ] Concurrent Cleanup                  685 us
[2026-04-03T02:38:08.216+0600][72.572s][info][gc,stats    ] 
[2026-04-03T02:38:08.216+0600][72.572s][info][gc,stats    ] Allocation pacing accrued:
[2026-04-03T02:38:08.216+0600][72.572s][info][gc,stats    ]       0 of   507 ms (  0.0%): <total>
[2026-04-03T02:38:08.216+0600][72.572s][info][gc,stats    ]       0 of   507 ms (  0.0%): <average total>
[2026-04-03T02:38:08.216+0600][72.572s][info][gc,stats    ] 
[2026-04-03T02:38:08.216+0600][72.572s][info][gc,metaspace] Metaspace: 131480K(133120K)->131498K(133120K) NonClass: 114948K(115840K)->114963K(115840K) Class: 16532K(17280K)->16535K(17280K)
[2026-04-03T02:38:08.216+0600][72.572s][info][gc,ergo     ] Pacer for Idle. Initial: 30720K, Alloc Tax Rate: 1.0x
[2026-04-03T02:38:09.350+0600][73.706s][info][gc          ] Trigger: Average GC time (221.84 ms) is above the time for average allocation rate (570 MB/s) to deplete free headroom (124M) (margin of error = 1.85)
[2026-04-03T02:38:09.350+0600][73.706s][info][gc,ergo     ] Free headroom: 199M (free) - 76800K (spike) - 0B (penalties) = 124M
[2026-04-03T02:38:09.350+0600][73.706s][info][gc,ergo     ] Free: 199M, Max: 512K regular, 198M humongous, Frag: 0% external, 1% internal; Reserve: 76800K, Max: 512K
[2026-04-03T02:38:09.350+0600][73.706s][info][gc,start    ] GC(67) Concurrent reset
[2026-04-03T02:38:09.350+0600][73.706s][info][gc,task     ] GC(67) Using 3 of 6 workers for concurrent reset
[2026-04-03T02:38:09.350+0600][73.706s][info][gc,ergo     ] GC(67) Pacer for Reset. Non-Taxable: 1500M
[2026-04-03T02:38:09.352+0600][73.709s][info][gc          ] GC(67) Concurrent reset 2.701ms
[2026-04-03T02:38:09.353+0600][73.709s][info][gc,start    ] GC(67) Pause Init Mark (unload classes)
[2026-04-03T02:38:09.353+0600][73.709s][info][gc,task     ] GC(67) Using 6 of 6 workers for init marking
[2026-04-03T02:38:09.353+0600][73.709s][info][gc,ergo     ] GC(67) Pacer for Mark. Expected Live: 97671K, Free: 199M, Non-Taxable: 20470K, Alloc Tax Rate: 0.6x
[2026-04-03T02:38:09.353+0600][73.709s][info][gc          ] GC(67) Pause Init Mark (unload classes) 0.184ms
[2026-04-03T02:38:09.353+0600][73.709s][info][gc,start    ] GC(67) Concurrent marking roots
[2026-04-03T02:38:09.353+0600][73.709s][info][gc,task     ] GC(67) Using 3 of 6 workers for concurrent marking roots
[2026-04-03T02:38:09.354+0600][73.711s][info][gc          ] GC(67) Concurrent marking roots 1.491ms
[2026-04-03T02:38:09.355+0600][73.711s][info][gc,start    ] GC(67) Concurrent marking (unload classes)
[2026-04-03T02:38:09.355+0600][73.711s][info][gc,task     ] GC(67) Using 3 of 6 workers for concurrent marking
[2026-04-03T02:38:09.433+0600][73.790s][info][gc          ] GC(67) Concurrent marking (unload classes) 78.959ms
[2026-04-03T02:38:09.434+0600][73.790s][info][gc,start    ] GC(67) Pause Final Mark (unload classes)
[2026-04-03T02:38:09.434+0600][73.790s][info][gc,task     ] GC(67) Using 6 of 6 workers for final marking
[2026-04-03T02:38:09.434+0600][73.790s][info][gc,ergo     ] GC(67) Adaptive CSet Selection. Target Free: 212M, Actual Free: 1060M, Max CSet: 64000K, Min Garbage: 0B
[2026-04-03T02:38:09.434+0600][73.791s][info][gc,ergo     ] GC(67) Collectable Garbage: 1018M (99%), Immediate: 825M (80%), CSet: 192M (18%)
[2026-04-03T02:38:09.434+0600][73.791s][info][gc,ergo     ] GC(67) Pacer for Evacuation. Used CSet: 196M, Free: 1091M, Non-Taxable: 109M, Alloc Tax Rate: 1.1x
[2026-04-03T02:38:09.434+0600][73.791s][info][gc          ] GC(67) Pause Final Mark (unload classes) 0.643ms
[2026-04-03T02:38:09.434+0600][73.791s][info][gc,start    ] GC(67) Concurrent thread roots
[2026-04-03T02:38:09.434+0600][73.791s][info][gc,task     ] GC(67) Using 3 of 6 workers for Concurrent thread roots
[2026-04-03T02:38:09.435+0600][73.792s][info][gc          ] GC(67) Concurrent thread roots 0.902ms
[2026-04-03T02:38:09.435+0600][73.792s][info][gc,start    ] GC(67) Concurrent weak references
[2026-04-03T02:38:09.435+0600][73.792s][info][gc,task     ] GC(67) Using 3 of 6 workers for concurrent weak references
[2026-04-03T02:38:09.436+0600][73.792s][info][gc,ref      ] GC(67) Encountered references: Soft: 3723, Weak: 16178, Final: 84, Phantom: 620
[2026-04-03T02:38:09.436+0600][73.792s][info][gc,ref      ] GC(67) Discovered  references: Soft: 0, Weak: 7556, Final: 4, Phantom: 615
[2026-04-03T02:38:09.436+0600][73.792s][info][gc,ref      ] GC(67) Enqueued    references: Soft: 0, Weak: 1629, Final: 0, Phantom: 0
[2026-04-03T02:38:09.436+0600][73.792s][info][gc          ] GC(67) Concurrent weak references 0.912ms
[2026-04-03T02:38:09.436+0600][73.793s][info][gc,start    ] GC(67) Concurrent weak roots
[2026-04-03T02:38:09.436+0600][73.793s][info][gc,task     ] GC(67) Using 3 of 6 workers for concurrent weak root
[2026-04-03T02:38:09.441+0600][73.798s][info][gc          ] GC(67) Concurrent weak roots 5.107ms
[2026-04-03T02:38:09.441+0600][73.798s][info][gc,start    ] GC(67) Concurrent cleanup
[2026-04-03T02:38:09.442+0600][73.799s][info][gc          ] GC(67) Concurrent cleanup 1153M->331M(1272M) 0.883ms
[2026-04-03T02:38:09.442+0600][73.799s][info][gc,ergo     ] GC(67) Free: 1086M, Max: 512K regular, 159M humongous, Frag: 86% external, 0% internal; Reserve: 76390K, Max: 512K
[2026-04-03T02:38:09.442+0600][73.799s][info][gc,start    ] GC(67) Concurrent class unloading
[2026-04-03T02:38:09.442+0600][73.799s][info][gc,task     ] GC(67) Using 3 of 6 workers for concurrent class unloading
[2026-04-03T02:38:09.464+0600][73.821s][info][gc          ] GC(67) Concurrent class unloading 21.979ms
[2026-04-03T02:38:09.465+0600][73.821s][info][gc,start    ] GC(67) Concurrent strong roots
[2026-04-03T02:38:09.465+0600][73.821s][info][gc,task     ] GC(67) Using 3 of 6 workers for concurrent strong root
[2026-04-03T02:38:09.467+0600][73.823s][info][gc          ] GC(67) Concurrent strong roots 2.005ms
[2026-04-03T02:38:09.467+0600][73.823s][info][gc,start    ] GC(67) Concurrent evacuation
[2026-04-03T02:38:09.467+0600][73.823s][info][gc,task     ] GC(67) Using 3 of 6 workers for concurrent evacuation
[2026-04-03T02:38:09.472+0600][73.828s][info][gc          ] GC(67) Concurrent evacuation 5.173ms
[2026-04-03T02:38:09.472+0600][73.828s][info][gc,start    ] GC(67) Pause Init Update Refs
[2026-04-03T02:38:09.472+0600][73.828s][info][gc,ergo     ] GC(67) Pacer for Update Refs. Used: 356M, Free: 1066M, Non-Taxable: 106M, Alloc Tax Rate: 1.1x
[2026-04-03T02:38:09.472+0600][73.829s][info][gc          ] GC(67) Pause Init Update Refs 0.140ms
[2026-04-03T02:38:09.472+0600][73.829s][info][gc,start    ] GC(67) Concurrent update references
[2026-04-03T02:38:09.472+0600][73.829s][info][gc,task     ] GC(67) Using 3 of 6 workers for concurrent reference update
[2026-04-03T02:38:09.524+0600][73.881s][info][gc          ] GC(67) Concurrent update references 51.967ms
[2026-04-03T02:38:09.525+0600][73.881s][info][gc,start    ] GC(67) Concurrent update thread roots
[2026-04-03T02:38:09.527+0600][73.883s][info][gc          ] GC(67) Concurrent update thread roots 1.916ms
[2026-04-03T02:38:09.527+0600][73.883s][info][gc,start    ] GC(67) Pause Final Update Refs
[2026-04-03T02:38:09.527+0600][73.883s][info][gc,task     ] GC(67) Using 6 of 6 workers for final reference update
[2026-04-03T02:38:09.527+0600][73.883s][info][gc          ] GC(67) Pause Final Update Refs 0.236ms
[2026-04-03T02:38:09.527+0600][73.883s][info][gc,start    ] GC(67) Concurrent cleanup
[2026-04-03T02:38:09.528+0600][73.884s][info][gc          ] GC(67) Concurrent cleanup 402M->206M(1272M) 0.376ms
[2026-04-03T02:38:09.528+0600][73.884s][info][gc,ergo     ] Free: 1205M, Max: 512K regular, 863M humongous, Frag: 29% external, 0% internal; Reserve: 76800K, Max: 512K
[2026-04-03T02:38:09.528+0600][73.884s][info][gc,stats    ] 
[2026-04-03T02:38:09.528+0600][73.884s][info][gc,stats    ] All times are wall-clock times, except per-root-class counters, that are sum over
[2026-04-03T02:38:09.528+0600][73.884s][info][gc,stats    ] all workers. Dividing the <total> over the root stage time estimates parallelism.
[2026-04-03T02:38:09.528+0600][73.884s][info][gc,stats    ] 
[2026-04-03T02:38:09.528+0600][73.884s][info][gc,stats    ] Concurrent Reset                   2750 us
[2026-04-03T02:38:09.528+0600][73.884s][info][gc,stats    ] Pause Init Mark (G)                 432 us
[2026-04-03T02:38:09.528+0600][73.884s][info][gc,stats    ] Pause Init Mark (N)                 195 us
[2026-04-03T02:38:09.528+0600][73.884s][info][gc,stats    ]   Update Region States               34 us
[2026-04-03T02:38:09.528+0600][73.884s][info][gc,stats    ] Concurrent Mark Roots              1544 us, parallelism: 1.88x
[2026-04-03T02:38:09.528+0600][73.884s][info][gc,stats    ]   CMR: <total>                     2903 us
[2026-04-03T02:38:09.528+0600][73.884s][info][gc,stats    ]   CMR: Thread Roots                2569 us, workers (us): 963, 655, 951, ---, ---, ---, 
[2026-04-03T02:38:09.528+0600][73.884s][info][gc,stats    ]   CMR: VM Strong Roots               51 us, workers (us):  49,   1,   1, ---, ---, ---, 
[2026-04-03T02:38:09.528+0600][73.884s][info][gc,stats    ]   CMR: CLDG Roots                   283 us, workers (us): ---, 283, ---, ---, ---, ---, 
[2026-04-03T02:38:09.528+0600][73.884s][info][gc,stats    ] Concurrent Marking                79049 us
[2026-04-03T02:38:09.528+0600][73.884s][info][gc,stats    ] Pause Final Mark (G)                843 us
[2026-04-03T02:38:09.528+0600][73.884s][info][gc,stats    ] Pause Final Mark (N)                653 us
[2026-04-03T02:38:09.528+0600][73.884s][info][gc,stats    ]   Finish Mark                       192 us
[2026-04-03T02:38:09.528+0600][73.884s][info][gc,stats    ]   Update Region States               45 us
[2026-04-03T02:38:09.528+0600][73.884s][info][gc,stats    ]   Choose Collection Set             225 us
[2026-04-03T02:38:09.528+0600][73.884s][info][gc,stats    ]   Rebuild Free Set                   39 us
[2026-04-03T02:38:09.528+0600][73.884s][info][gc,stats    ] Concurrent Thread Roots             931 us, parallelism: 2.52x
[2026-04-03T02:38:09.528+0600][73.884s][info][gc,stats    ]   CTR: <total>                     2349 us
[2026-04-03T02:38:09.528+0600][73.884s][info][gc,stats    ]   CTR: Thread Roots                2349 us, workers (us): 815, 810, 724, ---, ---, ---, 
[2026-04-03T02:38:09.528+0600][73.884s][info][gc,stats    ] Concurrent Weak References          923 us, parallelism: 1.39x
[2026-04-03T02:38:09.528+0600][73.884s][info][gc,stats    ]   CWRF: <total>                    1280 us
[2026-04-03T02:38:09.528+0600][73.884s][info][gc,stats    ]   CWRF: Weak References            1280 us, workers (us): 684, 595,   2, ---, ---, ---, 
[2026-04-03T02:38:09.528+0600][73.884s][info][gc,stats    ] Concurrent Weak Roots              5187 us
[2026-04-03T02:38:09.528+0600][73.884s][info][gc,stats    ]   Roots                            4815 us, parallelism: 2.64x
[2026-04-03T02:38:09.528+0600][73.884s][info][gc,stats    ]     CWR: <total>                  12706 us
[2026-04-03T02:38:09.528+0600][73.884s][info][gc,stats    ]     CWR: Code Cache Roots         10064 us, workers (us): 3240, 3239, 3585, ---, ---, ---, 
[2026-04-03T02:38:09.528+0600][73.884s][info][gc,stats    ]     CWR: VM Weak Roots             2534 us, workers (us): 850, 839, 844, ---, ---, ---, 
[2026-04-03T02:38:09.528+0600][73.884s][info][gc,stats    ]     CWR: CLDG Roots                 108 us, workers (us): ---, 108, ---, ---, ---, ---, 
[2026-04-03T02:38:09.528+0600][73.884s][info][gc,stats    ]   Rendezvous                        269 us
[2026-04-03T02:38:09.528+0600][73.884s][info][gc,stats    ] Concurrent Cleanup                  904 us
[2026-04-03T02:38:09.528+0600][73.885s][info][gc,stats    ] Concurrent Class Unloading        22117 us
[2026-04-03T02:38:09.528+0600][73.885s][info][gc,stats    ]   Unlink Stale                    16690 us
[2026-04-03T02:38:09.528+0600][73.885s][info][gc,stats    ]     System Dictionary               273 us
[2026-04-03T02:38:09.528+0600][73.885s][info][gc,stats    ]     Weak Class Links                  0 us
[2026-04-03T02:38:09.528+0600][73.885s][info][gc,stats    ]     Code Roots                    16413 us
[2026-04-03T02:38:09.528+0600][73.885s][info][gc,stats    ]   Rendezvous                        451 us
[2026-04-03T02:38:09.528+0600][73.885s][info][gc,stats    ]   Purge Unlinked                   4806 us
[2026-04-03T02:38:09.528+0600][73.885s][info][gc,stats    ]     Code Roots                     4777 us
[2026-04-03T02:38:09.528+0600][73.885s][info][gc,stats    ]     CLDG                             26 us
[2026-04-03T02:38:09.528+0600][73.885s][info][gc,stats    ]     Exception Caches                  1 us
[2026-04-03T02:38:09.528+0600][73.885s][info][gc,stats    ] Concurrent Strong Roots            2083 us, parallelism: 0.54x
[2026-04-03T02:38:09.528+0600][73.885s][info][gc,stats    ]   CSR: <total>                     1131 us
[2026-04-03T02:38:09.528+0600][73.885s][info][gc,stats    ]   CSR: VM Strong Roots               88 us, workers (us):  50,  22,  16, ---, ---, ---, 
[2026-04-03T02:38:09.528+0600][73.885s][info][gc,stats    ]   CSR: CLDG Roots                  1043 us, workers (us): ---, ---, 1043, ---, ---, ---, 
[2026-04-03T02:38:09.528+0600][73.885s][info][gc,stats    ] Concurrent Evacuation              5278 us
[2026-04-03T02:38:09.528+0600][73.885s][info][gc,stats    ] Pause Init Update Refs (G)          537 us
[2026-04-03T02:38:09.528+0600][73.885s][info][gc,stats    ] Pause Init Update Refs (N)          156 us
[2026-04-03T02:38:09.528+0600][73.885s][info][gc,stats    ]   Manage GCLABs                      39 us
[2026-04-03T02:38:09.528+0600][73.885s][info][gc,stats    ] Concurrent Update Refs            52122 us
[2026-04-03T02:38:09.529+0600][73.885s][info][gc,stats    ] Concurrent Update Thread Roots     2007 us
[2026-04-03T02:38:09.529+0600][73.885s][info][gc,stats    ] Pause Final Update Refs (G)         564 us
[2026-04-03T02:38:09.529+0600][73.885s][info][gc,stats    ] Pause Final Update Refs (N)         269 us
[2026-04-03T02:38:09.529+0600][73.885s][info][gc,stats    ]   Update Region States               60 us
[2026-04-03T02:38:09.529+0600][73.885s][info][gc,stats    ]   Trash Collection Set               20 us
[2026-04-03T02:38:09.529+0600][73.885s][info][gc,stats    ]   Rebuild Free Set                   47 us
[2026-04-03T02:38:09.529+0600][73.885s][info][gc,stats    ] Concurrent Cleanup                  422 us
[2026-04-03T02:38:09.529+0600][73.885s][info][gc,stats    ] Pacing                           188651 us
[2026-04-03T02:38:09.529+0600][73.885s][info][gc,stats    ] 
[2026-04-03T02:38:09.529+0600][73.885s][info][gc,stats    ] Allocation pacing accrued:
[2026-04-03T02:38:09.529+0600][73.885s][info][gc,stats    ]      11 of  1313 ms (  0.9%): Spark Context Cleaner
[2026-04-03T02:38:09.529+0600][73.885s][info][gc,stats    ]       5 of  1313 ms (  0.4%): spark-listener-group-executorManagement
[2026-04-03T02:38:09.529+0600][73.885s][info][gc,stats    ]       5 of  1313 ms (  0.4%): spark-listener-group-shared
[2026-04-03T02:38:09.529+0600][73.885s][info][gc,stats    ]      11 of  1313 ms (  0.9%): Executor task launch worker for task 4.0 in stage 3203.0 (TID 5925)
[2026-04-03T02:38:09.529+0600][73.885s][info][gc,stats    ]      11 of  1313 ms (  0.8%): Executor task launch worker for task 6.0 in stage 3203.0 (TID 5927)
[2026-04-03T02:38:09.529+0600][73.885s][info][gc,stats    ]      22 of  1313 ms (  1.7%): Executor task launch worker for task 0.0 in stage 3203.0 (TID 5921)
[2026-04-03T02:38:09.529+0600][73.885s][info][gc,stats    ]      11 of  1313 ms (  0.9%): Executor task launch worker for task 7.0 in stage 3203.0 (TID 5928)
[2026-04-03T02:38:09.529+0600][73.885s][info][gc,stats    ]      11 of  1313 ms (  0.8%): Executor task launch worker for task 5.0 in stage 3203.0 (TID 5926)
[2026-04-03T02:38:09.529+0600][73.885s][info][gc,stats    ]      11 of  1313 ms (  0.8%): Executor task launch worker for task 3.0 in stage 3203.0 (TID 5924)
[2026-04-03T02:38:09.529+0600][73.885s][info][gc,stats    ]      17 of  1313 ms (  1.3%): task-result-getter-0
[2026-04-03T02:38:09.529+0600][73.885s][info][gc,stats    ]      27 of  1313 ms (  2.1%): task-result-getter-1
[2026-04-03T02:38:09.529+0600][73.885s][info][gc,stats    ]      27 of  1313 ms (  2.1%): task-result-getter-2
[2026-04-03T02:38:09.529+0600][73.885s][info][gc,stats    ]      17 of  1313 ms (  1.3%): task-result-getter-3
[2026-04-03T02:38:09.529+0600][73.885s][info][gc,stats    ]     189 of  1313 ms ( 14.4%): <total>
[2026-04-03T02:38:09.529+0600][73.885s][info][gc,stats    ]       1 of  1313 ms (  0.1%): <average total>
[2026-04-03T02:38:09.529+0600][73.885s][info][gc,stats    ]      15 of  1313 ms (  1.1%): <average non-zero>
[2026-04-03T02:38:09.529+0600][73.885s][info][gc,stats    ] 
[2026-04-03T02:38:09.529+0600][73.885s][info][gc,metaspace] Metaspace: 131616K(133120K)->131620K(133120K) NonClass: 115066K(115840K)->115070K(115840K) Class: 16550K(17280K)->16550K(17280K)
[2026-04-03T02:38:09.529+0600][73.885s][info][gc,ergo     ] Pacer for Idle. Initial: 30720K, Alloc Tax Rate: 1.0x
[2026-04-03T02:38:10.416+0600][74.772s][info][gc          ] Trigger: Average GC time (208.31 ms) is above the time for average allocation rate (889 MB/s) to deplete free headroom (184M) (margin of error = 1.85)
[2026-04-03T02:38:10.416+0600][74.772s][info][gc,ergo     ] Free headroom: 259M (free) - 76800K (spike) - 0B (penalties) = 184M
[2026-04-03T02:38:10.416+0600][74.772s][info][gc,ergo     ] Free: 259M, Max: 512K regular, 158M humongous, Frag: 39% external, 1% internal; Reserve: 76800K, Max: 512K
[2026-04-03T02:38:10.416+0600][74.772s][info][gc,start    ] GC(68) Concurrent reset
[2026-04-03T02:38:10.416+0600][74.772s][info][gc,task     ] GC(68) Using 3 of 6 workers for concurrent reset
[2026-04-03T02:38:10.416+0600][74.772s][info][gc,ergo     ] GC(68) Pacer for Reset. Non-Taxable: 1500M
[2026-04-03T02:38:10.423+0600][74.779s][info][gc          ] GC(68) Concurrent reset 7.263ms
[2026-04-03T02:38:10.423+0600][74.780s][info][gc,start    ] GC(68) Pause Init Mark (unload classes)
[2026-04-03T02:38:10.424+0600][74.780s][info][gc,task     ] GC(68) Using 6 of 6 workers for init marking
[2026-04-03T02:38:10.424+0600][74.780s][info][gc,ergo     ] GC(68) Pacer for Mark. Expected Live: 99098K, Free: 252M, Non-Taxable: 25809K, Alloc Tax Rate: 0.5x
[2026-04-03T02:38:10.424+0600][74.780s][info][gc          ] GC(68) Pause Init Mark (unload classes) 0.142ms
[2026-04-03T02:38:10.424+0600][74.780s][info][gc,start    ] GC(68) Concurrent marking roots
[2026-04-03T02:38:10.424+0600][74.780s][info][gc,task     ] GC(68) Using 3 of 6 workers for concurrent marking roots
[2026-04-03T02:38:10.426+0600][74.782s][info][gc          ] GC(68) Concurrent marking roots 2.240ms
[2026-04-03T02:38:10.426+0600][74.782s][info][gc,start    ] GC(68) Concurrent marking (unload classes)
[2026-04-03T02:38:10.426+0600][74.782s][info][gc,task     ] GC(68) Using 3 of 6 workers for concurrent marking
[2026-04-03T02:38:10.484+0600][74.840s][info][gc          ] GC(68) Concurrent marking (unload classes) 58.053ms
[2026-04-03T02:38:10.484+0600][74.841s][info][gc,start    ] GC(68) Pause Final Mark (unload classes)
[2026-04-03T02:38:10.484+0600][74.841s][info][gc,task     ] GC(68) Using 6 of 6 workers for final marking
[2026-04-03T02:38:10.485+0600][74.841s][info][gc,ergo     ] GC(68) Adaptive CSet Selection. Target Free: 212M, Actual Free: 989M, Max CSet: 64000K, Min Garbage: 0B
[2026-04-03T02:38:10.485+0600][74.841s][info][gc,ergo     ] GC(68) Collectable Garbage: 969M (99%), Immediate: 703M (71%), CSet: 266M (27%)
[2026-04-03T02:38:10.485+0600][74.841s][info][gc,ergo     ] GC(68) Pacer for Evacuation. Used CSet: 273M, Free: 1014M, Non-Taxable: 101M, Alloc Tax Rate: 1.1x
[2026-04-03T02:38:10.485+0600][74.841s][info][gc          ] GC(68) Pause Final Mark (unload classes) 0.704ms
[2026-04-03T02:38:10.485+0600][74.841s][info][gc,start    ] GC(68) Concurrent thread roots
[2026-04-03T02:38:10.485+0600][74.841s][info][gc,task     ] GC(68) Using 3 of 6 workers for Concurrent thread roots
[2026-04-03T02:38:10.486+0600][74.842s][info][gc          ] GC(68) Concurrent thread roots 1.069ms
[2026-04-03T02:38:10.486+0600][74.842s][info][gc,start    ] GC(68) Concurrent weak references
[2026-04-03T02:38:10.486+0600][74.842s][info][gc,task     ] GC(68) Using 3 of 6 workers for concurrent weak references
[2026-04-03T02:38:10.487+0600][74.843s][info][gc,ref      ] GC(68) Encountered references: Soft: 3789, Weak: 16483, Final: 84, Phantom: 620
[2026-04-03T02:38:10.487+0600][74.843s][info][gc,ref      ] GC(68) Discovered  references: Soft: 0, Weak: 6020, Final: 0, Phantom: 222
[2026-04-03T02:38:10.487+0600][74.843s][info][gc,ref      ] GC(68) Enqueued    references: Soft: 0, Weak: 1771, Final: 0, Phantom: 0
[2026-04-03T02:38:10.487+0600][74.843s][info][gc          ] GC(68) Concurrent weak references 0.731ms
[2026-04-03T02:38:10.487+0600][74.843s][info][gc,start    ] GC(68) Concurrent weak roots
[2026-04-03T02:38:10.487+0600][74.843s][info][gc,task     ] GC(68) Using 3 of 6 workers for concurrent weak root
[2026-04-03T02:38:10.492+0600][74.848s][info][gc          ] GC(68) Concurrent weak roots 4.599ms
[2026-04-03T02:38:10.492+0600][74.848s][info][gc,start    ] GC(68) Concurrent cleanup
[2026-04-03T02:38:10.492+0600][74.849s][info][gc          ] GC(68) Concurrent cleanup 1117M->415M(1272M) 0.701ms
[2026-04-03T02:38:10.492+0600][74.849s][info][gc,ergo     ] GC(68) Free: 1004M, Max: 512K regular, 159M humongous, Frag: 85% external, 0% internal; Reserve: 75705K, Max: 512K
[2026-04-03T02:38:10.492+0600][74.849s][info][gc,start    ] GC(68) Concurrent class unloading
[2026-04-03T02:38:10.492+0600][74.849s][info][gc,task     ] GC(68) Using 3 of 6 workers for concurrent class unloading
[2026-04-03T02:38:10.514+0600][74.870s][info][gc          ] GC(68) Concurrent class unloading 21.656ms
[2026-04-03T02:38:10.514+0600][74.870s][info][gc,start    ] GC(68) Concurrent strong roots
[2026-04-03T02:38:10.514+0600][74.871s][info][gc,task     ] GC(68) Using 3 of 6 workers for concurrent strong root
[2026-04-03T02:38:10.516+0600][74.872s][info][gc          ] GC(68) Concurrent strong roots 1.622ms
[2026-04-03T02:38:10.516+0600][74.872s][info][gc,start    ] GC(68) Concurrent evacuation
[2026-04-03T02:38:10.516+0600][74.872s][info][gc,task     ] GC(68) Using 3 of 6 workers for concurrent evacuation
[2026-04-03T02:38:10.524+0600][74.881s][info][gc          ] GC(68) Concurrent evacuation 8.399ms
[2026-04-03T02:38:10.525+0600][74.881s][info][gc,start    ] GC(68) Pause Init Update Refs
[2026-04-03T02:38:10.525+0600][74.881s][info][gc,ergo     ] GC(68) Pacer for Update Refs. Used: 439M, Free: 987M, Non-Taxable: 101146K, Alloc Tax Rate: 1.1x
[2026-04-03T02:38:10.525+0600][74.881s][info][gc          ] GC(68) Pause Init Update Refs 0.119ms
[2026-04-03T02:38:10.525+0600][74.881s][info][gc,start    ] GC(68) Concurrent update references
[2026-04-03T02:38:10.525+0600][74.881s][info][gc,task     ] GC(68) Using 3 of 6 workers for concurrent reference update
[2026-04-03T02:38:10.599+0600][74.955s][info][gc          ] GC(68) Concurrent update references 74.186ms
[2026-04-03T02:38:10.599+0600][74.955s][info][gc,start    ] GC(68) Concurrent update thread roots
[2026-04-03T02:38:10.601+0600][74.957s][info][gc          ] GC(68) Concurrent update thread roots 2.031ms
[2026-04-03T02:38:10.603+0600][74.959s][info][gc,start    ] GC(68) Pause Final Update Refs
[2026-04-03T02:38:10.603+0600][74.959s][info][gc,task     ] GC(68) Using 6 of 6 workers for final reference update
[2026-04-03T02:38:10.603+0600][74.959s][info][gc          ] GC(68) Pause Final Update Refs 0.263ms
[2026-04-03T02:38:10.603+0600][74.959s][info][gc,start    ] GC(68) Concurrent cleanup
[2026-04-03T02:38:10.604+0600][74.960s][info][gc          ] GC(68) Concurrent cleanup 518M->244M(1276M) 0.422ms
[2026-04-03T02:38:10.604+0600][74.960s][info][gc,ergo     ] Free: 1171M, Max: 512K regular, 773M humongous, Frag: 34% external, 0% internal; Reserve: 76800K, Max: 512K
[2026-04-03T02:38:10.604+0600][74.960s][info][gc,stats    ] 
[2026-04-03T02:38:10.604+0600][74.960s][info][gc,stats    ] All times are wall-clock times, except per-root-class counters, that are sum over
[2026-04-03T02:38:10.604+0600][74.960s][info][gc,stats    ] all workers. Dividing the <total> over the root stage time estimates parallelism.
[2026-04-03T02:38:10.604+0600][74.960s][info][gc,stats    ] 
[2026-04-03T02:38:10.604+0600][74.960s][info][gc,stats    ] Concurrent Reset                   7356 us
[2026-04-03T02:38:10.604+0600][74.960s][info][gc,stats    ] Pause Init Mark (G)                 514 us
[2026-04-03T02:38:10.604+0600][74.960s][info][gc,stats    ] Pause Init Mark (N)                 157 us
[2026-04-03T02:38:10.604+0600][74.960s][info][gc,stats    ]   Update Region States               35 us
[2026-04-03T02:38:10.604+0600][74.960s][info][gc,stats    ] Concurrent Mark Roots              2298 us, parallelism: 1.83x
[2026-04-03T02:38:10.604+0600][74.960s][info][gc,stats    ]   CMR: <total>                     4213 us
[2026-04-03T02:38:10.604+0600][74.960s][info][gc,stats    ]   CMR: Thread Roots                3705 us, workers (us): 1256, 1576, 873, ---, ---, ---, 
[2026-04-03T02:38:10.604+0600][74.960s][info][gc,stats    ]   CMR: VM Strong Roots               52 us, workers (us):  51,   1,   0, ---, ---, ---, 
[2026-04-03T02:38:10.604+0600][74.960s][info][gc,stats    ]   CMR: CLDG Roots                   456 us, workers (us): 456, ---, ---, ---, ---, ---, 
[2026-04-03T02:38:10.604+0600][74.960s][info][gc,stats    ] Concurrent Marking                58122 us
[2026-04-03T02:38:10.604+0600][74.960s][info][gc,stats    ] Pause Final Mark (G)                890 us
[2026-04-03T02:38:10.604+0600][74.960s][info][gc,stats    ] Pause Final Mark (N)                714 us
[2026-04-03T02:38:10.604+0600][74.960s][info][gc,stats    ]   Finish Mark                       327 us
[2026-04-03T02:38:10.604+0600][74.960s][info][gc,stats    ]   Update Region States               32 us
[2026-04-03T02:38:10.604+0600][74.960s][info][gc,stats    ]   Choose Collection Set             230 us
[2026-04-03T02:38:10.604+0600][74.960s][info][gc,stats    ]   Rebuild Free Set                   34 us
[2026-04-03T02:38:10.604+0600][74.960s][info][gc,stats    ] Concurrent Thread Roots            1113 us, parallelism: 2.32x
[2026-04-03T02:38:10.604+0600][74.960s][info][gc,stats    ]   CTR: <total>                     2581 us
[2026-04-03T02:38:10.604+0600][74.960s][info][gc,stats    ]   CTR: Thread Roots                2581 us, workers (us): 921, 819, 841, ---, ---, ---, 
[2026-04-03T02:38:10.604+0600][74.960s][info][gc,stats    ] Concurrent Weak References          742 us, parallelism: 1.14x
[2026-04-03T02:38:10.604+0600][74.960s][info][gc,stats    ]   CWRF: <total>                     847 us
[2026-04-03T02:38:10.604+0600][74.960s][info][gc,stats    ]   CWRF: Weak References             847 us, workers (us): 289,  36, 522, ---, ---, ---, 
[2026-04-03T02:38:10.604+0600][74.960s][info][gc,stats    ] Concurrent Weak Roots              4671 us
[2026-04-03T02:38:10.604+0600][74.960s][info][gc,stats    ]   Roots                            4242 us, parallelism: 2.73x
[2026-04-03T02:38:10.604+0600][74.960s][info][gc,stats    ]     CWR: <total>                  11583 us
[2026-04-03T02:38:10.604+0600][74.960s][info][gc,stats    ]     CWR: Code Cache Roots          8797 us, workers (us): 2876, 2987, 2934, ---, ---, ---, 
[2026-04-03T02:38:10.604+0600][74.960s][info][gc,stats    ]     CWR: VM Weak Roots             2614 us, workers (us): 880, 880, 854, ---, ---, ---, 
[2026-04-03T02:38:10.604+0600][74.960s][info][gc,stats    ]     CWR: CLDG Roots                 172 us, workers (us): 172, ---, ---, ---, ---, ---, 
[2026-04-03T02:38:10.604+0600][74.960s][info][gc,stats    ]   Rendezvous                        334 us
[2026-04-03T02:38:10.604+0600][74.960s][info][gc,stats    ] Concurrent Cleanup                  780 us
[2026-04-03T02:38:10.604+0600][74.960s][info][gc,stats    ] Concurrent Class Unloading        21780 us
[2026-04-03T02:38:10.604+0600][74.960s][info][gc,stats    ]   Unlink Stale                    16331 us
[2026-04-03T02:38:10.604+0600][74.960s][info][gc,stats    ]     System Dictionary               320 us
[2026-04-03T02:38:10.604+0600][74.960s][info][gc,stats    ]     Weak Class Links                  1 us
[2026-04-03T02:38:10.604+0600][74.960s][info][gc,stats    ]     Code Roots                    16005 us
[2026-04-03T02:38:10.604+0600][74.960s][info][gc,stats    ]   Rendezvous                        430 us
[2026-04-03T02:38:10.604+0600][74.960s][info][gc,stats    ]   Purge Unlinked                   4851 us
[2026-04-03T02:38:10.604+0600][74.960s][info][gc,stats    ]     Code Roots                     4818 us
[2026-04-03T02:38:10.604+0600][74.960s][info][gc,stats    ]     CLDG                             32 us
[2026-04-03T02:38:10.604+0600][74.960s][info][gc,stats    ]     Exception Caches                  0 us
[2026-04-03T02:38:10.604+0600][74.960s][info][gc,stats    ] Concurrent Strong Roots            1730 us, parallelism: 0.66x
[2026-04-03T02:38:10.604+0600][74.960s][info][gc,stats    ]   CSR: <total>                     1140 us
[2026-04-03T02:38:10.604+0600][74.960s][info][gc,stats    ]   CSR: VM Strong Roots              101 us, workers (us):  68,  32,   0, ---, ---, ---, 
[2026-04-03T02:38:10.604+0600][74.960s][info][gc,stats    ]   CSR: CLDG Roots                  1039 us, workers (us): ---, 1039, ---, ---, ---, ---, 
[2026-04-03T02:38:10.604+0600][74.961s][info][gc,stats    ] Concurrent Evacuation              8480 us
[2026-04-03T02:38:10.604+0600][74.961s][info][gc,stats    ] Pause Init Update Refs (G)          305 us
[2026-04-03T02:38:10.604+0600][74.961s][info][gc,stats    ] Pause Init Update Refs (N)          137 us
[2026-04-03T02:38:10.604+0600][74.961s][info][gc,stats    ]   Manage GCLABs                      39 us
[2026-04-03T02:38:10.604+0600][74.961s][info][gc,stats    ] Concurrent Update Refs            74304 us
[2026-04-03T02:38:10.604+0600][74.961s][info][gc,stats    ] Concurrent Update Thread Roots     3035 us
[2026-04-03T02:38:10.604+0600][74.961s][info][gc,stats    ] Pause Final Update Refs (G)         953 us
[2026-04-03T02:38:10.604+0600][74.961s][info][gc,stats    ] Pause Final Update Refs (N)         305 us
[2026-04-03T02:38:10.604+0600][74.961s][info][gc,stats    ]   Update Region States               64 us
[2026-04-03T02:38:10.604+0600][74.961s][info][gc,stats    ]   Trash Collection Set               46 us
[2026-04-03T02:38:10.604+0600][74.961s][info][gc,stats    ]   Rebuild Free Set                   51 us
[2026-04-03T02:38:10.604+0600][74.961s][info][gc,stats    ] Concurrent Cleanup                  452 us
[2026-04-03T02:38:10.604+0600][74.961s][info][gc,stats    ] Pacing                           197142 us
[2026-04-03T02:38:10.604+0600][74.961s][info][gc,stats    ] 
[2026-04-03T02:38:10.604+0600][74.961s][info][gc,stats    ] Allocation pacing accrued:
[2026-04-03T02:38:10.604+0600][74.961s][info][gc,stats    ]      11 of  1076 ms (  1.0%): dispatcher-event-loop-7
[2026-04-03T02:38:10.604+0600][74.961s][info][gc,stats    ]       4 of  1076 ms (  0.3%): Spark Context Cleaner
[2026-04-03T02:38:10.604+0600][74.961s][info][gc,stats    ]      30 of  1076 ms (  2.8%): Executor task launch worker for task 1.0 in stage 3322.0 (TID 6082)
[2026-04-03T02:38:10.604+0600][74.961s][info][gc,stats    ]      31 of  1076 ms (  2.9%): Executor task launch worker for task 2.0 in stage 3322.0 (TID 6083)
[2026-04-03T02:38:10.605+0600][74.961s][info][gc,stats    ]      29 of  1076 ms (  2.7%): Executor task launch worker for task 4.0 in stage 3322.0 (TID 6085)
[2026-04-03T02:38:10.605+0600][74.961s][info][gc,stats    ]      33 of  1076 ms (  3.0%): Executor task launch worker for task 0.0 in stage 3322.0 (TID 6081)
[2026-04-03T02:38:10.605+0600][74.961s][info][gc,stats    ]      29 of  1076 ms (  2.7%): Executor task launch worker for task 3.0 in stage 3322.0 (TID 6084)
[2026-04-03T02:38:10.605+0600][74.961s][info][gc,stats    ]      20 of  1076 ms (  1.9%): task-result-getter-0
[2026-04-03T02:38:10.605+0600][74.961s][info][gc,stats    ]      11 of  1076 ms (  1.0%): task-result-getter-2
[2026-04-03T02:38:10.605+0600][74.961s][info][gc,stats    ]     197 of  1076 ms ( 18.3%): <total>
[2026-04-03T02:38:10.605+0600][74.961s][info][gc,stats    ]       1 of  1076 ms (  0.1%): <average total>
[2026-04-03T02:38:10.605+0600][74.961s][info][gc,stats    ]      22 of  1076 ms (  2.0%): <average non-zero>
[2026-04-03T02:38:10.605+0600][74.961s][info][gc,stats    ] 
[2026-04-03T02:38:10.605+0600][74.961s][info][gc,metaspace] Metaspace: 131711K(133120K)->131715K(133120K) NonClass: 115149K(115840K)->115153K(115840K) Class: 16561K(17280K)->16561K(17280K)
[2026-04-03T02:38:10.605+0600][74.961s][info][gc,ergo     ] Pacer for Idle. Initial: 30720K, Alloc Tax Rate: 1.0x
[2026-04-03T02:38:10.802+0600][75.158s][info][gc          ] Trigger: Average GC time (205.02 ms) is above the time for average allocation rate (1474 MB/s) to deplete free headroom (300M) (margin of error = 1.85)
[2026-04-03T02:38:10.802+0600][75.158s][info][gc,ergo     ] Free headroom: 375M (free) - 76800K (spike) - 0B (penalties) = 300M
[2026-04-03T02:38:10.802+0600][75.158s][info][gc,ergo     ] Free: 375M, Max: 512K regular, 155M humongous, Frag: 59% external, 1% internal; Reserve: 76800K, Max: 512K
[2026-04-03T02:38:10.802+0600][75.158s][info][gc,start    ] GC(69) Concurrent reset
[2026-04-03T02:38:10.802+0600][75.158s][info][gc,task     ] GC(69) Using 3 of 6 workers for concurrent reset
[2026-04-03T02:38:10.802+0600][75.158s][info][gc,ergo     ] GC(69) Pacer for Reset. Non-Taxable: 1500M
[2026-04-03T02:38:10.806+0600][75.162s][info][gc          ] GC(69) Concurrent reset 4.094ms
[2026-04-03T02:38:10.806+0600][75.162s][info][gc,start    ] GC(69) Pause Init Mark (unload classes)
[2026-04-03T02:38:10.806+0600][75.162s][info][gc,task     ] GC(69) Using 6 of 6 workers for init marking
[2026-04-03T02:38:10.806+0600][75.162s][info][gc,ergo     ] GC(69) Pacer for Mark. Expected Live: 97613K, Free: 363M, Non-Taxable: 37265K, Alloc Tax Rate: 0.3x
[2026-04-03T02:38:10.806+0600][75.162s][info][gc          ] GC(69) Pause Init Mark (unload classes) 0.135ms
[2026-04-03T02:38:10.806+0600][75.163s][info][gc,start    ] GC(69) Concurrent marking roots
[2026-04-03T02:38:10.806+0600][75.163s][info][gc,task     ] GC(69) Using 3 of 6 workers for concurrent marking roots
[2026-04-03T02:38:10.809+0600][75.165s][info][gc          ] GC(69) Concurrent marking roots 2.849ms
[2026-04-03T02:38:10.809+0600][75.165s][info][gc,start    ] GC(69) Concurrent marking (unload classes)
[2026-04-03T02:38:10.809+0600][75.165s][info][gc,task     ] GC(69) Using 3 of 6 workers for concurrent marking
[2026-04-03T02:38:10.861+0600][75.217s][info][gc          ] GC(69) Concurrent marking (unload classes) 51.535ms
[2026-04-03T02:38:10.861+0600][75.217s][info][gc,start    ] GC(69) Pause Final Mark (unload classes)
[2026-04-03T02:38:10.861+0600][75.217s][info][gc,task     ] GC(69) Using 6 of 6 workers for final marking
[2026-04-03T02:38:10.862+0600][75.218s][info][gc,ergo     ] GC(69) Adaptive CSet Selection. Target Free: 212M, Actual Free: 1172M, Max CSet: 64000K, Min Garbage: 0B
[2026-04-03T02:38:10.862+0600][75.218s][info][gc,ergo     ] GC(69) Collectable Garbage: 866M (99%), Immediate: 781M (89%), CSet: 86857K (9%)
[2026-04-03T02:38:10.862+0600][75.218s][info][gc,ergo     ] GC(69) Pacer for Evacuation. Used CSet: 95079K, Free: 1187M, Non-Taxable: 118M, Alloc Tax Rate: 1.1x
[2026-04-03T02:38:10.862+0600][75.218s][info][gc          ] GC(69) Pause Final Mark (unload classes) 0.866ms
[2026-04-03T02:38:10.862+0600][75.218s][info][gc,start    ] GC(69) Concurrent thread roots
[2026-04-03T02:38:10.862+0600][75.218s][info][gc,task     ] GC(69) Using 3 of 6 workers for Concurrent thread roots
[2026-04-03T02:38:10.864+0600][75.220s][info][gc          ] GC(69) Concurrent thread roots 1.791ms
[2026-04-03T02:38:10.864+0600][75.220s][info][gc,start    ] GC(69) Concurrent weak references
[2026-04-03T02:38:10.864+0600][75.220s][info][gc,task     ] GC(69) Using 3 of 6 workers for concurrent weak references
[2026-04-03T02:38:10.865+0600][75.221s][info][gc,ref      ] GC(69) Encountered references: Soft: 3792, Weak: 15321, Final: 84, Phantom: 620
[2026-04-03T02:38:10.865+0600][75.221s][info][gc,ref      ] GC(69) Discovered  references: Soft: 0, Weak: 7230, Final: 48, Phantom: 615
[2026-04-03T02:38:10.865+0600][75.221s][info][gc,ref      ] GC(69) Enqueued    references: Soft: 0, Weak: 793, Final: 0, Phantom: 0
[2026-04-03T02:38:10.865+0600][75.221s][info][gc          ] GC(69) Concurrent weak references 1.003ms
[2026-04-03T02:38:10.865+0600][75.221s][info][gc,start    ] GC(69) Concurrent weak roots
[2026-04-03T02:38:10.865+0600][75.221s][info][gc,task     ] GC(69) Using 3 of 6 workers for concurrent weak root
[2026-04-03T02:38:10.877+0600][75.233s][info][gc          ] GC(69) Concurrent weak roots 11.922ms
[2026-04-03T02:38:10.877+0600][75.233s][info][gc,start    ] GC(69) Concurrent cleanup
[2026-04-03T02:38:10.878+0600][75.234s][info][gc          ] GC(69) Concurrent cleanup 1028M->248M(1276M) 0.962ms
[2026-04-03T02:38:10.878+0600][75.234s][info][gc,ergo     ] GC(69) Free: 1167M, Max: 512K regular, 262M humongous, Frag: 78% external, 0% internal; Reserve: 76221K, Max: 512K
[2026-04-03T02:38:10.878+0600][75.234s][info][gc,start    ] GC(69) Concurrent class unloading
[2026-04-03T02:38:10.878+0600][75.234s][info][gc,task     ] GC(69) Using 3 of 6 workers for concurrent class unloading
[2026-04-03T02:38:10.897+0600][75.253s][info][gc          ] GC(69) Concurrent class unloading 18.868ms
[2026-04-03T02:38:10.897+0600][75.253s][info][gc,start    ] GC(69) Concurrent strong roots
[2026-04-03T02:38:10.897+0600][75.253s][info][gc,task     ] GC(69) Using 3 of 6 workers for concurrent strong root
[2026-04-03T02:38:10.898+0600][75.255s][info][gc          ] GC(69) Concurrent strong roots 1.415ms
[2026-04-03T02:38:10.899+0600][75.255s][info][gc,start    ] GC(69) Concurrent evacuation
[2026-04-03T02:38:10.899+0600][75.255s][info][gc,task     ] GC(69) Using 3 of 6 workers for concurrent evacuation
[2026-04-03T02:38:10.906+0600][75.263s][info][gc          ] GC(69) Concurrent evacuation 7.798ms
[2026-04-03T02:38:10.907+0600][75.263s][info][gc,start    ] GC(69) Pause Init Update Refs
[2026-04-03T02:38:10.907+0600][75.263s][info][gc,ergo     ] GC(69) Pacer for Update Refs. Used: 274M, Free: 1148M, Non-Taxable: 114M, Alloc Tax Rate: 1.1x
[2026-04-03T02:38:10.907+0600][75.263s][info][gc          ] GC(69) Pause Init Update Refs 0.150ms
[2026-04-03T02:38:10.907+0600][75.263s][info][gc,start    ] GC(69) Concurrent update references
[2026-04-03T02:38:10.907+0600][75.263s][info][gc,task     ] GC(69) Using 3 of 6 workers for concurrent reference update
[2026-04-03T02:38:10.955+0600][75.311s][info][gc          ] GC(69) Concurrent update references 47.991ms
[2026-04-03T02:38:10.955+0600][75.311s][info][gc,start    ] GC(69) Concurrent update thread roots
[2026-04-03T02:38:10.956+0600][75.313s][info][gc          ] GC(69) Concurrent update thread roots 1.196ms
[2026-04-03T02:38:10.957+0600][75.313s][info][gc,start    ] GC(69) Pause Final Update Refs
[2026-04-03T02:38:10.957+0600][75.313s][info][gc,task     ] GC(69) Using 6 of 6 workers for final reference update
[2026-04-03T02:38:10.957+0600][75.313s][info][gc          ] GC(69) Pause Final Update Refs 0.191ms
[2026-04-03T02:38:10.957+0600][75.313s][info][gc,start    ] GC(69) Concurrent cleanup
[2026-04-03T02:38:10.957+0600][75.314s][info][gc          ] GC(69) Concurrent cleanup 292M->199M(1279M) 0.545ms
[2026-04-03T02:38:10.957+0600][75.314s][info][gc,ergo     ] Free: 1209M, Max: 512K regular, 650M humongous, Frag: 47% external, 0% internal; Reserve: 76800K, Max: 512K
[2026-04-03T02:38:10.957+0600][75.314s][info][gc,stats    ] 
[2026-04-03T02:38:10.958+0600][75.314s][info][gc,stats    ] All times are wall-clock times, except per-root-class counters, that are sum over
[2026-04-03T02:38:10.958+0600][75.314s][info][gc,stats    ] all workers. Dividing the <total> over the root stage time estimates parallelism.
[2026-04-03T02:38:10.958+0600][75.314s][info][gc,stats    ] 
[2026-04-03T02:38:10.958+0600][75.314s][info][gc,stats    ] Concurrent Reset                   4150 us
[2026-04-03T02:38:10.958+0600][75.314s][info][gc,stats    ] Pause Init Mark (G)                 369 us
[2026-04-03T02:38:10.958+0600][75.314s][info][gc,stats    ] Pause Init Mark (N)                 144 us
[2026-04-03T02:38:10.958+0600][75.314s][info][gc,stats    ]   Update Region States               32 us
[2026-04-03T02:38:10.958+0600][75.314s][info][gc,stats    ] Concurrent Mark Roots              2937 us, parallelism: 1.30x
[2026-04-03T02:38:10.958+0600][75.314s][info][gc,stats    ]   CMR: <total>                     3819 us
[2026-04-03T02:38:10.958+0600][75.314s][info][gc,stats    ]   CMR: Thread Roots                3344 us, workers (us): 1887, 1456,   0, ---, ---, ---, 
[2026-04-03T02:38:10.958+0600][75.314s][info][gc,stats    ]   CMR: VM Strong Roots               60 us, workers (us):  37,  23,   0, ---, ---, ---, 
[2026-04-03T02:38:10.958+0600][75.314s][info][gc,stats    ]   CMR: CLDG Roots                   415 us, workers (us): ---, 415, ---, ---, ---, ---, 
[2026-04-03T02:38:10.958+0600][75.314s][info][gc,stats    ] Concurrent Marking                51636 us
[2026-04-03T02:38:10.958+0600][75.314s][info][gc,stats    ] Pause Final Mark (G)               1226 us
[2026-04-03T02:38:10.958+0600][75.314s][info][gc,stats    ] Pause Final Mark (N)                878 us
[2026-04-03T02:38:10.958+0600][75.314s][info][gc,stats    ]   Finish Mark                       318 us
[2026-04-03T02:38:10.958+0600][75.314s][info][gc,stats    ]   Update Region States               54 us
[2026-04-03T02:38:10.958+0600][75.314s][info][gc,stats    ]   Choose Collection Set             267 us
[2026-04-03T02:38:10.958+0600][75.314s][info][gc,stats    ]   Rebuild Free Set                   48 us
[2026-04-03T02:38:10.958+0600][75.314s][info][gc,stats    ] Concurrent Thread Roots            1865 us, parallelism: 2.32x
[2026-04-03T02:38:10.958+0600][75.314s][info][gc,stats    ]   CTR: <total>                     4324 us
[2026-04-03T02:38:10.958+0600][75.314s][info][gc,stats    ]   CTR: Thread Roots                4324 us, workers (us): 1499, 1478, 1347, ---, ---, ---, 
[2026-04-03T02:38:10.958+0600][75.314s][info][gc,stats    ] Concurrent Weak References         1015 us, parallelism: 1.20x
[2026-04-03T02:38:10.958+0600][75.314s][info][gc,stats    ]   CWRF: <total>                    1216 us
[2026-04-03T02:38:10.958+0600][75.314s][info][gc,stats    ]   CWRF: Weak References            1216 us, workers (us): 367, 849,   0, ---, ---, ---, 
[2026-04-03T02:38:10.958+0600][75.314s][info][gc,stats    ] Concurrent Weak Roots             12016 us
[2026-04-03T02:38:10.958+0600][75.314s][info][gc,stats    ]   Roots                            5688 us, parallelism: 2.78x
[2026-04-03T02:38:10.958+0600][75.314s][info][gc,stats    ]     CWR: <total>                  15799 us
[2026-04-03T02:38:10.958+0600][75.314s][info][gc,stats    ]     CWR: Code Cache Roots         12523 us, workers (us): 4227, 4335, 3961, ---, ---, ---, 
[2026-04-03T02:38:10.958+0600][75.314s][info][gc,stats    ]     CWR: VM Weak Roots             3017 us, workers (us): 1034, 1019, 964, ---, ---, ---, 
[2026-04-03T02:38:10.958+0600][75.314s][info][gc,stats    ]     CWR: CLDG Roots                 259 us, workers (us): ---, ---, 259, ---, ---, ---, 
[2026-04-03T02:38:10.958+0600][75.314s][info][gc,stats    ]   Rendezvous                       6175 us
[2026-04-03T02:38:10.958+0600][75.314s][info][gc,stats    ] Concurrent Cleanup                 1015 us
[2026-04-03T02:38:10.958+0600][75.314s][info][gc,stats    ] Concurrent Class Unloading        18981 us
[2026-04-03T02:38:10.958+0600][75.314s][info][gc,stats    ]   Unlink Stale                    16819 us
[2026-04-03T02:38:10.958+0600][75.314s][info][gc,stats    ]     System Dictionary               345 us
[2026-04-03T02:38:10.958+0600][75.314s][info][gc,stats    ]     Weak Class Links                  1 us
[2026-04-03T02:38:10.958+0600][75.314s][info][gc,stats    ]     Code Roots                    16468 us
[2026-04-03T02:38:10.958+0600][75.314s][info][gc,stats    ]   Rendezvous                        893 us
[2026-04-03T02:38:10.958+0600][75.314s][info][gc,stats    ]   Purge Unlinked                   1110 us
[2026-04-03T02:38:10.958+0600][75.314s][info][gc,stats    ]     Code Roots                     1077 us
[2026-04-03T02:38:10.958+0600][75.314s][info][gc,stats    ]     CLDG                             31 us
[2026-04-03T02:38:10.958+0600][75.314s][info][gc,stats    ]     Exception Caches                  1 us
[2026-04-03T02:38:10.958+0600][75.314s][info][gc,stats    ] Concurrent Strong Roots            1474 us, parallelism: 0.65x
[2026-04-03T02:38:10.958+0600][75.314s][info][gc,stats    ]   CSR: <total>                      961 us
[2026-04-03T02:38:10.958+0600][75.314s][info][gc,stats    ]   CSR: VM Strong Roots               68 us, workers (us):  67,   0,   0, ---, ---, ---, 
[2026-04-03T02:38:10.958+0600][75.314s][info][gc,stats    ]   CSR: CLDG Roots                   893 us, workers (us): 893, ---, ---, ---, ---, ---, 
[2026-04-03T02:38:10.958+0600][75.314s][info][gc,stats    ] Concurrent Evacuation              7906 us
[2026-04-03T02:38:10.958+0600][75.314s][info][gc,stats    ] Pause Init Update Refs (G)          598 us
[2026-04-03T02:38:10.958+0600][75.314s][info][gc,stats    ] Pause Init Update Refs (N)          166 us
[2026-04-03T02:38:10.958+0600][75.314s][info][gc,stats    ]   Manage GCLABs                      45 us
[2026-04-03T02:38:10.958+0600][75.314s][info][gc,stats    ] Concurrent Update Refs            48064 us
[2026-04-03T02:38:10.958+0600][75.314s][info][gc,stats    ] Concurrent Update Thread Roots     1241 us
[2026-04-03T02:38:10.958+0600][75.314s][info][gc,stats    ] Pause Final Update Refs (G)         493 us
[2026-04-03T02:38:10.958+0600][75.314s][info][gc,stats    ] Pause Final Update Refs (N)         214 us
[2026-04-03T02:38:10.958+0600][75.314s][info][gc,stats    ]   Update Region States               46 us
[2026-04-03T02:38:10.958+0600][75.314s][info][gc,stats    ]   Trash Collection Set               11 us
[2026-04-03T02:38:10.958+0600][75.314s][info][gc,stats    ]   Rebuild Free Set                   32 us
[2026-04-03T02:38:10.958+0600][75.314s][info][gc,stats    ] Concurrent Cleanup                  562 us
[2026-04-03T02:38:10.958+0600][75.314s][info][gc,stats    ] 
[2026-04-03T02:38:10.958+0600][75.314s][info][gc,stats    ] Allocation pacing accrued:
[2026-04-03T02:38:10.958+0600][75.314s][info][gc,stats    ]       0 of   353 ms (  0.0%): <total>
[2026-04-03T02:38:10.958+0600][75.314s][info][gc,stats    ]       0 of   353 ms (  0.0%): <average total>
[2026-04-03T02:38:10.958+0600][75.314s][info][gc,stats    ] 
[2026-04-03T02:38:10.958+0600][75.314s][info][gc,metaspace] Metaspace: 131721K(133120K)->131727K(133120K) NonClass: 115159K(115840K)->115164K(115840K) Class: 16561K(17280K)->16563K(17280K)
[2026-04-03T02:38:10.958+0600][75.314s][info][gc,ergo     ] Pacer for Idle. Initial: 30720K, Alloc Tax Rate: 1.0x
[2026-04-03T02:38:11.819+0600][76.175s][info][gc          ] Trigger: Average GC time (199.87 ms) is above the time for average allocation rate (1226 MB/s) to deplete free headroom (244M) (margin of error = 1.85)
[2026-04-03T02:38:11.819+0600][76.175s][info][gc,ergo     ] Free headroom: 319M (free) - 76800K (spike) - 0B (penalties) = 244M
[2026-04-03T02:38:11.819+0600][76.175s][info][gc,ergo     ] Free: 319M, Max: 512K regular, 164M humongous, Frag: 49% external, 0% internal; Reserve: 76800K, Max: 512K
[2026-04-03T02:38:11.819+0600][76.175s][info][gc,start    ] GC(70) Concurrent reset
[2026-04-03T02:38:11.819+0600][76.175s][info][gc,task     ] GC(70) Using 3 of 6 workers for concurrent reset
[2026-04-03T02:38:11.819+0600][76.175s][info][gc,ergo     ] GC(70) Pacer for Reset. Non-Taxable: 1500M
[2026-04-03T02:38:11.821+0600][76.177s][info][gc          ] GC(70) Concurrent reset 2.308ms
[2026-04-03T02:38:11.821+0600][76.178s][info][gc,start    ] GC(70) Pause Init Mark (unload classes)
[2026-04-03T02:38:11.821+0600][76.178s][info][gc,task     ] GC(70) Using 6 of 6 workers for init marking
[2026-04-03T02:38:11.821+0600][76.178s][info][gc,ergo     ] GC(70) Pacer for Mark. Expected Live: 95234K, Free: 317M, Non-Taxable: 32557K, Alloc Tax Rate: 0.4x
[2026-04-03T02:38:11.821+0600][76.178s][info][gc          ] GC(70) Pause Init Mark (unload classes) 0.121ms
[2026-04-03T02:38:11.822+0600][76.178s][info][gc,start    ] GC(70) Concurrent marking roots
[2026-04-03T02:38:11.822+0600][76.178s][info][gc,task     ] GC(70) Using 3 of 6 workers for concurrent marking roots
[2026-04-03T02:38:11.825+0600][76.181s][info][gc          ] GC(70) Concurrent marking roots 2.890ms
[2026-04-03T02:38:11.825+0600][76.181s][info][gc,start    ] GC(70) Concurrent marking (unload classes)
[2026-04-03T02:38:11.825+0600][76.181s][info][gc,task     ] GC(70) Using 3 of 6 workers for concurrent marking
[2026-04-03T02:38:11.893+0600][76.249s][info][gc          ] GC(70) Concurrent marking (unload classes) 68.272ms
[2026-04-03T02:38:11.893+0600][76.249s][info][gc,start    ] GC(70) Pause Final Mark (unload classes)
[2026-04-03T02:38:11.893+0600][76.249s][info][gc,task     ] GC(70) Using 6 of 6 workers for final marking
[2026-04-03T02:38:11.894+0600][76.250s][info][gc,ergo     ] GC(70) Adaptive CSet Selection. Target Free: 212M, Actual Free: 1031M, Max CSet: 64000K, Min Garbage: 0B
[2026-04-03T02:38:11.894+0600][76.250s][info][gc,ergo     ] GC(70) Collectable Garbage: 911M (99%), Immediate: 688M (74%), CSet: 223M (24%)
[2026-04-03T02:38:11.894+0600][76.250s][info][gc,ergo     ] GC(70) Pacer for Evacuation. Used CSet: 230M, Free: 1049M, Non-Taxable: 104M, Alloc Tax Rate: 1.1x
[2026-04-03T02:38:11.894+0600][76.250s][info][gc          ] GC(70) Pause Final Mark (unload classes) 0.794ms
[2026-04-03T02:38:11.894+0600][76.250s][info][gc,start    ] GC(70) Concurrent thread roots
[2026-04-03T02:38:11.894+0600][76.250s][info][gc,task     ] GC(70) Using 3 of 6 workers for Concurrent thread roots
[2026-04-03T02:38:11.895+0600][76.252s][info][gc          ] GC(70) Concurrent thread roots 1.196ms
[2026-04-03T02:38:11.895+0600][76.252s][info][gc,start    ] GC(70) Concurrent weak references
[2026-04-03T02:38:11.895+0600][76.252s][info][gc,task     ] GC(70) Using 3 of 6 workers for concurrent weak references
[2026-04-03T02:38:11.896+0600][76.252s][info][gc,ref      ] GC(70) Encountered references: Soft: 3792, Weak: 16025, Final: 84, Phantom: 620
[2026-04-03T02:38:11.896+0600][76.252s][info][gc,ref      ] GC(70) Discovered  references: Soft: 0, Weak: 6182, Final: 0, Phantom: 222
[2026-04-03T02:38:11.896+0600][76.252s][info][gc,ref      ] GC(70) Enqueued    references: Soft: 0, Weak: 410, Final: 0, Phantom: 0
[2026-04-03T02:38:11.896+0600][76.252s][info][gc          ] GC(70) Concurrent weak references 0.624ms
[2026-04-03T02:38:11.896+0600][76.252s][info][gc,start    ] GC(70) Concurrent weak roots
[2026-04-03T02:38:11.896+0600][76.252s][info][gc,task     ] GC(70) Using 3 of 6 workers for concurrent weak root
[2026-04-03T02:38:11.905+0600][76.261s][info][gc          ] GC(70) Concurrent weak roots 8.547ms
[2026-04-03T02:38:11.905+0600][76.261s][info][gc,start    ] GC(70) Concurrent cleanup
[2026-04-03T02:38:11.906+0600][76.262s][info][gc          ] GC(70) Concurrent cleanup 1068M->380M(1279M) 0.922ms
[2026-04-03T02:38:11.906+0600][76.262s][info][gc,ergo     ] GC(70) Free: 1037M, Max: 512K regular, 256M humongous, Frag: 76% external, 0% internal; Reserve: 76095K, Max: 512K
[2026-04-03T02:38:11.906+0600][76.262s][info][gc,start    ] GC(70) Concurrent class unloading
[2026-04-03T02:38:11.906+0600][76.262s][info][gc,task     ] GC(70) Using 3 of 6 workers for concurrent class unloading
[2026-04-03T02:38:11.928+0600][76.284s][info][gc          ] GC(70) Concurrent class unloading 22.081ms
[2026-04-03T02:38:11.928+0600][76.284s][info][gc,start    ] GC(70) Concurrent strong roots
[2026-04-03T02:38:11.928+0600][76.284s][info][gc,task     ] GC(70) Using 3 of 6 workers for concurrent strong root
[2026-04-03T02:38:11.930+0600][76.286s][info][gc          ] GC(70) Concurrent strong roots 1.727ms
[2026-04-03T02:38:11.930+0600][76.286s][info][gc,start    ] GC(70) Concurrent evacuation
[2026-04-03T02:38:11.930+0600][76.286s][info][gc,task     ] GC(70) Using 3 of 6 workers for concurrent evacuation
[2026-04-03T02:38:11.934+0600][76.290s][info][gc          ] GC(70) Concurrent evacuation 4.150ms
[2026-04-03T02:38:11.934+0600][76.291s][info][gc,start    ] GC(70) Pause Init Update Refs
[2026-04-03T02:38:11.935+0600][76.291s][info][gc,ergo     ] GC(70) Pacer for Update Refs. Used: 405M, Free: 1016M, Non-Taxable: 101M, Alloc Tax Rate: 1.1x
[2026-04-03T02:38:11.935+0600][76.291s][info][gc          ] GC(70) Pause Init Update Refs 0.185ms
[2026-04-03T02:38:11.935+0600][76.291s][info][gc,start    ] GC(70) Concurrent update references
[2026-04-03T02:38:11.935+0600][76.291s][info][gc,task     ] GC(70) Using 3 of 6 workers for concurrent reference update
[2026-04-03T02:38:11.988+0600][76.344s][info][gc          ] GC(70) Concurrent update references 53.458ms
[2026-04-03T02:38:11.988+0600][76.345s][info][gc,start    ] GC(70) Concurrent update thread roots
[2026-04-03T02:38:11.990+0600][76.346s][info][gc          ] GC(70) Concurrent update thread roots 1.637ms
[2026-04-03T02:38:11.990+0600][76.346s][info][gc,start    ] GC(70) Pause Final Update Refs
[2026-04-03T02:38:11.990+0600][76.346s][info][gc,task     ] GC(70) Using 6 of 6 workers for final reference update
[2026-04-03T02:38:11.990+0600][76.347s][info][gc          ] GC(70) Pause Final Update Refs 0.184ms
[2026-04-03T02:38:11.991+0600][76.347s][info][gc,start    ] GC(70) Concurrent cleanup
[2026-04-03T02:38:11.991+0600][76.347s][info][gc          ] GC(70) Concurrent cleanup 438M->207M(1279M) 0.297ms
[2026-04-03T02:38:11.991+0600][76.347s][info][gc,ergo     ] Free: 1202M, Max: 512K regular, 742M humongous, Frag: 39% external, 0% internal; Reserve: 76800K, Max: 512K
[2026-04-03T02:38:11.991+0600][76.347s][info][gc,stats    ] 
[2026-04-03T02:38:11.991+0600][76.347s][info][gc,stats    ] All times are wall-clock times, except per-root-class counters, that are sum over
[2026-04-03T02:38:11.991+0600][76.347s][info][gc,stats    ] all workers. Dividing the <total> over the root stage time estimates parallelism.
[2026-04-03T02:38:11.991+0600][76.347s][info][gc,stats    ] 
[2026-04-03T02:38:11.991+0600][76.347s][info][gc,stats    ] Concurrent Reset                   2427 us
[2026-04-03T02:38:11.991+0600][76.347s][info][gc,stats    ] Pause Init Mark (G)                 537 us
[2026-04-03T02:38:11.991+0600][76.347s][info][gc,stats    ] Pause Init Mark (N)                 131 us
[2026-04-03T02:38:11.991+0600][76.347s][info][gc,stats    ]   Update Region States               39 us
[2026-04-03T02:38:11.991+0600][76.347s][info][gc,stats    ] Concurrent Mark Roots              2931 us, parallelism: 1.67x
[2026-04-03T02:38:11.991+0600][76.347s][info][gc,stats    ]   CMR: <total>                     4896 us
[2026-04-03T02:38:11.991+0600][76.347s][info][gc,stats    ]   CMR: Thread Roots                4387 us, workers (us): 790, 1227, 2370, ---, ---, ---, 
[2026-04-03T02:38:11.991+0600][76.347s][info][gc,stats    ]   CMR: VM Strong Roots               60 us, workers (us):  29,  29,   1, ---, ---, ---, 
[2026-04-03T02:38:11.991+0600][76.347s][info][gc,stats    ]   CMR: CLDG Roots                   450 us, workers (us): 450, ---, ---, ---, ---, ---, 
[2026-04-03T02:38:11.991+0600][76.347s][info][gc,stats    ] Concurrent Marking                68350 us
[2026-04-03T02:38:11.991+0600][76.347s][info][gc,stats    ] Pause Final Mark (G)               1190 us
[2026-04-03T02:38:11.991+0600][76.347s][info][gc,stats    ] Pause Final Mark (N)                810 us
[2026-04-03T02:38:11.991+0600][76.347s][info][gc,stats    ]   Finish Mark                       225 us
[2026-04-03T02:38:11.991+0600][76.347s][info][gc,stats    ]   Update Region States               67 us
[2026-04-03T02:38:11.991+0600][76.347s][info][gc,stats    ]   Choose Collection Set             278 us
[2026-04-03T02:38:11.991+0600][76.347s][info][gc,stats    ]   Rebuild Free Set                   42 us
[2026-04-03T02:38:11.991+0600][76.347s][info][gc,stats    ] Concurrent Thread Roots            1244 us, parallelism: 2.17x
[2026-04-03T02:38:11.991+0600][76.347s][info][gc,stats    ]   CTR: <total>                     2696 us
[2026-04-03T02:38:11.991+0600][76.347s][info][gc,stats    ]   CTR: Thread Roots                2696 us, workers (us): 915, 902, 879, ---, ---, ---, 
[2026-04-03T02:38:11.991+0600][76.347s][info][gc,stats    ] Concurrent Weak References          632 us, parallelism: 1.24x
[2026-04-03T02:38:11.991+0600][76.347s][info][gc,stats    ]   CWRF: <total>                     782 us
[2026-04-03T02:38:11.991+0600][76.347s][info][gc,stats    ]   CWRF: Weak References             782 us, workers (us): 499, 241,  42, ---, ---, ---, 
[2026-04-03T02:38:11.991+0600][76.348s][info][gc,stats    ] Concurrent Weak Roots              8673 us
[2026-04-03T02:38:11.991+0600][76.348s][info][gc,stats    ]   Roots                            5937 us, parallelism: 2.73x
[2026-04-03T02:38:11.991+0600][76.348s][info][gc,stats    ]     CWR: <total>                  16195 us
[2026-04-03T02:38:11.991+0600][76.348s][info][gc,stats    ]     CWR: Code Cache Roots         13430 us, workers (us): 4665, 4336, 4429, ---, ---, ---, 
[2026-04-03T02:38:11.991+0600][76.348s][info][gc,stats    ]     CWR: VM Weak Roots             2505 us, workers (us): 876, 825, 804, ---, ---, ---, 
[2026-04-03T02:38:11.991+0600][76.348s][info][gc,stats    ]     CWR: CLDG Roots                 260 us, workers (us): ---, 260, ---, ---, ---, ---, 
[2026-04-03T02:38:11.991+0600][76.348s][info][gc,stats    ]   Rendezvous                       2586 us
[2026-04-03T02:38:11.991+0600][76.348s][info][gc,stats    ] Concurrent Cleanup                  973 us
[2026-04-03T02:38:11.991+0600][76.348s][info][gc,stats    ] Concurrent Class Unloading        22212 us
[2026-04-03T02:38:11.991+0600][76.348s][info][gc,stats    ]   Unlink Stale                    19580 us
[2026-04-03T02:38:11.991+0600][76.348s][info][gc,stats    ]     System Dictionary               291 us
[2026-04-03T02:38:11.991+0600][76.348s][info][gc,stats    ]     Weak Class Links                  1 us
[2026-04-03T02:38:11.991+0600][76.348s][info][gc,stats    ]     Code Roots                    19285 us
[2026-04-03T02:38:11.991+0600][76.348s][info][gc,stats    ]   Rendezvous                        450 us
[2026-04-03T02:38:11.991+0600][76.348s][info][gc,stats    ]   Purge Unlinked                   2015 us
[2026-04-03T02:38:11.991+0600][76.348s][info][gc,stats    ]     Code Roots                     2000 us
[2026-04-03T02:38:11.991+0600][76.348s][info][gc,stats    ]     CLDG                             13 us
[2026-04-03T02:38:11.991+0600][76.348s][info][gc,stats    ]     Exception Caches                  1 us
[2026-04-03T02:38:11.991+0600][76.348s][info][gc,stats    ] Concurrent Strong Roots            1789 us, parallelism: 0.66x
[2026-04-03T02:38:11.991+0600][76.348s][info][gc,stats    ]   CSR: <total>                     1172 us
[2026-04-03T02:38:11.991+0600][76.348s][info][gc,stats    ]   CSR: VM Strong Roots              104 us, workers (us):  49,  50,   5, ---, ---, ---, 
[2026-04-03T02:38:11.991+0600][76.348s][info][gc,stats    ]   CSR: CLDG Roots                  1069 us, workers (us): 1069, ---, ---, ---, ---, ---, 
[2026-04-03T02:38:11.991+0600][76.348s][info][gc,stats    ] Concurrent Evacuation              4317 us
[2026-04-03T02:38:11.991+0600][76.348s][info][gc,stats    ] Pause Init Update Refs (G)          692 us
[2026-04-03T02:38:11.991+0600][76.348s][info][gc,stats    ] Pause Init Update Refs (N)          202 us
[2026-04-03T02:38:11.991+0600][76.348s][info][gc,stats    ]   Manage GCLABs                      53 us
[2026-04-03T02:38:11.992+0600][76.348s][info][gc,stats    ] Concurrent Update Refs            53562 us
[2026-04-03T02:38:11.992+0600][76.348s][info][gc,stats    ] Concurrent Update Thread Roots     1690 us
[2026-04-03T02:38:11.992+0600][76.348s][info][gc,stats    ] Pause Final Update Refs (G)         519 us
[2026-04-03T02:38:11.992+0600][76.348s][info][gc,stats    ] Pause Final Update Refs (N)         206 us
[2026-04-03T02:38:11.992+0600][76.348s][info][gc,stats    ]   Update Region States               61 us
[2026-04-03T02:38:11.992+0600][76.348s][info][gc,stats    ]   Trash Collection Set               22 us
[2026-04-03T02:38:11.992+0600][76.348s][info][gc,stats    ]   Rebuild Free Set                   44 us
[2026-04-03T02:38:11.992+0600][76.348s][info][gc,stats    ] Concurrent Cleanup                  322 us
[2026-04-03T02:38:11.992+0600][76.348s][info][gc,stats    ] Pacing                           150333 us
[2026-04-03T02:38:11.992+0600][76.348s][info][gc,stats    ] 
[2026-04-03T02:38:11.992+0600][76.348s][info][gc,stats    ] Allocation pacing accrued:
[2026-04-03T02:38:11.992+0600][76.348s][info][gc,stats    ]      11 of  1034 ms (  1.1%): Executor task launch worker for task 7.0 in stage 3376.0 (TID 6294)
[2026-04-03T02:38:11.992+0600][76.348s][info][gc,stats    ]      21 of  1034 ms (  2.1%): Executor task launch worker for task 1.0 in stage 3376.0 (TID 6288)
[2026-04-03T02:38:11.992+0600][76.348s][info][gc,stats    ]      21 of  1034 ms (  2.1%): Executor task launch worker for task 2.0 in stage 3376.0 (TID 6289)
[2026-04-03T02:38:11.992+0600][76.348s][info][gc,stats    ]      11 of  1034 ms (  1.1%): Executor task launch worker for task 6.0 in stage 3376.0 (TID 6293)
[2026-04-03T02:38:11.992+0600][76.348s][info][gc,stats    ]      21 of  1034 ms (  2.1%): Executor task launch worker for task 0.0 in stage 3376.0 (TID 6287)
[2026-04-03T02:38:11.992+0600][76.348s][info][gc,stats    ]      21 of  1034 ms (  2.1%): Executor task launch worker for task 3.0 in stage 3376.0 (TID 6290)
[2026-04-03T02:38:11.992+0600][76.348s][info][gc,stats    ]      21 of  1034 ms (  2.1%): Executor task launch worker for task 5.0 in stage 3376.0 (TID 6292)
[2026-04-03T02:38:11.992+0600][76.348s][info][gc,stats    ]      21 of  1034 ms (  2.1%): Executor task launch worker for task 4.0 in stage 3376.0 (TID 6291)
[2026-04-03T02:38:11.992+0600][76.348s][info][gc,stats    ]     150 of  1034 ms ( 14.5%): <total>
[2026-04-03T02:38:11.992+0600][76.348s][info][gc,stats    ]       1 of  1034 ms (  0.1%): <average total>
[2026-04-03T02:38:11.992+0600][76.348s][info][gc,stats    ]      19 of  1034 ms (  1.8%): <average non-zero>
[2026-04-03T02:38:11.992+0600][76.348s][info][gc,stats    ] 
[2026-04-03T02:38:11.992+0600][76.348s][info][gc,metaspace] Metaspace: 131749K(133120K)->131749K(133120K) NonClass: 115184K(115840K)->115184K(115840K) Class: 16564K(17280K)->16564K(17280K)
[2026-04-03T02:38:11.992+0600][76.348s][info][gc,ergo     ] Pacer for Idle. Initial: 30720K, Alloc Tax Rate: 1.0x
[2026-04-03T02:38:12.973+0600][77.329s][info][gc          ] Trigger: Average GC time (192.38 ms) is above the time for average allocation rate (1095 MB/s) to deplete free headroom (209M) (margin of error = 1.85)
[2026-04-03T02:38:12.973+0600][77.329s][info][gc,ergo     ] Free headroom: 284M (free) - 76800K (spike) - 0B (penalties) = 209M
[2026-04-03T02:38:12.973+0600][77.329s][info][gc,ergo     ] Free: 284M, Max: 512K regular, 259M humongous, Frag: 9% external, 1% internal; Reserve: 76800K, Max: 512K
[2026-04-03T02:38:12.973+0600][77.330s][info][gc,start    ] GC(71) Concurrent reset
[2026-04-03T02:38:12.973+0600][77.330s][info][gc,task     ] GC(71) Using 3 of 6 workers for concurrent reset
[2026-04-03T02:38:12.973+0600][77.330s][info][gc,ergo     ] GC(71) Pacer for Reset. Non-Taxable: 1500M
[2026-04-03T02:38:12.978+0600][77.334s][info][gc          ] GC(71) Concurrent reset 4.310ms
[2026-04-03T02:38:12.978+0600][77.334s][info][gc,start    ] GC(71) Pause Init Mark (unload classes)
[2026-04-03T02:38:12.978+0600][77.334s][info][gc,task     ] GC(71) Using 6 of 6 workers for init marking
[2026-04-03T02:38:12.978+0600][77.334s][info][gc,ergo     ] GC(71) Pacer for Mark. Expected Live: 95964K, Free: 282M, Non-Taxable: 28942K, Alloc Tax Rate: 0.4x
[2026-04-03T02:38:12.978+0600][77.334s][info][gc          ] GC(71) Pause Init Mark (unload classes) 0.204ms
[2026-04-03T02:38:12.978+0600][77.334s][info][gc,start    ] GC(71) Concurrent marking roots
[2026-04-03T02:38:12.978+0600][77.335s][info][gc,task     ] GC(71) Using 3 of 6 workers for concurrent marking roots
[2026-04-03T02:38:12.980+0600][77.336s][info][gc          ] GC(71) Concurrent marking roots 1.755ms
[2026-04-03T02:38:12.980+0600][77.336s][info][gc,start    ] GC(71) Concurrent marking (unload classes)
[2026-04-03T02:38:12.980+0600][77.336s][info][gc,task     ] GC(71) Using 3 of 6 workers for concurrent marking
[2026-04-03T02:38:13.051+0600][77.407s][info][gc          ] GC(71) Concurrent marking (unload classes) 70.848ms
[2026-04-03T02:38:13.051+0600][77.407s][info][gc,start    ] GC(71) Pause Final Mark (unload classes)
[2026-04-03T02:38:13.051+0600][77.407s][info][gc,task     ] GC(71) Using 6 of 6 workers for final marking
[2026-04-03T02:38:13.052+0600][77.408s][info][gc,ergo     ] GC(71) Adaptive CSet Selection. Target Free: 212M, Actual Free: 1036M, Max CSet: 64000K, Min Garbage: 0B
[2026-04-03T02:38:13.052+0600][77.408s][info][gc,ergo     ] GC(71) Collectable Garbage: 943M (99%), Immediate: 724M (76%), CSet: 219M (23%)
[2026-04-03T02:38:13.052+0600][77.408s][info][gc,ergo     ] GC(71) Pacer for Evacuation. Used CSet: 225M, Free: 1058M, Non-Taxable: 105M, Alloc Tax Rate: 1.1x
[2026-04-03T02:38:13.052+0600][77.408s][info][gc          ] GC(71) Pause Final Mark (unload classes) 0.813ms
[2026-04-03T02:38:13.052+0600][77.408s][info][gc,start    ] GC(71) Concurrent thread roots
[2026-04-03T02:38:13.052+0600][77.408s][info][gc,task     ] GC(71) Using 3 of 6 workers for Concurrent thread roots
[2026-04-03T02:38:13.053+0600][77.409s][info][gc          ] GC(71) Concurrent thread roots 1.208ms
[2026-04-03T02:38:13.053+0600][77.410s][info][gc,start    ] GC(71) Concurrent weak references
[2026-04-03T02:38:13.053+0600][77.410s][info][gc,task     ] GC(71) Using 3 of 6 workers for concurrent weak references
[2026-04-03T02:38:13.055+0600][77.411s][info][gc,ref      ] GC(71) Encountered references: Soft: 3784, Weak: 17171, Final: 84, Phantom: 620
[2026-04-03T02:38:13.055+0600][77.411s][info][gc,ref      ] GC(71) Discovered  references: Soft: 0, Weak: 9451, Final: 0, Phantom: 615
[2026-04-03T02:38:13.055+0600][77.411s][info][gc,ref      ] GC(71) Enqueued    references: Soft: 0, Weak: 1638, Final: 0, Phantom: 0
[2026-04-03T02:38:13.055+0600][77.411s][info][gc          ] GC(71) Concurrent weak references 1.361ms
[2026-04-03T02:38:13.055+0600][77.411s][info][gc,start    ] GC(71) Concurrent weak roots
[2026-04-03T02:38:13.055+0600][77.411s][info][gc,task     ] GC(71) Using 3 of 6 workers for concurrent weak root
[2026-04-03T02:38:13.061+0600][77.417s][info][gc          ] GC(71) Concurrent weak roots 6.513ms
[2026-04-03T02:38:13.061+0600][77.418s][info][gc,start    ] GC(71) Concurrent cleanup
[2026-04-03T02:38:13.062+0600][77.419s][info][gc          ] GC(71) Concurrent cleanup 1092M->368M(1279M) 0.942ms
[2026-04-03T02:38:13.062+0600][77.419s][info][gc,ergo     ] GC(71) Free: 1050M, Max: 512K regular, 229M humongous, Frag: 79% external, 0% internal; Reserve: 76368K, Max: 512K
[2026-04-03T02:38:13.062+0600][77.419s][info][gc,start    ] GC(71) Concurrent class unloading
[2026-04-03T02:38:13.062+0600][77.419s][info][gc,task     ] GC(71) Using 3 of 6 workers for concurrent class unloading
[2026-04-03T02:38:13.086+0600][77.442s][info][gc          ] GC(71) Concurrent class unloading 23.469ms
[2026-04-03T02:38:13.086+0600][77.442s][info][gc,start    ] GC(71) Concurrent strong roots
[2026-04-03T02:38:13.086+0600][77.442s][info][gc,task     ] GC(71) Using 3 of 6 workers for concurrent strong root
[2026-04-03T02:38:13.088+0600][77.445s][info][gc          ] GC(71) Concurrent strong roots 2.360ms
[2026-04-03T02:38:13.089+0600][77.445s][info][gc,start    ] GC(71) Concurrent evacuation
[2026-04-03T02:38:13.089+0600][77.445s][info][gc,task     ] GC(71) Using 3 of 6 workers for concurrent evacuation
[2026-04-03T02:38:13.095+0600][77.451s][info][gc          ] GC(71) Concurrent evacuation 6.425ms
[2026-04-03T02:38:13.095+0600][77.451s][info][gc,start    ] GC(71) Pause Init Update Refs
[2026-04-03T02:38:13.096+0600][77.452s][info][gc,ergo     ] GC(71) Pacer for Update Refs. Used: 391M, Free: 1033M, Non-Taxable: 103M, Alloc Tax Rate: 1.1x
[2026-04-03T02:38:13.096+0600][77.452s][info][gc          ] GC(71) Pause Init Update Refs 0.350ms
[2026-04-03T02:38:13.096+0600][77.452s][info][gc,start    ] GC(71) Concurrent update references
[2026-04-03T02:38:13.096+0600][77.452s][info][gc,task     ] GC(71) Using 3 of 6 workers for concurrent reference update
[2026-04-03T02:38:13.159+0600][77.515s][info][gc          ] GC(71) Concurrent update references 63.333ms
[2026-04-03T02:38:13.159+0600][77.516s][info][gc,start    ] GC(71) Concurrent update thread roots
[2026-04-03T02:38:13.161+0600][77.517s][info][gc          ] GC(71) Concurrent update thread roots 1.920ms
[2026-04-03T02:38:13.161+0600][77.518s][info][gc,start    ] GC(71) Pause Final Update Refs
[2026-04-03T02:38:13.161+0600][77.518s][info][gc,task     ] GC(71) Using 6 of 6 workers for final reference update
[2026-04-03T02:38:13.161+0600][77.518s][info][gc          ] GC(71) Pause Final Update Refs 0.170ms
[2026-04-03T02:38:13.162+0600][77.518s][info][gc,start    ] GC(71) Concurrent cleanup
[2026-04-03T02:38:13.162+0600][77.519s][info][gc          ] GC(71) Concurrent cleanup 436M->211M(1279M) 0.690ms
[2026-04-03T02:38:13.162+0600][77.519s][info][gc,ergo     ] Free: 1201M, Max: 512K regular, 720M humongous, Frag: 41% external, 0% internal; Reserve: 76800K, Max: 512K
[2026-04-03T02:38:13.163+0600][77.519s][info][gc,stats    ] 
[2026-04-03T02:38:13.163+0600][77.519s][info][gc,stats    ] All times are wall-clock times, except per-root-class counters, that are sum over
[2026-04-03T02:38:13.163+0600][77.519s][info][gc,stats    ] all workers. Dividing the <total> over the root stage time estimates parallelism.
[2026-04-03T02:38:13.163+0600][77.519s][info][gc,stats    ] 
[2026-04-03T02:38:13.163+0600][77.519s][info][gc,stats    ] Concurrent Reset                   4421 us
[2026-04-03T02:38:13.163+0600][77.519s][info][gc,stats    ] Pause Init Mark (G)                 512 us
[2026-04-03T02:38:13.163+0600][77.519s][info][gc,stats    ] Pause Init Mark (N)                 245 us
[2026-04-03T02:38:13.163+0600][77.519s][info][gc,stats    ]   Update Region States               54 us
[2026-04-03T02:38:13.163+0600][77.519s][info][gc,stats    ] Concurrent Mark Roots              1799 us, parallelism: 2.08x
[2026-04-03T02:38:13.163+0600][77.519s][info][gc,stats    ]   CMR: <total>                     3750 us
[2026-04-03T02:38:13.163+0600][77.519s][info][gc,stats    ]   CMR: Thread Roots                3103 us, workers (us): 671, 1242, 1190, ---, ---, ---, 
[2026-04-03T02:38:13.163+0600][77.519s][info][gc,stats    ]   CMR: VM Strong Roots               95 us, workers (us):  49,  44,   1, ---, ---, ---, 
[2026-04-03T02:38:13.163+0600][77.519s][info][gc,stats    ]   CMR: CLDG Roots                   552 us, workers (us): 552, ---, ---, ---, ---, ---, 
[2026-04-03T02:38:13.163+0600][77.519s][info][gc,stats    ] Concurrent Marking                70956 us
[2026-04-03T02:38:13.163+0600][77.519s][info][gc,stats    ] Pause Final Mark (G)               1022 us
[2026-04-03T02:38:13.163+0600][77.519s][info][gc,stats    ] Pause Final Mark (N)                830 us
[2026-04-03T02:38:13.163+0600][77.519s][info][gc,stats    ]   Finish Mark                       200 us
[2026-04-03T02:38:13.163+0600][77.519s][info][gc,stats    ]   Update Region States               75 us
[2026-04-03T02:38:13.163+0600][77.519s][info][gc,stats    ]   Choose Collection Set             318 us
[2026-04-03T02:38:13.163+0600][77.519s][info][gc,stats    ]   Rebuild Free Set                   44 us
[2026-04-03T02:38:13.163+0600][77.519s][info][gc,stats    ] Concurrent Thread Roots            1283 us, parallelism: 2.47x
[2026-04-03T02:38:13.163+0600][77.519s][info][gc,stats    ]   CTR: <total>                     3173 us
[2026-04-03T02:38:13.163+0600][77.519s][info][gc,stats    ]   CTR: Thread Roots                3173 us, workers (us): 1084, 1065, 1024, ---, ---, ---, 
[2026-04-03T02:38:13.163+0600][77.519s][info][gc,stats    ] Concurrent Weak References         1396 us, parallelism: 1.20x
[2026-04-03T02:38:13.163+0600][77.519s][info][gc,stats    ]   CWRF: <total>                    1675 us
[2026-04-03T02:38:13.163+0600][77.519s][info][gc,stats    ]   CWRF: Weak References            1675 us, workers (us): 260, 1154, 260, ---, ---, ---, 
[2026-04-03T02:38:13.163+0600][77.519s][info][gc,stats    ] Concurrent Weak Roots              6627 us
[2026-04-03T02:38:13.163+0600][77.519s][info][gc,stats    ]   Roots                            6095 us, parallelism: 2.73x
[2026-04-03T02:38:13.163+0600][77.519s][info][gc,stats    ]     CWR: <total>                  16621 us
[2026-04-03T02:38:13.163+0600][77.519s][info][gc,stats    ]     CWR: Code Cache Roots         13219 us, workers (us): 4048, 4569, 4602, ---, ---, ---, 
[2026-04-03T02:38:13.163+0600][77.519s][info][gc,stats    ]     CWR: VM Weak Roots             2987 us, workers (us): 1017, 999, 972, ---, ---, ---, 
[2026-04-03T02:38:13.163+0600][77.519s][info][gc,stats    ]     CWR: CLDG Roots                 415 us, workers (us): 415, ---, ---, ---, ---, ---, 
[2026-04-03T02:38:13.163+0600][77.519s][info][gc,stats    ]   Rendezvous                        383 us
[2026-04-03T02:38:13.163+0600][77.519s][info][gc,stats    ] Concurrent Cleanup                  992 us
[2026-04-03T02:38:13.163+0600][77.519s][info][gc,stats    ] Concurrent Class Unloading        23625 us
[2026-04-03T02:38:13.163+0600][77.519s][info][gc,stats    ]   Unlink Stale                    19104 us
[2026-04-03T02:38:13.163+0600][77.519s][info][gc,stats    ]     System Dictionary               430 us
[2026-04-03T02:38:13.163+0600][77.519s][info][gc,stats    ]     Weak Class Links                  1 us
[2026-04-03T02:38:13.163+0600][77.519s][info][gc,stats    ]     Code Roots                    18668 us
[2026-04-03T02:38:13.163+0600][77.519s][info][gc,stats    ]   Rendezvous                       1476 us
[2026-04-03T02:38:13.163+0600][77.519s][info][gc,stats    ]   Purge Unlinked                   2837 us
[2026-04-03T02:38:13.163+0600][77.519s][info][gc,stats    ]     Code Roots                     2809 us
[2026-04-03T02:38:13.163+0600][77.519s][info][gc,stats    ]     CLDG                             27 us
[2026-04-03T02:38:13.163+0600][77.519s][info][gc,stats    ]     Exception Caches                  1 us
[2026-04-03T02:38:13.163+0600][77.519s][info][gc,stats    ] Concurrent Strong Roots            2472 us, parallelism: 0.48x
[2026-04-03T02:38:13.163+0600][77.519s][info][gc,stats    ]   CSR: <total>                     1192 us
[2026-04-03T02:38:13.163+0600][77.519s][info][gc,stats    ]   CSR: VM Strong Roots               54 us, workers (us):  53,   1,   0, ---, ---, ---, 
[2026-04-03T02:38:13.163+0600][77.519s][info][gc,stats    ]   CSR: CLDG Roots                  1138 us, workers (us): 1138, ---, ---, ---, ---, ---, 
[2026-04-03T02:38:13.163+0600][77.519s][info][gc,stats    ] Concurrent Evacuation              6560 us
[2026-04-03T02:38:13.163+0600][77.519s][info][gc,stats    ] Pause Init Update Refs (G)          721 us
[2026-04-03T02:38:13.163+0600][77.519s][info][gc,stats    ] Pause Init Update Refs (N)          373 us
[2026-04-03T02:38:13.163+0600][77.519s][info][gc,stats    ]   Manage GCLABs                      97 us
[2026-04-03T02:38:13.163+0600][77.519s][info][gc,stats    ] Concurrent Update Refs            63451 us
[2026-04-03T02:38:13.163+0600][77.519s][info][gc,stats    ] Concurrent Update Thread Roots     1965 us
[2026-04-03T02:38:13.163+0600][77.519s][info][gc,stats    ] Pause Final Update Refs (G)         337 us
[2026-04-03T02:38:13.163+0600][77.519s][info][gc,stats    ] Pause Final Update Refs (N)         181 us
[2026-04-03T02:38:13.163+0600][77.519s][info][gc,stats    ]   Update Region States               64 us
[2026-04-03T02:38:13.163+0600][77.520s][info][gc,stats    ]   Trash Collection Set               23 us
[2026-04-03T02:38:13.163+0600][77.520s][info][gc,stats    ]   Rebuild Free Set                   50 us
[2026-04-03T02:38:13.163+0600][77.520s][info][gc,stats    ] Concurrent Cleanup                  788 us
[2026-04-03T02:38:13.163+0600][77.520s][info][gc,stats    ] Pacing                           130462 us
[2026-04-03T02:38:13.163+0600][77.520s][info][gc,stats    ] 
[2026-04-03T02:38:13.163+0600][77.520s][info][gc,stats    ] Allocation pacing accrued:
[2026-04-03T02:38:13.163+0600][77.520s][info][gc,stats    ]      10 of  1172 ms (  0.9%): spark-listener-group-executorManagement
[2026-04-03T02:38:13.163+0600][77.520s][info][gc,stats    ]      11 of  1172 ms (  1.0%): Executor task launch worker for task 3.0 in stage 3427.0 (TID 6458)
[2026-04-03T02:38:13.163+0600][77.520s][info][gc,stats    ]      21 of  1172 ms (  1.8%): Executor task launch worker for task 5.0 in stage 3427.0 (TID 6460)
[2026-04-03T02:38:13.163+0600][77.520s][info][gc,stats    ]      17 of  1172 ms (  1.4%): Executor task launch worker for task 1.0 in stage 3427.0 (TID 6456)
[2026-04-03T02:38:13.163+0600][77.520s][info][gc,stats    ]      11 of  1172 ms (  1.0%): Executor task launch worker for task 0.0 in stage 3427.0 (TID 6455)
[2026-04-03T02:38:13.163+0600][77.520s][info][gc,stats    ]      17 of  1172 ms (  1.4%): Executor task launch worker for task 6.0 in stage 3427.0 (TID 6461)
[2026-04-03T02:38:13.163+0600][77.520s][info][gc,stats    ]      11 of  1172 ms (  1.0%): task-result-getter-0
[2026-04-03T02:38:13.163+0600][77.520s][info][gc,stats    ]      11 of  1172 ms (  1.0%): task-result-getter-1
[2026-04-03T02:38:13.163+0600][77.520s][info][gc,stats    ]      10 of  1172 ms (  0.9%): task-result-getter-2
[2026-04-03T02:38:13.163+0600][77.520s][info][gc,stats    ]      10 of  1172 ms (  0.9%): task-result-getter-3
[2026-04-03T02:38:13.164+0600][77.520s][info][gc,stats    ]     130 of  1172 ms ( 11.1%): <total>
[2026-04-03T02:38:13.164+0600][77.520s][info][gc,stats    ]       0 of  1172 ms (  0.0%): <average total>
[2026-04-03T02:38:13.164+0600][77.520s][info][gc,stats    ]      13 of  1172 ms (  1.1%): <average non-zero>
[2026-04-03T02:38:13.164+0600][77.520s][info][gc,stats    ] 
[2026-04-03T02:38:13.164+0600][77.520s][info][gc,metaspace] Metaspace: 131759K(133120K)->131784K(133120K) NonClass: 115194K(115840K)->115213K(115840K) Class: 16565K(17280K)->16571K(17280K)
[2026-04-03T02:38:13.164+0600][77.520s][info][gc,ergo     ] Pacer for Idle. Initial: 30720K, Alloc Tax Rate: 1.0x
[2026-04-03T02:38:13.789+0600][78.145s][info][gc          ] Trigger: Average GC time (202.62 ms) is above the time for average allocation rate (1046 MB/s) to deplete free headroom (210M) (margin of error = 1.85)
[2026-04-03T02:38:13.789+0600][78.145s][info][gc,ergo     ] Free headroom: 285M (free) - 76800K (spike) - 0B (penalties) = 210M
[2026-04-03T02:38:13.789+0600][78.145s][info][gc,ergo     ] Free: 285M, Max: 512K regular, 230M humongous, Frag: 19% external, 0% internal; Reserve: 76800K, Max: 512K
[2026-04-03T02:38:13.789+0600][78.146s][info][gc,start    ] GC(72) Concurrent reset
[2026-04-03T02:38:13.789+0600][78.146s][info][gc,task     ] GC(72) Using 3 of 6 workers for concurrent reset
[2026-04-03T02:38:13.789+0600][78.146s][info][gc,ergo     ] GC(72) Pacer for Reset. Non-Taxable: 1500M
[2026-04-03T02:38:13.793+0600][78.149s][info][gc          ] GC(72) Concurrent reset 3.302ms
[2026-04-03T02:38:13.793+0600][78.149s][info][gc,start    ] GC(72) Pause Init Mark (unload classes)
[2026-04-03T02:38:13.793+0600][78.149s][info][gc,task     ] GC(72) Using 6 of 6 workers for init marking
[2026-04-03T02:38:13.793+0600][78.149s][info][gc,ergo     ] GC(72) Pacer for Mark. Expected Live: 95946K, Free: 266M, Non-Taxable: 27248K, Alloc Tax Rate: 0.4x
[2026-04-03T02:38:13.793+0600][78.149s][info][gc          ] GC(72) Pause Init Mark (unload classes) 0.165ms
[2026-04-03T02:38:13.793+0600][78.150s][info][gc,start    ] GC(72) Concurrent marking roots
[2026-04-03T02:38:13.793+0600][78.150s][info][gc,task     ] GC(72) Using 3 of 6 workers for concurrent marking roots
[2026-04-03T02:38:13.795+0600][78.151s][info][gc          ] GC(72) Concurrent marking roots 1.625ms
[2026-04-03T02:38:13.795+0600][78.151s][info][gc,start    ] GC(72) Concurrent marking (unload classes)
[2026-04-03T02:38:13.795+0600][78.151s][info][gc,task     ] GC(72) Using 3 of 6 workers for concurrent marking
[2026-04-03T02:38:13.858+0600][78.214s][info][gc          ] GC(72) Concurrent marking (unload classes) 62.972ms
[2026-04-03T02:38:13.858+0600][78.214s][info][gc,start    ] GC(72) Pause Final Mark (unload classes)
[2026-04-03T02:38:13.858+0600][78.215s][info][gc,task     ] GC(72) Using 6 of 6 workers for final marking
[2026-04-03T02:38:13.859+0600][78.215s][info][gc,ergo     ] GC(72) Adaptive CSet Selection. Target Free: 212M, Actual Free: 1082M, Max CSet: 64000K, Min Garbage: 0B
[2026-04-03T02:38:13.859+0600][78.215s][info][gc,ergo     ] GC(72) Collectable Garbage: 963M (99%), Immediate: 786M (80%), CSet: 177M (18%)
[2026-04-03T02:38:13.859+0600][78.215s][info][gc,ergo     ] GC(72) Pacer for Evacuation. Used CSet: 184M, Free: 1094M, Non-Taxable: 109M, Alloc Tax Rate: 1.1x
[2026-04-03T02:38:13.859+0600][78.215s][info][gc          ] GC(72) Pause Final Mark (unload classes) 0.851ms
[2026-04-03T02:38:13.859+0600][78.215s][info][gc,start    ] GC(72) Concurrent thread roots
[2026-04-03T02:38:13.859+0600][78.216s][info][gc,task     ] GC(72) Using 3 of 6 workers for Concurrent thread roots
[2026-04-03T02:38:13.860+0600][78.216s][info][gc          ] GC(72) Concurrent thread roots 1.016ms
[2026-04-03T02:38:13.860+0600][78.217s][info][gc,start    ] GC(72) Concurrent weak references
[2026-04-03T02:38:13.860+0600][78.217s][info][gc,task     ] GC(72) Using 3 of 6 workers for concurrent weak references
[2026-04-03T02:38:13.861+0600][78.217s][info][gc,ref      ] GC(72) Encountered references: Soft: 3787, Weak: 16803, Final: 84, Phantom: 620
[2026-04-03T02:38:13.861+0600][78.218s][info][gc,ref      ] GC(72) Discovered  references: Soft: 0, Weak: 10328, Final: 84, Phantom: 596
[2026-04-03T02:38:13.861+0600][78.218s][info][gc,ref      ] GC(72) Enqueued    references: Soft: 0, Weak: 2279, Final: 0, Phantom: 0
[2026-04-03T02:38:13.861+0600][78.218s][info][gc          ] GC(72) Concurrent weak references 1.043ms
[2026-04-03T02:38:13.861+0600][78.218s][info][gc,start    ] GC(72) Concurrent weak roots
[2026-04-03T02:38:13.861+0600][78.218s][info][gc,task     ] GC(72) Using 3 of 6 workers for concurrent weak root
[2026-04-03T02:38:13.868+0600][78.224s][info][gc          ] GC(72) Concurrent weak roots 6.166ms
[2026-04-03T02:38:13.868+0600][78.224s][info][gc,start    ] GC(72) Concurrent cleanup
[2026-04-03T02:38:13.869+0600][78.225s][info][gc          ] GC(72) Concurrent cleanup 1125M->339M(1279M) 1.068ms
[2026-04-03T02:38:13.869+0600][78.225s][info][gc,ergo     ] GC(72) Free: 1076M, Max: 512K regular, 204M humongous, Frag: 81% external, 0% internal; Reserve: 76475K, Max: 512K
[2026-04-03T02:38:13.869+0600][78.225s][info][gc,start    ] GC(72) Concurrent class unloading
[2026-04-03T02:38:13.869+0600][78.225s][info][gc,task     ] GC(72) Using 3 of 6 workers for concurrent class unloading
[2026-04-03T02:38:13.888+0600][78.244s][info][gc          ] GC(72) Concurrent class unloading 19.351ms
[2026-04-03T02:38:13.888+0600][78.245s][info][gc,start    ] GC(72) Concurrent strong roots
[2026-04-03T02:38:13.888+0600][78.245s][info][gc,task     ] GC(72) Using 3 of 6 workers for concurrent strong root
[2026-04-03T02:38:13.890+0600][78.246s][info][gc          ] GC(72) Concurrent strong roots 1.661ms
[2026-04-03T02:38:13.890+0600][78.246s][info][gc,start    ] GC(72) Concurrent evacuation
[2026-04-03T02:38:13.890+0600][78.246s][info][gc,task     ] GC(72) Using 3 of 6 workers for concurrent evacuation
[2026-04-03T02:38:13.893+0600][78.250s][info][gc          ] GC(72) Concurrent evacuation 3.370ms
[2026-04-03T02:38:13.894+0600][78.250s][info][gc,start    ] GC(72) Pause Init Update Refs
[2026-04-03T02:38:13.894+0600][78.250s][info][gc,ergo     ] GC(72) Pacer for Update Refs. Used: 353M, Free: 1070M, Non-Taxable: 107M, Alloc Tax Rate: 1.1x
[2026-04-03T02:38:13.894+0600][78.250s][info][gc          ] GC(72) Pause Init Update Refs 0.159ms
[2026-04-03T02:38:13.894+0600][78.250s][info][gc,start    ] GC(72) Concurrent update references
[2026-04-03T02:38:13.894+0600][78.250s][info][gc,task     ] GC(72) Using 3 of 6 workers for concurrent reference update
[2026-04-03T02:38:13.942+0600][78.298s][info][gc          ] GC(72) Concurrent update references 47.608ms
[2026-04-03T02:38:13.942+0600][78.298s][info][gc,start    ] GC(72) Concurrent update thread roots
[2026-04-03T02:38:13.944+0600][78.300s][info][gc          ] GC(72) Concurrent update thread roots 1.836ms
[2026-04-03T02:38:13.945+0600][78.301s][info][gc,start    ] GC(72) Pause Final Update Refs
[2026-04-03T02:38:13.945+0600][78.301s][info][gc,task     ] GC(72) Using 6 of 6 workers for final reference update
[2026-04-03T02:38:13.945+0600][78.301s][info][gc          ] GC(72) Pause Final Update Refs 0.216ms
[2026-04-03T02:38:13.945+0600][78.302s][info][gc,start    ] GC(72) Concurrent cleanup
[2026-04-03T02:38:13.946+0600][78.302s][info][gc          ] GC(72) Concurrent cleanup 583M->411M(1279M) 0.720ms
[2026-04-03T02:38:13.946+0600][78.302s][info][gc,ergo     ] Free: 976M, Max: 512K regular, 485M humongous, Frag: 51% external, 0% internal; Reserve: 76800K, Max: 512K
[2026-04-03T02:38:13.946+0600][78.302s][info][gc,stats    ] 
[2026-04-03T02:38:13.946+0600][78.302s][info][gc,stats    ] All times are wall-clock times, except per-root-class counters, that are sum over
[2026-04-03T02:38:13.946+0600][78.302s][info][gc,stats    ] all workers. Dividing the <total> over the root stage time estimates parallelism.
[2026-04-03T02:38:13.946+0600][78.302s][info][gc,stats    ] 
[2026-04-03T02:38:13.946+0600][78.302s][info][gc,stats    ] Concurrent Reset                   3411 us
[2026-04-03T02:38:13.946+0600][78.302s][info][gc,stats    ] Pause Init Mark (G)                 628 us
[2026-04-03T02:38:13.946+0600][78.302s][info][gc,stats    ] Pause Init Mark (N)                 181 us
[2026-04-03T02:38:13.946+0600][78.303s][info][gc,stats    ]   Update Region States               40 us
[2026-04-03T02:38:13.946+0600][78.303s][info][gc,stats    ] Concurrent Mark Roots              1719 us, parallelism: 1.82x
[2026-04-03T02:38:13.946+0600][78.303s][info][gc,stats    ]   CMR: <total>                     3130 us
[2026-04-03T02:38:13.946+0600][78.303s][info][gc,stats    ]   CMR: Thread Roots                2794 us, workers (us): 1021, 1026, 747, ---, ---, ---, 
[2026-04-03T02:38:13.946+0600][78.303s][info][gc,stats    ]   CMR: VM Strong Roots               48 us, workers (us):  29,  18,   1, ---, ---, ---, 
[2026-04-03T02:38:13.946+0600][78.303s][info][gc,stats    ]   CMR: CLDG Roots                   287 us, workers (us): ---, ---, 287, ---, ---, ---, 
[2026-04-03T02:38:13.946+0600][78.303s][info][gc,stats    ] Concurrent Marking                63055 us
[2026-04-03T02:38:13.946+0600][78.303s][info][gc,stats    ] Pause Final Mark (G)               1101 us
[2026-04-03T02:38:13.946+0600][78.303s][info][gc,stats    ] Pause Final Mark (N)                863 us
[2026-04-03T02:38:13.946+0600][78.303s][info][gc,stats    ]   Finish Mark                       332 us
[2026-04-03T02:38:13.946+0600][78.303s][info][gc,stats    ]   Update Region States               47 us
[2026-04-03T02:38:13.946+0600][78.303s][info][gc,stats    ]   Choose Collection Set             249 us
[2026-04-03T02:38:13.946+0600][78.303s][info][gc,stats    ]   Rebuild Free Set                   44 us
[2026-04-03T02:38:13.946+0600][78.303s][info][gc,stats    ] Concurrent Thread Roots            1059 us, parallelism: 2.19x
[2026-04-03T02:38:13.946+0600][78.303s][info][gc,stats    ]   CTR: <total>                     2318 us
[2026-04-03T02:38:13.946+0600][78.303s][info][gc,stats    ]   CTR: Thread Roots                2318 us, workers (us): 791, 769, 757, ---, ---, ---, 
[2026-04-03T02:38:13.946+0600][78.303s][info][gc,stats    ] Concurrent Weak References         1056 us, parallelism: 1.28x
[2026-04-03T02:38:13.946+0600][78.303s][info][gc,stats    ]   CWRF: <total>                    1349 us
[2026-04-03T02:38:13.946+0600][78.303s][info][gc,stats    ]   CWRF: Weak References            1349 us, workers (us): 635, 713,   1, ---, ---, ---, 
[2026-04-03T02:38:13.946+0600][78.303s][info][gc,stats    ] Concurrent Weak Roots              6283 us
[2026-04-03T02:38:13.946+0600][78.303s][info][gc,stats    ]   Roots                            5648 us, parallelism: 2.71x
[2026-04-03T02:38:13.946+0600][78.303s][info][gc,stats    ]     CWR: <total>                  15305 us
[2026-04-03T02:38:13.946+0600][78.303s][info][gc,stats    ]     CWR: Code Cache Roots         12696 us, workers (us): 4125, 4425, 4146, ---, ---, ---, 
[2026-04-03T02:38:13.946+0600][78.303s][info][gc,stats    ]     CWR: VM Weak Roots             2397 us, workers (us): 806, 801, 790, ---, ---, ---, 
[2026-04-03T02:38:13.946+0600][78.303s][info][gc,stats    ]     CWR: CLDG Roots                 212 us, workers (us): ---, ---, 212, ---, ---, ---, 
[2026-04-03T02:38:13.946+0600][78.303s][info][gc,stats    ]   Rendezvous                        490 us
[2026-04-03T02:38:13.947+0600][78.303s][info][gc,stats    ] Concurrent Cleanup                 1172 us
[2026-04-03T02:38:13.947+0600][78.303s][info][gc,stats    ] Concurrent Class Unloading        19434 us
[2026-04-03T02:38:13.947+0600][78.303s][info][gc,stats    ]   Unlink Stale                    17439 us
[2026-04-03T02:38:13.947+0600][78.303s][info][gc,stats    ]     System Dictionary               293 us
[2026-04-03T02:38:13.947+0600][78.303s][info][gc,stats    ]     Weak Class Links                  0 us
[2026-04-03T02:38:13.947+0600][78.303s][info][gc,stats    ]     Code Roots                    17143 us
[2026-04-03T02:38:13.947+0600][78.303s][info][gc,stats    ]   Rendezvous                        512 us
[2026-04-03T02:38:13.947+0600][78.303s][info][gc,stats    ]   Purge Unlinked                   1356 us
[2026-04-03T02:38:13.947+0600][78.303s][info][gc,stats    ]     Code Roots                     1342 us
[2026-04-03T02:38:13.947+0600][78.303s][info][gc,stats    ]     CLDG                             13 us
[2026-04-03T02:38:13.947+0600][78.303s][info][gc,stats    ]     Exception Caches                  0 us
[2026-04-03T02:38:13.947+0600][78.303s][info][gc,stats    ] Concurrent Strong Roots            1733 us, parallelism: 0.73x
[2026-04-03T02:38:13.947+0600][78.303s][info][gc,stats    ]   CSR: <total>                     1273 us
[2026-04-03T02:38:13.947+0600][78.303s][info][gc,stats    ]   CSR: VM Strong Roots               68 us, workers (us):  51,  11,   5, ---, ---, ---, 
[2026-04-03T02:38:13.947+0600][78.303s][info][gc,stats    ]   CSR: CLDG Roots                  1205 us, workers (us): 1205, ---, ---, ---, ---, ---, 
[2026-04-03T02:38:13.947+0600][78.303s][info][gc,stats    ] Concurrent Evacuation              3453 us
[2026-04-03T02:38:13.947+0600][78.303s][info][gc,stats    ] Pause Init Update Refs (G)          648 us
[2026-04-03T02:38:13.947+0600][78.303s][info][gc,stats    ] Pause Init Update Refs (N)          172 us
[2026-04-03T02:38:13.947+0600][78.303s][info][gc,stats    ]   Manage GCLABs                      56 us
[2026-04-03T02:38:13.947+0600][78.303s][info][gc,stats    ] Concurrent Update Refs            47775 us
[2026-04-03T02:38:13.947+0600][78.303s][info][gc,stats    ] Concurrent Update Thread Roots     1950 us
[2026-04-03T02:38:13.947+0600][78.303s][info][gc,stats    ] Pause Final Update Refs (G)        1470 us
[2026-04-03T02:38:13.947+0600][78.303s][info][gc,stats    ] Pause Final Update Refs (N)         229 us
[2026-04-03T02:38:13.947+0600][78.303s][info][gc,stats    ]   Update Region States               57 us
[2026-04-03T02:38:13.947+0600][78.303s][info][gc,stats    ]   Trash Collection Set               19 us
[2026-04-03T02:38:13.947+0600][78.303s][info][gc,stats    ]   Rebuild Free Set                   50 us
[2026-04-03T02:38:13.947+0600][78.303s][info][gc,stats    ] Concurrent Cleanup                  752 us
[2026-04-03T02:38:13.947+0600][78.303s][info][gc,stats    ] Pacing                           175793 us
[2026-04-03T02:38:13.947+0600][78.303s][info][gc,stats    ] 
[2026-04-03T02:38:13.947+0600][78.303s][info][gc,stats    ] Allocation pacing accrued:
[2026-04-03T02:38:13.947+0600][78.303s][info][gc,stats    ]      21 of   783 ms (  2.7%): dispatcher-BlockManagerMaster
[2026-04-03T02:38:13.947+0600][78.303s][info][gc,stats    ]      22 of   783 ms (  2.9%): Executor task launch worker for task 3.0 in stage 3548.0 (TID 6540)
[2026-04-03T02:38:13.947+0600][78.303s][info][gc,stats    ]      33 of   783 ms (  4.2%): Executor task launch worker for task 0.0 in stage 3548.0 (TID 6537)
[2026-04-03T02:38:13.947+0600][78.303s][info][gc,stats    ]      22 of   783 ms (  2.9%): Executor task launch worker for task 1.0 in stage 3548.0 (TID 6538)
[2026-04-03T02:38:13.947+0600][78.303s][info][gc,stats    ]      11 of   783 ms (  1.4%): Executor task launch worker for task 0.0 in stage 3544.0 (TID 6529)
[2026-04-03T02:38:13.947+0600][78.303s][info][gc,stats    ]      22 of   783 ms (  2.8%): Executor task launch worker for task 2.0 in stage 3548.0 (TID 6539)
[2026-04-03T02:38:13.947+0600][78.303s][info][gc,stats    ]      11 of   783 ms (  1.4%): Executor task launch worker for task 3.0 in stage 3544.0 (TID 6532)
[2026-04-03T02:38:13.947+0600][78.303s][info][gc,stats    ]      11 of   783 ms (  1.4%): Executor task launch worker for task 1.0 in stage 3544.0 (TID 6530)
[2026-04-03T02:38:13.947+0600][78.303s][info][gc,stats    ]      21 of   783 ms (  2.7%): Executor task launch worker for task 2.0 in stage 3544.0 (TID 6531)
[2026-04-03T02:38:13.947+0600][78.303s][info][gc,stats    ]     176 of   783 ms ( 22.4%): <total>
[2026-04-03T02:38:13.947+0600][78.303s][info][gc,stats    ]       1 of   783 ms (  0.1%): <average total>
[2026-04-03T02:38:13.947+0600][78.303s][info][gc,stats    ]      20 of   783 ms (  2.5%): <average non-zero>
[2026-04-03T02:38:13.947+0600][78.303s][info][gc,stats    ] 
[2026-04-03T02:38:13.947+0600][78.303s][info][gc,metaspace] Metaspace: 131819K(133120K)->131822K(133120K) NonClass: 115245K(115840K)->115248K(115840K) Class: 16573K(17280K)->16574K(17280K)
[2026-04-03T02:38:13.947+0600][78.303s][info][gc,ergo     ] Pacer for Idle. Initial: 30720K, Alloc Tax Rate: 1.0x
[2026-04-03T02:38:14.615+0600][78.971s][info][gc          ] Trigger: Average GC time (195.49 ms) is above the time for average allocation rate (1114 MB/s) to deplete free headroom (216M) (margin of error = 1.87)
[2026-04-03T02:38:14.615+0600][78.972s][info][gc,ergo     ] Free headroom: 291M (free) - 76800K (spike) - 0B (penalties) = 216M
[2026-04-03T02:38:14.615+0600][78.972s][info][gc,ergo     ] Free: 290M, Max: 512K regular, 202M humongous, Frag: 31% external, 0% internal; Reserve: 76800K, Max: 512K
[2026-04-03T02:38:14.615+0600][78.972s][info][gc,start    ] GC(73) Concurrent reset
[2026-04-03T02:38:14.615+0600][78.972s][info][gc,task     ] GC(73) Using 3 of 6 workers for concurrent reset
[2026-04-03T02:38:14.615+0600][78.972s][info][gc,ergo     ] GC(73) Pacer for Reset. Non-Taxable: 1500M
[2026-04-03T02:38:14.618+0600][78.974s][info][gc          ] GC(73) Concurrent reset 2.242ms
[2026-04-03T02:38:14.618+0600][78.974s][info][gc,start    ] GC(73) Pause Init Mark (unload classes)
[2026-04-03T02:38:14.618+0600][78.974s][info][gc,task     ] GC(73) Using 6 of 6 workers for init marking
[2026-04-03T02:38:14.618+0600][78.974s][info][gc,ergo     ] GC(73) Pacer for Mark. Expected Live: 97263K, Free: 287M, Non-Taxable: 29476K, Alloc Tax Rate: 0.4x
[2026-04-03T02:38:14.618+0600][78.974s][info][gc          ] GC(73) Pause Init Mark (unload classes) 0.137ms
[2026-04-03T02:38:14.618+0600][78.975s][info][gc,start    ] GC(73) Concurrent marking roots
[2026-04-03T02:38:14.618+0600][78.975s][info][gc,task     ] GC(73) Using 3 of 6 workers for concurrent marking roots
[2026-04-03T02:38:14.620+0600][78.976s][info][gc          ] GC(73) Concurrent marking roots 1.732ms
[2026-04-03T02:38:14.620+0600][78.976s][info][gc,start    ] GC(73) Concurrent marking (unload classes)
[2026-04-03T02:38:14.620+0600][78.976s][info][gc,task     ] GC(73) Using 3 of 6 workers for concurrent marking
[2026-04-03T02:38:14.695+0600][79.051s][info][gc          ] GC(73) Concurrent marking (unload classes) 74.660ms
[2026-04-03T02:38:14.695+0600][79.051s][info][gc,start    ] GC(73) Pause Final Mark (unload classes)
[2026-04-03T02:38:14.695+0600][79.051s][info][gc,task     ] GC(73) Using 6 of 6 workers for final marking
[2026-04-03T02:38:14.696+0600][79.052s][info][gc,ergo     ] GC(73) Adaptive CSet Selection. Target Free: 212M, Actual Free: 1027M, Max CSet: 64000K, Min Garbage: 0B
[2026-04-03T02:38:14.696+0600][79.052s][info][gc,ergo     ] GC(73) Collectable Garbage: 938M (99%), Immediate: 715M (75%), CSet: 223M (23%)
[2026-04-03T02:38:14.696+0600][79.052s][info][gc,ergo     ] GC(73) Pacer for Evacuation. Used CSet: 231M, Free: 1047M, Non-Taxable: 104M, Alloc Tax Rate: 1.1x
[2026-04-03T02:38:14.696+0600][79.052s][info][gc          ] GC(73) Pause Final Mark (unload classes) 0.738ms
[2026-04-03T02:38:14.696+0600][79.052s][info][gc,start    ] GC(73) Concurrent thread roots
[2026-04-03T02:38:14.696+0600][79.052s][info][gc,task     ] GC(73) Using 3 of 6 workers for Concurrent thread roots
[2026-04-03T02:38:14.697+0600][79.053s][info][gc          ] GC(73) Concurrent thread roots 1.297ms
[2026-04-03T02:38:14.697+0600][79.054s][info][gc,start    ] GC(73) Concurrent weak references
[2026-04-03T02:38:14.697+0600][79.054s][info][gc,task     ] GC(73) Using 3 of 6 workers for concurrent weak references
[2026-04-03T02:38:14.699+0600][79.055s][info][gc,ref      ] GC(73) Encountered references: Soft: 3792, Weak: 15600, Final: 84, Phantom: 620
[2026-04-03T02:38:14.699+0600][79.055s][info][gc,ref      ] GC(73) Discovered  references: Soft: 0, Weak: 8921, Final: 48, Phantom: 220
[2026-04-03T02:38:14.699+0600][79.055s][info][gc,ref      ] GC(73) Enqueued    references: Soft: 0, Weak: 625, Final: 0, Phantom: 0
[2026-04-03T02:38:14.699+0600][79.055s][info][gc          ] GC(73) Concurrent weak references 1.396ms
[2026-04-03T02:38:14.699+0600][79.055s][info][gc,start    ] GC(73) Concurrent weak roots
[2026-04-03T02:38:14.699+0600][79.055s][info][gc,task     ] GC(73) Using 3 of 6 workers for concurrent weak root
[2026-04-03T02:38:14.705+0600][79.061s][info][gc          ] GC(73) Concurrent weak roots 5.866ms
[2026-04-03T02:38:14.705+0600][79.061s][info][gc,start    ] GC(73) Concurrent cleanup
[2026-04-03T02:38:14.706+0600][79.062s][info][gc          ] GC(73) Concurrent cleanup 1095M->380M(1279M) 0.982ms
[2026-04-03T02:38:14.706+0600][79.062s][info][gc,ergo     ] GC(73) Free: 1035M, Max: 512K regular, 202M humongous, Frag: 81% external, 0% internal; Reserve: 76437K, Max: 512K
[2026-04-03T02:38:14.706+0600][79.062s][info][gc,start    ] GC(73) Concurrent class unloading
[2026-04-03T02:38:14.706+0600][79.062s][info][gc,task     ] GC(73) Using 3 of 6 workers for concurrent class unloading
[2026-04-03T02:38:14.725+0600][79.081s][info][gc          ] GC(73) Concurrent class unloading 19.490ms
[2026-04-03T02:38:14.725+0600][79.082s][info][gc,start    ] GC(73) Concurrent strong roots
[2026-04-03T02:38:14.725+0600][79.082s][info][gc,task     ] GC(73) Using 3 of 6 workers for concurrent strong root
[2026-04-03T02:38:14.727+0600][79.083s][info][gc          ] GC(73) Concurrent strong roots 1.413ms
[2026-04-03T02:38:14.727+0600][79.083s][info][gc,start    ] GC(73) Concurrent evacuation
[2026-04-03T02:38:14.727+0600][79.083s][info][gc,task     ] GC(73) Using 3 of 6 workers for concurrent evacuation
[2026-04-03T02:38:14.732+0600][79.088s][info][gc          ] GC(73) Concurrent evacuation 5.017ms
[2026-04-03T02:38:14.732+0600][79.088s][info][gc,start    ] GC(73) Pause Init Update Refs
[2026-04-03T02:38:14.732+0600][79.088s][info][gc,ergo     ] GC(73) Pacer for Update Refs. Used: 407M, Free: 1015M, Non-Taxable: 101M, Alloc Tax Rate: 1.1x
[2026-04-03T02:38:14.732+0600][79.088s][info][gc          ] GC(73) Pause Init Update Refs 0.080ms
[2026-04-03T02:38:14.732+0600][79.089s][info][gc,start    ] GC(73) Concurrent update references
[2026-04-03T02:38:14.732+0600][79.089s][info][gc,task     ] GC(73) Using 3 of 6 workers for concurrent reference update
[2026-04-03T02:38:14.790+0600][79.146s][info][gc          ] GC(73) Concurrent update references 57.345ms
[2026-04-03T02:38:14.790+0600][79.146s][info][gc,start    ] GC(73) Concurrent update thread roots
[2026-04-03T02:38:14.792+0600][79.148s][info][gc          ] GC(73) Concurrent update thread roots 1.927ms
[2026-04-03T02:38:14.792+0600][79.148s][info][gc,start    ] GC(73) Pause Final Update Refs
[2026-04-03T02:38:14.792+0600][79.148s][info][gc,task     ] GC(73) Using 6 of 6 workers for final reference update
[2026-04-03T02:38:14.792+0600][79.148s][info][gc          ] GC(73) Pause Final Update Refs 0.243ms
[2026-04-03T02:38:14.792+0600][79.149s][info][gc,start    ] GC(73) Concurrent cleanup
[2026-04-03T02:38:14.793+0600][79.149s][info][gc          ] GC(73) Concurrent cleanup 455M->223M(1279M) 0.775ms
[2026-04-03T02:38:14.793+0600][79.149s][info][gc,ergo     ] Free: 1185M, Max: 512K regular, 708M humongous, Frag: 41% external, 0% internal; Reserve: 76800K, Max: 512K
[2026-04-03T02:38:14.793+0600][79.150s][info][gc,stats    ] 
[2026-04-03T02:38:14.793+0600][79.150s][info][gc,stats    ] All times are wall-clock times, except per-root-class counters, that are sum over
[2026-04-03T02:38:14.793+0600][79.150s][info][gc,stats    ] all workers. Dividing the <total> over the root stage time estimates parallelism.
[2026-04-03T02:38:14.793+0600][79.150s][info][gc,stats    ] 
[2026-04-03T02:38:14.793+0600][79.150s][info][gc,stats    ] Concurrent Reset                   2336 us
[2026-04-03T02:38:14.793+0600][79.150s][info][gc,stats    ] Pause Init Mark (G)                 525 us
[2026-04-03T02:38:14.793+0600][79.150s][info][gc,stats    ] Pause Init Mark (N)                 147 us
[2026-04-03T02:38:14.793+0600][79.150s][info][gc,stats    ]   Update Region States               31 us
[2026-04-03T02:38:14.793+0600][79.150s][info][gc,stats    ] Concurrent Mark Roots              1778 us, parallelism: 1.97x
[2026-04-03T02:38:14.793+0600][79.150s][info][gc,stats    ]   CMR: <total>                     3511 us
[2026-04-03T02:38:14.793+0600][79.150s][info][gc,stats    ]   CMR: Thread Roots                3000 us, workers (us): 1205, 779, 1016, ---, ---, ---, 
[2026-04-03T02:38:14.793+0600][79.150s][info][gc,stats    ]   CMR: VM Strong Roots               67 us, workers (us):  46,  20,   1, ---, ---, ---, 
[2026-04-03T02:38:14.793+0600][79.150s][info][gc,stats    ]   CMR: CLDG Roots                   445 us, workers (us): ---, 445, ---, ---, ---, ---, 
[2026-04-03T02:38:14.794+0600][79.150s][info][gc,stats    ] Concurrent Marking                74759 us
[2026-04-03T02:38:14.794+0600][79.150s][info][gc,stats    ] Pause Final Mark (G)               1111 us
[2026-04-03T02:38:14.794+0600][79.150s][info][gc,stats    ] Pause Final Mark (N)                751 us
[2026-04-03T02:38:14.794+0600][79.150s][info][gc,stats    ]   Finish Mark                       210 us
[2026-04-03T02:38:14.794+0600][79.150s][info][gc,stats    ]   Update Region States               51 us
[2026-04-03T02:38:14.794+0600][79.150s][info][gc,stats    ]   Choose Collection Set             246 us
[2026-04-03T02:38:14.794+0600][79.150s][info][gc,stats    ]   Rebuild Free Set                   56 us
[2026-04-03T02:38:14.794+0600][79.150s][info][gc,stats    ] Concurrent Thread Roots            1356 us, parallelism: 2.31x
[2026-04-03T02:38:14.794+0600][79.150s][info][gc,stats    ]   CTR: <total>                     3137 us
[2026-04-03T02:38:14.794+0600][79.150s][info][gc,stats    ]   CTR: Thread Roots                3137 us, workers (us): 1040, 1052, 1045, ---, ---, ---, 
[2026-04-03T02:38:14.794+0600][79.150s][info][gc,stats    ] Concurrent Weak References         1432 us, parallelism: 0.93x
[2026-04-03T02:38:14.794+0600][79.150s][info][gc,stats    ]   CWRF: <total>                    1337 us
[2026-04-03T02:38:14.794+0600][79.150s][info][gc,stats    ]   CWRF: Weak References            1337 us, workers (us): 206, 1131,   0, ---, ---, ---, 
[2026-04-03T02:38:14.794+0600][79.150s][info][gc,stats    ] Concurrent Weak Roots              5942 us
[2026-04-03T02:38:14.794+0600][79.150s][info][gc,stats    ]   Roots                            5410 us, parallelism: 2.77x
[2026-04-03T02:38:14.794+0600][79.150s][info][gc,stats    ]     CWR: <total>                  14964 us
[2026-04-03T02:38:14.794+0600][79.150s][info][gc,stats    ]     CWR: Code Cache Roots         11875 us, workers (us): 4052, 3927, 3896, ---, ---, ---, 
[2026-04-03T02:38:14.794+0600][79.150s][info][gc,stats    ]     CWR: VM Weak Roots             2907 us, workers (us): 975, 971, 961, ---, ---, ---, 
[2026-04-03T02:38:14.794+0600][79.150s][info][gc,stats    ]     CWR: CLDG Roots                 182 us, workers (us): ---, ---, 182, ---, ---, ---, 
[2026-04-03T02:38:14.794+0600][79.150s][info][gc,stats    ]   Rendezvous                        416 us
[2026-04-03T02:38:14.794+0600][79.150s][info][gc,stats    ] Concurrent Cleanup                 1040 us
[2026-04-03T02:38:14.794+0600][79.150s][info][gc,stats    ] Concurrent Class Unloading        19598 us
[2026-04-03T02:38:14.794+0600][79.150s][info][gc,stats    ]   Unlink Stale                    16595 us
[2026-04-03T02:38:14.794+0600][79.150s][info][gc,stats    ]     System Dictionary               295 us
[2026-04-03T02:38:14.794+0600][79.150s][info][gc,stats    ]     Weak Class Links                  1 us
[2026-04-03T02:38:14.794+0600][79.150s][info][gc,stats    ]     Code Roots                    16296 us
[2026-04-03T02:38:14.794+0600][79.150s][info][gc,stats    ]   Rendezvous                        316 us
[2026-04-03T02:38:14.794+0600][79.150s][info][gc,stats    ]   Purge Unlinked                   2542 us
[2026-04-03T02:38:14.794+0600][79.150s][info][gc,stats    ]     Code Roots                     2526 us
[2026-04-03T02:38:14.794+0600][79.150s][info][gc,stats    ]     CLDG                             15 us
[2026-04-03T02:38:14.794+0600][79.150s][info][gc,stats    ]     Exception Caches                  0 us
[2026-04-03T02:38:14.794+0600][79.150s][info][gc,stats    ] Concurrent Strong Roots            1484 us, parallelism: 0.64x
[2026-04-03T02:38:14.794+0600][79.150s][info][gc,stats    ]   CSR: <total>                      954 us
[2026-04-03T02:38:14.794+0600][79.150s][info][gc,stats    ]   CSR: VM Strong Roots               83 us, workers (us):  44,  39,   0, ---, ---, ---, 
[2026-04-03T02:38:14.794+0600][79.150s][info][gc,stats    ]   CSR: CLDG Roots                   871 us, workers (us): 871, ---, ---, ---, ---, ---, 
[2026-04-03T02:38:14.794+0600][79.150s][info][gc,stats    ] Concurrent Evacuation              5100 us
[2026-04-03T02:38:14.794+0600][79.150s][info][gc,stats    ] Pause Init Update Refs (G)          356 us
[2026-04-03T02:38:14.794+0600][79.150s][info][gc,stats    ] Pause Init Update Refs (N)           92 us
[2026-04-03T02:38:14.794+0600][79.150s][info][gc,stats    ]   Manage GCLABs                      34 us
[2026-04-03T02:38:14.794+0600][79.150s][info][gc,stats    ] Concurrent Update Refs            57481 us
[2026-04-03T02:38:14.794+0600][79.150s][info][gc,stats    ] Concurrent Update Thread Roots     2023 us
[2026-04-03T02:38:14.794+0600][79.150s][info][gc,stats    ] Pause Final Update Refs (G)         556 us
[2026-04-03T02:38:14.794+0600][79.150s][info][gc,stats    ] Pause Final Update Refs (N)         261 us
[2026-04-03T02:38:14.794+0600][79.150s][info][gc,stats    ]   Update Region States               90 us
[2026-04-03T02:38:14.794+0600][79.150s][info][gc,stats    ]   Trash Collection Set               23 us
[2026-04-03T02:38:14.794+0600][79.150s][info][gc,stats    ]   Rebuild Free Set                   50 us
[2026-04-03T02:38:14.794+0600][79.150s][info][gc,stats    ] Concurrent Cleanup                  812 us
[2026-04-03T02:38:14.794+0600][79.150s][info][gc,stats    ] Pacing                           214802 us
[2026-04-03T02:38:14.794+0600][79.150s][info][gc,stats    ] 
[2026-04-03T02:38:14.794+0600][79.150s][info][gc,stats    ] Allocation pacing accrued:
[2026-04-03T02:38:14.794+0600][79.150s][info][gc,stats    ]      23 of   847 ms (  2.7%): Executor task launch worker for task 7.0 in stage 3579.0 (TID 6660)
[2026-04-03T02:38:14.794+0600][79.150s][info][gc,stats    ]      29 of   847 ms (  3.4%): Executor task launch worker for task 5.0 in stage 3579.0 (TID 6658)
[2026-04-03T02:38:14.794+0600][79.150s][info][gc,stats    ]      21 of   847 ms (  2.5%): Executor task launch worker for task 0.0 in stage 3579.0 (TID 6653)
[2026-04-03T02:38:14.794+0600][79.151s][info][gc,stats    ]      28 of   847 ms (  3.3%): Executor task launch worker for task 2.0 in stage 3579.0 (TID 6655)
[2026-04-03T02:38:14.794+0600][79.151s][info][gc,stats    ]      29 of   847 ms (  3.4%): Executor task launch worker for task 4.0 in stage 3579.0 (TID 6657)
[2026-04-03T02:38:14.794+0600][79.151s][info][gc,stats    ]      28 of   847 ms (  3.3%): Executor task launch worker for task 1.0 in stage 3579.0 (TID 6654)
[2026-04-03T02:38:14.794+0600][79.151s][info][gc,stats    ]      29 of   847 ms (  3.4%): Executor task launch worker for task 6.0 in stage 3579.0 (TID 6659)
[2026-04-03T02:38:14.794+0600][79.151s][info][gc,stats    ]      29 of   847 ms (  3.4%): Executor task launch worker for task 3.0 in stage 3579.0 (TID 6656)
[2026-04-03T02:38:14.794+0600][79.151s][info][gc,stats    ]     215 of   847 ms ( 25.3%): <total>
[2026-04-03T02:38:14.794+0600][79.151s][info][gc,stats    ]       1 of   847 ms (  0.1%): <average total>
[2026-04-03T02:38:14.794+0600][79.151s][info][gc,stats    ]      27 of   847 ms (  3.2%): <average non-zero>
[2026-04-03T02:38:14.794+0600][79.151s][info][gc,stats    ] 
[2026-04-03T02:38:14.794+0600][79.151s][info][gc,metaspace] Metaspace: 131843K(133120K)->131843K(133120K) NonClass: 115268K(115840K)->115268K(115840K) Class: 16574K(17280K)->16574K(17280K)
[2026-04-03T02:38:14.794+0600][79.151s][info][gc,ergo     ] Pacer for Idle. Initial: 30720K, Alloc Tax Rate: 1.0x
[2026-04-03T02:38:15.673+0600][80.030s][info][gc          ] Trigger: Average GC time (194.16 ms) is above the time for average allocation rate (1063 MB/s) to deplete free headroom (205M) (margin of error = 1.87)
[2026-04-03T02:38:15.673+0600][80.030s][info][gc,ergo     ] Free headroom: 280M (free) - 76800K (spike) - 0B (penalties) = 205M
[2026-04-03T02:38:15.673+0600][80.030s][info][gc,ergo     ] Free: 280M, Max: 512K regular, 254M humongous, Frag: 9% external, 0% internal; Reserve: 76800K, Max: 512K
[2026-04-03T02:38:15.673+0600][80.030s][info][gc,start    ] GC(74) Concurrent reset
[2026-04-03T02:38:15.673+0600][80.030s][info][gc,task     ] GC(74) Using 3 of 6 workers for concurrent reset
[2026-04-03T02:38:15.673+0600][80.030s][info][gc,ergo     ] GC(74) Pacer for Reset. Non-Taxable: 1500M
[2026-04-03T02:38:15.677+0600][80.033s][info][gc          ] GC(74) Concurrent reset 3.763ms
[2026-04-03T02:38:15.677+0600][80.034s][info][gc,start    ] GC(74) Pause Init Mark (unload classes)
[2026-04-03T02:38:15.678+0600][80.034s][info][gc,task     ] GC(74) Using 6 of 6 workers for init marking
[2026-04-03T02:38:15.678+0600][80.034s][info][gc,ergo     ] GC(74) Pacer for Mark. Expected Live: 97009K, Free: 275M, Non-Taxable: 28195K, Alloc Tax Rate: 0.4x
[2026-04-03T02:38:15.678+0600][80.034s][info][gc          ] GC(74) Pause Init Mark (unload classes) 0.125ms
[2026-04-03T02:38:15.678+0600][80.034s][info][gc,start    ] GC(74) Concurrent marking roots
[2026-04-03T02:38:15.678+0600][80.034s][info][gc,task     ] GC(74) Using 3 of 6 workers for concurrent marking roots
[2026-04-03T02:38:15.680+0600][80.036s][info][gc          ] GC(74) Concurrent marking roots 1.818ms
[2026-04-03T02:38:15.680+0600][80.036s][info][gc,start    ] GC(74) Concurrent marking (unload classes)
[2026-04-03T02:38:15.680+0600][80.036s][info][gc,task     ] GC(74) Using 3 of 6 workers for concurrent marking
[2026-04-03T02:38:15.746+0600][80.103s][info][gc          ] GC(74) Concurrent marking (unload classes) 66.741ms
[2026-04-03T02:38:15.746+0600][80.103s][info][gc,start    ] GC(74) Pause Final Mark (unload classes)
[2026-04-03T02:38:15.746+0600][80.103s][info][gc,task     ] GC(74) Using 6 of 6 workers for final marking
[2026-04-03T02:38:15.747+0600][80.103s][info][gc,ergo     ] GC(74) Adaptive CSet Selection. Target Free: 212M, Actual Free: 1060M, Max CSet: 64000K, Min Garbage: 0B
[2026-04-03T02:38:15.747+0600][80.103s][info][gc,ergo     ] GC(74) Collectable Garbage: 951M (99%), Immediate: 757M (78%), CSet: 194M (20%)
[2026-04-03T02:38:15.747+0600][80.103s][info][gc,ergo     ] GC(74) Pacer for Evacuation. Used CSet: 201M, Free: 1081M, Non-Taxable: 108M, Alloc Tax Rate: 1.1x
[2026-04-03T02:38:15.747+0600][80.103s][info][gc          ] GC(74) Pause Final Mark (unload classes) 0.628ms
[2026-04-03T02:38:15.747+0600][80.103s][info][gc,start    ] GC(74) Concurrent thread roots
[2026-04-03T02:38:15.747+0600][80.104s][info][gc,task     ] GC(74) Using 3 of 6 workers for Concurrent thread roots
[2026-04-03T02:38:15.748+0600][80.105s][info][gc          ] GC(74) Concurrent thread roots 1.108ms
[2026-04-03T02:38:15.748+0600][80.105s][info][gc,start    ] GC(74) Concurrent weak references
[2026-04-03T02:38:15.748+0600][80.105s][info][gc,task     ] GC(74) Using 3 of 6 workers for concurrent weak references
[2026-04-03T02:38:15.749+0600][80.106s][info][gc,ref      ] GC(74) Encountered references: Soft: 3788, Weak: 16463, Final: 84, Phantom: 620
[2026-04-03T02:38:15.750+0600][80.106s][info][gc,ref      ] GC(74) Discovered  references: Soft: 0, Weak: 9884, Final: 84, Phantom: 594
[2026-04-03T02:38:15.750+0600][80.106s][info][gc,ref      ] GC(74) Enqueued    references: Soft: 0, Weak: 1627, Final: 0, Phantom: 0
[2026-04-03T02:38:15.750+0600][80.106s][info][gc          ] GC(74) Concurrent weak references 1.165ms
[2026-04-03T02:38:15.750+0600][80.106s][info][gc,start    ] GC(74) Concurrent weak roots
[2026-04-03T02:38:15.750+0600][80.106s][info][gc,task     ] GC(74) Using 3 of 6 workers for concurrent weak root
[2026-04-03T02:38:15.755+0600][80.111s][info][gc          ] GC(74) Concurrent weak roots 5.156ms
[2026-04-03T02:38:15.755+0600][80.111s][info][gc,start    ] GC(74) Concurrent cleanup
[2026-04-03T02:38:15.756+0600][80.112s][info][gc          ] GC(74) Concurrent cleanup 1095M->337M(1279M) 0.769ms
[2026-04-03T02:38:15.756+0600][80.112s][info][gc,ergo     ] GC(74) Free: 1079M, Max: 512K regular, 227M humongous, Frag: 79% external, 0% internal; Reserve: 76216K, Max: 512K
[2026-04-03T02:38:15.756+0600][80.112s][info][gc,start    ] GC(74) Concurrent class unloading
[2026-04-03T02:38:15.756+0600][80.112s][info][gc,task     ] GC(74) Using 3 of 6 workers for concurrent class unloading
[2026-04-03T02:38:15.777+0600][80.133s][info][gc          ] GC(74) Concurrent class unloading 20.837ms
[2026-04-03T02:38:15.777+0600][80.133s][info][gc,start    ] GC(74) Concurrent strong roots
[2026-04-03T02:38:15.777+0600][80.133s][info][gc,task     ] GC(74) Using 3 of 6 workers for concurrent strong root
[2026-04-03T02:38:15.779+0600][80.135s][info][gc          ] GC(74) Concurrent strong roots 2.121ms
[2026-04-03T02:38:15.779+0600][80.135s][info][gc,start    ] GC(74) Concurrent evacuation
[2026-04-03T02:38:15.779+0600][80.135s][info][gc,task     ] GC(74) Using 3 of 6 workers for concurrent evacuation
[2026-04-03T02:38:15.786+0600][80.142s][info][gc          ] GC(74) Concurrent evacuation 7.166ms
[2026-04-03T02:38:15.786+0600][80.143s][info][gc,start    ] GC(74) Pause Init Update Refs
[2026-04-03T02:38:15.787+0600][80.143s][info][gc,ergo     ] GC(74) Pacer for Update Refs. Used: 363M, Free: 1061M, Non-Taxable: 106M, Alloc Tax Rate: 1.1x
[2026-04-03T02:38:15.787+0600][80.143s][info][gc          ] GC(74) Pause Init Update Refs 0.167ms
[2026-04-03T02:38:15.787+0600][80.143s][info][gc,start    ] GC(74) Concurrent update references
[2026-04-03T02:38:15.787+0600][80.143s][info][gc,task     ] GC(74) Using 3 of 6 workers for concurrent reference update
[2026-04-03T02:38:15.838+0600][80.194s][info][gc          ] GC(74) Concurrent update references 50.940ms
[2026-04-03T02:38:15.838+0600][80.194s][info][gc,start    ] GC(74) Concurrent update thread roots
[2026-04-03T02:38:15.840+0600][80.196s][info][gc          ] GC(74) Concurrent update thread roots 1.879ms
[2026-04-03T02:38:15.840+0600][80.196s][info][gc,start    ] GC(74) Pause Final Update Refs
[2026-04-03T02:38:15.840+0600][80.196s][info][gc,task     ] GC(74) Using 6 of 6 workers for final reference update
[2026-04-03T02:38:15.840+0600][80.196s][info][gc          ] GC(74) Pause Final Update Refs 0.227ms
[2026-04-03T02:38:15.840+0600][80.196s][info][gc,start    ] GC(74) Concurrent cleanup
[2026-04-03T02:38:15.841+0600][80.197s][info][gc          ] GC(74) Concurrent cleanup 405M->203M(1279M) 0.706ms
[2026-04-03T02:38:15.841+0600][80.197s][info][gc,ergo     ] Free: 1208M, Max: 512K regular, 782M humongous, Frag: 36% external, 0% internal; Reserve: 76800K, Max: 512K
[2026-04-03T02:38:15.841+0600][80.197s][info][gc,stats    ] 
[2026-04-03T02:38:15.841+0600][80.197s][info][gc,stats    ] All times are wall-clock times, except per-root-class counters, that are sum over
[2026-04-03T02:38:15.841+0600][80.197s][info][gc,stats    ] all workers. Dividing the <total> over the root stage time estimates parallelism.
[2026-04-03T02:38:15.841+0600][80.197s][info][gc,stats    ] 
[2026-04-03T02:38:15.841+0600][80.197s][info][gc,stats    ] Concurrent Reset                   3831 us
[2026-04-03T02:38:15.841+0600][80.197s][info][gc,stats    ] Pause Init Mark (G)                 388 us
[2026-04-03T02:38:15.841+0600][80.197s][info][gc,stats    ] Pause Init Mark (N)                 135 us
[2026-04-03T02:38:15.841+0600][80.197s][info][gc,stats    ]   Update Region States               31 us
[2026-04-03T02:38:15.841+0600][80.197s][info][gc,stats    ] Concurrent Mark Roots              1882 us, parallelism: 2.03x
[2026-04-03T02:38:15.841+0600][80.197s][info][gc,stats    ]   CMR: <total>                     3819 us
[2026-04-03T02:38:15.841+0600][80.197s][info][gc,stats    ]   CMR: Thread Roots                3181 us, workers (us): 1237, 691, 1253, ---, ---, ---, 
[2026-04-03T02:38:15.841+0600][80.197s][info][gc,stats    ]   CMR: VM Strong Roots               65 us, workers (us):  34,  29,   1, ---, ---, ---, 
[2026-04-03T02:38:15.841+0600][80.197s][info][gc,stats    ]   CMR: CLDG Roots                   573 us, workers (us): ---, 573, ---, ---, ---, ---, 
[2026-04-03T02:38:15.841+0600][80.198s][info][gc,stats    ] Concurrent Marking                66820 us
[2026-04-03T02:38:15.841+0600][80.198s][info][gc,stats    ] Pause Final Mark (G)                823 us
[2026-04-03T02:38:15.841+0600][80.198s][info][gc,stats    ] Pause Final Mark (N)                639 us
[2026-04-03T02:38:15.841+0600][80.198s][info][gc,stats    ]   Finish Mark                       143 us
[2026-04-03T02:38:15.841+0600][80.198s][info][gc,stats    ]   Update Region States               51 us
[2026-04-03T02:38:15.841+0600][80.198s][info][gc,stats    ]   Choose Collection Set             225 us
[2026-04-03T02:38:15.841+0600][80.198s][info][gc,stats    ]   Rebuild Free Set                   42 us
[2026-04-03T02:38:15.841+0600][80.198s][info][gc,stats    ] Concurrent Thread Roots            1156 us, parallelism: 2.13x
[2026-04-03T02:38:15.841+0600][80.198s][info][gc,stats    ]   CTR: <total>                     2460 us
[2026-04-03T02:38:15.841+0600][80.198s][info][gc,stats    ]   CTR: Thread Roots                2460 us, workers (us): 866, 833, 761, ---, ---, ---, 
[2026-04-03T02:38:15.841+0600][80.198s][info][gc,stats    ] Concurrent Weak References         1175 us, parallelism: 1.26x
[2026-04-03T02:38:15.841+0600][80.198s][info][gc,stats    ]   CWRF: <total>                    1485 us
[2026-04-03T02:38:15.841+0600][80.198s][info][gc,stats    ]   CWRF: Weak References            1485 us, workers (us): 262, 876, 347, ---, ---, ---, 
[2026-04-03T02:38:15.841+0600][80.198s][info][gc,stats    ] Concurrent Weak Roots              5284 us
[2026-04-03T02:38:15.841+0600][80.198s][info][gc,stats    ]   Roots                            4868 us, parallelism: 2.76x
[2026-04-03T02:38:15.841+0600][80.198s][info][gc,stats    ]     CWR: <total>                  13433 us
[2026-04-03T02:38:15.841+0600][80.198s][info][gc,stats    ]     CWR: Code Cache Roots         10776 us, workers (us): 3404, 3653, 3719, ---, ---, ---, 
[2026-04-03T02:38:15.842+0600][80.198s][info][gc,stats    ]     CWR: VM Weak Roots             2448 us, workers (us): 842, 817, 790, ---, ---, ---, 
[2026-04-03T02:38:15.842+0600][80.198s][info][gc,stats    ]     CWR: CLDG Roots                 209 us, workers (us): 209, ---, ---, ---, ---, ---, 
[2026-04-03T02:38:15.842+0600][80.198s][info][gc,stats    ]   Rendezvous                        250 us
[2026-04-03T02:38:15.842+0600][80.198s][info][gc,stats    ] Concurrent Cleanup                  787 us
[2026-04-03T02:38:15.842+0600][80.198s][info][gc,stats    ] Concurrent Class Unloading        20981 us
[2026-04-03T02:38:15.842+0600][80.198s][info][gc,stats    ]   Unlink Stale                    17476 us
[2026-04-03T02:38:15.842+0600][80.198s][info][gc,stats    ]     System Dictionary               266 us
[2026-04-03T02:38:15.842+0600][80.198s][info][gc,stats    ]     Weak Class Links                  1 us
[2026-04-03T02:38:15.842+0600][80.198s][info][gc,stats    ]     Code Roots                    17206 us
[2026-04-03T02:38:15.842+0600][80.198s][info][gc,stats    ]   Rendezvous                        441 us
[2026-04-03T02:38:15.842+0600][80.198s][info][gc,stats    ]   Purge Unlinked                   2878 us
[2026-04-03T02:38:15.842+0600][80.198s][info][gc,stats    ]     Code Roots                     2856 us
[2026-04-03T02:38:15.842+0600][80.198s][info][gc,stats    ]     CLDG                             20 us
[2026-04-03T02:38:15.842+0600][80.198s][info][gc,stats    ]     Exception Caches                  1 us
[2026-04-03T02:38:15.842+0600][80.198s][info][gc,stats    ] Concurrent Strong Roots            2210 us, parallelism: 0.54x
[2026-04-03T02:38:15.842+0600][80.198s][info][gc,stats    ]   CSR: <total>                     1190 us
[2026-04-03T02:38:15.842+0600][80.198s][info][gc,stats    ]   CSR: VM Strong Roots               89 us, workers (us):  51,  37,   0, ---, ---, ---, 
[2026-04-03T02:38:15.842+0600][80.198s][info][gc,stats    ]   CSR: CLDG Roots                  1101 us, workers (us): 1101, ---, ---, ---, ---, ---, 
[2026-04-03T02:38:15.842+0600][80.198s][info][gc,stats    ] Concurrent Evacuation              7268 us
[2026-04-03T02:38:15.842+0600][80.198s][info][gc,stats    ] Pause Init Update Refs (G)          499 us
[2026-04-03T02:38:15.842+0600][80.198s][info][gc,stats    ] Pause Init Update Refs (N)          183 us
[2026-04-03T02:38:15.842+0600][80.198s][info][gc,stats    ]   Manage GCLABs                      55 us
[2026-04-03T02:38:15.842+0600][80.198s][info][gc,stats    ] Concurrent Update Refs            51070 us
[2026-04-03T02:38:15.842+0600][80.198s][info][gc,stats    ] Concurrent Update Thread Roots     2005 us
[2026-04-03T02:38:15.842+0600][80.198s][info][gc,stats    ] Pause Final Update Refs (G)         475 us
[2026-04-03T02:38:15.842+0600][80.198s][info][gc,stats    ] Pause Final Update Refs (N)         250 us
[2026-04-03T02:38:15.842+0600][80.198s][info][gc,stats    ]   Update Region States               68 us
[2026-04-03T02:38:15.842+0600][80.198s][info][gc,stats    ]   Trash Collection Set               22 us
[2026-04-03T02:38:15.842+0600][80.198s][info][gc,stats    ]   Rebuild Free Set                   47 us
[2026-04-03T02:38:15.842+0600][80.198s][info][gc,stats    ] Concurrent Cleanup                  766 us
[2026-04-03T02:38:15.842+0600][80.198s][info][gc,stats    ] Pacing                            85948 us
[2026-04-03T02:38:15.842+0600][80.198s][info][gc,stats    ] 
[2026-04-03T02:38:15.842+0600][80.198s][info][gc,stats    ] Allocation pacing accrued:
[2026-04-03T02:38:15.842+0600][80.198s][info][gc,stats    ]       6 of  1048 ms (  0.6%): dag-scheduler-event-loop
[2026-04-03T02:38:15.842+0600][80.198s][info][gc,stats    ]      11 of  1048 ms (  1.1%): Executor task launch worker for task 7.0 in stage 3629.0 (TID 6820)
[2026-04-03T02:38:15.842+0600][80.198s][info][gc,stats    ]      11 of  1048 ms (  1.1%): Executor task launch worker for task 4.0 in stage 3629.0 (TID 6817)
[2026-04-03T02:38:15.842+0600][80.198s][info][gc,stats    ]      18 of  1048 ms (  1.7%): Executor task launch worker for task 5.0 in stage 3629.0 (TID 6818)
[2026-04-03T02:38:15.842+0600][80.198s][info][gc,stats    ]      17 of  1048 ms (  1.6%): Executor task launch worker for task 2.0 in stage 3629.0 (TID 6815)
[2026-04-03T02:38:15.842+0600][80.198s][info][gc,stats    ]       6 of  1048 ms (  0.5%): task-result-getter-0
[2026-04-03T02:38:15.842+0600][80.198s][info][gc,stats    ]       6 of  1048 ms (  0.5%): task-result-getter-1
[2026-04-03T02:38:15.842+0600][80.198s][info][gc,stats    ]      11 of  1048 ms (  1.1%): task-result-getter-2
[2026-04-03T02:38:15.842+0600][80.198s][info][gc,stats    ]      86 of  1048 ms (  8.2%): <total>
[2026-04-03T02:38:15.842+0600][80.198s][info][gc,stats    ]       0 of  1048 ms (  0.0%): <average total>
[2026-04-03T02:38:15.842+0600][80.198s][info][gc,stats    ]      11 of  1048 ms (  1.0%): <average non-zero>
[2026-04-03T02:38:15.842+0600][80.198s][info][gc,stats    ] 
[2026-04-03T02:38:15.842+0600][80.198s][info][gc,metaspace] Metaspace: 131852K(133184K)->131852K(133184K) NonClass: 115276K(115904K)->115277K(115904K) Class: 16575K(17280K)->16575K(17280K)
[2026-04-03T02:38:15.842+0600][80.198s][info][gc,ergo     ] Pacer for Idle. Initial: 30720K, Alloc Tax Rate: 1.0x
[2026-04-03T02:38:16.656+0600][81.012s][info][gc          ] Trigger: Average GC time (186.10 ms) is above the time for average allocation rate (1244 MB/s) to deplete free headroom (231M) (margin of error = 1.87)
[2026-04-03T02:38:16.656+0600][81.012s][info][gc,ergo     ] Free headroom: 306M (free) - 76800K (spike) - 0B (penalties) = 231M
[2026-04-03T02:38:16.656+0600][81.012s][info][gc,ergo     ] Free: 306M, Max: 512K regular, 227M humongous, Frag: 26% external, 1% internal; Reserve: 76800K, Max: 512K
[2026-04-03T02:38:16.656+0600][81.013s][info][gc,start    ] GC(75) Concurrent reset
[2026-04-03T02:38:16.656+0600][81.013s][info][gc,task     ] GC(75) Using 3 of 6 workers for concurrent reset
[2026-04-03T02:38:16.656+0600][81.013s][info][gc,ergo     ] GC(75) Pacer for Reset. Non-Taxable: 1500M
[2026-04-03T02:38:16.659+0600][81.015s][info][gc          ] GC(75) Concurrent reset 2.734ms
[2026-04-03T02:38:16.659+0600][81.016s][info][gc,start    ] GC(75) Pause Init Mark (unload classes)
[2026-04-03T02:38:16.659+0600][81.016s][info][gc,task     ] GC(75) Using 6 of 6 workers for init marking
[2026-04-03T02:38:16.660+0600][81.016s][info][gc,ergo     ] GC(75) Pacer for Mark. Expected Live: 96485K, Free: 303M, Non-Taxable: 31040K, Alloc Tax Rate: 0.4x
[2026-04-03T02:38:16.660+0600][81.016s][info][gc          ] GC(75) Pause Init Mark (unload classes) 0.188ms
[2026-04-03T02:38:16.660+0600][81.016s][info][gc,start    ] GC(75) Concurrent marking roots
[2026-04-03T02:38:16.660+0600][81.016s][info][gc,task     ] GC(75) Using 3 of 6 workers for concurrent marking roots
[2026-04-03T02:38:16.662+0600][81.018s][info][gc          ] GC(75) Concurrent marking roots 2.053ms
[2026-04-03T02:38:16.662+0600][81.018s][info][gc,start    ] GC(75) Concurrent marking (unload classes)
[2026-04-03T02:38:16.662+0600][81.018s][info][gc,task     ] GC(75) Using 3 of 6 workers for concurrent marking
[2026-04-03T02:38:16.722+0600][81.079s][info][gc          ] GC(75) Concurrent marking (unload classes) 60.637ms
[2026-04-03T02:38:16.723+0600][81.079s][info][gc,start    ] GC(75) Pause Final Mark (unload classes)
[2026-04-03T02:38:16.723+0600][81.079s][info][gc,task     ] GC(75) Using 6 of 6 workers for final marking
[2026-04-03T02:38:16.723+0600][81.079s][info][gc,ergo     ] GC(75) Adaptive CSet Selection. Target Free: 212M, Actual Free: 1027M, Max CSet: 64000K, Min Garbage: 0B
[2026-04-03T02:38:16.723+0600][81.080s][info][gc,ergo     ] GC(75) Collectable Garbage: 929M (99%), Immediate: 698M (74%), CSet: 230M (24%)
[2026-04-03T02:38:16.723+0600][81.080s][info][gc,ergo     ] GC(75) Pacer for Evacuation. Used CSet: 239M, Free: 1039M, Non-Taxable: 103M, Alloc Tax Rate: 1.1x
[2026-04-03T02:38:16.723+0600][81.080s][info][gc          ] GC(75) Pause Final Mark (unload classes) 0.814ms
[2026-04-03T02:38:16.724+0600][81.080s][info][gc,start    ] GC(75) Concurrent thread roots
[2026-04-03T02:38:16.724+0600][81.080s][info][gc,task     ] GC(75) Using 3 of 6 workers for Concurrent thread roots
[2026-04-03T02:38:16.725+0600][81.081s][info][gc          ] GC(75) Concurrent thread roots 1.009ms
[2026-04-03T02:38:16.725+0600][81.081s][info][gc,start    ] GC(75) Concurrent weak references
[2026-04-03T02:38:16.725+0600][81.081s][info][gc,task     ] GC(75) Using 3 of 6 workers for concurrent weak references
[2026-04-03T02:38:16.725+0600][81.081s][info][gc,ref      ] GC(75) Encountered references: Soft: 3792, Weak: 16521, Final: 84, Phantom: 620
[2026-04-03T02:38:16.725+0600][81.081s][info][gc,ref      ] GC(75) Discovered  references: Soft: 0, Weak: 7420, Final: 0, Phantom: 596
[2026-04-03T02:38:16.725+0600][81.081s][info][gc,ref      ] GC(75) Enqueued    references: Soft: 0, Weak: 1749, Final: 0, Phantom: 0
[2026-04-03T02:38:16.725+0600][81.082s][info][gc          ] GC(75) Concurrent weak references 0.665ms
[2026-04-03T02:38:16.725+0600][81.082s][info][gc,start    ] GC(75) Concurrent weak roots
[2026-04-03T02:38:16.725+0600][81.082s][info][gc,task     ] GC(75) Using 3 of 6 workers for concurrent weak root
[2026-04-03T02:38:16.731+0600][81.087s][info][gc          ] GC(75) Concurrent weak roots 5.409ms
[2026-04-03T02:38:16.731+0600][81.087s][info][gc,start    ] GC(75) Concurrent cleanup
[2026-04-03T02:38:16.731+0600][81.088s][info][gc          ] GC(75) Concurrent cleanup 1088M->392M(1279M) 0.598ms
[2026-04-03T02:38:16.731+0600][81.088s][info][gc,ergo     ] GC(75) Free: 1027M, Max: 512K regular, 227M humongous, Frag: 78% external, 0% internal; Reserve: 75839K, Max: 512K
[2026-04-03T02:38:16.731+0600][81.088s][info][gc,start    ] GC(75) Concurrent class unloading
[2026-04-03T02:38:16.731+0600][81.088s][info][gc,task     ] GC(75) Using 3 of 6 workers for concurrent class unloading
[2026-04-03T02:38:16.748+0600][81.105s][info][gc          ] GC(75) Concurrent class unloading 16.991ms
[2026-04-03T02:38:16.749+0600][81.105s][info][gc,start    ] GC(75) Concurrent strong roots
[2026-04-03T02:38:16.749+0600][81.105s][info][gc,task     ] GC(75) Using 3 of 6 workers for concurrent strong root
[2026-04-03T02:38:16.750+0600][81.106s][info][gc          ] GC(75) Concurrent strong roots 1.610ms
[2026-04-03T02:38:16.750+0600][81.107s][info][gc,start    ] GC(75) Concurrent evacuation
[2026-04-03T02:38:16.750+0600][81.107s][info][gc,task     ] GC(75) Using 3 of 6 workers for concurrent evacuation
[2026-04-03T02:38:16.756+0600][81.112s][info][gc          ] GC(75) Concurrent evacuation 5.906ms
[2026-04-03T02:38:16.756+0600][81.113s][info][gc,start    ] GC(75) Pause Init Update Refs
[2026-04-03T02:38:16.757+0600][81.113s][info][gc,ergo     ] GC(75) Pacer for Update Refs. Used: 406M, Free: 1021M, Non-Taxable: 102M, Alloc Tax Rate: 1.1x
[2026-04-03T02:38:16.757+0600][81.113s][info][gc          ] GC(75) Pause Init Update Refs 0.175ms
[2026-04-03T02:38:16.757+0600][81.113s][info][gc,start    ] GC(75) Concurrent update references
[2026-04-03T02:38:16.757+0600][81.113s][info][gc,task     ] GC(75) Using 3 of 6 workers for concurrent reference update
[2026-04-03T02:38:16.807+0600][81.163s][info][gc          ] GC(75) Concurrent update references 50.077ms
[2026-04-03T02:38:16.807+0600][81.163s][info][gc,start    ] GC(75) Concurrent update thread roots
[2026-04-03T02:38:16.808+0600][81.165s][info][gc          ] GC(75) Concurrent update thread roots 1.341ms
[2026-04-03T02:38:16.809+0600][81.165s][info][gc,start    ] GC(75) Pause Final Update Refs
[2026-04-03T02:38:16.809+0600][81.165s][info][gc,task     ] GC(75) Using 6 of 6 workers for final reference update
[2026-04-03T02:38:16.809+0600][81.165s][info][gc          ] GC(75) Pause Final Update Refs 0.231ms
[2026-04-03T02:38:16.809+0600][81.165s][info][gc,start    ] GC(75) Concurrent cleanup
[2026-04-03T02:38:16.809+0600][81.166s][info][gc          ] GC(75) Concurrent cleanup 425M->185M(1279M) 0.321ms
[2026-04-03T02:38:16.810+0600][81.166s][info][gc,ergo     ] Free: 1231M, Max: 512K regular, 712M humongous, Frag: 43% external, 0% internal; Reserve: 76800K, Max: 512K
[2026-04-03T02:38:16.810+0600][81.166s][info][gc,stats    ] 
[2026-04-03T02:38:16.810+0600][81.166s][info][gc,stats    ] All times are wall-clock times, except per-root-class counters, that are sum over
[2026-04-03T02:38:16.810+0600][81.166s][info][gc,stats    ] all workers. Dividing the <total> over the root stage time estimates parallelism.
[2026-04-03T02:38:16.810+0600][81.166s][info][gc,stats    ] 
[2026-04-03T02:38:16.810+0600][81.166s][info][gc,stats    ] Concurrent Reset                   2797 us
[2026-04-03T02:38:16.810+0600][81.166s][info][gc,stats    ] Pause Init Mark (G)                 568 us
[2026-04-03T02:38:16.810+0600][81.166s][info][gc,stats    ] Pause Init Mark (N)                 198 us
[2026-04-03T02:38:16.810+0600][81.166s][info][gc,stats    ]   Update Region States               36 us
[2026-04-03T02:38:16.810+0600][81.166s][info][gc,stats    ] Concurrent Mark Roots              2115 us, parallelism: 1.51x
[2026-04-03T02:38:16.810+0600][81.166s][info][gc,stats    ]   CMR: <total>                     3198 us
[2026-04-03T02:38:16.810+0600][81.166s][info][gc,stats    ]   CMR: Thread Roots                2627 us, workers (us): 1575, 1052,   0, ---, ---, ---, 
[2026-04-03T02:38:16.810+0600][81.166s][info][gc,stats    ]   CMR: VM Strong Roots               65 us, workers (us):  44,  21,   0, ---, ---, ---, 
[2026-04-03T02:38:16.810+0600][81.166s][info][gc,stats    ]   CMR: CLDG Roots                   506 us, workers (us): ---, 506, ---, ---, ---, ---, 
[2026-04-03T02:38:16.810+0600][81.166s][info][gc,stats    ] Concurrent Marking                60700 us
[2026-04-03T02:38:16.810+0600][81.166s][info][gc,stats    ] Pause Final Mark (G)               1103 us
[2026-04-03T02:38:16.810+0600][81.166s][info][gc,stats    ] Pause Final Mark (N)                827 us
[2026-04-03T02:38:16.810+0600][81.166s][info][gc,stats    ]   Finish Mark                       389 us
[2026-04-03T02:38:16.810+0600][81.166s][info][gc,stats    ]   Update Region States               42 us
[2026-04-03T02:38:16.810+0600][81.166s][info][gc,stats    ]   Choose Collection Set             247 us
[2026-04-03T02:38:16.810+0600][81.166s][info][gc,stats    ]   Rebuild Free Set                   37 us
[2026-04-03T02:38:16.810+0600][81.166s][info][gc,stats    ] Concurrent Thread Roots            1049 us, parallelism: 2.05x
[2026-04-03T02:38:16.810+0600][81.166s][info][gc,stats    ]   CTR: <total>                     2150 us
[2026-04-03T02:38:16.810+0600][81.166s][info][gc,stats    ]   CTR: Thread Roots                2150 us, workers (us): 796, 675, 679, ---, ---, ---, 
[2026-04-03T02:38:16.810+0600][81.166s][info][gc,stats    ] Concurrent Weak References          674 us, parallelism: 1.49x
[2026-04-03T02:38:16.810+0600][81.166s][info][gc,stats    ]   CWRF: <total>                    1003 us
[2026-04-03T02:38:16.810+0600][81.166s][info][gc,stats    ]   CWRF: Weak References            1003 us, workers (us): 403, 238, 361, ---, ---, ---, 
[2026-04-03T02:38:16.810+0600][81.166s][info][gc,stats    ] Concurrent Weak Roots              5495 us
[2026-04-03T02:38:16.810+0600][81.166s][info][gc,stats    ]   Roots                            5025 us, parallelism: 2.66x
[2026-04-03T02:38:16.810+0600][81.166s][info][gc,stats    ]     CWR: <total>                  13386 us
[2026-04-03T02:38:16.810+0600][81.166s][info][gc,stats    ]     CWR: Code Cache Roots         10939 us, workers (us): 3738, 3623, 3578, ---, ---, ---, 
[2026-04-03T02:38:16.810+0600][81.166s][info][gc,stats    ]     CWR: VM Weak Roots             2331 us, workers (us): 794, 789, 748, ---, ---, ---, 
[2026-04-03T02:38:16.810+0600][81.166s][info][gc,stats    ]     CWR: CLDG Roots                 116 us, workers (us): 116, ---, ---, ---, ---, ---, 
[2026-04-03T02:38:16.810+0600][81.166s][info][gc,stats    ]   Rendezvous                        360 us
[2026-04-03T02:38:16.810+0600][81.166s][info][gc,stats    ] Concurrent Cleanup                  621 us
[2026-04-03T02:38:16.810+0600][81.166s][info][gc,stats    ] Concurrent Class Unloading        17117 us
[2026-04-03T02:38:16.810+0600][81.166s][info][gc,stats    ]   Unlink Stale                    15236 us
[2026-04-03T02:38:16.810+0600][81.166s][info][gc,stats    ]     System Dictionary               341 us
[2026-04-03T02:38:16.810+0600][81.166s][info][gc,stats    ]     Weak Class Links                  0 us
[2026-04-03T02:38:16.810+0600][81.166s][info][gc,stats    ]     Code Roots                    14890 us
[2026-04-03T02:38:16.810+0600][81.166s][info][gc,stats    ]   Rendezvous                        506 us
[2026-04-03T02:38:16.810+0600][81.166s][info][gc,stats    ]   Purge Unlinked                   1208 us
[2026-04-03T02:38:16.810+0600][81.166s][info][gc,stats    ]     Code Roots                     1194 us
[2026-04-03T02:38:16.810+0600][81.166s][info][gc,stats    ]     CLDG                             13 us
[2026-04-03T02:38:16.810+0600][81.166s][info][gc,stats    ]     Exception Caches                  0 us
[2026-04-03T02:38:16.810+0600][81.166s][info][gc,stats    ] Concurrent Strong Roots            1688 us, parallelism: 0.65x
[2026-04-03T02:38:16.810+0600][81.166s][info][gc,stats    ]   CSR: <total>                     1092 us
[2026-04-03T02:38:16.810+0600][81.166s][info][gc,stats    ]   CSR: VM Strong Roots               75 us, workers (us):  73,   2,   1, ---, ---, ---, 
[2026-04-03T02:38:16.810+0600][81.166s][info][gc,stats    ]   CSR: CLDG Roots                  1017 us, workers (us): ---, 1017, ---, ---, ---, ---, 
[2026-04-03T02:38:16.810+0600][81.166s][info][gc,stats    ] Concurrent Evacuation              5999 us
[2026-04-03T02:38:16.810+0600][81.166s][info][gc,stats    ] Pause Init Update Refs (G)          578 us
[2026-04-03T02:38:16.810+0600][81.166s][info][gc,stats    ] Pause Init Update Refs (N)          208 us
[2026-04-03T02:38:16.810+0600][81.166s][info][gc,stats    ]   Manage GCLABs                      60 us
[2026-04-03T02:38:16.810+0600][81.166s][info][gc,stats    ] Concurrent Update Refs            50162 us
[2026-04-03T02:38:16.810+0600][81.166s][info][gc,stats    ] Concurrent Update Thread Roots     1424 us
[2026-04-03T02:38:16.810+0600][81.166s][info][gc,stats    ] Pause Final Update Refs (G)         643 us
[2026-04-03T02:38:16.810+0600][81.166s][info][gc,stats    ] Pause Final Update Refs (N)         244 us
[2026-04-03T02:38:16.810+0600][81.166s][info][gc,stats    ]   Update Region States               53 us
[2026-04-03T02:38:16.810+0600][81.166s][info][gc,stats    ]   Trash Collection Set               21 us
[2026-04-03T02:38:16.810+0600][81.166s][info][gc,stats    ]   Rebuild Free Set                   42 us
[2026-04-03T02:38:16.810+0600][81.166s][info][gc,stats    ] Concurrent Cleanup                  344 us
[2026-04-03T02:38:16.810+0600][81.166s][info][gc,stats    ] Pacing                           159650 us
[2026-04-03T02:38:16.810+0600][81.166s][info][gc,stats    ] 
[2026-04-03T02:38:16.810+0600][81.166s][info][gc,stats    ] Allocation pacing accrued:
[2026-04-03T02:38:16.810+0600][81.166s][info][gc,stats    ]      33 of   968 ms (  3.4%): Executor task launch worker for task 3.0 in stage 3744.0 (TID 6944)
[2026-04-03T02:38:16.810+0600][81.166s][info][gc,stats    ]      33 of   968 ms (  3.4%): Executor task launch worker for task 2.0 in stage 3744.0 (TID 6943)
[2026-04-03T02:38:16.810+0600][81.166s][info][gc,stats    ]      33 of   968 ms (  3.4%): Executor task launch worker for task 5.0 in stage 3744.0 (TID 6946)
[2026-04-03T02:38:16.810+0600][81.167s][info][gc,stats    ]      31 of   968 ms (  3.2%): Executor task launch worker for task 0.0 in stage 3750.0 (TID 6950)
[2026-04-03T02:38:16.810+0600][81.167s][info][gc,stats    ]      30 of   968 ms (  3.1%): Executor task launch worker for task 7.0 in stage 3744.0 (TID 6948)
[2026-04-03T02:38:16.810+0600][81.167s][info][gc,stats    ]     160 of   968 ms ( 16.5%): <total>
[2026-04-03T02:38:16.810+0600][81.167s][info][gc,stats    ]       1 of   968 ms (  0.1%): <average total>
[2026-04-03T02:38:16.810+0600][81.167s][info][gc,stats    ]      32 of   968 ms (  3.3%): <average non-zero>
[2026-04-03T02:38:16.810+0600][81.167s][info][gc,stats    ] 
[2026-04-03T02:38:16.810+0600][81.167s][info][gc,metaspace] Metaspace: 131858K(133184K)->131864K(133184K) NonClass: 115282K(115904K)->115288K(115904K) Class: 16575K(17280K)->16575K(17280K)
[2026-04-03T02:38:16.810+0600][81.167s][info][gc,ergo     ] Pacer for Idle. Initial: 30720K, Alloc Tax Rate: 1.0x
[2026-04-03T02:38:16.912+0600][81.268s][info][gc          ] Trigger: Average GC time (181.20 ms) is above the time for instantaneous allocation rate (4118 MB/s) to deplete free headroom (744M) (spike threshold = 1.79)
[2026-04-03T02:38:16.912+0600][81.268s][info][gc,ergo     ] Free: 819M, Max: 512K regular, 529M humongous, Frag: 36% external, 0% internal; Reserve: 76800K, Max: 512K
[2026-04-03T02:38:16.912+0600][81.268s][info][gc,start    ] GC(76) Concurrent reset
[2026-04-03T02:38:16.912+0600][81.268s][info][gc,task     ] GC(76) Using 3 of 6 workers for concurrent reset
[2026-04-03T02:38:16.912+0600][81.268s][info][gc,ergo     ] GC(76) Pacer for Reset. Non-Taxable: 1500M
[2026-04-03T02:38:16.913+0600][81.269s][info][gc          ] GC(76) Concurrent reset 1.403ms
[2026-04-03T02:38:16.913+0600][81.269s][info][gc,start    ] GC(76) Pause Init Mark (unload classes)
[2026-04-03T02:38:16.913+0600][81.270s][info][gc,task     ] GC(76) Using 6 of 6 workers for init marking
[2026-04-03T02:38:16.913+0600][81.270s][info][gc,ergo     ] GC(76) Pacer for Mark. Expected Live: 96913K, Free: 818M, Non-Taxable: 83815K, Alloc Tax Rate: 0.1x
[2026-04-03T02:38:16.913+0600][81.270s][info][gc          ] GC(76) Pause Init Mark (unload classes) 0.094ms
[2026-04-03T02:38:16.913+0600][81.270s][info][gc,start    ] GC(76) Concurrent marking roots
[2026-04-03T02:38:16.914+0600][81.270s][info][gc,task     ] GC(76) Using 3 of 6 workers for concurrent marking roots
[2026-04-03T02:38:16.914+0600][81.271s][info][gc          ] GC(76) Concurrent marking roots 1.004ms
[2026-04-03T02:38:16.915+0600][81.271s][info][gc,start    ] GC(76) Concurrent marking (unload classes)
[2026-04-03T02:38:16.915+0600][81.271s][info][gc,task     ] GC(76) Using 3 of 6 workers for concurrent marking
[2026-04-03T02:38:16.961+0600][81.317s][info][gc          ] GC(76) Concurrent marking (unload classes) 46.169ms
[2026-04-03T02:38:16.961+0600][81.317s][info][gc,start    ] GC(76) Pause Final Mark (unload classes)
[2026-04-03T02:38:16.961+0600][81.317s][info][gc,task     ] GC(76) Using 6 of 6 workers for final marking
[2026-04-03T02:38:16.961+0600][81.318s][info][gc,ergo     ] GC(76) Adaptive CSet Selection. Target Free: 212M, Actual Free: 1157M, Max CSet: 64000K, Min Garbage: 0B
[2026-04-03T02:38:16.962+0600][81.318s][info][gc,ergo     ] GC(76) Collectable Garbage: 454M (98%), Immediate: 400M (86%), CSet: 55092K (11%)
[2026-04-03T02:38:16.962+0600][81.318s][info][gc,ergo     ] GC(76) Pacer for Evacuation. Used CSet: 59180K, Free: 1132M, Non-Taxable: 113M, Alloc Tax Rate: 1.1x
[2026-04-03T02:38:16.962+0600][81.318s][info][gc          ] GC(76) Pause Final Mark (unload classes) 0.674ms
[2026-04-03T02:38:16.962+0600][81.318s][info][gc,start    ] GC(76) Concurrent thread roots
[2026-04-03T02:38:16.962+0600][81.318s][info][gc,task     ] GC(76) Using 3 of 6 workers for Concurrent thread roots
[2026-04-03T02:38:16.963+0600][81.319s][info][gc          ] GC(76) Concurrent thread roots 1.069ms
[2026-04-03T02:38:16.963+0600][81.319s][info][gc,start    ] GC(76) Concurrent weak references
[2026-04-03T02:38:16.963+0600][81.319s][info][gc,task     ] GC(76) Using 3 of 6 workers for concurrent weak references
[2026-04-03T02:38:16.964+0600][81.320s][info][gc,ref      ] GC(76) Encountered references: Soft: 3784, Weak: 15164, Final: 84, Phantom: 620
[2026-04-03T02:38:16.964+0600][81.320s][info][gc,ref      ] GC(76) Discovered  references: Soft: 0, Weak: 8943, Final: 84, Phantom: 618
[2026-04-03T02:38:16.964+0600][81.320s][info][gc,ref      ] GC(76) Enqueued    references: Soft: 0, Weak: 795, Final: 0, Phantom: 0
[2026-04-03T02:38:16.964+0600][81.320s][info][gc          ] GC(76) Concurrent weak references 1.323ms
[2026-04-03T02:38:16.964+0600][81.320s][info][gc,start    ] GC(76) Concurrent weak roots
[2026-04-03T02:38:16.964+0600][81.320s][info][gc,task     ] GC(76) Using 3 of 6 workers for concurrent weak root
[2026-04-03T02:38:16.971+0600][81.327s][info][gc          ] GC(76) Concurrent weak roots 6.863ms
[2026-04-03T02:38:16.971+0600][81.327s][info][gc,start    ] GC(76) Concurrent cleanup
[2026-04-03T02:38:16.972+0600][81.328s][info][gc          ] GC(76) Concurrent cleanup 788M->387M(1279M) 0.741ms
[2026-04-03T02:38:16.972+0600][81.328s][info][gc,ergo     ] GC(76) Free: 1009M, Max: 512K regular, 299M humongous, Frag: 71% external, 0% internal; Reserve: 75936K, Max: 512K
[2026-04-03T02:38:16.972+0600][81.328s][info][gc,start    ] GC(76) Concurrent class unloading
[2026-04-03T02:38:16.972+0600][81.328s][info][gc,task     ] GC(76) Using 3 of 6 workers for concurrent class unloading
[2026-04-03T02:38:16.986+0600][81.343s][info][gc          ] GC(76) Concurrent class unloading 14.393ms
[2026-04-03T02:38:16.986+0600][81.343s][info][gc,start    ] GC(76) Concurrent strong roots
[2026-04-03T02:38:16.987+0600][81.343s][info][gc,task     ] GC(76) Using 3 of 6 workers for concurrent strong root
[2026-04-03T02:38:16.987+0600][81.344s][info][gc          ] GC(76) Concurrent strong roots 0.972ms
[2026-04-03T02:38:16.988+0600][81.344s][info][gc,start    ] GC(76) Concurrent evacuation
[2026-04-03T02:38:16.988+0600][81.344s][info][gc,task     ] GC(76) Using 3 of 6 workers for concurrent evacuation
[2026-04-03T02:38:16.989+0600][81.345s][info][gc          ] GC(76) Concurrent evacuation 1.506ms
[2026-04-03T02:38:16.989+0600][81.346s][info][gc,start    ] GC(76) Pause Init Update Refs
[2026-04-03T02:38:16.989+0600][81.346s][info][gc,ergo     ] GC(76) Pacer for Update Refs. Used: 398M, Free: 1002M, Non-Taxable: 100M, Alloc Tax Rate: 1.1x
[2026-04-03T02:38:16.989+0600][81.346s][info][gc          ] GC(76) Pause Init Update Refs 0.099ms
[2026-04-03T02:38:16.990+0600][81.346s][info][gc,start    ] GC(76) Concurrent update references
[2026-04-03T02:38:16.990+0600][81.346s][info][gc,task     ] GC(76) Using 3 of 6 workers for concurrent reference update
[2026-04-03T02:38:17.034+0600][81.390s][info][gc          ] GC(76) Concurrent update references 44.105ms
[2026-04-03T02:38:17.034+0600][81.390s][info][gc,start    ] GC(76) Concurrent update thread roots
[2026-04-03T02:38:17.035+0600][81.392s][info][gc          ] GC(76) Concurrent update thread roots 1.651ms
[2026-04-03T02:38:17.036+0600][81.392s][info][gc,start    ] GC(76) Pause Final Update Refs
[2026-04-03T02:38:17.036+0600][81.392s][info][gc,task     ] GC(76) Using 6 of 6 workers for final reference update
[2026-04-03T02:38:17.036+0600][81.392s][info][gc          ] GC(76) Pause Final Update Refs 0.215ms
[2026-04-03T02:38:17.036+0600][81.392s][info][gc,start    ] GC(76) Concurrent cleanup
[2026-04-03T02:38:17.037+0600][81.393s][info][gc          ] GC(76) Concurrent cleanup 480M->425M(1279M) 0.623ms
[2026-04-03T02:38:17.037+0600][81.393s][info][gc,ergo     ] Free: 962M, Max: 512K regular, 328M humongous, Frag: 66% external, 0% internal; Reserve: 76800K, Max: 512K
[2026-04-03T02:38:17.037+0600][81.393s][info][gc,stats    ] 
[2026-04-03T02:38:17.037+0600][81.393s][info][gc,stats    ] All times are wall-clock times, except per-root-class counters, that are sum over
[2026-04-03T02:38:17.037+0600][81.393s][info][gc,stats    ] all workers. Dividing the <total> over the root stage time estimates parallelism.
[2026-04-03T02:38:17.037+0600][81.393s][info][gc,stats    ] 
[2026-04-03T02:38:17.037+0600][81.393s][info][gc,stats    ] Concurrent Reset                   1453 us
[2026-04-03T02:38:17.037+0600][81.393s][info][gc,stats    ] Pause Init Mark (G)                 345 us
[2026-04-03T02:38:17.037+0600][81.393s][info][gc,stats    ] Pause Init Mark (N)                 101 us
[2026-04-03T02:38:17.037+0600][81.393s][info][gc,stats    ]   Update Region States               20 us
[2026-04-03T02:38:17.037+0600][81.393s][info][gc,stats    ] Concurrent Mark Roots              1043 us, parallelism: 1.61x
[2026-04-03T02:38:17.037+0600][81.393s][info][gc,stats    ]   CMR: <total>                     1681 us
[2026-04-03T02:38:17.037+0600][81.393s][info][gc,stats    ]   CMR: Thread Roots                1362 us, workers (us): 559, 283, 520, ---, ---, ---, 
[2026-04-03T02:38:17.037+0600][81.393s][info][gc,stats    ]   CMR: VM Strong Roots               40 us, workers (us):  20,  20,   1, ---, ---, ---, 
[2026-04-03T02:38:17.037+0600][81.393s][info][gc,stats    ]   CMR: CLDG Roots                   278 us, workers (us): ---, 278, ---, ---, ---, ---, 
[2026-04-03T02:38:17.037+0600][81.393s][info][gc,stats    ] Concurrent Marking                46277 us
[2026-04-03T02:38:17.037+0600][81.393s][info][gc,stats    ] Pause Final Mark (G)                940 us
[2026-04-03T02:38:17.037+0600][81.393s][info][gc,stats    ] Pause Final Mark (N)                684 us
[2026-04-03T02:38:17.037+0600][81.393s][info][gc,stats    ]   Finish Mark                       345 us
[2026-04-03T02:38:17.037+0600][81.393s][info][gc,stats    ]   Update Region States               42 us
[2026-04-03T02:38:17.037+0600][81.393s][info][gc,stats    ]   Choose Collection Set             164 us
[2026-04-03T02:38:17.037+0600][81.393s][info][gc,stats    ]   Rebuild Free Set                   35 us
[2026-04-03T02:38:17.037+0600][81.393s][info][gc,stats    ] Concurrent Thread Roots            1148 us, parallelism: 2.30x
[2026-04-03T02:38:17.037+0600][81.393s][info][gc,stats    ]   CTR: <total>                     2640 us
[2026-04-03T02:38:17.037+0600][81.393s][info][gc,stats    ]   CTR: Thread Roots                2640 us, workers (us): 908, 863, 869, ---, ---, ---, 
[2026-04-03T02:38:17.037+0600][81.393s][info][gc,stats    ] Concurrent Weak References         1335 us, parallelism: 1.06x
[2026-04-03T02:38:17.037+0600][81.393s][info][gc,stats    ]   CWRF: <total>                    1408 us
[2026-04-03T02:38:17.037+0600][81.393s][info][gc,stats    ]   CWRF: Weak References            1408 us, workers (us): 247, 106, 1055, ---, ---, ---, 
[2026-04-03T02:38:17.037+0600][81.393s][info][gc,stats    ] Concurrent Weak Roots              6958 us
[2026-04-03T02:38:17.037+0600][81.393s][info][gc,stats    ]   Roots                            6400 us, parallelism: 2.80x
[2026-04-03T02:38:17.037+0600][81.393s][info][gc,stats    ]     CWR: <total>                  17949 us
[2026-04-03T02:38:17.037+0600][81.393s][info][gc,stats    ]     CWR: Code Cache Roots         14684 us, workers (us): 4680, 5056, 4948, ---, ---, ---, 
[2026-04-03T02:38:17.037+0600][81.393s][info][gc,stats    ]     CWR: VM Weak Roots             2956 us, workers (us): 992, 997, 967, ---, ---, ---, 
[2026-04-03T02:38:17.037+0600][81.393s][info][gc,stats    ]     CWR: CLDG Roots                 308 us, workers (us): 308, ---, ---, ---, ---, ---, 
[2026-04-03T02:38:17.037+0600][81.393s][info][gc,stats    ]   Rendezvous                        430 us
[2026-04-03T02:38:17.037+0600][81.394s][info][gc,stats    ] Concurrent Cleanup                  784 us
[2026-04-03T02:38:17.037+0600][81.394s][info][gc,stats    ] Concurrent Class Unloading        14466 us
[2026-04-03T02:38:17.037+0600][81.394s][info][gc,stats    ]   Unlink Stale                    13553 us
[2026-04-03T02:38:17.037+0600][81.394s][info][gc,stats    ]     System Dictionary               284 us
[2026-04-03T02:38:17.037+0600][81.394s][info][gc,stats    ]     Weak Class Links                  0 us
[2026-04-03T02:38:17.037+0600][81.394s][info][gc,stats    ]     Code Roots                    13266 us
[2026-04-03T02:38:17.037+0600][81.394s][info][gc,stats    ]   Rendezvous                        311 us
[2026-04-03T02:38:17.037+0600][81.394s][info][gc,stats    ]   Purge Unlinked                    501 us
[2026-04-03T02:38:17.037+0600][81.394s][info][gc,stats    ]     Code Roots                      489 us
[2026-04-03T02:38:17.037+0600][81.394s][info][gc,stats    ]     CLDG                             12 us
[2026-04-03T02:38:17.037+0600][81.394s][info][gc,stats    ]     Exception Caches                  0 us
[2026-04-03T02:38:17.037+0600][81.394s][info][gc,stats    ] Concurrent Strong Roots            1022 us, parallelism: 0.52x
[2026-04-03T02:38:17.037+0600][81.394s][info][gc,stats    ]   CSR: <total>                      535 us
[2026-04-03T02:38:17.037+0600][81.394s][info][gc,stats    ]   CSR: VM Strong Roots               57 us, workers (us):  56,   1,   0, ---, ---, ---, 
[2026-04-03T02:38:17.037+0600][81.394s][info][gc,stats    ]   CSR: CLDG Roots                   477 us, workers (us): 477, ---, ---, ---, ---, ---, 
[2026-04-03T02:38:17.037+0600][81.394s][info][gc,stats    ] Concurrent Evacuation              1532 us
[2026-04-03T02:38:17.037+0600][81.394s][info][gc,stats    ] Pause Init Update Refs (G)          472 us
[2026-04-03T02:38:17.037+0600][81.394s][info][gc,stats    ] Pause Init Update Refs (N)          111 us
[2026-04-03T02:38:17.037+0600][81.394s][info][gc,stats    ]   Manage GCLABs                      27 us
[2026-04-03T02:38:17.038+0600][81.394s][info][gc,stats    ] Concurrent Update Refs            44234 us
[2026-04-03T02:38:17.038+0600][81.394s][info][gc,stats    ] Concurrent Update Thread Roots     1691 us
[2026-04-03T02:38:17.038+0600][81.394s][info][gc,stats    ] Pause Final Update Refs (G)         586 us
[2026-04-03T02:38:17.038+0600][81.394s][info][gc,stats    ] Pause Final Update Refs (N)         231 us
[2026-04-03T02:38:17.038+0600][81.394s][info][gc,stats    ]   Update Region States               82 us
[2026-04-03T02:38:17.038+0600][81.394s][info][gc,stats    ]   Trash Collection Set               10 us
[2026-04-03T02:38:17.038+0600][81.394s][info][gc,stats    ]   Rebuild Free Set                   36 us
[2026-04-03T02:38:17.038+0600][81.394s][info][gc,stats    ] Concurrent Cleanup                  683 us
[2026-04-03T02:38:17.038+0600][81.394s][info][gc,stats    ] Pacing                           226245 us
[2026-04-03T02:38:17.038+0600][81.394s][info][gc,stats    ] 
[2026-04-03T02:38:17.038+0600][81.394s][info][gc,stats    ] Allocation pacing accrued:
[2026-04-03T02:38:17.038+0600][81.394s][info][gc,stats    ]       8 of   227 ms (  3.6%): dispatcher-event-loop-5
[2026-04-03T02:38:17.038+0600][81.394s][info][gc,stats    ]      12 of   227 ms (  5.1%): dispatcher-BlockManagerMaster
[2026-04-03T02:38:17.038+0600][81.394s][info][gc,stats    ]       8 of   227 ms (  3.6%): Spark Context Cleaner
[2026-04-03T02:38:17.038+0600][81.394s][info][gc,stats    ]      36 of   227 ms ( 16.0%): Executor task launch worker for task 3.0 in stage 3760.0 (TID 6974)
[2026-04-03T02:38:17.038+0600][81.394s][info][gc,stats    ]      48 of   227 ms ( 20.9%): Executor task launch worker for task 2.0 in stage 3760.0 (TID 6973)
[2026-04-03T02:38:17.038+0600][81.394s][info][gc,stats    ]      47 of   227 ms ( 20.5%): Executor task launch worker for task 1.0 in stage 3760.0 (TID 6972)
[2026-04-03T02:38:17.038+0600][81.394s][info][gc,stats    ]      46 of   227 ms ( 20.4%): Executor task launch worker for task 0.0 in stage 3760.0 (TID 6971)
[2026-04-03T02:38:17.038+0600][81.394s][info][gc,stats    ]      10 of   227 ms (  4.2%): block-manager-storage-async-thread-pool-23
[2026-04-03T02:38:17.038+0600][81.394s][info][gc,stats    ]      12 of   227 ms (  5.2%): block-manager-ask-thread-pool-36
[2026-04-03T02:38:17.038+0600][81.394s][info][gc,stats    ]     226 of   227 ms ( 99.5%): <total>
[2026-04-03T02:38:17.038+0600][81.394s][info][gc,stats    ]       1 of   227 ms (  0.4%): <average total>
[2026-04-03T02:38:17.038+0600][81.394s][info][gc,stats    ]      25 of   227 ms ( 11.1%): <average non-zero>
[2026-04-03T02:38:17.038+0600][81.394s][info][gc,stats    ] 
[2026-04-03T02:38:17.038+0600][81.394s][info][gc,metaspace] Metaspace: 131864K(133184K)->131864K(133184K) NonClass: 115288K(115904K)->115288K(115904K) Class: 16575K(17280K)->16575K(17280K)
[2026-04-03T02:38:17.038+0600][81.394s][info][gc,ergo     ] Pacer for Idle. Initial: 30720K, Alloc Tax Rate: 1.0x
[2026-04-03T02:38:17.791+0600][82.147s][info][gc          ] Trigger: Average GC time (180.28 ms) is above the time for average allocation rate (1141 MB/s) to deplete free headroom (205M) (margin of error = 1.86)
[2026-04-03T02:38:17.791+0600][82.147s][info][gc,ergo     ] Free headroom: 280M (free) - 76800K (spike) - 0B (penalties) = 205M
[2026-04-03T02:38:17.791+0600][82.147s][info][gc,ergo     ] Free: 280M, Max: 512K regular, 279M humongous, Frag: 0% external, 0% internal; Reserve: 76800K, Max: 512K
[2026-04-03T02:38:17.791+0600][82.147s][info][gc,start    ] GC(77) Concurrent reset
[2026-04-03T02:38:17.791+0600][82.147s][info][gc,task     ] GC(77) Using 3 of 6 workers for concurrent reset
[2026-04-03T02:38:17.791+0600][82.147s][info][gc,ergo     ] GC(77) Pacer for Reset. Non-Taxable: 1500M
[2026-04-03T02:38:17.792+0600][82.148s][info][gc          ] GC(77) Concurrent reset 1.033ms
[2026-04-03T02:38:17.792+0600][82.148s][info][gc,start    ] GC(77) Pause Init Mark (unload classes)
[2026-04-03T02:38:17.792+0600][82.148s][info][gc,task     ] GC(77) Using 6 of 6 workers for init marking
[2026-04-03T02:38:17.792+0600][82.148s][info][gc,ergo     ] GC(77) Pacer for Mark. Expected Live: 97006K, Free: 278M, Non-Taxable: 28521K, Alloc Tax Rate: 0.4x
[2026-04-03T02:38:17.792+0600][82.148s][info][gc          ] GC(77) Pause Init Mark (unload classes) 0.166ms
[2026-04-03T02:38:17.792+0600][82.149s][info][gc,start    ] GC(77) Concurrent marking roots
[2026-04-03T02:38:17.792+0600][82.149s][info][gc,task     ] GC(77) Using 3 of 6 workers for concurrent marking roots
[2026-04-03T02:38:17.795+0600][82.151s][info][gc          ] GC(77) Concurrent marking roots 2.388ms
[2026-04-03T02:38:17.795+0600][82.151s][info][gc,start    ] GC(77) Concurrent marking (unload classes)
[2026-04-03T02:38:17.795+0600][82.151s][info][gc,task     ] GC(77) Using 3 of 6 workers for concurrent marking
[2026-04-03T02:38:17.852+0600][82.208s][info][gc          ] GC(77) Concurrent marking (unload classes) 57.277ms
[2026-04-03T02:38:17.852+0600][82.209s][info][gc,start    ] GC(77) Pause Final Mark (unload classes)
[2026-04-03T02:38:17.852+0600][82.209s][info][gc,task     ] GC(77) Using 6 of 6 workers for final marking
[2026-04-03T02:38:17.853+0600][82.209s][info][gc,ergo     ] GC(77) Adaptive CSet Selection. Target Free: 212M, Actual Free: 1051M, Max CSet: 64000K, Min Garbage: 0B
[2026-04-03T02:38:17.853+0600][82.209s][info][gc,ergo     ] GC(77) Collectable Garbage: 946M (99%), Immediate: 742M (77%), CSet: 204M (21%)
[2026-04-03T02:38:17.853+0600][82.209s][info][gc,ergo     ] GC(77) Pacer for Evacuation. Used CSet: 212M, Free: 1073M, Non-Taxable: 107M, Alloc Tax Rate: 1.1x
[2026-04-03T02:38:17.853+0600][82.209s][info][gc          ] GC(77) Pause Final Mark (unload classes) 0.628ms
[2026-04-03T02:38:17.853+0600][82.209s][info][gc,start    ] GC(77) Concurrent thread roots
[2026-04-03T02:38:17.853+0600][82.209s][info][gc,task     ] GC(77) Using 3 of 6 workers for Concurrent thread roots
[2026-04-03T02:38:17.855+0600][82.211s][info][gc          ] GC(77) Concurrent thread roots 1.841ms
[2026-04-03T02:38:17.855+0600][82.211s][info][gc,start    ] GC(77) Concurrent weak references
[2026-04-03T02:38:17.855+0600][82.211s][info][gc,task     ] GC(77) Using 3 of 6 workers for concurrent weak references
[2026-04-03T02:38:17.856+0600][82.212s][info][gc,ref      ] GC(77) Encountered references: Soft: 3792, Weak: 15518, Final: 84, Phantom: 620
[2026-04-03T02:38:17.856+0600][82.212s][info][gc,ref      ] GC(77) Discovered  references: Soft: 0, Weak: 8583, Final: 48, Phantom: 222
[2026-04-03T02:38:17.856+0600][82.212s][info][gc,ref      ] GC(77) Enqueued    references: Soft: 0, Weak: 404, Final: 0, Phantom: 0
[2026-04-03T02:38:17.856+0600][82.212s][info][gc          ] GC(77) Concurrent weak references 0.734ms
[2026-04-03T02:38:17.856+0600][82.212s][info][gc,start    ] GC(77) Concurrent weak roots
[2026-04-03T02:38:17.856+0600][82.212s][info][gc,task     ] GC(77) Using 3 of 6 workers for concurrent weak root
[2026-04-03T02:38:17.869+0600][82.225s][info][gc          ] GC(77) Concurrent weak roots 12.875ms
[2026-04-03T02:38:17.869+0600][82.225s][info][gc,start    ] GC(77) Concurrent cleanup
[2026-04-03T02:38:17.869+0600][82.226s][info][gc          ] GC(77) Concurrent cleanup 1100M->359M(1279M) 0.744ms
[2026-04-03T02:38:17.869+0600][82.226s][info][gc,ergo     ] GC(77) Free: 1060M, Max: 512K regular, 223M humongous, Frag: 79% external, 0% internal; Reserve: 75090K, Max: 512K
[2026-04-03T02:38:17.870+0600][82.226s][info][gc,start    ] GC(77) Concurrent class unloading
[2026-04-03T02:38:17.870+0600][82.226s][info][gc,task     ] GC(77) Using 3 of 6 workers for concurrent class unloading
[2026-04-03T02:38:17.888+0600][82.244s][info][gc          ] GC(77) Concurrent class unloading 18.056ms
[2026-04-03T02:38:17.888+0600][82.244s][info][gc,start    ] GC(77) Concurrent strong roots
[2026-04-03T02:38:17.888+0600][82.244s][info][gc,task     ] GC(77) Using 3 of 6 workers for concurrent strong root
[2026-04-03T02:38:17.889+0600][82.245s][info][gc          ] GC(77) Concurrent strong roots 1.497ms
[2026-04-03T02:38:17.889+0600][82.246s][info][gc,start    ] GC(77) Concurrent evacuation
[2026-04-03T02:38:17.889+0600][82.246s][info][gc,task     ] GC(77) Using 3 of 6 workers for concurrent evacuation
[2026-04-03T02:38:17.894+0600][82.250s][info][gc          ] GC(77) Concurrent evacuation 4.490ms
[2026-04-03T02:38:17.894+0600][82.250s][info][gc,start    ] GC(77) Pause Init Update Refs
[2026-04-03T02:38:17.894+0600][82.251s][info][gc,ergo     ] GC(77) Pacer for Update Refs. Used: 387M, Free: 1035M, Non-Taxable: 103M, Alloc Tax Rate: 1.1x
[2026-04-03T02:38:17.894+0600][82.251s][info][gc          ] GC(77) Pause Init Update Refs 0.124ms
[2026-04-03T02:38:17.894+0600][82.251s][info][gc,start    ] GC(77) Concurrent update references
[2026-04-03T02:38:17.895+0600][82.251s][info][gc,task     ] GC(77) Using 3 of 6 workers for concurrent reference update
[2026-04-03T02:38:17.945+0600][82.301s][info][gc          ] GC(77) Concurrent update references 50.185ms
[2026-04-03T02:38:17.945+0600][82.301s][info][gc,start    ] GC(77) Concurrent update thread roots
[2026-04-03T02:38:17.947+0600][82.303s][info][gc          ] GC(77) Concurrent update thread roots 1.913ms
[2026-04-03T02:38:17.947+0600][82.303s][info][gc,start    ] GC(77) Pause Final Update Refs
[2026-04-03T02:38:17.947+0600][82.303s][info][gc,task     ] GC(77) Using 6 of 6 workers for final reference update
[2026-04-03T02:38:17.947+0600][82.303s][info][gc          ] GC(77) Pause Final Update Refs 0.213ms
[2026-04-03T02:38:17.947+0600][82.304s][info][gc,start    ] GC(77) Concurrent cleanup
[2026-04-03T02:38:17.948+0600][82.304s][info][gc          ] GC(77) Concurrent cleanup 435M->223M(1279M) 0.766ms
[2026-04-03T02:38:17.948+0600][82.304s][info][gc,ergo     ] Free: 1186M, Max: 512K regular, 784M humongous, Frag: 34% external, 0% internal; Reserve: 76800K, Max: 512K
[2026-04-03T02:38:17.948+0600][82.304s][info][gc,stats    ] 
[2026-04-03T02:38:17.948+0600][82.304s][info][gc,stats    ] All times are wall-clock times, except per-root-class counters, that are sum over
[2026-04-03T02:38:17.948+0600][82.304s][info][gc,stats    ] all workers. Dividing the <total> over the root stage time estimates parallelism.
[2026-04-03T02:38:17.948+0600][82.304s][info][gc,stats    ] 
[2026-04-03T02:38:17.948+0600][82.304s][info][gc,stats    ] Concurrent Reset                   1096 us
[2026-04-03T02:38:17.948+0600][82.304s][info][gc,stats    ] Pause Init Mark (G)                 534 us
[2026-04-03T02:38:17.948+0600][82.305s][info][gc,stats    ] Pause Init Mark (N)                 178 us
[2026-04-03T02:38:17.948+0600][82.305s][info][gc,stats    ]   Update Region States               40 us
[2026-04-03T02:38:17.948+0600][82.305s][info][gc,stats    ] Concurrent Mark Roots              2440 us, parallelism: 1.50x
[2026-04-03T02:38:17.948+0600][82.305s][info][gc,stats    ]   CMR: <total>                     3660 us
[2026-04-03T02:38:17.948+0600][82.305s][info][gc,stats    ]   CMR: Thread Roots                3122 us, workers (us): 1803, 1319,   0, ---, ---, ---, 
[2026-04-03T02:38:17.948+0600][82.305s][info][gc,stats    ]   CMR: VM Strong Roots               57 us, workers (us):  55,   1,   0, ---, ---, ---, 
[2026-04-03T02:38:17.948+0600][82.305s][info][gc,stats    ]   CMR: CLDG Roots                   481 us, workers (us): ---, 481, ---, ---, ---, ---, 
[2026-04-03T02:38:17.948+0600][82.305s][info][gc,stats    ] Concurrent Marking                57345 us
[2026-04-03T02:38:17.948+0600][82.305s][info][gc,stats    ] Pause Final Mark (G)                819 us
[2026-04-03T02:38:17.948+0600][82.305s][info][gc,stats    ] Pause Final Mark (N)                638 us
[2026-04-03T02:38:17.948+0600][82.305s][info][gc,stats    ]   Finish Mark                       205 us
[2026-04-03T02:38:17.948+0600][82.305s][info][gc,stats    ]   Update Region States               43 us
[2026-04-03T02:38:17.948+0600][82.305s][info][gc,stats    ]   Choose Collection Set             236 us
[2026-04-03T02:38:17.948+0600][82.305s][info][gc,stats    ]   Rebuild Free Set                   37 us
[2026-04-03T02:38:17.948+0600][82.305s][info][gc,stats    ] Concurrent Thread Roots            1901 us, parallelism: 2.12x
[2026-04-03T02:38:17.949+0600][82.305s][info][gc,stats    ]   CTR: <total>                     4040 us
[2026-04-03T02:38:17.949+0600][82.305s][info][gc,stats    ]   CTR: Thread Roots                4040 us, workers (us): 1211, 1667, 1162, ---, ---, ---, 
[2026-04-03T02:38:17.949+0600][82.305s][info][gc,stats    ] Concurrent Weak References          748 us, parallelism: 1.53x
[2026-04-03T02:38:17.949+0600][82.305s][info][gc,stats    ]   CWRF: <total>                    1142 us
[2026-04-03T02:38:17.949+0600][82.305s][info][gc,stats    ]   CWRF: Weak References            1142 us, workers (us): 210, 599, 333, ---, ---, ---, 
[2026-04-03T02:38:17.949+0600][82.305s][info][gc,stats    ] Concurrent Weak Roots             12971 us
[2026-04-03T02:38:17.949+0600][82.305s][info][gc,stats    ]   Roots                            4934 us, parallelism: 2.79x
[2026-04-03T02:38:17.949+0600][82.305s][info][gc,stats    ]     CWR: <total>                  13748 us
[2026-04-03T02:38:17.949+0600][82.305s][info][gc,stats    ]     CWR: Code Cache Roots         10762 us, workers (us): 3637, 3485, 3640, ---, ---, ---, 
[2026-04-03T02:38:17.949+0600][82.305s][info][gc,stats    ]     CWR: VM Weak Roots             2784 us, workers (us): 966, 930, 888, ---, ---, ---, 
[2026-04-03T02:38:17.949+0600][82.305s][info][gc,stats    ]     CWR: CLDG Roots                 202 us, workers (us): ---, 202, ---, ---, ---, ---, 
[2026-04-03T02:38:17.949+0600][82.305s][info][gc,stats    ]   Rendezvous                       7888 us
[2026-04-03T02:38:17.949+0600][82.305s][info][gc,stats    ] Concurrent Cleanup                  787 us
[2026-04-03T02:38:17.949+0600][82.305s][info][gc,stats    ] Concurrent Class Unloading        18189 us
[2026-04-03T02:38:17.949+0600][82.305s][info][gc,stats    ]   Unlink Stale                    16667 us
[2026-04-03T02:38:17.949+0600][82.305s][info][gc,stats    ]     System Dictionary               386 us
[2026-04-03T02:38:17.949+0600][82.305s][info][gc,stats    ]     Weak Class Links                  1 us
[2026-04-03T02:38:17.949+0600][82.305s][info][gc,stats    ]     Code Roots                    16274 us
[2026-04-03T02:38:17.949+0600][82.305s][info][gc,stats    ]   Rendezvous                        525 us
[2026-04-03T02:38:17.949+0600][82.305s][info][gc,stats    ]   Purge Unlinked                    820 us
[2026-04-03T02:38:17.949+0600][82.305s][info][gc,stats    ]     Code Roots                      805 us
[2026-04-03T02:38:17.949+0600][82.305s][info][gc,stats    ]     CLDG                             14 us
[2026-04-03T02:38:17.949+0600][82.305s][info][gc,stats    ]     Exception Caches                  0 us
[2026-04-03T02:38:17.949+0600][82.305s][info][gc,stats    ] Concurrent Strong Roots            1584 us, parallelism: 0.56x
[2026-04-03T02:38:17.949+0600][82.305s][info][gc,stats    ]   CSR: <total>                      887 us
[2026-04-03T02:38:17.949+0600][82.305s][info][gc,stats    ]   CSR: VM Strong Roots               49 us, workers (us):  47,   1,   1, ---, ---, ---, 
[2026-04-03T02:38:17.949+0600][82.305s][info][gc,stats    ]   CSR: CLDG Roots                   837 us, workers (us): 837, ---, ---, ---, ---, ---, 
[2026-04-03T02:38:17.949+0600][82.305s][info][gc,stats    ] Concurrent Evacuation              4587 us
[2026-04-03T02:38:17.949+0600][82.305s][info][gc,stats    ] Pause Init Update Refs (G)          568 us
[2026-04-03T02:38:17.949+0600][82.305s][info][gc,stats    ] Pause Init Update Refs (N)          137 us
[2026-04-03T02:38:17.949+0600][82.305s][info][gc,stats    ]   Manage GCLABs                      42 us
[2026-04-03T02:38:17.949+0600][82.305s][info][gc,stats    ] Concurrent Update Refs            50313 us
[2026-04-03T02:38:17.949+0600][82.305s][info][gc,stats    ] Concurrent Update Thread Roots     1972 us
[2026-04-03T02:38:17.949+0600][82.305s][info][gc,stats    ] Pause Final Update Refs (G)         518 us
[2026-04-03T02:38:17.949+0600][82.305s][info][gc,stats    ] Pause Final Update Refs (N)         229 us
[2026-04-03T02:38:17.949+0600][82.305s][info][gc,stats    ]   Update Region States               60 us
[2026-04-03T02:38:17.949+0600][82.305s][info][gc,stats    ]   Trash Collection Set               20 us
[2026-04-03T02:38:17.949+0600][82.305s][info][gc,stats    ]   Rebuild Free Set                   49 us
[2026-04-03T02:38:17.949+0600][82.305s][info][gc,stats    ] Concurrent Cleanup                  817 us
[2026-04-03T02:38:17.949+0600][82.305s][info][gc,stats    ] Pacing                           165217 us
[2026-04-03T02:38:17.949+0600][82.305s][info][gc,stats    ] 
[2026-04-03T02:38:17.949+0600][82.305s][info][gc,stats    ] Allocation pacing accrued:
[2026-04-03T02:38:17.949+0600][82.305s][info][gc,stats    ]      22 of   911 ms (  2.4%): Executor task launch worker for task 0.0 in stage 3792.0 (TID 7099)
[2026-04-03T02:38:17.949+0600][82.305s][info][gc,stats    ]      18 of   911 ms (  2.0%): Executor task launch worker for task 2.0 in stage 3792.0 (TID 7101)
[2026-04-03T02:38:17.949+0600][82.305s][info][gc,stats    ]      21 of   911 ms (  2.3%): Executor task launch worker for task 1.0 in stage 3792.0 (TID 7100)
[2026-04-03T02:38:17.949+0600][82.305s][info][gc,stats    ]      22 of   911 ms (  2.4%): Executor task launch worker for task 5.0 in stage 3792.0 (TID 7104)
[2026-04-03T02:38:17.949+0600][82.305s][info][gc,stats    ]      21 of   911 ms (  2.3%): Executor task launch worker for task 3.0 in stage 3792.0 (TID 7102)
[2026-04-03T02:38:17.949+0600][82.305s][info][gc,stats    ]      22 of   911 ms (  2.4%): Executor task launch worker for task 7.0 in stage 3792.0 (TID 7106)
[2026-04-03T02:38:17.949+0600][82.305s][info][gc,stats    ]      21 of   911 ms (  2.4%): Executor task launch worker for task 4.0 in stage 3792.0 (TID 7103)
[2026-04-03T02:38:17.949+0600][82.305s][info][gc,stats    ]      18 of   911 ms (  2.0%): Executor task launch worker for task 6.0 in stage 3792.0 (TID 7105)
[2026-04-03T02:38:17.949+0600][82.305s][info][gc,stats    ]     165 of   911 ms ( 18.1%): <total>
[2026-04-03T02:38:17.949+0600][82.305s][info][gc,stats    ]       1 of   911 ms (  0.1%): <average total>
[2026-04-03T02:38:17.949+0600][82.305s][info][gc,stats    ]      21 of   911 ms (  2.3%): <average non-zero>
[2026-04-03T02:38:17.949+0600][82.305s][info][gc,stats    ] 
[2026-04-03T02:38:17.949+0600][82.306s][info][gc,metaspace] Metaspace: 131876K(133184K)->131878K(133184K) NonClass: 115301K(115904K)->115302K(115904K) Class: 16575K(17280K)->16575K(17280K)
[2026-04-03T02:38:17.949+0600][82.306s][info][gc,ergo     ] Pacer for Idle. Initial: 30720K, Alloc Tax Rate: 1.0x
[2026-04-03T02:38:18.796+0600][83.152s][info][gc          ] Trigger: Average GC time (179.48 ms) is above the time for average allocation rate (1221 MB/s) to deplete free headroom (217M) (margin of error = 1.86)
[2026-04-03T02:38:18.796+0600][83.152s][info][gc,ergo     ] Free headroom: 292M (free) - 76800K (spike) - 0B (penalties) = 217M
[2026-04-03T02:38:18.796+0600][83.153s][info][gc,ergo     ] Free: 292M, Max: 512K regular, 223M humongous, Frag: 24% external, 0% internal; Reserve: 76800K, Max: 512K
[2026-04-03T02:38:18.796+0600][83.153s][info][gc,start    ] GC(78) Concurrent reset
[2026-04-03T02:38:18.796+0600][83.153s][info][gc,task     ] GC(78) Using 3 of 6 workers for concurrent reset
[2026-04-03T02:38:18.796+0600][83.153s][info][gc,ergo     ] GC(78) Pacer for Reset. Non-Taxable: 1500M
[2026-04-03T02:38:18.799+0600][83.155s][info][gc          ] GC(78) Concurrent reset 2.500ms
[2026-04-03T02:38:18.799+0600][83.155s][info][gc,start    ] GC(78) Pause Init Mark (unload classes)
[2026-04-03T02:38:18.799+0600][83.155s][info][gc,task     ] GC(78) Using 6 of 6 workers for init marking
[2026-04-03T02:38:18.799+0600][83.156s][info][gc,ergo     ] GC(78) Pacer for Mark. Expected Live: 95962K, Free: 291M, Non-Taxable: 29798K, Alloc Tax Rate: 0.4x
[2026-04-03T02:38:18.799+0600][83.156s][info][gc          ] GC(78) Pause Init Mark (unload classes) 0.209ms
[2026-04-03T02:38:18.800+0600][83.156s][info][gc,start    ] GC(78) Concurrent marking roots
[2026-04-03T02:38:18.800+0600][83.156s][info][gc,task     ] GC(78) Using 3 of 6 workers for concurrent marking roots
[2026-04-03T02:38:18.801+0600][83.158s][info][gc          ] GC(78) Concurrent marking roots 1.910ms
[2026-04-03T02:38:18.802+0600][83.158s][info][gc,start    ] GC(78) Concurrent marking (unload classes)
[2026-04-03T02:38:18.802+0600][83.158s][info][gc,task     ] GC(78) Using 3 of 6 workers for concurrent marking
[2026-04-03T02:38:18.865+0600][83.221s][info][gc          ] GC(78) Concurrent marking (unload classes) 63.378ms
[2026-04-03T02:38:18.865+0600][83.221s][info][gc,start    ] GC(78) Pause Final Mark (unload classes)
[2026-04-03T02:38:18.865+0600][83.221s][info][gc,task     ] GC(78) Using 6 of 6 workers for final marking
[2026-04-03T02:38:18.865+0600][83.222s][info][gc,ergo     ] GC(78) Adaptive CSet Selection. Target Free: 212M, Actual Free: 1041M, Max CSet: 64000K, Min Garbage: 0B
[2026-04-03T02:38:18.866+0600][83.222s][info][gc,ergo     ] GC(78) Collectable Garbage: 936M (99%), Immediate: 726M (76%), CSet: 209M (22%)
[2026-04-03T02:38:18.866+0600][83.222s][info][gc,ergo     ] GC(78) Pacer for Evacuation. Used CSet: 215M, Free: 1060M, Non-Taxable: 106M, Alloc Tax Rate: 1.1x
[2026-04-03T02:38:18.866+0600][83.222s][info][gc          ] GC(78) Pause Final Mark (unload classes) 0.539ms
[2026-04-03T02:38:18.866+0600][83.222s][info][gc,start    ] GC(78) Concurrent thread roots
[2026-04-03T02:38:18.866+0600][83.222s][info][gc,task     ] GC(78) Using 3 of 6 workers for Concurrent thread roots
[2026-04-03T02:38:18.867+0600][83.223s][info][gc          ] GC(78) Concurrent thread roots 0.781ms
[2026-04-03T02:38:18.867+0600][83.223s][info][gc,start    ] GC(78) Concurrent weak references
[2026-04-03T02:38:18.867+0600][83.223s][info][gc,task     ] GC(78) Using 3 of 6 workers for concurrent weak references
[2026-04-03T02:38:18.867+0600][83.223s][info][gc,ref      ] GC(78) Encountered references: Soft: 3788, Weak: 16604, Final: 84, Phantom: 620
[2026-04-03T02:38:18.867+0600][83.223s][info][gc,ref      ] GC(78) Discovered  references: Soft: 0, Weak: 10084, Final: 48, Phantom: 596
[2026-04-03T02:38:18.867+0600][83.223s][info][gc,ref      ] GC(78) Enqueued    references: Soft: 0, Weak: 1627, Final: 0, Phantom: 0
[2026-04-03T02:38:18.867+0600][83.223s][info][gc          ] GC(78) Concurrent weak references 0.619ms
[2026-04-03T02:38:18.867+0600][83.223s][info][gc,start    ] GC(78) Concurrent weak roots
[2026-04-03T02:38:18.867+0600][83.223s][info][gc,task     ] GC(78) Using 3 of 6 workers for concurrent weak root
[2026-04-03T02:38:18.871+0600][83.227s][info][gc          ] GC(78) Concurrent weak roots 3.844ms
[2026-04-03T02:38:18.871+0600][83.227s][info][gc,start    ] GC(78) Concurrent cleanup
[2026-04-03T02:38:18.872+0600][83.228s][info][gc          ] GC(78) Concurrent cleanup 1085M->359M(1279M) 0.763ms
[2026-04-03T02:38:18.872+0600][83.228s][info][gc,ergo     ] GC(78) Free: 1057M, Max: 512K regular, 226M humongous, Frag: 79% external, 0% internal; Reserve: 76347K, Max: 512K
[2026-04-03T02:38:18.872+0600][83.228s][info][gc,start    ] GC(78) Concurrent class unloading
[2026-04-03T02:38:18.872+0600][83.228s][info][gc,task     ] GC(78) Using 3 of 6 workers for concurrent class unloading
[2026-04-03T02:38:18.896+0600][83.252s][info][gc          ] GC(78) Concurrent class unloading 23.754ms
[2026-04-03T02:38:18.896+0600][83.252s][info][gc,start    ] GC(78) Concurrent strong roots
[2026-04-03T02:38:18.896+0600][83.252s][info][gc,task     ] GC(78) Using 3 of 6 workers for concurrent strong root
[2026-04-03T02:38:18.897+0600][83.254s][info][gc          ] GC(78) Concurrent strong roots 1.444ms
[2026-04-03T02:38:18.897+0600][83.254s][info][gc,start    ] GC(78) Concurrent evacuation
[2026-04-03T02:38:18.897+0600][83.254s][info][gc,task     ] GC(78) Using 3 of 6 workers for concurrent evacuation
[2026-04-03T02:38:18.902+0600][83.258s][info][gc          ] GC(78) Concurrent evacuation 4.737ms
[2026-04-03T02:38:18.902+0600][83.259s][info][gc,start    ] GC(78) Pause Init Update Refs
[2026-04-03T02:38:18.903+0600][83.259s][info][gc,ergo     ] GC(78) Pacer for Update Refs. Used: 390M, Free: 1032M, Non-Taxable: 103M, Alloc Tax Rate: 1.1x
[2026-04-03T02:38:18.903+0600][83.259s][info][gc          ] GC(78) Pause Init Update Refs 0.197ms
[2026-04-03T02:38:18.903+0600][83.259s][info][gc,start    ] GC(78) Concurrent update references
[2026-04-03T02:38:18.903+0600][83.259s][info][gc,task     ] GC(78) Using 3 of 6 workers for concurrent reference update
[2026-04-03T02:38:18.951+0600][83.307s][info][gc          ] GC(78) Concurrent update references 48.486ms
[2026-04-03T02:38:18.951+0600][83.307s][info][gc,start    ] GC(78) Concurrent update thread roots
[2026-04-03T02:38:18.953+0600][83.309s][info][gc          ] GC(78) Concurrent update thread roots 2.009ms
[2026-04-03T02:38:18.953+0600][83.310s][info][gc,start    ] GC(78) Pause Final Update Refs
[2026-04-03T02:38:18.953+0600][83.310s][info][gc,task     ] GC(78) Using 6 of 6 workers for final reference update
[2026-04-03T02:38:18.954+0600][83.310s][info][gc          ] GC(78) Pause Final Update Refs 0.210ms
[2026-04-03T02:38:18.954+0600][83.310s][info][gc,start    ] GC(78) Concurrent cleanup
[2026-04-03T02:38:18.954+0600][83.311s][info][gc          ] GC(78) Concurrent cleanup 433M->219M(1279M) 0.641ms
[2026-04-03T02:38:18.954+0600][83.311s][info][gc,ergo     ] Free: 1191M, Max: 512K regular, 717M humongous, Frag: 40% external, 0% internal; Reserve: 76800K, Max: 512K
[2026-04-03T02:38:18.954+0600][83.311s][info][gc,stats    ] 
[2026-04-03T02:38:18.954+0600][83.311s][info][gc,stats    ] All times are wall-clock times, except per-root-class counters, that are sum over
[2026-04-03T02:38:18.955+0600][83.311s][info][gc,stats    ] all workers. Dividing the <total> over the root stage time estimates parallelism.
[2026-04-03T02:38:18.955+0600][83.311s][info][gc,stats    ] 
[2026-04-03T02:38:18.955+0600][83.311s][info][gc,stats    ] Concurrent Reset                   2572 us
[2026-04-03T02:38:18.955+0600][83.311s][info][gc,stats    ] Pause Init Mark (G)                 637 us
[2026-04-03T02:38:18.955+0600][83.311s][info][gc,stats    ] Pause Init Mark (N)                 226 us
[2026-04-03T02:38:18.955+0600][83.311s][info][gc,stats    ]   Update Region States               54 us
[2026-04-03T02:38:18.955+0600][83.311s][info][gc,stats    ] Concurrent Mark Roots              1984 us, parallelism: 1.99x
[2026-04-03T02:38:18.955+0600][83.311s][info][gc,stats    ]   CMR: <total>                     3950 us
[2026-04-03T02:38:18.955+0600][83.311s][info][gc,stats    ]   CMR: Thread Roots                3449 us, workers (us): 867, 1296, 1286, ---, ---, ---, 
[2026-04-03T02:38:18.955+0600][83.311s][info][gc,stats    ]   CMR: VM Strong Roots               64 us, workers (us):  32,  32,   1, ---, ---, ---, 
[2026-04-03T02:38:18.955+0600][83.311s][info][gc,stats    ]   CMR: CLDG Roots                   436 us, workers (us): 436, ---, ---, ---, ---, ---, 
[2026-04-03T02:38:18.955+0600][83.311s][info][gc,stats    ] Concurrent Marking                63448 us
[2026-04-03T02:38:18.955+0600][83.311s][info][gc,stats    ] Pause Final Mark (G)                842 us
[2026-04-03T02:38:18.955+0600][83.311s][info][gc,stats    ] Pause Final Mark (N)                548 us
[2026-04-03T02:38:18.955+0600][83.311s][info][gc,stats    ]   Finish Mark                       165 us
[2026-04-03T02:38:18.955+0600][83.311s][info][gc,stats    ]   Update Region States               33 us
[2026-04-03T02:38:18.955+0600][83.311s][info][gc,stats    ]   Choose Collection Set             194 us
[2026-04-03T02:38:18.955+0600][83.311s][info][gc,stats    ]   Rebuild Free Set                   34 us
[2026-04-03T02:38:18.955+0600][83.311s][info][gc,stats    ] Concurrent Thread Roots             806 us, parallelism: 2.52x
[2026-04-03T02:38:18.955+0600][83.311s][info][gc,stats    ]   CTR: <total>                     2035 us
[2026-04-03T02:38:18.955+0600][83.311s][info][gc,stats    ]   CTR: Thread Roots                2035 us, workers (us): 683, 678, 674, ---, ---, ---, 
[2026-04-03T02:38:18.955+0600][83.311s][info][gc,stats    ] Concurrent Weak References          629 us, parallelism: 2.00x
[2026-04-03T02:38:18.955+0600][83.311s][info][gc,stats    ]   CWRF: <total>                    1255 us
[2026-04-03T02:38:18.955+0600][83.311s][info][gc,stats    ]   CWRF: Weak References            1255 us, workers (us): 436, 472, 347, ---, ---, ---, 
[2026-04-03T02:38:18.955+0600][83.311s][info][gc,stats    ] Concurrent Weak Roots              3913 us
[2026-04-03T02:38:18.955+0600][83.311s][info][gc,stats    ]   Roots                            3602 us, parallelism: 2.68x
[2026-04-03T02:38:18.955+0600][83.311s][info][gc,stats    ]     CWR: <total>                   9666 us
[2026-04-03T02:38:18.955+0600][83.311s][info][gc,stats    ]     CWR: Code Cache Roots          7164 us, workers (us): 2433, 2514, 2218, ---, ---, ---, 
[2026-04-03T02:38:18.955+0600][83.311s][info][gc,stats    ]     CWR: VM Weak Roots             2272 us, workers (us): 775, 769, 728, ---, ---, ---, 
[2026-04-03T02:38:18.955+0600][83.311s][info][gc,stats    ]     CWR: CLDG Roots                 230 us, workers (us): ---, ---, 230, ---, ---, ---, 
[2026-04-03T02:38:18.955+0600][83.311s][info][gc,stats    ]   Rendezvous                        220 us
[2026-04-03T02:38:18.955+0600][83.311s][info][gc,stats    ] Concurrent Cleanup                  776 us
[2026-04-03T02:38:18.955+0600][83.311s][info][gc,stats    ] Concurrent Class Unloading        23866 us
[2026-04-03T02:38:18.955+0600][83.311s][info][gc,stats    ]   Unlink Stale                    17681 us
[2026-04-03T02:38:18.955+0600][83.311s][info][gc,stats    ]     System Dictionary               207 us
[2026-04-03T02:38:18.955+0600][83.311s][info][gc,stats    ]     Weak Class Links                  0 us
[2026-04-03T02:38:18.955+0600][83.311s][info][gc,stats    ]     Code Roots                    17470 us
[2026-04-03T02:38:18.955+0600][83.311s][info][gc,stats    ]   Rendezvous                        419 us
[2026-04-03T02:38:18.955+0600][83.311s][info][gc,stats    ]   Purge Unlinked                   5602 us
[2026-04-03T02:38:18.955+0600][83.311s][info][gc,stats    ]     Code Roots                     5575 us
[2026-04-03T02:38:18.955+0600][83.311s][info][gc,stats    ]     CLDG                             25 us
[2026-04-03T02:38:18.955+0600][83.311s][info][gc,stats    ]     Exception Caches                  0 us
[2026-04-03T02:38:18.955+0600][83.311s][info][gc,stats    ] Concurrent Strong Roots            1511 us, parallelism: 0.65x
[2026-04-03T02:38:18.955+0600][83.311s][info][gc,stats    ]   CSR: <total>                      984 us
[2026-04-03T02:38:18.955+0600][83.311s][info][gc,stats    ]   CSR: VM Strong Roots               66 us, workers (us):  35,  16,  15, ---, ---, ---, 
[2026-04-03T02:38:18.955+0600][83.311s][info][gc,stats    ]   CSR: CLDG Roots                   917 us, workers (us): ---, 917, ---, ---, ---, ---, 
[2026-04-03T02:38:18.955+0600][83.311s][info][gc,stats    ] Concurrent Evacuation              4847 us
[2026-04-03T02:38:18.955+0600][83.311s][info][gc,stats    ] Pause Init Update Refs (G)          419 us
[2026-04-03T02:38:18.955+0600][83.311s][info][gc,stats    ] Pause Init Update Refs (N)          211 us
[2026-04-03T02:38:18.955+0600][83.311s][info][gc,stats    ]   Manage GCLABs                      64 us
[2026-04-03T02:38:18.955+0600][83.311s][info][gc,stats    ] Concurrent Update Refs            48569 us
[2026-04-03T02:38:18.955+0600][83.311s][info][gc,stats    ] Concurrent Update Thread Roots     2074 us
[2026-04-03T02:38:18.955+0600][83.311s][info][gc,stats    ] Pause Final Update Refs (G)         424 us
[2026-04-03T02:38:18.955+0600][83.311s][info][gc,stats    ] Pause Final Update Refs (N)         238 us
[2026-04-03T02:38:18.955+0600][83.311s][info][gc,stats    ]   Update Region States               61 us
[2026-04-03T02:38:18.955+0600][83.311s][info][gc,stats    ]   Trash Collection Set               23 us
[2026-04-03T02:38:18.955+0600][83.311s][info][gc,stats    ]   Rebuild Free Set                   50 us
[2026-04-03T02:38:18.955+0600][83.311s][info][gc,stats    ] Concurrent Cleanup                  664 us
[2026-04-03T02:38:18.955+0600][83.311s][info][gc,stats    ] Pacing                           100870 us
[2026-04-03T02:38:18.955+0600][83.311s][info][gc,stats    ] 
[2026-04-03T02:38:18.955+0600][83.311s][info][gc,stats    ] Allocation pacing accrued:
[2026-04-03T02:38:18.955+0600][83.311s][info][gc,stats    ]      11 of  1006 ms (  1.1%): Executor task launch worker for task 1.0 in stage 3842.0 (TID 7260)
[2026-04-03T02:38:18.955+0600][83.311s][info][gc,stats    ]      22 of  1006 ms (  2.2%): Executor task launch worker for task 4.0 in stage 3842.0 (TID 7263)
[2026-04-03T02:38:18.955+0600][83.311s][info][gc,stats    ]      11 of  1006 ms (  1.1%): Executor task launch worker for task 6.0 in stage 3842.0 (TID 7265)
[2026-04-03T02:38:18.955+0600][83.311s][info][gc,stats    ]      22 of  1006 ms (  2.2%): Executor task launch worker for task 5.0 in stage 3842.0 (TID 7264)
[2026-04-03T02:38:18.955+0600][83.311s][info][gc,stats    ]      11 of  1006 ms (  1.1%): Executor task launch worker for task 3.0 in stage 3842.0 (TID 7262)
[2026-04-03T02:38:18.955+0600][83.311s][info][gc,stats    ]      11 of  1006 ms (  1.1%): Executor task launch worker for task 0.0 in stage 3842.0 (TID 7259)
[2026-04-03T02:38:18.955+0600][83.311s][info][gc,stats    ]      11 of  1006 ms (  1.1%): task-result-getter-3
[2026-04-03T02:38:18.955+0600][83.311s][info][gc,stats    ]     101 of  1006 ms ( 10.0%): <total>
[2026-04-03T02:38:18.955+0600][83.311s][info][gc,stats    ]       0 of  1006 ms (  0.0%): <average total>
[2026-04-03T02:38:18.955+0600][83.311s][info][gc,stats    ]      14 of  1006 ms (  1.4%): <average non-zero>
[2026-04-03T02:38:18.955+0600][83.311s][info][gc,stats    ] 
[2026-04-03T02:38:18.955+0600][83.311s][info][gc,metaspace] Metaspace: 131917K(133248K)->131917K(133248K) NonClass: 115334K(115968K)->115334K(115968K) Class: 16582K(17280K)->16582K(17280K)
[2026-04-03T02:38:18.955+0600][83.311s][info][gc,ergo     ] Pacer for Idle. Initial: 30720K, Alloc Tax Rate: 1.0x
[2026-04-03T02:38:19.708+0600][84.064s][info][gc          ] Trigger: Average GC time (176.03 ms) is above the time for average allocation rate (1305 MB/s) to deplete free headroom (229M) (margin of error = 1.86)
[2026-04-03T02:38:19.708+0600][84.064s][info][gc,ergo     ] Free headroom: 304M (free) - 76800K (spike) - 0B (penalties) = 229M
[2026-04-03T02:38:19.708+0600][84.064s][info][gc,ergo     ] Free: 304M, Max: 512K regular, 290M humongous, Frag: 5% external, 1% internal; Reserve: 76800K, Max: 512K
[2026-04-03T02:38:19.708+0600][84.064s][info][gc,start    ] GC(79) Concurrent reset
[2026-04-03T02:38:19.708+0600][84.064s][info][gc,task     ] GC(79) Using 3 of 6 workers for concurrent reset
[2026-04-03T02:38:19.708+0600][84.064s][info][gc,ergo     ] GC(79) Pacer for Reset. Non-Taxable: 1500M
[2026-04-03T02:38:19.709+0600][84.065s][info][gc          ] GC(79) Concurrent reset 1.179ms
[2026-04-03T02:38:19.709+0600][84.066s][info][gc,start    ] GC(79) Pause Init Mark (unload classes)
[2026-04-03T02:38:19.709+0600][84.066s][info][gc,task     ] GC(79) Using 6 of 6 workers for init marking
[2026-04-03T02:38:19.709+0600][84.066s][info][gc,ergo     ] GC(79) Pacer for Mark. Expected Live: 95824K, Free: 304M, Non-Taxable: 31146K, Alloc Tax Rate: 0.4x
[2026-04-03T02:38:19.709+0600][84.066s][info][gc          ] GC(79) Pause Init Mark (unload classes) 0.061ms
[2026-04-03T02:38:19.709+0600][84.066s][info][gc,start    ] GC(79) Concurrent marking roots
[2026-04-03T02:38:19.709+0600][84.066s][info][gc,task     ] GC(79) Using 3 of 6 workers for concurrent marking roots
[2026-04-03T02:38:19.710+0600][84.067s][info][gc          ] GC(79) Concurrent marking roots 0.855ms
[2026-04-03T02:38:19.710+0600][84.067s][info][gc,start    ] GC(79) Concurrent marking (unload classes)
[2026-04-03T02:38:19.710+0600][84.067s][info][gc,task     ] GC(79) Using 3 of 6 workers for concurrent marking
[2026-04-03T02:38:19.760+0600][84.116s][info][gc          ] GC(79) Concurrent marking (unload classes) 49.579ms
[2026-04-03T02:38:19.760+0600][84.116s][info][gc,start    ] GC(79) Pause Final Mark (unload classes)
[2026-04-03T02:38:19.760+0600][84.116s][info][gc,task     ] GC(79) Using 6 of 6 workers for final marking
[2026-04-03T02:38:19.761+0600][84.117s][info][gc,ergo     ] GC(79) Adaptive CSet Selection. Target Free: 212M, Actual Free: 1063M, Max CSet: 64000K, Min Garbage: 0B
[2026-04-03T02:38:19.761+0600][84.117s][info][gc,ergo     ] GC(79) Collectable Garbage: 932M (99%), Immediate: 741M (78%), CSet: 191M (20%)
[2026-04-03T02:38:19.761+0600][84.117s][info][gc,ergo     ] GC(79) Pacer for Evacuation. Used CSet: 198M, Free: 1074M, Non-Taxable: 107M, Alloc Tax Rate: 1.1x
[2026-04-03T02:38:19.761+0600][84.117s][info][gc          ] GC(79) Pause Final Mark (unload classes) 0.828ms
[2026-04-03T02:38:19.761+0600][84.117s][info][gc,start    ] GC(79) Concurrent thread roots
[2026-04-03T02:38:19.761+0600][84.117s][info][gc,task     ] GC(79) Using 3 of 6 workers for Concurrent thread roots
[2026-04-03T02:38:19.763+0600][84.119s][info][gc          ] GC(79) Concurrent thread roots 1.350ms
[2026-04-03T02:38:19.763+0600][84.119s][info][gc,start    ] GC(79) Concurrent weak references
[2026-04-03T02:38:19.763+0600][84.119s][info][gc,task     ] GC(79) Using 3 of 6 workers for concurrent weak references
[2026-04-03T02:38:19.763+0600][84.119s][info][gc,ref      ] GC(79) Encountered references: Soft: 3784, Weak: 16652, Final: 84, Phantom: 620
[2026-04-03T02:38:19.763+0600][84.119s][info][gc,ref      ] GC(79) Discovered  references: Soft: 0, Weak: 5288, Final: 0, Phantom: 244
[2026-04-03T02:38:19.763+0600][84.119s][info][gc,ref      ] GC(79) Enqueued    references: Soft: 0, Weak: 2272, Final: 0, Phantom: 0
[2026-04-03T02:38:19.763+0600][84.119s][info][gc          ] GC(79) Concurrent weak references 0.661ms
[2026-04-03T02:38:19.763+0600][84.119s][info][gc,start    ] GC(79) Concurrent weak roots
[2026-04-03T02:38:19.763+0600][84.119s][info][gc,task     ] GC(79) Using 3 of 6 workers for concurrent weak root
[2026-04-03T02:38:19.776+0600][84.132s][info][gc          ] GC(79) Concurrent weak roots 12.373ms
[2026-04-03T02:38:19.776+0600][84.132s][info][gc,start    ] GC(79) Concurrent cleanup
[2026-04-03T02:38:19.776+0600][84.133s][info][gc          ] GC(79) Concurrent cleanup 1179M->437M(1292M) 0.630ms
[2026-04-03T02:38:19.776+0600][84.133s][info][gc,ergo     ] GC(79) Free: 970M, Max: 512K regular, 143M humongous, Frag: 86% external, 0% internal; Reserve: 76448K, Max: 512K
[2026-04-03T02:38:19.776+0600][84.133s][info][gc,start    ] GC(79) Concurrent class unloading
[2026-04-03T02:38:19.776+0600][84.133s][info][gc,task     ] GC(79) Using 3 of 6 workers for concurrent class unloading
[2026-04-03T02:38:19.791+0600][84.147s][info][gc          ] GC(79) Concurrent class unloading 14.730ms
[2026-04-03T02:38:19.791+0600][84.148s][info][gc,start    ] GC(79) Concurrent strong roots
[2026-04-03T02:38:19.791+0600][84.148s][info][gc,task     ] GC(79) Using 3 of 6 workers for concurrent strong root
[2026-04-03T02:38:19.793+0600][84.149s][info][gc          ] GC(79) Concurrent strong roots 1.256ms
[2026-04-03T02:38:19.793+0600][84.149s][info][gc,start    ] GC(79) Concurrent evacuation
[2026-04-03T02:38:19.793+0600][84.149s][info][gc,task     ] GC(79) Using 3 of 6 workers for concurrent evacuation
[2026-04-03T02:38:19.796+0600][84.152s][info][gc          ] GC(79) Concurrent evacuation 3.040ms
[2026-04-03T02:38:19.796+0600][84.152s][info][gc,start    ] GC(79) Pause Init Update Refs
[2026-04-03T02:38:19.796+0600][84.152s][info][gc,ergo     ] GC(79) Pacer for Update Refs. Used: 450M, Free: 964M, Non-Taxable: 98807K, Alloc Tax Rate: 1.1x
[2026-04-03T02:38:19.796+0600][84.152s][info][gc          ] GC(79) Pause Init Update Refs 0.104ms
[2026-04-03T02:38:19.796+0600][84.152s][info][gc,start    ] GC(79) Concurrent update references
[2026-04-03T02:38:19.796+0600][84.152s][info][gc,task     ] GC(79) Using 3 of 6 workers for concurrent reference update
[2026-04-03T02:38:19.851+0600][84.207s][info][gc          ] GC(79) Concurrent update references 54.577ms
[2026-04-03T02:38:19.851+0600][84.207s][info][gc,start    ] GC(79) Concurrent update thread roots
[2026-04-03T02:38:19.853+0600][84.209s][info][gc          ] GC(79) Concurrent update thread roots 1.802ms
[2026-04-03T02:38:19.853+0600][84.209s][info][gc,start    ] GC(79) Pause Final Update Refs
[2026-04-03T02:38:19.853+0600][84.209s][info][gc,task     ] GC(79) Using 6 of 6 workers for final reference update
[2026-04-03T02:38:19.853+0600][84.209s][info][gc          ] GC(79) Pause Final Update Refs 0.270ms
[2026-04-03T02:38:19.853+0600][84.209s][info][gc,start    ] GC(79) Concurrent cleanup
[2026-04-03T02:38:19.854+0600][84.210s][info][gc          ] GC(79) Concurrent cleanup 650M->454M(1292M) 0.755ms
[2026-04-03T02:38:19.854+0600][84.210s][info][gc,ergo     ] Free: 930M, Max: 512K regular, 632M humongous, Frag: 32% external, 0% internal; Reserve: 76800K, Max: 512K
[2026-04-03T02:38:19.854+0600][84.210s][info][gc,stats    ] 
[2026-04-03T02:38:19.854+0600][84.210s][info][gc,stats    ] All times are wall-clock times, except per-root-class counters, that are sum over
[2026-04-03T02:38:19.854+0600][84.210s][info][gc,stats    ] all workers. Dividing the <total> over the root stage time estimates parallelism.
[2026-04-03T02:38:19.854+0600][84.210s][info][gc,stats    ] 
[2026-04-03T02:38:19.854+0600][84.210s][info][gc,stats    ] Concurrent Reset                   1224 us
[2026-04-03T02:38:19.854+0600][84.210s][info][gc,stats    ] Pause Init Mark (G)                 234 us
[2026-04-03T02:38:19.854+0600][84.210s][info][gc,stats    ] Pause Init Mark (N)                  67 us
[2026-04-03T02:38:19.854+0600][84.210s][info][gc,stats    ]   Update Region States               15 us
[2026-04-03T02:38:19.854+0600][84.210s][info][gc,stats    ] Concurrent Mark Roots               882 us, parallelism: 1.74x
[2026-04-03T02:38:19.854+0600][84.211s][info][gc,stats    ]   CMR: <total>                     1536 us
[2026-04-03T02:38:19.854+0600][84.211s][info][gc,stats    ]   CMR: Thread Roots                1374 us, workers (us): 420, 507, 447, ---, ---, ---, 
[2026-04-03T02:38:19.854+0600][84.211s][info][gc,stats    ]   CMR: VM Strong Roots               21 us, workers (us):  20,   1,   0, ---, ---, ---, 
[2026-04-03T02:38:19.854+0600][84.211s][info][gc,stats    ]   CMR: CLDG Roots                   141 us, workers (us): 141, ---, ---, ---, ---, ---, 
[2026-04-03T02:38:19.854+0600][84.211s][info][gc,stats    ] Concurrent Marking                49683 us
[2026-04-03T02:38:19.854+0600][84.211s][info][gc,stats    ] Pause Final Mark (G)               1076 us
[2026-04-03T02:38:19.854+0600][84.211s][info][gc,stats    ] Pause Final Mark (N)                839 us
[2026-04-03T02:38:19.854+0600][84.211s][info][gc,stats    ]   Finish Mark                       236 us
[2026-04-03T02:38:19.854+0600][84.211s][info][gc,stats    ]   Update Region States               88 us
[2026-04-03T02:38:19.854+0600][84.211s][info][gc,stats    ]   Choose Collection Set             277 us
[2026-04-03T02:38:19.854+0600][84.211s][info][gc,stats    ]   Rebuild Free Set                   63 us
[2026-04-03T02:38:19.854+0600][84.211s][info][gc,stats    ] Concurrent Thread Roots            1465 us, parallelism: 2.10x
[2026-04-03T02:38:19.854+0600][84.211s][info][gc,stats    ]   CTR: <total>                     3075 us
[2026-04-03T02:38:19.854+0600][84.211s][info][gc,stats    ]   CTR: Thread Roots                3075 us, workers (us): 1017, 1030, 1029, ---, ---, ---, 
[2026-04-03T02:38:19.854+0600][84.211s][info][gc,stats    ] Concurrent Weak References          679 us, parallelism: 1.55x
[2026-04-03T02:38:19.854+0600][84.211s][info][gc,stats    ]   CWRF: <total>                    1050 us
[2026-04-03T02:38:19.855+0600][84.211s][info][gc,stats    ]   CWRF: Weak References            1050 us, workers (us): 319, 367, 364, ---, ---, ---, 
[2026-04-03T02:38:19.855+0600][84.211s][info][gc,stats    ] Concurrent Weak Roots             12490 us
[2026-04-03T02:38:19.855+0600][84.211s][info][gc,stats    ]   Roots                            7550 us, parallelism: 2.71x
[2026-04-03T02:38:19.855+0600][84.211s][info][gc,stats    ]     CWR: <total>                  20487 us
[2026-04-03T02:38:19.855+0600][84.211s][info][gc,stats    ]     CWR: Code Cache Roots         17479 us, workers (us): 5617, 5800, 6063, ---, ---, ---, 
[2026-04-03T02:38:19.855+0600][84.211s][info][gc,stats    ]     CWR: VM Weak Roots             2777 us, workers (us): 943, 943, 891, ---, ---, ---, 
[2026-04-03T02:38:19.855+0600][84.211s][info][gc,stats    ]     CWR: CLDG Roots                 231 us, workers (us): 231, ---, ---, ---, ---, ---, 
[2026-04-03T02:38:19.855+0600][84.211s][info][gc,stats    ]   Rendezvous                       4787 us
[2026-04-03T02:38:19.855+0600][84.211s][info][gc,stats    ] Concurrent Cleanup                  652 us
[2026-04-03T02:38:19.855+0600][84.211s][info][gc,stats    ] Concurrent Class Unloading        14815 us
[2026-04-03T02:38:19.855+0600][84.211s][info][gc,stats    ]   Unlink Stale                    13408 us
[2026-04-03T02:38:19.855+0600][84.211s][info][gc,stats    ]     System Dictionary               379 us
[2026-04-03T02:38:19.855+0600][84.211s][info][gc,stats    ]     Weak Class Links                  1 us
[2026-04-03T02:38:19.855+0600][84.211s][info][gc,stats    ]     Code Roots                    13024 us
[2026-04-03T02:38:19.855+0600][84.211s][info][gc,stats    ]   Rendezvous                        361 us
[2026-04-03T02:38:19.855+0600][84.211s][info][gc,stats    ]   Purge Unlinked                    923 us
[2026-04-03T02:38:19.855+0600][84.211s][info][gc,stats    ]     Code Roots                      911 us
[2026-04-03T02:38:19.855+0600][84.211s][info][gc,stats    ]     CLDG                             12 us
[2026-04-03T02:38:19.855+0600][84.211s][info][gc,stats    ]     Exception Caches                  0 us
[2026-04-03T02:38:19.855+0600][84.211s][info][gc,stats    ] Concurrent Strong Roots            1354 us, parallelism: 0.66x
[2026-04-03T02:38:19.855+0600][84.211s][info][gc,stats    ]   CSR: <total>                      893 us
[2026-04-03T02:38:19.855+0600][84.211s][info][gc,stats    ]   CSR: VM Strong Roots               48 us, workers (us):  47,   1,   0, ---, ---, ---, 
[2026-04-03T02:38:19.855+0600][84.211s][info][gc,stats    ]   CSR: CLDG Roots                   845 us, workers (us): 845, ---, ---, ---, ---, ---, 
[2026-04-03T02:38:19.855+0600][84.211s][info][gc,stats    ] Concurrent Evacuation              3131 us
[2026-04-03T02:38:19.855+0600][84.211s][info][gc,stats    ] Pause Init Update Refs (G)          402 us
[2026-04-03T02:38:19.855+0600][84.211s][info][gc,stats    ] Pause Init Update Refs (N)          116 us
[2026-04-03T02:38:19.855+0600][84.211s][info][gc,stats    ]   Manage GCLABs                      23 us
[2026-04-03T02:38:19.855+0600][84.211s][info][gc,stats    ] Concurrent Update Refs            54695 us
[2026-04-03T02:38:19.855+0600][84.211s][info][gc,stats    ] Concurrent Update Thread Roots     1884 us
[2026-04-03T02:38:19.855+0600][84.211s][info][gc,stats    ] Pause Final Update Refs (G)         468 us
[2026-04-03T02:38:19.855+0600][84.211s][info][gc,stats    ] Pause Final Update Refs (N)         303 us
[2026-04-03T02:38:19.855+0600][84.211s][info][gc,stats    ]   Update Region States               95 us
[2026-04-03T02:38:19.855+0600][84.211s][info][gc,stats    ]   Trash Collection Set               21 us
[2026-04-03T02:38:19.855+0600][84.211s][info][gc,stats    ]   Rebuild Free Set                   55 us
[2026-04-03T02:38:19.855+0600][84.211s][info][gc,stats    ] Concurrent Cleanup                  804 us
[2026-04-03T02:38:19.855+0600][84.211s][info][gc,stats    ] Pacing                           116317 us
[2026-04-03T02:38:19.855+0600][84.211s][info][gc,stats    ] 
[2026-04-03T02:38:19.855+0600][84.211s][info][gc,stats    ] Allocation pacing accrued:
[2026-04-03T02:38:19.855+0600][84.211s][info][gc,stats    ]      21 of   900 ms (  2.4%): dispatcher-BlockManagerMaster
[2026-04-03T02:38:19.855+0600][84.211s][info][gc,stats    ]      10 of   900 ms (  1.1%): dispatcher-BlockManagerEndpoint1
[2026-04-03T02:38:19.855+0600][84.211s][info][gc,stats    ]      21 of   900 ms (  2.3%): Executor task launch worker for task 1.0 in stage 3966.0 (TID 7390)
[2026-04-03T02:38:19.855+0600][84.211s][info][gc,stats    ]      21 of   900 ms (  2.4%): Executor task launch worker for task 2.0 in stage 3966.0 (TID 7391)
[2026-04-03T02:38:19.855+0600][84.211s][info][gc,stats    ]      21 of   900 ms (  2.3%): Executor task launch worker for task 0.0 in stage 3966.0 (TID 7389)
[2026-04-03T02:38:19.855+0600][84.211s][info][gc,stats    ]      22 of   900 ms (  2.4%): Executor task launch worker for task 3.0 in stage 3966.0 (TID 7392)
[2026-04-03T02:38:19.855+0600][84.211s][info][gc,stats    ]     116 of   900 ms ( 12.9%): <total>
[2026-04-03T02:38:19.855+0600][84.211s][info][gc,stats    ]       0 of   900 ms (  0.0%): <average total>
[2026-04-03T02:38:19.855+0600][84.211s][info][gc,stats    ]      19 of   900 ms (  2.2%): <average non-zero>
[2026-04-03T02:38:19.855+0600][84.211s][info][gc,stats    ] 
[2026-04-03T02:38:19.855+0600][84.211s][info][gc,metaspace] Metaspace: 131924K(133248K)->131930K(133248K) NonClass: 115341K(115968K)->115347K(115968K) Class: 16583K(17280K)->16583K(17280K)
[2026-04-03T02:38:19.855+0600][84.211s][info][gc,ergo     ] Pacer for Idle. Initial: 30720K, Alloc Tax Rate: 1.0x
[2026-04-03T02:38:19.957+0600][84.314s][info][gc          ] Trigger: Average GC time (167.49 ms) is above the time for average allocation rate (3047 MB/s) to deplete free headroom (441M) (margin of error = 1.88)
[2026-04-03T02:38:19.957+0600][84.314s][info][gc,ergo     ] Free headroom: 516M (free) - 76800K (spike) - 0B (penalties) = 441M
[2026-04-03T02:38:19.957+0600][84.314s][info][gc,ergo     ] Free: 516M, Max: 512K regular, 317M humongous, Frag: 39% external, 0% internal; Reserve: 76800K, Max: 512K
[2026-04-03T02:38:19.957+0600][84.314s][info][gc,start    ] GC(80) Concurrent reset
[2026-04-03T02:38:19.957+0600][84.314s][info][gc,task     ] GC(80) Using 3 of 6 workers for concurrent reset
[2026-04-03T02:38:19.957+0600][84.314s][info][gc,ergo     ] GC(80) Pacer for Reset. Non-Taxable: 1500M
[2026-04-03T02:38:19.958+0600][84.315s][info][gc          ] GC(80) Concurrent reset 0.938ms
[2026-04-03T02:38:19.959+0600][84.315s][info][gc,start    ] GC(80) Pause Init Mark (unload classes)
[2026-04-03T02:38:19.959+0600][84.315s][info][gc,task     ] GC(80) Using 6 of 6 workers for init marking
[2026-04-03T02:38:19.959+0600][84.315s][info][gc,ergo     ] GC(80) Pacer for Mark. Expected Live: 95711K, Free: 515M, Non-Taxable: 52794K, Alloc Tax Rate: 0.2x
[2026-04-03T02:38:19.959+0600][84.315s][info][gc          ] GC(80) Pause Init Mark (unload classes) 0.087ms
[2026-04-03T02:38:19.959+0600][84.315s][info][gc,start    ] GC(80) Concurrent marking roots
[2026-04-03T02:38:19.959+0600][84.315s][info][gc,task     ] GC(80) Using 3 of 6 workers for concurrent marking roots
[2026-04-03T02:38:19.960+0600][84.316s][info][gc          ] GC(80) Concurrent marking roots 1.060ms
[2026-04-03T02:38:19.960+0600][84.316s][info][gc,start    ] GC(80) Concurrent marking (unload classes)
[2026-04-03T02:38:19.960+0600][84.316s][info][gc,task     ] GC(80) Using 3 of 6 workers for concurrent marking
[2026-04-03T02:38:20.024+0600][84.380s][info][gc          ] GC(80) Concurrent marking (unload classes) 63.668ms
[2026-04-03T02:38:20.024+0600][84.380s][info][gc,start    ] GC(80) Pause Final Mark (unload classes)
[2026-04-03T02:38:20.024+0600][84.380s][info][gc,task     ] GC(80) Using 6 of 6 workers for final marking
[2026-04-03T02:38:20.024+0600][84.380s][info][gc,ergo     ] GC(80) Adaptive CSet Selection. Target Free: 212M, Actual Free: 1165M, Max CSet: 64000K, Min Garbage: 0B
[2026-04-03T02:38:20.024+0600][84.381s][info][gc,ergo     ] GC(80) Collectable Garbage: 728M (98%), Immediate: 641M (87%), CSet: 88896K (11%)
[2026-04-03T02:38:20.024+0600][84.381s][info][gc,ergo     ] GC(80) Pacer for Evacuation. Used CSet: 94144K, Free: 1172M, Non-Taxable: 117M, Alloc Tax Rate: 1.1x
[2026-04-03T02:38:20.024+0600][84.381s][info][gc          ] GC(80) Pause Final Mark (unload classes) 0.642ms
[2026-04-03T02:38:20.024+0600][84.381s][info][gc,start    ] GC(80) Concurrent thread roots
[2026-04-03T02:38:20.025+0600][84.381s][info][gc,task     ] GC(80) Using 3 of 6 workers for Concurrent thread roots
[2026-04-03T02:38:20.026+0600][84.382s][info][gc          ] GC(80) Concurrent thread roots 1.346ms
[2026-04-03T02:38:20.026+0600][84.382s][info][gc,start    ] GC(80) Concurrent weak references
[2026-04-03T02:38:20.026+0600][84.382s][info][gc,task     ] GC(80) Using 3 of 6 workers for concurrent weak references
[2026-04-03T02:38:20.027+0600][84.383s][info][gc,ref      ] GC(80) Encountered references: Soft: 3784, Weak: 14760, Final: 84, Phantom: 620
[2026-04-03T02:38:20.027+0600][84.383s][info][gc,ref      ] GC(80) Discovered  references: Soft: 0, Weak: 8448, Final: 84, Phantom: 296
[2026-04-03T02:38:20.027+0600][84.383s][info][gc,ref      ] GC(80) Enqueued    references: Soft: 0, Weak: 394, Final: 0, Phantom: 0
[2026-04-03T02:38:20.027+0600][84.383s][info][gc          ] GC(80) Concurrent weak references 0.904ms
[2026-04-03T02:38:20.027+0600][84.383s][info][gc,start    ] GC(80) Concurrent weak roots
[2026-04-03T02:38:20.027+0600][84.383s][info][gc,task     ] GC(80) Using 3 of 6 workers for concurrent weak root
[2026-04-03T02:38:20.032+0600][84.388s][info][gc          ] GC(80) Concurrent weak roots 5.354ms
[2026-04-03T02:38:20.032+0600][84.388s][info][gc,start    ] GC(80) Concurrent cleanup
[2026-04-03T02:38:20.033+0600][84.389s][info][gc          ] GC(80) Concurrent cleanup 883M->242M(1292M) 0.784ms
[2026-04-03T02:38:20.033+0600][84.389s][info][gc,ergo     ] GC(80) Free: 1171M, Max: 512K regular, 273M humongous, Frag: 77% external, 0% internal; Reserve: 76422K, Max: 512K
[2026-04-03T02:38:20.033+0600][84.389s][info][gc,start    ] GC(80) Concurrent class unloading
[2026-04-03T02:38:20.033+0600][84.389s][info][gc,task     ] GC(80) Using 3 of 6 workers for concurrent class unloading
[2026-04-03T02:38:20.048+0600][84.404s][info][gc          ] GC(80) Concurrent class unloading 14.370ms
[2026-04-03T02:38:20.048+0600][84.404s][info][gc,start    ] GC(80) Concurrent strong roots
[2026-04-03T02:38:20.048+0600][84.404s][info][gc,task     ] GC(80) Using 3 of 6 workers for concurrent strong root
[2026-04-03T02:38:20.049+0600][84.405s][info][gc          ] GC(80) Concurrent strong roots 1.396ms
[2026-04-03T02:38:20.049+0600][84.405s][info][gc,start    ] GC(80) Concurrent evacuation
[2026-04-03T02:38:20.049+0600][84.405s][info][gc,task     ] GC(80) Using 3 of 6 workers for concurrent evacuation
[2026-04-03T02:38:20.051+0600][84.407s][info][gc          ] GC(80) Concurrent evacuation 2.132ms
[2026-04-03T02:38:20.051+0600][84.408s][info][gc,start    ] GC(80) Pause Init Update Refs
[2026-04-03T02:38:20.051+0600][84.408s][info][gc,ergo     ] GC(80) Pacer for Update Refs. Used: 253M, Free: 1165M, Non-Taxable: 116M, Alloc Tax Rate: 1.1x
[2026-04-03T02:38:20.052+0600][84.408s][info][gc          ] GC(80) Pause Init Update Refs 0.103ms
[2026-04-03T02:38:20.052+0600][84.408s][info][gc,start    ] GC(80) Concurrent update references
[2026-04-03T02:38:20.052+0600][84.408s][info][gc,task     ] GC(80) Using 3 of 6 workers for concurrent reference update
[2026-04-03T02:38:20.102+0600][84.458s][info][gc          ] GC(80) Concurrent update references 50.188ms
[2026-04-03T02:38:20.102+0600][84.458s][info][gc,start    ] GC(80) Concurrent update thread roots
[2026-04-03T02:38:20.104+0600][84.460s][info][gc          ] GC(80) Concurrent update thread roots 1.693ms
[2026-04-03T02:38:20.104+0600][84.460s][info][gc,start    ] GC(80) Pause Final Update Refs
[2026-04-03T02:38:20.104+0600][84.460s][info][gc,task     ] GC(80) Using 6 of 6 workers for final reference update
[2026-04-03T02:38:20.104+0600][84.460s][info][gc          ] GC(80) Pause Final Update Refs 0.181ms
[2026-04-03T02:38:20.104+0600][84.460s][info][gc,start    ] GC(80) Concurrent cleanup
[2026-04-03T02:38:20.104+0600][84.461s][info][gc          ] GC(80) Concurrent cleanup 287M->195M(1292M) 0.237ms
[2026-04-03T02:38:20.104+0600][84.461s][info][gc,ergo     ] Free: 1213M, Max: 512K regular, 462M humongous, Frag: 62% external, 0% internal; Reserve: 76800K, Max: 512K
[2026-04-03T02:38:20.105+0600][84.461s][info][gc,stats    ] 
[2026-04-03T02:38:20.105+0600][84.461s][info][gc,stats    ] All times are wall-clock times, except per-root-class counters, that are sum over
[2026-04-03T02:38:20.105+0600][84.461s][info][gc,stats    ] all workers. Dividing the <total> over the root stage time estimates parallelism.
[2026-04-03T02:38:20.105+0600][84.461s][info][gc,stats    ] 
[2026-04-03T02:38:20.105+0600][84.461s][info][gc,stats    ] Concurrent Reset                    966 us
[2026-04-03T02:38:20.105+0600][84.461s][info][gc,stats    ] Pause Init Mark (G)                 374 us
[2026-04-03T02:38:20.105+0600][84.461s][info][gc,stats    ] Pause Init Mark (N)                 102 us
[2026-04-03T02:38:20.105+0600][84.461s][info][gc,stats    ]   Update Region States               26 us
[2026-04-03T02:38:20.105+0600][84.461s][info][gc,stats    ] Concurrent Mark Roots              1093 us, parallelism: 1.50x
[2026-04-03T02:38:20.105+0600][84.461s][info][gc,stats    ]   CMR: <total>                     1642 us
[2026-04-03T02:38:20.105+0600][84.461s][info][gc,stats    ]   CMR: Thread Roots                1388 us, workers (us): 319, 536, 534, ---, ---, ---, 
[2026-04-03T02:38:20.105+0600][84.461s][info][gc,stats    ]   CMR: VM Strong Roots               35 us, workers (us):  19,  16,   0, ---, ---, ---, 
[2026-04-03T02:38:20.105+0600][84.461s][info][gc,stats    ]   CMR: CLDG Roots                   219 us, workers (us): 219, ---, ---, ---, ---, ---, 
[2026-04-03T02:38:20.105+0600][84.461s][info][gc,stats    ] Concurrent Marking                63752 us
[2026-04-03T02:38:20.105+0600][84.461s][info][gc,stats    ] Pause Final Mark (G)                783 us
[2026-04-03T02:38:20.105+0600][84.461s][info][gc,stats    ] Pause Final Mark (N)                653 us
[2026-04-03T02:38:20.105+0600][84.461s][info][gc,stats    ]   Finish Mark                       291 us
[2026-04-03T02:38:20.105+0600][84.461s][info][gc,stats    ]   Update Region States               47 us
[2026-04-03T02:38:20.105+0600][84.461s][info][gc,stats    ]   Choose Collection Set             164 us
[2026-04-03T02:38:20.105+0600][84.461s][info][gc,stats    ]   Rebuild Free Set                   39 us
[2026-04-03T02:38:20.105+0600][84.461s][info][gc,stats    ] Concurrent Thread Roots            1413 us, parallelism: 2.12x
[2026-04-03T02:38:20.105+0600][84.461s][info][gc,stats    ]   CTR: <total>                     2994 us
[2026-04-03T02:38:20.105+0600][84.461s][info][gc,stats    ]   CTR: Thread Roots                2994 us, workers (us): 1108, 941, 945, ---, ---, ---, 
[2026-04-03T02:38:20.105+0600][84.461s][info][gc,stats    ] Concurrent Weak References          913 us, parallelism: 1.29x
[2026-04-03T02:38:20.105+0600][84.461s][info][gc,stats    ]   CWRF: <total>                    1179 us
[2026-04-03T02:38:20.105+0600][84.461s][info][gc,stats    ]   CWRF: Weak References            1179 us, workers (us): 774, 259, 147, ---, ---, ---, 
[2026-04-03T02:38:20.105+0600][84.461s][info][gc,stats    ] Concurrent Weak Roots              5434 us
[2026-04-03T02:38:20.105+0600][84.461s][info][gc,stats    ]   Roots                            5041 us, parallelism: 2.68x
[2026-04-03T02:38:20.105+0600][84.461s][info][gc,stats    ]     CWR: <total>                  13491 us
[2026-04-03T02:38:20.105+0600][84.461s][info][gc,stats    ]     CWR: Code Cache Roots         10831 us, workers (us): 3617, 3433, 3781, ---, ---, ---, 
[2026-04-03T02:38:20.105+0600][84.461s][info][gc,stats    ]     CWR: VM Weak Roots             2547 us, workers (us): 865, 850, 832, ---, ---, ---, 
[2026-04-03T02:38:20.105+0600][84.461s][info][gc,stats    ]     CWR: CLDG Roots                 112 us, workers (us): ---, 112, ---, ---, ---, ---, 
[2026-04-03T02:38:20.105+0600][84.461s][info][gc,stats    ]   Rendezvous                        292 us
[2026-04-03T02:38:20.105+0600][84.461s][info][gc,stats    ] Concurrent Cleanup                  831 us
[2026-04-03T02:38:20.105+0600][84.461s][info][gc,stats    ] Concurrent Class Unloading        14442 us
[2026-04-03T02:38:20.105+0600][84.461s][info][gc,stats    ]   Unlink Stale                    13485 us
[2026-04-03T02:38:20.105+0600][84.461s][info][gc,stats    ]     System Dictionary               330 us
[2026-04-03T02:38:20.105+0600][84.461s][info][gc,stats    ]     Weak Class Links                  1 us
[2026-04-03T02:38:20.105+0600][84.461s][info][gc,stats    ]     Code Roots                    13151 us
[2026-04-03T02:38:20.105+0600][84.461s][info][gc,stats    ]   Rendezvous                        426 us
[2026-04-03T02:38:20.105+0600][84.461s][info][gc,stats    ]   Purge Unlinked                    426 us
[2026-04-03T02:38:20.105+0600][84.461s][info][gc,stats    ]     Code Roots                      414 us
[2026-04-03T02:38:20.105+0600][84.461s][info][gc,stats    ]     CLDG                             12 us
[2026-04-03T02:38:20.105+0600][84.461s][info][gc,stats    ]     Exception Caches                  0 us
[2026-04-03T02:38:20.105+0600][84.461s][info][gc,stats    ] Concurrent Strong Roots            1457 us, parallelism: 0.59x
[2026-04-03T02:38:20.105+0600][84.461s][info][gc,stats    ]   CSR: <total>                      853 us
[2026-04-03T02:38:20.105+0600][84.461s][info][gc,stats    ]   CSR: VM Strong Roots               54 us, workers (us):  23,  22,   9, ---, ---, ---, 
[2026-04-03T02:38:20.105+0600][84.461s][info][gc,stats    ]   CSR: CLDG Roots                   799 us, workers (us): ---, 799, ---, ---, ---, ---, 
[2026-04-03T02:38:20.105+0600][84.461s][info][gc,stats    ] Concurrent Evacuation              2195 us
[2026-04-03T02:38:20.105+0600][84.461s][info][gc,stats    ] Pause Init Update Refs (G)          393 us
[2026-04-03T02:38:20.105+0600][84.461s][info][gc,stats    ] Pause Init Update Refs (N)          118 us
[2026-04-03T02:38:20.105+0600][84.461s][info][gc,stats    ]   Manage GCLABs                      32 us
[2026-04-03T02:38:20.105+0600][84.461s][info][gc,stats    ] Concurrent Update Refs            50276 us
[2026-04-03T02:38:20.105+0600][84.461s][info][gc,stats    ] Concurrent Update Thread Roots     1770 us
[2026-04-03T02:38:20.105+0600][84.462s][info][gc,stats    ] Pause Final Update Refs (G)         503 us
[2026-04-03T02:38:20.105+0600][84.462s][info][gc,stats    ] Pause Final Update Refs (N)         196 us
[2026-04-03T02:38:20.105+0600][84.462s][info][gc,stats    ]   Update Region States               56 us
[2026-04-03T02:38:20.105+0600][84.462s][info][gc,stats    ]   Trash Collection Set               15 us
[2026-04-03T02:38:20.105+0600][84.462s][info][gc,stats    ]   Rebuild Free Set                   39 us
[2026-04-03T02:38:20.105+0600][84.462s][info][gc,stats    ] Concurrent Cleanup                  257 us
[2026-04-03T02:38:20.105+0600][84.462s][info][gc,stats    ] 
[2026-04-03T02:38:20.105+0600][84.462s][info][gc,stats    ] Allocation pacing accrued:
[2026-04-03T02:38:20.105+0600][84.462s][info][gc,stats    ]       0 of   250 ms (  0.0%): <total>
[2026-04-03T02:38:20.105+0600][84.462s][info][gc,stats    ]       0 of   250 ms (  0.0%): <average total>
[2026-04-03T02:38:20.105+0600][84.462s][info][gc,stats    ] 
[2026-04-03T02:38:20.105+0600][84.462s][info][gc,metaspace] Metaspace: 131931K(133248K)->131937K(133248K) NonClass: 115347K(115968K)->115354K(115968K) Class: 16583K(17280K)->16583K(17280K)
[2026-04-03T02:38:20.105+0600][84.462s][info][gc,ergo     ] Pacer for Idle. Initial: 30720K, Alloc Tax Rate: 1.0x
[2026-04-03T02:38:21.011+0600][85.367s][info][gc          ] Trigger: Average GC time (161.13 ms) is above the time for average allocation rate (1299 MB/s) to deplete free headroom (208M) (margin of error = 1.87)
[2026-04-03T02:38:21.011+0600][85.367s][info][gc,ergo     ] Free headroom: 283M (free) - 76800K (spike) - 0B (penalties) = 208M
[2026-04-03T02:38:21.011+0600][85.367s][info][gc,ergo     ] Free: 283M, Max: 512K regular, 148M humongous, Frag: 48% external, 0% internal; Reserve: 76800K, Max: 512K
[2026-04-03T02:38:21.011+0600][85.367s][info][gc,start    ] GC(81) Concurrent reset
[2026-04-03T02:38:21.011+0600][85.367s][info][gc,task     ] GC(81) Using 3 of 6 workers for concurrent reset
[2026-04-03T02:38:21.011+0600][85.367s][info][gc,ergo     ] GC(81) Pacer for Reset. Non-Taxable: 1500M
[2026-04-03T02:38:21.012+0600][85.368s][info][gc          ] GC(81) Concurrent reset 0.930ms
[2026-04-03T02:38:21.012+0600][85.368s][info][gc,start    ] GC(81) Pause Init Mark (unload classes)
[2026-04-03T02:38:21.012+0600][85.368s][info][gc,task     ] GC(81) Using 6 of 6 workers for init marking
[2026-04-03T02:38:21.012+0600][85.369s][info][gc,ergo     ] GC(81) Pacer for Mark. Expected Live: 94459K, Free: 283M, Non-Taxable: 28980K, Alloc Tax Rate: 0.4x
[2026-04-03T02:38:21.012+0600][85.369s][info][gc          ] GC(81) Pause Init Mark (unload classes) 0.142ms
[2026-04-03T02:38:21.013+0600][85.369s][info][gc,start    ] GC(81) Concurrent marking roots
[2026-04-03T02:38:21.013+0600][85.369s][info][gc,task     ] GC(81) Using 3 of 6 workers for concurrent marking roots
[2026-04-03T02:38:21.014+0600][85.370s][info][gc          ] GC(81) Concurrent marking roots 1.104ms
[2026-04-03T02:38:21.014+0600][85.370s][info][gc,start    ] GC(81) Concurrent marking (unload classes)
[2026-04-03T02:38:21.014+0600][85.370s][info][gc,task     ] GC(81) Using 3 of 6 workers for concurrent marking
[2026-04-03T02:38:21.073+0600][85.430s][info][gc          ] GC(81) Concurrent marking (unload classes) 59.658ms
[2026-04-03T02:38:21.074+0600][85.430s][info][gc,start    ] GC(81) Pause Final Mark (unload classes)
[2026-04-03T02:38:21.074+0600][85.430s][info][gc,task     ] GC(81) Using 6 of 6 workers for final marking
[2026-04-03T02:38:21.074+0600][85.430s][info][gc,ergo     ] GC(81) Adaptive CSet Selection. Target Free: 212M, Actual Free: 1046M, Max CSet: 64000K, Min Garbage: 0B
[2026-04-03T02:38:21.074+0600][85.431s][info][gc,ergo     ] GC(81) Collectable Garbage: 942M (99%), Immediate: 732M (76%), CSet: 210M (22%)
[2026-04-03T02:38:21.074+0600][85.431s][info][gc,ergo     ] GC(81) Pacer for Evacuation. Used CSet: 214M, Free: 1069M, Non-Taxable: 106M, Alloc Tax Rate: 1.1x
[2026-04-03T02:38:21.074+0600][85.431s][info][gc          ] GC(81) Pause Final Mark (unload classes) 0.847ms
[2026-04-03T02:38:21.075+0600][85.431s][info][gc,start    ] GC(81) Concurrent thread roots
[2026-04-03T02:38:21.075+0600][85.431s][info][gc,task     ] GC(81) Using 3 of 6 workers for Concurrent thread roots
[2026-04-03T02:38:21.075+0600][85.432s][info][gc          ] GC(81) Concurrent thread roots 0.917ms
[2026-04-03T02:38:21.075+0600][85.432s][info][gc,start    ] GC(81) Concurrent weak references
[2026-04-03T02:38:21.076+0600][85.432s][info][gc,task     ] GC(81) Using 3 of 6 workers for concurrent weak references
[2026-04-03T02:38:21.076+0600][85.433s][info][gc,ref      ] GC(81) Encountered references: Soft: 3784, Weak: 16024, Final: 84, Phantom: 620
[2026-04-03T02:38:21.076+0600][85.433s][info][gc,ref      ] GC(81) Discovered  references: Soft: 0, Weak: 9204, Final: 0, Phantom: 615
[2026-04-03T02:38:21.076+0600][85.433s][info][gc,ref      ] GC(81) Enqueued    references: Soft: 0, Weak: 269, Final: 0, Phantom: 0
[2026-04-03T02:38:21.076+0600][85.433s][info][gc          ] GC(81) Concurrent weak references 0.918ms
[2026-04-03T02:38:21.076+0600][85.433s][info][gc,start    ] GC(81) Concurrent weak roots
[2026-04-03T02:38:21.076+0600][85.433s][info][gc,task     ] GC(81) Using 3 of 6 workers for concurrent weak root
[2026-04-03T02:38:21.081+0600][85.437s][info][gc          ] GC(81) Concurrent weak roots 4.146ms
[2026-04-03T02:38:21.081+0600][85.437s][info][gc,start    ] GC(81) Concurrent cleanup
[2026-04-03T02:38:21.082+0600][85.438s][info][gc          ] GC(81) Concurrent cleanup 1086M->354M(1292M) 0.839ms
[2026-04-03T02:38:21.082+0600][85.438s][info][gc,ergo     ] GC(81) Free: 1064M, Max: 512K regular, 148M humongous, Frag: 87% external, 0% internal; Reserve: 76393K, Max: 512K
[2026-04-03T02:38:21.082+0600][85.438s][info][gc,start    ] GC(81) Concurrent class unloading
[2026-04-03T02:38:21.082+0600][85.438s][info][gc,task     ] GC(81) Using 3 of 6 workers for concurrent class unloading
[2026-04-03T02:38:21.108+0600][85.464s][info][gc          ] GC(81) Concurrent class unloading 26.451ms
[2026-04-03T02:38:21.108+0600][85.464s][info][gc,start    ] GC(81) Concurrent strong roots
[2026-04-03T02:38:21.108+0600][85.464s][info][gc,task     ] GC(81) Using 3 of 6 workers for concurrent strong root
[2026-04-03T02:38:21.110+0600][85.466s][info][gc          ] GC(81) Concurrent strong roots 1.704ms
[2026-04-03T02:38:21.110+0600][85.466s][info][gc,start    ] GC(81) Concurrent evacuation
[2026-04-03T02:38:21.110+0600][85.466s][info][gc,task     ] GC(81) Using 3 of 6 workers for concurrent evacuation
[2026-04-03T02:38:21.114+0600][85.471s][info][gc          ] GC(81) Concurrent evacuation 4.255ms
[2026-04-03T02:38:21.115+0600][85.471s][info][gc,start    ] GC(81) Pause Init Update Refs
[2026-04-03T02:38:21.115+0600][85.471s][info][gc,ergo     ] GC(81) Pacer for Update Refs. Used: 381M, Free: 1042M, Non-Taxable: 104M, Alloc Tax Rate: 1.1x
[2026-04-03T02:38:21.115+0600][85.471s][info][gc          ] GC(81) Pause Init Update Refs 0.189ms
[2026-04-03T02:38:21.115+0600][85.471s][info][gc,start    ] GC(81) Concurrent update references
[2026-04-03T02:38:21.115+0600][85.471s][info][gc,task     ] GC(81) Using 3 of 6 workers for concurrent reference update
[2026-04-03T02:38:21.154+0600][85.510s][info][gc          ] GC(81) Concurrent update references 39.144ms
[2026-04-03T02:38:21.154+0600][85.510s][info][gc,start    ] GC(81) Concurrent update thread roots
[2026-04-03T02:38:21.155+0600][85.512s][info][gc          ] GC(81) Concurrent update thread roots 1.160ms
[2026-04-03T02:38:21.156+0600][85.512s][info][gc,start    ] GC(81) Pause Final Update Refs
[2026-04-03T02:38:21.156+0600][85.512s][info][gc,task     ] GC(81) Using 6 of 6 workers for final reference update
[2026-04-03T02:38:21.156+0600][85.512s][info][gc          ] GC(81) Pause Final Update Refs 0.263ms
[2026-04-03T02:38:21.156+0600][85.512s][info][gc,start    ] GC(81) Concurrent cleanup
[2026-04-03T02:38:21.157+0600][85.513s][info][gc          ] GC(81) Concurrent cleanup 406M->193M(1292M) 0.561ms
[2026-04-03T02:38:21.157+0600][85.513s][info][gc,ergo     ] Free: 1220M, Max: 512K regular, 783M humongous, Frag: 36% external, 0% internal; Reserve: 76800K, Max: 512K
[2026-04-03T02:38:21.157+0600][85.513s][info][gc,stats    ] 
[2026-04-03T02:38:21.157+0600][85.513s][info][gc,stats    ] All times are wall-clock times, except per-root-class counters, that are sum over
[2026-04-03T02:38:21.157+0600][85.513s][info][gc,stats    ] all workers. Dividing the <total> over the root stage time estimates parallelism.
[2026-04-03T02:38:21.157+0600][85.513s][info][gc,stats    ] 
[2026-04-03T02:38:21.157+0600][85.513s][info][gc,stats    ] Concurrent Reset                    974 us
[2026-04-03T02:38:21.157+0600][85.513s][info][gc,stats    ] Pause Init Mark (G)                 504 us
[2026-04-03T02:38:21.157+0600][85.513s][info][gc,stats    ] Pause Init Mark (N)                 154 us
[2026-04-03T02:38:21.157+0600][85.513s][info][gc,stats    ]   Update Region States               33 us
[2026-04-03T02:38:21.157+0600][85.513s][info][gc,stats    ] Concurrent Mark Roots              1178 us, parallelism: 1.66x
[2026-04-03T02:38:21.157+0600][85.513s][info][gc,stats    ]   CMR: <total>                     1956 us
[2026-04-03T02:38:21.157+0600][85.513s][info][gc,stats    ]   CMR: Thread Roots                1647 us, workers (us): 396, 652, 599, ---, ---, ---, 
[2026-04-03T02:38:21.157+0600][85.513s][info][gc,stats    ]   CMR: VM Strong Roots               45 us, workers (us):  44,   1,   1, ---, ---, ---, 
[2026-04-03T02:38:21.157+0600][85.513s][info][gc,stats    ]   CMR: CLDG Roots                   264 us, workers (us): 264, ---, ---, ---, ---, ---, 
[2026-04-03T02:38:21.157+0600][85.513s][info][gc,stats    ] Concurrent Marking                59741 us
[2026-04-03T02:38:21.157+0600][85.513s][info][gc,stats    ] Pause Final Mark (G)               1071 us
[2026-04-03T02:38:21.157+0600][85.513s][info][gc,stats    ] Pause Final Mark (N)                860 us
[2026-04-03T02:38:21.157+0600][85.513s][info][gc,stats    ]   Finish Mark                       366 us
[2026-04-03T02:38:21.157+0600][85.513s][info][gc,stats    ]   Update Region States               58 us
[2026-04-03T02:38:21.157+0600][85.513s][info][gc,stats    ]   Choose Collection Set             257 us
[2026-04-03T02:38:21.157+0600][85.513s][info][gc,stats    ]   Rebuild Free Set                   38 us
[2026-04-03T02:38:21.157+0600][85.513s][info][gc,stats    ] Concurrent Thread Roots             956 us, parallelism: 2.10x
[2026-04-03T02:38:21.157+0600][85.513s][info][gc,stats    ]   CTR: <total>                     2011 us
[2026-04-03T02:38:21.157+0600][85.513s][info][gc,stats    ]   CTR: Thread Roots                2011 us, workers (us): 705, 653, 653, ---, ---, ---, 
[2026-04-03T02:38:21.157+0600][85.513s][info][gc,stats    ] Concurrent Weak References          931 us, parallelism: 1.39x
[2026-04-03T02:38:21.157+0600][85.513s][info][gc,stats    ]   CWRF: <total>                    1292 us
[2026-04-03T02:38:21.157+0600][85.513s][info][gc,stats    ]   CWRF: Weak References            1292 us, workers (us): 423, 718, 152, ---, ---, ---, 
[2026-04-03T02:38:21.157+0600][85.513s][info][gc,stats    ] Concurrent Weak Roots              4244 us
[2026-04-03T02:38:21.157+0600][85.513s][info][gc,stats    ]   Roots                            3505 us, parallelism: 2.62x
[2026-04-03T02:38:21.157+0600][85.513s][info][gc,stats    ]     CWR: <total>                   9190 us
[2026-04-03T02:38:21.157+0600][85.513s][info][gc,stats    ]     CWR: Code Cache Roots          7185 us, workers (us): 2300, 2509, 2376, ---, ---, ---, 
[2026-04-03T02:38:21.157+0600][85.513s][info][gc,stats    ]     CWR: VM Weak Roots             1909 us, workers (us): 668, 639, 602, ---, ---, ---, 
[2026-04-03T02:38:21.157+0600][85.513s][info][gc,stats    ]     CWR: CLDG Roots                  96 us, workers (us):  96, ---, ---, ---, ---, ---, 
[2026-04-03T02:38:21.157+0600][85.513s][info][gc,stats    ]   Rendezvous                        613 us
[2026-04-03T02:38:21.157+0600][85.513s][info][gc,stats    ] Concurrent Cleanup                  886 us
[2026-04-03T02:38:21.157+0600][85.513s][info][gc,stats    ] Concurrent Class Unloading        26580 us
[2026-04-03T02:38:21.157+0600][85.513s][info][gc,stats    ]   Unlink Stale                    22558 us
[2026-04-03T02:38:21.157+0600][85.513s][info][gc,stats    ]     System Dictionary               231 us
[2026-04-03T02:38:21.157+0600][85.513s][info][gc,stats    ]     Weak Class Links                  1 us
[2026-04-03T02:38:21.157+0600][85.513s][info][gc,stats    ]     Code Roots                    22321 us
[2026-04-03T02:38:21.157+0600][85.513s][info][gc,stats    ]   Rendezvous                        512 us
[2026-04-03T02:38:21.157+0600][85.513s][info][gc,stats    ]   Purge Unlinked                   3340 us
[2026-04-03T02:38:21.157+0600][85.513s][info][gc,stats    ]     Code Roots                     3302 us
[2026-04-03T02:38:21.157+0600][85.513s][info][gc,stats    ]     CLDG                             35 us
[2026-04-03T02:38:21.157+0600][85.513s][info][gc,stats    ]     Exception Caches                  1 us
[2026-04-03T02:38:21.157+0600][85.513s][info][gc,stats    ] Concurrent Strong Roots            1820 us, parallelism: 0.64x
[2026-04-03T02:38:21.157+0600][85.513s][info][gc,stats    ]   CSR: <total>                     1161 us
[2026-04-03T02:38:21.157+0600][85.513s][info][gc,stats    ]   CSR: VM Strong Roots               86 us, workers (us):  41,  45,   0, ---, ---, ---, 
[2026-04-03T02:38:21.157+0600][85.513s][info][gc,stats    ]   CSR: CLDG Roots                  1074 us, workers (us): 1074, ---, ---, ---, ---, ---, 
[2026-04-03T02:38:21.157+0600][85.513s][info][gc,stats    ] Concurrent Evacuation              4323 us
[2026-04-03T02:38:21.157+0600][85.513s][info][gc,stats    ] Pause Init Update Refs (G)          605 us
[2026-04-03T02:38:21.157+0600][85.513s][info][gc,stats    ] Pause Init Update Refs (N)          204 us
[2026-04-03T02:38:21.157+0600][85.513s][info][gc,stats    ]   Manage GCLABs                      52 us
[2026-04-03T02:38:21.157+0600][85.513s][info][gc,stats    ] Concurrent Update Refs            39236 us
[2026-04-03T02:38:21.157+0600][85.513s][info][gc,stats    ] Concurrent Update Thread Roots     1225 us
[2026-04-03T02:38:21.157+0600][85.513s][info][gc,stats    ] Pause Final Update Refs (G)         526 us
[2026-04-03T02:38:21.157+0600][85.513s][info][gc,stats    ] Pause Final Update Refs (N)         280 us
[2026-04-03T02:38:21.157+0600][85.513s][info][gc,stats    ]   Update Region States               89 us
[2026-04-03T02:38:21.157+0600][85.513s][info][gc,stats    ]   Trash Collection Set               21 us
[2026-04-03T02:38:21.157+0600][85.513s][info][gc,stats    ]   Rebuild Free Set                   44 us
[2026-04-03T02:38:21.157+0600][85.513s][info][gc,stats    ] Concurrent Cleanup                  587 us
[2026-04-03T02:38:21.157+0600][85.513s][info][gc,stats    ] Pacing                            11258 us
[2026-04-03T02:38:21.157+0600][85.513s][info][gc,stats    ] 
[2026-04-03T02:38:21.157+0600][85.513s][info][gc,stats    ] Allocation pacing accrued:
[2026-04-03T02:38:21.157+0600][85.513s][info][gc,stats    ]      11 of  1052 ms (  1.1%): dag-scheduler-event-loop
[2026-04-03T02:38:21.157+0600][85.513s][info][gc,stats    ]      11 of  1052 ms (  1.1%): <total>
[2026-04-03T02:38:21.157+0600][85.513s][info][gc,stats    ]       0 of  1052 ms (  0.0%): <average total>
[2026-04-03T02:38:21.157+0600][85.513s][info][gc,stats    ]      11 of  1052 ms (  1.1%): <average non-zero>
[2026-04-03T02:38:21.157+0600][85.513s][info][gc,stats    ] 
[2026-04-03T02:38:21.157+0600][85.513s][info][gc,metaspace] Metaspace: 131937K(133248K)->131937K(133248K) NonClass: 115354K(115968K)->115354K(115968K) Class: 16583K(17280K)->16583K(17280K)
[2026-04-03T02:38:21.157+0600][85.513s][info][gc,ergo     ] Pacer for Idle. Initial: 30720K, Alloc Tax Rate: 1.0x
[2026-04-03T02:38:21.661+0600][86.017s][info][gc          ] Trigger: Average GC time (156.33 ms) is above the time for average allocation rate (2696 MB/s) to deplete free headroom (283M) (margin of error = 1.87)
[2026-04-03T02:38:21.661+0600][86.017s][info][gc,ergo     ] Free headroom: 358M (free) - 76800K (spike) - 0B (penalties) = 283M
[2026-04-03T02:38:21.661+0600][86.017s][info][gc,ergo     ] Free: 358M, Max: 512K regular, 144M humongous, Frag: 60% external, 0% internal; Reserve: 76800K, Max: 512K
[2026-04-03T02:38:21.661+0600][86.017s][info][gc,start    ] GC(82) Concurrent reset
[2026-04-03T02:38:21.661+0600][86.017s][info][gc,task     ] GC(82) Using 3 of 6 workers for concurrent reset
[2026-04-03T02:38:21.661+0600][86.017s][info][gc,ergo     ] GC(82) Pacer for Reset. Non-Taxable: 1500M
[2026-04-03T02:38:21.663+0600][86.019s][info][gc          ] GC(82) Concurrent reset 1.496ms
[2026-04-03T02:38:21.663+0600][86.019s][info][gc,start    ] GC(82) Pause Init Mark (unload classes)
[2026-04-03T02:38:21.663+0600][86.019s][info][gc,task     ] GC(82) Using 6 of 6 workers for init marking
[2026-04-03T02:38:21.663+0600][86.019s][info][gc,ergo     ] GC(82) Pacer for Mark. Expected Live: 94342K, Free: 356M, Non-Taxable: 36502K, Alloc Tax Rate: 0.3x
[2026-04-03T02:38:21.663+0600][86.019s][info][gc          ] GC(82) Pause Init Mark (unload classes) 0.202ms
[2026-04-03T02:38:21.663+0600][86.020s][info][gc,start    ] GC(82) Concurrent marking roots
[2026-04-03T02:38:21.663+0600][86.020s][info][gc,task     ] GC(82) Using 3 of 6 workers for concurrent marking roots
[2026-04-03T02:38:21.665+0600][86.021s][info][gc          ] GC(82) Concurrent marking roots 1.737ms
[2026-04-03T02:38:21.665+0600][86.021s][info][gc,start    ] GC(82) Concurrent marking (unload classes)
[2026-04-03T02:38:21.665+0600][86.021s][info][gc,task     ] GC(82) Using 3 of 6 workers for concurrent marking
[2026-04-03T02:38:21.717+0600][86.074s][info][gc          ] GC(82) Concurrent marking (unload classes) 52.312ms
[2026-04-03T02:38:21.718+0600][86.074s][info][gc,start    ] GC(82) Pause Final Mark (unload classes)
[2026-04-03T02:38:21.718+0600][86.074s][info][gc,task     ] GC(82) Using 6 of 6 workers for final marking
[2026-04-03T02:38:21.718+0600][86.074s][info][gc,ergo     ] GC(82) Adaptive CSet Selection. Target Free: 212M, Actual Free: 1104M, Max CSet: 64000K, Min Garbage: 0B
[2026-04-03T02:38:21.718+0600][86.074s][info][gc,ergo     ] GC(82) Collectable Garbage: 886M (99%), Immediate: 727M (81%), CSet: 159M (17%)
[2026-04-03T02:38:21.718+0600][86.075s][info][gc,ergo     ] GC(82) Pacer for Evacuation. Used CSet: 165M, Free: 1110M, Non-Taxable: 111M, Alloc Tax Rate: 1.1x
[2026-04-03T02:38:21.718+0600][86.075s][info][gc          ] GC(82) Pause Final Mark (unload classes) 0.790ms
[2026-04-03T02:38:21.718+0600][86.075s][info][gc,start    ] GC(82) Concurrent thread roots
[2026-04-03T02:38:21.718+0600][86.075s][info][gc,task     ] GC(82) Using 3 of 6 workers for Concurrent thread roots
[2026-04-03T02:38:21.719+0600][86.076s][info][gc          ] GC(82) Concurrent thread roots 1.044ms
[2026-04-03T02:38:21.719+0600][86.076s][info][gc,start    ] GC(82) Concurrent weak references
[2026-04-03T02:38:21.720+0600][86.076s][info][gc,task     ] GC(82) Using 3 of 6 workers for concurrent weak references
[2026-04-03T02:38:21.721+0600][86.077s][info][gc,ref      ] GC(82) Encountered references: Soft: 3785, Weak: 16870, Final: 84, Phantom: 620
[2026-04-03T02:38:21.721+0600][86.077s][info][gc,ref      ] GC(82) Discovered  references: Soft: 0, Weak: 10725, Final: 84, Phantom: 616
[2026-04-03T02:38:21.721+0600][86.077s][info][gc,ref      ] GC(82) Enqueued    references: Soft: 0, Weak: 2276, Final: 0, Phantom: 0
[2026-04-03T02:38:21.721+0600][86.077s][info][gc          ] GC(82) Concurrent weak references 1.254ms
[2026-04-03T02:38:21.721+0600][86.077s][info][gc,start    ] GC(82) Concurrent weak roots
[2026-04-03T02:38:21.721+0600][86.077s][info][gc,task     ] GC(82) Using 3 of 6 workers for concurrent weak root
[2026-04-03T02:38:21.730+0600][86.086s][info][gc          ] GC(82) Concurrent weak roots 8.793ms
[2026-04-03T02:38:21.730+0600][86.086s][info][gc,start    ] GC(82) Concurrent cleanup
[2026-04-03T02:38:21.731+0600][86.087s][info][gc          ] GC(82) Concurrent cleanup 1135M->407M(1292M) 0.852ms
[2026-04-03T02:38:21.731+0600][86.087s][info][gc,ergo     ] GC(82) Free: 999M, Max: 512K regular, 288M humongous, Frag: 72% external, 0% internal; Reserve: 75837K, Max: 512K
[2026-04-03T02:38:21.731+0600][86.087s][info][gc,start    ] GC(82) Concurrent class unloading
[2026-04-03T02:38:21.731+0600][86.087s][info][gc,task     ] GC(82) Using 3 of 6 workers for concurrent class unloading
[2026-04-03T02:38:21.746+0600][86.103s][info][gc          ] GC(82) Concurrent class unloading 15.874ms
[2026-04-03T02:38:21.747+0600][86.103s][info][gc,start    ] GC(82) Concurrent strong roots
[2026-04-03T02:38:21.747+0600][86.103s][info][gc,task     ] GC(82) Using 3 of 6 workers for concurrent strong root
[2026-04-03T02:38:21.748+0600][86.104s][info][gc          ] GC(82) Concurrent strong roots 1.181ms
[2026-04-03T02:38:21.748+0600][86.104s][info][gc,start    ] GC(82) Concurrent evacuation
[2026-04-03T02:38:21.748+0600][86.104s][info][gc,task     ] GC(82) Using 3 of 6 workers for concurrent evacuation
[2026-04-03T02:38:21.751+0600][86.107s][info][gc          ] GC(82) Concurrent evacuation 3.149ms
[2026-04-03T02:38:21.752+0600][86.108s][info][gc,start    ] GC(82) Pause Init Update Refs
[2026-04-03T02:38:21.752+0600][86.108s][info][gc,ergo     ] GC(82) Pacer for Update Refs. Used: 461M, Free: 947M, Non-Taxable: 97010K, Alloc Tax Rate: 1.1x
[2026-04-03T02:38:21.752+0600][86.109s][info][gc          ] GC(82) Pause Init Update Refs 0.176ms
[2026-04-03T02:38:21.753+0600][86.109s][info][gc,start    ] GC(82) Concurrent update references
[2026-04-03T02:38:21.753+0600][86.109s][info][gc,task     ] GC(82) Using 3 of 6 workers for concurrent reference update
[2026-04-03T02:38:21.800+0600][86.156s][info][gc          ] GC(82) Concurrent update references 47.580ms
[2026-04-03T02:38:21.800+0600][86.156s][info][gc,start    ] GC(82) Concurrent update thread roots
[2026-04-03T02:38:21.803+0600][86.159s][info][gc          ] GC(82) Concurrent update thread roots 2.358ms
[2026-04-03T02:38:21.803+0600][86.159s][info][gc,start    ] GC(82) Pause Final Update Refs
[2026-04-03T02:38:21.803+0600][86.159s][info][gc,task     ] GC(82) Using 6 of 6 workers for final reference update
[2026-04-03T02:38:21.803+0600][86.159s][info][gc          ] GC(82) Pause Final Update Refs 0.248ms
[2026-04-03T02:38:21.803+0600][86.160s][info][gc,start    ] GC(82) Concurrent cleanup
[2026-04-03T02:38:21.804+0600][86.160s][info][gc          ] GC(82) Concurrent cleanup 581M->416M(1292M) 0.441ms
[2026-04-03T02:38:21.804+0600][86.160s][info][gc,ergo     ] Free: 970M, Max: 512K regular, 558M humongous, Frag: 43% external, 0% internal; Reserve: 76800K, Max: 512K
[2026-04-03T02:38:21.804+0600][86.160s][info][gc,stats    ] 
[2026-04-03T02:38:21.804+0600][86.160s][info][gc,stats    ] All times are wall-clock times, except per-root-class counters, that are sum over
[2026-04-03T02:38:21.804+0600][86.160s][info][gc,stats    ] all workers. Dividing the <total> over the root stage time estimates parallelism.
[2026-04-03T02:38:21.804+0600][86.160s][info][gc,stats    ] 
[2026-04-03T02:38:21.804+0600][86.160s][info][gc,stats    ] Concurrent Reset                   1596 us
[2026-04-03T02:38:21.804+0600][86.160s][info][gc,stats    ] Pause Init Mark (G)                 560 us
[2026-04-03T02:38:21.804+0600][86.160s][info][gc,stats    ] Pause Init Mark (N)                 218 us
[2026-04-03T02:38:21.804+0600][86.160s][info][gc,stats    ]   Update Region States               50 us
[2026-04-03T02:38:21.804+0600][86.160s][info][gc,stats    ] Concurrent Mark Roots              1799 us, parallelism: 1.72x
[2026-04-03T02:38:21.804+0600][86.160s][info][gc,stats    ]   CMR: <total>                     3089 us
[2026-04-03T02:38:21.804+0600][86.160s][info][gc,stats    ]   CMR: Thread Roots                2703 us, workers (us): 995, 689, 1020, ---, ---, ---, 
[2026-04-03T02:38:21.804+0600][86.160s][info][gc,stats    ]   CMR: VM Strong Roots               62 us, workers (us):  28,  19,  15, ---, ---, ---, 
[2026-04-03T02:38:21.804+0600][86.160s][info][gc,stats    ]   CMR: CLDG Roots                   324 us, workers (us): ---, 324, ---, ---, ---, ---, 
[2026-04-03T02:38:21.804+0600][86.160s][info][gc,stats    ] Concurrent Marking                52381 us
[2026-04-03T02:38:21.804+0600][86.160s][info][gc,stats    ] Pause Final Mark (G)                922 us
[2026-04-03T02:38:21.804+0600][86.160s][info][gc,stats    ] Pause Final Mark (N)                806 us
[2026-04-03T02:38:21.804+0600][86.160s][info][gc,stats    ]   Finish Mark                       306 us
[2026-04-03T02:38:21.804+0600][86.160s][info][gc,stats    ]   Update Region States               57 us
[2026-04-03T02:38:21.804+0600][86.160s][info][gc,stats    ]   Choose Collection Set             229 us
[2026-04-03T02:38:21.804+0600][86.160s][info][gc,stats    ]   Rebuild Free Set                   35 us
[2026-04-03T02:38:21.804+0600][86.160s][info][gc,stats    ] Concurrent Thread Roots            1087 us, parallelism: 2.30x
[2026-04-03T02:38:21.804+0600][86.160s][info][gc,stats    ]   CTR: <total>                     2499 us
[2026-04-03T02:38:21.804+0600][86.160s][info][gc,stats    ]   CTR: Thread Roots                2499 us, workers (us): 873, 842, 784, ---, ---, ---, 
[2026-04-03T02:38:21.804+0600][86.160s][info][gc,stats    ] Concurrent Weak References         1270 us, parallelism: 1.71x
[2026-04-03T02:38:21.804+0600][86.160s][info][gc,stats    ]   CWRF: <total>                    2168 us
[2026-04-03T02:38:21.804+0600][86.160s][info][gc,stats    ]   CWRF: Weak References            2168 us, workers (us): 470, 732, 966, ---, ---, ---, 
[2026-04-03T02:38:21.804+0600][86.160s][info][gc,stats    ] Concurrent Weak Roots              8882 us
[2026-04-03T02:38:21.804+0600][86.161s][info][gc,stats    ]   Roots                            6381 us, parallelism: 2.70x
[2026-04-03T02:38:21.804+0600][86.161s][info][gc,stats    ]     CWR: <total>                  17198 us
[2026-04-03T02:38:21.804+0600][86.161s][info][gc,stats    ]     CWR: Code Cache Roots         13760 us, workers (us): 4863, 4659, 4237, ---, ---, ---, 
[2026-04-03T02:38:21.804+0600][86.161s][info][gc,stats    ]     CWR: VM Weak Roots             3150 us, workers (us): 1065, 1055, 1030, ---, ---, ---, 
[2026-04-03T02:38:21.804+0600][86.161s][info][gc,stats    ]     CWR: CLDG Roots                 288 us, workers (us): ---, ---, 288, ---, ---, ---, 
[2026-04-03T02:38:21.804+0600][86.161s][info][gc,stats    ]   Rendezvous                       2375 us
[2026-04-03T02:38:21.804+0600][86.161s][info][gc,stats    ] Concurrent Cleanup                  872 us
[2026-04-03T02:38:21.804+0600][86.161s][info][gc,stats    ] Concurrent Class Unloading        15947 us
[2026-04-03T02:38:21.804+0600][86.161s][info][gc,stats    ]   Unlink Stale                    14329 us
[2026-04-03T02:38:21.804+0600][86.161s][info][gc,stats    ]     System Dictionary               338 us
[2026-04-03T02:38:21.804+0600][86.161s][info][gc,stats    ]     Weak Class Links                  0 us
[2026-04-03T02:38:21.804+0600][86.161s][info][gc,stats    ]     Code Roots                    13987 us
[2026-04-03T02:38:21.804+0600][86.161s][info][gc,stats    ]   Rendezvous                        429 us
[2026-04-03T02:38:21.804+0600][86.161s][info][gc,stats    ]   Purge Unlinked                   1087 us
[2026-04-03T02:38:21.804+0600][86.161s][info][gc,stats    ]     Code Roots                     1074 us
[2026-04-03T02:38:21.804+0600][86.161s][info][gc,stats    ]     CLDG                             13 us
[2026-04-03T02:38:21.804+0600][86.161s][info][gc,stats    ]     Exception Caches                  0 us
[2026-04-03T02:38:21.804+0600][86.161s][info][gc,stats    ] Concurrent Strong Roots            1230 us, parallelism: 0.60x
[2026-04-03T02:38:21.805+0600][86.161s][info][gc,stats    ]   CSR: <total>                      736 us
[2026-04-03T02:38:21.805+0600][86.161s][info][gc,stats    ]   CSR: VM Strong Roots               66 us, workers (us):  64,   1,   0, ---, ---, ---, 
[2026-04-03T02:38:21.805+0600][86.161s][info][gc,stats    ]   CSR: CLDG Roots                   671 us, workers (us): 671, ---, ---, ---, ---, ---, 
[2026-04-03T02:38:21.805+0600][86.161s][info][gc,stats    ] Concurrent Evacuation              3480 us
[2026-04-03T02:38:21.805+0600][86.161s][info][gc,stats    ] Pause Init Update Refs (G)         1255 us
[2026-04-03T02:38:21.805+0600][86.161s][info][gc,stats    ] Pause Init Update Refs (N)          192 us
[2026-04-03T02:38:21.805+0600][86.161s][info][gc,stats    ]   Manage GCLABs                      66 us
[2026-04-03T02:38:21.805+0600][86.161s][info][gc,stats    ] Concurrent Update Refs            47702 us
[2026-04-03T02:38:21.805+0600][86.161s][info][gc,stats    ] Concurrent Update Thread Roots     2460 us
[2026-04-03T02:38:21.805+0600][86.161s][info][gc,stats    ] Pause Final Update Refs (G)         623 us
[2026-04-03T02:38:21.805+0600][86.161s][info][gc,stats    ] Pause Final Update Refs (N)         268 us
[2026-04-03T02:38:21.805+0600][86.161s][info][gc,stats    ]   Update Region States               58 us
[2026-04-03T02:38:21.805+0600][86.161s][info][gc,stats    ]   Trash Collection Set               19 us
[2026-04-03T02:38:21.805+0600][86.161s][info][gc,stats    ]   Rebuild Free Set                   47 us
[2026-04-03T02:38:21.805+0600][86.161s][info][gc,stats    ] Concurrent Cleanup                  495 us
[2026-04-03T02:38:21.805+0600][86.161s][info][gc,stats    ] Pacing                           133398 us
[2026-04-03T02:38:21.805+0600][86.161s][info][gc,stats    ] 
[2026-04-03T02:38:21.805+0600][86.161s][info][gc,stats    ] Allocation pacing accrued:
[2026-04-03T02:38:21.805+0600][86.161s][info][gc,stats    ]      28 of   648 ms (  4.4%): Executor task launch worker for task 1.0 in stage 4130.0 (TID 7656)
[2026-04-03T02:38:21.805+0600][86.161s][info][gc,stats    ]      28 of   648 ms (  4.4%): Executor task launch worker for task 0.0 in stage 4130.0 (TID 7655)
[2026-04-03T02:38:21.805+0600][86.161s][info][gc,stats    ]      28 of   648 ms (  4.4%): Executor task launch worker for task 2.0 in stage 4130.0 (TID 7657)
[2026-04-03T02:38:21.805+0600][86.161s][info][gc,stats    ]      28 of   648 ms (  4.3%): Executor task launch worker for task 3.0 in stage 4130.0 (TID 7658)
[2026-04-03T02:38:21.805+0600][86.161s][info][gc,stats    ]      21 of   648 ms (  3.2%): block-manager-storage-async-thread-pool-81
[2026-04-03T02:38:21.805+0600][86.161s][info][gc,stats    ]     133 of   648 ms ( 20.6%): <total>
[2026-04-03T02:38:21.805+0600][86.161s][info][gc,stats    ]       0 of   648 ms (  0.1%): <average total>
[2026-04-03T02:38:21.805+0600][86.161s][info][gc,stats    ]      27 of   648 ms (  4.1%): <average non-zero>
[2026-04-03T02:38:21.805+0600][86.161s][info][gc,stats    ] 
[2026-04-03T02:38:21.805+0600][86.161s][info][gc,metaspace] Metaspace: 131941K(133248K)->131943K(133248K) NonClass: 115357K(115968K)->115359K(115968K) Class: 16583K(17280K)->16583K(17280K)
[2026-04-03T02:38:21.805+0600][86.161s][info][gc,ergo     ] Pacer for Idle. Initial: 30720K, Alloc Tax Rate: 1.0x
[2026-04-03T02:38:22.600+0600][86.956s][info][gc          ] Trigger: Average GC time (152.64 ms) is above the time for average allocation rate (1087 MB/s) to deplete free headroom (165M) (margin of error = 1.88)
[2026-04-03T02:38:22.600+0600][86.956s][info][gc,ergo     ] Free headroom: 240M (free) - 76800K (spike) - 0B (penalties) = 165M
[2026-04-03T02:38:22.600+0600][86.956s][info][gc,ergo     ] Free: 240M, Max: 512K regular, 143M humongous, Frag: 40% external, 1% internal; Reserve: 76800K, Max: 512K
[2026-04-03T02:38:22.600+0600][86.956s][info][gc,start    ] GC(83) Concurrent reset
[2026-04-03T02:38:22.600+0600][86.956s][info][gc,task     ] GC(83) Using 3 of 6 workers for concurrent reset
[2026-04-03T02:38:22.600+0600][86.956s][info][gc,ergo     ] GC(83) Pacer for Reset. Non-Taxable: 1500M
[2026-04-03T02:38:22.601+0600][86.957s][info][gc          ] GC(83) Concurrent reset 1.450ms
[2026-04-03T02:38:22.601+0600][86.958s][info][gc,start    ] GC(83) Pause Init Mark (unload classes)
[2026-04-03T02:38:22.601+0600][86.958s][info][gc,task     ] GC(83) Using 6 of 6 workers for init marking
[2026-04-03T02:38:22.602+0600][86.958s][info][gc,ergo     ] GC(83) Pacer for Mark. Expected Live: 94423K, Free: 240M, Non-Taxable: 24649K, Alloc Tax Rate: 0.5x
[2026-04-03T02:38:22.602+0600][86.958s][info][gc          ] GC(83) Pause Init Mark (unload classes) 0.151ms
[2026-04-03T02:38:22.602+0600][86.958s][info][gc,start    ] GC(83) Concurrent marking roots
[2026-04-03T02:38:22.602+0600][86.958s][info][gc,task     ] GC(83) Using 3 of 6 workers for concurrent marking roots
[2026-04-03T02:38:22.603+0600][86.959s][info][gc          ] GC(83) Concurrent marking roots 1.485ms
[2026-04-03T02:38:22.603+0600][86.959s][info][gc,start    ] GC(83) Concurrent marking (unload classes)
[2026-04-03T02:38:22.603+0600][86.959s][info][gc,task     ] GC(83) Using 3 of 6 workers for concurrent marking
[2026-04-03T02:38:22.688+0600][87.045s][info][gc          ] GC(83) Concurrent marking (unload classes) 85.258ms
[2026-04-03T02:38:22.689+0600][87.045s][info][gc,start    ] GC(83) Pause Final Mark (unload classes)
[2026-04-03T02:38:22.689+0600][87.045s][info][gc,task     ] GC(83) Using 6 of 6 workers for final marking
[2026-04-03T02:38:22.689+0600][87.046s][info][gc,ergo     ] GC(83) Adaptive CSet Selection. Target Free: 212M, Actual Free: 1039M, Max CSet: 64000K, Min Garbage: 0B
[2026-04-03T02:38:22.689+0600][87.046s][info][gc,ergo     ] GC(83) Collectable Garbage: 981M (99%), Immediate: 763M (77%), CSet: 217M (22%)
[2026-04-03T02:38:22.690+0600][87.046s][info][gc,ergo     ] GC(83) Pacer for Evacuation. Used CSet: 224M, Free: 1067M, Non-Taxable: 106M, Alloc Tax Rate: 1.1x
[2026-04-03T02:38:22.690+0600][87.046s][info][gc          ] GC(83) Pause Final Mark (unload classes) 0.899ms
[2026-04-03T02:38:22.690+0600][87.046s][info][gc,start    ] GC(83) Concurrent thread roots
[2026-04-03T02:38:22.690+0600][87.046s][info][gc,task     ] GC(83) Using 3 of 6 workers for Concurrent thread roots
[2026-04-03T02:38:22.691+0600][87.047s][info][gc          ] GC(83) Concurrent thread roots 0.993ms
[2026-04-03T02:38:22.691+0600][87.047s][info][gc,start    ] GC(83) Concurrent weak references
[2026-04-03T02:38:22.691+0600][87.047s][info][gc,task     ] GC(83) Using 3 of 6 workers for concurrent weak references
[2026-04-03T02:38:22.691+0600][87.048s][info][gc,ref      ] GC(83) Encountered references: Soft: 3784, Weak: 15814, Final: 84, Phantom: 620
[2026-04-03T02:38:22.692+0600][87.048s][info][gc,ref      ] GC(83) Discovered  references: Soft: 0, Weak: 7655, Final: 0, Phantom: 615
[2026-04-03T02:38:22.692+0600][87.048s][info][gc,ref      ] GC(83) Enqueued    references: Soft: 0, Weak: 628, Final: 0, Phantom: 0
[2026-04-03T02:38:22.692+0600][87.048s][info][gc          ] GC(83) Concurrent weak references 0.770ms
[2026-04-03T02:38:22.692+0600][87.048s][info][gc,start    ] GC(83) Concurrent weak roots
[2026-04-03T02:38:22.692+0600][87.048s][info][gc,task     ] GC(83) Using 3 of 6 workers for concurrent weak root
[2026-04-03T02:38:22.696+0600][87.053s][info][gc          ] GC(83) Concurrent weak roots 4.769ms
[2026-04-03T02:38:22.696+0600][87.053s][info][gc,start    ] GC(83) Concurrent cleanup
[2026-04-03T02:38:22.697+0600][87.054s][info][gc          ] GC(83) Concurrent cleanup 1119M->357M(1292M) 0.961ms
[2026-04-03T02:38:22.697+0600][87.054s][info][gc,ergo     ] GC(83) Free: 1061M, Max: 512K regular, 229M humongous, Frag: 79% external, 0% internal; Reserve: 76391K, Max: 512K
[2026-04-03T02:38:22.697+0600][87.054s][info][gc,start    ] GC(83) Concurrent class unloading
[2026-04-03T02:38:22.697+0600][87.054s][info][gc,task     ] GC(83) Using 3 of 6 workers for concurrent class unloading
[2026-04-03T02:38:22.720+0600][87.076s][info][gc          ] GC(83) Concurrent class unloading 22.126ms
[2026-04-03T02:38:22.720+0600][87.076s][info][gc,start    ] GC(83) Concurrent strong roots
[2026-04-03T02:38:22.720+0600][87.076s][info][gc,task     ] GC(83) Using 3 of 6 workers for concurrent strong root
[2026-04-03T02:38:22.721+0600][87.078s][info][gc          ] GC(83) Concurrent strong roots 1.544ms
[2026-04-03T02:38:22.721+0600][87.078s][info][gc,start    ] GC(83) Concurrent evacuation
[2026-04-03T02:38:22.721+0600][87.078s][info][gc,task     ] GC(83) Using 3 of 6 workers for concurrent evacuation
[2026-04-03T02:38:22.727+0600][87.083s][info][gc          ] GC(83) Concurrent evacuation 5.072ms
[2026-04-03T02:38:22.727+0600][87.083s][info][gc,start    ] GC(83) Pause Init Update Refs
[2026-04-03T02:38:22.727+0600][87.083s][info][gc,ergo     ] GC(83) Pacer for Update Refs. Used: 379M, Free: 1045M, Non-Taxable: 104M, Alloc Tax Rate: 1.1x
[2026-04-03T02:38:22.727+0600][87.083s][info][gc          ] GC(83) Pause Init Update Refs 0.190ms
[2026-04-03T02:38:22.727+0600][87.084s][info][gc,start    ] GC(83) Concurrent update references
[2026-04-03T02:38:22.727+0600][87.084s][info][gc,task     ] GC(83) Using 3 of 6 workers for concurrent reference update
[2026-04-03T02:38:22.781+0600][87.137s][info][gc          ] GC(83) Concurrent update references 53.829ms
[2026-04-03T02:38:22.781+0600][87.137s][info][gc,start    ] GC(83) Concurrent update thread roots
[2026-04-03T02:38:22.783+0600][87.139s][info][gc          ] GC(83) Concurrent update thread roots 1.870ms
[2026-04-03T02:38:22.783+0600][87.140s][info][gc,start    ] GC(83) Pause Final Update Refs
[2026-04-03T02:38:22.783+0600][87.140s][info][gc,task     ] GC(83) Using 6 of 6 workers for final reference update
[2026-04-03T02:38:22.784+0600][87.140s][info][gc          ] GC(83) Pause Final Update Refs 0.212ms
[2026-04-03T02:38:22.784+0600][87.140s][info][gc,start    ] GC(83) Concurrent cleanup
[2026-04-03T02:38:22.784+0600][87.141s][info][gc          ] GC(83) Concurrent cleanup 423M->199M(1292M) 0.771ms
[2026-04-03T02:38:22.785+0600][87.141s][info][gc,ergo     ] Free: 1214M, Max: 512K regular, 659M humongous, Frag: 46% external, 0% internal; Reserve: 76800K, Max: 512K
[2026-04-03T02:38:22.785+0600][87.141s][info][gc,stats    ] 
[2026-04-03T02:38:22.785+0600][87.141s][info][gc,stats    ] All times are wall-clock times, except per-root-class counters, that are sum over
[2026-04-03T02:38:22.785+0600][87.141s][info][gc,stats    ] all workers. Dividing the <total> over the root stage time estimates parallelism.
[2026-04-03T02:38:22.785+0600][87.141s][info][gc,stats    ] 
[2026-04-03T02:38:22.785+0600][87.141s][info][gc,stats    ] Concurrent Reset                   1498 us
[2026-04-03T02:38:22.785+0600][87.141s][info][gc,stats    ] Pause Init Mark (G)                 333 us
[2026-04-03T02:38:22.785+0600][87.141s][info][gc,stats    ] Pause Init Mark (N)                 161 us
[2026-04-03T02:38:22.785+0600][87.141s][info][gc,stats    ]   Update Region States               37 us
[2026-04-03T02:38:22.785+0600][87.141s][info][gc,stats    ] Concurrent Mark Roots              1522 us, parallelism: 2.03x
[2026-04-03T02:38:22.785+0600][87.141s][info][gc,stats    ]   CMR: <total>                     3091 us
[2026-04-03T02:38:22.785+0600][87.141s][info][gc,stats    ]   CMR: Thread Roots                2566 us, workers (us): 545, 1014, 1006, ---, ---, ---, 
[2026-04-03T02:38:22.785+0600][87.141s][info][gc,stats    ]   CMR: VM Strong Roots               56 us, workers (us):  21,  21,  14, ---, ---, ---, 
[2026-04-03T02:38:22.785+0600][87.141s][info][gc,stats    ]   CMR: CLDG Roots                   469 us, workers (us): 469, ---, ---, ---, ---, ---, 
[2026-04-03T02:38:22.785+0600][87.141s][info][gc,stats    ] Concurrent Marking                85385 us
[2026-04-03T02:38:22.785+0600][87.141s][info][gc,stats    ] Pause Final Mark (G)               1236 us
[2026-04-03T02:38:22.785+0600][87.141s][info][gc,stats    ] Pause Final Mark (N)                911 us
[2026-04-03T02:38:22.785+0600][87.141s][info][gc,stats    ]   Finish Mark                       382 us
[2026-04-03T02:38:22.785+0600][87.141s][info][gc,stats    ]   Update Region States               58 us
[2026-04-03T02:38:22.785+0600][87.141s][info][gc,stats    ]   Choose Collection Set             272 us
[2026-04-03T02:38:22.785+0600][87.141s][info][gc,stats    ]   Rebuild Free Set                   45 us
[2026-04-03T02:38:22.785+0600][87.141s][info][gc,stats    ] Concurrent Thread Roots            1057 us, parallelism: 1.97x
[2026-04-03T02:38:22.785+0600][87.141s][info][gc,stats    ]   CTR: <total>                     2087 us
[2026-04-03T02:38:22.785+0600][87.141s][info][gc,stats    ]   CTR: Thread Roots                2087 us, workers (us): 713, 688, 686, ---, ---, ---, 
[2026-04-03T02:38:22.785+0600][87.141s][info][gc,stats    ] Concurrent Weak References          786 us, parallelism: 1.60x
[2026-04-03T02:38:22.785+0600][87.141s][info][gc,stats    ]   CWRF: <total>                    1258 us
[2026-04-03T02:38:22.785+0600][87.141s][info][gc,stats    ]   CWRF: Weak References            1258 us, workers (us): 505, 427, 327, ---, ---, ---, 
[2026-04-03T02:38:22.785+0600][87.141s][info][gc,stats    ] Concurrent Weak Roots              4855 us
[2026-04-03T02:38:22.785+0600][87.141s][info][gc,stats    ]   Roots                            4293 us, parallelism: 2.66x
[2026-04-03T02:38:22.785+0600][87.141s][info][gc,stats    ]     CWR: <total>                  11412 us
[2026-04-03T02:38:22.785+0600][87.141s][info][gc,stats    ]     CWR: Code Cache Roots          8804 us, workers (us): 3003, 3063, 2738, ---, ---, ---, 
[2026-04-03T02:38:22.785+0600][87.141s][info][gc,stats    ]     CWR: VM Weak Roots             2377 us, workers (us): 809, 800, 768, ---, ---, ---, 
[2026-04-03T02:38:22.785+0600][87.141s][info][gc,stats    ]     CWR: CLDG Roots                 230 us, workers (us): ---, ---, 230, ---, ---, ---, 
[2026-04-03T02:38:22.785+0600][87.141s][info][gc,stats    ]   Rendezvous                        436 us
[2026-04-03T02:38:22.785+0600][87.141s][info][gc,stats    ] Concurrent Cleanup                  978 us
[2026-04-03T02:38:22.785+0600][87.141s][info][gc,stats    ] Concurrent Class Unloading        22280 us
[2026-04-03T02:38:22.785+0600][87.141s][info][gc,stats    ]   Unlink Stale                    17228 us
[2026-04-03T02:38:22.785+0600][87.141s][info][gc,stats    ]     System Dictionary               301 us
[2026-04-03T02:38:22.785+0600][87.141s][info][gc,stats    ]     Weak Class Links                  0 us
[2026-04-03T02:38:22.785+0600][87.141s][info][gc,stats    ]     Code Roots                    16921 us
[2026-04-03T02:38:22.785+0600][87.141s][info][gc,stats    ]   Rendezvous                       2450 us
[2026-04-03T02:38:22.785+0600][87.141s][info][gc,stats    ]   Purge Unlinked                   2417 us
[2026-04-03T02:38:22.785+0600][87.141s][info][gc,stats    ]     Code Roots                     2391 us
[2026-04-03T02:38:22.785+0600][87.141s][info][gc,stats    ]     CLDG                             24 us
[2026-04-03T02:38:22.785+0600][87.141s][info][gc,stats    ]     Exception Caches                  1 us
[2026-04-03T02:38:22.785+0600][87.141s][info][gc,stats    ] Concurrent Strong Roots            1644 us, parallelism: 0.67x
[2026-04-03T02:38:22.785+0600][87.142s][info][gc,stats    ]   CSR: <total>                     1095 us
[2026-04-03T02:38:22.785+0600][87.142s][info][gc,stats    ]   CSR: VM Strong Roots               94 us, workers (us):  54,  40,   0, ---, ---, ---, 
[2026-04-03T02:38:22.785+0600][87.142s][info][gc,stats    ]   CSR: CLDG Roots                  1001 us, workers (us): ---, 1001, ---, ---, ---, ---, 
[2026-04-03T02:38:22.785+0600][87.142s][info][gc,stats    ] Concurrent Evacuation              5175 us
[2026-04-03T02:38:22.785+0600][87.142s][info][gc,stats    ] Pause Init Update Refs (G)          725 us
[2026-04-03T02:38:22.785+0600][87.142s][info][gc,stats    ] Pause Init Update Refs (N)          206 us
[2026-04-03T02:38:22.785+0600][87.142s][info][gc,stats    ]   Manage GCLABs                      83 us
[2026-04-03T02:38:22.785+0600][87.142s][info][gc,stats    ] Concurrent Update Refs            53940 us
[2026-04-03T02:38:22.785+0600][87.142s][info][gc,stats    ] Concurrent Update Thread Roots     1921 us
[2026-04-03T02:38:22.785+0600][87.142s][info][gc,stats    ] Pause Final Update Refs (G)         454 us
[2026-04-03T02:38:22.785+0600][87.142s][info][gc,stats    ] Pause Final Update Refs (N)         230 us
[2026-04-03T02:38:22.785+0600][87.142s][info][gc,stats    ]   Update Region States               61 us
[2026-04-03T02:38:22.785+0600][87.142s][info][gc,stats    ]   Trash Collection Set               23 us
[2026-04-03T02:38:22.785+0600][87.142s][info][gc,stats    ]   Rebuild Free Set                   51 us
[2026-04-03T02:38:22.785+0600][87.142s][info][gc,stats    ] Concurrent Cleanup                  805 us
[2026-04-03T02:38:22.785+0600][87.142s][info][gc,stats    ] Pacing                            84485 us
[2026-04-03T02:38:22.785+0600][87.142s][info][gc,stats    ] 
[2026-04-03T02:38:22.786+0600][87.142s][info][gc,stats    ] Allocation pacing accrued:
[2026-04-03T02:38:22.786+0600][87.142s][info][gc,stats    ]      26 of   981 ms (  2.7%): Executor task launch worker for task 3.0 in stage 4162.0 (TID 7786)
[2026-04-03T02:38:22.786+0600][87.142s][info][gc,stats    ]      22 of   981 ms (  2.3%): Executor task launch worker for task 7.0 in stage 4162.0 (TID 7790)
[2026-04-03T02:38:22.786+0600][87.142s][info][gc,stats    ]      31 of   981 ms (  3.2%): Executor task launch worker for task 5.0 in stage 4162.0 (TID 7788)
[2026-04-03T02:38:22.786+0600][87.142s][info][gc,stats    ]       5 of   981 ms (  0.5%): task-result-getter-2
[2026-04-03T02:38:22.786+0600][87.142s][info][gc,stats    ]      84 of   981 ms (  8.6%): <total>
[2026-04-03T02:38:22.786+0600][87.142s][info][gc,stats    ]       0 of   981 ms (  0.0%): <average total>
[2026-04-03T02:38:22.786+0600][87.142s][info][gc,stats    ]      21 of   981 ms (  2.2%): <average non-zero>
[2026-04-03T02:38:22.786+0600][87.142s][info][gc,stats    ] 
[2026-04-03T02:38:22.786+0600][87.142s][info][gc,metaspace] Metaspace: 131951K(133248K)->131951K(133248K) NonClass: 115367K(115968K)->115367K(115968K) Class: 16584K(17280K)->16584K(17280K)
[2026-04-03T02:38:22.786+0600][87.142s][info][gc,ergo     ] Pacer for Idle. Initial: 30720K, Alloc Tax Rate: 1.0x
[2026-04-03T02:38:23.541+0600][87.897s][info][gc          ] Trigger: Average GC time (202.50 ms) is above the time for average allocation rate (1138 MB/s) to deplete free headroom (228M) (margin of error = 1.87)
[2026-04-03T02:38:23.541+0600][87.897s][info][gc,ergo     ] Free headroom: 303M (free) - 76800K (spike) - 0B (penalties) = 228M
[2026-04-03T02:38:23.541+0600][87.897s][info][gc,ergo     ] Free: 299M, Max: 512K regular, 231M humongous, Frag: 23% external, 0% internal; Reserve: 76800K, Max: 512K
[2026-04-03T02:38:23.541+0600][87.897s][info][gc,start    ] GC(84) Concurrent reset
[2026-04-03T02:38:23.541+0600][87.897s][info][gc,task     ] GC(84) Using 3 of 6 workers for concurrent reset
[2026-04-03T02:38:23.541+0600][87.898s][info][gc,ergo     ] GC(84) Pacer for Reset. Non-Taxable: 1500M
[2026-04-03T02:38:23.543+0600][87.899s][info][gc          ] GC(84) Concurrent reset 1.798ms
[2026-04-03T02:38:23.544+0600][87.900s][info][gc,start    ] GC(84) Pause Init Mark (unload classes)
[2026-04-03T02:38:23.544+0600][87.900s][info][gc,task     ] GC(84) Using 6 of 6 workers for init marking
[2026-04-03T02:38:23.544+0600][87.900s][info][gc,ergo     ] GC(84) Pacer for Mark. Expected Live: 94049K, Free: 269M, Non-Taxable: 27636K, Alloc Tax Rate: 0.4x
[2026-04-03T02:38:23.544+0600][87.900s][info][gc          ] GC(84) Pause Init Mark (unload classes) 0.196ms
[2026-04-03T02:38:23.544+0600][87.900s][info][gc,start    ] GC(84) Concurrent marking roots
[2026-04-03T02:38:23.544+0600][87.900s][info][gc,task     ] GC(84) Using 3 of 6 workers for concurrent marking roots
[2026-04-03T02:38:23.546+0600][87.902s][info][gc          ] GC(84) Concurrent marking roots 1.492ms
[2026-04-03T02:38:23.546+0600][87.902s][info][gc,start    ] GC(84) Concurrent marking (unload classes)
[2026-04-03T02:38:23.546+0600][87.902s][info][gc,task     ] GC(84) Using 3 of 6 workers for concurrent marking
[2026-04-03T02:38:23.597+0600][87.953s][info][gc          ] GC(84) Concurrent marking (unload classes) 50.822ms
[2026-04-03T02:38:23.597+0600][87.953s][info][gc,start    ] GC(84) Pause Final Mark (unload classes)
[2026-04-03T02:38:23.597+0600][87.953s][info][gc,task     ] GC(84) Using 6 of 6 workers for final marking
[2026-04-03T02:38:23.597+0600][87.954s][info][gc,ergo     ] GC(84) Adaptive CSet Selection. Target Free: 212M, Actual Free: 1036M, Max CSet: 64000K, Min Garbage: 0B
[2026-04-03T02:38:23.597+0600][87.954s][info][gc,ergo     ] GC(84) Collectable Garbage: 946M (99%), Immediate: 767M (80%), CSet: 178M (18%)
[2026-04-03T02:38:23.598+0600][87.954s][info][gc,ergo     ] GC(84) Pacer for Evacuation. Used CSet: 186M, Free: 1047M, Non-Taxable: 104M, Alloc Tax Rate: 1.1x
[2026-04-03T02:38:23.598+0600][87.954s][info][gc          ] GC(84) Pause Final Mark (unload classes) 0.723ms
[2026-04-03T02:38:23.598+0600][87.954s][info][gc,start    ] GC(84) Concurrent thread roots
[2026-04-03T02:38:23.598+0600][87.954s][info][gc,task     ] GC(84) Using 3 of 6 workers for Concurrent thread roots
[2026-04-03T02:38:23.599+0600][87.955s][info][gc          ] GC(84) Concurrent thread roots 0.982ms
[2026-04-03T02:38:23.599+0600][87.955s][info][gc,start    ] GC(84) Concurrent weak references
[2026-04-03T02:38:23.599+0600][87.955s][info][gc,task     ] GC(84) Using 3 of 6 workers for concurrent weak references
[2026-04-03T02:38:23.599+0600][87.955s][info][gc,ref      ] GC(84) Encountered references: Soft: 3788, Weak: 16820, Final: 84, Phantom: 631
[2026-04-03T02:38:23.599+0600][87.955s][info][gc,ref      ] GC(84) Discovered  references: Soft: 0, Weak: 7384, Final: 0, Phantom: 234
[2026-04-03T02:38:23.599+0600][87.955s][info][gc,ref      ] GC(84) Enqueued    references: Soft: 0, Weak: 2312, Final: 0, Phantom: 0
[2026-04-03T02:38:23.599+0600][87.956s][info][gc          ] GC(84) Concurrent weak references 0.649ms
[2026-04-03T02:38:23.599+0600][87.956s][info][gc,start    ] GC(84) Concurrent weak roots
[2026-04-03T02:38:23.599+0600][87.956s][info][gc,task     ] GC(84) Using 3 of 6 workers for concurrent weak root
[2026-04-03T02:38:23.604+0600][87.960s][info][gc          ] GC(84) Concurrent weak roots 4.257ms
[2026-04-03T02:38:23.604+0600][87.960s][info][gc,start    ] GC(84) Concurrent cleanup
[2026-04-03T02:38:23.604+0600][87.961s][info][gc          ] GC(84) Concurrent cleanup 1157M->406M(1292M) 0.825ms
[2026-04-03T02:38:23.605+0600][87.961s][info][gc,ergo     ] GC(84) Free: 1003M, Max: 512K regular, 168M humongous, Frag: 84% external, 0% internal; Reserve: 75436K, Max: 512K
[2026-04-03T02:38:23.605+0600][87.961s][info][gc,start    ] GC(84) Concurrent class unloading
[2026-04-03T02:38:23.605+0600][87.961s][info][gc,task     ] GC(84) Using 3 of 6 workers for concurrent class unloading
[2026-04-03T02:38:23.622+0600][87.978s][info][gc          ] GC(84) Concurrent class unloading 17.599ms
[2026-04-03T02:38:23.622+0600][87.979s][info][gc,start    ] GC(84) Concurrent strong roots
[2026-04-03T02:38:23.622+0600][87.979s][info][gc,task     ] GC(84) Using 3 of 6 workers for concurrent strong root
[2026-04-03T02:38:23.624+0600][87.980s][info][gc          ] GC(84) Concurrent strong roots 1.419ms
[2026-04-03T02:38:23.624+0600][87.980s][info][gc,start    ] GC(84) Concurrent evacuation
[2026-04-03T02:38:23.624+0600][87.980s][info][gc,task     ] GC(84) Using 3 of 6 workers for concurrent evacuation
[2026-04-03T02:38:23.628+0600][87.984s][info][gc          ] GC(84) Concurrent evacuation 3.773ms
[2026-04-03T02:38:23.628+0600][87.984s][info][gc,start    ] GC(84) Pause Init Update Refs
[2026-04-03T02:38:23.628+0600][87.984s][info][gc,ergo     ] GC(84) Pacer for Update Refs. Used: 498M, Free: 910M, Non-Taxable: 93256K, Alloc Tax Rate: 1.1x
[2026-04-03T02:38:23.628+0600][87.984s][info][gc          ] GC(84) Pause Init Update Refs 0.122ms
[2026-04-03T02:38:23.628+0600][87.984s][info][gc,start    ] GC(84) Concurrent update references
[2026-04-03T02:38:23.628+0600][87.984s][info][gc,task     ] GC(84) Using 3 of 6 workers for concurrent reference update
[2026-04-03T02:38:23.672+0600][88.028s][info][gc          ] GC(84) Concurrent update references 44.035ms
[2026-04-03T02:38:23.672+0600][88.029s][info][gc,start    ] GC(84) Concurrent update thread roots
[2026-04-03T02:38:23.674+0600][88.030s][info][gc          ] GC(84) Concurrent update thread roots 1.311ms
[2026-04-03T02:38:23.674+0600][88.030s][info][gc,start    ] GC(84) Pause Final Update Refs
[2026-04-03T02:38:23.674+0600][88.030s][info][gc,task     ] GC(84) Using 6 of 6 workers for final reference update
[2026-04-03T02:38:23.674+0600][88.030s][info][gc          ] GC(84) Pause Final Update Refs 0.213ms
[2026-04-03T02:38:23.675+0600][88.031s][info][gc,start    ] GC(84) Concurrent cleanup
[2026-04-03T02:38:23.675+0600][88.032s][info][gc          ] GC(84) Concurrent cleanup 551M->366M(1292M) 0.675ms
[2026-04-03T02:38:23.675+0600][88.032s][info][gc,ergo     ] Free: 1025M, Max: 512K regular, 735M humongous, Frag: 29% external, 0% internal; Reserve: 76800K, Max: 512K
[2026-04-03T02:38:23.675+0600][88.032s][info][gc,stats    ] 
[2026-04-03T02:38:23.675+0600][88.032s][info][gc,stats    ] All times are wall-clock times, except per-root-class counters, that are sum over
[2026-04-03T02:38:23.675+0600][88.032s][info][gc,stats    ] all workers. Dividing the <total> over the root stage time estimates parallelism.
[2026-04-03T02:38:23.675+0600][88.032s][info][gc,stats    ] 
[2026-04-03T02:38:23.675+0600][88.032s][info][gc,stats    ] Concurrent Reset                   1876 us
[2026-04-03T02:38:23.676+0600][88.032s][info][gc,stats    ] Pause Init Mark (G)                1044 us
[2026-04-03T02:38:23.676+0600][88.032s][info][gc,stats    ] Pause Init Mark (N)                 208 us
[2026-04-03T02:38:23.676+0600][88.032s][info][gc,stats    ]   Update Region States               50 us
[2026-04-03T02:38:23.676+0600][88.032s][info][gc,stats    ] Concurrent Mark Roots              1559 us, parallelism: 1.84x
[2026-04-03T02:38:23.676+0600][88.032s][info][gc,stats    ]   CMR: <total>                     2862 us
[2026-04-03T02:38:23.676+0600][88.032s][info][gc,stats    ]   CMR: Thread Roots                2355 us, workers (us): 484, 944, 928, ---, ---, ---, 
[2026-04-03T02:38:23.676+0600][88.032s][info][gc,stats    ]   CMR: VM Strong Roots               49 us, workers (us):  37,  11,   0, ---, ---, ---, 
[2026-04-03T02:38:23.676+0600][88.032s][info][gc,stats    ]   CMR: CLDG Roots                   458 us, workers (us): 458, ---, ---, ---, ---, ---, 
[2026-04-03T02:38:23.676+0600][88.032s][info][gc,stats    ] Concurrent Marking                50883 us
[2026-04-03T02:38:23.676+0600][88.032s][info][gc,stats    ] Pause Final Mark (G)                993 us
[2026-04-03T02:38:23.676+0600][88.032s][info][gc,stats    ] Pause Final Mark (N)                738 us
[2026-04-03T02:38:23.676+0600][88.032s][info][gc,stats    ]   Finish Mark                       328 us
[2026-04-03T02:38:23.676+0600][88.032s][info][gc,stats    ]   Update Region States               49 us
[2026-04-03T02:38:23.676+0600][88.032s][info][gc,stats    ]   Choose Collection Set             199 us
[2026-04-03T02:38:23.676+0600][88.032s][info][gc,stats    ]   Rebuild Free Set                   32 us
[2026-04-03T02:38:23.676+0600][88.032s][info][gc,stats    ] Concurrent Thread Roots            1023 us, parallelism: 2.38x
[2026-04-03T02:38:23.676+0600][88.032s][info][gc,stats    ]   CTR: <total>                     2429 us
[2026-04-03T02:38:23.676+0600][88.032s][info][gc,stats    ]   CTR: Thread Roots                2429 us, workers (us): 873, 771, 785, ---, ---, ---, 
[2026-04-03T02:38:23.676+0600][88.032s][info][gc,stats    ] Concurrent Weak References          660 us, parallelism: 1.12x
[2026-04-03T02:38:23.676+0600][88.032s][info][gc,stats    ]   CWRF: <total>                     738 us
[2026-04-03T02:38:23.676+0600][88.032s][info][gc,stats    ]   CWRF: Weak References             738 us, workers (us): 213, 297, 229, ---, ---, ---, 
[2026-04-03T02:38:23.676+0600][88.032s][info][gc,stats    ] Concurrent Weak Roots              4330 us
[2026-04-03T02:38:23.676+0600][88.032s][info][gc,stats    ]   Roots                            3699 us, parallelism: 2.63x
[2026-04-03T02:38:23.676+0600][88.032s][info][gc,stats    ]     CWR: <total>                   9728 us
[2026-04-03T02:38:23.676+0600][88.032s][info][gc,stats    ]     CWR: Code Cache Roots          7717 us, workers (us): 2564, 2569, 2583, ---, ---, ---, 
[2026-04-03T02:38:23.676+0600][88.032s][info][gc,stats    ]     CWR: VM Weak Roots             1820 us, workers (us): 622, 612, 586, ---, ---, ---, 
[2026-04-03T02:38:23.676+0600][88.032s][info][gc,stats    ]     CWR: CLDG Roots                 192 us, workers (us): ---, ---, 192, ---, ---, ---, 
[2026-04-03T02:38:23.676+0600][88.032s][info][gc,stats    ]   Rendezvous                        537 us
[2026-04-03T02:38:23.676+0600][88.032s][info][gc,stats    ] Concurrent Cleanup                  897 us
[2026-04-03T02:38:23.676+0600][88.032s][info][gc,stats    ] Concurrent Class Unloading        17712 us
[2026-04-03T02:38:23.676+0600][88.032s][info][gc,stats    ]   Unlink Stale                    16357 us
[2026-04-03T02:38:23.676+0600][88.032s][info][gc,stats    ]     System Dictionary               322 us
[2026-04-03T02:38:23.676+0600][88.032s][info][gc,stats    ]     Weak Class Links                  1 us
[2026-04-03T02:38:23.676+0600][88.032s][info][gc,stats    ]     Code Roots                    16031 us
[2026-04-03T02:38:23.676+0600][88.032s][info][gc,stats    ]   Rendezvous                        524 us
[2026-04-03T02:38:23.676+0600][88.032s][info][gc,stats    ]   Purge Unlinked                    686 us
[2026-04-03T02:38:23.676+0600][88.032s][info][gc,stats    ]     Code Roots                      668 us
[2026-04-03T02:38:23.676+0600][88.032s][info][gc,stats    ]     CLDG                             17 us
[2026-04-03T02:38:23.676+0600][88.032s][info][gc,stats    ]     Exception Caches                  0 us
[2026-04-03T02:38:23.676+0600][88.032s][info][gc,stats    ] Concurrent Strong Roots            1473 us, parallelism: 0.66x
[2026-04-03T02:38:23.676+0600][88.032s][info][gc,stats    ]   CSR: <total>                      971 us
[2026-04-03T02:38:23.676+0600][88.032s][info][gc,stats    ]   CSR: VM Strong Roots               66 us, workers (us):  31,  21,  14, ---, ---, ---, 
[2026-04-03T02:38:23.676+0600][88.032s][info][gc,stats    ]   CSR: CLDG Roots                   905 us, workers (us): ---, 905, ---, ---, ---, ---, 
[2026-04-03T02:38:23.676+0600][88.032s][info][gc,stats    ] Concurrent Evacuation              3853 us
[2026-04-03T02:38:23.676+0600][88.032s][info][gc,stats    ] Pause Init Update Refs (G)          521 us
[2026-04-03T02:38:23.676+0600][88.032s][info][gc,stats    ] Pause Init Update Refs (N)          134 us
[2026-04-03T02:38:23.676+0600][88.032s][info][gc,stats    ]   Manage GCLABs                      46 us
[2026-04-03T02:38:23.676+0600][88.032s][info][gc,stats    ] Concurrent Update Refs            44136 us
[2026-04-03T02:38:23.676+0600][88.032s][info][gc,stats    ] Concurrent Update Thread Roots     1422 us
[2026-04-03T02:38:23.676+0600][88.032s][info][gc,stats    ] Pause Final Update Refs (G)         939 us
[2026-04-03T02:38:23.676+0600][88.032s][info][gc,stats    ] Pause Final Update Refs (N)         231 us
[2026-04-03T02:38:23.676+0600][88.032s][info][gc,stats    ]   Update Region States               60 us
[2026-04-03T02:38:23.676+0600][88.032s][info][gc,stats    ]   Trash Collection Set               20 us
[2026-04-03T02:38:23.676+0600][88.032s][info][gc,stats    ]   Rebuild Free Set                   50 us
[2026-04-03T02:38:23.676+0600][88.032s][info][gc,stats    ] Concurrent Cleanup                  703 us
[2026-04-03T02:38:23.676+0600][88.032s][info][gc,stats    ] Pacing                           299541 us
[2026-04-03T02:38:23.676+0600][88.032s][info][gc,stats    ] 
[2026-04-03T02:38:23.676+0600][88.032s][info][gc,stats    ] Allocation pacing accrued:
[2026-04-03T02:38:23.676+0600][88.032s][info][gc,stats    ]       8 of   891 ms (  0.9%): Spark Context Cleaner
[2026-04-03T02:38:23.676+0600][88.032s][info][gc,stats    ]      63 of   891 ms (  7.0%): Executor task launch worker for task 2.0 in stage 4284.0 (TID 7899)
[2026-04-03T02:38:23.676+0600][88.032s][info][gc,stats    ]      64 of   891 ms (  7.1%): Executor task launch worker for task 0.0 in stage 4284.0 (TID 7897)
[2026-04-03T02:38:23.676+0600][88.032s][info][gc,stats    ]      63 of   891 ms (  7.1%): Executor task launch worker for task 3.0 in stage 4284.0 (TID 7900)
[2026-04-03T02:38:23.676+0600][88.032s][info][gc,stats    ]      64 of   891 ms (  7.2%): Executor task launch worker for task 1.0 in stage 4284.0 (TID 7898)
[2026-04-03T02:38:23.676+0600][88.032s][info][gc,stats    ]      11 of   891 ms (  1.3%): block-manager-storage-async-thread-pool-11
[2026-04-03T02:38:23.676+0600][88.032s][info][gc,stats    ]       8 of   891 ms (  0.9%): block-manager-storage-async-thread-pool-30
[2026-04-03T02:38:23.676+0600][88.032s][info][gc,stats    ]       8 of   891 ms (  0.9%): block-manager-ask-thread-pool-81
[2026-04-03T02:38:23.676+0600][88.032s][info][gc,stats    ]      11 of   891 ms (  1.3%): block-manager-ask-thread-pool-97
[2026-04-03T02:38:23.676+0600][88.032s][info][gc,stats    ]     300 of   891 ms ( 33.6%): <total>
[2026-04-03T02:38:23.676+0600][88.032s][info][gc,stats    ]       1 of   891 ms (  0.1%): <average total>
[2026-04-03T02:38:23.676+0600][88.032s][info][gc,stats    ]      33 of   891 ms (  3.7%): <average non-zero>
[2026-04-03T02:38:23.676+0600][88.032s][info][gc,stats    ] 
[2026-04-03T02:38:23.676+0600][88.032s][info][gc,metaspace] Metaspace: 131961K(133248K)->131964K(133248K) NonClass: 115377K(115968K)->115380K(115968K) Class: 16584K(17280K)->16584K(17280K)
[2026-04-03T02:38:23.676+0600][88.032s][info][gc,ergo     ] Pacer for Idle. Initial: 30720K, Alloc Tax Rate: 1.0x
[2026-04-03T02:38:23.778+0600][88.134s][info][gc          ] Trigger: Average GC time (188.79 ms) is above the time for instantaneous allocation rate (3966 MB/s) to deplete free headroom (550M) (spike threshold = 1.77)
[2026-04-03T02:38:23.778+0600][88.134s][info][gc,ergo     ] Free: 625M, Max: 512K regular, 418M humongous, Frag: 33% external, 0% internal; Reserve: 76800K, Max: 512K
[2026-04-03T02:38:23.778+0600][88.134s][info][gc,start    ] GC(85) Concurrent reset
[2026-04-03T02:38:23.778+0600][88.134s][info][gc,task     ] GC(85) Using 3 of 6 workers for concurrent reset
[2026-04-03T02:38:23.778+0600][88.134s][info][gc,ergo     ] GC(85) Pacer for Reset. Non-Taxable: 1500M
[2026-04-03T02:38:23.779+0600][88.135s][info][gc          ] GC(85) Concurrent reset 1.004ms
[2026-04-03T02:38:23.779+0600][88.136s][info][gc,start    ] GC(85) Pause Init Mark (unload classes)
[2026-04-03T02:38:23.780+0600][88.136s][info][gc,task     ] GC(85) Using 6 of 6 workers for init marking
[2026-04-03T02:38:23.780+0600][88.136s][info][gc,ergo     ] GC(85) Pacer for Mark. Expected Live: 97921K, Free: 624M, Non-Taxable: 63991K, Alloc Tax Rate: 0.2x
[2026-04-03T02:38:23.780+0600][88.136s][info][gc          ] GC(85) Pause Init Mark (unload classes) 0.101ms
[2026-04-03T02:38:23.780+0600][88.136s][info][gc,start    ] GC(85) Concurrent marking roots
[2026-04-03T02:38:23.780+0600][88.136s][info][gc,task     ] GC(85) Using 3 of 6 workers for concurrent marking roots
[2026-04-03T02:38:23.781+0600][88.137s][info][gc          ] GC(85) Concurrent marking roots 1.053ms
[2026-04-03T02:38:23.781+0600][88.137s][info][gc,start    ] GC(85) Concurrent marking (unload classes)
[2026-04-03T02:38:23.781+0600][88.137s][info][gc,task     ] GC(85) Using 3 of 6 workers for concurrent marking
[2026-04-03T02:38:23.846+0600][88.202s][info][gc          ] GC(85) Concurrent marking (unload classes) 65.251ms
[2026-04-03T02:38:23.846+0600][88.203s][info][gc,start    ] GC(85) Pause Final Mark (unload classes)
[2026-04-03T02:38:23.846+0600][88.203s][info][gc,task     ] GC(85) Using 6 of 6 workers for final marking
[2026-04-03T02:38:23.847+0600][88.203s][info][gc,ergo     ] GC(85) Adaptive CSet Selection. Target Free: 212M, Actual Free: 1184M, Max CSet: 64000K, Min Garbage: 0B
[2026-04-03T02:38:23.847+0600][88.203s][info][gc,ergo     ] GC(85) Collectable Garbage: 628M (98%), Immediate: 555M (87%), CSet: 74588K (11%)
[2026-04-03T02:38:23.847+0600][88.203s][info][gc,ergo     ] GC(85) Pacer for Evacuation. Used CSet: 79282K, Free: 1182M, Non-Taxable: 118M, Alloc Tax Rate: 1.1x
[2026-04-03T02:38:23.847+0600][88.203s][info][gc          ] GC(85) Pause Final Mark (unload classes) 0.687ms
[2026-04-03T02:38:23.847+0600][88.203s][info][gc,start    ] GC(85) Concurrent thread roots
[2026-04-03T02:38:23.847+0600][88.203s][info][gc,task     ] GC(85) Using 3 of 6 workers for Concurrent thread roots
[2026-04-03T02:38:23.848+0600][88.204s][info][gc          ] GC(85) Concurrent thread roots 1.045ms
[2026-04-03T02:38:23.848+0600][88.204s][info][gc,start    ] GC(85) Concurrent weak references
[2026-04-03T02:38:23.848+0600][88.204s][info][gc,task     ] GC(85) Using 3 of 6 workers for concurrent weak references
[2026-04-03T02:38:23.849+0600][88.205s][info][gc,ref      ] GC(85) Encountered references: Soft: 3784, Weak: 14826, Final: 84, Phantom: 620
[2026-04-03T02:38:23.849+0600][88.205s][info][gc,ref      ] GC(85) Discovered  references: Soft: 0, Weak: 7832, Final: 52, Phantom: 616
[2026-04-03T02:38:23.849+0600][88.205s][info][gc,ref      ] GC(85) Enqueued    references: Soft: 0, Weak: 387, Final: 0, Phantom: 0
[2026-04-03T02:38:23.849+0600][88.205s][info][gc          ] GC(85) Concurrent weak references 1.037ms
[2026-04-03T02:38:23.849+0600][88.206s][info][gc,start    ] GC(85) Concurrent weak roots
[2026-04-03T02:38:23.849+0600][88.206s][info][gc,task     ] GC(85) Using 3 of 6 workers for concurrent weak root
[2026-04-03T02:38:23.853+0600][88.210s][info][gc          ] GC(85) Concurrent weak roots 4.160ms
[2026-04-03T02:38:23.854+0600][88.210s][info][gc,start    ] GC(85) Concurrent cleanup
[2026-04-03T02:38:23.854+0600][88.210s][info][gc          ] GC(85) Concurrent cleanup 787M->231M(1292M) 0.653ms
[2026-04-03T02:38:23.854+0600][88.210s][info][gc,ergo     ] GC(85) Free: 1181M, Max: 512K regular, 441M humongous, Frag: 63% external, 0% internal; Reserve: 76448K, Max: 512K
[2026-04-03T02:38:23.854+0600][88.210s][info][gc,start    ] GC(85) Concurrent class unloading
[2026-04-03T02:38:23.854+0600][88.210s][info][gc,task     ] GC(85) Using 3 of 6 workers for concurrent class unloading
[2026-04-03T02:38:23.870+0600][88.226s][info][gc          ] GC(85) Concurrent class unloading 15.556ms
[2026-04-03T02:38:23.870+0600][88.226s][info][gc,start    ] GC(85) Concurrent strong roots
[2026-04-03T02:38:23.870+0600][88.226s][info][gc,task     ] GC(85) Using 3 of 6 workers for concurrent strong root
[2026-04-03T02:38:23.871+0600][88.228s][info][gc          ] GC(85) Concurrent strong roots 1.494ms
[2026-04-03T02:38:23.871+0600][88.228s][info][gc,start    ] GC(85) Concurrent evacuation
[2026-04-03T02:38:23.871+0600][88.228s][info][gc,task     ] GC(85) Using 3 of 6 workers for concurrent evacuation
[2026-04-03T02:38:23.874+0600][88.230s][info][gc          ] GC(85) Concurrent evacuation 2.582ms
[2026-04-03T02:38:23.874+0600][88.231s][info][gc,start    ] GC(85) Pause Init Update Refs
[2026-04-03T02:38:23.874+0600][88.231s][info][gc,ergo     ] GC(85) Pacer for Update Refs. Used: 247M, Free: 1170M, Non-Taxable: 117M, Alloc Tax Rate: 1.1x
[2026-04-03T02:38:23.875+0600][88.231s][info][gc          ] GC(85) Pause Init Update Refs 0.145ms
[2026-04-03T02:38:23.875+0600][88.231s][info][gc,start    ] GC(85) Concurrent update references
[2026-04-03T02:38:23.875+0600][88.231s][info][gc,task     ] GC(85) Using 3 of 6 workers for concurrent reference update
[2026-04-03T02:38:23.925+0600][88.281s][info][gc          ] GC(85) Concurrent update references 49.949ms
[2026-04-03T02:38:23.925+0600][88.281s][info][gc,start    ] GC(85) Concurrent update thread roots
[2026-04-03T02:38:23.926+0600][88.282s][info][gc          ] GC(85) Concurrent update thread roots 1.288ms
[2026-04-03T02:38:23.926+0600][88.283s][info][gc,start    ] GC(85) Pause Final Update Refs
[2026-04-03T02:38:23.926+0600][88.283s][info][gc,task     ] GC(85) Using 6 of 6 workers for final reference update
[2026-04-03T02:38:23.926+0600][88.283s][info][gc          ] GC(85) Pause Final Update Refs 0.187ms
[2026-04-03T02:38:23.927+0600][88.283s][info][gc,start    ] GC(85) Concurrent cleanup
[2026-04-03T02:38:23.927+0600][88.283s][info][gc          ] GC(85) Concurrent cleanup 273M->199M(1292M) 0.250ms
[2026-04-03T02:38:23.927+0600][88.283s][info][gc,ergo     ] Free: 1208M, Max: 512K regular, 444M humongous, Frag: 64% external, 0% internal; Reserve: 76800K, Max: 512K
[2026-04-03T02:38:23.927+0600][88.283s][info][gc,stats    ] 
[2026-04-03T02:38:23.927+0600][88.283s][info][gc,stats    ] All times are wall-clock times, except per-root-class counters, that are sum over
[2026-04-03T02:38:23.927+0600][88.283s][info][gc,stats    ] all workers. Dividing the <total> over the root stage time estimates parallelism.
[2026-04-03T02:38:23.927+0600][88.283s][info][gc,stats    ] 
[2026-04-03T02:38:23.927+0600][88.283s][info][gc,stats    ] Concurrent Reset                   1048 us
[2026-04-03T02:38:23.927+0600][88.283s][info][gc,stats    ] Pause Init Mark (G)                 444 us
[2026-04-03T02:38:23.927+0600][88.283s][info][gc,stats    ] Pause Init Mark (N)                 126 us
[2026-04-03T02:38:23.927+0600][88.283s][info][gc,stats    ]   Update Region States               19 us
[2026-04-03T02:38:23.927+0600][88.283s][info][gc,stats    ] Concurrent Mark Roots              1096 us, parallelism: 1.69x
[2026-04-03T02:38:23.927+0600][88.283s][info][gc,stats    ]   CMR: <total>                     1854 us
[2026-04-03T02:38:23.927+0600][88.283s][info][gc,stats    ]   CMR: Thread Roots                1585 us, workers (us): 602, 385, 598, ---, ---, ---, 
[2026-04-03T02:38:23.927+0600][88.283s][info][gc,stats    ]   CMR: VM Strong Roots               40 us, workers (us):  23,  17,   1, ---, ---, ---, 
[2026-04-03T02:38:23.927+0600][88.283s][info][gc,stats    ]   CMR: CLDG Roots                   229 us, workers (us): ---, 229, ---, ---, ---, ---, 
[2026-04-03T02:38:23.927+0600][88.283s][info][gc,stats    ] Concurrent Marking                65319 us
[2026-04-03T02:38:23.927+0600][88.283s][info][gc,stats    ] Pause Final Mark (G)                969 us
[2026-04-03T02:38:23.927+0600][88.283s][info][gc,stats    ] Pause Final Mark (N)                703 us
[2026-04-03T02:38:23.927+0600][88.283s][info][gc,stats    ]   Finish Mark                       322 us
[2026-04-03T02:38:23.927+0600][88.283s][info][gc,stats    ]   Update Region States               40 us
[2026-04-03T02:38:23.927+0600][88.283s][info][gc,stats    ]   Choose Collection Set             160 us
[2026-04-03T02:38:23.927+0600][88.283s][info][gc,stats    ]   Rebuild Free Set                   44 us
[2026-04-03T02:38:23.927+0600][88.283s][info][gc,stats    ] Concurrent Thread Roots            1088 us, parallelism: 2.11x
[2026-04-03T02:38:23.927+0600][88.283s][info][gc,stats    ]   CTR: <total>                     2296 us
[2026-04-03T02:38:23.927+0600][88.283s][info][gc,stats    ]   CTR: Thread Roots                2296 us, workers (us): 826, 738, 732, ---, ---, ---, 
[2026-04-03T02:38:23.927+0600][88.283s][info][gc,stats    ] Concurrent Weak References         1046 us, parallelism: 0.95x
[2026-04-03T02:38:23.927+0600][88.283s][info][gc,stats    ]   CWRF: <total>                     989 us
[2026-04-03T02:38:23.927+0600][88.283s][info][gc,stats    ]   CWRF: Weak References             989 us, workers (us): 222,  38, 730, ---, ---, ---, 
[2026-04-03T02:38:23.927+0600][88.283s][info][gc,stats    ] Concurrent Weak Roots              4224 us
[2026-04-03T02:38:23.927+0600][88.283s][info][gc,stats    ]   Roots                            3800 us, parallelism: 2.72x
[2026-04-03T02:38:23.927+0600][88.284s][info][gc,stats    ]     CWR: <total>                  10336 us
[2026-04-03T02:38:23.927+0600][88.284s][info][gc,stats    ]     CWR: Code Cache Roots          7999 us, workers (us): 2538, 2717, 2743, ---, ---, ---, 
[2026-04-03T02:38:23.927+0600][88.284s][info][gc,stats    ]     CWR: VM Weak Roots             2124 us, workers (us): 721, 717, 685, ---, ---, ---, 
[2026-04-03T02:38:23.927+0600][88.284s][info][gc,stats    ]     CWR: CLDG Roots                 214 us, workers (us): 214, ---, ---, ---, ---, ---, 
[2026-04-03T02:38:23.927+0600][88.284s][info][gc,stats    ]   Rendezvous                        338 us
[2026-04-03T02:38:23.927+0600][88.284s][info][gc,stats    ] Concurrent Cleanup                  666 us
[2026-04-03T02:38:23.927+0600][88.284s][info][gc,stats    ] Concurrent Class Unloading        15677 us
[2026-04-03T02:38:23.927+0600][88.284s][info][gc,stats    ]   Unlink Stale                    14385 us
[2026-04-03T02:38:23.927+0600][88.284s][info][gc,stats    ]     System Dictionary               272 us
[2026-04-03T02:38:23.927+0600][88.284s][info][gc,stats    ]     Weak Class Links                  1 us
[2026-04-03T02:38:23.927+0600][88.284s][info][gc,stats    ]     Code Roots                    14109 us
[2026-04-03T02:38:23.927+0600][88.284s][info][gc,stats    ]   Rendezvous                        347 us
[2026-04-03T02:38:23.927+0600][88.284s][info][gc,stats    ]   Purge Unlinked                    798 us
[2026-04-03T02:38:23.927+0600][88.284s][info][gc,stats    ]     Code Roots                      780 us
[2026-04-03T02:38:23.927+0600][88.284s][info][gc,stats    ]     CLDG                             17 us
[2026-04-03T02:38:23.927+0600][88.284s][info][gc,stats    ]     Exception Caches                  0 us
[2026-04-03T02:38:23.927+0600][88.284s][info][gc,stats    ] Concurrent Strong Roots            1569 us, parallelism: 0.66x
[2026-04-03T02:38:23.927+0600][88.284s][info][gc,stats    ]   CSR: <total>                     1041 us
[2026-04-03T02:38:23.927+0600][88.284s][info][gc,stats    ]   CSR: VM Strong Roots               75 us, workers (us):  49,  26,   0, ---, ---, ---, 
[2026-04-03T02:38:23.927+0600][88.284s][info][gc,stats    ]   CSR: CLDG Roots                   966 us, workers (us): 966, ---, ---, ---, ---, ---, 
[2026-04-03T02:38:23.927+0600][88.284s][info][gc,stats    ] Concurrent Evacuation              2678 us
[2026-04-03T02:38:23.927+0600][88.284s][info][gc,stats    ] Pause Init Update Refs (G)          483 us
[2026-04-03T02:38:23.927+0600][88.284s][info][gc,stats    ] Pause Init Update Refs (N)          159 us
[2026-04-03T02:38:23.927+0600][88.284s][info][gc,stats    ]   Manage GCLABs                      30 us
[2026-04-03T02:38:23.927+0600][88.284s][info][gc,stats    ] Concurrent Update Refs            50055 us
[2026-04-03T02:38:23.928+0600][88.284s][info][gc,stats    ] Concurrent Update Thread Roots     1374 us
[2026-04-03T02:38:23.928+0600][88.284s][info][gc,stats    ] Pause Final Update Refs (G)         536 us
[2026-04-03T02:38:23.928+0600][88.284s][info][gc,stats    ] Pause Final Update Refs (N)         199 us
[2026-04-03T02:38:23.928+0600][88.284s][info][gc,stats    ]   Update Region States               46 us
[2026-04-03T02:38:23.928+0600][88.284s][info][gc,stats    ]   Trash Collection Set               10 us
[2026-04-03T02:38:23.928+0600][88.284s][info][gc,stats    ]   Rebuild Free Set                   37 us
[2026-04-03T02:38:23.928+0600][88.284s][info][gc,stats    ] Concurrent Cleanup                  276 us
[2026-04-03T02:38:23.928+0600][88.284s][info][gc,stats    ] 
[2026-04-03T02:38:23.928+0600][88.284s][info][gc,stats    ] Allocation pacing accrued:
[2026-04-03T02:38:23.928+0600][88.284s][info][gc,stats    ]       0 of   252 ms (  0.0%): <total>
[2026-04-03T02:38:23.928+0600][88.284s][info][gc,stats    ]       0 of   252 ms (  0.0%): <average total>
[2026-04-03T02:38:23.928+0600][88.284s][info][gc,stats    ] 
[2026-04-03T02:38:23.928+0600][88.284s][info][gc,metaspace] Metaspace: 131964K(133248K)->131967K(133248K) NonClass: 115380K(115968K)->115383K(115968K) Class: 16584K(17280K)->16584K(17280K)
[2026-04-03T02:38:23.928+0600][88.284s][info][gc,ergo     ] Pacer for Idle. Initial: 30720K, Alloc Tax Rate: 1.0x
[2026-04-03T02:38:24.762+0600][89.118s][info][gc          ] Trigger: Average GC time (176.87 ms) is above the time for average allocation rate (1328 MB/s) to deplete free headroom (232M) (margin of error = 1.88)
[2026-04-03T02:38:24.762+0600][89.118s][info][gc,ergo     ] Free headroom: 307M (free) - 76800K (spike) - 0B (penalties) = 232M
[2026-04-03T02:38:24.762+0600][89.118s][info][gc,ergo     ] Free: 307M, Max: 512K regular, 233M humongous, Frag: 24% external, 0% internal; Reserve: 76800K, Max: 512K
[2026-04-03T02:38:24.762+0600][89.119s][info][gc,start    ] GC(86) Concurrent reset
[2026-04-03T02:38:24.762+0600][89.119s][info][gc,task     ] GC(86) Using 3 of 6 workers for concurrent reset
[2026-04-03T02:38:24.762+0600][89.119s][info][gc,ergo     ] GC(86) Pacer for Reset. Non-Taxable: 1500M
[2026-04-03T02:38:24.763+0600][89.120s][info][gc          ] GC(86) Concurrent reset 1.031ms
[2026-04-03T02:38:24.764+0600][89.120s][info][gc,start    ] GC(86) Pause Init Mark (unload classes)
[2026-04-03T02:38:24.764+0600][89.120s][info][gc,task     ] GC(86) Using 6 of 6 workers for init marking
[2026-04-03T02:38:24.764+0600][89.120s][info][gc,ergo     ] GC(86) Pacer for Mark. Expected Live: 97969K, Free: 305M, Non-Taxable: 31273K, Alloc Tax Rate: 0.4x
[2026-04-03T02:38:24.764+0600][89.120s][info][gc          ] GC(86) Pause Init Mark (unload classes) 0.276ms
[2026-04-03T02:38:24.764+0600][89.120s][info][gc,start    ] GC(86) Concurrent marking roots
[2026-04-03T02:38:24.764+0600][89.120s][info][gc,task     ] GC(86) Using 3 of 6 workers for concurrent marking roots
[2026-04-03T02:38:24.766+0600][89.122s][info][gc          ] GC(86) Concurrent marking roots 1.666ms
[2026-04-03T02:38:24.766+0600][89.122s][info][gc,start    ] GC(86) Concurrent marking (unload classes)
[2026-04-03T02:38:24.766+0600][89.122s][info][gc,task     ] GC(86) Using 3 of 6 workers for concurrent marking
[2026-04-03T02:38:24.831+0600][89.187s][info][gc          ] GC(86) Concurrent marking (unload classes) 65.531ms
[2026-04-03T02:38:24.831+0600][89.188s][info][gc,start    ] GC(86) Pause Final Mark (unload classes)
[2026-04-03T02:38:24.831+0600][89.188s][info][gc,task     ] GC(86) Using 6 of 6 workers for final marking
[2026-04-03T02:38:24.832+0600][89.188s][info][gc,ergo     ] GC(86) Adaptive CSet Selection. Target Free: 212M, Actual Free: 1022M, Max CSet: 64000K, Min Garbage: 0B
[2026-04-03T02:38:24.832+0600][89.188s][info][gc,ergo     ] GC(86) Collectable Garbage: 920M (98%), Immediate: 690M (74%), CSet: 230M (24%)
[2026-04-03T02:38:24.832+0600][89.189s][info][gc,ergo     ] GC(86) Pacer for Evacuation. Used CSet: 236M, Free: 1042M, Non-Taxable: 104M, Alloc Tax Rate: 1.1x
[2026-04-03T02:38:24.832+0600][89.189s][info][gc          ] GC(86) Pause Final Mark (unload classes) 0.885ms
[2026-04-03T02:38:24.832+0600][89.189s][info][gc,start    ] GC(86) Concurrent thread roots
[2026-04-03T02:38:24.833+0600][89.189s][info][gc,task     ] GC(86) Using 3 of 6 workers for Concurrent thread roots
[2026-04-03T02:38:24.834+0600][89.190s][info][gc          ] GC(86) Concurrent thread roots 1.191ms
[2026-04-03T02:38:24.834+0600][89.190s][info][gc,start    ] GC(86) Concurrent weak references
[2026-04-03T02:38:24.834+0600][89.190s][info][gc,task     ] GC(86) Using 3 of 6 workers for concurrent weak references
[2026-04-03T02:38:24.835+0600][89.191s][info][gc,ref      ] GC(86) Encountered references: Soft: 3792, Weak: 15948, Final: 84, Phantom: 620
[2026-04-03T02:38:24.835+0600][89.191s][info][gc,ref      ] GC(86) Discovered  references: Soft: 0, Weak: 7090, Final: 48, Phantom: 540
[2026-04-03T02:38:24.835+0600][89.191s][info][gc,ref      ] GC(86) Enqueued    references: Soft: 0, Weak: 270, Final: 0, Phantom: 0
[2026-04-03T02:38:24.835+0600][89.191s][info][gc          ] GC(86) Concurrent weak references 0.917ms
[2026-04-03T02:38:24.835+0600][89.191s][info][gc,start    ] GC(86) Concurrent weak roots
[2026-04-03T02:38:24.835+0600][89.191s][info][gc,task     ] GC(86) Using 3 of 6 workers for concurrent weak root
[2026-04-03T02:38:24.839+0600][89.195s][info][gc          ] GC(86) Concurrent weak roots 4.221ms
[2026-04-03T02:38:24.839+0600][89.195s][info][gc,start    ] GC(86) Concurrent cleanup
[2026-04-03T02:38:24.840+0600][89.196s][info][gc          ] GC(86) Concurrent cleanup 1073M->384M(1292M) 0.870ms
[2026-04-03T02:38:24.840+0600][89.196s][info][gc,ergo     ] GC(86) Free: 1032M, Max: 512K regular, 233M humongous, Frag: 78% external, 0% internal; Reserve: 76359K, Max: 512K
[2026-04-03T02:38:24.840+0600][89.196s][info][gc,start    ] GC(86) Concurrent class unloading
[2026-04-03T02:38:24.840+0600][89.196s][info][gc,task     ] GC(86) Using 3 of 6 workers for concurrent class unloading
[2026-04-03T02:38:24.857+0600][89.213s][info][gc          ] GC(86) Concurrent class unloading 16.570ms
[2026-04-03T02:38:24.857+0600][89.213s][info][gc,start    ] GC(86) Concurrent strong roots
[2026-04-03T02:38:24.857+0600][89.213s][info][gc,task     ] GC(86) Using 3 of 6 workers for concurrent strong root
[2026-04-03T02:38:24.858+0600][89.214s][info][gc          ] GC(86) Concurrent strong roots 1.122ms
[2026-04-03T02:38:24.858+0600][89.214s][info][gc,start    ] GC(86) Concurrent evacuation
[2026-04-03T02:38:24.858+0600][89.214s][info][gc,task     ] GC(86) Using 3 of 6 workers for concurrent evacuation
[2026-04-03T02:38:24.861+0600][89.217s][info][gc          ] GC(86) Concurrent evacuation 3.357ms
[2026-04-03T02:38:24.861+0600][89.218s][info][gc,start    ] GC(86) Pause Init Update Refs
[2026-04-03T02:38:24.862+0600][89.218s][info][gc,ergo     ] GC(86) Pacer for Update Refs. Used: 406M, Free: 1014M, Non-Taxable: 101M, Alloc Tax Rate: 1.1x
[2026-04-03T02:38:24.862+0600][89.218s][info][gc          ] GC(86) Pause Init Update Refs 0.142ms
[2026-04-03T02:38:24.862+0600][89.218s][info][gc,start    ] GC(86) Concurrent update references
[2026-04-03T02:38:24.862+0600][89.218s][info][gc,task     ] GC(86) Using 3 of 6 workers for concurrent reference update
[2026-04-03T02:38:24.914+0600][89.271s][info][gc          ] GC(86) Concurrent update references 52.589ms
[2026-04-03T02:38:24.914+0600][89.271s][info][gc,start    ] GC(86) Concurrent update thread roots
[2026-04-03T02:38:24.916+0600][89.272s][info][gc          ] GC(86) Concurrent update thread roots 1.297ms
[2026-04-03T02:38:24.916+0600][89.272s][info][gc,start    ] GC(86) Pause Final Update Refs
[2026-04-03T02:38:24.916+0600][89.272s][info][gc,task     ] GC(86) Using 6 of 6 workers for final reference update
[2026-04-03T02:38:24.916+0600][89.272s][info][gc          ] GC(86) Pause Final Update Refs 0.189ms
[2026-04-03T02:38:24.916+0600][89.272s][info][gc,start    ] GC(86) Concurrent cleanup
[2026-04-03T02:38:24.917+0600][89.273s][info][gc          ] GC(86) Concurrent cleanup 443M->206M(1292M) 0.564ms
[2026-04-03T02:38:24.917+0600][89.273s][info][gc,ergo     ] Free: 1203M, Max: 512K regular, 760M humongous, Frag: 37% external, 0% internal; Reserve: 76800K, Max: 512K
[2026-04-03T02:38:24.917+0600][89.273s][info][gc,stats    ] 
[2026-04-03T02:38:24.917+0600][89.273s][info][gc,stats    ] All times are wall-clock times, except per-root-class counters, that are sum over
[2026-04-03T02:38:24.917+0600][89.273s][info][gc,stats    ] all workers. Dividing the <total> over the root stage time estimates parallelism.
[2026-04-03T02:38:24.917+0600][89.273s][info][gc,stats    ] 
[2026-04-03T02:38:24.917+0600][89.273s][info][gc,stats    ] Concurrent Reset                   1107 us
[2026-04-03T02:38:24.917+0600][89.273s][info][gc,stats    ] Pause Init Mark (G)                 588 us
[2026-04-03T02:38:24.917+0600][89.273s][info][gc,stats    ] Pause Init Mark (N)                 293 us
[2026-04-03T02:38:24.917+0600][89.273s][info][gc,stats    ]   Update Region States              101 us
[2026-04-03T02:38:24.917+0600][89.273s][info][gc,stats    ] Concurrent Mark Roots              1724 us, parallelism: 2.01x
[2026-04-03T02:38:24.917+0600][89.273s][info][gc,stats    ]   CMR: <total>                     3463 us
[2026-04-03T02:38:24.917+0600][89.273s][info][gc,stats    ]   CMR: Thread Roots                2898 us, workers (us): 661, 1124, 1114, ---, ---, ---, 
[2026-04-03T02:38:24.917+0600][89.273s][info][gc,stats    ]   CMR: VM Strong Roots              101 us, workers (us):  38,  21,  43, ---, ---, ---, 
[2026-04-03T02:38:24.917+0600][89.273s][info][gc,stats    ]   CMR: CLDG Roots                   463 us, workers (us): 463, ---, ---, ---, ---, ---, 
[2026-04-03T02:38:24.917+0600][89.273s][info][gc,stats    ] Concurrent Marking                65590 us
[2026-04-03T02:38:24.917+0600][89.273s][info][gc,stats    ] Pause Final Mark (G)               1127 us
[2026-04-03T02:38:24.917+0600][89.273s][info][gc,stats    ] Pause Final Mark (N)                896 us
[2026-04-03T02:38:24.917+0600][89.273s][info][gc,stats    ]   Finish Mark                       437 us
[2026-04-03T02:38:24.917+0600][89.273s][info][gc,stats    ]   Update Region States               42 us
[2026-04-03T02:38:24.917+0600][89.273s][info][gc,stats    ]   Choose Collection Set             243 us
[2026-04-03T02:38:24.917+0600][89.273s][info][gc,stats    ]   Rebuild Free Set                   41 us
[2026-04-03T02:38:24.917+0600][89.273s][info][gc,stats    ] Concurrent Thread Roots            1243 us, parallelism: 2.11x
[2026-04-03T02:38:24.917+0600][89.273s][info][gc,stats    ]   CTR: <total>                     2623 us
[2026-04-03T02:38:24.917+0600][89.273s][info][gc,stats    ]   CTR: Thread Roots                2623 us, workers (us): 897, 914, 812, ---, ---, ---, 
[2026-04-03T02:38:24.917+0600][89.273s][info][gc,stats    ] Concurrent Weak References          927 us, parallelism: 0.81x
[2026-04-03T02:38:24.917+0600][89.273s][info][gc,stats    ]   CWRF: <total>                     748 us
[2026-04-03T02:38:24.917+0600][89.273s][info][gc,stats    ]   CWRF: Weak References             748 us, workers (us):  62, 604,  82, ---, ---, ---, 
[2026-04-03T02:38:24.917+0600][89.273s][info][gc,stats    ] Concurrent Weak Roots              4295 us
[2026-04-03T02:38:24.917+0600][89.273s][info][gc,stats    ]   Roots                            3930 us, parallelism: 2.69x
[2026-04-03T02:38:24.917+0600][89.273s][info][gc,stats    ]     CWR: <total>                  10586 us
[2026-04-03T02:38:24.917+0600][89.273s][info][gc,stats    ]     CWR: Code Cache Roots          8121 us, workers (us): 2715, 2540, 2867, ---, ---, ---, 
[2026-04-03T02:38:24.917+0600][89.273s][info][gc,stats    ]     CWR: VM Weak Roots             2293 us, workers (us): 781, 764, 748, ---, ---, ---, 
[2026-04-03T02:38:24.917+0600][89.273s][info][gc,stats    ]     CWR: CLDG Roots                 172 us, workers (us): ---, 172, ---, ---, ---, ---, 
[2026-04-03T02:38:24.917+0600][89.273s][info][gc,stats    ]   Rendezvous                        268 us
[2026-04-03T02:38:24.917+0600][89.273s][info][gc,stats    ] Concurrent Cleanup                  941 us
[2026-04-03T02:38:24.917+0600][89.273s][info][gc,stats    ] Concurrent Class Unloading        16648 us
[2026-04-03T02:38:24.917+0600][89.273s][info][gc,stats    ]   Unlink Stale                    15180 us
[2026-04-03T02:38:24.917+0600][89.274s][info][gc,stats    ]     System Dictionary               336 us
[2026-04-03T02:38:24.917+0600][89.274s][info][gc,stats    ]     Weak Class Links                  0 us
[2026-04-03T02:38:24.917+0600][89.274s][info][gc,stats    ]     Code Roots                    14839 us
[2026-04-03T02:38:24.917+0600][89.274s][info][gc,stats    ]   Rendezvous                        376 us
[2026-04-03T02:38:24.917+0600][89.274s][info][gc,stats    ]   Purge Unlinked                    961 us
[2026-04-03T02:38:24.917+0600][89.274s][info][gc,stats    ]     Code Roots                      947 us
[2026-04-03T02:38:24.917+0600][89.274s][info][gc,stats    ]     CLDG                             13 us
[2026-04-03T02:38:24.917+0600][89.274s][info][gc,stats    ]     Exception Caches                  0 us
[2026-04-03T02:38:24.917+0600][89.274s][info][gc,stats    ] Concurrent Strong Roots            1179 us, parallelism: 0.52x
[2026-04-03T02:38:24.917+0600][89.274s][info][gc,stats    ]   CSR: <total>                      615 us
[2026-04-03T02:38:24.917+0600][89.274s][info][gc,stats    ]   CSR: VM Strong Roots               54 us, workers (us):  53,   1,   0, ---, ---, ---, 
[2026-04-03T02:38:24.917+0600][89.274s][info][gc,stats    ]   CSR: CLDG Roots                   561 us, workers (us): 561, ---, ---, ---, ---, ---, 
[2026-04-03T02:38:24.917+0600][89.274s][info][gc,stats    ] Concurrent Evacuation              3429 us
[2026-04-03T02:38:24.917+0600][89.274s][info][gc,stats    ] Pause Init Update Refs (G)          543 us
[2026-04-03T02:38:24.917+0600][89.274s][info][gc,stats    ] Pause Init Update Refs (N)          157 us
[2026-04-03T02:38:24.917+0600][89.274s][info][gc,stats    ]   Manage GCLABs                      46 us
[2026-04-03T02:38:24.917+0600][89.274s][info][gc,stats    ] Concurrent Update Refs            52673 us
[2026-04-03T02:38:24.917+0600][89.274s][info][gc,stats    ] Concurrent Update Thread Roots     1339 us
[2026-04-03T02:38:24.917+0600][89.274s][info][gc,stats    ] Pause Final Update Refs (G)         393 us
[2026-04-03T02:38:24.917+0600][89.274s][info][gc,stats    ] Pause Final Update Refs (N)         217 us
[2026-04-03T02:38:24.917+0600][89.274s][info][gc,stats    ]   Update Region States               50 us
[2026-04-03T02:38:24.917+0600][89.274s][info][gc,stats    ]   Trash Collection Set               19 us
[2026-04-03T02:38:24.917+0600][89.274s][info][gc,stats    ]   Rebuild Free Set                   38 us
[2026-04-03T02:38:24.918+0600][89.274s][info][gc,stats    ] Concurrent Cleanup                  590 us
[2026-04-03T02:38:24.918+0600][89.274s][info][gc,stats    ] Pacing                           164953 us
[2026-04-03T02:38:24.918+0600][89.274s][info][gc,stats    ] 
[2026-04-03T02:38:24.918+0600][89.274s][info][gc,stats    ] Allocation pacing accrued:
[2026-04-03T02:38:24.918+0600][89.274s][info][gc,stats    ]      19 of   990 ms (  1.9%): Executor task launch worker for task 2.0 in stage 4328.0 (TID 8095)
[2026-04-03T02:38:24.918+0600][89.274s][info][gc,stats    ]      19 of   990 ms (  2.0%): Executor task launch worker for task 5.0 in stage 4328.0 (TID 8098)
[2026-04-03T02:38:24.918+0600][89.274s][info][gc,stats    ]      21 of   990 ms (  2.2%): Executor task launch worker for task 6.0 in stage 4328.0 (TID 8099)
[2026-04-03T02:38:24.918+0600][89.274s][info][gc,stats    ]      21 of   990 ms (  2.1%): Executor task launch worker for task 1.0 in stage 4328.0 (TID 8094)
[2026-04-03T02:38:24.918+0600][89.274s][info][gc,stats    ]      21 of   990 ms (  2.1%): Executor task launch worker for task 0.0 in stage 4328.0 (TID 8093)
[2026-04-03T02:38:24.918+0600][89.274s][info][gc,stats    ]      21 of   990 ms (  2.2%): Executor task launch worker for task 4.0 in stage 4328.0 (TID 8097)
[2026-04-03T02:38:24.918+0600][89.274s][info][gc,stats    ]      21 of   990 ms (  2.2%): Executor task launch worker for task 3.0 in stage 4328.0 (TID 8096)
[2026-04-03T02:38:24.918+0600][89.274s][info][gc,stats    ]      11 of   990 ms (  1.1%): Executor task launch worker for task 7.0 in stage 4328.0 (TID 8100)
[2026-04-03T02:38:24.918+0600][89.274s][info][gc,stats    ]      10 of   990 ms (  1.0%): task-result-getter-3
[2026-04-03T02:38:24.918+0600][89.274s][info][gc,stats    ]     165 of   990 ms ( 16.7%): <total>
[2026-04-03T02:38:24.918+0600][89.274s][info][gc,stats    ]       1 of   990 ms (  0.1%): <average total>
[2026-04-03T02:38:24.918+0600][89.274s][info][gc,stats    ]      18 of   990 ms (  1.9%): <average non-zero>
[2026-04-03T02:38:24.918+0600][89.274s][info][gc,stats    ] 
[2026-04-03T02:38:24.918+0600][89.274s][info][gc,metaspace] Metaspace: 131971K(133248K)->131971K(133248K) NonClass: 115387K(115968K)->115387K(115968K) Class: 16584K(17280K)->16584K(17280K)
[2026-04-03T02:38:24.918+0600][89.274s][info][gc,ergo     ] Pacer for Idle. Initial: 30720K, Alloc Tax Rate: 1.0x
[2026-04-03T02:38:25.422+0600][89.778s][info][gc          ] Trigger: Average GC time (172.01 ms) is above the time for average allocation rate (2683 MB/s) to deplete free headroom (254M) (margin of error = 1.87)
[2026-04-03T02:38:25.422+0600][89.779s][info][gc,ergo     ] Free headroom: 329M (free) - 76800K (spike) - 0B (penalties) = 254M
[2026-04-03T02:38:25.422+0600][89.779s][info][gc,ergo     ] Free: 329M, Max: 512K regular, 227M humongous, Frag: 31% external, 0% internal; Reserve: 76800K, Max: 512K
[2026-04-03T02:38:25.422+0600][89.779s][info][gc,start    ] GC(87) Concurrent reset
[2026-04-03T02:38:25.422+0600][89.779s][info][gc,task     ] GC(87) Using 3 of 6 workers for concurrent reset
[2026-04-03T02:38:25.422+0600][89.779s][info][gc,ergo     ] GC(87) Pacer for Reset. Non-Taxable: 1500M
[2026-04-03T02:38:25.424+0600][89.780s][info][gc          ] GC(87) Concurrent reset 1.414ms
[2026-04-03T02:38:25.424+0600][89.780s][info][gc,start    ] GC(87) Pause Init Mark (unload classes)
[2026-04-03T02:38:25.424+0600][89.780s][info][gc,task     ] GC(87) Using 6 of 6 workers for init marking
[2026-04-03T02:38:25.424+0600][89.780s][info][gc,ergo     ] GC(87) Pacer for Mark. Expected Live: 98563K, Free: 325M, Non-Taxable: 33350K, Alloc Tax Rate: 0.4x
[2026-04-03T02:38:25.424+0600][89.780s][info][gc          ] GC(87) Pause Init Mark (unload classes) 0.222ms
[2026-04-03T02:38:25.424+0600][89.781s][info][gc,start    ] GC(87) Concurrent marking roots
[2026-04-03T02:38:25.424+0600][89.781s][info][gc,task     ] GC(87) Using 3 of 6 workers for concurrent marking roots
[2026-04-03T02:38:25.426+0600][89.782s][info][gc          ] GC(87) Concurrent marking roots 1.548ms
[2026-04-03T02:38:25.426+0600][89.782s][info][gc,start    ] GC(87) Concurrent marking (unload classes)
[2026-04-03T02:38:25.426+0600][89.782s][info][gc,task     ] GC(87) Using 3 of 6 workers for concurrent marking
[2026-04-03T02:38:25.480+0600][89.836s][info][gc          ] GC(87) Concurrent marking (unload classes) 54.169ms
[2026-04-03T02:38:25.481+0600][89.837s][info][gc,start    ] GC(87) Pause Final Mark (unload classes)
[2026-04-03T02:38:25.481+0600][89.837s][info][gc,task     ] GC(87) Using 6 of 6 workers for final marking
[2026-04-03T02:38:25.482+0600][89.838s][info][gc,ergo     ] GC(87) Adaptive CSet Selection. Target Free: 212M, Actual Free: 1065M, Max CSet: 64000K, Min Garbage: 0B
[2026-04-03T02:38:25.482+0600][89.838s][info][gc,ergo     ] GC(87) Collectable Garbage: 911M (99%), Immediate: 742M (80%), CSet: 168M (18%)
[2026-04-03T02:38:25.482+0600][89.838s][info][gc,ergo     ] GC(87) Pacer for Evacuation. Used CSet: 176M, Free: 1075M, Non-Taxable: 107M, Alloc Tax Rate: 1.1x
[2026-04-03T02:38:25.482+0600][89.838s][info][gc          ] GC(87) Pause Final Mark (unload classes) 0.662ms
[2026-04-03T02:38:25.482+0600][89.838s][info][gc,start    ] GC(87) Concurrent thread roots
[2026-04-03T02:38:25.482+0600][89.838s][info][gc,task     ] GC(87) Using 3 of 6 workers for Concurrent thread roots
[2026-04-03T02:38:25.483+0600][89.839s][info][gc          ] GC(87) Concurrent thread roots 1.070ms
[2026-04-03T02:38:25.483+0600][89.839s][info][gc,start    ] GC(87) Concurrent weak references
[2026-04-03T02:38:25.483+0600][89.839s][info][gc,task     ] GC(87) Using 3 of 6 workers for concurrent weak references
[2026-04-03T02:38:25.485+0600][89.841s][info][gc,ref      ] GC(87) Encountered references: Soft: 3787, Weak: 16868, Final: 84, Phantom: 620
[2026-04-03T02:38:25.485+0600][89.841s][info][gc,ref      ] GC(87) Discovered  references: Soft: 0, Weak: 10260, Final: 52, Phantom: 616
[2026-04-03T02:38:25.485+0600][89.841s][info][gc,ref      ] GC(87) Enqueued    references: Soft: 0, Weak: 2275, Final: 0, Phantom: 0
[2026-04-03T02:38:25.485+0600][89.841s][info][gc          ] GC(87) Concurrent weak references 1.816ms
[2026-04-03T02:38:25.485+0600][89.841s][info][gc,start    ] GC(87) Concurrent weak roots
[2026-04-03T02:38:25.485+0600][89.841s][info][gc,task     ] GC(87) Using 3 of 6 workers for concurrent weak root
[2026-04-03T02:38:25.496+0600][89.852s][info][gc          ] GC(87) Concurrent weak roots 11.215ms
[2026-04-03T02:38:25.496+0600][89.852s][info][gc,start    ] GC(87) Concurrent cleanup
[2026-04-03T02:38:25.497+0600][89.853s][info][gc          ] GC(87) Concurrent cleanup 1182M->440M(1296M) 0.483ms
[2026-04-03T02:38:25.497+0600][89.853s][info][gc,ergo     ] GC(87) Free: 964M, Max: 512K regular, 243M humongous, Frag: 75% external, 0% internal; Reserve: 75905K, Max: 512K
[2026-04-03T02:38:25.497+0600][89.853s][info][gc,start    ] GC(87) Concurrent class unloading
[2026-04-03T02:38:25.497+0600][89.853s][info][gc,task     ] GC(87) Using 3 of 6 workers for concurrent class unloading
[2026-04-03T02:38:25.512+0600][89.868s][info][gc          ] GC(87) Concurrent class unloading 15.091ms
[2026-04-03T02:38:25.512+0600][89.868s][info][gc,start    ] GC(87) Concurrent strong roots
[2026-04-03T02:38:25.512+0600][89.868s][info][gc,task     ] GC(87) Using 3 of 6 workers for concurrent strong root
[2026-04-03T02:38:25.513+0600][89.869s][info][gc          ] GC(87) Concurrent strong roots 1.401ms
[2026-04-03T02:38:25.513+0600][89.870s][info][gc,start    ] GC(87) Concurrent evacuation
[2026-04-03T02:38:25.513+0600][89.870s][info][gc,task     ] GC(87) Using 3 of 6 workers for concurrent evacuation
[2026-04-03T02:38:25.517+0600][89.874s][info][gc          ] GC(87) Concurrent evacuation 4.099ms
[2026-04-03T02:38:25.518+0600][89.874s][info][gc,start    ] GC(87) Pause Init Update Refs
[2026-04-03T02:38:25.518+0600][89.875s][info][gc,ergo     ] GC(87) Pacer for Update Refs. Used: 503M, Free: 902M, Non-Taxable: 92435K, Alloc Tax Rate: 1.1x
[2026-04-03T02:38:25.518+0600][89.875s][info][gc          ] GC(87) Pause Init Update Refs 0.142ms
[2026-04-03T02:38:25.519+0600][89.875s][info][gc,start    ] GC(87) Concurrent update references
[2026-04-03T02:38:25.519+0600][89.875s][info][gc,task     ] GC(87) Using 3 of 6 workers for concurrent reference update
[2026-04-03T02:38:25.567+0600][89.924s][info][gc          ] GC(87) Concurrent update references 48.895ms
[2026-04-03T02:38:25.568+0600][89.924s][info][gc,start    ] GC(87) Concurrent update thread roots
[2026-04-03T02:38:25.571+0600][89.927s][info][gc          ] GC(87) Concurrent update thread roots 2.990ms
[2026-04-03T02:38:25.571+0600][89.927s][info][gc,start    ] GC(87) Pause Final Update Refs
[2026-04-03T02:38:25.571+0600][89.927s][info][gc,task     ] GC(87) Using 6 of 6 workers for final reference update
[2026-04-03T02:38:25.571+0600][89.927s][info][gc          ] GC(87) Pause Final Update Refs 0.217ms
[2026-04-03T02:38:25.572+0600][89.928s][info][gc,start    ] GC(87) Concurrent cleanup
[2026-04-03T02:38:25.572+0600][89.928s][info][gc          ] GC(87) Concurrent cleanup 609M->434M(1296M) 0.659ms
[2026-04-03T02:38:25.572+0600][89.929s][info][gc,ergo     ] Free: 952M, Max: 512K regular, 587M humongous, Frag: 39% external, 0% internal; Reserve: 76800K, Max: 512K
[2026-04-03T02:38:25.572+0600][89.929s][info][gc,stats    ] 
[2026-04-03T02:38:25.572+0600][89.929s][info][gc,stats    ] All times are wall-clock times, except per-root-class counters, that are sum over
[2026-04-03T02:38:25.572+0600][89.929s][info][gc,stats    ] all workers. Dividing the <total> over the root stage time estimates parallelism.
[2026-04-03T02:38:25.572+0600][89.929s][info][gc,stats    ] 
[2026-04-03T02:38:25.572+0600][89.929s][info][gc,stats    ] Concurrent Reset                   1509 us
[2026-04-03T02:38:25.572+0600][89.929s][info][gc,stats    ] Pause Init Mark (G)                 445 us
[2026-04-03T02:38:25.572+0600][89.929s][info][gc,stats    ] Pause Init Mark (N)                 234 us
[2026-04-03T02:38:25.572+0600][89.929s][info][gc,stats    ]   Update Region States               71 us
[2026-04-03T02:38:25.572+0600][89.929s][info][gc,stats    ] Concurrent Mark Roots              1635 us, parallelism: 1.85x
[2026-04-03T02:38:25.572+0600][89.929s][info][gc,stats    ]   CMR: <total>                     3017 us
[2026-04-03T02:38:25.572+0600][89.929s][info][gc,stats    ]   CMR: Thread Roots                2585 us, workers (us): 996, 613, 976, ---, ---, ---, 
[2026-04-03T02:38:25.573+0600][89.929s][info][gc,stats    ]   CMR: VM Strong Roots               59 us, workers (us):  47,  11,   1, ---, ---, ---, 
[2026-04-03T02:38:25.573+0600][89.929s][info][gc,stats    ]   CMR: CLDG Roots                   374 us, workers (us): ---, 374, ---, ---, ---, ---, 
[2026-04-03T02:38:25.573+0600][89.929s][info][gc,stats    ] Concurrent Marking                54250 us
[2026-04-03T02:38:25.573+0600][89.929s][info][gc,stats    ] Pause Final Mark (G)               1619 us
[2026-04-03T02:38:25.573+0600][89.929s][info][gc,stats    ] Pause Final Mark (N)                674 us
[2026-04-03T02:38:25.573+0600][89.929s][info][gc,stats    ]   Finish Mark                       205 us
[2026-04-03T02:38:25.573+0600][89.929s][info][gc,stats    ]   Update Region States               72 us
[2026-04-03T02:38:25.573+0600][89.929s][info][gc,stats    ]   Choose Collection Set             195 us
[2026-04-03T02:38:25.573+0600][89.929s][info][gc,stats    ]   Rebuild Free Set                   45 us
[2026-04-03T02:38:25.573+0600][89.929s][info][gc,stats    ] Concurrent Thread Roots            1137 us, parallelism: 2.10x
[2026-04-03T02:38:25.573+0600][89.929s][info][gc,stats    ]   CTR: <total>                     2383 us
[2026-04-03T02:38:25.573+0600][89.929s][info][gc,stats    ]   CTR: Thread Roots                2383 us, workers (us): 799, 815, 770, ---, ---, ---, 
[2026-04-03T02:38:25.573+0600][89.929s][info][gc,stats    ] Concurrent Weak References         1833 us, parallelism: 0.99x
[2026-04-03T02:38:25.573+0600][89.929s][info][gc,stats    ]   CWRF: <total>                    1820 us
[2026-04-03T02:38:25.573+0600][89.929s][info][gc,stats    ]   CWRF: Weak References            1820 us, workers (us): 262, 1478,  80, ---, ---, ---, 
[2026-04-03T02:38:25.573+0600][89.929s][info][gc,stats    ] Concurrent Weak Roots             11294 us
[2026-04-03T02:38:25.573+0600][89.929s][info][gc,stats    ]   Roots                            6182 us, parallelism: 2.65x
[2026-04-03T02:38:25.573+0600][89.929s][info][gc,stats    ]     CWR: <total>                  16406 us
[2026-04-03T02:38:25.573+0600][89.929s][info][gc,stats    ]     CWR: Code Cache Roots         13238 us, workers (us): 4436, 4112, 4690, ---, ---, ---, 
[2026-04-03T02:38:25.573+0600][89.929s][info][gc,stats    ]     CWR: VM Weak Roots             2895 us, workers (us): 1058, 1017, 821, ---, ---, ---, 
[2026-04-03T02:38:25.573+0600][89.929s][info][gc,stats    ]     CWR: CLDG Roots                 273 us, workers (us): ---, 273, ---, ---, ---, ---, 
[2026-04-03T02:38:25.573+0600][89.929s][info][gc,stats    ]   Rendezvous                       4997 us
[2026-04-03T02:38:25.573+0600][89.929s][info][gc,stats    ] Concurrent Cleanup                  501 us
[2026-04-03T02:38:25.573+0600][89.929s][info][gc,stats    ] Concurrent Class Unloading        15184 us
[2026-04-03T02:38:25.573+0600][89.929s][info][gc,stats    ]   Unlink Stale                    13720 us
[2026-04-03T02:38:25.573+0600][89.929s][info][gc,stats    ]     System Dictionary               320 us
[2026-04-03T02:38:25.573+0600][89.929s][info][gc,stats    ]     Weak Class Links                  1 us
[2026-04-03T02:38:25.573+0600][89.929s][info][gc,stats    ]     Code Roots                    13381 us
[2026-04-03T02:38:25.573+0600][89.929s][info][gc,stats    ]   Rendezvous                        411 us
[2026-04-03T02:38:25.573+0600][89.929s][info][gc,stats    ]   Purge Unlinked                    925 us
[2026-04-03T02:38:25.573+0600][89.929s][info][gc,stats    ]     Code Roots                      911 us
[2026-04-03T02:38:25.573+0600][89.929s][info][gc,stats    ]     CLDG                             12 us
[2026-04-03T02:38:25.573+0600][89.929s][info][gc,stats    ]     Exception Caches                  0 us
[2026-04-03T02:38:25.573+0600][89.929s][info][gc,stats    ] Concurrent Strong Roots            1440 us, parallelism: 0.65x
[2026-04-03T02:38:25.573+0600][89.929s][info][gc,stats    ]   CSR: <total>                      940 us
[2026-04-03T02:38:25.573+0600][89.929s][info][gc,stats    ]   CSR: VM Strong Roots               70 us, workers (us):  58,  12,   0, ---, ---, ---, 
[2026-04-03T02:38:25.573+0600][89.929s][info][gc,stats    ]   CSR: CLDG Roots                   870 us, workers (us): 870, ---, ---, ---, ---, ---, 
[2026-04-03T02:38:25.573+0600][89.929s][info][gc,stats    ] Concurrent Evacuation              4202 us
[2026-04-03T02:38:25.573+0600][89.929s][info][gc,stats    ] Pause Init Update Refs (G)          997 us
[2026-04-03T02:38:25.573+0600][89.929s][info][gc,stats    ] Pause Init Update Refs (N)          161 us
[2026-04-03T02:38:25.573+0600][89.929s][info][gc,stats    ]   Manage GCLABs                      43 us
[2026-04-03T02:38:25.573+0600][89.929s][info][gc,stats    ] Concurrent Update Refs            49026 us
[2026-04-03T02:38:25.573+0600][89.929s][info][gc,stats    ] Concurrent Update Thread Roots     3068 us
[2026-04-03T02:38:25.573+0600][89.929s][info][gc,stats    ] Pause Final Update Refs (G)         934 us
[2026-04-03T02:38:25.573+0600][89.929s][info][gc,stats    ] Pause Final Update Refs (N)         233 us
[2026-04-03T02:38:25.573+0600][89.929s][info][gc,stats    ]   Update Region States               61 us
[2026-04-03T02:38:25.573+0600][89.929s][info][gc,stats    ]   Trash Collection Set               20 us
[2026-04-03T02:38:25.573+0600][89.929s][info][gc,stats    ]   Rebuild Free Set                   47 us
[2026-04-03T02:38:25.573+0600][89.929s][info][gc,stats    ] Concurrent Cleanup                  681 us
[2026-04-03T02:38:25.573+0600][89.929s][info][gc,stats    ] Pacing                           217848 us
[2026-04-03T02:38:25.573+0600][89.929s][info][gc,stats    ] 
[2026-04-03T02:38:25.573+0600][89.929s][info][gc,stats    ] Allocation pacing accrued:
[2026-04-03T02:38:25.573+0600][89.929s][info][gc,stats    ]      11 of   656 ms (  1.7%): dispatcher-BlockManagerMaster
[2026-04-03T02:38:25.573+0600][89.929s][info][gc,stats    ]      11 of   656 ms (  1.7%): dispatcher-BlockManagerEndpoint1
[2026-04-03T02:38:25.573+0600][89.929s][info][gc,stats    ]      35 of   656 ms (  5.4%): Executor task launch worker for task 0.0 in stage 4448.0 (TID 8163)
[2026-04-03T02:38:25.573+0600][89.929s][info][gc,stats    ]      38 of   656 ms (  5.8%): Executor task launch worker for task 1.0 in stage 4448.0 (TID 8164)
[2026-04-03T02:38:25.573+0600][89.929s][info][gc,stats    ]      33 of   656 ms (  5.1%): Executor task launch worker for task 3.0 in stage 4448.0 (TID 8166)
[2026-04-03T02:38:25.573+0600][89.929s][info][gc,stats    ]      33 of   656 ms (  5.0%): Executor task launch worker for task 2.0 in stage 4448.0 (TID 8165)
[2026-04-03T02:38:25.573+0600][89.930s][info][gc,stats    ]      11 of   656 ms (  1.7%): block-manager-storage-async-thread-pool-19
[2026-04-03T02:38:25.573+0600][89.930s][info][gc,stats    ]      22 of   656 ms (  3.4%): block-manager-storage-async-thread-pool-26
[2026-04-03T02:38:25.573+0600][89.930s][info][gc,stats    ]      22 of   656 ms (  3.4%): block-manager-storage-async-thread-pool-72
[2026-04-03T02:38:25.573+0600][89.930s][info][gc,stats    ]     218 of   656 ms ( 33.2%): <total>
[2026-04-03T02:38:25.573+0600][89.930s][info][gc,stats    ]       1 of   656 ms (  0.1%): <average total>
[2026-04-03T02:38:25.573+0600][89.930s][info][gc,stats    ]      24 of   656 ms (  3.7%): <average non-zero>
[2026-04-03T02:38:25.573+0600][89.930s][info][gc,stats    ] 
[2026-04-03T02:38:25.573+0600][89.930s][info][gc,metaspace] Metaspace: 131975K(133248K)->131976K(133248K) NonClass: 115391K(115968K)->115391K(115968K) Class: 16584K(17280K)->16584K(17280K)
[2026-04-03T02:38:25.573+0600][89.930s][info][gc,ergo     ] Pacer for Idle. Initial: 30720K, Alloc Tax Rate: 1.0x
[2026-04-03T02:38:26.283+0600][90.639s][info][gc          ] Trigger: Average GC time (165.34 ms) is above the time for average allocation rate (1206 MB/s) to deplete free headroom (198M) (margin of error = 1.89)
[2026-04-03T02:38:26.283+0600][90.639s][info][gc,ergo     ] Free headroom: 273M (free) - 76800K (spike) - 0B (penalties) = 198M
[2026-04-03T02:38:26.283+0600][90.640s][info][gc,ergo     ] Free: 273M, Max: 512K regular, 138M humongous, Frag: 50% external, 0% internal; Reserve: 76800K, Max: 512K
[2026-04-03T02:38:26.283+0600][90.640s][info][gc,start    ] GC(88) Concurrent reset
[2026-04-03T02:38:26.283+0600][90.640s][info][gc,task     ] GC(88) Using 3 of 6 workers for concurrent reset
[2026-04-03T02:38:26.283+0600][90.640s][info][gc,ergo     ] GC(88) Pacer for Reset. Non-Taxable: 1500M
[2026-04-03T02:38:26.285+0600][90.641s][info][gc          ] GC(88) Concurrent reset 1.448ms
[2026-04-03T02:38:26.285+0600][90.641s][info][gc,start    ] GC(88) Pause Init Mark (unload classes)
[2026-04-03T02:38:26.285+0600][90.641s][info][gc,task     ] GC(88) Using 6 of 6 workers for init marking
[2026-04-03T02:38:26.285+0600][90.642s][info][gc,ergo     ] GC(88) Pacer for Mark. Expected Live: 98639K, Free: 272M, Non-Taxable: 27893K, Alloc Tax Rate: 0.4x
[2026-04-03T02:38:26.285+0600][90.642s][info][gc          ] GC(88) Pause Init Mark (unload classes) 0.211ms
[2026-04-03T02:38:26.286+0600][90.642s][info][gc,start    ] GC(88) Concurrent marking roots
[2026-04-03T02:38:26.286+0600][90.642s][info][gc,task     ] GC(88) Using 3 of 6 workers for concurrent marking roots
[2026-04-03T02:38:26.288+0600][90.644s][info][gc          ] GC(88) Concurrent marking roots 2.142ms
[2026-04-03T02:38:26.288+0600][90.644s][info][gc,start    ] GC(88) Concurrent marking (unload classes)
[2026-04-03T02:38:26.288+0600][90.644s][info][gc,task     ] GC(88) Using 3 of 6 workers for concurrent marking
[2026-04-03T02:38:26.343+0600][90.700s][info][gc          ] GC(88) Concurrent marking (unload classes) 55.689ms
[2026-04-03T02:38:26.344+0600][90.700s][info][gc,start    ] GC(88) Pause Final Mark (unload classes)
[2026-04-03T02:38:26.344+0600][90.700s][info][gc,task     ] GC(88) Using 6 of 6 workers for final marking
[2026-04-03T02:38:26.344+0600][90.700s][info][gc,ergo     ] GC(88) Adaptive CSet Selection. Target Free: 212M, Actual Free: 1048M, Max CSet: 64000K, Min Garbage: 0B
[2026-04-03T02:38:26.344+0600][90.701s][info][gc,ergo     ] GC(88) Collectable Garbage: 952M (99%), Immediate: 742M (77%), CSet: 209M (21%)
[2026-04-03T02:38:26.344+0600][90.701s][info][gc,ergo     ] GC(88) Pacer for Evacuation. Used CSet: 217M, Free: 1071M, Non-Taxable: 107M, Alloc Tax Rate: 1.1x
[2026-04-03T02:38:26.344+0600][90.701s][info][gc          ] GC(88) Pause Final Mark (unload classes) 0.808ms
[2026-04-03T02:38:26.345+0600][90.701s][info][gc,start    ] GC(88) Concurrent thread roots
[2026-04-03T02:38:26.345+0600][90.701s][info][gc,task     ] GC(88) Using 3 of 6 workers for Concurrent thread roots
[2026-04-03T02:38:26.346+0600][90.702s][info][gc          ] GC(88) Concurrent thread roots 1.008ms
[2026-04-03T02:38:26.346+0600][90.702s][info][gc,start    ] GC(88) Concurrent weak references
[2026-04-03T02:38:26.346+0600][90.702s][info][gc,task     ] GC(88) Using 3 of 6 workers for concurrent weak references
[2026-04-03T02:38:26.347+0600][90.703s][info][gc,ref      ] GC(88) Encountered references: Soft: 3792, Weak: 15744, Final: 84, Phantom: 620
[2026-04-03T02:38:26.347+0600][90.703s][info][gc,ref      ] GC(88) Discovered  references: Soft: 0, Weak: 7769, Final: 52, Phantom: 220
[2026-04-03T02:38:26.347+0600][90.703s][info][gc,ref      ] GC(88) Enqueued    references: Soft: 0, Weak: 624, Final: 0, Phantom: 0
[2026-04-03T02:38:26.347+0600][90.703s][info][gc          ] GC(88) Concurrent weak references 1.046ms
[2026-04-03T02:38:26.347+0600][90.703s][info][gc,start    ] GC(88) Concurrent weak roots
[2026-04-03T02:38:26.347+0600][90.703s][info][gc,task     ] GC(88) Using 3 of 6 workers for concurrent weak root
[2026-04-03T02:38:26.354+0600][90.710s][info][gc          ] GC(88) Concurrent weak roots 6.712ms
[2026-04-03T02:38:26.354+0600][90.710s][info][gc,start    ] GC(88) Concurrent cleanup
[2026-04-03T02:38:26.354+0600][90.711s][info][gc          ] GC(88) Concurrent cleanup 1096M->354M(1296M) 0.773ms
[2026-04-03T02:38:26.355+0600][90.711s][info][gc,ergo     ] GC(88) Free: 1063M, Max: 512K regular, 228M humongous, Frag: 79% external, 0% internal; Reserve: 76180K, Max: 512K
[2026-04-03T02:38:26.355+0600][90.711s][info][gc,start    ] GC(88) Concurrent class unloading
[2026-04-03T02:38:26.355+0600][90.711s][info][gc,task     ] GC(88) Using 3 of 6 workers for concurrent class unloading
[2026-04-03T02:38:26.381+0600][90.738s][info][gc          ] GC(88) Concurrent class unloading 26.849ms
[2026-04-03T02:38:26.382+0600][90.738s][info][gc,start    ] GC(88) Concurrent strong roots
[2026-04-03T02:38:26.382+0600][90.738s][info][gc,task     ] GC(88) Using 3 of 6 workers for concurrent strong root
[2026-04-03T02:38:26.383+0600][90.739s][info][gc          ] GC(88) Concurrent strong roots 1.470ms
[2026-04-03T02:38:26.383+0600][90.739s][info][gc,start    ] GC(88) Concurrent evacuation
[2026-04-03T02:38:26.383+0600][90.739s][info][gc,task     ] GC(88) Using 3 of 6 workers for concurrent evacuation
[2026-04-03T02:38:26.388+0600][90.744s][info][gc          ] GC(88) Concurrent evacuation 4.669ms
[2026-04-03T02:38:26.388+0600][90.744s][info][gc,start    ] GC(88) Pause Init Update Refs
[2026-04-03T02:38:26.388+0600][90.744s][info][gc,ergo     ] GC(88) Pacer for Update Refs. Used: 387M, Free: 1036M, Non-Taxable: 103M, Alloc Tax Rate: 1.1x
[2026-04-03T02:38:26.388+0600][90.744s][info][gc          ] GC(88) Pause Init Update Refs 0.124ms
[2026-04-03T02:38:26.388+0600][90.744s][info][gc,start    ] GC(88) Concurrent update references
[2026-04-03T02:38:26.388+0600][90.745s][info][gc,task     ] GC(88) Using 3 of 6 workers for concurrent reference update
[2026-04-03T02:38:26.435+0600][90.791s][info][gc          ] GC(88) Concurrent update references 46.645ms
[2026-04-03T02:38:26.435+0600][90.791s][info][gc,start    ] GC(88) Concurrent update thread roots
[2026-04-03T02:38:26.436+0600][90.793s][info][gc          ] GC(88) Concurrent update thread roots 1.430ms
[2026-04-03T02:38:26.437+0600][90.793s][info][gc,start    ] GC(88) Pause Final Update Refs
[2026-04-03T02:38:26.437+0600][90.793s][info][gc,task     ] GC(88) Using 6 of 6 workers for final reference update
[2026-04-03T02:38:26.437+0600][90.793s][info][gc          ] GC(88) Pause Final Update Refs 0.271ms
[2026-04-03T02:38:26.437+0600][90.793s][info][gc,start    ] GC(88) Concurrent cleanup
[2026-04-03T02:38:26.437+0600][90.794s][info][gc          ] GC(88) Concurrent cleanup 430M->213M(1297M) 0.281ms
[2026-04-03T02:38:26.437+0600][90.794s][info][gc,ergo     ] Free: 1196M, Max: 512K regular, 603M humongous, Frag: 50% external, 0% internal; Reserve: 76800K, Max: 512K
[2026-04-03T02:38:26.437+0600][90.794s][info][gc,stats    ] 
[2026-04-03T02:38:26.438+0600][90.794s][info][gc,stats    ] All times are wall-clock times, except per-root-class counters, that are sum over
[2026-04-03T02:38:26.438+0600][90.794s][info][gc,stats    ] all workers. Dividing the <total> over the root stage time estimates parallelism.
[2026-04-03T02:38:26.438+0600][90.794s][info][gc,stats    ] 
[2026-04-03T02:38:26.438+0600][90.794s][info][gc,stats    ] Concurrent Reset                   1528 us
[2026-04-03T02:38:26.438+0600][90.794s][info][gc,stats    ] Pause Init Mark (G)                 695 us
[2026-04-03T02:38:26.438+0600][90.794s][info][gc,stats    ] Pause Init Mark (N)                 224 us
[2026-04-03T02:38:26.438+0600][90.794s][info][gc,stats    ]   Update Region States               49 us
[2026-04-03T02:38:26.438+0600][90.794s][info][gc,stats    ] Concurrent Mark Roots              2196 us, parallelism: 1.45x
[2026-04-03T02:38:26.438+0600][90.794s][info][gc,stats    ]   CMR: <total>                     3179 us
[2026-04-03T02:38:26.438+0600][90.794s][info][gc,stats    ]   CMR: Thread Roots                2680 us, workers (us): 1556, 1124,   0, ---, ---, ---, 
[2026-04-03T02:38:26.438+0600][90.794s][info][gc,stats    ]   CMR: VM Strong Roots               64 us, workers (us):  43,  21,   0, ---, ---, ---, 
[2026-04-03T02:38:26.438+0600][90.794s][info][gc,stats    ]   CMR: CLDG Roots                   435 us, workers (us): ---, 435, ---, ---, ---, ---, 
[2026-04-03T02:38:26.438+0600][90.794s][info][gc,stats    ] Concurrent Marking                55768 us
[2026-04-03T02:38:26.438+0600][90.794s][info][gc,stats    ] Pause Final Mark (G)               1107 us
[2026-04-03T02:38:26.438+0600][90.794s][info][gc,stats    ] Pause Final Mark (N)                819 us
[2026-04-03T02:38:26.438+0600][90.794s][info][gc,stats    ]   Finish Mark                       224 us
[2026-04-03T02:38:26.438+0600][90.794s][info][gc,stats    ]   Update Region States               37 us
[2026-04-03T02:38:26.438+0600][90.794s][info][gc,stats    ]   Choose Collection Set             229 us
[2026-04-03T02:38:26.438+0600][90.794s][info][gc,stats    ]   Rebuild Free Set                   36 us
[2026-04-03T02:38:26.438+0600][90.794s][info][gc,stats    ] Concurrent Thread Roots            1077 us, parallelism: 2.31x
[2026-04-03T02:38:26.438+0600][90.794s][info][gc,stats    ]   CTR: <total>                     2485 us
[2026-04-03T02:38:26.438+0600][90.794s][info][gc,stats    ]   CTR: Thread Roots                2485 us, workers (us): 851, 841, 792, ---, ---, ---, 
[2026-04-03T02:38:26.438+0600][90.794s][info][gc,stats    ] Concurrent Weak References         1060 us, parallelism: 1.00x
[2026-04-03T02:38:26.438+0600][90.794s][info][gc,stats    ]   CWRF: <total>                    1060 us
[2026-04-03T02:38:26.438+0600][90.794s][info][gc,stats    ]   CWRF: Weak References            1060 us, workers (us): 242, 819,   0, ---, ---, ---, 
[2026-04-03T02:38:26.438+0600][90.794s][info][gc,stats    ] Concurrent Weak Roots              6832 us
[2026-04-03T02:38:26.438+0600][90.794s][info][gc,stats    ]   Roots                            6255 us, parallelism: 2.80x
[2026-04-03T02:38:26.438+0600][90.794s][info][gc,stats    ]     CWR: <total>                  17519 us
[2026-04-03T02:38:26.438+0600][90.794s][info][gc,stats    ]     CWR: Code Cache Roots         13696 us, workers (us): 4010, 4805, 4882, ---, ---, ---, 
[2026-04-03T02:38:26.438+0600][90.794s][info][gc,stats    ]     CWR: VM Weak Roots             3709 us, workers (us): 1792, 962, 956, ---, ---, ---, 
[2026-04-03T02:38:26.438+0600][90.794s][info][gc,stats    ]     CWR: CLDG Roots                 113 us, workers (us): ---, 113, ---, ---, ---, ---, 
[2026-04-03T02:38:26.438+0600][90.794s][info][gc,stats    ]   Rendezvous                        420 us
[2026-04-03T02:38:26.438+0600][90.794s][info][gc,stats    ] Concurrent Cleanup                  879 us
[2026-04-03T02:38:26.438+0600][90.794s][info][gc,stats    ] Concurrent Class Unloading        26940 us
[2026-04-03T02:38:26.438+0600][90.794s][info][gc,stats    ]   Unlink Stale                    24423 us
[2026-04-03T02:38:26.438+0600][90.794s][info][gc,stats    ]     System Dictionary               377 us
[2026-04-03T02:38:26.438+0600][90.794s][info][gc,stats    ]     Weak Class Links                  1 us
[2026-04-03T02:38:26.438+0600][90.794s][info][gc,stats    ]     Code Roots                    24039 us
[2026-04-03T02:38:26.438+0600][90.794s][info][gc,stats    ]   Rendezvous                        423 us
[2026-04-03T02:38:26.438+0600][90.794s][info][gc,stats    ]   Purge Unlinked                   1955 us
[2026-04-03T02:38:26.438+0600][90.794s][info][gc,stats    ]     Code Roots                     1936 us
[2026-04-03T02:38:26.438+0600][90.794s][info][gc,stats    ]     CLDG                             17 us
[2026-04-03T02:38:26.438+0600][90.794s][info][gc,stats    ]     Exception Caches                  0 us
[2026-04-03T02:38:26.438+0600][90.794s][info][gc,stats    ] Concurrent Strong Roots            1559 us, parallelism: 0.59x
[2026-04-03T02:38:26.438+0600][90.794s][info][gc,stats    ]   CSR: <total>                      927 us
[2026-04-03T02:38:26.438+0600][90.794s][info][gc,stats    ]   CSR: VM Strong Roots               76 us, workers (us):  48,  12,  16, ---, ---, ---, 
[2026-04-03T02:38:26.438+0600][90.794s][info][gc,stats    ]   CSR: CLDG Roots                   852 us, workers (us): 852, ---, ---, ---, ---, ---, 
[2026-04-03T02:38:26.438+0600][90.794s][info][gc,stats    ] Concurrent Evacuation              4768 us
[2026-04-03T02:38:26.438+0600][90.794s][info][gc,stats    ] Pause Init Update Refs (G)          369 us
[2026-04-03T02:38:26.438+0600][90.794s][info][gc,stats    ] Pause Init Update Refs (N)          137 us
[2026-04-03T02:38:26.438+0600][90.794s][info][gc,stats    ]   Manage GCLABs                      35 us
[2026-04-03T02:38:26.438+0600][90.794s][info][gc,stats    ] Concurrent Update Refs            46749 us
[2026-04-03T02:38:26.438+0600][90.794s][info][gc,stats    ] Concurrent Update Thread Roots     1537 us
[2026-04-03T02:38:26.438+0600][90.794s][info][gc,stats    ] Pause Final Update Refs (G)         536 us
[2026-04-03T02:38:26.438+0600][90.794s][info][gc,stats    ] Pause Final Update Refs (N)         294 us
[2026-04-03T02:38:26.438+0600][90.794s][info][gc,stats    ]   Update Region States               58 us
[2026-04-03T02:38:26.438+0600][90.794s][info][gc,stats    ]   Trash Collection Set               22 us
[2026-04-03T02:38:26.438+0600][90.794s][info][gc,stats    ]   Rebuild Free Set                   49 us
[2026-04-03T02:38:26.438+0600][90.794s][info][gc,stats    ] Concurrent Cleanup                  304 us
[2026-04-03T02:38:26.438+0600][90.794s][info][gc,stats    ] Pacing                            22733 us
[2026-04-03T02:38:26.438+0600][90.794s][info][gc,stats    ] 
[2026-04-03T02:38:26.438+0600][90.794s][info][gc,stats    ] Allocation pacing accrued:
[2026-04-03T02:38:26.438+0600][90.794s][info][gc,stats    ]      23 of   865 ms (  2.6%): dispatcher-event-loop-5
[2026-04-03T02:38:26.438+0600][90.794s][info][gc,stats    ]      23 of   865 ms (  2.6%): <total>
[2026-04-03T02:38:26.438+0600][90.794s][info][gc,stats    ]       0 of   865 ms (  0.0%): <average total>
[2026-04-03T02:38:26.438+0600][90.794s][info][gc,stats    ]      23 of   865 ms (  2.6%): <average non-zero>
[2026-04-03T02:38:26.438+0600][90.794s][info][gc,stats    ] 
[2026-04-03T02:38:26.438+0600][90.794s][info][gc,metaspace] Metaspace: 131979K(133248K)->131980K(133248K) NonClass: 115395K(115968K)->115396K(115968K) Class: 16584K(17280K)->16584K(17280K)
[2026-04-03T02:38:26.438+0600][90.795s][info][gc,ergo     ] Pacer for Idle. Initial: 30720K, Alloc Tax Rate: 1.0x
[2026-04-03T02:38:27.194+0600][91.551s][info][gc          ] Trigger: Average GC time (163.11 ms) is above the time for average allocation rate (1220 MB/s) to deplete free headroom (197M) (margin of error = 1.88)
[2026-04-03T02:38:27.194+0600][91.551s][info][gc,ergo     ] Free headroom: 272M (free) - 76800K (spike) - 0B (penalties) = 197M
[2026-04-03T02:38:27.194+0600][91.551s][info][gc,ergo     ] Free: 272M, Max: 512K regular, 271M humongous, Frag: 0% external, 0% internal; Reserve: 76800K, Max: 512K
[2026-04-03T02:38:27.194+0600][91.551s][info][gc,start    ] GC(89) Concurrent reset
[2026-04-03T02:38:27.194+0600][91.551s][info][gc,task     ] GC(89) Using 3 of 6 workers for concurrent reset
[2026-04-03T02:38:27.194+0600][91.551s][info][gc,ergo     ] GC(89) Pacer for Reset. Non-Taxable: 1500M
[2026-04-03T02:38:27.196+0600][91.552s][info][gc          ] GC(89) Concurrent reset 1.123ms
[2026-04-03T02:38:27.196+0600][91.552s][info][gc,start    ] GC(89) Pause Init Mark (unload classes)
[2026-04-03T02:38:27.196+0600][91.552s][info][gc,task     ] GC(89) Using 6 of 6 workers for init marking
[2026-04-03T02:38:27.196+0600][91.552s][info][gc,ergo     ] GC(89) Pacer for Mark. Expected Live: 99006K, Free: 272M, Non-Taxable: 27871K, Alloc Tax Rate: 0.4x
[2026-04-03T02:38:27.196+0600][91.552s][info][gc          ] GC(89) Pause Init Mark (unload classes) 0.103ms
[2026-04-03T02:38:27.196+0600][91.552s][info][gc,start    ] GC(89) Concurrent marking roots
[2026-04-03T02:38:27.196+0600][91.552s][info][gc,task     ] GC(89) Using 3 of 6 workers for concurrent marking roots
[2026-04-03T02:38:27.197+0600][91.553s][info][gc          ] GC(89) Concurrent marking roots 1.132ms
[2026-04-03T02:38:27.197+0600][91.553s][info][gc,start    ] GC(89) Concurrent marking (unload classes)
[2026-04-03T02:38:27.197+0600][91.553s][info][gc,task     ] GC(89) Using 3 of 6 workers for concurrent marking
[2026-04-03T02:38:27.268+0600][91.624s][info][gc          ] GC(89) Concurrent marking (unload classes) 70.739ms
[2026-04-03T02:38:27.268+0600][91.624s][info][gc,start    ] GC(89) Pause Final Mark (unload classes)
[2026-04-03T02:38:27.268+0600][91.625s][info][gc,task     ] GC(89) Using 6 of 6 workers for final marking
[2026-04-03T02:38:27.269+0600][91.625s][info][gc,ergo     ] GC(89) Adaptive CSet Selection. Target Free: 212M, Actual Free: 1074M, Max CSet: 64000K, Min Garbage: 0B
[2026-04-03T02:38:27.269+0600][91.625s][info][gc,ergo     ] GC(89) Collectable Garbage: 964M (99%), Immediate: 775M (79%), CSet: 189M (19%)
[2026-04-03T02:38:27.269+0600][91.625s][info][gc,ergo     ] GC(89) Pacer for Evacuation. Used CSet: 197M, Free: 1084M, Non-Taxable: 108M, Alloc Tax Rate: 1.1x
[2026-04-03T02:38:27.269+0600][91.625s][info][gc          ] GC(89) Pause Final Mark (unload classes) 0.836ms
[2026-04-03T02:38:27.269+0600][91.625s][info][gc,start    ] GC(89) Concurrent thread roots
[2026-04-03T02:38:27.269+0600][91.626s][info][gc,task     ] GC(89) Using 3 of 6 workers for Concurrent thread roots
[2026-04-03T02:38:27.270+0600][91.627s][info][gc          ] GC(89) Concurrent thread roots 1.090ms
[2026-04-03T02:38:27.270+0600][91.627s][info][gc,start    ] GC(89) Concurrent weak references
[2026-04-03T02:38:27.270+0600][91.627s][info][gc,task     ] GC(89) Using 3 of 6 workers for concurrent weak references
[2026-04-03T02:38:27.271+0600][91.628s][info][gc,ref      ] GC(89) Encountered references: Soft: 3788, Weak: 16875, Final: 84, Phantom: 620
[2026-04-03T02:38:27.272+0600][91.628s][info][gc,ref      ] GC(89) Discovered  references: Soft: 0, Weak: 10427, Final: 4, Phantom: 615
[2026-04-03T02:38:27.272+0600][91.628s][info][gc,ref      ] GC(89) Enqueued    references: Soft: 0, Weak: 2216, Final: 0, Phantom: 0
[2026-04-03T02:38:27.272+0600][91.628s][info][gc          ] GC(89) Concurrent weak references 1.142ms
[2026-04-03T02:38:27.272+0600][91.628s][info][gc,start    ] GC(89) Concurrent weak roots
[2026-04-03T02:38:27.272+0600][91.628s][info][gc,task     ] GC(89) Using 3 of 6 workers for concurrent weak root
[2026-04-03T02:38:27.277+0600][91.633s][info][gc          ] GC(89) Concurrent weak roots 5.523ms
[2026-04-03T02:38:27.277+0600][91.633s][info][gc,start    ] GC(89) Concurrent cleanup
[2026-04-03T02:38:27.278+0600][91.634s][info][gc          ] GC(89) Concurrent cleanup 1123M->349M(1297M) 0.979ms
[2026-04-03T02:38:27.278+0600][91.634s][info][gc,ergo     ] GC(89) Free: 1073M, Max: 512K regular, 214M humongous, Frag: 80% external, 0% internal; Reserve: 76531K, Max: 512K
[2026-04-03T02:38:27.278+0600][91.634s][info][gc,start    ] GC(89) Concurrent class unloading
[2026-04-03T02:38:27.278+0600][91.634s][info][gc,task     ] GC(89) Using 3 of 6 workers for concurrent class unloading
[2026-04-03T02:38:27.303+0600][91.659s][info][gc          ] GC(89) Concurrent class unloading 24.869ms
[2026-04-03T02:38:27.303+0600][91.659s][info][gc,start    ] GC(89) Concurrent strong roots
[2026-04-03T02:38:27.303+0600][91.659s][info][gc,task     ] GC(89) Using 3 of 6 workers for concurrent strong root
[2026-04-03T02:38:27.305+0600][91.661s][info][gc          ] GC(89) Concurrent strong roots 1.340ms
[2026-04-03T02:38:27.305+0600][91.661s][info][gc,start    ] GC(89) Concurrent evacuation
[2026-04-03T02:38:27.305+0600][91.661s][info][gc,task     ] GC(89) Using 3 of 6 workers for concurrent evacuation
[2026-04-03T02:38:27.310+0600][91.666s][info][gc          ] GC(89) Concurrent evacuation 5.546ms
[2026-04-03T02:38:27.310+0600][91.667s][info][gc,start    ] GC(89) Pause Init Update Refs
[2026-04-03T02:38:27.311+0600][91.667s][info][gc,ergo     ] GC(89) Pacer for Update Refs. Used: 389M, Free: 1041M, Non-Taxable: 104M, Alloc Tax Rate: 1.1x
[2026-04-03T02:38:27.311+0600][91.667s][info][gc          ] GC(89) Pause Init Update Refs 0.120ms
[2026-04-03T02:38:27.311+0600][91.667s][info][gc,start    ] GC(89) Concurrent update references
[2026-04-03T02:38:27.311+0600][91.667s][info][gc,task     ] GC(89) Using 3 of 6 workers for concurrent reference update
[2026-04-03T02:38:27.369+0600][91.725s][info][gc          ] GC(89) Concurrent update references 58.081ms
[2026-04-03T02:38:27.369+0600][91.725s][info][gc,start    ] GC(89) Concurrent update thread roots
[2026-04-03T02:38:27.370+0600][91.727s][info][gc          ] GC(89) Concurrent update thread roots 1.621ms
[2026-04-03T02:38:27.371+0600][91.727s][info][gc,start    ] GC(89) Pause Final Update Refs
[2026-04-03T02:38:27.371+0600][91.727s][info][gc,task     ] GC(89) Using 6 of 6 workers for final reference update
[2026-04-03T02:38:27.371+0600][91.727s][info][gc          ] GC(89) Pause Final Update Refs 0.173ms
[2026-04-03T02:38:27.371+0600][91.727s][info][gc,start    ] GC(89) Concurrent cleanup
[2026-04-03T02:38:27.372+0600][91.728s][info][gc          ] GC(89) Concurrent cleanup 431M->235M(1297M) 0.682ms
[2026-04-03T02:38:27.372+0600][91.728s][info][gc,ergo     ] Free: 1183M, Max: 512K regular, 789M humongous, Frag: 34% external, 0% internal; Reserve: 76800K, Max: 512K
[2026-04-03T02:38:27.372+0600][91.728s][info][gc,stats    ] 
[2026-04-03T02:38:27.372+0600][91.728s][info][gc,stats    ] All times are wall-clock times, except per-root-class counters, that are sum over
[2026-04-03T02:38:27.372+0600][91.728s][info][gc,stats    ] all workers. Dividing the <total> over the root stage time estimates parallelism.
[2026-04-03T02:38:27.372+0600][91.728s][info][gc,stats    ] 
[2026-04-03T02:38:27.372+0600][91.728s][info][gc,stats    ] Concurrent Reset                   1192 us
[2026-04-03T02:38:27.372+0600][91.728s][info][gc,stats    ] Pause Init Mark (G)                 407 us
[2026-04-03T02:38:27.372+0600][91.728s][info][gc,stats    ] Pause Init Mark (N)                 111 us
[2026-04-03T02:38:27.372+0600][91.728s][info][gc,stats    ]   Update Region States               25 us
[2026-04-03T02:38:27.372+0600][91.728s][info][gc,stats    ] Concurrent Mark Roots              1222 us, parallelism: 1.74x
[2026-04-03T02:38:27.372+0600][91.728s][info][gc,stats    ]   CMR: <total>                     2128 us
[2026-04-03T02:38:27.372+0600][91.728s][info][gc,stats    ]   CMR: Thread Roots                1702 us, workers (us): 323, 688, 691, ---, ---, ---, 
[2026-04-03T02:38:27.372+0600][91.728s][info][gc,stats    ]   CMR: VM Strong Roots               61 us, workers (us):  36,  14,  11, ---, ---, ---, 
[2026-04-03T02:38:27.372+0600][91.728s][info][gc,stats    ]   CMR: CLDG Roots                   364 us, workers (us): 364, ---, ---, ---, ---, ---, 
[2026-04-03T02:38:27.372+0600][91.728s][info][gc,stats    ] Concurrent Marking                70817 us
[2026-04-03T02:38:27.372+0600][91.728s][info][gc,stats    ] Pause Final Mark (G)               1186 us
[2026-04-03T02:38:27.372+0600][91.728s][info][gc,stats    ] Pause Final Mark (N)                848 us
[2026-04-03T02:38:27.372+0600][91.728s][info][gc,stats    ]   Finish Mark                       312 us
[2026-04-03T02:38:27.372+0600][91.728s][info][gc,stats    ]   Update Region States               46 us
[2026-04-03T02:38:27.372+0600][91.728s][info][gc,stats    ]   Choose Collection Set             275 us
[2026-04-03T02:38:27.372+0600][91.728s][info][gc,stats    ]   Rebuild Free Set                   41 us
[2026-04-03T02:38:27.372+0600][91.728s][info][gc,stats    ] Concurrent Thread Roots            1157 us, parallelism: 2.42x
[2026-04-03T02:38:27.372+0600][91.728s][info][gc,stats    ]   CTR: <total>                     2805 us
[2026-04-03T02:38:27.372+0600][91.728s][info][gc,stats    ]   CTR: Thread Roots                2805 us, workers (us): 944, 943, 918, ---, ---, ---, 
[2026-04-03T02:38:27.372+0600][91.728s][info][gc,stats    ] Concurrent Weak References         1154 us, parallelism: 1.59x
[2026-04-03T02:38:27.372+0600][91.728s][info][gc,stats    ]   CWRF: <total>                    1829 us
[2026-04-03T02:38:27.372+0600][91.728s][info][gc,stats    ]   CWRF: Weak References            1829 us, workers (us): 1004, 826,   0, ---, ---, ---, 
[2026-04-03T02:38:27.372+0600][91.728s][info][gc,stats    ] Concurrent Weak Roots              5578 us
[2026-04-03T02:38:27.372+0600][91.728s][info][gc,stats    ]   Roots                            5168 us, parallelism: 2.77x
[2026-04-03T02:38:27.372+0600][91.728s][info][gc,stats    ]     CWR: <total>                  14291 us
[2026-04-03T02:38:27.372+0600][91.728s][info][gc,stats    ]     CWR: Code Cache Roots         10876 us, workers (us): 3665, 3615, 3596, ---, ---, ---, 
[2026-04-03T02:38:27.372+0600][91.729s][info][gc,stats    ]     CWR: VM Weak Roots             3212 us, workers (us): 1109, 1073, 1030, ---, ---, ---, 
[2026-04-03T02:38:27.372+0600][91.729s][info][gc,stats    ]     CWR: CLDG Roots                 203 us, workers (us): ---, ---, 203, ---, ---, ---, 
[2026-04-03T02:38:27.372+0600][91.729s][info][gc,stats    ]   Rendezvous                        327 us
[2026-04-03T02:38:27.372+0600][91.729s][info][gc,stats    ] Concurrent Cleanup                 1011 us
[2026-04-03T02:38:27.372+0600][91.729s][info][gc,stats    ] Concurrent Class Unloading        24974 us
[2026-04-03T02:38:27.372+0600][91.729s][info][gc,stats    ]   Unlink Stale                    22535 us
[2026-04-03T02:38:27.372+0600][91.729s][info][gc,stats    ]     System Dictionary               239 us
[2026-04-03T02:38:27.372+0600][91.729s][info][gc,stats    ]     Weak Class Links                  0 us
[2026-04-03T02:38:27.372+0600][91.729s][info][gc,stats    ]     Code Roots                    22292 us
[2026-04-03T02:38:27.372+0600][91.729s][info][gc,stats    ]   Rendezvous                       1083 us
[2026-04-03T02:38:27.372+0600][91.729s][info][gc,stats    ]   Purge Unlinked                   1213 us
[2026-04-03T02:38:27.372+0600][91.729s][info][gc,stats    ]     Code Roots                     1185 us
[2026-04-03T02:38:27.372+0600][91.729s][info][gc,stats    ]     CLDG                             26 us
[2026-04-03T02:38:27.372+0600][91.729s][info][gc,stats    ]     Exception Caches                  1 us
[2026-04-03T02:38:27.372+0600][91.729s][info][gc,stats    ] Concurrent Strong Roots            1385 us, parallelism: 0.65x
[2026-04-03T02:38:27.372+0600][91.729s][info][gc,stats    ]   CSR: <total>                      898 us
[2026-04-03T02:38:27.372+0600][91.729s][info][gc,stats    ]   CSR: VM Strong Roots               71 us, workers (us):  70,   1,   0, ---, ---, ---, 
[2026-04-03T02:38:27.372+0600][91.729s][info][gc,stats    ]   CSR: CLDG Roots                   826 us, workers (us): 826, ---, ---, ---, ---, ---, 
[2026-04-03T02:38:27.372+0600][91.729s][info][gc,stats    ] Concurrent Evacuation              5632 us
[2026-04-03T02:38:27.372+0600][91.729s][info][gc,stats    ] Pause Init Update Refs (G)          417 us
[2026-04-03T02:38:27.372+0600][91.729s][info][gc,stats    ] Pause Init Update Refs (N)          134 us
[2026-04-03T02:38:27.373+0600][91.729s][info][gc,stats    ]   Manage GCLABs                      41 us
[2026-04-03T02:38:27.373+0600][91.729s][info][gc,stats    ] Concurrent Update Refs            58178 us
[2026-04-03T02:38:27.373+0600][91.729s][info][gc,stats    ] Concurrent Update Thread Roots     1690 us
[2026-04-03T02:38:27.373+0600][91.729s][info][gc,stats    ] Pause Final Update Refs (G)         562 us
[2026-04-03T02:38:27.373+0600][91.729s][info][gc,stats    ] Pause Final Update Refs (N)         185 us
[2026-04-03T02:38:27.373+0600][91.729s][info][gc,stats    ]   Update Region States               53 us
[2026-04-03T02:38:27.373+0600][91.729s][info][gc,stats    ]   Trash Collection Set               19 us
[2026-04-03T02:38:27.373+0600][91.729s][info][gc,stats    ]   Rebuild Free Set                   43 us
[2026-04-03T02:38:27.373+0600][91.729s][info][gc,stats    ] Concurrent Cleanup                  720 us
[2026-04-03T02:38:27.373+0600][91.729s][info][gc,stats    ] Pacing                           216706 us
[2026-04-03T02:38:27.373+0600][91.729s][info][gc,stats    ] 
[2026-04-03T02:38:27.373+0600][91.729s][info][gc,stats    ] Allocation pacing accrued:
[2026-04-03T02:38:27.373+0600][91.729s][info][gc,stats    ]      27 of   934 ms (  2.8%): Executor task launch worker for task 6.0 in stage 4622.0 (TID 8423)
[2026-04-03T02:38:27.373+0600][91.729s][info][gc,stats    ]      28 of   934 ms (  2.9%): Executor task launch worker for task 4.0 in stage 4622.0 (TID 8421)
[2026-04-03T02:38:27.373+0600][91.729s][info][gc,stats    ]      27 of   934 ms (  2.9%): Executor task launch worker for task 5.0 in stage 4622.0 (TID 8422)
[2026-04-03T02:38:27.373+0600][91.729s][info][gc,stats    ]      26 of   934 ms (  2.7%): Executor task launch worker for task 7.0 in stage 4622.0 (TID 8424)
[2026-04-03T02:38:27.373+0600][91.729s][info][gc,stats    ]      27 of   934 ms (  2.9%): Executor task launch worker for task 1.0 in stage 4622.0 (TID 8418)
[2026-04-03T02:38:27.373+0600][91.729s][info][gc,stats    ]      28 of   934 ms (  3.0%): Executor task launch worker for task 0.0 in stage 4622.0 (TID 8417)
[2026-04-03T02:38:27.373+0600][91.729s][info][gc,stats    ]      29 of   934 ms (  3.1%): Executor task launch worker for task 3.0 in stage 4622.0 (TID 8420)
[2026-04-03T02:38:27.373+0600][91.729s][info][gc,stats    ]      26 of   934 ms (  2.8%): Executor task launch worker for task 2.0 in stage 4622.0 (TID 8419)
[2026-04-03T02:38:27.373+0600][91.729s][info][gc,stats    ]     217 of   934 ms ( 23.2%): <total>
[2026-04-03T02:38:27.373+0600][91.729s][info][gc,stats    ]       1 of   934 ms (  0.1%): <average total>
[2026-04-03T02:38:27.373+0600][91.729s][info][gc,stats    ]      27 of   934 ms (  2.9%): <average non-zero>
[2026-04-03T02:38:27.373+0600][91.729s][info][gc,stats    ] 
[2026-04-03T02:38:27.373+0600][91.729s][info][gc,metaspace] Metaspace: 131989K(133312K)->131989K(133312K) NonClass: 115403K(116032K)->115403K(116032K) Class: 16585K(17280K)->16585K(17280K)
[2026-04-03T02:38:27.373+0600][91.729s][info][gc,ergo     ] Pacer for Idle. Initial: 30720K, Alloc Tax Rate: 1.0x
[2026-04-03T02:38:28.317+0600][92.674s][info][gc          ] Cancelling GC: Stopping VM
[2026-04-03T02:38:28.318+0600][92.674s][info][gc,heap,exit] Heap
[2026-04-03T02:38:28.318+0600][92.674s][info][gc,heap,exit] Shenandoah Heap
[2026-04-03T02:38:28.318+0600][92.674s][info][gc,heap,exit]  1500M max, 1500M soft max, 1297M committed, 545M used
[2026-04-03T02:38:28.318+0600][92.674s][info][gc,heap,exit]  3000 x 512K regions
[2026-04-03T02:38:28.318+0600][92.674s][info][gc,heap,exit] Status: cancelled
[2026-04-03T02:38:28.318+0600][92.674s][info][gc,heap,exit] Reserved region:
[2026-04-03T02:38:28.318+0600][92.674s][info][gc,heap,exit]  - [0x00000000a2400000, 0x0000000100000000) 
[2026-04-03T02:38:28.318+0600][92.674s][info][gc,heap,exit] Collection set:
[2026-04-03T02:38:28.318+0600][92.674s][info][gc,heap,exit]  - map (vanilla): 0x0000000000011448
[2026-04-03T02:38:28.318+0600][92.674s][info][gc,heap,exit]  - map (biased):  0x0000000000010000
[2026-04-03T02:38:28.318+0600][92.674s][info][gc,heap,exit] 
[2026-04-03T02:38:28.318+0600][92.674s][info][gc,heap,exit]  Metaspace       used 132524K, committed 133760K, reserved 1179648K
[2026-04-03T02:38:28.318+0600][92.674s][info][gc,heap,exit]   class space    used 16687K, committed 17280K, reserved 1048576K
[2026-04-03T02:38:28.318+0600][92.674s][info][gc,stats    ] 
[2026-04-03T02:38:28.318+0600][92.674s][info][gc,stats    ] GC STATISTICS:
[2026-04-03T02:38:28.318+0600][92.674s][info][gc,stats    ]   "(G)" (gross) pauses include VM time: time to notify and block threads, do the pre-
[2026-04-03T02:38:28.318+0600][92.674s][info][gc,stats    ]         and post-safepoint housekeeping. Use -Xlog:safepoint+stats to dissect.
[2026-04-03T02:38:28.318+0600][92.674s][info][gc,stats    ]   "(N)" (net) pauses are the times spent in the actual GC code.
[2026-04-03T02:38:28.318+0600][92.674s][info][gc,stats    ]   "a" is average time for each phase, look at levels to see if average makes sense.
[2026-04-03T02:38:28.318+0600][92.674s][info][gc,stats    ]   "lvls" are quantiles: 0% (minimum), 25%, 50% (median), 75%, 100% (maximum).
[2026-04-03T02:38:28.318+0600][92.674s][info][gc,stats    ] 
[2026-04-03T02:38:28.318+0600][92.674s][info][gc,stats    ]   All times are wall-clock times, except per-root-class counters, that are sum over
[2026-04-03T02:38:28.318+0600][92.674s][info][gc,stats    ]   all workers. Dividing the <total> over the root stage time estimates parallelism.
[2026-04-03T02:38:28.318+0600][92.674s][info][gc,stats    ] 
[2026-04-03T02:38:28.318+0600][92.674s][info][gc,stats    ]   Pacing delays are measured from entering the pacing code till exiting it. Therefore,
[2026-04-03T02:38:28.318+0600][92.674s][info][gc,stats    ]   observed pacing delays may be higher than the threshold when paced thread spent more
[2026-04-03T02:38:28.318+0600][92.674s][info][gc,stats    ]   time in the pacing code. It usually happens when thread is de-scheduled while paced,
[2026-04-03T02:38:28.318+0600][92.674s][info][gc,stats    ]   OS takes longer to unblock the thread, or JVM experiences an STW pause.
[2026-04-03T02:38:28.318+0600][92.674s][info][gc,stats    ] 
[2026-04-03T02:38:28.318+0600][92.674s][info][gc,stats    ]   Higher delay would prevent application outpacing the GC, but it will hide the GC latencies
[2026-04-03T02:38:28.318+0600][92.674s][info][gc,stats    ]   from the STW pause times. Pacing affects the individual threads, and so it would also be
[2026-04-03T02:38:28.318+0600][92.674s][info][gc,stats    ]   invisible to the usual profiling tools, but would add up to end-to-end application latency.
[2026-04-03T02:38:28.318+0600][92.674s][info][gc,stats    ]   Raise max pacing delay with care.
[2026-04-03T02:38:28.318+0600][92.674s][info][gc,stats    ] 
[2026-04-03T02:38:28.318+0600][92.674s][info][gc,stats    ] Concurrent Reset               =    0.218 s (a =     2422 us) (n =    90) (lvls, us =      652,     1191,     1621,     2539,    23172)
[2026-04-03T02:38:28.318+0600][92.674s][info][gc,stats    ] Pause Init Mark (G)            =    0.062 s (a =      688 us) (n =    90) (lvls, us =      232,      410,      510,      627,     4768)
[2026-04-03T02:38:28.318+0600][92.675s][info][gc,stats    ] Pause Init Mark (N)            =    0.016 s (a =      176 us) (n =    90) (lvls, us =       67,      137,      158,      189,      860)
[2026-04-03T02:38:28.318+0600][92.675s][info][gc,stats    ]   Update Region States         =    0.004 s (a =       39 us) (n =    90) (lvls, us =       14,       28,       35,       44,      135)
[2026-04-03T02:38:28.318+0600][92.675s][info][gc,stats    ] Concurrent Mark Roots          =    0.163 s (a =     1810 us) (n =    90) (lvls, us =      664,     1270,     1699,     1973,     5112)
[2026-04-03T02:38:28.318+0600][92.675s][info][gc,stats    ]   CMR: <total>                 =    0.290 s (a =     3222 us) (n =    90) (lvls, us =     1055,     2305,     3164,     3730,     6808)
[2026-04-03T02:38:28.318+0600][92.675s][info][gc,stats    ]   CMR: Thread Roots            =    0.250 s (a =     2773 us) (n =    90) (lvls, us =      885,     1953,     2676,     3203,     6438)
[2026-04-03T02:38:28.318+0600][92.675s][info][gc,stats    ]   CMR: VM Strong Roots         =    0.007 s (a =       73 us) (n =    90) (lvls, us =       20,       45,       57,       69,      565)
[2026-04-03T02:38:28.318+0600][92.675s][info][gc,stats    ]   CMR: CLDG Roots              =    0.034 s (a =      375 us) (n =    90) (lvls, us =      139,      266,      373,      449,      864)
[2026-04-03T02:38:28.318+0600][92.675s][info][gc,stats    ] Concurrent Marking             =    5.237 s (a =    58189 us) (n =    90) (lvls, us =     9277,    49609,    59570,    66992,    89222)
[2026-04-03T02:38:28.318+0600][92.675s][info][gc,stats    ] Pause Final Mark (G)           =    0.108 s (a =     1197 us) (n =    90) (lvls, us =      701,      889,     1035,     1172,     5214)
[2026-04-03T02:38:28.318+0600][92.675s][info][gc,stats    ] Pause Final Mark (N)           =    0.067 s (a =      748 us) (n =    90) (lvls, us =      477,      639,      736,      848,     1208)
[2026-04-03T02:38:28.318+0600][92.675s][info][gc,stats    ]   Finish Mark                  =    0.025 s (a =      278 us) (n =    90) (lvls, us =      141,      211,      271,      320,      524)
[2026-04-03T02:38:28.318+0600][92.675s][info][gc,stats    ]   Update Region States         =    0.005 s (a =       53 us) (n =    90) (lvls, us =       32,       42,       49,       62,       94)
[2026-04-03T02:38:28.318+0600][92.675s][info][gc,stats    ]   Choose Collection Set        =    0.020 s (a =      226 us) (n =    90) (lvls, us =      107,      182,      227,      258,      416)
[2026-04-03T02:38:28.318+0600][92.675s][info][gc,stats    ]   Rebuild Free Set             =    0.004 s (a =       41 us) (n =    90) (lvls, us =       27,       34,       40,       44,       72)
[2026-04-03T02:38:28.318+0600][92.675s][info][gc,stats    ] Concurrent Thread Roots        =    0.118 s (a =     1310 us) (n =    90) (lvls, us =      490,     1016,     1152,     1328,     4071)
[2026-04-03T02:38:28.318+0600][92.675s][info][gc,stats    ]   CTR: <total>                 =    0.255 s (a =     2829 us) (n =    90) (lvls, us =      383,     2168,     2578,     3066,     8957)
[2026-04-03T02:38:28.318+0600][92.675s][info][gc,stats    ]   CTR: Thread Roots            =    0.255 s (a =     2829 us) (n =    90) (lvls, us =      383,     2168,     2578,     3066,     8957)
[2026-04-03T02:38:28.318+0600][92.675s][info][gc,stats    ] Concurrent Weak References     =    0.097 s (a =     1078 us) (n =    90) (lvls, us =      398,      768,     1035,     1270,     2865)
[2026-04-03T02:38:28.318+0600][92.675s][info][gc,stats    ]   CWRF: <total>                =    0.114 s (a =     1264 us) (n =    90) (lvls, us =      420,      850,     1211,     1543,     3125)
[2026-04-03T02:38:28.318+0600][92.675s][info][gc,stats    ]   CWRF: Weak References        =    0.114 s (a =     1264 us) (n =    90) (lvls, us =      420,      850,     1211,     1543,     3125)
[2026-04-03T02:38:28.318+0600][92.675s][info][gc,stats    ] Concurrent Weak Roots          =    0.558 s (a =     6205 us) (n =    90) (lvls, us =     1211,     4375,     5566,     7168,    14163)
[2026-04-03T02:38:28.318+0600][92.675s][info][gc,stats    ]   Roots                        =    0.439 s (a =     4879 us) (n =    90) (lvls, us =      996,     3867,     4824,     5781,     8136)
[2026-04-03T02:38:28.318+0600][92.675s][info][gc,stats    ]     CWR: <total>               =    1.171 s (a =    13006 us) (n =    90) (lvls, us =     2598,    10352,    12891,    15625,    21855)
[2026-04-03T02:38:28.318+0600][92.675s][info][gc,stats    ]     CWR: Code Cache Roots      =    0.895 s (a =     9943 us) (n =    90) (lvls, us =      973,     7676,     9961,    12500,    18046)
[2026-04-03T02:38:28.318+0600][92.675s][info][gc,stats    ]     CWR: VM Weak Roots         =    0.258 s (a =     2871 us) (n =    90) (lvls, us =     1621,     2285,     2773,     3242,     5373)
[2026-04-03T02:38:28.318+0600][92.675s][info][gc,stats    ]     CWR: CLDG Roots            =    0.017 s (a =      193 us) (n =    90) (lvls, us =       14,      135,      189,      238,      415)
[2026-04-03T02:38:28.318+0600][92.675s][info][gc,stats    ]   Rendezvous                   =    0.106 s (a =     1181 us) (n =    90) (lvls, us =      133,      324,      422,      650,     7888)
[2026-04-03T02:38:28.318+0600][92.675s][info][gc,stats    ] Concurrent Cleanup             =    0.072 s (a =      803 us) (n =    90) (lvls, us =      234,      650,      816,      973,     1546)
[2026-04-03T02:38:28.318+0600][92.675s][info][gc,stats    ] Concurrent Class Unloading     =    2.084 s (a =    23157 us) (n =    90) (lvls, us =     2871,    15625,    19336,    23438,    95773)
[2026-04-03T02:38:28.319+0600][92.675s][info][gc,stats    ]   Unlink Stale                 =    1.693 s (a =    18816 us) (n =    90) (lvls, us =     1641,    13672,    15625,    17773,    62988)
[2026-04-03T02:38:28.319+0600][92.675s][info][gc,stats    ]     System Dictionary          =    0.031 s (a =      346 us) (n =    90) (lvls, us =       16,      271,      307,      352,     1300)
[2026-04-03T02:38:28.319+0600][92.675s][info][gc,stats    ]     Weak Class Links           =    0.309 s (a =     3428 us) (n =    90) (lvls, us =        0,        0,        0,        1,    35511)
[2026-04-03T02:38:28.319+0600][92.675s][info][gc,stats    ]     Code Roots                 =    1.353 s (a =    15037 us) (n =    90) (lvls, us =     1621,    13086,    14844,    16797,    26887)
[2026-04-03T02:38:28.319+0600][92.675s][info][gc,stats    ]   Rendezvous                   =    0.045 s (a =      505 us) (n =    90) (lvls, us =      170,      365,      414,      480,     4171)
[2026-04-03T02:38:28.319+0600][92.675s][info][gc,stats    ]   Purge Unlinked               =    0.332 s (a =     3687 us) (n =    90) (lvls, us =      289,      982,     2031,     4355,    31411)
[2026-04-03T02:38:28.319+0600][92.675s][info][gc,stats    ]     Code Roots                 =    0.322 s (a =     3583 us) (n =    90) (lvls, us =      275,      953,     2012,     4336,    31249)
[2026-04-03T02:38:28.319+0600][92.675s][info][gc,stats    ]     CLDG                       =    0.009 s (a =      103 us) (n =    90) (lvls, us =        9,       13,       19,       30,     2722)
[2026-04-03T02:38:28.319+0600][92.675s][info][gc,stats    ]     Exception Caches           =    0.000 s (a =        1 us) (n =    90) (lvls, us =        0,        0,        0,        1,       23)
[2026-04-03T02:38:28.319+0600][92.675s][info][gc,stats    ] Concurrent Strong Roots        =    0.141 s (a =     1572 us) (n =    90) (lvls, us =      756,     1270,     1523,     1758,     3231)
[2026-04-03T02:38:28.319+0600][92.675s][info][gc,stats    ]   CSR: <total>                 =    0.095 s (a =     1060 us) (n =    90) (lvls, us =      434,      852,      986,     1172,     2799)
[2026-04-03T02:38:28.319+0600][92.675s][info][gc,stats    ]   CSR: VM Strong Roots         =    0.006 s (a =       70 us) (n =    90) (lvls, us =       20,       56,       69,       78,      202)
[2026-04-03T02:38:28.319+0600][92.675s][info][gc,stats    ]   CSR: CLDG Roots              =    0.089 s (a =      990 us) (n =    90) (lvls, us =      395,      797,      916,     1094,     2756)
[2026-04-03T02:38:28.319+0600][92.675s][info][gc,stats    ] Concurrent Evacuation          =    0.464 s (a =     5152 us) (n =    90) (lvls, us =     1445,     3066,     4199,     5508,    22710)
[2026-04-03T02:38:28.319+0600][92.675s][info][gc,stats    ] Pause Init Update Refs (G)     =    0.054 s (a =      603 us) (n =    90) (lvls, us =      213,      416,      492,      645,     2295)
[2026-04-03T02:38:28.319+0600][92.675s][info][gc,stats    ] Pause Init Update Refs (N)     =    0.014 s (a =      158 us) (n =    90) (lvls, us =       82,      127,      150,      178,      373)
[2026-04-03T02:38:28.319+0600][92.675s][info][gc,stats    ]   Manage GCLABs                =    0.004 s (a =       44 us) (n =    90) (lvls, us =        5,       32,       42,       52,      122)
[2026-04-03T02:38:28.319+0600][92.675s][info][gc,stats    ] Concurrent Update Refs         =    4.162 s (a =    46240 us) (n =    90) (lvls, us =     4219,    41797,    47656,    51953,    74304)
[2026-04-03T02:38:28.319+0600][92.675s][info][gc,stats    ] Concurrent Update Thread Roots =    0.178 s (a =     1981 us) (n =    90) (lvls, us =      832,     1465,     1855,     2031,     5895)
[2026-04-03T02:38:28.319+0600][92.675s][info][gc,stats    ] Pause Final Update Refs (G)    =    0.061 s (a =      676 us) (n =    90) (lvls, us =      291,      467,      539,      623,     3797)
[2026-04-03T02:38:28.319+0600][92.675s][info][gc,stats    ] Pause Final Update Refs (N)    =    0.022 s (a =      239 us) (n =    90) (lvls, us =      125,      207,      236,      260,      422)
[2026-04-03T02:38:28.319+0600][92.675s][info][gc,stats    ]   Update Region States         =    0.006 s (a =       64 us) (n =    90) (lvls, us =       33,       56,       61,       68,      181)
[2026-04-03T02:38:28.319+0600][92.675s][info][gc,stats    ]   Trash Collection Set         =    0.002 s (a =       19 us) (n =    90) (lvls, us =        6,       14,       20,       22,       46)
[2026-04-03T02:38:28.319+0600][92.675s][info][gc,stats    ]   Rebuild Free Set             =    0.004 s (a =       45 us) (n =    90) (lvls, us =       25,       39,       45,       49,       61)
[2026-04-03T02:38:28.319+0600][92.675s][info][gc,stats    ] Concurrent Cleanup             =    0.055 s (a =      608 us) (n =    90) (lvls, us =      256,      428,      664,      740,     1065)
[2026-04-03T02:38:28.319+0600][92.675s][info][gc,stats    ] Concurrent Uncommit            =    0.440 s (a =   146570 us) (n =     3) (lvls, us =   115234,   115234,   115234,   158203,   164016)
[2026-04-03T02:38:28.319+0600][92.675s][info][gc,stats    ] Pacing                         =    8.428 s (a =    93642 us) (n =    90) (lvls, us =        0,        0,    75000,   164062,   359873)
[2026-04-03T02:38:28.319+0600][92.675s][info][gc,stats    ] 
[2026-04-03T02:38:28.319+0600][92.675s][info][gc,stats    ] 
[2026-04-03T02:38:28.319+0600][92.675s][info][gc,stats    ] Under allocation pressure, concurrent cycles may cancel, and either continue cycle
[2026-04-03T02:38:28.319+0600][92.675s][info][gc,stats    ] under stop-the-world pause or result in stop-the-world Full GC. Increase heap size,
[2026-04-03T02:38:28.319+0600][92.675s][info][gc,stats    ] tune GC heuristics, set more aggressive pacing delay, or lower allocation rate
[2026-04-03T02:38:28.319+0600][92.675s][info][gc,stats    ] to avoid Degenerated and Full GC cycles.
[2026-04-03T02:38:28.319+0600][92.675s][info][gc,stats    ] 
[2026-04-03T02:38:28.319+0600][92.675s][info][gc,stats    ]    90 successful concurrent GCs
[2026-04-03T02:38:28.319+0600][92.675s][info][gc,stats    ]       3 invoked explicitly
[2026-04-03T02:38:28.319+0600][92.675s][info][gc,stats    ]       0 invoked implicitly
[2026-04-03T02:38:28.319+0600][92.675s][info][gc,stats    ] 
[2026-04-03T02:38:28.319+0600][92.675s][info][gc,stats    ]     0 Degenerated GCs
[2026-04-03T02:38:28.319+0600][92.675s][info][gc,stats    ]       0 caused by allocation failure
[2026-04-03T02:38:28.319+0600][92.675s][info][gc,stats    ]       0 upgraded to Full GC
[2026-04-03T02:38:28.319+0600][92.675s][info][gc,stats    ] 
[2026-04-03T02:38:28.319+0600][92.675s][info][gc,stats    ]     0 Full GCs
[2026-04-03T02:38:28.319+0600][92.675s][info][gc,stats    ]       0 invoked explicitly
[2026-04-03T02:38:28.319+0600][92.675s][info][gc,stats    ]       0 invoked implicitly
[2026-04-03T02:38:28.319+0600][92.675s][info][gc,stats    ]       0 caused by allocation failure
[2026-04-03T02:38:28.319+0600][92.675s][info][gc,stats    ]       0 upgraded from Degenerated GC
[2026-04-03T02:38:28.319+0600][92.675s][info][gc,stats    ] 
[2026-04-03T02:38:28.319+0600][92.675s][info][gc,stats    ] 
